OpenJDK 64-Bit Server VM (25.412-b1) for windows-amd64 JRE (1.8.0_412-b1), built on Apr 23 2024 12:00:37 by "Administrator" with MS VC++ 10.0 (VS2010)
Memory: 4k page, physical 16485540k(8972764k free), swap 28358524k(13248232k free)
CommandLine flags: -XX:ActiveProcessorCount=8 -XX:+G1ParallelFullGC -XX:InitialHeapSize=8589934592 -XX:MaxHeapSize=8589934592 -XX:+PrintGC -XX:+PrintGCDetails -XX:+PrintGCTimeStamps -XX:+UseCompressedClassPointers -XX:+UseCompressedOops -XX:+UseG1GC -XX:-UseLargePagesIndividualAllocation 
1.310: [GC pause (Metadata GC Threshold) (young) (initial-mark), 0.0181767 secs]
   [Parallel Time: 13.6 ms, GC Workers: 8]
      [GC Worker Start (ms): Min: 1309.8, Avg: 1309.9, Max: 1309.9, Diff: 0.1]
      [Ext Root Scanning (ms): Min: 11.9, Avg: 12.1, Max: 12.3, Diff: 0.4, Sum: 96.5]
      [Update RS (ms): Min: 0.0, Avg: 0.0, Max: 0.0, Diff: 0.0, Sum: 0.0]
         [Processed Buffers: Min: 0, Avg: 0.0, Max: 0, Diff: 0, Sum: 0]
      [Scan RS (ms): Min: 0.0, Avg: 0.0, Max: 0.0, Diff: 0.0, Sum: 0.0]
      [Code Root Scanning (ms): Min: 0.0, Avg: 0.2, Max: 0.7, Diff: 0.7, Sum: 2.0]
      [Object Copy (ms): Min: 0.2, Avg: 0.5, Max: 0.7, Diff: 0.5, Sum: 3.9]
      [Termination (ms): Min: 0.3, Avg: 0.5, Max: 0.6, Diff: 0.3, Sum: 4.0]
         [Termination Attempts: Min: 6, Avg: 16.4, Max: 28, Diff: 22, Sum: 131]
      [GC Worker Other (ms): Min: 0.0, Avg: 0.0, Max: 0.0, Diff: 0.0, Sum: 0.1]
      [GC Worker Total (ms): Min: 13.3, Avg: 13.3, Max: 13.4, Diff: 0.1, Sum: 106.6]
      [GC Worker End (ms): Min: 1323.2, Avg: 1323.2, Max: 1323.2, Diff: 0.1]
   [Code Root Fixup: 0.0 ms]
   [Code Root Purge: 0.0 ms]
   [Clear CT: 0.2 ms]
   [Other: 4.3 ms]
      [Choose CSet: 0.0 ms]
      [Ref Proc: 3.5 ms]
      [Ref Enq: 0.0 ms]
      [Redirty Cards: 0.3 ms]
      [Humongous Register: 0.0 ms]
      [Humongous Reclaim: 0.1 ms]
      [Free CSet: 0.3 ms]
   [Eden: 77824.0K(408.0M)->0.0B(388.0M) Survivors: 0.0B->20480.0K Heap: 249.2M(8192.0M)->17455.7K(8192.0M)]
 [Times: user=0.03 sys=0.00, real=0.02 secs] 
1.329: [GC concurrent-root-region-scan-start]
1.333: [GC concurrent-root-region-scan-end, 0.0039979 secs]
1.333: [GC concurrent-mark-start]
1.333: [GC concurrent-mark-end, 0.0002986 secs]
1.333: [GC remark 1.333: [Finalize Marking, 0.0000855 secs] 1.333: [GC ref-proc, 0.0000688 secs] 1.334: [Unloading, 0.0019249 secs], 0.0022892 secs]
 [Times: user=0.00 sys=0.00, real=0.00 secs] 
1.336: [GC cleanup 21553K->21553K(8192M), 0.0009675 secs]
 [Times: user=0.00 sys=0.00, real=0.00 secs] 
2.042: [GC pause (Metadata GC Threshold) (young) (initial-mark), 0.0793062 secs]
   [Parallel Time: 73.8 ms, GC Workers: 8]
      [GC Worker Start (ms): Min: 2041.9, Avg: 2041.9, Max: 2042.0, Diff: 0.1]
      [Ext Root Scanning (ms): Min: 65.2, Avg: 65.6, Max: 67.2, Diff: 2.1, Sum: 525.1]
      [Update RS (ms): Min: 0.0, Avg: 0.0, Max: 0.0, Diff: 0.0, Sum: 0.0]
         [Processed Buffers: Min: 0, Avg: 0.0, Max: 0, Diff: 0, Sum: 0]
      [Scan RS (ms): Min: 0.0, Avg: 0.0, Max: 0.0, Diff: 0.0, Sum: 0.0]
      [Code Root Scanning (ms): Min: 0.0, Avg: 0.4, Max: 1.4, Diff: 1.4, Sum: 3.3]
      [Object Copy (ms): Min: 6.3, Avg: 7.4, Max: 8.3, Diff: 2.0, Sum: 59.4]
      [Termination (ms): Min: 0.1, Avg: 0.2, Max: 0.2, Diff: 0.1, Sum: 1.2]
         [Termination Attempts: Min: 1, Avg: 1.0, Max: 1, Diff: 0, Sum: 8]
      [GC Worker Other (ms): Min: 0.0, Avg: 0.0, Max: 0.0, Diff: 0.0, Sum: 0.0]
      [GC Worker Total (ms): Min: 73.6, Avg: 73.6, Max: 73.7, Diff: 0.2, Sum: 589.1]
      [GC Worker End (ms): Min: 2115.5, Avg: 2115.6, Max: 2115.6, Diff: 0.1]
   [Code Root Fixup: 0.2 ms]
   [Code Root Purge: 0.0 ms]
   [Clear CT: 0.3 ms]
   [Other: 4.9 ms]
      [Choose CSet: 0.0 ms]
      [Ref Proc: 3.9 ms]
      [Ref Enq: 0.0 ms]
      [Redirty Cards: 0.3 ms]
      [Humongous Register: 0.0 ms]
      [Humongous Reclaim: 0.0 ms]
      [Free CSet: 0.4 ms]
   [Eden: 236.0M(388.0M)->0.0B(356.0M) Survivors: 20480.0K->53248.0K Heap: 253.0M(8192.0M)->50268.6K(8192.0M)]
 [Times: user=0.27 sys=0.06, real=0.08 secs] 
2.121: [GC concurrent-root-region-scan-start]
2.153: [GC concurrent-root-region-scan-end, 0.0314393 secs]
2.153: [GC concurrent-mark-start]
2.153: [GC concurrent-mark-end, 0.0002970 secs]
2.153: [GC remark 2.153: [Finalize Marking, 0.0007190 secs] 2.154: [GC ref-proc, 0.0001112 secs] 2.154: [Unloading, 0.0039256 secs], 0.0054303 secs]
 [Times: user=0.05 sys=0.00, real=0.00 secs] 
2.159: [GC cleanup 78292K->78292K(8192M), 0.0018491 secs]
 [Times: user=0.00 sys=0.00, real=0.00 secs] 
2.383: [GC pause (G1 Evacuation Pause) (young) (initial-mark), 0.0911120 secs]
   [Parallel Time: 88.1 ms, GC Workers: 8]
      [GC Worker Start (ms): Min: 2383.9, Avg: 2383.9, Max: 2384.0, Diff: 0.1]
      [Ext Root Scanning (ms): Min: 57.3, Avg: 57.9, Max: 59.6, Diff: 2.3, Sum: 463.2]
      [Update RS (ms): Min: 0.0, Avg: 0.0, Max: 0.0, Diff: 0.0, Sum: 0.0]
         [Processed Buffers: Min: 0, Avg: 0.0, Max: 0, Diff: 0, Sum: 0]
      [Scan RS (ms): Min: 0.0, Avg: 0.0, Max: 0.0, Diff: 0.0, Sum: 0.1]
      [Code Root Scanning (ms): Min: 0.0, Avg: 0.4, Max: 2.2, Diff: 2.2, Sum: 2.9]
      [Object Copy (ms): Min: 27.8, Avg: 29.2, Max: 30.2, Diff: 2.4, Sum: 233.9]
      [Termination (ms): Min: 0.0, Avg: 0.0, Max: 0.1, Diff: 0.1, Sum: 0.4]
         [Termination Attempts: Min: 1, Avg: 1.0, Max: 1, Diff: 0, Sum: 8]
      [GC Worker Other (ms): Min: 0.0, Avg: 0.0, Max: 0.0, Diff: 0.0, Sum: 0.0]
      [GC Worker Total (ms): Min: 87.5, Avg: 87.6, Max: 87.6, Diff: 0.1, Sum: 700.5]
      [GC Worker End (ms): Min: 2471.5, Avg: 2471.5, Max: 2471.5, Diff: 0.1]
   [Code Root Fixup: 0.2 ms]
   [Code Root Purge: 0.0 ms]
   [Clear CT: 0.1 ms]
   [Other: 2.7 ms]
      [Choose CSet: 0.0 ms]
      [Ref Proc: 1.8 ms]
      [Ref Enq: 0.0 ms]
      [Redirty Cards: 0.2 ms]
      [Humongous Register: 0.1 ms]
      [Humongous Reclaim: 0.0 ms]
      [Free CSet: 0.3 ms]
   [Eden: 356.0M(356.0M)->0.0B(368.0M) Survivors: 53248.0K->40960.0K Heap: 405.1M(8192.0M)->83030.3K(8192.0M)]
 [Times: user=0.39 sys=0.00, real=0.09 secs] 
2.474: [GC concurrent-root-region-scan-start]
2.512: [GC concurrent-root-region-scan-end, 0.0375086 secs]
2.512: [GC concurrent-mark-start]
2.601: [GC concurrent-mark-end, 0.0892822 secs]
2.601: [GC remark 2.601: [Finalize Marking, 0.0001035 secs] 2.602: [GC ref-proc, 0.0001896 secs] 2.602: [Unloading, 0.0038304 secs], 0.0043484 secs]
 [Times: user=0.00 sys=0.00, real=0.00 secs] 
2.606: [GC cleanup 442M->442M(8192M), 0.0008882 secs]
 [Times: user=0.00 sys=0.00, real=0.00 secs] 
2.610: [GC pause (G1 Evacuation Pause) (young), 0.0161492 secs]
   [Parallel Time: 15.4 ms, GC Workers: 8]
      [GC Worker Start (ms): Min: 2609.7, Avg: 2609.7, Max: 2609.8, Diff: 0.0]
      [Ext Root Scanning (ms): Min: 0.3, Avg: 0.8, Max: 4.4, Diff: 4.1, Sum: 6.5]
      [Update RS (ms): Min: 0.0, Avg: 0.8, Max: 2.5, Diff: 2.5, Sum: 6.6]
         [Processed Buffers: Min: 0, Avg: 2.4, Max: 7, Diff: 7, Sum: 19]
      [Scan RS (ms): Min: 0.2, Avg: 2.2, Max: 3.2, Diff: 3.0, Sum: 17.3]
      [Code Root Scanning (ms): Min: 0.0, Avg: 0.0, Max: 0.1, Diff: 0.1, Sum: 0.1]
      [Object Copy (ms): Min: 9.8, Avg: 11.5, Max: 14.8, Diff: 4.9, Sum: 92.1]
      [Termination (ms): Min: 0.0, Avg: 0.0, Max: 0.0, Diff: 0.0, Sum: 0.2]
         [Termination Attempts: Min: 1, Avg: 1.0, Max: 1, Diff: 0, Sum: 8]
      [GC Worker Other (ms): Min: 0.0, Avg: 0.0, Max: 0.0, Diff: 0.0, Sum: 0.0]
      [GC Worker Total (ms): Min: 15.3, Avg: 15.4, Max: 15.4, Diff: 0.0, Sum: 122.9]
      [GC Worker End (ms): Min: 2625.1, Avg: 2625.1, Max: 2625.1, Diff: 0.0]
   [Code Root Fixup: 0.0 ms]
   [Code Root Purge: 0.0 ms]
   [Clear CT: 0.1 ms]
   [Other: 0.6 ms]
      [Choose CSet: 0.0 ms]
      [Ref Proc: 0.3 ms]
      [Ref Enq: 0.0 ms]
      [Redirty Cards: 0.1 ms]
      [Humongous Register: 0.0 ms]
      [Humongous Reclaim: 0.0 ms]
      [Free CSet: 0.2 ms]
   [Eden: 368.0M(368.0M)->0.0B(392.0M) Survivors: 40960.0K->16384.0K Heap: 449.1M(8192.0M)->87717.5K(8192.0M)]
 [Times: user=0.13 sys=0.00, real=0.02 secs] 
2.919: [GC pause (G1 Evacuation Pause) (young), 0.0052956 secs]
   [Parallel Time: 4.0 ms, GC Workers: 8]
      [GC Worker Start (ms): Min: 2919.0, Avg: 2919.0, Max: 2919.0, Diff: 0.0]
      [Ext Root Scanning (ms): Min: 0.4, Avg: 0.8, Max: 2.8, Diff: 2.4, Sum: 6.1]
      [Update RS (ms): Min: 0.0, Avg: 1.7, Max: 2.4, Diff: 2.4, Sum: 13.9]
         [Processed Buffers: Min: 0, Avg: 2.9, Max: 6, Diff: 6, Sum: 23]
      [Scan RS (ms): Min: 0.7, Avg: 1.1, Max: 1.5, Diff: 0.8, Sum: 8.5]
      [Code Root Scanning (ms): Min: 0.0, Avg: 0.0, Max: 0.1, Diff: 0.1, Sum: 0.2]
      [Object Copy (ms): Min: 0.0, Avg: 0.3, Max: 0.6, Diff: 0.5, Sum: 2.2]
      [Termination (ms): Min: 0.0, Avg: 0.0, Max: 0.0, Diff: 0.0, Sum: 0.3]
         [Termination Attempts: Min: 1, Avg: 1.0, Max: 1, Diff: 0, Sum: 8]
      [GC Worker Other (ms): Min: 0.0, Avg: 0.0, Max: 0.0, Diff: 0.0, Sum: 0.0]
      [GC Worker Total (ms): Min: 3.9, Avg: 3.9, Max: 3.9, Diff: 0.0, Sum: 31.2]
      [GC Worker End (ms): Min: 2922.9, Avg: 2922.9, Max: 2922.9, Diff: 0.0]
   [Code Root Fixup: 0.0 ms]
   [Code Root Purge: 0.0 ms]
   [Clear CT: 0.1 ms]
   [Other: 1.2 ms]
      [Choose CSet: 0.0 ms]
      [Ref Proc: 0.8 ms]
      [Ref Enq: 0.0 ms]
      [Redirty Cards: 0.0 ms]
      [Humongous Register: 0.1 ms]
      [Humongous Reclaim: 0.0 ms]
      [Free CSet: 0.2 ms]
   [Eden: 392.0M(392.0M)->0.0B(388.0M) Survivors: 16384.0K->20480.0K Heap: 477.7M(8192.0M)->89765.5K(8192.0M)]
 [Times: user=0.00 sys=0.00, real=0.01 secs] 
3.171: [GC pause (G1 Evacuation Pause) (young), 0.0050562 secs]
   [Parallel Time: 3.6 ms, GC Workers: 8]
      [GC Worker Start (ms): Min: 3171.4, Avg: 3171.4, Max: 3171.5, Diff: 0.1]
      [Ext Root Scanning (ms): Min: 0.3, Avg: 0.7, Max: 3.4, Diff: 3.1, Sum: 5.8]
      [Update RS (ms): Min: 0.0, Avg: 1.2, Max: 1.9, Diff: 1.9, Sum: 10.0]
         [Processed Buffers: Min: 0, Avg: 2.6, Max: 8, Diff: 8, Sum: 21]
      [Scan RS (ms): Min: 0.0, Avg: 1.1, Max: 1.6, Diff: 1.6, Sum: 9.2]
      [Code Root Scanning (ms): Min: 0.0, Avg: 0.0, Max: 0.1, Diff: 0.1, Sum: 0.2]
      [Object Copy (ms): Min: 0.1, Avg: 0.3, Max: 0.7, Diff: 0.6, Sum: 2.4]
      [Termination (ms): Min: 0.1, Avg: 0.1, Max: 0.1, Diff: 0.0, Sum: 0.6]
         [Termination Attempts: Min: 1, Avg: 1.0, Max: 1, Diff: 0, Sum: 8]
      [GC Worker Other (ms): Min: 0.0, Avg: 0.0, Max: 0.0, Diff: 0.0, Sum: 0.0]
      [GC Worker Total (ms): Min: 3.5, Avg: 3.5, Max: 3.6, Diff: 0.1, Sum: 28.2]
      [GC Worker End (ms): Min: 3175.0, Avg: 3175.0, Max: 3175.0, Diff: 0.0]
   [Code Root Fixup: 0.0 ms]
   [Code Root Purge: 0.0 ms]
   [Clear CT: 0.2 ms]
   [Other: 1.2 ms]
      [Choose CSet: 0.0 ms]
      [Ref Proc: 0.6 ms]
      [Ref Enq: 0.0 ms]
      [Redirty Cards: 0.1 ms]
      [Humongous Register: 0.1 ms]
      [Humongous Reclaim: 0.0 ms]
      [Free CSet: 0.3 ms]
   [Eden: 388.0M(388.0M)->0.0B(2472.0M) Survivors: 20480.0K->12288.0K Heap: 475.7M(8192.0M)->82799.5K(8192.0M)]
 [Times: user=0.17 sys=0.00, real=0.01 secs] 
4.027: [GC pause (G1 Evacuation Pause) (young), 0.0072012 secs]
   [Parallel Time: 5.5 ms, GC Workers: 8]
      [GC Worker Start (ms): Min: 4026.8, Avg: 4026.8, Max: 4026.8, Diff: 0.0]
      [Ext Root Scanning (ms): Min: 0.3, Avg: 0.9, Max: 4.4, Diff: 4.1, Sum: 7.0]
      [Update RS (ms): Min: 0.0, Avg: 2.5, Max: 3.4, Diff: 3.4, Sum: 20.1]
         [Processed Buffers: Min: 0, Avg: 3.3, Max: 7, Diff: 7, Sum: 26]
      [Scan RS (ms): Min: 0.7, Avg: 1.1, Max: 1.8, Diff: 1.0, Sum: 8.5]
      [Code Root Scanning (ms): Min: 0.0, Avg: 0.1, Max: 0.3, Diff: 0.3, Sum: 1.0]
      [Object Copy (ms): Min: 0.3, Avg: 0.8, Max: 2.4, Diff: 2.1, Sum: 6.5]
      [Termination (ms): Min: 0.0, Avg: 0.0, Max: 0.1, Diff: 0.0, Sum: 0.3]
         [Termination Attempts: Min: 1, Avg: 1.9, Max: 4, Diff: 3, Sum: 15]
      [GC Worker Other (ms): Min: 0.0, Avg: 0.0, Max: 0.0, Diff: 0.0, Sum: 0.0]
      [GC Worker Total (ms): Min: 5.4, Avg: 5.4, Max: 5.5, Diff: 0.0, Sum: 43.4]
      [GC Worker End (ms): Min: 4032.2, Avg: 4032.2, Max: 4032.2, Diff: 0.0]
   [Code Root Fixup: 0.0 ms]
   [Code Root Purge: 0.0 ms]
   [Clear CT: 0.6 ms]
   [Other: 1.1 ms]
      [Choose CSet: 0.0 ms]
      [Ref Proc: 0.5 ms]
      [Ref Enq: 0.0 ms]
      [Redirty Cards: 0.0 ms]
      [Humongous Register: 0.1 ms]
      [Humongous Reclaim: 0.0 ms]
      [Free CSet: 0.4 ms]
   [Eden: 2472.0M(2472.0M)->0.0B(4900.0M) Survivors: 12288.0K->12288.0K Heap: 2552.9M(8192.0M)->82414.9K(8192.0M)]
 [Times: user=0.14 sys=0.00, real=0.01 secs] 
5.218: [GC pause (G1 Evacuation Pause) (young), 0.0084495 secs]
   [Parallel Time: 6.3 ms, GC Workers: 8]
      [GC Worker Start (ms): Min: 5217.9, Avg: 5217.9, Max: 5217.9, Diff: 0.1]
      [Ext Root Scanning (ms): Min: 0.2, Avg: 0.6, Max: 3.1, Diff: 2.9, Sum: 5.0]
      [Update RS (ms): Min: 0.0, Avg: 2.3, Max: 3.4, Diff: 3.4, Sum: 18.3]
         [Processed Buffers: Min: 0, Avg: 3.1, Max: 8, Diff: 8, Sum: 25]
      [Scan RS (ms): Min: 1.7, Avg: 2.1, Max: 2.4, Diff: 0.7, Sum: 17.0]
      [Code Root Scanning (ms): Min: 0.0, Avg: 0.1, Max: 0.4, Diff: 0.4, Sum: 0.7]
      [Object Copy (ms): Min: 0.1, Avg: 0.7, Max: 3.7, Diff: 3.7, Sum: 5.5]
      [Termination (ms): Min: 0.0, Avg: 0.4, Max: 0.4, Diff: 0.4, Sum: 2.9]
         [Termination Attempts: Min: 1, Avg: 1.0, Max: 1, Diff: 0, Sum: 8]
      [GC Worker Other (ms): Min: 0.0, Avg: 0.0, Max: 0.0, Diff: 0.0, Sum: 0.0]
      [GC Worker Total (ms): Min: 6.1, Avg: 6.2, Max: 6.2, Diff: 0.1, Sum: 49.4]
      [GC Worker End (ms): Min: 5224.0, Avg: 5224.1, Max: 5224.1, Diff: 0.1]
   [Code Root Fixup: 0.0 ms]
   [Code Root Purge: 0.0 ms]
   [Clear CT: 1.2 ms]
   [Other: 0.9 ms]
      [Choose CSet: 0.0 ms]
      [Ref Proc: 0.2 ms]
      [Ref Enq: 0.0 ms]
      [Redirty Cards: 0.0 ms]
      [Humongous Register: 0.0 ms]
      [Humongous Reclaim: 0.0 ms]
      [Free CSet: 0.5 ms]
   [Eden: 4900.0M(4900.0M)->0.0B(4896.0M) Survivors: 12288.0K->16384.0K Heap: 4980.5M(8192.0M)->85759.7K(8192.0M)]
 [Times: user=0.14 sys=0.00, real=0.01 secs] 
21.976: [GC pause (G1 Evacuation Pause) (young), 0.0567934 secs]
   [Parallel Time: 47.2 ms, GC Workers: 8]
      [GC Worker Start (ms): Min: 21976.3, Avg: 21976.3, Max: 21976.4, Diff: 0.1]
      [Ext Root Scanning (ms): Min: 0.2, Avg: 4.6, Max: 34.1, Diff: 33.9, Sum: 36.4]
      [Update RS (ms): Min: 0.0, Avg: 17.0, Max: 33.9, Diff: 33.9, Sum: 135.6]
         [Processed Buffers: Min: 0, Avg: 3.6, Max: 20, Diff: 20, Sum: 29]
      [Scan RS (ms): Min: 0.0, Avg: 6.5, Max: 22.1, Diff: 22.0, Sum: 51.9]
      [Code Root Scanning (ms): Min: 0.0, Avg: 1.8, Max: 12.1, Diff: 12.1, Sum: 14.4]
      [Object Copy (ms): Min: 12.4, Avg: 16.9, Max: 46.3, Diff: 33.9, Sum: 135.0]
      [Termination (ms): Min: 0.1, Avg: 0.2, Max: 0.3, Diff: 0.2, Sum: 1.5]
         [Termination Attempts: Min: 1, Avg: 1.1, Max: 2, Diff: 1, Sum: 9]
      [GC Worker Other (ms): Min: 0.0, Avg: 0.0, Max: 0.0, Diff: 0.0, Sum: 0.0]
      [GC Worker Total (ms): Min: 46.7, Avg: 46.9, Max: 47.0, Diff: 0.3, Sum: 374.9]
      [GC Worker End (ms): Min: 22023.1, Avg: 22023.2, Max: 22023.3, Diff: 0.2]
   [Code Root Fixup: 0.1 ms]
   [Code Root Purge: 0.1 ms]
   [Clear CT: 1.4 ms]
   [Other: 7.9 ms]
      [Choose CSet: 0.0 ms]
      [Ref Proc: 6.6 ms]
      [Ref Enq: 0.1 ms]
      [Redirty Cards: 0.4 ms]
      [Humongous Register: 0.0 ms]
      [Humongous Reclaim: 0.0 ms]
      [Free CSet: 0.7 ms]
   [Eden: 4896.0M(4896.0M)->0.0B(2016.0M) Survivors: 16384.0K->172.0M Heap: 5000.7M(8192.0M)->262.2M(8192.0M)]
 [Times: user=0.38 sys=0.00, real=0.06 secs] 
27.542: [GC pause (G1 Evacuation Pause) (young), 0.0584166 secs]
   [Parallel Time: 56.0 ms, GC Workers: 8]
      [GC Worker Start (ms): Min: 27542.0, Avg: 27542.1, Max: 27542.2, Diff: 0.2]
      [Ext Root Scanning (ms): Min: 0.2, Avg: 3.8, Max: 28.1, Diff: 27.9, Sum: 30.1]
      [Update RS (ms): Min: 0.0, Avg: 10.6, Max: 31.1, Diff: 31.1, Sum: 84.8]
         [Processed Buffers: Min: 0, Avg: 3.0, Max: 16, Diff: 16, Sum: 24]
      [Scan RS (ms): Min: 0.1, Avg: 7.7, Max: 20.4, Diff: 20.3, Sum: 62.0]
      [Code Root Scanning (ms): Min: 0.0, Avg: 1.0, Max: 3.7, Diff: 3.7, Sum: 8.4]
      [Object Copy (ms): Min: 23.5, Avg: 32.4, Max: 55.2, Diff: 31.7, Sum: 259.0]
      [Termination (ms): Min: 0.1, Avg: 0.2, Max: 0.3, Diff: 0.2, Sum: 1.2]
         [Termination Attempts: Min: 1, Avg: 1.0, Max: 1, Diff: 0, Sum: 8]
      [GC Worker Other (ms): Min: 0.0, Avg: 0.0, Max: 0.0, Diff: 0.0, Sum: 0.0]
      [GC Worker Total (ms): Min: 55.5, Avg: 55.7, Max: 55.8, Diff: 0.3, Sum: 445.6]
      [GC Worker End (ms): Min: 27597.7, Avg: 27597.8, Max: 27597.9, Diff: 0.2]
   [Code Root Fixup: 0.1 ms]
   [Code Root Purge: 0.0 ms]
   [Clear CT: 0.4 ms]
   [Other: 1.8 ms]
      [Choose CSet: 0.0 ms]
      [Ref Proc: 0.7 ms]
      [Ref Enq: 0.0 ms]
      [Redirty Cards: 0.4 ms]
      [Humongous Register: 0.0 ms]
      [Humongous Reclaim: 0.0 ms]
      [Free CSet: 0.6 ms]
   [Eden: 868.0M(868.0M)->0.0B(2168.0M) Survivors: 172.0M->61440.0K Heap: 1130.2M(8192.0M)->264.2M(8192.0M)]
 [Times: user=0.45 sys=0.05, real=0.06 secs] 
40.791: [GC pause (G1 Evacuation Pause) (young), 0.0330156 secs]
   [Parallel Time: 30.2 ms, GC Workers: 8]
      [GC Worker Start (ms): Min: 40790.7, Avg: 40790.8, Max: 40790.9, Diff: 0.2]
      [Ext Root Scanning (ms): Min: 0.2, Avg: 0.5, Max: 2.3, Diff: 2.2, Sum: 4.2]
      [Update RS (ms): Min: 12.0, Avg: 16.7, Max: 25.9, Diff: 13.9, Sum: 133.8]
         [Processed Buffers: Min: 1, Avg: 4.3, Max: 11, Diff: 10, Sum: 34]
      [Scan RS (ms): Min: 3.4, Avg: 11.9, Max: 17.1, Diff: 13.7, Sum: 94.9]
      [Code Root Scanning (ms): Min: 0.0, Avg: 0.0, Max: 0.1, Diff: 0.1, Sum: 0.3]
      [Object Copy (ms): Min: 0.1, Avg: 0.7, Max: 4.9, Diff: 4.8, Sum: 5.9]
      [Termination (ms): Min: 0.0, Avg: 0.0, Max: 0.0, Diff: 0.0, Sum: 0.2]
         [Termination Attempts: Min: 1, Avg: 1.1, Max: 2, Diff: 1, Sum: 9]
      [GC Worker Other (ms): Min: 0.0, Avg: 0.0, Max: 0.0, Diff: 0.0, Sum: 0.0]
      [GC Worker Total (ms): Min: 29.8, Avg: 29.9, Max: 30.0, Diff: 0.2, Sum: 239.3]
      [GC Worker End (ms): Min: 40820.7, Avg: 40820.7, Max: 40820.7, Diff: 0.0]
   [Code Root Fixup: 0.0 ms]
   [Code Root Purge: 0.0 ms]
   [Clear CT: 0.8 ms]
   [Other: 2.0 ms]
      [Choose CSet: 0.0 ms]
      [Ref Proc: 1.0 ms]
      [Ref Enq: 0.0 ms]
      [Redirty Cards: 0.3 ms]
      [Humongous Register: 0.0 ms]
      [Humongous Reclaim: 0.0 ms]
      [Free CSet: 0.5 ms]
   [Eden: 2168.0M(2168.0M)->0.0B(824.0M) Survivors: 61440.0K->132.0M Heap: 2432.2M(8192.0M)->337.1M(8192.0M)]
 [Times: user=0.25 sys=0.00, real=0.03 secs] 
45.756: [GC pause (G1 Evacuation Pause) (young), 0.0402952 secs]
   [Parallel Time: 38.8 ms, GC Workers: 8]
      [GC Worker Start (ms): Min: 45756.3, Avg: 45756.3, Max: 45756.4, Diff: 0.1]
      [Ext Root Scanning (ms): Min: 0.2, Avg: 0.6, Max: 2.9, Diff: 2.7, Sum: 4.8]
      [Update RS (ms): Min: 11.6, Avg: 23.3, Max: 37.8, Diff: 26.2, Sum: 186.1]
         [Processed Buffers: Min: 1, Avg: 4.8, Max: 17, Diff: 16, Sum: 38]
      [Scan RS (ms): Min: 0.0, Avg: 12.8, Max: 19.1, Diff: 19.1, Sum: 102.8]
      [Code Root Scanning (ms): Min: 0.0, Avg: 0.1, Max: 0.4, Diff: 0.4, Sum: 0.5]
      [Object Copy (ms): Min: 0.3, Avg: 1.6, Max: 7.4, Diff: 7.1, Sum: 13.1]
      [Termination (ms): Min: 0.0, Avg: 0.2, Max: 0.3, Diff: 0.2, Sum: 1.2]
         [Termination Attempts: Min: 1, Avg: 1.0, Max: 1, Diff: 0, Sum: 8]
      [GC Worker Other (ms): Min: 0.0, Avg: 0.0, Max: 0.0, Diff: 0.0, Sum: 0.0]
      [GC Worker Total (ms): Min: 38.5, Avg: 38.6, Max: 38.7, Diff: 0.2, Sum: 308.5]
      [GC Worker End (ms): Min: 45794.8, Avg: 45794.9, Max: 45795.0, Diff: 0.2]
   [Code Root Fixup: 0.0 ms]
   [Code Root Purge: 0.0 ms]
   [Clear CT: 0.3 ms]
   [Other: 1.2 ms]
      [Choose CSet: 0.0 ms]
      [Ref Proc: 0.5 ms]
      [Ref Enq: 0.0 ms]
      [Redirty Cards: 0.2 ms]
      [Humongous Register: 0.0 ms]
      [Humongous Reclaim: 0.0 ms]
      [Free CSet: 0.4 ms]
   [Eden: 824.0M(824.0M)->0.0B(3728.0M) Survivors: 132.0M->45056.0K Heap: 1161.1M(8192.0M)->372.0M(8192.0M)]
 [Times: user=0.22 sys=0.02, real=0.04 secs] 
62.046: [GC pause (G1 Evacuation Pause) (young), 0.0341596 secs]
   [Parallel Time: 31.1 ms, GC Workers: 8]
      [GC Worker Start (ms): Min: 62046.1, Avg: 62046.2, Max: 62046.2, Diff: 0.1]
      [Ext Root Scanning (ms): Min: 0.2, Avg: 0.6, Max: 2.3, Diff: 2.1, Sum: 4.5]
      [Update RS (ms): Min: 9.0, Avg: 12.6, Max: 22.8, Diff: 13.8, Sum: 100.5]
         [Processed Buffers: Min: 2, Avg: 4.1, Max: 10, Diff: 8, Sum: 33]
      [Scan RS (ms): Min: 7.1, Avg: 17.0, Max: 19.0, Diff: 11.9, Sum: 136.3]
      [Code Root Scanning (ms): Min: 0.0, Avg: 0.0, Max: 0.0, Diff: 0.0, Sum: 0.2]
      [Object Copy (ms): Min: 0.3, Avg: 0.4, Max: 0.5, Diff: 0.2, Sum: 3.2]
      [Termination (ms): Min: 0.1, Avg: 0.2, Max: 0.3, Diff: 0.2, Sum: 1.8]
         [Termination Attempts: Min: 1, Avg: 1.0, Max: 1, Diff: 0, Sum: 8]
      [GC Worker Other (ms): Min: 0.0, Avg: 0.0, Max: 0.0, Diff: 0.0, Sum: 0.0]
      [GC Worker Total (ms): Min: 30.8, Avg: 30.8, Max: 31.0, Diff: 0.2, Sum: 246.6]
      [GC Worker End (ms): Min: 62076.9, Avg: 62077.0, Max: 62077.1, Diff: 0.2]
   [Code Root Fixup: 0.0 ms]
   [Code Root Purge: 0.0 ms]
   [Clear CT: 0.8 ms]
   [Other: 2.2 ms]
      [Choose CSet: 0.0 ms]
      [Ref Proc: 0.9 ms]
      [Ref Enq: 0.0 ms]
      [Redirty Cards: 0.3 ms]
      [Humongous Register: 0.1 ms]
      [Humongous Reclaim: 0.0 ms]
      [Free CSet: 0.6 ms]
   [Eden: 2620.0M(2580.0M)->0.0B(3304.0M) Survivors: 45056.0K->128.0M Heap: 2992.0M(8192.0M)->458.0M(8192.0M)]
 [Times: user=0.25 sys=0.00, real=0.03 secs] 
82.595: [GC pause (G1 Evacuation Pause) (young), 0.0594737 secs]
   [Parallel Time: 56.0 ms, GC Workers: 8]
      [GC Worker Start (ms): Min: 82595.3, Avg: 82595.4, Max: 82595.5, Diff: 0.1]
      [Ext Root Scanning (ms): Min: 0.2, Avg: 0.6, Max: 2.4, Diff: 2.2, Sum: 4.5]
      [Update RS (ms): Min: 21.5, Avg: 34.7, Max: 55.1, Diff: 33.6, Sum: 277.3]
         [Processed Buffers: Min: 2, Avg: 4.5, Max: 13, Diff: 11, Sum: 36]
      [Scan RS (ms): Min: 0.0, Avg: 19.1, Max: 30.7, Diff: 30.6, Sum: 153.0]
      [Code Root Scanning (ms): Min: 0.0, Avg: 0.0, Max: 0.1, Diff: 0.1, Sum: 0.3]
      [Object Copy (ms): Min: 0.1, Avg: 1.1, Max: 3.8, Diff: 3.7, Sum: 8.9]
      [Termination (ms): Min: 0.1, Avg: 0.2, Max: 0.4, Diff: 0.3, Sum: 2.0]
         [Termination Attempts: Min: 1, Avg: 2.1, Max: 5, Diff: 4, Sum: 17]
      [GC Worker Other (ms): Min: 0.0, Avg: 0.0, Max: 0.0, Diff: 0.0, Sum: 0.1]
      [GC Worker Total (ms): Min: 55.6, Avg: 55.7, Max: 55.8, Diff: 0.2, Sum: 446.0]
      [GC Worker End (ms): Min: 82651.1, Avg: 82651.1, Max: 82651.3, Diff: 0.2]
   [Code Root Fixup: 0.0 ms]
   [Code Root Purge: 0.0 ms]
   [Clear CT: 1.0 ms]
   [Other: 2.5 ms]
      [Choose CSet: 0.0 ms]
      [Ref Proc: 1.2 ms]
      [Ref Enq: 0.0 ms]
      [Redirty Cards: 0.5 ms]
      [Humongous Register: 0.0 ms]
      [Humongous Reclaim: 0.0 ms]
      [Free CSet: 0.6 ms]
   [Eden: 3304.0M(3304.0M)->0.0B(3744.0M) Survivors: 128.0M->224.0M Heap: 3762.0M(8192.0M)->554.0M(8192.0M)]
 [Times: user=0.50 sys=0.00, real=0.06 secs] 
105.138: [GC pause (G1 Evacuation Pause) (young), 0.0791440 secs]
   [Parallel Time: 76.0 ms, GC Workers: 8]
      [GC Worker Start (ms): Min: 105137.6, Avg: 105137.7, Max: 105137.7, Diff: 0.1]
      [Ext Root Scanning (ms): Min: 0.2, Avg: 0.5, Max: 1.9, Diff: 1.7, Sum: 3.9]
      [Update RS (ms): Min: 43.4, Avg: 55.4, Max: 75.0, Diff: 31.6, Sum: 443.1]
         [Processed Buffers: Min: 1, Avg: 4.0, Max: 15, Diff: 14, Sum: 32]
      [Scan RS (ms): Min: 0.0, Avg: 17.2, Max: 28.6, Diff: 28.6, Sum: 137.5]
      [Code Root Scanning (ms): Min: 0.0, Avg: 0.0, Max: 0.1, Diff: 0.1, Sum: 0.2]
      [Object Copy (ms): Min: 0.3, Avg: 2.5, Max: 3.2, Diff: 3.0, Sum: 19.9]
      [Termination (ms): Min: 0.0, Avg: 0.1, Max: 0.3, Diff: 0.2, Sum: 1.2]
         [Termination Attempts: Min: 1, Avg: 1.0, Max: 1, Diff: 0, Sum: 8]
      [GC Worker Other (ms): Min: 0.0, Avg: 0.0, Max: 0.0, Diff: 0.0, Sum: 0.0]
      [GC Worker Total (ms): Min: 75.6, Avg: 75.7, Max: 75.9, Diff: 0.3, Sum: 605.9]
      [GC Worker End (ms): Min: 105213.3, Avg: 105213.4, Max: 105213.5, Diff: 0.2]
   [Code Root Fixup: 0.0 ms]
   [Code Root Purge: 0.0 ms]
   [Clear CT: 1.0 ms]
   [Other: 2.2 ms]
      [Choose CSet: 0.0 ms]
      [Ref Proc: 1.1 ms]
      [Ref Enq: 0.0 ms]
      [Redirty Cards: 0.4 ms]
      [Humongous Register: 0.0 ms]
      [Humongous Reclaim: 0.0 ms]
      [Free CSet: 0.5 ms]
   [Eden: 3744.0M(3744.0M)->0.0B(2508.0M) Survivors: 224.0M->328.0M Heap: 4298.0M(8192.0M)->658.0M(8192.0M)]
 [Times: user=0.63 sys=0.00, real=0.08 secs] 
120.568: [GC pause (G1 Evacuation Pause) (young), 0.0868235 secs]
   [Parallel Time: 83.6 ms, GC Workers: 8]
      [GC Worker Start (ms): Min: 120568.4, Avg: 120568.5, Max: 120568.6, Diff: 0.2]
      [Ext Root Scanning (ms): Min: 0.2, Avg: 0.5, Max: 1.8, Diff: 1.7, Sum: 3.7]
      [Update RS (ms): Min: 43.4, Avg: 57.9, Max: 81.7, Diff: 38.3, Sum: 463.1]
         [Processed Buffers: Min: 1, Avg: 3.9, Max: 15, Diff: 14, Sum: 31]
      [Scan RS (ms): Min: 0.0, Avg: 23.8, Max: 38.1, Diff: 38.1, Sum: 190.5]
      [Code Root Scanning (ms): Min: 0.0, Avg: 0.0, Max: 0.1, Diff: 0.1, Sum: 0.3]
      [Object Copy (ms): Min: 0.7, Avg: 1.0, Max: 1.4, Diff: 0.8, Sum: 8.3]
      [Termination (ms): Min: 0.1, Avg: 0.1, Max: 0.3, Diff: 0.2, Sum: 1.2]
         [Termination Attempts: Min: 1, Avg: 1.0, Max: 1, Diff: 0, Sum: 8]
      [GC Worker Other (ms): Min: 0.0, Avg: 0.0, Max: 0.0, Diff: 0.0, Sum: 0.1]
      [GC Worker Total (ms): Min: 83.2, Avg: 83.4, Max: 83.5, Diff: 0.3, Sum: 667.1]
      [GC Worker End (ms): Min: 120651.8, Avg: 120651.9, Max: 120652.0, Diff: 0.2]
   [Code Root Fixup: 0.0 ms]
   [Code Root Purge: 0.0 ms]
   [Clear CT: 1.0 ms]
   [Other: 2.2 ms]
      [Choose CSet: 0.0 ms]
      [Ref Proc: 1.2 ms]
      [Ref Enq: 0.0 ms]
      [Redirty Cards: 0.3 ms]
      [Humongous Register: 0.0 ms]
      [Humongous Reclaim: 0.0 ms]
      [Free CSet: 0.6 ms]
   [Eden: 2508.0M(2508.0M)->0.0B(4380.0M) Survivors: 328.0M->208.0M Heap: 3166.0M(8192.0M)->704.8M(8192.0M)]
 [Times: user=0.61 sys=0.02, real=0.09 secs] 
130.782: [GC pause (G1 Evacuation Pause) (young), 0.0708963 secs]
   [Parallel Time: 68.2 ms, GC Workers: 8]
      [GC Worker Start (ms): Min: 130781.9, Avg: 130782.0, Max: 130782.1, Diff: 0.2]
      [Ext Root Scanning (ms): Min: 0.2, Avg: 0.6, Max: 3.0, Diff: 2.8, Sum: 5.0]
      [Update RS (ms): Min: 24.5, Avg: 29.4, Max: 50.3, Diff: 25.9, Sum: 234.8]
         [Processed Buffers: Min: 1, Avg: 3.4, Max: 16, Diff: 15, Sum: 27]
      [Scan RS (ms): Min: 16.6, Avg: 37.4, Max: 42.7, Diff: 26.1, Sum: 299.0]
      [Code Root Scanning (ms): Min: 0.0, Avg: 0.0, Max: 0.0, Diff: 0.0, Sum: 0.1]
      [Object Copy (ms): Min: 0.0, Avg: 0.3, Max: 0.5, Diff: 0.5, Sum: 2.8]
      [Termination (ms): Min: 0.0, Avg: 0.1, Max: 0.3, Diff: 0.3, Sum: 1.2]
         [Termination Attempts: Min: 1, Avg: 1.0, Max: 1, Diff: 0, Sum: 8]
      [GC Worker Other (ms): Min: 0.0, Avg: 0.0, Max: 0.0, Diff: 0.0, Sum: 0.0]
      [GC Worker Total (ms): Min: 67.8, Avg: 67.9, Max: 68.0, Diff: 0.2, Sum: 542.9]
      [GC Worker End (ms): Min: 130849.7, Avg: 130849.9, Max: 130850.0, Diff: 0.3]
   [Code Root Fixup: 0.0 ms]
   [Code Root Purge: 0.0 ms]
   [Clear CT: 0.7 ms]
   [Other: 2.0 ms]
      [Choose CSet: 0.0 ms]
      [Ref Proc: 1.0 ms]
      [Ref Enq: 0.0 ms]
      [Redirty Cards: 0.4 ms]
      [Humongous Register: 0.0 ms]
      [Humongous Reclaim: 0.0 ms]
      [Free CSet: 0.4 ms]
   [Eden: 1676.0M(1552.0M)->0.0B(4764.0M) Survivors: 208.0M->148.0M Heap: 2380.8M(8192.0M)->761.4M(8192.0M)]
 [Times: user=0.55 sys=0.08, real=0.07 secs] 
136.563: [GC pause (Metadata GC Threshold) (young) (initial-mark), 0.0485233 secs]
   [Parallel Time: 46.6 ms, GC Workers: 8]
      [GC Worker Start (ms): Min: 136563.4, Avg: 136563.4, Max: 136563.5, Diff: 0.1]
      [Ext Root Scanning (ms): Min: 1.1, Avg: 1.2, Max: 1.3, Diff: 0.2, Sum: 9.9]
      [Update RS (ms): Min: 5.2, Avg: 11.7, Max: 34.9, Diff: 29.7, Sum: 93.8]
         [Processed Buffers: Min: 1, Avg: 3.5, Max: 9, Diff: 8, Sum: 28]
      [Scan RS (ms): Min: 9.7, Avg: 32.7, Max: 39.3, Diff: 29.7, Sum: 262.0]
      [Code Root Scanning (ms): Min: 0.0, Avg: 0.0, Max: 0.1, Diff: 0.1, Sum: 0.2]
      [Object Copy (ms): Min: 0.2, Avg: 0.3, Max: 0.5, Diff: 0.3, Sum: 2.6]
      [Termination (ms): Min: 0.0, Avg: 0.1, Max: 0.2, Diff: 0.2, Sum: 0.8]
         [Termination Attempts: Min: 1, Avg: 1.0, Max: 1, Diff: 0, Sum: 8]
      [GC Worker Other (ms): Min: 0.0, Avg: 0.0, Max: 0.0, Diff: 0.0, Sum: 0.1]
      [GC Worker Total (ms): Min: 46.1, Avg: 46.2, Max: 46.3, Diff: 0.3, Sum: 369.4]
      [GC Worker End (ms): Min: 136609.5, Avg: 136609.6, Max: 136609.7, Diff: 0.2]
   [Code Root Fixup: 0.0 ms]
   [Code Root Purge: 0.0 ms]
   [Clear CT: 0.4 ms]
   [Other: 1.4 ms]
      [Choose CSet: 0.0 ms]
      [Ref Proc: 0.6 ms]
      [Ref Enq: 0.0 ms]
      [Redirty Cards: 0.1 ms]
      [Humongous Register: 0.0 ms]
      [Humongous Reclaim: 0.0 ms]
      [Free CSet: 0.4 ms]
   [Eden: 964.0M(2816.0M)->0.0B(4736.0M) Survivors: 148.0M->176.0M Heap: 1725.4M(8192.0M)->787.4M(8192.0M)]
 [Times: user=0.36 sys=0.02, real=0.05 secs] 
136.612: [GC concurrent-root-region-scan-start]
136.635: [GC concurrent-root-region-scan-end, 0.0235959 secs]
136.635: [GC concurrent-mark-start]
136.781: [GC concurrent-mark-end, 0.1453010 secs]
136.781: [GC remark 136.781: [Finalize Marking, 0.0003673 secs] 136.781: [GC ref-proc, 0.0002223 secs] 136.781: [Unloading, 0.0071926 secs], 0.0083634 secs]
 [Times: user=0.13 sys=0.00, real=0.01 secs] 
136.789: [GC cleanup 813M->789M(8192M), 0.0019173 secs]
 [Times: user=0.00 sys=0.00, real=0.00 secs] 
136.791: [GC concurrent-cleanup-start]
136.791: [GC concurrent-cleanup-end, 0.0000245 secs]136.791:  [free physical memory: 0 KB, 0 regions, 0.0000000 secs]

159.322: [GC pause (G1 Evacuation Pause) (young), 0.0675807 secs]
   [Parallel Time: 64.3 ms, GC Workers: 8]
      [GC Worker Start (ms): Min: 159322.0, Avg: 159322.0, Max: 159322.1, Diff: 0.2]
      [Ext Root Scanning (ms): Min: 0.2, Avg: 0.5, Max: 1.6, Diff: 1.4, Sum: 3.6]
      [Update RS (ms): Min: 19.5, Avg: 25.0, Max: 41.4, Diff: 21.9, Sum: 200.0]
         [Processed Buffers: Min: 1, Avg: 3.6, Max: 9, Diff: 8, Sum: 29]
      [Scan RS (ms): Min: 21.8, Avg: 38.1, Max: 43.8, Diff: 22.0, Sum: 304.9]
      [Code Root Scanning (ms): Min: 0.0, Avg: 0.0, Max: 0.1, Diff: 0.1, Sum: 0.2]
      [Object Copy (ms): Min: 0.1, Avg: 0.2, Max: 0.3, Diff: 0.2, Sum: 1.7]
      [Termination (ms): Min: 0.1, Avg: 0.2, Max: 0.4, Diff: 0.2, Sum: 1.9]
         [Termination Attempts: Min: 1, Avg: 1.0, Max: 1, Diff: 0, Sum: 8]
      [GC Worker Other (ms): Min: 0.0, Avg: 0.0, Max: 0.0, Diff: 0.0, Sum: 0.0]
      [GC Worker Total (ms): Min: 63.9, Avg: 64.0, Max: 64.2, Diff: 0.3, Sum: 512.3]
      [GC Worker End (ms): Min: 159386.0, Avg: 159386.1, Max: 159386.2, Diff: 0.2]
   [Code Root Fixup: 0.0 ms]
   [Code Root Purge: 0.0 ms]
   [Clear CT: 0.9 ms]
   [Other: 2.4 ms]
      [Choose CSet: 0.0 ms]
      [Ref Proc: 1.2 ms]
      [Ref Enq: 0.0 ms]
      [Redirty Cards: 0.5 ms]
      [Humongous Register: 0.0 ms]
      [Humongous Reclaim: 0.0 ms]
      [Free CSet: 0.5 ms]
   [Eden: 3192.0M(2208.0M)->0.0B(4704.0M) Survivors: 176.0M->208.0M Heap: 3955.4M(8192.0M)->878.0M(8192.0M)]
 [Times: user=0.48 sys=0.01, real=0.07 secs] 
190.865: [GC pause (G1 Evacuation Pause) (young), 0.0878560 secs]
   [Parallel Time: 83.8 ms, GC Workers: 8]
      [GC Worker Start (ms): Min: 190865.1, Avg: 190865.2, Max: 190865.2, Diff: 0.1]
      [Ext Root Scanning (ms): Min: 0.2, Avg: 0.5, Max: 2.2, Diff: 2.0, Sum: 4.1]
      [Update RS (ms): Min: 32.2, Avg: 38.9, Max: 47.7, Diff: 15.5, Sum: 311.1]
         [Processed Buffers: Min: 1, Avg: 3.6, Max: 8, Diff: 7, Sum: 29]
      [Scan RS (ms): Min: 34.8, Avg: 43.6, Max: 50.4, Diff: 15.6, Sum: 349.2]
      [Code Root Scanning (ms): Min: 0.0, Avg: 0.0, Max: 0.0, Diff: 0.0, Sum: 0.2]
      [Object Copy (ms): Min: 0.1, Avg: 0.5, Max: 0.6, Diff: 0.5, Sum: 3.7]
      [Termination (ms): Min: 0.0, Avg: 0.1, Max: 0.2, Diff: 0.1, Sum: 0.7]
         [Termination Attempts: Min: 1, Avg: 1.0, Max: 1, Diff: 0, Sum: 8]
      [GC Worker Other (ms): Min: 0.0, Avg: 0.0, Max: 0.0, Diff: 0.0, Sum: 0.0]
      [GC Worker Total (ms): Min: 83.5, Avg: 83.6, Max: 83.7, Diff: 0.2, Sum: 669.0]
      [GC Worker End (ms): Min: 190948.7, Avg: 190948.8, Max: 190948.9, Diff: 0.1]
   [Code Root Fixup: 0.0 ms]
   [Code Root Purge: 0.0 ms]
   [Clear CT: 1.3 ms]
   [Other: 2.7 ms]
      [Choose CSet: 0.0 ms]
      [Ref Proc: 1.2 ms]
      [Ref Enq: 0.0 ms]
      [Redirty Cards: 0.4 ms]
      [Humongous Register: 0.0 ms]
      [Humongous Reclaim: 0.0 ms]
      [Free CSet: 0.8 ms]
   [Eden: 4428.0M(4428.0M)->0.0B(4556.0M) Survivors: 208.0M->356.0M Heap: 5306.0M(8192.0M)->1028.0M(8192.0M)]
 [Times: user=0.61 sys=0.02, real=0.09 secs] 
223.961: [GC pause (G1 Evacuation Pause) (young), 0.1366964 secs]
   [Parallel Time: 132.1 ms, GC Workers: 8]
      [GC Worker Start (ms): Min: 223961.0, Avg: 223961.0, Max: 223961.1, Diff: 0.1]
      [Ext Root Scanning (ms): Min: 0.2, Avg: 1.4, Max: 9.0, Diff: 8.7, Sum: 11.1]
      [Update RS (ms): Min: 71.0, Avg: 79.9, Max: 97.9, Diff: 26.9, Sum: 639.1]
         [Processed Buffers: Min: 1, Avg: 3.5, Max: 16, Diff: 15, Sum: 28]
      [Scan RS (ms): Min: 32.9, Avg: 49.1, Max: 57.7, Diff: 24.8, Sum: 392.8]
      [Code Root Scanning (ms): Min: 0.0, Avg: 0.1, Max: 0.3, Diff: 0.3, Sum: 0.6]
      [Object Copy (ms): Min: 0.1, Avg: 1.3, Max: 7.3, Diff: 7.2, Sum: 10.5]
      [Termination (ms): Min: 0.0, Avg: 0.1, Max: 0.2, Diff: 0.2, Sum: 0.5]
         [Termination Attempts: Min: 1, Avg: 1.0, Max: 1, Diff: 0, Sum: 8]
      [GC Worker Other (ms): Min: 0.0, Avg: 0.0, Max: 0.0, Diff: 0.0, Sum: 0.1]
      [GC Worker Total (ms): Min: 131.8, Avg: 131.8, Max: 132.0, Diff: 0.2, Sum: 1054.7]
      [GC Worker End (ms): Min: 224092.8, Avg: 224092.8, Max: 224092.9, Diff: 0.2]
   [Code Root Fixup: 0.0 ms]
   [Code Root Purge: 0.0 ms]
   [Clear CT: 1.3 ms]
   [Other: 3.4 ms]
      [Choose CSet: 0.0 ms]
      [Ref Proc: 1.7 ms]
      [Ref Enq: 0.0 ms]
      [Redirty Cards: 0.3 ms]
      [Humongous Register: 0.0 ms]
      [Humongous Reclaim: 0.0 ms]
      [Free CSet: 1.1 ms]
   [Eden: 4556.0M(4556.0M)->0.0B(4480.0M) Survivors: 356.0M->432.0M Heap: 5584.0M(8192.0M)->1160.0M(8192.0M)]
 [Times: user=0.78 sys=0.23, real=0.14 secs] 
259.359: [GC pause (G1 Evacuation Pause) (young), 0.1148710 secs]
   [Parallel Time: 111.1 ms, GC Workers: 8]
      [GC Worker Start (ms): Min: 259358.9, Avg: 259358.9, Max: 259359.0, Diff: 0.1]
      [Ext Root Scanning (ms): Min: 0.2, Avg: 1.0, Max: 5.8, Diff: 5.5, Sum: 7.8]
      [Update RS (ms): Min: 52.8, Avg: 74.2, Max: 109.7, Diff: 56.9, Sum: 593.5]
         [Processed Buffers: Min: 1, Avg: 3.4, Max: 12, Diff: 11, Sum: 27]
      [Scan RS (ms): Min: 0.0, Avg: 32.7, Max: 54.7, Diff: 54.7, Sum: 261.7]
      [Code Root Scanning (ms): Min: 0.0, Avg: 0.0, Max: 0.1, Diff: 0.1, Sum: 0.4]
      [Object Copy (ms): Min: 0.8, Avg: 2.9, Max: 3.5, Diff: 2.6, Sum: 23.5]
      [Termination (ms): Min: 0.0, Avg: 0.1, Max: 0.2, Diff: 0.2, Sum: 0.8]
         [Termination Attempts: Min: 1, Avg: 1.0, Max: 1, Diff: 0, Sum: 8]
      [GC Worker Other (ms): Min: 0.0, Avg: 0.0, Max: 0.1, Diff: 0.1, Sum: 0.1]
      [GC Worker Total (ms): Min: 110.9, Avg: 111.0, Max: 111.0, Diff: 0.1, Sum: 887.8]
      [GC Worker End (ms): Min: 259469.8, Avg: 259469.9, Max: 259470.0, Diff: 0.1]
   [Code Root Fixup: 0.0 ms]
   [Code Root Purge: 0.0 ms]
   [Clear CT: 1.2 ms]
   [Other: 2.5 ms]
      [Choose CSet: 0.0 ms]
      [Ref Proc: 1.2 ms]
      [Ref Enq: 0.0 ms]
      [Redirty Cards: 0.3 ms]
      [Humongous Register: 0.0 ms]
      [Humongous Reclaim: 0.0 ms]
      [Free CSet: 0.8 ms]
   [Eden: 4480.0M(4480.0M)->0.0B(4564.0M) Survivors: 432.0M->348.0M Heap: 5640.0M(8192.0M)->1213.8M(8192.0M)]
 [Times: user=0.83 sys=0.06, real=0.12 secs] 
290.856: [GC pause (G1 Evacuation Pause) (young), 0.1262551 secs]
   [Parallel Time: 121.1 ms, GC Workers: 8]
      [GC Worker Start (ms): Min: 290856.2, Avg: 290856.3, Max: 290856.4, Diff: 0.2]
      [Ext Root Scanning (ms): Min: 0.2, Avg: 1.0, Max: 6.0, Diff: 5.8, Sum: 8.0]
      [Update RS (ms): Min: 37.6, Avg: 54.3, Max: 82.9, Diff: 45.3, Sum: 434.2]
         [Processed Buffers: Min: 0, Avg: 2.8, Max: 11, Diff: 11, Sum: 22]
      [Scan RS (ms): Min: 36.7, Avg: 64.7, Max: 81.9, Diff: 45.2, Sum: 517.7]
      [Code Root Scanning (ms): Min: 0.0, Avg: 0.1, Max: 0.1, Diff: 0.1, Sum: 0.4]
      [Object Copy (ms): Min: 0.3, Avg: 0.6, Max: 1.6, Diff: 1.2, Sum: 5.0]
      [Termination (ms): Min: 0.0, Avg: 0.0, Max: 0.1, Diff: 0.1, Sum: 0.3]
         [Termination Attempts: Min: 1, Avg: 1.0, Max: 1, Diff: 0, Sum: 8]
      [GC Worker Other (ms): Min: 0.0, Avg: 0.0, Max: 0.0, Diff: 0.0, Sum: 0.1]
      [GC Worker Total (ms): Min: 120.6, Avg: 120.7, Max: 120.8, Diff: 0.2, Sum: 965.7]
      [GC Worker End (ms): Min: 290977.0, Avg: 290977.0, Max: 290977.0, Diff: 0.1]
   [Code Root Fixup: 0.0 ms]
   [Code Root Purge: 0.0 ms]
   [Clear CT: 1.4 ms]
   [Other: 3.8 ms]
      [Choose CSet: 0.0 ms]
      [Ref Proc: 2.0 ms]
      [Ref Enq: 0.0 ms]
      [Redirty Cards: 0.5 ms]
      [Humongous Register: 0.0 ms]
      [Humongous Reclaim: 0.0 ms]
      [Free CSet: 1.0 ms]
   [Eden: 4044.0M(1568.0M)->0.0B(4732.0M) Survivors: 348.0M->180.0M Heap: 5257.8M(8192.0M)->1382.0M(8192.0M)]
 [Times: user=0.81 sys=0.19, real=0.13 secs] 
296.265: [GC pause (G1 Evacuation Pause) (young), 0.0516001 secs]
   [Parallel Time: 49.9 ms, GC Workers: 8]
      [GC Worker Start (ms): Min: 296265.0, Avg: 296265.1, Max: 296265.1, Diff: 0.2]
      [Ext Root Scanning (ms): Min: 0.2, Avg: 0.5, Max: 2.3, Diff: 2.0, Sum: 4.2]
      [Update RS (ms): Min: 2.4, Avg: 8.4, Max: 23.2, Diff: 20.8, Sum: 66.9]
         [Processed Buffers: Min: 0, Avg: 2.6, Max: 10, Diff: 10, Sum: 21]
      [Scan RS (ms): Min: 25.7, Avg: 40.3, Max: 44.6, Diff: 19.0, Sum: 322.8]
      [Code Root Scanning (ms): Min: 0.0, Avg: 0.0, Max: 0.1, Diff: 0.1, Sum: 0.1]
      [Object Copy (ms): Min: 0.1, Avg: 0.2, Max: 0.2, Diff: 0.1, Sum: 1.3]
      [Termination (ms): Min: 0.0, Avg: 0.1, Max: 0.2, Diff: 0.2, Sum: 0.9]
         [Termination Attempts: Min: 1, Avg: 1.0, Max: 1, Diff: 0, Sum: 8]
      [GC Worker Other (ms): Min: 0.0, Avg: 0.0, Max: 0.0, Diff: 0.0, Sum: 0.0]
      [GC Worker Total (ms): Min: 49.4, Avg: 49.5, Max: 49.7, Diff: 0.3, Sum: 396.2]
      [GC Worker End (ms): Min: 296314.5, Avg: 296314.6, Max: 296314.7, Diff: 0.2]
   [Code Root Fixup: 0.0 ms]
   [Code Root Purge: 0.0 ms]
   [Clear CT: 0.4 ms]
   [Other: 1.3 ms]
      [Choose CSet: 0.0 ms]
      [Ref Proc: 0.4 ms]
      [Ref Enq: 0.0 ms]
      [Redirty Cards: 0.3 ms]
      [Humongous Register: 0.0 ms]
      [Humongous Reclaim: 0.0 ms]
      [Free CSet: 0.4 ms]
   [Eden: 680.0M(228.0M)->0.0B(4872.0M) Survivors: 180.0M->40960.0K Heap: 2062.0M(8192.0M)->1412.0M(8192.0M)]
 [Times: user=0.36 sys=0.05, real=0.05 secs] 
315.201: [GC pause (G1 Evacuation Pause) (young), 0.0402025 secs]
   [Parallel Time: 37.1 ms, GC Workers: 8]
      [GC Worker Start (ms): Min: 315201.4, Avg: 315201.5, Max: 315201.6, Diff: 0.2]
      [Ext Root Scanning (ms): Min: 0.2, Avg: 0.5, Max: 1.7, Diff: 1.5, Sum: 3.8]
      [Update RS (ms): Min: 4.1, Avg: 6.0, Max: 11.7, Diff: 7.6, Sum: 47.8]
         [Processed Buffers: Min: 1, Avg: 3.3, Max: 9, Diff: 8, Sum: 26]
      [Scan RS (ms): Min: 23.0, Avg: 29.9, Max: 31.9, Diff: 8.9, Sum: 239.4]
      [Code Root Scanning (ms): Min: 0.0, Avg: 0.0, Max: 0.0, Diff: 0.0, Sum: 0.1]
      [Object Copy (ms): Min: 0.0, Avg: 0.1, Max: 0.2, Diff: 0.1, Sum: 0.8]
      [Termination (ms): Min: 0.1, Avg: 0.2, Max: 0.3, Diff: 0.2, Sum: 1.4]
         [Termination Attempts: Min: 1, Avg: 1.0, Max: 1, Diff: 0, Sum: 8]
      [GC Worker Other (ms): Min: 0.0, Avg: 0.0, Max: 0.0, Diff: 0.0, Sum: 0.1]
      [GC Worker Total (ms): Min: 36.6, Avg: 36.7, Max: 36.9, Diff: 0.3, Sum: 293.4]
      [GC Worker End (ms): Min: 315238.1, Avg: 315238.2, Max: 315238.3, Diff: 0.2]
   [Code Root Fixup: 0.0 ms]
   [Code Root Purge: 0.0 ms]
   [Clear CT: 0.9 ms]
   [Other: 2.2 ms]
      [Choose CSet: 0.0 ms]
      [Ref Proc: 1.2 ms]
      [Ref Enq: 0.0 ms]
      [Redirty Cards: 0.2 ms]
      [Humongous Register: 0.0 ms]
      [Humongous Reclaim: 0.0 ms]
      [Free CSet: 0.4 ms]
   [Eden: 2384.0M(492.0M)->0.0B(4844.0M) Survivors: 40960.0K->69632.0K Heap: 3796.0M(8192.0M)->1514.0M(8192.0M)]
 [Times: user=0.31 sys=0.06, real=0.04 secs] 
342.236: [GC pause (G1 Evacuation Pause) (young), 0.0720386 secs]
   [Parallel Time: 66.4 ms, GC Workers: 8]
      [GC Worker Start (ms): Min: 342236.7, Avg: 342236.8, Max: 342236.9, Diff: 0.2]
      [Ext Root Scanning (ms): Min: 0.2, Avg: 0.5, Max: 2.0, Diff: 1.8, Sum: 4.2]
      [Update RS (ms): Min: 8.8, Avg: 13.9, Max: 38.7, Diff: 29.9, Sum: 111.4]
         [Processed Buffers: Min: 1, Avg: 3.4, Max: 11, Diff: 10, Sum: 27]
      [Scan RS (ms): Min: 26.8, Avg: 51.3, Max: 56.7, Diff: 29.9, Sum: 410.7]
      [Code Root Scanning (ms): Min: 0.0, Avg: 0.0, Max: 0.1, Diff: 0.0, Sum: 0.2]
      [Object Copy (ms): Min: 0.1, Avg: 0.2, Max: 0.2, Diff: 0.1, Sum: 1.5]
      [Termination (ms): Min: 0.0, Avg: 0.1, Max: 0.2, Diff: 0.1, Sum: 0.5]
         [Termination Attempts: Min: 1, Avg: 1.0, Max: 1, Diff: 0, Sum: 8]
      [GC Worker Other (ms): Min: 0.0, Avg: 0.0, Max: 0.0, Diff: 0.0, Sum: 0.1]
      [GC Worker Total (ms): Min: 66.0, Avg: 66.1, Max: 66.2, Diff: 0.2, Sum: 528.5]
      [GC Worker End (ms): Min: 342302.8, Avg: 342302.9, Max: 342303.0, Diff: 0.1]
   [Code Root Fixup: 0.0 ms]
   [Code Root Purge: 0.0 ms]
   [Clear CT: 1.6 ms]
   [Other: 4.0 ms]
      [Choose CSet: 0.0 ms]
      [Ref Proc: 2.1 ms]
      [Ref Enq: 0.1 ms]
      [Redirty Cards: 0.5 ms]
      [Humongous Register: 0.1 ms]
      [Humongous Reclaim: 0.0 ms]
      [Free CSet: 0.9 ms]
   [Eden: 3344.0M(720.0M)->0.0B(4812.0M) Survivors: 69632.0K->100.0M Heap: 4858.0M(8192.0M)->1660.0M(8192.0M)]
 [Times: user=0.45 sys=0.06, real=0.07 secs] 
373.725: [GC pause (G1 Evacuation Pause) (young), 0.0708863 secs]
   [Parallel Time: 67.2 ms, GC Workers: 8]
      [GC Worker Start (ms): Min: 373725.7, Avg: 373725.8, Max: 373725.8, Diff: 0.1]
      [Ext Root Scanning (ms): Min: 0.2, Avg: 0.5, Max: 2.2, Diff: 2.0, Sum: 4.4]
      [Update RS (ms): Min: 8.3, Avg: 16.8, Max: 41.8, Diff: 33.5, Sum: 134.5]
         [Processed Buffers: Min: 1, Avg: 3.1, Max: 11, Diff: 10, Sum: 25]
      [Scan RS (ms): Min: 24.3, Avg: 49.0, Max: 57.1, Diff: 32.8, Sum: 392.3]
      [Code Root Scanning (ms): Min: 0.0, Avg: 0.0, Max: 0.0, Diff: 0.0, Sum: 0.2]
      [Object Copy (ms): Min: 0.1, Avg: 0.2, Max: 0.2, Diff: 0.1, Sum: 1.3]
      [Termination (ms): Min: 0.1, Avg: 0.2, Max: 0.3, Diff: 0.3, Sum: 1.6]
         [Termination Attempts: Min: 1, Avg: 1.0, Max: 1, Diff: 0, Sum: 8]
      [GC Worker Other (ms): Min: 0.0, Avg: 0.0, Max: 0.0, Diff: 0.0, Sum: 0.1]
      [GC Worker Total (ms): Min: 66.6, Avg: 66.8, Max: 67.0, Diff: 0.4, Sum: 534.4]
      [GC Worker End (ms): Min: 373792.5, Avg: 373792.6, Max: 373792.7, Diff: 0.3]
   [Code Root Fixup: 0.0 ms]
   [Code Root Purge: 0.0 ms]
   [Clear CT: 1.0 ms]
   [Other: 2.7 ms]
      [Choose CSet: 0.0 ms]
      [Ref Proc: 1.5 ms]
      [Ref Enq: 0.0 ms]
      [Redirty Cards: 0.1 ms]
      [Humongous Register: 0.0 ms]
      [Humongous Reclaim: 0.0 ms]
      [Free CSet: 0.6 ms]
   [Eden: 3692.0M(3692.0M)->0.0B(4640.0M) Survivors: 100.0M->272.0M Heap: 5352.0M(8192.0M)->1832.0M(8192.0M)]
 [Times: user=0.50 sys=0.00, real=0.07 secs] 
412.532: [GC pause (G1 Evacuation Pause) (young), 0.1193333 secs]
   [Parallel Time: 115.0 ms, GC Workers: 8]
      [GC Worker Start (ms): Min: 412532.3, Avg: 412532.3, Max: 412532.4, Diff: 0.1]
      [Ext Root Scanning (ms): Min: 0.2, Avg: 0.5, Max: 2.1, Diff: 1.8, Sum: 4.2]
      [Update RS (ms): Min: 28.5, Avg: 55.8, Max: 110.4, Diff: 81.9, Sum: 446.2]
         [Processed Buffers: Min: 1, Avg: 3.4, Max: 11, Diff: 10, Sum: 27]
      [Scan RS (ms): Min: 1.8, Avg: 57.9, Max: 85.5, Diff: 83.7, Sum: 463.2]
      [Code Root Scanning (ms): Min: 0.0, Avg: 0.0, Max: 0.1, Diff: 0.1, Sum: 0.2]
      [Object Copy (ms): Min: 0.0, Avg: 0.1, Max: 0.2, Diff: 0.2, Sum: 1.2]
      [Termination (ms): Min: 0.1, Avg: 0.2, Max: 0.4, Diff: 0.2, Sum: 1.7]
         [Termination Attempts: Min: 1, Avg: 1.0, Max: 1, Diff: 0, Sum: 8]
      [GC Worker Other (ms): Min: 0.0, Avg: 0.0, Max: 0.0, Diff: 0.0, Sum: 0.1]
      [GC Worker Total (ms): Min: 114.5, Avg: 114.6, Max: 114.7, Diff: 0.3, Sum: 916.6]
      [GC Worker End (ms): Min: 412646.8, Avg: 412646.9, Max: 412647.1, Diff: 0.2]
   [Code Root Fixup: 0.0 ms]
   [Code Root Purge: 0.0 ms]
   [Clear CT: 1.3 ms]
   [Other: 3.0 ms]
      [Choose CSet: 0.0 ms]
      [Ref Proc: 1.8 ms]
      [Ref Enq: 0.0 ms]
      [Redirty Cards: 0.2 ms]
      [Humongous Register: 0.0 ms]
      [Humongous Reclaim: 0.0 ms]
      [Free CSet: 0.7 ms]
   [Eden: 4640.0M(4640.0M)->0.0B(4420.0M) Survivors: 272.0M->492.0M Heap: 6472.0M(8192.0M)->2050.0M(8192.0M)]
 [Times: user=0.99 sys=0.02, real=0.12 secs] 
450.292: [GC pause (GCLocker Initiated GC) (young), 0.1696328 secs]
   [Parallel Time: 165.0 ms, GC Workers: 8]
      [GC Worker Start (ms): Min: 450292.4, Avg: 450292.4, Max: 450292.5, Diff: 0.1]
      [Ext Root Scanning (ms): Min: 0.2, Avg: 0.5, Max: 1.8, Diff: 1.6, Sum: 4.0]
      [Update RS (ms): Min: 8.0, Avg: 14.0, Max: 42.3, Diff: 34.2, Sum: 111.7]
         [Processed Buffers: Min: 1, Avg: 3.5, Max: 8, Diff: 7, Sum: 28]
      [Scan RS (ms): Min: 119.4, Avg: 147.6, Max: 152.4, Diff: 33.0, Sum: 1180.9]
      [Code Root Scanning (ms): Min: 0.0, Avg: 0.0, Max: 0.0, Diff: 0.0, Sum: 0.2]
      [Object Copy (ms): Min: 2.1, Avg: 2.2, Max: 2.3, Diff: 0.2, Sum: 17.7]
      [Termination (ms): Min: 0.1, Avg: 0.3, Max: 0.4, Diff: 0.2, Sum: 2.1]
         [Termination Attempts: Min: 1, Avg: 1.0, Max: 1, Diff: 0, Sum: 8]
      [GC Worker Other (ms): Min: 0.0, Avg: 0.0, Max: 0.0, Diff: 0.0, Sum: 0.0]
      [GC Worker Total (ms): Min: 164.4, Avg: 164.6, Max: 164.7, Diff: 0.3, Sum: 1316.6]
      [GC Worker End (ms): Min: 450456.9, Avg: 450457.0, Max: 450457.1, Diff: 0.2]
   [Code Root Fixup: 0.0 ms]
   [Code Root Purge: 0.0 ms]
   [Clear CT: 1.3 ms]
   [Other: 3.3 ms]
      [Choose CSet: 0.0 ms]
      [Ref Proc: 1.7 ms]
      [Ref Enq: 0.0 ms]
      [Redirty Cards: 0.5 ms]
      [Humongous Register: 0.0 ms]
      [Humongous Reclaim: 0.0 ms]
      [Free CSet: 0.8 ms]
   [Eden: 4420.0M(4420.0M)->0.0B(4464.0M) Survivors: 492.0M->448.0M Heap: 6470.0M(8192.0M)->2268.0M(8192.0M)]
 [Times: user=1.24 sys=0.13, real=0.17 secs] 
488.316: [GC pause (G1 Evacuation Pause) (young), 0.2453020 secs]
   [Parallel Time: 240.8 ms, GC Workers: 8]
      [GC Worker Start (ms): Min: 488316.7, Avg: 488316.8, Max: 488316.9, Diff: 0.2]
      [Ext Root Scanning (ms): Min: 0.2, Avg: 0.4, Max: 1.4, Diff: 1.2, Sum: 3.3]
      [Update RS (ms): Min: 6.7, Avg: 12.9, Max: 44.5, Diff: 37.8, Sum: 103.0]
         [Processed Buffers: Min: 0, Avg: 4.1, Max: 17, Diff: 17, Sum: 33]
      [Scan RS (ms): Min: 192.3, Avg: 224.6, Max: 230.0, Diff: 37.7, Sum: 1796.4]
      [Code Root Scanning (ms): Min: 0.0, Avg: 0.0, Max: 0.1, Diff: 0.1, Sum: 0.2]
      [Object Copy (ms): Min: 0.1, Avg: 2.1, Max: 3.5, Diff: 3.4, Sum: 16.6]
      [Termination (ms): Min: 0.0, Avg: 0.7, Max: 1.2, Diff: 1.2, Sum: 5.6]
         [Termination Attempts: Min: 1, Avg: 1.5, Max: 3, Diff: 2, Sum: 12]
      [GC Worker Other (ms): Min: 0.0, Avg: 0.0, Max: 0.0, Diff: 0.0, Sum: 0.1]
      [GC Worker Total (ms): Min: 240.5, Avg: 240.7, Max: 240.7, Diff: 0.2, Sum: 1925.3]
      [GC Worker End (ms): Min: 488557.4, Avg: 488557.5, Max: 488557.5, Diff: 0.1]
   [Code Root Fixup: 0.0 ms]
   [Code Root Purge: 0.0 ms]
   [Clear CT: 1.2 ms]
   [Other: 3.3 ms]
      [Choose CSet: 0.0 ms]
      [Ref Proc: 1.6 ms]
      [Ref Enq: 0.0 ms]
      [Redirty Cards: 0.3 ms]
      [Humongous Register: 0.0 ms]
      [Humongous Reclaim: 0.0 ms]
      [Free CSet: 1.0 ms]
   [Eden: 4464.0M(4464.0M)->0.0B(4096.0K) Survivors: 448.0M->436.0M Heap: 6732.0M(8192.0M)->2519.3M(8192.0M)]
 [Times: user=0.95 sys=0.92, real=0.25 secs] 
488.576: [GC pause (G1 Evacuation Pause) (young), 0.4338537 secs]
   [Parallel Time: 432.1 ms, GC Workers: 8]
      [GC Worker Start (ms): Min: 488576.2, Avg: 488576.3, Max: 488576.3, Diff: 0.0]
      [Ext Root Scanning (ms): Min: 0.3, Avg: 0.4, Max: 1.3, Diff: 1.0, Sum: 3.4]
      [Update RS (ms): Min: 415.1, Avg: 416.9, Max: 421.9, Diff: 6.8, Sum: 3335.0]
         [Processed Buffers: Min: 5, Avg: 62.9, Max: 109, Diff: 104, Sum: 503]
      [Scan RS (ms): Min: 0.0, Avg: 0.0, Max: 0.1, Diff: 0.1, Sum: 0.3]
      [Code Root Scanning (ms): Min: 0.0, Avg: 0.0, Max: 0.0, Diff: 0.0, Sum: 0.0]
      [Object Copy (ms): Min: 9.7, Avg: 14.2, Max: 15.8, Diff: 6.0, Sum: 113.5]
      [Termination (ms): Min: 0.0, Avg: 0.5, Max: 0.9, Diff: 0.9, Sum: 4.1]
         [Termination Attempts: Min: 1, Avg: 1.0, Max: 1, Diff: 0, Sum: 8]
      [GC Worker Other (ms): Min: 0.0, Avg: 0.0, Max: 0.0, Diff: 0.0, Sum: 0.0]
      [GC Worker Total (ms): Min: 432.0, Avg: 432.0, Max: 432.1, Diff: 0.1, Sum: 3456.4]
      [GC Worker End (ms): Min: 489008.3, Avg: 489008.3, Max: 489008.3, Diff: 0.0]
   [Code Root Fixup: 0.0 ms]
   [Code Root Purge: 0.0 ms]
   [Clear CT: 0.2 ms]
   [Other: 1.6 ms]
      [Choose CSet: 0.0 ms]
      [Ref Proc: 0.3 ms]
      [Ref Enq: 0.0 ms]
      [Redirty Cards: 0.5 ms]
      [Humongous Register: 0.0 ms]
      [Humongous Reclaim: 0.0 ms]
      [Free CSet: 0.6 ms]
   [Eden: 4096.0K(4096.0K)->0.0B(392.0M) Survivors: 436.0M->16384.0K Heap: 2523.3M(8192.0M)->2536.0M(8192.0M)]
 [Times: user=0.34 sys=3.16, real=0.43 secs] 
492.828: [GC pause (G1 Evacuation Pause) (young), 0.0105220 secs]
   [Parallel Time: 8.8 ms, GC Workers: 8]
      [GC Worker Start (ms): Min: 492828.2, Avg: 492828.3, Max: 492828.4, Diff: 0.2]
      [Ext Root Scanning (ms): Min: 0.2, Avg: 0.6, Max: 2.3, Diff: 2.1, Sum: 4.7]
      [Update RS (ms): Min: 0.0, Avg: 1.7, Max: 2.9, Diff: 2.9, Sum: 13.8]
         [Processed Buffers: Min: 0, Avg: 3.0, Max: 7, Diff: 7, Sum: 24]
      [Scan RS (ms): Min: 4.8, Avg: 5.8, Max: 6.3, Diff: 1.4, Sum: 46.5]
      [Code Root Scanning (ms): Min: 0.0, Avg: 0.0, Max: 0.0, Diff: 0.0, Sum: 0.0]
      [Object Copy (ms): Min: 0.2, Avg: 0.2, Max: 0.3, Diff: 0.1, Sum: 1.7]
      [Termination (ms): Min: 0.1, Avg: 0.1, Max: 0.2, Diff: 0.1, Sum: 1.0]
         [Termination Attempts: Min: 1, Avg: 1.0, Max: 1, Diff: 0, Sum: 8]
      [GC Worker Other (ms): Min: 0.0, Avg: 0.0, Max: 0.0, Diff: 0.0, Sum: 0.0]
      [GC Worker Total (ms): Min: 8.4, Avg: 8.5, Max: 8.5, Diff: 0.1, Sum: 67.8]
      [GC Worker End (ms): Min: 492836.7, Avg: 492836.8, Max: 492836.8, Diff: 0.1]
   [Code Root Fixup: 0.0 ms]
   [Code Root Purge: 0.0 ms]
   [Clear CT: 0.4 ms]
   [Other: 1.4 ms]
      [Choose CSet: 0.0 ms]
      [Ref Proc: 0.4 ms]
      [Ref Enq: 0.0 ms]
      [Redirty Cards: 0.2 ms]
      [Humongous Register: 0.1 ms]
      [Humongous Reclaim: 0.0 ms]
      [Free CSet: 0.4 ms]
   [Eden: 392.0M(392.0M)->0.0B(376.0M) Survivors: 16384.0K->32768.0K Heap: 2928.0M(8192.0M)->2552.0M(8192.0M)]
 [Times: user=0.13 sys=0.00, real=0.01 secs] 
495.700: [GC pause (G1 Evacuation Pause) (young), 0.0166684 secs]
   [Parallel Time: 15.3 ms, GC Workers: 8]
      [GC Worker Start (ms): Min: 495700.3, Avg: 495700.4, Max: 495700.4, Diff: 0.1]
      [Ext Root Scanning (ms): Min: 0.3, Avg: 0.6, Max: 2.4, Diff: 2.2, Sum: 4.6]
      [Update RS (ms): Min: 0.6, Avg: 2.4, Max: 3.3, Diff: 2.7, Sum: 19.3]
         [Processed Buffers: Min: 1, Avg: 3.0, Max: 7, Diff: 6, Sum: 24]
      [Scan RS (ms): Min: 11.0, Avg: 11.7, Max: 12.1, Diff: 1.1, Sum: 93.5]
      [Code Root Scanning (ms): Min: 0.0, Avg: 0.0, Max: 0.0, Diff: 0.0, Sum: 0.0]
      [Object Copy (ms): Min: 0.2, Avg: 0.3, Max: 0.4, Diff: 0.3, Sum: 2.1]
      [Termination (ms): Min: 0.0, Avg: 0.1, Max: 0.2, Diff: 0.2, Sum: 0.6]
         [Termination Attempts: Min: 1, Avg: 1.0, Max: 1, Diff: 0, Sum: 8]
      [GC Worker Other (ms): Min: 0.0, Avg: 0.0, Max: 0.0, Diff: 0.0, Sum: 0.0]
      [GC Worker Total (ms): Min: 15.0, Avg: 15.0, Max: 15.2, Diff: 0.2, Sum: 120.2]
      [GC Worker End (ms): Min: 495715.3, Avg: 495715.4, Max: 495715.5, Diff: 0.2]
   [Code Root Fixup: 0.0 ms]
   [Code Root Purge: 0.0 ms]
   [Clear CT: 0.2 ms]
   [Other: 1.2 ms]
      [Choose CSet: 0.0 ms]
      [Ref Proc: 0.3 ms]
      [Ref Enq: 0.0 ms]
      [Redirty Cards: 0.3 ms]
      [Humongous Register: 0.1 ms]
      [Humongous Reclaim: 0.0 ms]
      [Free CSet: 0.4 ms]
   [Eden: 376.0M(376.0M)->0.0B(384.0M) Survivors: 32768.0K->24576.0K Heap: 2928.0M(8192.0M)->2576.0M(8192.0M)]
 [Times: user=0.13 sys=0.00, real=0.02 secs] 
499.532: [GC pause (G1 Evacuation Pause) (young), 0.0144611 secs]
   [Parallel Time: 12.5 ms, GC Workers: 8]
      [GC Worker Start (ms): Min: 499532.6, Avg: 499532.7, Max: 499532.8, Diff: 0.2]
      [Ext Root Scanning (ms): Min: 0.2, Avg: 0.6, Max: 2.4, Diff: 2.2, Sum: 4.6]
      [Update RS (ms): Min: 1.6, Avg: 2.6, Max: 5.4, Diff: 3.8, Sum: 20.6]
         [Processed Buffers: Min: 2, Avg: 3.3, Max: 7, Diff: 5, Sum: 26]
      [Scan RS (ms): Min: 5.8, Avg: 8.5, Max: 9.2, Diff: 3.4, Sum: 67.9]
      [Code Root Scanning (ms): Min: 0.0, Avg: 0.0, Max: 0.0, Diff: 0.0, Sum: 0.0]
      [Object Copy (ms): Min: 0.0, Avg: 0.2, Max: 0.3, Diff: 0.3, Sum: 1.8]
      [Termination (ms): Min: 0.0, Avg: 0.1, Max: 0.3, Diff: 0.3, Sum: 1.2]
         [Termination Attempts: Min: 1, Avg: 1.0, Max: 1, Diff: 0, Sum: 8]
      [GC Worker Other (ms): Min: 0.0, Avg: 0.0, Max: 0.0, Diff: 0.0, Sum: 0.0]
      [GC Worker Total (ms): Min: 11.9, Avg: 12.0, Max: 12.2, Diff: 0.3, Sum: 96.2]
      [GC Worker End (ms): Min: 499544.6, Avg: 499544.7, Max: 499544.9, Diff: 0.3]
   [Code Root Fixup: 0.0 ms]
   [Code Root Purge: 0.0 ms]
   [Clear CT: 0.5 ms]
   [Other: 1.4 ms]
      [Choose CSet: 0.0 ms]
      [Ref Proc: 0.7 ms]
      [Ref Enq: 0.0 ms]
      [Redirty Cards: 0.2 ms]
      [Humongous Register: 0.0 ms]
      [Humongous Reclaim: 0.0 ms]
      [Free CSet: 0.4 ms]
   [Eden: 384.0M(384.0M)->0.0B(360.0M) Survivors: 24576.0K->49152.0K Heap: 2960.0M(8192.0M)->2602.0M(8192.0M)]
 [Times: user=0.13 sys=0.00, real=0.01 secs] 
502.720: [GC pause (G1 Evacuation Pause) (young), 0.0220803 secs]
   [Parallel Time: 20.1 ms, GC Workers: 8]
      [GC Worker Start (ms): Min: 502720.5, Avg: 502720.5, Max: 502720.6, Diff: 0.1]
      [Ext Root Scanning (ms): Min: 0.3, Avg: 0.5, Max: 1.7, Diff: 1.5, Sum: 4.1]
      [Update RS (ms): Min: 1.4, Avg: 3.4, Max: 6.4, Diff: 5.0, Sum: 27.2]
         [Processed Buffers: Min: 1, Avg: 3.4, Max: 6, Diff: 5, Sum: 27]
      [Scan RS (ms): Min: 12.9, Avg: 15.7, Max: 16.8, Diff: 3.9, Sum: 125.9]
      [Code Root Scanning (ms): Min: 0.0, Avg: 0.0, Max: 0.0, Diff: 0.0, Sum: 0.0]
      [Object Copy (ms): Min: 0.0, Avg: 0.1, Max: 0.2, Diff: 0.1, Sum: 1.1]
      [Termination (ms): Min: 0.0, Avg: 0.0, Max: 0.1, Diff: 0.1, Sum: 0.2]
         [Termination Attempts: Min: 1, Avg: 1.0, Max: 1, Diff: 0, Sum: 8]
      [GC Worker Other (ms): Min: 0.0, Avg: 0.0, Max: 0.0, Diff: 0.0, Sum: 0.0]
      [GC Worker Total (ms): Min: 19.7, Avg: 19.8, Max: 19.9, Diff: 0.1, Sum: 158.4]
      [GC Worker End (ms): Min: 502740.3, Avg: 502740.3, Max: 502740.4, Diff: 0.1]
   [Code Root Fixup: 0.0 ms]
   [Code Root Purge: 0.0 ms]
   [Clear CT: 0.4 ms]
   [Other: 1.6 ms]
      [Choose CSet: 0.0 ms]
      [Ref Proc: 0.6 ms]
      [Ref Enq: 0.0 ms]
      [Redirty Cards: 0.4 ms]
      [Humongous Register: 0.1 ms]
      [Humongous Reclaim: 0.0 ms]
      [Free CSet: 0.4 ms]
   [Eden: 360.0M(360.0M)->0.0B(4352.0M) Survivors: 49152.0K->28672.0K Heap: 2962.0M(8192.0M)->2634.0M(8192.0M)]
 [Times: user=0.25 sys=0.00, real=0.02 secs] 
514.264: [GC pause (G1 Evacuation Pause) (young), 0.0317633 secs]
   [Parallel Time: 28.9 ms, GC Workers: 8]
      [GC Worker Start (ms): Min: 514264.9, Avg: 514265.0, Max: 514265.0, Diff: 0.1]
      [Ext Root Scanning (ms): Min: 0.4, Avg: 0.8, Max: 2.8, Diff: 2.4, Sum: 6.6]
      [Update RS (ms): Min: 5.2, Avg: 7.5, Max: 13.7, Diff: 8.6, Sum: 60.4]
         [Processed Buffers: Min: 2, Avg: 4.1, Max: 9, Diff: 7, Sum: 33]
      [Scan RS (ms): Min: 14.0, Avg: 19.8, Max: 21.0, Diff: 7.0, Sum: 158.6]
      [Code Root Scanning (ms): Min: 0.0, Avg: 0.0, Max: 0.1, Diff: 0.1, Sum: 0.1]
      [Object Copy (ms): Min: 0.1, Avg: 0.3, Max: 0.4, Diff: 0.3, Sum: 2.3]
      [Termination (ms): Min: 0.1, Avg: 0.1, Max: 0.2, Diff: 0.1, Sum: 1.1]
         [Termination Attempts: Min: 1, Avg: 1.0, Max: 1, Diff: 0, Sum: 8]
      [GC Worker Other (ms): Min: 0.0, Avg: 0.0, Max: 0.0, Diff: 0.0, Sum: 0.1]
      [GC Worker Total (ms): Min: 28.6, Avg: 28.6, Max: 28.7, Diff: 0.1, Sum: 229.1]
      [GC Worker End (ms): Min: 514293.5, Avg: 514293.6, Max: 514293.6, Diff: 0.1]
   [Code Root Fixup: 0.0 ms]
   [Code Root Purge: 0.0 ms]
   [Clear CT: 0.5 ms]
   [Other: 2.3 ms]
      [Choose CSet: 0.0 ms]
      [Ref Proc: 0.9 ms]
      [Ref Enq: 0.0 ms]
      [Redirty Cards: 0.2 ms]
      [Humongous Register: 0.1 ms]
      [Humongous Reclaim: 0.0 ms]
      [Free CSet: 0.5 ms]
   [Eden: 1328.0M(736.0M)->0.0B(4332.0M) Survivors: 28672.0K->98304.0K Heap: 3962.0M(8192.0M)->2703.4M(8192.0M)]
 [Times: user=0.25 sys=0.00, real=0.03 secs] 
523.553: [GC pause (G1 Evacuation Pause) (young), 0.0471028 secs]
   [Parallel Time: 44.9 ms, GC Workers: 8]
      [GC Worker Start (ms): Min: 523553.2, Avg: 523553.2, Max: 523553.3, Diff: 0.1]
      [Ext Root Scanning (ms): Min: 0.2, Avg: 0.5, Max: 1.9, Diff: 1.7, Sum: 4.1]
      [Update RS (ms): Min: 3.4, Avg: 8.0, Max: 18.9, Diff: 15.4, Sum: 63.7]
         [Processed Buffers: Min: 2, Avg: 4.0, Max: 8, Diff: 6, Sum: 32]
      [Scan RS (ms): Min: 24.9, Avg: 35.6, Max: 39.3, Diff: 14.4, Sum: 284.7]
      [Code Root Scanning (ms): Min: 0.0, Avg: 0.0, Max: 0.0, Diff: 0.0, Sum: 0.1]
      [Object Copy (ms): Min: 0.0, Avg: 0.1, Max: 0.1, Diff: 0.1, Sum: 0.8]
      [Termination (ms): Min: 0.1, Avg: 0.2, Max: 0.4, Diff: 0.2, Sum: 1.9]
         [Termination Attempts: Min: 1, Avg: 1.0, Max: 1, Diff: 0, Sum: 8]
      [GC Worker Other (ms): Min: 0.0, Avg: 0.0, Max: 0.0, Diff: 0.0, Sum: 0.0]
      [GC Worker Total (ms): Min: 44.3, Avg: 44.4, Max: 44.6, Diff: 0.2, Sum: 355.4]
      [GC Worker End (ms): Min: 523597.6, Avg: 523597.7, Max: 523597.8, Diff: 0.2]
   [Code Root Fixup: 0.0 ms]
   [Code Root Purge: 0.0 ms]
   [Clear CT: 0.6 ms]
   [Other: 1.7 ms]
      [Choose CSet: 0.0 ms]
      [Ref Proc: 0.7 ms]
      [Ref Enq: 0.0 ms]
      [Redirty Cards: 0.3 ms]
      [Humongous Register: 0.0 ms]
      [Humongous Reclaim: 0.0 ms]
      [Free CSet: 0.4 ms]
   [Eden: 1064.0M(312.0M)->0.0B(4272.0M) Survivors: 98304.0K->53248.0K Heap: 3767.4M(8192.0M)->2758.0M(8192.0M)]
 [Times: user=0.34 sys=0.03, real=0.05 secs] 
552.397: [GC pause (G1 Evacuation Pause) (young), 0.0660443 secs]
   [Parallel Time: 61.5 ms, GC Workers: 8]
      [GC Worker Start (ms): Min: 552397.4, Avg: 552397.5, Max: 552397.6, Diff: 0.2]
      [Ext Root Scanning (ms): Min: 0.2, Avg: 0.5, Max: 2.0, Diff: 1.8, Sum: 4.2]
      [Update RS (ms): Min: 9.9, Avg: 13.1, Max: 20.7, Diff: 10.9, Sum: 104.6]
         [Processed Buffers: Min: 1, Avg: 4.8, Max: 9, Diff: 8, Sum: 38]
      [Scan RS (ms): Min: 39.6, Avg: 47.1, Max: 50.4, Diff: 10.8, Sum: 376.6]
      [Code Root Scanning (ms): Min: 0.0, Avg: 0.0, Max: 0.1, Diff: 0.1, Sum: 0.2]
      [Object Copy (ms): Min: 0.3, Avg: 0.4, Max: 0.4, Diff: 0.1, Sum: 2.9]
      [Termination (ms): Min: 0.1, Avg: 0.1, Max: 0.2, Diff: 0.2, Sum: 1.1]
         [Termination Attempts: Min: 1, Avg: 1.0, Max: 1, Diff: 0, Sum: 8]
      [GC Worker Other (ms): Min: 0.0, Avg: 0.0, Max: 0.0, Diff: 0.0, Sum: 0.1]
      [GC Worker Total (ms): Min: 61.0, Avg: 61.2, Max: 61.4, Diff: 0.4, Sum: 489.6]
      [GC Worker End (ms): Min: 552458.6, Avg: 552458.7, Max: 552458.8, Diff: 0.2]
   [Code Root Fixup: 0.0 ms]
   [Code Root Purge: 0.0 ms]
   [Clear CT: 1.1 ms]
   [Other: 3.5 ms]
      [Choose CSet: 0.0 ms]
      [Ref Proc: 1.7 ms]
      [Ref Enq: 0.0 ms]
      [Redirty Cards: 0.6 ms]
      [Humongous Register: 0.0 ms]
      [Humongous Reclaim: 0.0 ms]
      [Free CSet: 0.6 ms]
   [Eden: 3332.0M(1408.0M)->0.0B(4132.0M) Survivors: 53248.0K->184.0M Heap: 6090.0M(8192.0M)->2931.2M(8192.0M)]
 [Times: user=0.45 sys=0.03, real=0.07 secs] 
579.440: [GC pause (G1 Evacuation Pause) (young), 0.0863885 secs]
   [Parallel Time: 82.1 ms, GC Workers: 8]
      [GC Worker Start (ms): Min: 579439.9, Avg: 579440.0, Max: 579440.1, Diff: 0.1]
      [Ext Root Scanning (ms): Min: 0.2, Avg: 0.5, Max: 1.7, Diff: 1.5, Sum: 3.8]
      [Update RS (ms): Min: 17.1, Avg: 21.2, Max: 34.3, Diff: 17.2, Sum: 169.4]
         [Processed Buffers: Min: 1, Avg: 4.4, Max: 14, Diff: 13, Sum: 35]
      [Scan RS (ms): Min: 46.7, Avg: 59.7, Max: 63.6, Diff: 16.9, Sum: 477.4]
      [Code Root Scanning (ms): Min: 0.0, Avg: 0.0, Max: 0.0, Diff: 0.0, Sum: 0.1]
      [Object Copy (ms): Min: 0.1, Avg: 0.1, Max: 0.2, Diff: 0.1, Sum: 1.1]
      [Termination (ms): Min: 0.1, Avg: 0.3, Max: 0.4, Diff: 0.2, Sum: 2.1]
         [Termination Attempts: Min: 1, Avg: 1.0, Max: 1, Diff: 0, Sum: 8]
      [GC Worker Other (ms): Min: 0.0, Avg: 0.0, Max: 0.0, Diff: 0.0, Sum: 0.0]
      [GC Worker Total (ms): Min: 81.7, Avg: 81.7, Max: 81.9, Diff: 0.2, Sum: 654.0]
      [GC Worker End (ms): Min: 579521.6, Avg: 579521.7, Max: 579521.8, Diff: 0.2]
   [Code Root Fixup: 0.0 ms]
   [Code Root Purge: 0.0 ms]
   [Clear CT: 1.2 ms]
   [Other: 3.1 ms]
      [Choose CSet: 0.0 ms]
      [Ref Proc: 1.5 ms]
      [Ref Enq: 0.0 ms]
      [Redirty Cards: 0.5 ms]
      [Humongous Register: 0.0 ms]
      [Humongous Reclaim: 0.0 ms]
      [Free CSet: 0.7 ms]
   [Eden: 3036.0M(2116.0M)->0.0B(3996.0M) Survivors: 184.0M->168.0M Heap: 5967.2M(8192.0M)->3092.0M(8192.0M)]
 [Times: user=0.64 sys=0.00, real=0.09 secs] 
604.651: [GC pause (G1 Evacuation Pause) (young), 0.0787806 secs]
   [Parallel Time: 75.1 ms, GC Workers: 8]
      [GC Worker Start (ms): Min: 604651.3, Avg: 604651.4, Max: 604651.5, Diff: 0.1]
      [Ext Root Scanning (ms): Min: 0.2, Avg: 0.5, Max: 2.2, Diff: 2.0, Sum: 4.3]
      [Update RS (ms): Min: 8.5, Avg: 12.5, Max: 25.3, Diff: 16.8, Sum: 100.0]
         [Processed Buffers: Min: 1, Avg: 3.9, Max: 8, Diff: 7, Sum: 31]
      [Scan RS (ms): Min: 48.7, Avg: 61.3, Max: 64.8, Diff: 16.1, Sum: 490.5]
      [Code Root Scanning (ms): Min: 0.0, Avg: 0.0, Max: 0.0, Diff: 0.0, Sum: 0.1]
      [Object Copy (ms): Min: 0.0, Avg: 0.2, Max: 0.2, Diff: 0.2, Sum: 1.6]
      [Termination (ms): Min: 0.1, Avg: 0.2, Max: 0.3, Diff: 0.2, Sum: 1.5]
         [Termination Attempts: Min: 1, Avg: 1.0, Max: 1, Diff: 0, Sum: 8]
      [GC Worker Other (ms): Min: 0.0, Avg: 0.0, Max: 0.0, Diff: 0.0, Sum: 0.0]
      [GC Worker Total (ms): Min: 74.6, Avg: 74.8, Max: 74.9, Diff: 0.2, Sum: 598.1]
      [GC Worker End (ms): Min: 604726.1, Avg: 604726.2, Max: 604726.3, Diff: 0.2]
   [Code Root Fixup: 0.0 ms]
   [Code Root Purge: 0.0 ms]
   [Clear CT: 0.8 ms]
   [Other: 2.8 ms]
      [Choose CSet: 0.0 ms]
      [Ref Proc: 1.4 ms]
      [Ref Enq: 0.0 ms]
      [Redirty Cards: 0.4 ms]
      [Humongous Register: 0.0 ms]
      [Humongous Reclaim: 0.0 ms]
      [Free CSet: 0.6 ms]
   [Eden: 2848.0M(2380.0M)->0.0B(3820.0M) Survivors: 168.0M->312.0M Heap: 5940.0M(8192.0M)->3238.0M(8192.0M)]
 [Times: user=0.63 sys=0.00, real=0.08 secs] 
637.707: [GC pause (G1 Evacuation Pause) (young), 0.1201852 secs]
   [Parallel Time: 115.6 ms, GC Workers: 8]
      [GC Worker Start (ms): Min: 637707.2, Avg: 637707.2, Max: 637707.3, Diff: 0.2]
      [Ext Root Scanning (ms): Min: 0.2, Avg: 0.7, Max: 3.5, Diff: 3.3, Sum: 5.7]
      [Update RS (ms): Min: 18.3, Avg: 31.1, Max: 56.1, Diff: 37.8, Sum: 248.5]
         [Processed Buffers: Min: 2, Avg: 4.0, Max: 15, Diff: 13, Sum: 32]
      [Scan RS (ms): Min: 58.8, Avg: 83.5, Max: 93.7, Diff: 34.8, Sum: 667.7]
      [Code Root Scanning (ms): Min: 0.0, Avg: 0.0, Max: 0.0, Diff: 0.0, Sum: 0.1]
      [Object Copy (ms): Min: 0.1, Avg: 0.1, Max: 0.2, Diff: 0.1, Sum: 1.1]
      [Termination (ms): Min: 0.1, Avg: 0.1, Max: 0.1, Diff: 0.0, Sum: 0.5]
         [Termination Attempts: Min: 1, Avg: 1.0, Max: 1, Diff: 0, Sum: 8]
      [GC Worker Other (ms): Min: 0.0, Avg: 0.0, Max: 0.0, Diff: 0.0, Sum: 0.1]
      [GC Worker Total (ms): Min: 115.4, Avg: 115.5, Max: 115.5, Diff: 0.1, Sum: 923.8]
      [GC Worker End (ms): Min: 637822.7, Avg: 637822.7, Max: 637822.7, Diff: 0.0]
   [Code Root Fixup: 0.0 ms]
   [Code Root Purge: 0.0 ms]
   [Clear CT: 1.3 ms]
   [Other: 3.2 ms]
      [Choose CSet: 0.0 ms]
      [Ref Proc: 1.3 ms]
      [Ref Enq: 0.1 ms]
      [Redirty Cards: 0.6 ms]
      [Humongous Register: 0.1 ms]
      [Humongous Reclaim: 0.0 ms]
      [Free CSet: 0.8 ms]
   [Eden: 3752.0M(98304.0K)->0.0B(3704.0M) Survivors: 312.0M->53248.0K Heap: 6990.0M(8192.0M)->3422.0M(8192.0M)]
 [Times: user=0.88 sys=0.00, real=0.12 secs] 
671.400: [GC pause (G1 Evacuation Pause) (young), 0.0776969 secs]
   [Parallel Time: 73.6 ms, GC Workers: 8]
      [GC Worker Start (ms): Min: 671400.7, Avg: 671400.7, Max: 671400.8, Diff: 0.1]
      [Ext Root Scanning (ms): Min: 0.3, Avg: 0.6, Max: 2.1, Diff: 1.9, Sum: 4.5]
      [Update RS (ms): Min: 11.9, Avg: 18.1, Max: 31.9, Diff: 20.0, Sum: 144.5]
         [Processed Buffers: Min: 1, Avg: 4.0, Max: 11, Diff: 10, Sum: 32]
      [Scan RS (ms): Min: 40.9, Avg: 54.5, Max: 59.6, Diff: 18.7, Sum: 435.7]
      [Code Root Scanning (ms): Min: 0.0, Avg: 0.0, Max: 0.0, Diff: 0.0, Sum: 0.1]
      [Object Copy (ms): Min: 0.0, Avg: 0.1, Max: 0.2, Diff: 0.1, Sum: 0.7]
      [Termination (ms): Min: 0.1, Avg: 0.1, Max: 0.2, Diff: 0.1, Sum: 1.0]
         [Termination Attempts: Min: 1, Avg: 1.5, Max: 2, Diff: 1, Sum: 12]
      [GC Worker Other (ms): Min: 0.0, Avg: 0.0, Max: 0.0, Diff: 0.0, Sum: 0.0]
      [GC Worker Total (ms): Min: 73.3, Avg: 73.3, Max: 73.4, Diff: 0.1, Sum: 586.6]
      [GC Worker End (ms): Min: 671474.0, Avg: 671474.1, Max: 671474.1, Diff: 0.1]
   [Code Root Fixup: 0.0 ms]
   [Code Root Purge: 0.0 ms]
   [Clear CT: 1.1 ms]
   [Other: 3.1 ms]
      [Choose CSet: 0.0 ms]
      [Ref Proc: 1.6 ms]
      [Ref Enq: 0.0 ms]
      [Redirty Cards: 0.3 ms]
      [Humongous Register: 0.1 ms]
      [Humongous Reclaim: 0.0 ms]
      [Free CSet: 0.6 ms]
   [Eden: 3704.0M(3704.0M)->0.0B(3464.0M) Survivors: 53248.0K->268.0M Heap: 7126.0M(8192.0M)->3638.0M(8192.0M)]
 [Times: user=0.63 sys=0.00, real=0.08 secs] 
701.967: [GC pause (G1 Evacuation Pause) (young), 0.1138002 secs]
   [Parallel Time: 109.1 ms, GC Workers: 8]
      [GC Worker Start (ms): Min: 701967.4, Avg: 701967.5, Max: 701967.6, Diff: 0.1]
      [Ext Root Scanning (ms): Min: 0.2, Avg: 0.5, Max: 1.8, Diff: 1.6, Sum: 3.9]
      [Update RS (ms): Min: 21.4, Avg: 29.6, Max: 45.2, Diff: 23.9, Sum: 236.4]
         [Processed Buffers: Min: 1, Avg: 4.3, Max: 14, Diff: 13, Sum: 34]
      [Scan RS (ms): Min: 63.2, Avg: 78.7, Max: 87.1, Diff: 23.9, Sum: 629.7]
      [Code Root Scanning (ms): Min: 0.0, Avg: 0.0, Max: 0.0, Diff: 0.0, Sum: 0.2]
      [Object Copy (ms): Min: 0.0, Avg: 0.1, Max: 0.1, Diff: 0.1, Sum: 0.7]
      [Termination (ms): Min: 0.0, Avg: 0.1, Max: 0.1, Diff: 0.1, Sum: 0.6]
         [Termination Attempts: Min: 1, Avg: 1.0, Max: 1, Diff: 0, Sum: 8]
      [GC Worker Other (ms): Min: 0.0, Avg: 0.0, Max: 0.0, Diff: 0.0, Sum: 0.0]
      [GC Worker Total (ms): Min: 108.9, Avg: 108.9, Max: 109.0, Diff: 0.1, Sum: 871.6]
      [GC Worker End (ms): Min: 702076.4, Avg: 702076.4, Max: 702076.5, Diff: 0.1]
   [Code Root Fixup: 0.0 ms]
   [Code Root Purge: 0.0 ms]
   [Clear CT: 1.0 ms]
   [Other: 3.7 ms]
      [Choose CSet: 0.0 ms]
      [Ref Proc: 1.8 ms]
      [Ref Enq: 0.1 ms]
      [Redirty Cards: 0.7 ms]
      [Humongous Register: 0.0 ms]
      [Humongous Reclaim: 0.0 ms]
      [Free CSet: 0.7 ms]
   [Eden: 3404.0M(140.0M)->0.0B(3328.0M) Survivors: 268.0M->53248.0K Heap: 7042.0M(8192.0M)->3820.0M(8192.0M)]
 [Times: user=1.00 sys=0.00, real=0.12 secs] 
732.410: [GC pause (G1 Evacuation Pause) (young) (initial-mark), 0.0832022 secs]
   [Parallel Time: 76.3 ms, GC Workers: 8]
      [GC Worker Start (ms): Min: 732412.2, Avg: 732412.3, Max: 732412.3, Diff: 0.1]
      [Ext Root Scanning (ms): Min: 1.6, Avg: 1.6, Max: 1.7, Diff: 0.2, Sum: 13.1]
      [Update RS (ms): Min: 9.0, Avg: 13.8, Max: 24.1, Diff: 15.1, Sum: 110.4]
         [Processed Buffers: Min: 1, Avg: 4.5, Max: 10, Diff: 9, Sum: 36]
      [Scan RS (ms): Min: 49.9, Avg: 60.2, Max: 65.0, Diff: 15.1, Sum: 481.2]
      [Code Root Scanning (ms): Min: 0.0, Avg: 0.0, Max: 0.0, Diff: 0.0, Sum: 0.1]
      [Object Copy (ms): Min: 0.1, Avg: 0.1, Max: 0.2, Diff: 0.2, Sum: 1.1]
      [Termination (ms): Min: 0.0, Avg: 0.1, Max: 0.2, Diff: 0.2, Sum: 0.8]
         [Termination Attempts: Min: 1, Avg: 1.0, Max: 1, Diff: 0, Sum: 8]
      [GC Worker Other (ms): Min: 0.0, Avg: 0.0, Max: 0.0, Diff: 0.0, Sum: 0.1]
      [GC Worker Total (ms): Min: 75.8, Avg: 75.9, Max: 76.0, Diff: 0.2, Sum: 606.8]
      [GC Worker End (ms): Min: 732488.0, Avg: 732488.1, Max: 732488.2, Diff: 0.2]
   [Code Root Fixup: 0.0 ms]
   [Code Root Purge: 0.0 ms]
   [Clear CT: 1.1 ms]
   [Other: 5.8 ms]
      [Choose CSet: 0.0 ms]
      [Ref Proc: 2.3 ms]
      [Ref Enq: 0.3 ms]
      [Redirty Cards: 0.2 ms]
      [Humongous Register: 0.0 ms]
      [Humongous Reclaim: 0.0 ms]
      [Free CSet: 1.0 ms]
   [Eden: 3328.0M(3328.0M)->0.0B(3084.0M) Survivors: 53248.0K->260.0M Heap: 7148.0M(8192.0M)->4026.0M(8192.0M)]
 [Times: user=0.63 sys=0.00, real=0.08 secs] 
732.494: [GC concurrent-root-region-scan-start]
732.531: [GC concurrent-root-region-scan-end, 0.0370172 secs]
732.531: [GC concurrent-mark-start]
732.770: [GC concurrent-mark-end, 0.2390061 secs]
732.770: [GC remark 732.770: [Finalize Marking, 0.0002478 secs] 732.771: [GC ref-proc, 0.0002237 secs] 732.771: [Unloading, 0.0124458 secs], 0.0139224 secs]
 [Times: user=0.13 sys=0.00, real=0.01 secs] 
732.785: [GC cleanup 4060M->2796M(8192M), 0.0038283 secs]
 [Times: user=0.00 sys=0.00, real=0.00 secs] 
732.788: [GC concurrent-cleanup-start]
732.790: [GC concurrent-cleanup-end, 0.0013273 secs]732.790:  [free physical memory: 0 KB, 0 regions, 0.0000000 secs]

761.062: [GC pause (G1 Evacuation Pause) (young), 0.1031318 secs]
   [Parallel Time: 99.2 ms, GC Workers: 8]
      [GC Worker Start (ms): Min: 761061.9, Avg: 761062.0, Max: 761062.1, Diff: 0.2]
      [Ext Root Scanning (ms): Min: 0.2, Avg: 0.5, Max: 2.0, Diff: 1.8, Sum: 4.2]
      [Update RS (ms): Min: 18.9, Avg: 26.9, Max: 45.4, Diff: 26.5, Sum: 215.3]
         [Processed Buffers: Min: 1, Avg: 4.6, Max: 16, Diff: 15, Sum: 37]
      [Scan RS (ms): Min: 52.7, Avg: 71.0, Max: 79.3, Diff: 26.5, Sum: 568.4]
      [Code Root Scanning (ms): Min: 0.0, Avg: 0.0, Max: 0.0, Diff: 0.0, Sum: 0.1]
      [Object Copy (ms): Min: 0.0, Avg: 0.1, Max: 0.1, Diff: 0.1, Sum: 0.6]
      [Termination (ms): Min: 0.1, Avg: 0.2, Max: 0.3, Diff: 0.2, Sum: 1.2]
         [Termination Attempts: Min: 1, Avg: 1.0, Max: 1, Diff: 0, Sum: 8]
      [GC Worker Other (ms): Min: 0.0, Avg: 0.0, Max: 0.1, Diff: 0.0, Sum: 0.1]
      [GC Worker Total (ms): Min: 98.6, Avg: 98.7, Max: 98.8, Diff: 0.2, Sum: 789.9]
      [GC Worker End (ms): Min: 761160.6, Avg: 761160.7, Max: 761160.8, Diff: 0.2]
   [Code Root Fixup: 0.0 ms]
   [Code Root Purge: 0.0 ms]
   [Clear CT: 0.9 ms]
   [Other: 3.0 ms]
      [Choose CSet: 0.0 ms]
      [Ref Proc: 1.6 ms]
      [Ref Enq: 0.0 ms]
      [Redirty Cards: 0.4 ms]
      [Humongous Register: 0.0 ms]
      [Humongous Reclaim: 0.0 ms]
      [Free CSet: 0.6 ms]
   [Eden: 3084.0M(3084.0M)->0.0B(36864.0K) Survivors: 260.0M->372.0M Heap: 5846.0M(8192.0M)->2934.0M(8192.0M)]
 [Times: user=0.88 sys=0.00, real=0.10 secs] 
761.464: [GC pause (G1 Evacuation Pause) (mixed), 0.1016233 secs]
   [Parallel Time: 98.6 ms, GC Workers: 8]
      [GC Worker Start (ms): Min: 761464.0, Avg: 761464.2, Max: 761464.2, Diff: 0.2]
      [Ext Root Scanning (ms): Min: 0.2, Avg: 0.6, Max: 2.6, Diff: 2.4, Sum: 4.7]
      [Update RS (ms): Min: 6.9, Avg: 9.2, Max: 11.1, Diff: 4.2, Sum: 73.7]
         [Processed Buffers: Min: 1, Avg: 3.5, Max: 9, Diff: 8, Sum: 28]
      [Scan RS (ms): Min: 86.4, Avg: 88.0, Max: 90.3, Diff: 4.0, Sum: 704.0]
      [Code Root Scanning (ms): Min: 0.0, Avg: 0.0, Max: 0.0, Diff: 0.0, Sum: 0.1]
      [Object Copy (ms): Min: 0.1, Avg: 0.2, Max: 0.3, Diff: 0.2, Sum: 1.9]
      [Termination (ms): Min: 0.1, Avg: 0.2, Max: 0.3, Diff: 0.2, Sum: 1.5]
         [Termination Attempts: Min: 1, Avg: 1.0, Max: 1, Diff: 0, Sum: 8]
      [GC Worker Other (ms): Min: 0.0, Avg: 0.0, Max: 0.0, Diff: 0.0, Sum: 0.0]
      [GC Worker Total (ms): Min: 98.1, Avg: 98.2, Max: 98.4, Diff: 0.2, Sum: 785.9]
      [GC Worker End (ms): Min: 761562.3, Avg: 761562.4, Max: 761562.5, Diff: 0.2]
   [Code Root Fixup: 0.0 ms]
   [Code Root Purge: 0.0 ms]
   [Clear CT: 1.0 ms]
   [Other: 2.0 ms]
      [Choose CSet: 0.1 ms]
      [Ref Proc: 0.5 ms]
      [Ref Enq: 0.0 ms]
      [Redirty Cards: 0.5 ms]
      [Humongous Register: 0.0 ms]
      [Humongous Reclaim: 0.0 ms]
      [Free CSet: 0.7 ms]
   [Eden: 36864.0K(36864.0K)->0.0B(392.0M) Survivors: 372.0M->16384.0K Heap: 2970.0M(8192.0M)->2138.0M(8192.0M)]
 [Times: user=0.84 sys=0.03, real=0.10 secs] 
765.180: [GC pause (G1 Evacuation Pause) (mixed), 0.0195669 secs]
   [Parallel Time: 16.8 ms, GC Workers: 8]
      [GC Worker Start (ms): Min: 765180.2, Avg: 765180.3, Max: 765180.3, Diff: 0.1]
      [Ext Root Scanning (ms): Min: 0.3, Avg: 0.6, Max: 2.3, Diff: 2.0, Sum: 4.4]
      [Update RS (ms): Min: 0.5, Avg: 2.6, Max: 4.6, Diff: 4.1, Sum: 20.9]
         [Processed Buffers: Min: 1, Avg: 3.6, Max: 8, Diff: 7, Sum: 29]
      [Scan RS (ms): Min: 11.3, Avg: 12.9, Max: 13.4, Diff: 2.1, Sum: 103.0]
      [Code Root Scanning (ms): Min: 0.0, Avg: 0.1, Max: 0.2, Diff: 0.2, Sum: 0.5]
      [Object Copy (ms): Min: 0.1, Avg: 0.4, Max: 0.5, Diff: 0.4, Sum: 3.3]
      [Termination (ms): Min: 0.1, Avg: 0.1, Max: 0.2, Diff: 0.2, Sum: 1.1]
         [Termination Attempts: Min: 1, Avg: 1.0, Max: 1, Diff: 0, Sum: 8]
      [GC Worker Other (ms): Min: 0.0, Avg: 0.0, Max: 0.0, Diff: 0.0, Sum: 0.0]
      [GC Worker Total (ms): Min: 16.6, Avg: 16.6, Max: 16.7, Diff: 0.2, Sum: 133.2]
      [GC Worker End (ms): Min: 765196.8, Avg: 765196.9, Max: 765197.0, Diff: 0.2]
   [Code Root Fixup: 0.0 ms]
   [Code Root Purge: 0.0 ms]
   [Clear CT: 1.0 ms]
   [Other: 1.7 ms]
      [Choose CSet: 0.1 ms]
      [Ref Proc: 0.3 ms]
      [Ref Enq: 0.0 ms]
      [Redirty Cards: 0.3 ms]
      [Humongous Register: 0.0 ms]
      [Humongous Reclaim: 0.0 ms]
      [Free CSet: 0.7 ms]
   [Eden: 392.0M(392.0M)->0.0B(4876.0M) Survivors: 16384.0K->36864.0K Heap: 2530.0M(8192.0M)->1436.3M(8192.0M)]
 [Times: user=0.13 sys=0.00, real=0.02 secs] 
810.345: [GC pause (G1 Evacuation Pause) (young), 0.0968973 secs]
   [Parallel Time: 91.7 ms, GC Workers: 8]
      [GC Worker Start (ms): Min: 810345.3, Avg: 810345.3, Max: 810345.3, Diff: 0.1]
      [Ext Root Scanning (ms): Min: 0.3, Avg: 0.7, Max: 2.9, Diff: 2.5, Sum: 5.8]
      [Update RS (ms): Min: 13.1, Avg: 21.3, Max: 38.0, Diff: 25.0, Sum: 170.3]
         [Processed Buffers: Min: 1, Avg: 4.8, Max: 15, Diff: 14, Sum: 38]
      [Scan RS (ms): Min: 52.5, Avg: 69.0, Max: 77.5, Diff: 25.0, Sum: 552.1]
      [Code Root Scanning (ms): Min: 0.0, Avg: 0.0, Max: 0.1, Diff: 0.1, Sum: 0.2]
      [Object Copy (ms): Min: 0.2, Avg: 0.3, Max: 0.4, Diff: 0.1, Sum: 2.4]
      [Termination (ms): Min: 0.1, Avg: 0.2, Max: 0.3, Diff: 0.2, Sum: 1.3]
         [Termination Attempts: Min: 1, Avg: 1.0, Max: 1, Diff: 0, Sum: 8]
      [GC Worker Other (ms): Min: 0.0, Avg: 0.0, Max: 0.0, Diff: 0.0, Sum: 0.1]
      [GC Worker Total (ms): Min: 91.4, Avg: 91.5, Max: 91.7, Diff: 0.2, Sum: 732.2]
      [GC Worker End (ms): Min: 810436.7, Avg: 810436.8, Max: 810436.9, Diff: 0.2]
   [Code Root Fixup: 0.0 ms]
   [Code Root Purge: 0.0 ms]
   [Clear CT: 1.4 ms]
   [Other: 3.8 ms]
      [Choose CSet: 0.0 ms]
      [Ref Proc: 2.2 ms]
      [Ref Enq: 0.0 ms]
      [Redirty Cards: 0.1 ms]
      [Humongous Register: 0.1 ms]
      [Humongous Reclaim: 0.0 ms]
      [Free CSet: 0.7 ms]
   [Eden: 4876.0M(4876.0M)->0.0B(4592.0M) Survivors: 36864.0K->320.0M Heap: 6312.3M(8192.0M)->1722.3M(8192.0M)]
 [Times: user=0.84 sys=0.03, real=0.10 secs] 
852.976: [GC pause (G1 Evacuation Pause) (young), 0.1567053 secs]
   [Parallel Time: 151.7 ms, GC Workers: 8]
      [GC Worker Start (ms): Min: 852976.8, Avg: 852976.8, Max: 852976.9, Diff: 0.0]
      [Ext Root Scanning (ms): Min: 0.4, Avg: 0.7, Max: 2.3, Diff: 2.0, Sum: 5.3]
      [Update RS (ms): Min: 31.1, Avg: 42.6, Max: 71.6, Diff: 40.5, Sum: 340.8]
         [Processed Buffers: Min: 1, Avg: 4.0, Max: 19, Diff: 18, Sum: 32]
      [Scan RS (ms): Min: 79.1, Avg: 108.1, Max: 119.8, Diff: 40.7, Sum: 864.9]
      [Code Root Scanning (ms): Min: 0.0, Avg: 0.0, Max: 0.1, Diff: 0.1, Sum: 0.3]
      [Object Copy (ms): Min: 0.1, Avg: 0.1, Max: 0.2, Diff: 0.1, Sum: 1.1]
      [Termination (ms): Min: 0.0, Avg: 0.1, Max: 0.1, Diff: 0.1, Sum: 0.6]
         [Termination Attempts: Min: 1, Avg: 1.0, Max: 1, Diff: 0, Sum: 8]
      [GC Worker Other (ms): Min: 0.0, Avg: 0.0, Max: 0.0, Diff: 0.0, Sum: 0.1]
      [GC Worker Total (ms): Min: 151.6, Avg: 151.6, Max: 151.7, Diff: 0.1, Sum: 1213.0]
      [GC Worker End (ms): Min: 853128.4, Avg: 853128.5, Max: 853128.5, Diff: 0.1]
   [Code Root Fixup: 0.0 ms]
   [Code Root Purge: 0.0 ms]
   [Clear CT: 1.3 ms]
   [Other: 3.6 ms]
      [Choose CSet: 0.0 ms]
      [Ref Proc: 2.0 ms]
      [Ref Enq: 0.0 ms]
      [Redirty Cards: 0.2 ms]
      [Humongous Register: 0.1 ms]
      [Humongous Reclaim: 0.0 ms]
      [Free CSet: 0.8 ms]
   [Eden: 4592.0M(4592.0M)->0.0B(4344.0M) Survivors: 320.0M->568.0M Heap: 6314.3M(8192.0M)->1988.0M(8192.0M)]
 [Times: user=1.25 sys=0.00, real=0.16 secs] 
893.210: [GC pause (G1 Evacuation Pause) (young), 0.2062232 secs]
   [Parallel Time: 201.0 ms, GC Workers: 8]
      [GC Worker Start (ms): Min: 893210.2, Avg: 893210.3, Max: 893210.3, Diff: 0.1]
      [Ext Root Scanning (ms): Min: 0.2, Avg: 0.5, Max: 1.5, Diff: 1.3, Sum: 3.9]
      [Update RS (ms): Min: 56.9, Avg: 79.5, Max: 101.2, Diff: 44.3, Sum: 636.4]
         [Processed Buffers: Min: 1, Avg: 3.6, Max: 9, Diff: 8, Sum: 29]
      [Scan RS (ms): Min: 99.0, Avg: 120.5, Max: 143.3, Diff: 44.3, Sum: 963.8]
      [Code Root Scanning (ms): Min: 0.0, Avg: 0.0, Max: 0.0, Diff: 0.0, Sum: 0.1]
      [Object Copy (ms): Min: 0.1, Avg: 0.1, Max: 0.1, Diff: 0.1, Sum: 0.9]
      [Termination (ms): Min: 0.1, Avg: 0.1, Max: 0.2, Diff: 0.1, Sum: 1.0]
         [Termination Attempts: Min: 1, Avg: 1.0, Max: 1, Diff: 0, Sum: 8]
      [GC Worker Other (ms): Min: 0.0, Avg: 0.0, Max: 0.0, Diff: 0.0, Sum: 0.0]
      [GC Worker Total (ms): Min: 200.6, Avg: 200.8, Max: 200.9, Diff: 0.3, Sum: 1606.2]
      [GC Worker End (ms): Min: 893411.0, Avg: 893411.0, Max: 893411.1, Diff: 0.1]
   [Code Root Fixup: 0.0 ms]
   [Code Root Purge: 0.0 ms]
   [Clear CT: 1.4 ms]
   [Other: 3.8 ms]
      [Choose CSet: 0.0 ms]
      [Ref Proc: 2.0 ms]
      [Ref Enq: 0.0 ms]
      [Redirty Cards: 0.4 ms]
      [Humongous Register: 0.0 ms]
      [Humongous Reclaim: 0.0 ms]
      [Free CSet: 1.0 ms]
   [Eden: 4344.0M(4344.0M)->0.0B(4404.0M) Survivors: 568.0M->508.0M Heap: 6332.0M(8192.0M)->2222.0M(8192.0M)]
 [Times: user=1.56 sys=0.05, real=0.21 secs] 
933.891: [GC pause (G1 Evacuation Pause) (young), 0.1909830 secs]
   [Parallel Time: 186.1 ms, GC Workers: 8]
      [GC Worker Start (ms): Min: 933891.4, Avg: 933891.4, Max: 933891.5, Diff: 0.1]
      [Ext Root Scanning (ms): Min: 0.2, Avg: 0.5, Max: 1.7, Diff: 1.5, Sum: 3.9]
      [Update RS (ms): Min: 40.9, Avg: 62.3, Max: 100.4, Diff: 59.5, Sum: 498.5]
         [Processed Buffers: Min: 1, Avg: 3.8, Max: 13, Diff: 12, Sum: 30]
      [Scan RS (ms): Min: 84.6, Avg: 122.6, Max: 144.0, Diff: 59.4, Sum: 980.5]
      [Code Root Scanning (ms): Min: 0.0, Avg: 0.0, Max: 0.1, Diff: 0.1, Sum: 0.2]
      [Object Copy (ms): Min: 0.3, Avg: 0.4, Max: 0.6, Diff: 0.3, Sum: 3.5]
      [Termination (ms): Min: 0.0, Avg: 0.1, Max: 0.1, Diff: 0.1, Sum: 0.5]
         [Termination Attempts: Min: 1, Avg: 1.0, Max: 1, Diff: 0, Sum: 8]
      [GC Worker Other (ms): Min: 0.0, Avg: 0.0, Max: 0.0, Diff: 0.0, Sum: 0.1]
      [GC Worker Total (ms): Min: 185.8, Avg: 185.9, Max: 186.0, Diff: 0.1, Sum: 1487.2]
      [GC Worker End (ms): Min: 934077.3, Avg: 934077.3, Max: 934077.4, Diff: 0.1]
   [Code Root Fixup: 0.0 ms]
   [Code Root Purge: 0.0 ms]
   [Clear CT: 1.3 ms]
   [Other: 3.6 ms]
      [Choose CSet: 0.0 ms]
      [Ref Proc: 1.9 ms]
      [Ref Enq: 0.0 ms]
      [Redirty Cards: 0.4 ms]
      [Humongous Register: 0.0 ms]
      [Humongous Reclaim: 0.0 ms]
      [Free CSet: 0.9 ms]
   [Eden: 4404.0M(4404.0M)->0.0B(4096.0K) Survivors: 508.0M->496.0M Heap: 6626.0M(8192.0M)->2486.2M(8192.0M)]
 [Times: user=1.56 sys=0.00, real=0.19 secs] 
934.114: [GC pause (G1 Evacuation Pause) (young), 0.1184813 secs]
   [Parallel Time: 116.8 ms, GC Workers: 8]
      [GC Worker Start (ms): Min: 934114.0, Avg: 934114.1, Max: 934114.1, Diff: 0.0]
      [Ext Root Scanning (ms): Min: 0.2, Avg: 0.5, Max: 1.7, Diff: 1.6, Sum: 3.7]
      [Update RS (ms): Min: 0.0, Avg: 1.9, Max: 4.2, Diff: 4.2, Sum: 15.6]
         [Processed Buffers: Min: 0, Avg: 2.3, Max: 7, Diff: 7, Sum: 18]
      [Scan RS (ms): Min: 111.2, Avg: 113.2, Max: 114.6, Diff: 3.4, Sum: 905.9]
      [Code Root Scanning (ms): Min: 0.0, Avg: 0.0, Max: 0.0, Diff: 0.0, Sum: 0.1]
      [Object Copy (ms): Min: 0.3, Avg: 0.8, Max: 1.3, Diff: 1.0, Sum: 6.3]
      [Termination (ms): Min: 0.0, Avg: 0.1, Max: 0.1, Diff: 0.1, Sum: 0.6]
         [Termination Attempts: Min: 1, Avg: 1.0, Max: 1, Diff: 0, Sum: 8]
      [GC Worker Other (ms): Min: 0.0, Avg: 0.0, Max: 0.0, Diff: 0.0, Sum: 0.0]
      [GC Worker Total (ms): Min: 116.5, Avg: 116.5, Max: 116.6, Diff: 0.1, Sum: 932.2]
      [GC Worker End (ms): Min: 934230.5, Avg: 934230.6, Max: 934230.6, Diff: 0.1]
   [Code Root Fixup: 0.0 ms]
   [Code Root Purge: 0.0 ms]
   [Clear CT: 0.4 ms]
   [Other: 1.2 ms]
      [Choose CSet: 0.0 ms]
      [Ref Proc: 0.2 ms]
      [Ref Enq: 0.0 ms]
      [Redirty Cards: 0.5 ms]
      [Humongous Register: 0.0 ms]
      [Humongous Reclaim: 0.0 ms]
      [Free CSet: 0.3 ms]
   [Eden: 4096.0K(4096.0K)->0.0B(392.0M) Survivors: 496.0M->16384.0K Heap: 2490.2M(8192.0M)->2504.0M(8192.0M)]
 [Times: user=0.86 sys=0.01, real=0.12 secs] 
937.714: [GC pause (G1 Evacuation Pause) (young), 0.0098016 secs]
   [Parallel Time: 8.4 ms, GC Workers: 8]
      [GC Worker Start (ms): Min: 937713.8, Avg: 937713.8, Max: 937713.9, Diff: 0.1]
      [Ext Root Scanning (ms): Min: 0.2, Avg: 0.5, Max: 1.6, Diff: 1.4, Sum: 3.8]
      [Update RS (ms): Min: 0.4, Avg: 1.8, Max: 2.4, Diff: 2.0, Sum: 14.3]
         [Processed Buffers: Min: 2, Avg: 3.4, Max: 5, Diff: 3, Sum: 27]
      [Scan RS (ms): Min: 5.3, Avg: 5.7, Max: 6.0, Diff: 0.7, Sum: 45.7]
      [Code Root Scanning (ms): Min: 0.0, Avg: 0.0, Max: 0.0, Diff: 0.0, Sum: 0.0]
      [Object Copy (ms): Min: 0.1, Avg: 0.2, Max: 0.3, Diff: 0.2, Sum: 1.5]
      [Termination (ms): Min: 0.0, Avg: 0.1, Max: 0.2, Diff: 0.1, Sum: 0.7]
         [Termination Attempts: Min: 1, Avg: 1.0, Max: 1, Diff: 0, Sum: 8]
      [GC Worker Other (ms): Min: 0.0, Avg: 0.0, Max: 0.0, Diff: 0.0, Sum: 0.0]
      [GC Worker Total (ms): Min: 8.2, Avg: 8.2, Max: 8.3, Diff: 0.2, Sum: 66.0]
      [GC Worker End (ms): Min: 937722.0, Avg: 937722.0, Max: 937722.1, Diff: 0.1]
   [Code Root Fixup: 0.0 ms]
   [Code Root Purge: 0.0 ms]
   [Clear CT: 0.3 ms]
   [Other: 1.1 ms]
      [Choose CSet: 0.0 ms]
      [Ref Proc: 0.4 ms]
      [Ref Enq: 0.0 ms]
      [Redirty Cards: 0.2 ms]
      [Humongous Register: 0.0 ms]
      [Humongous Reclaim: 0.0 ms]
      [Free CSet: 0.3 ms]
   [Eden: 392.0M(392.0M)->0.0B(376.0M) Survivors: 16384.0K->32768.0K Heap: 2896.0M(8192.0M)->2520.0M(8192.0M)]
 [Times: user=0.13 sys=0.00, real=0.01 secs] 
941.322: [GC pause (G1 Evacuation Pause) (young), 0.0227129 secs]
   [Parallel Time: 20.2 ms, GC Workers: 8]
      [GC Worker Start (ms): Min: 941322.2, Avg: 941322.2, Max: 941322.2, Diff: 0.1]
      [Ext Root Scanning (ms): Min: 0.5, Avg: 0.8, Max: 2.8, Diff: 2.4, Sum: 6.8]
      [Update RS (ms): Min: 3.2, Avg: 4.0, Max: 5.6, Diff: 2.4, Sum: 32.1]
         [Processed Buffers: Min: 0, Avg: 3.6, Max: 14, Diff: 14, Sum: 29]
      [Scan RS (ms): Min: 13.8, Avg: 15.0, Max: 15.8, Diff: 2.0, Sum: 120.1]
      [Code Root Scanning (ms): Min: 0.0, Avg: 0.0, Max: 0.0, Diff: 0.0, Sum: 0.0]
      [Object Copy (ms): Min: 0.0, Avg: 0.2, Max: 0.3, Diff: 0.3, Sum: 1.5]
      [Termination (ms): Min: 0.0, Avg: 0.0, Max: 0.1, Diff: 0.0, Sum: 0.3]
         [Termination Attempts: Min: 1, Avg: 1.4, Max: 2, Diff: 1, Sum: 11]
      [GC Worker Other (ms): Min: 0.0, Avg: 0.0, Max: 0.0, Diff: 0.0, Sum: 0.0]
      [GC Worker Total (ms): Min: 20.1, Avg: 20.1, Max: 20.1, Diff: 0.1, Sum: 160.8]
      [GC Worker End (ms): Min: 941342.3, Avg: 941342.3, Max: 941342.3, Diff: 0.0]
   [Code Root Fixup: 0.0 ms]
   [Code Root Purge: 0.0 ms]
   [Clear CT: 0.3 ms]
   [Other: 2.2 ms]
      [Choose CSet: 0.0 ms]
      [Ref Proc: 0.7 ms]
      [Ref Enq: 0.0 ms]
      [Redirty Cards: 0.1 ms]
      [Humongous Register: 0.1 ms]
      [Humongous Reclaim: 0.0 ms]
      [Free CSet: 1.0 ms]
   [Eden: 376.0M(376.0M)->0.0B(4484.0M) Survivors: 32768.0K->53248.0K Heap: 2896.0M(8192.0M)->2544.0M(8192.0M)]
 [Times: user=0.13 sys=0.00, real=0.02 secs] 
959.359: [GC pause (G1 Evacuation Pause) (young), 0.0552834 secs]
   [Parallel Time: 51.2 ms, GC Workers: 8]
      [GC Worker Start (ms): Min: 959359.5, Avg: 959359.5, Max: 959359.6, Diff: 0.1]
      [Ext Root Scanning (ms): Min: 0.2, Avg: 0.5, Max: 1.7, Diff: 1.5, Sum: 3.7]
      [Update RS (ms): Min: 4.5, Avg: 6.3, Max: 9.5, Diff: 5.0, Sum: 50.1]
         [Processed Buffers: Min: 0, Avg: 3.5, Max: 13, Diff: 13, Sum: 28]
      [Scan RS (ms): Min: 40.3, Avg: 43.4, Max: 44.9, Diff: 4.6, Sum: 347.4]
      [Code Root Scanning (ms): Min: 0.0, Avg: 0.0, Max: 0.0, Diff: 0.0, Sum: 0.1]
      [Object Copy (ms): Min: 0.1, Avg: 0.1, Max: 0.2, Diff: 0.1, Sum: 1.1]
      [Termination (ms): Min: 0.1, Avg: 0.1, Max: 0.3, Diff: 0.2, Sum: 1.2]
         [Termination Attempts: Min: 1, Avg: 1.0, Max: 1, Diff: 0, Sum: 8]
      [GC Worker Other (ms): Min: 0.0, Avg: 0.0, Max: 0.0, Diff: 0.0, Sum: 0.0]
      [GC Worker Total (ms): Min: 50.3, Avg: 50.5, Max: 50.6, Diff: 0.3, Sum: 403.7]
      [GC Worker End (ms): Min: 959409.9, Avg: 959410.0, Max: 959410.1, Diff: 0.2]
   [Code Root Fixup: 0.0 ms]
   [Code Root Purge: 0.0 ms]
   [Clear CT: 1.0 ms]
   [Other: 3.1 ms]
      [Choose CSet: 0.0 ms]
      [Ref Proc: 1.4 ms]
      [Ref Enq: 0.1 ms]
      [Redirty Cards: 0.4 ms]
      [Humongous Register: 0.0 ms]
      [Humongous Reclaim: 0.0 ms]
      [Free CSet: 0.9 ms]
   [Eden: 1928.0M(356.0M)->0.0B(4404.0M) Survivors: 53248.0K->53248.0K Heap: 4472.0M(8192.0M)->2662.0M(8192.0M)]
 [Times: user=0.50 sys=0.00, real=0.06 secs] 
990.571: [GC pause (G1 Evacuation Pause) (young), 0.0654365 secs]
   [Parallel Time: 61.7 ms, GC Workers: 8]
      [GC Worker Start (ms): Min: 990571.3, Avg: 990571.3, Max: 990571.4, Diff: 0.2]
      [Ext Root Scanning (ms): Min: 0.1, Avg: 0.4, Max: 1.6, Diff: 1.6, Sum: 3.4]
      [Update RS (ms): Min: 7.0, Avg: 10.0, Max: 14.3, Diff: 7.3, Sum: 80.3]
         [Processed Buffers: Min: 1, Avg: 3.8, Max: 8, Diff: 7, Sum: 30]
      [Scan RS (ms): Min: 46.2, Avg: 50.5, Max: 52.5, Diff: 6.3, Sum: 403.7]
      [Code Root Scanning (ms): Min: 0.0, Avg: 0.0, Max: 0.0, Diff: 0.0, Sum: 0.1]
      [Object Copy (ms): Min: 0.2, Avg: 0.3, Max: 0.5, Diff: 0.3, Sum: 2.6]
      [Termination (ms): Min: 0.1, Avg: 0.2, Max: 0.3, Diff: 0.2, Sum: 1.3]
         [Termination Attempts: Min: 1, Avg: 1.0, Max: 1, Diff: 0, Sum: 8]
      [GC Worker Other (ms): Min: 0.0, Avg: 0.0, Max: 0.0, Diff: 0.0, Sum: 0.0]
      [GC Worker Total (ms): Min: 61.3, Avg: 61.4, Max: 61.5, Diff: 0.3, Sum: 491.4]
      [GC Worker End (ms): Min: 990632.7, Avg: 990632.8, Max: 990632.9, Diff: 0.2]
   [Code Root Fixup: 0.0 ms]
   [Code Root Purge: 0.0 ms]
   [Clear CT: 0.9 ms]
   [Other: 2.8 ms]
      [Choose CSet: 0.0 ms]
      [Ref Proc: 1.5 ms]
      [Ref Enq: 0.0 ms]
      [Redirty Cards: 0.4 ms]
      [Humongous Register: 0.1 ms]
      [Humongous Reclaim: 0.0 ms]
      [Free CSet: 0.5 ms]
   [Eden: 3332.0M(356.0M)->0.0B(4236.0M) Survivors: 53248.0K->53248.0K Heap: 5994.0M(8192.0M)->2852.0M(8192.0M)]
 [Times: user=0.50 sys=0.00, real=0.07 secs] 
1029.944: [GC pause (G1 Evacuation Pause) (young), 0.0822942 secs]
   [Parallel Time: 76.1 ms, GC Workers: 8]
      [GC Worker Start (ms): Min: 1029944.4, Avg: 1029944.5, Max: 1029944.5, Diff: 0.1]
      [Ext Root Scanning (ms): Min: 0.2, Avg: 0.5, Max: 1.8, Diff: 1.6, Sum: 3.9]
      [Update RS (ms): Min: 11.2, Avg: 14.9, Max: 25.4, Diff: 14.2, Sum: 119.6]
         [Processed Buffers: Min: 1, Avg: 4.0, Max: 14, Diff: 13, Sum: 32]
      [Scan RS (ms): Min: 49.9, Avg: 60.1, Max: 64.0, Diff: 14.1, Sum: 480.7]
      [Code Root Scanning (ms): Min: 0.0, Avg: 0.0, Max: 0.0, Diff: 0.0, Sum: 0.2]
      [Object Copy (ms): Min: 0.1, Avg: 0.1, Max: 0.1, Diff: 0.1, Sum: 0.9]
      [Termination (ms): Min: 0.0, Avg: 0.1, Max: 0.2, Diff: 0.2, Sum: 1.2]
         [Termination Attempts: Min: 1, Avg: 1.0, Max: 1, Diff: 0, Sum: 8]
      [GC Worker Other (ms): Min: 0.0, Avg: 0.0, Max: 0.0, Diff: 0.0, Sum: 0.1]
      [GC Worker Total (ms): Min: 75.6, Avg: 75.8, Max: 75.9, Diff: 0.3, Sum: 606.5]
      [GC Worker End (ms): Min: 1030020.2, Avg: 1030020.3, Max: 1030020.3, Diff: 0.2]
   [Code Root Fixup: 0.0 ms]
   [Code Root Purge: 0.0 ms]
   [Clear CT: 1.5 ms]
   [Other: 4.6 ms]
      [Choose CSet: 0.0 ms]
      [Ref Proc: 2.7 ms]
      [Ref Enq: 0.1 ms]
      [Redirty Cards: 0.1 ms]
      [Humongous Register: 0.0 ms]
      [Humongous Reclaim: 0.0 ms]
      [Free CSet: 1.2 ms]
   [Eden: 4236.0M(4236.0M)->0.0B(3996.0M) Survivors: 53248.0K->288.0M Heap: 7088.0M(8192.0M)->3088.0M(8192.0M)]
 [Times: user=0.63 sys=0.00, real=0.08 secs] 
1065.357: [GC pause (G1 Evacuation Pause) (young), 0.1318911 secs]
   [Parallel Time: 126.7 ms, GC Workers: 8]
      [GC Worker Start (ms): Min: 1065357.4, Avg: 1065357.5, Max: 1065357.5, Diff: 0.1]
      [Ext Root Scanning (ms): Min: 0.2, Avg: 0.5, Max: 1.7, Diff: 1.4, Sum: 4.2]
      [Update RS (ms): Min: 25.5, Avg: 40.1, Max: 70.9, Diff: 45.5, Sum: 320.9]
         [Processed Buffers: Min: 1, Avg: 3.8, Max: 14, Diff: 13, Sum: 30]
      [Scan RS (ms): Min: 54.8, Avg: 85.5, Max: 99.9, Diff: 45.0, Sum: 683.7]
      [Code Root Scanning (ms): Min: 0.0, Avg: 0.0, Max: 0.0, Diff: 0.0, Sum: 0.2]
      [Object Copy (ms): Min: 0.0, Avg: 0.1, Max: 0.1, Diff: 0.1, Sum: 0.8]
      [Termination (ms): Min: 0.0, Avg: 0.1, Max: 0.2, Diff: 0.2, Sum: 0.7]
         [Termination Attempts: Min: 1, Avg: 1.0, Max: 1, Diff: 0, Sum: 8]
      [GC Worker Other (ms): Min: 0.0, Avg: 0.0, Max: 0.0, Diff: 0.0, Sum: 0.1]
      [GC Worker Total (ms): Min: 126.2, Avg: 126.3, Max: 126.5, Diff: 0.2, Sum: 1010.5]
      [GC Worker End (ms): Min: 1065483.7, Avg: 1065483.8, Max: 1065483.9, Diff: 0.1]
   [Code Root Fixup: 0.0 ms]
   [Code Root Purge: 0.0 ms]
   [Clear CT: 1.4 ms]
   [Other: 3.8 ms]
      [Choose CSet: 0.0 ms]
      [Ref Proc: 1.8 ms]
      [Ref Enq: 0.0 ms]
      [Redirty Cards: 0.6 ms]
      [Humongous Register: 0.0 ms]
      [Humongous Reclaim: 0.0 ms]
      [Free CSet: 0.9 ms]
   [Eden: 3880.0M(3504.0M)->0.0B(3808.0M) Survivors: 288.0M->232.0M Heap: 6968.0M(8192.0M)->3304.0M(8192.0M)]
 [Times: user=1.13 sys=0.00, real=0.13 secs] 
1095.986: [GC pause (G1 Evacuation Pause) (young), 0.1363214 secs]
   [Parallel Time: 131.0 ms, GC Workers: 8]
      [GC Worker Start (ms): Min: 1095986.3, Avg: 1095986.4, Max: 1095986.4, Diff: 0.1]
      [Ext Root Scanning (ms): Min: 0.3, Avg: 0.6, Max: 2.3, Diff: 2.0, Sum: 5.1]
      [Update RS (ms): Min: 9.3, Avg: 16.1, Max: 29.5, Diff: 20.1, Sum: 129.0]
         [Processed Buffers: Min: 1, Avg: 4.0, Max: 10, Diff: 9, Sum: 32]
      [Scan RS (ms): Min: 100.7, Avg: 113.8, Max: 119.1, Diff: 18.4, Sum: 910.5]
      [Code Root Scanning (ms): Min: 0.0, Avg: 0.0, Max: 0.0, Diff: 0.0, Sum: 0.3]
      [Object Copy (ms): Min: 0.0, Avg: 0.2, Max: 0.2, Diff: 0.2, Sum: 1.3]
      [Termination (ms): Min: 0.0, Avg: 0.0, Max: 0.1, Diff: 0.1, Sum: 0.3]
         [Termination Attempts: Min: 1, Avg: 1.0, Max: 1, Diff: 0, Sum: 8]
      [GC Worker Other (ms): Min: 0.0, Avg: 0.0, Max: 0.1, Diff: 0.1, Sum: 0.3]
      [GC Worker Total (ms): Min: 130.8, Avg: 130.8, Max: 130.9, Diff: 0.1, Sum: 1046.8]
      [GC Worker End (ms): Min: 1096117.2, Avg: 1096117.2, Max: 1096117.3, Diff: 0.1]
   [Code Root Fixup: 0.0 ms]
   [Code Root Purge: 0.0 ms]
   [Clear CT: 1.3 ms]
   [Other: 4.0 ms]
      [Choose CSet: 0.0 ms]
      [Ref Proc: 1.8 ms]
      [Ref Enq: 0.2 ms]
      [Redirty Cards: 0.6 ms]
      [Humongous Register: 0.1 ms]
      [Humongous Reclaim: 0.0 ms]
      [Free CSet: 0.9 ms]
   [Eden: 3380.0M(176.0M)->0.0B(3640.0M) Survivors: 232.0M->53248.0K Heap: 6684.0M(8192.0M)->3486.0M(8192.0M)]
 [Times: user=1.11 sys=0.00, real=0.14 secs] 
