[0.007s][info][gc,init] CardTable entry size: 512
[0.007s][info][gc     ] Using Serial
[0.019s][info][gc,init] Version: 22.0.2+9 (release)
[0.019s][info][gc,init] CPUs: 16 total, 8 available
[0.019s][info][gc,init] Memory: 16099M
[0.019s][info][gc,init] Large Page Support: Disabled
[0.019s][info][gc,init] NUMA Support: Disabled
[0.019s][info][gc,init] Compressed Oops: Enabled (Zero based)
[0.019s][info][gc,init] Heap Min Capacity: 8G
[0.019s][info][gc,init] Heap Initial Capacity: 8G
[0.019s][info][gc,init] Heap Max Capacity: 8G
[0.019s][info][gc,init] Pre-touch: Disabled
[0.039s][info][gc,metaspace] CDS archive(s) mapped at: [0x0000014880000000-0x0000014880c60000-0x0000014880c60000), size 12976128, SharedBaseAddress: 0x0000014880000000, ArchiveRelocationMode: 1.
[0.039s][info][gc,metaspace] Compressed class space mapped at: 0x0000014881000000-0x00000148c1000000, reserved size: 1073741824
[0.039s][info][gc,metaspace] Narrow klass base: 0x0000014880000000, Narrow klass shift: 0, Narrow klass range: 0x41000000
[1.861s][info][gc,start    ] GC(0) Pause Full (Metadata GC Threshold)
[1.861s][info][gc,phases,start] GC(0) Phase 1: Mark live objects
[1.872s][info][gc,phases      ] GC(0) Phase 1: Mark live objects 10.780ms
[1.872s][info][gc,phases,start] GC(0) Phase 2: Compute new object addresses
[1.880s][info][gc,phases      ] GC(0) Phase 2: Compute new object addresses 8.050ms
[1.880s][info][gc,phases,start] GC(0) Phase 3: Adjust pointers
[1.887s][info][gc,phases      ] GC(0) Phase 3: Adjust pointers 6.335ms
[1.887s][info][gc,phases,start] GC(0) Phase 4: Move objects
[1.893s][info][gc,phases      ] GC(0) Phase 4: Move objects 6.097ms
[1.894s][info][gc,heap        ] GC(0) DefNew: 1050571K(2516544K)->0K(2516544K) Eden: 1050571K(2236928K)->0K(2236928K) From: 0K(279616K)->0K(279616K)
[1.894s][info][gc,heap        ] GC(0) Tenured: 0K(5592448K)->13888K(5592448K)
[1.894s][info][gc,metaspace   ] GC(0) Metaspace: 21032K(21504K)->21032K(21504K) NonClass: 18582K(18816K)->18582K(18816K) Class: 2450K(2688K)->2450K(2688K)
[1.894s][info][gc             ] GC(0) Pause Full (Metadata GC Threshold) 1025M->13M(7918M) 32.356ms
[1.894s][info][gc,cpu         ] GC(0) User=0.03s Sys=0.00s Real=0.03s
[2.612s][info][gc,start       ] GC(1) Pause Full (Metadata GC Threshold)
[2.612s][info][gc,phases,start] GC(1) Phase 1: Mark live objects
[2.649s][info][gc,phases      ] GC(1) Phase 1: Mark live objects 37.677ms
[2.650s][info][gc,phases,start] GC(1) Phase 2: Compute new object addresses
[2.685s][info][gc,phases      ] GC(1) Phase 2: Compute new object addresses 35.454ms
[2.685s][info][gc,phases,start] GC(1) Phase 3: Adjust pointers
[2.714s][info][gc,phases      ] GC(1) Phase 3: Adjust pointers 28.869ms
[2.714s][info][gc,phases,start] GC(1) Phase 4: Move objects
[2.737s][info][gc,phases      ] GC(1) Phase 4: Move objects 23.502ms
[2.738s][info][gc,heap        ] GC(1) DefNew: 519007K(2516544K)->0K(2516544K) Eden: 519007K(2236928K)->0K(2236928K) From: 0K(279616K)->0K(279616K)
[2.738s][info][gc,heap        ] GC(1) Tenured: 13888K(5592448K)->57018K(5592448K)
[2.738s][info][gc,metaspace   ] GC(1) Metaspace: 35328K(35840K)->35322K(35840K) NonClass: 31122K(31424K)->31117K(31424K) Class: 4206K(4416K)->4204K(4416K)
[2.738s][info][gc             ] GC(1) Pause Full (Metadata GC Threshold) 520M->55M(7918M) 126.528ms
[2.738s][info][gc,cpu         ] GC(1) User=0.12s Sys=0.00s Real=0.13s
[4.563s][info][gc,start       ] GC(2) Pause Full (Metadata GC Threshold)
[4.563s][info][gc,phases,start] GC(2) Phase 1: Mark live objects
[4.687s][info][gc,phases      ] GC(2) Phase 1: Mark live objects 124.195ms
[4.687s][info][gc,phases,start] GC(2) Phase 2: Compute new object addresses
[4.810s][info][gc,phases      ] GC(2) Phase 2: Compute new object addresses 123.092ms
[4.810s][info][gc,phases,start] GC(2) Phase 3: Adjust pointers
[4.904s][info][gc,phases      ] GC(2) Phase 3: Adjust pointers 93.876ms
[4.904s][info][gc,phases,start] GC(2) Phase 4: Move objects
[4.976s][info][gc,phases      ] GC(2) Phase 4: Move objects 71.682ms
[4.977s][info][gc,heap        ] GC(2) DefNew: 864946K(2516544K)->0K(2516544K) Eden: 864946K(2236928K)->0K(2236928K) From: 0K(279616K)->0K(279616K)
[4.977s][info][gc,heap        ] GC(2) Tenured: 57018K(5592448K)->175065K(5592448K)
[4.977s][info][gc,metaspace   ] GC(2) Metaspace: 59046K(59776K)->59046K(59776K) NonClass: 50582K(51008K)->50582K(51008K) Class: 8464K(8768K)->8464K(8768K)
[4.977s][info][gc             ] GC(2) Pause Full (Metadata GC Threshold) 900M->170M(7918M) 414.477ms
[4.977s][info][gc,cpu         ] GC(2) User=0.41s Sys=0.02s Real=0.41s
[8.186s][info][gc,start       ] GC(3) Pause Full (Metadata GC Threshold)
[8.186s][info][gc,phases,start] GC(3) Phase 1: Mark live objects
[8.347s][info][gc,phases      ] GC(3) Phase 1: Mark live objects 160.690ms
[8.347s][info][gc,phases,start] GC(3) Phase 2: Compute new object addresses
[8.504s][info][gc,phases      ] GC(3) Phase 2: Compute new object addresses 157.366ms
[8.504s][info][gc,phases,start] GC(3) Phase 3: Adjust pointers
[8.616s][info][gc,phases      ] GC(3) Phase 3: Adjust pointers 111.907ms
[8.616s][info][gc,phases,start] GC(3) Phase 4: Move objects
[8.698s][info][gc,phases      ] GC(3) Phase 4: Move objects 81.789ms
[8.700s][info][gc,heap        ] GC(3) DefNew: 1217264K(2516544K)->0K(2516544K) Eden: 1217264K(2236928K)->0K(2236928K) From: 0K(279616K)->0K(279616K)
[8.700s][info][gc,heap        ] GC(3) Tenured: 175065K(5592448K)->214142K(5592448K)
[8.700s][info][gc,metaspace   ] GC(3) Metaspace: 98625K(99648K)->98625K(99648K) NonClass: 85038K(85632K)->85038K(85632K) Class: 13587K(14016K)->13587K(14016K)
[8.700s][info][gc             ] GC(3) Pause Full (Metadata GC Threshold) 1359M->209M(7918M) 514.568ms
[8.701s][info][gc,cpu         ] GC(3) User=0.52s Sys=0.00s Real=0.52s
[16.775s][info][gc,start       ] GC(4) Pause Young (Allocation Failure)
[16.940s][info][gc,heap        ] GC(4) DefNew: 2236928K(2516544K)->103735K(2516544K) Eden: 2236928K(2236928K)->0K(2236928K) From: 0K(279616K)->103735K(279616K)
[16.940s][info][gc,heap        ] GC(4) Tenured: 214142K(5592448K)->214142K(5592448K)
[16.940s][info][gc,metaspace   ] GC(4) Metaspace: 124095K(125248K)->124095K(125248K) NonClass: 104399K(105088K)->104399K(105088K) Class: 19695K(20160K)->19695K(20160K)
[16.940s][info][gc             ] GC(4) Pause Young (Allocation Failure) 2393M->310M(7918M) 164.985ms
[16.940s][info][gc,cpu         ] GC(4) User=0.14s Sys=0.02s Real=0.16s
[20.204s][info][gc,start       ] GC(5) Pause Young (Allocation Failure)
[20.356s][info][gc,heap        ] GC(5) DefNew: 2340663K(2516544K)->157488K(2516544K) Eden: 2236928K(2236928K)->0K(2236928K) From: 103735K(279616K)->157488K(279616K)
[20.356s][info][gc,heap        ] GC(5) Tenured: 214142K(5592448K)->214142K(5592448K)
[20.356s][info][gc,metaspace   ] GC(5) Metaspace: 127886K(129216K)->127886K(129216K) NonClass: 107738K(108544K)->107738K(108544K) Class: 20148K(20672K)->20148K(20672K)
[20.356s][info][gc             ] GC(5) Pause Young (Allocation Failure) 2494M->362M(7918M) 152.165ms
[20.356s][info][gc,cpu         ] GC(5) User=0.16s Sys=0.02s Real=0.15s
[24.678s][info][gc,start       ] GC(6) Pause Full (CodeCache GC Threshold)
[24.678s][info][gc,phases,start] GC(6) Phase 1: Mark live objects
[24.893s][info][gc,phases      ] GC(6) Phase 1: Mark live objects 214.791ms
[24.893s][info][gc,phases,start] GC(6) Phase 2: Compute new object addresses
[25.240s][info][gc,phases      ] GC(6) Phase 2: Compute new object addresses 346.605ms
[25.240s][info][gc,phases,start] GC(6) Phase 3: Adjust pointers
[25.358s][info][gc,phases      ] GC(6) Phase 3: Adjust pointers 118.524ms
[25.358s][info][gc,phases,start] GC(6) Phase 4: Move objects
[25.429s][info][gc,phases      ] GC(6) Phase 4: Move objects 70.712ms
[25.433s][info][gc,heap        ] GC(6) DefNew: 2130819K(2516544K)->0K(2516544K) Eden: 1973331K(2236928K)->0K(2236928K) From: 157488K(279616K)->0K(279616K)
[25.433s][info][gc,heap        ] GC(6) Tenured: 214142K(5592448K)->393548K(5592448K)
[25.433s][info][gc,metaspace   ] GC(6) Metaspace: 129136K(130432K)->128995K(130432K) NonClass: 108852K(109632K)->108751K(109632K) Class: 20283K(20800K)->20244K(20800K)
[25.433s][info][gc             ] GC(6) Pause Full (CodeCache GC Threshold) 2290M->384M(7918M) 754.588ms
[25.433s][info][gc,cpu         ] GC(6) User=0.72s Sys=0.03s Real=0.75s
[29.184s][info][gc,start       ] GC(7) Pause Young (Allocation Failure)
[29.238s][info][gc,heap        ] GC(7) DefNew: 2236928K(2516544K)->47289K(2516544K) Eden: 2236928K(2236928K)->0K(2236928K) From: 0K(279616K)->47289K(279616K)
[29.238s][info][gc,heap        ] GC(7) Tenured: 393548K(5592448K)->393548K(5592448K)
[29.238s][info][gc,metaspace   ] GC(7) Metaspace: 130388K(131584K)->130388K(131584K) NonClass: 109937K(110656K)->109937K(110656K) Class: 20451K(20928K)->20451K(20928K)
[29.238s][info][gc             ] GC(7) Pause Young (Allocation Failure) 2568M->430M(7918M) 54.575ms
[29.238s][info][gc,cpu         ] GC(7) User=0.05s Sys=0.00s Real=0.06s
[32.522s][info][gc,start       ] GC(8) Pause Young (Allocation Failure)
[32.587s][info][gc,heap        ] GC(8) DefNew: 2284217K(2516544K)->78875K(2516544K) Eden: 2236928K(2236928K)->0K(2236928K) From: 47289K(279616K)->78875K(279616K)
[32.587s][info][gc,heap        ] GC(8) Tenured: 393548K(5592448K)->393548K(5592448K)
[32.587s][info][gc,metaspace   ] GC(8) Metaspace: 130845K(132096K)->130845K(132096K) NonClass: 110356K(111104K)->110356K(111104K) Class: 20489K(20992K)->20489K(20992K)
[32.587s][info][gc             ] GC(8) Pause Young (Allocation Failure) 2615M->461M(7918M) 65.775ms
[32.587s][info][gc,cpu         ] GC(8) User=0.06s Sys=0.02s Real=0.07s
[35.604s][info][gc,start       ] GC(9) Pause Young (Allocation Failure)
[35.688s][info][gc,heap        ] GC(9) DefNew: 2315803K(2516544K)->101764K(2516544K) Eden: 2236928K(2236928K)->0K(2236928K) From: 78875K(279616K)->101764K(279616K)
[35.688s][info][gc,heap        ] GC(9) Tenured: 393548K(5592448K)->393548K(5592448K)
[35.688s][info][gc,metaspace   ] GC(9) Metaspace: 131131K(132416K)->131131K(132416K) NonClass: 110614K(111360K)->110614K(111360K) Class: 20516K(21056K)->20516K(21056K)
[35.688s][info][gc             ] GC(9) Pause Young (Allocation Failure) 2645M->483M(7918M) 83.879ms
[35.688s][info][gc,cpu         ] GC(9) User=0.08s Sys=0.00s Real=0.08s
[38.998s][info][gc,start       ] GC(10) Pause Young (Allocation Failure)
[39.087s][info][gc,heap        ] GC(10) DefNew: 2338692K(2516544K)->117387K(2516544K) Eden: 2236928K(2236928K)->0K(2236928K) From: 101764K(279616K)->117387K(279616K)
[39.087s][info][gc,heap        ] GC(10) Tenured: 393548K(5592448K)->393548K(5592448K)
[39.087s][info][gc,metaspace   ] GC(10) Metaspace: 131295K(132544K)->131295K(132544K) NonClass: 110776K(111488K)->110776K(111488K) Class: 20519K(21056K)->20519K(21056K)
[39.087s][info][gc             ] GC(10) Pause Young (Allocation Failure) 2668M->498M(7918M) 88.550ms
[39.087s][info][gc,cpu         ] GC(10) User=0.09s Sys=0.00s Real=0.09s
[42.006s][info][gc,start       ] GC(11) Pause Young (Allocation Failure)
[42.107s][info][gc,heap        ] GC(11) DefNew: 2354315K(2516544K)->118380K(2516544K) Eden: 2236928K(2236928K)->0K(2236928K) From: 117387K(279616K)->118380K(279616K)
[42.107s][info][gc,heap        ] GC(11) Tenured: 393548K(5592448K)->393548K(5592448K)
[42.107s][info][gc,metaspace   ] GC(11) Metaspace: 131469K(132736K)->131469K(132736K) NonClass: 110926K(111616K)->110926K(111616K) Class: 20543K(21120K)->20543K(21120K)
[42.107s][info][gc             ] GC(11) Pause Young (Allocation Failure) 2683M->499M(7918M) 101.017ms
[42.107s][info][gc,cpu         ] GC(11) User=0.11s Sys=0.00s Real=0.10s
[45.266s][info][gc,start       ] GC(12) Pause Young (Allocation Failure)
[45.349s][info][gc,heap        ] GC(12) DefNew: 2355308K(2516544K)->110800K(2516544K) Eden: 2236928K(2236928K)->0K(2236928K) From: 118380K(279616K)->110800K(279616K)
[45.349s][info][gc,heap        ] GC(12) Tenured: 393548K(5592448K)->393548K(5592448K)
[45.349s][info][gc,metaspace   ] GC(12) Metaspace: 131643K(132928K)->131643K(132928K) NonClass: 111091K(111808K)->111091K(111808K) Class: 20552K(21120K)->20552K(21120K)
[45.349s][info][gc             ] GC(12) Pause Young (Allocation Failure) 2684M->492M(7918M) 82.929ms
[45.349s][info][gc,cpu         ] GC(12) User=0.08s Sys=0.00s Real=0.08s
[48.375s][info][gc,start       ] GC(13) Pause Young (Allocation Failure)
[48.457s][info][gc,heap        ] GC(13) DefNew: 2347728K(2516544K)->116339K(2516544K) Eden: 2236928K(2236928K)->0K(2236928K) From: 110800K(279616K)->116339K(279616K)
[48.457s][info][gc,heap        ] GC(13) Tenured: 393548K(5592448K)->393548K(5592448K)
[48.457s][info][gc,metaspace   ] GC(13) Metaspace: 131694K(132992K)->131694K(132992K) NonClass: 111132K(111872K)->111132K(111872K) Class: 20561K(21120K)->20561K(21120K)
[48.457s][info][gc             ] GC(13) Pause Young (Allocation Failure) 2677M->497M(7918M) 82.498ms
[48.457s][info][gc,cpu         ] GC(13) User=0.08s Sys=0.00s Real=0.08s
[52.122s][info][gc,start       ] GC(14) Pause Young (Allocation Failure)
[52.223s][info][gc,heap        ] GC(14) DefNew: 2353267K(2516544K)->132147K(2516544K) Eden: 2236928K(2236928K)->0K(2236928K) From: 116339K(279616K)->132147K(279616K)
[52.223s][info][gc,heap        ] GC(14) Tenured: 393548K(5592448K)->393548K(5592448K)
[52.223s][info][gc,metaspace   ] GC(14) Metaspace: 131768K(133056K)->131768K(133056K) NonClass: 111206K(111936K)->111206K(111936K) Class: 20561K(21120K)->20561K(21120K)
[52.223s][info][gc             ] GC(14) Pause Young (Allocation Failure) 2682M->513M(7918M) 100.621ms
[52.223s][info][gc,cpu         ] GC(14) User=0.09s Sys=0.00s Real=0.10s
[54.827s][info][gc,start       ] GC(15) Pause Young (Allocation Failure)
[54.942s][info][gc,heap        ] GC(15) DefNew: 2369075K(2516544K)->140008K(2516544K) Eden: 2236928K(2236928K)->0K(2236928K) From: 132147K(279616K)->140008K(279616K)
[54.942s][info][gc,heap        ] GC(15) Tenured: 393548K(5592448K)->393548K(5592448K)
[54.942s][info][gc,metaspace   ] GC(15) Metaspace: 131822K(133056K)->131822K(133056K) NonClass: 111259K(111936K)->111259K(111936K) Class: 20562K(21120K)->20562K(21120K)
[54.942s][info][gc             ] GC(15) Pause Young (Allocation Failure) 2697M->521M(7918M) 115.514ms
[54.942s][info][gc,cpu         ] GC(15) User=0.11s Sys=0.00s Real=0.12s
[57.869s][info][gc,start       ] GC(16) Pause Young (Allocation Failure)
[57.975s][info][gc,heap        ] GC(16) DefNew: 2376936K(2516544K)->99909K(2516544K) Eden: 2236928K(2236928K)->0K(2236928K) From: 140008K(279616K)->99909K(279616K)
[57.975s][info][gc,heap        ] GC(16) Tenured: 393548K(5592448K)->430506K(5592448K)
[57.976s][info][gc,metaspace   ] GC(16) Metaspace: 131870K(133120K)->131870K(133120K) NonClass: 111304K(112000K)->111304K(112000K) Class: 20566K(21120K)->20566K(21120K)
[57.976s][info][gc             ] GC(16) Pause Young (Allocation Failure) 2705M->517M(7918M) 106.183ms
[57.976s][info][gc,cpu         ] GC(16) User=0.11s Sys=0.00s Real=0.11s
[60.952s][info][gc,start       ] GC(17) Pause Young (Allocation Failure)
[61.023s][info][gc,heap        ] GC(17) DefNew: 2336837K(2516544K)->95745K(2516544K) Eden: 2236928K(2236928K)->0K(2236928K) From: 99909K(279616K)->95745K(279616K)
[61.023s][info][gc,heap        ] GC(17) Tenured: 430506K(5592448K)->430506K(5592448K)
[61.023s][info][gc,metaspace   ] GC(17) Metaspace: 131935K(133184K)->131935K(133184K) NonClass: 111364K(112064K)->111364K(112064K) Class: 20571K(21120K)->20571K(21120K)
[61.023s][info][gc             ] GC(17) Pause Young (Allocation Failure) 2702M->513M(7918M) 71.124ms
[61.023s][info][gc,cpu         ] GC(17) User=0.08s Sys=0.00s Real=0.07s
[63.739s][info][gc,start       ] GC(18) Pause Young (Allocation Failure)
[63.813s][info][gc,heap        ] GC(18) DefNew: 2332673K(2516544K)->99225K(2516544K) Eden: 2236928K(2236928K)->0K(2236928K) From: 95745K(279616K)->99225K(279616K)
[63.813s][info][gc,heap        ] GC(18) Tenured: 430506K(5592448K)->430506K(5592448K)
[63.813s][info][gc,metaspace   ] GC(18) Metaspace: 131967K(133184K)->131967K(133184K) NonClass: 111396K(112064K)->111396K(112064K) Class: 20571K(21120K)->20571K(21120K)
[63.813s][info][gc             ] GC(18) Pause Young (Allocation Failure) 2698M->517M(7918M) 73.712ms
[63.813s][info][gc,cpu         ] GC(18) User=0.08s Sys=0.00s Real=0.07s
[66.607s][info][gc,start       ] GC(19) Pause Young (Allocation Failure)
[66.698s][info][gc,heap        ] GC(19) DefNew: 2336153K(2516544K)->104483K(2516544K) Eden: 2236928K(2236928K)->0K(2236928K) From: 99225K(279616K)->104483K(279616K)
[66.698s][info][gc,heap        ] GC(19) Tenured: 430506K(5592448K)->430506K(5592448K)
[66.698s][info][gc,metaspace   ] GC(19) Metaspace: 132006K(133248K)->132006K(133248K) NonClass: 111432K(112128K)->111432K(112128K) Class: 20573K(21120K)->20573K(21120K)
[66.698s][info][gc             ] GC(19) Pause Young (Allocation Failure) 2701M->522M(7918M) 91.712ms
[66.698s][info][gc,cpu         ] GC(19) User=0.09s Sys=0.00s Real=0.09s
[70.735s][info][gc,start       ] GC(20) Pause Young (Allocation Failure)
[70.818s][info][gc,heap        ] GC(20) DefNew: 2341411K(2516544K)->99631K(2516544K) Eden: 2236928K(2236928K)->0K(2236928K) From: 104483K(279616K)->99631K(279616K)
[70.818s][info][gc,heap        ] GC(20) Tenured: 430506K(5592448K)->430506K(5592448K)
[70.818s][info][gc,metaspace   ] GC(20) Metaspace: 132079K(133312K)->132079K(133312K) NonClass: 111496K(112192K)->111496K(112192K) Class: 20582K(21120K)->20582K(21120K)
[70.818s][info][gc             ] GC(20) Pause Young (Allocation Failure) 2706M->517M(7918M) 82.674ms
[70.818s][info][gc,cpu         ] GC(20) User=0.08s Sys=0.00s Real=0.08s
[73.547s][info][gc,start       ] GC(21) Pause Young (Allocation Failure)
[73.622s][info][gc,heap        ] GC(21) DefNew: 2336559K(2516544K)->98695K(2516544K) Eden: 2236928K(2236928K)->0K(2236928K) From: 99631K(279616K)->98695K(279616K)
[73.622s][info][gc,heap        ] GC(21) Tenured: 430506K(5592448K)->430506K(5592448K)
[73.622s][info][gc,metaspace   ] GC(21) Metaspace: 132167K(133504K)->132167K(133504K) NonClass: 111570K(112320K)->111570K(112320K) Class: 20597K(21184K)->20597K(21184K)
[73.622s][info][gc             ] GC(21) Pause Young (Allocation Failure) 2702M->516M(7918M) 74.640ms
[73.622s][info][gc,cpu         ] GC(21) User=0.08s Sys=0.00s Real=0.08s
[78.156s][info][gc,start       ] GC(22) Pause Young (Allocation Failure)
[78.234s][info][gc,heap        ] GC(22) DefNew: 2335623K(2516544K)->86887K(2516544K) Eden: 2236928K(2236928K)->0K(2236928K) From: 98695K(279616K)->86887K(279616K)
[78.234s][info][gc,heap        ] GC(22) Tenured: 430506K(5592448K)->430506K(5592448K)
[78.234s][info][gc,metaspace   ] GC(22) Metaspace: 132183K(133504K)->132183K(133504K) NonClass: 111586K(112320K)->111586K(112320K) Class: 20597K(21184K)->20597K(21184K)
[78.234s][info][gc             ] GC(22) Pause Young (Allocation Failure) 2701M->505M(7918M) 78.020ms
[78.234s][info][gc,cpu         ] GC(22) User=0.08s Sys=0.00s Real=0.08s
[81.403s][info][gc,start       ] GC(23) Pause Young (Allocation Failure)
[81.484s][info][gc,heap        ] GC(23) DefNew: 2323815K(2516544K)->95874K(2516544K) Eden: 2236928K(2236928K)->0K(2236928K) From: 86887K(279616K)->95874K(279616K)
[81.484s][info][gc,heap        ] GC(23) Tenured: 430506K(5592448K)->436499K(5592448K)
[81.484s][info][gc,metaspace   ] GC(23) Metaspace: 132207K(133504K)->132207K(133504K) NonClass: 111608K(112320K)->111608K(112320K) Class: 20598K(21184K)->20598K(21184K)
[81.484s][info][gc             ] GC(23) Pause Young (Allocation Failure) 2689M->519M(7918M) 81.018ms
[81.484s][info][gc,cpu         ] GC(23) User=0.08s Sys=0.00s Real=0.08s
[84.070s][info][gc,start       ] GC(24) Pause Young (Allocation Failure)
[84.169s][info][gc,heap        ] GC(24) DefNew: 2332802K(2516544K)->96597K(2516544K) Eden: 2236928K(2236928K)->0K(2236928K) From: 95874K(279616K)->96597K(279616K)
[84.169s][info][gc,heap        ] GC(24) Tenured: 436499K(5592448K)->449249K(5592448K)
[84.169s][info][gc,metaspace   ] GC(24) Metaspace: 132224K(133504K)->132224K(133504K) NonClass: 111625K(112320K)->111625K(112320K) Class: 20599K(21184K)->20599K(21184K)
[84.169s][info][gc             ] GC(24) Pause Young (Allocation Failure) 2704M->533M(7918M) 98.936ms
[84.169s][info][gc,cpu         ] GC(24) User=0.17s Sys=0.02s Real=0.10s
[87.091s][info][gc,start       ] GC(25) Pause Young (Allocation Failure)
[87.167s][info][gc,heap        ] GC(25) DefNew: 2333525K(2516544K)->88279K(2516544K) Eden: 2236928K(2236928K)->0K(2236928K) From: 96597K(279616K)->88279K(279616K)
[87.167s][info][gc,heap        ] GC(25) Tenured: 449249K(5592448K)->449982K(5592448K)
[87.167s][info][gc,metaspace   ] GC(25) Metaspace: 132228K(133504K)->132228K(133504K) NonClass: 111629K(112320K)->111629K(112320K) Class: 20599K(21184K)->20599K(21184K)
[87.167s][info][gc             ] GC(25) Pause Young (Allocation Failure) 2717M->525M(7918M) 76.376ms
[87.167s][info][gc,cpu         ] GC(25) User=0.08s Sys=0.00s Real=0.08s
[90.343s][info][gc,start       ] GC(26) Pause Young (Allocation Failure)
[90.403s][info][gc,heap        ] GC(26) DefNew: 2325207K(2516544K)->72823K(2516544K) Eden: 2236928K(2236928K)->0K(2236928K) From: 88279K(279616K)->72823K(279616K)
[90.403s][info][gc,heap        ] GC(26) Tenured: 449982K(5592448K)->450551K(5592448K)
[90.403s][info][gc,metaspace   ] GC(26) Metaspace: 132260K(133568K)->132260K(133568K) NonClass: 111657K(112384K)->111657K(112384K) Class: 20602K(21184K)->20602K(21184K)
[90.403s][info][gc             ] GC(26) Pause Young (Allocation Failure) 2710M->511M(7918M) 59.903ms
[90.403s][info][gc,cpu         ] GC(26) User=0.06s Sys=0.00s Real=0.06s
[93.136s][info][gc,start       ] GC(27) Pause Young (Allocation Failure)
[93.208s][info][gc,heap        ] GC(27) DefNew: 2309751K(2516544K)->84893K(2516544K) Eden: 2236928K(2236928K)->0K(2236928K) From: 72823K(279616K)->84893K(279616K)
[93.208s][info][gc,heap        ] GC(27) Tenured: 450551K(5592448K)->451617K(5592448K)
[93.208s][info][gc,metaspace   ] GC(27) Metaspace: 132265K(133568K)->132265K(133568K) NonClass: 111663K(112384K)->111663K(112384K) Class: 20602K(21184K)->20602K(21184K)
[93.208s][info][gc             ] GC(27) Pause Young (Allocation Failure) 2695M->523M(7918M) 72.339ms
[93.208s][info][gc,cpu         ] GC(27) User=0.06s Sys=0.00s Real=0.07s
[96.275s][info][gc,start       ] GC(28) Pause Young (Allocation Failure)
[96.346s][info][gc,heap        ] GC(28) DefNew: 2321821K(2516544K)->79780K(2516544K) Eden: 2236928K(2236928K)->0K(2236928K) From: 84893K(279616K)->79780K(279616K)
[96.346s][info][gc,heap        ] GC(28) Tenured: 451617K(5592448K)->453558K(5592448K)
[96.346s][info][gc,metaspace   ] GC(28) Metaspace: 132331K(133632K)->132331K(133632K) NonClass: 111729K(112448K)->111729K(112448K) Class: 20602K(21184K)->20602K(21184K)
[96.346s][info][gc             ] GC(28) Pause Young (Allocation Failure) 2708M->520M(7918M) 70.602ms
[96.346s][info][gc,cpu         ] GC(28) User=0.06s Sys=0.00s Real=0.07s
[98.718s][info][gc,start       ] GC(29) Pause Young (Allocation Failure)
[98.769s][info][gc,heap        ] GC(29) DefNew: 2316708K(2516544K)->57066K(2516544K) Eden: 2236928K(2236928K)->0K(2236928K) From: 79780K(279616K)->57066K(279616K)
[98.769s][info][gc,heap        ] GC(29) Tenured: 453558K(5592448K)->453828K(5592448K)
[98.769s][info][gc,metaspace   ] GC(29) Metaspace: 132346K(133632K)->132346K(133632K) NonClass: 111744K(112448K)->111744K(112448K) Class: 20602K(21184K)->20602K(21184K)
[98.769s][info][gc             ] GC(29) Pause Young (Allocation Failure) 2705M->498M(7918M) 50.375ms
[98.769s][info][gc,cpu         ] GC(29) User=0.05s Sys=0.00s Real=0.05s
[102.067s][info][gc,start       ] GC(30) Pause Young (Allocation Failure)
[102.134s][info][gc,heap        ] GC(30) DefNew: 2293994K(2516544K)->78761K(2516544K) Eden: 2236928K(2236928K)->0K(2236928K) From: 57066K(279616K)->78761K(279616K)
[102.134s][info][gc,heap        ] GC(30) Tenured: 453828K(5592448K)->453959K(5592448K)
[102.134s][info][gc,metaspace   ] GC(30) Metaspace: 132353K(133632K)->132353K(133632K) NonClass: 111751K(112448K)->111751K(112448K) Class: 20602K(21184K)->20602K(21184K)
[102.134s][info][gc             ] GC(30) Pause Young (Allocation Failure) 2683M->520M(7918M) 67.128ms
[102.134s][info][gc,cpu         ] GC(30) User=0.08s Sys=0.00s Real=0.07s
[105.083s][info][gc,start       ] GC(31) Pause Young (Allocation Failure)
[105.151s][info][gc,heap        ] GC(31) DefNew: 2315689K(2516544K)->79674K(2516544K) Eden: 2236928K(2236928K)->0K(2236928K) From: 78761K(279616K)->79674K(279616K)
[105.151s][info][gc,heap        ] GC(31) Tenured: 453959K(5592448K)->454407K(5592448K)
[105.151s][info][gc,metaspace   ] GC(31) Metaspace: 132380K(133632K)->132380K(133632K) NonClass: 111778K(112448K)->111778K(112448K) Class: 20602K(21184K)->20602K(21184K)
[105.151s][info][gc             ] GC(31) Pause Young (Allocation Failure) 2704M->521M(7918M) 68.070ms
[105.151s][info][gc,cpu         ] GC(31) User=0.08s Sys=0.00s Real=0.07s
[108.178s][info][gc,start       ] GC(32) Pause Young (Allocation Failure)
[108.269s][info][gc,heap        ] GC(32) DefNew: 2316602K(2516544K)->111636K(2516544K) Eden: 2236928K(2236928K)->0K(2236928K) From: 79674K(279616K)->111636K(279616K)
[108.269s][info][gc,heap        ] GC(32) Tenured: 454407K(5592448K)->454903K(5592448K)
[108.269s][info][gc,metaspace   ] GC(32) Metaspace: 132384K(133632K)->132384K(133632K) NonClass: 111781K(112448K)->111781K(112448K) Class: 20602K(21184K)->20602K(21184K)
[108.269s][info][gc             ] GC(32) Pause Young (Allocation Failure) 2706M->553M(7918M) 91.662ms
[108.269s][info][gc,cpu         ] GC(32) User=0.09s Sys=0.00s Real=0.09s
[111.503s][info][gc,start       ] GC(33) Pause Young (Allocation Failure)
[111.613s][info][gc,heap        ] GC(33) DefNew: 2348564K(2516544K)->144100K(2516544K) Eden: 2236928K(2236928K)->0K(2236928K) From: 111636K(279616K)->144100K(279616K)
[111.613s][info][gc,heap        ] GC(33) Tenured: 454903K(5592448K)->456874K(5592448K)
[111.613s][info][gc,metaspace   ] GC(33) Metaspace: 132389K(133632K)->132389K(133632K) NonClass: 111787K(112448K)->111787K(112448K) Class: 20602K(21184K)->20602K(21184K)
[111.613s][info][gc             ] GC(33) Pause Young (Allocation Failure) 2737M->586M(7918M) 110.287ms
[111.613s][info][gc,cpu         ] GC(33) User=0.11s Sys=0.00s Real=0.11s
[114.622s][info][gc,start       ] GC(34) Pause Young (Allocation Failure)
[114.765s][info][gc,heap        ] GC(34) DefNew: 2381028K(2516544K)->136808K(2516544K) Eden: 2236928K(2236928K)->0K(2236928K) From: 144100K(279616K)->136808K(279616K)
[114.766s][info][gc,heap        ] GC(34) Tenured: 456874K(5592448K)->463965K(5592448K)
[114.766s][info][gc,metaspace   ] GC(34) Metaspace: 132398K(133696K)->132398K(133696K) NonClass: 111796K(112512K)->111796K(112512K) Class: 20602K(21184K)->20602K(21184K)
[114.766s][info][gc             ] GC(34) Pause Young (Allocation Failure) 2771M->586M(7918M) 143.130ms
[114.766s][info][gc,cpu         ] GC(34) User=0.14s Sys=0.00s Real=0.14s
[117.563s][info][gc,start       ] GC(35) Pause Young (Allocation Failure)
[117.673s][info][gc,heap        ] GC(35) DefNew: 2373736K(2516544K)->139435K(2516544K) Eden: 2236928K(2236928K)->0K(2236928K) From: 136808K(279616K)->139435K(279616K)
[117.673s][info][gc,heap        ] GC(35) Tenured: 463965K(5592448K)->463965K(5592448K)
[117.673s][info][gc,metaspace   ] GC(35) Metaspace: 132403K(133696K)->132403K(133696K) NonClass: 111801K(112512K)->111801K(112512K) Class: 20602K(21184K)->20602K(21184K)
[117.673s][info][gc             ] GC(35) Pause Young (Allocation Failure) 2771M->589M(7918M) 109.833ms
[117.673s][info][gc,cpu         ] GC(35) User=0.12s Sys=0.00s Real=0.11s
[121.719s][info][gc,start       ] GC(36) Pause Young (Allocation Failure)
[121.798s][info][gc,heap        ] GC(36) DefNew: 2376363K(2516544K)->101383K(2516544K) Eden: 2236928K(2236928K)->0K(2236928K) From: 139435K(279616K)->101383K(279616K)
[121.798s][info][gc,heap        ] GC(36) Tenured: 463965K(5592448K)->463965K(5592448K)
[121.798s][info][gc,metaspace   ] GC(36) Metaspace: 132421K(133696K)->132421K(133696K) NonClass: 111819K(112512K)->111819K(112512K) Class: 20602K(21184K)->20602K(21184K)
[121.798s][info][gc             ] GC(36) Pause Young (Allocation Failure) 2773M->552M(7918M) 79.623ms
[121.798s][info][gc,cpu         ] GC(36) User=0.08s Sys=0.00s Real=0.08s
[125.303s][info][gc,start       ] GC(37) Pause Young (Allocation Failure)
[125.391s][info][gc,heap        ] GC(37) DefNew: 2338311K(2516544K)->120469K(2516544K) Eden: 2236928K(2236928K)->0K(2236928K) From: 101383K(279616K)->120469K(279616K)
[125.391s][info][gc,heap        ] GC(37) Tenured: 463965K(5592448K)->463965K(5592448K)
[125.391s][info][gc,metaspace   ] GC(37) Metaspace: 132431K(133696K)->132431K(133696K) NonClass: 111829K(112512K)->111829K(112512K) Class: 20602K(21184K)->20602K(21184K)
[125.391s][info][gc             ] GC(37) Pause Young (Allocation Failure) 2736M->570M(7918M) 88.323ms
[125.391s][info][gc,cpu         ] GC(37) User=0.09s Sys=0.00s Real=0.09s
[128.218s][info][gc,start       ] GC(38) Pause Young (Allocation Failure)
[128.300s][info][gc,heap        ] GC(38) DefNew: 2357397K(2516544K)->116846K(2516544K) Eden: 2236928K(2236928K)->0K(2236928K) From: 120469K(279616K)->116846K(279616K)
[128.300s][info][gc,heap        ] GC(38) Tenured: 463965K(5592448K)->463965K(5592448K)
[128.300s][info][gc,metaspace   ] GC(38) Metaspace: 132444K(133696K)->132444K(133696K) NonClass: 111842K(112512K)->111842K(112512K) Class: 20602K(21184K)->20602K(21184K)
[128.300s][info][gc             ] GC(38) Pause Young (Allocation Failure) 2755M->567M(7918M) 82.114ms
[128.300s][info][gc,cpu         ] GC(38) User=0.08s Sys=0.00s Real=0.08s
[131.403s][info][gc,start       ] GC(39) Pause Young (Allocation Failure)
[131.492s][info][gc,heap        ] GC(39) DefNew: 2353774K(2516544K)->124347K(2516544K) Eden: 2236928K(2236928K)->0K(2236928K) From: 116846K(279616K)->124347K(279616K)
[131.492s][info][gc,heap        ] GC(39) Tenured: 463965K(5592448K)->463965K(5592448K)
[131.492s][info][gc,metaspace   ] GC(39) Metaspace: 132452K(133760K)->132452K(133760K) NonClass: 111849K(112576K)->111849K(112576K) Class: 20603K(21184K)->20603K(21184K)
[131.492s][info][gc             ] GC(39) Pause Young (Allocation Failure) 2751M->574M(7918M) 89.502ms
[131.492s][info][gc,cpu         ] GC(39) User=0.09s Sys=0.00s Real=0.09s
[134.266s][info][gc,start       ] GC(40) Pause Young (Allocation Failure)
[134.363s][info][gc,heap        ] GC(40) DefNew: 2361275K(2516544K)->130260K(2516544K) Eden: 2236928K(2236928K)->0K(2236928K) From: 124347K(279616K)->130260K(279616K)
[134.363s][info][gc,heap        ] GC(40) Tenured: 463965K(5592448K)->463965K(5592448K)
[134.363s][info][gc,metaspace   ] GC(40) Metaspace: 132459K(133760K)->132459K(133760K) NonClass: 111855K(112576K)->111855K(112576K) Class: 20603K(21184K)->20603K(21184K)
[134.363s][info][gc             ] GC(40) Pause Young (Allocation Failure) 2759M->580M(7918M) 96.235ms
[134.363s][info][gc,cpu         ] GC(40) User=0.09s Sys=0.00s Real=0.10s
[136.950s][info][gc,start       ] GC(41) Pause Young (Allocation Failure)
[137.064s][info][gc,heap        ] GC(41) DefNew: 2367188K(2516544K)->152989K(2516544K) Eden: 2236928K(2236928K)->0K(2236928K) From: 130260K(279616K)->152989K(279616K)
[137.064s][info][gc,heap        ] GC(41) Tenured: 463965K(5592448K)->463965K(5592448K)
[137.064s][info][gc,metaspace   ] GC(41) Metaspace: 132463K(133760K)->132463K(133760K) NonClass: 111860K(112576K)->111860K(112576K) Class: 20603K(21184K)->20603K(21184K)
[137.064s][info][gc             ] GC(41) Pause Young (Allocation Failure) 2764M->602M(7918M) 113.392ms
[137.064s][info][gc,cpu         ] GC(41) User=0.11s Sys=0.00s Real=0.11s
[139.706s][info][gc,start       ] GC(42) Pause Young (Allocation Failure)
[139.844s][info][gc,heap        ] GC(42) DefNew: 2389917K(2516544K)->153259K(2516544K) Eden: 2236928K(2236928K)->0K(2236928K) From: 152989K(279616K)->153259K(279616K)
[139.844s][info][gc,heap        ] GC(42) Tenured: 463965K(5592448K)->487977K(5592448K)
[139.844s][info][gc,metaspace   ] GC(42) Metaspace: 132472K(133760K)->132472K(133760K) NonClass: 111869K(112576K)->111869K(112576K) Class: 20603K(21184K)->20603K(21184K)
[139.844s][info][gc             ] GC(42) Pause Young (Allocation Failure) 2786M->626M(7918M) 137.424ms
[139.844s][info][gc,cpu         ] GC(42) User=0.14s Sys=0.00s Real=0.14s
[142.398s][info][gc,start       ] GC(43) Pause Young (GCLocker Initiated GC)
[142.508s][info][gc,heap        ] GC(43) DefNew: 2390187K(2516544K)->104791K(2516544K) Eden: 2236928K(2236928K)->0K(2236928K) From: 153259K(279616K)->104791K(279616K)
[142.508s][info][gc,heap        ] GC(43) Tenured: 487977K(5592448K)->507682K(5592448K)
[142.508s][info][gc,metaspace   ] GC(43) Metaspace: 133499K(134848K)->133499K(134848K) NonClass: 112708K(113472K)->112708K(113472K) Class: 20790K(21376K)->20790K(21376K)
[142.509s][info][gc             ] GC(43) Pause Young (GCLocker Initiated GC) 2810M->598M(7918M) 110.031ms
[142.509s][info][gc,cpu         ] GC(43) User=0.11s Sys=0.00s Real=0.11s
[145.379s][info][gc,start       ] GC(44) Pause Young (Allocation Failure)
[145.456s][info][gc,heap        ] GC(44) DefNew: 2341719K(2516544K)->102579K(2516544K) Eden: 2236928K(2236928K)->0K(2236928K) From: 104791K(279616K)->102579K(279616K)
[145.456s][info][gc,heap        ] GC(44) Tenured: 507682K(5592448K)->507682K(5592448K)
[145.456s][info][gc,metaspace   ] GC(44) Metaspace: 133512K(134848K)->133512K(134848K) NonClass: 112720K(113472K)->112720K(113472K) Class: 20792K(21376K)->20792K(21376K)
[145.456s][info][gc             ] GC(44) Pause Young (Allocation Failure) 2782M->595M(7918M) 77.638ms
[145.456s][info][gc,cpu         ] GC(44) User=0.08s Sys=0.00s Real=0.08s
[150.786s][info][gc,start       ] GC(45) Pause Young (GCLocker Initiated GC)
[150.872s][info][gc,heap        ] GC(45) DefNew: 2339523K(2516544K)->106471K(2516544K) Eden: 2236928K(2236928K)->0K(2236928K) From: 102595K(279616K)->106471K(279616K)
[150.872s][info][gc,heap        ] GC(45) Tenured: 507682K(5592448K)->507682K(5592448K)
[150.872s][info][gc,metaspace   ] GC(45) Metaspace: 133675K(135040K)->133675K(135040K) NonClass: 112860K(113600K)->112860K(113600K) Class: 20815K(21440K)->20815K(21440K)
[150.872s][info][gc             ] GC(45) Pause Young (GCLocker Initiated GC) 2780M->599M(7918M) 86.750ms
[150.872s][info][gc,cpu         ] GC(45) User=0.09s Sys=0.00s Real=0.09s
[152.210s][info][gc,start       ] GC(46) Pause Full (CodeCache GC Threshold)
[152.210s][info][gc,phases,start] GC(46) Phase 1: Mark live objects
[152.465s][info][gc,phases      ] GC(46) Phase 1: Mark live objects 254.918ms
[152.465s][info][gc,phases,start] GC(46) Phase 2: Compute new object addresses
[152.723s][info][gc,phases      ] GC(46) Phase 2: Compute new object addresses 257.380ms
[152.723s][info][gc,phases,start] GC(46) Phase 3: Adjust pointers
[152.892s][info][gc,phases      ] GC(46) Phase 3: Adjust pointers 169.316ms
[152.892s][info][gc,phases,start] GC(46) Phase 4: Move objects
[152.925s][info][gc,phases      ] GC(46) Phase 4: Move objects 32.876ms
[152.928s][info][gc,heap        ] GC(46) DefNew: 1067904K(2516544K)->0K(2516544K) Eden: 961432K(2236928K)->0K(2236928K) From: 106471K(279616K)->0K(279616K)
[152.928s][info][gc,heap        ] GC(46) Tenured: 507682K(5592448K)->582518K(5592448K)
[152.928s][info][gc,metaspace   ] GC(46) Metaspace: 133706K(135040K)->133706K(135040K) NonClass: 112884K(113600K)->112884K(113600K) Class: 20821K(21440K)->20821K(21440K)
[152.928s][info][gc             ] GC(46) Pause Full (CodeCache GC Threshold) 1538M->568M(7918M) 717.316ms
[152.928s][info][gc,cpu         ] GC(46) User=0.70s Sys=0.00s Real=0.72s
[155.962s][info][gc,start       ] GC(47) Pause Young (Allocation Failure)
[156.026s][info][gc,heap        ] GC(47) DefNew: 2236928K(2516544K)->54390K(2516544K) Eden: 2236928K(2236928K)->0K(2236928K) From: 0K(279616K)->54390K(279616K)
[156.026s][info][gc,heap        ] GC(47) Tenured: 582518K(5592448K)->582518K(5592448K)
[156.026s][info][gc,metaspace   ] GC(47) Metaspace: 133706K(135040K)->133706K(135040K) NonClass: 112884K(113600K)->112884K(113600K) Class: 20821K(21440K)->20821K(21440K)
[156.026s][info][gc             ] GC(47) Pause Young (Allocation Failure) 2753M->621M(7918M) 64.699ms
[156.027s][info][gc,cpu         ] GC(47) User=0.06s Sys=0.00s Real=0.07s
[158.922s][info][gc,start       ] GC(48) Pause Young (Allocation Failure)
[158.991s][info][gc,heap        ] GC(48) DefNew: 2291318K(2516544K)->82508K(2516544K) Eden: 2236928K(2236928K)->0K(2236928K) From: 54390K(279616K)->82508K(279616K)
[158.991s][info][gc,heap        ] GC(48) Tenured: 582518K(5592448K)->582518K(5592448K)
[158.991s][info][gc,metaspace   ] GC(48) Metaspace: 133711K(135040K)->133711K(135040K) NonClass: 112890K(113600K)->112890K(113600K) Class: 20821K(21440K)->20821K(21440K)
[158.991s][info][gc             ] GC(48) Pause Young (Allocation Failure) 2806M->649M(7918M) 68.461ms
[158.991s][info][gc,cpu         ] GC(48) User=0.08s Sys=0.00s Real=0.07s
[161.554s][info][gc,start       ] GC(49) Pause Young (Allocation Failure)
[161.629s][info][gc,heap        ] GC(49) DefNew: 2319436K(2516544K)->105179K(2516544K) Eden: 2236928K(2236928K)->0K(2236928K) From: 82508K(279616K)->105179K(279616K)
[161.629s][info][gc,heap        ] GC(49) Tenured: 582518K(5592448K)->582518K(5592448K)
[161.629s][info][gc,metaspace   ] GC(49) Metaspace: 133718K(135168K)->133718K(135168K) NonClass: 112897K(113728K)->112897K(113728K) Class: 20821K(21440K)->20821K(21440K)
[161.630s][info][gc             ] GC(49) Pause Young (Allocation Failure) 2833M->671M(7918M) 75.053ms
[161.630s][info][gc,cpu         ] GC(49) User=0.06s Sys=0.00s Real=0.08s
[163.915s][info][gc,start       ] GC(50) Pause Young (Allocation Failure)
[164.023s][info][gc,heap        ] GC(50) DefNew: 2342107K(2516544K)->131393K(2516544K) Eden: 2236928K(2236928K)->0K(2236928K) From: 105179K(279616K)->131393K(279616K)
[164.023s][info][gc,heap        ] GC(50) Tenured: 582518K(5592448K)->582518K(5592448K)
[164.023s][info][gc,metaspace   ] GC(50) Metaspace: 133726K(135168K)->133726K(135168K) NonClass: 112905K(113728K)->112905K(113728K) Class: 20821K(21440K)->20821K(21440K)
[164.023s][info][gc             ] GC(50) Pause Young (Allocation Failure) 2856M->697M(7918M) 108.056ms
[164.023s][info][gc,cpu         ] GC(50) User=0.11s Sys=0.00s Real=0.11s
[168.063s][info][gc,start       ] GC(51) Pause Young (Allocation Failure)
[168.147s][info][gc,heap        ] GC(51) DefNew: 2368321K(2516544K)->119878K(2516544K) Eden: 2236928K(2236928K)->0K(2236928K) From: 131393K(279616K)->119878K(279616K)
[168.147s][info][gc,heap        ] GC(51) Tenured: 582518K(5592448K)->582518K(5592448K)
[168.147s][info][gc,metaspace   ] GC(51) Metaspace: 133738K(135168K)->133738K(135168K) NonClass: 112915K(113728K)->112915K(113728K) Class: 20822K(21440K)->20822K(21440K)
[168.147s][info][gc             ] GC(51) Pause Young (Allocation Failure) 2881M->685M(7918M) 84.370ms
[168.147s][info][gc,cpu         ] GC(51) User=0.09s Sys=0.00s Real=0.08s
[171.819s][info][gc,start       ] GC(52) Pause Young (Allocation Failure)
[171.913s][info][gc,heap        ] GC(52) DefNew: 2356806K(2516544K)->131736K(2516544K) Eden: 2236928K(2236928K)->0K(2236928K) From: 119878K(279616K)->131736K(279616K)
[171.913s][info][gc,heap        ] GC(52) Tenured: 582518K(5592448K)->582518K(5592448K)
[171.913s][info][gc,metaspace   ] GC(52) Metaspace: 133743K(135168K)->133743K(135168K) NonClass: 112920K(113728K)->112920K(113728K) Class: 20822K(21440K)->20822K(21440K)
[171.913s][info][gc             ] GC(52) Pause Young (Allocation Failure) 2870M->697M(7918M) 94.416ms
[171.913s][info][gc,cpu         ] GC(52) User=0.09s Sys=0.00s Real=0.09s
[174.987s][info][gc,start       ] GC(53) Pause Young (Allocation Failure)
[175.092s][info][gc,heap        ] GC(53) DefNew: 2368664K(2516544K)->145309K(2516544K) Eden: 2236928K(2236928K)->0K(2236928K) From: 131736K(279616K)->145309K(279616K)
[175.092s][info][gc,heap        ] GC(53) Tenured: 582518K(5592448K)->582518K(5592448K)
[175.092s][info][gc,metaspace   ] GC(53) Metaspace: 133747K(135168K)->133747K(135168K) NonClass: 112924K(113728K)->112924K(113728K) Class: 20822K(21440K)->20822K(21440K)
[175.092s][info][gc             ] GC(53) Pause Young (Allocation Failure) 2882M->710M(7918M) 104.965ms
[175.092s][info][gc,cpu         ] GC(53) User=0.11s Sys=0.00s Real=0.10s
[178.822s][info][gc,start       ] GC(54) Pause Young (Allocation Failure)
[178.919s][info][gc,heap        ] GC(54) DefNew: 2382237K(2516544K)->106037K(2516544K) Eden: 2236928K(2236928K)->0K(2236928K) From: 145309K(279616K)->106037K(279616K)
[178.919s][info][gc,heap        ] GC(54) Tenured: 582518K(5592448K)->610988K(5592448K)
[178.919s][info][gc,metaspace   ] GC(54) Metaspace: 133751K(135168K)->133751K(135168K) NonClass: 112928K(113728K)->112928K(113728K) Class: 20822K(21440K)->20822K(21440K)
[178.919s][info][gc             ] GC(54) Pause Young (Allocation Failure) 2895M->700M(7918M) 96.398ms
[178.919s][info][gc,cpu         ] GC(54) User=0.08s Sys=0.02s Real=0.10s
[181.903s][info][gc,start       ] GC(55) Pause Young (Allocation Failure)
[181.984s][info][gc,heap        ] GC(55) DefNew: 2342965K(2516544K)->110619K(2516544K) Eden: 2236928K(2236928K)->0K(2236928K) From: 106037K(279616K)->110619K(279616K)
[181.984s][info][gc,heap        ] GC(55) Tenured: 610988K(5592448K)->610988K(5592448K)
[181.984s][info][gc,metaspace   ] GC(55) Metaspace: 133754K(135168K)->133754K(135168K) NonClass: 112931K(113728K)->112931K(113728K) Class: 20822K(21440K)->20822K(21440K)
[181.984s][info][gc             ] GC(55) Pause Young (Allocation Failure) 2884M->704M(7918M) 81.707ms
[181.984s][info][gc,cpu         ] GC(55) User=0.08s Sys=0.00s Real=0.08s
[184.359s][info][gc,start       ] GC(56) Pause Young (Allocation Failure)
[184.464s][info][gc,heap        ] GC(56) DefNew: 2347547K(2516544K)->143457K(2516544K) Eden: 2236928K(2236928K)->0K(2236928K) From: 110619K(279616K)->143457K(279616K)
[184.464s][info][gc,heap        ] GC(56) Tenured: 610988K(5592448K)->610988K(5592448K)
[184.464s][info][gc,metaspace   ] GC(56) Metaspace: 133758K(135168K)->133758K(135168K) NonClass: 112936K(113728K)->112936K(113728K) Class: 20822K(21440K)->20822K(21440K)
[184.464s][info][gc             ] GC(56) Pause Young (Allocation Failure) 2889M->736M(7918M) 104.371ms
[184.464s][info][gc,cpu         ] GC(56) User=0.11s Sys=0.00s Real=0.10s
[186.871s][info][gc,start       ] GC(57) Pause Young (Allocation Failure)
[186.964s][info][gc,heap        ] GC(57) DefNew: 2380385K(2516544K)->119954K(2516544K) Eden: 2236928K(2236928K)->0K(2236928K) From: 143457K(279616K)->119954K(279616K)
[186.964s][info][gc,heap        ] GC(57) Tenured: 610988K(5592448K)->616664K(5592448K)
[186.964s][info][gc,metaspace   ] GC(57) Metaspace: 133762K(135168K)->133762K(135168K) NonClass: 112939K(113728K)->112939K(113728K) Class: 20822K(21440K)->20822K(21440K)
[186.964s][info][gc             ] GC(57) Pause Young (Allocation Failure) 2921M->719M(7918M) 93.668ms
[186.964s][info][gc,cpu         ] GC(57) User=0.09s Sys=0.00s Real=0.09s
[191.086s][info][gc,start       ] GC(58) Pause Young (Allocation Failure)
[191.167s][info][gc,heap        ] GC(58) DefNew: 2356882K(2516544K)->113532K(2516544K) Eden: 2236928K(2236928K)->0K(2236928K) From: 119954K(279616K)->113532K(279616K)
[191.167s][info][gc,heap        ] GC(58) Tenured: 616664K(5592448K)->616664K(5592448K)
[191.167s][info][gc,metaspace   ] GC(58) Metaspace: 133769K(135168K)->133769K(135168K) NonClass: 112946K(113728K)->112946K(113728K) Class: 20822K(21440K)->20822K(21440K)
[191.167s][info][gc             ] GC(58) Pause Young (Allocation Failure) 2903M->713M(7918M) 81.710ms
[191.167s][info][gc,cpu         ] GC(58) User=0.08s Sys=0.00s Real=0.08s
[194.099s][info][gc,start       ] GC(59) Pause Young (Allocation Failure)
[194.174s][info][gc,heap        ] GC(59) DefNew: 2350460K(2516544K)->101490K(2516544K) Eden: 2236928K(2236928K)->0K(2236928K) From: 113532K(279616K)->101490K(279616K)
[194.174s][info][gc,heap        ] GC(59) Tenured: 616664K(5592448K)->616664K(5592448K)
[194.174s][info][gc,metaspace   ] GC(59) Metaspace: 133774K(135168K)->133774K(135168K) NonClass: 112951K(113728K)->112951K(113728K) Class: 20822K(21440K)->20822K(21440K)
[194.174s][info][gc             ] GC(59) Pause Young (Allocation Failure) 2897M->701M(7918M) 74.976ms
[194.174s][info][gc,cpu         ] GC(59) User=0.08s Sys=0.00s Real=0.07s
[197.063s][info][gc,start       ] GC(60) Pause Young (Allocation Failure)
[197.144s][info][gc,heap        ] GC(60) DefNew: 2338418K(2516544K)->104449K(2516544K) Eden: 2236928K(2236928K)->0K(2236928K) From: 101490K(279616K)->104449K(279616K)
[197.144s][info][gc,heap        ] GC(60) Tenured: 616664K(5592448K)->616664K(5592448K)
[197.144s][info][gc,metaspace   ] GC(60) Metaspace: 133776K(135168K)->133776K(135168K) NonClass: 112953K(113728K)->112953K(113728K) Class: 20822K(21440K)->20822K(21440K)
[197.144s][info][gc             ] GC(60) Pause Young (Allocation Failure) 2885M->704M(7918M) 81.166ms
[197.144s][info][gc,cpu         ] GC(60) User=0.08s Sys=0.00s Real=0.08s
[200.331s][info][gc,start       ] GC(61) Pause Young (Allocation Failure)
[200.404s][info][gc,heap        ] GC(61) DefNew: 2341377K(2516544K)->96261K(2516544K) Eden: 2236928K(2236928K)->0K(2236928K) From: 104449K(279616K)->96261K(279616K)
[200.404s][info][gc,heap        ] GC(61) Tenured: 616664K(5592448K)->616664K(5592448K)
[200.404s][info][gc,metaspace   ] GC(61) Metaspace: 133779K(135168K)->133779K(135168K) NonClass: 112957K(113728K)->112957K(113728K) Class: 20822K(21440K)->20822K(21440K)
[200.404s][info][gc             ] GC(61) Pause Young (Allocation Failure) 2888M->696M(7918M) 73.669ms
[200.404s][info][gc,cpu         ] GC(61) User=0.08s Sys=0.00s Real=0.07s
[203.030s][info][gc,start       ] GC(62) Pause Young (Allocation Failure)
[203.127s][info][gc,heap        ] GC(62) DefNew: 2333189K(2516544K)->113482K(2516544K) Eden: 2236928K(2236928K)->0K(2236928K) From: 96261K(279616K)->113482K(279616K)
[203.127s][info][gc,heap        ] GC(62) Tenured: 616664K(5592448K)->616664K(5592448K)
[203.127s][info][gc,metaspace   ] GC(62) Metaspace: 133783K(135168K)->133783K(135168K) NonClass: 112960K(113728K)->112960K(113728K) Class: 20822K(21440K)->20822K(21440K)
[203.127s][info][gc             ] GC(62) Pause Young (Allocation Failure) 2880M->713M(7918M) 96.958ms
[203.127s][info][gc,cpu         ] GC(62) User=0.09s Sys=0.00s Real=0.10s
[206.663s][info][gc,start       ] GC(63) Pause Young (Allocation Failure)
[206.767s][info][gc,heap        ] GC(63) DefNew: 2350410K(2516544K)->141119K(2516544K) Eden: 2236928K(2236928K)->0K(2236928K) From: 113482K(279616K)->141119K(279616K)
[206.767s][info][gc,heap        ] GC(63) Tenured: 616664K(5592448K)->616664K(5592448K)
[206.767s][info][gc,metaspace   ] GC(63) Metaspace: 133827K(135232K)->133827K(135232K) NonClass: 113000K(113792K)->113000K(113792K) Class: 20827K(21440K)->20827K(21440K)
[206.767s][info][gc             ] GC(63) Pause Young (Allocation Failure) 2897M->740M(7918M) 104.247ms
[206.767s][info][gc,cpu         ] GC(63) User=0.09s Sys=0.00s Real=0.11s
[209.523s][info][gc,start       ] GC(64) Pause Young (Allocation Failure)
[209.617s][info][gc,heap        ] GC(64) DefNew: 2378047K(2516544K)->108072K(2516544K) Eden: 2236928K(2236928K)->0K(2236928K) From: 141119K(279616K)->108072K(279616K)
[209.617s][info][gc,heap        ] GC(64) Tenured: 616664K(5592448K)->632438K(5592448K)
[209.617s][info][gc,metaspace   ] GC(64) Metaspace: 133833K(135232K)->133833K(135232K) NonClass: 113006K(113792K)->113006K(113792K) Class: 20827K(21440K)->20827K(21440K)
[209.617s][info][gc             ] GC(64) Pause Young (Allocation Failure) 2924M->723M(7918M) 94.301ms
[209.617s][info][gc,cpu         ] GC(64) User=0.09s Sys=0.00s Real=0.09s
[212.495s][info][gc,start       ] GC(65) Pause Young (Allocation Failure)
[212.580s][info][gc,heap        ] GC(65) DefNew: 2345000K(2516544K)->93669K(2516544K) Eden: 2236928K(2236928K)->0K(2236928K) From: 108072K(279616K)->93669K(279616K)
[212.580s][info][gc,heap        ] GC(65) Tenured: 632438K(5592448K)->649381K(5592448K)
[212.580s][info][gc,metaspace   ] GC(65) Metaspace: 133841K(135232K)->133841K(135232K) NonClass: 113013K(113792K)->113013K(113792K) Class: 20827K(21440K)->20827K(21440K)
[212.580s][info][gc             ] GC(65) Pause Young (Allocation Failure) 2907M->725M(7918M) 84.963ms
[212.580s][info][gc,cpu         ] GC(65) User=0.08s Sys=0.00s Real=0.09s
[215.474s][info][gc,start       ] GC(66) Pause Young (Allocation Failure)
[215.533s][info][gc,heap        ] GC(66) DefNew: 2330597K(2516544K)->73044K(2516544K) Eden: 2236928K(2236928K)->0K(2236928K) From: 93669K(279616K)->73044K(279616K)
[215.533s][info][gc,heap        ] GC(66) Tenured: 649381K(5592448K)->649851K(5592448K)
[215.533s][info][gc,metaspace   ] GC(66) Metaspace: 133841K(135232K)->133841K(135232K) NonClass: 113014K(113792K)->113014K(113792K) Class: 20827K(21440K)->20827K(21440K)
[215.533s][info][gc             ] GC(66) Pause Young (Allocation Failure) 2910M->705M(7918M) 59.106ms
[215.533s][info][gc,cpu         ] GC(66) User=0.06s Sys=0.00s Real=0.06s
[219.750s][info][gc,start       ] GC(67) Pause Young (Allocation Failure)
[219.822s][info][gc,heap        ] GC(67) DefNew: 2309972K(2516544K)->82633K(2516544K) Eden: 2236928K(2236928K)->0K(2236928K) From: 73044K(279616K)->82633K(279616K)
[219.822s][info][gc,heap        ] GC(67) Tenured: 649851K(5592448K)->650046K(5592448K)
[219.822s][info][gc,metaspace   ] GC(67) Metaspace: 133847K(135232K)->133847K(135232K) NonClass: 113020K(113792K)->113020K(113792K) Class: 20827K(21440K)->20827K(21440K)
[219.822s][info][gc             ] GC(67) Pause Young (Allocation Failure) 2890M->715M(7918M) 71.356ms
[219.822s][info][gc,cpu         ] GC(67) User=0.08s Sys=0.00s Real=0.07s
[223.115s][info][gc,start       ] GC(68) Pause Young (Allocation Failure)
[223.177s][info][gc,heap        ] GC(68) DefNew: 2319561K(2516544K)->71932K(2516544K) Eden: 2236928K(2236928K)->0K(2236928K) From: 82633K(279616K)->71932K(279616K)
[223.177s][info][gc,heap        ] GC(68) Tenured: 650046K(5592448K)->650096K(5592448K)
[223.177s][info][gc,metaspace   ] GC(68) Metaspace: 133871K(135232K)->133871K(135232K) NonClass: 113043K(113792K)->113043K(113792K) Class: 20828K(21440K)->20828K(21440K)
[223.177s][info][gc             ] GC(68) Pause Young (Allocation Failure) 2900M->705M(7918M) 62.132ms
[223.177s][info][gc,cpu         ] GC(68) User=0.06s Sys=0.00s Real=0.06s
[226.358s][info][gc,start       ] GC(69) Pause Young (Allocation Failure)
[226.437s][info][gc,heap        ] GC(69) DefNew: 2308860K(2516544K)->89202K(2516544K) Eden: 2236928K(2236928K)->0K(2236928K) From: 71932K(279616K)->89202K(279616K)
[226.437s][info][gc,heap        ] GC(69) Tenured: 650096K(5592448K)->650317K(5592448K)
[226.437s][info][gc,metaspace   ] GC(69) Metaspace: 133909K(135296K)->133909K(135296K) NonClass: 113075K(113856K)->113075K(113856K) Class: 20834K(21440K)->20834K(21440K)
[226.437s][info][gc             ] GC(69) Pause Young (Allocation Failure) 2889M->722M(7918M) 78.478ms
[226.437s][info][gc,cpu         ] GC(69) User=0.08s Sys=0.00s Real=0.08s
[228.816s][info][gc,start       ] GC(70) Pause Young (GCLocker Initiated GC)
[228.899s][info][gc,heap        ] GC(70) DefNew: 2326134K(2516544K)->105452K(2516544K) Eden: 2236928K(2236928K)->0K(2236928K) From: 89206K(279616K)->105452K(279616K)
[228.899s][info][gc,heap        ] GC(70) Tenured: 650318K(5592448K)->650459K(5592448K)
[228.899s][info][gc,metaspace   ] GC(70) Metaspace: 133918K(135296K)->133918K(135296K) NonClass: 113084K(113856K)->113084K(113856K) Class: 20834K(21440K)->20834K(21440K)
[228.899s][info][gc             ] GC(70) Pause Young (GCLocker Initiated GC) 2906M->738M(7918M) 83.075ms
[228.899s][info][gc,cpu         ] GC(70) User=0.09s Sys=0.00s Real=0.08s
[231.398s][info][gc,start       ] GC(71) Pause Young (Allocation Failure)
[231.461s][info][gc,heap        ] GC(71) DefNew: 2342380K(2516544K)->80419K(2516544K) Eden: 2236928K(2236928K)->0K(2236928K) From: 105452K(279616K)->80419K(279616K)
[231.461s][info][gc,heap        ] GC(71) Tenured: 650459K(5592448K)->650562K(5592448K)
[231.461s][info][gc,metaspace   ] GC(71) Metaspace: 133942K(135296K)->133942K(135296K) NonClass: 113108K(113856K)->113108K(113856K) Class: 20834K(21440K)->20834K(21440K)
[231.461s][info][gc             ] GC(71) Pause Young (Allocation Failure) 2922M->713M(7918M) 63.032ms
[231.461s][info][gc,cpu         ] GC(71) User=0.06s Sys=0.00s Real=0.06s
[234.451s][info][gc,start       ] GC(72) Pause Young (Allocation Failure)
[234.501s][info][gc,heap        ] GC(72) DefNew: 2317347K(2516544K)->65063K(2516544K) Eden: 2236928K(2236928K)->0K(2236928K) From: 80419K(279616K)->65063K(279616K)
[234.501s][info][gc,heap        ] GC(72) Tenured: 650562K(5592448K)->650642K(5592448K)
[234.501s][info][gc,metaspace   ] GC(72) Metaspace: 133944K(135296K)->133944K(135296K) NonClass: 113109K(113856K)->113109K(113856K) Class: 20834K(21440K)->20834K(21440K)
[234.501s][info][gc             ] GC(72) Pause Young (Allocation Failure) 2898M->698M(7918M) 49.701ms
[234.501s][info][gc,cpu         ] GC(72) User=0.05s Sys=0.00s Real=0.05s
[237.970s][info][gc,start       ] GC(73) Pause Young (Allocation Failure)
[238.042s][info][gc,heap        ] GC(73) DefNew: 2301991K(2516544K)->86483K(2516544K) Eden: 2236928K(2236928K)->0K(2236928K) From: 65063K(279616K)->86483K(279616K)
[238.042s][info][gc,heap        ] GC(73) Tenured: 650642K(5592448K)->650683K(5592448K)
[238.042s][info][gc,metaspace   ] GC(73) Metaspace: 133954K(135296K)->133954K(135296K) NonClass: 113120K(113856K)->113120K(113856K) Class: 20834K(21440K)->20834K(21440K)
[238.042s][info][gc             ] GC(73) Pause Young (Allocation Failure) 2883M->719M(7918M) 72.554ms
[238.042s][info][gc,cpu         ] GC(73) User=0.08s Sys=0.00s Real=0.07s
[240.495s][info][gc,start       ] GC(74) Pause Young (Allocation Failure)
[240.570s][info][gc,heap        ] GC(74) DefNew: 2323411K(2516544K)->93586K(2516544K) Eden: 2236928K(2236928K)->0K(2236928K) From: 86483K(279616K)->93586K(279616K)
[240.570s][info][gc,heap        ] GC(74) Tenured: 650683K(5592448K)->651454K(5592448K)
[240.570s][info][gc,metaspace   ] GC(74) Metaspace: 133958K(135296K)->133958K(135296K) NonClass: 113123K(113856K)->113123K(113856K) Class: 20834K(21440K)->20834K(21440K)
[240.570s][info][gc             ] GC(74) Pause Young (Allocation Failure) 2904M->727M(7918M) 75.439ms
[240.570s][info][gc,cpu         ] GC(74) User=0.08s Sys=0.00s Real=0.08s
[243.542s][info][gc,start       ] GC(75) Pause Young (Allocation Failure)
[243.605s][info][gc,heap        ] GC(75) DefNew: 2330514K(2516544K)->76039K(2516544K) Eden: 2236928K(2236928K)->0K(2236928K) From: 93586K(279616K)->76039K(279616K)
[243.605s][info][gc,heap        ] GC(75) Tenured: 651454K(5592448K)->651505K(5592448K)
[243.605s][info][gc,metaspace   ] GC(75) Metaspace: 133967K(135296K)->133967K(135296K) NonClass: 113132K(113856K)->113132K(113856K) Class: 20834K(21440K)->20834K(21440K)
[243.605s][info][gc             ] GC(75) Pause Young (Allocation Failure) 2912M->710M(7918M) 62.388ms
[243.605s][info][gc,cpu         ] GC(75) User=0.06s Sys=0.00s Real=0.06s
[246.243s][info][gc,start       ] GC(76) Pause Young (Allocation Failure)
[246.320s][info][gc,heap        ] GC(76) DefNew: 2312967K(2516544K)->96118K(2516544K) Eden: 2236928K(2236928K)->0K(2236928K) From: 76039K(279616K)->96118K(279616K)
[246.320s][info][gc,heap        ] GC(76) Tenured: 651505K(5592448K)->651543K(5592448K)
[246.320s][info][gc,metaspace   ] GC(76) Metaspace: 134082K(135424K)->134082K(135424K) NonClass: 113230K(113984K)->113230K(113984K) Class: 20852K(21440K)->20852K(21440K)
[246.320s][info][gc             ] GC(76) Pause Young (Allocation Failure) 2894M->730M(7918M) 77.464ms
[246.320s][info][gc,cpu         ] GC(76) User=0.08s Sys=0.00s Real=0.08s
[249.023s][info][gc,start       ] GC(77) Pause Young (Allocation Failure)
[249.083s][info][gc,heap        ] GC(77) DefNew: 2333046K(2516544K)->82099K(2516544K) Eden: 2236928K(2236928K)->0K(2236928K) From: 96118K(279616K)->82099K(279616K)
[249.083s][info][gc,heap        ] GC(77) Tenured: 651543K(5592448K)->651581K(5592448K)
[249.083s][info][gc,metaspace   ] GC(77) Metaspace: 134084K(135424K)->134084K(135424K) NonClass: 113232K(113984K)->113232K(113984K) Class: 20852K(21440K)->20852K(21440K)
[249.083s][info][gc             ] GC(77) Pause Young (Allocation Failure) 2914M->716M(7918M) 59.899ms
[249.083s][info][gc,cpu         ] GC(77) User=0.05s Sys=0.00s Real=0.06s
[251.750s][info][gc,start       ] GC(78) Pause Young (Allocation Failure)
[251.819s][info][gc,heap        ] GC(78) DefNew: 2319027K(2516544K)->75794K(2516544K) Eden: 2236928K(2236928K)->0K(2236928K) From: 82099K(279616K)->75794K(279616K)
[251.820s][info][gc,heap        ] GC(78) Tenured: 651581K(5592448K)->651620K(5592448K)
[251.820s][info][gc,metaspace   ] GC(78) Metaspace: 134085K(135424K)->134085K(135424K) NonClass: 113232K(113984K)->113232K(113984K) Class: 20852K(21440K)->20852K(21440K)
[251.820s][info][gc             ] GC(78) Pause Young (Allocation Failure) 2900M->710M(7918M) 69.144ms
[251.820s][info][gc,cpu         ] GC(78) User=0.08s Sys=0.00s Real=0.07s
[254.218s][info][gc,start       ] GC(79) Pause Young (Allocation Failure)
[254.272s][info][gc,heap        ] GC(79) DefNew: 2312722K(2516544K)->74074K(2516544K) Eden: 2236928K(2236928K)->0K(2236928K) From: 75794K(279616K)->74074K(279616K)
[254.272s][info][gc,heap        ] GC(79) Tenured: 651620K(5592448K)->651734K(5592448K)
[254.272s][info][gc,metaspace   ] GC(79) Metaspace: 134088K(135424K)->134088K(135424K) NonClass: 113236K(113984K)->113236K(113984K) Class: 20852K(21440K)->20852K(21440K)
[254.272s][info][gc             ] GC(79) Pause Young (Allocation Failure) 2894M->708M(7918M) 53.839ms
[254.272s][info][gc,cpu         ] GC(79) User=0.06s Sys=0.00s Real=0.05s
[256.606s][info][gc,start       ] GC(80) Pause Young (Allocation Failure)
[256.677s][info][gc,heap        ] GC(80) DefNew: 2311002K(2516544K)->99561K(2516544K) Eden: 2236928K(2236928K)->0K(2236928K) From: 74074K(279616K)->99561K(279616K)
[256.677s][info][gc,heap        ] GC(80) Tenured: 651734K(5592448K)->651773K(5592448K)
[256.677s][info][gc,metaspace   ] GC(80) Metaspace: 134093K(135424K)->134093K(135424K) NonClass: 113241K(113984K)->113241K(113984K) Class: 20852K(21440K)->20852K(21440K)
[256.677s][info][gc             ] GC(80) Pause Young (Allocation Failure) 2893M->733M(7918M) 71.098ms
[256.677s][info][gc,cpu         ] GC(80) User=0.06s Sys=0.00s Real=0.07s
[260.291s][info][gc,start       ] GC(81) Pause Young (GCLocker Initiated GC)
[260.409s][info][gc,heap        ] GC(81) DefNew: 2336489K(2516544K)->129661K(2516544K) Eden: 2236928K(2236928K)->0K(2236928K) From: 99561K(279616K)->129661K(279616K)
[260.409s][info][gc,heap        ] GC(81) Tenured: 651773K(5592448K)->651825K(5592448K)
[260.409s][info][gc,metaspace   ] GC(81) Metaspace: 134121K(135424K)->134121K(135424K) NonClass: 113268K(113984K)->113268K(113984K) Class: 20853K(21440K)->20853K(21440K)
[260.409s][info][gc             ] GC(81) Pause Young (GCLocker Initiated GC) 2918M->763M(7918M) 118.112ms
[260.409s][info][gc,cpu         ] GC(81) User=0.11s Sys=0.00s Real=0.12s
[262.859s][info][gc,start       ] GC(82) Pause Young (Allocation Failure)
[262.936s][info][gc,heap        ] GC(82) DefNew: 2366589K(2516544K)->87873K(2516544K) Eden: 2236928K(2236928K)->0K(2236928K) From: 129661K(279616K)->87873K(279616K)
[262.936s][info][gc,heap        ] GC(82) Tenured: 651825K(5592448K)->654607K(5592448K)
[262.936s][info][gc,metaspace   ] GC(82) Metaspace: 134128K(135424K)->134128K(135424K) NonClass: 113275K(113984K)->113275K(113984K) Class: 20853K(21440K)->20853K(21440K)
[262.936s][info][gc             ] GC(82) Pause Young (Allocation Failure) 2947M->725M(7918M) 77.401ms
[262.936s][info][gc,cpu         ] GC(82) User=0.08s Sys=0.00s Real=0.08s
[266.335s][info][gc,start       ] GC(83) Pause Young (Allocation Failure)
[266.386s][info][gc,heap        ] GC(83) DefNew: 2324801K(2516544K)->61144K(2516544K) Eden: 2236928K(2236928K)->0K(2236928K) From: 87873K(279616K)->61144K(279616K)
[266.386s][info][gc,heap        ] GC(83) Tenured: 654607K(5592448K)->654668K(5592448K)
[266.386s][info][gc,metaspace   ] GC(83) Metaspace: 134137K(135424K)->134137K(135424K) NonClass: 113283K(113984K)->113283K(113984K) Class: 20853K(21440K)->20853K(21440K)
[266.386s][info][gc             ] GC(83) Pause Young (Allocation Failure) 2909M->699M(7918M) 51.321ms
[266.386s][info][gc,cpu         ] GC(83) User=0.05s Sys=0.00s Real=0.05s
[269.066s][info][gc,start       ] GC(84) Pause Young (Allocation Failure)
[269.145s][info][gc,heap        ] GC(84) DefNew: 2298072K(2516544K)->89882K(2516544K) Eden: 2236928K(2236928K)->0K(2236928K) From: 61144K(279616K)->89882K(279616K)
[269.146s][info][gc,heap        ] GC(84) Tenured: 654668K(5592448K)->654738K(5592448K)
[269.146s][info][gc,metaspace   ] GC(84) Metaspace: 134144K(135488K)->134144K(135488K) NonClass: 113291K(114048K)->113291K(114048K) Class: 20853K(21440K)->20853K(21440K)
[269.146s][info][gc             ] GC(84) Pause Young (Allocation Failure) 2883M->727M(7918M) 79.166ms
[269.146s][info][gc,cpu         ] GC(84) User=0.11s Sys=0.00s Real=0.08s
[272.063s][info][gc,start       ] GC(85) Pause Young (Allocation Failure)
[272.144s][info][gc,heap        ] GC(85) DefNew: 2326810K(2516544K)->91495K(2516544K) Eden: 2236928K(2236928K)->0K(2236928K) From: 89882K(279616K)->91495K(279616K)
[272.144s][info][gc,heap        ] GC(85) Tenured: 654738K(5592448K)->654802K(5592448K)
[272.144s][info][gc,metaspace   ] GC(85) Metaspace: 134150K(135488K)->134150K(135488K) NonClass: 113297K(114048K)->113297K(114048K) Class: 20853K(21440K)->20853K(21440K)
[272.144s][info][gc             ] GC(85) Pause Young (Allocation Failure) 2911M->728M(7918M) 81.144ms
[272.144s][info][gc,cpu         ] GC(85) User=0.08s Sys=0.00s Real=0.08s
[275.021s][info][gc,start       ] GC(86) Pause Young (Allocation Failure)
[275.092s][info][gc,heap        ] GC(86) DefNew: 2328423K(2516544K)->96027K(2516544K) Eden: 2236928K(2236928K)->0K(2236928K) From: 91495K(279616K)->96027K(279616K)
[275.092s][info][gc,heap        ] GC(86) Tenured: 654802K(5592448K)->654836K(5592448K)
[275.092s][info][gc,metaspace   ] GC(86) Metaspace: 134170K(135552K)->134170K(135552K) NonClass: 113317K(114112K)->113317K(114112K) Class: 20853K(21440K)->20853K(21440K)
[275.092s][info][gc             ] GC(86) Pause Young (Allocation Failure) 2913M->733M(7918M) 71.114ms
[275.092s][info][gc,cpu         ] GC(86) User=0.08s Sys=0.00s Real=0.07s
[278.107s][info][gc,start       ] GC(87) Pause Young (Allocation Failure)
[278.172s][info][gc,heap        ] GC(87) DefNew: 2332955K(2516544K)->62909K(2516544K) Eden: 2236928K(2236928K)->0K(2236928K) From: 96027K(279616K)->62909K(279616K)
[278.172s][info][gc,heap        ] GC(87) Tenured: 654836K(5592448K)->654883K(5592448K)
[278.172s][info][gc,metaspace   ] GC(87) Metaspace: 134174K(135552K)->134174K(135552K) NonClass: 113320K(114112K)->113320K(114112K) Class: 20853K(21440K)->20853K(21440K)
[278.172s][info][gc             ] GC(87) Pause Young (Allocation Failure) 2917M->700M(7918M) 64.612ms
[278.172s][info][gc,cpu         ] GC(87) User=0.06s Sys=0.00s Real=0.06s
[281.911s][info][gc,start       ] GC(88) Pause Young (Allocation Failure)
[281.972s][info][gc,heap        ] GC(88) DefNew: 2299837K(2516544K)->70477K(2516544K) Eden: 2236928K(2236928K)->0K(2236928K) From: 62909K(279616K)->70477K(279616K)
[281.972s][info][gc,heap        ] GC(88) Tenured: 654883K(5592448K)->654910K(5592448K)
[281.972s][info][gc,metaspace   ] GC(88) Metaspace: 134190K(135552K)->134190K(135552K) NonClass: 113334K(114112K)->113334K(114112K) Class: 20855K(21440K)->20855K(21440K)
[281.972s][info][gc             ] GC(88) Pause Young (Allocation Failure) 2885M->708M(7918M) 61.106ms
[281.972s][info][gc,cpu         ] GC(88) User=0.06s Sys=0.00s Real=0.06s
[284.662s][info][gc,start       ] GC(89) Pause Young (Allocation Failure)
[284.747s][info][gc,heap        ] GC(89) DefNew: 2307405K(2516544K)->89869K(2516544K) Eden: 2236928K(2236928K)->0K(2236928K) From: 70477K(279616K)->89869K(279616K)
[284.747s][info][gc,heap        ] GC(89) Tenured: 654910K(5592448K)->654941K(5592448K)
[284.747s][info][gc,metaspace   ] GC(89) Metaspace: 134192K(135552K)->134192K(135552K) NonClass: 113336K(114112K)->113336K(114112K) Class: 20855K(21440K)->20855K(21440K)
[284.747s][info][gc             ] GC(89) Pause Young (Allocation Failure) 2892M->727M(7918M) 84.491ms
[284.747s][info][gc,cpu         ] GC(89) User=0.08s Sys=0.00s Real=0.08s
[287.435s][info][gc,start       ] GC(90) Pause Young (Allocation Failure)
[287.482s][info][gc,heap        ] GC(90) DefNew: 2326797K(2516544K)->56593K(2516544K) Eden: 2236928K(2236928K)->0K(2236928K) From: 89869K(279616K)->56593K(279616K)
[287.483s][info][gc,heap        ] GC(90) Tenured: 654941K(5592448K)->654974K(5592448K)
[287.483s][info][gc,metaspace   ] GC(90) Metaspace: 134193K(135552K)->134193K(135552K) NonClass: 113337K(114112K)->113337K(114112K) Class: 20855K(21440K)->20855K(21440K)
[287.483s][info][gc             ] GC(90) Pause Young (Allocation Failure) 2911M->694M(7918M) 47.711ms
[287.483s][info][gc,cpu         ] GC(90) User=0.05s Sys=0.00s Real=0.05s
[290.235s][info][gc,start       ] GC(91) Pause Young (Allocation Failure)
[290.320s][info][gc,heap        ] GC(91) DefNew: 2293521K(2516544K)->105833K(2516544K) Eden: 2236928K(2236928K)->0K(2236928K) From: 56593K(279616K)->105833K(279616K)
[290.320s][info][gc,heap        ] GC(91) Tenured: 654974K(5592448K)->655048K(5592448K)
[290.320s][info][gc,metaspace   ] GC(91) Metaspace: 134207K(135552K)->134207K(135552K) NonClass: 113351K(114112K)->113351K(114112K) Class: 20855K(21440K)->20855K(21440K)
[290.320s][info][gc             ] GC(91) Pause Young (Allocation Failure) 2879M->743M(7918M) 84.616ms
[290.320s][info][gc,cpu         ] GC(91) User=0.09s Sys=0.00s Real=0.09s
[294.370s][info][gc,start       ] GC(92) Pause Young (Allocation Failure)
[294.424s][info][gc,heap        ] GC(92) DefNew: 2342761K(2516544K)->71216K(2516544K) Eden: 2236928K(2236928K)->0K(2236928K) From: 105833K(279616K)->71216K(279616K)
[294.425s][info][gc,heap        ] GC(92) Tenured: 655048K(5592448K)->655080K(5592448K)
[294.425s][info][gc,metaspace   ] GC(92) Metaspace: 134211K(135552K)->134211K(135552K) NonClass: 113355K(114112K)->113355K(114112K) Class: 20855K(21440K)->20855K(21440K)
[294.425s][info][gc             ] GC(92) Pause Young (Allocation Failure) 2927M->709M(7918M) 54.256ms
[294.425s][info][gc,cpu         ] GC(92) User=0.05s Sys=0.00s Real=0.05s
[297.650s][info][gc,start       ] GC(93) Pause Young (Allocation Failure)
[297.716s][info][gc,heap        ] GC(93) DefNew: 2308144K(2516544K)->76743K(2516544K) Eden: 2236928K(2236928K)->0K(2236928K) From: 71216K(279616K)->76743K(279616K)
[297.716s][info][gc,heap        ] GC(93) Tenured: 655080K(5592448K)->655113K(5592448K)
[297.716s][info][gc,metaspace   ] GC(93) Metaspace: 134220K(135552K)->134220K(135552K) NonClass: 113364K(114112K)->113364K(114112K) Class: 20855K(21440K)->20855K(21440K)
[297.716s][info][gc             ] GC(93) Pause Young (Allocation Failure) 2893M->714M(7918M) 65.867ms
[297.716s][info][gc,cpu         ] GC(93) User=0.06s Sys=0.00s Real=0.07s
[300.728s][info][gc,start       ] GC(94) Pause Young (Allocation Failure)
[300.808s][info][gc,heap        ] GC(94) DefNew: 2313671K(2516544K)->73638K(2516544K) Eden: 2236928K(2236928K)->0K(2236928K) From: 76743K(279616K)->73638K(279616K)
[300.808s][info][gc,heap        ] GC(94) Tenured: 655113K(5592448K)->655167K(5592448K)
[300.808s][info][gc,metaspace   ] GC(94) Metaspace: 134221K(135552K)->134221K(135552K) NonClass: 113365K(114112K)->113365K(114112K) Class: 20855K(21440K)->20855K(21440K)
[300.808s][info][gc             ] GC(94) Pause Young (Allocation Failure) 2899M->711M(7918M) 79.854ms
[300.808s][info][gc,cpu         ] GC(94) User=0.08s Sys=0.00s Real=0.08s
[303.855s][info][gc,start       ] GC(95) Pause Young (Allocation Failure)
[303.925s][info][gc,heap        ] GC(95) DefNew: 2310566K(2516544K)->75350K(2516544K) Eden: 2236928K(2236928K)->0K(2236928K) From: 73638K(279616K)->75350K(279616K)
[303.925s][info][gc,heap        ] GC(95) Tenured: 655167K(5592448K)->655191K(5592448K)
[303.925s][info][gc,metaspace   ] GC(95) Metaspace: 134231K(135616K)->134231K(135616K) NonClass: 113375K(114176K)->113375K(114176K) Class: 20855K(21440K)->20855K(21440K)
[303.925s][info][gc             ] GC(95) Pause Young (Allocation Failure) 2896M->713M(7918M) 70.025ms
[303.925s][info][gc,cpu         ] GC(95) User=0.08s Sys=0.00s Real=0.07s
[306.655s][info][gc,start       ] GC(96) Pause Young (Allocation Failure)
[306.722s][info][gc,heap        ] GC(96) DefNew: 2312278K(2516544K)->73438K(2516544K) Eden: 2236928K(2236928K)->0K(2236928K) From: 75350K(279616K)->73438K(279616K)
[306.722s][info][gc,heap        ] GC(96) Tenured: 655191K(5592448K)->655285K(5592448K)
[306.722s][info][gc,metaspace   ] GC(96) Metaspace: 134231K(135616K)->134231K(135616K) NonClass: 113375K(114176K)->113375K(114176K) Class: 20855K(21440K)->20855K(21440K)
[306.722s][info][gc             ] GC(96) Pause Young (Allocation Failure) 2897M->711M(7918M) 67.082ms
[306.722s][info][gc,cpu         ] GC(96) User=0.06s Sys=0.00s Real=0.07s
[309.906s][info][gc,start       ] GC(97) Pause Young (Allocation Failure)
[309.959s][info][gc,heap        ] GC(97) DefNew: 2310366K(2516544K)->61990K(2516544K) Eden: 2236928K(2236928K)->0K(2236928K) From: 73438K(279616K)->61990K(279616K)
[309.959s][info][gc,heap        ] GC(97) Tenured: 655285K(5592448K)->655321K(5592448K)
[309.959s][info][gc,metaspace   ] GC(97) Metaspace: 134233K(135616K)->134233K(135616K) NonClass: 113377K(114176K)->113377K(114176K) Class: 20855K(21440K)->20855K(21440K)
[309.959s][info][gc             ] GC(97) Pause Young (Allocation Failure) 2896M->700M(7918M) 52.986ms
[309.959s][info][gc,cpu         ] GC(97) User=0.06s Sys=0.00s Real=0.05s
[312.813s][info][gc,start       ] GC(98) Pause Young (Allocation Failure)
[312.883s][info][gc,heap        ] GC(98) DefNew: 2298918K(2516544K)->79350K(2516544K) Eden: 2236928K(2236928K)->0K(2236928K) From: 61990K(279616K)->79350K(279616K)
[312.883s][info][gc,heap        ] GC(98) Tenured: 655321K(5592448K)->655401K(5592448K)
[312.883s][info][gc,metaspace   ] GC(98) Metaspace: 134241K(135616K)->134241K(135616K) NonClass: 113385K(114176K)->113385K(114176K) Class: 20855K(21440K)->20855K(21440K)
[312.883s][info][gc             ] GC(98) Pause Young (Allocation Failure) 2884M->717M(7918M) 69.826ms
[312.883s][info][gc,cpu         ] GC(98) User=0.08s Sys=0.00s Real=0.07s
[315.541s][info][gc,start       ] GC(99) Pause Young (Allocation Failure)
[315.628s][info][gc,heap        ] GC(99) DefNew: 2316278K(2516544K)->88241K(2516544K) Eden: 2236928K(2236928K)->0K(2236928K) From: 79350K(279616K)->88241K(279616K)
[315.628s][info][gc,heap        ] GC(99) Tenured: 655401K(5592448K)->655450K(5592448K)
[315.628s][info][gc,metaspace   ] GC(99) Metaspace: 134407K(135744K)->134407K(135744K) NonClass: 113525K(114240K)->113525K(114240K) Class: 20881K(21504K)->20881K(21504K)
[315.628s][info][gc             ] GC(99) Pause Young (Allocation Failure) 2902M->726M(7918M) 87.132ms
[315.628s][info][gc,cpu         ] GC(99) User=0.08s Sys=0.00s Real=0.09s
[318.460s][info][gc,start       ] GC(100) Pause Young (Allocation Failure)
[318.527s][info][gc,heap        ] GC(100) DefNew: 2325169K(2516544K)->82122K(2516544K) Eden: 2236928K(2236928K)->0K(2236928K) From: 88241K(279616K)->82122K(279616K)
[318.527s][info][gc,heap        ] GC(100) Tenured: 655450K(5592448K)->655493K(5592448K)
[318.527s][info][gc,metaspace   ] GC(100) Metaspace: 134513K(135872K)->134513K(135872K) NonClass: 113609K(114368K)->113609K(114368K) Class: 20903K(21504K)->20903K(21504K)
[318.527s][info][gc             ] GC(100) Pause Young (Allocation Failure) 2910M->720M(7918M) 67.262ms
[318.527s][info][gc,cpu         ] GC(100) User=0.06s Sys=0.00s Real=0.07s
[321.499s][info][gc,start       ] GC(101) Pause Young (Allocation Failure)
[321.557s][info][gc,heap        ] GC(101) DefNew: 2319050K(2516544K)->65272K(2516544K) Eden: 2236928K(2236928K)->0K(2236928K) From: 82122K(279616K)->65272K(279616K)
[321.557s][info][gc,heap        ] GC(101) Tenured: 655493K(5592448K)->655527K(5592448K)
[321.557s][info][gc,metaspace   ] GC(101) Metaspace: 134515K(135872K)->134515K(135872K) NonClass: 113612K(114368K)->113612K(114368K) Class: 20903K(21504K)->20903K(21504K)
[321.557s][info][gc             ] GC(101) Pause Young (Allocation Failure) 2904M->703M(7918M) 58.173ms
[321.557s][info][gc,cpu         ] GC(101) User=0.06s Sys=0.00s Real=0.06s
[325.587s][info][gc,start       ] GC(102) Pause Young (Allocation Failure)
[325.644s][info][gc,heap        ] GC(102) DefNew: 2302200K(2516544K)->68680K(2516544K) Eden: 2236928K(2236928K)->0K(2236928K) From: 65272K(279616K)->68680K(279616K)
[325.644s][info][gc,heap        ] GC(102) Tenured: 655527K(5592448K)->655564K(5592448K)
[325.644s][info][gc,metaspace   ] GC(102) Metaspace: 134530K(135872K)->134530K(135872K) NonClass: 113626K(114368K)->113626K(114368K) Class: 20903K(21504K)->20903K(21504K)
[325.644s][info][gc             ] GC(102) Pause Young (Allocation Failure) 2888M->707M(7918M) 57.090ms
[325.644s][info][gc,cpu         ] GC(102) User=0.05s Sys=0.00s Real=0.06s
[328.781s][info][gc,start       ] GC(103) Pause Young (Allocation Failure)
[328.860s][info][gc,heap        ] GC(103) DefNew: 2305608K(2516544K)->75656K(2516544K) Eden: 2236928K(2236928K)->0K(2236928K) From: 68680K(279616K)->75656K(279616K)
[328.860s][info][gc,heap        ] GC(103) Tenured: 655564K(5592448K)->655640K(5592448K)
[328.860s][info][gc,metaspace   ] GC(103) Metaspace: 134530K(135872K)->134530K(135872K) NonClass: 113626K(114368K)->113626K(114368K) Class: 20903K(21504K)->20903K(21504K)
[328.860s][info][gc             ] GC(103) Pause Young (Allocation Failure) 2891M->714M(7918M) 79.124ms
[328.860s][info][gc,cpu         ] GC(103) User=0.08s Sys=0.00s Real=0.08s
[331.759s][info][gc,start       ] GC(104) Pause Young (Allocation Failure)
[331.817s][info][gc,heap        ] GC(104) DefNew: 2312584K(2516544K)->62672K(2516544K) Eden: 2236928K(2236928K)->0K(2236928K) From: 75656K(279616K)->62672K(279616K)
[331.817s][info][gc,heap        ] GC(104) Tenured: 655640K(5592448K)->655992K(5592448K)
[331.817s][info][gc,metaspace   ] GC(104) Metaspace: 134532K(135872K)->134532K(135872K) NonClass: 113629K(114368K)->113629K(114368K) Class: 20903K(21504K)->20903K(21504K)
[331.817s][info][gc             ] GC(104) Pause Young (Allocation Failure) 2898M->701M(7918M) 58.177ms
[331.817s][info][gc,cpu         ] GC(104) User=0.05s Sys=0.00s Real=0.06s
[334.878s][info][gc,start       ] GC(105) Pause Young (Allocation Failure)
[334.949s][info][gc,heap        ] GC(105) DefNew: 2299600K(2516544K)->78638K(2516544K) Eden: 2236928K(2236928K)->0K(2236928K) From: 62672K(279616K)->78638K(279616K)
[334.949s][info][gc,heap        ] GC(105) Tenured: 655992K(5592448K)->656104K(5592448K)
[334.949s][info][gc,metaspace   ] GC(105) Metaspace: 134538K(135936K)->134538K(135936K) NonClass: 113635K(114432K)->113635K(114432K) Class: 20903K(21504K)->20903K(21504K)
[334.950s][info][gc             ] GC(105) Pause Young (Allocation Failure) 2886M->717M(7918M) 71.778ms
[334.950s][info][gc,cpu         ] GC(105) User=0.08s Sys=0.00s Real=0.07s
[337.359s][info][gc,start       ] GC(106) Pause Young (Allocation Failure)
[337.441s][info][gc,heap        ] GC(106) DefNew: 2315566K(2516544K)->101213K(2516544K) Eden: 2236928K(2236928K)->0K(2236928K) From: 78638K(279616K)->101213K(279616K)
[337.441s][info][gc,heap        ] GC(106) Tenured: 656104K(5592448K)->656137K(5592448K)
[337.441s][info][gc,metaspace   ] GC(106) Metaspace: 134539K(135936K)->134539K(135936K) NonClass: 113635K(114432K)->113635K(114432K) Class: 20903K(21504K)->20903K(21504K)
[337.441s][info][gc             ] GC(106) Pause Young (Allocation Failure) 2902M->739M(7918M) 82.438ms
[337.441s][info][gc,cpu         ] GC(106) User=0.08s Sys=0.00s Real=0.08s
[340.200s][info][gc,start       ] GC(107) Pause Young (Allocation Failure)
[340.290s][info][gc,heap        ] GC(107) DefNew: 2338141K(2516544K)->103626K(2516544K) Eden: 2236928K(2236928K)->0K(2236928K) From: 101213K(279616K)->103626K(279616K)
[340.290s][info][gc,heap        ] GC(107) Tenured: 656137K(5592448K)->656212K(5592448K)
[340.290s][info][gc,metaspace   ] GC(107) Metaspace: 134544K(135936K)->134544K(135936K) NonClass: 113641K(114432K)->113641K(114432K) Class: 20903K(21504K)->20903K(21504K)
[340.290s][info][gc             ] GC(107) Pause Young (Allocation Failure) 2924M->742M(7918M) 89.901ms
[340.290s][info][gc,cpu         ] GC(107) User=0.09s Sys=0.00s Real=0.09s
[342.706s][info][gc,start       ] GC(108) Pause Young (Allocation Failure)
[342.794s][info][gc,heap        ] GC(108) DefNew: 2340554K(2516544K)->111669K(2516544K) Eden: 2236928K(2236928K)->0K(2236928K) From: 103626K(279616K)->111669K(279616K)
[342.794s][info][gc,heap        ] GC(108) Tenured: 656212K(5592448K)->657027K(5592448K)
[342.794s][info][gc,metaspace   ] GC(108) Metaspace: 134544K(135936K)->134544K(135936K) NonClass: 113641K(114432K)->113641K(114432K) Class: 20903K(21504K)->20903K(21504K)
[342.794s][info][gc             ] GC(108) Pause Young (Allocation Failure) 2926M->750M(7918M) 88.066ms
[342.794s][info][gc,cpu         ] GC(108) User=0.09s Sys=0.00s Real=0.09s
[347.365s][info][gc,start       ] GC(109) Pause Young (Allocation Failure)
[347.427s][info][gc,heap        ] GC(109) DefNew: 2348597K(2516544K)->72712K(2516544K) Eden: 2236928K(2236928K)->0K(2236928K) From: 111669K(279616K)->72712K(279616K)
[347.427s][info][gc,heap        ] GC(109) Tenured: 657027K(5592448K)->657421K(5592448K)
[347.427s][info][gc,metaspace   ] GC(109) Metaspace: 134549K(135936K)->134549K(135936K) NonClass: 113646K(114432K)->113646K(114432K) Class: 20903K(21504K)->20903K(21504K)
[347.427s][info][gc             ] GC(109) Pause Young (Allocation Failure) 2935M->713M(7918M) 61.361ms
[347.427s][info][gc,cpu         ] GC(109) User=0.05s Sys=0.00s Real=0.06s
[350.355s][info][gc,start       ] GC(110) Pause Young (Allocation Failure)
[350.412s][info][gc,heap        ] GC(110) DefNew: 2309640K(2516544K)->57289K(2516544K) Eden: 2236928K(2236928K)->0K(2236928K) From: 72712K(279616K)->57289K(279616K)
[350.412s][info][gc,heap        ] GC(110) Tenured: 657421K(5592448K)->657481K(5592448K)
[350.412s][info][gc,metaspace   ] GC(110) Metaspace: 134552K(135936K)->134552K(135936K) NonClass: 113648K(114432K)->113648K(114432K) Class: 20903K(21504K)->20903K(21504K)
[350.412s][info][gc             ] GC(110) Pause Young (Allocation Failure) 2897M->698M(7918M) 57.422ms
[350.412s][info][gc,cpu         ] GC(110) User=0.05s Sys=0.00s Real=0.06s
[354.674s][info][gc,start       ] GC(111) Pause Young (Allocation Failure)
[354.734s][info][gc,heap        ] GC(111) DefNew: 2294217K(2516544K)->56058K(2516544K) Eden: 2236928K(2236928K)->0K(2236928K) From: 57289K(279616K)->56058K(279616K)
[354.734s][info][gc,heap        ] GC(111) Tenured: 657481K(5592448K)->657825K(5592448K)
[354.734s][info][gc,metaspace   ] GC(111) Metaspace: 134557K(135936K)->134557K(135936K) NonClass: 113653K(114432K)->113653K(114432K) Class: 20904K(21504K)->20904K(21504K)
[354.735s][info][gc             ] GC(111) Pause Young (Allocation Failure) 2882M->697M(7918M) 60.333ms
[354.735s][info][gc,cpu         ] GC(111) User=0.06s Sys=0.00s Real=0.06s
[357.941s][info][gc,start       ] GC(112) Pause Young (Allocation Failure)
[358.016s][info][gc,heap        ] GC(112) DefNew: 2292986K(2516544K)->77629K(2516544K) Eden: 2236928K(2236928K)->0K(2236928K) From: 56058K(279616K)->77629K(279616K)
[358.016s][info][gc,heap        ] GC(112) Tenured: 657825K(5592448K)->657861K(5592448K)
[358.016s][info][gc,metaspace   ] GC(112) Metaspace: 134563K(135936K)->134563K(135936K) NonClass: 113659K(114432K)->113659K(114432K) Class: 20904K(21504K)->20904K(21504K)
[358.016s][info][gc             ] GC(112) Pause Young (Allocation Failure) 2881M->718M(7918M) 75.215ms
[358.016s][info][gc,cpu         ] GC(112) User=0.08s Sys=0.00s Real=0.07s
[360.359s][info][gc,start       ] GC(113) Pause Young (Allocation Failure)
[360.446s][info][gc,heap        ] GC(113) DefNew: 2314557K(2516544K)->108207K(2516544K) Eden: 2236928K(2236928K)->0K(2236928K) From: 77629K(279616K)->108207K(279616K)
[360.446s][info][gc,heap        ] GC(113) Tenured: 657861K(5592448K)->657890K(5592448K)
[360.446s][info][gc,metaspace   ] GC(113) Metaspace: 134567K(135936K)->134567K(135936K) NonClass: 113663K(114432K)->113663K(114432K) Class: 20904K(21504K)->20904K(21504K)
[360.446s][info][gc             ] GC(113) Pause Young (Allocation Failure) 2902M->748M(7918M) 86.781ms
[360.446s][info][gc,cpu         ] GC(113) User=0.09s Sys=0.00s Real=0.09s
[362.951s][info][gc,start       ] GC(114) Pause Young (Allocation Failure)
[363.040s][info][gc,heap        ] GC(114) DefNew: 2345135K(2516544K)->114959K(2516544K) Eden: 2236928K(2236928K)->0K(2236928K) From: 108207K(279616K)->114959K(279616K)
[363.040s][info][gc,heap        ] GC(114) Tenured: 657890K(5592448K)->658021K(5592448K)
[363.040s][info][gc,metaspace   ] GC(114) Metaspace: 134630K(136000K)->134630K(136000K) NonClass: 113717K(114496K)->113717K(114496K) Class: 20912K(21504K)->20912K(21504K)
[363.040s][info][gc             ] GC(114) Pause Young (Allocation Failure) 2932M->754M(7918M) 89.327ms
[363.040s][info][gc,cpu         ] GC(114) User=0.09s Sys=0.00s Real=0.09s
[365.578s][info][gc,start       ] GC(115) Pause Young (Allocation Failure)
[365.680s][info][gc,heap        ] GC(115) DefNew: 2351887K(2516544K)->127036K(2516544K) Eden: 2236928K(2236928K)->0K(2236928K) From: 114959K(279616K)->127036K(279616K)
[365.680s][info][gc,heap        ] GC(115) Tenured: 658021K(5592448K)->658895K(5592448K)
[365.680s][info][gc,metaspace   ] GC(115) Metaspace: 134637K(136000K)->134637K(136000K) NonClass: 113723K(114496K)->113723K(114496K) Class: 20913K(21504K)->20913K(21504K)
[365.680s][info][gc             ] GC(115) Pause Young (Allocation Failure) 2939M->767M(7918M) 101.610ms
[365.680s][info][gc,cpu         ] GC(115) User=0.11s Sys=0.00s Real=0.10s
[367.935s][info][gc,start       ] GC(116) Pause Young (Allocation Failure)
[368.028s][info][gc,heap        ] GC(116) DefNew: 2363964K(2516544K)->119229K(2516544K) Eden: 2236928K(2236928K)->0K(2236928K) From: 127036K(279616K)->119229K(279616K)
[368.028s][info][gc,heap        ] GC(116) Tenured: 658895K(5592448K)->659009K(5592448K)
[368.028s][info][gc,metaspace   ] GC(116) Metaspace: 134640K(136000K)->134640K(136000K) NonClass: 113727K(114496K)->113727K(114496K) Class: 20913K(21504K)->20913K(21504K)
[368.028s][info][gc             ] GC(116) Pause Young (Allocation Failure) 2952M->759M(7918M) 93.515ms
[368.028s][info][gc,cpu         ] GC(116) User=0.09s Sys=0.00s Real=0.09s
[370.693s][info][gc,start       ] GC(117) Pause Young (Allocation Failure)
[370.811s][info][gc,heap        ] GC(117) DefNew: 2356157K(2516544K)->109346K(2516544K) Eden: 2236928K(2236928K)->0K(2236928K) From: 119229K(279616K)->109346K(279616K)
[370.811s][info][gc,heap        ] GC(117) Tenured: 659009K(5592448K)->659204K(5592448K)
[370.811s][info][gc,metaspace   ] GC(117) Metaspace: 134658K(136000K)->134658K(136000K) NonClass: 113744K(114496K)->113744K(114496K) Class: 20914K(21504K)->20914K(21504K)
[370.811s][info][gc             ] GC(117) Pause Young (Allocation Failure) 2944M->750M(7918M) 118.318ms
[370.811s][info][gc,cpu         ] GC(117) User=0.12s Sys=0.00s Real=0.12s
[373.439s][info][gc,start       ] GC(118) Pause Young (Allocation Failure)
[373.489s][info][gc,heap        ] GC(118) DefNew: 2346274K(2516544K)->34204K(2516544K) Eden: 2236928K(2236928K)->0K(2236928K) From: 109346K(279616K)->34204K(279616K)
[373.489s][info][gc,heap        ] GC(118) Tenured: 659204K(5592448K)->659311K(5592448K)
[373.489s][info][gc,metaspace   ] GC(118) Metaspace: 134659K(136064K)->134659K(136064K) NonClass: 113745K(114560K)->113745K(114560K) Class: 20914K(21504K)->20914K(21504K)
[373.489s][info][gc             ] GC(118) Pause Young (Allocation Failure) 2935M->677M(7918M) 50.170ms
[373.489s][info][gc,cpu         ] GC(118) User=0.05s Sys=0.00s Real=0.05s
[376.911s][info][gc,start       ] GC(119) Pause Young (Allocation Failure)
[376.966s][info][gc,heap        ] GC(119) DefNew: 2271132K(2516544K)->56663K(2516544K) Eden: 2236928K(2236928K)->0K(2236928K) From: 34204K(279616K)->56663K(279616K)
[376.966s][info][gc,heap        ] GC(119) Tenured: 659311K(5592448K)->660014K(5592448K)
[376.966s][info][gc,metaspace   ] GC(119) Metaspace: 134670K(136064K)->134670K(136064K) NonClass: 113756K(114560K)->113756K(114560K) Class: 20914K(21504K)->20914K(21504K)
[376.966s][info][gc             ] GC(119) Pause Young (Allocation Failure) 2861M->699M(7918M) 54.475ms
[376.966s][info][gc,cpu         ] GC(119) User=0.06s Sys=0.00s Real=0.05s
[381.300s][info][gc,start       ] GC(120) Pause Young (Allocation Failure)
[381.357s][info][gc,heap        ] GC(120) DefNew: 2293591K(2516544K)->64813K(2516544K) Eden: 2236928K(2236928K)->0K(2236928K) From: 56663K(279616K)->64813K(279616K)
[381.357s][info][gc,heap        ] GC(120) Tenured: 660014K(5592448K)->660052K(5592448K)
[381.357s][info][gc,metaspace   ] GC(120) Metaspace: 134670K(136064K)->134670K(136064K) NonClass: 113756K(114560K)->113756K(114560K) Class: 20914K(21504K)->20914K(21504K)
[381.357s][info][gc             ] GC(120) Pause Young (Allocation Failure) 2884M->707M(7918M) 57.165ms
[381.357s][info][gc,cpu         ] GC(120) User=0.06s Sys=0.00s Real=0.06s
[384.311s][info][gc,start       ] GC(121) Pause Young (Allocation Failure)
[384.380s][info][gc,heap        ] GC(121) DefNew: 2301741K(2516544K)->83037K(2516544K) Eden: 2236928K(2236928K)->0K(2236928K) From: 64813K(279616K)->83037K(279616K)
[384.380s][info][gc,heap        ] GC(121) Tenured: 660052K(5592448K)->660097K(5592448K)
[384.380s][info][gc,metaspace   ] GC(121) Metaspace: 134675K(136064K)->134675K(136064K) NonClass: 113761K(114560K)->113761K(114560K) Class: 20914K(21504K)->20914K(21504K)
[384.380s][info][gc             ] GC(121) Pause Young (Allocation Failure) 2892M->725M(7918M) 68.605ms
[384.380s][info][gc,cpu         ] GC(121) User=0.06s Sys=0.00s Real=0.07s
[387.278s][info][gc,start       ] GC(122) Pause Young (Allocation Failure)
[387.356s][info][gc,heap        ] GC(122) DefNew: 2319965K(2516544K)->89440K(2516544K) Eden: 2236928K(2236928K)->0K(2236928K) From: 83037K(279616K)->89440K(279616K)
[387.356s][info][gc,heap        ] GC(122) Tenured: 660097K(5592448K)->660164K(5592448K)
[387.356s][info][gc,metaspace   ] GC(122) Metaspace: 134678K(136064K)->134678K(136064K) NonClass: 113763K(114560K)->113763K(114560K) Class: 20914K(21504K)->20914K(21504K)
[387.356s][info][gc             ] GC(122) Pause Young (Allocation Failure) 2910M->732M(7918M) 78.015ms
[387.356s][info][gc,cpu         ] GC(122) User=0.08s Sys=0.00s Real=0.08s
[389.519s][info][gc,start       ] GC(123) Pause Young (Allocation Failure)
[389.628s][info][gc,heap        ] GC(123) DefNew: 2326368K(2516544K)->124323K(2516544K) Eden: 2236928K(2236928K)->0K(2236928K) From: 89440K(279616K)->124323K(279616K)
[389.628s][info][gc,heap        ] GC(123) Tenured: 660164K(5592448K)->660438K(5592448K)
[389.628s][info][gc,metaspace   ] GC(123) Metaspace: 134682K(136064K)->134682K(136064K) NonClass: 113767K(114560K)->113767K(114560K) Class: 20914K(21504K)->20914K(21504K)
[389.628s][info][gc             ] GC(123) Pause Young (Allocation Failure) 2916M->766M(7918M) 109.797ms
[389.628s][info][gc,cpu         ] GC(123) User=0.11s Sys=0.00s Real=0.11s
[392.119s][info][gc,start       ] GC(124) Pause Young (Allocation Failure)
[392.194s][info][gc,heap        ] GC(124) DefNew: 2361251K(2516544K)->97511K(2516544K) Eden: 2236928K(2236928K)->0K(2236928K) From: 124323K(279616K)->97511K(279616K)
[392.194s][info][gc,heap        ] GC(124) Tenured: 660438K(5592448K)->660730K(5592448K)
[392.194s][info][gc,metaspace   ] GC(124) Metaspace: 134684K(136064K)->134684K(136064K) NonClass: 113770K(114560K)->113770K(114560K) Class: 20914K(21504K)->20914K(21504K)
[392.194s][info][gc             ] GC(124) Pause Young (Allocation Failure) 2950M->740M(7918M) 74.995ms
[392.194s][info][gc,cpu         ] GC(124) User=0.08s Sys=0.00s Real=0.08s
[395.146s][info][gc,start       ] GC(125) Pause Young (GCLocker Initiated GC)
[395.222s][info][gc,heap        ] GC(125) DefNew: 2334467K(2516544K)->93305K(2516544K) Eden: 2236928K(2236928K)->0K(2236928K) From: 97539K(279616K)->93305K(279616K)
[395.222s][info][gc,heap        ] GC(125) Tenured: 660730K(5592448K)->660842K(5592448K)
[395.222s][info][gc,metaspace   ] GC(125) Metaspace: 134684K(136064K)->134684K(136064K) NonClass: 113770K(114560K)->113770K(114560K) Class: 20914K(21504K)->20914K(21504K)
[395.222s][info][gc             ] GC(125) Pause Young (GCLocker Initiated GC) 2924M->736M(7918M) 75.922ms
[395.222s][info][gc,cpu         ] GC(125) User=0.08s Sys=0.00s Real=0.08s
[399.266s][info][gc,start       ] GC(126) Pause Young (Allocation Failure)
[399.319s][info][gc,heap        ] GC(126) DefNew: 2330233K(2516544K)->50407K(2516544K) Eden: 2236928K(2236928K)->0K(2236928K) From: 93305K(279616K)->50407K(279616K)
[399.319s][info][gc,heap        ] GC(126) Tenured: 660842K(5592448K)->660924K(5592448K)
[399.319s][info][gc,metaspace   ] GC(126) Metaspace: 134685K(136064K)->134685K(136064K) NonClass: 113771K(114560K)->113771K(114560K) Class: 20914K(21504K)->20914K(21504K)
[399.319s][info][gc             ] GC(126) Pause Young (Allocation Failure) 2920M->694M(7918M) 53.247ms
[399.319s][info][gc,cpu         ] GC(126) User=0.06s Sys=0.00s Real=0.05s
[402.698s][info][gc,start       ] GC(127) Pause Young (Allocation Failure)
[402.758s][info][gc,heap        ] GC(127) DefNew: 2287335K(2516544K)->69020K(2516544K) Eden: 2236928K(2236928K)->0K(2236928K) From: 50407K(279616K)->69020K(279616K)
[402.758s][info][gc,heap        ] GC(127) Tenured: 660924K(5592448K)->660956K(5592448K)
[402.758s][info][gc,metaspace   ] GC(127) Metaspace: 134688K(136064K)->134688K(136064K) NonClass: 113774K(114560K)->113774K(114560K) Class: 20914K(21504K)->20914K(21504K)
[402.758s][info][gc             ] GC(127) Pause Young (Allocation Failure) 2879M->712M(7918M) 59.673ms
[402.758s][info][gc,cpu         ] GC(127) User=0.06s Sys=0.00s Real=0.06s
[405.646s][info][gc,start       ] GC(128) Pause Young (Allocation Failure)
[405.701s][info][gc,heap        ] GC(128) DefNew: 2305948K(2516544K)->70352K(2516544K) Eden: 2236928K(2236928K)->0K(2236928K) From: 69020K(279616K)->70352K(279616K)
[405.701s][info][gc,heap        ] GC(128) Tenured: 660956K(5592448K)->660986K(5592448K)
[405.701s][info][gc,metaspace   ] GC(128) Metaspace: 134695K(136064K)->134695K(136064K) NonClass: 113780K(114560K)->113780K(114560K) Class: 20914K(21504K)->20914K(21504K)
[405.701s][info][gc             ] GC(128) Pause Young (Allocation Failure) 2897M->714M(7918M) 54.834ms
[405.701s][info][gc,cpu         ] GC(128) User=0.06s Sys=0.00s Real=0.05s
[408.690s][info][gc,start       ] GC(129) Pause Young (Allocation Failure)
[408.748s][info][gc,heap        ] GC(129) DefNew: 2307280K(2516544K)->69544K(2516544K) Eden: 2236928K(2236928K)->0K(2236928K) From: 70352K(279616K)->69544K(279616K)
[408.748s][info][gc,heap        ] GC(129) Tenured: 660986K(5592448K)->661023K(5592448K)
[408.748s][info][gc,metaspace   ] GC(129) Metaspace: 134695K(136064K)->134695K(136064K) NonClass: 113781K(114560K)->113781K(114560K) Class: 20914K(21504K)->20914K(21504K)
[408.749s][info][gc             ] GC(129) Pause Young (Allocation Failure) 2898M->713M(7918M) 58.384ms
[408.749s][info][gc,cpu         ] GC(129) User=0.06s Sys=0.00s Real=0.06s
[411.435s][info][gc,start       ] GC(130) Pause Young (Allocation Failure)
[411.502s][info][gc,heap        ] GC(130) DefNew: 2306472K(2516544K)->80151K(2516544K) Eden: 2236928K(2236928K)->0K(2236928K) From: 69544K(279616K)->80151K(279616K)
[411.502s][info][gc,heap        ] GC(130) Tenured: 661023K(5592448K)->661054K(5592448K)
[411.502s][info][gc,metaspace   ] GC(130) Metaspace: 134696K(136064K)->134696K(136064K) NonClass: 113782K(114560K)->113782K(114560K) Class: 20914K(21504K)->20914K(21504K)
[411.502s][info][gc             ] GC(130) Pause Young (Allocation Failure) 2897M->723M(7918M) 67.173ms
[411.502s][info][gc,cpu         ] GC(130) User=0.06s Sys=0.00s Real=0.07s
[414.144s][info][gc,start       ] GC(131) Pause Young (Allocation Failure)
[414.218s][info][gc,heap        ] GC(131) DefNew: 2317079K(2516544K)->101298K(2516544K) Eden: 2236928K(2236928K)->0K(2236928K) From: 80151K(279616K)->101298K(279616K)
[414.218s][info][gc,heap        ] GC(131) Tenured: 661054K(5592448K)->661091K(5592448K)
[414.218s][info][gc,metaspace   ] GC(131) Metaspace: 134697K(136064K)->134697K(136064K) NonClass: 113783K(114560K)->113783K(114560K) Class: 20914K(21504K)->20914K(21504K)
[414.218s][info][gc             ] GC(131) Pause Young (Allocation Failure) 2908M->744M(7918M) 73.788ms
[414.218s][info][gc,cpu         ] GC(131) User=0.08s Sys=0.00s Real=0.07s
[416.607s][info][gc,start       ] GC(132) Pause Young (Allocation Failure)
[416.679s][info][gc,heap        ] GC(132) DefNew: 2338226K(2516544K)->90123K(2516544K) Eden: 2236928K(2236928K)->0K(2236928K) From: 101298K(279616K)->90123K(279616K)
[416.679s][info][gc,heap        ] GC(132) Tenured: 661091K(5592448K)->661138K(5592448K)
[416.679s][info][gc,metaspace   ] GC(132) Metaspace: 134699K(136064K)->134699K(136064K) NonClass: 113785K(114560K)->113785K(114560K) Class: 20914K(21504K)->20914K(21504K)
[416.679s][info][gc             ] GC(132) Pause Young (Allocation Failure) 2929M->733M(7918M) 71.537ms
[416.679s][info][gc,cpu         ] GC(132) User=0.08s Sys=0.00s Real=0.07s
[419.327s][info][gc,start       ] GC(133) Pause Young (Allocation Failure)
[419.440s][info][gc,heap        ] GC(133) DefNew: 2327051K(2516544K)->102230K(2516544K) Eden: 2236928K(2236928K)->0K(2236928K) From: 90123K(279616K)->102230K(279616K)
[419.440s][info][gc,heap        ] GC(133) Tenured: 661138K(5592448K)->661173K(5592448K)
[419.440s][info][gc,metaspace   ] GC(133) Metaspace: 134700K(136064K)->134700K(136064K) NonClass: 113786K(114560K)->113786K(114560K) Class: 20914K(21504K)->20914K(21504K)
[419.440s][info][gc             ] GC(133) Pause Young (Allocation Failure) 2918M->745M(7918M) 113.072ms
[419.440s][info][gc,cpu         ] GC(133) User=0.11s Sys=0.00s Real=0.11s
[421.743s][info][gc,start       ] GC(134) Pause Young (Allocation Failure)
[421.806s][info][gc,heap        ] GC(134) DefNew: 2339158K(2516544K)->74842K(2516544K) Eden: 2236928K(2236928K)->0K(2236928K) From: 102230K(279616K)->74842K(279616K)
[421.806s][info][gc,heap        ] GC(134) Tenured: 661173K(5592448K)->661212K(5592448K)
[421.806s][info][gc,metaspace   ] GC(134) Metaspace: 134708K(136064K)->134708K(136064K) NonClass: 113794K(114560K)->113794K(114560K) Class: 20914K(21504K)->20914K(21504K)
[421.806s][info][gc             ] GC(134) Pause Young (Allocation Failure) 2930M->718M(7918M) 63.788ms
[421.806s][info][gc,cpu         ] GC(134) User=0.06s Sys=0.00s Real=0.06s
[425.614s][info][gc,start       ] GC(135) Pause Young (Allocation Failure)
[425.673s][info][gc,heap        ] GC(135) DefNew: 2311770K(2516544K)->72026K(2516544K) Eden: 2236928K(2236928K)->0K(2236928K) From: 74842K(279616K)->72026K(279616K)
[425.673s][info][gc,heap        ] GC(135) Tenured: 661212K(5592448K)->661249K(5592448K)
[425.673s][info][gc,metaspace   ] GC(135) Metaspace: 134709K(136064K)->134709K(136064K) NonClass: 113795K(114560K)->113795K(114560K) Class: 20914K(21504K)->20914K(21504K)
[425.673s][info][gc             ] GC(135) Pause Young (Allocation Failure) 2903M->716M(7918M) 58.925ms
[425.673s][info][gc,cpu         ] GC(135) User=0.06s Sys=0.00s Real=0.06s
[428.782s][info][gc,start       ] GC(136) Pause Young (Allocation Failure)
[428.840s][info][gc,heap        ] GC(136) DefNew: 2308954K(2516544K)->59536K(2516544K) Eden: 2236928K(2236928K)->0K(2236928K) From: 72026K(279616K)->59536K(279616K)
[428.840s][info][gc,heap        ] GC(136) Tenured: 661249K(5592448K)->661292K(5592448K)
[428.840s][info][gc,metaspace   ] GC(136) Metaspace: 134710K(136064K)->134710K(136064K) NonClass: 113796K(114560K)->113796K(114560K) Class: 20914K(21504K)->20914K(21504K)
[428.840s][info][gc             ] GC(136) Pause Young (Allocation Failure) 2900M->703M(7918M) 58.201ms
[428.840s][info][gc,cpu         ] GC(136) User=0.06s Sys=0.00s Real=0.06s
[432.521s][info][gc,start       ] GC(137) Pause Young (Allocation Failure)
[432.588s][info][gc,heap        ] GC(137) DefNew: 2296464K(2516544K)->80979K(2516544K) Eden: 2236928K(2236928K)->0K(2236928K) From: 59536K(279616K)->80979K(279616K)
[432.588s][info][gc,heap        ] GC(137) Tenured: 661292K(5592448K)->661359K(5592448K)
[432.588s][info][gc,metaspace   ] GC(137) Metaspace: 134712K(136064K)->134712K(136064K) NonClass: 113797K(114560K)->113797K(114560K) Class: 20914K(21504K)->20914K(21504K)
[432.588s][info][gc             ] GC(137) Pause Young (Allocation Failure) 2888M->724M(7918M) 67.206ms
[432.588s][info][gc,cpu         ] GC(137) User=0.08s Sys=0.00s Real=0.07s
[435.693s][info][gc,start       ] GC(138) Pause Young (Allocation Failure)
[435.767s][info][gc,heap        ] GC(138) DefNew: 2317907K(2516544K)->91743K(2516544K) Eden: 2236928K(2236928K)->0K(2236928K) From: 80979K(279616K)->91743K(279616K)
[435.767s][info][gc,heap        ] GC(138) Tenured: 661359K(5592448K)->661408K(5592448K)
[435.767s][info][gc,metaspace   ] GC(138) Metaspace: 134712K(136064K)->134712K(136064K) NonClass: 113798K(114560K)->113798K(114560K) Class: 20914K(21504K)->20914K(21504K)
[435.767s][info][gc             ] GC(138) Pause Young (Allocation Failure) 2909M->735M(7918M) 73.666ms
[435.767s][info][gc,cpu         ] GC(138) User=0.08s Sys=0.00s Real=0.07s
[437.934s][info][gc,start       ] GC(139) Pause Young (Allocation Failure)
[438.037s][info][gc,heap        ] GC(139) DefNew: 2328671K(2516544K)->127947K(2516544K) Eden: 2236928K(2236928K)->0K(2236928K) From: 91743K(279616K)->127947K(279616K)
[438.037s][info][gc,heap        ] GC(139) Tenured: 661408K(5592448K)->661445K(5592448K)
[438.037s][info][gc,metaspace   ] GC(139) Metaspace: 134715K(136064K)->134715K(136064K) NonClass: 113801K(114560K)->113801K(114560K) Class: 20914K(21504K)->20914K(21504K)
[438.037s][info][gc             ] GC(139) Pause Young (Allocation Failure) 2919M->770M(7918M) 103.187ms
[438.037s][info][gc,cpu         ] GC(139) User=0.09s Sys=0.00s Real=0.10s
[440.365s][info][gc,start       ] GC(140) Pause Young (Allocation Failure)
[440.460s][info][gc,heap        ] GC(140) DefNew: 2364875K(2516544K)->130867K(2516544K) Eden: 2236928K(2236928K)->0K(2236928K) From: 127947K(279616K)->130867K(279616K)
[440.460s][info][gc,heap        ] GC(140) Tenured: 661445K(5592448K)->661549K(5592448K)
[440.460s][info][gc,metaspace   ] GC(140) Metaspace: 134715K(136064K)->134715K(136064K) NonClass: 113801K(114560K)->113801K(114560K) Class: 20914K(21504K)->20914K(21504K)
[440.460s][info][gc             ] GC(140) Pause Young (Allocation Failure) 2955M->773M(7918M) 94.946ms
[440.460s][info][gc,cpu         ] GC(140) User=0.11s Sys=0.00s Real=0.10s
[442.518s][info][gc,start       ] GC(141) Pause Young (Allocation Failure)
[442.593s][info][gc,heap        ] GC(141) DefNew: 2367795K(2516544K)->87363K(2516544K) Eden: 2236928K(2236928K)->0K(2236928K) From: 130867K(279616K)->87363K(279616K)
[442.593s][info][gc,heap        ] GC(141) Tenured: 661549K(5592448K)->661587K(5592448K)
[442.593s][info][gc,metaspace   ] GC(141) Metaspace: 134717K(136064K)->134717K(136064K) NonClass: 113803K(114560K)->113803K(114560K) Class: 20914K(21504K)->20914K(21504K)
[442.593s][info][gc             ] GC(141) Pause Young (Allocation Failure) 2958M->731M(7918M) 74.936ms
[442.593s][info][gc,cpu         ] GC(141) User=0.08s Sys=0.00s Real=0.08s
[445.661s][info][gc,start       ] GC(142) Pause Young (Allocation Failure)
[445.720s][info][gc,heap        ] GC(142) DefNew: 2324291K(2516544K)->70459K(2516544K) Eden: 2236928K(2236928K)->0K(2236928K) From: 87363K(279616K)->70459K(279616K)
[445.720s][info][gc,heap        ] GC(142) Tenured: 661587K(5592448K)->661617K(5592448K)
[445.720s][info][gc,metaspace   ] GC(142) Metaspace: 134720K(136064K)->134720K(136064K) NonClass: 113806K(114560K)->113806K(114560K) Class: 20914K(21504K)->20914K(21504K)
[445.720s][info][gc             ] GC(142) Pause Young (Allocation Failure) 2915M->714M(7918M) 58.980ms
[445.720s][info][gc,cpu         ] GC(142) User=0.06s Sys=0.00s Real=0.06s
[451.222s][info][gc,start       ] GC(143) Pause Young (Allocation Failure)
[451.276s][info][gc,heap        ] GC(143) DefNew: 2307387K(2516544K)->63463K(2516544K) Eden: 2236928K(2236928K)->0K(2236928K) From: 70459K(279616K)->63463K(279616K)
[451.276s][info][gc,heap        ] GC(143) Tenured: 661617K(5592448K)->661678K(5592448K)
[451.276s][info][gc,metaspace   ] GC(143) Metaspace: 134728K(136064K)->134728K(136064K) NonClass: 113814K(114560K)->113814K(114560K) Class: 20914K(21504K)->20914K(21504K)
[451.276s][info][gc             ] GC(143) Pause Young (Allocation Failure) 2899M->708M(7918M) 54.155ms
[451.276s][info][gc,cpu         ] GC(143) User=0.06s Sys=0.00s Real=0.05s
[454.254s][info][gc,start       ] GC(144) Pause Young (Allocation Failure)
[454.333s][info][gc,heap        ] GC(144) DefNew: 2300391K(2516544K)->69154K(2516544K) Eden: 2236928K(2236928K)->0K(2236928K) From: 63463K(279616K)->69154K(279616K)
[454.333s][info][gc,heap        ] GC(144) Tenured: 661678K(5592448K)->661860K(5592448K)
[454.333s][info][gc,metaspace   ] GC(144) Metaspace: 134728K(136064K)->134728K(136064K) NonClass: 113814K(114560K)->113814K(114560K) Class: 20914K(21504K)->20914K(21504K)
[454.333s][info][gc             ] GC(144) Pause Young (Allocation Failure) 2892M->713M(7918M) 78.749ms
[454.333s][info][gc,cpu         ] GC(144) User=0.08s Sys=0.00s Real=0.08s
[457.259s][info][gc,start       ] GC(145) Pause Young (Allocation Failure)
[457.320s][info][gc,heap        ] GC(145) DefNew: 2306082K(2516544K)->74972K(2516544K) Eden: 2236928K(2236928K)->0K(2236928K) From: 69154K(279616K)->74972K(279616K)
[457.320s][info][gc,heap        ] GC(145) Tenured: 661860K(5592448K)->661887K(5592448K)
[457.320s][info][gc,metaspace   ] GC(145) Metaspace: 134731K(136064K)->134731K(136064K) NonClass: 113817K(114560K)->113817K(114560K) Class: 20914K(21504K)->20914K(21504K)
[457.320s][info][gc             ] GC(145) Pause Young (Allocation Failure) 2898M->719M(7918M) 60.635ms
[457.320s][info][gc,cpu         ] GC(145) User=0.06s Sys=0.00s Real=0.06s
[459.770s][info][gc,start       ] GC(146) Pause Young (Allocation Failure)
[459.855s][info][gc,heap        ] GC(146) DefNew: 2311900K(2516544K)->107254K(2516544K) Eden: 2236928K(2236928K)->0K(2236928K) From: 74972K(279616K)->107254K(279616K)
[459.855s][info][gc,heap        ] GC(146) Tenured: 661887K(5592448K)->661918K(5592448K)
[459.855s][info][gc,metaspace   ] GC(146) Metaspace: 134732K(136064K)->134732K(136064K) NonClass: 113818K(114560K)->113818K(114560K) Class: 20914K(21504K)->20914K(21504K)
[459.855s][info][gc             ] GC(146) Pause Young (Allocation Failure) 2904M->751M(7918M) 84.665ms
[459.855s][info][gc,cpu         ] GC(146) User=0.09s Sys=0.00s Real=0.08s
[461.982s][info][gc,start       ] GC(147) Pause Young (Allocation Failure)
[462.057s][info][gc,heap        ] GC(147) DefNew: 2344182K(2516544K)->110689K(2516544K) Eden: 2236928K(2236928K)->0K(2236928K) From: 107254K(279616K)->110689K(279616K)
[462.057s][info][gc,heap        ] GC(147) Tenured: 661918K(5592448K)->662485K(5592448K)
[462.057s][info][gc,metaspace   ] GC(147) Metaspace: 134734K(136064K)->134734K(136064K) NonClass: 113820K(114560K)->113820K(114560K) Class: 20914K(21504K)->20914K(21504K)
[462.057s][info][gc             ] GC(147) Pause Young (Allocation Failure) 2935M->755M(7918M) 75.418ms
[462.057s][info][gc,cpu         ] GC(147) User=0.08s Sys=0.00s Real=0.08s
[464.162s][info][gc,start       ] GC(148) Pause Young (Allocation Failure)
[464.232s][info][gc,heap        ] GC(148) DefNew: 2347617K(2516544K)->76411K(2516544K) Eden: 2236928K(2236928K)->0K(2236928K) From: 110689K(279616K)->76411K(279616K)
[464.232s][info][gc,heap        ] GC(148) Tenured: 662485K(5592448K)->662524K(5592448K)
[464.232s][info][gc,metaspace   ] GC(148) Metaspace: 134738K(136064K)->134738K(136064K) NonClass: 113824K(114560K)->113824K(114560K) Class: 20914K(21504K)->20914K(21504K)
[464.232s][info][gc             ] GC(148) Pause Young (Allocation Failure) 2939M->721M(7918M) 69.934ms
[464.232s][info][gc,cpu         ] GC(148) User=0.06s Sys=0.00s Real=0.07s
[467.611s][info][gc,start       ] GC(149) Pause Young (Allocation Failure)
[467.665s][info][gc,heap        ] GC(149) DefNew: 2313339K(2516544K)->62298K(2516544K) Eden: 2236928K(2236928K)->0K(2236928K) From: 76411K(279616K)->62298K(279616K)
[467.665s][info][gc,heap        ] GC(149) Tenured: 662524K(5592448K)->662574K(5592448K)
[467.665s][info][gc,metaspace   ] GC(149) Metaspace: 134739K(136064K)->134739K(136064K) NonClass: 113824K(114560K)->113824K(114560K) Class: 20914K(21504K)->20914K(21504K)
[467.665s][info][gc             ] GC(149) Pause Young (Allocation Failure) 2906M->707M(7918M) 54.333ms
[467.665s][info][gc,cpu         ] GC(149) User=0.06s Sys=0.00s Real=0.05s
[470.926s][info][gc,start       ] GC(150) Pause Young (Allocation Failure)
[470.978s][info][gc,heap        ] GC(150) DefNew: 2299226K(2516544K)->60785K(2516544K) Eden: 2236928K(2236928K)->0K(2236928K) From: 62298K(279616K)->60785K(279616K)
[470.978s][info][gc,heap        ] GC(150) Tenured: 662574K(5592448K)->663907K(5592448K)
[470.978s][info][gc,metaspace   ] GC(150) Metaspace: 134740K(136064K)->134740K(136064K) NonClass: 113825K(114560K)->113825K(114560K) Class: 20914K(21504K)->20914K(21504K)
[470.978s][info][gc             ] GC(150) Pause Young (Allocation Failure) 2892M->707M(7918M) 51.873ms
[470.978s][info][gc,cpu         ] GC(150) User=0.06s Sys=0.00s Real=0.05s
[473.826s][info][gc,start       ] GC(151) Pause Young (Allocation Failure)
[473.888s][info][gc,heap        ] GC(151) DefNew: 2297713K(2516544K)->75437K(2516544K) Eden: 2236928K(2236928K)->0K(2236928K) From: 60785K(279616K)->75437K(279616K)
[473.889s][info][gc,heap        ] GC(151) Tenured: 663907K(5592448K)->663999K(5592448K)
[473.889s][info][gc,metaspace   ] GC(151) Metaspace: 134740K(136064K)->134740K(136064K) NonClass: 113825K(114560K)->113825K(114560K) Class: 20914K(21504K)->20914K(21504K)
[473.889s][info][gc             ] GC(151) Pause Young (Allocation Failure) 2892M->722M(7918M) 63.044ms
[473.889s][info][gc,cpu         ] GC(151) User=0.06s Sys=0.00s Real=0.06s
[476.819s][info][gc,start       ] GC(152) Pause Young (Allocation Failure)
[476.885s][info][gc,heap        ] GC(152) DefNew: 2312365K(2516544K)->82720K(2516544K) Eden: 2236928K(2236928K)->0K(2236928K) From: 75437K(279616K)->82720K(279616K)
[476.885s][info][gc,heap        ] GC(152) Tenured: 663999K(5592448K)->664046K(5592448K)
[476.885s][info][gc,metaspace   ] GC(152) Metaspace: 134740K(136064K)->134740K(136064K) NonClass: 113825K(114560K)->113825K(114560K) Class: 20914K(21504K)->20914K(21504K)
[476.885s][info][gc             ] GC(152) Pause Young (Allocation Failure) 2906M->729M(7918M) 66.730ms
[476.885s][info][gc,cpu         ] GC(152) User=0.06s Sys=0.00s Real=0.07s
[479.196s][info][gc,start       ] GC(153) Pause Young (Allocation Failure)
[479.269s][info][gc,heap        ] GC(153) DefNew: 2319648K(2516544K)->98251K(2516544K) Eden: 2236928K(2236928K)->0K(2236928K) From: 82720K(279616K)->98251K(279616K)
[479.269s][info][gc,heap        ] GC(153) Tenured: 664046K(5592448K)->664090K(5592448K)
[479.269s][info][gc,metaspace   ] GC(153) Metaspace: 134746K(136064K)->134746K(136064K) NonClass: 113832K(114560K)->113832K(114560K) Class: 20914K(21504K)->20914K(21504K)
[479.269s][info][gc             ] GC(153) Pause Young (Allocation Failure) 2913M->744M(7918M) 72.959ms
[479.269s][info][gc,cpu         ] GC(153) User=0.06s Sys=0.00s Real=0.07s
[481.395s][info][gc,start       ] GC(154) Pause Young (Allocation Failure)
[481.484s][info][gc,heap        ] GC(154) DefNew: 2335179K(2516544K)->117547K(2516544K) Eden: 2236928K(2236928K)->0K(2236928K) From: 98251K(279616K)->117547K(279616K)
[481.485s][info][gc,heap        ] GC(154) Tenured: 664090K(5592448K)->664159K(5592448K)
[481.485s][info][gc,metaspace   ] GC(154) Metaspace: 134747K(136064K)->134747K(136064K) NonClass: 113833K(114560K)->113833K(114560K) Class: 20914K(21504K)->20914K(21504K)
[481.485s][info][gc             ] GC(154) Pause Young (Allocation Failure) 2928M->763M(7918M) 89.777ms
[481.485s][info][gc,cpu         ] GC(154) User=0.09s Sys=0.00s Real=0.09s
[484.031s][info][gc,start       ] GC(155) Pause Young (Allocation Failure)
[484.091s][info][gc,heap        ] GC(155) DefNew: 2354475K(2516544K)->73741K(2516544K) Eden: 2236928K(2236928K)->0K(2236928K) From: 117547K(279616K)->73741K(279616K)
[484.091s][info][gc,heap        ] GC(155) Tenured: 664159K(5592448K)->664192K(5592448K)
[484.091s][info][gc,metaspace   ] GC(155) Metaspace: 134748K(136064K)->134748K(136064K) NonClass: 113834K(114560K)->113834K(114560K) Class: 20914K(21504K)->20914K(21504K)
[484.091s][info][gc             ] GC(155) Pause Young (Allocation Failure) 2947M->720M(7918M) 60.252ms
[484.091s][info][gc,cpu         ] GC(155) User=0.06s Sys=0.00s Real=0.06s
[487.310s][info][gc,start       ] GC(156) Pause Young (Allocation Failure)
[487.366s][info][gc,heap        ] GC(156) DefNew: 2310669K(2516544K)->71912K(2516544K) Eden: 2236928K(2236928K)->0K(2236928K) From: 73741K(279616K)->71912K(279616K)
[487.366s][info][gc,heap        ] GC(156) Tenured: 664192K(5592448K)->664494K(5592448K)
[487.366s][info][gc,metaspace   ] GC(156) Metaspace: 134749K(136128K)->134749K(136128K) NonClass: 113835K(114624K)->113835K(114624K) Class: 20914K(21504K)->20914K(21504K)
[487.366s][info][gc             ] GC(156) Pause Young (Allocation Failure) 2905M->719M(7918M) 56.619ms
[487.366s][info][gc,cpu         ] GC(156) User=0.06s Sys=0.00s Real=0.06s
[490.259s][info][gc,start       ] GC(157) Pause Young (Allocation Failure)
[490.312s][info][gc,heap        ] GC(157) DefNew: 2308840K(2516544K)->68618K(2516544K) Eden: 2236928K(2236928K)->0K(2236928K) From: 71912K(279616K)->68618K(279616K)
[490.312s][info][gc,heap        ] GC(157) Tenured: 664494K(5592448K)->664556K(5592448K)
[490.312s][info][gc,metaspace   ] GC(157) Metaspace: 134749K(136128K)->134749K(136128K) NonClass: 113835K(114624K)->113835K(114624K) Class: 20914K(21504K)->20914K(21504K)
[490.312s][info][gc             ] GC(157) Pause Young (Allocation Failure) 2903M->715M(7918M) 53.339ms
[490.312s][info][gc,cpu         ] GC(157) User=0.05s Sys=0.00s Real=0.05s
[495.011s][info][gc,start       ] GC(158) Pause Young (Allocation Failure)
[495.075s][info][gc,heap        ] GC(158) DefNew: 2305546K(2516544K)->83253K(2516544K) Eden: 2236928K(2236928K)->0K(2236928K) From: 68618K(279616K)->83253K(279616K)
[495.075s][info][gc,heap        ] GC(158) Tenured: 664556K(5592448K)->664740K(5592448K)
[495.075s][info][gc,metaspace   ] GC(158) Metaspace: 134750K(136128K)->134750K(136128K) NonClass: 113836K(114624K)->113836K(114624K) Class: 20914K(21504K)->20914K(21504K)
[495.075s][info][gc             ] GC(158) Pause Young (Allocation Failure) 2900M->730M(7918M) 63.741ms
[495.075s][info][gc,cpu         ] GC(158) User=0.06s Sys=0.00s Real=0.06s
[497.699s][info][gc,start       ] GC(159) Pause Young (Allocation Failure)
[497.754s][info][gc,heap        ] GC(159) DefNew: 2320181K(2516544K)->71820K(2516544K) Eden: 2236928K(2236928K)->0K(2236928K) From: 83253K(279616K)->71820K(279616K)
[497.754s][info][gc,heap        ] GC(159) Tenured: 664740K(5592448K)->664873K(5592448K)
[497.754s][info][gc,metaspace   ] GC(159) Metaspace: 134750K(136128K)->134750K(136128K) NonClass: 113836K(114624K)->113836K(114624K) Class: 20914K(21504K)->20914K(21504K)
[497.754s][info][gc             ] GC(159) Pause Young (Allocation Failure) 2914M->719M(7918M) 54.409ms
[497.754s][info][gc,cpu         ] GC(159) User=0.05s Sys=0.00s Real=0.05s
[500.791s][info][gc,start       ] GC(160) Pause Young (Allocation Failure)
[500.848s][info][gc,heap        ] GC(160) DefNew: 2308748K(2516544K)->74221K(2516544K) Eden: 2236928K(2236928K)->0K(2236928K) From: 71820K(279616K)->74221K(279616K)
[500.848s][info][gc,heap        ] GC(160) Tenured: 664873K(5592448K)->664908K(5592448K)
[500.848s][info][gc,metaspace   ] GC(160) Metaspace: 134755K(136128K)->134755K(136128K) NonClass: 113840K(114624K)->113840K(114624K) Class: 20914K(21504K)->20914K(21504K)
[500.848s][info][gc             ] GC(160) Pause Young (Allocation Failure) 2903M->721M(7918M) 57.366ms
[500.848s][info][gc,cpu         ] GC(160) User=0.05s Sys=0.00s Real=0.06s
[503.378s][info][gc,start       ] GC(161) Pause Young (Allocation Failure)
[503.453s][info][gc,heap        ] GC(161) DefNew: 2311149K(2516544K)->108019K(2516544K) Eden: 2236928K(2236928K)->0K(2236928K) From: 74221K(279616K)->108019K(279616K)
[503.453s][info][gc,heap        ] GC(161) Tenured: 664908K(5592448K)->664942K(5592448K)
[503.453s][info][gc,metaspace   ] GC(161) Metaspace: 134755K(136128K)->134755K(136128K) NonClass: 113840K(114624K)->113840K(114624K) Class: 20914K(21504K)->20914K(21504K)
[503.453s][info][gc             ] GC(161) Pause Young (Allocation Failure) 2906M->754M(7918M) 74.502ms
[503.453s][info][gc,cpu         ] GC(161) User=0.08s Sys=0.00s Real=0.07s
[506.228s][info][gc,start       ] GC(162) Pause Young (Allocation Failure)
[506.290s][info][gc,heap        ] GC(162) DefNew: 2344947K(2516544K)->80749K(2516544K) Eden: 2236928K(2236928K)->0K(2236928K) From: 108019K(279616K)->80749K(279616K)
[506.290s][info][gc,heap        ] GC(162) Tenured: 664942K(5592448K)->665280K(5592448K)
[506.290s][info][gc,metaspace   ] GC(162) Metaspace: 134755K(136128K)->134755K(136128K) NonClass: 113841K(114624K)->113841K(114624K) Class: 20914K(21504K)->20914K(21504K)
[506.290s][info][gc             ] GC(162) Pause Young (Allocation Failure) 2939M->728M(7918M) 61.998ms
[506.290s][info][gc,cpu         ] GC(162) User=0.06s Sys=0.00s Real=0.06s
[510.542s][info][gc,start       ] GC(163) Pause Young (GCLocker Initiated GC)
[510.607s][info][gc,heap        ] GC(163) DefNew: 2317677K(2516544K)->83073K(2516544K) Eden: 2236928K(2236928K)->0K(2236928K) From: 80749K(279616K)->83073K(279616K)
[510.607s][info][gc,heap        ] GC(163) Tenured: 665280K(5592448K)->665392K(5592448K)
[510.607s][info][gc,metaspace   ] GC(163) Metaspace: 134810K(136128K)->134810K(136128K) NonClass: 113895K(114624K)->113895K(114624K) Class: 20914K(21504K)->20914K(21504K)
[510.608s][info][gc             ] GC(163) Pause Young (GCLocker Initiated GC) 2913M->730M(7918M) 65.038ms
[510.608s][info][gc,cpu         ] GC(163) User=0.06s Sys=0.00s Real=0.06s
[513.732s][info][gc,start       ] GC(164) Pause Young (Allocation Failure)
[513.805s][info][gc,heap        ] GC(164) DefNew: 2320001K(2516544K)->87114K(2516544K) Eden: 2236928K(2236928K)->0K(2236928K) From: 83073K(279616K)->87114K(279616K)
[513.805s][info][gc,heap        ] GC(164) Tenured: 665392K(5592448K)->665425K(5592448K)
[513.805s][info][gc,metaspace   ] GC(164) Metaspace: 134810K(136128K)->134810K(136128K) NonClass: 113895K(114624K)->113895K(114624K) Class: 20914K(21504K)->20914K(21504K)
[513.805s][info][gc             ] GC(164) Pause Young (Allocation Failure) 2915M->734M(7918M) 73.622ms
[513.805s][info][gc,cpu         ] GC(164) User=0.08s Sys=0.00s Real=0.07s
[517.027s][info][gc,start       ] GC(165) Pause Young (Allocation Failure)
[517.089s][info][gc,heap        ] GC(165) DefNew: 2324042K(2516544K)->79493K(2516544K) Eden: 2236928K(2236928K)->0K(2236928K) From: 87114K(279616K)->79493K(279616K)
[517.089s][info][gc,heap        ] GC(165) Tenured: 665425K(5592448K)->665457K(5592448K)
[517.089s][info][gc,metaspace   ] GC(165) Metaspace: 134814K(136128K)->134814K(136128K) NonClass: 113900K(114624K)->113900K(114624K) Class: 20914K(21504K)->20914K(21504K)
[517.089s][info][gc             ] GC(165) Pause Young (Allocation Failure) 2919M->727M(7918M) 61.951ms
[517.089s][info][gc,cpu         ] GC(165) User=0.06s Sys=0.00s Real=0.06s
[519.803s][info][gc,start       ] GC(166) Pause Young (Allocation Failure)
[519.866s][info][gc,heap        ] GC(166) DefNew: 2316421K(2516544K)->82045K(2516544K) Eden: 2236928K(2236928K)->0K(2236928K) From: 79493K(279616K)->82045K(279616K)
[519.866s][info][gc,heap        ] GC(166) Tenured: 665457K(5592448K)->665555K(5592448K)
[519.866s][info][gc,metaspace   ] GC(166) Metaspace: 134814K(136128K)->134814K(136128K) NonClass: 113900K(114624K)->113900K(114624K) Class: 20914K(21504K)->20914K(21504K)
[519.866s][info][gc             ] GC(166) Pause Young (Allocation Failure) 2911M->730M(7918M) 62.884ms
[519.866s][info][gc,cpu         ] GC(166) User=0.06s Sys=0.00s Real=0.06s
[522.341s][info][gc,start       ] GC(167) Pause Young (Allocation Failure)
[522.411s][info][gc,heap        ] GC(167) DefNew: 2318973K(2516544K)->102849K(2516544K) Eden: 2236928K(2236928K)->0K(2236928K) From: 82045K(279616K)->102849K(279616K)
[522.412s][info][gc,heap        ] GC(167) Tenured: 665555K(5592448K)->665625K(5592448K)
[522.412s][info][gc,metaspace   ] GC(167) Metaspace: 134815K(136128K)->134815K(136128K) NonClass: 113900K(114624K)->113900K(114624K) Class: 20914K(21504K)->20914K(21504K)
[522.412s][info][gc             ] GC(167) Pause Young (Allocation Failure) 2914M->750M(7918M) 70.325ms
[522.412s][info][gc,cpu         ] GC(167) User=0.06s Sys=0.00s Real=0.07s
[525.006s][info][gc,start       ] GC(168) Pause Young (Allocation Failure)
[525.071s][info][gc,heap        ] GC(168) DefNew: 2339777K(2516544K)->81320K(2516544K) Eden: 2236928K(2236928K)->0K(2236928K) From: 102849K(279616K)->81320K(279616K)
[525.071s][info][gc,heap        ] GC(168) Tenured: 665625K(5592448K)->669226K(5592448K)
[525.071s][info][gc,metaspace   ] GC(168) Metaspace: 134816K(136128K)->134816K(136128K) NonClass: 113902K(114624K)->113902K(114624K) Class: 20914K(21504K)->20914K(21504K)
[525.071s][info][gc             ] GC(168) Pause Young (Allocation Failure) 2934M->732M(7918M) 65.198ms
[525.071s][info][gc,cpu         ] GC(168) User=0.06s Sys=0.00s Real=0.06s
[527.891s][info][gc,start       ] GC(169) Pause Young (Allocation Failure)
[527.965s][info][gc,heap        ] GC(169) DefNew: 2318248K(2516544K)->82262K(2516544K) Eden: 2236928K(2236928K)->0K(2236928K) From: 81320K(279616K)->82262K(279616K)
[527.965s][info][gc,heap        ] GC(169) Tenured: 669226K(5592448K)->674976K(5592448K)
[527.965s][info][gc,metaspace   ] GC(169) Metaspace: 134816K(136128K)->134816K(136128K) NonClass: 113902K(114624K)->113902K(114624K) Class: 20914K(21504K)->20914K(21504K)
[527.965s][info][gc             ] GC(169) Pause Young (Allocation Failure) 2917M->739M(7918M) 74.368ms
[527.965s][info][gc,cpu         ] GC(169) User=0.08s Sys=0.00s Real=0.07s
[531.227s][info][gc,start       ] GC(170) Pause Young (Allocation Failure)
[531.301s][info][gc,heap        ] GC(170) DefNew: 2319190K(2516544K)->58179K(2516544K) Eden: 2236928K(2236928K)->0K(2236928K) From: 82262K(279616K)->58179K(279616K)
[531.301s][info][gc,heap        ] GC(170) Tenured: 674976K(5592448K)->675156K(5592448K)
[531.301s][info][gc,metaspace   ] GC(170) Metaspace: 134816K(136128K)->134816K(136128K) NonClass: 113902K(114624K)->113902K(114624K) Class: 20914K(21504K)->20914K(21504K)
[531.301s][info][gc             ] GC(170) Pause Young (Allocation Failure) 2923M->716M(7918M) 74.332ms
[531.301s][info][gc,cpu         ] GC(170) User=0.06s Sys=0.00s Real=0.07s
[535.735s][info][gc,start       ] GC(171) Pause Young (Allocation Failure)
[535.793s][info][gc,heap        ] GC(171) DefNew: 2295107K(2516544K)->63007K(2516544K) Eden: 2236928K(2236928K)->0K(2236928K) From: 58179K(279616K)->63007K(279616K)
[535.793s][info][gc,heap        ] GC(171) Tenured: 675156K(5592448K)->675499K(5592448K)
[535.793s][info][gc,metaspace   ] GC(171) Metaspace: 134826K(136192K)->134826K(136192K) NonClass: 113912K(114688K)->113912K(114688K) Class: 20914K(21504K)->20914K(21504K)
[535.793s][info][gc             ] GC(171) Pause Young (Allocation Failure) 2900M->721M(7918M) 58.456ms
[535.793s][info][gc,cpu         ] GC(171) User=0.06s Sys=0.00s Real=0.06s
[539.035s][info][gc,start       ] GC(172) Pause Young (Allocation Failure)
[539.088s][info][gc,heap        ] GC(172) DefNew: 2299935K(2516544K)->62202K(2516544K) Eden: 2236928K(2236928K)->0K(2236928K) From: 63007K(279616K)->62202K(279616K)
[539.088s][info][gc,heap        ] GC(172) Tenured: 675499K(5592448K)->675603K(5592448K)
[539.088s][info][gc,metaspace   ] GC(172) Metaspace: 134834K(136192K)->134834K(136192K) NonClass: 113920K(114688K)->113920K(114688K) Class: 20914K(21504K)->20914K(21504K)
[539.088s][info][gc             ] GC(172) Pause Young (Allocation Failure) 2905M->720M(7918M) 52.702ms
[539.088s][info][gc,cpu         ] GC(172) User=0.06s Sys=0.00s Real=0.05s
[541.761s][info][gc,start       ] GC(173) Pause Young (Allocation Failure)
[541.836s][info][gc,heap        ] GC(173) DefNew: 2299130K(2516544K)->88068K(2516544K) Eden: 2236928K(2236928K)->0K(2236928K) From: 62202K(279616K)->88068K(279616K)
[541.836s][info][gc,heap        ] GC(173) Tenured: 675603K(5592448K)->675641K(5592448K)
[541.836s][info][gc,metaspace   ] GC(173) Metaspace: 134837K(136192K)->134837K(136192K) NonClass: 113923K(114688K)->113923K(114688K) Class: 20914K(21504K)->20914K(21504K)
[541.836s][info][gc             ] GC(173) Pause Young (Allocation Failure) 2905M->745M(7918M) 74.782ms
[541.836s][info][gc,cpu         ] GC(173) User=0.08s Sys=0.00s Real=0.07s
[544.287s][info][gc,start       ] GC(174) Pause Young (Allocation Failure)
[544.356s][info][gc,heap        ] GC(174) DefNew: 2324996K(2516544K)->89187K(2516544K) Eden: 2236928K(2236928K)->0K(2236928K) From: 88068K(279616K)->89187K(279616K)
[544.356s][info][gc,heap        ] GC(174) Tenured: 675641K(5592448K)->675672K(5592448K)
[544.356s][info][gc,metaspace   ] GC(174) Metaspace: 134841K(136192K)->134841K(136192K) NonClass: 113927K(114688K)->113927K(114688K) Class: 20914K(21504K)->20914K(21504K)
[544.356s][info][gc             ] GC(174) Pause Young (Allocation Failure) 2930M->746M(7918M) 69.467ms
[544.356s][info][gc,cpu         ] GC(174) User=0.08s Sys=0.00s Real=0.07s
[547.031s][info][gc,start       ] GC(175) Pause Young (Allocation Failure)
[547.099s][info][gc,heap        ] GC(175) DefNew: 2326115K(2516544K)->77562K(2516544K) Eden: 2236928K(2236928K)->0K(2236928K) From: 89187K(279616K)->77562K(279616K)
[547.099s][info][gc,heap        ] GC(175) Tenured: 675672K(5592448K)->675727K(5592448K)
[547.099s][info][gc,metaspace   ] GC(175) Metaspace: 134844K(136192K)->134844K(136192K) NonClass: 113930K(114688K)->113930K(114688K) Class: 20914K(21504K)->20914K(21504K)
[547.099s][info][gc             ] GC(175) Pause Young (Allocation Failure) 2931M->735M(7918M) 67.700ms
[547.099s][info][gc,cpu         ] GC(175) User=0.06s Sys=0.00s Real=0.07s
[550.223s][info][gc,start       ] GC(176) Pause Young (Allocation Failure)
[550.313s][info][gc,heap        ] GC(176) DefNew: 2314490K(2516544K)->91141K(2516544K) Eden: 2236928K(2236928K)->0K(2236928K) From: 77562K(279616K)->91141K(279616K)
[550.313s][info][gc,heap        ] GC(176) Tenured: 675727K(5592448K)->675763K(5592448K)
[550.313s][info][gc,metaspace   ] GC(176) Metaspace: 134878K(136192K)->134878K(136192K) NonClass: 113961K(114688K)->113961K(114688K) Class: 20916K(21504K)->20916K(21504K)
[550.313s][info][gc             ] GC(176) Pause Young (Allocation Failure) 2920M->748M(7918M) 89.971ms
[550.313s][info][gc,cpu         ] GC(176) User=0.09s Sys=0.00s Real=0.09s
[553.483s][info][gc,start       ] GC(177) Pause Young (Allocation Failure)
[553.572s][info][gc,heap        ] GC(177) DefNew: 2328069K(2516544K)->69628K(2516544K) Eden: 2236928K(2236928K)->0K(2236928K) From: 91141K(279616K)->69628K(279616K)
[553.572s][info][gc,heap        ] GC(177) Tenured: 675763K(5592448K)->675795K(5592448K)
[553.572s][info][gc,metaspace   ] GC(177) Metaspace: 134885K(136192K)->134885K(136192K) NonClass: 113968K(114688K)->113968K(114688K) Class: 20916K(21504K)->20916K(21504K)
[553.572s][info][gc             ] GC(177) Pause Young (Allocation Failure) 2933M->727M(7918M) 89.527ms
[553.573s][info][gc,cpu         ] GC(177) User=0.09s Sys=0.00s Real=0.09s
[556.714s][info][gc,start       ] GC(178) Pause Young (Allocation Failure)
[556.793s][info][gc,heap        ] GC(178) DefNew: 2306556K(2516544K)->75786K(2516544K) Eden: 2236928K(2236928K)->0K(2236928K) From: 69628K(279616K)->75786K(279616K)
[556.793s][info][gc,heap        ] GC(178) Tenured: 675795K(5592448K)->675838K(5592448K)
[556.793s][info][gc,metaspace   ] GC(178) Metaspace: 134887K(136256K)->134887K(136256K) NonClass: 113970K(114752K)->113970K(114752K) Class: 20916K(21504K)->20916K(21504K)
[556.793s][info][gc             ] GC(178) Pause Young (Allocation Failure) 2912M->734M(7918M) 79.266ms
[556.793s][info][gc,cpu         ] GC(178) User=0.08s Sys=0.00s Real=0.08s
[560.313s][info][gc,start       ] GC(179) Pause Young (Allocation Failure)
[560.371s][info][gc,heap        ] GC(179) DefNew: 2312714K(2516544K)->71810K(2516544K) Eden: 2236928K(2236928K)->0K(2236928K) From: 75786K(279616K)->71810K(279616K)
[560.371s][info][gc,heap        ] GC(179) Tenured: 675838K(5592448K)->675874K(5592448K)
[560.371s][info][gc,metaspace   ] GC(179) Metaspace: 134897K(136256K)->134897K(136256K) NonClass: 113981K(114752K)->113981K(114752K) Class: 20916K(21504K)->20916K(21504K)
[560.371s][info][gc             ] GC(179) Pause Young (Allocation Failure) 2918M->730M(7918M) 57.790ms
[560.371s][info][gc,cpu         ] GC(179) User=0.06s Sys=0.00s Real=0.06s
[562.903s][info][gc,start       ] GC(180) Pause Young (Allocation Failure)
[562.979s][info][gc,heap        ] GC(180) DefNew: 2308738K(2516544K)->90637K(2516544K) Eden: 2236928K(2236928K)->0K(2236928K) From: 71810K(279616K)->90637K(279616K)
[562.979s][info][gc,heap        ] GC(180) Tenured: 675874K(5592448K)->675926K(5592448K)
[562.979s][info][gc,metaspace   ] GC(180) Metaspace: 134900K(136256K)->134900K(136256K) NonClass: 113983K(114752K)->113983K(114752K) Class: 20917K(21504K)->20917K(21504K)
[562.979s][info][gc             ] GC(180) Pause Young (Allocation Failure) 2914M->748M(7918M) 75.859ms
[562.979s][info][gc,cpu         ] GC(180) User=0.08s Sys=0.00s Real=0.08s
[565.547s][info][gc,start       ] GC(181) Pause Young (Allocation Failure)
[565.625s][info][gc,heap        ] GC(181) DefNew: 2327565K(2516544K)->106941K(2516544K) Eden: 2236928K(2236928K)->0K(2236928K) From: 90637K(279616K)->106941K(279616K)
[565.625s][info][gc,heap        ] GC(181) Tenured: 675926K(5592448K)->675957K(5592448K)
[565.625s][info][gc,metaspace   ] GC(181) Metaspace: 134903K(136256K)->134903K(136256K) NonClass: 113986K(114752K)->113986K(114752K) Class: 20917K(21504K)->20917K(21504K)
[565.625s][info][gc             ] GC(181) Pause Young (Allocation Failure) 2933M->764M(7918M) 78.781ms
[565.625s][info][gc,cpu         ] GC(181) User=0.08s Sys=0.00s Real=0.08s
[567.908s][info][gc,start       ] GC(182) Pause Young (Allocation Failure)
[568.003s][info][gc,heap        ] GC(182) DefNew: 2343869K(2516544K)->127139K(2516544K) Eden: 2236928K(2236928K)->0K(2236928K) From: 106941K(279616K)->127139K(279616K)
[568.003s][info][gc,heap        ] GC(182) Tenured: 675957K(5592448K)->675992K(5592448K)
[568.003s][info][gc,metaspace   ] GC(182) Metaspace: 134908K(136256K)->134908K(136256K) NonClass: 113991K(114752K)->113991K(114752K) Class: 20917K(21504K)->20917K(21504K)
[568.003s][info][gc             ] GC(182) Pause Young (Allocation Failure) 2949M->784M(7918M) 95.462ms
[568.004s][info][gc,cpu         ] GC(182) User=0.09s Sys=0.00s Real=0.10s
[570.486s][info][gc,start       ] GC(183) Pause Young (Allocation Failure)
[570.556s][info][gc,heap        ] GC(183) DefNew: 2364067K(2516544K)->102312K(2516544K) Eden: 2236928K(2236928K)->0K(2236928K) From: 127139K(279616K)->102312K(279616K)
[570.556s][info][gc,heap        ] GC(183) Tenured: 675992K(5592448K)->676023K(5592448K)
[570.556s][info][gc,metaspace   ] GC(183) Metaspace: 134910K(136256K)->134910K(136256K) NonClass: 113992K(114752K)->113992K(114752K) Class: 20917K(21504K)->20917K(21504K)
[570.557s][info][gc             ] GC(183) Pause Young (Allocation Failure) 2968M->760M(7918M) 70.773ms
[570.557s][info][gc,cpu         ] GC(183) User=0.08s Sys=0.00s Real=0.07s
[573.083s][info][gc,start       ] GC(184) Pause Young (Allocation Failure)
[573.152s][info][gc,heap        ] GC(184) DefNew: 2339240K(2516544K)->95653K(2516544K) Eden: 2236928K(2236928K)->0K(2236928K) From: 102312K(279616K)->95653K(279616K)
[573.152s][info][gc,heap        ] GC(184) Tenured: 676023K(5592448K)->676052K(5592448K)
[573.152s][info][gc,metaspace   ] GC(184) Metaspace: 134911K(136256K)->134911K(136256K) NonClass: 113994K(114752K)->113994K(114752K) Class: 20917K(21504K)->20917K(21504K)
[573.152s][info][gc             ] GC(184) Pause Young (Allocation Failure) 2944M->753M(7918M) 69.292ms
[573.152s][info][gc,cpu         ] GC(184) User=0.08s Sys=0.00s Real=0.07s
[575.487s][info][gc,start       ] GC(185) Pause Young (Allocation Failure)
[575.560s][info][gc,heap        ] GC(185) DefNew: 2332581K(2516544K)->98416K(2516544K) Eden: 2236928K(2236928K)->0K(2236928K) From: 95653K(279616K)->98416K(279616K)
[575.560s][info][gc,heap        ] GC(185) Tenured: 676052K(5592448K)->676088K(5592448K)
[575.560s][info][gc,metaspace   ] GC(185) Metaspace: 134911K(136256K)->134911K(136256K) NonClass: 113994K(114752K)->113994K(114752K) Class: 20917K(21504K)->20917K(21504K)
[575.560s][info][gc             ] GC(185) Pause Young (Allocation Failure) 2938M->756M(7918M) 73.318ms
[575.560s][info][gc,cpu         ] GC(185) User=0.08s Sys=0.00s Real=0.07s
[578.251s][info][gc,start       ] GC(186) Pause Young (Allocation Failure)
[578.311s][info][gc,heap        ] GC(186) DefNew: 2335344K(2516544K)->75788K(2516544K) Eden: 2236928K(2236928K)->0K(2236928K) From: 98416K(279616K)->75788K(279616K)
[578.311s][info][gc,heap        ] GC(186) Tenured: 676088K(5592448K)->676122K(5592448K)
[578.311s][info][gc,metaspace   ] GC(186) Metaspace: 134912K(136256K)->134912K(136256K) NonClass: 113994K(114752K)->113994K(114752K) Class: 20917K(21504K)->20917K(21504K)
[578.311s][info][gc             ] GC(186) Pause Young (Allocation Failure) 2940M->734M(7918M) 59.360ms
[578.311s][info][gc,cpu         ] GC(186) User=0.06s Sys=0.00s Real=0.06s
[580.822s][info][gc,start       ] GC(187) Pause Young (Allocation Failure)
[580.887s][info][gc,heap        ] GC(187) DefNew: 2312716K(2516544K)->78720K(2516544K) Eden: 2236928K(2236928K)->0K(2236928K) From: 75788K(279616K)->78720K(279616K)
[580.887s][info][gc,heap        ] GC(187) Tenured: 676122K(5592448K)->677082K(5592448K)
[580.887s][info][gc,metaspace   ] GC(187) Metaspace: 134912K(136256K)->134912K(136256K) NonClass: 113994K(114752K)->113994K(114752K) Class: 20917K(21504K)->20917K(21504K)
[580.887s][info][gc             ] GC(187) Pause Young (Allocation Failure) 2918M->738M(7918M) 64.357ms
[580.887s][info][gc,cpu         ] GC(187) User=0.06s Sys=0.00s Real=0.06s
[583.995s][info][gc,start       ] GC(188) Pause Young (Allocation Failure)
[584.045s][info][gc,heap        ] GC(188) DefNew: 2315648K(2516544K)->66775K(2516544K) Eden: 2236928K(2236928K)->0K(2236928K) From: 78720K(279616K)->66775K(279616K)
[584.045s][info][gc,heap        ] GC(188) Tenured: 677082K(5592448K)->677132K(5592448K)
[584.045s][info][gc,metaspace   ] GC(188) Metaspace: 134916K(136256K)->134916K(136256K) NonClass: 113999K(114752K)->113999K(114752K) Class: 20917K(21504K)->20917K(21504K)
[584.045s][info][gc             ] GC(188) Pause Young (Allocation Failure) 2922M->726M(7918M) 50.570ms
[584.045s][info][gc,cpu         ] GC(188) User=0.05s Sys=0.00s Real=0.05s
[586.571s][info][gc,start       ] GC(189) Pause Young (Allocation Failure)
[586.637s][info][gc,heap        ] GC(189) DefNew: 2303703K(2516544K)->82694K(2516544K) Eden: 2236928K(2236928K)->0K(2236928K) From: 66775K(279616K)->82694K(279616K)
[586.637s][info][gc,heap        ] GC(189) Tenured: 677132K(5592448K)->677294K(5592448K)
[586.637s][info][gc,metaspace   ] GC(189) Metaspace: 134920K(136256K)->134920K(136256K) NonClass: 114003K(114752K)->114003K(114752K) Class: 20917K(21504K)->20917K(21504K)
[586.637s][info][gc             ] GC(189) Pause Young (Allocation Failure) 2910M->742M(7918M) 65.676ms
[586.637s][info][gc,cpu         ] GC(189) User=0.06s Sys=0.00s Real=0.07s
[588.735s][info][gc,start       ] GC(190) Pause Young (Allocation Failure)
[588.840s][info][gc,heap        ] GC(190) DefNew: 2319622K(2516544K)->129339K(2516544K) Eden: 2236928K(2236928K)->0K(2236928K) From: 82694K(279616K)->129339K(279616K)
[588.840s][info][gc,heap        ] GC(190) Tenured: 677294K(5592448K)->677318K(5592448K)
[588.840s][info][gc,metaspace   ] GC(190) Metaspace: 134920K(136256K)->134920K(136256K) NonClass: 114003K(114752K)->114003K(114752K) Class: 20917K(21504K)->20917K(21504K)
[588.840s][info][gc             ] GC(190) Pause Young (Allocation Failure) 2926M->787M(7918M) 104.261ms
[588.840s][info][gc,cpu         ] GC(190) User=0.11s Sys=0.00s Real=0.10s
[591.277s][info][gc,start       ] GC(191) Pause Young (GCLocker Initiated GC)
[591.343s][info][gc,heap        ] GC(191) DefNew: 2366287K(2516544K)->88962K(2516544K) Eden: 2236928K(2236928K)->0K(2236928K) From: 129359K(279616K)->88962K(279616K)
[591.343s][info][gc,heap        ] GC(191) Tenured: 677318K(5592448K)->677350K(5592448K)
[591.343s][info][gc,metaspace   ] GC(191) Metaspace: 134921K(136256K)->134921K(136256K) NonClass: 114004K(114752K)->114004K(114752K) Class: 20917K(21504K)->20917K(21504K)
[591.343s][info][gc             ] GC(191) Pause Young (GCLocker Initiated GC) 2972M->748M(7918M) 66.210ms
[591.343s][info][gc,cpu         ] GC(191) User=0.06s Sys=0.00s Real=0.07s
[594.191s][info][gc,start       ] GC(192) Pause Young (Allocation Failure)
[594.245s][info][gc,heap        ] GC(192) DefNew: 2325890K(2516544K)->71243K(2516544K) Eden: 2236928K(2236928K)->0K(2236928K) From: 88962K(279616K)->71243K(279616K)
[594.245s][info][gc,heap        ] GC(192) Tenured: 677350K(5592448K)->677385K(5592448K)
[594.246s][info][gc,metaspace   ] GC(192) Metaspace: 134922K(136256K)->134922K(136256K) NonClass: 114004K(114752K)->114004K(114752K) Class: 20917K(21504K)->20917K(21504K)
[594.246s][info][gc             ] GC(192) Pause Young (Allocation Failure) 2932M->731M(7918M) 54.710ms
[594.246s][info][gc,cpu         ] GC(192) User=0.06s Sys=0.00s Real=0.05s
[596.640s][info][gc,start       ] GC(193) Pause Young (Allocation Failure)
[596.718s][info][gc,heap        ] GC(193) DefNew: 2308171K(2516544K)->105144K(2516544K) Eden: 2236928K(2236928K)->0K(2236928K) From: 71243K(279616K)->105144K(279616K)
[596.718s][info][gc,heap        ] GC(193) Tenured: 677385K(5592448K)->677574K(5592448K)
[596.718s][info][gc,metaspace   ] GC(193) Metaspace: 134922K(136256K)->134922K(136256K) NonClass: 114004K(114752K)->114004K(114752K) Class: 20917K(21504K)->20917K(21504K)
[596.718s][info][gc             ] GC(193) Pause Young (Allocation Failure) 2915M->764M(7918M) 77.984ms
[596.718s][info][gc,cpu         ] GC(193) User=0.08s Sys=0.00s Real=0.08s
[599.355s][info][gc,start       ] GC(194) Pause Young (Allocation Failure)
[599.419s][info][gc,heap        ] GC(194) DefNew: 2342072K(2516544K)->89161K(2516544K) Eden: 2236928K(2236928K)->0K(2236928K) From: 105144K(279616K)->89161K(279616K)
[599.419s][info][gc,heap        ] GC(194) Tenured: 677574K(5592448K)->677626K(5592448K)
[599.419s][info][gc,metaspace   ] GC(194) Metaspace: 134925K(136256K)->134925K(136256K) NonClass: 114007K(114752K)->114007K(114752K) Class: 20918K(21504K)->20918K(21504K)
[599.419s][info][gc             ] GC(194) Pause Young (Allocation Failure) 2948M->748M(7918M) 63.933ms
[599.419s][info][gc,cpu         ] GC(194) User=0.06s Sys=0.00s Real=0.06s
[602.127s][info][gc,start       ] GC(195) Pause Young (Allocation Failure)
[602.197s][info][gc,heap        ] GC(195) DefNew: 2326089K(2516544K)->93999K(2516544K) Eden: 2236928K(2236928K)->0K(2236928K) From: 89161K(279616K)->93999K(279616K)
[602.197s][info][gc,heap        ] GC(195) Tenured: 677626K(5592448K)->677658K(5592448K)
[602.197s][info][gc,metaspace   ] GC(195) Metaspace: 134925K(136256K)->134925K(136256K) NonClass: 114007K(114752K)->114007K(114752K) Class: 20918K(21504K)->20918K(21504K)
[602.197s][info][gc             ] GC(195) Pause Young (Allocation Failure) 2933M->753M(7918M) 70.127ms
[602.197s][info][gc,cpu         ] GC(195) User=0.08s Sys=0.00s Real=0.07s
[604.733s][info][gc,start       ] GC(196) Pause Young (Allocation Failure)
[604.803s][info][gc,heap        ] GC(196) DefNew: 2330927K(2516544K)->82678K(2516544K) Eden: 2236928K(2236928K)->0K(2236928K) From: 93999K(279616K)->82678K(279616K)
[604.803s][info][gc,heap        ] GC(196) Tenured: 677658K(5592448K)->677684K(5592448K)
[604.803s][info][gc,metaspace   ] GC(196) Metaspace: 134925K(136256K)->134925K(136256K) NonClass: 114007K(114752K)->114007K(114752K) Class: 20918K(21504K)->20918K(21504K)
[604.803s][info][gc             ] GC(196) Pause Young (Allocation Failure) 2938M->742M(7918M) 70.140ms
[604.803s][info][gc,cpu         ] GC(196) User=0.08s Sys=0.00s Real=0.07s
[607.499s][info][gc,start       ] GC(197) Pause Young (Allocation Failure)
[607.556s][info][gc,heap        ] GC(197) DefNew: 2319606K(2516544K)->74017K(2516544K) Eden: 2236928K(2236928K)->0K(2236928K) From: 82678K(279616K)->74017K(279616K)
[607.556s][info][gc,heap        ] GC(197) Tenured: 677684K(5592448K)->678066K(5592448K)
[607.556s][info][gc,metaspace   ] GC(197) Metaspace: 134927K(136256K)->134927K(136256K) NonClass: 114008K(114752K)->114008K(114752K) Class: 20918K(21504K)->20918K(21504K)
[607.557s][info][gc             ] GC(197) Pause Young (Allocation Failure) 2927M->734M(7918M) 57.266ms
[607.557s][info][gc,cpu         ] GC(197) User=0.06s Sys=0.00s Real=0.06s
[610.195s][info][gc,start       ] GC(198) Pause Young (Allocation Failure)
[610.257s][info][gc,heap        ] GC(198) DefNew: 2310945K(2516544K)->82930K(2516544K) Eden: 2236928K(2236928K)->0K(2236928K) From: 74017K(279616K)->82930K(279616K)
[610.257s][info][gc,heap        ] GC(198) Tenured: 678066K(5592448K)->678125K(5592448K)
[610.257s][info][gc,metaspace   ] GC(198) Metaspace: 134927K(136256K)->134927K(136256K) NonClass: 114008K(114752K)->114008K(114752K) Class: 20918K(21504K)->20918K(21504K)
[610.257s][info][gc             ] GC(198) Pause Young (Allocation Failure) 2918M->743M(7918M) 62.098ms
[610.257s][info][gc,cpu         ] GC(198) User=0.06s Sys=0.00s Real=0.06s
[612.467s][info][gc,start       ] GC(199) Pause Young (Allocation Failure)
[612.562s][info][gc,heap        ] GC(199) DefNew: 2319858K(2516544K)->106030K(2516544K) Eden: 2236928K(2236928K)->0K(2236928K) From: 82930K(279616K)->106030K(279616K)
[612.562s][info][gc,heap        ] GC(199) Tenured: 678125K(5592448K)->678153K(5592448K)
[612.562s][info][gc,metaspace   ] GC(199) Metaspace: 134928K(136256K)->134928K(136256K) NonClass: 114009K(114752K)->114009K(114752K) Class: 20918K(21504K)->20918K(21504K)
[612.562s][info][gc             ] GC(199) Pause Young (Allocation Failure) 2927M->765M(7918M) 95.219ms
[612.562s][info][gc,cpu         ] GC(199) User=0.09s Sys=0.00s Real=0.10s
[615.136s][info][gc,start       ] GC(200) Pause Young (Allocation Failure)
[615.201s][info][gc,heap        ] GC(200) DefNew: 2342958K(2516544K)->88299K(2516544K) Eden: 2236928K(2236928K)->0K(2236928K) From: 106030K(279616K)->88299K(279616K)
[615.201s][info][gc,heap        ] GC(200) Tenured: 678153K(5592448K)->678185K(5592448K)
[615.201s][info][gc,metaspace   ] GC(200) Metaspace: 134933K(136256K)->134933K(136256K) NonClass: 114015K(114752K)->114015K(114752K) Class: 20918K(21504K)->20918K(21504K)
[615.201s][info][gc             ] GC(200) Pause Young (Allocation Failure) 2950M->748M(7918M) 64.604ms
[615.201s][info][gc,cpu         ] GC(200) User=0.06s Sys=0.00s Real=0.06s
[617.399s][info][gc,start       ] GC(201) Pause Young (GCLocker Initiated GC)
[617.496s][info][gc,heap        ] GC(201) DefNew: 2325227K(2516544K)->116084K(2516544K) Eden: 2236928K(2236928K)->0K(2236928K) From: 88299K(279616K)->116084K(279616K)
[617.496s][info][gc,heap        ] GC(201) Tenured: 678185K(5592448K)->678209K(5592448K)
[617.496s][info][gc,metaspace   ] GC(201) Metaspace: 134970K(136320K)->134970K(136320K) NonClass: 114046K(114816K)->114046K(114816K) Class: 20923K(21504K)->20923K(21504K)
[617.496s][info][gc             ] GC(201) Pause Young (GCLocker Initiated GC) 2933M->775M(7918M) 97.243ms
[617.496s][info][gc,cpu         ] GC(201) User=0.09s Sys=0.00s Real=0.10s
[620.203s][info][gc,start       ] GC(202) Pause Young (Allocation Failure)
[620.263s][info][gc,heap        ] GC(202) DefNew: 2353012K(2516544K)->62437K(2516544K) Eden: 2236928K(2236928K)->0K(2236928K) From: 116084K(279616K)->62437K(279616K)
[620.263s][info][gc,heap        ] GC(202) Tenured: 678209K(5592448K)->678244K(5592448K)
[620.263s][info][gc,metaspace   ] GC(202) Metaspace: 134977K(136320K)->134977K(136320K) NonClass: 114054K(114816K)->114054K(114816K) Class: 20923K(21504K)->20923K(21504K)
[620.263s][info][gc             ] GC(202) Pause Young (Allocation Failure) 2960M->723M(7918M) 60.612ms
[620.263s][info][gc,cpu         ] GC(202) User=0.06s Sys=0.00s Real=0.06s
[622.987s][info][gc,start       ] GC(203) Pause Young (Allocation Failure)
[623.052s][info][gc,heap        ] GC(203) DefNew: 2299365K(2516544K)->82054K(2516544K) Eden: 2236928K(2236928K)->0K(2236928K) From: 62437K(279616K)->82054K(279616K)
[623.052s][info][gc,heap        ] GC(203) Tenured: 678244K(5592448K)->678278K(5592448K)
[623.052s][info][gc,metaspace   ] GC(203) Metaspace: 134980K(136320K)->134980K(136320K) NonClass: 114057K(114816K)->114057K(114816K) Class: 20923K(21504K)->20923K(21504K)
[623.052s][info][gc             ] GC(203) Pause Young (Allocation Failure) 2907M->742M(7918M) 65.880ms
[623.052s][info][gc,cpu         ] GC(203) User=0.06s Sys=0.00s Real=0.07s
[625.043s][info][gc,start       ] GC(204) Pause Young (Allocation Failure)
[625.131s][info][gc,heap        ] GC(204) DefNew: 2318982K(2516544K)->121808K(2516544K) Eden: 2236928K(2236928K)->0K(2236928K) From: 82054K(279616K)->121808K(279616K)
[625.131s][info][gc,heap        ] GC(204) Tenured: 678278K(5592448K)->678303K(5592448K)
[625.131s][info][gc,metaspace   ] GC(204) Metaspace: 134981K(136320K)->134981K(136320K) NonClass: 114057K(114816K)->114057K(114816K) Class: 20923K(21504K)->20923K(21504K)
[625.131s][info][gc             ] GC(204) Pause Young (Allocation Failure) 2927M->781M(7918M) 87.766ms
[625.131s][info][gc,cpu         ] GC(204) User=0.08s Sys=0.00s Real=0.09s
[627.395s][info][gc,start       ] GC(205) Pause Young (Allocation Failure)
[627.483s][info][gc,heap        ] GC(205) DefNew: 2358736K(2516544K)->120784K(2516544K) Eden: 2236928K(2236928K)->0K(2236928K) From: 121808K(279616K)->120784K(279616K)
[627.483s][info][gc,heap        ] GC(205) Tenured: 678303K(5592448K)->678348K(5592448K)
[627.483s][info][gc,metaspace   ] GC(205) Metaspace: 134985K(136320K)->134985K(136320K) NonClass: 114061K(114816K)->114061K(114816K) Class: 20923K(21504K)->20923K(21504K)
[627.483s][info][gc             ] GC(205) Pause Young (Allocation Failure) 2965M->780M(7918M) 88.613ms
[627.483s][info][gc,cpu         ] GC(205) User=0.09s Sys=0.00s Real=0.09s
[629.991s][info][gc,start       ] GC(206) Pause Young (Allocation Failure)
[630.073s][info][gc,heap        ] GC(206) DefNew: 2357712K(2516544K)->93118K(2516544K) Eden: 2236928K(2236928K)->0K(2236928K) From: 120784K(279616K)->93118K(279616K)
[630.073s][info][gc,heap        ] GC(206) Tenured: 678348K(5592448K)->678383K(5592448K)
[630.073s][info][gc,metaspace   ] GC(206) Metaspace: 134985K(136320K)->134985K(136320K) NonClass: 114061K(114816K)->114061K(114816K) Class: 20923K(21504K)->20923K(21504K)
[630.073s][info][gc             ] GC(206) Pause Young (Allocation Failure) 2964M->753M(7918M) 82.381ms
[630.073s][info][gc,cpu         ] GC(206) User=0.08s Sys=0.00s Real=0.08s
[632.439s][info][gc,start       ] GC(207) Pause Young (GCLocker Initiated GC)
[632.525s][info][gc,heap        ] GC(207) DefNew: 2330047K(2516544K)->116359K(2516544K) Eden: 2236928K(2236928K)->0K(2236928K) From: 93119K(279616K)->116359K(279616K)
[632.525s][info][gc,heap        ] GC(207) Tenured: 678383K(5592448K)->678422K(5592448K)
[632.525s][info][gc,metaspace   ] GC(207) Metaspace: 134985K(136320K)->134985K(136320K) NonClass: 114062K(114816K)->114062K(114816K) Class: 20923K(21504K)->20923K(21504K)
[632.526s][info][gc             ] GC(207) Pause Young (GCLocker Initiated GC) 2937M->776M(7918M) 86.298ms
[632.526s][info][gc,cpu         ] GC(207) User=0.09s Sys=0.00s Real=0.09s
[635.000s][info][gc,start       ] GC(208) Pause Young (Allocation Failure)
[635.066s][info][gc,heap        ] GC(208) DefNew: 2353287K(2516544K)->90660K(2516544K) Eden: 2236928K(2236928K)->0K(2236928K) From: 116359K(279616K)->90660K(279616K)
[635.066s][info][gc,heap        ] GC(208) Tenured: 678422K(5592448K)->678448K(5592448K)
[635.066s][info][gc,metaspace   ] GC(208) Metaspace: 134985K(136320K)->134985K(136320K) NonClass: 114062K(114816K)->114062K(114816K) Class: 20923K(21504K)->20923K(21504K)
[635.066s][info][gc             ] GC(208) Pause Young (Allocation Failure) 2960M->751M(7918M) 66.220ms
[635.066s][info][gc,cpu         ] GC(208) User=0.06s Sys=0.00s Real=0.07s
[637.328s][info][gc,start       ] GC(209) Pause Young (Allocation Failure)
[637.412s][info][gc,heap        ] GC(209) DefNew: 2327588K(2516544K)->111366K(2516544K) Eden: 2236928K(2236928K)->0K(2236928K) From: 90660K(279616K)->111366K(279616K)
[637.412s][info][gc,heap        ] GC(209) Tenured: 678448K(5592448K)->678488K(5592448K)
[637.412s][info][gc,metaspace   ] GC(209) Metaspace: 134985K(136320K)->134985K(136320K) NonClass: 114062K(114816K)->114062K(114816K) Class: 20923K(21504K)->20923K(21504K)
[637.412s][info][gc             ] GC(209) Pause Young (Allocation Failure) 2935M->771M(7918M) 83.956ms
[637.412s][info][gc,cpu         ] GC(209) User=0.09s Sys=0.00s Real=0.08s
[640.078s][info][gc,start       ] GC(210) Pause Young (Allocation Failure)
[640.157s][info][gc,heap        ] GC(210) DefNew: 2348294K(2516544K)->90049K(2516544K) Eden: 2236928K(2236928K)->0K(2236928K) From: 111366K(279616K)->90049K(279616K)
[640.157s][info][gc,heap        ] GC(210) Tenured: 678488K(5592448K)->679026K(5592448K)
[640.157s][info][gc,metaspace   ] GC(210) Metaspace: 134988K(136320K)->134988K(136320K) NonClass: 114065K(114816K)->114065K(114816K) Class: 20923K(21504K)->20923K(21504K)
[640.157s][info][gc             ] GC(210) Pause Young (Allocation Failure) 2955M->751M(7918M) 78.872ms
[640.157s][info][gc,cpu         ] GC(210) User=0.08s Sys=0.00s Real=0.08s
[642.591s][info][gc,start       ] GC(211) Pause Young (Allocation Failure)
[642.692s][info][gc,heap        ] GC(211) DefNew: 2326977K(2516544K)->106325K(2516544K) Eden: 2236928K(2236928K)->0K(2236928K) From: 90049K(279616K)->106325K(279616K)
[642.692s][info][gc,heap        ] GC(211) Tenured: 679026K(5592448K)->679070K(5592448K)
[642.692s][info][gc,metaspace   ] GC(211) Metaspace: 134989K(136320K)->134989K(136320K) NonClass: 114065K(114816K)->114065K(114816K) Class: 20923K(21504K)->20923K(21504K)
[642.692s][info][gc             ] GC(211) Pause Young (Allocation Failure) 2935M->766M(7918M) 101.167ms
[642.692s][info][gc,cpu         ] GC(211) User=0.09s Sys=0.00s Real=0.10s
[645.487s][info][gc,start       ] GC(212) Pause Young (Allocation Failure)
[645.540s][info][gc,heap        ] GC(212) DefNew: 2343253K(2516544K)->58428K(2516544K) Eden: 2236928K(2236928K)->0K(2236928K) From: 106325K(279616K)->58428K(279616K)
[645.540s][info][gc,heap        ] GC(212) Tenured: 679070K(5592448K)->679118K(5592448K)
[645.540s][info][gc,metaspace   ] GC(212) Metaspace: 135000K(136320K)->135000K(136320K) NonClass: 114077K(114816K)->114077K(114816K) Class: 20923K(21504K)->20923K(21504K)
[645.540s][info][gc             ] GC(212) Pause Young (Allocation Failure) 2951M->720M(7918M) 52.838ms
[645.540s][info][gc,cpu         ] GC(212) User=0.06s Sys=0.00s Real=0.05s
[648.190s][info][gc,start       ] GC(213) Pause Young (Allocation Failure)
[648.267s][info][gc,heap        ] GC(213) DefNew: 2295356K(2516544K)->95344K(2516544K) Eden: 2236928K(2236928K)->0K(2236928K) From: 58428K(279616K)->95344K(279616K)
[648.267s][info][gc,heap        ] GC(213) Tenured: 679118K(5592448K)->679142K(5592448K)
[648.267s][info][gc,metaspace   ] GC(213) Metaspace: 135001K(136320K)->135001K(136320K) NonClass: 114078K(114816K)->114078K(114816K) Class: 20923K(21504K)->20923K(21504K)
[648.267s][info][gc             ] GC(213) Pause Young (Allocation Failure) 2904M->756M(7918M) 76.745ms
[648.267s][info][gc,cpu         ] GC(213) User=0.08s Sys=0.00s Real=0.08s
[650.427s][info][gc,start       ] GC(214) Pause Young (Allocation Failure)
[650.506s][info][gc,heap        ] GC(214) DefNew: 2332272K(2516544K)->115216K(2516544K) Eden: 2236928K(2236928K)->0K(2236928K) From: 95344K(279616K)->115216K(279616K)
[650.506s][info][gc,heap        ] GC(214) Tenured: 679142K(5592448K)->679162K(5592448K)
[650.506s][info][gc,metaspace   ] GC(214) Metaspace: 135001K(136320K)->135001K(136320K) NonClass: 114078K(114816K)->114078K(114816K) Class: 20923K(21504K)->20923K(21504K)
[650.506s][info][gc             ] GC(214) Pause Young (Allocation Failure) 2940M->775M(7918M) 78.809ms
[650.506s][info][gc,cpu         ] GC(214) User=0.08s Sys=0.00s Real=0.08s
[653.607s][info][gc,start       ] GC(215) Pause Young (Allocation Failure)
[653.675s][info][gc,heap        ] GC(215) DefNew: 2352144K(2516544K)->87535K(2516544K) Eden: 2236928K(2236928K)->0K(2236928K) From: 115216K(279616K)->87535K(279616K)
[653.675s][info][gc,heap        ] GC(215) Tenured: 679162K(5592448K)->679214K(5592448K)
[653.675s][info][gc,metaspace   ] GC(215) Metaspace: 135007K(136320K)->135007K(136320K) NonClass: 114084K(114816K)->114084K(114816K) Class: 20923K(21504K)->20923K(21504K)
[653.675s][info][gc             ] GC(215) Pause Young (Allocation Failure) 2960M->748M(7918M) 67.616ms
[653.675s][info][gc,cpu         ] GC(215) User=0.06s Sys=0.00s Real=0.07s
[656.170s][info][gc,start       ] GC(216) Pause Young (Allocation Failure)
[656.245s][info][gc,heap        ] GC(216) DefNew: 2324463K(2516544K)->101223K(2516544K) Eden: 2236928K(2236928K)->0K(2236928K) From: 87535K(279616K)->101223K(279616K)
[656.245s][info][gc,heap        ] GC(216) Tenured: 679214K(5592448K)->679268K(5592448K)
[656.245s][info][gc,metaspace   ] GC(216) Metaspace: 135009K(136320K)->135009K(136320K) NonClass: 114086K(114816K)->114086K(114816K) Class: 20923K(21504K)->20923K(21504K)
[656.245s][info][gc             ] GC(216) Pause Young (Allocation Failure) 2933M->762M(7918M) 74.221ms
[656.245s][info][gc,cpu         ] GC(216) User=0.08s Sys=0.00s Real=0.07s
[659.050s][info][gc,start       ] GC(217) Pause Young (Allocation Failure)
[659.111s][info][gc,heap        ] GC(217) DefNew: 2338151K(2516544K)->86789K(2516544K) Eden: 2236928K(2236928K)->0K(2236928K) From: 101223K(279616K)->86789K(279616K)
[659.111s][info][gc,heap        ] GC(217) Tenured: 679268K(5592448K)->679320K(5592448K)
[659.111s][info][gc,metaspace   ] GC(217) Metaspace: 135009K(136320K)->135009K(136320K) NonClass: 114086K(114816K)->114086K(114816K) Class: 20923K(21504K)->20923K(21504K)
[659.111s][info][gc             ] GC(217) Pause Young (Allocation Failure) 2946M->748M(7918M) 60.263ms
[659.111s][info][gc,cpu         ] GC(217) User=0.06s Sys=0.00s Real=0.06s
[661.930s][info][gc,start       ] GC(218) Pause Young (Allocation Failure)
[662.003s][info][gc,heap        ] GC(218) DefNew: 2323717K(2516544K)->95066K(2516544K) Eden: 2236928K(2236928K)->0K(2236928K) From: 86789K(279616K)->95066K(279616K)
[662.004s][info][gc,heap        ] GC(218) Tenured: 679320K(5592448K)->679349K(5592448K)
[662.004s][info][gc,metaspace   ] GC(218) Metaspace: 135009K(136320K)->135009K(136320K) NonClass: 114086K(114816K)->114086K(114816K) Class: 20923K(21504K)->20923K(21504K)
[662.004s][info][gc             ] GC(218) Pause Young (Allocation Failure) 2932M->756M(7918M) 73.351ms
[662.004s][info][gc,cpu         ] GC(218) User=0.06s Sys=0.00s Real=0.07s
[664.343s][info][gc,start       ] GC(219) Pause Young (Allocation Failure)
[664.424s][info][gc,heap        ] GC(219) DefNew: 2331994K(2516544K)->101263K(2516544K) Eden: 2236928K(2236928K)->0K(2236928K) From: 95066K(279616K)->101263K(279616K)
[664.424s][info][gc,heap        ] GC(219) Tenured: 679349K(5592448K)->679390K(5592448K)
[664.424s][info][gc,metaspace   ] GC(219) Metaspace: 135010K(136320K)->135010K(136320K) NonClass: 114087K(114816K)->114087K(114816K) Class: 20923K(21504K)->20923K(21504K)
[664.424s][info][gc             ] GC(219) Pause Young (Allocation Failure) 2940M->762M(7918M) 80.948ms
[664.424s][info][gc,cpu         ] GC(219) User=0.08s Sys=0.00s Real=0.08s
[667.826s][info][gc,start       ] GC(220) Pause Young (Allocation Failure)
[667.870s][info][gc,heap        ] GC(220) DefNew: 2338191K(2516544K)->51929K(2516544K) Eden: 2236928K(2236928K)->0K(2236928K) From: 101263K(279616K)->51929K(279616K)
[667.870s][info][gc,heap        ] GC(220) Tenured: 679390K(5592448K)->679428K(5592448K)
[667.870s][info][gc,metaspace   ] GC(220) Metaspace: 135011K(136320K)->135011K(136320K) NonClass: 114087K(114816K)->114087K(114816K) Class: 20923K(21504K)->20923K(21504K)
[667.870s][info][gc             ] GC(220) Pause Young (Allocation Failure) 2946M->714M(7918M) 43.365ms
[667.870s][info][gc,cpu         ] GC(220) User=0.05s Sys=0.00s Real=0.04s
[671.753s][info][gc,start       ] GC(221) Pause Young (Allocation Failure)
[671.823s][info][gc,heap        ] GC(221) DefNew: 2288857K(2516544K)->81119K(2516544K) Eden: 2236928K(2236928K)->0K(2236928K) From: 51929K(279616K)->81119K(279616K)
[671.823s][info][gc,heap        ] GC(221) Tenured: 679428K(5592448K)->679470K(5592448K)
[671.823s][info][gc,metaspace   ] GC(221) Metaspace: 135012K(136320K)->135012K(136320K) NonClass: 114089K(114816K)->114089K(114816K) Class: 20923K(21504K)->20923K(21504K)
[671.823s][info][gc             ] GC(221) Pause Young (Allocation Failure) 2898M->742M(7918M) 70.181ms
[671.823s][info][gc,cpu         ] GC(221) User=0.08s Sys=0.00s Real=0.07s
[674.303s][info][gc,start       ] GC(222) Pause Young (Allocation Failure)
[674.371s][info][gc,heap        ] GC(222) DefNew: 2318047K(2516544K)->90211K(2516544K) Eden: 2236928K(2236928K)->0K(2236928K) From: 81119K(279616K)->90211K(279616K)
[674.371s][info][gc,heap        ] GC(222) Tenured: 679470K(5592448K)->679502K(5592448K)
[674.371s][info][gc,metaspace   ] GC(222) Metaspace: 135020K(136320K)->135020K(136320K) NonClass: 114096K(114816K)->114096K(114816K) Class: 20923K(21504K)->20923K(21504K)
[674.371s][info][gc             ] GC(222) Pause Young (Allocation Failure) 2927M->751M(7918M) 67.922ms
[674.371s][info][gc,cpu         ] GC(222) User=0.08s Sys=0.00s Real=0.07s
[677.302s][info][gc,start       ] GC(223) Pause Young (Allocation Failure)
[677.365s][info][gc,heap        ] GC(223) DefNew: 2327139K(2516544K)->80094K(2516544K) Eden: 2236928K(2236928K)->0K(2236928K) From: 90211K(279616K)->80094K(279616K)
[677.365s][info][gc,heap        ] GC(223) Tenured: 679502K(5592448K)->679532K(5592448K)
[677.365s][info][gc,metaspace   ] GC(223) Metaspace: 135020K(136320K)->135020K(136320K) NonClass: 114096K(114816K)->114096K(114816K) Class: 20923K(21504K)->20923K(21504K)
[677.365s][info][gc             ] GC(223) Pause Young (Allocation Failure) 2936M->741M(7918M) 62.128ms
[677.365s][info][gc,cpu         ] GC(223) User=0.06s Sys=0.00s Real=0.06s
[680.562s][info][gc,start       ] GC(224) Pause Young (Allocation Failure)
[680.623s][info][gc,heap        ] GC(224) DefNew: 2317022K(2516544K)->70122K(2516544K) Eden: 2236928K(2236928K)->0K(2236928K) From: 80094K(279616K)->70122K(279616K)
[680.623s][info][gc,heap        ] GC(224) Tenured: 679532K(5592448K)->679554K(5592448K)
[680.623s][info][gc,metaspace   ] GC(224) Metaspace: 135031K(136320K)->135031K(136320K) NonClass: 114107K(114816K)->114107K(114816K) Class: 20923K(21504K)->20923K(21504K)
[680.623s][info][gc             ] GC(224) Pause Young (Allocation Failure) 2926M->732M(7918M) 60.704ms
[680.623s][info][gc,cpu         ] GC(224) User=0.06s Sys=0.00s Real=0.06s
[683.385s][info][gc,start       ] GC(225) Pause Young (Allocation Failure)
[683.449s][info][gc,heap        ] GC(225) DefNew: 2307050K(2516544K)->76113K(2516544K) Eden: 2236928K(2236928K)->0K(2236928K) From: 70122K(279616K)->76113K(279616K)
[683.449s][info][gc,heap        ] GC(225) Tenured: 679554K(5592448K)->679603K(5592448K)
[683.449s][info][gc,metaspace   ] GC(225) Metaspace: 135034K(136384K)->135034K(136384K) NonClass: 114110K(114880K)->114110K(114880K) Class: 20923K(21504K)->20923K(21504K)
[683.449s][info][gc             ] GC(225) Pause Young (Allocation Failure) 2916M->738M(7918M) 63.387ms
[683.449s][info][gc,cpu         ] GC(225) User=0.06s Sys=0.00s Real=0.06s
[686.114s][info][gc,start       ] GC(226) Pause Young (Allocation Failure)
[686.201s][info][gc,heap        ] GC(226) DefNew: 2313041K(2516544K)->85109K(2516544K) Eden: 2236928K(2236928K)->0K(2236928K) From: 76113K(279616K)->85109K(279616K)
[686.201s][info][gc,heap        ] GC(226) Tenured: 679603K(5592448K)->679638K(5592448K)
[686.201s][info][gc,metaspace   ] GC(226) Metaspace: 135037K(136384K)->135037K(136384K) NonClass: 114113K(114880K)->114113K(114880K) Class: 20923K(21504K)->20923K(21504K)
[686.201s][info][gc             ] GC(226) Pause Young (Allocation Failure) 2922M->746M(7918M) 86.773ms
[686.201s][info][gc,cpu         ] GC(226) User=0.09s Sys=0.00s Real=0.09s
[689.755s][info][gc,start       ] GC(227) Pause Young (Allocation Failure)
[689.807s][info][gc,heap        ] GC(227) DefNew: 2322037K(2516544K)->55239K(2516544K) Eden: 2236928K(2236928K)->0K(2236928K) From: 85109K(279616K)->55239K(279616K)
[689.807s][info][gc,heap        ] GC(227) Tenured: 679638K(5592448K)->679667K(5592448K)
[689.807s][info][gc,metaspace   ] GC(227) Metaspace: 135038K(136384K)->135038K(136384K) NonClass: 114114K(114880K)->114114K(114880K) Class: 20923K(21504K)->20923K(21504K)
[689.807s][info][gc             ] GC(227) Pause Young (Allocation Failure) 2931M->717M(7918M) 52.868ms
[689.807s][info][gc,cpu         ] GC(227) User=0.06s Sys=0.00s Real=0.05s
[692.751s][info][gc,start       ] GC(228) Pause Young (Allocation Failure)
[692.831s][info][gc,heap        ] GC(228) DefNew: 2292167K(2516544K)->95781K(2516544K) Eden: 2236928K(2236928K)->0K(2236928K) From: 55239K(279616K)->95781K(279616K)
[692.831s][info][gc,heap        ] GC(228) Tenured: 679667K(5592448K)->679706K(5592448K)
[692.831s][info][gc,metaspace   ] GC(228) Metaspace: 135038K(136384K)->135038K(136384K) NonClass: 114114K(114880K)->114114K(114880K) Class: 20923K(21504K)->20923K(21504K)
[692.831s][info][gc             ] GC(228) Pause Young (Allocation Failure) 2902M->757M(7918M) 79.403ms
[692.831s][info][gc,cpu         ] GC(228) User=0.08s Sys=0.00s Real=0.08s
[695.755s][info][gc,start       ] GC(229) Pause Young (Allocation Failure)
[695.818s][info][gc,heap        ] GC(229) DefNew: 2332709K(2516544K)->79473K(2516544K) Eden: 2236928K(2236928K)->0K(2236928K) From: 95781K(279616K)->79473K(279616K)
[695.818s][info][gc,heap        ] GC(229) Tenured: 679706K(5592448K)->679732K(5592448K)
[695.818s][info][gc,metaspace   ] GC(229) Metaspace: 135039K(136384K)->135039K(136384K) NonClass: 114116K(114880K)->114116K(114880K) Class: 20923K(21504K)->20923K(21504K)
[695.818s][info][gc             ] GC(229) Pause Young (Allocation Failure) 2941M->741M(7918M) 62.768ms
[695.818s][info][gc,cpu         ] GC(229) User=0.06s Sys=0.00s Real=0.06s
[698.787s][info][gc,start       ] GC(230) Pause Young (Allocation Failure)
[698.863s][info][gc,heap        ] GC(230) DefNew: 2316401K(2516544K)->68230K(2516544K) Eden: 2236928K(2236928K)->0K(2236928K) From: 79473K(279616K)->68230K(279616K)
[698.863s][info][gc,heap        ] GC(230) Tenured: 679732K(5592448K)->679767K(5592448K)
[698.863s][info][gc,metaspace   ] GC(230) Metaspace: 135039K(136384K)->135039K(136384K) NonClass: 114116K(114880K)->114116K(114880K) Class: 20923K(21504K)->20923K(21504K)
[698.863s][info][gc             ] GC(230) Pause Young (Allocation Failure) 2925M->730M(7918M) 76.004ms
[698.863s][info][gc,cpu         ] GC(230) User=0.08s Sys=0.00s Real=0.08s
[701.922s][info][gc,start       ] GC(231) Pause Young (Allocation Failure)
[701.984s][info][gc,heap        ] GC(231) DefNew: 2305158K(2516544K)->74073K(2516544K) Eden: 2236928K(2236928K)->0K(2236928K) From: 68230K(279616K)->74073K(279616K)
[701.984s][info][gc,heap        ] GC(231) Tenured: 679767K(5592448K)->679794K(5592448K)
[701.984s][info][gc,metaspace   ] GC(231) Metaspace: 135039K(136384K)->135039K(136384K) NonClass: 114116K(114880K)->114116K(114880K) Class: 20923K(21504K)->20923K(21504K)
[701.985s][info][gc             ] GC(231) Pause Young (Allocation Failure) 2914M->736M(7918M) 62.086ms
[701.985s][info][gc,cpu         ] GC(231) User=0.06s Sys=0.00s Real=0.06s
[705.051s][info][gc,start       ] GC(232) Pause Young (GCLocker Initiated GC)
[705.117s][info][gc,heap        ] GC(232) DefNew: 2311002K(2516544K)->75734K(2516544K) Eden: 2236928K(2236928K)->0K(2236928K) From: 74074K(279616K)->75734K(279616K)
[705.117s][info][gc,heap        ] GC(232) Tenured: 679794K(5592448K)->679820K(5592448K)
[705.117s][info][gc,metaspace   ] GC(232) Metaspace: 135039K(136384K)->135039K(136384K) NonClass: 114116K(114880K)->114116K(114880K) Class: 20923K(21504K)->20923K(21504K)
[705.118s][info][gc             ] GC(232) Pause Young (GCLocker Initiated GC) 2920M->737M(7918M) 66.625ms
[705.118s][info][gc,cpu         ] GC(232) User=0.08s Sys=0.00s Real=0.07s
[707.784s][info][gc,start       ] GC(233) Pause Young (Allocation Failure)
[707.830s][info][gc,heap        ] GC(233) DefNew: 2312662K(2516544K)->49454K(2516544K) Eden: 2236928K(2236928K)->0K(2236928K) From: 75734K(279616K)->49454K(279616K)
[707.830s][info][gc,heap        ] GC(233) Tenured: 679820K(5592448K)->679858K(5592448K)
[707.831s][info][gc,metaspace   ] GC(233) Metaspace: 135039K(136384K)->135039K(136384K) NonClass: 114116K(114880K)->114116K(114880K) Class: 20923K(21504K)->20923K(21504K)
[707.831s][info][gc             ] GC(233) Pause Young (Allocation Failure) 2922M->712M(7918M) 46.362ms
[707.831s][info][gc,cpu         ] GC(233) User=0.05s Sys=0.00s Real=0.05s
[710.847s][info][gc,start       ] GC(234) Pause Young (Allocation Failure)
[710.906s][info][gc,heap        ] GC(234) DefNew: 2286382K(2516544K)->64837K(2516544K) Eden: 2236928K(2236928K)->0K(2236928K) From: 49454K(279616K)->64837K(279616K)
[710.906s][info][gc,heap        ] GC(234) Tenured: 679858K(5592448K)->679915K(5592448K)
[710.906s][info][gc,metaspace   ] GC(234) Metaspace: 135039K(136384K)->135039K(136384K) NonClass: 114116K(114880K)->114116K(114880K) Class: 20923K(21504K)->20923K(21504K)
[710.906s][info][gc             ] GC(234) Pause Young (Allocation Failure) 2896M->727M(7918M) 59.194ms
[710.906s][info][gc,cpu         ] GC(234) User=0.06s Sys=0.00s Real=0.06s
[713.591s][info][gc,start       ] GC(235) Pause Young (Allocation Failure)
[713.658s][info][gc,heap        ] GC(235) DefNew: 2301765K(2516544K)->81603K(2516544K) Eden: 2236928K(2236928K)->0K(2236928K) From: 64837K(279616K)->81603K(279616K)
[713.658s][info][gc,heap        ] GC(235) Tenured: 679915K(5592448K)->679953K(5592448K)
[713.658s][info][gc,metaspace   ] GC(235) Metaspace: 135039K(136384K)->135039K(136384K) NonClass: 114116K(114880K)->114116K(114880K) Class: 20923K(21504K)->20923K(21504K)
[713.658s][info][gc             ] GC(235) Pause Young (Allocation Failure) 2911M->743M(7918M) 66.848ms
[713.658s][info][gc,cpu         ] GC(235) User=0.06s Sys=0.00s Real=0.07s
[716.487s][info][gc,start       ] GC(236) Pause Young (Allocation Failure)
[716.554s][info][gc,heap        ] GC(236) DefNew: 2318531K(2516544K)->82583K(2516544K) Eden: 2236928K(2236928K)->0K(2236928K) From: 81603K(279616K)->82583K(279616K)
[716.554s][info][gc,heap        ] GC(236) Tenured: 679953K(5592448K)->679984K(5592448K)
[716.554s][info][gc,metaspace   ] GC(236) Metaspace: 135055K(136384K)->135055K(136384K) NonClass: 114132K(114880K)->114132K(114880K) Class: 20923K(21504K)->20923K(21504K)
[716.554s][info][gc             ] GC(236) Pause Young (Allocation Failure) 2928M->744M(7918M) 67.077ms
[716.554s][info][gc,cpu         ] GC(236) User=0.08s Sys=0.00s Real=0.07s
[719.343s][info][gc,start       ] GC(237) Pause Young (Allocation Failure)
[719.397s][info][gc,heap        ] GC(237) DefNew: 2319524K(2516544K)->66048K(2516544K) Eden: 2236928K(2236928K)->0K(2236928K) From: 82596K(279616K)->66048K(279616K)
[719.397s][info][gc,heap        ] GC(237) Tenured: 679984K(5592448K)->680448K(5592448K)
[719.397s][info][gc,metaspace   ] GC(237) Metaspace: 135056K(136384K)->135056K(136384K) NonClass: 114132K(114880K)->114132K(114880K) Class: 20923K(21504K)->20923K(21504K)
[719.397s][info][gc             ] GC(237) Pause Young (Allocation Failure) 2929M->729M(7918M) 53.967ms
[719.397s][info][gc,cpu         ] GC(237) User=0.06s Sys=0.00s Real=0.05s
[722.423s][info][gc,start       ] GC(238) Pause Young (GCLocker Initiated GC)
[722.486s][info][gc,heap        ] GC(238) DefNew: 2302976K(2516544K)->76856K(2516544K) Eden: 2236928K(2236928K)->0K(2236928K) From: 66048K(279616K)->76856K(279616K)
[722.486s][info][gc,heap        ] GC(238) Tenured: 680448K(5592448K)->680479K(5592448K)
[722.486s][info][gc,metaspace   ] GC(238) Metaspace: 135056K(136384K)->135056K(136384K) NonClass: 114132K(114880K)->114132K(114880K) Class: 20923K(21504K)->20923K(21504K)
[722.486s][info][gc             ] GC(238) Pause Young (GCLocker Initiated GC) 2913M->739M(7918M) 62.202ms
[722.486s][info][gc,cpu         ] GC(238) User=0.06s Sys=0.00s Real=0.06s
[725.490s][info][gc,start       ] GC(239) Pause Young (Allocation Failure)
[725.562s][info][gc,heap        ] GC(239) DefNew: 2313784K(2516544K)->72059K(2516544K) Eden: 2236928K(2236928K)->0K(2236928K) From: 76856K(279616K)->72059K(279616K)
[725.562s][info][gc,heap        ] GC(239) Tenured: 680479K(5592448K)->680515K(5592448K)
[725.562s][info][gc,metaspace   ] GC(239) Metaspace: 135056K(136384K)->135056K(136384K) NonClass: 114132K(114880K)->114132K(114880K) Class: 20923K(21504K)->20923K(21504K)
[725.562s][info][gc             ] GC(239) Pause Young (Allocation Failure) 2924M->734M(7918M) 72.437ms
[725.562s][info][gc,cpu         ] GC(239) User=0.08s Sys=0.00s Real=0.07s
[729.582s][info][gc,start       ] GC(240) Pause Young (Allocation Failure)
[729.629s][info][gc,heap        ] GC(240) DefNew: 2308987K(2516544K)->47511K(2516544K) Eden: 2236928K(2236928K)->0K(2236928K) From: 72059K(279616K)->47511K(279616K)
[729.629s][info][gc,heap        ] GC(240) Tenured: 680515K(5592448K)->680548K(5592448K)
[729.629s][info][gc,metaspace   ] GC(240) Metaspace: 135065K(136448K)->135065K(136448K) NonClass: 114142K(114944K)->114142K(114944K) Class: 20923K(21504K)->20923K(21504K)
[729.629s][info][gc             ] GC(240) Pause Young (Allocation Failure) 2919M->710M(7918M) 46.962ms
[729.629s][info][gc,cpu         ] GC(240) User=0.05s Sys=0.00s Real=0.05s
[732.906s][info][gc,start       ] GC(241) Pause Young (Allocation Failure)
[732.974s][info][gc,heap        ] GC(241) DefNew: 2284439K(2516544K)->66381K(2516544K) Eden: 2236928K(2236928K)->0K(2236928K) From: 47511K(279616K)->66381K(279616K)
[732.974s][info][gc,heap        ] GC(241) Tenured: 680548K(5592448K)->680603K(5592448K)
[732.974s][info][gc,metaspace   ] GC(241) Metaspace: 135065K(136448K)->135065K(136448K) NonClass: 114142K(114944K)->114142K(114944K) Class: 20923K(21504K)->20923K(21504K)
[732.974s][info][gc             ] GC(241) Pause Young (Allocation Failure) 2895M->729M(7918M) 68.122ms
[732.974s][info][gc,cpu         ] GC(241) User=0.06s Sys=0.00s Real=0.07s
[735.775s][info][gc,start       ] GC(242) Pause Young (Allocation Failure)
[735.848s][info][gc,heap        ] GC(242) DefNew: 2303309K(2516544K)->81519K(2516544K) Eden: 2236928K(2236928K)->0K(2236928K) From: 66381K(279616K)->81519K(279616K)
[735.848s][info][gc,heap        ] GC(242) Tenured: 680603K(5592448K)->680676K(5592448K)
[735.848s][info][gc,metaspace   ] GC(242) Metaspace: 135068K(136448K)->135068K(136448K) NonClass: 114144K(114944K)->114144K(114944K) Class: 20923K(21504K)->20923K(21504K)
[735.848s][info][gc             ] GC(242) Pause Young (Allocation Failure) 2913M->744M(7918M) 72.964ms
[735.848s][info][gc,cpu         ] GC(242) User=0.06s Sys=0.00s Real=0.07s
[738.699s][info][gc,start       ] GC(243) Pause Young (Allocation Failure)
[738.766s][info][gc,heap        ] GC(243) DefNew: 2318447K(2516544K)->84577K(2516544K) Eden: 2236928K(2236928K)->0K(2236928K) From: 81519K(279616K)->84577K(279616K)
[738.766s][info][gc,heap        ] GC(243) Tenured: 680676K(5592448K)->680711K(5592448K)
[738.766s][info][gc,metaspace   ] GC(243) Metaspace: 135071K(136448K)->135071K(136448K) NonClass: 114148K(114944K)->114148K(114944K) Class: 20923K(21504K)->20923K(21504K)
[738.766s][info][gc             ] GC(243) Pause Young (Allocation Failure) 2928M->747M(7918M) 67.881ms
[738.766s][info][gc,cpu         ] GC(243) User=0.06s Sys=0.00s Real=0.07s
[741.367s][info][gc,start       ] GC(244) Pause Young (Allocation Failure)
[741.443s][info][gc,heap        ] GC(244) DefNew: 2321505K(2516544K)->103246K(2516544K) Eden: 2236928K(2236928K)->0K(2236928K) From: 84577K(279616K)->103246K(279616K)
[741.443s][info][gc,heap        ] GC(244) Tenured: 680711K(5592448K)->680752K(5592448K)
[741.443s][info][gc,metaspace   ] GC(244) Metaspace: 135071K(136448K)->135071K(136448K) NonClass: 114148K(114944K)->114148K(114944K) Class: 20923K(21504K)->20923K(21504K)
[741.443s][info][gc             ] GC(244) Pause Young (Allocation Failure) 2931M->765M(7918M) 76.281ms
[741.443s][info][gc,cpu         ] GC(244) User=0.06s Sys=0.00s Real=0.08s
[744.135s][info][gc,start       ] GC(245) Pause Young (Allocation Failure)
[744.204s][info][gc,heap        ] GC(245) DefNew: 2340174K(2516544K)->79005K(2516544K) Eden: 2236928K(2236928K)->0K(2236928K) From: 103246K(279616K)->79005K(279616K)
[744.204s][info][gc,heap        ] GC(245) Tenured: 680752K(5592448K)->680789K(5592448K)
[744.204s][info][gc,metaspace   ] GC(245) Metaspace: 135073K(136448K)->135073K(136448K) NonClass: 114150K(114944K)->114150K(114944K) Class: 20923K(21504K)->20923K(21504K)
[744.204s][info][gc             ] GC(245) Pause Young (Allocation Failure) 2950M->741M(7918M) 68.902ms
[744.204s][info][gc,cpu         ] GC(245) User=0.06s Sys=0.00s Real=0.07s
[747.171s][info][gc,start       ] GC(246) Pause Young (Allocation Failure)
[747.216s][info][gc,heap        ] GC(246) DefNew: 2315937K(2516544K)->46261K(2516544K) Eden: 2236928K(2236928K)->0K(2236928K) From: 79009K(279616K)->46261K(279616K)
[747.216s][info][gc,heap        ] GC(246) Tenured: 680789K(5592448K)->680842K(5592448K)
[747.216s][info][gc,metaspace   ] GC(246) Metaspace: 135083K(136448K)->135083K(136448K) NonClass: 114158K(114944K)->114158K(114944K) Class: 20925K(21504K)->20925K(21504K)
[747.216s][info][gc             ] GC(246) Pause Young (Allocation Failure) 2926M->710M(7918M) 45.470ms
[747.216s][info][gc,cpu         ] GC(246) User=0.05s Sys=0.00s Real=0.05s
[751.054s][info][gc,start       ] GC(247) Pause Young (Allocation Failure)
[751.104s][info][gc,heap        ] GC(247) DefNew: 2283189K(2516544K)->51812K(2516544K) Eden: 2236928K(2236928K)->0K(2236928K) From: 46261K(279616K)->51812K(279616K)
[751.104s][info][gc,heap        ] GC(247) Tenured: 680842K(5592448K)->680918K(5592448K)
[751.104s][info][gc,metaspace   ] GC(247) Metaspace: 135083K(136448K)->135083K(136448K) NonClass: 114158K(114944K)->114158K(114944K) Class: 20925K(21504K)->20925K(21504K)
[751.104s][info][gc             ] GC(247) Pause Young (Allocation Failure) 2894M->715M(7918M) 49.403ms
[751.104s][info][gc,cpu         ] GC(247) User=0.05s Sys=0.00s Real=0.05s
[754.489s][info][gc,start       ] GC(248) Pause Young (Allocation Failure)
[754.555s][info][gc,heap        ] GC(248) DefNew: 2288740K(2516544K)->71271K(2516544K) Eden: 2236928K(2236928K)->0K(2236928K) From: 51812K(279616K)->71271K(279616K)
[754.555s][info][gc,heap        ] GC(248) Tenured: 680918K(5592448K)->680945K(5592448K)
[754.555s][info][gc,metaspace   ] GC(248) Metaspace: 135084K(136448K)->135084K(136448K) NonClass: 114159K(114944K)->114159K(114944K) Class: 20925K(21504K)->20925K(21504K)
[754.556s][info][gc             ] GC(248) Pause Young (Allocation Failure) 2900M->734M(7918M) 66.875ms
[754.556s][info][gc,cpu         ] GC(248) User=0.08s Sys=0.00s Real=0.07s
[756.997s][info][gc,start       ] GC(249) Pause Young (Allocation Failure)
[757.071s][info][gc,heap        ] GC(249) DefNew: 2308199K(2516544K)->92993K(2516544K) Eden: 2236928K(2236928K)->0K(2236928K) From: 71271K(279616K)->92993K(279616K)
[757.071s][info][gc,heap        ] GC(249) Tenured: 680945K(5592448K)->680983K(5592448K)
[757.071s][info][gc,metaspace   ] GC(249) Metaspace: 135084K(136448K)->135084K(136448K) NonClass: 114159K(114944K)->114159K(114944K) Class: 20925K(21504K)->20925K(21504K)
[757.071s][info][gc             ] GC(249) Pause Young (Allocation Failure) 2919M->755M(7918M) 73.968ms
[757.071s][info][gc,cpu         ] GC(249) User=0.08s Sys=0.00s Real=0.07s
[759.903s][info][gc,start       ] GC(250) Pause Young (Allocation Failure)
[759.982s][info][gc,heap        ] GC(250) DefNew: 2329921K(2516544K)->101081K(2516544K) Eden: 2236928K(2236928K)->0K(2236928K) From: 92993K(279616K)->101081K(279616K)
[759.982s][info][gc,heap        ] GC(250) Tenured: 680983K(5592448K)->681033K(5592448K)
[759.982s][info][gc,metaspace   ] GC(250) Metaspace: 135086K(136448K)->135086K(136448K) NonClass: 114161K(114944K)->114161K(114944K) Class: 20925K(21504K)->20925K(21504K)
[759.982s][info][gc             ] GC(250) Pause Young (Allocation Failure) 2940M->763M(7918M) 79.024ms
[759.982s][info][gc,cpu         ] GC(250) User=0.08s Sys=0.00s Real=0.08s
[762.417s][info][gc,start       ] GC(251) Pause Young (Allocation Failure)
[762.497s][info][gc,heap        ] GC(251) DefNew: 2338009K(2516544K)->106221K(2516544K) Eden: 2236928K(2236928K)->0K(2236928K) From: 101081K(279616K)->106221K(279616K)
[762.497s][info][gc,heap        ] GC(251) Tenured: 681033K(5592448K)->681351K(5592448K)
[762.498s][info][gc,metaspace   ] GC(251) Metaspace: 135086K(136448K)->135086K(136448K) NonClass: 114161K(114944K)->114161K(114944K) Class: 20925K(21504K)->20925K(21504K)
[762.498s][info][gc             ] GC(251) Pause Young (Allocation Failure) 2948M->769M(7918M) 80.924ms
[762.498s][info][gc,cpu         ] GC(251) User=0.08s Sys=0.00s Real=0.08s
[765.054s][info][gc,start       ] GC(252) Pause Young (Allocation Failure)
[765.126s][info][gc,heap        ] GC(252) DefNew: 2343149K(2516544K)->89716K(2516544K) Eden: 2236928K(2236928K)->0K(2236928K) From: 106221K(279616K)->89716K(279616K)
[765.126s][info][gc,heap        ] GC(252) Tenured: 681351K(5592448K)->681382K(5592448K)
[765.126s][info][gc,metaspace   ] GC(252) Metaspace: 135087K(136448K)->135087K(136448K) NonClass: 114162K(114944K)->114162K(114944K) Class: 20925K(21504K)->20925K(21504K)
[765.126s][info][gc             ] GC(252) Pause Young (Allocation Failure) 2953M->753M(7918M) 71.697ms
[765.126s][info][gc,cpu         ] GC(252) User=0.06s Sys=0.00s Real=0.07s
[767.686s][info][gc,start       ] GC(253) Pause Young (GCLocker Initiated GC)
[767.758s][info][gc,heap        ] GC(253) DefNew: 2326646K(2516544K)->80396K(2516544K) Eden: 2236928K(2236928K)->0K(2236928K) From: 89718K(279616K)->80396K(279616K)
[767.758s][info][gc,heap        ] GC(253) Tenured: 681382K(5592448K)->681410K(5592448K)
[767.758s][info][gc,metaspace   ] GC(253) Metaspace: 135087K(136448K)->135087K(136448K) NonClass: 114162K(114944K)->114162K(114944K) Class: 20925K(21504K)->20925K(21504K)
[767.758s][info][gc             ] GC(253) Pause Young (GCLocker Initiated GC) 2937M->743M(7918M) 71.605ms
[767.758s][info][gc,cpu         ] GC(253) User=0.08s Sys=0.00s Real=0.07s
[770.526s][info][gc,start       ] GC(254) Pause Young (Allocation Failure)
[770.578s][info][gc,heap        ] GC(254) DefNew: 2317324K(2516544K)->52324K(2516544K) Eden: 2236928K(2236928K)->0K(2236928K) From: 80396K(279616K)->52324K(279616K)
[770.578s][info][gc,heap        ] GC(254) Tenured: 681410K(5592448K)->682114K(5592448K)
[770.578s][info][gc,metaspace   ] GC(254) Metaspace: 135087K(136448K)->135087K(136448K) NonClass: 114162K(114944K)->114162K(114944K) Class: 20925K(21504K)->20925K(21504K)
[770.578s][info][gc             ] GC(254) Pause Young (Allocation Failure) 2928M->717M(7918M) 51.957ms
[770.578s][info][gc,cpu         ] GC(254) User=0.05s Sys=0.00s Real=0.05s
[774.795s][info][gc,start       ] GC(255) Pause Young (Allocation Failure)
[774.855s][info][gc,heap        ] GC(255) DefNew: 2289252K(2516544K)->67001K(2516544K) Eden: 2236928K(2236928K)->0K(2236928K) From: 52324K(279616K)->67001K(279616K)
[774.855s][info][gc,heap        ] GC(255) Tenured: 682114K(5592448K)->682161K(5592448K)
[774.855s][info][gc,metaspace   ] GC(255) Metaspace: 135087K(136448K)->135087K(136448K) NonClass: 114162K(114944K)->114162K(114944K) Class: 20925K(21504K)->20925K(21504K)
[774.855s][info][gc             ] GC(255) Pause Young (Allocation Failure) 2901M->731M(7918M) 60.317ms
[774.855s][info][gc,cpu         ] GC(255) User=0.06s Sys=0.00s Real=0.06s
[777.910s][info][gc,start       ] GC(256) Pause Young (Allocation Failure)
[777.978s][info][gc,heap        ] GC(256) DefNew: 2303929K(2516544K)->85322K(2516544K) Eden: 2236928K(2236928K)->0K(2236928K) From: 67001K(279616K)->85322K(279616K)
[777.978s][info][gc,heap        ] GC(256) Tenured: 682161K(5592448K)->682187K(5592448K)
[777.978s][info][gc,metaspace   ] GC(256) Metaspace: 135103K(136448K)->135103K(136448K) NonClass: 114178K(114944K)->114178K(114944K) Class: 20925K(21504K)->20925K(21504K)
[777.978s][info][gc             ] GC(256) Pause Young (Allocation Failure) 2916M->749M(7918M) 67.654ms
[777.978s][info][gc,cpu         ] GC(256) User=0.08s Sys=0.00s Real=0.07s
[780.228s][info][gc,start       ] GC(257) Pause Young (Allocation Failure)
[780.314s][info][gc,heap        ] GC(257) DefNew: 2322250K(2516544K)->104850K(2516544K) Eden: 2236928K(2236928K)->0K(2236928K) From: 85322K(279616K)->104850K(279616K)
[780.314s][info][gc,heap        ] GC(257) Tenured: 682187K(5592448K)->682227K(5592448K)
[780.314s][info][gc,metaspace   ] GC(257) Metaspace: 135104K(136448K)->135104K(136448K) NonClass: 114179K(114944K)->114179K(114944K) Class: 20925K(21504K)->20925K(21504K)
[780.314s][info][gc             ] GC(257) Pause Young (Allocation Failure) 2934M->768M(7918M) 85.814ms
[780.314s][info][gc,cpu         ] GC(257) User=0.08s Sys=0.00s Real=0.09s
[782.743s][info][gc,start       ] GC(258) Pause Young (Allocation Failure)
[782.825s][info][gc,heap        ] GC(258) DefNew: 2341778K(2516544K)->93009K(2516544K) Eden: 2236928K(2236928K)->0K(2236928K) From: 104850K(279616K)->93009K(279616K)
[782.825s][info][gc,heap        ] GC(258) Tenured: 682227K(5592448K)->682264K(5592448K)
[782.825s][info][gc,metaspace   ] GC(258) Metaspace: 135113K(136512K)->135113K(136512K) NonClass: 114188K(115008K)->114188K(115008K) Class: 20925K(21504K)->20925K(21504K)
[782.825s][info][gc             ] GC(258) Pause Young (Allocation Failure) 2953M->757M(7918M) 81.817ms
[782.825s][info][gc,cpu         ] GC(258) User=0.08s Sys=0.00s Real=0.08s
[785.046s][info][gc,start       ] GC(259) Pause Young (Allocation Failure)
[785.136s][info][gc,heap        ] GC(259) DefNew: 2329937K(2516544K)->126489K(2516544K) Eden: 2236928K(2236928K)->0K(2236928K) From: 93009K(279616K)->126489K(279616K)
[785.136s][info][gc,heap        ] GC(259) Tenured: 682264K(5592448K)->682294K(5592448K)
[785.136s][info][gc,metaspace   ] GC(259) Metaspace: 135113K(136512K)->135113K(136512K) NonClass: 114188K(115008K)->114188K(115008K) Class: 20925K(21504K)->20925K(21504K)
[785.136s][info][gc             ] GC(259) Pause Young (Allocation Failure) 2941M->789M(7918M) 89.343ms
[785.136s][info][gc,cpu         ] GC(259) User=0.09s Sys=0.00s Real=0.09s
[787.726s][info][gc,start       ] GC(260) Pause Young (Allocation Failure)
[787.811s][info][gc,heap        ] GC(260) DefNew: 2363417K(2516544K)->104710K(2516544K) Eden: 2236928K(2236928K)->0K(2236928K) From: 126489K(279616K)->104710K(279616K)
[787.811s][info][gc,heap        ] GC(260) Tenured: 682294K(5592448K)->682335K(5592448K)
[787.811s][info][gc,metaspace   ] GC(260) Metaspace: 135114K(136512K)->135114K(136512K) NonClass: 114189K(115008K)->114189K(115008K) Class: 20925K(21504K)->20925K(21504K)
[787.811s][info][gc             ] GC(260) Pause Young (Allocation Failure) 2974M->768M(7918M) 84.772ms
[787.811s][info][gc,cpu         ] GC(260) User=0.08s Sys=0.00s Real=0.08s
[790.628s][info][gc,start       ] GC(261) Pause Young (Allocation Failure)
[790.697s][info][gc,heap        ] GC(261) DefNew: 2341638K(2516544K)->87939K(2516544K) Eden: 2236928K(2236928K)->0K(2236928K) From: 104710K(279616K)->87939K(279616K)
[790.697s][info][gc,heap        ] GC(261) Tenured: 682335K(5592448K)->682435K(5592448K)
[790.697s][info][gc,metaspace   ] GC(261) Metaspace: 135114K(136512K)->135114K(136512K) NonClass: 114189K(115008K)->114189K(115008K) Class: 20925K(21504K)->20925K(21504K)
[790.697s][info][gc             ] GC(261) Pause Young (Allocation Failure) 2953M->752M(7918M) 69.265ms
[790.697s][info][gc,cpu         ] GC(261) User=0.08s Sys=0.00s Real=0.07s
[793.901s][info][gc,start       ] GC(262) Pause Young (Allocation Failure)
[793.953s][info][gc,heap        ] GC(262) DefNew: 2324867K(2516544K)->53329K(2516544K) Eden: 2236928K(2236928K)->0K(2236928K) From: 87939K(279616K)->53329K(279616K)
[793.953s][info][gc,heap        ] GC(262) Tenured: 682435K(5592448K)->682469K(5592448K)
[793.953s][info][gc,metaspace   ] GC(262) Metaspace: 135117K(136512K)->135117K(136512K) NonClass: 114192K(115008K)->114192K(115008K) Class: 20925K(21504K)->20925K(21504K)
[793.953s][info][gc             ] GC(262) Pause Young (Allocation Failure) 2936M->718M(7918M) 52.368ms
[793.953s][info][gc,cpu         ] GC(262) User=0.05s Sys=0.00s Real=0.05s
[797.211s][info][gc,start       ] GC(263) Pause Young (Allocation Failure)
[797.277s][info][gc,heap        ] GC(263) DefNew: 2290257K(2516544K)->73424K(2516544K) Eden: 2236928K(2236928K)->0K(2236928K) From: 53329K(279616K)->73424K(279616K)
[797.277s][info][gc,heap        ] GC(263) Tenured: 682469K(5592448K)->682505K(5592448K)
[797.277s][info][gc,metaspace   ] GC(263) Metaspace: 135119K(136512K)->135119K(136512K) NonClass: 114194K(115008K)->114194K(115008K) Class: 20925K(21504K)->20925K(21504K)
[797.277s][info][gc             ] GC(263) Pause Young (Allocation Failure) 2903M->738M(7918M) 66.154ms
[797.277s][info][gc,cpu         ] GC(263) User=0.06s Sys=0.00s Real=0.07s
[800.087s][info][gc,start       ] GC(264) Pause Young (GCLocker Initiated GC)
[800.161s][info][gc,heap        ] GC(264) DefNew: 2310352K(2516544K)->90748K(2516544K) Eden: 2236928K(2236928K)->0K(2236928K) From: 73424K(279616K)->90748K(279616K)
[800.161s][info][gc,heap        ] GC(264) Tenured: 682505K(5592448K)->682742K(5592448K)
[800.161s][info][gc,metaspace   ] GC(264) Metaspace: 135121K(136512K)->135121K(136512K) NonClass: 114196K(115008K)->114196K(115008K) Class: 20925K(21504K)->20925K(21504K)
[800.161s][info][gc             ] GC(264) Pause Young (GCLocker Initiated GC) 2922M->755M(7918M) 74.104ms
[800.161s][info][gc,cpu         ] GC(264) User=0.06s Sys=0.00s Real=0.07s
[802.665s][info][gc,start       ] GC(265) Pause Young (Allocation Failure)
[802.745s][info][gc,heap        ] GC(265) DefNew: 2327676K(2516544K)->96906K(2516544K) Eden: 2236928K(2236928K)->0K(2236928K) From: 90748K(279616K)->96906K(279616K)
[802.745s][info][gc,heap        ] GC(265) Tenured: 682742K(5592448K)->682782K(5592448K)
[802.745s][info][gc,metaspace   ] GC(265) Metaspace: 135128K(136512K)->135128K(136512K) NonClass: 114203K(115008K)->114203K(115008K) Class: 20925K(21504K)->20925K(21504K)
[802.745s][info][gc             ] GC(265) Pause Young (Allocation Failure) 2939M->761M(7918M) 79.803ms
[802.745s][info][gc,cpu         ] GC(265) User=0.08s Sys=0.00s Real=0.08s
[805.315s][info][gc,start       ] GC(266) Pause Young (Allocation Failure)
[805.398s][info][gc,heap        ] GC(266) DefNew: 2333834K(2516544K)->115459K(2516544K) Eden: 2236928K(2236928K)->0K(2236928K) From: 96906K(279616K)->115459K(279616K)
[805.398s][info][gc,heap        ] GC(266) Tenured: 682782K(5592448K)->683133K(5592448K)
[805.398s][info][gc,metaspace   ] GC(266) Metaspace: 135128K(136512K)->135128K(136512K) NonClass: 114203K(115008K)->114203K(115008K) Class: 20925K(21504K)->20925K(21504K)
[805.398s][info][gc             ] GC(266) Pause Young (Allocation Failure) 2945M->779M(7918M) 82.757ms
[805.398s][info][gc,cpu         ] GC(266) User=0.09s Sys=0.00s Real=0.08s
[807.557s][info][gc,start       ] GC(267) Pause Young (Allocation Failure)
[807.657s][info][gc,heap        ] GC(267) DefNew: 2352387K(2516544K)->108987K(2516544K) Eden: 2236928K(2236928K)->0K(2236928K) From: 115459K(279616K)->108987K(279616K)
[807.657s][info][gc,heap        ] GC(267) Tenured: 683133K(5592448K)->683176K(5592448K)
[807.657s][info][gc,metaspace   ] GC(267) Metaspace: 135137K(136512K)->135137K(136512K) NonClass: 114212K(115008K)->114212K(115008K) Class: 20925K(21504K)->20925K(21504K)
[807.657s][info][gc             ] GC(267) Pause Young (Allocation Failure) 2964M->773M(7918M) 99.870ms
[807.657s][info][gc,cpu         ] GC(267) User=0.09s Sys=0.00s Real=0.10s
[810.469s][info][gc,start       ] GC(268) Pause Young (Allocation Failure)
[810.549s][info][gc,heap        ] GC(268) DefNew: 2345915K(2516544K)->106778K(2516544K) Eden: 2236928K(2236928K)->0K(2236928K) From: 108987K(279616K)->106778K(279616K)
[810.549s][info][gc,heap        ] GC(268) Tenured: 683176K(5592448K)->683210K(5592448K)
[810.549s][info][gc,metaspace   ] GC(268) Metaspace: 135139K(136512K)->135139K(136512K) NonClass: 114214K(115008K)->114214K(115008K) Class: 20925K(21504K)->20925K(21504K)
[810.549s][info][gc             ] GC(268) Pause Young (Allocation Failure) 2958M->771M(7918M) 80.650ms
[810.549s][info][gc,cpu         ] GC(268) User=0.08s Sys=0.00s Real=0.08s
[813.427s][info][gc,start       ] GC(269) Pause Young (Allocation Failure)
[813.475s][info][gc,heap        ] GC(269) DefNew: 2343706K(2516544K)->45925K(2516544K) Eden: 2236928K(2236928K)->0K(2236928K) From: 106778K(279616K)->45925K(279616K)
[813.475s][info][gc,heap        ] GC(269) Tenured: 683210K(5592448K)->683261K(5592448K)
[813.475s][info][gc,metaspace   ] GC(269) Metaspace: 135141K(136512K)->135141K(136512K) NonClass: 114216K(115008K)->114216K(115008K) Class: 20925K(21504K)->20925K(21504K)
[813.475s][info][gc             ] GC(269) Pause Young (Allocation Failure) 2955M->712M(7918M) 48.782ms
[813.475s][info][gc,cpu         ] GC(269) User=0.06s Sys=0.00s Real=0.05s
[817.839s][info][gc,start       ] GC(270) Pause Young (Allocation Failure)
[817.900s][info][gc,heap        ] GC(270) DefNew: 2282853K(2516544K)->67240K(2516544K) Eden: 2236928K(2236928K)->0K(2236928K) From: 45925K(279616K)->67240K(279616K)
[817.900s][info][gc,heap        ] GC(270) Tenured: 683261K(5592448K)->683294K(5592448K)
[817.900s][info][gc,metaspace   ] GC(270) Metaspace: 135145K(136512K)->135145K(136512K) NonClass: 114220K(115008K)->114220K(115008K) Class: 20925K(21504K)->20925K(21504K)
[817.900s][info][gc             ] GC(270) Pause Young (Allocation Failure) 2896M->732M(7918M) 60.489ms
[817.900s][info][gc,cpu         ] GC(270) User=0.06s Sys=0.00s Real=0.06s
[820.910s][info][gc,start       ] GC(271) Pause Young (Allocation Failure)
[820.982s][info][gc,heap        ] GC(271) DefNew: 2304168K(2516544K)->84599K(2516544K) Eden: 2236928K(2236928K)->0K(2236928K) From: 67240K(279616K)->84599K(279616K)
[820.982s][info][gc,heap        ] GC(271) Tenured: 683294K(5592448K)->683794K(5592448K)
[820.982s][info][gc,metaspace   ] GC(271) Metaspace: 135148K(136512K)->135148K(136512K) NonClass: 114223K(115008K)->114223K(115008K) Class: 20925K(21504K)->20925K(21504K)
[820.982s][info][gc             ] GC(271) Pause Young (Allocation Failure) 2917M->750M(7918M) 72.231ms
[820.983s][info][gc,cpu         ] GC(271) User=0.08s Sys=0.00s Real=0.07s
[823.532s][info][gc,start       ] GC(272) Pause Young (Allocation Failure)
[823.611s][info][gc,heap        ] GC(272) DefNew: 2321527K(2516544K)->93557K(2516544K) Eden: 2236928K(2236928K)->0K(2236928K) From: 84599K(279616K)->93557K(279616K)
[823.611s][info][gc,heap        ] GC(272) Tenured: 683794K(5592448K)->683955K(5592448K)
[823.611s][info][gc,metaspace   ] GC(272) Metaspace: 135152K(136512K)->135152K(136512K) NonClass: 114227K(115008K)->114227K(115008K) Class: 20925K(21504K)->20925K(21504K)
[823.611s][info][gc             ] GC(272) Pause Young (Allocation Failure) 2934M->759M(7918M) 79.020ms
[823.611s][info][gc,cpu         ] GC(272) User=0.08s Sys=0.00s Real=0.08s
[826.190s][info][gc,start       ] GC(273) Pause Young (Allocation Failure)
[826.264s][info][gc,heap        ] GC(273) DefNew: 2330485K(2516544K)->92878K(2516544K) Eden: 2236928K(2236928K)->0K(2236928K) From: 93557K(279616K)->92878K(279616K)
[826.264s][info][gc,heap        ] GC(273) Tenured: 683955K(5592448K)->684002K(5592448K)
[826.264s][info][gc,metaspace   ] GC(273) Metaspace: 135154K(136512K)->135154K(136512K) NonClass: 114229K(115008K)->114229K(115008K) Class: 20925K(21504K)->20925K(21504K)
[826.264s][info][gc             ] GC(273) Pause Young (Allocation Failure) 2943M->758M(7918M) 73.551ms
[826.264s][info][gc,cpu         ] GC(273) User=0.08s Sys=0.00s Real=0.07s
[828.529s][info][gc,start       ] GC(274) Pause Young (Allocation Failure)
[828.616s][info][gc,heap        ] GC(274) DefNew: 2329806K(2516544K)->114955K(2516544K) Eden: 2236928K(2236928K)->0K(2236928K) From: 92878K(279616K)->114955K(279616K)
[828.616s][info][gc,heap        ] GC(274) Tenured: 684002K(5592448K)->684030K(5592448K)
[828.616s][info][gc,metaspace   ] GC(274) Metaspace: 135163K(136512K)->135163K(136512K) NonClass: 114238K(115008K)->114238K(115008K) Class: 20925K(21504K)->20925K(21504K)
[828.616s][info][gc             ] GC(274) Pause Young (Allocation Failure) 2943M->780M(7918M) 87.138ms
[828.616s][info][gc,cpu         ] GC(274) User=0.09s Sys=0.00s Real=0.09s
[831.162s][info][gc,start       ] GC(275) Pause Young (Allocation Failure)
[831.255s][info][gc,heap        ] GC(275) DefNew: 2351883K(2516544K)->113440K(2516544K) Eden: 2236928K(2236928K)->0K(2236928K) From: 114955K(279616K)->113440K(279616K)
[831.255s][info][gc,heap        ] GC(275) Tenured: 684030K(5592448K)->684081K(5592448K)
[831.255s][info][gc,metaspace   ] GC(275) Metaspace: 135164K(136512K)->135164K(136512K) NonClass: 114239K(115008K)->114239K(115008K) Class: 20925K(21504K)->20925K(21504K)
[831.255s][info][gc             ] GC(275) Pause Young (Allocation Failure) 2964M->778M(7918M) 92.221ms
[831.255s][info][gc,cpu         ] GC(275) User=0.08s Sys=0.00s Real=0.09s
[834.519s][info][gc,start       ] GC(276) Pause Young (Allocation Failure)
[834.559s][info][gc,heap        ] GC(276) DefNew: 2350368K(2516544K)->40338K(2516544K) Eden: 2236928K(2236928K)->0K(2236928K) From: 113440K(279616K)->40338K(279616K)
[834.559s][info][gc,heap        ] GC(276) Tenured: 684081K(5592448K)->684108K(5592448K)
[834.559s][info][gc,metaspace   ] GC(276) Metaspace: 135165K(136512K)->135165K(136512K) NonClass: 114240K(115008K)->114240K(115008K) Class: 20925K(21504K)->20925K(21504K)
[834.559s][info][gc             ] GC(276) Pause Young (Allocation Failure) 2963M->707M(7918M) 39.827ms
[834.559s][info][gc,cpu         ] GC(276) User=0.05s Sys=0.00s Real=0.04s
[837.997s][info][gc,start       ] GC(277) Pause Young (Allocation Failure)
[838.062s][info][gc,heap        ] GC(277) DefNew: 2277266K(2516544K)->55161K(2516544K) Eden: 2236928K(2236928K)->0K(2236928K) From: 40338K(279616K)->55161K(279616K)
[838.062s][info][gc,heap        ] GC(277) Tenured: 684108K(5592448K)->684135K(5592448K)
[838.062s][info][gc,metaspace   ] GC(277) Metaspace: 135321K(136704K)->135321K(136704K) NonClass: 114367K(115136K)->114367K(115136K) Class: 20954K(21568K)->20954K(21568K)
[838.062s][info][gc             ] GC(277) Pause Young (Allocation Failure) 2891M->721M(7918M) 65.580ms
[838.062s][info][gc,cpu         ] GC(277) User=0.06s Sys=0.00s Real=0.07s
[841.399s][info][gc,start       ] GC(278) Pause Young (Allocation Failure)
[841.466s][info][gc,heap        ] GC(278) DefNew: 2292089K(2516544K)->78019K(2516544K) Eden: 2236928K(2236928K)->0K(2236928K) From: 55161K(279616K)->78019K(279616K)
[841.466s][info][gc,heap        ] GC(278) Tenured: 684135K(5592448K)->684166K(5592448K)
[841.466s][info][gc,metaspace   ] GC(278) Metaspace: 135326K(136704K)->135326K(136704K) NonClass: 114372K(115136K)->114372K(115136K) Class: 20954K(21568K)->20954K(21568K)
[841.466s][info][gc             ] GC(278) Pause Young (Allocation Failure) 2906M->744M(7918M) 66.662ms
[841.466s][info][gc,cpu         ] GC(278) User=0.06s Sys=0.00s Real=0.07s
[844.162s][info][gc,start       ] GC(279) Pause Young (Allocation Failure)
[844.216s][info][gc,heap        ] GC(279) DefNew: 2314947K(2516544K)->65205K(2516544K) Eden: 2236928K(2236928K)->0K(2236928K) From: 78019K(279616K)->65205K(279616K)
[844.216s][info][gc,heap        ] GC(279) Tenured: 684166K(5592448K)->684219K(5592448K)
[844.216s][info][gc,metaspace   ] GC(279) Metaspace: 135329K(136704K)->135329K(136704K) NonClass: 114374K(115136K)->114374K(115136K) Class: 20954K(21568K)->20954K(21568K)
[844.216s][info][gc             ] GC(279) Pause Young (Allocation Failure) 2928M->731M(7918M) 53.380ms
[844.216s][info][gc,cpu         ] GC(279) User=0.05s Sys=0.00s Real=0.05s
[847.704s][info][gc,start       ] GC(280) Pause Young (Allocation Failure)
[847.786s][info][gc,heap        ] GC(280) DefNew: 2302133K(2516544K)->84861K(2516544K) Eden: 2236928K(2236928K)->0K(2236928K) From: 65205K(279616K)->84861K(279616K)
[847.786s][info][gc,heap        ] GC(280) Tenured: 684219K(5592448K)->684263K(5592448K)
[847.786s][info][gc,metaspace   ] GC(280) Metaspace: 135329K(136704K)->135329K(136704K) NonClass: 114374K(115136K)->114374K(115136K) Class: 20954K(21568K)->20954K(21568K)
[847.786s][info][gc             ] GC(280) Pause Young (Allocation Failure) 2916M->751M(7918M) 81.744ms
[847.786s][info][gc,cpu         ] GC(280) User=0.08s Sys=0.00s Real=0.08s
[850.531s][info][gc,start       ] GC(281) Pause Young (Allocation Failure)
[850.610s][info][gc,heap        ] GC(281) DefNew: 2321789K(2516544K)->90182K(2516544K) Eden: 2236928K(2236928K)->0K(2236928K) From: 84861K(279616K)->90182K(279616K)
[850.610s][info][gc,heap        ] GC(281) Tenured: 684263K(5592448K)->684291K(5592448K)
[850.610s][info][gc,metaspace   ] GC(281) Metaspace: 135329K(136704K)->135329K(136704K) NonClass: 114374K(115136K)->114374K(115136K) Class: 20954K(21568K)->20954K(21568K)
[850.610s][info][gc             ] GC(281) Pause Young (Allocation Failure) 2935M->756M(7918M) 78.624ms
[850.610s][info][gc,cpu         ] GC(281) User=0.08s Sys=0.00s Real=0.08s
[852.939s][info][gc,start       ] GC(282) Pause Young (Allocation Failure)
[853.036s][info][gc,heap        ] GC(282) DefNew: 2327110K(2516544K)->117723K(2516544K) Eden: 2236928K(2236928K)->0K(2236928K) From: 90182K(279616K)->117723K(279616K)
[853.036s][info][gc,heap        ] GC(282) Tenured: 684291K(5592448K)->684340K(5592448K)
[853.036s][info][gc,metaspace   ] GC(282) Metaspace: 135329K(136704K)->135329K(136704K) NonClass: 114374K(115136K)->114374K(115136K) Class: 20954K(21568K)->20954K(21568K)
[853.036s][info][gc             ] GC(282) Pause Young (Allocation Failure) 2940M->783M(7918M) 96.900ms
[853.036s][info][gc,cpu         ] GC(282) User=0.09s Sys=0.00s Real=0.10s
[855.427s][info][gc,start       ] GC(283) Pause Young (Allocation Failure)
[855.523s][info][gc,heap        ] GC(283) DefNew: 2354651K(2516544K)->118130K(2516544K) Eden: 2236928K(2236928K)->0K(2236928K) From: 117723K(279616K)->118130K(279616K)
[855.523s][info][gc,heap        ] GC(283) Tenured: 684340K(5592448K)->684398K(5592448K)
[855.523s][info][gc,metaspace   ] GC(283) Metaspace: 135329K(136704K)->135329K(136704K) NonClass: 114374K(115136K)->114374K(115136K) Class: 20954K(21568K)->20954K(21568K)
[855.523s][info][gc             ] GC(283) Pause Young (Allocation Failure) 2967M->783M(7918M) 95.497ms
[855.523s][info][gc,cpu         ] GC(283) User=0.11s Sys=0.00s Real=0.09s
[858.228s][info][gc,start       ] GC(284) Pause Young (Allocation Failure)
[858.332s][info][gc,heap        ] GC(284) DefNew: 2355058K(2516544K)->123821K(2516544K) Eden: 2236928K(2236928K)->0K(2236928K) From: 118130K(279616K)->123821K(279616K)
[858.332s][info][gc,heap        ] GC(284) Tenured: 684398K(5592448K)->684421K(5592448K)
[858.332s][info][gc,metaspace   ] GC(284) Metaspace: 135329K(136704K)->135329K(136704K) NonClass: 114374K(115136K)->114374K(115136K) Class: 20954K(21568K)->20954K(21568K)
[858.332s][info][gc             ] GC(284) Pause Young (Allocation Failure) 2968M->789M(7918M) 103.840ms
[858.332s][info][gc,cpu         ] GC(284) User=0.09s Sys=0.00s Real=0.11s
[861.359s][info][gc,start       ] GC(285) Pause Young (Allocation Failure)
[861.418s][info][gc,heap        ] GC(285) DefNew: 2360749K(2516544K)->73092K(2516544K) Eden: 2236928K(2236928K)->0K(2236928K) From: 123821K(279616K)->73092K(279616K)
[861.418s][info][gc,heap        ] GC(285) Tenured: 684421K(5592448K)->684480K(5592448K)
[861.418s][info][gc,metaspace   ] GC(285) Metaspace: 135329K(136704K)->135329K(136704K) NonClass: 114374K(115136K)->114374K(115136K) Class: 20954K(21568K)->20954K(21568K)
[861.418s][info][gc             ] GC(285) Pause Young (Allocation Failure) 2973M->739M(7918M) 59.693ms
[861.418s][info][gc,cpu         ] GC(285) User=0.06s Sys=0.00s Real=0.06s
[864.687s][info][gc,start       ] GC(286) Pause Young (Allocation Failure)
[864.748s][info][gc,heap        ] GC(286) DefNew: 2310020K(2516544K)->66928K(2516544K) Eden: 2236928K(2236928K)->0K(2236928K) From: 73092K(279616K)->66928K(279616K)
[864.748s][info][gc,heap        ] GC(286) Tenured: 684480K(5592448K)->684511K(5592448K)
[864.748s][info][gc,metaspace   ] GC(286) Metaspace: 135329K(136704K)->135329K(136704K) NonClass: 114374K(115136K)->114374K(115136K) Class: 20954K(21568K)->20954K(21568K)
[864.748s][info][gc             ] GC(286) Pause Young (Allocation Failure) 2924M->733M(7918M) 61.053ms
[864.748s][info][gc,cpu         ] GC(286) User=0.06s Sys=0.00s Real=0.06s
[867.435s][info][gc,start       ] GC(287) Pause Young (GCLocker Initiated GC)
[867.484s][info][gc,heap        ] GC(287) DefNew: 2303856K(2516544K)->57929K(2516544K) Eden: 2236928K(2236928K)->0K(2236928K) From: 66928K(279616K)->57929K(279616K)
[867.484s][info][gc,heap        ] GC(287) Tenured: 684511K(5592448K)->684543K(5592448K)
[867.484s][info][gc,metaspace   ] GC(287) Metaspace: 135333K(136704K)->135333K(136704K) NonClass: 114378K(115136K)->114378K(115136K) Class: 20954K(21568K)->20954K(21568K)
[867.485s][info][gc             ] GC(287) Pause Young (GCLocker Initiated GC) 2918M->725M(7918M) 49.982ms
[867.485s][info][gc,cpu         ] GC(287) User=0.05s Sys=0.00s Real=0.05s
[870.390s][info][gc,start       ] GC(288) Pause Young (Allocation Failure)
[870.458s][info][gc,heap        ] GC(288) DefNew: 2294857K(2516544K)->81274K(2516544K) Eden: 2236928K(2236928K)->0K(2236928K) From: 57929K(279616K)->81274K(279616K)
[870.458s][info][gc,heap        ] GC(288) Tenured: 684543K(5592448K)->684577K(5592448K)
[870.458s][info][gc,metaspace   ] GC(288) Metaspace: 135335K(136704K)->135335K(136704K) NonClass: 114380K(115136K)->114380K(115136K) Class: 20954K(21568K)->20954K(21568K)
[870.458s][info][gc             ] GC(288) Pause Young (Allocation Failure) 2909M->747M(7918M) 67.706ms
[870.458s][info][gc,cpu         ] GC(288) User=0.06s Sys=0.00s Real=0.07s
[873.303s][info][gc,start       ] GC(289) Pause Young (Allocation Failure)
[873.374s][info][gc,heap        ] GC(289) DefNew: 2318202K(2516544K)->83729K(2516544K) Eden: 2236928K(2236928K)->0K(2236928K) From: 81274K(279616K)->83729K(279616K)
[873.374s][info][gc,heap        ] GC(289) Tenured: 684577K(5592448K)->684622K(5592448K)
[873.374s][info][gc,metaspace   ] GC(289) Metaspace: 135335K(136704K)->135335K(136704K) NonClass: 114380K(115136K)->114380K(115136K) Class: 20954K(21568K)->20954K(21568K)
[873.374s][info][gc             ] GC(289) Pause Young (Allocation Failure) 2932M->750M(7918M) 71.546ms
[873.374s][info][gc,cpu         ] GC(289) User=0.08s Sys=0.00s Real=0.07s
[875.619s][info][gc,start       ] GC(290) Pause Young (GCLocker Initiated GC)
[875.706s][info][gc,heap        ] GC(290) DefNew: 2320657K(2516544K)->116225K(2516544K) Eden: 2236928K(2236928K)->0K(2236928K) From: 83729K(279616K)->116225K(279616K)
[875.706s][info][gc,heap        ] GC(290) Tenured: 684622K(5592448K)->684662K(5592448K)
[875.706s][info][gc,metaspace   ] GC(290) Metaspace: 135335K(136704K)->135335K(136704K) NonClass: 114380K(115136K)->114380K(115136K) Class: 20954K(21568K)->20954K(21568K)
[875.706s][info][gc             ] GC(290) Pause Young (GCLocker Initiated GC) 2934M->782M(7918M) 86.790ms
[875.706s][info][gc,cpu         ] GC(290) User=0.08s Sys=0.00s Real=0.09s
[877.785s][info][gc,start       ] GC(291) Pause Young (Allocation Failure)
[877.877s][info][gc,heap        ] GC(291) DefNew: 2353153K(2516544K)->127645K(2516544K) Eden: 2236928K(2236928K)->0K(2236928K) From: 116225K(279616K)->127645K(279616K)
[877.877s][info][gc,heap        ] GC(291) Tenured: 684662K(5592448K)->684703K(5592448K)
[877.877s][info][gc,metaspace   ] GC(291) Metaspace: 135338K(136704K)->135338K(136704K) NonClass: 114383K(115136K)->114383K(115136K) Class: 20954K(21568K)->20954K(21568K)
[877.877s][info][gc             ] GC(291) Pause Young (Allocation Failure) 2966M->793M(7918M) 92.376ms
[877.877s][info][gc,cpu         ] GC(291) User=0.09s Sys=0.00s Real=0.09s
[881.583s][info][gc,start       ] GC(292) Pause Young (Allocation Failure)
[881.643s][info][gc,heap        ] GC(292) DefNew: 2364573K(2516544K)->56741K(2516544K) Eden: 2236928K(2236928K)->0K(2236928K) From: 127645K(279616K)->56741K(279616K)
[881.643s][info][gc,heap        ] GC(292) Tenured: 684703K(5592448K)->684777K(5592448K)
[881.643s][info][gc,metaspace   ] GC(292) Metaspace: 135423K(136832K)->135423K(136832K) NonClass: 114452K(115264K)->114452K(115264K) Class: 20971K(21568K)->20971K(21568K)
[881.643s][info][gc             ] GC(292) Pause Young (Allocation Failure) 2977M->724M(7918M) 59.555ms
[881.643s][info][gc,cpu         ] GC(292) User=0.06s Sys=0.00s Real=0.06s
[884.775s][info][gc,start       ] GC(293) Pause Young (Allocation Failure)
[884.830s][info][gc,heap        ] GC(293) DefNew: 2293669K(2516544K)->61573K(2516544K) Eden: 2236928K(2236928K)->0K(2236928K) From: 56741K(279616K)->61573K(279616K)
[884.830s][info][gc,heap        ] GC(293) Tenured: 684777K(5592448K)->684812K(5592448K)
[884.830s][info][gc,metaspace   ] GC(293) Metaspace: 135444K(136832K)->135444K(136832K) NonClass: 114467K(115264K)->114467K(115264K) Class: 20977K(21568K)->20977K(21568K)
[884.830s][info][gc             ] GC(293) Pause Young (Allocation Failure) 2908M->728M(7918M) 55.329ms
[884.830s][info][gc,cpu         ] GC(293) User=0.05s Sys=0.00s Real=0.06s
[887.856s][info][gc,start       ] GC(294) Pause Young (GCLocker Initiated GC)
[887.916s][info][gc,heap        ] GC(294) DefNew: 2298532K(2516544K)->69130K(2516544K) Eden: 2236928K(2236928K)->0K(2236928K) From: 61604K(279616K)->69130K(279616K)
[887.916s][info][gc,heap        ] GC(294) Tenured: 684812K(5592448K)->684840K(5592448K)
[887.916s][info][gc,metaspace   ] GC(294) Metaspace: 135448K(136832K)->135448K(136832K) NonClass: 114471K(115264K)->114471K(115264K) Class: 20977K(21568K)->20977K(21568K)
[887.916s][info][gc             ] GC(294) Pause Young (GCLocker Initiated GC) 2913M->736M(7918M) 59.384ms
[887.916s][info][gc,cpu         ] GC(294) User=0.06s Sys=0.00s Real=0.06s
[891.814s][info][gc,start       ] GC(295) Pause Young (Allocation Failure)
[891.875s][info][gc,heap        ] GC(295) DefNew: 2306058K(2516544K)->72899K(2516544K) Eden: 2236928K(2236928K)->0K(2236928K) From: 69130K(279616K)->72899K(279616K)
[891.875s][info][gc,heap        ] GC(295) Tenured: 684840K(5592448K)->684887K(5592448K)
[891.875s][info][gc,metaspace   ] GC(295) Metaspace: 135449K(136832K)->135449K(136832K) NonClass: 114472K(115264K)->114472K(115264K) Class: 20977K(21568K)->20977K(21568K)
[891.875s][info][gc             ] GC(295) Pause Young (Allocation Failure) 2920M->740M(7918M) 60.294ms
[891.875s][info][gc,cpu         ] GC(295) User=0.06s Sys=0.00s Real=0.06s
[894.671s][info][gc,start       ] GC(296) Pause Young (Allocation Failure)
[894.741s][info][gc,heap        ] GC(296) DefNew: 2309827K(2516544K)->78863K(2516544K) Eden: 2236928K(2236928K)->0K(2236928K) From: 72899K(279616K)->78863K(279616K)
[894.742s][info][gc,heap        ] GC(296) Tenured: 684887K(5592448K)->684923K(5592448K)
[894.742s][info][gc,metaspace   ] GC(296) Metaspace: 135451K(136832K)->135451K(136832K) NonClass: 114474K(115264K)->114474K(115264K) Class: 20977K(21568K)->20977K(21568K)
[894.742s][info][gc             ] GC(296) Pause Young (Allocation Failure) 2924M->745M(7918M) 70.504ms
[894.742s][info][gc,cpu         ] GC(296) User=0.08s Sys=0.00s Real=0.07s
[897.184s][info][gc,start       ] GC(297) Pause Young (Allocation Failure)
[897.274s][info][gc,heap        ] GC(297) DefNew: 2315791K(2516544K)->102108K(2516544K) Eden: 2236928K(2236928K)->0K(2236928K) From: 78863K(279616K)->102108K(279616K)
[897.274s][info][gc,heap        ] GC(297) Tenured: 684923K(5592448K)->684948K(5592448K)
[897.274s][info][gc,metaspace   ] GC(297) Metaspace: 135451K(136832K)->135451K(136832K) NonClass: 114474K(115264K)->114474K(115264K) Class: 20977K(21568K)->20977K(21568K)
[897.274s][info][gc             ] GC(297) Pause Young (Allocation Failure) 2930M->768M(7918M) 89.711ms
[897.274s][info][gc,cpu         ] GC(297) User=0.09s Sys=0.00s Real=0.09s
[899.547s][info][gc,start       ] GC(298) Pause Young (GCLocker Initiated GC)
[899.627s][info][gc,heap        ] GC(298) DefNew: 2339036K(2516544K)->110392K(2516544K) Eden: 2236928K(2236928K)->0K(2236928K) From: 102108K(279616K)->110392K(279616K)
[899.627s][info][gc,heap        ] GC(298) Tenured: 684948K(5592448K)->684981K(5592448K)
[899.627s][info][gc,metaspace   ] GC(298) Metaspace: 135452K(136832K)->135452K(136832K) NonClass: 114475K(115264K)->114475K(115264K) Class: 20977K(21568K)->20977K(21568K)
[899.627s][info][gc             ] GC(298) Pause Young (GCLocker Initiated GC) 2953M->776M(7918M) 80.855ms
[899.627s][info][gc,cpu         ] GC(298) User=0.08s Sys=0.00s Real=0.08s
[902.722s][info][gc,start       ] GC(299) Pause Young (Allocation Failure)
[902.792s][info][gc,heap        ] GC(299) DefNew: 2347320K(2516544K)->61940K(2516544K) Eden: 2236928K(2236928K)->0K(2236928K) From: 110392K(279616K)->61940K(279616K)
[902.792s][info][gc,heap        ] GC(299) Tenured: 684981K(5592448K)->685010K(5592448K)
[902.792s][info][gc,metaspace   ] GC(299) Metaspace: 135452K(136832K)->135452K(136832K) NonClass: 114475K(115264K)->114475K(115264K) Class: 20977K(21568K)->20977K(21568K)
[902.792s][info][gc             ] GC(299) Pause Young (Allocation Failure) 2961M->729M(7918M) 70.103ms
[902.792s][info][gc,cpu         ] GC(299) User=0.08s Sys=0.00s Real=0.07s
[906.105s][info][gc,start       ] GC(300) Pause Young (Allocation Failure)
[906.164s][info][gc,heap        ] GC(300) DefNew: 2298868K(2516544K)->64358K(2516544K) Eden: 2236928K(2236928K)->0K(2236928K) From: 61940K(279616K)->64358K(279616K)
[906.164s][info][gc,heap        ] GC(300) Tenured: 685010K(5592448K)->685037K(5592448K)
[906.164s][info][gc,metaspace   ] GC(300) Metaspace: 135452K(136832K)->135452K(136832K) NonClass: 114475K(115264K)->114475K(115264K) Class: 20977K(21568K)->20977K(21568K)
[906.164s][info][gc             ] GC(300) Pause Young (Allocation Failure) 2913M->731M(7918M) 58.438ms
[906.164s][info][gc,cpu         ] GC(300) User=0.06s Sys=0.00s Real=0.06s
[909.275s][info][gc,start       ] GC(301) Pause Young (Allocation Failure)
[909.326s][info][gc,heap        ] GC(301) DefNew: 2301286K(2516544K)->61070K(2516544K) Eden: 2236928K(2236928K)->0K(2236928K) From: 64358K(279616K)->61070K(279616K)
[909.326s][info][gc,heap        ] GC(301) Tenured: 685037K(5592448K)->685066K(5592448K)
[909.326s][info][gc,metaspace   ] GC(301) Metaspace: 135452K(136832K)->135452K(136832K) NonClass: 114475K(115264K)->114475K(115264K) Class: 20977K(21568K)->20977K(21568K)
[909.326s][info][gc             ] GC(301) Pause Young (Allocation Failure) 2916M->728M(7918M) 51.052ms
[909.326s][info][gc,cpu         ] GC(301) User=0.05s Sys=0.00s Real=0.05s
[912.163s][info][gc,start       ] GC(302) Pause Young (Allocation Failure)
[912.238s][info][gc,heap        ] GC(302) DefNew: 2297998K(2516544K)->84463K(2516544K) Eden: 2236928K(2236928K)->0K(2236928K) From: 61070K(279616K)->84463K(279616K)
[912.238s][info][gc,heap        ] GC(302) Tenured: 685066K(5592448K)->685097K(5592448K)
[912.238s][info][gc,metaspace   ] GC(302) Metaspace: 135452K(136832K)->135452K(136832K) NonClass: 114475K(115264K)->114475K(115264K) Class: 20977K(21568K)->20977K(21568K)
[912.238s][info][gc             ] GC(302) Pause Young (Allocation Failure) 2913M->751M(7918M) 75.536ms
[912.238s][info][gc,cpu         ] GC(302) User=0.06s Sys=0.00s Real=0.08s
[914.827s][info][gc,start       ] GC(303) Pause Young (Allocation Failure)
[914.892s][info][gc,heap        ] GC(303) DefNew: 2321391K(2516544K)->82880K(2516544K) Eden: 2236928K(2236928K)->0K(2236928K) From: 84463K(279616K)->82880K(279616K)
[914.892s][info][gc,heap        ] GC(303) Tenured: 685097K(5592448K)->685155K(5592448K)
[914.892s][info][gc,metaspace   ] GC(303) Metaspace: 135452K(136832K)->135452K(136832K) NonClass: 114475K(115264K)->114475K(115264K) Class: 20977K(21568K)->20977K(21568K)
[914.892s][info][gc             ] GC(303) Pause Young (Allocation Failure) 2936M->750M(7918M) 65.867ms
[914.892s][info][gc,cpu         ] GC(303) User=0.06s Sys=0.00s Real=0.07s
[917.227s][info][gc,start       ] GC(304) Pause Young (Allocation Failure)
[917.299s][info][gc,heap        ] GC(304) DefNew: 2319808K(2516544K)->88985K(2516544K) Eden: 2236928K(2236928K)->0K(2236928K) From: 82880K(279616K)->88985K(279616K)
[917.299s][info][gc,heap        ] GC(304) Tenured: 685155K(5592448K)->685190K(5592448K)
[917.299s][info][gc,metaspace   ] GC(304) Metaspace: 135452K(136832K)->135452K(136832K) NonClass: 114475K(115264K)->114475K(115264K) Class: 20977K(21568K)->20977K(21568K)
[917.299s][info][gc             ] GC(304) Pause Young (Allocation Failure) 2934M->756M(7918M) 72.699ms
[917.299s][info][gc,cpu         ] GC(304) User=0.06s Sys=0.00s Real=0.07s
[919.595s][info][gc,start       ] GC(305) Pause Young (GCLocker Initiated GC)
[919.678s][info][gc,heap        ] GC(305) DefNew: 2325913K(2516544K)->108148K(2516544K) Eden: 2236928K(2236928K)->0K(2236928K) From: 88985K(279616K)->108148K(279616K)
[919.678s][info][gc,heap        ] GC(305) Tenured: 685190K(5592448K)->685220K(5592448K)
[919.678s][info][gc,metaspace   ] GC(305) Metaspace: 135458K(136832K)->135458K(136832K) NonClass: 114480K(115264K)->114480K(115264K) Class: 20977K(21568K)->20977K(21568K)
[919.678s][info][gc             ] GC(305) Pause Young (GCLocker Initiated GC) 2940M->774M(7918M) 82.945ms
[919.678s][info][gc,cpu         ] GC(305) User=0.09s Sys=0.00s Real=0.08s
[922.106s][info][gc,start       ] GC(306) Pause Young (Allocation Failure)
[922.159s][info][gc,heap        ] GC(306) DefNew: 2345076K(2516544K)->66068K(2516544K) Eden: 2236928K(2236928K)->0K(2236928K) From: 108148K(279616K)->66068K(279616K)
[922.159s][info][gc,heap        ] GC(306) Tenured: 685220K(5592448K)->685258K(5592448K)
[922.159s][info][gc,metaspace   ] GC(306) Metaspace: 135467K(136832K)->135467K(136832K) NonClass: 114490K(115264K)->114490K(115264K) Class: 20977K(21568K)->20977K(21568K)
[922.159s][info][gc             ] GC(306) Pause Young (Allocation Failure) 2959M->733M(7918M) 52.854ms
[922.159s][info][gc,cpu         ] GC(306) User=0.05s Sys=0.00s Real=0.05s
[926.675s][info][gc,start       ] GC(307) Pause Young (Allocation Failure)
[926.727s][info][gc,heap        ] GC(307) DefNew: 2302996K(2516544K)->63562K(2516544K) Eden: 2236928K(2236928K)->0K(2236928K) From: 66068K(279616K)->63562K(279616K)
[926.727s][info][gc,heap        ] GC(307) Tenured: 685258K(5592448K)->685362K(5592448K)
[926.727s][info][gc,metaspace   ] GC(307) Metaspace: 135476K(136832K)->135476K(136832K) NonClass: 114498K(115264K)->114498K(115264K) Class: 20977K(21568K)->20977K(21568K)
[926.727s][info][gc             ] GC(307) Pause Young (Allocation Failure) 2918M->731M(7918M) 52.380ms
[926.727s][info][gc,cpu         ] GC(307) User=0.06s Sys=0.00s Real=0.05s
[930.119s][info][gc,start       ] GC(308) Pause Young (Allocation Failure)
[930.183s][info][gc,heap        ] GC(308) DefNew: 2300490K(2516544K)->63939K(2516544K) Eden: 2236928K(2236928K)->0K(2236928K) From: 63562K(279616K)->63939K(279616K)
[930.183s][info][gc,heap        ] GC(308) Tenured: 685362K(5592448K)->685405K(5592448K)
[930.183s][info][gc,metaspace   ] GC(308) Metaspace: 135477K(136832K)->135477K(136832K) NonClass: 114500K(115264K)->114500K(115264K) Class: 20977K(21568K)->20977K(21568K)
[930.183s][info][gc             ] GC(308) Pause Young (Allocation Failure) 2915M->731M(7918M) 64.956ms
[930.183s][info][gc,cpu         ] GC(308) User=0.06s Sys=0.00s Real=0.06s
[932.971s][info][gc,start       ] GC(309) Pause Young (Allocation Failure)
[933.039s][info][gc,heap        ] GC(309) DefNew: 2300867K(2516544K)->82903K(2516544K) Eden: 2236928K(2236928K)->0K(2236928K) From: 63939K(279616K)->82903K(279616K)
[933.039s][info][gc,heap        ] GC(309) Tenured: 685405K(5592448K)->687998K(5592448K)
[933.039s][info][gc,metaspace   ] GC(309) Metaspace: 135480K(136832K)->135480K(136832K) NonClass: 114503K(115264K)->114503K(115264K) Class: 20977K(21568K)->20977K(21568K)
[933.039s][info][gc             ] GC(309) Pause Young (Allocation Failure) 2916M->752M(7918M) 68.421ms
[933.039s][info][gc,cpu         ] GC(309) User=0.08s Sys=0.00s Real=0.07s
[935.905s][info][gc,start       ] GC(310) Pause Young (GCLocker Initiated GC)
[935.982s][info][gc,heap        ] GC(310) DefNew: 2319831K(2516544K)->98438K(2516544K) Eden: 2236928K(2236928K)->0K(2236928K) From: 82903K(279616K)->98438K(279616K)
[935.982s][info][gc,heap        ] GC(310) Tenured: 687998K(5592448K)->688049K(5592448K)
[935.982s][info][gc,metaspace   ] GC(310) Metaspace: 135480K(136832K)->135480K(136832K) NonClass: 114503K(115264K)->114503K(115264K) Class: 20977K(21568K)->20977K(21568K)
[935.982s][info][gc             ] GC(310) Pause Young (GCLocker Initiated GC) 2937M->768M(7918M) 77.554ms
[935.982s][info][gc,cpu         ] GC(310) User=0.08s Sys=0.00s Real=0.08s
[938.734s][info][gc,start       ] GC(311) Pause Young (Allocation Failure)
[938.843s][info][gc,heap        ] GC(311) DefNew: 2335366K(2516544K)->85227K(2516544K) Eden: 2236928K(2236928K)->0K(2236928K) From: 98438K(279616K)->85227K(279616K)
[938.843s][info][gc,heap        ] GC(311) Tenured: 688049K(5592448K)->688081K(5592448K)
[938.843s][info][gc,metaspace   ] GC(311) Metaspace: 135480K(136832K)->135480K(136832K) NonClass: 114503K(115264K)->114503K(115264K) Class: 20977K(21568K)->20977K(21568K)
[938.843s][info][gc             ] GC(311) Pause Young (Allocation Failure) 2952M->755M(7918M) 108.305ms
[938.843s][info][gc,cpu         ] GC(311) User=0.11s Sys=0.00s Real=0.11s
[941.636s][info][gc,start       ] GC(312) Pause Young (Allocation Failure)
[941.714s][info][gc,heap        ] GC(312) DefNew: 2322197K(2516544K)->78370K(2516544K) Eden: 2236928K(2236928K)->0K(2236928K) From: 85269K(279616K)->78370K(279616K)
[941.714s][info][gc,heap        ] GC(312) Tenured: 688081K(5592448K)->688115K(5592448K)
[941.714s][info][gc,metaspace   ] GC(312) Metaspace: 135490K(136832K)->135490K(136832K) NonClass: 114513K(115264K)->114513K(115264K) Class: 20977K(21568K)->20977K(21568K)
[941.714s][info][gc             ] GC(312) Pause Young (Allocation Failure) 2939M->748M(7918M) 77.430ms
[941.714s][info][gc,cpu         ] GC(312) User=0.08s Sys=0.00s Real=0.08s
[945.407s][info][gc,start       ] GC(313) Pause Young (Allocation Failure)
[945.468s][info][gc,heap        ] GC(313) DefNew: 2315298K(2516544K)->64432K(2516544K) Eden: 2236928K(2236928K)->0K(2236928K) From: 78370K(279616K)->64432K(279616K)
[945.468s][info][gc,heap        ] GC(313) Tenured: 688115K(5592448K)->688156K(5592448K)
[945.468s][info][gc,metaspace   ] GC(313) Metaspace: 135495K(136832K)->135495K(136832K) NonClass: 114518K(115264K)->114518K(115264K) Class: 20977K(21568K)->20977K(21568K)
[945.468s][info][gc             ] GC(313) Pause Young (Allocation Failure) 2933M->734M(7918M) 60.214ms
[945.468s][info][gc,cpu         ] GC(313) User=0.06s Sys=0.00s Real=0.06s
[948.802s][info][gc,start       ] GC(314) Pause Young (Allocation Failure)
[948.860s][info][gc,heap        ] GC(314) DefNew: 2301360K(2516544K)->61846K(2516544K) Eden: 2236928K(2236928K)->0K(2236928K) From: 64432K(279616K)->61846K(279616K)
[948.860s][info][gc,heap        ] GC(314) Tenured: 688156K(5592448K)->688240K(5592448K)
[948.860s][info][gc,metaspace   ] GC(314) Metaspace: 135496K(136832K)->135496K(136832K) NonClass: 114519K(115264K)->114519K(115264K) Class: 20977K(21568K)->20977K(21568K)
[948.860s][info][gc             ] GC(314) Pause Young (Allocation Failure) 2919M->732M(7918M) 57.411ms
[948.860s][info][gc,cpu         ] GC(314) User=0.06s Sys=0.00s Real=0.06s
[951.865s][info][gc,start       ] GC(315) Pause Young (Allocation Failure)
[951.920s][info][gc,heap        ] GC(315) DefNew: 2298774K(2516544K)->59479K(2516544K) Eden: 2236928K(2236928K)->0K(2236928K) From: 61846K(279616K)->59479K(279616K)
[951.920s][info][gc,heap        ] GC(315) Tenured: 688240K(5592448K)->688523K(5592448K)
[951.920s][info][gc,metaspace   ] GC(315) Metaspace: 135498K(136832K)->135498K(136832K) NonClass: 114520K(115264K)->114520K(115264K) Class: 20977K(21568K)->20977K(21568K)
[951.920s][info][gc             ] GC(315) Pause Young (Allocation Failure) 2917M->730M(7918M) 55.607ms
[951.920s][info][gc,cpu         ] GC(315) User=0.06s Sys=0.00s Real=0.06s
[955.163s][info][gc,start       ] GC(316) Pause Young (Allocation Failure)
[955.234s][info][gc,heap        ] GC(316) DefNew: 2296407K(2516544K)->62873K(2516544K) Eden: 2236928K(2236928K)->0K(2236928K) From: 59479K(279616K)->62873K(279616K)
[955.234s][info][gc,heap        ] GC(316) Tenured: 688523K(5592448K)->688555K(5592448K)
[955.234s][info][gc,metaspace   ] GC(316) Metaspace: 135501K(136896K)->135501K(136896K) NonClass: 114523K(115328K)->114523K(115328K) Class: 20977K(21568K)->20977K(21568K)
[955.234s][info][gc             ] GC(316) Pause Young (Allocation Failure) 2914M->733M(7918M) 70.534ms
[955.234s][info][gc,cpu         ] GC(316) User=0.06s Sys=0.00s Real=0.07s
[958.135s][info][gc,start       ] GC(317) Pause Young (Allocation Failure)
[958.201s][info][gc,heap        ] GC(317) DefNew: 2299801K(2516544K)->80704K(2516544K) Eden: 2236928K(2236928K)->0K(2236928K) From: 62873K(279616K)->80704K(279616K)
[958.201s][info][gc,heap        ] GC(317) Tenured: 688555K(5592448K)->688629K(5592448K)
[958.201s][info][gc,metaspace   ] GC(317) Metaspace: 135501K(136896K)->135501K(136896K) NonClass: 114523K(115328K)->114523K(115328K) Class: 20977K(21568K)->20977K(21568K)
[958.201s][info][gc             ] GC(317) Pause Young (Allocation Failure) 2918M->751M(7918M) 66.822ms
[958.201s][info][gc,cpu         ] GC(317) User=0.06s Sys=0.00s Real=0.07s
[960.346s][info][gc,start       ] GC(318) Pause Young (Allocation Failure)
[960.416s][info][gc,heap        ] GC(318) DefNew: 2317632K(2516544K)->91731K(2516544K) Eden: 2236928K(2236928K)->0K(2236928K) From: 80704K(279616K)->91731K(279616K)
[960.416s][info][gc,heap        ] GC(318) Tenured: 688629K(5592448K)->688654K(5592448K)
[960.416s][info][gc,metaspace   ] GC(318) Metaspace: 135501K(136896K)->135501K(136896K) NonClass: 114523K(115328K)->114523K(115328K) Class: 20977K(21568K)->20977K(21568K)
[960.417s][info][gc             ] GC(318) Pause Young (Allocation Failure) 2935M->762M(7918M) 70.449ms
[960.417s][info][gc,cpu         ] GC(318) User=0.08s Sys=0.00s Real=0.07s
[962.590s][info][gc,start       ] GC(319) Pause Young (Allocation Failure)
[962.669s][info][gc,heap        ] GC(319) DefNew: 2328659K(2516544K)->91944K(2516544K) Eden: 2236928K(2236928K)->0K(2236928K) From: 91731K(279616K)->91944K(279616K)
[962.669s][info][gc,heap        ] GC(319) Tenured: 688654K(5592448K)->688687K(5592448K)
[962.669s][info][gc,metaspace   ] GC(319) Metaspace: 135514K(136896K)->135514K(136896K) NonClass: 114537K(115328K)->114537K(115328K) Class: 20977K(21568K)->20977K(21568K)
[962.669s][info][gc             ] GC(319) Pause Young (Allocation Failure) 2946M->762M(7918M) 78.881ms
[962.669s][info][gc,cpu         ] GC(319) User=0.08s Sys=0.00s Real=0.08s
[967.319s][info][gc,start       ] GC(320) Pause Young (Allocation Failure)
[967.371s][info][gc,heap        ] GC(320) DefNew: 2328872K(2516544K)->60151K(2516544K) Eden: 2236928K(2236928K)->0K(2236928K) From: 91944K(279616K)->60151K(279616K)
[967.371s][info][gc,heap        ] GC(320) Tenured: 688687K(5592448K)->688761K(5592448K)
[967.371s][info][gc,metaspace   ] GC(320) Metaspace: 135514K(136896K)->135514K(136896K) NonClass: 114537K(115328K)->114537K(115328K) Class: 20977K(21568K)->20977K(21568K)
[967.371s][info][gc             ] GC(320) Pause Young (Allocation Failure) 2946M->731M(7918M) 52.712ms
[967.371s][info][gc,cpu         ] GC(320) User=0.05s Sys=0.00s Real=0.05s
[970.682s][info][gc,start       ] GC(321) Pause Young (Allocation Failure)
[970.742s][info][gc,heap        ] GC(321) DefNew: 2297079K(2516544K)->68579K(2516544K) Eden: 2236928K(2236928K)->0K(2236928K) From: 60151K(279616K)->68579K(279616K)
[970.742s][info][gc,heap        ] GC(321) Tenured: 688761K(5592448K)->689046K(5592448K)
[970.742s][info][gc,metaspace   ] GC(321) Metaspace: 135518K(136896K)->135518K(136896K) NonClass: 114541K(115328K)->114541K(115328K) Class: 20977K(21568K)->20977K(21568K)
[970.742s][info][gc             ] GC(321) Pause Young (Allocation Failure) 2915M->739M(7918M) 60.092ms
[970.742s][info][gc,cpu         ] GC(321) User=0.06s Sys=0.00s Real=0.06s
[973.746s][info][gc,start       ] GC(322) Pause Young (Allocation Failure)
[973.810s][info][gc,heap        ] GC(322) DefNew: 2305523K(2516544K)->69270K(2516544K) Eden: 2236928K(2236928K)->0K(2236928K) From: 68595K(279616K)->69270K(279616K)
[973.810s][info][gc,heap        ] GC(322) Tenured: 689046K(5592448K)->689087K(5592448K)
[973.810s][info][gc,metaspace   ] GC(322) Metaspace: 135520K(136896K)->135520K(136896K) NonClass: 114543K(115328K)->114543K(115328K) Class: 20977K(21568K)->20977K(21568K)
[973.810s][info][gc             ] GC(322) Pause Young (Allocation Failure) 2924M->740M(7918M) 63.850ms
[973.810s][info][gc,cpu         ] GC(322) User=0.06s Sys=0.00s Real=0.06s
[976.745s][info][gc,start       ] GC(323) Pause Young (Allocation Failure)
[976.813s][info][gc,heap        ] GC(323) DefNew: 2306198K(2516544K)->69553K(2516544K) Eden: 2236928K(2236928K)->0K(2236928K) From: 69270K(279616K)->69553K(279616K)
[976.814s][info][gc,heap        ] GC(323) Tenured: 689087K(5592448K)->689128K(5592448K)
[976.814s][info][gc,metaspace   ] GC(323) Metaspace: 135520K(136896K)->135520K(136896K) NonClass: 114543K(115328K)->114543K(115328K) Class: 20977K(21568K)->20977K(21568K)
[976.814s][info][gc             ] GC(323) Pause Young (Allocation Failure) 2925M->740M(7918M) 68.569ms
[976.814s][info][gc,cpu         ] GC(323) User=0.06s Sys=0.00s Real=0.07s
[979.946s][info][gc,start       ] GC(324) Pause Young (GCLocker Initiated GC)
[980.004s][info][gc,heap        ] GC(324) DefNew: 2306482K(2516544K)->67878K(2516544K) Eden: 2236928K(2236928K)->0K(2236928K) From: 69554K(279616K)->67878K(279616K)
[980.004s][info][gc,heap        ] GC(324) Tenured: 689128K(5592448K)->689197K(5592448K)
[980.004s][info][gc,metaspace   ] GC(324) Metaspace: 135520K(136896K)->135520K(136896K) NonClass: 114543K(115328K)->114543K(115328K) Class: 20977K(21568K)->20977K(21568K)
[980.004s][info][gc             ] GC(324) Pause Young (GCLocker Initiated GC) 2925M->739M(7918M) 57.693ms
[980.004s][info][gc,cpu         ] GC(324) User=0.05s Sys=0.00s Real=0.06s
[982.559s][info][gc,start       ] GC(325) Pause Young (Allocation Failure)
[982.631s][info][gc,heap        ] GC(325) DefNew: 2304806K(2516544K)->87441K(2516544K) Eden: 2236928K(2236928K)->0K(2236928K) From: 67878K(279616K)->87441K(279616K)
[982.631s][info][gc,heap        ] GC(325) Tenured: 689197K(5592448K)->689242K(5592448K)
[982.631s][info][gc,metaspace   ] GC(325) Metaspace: 135520K(136896K)->135520K(136896K) NonClass: 114543K(115328K)->114543K(115328K) Class: 20977K(21568K)->20977K(21568K)
[982.631s][info][gc             ] GC(325) Pause Young (Allocation Failure) 2923M->758M(7918M) 72.425ms
[982.631s][info][gc,cpu         ] GC(325) User=0.06s Sys=0.00s Real=0.07s
[985.107s][info][gc,start       ] GC(326) Pause Young (Allocation Failure)
[985.176s][info][gc,heap        ] GC(326) DefNew: 2324369K(2516544K)->84931K(2516544K) Eden: 2236928K(2236928K)->0K(2236928K) From: 87441K(279616K)->84931K(279616K)
[985.176s][info][gc,heap        ] GC(326) Tenured: 689242K(5592448K)->689274K(5592448K)
[985.176s][info][gc,metaspace   ] GC(326) Metaspace: 135520K(136896K)->135520K(136896K) NonClass: 114543K(115328K)->114543K(115328K) Class: 20977K(21568K)->20977K(21568K)
[985.176s][info][gc             ] GC(326) Pause Young (Allocation Failure) 2942M->756M(7918M) 68.904ms
[985.176s][info][gc,cpu         ] GC(326) User=0.06s Sys=0.00s Real=0.07s
[988.573s][info][gc,start       ] GC(327) Pause Young (Allocation Failure)
[988.631s][info][gc,heap        ] GC(327) DefNew: 2321859K(2516544K)->72988K(2516544K) Eden: 2236928K(2236928K)->0K(2236928K) From: 84931K(279616K)->72988K(279616K)
[988.631s][info][gc,heap        ] GC(327) Tenured: 689274K(5592448K)->689581K(5592448K)
[988.631s][info][gc,metaspace   ] GC(327) Metaspace: 135521K(136896K)->135521K(136896K) NonClass: 114544K(115328K)->114544K(115328K) Class: 20977K(21568K)->20977K(21568K)
[988.631s][info][gc             ] GC(327) Pause Young (Allocation Failure) 2940M->744M(7918M) 57.896ms
[988.631s][info][gc,cpu         ] GC(327) User=0.05s Sys=0.00s Real=0.06s
[991.215s][info][gc,start       ] GC(328) Pause Young (GCLocker Initiated GC)
[991.284s][info][gc,heap        ] GC(328) DefNew: 2309916K(2516544K)->77667K(2516544K) Eden: 2236928K(2236928K)->0K(2236928K) From: 72988K(279616K)->77667K(279616K)
[991.284s][info][gc,heap        ] GC(328) Tenured: 689581K(5592448K)->689614K(5592448K)
[991.284s][info][gc,metaspace   ] GC(328) Metaspace: 135521K(136896K)->135521K(136896K) NonClass: 114544K(115328K)->114544K(115328K) Class: 20977K(21568K)->20977K(21568K)
[991.284s][info][gc             ] GC(328) Pause Young (GCLocker Initiated GC) 2929M->749M(7918M) 69.702ms
[991.284s][info][gc,cpu         ] GC(328) User=0.06s Sys=0.00s Real=0.07s
[994.219s][info][gc,start       ] GC(329) Pause Young (Allocation Failure)
[994.280s][info][gc,heap        ] GC(329) DefNew: 2314595K(2516544K)->74127K(2516544K) Eden: 2236928K(2236928K)->0K(2236928K) From: 77667K(279616K)->74127K(279616K)
[994.280s][info][gc,heap        ] GC(329) Tenured: 689614K(5592448K)->689865K(5592448K)
[994.280s][info][gc,metaspace   ] GC(329) Metaspace: 135521K(136896K)->135521K(136896K) NonClass: 114544K(115328K)->114544K(115328K) Class: 20977K(21568K)->20977K(21568K)
[994.280s][info][gc             ] GC(329) Pause Young (Allocation Failure) 2933M->746M(7918M) 61.762ms
[994.280s][info][gc,cpu         ] GC(329) User=0.06s Sys=0.00s Real=0.06s
[997.307s][info][gc,start       ] GC(330) Pause Young (Allocation Failure)
[997.362s][info][gc,heap        ] GC(330) DefNew: 2311055K(2516544K)->62561K(2516544K) Eden: 2236928K(2236928K)->0K(2236928K) From: 74127K(279616K)->62561K(279616K)
[997.362s][info][gc,heap        ] GC(330) Tenured: 689865K(5592448K)->689897K(5592448K)
[997.362s][info][gc,metaspace   ] GC(330) Metaspace: 135521K(136896K)->135521K(136896K) NonClass: 114544K(115328K)->114544K(115328K) Class: 20977K(21568K)->20977K(21568K)
[997.362s][info][gc             ] GC(330) Pause Young (Allocation Failure) 2930M->734M(7918M) 54.637ms
[997.362s][info][gc,cpu         ] GC(330) User=0.05s Sys=0.00s Real=0.05s
[1000.954s][info][gc,start       ] GC(331) Pause Young (Allocation Failure)
[1001.010s][info][gc,heap        ] GC(331) DefNew: 2299489K(2516544K)->63291K(2516544K) Eden: 2236928K(2236928K)->0K(2236928K) From: 62561K(279616K)->63291K(279616K)
[1001.010s][info][gc,heap        ] GC(331) Tenured: 689897K(5592448K)->689953K(5592448K)
[1001.010s][info][gc,metaspace   ] GC(331) Metaspace: 135522K(136896K)->135522K(136896K) NonClass: 114545K(115328K)->114545K(115328K) Class: 20977K(21568K)->20977K(21568K)
[1001.010s][info][gc             ] GC(331) Pause Young (Allocation Failure) 2919M->735M(7918M) 56.090ms
[1001.010s][info][gc,cpu         ] GC(331) User=0.06s Sys=0.00s Real=0.06s
[1004.399s][info][gc,start       ] GC(332) Pause Young (Allocation Failure)
[1004.470s][info][gc,heap        ] GC(332) DefNew: 2300219K(2516544K)->85032K(2516544K) Eden: 2236928K(2236928K)->0K(2236928K) From: 63291K(279616K)->85032K(279616K)
[1004.470s][info][gc,heap        ] GC(332) Tenured: 689953K(5592448K)->689983K(5592448K)
[1004.470s][info][gc,metaspace   ] GC(332) Metaspace: 135529K(136896K)->135529K(136896K) NonClass: 114551K(115328K)->114551K(115328K) Class: 20977K(21568K)->20977K(21568K)
[1004.470s][info][gc             ] GC(332) Pause Young (Allocation Failure) 2920M->756M(7918M) 70.612ms
[1004.470s][info][gc,cpu         ] GC(332) User=0.06s Sys=0.00s Real=0.07s
[1007.366s][info][gc,start       ] GC(333) Pause Young (Allocation Failure)
[1007.430s][info][gc,heap        ] GC(333) DefNew: 2321960K(2516544K)->76839K(2516544K) Eden: 2236928K(2236928K)->0K(2236928K) From: 85032K(279616K)->76839K(279616K)
[1007.430s][info][gc,heap        ] GC(333) Tenured: 689983K(5592448K)->690011K(5592448K)
[1007.430s][info][gc,metaspace   ] GC(333) Metaspace: 135529K(136896K)->135529K(136896K) NonClass: 114551K(115328K)->114551K(115328K) Class: 20977K(21568K)->20977K(21568K)
[1007.430s][info][gc             ] GC(333) Pause Young (Allocation Failure) 2941M->748M(7918M) 63.552ms
[1007.430s][info][gc,cpu         ] GC(333) User=0.06s Sys=0.00s Real=0.06s
[1010.315s][info][gc,start       ] GC(334) Pause Young (Allocation Failure)
[1010.381s][info][gc,heap        ] GC(334) DefNew: 2313767K(2516544K)->83732K(2516544K) Eden: 2236928K(2236928K)->0K(2236928K) From: 76839K(279616K)->83732K(279616K)
[1010.381s][info][gc,heap        ] GC(334) Tenured: 690011K(5592448K)->691401K(5592448K)
[1010.381s][info][gc,metaspace   ] GC(334) Metaspace: 135530K(136896K)->135530K(136896K) NonClass: 114553K(115328K)->114553K(115328K) Class: 20977K(21568K)->20977K(21568K)
[1010.381s][info][gc             ] GC(334) Pause Young (Allocation Failure) 2933M->756M(7918M) 65.980ms
[1010.381s][info][gc,cpu         ] GC(334) User=0.06s Sys=0.00s Real=0.07s
[1013.191s][info][gc,start       ] GC(335) Pause Young (GCLocker Initiated GC)
[1013.243s][info][gc,heap        ] GC(335) DefNew: 2320661K(2516544K)->61447K(2516544K) Eden: 2236928K(2236928K)->0K(2236928K) From: 83733K(279616K)->61447K(279616K)
[1013.243s][info][gc,heap        ] GC(335) Tenured: 691401K(5592448K)->691440K(5592448K)
[1013.243s][info][gc,metaspace   ] GC(335) Metaspace: 135530K(136896K)->135530K(136896K) NonClass: 114553K(115328K)->114553K(115328K) Class: 20977K(21568K)->20977K(21568K)
[1013.243s][info][gc             ] GC(335) Pause Young (GCLocker Initiated GC) 2941M->735M(7918M) 52.223ms
[1013.243s][info][gc,cpu         ] GC(335) User=0.06s Sys=0.00s Real=0.05s
[1016.182s][info][gc,start       ] GC(336) Pause Young (Allocation Failure)
[1016.243s][info][gc,heap        ] GC(336) DefNew: 2298375K(2516544K)->69734K(2516544K) Eden: 2236928K(2236928K)->0K(2236928K) From: 61447K(279616K)->69734K(279616K)
[1016.243s][info][gc,heap        ] GC(336) Tenured: 691440K(5592448K)->691842K(5592448K)
[1016.243s][info][gc,metaspace   ] GC(336) Metaspace: 135534K(136896K)->135534K(136896K) NonClass: 114557K(115328K)->114557K(115328K) Class: 20977K(21568K)->20977K(21568K)
[1016.243s][info][gc             ] GC(336) Pause Young (Allocation Failure) 2919M->743M(7918M) 61.651ms
[1016.243s][info][gc,cpu         ] GC(336) User=0.06s Sys=0.00s Real=0.06s
[1019.339s][info][gc,start       ] GC(337) Pause Young (Allocation Failure)
[1019.396s][info][gc,heap        ] GC(337) DefNew: 2306662K(2516544K)->66875K(2516544K) Eden: 2236928K(2236928K)->0K(2236928K) From: 69734K(279616K)->66875K(279616K)
[1019.396s][info][gc,heap        ] GC(337) Tenured: 691842K(5592448K)->691872K(5592448K)
[1019.396s][info][gc,metaspace   ] GC(337) Metaspace: 135534K(136896K)->135534K(136896K) NonClass: 114557K(115328K)->114557K(115328K) Class: 20977K(21568K)->20977K(21568K)
[1019.396s][info][gc             ] GC(337) Pause Young (Allocation Failure) 2928M->740M(7918M) 57.437ms
[1019.396s][info][gc,cpu         ] GC(337) User=0.05s Sys=0.00s Real=0.06s
[1021.827s][info][gc,start       ] GC(338) Pause Young (Allocation Failure)
[1021.893s][info][gc,heap        ] GC(338) DefNew: 2303803K(2516544K)->87435K(2516544K) Eden: 2236928K(2236928K)->0K(2236928K) From: 66875K(279616K)->87435K(279616K)
[1021.893s][info][gc,heap        ] GC(338) Tenured: 691872K(5592448K)->691906K(5592448K)
[1021.893s][info][gc,metaspace   ] GC(338) Metaspace: 135536K(136896K)->135536K(136896K) NonClass: 114558K(115328K)->114558K(115328K) Class: 20977K(21568K)->20977K(21568K)
[1021.893s][info][gc             ] GC(338) Pause Young (Allocation Failure) 2925M->761M(7918M) 66.702ms
[1021.893s][info][gc,cpu         ] GC(338) User=0.06s Sys=0.00s Real=0.07s
[1025.428s][info][gc,start       ] GC(339) Pause Young (Allocation Failure)
[1025.485s][info][gc,heap        ] GC(339) DefNew: 2324363K(2516544K)->69953K(2516544K) Eden: 2236928K(2236928K)->0K(2236928K) From: 87435K(279616K)->69953K(279616K)
[1025.485s][info][gc,heap        ] GC(339) Tenured: 691906K(5592448K)->692116K(5592448K)
[1025.485s][info][gc,metaspace   ] GC(339) Metaspace: 135537K(136896K)->135537K(136896K) NonClass: 114559K(115328K)->114559K(115328K) Class: 20977K(21568K)->20977K(21568K)
[1025.485s][info][gc             ] GC(339) Pause Young (Allocation Failure) 2945M->744M(7918M) 57.239ms
[1025.485s][info][gc,cpu         ] GC(339) User=0.05s Sys=0.00s Real=0.06s
[1028.743s][info][gc,start       ] GC(340) Pause Young (Allocation Failure)
[1028.805s][info][gc,heap        ] GC(340) DefNew: 2306881K(2516544K)->74428K(2516544K) Eden: 2236928K(2236928K)->0K(2236928K) From: 69953K(279616K)->74428K(279616K)
[1028.805s][info][gc,heap        ] GC(340) Tenured: 692116K(5592448K)->692142K(5592448K)
[1028.805s][info][gc,metaspace   ] GC(340) Metaspace: 135537K(136896K)->135537K(136896K) NonClass: 114559K(115328K)->114559K(115328K) Class: 20977K(21568K)->20977K(21568K)
[1028.805s][info][gc             ] GC(340) Pause Young (Allocation Failure) 2928M->748M(7918M) 62.580ms
[1028.805s][info][gc,cpu         ] GC(340) User=0.06s Sys=0.00s Real=0.06s
[1031.691s][info][gc,start       ] GC(341) Pause Young (Allocation Failure)
[1031.748s][info][gc,heap        ] GC(341) DefNew: 2311356K(2516544K)->68497K(2516544K) Eden: 2236928K(2236928K)->0K(2236928K) From: 74428K(279616K)->68497K(279616K)
[1031.748s][info][gc,heap        ] GC(341) Tenured: 692142K(5592448K)->692179K(5592448K)
[1031.748s][info][gc,metaspace   ] GC(341) Metaspace: 135537K(136896K)->135537K(136896K) NonClass: 114559K(115328K)->114559K(115328K) Class: 20977K(21568K)->20977K(21568K)
[1031.748s][info][gc             ] GC(341) Pause Young (Allocation Failure) 2933M->742M(7918M) 57.652ms
[1031.748s][info][gc,cpu         ] GC(341) User=0.06s Sys=0.00s Real=0.06s
[1034.657s][info][gc,start       ] GC(342) Pause Young (Allocation Failure)
[1034.716s][info][gc,heap        ] GC(342) DefNew: 2305425K(2516544K)->70551K(2516544K) Eden: 2236928K(2236928K)->0K(2236928K) From: 68497K(279616K)->70551K(279616K)
[1034.716s][info][gc,heap        ] GC(342) Tenured: 692179K(5592448K)->692224K(5592448K)
[1034.716s][info][gc,metaspace   ] GC(342) Metaspace: 135537K(136896K)->135537K(136896K) NonClass: 114559K(115328K)->114559K(115328K) Class: 20977K(21568K)->20977K(21568K)
[1034.716s][info][gc             ] GC(342) Pause Young (Allocation Failure) 2927M->744M(7918M) 58.784ms
[1034.716s][info][gc,cpu         ] GC(342) User=0.06s Sys=0.00s Real=0.06s
[1037.794s][info][gc,start       ] GC(343) Pause Young (Allocation Failure)
[1037.847s][info][gc,heap        ] GC(343) DefNew: 2307479K(2516544K)->61798K(2516544K) Eden: 2236928K(2236928K)->0K(2236928K) From: 70551K(279616K)->61798K(279616K)
[1037.847s][info][gc,heap        ] GC(343) Tenured: 692224K(5592448K)->692273K(5592448K)
[1037.847s][info][gc,metaspace   ] GC(343) Metaspace: 135537K(136896K)->135537K(136896K) NonClass: 114559K(115328K)->114559K(115328K) Class: 20977K(21568K)->20977K(21568K)
[1037.847s][info][gc             ] GC(343) Pause Young (Allocation Failure) 2929M->736M(7918M) 53.027ms
[1037.847s][info][gc,cpu         ] GC(343) User=0.05s Sys=0.00s Real=0.05s
[1040.544s][info][gc,start       ] GC(344) Pause Young (Allocation Failure)
[1040.614s][info][gc,heap        ] GC(344) DefNew: 2298726K(2516544K)->80726K(2516544K) Eden: 2236928K(2236928K)->0K(2236928K) From: 61798K(279616K)->80726K(279616K)
[1040.614s][info][gc,heap        ] GC(344) Tenured: 692273K(5592448K)->692346K(5592448K)
[1040.614s][info][gc,metaspace   ] GC(344) Metaspace: 135541K(136896K)->135541K(136896K) NonClass: 114564K(115328K)->114564K(115328K) Class: 20977K(21568K)->20977K(21568K)
[1040.614s][info][gc             ] GC(344) Pause Young (Allocation Failure) 2920M->754M(7918M) 69.869ms
[1040.614s][info][gc,cpu         ] GC(344) User=0.09s Sys=0.00s Real=0.07s
[1042.971s][info][gc,start       ] GC(345) Pause Young (Allocation Failure)
[1043.049s][info][gc,heap        ] GC(345) DefNew: 2317654K(2516544K)->104264K(2516544K) Eden: 2236928K(2236928K)->0K(2236928K) From: 80726K(279616K)->104264K(279616K)
[1043.049s][info][gc,heap        ] GC(345) Tenured: 692346K(5592448K)->692377K(5592448K)
[1043.049s][info][gc,metaspace   ] GC(345) Metaspace: 135543K(136896K)->135543K(136896K) NonClass: 114566K(115328K)->114566K(115328K) Class: 20977K(21568K)->20977K(21568K)
[1043.049s][info][gc             ] GC(345) Pause Young (Allocation Failure) 2939M->777M(7918M) 78.425ms
[1043.049s][info][gc,cpu         ] GC(345) User=0.08s Sys=0.00s Real=0.08s
[1046.915s][info][gc,start       ] GC(346) Pause Young (Allocation Failure)
[1046.984s][info][gc,heap        ] GC(346) DefNew: 2341192K(2516544K)->89494K(2516544K) Eden: 2236928K(2236928K)->0K(2236928K) From: 104264K(279616K)->89494K(279616K)
[1046.984s][info][gc,heap        ] GC(346) Tenured: 692377K(5592448K)->692425K(5592448K)
[1046.984s][info][gc,metaspace   ] GC(346) Metaspace: 135543K(136896K)->135543K(136896K) NonClass: 114566K(115328K)->114566K(115328K) Class: 20977K(21568K)->20977K(21568K)
[1046.984s][info][gc             ] GC(346) Pause Young (Allocation Failure) 2962M->763M(7918M) 69.536ms
[1046.984s][info][gc,cpu         ] GC(346) User=0.06s Sys=0.00s Real=0.07s
[1049.814s][info][gc,start       ] GC(347) Pause Young (Allocation Failure)
[1049.893s][info][gc,heap        ] GC(347) DefNew: 2326422K(2516544K)->99441K(2516544K) Eden: 2236928K(2236928K)->0K(2236928K) From: 89494K(279616K)->99441K(279616K)
[1049.893s][info][gc,heap        ] GC(347) Tenured: 692425K(5592448K)->692457K(5592448K)
[1049.893s][info][gc,metaspace   ] GC(347) Metaspace: 135544K(136896K)->135544K(136896K) NonClass: 114566K(115328K)->114566K(115328K) Class: 20977K(21568K)->20977K(21568K)
[1049.893s][info][gc             ] GC(347) Pause Young (Allocation Failure) 2948M->773M(7918M) 79.028ms
[1049.893s][info][gc,cpu         ] GC(347) User=0.08s Sys=0.00s Real=0.08s
[1052.790s][info][gc,start       ] GC(348) Pause Young (Allocation Failure)
[1052.843s][info][gc,heap        ] GC(348) DefNew: 2336369K(2516544K)->64937K(2516544K) Eden: 2236928K(2236928K)->0K(2236928K) From: 99441K(279616K)->64937K(279616K)
[1052.843s][info][gc,heap        ] GC(348) Tenured: 692457K(5592448K)->692492K(5592448K)
[1052.844s][info][gc,metaspace   ] GC(348) Metaspace: 135545K(136896K)->135545K(136896K) NonClass: 114568K(115328K)->114568K(115328K) Class: 20977K(21568K)->20977K(21568K)
[1052.844s][info][gc             ] GC(348) Pause Young (Allocation Failure) 2957M->739M(7918M) 53.048ms
[1052.844s][info][gc,cpu         ] GC(348) User=0.05s Sys=0.00s Real=0.05s
[1055.690s][info][gc,start       ] GC(349) Pause Young (Allocation Failure)
[1055.760s][info][gc,heap        ] GC(349) DefNew: 2301865K(2516544K)->80365K(2516544K) Eden: 2236928K(2236928K)->0K(2236928K) From: 64937K(279616K)->80365K(279616K)
[1055.760s][info][gc,heap        ] GC(349) Tenured: 692492K(5592448K)->692524K(5592448K)
[1055.761s][info][gc,metaspace   ] GC(349) Metaspace: 135548K(136896K)->135548K(136896K) NonClass: 114571K(115328K)->114571K(115328K) Class: 20977K(21568K)->20977K(21568K)
[1055.761s][info][gc             ] GC(349) Pause Young (Allocation Failure) 2924M->754M(7918M) 70.062ms
[1055.761s][info][gc,cpu         ] GC(349) User=0.08s Sys=0.00s Real=0.07s
[1058.899s][info][gc,start       ] GC(350) Pause Young (Allocation Failure)
[1058.961s][info][gc,heap        ] GC(350) DefNew: 2317293K(2516544K)->75857K(2516544K) Eden: 2236928K(2236928K)->0K(2236928K) From: 80365K(279616K)->75857K(279616K)
[1058.961s][info][gc,heap        ] GC(350) Tenured: 692524K(5592448K)->692557K(5592448K)
[1058.961s][info][gc,metaspace   ] GC(350) Metaspace: 135549K(136896K)->135549K(136896K) NonClass: 114571K(115328K)->114571K(115328K) Class: 20977K(21568K)->20977K(21568K)
[1058.961s][info][gc             ] GC(350) Pause Young (Allocation Failure) 2939M->750M(7918M) 61.572ms
[1058.961s][info][gc,cpu         ] GC(350) User=0.06s Sys=0.00s Real=0.06s
[1061.507s][info][gc,start       ] GC(351) Pause Young (Allocation Failure)
[1061.571s][info][gc,heap        ] GC(351) DefNew: 2312785K(2516544K)->85749K(2516544K) Eden: 2236928K(2236928K)->0K(2236928K) From: 75857K(279616K)->85749K(279616K)
[1061.572s][info][gc,heap        ] GC(351) Tenured: 692557K(5592448K)->692587K(5592448K)
[1061.572s][info][gc,metaspace   ] GC(351) Metaspace: 135549K(136896K)->135549K(136896K) NonClass: 114571K(115328K)->114571K(115328K) Class: 20977K(21568K)->20977K(21568K)
[1061.572s][info][gc             ] GC(351) Pause Young (Allocation Failure) 2934M->760M(7918M) 64.403ms
[1061.572s][info][gc,cpu         ] GC(351) User=0.06s Sys=0.00s Real=0.06s
[1063.658s][info][gc,start       ] GC(352) Pause Young (Allocation Failure)
[1063.753s][info][gc,heap        ] GC(352) DefNew: 2322677K(2516544K)->131621K(2516544K) Eden: 2236928K(2236928K)->0K(2236928K) From: 85749K(279616K)->131621K(279616K)
[1063.753s][info][gc,heap        ] GC(352) Tenured: 692587K(5592448K)->692624K(5592448K)
[1063.753s][info][gc,metaspace   ] GC(352) Metaspace: 135549K(136896K)->135549K(136896K) NonClass: 114571K(115328K)->114571K(115328K) Class: 20977K(21568K)->20977K(21568K)
[1063.753s][info][gc             ] GC(352) Pause Young (Allocation Failure) 2944M->804M(7918M) 94.591ms
[1063.753s][info][gc,cpu         ] GC(352) User=0.09s Sys=0.00s Real=0.09s
[1065.987s][info][gc,start       ] GC(353) Pause Young (GCLocker Initiated GC)
[1066.061s][info][gc,heap        ] GC(353) DefNew: 2368551K(2516544K)->100226K(2516544K) Eden: 2236928K(2236928K)->0K(2236928K) From: 131623K(279616K)->100226K(279616K)
[1066.061s][info][gc,heap        ] GC(353) Tenured: 692624K(5592448K)->692650K(5592448K)
[1066.061s][info][gc,metaspace   ] GC(353) Metaspace: 135549K(136896K)->135549K(136896K) NonClass: 114571K(115328K)->114571K(115328K) Class: 20977K(21568K)->20977K(21568K)
[1066.061s][info][gc             ] GC(353) Pause Young (GCLocker Initiated GC) 2989M->774M(7918M) 74.366ms
[1066.061s][info][gc,cpu         ] GC(353) User=0.08s Sys=0.00s Real=0.07s
[1070.087s][info][gc,start       ] GC(354) Pause Young (Allocation Failure)
[1070.144s][info][gc,heap        ] GC(354) DefNew: 2337154K(2516544K)->79524K(2516544K) Eden: 2236928K(2236928K)->0K(2236928K) From: 100226K(279616K)->79524K(279616K)
[1070.144s][info][gc,heap        ] GC(354) Tenured: 692650K(5592448K)->692686K(5592448K)
[1070.144s][info][gc,metaspace   ] GC(354) Metaspace: 135552K(136896K)->135552K(136896K) NonClass: 114574K(115328K)->114574K(115328K) Class: 20978K(21568K)->20978K(21568K)
[1070.144s][info][gc             ] GC(354) Pause Young (Allocation Failure) 2958M->754M(7918M) 56.760ms
[1070.144s][info][gc,cpu         ] GC(354) User=0.05s Sys=0.00s Real=0.06s
[1072.498s][info][gc,start       ] GC(355) Pause Young (GCLocker Initiated GC)
[1072.579s][info][gc,heap        ] GC(355) DefNew: 2316461K(2516544K)->103441K(2516544K) Eden: 2236928K(2236928K)->0K(2236928K) From: 79533K(279616K)->103441K(279616K)
[1072.579s][info][gc,heap        ] GC(355) Tenured: 692686K(5592448K)->692712K(5592448K)
[1072.579s][info][gc,metaspace   ] GC(355) Metaspace: 135552K(136896K)->135552K(136896K) NonClass: 114574K(115328K)->114574K(115328K) Class: 20978K(21568K)->20978K(21568K)
[1072.579s][info][gc             ] GC(355) Pause Young (GCLocker Initiated GC) 2938M->777M(7918M) 81.345ms
[1072.579s][info][gc,cpu         ] GC(355) User=0.08s Sys=0.00s Real=0.08s
[1075.615s][info][gc,start       ] GC(356) Pause Young (Allocation Failure)
[1075.674s][info][gc,heap        ] GC(356) DefNew: 2340369K(2516544K)->77174K(2516544K) Eden: 2236928K(2236928K)->0K(2236928K) From: 103441K(279616K)->77174K(279616K)
[1075.674s][info][gc,heap        ] GC(356) Tenured: 692712K(5592448K)->692756K(5592448K)
[1075.674s][info][gc,metaspace   ] GC(356) Metaspace: 135552K(136896K)->135552K(136896K) NonClass: 114574K(115328K)->114574K(115328K) Class: 20978K(21568K)->20978K(21568K)
[1075.674s][info][gc             ] GC(356) Pause Young (Allocation Failure) 2961M->751M(7918M) 58.996ms
[1075.674s][info][gc,cpu         ] GC(356) User=0.06s Sys=0.00s Real=0.06s
[1078.403s][info][gc,start       ] GC(357) Pause Young (GCLocker Initiated GC)
[1078.469s][info][gc,heap        ] GC(357) DefNew: 2314102K(2516544K)->83884K(2516544K) Eden: 2236928K(2236928K)->0K(2236928K) From: 77174K(279616K)->83884K(279616K)
[1078.469s][info][gc,heap        ] GC(357) Tenured: 692756K(5592448K)->692988K(5592448K)
[1078.469s][info][gc,metaspace   ] GC(357) Metaspace: 135552K(136896K)->135552K(136896K) NonClass: 114574K(115328K)->114574K(115328K) Class: 20978K(21568K)->20978K(21568K)
[1078.469s][info][gc             ] GC(357) Pause Young (GCLocker Initiated GC) 2936M->758M(7918M) 66.243ms
[1078.469s][info][gc,cpu         ] GC(357) User=0.06s Sys=0.00s Real=0.07s
[1081.462s][info][gc,start       ] GC(358) Pause Young (Allocation Failure)
[1081.522s][info][gc,heap        ] GC(358) DefNew: 2320812K(2516544K)->76763K(2516544K) Eden: 2236928K(2236928K)->0K(2236928K) From: 83884K(279616K)->76763K(279616K)
[1081.522s][info][gc,heap        ] GC(358) Tenured: 692988K(5592448K)->693021K(5592448K)
[1081.522s][info][gc,metaspace   ] GC(358) Metaspace: 135552K(136896K)->135552K(136896K) NonClass: 114574K(115328K)->114574K(115328K) Class: 20978K(21568K)->20978K(21568K)
[1081.522s][info][gc             ] GC(358) Pause Young (Allocation Failure) 2943M->751M(7918M) 60.152ms
[1081.522s][info][gc,cpu         ] GC(358) User=0.06s Sys=0.00s Real=0.06s
[1084.290s][info][gc,start       ] GC(359) Pause Young (GCLocker Initiated GC)
[1084.356s][info][gc,heap        ] GC(359) DefNew: 2313692K(2516544K)->82720K(2516544K) Eden: 2236928K(2236928K)->0K(2236928K) From: 76764K(279616K)->82720K(279616K)
[1084.356s][info][gc,heap        ] GC(359) Tenured: 693021K(5592448K)->693391K(5592448K)
[1084.356s][info][gc,metaspace   ] GC(359) Metaspace: 135552K(136896K)->135552K(136896K) NonClass: 114574K(115328K)->114574K(115328K) Class: 20978K(21568K)->20978K(21568K)
[1084.356s][info][gc             ] GC(359) Pause Young (GCLocker Initiated GC) 2936M->757M(7918M) 65.427ms
[1084.356s][info][gc,cpu         ] GC(359) User=0.06s Sys=0.00s Real=0.07s
[1086.771s][info][gc,start       ] GC(360) Pause Young (Allocation Failure)
[1086.845s][info][gc,heap        ] GC(360) DefNew: 2319648K(2516544K)->104236K(2516544K) Eden: 2236928K(2236928K)->0K(2236928K) From: 82720K(279616K)->104236K(279616K)
[1086.845s][info][gc,heap        ] GC(360) Tenured: 693391K(5592448K)->693428K(5592448K)
[1086.845s][info][gc,metaspace   ] GC(360) Metaspace: 135552K(136896K)->135552K(136896K) NonClass: 114574K(115328K)->114574K(115328K) Class: 20978K(21568K)->20978K(21568K)
[1086.845s][info][gc             ] GC(360) Pause Young (Allocation Failure) 2942M->778M(7918M) 74.568ms
[1086.845s][info][gc,cpu         ] GC(360) User=0.08s Sys=0.00s Real=0.07s
[1088.963s][info][gc,start       ] GC(361) Pause Young (Allocation Failure)
[1089.042s][info][gc,heap        ] GC(361) DefNew: 2341164K(2516544K)->120656K(2516544K) Eden: 2236928K(2236928K)->0K(2236928K) From: 104236K(279616K)->120656K(279616K)
[1089.042s][info][gc,heap        ] GC(361) Tenured: 693428K(5592448K)->693466K(5592448K)
[1089.042s][info][gc,metaspace   ] GC(361) Metaspace: 135553K(136896K)->135553K(136896K) NonClass: 114574K(115328K)->114574K(115328K) Class: 20978K(21568K)->20978K(21568K)
[1089.042s][info][gc             ] GC(361) Pause Young (Allocation Failure) 2963M->795M(7918M) 78.991ms
[1089.042s][info][gc,cpu         ] GC(361) User=0.08s Sys=0.00s Real=0.08s
[1091.480s][info][gc,start       ] GC(362) Pause Young (Allocation Failure)
[1091.550s][info][gc,heap        ] GC(362) DefNew: 2357584K(2516544K)->90008K(2516544K) Eden: 2236928K(2236928K)->0K(2236928K) From: 120656K(279616K)->90008K(279616K)
[1091.550s][info][gc,heap        ] GC(362) Tenured: 693466K(5592448K)->693498K(5592448K)
[1091.550s][info][gc,metaspace   ] GC(362) Metaspace: 135558K(136896K)->135558K(136896K) NonClass: 114580K(115328K)->114580K(115328K) Class: 20978K(21568K)->20978K(21568K)
[1091.550s][info][gc             ] GC(362) Pause Young (Allocation Failure) 2979M->765M(7918M) 69.683ms
[1091.550s][info][gc,cpu         ] GC(362) User=0.06s Sys=0.00s Real=0.07s
[1095.447s][info][gc,start       ] GC(363) Pause Young (Allocation Failure)
[1095.497s][info][gc,heap        ] GC(363) DefNew: 2326936K(2516544K)->70646K(2516544K) Eden: 2236928K(2236928K)->0K(2236928K) From: 90008K(279616K)->70646K(279616K)
[1095.497s][info][gc,heap        ] GC(363) Tenured: 693498K(5592448K)->693542K(5592448K)
[1095.497s][info][gc,metaspace   ] GC(363) Metaspace: 135558K(136896K)->135558K(136896K) NonClass: 114580K(115328K)->114580K(115328K) Class: 20978K(21568K)->20978K(21568K)
[1095.497s][info][gc             ] GC(363) Pause Young (Allocation Failure) 2949M->746M(7918M) 50.903ms
[1095.497s][info][gc,cpu         ] GC(363) User=0.05s Sys=0.00s Real=0.05s
[1098.207s][info][gc,start       ] GC(364) Pause Young (Allocation Failure)
[1098.285s][info][gc,heap        ] GC(364) DefNew: 2307574K(2516544K)->101650K(2516544K) Eden: 2236928K(2236928K)->0K(2236928K) From: 70646K(279616K)->101650K(279616K)
[1098.285s][info][gc,heap        ] GC(364) Tenured: 693542K(5592448K)->693575K(5592448K)
[1098.285s][info][gc,metaspace   ] GC(364) Metaspace: 135558K(136896K)->135558K(136896K) NonClass: 114580K(115328K)->114580K(115328K) Class: 20978K(21568K)->20978K(21568K)
[1098.285s][info][gc             ] GC(364) Pause Young (Allocation Failure) 2930M->776M(7918M) 78.035ms
[1098.285s][info][gc,cpu         ] GC(364) User=0.08s Sys=0.00s Real=0.08s
[1101.283s][info][gc,start       ] GC(365) Pause Young (Allocation Failure)
[1101.342s][info][gc,heap        ] GC(365) DefNew: 2338578K(2516544K)->70351K(2516544K) Eden: 2236928K(2236928K)->0K(2236928K) From: 101650K(279616K)->70351K(279616K)
[1101.342s][info][gc,heap        ] GC(365) Tenured: 693575K(5592448K)->693629K(5592448K)
[1101.342s][info][gc,metaspace   ] GC(365) Metaspace: 135561K(136896K)->135561K(136896K) NonClass: 114582K(115328K)->114582K(115328K) Class: 20978K(21568K)->20978K(21568K)
[1101.342s][info][gc             ] GC(365) Pause Young (Allocation Failure) 2961M->746M(7918M) 59.348ms
[1101.343s][info][gc,cpu         ] GC(365) User=0.06s Sys=0.00s Real=0.06s
[1104.127s][info][gc,start       ] GC(366) Pause Young (GCLocker Initiated GC)
[1104.199s][info][gc,heap        ] GC(366) DefNew: 2307279K(2516544K)->88944K(2516544K) Eden: 2236928K(2236928K)->0K(2236928K) From: 70351K(279616K)->88944K(279616K)
[1104.199s][info][gc,heap        ] GC(366) Tenured: 693629K(5592448K)->693662K(5592448K)
[1104.199s][info][gc,metaspace   ] GC(366) Metaspace: 135562K(136896K)->135562K(136896K) NonClass: 114583K(115328K)->114583K(115328K) Class: 20978K(21568K)->20978K(21568K)
[1104.199s][info][gc             ] GC(366) Pause Young (GCLocker Initiated GC) 2930M->764M(7918M) 72.773ms
[1104.199s][info][gc,cpu         ] GC(366) User=0.08s Sys=0.00s Real=0.07s
[1107.267s][info][gc,start       ] GC(367) Pause Young (Allocation Failure)
[1107.331s][info][gc,heap        ] GC(367) DefNew: 2325872K(2516544K)->76454K(2516544K) Eden: 2236928K(2236928K)->0K(2236928K) From: 88944K(279616K)->76454K(279616K)
[1107.331s][info][gc,heap        ] GC(367) Tenured: 693662K(5592448K)->693686K(5592448K)
[1107.331s][info][gc,metaspace   ] GC(367) Metaspace: 135563K(136896K)->135563K(136896K) NonClass: 114584K(115328K)->114584K(115328K) Class: 20978K(21568K)->20978K(21568K)
[1107.331s][info][gc             ] GC(367) Pause Young (Allocation Failure) 2948M->752M(7918M) 63.466ms
[1107.331s][info][gc,cpu         ] GC(367) User=0.06s Sys=0.00s Real=0.06s
[1110.055s][info][gc,start       ] GC(368) Pause Young (Allocation Failure)
[1110.133s][info][gc,heap        ] GC(368) DefNew: 2313382K(2516544K)->87469K(2516544K) Eden: 2236928K(2236928K)->0K(2236928K) From: 76454K(279616K)->87469K(279616K)
[1110.133s][info][gc,heap        ] GC(368) Tenured: 693686K(5592448K)->693723K(5592448K)
[1110.133s][info][gc,metaspace   ] GC(368) Metaspace: 135563K(136896K)->135563K(136896K) NonClass: 114584K(115328K)->114584K(115328K) Class: 20978K(21568K)->20978K(21568K)
[1110.133s][info][gc             ] GC(368) Pause Young (Allocation Failure) 2936M->762M(7918M) 78.419ms
[1110.133s][info][gc,cpu         ] GC(368) User=0.08s Sys=0.00s Real=0.08s
[1112.487s][info][gc,start       ] GC(369) Pause Young (Allocation Failure)
[1112.574s][info][gc,heap        ] GC(369) DefNew: 2324397K(2516544K)->112707K(2516544K) Eden: 2236928K(2236928K)->0K(2236928K) From: 87469K(279616K)->112707K(279616K)
[1112.574s][info][gc,heap        ] GC(369) Tenured: 693723K(5592448K)->693764K(5592448K)
[1112.574s][info][gc,metaspace   ] GC(369) Metaspace: 135563K(136896K)->135563K(136896K) NonClass: 114584K(115328K)->114584K(115328K) Class: 20978K(21568K)->20978K(21568K)
[1112.574s][info][gc             ] GC(369) Pause Young (Allocation Failure) 2947M->787M(7918M) 87.264ms
[1112.574s][info][gc,cpu         ] GC(369) User=0.09s Sys=0.00s Real=0.09s
[1114.612s][info][gc,start       ] GC(370) Pause Young (Allocation Failure)
[1114.715s][info][gc,heap        ] GC(370) DefNew: 2349635K(2516544K)->121949K(2516544K) Eden: 2236928K(2236928K)->0K(2236928K) From: 112707K(279616K)->121949K(279616K)
[1114.715s][info][gc,heap        ] GC(370) Tenured: 693764K(5592448K)->693795K(5592448K)
[1114.715s][info][gc,metaspace   ] GC(370) Metaspace: 135563K(136896K)->135563K(136896K) NonClass: 114584K(115328K)->114584K(115328K) Class: 20978K(21568K)->20978K(21568K)
[1114.715s][info][gc             ] GC(370) Pause Young (Allocation Failure) 2972M->796M(7918M) 103.568ms
[1114.715s][info][gc,cpu         ] GC(370) User=0.11s Sys=0.00s Real=0.10s
[1117.827s][info][gc,start       ] GC(371) Pause Young (Allocation Failure)
[1117.899s][info][gc,heap        ] GC(371) DefNew: 2358877K(2516544K)->103642K(2516544K) Eden: 2236928K(2236928K)->0K(2236928K) From: 121949K(279616K)->103642K(279616K)
[1117.900s][info][gc,heap        ] GC(371) Tenured: 693795K(5592448K)->693836K(5592448K)
[1117.900s][info][gc,metaspace   ] GC(371) Metaspace: 135564K(136896K)->135564K(136896K) NonClass: 114585K(115328K)->114585K(115328K) Class: 20978K(21568K)->20978K(21568K)
[1117.900s][info][gc             ] GC(371) Pause Young (Allocation Failure) 2981M->778M(7918M) 72.905ms
[1117.900s][info][gc,cpu         ] GC(371) User=0.08s Sys=0.00s Real=0.07s
[1121.078s][info][gc,start       ] GC(372) Pause Young (Allocation Failure)
[1121.164s][info][gc,heap        ] GC(372) DefNew: 2340570K(2516544K)->100885K(2516544K) Eden: 2236928K(2236928K)->0K(2236928K) From: 103642K(279616K)->100885K(279616K)
[1121.164s][info][gc,heap        ] GC(372) Tenured: 693836K(5592448K)->693881K(5592448K)
[1121.164s][info][gc,metaspace   ] GC(372) Metaspace: 135564K(136896K)->135564K(136896K) NonClass: 114585K(115328K)->114585K(115328K) Class: 20978K(21568K)->20978K(21568K)
[1121.164s][info][gc             ] GC(372) Pause Young (Allocation Failure) 2963M->776M(7918M) 86.300ms
[1121.164s][info][gc,cpu         ] GC(372) User=0.09s Sys=0.00s Real=0.09s
[1124.642s][info][gc,start       ] GC(373) Pause Young (Allocation Failure)
[1124.719s][info][gc,heap        ] GC(373) DefNew: 2337813K(2516544K)->95825K(2516544K) Eden: 2236928K(2236928K)->0K(2236928K) From: 100885K(279616K)->95825K(279616K)
[1124.719s][info][gc,heap        ] GC(373) Tenured: 693881K(5592448K)->693915K(5592448K)
[1124.719s][info][gc,metaspace   ] GC(373) Metaspace: 135565K(136896K)->135565K(136896K) NonClass: 114587K(115328K)->114587K(115328K) Class: 20978K(21568K)->20978K(21568K)
[1124.719s][info][gc             ] GC(373) Pause Young (Allocation Failure) 2960M->771M(7918M) 76.529ms
[1124.719s][info][gc,cpu         ] GC(373) User=0.08s Sys=0.00s Real=0.08s
[1128.843s][info][gc,start       ] GC(374) Pause Young (Allocation Failure)
[1128.914s][info][gc,heap        ] GC(374) DefNew: 2332753K(2516544K)->92744K(2516544K) Eden: 2236928K(2236928K)->0K(2236928K) From: 95825K(279616K)->92744K(279616K)
[1128.914s][info][gc,heap        ] GC(374) Tenured: 693915K(5592448K)->693943K(5592448K)
[1128.914s][info][gc,metaspace   ] GC(374) Metaspace: 135565K(136896K)->135565K(136896K) NonClass: 114587K(115328K)->114587K(115328K) Class: 20978K(21568K)->20978K(21568K)
[1128.914s][info][gc             ] GC(374) Pause Young (Allocation Failure) 2955M->768M(7918M) 71.175ms
[1128.914s][info][gc,cpu         ] GC(374) User=0.08s Sys=0.00s Real=0.07s
[1132.449s][info][gc,start       ] GC(375) Pause Young (Allocation Failure)
[1132.524s][info][gc,heap        ] GC(375) DefNew: 2329672K(2516544K)->89785K(2516544K) Eden: 2236928K(2236928K)->0K(2236928K) From: 92744K(279616K)->89785K(279616K)
[1132.524s][info][gc,heap        ] GC(375) Tenured: 693943K(5592448K)->693964K(5592448K)
[1132.524s][info][gc,metaspace   ] GC(375) Metaspace: 135565K(136896K)->135565K(136896K) NonClass: 114587K(115328K)->114587K(115328K) Class: 20978K(21568K)->20978K(21568K)
[1132.524s][info][gc             ] GC(375) Pause Young (Allocation Failure) 2952M->765M(7918M) 74.384ms
[1132.524s][info][gc,cpu         ] GC(375) User=0.08s Sys=0.00s Real=0.07s
[1135.738s][info][gc,start       ] GC(376) Pause Young (Allocation Failure)
[1135.825s][info][gc,heap        ] GC(376) DefNew: 2326713K(2516544K)->83407K(2516544K) Eden: 2236928K(2236928K)->0K(2236928K) From: 89785K(279616K)->83407K(279616K)
[1135.825s][info][gc,heap        ] GC(376) Tenured: 693964K(5592448K)->693988K(5592448K)
[1135.825s][info][gc,metaspace   ] GC(376) Metaspace: 135565K(136896K)->135565K(136896K) NonClass: 114587K(115328K)->114587K(115328K) Class: 20978K(21568K)->20978K(21568K)
[1135.825s][info][gc             ] GC(376) Pause Young (Allocation Failure) 2949M->759M(7918M) 86.809ms
[1135.825s][info][gc,cpu         ] GC(376) User=0.09s Sys=0.00s Real=0.09s
[1137.359s][info][gc,start       ] GC(377) Pause Young (Allocation Failure)
[1137.556s][info][gc,heap        ] GC(377) DefNew: 2320335K(2516544K)->216657K(2516544K) Eden: 2236928K(2236928K)->0K(2236928K) From: 83407K(279616K)->216657K(279616K)
[1137.556s][info][gc,heap        ] GC(377) Tenured: 693988K(5592448K)->694023K(5592448K)
[1137.556s][info][gc,metaspace   ] GC(377) Metaspace: 135565K(136896K)->135565K(136896K) NonClass: 114587K(115328K)->114587K(115328K) Class: 20978K(21568K)->20978K(21568K)
[1137.556s][info][gc             ] GC(377) Pause Young (Allocation Failure) 2943M->889M(7918M) 197.066ms
[1137.556s][info][gc,cpu         ] GC(377) User=0.20s Sys=0.00s Real=0.20s
[1139.360s][info][gc,start       ] GC(378) Pause Young (GCLocker Initiated GC)
[1139.486s][info][gc,heap        ] GC(378) DefNew: 2453586K(2516544K)->49792K(2516544K) Eden: 2236928K(2236928K)->0K(2236928K) From: 216658K(279616K)->49792K(279616K)
[1139.486s][info][gc,heap        ] GC(378) Tenured: 694023K(5592448K)->793552K(5592448K)
[1139.486s][info][gc,metaspace   ] GC(378) Metaspace: 135566K(136896K)->135566K(136896K) NonClass: 114587K(115328K)->114587K(115328K) Class: 20978K(21568K)->20978K(21568K)
[1139.486s][info][gc             ] GC(378) Pause Young (GCLocker Initiated GC) 3073M->823M(7918M) 126.104ms
[1139.486s][info][gc,cpu         ] GC(378) User=0.12s Sys=0.00s Real=0.13s
[1142.075s][info][gc,start       ] GC(379) Pause Young (Allocation Failure)
[1142.139s][info][gc,heap        ] GC(379) DefNew: 2286720K(2516544K)->79654K(2516544K) Eden: 2236928K(2236928K)->0K(2236928K) From: 49792K(279616K)->79654K(279616K)
[1142.139s][info][gc,heap        ] GC(379) Tenured: 793552K(5592448K)->793552K(5592448K)
[1142.139s][info][gc,metaspace   ] GC(379) Metaspace: 135566K(136896K)->135566K(136896K) NonClass: 114587K(115328K)->114587K(115328K) Class: 20978K(21568K)->20978K(21568K)
[1142.139s][info][gc             ] GC(379) Pause Young (Allocation Failure) 3008M->852M(7918M) 63.791ms
[1142.139s][info][gc,cpu         ] GC(379) User=0.06s Sys=0.00s Real=0.06s
[1145.391s][info][gc,start       ] GC(380) Pause Young (Allocation Failure)
[1145.485s][info][gc,heap        ] GC(380) DefNew: 2316582K(2516544K)->119376K(2516544K) Eden: 2236928K(2236928K)->0K(2236928K) From: 79654K(279616K)->119376K(279616K)
[1145.485s][info][gc,heap        ] GC(380) Tenured: 793552K(5592448K)->793552K(5592448K)
[1145.485s][info][gc,metaspace   ] GC(380) Metaspace: 135569K(136896K)->135569K(136896K) NonClass: 114590K(115328K)->114590K(115328K) Class: 20978K(21568K)->20978K(21568K)
[1145.485s][info][gc             ] GC(380) Pause Young (Allocation Failure) 3037M->891M(7918M) 94.058ms
[1145.485s][info][gc,cpu         ] GC(380) User=0.09s Sys=0.00s Real=0.09s
[1149.947s][info][gc,start       ] GC(381) Pause Young (Allocation Failure)
[1150.055s][info][gc,heap        ] GC(381) DefNew: 2356401K(2516544K)->148215K(2516544K) Eden: 2236928K(2236928K)->0K(2236928K) From: 119473K(279616K)->148215K(279616K)
[1150.055s][info][gc,heap        ] GC(381) Tenured: 793552K(5592448K)->793552K(5592448K)
[1150.055s][info][gc,metaspace   ] GC(381) Metaspace: 135569K(136896K)->135569K(136896K) NonClass: 114590K(115328K)->114590K(115328K) Class: 20978K(21568K)->20978K(21568K)
[1150.055s][info][gc             ] GC(381) Pause Young (Allocation Failure) 3076M->919M(7918M) 108.070ms
[1150.055s][info][gc,cpu         ] GC(381) User=0.11s Sys=0.00s Real=0.11s
[1153.159s][info][gc,start       ] GC(382) Pause Young (Allocation Failure)
[1153.278s][info][gc,heap        ] GC(382) DefNew: 2385143K(2516544K)->136782K(2516544K) Eden: 2236928K(2236928K)->0K(2236928K) From: 148215K(279616K)->136782K(279616K)
[1153.278s][info][gc,heap        ] GC(382) Tenured: 793552K(5592448K)->817608K(5592448K)
[1153.278s][info][gc,metaspace   ] GC(382) Metaspace: 135573K(136896K)->135573K(136896K) NonClass: 114594K(115328K)->114594K(115328K) Class: 20978K(21568K)->20978K(21568K)
[1153.278s][info][gc             ] GC(382) Pause Young (Allocation Failure) 3104M->932M(7918M) 118.733ms
[1153.278s][info][gc,cpu         ] GC(382) User=0.12s Sys=0.00s Real=0.12s
[1156.478s][info][gc,start       ] GC(383) Pause Young (Allocation Failure)
[1156.581s][info][gc,heap        ] GC(383) DefNew: 2373710K(2516544K)->156296K(2516544K) Eden: 2236928K(2236928K)->0K(2236928K) From: 136782K(279616K)->156296K(279616K)
[1156.581s][info][gc,heap        ] GC(383) Tenured: 817608K(5592448K)->817608K(5592448K)
[1156.581s][info][gc,metaspace   ] GC(383) Metaspace: 135573K(136896K)->135573K(136896K) NonClass: 114594K(115328K)->114594K(115328K) Class: 20978K(21568K)->20978K(21568K)
[1156.581s][info][gc             ] GC(383) Pause Young (Allocation Failure) 3116M->951M(7918M) 102.778ms
[1156.581s][info][gc,cpu         ] GC(383) User=0.09s Sys=0.00s Real=0.10s
[1159.011s][info][gc,start       ] GC(384) Pause Young (Allocation Failure)
[1159.345s][info][gc,heap        ] GC(384) DefNew: 2393224K(2516544K)->279616K(2516544K) Eden: 2236928K(2236928K)->0K(2236928K) From: 156296K(279616K)->279616K(279616K)
[1159.345s][info][gc,heap        ] GC(384) Tenured: 817608K(5592448K)->855016K(5592448K)
[1159.345s][info][gc,metaspace   ] GC(384) Metaspace: 135573K(136896K)->135573K(136896K) NonClass: 114594K(115328K)->114594K(115328K) Class: 20978K(21568K)->20978K(21568K)
[1159.345s][info][gc             ] GC(384) Pause Young (Allocation Failure) 3135M->1108M(7918M) 334.019ms
[1159.345s][info][gc,cpu         ] GC(384) User=0.27s Sys=0.06s Real=0.33s
[1160.813s][info][gc,start       ] GC(385) Pause Young (Allocation Failure)
[1161.015s][info][gc,heap        ] GC(385) DefNew: 2516544K(2516544K)->99890K(2516544K) Eden: 2236928K(2236928K)->0K(2236928K) From: 279616K(279616K)->99890K(279616K)
[1161.015s][info][gc,heap        ] GC(385) Tenured: 855044K(5592448K)->993085K(5592448K)
[1161.015s][info][gc,metaspace   ] GC(385) Metaspace: 135573K(136896K)->135573K(136896K) NonClass: 114594K(115328K)->114594K(115328K) Class: 20978K(21568K)->20978K(21568K)
[1161.015s][info][gc             ] GC(385) Pause Young (Allocation Failure) 3292M->1067M(7918M) 201.788ms
[1161.015s][info][gc,cpu         ] GC(385) User=0.19s Sys=0.02s Real=0.20s
[1163.219s][info][gc,start       ] GC(386) Pause Young (Allocation Failure)
[1163.288s][info][gc,heap        ] GC(386) DefNew: 2336818K(2516544K)->110638K(2516544K) Eden: 2236928K(2236928K)->0K(2236928K) From: 99890K(279616K)->110638K(279616K)
[1163.288s][info][gc,heap        ] GC(386) Tenured: 993085K(5592448K)->993085K(5592448K)
[1163.288s][info][gc,metaspace   ] GC(386) Metaspace: 135574K(136896K)->135574K(136896K) NonClass: 114596K(115328K)->114596K(115328K) Class: 20978K(21568K)->20978K(21568K)
[1163.288s][info][gc             ] GC(386) Pause Young (Allocation Failure) 3251M->1077M(7918M) 69.554ms
[1163.288s][info][gc,cpu         ] GC(386) User=0.08s Sys=0.00s Real=0.07s
[1167.427s][info][gc,start       ] GC(387) Pause Young (Allocation Failure)
[1167.521s][info][gc,heap        ] GC(387) DefNew: 2347566K(2516544K)->118219K(2516544K) Eden: 2236928K(2236928K)->0K(2236928K) From: 110638K(279616K)->118219K(279616K)
[1167.521s][info][gc,heap        ] GC(387) Tenured: 993085K(5592448K)->993085K(5592448K)
[1167.521s][info][gc,metaspace   ] GC(387) Metaspace: 135581K(136960K)->135581K(136960K) NonClass: 114603K(115392K)->114603K(115392K) Class: 20978K(21568K)->20978K(21568K)
[1167.521s][info][gc             ] GC(387) Pause Young (Allocation Failure) 3262M->1085M(7918M) 94.234ms
[1167.521s][info][gc,cpu         ] GC(387) User=0.09s Sys=0.00s Real=0.10s
[1171.031s][info][gc,start       ] GC(388) Pause Young (Allocation Failure)
[1171.136s][info][gc,heap        ] GC(388) DefNew: 2355147K(2516544K)->130753K(2516544K) Eden: 2236928K(2236928K)->0K(2236928K) From: 118219K(279616K)->130753K(279616K)
[1171.136s][info][gc,heap        ] GC(388) Tenured: 993085K(5592448K)->993085K(5592448K)
[1171.136s][info][gc,metaspace   ] GC(388) Metaspace: 135581K(136960K)->135581K(136960K) NonClass: 114603K(115392K)->114603K(115392K) Class: 20978K(21568K)->20978K(21568K)
[1171.136s][info][gc             ] GC(388) Pause Young (Allocation Failure) 3269M->1097M(7918M) 104.677ms
[1171.136s][info][gc,cpu         ] GC(388) User=0.11s Sys=0.00s Real=0.10s
[1174.177s][info][gc,start       ] GC(389) Pause Young (Allocation Failure)
[1174.284s][info][gc,heap        ] GC(389) DefNew: 2367681K(2516544K)->144067K(2516544K) Eden: 2236928K(2236928K)->0K(2236928K) From: 130753K(279616K)->144067K(279616K)
[1174.284s][info][gc,heap        ] GC(389) Tenured: 993085K(5592448K)->993085K(5592448K)
[1174.284s][info][gc,metaspace   ] GC(389) Metaspace: 135581K(136960K)->135581K(136960K) NonClass: 114603K(115392K)->114603K(115392K) Class: 20978K(21568K)->20978K(21568K)
[1174.284s][info][gc             ] GC(389) Pause Young (Allocation Failure) 3281M->1110M(7918M) 106.475ms
[1174.284s][info][gc,cpu         ] GC(389) User=0.11s Sys=0.00s Real=0.11s
[1177.368s][info][gc,start       ] GC(390) Pause Young (Allocation Failure)
[1177.470s][info][gc,heap        ] GC(390) DefNew: 2380995K(2516544K)->128673K(2516544K) Eden: 2236928K(2236928K)->0K(2236928K) From: 144067K(279616K)->128673K(279616K)
[1177.470s][info][gc,heap        ] GC(390) Tenured: 993085K(5592448K)->1012680K(5592448K)
[1177.470s][info][gc,metaspace   ] GC(390) Metaspace: 135581K(136960K)->135581K(136960K) NonClass: 114603K(115392K)->114603K(115392K) Class: 20978K(21568K)->20978K(21568K)
[1177.470s][info][gc             ] GC(390) Pause Young (Allocation Failure) 3295M->1114M(7918M) 101.905ms
[1177.470s][info][gc,cpu         ] GC(390) User=0.09s Sys=0.00s Real=0.10s
[1180.667s][info][gc,start       ] GC(391) Pause Young (Allocation Failure)
[1180.762s][info][gc,heap        ] GC(391) DefNew: 2365601K(2516544K)->139449K(2516544K) Eden: 2236928K(2236928K)->0K(2236928K) From: 128673K(279616K)->139449K(279616K)
[1180.762s][info][gc,heap        ] GC(391) Tenured: 1012680K(5592448K)->1012680K(5592448K)
[1180.762s][info][gc,metaspace   ] GC(391) Metaspace: 135587K(136960K)->135587K(136960K) NonClass: 114608K(115392K)->114608K(115392K) Class: 20979K(21568K)->20979K(21568K)
[1180.762s][info][gc             ] GC(391) Pause Young (Allocation Failure) 3299M->1125M(7918M) 95.389ms
[1180.762s][info][gc,cpu         ] GC(391) User=0.09s Sys=0.00s Real=0.10s
[1183.469s][info][gc,start       ] GC(392) Pause Young (Allocation Failure)
[1183.696s][info][gc,heap        ] GC(392) DefNew: 2376377K(2516544K)->244550K(2516544K) Eden: 2236928K(2236928K)->0K(2236928K) From: 139449K(279616K)->244550K(279616K)
[1183.696s][info][gc,heap        ] GC(392) Tenured: 1012680K(5592448K)->1012680K(5592448K)
[1183.696s][info][gc,metaspace   ] GC(392) Metaspace: 135587K(136960K)->135587K(136960K) NonClass: 114608K(115392K)->114608K(115392K) Class: 20979K(21568K)->20979K(21568K)
[1183.696s][info][gc             ] GC(392) Pause Young (Allocation Failure) 3309M->1227M(7918M) 227.741ms
[1183.696s][info][gc,cpu         ] GC(392) User=0.23s Sys=0.00s Real=0.23s
[1185.359s][info][gc,start       ] GC(393) Pause Young (Allocation Failure)
[1185.534s][info][gc,heap        ] GC(393) DefNew: 2481478K(2516544K)->97835K(2516544K) Eden: 2236928K(2236928K)->0K(2236928K) From: 244550K(279616K)->97835K(279616K)
[1185.535s][info][gc,heap        ] GC(393) Tenured: 1012680K(5592448K)->1127776K(5592448K)
[1185.535s][info][gc,metaspace   ] GC(393) Metaspace: 135595K(136960K)->135595K(136960K) NonClass: 114616K(115392K)->114616K(115392K) Class: 20979K(21568K)->20979K(21568K)
[1185.535s][info][gc             ] GC(393) Pause Young (Allocation Failure) 3412M->1196M(7918M) 175.863ms
[1185.535s][info][gc,cpu         ] GC(393) User=0.12s Sys=0.05s Real=0.18s
[1188.114s][info][gc,start       ] GC(394) Pause Young (Allocation Failure)
[1188.184s][info][gc,heap        ] GC(394) DefNew: 2334763K(2516544K)->106671K(2516544K) Eden: 2236928K(2236928K)->0K(2236928K) From: 97835K(279616K)->106671K(279616K)
[1188.185s][info][gc,heap        ] GC(394) Tenured: 1127776K(5592448K)->1127776K(5592448K)
[1188.185s][info][gc,metaspace   ] GC(394) Metaspace: 135595K(136960K)->135595K(136960K) NonClass: 114616K(115392K)->114616K(115392K) Class: 20979K(21568K)->20979K(21568K)
[1188.185s][info][gc             ] GC(394) Pause Young (Allocation Failure) 3381M->1205M(7918M) 70.404ms
[1188.185s][info][gc,cpu         ] GC(394) User=0.08s Sys=0.00s Real=0.07s
[1191.371s][info][gc,start       ] GC(395) Pause Young (Allocation Failure)
[1191.447s][info][gc,heap        ] GC(395) DefNew: 2343599K(2516544K)->116623K(2516544K) Eden: 2236928K(2236928K)->0K(2236928K) From: 106671K(279616K)->116623K(279616K)
[1191.447s][info][gc,heap        ] GC(395) Tenured: 1127776K(5592448K)->1127776K(5592448K)
[1191.447s][info][gc,metaspace   ] GC(395) Metaspace: 135595K(136960K)->135595K(136960K) NonClass: 114616K(115392K)->114616K(115392K) Class: 20979K(21568K)->20979K(21568K)
[1191.447s][info][gc             ] GC(395) Pause Young (Allocation Failure) 3390M->1215M(7918M) 76.035ms
[1191.447s][info][gc,cpu         ] GC(395) User=0.08s Sys=0.00s Real=0.07s
[1194.263s][info][gc,start       ] GC(396) Pause Young (Allocation Failure)
[1194.354s][info][gc,heap        ] GC(396) DefNew: 2353551K(2516544K)->124825K(2516544K) Eden: 2236928K(2236928K)->0K(2236928K) From: 116623K(279616K)->124825K(279616K)
[1194.354s][info][gc,heap        ] GC(396) Tenured: 1127776K(5592448K)->1127776K(5592448K)
[1194.354s][info][gc,metaspace   ] GC(396) Metaspace: 135604K(136960K)->135604K(136960K) NonClass: 114625K(115392K)->114625K(115392K) Class: 20979K(21568K)->20979K(21568K)
[1194.354s][info][gc             ] GC(396) Pause Young (Allocation Failure) 3399M->1223M(7918M) 90.664ms
[1194.354s][info][gc,cpu         ] GC(396) User=0.09s Sys=0.00s Real=0.09s
[1197.491s][info][gc,start       ] GC(397) Pause Young (Allocation Failure)
[1197.579s][info][gc,heap        ] GC(397) DefNew: 2361753K(2516544K)->128535K(2516544K) Eden: 2236928K(2236928K)->0K(2236928K) From: 124825K(279616K)->128535K(279616K)
[1197.579s][info][gc,heap        ] GC(397) Tenured: 1127776K(5592448K)->1127776K(5592448K)
[1197.579s][info][gc,metaspace   ] GC(397) Metaspace: 135604K(136960K)->135604K(136960K) NonClass: 114625K(115392K)->114625K(115392K) Class: 20979K(21568K)->20979K(21568K)
[1197.579s][info][gc             ] GC(397) Pause Young (Allocation Failure) 3407M->1226M(7918M) 87.913ms
[1197.579s][info][gc,cpu         ] GC(397) User=0.08s Sys=0.00s Real=0.09s
[1201.919s][info][gc,start       ] GC(398) Pause Young (Allocation Failure)
[1202.004s][info][gc,heap        ] GC(398) DefNew: 2365463K(2516544K)->122564K(2516544K) Eden: 2236928K(2236928K)->0K(2236928K) From: 128535K(279616K)->122564K(279616K)
[1202.004s][info][gc,heap        ] GC(398) Tenured: 1127776K(5592448K)->1127776K(5592448K)
[1202.004s][info][gc,metaspace   ] GC(398) Metaspace: 135605K(136960K)->135605K(136960K) NonClass: 114626K(115392K)->114626K(115392K) Class: 20979K(21568K)->20979K(21568K)
[1202.004s][info][gc             ] GC(398) Pause Young (Allocation Failure) 3411M->1221M(7918M) 84.381ms
[1202.004s][info][gc,cpu         ] GC(398) User=0.08s Sys=0.00s Real=0.08s
[1205.089s][info][gc,start       ] GC(399) Pause Young (Allocation Failure)
[1205.169s][info][gc,heap        ] GC(399) DefNew: 2359492K(2516544K)->119888K(2516544K) Eden: 2236928K(2236928K)->0K(2236928K) From: 122564K(279616K)->119888K(279616K)
[1205.169s][info][gc,heap        ] GC(399) Tenured: 1127776K(5592448K)->1127776K(5592448K)
[1205.169s][info][gc,metaspace   ] GC(399) Metaspace: 135608K(136960K)->135608K(136960K) NonClass: 114629K(115392K)->114629K(115392K) Class: 20979K(21568K)->20979K(21568K)
[1205.169s][info][gc             ] GC(399) Pause Young (Allocation Failure) 3405M->1218M(7918M) 80.358ms
[1205.169s][info][gc,cpu         ] GC(399) User=0.08s Sys=0.00s Real=0.08s
[1206.946s][info][gc,start       ] GC(400) Pause Young (Allocation Failure)
[1207.107s][info][gc,heap        ] GC(400) DefNew: 2356816K(2516544K)->196240K(2516544K) Eden: 2236928K(2236928K)->0K(2236928K) From: 119888K(279616K)->196240K(279616K)
[1207.107s][info][gc,heap        ] GC(400) Tenured: 1127776K(5592448K)->1127776K(5592448K)
[1207.107s][info][gc,metaspace   ] GC(400) Metaspace: 135608K(136960K)->135608K(136960K) NonClass: 114629K(115392K)->114629K(115392K) Class: 20979K(21568K)->20979K(21568K)
[1207.107s][info][gc             ] GC(400) Pause Young (Allocation Failure) 3402M->1292M(7918M) 160.958ms
[1207.107s][info][gc,cpu         ] GC(400) User=0.16s Sys=0.00s Real=0.16s
[1209.282s][info][gc,start       ] GC(401) Pause Young (Allocation Failure)
[1209.360s][info][gc,heap        ] GC(401) DefNew: 2433168K(2516544K)->101406K(2516544K) Eden: 2236928K(2236928K)->0K(2236928K) From: 196240K(279616K)->101406K(279616K)
[1209.360s][info][gc,heap        ] GC(401) Tenured: 1127776K(5592448K)->1147499K(5592448K)
[1209.360s][info][gc,metaspace   ] GC(401) Metaspace: 135612K(136960K)->135612K(136960K) NonClass: 114633K(115392K)->114633K(115392K) Class: 20979K(21568K)->20979K(21568K)
[1209.360s][info][gc             ] GC(401) Pause Young (Allocation Failure) 3477M->1219M(7918M) 77.313ms
[1209.360s][info][gc,cpu         ] GC(401) User=0.08s Sys=0.00s Real=0.08s
[1212.907s][info][gc,start       ] GC(402) Pause Young (Allocation Failure)
[1212.976s][info][gc,heap        ] GC(402) DefNew: 2338334K(2516544K)->101761K(2516544K) Eden: 2236928K(2236928K)->0K(2236928K) From: 101406K(279616K)->101761K(279616K)
[1212.976s][info][gc,heap        ] GC(402) Tenured: 1147499K(5592448K)->1147499K(5592448K)
[1212.976s][info][gc,metaspace   ] GC(402) Metaspace: 135612K(136960K)->135612K(136960K) NonClass: 114633K(115392K)->114633K(115392K) Class: 20979K(21568K)->20979K(21568K)
[1212.976s][info][gc             ] GC(402) Pause Young (Allocation Failure) 3404M->1219M(7918M) 68.953ms
[1212.976s][info][gc,cpu         ] GC(402) User=0.08s Sys=0.00s Real=0.07s
[1216.355s][info][gc,start       ] GC(403) Pause Young (Allocation Failure)
[1216.425s][info][gc,heap        ] GC(403) DefNew: 2338689K(2516544K)->103058K(2516544K) Eden: 2236928K(2236928K)->0K(2236928K) From: 101761K(279616K)->103058K(279616K)
[1216.425s][info][gc,heap        ] GC(403) Tenured: 1147499K(5592448K)->1147499K(5592448K)
[1216.425s][info][gc,metaspace   ] GC(403) Metaspace: 135615K(136960K)->135615K(136960K) NonClass: 114636K(115392K)->114636K(115392K) Class: 20979K(21568K)->20979K(21568K)
[1216.425s][info][gc             ] GC(403) Pause Young (Allocation Failure) 3404M->1221M(7918M) 69.952ms
[1216.425s][info][gc,cpu         ] GC(403) User=0.06s Sys=0.00s Real=0.07s
[1219.490s][info][gc,start       ] GC(404) Pause Young (Allocation Failure)
[1219.556s][info][gc,heap        ] GC(404) DefNew: 2339986K(2516544K)->107949K(2516544K) Eden: 2236928K(2236928K)->0K(2236928K) From: 103058K(279616K)->107949K(279616K)
[1219.556s][info][gc,heap        ] GC(404) Tenured: 1147499K(5592448K)->1147499K(5592448K)
[1219.556s][info][gc,metaspace   ] GC(404) Metaspace: 135622K(136960K)->135622K(136960K) NonClass: 114642K(115392K)->114642K(115392K) Class: 20979K(21568K)->20979K(21568K)
[1219.556s][info][gc             ] GC(404) Pause Young (Allocation Failure) 3405M->1226M(7918M) 65.442ms
[1219.556s][info][gc,cpu         ] GC(404) User=0.06s Sys=0.00s Real=0.07s
[1222.390s][info][gc,start       ] GC(405) Pause Young (Allocation Failure)
[1222.458s][info][gc,heap        ] GC(405) DefNew: 2344877K(2516544K)->113167K(2516544K) Eden: 2236928K(2236928K)->0K(2236928K) From: 107949K(279616K)->113167K(279616K)
[1222.458s][info][gc,heap        ] GC(405) Tenured: 1147499K(5592448K)->1147499K(5592448K)
[1222.458s][info][gc,metaspace   ] GC(405) Metaspace: 135622K(136960K)->135622K(136960K) NonClass: 114642K(115392K)->114642K(115392K) Class: 20979K(21568K)->20979K(21568K)
[1222.458s][info][gc             ] GC(405) Pause Young (Allocation Failure) 3410M->1231M(7918M) 68.079ms
[1222.459s][info][gc,cpu         ] GC(405) User=0.06s Sys=0.00s Real=0.07s
[1225.259s][info][gc,start       ] GC(406) Pause Young (Allocation Failure)
[1225.330s][info][gc,heap        ] GC(406) DefNew: 2350095K(2516544K)->116616K(2516544K) Eden: 2236928K(2236928K)->0K(2236928K) From: 113167K(279616K)->116616K(279616K)
[1225.330s][info][gc,heap        ] GC(406) Tenured: 1147499K(5592448K)->1147499K(5592448K)
[1225.330s][info][gc,metaspace   ] GC(406) Metaspace: 135622K(136960K)->135622K(136960K) NonClass: 114642K(115392K)->114642K(115392K) Class: 20979K(21568K)->20979K(21568K)
[1225.331s][info][gc             ] GC(406) Pause Young (Allocation Failure) 3415M->1234M(7918M) 71.395ms
[1225.331s][info][gc,cpu         ] GC(406) User=0.06s Sys=0.00s Real=0.07s
[1228.203s][info][gc,start       ] GC(407) Pause Young (Allocation Failure)
[1228.281s][info][gc,heap        ] GC(407) DefNew: 2353544K(2516544K)->115437K(2516544K) Eden: 2236928K(2236928K)->0K(2236928K) From: 116616K(279616K)->115437K(279616K)
[1228.282s][info][gc,heap        ] GC(407) Tenured: 1147499K(5592448K)->1147499K(5592448K)
[1228.282s][info][gc,metaspace   ] GC(407) Metaspace: 135622K(136960K)->135622K(136960K) NonClass: 114642K(115392K)->114642K(115392K) Class: 20979K(21568K)->20979K(21568K)
[1228.282s][info][gc             ] GC(407) Pause Young (Allocation Failure) 3418M->1233M(7918M) 78.715ms
[1228.282s][info][gc,cpu         ] GC(407) User=0.08s Sys=0.00s Real=0.08s
[1231.014s][info][gc,start       ] GC(408) Pause Young (Allocation Failure)
[1231.176s][info][gc,heap        ] GC(408) DefNew: 2352365K(2516544K)->176290K(2516544K) Eden: 2236928K(2236928K)->0K(2236928K) From: 115437K(279616K)->176290K(279616K)
[1231.176s][info][gc,heap        ] GC(408) Tenured: 1147499K(5592448K)->1147499K(5592448K)
[1231.176s][info][gc,metaspace   ] GC(408) Metaspace: 135622K(136960K)->135622K(136960K) NonClass: 114642K(115392K)->114642K(115392K) Class: 20979K(21568K)->20979K(21568K)
[1231.176s][info][gc             ] GC(408) Pause Young (Allocation Failure) 3417M->1292M(7918M) 161.231ms
[1231.176s][info][gc,cpu         ] GC(408) User=0.16s Sys=0.00s Real=0.16s
[1233.171s][info][gc,start       ] GC(409) Pause Young (Allocation Failure)
[1233.313s][info][gc,heap        ] GC(409) DefNew: 2413218K(2516544K)->150543K(2516544K) Eden: 2236928K(2236928K)->0K(2236928K) From: 176290K(279616K)->150543K(279616K)
[1233.313s][info][gc,heap        ] GC(409) Tenured: 1147499K(5592448K)->1173112K(5592448K)
[1233.313s][info][gc,metaspace   ] GC(409) Metaspace: 135622K(136960K)->135622K(136960K) NonClass: 114642K(115392K)->114642K(115392K) Class: 20979K(21568K)->20979K(21568K)
[1233.313s][info][gc             ] GC(409) Pause Young (Allocation Failure) 3477M->1292M(7918M) 142.099ms
[1233.313s][info][gc,cpu         ] GC(409) User=0.14s Sys=0.00s Real=0.14s
[1235.833s][info][gc,start       ] GC(410) Pause Young (Allocation Failure)
[1235.897s][info][gc,heap        ] GC(410) DefNew: 2387471K(2516544K)->96296K(2516544K) Eden: 2236928K(2236928K)->0K(2236928K) From: 150543K(279616K)->96296K(279616K)
[1235.897s][info][gc,heap        ] GC(410) Tenured: 1173112K(5592448K)->1179415K(5592448K)
[1235.897s][info][gc,metaspace   ] GC(410) Metaspace: 135622K(136960K)->135622K(136960K) NonClass: 114642K(115392K)->114642K(115392K) Class: 20979K(21568K)->20979K(21568K)
[1235.897s][info][gc             ] GC(410) Pause Young (Allocation Failure) 3477M->1245M(7918M) 64.530ms
[1235.897s][info][gc,cpu         ] GC(410) User=0.08s Sys=0.00s Real=0.06s
[1239.762s][info][gc,start       ] GC(411) Pause Young (Allocation Failure)
[1239.834s][info][gc,heap        ] GC(411) DefNew: 2333224K(2516544K)->97226K(2516544K) Eden: 2236928K(2236928K)->0K(2236928K) From: 96296K(279616K)->97226K(279616K)
[1239.834s][info][gc,heap        ] GC(411) Tenured: 1179415K(5592448K)->1179415K(5592448K)
[1239.834s][info][gc,metaspace   ] GC(411) Metaspace: 135622K(136960K)->135622K(136960K) NonClass: 114642K(115392K)->114642K(115392K) Class: 20979K(21568K)->20979K(21568K)
[1239.834s][info][gc             ] GC(411) Pause Young (Allocation Failure) 3430M->1246M(7918M) 72.123ms
[1239.834s][info][gc,cpu         ] GC(411) User=0.06s Sys=0.00s Real=0.07s
[1243.436s][info][gc,start       ] GC(412) Pause Young (Allocation Failure)
[1243.508s][info][gc,heap        ] GC(412) DefNew: 2334154K(2516544K)->108583K(2516544K) Eden: 2236928K(2236928K)->0K(2236928K) From: 97226K(279616K)->108583K(279616K)
[1243.508s][info][gc,heap        ] GC(412) Tenured: 1179415K(5592448K)->1179415K(5592448K)
[1243.508s][info][gc,metaspace   ] GC(412) Metaspace: 135624K(136960K)->135624K(136960K) NonClass: 114645K(115392K)->114645K(115392K) Class: 20979K(21568K)->20979K(21568K)
[1243.508s][info][gc             ] GC(412) Pause Young (Allocation Failure) 3431M->1257M(7918M) 72.028ms
[1243.508s][info][gc,cpu         ] GC(412) User=0.08s Sys=0.00s Real=0.07s
[1246.594s][info][gc,start       ] GC(413) Pause Young (Allocation Failure)
[1246.676s][info][gc,heap        ] GC(413) DefNew: 2345511K(2516544K)->111193K(2516544K) Eden: 2236928K(2236928K)->0K(2236928K) From: 108583K(279616K)->111193K(279616K)
[1246.676s][info][gc,heap        ] GC(413) Tenured: 1179415K(5592448K)->1179415K(5592448K)
[1246.676s][info][gc,metaspace   ] GC(413) Metaspace: 135624K(136960K)->135624K(136960K) NonClass: 114645K(115392K)->114645K(115392K) Class: 20979K(21568K)->20979K(21568K)
[1246.676s][info][gc             ] GC(413) Pause Young (Allocation Failure) 3442M->1260M(7918M) 81.547ms
[1246.676s][info][gc,cpu         ] GC(413) User=0.08s Sys=0.00s Real=0.08s
[1249.787s][info][gc,start       ] GC(414) Pause Young (Allocation Failure)
[1249.864s][info][gc,heap        ] GC(414) DefNew: 2348121K(2516544K)->112767K(2516544K) Eden: 2236928K(2236928K)->0K(2236928K) From: 111193K(279616K)->112767K(279616K)
[1249.864s][info][gc,heap        ] GC(414) Tenured: 1179415K(5592448K)->1179415K(5592448K)
[1249.864s][info][gc,metaspace   ] GC(414) Metaspace: 135624K(136960K)->135624K(136960K) NonClass: 114645K(115392K)->114645K(115392K) Class: 20979K(21568K)->20979K(21568K)
[1249.864s][info][gc             ] GC(414) Pause Young (Allocation Failure) 3444M->1261M(7918M) 77.383ms
[1249.864s][info][gc,cpu         ] GC(414) User=0.08s Sys=0.00s Real=0.08s
[1252.026s][info][gc,start       ] GC(415) Pause Young (Allocation Failure)
[1252.157s][info][gc,heap        ] GC(415) DefNew: 2349695K(2516544K)->170791K(2516544K) Eden: 2236928K(2236928K)->0K(2236928K) From: 112767K(279616K)->170791K(279616K)
[1252.157s][info][gc,heap        ] GC(415) Tenured: 1179415K(5592448K)->1179415K(5592448K)
[1252.157s][info][gc,metaspace   ] GC(415) Metaspace: 135624K(136960K)->135624K(136960K) NonClass: 114645K(115392K)->114645K(115392K) Class: 20979K(21568K)->20979K(21568K)
[1252.157s][info][gc             ] GC(415) Pause Young (Allocation Failure) 3446M->1318M(7918M) 130.482ms
[1252.157s][info][gc,cpu         ] GC(415) User=0.12s Sys=0.00s Real=0.13s
[1254.538s][info][gc,start       ] GC(416) Pause Young (Allocation Failure)
[1254.600s][info][gc,heap        ] GC(416) DefNew: 2407719K(2516544K)->82616K(2516544K) Eden: 2236928K(2236928K)->0K(2236928K) From: 170791K(279616K)->82616K(279616K)
[1254.600s][info][gc,heap        ] GC(416) Tenured: 1179415K(5592448K)->1191394K(5592448K)
[1254.600s][info][gc,metaspace   ] GC(416) Metaspace: 135625K(136960K)->135625K(136960K) NonClass: 114645K(115392K)->114645K(115392K) Class: 20979K(21568K)->20979K(21568K)
[1254.600s][info][gc             ] GC(416) Pause Young (Allocation Failure) 3503M->1244M(7918M) 62.130ms
[1254.600s][info][gc,cpu         ] GC(416) User=0.06s Sys=0.00s Real=0.06s
[1257.679s][info][gc,start       ] GC(417) Pause Young (Allocation Failure)
[1257.748s][info][gc,heap        ] GC(417) DefNew: 2319544K(2516544K)->89009K(2516544K) Eden: 2236928K(2236928K)->0K(2236928K) From: 82616K(279616K)->89009K(279616K)
[1257.748s][info][gc,heap        ] GC(417) Tenured: 1191394K(5592448K)->1191394K(5592448K)
[1257.748s][info][gc,metaspace   ] GC(417) Metaspace: 135631K(136960K)->135631K(136960K) NonClass: 114652K(115392K)->114652K(115392K) Class: 20979K(21568K)->20979K(21568K)
[1257.748s][info][gc             ] GC(417) Pause Young (Allocation Failure) 3428M->1250M(7918M) 69.151ms
[1257.748s][info][gc,cpu         ] GC(417) User=0.06s Sys=0.00s Real=0.07s
[1261.638s][info][gc,start       ] GC(418) Pause Young (Allocation Failure)
[1261.706s][info][gc,heap        ] GC(418) DefNew: 2325937K(2516544K)->92443K(2516544K) Eden: 2236928K(2236928K)->0K(2236928K) From: 89009K(279616K)->92443K(279616K)
[1261.706s][info][gc,heap        ] GC(418) Tenured: 1191394K(5592448K)->1191394K(5592448K)
[1261.706s][info][gc,metaspace   ] GC(418) Metaspace: 135631K(136960K)->135631K(136960K) NonClass: 114652K(115392K)->114652K(115392K) Class: 20979K(21568K)->20979K(21568K)
[1261.706s][info][gc             ] GC(418) Pause Young (Allocation Failure) 3434M->1253M(7918M) 68.004ms
[1261.706s][info][gc,cpu         ] GC(418) User=0.06s Sys=0.00s Real=0.07s
[1265.342s][info][gc,start       ] GC(419) Pause Young (Allocation Failure)
[1265.418s][info][gc,heap        ] GC(419) DefNew: 2329371K(2516544K)->101149K(2516544K) Eden: 2236928K(2236928K)->0K(2236928K) From: 92443K(279616K)->101149K(279616K)
[1265.418s][info][gc,heap        ] GC(419) Tenured: 1191394K(5592448K)->1191394K(5592448K)
[1265.418s][info][gc,metaspace   ] GC(419) Metaspace: 135631K(136960K)->135631K(136960K) NonClass: 114652K(115392K)->114652K(115392K) Class: 20979K(21568K)->20979K(21568K)
[1265.418s][info][gc             ] GC(419) Pause Young (Allocation Failure) 3438M->1262M(7918M) 76.086ms
[1265.418s][info][gc,cpu         ] GC(419) User=0.08s Sys=0.00s Real=0.08s
[1268.720s][info][gc,start       ] GC(420) Pause Young (Allocation Failure)
[1268.799s][info][gc,heap        ] GC(420) DefNew: 2338077K(2516544K)->98995K(2516544K) Eden: 2236928K(2236928K)->0K(2236928K) From: 101149K(279616K)->98995K(279616K)
[1268.799s][info][gc,heap        ] GC(420) Tenured: 1191394K(5592448K)->1191394K(5592448K)
[1268.799s][info][gc,metaspace   ] GC(420) Metaspace: 135631K(136960K)->135631K(136960K) NonClass: 114652K(115392K)->114652K(115392K) Class: 20979K(21568K)->20979K(21568K)
[1268.799s][info][gc             ] GC(420) Pause Young (Allocation Failure) 3446M->1260M(7918M) 78.836ms
[1268.799s][info][gc,cpu         ] GC(420) User=0.08s Sys=0.00s Real=0.08s
[1271.541s][info][gc,start       ] GC(421) Pause Young (Allocation Failure)
[1271.665s][info][gc,heap        ] GC(421) DefNew: 2335923K(2516544K)->135928K(2516544K) Eden: 2236928K(2236928K)->0K(2236928K) From: 98995K(279616K)->135928K(279616K)
[1271.665s][info][gc,heap        ] GC(421) Tenured: 1191394K(5592448K)->1191394K(5592448K)
[1271.665s][info][gc,metaspace   ] GC(421) Metaspace: 135631K(136960K)->135631K(136960K) NonClass: 114652K(115392K)->114652K(115392K) Class: 20979K(21568K)->20979K(21568K)
[1271.665s][info][gc             ] GC(421) Pause Young (Allocation Failure) 3444M->1296M(7918M) 123.376ms
[1271.665s][info][gc,cpu         ] GC(421) User=0.12s Sys=0.00s Real=0.12s
[1273.907s][info][gc,start       ] GC(422) Pause Young (Allocation Failure)
[1273.966s][info][gc,heap        ] GC(422) DefNew: 2372856K(2516544K)->75722K(2516544K) Eden: 2236928K(2236928K)->0K(2236928K) From: 135928K(279616K)->75722K(279616K)
[1273.966s][info][gc,heap        ] GC(422) Tenured: 1191394K(5592448K)->1191394K(5592448K)
[1273.966s][info][gc,metaspace   ] GC(422) Metaspace: 135632K(136960K)->135632K(136960K) NonClass: 114652K(115392K)->114652K(115392K) Class: 20979K(21568K)->20979K(21568K)
[1273.966s][info][gc             ] GC(422) Pause Young (Allocation Failure) 3480M->1237M(7918M) 59.609ms
[1273.966s][info][gc,cpu         ] GC(422) User=0.06s Sys=0.00s Real=0.06s
[1277.070s][info][gc,start       ] GC(423) Pause Young (Allocation Failure)
[1277.139s][info][gc,heap        ] GC(423) DefNew: 2312650K(2516544K)->93065K(2516544K) Eden: 2236928K(2236928K)->0K(2236928K) From: 75722K(279616K)->93065K(279616K)
[1277.139s][info][gc,heap        ] GC(423) Tenured: 1191394K(5592448K)->1191394K(5592448K)
[1277.139s][info][gc,metaspace   ] GC(423) Metaspace: 135632K(136960K)->135632K(136960K) NonClass: 114652K(115392K)->114652K(115392K) Class: 20979K(21568K)->20979K(21568K)
[1277.139s][info][gc             ] GC(423) Pause Young (Allocation Failure) 3421M->1254M(7918M) 68.757ms
[1277.139s][info][gc,cpu         ] GC(423) User=0.06s Sys=0.00s Real=0.07s
[1280.602s][info][gc,start       ] GC(424) Pause Young (Allocation Failure)
[1280.746s][info][gc,heap        ] GC(424) DefNew: 2329993K(2516544K)->108823K(2516544K) Eden: 2236928K(2236928K)->0K(2236928K) From: 93065K(279616K)->108823K(279616K)
[1280.746s][info][gc,heap        ] GC(424) Tenured: 1191394K(5592448K)->1191394K(5592448K)
[1280.746s][info][gc,metaspace   ] GC(424) Metaspace: 135632K(136960K)->135632K(136960K) NonClass: 114652K(115392K)->114652K(115392K) Class: 20979K(21568K)->20979K(21568K)
[1280.746s][info][gc             ] GC(424) Pause Young (Allocation Failure) 3438M->1269M(7918M) 143.648ms
[1280.746s][info][gc,cpu         ] GC(424) User=0.14s Sys=0.00s Real=0.14s
[1284.010s][info][gc,start       ] GC(425) Pause Young (Allocation Failure)
[1284.099s][info][gc,heap        ] GC(425) DefNew: 2345751K(2516544K)->108395K(2516544K) Eden: 2236928K(2236928K)->0K(2236928K) From: 108823K(279616K)->108395K(279616K)
[1284.100s][info][gc,heap        ] GC(425) Tenured: 1191394K(5592448K)->1191394K(5592448K)
[1284.100s][info][gc,metaspace   ] GC(425) Metaspace: 135657K(136960K)->135657K(136960K) NonClass: 114678K(115392K)->114678K(115392K) Class: 20979K(21568K)->20979K(21568K)
[1284.100s][info][gc             ] GC(425) Pause Young (Allocation Failure) 3454M->1269M(7918M) 89.299ms
[1284.100s][info][gc,cpu         ] GC(425) User=0.08s Sys=0.00s Real=0.09s
[1287.486s][info][gc,start       ] GC(426) Pause Young (Allocation Failure)
[1287.566s][info][gc,heap        ] GC(426) DefNew: 2345323K(2516544K)->109026K(2516544K) Eden: 2236928K(2236928K)->0K(2236928K) From: 108395K(279616K)->109026K(279616K)
[1287.567s][info][gc,heap        ] GC(426) Tenured: 1191394K(5592448K)->1191394K(5592448K)
[1287.567s][info][gc,metaspace   ] GC(426) Metaspace: 135658K(136960K)->135658K(136960K) NonClass: 114678K(115392K)->114678K(115392K) Class: 20979K(21568K)->20979K(21568K)
[1287.567s][info][gc             ] GC(426) Pause Young (Allocation Failure) 3453M->1269M(7918M) 80.509ms
[1287.567s][info][gc,cpu         ] GC(426) User=0.08s Sys=0.00s Real=0.08s
[1291.798s][info][gc,start       ] GC(427) Pause Young (Allocation Failure)
[1291.869s][info][gc,heap        ] GC(427) DefNew: 2345954K(2516544K)->103298K(2516544K) Eden: 2236928K(2236928K)->0K(2236928K) From: 109026K(279616K)->103298K(279616K)
[1291.869s][info][gc,heap        ] GC(427) Tenured: 1191394K(5592448K)->1191394K(5592448K)
[1291.869s][info][gc,metaspace   ] GC(427) Metaspace: 135661K(137024K)->135661K(137024K) NonClass: 114682K(115456K)->114682K(115456K) Class: 20979K(21568K)->20979K(21568K)
[1291.869s][info][gc             ] GC(427) Pause Young (Allocation Failure) 3454M->1264M(7918M) 70.265ms
[1291.869s][info][gc,cpu         ] GC(427) User=0.08s Sys=0.00s Real=0.07s
[1295.094s][info][gc,start       ] GC(428) Pause Young (Allocation Failure)
[1295.206s][info][gc,heap        ] GC(428) DefNew: 2340226K(2516544K)->116678K(2516544K) Eden: 2236928K(2236928K)->0K(2236928K) From: 103298K(279616K)->116678K(279616K)
[1295.206s][info][gc,heap        ] GC(428) Tenured: 1191394K(5592448K)->1191839K(5592448K)
[1295.206s][info][gc,metaspace   ] GC(428) Metaspace: 135661K(137024K)->135661K(137024K) NonClass: 114682K(115456K)->114682K(115456K) Class: 20979K(21568K)->20979K(21568K)
[1295.206s][info][gc             ] GC(428) Pause Young (Allocation Failure) 3448M->1277M(7918M) 112.192ms
[1295.206s][info][gc,cpu         ] GC(428) User=0.11s Sys=0.00s Real=0.11s
[1297.656s][info][gc,start       ] GC(429) Pause Young (Allocation Failure)
[1297.710s][info][gc,heap        ] GC(429) DefNew: 2353606K(2516544K)->57728K(2516544K) Eden: 2236928K(2236928K)->0K(2236928K) From: 116678K(279616K)->57728K(279616K)
[1297.710s][info][gc,heap        ] GC(429) Tenured: 1191839K(5592448K)->1192015K(5592448K)
[1297.710s][info][gc,metaspace   ] GC(429) Metaspace: 135665K(137024K)->135665K(137024K) NonClass: 114685K(115456K)->114685K(115456K) Class: 20979K(21568K)->20979K(21568K)
[1297.710s][info][gc             ] GC(429) Pause Young (Allocation Failure) 3462M->1220M(7918M) 53.596ms
[1297.710s][info][gc,cpu         ] GC(429) User=0.06s Sys=0.00s Real=0.05s
[1300.847s][info][gc,start       ] GC(430) Pause Young (Allocation Failure)
[1300.930s][info][gc,heap        ] GC(430) DefNew: 2294656K(2516544K)->75399K(2516544K) Eden: 2236928K(2236928K)->0K(2236928K) From: 57728K(279616K)->75399K(279616K)
[1300.930s][info][gc,heap        ] GC(430) Tenured: 1192015K(5592448K)->1192636K(5592448K)
[1300.930s][info][gc,metaspace   ] GC(430) Metaspace: 135665K(137024K)->135665K(137024K) NonClass: 114685K(115456K)->114685K(115456K) Class: 20979K(21568K)->20979K(21568K)
[1300.930s][info][gc             ] GC(430) Pause Young (Allocation Failure) 3404M->1238M(7918M) 83.097ms
[1300.930s][info][gc,cpu         ] GC(430) User=0.09s Sys=0.00s Real=0.08s
[1303.635s][info][gc,start       ] GC(431) Pause Young (Allocation Failure)
[1303.715s][info][gc,heap        ] GC(431) DefNew: 2312327K(2516544K)->88169K(2516544K) Eden: 2236928K(2236928K)->0K(2236928K) From: 75399K(279616K)->88169K(279616K)
[1303.715s][info][gc,heap        ] GC(431) Tenured: 1192636K(5592448K)->1192831K(5592448K)
[1303.715s][info][gc,metaspace   ] GC(431) Metaspace: 135665K(137024K)->135665K(137024K) NonClass: 114685K(115456K)->114685K(115456K) Class: 20979K(21568K)->20979K(21568K)
[1303.715s][info][gc             ] GC(431) Pause Young (Allocation Failure) 3422M->1250M(7918M) 79.832ms
[1303.715s][info][gc,cpu         ] GC(431) User=0.08s Sys=0.00s Real=0.08s
[1306.658s][info][gc,start       ] GC(432) Pause Young (Allocation Failure)
[1306.730s][info][gc,heap        ] GC(432) DefNew: 2325097K(2516544K)->91178K(2516544K) Eden: 2236928K(2236928K)->0K(2236928K) From: 88169K(279616K)->91178K(279616K)
[1306.731s][info][gc,heap        ] GC(432) Tenured: 1192831K(5592448K)->1193259K(5592448K)
[1306.731s][info][gc,metaspace   ] GC(432) Metaspace: 135665K(137024K)->135665K(137024K) NonClass: 114685K(115456K)->114685K(115456K) Class: 20979K(21568K)->20979K(21568K)
[1306.731s][info][gc             ] GC(432) Pause Young (Allocation Failure) 3435M->1254M(7918M) 72.176ms
[1306.731s][info][gc,cpu         ] GC(432) User=0.08s Sys=0.00s Real=0.07s
[1310.231s][info][gc,start       ] GC(433) Pause Young (Allocation Failure)
[1310.306s][info][gc,heap        ] GC(433) DefNew: 2328106K(2516544K)->98617K(2516544K) Eden: 2236928K(2236928K)->0K(2236928K) From: 91178K(279616K)->98617K(279616K)
[1310.306s][info][gc,heap        ] GC(433) Tenured: 1193259K(5592448K)->1193802K(5592448K)
[1310.306s][info][gc,metaspace   ] GC(433) Metaspace: 135665K(137024K)->135665K(137024K) NonClass: 114685K(115456K)->114685K(115456K) Class: 20979K(21568K)->20979K(21568K)
[1310.306s][info][gc             ] GC(433) Pause Young (Allocation Failure) 3438M->1262M(7918M) 75.939ms
[1310.306s][info][gc,cpu         ] GC(433) User=0.08s Sys=0.00s Real=0.08s
[1312.783s][info][gc,start       ] GC(434) Pause Young (Allocation Failure)
[1312.866s][info][gc,heap        ] GC(434) DefNew: 2335545K(2516544K)->97716K(2516544K) Eden: 2236928K(2236928K)->0K(2236928K) From: 98617K(279616K)->97716K(279616K)
[1312.866s][info][gc,heap        ] GC(434) Tenured: 1193802K(5592448K)->1193970K(5592448K)
[1312.866s][info][gc,metaspace   ] GC(434) Metaspace: 135665K(137024K)->135665K(137024K) NonClass: 114685K(115456K)->114685K(115456K) Class: 20979K(21568K)->20979K(21568K)
[1312.866s][info][gc             ] GC(434) Pause Young (Allocation Failure) 3446M->1261M(7918M) 83.000ms
[1312.866s][info][gc,cpu         ] GC(434) User=0.09s Sys=0.00s Real=0.08s
[1315.863s][info][gc,start       ] GC(435) Pause Young (GCLocker Initiated GC)
[1315.942s][info][gc,heap        ] GC(435) DefNew: 2334644K(2516544K)->92037K(2516544K) Eden: 2236928K(2236928K)->0K(2236928K) From: 97716K(279616K)->92037K(279616K)
[1315.942s][info][gc,heap        ] GC(435) Tenured: 1193970K(5592448K)->1194071K(5592448K)
[1315.942s][info][gc,metaspace   ] GC(435) Metaspace: 135665K(137024K)->135665K(137024K) NonClass: 114685K(115456K)->114685K(115456K) Class: 20979K(21568K)->20979K(21568K)
[1315.942s][info][gc             ] GC(435) Pause Young (GCLocker Initiated GC) 3445M->1255M(7918M) 78.933ms
[1315.942s][info][gc,cpu         ] GC(435) User=0.08s Sys=0.00s Real=0.08s
[1318.542s][info][gc,start       ] GC(436) Pause Young (Allocation Failure)
[1318.592s][info][gc,heap        ] GC(436) DefNew: 2328986K(2516544K)->51118K(2516544K) Eden: 2236928K(2236928K)->0K(2236928K) From: 92058K(279616K)->51118K(279616K)
[1318.592s][info][gc,heap        ] GC(436) Tenured: 1194071K(5592448K)->1194385K(5592448K)
[1318.592s][info][gc,metaspace   ] GC(436) Metaspace: 135670K(137024K)->135670K(137024K) NonClass: 114690K(115456K)->114690K(115456K) Class: 20979K(21568K)->20979K(21568K)
[1318.592s][info][gc             ] GC(436) Pause Young (Allocation Failure) 3440M->1216M(7918M) 49.358ms
[1318.592s][info][gc,cpu         ] GC(436) User=0.05s Sys=0.00s Real=0.05s
[1321.643s][info][gc,start       ] GC(437) Pause Young (Allocation Failure)
[1321.702s][info][gc,heap        ] GC(437) DefNew: 2288046K(2516544K)->66917K(2516544K) Eden: 2236928K(2236928K)->0K(2236928K) From: 51118K(279616K)->66917K(279616K)
[1321.702s][info][gc,heap        ] GC(437) Tenured: 1194385K(5592448K)->1194595K(5592448K)
[1321.702s][info][gc,metaspace   ] GC(437) Metaspace: 135670K(137024K)->135670K(137024K) NonClass: 114690K(115456K)->114690K(115456K) Class: 20979K(21568K)->20979K(21568K)
[1321.702s][info][gc             ] GC(437) Pause Young (Allocation Failure) 3400M->1231M(7918M) 59.338ms
[1321.702s][info][gc,cpu         ] GC(437) User=0.06s Sys=0.00s Real=0.06s
[1324.371s][info][gc,start       ] GC(438) Pause Young (Allocation Failure)
[1324.445s][info][gc,heap        ] GC(438) DefNew: 2303845K(2516544K)->85882K(2516544K) Eden: 2236928K(2236928K)->0K(2236928K) From: 66917K(279616K)->85882K(279616K)
[1324.445s][info][gc,heap        ] GC(438) Tenured: 1194595K(5592448K)->1194741K(5592448K)
[1324.445s][info][gc,metaspace   ] GC(438) Metaspace: 135672K(137024K)->135672K(137024K) NonClass: 114693K(115456K)->114693K(115456K) Class: 20979K(21568K)->20979K(21568K)
[1324.445s][info][gc             ] GC(438) Pause Young (Allocation Failure) 3416M->1250M(7918M) 74.535ms
[1324.445s][info][gc,cpu         ] GC(438) User=0.08s Sys=0.00s Real=0.08s
[1327.235s][info][gc,start       ] GC(439) Pause Young (Allocation Failure)
[1327.302s][info][gc,heap        ] GC(439) DefNew: 2322810K(2516544K)->86857K(2516544K) Eden: 2236928K(2236928K)->0K(2236928K) From: 85882K(279616K)->86857K(279616K)
[1327.302s][info][gc,heap        ] GC(439) Tenured: 1194741K(5592448K)->1194945K(5592448K)
[1327.302s][info][gc,metaspace   ] GC(439) Metaspace: 135672K(137024K)->135672K(137024K) NonClass: 114693K(115456K)->114693K(115456K) Class: 20979K(21568K)->20979K(21568K)
[1327.302s][info][gc             ] GC(439) Pause Young (Allocation Failure) 3435M->1251M(7918M) 67.212ms
[1327.302s][info][gc,cpu         ] GC(439) User=0.06s Sys=0.00s Real=0.07s
[1329.778s][info][gc,start       ] GC(440) Pause Young (Allocation Failure)
[1329.852s][info][gc,heap        ] GC(440) DefNew: 2323785K(2516544K)->99279K(2516544K) Eden: 2236928K(2236928K)->0K(2236928K) From: 86857K(279616K)->99279K(279616K)
[1329.852s][info][gc,heap        ] GC(440) Tenured: 1194945K(5592448K)->1194993K(5592448K)
[1329.852s][info][gc,metaspace   ] GC(440) Metaspace: 135672K(137024K)->135672K(137024K) NonClass: 114693K(115456K)->114693K(115456K) Class: 20979K(21568K)->20979K(21568K)
[1329.852s][info][gc             ] GC(440) Pause Young (Allocation Failure) 3436M->1263M(7918M) 74.471ms
[1329.852s][info][gc,cpu         ] GC(440) User=0.08s Sys=0.00s Real=0.08s
[1332.579s][info][gc,start       ] GC(441) Pause Young (Allocation Failure)
[1332.645s][info][gc,heap        ] GC(441) DefNew: 2336207K(2516544K)->81524K(2516544K) Eden: 2236928K(2236928K)->0K(2236928K) From: 99279K(279616K)->81524K(279616K)
[1332.645s][info][gc,heap        ] GC(441) Tenured: 1194993K(5592448K)->1195057K(5592448K)
[1332.645s][info][gc,metaspace   ] GC(441) Metaspace: 135677K(137024K)->135677K(137024K) NonClass: 114696K(115456K)->114696K(115456K) Class: 20981K(21568K)->20981K(21568K)
[1332.645s][info][gc             ] GC(441) Pause Young (Allocation Failure) 3448M->1246M(7918M) 66.813ms
[1332.646s][info][gc,cpu         ] GC(441) User=0.06s Sys=0.00s Real=0.07s
[1335.491s][info][gc,start       ] GC(442) Pause Young (Allocation Failure)
[1335.553s][info][gc,heap        ] GC(442) DefNew: 2318452K(2516544K)->73791K(2516544K) Eden: 2236928K(2236928K)->0K(2236928K) From: 81524K(279616K)->73791K(279616K)
[1335.553s][info][gc,heap        ] GC(442) Tenured: 1195057K(5592448K)->1195144K(5592448K)
[1335.553s][info][gc,metaspace   ] GC(442) Metaspace: 135677K(137024K)->135677K(137024K) NonClass: 114696K(115456K)->114696K(115456K) Class: 20981K(21568K)->20981K(21568K)
[1335.553s][info][gc             ] GC(442) Pause Young (Allocation Failure) 3431M->1239M(7918M) 62.552ms
[1335.554s][info][gc,cpu         ] GC(442) User=0.06s Sys=0.00s Real=0.06s
[1338.575s][info][gc,start       ] GC(443) Pause Young (Allocation Failure)
[1338.623s][info][gc,heap        ] GC(443) DefNew: 2310719K(2516544K)->52462K(2516544K) Eden: 2236928K(2236928K)->0K(2236928K) From: 73791K(279616K)->52462K(279616K)
[1338.623s][info][gc,heap        ] GC(443) Tenured: 1195144K(5592448K)->1195280K(5592448K)
[1338.623s][info][gc,metaspace   ] GC(443) Metaspace: 135677K(137024K)->135677K(137024K) NonClass: 114696K(115456K)->114696K(115456K) Class: 20981K(21568K)->20981K(21568K)
[1338.623s][info][gc             ] GC(443) Pause Young (Allocation Failure) 3423M->1218M(7918M) 48.769ms
[1338.623s][info][gc,cpu         ] GC(443) User=0.05s Sys=0.00s Real=0.05s
[1341.751s][info][gc,start       ] GC(444) Pause Young (Allocation Failure)
[1341.817s][info][gc,heap        ] GC(444) DefNew: 2289390K(2516544K)->69380K(2516544K) Eden: 2236928K(2236928K)->0K(2236928K) From: 52462K(279616K)->69380K(279616K)
[1341.817s][info][gc,heap        ] GC(444) Tenured: 1195280K(5592448K)->1195353K(5592448K)
[1341.818s][info][gc,metaspace   ] GC(444) Metaspace: 135677K(137024K)->135677K(137024K) NonClass: 114696K(115456K)->114696K(115456K) Class: 20981K(21568K)->20981K(21568K)
[1341.818s][info][gc             ] GC(444) Pause Young (Allocation Failure) 3402M->1235M(7918M) 66.605ms
[1341.818s][info][gc,cpu         ] GC(444) User=0.06s Sys=0.00s Real=0.07s
[1344.267s][info][gc,start       ] GC(445) Pause Young (Allocation Failure)
[1344.339s][info][gc,heap        ] GC(445) DefNew: 2306308K(2516544K)->88143K(2516544K) Eden: 2236928K(2236928K)->0K(2236928K) From: 69380K(279616K)->88143K(279616K)
[1344.339s][info][gc,heap        ] GC(445) Tenured: 1195353K(5592448K)->1195405K(5592448K)
[1344.339s][info][gc,metaspace   ] GC(445) Metaspace: 135681K(137024K)->135681K(137024K) NonClass: 114700K(115456K)->114700K(115456K) Class: 20981K(21568K)->20981K(21568K)
[1344.339s][info][gc             ] GC(445) Pause Young (Allocation Failure) 3419M->1253M(7918M) 72.491ms
[1344.339s][info][gc,cpu         ] GC(445) User=0.08s Sys=0.00s Real=0.07s
[1347.171s][info][gc,start       ] GC(446) Pause Young (Allocation Failure)
[1347.241s][info][gc,heap        ] GC(446) DefNew: 2325071K(2516544K)->88419K(2516544K) Eden: 2236928K(2236928K)->0K(2236928K) From: 88143K(279616K)->88419K(279616K)
[1347.242s][info][gc,heap        ] GC(446) Tenured: 1195405K(5592448K)->1195445K(5592448K)
[1347.242s][info][gc,metaspace   ] GC(446) Metaspace: 135691K(137024K)->135691K(137024K) NonClass: 114710K(115456K)->114710K(115456K) Class: 20981K(21568K)->20981K(21568K)
[1347.242s][info][gc             ] GC(446) Pause Young (Allocation Failure) 3437M->1253M(7918M) 70.363ms
[1347.242s][info][gc,cpu         ] GC(446) User=0.08s Sys=0.00s Real=0.07s
[1349.647s][info][gc,start       ] GC(447) Pause Young (GCLocker Initiated GC)
[1349.720s][info][gc,heap        ] GC(447) DefNew: 2325347K(2516544K)->96758K(2516544K) Eden: 2236928K(2236928K)->0K(2236928K) From: 88419K(279616K)->96758K(279616K)
[1349.720s][info][gc,heap        ] GC(447) Tenured: 1195445K(5592448K)->1195503K(5592448K)
[1349.720s][info][gc,metaspace   ] GC(447) Metaspace: 135691K(137024K)->135691K(137024K) NonClass: 114710K(115456K)->114710K(115456K) Class: 20981K(21568K)->20981K(21568K)
[1349.720s][info][gc             ] GC(447) Pause Young (GCLocker Initiated GC) 3438M->1261M(7918M) 72.639ms
[1349.720s][info][gc,cpu         ] GC(447) User=0.06s Sys=0.00s Real=0.07s
[1352.453s][info][gc,start       ] GC(448) Pause Young (Allocation Failure)
[1352.526s][info][gc,heap        ] GC(448) DefNew: 2333686K(2516544K)->82621K(2516544K) Eden: 2236928K(2236928K)->0K(2236928K) From: 96758K(279616K)->82621K(279616K)
[1352.526s][info][gc,heap        ] GC(448) Tenured: 1195503K(5592448K)->1195546K(5592448K)
[1352.526s][info][gc,metaspace   ] GC(448) Metaspace: 135691K(137024K)->135691K(137024K) NonClass: 114710K(115456K)->114710K(115456K) Class: 20981K(21568K)->20981K(21568K)
[1352.526s][info][gc             ] GC(448) Pause Young (Allocation Failure) 3446M->1248M(7918M) 72.966ms
[1352.526s][info][gc,cpu         ] GC(448) User=0.08s Sys=0.00s Real=0.07s
[1355.198s][info][gc,start       ] GC(449) Pause Young (Allocation Failure)
[1355.243s][info][gc,heap        ] GC(449) DefNew: 2319549K(2516544K)->46079K(2516544K) Eden: 2236928K(2236928K)->0K(2236928K) From: 82621K(279616K)->46079K(279616K)
[1355.243s][info][gc,heap        ] GC(449) Tenured: 1195546K(5592448K)->1195581K(5592448K)
[1355.243s][info][gc,metaspace   ] GC(449) Metaspace: 135691K(137024K)->135691K(137024K) NonClass: 114710K(115456K)->114710K(115456K) Class: 20981K(21568K)->20981K(21568K)
[1355.243s][info][gc             ] GC(449) Pause Young (Allocation Failure) 3432M->1212M(7918M) 44.920ms
[1355.243s][info][gc,cpu         ] GC(449) User=0.05s Sys=0.00s Real=0.05s
[1359.291s][info][gc,start       ] GC(450) Pause Young (Allocation Failure)
[1359.345s][info][gc,heap        ] GC(450) DefNew: 2283007K(2516544K)->55312K(2516544K) Eden: 2236928K(2236928K)->0K(2236928K) From: 46079K(279616K)->55312K(279616K)
[1359.345s][info][gc,heap        ] GC(450) Tenured: 1195581K(5592448K)->1195660K(5592448K)
[1359.345s][info][gc,metaspace   ] GC(450) Metaspace: 135699K(137024K)->135699K(137024K) NonClass: 114716K(115456K)->114716K(115456K) Class: 20983K(21568K)->20983K(21568K)
[1359.345s][info][gc             ] GC(450) Pause Young (Allocation Failure) 3397M->1221M(7918M) 54.044ms
[1359.345s][info][gc,cpu         ] GC(450) User=0.05s Sys=0.00s Real=0.05s
[1362.355s][info][gc,start       ] GC(451) Pause Young (Allocation Failure)
[1362.417s][info][gc,heap        ] GC(451) DefNew: 2292240K(2516544K)->70527K(2516544K) Eden: 2236928K(2236928K)->0K(2236928K) From: 55312K(279616K)->70527K(279616K)
[1362.417s][info][gc,heap        ] GC(451) Tenured: 1195660K(5592448K)->1195710K(5592448K)
[1362.417s][info][gc,metaspace   ] GC(451) Metaspace: 135712K(137024K)->135712K(137024K) NonClass: 114726K(115456K)->114726K(115456K) Class: 20986K(21568K)->20986K(21568K)
[1362.417s][info][gc             ] GC(451) Pause Young (Allocation Failure) 3406M->1236M(7918M) 62.351ms
[1362.417s][info][gc,cpu         ] GC(451) User=0.06s Sys=0.00s Real=0.06s
[1364.795s][info][gc,start       ] GC(452) Pause Young (GCLocker Initiated GC)
[1364.882s][info][gc,heap        ] GC(452) DefNew: 2307455K(2516544K)->100780K(2516544K) Eden: 2236928K(2236928K)->0K(2236928K) From: 70527K(279616K)->100780K(279616K)
[1364.882s][info][gc,heap        ] GC(452) Tenured: 1195710K(5592448K)->1195760K(5592448K)
[1364.882s][info][gc,metaspace   ] GC(452) Metaspace: 135713K(137024K)->135713K(137024K) NonClass: 114726K(115456K)->114726K(115456K) Class: 20986K(21568K)->20986K(21568K)
[1364.882s][info][gc             ] GC(452) Pause Young (GCLocker Initiated GC) 3421M->1266M(7918M) 86.931ms
[1364.882s][info][gc,cpu         ] GC(452) User=0.09s Sys=0.00s Real=0.09s
[1367.575s][info][gc,start       ] GC(453) Pause Young (Allocation Failure)
[1367.656s][info][gc,heap        ] GC(453) DefNew: 2337708K(2516544K)->84562K(2516544K) Eden: 2236928K(2236928K)->0K(2236928K) From: 100780K(279616K)->84562K(279616K)
[1367.656s][info][gc,heap        ] GC(453) Tenured: 1195760K(5592448K)->1195785K(5592448K)
[1367.656s][info][gc,metaspace   ] GC(453) Metaspace: 135714K(137024K)->135714K(137024K) NonClass: 114727K(115456K)->114727K(115456K) Class: 20986K(21568K)->20986K(21568K)
[1367.656s][info][gc             ] GC(453) Pause Young (Allocation Failure) 3450M->1250M(7918M) 80.900ms
[1367.656s][info][gc,cpu         ] GC(453) User=0.08s Sys=0.00s Real=0.08s
[1370.018s][info][gc,start       ] GC(454) Pause Young (Allocation Failure)
[1370.105s][info][gc,heap        ] GC(454) DefNew: 2321490K(2516544K)->112600K(2516544K) Eden: 2236928K(2236928K)->0K(2236928K) From: 84562K(279616K)->112600K(279616K)
[1370.105s][info][gc,heap        ] GC(454) Tenured: 1195785K(5592448K)->1195817K(5592448K)
[1370.105s][info][gc,metaspace   ] GC(454) Metaspace: 135714K(137024K)->135714K(137024K) NonClass: 114727K(115456K)->114727K(115456K) Class: 20986K(21568K)->20986K(21568K)
[1370.105s][info][gc             ] GC(454) Pause Young (Allocation Failure) 3434M->1277M(7918M) 86.854ms
[1370.105s][info][gc,cpu         ] GC(454) User=0.09s Sys=0.00s Real=0.09s
[1373.006s][info][gc,start       ] GC(455) Pause Young (Allocation Failure)
[1373.078s][info][gc,heap        ] GC(455) DefNew: 2349528K(2516544K)->83428K(2516544K) Eden: 2236928K(2236928K)->0K(2236928K) From: 112600K(279616K)->83428K(279616K)
[1373.078s][info][gc,heap        ] GC(455) Tenured: 1195817K(5592448K)->1195857K(5592448K)
[1373.078s][info][gc,metaspace   ] GC(455) Metaspace: 135714K(137024K)->135714K(137024K) NonClass: 114727K(115456K)->114727K(115456K) Class: 20986K(21568K)->20986K(21568K)
[1373.078s][info][gc             ] GC(455) Pause Young (Allocation Failure) 3462M->1249M(7918M) 72.176ms
[1373.079s][info][gc,cpu         ] GC(455) User=0.06s Sys=0.00s Real=0.07s
[1376.292s][info][gc,start       ] GC(456) Pause Young (Allocation Failure)
[1376.332s][info][gc,heap        ] GC(456) DefNew: 2320356K(2516544K)->34830K(2516544K) Eden: 2236928K(2236928K)->0K(2236928K) From: 83428K(279616K)->34830K(279616K)
[1376.332s][info][gc,heap        ] GC(456) Tenured: 1195857K(5592448K)->1195907K(5592448K)
[1376.332s][info][gc,metaspace   ] GC(456) Metaspace: 135716K(137024K)->135716K(137024K) NonClass: 114729K(115456K)->114729K(115456K) Class: 20986K(21568K)->20986K(21568K)
[1376.333s][info][gc             ] GC(456) Pause Young (Allocation Failure) 3433M->1201M(7918M) 40.714ms
[1376.333s][info][gc,cpu         ] GC(456) User=0.03s Sys=0.00s Real=0.04s
[1379.887s][info][gc,start       ] GC(457) Pause Young (Allocation Failure)
[1379.944s][info][gc,heap        ] GC(457) DefNew: 2271758K(2516544K)->56320K(2516544K) Eden: 2236928K(2236928K)->0K(2236928K) From: 34830K(279616K)->56320K(279616K)
[1379.944s][info][gc,heap        ] GC(457) Tenured: 1195907K(5592448K)->1195973K(5592448K)
[1379.944s][info][gc,metaspace   ] GC(457) Metaspace: 135717K(137024K)->135717K(137024K) NonClass: 114730K(115456K)->114730K(115456K) Class: 20986K(21568K)->20986K(21568K)
[1379.944s][info][gc             ] GC(457) Pause Young (Allocation Failure) 3386M->1222M(7918M) 57.274ms
[1379.944s][info][gc,cpu         ] GC(457) User=0.06s Sys=0.00s Real=0.06s
[1383.662s][info][gc,start       ] GC(458) Pause Young (Allocation Failure)
[1383.738s][info][gc,heap        ] GC(458) DefNew: 2293248K(2516544K)->77774K(2516544K) Eden: 2236928K(2236928K)->0K(2236928K) From: 56320K(279616K)->77774K(279616K)
[1383.738s][info][gc,heap        ] GC(458) Tenured: 1195973K(5592448K)->1196000K(5592448K)
[1383.738s][info][gc,metaspace   ] GC(458) Metaspace: 135718K(137024K)->135718K(137024K) NonClass: 114731K(115456K)->114731K(115456K) Class: 20986K(21568K)->20986K(21568K)
[1383.738s][info][gc             ] GC(458) Pause Young (Allocation Failure) 3407M->1243M(7918M) 75.798ms
[1383.738s][info][gc,cpu         ] GC(458) User=0.06s Sys=0.00s Real=0.08s
[1387.279s][info][gc,start       ] GC(459) Pause Young (Allocation Failure)
[1387.354s][info][gc,heap        ] GC(459) DefNew: 2314702K(2516544K)->91110K(2516544K) Eden: 2236928K(2236928K)->0K(2236928K) From: 77774K(279616K)->91110K(279616K)
[1387.354s][info][gc,heap        ] GC(459) Tenured: 1196000K(5592448K)->1196035K(5592448K)
[1387.354s][info][gc,metaspace   ] GC(459) Metaspace: 135719K(137024K)->135719K(137024K) NonClass: 114732K(115456K)->114732K(115456K) Class: 20986K(21568K)->20986K(21568K)
[1387.354s][info][gc             ] GC(459) Pause Young (Allocation Failure) 3428M->1256M(7918M) 74.919ms
[1387.354s][info][gc,cpu         ] GC(459) User=0.08s Sys=0.00s Real=0.08s
[1390.103s][info][gc,start       ] GC(460) Pause Young (Allocation Failure)
[1390.189s][info][gc,heap        ] GC(460) DefNew: 2328038K(2516544K)->110478K(2516544K) Eden: 2236928K(2236928K)->0K(2236928K) From: 91110K(279616K)->110478K(279616K)
[1390.189s][info][gc,heap        ] GC(460) Tenured: 1196035K(5592448K)->1196059K(5592448K)
[1390.189s][info][gc,metaspace   ] GC(460) Metaspace: 135719K(137024K)->135719K(137024K) NonClass: 114732K(115456K)->114732K(115456K) Class: 20986K(21568K)->20986K(21568K)
[1390.189s][info][gc             ] GC(460) Pause Young (Allocation Failure) 3441M->1275M(7918M) 85.950ms
[1390.189s][info][gc,cpu         ] GC(460) User=0.08s Sys=0.00s Real=0.09s
[1392.893s][info][gc,start       ] GC(461) Pause Young (GCLocker Initiated GC)
[1393.004s][info][gc,heap        ] GC(461) DefNew: 2347426K(2516544K)->122240K(2516544K) Eden: 2236928K(2236928K)->0K(2236928K) From: 110498K(279616K)->122240K(279616K)
[1393.004s][info][gc,heap        ] GC(461) Tenured: 1196059K(5592448K)->1196149K(5592448K)
[1393.004s][info][gc,metaspace   ] GC(461) Metaspace: 135720K(137024K)->135720K(137024K) NonClass: 114734K(115456K)->114734K(115456K) Class: 20986K(21568K)->20986K(21568K)
[1393.004s][info][gc             ] GC(461) Pause Young (GCLocker Initiated GC) 3460M->1287M(7918M) 111.043ms
[1393.004s][info][gc,cpu         ] GC(461) User=0.11s Sys=0.00s Real=0.11s
[1395.264s][info][gc,start       ] GC(462) Pause Young (Allocation Failure)
[1395.367s][info][gc,heap        ] GC(462) DefNew: 2359168K(2516544K)->105987K(2516544K) Eden: 2236928K(2236928K)->0K(2236928K) From: 122240K(279616K)->105987K(279616K)
[1395.367s][info][gc,heap        ] GC(462) Tenured: 1196149K(5592448K)->1196204K(5592448K)
[1395.367s][info][gc,metaspace   ] GC(462) Metaspace: 135722K(137024K)->135722K(137024K) NonClass: 114735K(115456K)->114735K(115456K) Class: 20986K(21568K)->20986K(21568K)
[1395.367s][info][gc             ] GC(462) Pause Young (Allocation Failure) 3471M->1271M(7918M) 103.196ms
[1395.367s][info][gc,cpu         ] GC(462) User=0.11s Sys=0.00s Real=0.10s
[1398.024s][info][gc,start       ] GC(463) Pause Young (Allocation Failure)
[1398.102s][info][gc,heap        ] GC(463) DefNew: 2342915K(2516544K)->102594K(2516544K) Eden: 2236928K(2236928K)->0K(2236928K) From: 105987K(279616K)->102594K(279616K)
[1398.102s][info][gc,heap        ] GC(463) Tenured: 1196204K(5592448K)->1196253K(5592448K)
[1398.102s][info][gc,metaspace   ] GC(463) Metaspace: 135723K(137024K)->135723K(137024K) NonClass: 114736K(115456K)->114736K(115456K) Class: 20986K(21568K)->20986K(21568K)
[1398.102s][info][gc             ] GC(463) Pause Young (Allocation Failure) 3456M->1268M(7918M) 78.686ms
[1398.102s][info][gc,cpu         ] GC(463) User=0.08s Sys=0.00s Real=0.08s
[1400.883s][info][gc,start       ] GC(464) Pause Young (Allocation Failure)
[1400.931s][info][gc,heap        ] GC(464) DefNew: 2339522K(2516544K)->44109K(2516544K) Eden: 2236928K(2236928K)->0K(2236928K) From: 102594K(279616K)->44109K(279616K)
[1400.931s][info][gc,heap        ] GC(464) Tenured: 1196253K(5592448K)->1196339K(5592448K)
[1400.931s][info][gc,metaspace   ] GC(464) Metaspace: 135723K(137024K)->135723K(137024K) NonClass: 114736K(115456K)->114736K(115456K) Class: 20986K(21568K)->20986K(21568K)
[1400.931s][info][gc             ] GC(464) Pause Young (Allocation Failure) 3452M->1211M(7918M) 48.521ms
[1400.931s][info][gc,cpu         ] GC(464) User=0.05s Sys=0.00s Real=0.05s
[1404.087s][info][gc,start       ] GC(465) Pause Young (Allocation Failure)
[1404.141s][info][gc,heap        ] GC(465) DefNew: 2281037K(2516544K)->59801K(2516544K) Eden: 2236928K(2236928K)->0K(2236928K) From: 44109K(279616K)->59801K(279616K)
[1404.141s][info][gc,heap        ] GC(465) Tenured: 1196339K(5592448K)->1196419K(5592448K)
[1404.141s][info][gc,metaspace   ] GC(465) Metaspace: 135723K(137024K)->135723K(137024K) NonClass: 114736K(115456K)->114736K(115456K) Class: 20986K(21568K)->20986K(21568K)
[1404.141s][info][gc             ] GC(465) Pause Young (Allocation Failure) 3395M->1226M(7918M) 54.048ms
[1404.141s][info][gc,cpu         ] GC(465) User=0.05s Sys=0.00s Real=0.05s
[1406.915s][info][gc,start       ] GC(466) Pause Young (Allocation Failure)
[1406.996s][info][gc,heap        ] GC(466) DefNew: 2296729K(2516544K)->88595K(2516544K) Eden: 2236928K(2236928K)->0K(2236928K) From: 59801K(279616K)->88595K(279616K)
[1406.996s][info][gc,heap        ] GC(466) Tenured: 1196419K(5592448K)->1196464K(5592448K)
[1406.996s][info][gc,metaspace   ] GC(466) Metaspace: 135723K(137024K)->135723K(137024K) NonClass: 114736K(115456K)->114736K(115456K) Class: 20986K(21568K)->20986K(21568K)
[1406.996s][info][gc             ] GC(466) Pause Young (Allocation Failure) 3411M->1254M(7918M) 81.183ms
[1406.996s][info][gc,cpu         ] GC(466) User=0.08s Sys=0.00s Real=0.08s
[1409.523s][info][gc,start       ] GC(467) Pause Young (Allocation Failure)
[1409.625s][info][gc,heap        ] GC(467) DefNew: 2325523K(2516544K)->105380K(2516544K) Eden: 2236928K(2236928K)->0K(2236928K) From: 88595K(279616K)->105380K(279616K)
[1409.625s][info][gc,heap        ] GC(467) Tenured: 1196464K(5592448K)->1196493K(5592448K)
[1409.625s][info][gc,metaspace   ] GC(467) Metaspace: 135723K(137024K)->135723K(137024K) NonClass: 114736K(115456K)->114736K(115456K) Class: 20986K(21568K)->20986K(21568K)
[1409.625s][info][gc             ] GC(467) Pause Young (Allocation Failure) 3439M->1271M(7918M) 102.684ms
[1409.625s][info][gc,cpu         ] GC(467) User=0.09s Sys=0.00s Real=0.10s
[1412.143s][info][gc,start       ] GC(468) Pause Young (Allocation Failure)
[1412.236s][info][gc,heap        ] GC(468) DefNew: 2342308K(2516544K)->111900K(2516544K) Eden: 2236928K(2236928K)->0K(2236928K) From: 105380K(279616K)->111900K(279616K)
[1412.236s][info][gc,heap        ] GC(468) Tenured: 1196493K(5592448K)->1196545K(5592448K)
[1412.236s][info][gc,metaspace   ] GC(468) Metaspace: 135723K(137024K)->135723K(137024K) NonClass: 114736K(115456K)->114736K(115456K) Class: 20986K(21568K)->20986K(21568K)
[1412.236s][info][gc             ] GC(468) Pause Young (Allocation Failure) 3455M->1277M(7918M) 93.050ms
[1412.236s][info][gc,cpu         ] GC(468) User=0.09s Sys=0.00s Real=0.09s
[1414.683s][info][gc,start       ] GC(469) Pause Young (Allocation Failure)
[1414.776s][info][gc,heap        ] GC(469) DefNew: 2348828K(2516544K)->126484K(2516544K) Eden: 2236928K(2236928K)->0K(2236928K) From: 111900K(279616K)->126484K(279616K)
[1414.776s][info][gc,heap        ] GC(469) Tenured: 1196545K(5592448K)->1196589K(5592448K)
[1414.776s][info][gc,metaspace   ] GC(469) Metaspace: 135724K(137024K)->135724K(137024K) NonClass: 114737K(115456K)->114737K(115456K) Class: 20986K(21568K)->20986K(21568K)
[1414.776s][info][gc             ] GC(469) Pause Young (Allocation Failure) 3462M->1292M(7918M) 92.944ms
[1414.776s][info][gc,cpu         ] GC(469) User=0.09s Sys=0.00s Real=0.09s
[1417.593s][info][gc,start       ] GC(470) Pause Young (Allocation Failure)
[1417.666s][info][gc,heap        ] GC(470) DefNew: 2363412K(2516544K)->87928K(2516544K) Eden: 2236928K(2236928K)->0K(2236928K) From: 126484K(279616K)->87928K(279616K)
[1417.666s][info][gc,heap        ] GC(470) Tenured: 1196589K(5592448K)->1196626K(5592448K)
[1417.666s][info][gc,metaspace   ] GC(470) Metaspace: 135724K(137024K)->135724K(137024K) NonClass: 114737K(115456K)->114737K(115456K) Class: 20986K(21568K)->20986K(21568K)
[1417.666s][info][gc             ] GC(470) Pause Young (Allocation Failure) 3476M->1254M(7918M) 73.303ms
[1417.666s][info][gc,cpu         ] GC(470) User=0.08s Sys=0.00s Real=0.07s
[1420.279s][info][gc,start       ] GC(471) Pause Young (Allocation Failure)
[1420.318s][info][gc,heap        ] GC(471) DefNew: 2324856K(2516544K)->37079K(2516544K) Eden: 2236928K(2236928K)->0K(2236928K) From: 87928K(279616K)->37079K(279616K)
[1420.318s][info][gc,heap        ] GC(471) Tenured: 1196626K(5592448K)->1196700K(5592448K)
[1420.318s][info][gc,metaspace   ] GC(471) Metaspace: 135724K(137024K)->135724K(137024K) NonClass: 114737K(115456K)->114737K(115456K) Class: 20986K(21568K)->20986K(21568K)
[1420.318s][info][gc             ] GC(471) Pause Young (Allocation Failure) 3438M->1204M(7918M) 39.667ms
[1420.318s][info][gc,cpu         ] GC(471) User=0.03s Sys=0.00s Real=0.04s
[1423.603s][info][gc,start       ] GC(472) Pause Young (Allocation Failure)
[1423.657s][info][gc,heap        ] GC(472) DefNew: 2274007K(2516544K)->58478K(2516544K) Eden: 2236928K(2236928K)->0K(2236928K) From: 37079K(279616K)->58478K(279616K)
[1423.658s][info][gc,heap        ] GC(472) Tenured: 1196700K(5592448K)->1196736K(5592448K)
[1423.658s][info][gc,metaspace   ] GC(472) Metaspace: 135724K(137024K)->135724K(137024K) NonClass: 114737K(115456K)->114737K(115456K) Class: 20986K(21568K)->20986K(21568K)
[1423.658s][info][gc             ] GC(472) Pause Young (Allocation Failure) 3389M->1225M(7918M) 54.758ms
[1423.658s][info][gc,cpu         ] GC(472) User=0.05s Sys=0.00s Real=0.06s
[1426.654s][info][gc,start       ] GC(473) Pause Young (Allocation Failure)
[1426.718s][info][gc,heap        ] GC(473) DefNew: 2295406K(2516544K)->72149K(2516544K) Eden: 2236928K(2236928K)->0K(2236928K) From: 58478K(279616K)->72149K(279616K)
[1426.718s][info][gc,heap        ] GC(473) Tenured: 1196736K(5592448K)->1196781K(5592448K)
[1426.718s][info][gc,metaspace   ] GC(473) Metaspace: 135724K(137024K)->135724K(137024K) NonClass: 114737K(115456K)->114737K(115456K) Class: 20986K(21568K)->20986K(21568K)
[1426.718s][info][gc             ] GC(473) Pause Young (Allocation Failure) 3410M->1239M(7918M) 63.785ms
[1426.718s][info][gc,cpu         ] GC(473) User=0.06s Sys=0.00s Real=0.06s
[1429.261s][info][gc,start       ] GC(474) Pause Young (Allocation Failure)
[1429.345s][info][gc,heap        ] GC(474) DefNew: 2309077K(2516544K)->97752K(2516544K) Eden: 2236928K(2236928K)->0K(2236928K) From: 72149K(279616K)->97752K(279616K)
[1429.345s][info][gc,heap        ] GC(474) Tenured: 1196781K(5592448K)->1196830K(5592448K)
[1429.345s][info][gc,metaspace   ] GC(474) Metaspace: 135724K(137024K)->135724K(137024K) NonClass: 114738K(115456K)->114738K(115456K) Class: 20986K(21568K)->20986K(21568K)
[1429.345s][info][gc             ] GC(474) Pause Young (Allocation Failure) 3423M->1264M(7918M) 83.906ms
[1429.345s][info][gc,cpu         ] GC(474) User=0.08s Sys=0.00s Real=0.08s
[1431.967s][info][gc,start       ] GC(475) Pause Young (Allocation Failure)
[1432.071s][info][gc,heap        ] GC(475) DefNew: 2334680K(2516544K)->89545K(2516544K) Eden: 2236928K(2236928K)->0K(2236928K) From: 97752K(279616K)->89545K(279616K)
[1432.071s][info][gc,heap        ] GC(475) Tenured: 1196830K(5592448K)->1196860K(5592448K)
[1432.071s][info][gc,metaspace   ] GC(475) Metaspace: 135724K(137024K)->135724K(137024K) NonClass: 114738K(115456K)->114738K(115456K) Class: 20986K(21568K)->20986K(21568K)
[1432.071s][info][gc             ] GC(475) Pause Young (Allocation Failure) 3448M->1256M(7918M) 104.456ms
[1432.071s][info][gc,cpu         ] GC(475) User=0.11s Sys=0.00s Real=0.11s
[1434.346s][info][gc,start       ] GC(476) Pause Young (Allocation Failure)
[1434.454s][info][gc,heap        ] GC(476) DefNew: 2326473K(2516544K)->135391K(2516544K) Eden: 2236928K(2236928K)->0K(2236928K) From: 89545K(279616K)->135391K(279616K)
[1434.454s][info][gc,heap        ] GC(476) Tenured: 1196860K(5592448K)->1196939K(5592448K)
[1434.454s][info][gc,metaspace   ] GC(476) Metaspace: 135724K(137024K)->135724K(137024K) NonClass: 114738K(115456K)->114738K(115456K) Class: 20986K(21568K)->20986K(21568K)
[1434.454s][info][gc             ] GC(476) Pause Young (Allocation Failure) 3440M->1301M(7918M) 107.518ms
[1434.454s][info][gc,cpu         ] GC(476) User=0.11s Sys=0.00s Real=0.11s
[1437.156s][info][gc,start       ] GC(477) Pause Young (Allocation Failure)
[1437.237s][info][gc,heap        ] GC(477) DefNew: 2372319K(2516544K)->99746K(2516544K) Eden: 2236928K(2236928K)->0K(2236928K) From: 135391K(279616K)->99746K(279616K)
[1437.237s][info][gc,heap        ] GC(477) Tenured: 1196939K(5592448K)->1197002K(5592448K)
[1437.237s][info][gc,metaspace   ] GC(477) Metaspace: 135724K(137024K)->135724K(137024K) NonClass: 114738K(115456K)->114738K(115456K) Class: 20986K(21568K)->20986K(21568K)
[1437.237s][info][gc             ] GC(477) Pause Young (Allocation Failure) 3485M->1266M(7918M) 81.591ms
[1437.237s][info][gc,cpu         ] GC(477) User=0.08s Sys=0.00s Real=0.08s
[1440.595s][info][gc,start       ] GC(478) Pause Young (GCLocker Initiated GC)
[1440.655s][info][gc,heap        ] GC(478) DefNew: 2336754K(2516544K)->65280K(2516544K) Eden: 2236928K(2236928K)->0K(2236928K) From: 99826K(279616K)->65280K(279616K)
[1440.655s][info][gc,heap        ] GC(478) Tenured: 1197002K(5592448K)->1197101K(5592448K)
[1440.655s][info][gc,metaspace   ] GC(478) Metaspace: 135726K(137024K)->135726K(137024K) NonClass: 114739K(115456K)->114739K(115456K) Class: 20986K(21568K)->20986K(21568K)
[1440.655s][info][gc             ] GC(478) Pause Young (GCLocker Initiated GC) 3450M->1232M(7918M) 60.832ms
[1440.655s][info][gc,cpu         ] GC(478) User=0.06s Sys=0.00s Real=0.06s
[1443.675s][info][gc,start       ] GC(479) Pause Young (Allocation Failure)
[1443.744s][info][gc,heap        ] GC(479) DefNew: 2302208K(2516544K)->55369K(2516544K) Eden: 2236928K(2236928K)->0K(2236928K) From: 65280K(279616K)->55369K(279616K)
[1443.744s][info][gc,heap        ] GC(479) Tenured: 1197101K(5592448K)->1197135K(5592448K)
[1443.744s][info][gc,metaspace   ] GC(479) Metaspace: 135727K(137024K)->135727K(137024K) NonClass: 114740K(115456K)->114740K(115456K) Class: 20986K(21568K)->20986K(21568K)
[1443.744s][info][gc             ] GC(479) Pause Young (Allocation Failure) 3417M->1223M(7918M) 69.069ms
[1443.744s][info][gc,cpu         ] GC(479) User=0.08s Sys=0.00s Real=0.07s
[1446.983s][info][gc,start       ] GC(480) Pause Young (Allocation Failure)
[1447.061s][info][gc,heap        ] GC(480) DefNew: 2292297K(2516544K)->71139K(2516544K) Eden: 2236928K(2236928K)->0K(2236928K) From: 55369K(279616K)->71139K(279616K)
[1447.061s][info][gc,heap        ] GC(480) Tenured: 1197135K(5592448K)->1197196K(5592448K)
[1447.061s][info][gc,metaspace   ] GC(480) Metaspace: 135734K(137024K)->135734K(137024K) NonClass: 114748K(115456K)->114748K(115456K) Class: 20986K(21568K)->20986K(21568K)
[1447.061s][info][gc             ] GC(480) Pause Young (Allocation Failure) 3407M->1238M(7918M) 78.255ms
[1447.061s][info][gc,cpu         ] GC(480) User=0.08s Sys=0.00s Real=0.08s
[1450.039s][info][gc,start       ] GC(481) Pause Young (Allocation Failure)
[1450.088s][info][gc,heap        ] GC(481) DefNew: 2308067K(2516544K)->58796K(2516544K) Eden: 2236928K(2236928K)->0K(2236928K) From: 71139K(279616K)->58796K(279616K)
[1450.088s][info][gc,heap        ] GC(481) Tenured: 1197196K(5592448K)->1197238K(5592448K)
[1450.088s][info][gc,metaspace   ] GC(481) Metaspace: 135734K(137024K)->135734K(137024K) NonClass: 114748K(115456K)->114748K(115456K) Class: 20986K(21568K)->20986K(21568K)
[1450.088s][info][gc             ] GC(481) Pause Young (Allocation Failure) 3423M->1226M(7918M) 49.578ms
[1450.088s][info][gc,cpu         ] GC(481) User=0.05s Sys=0.00s Real=0.05s
[1453.103s][info][gc,start       ] GC(482) Pause Young (Allocation Failure)
[1453.174s][info][gc,heap        ] GC(482) DefNew: 2295724K(2516544K)->85943K(2516544K) Eden: 2236928K(2236928K)->0K(2236928K) From: 58796K(279616K)->85943K(279616K)
[1453.174s][info][gc,heap        ] GC(482) Tenured: 1197238K(5592448K)->1197279K(5592448K)
[1453.174s][info][gc,metaspace   ] GC(482) Metaspace: 135734K(137024K)->135734K(137024K) NonClass: 114748K(115456K)->114748K(115456K) Class: 20986K(21568K)->20986K(21568K)
[1453.174s][info][gc             ] GC(482) Pause Young (Allocation Failure) 3411M->1253M(7918M) 70.909ms
[1453.174s][info][gc,cpu         ] GC(482) User=0.06s Sys=0.00s Real=0.07s
[1455.959s][info][gc,start       ] GC(483) Pause Young (Allocation Failure)
[1456.026s][info][gc,heap        ] GC(483) DefNew: 2322871K(2516544K)->84858K(2516544K) Eden: 2236928K(2236928K)->0K(2236928K) From: 85943K(279616K)->84858K(279616K)
[1456.026s][info][gc,heap        ] GC(483) Tenured: 1197279K(5592448K)->1197335K(5592448K)
[1456.026s][info][gc,metaspace   ] GC(483) Metaspace: 135734K(137024K)->135734K(137024K) NonClass: 114748K(115456K)->114748K(115456K) Class: 20986K(21568K)->20986K(21568K)
[1456.026s][info][gc             ] GC(483) Pause Young (Allocation Failure) 3437M->1252M(7918M) 67.176ms
[1456.026s][info][gc,cpu         ] GC(483) User=0.08s Sys=0.00s Real=0.07s
[1458.263s][info][gc,start       ] GC(484) Pause Young (Allocation Failure)
[1458.342s][info][gc,heap        ] GC(484) DefNew: 2321786K(2516544K)->103672K(2516544K) Eden: 2236928K(2236928K)->0K(2236928K) From: 84858K(279616K)->103672K(279616K)
[1458.342s][info][gc,heap        ] GC(484) Tenured: 1197335K(5592448K)->1197383K(5592448K)
[1458.342s][info][gc,metaspace   ] GC(484) Metaspace: 135736K(137024K)->135736K(137024K) NonClass: 114749K(115456K)->114749K(115456K) Class: 20986K(21568K)->20986K(21568K)
[1458.342s][info][gc             ] GC(484) Pause Young (Allocation Failure) 3436M->1270M(7918M) 78.494ms
[1458.342s][info][gc,cpu         ] GC(484) User=0.08s Sys=0.00s Real=0.08s
[1460.963s][info][gc,start       ] GC(485) Pause Young (Allocation Failure)
[1461.025s][info][gc,heap        ] GC(485) DefNew: 2340600K(2516544K)->84034K(2516544K) Eden: 2236928K(2236928K)->0K(2236928K) From: 103672K(279616K)->84034K(279616K)
[1461.025s][info][gc,heap        ] GC(485) Tenured: 1197383K(5592448K)->1197412K(5592448K)
[1461.025s][info][gc,metaspace   ] GC(485) Metaspace: 135736K(137024K)->135736K(137024K) NonClass: 114749K(115456K)->114749K(115456K) Class: 20986K(21568K)->20986K(21568K)
[1461.025s][info][gc             ] GC(485) Pause Young (Allocation Failure) 3455M->1251M(7918M) 62.658ms
[1461.025s][info][gc,cpu         ] GC(485) User=0.06s Sys=0.00s Real=0.06s
[1463.031s][info][gc,start       ] GC(486) Pause Young (Allocation Failure)
[1463.098s][info][gc,heap        ] GC(486) DefNew: 2320962K(2516544K)->63252K(2516544K) Eden: 2236928K(2236928K)->0K(2236928K) From: 84034K(279616K)->63252K(279616K)
[1463.099s][info][gc,heap        ] GC(486) Tenured: 1197412K(5592448K)->1197479K(5592448K)
[1463.099s][info][gc,metaspace   ] GC(486) Metaspace: 135736K(137024K)->135736K(137024K) NonClass: 114749K(115456K)->114749K(115456K) Class: 20986K(21568K)->20986K(21568K)
[1463.099s][info][gc             ] GC(486) Pause Young (Allocation Failure) 3435M->1231M(7918M) 67.756ms
[1463.099s][info][gc,cpu         ] GC(486) User=0.06s Sys=0.00s Real=0.07s
[1466.227s][info][gc,start       ] GC(487) Pause Young (Allocation Failure)
[1466.285s][info][gc,heap        ] GC(487) DefNew: 2300180K(2516544K)->71214K(2516544K) Eden: 2236928K(2236928K)->0K(2236928K) From: 63252K(279616K)->71214K(279616K)
[1466.285s][info][gc,heap        ] GC(487) Tenured: 1197479K(5592448K)->1197514K(5592448K)
[1466.285s][info][gc,metaspace   ] GC(487) Metaspace: 135736K(137024K)->135736K(137024K) NonClass: 114749K(115456K)->114749K(115456K) Class: 20986K(21568K)->20986K(21568K)
[1466.285s][info][gc             ] GC(487) Pause Young (Allocation Failure) 3415M->1238M(7918M) 57.408ms
[1466.285s][info][gc,cpu         ] GC(487) User=0.05s Sys=0.00s Real=0.06s
[1469.495s][info][gc,start       ] GC(488) Pause Young (Allocation Failure)
[1469.559s][info][gc,heap        ] GC(488) DefNew: 2308142K(2516544K)->72265K(2516544K) Eden: 2236928K(2236928K)->0K(2236928K) From: 71214K(279616K)->72265K(279616K)
[1469.559s][info][gc,heap        ] GC(488) Tenured: 1197514K(5592448K)->1197564K(5592448K)
[1469.559s][info][gc,metaspace   ] GC(488) Metaspace: 135737K(137024K)->135737K(137024K) NonClass: 114750K(115456K)->114750K(115456K) Class: 20986K(21568K)->20986K(21568K)
[1469.559s][info][gc             ] GC(488) Pause Young (Allocation Failure) 3423M->1240M(7918M) 64.019ms
[1469.559s][info][gc,cpu         ] GC(488) User=0.06s Sys=0.00s Real=0.06s
[1472.567s][info][gc,start       ] GC(489) Pause Young (Allocation Failure)
[1472.632s][info][gc,heap        ] GC(489) DefNew: 2309193K(2516544K)->66299K(2516544K) Eden: 2236928K(2236928K)->0K(2236928K) From: 72265K(279616K)->66299K(279616K)
[1472.632s][info][gc,heap        ] GC(489) Tenured: 1197564K(5592448K)->1197591K(5592448K)
[1472.632s][info][gc,metaspace   ] GC(489) Metaspace: 135742K(137088K)->135742K(137088K) NonClass: 114755K(115520K)->114755K(115520K) Class: 20986K(21568K)->20986K(21568K)
[1472.632s][info][gc             ] GC(489) Pause Young (Allocation Failure) 3424M->1234M(7918M) 64.767ms
[1472.632s][info][gc,cpu         ] GC(489) User=0.08s Sys=0.00s Real=0.06s
[1475.291s][info][gc,start       ] GC(490) Pause Young (Allocation Failure)
[1475.357s][info][gc,heap        ] GC(490) DefNew: 2303227K(2516544K)->76673K(2516544K) Eden: 2236928K(2236928K)->0K(2236928K) From: 66299K(279616K)->76673K(279616K)
[1475.357s][info][gc,heap        ] GC(490) Tenured: 1197591K(5592448K)->1197665K(5592448K)
[1475.357s][info][gc,metaspace   ] GC(490) Metaspace: 135744K(137088K)->135744K(137088K) NonClass: 114757K(115520K)->114757K(115520K) Class: 20986K(21568K)->20986K(21568K)
[1475.357s][info][gc             ] GC(490) Pause Young (Allocation Failure) 3418M->1244M(7918M) 66.880ms
[1475.357s][info][gc,cpu         ] GC(490) User=0.06s Sys=0.00s Real=0.07s
[1478.074s][info][gc,start       ] GC(491) Pause Young (Allocation Failure)
[1478.172s][info][gc,heap        ] GC(491) DefNew: 2313601K(2516544K)->111129K(2516544K) Eden: 2236928K(2236928K)->0K(2236928K) From: 76673K(279616K)->111129K(279616K)
[1478.172s][info][gc,heap        ] GC(491) Tenured: 1197665K(5592448K)->1197700K(5592448K)
[1478.172s][info][gc,metaspace   ] GC(491) Metaspace: 135756K(137088K)->135756K(137088K) NonClass: 114765K(115520K)->114765K(115520K) Class: 20990K(21568K)->20990K(21568K)
[1478.172s][info][gc             ] GC(491) Pause Young (Allocation Failure) 3428M->1278M(7918M) 97.695ms
[1478.172s][info][gc,cpu         ] GC(491) User=0.09s Sys=0.00s Real=0.10s
[1480.374s][info][gc,start       ] GC(492) Pause Young (Allocation Failure)
[1480.462s][info][gc,heap        ] GC(492) DefNew: 2348057K(2516544K)->112971K(2516544K) Eden: 2236928K(2236928K)->0K(2236928K) From: 111129K(279616K)->112971K(279616K)
[1480.462s][info][gc,heap        ] GC(492) Tenured: 1197700K(5592448K)->1197740K(5592448K)
[1480.462s][info][gc,metaspace   ] GC(492) Metaspace: 135756K(137088K)->135756K(137088K) NonClass: 114765K(115520K)->114765K(115520K) Class: 20990K(21568K)->20990K(21568K)
[1480.462s][info][gc             ] GC(492) Pause Young (Allocation Failure) 3462M->1279M(7918M) 87.758ms
[1480.462s][info][gc,cpu         ] GC(492) User=0.09s Sys=0.00s Real=0.09s
[1482.783s][info][gc,start       ] GC(493) Pause Young (Allocation Failure)
[1482.885s][info][gc,heap        ] GC(493) DefNew: 2349899K(2516544K)->131753K(2516544K) Eden: 2236928K(2236928K)->0K(2236928K) From: 112971K(279616K)->131753K(279616K)
[1482.885s][info][gc,heap        ] GC(493) Tenured: 1197740K(5592448K)->1197846K(5592448K)
[1482.885s][info][gc,metaspace   ] GC(493) Metaspace: 135756K(137088K)->135756K(137088K) NonClass: 114765K(115520K)->114765K(115520K) Class: 20990K(21568K)->20990K(21568K)
[1482.885s][info][gc             ] GC(493) Pause Young (Allocation Failure) 3464M->1298M(7918M) 102.086ms
[1482.885s][info][gc,cpu         ] GC(493) User=0.11s Sys=0.00s Real=0.10s
[1485.667s][info][gc,start       ] GC(494) Pause Young (Allocation Failure)
[1485.724s][info][gc,heap        ] GC(494) DefNew: 2368681K(2516544K)->71166K(2516544K) Eden: 2236928K(2236928K)->0K(2236928K) From: 131753K(279616K)->71166K(279616K)
[1485.724s][info][gc,heap        ] GC(494) Tenured: 1197846K(5592448K)->1197892K(5592448K)
[1485.724s][info][gc,metaspace   ] GC(494) Metaspace: 135759K(137152K)->135759K(137152K) NonClass: 114768K(115584K)->114768K(115584K) Class: 20990K(21568K)->20990K(21568K)
[1485.724s][info][gc             ] GC(494) Pause Young (Allocation Failure) 3482M->1239M(7918M) 57.373ms
[1485.724s][info][gc,cpu         ] GC(494) User=0.05s Sys=0.00s Real=0.06s
[1488.943s][info][gc,start       ] GC(495) Pause Young (Allocation Failure)
[1489.002s][info][gc,heap        ] GC(495) DefNew: 2308094K(2516544K)->66791K(2516544K) Eden: 2236928K(2236928K)->0K(2236928K) From: 71166K(279616K)->66791K(279616K)
[1489.002s][info][gc,heap        ] GC(495) Tenured: 1197892K(5592448K)->1197990K(5592448K)
[1489.002s][info][gc,metaspace   ] GC(495) Metaspace: 135760K(137152K)->135760K(137152K) NonClass: 114769K(115584K)->114769K(115584K) Class: 20990K(21568K)->20990K(21568K)
[1489.002s][info][gc             ] GC(495) Pause Young (Allocation Failure) 3423M->1235M(7918M) 59.453ms
[1489.002s][info][gc,cpu         ] GC(495) User=0.06s Sys=0.00s Real=0.06s
[1491.803s][info][gc,start       ] GC(496) Pause Young (Allocation Failure)
[1491.861s][info][gc,heap        ] GC(496) DefNew: 2303719K(2516544K)->65847K(2516544K) Eden: 2236928K(2236928K)->0K(2236928K) From: 66791K(279616K)->65847K(279616K)
[1491.862s][info][gc,heap        ] GC(496) Tenured: 1197990K(5592448K)->1198046K(5592448K)
[1491.862s][info][gc,metaspace   ] GC(496) Metaspace: 135790K(137152K)->135790K(137152K) NonClass: 114796K(115584K)->114796K(115584K) Class: 20993K(21568K)->20993K(21568K)
[1491.862s][info][gc             ] GC(496) Pause Young (Allocation Failure) 3419M->1234M(7918M) 58.553ms
[1491.862s][info][gc,cpu         ] GC(496) User=0.05s Sys=0.00s Real=0.06s
[1494.771s][info][gc,start       ] GC(497) Pause Young (Allocation Failure)
[1494.850s][info][gc,heap        ] GC(497) DefNew: 2302775K(2516544K)->92539K(2516544K) Eden: 2236928K(2236928K)->0K(2236928K) From: 65847K(279616K)->92539K(279616K)
[1494.850s][info][gc,heap        ] GC(497) Tenured: 1198046K(5592448K)->1198088K(5592448K)
[1494.850s][info][gc,metaspace   ] GC(497) Metaspace: 135800K(137152K)->135800K(137152K) NonClass: 114806K(115584K)->114806K(115584K) Class: 20993K(21568K)->20993K(21568K)
[1494.850s][info][gc             ] GC(497) Pause Young (Allocation Failure) 3418M->1260M(7918M) 79.289ms
[1494.850s][info][gc,cpu         ] GC(497) User=0.09s Sys=0.00s Real=0.08s
[1497.696s][info][gc,start       ] GC(498) Pause Young (Allocation Failure)
[1497.766s][info][gc,heap        ] GC(498) DefNew: 2329467K(2516544K)->87307K(2516544K) Eden: 2236928K(2236928K)->0K(2236928K) From: 92539K(279616K)->87307K(279616K)
[1497.766s][info][gc,heap        ] GC(498) Tenured: 1198088K(5592448K)->1198125K(5592448K)
[1497.766s][info][gc,metaspace   ] GC(498) Metaspace: 135804K(137152K)->135804K(137152K) NonClass: 114810K(115584K)->114810K(115584K) Class: 20993K(21568K)->20993K(21568K)
[1497.766s][info][gc             ] GC(498) Pause Young (Allocation Failure) 3444M->1255M(7918M) 70.069ms
[1497.766s][info][gc,cpu         ] GC(498) User=0.06s Sys=0.00s Real=0.07s
[1500.092s][info][gc,start       ] GC(499) Pause Young (Allocation Failure)
[1500.171s][info][gc,heap        ] GC(499) DefNew: 2324235K(2516544K)->104247K(2516544K) Eden: 2236928K(2236928K)->0K(2236928K) From: 87307K(279616K)->104247K(279616K)
[1500.171s][info][gc,heap        ] GC(499) Tenured: 1198125K(5592448K)->1198164K(5592448K)
[1500.171s][info][gc,metaspace   ] GC(499) Metaspace: 135805K(137152K)->135805K(137152K) NonClass: 114811K(115584K)->114811K(115584K) Class: 20993K(21568K)->20993K(21568K)
[1500.171s][info][gc             ] GC(499) Pause Young (Allocation Failure) 3439M->1271M(7918M) 78.923ms
[1500.171s][info][gc,cpu         ] GC(499) User=0.08s Sys=0.00s Real=0.08s
[1502.281s][info][gc,start       ] GC(500) Pause Young (Allocation Failure)
[1502.376s][info][gc,heap        ] GC(500) DefNew: 2341175K(2516544K)->125799K(2516544K) Eden: 2236928K(2236928K)->0K(2236928K) From: 104247K(279616K)->125799K(279616K)
[1502.376s][info][gc,heap        ] GC(500) Tenured: 1198164K(5592448K)->1198194K(5592448K)
[1502.376s][info][gc,metaspace   ] GC(500) Metaspace: 135805K(137152K)->135805K(137152K) NonClass: 114811K(115584K)->114811K(115584K) Class: 20993K(21568K)->20993K(21568K)
[1502.376s][info][gc             ] GC(500) Pause Young (Allocation Failure) 3456M->1292M(7918M) 95.067ms
[1502.376s][info][gc,cpu         ] GC(500) User=0.09s Sys=0.00s Real=0.10s
[1504.923s][info][gc,start       ] GC(501) Pause Young (Allocation Failure)
[1505.004s][info][gc,heap        ] GC(501) DefNew: 2362727K(2516544K)->72724K(2516544K) Eden: 2236928K(2236928K)->0K(2236928K) From: 125799K(279616K)->72724K(279616K)
[1505.004s][info][gc,heap        ] GC(501) Tenured: 1198194K(5592448K)->1198276K(5592448K)
[1505.004s][info][gc,metaspace   ] GC(501) Metaspace: 135805K(137152K)->135805K(137152K) NonClass: 114812K(115584K)->114812K(115584K) Class: 20993K(21568K)->20993K(21568K)
[1505.004s][info][gc             ] GC(501) Pause Young (Allocation Failure) 3477M->1241M(7918M) 80.981ms
[1505.004s][info][gc,cpu         ] GC(501) User=0.08s Sys=0.00s Real=0.08s
[1509.307s][info][gc,start       ] GC(502) Pause Young (Allocation Failure)
[1509.381s][info][gc,heap        ] GC(502) DefNew: 2309652K(2516544K)->81478K(2516544K) Eden: 2236928K(2236928K)->0K(2236928K) From: 72724K(279616K)->81478K(279616K)
[1509.381s][info][gc,heap        ] GC(502) Tenured: 1198276K(5592448K)->1198315K(5592448K)
[1509.381s][info][gc,metaspace   ] GC(502) Metaspace: 135811K(137152K)->135811K(137152K) NonClass: 114817K(115584K)->114817K(115584K) Class: 20993K(21568K)->20993K(21568K)
[1509.381s][info][gc             ] GC(502) Pause Young (Allocation Failure) 3425M->1249M(7918M) 73.606ms
[1509.381s][info][gc,cpu         ] GC(502) User=0.06s Sys=0.00s Real=0.07s
[1512.358s][info][gc,start       ] GC(503) Pause Young (Allocation Failure)
[1512.429s][info][gc,heap        ] GC(503) DefNew: 2318406K(2516544K)->84916K(2516544K) Eden: 2236928K(2236928K)->0K(2236928K) From: 81478K(279616K)->84916K(279616K)
[1512.429s][info][gc,heap        ] GC(503) Tenured: 1198315K(5592448K)->1198446K(5592448K)
[1512.429s][info][gc,metaspace   ] GC(503) Metaspace: 135816K(137152K)->135816K(137152K) NonClass: 114822K(115584K)->114822K(115584K) Class: 20993K(21568K)->20993K(21568K)
[1512.429s][info][gc             ] GC(503) Pause Young (Allocation Failure) 3434M->1253M(7918M) 71.522ms
[1512.429s][info][gc,cpu         ] GC(503) User=0.08s Sys=0.00s Real=0.07s
[1515.819s][info][gc,start       ] GC(504) Pause Young (Allocation Failure)
[1515.885s][info][gc,heap        ] GC(504) DefNew: 2321844K(2516544K)->76391K(2516544K) Eden: 2236928K(2236928K)->0K(2236928K) From: 84916K(279616K)->76391K(279616K)
[1515.885s][info][gc,heap        ] GC(504) Tenured: 1198446K(5592448K)->1198507K(5592448K)
[1515.885s][info][gc,metaspace   ] GC(504) Metaspace: 135816K(137152K)->135816K(137152K) NonClass: 114822K(115584K)->114822K(115584K) Class: 20993K(21568K)->20993K(21568K)
[1515.885s][info][gc             ] GC(504) Pause Young (Allocation Failure) 3437M->1245M(7918M) 66.229ms
[1515.885s][info][gc,cpu         ] GC(504) User=0.06s Sys=0.00s Real=0.07s
[1518.661s][info][gc,start       ] GC(505) Pause Young (Allocation Failure)
[1518.744s][info][gc,heap        ] GC(505) DefNew: 2313319K(2516544K)->90930K(2516544K) Eden: 2236928K(2236928K)->0K(2236928K) From: 76391K(279616K)->90930K(279616K)
[1518.744s][info][gc,heap        ] GC(505) Tenured: 1198507K(5592448K)->1198556K(5592448K)
[1518.744s][info][gc,metaspace   ] GC(505) Metaspace: 135817K(137152K)->135817K(137152K) NonClass: 114824K(115584K)->114824K(115584K) Class: 20993K(21568K)->20993K(21568K)
[1518.744s][info][gc             ] GC(505) Pause Young (Allocation Failure) 3429M->1259M(7918M) 83.586ms
[1518.744s][info][gc,cpu         ] GC(505) User=0.09s Sys=0.00s Real=0.08s
[1521.378s][info][gc,start       ] GC(506) Pause Young (Allocation Failure)
[1521.460s][info][gc,heap        ] GC(506) DefNew: 2327858K(2516544K)->103523K(2516544K) Eden: 2236928K(2236928K)->0K(2236928K) From: 90930K(279616K)->103523K(279616K)
[1521.460s][info][gc,heap        ] GC(506) Tenured: 1198556K(5592448K)->1198601K(5592448K)
[1521.460s][info][gc,metaspace   ] GC(506) Metaspace: 135818K(137152K)->135818K(137152K) NonClass: 114824K(115584K)->114824K(115584K) Class: 20993K(21568K)->20993K(21568K)
[1521.460s][info][gc             ] GC(506) Pause Young (Allocation Failure) 3443M->1271M(7918M) 82.038ms
[1521.460s][info][gc,cpu         ] GC(506) User=0.09s Sys=0.00s Real=0.08s
[1523.531s][info][gc,start       ] GC(507) Pause Young (Allocation Failure)
[1523.627s][info][gc,heap        ] GC(507) DefNew: 2340451K(2516544K)->115051K(2516544K) Eden: 2236928K(2236928K)->0K(2236928K) From: 103523K(279616K)->115051K(279616K)
[1523.627s][info][gc,heap        ] GC(507) Tenured: 1198601K(5592448K)->1198638K(5592448K)
[1523.627s][info][gc,metaspace   ] GC(507) Metaspace: 135819K(137152K)->135819K(137152K) NonClass: 114826K(115584K)->114826K(115584K) Class: 20993K(21568K)->20993K(21568K)
[1523.627s][info][gc             ] GC(507) Pause Young (Allocation Failure) 3456M->1282M(7918M) 96.484ms
[1523.627s][info][gc,cpu         ] GC(507) User=0.09s Sys=0.00s Real=0.10s
[1526.007s][info][gc,start       ] GC(508) Pause Young (Allocation Failure)
[1526.109s][info][gc,heap        ] GC(508) DefNew: 2351979K(2516544K)->125441K(2516544K) Eden: 2236928K(2236928K)->0K(2236928K) From: 115051K(279616K)->125441K(279616K)
[1526.109s][info][gc,heap        ] GC(508) Tenured: 1198638K(5592448K)->1198766K(5592448K)
[1526.109s][info][gc,metaspace   ] GC(508) Metaspace: 135819K(137152K)->135819K(137152K) NonClass: 114826K(115584K)->114826K(115584K) Class: 20993K(21568K)->20993K(21568K)
[1526.109s][info][gc             ] GC(508) Pause Young (Allocation Failure) 3467M->1293M(7918M) 101.844ms
[1526.109s][info][gc,cpu         ] GC(508) User=0.09s Sys=0.00s Real=0.10s
[1529.535s][info][gc,start       ] GC(509) Pause Young (Allocation Failure)
[1529.614s][info][gc,heap        ] GC(509) DefNew: 2362369K(2516544K)->76562K(2516544K) Eden: 2236928K(2236928K)->0K(2236928K) From: 125441K(279616K)->76562K(279616K)
[1529.614s][info][gc,heap        ] GC(509) Tenured: 1198766K(5592448K)->1198849K(5592448K)
[1529.614s][info][gc,metaspace   ] GC(509) Metaspace: 135819K(137152K)->135819K(137152K) NonClass: 114826K(115584K)->114826K(115584K) Class: 20993K(21568K)->20993K(21568K)
[1529.614s][info][gc             ] GC(509) Pause Young (Allocation Failure) 3477M->1245M(7918M) 78.852ms
[1529.614s][info][gc,cpu         ] GC(509) User=0.08s Sys=0.00s Real=0.08s
[1533.030s][info][gc,start       ] GC(510) Pause Young (Allocation Failure)
[1533.097s][info][gc,heap        ] GC(510) DefNew: 2313490K(2516544K)->73137K(2516544K) Eden: 2236928K(2236928K)->0K(2236928K) From: 76562K(279616K)->73137K(279616K)
[1533.097s][info][gc,heap        ] GC(510) Tenured: 1198849K(5592448K)->1198923K(5592448K)
[1533.097s][info][gc,metaspace   ] GC(510) Metaspace: 135822K(137152K)->135822K(137152K) NonClass: 114828K(115584K)->114828K(115584K) Class: 20993K(21568K)->20993K(21568K)
[1533.097s][info][gc             ] GC(510) Pause Young (Allocation Failure) 3430M->1242M(7918M) 66.830ms
[1533.097s][info][gc,cpu         ] GC(510) User=0.06s Sys=0.00s Real=0.07s
[1536.051s][info][gc,start       ] GC(511) Pause Young (Allocation Failure)
[1536.105s][info][gc,heap        ] GC(511) DefNew: 2310065K(2516544K)->61122K(2516544K) Eden: 2236928K(2236928K)->0K(2236928K) From: 73137K(279616K)->61122K(279616K)
[1536.106s][info][gc,heap        ] GC(511) Tenured: 1198923K(5592448K)->1198985K(5592448K)
[1536.106s][info][gc,metaspace   ] GC(511) Metaspace: 135822K(137152K)->135822K(137152K) NonClass: 114828K(115584K)->114828K(115584K) Class: 20993K(21568K)->20993K(21568K)
[1536.106s][info][gc             ] GC(511) Pause Young (Allocation Failure) 3426M->1230M(7918M) 54.756ms
[1536.106s][info][gc,cpu         ] GC(511) User=0.06s Sys=0.00s Real=0.06s
[1538.779s][info][gc,start       ] GC(512) Pause Young (Allocation Failure)
[1538.854s][info][gc,heap        ] GC(512) DefNew: 2298050K(2516544K)->86539K(2516544K) Eden: 2236928K(2236928K)->0K(2236928K) From: 61122K(279616K)->86539K(279616K)
[1538.854s][info][gc,heap        ] GC(512) Tenured: 1198985K(5592448K)->1199019K(5592448K)
[1538.854s][info][gc,metaspace   ] GC(512) Metaspace: 135822K(137152K)->135822K(137152K) NonClass: 114828K(115584K)->114828K(115584K) Class: 20993K(21568K)->20993K(21568K)
[1538.854s][info][gc             ] GC(512) Pause Young (Allocation Failure) 3415M->1255M(7918M) 74.672ms
[1538.854s][info][gc,cpu         ] GC(512) User=0.08s Sys=0.00s Real=0.07s
[1541.483s][info][gc,start       ] GC(513) Pause Young (Allocation Failure)
[1541.556s][info][gc,heap        ] GC(513) DefNew: 2323467K(2516544K)->91485K(2516544K) Eden: 2236928K(2236928K)->0K(2236928K) From: 86539K(279616K)->91485K(279616K)
[1541.556s][info][gc,heap        ] GC(513) Tenured: 1199019K(5592448K)->1199068K(5592448K)
[1541.556s][info][gc,metaspace   ] GC(513) Metaspace: 135822K(137152K)->135822K(137152K) NonClass: 114828K(115584K)->114828K(115584K) Class: 20993K(21568K)->20993K(21568K)
[1541.556s][info][gc             ] GC(513) Pause Young (Allocation Failure) 3439M->1260M(7918M) 72.867ms
[1541.556s][info][gc,cpu         ] GC(513) User=0.08s Sys=0.00s Real=0.07s
[1543.856s][info][gc,start       ] GC(514) Pause Young (Allocation Failure)
[1543.937s][info][gc,heap        ] GC(514) DefNew: 2328413K(2516544K)->100056K(2516544K) Eden: 2236928K(2236928K)->0K(2236928K) From: 91485K(279616K)->100056K(279616K)
[1543.937s][info][gc,heap        ] GC(514) Tenured: 1199068K(5592448K)->1199103K(5592448K)
[1543.937s][info][gc,metaspace   ] GC(514) Metaspace: 135822K(137152K)->135822K(137152K) NonClass: 114828K(115584K)->114828K(115584K) Class: 20993K(21568K)->20993K(21568K)
[1543.937s][info][gc             ] GC(514) Pause Young (Allocation Failure) 3444M->1268M(7918M) 81.102ms
[1543.937s][info][gc,cpu         ] GC(514) User=0.08s Sys=0.00s Real=0.08s
[1546.106s][info][gc,start       ] GC(515) Pause Young (Allocation Failure)
[1546.187s][info][gc,heap        ] GC(515) DefNew: 2336984K(2516544K)->101281K(2516544K) Eden: 2236928K(2236928K)->0K(2236928K) From: 100056K(279616K)->101281K(279616K)
[1546.187s][info][gc,heap        ] GC(515) Tenured: 1199103K(5592448K)->1199493K(5592448K)
[1546.187s][info][gc,metaspace   ] GC(515) Metaspace: 135822K(137152K)->135822K(137152K) NonClass: 114829K(115584K)->114829K(115584K) Class: 20993K(21568K)->20993K(21568K)
[1546.187s][info][gc             ] GC(515) Pause Young (Allocation Failure) 3453M->1270M(7918M) 80.470ms
[1546.187s][info][gc,cpu         ] GC(515) User=0.08s Sys=0.00s Real=0.08s
[1548.958s][info][gc,start       ] GC(516) Pause Young (Allocation Failure)
[1549.014s][info][gc,heap        ] GC(516) DefNew: 2338209K(2516544K)->63855K(2516544K) Eden: 2236928K(2236928K)->0K(2236928K) From: 101281K(279616K)->63855K(279616K)
[1549.014s][info][gc,heap        ] GC(516) Tenured: 1199493K(5592448K)->1199605K(5592448K)
[1549.014s][info][gc,metaspace   ] GC(516) Metaspace: 135822K(137152K)->135822K(137152K) NonClass: 114829K(115584K)->114829K(115584K) Class: 20993K(21568K)->20993K(21568K)
[1549.015s][info][gc             ] GC(516) Pause Young (Allocation Failure) 3454M->1233M(7918M) 56.247ms
[1549.015s][info][gc,cpu         ] GC(516) User=0.06s Sys=0.00s Real=0.06s
[1552.176s][info][gc,start       ] GC(517) Pause Young (Allocation Failure)
[1552.248s][info][gc,heap        ] GC(517) DefNew: 2300783K(2516544K)->64096K(2516544K) Eden: 2236928K(2236928K)->0K(2236928K) From: 63855K(279616K)->64096K(279616K)
[1552.248s][info][gc,heap        ] GC(517) Tenured: 1199605K(5592448K)->1199651K(5592448K)
[1552.248s][info][gc,metaspace   ] GC(517) Metaspace: 135824K(137152K)->135824K(137152K) NonClass: 114831K(115584K)->114831K(115584K) Class: 20993K(21568K)->20993K(21568K)
[1552.248s][info][gc             ] GC(517) Pause Young (Allocation Failure) 3418M->1234M(7918M) 71.789ms
[1552.248s][info][gc,cpu         ] GC(517) User=0.08s Sys=0.00s Real=0.07s
[1555.283s][info][gc,start       ] GC(518) Pause Young (Allocation Failure)
[1555.338s][info][gc,heap        ] GC(518) DefNew: 2301024K(2516544K)->63779K(2516544K) Eden: 2236928K(2236928K)->0K(2236928K) From: 64096K(279616K)->63779K(279616K)
[1555.338s][info][gc,heap        ] GC(518) Tenured: 1199651K(5592448K)->1199715K(5592448K)
[1555.338s][info][gc,metaspace   ] GC(518) Metaspace: 135825K(137152K)->135825K(137152K) NonClass: 114832K(115584K)->114832K(115584K) Class: 20993K(21568K)->20993K(21568K)
[1555.338s][info][gc             ] GC(518) Pause Young (Allocation Failure) 3418M->1233M(7918M) 54.633ms
[1555.338s][info][gc,cpu         ] GC(518) User=0.06s Sys=0.00s Real=0.05s
[1557.865s][info][gc,start       ] GC(519) Pause Young (Allocation Failure)
[1557.927s][info][gc,heap        ] GC(519) DefNew: 2300707K(2516544K)->74341K(2516544K) Eden: 2236928K(2236928K)->0K(2236928K) From: 63779K(279616K)->74341K(279616K)
[1557.927s][info][gc,heap        ] GC(519) Tenured: 1199715K(5592448K)->1199769K(5592448K)
[1557.927s][info][gc,metaspace   ] GC(519) Metaspace: 135825K(137152K)->135825K(137152K) NonClass: 114832K(115584K)->114832K(115584K) Class: 20993K(21568K)->20993K(21568K)
[1557.927s][info][gc             ] GC(519) Pause Young (Allocation Failure) 3418M->1244M(7918M) 62.804ms
[1557.927s][info][gc,cpu         ] GC(519) User=0.06s Sys=0.00s Real=0.06s
[1560.551s][info][gc,start       ] GC(520) Pause Young (Allocation Failure)
[1560.620s][info][gc,heap        ] GC(520) DefNew: 2311269K(2516544K)->90771K(2516544K) Eden: 2236928K(2236928K)->0K(2236928K) From: 74341K(279616K)->90771K(279616K)
[1560.620s][info][gc,heap        ] GC(520) Tenured: 1199769K(5592448K)->1199825K(5592448K)
[1560.620s][info][gc,metaspace   ] GC(520) Metaspace: 135825K(137152K)->135825K(137152K) NonClass: 114832K(115584K)->114832K(115584K) Class: 20993K(21568K)->20993K(21568K)
[1560.620s][info][gc             ] GC(520) Pause Young (Allocation Failure) 3428M->1260M(7918M) 68.671ms
[1560.620s][info][gc,cpu         ] GC(520) User=0.08s Sys=0.00s Real=0.07s
[1562.858s][info][gc,start       ] GC(521) Pause Young (Allocation Failure)
[1562.923s][info][gc,heap        ] GC(521) DefNew: 2327699K(2516544K)->93266K(2516544K) Eden: 2236928K(2236928K)->0K(2236928K) From: 90771K(279616K)->93266K(279616K)
[1562.923s][info][gc,heap        ] GC(521) Tenured: 1199825K(5592448K)->1199861K(5592448K)
[1562.923s][info][gc,metaspace   ] GC(521) Metaspace: 135825K(137152K)->135825K(137152K) NonClass: 114832K(115584K)->114832K(115584K) Class: 20993K(21568K)->20993K(21568K)
[1562.923s][info][gc             ] GC(521) Pause Young (Allocation Failure) 3444M->1262M(7918M) 64.283ms
[1562.923s][info][gc,cpu         ] GC(521) User=0.06s Sys=0.00s Real=0.06s
[1565.162s][info][gc,start       ] GC(522) Pause Young (Allocation Failure)
[1565.240s][info][gc,heap        ] GC(522) DefNew: 2330194K(2516544K)->89585K(2516544K) Eden: 2236928K(2236928K)->0K(2236928K) From: 93266K(279616K)->89585K(279616K)
[1565.240s][info][gc,heap        ] GC(522) Tenured: 1199861K(5592448K)->1199889K(5592448K)
[1565.240s][info][gc,metaspace   ] GC(522) Metaspace: 135825K(137152K)->135825K(137152K) NonClass: 114832K(115584K)->114832K(115584K) Class: 20993K(21568K)->20993K(21568K)
[1565.240s][info][gc             ] GC(522) Pause Young (Allocation Failure) 3447M->1259M(7918M) 77.556ms
[1565.240s][info][gc,cpu         ] GC(522) User=0.06s Sys=0.00s Real=0.08s
[1568.227s][info][gc,start       ] GC(523) Pause Young (Allocation Failure)
[1568.284s][info][gc,heap        ] GC(523) DefNew: 2326513K(2516544K)->64613K(2516544K) Eden: 2236928K(2236928K)->0K(2236928K) From: 89585K(279616K)->64613K(279616K)
[1568.284s][info][gc,heap        ] GC(523) Tenured: 1199889K(5592448K)->1199949K(5592448K)
[1568.284s][info][gc,metaspace   ] GC(523) Metaspace: 135825K(137152K)->135825K(137152K) NonClass: 114832K(115584K)->114832K(115584K) Class: 20993K(21568K)->20993K(21568K)
[1568.284s][info][gc             ] GC(523) Pause Young (Allocation Failure) 3443M->1234M(7918M) 57.232ms
[1568.284s][info][gc,cpu         ] GC(523) User=0.05s Sys=0.00s Real=0.06s
[1571.546s][info][gc,start       ] GC(524) Pause Young (Allocation Failure)
[1571.616s][info][gc,heap        ] GC(524) DefNew: 2301541K(2516544K)->72766K(2516544K) Eden: 2236928K(2236928K)->0K(2236928K) From: 64613K(279616K)->72766K(279616K)
[1571.616s][info][gc,heap        ] GC(524) Tenured: 1199949K(5592448K)->1200003K(5592448K)
[1571.616s][info][gc,metaspace   ] GC(524) Metaspace: 135833K(137216K)->135833K(137216K) NonClass: 114840K(115648K)->114840K(115648K) Class: 20993K(21568K)->20993K(21568K)
[1571.616s][info][gc             ] GC(524) Pause Young (Allocation Failure) 3419M->1242M(7918M) 69.985ms
[1571.616s][info][gc,cpu         ] GC(524) User=0.08s Sys=0.00s Real=0.07s
[1574.679s][info][gc,start       ] GC(525) Pause Young (Allocation Failure)
[1574.737s][info][gc,heap        ] GC(525) DefNew: 2309694K(2516544K)->70462K(2516544K) Eden: 2236928K(2236928K)->0K(2236928K) From: 72766K(279616K)->70462K(279616K)
[1574.737s][info][gc,heap        ] GC(525) Tenured: 1200003K(5592448K)->1200043K(5592448K)
[1574.737s][info][gc,metaspace   ] GC(525) Metaspace: 135834K(137216K)->135834K(137216K) NonClass: 114841K(115648K)->114841K(115648K) Class: 20993K(21568K)->20993K(21568K)
[1574.737s][info][gc             ] GC(525) Pause Young (Allocation Failure) 3427M->1240M(7918M) 58.540ms
[1574.737s][info][gc,cpu         ] GC(525) User=0.05s Sys=0.00s Real=0.06s
[1577.415s][info][gc,start       ] GC(526) Pause Young (Allocation Failure)
[1577.484s][info][gc,heap        ] GC(526) DefNew: 2307390K(2516544K)->77373K(2516544K) Eden: 2236928K(2236928K)->0K(2236928K) From: 70462K(279616K)->77373K(279616K)
[1577.484s][info][gc,heap        ] GC(526) Tenured: 1200043K(5592448K)->1200097K(5592448K)
[1577.484s][info][gc,metaspace   ] GC(526) Metaspace: 135834K(137216K)->135834K(137216K) NonClass: 114841K(115648K)->114841K(115648K) Class: 20993K(21568K)->20993K(21568K)
[1577.484s][info][gc             ] GC(526) Pause Young (Allocation Failure) 3425M->1247M(7918M) 69.810ms
[1577.484s][info][gc,cpu         ] GC(526) User=0.06s Sys=0.00s Real=0.07s
[1580.179s][info][gc,start       ] GC(527) Pause Young (Allocation Failure)
[1580.247s][info][gc,heap        ] GC(527) DefNew: 2314301K(2516544K)->87593K(2516544K) Eden: 2236928K(2236928K)->0K(2236928K) From: 77373K(279616K)->87593K(279616K)
[1580.247s][info][gc,heap        ] GC(527) Tenured: 1200097K(5592448K)->1200126K(5592448K)
[1580.247s][info][gc,metaspace   ] GC(527) Metaspace: 135836K(137216K)->135836K(137216K) NonClass: 114842K(115648K)->114842K(115648K) Class: 20993K(21568K)->20993K(21568K)
[1580.247s][info][gc             ] GC(527) Pause Young (Allocation Failure) 3432M->1257M(7918M) 67.624ms
[1580.247s][info][gc,cpu         ] GC(527) User=0.06s Sys=0.00s Real=0.07s
[1582.523s][info][gc,start       ] GC(528) Pause Young (Allocation Failure)
[1582.596s][info][gc,heap        ] GC(528) DefNew: 2324521K(2516544K)->98691K(2516544K) Eden: 2236928K(2236928K)->0K(2236928K) From: 87593K(279616K)->98691K(279616K)
[1582.596s][info][gc,heap        ] GC(528) Tenured: 1200126K(5592448K)->1200161K(5592448K)
[1582.596s][info][gc,metaspace   ] GC(528) Metaspace: 135836K(137216K)->135836K(137216K) NonClass: 114842K(115648K)->114842K(115648K) Class: 20993K(21568K)->20993K(21568K)
[1582.596s][info][gc             ] GC(528) Pause Young (Allocation Failure) 3442M->1268M(7918M) 73.109ms
[1582.596s][info][gc,cpu         ] GC(528) User=0.06s Sys=0.00s Real=0.07s
[1584.765s][info][gc,start       ] GC(529) Pause Young (Allocation Failure)
[1584.850s][info][gc,heap        ] GC(529) DefNew: 2335630K(2516544K)->95788K(2516544K) Eden: 2236928K(2236928K)->0K(2236928K) From: 98702K(279616K)->95788K(279616K)
[1584.850s][info][gc,heap        ] GC(529) Tenured: 1200161K(5592448K)->1200218K(5592448K)
[1584.850s][info][gc,metaspace   ] GC(529) Metaspace: 135839K(137216K)->135839K(137216K) NonClass: 114846K(115648K)->114846K(115648K) Class: 20993K(21568K)->20993K(21568K)
[1584.850s][info][gc             ] GC(529) Pause Young (Allocation Failure) 3452M->1265M(7918M) 84.938ms
[1584.850s][info][gc,cpu         ] GC(529) User=0.09s Sys=0.00s Real=0.09s
[1587.962s][info][gc,start       ] GC(530) Pause Young (Allocation Failure)
[1588.019s][info][gc,heap        ] GC(530) DefNew: 2332716K(2516544K)->68732K(2516544K) Eden: 2236928K(2236928K)->0K(2236928K) From: 95788K(279616K)->68732K(279616K)
[1588.019s][info][gc,heap        ] GC(530) Tenured: 1200218K(5592448K)->1200287K(5592448K)
[1588.019s][info][gc,metaspace   ] GC(530) Metaspace: 135839K(137216K)->135839K(137216K) NonClass: 114846K(115648K)->114846K(115648K) Class: 20993K(21568K)->20993K(21568K)
[1588.019s][info][gc             ] GC(530) Pause Young (Allocation Failure) 3450M->1239M(7918M) 56.530ms
[1588.019s][info][gc,cpu         ] GC(530) User=0.05s Sys=0.00s Real=0.06s
[1592.458s][info][gc,start       ] GC(531) Pause Young (Allocation Failure)
[1592.514s][info][gc,heap        ] GC(531) DefNew: 2305660K(2516544K)->67358K(2516544K) Eden: 2236928K(2236928K)->0K(2236928K) From: 68732K(279616K)->67358K(279616K)
[1592.514s][info][gc,heap        ] GC(531) Tenured: 1200287K(5592448K)->1200315K(5592448K)
[1592.514s][info][gc,metaspace   ] GC(531) Metaspace: 135839K(137216K)->135839K(137216K) NonClass: 114846K(115648K)->114846K(115648K) Class: 20993K(21568K)->20993K(21568K)
[1592.514s][info][gc             ] GC(531) Pause Young (Allocation Failure) 3423M->1237M(7918M) 56.601ms
[1592.514s][info][gc,cpu         ] GC(531) User=0.06s Sys=0.00s Real=0.06s
[1595.494s][info][gc,start       ] GC(532) Pause Young (Allocation Failure)
[1595.560s][info][gc,heap        ] GC(532) DefNew: 2304286K(2516544K)->68272K(2516544K) Eden: 2236928K(2236928K)->0K(2236928K) From: 67358K(279616K)->68272K(279616K)
[1595.560s][info][gc,heap        ] GC(532) Tenured: 1200315K(5592448K)->1200343K(5592448K)
[1595.560s][info][gc,metaspace   ] GC(532) Metaspace: 135839K(137216K)->135839K(137216K) NonClass: 114846K(115648K)->114846K(115648K) Class: 20993K(21568K)->20993K(21568K)
[1595.560s][info][gc             ] GC(532) Pause Young (Allocation Failure) 3422M->1238M(7918M) 66.520ms
[1595.560s][info][gc,cpu         ] GC(532) User=0.06s Sys=0.00s Real=0.07s
[1598.126s][info][gc,start       ] GC(533) Pause Young (Allocation Failure)
[1598.190s][info][gc,heap        ] GC(533) DefNew: 2305200K(2516544K)->76361K(2516544K) Eden: 2236928K(2236928K)->0K(2236928K) From: 68272K(279616K)->76361K(279616K)
[1598.190s][info][gc,heap        ] GC(533) Tenured: 1200343K(5592448K)->1200377K(5592448K)
[1598.190s][info][gc,metaspace   ] GC(533) Metaspace: 135840K(137216K)->135840K(137216K) NonClass: 114847K(115648K)->114847K(115648K) Class: 20993K(21568K)->20993K(21568K)
[1598.190s][info][gc             ] GC(533) Pause Young (Allocation Failure) 3423M->1246M(7918M) 63.863ms
[1598.190s][info][gc,cpu         ] GC(533) User=0.06s Sys=0.00s Real=0.06s
[1600.867s][info][gc,start       ] GC(534) Pause Young (Allocation Failure)
[1600.941s][info][gc,heap        ] GC(534) DefNew: 2313289K(2516544K)->94844K(2516544K) Eden: 2236928K(2236928K)->0K(2236928K) From: 76361K(279616K)->94844K(279616K)
[1600.942s][info][gc,heap        ] GC(534) Tenured: 1200377K(5592448K)->1200432K(5592448K)
[1600.942s][info][gc,metaspace   ] GC(534) Metaspace: 135840K(137216K)->135840K(137216K) NonClass: 114847K(115648K)->114847K(115648K) Class: 20993K(21568K)->20993K(21568K)
[1600.942s][info][gc             ] GC(534) Pause Young (Allocation Failure) 3431M->1264M(7918M) 74.816ms
[1600.942s][info][gc,cpu         ] GC(534) User=0.06s Sys=0.00s Real=0.08s
[1603.155s][info][gc,start       ] GC(535) Pause Young (Allocation Failure)
[1603.235s][info][gc,heap        ] GC(535) DefNew: 2331772K(2516544K)->101404K(2516544K) Eden: 2236928K(2236928K)->0K(2236928K) From: 94844K(279616K)->101404K(279616K)
[1603.235s][info][gc,heap        ] GC(535) Tenured: 1200432K(5592448K)->1200460K(5592448K)
[1603.235s][info][gc,metaspace   ] GC(535) Metaspace: 135840K(137216K)->135840K(137216K) NonClass: 114847K(115648K)->114847K(115648K) Class: 20993K(21568K)->20993K(21568K)
[1603.235s][info][gc             ] GC(535) Pause Young (Allocation Failure) 3449M->1271M(7918M) 80.036ms
[1603.235s][info][gc,cpu         ] GC(535) User=0.08s Sys=0.00s Real=0.08s
[1605.375s][info][gc,start       ] GC(536) Pause Young (Allocation Failure)
[1605.472s][info][gc,heap        ] GC(536) DefNew: 2338332K(2516544K)->118310K(2516544K) Eden: 2236928K(2236928K)->0K(2236928K) From: 101404K(279616K)->118310K(279616K)
[1605.472s][info][gc,heap        ] GC(536) Tenured: 1200460K(5592448K)->1200491K(5592448K)
[1605.472s][info][gc,metaspace   ] GC(536) Metaspace: 135842K(137216K)->135842K(137216K) NonClass: 114848K(115648K)->114848K(115648K) Class: 20993K(21568K)->20993K(21568K)
[1605.472s][info][gc             ] GC(536) Pause Young (Allocation Failure) 3455M->1287M(7918M) 96.748ms
[1605.472s][info][gc,cpu         ] GC(536) User=0.09s Sys=0.00s Real=0.10s
[1608.715s][info][gc,start       ] GC(537) Pause Young (Allocation Failure)
[1608.790s][info][gc,heap        ] GC(537) DefNew: 2355238K(2516544K)->77221K(2516544K) Eden: 2236928K(2236928K)->0K(2236928K) From: 118310K(279616K)->77221K(279616K)
[1608.790s][info][gc,heap        ] GC(537) Tenured: 1200491K(5592448K)->1200531K(5592448K)
[1608.790s][info][gc,metaspace   ] GC(537) Metaspace: 135842K(137216K)->135842K(137216K) NonClass: 114848K(115648K)->114848K(115648K) Class: 20993K(21568K)->20993K(21568K)
[1608.790s][info][gc             ] GC(537) Pause Young (Allocation Failure) 3472M->1247M(7918M) 75.494ms
[1608.790s][info][gc,cpu         ] GC(537) User=0.08s Sys=0.00s Real=0.08s
[1612.014s][info][gc,start       ] GC(538) Pause Young (Allocation Failure)
[1612.094s][info][gc,heap        ] GC(538) DefNew: 2314149K(2516544K)->97414K(2516544K) Eden: 2236928K(2236928K)->0K(2236928K) From: 77221K(279616K)->97414K(279616K)
[1612.094s][info][gc,heap        ] GC(538) Tenured: 1200531K(5592448K)->1200560K(5592448K)
[1612.094s][info][gc,metaspace   ] GC(538) Metaspace: 135842K(137216K)->135842K(137216K) NonClass: 114848K(115648K)->114848K(115648K) Class: 20993K(21568K)->20993K(21568K)
[1612.094s][info][gc             ] GC(538) Pause Young (Allocation Failure) 3432M->1267M(7918M) 79.884ms
[1612.094s][info][gc,cpu         ] GC(538) User=0.08s Sys=0.00s Real=0.08s
[1615.255s][info][gc,start       ] GC(539) Pause Young (Allocation Failure)
[1615.324s][info][gc,heap        ] GC(539) DefNew: 2334342K(2516544K)->97487K(2516544K) Eden: 2236928K(2236928K)->0K(2236928K) From: 97414K(279616K)->97487K(279616K)
[1615.325s][info][gc,heap        ] GC(539) Tenured: 1200560K(5592448K)->1201216K(5592448K)
[1615.325s][info][gc,metaspace   ] GC(539) Metaspace: 135842K(137216K)->135842K(137216K) NonClass: 114848K(115648K)->114848K(115648K) Class: 20993K(21568K)->20993K(21568K)
[1615.325s][info][gc             ] GC(539) Pause Young (Allocation Failure) 3452M->1268M(7918M) 69.694ms
[1615.325s][info][gc,cpu         ] GC(539) User=0.08s Sys=0.00s Real=0.07s
[1618.293s][info][gc,start       ] GC(540) Pause Young (Allocation Failure)
[1618.360s][info][gc,heap        ] GC(540) DefNew: 2334415K(2516544K)->93864K(2516544K) Eden: 2236928K(2236928K)->0K(2236928K) From: 97487K(279616K)->93864K(279616K)
[1618.360s][info][gc,heap        ] GC(540) Tenured: 1201216K(5592448K)->1201245K(5592448K)
[1618.360s][info][gc,metaspace   ] GC(540) Metaspace: 135842K(137216K)->135842K(137216K) NonClass: 114849K(115648K)->114849K(115648K) Class: 20993K(21568K)->20993K(21568K)
[1618.360s][info][gc             ] GC(540) Pause Young (Allocation Failure) 3452M->1264M(7918M) 66.580ms
[1618.360s][info][gc,cpu         ] GC(540) User=0.06s Sys=0.00s Real=0.07s
[1621.767s][info][gc,start       ] GC(541) Pause Young (Allocation Failure)
[1621.835s][info][gc,heap        ] GC(541) DefNew: 2330792K(2516544K)->92848K(2516544K) Eden: 2236928K(2236928K)->0K(2236928K) From: 93864K(279616K)->92848K(279616K)
[1621.835s][info][gc,heap        ] GC(541) Tenured: 1201245K(5592448K)->1201271K(5592448K)
[1621.835s][info][gc,metaspace   ] GC(541) Metaspace: 135842K(137216K)->135842K(137216K) NonClass: 114849K(115648K)->114849K(115648K) Class: 20993K(21568K)->20993K(21568K)
[1621.835s][info][gc             ] GC(541) Pause Young (Allocation Failure) 3449M->1263M(7918M) 68.158ms
[1621.835s][info][gc,cpu         ] GC(541) User=0.08s Sys=0.00s Real=0.07s
[1625.388s][info][gc,start       ] GC(542) Pause Young (Allocation Failure)
[1625.459s][info][gc,heap        ] GC(542) DefNew: 2329776K(2516544K)->90478K(2516544K) Eden: 2236928K(2236928K)->0K(2236928K) From: 92848K(279616K)->90478K(279616K)
[1625.459s][info][gc,heap        ] GC(542) Tenured: 1201271K(5592448K)->1201305K(5592448K)
[1625.459s][info][gc,metaspace   ] GC(542) Metaspace: 135842K(137216K)->135842K(137216K) NonClass: 114849K(115648K)->114849K(115648K) Class: 20993K(21568K)->20993K(21568K)
[1625.459s][info][gc             ] GC(542) Pause Young (Allocation Failure) 3448M->1261M(7918M) 70.529ms
[1625.459s][info][gc,cpu         ] GC(542) User=0.06s Sys=0.00s Real=0.07s
[1629.887s][info][gc,start       ] GC(543) Pause Young (Allocation Failure)
[1629.951s][info][gc,heap        ] GC(543) DefNew: 2327406K(2516544K)->92746K(2516544K) Eden: 2236928K(2236928K)->0K(2236928K) From: 90478K(279616K)->92746K(279616K)
[1629.951s][info][gc,heap        ] GC(543) Tenured: 1201305K(5592448K)->1201359K(5592448K)
[1629.951s][info][gc,metaspace   ] GC(543) Metaspace: 135843K(137216K)->135843K(137216K) NonClass: 114850K(115648K)->114850K(115648K) Class: 20993K(21568K)->20993K(21568K)
[1629.951s][info][gc             ] GC(543) Pause Young (Allocation Failure) 3446M->1263M(7918M) 63.884ms
[1629.951s][info][gc,cpu         ] GC(543) User=0.06s Sys=0.00s Real=0.06s
[1633.183s][info][gc,start       ] GC(544) Pause Young (Allocation Failure)
[1633.276s][info][gc,heap        ] GC(544) DefNew: 2329674K(2516544K)->95508K(2516544K) Eden: 2236928K(2236928K)->0K(2236928K) From: 92746K(279616K)->95508K(279616K)
[1633.276s][info][gc,heap        ] GC(544) Tenured: 1201359K(5592448K)->1201395K(5592448K)
[1633.276s][info][gc,metaspace   ] GC(544) Metaspace: 135845K(137216K)->135845K(137216K) NonClass: 114852K(115648K)->114852K(115648K) Class: 20993K(21568K)->20993K(21568K)
[1633.276s][info][gc             ] GC(544) Pause Young (Allocation Failure) 3448M->1266M(7918M) 92.669ms
[1633.276s][info][gc,cpu         ] GC(544) User=0.09s Sys=0.00s Real=0.09s
[1636.527s][info][gc,start       ] GC(545) Pause Young (Allocation Failure)
[1636.596s][info][gc,heap        ] GC(545) DefNew: 2332436K(2516544K)->95010K(2516544K) Eden: 2236928K(2236928K)->0K(2236928K) From: 95508K(279616K)->95010K(279616K)
[1636.596s][info][gc,heap        ] GC(545) Tenured: 1201395K(5592448K)->1201439K(5592448K)
[1636.596s][info][gc,metaspace   ] GC(545) Metaspace: 135847K(137216K)->135847K(137216K) NonClass: 114854K(115648K)->114854K(115648K) Class: 20993K(21568K)->20993K(21568K)
[1636.596s][info][gc             ] GC(545) Pause Young (Allocation Failure) 3451M->1266M(7918M) 68.732ms
[1636.596s][info][gc,cpu         ] GC(545) User=0.06s Sys=0.00s Real=0.07s
[1639.951s][info][gc,start       ] GC(546) Pause Young (Allocation Failure)
[1640.031s][info][gc,heap        ] GC(546) DefNew: 2331938K(2516544K)->93233K(2516544K) Eden: 2236928K(2236928K)->0K(2236928K) From: 95010K(279616K)->93233K(279616K)
[1640.031s][info][gc,heap        ] GC(546) Tenured: 1201439K(5592448K)->1201486K(5592448K)
[1640.031s][info][gc,metaspace   ] GC(546) Metaspace: 135847K(137216K)->135847K(137216K) NonClass: 114854K(115648K)->114854K(115648K) Class: 20993K(21568K)->20993K(21568K)
[1640.031s][info][gc             ] GC(546) Pause Young (Allocation Failure) 3450M->1264M(7918M) 79.648ms
[1640.031s][info][gc,cpu         ] GC(546) User=0.08s Sys=0.00s Real=0.08s
[1643.338s][info][gc,start       ] GC(547) Pause Young (Allocation Failure)
[1643.405s][info][gc,heap        ] GC(547) DefNew: 2330161K(2516544K)->93717K(2516544K) Eden: 2236928K(2236928K)->0K(2236928K) From: 93233K(279616K)->93717K(279616K)
[1643.405s][info][gc,heap        ] GC(547) Tenured: 1201486K(5592448K)->1201540K(5592448K)
[1643.405s][info][gc,metaspace   ] GC(547) Metaspace: 135847K(137216K)->135847K(137216K) NonClass: 114854K(115648K)->114854K(115648K) Class: 20993K(21568K)->20993K(21568K)
[1643.405s][info][gc             ] GC(547) Pause Young (Allocation Failure) 3448M->1264M(7918M) 66.862ms
[1643.405s][info][gc,cpu         ] GC(547) User=0.06s Sys=0.00s Real=0.07s
[1646.634s][info][gc,start       ] GC(548) Pause Young (Allocation Failure)
[1646.702s][info][gc,heap        ] GC(548) DefNew: 2330645K(2516544K)->92542K(2516544K) Eden: 2236928K(2236928K)->0K(2236928K) From: 93717K(279616K)->92542K(279616K)
[1646.702s][info][gc,heap        ] GC(548) Tenured: 1201540K(5592448K)->1201585K(5592448K)
[1646.702s][info][gc,metaspace   ] GC(548) Metaspace: 135849K(137216K)->135849K(137216K) NonClass: 114855K(115648K)->114855K(115648K) Class: 20993K(21568K)->20993K(21568K)
[1646.702s][info][gc             ] GC(548) Pause Young (Allocation Failure) 3449M->1263M(7918M) 68.044ms
[1646.702s][info][gc,cpu         ] GC(548) User=0.06s Sys=0.00s Real=0.07s
[1650.507s][info][gc,start       ] GC(549) Pause Young (Allocation Failure)
[1650.573s][info][gc,heap        ] GC(549) DefNew: 2329470K(2516544K)->84479K(2516544K) Eden: 2236928K(2236928K)->0K(2236928K) From: 92542K(279616K)->84479K(279616K)
[1650.573s][info][gc,heap        ] GC(549) Tenured: 1201585K(5592448K)->1201618K(5592448K)
[1650.573s][info][gc,metaspace   ] GC(549) Metaspace: 135850K(137216K)->135850K(137216K) NonClass: 114856K(115648K)->114856K(115648K) Class: 20993K(21568K)->20993K(21568K)
[1650.573s][info][gc             ] GC(549) Pause Young (Allocation Failure) 3448M->1255M(7918M) 65.919ms
[1650.573s][info][gc,cpu         ] GC(549) User=0.06s Sys=0.00s Real=0.07s
[1654.911s][info][gc,start       ] GC(550) Pause Young (GCLocker Initiated GC)
[1654.974s][info][gc,heap        ] GC(550) DefNew: 2321407K(2516544K)->86649K(2516544K) Eden: 2236928K(2236928K)->0K(2236928K) From: 84479K(279616K)->86649K(279616K)
[1654.974s][info][gc,heap        ] GC(550) Tenured: 1201618K(5592448K)->1201660K(5592448K)
[1654.974s][info][gc,metaspace   ] GC(550) Metaspace: 135850K(137216K)->135850K(137216K) NonClass: 114856K(115648K)->114856K(115648K) Class: 20993K(21568K)->20993K(21568K)
[1654.974s][info][gc             ] GC(550) Pause Young (GCLocker Initiated GC) 3440M->1258M(7918M) 63.771ms
[1654.975s][info][gc,cpu         ] GC(550) User=0.06s Sys=0.00s Real=0.06s
[1658.290s][info][gc,start       ] GC(551) Pause Young (Allocation Failure)
[1658.354s][info][gc,heap        ] GC(551) DefNew: 2323577K(2516544K)->90023K(2516544K) Eden: 2236928K(2236928K)->0K(2236928K) From: 86649K(279616K)->90023K(279616K)
[1658.354s][info][gc,heap        ] GC(551) Tenured: 1201660K(5592448K)->1201775K(5592448K)
[1658.354s][info][gc,metaspace   ] GC(551) Metaspace: 135850K(137216K)->135850K(137216K) NonClass: 114856K(115648K)->114856K(115648K) Class: 20993K(21568K)->20993K(21568K)
[1658.355s][info][gc             ] GC(551) Pause Young (Allocation Failure) 3442M->1261M(7918M) 64.398ms
[1658.355s][info][gc,cpu         ] GC(551) User=0.06s Sys=0.00s Real=0.06s
[1661.579s][info][gc,start       ] GC(552) Pause Young (Allocation Failure)
[1661.647s][info][gc,heap        ] GC(552) DefNew: 2326951K(2516544K)->90006K(2516544K) Eden: 2236928K(2236928K)->0K(2236928K) From: 90023K(279616K)->90006K(279616K)
[1661.647s][info][gc,heap        ] GC(552) Tenured: 1201775K(5592448K)->1201805K(5592448K)
[1661.647s][info][gc,metaspace   ] GC(552) Metaspace: 135850K(137216K)->135850K(137216K) NonClass: 114856K(115648K)->114856K(115648K) Class: 20993K(21568K)->20993K(21568K)
[1661.647s][info][gc             ] GC(552) Pause Young (Allocation Failure) 3446M->1261M(7918M) 68.562ms
[1661.647s][info][gc,cpu         ] GC(552) User=0.08s Sys=0.00s Real=0.07s
[1664.739s][info][gc,start       ] GC(553) Pause Young (Allocation Failure)
[1664.807s][info][gc,heap        ] GC(553) DefNew: 2326934K(2516544K)->89962K(2516544K) Eden: 2236928K(2236928K)->0K(2236928K) From: 90006K(279616K)->89962K(279616K)
[1664.807s][info][gc,heap        ] GC(553) Tenured: 1201805K(5592448K)->1201843K(5592448K)
[1664.807s][info][gc,metaspace   ] GC(553) Metaspace: 135850K(137216K)->135850K(137216K) NonClass: 114856K(115648K)->114856K(115648K) Class: 20993K(21568K)->20993K(21568K)
[1664.807s][info][gc             ] GC(553) Pause Young (Allocation Failure) 3446M->1261M(7918M) 67.976ms
[1664.807s][info][gc,cpu         ] GC(553) User=0.08s Sys=0.00s Real=0.07s
[1668.238s][info][gc,start       ] GC(554) Pause Young (Allocation Failure)
[1668.297s][info][gc,heap        ] GC(554) DefNew: 2326890K(2516544K)->83726K(2516544K) Eden: 2236928K(2236928K)->0K(2236928K) From: 89962K(279616K)->83726K(279616K)
[1668.297s][info][gc,heap        ] GC(554) Tenured: 1201843K(5592448K)->1201883K(5592448K)
[1668.297s][info][gc,metaspace   ] GC(554) Metaspace: 135850K(137216K)->135850K(137216K) NonClass: 114856K(115648K)->114856K(115648K) Class: 20993K(21568K)->20993K(21568K)
[1668.297s][info][gc             ] GC(554) Pause Young (Allocation Failure) 3446M->1255M(7918M) 58.784ms
[1668.297s][info][gc,cpu         ] GC(554) User=0.06s Sys=0.00s Real=0.06s
[1672.432s][info][gc,start       ] GC(555) Pause Young (GCLocker Initiated GC)
[1672.493s][info][gc,heap        ] GC(555) DefNew: 2320654K(2516544K)->84334K(2516544K) Eden: 2236928K(2236928K)->0K(2236928K) From: 83726K(279616K)->84334K(279616K)
[1672.493s][info][gc,heap        ] GC(555) Tenured: 1201883K(5592448K)->1201914K(5592448K)
[1672.493s][info][gc,metaspace   ] GC(555) Metaspace: 135850K(137216K)->135850K(137216K) NonClass: 114856K(115648K)->114856K(115648K) Class: 20993K(21568K)->20993K(21568K)
[1672.493s][info][gc             ] GC(555) Pause Young (GCLocker Initiated GC) 3439M->1256M(7918M) 60.627ms
[1672.493s][info][gc,cpu         ] GC(555) User=0.06s Sys=0.00s Real=0.06s
[1675.796s][info][gc,start       ] GC(556) Pause Young (Allocation Failure)
[1675.866s][info][gc,heap        ] GC(556) DefNew: 2321262K(2516544K)->83881K(2516544K) Eden: 2236928K(2236928K)->0K(2236928K) From: 84334K(279616K)->83881K(279616K)
[1675.866s][info][gc,heap        ] GC(556) Tenured: 1201914K(5592448K)->1201949K(5592448K)
[1675.866s][info][gc,metaspace   ] GC(556) Metaspace: 135850K(137216K)->135850K(137216K) NonClass: 114856K(115648K)->114856K(115648K) Class: 20993K(21568K)->20993K(21568K)
[1675.866s][info][gc             ] GC(556) Pause Young (Allocation Failure) 3440M->1255M(7918M) 70.639ms
[1675.866s][info][gc,cpu         ] GC(556) User=0.08s Sys=0.00s Real=0.07s
[1679.189s][info][gc,start       ] GC(557) Pause Young (Allocation Failure)
[1679.249s][info][gc,heap        ] GC(557) DefNew: 2320809K(2516544K)->84048K(2516544K) Eden: 2236928K(2236928K)->0K(2236928K) From: 83881K(279616K)->84048K(279616K)
[1679.249s][info][gc,heap        ] GC(557) Tenured: 1201949K(5592448K)->1201991K(5592448K)
[1679.249s][info][gc,metaspace   ] GC(557) Metaspace: 135850K(137216K)->135850K(137216K) NonClass: 114856K(115648K)->114856K(115648K) Class: 20993K(21568K)->20993K(21568K)
[1679.249s][info][gc             ] GC(557) Pause Young (Allocation Failure) 3440M->1255M(7918M) 59.597ms
[1679.249s][info][gc,cpu         ] GC(557) User=0.06s Sys=0.00s Real=0.06s
[1682.567s][info][gc,start       ] GC(558) Pause Young (Allocation Failure)
[1682.626s][info][gc,heap        ] GC(558) DefNew: 2320976K(2516544K)->85234K(2516544K) Eden: 2236928K(2236928K)->0K(2236928K) From: 84048K(279616K)->85234K(279616K)
[1682.626s][info][gc,heap        ] GC(558) Tenured: 1201991K(5592448K)->1202029K(5592448K)
[1682.626s][info][gc,metaspace   ] GC(558) Metaspace: 135850K(137216K)->135850K(137216K) NonClass: 114856K(115648K)->114856K(115648K) Class: 20993K(21568K)->20993K(21568K)
[1682.626s][info][gc             ] GC(558) Pause Young (Allocation Failure) 3440M->1257M(7918M) 59.685ms
[1682.626s][info][gc,cpu         ] GC(558) User=0.06s Sys=0.00s Real=0.06s
[1685.959s][info][gc,start       ] GC(559) Pause Young (Allocation Failure)
[1686.021s][info][gc,heap        ] GC(559) DefNew: 2322162K(2516544K)->84184K(2516544K) Eden: 2236928K(2236928K)->0K(2236928K) From: 85234K(279616K)->84184K(279616K)
[1686.021s][info][gc,heap        ] GC(559) Tenured: 1202029K(5592448K)->1202060K(5592448K)
[1686.021s][info][gc,metaspace   ] GC(559) Metaspace: 135850K(137216K)->135850K(137216K) NonClass: 114856K(115648K)->114856K(115648K) Class: 20993K(21568K)->20993K(21568K)
[1686.021s][info][gc             ] GC(559) Pause Young (Allocation Failure) 3441M->1256M(7918M) 62.090ms
[1686.021s][info][gc,cpu         ] GC(559) User=0.05s Sys=0.00s Real=0.06s
[1689.246s][info][gc,start       ] GC(560) Pause Young (Allocation Failure)
[1689.312s][info][gc,heap        ] GC(560) DefNew: 2321112K(2516544K)->87743K(2516544K) Eden: 2236928K(2236928K)->0K(2236928K) From: 84184K(279616K)->87743K(279616K)
[1689.312s][info][gc,heap        ] GC(560) Tenured: 1202060K(5592448K)->1202105K(5592448K)
[1689.312s][info][gc,metaspace   ] GC(560) Metaspace: 135851K(137216K)->135851K(137216K) NonClass: 114858K(115648K)->114858K(115648K) Class: 20993K(21568K)->20993K(21568K)
[1689.312s][info][gc             ] GC(560) Pause Young (Allocation Failure) 3440M->1259M(7918M) 65.321ms
[1689.312s][info][gc,cpu         ] GC(560) User=0.06s Sys=0.00s Real=0.06s
[1692.631s][info][gc,start       ] GC(561) Pause Young (Allocation Failure)
[1692.696s][info][gc,heap        ] GC(561) DefNew: 2324671K(2516544K)->88666K(2516544K) Eden: 2236928K(2236928K)->0K(2236928K) From: 87743K(279616K)->88666K(279616K)
[1692.696s][info][gc,heap        ] GC(561) Tenured: 1202105K(5592448K)->1202138K(5592448K)
[1692.696s][info][gc,metaspace   ] GC(561) Metaspace: 135851K(137216K)->135851K(137216K) NonClass: 114858K(115648K)->114858K(115648K) Class: 20993K(21568K)->20993K(21568K)
[1692.696s][info][gc             ] GC(561) Pause Young (Allocation Failure) 3444M->1260M(7918M) 64.722ms
[1692.696s][info][gc,cpu         ] GC(561) User=0.06s Sys=0.00s Real=0.06s
[1696.936s][info][gc,start       ] GC(562) Pause Young (Allocation Failure)
[1696.997s][info][gc,heap        ] GC(562) DefNew: 2325594K(2516544K)->88313K(2516544K) Eden: 2236928K(2236928K)->0K(2236928K) From: 88666K(279616K)->88313K(279616K)
[1696.997s][info][gc,heap        ] GC(562) Tenured: 1202138K(5592448K)->1202170K(5592448K)
[1696.997s][info][gc,metaspace   ] GC(562) Metaspace: 135851K(137216K)->135851K(137216K) NonClass: 114858K(115648K)->114858K(115648K) Class: 20993K(21568K)->20993K(21568K)
[1696.997s][info][gc             ] GC(562) Pause Young (Allocation Failure) 3445M->1260M(7918M) 61.574ms
[1696.997s][info][gc,cpu         ] GC(562) User=0.06s Sys=0.00s Real=0.06s
[1700.391s][info][gc,start       ] GC(563) Pause Young (Allocation Failure)
[1700.455s][info][gc,heap        ] GC(563) DefNew: 2325241K(2516544K)->87675K(2516544K) Eden: 2236928K(2236928K)->0K(2236928K) From: 88313K(279616K)->87675K(279616K)
[1700.455s][info][gc,heap        ] GC(563) Tenured: 1202170K(5592448K)->1202224K(5592448K)
[1700.455s][info][gc,metaspace   ] GC(563) Metaspace: 135851K(137216K)->135851K(137216K) NonClass: 114858K(115648K)->114858K(115648K) Class: 20993K(21568K)->20993K(21568K)
[1700.455s][info][gc             ] GC(563) Pause Young (Allocation Failure) 3444M->1259M(7918M) 63.868ms
[1700.455s][info][gc,cpu         ] GC(563) User=0.06s Sys=0.00s Real=0.06s
[1703.679s][info][gc,start       ] GC(564) Pause Young (Allocation Failure)
[1703.741s][info][gc,heap        ] GC(564) DefNew: 2324603K(2516544K)->87033K(2516544K) Eden: 2236928K(2236928K)->0K(2236928K) From: 87675K(279616K)->87033K(279616K)
[1703.741s][info][gc,heap        ] GC(564) Tenured: 1202224K(5592448K)->1202268K(5592448K)
[1703.741s][info][gc,metaspace   ] GC(564) Metaspace: 135851K(137216K)->135851K(137216K) NonClass: 114858K(115648K)->114858K(115648K) Class: 20993K(21568K)->20993K(21568K)
[1703.742s][info][gc             ] GC(564) Pause Young (Allocation Failure) 3444M->1259M(7918M) 62.802ms
[1703.742s][info][gc,cpu         ] GC(564) User=0.06s Sys=0.00s Real=0.06s
[1707.011s][info][gc,start       ] GC(565) Pause Young (Allocation Failure)
[1707.078s][info][gc,heap        ] GC(565) DefNew: 2323961K(2516544K)->88990K(2516544K) Eden: 2236928K(2236928K)->0K(2236928K) From: 87033K(279616K)->88990K(279616K)
[1707.078s][info][gc,heap        ] GC(565) Tenured: 1202268K(5592448K)->1202316K(5592448K)
[1707.078s][info][gc,metaspace   ] GC(565) Metaspace: 135852K(137216K)->135852K(137216K) NonClass: 114858K(115648K)->114858K(115648K) Class: 20993K(21568K)->20993K(21568K)
[1707.078s][info][gc             ] GC(565) Pause Young (Allocation Failure) 3443M->1261M(7918M) 66.877ms
[1707.078s][info][gc,cpu         ] GC(565) User=0.06s Sys=0.00s Real=0.07s
[1711.178s][info][gc,start       ] GC(566) Pause Young (Allocation Failure)
[1711.249s][info][gc,heap        ] GC(566) DefNew: 2325918K(2516544K)->95343K(2516544K) Eden: 2236928K(2236928K)->0K(2236928K) From: 88990K(279616K)->95343K(279616K)
[1711.249s][info][gc,heap        ] GC(566) Tenured: 1202316K(5592448K)->1202354K(5592448K)
[1711.249s][info][gc,metaspace   ] GC(566) Metaspace: 135852K(137216K)->135852K(137216K) NonClass: 114858K(115648K)->114858K(115648K) Class: 20993K(21568K)->20993K(21568K)
[1711.249s][info][gc             ] GC(566) Pause Young (Allocation Failure) 3445M->1267M(7918M) 70.824ms
[1711.249s][info][gc,cpu         ] GC(566) User=0.06s Sys=0.00s Real=0.07s
[1714.419s][info][gc,start       ] GC(567) Pause Young (Allocation Failure)
[1714.493s][info][gc,heap        ] GC(567) DefNew: 2332271K(2516544K)->105454K(2516544K) Eden: 2236928K(2236928K)->0K(2236928K) From: 95343K(279616K)->105454K(279616K)
[1714.493s][info][gc,heap        ] GC(567) Tenured: 1202354K(5592448K)->1202392K(5592448K)
[1714.493s][info][gc,metaspace   ] GC(567) Metaspace: 135854K(137216K)->135854K(137216K) NonClass: 114860K(115648K)->114860K(115648K) Class: 20993K(21568K)->20993K(21568K)
[1714.493s][info][gc             ] GC(567) Pause Young (Allocation Failure) 3451M->1277M(7918M) 74.049ms
[1714.493s][info][gc,cpu         ] GC(567) User=0.08s Sys=0.00s Real=0.07s
[1717.659s][info][gc,start       ] GC(568) Pause Young (Allocation Failure)
[1717.734s][info][gc,heap        ] GC(568) DefNew: 2342382K(2516544K)->111208K(2516544K) Eden: 2236928K(2236928K)->0K(2236928K) From: 105454K(279616K)->111208K(279616K)
[1717.734s][info][gc,heap        ] GC(568) Tenured: 1202392K(5592448K)->1202428K(5592448K)
[1717.734s][info][gc,metaspace   ] GC(568) Metaspace: 135854K(137216K)->135854K(137216K) NonClass: 114860K(115648K)->114860K(115648K) Class: 20993K(21568K)->20993K(21568K)
[1717.734s][info][gc             ] GC(568) Pause Young (Allocation Failure) 3461M->1282M(7918M) 75.878ms
[1717.735s][info][gc,cpu         ] GC(568) User=0.08s Sys=0.00s Real=0.08s
[1720.688s][info][gc,start       ] GC(569) Pause Young (Allocation Failure)
[1720.775s][info][gc,heap        ] GC(569) DefNew: 2348136K(2516544K)->116254K(2516544K) Eden: 2236928K(2236928K)->0K(2236928K) From: 111208K(279616K)->116254K(279616K)
[1720.775s][info][gc,heap        ] GC(569) Tenured: 1202428K(5592448K)->1202643K(5592448K)
[1720.775s][info][gc,metaspace   ] GC(569) Metaspace: 135854K(137216K)->135854K(137216K) NonClass: 114860K(115648K)->114860K(115648K) Class: 20993K(21568K)->20993K(21568K)
[1720.775s][info][gc             ] GC(569) Pause Young (Allocation Failure) 3467M->1287M(7918M) 87.121ms
[1720.775s][info][gc,cpu         ] GC(569) User=0.09s Sys=0.00s Real=0.09s
[1723.862s][info][gc,start       ] GC(570) Pause Young (Allocation Failure)
[1723.936s][info][gc,heap        ] GC(570) DefNew: 2353182K(2516544K)->111436K(2516544K) Eden: 2236928K(2236928K)->0K(2236928K) From: 116254K(279616K)->111436K(279616K)
[1723.936s][info][gc,heap        ] GC(570) Tenured: 1202643K(5592448K)->1202683K(5592448K)
[1723.936s][info][gc,metaspace   ] GC(570) Metaspace: 135854K(137216K)->135854K(137216K) NonClass: 114860K(115648K)->114860K(115648K) Class: 20993K(21568K)->20993K(21568K)
[1723.936s][info][gc             ] GC(570) Pause Young (Allocation Failure) 3472M->1283M(7918M) 73.732ms
[1723.936s][info][gc,cpu         ] GC(570) User=0.08s Sys=0.00s Real=0.07s
[1727.623s][info][gc,start       ] GC(571) Pause Young (Allocation Failure)
[1727.694s][info][gc,heap        ] GC(571) DefNew: 2348364K(2516544K)->108949K(2516544K) Eden: 2236928K(2236928K)->0K(2236928K) From: 111436K(279616K)->108949K(279616K)
[1727.694s][info][gc,heap        ] GC(571) Tenured: 1202683K(5592448K)->1202721K(5592448K)
[1727.694s][info][gc,metaspace   ] GC(571) Metaspace: 135854K(137216K)->135854K(137216K) NonClass: 114860K(115648K)->114860K(115648K) Class: 20993K(21568K)->20993K(21568K)
[1727.694s][info][gc             ] GC(571) Pause Young (Allocation Failure) 3467M->1280M(7918M) 70.831ms
[1727.694s][info][gc,cpu         ] GC(571) User=0.08s Sys=0.00s Real=0.07s
[1730.879s][info][gc,start       ] GC(572) Pause Young (Allocation Failure)
[1730.952s][info][gc,heap        ] GC(572) DefNew: 2345877K(2516544K)->106920K(2516544K) Eden: 2236928K(2236928K)->0K(2236928K) From: 108949K(279616K)->106920K(279616K)
[1730.952s][info][gc,heap        ] GC(572) Tenured: 1202721K(5592448K)->1202755K(5592448K)
[1730.952s][info][gc,metaspace   ] GC(572) Metaspace: 135854K(137216K)->135854K(137216K) NonClass: 114860K(115648K)->114860K(115648K) Class: 20993K(21568K)->20993K(21568K)
[1730.952s][info][gc             ] GC(572) Pause Young (Allocation Failure) 3465M->1278M(7918M) 73.059ms
[1730.952s][info][gc,cpu         ] GC(572) User=0.08s Sys=0.00s Real=0.07s
[1733.947s][info][gc,start       ] GC(573) Pause Young (Allocation Failure)
[1734.021s][info][gc,heap        ] GC(573) DefNew: 2343848K(2516544K)->107607K(2516544K) Eden: 2236928K(2236928K)->0K(2236928K) From: 106920K(279616K)->107607K(279616K)
[1734.021s][info][gc,heap        ] GC(573) Tenured: 1202755K(5592448K)->1202805K(5592448K)
[1734.021s][info][gc,metaspace   ] GC(573) Metaspace: 135854K(137216K)->135854K(137216K) NonClass: 114861K(115648K)->114861K(115648K) Class: 20993K(21568K)->20993K(21568K)
[1734.021s][info][gc             ] GC(573) Pause Young (Allocation Failure) 3463M->1279M(7918M) 74.454ms
[1734.021s][info][gc,cpu         ] GC(573) User=0.06s Sys=0.00s Real=0.08s
[1737.184s][info][gc,start       ] GC(574) Pause Young (Allocation Failure)
[1737.259s][info][gc,heap        ] GC(574) DefNew: 2344535K(2516544K)->107936K(2516544K) Eden: 2236928K(2236928K)->0K(2236928K) From: 107607K(279616K)->107936K(279616K)
[1737.259s][info][gc,heap        ] GC(574) Tenured: 1202805K(5592448K)->1202854K(5592448K)
[1737.259s][info][gc,metaspace   ] GC(574) Metaspace: 135854K(137216K)->135854K(137216K) NonClass: 114861K(115648K)->114861K(115648K) Class: 20993K(21568K)->20993K(21568K)
[1737.259s][info][gc             ] GC(574) Pause Young (Allocation Failure) 3464M->1280M(7918M) 75.472ms
[1737.259s][info][gc,cpu         ] GC(574) User=0.08s Sys=0.00s Real=0.08s
[1740.311s][info][gc,start       ] GC(575) Pause Young (Allocation Failure)
[1740.382s][info][gc,heap        ] GC(575) DefNew: 2344864K(2516544K)->106286K(2516544K) Eden: 2236928K(2236928K)->0K(2236928K) From: 107936K(279616K)->106286K(279616K)
[1740.382s][info][gc,heap        ] GC(575) Tenured: 1202854K(5592448K)->1202886K(5592448K)
[1740.382s][info][gc,metaspace   ] GC(575) Metaspace: 135855K(137216K)->135855K(137216K) NonClass: 114861K(115648K)->114861K(115648K) Class: 20993K(21568K)->20993K(21568K)
[1740.382s][info][gc             ] GC(575) Pause Young (Allocation Failure) 3464M->1278M(7918M) 71.293ms
[1740.382s][info][gc,cpu         ] GC(575) User=0.08s Sys=0.00s Real=0.07s
[1743.415s][info][gc,start       ] GC(576) Pause Young (Allocation Failure)
[1743.491s][info][gc,heap        ] GC(576) DefNew: 2343214K(2516544K)->102925K(2516544K) Eden: 2236928K(2236928K)->0K(2236928K) From: 106286K(279616K)->102925K(279616K)
[1743.491s][info][gc,heap        ] GC(576) Tenured: 1202886K(5592448K)->1202930K(5592448K)
[1743.491s][info][gc,metaspace   ] GC(576) Metaspace: 135855K(137216K)->135855K(137216K) NonClass: 114861K(115648K)->114861K(115648K) Class: 20993K(21568K)->20993K(21568K)
[1743.491s][info][gc             ] GC(576) Pause Young (Allocation Failure) 3462M->1275M(7918M) 76.399ms
[1743.491s][info][gc,cpu         ] GC(576) User=0.08s Sys=0.00s Real=0.08s
[1747.618s][info][gc,start       ] GC(577) Pause Young (Allocation Failure)
[1747.695s][info][gc,heap        ] GC(577) DefNew: 2339853K(2516544K)->96196K(2516544K) Eden: 2236928K(2236928K)->0K(2236928K) From: 102925K(279616K)->96196K(279616K)
[1747.695s][info][gc,heap        ] GC(577) Tenured: 1202930K(5592448K)->1202967K(5592448K)
[1747.695s][info][gc,metaspace   ] GC(577) Metaspace: 135855K(137216K)->135855K(137216K) NonClass: 114861K(115648K)->114861K(115648K) Class: 20993K(21568K)->20993K(21568K)
[1747.695s][info][gc             ] GC(577) Pause Young (Allocation Failure) 3459M->1268M(7918M) 76.811ms
[1747.695s][info][gc,cpu         ] GC(577) User=0.08s Sys=0.00s Real=0.08s
[1751.087s][info][gc,start       ] GC(578) Pause Young (Allocation Failure)
[1751.159s][info][gc,heap        ] GC(578) DefNew: 2333124K(2516544K)->103486K(2516544K) Eden: 2236928K(2236928K)->0K(2236928K) From: 96196K(279616K)->103486K(279616K)
[1751.159s][info][gc,heap        ] GC(578) Tenured: 1202967K(5592448K)->1203013K(5592448K)
[1751.159s][info][gc,metaspace   ] GC(578) Metaspace: 135855K(137216K)->135855K(137216K) NonClass: 114862K(115648K)->114862K(115648K) Class: 20993K(21568K)->20993K(21568K)
[1751.159s][info][gc             ] GC(578) Pause Young (Allocation Failure) 3453M->1275M(7918M) 71.932ms
[1751.159s][info][gc,cpu         ] GC(578) User=0.06s Sys=0.00s Real=0.07s
[1754.335s][info][gc,start       ] GC(579) Pause Young (Allocation Failure)
[1754.406s][info][gc,heap        ] GC(579) DefNew: 2340414K(2516544K)->104109K(2516544K) Eden: 2236928K(2236928K)->0K(2236928K) From: 103486K(279616K)->104109K(279616K)
[1754.406s][info][gc,heap        ] GC(579) Tenured: 1203013K(5592448K)->1203046K(5592448K)
[1754.406s][info][gc,metaspace   ] GC(579) Metaspace: 135855K(137216K)->135855K(137216K) NonClass: 114862K(115648K)->114862K(115648K) Class: 20993K(21568K)->20993K(21568K)
[1754.406s][info][gc             ] GC(579) Pause Young (Allocation Failure) 3460M->1276M(7918M) 71.749ms
[1754.406s][info][gc,cpu         ] GC(579) User=0.06s Sys=0.00s Real=0.07s
[1757.502s][info][gc,start       ] GC(580) Pause Young (Allocation Failure)
[1757.579s][info][gc,heap        ] GC(580) DefNew: 2341037K(2516544K)->105419K(2516544K) Eden: 2236928K(2236928K)->0K(2236928K) From: 104109K(279616K)->105419K(279616K)
[1757.579s][info][gc,heap        ] GC(580) Tenured: 1203046K(5592448K)->1203080K(5592448K)
[1757.579s][info][gc,metaspace   ] GC(580) Metaspace: 135855K(137216K)->135855K(137216K) NonClass: 114862K(115648K)->114862K(115648K) Class: 20993K(21568K)->20993K(21568K)
[1757.579s][info][gc             ] GC(580) Pause Young (Allocation Failure) 3461M->1277M(7918M) 76.398ms
[1757.579s][info][gc,cpu         ] GC(580) User=0.08s Sys=0.00s Real=0.08s
[1760.667s][info][gc,start       ] GC(581) Pause Young (Allocation Failure)
[1760.754s][info][gc,heap        ] GC(581) DefNew: 2342347K(2516544K)->105126K(2516544K) Eden: 2236928K(2236928K)->0K(2236928K) From: 105419K(279616K)->105126K(279616K)
[1760.755s][info][gc,heap        ] GC(581) Tenured: 1203080K(5592448K)->1203126K(5592448K)
[1760.755s][info][gc,metaspace   ] GC(581) Metaspace: 135855K(137216K)->135855K(137216K) NonClass: 114862K(115648K)->114862K(115648K) Class: 20993K(21568K)->20993K(21568K)
[1760.755s][info][gc             ] GC(581) Pause Young (Allocation Failure) 3462M->1277M(7918M) 87.661ms
[1760.755s][info][gc,cpu         ] GC(581) User=0.08s Sys=0.00s Real=0.09s
[1763.774s][info][gc,start       ] GC(582) Pause Young (GCLocker Initiated GC)
[1763.852s][info][gc,heap        ] GC(582) DefNew: 2342054K(2516544K)->104361K(2516544K) Eden: 2236928K(2236928K)->0K(2236928K) From: 105126K(279616K)->104361K(279616K)
[1763.852s][info][gc,heap        ] GC(582) Tenured: 1203126K(5592448K)->1203163K(5592448K)
[1763.852s][info][gc,metaspace   ] GC(582) Metaspace: 135855K(137216K)->135855K(137216K) NonClass: 114862K(115648K)->114862K(115648K) Class: 20993K(21568K)->20993K(21568K)
[1763.852s][info][gc             ] GC(582) Pause Young (GCLocker Initiated GC) 3462M->1276M(7918M) 78.334ms
[1763.852s][info][gc,cpu         ] GC(582) User=0.08s Sys=0.00s Real=0.08s
[1767.063s][info][gc,start       ] GC(583) Pause Young (Allocation Failure)
[1767.129s][info][gc,heap        ] GC(583) DefNew: 2341289K(2516544K)->96079K(2516544K) Eden: 2236928K(2236928K)->0K(2236928K) From: 104361K(279616K)->96079K(279616K)
[1767.129s][info][gc,heap        ] GC(583) Tenured: 1203163K(5592448K)->1203199K(5592448K)
[1767.129s][info][gc,metaspace   ] GC(583) Metaspace: 135855K(137216K)->135855K(137216K) NonClass: 114862K(115648K)->114862K(115648K) Class: 20993K(21568K)->20993K(21568K)
[1767.129s][info][gc             ] GC(583) Pause Young (Allocation Failure) 3461M->1268M(7918M) 65.848ms
[1767.129s][info][gc,cpu         ] GC(583) User=0.06s Sys=0.00s Real=0.07s
[1771.583s][info][gc,start       ] GC(584) Pause Young (Allocation Failure)
[1771.646s][info][gc,heap        ] GC(584) DefNew: 2333007K(2516544K)->88178K(2516544K) Eden: 2236928K(2236928K)->0K(2236928K) From: 96079K(279616K)->88178K(279616K)
[1771.646s][info][gc,heap        ] GC(584) Tenured: 1203199K(5592448K)->1203261K(5592448K)
[1771.646s][info][gc,metaspace   ] GC(584) Metaspace: 135855K(137216K)->135855K(137216K) NonClass: 114862K(115648K)->114862K(115648K) Class: 20993K(21568K)->20993K(21568K)
[1771.646s][info][gc             ] GC(584) Pause Young (Allocation Failure) 3453M->1261M(7918M) 63.171ms
[1771.647s][info][gc,cpu         ] GC(584) User=0.06s Sys=0.00s Real=0.06s
[1774.955s][info][gc,start       ] GC(585) Pause Young (Allocation Failure)
[1775.018s][info][gc,heap        ] GC(585) DefNew: 2325106K(2516544K)->83487K(2516544K) Eden: 2236928K(2236928K)->0K(2236928K) From: 88178K(279616K)->83487K(279616K)
[1775.018s][info][gc,heap        ] GC(585) Tenured: 1203261K(5592448K)->1203291K(5592448K)
[1775.018s][info][gc,metaspace   ] GC(585) Metaspace: 135872K(137216K)->135872K(137216K) NonClass: 114878K(115648K)->114878K(115648K) Class: 20993K(21568K)->20993K(21568K)
[1775.018s][info][gc             ] GC(585) Pause Young (Allocation Failure) 3445M->1256M(7918M) 63.454ms
[1775.018s][info][gc,cpu         ] GC(585) User=0.06s Sys=0.00s Real=0.06s
[1778.436s][info][gc,start       ] GC(586) Pause Young (GCLocker Initiated GC)
[1778.493s][info][gc,heap        ] GC(586) DefNew: 2320416K(2516544K)->78103K(2516544K) Eden: 2236928K(2236928K)->0K(2236928K) From: 83488K(279616K)->78103K(279616K)
[1778.493s][info][gc,heap        ] GC(586) Tenured: 1203291K(5592448K)->1203322K(5592448K)
[1778.493s][info][gc,metaspace   ] GC(586) Metaspace: 135872K(137216K)->135872K(137216K) NonClass: 114879K(115648K)->114879K(115648K) Class: 20993K(21568K)->20993K(21568K)
[1778.493s][info][gc             ] GC(586) Pause Young (GCLocker Initiated GC) 3441M->1251M(7918M) 57.820ms
[1778.493s][info][gc,cpu         ] GC(586) User=0.06s Sys=0.00s Real=0.06s
[1780.576s][info][gc,start       ] GC(587) Pause Young (Allocation Failure)
[1780.681s][info][gc,heap        ] GC(587) DefNew: 2315031K(2516544K)->110199K(2516544K) Eden: 2236928K(2236928K)->0K(2236928K) From: 78103K(279616K)->110199K(279616K)
[1780.681s][info][gc,heap        ] GC(587) Tenured: 1203322K(5592448K)->1203358K(5592448K)
[1780.681s][info][gc,metaspace   ] GC(587) Metaspace: 135873K(137216K)->135873K(137216K) NonClass: 114879K(115648K)->114879K(115648K) Class: 20993K(21568K)->20993K(21568K)
[1780.681s][info][gc             ] GC(587) Pause Young (Allocation Failure) 3435M->1282M(7918M) 105.445ms
[1780.681s][info][gc,cpu         ] GC(587) User=0.11s Sys=0.00s Real=0.11s
[1783.377s][info][gc,start       ] GC(588) Pause Young (Allocation Failure)
[1783.447s][info][gc,heap        ] GC(588) DefNew: 2347127K(2516544K)->89776K(2516544K) Eden: 2236928K(2236928K)->0K(2236928K) From: 110199K(279616K)->89776K(279616K)
[1783.447s][info][gc,heap        ] GC(588) Tenured: 1203358K(5592448K)->1203390K(5592448K)
[1783.447s][info][gc,metaspace   ] GC(588) Metaspace: 135873K(137216K)->135873K(137216K) NonClass: 114879K(115648K)->114879K(115648K) Class: 20993K(21568K)->20993K(21568K)
[1783.447s][info][gc             ] GC(588) Pause Young (Allocation Failure) 3467M->1262M(7918M) 69.507ms
[1783.447s][info][gc,cpu         ] GC(588) User=0.08s Sys=0.00s Real=0.07s
[1786.671s][info][gc,start       ] GC(589) Pause Young (Allocation Failure)
[1786.750s][info][gc,heap        ] GC(589) DefNew: 2326704K(2516544K)->107935K(2516544K) Eden: 2236928K(2236928K)->0K(2236928K) From: 89776K(279616K)->107935K(279616K)
[1786.750s][info][gc,heap        ] GC(589) Tenured: 1203390K(5592448K)->1203554K(5592448K)
[1786.750s][info][gc,metaspace   ] GC(589) Metaspace: 135873K(137216K)->135873K(137216K) NonClass: 114879K(115648K)->114879K(115648K) Class: 20993K(21568K)->20993K(21568K)
[1786.750s][info][gc             ] GC(589) Pause Young (Allocation Failure) 3447M->1280M(7918M) 79.364ms
[1786.750s][info][gc,cpu         ] GC(589) User=0.08s Sys=0.00s Real=0.08s
[1789.935s][info][gc,start       ] GC(590) Pause Young (Allocation Failure)
[1790.019s][info][gc,heap        ] GC(590) DefNew: 2344863K(2516544K)->113713K(2516544K) Eden: 2236928K(2236928K)->0K(2236928K) From: 107935K(279616K)->113713K(279616K)
[1790.019s][info][gc,heap        ] GC(590) Tenured: 1203554K(5592448K)->1203589K(5592448K)
[1790.019s][info][gc,metaspace   ] GC(590) Metaspace: 135873K(137216K)->135873K(137216K) NonClass: 114880K(115648K)->114880K(115648K) Class: 20993K(21568K)->20993K(21568K)
[1790.019s][info][gc             ] GC(590) Pause Young (Allocation Failure) 3465M->1286M(7918M) 84.239ms
[1790.019s][info][gc,cpu         ] GC(590) User=0.08s Sys=0.00s Real=0.08s
[1793.779s][info][gc,start       ] GC(591) Pause Young (Allocation Failure)
[1793.855s][info][gc,heap        ] GC(591) DefNew: 2350641K(2516544K)->101854K(2516544K) Eden: 2236928K(2236928K)->0K(2236928K) From: 113713K(279616K)->101854K(279616K)
[1793.855s][info][gc,heap        ] GC(591) Tenured: 1203589K(5592448K)->1203629K(5592448K)
[1793.855s][info][gc,metaspace   ] GC(591) Metaspace: 135873K(137216K)->135873K(137216K) NonClass: 114880K(115648K)->114880K(115648K) Class: 20993K(21568K)->20993K(21568K)
[1793.855s][info][gc             ] GC(591) Pause Young (Allocation Failure) 3470M->1274M(7918M) 76.113ms
[1793.855s][info][gc,cpu         ] GC(591) User=0.08s Sys=0.00s Real=0.07s
[1797.007s][info][gc,start       ] GC(592) Pause Young (Allocation Failure)
[1797.077s][info][gc,heap        ] GC(592) DefNew: 2338782K(2516544K)->98998K(2516544K) Eden: 2236928K(2236928K)->0K(2236928K) From: 101854K(279616K)->98998K(279616K)
[1797.077s][info][gc,heap        ] GC(592) Tenured: 1203629K(5592448K)->1203691K(5592448K)
[1797.077s][info][gc,metaspace   ] GC(592) Metaspace: 135873K(137216K)->135873K(137216K) NonClass: 114880K(115648K)->114880K(115648K) Class: 20993K(21568K)->20993K(21568K)
[1797.077s][info][gc             ] GC(592) Pause Young (Allocation Failure) 3459M->1272M(7918M) 70.282ms
[1797.077s][info][gc,cpu         ] GC(592) User=0.06s Sys=0.00s Real=0.07s
[1799.843s][info][gc,start       ] GC(593) Pause Young (Allocation Failure)
[1799.983s][info][gc,heap        ] GC(593) DefNew: 2335926K(2516544K)->157914K(2516544K) Eden: 2236928K(2236928K)->0K(2236928K) From: 98998K(279616K)->157914K(279616K)
[1799.983s][info][gc,heap        ] GC(593) Tenured: 1203691K(5592448K)->1203726K(5592448K)
[1799.983s][info][gc,metaspace   ] GC(593) Metaspace: 135873K(137216K)->135873K(137216K) NonClass: 114880K(115648K)->114880K(115648K) Class: 20993K(21568K)->20993K(21568K)
[1799.983s][info][gc             ] GC(593) Pause Young (Allocation Failure) 3456M->1329M(7918M) 140.520ms
[1799.983s][info][gc,cpu         ] GC(593) User=0.14s Sys=0.00s Real=0.14s
[1802.399s][info][gc,start       ] GC(594) Pause Young (Allocation Failure)
[1802.468s][info][gc,heap        ] GC(594) DefNew: 2394842K(2516544K)->70495K(2516544K) Eden: 2236928K(2236928K)->0K(2236928K) From: 157914K(279616K)->70495K(279616K)
[1802.468s][info][gc,heap        ] GC(594) Tenured: 1203726K(5592448K)->1206603K(5592448K)
[1802.468s][info][gc,metaspace   ] GC(594) Metaspace: 135873K(137216K)->135873K(137216K) NonClass: 114880K(115648K)->114880K(115648K) Class: 20993K(21568K)->20993K(21568K)
[1802.468s][info][gc             ] GC(594) Pause Young (Allocation Failure) 3514M->1247M(7918M) 69.521ms
[1802.468s][info][gc,cpu         ] GC(594) User=0.06s Sys=0.00s Real=0.07s
[1805.741s][info][gc,start       ] GC(595) Pause Young (Allocation Failure)
[1805.826s][info][gc,heap        ] GC(595) DefNew: 2307423K(2516544K)->94649K(2516544K) Eden: 2236928K(2236928K)->0K(2236928K) From: 70495K(279616K)->94649K(279616K)
[1805.826s][info][gc,heap        ] GC(595) Tenured: 1206603K(5592448K)->1206603K(5592448K)
[1805.826s][info][gc,metaspace   ] GC(595) Metaspace: 135873K(137216K)->135873K(137216K) NonClass: 114880K(115648K)->114880K(115648K) Class: 20993K(21568K)->20993K(21568K)
[1805.827s][info][gc             ] GC(595) Pause Young (Allocation Failure) 3431M->1270M(7918M) 85.218ms
[1805.827s][info][gc,cpu         ] GC(595) User=0.08s Sys=0.00s Real=0.09s
[1809.097s][info][gc,start       ] GC(596) Pause Young (Allocation Failure)
[1809.176s][info][gc,heap        ] GC(596) DefNew: 2331577K(2516544K)->104741K(2516544K) Eden: 2236928K(2236928K)->0K(2236928K) From: 94649K(279616K)->104741K(279616K)
[1809.176s][info][gc,heap        ] GC(596) Tenured: 1206603K(5592448K)->1206603K(5592448K)
[1809.176s][info][gc,metaspace   ] GC(596) Metaspace: 135873K(137216K)->135873K(137216K) NonClass: 114880K(115648K)->114880K(115648K) Class: 20993K(21568K)->20993K(21568K)
[1809.176s][info][gc             ] GC(596) Pause Young (Allocation Failure) 3455M->1280M(7918M) 79.562ms
[1809.176s][info][gc,cpu         ] GC(596) User=0.08s Sys=0.00s Real=0.08s
[1812.659s][info][gc,start       ] GC(597) Pause Young (Allocation Failure)
[1812.743s][info][gc,heap        ] GC(597) DefNew: 2341669K(2516544K)->101631K(2516544K) Eden: 2236928K(2236928K)->0K(2236928K) From: 104741K(279616K)->101631K(279616K)
[1812.743s][info][gc,heap        ] GC(597) Tenured: 1206603K(5592448K)->1206603K(5592448K)
[1812.743s][info][gc,metaspace   ] GC(597) Metaspace: 135873K(137216K)->135873K(137216K) NonClass: 114880K(115648K)->114880K(115648K) Class: 20993K(21568K)->20993K(21568K)
[1812.743s][info][gc             ] GC(597) Pause Young (Allocation Failure) 3465M->1277M(7918M) 84.026ms
[1812.743s][info][gc,cpu         ] GC(597) User=0.09s Sys=0.00s Real=0.08s
[1816.503s][info][gc,start       ] GC(598) Pause Young (Allocation Failure)
[1816.599s][info][gc,heap        ] GC(598) DefNew: 2338559K(2516544K)->120476K(2516544K) Eden: 2236928K(2236928K)->0K(2236928K) From: 101631K(279616K)->120476K(279616K)
[1816.600s][info][gc,heap        ] GC(598) Tenured: 1206603K(5592448K)->1206603K(5592448K)
[1816.600s][info][gc,metaspace   ] GC(598) Metaspace: 135873K(137216K)->135873K(137216K) NonClass: 114880K(115648K)->114880K(115648K) Class: 20993K(21568K)->20993K(21568K)
[1816.600s][info][gc             ] GC(598) Pause Young (Allocation Failure) 3462M->1295M(7918M) 96.992ms
[1816.600s][info][gc,cpu         ] GC(598) User=0.09s Sys=0.00s Real=0.10s
[1820.511s][info][gc,start       ] GC(599) Pause Young (Allocation Failure)
[1820.609s][info][gc,heap        ] GC(599) DefNew: 2357404K(2516544K)->139335K(2516544K) Eden: 2236928K(2236928K)->0K(2236928K) From: 120476K(279616K)->139335K(279616K)
[1820.609s][info][gc,heap        ] GC(599) Tenured: 1206603K(5592448K)->1206603K(5592448K)
[1820.609s][info][gc,metaspace   ] GC(599) Metaspace: 135874K(137216K)->135874K(137216K) NonClass: 114881K(115648K)->114881K(115648K) Class: 20993K(21568K)->20993K(21568K)
[1820.609s][info][gc             ] GC(599) Pause Young (Allocation Failure) 3480M->1314M(7918M) 97.349ms
[1820.609s][info][gc,cpu         ] GC(599) User=0.09s Sys=0.00s Real=0.10s
[1822.362s][info][gc,start       ] GC(600) Pause Young (GCLocker Initiated GC)
[1822.539s][info][gc,heap        ] GC(600) DefNew: 2376271K(2516544K)->194025K(2516544K) Eden: 2236928K(2236928K)->0K(2236928K) From: 139343K(279616K)->194025K(279616K)
[1822.539s][info][gc,heap        ] GC(600) Tenured: 1206603K(5592448K)->1206603K(5592448K)
[1822.539s][info][gc,metaspace   ] GC(600) Metaspace: 135875K(137216K)->135875K(137216K) NonClass: 114881K(115648K)->114881K(115648K) Class: 20993K(21568K)->20993K(21568K)
[1822.539s][info][gc             ] GC(600) Pause Young (GCLocker Initiated GC) 3498M->1367M(7918M) 176.927ms
[1822.539s][info][gc,cpu         ] GC(600) User=0.19s Sys=0.00s Real=0.18s
[1825.566s][info][gc,start       ] GC(601) Pause Young (Allocation Failure)
[1825.633s][info][gc,heap        ] GC(601) DefNew: 2430953K(2516544K)->80383K(2516544K) Eden: 2236928K(2236928K)->0K(2236928K) From: 194025K(279616K)->80383K(279616K)
[1825.633s][info][gc,heap        ] GC(601) Tenured: 1206603K(5592448K)->1210420K(5592448K)
[1825.633s][info][gc,metaspace   ] GC(601) Metaspace: 135877K(137216K)->135877K(137216K) NonClass: 114883K(115648K)->114883K(115648K) Class: 20993K(21568K)->20993K(21568K)
[1825.633s][info][gc             ] GC(601) Pause Young (Allocation Failure) 3552M->1260M(7918M) 67.055ms
[1825.633s][info][gc,cpu         ] GC(601) User=0.08s Sys=0.00s Real=0.07s
[1829.535s][info][gc,start       ] GC(602) Pause Young (Allocation Failure)
[1829.611s][info][gc,heap        ] GC(602) DefNew: 2317311K(2516544K)->100739K(2516544K) Eden: 2236928K(2236928K)->0K(2236928K) From: 80383K(279616K)->100739K(279616K)
[1829.611s][info][gc,heap        ] GC(602) Tenured: 1210420K(5592448K)->1210420K(5592448K)
[1829.611s][info][gc,metaspace   ] GC(602) Metaspace: 135886K(137216K)->135886K(137216K) NonClass: 114893K(115648K)->114893K(115648K) Class: 20993K(21568K)->20993K(21568K)
[1829.611s][info][gc             ] GC(602) Pause Young (Allocation Failure) 3445M->1280M(7918M) 75.781ms
[1829.611s][info][gc,cpu         ] GC(602) User=0.08s Sys=0.00s Real=0.08s
[1833.472s][info][gc,start       ] GC(603) Pause Young (Allocation Failure)
[1833.546s][info][gc,heap        ] GC(603) DefNew: 2337667K(2516544K)->102976K(2516544K) Eden: 2236928K(2236928K)->0K(2236928K) From: 100739K(279616K)->102976K(279616K)
[1833.546s][info][gc,heap        ] GC(603) Tenured: 1210420K(5592448K)->1210420K(5592448K)
[1833.546s][info][gc,metaspace   ] GC(603) Metaspace: 135887K(137216K)->135887K(137216K) NonClass: 114894K(115648K)->114894K(115648K) Class: 20993K(21568K)->20993K(21568K)
[1833.546s][info][gc             ] GC(603) Pause Young (Allocation Failure) 3464M->1282M(7918M) 73.764ms
[1833.546s][info][gc,cpu         ] GC(603) User=0.08s Sys=0.00s Real=0.07s
[1837.895s][info][gc,start       ] GC(604) Pause Young (Allocation Failure)
[1837.972s][info][gc,heap        ] GC(604) DefNew: 2339904K(2516544K)->105515K(2516544K) Eden: 2236928K(2236928K)->0K(2236928K) From: 102976K(279616K)->105515K(279616K)
[1837.972s][info][gc,heap        ] GC(604) Tenured: 1210420K(5592448K)->1210420K(5592448K)
[1837.972s][info][gc,metaspace   ] GC(604) Metaspace: 135887K(137216K)->135887K(137216K) NonClass: 114894K(115648K)->114894K(115648K) Class: 20993K(21568K)->20993K(21568K)
[1837.972s][info][gc             ] GC(604) Pause Young (Allocation Failure) 3467M->1285M(7918M) 77.663ms
[1837.972s][info][gc,cpu         ] GC(604) User=0.08s Sys=0.00s Real=0.08s
[1840.935s][info][gc,start       ] GC(605) Pause Young (Allocation Failure)
[1841.016s][info][gc,heap        ] GC(605) DefNew: 2342443K(2516544K)->117062K(2516544K) Eden: 2236928K(2236928K)->0K(2236928K) From: 105515K(279616K)->117062K(279616K)
[1841.016s][info][gc,heap        ] GC(605) Tenured: 1210420K(5592448K)->1210420K(5592448K)
[1841.016s][info][gc,metaspace   ] GC(605) Metaspace: 135891K(137216K)->135891K(137216K) NonClass: 114897K(115648K)->114897K(115648K) Class: 20993K(21568K)->20993K(21568K)
[1841.016s][info][gc             ] GC(605) Pause Young (Allocation Failure) 3469M->1296M(7918M) 80.849ms
[1841.016s][info][gc,cpu         ] GC(605) User=0.08s Sys=0.00s Real=0.08s
[1843.407s][info][gc,start       ] GC(606) Pause Young (Allocation Failure)
[1843.509s][info][gc,heap        ] GC(606) DefNew: 2353990K(2516544K)->129742K(2516544K) Eden: 2236928K(2236928K)->0K(2236928K) From: 117062K(279616K)->129742K(279616K)
[1843.509s][info][gc,heap        ] GC(606) Tenured: 1210420K(5592448K)->1210420K(5592448K)
[1843.509s][info][gc,metaspace   ] GC(606) Metaspace: 135891K(137216K)->135891K(137216K) NonClass: 114897K(115648K)->114897K(115648K) Class: 20993K(21568K)->20993K(21568K)
[1843.509s][info][gc             ] GC(606) Pause Young (Allocation Failure) 3480M->1308M(7918M) 102.441ms
[1843.509s][info][gc,cpu         ] GC(606) User=0.11s Sys=0.00s Real=0.10s
[1847.407s][info][gc,start       ] GC(607) Pause Young (Allocation Failure)
[1847.471s][info][gc,heap        ] GC(607) DefNew: 2366670K(2516544K)->82264K(2516544K) Eden: 2236928K(2236928K)->0K(2236928K) From: 129742K(279616K)->82264K(279616K)
[1847.471s][info][gc,heap        ] GC(607) Tenured: 1210420K(5592448K)->1210420K(5592448K)
[1847.471s][info][gc,metaspace   ] GC(607) Metaspace: 135891K(137216K)->135891K(137216K) NonClass: 114897K(115648K)->114897K(115648K) Class: 20993K(21568K)->20993K(21568K)
[1847.471s][info][gc             ] GC(607) Pause Young (Allocation Failure) 3493M->1262M(7918M) 64.075ms
[1847.471s][info][gc,cpu         ] GC(607) User=0.06s Sys=0.00s Real=0.07s
[1850.687s][info][gc,start       ] GC(608) Pause Young (Allocation Failure)
[1850.755s][info][gc,heap        ] GC(608) DefNew: 2319192K(2516544K)->92682K(2516544K) Eden: 2236928K(2236928K)->0K(2236928K) From: 82264K(279616K)->92682K(279616K)
[1850.755s][info][gc,heap        ] GC(608) Tenured: 1210420K(5592448K)->1210420K(5592448K)
[1850.755s][info][gc,metaspace   ] GC(608) Metaspace: 135891K(137216K)->135891K(137216K) NonClass: 114897K(115648K)->114897K(115648K) Class: 20993K(21568K)->20993K(21568K)
[1850.755s][info][gc             ] GC(608) Pause Young (Allocation Failure) 3446M->1272M(7918M) 67.756ms
[1850.755s][info][gc,cpu         ] GC(608) User=0.06s Sys=0.00s Real=0.07s
[1853.891s][info][gc,start       ] GC(609) Pause Young (Allocation Failure)
[1853.957s][info][gc,heap        ] GC(609) DefNew: 2329610K(2516544K)->89221K(2516544K) Eden: 2236928K(2236928K)->0K(2236928K) From: 92682K(279616K)->89221K(279616K)
[1853.957s][info][gc,heap        ] GC(609) Tenured: 1210420K(5592448K)->1210420K(5592448K)
[1853.957s][info][gc,metaspace   ] GC(609) Metaspace: 135891K(137216K)->135891K(137216K) NonClass: 114897K(115648K)->114897K(115648K) Class: 20993K(21568K)->20993K(21568K)
[1853.957s][info][gc             ] GC(609) Pause Young (Allocation Failure) 3457M->1269M(7918M) 65.865ms
[1853.957s][info][gc,cpu         ] GC(609) User=0.06s Sys=0.00s Real=0.07s
[1857.005s][info][gc,start       ] GC(610) Pause Young (Allocation Failure)
[1857.078s][info][gc,heap        ] GC(610) DefNew: 2326149K(2516544K)->101967K(2516544K) Eden: 2236928K(2236928K)->0K(2236928K) From: 89221K(279616K)->101967K(279616K)
[1857.078s][info][gc,heap        ] GC(610) Tenured: 1210420K(5592448K)->1210420K(5592448K)
[1857.078s][info][gc,metaspace   ] GC(610) Metaspace: 135891K(137216K)->135891K(137216K) NonClass: 114897K(115648K)->114897K(115648K) Class: 20993K(21568K)->20993K(21568K)
[1857.078s][info][gc             ] GC(610) Pause Young (Allocation Failure) 3453M->1281M(7918M) 73.405ms
[1857.078s][info][gc,cpu         ] GC(610) User=0.08s Sys=0.00s Real=0.07s
[1859.708s][info][gc,start       ] GC(611) Pause Young (Allocation Failure)
[1859.800s][info][gc,heap        ] GC(611) DefNew: 2338895K(2516544K)->130193K(2516544K) Eden: 2236928K(2236928K)->0K(2236928K) From: 101967K(279616K)->130193K(279616K)
[1859.800s][info][gc,heap        ] GC(611) Tenured: 1210420K(5592448K)->1210420K(5592448K)
[1859.800s][info][gc,metaspace   ] GC(611) Metaspace: 135892K(137216K)->135892K(137216K) NonClass: 114899K(115648K)->114899K(115648K) Class: 20993K(21568K)->20993K(21568K)
[1859.800s][info][gc             ] GC(611) Pause Young (Allocation Failure) 3466M->1309M(7918M) 91.930ms
[1859.800s][info][gc,cpu         ] GC(611) User=0.09s Sys=0.00s Real=0.09s
[1861.828s][info][gc,start       ] GC(612) Pause Young (Allocation Failure)
[1861.909s][info][gc,heap        ] GC(612) DefNew: 2367121K(2516544K)->84353K(2516544K) Eden: 2236928K(2236928K)->0K(2236928K) From: 130193K(279616K)->84353K(279616K)
[1861.909s][info][gc,heap        ] GC(612) Tenured: 1210420K(5592448K)->1210420K(5592448K)
[1861.909s][info][gc,metaspace   ] GC(612) Metaspace: 135892K(137216K)->135892K(137216K) NonClass: 114899K(115648K)->114899K(115648K) Class: 20993K(21568K)->20993K(21568K)
[1861.909s][info][gc             ] GC(612) Pause Young (Allocation Failure) 3493M->1264M(7918M) 80.915ms
[1861.909s][info][gc,cpu         ] GC(612) User=0.08s Sys=0.00s Real=0.08s
[1865.195s][info][gc,start       ] GC(613) Pause Young (Allocation Failure)
[1865.265s][info][gc,heap        ] GC(613) DefNew: 2321281K(2516544K)->89549K(2516544K) Eden: 2236928K(2236928K)->0K(2236928K) From: 84353K(279616K)->89549K(279616K)
[1865.265s][info][gc,heap        ] GC(613) Tenured: 1210420K(5592448K)->1210420K(5592448K)
[1865.265s][info][gc,metaspace   ] GC(613) Metaspace: 135892K(137216K)->135892K(137216K) NonClass: 114899K(115648K)->114899K(115648K) Class: 20993K(21568K)->20993K(21568K)
[1865.265s][info][gc             ] GC(613) Pause Young (Allocation Failure) 3448M->1269M(7918M) 70.458ms
[1865.266s][info][gc,cpu         ] GC(613) User=0.06s Sys=0.00s Real=0.07s
[1868.638s][info][gc,start       ] GC(614) Pause Young (Allocation Failure)
[1868.705s][info][gc,heap        ] GC(614) DefNew: 2326477K(2516544K)->94076K(2516544K) Eden: 2236928K(2236928K)->0K(2236928K) From: 89549K(279616K)->94076K(279616K)
[1868.705s][info][gc,heap        ] GC(614) Tenured: 1210420K(5592448K)->1210420K(5592448K)
[1868.705s][info][gc,metaspace   ] GC(614) Metaspace: 135892K(137216K)->135892K(137216K) NonClass: 114899K(115648K)->114899K(115648K) Class: 20993K(21568K)->20993K(21568K)
[1868.705s][info][gc             ] GC(614) Pause Young (Allocation Failure) 3454M->1273M(7918M) 66.490ms
[1868.705s][info][gc,cpu         ] GC(614) User=0.06s Sys=0.00s Real=0.07s
[1872.160s][info][gc,start       ] GC(615) Pause Young (Allocation Failure)
[1872.233s][info][gc,heap        ] GC(615) DefNew: 2331004K(2516544K)->91762K(2516544K) Eden: 2236928K(2236928K)->0K(2236928K) From: 94076K(279616K)->91762K(279616K)
[1872.233s][info][gc,heap        ] GC(615) Tenured: 1210420K(5592448K)->1211047K(5592448K)
[1872.233s][info][gc,metaspace   ] GC(615) Metaspace: 135892K(137216K)->135892K(137216K) NonClass: 114899K(115648K)->114899K(115648K) Class: 20993K(21568K)->20993K(21568K)
[1872.233s][info][gc             ] GC(615) Pause Young (Allocation Failure) 3458M->1272M(7918M) 72.590ms
[1872.233s][info][gc,cpu         ] GC(615) User=0.08s Sys=0.00s Real=0.07s
[1875.387s][info][gc,start       ] GC(616) Pause Young (Allocation Failure)
[1875.460s][info][gc,heap        ] GC(616) DefNew: 2328690K(2516544K)->99659K(2516544K) Eden: 2236928K(2236928K)->0K(2236928K) From: 91762K(279616K)->99659K(279616K)
[1875.460s][info][gc,heap        ] GC(616) Tenured: 1211047K(5592448K)->1211210K(5592448K)
[1875.460s][info][gc,metaspace   ] GC(616) Metaspace: 135892K(137216K)->135892K(137216K) NonClass: 114899K(115648K)->114899K(115648K) Class: 20993K(21568K)->20993K(21568K)
[1875.460s][info][gc             ] GC(616) Pause Young (Allocation Failure) 3456M->1280M(7918M) 73.423ms
[1875.461s][info][gc,cpu         ] GC(616) User=0.08s Sys=0.00s Real=0.07s
[1877.751s][info][gc,start       ] GC(617) Pause Young (Allocation Failure)
[1877.865s][info][gc,heap        ] GC(617) DefNew: 2336587K(2516544K)->145828K(2516544K) Eden: 2236928K(2236928K)->0K(2236928K) From: 99659K(279616K)->145828K(279616K)
[1877.865s][info][gc,heap        ] GC(617) Tenured: 1211210K(5592448K)->1211854K(5592448K)
[1877.865s][info][gc,metaspace   ] GC(617) Metaspace: 135893K(137216K)->135893K(137216K) NonClass: 114900K(115648K)->114900K(115648K) Class: 20993K(21568K)->20993K(21568K)
[1877.865s][info][gc             ] GC(617) Pause Young (Allocation Failure) 3464M->1325M(7918M) 113.371ms
[1877.865s][info][gc,cpu         ] GC(617) User=0.11s Sys=0.00s Real=0.11s
[1880.567s][info][gc,start       ] GC(618) Pause Young (Allocation Failure)
[1880.635s][info][gc,heap        ] GC(618) DefNew: 2382756K(2516544K)->83651K(2516544K) Eden: 2236928K(2236928K)->0K(2236928K) From: 145828K(279616K)->83651K(279616K)
[1880.635s][info][gc,heap        ] GC(618) Tenured: 1211854K(5592448K)->1217875K(5592448K)
[1880.635s][info][gc,metaspace   ] GC(618) Metaspace: 135893K(137216K)->135893K(137216K) NonClass: 114900K(115648K)->114900K(115648K) Class: 20993K(21568K)->20993K(21568K)
[1880.635s][info][gc             ] GC(618) Pause Young (Allocation Failure) 3510M->1271M(7918M) 68.169ms
[1880.635s][info][gc,cpu         ] GC(618) User=0.06s Sys=0.02s Real=0.07s
[1884.071s][info][gc,start       ] GC(619) Pause Young (Allocation Failure)
[1884.144s][info][gc,heap        ] GC(619) DefNew: 2320579K(2516544K)->99081K(2516544K) Eden: 2236928K(2236928K)->0K(2236928K) From: 83651K(279616K)->99081K(279616K)
[1884.144s][info][gc,heap        ] GC(619) Tenured: 1217875K(5592448K)->1217875K(5592448K)
[1884.144s][info][gc,metaspace   ] GC(619) Metaspace: 135895K(137216K)->135895K(137216K) NonClass: 114902K(115648K)->114902K(115648K) Class: 20993K(21568K)->20993K(21568K)
[1884.144s][info][gc             ] GC(619) Pause Young (Allocation Failure) 3455M->1286M(7918M) 72.576ms
[1884.144s][info][gc,cpu         ] GC(619) User=0.06s Sys=0.00s Real=0.07s
[1887.582s][info][gc,start       ] GC(620) Pause Young (Allocation Failure)
[1887.653s][info][gc,heap        ] GC(620) DefNew: 2336009K(2516544K)->99240K(2516544K) Eden: 2236928K(2236928K)->0K(2236928K) From: 99081K(279616K)->99240K(279616K)
[1887.653s][info][gc,heap        ] GC(620) Tenured: 1217875K(5592448K)->1217875K(5592448K)
[1887.653s][info][gc,metaspace   ] GC(620) Metaspace: 135898K(137216K)->135898K(137216K) NonClass: 114905K(115648K)->114905K(115648K) Class: 20993K(21568K)->20993K(21568K)
[1887.653s][info][gc             ] GC(620) Pause Young (Allocation Failure) 3470M->1286M(7918M) 70.723ms
[1887.653s][info][gc,cpu         ] GC(620) User=0.08s Sys=0.00s Real=0.07s
[1890.812s][info][gc,start       ] GC(621) Pause Young (Allocation Failure)
[1890.884s][info][gc,heap        ] GC(621) DefNew: 2336168K(2516544K)->98034K(2516544K) Eden: 2236928K(2236928K)->0K(2236928K) From: 99240K(279616K)->98034K(279616K)
[1890.884s][info][gc,heap        ] GC(621) Tenured: 1217875K(5592448K)->1217875K(5592448K)
[1890.884s][info][gc,metaspace   ] GC(621) Metaspace: 135900K(137216K)->135900K(137216K) NonClass: 114906K(115648K)->114906K(115648K) Class: 20993K(21568K)->20993K(21568K)
[1890.884s][info][gc             ] GC(621) Pause Young (Allocation Failure) 3470M->1285M(7918M) 72.175ms
[1890.884s][info][gc,cpu         ] GC(621) User=0.08s Sys=0.00s Real=0.07s
[1893.951s][info][gc,start       ] GC(622) Pause Young (Allocation Failure)
[1894.024s][info][gc,heap        ] GC(622) DefNew: 2334962K(2516544K)->101694K(2516544K) Eden: 2236928K(2236928K)->0K(2236928K) From: 98034K(279616K)->101694K(279616K)
[1894.024s][info][gc,heap        ] GC(622) Tenured: 1217875K(5592448K)->1217875K(5592448K)
[1894.024s][info][gc,metaspace   ] GC(622) Metaspace: 135904K(137280K)->135904K(137280K) NonClass: 114910K(115712K)->114910K(115712K) Class: 20993K(21568K)->20993K(21568K)
[1894.024s][info][gc             ] GC(622) Pause Young (Allocation Failure) 3469M->1288M(7918M) 73.151ms
[1894.024s][info][gc,cpu         ] GC(622) User=0.08s Sys=0.00s Real=0.07s
[1896.061s][info][gc,start       ] GC(623) Pause Young (Allocation Failure)
[1896.212s][info][gc,heap        ] GC(623) DefNew: 2338622K(2516544K)->126237K(2516544K) Eden: 2236928K(2236928K)->0K(2236928K) From: 101694K(279616K)->126237K(279616K)
[1896.212s][info][gc,heap        ] GC(623) Tenured: 1217875K(5592448K)->1217875K(5592448K)
[1896.212s][info][gc,metaspace   ] GC(623) Metaspace: 135904K(137280K)->135904K(137280K) NonClass: 114910K(115712K)->114910K(115712K) Class: 20993K(21568K)->20993K(21568K)
[1896.212s][info][gc             ] GC(623) Pause Young (Allocation Failure) 3473M->1312M(7918M) 151.074ms
[1896.212s][info][gc,cpu         ] GC(623) User=0.16s Sys=0.00s Real=0.15s
[1900.446s][info][gc,start       ] GC(624) Pause Young (Allocation Failure)
[1900.508s][info][gc,heap        ] GC(624) DefNew: 2363165K(2516544K)->75589K(2516544K) Eden: 2236928K(2236928K)->0K(2236928K) From: 126237K(279616K)->75589K(279616K)
[1900.508s][info][gc,heap        ] GC(624) Tenured: 1217875K(5592448K)->1217875K(5592448K)
[1900.508s][info][gc,metaspace   ] GC(624) Metaspace: 135904K(137280K)->135904K(137280K) NonClass: 114910K(115712K)->114910K(115712K) Class: 20993K(21568K)->20993K(21568K)
[1900.508s][info][gc             ] GC(624) Pause Young (Allocation Failure) 3497M->1263M(7918M) 61.306ms
[1900.508s][info][gc,cpu         ] GC(624) User=0.06s Sys=0.00s Real=0.06s
[1903.979s][info][gc,start       ] GC(625) Pause Young (Allocation Failure)
[1904.052s][info][gc,heap        ] GC(625) DefNew: 2312517K(2516544K)->87882K(2516544K) Eden: 2236928K(2236928K)->0K(2236928K) From: 75589K(279616K)->87882K(279616K)
[1904.052s][info][gc,heap        ] GC(625) Tenured: 1217875K(5592448K)->1217875K(5592448K)
[1904.052s][info][gc,metaspace   ] GC(625) Metaspace: 135904K(137280K)->135904K(137280K) NonClass: 114910K(115712K)->114910K(115712K) Class: 20993K(21568K)->20993K(21568K)
[1904.052s][info][gc             ] GC(625) Pause Young (Allocation Failure) 3447M->1275M(7918M) 73.169ms
[1904.052s][info][gc,cpu         ] GC(625) User=0.06s Sys=0.00s Real=0.07s
[1907.555s][info][gc,start       ] GC(626) Pause Young (Allocation Failure)
[1907.622s][info][gc,heap        ] GC(626) DefNew: 2324810K(2516544K)->84694K(2516544K) Eden: 2236928K(2236928K)->0K(2236928K) From: 87882K(279616K)->84694K(279616K)
[1907.622s][info][gc,heap        ] GC(626) Tenured: 1217875K(5592448K)->1217875K(5592448K)
[1907.622s][info][gc,metaspace   ] GC(626) Metaspace: 135909K(137280K)->135909K(137280K) NonClass: 114915K(115712K)->114915K(115712K) Class: 20993K(21568K)->20993K(21568K)
[1907.622s][info][gc             ] GC(626) Pause Young (Allocation Failure) 3459M->1272M(7918M) 66.535ms
[1907.622s][info][gc,cpu         ] GC(626) User=0.06s Sys=0.00s Real=0.07s
[1910.679s][info][gc,start       ] GC(627) Pause Young (Allocation Failure)
[1910.749s][info][gc,heap        ] GC(627) DefNew: 2321622K(2516544K)->92659K(2516544K) Eden: 2236928K(2236928K)->0K(2236928K) From: 84694K(279616K)->92659K(279616K)
[1910.749s][info][gc,heap        ] GC(627) Tenured: 1217875K(5592448K)->1218173K(5592448K)
[1910.749s][info][gc,metaspace   ] GC(627) Metaspace: 135909K(137280K)->135909K(137280K) NonClass: 114915K(115712K)->114915K(115712K) Class: 20993K(21568K)->20993K(21568K)
[1910.749s][info][gc             ] GC(627) Pause Young (Allocation Failure) 3456M->1280M(7918M) 69.782ms
[1910.749s][info][gc,cpu         ] GC(627) User=0.06s Sys=0.00s Real=0.07s
[1913.567s][info][gc,start       ] GC(628) Pause Young (Allocation Failure)
[1913.658s][info][gc,heap        ] GC(628) DefNew: 2329587K(2516544K)->116975K(2516544K) Eden: 2236928K(2236928K)->0K(2236928K) From: 92659K(279616K)->116975K(279616K)
[1913.658s][info][gc,heap        ] GC(628) Tenured: 1218173K(5592448K)->1218360K(5592448K)
[1913.658s][info][gc,metaspace   ] GC(628) Metaspace: 135909K(137280K)->135909K(137280K) NonClass: 114915K(115712K)->114915K(115712K) Class: 20993K(21568K)->20993K(21568K)
[1913.658s][info][gc             ] GC(628) Pause Young (Allocation Failure) 3464M->1304M(7918M) 90.664ms
[1913.658s][info][gc,cpu         ] GC(628) User=0.09s Sys=0.00s Real=0.09s
[1915.639s][info][gc,start       ] GC(629) Pause Young (GCLocker Initiated GC)
[1915.746s][info][gc,heap        ] GC(629) DefNew: 2353903K(2516544K)->133596K(2516544K) Eden: 2236928K(2236928K)->0K(2236928K) From: 116975K(279616K)->133596K(279616K)
[1915.746s][info][gc,heap        ] GC(629) Tenured: 1218360K(5592448K)->1218421K(5592448K)
[1915.746s][info][gc,metaspace   ] GC(629) Metaspace: 135909K(137280K)->135909K(137280K) NonClass: 114915K(115712K)->114915K(115712K) Class: 20993K(21568K)->20993K(21568K)
[1915.746s][info][gc             ] GC(629) Pause Young (GCLocker Initiated GC) 3488M->1320M(7918M) 106.880ms
[1915.746s][info][gc,cpu         ] GC(629) User=0.11s Sys=0.00s Real=0.11s
[1919.351s][info][gc,start       ] GC(630) Pause Young (Allocation Failure)
[1919.417s][info][gc,heap        ] GC(630) DefNew: 2370524K(2516544K)->79682K(2516544K) Eden: 2236928K(2236928K)->0K(2236928K) From: 133596K(279616K)->79682K(279616K)
[1919.417s][info][gc,heap        ] GC(630) Tenured: 1218421K(5592448K)->1218476K(5592448K)
[1919.417s][info][gc,metaspace   ] GC(630) Metaspace: 135909K(137280K)->135909K(137280K) NonClass: 114915K(115712K)->114915K(115712K) Class: 20993K(21568K)->20993K(21568K)
[1919.417s][info][gc             ] GC(630) Pause Young (Allocation Failure) 3504M->1267M(7918M) 66.290ms
[1919.417s][info][gc,cpu         ] GC(630) User=0.06s Sys=0.00s Real=0.07s
[1922.739s][info][gc,start       ] GC(631) Pause Young (Allocation Failure)
[1922.811s][info][gc,heap        ] GC(631) DefNew: 2316610K(2516544K)->89257K(2516544K) Eden: 2236928K(2236928K)->0K(2236928K) From: 79682K(279616K)->89257K(279616K)
[1922.811s][info][gc,heap        ] GC(631) Tenured: 1218476K(5592448K)->1218528K(5592448K)
[1922.811s][info][gc,metaspace   ] GC(631) Metaspace: 135909K(137280K)->135909K(137280K) NonClass: 114915K(115712K)->114915K(115712K) Class: 20993K(21568K)->20993K(21568K)
[1922.811s][info][gc             ] GC(631) Pause Young (Allocation Failure) 3452M->1277M(7918M) 72.093ms
[1922.811s][info][gc,cpu         ] GC(631) User=0.08s Sys=0.00s Real=0.07s
[1927.461s][info][gc,start       ] GC(632) Pause Young (Allocation Failure)
[1927.524s][info][gc,heap        ] GC(632) DefNew: 2326185K(2516544K)->83301K(2516544K) Eden: 2236928K(2236928K)->0K(2236928K) From: 89257K(279616K)->83301K(279616K)
[1927.524s][info][gc,heap        ] GC(632) Tenured: 1218528K(5592448K)->1218767K(5592448K)
[1927.524s][info][gc,metaspace   ] GC(632) Metaspace: 135909K(137280K)->135909K(137280K) NonClass: 114915K(115712K)->114915K(115712K) Class: 20993K(21568K)->20993K(21568K)
[1927.524s][info][gc             ] GC(632) Pause Young (Allocation Failure) 3461M->1271M(7918M) 62.611ms
[1927.524s][info][gc,cpu         ] GC(632) User=0.06s Sys=0.00s Real=0.06s
[1930.598s][info][gc,start       ] GC(633) Pause Young (Allocation Failure)
[1930.664s][info][gc,heap        ] GC(633) DefNew: 2320229K(2516544K)->90622K(2516544K) Eden: 2236928K(2236928K)->0K(2236928K) From: 83301K(279616K)->90622K(279616K)
[1930.664s][info][gc,heap        ] GC(633) Tenured: 1218767K(5592448K)->1218858K(5592448K)
[1930.664s][info][gc,metaspace   ] GC(633) Metaspace: 135909K(137280K)->135909K(137280K) NonClass: 114915K(115712K)->114915K(115712K) Class: 20993K(21568K)->20993K(21568K)
[1930.664s][info][gc             ] GC(633) Pause Young (Allocation Failure) 3456M->1278M(7918M) 65.692ms
[1930.664s][info][gc,cpu         ] GC(633) User=0.08s Sys=0.00s Real=0.07s
[1933.947s][info][gc,start       ] GC(634) Pause Young (Allocation Failure)
[1934.016s][info][gc,heap        ] GC(634) DefNew: 2327550K(2516544K)->97105K(2516544K) Eden: 2236928K(2236928K)->0K(2236928K) From: 90622K(279616K)->97105K(279616K)
[1934.016s][info][gc,heap        ] GC(634) Tenured: 1218858K(5592448K)->1218967K(5592448K)
[1934.016s][info][gc,metaspace   ] GC(634) Metaspace: 135909K(137280K)->135909K(137280K) NonClass: 114916K(115712K)->114916K(115712K) Class: 20993K(21568K)->20993K(21568K)
[1934.016s][info][gc             ] GC(634) Pause Young (Allocation Failure) 3463M->1285M(7918M) 69.117ms
[1934.016s][info][gc,cpu         ] GC(634) User=0.06s Sys=0.00s Real=0.07s
[1936.078s][info][gc,start       ] GC(635) Pause Young (Allocation Failure)
[1936.152s][info][gc,heap        ] GC(635) DefNew: 2334033K(2516544K)->79786K(2516544K) Eden: 2236928K(2236928K)->0K(2236928K) From: 97105K(279616K)->79786K(279616K)
[1936.152s][info][gc,heap        ] GC(635) Tenured: 1218967K(5592448K)->1219353K(5592448K)
[1936.152s][info][gc,metaspace   ] GC(635) Metaspace: 135909K(137280K)->135909K(137280K) NonClass: 114916K(115712K)->114916K(115712K) Class: 20993K(21568K)->20993K(21568K)
[1936.152s][info][gc             ] GC(635) Pause Young (Allocation Failure) 3469M->1268M(7918M) 73.993ms
[1936.152s][info][gc,cpu         ] GC(635) User=0.08s Sys=0.00s Real=0.07s
[1939.326s][info][gc,start       ] GC(636) Pause Young (Allocation Failure)
[1939.401s][info][gc,heap        ] GC(636) DefNew: 2316714K(2516544K)->81982K(2516544K) Eden: 2236928K(2236928K)->0K(2236928K) From: 79786K(279616K)->81982K(279616K)
[1939.401s][info][gc,heap        ] GC(636) Tenured: 1219353K(5592448K)->1219416K(5592448K)
[1939.401s][info][gc,metaspace   ] GC(636) Metaspace: 135911K(137280K)->135911K(137280K) NonClass: 114918K(115712K)->114918K(115712K) Class: 20993K(21568K)->20993K(21568K)
[1939.401s][info][gc             ] GC(636) Pause Young (Allocation Failure) 3453M->1270M(7918M) 74.886ms
[1939.401s][info][gc,cpu         ] GC(636) User=0.08s Sys=0.00s Real=0.08s
[1942.583s][info][gc,start       ] GC(637) Pause Young (Allocation Failure)
[1942.658s][info][gc,heap        ] GC(637) DefNew: 2318910K(2516544K)->99831K(2516544K) Eden: 2236928K(2236928K)->0K(2236928K) From: 81982K(279616K)->99831K(279616K)
[1942.658s][info][gc,heap        ] GC(637) Tenured: 1219416K(5592448K)->1219475K(5592448K)
[1942.658s][info][gc,metaspace   ] GC(637) Metaspace: 135914K(137280K)->135914K(137280K) NonClass: 114921K(115712K)->114921K(115712K) Class: 20993K(21568K)->20993K(21568K)
[1942.658s][info][gc             ] GC(637) Pause Young (Allocation Failure) 3455M->1288M(7918M) 75.558ms
[1942.658s][info][gc,cpu         ] GC(637) User=0.08s Sys=0.00s Real=0.08s
[1945.691s][info][gc,start       ] GC(638) Pause Young (Allocation Failure)
[1945.766s][info][gc,heap        ] GC(638) DefNew: 2336759K(2516544K)->97581K(2516544K) Eden: 2236928K(2236928K)->0K(2236928K) From: 99831K(279616K)->97581K(279616K)
[1945.766s][info][gc,heap        ] GC(638) Tenured: 1219475K(5592448K)->1219771K(5592448K)
[1945.766s][info][gc,metaspace   ] GC(638) Metaspace: 135914K(137280K)->135914K(137280K) NonClass: 114921K(115712K)->114921K(115712K) Class: 20993K(21568K)->20993K(21568K)
[1945.766s][info][gc             ] GC(638) Pause Young (Allocation Failure) 3472M->1286M(7918M) 74.943ms
[1945.766s][info][gc,cpu         ] GC(638) User=0.08s Sys=0.00s Real=0.08s
[1948.703s][info][gc,start       ] GC(639) Pause Young (Allocation Failure)
[1948.784s][info][gc,heap        ] GC(639) DefNew: 2334509K(2516544K)->104152K(2516544K) Eden: 2236928K(2236928K)->0K(2236928K) From: 97581K(279616K)->104152K(279616K)
[1948.784s][info][gc,heap        ] GC(639) Tenured: 1219771K(5592448K)->1219926K(5592448K)
[1948.784s][info][gc,metaspace   ] GC(639) Metaspace: 135914K(137280K)->135914K(137280K) NonClass: 114921K(115712K)->114921K(115712K) Class: 20993K(21568K)->20993K(21568K)
[1948.784s][info][gc             ] GC(639) Pause Young (Allocation Failure) 3470M->1293M(7918M) 80.654ms
[1948.784s][info][gc,cpu         ] GC(639) User=0.08s Sys=0.00s Real=0.08s
[1951.415s][info][gc,start       ] GC(640) Pause Young (Allocation Failure)
[1951.510s][info][gc,heap        ] GC(640) DefNew: 2341080K(2516544K)->132818K(2516544K) Eden: 2236928K(2236928K)->0K(2236928K) From: 104152K(279616K)->132818K(279616K)
[1951.510s][info][gc,heap        ] GC(640) Tenured: 1219926K(5592448K)->1220030K(5592448K)
[1951.510s][info][gc,metaspace   ] GC(640) Metaspace: 135914K(137280K)->135914K(137280K) NonClass: 114921K(115712K)->114921K(115712K) Class: 20993K(21568K)->20993K(21568K)
[1951.510s][info][gc             ] GC(640) Pause Young (Allocation Failure) 3477M->1321M(7918M) 94.859ms
[1951.510s][info][gc,cpu         ] GC(640) User=0.09s Sys=0.00s Real=0.10s
[1954.262s][info][gc,start       ] GC(641) Pause Young (Allocation Failure)
[1954.318s][info][gc,heap        ] GC(641) DefNew: 2369746K(2516544K)->59150K(2516544K) Eden: 2236928K(2236928K)->0K(2236928K) From: 132818K(279616K)->59150K(279616K)
[1954.318s][info][gc,heap        ] GC(641) Tenured: 1220030K(5592448K)->1220077K(5592448K)
[1954.318s][info][gc,metaspace   ] GC(641) Metaspace: 135914K(137280K)->135914K(137280K) NonClass: 114921K(115712K)->114921K(115712K) Class: 20993K(21568K)->20993K(21568K)
[1954.318s][info][gc             ] GC(641) Pause Young (Allocation Failure) 3505M->1249M(7918M) 55.398ms
[1954.318s][info][gc,cpu         ] GC(641) User=0.05s Sys=0.00s Real=0.06s
[1957.695s][info][gc,start       ] GC(642) Pause Young (Allocation Failure)
[1957.757s][info][gc,heap        ] GC(642) DefNew: 2296078K(2516544K)->77402K(2516544K) Eden: 2236928K(2236928K)->0K(2236928K) From: 59150K(279616K)->77402K(279616K)
[1957.757s][info][gc,heap        ] GC(642) Tenured: 1220077K(5592448K)->1220130K(5592448K)
[1957.757s][info][gc,metaspace   ] GC(642) Metaspace: 135914K(137280K)->135914K(137280K) NonClass: 114921K(115712K)->114921K(115712K) Class: 20993K(21568K)->20993K(21568K)
[1957.757s][info][gc             ] GC(642) Pause Young (Allocation Failure) 3433M->1267M(7918M) 62.172ms
[1957.757s][info][gc,cpu         ] GC(642) User=0.06s Sys=0.00s Real=0.06s
[1961.055s][info][gc,start       ] GC(643) Pause Young (Allocation Failure)
[1961.126s][info][gc,heap        ] GC(643) DefNew: 2314330K(2516544K)->86976K(2516544K) Eden: 2236928K(2236928K)->0K(2236928K) From: 77402K(279616K)->86976K(279616K)
[1961.126s][info][gc,heap        ] GC(643) Tenured: 1220130K(5592448K)->1220164K(5592448K)
[1961.126s][info][gc,metaspace   ] GC(643) Metaspace: 135914K(137280K)->135914K(137280K) NonClass: 114921K(115712K)->114921K(115712K) Class: 20993K(21568K)->20993K(21568K)
[1961.126s][info][gc             ] GC(643) Pause Young (Allocation Failure) 3451M->1276M(7918M) 71.414ms
[1961.126s][info][gc,cpu         ] GC(643) User=0.06s Sys=0.00s Real=0.07s
[1964.263s][info][gc,start       ] GC(644) Pause Young (Allocation Failure)
[1964.329s][info][gc,heap        ] GC(644) DefNew: 2323904K(2516544K)->84634K(2516544K) Eden: 2236928K(2236928K)->0K(2236928K) From: 86976K(279616K)->84634K(279616K)
[1964.329s][info][gc,heap        ] GC(644) Tenured: 1220164K(5592448K)->1220648K(5592448K)
[1964.329s][info][gc,metaspace   ] GC(644) Metaspace: 135914K(137280K)->135914K(137280K) NonClass: 114921K(115712K)->114921K(115712K) Class: 20993K(21568K)->20993K(21568K)
[1964.329s][info][gc             ] GC(644) Pause Young (Allocation Failure) 3461M->1274M(7918M) 66.174ms
[1964.329s][info][gc,cpu         ] GC(644) User=0.06s Sys=0.00s Real=0.07s
[1967.479s][info][gc,start       ] GC(645) Pause Young (Allocation Failure)
[1967.557s][info][gc,heap        ] GC(645) DefNew: 2321562K(2516544K)->96530K(2516544K) Eden: 2236928K(2236928K)->0K(2236928K) From: 84634K(279616K)->96530K(279616K)
[1967.557s][info][gc,heap        ] GC(645) Tenured: 1220648K(5592448K)->1220790K(5592448K)
[1967.557s][info][gc,metaspace   ] GC(645) Metaspace: 135914K(137280K)->135914K(137280K) NonClass: 114921K(115712K)->114921K(115712K) Class: 20993K(21568K)->20993K(21568K)
[1967.557s][info][gc             ] GC(645) Pause Young (Allocation Failure) 3459M->1286M(7918M) 78.290ms
[1967.557s][info][gc,cpu         ] GC(645) User=0.08s Sys=0.00s Real=0.08s
[1969.854s][info][gc,start       ] GC(646) Pause Young (Allocation Failure)
[1969.959s][info][gc,heap        ] GC(646) DefNew: 2333458K(2516544K)->120087K(2516544K) Eden: 2236928K(2236928K)->0K(2236928K) From: 96530K(279616K)->120087K(279616K)
[1969.959s][info][gc,heap        ] GC(646) Tenured: 1220790K(5592448K)->1220935K(5592448K)
[1969.959s][info][gc,metaspace   ] GC(646) Metaspace: 135914K(137280K)->135914K(137280K) NonClass: 114921K(115712K)->114921K(115712K) Class: 20993K(21568K)->20993K(21568K)
[1969.959s][info][gc             ] GC(646) Pause Young (Allocation Failure) 3470M->1309M(7918M) 104.328ms
[1969.959s][info][gc,cpu         ] GC(646) User=0.09s Sys=0.00s Real=0.10s
[1973.296s][info][gc,start       ] GC(647) Pause Young (Allocation Failure)
[1973.364s][info][gc,heap        ] GC(647) DefNew: 2357015K(2516544K)->82326K(2516544K) Eden: 2236928K(2236928K)->0K(2236928K) From: 120087K(279616K)->82326K(279616K)
[1973.364s][info][gc,heap        ] GC(647) Tenured: 1220935K(5592448K)->1220983K(5592448K)
[1973.364s][info][gc,metaspace   ] GC(647) Metaspace: 135915K(137280K)->135915K(137280K) NonClass: 114921K(115712K)->114921K(115712K) Class: 20993K(21568K)->20993K(21568K)
[1973.364s][info][gc             ] GC(647) Pause Young (Allocation Failure) 3494M->1272M(7918M) 67.997ms
[1973.364s][info][gc,cpu         ] GC(647) User=0.06s Sys=0.00s Real=0.07s
[1977.023s][info][gc,start       ] GC(648) Pause Young (Allocation Failure)
[1977.100s][info][gc,heap        ] GC(648) DefNew: 2319254K(2516544K)->104448K(2516544K) Eden: 2236928K(2236928K)->0K(2236928K) From: 82326K(279616K)->104448K(279616K)
[1977.100s][info][gc,heap        ] GC(648) Tenured: 1220983K(5592448K)->1221025K(5592448K)
[1977.100s][info][gc,metaspace   ] GC(648) Metaspace: 135915K(137280K)->135915K(137280K) NonClass: 114921K(115712K)->114921K(115712K) Class: 20993K(21568K)->20993K(21568K)
[1977.100s][info][gc             ] GC(648) Pause Young (Allocation Failure) 3457M->1294M(7918M) 77.706ms
[1977.100s][info][gc,cpu         ] GC(648) User=0.08s Sys=0.00s Real=0.08s
[1980.402s][info][gc,start       ] GC(649) Pause Young (Allocation Failure)
[1980.487s][info][gc,heap        ] GC(649) DefNew: 2341376K(2516544K)->119269K(2516544K) Eden: 2236928K(2236928K)->0K(2236928K) From: 104448K(279616K)->119269K(279616K)
[1980.487s][info][gc,heap        ] GC(649) Tenured: 1221025K(5592448K)->1221066K(5592448K)
[1980.487s][info][gc,metaspace   ] GC(649) Metaspace: 135915K(137280K)->135915K(137280K) NonClass: 114921K(115712K)->114921K(115712K) Class: 20993K(21568K)->20993K(21568K)
[1980.487s][info][gc             ] GC(649) Pause Young (Allocation Failure) 3478M->1308M(7918M) 84.926ms
[1980.487s][info][gc,cpu         ] GC(649) User=0.08s Sys=0.00s Real=0.08s
[1984.062s][info][gc,start       ] GC(650) Pause Young (Allocation Failure)
[1984.141s][info][gc,heap        ] GC(650) DefNew: 2356197K(2516544K)->107851K(2516544K) Eden: 2236928K(2236928K)->0K(2236928K) From: 119269K(279616K)->107851K(279616K)
[1984.141s][info][gc,heap        ] GC(650) Tenured: 1221066K(5592448K)->1221228K(5592448K)
[1984.141s][info][gc,metaspace   ] GC(650) Metaspace: 135915K(137280K)->135915K(137280K) NonClass: 114921K(115712K)->114921K(115712K) Class: 20993K(21568K)->20993K(21568K)
[1984.141s][info][gc             ] GC(650) Pause Young (Allocation Failure) 3493M->1297M(7918M) 78.954ms
[1984.141s][info][gc,cpu         ] GC(650) User=0.08s Sys=0.00s Real=0.08s
[1987.459s][info][gc,start       ] GC(651) Pause Young (Allocation Failure)
[1987.537s][info][gc,heap        ] GC(651) DefNew: 2344779K(2516544K)->113605K(2516544K) Eden: 2236928K(2236928K)->0K(2236928K) From: 107851K(279616K)->113605K(279616K)
[1987.537s][info][gc,heap        ] GC(651) Tenured: 1221228K(5592448K)->1221385K(5592448K)
[1987.537s][info][gc,metaspace   ] GC(651) Metaspace: 135915K(137280K)->135915K(137280K) NonClass: 114921K(115712K)->114921K(115712K) Class: 20993K(21568K)->20993K(21568K)
[1987.537s][info][gc             ] GC(651) Pause Young (Allocation Failure) 3482M->1303M(7918M) 78.668ms
[1987.537s][info][gc,cpu         ] GC(651) User=0.08s Sys=0.00s Real=0.08s
[1989.863s][info][gc,start       ] GC(652) Pause Young (Allocation Failure)
[1989.992s][info][gc,heap        ] GC(652) DefNew: 2350533K(2516544K)->166380K(2516544K) Eden: 2236928K(2236928K)->0K(2236928K) From: 113605K(279616K)->166380K(279616K)
[1989.992s][info][gc,heap        ] GC(652) Tenured: 1221385K(5592448K)->1221449K(5592448K)
[1989.992s][info][gc,metaspace   ] GC(652) Metaspace: 135917K(137280K)->135917K(137280K) NonClass: 114923K(115712K)->114923K(115712K) Class: 20993K(21568K)->20993K(21568K)
[1989.992s][info][gc             ] GC(652) Pause Young (Allocation Failure) 3488M->1355M(7918M) 128.538ms
[1989.992s][info][gc,cpu         ] GC(652) User=0.14s Sys=0.00s Real=0.13s
[1992.747s][info][gc,start       ] GC(653) Pause Young (Allocation Failure)
[1992.819s][info][gc,heap        ] GC(653) DefNew: 2403308K(2516544K)->73406K(2516544K) Eden: 2236928K(2236928K)->0K(2236928K) From: 166380K(279616K)->73406K(279616K)
[1992.819s][info][gc,heap        ] GC(653) Tenured: 1221449K(5592448K)->1227622K(5592448K)
[1992.819s][info][gc,metaspace   ] GC(653) Metaspace: 135917K(137280K)->135917K(137280K) NonClass: 114923K(115712K)->114923K(115712K) Class: 20993K(21568K)->20993K(21568K)
[1992.819s][info][gc             ] GC(653) Pause Young (Allocation Failure) 3539M->1270M(7918M) 71.766ms
[1992.819s][info][gc,cpu         ] GC(653) User=0.08s Sys=0.00s Real=0.07s
[1996.059s][info][gc,start       ] GC(654) Pause Young (Allocation Failure)
[1996.136s][info][gc,heap        ] GC(654) DefNew: 2310334K(2516544K)->96379K(2516544K) Eden: 2236928K(2236928K)->0K(2236928K) From: 73406K(279616K)->96379K(279616K)
[1996.136s][info][gc,heap        ] GC(654) Tenured: 1227622K(5592448K)->1227622K(5592448K)
[1996.136s][info][gc,metaspace   ] GC(654) Metaspace: 135917K(137280K)->135917K(137280K) NonClass: 114923K(115712K)->114923K(115712K) Class: 20993K(21568K)->20993K(21568K)
[1996.136s][info][gc             ] GC(654) Pause Young (Allocation Failure) 3455M->1292M(7918M) 76.470ms
[1996.136s][info][gc,cpu         ] GC(654) User=0.08s Sys=0.00s Real=0.08s
[1999.352s][info][gc,start       ] GC(655) Pause Young (Allocation Failure)
[1999.433s][info][gc,heap        ] GC(655) DefNew: 2333307K(2516544K)->114229K(2516544K) Eden: 2236928K(2236928K)->0K(2236928K) From: 96379K(279616K)->114229K(279616K)
[1999.433s][info][gc,heap        ] GC(655) Tenured: 1227622K(5592448K)->1227622K(5592448K)
[1999.433s][info][gc,metaspace   ] GC(655) Metaspace: 135917K(137280K)->135917K(137280K) NonClass: 114923K(115712K)->114923K(115712K) Class: 20993K(21568K)->20993K(21568K)
[1999.433s][info][gc             ] GC(655) Pause Young (Allocation Failure) 3477M->1310M(7918M) 81.337ms
[1999.433s][info][gc,cpu         ] GC(655) User=0.08s Sys=0.00s Real=0.08s
[2002.439s][info][gc,start       ] GC(656) Pause Young (Allocation Failure)
[2002.535s][info][gc,heap        ] GC(656) DefNew: 2351157K(2516544K)->118279K(2516544K) Eden: 2236928K(2236928K)->0K(2236928K) From: 114229K(279616K)->118279K(279616K)
[2002.535s][info][gc,heap        ] GC(656) Tenured: 1227622K(5592448K)->1227622K(5592448K)
[2002.535s][info][gc,metaspace   ] GC(656) Metaspace: 135917K(137280K)->135917K(137280K) NonClass: 114923K(115712K)->114923K(115712K) Class: 20993K(21568K)->20993K(21568K)
[2002.535s][info][gc             ] GC(656) Pause Young (Allocation Failure) 3494M->1314M(7918M) 96.531ms
[2002.535s][info][gc,cpu         ] GC(656) User=0.09s Sys=0.00s Real=0.10s
[2006.967s][info][gc,start       ] GC(657) Pause Young (GCLocker Initiated GC)
[2007.053s][info][gc,heap        ] GC(657) DefNew: 2355208K(2516544K)->123151K(2516544K) Eden: 2236928K(2236928K)->0K(2236928K) From: 118280K(279616K)->123151K(279616K)
[2007.053s][info][gc,heap        ] GC(657) Tenured: 1227622K(5592448K)->1227622K(5592448K)
[2007.053s][info][gc,metaspace   ] GC(657) Metaspace: 135919K(137280K)->135919K(137280K) NonClass: 114926K(115712K)->114926K(115712K) Class: 20993K(21568K)->20993K(21568K)
[2007.053s][info][gc             ] GC(657) Pause Young (GCLocker Initiated GC) 3498M->1319M(7918M) 86.023ms
[2007.053s][info][gc,cpu         ] GC(657) User=0.09s Sys=0.00s Real=0.09s
[2010.306s][info][gc,start       ] GC(658) Pause Young (Allocation Failure)
[2010.422s][info][gc,heap        ] GC(658) DefNew: 2360079K(2516544K)->164045K(2516544K) Eden: 2236928K(2236928K)->0K(2236928K) From: 123151K(279616K)->164045K(279616K)
[2010.422s][info][gc,heap        ] GC(658) Tenured: 1227622K(5592448K)->1227622K(5592448K)
[2010.422s][info][gc,metaspace   ] GC(658) Metaspace: 135919K(137280K)->135919K(137280K) NonClass: 114926K(115712K)->114926K(115712K) Class: 20993K(21568K)->20993K(21568K)
[2010.422s][info][gc             ] GC(658) Pause Young (Allocation Failure) 3503M->1359M(7918M) 115.917ms
[2010.422s][info][gc,cpu         ] GC(658) User=0.11s Sys=0.00s Real=0.12s
[2012.611s][info][gc,start       ] GC(659) Pause Young (Allocation Failure)
[2012.691s][info][gc,heap        ] GC(659) DefNew: 2400973K(2516544K)->57817K(2516544K) Eden: 2236928K(2236928K)->0K(2236928K) From: 164045K(279616K)->57817K(279616K)
[2012.691s][info][gc,heap        ] GC(659) Tenured: 1227622K(5592448K)->1236095K(5592448K)
[2012.691s][info][gc,metaspace   ] GC(659) Metaspace: 135919K(137280K)->135919K(137280K) NonClass: 114926K(115712K)->114926K(115712K) Class: 20993K(21568K)->20993K(21568K)
[2012.691s][info][gc             ] GC(659) Pause Young (Allocation Failure) 3543M->1263M(7918M) 80.112ms
[2012.691s][info][gc,cpu         ] GC(659) User=0.08s Sys=0.00s Real=0.08s
[2015.885s][info][gc,start       ] GC(660) Pause Young (Allocation Failure)
[2015.965s][info][gc,heap        ] GC(660) DefNew: 2294745K(2516544K)->87099K(2516544K) Eden: 2236928K(2236928K)->0K(2236928K) From: 57817K(279616K)->87099K(279616K)
[2015.965s][info][gc,heap        ] GC(660) Tenured: 1236095K(5592448K)->1236095K(5592448K)
[2015.965s][info][gc,metaspace   ] GC(660) Metaspace: 135924K(137280K)->135924K(137280K) NonClass: 114931K(115712K)->114931K(115712K) Class: 20993K(21568K)->20993K(21568K)
[2015.965s][info][gc             ] GC(660) Pause Young (Allocation Failure) 3448M->1292M(7918M) 80.197ms
[2015.965s][info][gc,cpu         ] GC(660) User=0.08s Sys=0.00s Real=0.08s
[2019.095s][info][gc,start       ] GC(661) Pause Young (Allocation Failure)
[2019.184s][info][gc,heap        ] GC(661) DefNew: 2324027K(2516544K)->111980K(2516544K) Eden: 2236928K(2236928K)->0K(2236928K) From: 87099K(279616K)->111980K(279616K)
[2019.184s][info][gc,heap        ] GC(661) Tenured: 1236095K(5592448K)->1236095K(5592448K)
[2019.184s][info][gc,metaspace   ] GC(661) Metaspace: 135925K(137280K)->135925K(137280K) NonClass: 114932K(115712K)->114932K(115712K) Class: 20993K(21568K)->20993K(21568K)
[2019.184s][info][gc             ] GC(661) Pause Young (Allocation Failure) 3476M->1316M(7918M) 88.540ms
[2019.184s][info][gc,cpu         ] GC(661) User=0.09s Sys=0.00s Real=0.09s
[2022.343s][info][gc,start       ] GC(662) Pause Young (Allocation Failure)
[2022.425s][info][gc,heap        ] GC(662) DefNew: 2348908K(2516544K)->115798K(2516544K) Eden: 2236928K(2236928K)->0K(2236928K) From: 111980K(279616K)->115798K(279616K)
[2022.425s][info][gc,heap        ] GC(662) Tenured: 1236095K(5592448K)->1236095K(5592448K)
[2022.425s][info][gc,metaspace   ] GC(662) Metaspace: 135926K(137280K)->135926K(137280K) NonClass: 114932K(115712K)->114932K(115712K) Class: 20993K(21568K)->20993K(21568K)
[2022.425s][info][gc             ] GC(662) Pause Young (Allocation Failure) 3500M->1320M(7918M) 82.117ms
[2022.426s][info][gc,cpu         ] GC(662) User=0.08s Sys=0.00s Real=0.08s
[2025.275s][info][gc,start       ] GC(663) Pause Young (Allocation Failure)
[2025.365s][info][gc,heap        ] GC(663) DefNew: 2352726K(2516544K)->126514K(2516544K) Eden: 2236928K(2236928K)->0K(2236928K) From: 115798K(279616K)->126514K(279616K)
[2025.365s][info][gc,heap        ] GC(663) Tenured: 1236095K(5592448K)->1236095K(5592448K)
[2025.365s][info][gc,metaspace   ] GC(663) Metaspace: 135926K(137280K)->135926K(137280K) NonClass: 114932K(115712K)->114932K(115712K) Class: 20993K(21568K)->20993K(21568K)
[2025.365s][info][gc             ] GC(663) Pause Young (Allocation Failure) 3504M->1330M(7918M) 89.810ms
[2025.365s][info][gc,cpu         ] GC(663) User=0.08s Sys=0.00s Real=0.09s
[2028.022s][info][gc,start       ] GC(664) Pause Young (Allocation Failure)
[2028.126s][info][gc,heap        ] GC(664) DefNew: 2363442K(2516544K)->144373K(2516544K) Eden: 2236928K(2236928K)->0K(2236928K) From: 126514K(279616K)->144373K(279616K)
[2028.126s][info][gc,heap        ] GC(664) Tenured: 1236095K(5592448K)->1236095K(5592448K)
[2028.126s][info][gc,metaspace   ] GC(664) Metaspace: 135926K(137280K)->135926K(137280K) NonClass: 114932K(115712K)->114932K(115712K) Class: 20993K(21568K)->20993K(21568K)
[2028.126s][info][gc             ] GC(664) Pause Young (Allocation Failure) 3515M->1348M(7918M) 103.913ms
[2028.126s][info][gc,cpu         ] GC(664) User=0.09s Sys=0.00s Real=0.10s
[2030.091s][info][gc,start       ] GC(665) Pause Young (GCLocker Initiated GC)
[2030.251s][info][gc,heap        ] GC(665) DefNew: 2381301K(2516544K)->134284K(2516544K) Eden: 2236928K(2236928K)->0K(2236928K) From: 144373K(279616K)->134284K(279616K)
[2030.251s][info][gc,heap        ] GC(665) Tenured: 1236095K(5592448K)->1239252K(5592448K)
[2030.251s][info][gc,metaspace   ] GC(665) Metaspace: 135926K(137280K)->135926K(137280K) NonClass: 114933K(115712K)->114933K(115712K) Class: 20993K(21568K)->20993K(21568K)
[2030.251s][info][gc             ] GC(665) Pause Young (GCLocker Initiated GC) 3532M->1341M(7918M) 160.092ms
[2030.251s][info][gc,cpu         ] GC(665) User=0.16s Sys=0.00s Real=0.16s
[2033.611s][info][gc,start       ] GC(666) Pause Young (Allocation Failure)
[2033.679s][info][gc,heap        ] GC(666) DefNew: 2371212K(2516544K)->88574K(2516544K) Eden: 2236928K(2236928K)->0K(2236928K) From: 134284K(279616K)->88574K(279616K)
[2033.680s][info][gc,heap        ] GC(666) Tenured: 1239252K(5592448K)->1239252K(5592448K)
[2033.680s][info][gc,metaspace   ] GC(666) Metaspace: 135931K(137280K)->135931K(137280K) NonClass: 114937K(115712K)->114937K(115712K) Class: 20994K(21568K)->20994K(21568K)
[2033.680s][info][gc             ] GC(666) Pause Young (Allocation Failure) 3525M->1296M(7918M) 68.803ms
[2033.680s][info][gc,cpu         ] GC(666) User=0.08s Sys=0.00s Real=0.07s
[2036.739s][info][gc,start       ] GC(667) Pause Young (Allocation Failure)
[2036.819s][info][gc,heap        ] GC(667) DefNew: 2325502K(2516544K)->108493K(2516544K) Eden: 2236928K(2236928K)->0K(2236928K) From: 88574K(279616K)->108493K(279616K)
[2036.819s][info][gc,heap        ] GC(667) Tenured: 1239252K(5592448K)->1239252K(5592448K)
[2036.819s][info][gc,metaspace   ] GC(667) Metaspace: 135931K(137280K)->135931K(137280K) NonClass: 114937K(115712K)->114937K(115712K) Class: 20994K(21568K)->20994K(21568K)
[2036.819s][info][gc             ] GC(667) Pause Young (Allocation Failure) 3481M->1316M(7918M) 79.959ms
[2036.819s][info][gc,cpu         ] GC(667) User=0.09s Sys=0.00s Real=0.08s
[2039.915s][info][gc,start       ] GC(668) Pause Young (Allocation Failure)
[2039.993s][info][gc,heap        ] GC(668) DefNew: 2345421K(2516544K)->111144K(2516544K) Eden: 2236928K(2236928K)->0K(2236928K) From: 108493K(279616K)->111144K(279616K)
[2039.993s][info][gc,heap        ] GC(668) Tenured: 1239252K(5592448K)->1239252K(5592448K)
[2039.993s][info][gc,metaspace   ] GC(668) Metaspace: 135946K(137280K)->135946K(137280K) NonClass: 114952K(115712K)->114952K(115712K) Class: 20994K(21568K)->20994K(21568K)
[2039.993s][info][gc             ] GC(668) Pause Young (Allocation Failure) 3500M->1318M(7918M) 78.118ms
[2039.993s][info][gc,cpu         ] GC(668) User=0.08s Sys=0.00s Real=0.08s
[2042.737s][info][gc,start       ] GC(669) Pause Young (Allocation Failure)
[2042.835s][info][gc,heap        ] GC(669) DefNew: 2348072K(2516544K)->125063K(2516544K) Eden: 2236928K(2236928K)->0K(2236928K) From: 111144K(279616K)->125063K(279616K)
[2042.835s][info][gc,heap        ] GC(669) Tenured: 1239252K(5592448K)->1239252K(5592448K)
[2042.835s][info][gc,metaspace   ] GC(669) Metaspace: 135946K(137280K)->135946K(137280K) NonClass: 114952K(115712K)->114952K(115712K) Class: 20994K(21568K)->20994K(21568K)
[2042.835s][info][gc             ] GC(669) Pause Young (Allocation Failure) 3503M->1332M(7918M) 98.303ms
[2042.835s][info][gc,cpu         ] GC(669) User=0.11s Sys=0.00s Real=0.10s
[2045.547s][info][gc,start       ] GC(670) Pause Young (Allocation Failure)
[2045.643s][info][gc,heap        ] GC(670) DefNew: 2361991K(2516544K)->146769K(2516544K) Eden: 2236928K(2236928K)->0K(2236928K) From: 125063K(279616K)->146769K(279616K)
[2045.643s][info][gc,heap        ] GC(670) Tenured: 1239252K(5592448K)->1239252K(5592448K)
[2045.643s][info][gc,metaspace   ] GC(670) Metaspace: 135947K(137280K)->135947K(137280K) NonClass: 114953K(115712K)->114953K(115712K) Class: 20994K(21568K)->20994K(21568K)
[2045.643s][info][gc             ] GC(670) Pause Young (Allocation Failure) 3516M->1353M(7918M) 96.427ms
[2045.643s][info][gc,cpu         ] GC(670) User=0.09s Sys=0.00s Real=0.10s
[2047.398s][info][gc,start       ] GC(671) Pause Young (Allocation Failure)
[2047.525s][info][gc,heap        ] GC(671) DefNew: 2383729K(2516544K)->158238K(2516544K) Eden: 2236928K(2236928K)->0K(2236928K) From: 146801K(279616K)->158238K(279616K)
[2047.525s][info][gc,heap        ] GC(671) Tenured: 1239252K(5592448K)->1246540K(5592448K)
[2047.525s][info][gc,metaspace   ] GC(671) Metaspace: 135947K(137280K)->135947K(137280K) NonClass: 114953K(115712K)->114953K(115712K) Class: 20994K(21568K)->20994K(21568K)
[2047.526s][info][gc             ] GC(671) Pause Young (Allocation Failure) 3538M->1371M(7918M) 127.972ms
[2047.526s][info][gc,cpu         ] GC(671) User=0.12s Sys=0.00s Real=0.13s
[2051.031s][info][gc,start       ] GC(672) Pause Young (Allocation Failure)
[2051.099s][info][gc,heap        ] GC(672) DefNew: 2395166K(2516544K)->69608K(2516544K) Eden: 2236928K(2236928K)->0K(2236928K) From: 158238K(279616K)->69608K(279616K)
[2051.099s][info][gc,heap        ] GC(672) Tenured: 1246540K(5592448K)->1254839K(5592448K)
[2051.099s][info][gc,metaspace   ] GC(672) Metaspace: 135947K(137280K)->135947K(137280K) NonClass: 114953K(115712K)->114953K(115712K) Class: 20994K(21568K)->20994K(21568K)
[2051.099s][info][gc             ] GC(672) Pause Young (Allocation Failure) 3556M->1293M(7918M) 68.060ms
[2051.099s][info][gc,cpu         ] GC(672) User=0.06s Sys=0.00s Real=0.07s
[2055.128s][info][gc,start       ] GC(673) Pause Young (Allocation Failure)
[2055.196s][info][gc,heap        ] GC(673) DefNew: 2306536K(2516544K)->88525K(2516544K) Eden: 2236928K(2236928K)->0K(2236928K) From: 69608K(279616K)->88525K(279616K)
[2055.196s][info][gc,heap        ] GC(673) Tenured: 1254839K(5592448K)->1254839K(5592448K)
[2055.196s][info][gc,metaspace   ] GC(673) Metaspace: 135948K(137280K)->135948K(137280K) NonClass: 114954K(115712K)->114954K(115712K) Class: 20994K(21568K)->20994K(21568K)
[2055.196s][info][gc             ] GC(673) Pause Young (Allocation Failure) 3477M->1311M(7918M) 67.815ms
[2055.196s][info][gc,cpu         ] GC(673) User=0.08s Sys=0.00s Real=0.07s
[2058.419s][info][gc,start       ] GC(674) Pause Young (Allocation Failure)
[2058.498s][info][gc,heap        ] GC(674) DefNew: 2325453K(2516544K)->97029K(2516544K) Eden: 2236928K(2236928K)->0K(2236928K) From: 88525K(279616K)->97029K(279616K)
[2058.498s][info][gc,heap        ] GC(674) Tenured: 1254839K(5592448K)->1254839K(5592448K)
[2058.498s][info][gc,metaspace   ] GC(674) Metaspace: 135950K(137280K)->135950K(137280K) NonClass: 114956K(115712K)->114956K(115712K) Class: 20994K(21568K)->20994K(21568K)
[2058.498s][info][gc             ] GC(674) Pause Young (Allocation Failure) 3496M->1320M(7918M) 79.597ms
[2058.498s][info][gc,cpu         ] GC(674) User=0.08s Sys=0.00s Real=0.08s
[2061.494s][info][gc,start       ] GC(675) Pause Young (Allocation Failure)
[2061.579s][info][gc,heap        ] GC(675) DefNew: 2333957K(2516544K)->111643K(2516544K) Eden: 2236928K(2236928K)->0K(2236928K) From: 97029K(279616K)->111643K(279616K)
[2061.579s][info][gc,heap        ] GC(675) Tenured: 1254839K(5592448K)->1254839K(5592448K)
[2061.579s][info][gc,metaspace   ] GC(675) Metaspace: 135950K(137280K)->135950K(137280K) NonClass: 114956K(115712K)->114956K(115712K) Class: 20994K(21568K)->20994K(21568K)
[2061.579s][info][gc             ] GC(675) Pause Young (Allocation Failure) 3504M->1334M(7918M) 84.675ms
[2061.579s][info][gc,cpu         ] GC(675) User=0.08s Sys=0.00s Real=0.08s
[2064.578s][info][gc,start       ] GC(676) Pause Young (Allocation Failure)
[2064.666s][info][gc,heap        ] GC(676) DefNew: 2348571K(2516544K)->129089K(2516544K) Eden: 2236928K(2236928K)->0K(2236928K) From: 111643K(279616K)->129089K(279616K)
[2064.666s][info][gc,heap        ] GC(676) Tenured: 1254839K(5592448K)->1254839K(5592448K)
[2064.666s][info][gc,metaspace   ] GC(676) Metaspace: 135952K(137280K)->135952K(137280K) NonClass: 114958K(115712K)->114958K(115712K) Class: 20994K(21568K)->20994K(21568K)
[2064.666s][info][gc             ] GC(676) Pause Young (Allocation Failure) 3518M->1351M(7918M) 88.366ms
[2064.666s][info][gc,cpu         ] GC(676) User=0.09s Sys=0.00s Real=0.09s
[2066.656s][info][gc,start       ] GC(677) Pause Young (Allocation Failure)
[2066.805s][info][gc,heap        ] GC(677) DefNew: 2366167K(2516544K)->178275K(2516544K) Eden: 2236928K(2236928K)->0K(2236928K) From: 129239K(279616K)->178275K(279616K)
[2066.805s][info][gc,heap        ] GC(677) Tenured: 1254839K(5592448K)->1254839K(5592448K)
[2066.805s][info][gc,metaspace   ] GC(677) Metaspace: 135952K(137280K)->135952K(137280K) NonClass: 114958K(115712K)->114958K(115712K) Class: 20994K(21568K)->20994K(21568K)
[2066.805s][info][gc             ] GC(677) Pause Young (Allocation Failure) 3536M->1399M(7918M) 149.202ms
[2066.805s][info][gc,cpu         ] GC(677) User=0.16s Sys=0.00s Real=0.15s
[2070.571s][info][gc,start       ] GC(678) Pause Young (Allocation Failure)
[2070.634s][info][gc,heap        ] GC(678) DefNew: 2415203K(2516544K)->66914K(2516544K) Eden: 2236928K(2236928K)->0K(2236928K) From: 178275K(279616K)->66914K(279616K)
[2070.634s][info][gc,heap        ] GC(678) Tenured: 1254839K(5592448K)->1263907K(5592448K)
[2070.634s][info][gc,metaspace   ] GC(678) Metaspace: 135956K(137280K)->135956K(137280K) NonClass: 114962K(115712K)->114962K(115712K) Class: 20994K(21568K)->20994K(21568K)
[2070.634s][info][gc             ] GC(678) Pause Young (Allocation Failure) 3584M->1299M(7918M) 62.391ms
[2070.634s][info][gc,cpu         ] GC(678) User=0.06s Sys=0.00s Real=0.06s
[2074.033s][info][gc,start       ] GC(679) Pause Young (Allocation Failure)
[2074.108s][info][gc,heap        ] GC(679) DefNew: 2303842K(2516544K)->89268K(2516544K) Eden: 2236928K(2236928K)->0K(2236928K) From: 66914K(279616K)->89268K(279616K)
[2074.109s][info][gc,heap        ] GC(679) Tenured: 1263907K(5592448K)->1263907K(5592448K)
[2074.109s][info][gc,metaspace   ] GC(679) Metaspace: 135956K(137280K)->135956K(137280K) NonClass: 114962K(115712K)->114962K(115712K) Class: 20994K(21568K)->20994K(21568K)
[2074.109s][info][gc             ] GC(679) Pause Young (Allocation Failure) 3484M->1321M(7918M) 75.817ms
[2074.109s][info][gc,cpu         ] GC(679) User=0.08s Sys=0.00s Real=0.08s
[2077.380s][info][gc,start       ] GC(680) Pause Young (Allocation Failure)
[2077.465s][info][gc,heap        ] GC(680) DefNew: 2326196K(2516544K)->99839K(2516544K) Eden: 2236928K(2236928K)->0K(2236928K) From: 89268K(279616K)->99839K(279616K)
[2077.465s][info][gc,heap        ] GC(680) Tenured: 1263907K(5592448K)->1263907K(5592448K)
[2077.465s][info][gc,metaspace   ] GC(680) Metaspace: 135956K(137280K)->135956K(137280K) NonClass: 114962K(115712K)->114962K(115712K) Class: 20994K(21568K)->20994K(21568K)
[2077.465s][info][gc             ] GC(680) Pause Young (Allocation Failure) 3505M->1331M(7918M) 85.719ms
[2077.465s][info][gc,cpu         ] GC(680) User=0.09s Sys=0.00s Real=0.09s
[2080.614s][info][gc,start       ] GC(681) Pause Young (Allocation Failure)
[2080.685s][info][gc,heap        ] GC(681) DefNew: 2336767K(2516544K)->98454K(2516544K) Eden: 2236928K(2236928K)->0K(2236928K) From: 99839K(279616K)->98454K(279616K)
[2080.685s][info][gc,heap        ] GC(681) Tenured: 1263907K(5592448K)->1263907K(5592448K)
[2080.685s][info][gc,metaspace   ] GC(681) Metaspace: 135956K(137280K)->135956K(137280K) NonClass: 114962K(115712K)->114962K(115712K) Class: 20994K(21568K)->20994K(21568K)
[2080.685s][info][gc             ] GC(681) Pause Young (Allocation Failure) 3516M->1330M(7918M) 71.376ms
[2080.685s][info][gc,cpu         ] GC(681) User=0.08s Sys=0.00s Real=0.07s
[2085.065s][info][gc,start       ] GC(682) Pause Young (Allocation Failure)
[2085.138s][info][gc,heap        ] GC(682) DefNew: 2335382K(2516544K)->104527K(2516544K) Eden: 2236928K(2236928K)->0K(2236928K) From: 98454K(279616K)->104527K(279616K)
[2085.138s][info][gc,heap        ] GC(682) Tenured: 1263907K(5592448K)->1263907K(5592448K)
[2085.138s][info][gc,metaspace   ] GC(682) Metaspace: 135956K(137280K)->135956K(137280K) NonClass: 114962K(115712K)->114962K(115712K) Class: 20994K(21568K)->20994K(21568K)
[2085.138s][info][gc             ] GC(682) Pause Young (Allocation Failure) 3514M->1336M(7918M) 73.644ms
[2085.138s][info][gc,cpu         ] GC(682) User=0.08s Sys=0.00s Real=0.07s
[2087.521s][info][gc,start       ] GC(683) Pause Young (Allocation Failure)
[2087.633s][info][gc,heap        ] GC(683) DefNew: 2341455K(2516544K)->130031K(2516544K) Eden: 2236928K(2236928K)->0K(2236928K) From: 104527K(279616K)->130031K(279616K)
[2087.633s][info][gc,heap        ] GC(683) Tenured: 1263907K(5592448K)->1263907K(5592448K)
[2087.633s][info][gc,metaspace   ] GC(683) Metaspace: 135964K(137408K)->135964K(137408K) NonClass: 114969K(115776K)->114969K(115776K) Class: 20994K(21632K)->20994K(21632K)
[2087.633s][info][gc             ] GC(683) Pause Young (Allocation Failure) 3520M->1361M(7918M) 112.058ms
[2087.633s][info][gc,cpu         ] GC(683) User=0.12s Sys=0.00s Real=0.11s
[2090.515s][info][gc,start       ] GC(684) Pause Young (Allocation Failure)
[2090.582s][info][gc,heap        ] GC(684) DefNew: 2366959K(2516544K)->81942K(2516544K) Eden: 2236928K(2236928K)->0K(2236928K) From: 130031K(279616K)->81942K(279616K)
[2090.582s][info][gc,heap        ] GC(684) Tenured: 1263907K(5592448K)->1263907K(5592448K)
[2090.582s][info][gc,metaspace   ] GC(684) Metaspace: 135964K(137408K)->135964K(137408K) NonClass: 114969K(115776K)->114969K(115776K) Class: 20994K(21632K)->20994K(21632K)
[2090.582s][info][gc             ] GC(684) Pause Young (Allocation Failure) 3545M->1314M(7918M) 67.332ms
[2090.582s][info][gc,cpu         ] GC(684) User=0.06s Sys=0.00s Real=0.07s
[2093.630s][info][gc,start       ] GC(685) Pause Young (Allocation Failure)
[2093.710s][info][gc,heap        ] GC(685) DefNew: 2318870K(2516544K)->100977K(2516544K) Eden: 2236928K(2236928K)->0K(2236928K) From: 81942K(279616K)->100977K(279616K)
[2093.710s][info][gc,heap        ] GC(685) Tenured: 1263907K(5592448K)->1263907K(5592448K)
[2093.710s][info][gc,metaspace   ] GC(685) Metaspace: 135964K(137408K)->135964K(137408K) NonClass: 114970K(115776K)->114970K(115776K) Class: 20994K(21632K)->20994K(21632K)
[2093.710s][info][gc             ] GC(685) Pause Young (Allocation Failure) 3498M->1332M(7918M) 79.609ms
[2093.710s][info][gc,cpu         ] GC(685) User=0.09s Sys=0.00s Real=0.08s
[2096.719s][info][gc,start       ] GC(686) Pause Young (Allocation Failure)
[2096.807s][info][gc,heap        ] GC(686) DefNew: 2337905K(2516544K)->107023K(2516544K) Eden: 2236928K(2236928K)->0K(2236928K) From: 100977K(279616K)->107023K(279616K)
[2096.807s][info][gc,heap        ] GC(686) Tenured: 1263907K(5592448K)->1263907K(5592448K)
[2096.807s][info][gc,metaspace   ] GC(686) Metaspace: 135976K(137408K)->135976K(137408K) NonClass: 114982K(115776K)->114982K(115776K) Class: 20994K(21632K)->20994K(21632K)
[2096.807s][info][gc             ] GC(686) Pause Young (Allocation Failure) 3517M->1338M(7918M) 87.823ms
[2096.807s][info][gc,cpu         ] GC(686) User=0.09s Sys=0.00s Real=0.09s
[2099.647s][info][gc,start       ] GC(687) Pause Young (Allocation Failure)
[2099.730s][info][gc,heap        ] GC(687) DefNew: 2343951K(2516544K)->116571K(2516544K) Eden: 2236928K(2236928K)->0K(2236928K) From: 107023K(279616K)->116571K(279616K)
[2099.730s][info][gc,heap        ] GC(687) Tenured: 1263907K(5592448K)->1263907K(5592448K)
[2099.730s][info][gc,metaspace   ] GC(687) Metaspace: 135976K(137408K)->135976K(137408K) NonClass: 114982K(115776K)->114982K(115776K) Class: 20994K(21632K)->20994K(21632K)
[2099.730s][info][gc             ] GC(687) Pause Young (Allocation Failure) 3523M->1348M(7918M) 83.069ms
[2099.730s][info][gc,cpu         ] GC(687) User=0.08s Sys=0.00s Real=0.08s
[2103.311s][info][gc,start       ] GC(688) Pause Young (Allocation Failure)
[2103.397s][info][gc,heap        ] GC(688) DefNew: 2353499K(2516544K)->125105K(2516544K) Eden: 2236928K(2236928K)->0K(2236928K) From: 116571K(279616K)->125105K(279616K)
[2103.397s][info][gc,heap        ] GC(688) Tenured: 1263907K(5592448K)->1263907K(5592448K)
[2103.397s][info][gc,metaspace   ] GC(688) Metaspace: 135976K(137408K)->135976K(137408K) NonClass: 114982K(115776K)->114982K(115776K) Class: 20994K(21632K)->20994K(21632K)
[2103.397s][info][gc             ] GC(688) Pause Young (Allocation Failure) 3532M->1356M(7918M) 85.960ms
[2103.397s][info][gc,cpu         ] GC(688) User=0.09s Sys=0.00s Real=0.09s
[2105.400s][info][gc,start       ] GC(689) Pause Young (Allocation Failure)
[2105.523s][info][gc,heap        ] GC(689) DefNew: 2362033K(2516544K)->152061K(2516544K) Eden: 2236928K(2236928K)->0K(2236928K) From: 125105K(279616K)->152061K(279616K)
[2105.523s][info][gc,heap        ] GC(689) Tenured: 1263907K(5592448K)->1263907K(5592448K)
[2105.523s][info][gc,metaspace   ] GC(689) Metaspace: 135976K(137408K)->135976K(137408K) NonClass: 114982K(115776K)->114982K(115776K) Class: 20994K(21632K)->20994K(21632K)
[2105.523s][info][gc             ] GC(689) Pause Young (Allocation Failure) 3540M->1382M(7918M) 123.174ms
[2105.523s][info][gc,cpu         ] GC(689) User=0.12s Sys=0.00s Real=0.12s
[2108.607s][info][gc,start       ] GC(690) Pause Young (Allocation Failure)
[2108.673s][info][gc,heap        ] GC(690) DefNew: 2388989K(2516544K)->71518K(2516544K) Eden: 2236928K(2236928K)->0K(2236928K) From: 152061K(279616K)->71518K(279616K)
[2108.673s][info][gc,heap        ] GC(690) Tenured: 1263907K(5592448K)->1270877K(5592448K)
[2108.673s][info][gc,metaspace   ] GC(690) Metaspace: 135977K(137408K)->135977K(137408K) NonClass: 114983K(115776K)->114983K(115776K) Class: 20994K(21632K)->20994K(21632K)
[2108.673s][info][gc             ] GC(690) Pause Young (Allocation Failure) 3567M->1310M(7918M) 65.388ms
[2108.673s][info][gc,cpu         ] GC(690) User=0.06s Sys=0.00s Real=0.07s
[2112.111s][info][gc,start       ] GC(691) Pause Young (Allocation Failure)
[2112.184s][info][gc,heap        ] GC(691) DefNew: 2308446K(2516544K)->91941K(2516544K) Eden: 2236928K(2236928K)->0K(2236928K) From: 71518K(279616K)->91941K(279616K)
[2112.184s][info][gc,heap        ] GC(691) Tenured: 1270877K(5592448K)->1270877K(5592448K)
[2112.184s][info][gc,metaspace   ] GC(691) Metaspace: 135978K(137408K)->135978K(137408K) NonClass: 114983K(115776K)->114983K(115776K) Class: 20994K(21632K)->20994K(21632K)
[2112.184s][info][gc             ] GC(691) Pause Young (Allocation Failure) 3495M->1330M(7918M) 73.620ms
[2112.184s][info][gc,cpu         ] GC(691) User=0.08s Sys=0.00s Real=0.07s
[2115.430s][info][gc,start       ] GC(692) Pause Young (Allocation Failure)
[2115.502s][info][gc,heap        ] GC(692) DefNew: 2328869K(2516544K)->99495K(2516544K) Eden: 2236928K(2236928K)->0K(2236928K) From: 91941K(279616K)->99495K(279616K)
[2115.502s][info][gc,heap        ] GC(692) Tenured: 1270877K(5592448K)->1270877K(5592448K)
[2115.502s][info][gc,metaspace   ] GC(692) Metaspace: 135978K(137408K)->135978K(137408K) NonClass: 114983K(115776K)->114983K(115776K) Class: 20994K(21632K)->20994K(21632K)
[2115.502s][info][gc             ] GC(692) Pause Young (Allocation Failure) 3515M->1338M(7918M) 72.589ms
[2115.502s][info][gc,cpu         ] GC(692) User=0.06s Sys=0.00s Real=0.07s
[2118.547s][info][gc,start       ] GC(693) Pause Young (Allocation Failure)
[2118.628s][info][gc,heap        ] GC(693) DefNew: 2336423K(2516544K)->106441K(2516544K) Eden: 2236928K(2236928K)->0K(2236928K) From: 99495K(279616K)->106441K(279616K)
[2118.628s][info][gc,heap        ] GC(693) Tenured: 1270877K(5592448K)->1270877K(5592448K)
[2118.628s][info][gc,metaspace   ] GC(693) Metaspace: 135979K(137408K)->135979K(137408K) NonClass: 114984K(115776K)->114984K(115776K) Class: 20994K(21632K)->20994K(21632K)
[2118.628s][info][gc             ] GC(693) Pause Young (Allocation Failure) 3522M->1345M(7918M) 81.306ms
[2118.628s][info][gc,cpu         ] GC(693) User=0.08s Sys=0.00s Real=0.08s
[2121.615s][info][gc,start       ] GC(694) Pause Young (Allocation Failure)
[2121.701s][info][gc,heap        ] GC(694) DefNew: 2343369K(2516544K)->123301K(2516544K) Eden: 2236928K(2236928K)->0K(2236928K) From: 106441K(279616K)->123301K(279616K)
[2121.701s][info][gc,heap        ] GC(694) Tenured: 1270877K(5592448K)->1270877K(5592448K)
[2121.701s][info][gc,metaspace   ] GC(694) Metaspace: 135979K(137408K)->135979K(137408K) NonClass: 114985K(115776K)->114985K(115776K) Class: 20994K(21632K)->20994K(21632K)
[2121.701s][info][gc             ] GC(694) Pause Young (Allocation Failure) 3529M->1361M(7918M) 85.582ms
[2121.701s][info][gc,cpu         ] GC(694) User=0.09s Sys=0.00s Real=0.09s
[2123.744s][info][gc,start       ] GC(695) Pause Young (Allocation Failure)
[2123.870s][info][gc,heap        ] GC(695) DefNew: 2360229K(2516544K)->140471K(2516544K) Eden: 2236928K(2236928K)->0K(2236928K) From: 123301K(279616K)->140471K(279616K)
[2123.870s][info][gc,heap        ] GC(695) Tenured: 1270877K(5592448K)->1270877K(5592448K)
[2123.870s][info][gc,metaspace   ] GC(695) Metaspace: 135979K(137408K)->135979K(137408K) NonClass: 114985K(115776K)->114985K(115776K) Class: 20994K(21632K)->20994K(21632K)
[2123.870s][info][gc             ] GC(695) Pause Young (Allocation Failure) 3546M->1378M(7918M) 126.842ms
[2123.871s][info][gc,cpu         ] GC(695) User=0.12s Sys=0.00s Real=0.13s
[2127.187s][info][gc,start       ] GC(696) Pause Young (Allocation Failure)
[2127.256s][info][gc,heap        ] GC(696) DefNew: 2377399K(2516544K)->80581K(2516544K) Eden: 2236928K(2236928K)->0K(2236928K) From: 140471K(279616K)->80581K(279616K)
[2127.256s][info][gc,heap        ] GC(696) Tenured: 1270877K(5592448K)->1272273K(5592448K)
[2127.256s][info][gc,metaspace   ] GC(696) Metaspace: 135981K(137408K)->135981K(137408K) NonClass: 114986K(115776K)->114986K(115776K) Class: 20994K(21632K)->20994K(21632K)
[2127.256s][info][gc             ] GC(696) Pause Young (Allocation Failure) 3562M->1321M(7918M) 69.338ms
[2127.256s][info][gc,cpu         ] GC(696) User=0.08s Sys=0.00s Real=0.07s
[2130.519s][info][gc,start       ] GC(697) Pause Young (Allocation Failure)
[2130.593s][info][gc,heap        ] GC(697) DefNew: 2317509K(2516544K)->98709K(2516544K) Eden: 2236928K(2236928K)->0K(2236928K) From: 80581K(279616K)->98709K(279616K)
[2130.593s][info][gc,heap        ] GC(697) Tenured: 1272273K(5592448K)->1272273K(5592448K)
[2130.593s][info][gc,metaspace   ] GC(697) Metaspace: 135981K(137408K)->135981K(137408K) NonClass: 114986K(115776K)->114986K(115776K) Class: 20994K(21632K)->20994K(21632K)
[2130.593s][info][gc             ] GC(697) Pause Young (Allocation Failure) 3505M->1338M(7918M) 74.380ms
[2130.593s][info][gc,cpu         ] GC(697) User=0.08s Sys=0.00s Real=0.07s
[2133.699s][info][gc,start       ] GC(698) Pause Young (Allocation Failure)
[2133.777s][info][gc,heap        ] GC(698) DefNew: 2335637K(2516544K)->95412K(2516544K) Eden: 2236928K(2236928K)->0K(2236928K) From: 98709K(279616K)->95412K(279616K)
[2133.777s][info][gc,heap        ] GC(698) Tenured: 1272273K(5592448K)->1272273K(5592448K)
[2133.777s][info][gc,metaspace   ] GC(698) Metaspace: 135981K(137408K)->135981K(137408K) NonClass: 114986K(115776K)->114986K(115776K) Class: 20994K(21632K)->20994K(21632K)
[2133.777s][info][gc             ] GC(698) Pause Young (Allocation Failure) 3523M->1335M(7918M) 78.334ms
[2133.777s][info][gc,cpu         ] GC(698) User=0.08s Sys=0.00s Real=0.08s
[2137.111s][info][gc,start       ] GC(699) Pause Young (Allocation Failure)
[2137.182s][info][gc,heap        ] GC(699) DefNew: 2332340K(2516544K)->103309K(2516544K) Eden: 2236928K(2236928K)->0K(2236928K) From: 95412K(279616K)->103309K(279616K)
[2137.182s][info][gc,heap        ] GC(699) Tenured: 1272273K(5592448K)->1272273K(5592448K)
[2137.182s][info][gc,metaspace   ] GC(699) Metaspace: 135983K(137408K)->135983K(137408K) NonClass: 114989K(115776K)->114989K(115776K) Class: 20994K(21632K)->20994K(21632K)
[2137.182s][info][gc             ] GC(699) Pause Young (Allocation Failure) 3520M->1343M(7918M) 71.180ms
[2137.182s][info][gc,cpu         ] GC(699) User=0.08s Sys=0.00s Real=0.07s
[2146.165s][info][gc,start       ] GC(700) Pause Young (GCLocker Initiated GC)
[2146.243s][info][gc,heap        ] GC(700) DefNew: 2218620K(2516544K)->77997K(2516544K) Eden: 2115310K(2236928K)->0K(2236928K) From: 103309K(279616K)->77997K(279616K)
[2146.243s][info][gc,heap        ] GC(700) Tenured: 1272273K(5592448K)->1272273K(5592448K)
[2146.243s][info][gc,metaspace   ] GC(700) Metaspace: 138391K(139776K)->138391K(139776K) NonClass: 117166K(117952K)->117166K(117952K) Class: 21224K(21824K)->21224K(21824K)
[2146.243s][info][gc             ] GC(700) Pause Young (GCLocker Initiated GC) 3409M->1318M(7918M) 78.057ms
[2146.243s][info][gc,cpu         ] GC(700) User=0.08s Sys=0.00s Real=0.08s
