[0.003s][info][gc] Min heap equals to max heap, disabling ShenandoahUncommit
[0.009s][info][gc] Heuristics ergonomically sets -XX:+ExplicitGCInvokesConcurrent
[0.009s][info][gc] Heuristics ergonomically sets -XX:+ShenandoahImplicitGCInvokesConcurrent
[0.009s][info][gc] Using Shenandoah
[0.019s][info][gc,ergo] Pacer for Idle. Initial: 163M, Alloc Tax Rate: 1.0x
[0.019s][info][gc,init] Version: 22.0.2+9 (release)
[0.019s][info][gc,init] CPUs: 16 total, 8 available
[0.019s][info][gc,init] Memory: 16099M
[0.019s][info][gc,init] Large Page Support: Disabled
[0.019s][info][gc,init] NUMA Support: Disabled
[0.019s][info][gc,init] Compressed Oops: Enabled (Zero based)
[0.019s][info][gc,init] Heap Min Capacity: 8G
[0.019s][info][gc,init] Heap Initial Capacity: 8G
[0.019s][info][gc,init] Heap Max Capacity: 8G
[0.019s][info][gc,init] Pre-touch: Disabled
[0.019s][info][gc,init] Mode: Snapshot-At-The-Beginning (SATB)
[0.019s][info][gc,init] Heuristics: Adaptive
[0.019s][info][gc,init] Heap Region Count: 2048
[0.019s][info][gc,init] Heap Region Size: 4M
[0.019s][info][gc,init] TLAB Size Max: 4M
[0.019s][info][gc,init] Humongous Object Threshold: 4M
[0.019s][info][gc,init] Parallel Workers: 4
[0.019s][info][gc,init] Concurrent Workers: 2
[0.028s][info][gc,metaspace] CDS archive(s) mapped at: [0x000002e572000000-0x000002e572c60000-0x000002e572c60000), size 12976128, SharedBaseAddress: 0x000002e572000000, ArchiveRelocationMode: 1.
[0.028s][info][gc,metaspace] Compressed class space mapped at: 0x000002e573000000-0x000002e5b3000000, reserved size: 1073741824
[0.028s][info][gc,metaspace] Narrow klass base: 0x000002e572000000, Narrow klass shift: 0, Narrow klass range: 0x41000000
[1.905s][info][gc          ] Trigger: Metadata GC Threshold
[1.905s][info][gc,ergo     ] Free: 7040M, Max: 4096K regular, 7040M humongous, Frag: 0% external, 0% internal; Reserve: 412M, Max: 4096K
[1.906s][info][gc,start    ] GC(0) Concurrent reset
[1.906s][info][gc,task     ] GC(0) Using 2 of 4 workers for concurrent reset
[1.906s][info][gc,ergo     ] GC(0) Pacer for Reset. Non-Taxable: 8192M
[1.906s][info][gc          ] GC(0) Concurrent reset 0.249ms
[1.906s][info][gc,start    ] GC(0) Pause Init Mark (unload classes)
[1.906s][info][gc,task     ] GC(0) Using 4 of 4 workers for init marking
[1.906s][info][gc,ergo     ] GC(0) Pacer for Mark. Expected Live: 819M, Free: 7040M, Non-Taxable: 704M, Alloc Tax Rate: 0.1x
[1.906s][info][gc          ] GC(0) Pause Init Mark (unload classes) 0.129ms
[1.906s][info][gc,start    ] GC(0) Concurrent marking roots
[1.906s][info][gc,task     ] GC(0) Using 2 of 4 workers for concurrent marking roots
[1.907s][info][gc          ] GC(0) Concurrent marking roots 0.574ms
[1.907s][info][gc,start    ] GC(0) Concurrent marking (unload classes)
[1.907s][info][gc,task     ] GC(0) Using 2 of 4 workers for concurrent marking
[1.913s][info][gc          ] GC(0) Concurrent marking (unload classes) 5.989ms
[1.913s][info][gc,start    ] GC(0) Pause Final Mark (unload classes)
[1.913s][info][gc,task     ] GC(0) Using 4 of 4 workers for final marking
[1.913s][info][gc,ergo     ] GC(0) Adaptive CSet Selection. Target Free: 1160M, Actual Free: 7889M, Max CSet: 341M, Min Garbage: 0B
[1.913s][info][gc,ergo     ] GC(0) Collectable Garbage: 623M (100%), Immediate: 441M (70%), CSet: 182M (29%)
[1.913s][info][gc,ergo     ] GC(0) Pacer for Evacuation. Used CSet: 196M, Free: 7580M, Non-Taxable: 758M, Alloc Tax Rate: 1.1x
[1.913s][info][gc          ] GC(0) Pause Final Mark (unload classes) 0.244ms
[1.913s][info][gc,start    ] GC(0) Concurrent thread roots
[1.913s][info][gc,task     ] GC(0) Using 2 of 4 workers for Concurrent thread roots
[1.914s][info][gc          ] GC(0) Concurrent thread roots 0.642ms
[1.914s][info][gc,start    ] GC(0) Concurrent weak references
[1.914s][info][gc,task     ] GC(0) Using 2 of 4 workers for concurrent weak references
[1.914s][info][gc,ref      ] GC(0) Encountered references: Soft: 4263, Weak: 4524, Final: 35, Phantom: 1728
[1.914s][info][gc,ref      ] GC(0) Discovered  references: Soft: 0, Weak: 2394, Final: 2, Phantom: 1649
[1.914s][info][gc,ref      ] GC(0) Enqueued    references: Soft: 0, Weak: 2130, Final: 2, Phantom: 1306
[1.914s][info][gc          ] GC(0) Concurrent weak references 0.452ms
[1.914s][info][gc,start    ] GC(0) Concurrent weak roots
[1.914s][info][gc,task     ] GC(0) Using 2 of 4 workers for concurrent weak root
[1.915s][info][gc          ] GC(0) Concurrent weak roots 1.185ms
[1.915s][info][gc,start    ] GC(0) Concurrent cleanup
[1.915s][info][gc          ] GC(0) Concurrent cleanup 650M->208M(8192M) 0.045ms
[1.915s][info][gc,ergo     ] GC(0) Free: 7572M, Max: 4096K regular, 7028M humongous, Frag: 8% external, 0% internal; Reserve: 411M, Max: 4096K
[1.915s][info][gc,start    ] GC(0) Concurrent class unloading
[1.915s][info][gc,task     ] GC(0) Using 2 of 4 workers for concurrent class unloading
[1.918s][info][gc          ] GC(0) Concurrent class unloading 2.228ms
[1.918s][info][gc,start    ] GC(0) Concurrent strong roots
[1.918s][info][gc,task     ] GC(0) Using 2 of 4 workers for concurrent strong root
[1.918s][info][gc          ] GC(0) Concurrent strong roots 0.791ms
[1.918s][info][gc,start    ] GC(0) Concurrent evacuation
[1.918s][info][gc,task     ] GC(0) Using 2 of 4 workers for concurrent evacuation
[1.924s][info][gc          ] GC(0) Concurrent evacuation 5.791ms
[1.924s][info][gc,start    ] GC(0) Pause Init Update Refs
[1.924s][info][gc,ergo     ] GC(0) Pacer for Update Refs. Used: 227M, Free: 7572M, Non-Taxable: 757M, Alloc Tax Rate: 1.1x
[1.924s][info][gc          ] GC(0) Pause Init Update Refs 0.041ms
[1.924s][info][gc,start    ] GC(0) Concurrent update references
[1.924s][info][gc,task     ] GC(0) Using 2 of 4 workers for concurrent reference update
[1.930s][info][gc          ] GC(0) Concurrent update references 5.249ms
[1.930s][info][gc,start    ] GC(0) Concurrent update thread roots
[1.930s][info][gc          ] GC(0) Concurrent update thread roots 0.244ms
[1.930s][info][gc,start    ] GC(0) Pause Final Update Refs
[1.930s][info][gc,task     ] GC(0) Using 4 of 4 workers for final reference update
[1.930s][info][gc          ] GC(0) Pause Final Update Refs 0.096ms
[1.930s][info][gc,start    ] GC(0) Concurrent cleanup
[1.930s][info][gc          ] GC(0) Concurrent cleanup 227M->31M(8192M) 0.031ms
[1.930s][info][gc,ergo     ] Free: 7748M, Max: 4096K regular, 7008M humongous, Frag: 10% external, 0% internal; Reserve: 412M, Max: 4096K
[1.930s][info][gc,stats    ] 
[1.930s][info][gc,stats    ] All times are wall-clock times, except per-root-class counters, that are sum over
[1.930s][info][gc,stats    ] all workers. Dividing the <total> over the root stage time estimates parallelism.
[1.930s][info][gc,stats    ] 
[1.930s][info][gc,stats    ] Concurrent Reset                    527 us
[1.930s][info][gc,stats    ] Pause Init Mark (G)                 250 us
[1.930s][info][gc,stats    ] Pause Init Mark (N)                 142 us
[1.930s][info][gc,stats    ]   Update Region States               54 us
[1.930s][info][gc,stats    ] Concurrent Mark Roots               591 us, parallelism: 1.48x
[1.930s][info][gc,stats    ]   CMR: <total>                      873 us
[1.930s][info][gc,stats    ]   CMR: Thread Roots                 545 us, workers (us): 112, 433, ---, ---, 
[1.930s][info][gc,stats    ]   CMR: VM Strong Roots               89 us, workers (us):  17,  72, ---, ---, 
[1.930s][info][gc,stats    ]   CMR: CLDG Roots                   239 us, workers (us): 239, ---, ---, ---, 
[1.930s][info][gc,stats    ] Concurrent Marking                 6022 us
[1.930s][info][gc,stats    ] Pause Final Mark (G)                274 us
[1.930s][info][gc,stats    ] Pause Final Mark (N)                255 us
[1.930s][info][gc,stats    ]   Finish Mark                        74 us
[1.930s][info][gc,stats    ]   Update Region States               54 us
[1.930s][info][gc,stats    ]   Choose Collection Set              56 us
[1.930s][info][gc,stats    ]   Rebuild Free Set                    8 us
[1.930s][info][gc,stats    ] Concurrent Thread Roots             665 us, parallelism: 1.31x
[1.930s][info][gc,stats    ]   CTR: <total>                      870 us
[1.930s][info][gc,stats    ]   CTR: Thread Roots                 870 us, workers (us): 576, 295, ---, ---, 
[1.931s][info][gc,stats    ] Concurrent Weak References          469 us, parallelism: 0.88x
[1.931s][info][gc,stats    ]   CWRF: <total>                     412 us
[1.931s][info][gc,stats    ]   CWRF: Weak References             412 us, workers (us): 295, 118, ---, ---, 
[1.931s][info][gc,stats    ] Concurrent Weak Roots              1215 us
[1.931s][info][gc,stats    ]   Roots                            1132 us, parallelism: 1.91x
[1.931s][info][gc,stats    ]     CWR: <total>                   2167 us
[1.931s][info][gc,stats    ]     CWR: Code Cache Roots           808 us, workers (us): 424, 383, ---, ---, 
[1.931s][info][gc,stats    ]     CWR: VM Weak Roots             1342 us, workers (us): 672, 670, ---, ---, 
[1.931s][info][gc,stats    ]     CWR: CLDG Roots                  18 us, workers (us): ---,  18, ---, ---, 
[1.931s][info][gc,stats    ]   Rendezvous                         24 us
[1.931s][info][gc,stats    ] Concurrent Cleanup                   66 us
[1.931s][info][gc,stats    ] Concurrent Class Unloading         2254 us
[1.931s][info][gc,stats    ]   Unlink Stale                     1526 us
[1.931s][info][gc,stats    ]     System Dictionary                17 us
[1.931s][info][gc,stats    ]     Weak Class Links                  0 us
[1.931s][info][gc,stats    ]     Code Roots                     1508 us
[1.931s][info][gc,stats    ]   Rendezvous                         16 us
[1.931s][info][gc,stats    ]   Purge Unlinked                    651 us
[1.931s][info][gc,stats    ]     Code Roots                      638 us
[1.931s][info][gc,stats    ]     CLDG                             13 us
[1.931s][info][gc,stats    ]     Exception Caches                  0 us
[1.931s][info][gc,stats    ] Concurrent Strong Roots             809 us, parallelism: 0.93x
[1.931s][info][gc,stats    ]   CSR: <total>                      749 us
[1.931s][info][gc,stats    ]   CSR: VM Strong Roots               17 us, workers (us):  17,   0, ---, ---, 
[1.931s][info][gc,stats    ]   CSR: CLDG Roots                   732 us, workers (us): 732, ---, ---, ---, 
[1.931s][info][gc,stats    ] Concurrent Evacuation              5822 us
[1.931s][info][gc,stats    ] Pause Init Update Refs (G)          151 us
[1.931s][info][gc,stats    ] Pause Init Update Refs (N)           51 us
[1.931s][info][gc,stats    ]   Manage GCLABs                       3 us
[1.931s][info][gc,stats    ] Concurrent Update Refs             5280 us
[1.931s][info][gc,stats    ] Concurrent Update Thread Roots      266 us
[1.931s][info][gc,stats    ] Pause Final Update Refs (G)         166 us
[1.931s][info][gc,stats    ] Pause Final Update Refs (N)         111 us
[1.931s][info][gc,stats    ]   Update Region States               42 us
[1.931s][info][gc,stats    ]   Trash Collection Set                2 us
[1.931s][info][gc,stats    ]   Rebuild Free Set                   10 us
[1.931s][info][gc,stats    ] Concurrent Cleanup                   45 us
[1.931s][info][gc,stats    ] 
[1.931s][info][gc,stats    ] Allocation pacing accrued:
[1.931s][info][gc,stats    ]       0 of  1912 ms (  0.0%): <total>
[1.931s][info][gc,stats    ]       0 of  1912 ms (  0.0%): <average total>
[1.931s][info][gc,stats    ] 
[1.931s][info][gc,metaspace] Metaspace: 21222K(21760K)->21941K(22464K) NonClass: 18754K(19072K)->19392K(19712K) Class: 2468K(2688K)->2549K(2752K)
[1.931s][info][gc,ergo     ] Pacer for Idle. Initial: 163M, Alloc Tax Rate: 1.0x
[2.814s][info][gc          ] Trigger: Metadata GC Threshold
[2.815s][info][gc,ergo     ] Free: 7428M, Max: 4096K regular, 7008M humongous, Frag: 6% external, 0% internal; Reserve: 412M, Max: 4096K
[2.815s][info][gc,start    ] GC(1) Concurrent reset
[2.815s][info][gc,task     ] GC(1) Using 2 of 4 workers for concurrent reset
[2.815s][info][gc,ergo     ] GC(1) Pacer for Reset. Non-Taxable: 8192M
[2.815s][info][gc          ] GC(1) Concurrent reset 0.670ms
[2.815s][info][gc,start    ] GC(1) Pause Init Mark (unload classes)
[2.815s][info][gc,task     ] GC(1) Using 4 of 4 workers for init marking
[2.816s][info][gc,ergo     ] GC(1) Pacer for Mark. Expected Live: 13930K, Free: 7428M, Non-Taxable: 742M, Alloc Tax Rate: 0.0x
[2.816s][info][gc          ] GC(1) Pause Init Mark (unload classes) 0.104ms
[2.816s][info][gc,start    ] GC(1) Concurrent marking roots
[2.816s][info][gc,task     ] GC(1) Using 2 of 4 workers for concurrent marking roots
[2.817s][info][gc          ] GC(1) Concurrent marking roots 1.862ms
[2.818s][info][gc,start    ] GC(1) Concurrent marking (unload classes)
[2.818s][info][gc,task     ] GC(1) Using 2 of 4 workers for concurrent marking
[2.865s][info][gc          ] GC(1) Concurrent marking (unload classes) 47.277ms
[2.865s][info][gc,start    ] GC(1) Pause Final Mark (unload classes)
[2.865s][info][gc,task     ] GC(1) Using 4 of 4 workers for final marking
[2.865s][info][gc,ergo     ] GC(1) Adaptive CSet Selection. Target Free: 1160M, Actual Free: 7896M, Max CSet: 341M, Min Garbage: 0B
[2.865s][info][gc,ergo     ] GC(1) Collectable Garbage: 287M (99%), Immediate: 77824K (26%), CSet: 211M (73%)
[2.865s][info][gc,ergo     ] GC(1) Pacer for Evacuation. Used CSet: 263M, Free: 7484M, Non-Taxable: 748M, Alloc Tax Rate: 1.1x
[2.865s][info][gc          ] GC(1) Pause Final Mark (unload classes) 0.244ms
[2.865s][info][gc,start    ] GC(1) Concurrent thread roots
[2.865s][info][gc,task     ] GC(1) Using 2 of 4 workers for Concurrent thread roots
[2.867s][info][gc          ] GC(1) Concurrent thread roots 1.751ms
[2.867s][info][gc,start    ] GC(1) Concurrent weak references
[2.867s][info][gc,task     ] GC(1) Using 2 of 4 workers for concurrent weak references
[2.867s][info][gc,ref      ] GC(1) Encountered references: Soft: 4464, Weak: 6042, Final: 33, Phantom: 958
[2.867s][info][gc,ref      ] GC(1) Discovered  references: Soft: 0, Weak: 2188, Final: 0, Phantom: 816
[2.867s][info][gc,ref      ] GC(1) Enqueued    references: Soft: 0, Weak: 668, Final: 0, Phantom: 526
[2.867s][info][gc          ] GC(1) Concurrent weak references 0.528ms
[2.868s][info][gc,start    ] GC(1) Concurrent weak roots
[2.868s][info][gc,task     ] GC(1) Using 2 of 4 workers for concurrent weak root
[2.870s][info][gc          ] GC(1) Concurrent weak roots 1.997ms
[2.870s][info][gc,start    ] GC(1) Concurrent cleanup
[2.870s][info][gc          ] GC(1) Concurrent cleanup 380M->304M(8192M) 0.045ms
[2.870s][info][gc,ergo     ] GC(1) Free: 7476M, Max: 4096K regular, 7008M humongous, Frag: 7% external, 0% internal; Reserve: 410M, Max: 4096K
[2.870s][info][gc,start    ] GC(1) Concurrent class unloading
[2.870s][info][gc,task     ] GC(1) Using 2 of 4 workers for concurrent class unloading
[2.873s][info][gc          ] GC(1) Concurrent class unloading 3.429ms
[2.873s][info][gc,start    ] GC(1) Concurrent strong roots
[2.873s][info][gc,task     ] GC(1) Using 2 of 4 workers for concurrent strong root
[2.874s][info][gc          ] GC(1) Concurrent strong roots 1.177ms
[2.874s][info][gc,start    ] GC(1) Concurrent evacuation
[2.874s][info][gc,task     ] GC(1) Using 2 of 4 workers for concurrent evacuation
[2.913s][info][gc          ] GC(1) Concurrent evacuation 39.036ms
[2.913s][info][gc,start    ] GC(1) Pause Init Update Refs
[2.914s][info][gc,ergo     ] GC(1) Pacer for Update Refs. Used: 367M, Free: 7468M, Non-Taxable: 746M, Alloc Tax Rate: 1.1x
[2.914s][info][gc          ] GC(1) Pause Init Update Refs 0.048ms
[2.914s][info][gc,start    ] GC(1) Concurrent update references
[2.914s][info][gc,task     ] GC(1) Using 2 of 4 workers for concurrent reference update
[2.960s][info][gc          ] GC(1) Concurrent update references 46.565ms
[2.960s][info][gc,start    ] GC(1) Concurrent update thread roots
[2.967s][info][gc          ] GC(1) Concurrent update thread roots 6.734ms
[2.967s][info][gc,start    ] GC(1) Pause Final Update Refs
[2.967s][info][gc,task     ] GC(1) Using 4 of 4 workers for final reference update
[2.967s][info][gc          ] GC(1) Pause Final Update Refs 0.134ms
[2.967s][info][gc,start    ] GC(1) Concurrent cleanup
[2.967s][info][gc          ] GC(1) Concurrent cleanup 387M->123M(8192M) 0.051ms
[2.967s][info][gc,ergo     ] Free: 7656M, Max: 4096K regular, 7368M humongous, Frag: 4% external, 0% internal; Reserve: 412M, Max: 4096K
[2.968s][info][gc,stats    ] 
[2.968s][info][gc,stats    ] All times are wall-clock times, except per-root-class counters, that are sum over
[2.968s][info][gc,stats    ] all workers. Dividing the <total> over the root stage time estimates parallelism.
[2.968s][info][gc,stats    ] 
[2.968s][info][gc,stats    ] Concurrent Reset                    718 us
[2.968s][info][gc,stats    ] Pause Init Mark (G)                 269 us
[2.968s][info][gc,stats    ] Pause Init Mark (N)                 116 us
[2.968s][info][gc,stats    ]   Update Region States               36 us
[2.968s][info][gc,stats    ] Concurrent Mark Roots              1887 us, parallelism: 1.14x
[2.968s][info][gc,stats    ]   CMR: <total>                     2146 us
[2.968s][info][gc,stats    ]   CMR: Thread Roots                1988 us, workers (us): 250, 1738, ---, ---, 
[2.968s][info][gc,stats    ]   CMR: VM Strong Roots               22 us, workers (us):  22,   0, ---, ---, 
[2.968s][info][gc,stats    ]   CMR: CLDG Roots                   135 us, workers (us): 135, ---, ---, ---, 
[2.968s][info][gc,stats    ] Concurrent Marking                47328 us
[2.968s][info][gc,stats    ] Pause Final Mark (G)                345 us
[2.968s][info][gc,stats    ] Pause Final Mark (N)                255 us
[2.968s][info][gc,stats    ]   Finish Mark                        75 us
[2.968s][info][gc,stats    ]   Update Region States               60 us
[2.968s][info][gc,stats    ]   Choose Collection Set              48 us
[2.968s][info][gc,stats    ]   Rebuild Free Set                    8 us
[2.968s][info][gc,stats    ] Concurrent Thread Roots            1775 us, parallelism: 1.11x
[2.968s][info][gc,stats    ]   CTR: <total>                     1979 us
[2.968s][info][gc,stats    ]   CTR: Thread Roots                1979 us, workers (us): 1675, 304, ---, ---, 
[2.968s][info][gc,stats    ] Concurrent Weak References          540 us, parallelism: 0.82x
[2.968s][info][gc,stats    ]   CWRF: <total>                     443 us
[2.968s][info][gc,stats    ]   CWRF: Weak References             443 us, workers (us): 443,   0, ---, ---, 
[2.968s][info][gc,stats    ] Concurrent Weak Roots              2031 us
[2.968s][info][gc,stats    ]   Roots                            1913 us, parallelism: 1.89x
[2.968s][info][gc,stats    ]     CWR: <total>                   3621 us
[2.968s][info][gc,stats    ]     CWR: Code Cache Roots          1538 us, workers (us): 797, 741, ---, ---, 
[2.968s][info][gc,stats    ]     CWR: VM Weak Roots             2041 us, workers (us): 1036, 1005, ---, ---, 
[2.968s][info][gc,stats    ]     CWR: CLDG Roots                  42 us, workers (us): ---,  42, ---, ---, 
[2.968s][info][gc,stats    ]   Rendezvous                         62 us
[2.968s][info][gc,stats    ] Concurrent Cleanup                   60 us
[2.968s][info][gc,stats    ] Concurrent Class Unloading         3472 us
[2.968s][info][gc,stats    ]   Unlink Stale                     2017 us
[2.968s][info][gc,stats    ]     System Dictionary                25 us
[2.968s][info][gc,stats    ]     Weak Class Links                  0 us
[2.968s][info][gc,stats    ]     Code Roots                     1992 us
[2.968s][info][gc,stats    ]   Rendezvous                         73 us
[2.968s][info][gc,stats    ]   Purge Unlinked                   1314 us
[2.968s][info][gc,stats    ]     Code Roots                     1296 us
[2.968s][info][gc,stats    ]     CLDG                             18 us
[2.968s][info][gc,stats    ]     Exception Caches                  0 us
[2.968s][info][gc,stats    ] Concurrent Strong Roots            1204 us, parallelism: 0.92x
[2.968s][info][gc,stats    ]   CSR: <total>                     1101 us
[2.968s][info][gc,stats    ]   CSR: VM Strong Roots               19 us, workers (us):  10,   9, ---, ---, 
[2.968s][info][gc,stats    ]   CSR: CLDG Roots                  1082 us, workers (us): 1082, ---, ---, ---, 
[2.968s][info][gc,stats    ] Concurrent Evacuation             39098 us
[2.968s][info][gc,stats    ] Pause Init Update Refs (G)          179 us
[2.968s][info][gc,stats    ] Pause Init Update Refs (N)           59 us
[2.968s][info][gc,stats    ]   Manage GCLABs                       5 us
[2.968s][info][gc,stats    ] Concurrent Update Refs            46633 us
[2.968s][info][gc,stats    ] Concurrent Update Thread Roots     6893 us
[2.968s][info][gc,stats    ] Pause Final Update Refs (G)         281 us
[2.968s][info][gc,stats    ] Pause Final Update Refs (N)         207 us
[2.968s][info][gc,stats    ]   Update Region States               67 us
[2.968s][info][gc,stats    ]   Trash Collection Set                3 us
[2.968s][info][gc,stats    ]   Rebuild Free Set                   17 us
[2.968s][info][gc,stats    ] Concurrent Cleanup                   66 us
[2.968s][info][gc,stats    ] 
[2.968s][info][gc,stats    ] Allocation pacing accrued:
[2.968s][info][gc,stats    ]       0 of  1037 ms (  0.0%): <total>
[2.968s][info][gc,stats    ]       0 of  1037 ms (  0.0%): <average total>
[2.968s][info][gc,stats    ] 
[2.968s][info][gc,metaspace] Metaspace: 36854K(37504K)->37172K(37760K) NonClass: 32395K(32768K)->32607K(32960K) Class: 4458K(4736K)->4565K(4800K)
[2.968s][info][gc,ergo     ] Pacer for Idle. Initial: 163M, Alloc Tax Rate: 1.0x
[4.757s][info][gc          ] Trigger: Metadata GC Threshold
[4.757s][info][gc,ergo     ] Free: 7108M, Max: 4096K regular, 7108M humongous, Frag: 0% external, 0% internal; Reserve: 412M, Max: 4096K
[4.757s][info][gc,start    ] GC(2) Concurrent reset
[4.757s][info][gc,task     ] GC(2) Using 2 of 4 workers for concurrent reset
[4.757s][info][gc,ergo     ] GC(2) Pacer for Reset. Non-Taxable: 8192M
[4.758s][info][gc          ] GC(2) Concurrent reset 0.990ms
[4.759s][info][gc,start    ] GC(2) Pause Init Mark (unload classes)
[4.759s][info][gc,task     ] GC(2) Using 4 of 4 workers for init marking
[4.759s][info][gc,ergo     ] GC(2) Pacer for Mark. Expected Live: 39140K, Free: 7108M, Non-Taxable: 710M, Alloc Tax Rate: 0.0x
[4.759s][info][gc          ] GC(2) Pause Init Mark (unload classes) 0.097ms
[4.759s][info][gc,start    ] GC(2) Concurrent marking roots
[4.759s][info][gc,task     ] GC(2) Using 2 of 4 workers for concurrent marking roots
[4.759s][info][gc          ] GC(2) Concurrent marking roots 0.501ms
[4.759s][info][gc,start    ] GC(2) Concurrent marking (unload classes)
[4.759s][info][gc,task     ] GC(2) Using 2 of 4 workers for concurrent marking
[4.889s][info][gc          ] GC(2) Concurrent marking (unload classes) 130.109ms
[4.889s][info][gc,start    ] GC(2) Pause Final Mark (unload classes)
[4.890s][info][gc,task     ] GC(2) Using 4 of 4 workers for final marking
[4.890s][info][gc,ergo     ] GC(2) Adaptive CSet Selection. Target Free: 1160M, Actual Free: 7504M, Max CSet: 341M, Min Garbage: 0B
[4.890s][info][gc,ergo     ] GC(2) Collectable Garbage: 496M (99%), Immediate: 0B (0%), CSet: 496M (99%)
[4.890s][info][gc,ergo     ] GC(2) Pacer for Evacuation. Used CSet: 608M, Free: 7092M, Non-Taxable: 709M, Alloc Tax Rate: 1.1x
[4.890s][info][gc          ] GC(2) Pause Final Mark (unload classes) 0.268ms
[4.890s][info][gc,start    ] GC(2) Concurrent thread roots
[4.890s][info][gc,task     ] GC(2) Using 2 of 4 workers for Concurrent thread roots
[4.891s][info][gc          ] GC(2) Concurrent thread roots 0.907ms
[4.891s][info][gc,start    ] GC(2) Concurrent weak references
[4.891s][info][gc,task     ] GC(2) Using 2 of 4 workers for concurrent weak references
[4.894s][info][gc,ref      ] GC(2) Encountered references: Soft: 4726, Weak: 16893, Final: 33, Phantom: 4013
[4.894s][info][gc,ref      ] GC(2) Discovered  references: Soft: 0, Weak: 15099, Final: 0, Phantom: 3871
[4.894s][info][gc,ref      ] GC(2) Enqueued    references: Soft: 0, Weak: 3693, Final: 0, Phantom: 3581
[4.894s][info][gc          ] GC(2) Concurrent weak references 2.874ms
[4.894s][info][gc,start    ] GC(2) Concurrent weak roots
[4.894s][info][gc,task     ] GC(2) Using 2 of 4 workers for concurrent weak root
[4.896s][info][gc          ] GC(2) Concurrent weak roots 2.814ms
[4.896s][info][gc,start    ] GC(2) Concurrent cleanup
[4.896s][info][gc          ] GC(2) Concurrent cleanup 697M->697M(8192M) 0.044ms
[4.897s][info][gc,ergo     ] GC(2) Free: 7084M, Max: 4096K regular, 7084M humongous, Frag: 0% external, 0% internal; Reserve: 409M, Max: 4096K
[4.897s][info][gc,start    ] GC(2) Concurrent class unloading
[4.897s][info][gc,task     ] GC(2) Using 2 of 4 workers for concurrent class unloading
[4.905s][info][gc          ] GC(2) Concurrent class unloading 8.081ms
[4.905s][info][gc,start    ] GC(2) Concurrent strong roots
[4.905s][info][gc,task     ] GC(2) Using 2 of 4 workers for concurrent strong root
[4.906s][info][gc          ] GC(2) Concurrent strong roots 1.293ms
[4.906s][info][gc,start    ] GC(2) Concurrent evacuation
[4.906s][info][gc,task     ] GC(2) Using 2 of 4 workers for concurrent evacuation
[4.989s][info][gc          ] GC(2) Concurrent evacuation 82.555ms
[4.989s][info][gc,start    ] GC(2) Pause Init Update Refs
[4.989s][info][gc,ergo     ] GC(2) Pacer for Update Refs. Used: 815M, Free: 7080M, Non-Taxable: 708M, Alloc Tax Rate: 1.1x
[4.989s][info][gc          ] GC(2) Pause Init Update Refs 0.044ms
[4.989s][info][gc,start    ] GC(2) Concurrent update references
[4.989s][info][gc,task     ] GC(2) Using 2 of 4 workers for concurrent reference update
[5.083s][info][gc          ] GC(2) Concurrent update references 94.400ms
[5.083s][info][gc,start    ] GC(2) Concurrent update thread roots
[5.084s][info][gc          ] GC(2) Concurrent update thread roots 0.488ms
[5.084s][info][gc,start    ] GC(2) Pause Final Update Refs
[5.084s][info][gc,task     ] GC(2) Using 4 of 4 workers for final reference update
[5.084s][info][gc          ] GC(2) Pause Final Update Refs 0.098ms
[5.084s][info][gc,start    ] GC(2) Concurrent cleanup
[5.084s][info][gc          ] GC(2) Concurrent cleanup 823M->215M(8192M) 0.034ms
[5.084s][info][gc,ergo     ] Free: 7564M, Max: 4096K regular, 6960M humongous, Frag: 8% external, 0% internal; Reserve: 412M, Max: 4096K
[5.084s][info][gc,stats    ] 
[5.084s][info][gc,stats    ] All times are wall-clock times, except per-root-class counters, that are sum over
[5.084s][info][gc,stats    ] all workers. Dividing the <total> over the root stage time estimates parallelism.
[5.084s][info][gc,stats    ] 
[5.084s][info][gc,stats    ] Concurrent Reset                   1040 us
[5.084s][info][gc,stats    ] Pause Init Mark (G)                 401 us
[5.084s][info][gc,stats    ] Pause Init Mark (N)                 107 us
[5.084s][info][gc,stats    ]   Update Region States               41 us
[5.084s][info][gc,stats    ] Concurrent Mark Roots               521 us, parallelism: 1.50x
[5.084s][info][gc,stats    ]   CMR: <total>                      781 us
[5.084s][info][gc,stats    ]   CMR: Thread Roots                 642 us, workers (us): 300, 343, ---, ---, 
[5.084s][info][gc,stats    ]   CMR: VM Strong Roots               47 us, workers (us):   9,  38, ---, ---, 
[5.084s][info][gc,stats    ]   CMR: CLDG Roots                    92 us, workers (us):  92, ---, ---, ---, 
[5.084s][info][gc,stats    ] Concurrent Marking               130148 us
[5.084s][info][gc,stats    ] Pause Final Mark (G)                356 us
[5.084s][info][gc,stats    ] Pause Final Mark (N)                278 us
[5.084s][info][gc,stats    ]   Finish Mark                        84 us
[5.084s][info][gc,stats    ]   Update Region States               58 us
[5.084s][info][gc,stats    ]   Choose Collection Set              64 us
[5.084s][info][gc,stats    ]   Rebuild Free Set                    8 us
[5.084s][info][gc,stats    ] Concurrent Thread Roots             926 us, parallelism: 1.81x
[5.084s][info][gc,stats    ]   CTR: <total>                     1677 us
[5.084s][info][gc,stats    ]   CTR: Thread Roots                1677 us, workers (us): 844, 834, ---, ---, 
[5.084s][info][gc,stats    ] Concurrent Weak References         2888 us, parallelism: 0.98x
[5.084s][info][gc,stats    ]   CWRF: <total>                    2824 us
[5.084s][info][gc,stats    ]   CWRF: Weak References            2824 us, workers (us):  44, 2780, ---, ---, 
[5.084s][info][gc,stats    ] Concurrent Weak Roots              2859 us
[5.084s][info][gc,stats    ]   Roots                            2732 us, parallelism: 1.95x
[5.084s][info][gc,stats    ]     CWR: <total>                   5327 us
[5.084s][info][gc,stats    ]     CWR: Code Cache Roots          1934 us, workers (us): 938, 996, ---, ---, 
[5.084s][info][gc,stats    ]     CWR: VM Weak Roots             3337 us, workers (us): 1662, 1674, ---, ---, 
[5.084s][info][gc,stats    ]     CWR: CLDG Roots                  56 us, workers (us):  56, ---, ---, ---, 
[5.084s][info][gc,stats    ]   Rendezvous                         57 us
[5.084s][info][gc,stats    ] Concurrent Cleanup                   57 us
[5.084s][info][gc,stats    ] Concurrent Class Unloading         8127 us
[5.084s][info][gc,stats    ]   Unlink Stale                     3109 us
[5.084s][info][gc,stats    ]     System Dictionary                51 us
[5.084s][info][gc,stats    ]     Weak Class Links                  0 us
[5.084s][info][gc,stats    ]     Code Roots                     3058 us
[5.084s][info][gc,stats    ]   Rendezvous                         91 us
[5.084s][info][gc,stats    ]   Purge Unlinked                   4857 us
[5.084s][info][gc,stats    ]     Code Roots                     4817 us
[5.084s][info][gc,stats    ]     CLDG                             40 us
[5.084s][info][gc,stats    ]     Exception Caches                  0 us
[5.084s][info][gc,stats    ] Concurrent Strong Roots            1325 us, parallelism: 0.92x
[5.084s][info][gc,stats    ]   CSR: <total>                     1212 us
[5.084s][info][gc,stats    ]   CSR: VM Strong Roots               10 us, workers (us):  10,   0, ---, ---, 
[5.084s][info][gc,stats    ]   CSR: CLDG Roots                  1202 us, workers (us): 1202, ---, ---, ---, 
[5.084s][info][gc,stats    ] Concurrent Evacuation             82599 us
[5.084s][info][gc,stats    ] Pause Init Update Refs (G)           97 us
[5.084s][info][gc,stats    ] Pause Init Update Refs (N)           55 us
[5.084s][info][gc,stats    ]   Manage GCLABs                       3 us
[5.084s][info][gc,stats    ] Concurrent Update Refs            94435 us
[5.084s][info][gc,stats    ] Concurrent Update Thread Roots      512 us
[5.084s][info][gc,stats    ] Pause Final Update Refs (G)         207 us
[5.084s][info][gc,stats    ] Pause Final Update Refs (N)         121 us
[5.084s][info][gc,stats    ]   Update Region States               44 us
[5.085s][info][gc,stats    ]   Trash Collection Set                2 us
[5.085s][info][gc,stats    ]   Rebuild Free Set                   10 us
[5.085s][info][gc,stats    ] Concurrent Cleanup                   47 us
[5.085s][info][gc,stats    ] 
[5.085s][info][gc,stats    ] Allocation pacing accrued:
[5.085s][info][gc,stats    ]       0 of  2116 ms (  0.0%): <total>
[5.085s][info][gc,stats    ]       0 of  2116 ms (  0.0%): <average total>
[5.085s][info][gc,stats    ] 
[5.085s][info][gc,metaspace] Metaspace: 62247K(63040K)->67243K(68160K) NonClass: 53098K(53568K)->57019K(57536K) Class: 9148K(9472K)->10223K(10624K)
[5.085s][info][gc,ergo     ] Pacer for Idle. Initial: 163M, Alloc Tax Rate: 1.0x
[11.663s][info][gc          ] Trigger: Metadata GC Threshold
[11.663s][info][gc,ergo     ] Free: 6364M, Max: 4096K regular, 6364M humongous, Frag: 0% external, 0% internal; Reserve: 412M, Max: 4096K
[11.663s][info][gc,start    ] GC(3) Concurrent reset
[11.663s][info][gc,task     ] GC(3) Using 2 of 4 workers for concurrent reset
[11.663s][info][gc,ergo     ] GC(3) Pacer for Reset. Non-Taxable: 8192M
[11.665s][info][gc          ] GC(3) Concurrent reset 1.484ms
[11.665s][info][gc,start    ] GC(3) Pause Init Mark (unload classes)
[11.665s][info][gc,task     ] GC(3) Using 4 of 4 workers for init marking
[11.665s][info][gc,ergo     ] GC(3) Pacer for Mark. Expected Live: 84685K, Free: 6364M, Non-Taxable: 636M, Alloc Tax Rate: 0.0x
[11.665s][info][gc          ] GC(3) Pause Init Mark (unload classes) 0.136ms
[11.665s][info][gc,start    ] GC(3) Concurrent marking roots
[11.665s][info][gc,task     ] GC(3) Using 2 of 4 workers for concurrent marking roots
[11.667s][info][gc          ] GC(3) Concurrent marking roots 1.351ms
[11.667s][info][gc,start    ] GC(3) Concurrent marking (unload classes)
[11.667s][info][gc,task     ] GC(3) Using 2 of 4 workers for concurrent marking
[11.825s][info][gc          ] GC(3) Concurrent marking (unload classes) 158.059ms
[11.825s][info][gc,start    ] GC(3) Pause Final Mark (unload classes)
[11.825s][info][gc,task     ] GC(3) Using 4 of 4 workers for final marking
[11.825s][info][gc,ergo     ] GC(3) Adaptive CSet Selection. Target Free: 1160M, Actual Free: 6888M, Max CSet: 341M, Min Garbage: 0B
[11.825s][info][gc,ergo     ] GC(3) Collectable Garbage: 1173M (99%), Immediate: 152M (12%), CSet: 1021M (86%)
[11.825s][info][gc,ergo     ] GC(3) Pacer for Evacuation. Used CSet: 1100M, Free: 6476M, Non-Taxable: 647M, Alloc Tax Rate: 1.1x
[11.825s][info][gc          ] GC(3) Pause Final Mark (unload classes) 0.342ms
[11.825s][info][gc,start    ] GC(3) Concurrent thread roots
[11.825s][info][gc,task     ] GC(3) Using 2 of 4 workers for Concurrent thread roots
[11.827s][info][gc          ] GC(3) Concurrent thread roots 1.614ms
[11.827s][info][gc,start    ] GC(3) Concurrent weak references
[11.827s][info][gc,task     ] GC(3) Using 2 of 4 workers for concurrent weak references
[11.829s][info][gc,ref      ] GC(3) Encountered references: Soft: 5694, Weak: 24697, Final: 34, Phantom: 4638
[11.829s][info][gc,ref      ] GC(3) Discovered  references: Soft: 0, Weak: 16101, Final: 0, Phantom: 4495
[11.829s][info][gc,ref      ] GC(3) Enqueued    references: Soft: 0, Weak: 4532, Final: 0, Phantom: 4183
[11.829s][info][gc          ] GC(3) Concurrent weak references 2.417ms
[11.829s][info][gc,start    ] GC(3) Concurrent weak roots
[11.829s][info][gc,task     ] GC(3) Using 2 of 4 workers for concurrent weak root
[11.835s][info][gc          ] GC(3) Concurrent weak roots 5.338ms
[11.835s][info][gc,start    ] GC(3) Concurrent cleanup
[11.835s][info][gc          ] GC(3) Concurrent cleanup 1467M->1315M(8192M) 0.073ms
[11.835s][info][gc,ergo     ] GC(3) Free: 6468M, Max: 4096K regular, 6316M humongous, Frag: 3% external, 0% internal; Reserve: 407M, Max: 4096K
[11.835s][info][gc,start    ] GC(3) Concurrent class unloading
[11.835s][info][gc,task     ] GC(3) Using 2 of 4 workers for concurrent class unloading
[11.869s][info][gc          ] GC(3) Concurrent class unloading 34.052ms
[11.869s][info][gc,start    ] GC(3) Concurrent strong roots
[11.869s][info][gc,task     ] GC(3) Using 2 of 4 workers for concurrent strong root
[11.872s][info][gc          ] GC(3) Concurrent strong roots 2.750ms
[11.872s][info][gc,start    ] GC(3) Concurrent evacuation
[11.872s][info][gc,task     ] GC(3) Using 2 of 4 workers for concurrent evacuation
[11.928s][info][gc          ] GC(3) Concurrent evacuation 56.759ms
[11.929s][info][gc,start    ] GC(3) Pause Init Update Refs
[11.929s][info][gc,ergo     ] GC(3) Pacer for Update Refs. Used: 1413M, Free: 6456M, Non-Taxable: 645M, Alloc Tax Rate: 1.1x
[11.929s][info][gc          ] GC(3) Pause Init Update Refs 0.046ms
[11.929s][info][gc,start    ] GC(3) Concurrent update references
[11.929s][info][gc,task     ] GC(3) Using 2 of 4 workers for concurrent reference update
[12.022s][info][gc          ] GC(3) Concurrent update references 93.157ms
[12.022s][info][gc,start    ] GC(3) Concurrent update thread roots
[12.024s][info][gc          ] GC(3) Concurrent update thread roots 1.752ms
[12.024s][info][gc,start    ] GC(3) Pause Final Update Refs
[12.024s][info][gc,task     ] GC(3) Using 4 of 4 workers for final reference update
[12.024s][info][gc          ] GC(3) Pause Final Update Refs 0.091ms
[12.024s][info][gc,start    ] GC(3) Concurrent cleanup
[12.024s][info][gc          ] GC(3) Concurrent cleanup 1441M->341M(8192M) 0.042ms
[12.024s][info][gc,ergo     ] Free: 7438M, Max: 4096K regular, 6240M humongous, Frag: 17% external, 0% internal; Reserve: 412M, Max: 4096K
[12.024s][info][gc,stats    ] 
[12.024s][info][gc,stats    ] All times are wall-clock times, except per-root-class counters, that are sum over
[12.024s][info][gc,stats    ] all workers. Dividing the <total> over the root stage time estimates parallelism.
[12.024s][info][gc,stats    ] 
[12.024s][info][gc,stats    ] Concurrent Reset                   1544 us
[12.024s][info][gc,stats    ] Pause Init Mark (G)                 239 us
[12.024s][info][gc,stats    ] Pause Init Mark (N)                 147 us
[12.024s][info][gc,stats    ]   Update Region States               15 us
[12.024s][info][gc,stats    ] Concurrent Mark Roots              1373 us, parallelism: 1.68x
[12.024s][info][gc,stats    ]   CMR: <total>                     2305 us
[12.024s][info][gc,stats    ]   CMR: Thread Roots                2035 us, workers (us): 998, 1037, ---, ---, 
[12.024s][info][gc,stats    ]   CMR: VM Strong Roots               69 us, workers (us):  23,  46, ---, ---, 
[12.024s][info][gc,stats    ]   CMR: CLDG Roots                   202 us, workers (us): 202, ---, ---, ---, 
[12.024s][info][gc,stats    ] Concurrent Marking               158105 us
[12.024s][info][gc,stats    ] Pause Final Mark (G)                460 us
[12.024s][info][gc,stats    ] Pause Final Mark (N)                353 us
[12.024s][info][gc,stats    ]   Finish Mark                       128 us
[12.024s][info][gc,stats    ]   Update Region States               79 us
[12.024s][info][gc,stats    ]   Choose Collection Set              73 us
[12.024s][info][gc,stats    ]   Rebuild Free Set                    9 us
[12.024s][info][gc,stats    ] Concurrent Thread Roots            1637 us, parallelism: 1.82x
[12.024s][info][gc,stats    ]   CTR: <total>                     2981 us
[12.024s][info][gc,stats    ]   CTR: Thread Roots                2981 us, workers (us): 1569, 1412, ---, ---, 
[12.024s][info][gc,stats    ] Concurrent Weak References         2429 us, parallelism: 1.04x
[12.024s][info][gc,stats    ]   CWRF: <total>                    2538 us
[12.024s][info][gc,stats    ]   CWRF: Weak References            2538 us, workers (us): 211, 2327, ---, ---, 
[12.024s][info][gc,stats    ] Concurrent Weak Roots              5409 us
[12.024s][info][gc,stats    ]   Roots                            5249 us, parallelism: 1.96x
[12.024s][info][gc,stats    ]     CWR: <total>                  10283 us
[12.024s][info][gc,stats    ]     CWR: Code Cache Roots          4543 us, workers (us): 2296, 2247, ---, ---, 
[12.024s][info][gc,stats    ]     CWR: VM Weak Roots             5649 us, workers (us): 2827, 2822, ---, ---, 
[12.024s][info][gc,stats    ]     CWR: CLDG Roots                  91 us, workers (us): ---,  91, ---, ---, 
[12.024s][info][gc,stats    ]   Rendezvous                         65 us
[12.024s][info][gc,stats    ] Concurrent Cleanup                   94 us
[12.024s][info][gc,stats    ] Concurrent Class Unloading        34107 us
[12.024s][info][gc,stats    ]   Unlink Stale                    19212 us
[12.024s][info][gc,stats    ]     System Dictionary               339 us
[12.024s][info][gc,stats    ]     Weak Class Links              12385 us
[12.024s][info][gc,stats    ]     Code Roots                     6487 us
[12.024s][info][gc,stats    ]   Rendezvous                         38 us
[12.024s][info][gc,stats    ]   Purge Unlinked                  14765 us
[12.024s][info][gc,stats    ]     Code Roots                    14671 us
[12.024s][info][gc,stats    ]     CLDG                             94 us
[12.024s][info][gc,stats    ]     Exception Caches                  0 us
[12.024s][info][gc,stats    ] Concurrent Strong Roots            2786 us, parallelism: 0.96x
[12.024s][info][gc,stats    ]   CSR: <total>                     2672 us
[12.024s][info][gc,stats    ]   CSR: VM Strong Roots               56 us, workers (us):  29,  28, ---, ---, 
[12.024s][info][gc,stats    ]   CSR: CLDG Roots                  2615 us, workers (us): 2615, ---, ---, ---, 
[12.024s][info][gc,stats    ] Concurrent Evacuation             56812 us
[12.024s][info][gc,stats    ] Pause Init Update Refs (G)          106 us
[12.024s][info][gc,stats    ] Pause Init Update Refs (N)           57 us
[12.024s][info][gc,stats    ]   Manage GCLABs                       4 us
[12.024s][info][gc,stats    ] Concurrent Update Refs            93208 us
[12.024s][info][gc,stats    ] Concurrent Update Thread Roots     1778 us
[12.024s][info][gc,stats    ] Pause Final Update Refs (G)         217 us
[12.024s][info][gc,stats    ] Pause Final Update Refs (N)         117 us
[12.024s][info][gc,stats    ]   Update Region States               37 us
[12.024s][info][gc,stats    ]   Trash Collection Set                3 us
[12.024s][info][gc,stats    ]   Rebuild Free Set                   10 us
[12.025s][info][gc,stats    ] Concurrent Cleanup                   58 us
[12.025s][info][gc,stats    ] 
[12.025s][info][gc,stats    ] Allocation pacing accrued:
[12.025s][info][gc,stats    ]       0 of  6940 ms (  0.0%): <total>
[12.025s][info][gc,stats    ]       0 of  6940 ms (  0.0%): <average total>
[12.025s][info][gc,stats    ] 
[12.025s][info][gc,metaspace] Metaspace: 112548K(113664K)->114056K(115136K) NonClass: 97305K(97920K)->98527K(99136K) Class: 15243K(15744K)->15529K(16000K)
[12.025s][info][gc,ergo     ] Pacer for Idle. Initial: 163M, Alloc Tax Rate: 1.0x
[15.829s][info][gc          ] Trigger: Learning 5 of 5. Free (5734M) is below initial threshold (5734M)
[15.829s][info][gc,ergo     ] Free: 5734M, Max: 4096K regular, 5732M humongous, Frag: 0% external, 0% internal; Reserve: 412M, Max: 4096K
[15.829s][info][gc,start    ] GC(4) Concurrent reset
[15.829s][info][gc,task     ] GC(4) Using 2 of 4 workers for concurrent reset
[15.829s][info][gc,ergo     ] GC(4) Pacer for Reset. Non-Taxable: 8192M
[15.835s][info][gc          ] GC(4) Concurrent reset 6.173ms
[15.835s][info][gc,start    ] GC(4) Pause Init Mark (unload classes)
[15.835s][info][gc,task     ] GC(4) Using 4 of 4 workers for init marking
[15.835s][info][gc,ergo     ] GC(4) Pacer for Mark. Expected Live: 121M, Free: 5730M, Non-Taxable: 573M, Alloc Tax Rate: 0.0x
[15.835s][info][gc          ] GC(4) Pause Init Mark (unload classes) 0.121ms
[15.835s][info][gc,start    ] GC(4) Concurrent marking roots
[15.835s][info][gc,task     ] GC(4) Using 2 of 4 workers for concurrent marking roots
[15.837s][info][gc          ] GC(4) Concurrent marking roots 1.631ms
[15.837s][info][gc,start    ] GC(4) Concurrent marking (unload classes)
[15.837s][info][gc,task     ] GC(4) Using 2 of 4 workers for concurrent marking
[16.055s][info][gc          ] GC(4) Concurrent marking (unload classes) 217.834ms
[16.055s][info][gc,start    ] GC(4) Pause Final Mark (unload classes)
[16.055s][info][gc,task     ] GC(4) Using 4 of 4 workers for final marking
[16.055s][info][gc,ergo     ] GC(4) Adaptive CSet Selection. Target Free: 1160M, Actual Free: 6048M, Max CSet: 341M, Min Garbage: 0B
[16.055s][info][gc,ergo     ] GC(4) Collectable Garbage: 1726M (99%), Immediate: 32768K (1%), CSet: 1694M (97%)
[16.055s][info][gc,ergo     ] GC(4) Pacer for Evacuation. Used CSet: 1765M, Free: 5637M, Non-Taxable: 563M, Alloc Tax Rate: 1.1x
[16.055s][info][gc          ] GC(4) Pause Final Mark (unload classes) 0.244ms
[16.055s][info][gc,start    ] GC(4) Concurrent thread roots
[16.055s][info][gc,task     ] GC(4) Using 2 of 4 workers for Concurrent thread roots
[16.056s][info][gc          ] GC(4) Concurrent thread roots 0.911ms
[16.056s][info][gc,start    ] GC(4) Concurrent weak references
[16.056s][info][gc,task     ] GC(4) Using 2 of 4 workers for concurrent weak references
[16.057s][info][gc,ref      ] GC(4) Encountered references: Soft: 5745, Weak: 22311, Final: 34, Phantom: 1244
[16.057s][info][gc,ref      ] GC(4) Discovered  references: Soft: 0, Weak: 14379, Final: 1, Phantom: 1122
[16.057s][info][gc,ref      ] GC(4) Enqueued    references: Soft: 0, Weak: 866, Final: 0, Phantom: 783
[16.057s][info][gc          ] GC(4) Concurrent weak references 0.994ms
[16.057s][info][gc,start    ] GC(4) Concurrent weak roots
[16.057s][info][gc,task     ] GC(4) Using 2 of 4 workers for concurrent weak root
[16.061s][info][gc          ] GC(4) Concurrent weak roots 4.255ms
[16.061s][info][gc,start    ] GC(4) Concurrent cleanup
[16.061s][info][gc          ] GC(4) Concurrent cleanup 2185M->2153M(8192M) 0.031ms
[16.061s][info][gc,ergo     ] GC(4) Free: 5626M, Max: 4096K regular, 5592M humongous, Frag: 1% external, 0% internal; Reserve: 409M, Max: 4096K
[16.061s][info][gc,start    ] GC(4) Concurrent class unloading
[16.061s][info][gc,task     ] GC(4) Using 2 of 4 workers for concurrent class unloading
[16.100s][info][gc          ] GC(4) Concurrent class unloading 38.389ms
[16.100s][info][gc,start    ] GC(4) Concurrent strong roots
[16.100s][info][gc,task     ] GC(4) Using 2 of 4 workers for concurrent strong root
[16.101s][info][gc          ] GC(4) Concurrent strong roots 0.833ms
[16.101s][info][gc,start    ] GC(4) Concurrent evacuation
[16.101s][info][gc,task     ] GC(4) Using 2 of 4 workers for concurrent evacuation
[16.136s][info][gc          ] GC(4) Concurrent evacuation 34.962ms
[16.136s][info][gc,start    ] GC(4) Pause Init Update Refs
[16.136s][info][gc,ergo     ] GC(4) Pacer for Update Refs. Used: 2257M, Free: 5599M, Non-Taxable: 559M, Alloc Tax Rate: 1.1x
[16.136s][info][gc          ] GC(4) Pause Init Update Refs 0.042ms
[16.136s][info][gc,start    ] GC(4) Concurrent update references
[16.136s][info][gc,task     ] GC(4) Using 2 of 4 workers for concurrent reference update
[16.247s][info][gc          ] GC(4) Concurrent update references 110.853ms
[16.247s][info][gc,start    ] GC(4) Concurrent update thread roots
[16.248s][info][gc          ] GC(4) Concurrent update thread roots 1.491ms
[16.248s][info][gc,start    ] GC(4) Pause Final Update Refs
[16.248s][info][gc,task     ] GC(4) Using 4 of 4 workers for final reference update
[16.248s][info][gc          ] GC(4) Pause Final Update Refs 0.087ms
[16.248s][info][gc,start    ] GC(4) Concurrent cleanup
[16.248s][info][gc          ] GC(4) Concurrent cleanup 2306M->541M(8192M) 0.034ms
[16.248s][info][gc,ergo     ] Free: 7238M, Max: 4096K regular, 5484M humongous, Frag: 25% external, 0% internal; Reserve: 412M, Max: 4096K
[16.248s][info][gc,stats    ] 
[16.248s][info][gc,stats    ] All times are wall-clock times, except per-root-class counters, that are sum over
[16.248s][info][gc,stats    ] all workers. Dividing the <total> over the root stage time estimates parallelism.
[16.248s][info][gc,stats    ] 
[16.249s][info][gc,stats    ] Concurrent Reset                   6329 us
[16.249s][info][gc,stats    ] Pause Init Mark (G)                 274 us
[16.249s][info][gc,stats    ] Pause Init Mark (N)                 134 us
[16.249s][info][gc,stats    ]   Update Region States               46 us
[16.249s][info][gc,stats    ] Concurrent Mark Roots              1664 us, parallelism: 1.59x
[16.249s][info][gc,stats    ]   CMR: <total>                     2654 us
[16.249s][info][gc,stats    ]   CMR: Thread Roots                2278 us, workers (us): 900, 1378, ---, ---, 
[16.249s][info][gc,stats    ]   CMR: VM Strong Roots               25 us, workers (us):  24,   1, ---, ---, 
[16.249s][info][gc,stats    ]   CMR: CLDG Roots                   351 us, workers (us): 351, ---, ---, ---, 
[16.249s][info][gc,stats    ] Concurrent Marking               217881 us
[16.249s][info][gc,stats    ] Pause Final Mark (G)                341 us
[16.249s][info][gc,stats    ] Pause Final Mark (N)                255 us
[16.249s][info][gc,stats    ]   Finish Mark                        51 us
[16.249s][info][gc,stats    ]   Update Region States               45 us
[16.249s][info][gc,stats    ]   Choose Collection Set              85 us
[16.249s][info][gc,stats    ]   Rebuild Free Set                    8 us
[16.249s][info][gc,stats    ] Concurrent Thread Roots             933 us, parallelism: 1.60x
[16.249s][info][gc,stats    ]   CTR: <total>                     1494 us
[16.249s][info][gc,stats    ]   CTR: Thread Roots                1494 us, workers (us): 682, 812, ---, ---, 
[16.249s][info][gc,stats    ] Concurrent Weak References         1008 us, parallelism: 1.02x
[16.249s][info][gc,stats    ]   CWRF: <total>                    1028 us
[16.249s][info][gc,stats    ]   CWRF: Weak References            1028 us, workers (us): 143, 885, ---, ---, 
[16.249s][info][gc,stats    ] Concurrent Weak Roots              4291 us
[16.249s][info][gc,stats    ]   Roots                            4169 us, parallelism: 1.95x
[16.249s][info][gc,stats    ]     CWR: <total>                   8113 us
[16.249s][info][gc,stats    ]     CWR: Code Cache Roots          4794 us, workers (us): 2407, 2388, ---, ---, 
[16.249s][info][gc,stats    ]     CWR: VM Weak Roots             3259 us, workers (us): 1644, 1615, ---, ---, 
[16.249s][info][gc,stats    ]     CWR: CLDG Roots                  60 us, workers (us): ---,  60, ---, ---, 
[16.249s][info][gc,stats    ]   Rendezvous                         64 us
[16.249s][info][gc,stats    ] Concurrent Cleanup                   44 us
[16.249s][info][gc,stats    ] Concurrent Class Unloading        38436 us
[16.249s][info][gc,stats    ]   Unlink Stale                    17778 us
[16.249s][info][gc,stats    ]     System Dictionary               216 us
[16.249s][info][gc,stats    ]     Weak Class Links              10722 us
[16.249s][info][gc,stats    ]     Code Roots                     6839 us
[16.249s][info][gc,stats    ]   Rendezvous                         60 us
[16.249s][info][gc,stats    ]   Purge Unlinked                  20527 us
[16.249s][info][gc,stats    ]     Code Roots                    20415 us
[16.249s][info][gc,stats    ]     CLDG                            112 us
[16.249s][info][gc,stats    ]     Exception Caches                  0 us
[16.249s][info][gc,stats    ] Concurrent Strong Roots             858 us, parallelism: 0.82x
[16.249s][info][gc,stats    ]   CSR: <total>                      708 us
[16.249s][info][gc,stats    ]   CSR: VM Strong Roots               16 us, workers (us):  16,   0, ---, ---, 
[16.249s][info][gc,stats    ]   CSR: CLDG Roots                   692 us, workers (us): 692, ---, ---, ---, 
[16.249s][info][gc,stats    ] Concurrent Evacuation             35002 us
[16.249s][info][gc,stats    ] Pause Init Update Refs (G)          104 us
[16.249s][info][gc,stats    ] Pause Init Update Refs (N)           53 us
[16.249s][info][gc,stats    ]   Manage GCLABs                       4 us
[16.249s][info][gc,stats    ] Concurrent Update Refs           110900 us
[16.249s][info][gc,stats    ] Concurrent Update Thread Roots     1507 us
[16.249s][info][gc,stats    ] Pause Final Update Refs (G)         153 us
[16.249s][info][gc,stats    ] Pause Final Update Refs (N)         113 us
[16.249s][info][gc,stats    ]   Update Region States               29 us
[16.249s][info][gc,stats    ]   Trash Collection Set                5 us
[16.249s][info][gc,stats    ]   Rebuild Free Set                   10 us
[16.249s][info][gc,stats    ] Concurrent Cleanup                   46 us
[16.249s][info][gc,stats    ] 
[16.249s][info][gc,stats    ] Allocation pacing accrued:
[16.249s][info][gc,stats    ]       0 of  4225 ms (  0.0%): <total>
[16.249s][info][gc,stats    ]       0 of  4225 ms (  0.0%): <average total>
[16.249s][info][gc,stats    ] 
[16.249s][info][gc,metaspace] Metaspace: 124718K(125952K)->125037K(126208K) NonClass: 104882K(105600K)->105166K(105856K) Class: 19835K(20352K)->19870K(20352K)
[16.249s][info][gc,ergo     ] Pacer for Idle. Initial: 163M, Alloc Tax Rate: 1.0x
[27.997s][info][gc          ] Trigger: Free (818M) is below minimum threshold (819M)
[27.997s][info][gc,ergo     ] Free: 818M, Max: 4096K regular, 816M humongous, Frag: 0% external, 1% internal; Reserve: 412M, Max: 4096K
[27.997s][info][gc,start    ] GC(5) Concurrent reset
[27.997s][info][gc,task     ] GC(5) Using 2 of 4 workers for concurrent reset
[27.997s][info][gc,ergo     ] GC(5) Pacer for Reset. Non-Taxable: 8192M
[28.002s][info][gc          ] GC(5) Concurrent reset 5.210ms
[28.002s][info][gc,start    ] GC(5) Pause Init Mark (unload classes)
[28.002s][info][gc,task     ] GC(5) Using 4 of 4 workers for init marking
[28.002s][info][gc,ergo     ] GC(5) Pacer for Mark. Expected Live: 159M, Free: 817M, Non-Taxable: 83732K, Alloc Tax Rate: 0.2x
[28.002s][info][gc          ] GC(5) Pause Init Mark (unload classes) 0.110ms
[28.002s][info][gc,start    ] GC(5) Concurrent marking roots
[28.002s][info][gc,task     ] GC(5) Using 2 of 4 workers for concurrent marking roots
[28.004s][info][gc          ] GC(5) Concurrent marking roots 1.839ms
[28.004s][info][gc,start    ] GC(5) Concurrent marking (unload classes)
[28.004s][info][gc,task     ] GC(5) Using 2 of 4 workers for concurrent marking
[28.235s][info][gc          ] GC(5) Concurrent marking (unload classes) 230.928ms
[28.235s][info][gc,start    ] GC(5) Pause Final Mark (unload classes)
[28.235s][info][gc,task     ] GC(5) Using 4 of 4 workers for final marking
[28.235s][info][gc,ergo     ] GC(5) Adaptive CSet Selection. Target Free: 1160M, Actual Free: 1564M, Max CSet: 341M, Min Garbage: 0B
[28.235s][info][gc,ergo     ] GC(5) Collectable Garbage: 6560M (99%), Immediate: 464M (7%), CSet: 6096M (92%)
[28.236s][info][gc,ergo     ] GC(5) Pacer for Evacuation. Used CSet: 6224M, Free: 1153M, Non-Taxable: 115M, Alloc Tax Rate: 13.2x
[28.236s][info][gc          ] GC(5) Pause Final Mark (unload classes) 0.392ms
[28.236s][info][gc,start    ] GC(5) Concurrent thread roots
[28.236s][info][gc,task     ] GC(5) Using 2 of 4 workers for Concurrent thread roots
[28.237s][info][gc          ] GC(5) Concurrent thread roots 1.582ms
[28.237s][info][gc,start    ] GC(5) Concurrent weak references
[28.237s][info][gc,task     ] GC(5) Using 2 of 4 workers for concurrent weak references
[28.238s][info][gc,ref      ] GC(5) Encountered references: Soft: 5922, Weak: 22571, Final: 34, Phantom: 819
[28.238s][info][gc,ref      ] GC(5) Discovered  references: Soft: 0, Weak: 4140, Final: 0, Phantom: 697
[28.238s][info][gc,ref      ] GC(5) Enqueued    references: Soft: 0, Weak: 386, Final: 0, Phantom: 337
[28.238s][info][gc          ] GC(5) Concurrent weak references 0.522ms
[28.238s][info][gc,start    ] GC(5) Concurrent weak roots
[28.238s][info][gc,task     ] GC(5) Using 2 of 4 workers for concurrent weak root
[28.244s][info][gc          ] GC(5) Concurrent weak roots 6.099ms
[28.244s][info][gc,start    ] GC(5) Concurrent cleanup
[28.244s][info][gc          ] GC(5) Concurrent cleanup 7099M->6635M(8192M) 0.049ms
[28.244s][info][gc,ergo     ] GC(5) Free: 1144M, Max: 4096K regular, 680M humongous, Frag: 41% external, 0% internal; Reserve: 411M, Max: 4096K
[28.244s][info][gc,start    ] GC(5) Concurrent class unloading
[28.244s][info][gc,task     ] GC(5) Using 2 of 4 workers for concurrent class unloading
[28.301s][info][gc          ] GC(5) Concurrent class unloading 56.793ms
[28.301s][info][gc,start    ] GC(5) Concurrent strong roots
[28.301s][info][gc,task     ] GC(5) Using 2 of 4 workers for concurrent strong root
[28.301s][info][gc          ] GC(5) Concurrent strong roots 0.567ms
[28.301s][info][gc,start    ] GC(5) Concurrent evacuation
[28.301s][info][gc,task     ] GC(5) Using 2 of 4 workers for concurrent evacuation
[28.415s][info][gc          ] GC(5) Concurrent evacuation 113.506ms
[28.415s][info][gc,start    ] GC(5) Pause Init Update Refs
[28.415s][info][gc,ergo     ] GC(5) Pacer for Update Refs. Used: 6835M, Free: 1076M, Non-Taxable: 107M, Alloc Tax Rate: 7.8x
[28.415s][info][gc          ] GC(5) Pause Init Update Refs 0.047ms
[28.415s][info][gc,start    ] GC(5) Concurrent update references
[28.415s][info][gc,task     ] GC(5) Using 2 of 4 workers for concurrent reference update
[28.548s][info][gc          ] GC(5) Concurrent update references 132.869ms
[28.548s][info][gc,start    ] GC(5) Concurrent update thread roots
[28.550s][info][gc          ] GC(5) Concurrent update thread roots 2.370ms
[28.551s][info][gc,start    ] GC(5) Pause Final Update Refs
[28.551s][info][gc,task     ] GC(5) Using 4 of 4 workers for final reference update
[28.551s][info][gc          ] GC(5) Pause Final Update Refs 0.106ms
[28.551s][info][gc,start    ] GC(5) Concurrent cleanup
[28.551s][info][gc          ] GC(5) Concurrent cleanup 6903M->679M(8192M) 0.083ms
[28.551s][info][gc,ergo     ] Free: 7100M, Max: 4096K regular, 3936M humongous, Frag: 45% external, 0% internal; Reserve: 412M, Max: 4096K
[28.551s][info][gc,stats    ] 
[28.551s][info][gc,stats    ] All times are wall-clock times, except per-root-class counters, that are sum over
[28.551s][info][gc,stats    ] all workers. Dividing the <total> over the root stage time estimates parallelism.
[28.551s][info][gc,stats    ] 
[28.551s][info][gc,stats    ] Concurrent Reset                   5281 us
[28.551s][info][gc,stats    ] Pause Init Mark (G)                 221 us
[28.551s][info][gc,stats    ] Pause Init Mark (N)                 121 us
[28.551s][info][gc,stats    ]   Update Region States               47 us
[28.551s][info][gc,stats    ] Concurrent Mark Roots              1860 us, parallelism: 1.71x
[28.551s][info][gc,stats    ]   CMR: <total>                     3173 us
[28.551s][info][gc,stats    ]   CMR: Thread Roots                3012 us, workers (us): 1423, 1589, ---, ---, 
[28.551s][info][gc,stats    ]   CMR: VM Strong Roots               25 us, workers (us):  25,   0, ---, ---, 
[28.551s][info][gc,stats    ]   CMR: CLDG Roots                   135 us, workers (us): 135, ---, ---, ---, 
[28.551s][info][gc,stats    ] Concurrent Marking               230980 us
[28.551s][info][gc,stats    ] Pause Final Mark (G)                470 us
[28.551s][info][gc,stats    ] Pause Final Mark (N)                404 us
[28.551s][info][gc,stats    ]   Finish Mark                        96 us
[28.551s][info][gc,stats    ]   Update Region States               55 us
[28.551s][info][gc,stats    ]   Choose Collection Set             170 us
[28.551s][info][gc,stats    ]   Rebuild Free Set                    8 us
[28.551s][info][gc,stats    ] Concurrent Thread Roots            1634 us, parallelism: 1.84x
[28.551s][info][gc,stats    ]   CTR: <total>                     2998 us
[28.551s][info][gc,stats    ]   CTR: Thread Roots                2998 us, workers (us): 1535, 1463, ---, ---, 
[28.551s][info][gc,stats    ] Concurrent Weak References          534 us, parallelism: 1.16x
[28.551s][info][gc,stats    ]   CWRF: <total>                     619 us
[28.551s][info][gc,stats    ]   CWRF: Weak References             619 us, workers (us): 228, 390, ---, ---, 
[28.551s][info][gc,stats    ] Concurrent Weak Roots              6163 us
[28.551s][info][gc,stats    ]   Roots                            5939 us, parallelism: 1.93x
[28.551s][info][gc,stats    ]     CWR: <total>                  11484 us
[28.551s][info][gc,stats    ]     CWR: Code Cache Roots          8446 us, workers (us): 4302, 4143, ---, ---, 
[28.551s][info][gc,stats    ]     CWR: VM Weak Roots             2900 us, workers (us): 1450, 1450, ---, ---, 
[28.551s][info][gc,stats    ]     CWR: CLDG Roots                 138 us, workers (us): ---, 138, ---, ---, 
[28.551s][info][gc,stats    ]   Rendezvous                        135 us
[28.551s][info][gc,stats    ] Concurrent Cleanup                   61 us
[28.551s][info][gc,stats    ] Concurrent Class Unloading        56864 us
[28.551s][info][gc,stats    ]   Unlink Stale                    28617 us
[28.551s][info][gc,stats    ]     System Dictionary               519 us
[28.551s][info][gc,stats    ]     Weak Class Links              18867 us
[28.551s][info][gc,stats    ]     Code Roots                     9228 us
[28.551s][info][gc,stats    ]   Rendezvous                        210 us
[28.551s][info][gc,stats    ]   Purge Unlinked                  27931 us
[28.551s][info][gc,stats    ]     Code Roots                    27462 us
[28.551s][info][gc,stats    ]     CLDG                            468 us
[28.551s][info][gc,stats    ] Concurrent Strong Roots             586 us, parallelism: 0.79x
[28.551s][info][gc,stats    ]   CSR: <total>                      463 us
[28.551s][info][gc,stats    ]   CSR: VM Strong Roots               22 us, workers (us):  17,   5, ---, ---, 
[28.551s][info][gc,stats    ]   CSR: CLDG Roots                   441 us, workers (us): ---, 441, ---, ---, 
[28.551s][info][gc,stats    ] Concurrent Evacuation            113557 us
[28.551s][info][gc,stats    ] Pause Init Update Refs (G)           76 us
[28.551s][info][gc,stats    ] Pause Init Update Refs (N)           58 us
[28.551s][info][gc,stats    ]   Manage GCLABs                       6 us
[28.551s][info][gc,stats    ] Concurrent Update Refs           132922 us
[28.551s][info][gc,stats    ] Concurrent Update Thread Roots     2395 us
[28.551s][info][gc,stats    ] Pause Final Update Refs (G)         248 us
[28.551s][info][gc,stats    ] Pause Final Update Refs (N)         129 us
[28.551s][info][gc,stats    ]   Update Region States               38 us
[28.551s][info][gc,stats    ]   Trash Collection Set               16 us
[28.551s][info][gc,stats    ]   Rebuild Free Set                    8 us
[28.551s][info][gc,stats    ] Concurrent Cleanup                   98 us
[28.551s][info][gc,stats    ] 
[28.551s][info][gc,stats    ] Allocation pacing accrued:
[28.551s][info][gc,stats    ]       0 of 12302 ms (  0.0%): <total>
[28.551s][info][gc,stats    ]       0 of 12302 ms (  0.0%): <average total>
[28.551s][info][gc,stats    ] 
[28.551s][info][gc,metaspace] Metaspace: 129690K(130880K)->129649K(130944K) NonClass: 109338K(110016K)->109320K(110080K) Class: 20351K(20864K)->20329K(20864K)
[28.551s][info][gc,ergo     ] Pacer for Idle. Initial: 163M, Alloc Tax Rate: 1.0x
[40.767s][info][gc          ] Trigger: Free (816M) is below minimum threshold (819M)
[40.767s][info][gc,ergo     ] Free: 816M, Max: 4096K regular, 600M humongous, Frag: 27% external, 0% internal; Reserve: 412M, Max: 4096K
[40.767s][info][gc,start    ] GC(6) Concurrent reset
[40.767s][info][gc,task     ] GC(6) Using 2 of 4 workers for concurrent reset
[40.767s][info][gc,ergo     ] GC(6) Pacer for Reset. Non-Taxable: 8192M
[40.787s][info][gc          ] GC(6) Concurrent reset 19.555ms
[40.787s][info][gc,start    ] GC(6) Pause Init Mark (unload classes)
[40.787s][info][gc,task     ] GC(6) Using 4 of 4 workers for init marking
[40.787s][info][gc,ergo     ] GC(6) Pacer for Mark. Expected Live: 233M, Free: 808M, Non-Taxable: 82818K, Alloc Tax Rate: 0.4x
[40.787s][info][gc          ] GC(6) Pause Init Mark (unload classes) 0.110ms
[40.787s][info][gc,start    ] GC(6) Concurrent marking roots
[40.787s][info][gc,task     ] GC(6) Using 2 of 4 workers for concurrent marking roots
[40.789s][info][gc          ] GC(6) Concurrent marking roots 1.625ms
[40.789s][info][gc,start    ] GC(6) Concurrent marking (unload classes)
[40.789s][info][gc,task     ] GC(6) Using 2 of 4 workers for concurrent marking
[41.006s][info][gc          ] GC(6) Concurrent marking (unload classes) 216.884ms
[41.006s][info][gc,start    ] GC(6) Pause Final Mark (unload classes)
[41.006s][info][gc,task     ] GC(6) Using 4 of 4 workers for final marking
[41.006s][info][gc,ergo     ] GC(6) Adaptive CSet Selection. Target Free: 1160M, Actual Free: 2476M, Max CSet: 341M, Min Garbage: 0B
[41.006s][info][gc,ergo     ] GC(6) Collectable Garbage: 6541M (99%), Immediate: 1396M (21%), CSet: 5145M (78%)
[41.006s][info][gc,ergo     ] GC(6) Pacer for Evacuation. Used CSet: 5232M, Free: 2068M, Non-Taxable: 206M, Alloc Tax Rate: 6.2x
[41.006s][info][gc          ] GC(6) Pause Final Mark (unload classes) 0.434ms
[41.006s][info][gc,start    ] GC(6) Concurrent thread roots
[41.006s][info][gc,task     ] GC(6) Using 2 of 4 workers for Concurrent thread roots
[41.008s][info][gc          ] GC(6) Concurrent thread roots 1.478ms
[41.008s][info][gc,start    ] GC(6) Concurrent weak references
[41.008s][info][gc,task     ] GC(6) Using 2 of 4 workers for concurrent weak references
[41.008s][info][gc,ref      ] GC(6) Encountered references: Soft: 5943, Weak: 22502, Final: 34, Phantom: 598
[41.008s][info][gc,ref      ] GC(6) Discovered  references: Soft: 0, Weak: 1968, Final: 0, Phantom: 467
[41.008s][info][gc,ref      ] GC(6) Enqueued    references: Soft: 0, Weak: 150, Final: 0, Phantom: 107
[41.008s][info][gc          ] GC(6) Concurrent weak references 0.245ms
[41.008s][info][gc,start    ] GC(6) Concurrent weak roots
[41.008s][info][gc,task     ] GC(6) Using 2 of 4 workers for concurrent weak root
[41.013s][info][gc          ] GC(6) Concurrent weak roots 5.351ms
[41.013s][info][gc,start    ] GC(6) Concurrent cleanup
[41.013s][info][gc          ] GC(6) Concurrent cleanup 7116M->5721M(8192M) 0.062ms
[41.014s][info][gc,ergo     ] GC(6) Free: 2059M, Max: 4096K regular, 600M humongous, Frag: 71% external, 0% internal; Reserve: 411M, Max: 4096K
[41.014s][info][gc,start    ] GC(6) Concurrent class unloading
[41.014s][info][gc,task     ] GC(6) Using 2 of 4 workers for concurrent class unloading
[41.028s][info][gc          ] GC(6) Concurrent class unloading 14.378ms
[41.028s][info][gc,start    ] GC(6) Concurrent strong roots
[41.028s][info][gc,task     ] GC(6) Using 2 of 4 workers for concurrent strong root
[41.028s][info][gc          ] GC(6) Concurrent strong roots 0.350ms
[41.028s][info][gc,start    ] GC(6) Concurrent evacuation
[41.028s][info][gc,task     ] GC(6) Using 2 of 4 workers for concurrent evacuation
[41.086s][info][gc          ] GC(6) Concurrent evacuation 57.393ms
[41.086s][info][gc,start    ] GC(6) Pause Init Update Refs
[41.086s][info][gc,ergo     ] GC(6) Pacer for Update Refs. Used: 5840M, Free: 2031M, Non-Taxable: 203M, Alloc Tax Rate: 3.5x
[41.086s][info][gc          ] GC(6) Pause Init Update Refs 0.050ms
[41.086s][info][gc,start    ] GC(6) Concurrent update references
[41.086s][info][gc,task     ] GC(6) Using 2 of 4 workers for concurrent reference update
[41.226s][info][gc          ] GC(6) Concurrent update references 140.525ms
[41.226s][info][gc,start    ] GC(6) Concurrent update thread roots
[41.229s][info][gc          ] GC(6) Concurrent update thread roots 2.158ms
[41.229s][info][gc,start    ] GC(6) Pause Final Update Refs
[41.229s][info][gc,task     ] GC(6) Using 4 of 4 workers for final reference update
[41.229s][info][gc          ] GC(6) Pause Final Update Refs 0.106ms
[41.229s][info][gc,start    ] GC(6) Concurrent cleanup
[41.229s][info][gc          ] GC(6) Concurrent cleanup 5912M->680M(8192M) 0.068ms
[41.229s][info][gc,ergo     ] Free: 7099M, Max: 4096K regular, 5924M humongous, Frag: 17% external, 0% internal; Reserve: 412M, Max: 4096K
[41.229s][info][gc,stats    ] 
[41.229s][info][gc,stats    ] All times are wall-clock times, except per-root-class counters, that are sum over
[41.229s][info][gc,stats    ] all workers. Dividing the <total> over the root stage time estimates parallelism.
[41.229s][info][gc,stats    ] 
[41.229s][info][gc,stats    ] Concurrent Reset                  19616 us
[41.229s][info][gc,stats    ] Pause Init Mark (G)                 192 us
[41.229s][info][gc,stats    ] Pause Init Mark (N)                 121 us
[41.229s][info][gc,stats    ]   Update Region States               50 us
[41.229s][info][gc,stats    ] Concurrent Mark Roots              1648 us, parallelism: 1.76x
[41.229s][info][gc,stats    ]   CMR: <total>                     2899 us
[41.229s][info][gc,stats    ]   CMR: Thread Roots                2755 us, workers (us): 1335, 1420, ---, ---, 
[41.229s][info][gc,stats    ]   CMR: VM Strong Roots               16 us, workers (us):  15,   0, ---, ---, 
[41.229s][info][gc,stats    ]   CMR: CLDG Roots                   128 us, workers (us): 128, ---, ---, ---, 
[41.229s][info][gc,stats    ] Concurrent Marking               216939 us
[41.229s][info][gc,stats    ] Pause Final Mark (G)                516 us
[41.229s][info][gc,stats    ] Pause Final Mark (N)                445 us
[41.229s][info][gc,stats    ]   Finish Mark                       137 us
[41.229s][info][gc,stats    ]   Update Region States               75 us
[41.229s][info][gc,stats    ]   Choose Collection Set             157 us
[41.229s][info][gc,stats    ]   Rebuild Free Set                   10 us
[41.229s][info][gc,stats    ] Concurrent Thread Roots            1499 us, parallelism: 1.87x
[41.229s][info][gc,stats    ]   CTR: <total>                     2807 us
[41.229s][info][gc,stats    ]   CTR: Thread Roots                2807 us, workers (us): 1402, 1405, ---, ---, 
[41.229s][info][gc,stats    ] Concurrent Weak References          256 us, parallelism: 0.63x
[41.229s][info][gc,stats    ]   CWRF: <total>                     162 us
[41.229s][info][gc,stats    ]   CWRF: Weak References             162 us, workers (us):  58, 104, ---, ---, 
[41.229s][info][gc,stats    ] Concurrent Weak Roots              5420 us
[41.229s][info][gc,stats    ]   Roots                            5184 us, parallelism: 1.95x
[41.229s][info][gc,stats    ]     CWR: <total>                  10133 us
[41.229s][info][gc,stats    ]     CWR: Code Cache Roots          8553 us, workers (us): 4230, 4323, ---, ---, 
[41.229s][info][gc,stats    ]     CWR: VM Weak Roots             1520 us, workers (us): 771, 748, ---, ---, 
[41.229s][info][gc,stats    ]     CWR: CLDG Roots                  60 us, workers (us):  60, ---, ---, ---, 
[41.229s][info][gc,stats    ]   Rendezvous                        144 us
[41.229s][info][gc,stats    ] Concurrent Cleanup                   76 us
[41.229s][info][gc,stats    ] Concurrent Class Unloading        14415 us
[41.229s][info][gc,stats    ]   Unlink Stale                     8411 us
[41.229s][info][gc,stats    ]     System Dictionary               106 us
[41.229s][info][gc,stats    ]     Weak Class Links                  0 us
[41.229s][info][gc,stats    ]     Code Roots                     8303 us
[41.229s][info][gc,stats    ]   Rendezvous                        181 us
[41.229s][info][gc,stats    ]   Purge Unlinked                   5761 us
[41.229s][info][gc,stats    ]     Code Roots                     5689 us
[41.229s][info][gc,stats    ]     CLDG                             73 us
[41.229s][info][gc,stats    ]     Exception Caches                  0 us
[41.229s][info][gc,stats    ] Concurrent Strong Roots             366 us, parallelism: 0.69x
[41.229s][info][gc,stats    ]   CSR: <total>                      251 us
[41.229s][info][gc,stats    ]   CSR: VM Strong Roots               10 us, workers (us):   5,   5, ---, ---, 
[41.229s][info][gc,stats    ]   CSR: CLDG Roots                   242 us, workers (us): ---, 242, ---, ---, 
[41.229s][info][gc,stats    ] Concurrent Evacuation             57461 us
[41.229s][info][gc,stats    ] Pause Init Update Refs (G)          105 us
[41.229s][info][gc,stats    ] Pause Init Update Refs (N)           61 us
[41.229s][info][gc,stats    ]   Manage GCLABs                       6 us
[41.229s][info][gc,stats    ] Concurrent Update Refs           140573 us
[41.229s][info][gc,stats    ] Concurrent Update Thread Roots     2177 us
[41.229s][info][gc,stats    ] Pause Final Update Refs (G)         157 us
[41.229s][info][gc,stats    ] Pause Final Update Refs (N)         127 us
[41.229s][info][gc,stats    ]   Update Region States               40 us
[41.229s][info][gc,stats    ]   Trash Collection Set               13 us
[41.229s][info][gc,stats    ]   Rebuild Free Set                   10 us
[41.230s][info][gc,stats    ] Concurrent Cleanup                   82 us
[41.230s][info][gc,stats    ] 
[41.230s][info][gc,stats    ] Allocation pacing accrued:
[41.230s][info][gc,stats    ]       0 of 12678 ms (  0.0%): <total>
[41.230s][info][gc,stats    ]       0 of 12678 ms (  0.0%): <average total>
[41.230s][info][gc,stats    ] 
[41.230s][info][gc,metaspace] Metaspace: 130458K(131712K)->130460K(131712K) NonClass: 110041K(110720K)->110043K(110720K) Class: 20416K(20992K)->20416K(20992K)
[41.230s][info][gc,ergo     ] Pacer for Idle. Initial: 163M, Alloc Tax Rate: 1.0x
[52.617s][info][gc          ] Trigger: Free (815M) is below minimum threshold (819M)
[52.617s][info][gc,ergo     ] Free: 815M, Max: 4096K regular, 572M humongous, Frag: 30% external, 1% internal; Reserve: 412M, Max: 4096K
[52.617s][info][gc,start    ] GC(7) Concurrent reset
[52.617s][info][gc,task     ] GC(7) Using 2 of 4 workers for concurrent reset
[52.617s][info][gc,ergo     ] GC(7) Pacer for Reset. Non-Taxable: 8192M
[52.637s][info][gc          ] GC(7) Concurrent reset 19.318ms
[52.637s][info][gc,start    ] GC(7) Pause Init Mark (unload classes)
[52.637s][info][gc,task     ] GC(7) Using 4 of 4 workers for init marking
[52.637s][info][gc,ergo     ] GC(7) Pacer for Mark. Expected Live: 302M, Free: 811M, Non-Taxable: 83121K, Alloc Tax Rate: 0.5x
[52.637s][info][gc          ] GC(7) Pause Init Mark (unload classes) 0.111ms
[52.637s][info][gc,start    ] GC(7) Concurrent marking roots
[52.637s][info][gc,task     ] GC(7) Using 2 of 4 workers for concurrent marking roots
[52.639s][info][gc          ] GC(7) Concurrent marking roots 1.569ms
[52.639s][info][gc,start    ] GC(7) Concurrent marking (unload classes)
[52.639s][info][gc,task     ] GC(7) Using 2 of 4 workers for concurrent marking
[52.838s][info][gc          ] GC(7) Concurrent marking (unload classes) 199.818ms
[52.839s][info][gc,start    ] GC(7) Pause Final Mark (unload classes)
[52.839s][info][gc,task     ] GC(7) Using 4 of 4 workers for final marking
[52.839s][info][gc,ergo     ] GC(7) Adaptive CSet Selection. Target Free: 1160M, Actual Free: 2812M, Max CSet: 341M, Min Garbage: 0B
[52.839s][info][gc,ergo     ] GC(7) Collectable Garbage: 6541M (99%), Immediate: 1720M (26%), CSet: 4821M (73%)
[52.839s][info][gc,ergo     ] GC(7) Pacer for Evacuation. Used CSet: 4892M, Free: 2404M, Non-Taxable: 240M, Alloc Tax Rate: 5.0x
[52.839s][info][gc          ] GC(7) Pause Final Mark (unload classes) 0.341ms
[52.839s][info][gc,start    ] GC(7) Concurrent thread roots
[52.839s][info][gc,task     ] GC(7) Using 2 of 4 workers for Concurrent thread roots
[52.840s][info][gc          ] GC(7) Concurrent thread roots 1.273ms
[52.840s][info][gc,start    ] GC(7) Concurrent weak references
[52.840s][info][gc,task     ] GC(7) Using 2 of 4 workers for concurrent weak references
[52.840s][info][gc,ref      ] GC(7) Encountered references: Soft: 5956, Weak: 22470, Final: 34, Phantom: 540
[52.841s][info][gc,ref      ] GC(7) Discovered  references: Soft: 0, Weak: 7563, Final: 0, Phantom: 406
[52.841s][info][gc,ref      ] GC(7) Enqueued    references: Soft: 0, Weak: 50, Final: 0, Phantom: 40
[52.841s][info][gc          ] GC(7) Concurrent weak references 0.350ms
[52.841s][info][gc,start    ] GC(7) Concurrent weak roots
[52.841s][info][gc,task     ] GC(7) Using 2 of 4 workers for concurrent weak root
[52.844s][info][gc          ] GC(7) Concurrent weak roots 3.481ms
[52.844s][info][gc,start    ] GC(7) Concurrent cleanup
[52.844s][info][gc          ] GC(7) Concurrent cleanup 7104M->5384M(8192M) 0.037ms
[52.844s][info][gc,ergo     ] GC(7) Free: 2396M, Max: 4096K regular, 572M humongous, Frag: 77% external, 0% internal; Reserve: 411M, Max: 4096K
[52.844s][info][gc,start    ] GC(7) Concurrent class unloading
[52.844s][info][gc,task     ] GC(7) Using 2 of 4 workers for concurrent class unloading
[52.855s][info][gc          ] GC(7) Concurrent class unloading 10.820ms
[52.855s][info][gc,start    ] GC(7) Concurrent strong roots
[52.855s][info][gc,task     ] GC(7) Using 2 of 4 workers for concurrent strong root
[52.855s][info][gc          ] GC(7) Concurrent strong roots 0.309ms
[52.855s][info][gc,start    ] GC(7) Concurrent evacuation
[52.855s][info][gc,task     ] GC(7) Using 2 of 4 workers for concurrent evacuation
[52.893s][info][gc          ] GC(7) Concurrent evacuation 37.531ms
[52.893s][info][gc,start    ] GC(7) Pause Init Update Refs
[52.893s][info][gc,ergo     ] GC(7) Pacer for Update Refs. Used: 5476M, Free: 2379M, Non-Taxable: 237M, Alloc Tax Rate: 2.8x
[52.893s][info][gc          ] GC(7) Pause Init Update Refs 0.044ms
[52.893s][info][gc,start    ] GC(7) Concurrent update references
[52.893s][info][gc,task     ] GC(7) Using 2 of 4 workers for concurrent reference update
[53.022s][info][gc          ] GC(7) Concurrent update references 128.973ms
[53.022s][info][gc,start    ] GC(7) Concurrent update thread roots
[53.024s][info][gc          ] GC(7) Concurrent update thread roots 2.174ms
[53.024s][info][gc,start    ] GC(7) Pause Final Update Refs
[53.024s][info][gc,task     ] GC(7) Using 4 of 4 workers for final reference update
[53.024s][info][gc          ] GC(7) Pause Final Update Refs 0.093ms
[53.024s][info][gc,start    ] GC(7) Concurrent cleanup
[53.024s][info][gc          ] GC(7) Concurrent cleanup 5567M->675M(8192M) 0.069ms
[53.024s][info][gc,ergo     ] Free: 7104M, Max: 4096K regular, 5884M humongous, Frag: 18% external, 0% internal; Reserve: 412M, Max: 4096K
[53.024s][info][gc,stats    ] 
[53.024s][info][gc,stats    ] All times are wall-clock times, except per-root-class counters, that are sum over
[53.025s][info][gc,stats    ] all workers. Dividing the <total> over the root stage time estimates parallelism.
[53.025s][info][gc,stats    ] 
[53.025s][info][gc,stats    ] Concurrent Reset                  19382 us
[53.025s][info][gc,stats    ] Pause Init Mark (G)                 228 us
[53.025s][info][gc,stats    ] Pause Init Mark (N)                 123 us
[53.025s][info][gc,stats    ]   Update Region States               38 us
[53.025s][info][gc,stats    ] Concurrent Mark Roots              1593 us, parallelism: 1.76x
[53.025s][info][gc,stats    ]   CMR: <total>                     2803 us
[53.025s][info][gc,stats    ]   CMR: Thread Roots                2589 us, workers (us): 1185, 1404, ---, ---, 
[53.025s][info][gc,stats    ]   CMR: VM Strong Roots               15 us, workers (us):  14,   0, ---, ---, 
[53.025s][info][gc,stats    ]   CMR: CLDG Roots                   200 us, workers (us): 200, ---, ---, ---, 
[53.025s][info][gc,stats    ] Concurrent Marking               199866 us
[53.025s][info][gc,stats    ] Pause Final Mark (G)                378 us
[53.025s][info][gc,stats    ] Pause Final Mark (N)                352 us
[53.025s][info][gc,stats    ]   Finish Mark                        56 us
[53.025s][info][gc,stats    ]   Update Region States               69 us
[53.025s][info][gc,stats    ]   Choose Collection Set             147 us
[53.025s][info][gc,stats    ]   Rebuild Free Set                   11 us
[53.025s][info][gc,stats    ] Concurrent Thread Roots            1296 us, parallelism: 1.81x
[53.025s][info][gc,stats    ]   CTR: <total>                     2346 us
[53.025s][info][gc,stats    ]   CTR: Thread Roots                2346 us, workers (us): 1203, 1143, ---, ---, 
[53.025s][info][gc,stats    ] Concurrent Weak References          363 us, parallelism: 0.86x
[53.025s][info][gc,stats    ]   CWRF: <total>                     312 us
[53.025s][info][gc,stats    ]   CWRF: Weak References             312 us, workers (us): 274,  38, ---, ---, 
[53.025s][info][gc,stats    ] Concurrent Weak Roots              3503 us
[53.025s][info][gc,stats    ]   Roots                            3411 us, parallelism: 1.91x
[53.025s][info][gc,stats    ]     CWR: <total>                   6530 us
[53.025s][info][gc,stats    ]     CWR: Code Cache Roots          4919 us, workers (us): 2541, 2377, ---, ---, 
[53.025s][info][gc,stats    ]     CWR: VM Weak Roots             1480 us, workers (us): 752, 729, ---, ---, 
[53.025s][info][gc,stats    ]     CWR: CLDG Roots                 132 us, workers (us): ---, 132, ---, ---, 
[53.025s][info][gc,stats    ]   Rendezvous                         48 us
[53.025s][info][gc,stats    ] Concurrent Cleanup                   50 us
[53.025s][info][gc,stats    ] Concurrent Class Unloading        10854 us
[53.025s][info][gc,stats    ]   Unlink Stale                     6885 us
[53.025s][info][gc,stats    ]     System Dictionary                51 us
[53.025s][info][gc,stats    ]     Weak Class Links                  0 us
[53.025s][info][gc,stats    ]     Code Roots                     6833 us
[53.025s][info][gc,stats    ]   Rendezvous                        166 us
[53.025s][info][gc,stats    ]   Purge Unlinked                   3746 us
[53.025s][info][gc,stats    ]     Code Roots                     3699 us
[53.025s][info][gc,stats    ]     CLDG                             47 us
[53.025s][info][gc,stats    ] Concurrent Strong Roots             331 us, parallelism: 0.68x
[53.025s][info][gc,stats    ]   CSR: <total>                      226 us
[53.025s][info][gc,stats    ]   CSR: VM Strong Roots                9 us, workers (us):   5,   4, ---, ---, 
[53.025s][info][gc,stats    ]   CSR: CLDG Roots                   217 us, workers (us): 217, ---, ---, ---, 
[53.025s][info][gc,stats    ] Concurrent Evacuation             37559 us
[53.025s][info][gc,stats    ] Pause Init Update Refs (G)          106 us
[53.025s][info][gc,stats    ] Pause Init Update Refs (N)           55 us
[53.025s][info][gc,stats    ]   Manage GCLABs                       6 us
[53.025s][info][gc,stats    ] Concurrent Update Refs           129013 us
[53.025s][info][gc,stats    ] Concurrent Update Thread Roots     2202 us
[53.025s][info][gc,stats    ] Pause Final Update Refs (G)         169 us
[53.025s][info][gc,stats    ] Pause Final Update Refs (N)         119 us
[53.025s][info][gc,stats    ]   Update Region States               29 us
[53.025s][info][gc,stats    ]   Trash Collection Set               15 us
[53.025s][info][gc,stats    ]   Rebuild Free Set                   11 us
[53.025s][info][gc,stats    ] Concurrent Cleanup                   83 us
[53.025s][info][gc,stats    ] 
[53.025s][info][gc,stats    ] Allocation pacing accrued:
[53.025s][info][gc,stats    ]       0 of 11796 ms (  0.0%): <total>
[53.025s][info][gc,stats    ]       0 of 11796 ms (  0.0%): <average total>
[53.025s][info][gc,stats    ] 
[53.025s][info][gc,metaspace] Metaspace: 130879K(132096K)->130898K(132160K) NonClass: 110420K(111104K)->110438K(111168K) Class: 20459K(20992K)->20459K(20992K)
[53.025s][info][gc,ergo     ] Pacer for Idle. Initial: 163M, Alloc Tax Rate: 1.0x
[62.369s][info][gc          ] Trigger: Free (816M) is below minimum threshold (819M)
[62.369s][info][gc,ergo     ] Free: 816M, Max: 4096K regular, 572M humongous, Frag: 30% external, 0% internal; Reserve: 412M, Max: 4096K
[62.369s][info][gc,start    ] GC(8) Concurrent reset
[62.369s][info][gc,task     ] GC(8) Using 2 of 4 workers for concurrent reset
[62.369s][info][gc,ergo     ] GC(8) Pacer for Reset. Non-Taxable: 8192M
[62.383s][info][gc          ] GC(8) Concurrent reset 14.423ms
[62.383s][info][gc,start    ] GC(8) Pause Init Mark (unload classes)
[62.383s][info][gc,task     ] GC(8) Using 4 of 4 workers for init marking
[62.383s][info][gc,ergo     ] GC(8) Pacer for Mark. Expected Live: 347M, Free: 812M, Non-Taxable: 83167K, Alloc Tax Rate: 0.5x
[62.384s][info][gc          ] GC(8) Pause Init Mark (unload classes) 0.110ms
[62.384s][info][gc,start    ] GC(8) Concurrent marking roots
[62.384s][info][gc,task     ] GC(8) Using 2 of 4 workers for concurrent marking roots
[62.385s][info][gc          ] GC(8) Concurrent marking roots 1.523ms
[62.385s][info][gc,start    ] GC(8) Concurrent marking (unload classes)
[62.385s][info][gc,task     ] GC(8) Using 2 of 4 workers for concurrent marking
[62.597s][info][gc          ] GC(8) Concurrent marking (unload classes) 211.784ms
[62.597s][info][gc,start    ] GC(8) Pause Final Mark (unload classes)
[62.597s][info][gc,task     ] GC(8) Using 4 of 4 workers for final marking
[62.597s][info][gc,ergo     ] GC(8) Adaptive CSet Selection. Target Free: 1160M, Actual Free: 2436M, Max CSet: 341M, Min Garbage: 0B
[62.597s][info][gc,ergo     ] GC(8) Collectable Garbage: 6526M (99%), Immediate: 1320M (20%), CSet: 5206M (79%)
[62.597s][info][gc,ergo     ] GC(8) Pacer for Evacuation. Used CSet: 5284M, Free: 2032M, Non-Taxable: 203M, Alloc Tax Rate: 6.4x
[62.597s][info][gc          ] GC(8) Pause Final Mark (unload classes) 0.337ms
[62.597s][info][gc,start    ] GC(8) Concurrent thread roots
[62.597s][info][gc,task     ] GC(8) Using 2 of 4 workers for Concurrent thread roots
[62.599s][info][gc          ] GC(8) Concurrent thread roots 1.301ms
[62.599s][info][gc,start    ] GC(8) Concurrent weak references
[62.599s][info][gc,task     ] GC(8) Using 2 of 4 workers for concurrent weak references
[62.599s][info][gc,ref      ] GC(8) Encountered references: Soft: 5956, Weak: 22469, Final: 34, Phantom: 524
[62.599s][info][gc,ref      ] GC(8) Discovered  references: Soft: 0, Weak: 1186, Final: 0, Phantom: 388
[62.599s][info][gc,ref      ] GC(8) Enqueued    references: Soft: 0, Weak: 25, Final: 0, Phantom: 18
[62.599s][info][gc          ] GC(8) Concurrent weak references 0.182ms
[62.599s][info][gc,start    ] GC(8) Concurrent weak roots
[62.599s][info][gc,task     ] GC(8) Using 2 of 4 workers for concurrent weak root
[62.602s][info][gc          ] GC(8) Concurrent weak roots 3.447ms
[62.602s][info][gc,start    ] GC(8) Concurrent cleanup
[62.602s][info][gc          ] GC(8) Concurrent cleanup 7076M->5756M(8192M) 0.043ms
[62.602s][info][gc,ergo     ] GC(8) Free: 2023M, Max: 4096K regular, 572M humongous, Frag: 72% external, 0% internal; Reserve: 411M, Max: 4096K
[62.602s][info][gc,start    ] GC(8) Concurrent class unloading
[62.602s][info][gc,task     ] GC(8) Using 2 of 4 workers for concurrent class unloading
[62.612s][info][gc          ] GC(8) Concurrent class unloading 9.768ms
[62.612s][info][gc,start    ] GC(8) Concurrent strong roots
[62.612s][info][gc,task     ] GC(8) Using 2 of 4 workers for concurrent strong root
[62.613s][info][gc          ] GC(8) Concurrent strong roots 0.308ms
[62.613s][info][gc,start    ] GC(8) Concurrent evacuation
[62.613s][info][gc,task     ] GC(8) Using 2 of 4 workers for concurrent evacuation
[62.655s][info][gc          ] GC(8) Concurrent evacuation 41.964ms
[62.655s][info][gc,start    ] GC(8) Pause Init Update Refs
[62.655s][info][gc,ergo     ] GC(8) Pacer for Update Refs. Used: 5856M, Free: 2007M, Non-Taxable: 200M, Alloc Tax Rate: 3.6x
[62.655s][info][gc          ] GC(8) Pause Init Update Refs 0.055ms
[62.655s][info][gc,start    ] GC(8) Concurrent update references
[62.655s][info][gc,task     ] GC(8) Using 2 of 4 workers for concurrent reference update
[62.782s][info][gc          ] GC(8) Concurrent update references 127.631ms
[62.782s][info][gc,start    ] GC(8) Concurrent update thread roots
[62.785s][info][gc          ] GC(8) Concurrent update thread roots 2.190ms
[62.785s][info][gc,start    ] GC(8) Pause Final Update Refs
[62.785s][info][gc,task     ] GC(8) Using 4 of 4 workers for final reference update
[62.785s][info][gc          ] GC(8) Pause Final Update Refs 0.113ms
[62.785s][info][gc,start    ] GC(8) Concurrent cleanup
[62.785s][info][gc          ] GC(8) Concurrent cleanup 5928M->644M(8192M) 0.074ms
[62.785s][info][gc,ergo     ] Free: 7135M, Max: 4096K regular, 5936M humongous, Frag: 17% external, 0% internal; Reserve: 412M, Max: 4096K
[62.785s][info][gc,stats    ] 
[62.785s][info][gc,stats    ] All times are wall-clock times, except per-root-class counters, that are sum over
[62.785s][info][gc,stats    ] all workers. Dividing the <total> over the root stage time estimates parallelism.
[62.785s][info][gc,stats    ] 
[62.785s][info][gc,stats    ] Concurrent Reset                  14517 us
[62.785s][info][gc,stats    ] Pause Init Mark (G)                 198 us
[62.785s][info][gc,stats    ] Pause Init Mark (N)                 123 us
[62.785s][info][gc,stats    ]   Update Region States               36 us
[62.785s][info][gc,stats    ] Concurrent Mark Roots              1544 us, parallelism: 1.75x
[62.785s][info][gc,stats    ]   CMR: <total>                     2703 us
[62.785s][info][gc,stats    ]   CMR: Thread Roots                2541 us, workers (us): 1331, 1210, ---, ---, 
[62.785s][info][gc,stats    ]   CMR: VM Strong Roots               14 us, workers (us):   8,   6, ---, ---, 
[62.785s][info][gc,stats    ]   CMR: CLDG Roots                   148 us, workers (us): ---, 148, ---, ---, 
[62.785s][info][gc,stats    ] Concurrent Marking               211827 us
[62.785s][info][gc,stats    ] Pause Final Mark (G)                404 us
[62.785s][info][gc,stats    ] Pause Final Mark (N)                347 us
[62.785s][info][gc,stats    ]   Finish Mark                        89 us
[62.785s][info][gc,stats    ]   Update Region States               44 us
[62.785s][info][gc,stats    ]   Choose Collection Set             139 us
[62.785s][info][gc,stats    ]   Rebuild Free Set                   10 us
[62.785s][info][gc,stats    ] Concurrent Thread Roots            1322 us, parallelism: 1.84x
[62.785s][info][gc,stats    ]   CTR: <total>                     2436 us
[62.785s][info][gc,stats    ]   CTR: Thread Roots                2436 us, workers (us): 1228, 1208, ---, ---, 
[62.785s][info][gc,stats    ] Concurrent Weak References          194 us, parallelism: 0.41x
[62.785s][info][gc,stats    ]   CWRF: <total>                      80 us
[62.785s][info][gc,stats    ]   CWRF: Weak References              80 us, workers (us):  12,  68, ---, ---, 
[62.785s][info][gc,stats    ] Concurrent Weak Roots              3469 us
[62.785s][info][gc,stats    ]   Roots                            3382 us, parallelism: 1.95x
[62.785s][info][gc,stats    ]     CWR: <total>                   6594 us
[62.785s][info][gc,stats    ]     CWR: Code Cache Roots          5092 us, workers (us): 2588, 2503, ---, ---, 
[62.785s][info][gc,stats    ]     CWR: VM Weak Roots             1429 us, workers (us): 715, 714, ---, ---, 
[62.785s][info][gc,stats    ]     CWR: CLDG Roots                  73 us, workers (us): ---,  73, ---, ---, 
[62.785s][info][gc,stats    ]   Rendezvous                         42 us
[62.785s][info][gc,stats    ] Concurrent Cleanup                   61 us
[62.785s][info][gc,stats    ] Concurrent Class Unloading         9807 us
[62.785s][info][gc,stats    ]   Unlink Stale                     7198 us
[62.785s][info][gc,stats    ]     System Dictionary               145 us
[62.785s][info][gc,stats    ]     Weak Class Links                  0 us
[62.785s][info][gc,stats    ]     Code Roots                     7051 us
[62.785s][info][gc,stats    ]   Rendezvous                        109 us
[62.785s][info][gc,stats    ]   Purge Unlinked                   2430 us
[62.785s][info][gc,stats    ]     Code Roots                     2406 us
[62.785s][info][gc,stats    ]     CLDG                             23 us
[62.785s][info][gc,stats    ]     Exception Caches                  0 us
[62.785s][info][gc,stats    ] Concurrent Strong Roots             330 us, parallelism: 0.67x
[62.785s][info][gc,stats    ]   CSR: <total>                      220 us
[62.785s][info][gc,stats    ]   CSR: VM Strong Roots                8 us, workers (us):   4,   4, ---, ---, 
[62.785s][info][gc,stats    ]   CSR: CLDG Roots                   211 us, workers (us): ---, 211, ---, ---, 
[62.785s][info][gc,stats    ] Concurrent Evacuation             42019 us
[62.785s][info][gc,stats    ] Pause Init Update Refs (G)          130 us
[62.785s][info][gc,stats    ] Pause Init Update Refs (N)           67 us
[62.785s][info][gc,stats    ]   Manage GCLABs                      11 us
[62.785s][info][gc,stats    ] Concurrent Update Refs           127683 us
[62.785s][info][gc,stats    ] Concurrent Update Thread Roots     2214 us
[62.785s][info][gc,stats    ] Pause Final Update Refs (G)         155 us
[62.785s][info][gc,stats    ] Pause Final Update Refs (N)         127 us
[62.785s][info][gc,stats    ]   Update Region States               56 us
[62.785s][info][gc,stats    ]   Trash Collection Set               13 us
[62.786s][info][gc,stats    ]   Rebuild Free Set                   11 us
[62.786s][info][gc,stats    ] Concurrent Cleanup                   89 us
[62.786s][info][gc,stats    ] 
[62.786s][info][gc,stats    ] Allocation pacing accrued:
[62.786s][info][gc,stats    ]       0 of  9760 ms (  0.0%): <total>
[62.786s][info][gc,stats    ]       0 of  9760 ms (  0.0%): <average total>
[62.786s][info][gc,stats    ] 
[62.786s][info][gc,metaspace] Metaspace: 131103K(132352K)->131103K(132352K) NonClass: 110630K(111296K)->110630K(111296K) Class: 20473K(21056K)->20473K(21056K)
[62.786s][info][gc,ergo     ] Pacer for Idle. Initial: 163M, Alloc Tax Rate: 1.0x
[72.143s][info][gc          ] Trigger: Free (815M) is below minimum threshold (819M)
[72.143s][info][gc,ergo     ] Free: 815M, Max: 4096K regular, 560M humongous, Frag: 31% external, 0% internal; Reserve: 412M, Max: 4096K
[72.143s][info][gc,start    ] GC(9) Concurrent reset
[72.143s][info][gc,task     ] GC(9) Using 2 of 4 workers for concurrent reset
[72.143s][info][gc,ergo     ] GC(9) Pacer for Reset. Non-Taxable: 8192M
[72.160s][info][gc          ] GC(9) Concurrent reset 16.875ms
[72.160s][info][gc,start    ] GC(9) Pause Init Mark (unload classes)
[72.160s][info][gc,task     ] GC(9) Using 4 of 4 workers for init marking
[72.160s][info][gc,ergo     ] GC(9) Pacer for Mark. Expected Live: 383M, Free: 815M, Non-Taxable: 83538K, Alloc Tax Rate: 0.6x
[72.160s][info][gc          ] GC(9) Pause Init Mark (unload classes) 0.144ms
[72.160s][info][gc,start    ] GC(9) Concurrent marking roots
[72.160s][info][gc,task     ] GC(9) Using 2 of 4 workers for concurrent marking roots
[72.161s][info][gc          ] GC(9) Concurrent marking roots 1.432ms
[72.161s][info][gc,start    ] GC(9) Concurrent marking (unload classes)
[72.161s][info][gc,task     ] GC(9) Using 2 of 4 workers for concurrent marking
[72.378s][info][gc          ] GC(9) Concurrent marking (unload classes) 216.243ms
[72.378s][info][gc,start    ] GC(9) Pause Final Mark (unload classes)
[72.378s][info][gc,task     ] GC(9) Using 4 of 4 workers for final marking
[72.378s][info][gc,ergo     ] GC(9) Adaptive CSet Selection. Target Free: 1160M, Actual Free: 3088M, Max CSet: 341M, Min Garbage: 0B
[72.378s][info][gc,ergo     ] GC(9) Collectable Garbage: 6520M (99%), Immediate: 2008M (30%), CSet: 4512M (68%)
[72.378s][info][gc,ergo     ] GC(9) Pacer for Evacuation. Used CSet: 4592M, Free: 2684M, Non-Taxable: 268M, Alloc Tax Rate: 4.2x
[72.378s][info][gc          ] GC(9) Pause Final Mark (unload classes) 0.311ms
[72.378s][info][gc,start    ] GC(9) Concurrent thread roots
[72.378s][info][gc,task     ] GC(9) Using 2 of 4 workers for Concurrent thread roots
[72.380s][info][gc          ] GC(9) Concurrent thread roots 1.756ms
[72.380s][info][gc,start    ] GC(9) Concurrent weak references
[72.380s][info][gc,task     ] GC(9) Using 2 of 4 workers for concurrent weak references
[72.380s][info][gc,ref      ] GC(9) Encountered references: Soft: 5965, Weak: 22624, Final: 34, Phantom: 588
[72.380s][info][gc,ref      ] GC(9) Discovered  references: Soft: 0, Weak: 10401, Final: 1, Phantom: 450
[72.380s][info][gc,ref      ] GC(9) Enqueued    references: Soft: 0, Weak: 82, Final: 0, Phantom: 73
[72.380s][info][gc          ] GC(9) Concurrent weak references 0.530ms
[72.380s][info][gc,start    ] GC(9) Concurrent weak roots
[72.380s][info][gc,task     ] GC(9) Using 2 of 4 workers for concurrent weak root
[72.384s][info][gc          ] GC(9) Concurrent weak roots 3.521ms
[72.384s][info][gc,start    ] GC(9) Concurrent cleanup
[72.384s][info][gc          ] GC(9) Concurrent cleanup 7112M->5104M(8192M) 0.044ms
[72.384s][info][gc,ergo     ] GC(9) Free: 2675M, Max: 4096K regular, 560M humongous, Frag: 79% external, 0% internal; Reserve: 411M, Max: 4096K
[72.384s][info][gc,start    ] GC(9) Concurrent class unloading
[72.384s][info][gc,task     ] GC(9) Using 2 of 4 workers for concurrent class unloading
[72.453s][info][gc          ] GC(9) Concurrent class unloading 69.204ms
[72.453s][info][gc,start    ] GC(9) Concurrent strong roots
[72.453s][info][gc,task     ] GC(9) Using 2 of 4 workers for concurrent strong root
[72.454s][info][gc          ] GC(9) Concurrent strong roots 0.370ms
[72.454s][info][gc,start    ] GC(9) Concurrent evacuation
[72.454s][info][gc,task     ] GC(9) Using 2 of 4 workers for concurrent evacuation
[72.497s][info][gc          ] GC(9) Concurrent evacuation 43.462ms
[72.497s][info][gc,start    ] GC(9) Pause Init Update Refs
[72.497s][info][gc,ergo     ] GC(9) Pacer for Update Refs. Used: 5252M, Free: 2611M, Non-Taxable: 261M, Alloc Tax Rate: 2.5x
[72.497s][info][gc          ] GC(9) Pause Init Update Refs 0.047ms
[72.497s][info][gc,start    ] GC(9) Concurrent update references
[72.497s][info][gc,task     ] GC(9) Using 2 of 4 workers for concurrent reference update
[72.641s][info][gc          ] GC(9) Concurrent update references 143.690ms
[72.641s][info][gc,start    ] GC(9) Concurrent update thread roots
[72.643s][info][gc          ] GC(9) Concurrent update thread roots 2.232ms
[72.643s][info][gc,start    ] GC(9) Pause Final Update Refs
[72.643s][info][gc,task     ] GC(9) Using 4 of 4 workers for final reference update
[72.643s][info][gc          ] GC(9) Pause Final Update Refs 0.097ms
[72.643s][info][gc,start    ] GC(9) Concurrent cleanup
[72.644s][info][gc          ] GC(9) Concurrent cleanup 5324M->732M(8192M) 0.068ms
[72.644s][info][gc,ergo     ] Free: 7047M, Max: 4096K regular, 5904M humongous, Frag: 17% external, 0% internal; Reserve: 412M, Max: 4096K
[72.644s][info][gc,stats    ] 
[72.644s][info][gc,stats    ] All times are wall-clock times, except per-root-class counters, that are sum over
[72.644s][info][gc,stats    ] all workers. Dividing the <total> over the root stage time estimates parallelism.
[72.644s][info][gc,stats    ] 
[72.644s][info][gc,stats    ] Concurrent Reset                  16952 us
[72.644s][info][gc,stats    ] Pause Init Mark (G)                 265 us
[72.644s][info][gc,stats    ] Pause Init Mark (N)                 156 us
[72.644s][info][gc,stats    ]   Update Region States               78 us
[72.644s][info][gc,stats    ] Concurrent Mark Roots              1455 us, parallelism: 1.73x
[72.644s][info][gc,stats    ]   CMR: <total>                     2518 us
[72.644s][info][gc,stats    ]   CMR: Thread Roots                2388 us, workers (us): 1128, 1260, ---, ---, 
[72.644s][info][gc,stats    ]   CMR: VM Strong Roots               14 us, workers (us):  14,   0, ---, ---, 
[72.644s][info][gc,stats    ]   CMR: CLDG Roots                   115 us, workers (us): 115, ---, ---, ---, 
[72.644s][info][gc,stats    ] Concurrent Marking               216291 us
[72.644s][info][gc,stats    ] Pause Final Mark (G)                385 us
[72.644s][info][gc,stats    ] Pause Final Mark (N)                323 us
[72.644s][info][gc,stats    ]   Finish Mark                        74 us
[72.644s][info][gc,stats    ]   Update Region States               38 us
[72.644s][info][gc,stats    ]   Choose Collection Set             133 us
[72.644s][info][gc,stats    ]   Rebuild Free Set                   11 us
[72.644s][info][gc,stats    ] Concurrent Thread Roots            1778 us, parallelism: 1.88x
[72.644s][info][gc,stats    ]   CTR: <total>                     3340 us
[72.644s][info][gc,stats    ]   CTR: Thread Roots                3340 us, workers (us): 1667, 1672, ---, ---, 
[72.644s][info][gc,stats    ] Concurrent Weak References          541 us, parallelism: 0.86x
[72.644s][info][gc,stats    ]   CWRF: <total>                     464 us
[72.644s][info][gc,stats    ]   CWRF: Weak References             464 us, workers (us): 463,   0, ---, ---, 
[72.644s][info][gc,stats    ] Concurrent Weak Roots              3547 us
[72.644s][info][gc,stats    ]   Roots                            3394 us, parallelism: 1.92x
[72.644s][info][gc,stats    ]     CWR: <total>                   6527 us
[72.644s][info][gc,stats    ]     CWR: Code Cache Roots          4897 us, workers (us): 2490, 2407, ---, ---, 
[72.644s][info][gc,stats    ]     CWR: VM Weak Roots             1574 us, workers (us): 795, 780, ---, ---, 
[72.644s][info][gc,stats    ]     CWR: CLDG Roots                  56 us, workers (us): ---,  56, ---, ---, 
[72.644s][info][gc,stats    ]   Rendezvous                        106 us
[72.644s][info][gc,stats    ] Concurrent Cleanup                   57 us
[72.644s][info][gc,stats    ] Concurrent Class Unloading        69255 us
[72.644s][info][gc,stats    ]   Unlink Stale                     6835 us
[72.644s][info][gc,stats    ]     System Dictionary                45 us
[72.644s][info][gc,stats    ]     Weak Class Links                  0 us
[72.644s][info][gc,stats    ]     Code Roots                     6789 us
[72.644s][info][gc,stats    ]   Rendezvous                        354 us
[72.644s][info][gc,stats    ]   Purge Unlinked                  61988 us
[72.644s][info][gc,stats    ]     Code Roots                    61714 us
[72.644s][info][gc,stats    ]     CLDG                            274 us
[72.644s][info][gc,stats    ]     Exception Caches                  0 us
[72.644s][info][gc,stats    ] Concurrent Strong Roots             395 us, parallelism: 0.68x
[72.644s][info][gc,stats    ]   CSR: <total>                      268 us
[72.644s][info][gc,stats    ]   CSR: VM Strong Roots               13 us, workers (us):   6,   7, ---, ---, 
[72.644s][info][gc,stats    ]   CSR: CLDG Roots                   256 us, workers (us): 256, ---, ---, ---, 
[72.644s][info][gc,stats    ] Concurrent Evacuation             43505 us
[72.644s][info][gc,stats    ] Pause Init Update Refs (G)           85 us
[72.644s][info][gc,stats    ] Pause Init Update Refs (N)           58 us
[72.644s][info][gc,stats    ]   Manage GCLABs                       6 us
[72.644s][info][gc,stats    ] Concurrent Update Refs           143737 us
[72.644s][info][gc,stats    ] Concurrent Update Thread Roots     2258 us
[72.644s][info][gc,stats    ] Pause Final Update Refs (G)         176 us
[72.644s][info][gc,stats    ] Pause Final Update Refs (N)         112 us
[72.644s][info][gc,stats    ]   Update Region States               36 us
[72.644s][info][gc,stats    ]   Trash Collection Set               14 us
[72.644s][info][gc,stats    ]   Rebuild Free Set                   11 us
[72.644s][info][gc,stats    ] Concurrent Cleanup                   82 us
[72.644s][info][gc,stats    ] 
[72.644s][info][gc,stats    ] Allocation pacing accrued:
[72.644s][info][gc,stats    ]       0 of  9859 ms (  0.0%): <total>
[72.644s][info][gc,stats    ]       0 of  9859 ms (  0.0%): <average total>
[72.644s][info][gc,stats    ] 
[72.644s][info][gc,metaspace] Metaspace: 131569K(132864K)->131586K(132864K) NonClass: 111029K(111744K)->111046K(111744K) Class: 20539K(21120K)->20539K(21120K)
[72.644s][info][gc,ergo     ] Pacer for Idle. Initial: 163M, Alloc Tax Rate: 1.0x
[81.683s][info][gc          ] Trigger: Free (815M) is below minimum threshold (819M)
[81.683s][info][gc,ergo     ] Free: 815M, Max: 4096K regular, 560M humongous, Frag: 31% external, 1% internal; Reserve: 412M, Max: 4096K
[81.683s][info][gc,start    ] GC(10) Concurrent reset
[81.683s][info][gc,task     ] GC(10) Using 2 of 4 workers for concurrent reset
[81.683s][info][gc,ergo     ] GC(10) Pacer for Reset. Non-Taxable: 8192M
[81.702s][info][gc          ] GC(10) Concurrent reset 18.537ms
[81.702s][info][gc,start    ] GC(10) Pause Init Mark (unload classes)
[81.702s][info][gc,task     ] GC(10) Using 4 of 4 workers for init marking
[81.702s][info][gc,ergo     ] GC(10) Pacer for Mark. Expected Live: 404M, Free: 791M, Non-Taxable: 81068K, Alloc Tax Rate: 0.6x
[81.702s][info][gc          ] GC(10) Pause Init Mark (unload classes) 0.152ms
[81.702s][info][gc,start    ] GC(10) Concurrent marking roots
[81.702s][info][gc,task     ] GC(10) Using 2 of 4 workers for concurrent marking roots
[81.703s][info][gc          ] GC(10) Concurrent marking roots 1.459ms
[81.703s][info][gc,start    ] GC(10) Concurrent marking (unload classes)
[81.703s][info][gc,task     ] GC(10) Using 2 of 4 workers for concurrent marking
[81.916s][info][gc          ] GC(10) Concurrent marking (unload classes) 212.252ms
[81.916s][info][gc,start    ] GC(10) Pause Final Mark (unload classes)
[81.916s][info][gc,task     ] GC(10) Using 4 of 4 workers for final marking
[81.916s][info][gc,ergo     ] GC(10) Adaptive CSet Selection. Target Free: 1160M, Actual Free: 2320M, Max CSet: 341M, Min Garbage: 0B
[81.916s][info][gc,ergo     ] GC(10) Collectable Garbage: 6544M (99%), Immediate: 1288M (19%), CSet: 5256M (79%)
[81.916s][info][gc,ergo     ] GC(10) Pacer for Evacuation. Used CSet: 5336M, Free: 1912M, Non-Taxable: 191M, Alloc Tax Rate: 6.8x
[81.916s][info][gc          ] GC(10) Pause Final Mark (unload classes) 0.310ms
[81.916s][info][gc,start    ] GC(10) Concurrent thread roots
[81.916s][info][gc,task     ] GC(10) Using 2 of 4 workers for Concurrent thread roots
[81.917s][info][gc          ] GC(10) Concurrent thread roots 1.269ms
[81.917s][info][gc,start    ] GC(10) Concurrent weak references
[81.917s][info][gc,task     ] GC(10) Using 2 of 4 workers for concurrent weak references
[81.917s][info][gc,ref      ] GC(10) Encountered references: Soft: 5981, Weak: 22705, Final: 34, Phantom: 572
[81.917s][info][gc,ref      ] GC(10) Discovered  references: Soft: 0, Weak: 977, Final: 0, Phantom: 433
[81.917s][info][gc,ref      ] GC(10) Enqueued    references: Soft: 0, Weak: 68, Final: 0, Phantom: 51
[81.917s][info][gc          ] GC(10) Concurrent weak references 0.169ms
[81.917s][info][gc,start    ] GC(10) Concurrent weak roots
[81.917s][info][gc,task     ] GC(10) Using 2 of 4 workers for concurrent weak root
[81.920s][info][gc          ] GC(10) Concurrent weak roots 2.504ms
[81.920s][info][gc,start    ] GC(10) Concurrent cleanup
[81.920s][info][gc          ] GC(10) Concurrent cleanup 7163M->5875M(8192M) 0.035ms
[81.920s][info][gc,ergo     ] GC(10) Free: 1904M, Max: 4096K regular, 560M humongous, Frag: 71% external, 0% internal; Reserve: 411M, Max: 4096K
[81.920s][info][gc,start    ] GC(10) Concurrent class unloading
[81.920s][info][gc,task     ] GC(10) Using 2 of 4 workers for concurrent class unloading
[81.926s][info][gc          ] GC(10) Concurrent class unloading 5.613ms
[81.926s][info][gc,start    ] GC(10) Concurrent strong roots
[81.926s][info][gc,task     ] GC(10) Using 2 of 4 workers for concurrent strong root
[81.926s][info][gc          ] GC(10) Concurrent strong roots 0.299ms
[81.926s][info][gc,start    ] GC(10) Concurrent evacuation
[81.926s][info][gc,task     ] GC(10) Using 2 of 4 workers for concurrent evacuation
[81.970s][info][gc          ] GC(10) Concurrent evacuation 43.529ms
[81.970s][info][gc,start    ] GC(10) Pause Init Update Refs
[81.970s][info][gc,ergo     ] GC(10) Pacer for Update Refs. Used: 5987M, Free: 1880M, Non-Taxable: 188M, Alloc Tax Rate: 3.9x
[81.970s][info][gc          ] GC(10) Pause Init Update Refs 0.047ms
[81.970s][info][gc,start    ] GC(10) Concurrent update references
[81.970s][info][gc,task     ] GC(10) Using 2 of 4 workers for concurrent reference update
[82.105s][info][gc          ] GC(10) Concurrent update references 135.703ms
[82.105s][info][gc,start    ] GC(10) Concurrent update thread roots
[82.108s][info][gc          ] GC(10) Concurrent update thread roots 2.192ms
[82.108s][info][gc,start    ] GC(10) Pause Final Update Refs
[82.108s][info][gc,task     ] GC(10) Using 4 of 4 workers for final reference update
[82.108s][info][gc          ] GC(10) Pause Final Update Refs 0.100ms
[82.108s][info][gc,start    ] GC(10) Concurrent cleanup
[82.108s][info][gc          ] GC(10) Concurrent cleanup 6095M->759M(8192M) 0.063ms
[82.108s][info][gc,ergo     ] Free: 7020M, Max: 4096K regular, 5764M humongous, Frag: 18% external, 0% internal; Reserve: 412M, Max: 4096K
[82.108s][info][gc,stats    ] 
[82.108s][info][gc,stats    ] All times are wall-clock times, except per-root-class counters, that are sum over
[82.108s][info][gc,stats    ] all workers. Dividing the <total> over the root stage time estimates parallelism.
[82.108s][info][gc,stats    ] 
[82.108s][info][gc,stats    ] Concurrent Reset                  18679 us
[82.108s][info][gc,stats    ] Pause Init Mark (G)                 203 us
[82.108s][info][gc,stats    ] Pause Init Mark (N)                 164 us
[82.108s][info][gc,stats    ]   Update Region States               65 us
[82.108s][info][gc,stats    ] Concurrent Mark Roots              1480 us, parallelism: 1.69x
[82.108s][info][gc,stats    ]   CMR: <total>                     2502 us
[82.108s][info][gc,stats    ]   CMR: Thread Roots                2369 us, workers (us): 1268, 1101, ---, ---, 
[82.108s][info][gc,stats    ]   CMR: VM Strong Roots               12 us, workers (us):   7,   6, ---, ---, 
[82.108s][info][gc,stats    ]   CMR: CLDG Roots                   120 us, workers (us): ---, 120, ---, ---, 
[82.108s][info][gc,stats    ] Concurrent Marking               212297 us
[82.108s][info][gc,stats    ] Pause Final Mark (G)                375 us
[82.108s][info][gc,stats    ] Pause Final Mark (N)                321 us
[82.108s][info][gc,stats    ]   Finish Mark                        57 us
[82.108s][info][gc,stats    ]   Update Region States               28 us
[82.108s][info][gc,stats    ]   Choose Collection Set             158 us
[82.108s][info][gc,stats    ]   Rebuild Free Set                   10 us
[82.108s][info][gc,stats    ] Concurrent Thread Roots            1291 us, parallelism: 1.81x
[82.108s][info][gc,stats    ]   CTR: <total>                     2335 us
[82.108s][info][gc,stats    ]   CTR: Thread Roots                2335 us, workers (us): 1191, 1144, ---, ---, 
[82.108s][info][gc,stats    ] Concurrent Weak References          180 us, parallelism: 0.50x
[82.108s][info][gc,stats    ]   CWRF: <total>                      90 us
[82.108s][info][gc,stats    ]   CWRF: Weak References              90 us, workers (us):  25,  65, ---, ---, 
[82.108s][info][gc,stats    ] Concurrent Weak Roots              2526 us
[82.108s][info][gc,stats    ]   Roots                            2423 us, parallelism: 1.89x
[82.108s][info][gc,stats    ]     CWR: <total>                   4570 us
[82.108s][info][gc,stats    ]     CWR: Code Cache Roots          2946 us, workers (us): 1470, 1476, ---, ---, 
[82.108s][info][gc,stats    ]     CWR: VM Weak Roots             1576 us, workers (us): 789, 787, ---, ---, 
[82.108s][info][gc,stats    ]     CWR: CLDG Roots                  48 us, workers (us): ---,  48, ---, ---, 
[82.108s][info][gc,stats    ]   Rendezvous                         58 us
[82.108s][info][gc,stats    ] Concurrent Cleanup                   48 us
[82.108s][info][gc,stats    ] Concurrent Class Unloading         5638 us
[82.108s][info][gc,stats    ]   Unlink Stale                     4312 us
[82.108s][info][gc,stats    ]     System Dictionary                35 us
[82.108s][info][gc,stats    ]     Weak Class Links                  0 us
[82.108s][info][gc,stats    ]     Code Roots                     4276 us
[82.108s][info][gc,stats    ]   Rendezvous                         65 us
[82.108s][info][gc,stats    ]   Purge Unlinked                   1213 us
[82.108s][info][gc,stats    ]     Code Roots                     1179 us
[82.108s][info][gc,stats    ]     CLDG                             34 us
[82.108s][info][gc,stats    ] Concurrent Strong Roots             312 us, parallelism: 0.74x
[82.108s][info][gc,stats    ]   CSR: <total>                      232 us
[82.108s][info][gc,stats    ]   CSR: VM Strong Roots                8 us, workers (us):   8,   0, ---, ---, 
[82.108s][info][gc,stats    ]   CSR: CLDG Roots                   224 us, workers (us): 224, ---, ---, ---, 
[82.108s][info][gc,stats    ] Concurrent Evacuation             43571 us
[82.108s][info][gc,stats    ] Pause Init Update Refs (G)          122 us
[82.108s][info][gc,stats    ] Pause Init Update Refs (N)           59 us
[82.108s][info][gc,stats    ]   Manage GCLABs                       6 us
[82.108s][info][gc,stats    ] Concurrent Update Refs           135735 us
[82.108s][info][gc,stats    ] Concurrent Update Thread Roots     2208 us
[82.108s][info][gc,stats    ] Pause Final Update Refs (G)         169 us
[82.108s][info][gc,stats    ] Pause Final Update Refs (N)         114 us
[82.108s][info][gc,stats    ]   Update Region States               37 us
[82.109s][info][gc,stats    ]   Trash Collection Set               15 us
[82.109s][info][gc,stats    ]   Rebuild Free Set                   10 us
[82.109s][info][gc,stats    ] Concurrent Cleanup                   76 us
[82.109s][info][gc,stats    ] 
[82.109s][info][gc,stats    ] Allocation pacing accrued:
[82.109s][info][gc,stats    ]       0 of  9464 ms (  0.0%): <total>
[82.109s][info][gc,stats    ]       0 of  9464 ms (  0.0%): <average total>
[82.109s][info][gc,stats    ] 
[82.109s][info][gc,metaspace] Metaspace: 132031K(133312K)->132032K(133312K) NonClass: 111423K(112128K)->111424K(112128K) Class: 20607K(21184K)->20607K(21184K)
[82.109s][info][gc,ergo     ] Pacer for Idle. Initial: 163M, Alloc Tax Rate: 1.0x
[91.068s][info][gc          ] Trigger: Free (816M) is below minimum threshold (819M)
[91.068s][info][gc,ergo     ] Free: 816M, Max: 4096K regular, 556M humongous, Frag: 32% external, 0% internal; Reserve: 412M, Max: 4096K
[91.068s][info][gc,start    ] GC(11) Concurrent reset
[91.068s][info][gc,task     ] GC(11) Using 2 of 4 workers for concurrent reset
[91.068s][info][gc,ergo     ] GC(11) Pacer for Reset. Non-Taxable: 8192M
[91.087s][info][gc          ] GC(11) Concurrent reset 18.310ms
[91.087s][info][gc,start    ] GC(11) Pause Init Mark (unload classes)
[91.087s][info][gc,task     ] GC(11) Using 4 of 4 workers for init marking
[91.087s][info][gc,ergo     ] GC(11) Pacer for Mark. Expected Live: 410M, Free: 812M, Non-Taxable: 83225K, Alloc Tax Rate: 0.6x
[91.087s][info][gc          ] GC(11) Pause Init Mark (unload classes) 0.125ms
[91.087s][info][gc,start    ] GC(11) Concurrent marking roots
[91.087s][info][gc,task     ] GC(11) Using 2 of 4 workers for concurrent marking roots
[91.089s][info][gc          ] GC(11) Concurrent marking roots 1.483ms
[91.089s][info][gc,start    ] GC(11) Concurrent marking (unload classes)
[91.089s][info][gc,task     ] GC(11) Using 2 of 4 workers for concurrent marking
[91.301s][info][gc          ] GC(11) Concurrent marking (unload classes) 212.312ms
[91.301s][info][gc,start    ] GC(11) Pause Final Mark (unload classes)
[91.301s][info][gc,task     ] GC(11) Using 4 of 4 workers for final marking
[91.301s][info][gc,ergo     ] GC(11) Adaptive CSet Selection. Target Free: 1160M, Actual Free: 3252M, Max CSet: 341M, Min Garbage: 0B
[91.301s][info][gc,ergo     ] GC(11) Collectable Garbage: 6519M (99%), Immediate: 2196M (33%), CSet: 4323M (66%)
[91.301s][info][gc,ergo     ] GC(11) Pacer for Evacuation. Used CSet: 4408M, Free: 2848M, Non-Taxable: 284M, Alloc Tax Rate: 3.8x
[91.301s][info][gc          ] GC(11) Pause Final Mark (unload classes) 0.254ms
[91.301s][info][gc,start    ] GC(11) Concurrent thread roots
[91.301s][info][gc,task     ] GC(11) Using 2 of 4 workers for Concurrent thread roots
[91.303s][info][gc          ] GC(11) Concurrent thread roots 1.277ms
[91.303s][info][gc,start    ] GC(11) Concurrent weak references
[91.303s][info][gc,task     ] GC(11) Using 2 of 4 workers for concurrent weak references
[91.303s][info][gc,ref      ] GC(11) Encountered references: Soft: 6071, Weak: 23267, Final: 34, Phantom: 672
[91.303s][info][gc,ref      ] GC(11) Discovered  references: Soft: 0, Weak: 8181, Final: 0, Phantom: 529
[91.303s][info][gc,ref      ] GC(11) Enqueued    references: Soft: 0, Weak: 224, Final: 0, Phantom: 145
[91.303s][info][gc          ] GC(11) Concurrent weak references 0.794ms
[91.303s][info][gc,start    ] GC(11) Concurrent weak roots
[91.303s][info][gc,task     ] GC(11) Using 2 of 4 workers for concurrent weak root
[91.306s][info][gc          ] GC(11) Concurrent weak roots 3.040ms
[91.306s][info][gc,start    ] GC(11) Concurrent cleanup
[91.306s][info][gc          ] GC(11) Concurrent cleanup 7136M->4940M(8192M) 0.046ms
[91.306s][info][gc,ergo     ] GC(11) Free: 2840M, Max: 4096K regular, 556M humongous, Frag: 81% external, 0% internal; Reserve: 411M, Max: 4096K
[91.306s][info][gc,start    ] GC(11) Concurrent class unloading
[91.307s][info][gc,task     ] GC(11) Using 2 of 4 workers for concurrent class unloading
[91.320s][info][gc          ] GC(11) Concurrent class unloading 13.220ms
[91.320s][info][gc,start    ] GC(11) Concurrent strong roots
[91.320s][info][gc,task     ] GC(11) Using 2 of 4 workers for concurrent strong root
[91.320s][info][gc          ] GC(11) Concurrent strong roots 0.366ms
[91.320s][info][gc,start    ] GC(11) Concurrent evacuation
[91.320s][info][gc,task     ] GC(11) Using 2 of 4 workers for concurrent evacuation
[91.366s][info][gc          ] GC(11) Concurrent evacuation 45.534ms
[91.366s][info][gc,start    ] GC(11) Pause Init Update Refs
[91.366s][info][gc,ergo     ] GC(11) Pacer for Update Refs. Used: 5059M, Free: 2808M, Non-Taxable: 280M, Alloc Tax Rate: 2.2x
[91.366s][info][gc          ] GC(11) Pause Init Update Refs 0.048ms
[91.366s][info][gc,start    ] GC(11) Concurrent update references
[91.366s][info][gc,task     ] GC(11) Using 2 of 4 workers for concurrent reference update
[91.501s][info][gc          ] GC(11) Concurrent update references 135.510ms
[91.501s][info][gc,start    ] GC(11) Concurrent update thread roots
[91.504s][info][gc          ] GC(11) Concurrent update thread roots 2.181ms
[91.504s][info][gc,start    ] GC(11) Pause Final Update Refs
[91.504s][info][gc,task     ] GC(11) Using 4 of 4 workers for final reference update
[91.504s][info][gc          ] GC(11) Pause Final Update Refs 0.094ms
[91.504s][info][gc,start    ] GC(11) Concurrent cleanup
[91.504s][info][gc          ] GC(11) Concurrent cleanup 5171M->763M(8192M) 0.068ms
[91.504s][info][gc,ergo     ] Free: 7016M, Max: 4096K regular, 5836M humongous, Frag: 17% external, 0% internal; Reserve: 412M, Max: 4096K
[91.504s][info][gc,stats    ] 
[91.504s][info][gc,stats    ] All times are wall-clock times, except per-root-class counters, that are sum over
[91.504s][info][gc,stats    ] all workers. Dividing the <total> over the root stage time estimates parallelism.
[91.504s][info][gc,stats    ] 
[91.504s][info][gc,stats    ] Concurrent Reset                  18370 us
[91.504s][info][gc,stats    ] Pause Init Mark (G)                 219 us
[91.504s][info][gc,stats    ] Pause Init Mark (N)                 138 us
[91.504s][info][gc,stats    ]   Update Region States               52 us
[91.504s][info][gc,stats    ] Concurrent Mark Roots              1507 us, parallelism: 1.75x
[91.504s][info][gc,stats    ]   CMR: <total>                     2630 us
[91.504s][info][gc,stats    ]   CMR: Thread Roots                2485 us, workers (us): 1176, 1309, ---, ---, 
[91.504s][info][gc,stats    ]   CMR: VM Strong Roots               14 us, workers (us):  13,   0, ---, ---, 
[91.504s][info][gc,stats    ]   CMR: CLDG Roots                   132 us, workers (us): 132, ---, ---, ---, 
[91.504s][info][gc,stats    ] Concurrent Marking               212358 us
[91.504s][info][gc,stats    ] Pause Final Mark (G)                346 us
[91.504s][info][gc,stats    ] Pause Final Mark (N)                265 us
[91.504s][info][gc,stats    ]   Finish Mark                        19 us
[91.504s][info][gc,stats    ]   Update Region States               36 us
[91.504s][info][gc,stats    ]   Choose Collection Set             135 us
[91.504s][info][gc,stats    ]   Rebuild Free Set                   10 us
[91.504s][info][gc,stats    ] Concurrent Thread Roots            1302 us, parallelism: 1.83x
[91.504s][info][gc,stats    ]   CTR: <total>                     2384 us
[91.504s][info][gc,stats    ]   CTR: Thread Roots                2384 us, workers (us): 1201, 1183, ---, ---, 
[91.504s][info][gc,stats    ] Concurrent Weak References          806 us, parallelism: 0.88x
[91.504s][info][gc,stats    ]   CWRF: <total>                     711 us
[91.504s][info][gc,stats    ]   CWRF: Weak References             711 us, workers (us):  30, 681, ---, ---, 
[91.504s][info][gc,stats    ] Concurrent Weak Roots              3074 us
[91.504s][info][gc,stats    ]   Roots                            2892 us, parallelism: 1.91x
[91.504s][info][gc,stats    ]     CWR: <total>                   5525 us
[91.504s][info][gc,stats    ]     CWR: Code Cache Roots          3743 us, workers (us): 1841, 1902, ---, ---, 
[91.504s][info][gc,stats    ]     CWR: VM Weak Roots             1684 us, workers (us): 841, 844, ---, ---, 
[91.504s][info][gc,stats    ]     CWR: CLDG Roots                  97 us, workers (us):  97, ---, ---, ---, 
[91.504s][info][gc,stats    ]   Rendezvous                        125 us
[91.504s][info][gc,stats    ] Concurrent Cleanup                   59 us
[91.504s][info][gc,stats    ] Concurrent Class Unloading        13261 us
[91.504s][info][gc,stats    ]   Unlink Stale                     4901 us
[91.504s][info][gc,stats    ]     System Dictionary                58 us
[91.504s][info][gc,stats    ]     Weak Class Links                  0 us
[91.504s][info][gc,stats    ]     Code Roots                     4842 us
[91.504s][info][gc,stats    ]   Rendezvous                         92 us
[91.504s][info][gc,stats    ]   Purge Unlinked                   8203 us
[91.504s][info][gc,stats    ]     Code Roots                     8104 us
[91.504s][info][gc,stats    ]     CLDG                             99 us
[91.504s][info][gc,stats    ] Concurrent Strong Roots             379 us, parallelism: 0.71x
[91.504s][info][gc,stats    ]   CSR: <total>                      267 us
[91.504s][info][gc,stats    ]   CSR: VM Strong Roots                9 us, workers (us):   5,   4, ---, ---, 
[91.504s][info][gc,stats    ]   CSR: CLDG Roots                   258 us, workers (us): ---, 258, ---, ---, 
[91.504s][info][gc,stats    ] Concurrent Evacuation             45584 us
[91.504s][info][gc,stats    ] Pause Init Update Refs (G)           88 us
[91.504s][info][gc,stats    ] Pause Init Update Refs (N)           61 us
[91.504s][info][gc,stats    ]   Manage GCLABs                       6 us
[91.504s][info][gc,stats    ] Concurrent Update Refs           135553 us
[91.504s][info][gc,stats    ] Concurrent Update Thread Roots     2204 us
[91.504s][info][gc,stats    ] Pause Final Update Refs (G)         149 us
[91.504s][info][gc,stats    ] Pause Final Update Refs (N)         120 us
[91.504s][info][gc,stats    ]   Update Region States               32 us
[91.504s][info][gc,stats    ]   Trash Collection Set               11 us
[91.504s][info][gc,stats    ]   Rebuild Free Set                   11 us
[91.504s][info][gc,stats    ] Concurrent Cleanup                   82 us
[91.504s][info][gc,stats    ] 
[91.504s][info][gc,stats    ] Allocation pacing accrued:
[91.504s][info][gc,stats    ]       0 of  9396 ms (  0.0%): <total>
[91.504s][info][gc,stats    ]       0 of  9396 ms (  0.0%): <average total>
[91.504s][info][gc,stats    ] 
[91.504s][info][gc,metaspace] Metaspace: 132921K(134336K)->132927K(134336K) NonClass: 112159K(112960K)->112165K(112960K) Class: 20761K(21376K)->20761K(21376K)
[91.505s][info][gc,ergo     ] Pacer for Idle. Initial: 163M, Alloc Tax Rate: 1.0x
[102.746s][info][gc          ] Trigger: Free (816M) is below minimum threshold (819M)
[102.746s][info][gc,ergo     ] Free: 816M, Max: 4096K regular, 556M humongous, Frag: 31% external, 0% internal; Reserve: 412M, Max: 4096K
[102.746s][info][gc,start    ] GC(12) Concurrent reset
[102.746s][info][gc,task     ] GC(12) Using 2 of 4 workers for concurrent reset
[102.746s][info][gc,ergo     ] GC(12) Pacer for Reset. Non-Taxable: 8192M
[102.758s][info][gc          ] GC(12) Concurrent reset 11.803ms
[102.758s][info][gc,start    ] GC(12) Pause Init Mark (unload classes)
[102.758s][info][gc,task     ] GC(12) Using 4 of 4 workers for init marking
[102.758s][info][gc,ergo     ] GC(12) Pacer for Mark. Expected Live: 413M, Free: 816M, Non-Taxable: 83569K, Alloc Tax Rate: 0.6x
[102.758s][info][gc          ] GC(12) Pause Init Mark (unload classes) 0.109ms
[102.758s][info][gc,start    ] GC(12) Concurrent marking roots
[102.758s][info][gc,task     ] GC(12) Using 2 of 4 workers for concurrent marking roots
[102.759s][info][gc          ] GC(12) Concurrent marking roots 1.360ms
[102.759s][info][gc,start    ] GC(12) Concurrent marking (unload classes)
[102.759s][info][gc,task     ] GC(12) Using 2 of 4 workers for concurrent marking
[102.970s][info][gc          ] GC(12) Concurrent marking (unload classes) 210.738ms
[102.970s][info][gc,start    ] GC(12) Pause Final Mark (unload classes)
[102.970s][info][gc,task     ] GC(12) Using 4 of 4 workers for final marking
[102.970s][info][gc,ergo     ] GC(12) Adaptive CSet Selection. Target Free: 1160M, Actual Free: 2716M, Max CSet: 341M, Min Garbage: 0B
[102.971s][info][gc,ergo     ] GC(12) Collectable Garbage: 6522M (99%), Immediate: 1644M (25%), CSet: 4878M (74%)
[102.971s][info][gc,ergo     ] GC(12) Pacer for Evacuation. Used CSet: 4956M, Free: 2312M, Non-Taxable: 231M, Alloc Tax Rate: 5.2x
[102.971s][info][gc          ] GC(12) Pause Final Mark (unload classes) 0.362ms
[102.971s][info][gc,start    ] GC(12) Concurrent thread roots
[102.971s][info][gc,task     ] GC(12) Using 2 of 4 workers for Concurrent thread roots
[102.972s][info][gc          ] GC(12) Concurrent thread roots 1.506ms
[102.972s][info][gc,start    ] GC(12) Concurrent weak references
[102.972s][info][gc,task     ] GC(12) Using 2 of 4 workers for concurrent weak references
[102.972s][info][gc,ref      ] GC(12) Encountered references: Soft: 6071, Weak: 23047, Final: 34, Phantom: 530
[102.972s][info][gc,ref      ] GC(12) Discovered  references: Soft: 0, Weak: 4090, Final: 0, Phantom: 392
[102.972s][info][gc,ref      ] GC(12) Enqueued    references: Soft: 0, Weak: 4, Final: 0, Phantom: 0
[102.972s][info][gc          ] GC(12) Concurrent weak references 0.284ms
[102.972s][info][gc,start    ] GC(12) Concurrent weak roots
[102.972s][info][gc,task     ] GC(12) Using 2 of 4 workers for concurrent weak root
[102.975s][info][gc          ] GC(12) Concurrent weak roots 2.982ms
[102.975s][info][gc,start    ] GC(12) Concurrent cleanup
[102.976s][info][gc          ] GC(12) Concurrent cleanup 7125M->5481M(8192M) 0.063ms
[102.976s][info][gc,ergo     ] GC(12) Free: 2300M, Max: 4096K regular, 556M humongous, Frag: 76% external, 0% internal; Reserve: 410M, Max: 4096K
[102.976s][info][gc,start    ] GC(12) Concurrent class unloading
[102.976s][info][gc,task     ] GC(12) Using 2 of 4 workers for concurrent class unloading
[102.982s][info][gc          ] GC(12) Concurrent class unloading 6.028ms
[102.982s][info][gc,start    ] GC(12) Concurrent strong roots
[102.982s][info][gc,task     ] GC(12) Using 2 of 4 workers for concurrent strong root
[102.982s][info][gc          ] GC(12) Concurrent strong roots 0.563ms
[102.982s][info][gc,start    ] GC(12) Concurrent evacuation
[102.982s][info][gc,task     ] GC(12) Using 2 of 4 workers for concurrent evacuation
[103.026s][info][gc          ] GC(12) Concurrent evacuation 43.726ms
[103.026s][info][gc,start    ] GC(12) Pause Init Update Refs
[103.026s][info][gc,ergo     ] GC(12) Pacer for Update Refs. Used: 5611M, Free: 2252M, Non-Taxable: 225M, Alloc Tax Rate: 3.0x
[103.026s][info][gc          ] GC(12) Pause Init Update Refs 0.047ms
[103.026s][info][gc,start    ] GC(12) Concurrent update references
[103.026s][info][gc,task     ] GC(12) Using 2 of 4 workers for concurrent reference update
[103.161s][info][gc          ] GC(12) Concurrent update references 134.645ms
[103.161s][info][gc,start    ] GC(12) Concurrent update thread roots
[103.163s][info][gc          ] GC(12) Concurrent update thread roots 2.201ms
[103.163s][info][gc,start    ] GC(12) Pause Final Update Refs
[103.163s][info][gc,task     ] GC(12) Using 4 of 4 workers for final reference update
[103.163s][info][gc          ] GC(12) Pause Final Update Refs 0.103ms
[103.163s][info][gc,start    ] GC(12) Concurrent cleanup
[103.163s][info][gc          ] GC(12) Concurrent cleanup 5771M->815M(8192M) 0.070ms
[103.163s][info][gc,ergo     ] Free: 6964M, Max: 4096K regular, 5892M humongous, Frag: 16% external, 0% internal; Reserve: 412M, Max: 4096K
[103.163s][info][gc,stats    ] 
[103.163s][info][gc,stats    ] All times are wall-clock times, except per-root-class counters, that are sum over
[103.163s][info][gc,stats    ] all workers. Dividing the <total> over the root stage time estimates parallelism.
[103.163s][info][gc,stats    ] 
[103.163s][info][gc,stats    ] Concurrent Reset                  11863 us
[103.163s][info][gc,stats    ] Pause Init Mark (G)                 199 us
[103.163s][info][gc,stats    ] Pause Init Mark (N)                 122 us
[103.163s][info][gc,stats    ]   Update Region States               38 us
[103.163s][info][gc,stats    ] Concurrent Mark Roots              1380 us, parallelism: 1.76x
[103.163s][info][gc,stats    ]   CMR: <total>                     2425 us
[103.163s][info][gc,stats    ]   CMR: Thread Roots                2287 us, workers (us): 1087, 1200, ---, ---, 
[103.163s][info][gc,stats    ]   CMR: VM Strong Roots               12 us, workers (us):  12,   0, ---, ---, 
[103.163s][info][gc,stats    ]   CMR: CLDG Roots                   125 us, workers (us): 125, ---, ---, ---, 
[103.164s][info][gc,stats    ] Concurrent Marking               210770 us
[103.164s][info][gc,stats    ] Pause Final Mark (G)                402 us
[103.164s][info][gc,stats    ] Pause Final Mark (N)                375 us
[103.164s][info][gc,stats    ]   Finish Mark                        97 us
[103.164s][info][gc,stats    ]   Update Region States               50 us
[103.164s][info][gc,stats    ]   Choose Collection Set             146 us
[103.164s][info][gc,stats    ]   Rebuild Free Set                   10 us
[103.164s][info][gc,stats    ] Concurrent Thread Roots            1525 us, parallelism: 1.89x
[103.164s][info][gc,stats    ]   CTR: <total>                     2886 us
[103.164s][info][gc,stats    ]   CTR: Thread Roots                2886 us, workers (us): 1466, 1421, ---, ---, 
[103.164s][info][gc,stats    ] Concurrent Weak References          296 us, parallelism: 0.65x
[103.164s][info][gc,stats    ]   CWRF: <total>                     191 us
[103.164s][info][gc,stats    ]   CWRF: Weak References             191 us, workers (us):  14, 177, ---, ---, 
[103.164s][info][gc,stats    ] Concurrent Weak Roots              3010 us
[103.164s][info][gc,stats    ]   Roots                            2875 us, parallelism: 1.87x
[103.164s][info][gc,stats    ]     CWR: <total>                   5384 us
[103.164s][info][gc,stats    ]     CWR: Code Cache Roots          3584 us, workers (us): 1768, 1816, ---, ---, 
[103.164s][info][gc,stats    ]     CWR: VM Weak Roots             1703 us, workers (us): 851, 851, ---, ---, 
[103.164s][info][gc,stats    ]     CWR: CLDG Roots                  98 us, workers (us):  98, ---, ---, ---, 
[103.164s][info][gc,stats    ]   Rendezvous                         85 us
[103.164s][info][gc,stats    ] Concurrent Cleanup                   89 us
[103.164s][info][gc,stats    ] Concurrent Class Unloading         6060 us
[103.164s][info][gc,stats    ]   Unlink Stale                     4853 us
[103.164s][info][gc,stats    ]     System Dictionary                72 us
[103.164s][info][gc,stats    ]     Weak Class Links                  0 us
[103.164s][info][gc,stats    ]     Code Roots                     4779 us
[103.164s][info][gc,stats    ]   Rendezvous                         87 us
[103.164s][info][gc,stats    ]   Purge Unlinked                   1063 us
[103.164s][info][gc,stats    ]     Code Roots                     1041 us
[103.164s][info][gc,stats    ]     CLDG                             21 us
[103.164s][info][gc,stats    ]     Exception Caches                  0 us
[103.164s][info][gc,stats    ] Concurrent Strong Roots             586 us, parallelism: 0.72x
[103.164s][info][gc,stats    ]   CSR: <total>                      421 us
[103.164s][info][gc,stats    ]   CSR: VM Strong Roots               12 us, workers (us):  12,   0, ---, ---, 
[103.164s][info][gc,stats    ]   CSR: CLDG Roots                   409 us, workers (us): 409, ---, ---, ---, 
[103.164s][info][gc,stats    ] Concurrent Evacuation             43764 us
[103.164s][info][gc,stats    ] Pause Init Update Refs (G)           91 us
[103.164s][info][gc,stats    ] Pause Init Update Refs (N)           58 us
[103.164s][info][gc,stats    ]   Manage GCLABs                       5 us
[103.164s][info][gc,stats    ] Concurrent Update Refs           134678 us
[103.164s][info][gc,stats    ] Concurrent Update Thread Roots     2226 us
[103.164s][info][gc,stats    ] Pause Final Update Refs (G)         195 us
[103.164s][info][gc,stats    ] Pause Final Update Refs (N)         127 us
[103.164s][info][gc,stats    ]   Update Region States               45 us
[103.164s][info][gc,stats    ]   Trash Collection Set               12 us
[103.164s][info][gc,stats    ]   Rebuild Free Set                   10 us
[103.164s][info][gc,stats    ] Concurrent Cleanup                   84 us
[103.164s][info][gc,stats    ] 
[103.164s][info][gc,stats    ] Allocation pacing accrued:
[103.164s][info][gc,stats    ]       0 of 11660 ms (  0.0%): <total>
[103.164s][info][gc,stats    ]       0 of 11660 ms (  0.0%): <average total>
[103.164s][info][gc,stats    ] 
[103.164s][info][gc,metaspace] Metaspace: 132999K(134400K)->133002K(134400K) NonClass: 112238K(113024K)->112240K(113024K) Class: 20761K(21376K)->20761K(21376K)
[103.164s][info][gc,ergo     ] Pacer for Idle. Initial: 163M, Alloc Tax Rate: 1.0x
[112.516s][info][gc          ] Trigger: Free (816M) is below minimum threshold (819M)
[112.516s][info][gc,ergo     ] Free: 816M, Max: 4096K regular, 560M humongous, Frag: 31% external, 0% internal; Reserve: 412M, Max: 4096K
[112.516s][info][gc,start    ] GC(13) Concurrent reset
[112.516s][info][gc,task     ] GC(13) Using 2 of 4 workers for concurrent reset
[112.516s][info][gc,ergo     ] GC(13) Pacer for Reset. Non-Taxable: 8192M
[112.535s][info][gc          ] GC(13) Concurrent reset 18.647ms
[112.535s][info][gc,start    ] GC(13) Pause Init Mark (unload classes)
[112.535s][info][gc,task     ] GC(13) Using 4 of 4 workers for init marking
[112.535s][info][gc,ergo     ] GC(13) Pacer for Mark. Expected Live: 415M, Free: 804M, Non-Taxable: 82402K, Alloc Tax Rate: 0.6x
[112.535s][info][gc          ] GC(13) Pause Init Mark (unload classes) 0.126ms
[112.535s][info][gc,start    ] GC(13) Concurrent marking roots
[112.535s][info][gc,task     ] GC(13) Using 2 of 4 workers for concurrent marking roots
[112.536s][info][gc          ] GC(13) Concurrent marking roots 1.483ms
[112.536s][info][gc,start    ] GC(13) Concurrent marking (unload classes)
[112.536s][info][gc,task     ] GC(13) Using 2 of 4 workers for concurrent marking
[112.752s][info][gc          ] GC(13) Concurrent marking (unload classes) 215.548ms
[112.752s][info][gc,start    ] GC(13) Pause Final Mark (unload classes)
[112.752s][info][gc,task     ] GC(13) Using 4 of 4 workers for final marking
[112.752s][info][gc,ergo     ] GC(13) Adaptive CSet Selection. Target Free: 1160M, Actual Free: 2608M, Max CSet: 341M, Min Garbage: 0B
[112.752s][info][gc,ergo     ] GC(13) Collectable Garbage: 6520M (99%), Immediate: 1548M (23%), CSet: 4972M (75%)
[112.752s][info][gc,ergo     ] GC(13) Pacer for Evacuation. Used CSet: 5084M, Free: 2212M, Non-Taxable: 221M, Alloc Tax Rate: 5.6x
[112.752s][info][gc          ] GC(13) Pause Final Mark (unload classes) 0.283ms
[112.752s][info][gc,start    ] GC(13) Concurrent thread roots
[112.752s][info][gc,task     ] GC(13) Using 2 of 4 workers for Concurrent thread roots
[112.754s][info][gc          ] GC(13) Concurrent thread roots 1.269ms
[112.754s][info][gc,start    ] GC(13) Concurrent weak references
[112.754s][info][gc,task     ] GC(13) Using 2 of 4 workers for concurrent weak references
[112.754s][info][gc,ref      ] GC(13) Encountered references: Soft: 6071, Weak: 23051, Final: 34, Phantom: 542
[112.754s][info][gc,ref      ] GC(13) Discovered  references: Soft: 0, Weak: 7624, Final: 0, Phantom: 394
[112.754s][info][gc,ref      ] GC(13) Enqueued    references: Soft: 0, Weak: 4, Final: 0, Phantom: 0
[112.754s][info][gc          ] GC(13) Concurrent weak references 0.334ms
[112.754s][info][gc,start    ] GC(13) Concurrent weak roots
[112.754s][info][gc,task     ] GC(13) Using 2 of 4 workers for concurrent weak root
[112.756s][info][gc          ] GC(13) Concurrent weak roots 2.276ms
[112.756s][info][gc,start    ] GC(13) Concurrent cleanup
[112.756s][info][gc          ] GC(13) Concurrent cleanup 7123M->5575M(8192M) 0.032ms
[112.756s][info][gc,ergo     ] GC(13) Free: 2204M, Max: 4096K regular, 560M humongous, Frag: 75% external, 0% internal; Reserve: 411M, Max: 4096K
[112.756s][info][gc,start    ] GC(13) Concurrent class unloading
[112.756s][info][gc,task     ] GC(13) Using 2 of 4 workers for concurrent class unloading
[112.763s][info][gc          ] GC(13) Concurrent class unloading 6.981ms
[112.763s][info][gc,start    ] GC(13) Concurrent strong roots
[112.763s][info][gc,task     ] GC(13) Using 2 of 4 workers for concurrent strong root
[112.764s][info][gc          ] GC(13) Concurrent strong roots 0.311ms
[112.764s][info][gc,start    ] GC(13) Concurrent evacuation
[112.764s][info][gc,task     ] GC(13) Using 2 of 4 workers for concurrent evacuation
[112.821s][info][gc          ] GC(13) Concurrent evacuation 57.665ms
[112.821s][info][gc,start    ] GC(13) Pause Init Update Refs
[112.821s][info][gc,ergo     ] GC(13) Pacer for Update Refs. Used: 5719M, Free: 2176M, Non-Taxable: 217M, Alloc Tax Rate: 3.2x
[112.821s][info][gc          ] GC(13) Pause Init Update Refs 0.044ms
[112.822s][info][gc,start    ] GC(13) Concurrent update references
[112.822s][info][gc,task     ] GC(13) Using 2 of 4 workers for concurrent reference update
[112.957s][info][gc          ] GC(13) Concurrent update references 135.219ms
[112.957s][info][gc,start    ] GC(13) Concurrent update thread roots
[112.959s][info][gc          ] GC(13) Concurrent update thread roots 2.214ms
[112.959s][info][gc,start    ] GC(13) Pause Final Update Refs
[112.959s][info][gc,task     ] GC(13) Using 4 of 4 workers for final reference update
[112.959s][info][gc          ] GC(13) Pause Final Update Refs 0.115ms
[112.959s][info][gc,start    ] GC(13) Concurrent cleanup
[112.959s][info][gc          ] GC(13) Concurrent cleanup 5787M->703M(8192M) 0.064ms
[112.959s][info][gc,ergo     ] Free: 7076M, Max: 4096K regular, 5864M humongous, Frag: 17% external, 0% internal; Reserve: 412M, Max: 4096K
[112.959s][info][gc,stats    ] 
[112.959s][info][gc,stats    ] All times are wall-clock times, except per-root-class counters, that are sum over
[112.959s][info][gc,stats    ] all workers. Dividing the <total> over the root stage time estimates parallelism.
[112.959s][info][gc,stats    ] 
[112.959s][info][gc,stats    ] Concurrent Reset                  18735 us
[112.959s][info][gc,stats    ] Pause Init Mark (G)                 251 us
[112.959s][info][gc,stats    ] Pause Init Mark (N)                 139 us
[112.959s][info][gc,stats    ]   Update Region States               42 us
[112.959s][info][gc,stats    ] Concurrent Mark Roots              1507 us, parallelism: 1.67x
[112.959s][info][gc,stats    ]   CMR: <total>                     2521 us
[112.959s][info][gc,stats    ]   CMR: Thread Roots                2348 us, workers (us): 1093, 1256, ---, ---, 
[112.959s][info][gc,stats    ]   CMR: VM Strong Roots               14 us, workers (us):  13,   0, ---, ---, 
[112.959s][info][gc,stats    ]   CMR: CLDG Roots                   159 us, workers (us): 159, ---, ---, ---, 
[112.959s][info][gc,stats    ] Concurrent Marking               215590 us
[112.959s][info][gc,stats    ] Pause Final Mark (G)                319 us
[112.959s][info][gc,stats    ] Pause Final Mark (N)                294 us
[112.959s][info][gc,stats    ]   Finish Mark                        42 us
[112.959s][info][gc,stats    ]   Update Region States               40 us
[112.959s][info][gc,stats    ]   Choose Collection Set             136 us
[112.960s][info][gc,stats    ]   Rebuild Free Set                    9 us
[112.960s][info][gc,stats    ] Concurrent Thread Roots            1287 us, parallelism: 1.86x
[112.960s][info][gc,stats    ]   CTR: <total>                     2389 us
[112.960s][info][gc,stats    ]   CTR: Thread Roots                2389 us, workers (us): 1204, 1185, ---, ---, 
[112.960s][info][gc,stats    ] Concurrent Weak References          345 us, parallelism: 0.88x
[112.960s][info][gc,stats    ]   CWRF: <total>                     304 us
[112.960s][info][gc,stats    ]   CWRF: Weak References             304 us, workers (us):  38, 266, ---, ---, 
[112.960s][info][gc,stats    ] Concurrent Weak Roots              2292 us
[112.960s][info][gc,stats    ]   Roots                            2232 us, parallelism: 1.89x
[112.960s][info][gc,stats    ]     CWR: <total>                   4211 us
[112.960s][info][gc,stats    ]     CWR: Code Cache Roots          2671 us, workers (us): 1339, 1332, ---, ---, 
[112.960s][info][gc,stats    ]     CWR: VM Weak Roots             1490 us, workers (us): 760, 730, ---, ---, 
[112.960s][info][gc,stats    ]     CWR: CLDG Roots                  50 us, workers (us):  50, ---, ---, ---, 
[112.960s][info][gc,stats    ]   Rendezvous                         23 us
[112.960s][info][gc,stats    ] Concurrent Cleanup                   45 us
[112.960s][info][gc,stats    ] Concurrent Class Unloading         7013 us
[112.960s][info][gc,stats    ]   Unlink Stale                     4265 us
[112.960s][info][gc,stats    ]     System Dictionary                31 us
[112.960s][info][gc,stats    ]     Weak Class Links                  0 us
[112.960s][info][gc,stats    ]     Code Roots                     4233 us
[112.960s][info][gc,stats    ]   Rendezvous                        125 us
[112.960s][info][gc,stats    ]   Purge Unlinked                   2569 us
[112.960s][info][gc,stats    ]     Code Roots                     2538 us
[112.960s][info][gc,stats    ]     CLDG                             30 us
[112.960s][info][gc,stats    ]     Exception Caches                  0 us
[112.960s][info][gc,stats    ] Concurrent Strong Roots             335 us, parallelism: 0.72x
[112.960s][info][gc,stats    ]   CSR: <total>                      241 us
[112.960s][info][gc,stats    ]   CSR: VM Strong Roots                9 us, workers (us):   5,   4, ---, ---, 
[112.960s][info][gc,stats    ]   CSR: CLDG Roots                   232 us, workers (us): ---, 232, ---, ---, 
[112.960s][info][gc,stats    ] Concurrent Evacuation             57707 us
[112.960s][info][gc,stats    ] Pause Init Update Refs (G)          124 us
[112.960s][info][gc,stats    ] Pause Init Update Refs (N)           55 us
[112.960s][info][gc,stats    ]   Manage GCLABs                       6 us
[112.960s][info][gc,stats    ] Concurrent Update Refs           135264 us
[112.960s][info][gc,stats    ] Concurrent Update Thread Roots     2240 us
[112.960s][info][gc,stats    ] Pause Final Update Refs (G)         185 us
[112.960s][info][gc,stats    ] Pause Final Update Refs (N)         143 us
[112.960s][info][gc,stats    ]   Update Region States               44 us
[112.960s][info][gc,stats    ]   Trash Collection Set               17 us
[112.960s][info][gc,stats    ]   Rebuild Free Set                   11 us
[112.960s][info][gc,stats    ] Concurrent Cleanup                   78 us
[112.960s][info][gc,stats    ] 
[112.960s][info][gc,stats    ] Allocation pacing accrued:
[112.960s][info][gc,stats    ]       0 of  9796 ms (  0.0%): <total>
[112.960s][info][gc,stats    ]       0 of  9796 ms (  0.0%): <average total>
[112.960s][info][gc,stats    ] 
[112.960s][info][gc,metaspace] Metaspace: 133014K(134400K)->133014K(134400K) NonClass: 112251K(113024K)->112251K(113024K) Class: 20762K(21376K)->20762K(21376K)
[112.960s][info][gc,ergo     ] Pacer for Idle. Initial: 163M, Alloc Tax Rate: 1.0x
[123.155s][info][gc          ] Trigger: Free (816M) is below minimum threshold (819M)
[123.156s][info][gc,ergo     ] Free: 816M, Max: 4096K regular, 548M humongous, Frag: 32% external, 0% internal; Reserve: 412M, Max: 4096K
[123.156s][info][gc,start    ] GC(14) Concurrent reset
[123.156s][info][gc,task     ] GC(14) Using 2 of 4 workers for concurrent reset
[123.156s][info][gc,ergo     ] GC(14) Pacer for Reset. Non-Taxable: 8192M
[123.169s][info][gc          ] GC(14) Concurrent reset 13.094ms
[123.169s][info][gc,start    ] GC(14) Pause Init Mark (unload classes)
[123.169s][info][gc,task     ] GC(14) Using 4 of 4 workers for init marking
[123.169s][info][gc,ergo     ] GC(14) Pacer for Mark. Expected Live: 418M, Free: 816M, Non-Taxable: 83593K, Alloc Tax Rate: 0.6x
[123.169s][info][gc          ] GC(14) Pause Init Mark (unload classes) 0.121ms
[123.169s][info][gc,start    ] GC(14) Concurrent marking roots
[123.169s][info][gc,task     ] GC(14) Using 2 of 4 workers for concurrent marking roots
[123.170s][info][gc          ] GC(14) Concurrent marking roots 1.540ms
[123.170s][info][gc,start    ] GC(14) Concurrent marking (unload classes)
[123.170s][info][gc,task     ] GC(14) Using 2 of 4 workers for concurrent marking
[123.397s][info][gc          ] GC(14) Concurrent marking (unload classes) 226.521ms
[123.397s][info][gc,start    ] GC(14) Pause Final Mark (unload classes)
[123.397s][info][gc,task     ] GC(14) Using 4 of 4 workers for final marking
[123.397s][info][gc,ergo     ] GC(14) Adaptive CSet Selection. Target Free: 1160M, Actual Free: 3108M, Max CSet: 341M, Min Garbage: 0B
[123.397s][info][gc,ergo     ] GC(14) Collectable Garbage: 6471M (99%), Immediate: 1996M (30%), CSet: 4475M (68%)
[123.397s][info][gc,ergo     ] GC(14) Pacer for Evacuation. Used CSet: 4600M, Free: 2708M, Non-Taxable: 270M, Alloc Tax Rate: 4.2x
[123.397s][info][gc          ] GC(14) Pause Final Mark (unload classes) 0.268ms
[123.397s][info][gc,start    ] GC(14) Concurrent thread roots
[123.397s][info][gc,task     ] GC(14) Using 2 of 4 workers for Concurrent thread roots
[123.399s][info][gc          ] GC(14) Concurrent thread roots 1.168ms
[123.399s][info][gc,start    ] GC(14) Concurrent weak references
[123.399s][info][gc,task     ] GC(14) Using 2 of 4 workers for concurrent weak references
[123.399s][info][gc,ref      ] GC(14) Encountered references: Soft: 6071, Weak: 23050, Final: 34, Phantom: 542
[123.399s][info][gc,ref      ] GC(14) Discovered  references: Soft: 0, Weak: 10761, Final: 1, Phantom: 401
[123.399s][info][gc,ref      ] GC(14) Enqueued    references: Soft: 0, Weak: 2, Final: 0, Phantom: 0
[123.399s][info][gc          ] GC(14) Concurrent weak references 0.486ms
[123.399s][info][gc,start    ] GC(14) Concurrent weak roots
[123.399s][info][gc,task     ] GC(14) Using 2 of 4 workers for concurrent weak root
[123.401s][info][gc          ] GC(14) Concurrent weak roots 2.358ms
[123.401s][info][gc,start    ] GC(14) Concurrent cleanup
[123.401s][info][gc          ] GC(14) Concurrent cleanup 7075M->5079M(8192M) 0.038ms
[123.401s][info][gc,ergo     ] GC(14) Free: 2700M, Max: 4096K regular, 552M humongous, Frag: 80% external, 0% internal; Reserve: 411M, Max: 4096K
[123.401s][info][gc,start    ] GC(14) Concurrent class unloading
[123.401s][info][gc,task     ] GC(14) Using 2 of 4 workers for concurrent class unloading
[123.406s][info][gc          ] GC(14) Concurrent class unloading 4.574ms
[123.406s][info][gc,start    ] GC(14) Concurrent strong roots
[123.406s][info][gc,task     ] GC(14) Using 2 of 4 workers for concurrent strong root
[123.406s][info][gc          ] GC(14) Concurrent strong roots 0.297ms
[123.406s][info][gc,start    ] GC(14) Concurrent evacuation
[123.406s][info][gc,task     ] GC(14) Using 2 of 4 workers for concurrent evacuation
[123.474s][info][gc          ] GC(14) Concurrent evacuation 67.299ms
[123.474s][info][gc,start    ] GC(14) Pause Init Update Refs
[123.474s][info][gc,ergo     ] GC(14) Pacer for Update Refs. Used: 5247M, Free: 2660M, Non-Taxable: 266M, Alloc Tax Rate: 2.4x
[123.474s][info][gc          ] GC(14) Pause Init Update Refs 0.048ms
[123.474s][info][gc,start    ] GC(14) Concurrent update references
[123.474s][info][gc,task     ] GC(14) Using 2 of 4 workers for concurrent reference update
[123.613s][info][gc          ] GC(14) Concurrent update references 138.791ms
[123.613s][info][gc,start    ] GC(14) Concurrent update thread roots
[123.615s][info][gc          ] GC(14) Concurrent update thread roots 2.042ms
[123.615s][info][gc,start    ] GC(14) Pause Final Update Refs
[123.615s][info][gc,task     ] GC(14) Using 4 of 4 workers for final reference update
[123.615s][info][gc          ] GC(14) Pause Final Update Refs 0.092ms
[123.615s][info][gc,start    ] GC(14) Concurrent cleanup
[123.615s][info][gc          ] GC(14) Concurrent cleanup 5339M->739M(8192M) 0.058ms
[123.615s][info][gc,ergo     ] Free: 7040M, Max: 4096K regular, 5520M humongous, Frag: 22% external, 0% internal; Reserve: 412M, Max: 4096K
[123.615s][info][gc,stats    ] 
[123.615s][info][gc,stats    ] All times are wall-clock times, except per-root-class counters, that are sum over
[123.615s][info][gc,stats    ] all workers. Dividing the <total> over the root stage time estimates parallelism.
[123.615s][info][gc,stats    ] 
[123.615s][info][gc,stats    ] Concurrent Reset                  13147 us
[123.615s][info][gc,stats    ] Pause Init Mark (G)                 207 us
[123.615s][info][gc,stats    ] Pause Init Mark (N)                 134 us
[123.615s][info][gc,stats    ]   Update Region States               46 us
[123.615s][info][gc,stats    ] Concurrent Mark Roots              1567 us, parallelism: 1.69x
[123.615s][info][gc,stats    ]   CMR: <total>                     2645 us
[123.615s][info][gc,stats    ]   CMR: Thread Roots                2494 us, workers (us): 1187, 1307, ---, ---, 
[123.615s][info][gc,stats    ]   CMR: VM Strong Roots               13 us, workers (us):  13,   0, ---, ---, 
[123.615s][info][gc,stats    ]   CMR: CLDG Roots                   137 us, workers (us): 137, ---, ---, ---, 
[123.615s][info][gc,stats    ] Concurrent Marking               226574 us
[123.615s][info][gc,stats    ] Pause Final Mark (G)                307 us
[123.615s][info][gc,stats    ] Pause Final Mark (N)                279 us
[123.615s][info][gc,stats    ]   Finish Mark                        19 us
[123.615s][info][gc,stats    ]   Update Region States               38 us
[123.615s][info][gc,stats    ]   Choose Collection Set             141 us
[123.615s][info][gc,stats    ]   Rebuild Free Set                   11 us
[123.615s][info][gc,stats    ] Concurrent Thread Roots            1188 us, parallelism: 1.87x
[123.615s][info][gc,stats    ]   CTR: <total>                     2223 us
[123.615s][info][gc,stats    ]   CTR: Thread Roots                2223 us, workers (us): 1126, 1097, ---, ---, 
[123.615s][info][gc,stats    ] Concurrent Weak References          497 us, parallelism: 0.84x
[123.615s][info][gc,stats    ]   CWRF: <total>                     420 us
[123.615s][info][gc,stats    ]   CWRF: Weak References             420 us, workers (us):   2, 417, ---, ---, 
[123.615s][info][gc,stats    ] Concurrent Weak Roots              2376 us
[123.615s][info][gc,stats    ]   Roots                            2312 us, parallelism: 1.93x
[123.615s][info][gc,stats    ]     CWR: <total>                   4454 us
[123.615s][info][gc,stats    ]     CWR: Code Cache Roots          2955 us, workers (us): 1506, 1448, ---, ---, 
[123.615s][info][gc,stats    ]     CWR: VM Weak Roots             1451 us, workers (us): 726, 725, ---, ---, 
[123.615s][info][gc,stats    ]     CWR: CLDG Roots                  48 us, workers (us): ---,  48, ---, ---, 
[123.615s][info][gc,stats    ]   Rendezvous                         25 us
[123.615s][info][gc,stats    ] Concurrent Cleanup                   50 us
[123.615s][info][gc,stats    ] Concurrent Class Unloading         4597 us
[123.615s][info][gc,stats    ]   Unlink Stale                     3957 us
[123.615s][info][gc,stats    ]     System Dictionary                46 us
[123.615s][info][gc,stats    ]     Weak Class Links                  0 us
[123.615s][info][gc,stats    ]     Code Roots                     3910 us
[123.615s][info][gc,stats    ]   Rendezvous                         76 us
[123.615s][info][gc,stats    ]   Purge Unlinked                    518 us
[123.615s][info][gc,stats    ]     Code Roots                      508 us
[123.615s][info][gc,stats    ]     CLDG                             11 us
[123.615s][info][gc,stats    ]     Exception Caches                  0 us
[123.615s][info][gc,stats    ] Concurrent Strong Roots             310 us, parallelism: 0.75x
[123.615s][info][gc,stats    ]   CSR: <total>                      234 us
[123.616s][info][gc,stats    ]   CSR: VM Strong Roots                9 us, workers (us):   5,   4, ---, ---, 
[123.616s][info][gc,stats    ]   CSR: CLDG Roots                   225 us, workers (us): ---, 225, ---, ---, 
[123.616s][info][gc,stats    ] Concurrent Evacuation             67351 us
[123.616s][info][gc,stats    ] Pause Init Update Refs (G)          118 us
[123.616s][info][gc,stats    ] Pause Init Update Refs (N)           59 us
[123.616s][info][gc,stats    ]   Manage GCLABs                       5 us
[123.616s][info][gc,stats    ] Concurrent Update Refs           138842 us
[123.616s][info][gc,stats    ] Concurrent Update Thread Roots     2062 us
[123.616s][info][gc,stats    ] Pause Final Update Refs (G)         158 us
[123.616s][info][gc,stats    ] Pause Final Update Refs (N)         117 us
[123.616s][info][gc,stats    ]   Update Region States               27 us
[123.616s][info][gc,stats    ]   Trash Collection Set               14 us
[123.616s][info][gc,stats    ]   Rebuild Free Set                   11 us
[123.616s][info][gc,stats    ] Concurrent Cleanup                   71 us
[123.616s][info][gc,stats    ] 
[123.616s][info][gc,stats    ] Allocation pacing accrued:
[123.616s][info][gc,stats    ]       0 of 10656 ms (  0.0%): <total>
[123.616s][info][gc,stats    ]       0 of 10656 ms (  0.0%): <average total>
[123.616s][info][gc,stats    ] 
[123.616s][info][gc,metaspace] Metaspace: 133051K(134464K)->133052K(134464K) NonClass: 112288K(113088K)->112289K(113088K) Class: 20762K(21376K)->20762K(21376K)
[123.616s][info][gc,ergo     ] Pacer for Idle. Initial: 163M, Alloc Tax Rate: 1.0x
[133.071s][info][gc          ] Trigger: Average GC time (479.12 ms) is above the time for instantaneous allocation rate (1387 MB/s) to deplete free headroom (546M) (spike threshold = 1.80)
[133.071s][info][gc,ergo     ] Free: 956M, Max: 4096K regular, 516M humongous, Frag: 46% external, 0% internal; Reserve: 412M, Max: 4096K
[133.071s][info][gc,start    ] GC(15) Concurrent reset
[133.071s][info][gc,task     ] GC(15) Using 2 of 4 workers for concurrent reset
[133.071s][info][gc,ergo     ] GC(15) Pacer for Reset. Non-Taxable: 8192M
[133.086s][info][gc          ] GC(15) Concurrent reset 14.594ms
[133.086s][info][gc,start    ] GC(15) Pause Init Mark (unload classes)
[133.086s][info][gc,task     ] GC(15) Using 4 of 4 workers for init marking
[133.086s][info][gc,ergo     ] GC(15) Pacer for Mark. Expected Live: 427M, Free: 940M, Non-Taxable: 96292K, Alloc Tax Rate: 0.6x
[133.086s][info][gc          ] GC(15) Pause Init Mark (unload classes) 0.111ms
[133.086s][info][gc,start    ] GC(15) Concurrent marking roots
[133.086s][info][gc,task     ] GC(15) Using 2 of 4 workers for concurrent marking roots
[133.087s][info][gc          ] GC(15) Concurrent marking roots 1.491ms
[133.088s][info][gc,start    ] GC(15) Concurrent marking (unload classes)
[133.088s][info][gc,task     ] GC(15) Using 2 of 4 workers for concurrent marking
[133.310s][info][gc          ] GC(15) Concurrent marking (unload classes) 222.079ms
[133.310s][info][gc,start    ] GC(15) Pause Final Mark (unload classes)
[133.310s][info][gc,task     ] GC(15) Using 4 of 4 workers for final marking
[133.310s][info][gc,ergo     ] GC(15) Adaptive CSet Selection. Target Free: 1160M, Actual Free: 2356M, Max CSet: 341M, Min Garbage: 0B
[133.310s][info][gc,ergo     ] GC(15) Collectable Garbage: 6377M (99%), Immediate: 1216M (18%), CSet: 5161M (80%)
[133.310s][info][gc,ergo     ] GC(15) Pacer for Evacuation. Used CSet: 5240M, Free: 1956M, Non-Taxable: 195M, Alloc Tax Rate: 6.5x
[133.310s][info][gc          ] GC(15) Pause Final Mark (unload classes) 0.323ms
[133.310s][info][gc,start    ] GC(15) Concurrent thread roots
[133.310s][info][gc,task     ] GC(15) Using 2 of 4 workers for Concurrent thread roots
[133.311s][info][gc          ] GC(15) Concurrent thread roots 1.199ms
[133.311s][info][gc,start    ] GC(15) Concurrent weak references
[133.311s][info][gc,task     ] GC(15) Using 2 of 4 workers for concurrent weak references
[133.312s][info][gc,ref      ] GC(15) Encountered references: Soft: 6071, Weak: 23056, Final: 34, Phantom: 557
[133.312s][info][gc,ref      ] GC(15) Discovered  references: Soft: 0, Weak: 10381, Final: 0, Phantom: 429
[133.312s][info][gc,ref      ] GC(15) Enqueued    references: Soft: 0, Weak: 3, Final: 0, Phantom: 0
[133.312s][info][gc          ] GC(15) Concurrent weak references 0.669ms
[133.312s][info][gc,start    ] GC(15) Concurrent weak roots
[133.312s][info][gc,task     ] GC(15) Using 2 of 4 workers for concurrent weak root
[133.314s][info][gc          ] GC(15) Concurrent weak roots 2.358ms
[133.314s][info][gc,start    ] GC(15) Concurrent cleanup
[133.314s][info][gc          ] GC(15) Concurrent cleanup 7049M->5833M(8192M) 0.036ms
[133.314s][info][gc,ergo     ] GC(15) Free: 1947M, Max: 4096K regular, 516M humongous, Frag: 74% external, 0% internal; Reserve: 411M, Max: 4096K
[133.314s][info][gc,start    ] GC(15) Concurrent class unloading
[133.314s][info][gc,task     ] GC(15) Using 2 of 4 workers for concurrent class unloading
[133.323s][info][gc          ] GC(15) Concurrent class unloading 8.459ms
[133.323s][info][gc,start    ] GC(15) Concurrent strong roots
[133.323s][info][gc,task     ] GC(15) Using 2 of 4 workers for concurrent strong root
[133.323s][info][gc          ] GC(15) Concurrent strong roots 0.342ms
[133.323s][info][gc,start    ] GC(15) Concurrent evacuation
[133.323s][info][gc,task     ] GC(15) Using 2 of 4 workers for concurrent evacuation
[133.366s][info][gc          ] GC(15) Concurrent evacuation 42.942ms
[133.366s][info][gc,start    ] GC(15) Pause Init Update Refs
[133.366s][info][gc,ergo     ] GC(15) Pacer for Update Refs. Used: 5936M, Free: 1923M, Non-Taxable: 192M, Alloc Tax Rate: 3.8x
[133.366s][info][gc          ] GC(15) Pause Init Update Refs 0.045ms
[133.366s][info][gc,start    ] GC(15) Concurrent update references
[133.366s][info][gc,task     ] GC(15) Using 2 of 4 workers for concurrent reference update
[133.511s][info][gc          ] GC(15) Concurrent update references 144.938ms
[133.511s][info][gc,start    ] GC(15) Concurrent update thread roots
[133.513s][info][gc          ] GC(15) Concurrent update thread roots 1.996ms
[133.513s][info][gc,start    ] GC(15) Pause Final Update Refs
[133.513s][info][gc,task     ] GC(15) Using 4 of 4 workers for final reference update
[133.513s][info][gc          ] GC(15) Pause Final Update Refs 0.096ms
[133.513s][info][gc,start    ] GC(15) Concurrent cleanup
[133.513s][info][gc          ] GC(15) Concurrent cleanup 6016M->776M(8192M) 0.062ms
[133.514s][info][gc,ergo     ] Free: 7003M, Max: 4096K regular, 5732M humongous, Frag: 18% external, 0% internal; Reserve: 412M, Max: 4096K
[133.514s][info][gc,stats    ] 
[133.514s][info][gc,stats    ] All times are wall-clock times, except per-root-class counters, that are sum over
[133.514s][info][gc,stats    ] all workers. Dividing the <total> over the root stage time estimates parallelism.
[133.514s][info][gc,stats    ] 
[133.514s][info][gc,stats    ] Concurrent Reset                  14669 us
[133.514s][info][gc,stats    ] Pause Init Mark (G)                 239 us
[133.514s][info][gc,stats    ] Pause Init Mark (N)                 123 us
[133.514s][info][gc,stats    ]   Update Region States               37 us
[133.514s][info][gc,stats    ] Concurrent Mark Roots              1511 us, parallelism: 1.68x
[133.514s][info][gc,stats    ]   CMR: <total>                     2533 us
[133.514s][info][gc,stats    ]   CMR: Thread Roots                2393 us, workers (us): 1154, 1239, ---, ---, 
[133.514s][info][gc,stats    ]   CMR: VM Strong Roots               13 us, workers (us):  13,   0, ---, ---, 
[133.514s][info][gc,stats    ]   CMR: CLDG Roots                   127 us, workers (us): 127, ---, ---, ---, 
[133.514s][info][gc,stats    ] Concurrent Marking               222111 us
[133.514s][info][gc,stats    ] Pause Final Mark (G)                352 us
[133.514s][info][gc,stats    ] Pause Final Mark (N)                333 us
[133.514s][info][gc,stats    ]   Finish Mark                        46 us
[133.514s][info][gc,stats    ]   Update Region States               50 us
[133.514s][info][gc,stats    ]   Choose Collection Set             160 us
[133.514s][info][gc,stats    ]   Rebuild Free Set                   10 us
[133.514s][info][gc,stats    ] Concurrent Thread Roots            1218 us, parallelism: 1.87x
[133.514s][info][gc,stats    ]   CTR: <total>                     2281 us
[133.514s][info][gc,stats    ]   CTR: Thread Roots                2281 us, workers (us): 1162, 1119, ---, ---, 
[133.514s][info][gc,stats    ] Concurrent Weak References          680 us, parallelism: 0.85x
[133.514s][info][gc,stats    ]   CWRF: <total>                     577 us
[133.514s][info][gc,stats    ]   CWRF: Weak References             577 us, workers (us):  15, 561, ---, ---, 
[133.514s][info][gc,stats    ] Concurrent Weak Roots              2381 us
[133.514s][info][gc,stats    ]   Roots                            2271 us, parallelism: 1.90x
[133.514s][info][gc,stats    ]     CWR: <total>                   4304 us
[133.514s][info][gc,stats    ]     CWR: Code Cache Roots          2746 us, workers (us): 1350, 1396, ---, ---, 
[133.514s][info][gc,stats    ]     CWR: VM Weak Roots             1507 us, workers (us): 754, 753, ---, ---, 
[133.514s][info][gc,stats    ]     CWR: CLDG Roots                  51 us, workers (us):  51, ---, ---, ---, 
[133.514s][info][gc,stats    ]   Rendezvous                         65 us
[133.514s][info][gc,stats    ] Concurrent Cleanup                   51 us
[133.514s][info][gc,stats    ] Concurrent Class Unloading         8485 us
[133.514s][info][gc,stats    ]   Unlink Stale                     3986 us
[133.514s][info][gc,stats    ]     System Dictionary                34 us
[133.514s][info][gc,stats    ]     Weak Class Links                  0 us
[133.514s][info][gc,stats    ]     Code Roots                     3950 us
[133.514s][info][gc,stats    ]   Rendezvous                        151 us
[133.514s][info][gc,stats    ]   Purge Unlinked                   4298 us
[133.514s][info][gc,stats    ]     Code Roots                     4247 us
[133.514s][info][gc,stats    ]     CLDG                             51 us
[133.514s][info][gc,stats    ]     Exception Caches                  0 us
[133.514s][info][gc,stats    ] Concurrent Strong Roots             358 us, parallelism: 0.74x
[133.514s][info][gc,stats    ]   CSR: <total>                      265 us
[133.514s][info][gc,stats    ]   CSR: VM Strong Roots                8 us, workers (us):   8,   0, ---, ---, 
[133.514s][info][gc,stats    ]   CSR: CLDG Roots                   257 us, workers (us): 257, ---, ---, ---, 
[133.514s][info][gc,stats    ] Concurrent Evacuation             42999 us
[133.514s][info][gc,stats    ] Pause Init Update Refs (G)          133 us
[133.514s][info][gc,stats    ] Pause Init Update Refs (N)           60 us
[133.514s][info][gc,stats    ]   Manage GCLABs                       5 us
[133.514s][info][gc,stats    ] Concurrent Update Refs           144983 us
[133.514s][info][gc,stats    ] Concurrent Update Thread Roots     2016 us
[133.514s][info][gc,stats    ] Pause Final Update Refs (G)         136 us
[133.514s][info][gc,stats    ] Pause Final Update Refs (N)         111 us
[133.514s][info][gc,stats    ]   Update Region States               30 us
[133.514s][info][gc,stats    ]   Trash Collection Set               15 us
[133.514s][info][gc,stats    ]   Rebuild Free Set                   10 us
[133.514s][info][gc,stats    ] Concurrent Cleanup                   75 us
[133.514s][info][gc,stats    ] 
[133.514s][info][gc,stats    ] Allocation pacing accrued:
[133.514s][info][gc,stats    ]       0 of  9899 ms (  0.0%): <total>
[133.514s][info][gc,stats    ]       0 of  9899 ms (  0.0%): <average total>
[133.514s][info][gc,stats    ] 
[133.514s][info][gc,metaspace] Metaspace: 133083K(134464K)->133084K(134464K) NonClass: 112319K(113088K)->112321K(113088K) Class: 20763K(21376K)->20763K(21376K)
[133.514s][info][gc,ergo     ] Pacer for Idle. Initial: 163M, Alloc Tax Rate: 1.0x
[144.594s][info][gc          ] Trigger: Free (818M) is below minimum threshold (819M)
[144.594s][info][gc,ergo     ] Free: 818M, Max: 4096K regular, 544M humongous, Frag: 32% external, 1% internal; Reserve: 412M, Max: 4096K
[144.594s][info][gc,start    ] GC(16) Concurrent reset
[144.594s][info][gc,task     ] GC(16) Using 2 of 4 workers for concurrent reset
[144.594s][info][gc,ergo     ] GC(16) Pacer for Reset. Non-Taxable: 8192M
[144.617s][info][gc          ] GC(16) Concurrent reset 22.403ms
[144.617s][info][gc,start    ] GC(16) Pause Init Mark (unload classes)
[144.617s][info][gc,task     ] GC(16) Using 4 of 4 workers for init marking
[144.617s][info][gc,ergo     ] GC(16) Pacer for Mark. Expected Live: 430M, Free: 791M, Non-Taxable: 81019K, Alloc Tax Rate: 0.7x
[144.617s][info][gc          ] GC(16) Pause Init Mark (unload classes) 0.129ms
[144.617s][info][gc,start    ] GC(16) Concurrent marking roots
[144.617s][info][gc,task     ] GC(16) Using 2 of 4 workers for concurrent marking roots
[144.619s][info][gc          ] GC(16) Concurrent marking roots 1.633ms
[144.619s][info][gc,start    ] GC(16) Concurrent marking (unload classes)
[144.619s][info][gc,task     ] GC(16) Using 2 of 4 workers for concurrent marking
[144.842s][info][gc          ] GC(16) Concurrent marking (unload classes) 223.287ms
[144.842s][info][gc,start    ] GC(16) Pause Final Mark (unload classes)
[144.842s][info][gc,task     ] GC(16) Using 4 of 4 workers for final marking
[144.842s][info][gc,ergo     ] GC(16) Adaptive CSet Selection. Target Free: 1160M, Actual Free: 2448M, Max CSet: 341M, Min Garbage: 0B
[144.842s][info][gc,ergo     ] GC(16) Collectable Garbage: 6510M (99%), Immediate: 1416M (21%), CSet: 5094M (77%)
[144.842s][info][gc,ergo     ] GC(16) Pacer for Evacuation. Used CSet: 5208M, Free: 2044M, Non-Taxable: 204M, Alloc Tax Rate: 6.2x
[144.842s][info][gc          ] GC(16) Pause Final Mark (unload classes) 0.260ms
[144.842s][info][gc,start    ] GC(16) Concurrent thread roots
[144.842s][info][gc,task     ] GC(16) Using 2 of 4 workers for Concurrent thread roots
[144.843s][info][gc          ] GC(16) Concurrent thread roots 1.195ms
[144.843s][info][gc,start    ] GC(16) Concurrent weak references
[144.843s][info][gc,task     ] GC(16) Using 2 of 4 workers for concurrent weak references
[144.844s][info][gc,ref      ] GC(16) Encountered references: Soft: 6071, Weak: 23057, Final: 34, Phantom: 563
[144.844s][info][gc,ref      ] GC(16) Discovered  references: Soft: 0, Weak: 2485, Final: 0, Phantom: 408
[144.844s][info][gc,ref      ] GC(16) Enqueued    references: Soft: 0, Weak: 3, Final: 0, Phantom: 0
[144.844s][info][gc          ] GC(16) Concurrent weak references 0.173ms
[144.844s][info][gc,start    ] GC(16) Concurrent weak roots
[144.844s][info][gc,task     ] GC(16) Using 2 of 4 workers for concurrent weak root
[144.846s][info][gc          ] GC(16) Concurrent weak roots 2.200ms
[144.846s][info][gc,start    ] GC(16) Concurrent cleanup
[144.846s][info][gc          ] GC(16) Concurrent cleanup 7159M->5743M(8192M) 0.037ms
[144.846s][info][gc,ergo     ] GC(16) Free: 2036M, Max: 4096K regular, 544M humongous, Frag: 74% external, 0% internal; Reserve: 411M, Max: 4096K
[144.846s][info][gc,start    ] GC(16) Concurrent class unloading
[144.846s][info][gc,task     ] GC(16) Using 2 of 4 workers for concurrent class unloading
[144.850s][info][gc          ] GC(16) Concurrent class unloading 4.122ms
[144.850s][info][gc,start    ] GC(16) Concurrent strong roots
[144.850s][info][gc,task     ] GC(16) Using 2 of 4 workers for concurrent strong root
[144.850s][info][gc          ] GC(16) Concurrent strong roots 0.296ms
[144.850s][info][gc,start    ] GC(16) Concurrent evacuation
[144.850s][info][gc,task     ] GC(16) Using 2 of 4 workers for concurrent evacuation
[144.904s][info][gc          ] GC(16) Concurrent evacuation 53.468ms
[144.904s][info][gc,start    ] GC(16) Pause Init Update Refs
[144.904s][info][gc,ergo     ] GC(16) Pacer for Update Refs. Used: 5887M, Free: 2008M, Non-Taxable: 200M, Alloc Tax Rate: 3.6x
[144.904s][info][gc          ] GC(16) Pause Init Update Refs 0.046ms
[144.904s][info][gc,start    ] GC(16) Concurrent update references
[144.904s][info][gc,task     ] GC(16) Using 2 of 4 workers for concurrent reference update
[145.050s][info][gc          ] GC(16) Concurrent update references 146.448ms
[145.050s][info][gc,start    ] GC(16) Concurrent update thread roots
[145.053s][info][gc          ] GC(16) Concurrent update thread roots 2.170ms
[145.053s][info][gc,start    ] GC(16) Pause Final Update Refs
[145.053s][info][gc,task     ] GC(16) Using 4 of 4 workers for final reference update
[145.053s][info][gc          ] GC(16) Pause Final Update Refs 0.095ms
[145.053s][info][gc,start    ] GC(16) Concurrent cleanup
[145.053s][info][gc          ] GC(16) Concurrent cleanup 5983M->775M(8192M) 0.074ms
[145.053s][info][gc,ergo     ] Free: 7004M, Max: 4096K regular, 5992M humongous, Frag: 15% external, 0% internal; Reserve: 412M, Max: 4096K
[145.053s][info][gc,stats    ] 
[145.053s][info][gc,stats    ] All times are wall-clock times, except per-root-class counters, that are sum over
[145.053s][info][gc,stats    ] all workers. Dividing the <total> over the root stage time estimates parallelism.
[145.053s][info][gc,stats    ] 
[145.053s][info][gc,stats    ] Concurrent Reset                  22515 us
[145.053s][info][gc,stats    ] Pause Init Mark (G)                 270 us
[145.053s][info][gc,stats    ] Pause Init Mark (N)                 143 us
[145.053s][info][gc,stats    ]   Update Region States               42 us
[145.053s][info][gc,stats    ] Concurrent Mark Roots              1655 us, parallelism: 1.70x
[145.053s][info][gc,stats    ]   CMR: <total>                     2811 us
[145.053s][info][gc,stats    ]   CMR: Thread Roots                2649 us, workers (us): 1248, 1401, ---, ---, 
[145.053s][info][gc,stats    ]   CMR: VM Strong Roots               14 us, workers (us):   7,   7, ---, ---, 
[145.053s][info][gc,stats    ]   CMR: CLDG Roots                   147 us, workers (us): 147, ---, ---, ---, 
[145.053s][info][gc,stats    ] Concurrent Marking               223330 us
[145.053s][info][gc,stats    ] Pause Final Mark (G)                292 us
[145.053s][info][gc,stats    ] Pause Final Mark (N)                271 us
[145.053s][info][gc,stats    ]   Finish Mark                        19 us
[145.053s][info][gc,stats    ]   Update Region States               18 us
[145.053s][info][gc,stats    ]   Choose Collection Set             156 us
[145.053s][info][gc,stats    ]   Rebuild Free Set                   10 us
[145.053s][info][gc,stats    ] Concurrent Thread Roots            1217 us, parallelism: 1.88x
[145.053s][info][gc,stats    ]   CTR: <total>                     2293 us
[145.053s][info][gc,stats    ]   CTR: Thread Roots                2293 us, workers (us): 1141, 1152, ---, ---, 
[145.053s][info][gc,stats    ] Concurrent Weak References          184 us, parallelism: 0.65x
[145.053s][info][gc,stats    ]   CWRF: <total>                     120 us
[145.053s][info][gc,stats    ]   CWRF: Weak References             120 us, workers (us): 109,  11, ---, ---, 
[145.053s][info][gc,stats    ] Concurrent Weak Roots              2222 us
[145.053s][info][gc,stats    ]   Roots                            2121 us, parallelism: 1.91x
[145.053s][info][gc,stats    ]     CWR: <total>                   4059 us
[145.053s][info][gc,stats    ]     CWR: Code Cache Roots          2544 us, workers (us): 1240, 1304, ---, ---, 
[145.053s][info][gc,stats    ]     CWR: VM Weak Roots             1462 us, workers (us): 731, 731, ---, ---, 
[145.053s][info][gc,stats    ]     CWR: CLDG Roots                  53 us, workers (us):  53, ---, ---, ---, 
[145.053s][info][gc,stats    ]   Rendezvous                         57 us
[145.053s][info][gc,stats    ] Concurrent Cleanup                   50 us
[145.053s][info][gc,stats    ] Concurrent Class Unloading         4147 us
[145.053s][info][gc,stats    ]   Unlink Stale                     3626 us
[145.053s][info][gc,stats    ]     System Dictionary                42 us
[145.053s][info][gc,stats    ]     Weak Class Links                  1 us
[145.053s][info][gc,stats    ]     Code Roots                     3582 us
[145.053s][info][gc,stats    ]   Rendezvous                         71 us
[145.053s][info][gc,stats    ]   Purge Unlinked                    402 us
[145.053s][info][gc,stats    ]     Code Roots                      392 us
[145.053s][info][gc,stats    ]     CLDG                              9 us
[145.053s][info][gc,stats    ]     Exception Caches                  0 us
[145.053s][info][gc,stats    ] Concurrent Strong Roots             317 us, parallelism: 0.76x
[145.053s][info][gc,stats    ]   CSR: <total>                      240 us
[145.053s][info][gc,stats    ]   CSR: VM Strong Roots                7 us, workers (us):   4,   3, ---, ---, 
[145.053s][info][gc,stats    ]   CSR: CLDG Roots                   233 us, workers (us): ---, 233, ---, ---, 
[145.053s][info][gc,stats    ] Concurrent Evacuation             53506 us
[145.053s][info][gc,stats    ] Pause Init Update Refs (G)           85 us
[145.053s][info][gc,stats    ] Pause Init Update Refs (N)           57 us
[145.053s][info][gc,stats    ]   Manage GCLABs                       6 us
[145.053s][info][gc,stats    ] Concurrent Update Refs           146490 us
[145.053s][info][gc,stats    ] Concurrent Update Thread Roots     2196 us
[145.053s][info][gc,stats    ] Pause Final Update Refs (G)         191 us
[145.054s][info][gc,stats    ] Pause Final Update Refs (N)         124 us
[145.054s][info][gc,stats    ]   Update Region States               36 us
[145.054s][info][gc,stats    ]   Trash Collection Set               11 us
[145.054s][info][gc,stats    ]   Rebuild Free Set                   11 us
[145.054s][info][gc,stats    ] Concurrent Cleanup                   89 us
[145.054s][info][gc,stats    ] 
[145.054s][info][gc,stats    ] Allocation pacing accrued:
[145.054s][info][gc,stats    ]       0 of 11539 ms (  0.0%): <total>
[145.054s][info][gc,stats    ]       0 of 11539 ms (  0.0%): <average total>
[145.054s][info][gc,stats    ] 
[145.054s][info][gc,metaspace] Metaspace: 133125K(134528K)->133125K(134528K) NonClass: 112359K(113152K)->112359K(113152K) Class: 20766K(21376K)->20766K(21376K)
[145.054s][info][gc,ergo     ] Pacer for Idle. Initial: 163M, Alloc Tax Rate: 1.0x
[154.462s][info][gc          ] Trigger: Average GC time (472.21 ms) is above the time for average allocation rate (880 MB/s) to deplete free headroom (414M) (margin of error = 1.80)
[154.462s][info][gc,ergo     ] Free headroom: 824M (free) - 409M (spike) - 0B (penalties) = 414M
[154.462s][info][gc,ergo     ] Free: 824M, Max: 4096K regular, 524M humongous, Frag: 36% external, 0% internal; Reserve: 412M, Max: 4096K
[154.462s][info][gc,start    ] GC(17) Concurrent reset
[154.462s][info][gc,task     ] GC(17) Using 2 of 4 workers for concurrent reset
[154.462s][info][gc,ergo     ] GC(17) Pacer for Reset. Non-Taxable: 8192M
[154.480s][info][gc          ] GC(17) Concurrent reset 18.042ms
[154.480s][info][gc,start    ] GC(17) Pause Init Mark (unload classes)
[154.480s][info][gc,task     ] GC(17) Using 4 of 4 workers for init marking
[154.480s][info][gc,ergo     ] GC(17) Pacer for Mark. Expected Live: 436M, Free: 816M, Non-Taxable: 83591K, Alloc Tax Rate: 0.7x
[154.480s][info][gc          ] GC(17) Pause Init Mark (unload classes) 0.113ms
[154.480s][info][gc,start    ] GC(17) Concurrent marking roots
[154.480s][info][gc,task     ] GC(17) Using 2 of 4 workers for concurrent marking roots
[154.481s][info][gc          ] GC(17) Concurrent marking roots 1.461ms
[154.481s][info][gc,start    ] GC(17) Concurrent marking (unload classes)
[154.481s][info][gc,task     ] GC(17) Using 2 of 4 workers for concurrent marking
[154.705s][info][gc          ] GC(17) Concurrent marking (unload classes) 223.250ms
[154.705s][info][gc,start    ] GC(17) Pause Final Mark (unload classes)
[154.705s][info][gc,task     ] GC(17) Using 4 of 4 workers for final marking
[154.705s][info][gc,ergo     ] GC(17) Adaptive CSet Selection. Target Free: 1160M, Actual Free: 3596M, Max CSet: 341M, Min Garbage: 0B
[154.705s][info][gc,ergo     ] GC(17) Collectable Garbage: 6480M (99%), Immediate: 2556M (39%), CSet: 3924M (60%)
[154.705s][info][gc,ergo     ] GC(17) Pacer for Evacuation. Used CSet: 4032M, Free: 3196M, Non-Taxable: 319M, Alloc Tax Rate: 3.1x
[154.705s][info][gc          ] GC(17) Pause Final Mark (unload classes) 0.284ms
[154.705s][info][gc,start    ] GC(17) Concurrent thread roots
[154.705s][info][gc,task     ] GC(17) Using 2 of 4 workers for Concurrent thread roots
[154.706s][info][gc          ] GC(17) Concurrent thread roots 1.235ms
[154.706s][info][gc,start    ] GC(17) Concurrent weak references
[154.706s][info][gc,task     ] GC(17) Using 2 of 4 workers for concurrent weak references
[154.707s][info][gc,ref      ] GC(17) Encountered references: Soft: 6071, Weak: 23057, Final: 34, Phantom: 563
[154.707s][info][gc,ref      ] GC(17) Discovered  references: Soft: 0, Weak: 6698, Final: 0, Phantom: 407
[154.707s][info][gc,ref      ] GC(17) Enqueued    references: Soft: 0, Weak: 3, Final: 0, Phantom: 0
[154.707s][info][gc          ] GC(17) Concurrent weak references 0.359ms
[154.707s][info][gc,start    ] GC(17) Concurrent weak roots
[154.707s][info][gc,task     ] GC(17) Using 2 of 4 workers for concurrent weak root
[154.709s][info][gc          ] GC(17) Concurrent weak roots 2.233ms
[154.709s][info][gc,start    ] GC(17) Concurrent cleanup
[154.709s][info][gc          ] GC(17) Concurrent cleanup 7148M->4592M(8192M) 0.042ms
[154.709s][info][gc,ergo     ] GC(17) Free: 3187M, Max: 4096K regular, 524M humongous, Frag: 84% external, 0% internal; Reserve: 411M, Max: 4096K
[154.709s][info][gc,start    ] GC(17) Concurrent class unloading
[154.709s][info][gc,task     ] GC(17) Using 2 of 4 workers for concurrent class unloading
[154.716s][info][gc          ] GC(17) Concurrent class unloading 6.666ms
[154.716s][info][gc,start    ] GC(17) Concurrent strong roots
[154.716s][info][gc,task     ] GC(17) Using 2 of 4 workers for concurrent strong root
[154.716s][info][gc          ] GC(17) Concurrent strong roots 0.322ms
[154.716s][info][gc,start    ] GC(17) Concurrent evacuation
[154.716s][info][gc,task     ] GC(17) Using 2 of 4 workers for concurrent evacuation
[154.773s][info][gc          ] GC(17) Concurrent evacuation 57.164ms
[154.773s][info][gc,start    ] GC(17) Pause Init Update Refs
[154.773s][info][gc,ergo     ] GC(17) Pacer for Update Refs. Used: 4744M, Free: 3151M, Non-Taxable: 315M, Alloc Tax Rate: 1.8x
[154.773s][info][gc          ] GC(17) Pause Init Update Refs 0.042ms
[154.773s][info][gc,start    ] GC(17) Concurrent update references
[154.773s][info][gc,task     ] GC(17) Using 2 of 4 workers for concurrent reference update
[154.914s][info][gc          ] GC(17) Concurrent update references 140.397ms
[154.914s][info][gc,start    ] GC(17) Concurrent update thread roots
[154.916s][info][gc          ] GC(17) Concurrent update thread roots 2.466ms
[154.916s][info][gc,start    ] GC(17) Pause Final Update Refs
[154.916s][info][gc,task     ] GC(17) Using 4 of 4 workers for final reference update
[154.916s][info][gc          ] GC(17) Pause Final Update Refs 0.109ms
[154.917s][info][gc,start    ] GC(17) Concurrent cleanup
[154.917s][info][gc          ] GC(17) Concurrent cleanup 4808M->776M(8192M) 0.056ms
[154.917s][info][gc,ergo     ] Free: 7003M, Max: 4096K regular, 5808M humongous, Frag: 17% external, 0% internal; Reserve: 412M, Max: 4096K
[154.917s][info][gc,stats    ] 
[154.917s][info][gc,stats    ] All times are wall-clock times, except per-root-class counters, that are sum over
[154.917s][info][gc,stats    ] all workers. Dividing the <total> over the root stage time estimates parallelism.
[154.917s][info][gc,stats    ] 
[154.917s][info][gc,stats    ] Concurrent Reset                  18114 us
[154.917s][info][gc,stats    ] Pause Init Mark (G)                 201 us
[154.917s][info][gc,stats    ] Pause Init Mark (N)                 126 us
[154.917s][info][gc,stats    ]   Update Region States               38 us
[154.917s][info][gc,stats    ] Concurrent Mark Roots              1481 us, parallelism: 1.72x
[154.917s][info][gc,stats    ]   CMR: <total>                     2542 us
[154.917s][info][gc,stats    ]   CMR: Thread Roots                2388 us, workers (us): 1134, 1254, ---, ---, 
[154.917s][info][gc,stats    ]   CMR: VM Strong Roots               14 us, workers (us):  14,   0, ---, ---, 
[154.917s][info][gc,stats    ]   CMR: CLDG Roots                   141 us, workers (us): 141, ---, ---, ---, 
[154.917s][info][gc,stats    ] Concurrent Marking               223298 us
[154.917s][info][gc,stats    ] Pause Final Mark (G)                326 us
[154.917s][info][gc,stats    ] Pause Final Mark (N)                297 us
[154.917s][info][gc,stats    ]   Finish Mark                        44 us
[154.917s][info][gc,stats    ]   Update Region States               43 us
[154.917s][info][gc,stats    ]   Choose Collection Set             127 us
[154.917s][info][gc,stats    ]   Rebuild Free Set                   11 us
[154.917s][info][gc,stats    ] Concurrent Thread Roots            1258 us, parallelism: 1.89x
[154.917s][info][gc,stats    ]   CTR: <total>                     2374 us
[154.917s][info][gc,stats    ]   CTR: Thread Roots                2374 us, workers (us): 1198, 1176, ---, ---, 
[154.917s][info][gc,stats    ] Concurrent Weak References          370 us, parallelism: 0.81x
[154.917s][info][gc,stats    ]   CWRF: <total>                     302 us
[154.917s][info][gc,stats    ]   CWRF: Weak References             302 us, workers (us):  29, 272, ---, ---, 
[154.917s][info][gc,stats    ] Concurrent Weak Roots              2250 us
[154.917s][info][gc,stats    ]   Roots                            2189 us, parallelism: 1.91x
[154.917s][info][gc,stats    ]     CWR: <total>                   4185 us
[154.917s][info][gc,stats    ]     CWR: Code Cache Roots          2635 us, workers (us): 1268, 1367, ---, ---, 
[154.917s][info][gc,stats    ]     CWR: VM Weak Roots             1480 us, workers (us): 740, 740, ---, ---, 
[154.917s][info][gc,stats    ]     CWR: CLDG Roots                  70 us, workers (us):  70, ---, ---, ---, 
[154.917s][info][gc,stats    ]   Rendezvous                         22 us
[154.917s][info][gc,stats    ] Concurrent Cleanup                   55 us
[154.917s][info][gc,stats    ] Concurrent Class Unloading         6691 us
[154.917s][info][gc,stats    ]   Unlink Stale                     3765 us
[154.917s][info][gc,stats    ]     System Dictionary                58 us
[154.917s][info][gc,stats    ]     Weak Class Links                  0 us
[154.917s][info][gc,stats    ]     Code Roots                     3706 us
[154.917s][info][gc,stats    ]   Rendezvous                        103 us
[154.917s][info][gc,stats    ]   Purge Unlinked                   2774 us
[154.917s][info][gc,stats    ]     Code Roots                     2738 us
[154.917s][info][gc,stats    ]     CLDG                             36 us
[154.917s][info][gc,stats    ]     Exception Caches                  0 us
[154.917s][info][gc,stats    ] Concurrent Strong Roots             336 us, parallelism: 0.72x
[154.917s][info][gc,stats    ]   CSR: <total>                      241 us
[154.917s][info][gc,stats    ]   CSR: VM Strong Roots                8 us, workers (us):   4,   4, ---, ---, 
[154.917s][info][gc,stats    ]   CSR: CLDG Roots                   233 us, workers (us): ---, 233, ---, ---, 
[154.917s][info][gc,stats    ] Concurrent Evacuation             57200 us
[154.917s][info][gc,stats    ] Pause Init Update Refs (G)          141 us
[154.917s][info][gc,stats    ] Pause Init Update Refs (N)           53 us
[154.917s][info][gc,stats    ]   Manage GCLABs                       4 us
[154.917s][info][gc,stats    ] Concurrent Update Refs           140444 us
[154.917s][info][gc,stats    ] Concurrent Update Thread Roots     2492 us
[154.917s][info][gc,stats    ] Pause Final Update Refs (G)         151 us
[154.917s][info][gc,stats    ] Pause Final Update Refs (N)         123 us
[154.917s][info][gc,stats    ]   Update Region States               42 us
[154.917s][info][gc,stats    ]   Trash Collection Set               14 us
[154.917s][info][gc,stats    ]   Rebuild Free Set                   13 us
[154.917s][info][gc,stats    ] Concurrent Cleanup                   69 us
[154.917s][info][gc,stats    ] 
[154.917s][info][gc,stats    ] Allocation pacing accrued:
[154.917s][info][gc,stats    ]       0 of  9864 ms (  0.0%): <total>
[154.917s][info][gc,stats    ]       0 of  9864 ms (  0.0%): <average total>
[154.917s][info][gc,stats    ] 
[154.917s][info][gc,metaspace] Metaspace: 133179K(134592K)->133179K(134592K) NonClass: 112410K(113216K)->112410K(113216K) Class: 20769K(21376K)->20769K(21376K)
[154.917s][info][gc,ergo     ] Pacer for Idle. Initial: 163M, Alloc Tax Rate: 1.0x
[164.675s][info][gc          ] Trigger: Free (815M) is below minimum threshold (819M)
[164.675s][info][gc,ergo     ] Free: 815M, Max: 4096K regular, 516M humongous, Frag: 36% external, 1% internal; Reserve: 412M, Max: 4096K
[164.675s][info][gc,start    ] GC(18) Concurrent reset
[164.675s][info][gc,task     ] GC(18) Using 2 of 4 workers for concurrent reset
[164.675s][info][gc,ergo     ] GC(18) Pacer for Reset. Non-Taxable: 8192M
[164.684s][info][gc          ] GC(18) Concurrent reset 9.716ms
[164.684s][info][gc,start    ] GC(18) Pause Init Mark (unload classes)
[164.685s][info][gc,task     ] GC(18) Using 4 of 4 workers for init marking
[164.685s][info][gc,ergo     ] GC(18) Pacer for Mark. Expected Live: 443M, Free: 815M, Non-Taxable: 83492K, Alloc Tax Rate: 0.7x
[164.685s][info][gc          ] GC(18) Pause Init Mark (unload classes) 0.091ms
[164.685s][info][gc,start    ] GC(18) Concurrent marking roots
[164.685s][info][gc,task     ] GC(18) Using 2 of 4 workers for concurrent marking roots
[164.686s][info][gc          ] GC(18) Concurrent marking roots 1.393ms
[164.686s][info][gc,start    ] GC(18) Concurrent marking (unload classes)
[164.686s][info][gc,task     ] GC(18) Using 2 of 4 workers for concurrent marking
[164.919s][info][gc          ] GC(18) Concurrent marking (unload classes) 233.289ms
[164.919s][info][gc,start    ] GC(18) Pause Final Mark (unload classes)
[164.919s][info][gc,task     ] GC(18) Using 4 of 4 workers for final marking
[164.920s][info][gc,ergo     ] GC(18) Adaptive CSet Selection. Target Free: 1160M, Actual Free: 1927M, Max CSet: 341M, Min Garbage: 0B
[164.920s][info][gc,ergo     ] GC(18) Collectable Garbage: 6461M (99%), Immediate: 911M (14%), CSet: 5549M (85%)
[164.920s][info][gc,ergo     ] GC(18) Pacer for Evacuation. Used CSet: 5639M, Free: 1528M, Non-Taxable: 152M, Alloc Tax Rate: 9.0x
[164.920s][info][gc          ] GC(18) Pause Final Mark (unload classes) 0.323ms
[164.920s][info][gc,start    ] GC(18) Concurrent thread roots
[164.920s][info][gc,task     ] GC(18) Using 2 of 4 workers for Concurrent thread roots
[164.921s][info][gc          ] GC(18) Concurrent thread roots 1.243ms
[164.921s][info][gc,start    ] GC(18) Concurrent weak references
[164.921s][info][gc,task     ] GC(18) Using 2 of 4 workers for concurrent weak references
[164.921s][info][gc,ref      ] GC(18) Encountered references: Soft: 6071, Weak: 23071, Final: 34, Phantom: 576
[164.921s][info][gc,ref      ] GC(18) Discovered  references: Soft: 0, Weak: 3861, Final: 0, Phantom: 424
[164.921s][info][gc,ref      ] GC(18) Enqueued    references: Soft: 0, Weak: 8, Final: 0, Phantom: 4
[164.921s][info][gc          ] GC(18) Concurrent weak references 0.278ms
[164.921s][info][gc,start    ] GC(18) Concurrent weak roots
[164.921s][info][gc,task     ] GC(18) Using 2 of 4 workers for concurrent weak root
[164.924s][info][gc          ] GC(18) Concurrent weak roots 2.226ms
[164.924s][info][gc,start    ] GC(18) Concurrent cleanup
[164.924s][info][gc          ] GC(18) Concurrent cleanup 7172M->6260M(8192M) 0.034ms
[164.924s][info][gc,ergo     ] GC(18) Free: 1519M, Max: 4096K regular, 516M humongous, Frag: 66% external, 0% internal; Reserve: 411M, Max: 4096K
[164.924s][info][gc,start    ] GC(18) Concurrent class unloading
[164.924s][info][gc,task     ] GC(18) Using 2 of 4 workers for concurrent class unloading
[164.928s][info][gc          ] GC(18) Concurrent class unloading 4.125ms
[164.928s][info][gc,start    ] GC(18) Concurrent strong roots
[164.928s][info][gc,task     ] GC(18) Using 2 of 4 workers for concurrent strong root
[164.928s][info][gc          ] GC(18) Concurrent strong roots 0.282ms
[164.928s][info][gc,start    ] GC(18) Concurrent evacuation
[164.928s][info][gc,task     ] GC(18) Using 2 of 4 workers for concurrent evacuation
[164.980s][info][gc          ] GC(18) Concurrent evacuation 52.207ms
[164.980s][info][gc,start    ] GC(18) Pause Init Update Refs
[164.980s][info][gc,ergo     ] GC(18) Pacer for Update Refs. Used: 6416M, Free: 1459M, Non-Taxable: 145M, Alloc Tax Rate: 5.4x
[164.980s][info][gc          ] GC(18) Pause Init Update Refs 0.046ms
[164.981s][info][gc,start    ] GC(18) Concurrent update references
[164.981s][info][gc,task     ] GC(18) Using 2 of 4 workers for concurrent reference update
[165.130s][info][gc          ] GC(18) Concurrent update references 149.197ms
[165.130s][info][gc,start    ] GC(18) Concurrent update thread roots
[165.132s][info][gc          ] GC(18) Concurrent update thread roots 2.178ms
[165.132s][info][gc,start    ] GC(18) Pause Final Update Refs
[165.132s][info][gc,task     ] GC(18) Using 4 of 4 workers for final reference update
[165.132s][info][gc          ] GC(18) Pause Final Update Refs 0.113ms
[165.132s][info][gc,start    ] GC(18) Concurrent cleanup
[165.132s][info][gc          ] GC(18) Concurrent cleanup 6556M->916M(8192M) 0.073ms
[165.132s][info][gc,ergo     ] Free: 6863M, Max: 4096K regular, 5384M humongous, Frag: 22% external, 0% internal; Reserve: 412M, Max: 4096K
[165.132s][info][gc,stats    ] 
[165.132s][info][gc,stats    ] All times are wall-clock times, except per-root-class counters, that are sum over
[165.132s][info][gc,stats    ] all workers. Dividing the <total> over the root stage time estimates parallelism.
[165.132s][info][gc,stats    ] 
[165.132s][info][gc,stats    ] Concurrent Reset                   9781 us
[165.132s][info][gc,stats    ] Pause Init Mark (G)                 242 us
[165.132s][info][gc,stats    ] Pause Init Mark (N)                 102 us
[165.132s][info][gc,stats    ]   Update Region States               22 us
[165.132s][info][gc,stats    ] Concurrent Mark Roots              1416 us, parallelism: 1.68x
[165.132s][info][gc,stats    ]   CMR: <total>                     2385 us
[165.132s][info][gc,stats    ]   CMR: Thread Roots                2230 us, workers (us): 1052, 1178, ---, ---, 
[165.132s][info][gc,stats    ]   CMR: VM Strong Roots               15 us, workers (us):  15,   0, ---, ---, 
[165.132s][info][gc,stats    ]   CMR: CLDG Roots                   139 us, workers (us): 139, ---, ---, ---, 
[165.132s][info][gc,stats    ] Concurrent Marking               233335 us
[165.132s][info][gc,stats    ] Pause Final Mark (G)                426 us
[165.132s][info][gc,stats    ] Pause Final Mark (N)                334 us
[165.132s][info][gc,stats    ]   Finish Mark                        43 us
[165.132s][info][gc,stats    ]   Update Region States               57 us
[165.132s][info][gc,stats    ]   Choose Collection Set             161 us
[165.132s][info][gc,stats    ]   Rebuild Free Set                    9 us
[165.132s][info][gc,stats    ] Concurrent Thread Roots            1262 us, parallelism: 1.88x
[165.133s][info][gc,stats    ]   CTR: <total>                     2375 us
[165.133s][info][gc,stats    ]   CTR: Thread Roots                2375 us, workers (us): 1197, 1178, ---, ---, 
[165.133s][info][gc,stats    ] Concurrent Weak References          289 us, parallelism: 0.77x
[165.133s][info][gc,stats    ]   CWRF: <total>                     223 us
[165.133s][info][gc,stats    ]   CWRF: Weak References             223 us, workers (us): 216,   6, ---, ---, 
[165.133s][info][gc,stats    ] Concurrent Weak Roots              2250 us
[165.133s][info][gc,stats    ]   Roots                            2116 us, parallelism: 1.92x
[165.133s][info][gc,stats    ]     CWR: <total>                   4058 us
[165.133s][info][gc,stats    ]     CWR: Code Cache Roots          2583 us, workers (us): 1320, 1262, ---, ---, 
[165.133s][info][gc,stats    ]     CWR: VM Weak Roots             1411 us, workers (us): 706, 705, ---, ---, 
[165.133s][info][gc,stats    ]     CWR: CLDG Roots                  64 us, workers (us): ---,  64, ---, ---, 
[165.133s][info][gc,stats    ]   Rendezvous                         89 us
[165.133s][info][gc,stats    ] Concurrent Cleanup                   48 us
[165.133s][info][gc,stats    ] Concurrent Class Unloading         4148 us
[165.133s][info][gc,stats    ]   Unlink Stale                     3567 us
[165.133s][info][gc,stats    ]     System Dictionary                59 us
[165.133s][info][gc,stats    ]     Weak Class Links                  0 us
[165.133s][info][gc,stats    ]     Code Roots                     3507 us
[165.133s][info][gc,stats    ]   Rendezvous                        104 us
[165.133s][info][gc,stats    ]   Purge Unlinked                    431 us
[165.133s][info][gc,stats    ]     Code Roots                      420 us
[165.133s][info][gc,stats    ]     CLDG                             11 us
[165.133s][info][gc,stats    ]     Exception Caches                  0 us
[165.133s][info][gc,stats    ] Concurrent Strong Roots             304 us, parallelism: 0.65x
[165.133s][info][gc,stats    ]   CSR: <total>                      199 us
[165.133s][info][gc,stats    ]   CSR: VM Strong Roots                7 us, workers (us):   7,   0, ---, ---, 
[165.133s][info][gc,stats    ]   CSR: CLDG Roots                   191 us, workers (us): 191, ---, ---, ---, 
[165.133s][info][gc,stats    ] Concurrent Evacuation             52241 us
[165.133s][info][gc,stats    ] Pause Init Update Refs (G)          157 us
[165.133s][info][gc,stats    ] Pause Init Update Refs (N)           58 us
[165.133s][info][gc,stats    ]   Manage GCLABs                       5 us
[165.133s][info][gc,stats    ] Concurrent Update Refs           149227 us
[165.133s][info][gc,stats    ] Concurrent Update Thread Roots     2201 us
[165.133s][info][gc,stats    ] Pause Final Update Refs (G)         203 us
[165.133s][info][gc,stats    ] Pause Final Update Refs (N)         136 us
[165.133s][info][gc,stats    ]   Update Region States               56 us
[165.133s][info][gc,stats    ]   Trash Collection Set               14 us
[165.133s][info][gc,stats    ]   Rebuild Free Set                   10 us
[165.133s][info][gc,stats    ] Concurrent Cleanup                   87 us
[165.133s][info][gc,stats    ] 
[165.133s][info][gc,stats    ] Allocation pacing accrued:
[165.133s][info][gc,stats    ]       0 of 10216 ms (  0.0%): <total>
[165.133s][info][gc,stats    ]       0 of 10216 ms (  0.0%): <average total>
[165.133s][info][gc,stats    ] 
[165.133s][info][gc,metaspace] Metaspace: 133205K(134592K)->133206K(134592K) NonClass: 112435K(113216K)->112436K(113216K) Class: 20769K(21376K)->20769K(21376K)
[165.133s][info][gc,ergo     ] Pacer for Idle. Initial: 163M, Alloc Tax Rate: 1.0x
[172.375s][info][gc          ] Trigger: Average GC time (466.57 ms) is above the time for average allocation rate (1824 MB/s) to deplete free headroom (818M) (margin of error = 1.81)
[172.375s][info][gc,ergo     ] Free headroom: 1227M (free) - 409M (spike) - 0B (penalties) = 818M
[172.375s][info][gc,ergo     ] Free: 1227M, Max: 4096K regular, 496M humongous, Frag: 59% external, 0% internal; Reserve: 412M, Max: 4096K
[172.375s][info][gc,start    ] GC(19) Concurrent reset
[172.375s][info][gc,task     ] GC(19) Using 2 of 4 workers for concurrent reset
[172.375s][info][gc,ergo     ] GC(19) Pacer for Reset. Non-Taxable: 8192M
[172.401s][info][gc          ] GC(19) Concurrent reset 25.736ms
[172.401s][info][gc,start    ] GC(19) Pause Init Mark (unload classes)
[172.401s][info][gc,task     ] GC(19) Using 4 of 4 workers for init marking
[172.401s][info][gc,ergo     ] GC(19) Pacer for Mark. Expected Live: 452M, Free: 1203M, Non-Taxable: 120M, Alloc Tax Rate: 0.5x
[172.401s][info][gc          ] GC(19) Pause Init Mark (unload classes) 0.128ms
[172.401s][info][gc,start    ] GC(19) Concurrent marking roots
[172.401s][info][gc,task     ] GC(19) Using 2 of 4 workers for concurrent marking roots
[172.403s][info][gc          ] GC(19) Concurrent marking roots 1.439ms
[172.403s][info][gc,start    ] GC(19) Concurrent marking (unload classes)
[172.403s][info][gc,task     ] GC(19) Using 2 of 4 workers for concurrent marking
[172.649s][info][gc          ] GC(19) Concurrent marking (unload classes) 246.214ms
[172.649s][info][gc,start    ] GC(19) Pause Final Mark (unload classes)
[172.649s][info][gc,task     ] GC(19) Using 4 of 4 workers for final marking
[172.649s][info][gc,ergo     ] GC(19) Adaptive CSet Selection. Target Free: 1160M, Actual Free: 3308M, Max CSet: 341M, Min Garbage: 0B
[172.649s][info][gc,ergo     ] GC(19) Collectable Garbage: 6052M (99%), Immediate: 1892M (31%), CSet: 4160M (68%)
[172.649s][info][gc,ergo     ] GC(19) Pacer for Evacuation. Used CSet: 4308M, Free: 2915M, Non-Taxable: 291M, Alloc Tax Rate: 3.6x
[172.649s][info][gc          ] GC(19) Pause Final Mark (unload classes) 0.296ms
[172.649s][info][gc,start    ] GC(19) Concurrent thread roots
[172.649s][info][gc,task     ] GC(19) Using 2 of 4 workers for Concurrent thread roots
[172.650s][info][gc          ] GC(19) Concurrent thread roots 0.907ms
[172.650s][info][gc,start    ] GC(19) Concurrent weak references
[172.650s][info][gc,task     ] GC(19) Using 2 of 4 workers for concurrent weak references
[172.650s][info][gc,ref      ] GC(19) Encountered references: Soft: 6071, Weak: 23065, Final: 34, Phantom: 572
[172.650s][info][gc,ref      ] GC(19) Discovered  references: Soft: 0, Weak: 1509, Final: 0, Phantom: 444
[172.650s][info][gc,ref      ] GC(19) Enqueued    references: Soft: 0, Weak: 1, Final: 0, Phantom: 0
[172.650s][info][gc          ] GC(19) Concurrent weak references 0.201ms
[172.650s][info][gc,start    ] GC(19) Concurrent weak roots
[172.650s][info][gc,task     ] GC(19) Using 2 of 4 workers for concurrent weak root
[172.653s][info][gc          ] GC(19) Concurrent weak roots 2.100ms
[172.653s][info][gc,start    ] GC(19) Concurrent cleanup
[172.653s][info][gc          ] GC(19) Concurrent cleanup 6764M->4872M(8192M) 0.036ms
[172.653s][info][gc,ergo     ] GC(19) Free: 2907M, Max: 4096K regular, 496M humongous, Frag: 83% external, 0% internal; Reserve: 411M, Max: 4096K
[172.653s][info][gc,start    ] GC(19) Concurrent class unloading
[172.653s][info][gc,task     ] GC(19) Using 2 of 4 workers for concurrent class unloading
[172.658s][info][gc          ] GC(19) Concurrent class unloading 5.335ms
[172.658s][info][gc,start    ] GC(19) Concurrent strong roots
[172.658s][info][gc,task     ] GC(19) Using 2 of 4 workers for concurrent strong root
[172.658s][info][gc          ] GC(19) Concurrent strong roots 0.328ms
[172.658s][info][gc,start    ] GC(19) Concurrent evacuation
[172.658s][info][gc,task     ] GC(19) Using 2 of 4 workers for concurrent evacuation
[172.733s][info][gc          ] GC(19) Concurrent evacuation 74.609ms
[172.733s][info][gc,start    ] GC(19) Pause Init Update Refs
[172.733s][info][gc,ergo     ] GC(19) Pacer for Update Refs. Used: 5048M, Free: 2883M, Non-Taxable: 288M, Alloc Tax Rate: 2.1x
[172.733s][info][gc          ] GC(19) Pause Init Update Refs 0.045ms
[172.733s][info][gc,start    ] GC(19) Concurrent update references
[172.733s][info][gc,task     ] GC(19) Using 2 of 4 workers for concurrent reference update
[172.896s][info][gc          ] GC(19) Concurrent update references 163.369ms
[172.896s][info][gc,start    ] GC(19) Concurrent update thread roots
[172.898s][info][gc          ] GC(19) Concurrent update thread roots 1.589ms
[172.898s][info][gc,start    ] GC(19) Pause Final Update Refs
[172.898s][info][gc,task     ] GC(19) Using 4 of 4 workers for final reference update
[172.898s][info][gc          ] GC(19) Pause Final Update Refs 0.117ms
[172.898s][info][gc,start    ] GC(19) Concurrent cleanup
[172.898s][info][gc          ] GC(19) Concurrent cleanup 5100M->792M(8192M) 0.055ms
[172.898s][info][gc,ergo     ] Free: 6987M, Max: 4096K regular, 5356M humongous, Frag: 24% external, 0% internal; Reserve: 412M, Max: 4096K
[172.898s][info][gc,stats    ] 
[172.898s][info][gc,stats    ] All times are wall-clock times, except per-root-class counters, that are sum over
[172.898s][info][gc,stats    ] all workers. Dividing the <total> over the root stage time estimates parallelism.
[172.898s][info][gc,stats    ] 
[172.898s][info][gc,stats    ] Concurrent Reset                  25801 us
[172.898s][info][gc,stats    ] Pause Init Mark (G)                 271 us
[172.898s][info][gc,stats    ] Pause Init Mark (N)                 140 us
[172.898s][info][gc,stats    ]   Update Region States               56 us
[172.898s][info][gc,stats    ] Concurrent Mark Roots              1463 us, parallelism: 1.50x
[172.898s][info][gc,stats    ]   CMR: <total>                     2189 us
[172.898s][info][gc,stats    ]   CMR: Thread Roots                1928 us, workers (us): 1087, 842, ---, ---, 
[172.898s][info][gc,stats    ]   CMR: VM Strong Roots               26 us, workers (us):  14,  12, ---, ---, 
[172.898s][info][gc,stats    ]   CMR: CLDG Roots                   235 us, workers (us): ---, 235, ---, ---, 
[172.899s][info][gc,stats    ] Concurrent Marking               246264 us
[172.899s][info][gc,stats    ] Pause Final Mark (G)                344 us
[172.899s][info][gc,stats    ] Pause Final Mark (N)                308 us
[172.899s][info][gc,stats    ]   Finish Mark                        21 us
[172.899s][info][gc,stats    ]   Update Region States               33 us
[172.899s][info][gc,stats    ]   Choose Collection Set             131 us
[172.899s][info][gc,stats    ]   Rebuild Free Set                   13 us
[172.899s][info][gc,stats    ] Concurrent Thread Roots             923 us, parallelism: 1.86x
[172.899s][info][gc,stats    ]   CTR: <total>                     1721 us
[172.899s][info][gc,stats    ]   CTR: Thread Roots                1721 us, workers (us): 865, 856, ---, ---, 
[172.899s][info][gc,stats    ] Concurrent Weak References          214 us, parallelism: 0.71x
[172.899s][info][gc,stats    ]   CWRF: <total>                     152 us
[172.899s][info][gc,stats    ]   CWRF: Weak References             152 us, workers (us):  32, 120, ---, ---, 
[172.899s][info][gc,stats    ] Concurrent Weak Roots              2117 us
[172.899s][info][gc,stats    ]   Roots                            2023 us, parallelism: 1.92x
[172.899s][info][gc,stats    ]     CWR: <total>                   3885 us
[172.899s][info][gc,stats    ]     CWR: Code Cache Roots          2436 us, workers (us): 1195, 1241, ---, ---, 
[172.899s][info][gc,stats    ]     CWR: VM Weak Roots             1409 us, workers (us): 705, 705, ---, ---, 
[172.899s][info][gc,stats    ]     CWR: CLDG Roots                  40 us, workers (us):  40, ---, ---, ---, 
[172.899s][info][gc,stats    ]   Rendezvous                         55 us
[172.899s][info][gc,stats    ] Concurrent Cleanup                   49 us
[172.899s][info][gc,stats    ] Concurrent Class Unloading         5358 us
[172.899s][info][gc,stats    ]   Unlink Stale                     3466 us
[172.899s][info][gc,stats    ]     System Dictionary                35 us
[172.899s][info][gc,stats    ]     Weak Class Links                  0 us
[172.899s][info][gc,stats    ]     Code Roots                     3430 us
[172.899s][info][gc,stats    ]   Rendezvous                        171 us
[172.899s][info][gc,stats    ]   Purge Unlinked                   1676 us
[172.899s][info][gc,stats    ]     Code Roots                     1657 us
[172.899s][info][gc,stats    ]     CLDG                             19 us
[172.899s][info][gc,stats    ] Concurrent Strong Roots             349 us, parallelism: 0.78x
[172.899s][info][gc,stats    ]   CSR: <total>                      271 us
[172.899s][info][gc,stats    ]   CSR: VM Strong Roots                8 us, workers (us):   4,   3, ---, ---, 
[172.899s][info][gc,stats    ]   CSR: CLDG Roots                   263 us, workers (us): ---, 263, ---, ---, 
[172.899s][info][gc,stats    ] Concurrent Evacuation             74646 us
[172.899s][info][gc,stats    ] Pause Init Update Refs (G)           86 us
[172.899s][info][gc,stats    ] Pause Init Update Refs (N)           56 us
[172.899s][info][gc,stats    ]   Manage GCLABs                       6 us
[172.899s][info][gc,stats    ] Concurrent Update Refs           163409 us
[172.899s][info][gc,stats    ] Concurrent Update Thread Roots     1608 us
[172.899s][info][gc,stats    ] Pause Final Update Refs (G)         160 us
[172.899s][info][gc,stats    ] Pause Final Update Refs (N)         132 us
[172.899s][info][gc,stats    ]   Update Region States               51 us
[172.899s][info][gc,stats    ]   Trash Collection Set               13 us
[172.899s][info][gc,stats    ]   Rebuild Free Set                   12 us
[172.899s][info][gc,stats    ] Concurrent Cleanup                   68 us
[172.899s][info][gc,stats    ] 
[172.899s][info][gc,stats    ] Allocation pacing accrued:
[172.899s][info][gc,stats    ]       0 of  7766 ms (  0.0%): <total>
[172.899s][info][gc,stats    ]       0 of  7766 ms (  0.0%): <average total>
[172.899s][info][gc,stats    ] 
[172.899s][info][gc,metaspace] Metaspace: 133218K(134592K)->133220K(134592K) NonClass: 112449K(113216K)->112450K(113216K) Class: 20769K(21376K)->20770K(21376K)
[172.899s][info][gc,ergo     ] Pacer for Idle. Initial: 163M, Alloc Tax Rate: 1.0x
[184.096s][info][gc          ] Trigger: Free (815M) is below minimum threshold (819M)
[184.096s][info][gc,ergo     ] Free: 815M, Max: 4096K regular, 476M humongous, Frag: 41% external, 0% internal; Reserve: 412M, Max: 4096K
[184.096s][info][gc,start    ] GC(20) Concurrent reset
[184.096s][info][gc,task     ] GC(20) Using 2 of 4 workers for concurrent reset
[184.096s][info][gc,ergo     ] GC(20) Pacer for Reset. Non-Taxable: 8192M
[184.110s][info][gc          ] GC(20) Concurrent reset 13.391ms
[184.110s][info][gc,start    ] GC(20) Pause Init Mark (unload classes)
[184.110s][info][gc,task     ] GC(20) Using 4 of 4 workers for init marking
[184.110s][info][gc,ergo     ] GC(20) Pacer for Mark. Expected Live: 458M, Free: 807M, Non-Taxable: 82737K, Alloc Tax Rate: 0.7x
[184.110s][info][gc          ] GC(20) Pause Init Mark (unload classes) 0.116ms
[184.110s][info][gc,start    ] GC(20) Concurrent marking roots
[184.110s][info][gc,task     ] GC(20) Using 2 of 4 workers for concurrent marking roots
[184.111s][info][gc          ] GC(20) Concurrent marking roots 1.137ms
[184.111s][info][gc,start    ] GC(20) Concurrent marking (unload classes)
[184.111s][info][gc,task     ] GC(20) Using 2 of 4 workers for concurrent marking
[184.341s][info][gc          ] GC(20) Concurrent marking (unload classes) 229.578ms
[184.341s][info][gc,start    ] GC(20) Pause Final Mark (unload classes)
[184.341s][info][gc,task     ] GC(20) Using 4 of 4 workers for final marking
[184.341s][info][gc,ergo     ] GC(20) Adaptive CSet Selection. Target Free: 1160M, Actual Free: 3076M, Max CSet: 341M, Min Garbage: 0B
[184.341s][info][gc,ergo     ] GC(20) Collectable Garbage: 6484M (99%), Immediate: 2020M (30%), CSet: 4464M (68%)
[184.341s][info][gc,ergo     ] GC(20) Pacer for Evacuation. Used CSet: 4556M, Free: 2679M, Non-Taxable: 267M, Alloc Tax Rate: 4.2x
[184.341s][info][gc          ] GC(20) Pause Final Mark (unload classes) 0.307ms
[184.341s][info][gc,start    ] GC(20) Concurrent thread roots
[184.341s][info][gc,task     ] GC(20) Using 2 of 4 workers for Concurrent thread roots
[184.342s][info][gc          ] GC(20) Concurrent thread roots 0.896ms
[184.342s][info][gc,start    ] GC(20) Concurrent weak references
[184.342s][info][gc,task     ] GC(20) Using 2 of 4 workers for concurrent weak references
[184.342s][info][gc,ref      ] GC(20) Encountered references: Soft: 6071, Weak: 23071, Final: 34, Phantom: 579
[184.342s][info][gc,ref      ] GC(20) Discovered  references: Soft: 0, Weak: 11135, Final: 1, Phantom: 420
[184.342s][info][gc,ref      ] GC(20) Enqueued    references: Soft: 0, Weak: 5, Final: 0, Phantom: 1
[184.342s][info][gc          ] GC(20) Concurrent weak references 0.502ms
[184.342s][info][gc,start    ] GC(20) Concurrent weak roots
[184.342s][info][gc,task     ] GC(20) Using 2 of 4 workers for concurrent weak root
[184.345s][info][gc          ] GC(20) Concurrent weak roots 2.105ms
[184.345s][info][gc,start    ] GC(20) Concurrent cleanup
[184.345s][info][gc          ] GC(20) Concurrent cleanup 7128M->5108M(8192M) 0.039ms
[184.345s][info][gc,ergo     ] GC(20) Free: 2671M, Max: 4096K regular, 480M humongous, Frag: 82% external, 0% internal; Reserve: 411M, Max: 4096K
[184.345s][info][gc,start    ] GC(20) Concurrent class unloading
[184.345s][info][gc,task     ] GC(20) Using 2 of 4 workers for concurrent class unloading
[184.349s][info][gc          ] GC(20) Concurrent class unloading 3.861ms
[184.349s][info][gc,start    ] GC(20) Concurrent strong roots
[184.349s][info][gc,task     ] GC(20) Using 2 of 4 workers for concurrent strong root
[184.349s][info][gc          ] GC(20) Concurrent strong roots 0.255ms
[184.349s][info][gc,start    ] GC(20) Concurrent evacuation
[184.349s][info][gc,task     ] GC(20) Using 2 of 4 workers for concurrent evacuation
[184.392s][info][gc          ] GC(20) Concurrent evacuation 43.026ms
[184.392s][info][gc,start    ] GC(20) Pause Init Update Refs
[184.392s][info][gc,ergo     ] GC(20) Pacer for Update Refs. Used: 5220M, Free: 2655M, Non-Taxable: 265M, Alloc Tax Rate: 2.4x
[184.392s][info][gc          ] GC(20) Pause Init Update Refs 0.044ms
[184.392s][info][gc,start    ] GC(20) Concurrent update references
[184.392s][info][gc,task     ] GC(20) Using 2 of 4 workers for concurrent reference update
[184.535s][info][gc          ] GC(20) Concurrent update references 142.671ms
[184.535s][info][gc,start    ] GC(20) Concurrent update thread roots
[184.536s][info][gc          ] GC(20) Concurrent update thread roots 1.633ms
[184.536s][info][gc,start    ] GC(20) Pause Final Update Refs
[184.536s][info][gc,task     ] GC(20) Using 4 of 4 workers for final reference update
[184.537s][info][gc          ] GC(20) Pause Final Update Refs 0.120ms
[184.537s][info][gc,start    ] GC(20) Concurrent cleanup
[184.537s][info][gc          ] GC(20) Concurrent cleanup 5288M->732M(8192M) 0.068ms
[184.537s][info][gc,ergo     ] Free: 7047M, Max: 4096K regular, 5940M humongous, Frag: 16% external, 0% internal; Reserve: 412M, Max: 4096K
[184.537s][info][gc,stats    ] 
[184.537s][info][gc,stats    ] All times are wall-clock times, except per-root-class counters, that are sum over
[184.537s][info][gc,stats    ] all workers. Dividing the <total> over the root stage time estimates parallelism.
[184.537s][info][gc,stats    ] 
[184.537s][info][gc,stats    ] Concurrent Reset                  13474 us
[184.537s][info][gc,stats    ] Pause Init Mark (G)                 223 us
[184.537s][info][gc,stats    ] Pause Init Mark (N)                 129 us
[184.537s][info][gc,stats    ]   Update Region States               39 us
[184.537s][info][gc,stats    ] Concurrent Mark Roots              1152 us, parallelism: 1.63x
[184.537s][info][gc,stats    ]   CMR: <total>                     1883 us
[184.537s][info][gc,stats    ]   CMR: Thread Roots                1739 us, workers (us): 808, 931, ---, ---, 
[184.537s][info][gc,stats    ]   CMR: VM Strong Roots               13 us, workers (us):  13,   0, ---, ---, 
[184.537s][info][gc,stats    ]   CMR: CLDG Roots                   131 us, workers (us): 131, ---, ---, ---, 
[184.537s][info][gc,stats    ] Concurrent Marking               229621 us
[184.537s][info][gc,stats    ] Pause Final Mark (G)                346 us
[184.537s][info][gc,stats    ] Pause Final Mark (N)                318 us
[184.537s][info][gc,stats    ]   Finish Mark                        49 us
[184.537s][info][gc,stats    ]   Update Region States               54 us
[184.537s][info][gc,stats    ]   Choose Collection Set             140 us
[184.537s][info][gc,stats    ]   Rebuild Free Set                   10 us
[184.537s][info][gc,stats    ] Concurrent Thread Roots             917 us, parallelism: 1.74x
[184.537s][info][gc,stats    ]   CTR: <total>                     1598 us
[184.537s][info][gc,stats    ]   CTR: Thread Roots                1598 us, workers (us): 817, 781, ---, ---, 
[184.537s][info][gc,stats    ] Concurrent Weak References          513 us, parallelism: 0.99x
[184.537s][info][gc,stats    ]   CWRF: <total>                     509 us
[184.537s][info][gc,stats    ]   CWRF: Weak References             509 us, workers (us): 422,  87, ---, ---, 
[184.537s][info][gc,stats    ] Concurrent Weak Roots              2126 us
[184.537s][info][gc,stats    ]   Roots                            2031 us, parallelism: 1.86x
[184.537s][info][gc,stats    ]     CWR: <total>                   3769 us
[184.537s][info][gc,stats    ]     CWR: Code Cache Roots          2214 us, workers (us): 1064, 1149, ---, ---, 
[184.537s][info][gc,stats    ]     CWR: VM Weak Roots             1501 us, workers (us): 765, 736, ---, ---, 
[184.537s][info][gc,stats    ]     CWR: CLDG Roots                  54 us, workers (us):  54, ---, ---, ---, 
[184.537s][info][gc,stats    ]   Rendezvous                         53 us
[184.537s][info][gc,stats    ] Concurrent Cleanup                   52 us
[184.537s][info][gc,stats    ] Concurrent Class Unloading         3883 us
[184.537s][info][gc,stats    ]   Unlink Stale                     3299 us
[184.537s][info][gc,stats    ]     System Dictionary                35 us
[184.537s][info][gc,stats    ]     Weak Class Links                  0 us
[184.537s][info][gc,stats    ]     Code Roots                     3263 us
[184.537s][info][gc,stats    ]   Rendezvous                        168 us
[184.537s][info][gc,stats    ]   Purge Unlinked                    334 us
[184.537s][info][gc,stats    ]     Code Roots                      326 us
[184.537s][info][gc,stats    ]     CLDG                              8 us
[184.537s][info][gc,stats    ]     Exception Caches                  0 us
[184.537s][info][gc,stats    ] Concurrent Strong Roots             269 us, parallelism: 0.72x
[184.537s][info][gc,stats    ]   CSR: <total>                      193 us
[184.537s][info][gc,stats    ]   CSR: VM Strong Roots                8 us, workers (us):   4,   4, ---, ---, 
[184.537s][info][gc,stats    ]   CSR: CLDG Roots                   185 us, workers (us): ---, 185, ---, ---, 
[184.537s][info][gc,stats    ] Concurrent Evacuation             43075 us
[184.537s][info][gc,stats    ] Pause Init Update Refs (G)          127 us
[184.537s][info][gc,stats    ] Pause Init Update Refs (N)           58 us
[184.537s][info][gc,stats    ]   Manage GCLABs                       5 us
[184.537s][info][gc,stats    ] Concurrent Update Refs           142719 us
[184.537s][info][gc,stats    ] Concurrent Update Thread Roots     1655 us
[184.537s][info][gc,stats    ] Pause Final Update Refs (G)         187 us
[184.537s][info][gc,stats    ] Pause Final Update Refs (N)         147 us
[184.537s][info][gc,stats    ]   Update Region States               59 us
[184.537s][info][gc,stats    ]   Trash Collection Set               11 us
[184.537s][info][gc,stats    ]   Rebuild Free Set                   11 us
[184.537s][info][gc,stats    ] Concurrent Cleanup                   83 us
[184.537s][info][gc,stats    ] 
[184.537s][info][gc,stats    ] Allocation pacing accrued:
[184.537s][info][gc,stats    ]       0 of 11638 ms (  0.0%): <total>
[184.537s][info][gc,stats    ]       0 of 11638 ms (  0.0%): <average total>
[184.537s][info][gc,stats    ] 
[184.537s][info][gc,metaspace] Metaspace: 133239K(134592K)->133239K(134592K) NonClass: 112468K(113216K)->112468K(113216K) Class: 20770K(21376K)->20770K(21376K)
[184.537s][info][gc,ergo     ] Pacer for Idle. Initial: 163M, Alloc Tax Rate: 1.0x
[193.942s][info][gc          ] Trigger: Average GC time (526.92 ms) is above the time for average allocation rate (827 MB/s) to deplete free headroom (434M) (margin of error = 1.81)
[193.942s][info][gc,ergo     ] Free headroom: 843M (free) - 409M (spike) - 0B (penalties) = 434M
[193.942s][info][gc,ergo     ] Free: 843M, Max: 4096K regular, 512M humongous, Frag: 39% external, 0% internal; Reserve: 412M, Max: 4096K
[193.942s][info][gc,start    ] GC(21) Concurrent reset
[193.942s][info][gc,task     ] GC(21) Using 2 of 4 workers for concurrent reset
[193.942s][info][gc,ergo     ] GC(21) Pacer for Reset. Non-Taxable: 8192M
[193.958s][info][gc          ] GC(21) Concurrent reset 15.338ms
[193.958s][info][gc,start    ] GC(21) Pause Init Mark (unload classes)
[193.958s][info][gc,task     ] GC(21) Using 4 of 4 workers for init marking
[193.958s][info][gc,ergo     ] GC(21) Pacer for Mark. Expected Live: 462M, Free: 835M, Non-Taxable: 85604K, Alloc Tax Rate: 0.7x
[193.958s][info][gc          ] GC(21) Pause Init Mark (unload classes) 0.147ms
[193.958s][info][gc,start    ] GC(21) Concurrent marking roots
[193.958s][info][gc,task     ] GC(21) Using 2 of 4 workers for concurrent marking roots
[193.959s][info][gc          ] GC(21) Concurrent marking roots 1.101ms
[193.959s][info][gc,start    ] GC(21) Concurrent marking (unload classes)
[193.959s][info][gc,task     ] GC(21) Using 2 of 4 workers for concurrent marking
[194.195s][info][gc          ] GC(21) Concurrent marking (unload classes) 235.948ms
[194.195s][info][gc,start    ] GC(21) Pause Final Mark (unload classes)
[194.195s][info][gc,task     ] GC(21) Using 4 of 4 workers for final marking
[194.195s][info][gc,ergo     ] GC(21) Adaptive CSet Selection. Target Free: 1160M, Actual Free: 2376M, Max CSet: 341M, Min Garbage: 0B
[194.195s][info][gc,ergo     ] GC(21) Collectable Garbage: 6432M (99%), Immediate: 1328M (20%), CSet: 5104M (78%)
[194.195s][info][gc,ergo     ] GC(21) Pacer for Evacuation. Used CSet: 5188M, Free: 1983M, Non-Taxable: 198M, Alloc Tax Rate: 6.4x
[194.195s][info][gc          ] GC(21) Pause Final Mark (unload classes) 0.280ms
[194.195s][info][gc,start    ] GC(21) Concurrent thread roots
[194.195s][info][gc,task     ] GC(21) Using 2 of 4 workers for Concurrent thread roots
[194.196s][info][gc          ] GC(21) Concurrent thread roots 0.840ms
[194.196s][info][gc,start    ] GC(21) Concurrent weak references
[194.196s][info][gc,task     ] GC(21) Using 2 of 4 workers for concurrent weak references
[194.197s][info][gc,ref      ] GC(21) Encountered references: Soft: 6071, Weak: 23081, Final: 34, Phantom: 596
[194.197s][info][gc,ref      ] GC(21) Discovered  references: Soft: 0, Weak: 10617, Final: 0, Phantom: 437
[194.197s][info][gc,ref      ] GC(21) Enqueued    references: Soft: 0, Weak: 9, Final: 0, Phantom: 6
[194.197s][info][gc          ] GC(21) Concurrent weak references 0.447ms
[194.197s][info][gc,start    ] GC(21) Concurrent weak roots
[194.197s][info][gc,task     ] GC(21) Using 2 of 4 workers for concurrent weak root
[194.199s][info][gc          ] GC(21) Concurrent weak roots 2.047ms
[194.199s][info][gc,start    ] GC(21) Concurrent cleanup
[194.199s][info][gc          ] GC(21) Concurrent cleanup 7132M->5804M(8192M) 0.033ms
[194.199s][info][gc,ergo     ] GC(21) Free: 1975M, Max: 4096K regular, 512M humongous, Frag: 74% external, 0% internal; Reserve: 411M, Max: 4096K
[194.199s][info][gc,start    ] GC(21) Concurrent class unloading
[194.199s][info][gc,task     ] GC(21) Using 2 of 4 workers for concurrent class unloading
[194.203s][info][gc          ] GC(21) Concurrent class unloading 3.740ms
[194.203s][info][gc,start    ] GC(21) Concurrent strong roots
[194.203s][info][gc,task     ] GC(21) Using 2 of 4 workers for concurrent strong root
[194.203s][info][gc          ] GC(21) Concurrent strong roots 0.258ms
[194.203s][info][gc,start    ] GC(21) Concurrent evacuation
[194.203s][info][gc,task     ] GC(21) Using 2 of 4 workers for concurrent evacuation
[194.250s][info][gc          ] GC(21) Concurrent evacuation 47.539ms
[194.250s][info][gc,start    ] GC(21) Pause Init Update Refs
[194.250s][info][gc,ergo     ] GC(21) Pacer for Update Refs. Used: 5916M, Free: 1951M, Non-Taxable: 195M, Alloc Tax Rate: 3.7x
[194.250s][info][gc          ] GC(21) Pause Init Update Refs 0.043ms
[194.250s][info][gc,start    ] GC(21) Concurrent update references
[194.251s][info][gc,task     ] GC(21) Using 2 of 4 workers for concurrent reference update
[194.397s][info][gc          ] GC(21) Concurrent update references 146.453ms
[194.397s][info][gc,start    ] GC(21) Concurrent update thread roots
[194.399s][info][gc          ] GC(21) Concurrent update thread roots 1.586ms
[194.399s][info][gc,start    ] GC(21) Pause Final Update Refs
[194.399s][info][gc,task     ] GC(21) Using 4 of 4 workers for final reference update
[194.399s][info][gc          ] GC(21) Pause Final Update Refs 0.106ms
[194.399s][info][gc,start    ] GC(21) Concurrent cleanup
[194.399s][info][gc          ] GC(21) Concurrent cleanup 6028M->840M(8192M) 0.072ms
[194.399s][info][gc,ergo     ] Free: 6939M, Max: 4096K regular, 5792M humongous, Frag: 17% external, 0% internal; Reserve: 412M, Max: 4096K
[194.399s][info][gc,stats    ] 
[194.399s][info][gc,stats    ] All times are wall-clock times, except per-root-class counters, that are sum over
[194.399s][info][gc,stats    ] all workers. Dividing the <total> over the root stage time estimates parallelism.
[194.399s][info][gc,stats    ] 
[194.399s][info][gc,stats    ] Concurrent Reset                  15395 us
[194.399s][info][gc,stats    ] Pause Init Mark (G)                 257 us
[194.399s][info][gc,stats    ] Pause Init Mark (N)                 165 us
[194.399s][info][gc,stats    ]   Update Region States               37 us
[194.399s][info][gc,stats    ] Concurrent Mark Roots              1124 us, parallelism: 1.67x
[194.399s][info][gc,stats    ]   CMR: <total>                     1874 us
[194.399s][info][gc,stats    ]   CMR: Thread Roots                1714 us, workers (us): 792, 921, ---, ---, 
[194.399s][info][gc,stats    ]   CMR: VM Strong Roots               13 us, workers (us):  13,   0, ---, ---, 
[194.399s][info][gc,stats    ]   CMR: CLDG Roots                   148 us, workers (us): 148, ---, ---, ---, 
[194.399s][info][gc,stats    ] Concurrent Marking               235984 us
[194.399s][info][gc,stats    ] Pause Final Mark (G)                317 us
[194.399s][info][gc,stats    ] Pause Final Mark (N)                291 us
[194.399s][info][gc,stats    ]   Finish Mark                        45 us
[194.399s][info][gc,stats    ]   Update Region States               14 us
[194.399s][info][gc,stats    ]   Choose Collection Set             155 us
[194.399s][info][gc,stats    ]   Rebuild Free Set                   10 us
[194.399s][info][gc,stats    ] Concurrent Thread Roots             862 us, parallelism: 1.85x
[194.399s][info][gc,stats    ]   CTR: <total>                     1595 us
[194.399s][info][gc,stats    ]   CTR: Thread Roots                1595 us, workers (us): 793, 802, ---, ---, 
[194.399s][info][gc,stats    ] Concurrent Weak References          457 us, parallelism: 0.90x
[194.399s][info][gc,stats    ]   CWRF: <total>                     411 us
[194.399s][info][gc,stats    ]   CWRF: Weak References             411 us, workers (us): 382,  29, ---, ---, 
[194.399s][info][gc,stats    ] Concurrent Weak Roots              2065 us
[194.399s][info][gc,stats    ]   Roots                            1979 us, parallelism: 1.91x
[194.399s][info][gc,stats    ]     CWR: <total>                   3778 us
[194.399s][info][gc,stats    ]     CWR: Code Cache Roots          2298 us, workers (us): 1188, 1111, ---, ---, 
[194.399s][info][gc,stats    ]     CWR: VM Weak Roots             1417 us, workers (us): 709, 708, ---, ---, 
[194.399s][info][gc,stats    ]     CWR: CLDG Roots                  62 us, workers (us): ---,  62, ---, ---, 
[194.399s][info][gc,stats    ]   Rendezvous                         47 us
[194.399s][info][gc,stats    ] Concurrent Cleanup                   46 us
[194.399s][info][gc,stats    ] Concurrent Class Unloading         3758 us
[194.399s][info][gc,stats    ]   Unlink Stale                     3418 us
[194.399s][info][gc,stats    ]     System Dictionary                51 us
[194.399s][info][gc,stats    ]     Weak Class Links                  0 us
[194.399s][info][gc,stats    ]     Code Roots                     3365 us
[194.399s][info][gc,stats    ]   Rendezvous                         78 us
[194.399s][info][gc,stats    ]   Purge Unlinked                    222 us
[194.399s][info][gc,stats    ]     Code Roots                      216 us
[194.399s][info][gc,stats    ]     CLDG                              6 us
[194.399s][info][gc,stats    ]     Exception Caches                  0 us
[194.399s][info][gc,stats    ] Concurrent Strong Roots             272 us, parallelism: 0.71x
[194.399s][info][gc,stats    ]   CSR: <total>                      192 us
[194.399s][info][gc,stats    ]   CSR: VM Strong Roots                8 us, workers (us):   4,   4, ---, ---, 
[194.399s][info][gc,stats    ]   CSR: CLDG Roots                   184 us, workers (us): ---, 184, ---, ---, 
[194.399s][info][gc,stats    ] Concurrent Evacuation             47575 us
[194.399s][info][gc,stats    ] Pause Init Update Refs (G)           82 us
[194.399s][info][gc,stats    ] Pause Init Update Refs (N)           54 us
[194.399s][info][gc,stats    ]   Manage GCLABs                       5 us
[194.399s][info][gc,stats    ] Concurrent Update Refs           146489 us
[194.399s][info][gc,stats    ] Concurrent Update Thread Roots     1611 us
[194.399s][info][gc,stats    ] Pause Final Update Refs (G)         200 us
[194.399s][info][gc,stats    ] Pause Final Update Refs (N)         131 us
[194.399s][info][gc,stats    ]   Update Region States               45 us
[194.399s][info][gc,stats    ]   Trash Collection Set               11 us
[194.400s][info][gc,stats    ]   Rebuild Free Set                   11 us
[194.400s][info][gc,stats    ] Concurrent Cleanup                   89 us
[194.400s][info][gc,stats    ] 
[194.400s][info][gc,stats    ] Allocation pacing accrued:
[194.400s][info][gc,stats    ]       0 of  9862 ms (  0.0%): <total>
[194.400s][info][gc,stats    ]       0 of  9862 ms (  0.0%): <average total>
[194.400s][info][gc,stats    ] 
[194.400s][info][gc,metaspace] Metaspace: 133294K(134656K)->133294K(134656K) NonClass: 112519K(113280K)->112519K(113280K) Class: 20774K(21376K)->20774K(21376K)
[194.400s][info][gc,ergo     ] Pacer for Idle. Initial: 163M, Alloc Tax Rate: 1.0x
[203.696s][info][gc          ] Trigger: Free (818M) is below minimum threshold (819M)
[203.696s][info][gc,ergo     ] Free: 818M, Max: 4096K regular, 488M humongous, Frag: 39% external, 1% internal; Reserve: 412M, Max: 4096K
[203.696s][info][gc,start    ] GC(22) Concurrent reset
[203.696s][info][gc,task     ] GC(22) Using 2 of 4 workers for concurrent reset
[203.696s][info][gc,ergo     ] GC(22) Pacer for Reset. Non-Taxable: 8192M
[203.710s][info][gc          ] GC(22) Concurrent reset 14.265ms
[203.710s][info][gc,start    ] GC(22) Pause Init Mark (unload classes)
[203.710s][info][gc,task     ] GC(22) Using 4 of 4 workers for init marking
[203.710s][info][gc,ergo     ] GC(22) Pacer for Mark. Expected Live: 468M, Free: 815M, Non-Taxable: 83526K, Alloc Tax Rate: 0.7x
[203.711s][info][gc          ] GC(22) Pause Init Mark (unload classes) 0.108ms
[203.711s][info][gc,start    ] GC(22) Concurrent marking roots
[203.711s][info][gc,task     ] GC(22) Using 2 of 4 workers for concurrent marking roots
[203.712s][info][gc          ] GC(22) Concurrent marking roots 1.037ms
[203.712s][info][gc,start    ] GC(22) Concurrent marking (unload classes)
[203.712s][info][gc,task     ] GC(22) Using 2 of 4 workers for concurrent marking
[203.941s][info][gc          ] GC(22) Concurrent marking (unload classes) 229.706ms
[203.941s][info][gc,start    ] GC(22) Pause Final Mark (unload classes)
[203.941s][info][gc,task     ] GC(22) Using 4 of 4 workers for final marking
[203.942s][info][gc,ergo     ] GC(22) Adaptive CSet Selection. Target Free: 1160M, Actual Free: 3408M, Max CSet: 341M, Min Garbage: 0B
[203.942s][info][gc,ergo     ] GC(22) Collectable Garbage: 6459M (99%), Immediate: 2388M (36%), CSet: 4071M (62%)
[203.942s][info][gc,ergo     ] GC(22) Pacer for Evacuation. Used CSet: 4148M, Free: 3015M, Non-Taxable: 301M, Alloc Tax Rate: 3.4x
[203.942s][info][gc          ] GC(22) Pause Final Mark (unload classes) 0.310ms
[203.942s][info][gc,start    ] GC(22) Concurrent thread roots
[203.942s][info][gc,task     ] GC(22) Using 2 of 4 workers for Concurrent thread roots
[203.943s][info][gc          ] GC(22) Concurrent thread roots 0.864ms
[203.943s][info][gc,start    ] GC(22) Concurrent weak references
[203.943s][info][gc,task     ] GC(22) Using 2 of 4 workers for concurrent weak references
[203.943s][info][gc,ref      ] GC(22) Encountered references: Soft: 6071, Weak: 23073, Final: 34, Phantom: 590
[203.943s][info][gc,ref      ] GC(22) Discovered  references: Soft: 0, Weak: 4962, Final: 0, Phantom: 430
[203.943s][info][gc,ref      ] GC(22) Enqueued    references: Soft: 0, Weak: 1, Final: 0, Phantom: 0
[203.943s][info][gc          ] GC(22) Concurrent weak references 0.255ms
[203.943s][info][gc,start    ] GC(22) Concurrent weak roots
[203.943s][info][gc,task     ] GC(22) Using 2 of 4 workers for concurrent weak root
[203.945s][info][gc          ] GC(22) Concurrent weak roots 2.306ms
[203.945s][info][gc,start    ] GC(22) Concurrent cleanup
[203.945s][info][gc          ] GC(22) Concurrent cleanup 7160M->4772M(8192M) 0.044ms
[203.945s][info][gc,ergo     ] GC(22) Free: 3007M, Max: 4096K regular, 488M humongous, Frag: 84% external, 0% internal; Reserve: 411M, Max: 4096K
[203.945s][info][gc,start    ] GC(22) Concurrent class unloading
[203.945s][info][gc,task     ] GC(22) Using 2 of 4 workers for concurrent class unloading
[203.949s][info][gc          ] GC(22) Concurrent class unloading 3.837ms
[203.949s][info][gc,start    ] GC(22) Concurrent strong roots
[203.949s][info][gc,task     ] GC(22) Using 2 of 4 workers for concurrent strong root
[203.949s][info][gc          ] GC(22) Concurrent strong roots 0.278ms
[203.949s][info][gc,start    ] GC(22) Concurrent evacuation
[203.949s][info][gc,task     ] GC(22) Using 2 of 4 workers for concurrent evacuation
[203.991s][info][gc          ] GC(22) Concurrent evacuation 41.985ms
[203.991s][info][gc,start    ] GC(22) Pause Init Update Refs
[203.992s][info][gc,ergo     ] GC(22) Pacer for Update Refs. Used: 4895M, Free: 2964M, Non-Taxable: 296M, Alloc Tax Rate: 2.0x
[203.992s][info][gc          ] GC(22) Pause Init Update Refs 0.046ms
[203.992s][info][gc,start    ] GC(22) Concurrent update references
[203.992s][info][gc,task     ] GC(22) Using 2 of 4 workers for concurrent reference update
[204.139s][info][gc          ] GC(22) Concurrent update references 147.554ms
[204.139s][info][gc,start    ] GC(22) Concurrent update thread roots
[204.141s][info][gc          ] GC(22) Concurrent update thread roots 1.617ms
[204.141s][info][gc,start    ] GC(22) Pause Final Update Refs
[204.141s][info][gc,task     ] GC(22) Using 4 of 4 workers for final reference update
[204.141s][info][gc          ] GC(22) Pause Final Update Refs 0.097ms
[204.141s][info][gc,start    ] GC(22) Concurrent cleanup
[204.141s][info][gc          ] GC(22) Concurrent cleanup 5004M->856M(8192M) 0.066ms
[204.141s][info][gc,ergo     ] Free: 6923M, Max: 4096K regular, 5756M humongous, Frag: 17% external, 0% internal; Reserve: 412M, Max: 4096K
[204.141s][info][gc,stats    ] 
[204.141s][info][gc,stats    ] All times are wall-clock times, except per-root-class counters, that are sum over
[204.141s][info][gc,stats    ] all workers. Dividing the <total> over the root stage time estimates parallelism.
[204.141s][info][gc,stats    ] 
[204.141s][info][gc,stats    ] Concurrent Reset                  14330 us
[204.141s][info][gc,stats    ] Pause Init Mark (G)                 160 us
[204.141s][info][gc,stats    ] Pause Init Mark (N)                 121 us
[204.141s][info][gc,stats    ]   Update Region States               37 us
[204.141s][info][gc,stats    ] Concurrent Mark Roots              1053 us, parallelism: 1.70x
[204.141s][info][gc,stats    ]   CMR: <total>                     1788 us
[204.141s][info][gc,stats    ]   CMR: Thread Roots                1635 us, workers (us): 759, 876, ---, ---, 
[204.141s][info][gc,stats    ]   CMR: VM Strong Roots               14 us, workers (us):  13,   0, ---, ---, 
[204.141s][info][gc,stats    ]   CMR: CLDG Roots                   139 us, workers (us): 139, ---, ---, ---, 
[204.141s][info][gc,stats    ] Concurrent Marking               229748 us
[204.141s][info][gc,stats    ] Pause Final Mark (G)                369 us
[204.141s][info][gc,stats    ] Pause Final Mark (N)                321 us
[204.141s][info][gc,stats    ]   Finish Mark                        72 us
[204.141s][info][gc,stats    ]   Update Region States               38 us
[204.141s][info][gc,stats    ]   Choose Collection Set             133 us
[204.141s][info][gc,stats    ]   Rebuild Free Set                   11 us
[204.141s][info][gc,stats    ] Concurrent Thread Roots             886 us, parallelism: 1.80x
[204.141s][info][gc,stats    ]   CTR: <total>                     1596 us
[204.141s][info][gc,stats    ]   CTR: Thread Roots                1596 us, workers (us): 819, 778, ---, ---, 
[204.141s][info][gc,stats    ] Concurrent Weak References          267 us, parallelism: 0.77x
[204.141s][info][gc,stats    ]   CWRF: <total>                     204 us
[204.141s][info][gc,stats    ]   CWRF: Weak References             204 us, workers (us):  26, 179, ---, ---, 
[204.141s][info][gc,stats    ] Concurrent Weak Roots              2332 us
[204.141s][info][gc,stats    ]   Roots                            2258 us, parallelism: 1.92x
[204.141s][info][gc,stats    ]     CWR: <total>                   4324 us
[204.141s][info][gc,stats    ]     CWR: Code Cache Roots          2701 us, workers (us): 1380, 1321, ---, ---, 
[204.141s][info][gc,stats    ]     CWR: VM Weak Roots             1542 us, workers (us): 771, 771, ---, ---, 
[204.141s][info][gc,stats    ]     CWR: CLDG Roots                  81 us, workers (us): ---,  81, ---, ---, 
[204.141s][info][gc,stats    ]   Rendezvous                         27 us
[204.141s][info][gc,stats    ] Concurrent Cleanup                   57 us
[204.141s][info][gc,stats    ] Concurrent Class Unloading         3863 us
[204.141s][info][gc,stats    ]   Unlink Stale                     3395 us
[204.142s][info][gc,stats    ]     System Dictionary                62 us
[204.142s][info][gc,stats    ]     Weak Class Links                  0 us
[204.142s][info][gc,stats    ]     Code Roots                     3332 us
[204.142s][info][gc,stats    ]   Rendezvous                        113 us
[204.142s][info][gc,stats    ]   Purge Unlinked                    304 us
[204.142s][info][gc,stats    ]     Code Roots                      296 us
[204.142s][info][gc,stats    ]     CLDG                              8 us
[204.142s][info][gc,stats    ]     Exception Caches                  0 us
[204.142s][info][gc,stats    ] Concurrent Strong Roots             300 us, parallelism: 0.66x
[204.142s][info][gc,stats    ]   CSR: <total>                      199 us
[204.142s][info][gc,stats    ]   CSR: VM Strong Roots                9 us, workers (us):   5,   4, ---, ---, 
[204.142s][info][gc,stats    ]   CSR: CLDG Roots                   190 us, workers (us): 190, ---, ---, ---, 
[204.142s][info][gc,stats    ] Concurrent Evacuation             42023 us
[204.142s][info][gc,stats    ] Pause Init Update Refs (G)           90 us
[204.142s][info][gc,stats    ] Pause Init Update Refs (N)           57 us
[204.142s][info][gc,stats    ]   Manage GCLABs                       5 us
[204.142s][info][gc,stats    ] Concurrent Update Refs           147612 us
[204.142s][info][gc,stats    ] Concurrent Update Thread Roots     1642 us
[204.142s][info][gc,stats    ] Pause Final Update Refs (G)         182 us
[204.142s][info][gc,stats    ] Pause Final Update Refs (N)         124 us
[204.142s][info][gc,stats    ]   Update Region States               31 us
[204.142s][info][gc,stats    ]   Trash Collection Set               13 us
[204.142s][info][gc,stats    ]   Rebuild Free Set                   12 us
[204.142s][info][gc,stats    ] Concurrent Cleanup                   80 us
[204.142s][info][gc,stats    ] 
[204.142s][info][gc,stats    ] Allocation pacing accrued:
[204.142s][info][gc,stats    ]       0 of  9742 ms (  0.0%): <total>
[204.142s][info][gc,stats    ]       0 of  9742 ms (  0.0%): <average total>
[204.142s][info][gc,stats    ] 
[204.142s][info][gc,metaspace] Metaspace: 133303K(134656K)->133303K(134656K) NonClass: 112528K(113280K)->112529K(113280K) Class: 20774K(21376K)->20774K(21376K)
[204.142s][info][gc,ergo     ] Pacer for Idle. Initial: 163M, Alloc Tax Rate: 1.0x
[213.357s][info][gc          ] Trigger: Free (815M) is below minimum threshold (819M)
[213.357s][info][gc,ergo     ] Free: 815M, Max: 4096K regular, 496M humongous, Frag: 38% external, 0% internal; Reserve: 412M, Max: 4096K
[213.357s][info][gc,start    ] GC(23) Concurrent reset
[213.357s][info][gc,task     ] GC(23) Using 2 of 4 workers for concurrent reset
[213.357s][info][gc,ergo     ] GC(23) Pacer for Reset. Non-Taxable: 8192M
[213.376s][info][gc          ] GC(23) Concurrent reset 18.965ms
[213.376s][info][gc,start    ] GC(23) Pause Init Mark (unload classes)
[213.376s][info][gc,task     ] GC(23) Using 4 of 4 workers for init marking
[213.376s][info][gc,ergo     ] GC(23) Pacer for Mark. Expected Live: 471M, Free: 807M, Non-Taxable: 82734K, Alloc Tax Rate: 0.7x
[213.376s][info][gc          ] GC(23) Pause Init Mark (unload classes) 0.112ms
[213.376s][info][gc,start    ] GC(23) Concurrent marking roots
[213.376s][info][gc,task     ] GC(23) Using 2 of 4 workers for concurrent marking roots
[213.378s][info][gc          ] GC(23) Concurrent marking roots 1.084ms
[213.378s][info][gc,start    ] GC(23) Concurrent marking (unload classes)
[213.378s][info][gc,task     ] GC(23) Using 2 of 4 workers for concurrent marking
[213.602s][info][gc          ] GC(23) Concurrent marking (unload classes) 224.342ms
[213.602s][info][gc,start    ] GC(23) Pause Final Mark (unload classes)
[213.602s][info][gc,task     ] GC(23) Using 4 of 4 workers for final marking
[213.602s][info][gc,ergo     ] GC(23) Adaptive CSet Selection. Target Free: 1160M, Actual Free: 2528M, Max CSet: 341M, Min Garbage: 0B
[213.602s][info][gc,ergo     ] GC(23) Collectable Garbage: 6456M (99%), Immediate: 1436M (22%), CSet: 5020M (77%)
[213.602s][info][gc,ergo     ] GC(23) Pacer for Evacuation. Used CSet: 5104M, Free: 2135M, Non-Taxable: 213M, Alloc Tax Rate: 5.8x
[213.602s][info][gc          ] GC(23) Pause Final Mark (unload classes) 0.254ms
[213.602s][info][gc,start    ] GC(23) Concurrent thread roots
[213.602s][info][gc,task     ] GC(23) Using 2 of 4 workers for Concurrent thread roots
[213.603s][info][gc          ] GC(23) Concurrent thread roots 0.912ms
[213.603s][info][gc,start    ] GC(23) Concurrent weak references
[213.603s][info][gc,task     ] GC(23) Using 2 of 4 workers for concurrent weak references
[213.603s][info][gc,ref      ] GC(23) Encountered references: Soft: 6071, Weak: 23079, Final: 34, Phantom: 596
[213.603s][info][gc,ref      ] GC(23) Discovered  references: Soft: 0, Weak: 3243, Final: 0, Phantom: 450
[213.603s][info][gc,ref      ] GC(23) Enqueued    references: Soft: 0, Weak: 5, Final: 0, Phantom: 0
[213.603s][info][gc          ] GC(23) Concurrent weak references 0.140ms
[213.603s][info][gc,start    ] GC(23) Concurrent weak roots
[213.603s][info][gc,task     ] GC(23) Using 2 of 4 workers for concurrent weak root
[213.605s][info][gc          ] GC(23) Concurrent weak roots 2.080ms
[213.605s][info][gc,start    ] GC(23) Concurrent cleanup
[213.605s][info][gc          ] GC(23) Concurrent cleanup 7088M->5652M(8192M) 0.032ms
[213.605s][info][gc,ergo     ] GC(23) Free: 2127M, Max: 4096K regular, 496M humongous, Frag: 77% external, 0% internal; Reserve: 411M, Max: 4096K
[213.605s][info][gc,start    ] GC(23) Concurrent class unloading
[213.605s][info][gc,task     ] GC(23) Using 2 of 4 workers for concurrent class unloading
[213.609s][info][gc          ] GC(23) Concurrent class unloading 3.580ms
[213.609s][info][gc,start    ] GC(23) Concurrent strong roots
[213.609s][info][gc,task     ] GC(23) Using 2 of 4 workers for concurrent strong root
[213.609s][info][gc          ] GC(23) Concurrent strong roots 0.259ms
[213.609s][info][gc,start    ] GC(23) Concurrent evacuation
[213.609s][info][gc,task     ] GC(23) Using 2 of 4 workers for concurrent evacuation
[213.651s][info][gc          ] GC(23) Concurrent evacuation 41.982ms
[213.651s][info][gc,start    ] GC(23) Pause Init Update Refs
[213.651s][info][gc,ergo     ] GC(23) Pacer for Update Refs. Used: 5764M, Free: 2103M, Non-Taxable: 210M, Alloc Tax Rate: 3.3x
[213.651s][info][gc          ] GC(23) Pause Init Update Refs 0.045ms
[213.651s][info][gc,start    ] GC(23) Concurrent update references
[213.651s][info][gc,task     ] GC(23) Using 2 of 4 workers for concurrent reference update
[213.791s][info][gc          ] GC(23) Concurrent update references 139.388ms
[213.791s][info][gc,start    ] GC(23) Concurrent update thread roots
[213.793s][info][gc          ] GC(23) Concurrent update thread roots 1.631ms
[213.793s][info][gc,start    ] GC(23) Pause Final Update Refs
[213.793s][info][gc,task     ] GC(23) Using 4 of 4 workers for final reference update
[213.793s][info][gc          ] GC(23) Pause Final Update Refs 0.118ms
[213.793s][info][gc,start    ] GC(23) Concurrent cleanup
[213.793s][info][gc          ] GC(23) Concurrent cleanup 5828M->724M(8192M) 0.099ms
[213.793s][info][gc,ergo     ] Free: 7055M, Max: 4096K regular, 5800M humongous, Frag: 18% external, 0% internal; Reserve: 412M, Max: 4096K
[213.793s][info][gc,stats    ] 
[213.793s][info][gc,stats    ] All times are wall-clock times, except per-root-class counters, that are sum over
[213.793s][info][gc,stats    ] all workers. Dividing the <total> over the root stage time estimates parallelism.
[213.793s][info][gc,stats    ] 
[213.793s][info][gc,stats    ] Concurrent Reset                  19086 us
[213.793s][info][gc,stats    ] Pause Init Mark (G)                 237 us
[213.793s][info][gc,stats    ] Pause Init Mark (N)                 124 us
[213.793s][info][gc,stats    ]   Update Region States               39 us
[213.793s][info][gc,stats    ] Concurrent Mark Roots              1106 us, parallelism: 1.66x
[213.793s][info][gc,stats    ]   CMR: <total>                     1840 us
[213.793s][info][gc,stats    ]   CMR: Thread Roots                1688 us, workers (us): 906, 782, ---, ---, 
[213.793s][info][gc,stats    ]   CMR: VM Strong Roots               18 us, workers (us):   9,   9, ---, ---, 
[213.793s][info][gc,stats    ]   CMR: CLDG Roots                   134 us, workers (us): ---, 134, ---, ---, 
[213.793s][info][gc,stats    ] Concurrent Marking               224388 us
[213.793s][info][gc,stats    ] Pause Final Mark (G)                282 us
[213.793s][info][gc,stats    ] Pause Final Mark (N)                265 us
[213.793s][info][gc,stats    ]   Finish Mark                        19 us
[213.793s][info][gc,stats    ]   Update Region States               15 us
[213.793s][info][gc,stats    ]   Choose Collection Set             153 us
[213.793s][info][gc,stats    ]   Rebuild Free Set                   10 us
[213.793s][info][gc,stats    ] Concurrent Thread Roots             927 us, parallelism: 1.87x
[213.793s][info][gc,stats    ]   CTR: <total>                     1735 us
[213.793s][info][gc,stats    ]   CTR: Thread Roots                1735 us, workers (us): 868, 867, ---, ---, 
[213.793s][info][gc,stats    ] Concurrent Weak References          150 us, parallelism: 0.95x
[213.793s][info][gc,stats    ]   CWRF: <total>                     142 us
[213.793s][info][gc,stats    ]   CWRF: Weak References             142 us, workers (us):  77,  65, ---, ---, 
[213.793s][info][gc,stats    ] Concurrent Weak Roots              2095 us
[213.793s][info][gc,stats    ]   Roots                            2008 us, parallelism: 1.90x
[213.793s][info][gc,stats    ]     CWR: <total>                   3810 us
[213.793s][info][gc,stats    ]     CWR: Code Cache Roots          2348 us, workers (us): 1171, 1177, ---, ---, 
[213.793s][info][gc,stats    ]     CWR: VM Weak Roots             1410 us, workers (us): 705, 705, ---, ---, 
[213.793s][info][gc,stats    ]     CWR: CLDG Roots                  53 us, workers (us):  53, ---, ---, ---, 
[213.793s][info][gc,stats    ]   Rendezvous                         51 us
[213.793s][info][gc,stats    ] Concurrent Cleanup                   44 us
[213.793s][info][gc,stats    ] Concurrent Class Unloading         3601 us
[213.793s][info][gc,stats    ]   Unlink Stale                     3279 us
[213.793s][info][gc,stats    ]     System Dictionary                48 us
[213.793s][info][gc,stats    ]     Weak Class Links                  0 us
[213.793s][info][gc,stats    ]     Code Roots                     3231 us
[213.793s][info][gc,stats    ]   Rendezvous                         23 us
[213.793s][info][gc,stats    ]   Purge Unlinked                    255 us
[213.793s][info][gc,stats    ]     Code Roots                      249 us
[213.793s][info][gc,stats    ]     CLDG                              6 us
[213.793s][info][gc,stats    ]     Exception Caches                  0 us
[213.793s][info][gc,stats    ] Concurrent Strong Roots             272 us, parallelism: 0.71x
[213.793s][info][gc,stats    ]   CSR: <total>                      193 us
[213.793s][info][gc,stats    ]   CSR: VM Strong Roots                8 us, workers (us):   4,   4, ---, ---, 
[213.793s][info][gc,stats    ]   CSR: CLDG Roots                   185 us, workers (us): ---, 185, ---, ---, 
[213.793s][info][gc,stats    ] Concurrent Evacuation             42018 us
[213.793s][info][gc,stats    ] Pause Init Update Refs (G)           86 us
[213.793s][info][gc,stats    ] Pause Init Update Refs (N)           56 us
[213.793s][info][gc,stats    ]   Manage GCLABs                       6 us
[213.793s][info][gc,stats    ] Concurrent Update Refs           139423 us
[213.793s][info][gc,stats    ] Concurrent Update Thread Roots     1655 us
[213.793s][info][gc,stats    ] Pause Final Update Refs (G)         209 us
[213.793s][info][gc,stats    ] Pause Final Update Refs (N)         133 us
[213.793s][info][gc,stats    ]   Update Region States               52 us
[213.793s][info][gc,stats    ]   Trash Collection Set               15 us
[213.793s][info][gc,stats    ]   Rebuild Free Set                   11 us
[213.793s][info][gc,stats    ] Concurrent Cleanup                  116 us
[213.794s][info][gc,stats    ] 
[213.794s][info][gc,stats    ] Allocation pacing accrued:
[213.794s][info][gc,stats    ]       0 of  9652 ms (  0.0%): <total>
[213.794s][info][gc,stats    ]       0 of  9652 ms (  0.0%): <average total>
[213.794s][info][gc,stats    ] 
[213.794s][info][gc,metaspace] Metaspace: 133331K(134720K)->133331K(134720K) NonClass: 112556K(113344K)->112557K(113344K) Class: 20774K(21376K)->20774K(21376K)
[213.794s][info][gc,ergo     ] Pacer for Idle. Initial: 163M, Alloc Tax Rate: 1.0x
[221.635s][info][gc          ] Trigger: Average GC time (473.37 ms) is above the time for instantaneous allocation rate (1435 MB/s) to deplete free headroom (546M) (spike threshold = 1.79)
[221.635s][info][gc,ergo     ] Free: 955M, Max: 4096K regular, 484M humongous, Frag: 49% external, 0% internal; Reserve: 412M, Max: 4096K
[221.635s][info][gc,start    ] GC(24) Concurrent reset
[221.635s][info][gc,task     ] GC(24) Using 2 of 4 workers for concurrent reset
[221.635s][info][gc,ergo     ] GC(24) Pacer for Reset. Non-Taxable: 8192M
[221.651s][info][gc          ] GC(24) Concurrent reset 15.684ms
[221.651s][info][gc,start    ] GC(24) Pause Init Mark (unload classes)
[221.651s][info][gc,task     ] GC(24) Using 4 of 4 workers for init marking
[221.651s][info][gc,ergo     ] GC(24) Pacer for Mark. Expected Live: 473M, Free: 951M, Non-Taxable: 97480K, Alloc Tax Rate: 0.6x
[221.651s][info][gc          ] GC(24) Pause Init Mark (unload classes) 0.121ms
[221.651s][info][gc,start    ] GC(24) Concurrent marking roots
[221.651s][info][gc,task     ] GC(24) Using 2 of 4 workers for concurrent marking roots
[221.652s][info][gc          ] GC(24) Concurrent marking roots 1.125ms
[221.652s][info][gc,start    ] GC(24) Concurrent marking (unload classes)
[221.652s][info][gc,task     ] GC(24) Using 2 of 4 workers for concurrent marking
[221.899s][info][gc          ] GC(24) Concurrent marking (unload classes) 247.375ms
[221.900s][info][gc,start    ] GC(24) Pause Final Mark (unload classes)
[221.900s][info][gc,task     ] GC(24) Using 4 of 4 workers for final marking
[221.900s][info][gc,ergo     ] GC(24) Adaptive CSet Selection. Target Free: 1160M, Actual Free: 2728M, Max CSet: 341M, Min Garbage: 0B
[221.900s][info][gc,ergo     ] GC(24) Collectable Garbage: 6275M (99%), Immediate: 1540M (24%), CSet: 4735M (75%)
[221.900s][info][gc,ergo     ] GC(24) Pacer for Evacuation. Used CSet: 4856M, Free: 2331M, Non-Taxable: 233M, Alloc Tax Rate: 5.1x
[221.900s][info][gc          ] GC(24) Pause Final Mark (unload classes) 0.238ms
[221.900s][info][gc,start    ] GC(24) Concurrent thread roots
[221.900s][info][gc,task     ] GC(24) Using 2 of 4 workers for Concurrent thread roots
[221.901s][info][gc          ] GC(24) Concurrent thread roots 0.904ms
[221.901s][info][gc,start    ] GC(24) Concurrent weak references
[221.901s][info][gc,task     ] GC(24) Using 2 of 4 workers for concurrent weak references
[221.901s][info][gc,ref      ] GC(24) Encountered references: Soft: 6071, Weak: 23079, Final: 34, Phantom: 602
[221.901s][info][gc,ref      ] GC(24) Discovered  references: Soft: 0, Weak: 11524, Final: 33, Phantom: 436
[221.901s][info][gc,ref      ] GC(24) Enqueued    references: Soft: 0, Weak: 3, Final: 0, Phantom: 0
[221.901s][info][gc          ] GC(24) Concurrent weak references 0.532ms
[221.901s][info][gc,start    ] GC(24) Concurrent weak roots
[221.901s][info][gc,task     ] GC(24) Using 2 of 4 workers for concurrent weak root
[221.903s][info][gc          ] GC(24) Concurrent weak roots 2.186ms
[221.903s][info][gc,start    ] GC(24) Concurrent cleanup
[221.903s][info][gc          ] GC(24) Concurrent cleanup 6996M->5456M(8192M) 0.036ms
[221.903s][info][gc,ergo     ] GC(24) Free: 2323M, Max: 4096K regular, 484M humongous, Frag: 79% external, 0% internal; Reserve: 411M, Max: 4096K
[221.904s][info][gc,start    ] GC(24) Concurrent class unloading
[221.904s][info][gc,task     ] GC(24) Using 2 of 4 workers for concurrent class unloading
[221.907s][info][gc          ] GC(24) Concurrent class unloading 3.725ms
[221.907s][info][gc,start    ] GC(24) Concurrent strong roots
[221.907s][info][gc,task     ] GC(24) Using 2 of 4 workers for concurrent strong root
[221.908s][info][gc          ] GC(24) Concurrent strong roots 0.277ms
[221.908s][info][gc,start    ] GC(24) Concurrent evacuation
[221.908s][info][gc,task     ] GC(24) Using 2 of 4 workers for concurrent evacuation
[221.965s][info][gc          ] GC(24) Concurrent evacuation 57.517ms
[221.965s][info][gc,start    ] GC(24) Pause Init Update Refs
[221.965s][info][gc,ergo     ] GC(24) Pacer for Update Refs. Used: 5624M, Free: 2283M, Non-Taxable: 228M, Alloc Tax Rate: 3.0x
[221.965s][info][gc          ] GC(24) Pause Init Update Refs 0.043ms
[221.965s][info][gc,start    ] GC(24) Concurrent update references
[221.965s][info][gc,task     ] GC(24) Using 2 of 4 workers for concurrent reference update
[222.122s][info][gc          ] GC(24) Concurrent update references 156.769ms
[222.122s][info][gc,start    ] GC(24) Concurrent update thread roots
[222.124s][info][gc          ] GC(24) Concurrent update thread roots 1.538ms
[222.124s][info][gc,start    ] GC(24) Pause Final Update Refs
[222.124s][info][gc,task     ] GC(24) Using 4 of 4 workers for final reference update
[222.124s][info][gc          ] GC(24) Pause Final Update Refs 0.108ms
[222.124s][info][gc,start    ] GC(24) Concurrent cleanup
[222.124s][info][gc          ] GC(24) Concurrent cleanup 5712M->856M(8192M) 0.065ms
[222.124s][info][gc,ergo     ] Free: 6923M, Max: 4096K regular, 5688M humongous, Frag: 18% external, 0% internal; Reserve: 412M, Max: 4096K
[222.124s][info][gc,stats    ] 
[222.124s][info][gc,stats    ] All times are wall-clock times, except per-root-class counters, that are sum over
[222.124s][info][gc,stats    ] all workers. Dividing the <total> over the root stage time estimates parallelism.
[222.124s][info][gc,stats    ] 
[222.124s][info][gc,stats    ] Concurrent Reset                  15742 us
[222.124s][info][gc,stats    ] Pause Init Mark (G)                 158 us
[222.124s][info][gc,stats    ] Pause Init Mark (N)                 132 us
[222.124s][info][gc,stats    ]   Update Region States               54 us
[222.124s][info][gc,stats    ] Concurrent Mark Roots              1143 us, parallelism: 1.70x
[222.124s][info][gc,stats    ]   CMR: <total>                     1944 us
[222.124s][info][gc,stats    ]   CMR: Thread Roots                1804 us, workers (us): 843, 960, ---, ---, 
[222.124s][info][gc,stats    ]   CMR: VM Strong Roots               14 us, workers (us):   6,   8, ---, ---, 
[222.124s][info][gc,stats    ]   CMR: CLDG Roots                   126 us, workers (us): 126, ---, ---, ---, 
[222.124s][info][gc,stats    ] Concurrent Marking               247418 us
[222.124s][info][gc,stats    ] Pause Final Mark (G)                277 us
[222.124s][info][gc,stats    ] Pause Final Mark (N)                251 us
[222.124s][info][gc,stats    ]   Finish Mark                        18 us
[222.124s][info][gc,stats    ]   Update Region States               16 us
[222.124s][info][gc,stats    ]   Choose Collection Set             134 us
[222.124s][info][gc,stats    ]   Rebuild Free Set                   10 us
[222.124s][info][gc,stats    ] Concurrent Thread Roots             917 us, parallelism: 1.89x
[222.124s][info][gc,stats    ]   CTR: <total>                     1734 us
[222.124s][info][gc,stats    ]   CTR: Thread Roots                1734 us, workers (us): 864, 869, ---, ---, 
[222.124s][info][gc,stats    ] Concurrent Weak References          543 us, parallelism: 0.90x
[222.124s][info][gc,stats    ]   CWRF: <total>                     492 us
[222.124s][info][gc,stats    ]   CWRF: Weak References             492 us, workers (us): 470,  21, ---, ---, 
[222.124s][info][gc,stats    ] Concurrent Weak Roots              2212 us
[222.124s][info][gc,stats    ]   Roots                            2099 us, parallelism: 1.88x
[222.124s][info][gc,stats    ]     CWR: <total>                   3952 us
[222.124s][info][gc,stats    ]     CWR: Code Cache Roots          2459 us, workers (us): 1228, 1231, ---, ---, 
[222.124s][info][gc,stats    ]     CWR: VM Weak Roots             1426 us, workers (us): 713, 713, ---, ---, 
[222.124s][info][gc,stats    ]     CWR: CLDG Roots                  68 us, workers (us): ---,  68, ---, ---, 
[222.124s][info][gc,stats    ]   Rendezvous                         66 us
[222.124s][info][gc,stats    ] Concurrent Cleanup                   49 us
[222.124s][info][gc,stats    ] Concurrent Class Unloading         3746 us
[222.124s][info][gc,stats    ]   Unlink Stale                     3335 us
[222.124s][info][gc,stats    ]     System Dictionary                55 us
[222.124s][info][gc,stats    ]     Weak Class Links                  0 us
[222.124s][info][gc,stats    ]     Code Roots                     3279 us
[222.124s][info][gc,stats    ]   Rendezvous                        113 us
[222.124s][info][gc,stats    ]   Purge Unlinked                    254 us
[222.124s][info][gc,stats    ]     Code Roots                      245 us
[222.124s][info][gc,stats    ]     CLDG                              8 us
[222.124s][info][gc,stats    ]     Exception Caches                  0 us
[222.124s][info][gc,stats    ] Concurrent Strong Roots             290 us, parallelism: 0.68x
[222.124s][info][gc,stats    ]   CSR: <total>                      197 us
[222.124s][info][gc,stats    ]   CSR: VM Strong Roots                8 us, workers (us):   8,   0, ---, ---, 
[222.124s][info][gc,stats    ]   CSR: CLDG Roots                   190 us, workers (us): 190, ---, ---, ---, 
[222.124s][info][gc,stats    ] Concurrent Evacuation             57566 us
[222.124s][info][gc,stats    ] Pause Init Update Refs (G)          113 us
[222.124s][info][gc,stats    ] Pause Init Update Refs (N)           54 us
[222.124s][info][gc,stats    ]   Manage GCLABs                       5 us
[222.124s][info][gc,stats    ] Concurrent Update Refs           156817 us
[222.124s][info][gc,stats    ] Concurrent Update Thread Roots     1562 us
[222.124s][info][gc,stats    ] Pause Final Update Refs (G)         187 us
[222.124s][info][gc,stats    ] Pause Final Update Refs (N)         134 us
[222.124s][info][gc,stats    ]   Update Region States               43 us
[222.125s][info][gc,stats    ]   Trash Collection Set               13 us
[222.125s][info][gc,stats    ]   Rebuild Free Set                   12 us
[222.125s][info][gc,stats    ] Concurrent Cleanup                   78 us
[222.125s][info][gc,stats    ] 
[222.125s][info][gc,stats    ] Allocation pacing accrued:
[222.125s][info][gc,stats    ]       0 of  8331 ms (  0.0%): <total>
[222.125s][info][gc,stats    ]       0 of  8331 ms (  0.0%): <average total>
[222.125s][info][gc,stats    ] 
[222.125s][info][gc,metaspace] Metaspace: 133348K(134720K)->133352K(134720K) NonClass: 112573K(113344K)->112577K(113344K) Class: 20774K(21376K)->20774K(21376K)
[222.125s][info][gc,ergo     ] Pacer for Idle. Initial: 163M, Alloc Tax Rate: 1.0x
[231.705s][info][gc          ] Trigger: Free (816M) is below minimum threshold (819M)
[231.705s][info][gc,ergo     ] Free: 816M, Max: 4096K regular, 444M humongous, Frag: 45% external, 1% internal; Reserve: 412M, Max: 4096K
[231.705s][info][gc,start    ] GC(25) Concurrent reset
[231.705s][info][gc,task     ] GC(25) Using 2 of 4 workers for concurrent reset
[231.705s][info][gc,ergo     ] GC(25) Pacer for Reset. Non-Taxable: 8192M
[231.718s][info][gc          ] GC(25) Concurrent reset 12.745ms
[231.718s][info][gc,start    ] GC(25) Pause Init Mark (unload classes)
[231.718s][info][gc,task     ] GC(25) Using 4 of 4 workers for init marking
[231.718s][info][gc,ergo     ] GC(25) Pacer for Mark. Expected Live: 478M, Free: 811M, Non-Taxable: 83094K, Alloc Tax Rate: 0.7x
[231.718s][info][gc          ] GC(25) Pause Init Mark (unload classes) 0.097ms
[231.718s][info][gc,start    ] GC(25) Concurrent marking roots
[231.718s][info][gc,task     ] GC(25) Using 2 of 4 workers for concurrent marking roots
[231.720s][info][gc          ] GC(25) Concurrent marking roots 1.136ms
[231.720s][info][gc,start    ] GC(25) Concurrent marking (unload classes)
[231.720s][info][gc,task     ] GC(25) Using 2 of 4 workers for concurrent marking
[231.942s][info][gc          ] GC(25) Concurrent marking (unload classes) 222.710ms
[231.942s][info][gc,start    ] GC(25) Pause Final Mark (unload classes)
[231.942s][info][gc,task     ] GC(25) Using 4 of 4 workers for final marking
[231.943s][info][gc,ergo     ] GC(25) Adaptive CSet Selection. Target Free: 1160M, Actual Free: 3204M, Max CSet: 341M, Min Garbage: 0B
[231.943s][info][gc,ergo     ] GC(25) Collectable Garbage: 6472M (99%), Immediate: 2104M (32%), CSet: 4368M (67%)
[231.943s][info][gc,ergo     ] GC(25) Pacer for Evacuation. Used CSet: 4432M, Free: 2811M, Non-Taxable: 281M, Alloc Tax Rate: 3.9x
[231.943s][info][gc          ] GC(25) Pause Final Mark (unload classes) 0.375ms
[231.943s][info][gc,start    ] GC(25) Concurrent thread roots
[231.943s][info][gc,task     ] GC(25) Using 2 of 4 workers for Concurrent thread roots
[231.944s][info][gc          ] GC(25) Concurrent thread roots 0.955ms
[231.944s][info][gc,start    ] GC(25) Concurrent weak references
[231.944s][info][gc,task     ] GC(25) Using 2 of 4 workers for concurrent weak references
[231.944s][info][gc,ref      ] GC(25) Encountered references: Soft: 6071, Weak: 23082, Final: 34, Phantom: 606
[231.944s][info][gc,ref      ] GC(25) Discovered  references: Soft: 0, Weak: 661, Final: 0, Phantom: 440
[231.944s][info][gc,ref      ] GC(25) Enqueued    references: Soft: 0, Weak: 3, Final: 0, Phantom: 1
[231.944s][info][gc          ] GC(25) Concurrent weak references 0.102ms
[231.944s][info][gc,start    ] GC(25) Concurrent weak roots
[231.944s][info][gc,task     ] GC(25) Using 2 of 4 workers for concurrent weak root
[231.946s][info][gc          ] GC(25) Concurrent weak roots 2.120ms
[231.946s][info][gc,start    ] GC(25) Concurrent cleanup
[231.946s][info][gc          ] GC(25) Concurrent cleanup 7080M->4976M(8192M) 0.039ms
[231.946s][info][gc,ergo     ] GC(25) Free: 2803M, Max: 4096K regular, 448M humongous, Frag: 84% external, 0% internal; Reserve: 411M, Max: 4096K
[231.946s][info][gc,start    ] GC(25) Concurrent class unloading
[231.946s][info][gc,task     ] GC(25) Using 2 of 4 workers for concurrent class unloading
[231.950s][info][gc          ] GC(25) Concurrent class unloading 3.718ms
[231.950s][info][gc,start    ] GC(25) Concurrent strong roots
[231.950s][info][gc,task     ] GC(25) Using 2 of 4 workers for concurrent strong root
[231.950s][info][gc          ] GC(25) Concurrent strong roots 0.266ms
[231.950s][info][gc,start    ] GC(25) Concurrent evacuation
[231.950s][info][gc,task     ] GC(25) Using 2 of 4 workers for concurrent evacuation
[231.981s][info][gc          ] GC(25) Concurrent evacuation 31.366ms
[231.982s][info][gc,start    ] GC(25) Pause Init Update Refs
[231.982s][info][gc,ergo     ] GC(25) Pacer for Update Refs. Used: 5048M, Free: 2799M, Non-Taxable: 279M, Alloc Tax Rate: 2.2x
[231.982s][info][gc          ] GC(25) Pause Init Update Refs 0.045ms
[231.982s][info][gc,start    ] GC(25) Concurrent update references
[231.982s][info][gc,task     ] GC(25) Using 2 of 4 workers for concurrent reference update
[232.106s][info][gc          ] GC(25) Concurrent update references 124.588ms
[232.106s][info][gc,start    ] GC(25) Concurrent update thread roots
[232.108s][info][gc          ] GC(25) Concurrent update thread roots 1.462ms
[232.108s][info][gc,start    ] GC(25) Pause Final Update Refs
[232.108s][info][gc,task     ] GC(25) Using 4 of 4 workers for final reference update
[232.108s][info][gc          ] GC(25) Pause Final Update Refs 0.095ms
[232.108s][info][gc,start    ] GC(25) Concurrent cleanup
[232.108s][info][gc          ] GC(25) Concurrent cleanup 5068M->636M(8192M) 0.063ms
[232.108s][info][gc,ergo     ] Free: 7143M, Max: 4096K regular, 5848M humongous, Frag: 18% external, 0% internal; Reserve: 412M, Max: 4096K
[232.108s][info][gc,stats    ] 
[232.108s][info][gc,stats    ] All times are wall-clock times, except per-root-class counters, that are sum over
[232.108s][info][gc,stats    ] all workers. Dividing the <total> over the root stage time estimates parallelism.
[232.108s][info][gc,stats    ] 
[232.108s][info][gc,stats    ] Concurrent Reset                  12812 us
[232.108s][info][gc,stats    ] Pause Init Mark (G)                 153 us
[232.108s][info][gc,stats    ] Pause Init Mark (N)                 108 us
[232.108s][info][gc,stats    ]   Update Region States               36 us
[232.108s][info][gc,stats    ] Concurrent Mark Roots              1156 us, parallelism: 1.69x
[232.108s][info][gc,stats    ]   CMR: <total>                     1947 us
[232.108s][info][gc,stats    ]   CMR: Thread Roots                1808 us, workers (us): 848, 959, ---, ---, 
[232.108s][info][gc,stats    ]   CMR: VM Strong Roots               11 us, workers (us):  11,   0, ---, ---, 
[232.108s][info][gc,stats    ]   CMR: CLDG Roots                   129 us, workers (us): 129, ---, ---, ---, 
[232.108s][info][gc,stats    ] Concurrent Marking               222757 us
[232.108s][info][gc,stats    ] Pause Final Mark (G)                446 us
[232.108s][info][gc,stats    ] Pause Final Mark (N)                386 us
[232.108s][info][gc,stats    ]   Finish Mark                        75 us
[232.108s][info][gc,stats    ]   Update Region States               95 us
[232.108s][info][gc,stats    ]   Choose Collection Set             137 us
[232.108s][info][gc,stats    ]   Rebuild Free Set                   11 us
[232.108s][info][gc,stats    ] Concurrent Thread Roots             972 us, parallelism: 1.86x
[232.108s][info][gc,stats    ]   CTR: <total>                     1810 us
[232.108s][info][gc,stats    ]   CTR: Thread Roots                1810 us, workers (us): 920, 890, ---, ---, 
[232.108s][info][gc,stats    ] Concurrent Weak References          112 us, parallelism: 0.43x
[232.108s][info][gc,stats    ]   CWRF: <total>                      48 us
[232.108s][info][gc,stats    ]   CWRF: Weak References              48 us, workers (us):  40,   9, ---, ---, 
[232.108s][info][gc,stats    ] Concurrent Weak Roots              2135 us
[232.108s][info][gc,stats    ]   Roots                            2035 us, parallelism: 1.89x
[232.108s][info][gc,stats    ]     CWR: <total>                   3857 us
[232.108s][info][gc,stats    ]     CWR: Code Cache Roots          2401 us, workers (us): 1199, 1202, ---, ---, 
[232.108s][info][gc,stats    ]     CWR: VM Weak Roots             1407 us, workers (us): 704, 703, ---, ---, 
[232.108s][info][gc,stats    ]     CWR: CLDG Roots                  49 us, workers (us):  49, ---, ---, ---, 
[232.108s][info][gc,stats    ]   Rendezvous                         64 us
[232.108s][info][gc,stats    ] Concurrent Cleanup                   51 us
[232.108s][info][gc,stats    ] Concurrent Class Unloading         3742 us
[232.108s][info][gc,stats    ]   Unlink Stale                     3382 us
[232.108s][info][gc,stats    ]     System Dictionary                45 us
[232.108s][info][gc,stats    ]     Weak Class Links                  0 us
[232.108s][info][gc,stats    ]     Code Roots                     3336 us
[232.108s][info][gc,stats    ]   Rendezvous                        141 us
[232.108s][info][gc,stats    ]   Purge Unlinked                    172 us
[232.108s][info][gc,stats    ]     Code Roots                      168 us
[232.108s][info][gc,stats    ]     CLDG                              4 us
[232.108s][info][gc,stats    ]     Exception Caches                  0 us
[232.108s][info][gc,stats    ] Concurrent Strong Roots             294 us, parallelism: 0.69x
[232.108s][info][gc,stats    ]   CSR: <total>                      202 us
[232.108s][info][gc,stats    ]   CSR: VM Strong Roots                7 us, workers (us):   4,   3, ---, ---, 
[232.108s][info][gc,stats    ]   CSR: CLDG Roots                   194 us, workers (us): 194, ---, ---, ---, 
[232.108s][info][gc,stats    ] Concurrent Evacuation             31414 us
[232.108s][info][gc,stats    ] Pause Init Update Refs (G)           83 us
[232.109s][info][gc,stats    ] Pause Init Update Refs (N)           56 us
[232.109s][info][gc,stats    ]   Manage GCLABs                       5 us
[232.109s][info][gc,stats    ] Concurrent Update Refs           124632 us
[232.109s][info][gc,stats    ] Concurrent Update Thread Roots     1490 us
[232.109s][info][gc,stats    ] Pause Final Update Refs (G)         147 us
[232.109s][info][gc,stats    ] Pause Final Update Refs (N)         119 us
[232.109s][info][gc,stats    ]   Update Region States               28 us
[232.109s][info][gc,stats    ]   Trash Collection Set               14 us
[232.109s][info][gc,stats    ]   Rebuild Free Set                   12 us
[232.109s][info][gc,stats    ] Concurrent Cleanup                   77 us
[232.109s][info][gc,stats    ] 
[232.109s][info][gc,stats    ] Allocation pacing accrued:
[232.109s][info][gc,stats    ]       0 of  9984 ms (  0.0%): <total>
[232.109s][info][gc,stats    ]       0 of  9984 ms (  0.0%): <average total>
[232.109s][info][gc,stats    ] 
[232.109s][info][gc,metaspace] Metaspace: 133384K(134720K)->133384K(134720K) NonClass: 112608K(113344K)->112608K(113344K) Class: 20775K(21376K)->20775K(21376K)
[232.109s][info][gc,ergo     ] Pacer for Idle. Initial: 163M, Alloc Tax Rate: 1.0x
[241.864s][info][gc          ] Trigger: Average GC time (500.96 ms) is above the time for instantaneous allocation rate (1470 MB/s) to deplete free headroom (633M) (spike threshold = 1.78)
[241.864s][info][gc,ergo     ] Free: 1043M, Max: 4096K regular, 504M humongous, Frag: 51% external, 0% internal; Reserve: 412M, Max: 4096K
[241.864s][info][gc,start    ] GC(26) Concurrent reset
[241.864s][info][gc,task     ] GC(26) Using 2 of 4 workers for concurrent reset
[241.864s][info][gc,ergo     ] GC(26) Pacer for Reset. Non-Taxable: 8192M
[241.875s][info][gc          ] GC(26) Concurrent reset 11.260ms
[241.875s][info][gc,start    ] GC(26) Pause Init Mark (unload classes)
[241.876s][info][gc,task     ] GC(26) Using 4 of 4 workers for init marking
[241.876s][info][gc,ergo     ] GC(26) Pacer for Mark. Expected Live: 479M, Free: 1035M, Non-Taxable: 103M, Alloc Tax Rate: 0.6x
[241.876s][info][gc          ] GC(26) Pause Init Mark (unload classes) 0.102ms
[241.876s][info][gc,start    ] GC(26) Concurrent marking roots
[241.876s][info][gc,task     ] GC(26) Using 2 of 4 workers for concurrent marking roots
[241.877s][info][gc          ] GC(26) Concurrent marking roots 1.126ms
[241.877s][info][gc,start    ] GC(26) Concurrent marking (unload classes)
[241.877s][info][gc,task     ] GC(26) Using 2 of 4 workers for concurrent marking
[242.107s][info][gc          ] GC(26) Concurrent marking (unload classes) 229.896ms
[242.107s][info][gc,start    ] GC(26) Pause Final Mark (unload classes)
[242.107s][info][gc,task     ] GC(26) Using 4 of 4 workers for final marking
[242.107s][info][gc,ergo     ] GC(26) Adaptive CSet Selection. Target Free: 1160M, Actual Free: 2640M, Max CSet: 341M, Min Garbage: 0B
[242.107s][info][gc,ergo     ] GC(26) Collectable Garbage: 6227M (99%), Immediate: 1388M (22%), CSet: 4839M (77%)
[242.107s][info][gc,ergo     ] GC(26) Pacer for Evacuation. Used CSet: 4920M, Free: 2247M, Non-Taxable: 224M, Alloc Tax Rate: 5.4x
[242.107s][info][gc          ] GC(26) Pause Final Mark (unload classes) 0.280ms
[242.107s][info][gc,start    ] GC(26) Concurrent thread roots
[242.107s][info][gc,task     ] GC(26) Using 2 of 4 workers for Concurrent thread roots
[242.108s][info][gc          ] GC(26) Concurrent thread roots 0.863ms
[242.108s][info][gc,start    ] GC(26) Concurrent weak references
[242.108s][info][gc,task     ] GC(26) Using 2 of 4 workers for concurrent weak references
[242.108s][info][gc,ref      ] GC(26) Encountered references: Soft: 6071, Weak: 23084, Final: 34, Phantom: 611
[242.108s][info][gc,ref      ] GC(26) Discovered  references: Soft: 0, Weak: 2171, Final: 0, Phantom: 439
[242.108s][info][gc,ref      ] GC(26) Enqueued    references: Soft: 0, Weak: 3, Final: 0, Phantom: 0
[242.108s][info][gc          ] GC(26) Concurrent weak references 0.176ms
[242.108s][info][gc,start    ] GC(26) Concurrent weak roots
[242.108s][info][gc,task     ] GC(26) Using 2 of 4 workers for concurrent weak root
[242.110s][info][gc          ] GC(26) Concurrent weak roots 2.239ms
[242.110s][info][gc,start    ] GC(26) Concurrent cleanup
[242.110s][info][gc          ] GC(26) Concurrent cleanup 6928M->5540M(8192M) 0.032ms
[242.110s][info][gc,ergo     ] GC(26) Free: 2239M, Max: 4096K regular, 504M humongous, Frag: 78% external, 0% internal; Reserve: 411M, Max: 4096K
[242.110s][info][gc,start    ] GC(26) Concurrent class unloading
[242.110s][info][gc,task     ] GC(26) Using 2 of 4 workers for concurrent class unloading
[242.114s][info][gc          ] GC(26) Concurrent class unloading 3.762ms
[242.114s][info][gc,start    ] GC(26) Concurrent strong roots
[242.114s][info][gc,task     ] GC(26) Using 2 of 4 workers for concurrent strong root
[242.114s][info][gc          ] GC(26) Concurrent strong roots 0.262ms
[242.114s][info][gc,start    ] GC(26) Concurrent evacuation
[242.114s][info][gc,task     ] GC(26) Using 2 of 4 workers for concurrent evacuation
[242.155s][info][gc          ] GC(26) Concurrent evacuation 40.657ms
[242.155s][info][gc,start    ] GC(26) Pause Init Update Refs
[242.155s][info][gc,ergo     ] GC(26) Pacer for Update Refs. Used: 5660M, Free: 2207M, Non-Taxable: 220M, Alloc Tax Rate: 3.1x
[242.155s][info][gc          ] GC(26) Pause Init Update Refs 0.048ms
[242.155s][info][gc,start    ] GC(26) Concurrent update references
[242.155s][info][gc,task     ] GC(26) Using 2 of 4 workers for concurrent reference update
[242.301s][info][gc          ] GC(26) Concurrent update references 145.289ms
[242.301s][info][gc,start    ] GC(26) Concurrent update thread roots
[242.302s][info][gc          ] GC(26) Concurrent update thread roots 1.590ms
[242.302s][info][gc,start    ] GC(26) Pause Final Update Refs
[242.302s][info][gc,task     ] GC(26) Using 4 of 4 workers for final reference update
[242.302s][info][gc          ] GC(26) Pause Final Update Refs 0.098ms
[242.302s][info][gc,start    ] GC(26) Concurrent cleanup
[242.302s][info][gc          ] GC(26) Concurrent cleanup 5752M->832M(8192M) 0.062ms
[242.302s][info][gc,ergo     ] Free: 6947M, Max: 4096K regular, 5612M humongous, Frag: 19% external, 0% internal; Reserve: 412M, Max: 4096K
[242.302s][info][gc,stats    ] 
[242.302s][info][gc,stats    ] All times are wall-clock times, except per-root-class counters, that are sum over
[242.302s][info][gc,stats    ] all workers. Dividing the <total> over the root stage time estimates parallelism.
[242.303s][info][gc,stats    ] 
[242.303s][info][gc,stats    ] Concurrent Reset                  11318 us
[242.303s][info][gc,stats    ] Pause Init Mark (G)                 146 us
[242.303s][info][gc,stats    ] Pause Init Mark (N)                 112 us
[242.303s][info][gc,stats    ]   Update Region States               37 us
[242.303s][info][gc,stats    ] Concurrent Mark Roots              1147 us, parallelism: 1.64x
[242.303s][info][gc,stats    ]   CMR: <total>                     1886 us
[242.303s][info][gc,stats    ]   CMR: Thread Roots                1744 us, workers (us): 808, 936, ---, ---, 
[242.303s][info][gc,stats    ]   CMR: VM Strong Roots               13 us, workers (us):  12,   0, ---, ---, 
[242.303s][info][gc,stats    ]   CMR: CLDG Roots                   129 us, workers (us): 129, ---, ---, ---, 
[242.303s][info][gc,stats    ] Concurrent Marking               229937 us
[242.303s][info][gc,stats    ] Pause Final Mark (G)                317 us
[242.303s][info][gc,stats    ] Pause Final Mark (N)                291 us
[242.303s][info][gc,stats    ]   Finish Mark                        51 us
[242.303s][info][gc,stats    ]   Update Region States               17 us
[242.303s][info][gc,stats    ]   Choose Collection Set             147 us
[242.303s][info][gc,stats    ]   Rebuild Free Set                   10 us
[242.303s][info][gc,stats    ] Concurrent Thread Roots             879 us, parallelism: 1.84x
[242.303s][info][gc,stats    ]   CTR: <total>                     1615 us
[242.303s][info][gc,stats    ]   CTR: Thread Roots                1615 us, workers (us): 825, 790, ---, ---, 
[242.303s][info][gc,stats    ] Concurrent Weak References          187 us, parallelism: 0.61x
[242.303s][info][gc,stats    ]   CWRF: <total>                     114 us
[242.303s][info][gc,stats    ]   CWRF: Weak References             114 us, workers (us): 114,   0, ---, ---, 
[242.303s][info][gc,stats    ] Concurrent Weak Roots              2257 us
[242.303s][info][gc,stats    ]   Roots                            2131 us, parallelism: 1.91x
[242.303s][info][gc,stats    ]     CWR: <total>                   4071 us
[242.303s][info][gc,stats    ]     CWR: Code Cache Roots          2601 us, workers (us): 1284, 1317, ---, ---, 
[242.303s][info][gc,stats    ]     CWR: VM Weak Roots             1409 us, workers (us): 704, 705, ---, ---, 
[242.303s][info][gc,stats    ]     CWR: CLDG Roots                  61 us, workers (us):  61, ---, ---, ---, 
[242.303s][info][gc,stats    ]   Rendezvous                         87 us
[242.303s][info][gc,stats    ] Concurrent Cleanup                   45 us
[242.303s][info][gc,stats    ] Concurrent Class Unloading         3785 us
[242.303s][info][gc,stats    ]   Unlink Stale                     3479 us
[242.303s][info][gc,stats    ]     System Dictionary                55 us
[242.303s][info][gc,stats    ]     Weak Class Links                  0 us
[242.303s][info][gc,stats    ]     Code Roots                     3423 us
[242.303s][info][gc,stats    ]   Rendezvous                         72 us
[242.303s][info][gc,stats    ]   Purge Unlinked                    189 us
[242.303s][info][gc,stats    ]     Code Roots                      183 us
[242.303s][info][gc,stats    ]     CLDG                              5 us
[242.303s][info][gc,stats    ]     Exception Caches                  0 us
[242.303s][info][gc,stats    ] Concurrent Strong Roots             277 us, parallelism: 0.70x
[242.303s][info][gc,stats    ]   CSR: <total>                      193 us
[242.303s][info][gc,stats    ]   CSR: VM Strong Roots                8 us, workers (us):   4,   4, ---, ---, 
[242.303s][info][gc,stats    ]   CSR: CLDG Roots                   185 us, workers (us): 185, ---, ---, ---, 
[242.303s][info][gc,stats    ] Concurrent Evacuation             40705 us
[242.303s][info][gc,stats    ] Pause Init Update Refs (G)           89 us
[242.303s][info][gc,stats    ] Pause Init Update Refs (N)           59 us
[242.303s][info][gc,stats    ]   Manage GCLABs                       6 us
[242.303s][info][gc,stats    ] Concurrent Update Refs           145334 us
[242.303s][info][gc,stats    ] Concurrent Update Thread Roots     1616 us
[242.303s][info][gc,stats    ] Pause Final Update Refs (G)         148 us
[242.303s][info][gc,stats    ] Pause Final Update Refs (N)         121 us
[242.303s][info][gc,stats    ]   Update Region States               38 us
[242.303s][info][gc,stats    ]   Trash Collection Set               11 us
[242.303s][info][gc,stats    ]   Rebuild Free Set                   11 us
[242.303s][info][gc,stats    ] Concurrent Cleanup                   75 us
[242.303s][info][gc,stats    ] 
[242.303s][info][gc,stats    ] Allocation pacing accrued:
[242.303s][info][gc,stats    ]       0 of 10194 ms (  0.0%): <total>
[242.303s][info][gc,stats    ]       0 of 10194 ms (  0.0%): <average total>
[242.303s][info][gc,stats    ] 
[242.303s][info][gc,metaspace] Metaspace: 133396K(134720K)->133396K(134720K) NonClass: 112620K(113344K)->112620K(113344K) Class: 20775K(21376K)->20775K(21376K)
[242.303s][info][gc,ergo     ] Pacer for Idle. Initial: 163M, Alloc Tax Rate: 1.0x
[252.619s][info][gc          ] Trigger: Free (815M) is below minimum threshold (819M)
[252.619s][info][gc,ergo     ] Free: 815M, Max: 4096K regular, 484M humongous, Frag: 40% external, 1% internal; Reserve: 412M, Max: 4096K
[252.619s][info][gc,start    ] GC(27) Concurrent reset
[252.619s][info][gc,task     ] GC(27) Using 2 of 4 workers for concurrent reset
[252.619s][info][gc,ergo     ] GC(27) Pacer for Reset. Non-Taxable: 8192M
[252.632s][info][gc          ] GC(27) Concurrent reset 13.394ms
[252.632s][info][gc,start    ] GC(27) Pause Init Mark (unload classes)
[252.633s][info][gc,task     ] GC(27) Using 4 of 4 workers for init marking
[252.633s][info][gc,ergo     ] GC(27) Pacer for Mark. Expected Live: 479M, Free: 811M, Non-Taxable: 83105K, Alloc Tax Rate: 0.7x
[252.633s][info][gc          ] GC(27) Pause Init Mark (unload classes) 0.133ms
[252.633s][info][gc,start    ] GC(27) Concurrent marking roots
[252.633s][info][gc,task     ] GC(27) Using 2 of 4 workers for concurrent marking roots
[252.634s][info][gc          ] GC(27) Concurrent marking roots 1.124ms
[252.634s][info][gc,start    ] GC(27) Concurrent marking (unload classes)
[252.634s][info][gc,task     ] GC(27) Using 2 of 4 workers for concurrent marking
[252.860s][info][gc          ] GC(27) Concurrent marking (unload classes) 226.216ms
[252.860s][info][gc,start    ] GC(27) Pause Final Mark (unload classes)
[252.860s][info][gc,task     ] GC(27) Using 4 of 4 workers for final marking
[252.860s][info][gc,ergo     ] GC(27) Adaptive CSet Selection. Target Free: 1160M, Actual Free: 3192M, Max CSet: 341M, Min Garbage: 0B
[252.860s][info][gc,ergo     ] GC(27) Collectable Garbage: 6446M (99%), Immediate: 2072M (31%), CSet: 4374M (67%)
[252.860s][info][gc,ergo     ] GC(27) Pacer for Evacuation. Used CSet: 4464M, Free: 2799M, Non-Taxable: 279M, Alloc Tax Rate: 3.9x
[252.860s][info][gc          ] GC(27) Pause Final Mark (unload classes) 0.315ms
[252.860s][info][gc,start    ] GC(27) Concurrent thread roots
[252.860s][info][gc,task     ] GC(27) Using 2 of 4 workers for Concurrent thread roots
[252.861s][info][gc          ] GC(27) Concurrent thread roots 0.914ms
[252.861s][info][gc,start    ] GC(27) Concurrent weak references
[252.861s][info][gc,task     ] GC(27) Using 2 of 4 workers for concurrent weak references
[252.862s][info][gc,ref      ] GC(27) Encountered references: Soft: 6071, Weak: 23097, Final: 34, Phantom: 615
[252.862s][info][gc,ref      ] GC(27) Discovered  references: Soft: 0, Weak: 10460, Final: 0, Phantom: 445
[252.862s][info][gc,ref      ] GC(27) Enqueued    references: Soft: 0, Weak: 10, Final: 0, Phantom: 4
[252.862s][info][gc          ] GC(27) Concurrent weak references 0.718ms
[252.862s][info][gc,start    ] GC(27) Concurrent weak roots
[252.862s][info][gc,task     ] GC(27) Using 2 of 4 workers for concurrent weak root
[252.864s][info][gc          ] GC(27) Concurrent weak roots 2.166ms
[252.864s][info][gc,start    ] GC(27) Concurrent cleanup
[252.864s][info][gc          ] GC(27) Concurrent cleanup 7060M->4988M(8192M) 0.042ms
[252.864s][info][gc,ergo     ] GC(27) Free: 2791M, Max: 4096K regular, 484M humongous, Frag: 83% external, 0% internal; Reserve: 411M, Max: 4096K
[252.864s][info][gc,start    ] GC(27) Concurrent class unloading
[252.864s][info][gc,task     ] GC(27) Using 2 of 4 workers for concurrent class unloading
[252.869s][info][gc          ] GC(27) Concurrent class unloading 4.220ms
[252.869s][info][gc,start    ] GC(27) Concurrent strong roots
[252.869s][info][gc,task     ] GC(27) Using 2 of 4 workers for concurrent strong root
[252.869s][info][gc          ] GC(27) Concurrent strong roots 0.255ms
[252.869s][info][gc,start    ] GC(27) Concurrent evacuation
[252.869s][info][gc,task     ] GC(27) Using 2 of 4 workers for concurrent evacuation
[252.917s][info][gc          ] GC(27) Concurrent evacuation 47.974ms
[252.917s][info][gc,start    ] GC(27) Pause Init Update Refs
[252.917s][info][gc,ergo     ] GC(27) Pacer for Update Refs. Used: 5136M, Free: 2739M, Non-Taxable: 273M, Alloc Tax Rate: 2.3x
[252.917s][info][gc          ] GC(27) Pause Init Update Refs 0.046ms
[252.917s][info][gc,start    ] GC(27) Concurrent update references
[252.917s][info][gc,task     ] GC(27) Using 2 of 4 workers for concurrent reference update
[253.044s][info][gc          ] GC(27) Concurrent update references 127.259ms
[253.044s][info][gc,start    ] GC(27) Concurrent update thread roots
[253.046s][info][gc          ] GC(27) Concurrent update thread roots 1.701ms
[253.046s][info][gc,start    ] GC(27) Pause Final Update Refs
[253.046s][info][gc,task     ] GC(27) Using 4 of 4 workers for final reference update
[253.046s][info][gc          ] GC(27) Pause Final Update Refs 0.111ms
[253.046s][info][gc,start    ] GC(27) Concurrent cleanup
[253.046s][info][gc          ] GC(27) Concurrent cleanup 5160M->700M(8192M) 0.066ms
[253.046s][info][gc,ergo     ] Free: 7079M, Max: 4096K regular, 5944M humongous, Frag: 16% external, 0% internal; Reserve: 412M, Max: 4096K
[253.046s][info][gc,stats    ] 
[253.046s][info][gc,stats    ] All times are wall-clock times, except per-root-class counters, that are sum over
[253.046s][info][gc,stats    ] all workers. Dividing the <total> over the root stage time estimates parallelism.
[253.046s][info][gc,stats    ] 
[253.046s][info][gc,stats    ] Concurrent Reset                  13476 us
[253.046s][info][gc,stats    ] Pause Init Mark (G)                 233 us
[253.046s][info][gc,stats    ] Pause Init Mark (N)                 145 us
[253.046s][info][gc,stats    ]   Update Region States               51 us
[253.046s][info][gc,stats    ] Concurrent Mark Roots              1149 us, parallelism: 1.61x
[253.046s][info][gc,stats    ]   CMR: <total>                     1855 us
[253.046s][info][gc,stats    ]   CMR: Thread Roots                1703 us, workers (us): 798, 905, ---, ---, 
[253.046s][info][gc,stats    ]   CMR: VM Strong Roots               14 us, workers (us):  14,   0, ---, ---, 
[253.046s][info][gc,stats    ]   CMR: CLDG Roots                   138 us, workers (us): 138, ---, ---, ---, 
[253.047s][info][gc,stats    ] Concurrent Marking               226261 us
[253.047s][info][gc,stats    ] Pause Final Mark (G)                352 us
[253.047s][info][gc,stats    ] Pause Final Mark (N)                325 us
[253.047s][info][gc,stats    ]   Finish Mark                        52 us
[253.047s][info][gc,stats    ]   Update Region States               40 us
[253.047s][info][gc,stats    ]   Choose Collection Set             130 us
[253.047s][info][gc,stats    ]   Rebuild Free Set                   10 us
[253.047s][info][gc,stats    ] Concurrent Thread Roots             930 us, parallelism: 1.84x
[253.047s][info][gc,stats    ]   CTR: <total>                     1715 us
[253.047s][info][gc,stats    ]   CTR: Thread Roots                1715 us, workers (us): 867, 849, ---, ---, 
[253.047s][info][gc,stats    ] Concurrent Weak References          729 us, parallelism: 0.89x
[253.047s][info][gc,stats    ]   CWRF: <total>                     648 us
[253.047s][info][gc,stats    ]   CWRF: Weak References             648 us, workers (us): 647,   0, ---, ---, 
[253.047s][info][gc,stats    ] Concurrent Weak Roots              2184 us
[253.047s][info][gc,stats    ]   Roots                            2122 us, parallelism: 1.89x
[253.047s][info][gc,stats    ]     CWR: <total>                   4018 us
[253.047s][info][gc,stats    ]     CWR: Code Cache Roots          2558 us, workers (us): 1335, 1223, ---, ---, 
[253.047s][info][gc,stats    ]     CWR: VM Weak Roots             1411 us, workers (us): 707, 705, ---, ---, 
[253.047s][info][gc,stats    ]     CWR: CLDG Roots                  48 us, workers (us): ---,  48, ---, ---, 
[253.047s][info][gc,stats    ]   Rendezvous                         23 us
[253.047s][info][gc,stats    ] Concurrent Cleanup                   56 us
[253.047s][info][gc,stats    ] Concurrent Class Unloading         4241 us
[253.047s][info][gc,stats    ]   Unlink Stale                     3568 us
[253.047s][info][gc,stats    ]     System Dictionary                40 us
[253.047s][info][gc,stats    ]     Weak Class Links                  0 us
[253.047s][info][gc,stats    ]     Code Roots                     3527 us
[253.047s][info][gc,stats    ]   Rendezvous                         78 us
[253.047s][info][gc,stats    ]   Purge Unlinked                    552 us
[253.047s][info][gc,stats    ]     Code Roots                      535 us
[253.047s][info][gc,stats    ]     CLDG                             17 us
[253.047s][info][gc,stats    ]     Exception Caches                  0 us
[253.047s][info][gc,stats    ] Concurrent Strong Roots             268 us, parallelism: 0.71x
[253.047s][info][gc,stats    ]   CSR: <total>                      190 us
[253.047s][info][gc,stats    ]   CSR: VM Strong Roots                8 us, workers (us):   8,   0, ---, ---, 
[253.047s][info][gc,stats    ]   CSR: CLDG Roots                   182 us, workers (us): 182, ---, ---, ---, 
[253.047s][info][gc,stats    ] Concurrent Evacuation             48013 us
[253.047s][info][gc,stats    ] Pause Init Update Refs (G)          126 us
[253.047s][info][gc,stats    ] Pause Init Update Refs (N)           57 us
[253.047s][info][gc,stats    ]   Manage GCLABs                       5 us
[253.047s][info][gc,stats    ] Concurrent Update Refs           127303 us
[253.047s][info][gc,stats    ] Concurrent Update Thread Roots     1727 us
[253.047s][info][gc,stats    ] Pause Final Update Refs (G)         215 us
[253.047s][info][gc,stats    ] Pause Final Update Refs (N)         125 us
[253.047s][info][gc,stats    ]   Update Region States               26 us
[253.047s][info][gc,stats    ]   Trash Collection Set               14 us
[253.047s][info][gc,stats    ]   Rebuild Free Set                   11 us
[253.047s][info][gc,stats    ] Concurrent Cleanup                   81 us
[253.047s][info][gc,stats    ] 
[253.047s][info][gc,stats    ] Allocation pacing accrued:
[253.047s][info][gc,stats    ]       0 of 10744 ms (  0.0%): <total>
[253.047s][info][gc,stats    ]       0 of 10744 ms (  0.0%): <average total>
[253.047s][info][gc,stats    ] 
[253.047s][info][gc,metaspace] Metaspace: 133430K(134784K)->133430K(134784K) NonClass: 112653K(113408K)->112653K(113408K) Class: 20777K(21376K)->20777K(21376K)
[253.047s][info][gc,ergo     ] Pacer for Idle. Initial: 163M, Alloc Tax Rate: 1.0x
[262.959s][info][gc          ] Trigger: Free (815M) is below minimum threshold (819M)
[262.959s][info][gc,ergo     ] Free: 815M, Max: 4096K regular, 476M humongous, Frag: 41% external, 1% internal; Reserve: 412M, Max: 4096K
[262.959s][info][gc,start    ] GC(28) Concurrent reset
[262.959s][info][gc,task     ] GC(28) Using 2 of 4 workers for concurrent reset
[262.959s][info][gc,ergo     ] GC(28) Pacer for Reset. Non-Taxable: 8192M
[262.972s][info][gc          ] GC(28) Concurrent reset 12.934ms
[262.972s][info][gc,start    ] GC(28) Pause Init Mark (unload classes)
[262.972s][info][gc,task     ] GC(28) Using 4 of 4 workers for init marking
[262.972s][info][gc,ergo     ] GC(28) Pacer for Mark. Expected Live: 482M, Free: 811M, Non-Taxable: 83112K, Alloc Tax Rate: 0.7x
[262.972s][info][gc          ] GC(28) Pause Init Mark (unload classes) 0.120ms
[262.972s][info][gc,start    ] GC(28) Concurrent marking roots
[262.972s][info][gc,task     ] GC(28) Using 2 of 4 workers for concurrent marking roots
[262.973s][info][gc          ] GC(28) Concurrent marking roots 1.120ms
[262.973s][info][gc,start    ] GC(28) Concurrent marking (unload classes)
[262.973s][info][gc,task     ] GC(28) Using 2 of 4 workers for concurrent marking
[263.195s][info][gc          ] GC(28) Concurrent marking (unload classes) 221.966ms
[263.195s][info][gc,start    ] GC(28) Pause Final Mark (unload classes)
[263.195s][info][gc,task     ] GC(28) Using 4 of 4 workers for final marking
[263.196s][info][gc,ergo     ] GC(28) Adaptive CSet Selection. Target Free: 1160M, Actual Free: 2708M, Max CSet: 341M, Min Garbage: 0B
[263.196s][info][gc,ergo     ] GC(28) Collectable Garbage: 6468M (99%), Immediate: 1644M (25%), CSet: 4824M (74%)
[263.196s][info][gc,ergo     ] GC(28) Pacer for Evacuation. Used CSet: 4892M, Free: 2311M, Non-Taxable: 231M, Alloc Tax Rate: 5.2x
[263.196s][info][gc          ] GC(28) Pause Final Mark (unload classes) 0.335ms
[263.196s][info][gc,start    ] GC(28) Concurrent thread roots
[263.196s][info][gc,task     ] GC(28) Using 2 of 4 workers for Concurrent thread roots
[263.197s][info][gc          ] GC(28) Concurrent thread roots 0.847ms
[263.197s][info][gc,start    ] GC(28) Concurrent weak references
[263.197s][info][gc,task     ] GC(28) Using 2 of 4 workers for concurrent weak references
[263.197s][info][gc,ref      ] GC(28) Encountered references: Soft: 6071, Weak: 23094, Final: 34, Phantom: 620
[263.197s][info][gc,ref      ] GC(28) Discovered  references: Soft: 0, Weak: 7859, Final: 0, Phantom: 446
[263.197s][info][gc,ref      ] GC(28) Enqueued    references: Soft: 0, Weak: 4, Final: 0, Phantom: 0
[263.197s][info][gc          ] GC(28) Concurrent weak references 0.338ms
[263.197s][info][gc,start    ] GC(28) Concurrent weak roots
[263.197s][info][gc,task     ] GC(28) Using 2 of 4 workers for concurrent weak root
[263.199s][info][gc          ] GC(28) Concurrent weak roots 2.213ms
[263.199s][info][gc,start    ] GC(28) Concurrent cleanup
[263.199s][info][gc          ] GC(28) Concurrent cleanup 7120M->5476M(8192M) 0.034ms
[263.199s][info][gc,ergo     ] GC(28) Free: 2303M, Max: 4096K regular, 476M humongous, Frag: 80% external, 0% internal; Reserve: 411M, Max: 4096K
[263.199s][info][gc,start    ] GC(28) Concurrent class unloading
[263.199s][info][gc,task     ] GC(28) Using 2 of 4 workers for concurrent class unloading
[263.204s][info][gc          ] GC(28) Concurrent class unloading 4.306ms
[263.204s][info][gc,start    ] GC(28) Concurrent strong roots
[263.204s][info][gc,task     ] GC(28) Using 2 of 4 workers for concurrent strong root
[263.204s][info][gc          ] GC(28) Concurrent strong roots 0.300ms
[263.204s][info][gc,start    ] GC(28) Concurrent evacuation
[263.204s][info][gc,task     ] GC(28) Using 2 of 4 workers for concurrent evacuation
[263.244s][info][gc          ] GC(28) Concurrent evacuation 40.051ms
[263.244s][info][gc,start    ] GC(28) Pause Init Update Refs
[263.244s][info][gc,ergo     ] GC(28) Pacer for Update Refs. Used: 5584M, Free: 2267M, Non-Taxable: 226M, Alloc Tax Rate: 3.0x
[263.244s][info][gc          ] GC(28) Pause Init Update Refs 0.047ms
[263.244s][info][gc,start    ] GC(28) Concurrent update references
[263.244s][info][gc,task     ] GC(28) Using 2 of 4 workers for concurrent reference update
[263.379s][info][gc          ] GC(28) Concurrent update references 134.612ms
[263.379s][info][gc,start    ] GC(28) Concurrent update thread roots
[263.380s][info][gc          ] GC(28) Concurrent update thread roots 1.573ms
[263.380s][info][gc,start    ] GC(28) Pause Final Update Refs
[263.380s][info][gc,task     ] GC(28) Using 4 of 4 workers for final reference update
[263.380s][info][gc          ] GC(28) Pause Final Update Refs 0.101ms
[263.380s][info][gc,start    ] GC(28) Concurrent cleanup
[263.381s][info][gc          ] GC(28) Concurrent cleanup 5640M->748M(8192M) 0.061ms
[263.381s][info][gc,ergo     ] Free: 7031M, Max: 4096K regular, 5844M humongous, Frag: 17% external, 0% internal; Reserve: 412M, Max: 4096K
[263.381s][info][gc,stats    ] 
[263.381s][info][gc,stats    ] All times are wall-clock times, except per-root-class counters, that are sum over
[263.381s][info][gc,stats    ] all workers. Dividing the <total> over the root stage time estimates parallelism.
[263.381s][info][gc,stats    ] 
[263.381s][info][gc,stats    ] Concurrent Reset                  12995 us
[263.381s][info][gc,stats    ] Pause Init Mark (G)                 204 us
[263.381s][info][gc,stats    ] Pause Init Mark (N)                 133 us
[263.381s][info][gc,stats    ]   Update Region States               38 us
[263.381s][info][gc,stats    ] Concurrent Mark Roots              1142 us, parallelism: 1.70x
[263.381s][info][gc,stats    ]   CMR: <total>                     1935 us
[263.381s][info][gc,stats    ]   CMR: Thread Roots                1780 us, workers (us): 824, 957, ---, ---, 
[263.381s][info][gc,stats    ]   CMR: VM Strong Roots               13 us, workers (us):  13,   0, ---, ---, 
[263.381s][info][gc,stats    ]   CMR: CLDG Roots                   142 us, workers (us): 142, ---, ---, ---, 
[263.381s][info][gc,stats    ] Concurrent Marking               222012 us
[263.381s][info][gc,stats    ] Pause Final Mark (G)                371 us
[263.381s][info][gc,stats    ] Pause Final Mark (N)                346 us
[263.381s][info][gc,stats    ]   Finish Mark                        93 us
[263.381s][info][gc,stats    ]   Update Region States               43 us
[263.381s][info][gc,stats    ]   Choose Collection Set             134 us
[263.381s][info][gc,stats    ]   Rebuild Free Set                   10 us
[263.381s][info][gc,stats    ] Concurrent Thread Roots             860 us, parallelism: 1.87x
[263.381s][info][gc,stats    ]   CTR: <total>                     1609 us
[263.381s][info][gc,stats    ]   CTR: Thread Roots                1609 us, workers (us): 810, 799, ---, ---, 
[263.381s][info][gc,stats    ] Concurrent Weak References          349 us, parallelism: 0.81x
[263.381s][info][gc,stats    ]   CWRF: <total>                     281 us
[263.381s][info][gc,stats    ]   CWRF: Weak References             281 us, workers (us):  36, 245, ---, ---, 
[263.381s][info][gc,stats    ] Concurrent Weak Roots              2235 us
[263.381s][info][gc,stats    ]   Roots                            2097 us, parallelism: 1.91x
[263.381s][info][gc,stats    ]     CWR: <total>                   3996 us
[263.381s][info][gc,stats    ]     CWR: Code Cache Roots          2532 us, workers (us): 1309, 1222, ---, ---, 
[263.381s][info][gc,stats    ]     CWR: VM Weak Roots             1411 us, workers (us): 705, 705, ---, ---, 
[263.381s][info][gc,stats    ]     CWR: CLDG Roots                  54 us, workers (us): ---,  54, ---, ---, 
[263.381s][info][gc,stats    ]   Rendezvous                         94 us
[263.381s][info][gc,stats    ] Concurrent Cleanup                   47 us
[263.381s][info][gc,stats    ] Concurrent Class Unloading         4334 us
[263.381s][info][gc,stats    ]   Unlink Stale                     3801 us
[263.381s][info][gc,stats    ]     System Dictionary                42 us
[263.381s][info][gc,stats    ]     Weak Class Links                  0 us
[263.381s][info][gc,stats    ]     Code Roots                     3758 us
[263.381s][info][gc,stats    ]   Rendezvous                        168 us
[263.381s][info][gc,stats    ]   Purge Unlinked                    315 us
[263.381s][info][gc,stats    ]     Code Roots                      308 us
[263.381s][info][gc,stats    ]     CLDG                              6 us
[263.381s][info][gc,stats    ] Concurrent Strong Roots             322 us, parallelism: 0.61x
[263.381s][info][gc,stats    ]   CSR: <total>                      197 us
[263.381s][info][gc,stats    ]   CSR: VM Strong Roots                8 us, workers (us):   8,   0, ---, ---, 
[263.381s][info][gc,stats    ]   CSR: CLDG Roots                   189 us, workers (us): 189, ---, ---, ---, 
[263.381s][info][gc,stats    ] Concurrent Evacuation             40099 us
[263.381s][info][gc,stats    ] Pause Init Update Refs (G)           91 us
[263.381s][info][gc,stats    ] Pause Init Update Refs (N)           58 us
[263.381s][info][gc,stats    ]   Manage GCLABs                       7 us
[263.381s][info][gc,stats    ] Concurrent Update Refs           134658 us
[263.381s][info][gc,stats    ] Concurrent Update Thread Roots     1588 us
[263.381s][info][gc,stats    ] Pause Final Update Refs (G)         146 us
[263.381s][info][gc,stats    ] Pause Final Update Refs (N)         119 us
[263.381s][info][gc,stats    ]   Update Region States               35 us
[263.381s][info][gc,stats    ]   Trash Collection Set               14 us
[263.381s][info][gc,stats    ]   Rebuild Free Set                   11 us
[263.381s][info][gc,stats    ] Concurrent Cleanup                   74 us
[263.381s][info][gc,stats    ] 
[263.381s][info][gc,stats    ] Allocation pacing accrued:
[263.381s][info][gc,stats    ]       0 of 10334 ms (  0.0%): <total>
[263.381s][info][gc,stats    ]       0 of 10334 ms (  0.0%): <average total>
[263.381s][info][gc,stats    ] 
[263.381s][info][gc,metaspace] Metaspace: 133435K(134848K)->133437K(134848K) NonClass: 112657K(113472K)->112659K(113472K) Class: 20777K(21376K)->20777K(21376K)
[263.381s][info][gc,ergo     ] Pacer for Idle. Initial: 163M, Alloc Tax Rate: 1.0x
[273.128s][info][gc          ] Trigger: Free (815M) is below minimum threshold (819M)
[273.128s][info][gc,ergo     ] Free: 815M, Max: 4096K regular, 500M humongous, Frag: 38% external, 1% internal; Reserve: 412M, Max: 4096K
[273.128s][info][gc,start    ] GC(29) Concurrent reset
[273.128s][info][gc,task     ] GC(29) Using 2 of 4 workers for concurrent reset
[273.128s][info][gc,ergo     ] GC(29) Pacer for Reset. Non-Taxable: 8192M
[273.142s][info][gc          ] GC(29) Concurrent reset 13.971ms
[273.142s][info][gc,start    ] GC(29) Pause Init Mark (unload classes)
[273.142s][info][gc,task     ] GC(29) Using 4 of 4 workers for init marking
[273.142s][info][gc,ergo     ] GC(29) Pacer for Mark. Expected Live: 479M, Free: 807M, Non-Taxable: 82707K, Alloc Tax Rate: 0.7x
[273.142s][info][gc          ] GC(29) Pause Init Mark (unload classes) 0.107ms
[273.142s][info][gc,start    ] GC(29) Concurrent marking roots
[273.142s][info][gc,task     ] GC(29) Using 2 of 4 workers for concurrent marking roots
[273.143s][info][gc          ] GC(29) Concurrent marking roots 1.334ms
[273.143s][info][gc,start    ] GC(29) Concurrent marking (unload classes)
[273.143s][info][gc,task     ] GC(29) Using 2 of 4 workers for concurrent marking
[273.388s][info][gc          ] GC(29) Concurrent marking (unload classes) 244.596ms
[273.388s][info][gc,start    ] GC(29) Pause Final Mark (unload classes)
[273.388s][info][gc,task     ] GC(29) Using 4 of 4 workers for final marking
[273.388s][info][gc,ergo     ] GC(29) Adaptive CSet Selection. Target Free: 1160M, Actual Free: 2092M, Max CSet: 341M, Min Garbage: 0B
[273.388s][info][gc,ergo     ] GC(29) Collectable Garbage: 6462M (99%), Immediate: 1176M (18%), CSet: 5286M (81%)
[273.388s][info][gc,ergo     ] GC(29) Pacer for Evacuation. Used CSet: 5356M, Free: 1688M, Non-Taxable: 168M, Alloc Tax Rate: 7.8x
[273.388s][info][gc          ] GC(29) Pause Final Mark (unload classes) 0.379ms
[273.388s][info][gc,start    ] GC(29) Concurrent thread roots
[273.388s][info][gc,task     ] GC(29) Using 2 of 4 workers for Concurrent thread roots
[273.389s][info][gc          ] GC(29) Concurrent thread roots 1.093ms
[273.389s][info][gc,start    ] GC(29) Concurrent weak references
[273.389s][info][gc,task     ] GC(29) Using 2 of 4 workers for concurrent weak references
[273.390s][info][gc,ref      ] GC(29) Encountered references: Soft: 6071, Weak: 23147, Final: 34, Phantom: 649
[273.390s][info][gc,ref      ] GC(29) Discovered  references: Soft: 0, Weak: 11838, Final: 0, Phantom: 472
[273.390s][info][gc,ref      ] GC(29) Enqueued    references: Soft: 0, Weak: 31, Final: 0, Phantom: 23
[273.390s][info][gc          ] GC(29) Concurrent weak references 0.553ms
[273.390s][info][gc,start    ] GC(29) Concurrent weak roots
[273.390s][info][gc,task     ] GC(29) Using 2 of 4 workers for concurrent weak root
[273.393s][info][gc          ] GC(29) Concurrent weak roots 2.817ms
[273.393s][info][gc,start    ] GC(29) Concurrent cleanup
[273.393s][info][gc          ] GC(29) Concurrent cleanup 7278M->6102M(8192M) 0.036ms
[273.393s][info][gc,ergo     ] GC(29) Free: 1677M, Max: 4096K regular, 496M humongous, Frag: 71% external, 0% internal; Reserve: 411M, Max: 4096K
[273.393s][info][gc,start    ] GC(29) Concurrent class unloading
[273.393s][info][gc,task     ] GC(29) Using 2 of 4 workers for concurrent class unloading
[273.398s][info][gc          ] GC(29) Concurrent class unloading 4.830ms
[273.398s][info][gc,start    ] GC(29) Concurrent strong roots
[273.398s][info][gc,task     ] GC(29) Using 2 of 4 workers for concurrent strong root
[273.398s][info][gc          ] GC(29) Concurrent strong roots 0.309ms
[273.398s][info][gc,start    ] GC(29) Concurrent evacuation
[273.398s][info][gc,task     ] GC(29) Using 2 of 4 workers for concurrent evacuation
[273.439s][info][gc          ] GC(29) Concurrent evacuation 40.804ms
[273.439s][info][gc,start    ] GC(29) Pause Init Update Refs
[273.439s][info][gc,ergo     ] GC(29) Pacer for Update Refs. Used: 6226M, Free: 1629M, Non-Taxable: 162M, Alloc Tax Rate: 4.7x
[273.439s][info][gc          ] GC(29) Pause Init Update Refs 0.046ms
[273.439s][info][gc,start    ] GC(29) Concurrent update references
[273.439s][info][gc,task     ] GC(29) Using 2 of 4 workers for concurrent reference update
[273.602s][info][gc          ] GC(29) Concurrent update references 162.861ms
[273.602s][info][gc,start    ] GC(29) Concurrent update thread roots
[273.604s][info][gc          ] GC(29) Concurrent update thread roots 1.794ms
[273.604s][info][gc,start    ] GC(29) Pause Final Update Refs
[273.604s][info][gc,task     ] GC(29) Using 4 of 4 workers for final reference update
[273.604s][info][gc          ] GC(29) Pause Final Update Refs 0.097ms
[273.604s][info][gc,start    ] GC(29) Concurrent cleanup
[273.604s][info][gc          ] GC(29) Concurrent cleanup 6450M->1094M(8192M) 0.064ms
[273.604s][info][gc,ergo     ] Free: 6685M, Max: 4096K regular, 5812M humongous, Frag: 13% external, 0% internal; Reserve: 412M, Max: 4096K
[273.604s][info][gc,stats    ] 
[273.604s][info][gc,stats    ] All times are wall-clock times, except per-root-class counters, that are sum over
[273.604s][info][gc,stats    ] all workers. Dividing the <total> over the root stage time estimates parallelism.
[273.604s][info][gc,stats    ] 
[273.604s][info][gc,stats    ] Concurrent Reset                  14056 us
[273.604s][info][gc,stats    ] Pause Init Mark (G)                 206 us
[273.604s][info][gc,stats    ] Pause Init Mark (N)                 120 us
[273.604s][info][gc,stats    ]   Update Region States               23 us
[273.604s][info][gc,stats    ] Concurrent Mark Roots              1353 us, parallelism: 1.56x
[273.604s][info][gc,stats    ]   CMR: <total>                     2111 us
[273.604s][info][gc,stats    ]   CMR: Thread Roots                1899 us, workers (us): 857, 1042, ---, ---, 
[273.604s][info][gc,stats    ]   CMR: VM Strong Roots               17 us, workers (us):  17,   0, ---, ---, 
[273.604s][info][gc,stats    ]   CMR: CLDG Roots                   194 us, workers (us): 194, ---, ---, ---, 
[273.604s][info][gc,stats    ] Concurrent Marking               244651 us
[273.604s][info][gc,stats    ] Pause Final Mark (G)                419 us
[273.604s][info][gc,stats    ] Pause Final Mark (N)                390 us
[273.604s][info][gc,stats    ]   Finish Mark                        47 us
[273.604s][info][gc,stats    ]   Update Region States               59 us
[273.604s][info][gc,stats    ]   Choose Collection Set             202 us
[273.604s][info][gc,stats    ]   Rebuild Free Set                   10 us
[273.604s][info][gc,stats    ] Concurrent Thread Roots            1117 us, parallelism: 1.82x
[273.604s][info][gc,stats    ]   CTR: <total>                     2030 us
[273.604s][info][gc,stats    ]   CTR: Thread Roots                2030 us, workers (us): 1047, 984, ---, ---, 
[273.604s][info][gc,stats    ] Concurrent Weak References          564 us, parallelism: 1.29x
[273.604s][info][gc,stats    ]   CWRF: <total>                     727 us
[273.604s][info][gc,stats    ]   CWRF: Weak References             727 us, workers (us): 322, 405, ---, ---, 
[273.604s][info][gc,stats    ] Concurrent Weak Roots              2845 us
[273.604s][info][gc,stats    ]   Roots                            2764 us, parallelism: 1.92x
[273.604s][info][gc,stats    ]     CWR: <total>                   5305 us
[273.604s][info][gc,stats    ]     CWR: Code Cache Roots          3745 us, workers (us): 1901, 1844, ---, ---, 
[273.604s][info][gc,stats    ]     CWR: VM Weak Roots             1483 us, workers (us): 742, 741, ---, ---, 
[273.604s][info][gc,stats    ]     CWR: CLDG Roots                  78 us, workers (us): ---,  78, ---, ---, 
[273.604s][info][gc,stats    ]   Rendezvous                         30 us
[273.604s][info][gc,stats    ] Concurrent Cleanup                   49 us
[273.604s][info][gc,stats    ] Concurrent Class Unloading         4856 us
[273.604s][info][gc,stats    ]   Unlink Stale                     4053 us
[273.604s][info][gc,stats    ]     System Dictionary                67 us
[273.604s][info][gc,stats    ]     Weak Class Links                  0 us
[273.604s][info][gc,stats    ]     Code Roots                     3984 us
[273.604s][info][gc,stats    ]   Rendezvous                        184 us
[273.604s][info][gc,stats    ]   Purge Unlinked                    569 us
[273.605s][info][gc,stats    ]     Code Roots                      552 us
[273.605s][info][gc,stats    ]     CLDG                             17 us
[273.605s][info][gc,stats    ]     Exception Caches                  0 us
[273.605s][info][gc,stats    ] Concurrent Strong Roots             324 us, parallelism: 0.69x
[273.605s][info][gc,stats    ]   CSR: <total>                      222 us
[273.605s][info][gc,stats    ]   CSR: VM Strong Roots                8 us, workers (us):   8,   0, ---, ---, 
[273.605s][info][gc,stats    ]   CSR: CLDG Roots                   214 us, workers (us): 214, ---, ---, ---, 
[273.605s][info][gc,stats    ] Concurrent Evacuation             40857 us
[273.605s][info][gc,stats    ] Pause Init Update Refs (G)          115 us
[273.605s][info][gc,stats    ] Pause Init Update Refs (N)           57 us
[273.605s][info][gc,stats    ]   Manage GCLABs                       6 us
[273.605s][info][gc,stats    ] Concurrent Update Refs           162912 us
[273.605s][info][gc,stats    ] Concurrent Update Thread Roots     1821 us
[273.605s][info][gc,stats    ] Pause Final Update Refs (G)         186 us
[273.605s][info][gc,stats    ] Pause Final Update Refs (N)         123 us
[273.605s][info][gc,stats    ]   Update Region States               33 us
[273.605s][info][gc,stats    ]   Trash Collection Set               15 us
[273.605s][info][gc,stats    ]   Rebuild Free Set                   10 us
[273.605s][info][gc,stats    ] Concurrent Cleanup                   77 us
[273.605s][info][gc,stats    ] 
[273.605s][info][gc,stats    ] Allocation pacing accrued:
[273.605s][info][gc,stats    ]       0 of 10223 ms (  0.0%): <total>
[273.605s][info][gc,stats    ]       0 of 10223 ms (  0.0%): <average total>
[273.605s][info][gc,stats    ] 
[273.605s][info][gc,metaspace] Metaspace: 133561K(134912K)->133575K(134912K) NonClass: 112765K(113536K)->112779K(113536K) Class: 20796K(21376K)->20796K(21376K)
[273.605s][info][gc,ergo     ] Pacer for Idle. Initial: 163M, Alloc Tax Rate: 1.0x
[281.333s][info][gc          ] Trigger: Free (817M) is below minimum threshold (819M)
[281.333s][info][gc,ergo     ] Free: 817M, Max: 4096K regular, 484M humongous, Frag: 41% external, 0% internal; Reserve: 412M, Max: 4096K
[281.333s][info][gc,start    ] GC(30) Concurrent reset
[281.333s][info][gc,task     ] GC(30) Using 2 of 4 workers for concurrent reset
[281.333s][info][gc,ergo     ] GC(30) Pacer for Reset. Non-Taxable: 8192M
[281.355s][info][gc          ] GC(30) Concurrent reset 21.565ms
[281.355s][info][gc,start    ] GC(30) Pause Init Mark (unload classes)
[281.355s][info][gc,task     ] GC(30) Using 4 of 4 workers for init marking
[281.355s][info][gc,ergo     ] GC(30) Pacer for Mark. Expected Live: 470M, Free: 792M, Non-Taxable: 81180K, Alloc Tax Rate: 0.7x
[281.355s][info][gc          ] GC(30) Pause Init Mark (unload classes) 0.104ms
[281.355s][info][gc,start    ] GC(30) Concurrent marking roots
[281.355s][info][gc,task     ] GC(30) Using 2 of 4 workers for concurrent marking roots
[281.356s][info][gc          ] GC(30) Concurrent marking roots 1.306ms
[281.356s][info][gc,start    ] GC(30) Concurrent marking (unload classes)
[281.356s][info][gc,task     ] GC(30) Using 2 of 4 workers for concurrent marking
[281.600s][info][gc          ] GC(30) Concurrent marking (unload classes) 244.108ms
[281.600s][info][gc,start    ] GC(30) Pause Final Mark (unload classes)
[281.600s][info][gc,task     ] GC(30) Using 4 of 4 workers for final marking
[281.601s][info][gc,ergo     ] GC(30) Adaptive CSet Selection. Target Free: 1160M, Actual Free: 2448M, Max CSet: 341M, Min Garbage: 0B
[281.601s][info][gc,ergo     ] GC(30) Collectable Garbage: 6449M (99%), Immediate: 1464M (22%), CSet: 4985M (76%)
[281.601s][info][gc,ergo     ] GC(30) Pacer for Evacuation. Used CSet: 5088M, Free: 2045M, Non-Taxable: 204M, Alloc Tax Rate: 6.1x
[281.601s][info][gc          ] GC(30) Pause Final Mark (unload classes) 0.313ms
[281.601s][info][gc,start    ] GC(30) Concurrent thread roots
[281.601s][info][gc,task     ] GC(30) Using 2 of 4 workers for Concurrent thread roots
[281.602s][info][gc          ] GC(30) Concurrent thread roots 0.946ms
[281.602s][info][gc,start    ] GC(30) Concurrent weak references
[281.602s][info][gc,task     ] GC(30) Using 2 of 4 workers for concurrent weak references
[281.602s][info][gc,ref      ] GC(30) Encountered references: Soft: 6071, Weak: 23129, Final: 34, Phantom: 632
[281.602s][info][gc,ref      ] GC(30) Discovered  references: Soft: 0, Weak: 4239, Final: 0, Phantom: 455
[281.602s][info][gc,ref      ] GC(30) Enqueued    references: Soft: 0, Weak: 6, Final: 0, Phantom: 3
[281.602s][info][gc          ] GC(30) Concurrent weak references 0.437ms
[281.602s][info][gc,start    ] GC(30) Concurrent weak roots
[281.602s][info][gc,task     ] GC(30) Using 2 of 4 workers for concurrent weak root
[281.605s][info][gc          ] GC(30) Concurrent weak roots 2.371ms
[281.605s][info][gc,start    ] GC(30) Concurrent cleanup
[281.605s][info][gc          ] GC(30) Concurrent cleanup 7206M->5742M(8192M) 0.042ms
[281.605s][info][gc,ergo     ] GC(30) Free: 2037M, Max: 4096K regular, 484M humongous, Frag: 77% external, 0% internal; Reserve: 411M, Max: 4096K
[281.605s][info][gc,start    ] GC(30) Concurrent class unloading
[281.605s][info][gc,task     ] GC(30) Using 2 of 4 workers for concurrent class unloading
[281.609s][info][gc          ] GC(30) Concurrent class unloading 4.021ms
[281.609s][info][gc,start    ] GC(30) Concurrent strong roots
[281.609s][info][gc,task     ] GC(30) Using 2 of 4 workers for concurrent strong root
[281.609s][info][gc          ] GC(30) Concurrent strong roots 0.267ms
[281.609s][info][gc,start    ] GC(30) Concurrent evacuation
[281.609s][info][gc,task     ] GC(30) Using 2 of 4 workers for concurrent evacuation
[281.660s][info][gc          ] GC(30) Concurrent evacuation 50.762ms
[281.660s][info][gc,start    ] GC(30) Pause Init Update Refs
[281.660s][info][gc,ergo     ] GC(30) Pacer for Update Refs. Used: 5874M, Free: 2013M, Non-Taxable: 201M, Alloc Tax Rate: 3.6x
[281.660s][info][gc          ] GC(30) Pause Init Update Refs 0.044ms
[281.660s][info][gc,start    ] GC(30) Concurrent update references
[281.660s][info][gc,task     ] GC(30) Using 2 of 4 workers for concurrent reference update
[281.814s][info][gc          ] GC(30) Concurrent update references 153.837ms
[281.814s][info][gc,start    ] GC(30) Concurrent update thread roots
[281.815s][info][gc          ] GC(30) Concurrent update thread roots 1.627ms
[281.815s][info][gc,start    ] GC(30) Pause Final Update Refs
[281.816s][info][gc,task     ] GC(30) Using 4 of 4 workers for final reference update
[281.816s][info][gc          ] GC(30) Pause Final Update Refs 0.104ms
[281.816s][info][gc,start    ] GC(30) Concurrent cleanup
[281.816s][info][gc          ] GC(30) Concurrent cleanup 5970M->882M(8192M) 0.073ms
[281.816s][info][gc,ergo     ] Free: 6897M, Max: 4096K regular, 5648M humongous, Frag: 19% external, 0% internal; Reserve: 412M, Max: 4096K
[281.816s][info][gc,stats    ] 
[281.816s][info][gc,stats    ] All times are wall-clock times, except per-root-class counters, that are sum over
[281.816s][info][gc,stats    ] all workers. Dividing the <total> over the root stage time estimates parallelism.
[281.816s][info][gc,stats    ] 
[281.816s][info][gc,stats    ] Concurrent Reset                  21645 us
[281.816s][info][gc,stats    ] Pause Init Mark (G)                 226 us
[281.816s][info][gc,stats    ] Pause Init Mark (N)                 115 us
[281.816s][info][gc,stats    ]   Update Region States               37 us
[281.816s][info][gc,stats    ] Concurrent Mark Roots              1335 us, parallelism: 1.66x
[281.816s][info][gc,stats    ]   CMR: <total>                     2211 us
[281.816s][info][gc,stats    ]   CMR: Thread Roots                2062 us, workers (us): 973, 1089, ---, ---, 
[281.816s][info][gc,stats    ]   CMR: VM Strong Roots               15 us, workers (us):  14,   0, ---, ---, 
[281.816s][info][gc,stats    ]   CMR: CLDG Roots                   135 us, workers (us): 135, ---, ---, ---, 
[281.816s][info][gc,stats    ] Concurrent Marking               244154 us
[281.816s][info][gc,stats    ] Pause Final Mark (G)                348 us
[281.816s][info][gc,stats    ] Pause Final Mark (N)                328 us
[281.816s][info][gc,stats    ]   Finish Mark                        46 us
[281.816s][info][gc,stats    ]   Update Region States               16 us
[281.816s][info][gc,stats    ]   Choose Collection Set             150 us
[281.816s][info][gc,stats    ]   Rebuild Free Set                   10 us
[281.816s][info][gc,stats    ] Concurrent Thread Roots             969 us, parallelism: 1.83x
[281.816s][info][gc,stats    ]   CTR: <total>                     1774 us
[281.816s][info][gc,stats    ]   CTR: Thread Roots                1774 us, workers (us): 885, 889, ---, ---, 
[281.816s][info][gc,stats    ] Concurrent Weak References          448 us, parallelism: 0.83x
[281.816s][info][gc,stats    ]   CWRF: <total>                     370 us
[281.816s][info][gc,stats    ]   CWRF: Weak References             370 us, workers (us):  37, 333, ---, ---, 
[281.816s][info][gc,stats    ] Concurrent Weak Roots              2395 us
[281.816s][info][gc,stats    ]   Roots                            2323 us, parallelism: 1.85x
[281.816s][info][gc,stats    ]     CWR: <total>                   4296 us
[281.816s][info][gc,stats    ]     CWR: Code Cache Roots          2764 us, workers (us): 1376, 1388, ---, ---, 
[281.816s][info][gc,stats    ]     CWR: VM Weak Roots             1463 us, workers (us): 731, 732, ---, ---, 
[281.816s][info][gc,stats    ]     CWR: CLDG Roots                  69 us, workers (us):  69, ---, ---, ---, 
[281.816s][info][gc,stats    ]   Rendezvous                         26 us
[281.816s][info][gc,stats    ] Concurrent Cleanup                   57 us
[281.816s][info][gc,stats    ] Concurrent Class Unloading         4043 us
[281.816s][info][gc,stats    ]   Unlink Stale                     3665 us
[281.816s][info][gc,stats    ]     System Dictionary                54 us
[281.816s][info][gc,stats    ]     Weak Class Links                  0 us
[281.816s][info][gc,stats    ]     Code Roots                     3609 us
[281.816s][info][gc,stats    ]   Rendezvous                         80 us
[281.816s][info][gc,stats    ]   Purge Unlinked                    250 us
[281.816s][info][gc,stats    ]     Code Roots                      244 us
[281.816s][info][gc,stats    ]     CLDG                              6 us
[281.816s][info][gc,stats    ]     Exception Caches                  0 us
[281.816s][info][gc,stats    ] Concurrent Strong Roots             290 us, parallelism: 0.68x
[281.816s][info][gc,stats    ]   CSR: <total>                      197 us
[281.816s][info][gc,stats    ]   CSR: VM Strong Roots                7 us, workers (us):   4,   4, ---, ---, 
[281.816s][info][gc,stats    ]   CSR: CLDG Roots                   189 us, workers (us): ---, 189, ---, ---, 
[281.816s][info][gc,stats    ] Concurrent Evacuation             50809 us
[281.816s][info][gc,stats    ] Pause Init Update Refs (G)          115 us
[281.816s][info][gc,stats    ] Pause Init Update Refs (N)           56 us
[281.816s][info][gc,stats    ]   Manage GCLABs                       6 us
[281.816s][info][gc,stats    ] Concurrent Update Refs           153886 us
[281.816s][info][gc,stats    ] Concurrent Update Thread Roots     1653 us
[281.816s][info][gc,stats    ] Pause Final Update Refs (G)         232 us
[281.816s][info][gc,stats    ] Pause Final Update Refs (N)         162 us
[281.816s][info][gc,stats    ]   Update Region States               42 us
[281.816s][info][gc,stats    ]   Trash Collection Set               14 us
[281.816s][info][gc,stats    ]   Rebuild Free Set                   11 us
[281.816s][info][gc,stats    ] Concurrent Cleanup                   87 us
[281.816s][info][gc,stats    ] 
[281.816s][info][gc,stats    ] Allocation pacing accrued:
[281.816s][info][gc,stats    ]       0 of  8212 ms (  0.0%): <total>
[281.817s][info][gc,stats    ]       0 of  8212 ms (  0.0%): <average total>
[281.817s][info][gc,stats    ] 
[281.817s][info][gc,metaspace] Metaspace: 133624K(135040K)->133624K(135040K) NonClass: 112823K(113600K)->112823K(113600K) Class: 20800K(21440K)->20800K(21440K)
[281.817s][info][gc,ergo     ] Pacer for Idle. Initial: 163M, Alloc Tax Rate: 1.0x
[289.725s][info][gc          ] Trigger: Free (817M) is below minimum threshold (819M)
[289.725s][info][gc,ergo     ] Free: 817M, Max: 4096K regular, 812M humongous, Frag: 0% external, 0% internal; Reserve: 412M, Max: 4096K
[289.725s][info][gc,start    ] GC(31) Concurrent reset
[289.725s][info][gc,task     ] GC(31) Using 2 of 4 workers for concurrent reset
[289.725s][info][gc,ergo     ] GC(31) Pacer for Reset. Non-Taxable: 8192M
[289.747s][info][gc          ] GC(31) Concurrent reset 22.201ms
[289.747s][info][gc,start    ] GC(31) Pause Init Mark (unload classes)
[289.747s][info][gc,task     ] GC(31) Using 4 of 4 workers for init marking
[289.747s][info][gc,ergo     ] GC(31) Pacer for Mark. Expected Live: 479M, Free: 809M, Non-Taxable: 82912K, Alloc Tax Rate: 0.7x
[289.747s][info][gc          ] GC(31) Pause Init Mark (unload classes) 0.120ms
[289.748s][info][gc,start    ] GC(31) Concurrent marking roots
[289.748s][info][gc,task     ] GC(31) Using 2 of 4 workers for concurrent marking roots
[289.749s][info][gc          ] GC(31) Concurrent marking roots 1.476ms
[289.749s][info][gc,start    ] GC(31) Concurrent marking (unload classes)
[289.749s][info][gc,task     ] GC(31) Using 2 of 4 workers for concurrent marking
[289.997s][info][gc          ] GC(31) Concurrent marking (unload classes) 247.981ms
[289.997s][info][gc,start    ] GC(31) Pause Final Mark (unload classes)
[289.997s][info][gc,task     ] GC(31) Using 4 of 4 workers for final marking
[289.997s][info][gc,ergo     ] GC(31) Adaptive CSet Selection. Target Free: 1160M, Actual Free: 2384M, Max CSet: 341M, Min Garbage: 0B
[289.997s][info][gc,ergo     ] GC(31) Collectable Garbage: 6435M (99%), Immediate: 1384M (21%), CSet: 5051M (78%)
[289.997s][info][gc,ergo     ] GC(31) Pacer for Evacuation. Used CSet: 5152M, Free: 1977M, Non-Taxable: 197M, Alloc Tax Rate: 6.4x
[289.997s][info][gc          ] GC(31) Pause Final Mark (unload classes) 0.279ms
[289.997s][info][gc,start    ] GC(31) Concurrent thread roots
[289.997s][info][gc,task     ] GC(31) Using 2 of 4 workers for Concurrent thread roots
[289.998s][info][gc          ] GC(31) Concurrent thread roots 0.984ms
[289.998s][info][gc,start    ] GC(31) Concurrent weak references
[289.998s][info][gc,task     ] GC(31) Using 2 of 4 workers for concurrent weak references
[289.999s][info][gc,ref      ] GC(31) Encountered references: Soft: 6071, Weak: 23131, Final: 34, Phantom: 636
[289.999s][info][gc,ref      ] GC(31) Discovered  references: Soft: 0, Weak: 3073, Final: 0, Phantom: 457
[289.999s][info][gc,ref      ] GC(31) Enqueued    references: Soft: 0, Weak: 5, Final: 0, Phantom: 1
[289.999s][info][gc          ] GC(31) Concurrent weak references 0.253ms
[289.999s][info][gc,start    ] GC(31) Concurrent weak roots
[289.999s][info][gc,task     ] GC(31) Using 2 of 4 workers for concurrent weak root
[290.001s][info][gc          ] GC(31) Concurrent weak roots 2.197ms
[290.001s][info][gc,start    ] GC(31) Concurrent cleanup
[290.001s][info][gc          ] GC(31) Concurrent cleanup 7194M->5810M(8192M) 0.033ms
[290.001s][info][gc,ergo     ] GC(31) Free: 1969M, Max: 4096K regular, 576M humongous, Frag: 71% external, 0% internal; Reserve: 411M, Max: 4096K
[290.001s][info][gc,start    ] GC(31) Concurrent class unloading
[290.001s][info][gc,task     ] GC(31) Using 2 of 4 workers for concurrent class unloading
[290.005s][info][gc          ] GC(31) Concurrent class unloading 4.127ms
[290.005s][info][gc,start    ] GC(31) Concurrent strong roots
[290.005s][info][gc,task     ] GC(31) Using 2 of 4 workers for concurrent strong root
[290.005s][info][gc          ] GC(31) Concurrent strong roots 0.251ms
[290.005s][info][gc,start    ] GC(31) Concurrent evacuation
[290.005s][info][gc,task     ] GC(31) Using 2 of 4 workers for concurrent evacuation
[290.053s][info][gc          ] GC(31) Concurrent evacuation 47.717ms
[290.053s][info][gc,start    ] GC(31) Pause Init Update Refs
[290.053s][info][gc,ergo     ] GC(31) Pacer for Update Refs. Used: 5934M, Free: 1953M, Non-Taxable: 195M, Alloc Tax Rate: 3.7x
[290.053s][info][gc          ] GC(31) Pause Init Update Refs 0.044ms
[290.053s][info][gc,start    ] GC(31) Concurrent update references
[290.053s][info][gc,task     ] GC(31) Using 2 of 4 workers for concurrent reference update
[290.210s][info][gc          ] GC(31) Concurrent update references 156.631ms
[290.210s][info][gc,start    ] GC(31) Concurrent update thread roots
[290.211s][info][gc          ] GC(31) Concurrent update thread roots 1.484ms
[290.211s][info][gc,start    ] GC(31) Pause Final Update Refs
[290.211s][info][gc,task     ] GC(31) Using 4 of 4 workers for final reference update
[290.212s][info][gc          ] GC(31) Pause Final Update Refs 0.113ms
[290.212s][info][gc,start    ] GC(31) Concurrent cleanup
[290.212s][info][gc          ] GC(31) Concurrent cleanup 6046M->894M(8192M) 0.072ms
[290.212s][info][gc,ergo     ] Free: 6885M, Max: 4096K regular, 5928M humongous, Frag: 14% external, 0% internal; Reserve: 412M, Max: 4096K
[290.212s][info][gc,stats    ] 
[290.212s][info][gc,stats    ] All times are wall-clock times, except per-root-class counters, that are sum over
[290.212s][info][gc,stats    ] all workers. Dividing the <total> over the root stage time estimates parallelism.
[290.212s][info][gc,stats    ] 
[290.212s][info][gc,stats    ] Concurrent Reset                  22305 us
[290.212s][info][gc,stats    ] Pause Init Mark (G)                 220 us
[290.212s][info][gc,stats    ] Pause Init Mark (N)                 131 us
[290.212s][info][gc,stats    ]   Update Region States               44 us
[290.212s][info][gc,stats    ] Concurrent Mark Roots              1498 us, parallelism: 1.61x
[290.212s][info][gc,stats    ]   CMR: <total>                     2410 us
[290.212s][info][gc,stats    ]   CMR: Thread Roots                2189 us, workers (us): 1010, 1179, ---, ---, 
[290.212s][info][gc,stats    ]   CMR: VM Strong Roots               22 us, workers (us):  21,   0, ---, ---, 
[290.212s][info][gc,stats    ]   CMR: CLDG Roots                   199 us, workers (us): 199, ---, ---, ---, 
[290.212s][info][gc,stats    ] Concurrent Marking               248017 us
[290.212s][info][gc,stats    ] Pause Final Mark (G)                343 us
[290.212s][info][gc,stats    ] Pause Final Mark (N)                327 us
[290.212s][info][gc,stats    ]   Finish Mark                        18 us
[290.212s][info][gc,stats    ]   Update Region States               44 us
[290.212s][info][gc,stats    ]   Choose Collection Set             151 us
[290.212s][info][gc,stats    ]   Rebuild Free Set                   10 us
[290.212s][info][gc,stats    ] Concurrent Thread Roots            1006 us, parallelism: 1.74x
[290.212s][info][gc,stats    ]   CTR: <total>                     1754 us
[290.212s][info][gc,stats    ]   CTR: Thread Roots                1754 us, workers (us): 894, 860, ---, ---, 
[290.212s][info][gc,stats    ] Concurrent Weak References          264 us, parallelism: 0.64x
[290.212s][info][gc,stats    ]   CWRF: <total>                     169 us
[290.212s][info][gc,stats    ]   CWRF: Weak References             169 us, workers (us):  21, 148, ---, ---, 
[290.212s][info][gc,stats    ] Concurrent Weak Roots              2218 us
[290.212s][info][gc,stats    ]   Roots                            2116 us, parallelism: 1.88x
[290.212s][info][gc,stats    ]     CWR: <total>                   3975 us
[290.212s][info][gc,stats    ]     CWR: Code Cache Roots          2523 us, workers (us): 1265, 1258, ---, ---, 
[290.212s][info][gc,stats    ]     CWR: VM Weak Roots             1407 us, workers (us): 704, 703, ---, ---, 
[290.212s][info][gc,stats    ]     CWR: CLDG Roots                  45 us, workers (us): ---,  45, ---, ---, 
[290.212s][info][gc,stats    ]   Rendezvous                         55 us
[290.212s][info][gc,stats    ] Concurrent Cleanup                   46 us
[290.212s][info][gc,stats    ] Concurrent Class Unloading         4151 us
[290.212s][info][gc,stats    ]   Unlink Stale                     3779 us
[290.212s][info][gc,stats    ]     System Dictionary                32 us
[290.212s][info][gc,stats    ]     Weak Class Links                  0 us
[290.212s][info][gc,stats    ]     Code Roots                     3745 us
[290.212s][info][gc,stats    ]   Rendezvous                        105 us
[290.212s][info][gc,stats    ]   Purge Unlinked                    220 us
[290.212s][info][gc,stats    ]     Code Roots                      215 us
[290.212s][info][gc,stats    ]     CLDG                              5 us
[290.212s][info][gc,stats    ]     Exception Caches                  1 us
[290.212s][info][gc,stats    ] Concurrent Strong Roots             265 us, parallelism: 0.73x
[290.212s][info][gc,stats    ]   CSR: <total>                      192 us
[290.212s][info][gc,stats    ]   CSR: VM Strong Roots                8 us, workers (us):   7,   0, ---, ---, 
[290.212s][info][gc,stats    ]   CSR: CLDG Roots                   185 us, workers (us): 185, ---, ---, ---, 
[290.212s][info][gc,stats    ] Concurrent Evacuation             47760 us
[290.212s][info][gc,stats    ] Pause Init Update Refs (G)          143 us
[290.212s][info][gc,stats    ] Pause Init Update Refs (N)           55 us
[290.212s][info][gc,stats    ]   Manage GCLABs                       6 us
[290.212s][info][gc,stats    ] Concurrent Update Refs           156663 us
[290.212s][info][gc,stats    ] Concurrent Update Thread Roots     1508 us
[290.212s][info][gc,stats    ] Pause Final Update Refs (G)         196 us
[290.212s][info][gc,stats    ] Pause Final Update Refs (N)         139 us
[290.212s][info][gc,stats    ]   Update Region States               54 us
[290.212s][info][gc,stats    ]   Trash Collection Set               11 us
[290.212s][info][gc,stats    ]   Rebuild Free Set                   11 us
[290.212s][info][gc,stats    ] Concurrent Cleanup                   86 us
[290.212s][info][gc,stats    ] 
[290.212s][info][gc,stats    ] Allocation pacing accrued:
[290.212s][info][gc,stats    ]       0 of  8396 ms (  0.0%): <total>
[290.212s][info][gc,stats    ]       0 of  8396 ms (  0.0%): <average total>
[290.212s][info][gc,stats    ] 
[290.212s][info][gc,metaspace] Metaspace: 133644K(135040K)->133646K(135040K) NonClass: 112844K(113600K)->112845K(113600K) Class: 20800K(21440K)->20800K(21440K)
[290.212s][info][gc,ergo     ] Pacer for Idle. Initial: 163M, Alloc Tax Rate: 1.0x
[299.865s][info][gc          ] Trigger: Average GC time (513.11 ms) is above the time for instantaneous allocation rate (1553 MB/s) to deplete free headroom (795M) (spike threshold = 1.78)
[299.865s][info][gc,ergo     ] Free: 1205M, Max: 4096K regular, 624M humongous, Frag: 48% external, 0% internal; Reserve: 412M, Max: 4096K
[299.865s][info][gc,start    ] GC(32) Concurrent reset
[299.865s][info][gc,task     ] GC(32) Using 2 of 4 workers for concurrent reset
[299.865s][info][gc,ergo     ] GC(32) Pacer for Reset. Non-Taxable: 8192M
[299.885s][info][gc          ] GC(32) Concurrent reset 20.322ms
[299.885s][info][gc,start    ] GC(32) Pause Init Mark (unload classes)
[299.885s][info][gc,task     ] GC(32) Using 4 of 4 workers for init marking
[299.885s][info][gc,ergo     ] GC(32) Pacer for Mark. Expected Live: 483M, Free: 1183M, Non-Taxable: 118M, Alloc Tax Rate: 0.5x
[299.885s][info][gc          ] GC(32) Pause Init Mark (unload classes) 0.105ms
[299.885s][info][gc,start    ] GC(32) Concurrent marking roots
[299.885s][info][gc,task     ] GC(32) Using 2 of 4 workers for concurrent marking roots
[299.887s][info][gc          ] GC(32) Concurrent marking roots 1.196ms
[299.887s][info][gc,start    ] GC(32) Concurrent marking (unload classes)
[299.887s][info][gc,task     ] GC(32) Using 2 of 4 workers for concurrent marking
[300.150s][info][gc          ] GC(32) Concurrent marking (unload classes) 263.425ms
[300.150s][info][gc,start    ] GC(32) Pause Final Mark (unload classes)
[300.150s][info][gc,task     ] GC(32) Using 4 of 4 workers for final marking
[300.150s][info][gc,ergo     ] GC(32) Adaptive CSet Selection. Target Free: 1160M, Actual Free: 2708M, Max CSet: 341M, Min Garbage: 0B
[300.150s][info][gc,ergo     ] GC(32) Collectable Garbage: 6027M (99%), Immediate: 1404M (23%), CSet: 4623M (76%)
[300.150s][info][gc,ergo     ] GC(32) Pacer for Evacuation. Used CSet: 4732M, Free: 2305M, Non-Taxable: 230M, Alloc Tax Rate: 5.0x
[300.150s][info][gc          ] GC(32) Pause Final Mark (unload classes) 0.329ms
[300.150s][info][gc,start    ] GC(32) Concurrent thread roots
[300.150s][info][gc,task     ] GC(32) Using 2 of 4 workers for Concurrent thread roots
[300.151s][info][gc          ] GC(32) Concurrent thread roots 0.928ms
[300.151s][info][gc,start    ] GC(32) Concurrent weak references
[300.151s][info][gc,task     ] GC(32) Using 2 of 4 workers for concurrent weak references
[300.152s][info][gc,ref      ] GC(32) Encountered references: Soft: 6071, Weak: 23129, Final: 34, Phantom: 638
[300.152s][info][gc,ref      ] GC(32) Discovered  references: Soft: 0, Weak: 7592, Final: 0, Phantom: 489
[300.152s][info][gc,ref      ] GC(32) Enqueued    references: Soft: 0, Weak: 2, Final: 0, Phantom: 0
[300.152s][info][gc          ] GC(32) Concurrent weak references 0.466ms
[300.152s][info][gc,start    ] GC(32) Concurrent weak roots
[300.152s][info][gc,task     ] GC(32) Using 2 of 4 workers for concurrent weak root
[300.154s][info][gc          ] GC(32) Concurrent weak roots 2.245ms
[300.154s][info][gc,start    ] GC(32) Concurrent cleanup
[300.154s][info][gc          ] GC(32) Concurrent cleanup 6888M->5484M(8192M) 0.034ms
[300.154s][info][gc,ergo     ] GC(32) Free: 2296M, Max: 4096K regular, 572M humongous, Frag: 75% external, 0% internal; Reserve: 410M, Max: 4096K
[300.154s][info][gc,start    ] GC(32) Concurrent class unloading
[300.154s][info][gc,task     ] GC(32) Using 2 of 4 workers for concurrent class unloading
[300.158s][info][gc          ] GC(32) Concurrent class unloading 4.042ms
[300.158s][info][gc,start    ] GC(32) Concurrent strong roots
[300.158s][info][gc,task     ] GC(32) Using 2 of 4 workers for concurrent strong root
[300.159s][info][gc          ] GC(32) Concurrent strong roots 0.265ms
[300.159s][info][gc,start    ] GC(32) Concurrent evacuation
[300.159s][info][gc,task     ] GC(32) Using 2 of 4 workers for concurrent evacuation
[300.222s][info][gc          ] GC(32) Concurrent evacuation 63.801ms
[300.222s][info][gc,start    ] GC(32) Pause Init Update Refs
[300.222s][info][gc,ergo     ] GC(32) Pacer for Update Refs. Used: 5651M, Free: 2244M, Non-Taxable: 224M, Alloc Tax Rate: 3.1x
[300.222s][info][gc          ] GC(32) Pause Init Update Refs 0.044ms
[300.223s][info][gc,start    ] GC(32) Concurrent update references
[300.223s][info][gc,task     ] GC(32) Using 2 of 4 workers for concurrent reference update
[300.411s][info][gc          ] GC(32) Concurrent update references 188.508ms
[300.411s][info][gc,start    ] GC(32) Concurrent update thread roots
[300.413s][info][gc          ] GC(32) Concurrent update thread roots 1.470ms
[300.413s][info][gc,start    ] GC(32) Pause Final Update Refs
[300.413s][info][gc,task     ] GC(32) Using 4 of 4 workers for final reference update
[300.413s][info][gc          ] GC(32) Pause Final Update Refs 0.099ms
[300.413s][info][gc,start    ] GC(32) Concurrent cleanup
[300.413s][info][gc          ] GC(32) Concurrent cleanup 5791M->1059M(8192M) 0.058ms
[300.413s][info][gc,ergo     ] Free: 6720M, Max: 4096K regular, 5184M humongous, Frag: 23% external, 0% internal; Reserve: 412M, Max: 4096K
[300.413s][info][gc,stats    ] 
[300.413s][info][gc,stats    ] All times are wall-clock times, except per-root-class counters, that are sum over
[300.413s][info][gc,stats    ] all workers. Dividing the <total> over the root stage time estimates parallelism.
[300.413s][info][gc,stats    ] 
[300.413s][info][gc,stats    ] Concurrent Reset                  20406 us
[300.413s][info][gc,stats    ] Pause Init Mark (G)                 171 us
[300.413s][info][gc,stats    ] Pause Init Mark (N)                 118 us
[300.413s][info][gc,stats    ]   Update Region States               37 us
[300.413s][info][gc,stats    ] Concurrent Mark Roots              1217 us, parallelism: 1.64x
[300.413s][info][gc,stats    ]   CMR: <total>                     1998 us
[300.413s][info][gc,stats    ]   CMR: Thread Roots                1830 us, workers (us): 847, 982, ---, ---, 
[300.413s][info][gc,stats    ]   CMR: VM Strong Roots               13 us, workers (us):  13,   0, ---, ---, 
[300.413s][info][gc,stats    ]   CMR: CLDG Roots                   155 us, workers (us): 155, ---, ---, ---, 
[300.413s][info][gc,stats    ] Concurrent Marking               263459 us
[300.413s][info][gc,stats    ] Pause Final Mark (G)                368 us
[300.413s][info][gc,stats    ] Pause Final Mark (N)                340 us
[300.413s][info][gc,stats    ]   Finish Mark                        49 us
[300.413s][info][gc,stats    ]   Update Region States               69 us
[300.413s][info][gc,stats    ]   Choose Collection Set             145 us
[300.413s][info][gc,stats    ]   Rebuild Free Set                   10 us
[300.413s][info][gc,stats    ] Concurrent Thread Roots             944 us, parallelism: 1.81x
[300.413s][info][gc,stats    ]   CTR: <total>                     1710 us
[300.413s][info][gc,stats    ]   CTR: Thread Roots                1710 us, workers (us): 860, 850, ---, ---, 
[300.413s][info][gc,stats    ] Concurrent Weak References          476 us, parallelism: 0.85x
[300.413s][info][gc,stats    ]   CWRF: <total>                     405 us
[300.413s][info][gc,stats    ]   CWRF: Weak References             405 us, workers (us):  33, 372, ---, ---, 
[300.413s][info][gc,stats    ] Concurrent Weak Roots              2261 us
[300.413s][info][gc,stats    ]   Roots                            2146 us, parallelism: 1.91x
[300.413s][info][gc,stats    ]     CWR: <total>                   4089 us
[300.413s][info][gc,stats    ]     CWR: Code Cache Roots          2608 us, workers (us): 1314, 1294, ---, ---, 
[300.413s][info][gc,stats    ]     CWR: VM Weak Roots             1429 us, workers (us): 715, 714, ---, ---, 
[300.413s][info][gc,stats    ]     CWR: CLDG Roots                  52 us, workers (us): ---,  52, ---, ---, 
[300.413s][info][gc,stats    ]   Rendezvous                         78 us
[300.413s][info][gc,stats    ] Concurrent Cleanup                   46 us
[300.413s][info][gc,stats    ] Concurrent Class Unloading         4062 us
[300.413s][info][gc,stats    ]   Unlink Stale                     3676 us
[300.413s][info][gc,stats    ]     System Dictionary                45 us
[300.413s][info][gc,stats    ]     Weak Class Links                  0 us
[300.413s][info][gc,stats    ]     Code Roots                     3629 us
[300.413s][info][gc,stats    ]   Rendezvous                        103 us
[300.413s][info][gc,stats    ]   Purge Unlinked                    241 us
[300.413s][info][gc,stats    ]     Code Roots                      234 us
[300.413s][info][gc,stats    ]     CLDG                              6 us
[300.413s][info][gc,stats    ]     Exception Caches                  0 us
[300.413s][info][gc,stats    ] Concurrent Strong Roots             283 us, parallelism: 0.70x
[300.413s][info][gc,stats    ]   CSR: <total>                      198 us
[300.413s][info][gc,stats    ]   CSR: VM Strong Roots                8 us, workers (us):   8,   0, ---, ---, 
[300.413s][info][gc,stats    ]   CSR: CLDG Roots                   190 us, workers (us): 190, ---, ---, ---, 
[300.413s][info][gc,stats    ] Concurrent Evacuation             63848 us
[300.413s][info][gc,stats    ] Pause Init Update Refs (G)          126 us
[300.413s][info][gc,stats    ] Pause Init Update Refs (N)           56 us
[300.413s][info][gc,stats    ]   Manage GCLABs                       5 us
[300.413s][info][gc,stats    ] Concurrent Update Refs           188556 us
[300.413s][info][gc,stats    ] Concurrent Update Thread Roots     1487 us
[300.413s][info][gc,stats    ] Pause Final Update Refs (G)         152 us
[300.413s][info][gc,stats    ] Pause Final Update Refs (N)         124 us
[300.413s][info][gc,stats    ]   Update Region States               37 us
[300.413s][info][gc,stats    ]   Trash Collection Set               12 us
[300.413s][info][gc,stats    ]   Rebuild Free Set                   10 us
[300.413s][info][gc,stats    ] Concurrent Cleanup                   71 us
[300.413s][info][gc,stats    ] 
[300.413s][info][gc,stats    ] Allocation pacing accrued:
[300.413s][info][gc,stats    ]       0 of 10201 ms (  0.0%): <total>
[300.413s][info][gc,stats    ]       0 of 10201 ms (  0.0%): <average total>
[300.413s][info][gc,stats    ] 
[300.413s][info][gc,metaspace] Metaspace: 133651K(135040K)->133655K(135040K) NonClass: 112850K(113600K)->112854K(113600K) Class: 20800K(21440K)->20800K(21440K)
[300.413s][info][gc,ergo     ] Pacer for Idle. Initial: 163M, Alloc Tax Rate: 1.0x
[310.167s][info][gc          ] Trigger: Average GC time (581.81 ms) is above the time for average allocation rate (1216 MB/s) to deplete free headroom (507M) (margin of error = 1.82)
[310.167s][info][gc,ergo     ] Free headroom: 917M (free) - 409M (spike) - 0B (penalties) = 507M
[310.167s][info][gc,ergo     ] Free: 917M, Max: 4096K regular, 560M humongous, Frag: 39% external, 0% internal; Reserve: 412M, Max: 4096K
[310.167s][info][gc,start    ] GC(33) Concurrent reset
[310.167s][info][gc,task     ] GC(33) Using 2 of 4 workers for concurrent reset
[310.167s][info][gc,ergo     ] GC(33) Pacer for Reset. Non-Taxable: 8192M
[310.190s][info][gc          ] GC(33) Concurrent reset 23.145ms
[310.190s][info][gc,start    ] GC(33) Pause Init Mark (unload classes)
[310.190s][info][gc,task     ] GC(33) Using 4 of 4 workers for init marking
[310.190s][info][gc,ergo     ] GC(33) Pacer for Mark. Expected Live: 492M, Free: 909M, Non-Taxable: 93117K, Alloc Tax Rate: 0.7x
[310.190s][info][gc          ] GC(33) Pause Init Mark (unload classes) 0.185ms
[310.190s][info][gc,start    ] GC(33) Concurrent marking roots
[310.191s][info][gc,task     ] GC(33) Using 2 of 4 workers for concurrent marking roots
[310.192s][info][gc          ] GC(33) Concurrent marking roots 1.746ms
[310.192s][info][gc,start    ] GC(33) Concurrent marking (unload classes)
[310.192s][info][gc,task     ] GC(33) Using 2 of 4 workers for concurrent marking
[310.436s][info][gc          ] GC(33) Concurrent marking (unload classes) 243.662ms
[310.436s][info][gc,start    ] GC(33) Pause Final Mark (unload classes)
[310.436s][info][gc,task     ] GC(33) Using 4 of 4 workers for final marking
[310.436s][info][gc,ergo     ] GC(33) Adaptive CSet Selection. Target Free: 1160M, Actual Free: 2124M, Max CSet: 341M, Min Garbage: 0B
[310.436s][info][gc,ergo     ] GC(33) Collectable Garbage: 6334M (99%), Immediate: 1108M (17%), CSet: 5226M (82%)
[310.436s][info][gc,ergo     ] GC(33) Pacer for Evacuation. Used CSet: 5324M, Free: 1721M, Non-Taxable: 172M, Alloc Tax Rate: 7.6x
[310.436s][info][gc          ] GC(33) Pause Final Mark (unload classes) 0.278ms
[310.436s][info][gc,start    ] GC(33) Concurrent thread roots
[310.436s][info][gc,task     ] GC(33) Using 2 of 4 workers for Concurrent thread roots
[310.437s][info][gc          ] GC(33) Concurrent thread roots 0.871ms
[310.437s][info][gc,start    ] GC(33) Concurrent weak references
[310.437s][info][gc,task     ] GC(33) Using 2 of 4 workers for concurrent weak references
[310.438s][info][gc,ref      ] GC(33) Encountered references: Soft: 6071, Weak: 23130, Final: 34, Phantom: 638
[310.438s][info][gc,ref      ] GC(33) Discovered  references: Soft: 0, Weak: 9279, Final: 0, Phantom: 458
[310.438s][info][gc,ref      ] GC(33) Enqueued    references: Soft: 0, Weak: 2, Final: 0, Phantom: 0
[310.438s][info][gc          ] GC(33) Concurrent weak references 0.382ms
[310.438s][info][gc,start    ] GC(33) Concurrent weak roots
[310.438s][info][gc,task     ] GC(33) Using 2 of 4 workers for concurrent weak root
[310.440s][info][gc          ] GC(33) Concurrent weak roots 2.705ms
[310.440s][info][gc,start    ] GC(33) Concurrent cleanup
[310.440s][info][gc          ] GC(33) Concurrent cleanup 7179M->6071M(8192M) 0.034ms
[310.440s][info][gc,ergo     ] GC(33) Free: 1709M, Max: 4096K regular, 560M humongous, Frag: 68% external, 0% internal; Reserve: 411M, Max: 4096K
[310.440s][info][gc,start    ] GC(33) Concurrent class unloading
[310.440s][info][gc,task     ] GC(33) Using 2 of 4 workers for concurrent class unloading
[310.445s][info][gc          ] GC(33) Concurrent class unloading 4.301ms
[310.445s][info][gc,start    ] GC(33) Concurrent strong roots
[310.445s][info][gc,task     ] GC(33) Using 2 of 4 workers for concurrent strong root
[310.445s][info][gc          ] GC(33) Concurrent strong roots 0.324ms
[310.445s][info][gc,start    ] GC(33) Concurrent evacuation
[310.445s][info][gc,task     ] GC(33) Using 2 of 4 workers for concurrent evacuation
[310.504s][info][gc          ] GC(33) Concurrent evacuation 59.078ms
[310.504s][info][gc,start    ] GC(33) Pause Init Update Refs
[310.504s][info][gc,ergo     ] GC(33) Pacer for Update Refs. Used: 6210M, Free: 1669M, Non-Taxable: 166M, Alloc Tax Rate: 4.5x
[310.504s][info][gc          ] GC(33) Pause Init Update Refs 0.045ms
[310.504s][info][gc,start    ] GC(33) Concurrent update references
[310.504s][info][gc,task     ] GC(33) Using 2 of 4 workers for concurrent reference update
[310.671s][info][gc          ] GC(33) Concurrent update references 167.023ms
[310.671s][info][gc,start    ] GC(33) Concurrent update thread roots
[310.673s][info][gc          ] GC(33) Concurrent update thread roots 1.477ms
[310.673s][info][gc,start    ] GC(33) Pause Final Update Refs
[310.673s][info][gc,task     ] GC(33) Using 4 of 4 workers for final reference update
[310.673s][info][gc          ] GC(33) Pause Final Update Refs 0.147ms
[310.673s][info][gc,start    ] GC(33) Concurrent cleanup
[310.673s][info][gc          ] GC(33) Concurrent cleanup 6402M->1078M(8192M) 0.071ms
[310.673s][info][gc,ergo     ] Free: 6701M, Max: 4096K regular, 5592M humongous, Frag: 17% external, 0% internal; Reserve: 412M, Max: 4096K
[310.673s][info][gc,stats    ] 
[310.673s][info][gc,stats    ] All times are wall-clock times, except per-root-class counters, that are sum over
[310.673s][info][gc,stats    ] all workers. Dividing the <total> over the root stage time estimates parallelism.
[310.673s][info][gc,stats    ] 
[310.673s][info][gc,stats    ] Concurrent Reset                  23337 us
[310.673s][info][gc,stats    ] Pause Init Mark (G)                 437 us
[310.673s][info][gc,stats    ] Pause Init Mark (N)                 197 us
[310.673s][info][gc,stats    ]   Update Region States               82 us
[310.673s][info][gc,stats    ] Concurrent Mark Roots              1790 us, parallelism: 1.42x
[310.673s][info][gc,stats    ]   CMR: <total>                     2549 us
[310.673s][info][gc,stats    ]   CMR: Thread Roots                2122 us, workers (us): 1251, 870, ---, ---, 
[310.673s][info][gc,stats    ]   CMR: VM Strong Roots               35 us, workers (us):  26,   9, ---, ---, 
[310.673s][info][gc,stats    ]   CMR: CLDG Roots                   393 us, workers (us): ---, 393, ---, ---, 
[310.673s][info][gc,stats    ] Concurrent Marking               243712 us
[310.673s][info][gc,stats    ] Pause Final Mark (G)                316 us
[310.673s][info][gc,stats    ] Pause Final Mark (N)                289 us
[310.673s][info][gc,stats    ]   Finish Mark                        20 us
[310.673s][info][gc,stats    ]   Update Region States               16 us
[310.673s][info][gc,stats    ]   Choose Collection Set             158 us
[310.673s][info][gc,stats    ]   Rebuild Free Set                    9 us
[310.673s][info][gc,stats    ] Concurrent Thread Roots             893 us, parallelism: 1.86x
[310.673s][info][gc,stats    ]   CTR: <total>                     1662 us
[310.673s][info][gc,stats    ]   CTR: Thread Roots                1662 us, workers (us): 832, 830, ---, ---, 
[310.673s][info][gc,stats    ] Concurrent Weak References          392 us, parallelism: 1.07x
[310.673s][info][gc,stats    ]   CWRF: <total>                     420 us
[310.673s][info][gc,stats    ]   CWRF: Weak References             420 us, workers (us): 104, 317, ---, ---, 
[310.673s][info][gc,stats    ] Concurrent Weak Roots              2731 us
[310.673s][info][gc,stats    ]   Roots                            2656 us, parallelism: 1.90x
[310.674s][info][gc,stats    ]     CWR: <total>                   5050 us
[310.674s][info][gc,stats    ]     CWR: Code Cache Roots          3361 us, workers (us): 1767, 1594, ---, ---, 
[310.674s][info][gc,stats    ]     CWR: VM Weak Roots             1553 us, workers (us): 777, 776, ---, ---, 
[310.674s][info][gc,stats    ]     CWR: CLDG Roots                 136 us, workers (us): ---, 136, ---, ---, 
[310.674s][info][gc,stats    ]   Rendezvous                         28 us
[310.674s][info][gc,stats    ] Concurrent Cleanup                   47 us
[310.674s][info][gc,stats    ] Concurrent Class Unloading         4324 us
[310.674s][info][gc,stats    ]   Unlink Stale                     3877 us
[310.674s][info][gc,stats    ]     System Dictionary                92 us
[310.674s][info][gc,stats    ]     Weak Class Links                  0 us
[310.674s][info][gc,stats    ]     Code Roots                     3784 us
[310.674s][info][gc,stats    ]   Rendezvous                         93 us
[310.674s][info][gc,stats    ]   Purge Unlinked                    305 us
[310.674s][info][gc,stats    ]     Code Roots                      298 us
[310.674s][info][gc,stats    ]     CLDG                              7 us
[310.674s][info][gc,stats    ]     Exception Caches                  0 us
[310.674s][info][gc,stats    ] Concurrent Strong Roots             337 us, parallelism: 0.66x
[310.674s][info][gc,stats    ]   CSR: <total>                      221 us
[310.674s][info][gc,stats    ]   CSR: VM Strong Roots                8 us, workers (us):   4,   4, ---, ---, 
[310.674s][info][gc,stats    ]   CSR: CLDG Roots                   213 us, workers (us): ---, 213, ---, ---, 
[310.674s][info][gc,stats    ] Concurrent Evacuation             59113 us
[310.674s][info][gc,stats    ] Pause Init Update Refs (G)          113 us
[310.674s][info][gc,stats    ] Pause Init Update Refs (N)           56 us
[310.674s][info][gc,stats    ]   Manage GCLABs                       7 us
[310.674s][info][gc,stats    ] Concurrent Update Refs           167065 us
[310.674s][info][gc,stats    ] Concurrent Update Thread Roots     1502 us
[310.674s][info][gc,stats    ] Pause Final Update Refs (G)         215 us
[310.674s][info][gc,stats    ] Pause Final Update Refs (N)         173 us
[310.674s][info][gc,stats    ]   Update Region States               32 us
[310.674s][info][gc,stats    ]   Trash Collection Set               11 us
[310.674s][info][gc,stats    ]   Rebuild Free Set                   66 us
[310.674s][info][gc,stats    ] Concurrent Cleanup                   85 us
[310.674s][info][gc,stats    ] 
[310.674s][info][gc,stats    ] Allocation pacing accrued:
[310.674s][info][gc,stats    ]       0 of 10260 ms (  0.0%): <total>
[310.674s][info][gc,stats    ]       0 of 10260 ms (  0.0%): <average total>
[310.674s][info][gc,stats    ] 
[310.674s][info][gc,metaspace] Metaspace: 133670K(135040K)->133670K(135040K) NonClass: 112869K(113600K)->112869K(113600K) Class: 20800K(21440K)->20800K(21440K)
[310.674s][info][gc,ergo     ] Pacer for Idle. Initial: 163M, Alloc Tax Rate: 1.0x
[318.721s][info][gc          ] Trigger: Average GC time (559.16 ms) is above the time for instantaneous allocation rate (1388 MB/s) to deplete free headroom (711M) (spike threshold = 1.77)
[318.721s][info][gc,ergo     ] Free: 1121M, Max: 4096K regular, 576M humongous, Frag: 49% external, 0% internal; Reserve: 412M, Max: 4096K
[318.721s][info][gc,start    ] GC(34) Concurrent reset
[318.721s][info][gc,task     ] GC(34) Using 2 of 4 workers for concurrent reset
[318.721s][info][gc,ergo     ] GC(34) Pacer for Reset. Non-Taxable: 8192M
[318.739s][info][gc          ] GC(34) Concurrent reset 17.923ms
[318.739s][info][gc,start    ] GC(34) Pause Init Mark (unload classes)
[318.739s][info][gc,task     ] GC(34) Using 4 of 4 workers for init marking
[318.739s][info][gc,ergo     ] GC(34) Pacer for Mark. Expected Live: 499M, Free: 1105M, Non-Taxable: 110M, Alloc Tax Rate: 0.6x
[318.739s][info][gc          ] GC(34) Pause Init Mark (unload classes) 0.113ms
[318.739s][info][gc,start    ] GC(34) Concurrent marking roots
[318.739s][info][gc,task     ] GC(34) Using 2 of 4 workers for concurrent marking roots
[318.740s][info][gc          ] GC(34) Concurrent marking roots 1.054ms
[318.740s][info][gc,start    ] GC(34) Concurrent marking (unload classes)
[318.740s][info][gc,task     ] GC(34) Using 2 of 4 workers for concurrent marking
[318.968s][info][gc          ] GC(34) Concurrent marking (unload classes) 227.896ms
[318.968s][info][gc,start    ] GC(34) Pause Final Mark (unload classes)
[318.968s][info][gc,task     ] GC(34) Using 4 of 4 workers for final marking
[318.969s][info][gc,ergo     ] GC(34) Adaptive CSet Selection. Target Free: 1160M, Actual Free: 2747M, Max CSet: 341M, Min Garbage: 0B
[318.969s][info][gc,ergo     ] GC(34) Collectable Garbage: 6159M (99%), Immediate: 1427M (23%), CSet: 4731M (76%)
[318.969s][info][gc,ergo     ] GC(34) Pacer for Evacuation. Used CSet: 4807M, Free: 2345M, Non-Taxable: 234M, Alloc Tax Rate: 5.0x
[318.969s][info][gc          ] GC(34) Pause Final Mark (unload classes) 0.282ms
[318.969s][info][gc,start    ] GC(34) Concurrent thread roots
[318.969s][info][gc,task     ] GC(34) Using 2 of 4 workers for Concurrent thread roots
[318.970s][info][gc          ] GC(34) Concurrent thread roots 0.827ms
[318.970s][info][gc,start    ] GC(34) Concurrent weak references
[318.970s][info][gc,task     ] GC(34) Using 2 of 4 workers for concurrent weak references
[318.970s][info][gc,ref      ] GC(34) Encountered references: Soft: 6080, Weak: 23265, Final: 34, Phantom: 730
[318.970s][info][gc,ref      ] GC(34) Discovered  references: Soft: 0, Weak: 8071, Final: 0, Phantom: 535
[318.970s][info][gc,ref      ] GC(34) Enqueued    references: Soft: 0, Weak: 55, Final: 0, Phantom: 40
[318.970s][info][gc          ] GC(34) Concurrent weak references 0.515ms
[318.970s][info][gc,start    ] GC(34) Concurrent weak roots
[318.970s][info][gc,task     ] GC(34) Using 2 of 4 workers for concurrent weak root
[318.973s][info][gc          ] GC(34) Concurrent weak roots 2.674ms
[318.973s][info][gc,start    ] GC(34) Concurrent cleanup
[318.973s][info][gc          ] GC(34) Concurrent cleanup 6874M->5446M(8192M) 0.040ms
[318.973s][info][gc,ergo     ] GC(34) Free: 2333M, Max: 4096K regular, 576M humongous, Frag: 76% external, 0% internal; Reserve: 411M, Max: 4096K
[318.973s][info][gc,start    ] GC(34) Concurrent class unloading
[318.973s][info][gc,task     ] GC(34) Using 2 of 4 workers for concurrent class unloading
[318.979s][info][gc          ] GC(34) Concurrent class unloading 6.550ms
[318.979s][info][gc,start    ] GC(34) Concurrent strong roots
[318.979s][info][gc,task     ] GC(34) Using 2 of 4 workers for concurrent strong root
[318.980s][info][gc          ] GC(34) Concurrent strong roots 0.398ms
[318.980s][info][gc,start    ] GC(34) Concurrent evacuation
[318.980s][info][gc,task     ] GC(34) Using 2 of 4 workers for concurrent evacuation
[319.023s][info][gc          ] GC(34) Concurrent evacuation 42.817ms
[319.023s][info][gc,start    ] GC(34) Pause Init Update Refs
[319.023s][info][gc,ergo     ] GC(34) Pacer for Update Refs. Used: 5550M, Free: 2313M, Non-Taxable: 231M, Alloc Tax Rate: 2.9x
[319.023s][info][gc          ] GC(34) Pause Init Update Refs 0.044ms
[319.023s][info][gc,start    ] GC(34) Concurrent update references
[319.023s][info][gc,task     ] GC(34) Using 2 of 4 workers for concurrent reference update
[319.173s][info][gc          ] GC(34) Concurrent update references 150.088ms
[319.173s][info][gc,start    ] GC(34) Concurrent update thread roots
[319.174s][info][gc          ] GC(34) Concurrent update thread roots 1.270ms
[319.174s][info][gc,start    ] GC(34) Pause Final Update Refs
[319.174s][info][gc,task     ] GC(34) Using 4 of 4 workers for final reference update
[319.174s][info][gc          ] GC(34) Pause Final Update Refs 0.102ms
[319.174s][info][gc,start    ] GC(34) Concurrent cleanup
[319.174s][info][gc          ] GC(34) Concurrent cleanup 5634M->826M(8192M) 0.060ms
[319.175s][info][gc,ergo     ] Free: 6953M, Max: 4096K regular, 5324M humongous, Frag: 24% external, 0% internal; Reserve: 412M, Max: 4096K
[319.175s][info][gc,stats    ] 
[319.175s][info][gc,stats    ] All times are wall-clock times, except per-root-class counters, that are sum over
[319.175s][info][gc,stats    ] all workers. Dividing the <total> over the root stage time estimates parallelism.
[319.175s][info][gc,stats    ] 
[319.175s][info][gc,stats    ] Concurrent Reset                  18004 us
[319.175s][info][gc,stats    ] Pause Init Mark (G)                 170 us
[319.175s][info][gc,stats    ] Pause Init Mark (N)                 125 us
[319.175s][info][gc,stats    ]   Update Region States               42 us
[319.175s][info][gc,stats    ] Concurrent Mark Roots              1076 us, parallelism: 1.68x
[319.175s][info][gc,stats    ]   CMR: <total>                     1804 us
[319.175s][info][gc,stats    ]   CMR: Thread Roots                1662 us, workers (us): 770, 892, ---, ---, 
[319.175s][info][gc,stats    ]   CMR: VM Strong Roots               15 us, workers (us):   7,   8, ---, ---, 
[319.175s][info][gc,stats    ]   CMR: CLDG Roots                   128 us, workers (us): 128, ---, ---, ---, 
[319.175s][info][gc,stats    ] Concurrent Marking               227939 us
[319.175s][info][gc,stats    ] Pause Final Mark (G)                312 us
[319.175s][info][gc,stats    ] Pause Final Mark (N)                293 us
[319.175s][info][gc,stats    ]   Finish Mark                        52 us
[319.175s][info][gc,stats    ]   Update Region States               25 us
[319.175s][info][gc,stats    ]   Choose Collection Set             137 us
[319.175s][info][gc,stats    ]   Rebuild Free Set                   10 us
[319.175s][info][gc,stats    ] Concurrent Thread Roots             846 us, parallelism: 1.81x
[319.175s][info][gc,stats    ]   CTR: <total>                     1535 us
[319.175s][info][gc,stats    ]   CTR: Thread Roots                1535 us, workers (us): 778, 756, ---, ---, 
[319.175s][info][gc,stats    ] Concurrent Weak References          531 us, parallelism: 0.98x
[319.175s][info][gc,stats    ]   CWRF: <total>                     519 us
[319.175s][info][gc,stats    ]   CWRF: Weak References             519 us, workers (us): 448,  71, ---, ---, 
[319.175s][info][gc,stats    ] Concurrent Weak Roots              2701 us
[319.175s][info][gc,stats    ]   Roots                            2621 us, parallelism: 1.87x
[319.175s][info][gc,stats    ]     CWR: <total>                   4897 us
[319.175s][info][gc,stats    ]     CWR: Code Cache Roots          3214 us, workers (us): 1573, 1641, ---, ---, 
[319.175s][info][gc,stats    ]     CWR: VM Weak Roots             1581 us, workers (us): 805, 776, ---, ---, 
[319.175s][info][gc,stats    ]     CWR: CLDG Roots                 101 us, workers (us): 101, ---, ---, ---, 
[319.175s][info][gc,stats    ]   Rendezvous                         28 us
[319.175s][info][gc,stats    ] Concurrent Cleanup                   54 us
[319.175s][info][gc,stats    ] Concurrent Class Unloading         6593 us
[319.175s][info][gc,stats    ]   Unlink Stale                     5292 us
[319.175s][info][gc,stats    ]     System Dictionary                65 us
[319.175s][info][gc,stats    ]     Weak Class Links                  0 us
[319.175s][info][gc,stats    ]     Code Roots                     5224 us
[319.175s][info][gc,stats    ]   Rendezvous                        134 us
[319.175s][info][gc,stats    ]   Purge Unlinked                   1098 us
[319.175s][info][gc,stats    ]     Code Roots                     1055 us
[319.175s][info][gc,stats    ]     CLDG                             43 us
[319.175s][info][gc,stats    ]     Exception Caches                  0 us
[319.175s][info][gc,stats    ] Concurrent Strong Roots             415 us, parallelism: 0.65x
[319.175s][info][gc,stats    ]   CSR: <total>                      270 us
[319.175s][info][gc,stats    ]   CSR: VM Strong Roots               10 us, workers (us):  10,   0, ---, ---, 
[319.175s][info][gc,stats    ]   CSR: CLDG Roots                   260 us, workers (us): 260, ---, ---, ---, 
[319.175s][info][gc,stats    ] Concurrent Evacuation             42877 us
[319.175s][info][gc,stats    ] Pause Init Update Refs (G)           87 us
[319.175s][info][gc,stats    ] Pause Init Update Refs (N)           56 us
[319.175s][info][gc,stats    ]   Manage GCLABs                       6 us
[319.175s][info][gc,stats    ] Concurrent Update Refs           150130 us
[319.175s][info][gc,stats    ] Concurrent Update Thread Roots     1295 us
[319.175s][info][gc,stats    ] Pause Final Update Refs (G)         143 us
[319.175s][info][gc,stats    ] Pause Final Update Refs (N)         116 us
[319.175s][info][gc,stats    ]   Update Region States               39 us
[319.175s][info][gc,stats    ]   Trash Collection Set               14 us
[319.175s][info][gc,stats    ]   Rebuild Free Set                   10 us
[319.175s][info][gc,stats    ] Concurrent Cleanup                   73 us
[319.175s][info][gc,stats    ] 
[319.175s][info][gc,stats    ] Allocation pacing accrued:
[319.175s][info][gc,stats    ]       0 of  8501 ms (  0.0%): <total>
[319.175s][info][gc,stats    ]       0 of  8501 ms (  0.0%): <average total>
[319.175s][info][gc,stats    ] 
[319.175s][info][gc,metaspace] Metaspace: 133962K(135296K)->133962K(135296K) NonClass: 113114K(113856K)->113114K(113856K) Class: 20848K(21440K)->20848K(21440K)
[319.175s][info][gc,ergo     ] Pacer for Idle. Initial: 163M, Alloc Tax Rate: 1.0x
[327.327s][info][gc          ] Trigger: Free (813M) is below minimum threshold (819M)
[327.327s][info][gc,ergo     ] Free: 813M, Max: 4096K regular, 592M humongous, Frag: 27% external, 0% internal; Reserve: 412M, Max: 4096K
[327.327s][info][gc,start    ] GC(35) Concurrent reset
[327.327s][info][gc,task     ] GC(35) Using 2 of 4 workers for concurrent reset
[327.327s][info][gc,ergo     ] GC(35) Pacer for Reset. Non-Taxable: 8192M
[327.344s][info][gc          ] GC(35) Concurrent reset 16.908ms
[327.344s][info][gc,start    ] GC(35) Pause Init Mark (unload classes)
[327.344s][info][gc,task     ] GC(35) Using 4 of 4 workers for init marking
[327.344s][info][gc,ergo     ] GC(35) Pacer for Mark. Expected Live: 501M, Free: 813M, Non-Taxable: 83287K, Alloc Tax Rate: 0.8x
[327.344s][info][gc          ] GC(35) Pause Init Mark (unload classes) 0.111ms
[327.344s][info][gc,start    ] GC(35) Concurrent marking roots
[327.344s][info][gc,task     ] GC(35) Using 2 of 4 workers for concurrent marking roots
[327.346s][info][gc          ] GC(35) Concurrent marking roots 1.410ms
[327.346s][info][gc,start    ] GC(35) Concurrent marking (unload classes)
[327.346s][info][gc,task     ] GC(35) Using 2 of 4 workers for concurrent marking
[327.575s][info][gc          ] GC(35) Concurrent marking (unload classes) 229.884ms
[327.576s][info][gc,start    ] GC(35) Pause Final Mark (unload classes)
[327.576s][info][gc,task     ] GC(35) Using 4 of 4 workers for final marking
[327.576s][info][gc,ergo     ] GC(35) Adaptive CSet Selection. Target Free: 1160M, Actual Free: 2556M, Max CSet: 341M, Min Garbage: 0B
[327.576s][info][gc,ergo     ] GC(35) Collectable Garbage: 6455M (99%), Immediate: 1504M (23%), CSet: 4951M (76%)
[327.576s][info][gc,ergo     ] GC(35) Pacer for Evacuation. Used CSet: 5024M, Free: 2157M, Non-Taxable: 215M, Alloc Tax Rate: 5.7x
[327.576s][info][gc          ] GC(35) Pause Final Mark (unload classes) 0.272ms
[327.576s][info][gc,start    ] GC(35) Concurrent thread roots
[327.576s][info][gc,task     ] GC(35) Using 2 of 4 workers for Concurrent thread roots
[327.577s][info][gc          ] GC(35) Concurrent thread roots 0.820ms
[327.577s][info][gc,start    ] GC(35) Concurrent weak references
[327.577s][info][gc,task     ] GC(35) Using 2 of 4 workers for concurrent weak references
[327.577s][info][gc,ref      ] GC(35) Encountered references: Soft: 6080, Weak: 23213, Final: 34, Phantom: 693
[327.577s][info][gc,ref      ] GC(35) Discovered  references: Soft: 0, Weak: 2184, Final: 0, Phantom: 503
[327.577s][info][gc,ref      ] GC(35) Enqueued    references: Soft: 0, Weak: 2, Final: 0, Phantom: 0
[327.577s][info][gc          ] GC(35) Concurrent weak references 0.154ms
[327.577s][info][gc,start    ] GC(35) Concurrent weak roots
[327.577s][info][gc,task     ] GC(35) Using 2 of 4 workers for concurrent weak root
[327.579s][info][gc          ] GC(35) Concurrent weak roots 2.362ms
[327.579s][info][gc,start    ] GC(35) Concurrent cleanup
[327.579s][info][gc          ] GC(35) Concurrent cleanup 7136M->5632M(8192M) 0.035ms
[327.579s][info][gc,ergo     ] GC(35) Free: 2147M, Max: 4096K regular, 592M humongous, Frag: 73% external, 0% internal; Reserve: 411M, Max: 4096K
[327.579s][info][gc,start    ] GC(35) Concurrent class unloading
[327.579s][info][gc,task     ] GC(35) Using 2 of 4 workers for concurrent class unloading
[327.584s][info][gc          ] GC(35) Concurrent class unloading 4.696ms
[327.584s][info][gc,start    ] GC(35) Concurrent strong roots
[327.584s][info][gc,task     ] GC(35) Using 2 of 4 workers for concurrent strong root
[327.584s][info][gc          ] GC(35) Concurrent strong roots 0.410ms
[327.584s][info][gc,start    ] GC(35) Concurrent evacuation
[327.584s][info][gc,task     ] GC(35) Using 2 of 4 workers for concurrent evacuation
[327.622s][info][gc          ] GC(35) Concurrent evacuation 38.060ms
[327.623s][info][gc,start    ] GC(35) Pause Init Update Refs
[327.623s][info][gc,ergo     ] GC(35) Pacer for Update Refs. Used: 5724M, Free: 2131M, Non-Taxable: 213M, Alloc Tax Rate: 3.3x
[327.623s][info][gc          ] GC(35) Pause Init Update Refs 0.048ms
[327.623s][info][gc,start    ] GC(35) Concurrent update references
[327.623s][info][gc,task     ] GC(35) Using 2 of 4 workers for concurrent reference update
[327.768s][info][gc          ] GC(35) Concurrent update references 145.358ms
[327.768s][info][gc,start    ] GC(35) Concurrent update thread roots
[327.769s][info][gc          ] GC(35) Concurrent update thread roots 1.274ms
[327.769s][info][gc,start    ] GC(35) Pause Final Update Refs
[327.769s][info][gc,task     ] GC(35) Using 4 of 4 workers for final reference update
[327.769s][info][gc          ] GC(35) Pause Final Update Refs 0.105ms
[327.769s][info][gc,start    ] GC(35) Concurrent cleanup
[327.770s][info][gc          ] GC(35) Concurrent cleanup 5808M->784M(8192M) 0.071ms
[327.770s][info][gc,ergo     ] Free: 6995M, Max: 4096K regular, 5940M humongous, Frag: 15% external, 0% internal; Reserve: 412M, Max: 4096K
[327.770s][info][gc,stats    ] 
[327.770s][info][gc,stats    ] All times are wall-clock times, except per-root-class counters, that are sum over
[327.770s][info][gc,stats    ] all workers. Dividing the <total> over the root stage time estimates parallelism.
[327.770s][info][gc,stats    ] 
[327.770s][info][gc,stats    ] Concurrent Reset                  17002 us
[327.770s][info][gc,stats    ] Pause Init Mark (G)                 218 us
[327.770s][info][gc,stats    ] Pause Init Mark (N)                 123 us
[327.770s][info][gc,stats    ]   Update Region States               32 us
[327.770s][info][gc,stats    ] Concurrent Mark Roots              1434 us, parallelism: 1.53x
[327.770s][info][gc,stats    ]   CMR: <total>                     2191 us
[327.770s][info][gc,stats    ]   CMR: Thread Roots                1893 us, workers (us): 822, 1071, ---, ---, 
[327.770s][info][gc,stats    ]   CMR: VM Strong Roots               22 us, workers (us):  22,   0, ---, ---, 
[327.770s][info][gc,stats    ]   CMR: CLDG Roots                   276 us, workers (us): 276, ---, ---, ---, 
[327.770s][info][gc,stats    ] Concurrent Marking               229934 us
[327.770s][info][gc,stats    ] Pause Final Mark (G)                310 us
[327.770s][info][gc,stats    ] Pause Final Mark (N)                283 us
[327.770s][info][gc,stats    ]   Finish Mark                        19 us
[327.770s][info][gc,stats    ]   Update Region States               40 us
[327.770s][info][gc,stats    ]   Choose Collection Set             147 us
[327.770s][info][gc,stats    ]   Rebuild Free Set                   10 us
[327.770s][info][gc,stats    ] Concurrent Thread Roots             837 us, parallelism: 1.86x
[327.770s][info][gc,stats    ]   CTR: <total>                     1557 us
[327.770s][info][gc,stats    ]   CTR: Thread Roots                1557 us, workers (us): 774, 783, ---, ---, 
[327.770s][info][gc,stats    ] Concurrent Weak References          164 us, parallelism: 0.77x
[327.770s][info][gc,stats    ]   CWRF: <total>                     127 us
[327.770s][info][gc,stats    ]   CWRF: Weak References             127 us, workers (us):  92,  35, ---, ---, 
[327.770s][info][gc,stats    ] Concurrent Weak Roots              2380 us
[327.770s][info][gc,stats    ]   Roots                            2253 us, parallelism: 1.92x
[327.770s][info][gc,stats    ]     CWR: <total>                   4330 us
[327.770s][info][gc,stats    ]     CWR: Code Cache Roots          2825 us, workers (us): 1388, 1437, ---, ---, 
[327.770s][info][gc,stats    ]     CWR: VM Weak Roots             1444 us, workers (us): 722, 722, ---, ---, 
[327.770s][info][gc,stats    ]     CWR: CLDG Roots                  61 us, workers (us):  61, ---, ---, ---, 
[327.770s][info][gc,stats    ]   Rendezvous                         89 us
[327.770s][info][gc,stats    ] Concurrent Cleanup                   48 us
[327.770s][info][gc,stats    ] Concurrent Class Unloading         4724 us
[327.770s][info][gc,stats    ]   Unlink Stale                     4109 us
[327.770s][info][gc,stats    ]     System Dictionary                56 us
[327.770s][info][gc,stats    ]     Weak Class Links                  0 us
[327.770s][info][gc,stats    ]     Code Roots                     4051 us
[327.770s][info][gc,stats    ]   Rendezvous                        151 us
[327.770s][info][gc,stats    ]   Purge Unlinked                    413 us
[327.770s][info][gc,stats    ]     Code Roots                      404 us
[327.770s][info][gc,stats    ]     CLDG                              9 us
[327.770s][info][gc,stats    ]     Exception Caches                  0 us
[327.770s][info][gc,stats    ] Concurrent Strong Roots             431 us, parallelism: 0.70x
[327.770s][info][gc,stats    ]   CSR: <total>                      303 us
[327.770s][info][gc,stats    ]   CSR: VM Strong Roots               13 us, workers (us):  13,   0, ---, ---, 
[327.770s][info][gc,stats    ]   CSR: CLDG Roots                   290 us, workers (us): 290, ---, ---, ---, 
[327.770s][info][gc,stats    ] Concurrent Evacuation             38110 us
[327.770s][info][gc,stats    ] Pause Init Update Refs (G)           87 us
[327.770s][info][gc,stats    ] Pause Init Update Refs (N)           59 us
[327.770s][info][gc,stats    ]   Manage GCLABs                       8 us
[327.770s][info][gc,stats    ] Concurrent Update Refs           145388 us
[327.770s][info][gc,stats    ] Concurrent Update Thread Roots     1294 us
[327.770s][info][gc,stats    ] Pause Final Update Refs (G)         193 us
[327.770s][info][gc,stats    ] Pause Final Update Refs (N)         119 us
[327.770s][info][gc,stats    ]   Update Region States               36 us
[327.770s][info][gc,stats    ]   Trash Collection Set               16 us
[327.770s][info][gc,stats    ]   Rebuild Free Set                   11 us
[327.770s][info][gc,stats    ] Concurrent Cleanup                   86 us
[327.770s][info][gc,stats    ] 
[327.770s][info][gc,stats    ] Allocation pacing accrued:
[327.770s][info][gc,stats    ]       0 of  8595 ms (  0.0%): <total>
[327.770s][info][gc,stats    ]       0 of  8595 ms (  0.0%): <average total>
[327.770s][info][gc,stats    ] 
[327.770s][info][gc,metaspace] Metaspace: 133978K(135360K)->133978K(135360K) NonClass: 113130K(113920K)->113130K(113920K) Class: 20848K(21440K)->20848K(21440K)
[327.770s][info][gc,ergo     ] Pacer for Idle. Initial: 163M, Alloc Tax Rate: 1.0x
[338.326s][info][gc          ] Trigger: Free (815M) is below minimum threshold (819M)
[338.326s][info][gc,ergo     ] Free: 815M, Max: 4096K regular, 600M humongous, Frag: 26% external, 0% internal; Reserve: 412M, Max: 4096K
[338.326s][info][gc,start    ] GC(36) Concurrent reset
[338.326s][info][gc,task     ] GC(36) Using 2 of 4 workers for concurrent reset
[338.326s][info][gc,ergo     ] GC(36) Pacer for Reset. Non-Taxable: 8192M
[338.341s][info][gc          ] GC(36) Concurrent reset 15.686ms
[338.341s][info][gc,start    ] GC(36) Pause Init Mark (unload classes)
[338.341s][info][gc,task     ] GC(36) Using 4 of 4 workers for init marking
[338.341s][info][gc,ergo     ] GC(36) Pacer for Mark. Expected Live: 495M, Free: 803M, Non-Taxable: 82321K, Alloc Tax Rate: 0.8x
[338.342s][info][gc          ] GC(36) Pause Init Mark (unload classes) 0.123ms
[338.342s][info][gc,start    ] GC(36) Concurrent marking roots
[338.342s][info][gc,task     ] GC(36) Using 2 of 4 workers for concurrent marking roots
[338.343s][info][gc          ] GC(36) Concurrent marking roots 1.079ms
[338.343s][info][gc,start    ] GC(36) Concurrent marking (unload classes)
[338.343s][info][gc,task     ] GC(36) Using 2 of 4 workers for concurrent marking
[338.578s][info][gc          ] GC(36) Concurrent marking (unload classes) 234.906ms
[338.578s][info][gc,start    ] GC(36) Pause Final Mark (unload classes)
[338.578s][info][gc,task     ] GC(36) Using 4 of 4 workers for final marking
[338.578s][info][gc,ergo     ] GC(36) Adaptive CSet Selection. Target Free: 1160M, Actual Free: 2792M, Max CSet: 341M, Min Garbage: 0B
[338.578s][info][gc,ergo     ] GC(36) Collectable Garbage: 6446M (99%), Immediate: 1740M (26%), CSet: 4706M (72%)
[338.578s][info][gc,ergo     ] GC(36) Pacer for Evacuation. Used CSet: 4797M, Free: 2389M, Non-Taxable: 238M, Alloc Tax Rate: 4.9x
[338.578s][info][gc          ] GC(36) Pause Final Mark (unload classes) 0.335ms
[338.578s][info][gc,start    ] GC(36) Concurrent thread roots
[338.578s][info][gc,task     ] GC(36) Using 2 of 4 workers for Concurrent thread roots
[338.579s][info][gc          ] GC(36) Concurrent thread roots 0.722ms
[338.579s][info][gc,start    ] GC(36) Concurrent weak references
[338.579s][info][gc,task     ] GC(36) Using 2 of 4 workers for concurrent weak references
[338.579s][info][gc,ref      ] GC(36) Encountered references: Soft: 6080, Weak: 23221, Final: 34, Phantom: 705
[338.579s][info][gc,ref      ] GC(36) Discovered  references: Soft: 0, Weak: 11452, Final: 2, Phantom: 581
[338.579s][info][gc,ref      ] GC(36) Enqueued    references: Soft: 0, Weak: 6, Final: 0, Phantom: 0
[338.579s][info][gc          ] GC(36) Concurrent weak references 0.510ms
[338.579s][info][gc,start    ] GC(36) Concurrent weak roots
[338.579s][info][gc,task     ] GC(36) Using 2 of 4 workers for concurrent weak root
[338.582s][info][gc          ] GC(36) Concurrent weak roots 3.043ms
[338.582s][info][gc,start    ] GC(36) Concurrent cleanup
[338.582s][info][gc          ] GC(36) Concurrent cleanup 7136M->5396M(8192M) 0.041ms
[338.582s][info][gc,ergo     ] GC(36) Free: 2380M, Max: 4096K regular, 600M humongous, Frag: 75% external, 0% internal; Reserve: 411M, Max: 4096K
[338.582s][info][gc,start    ] GC(36) Concurrent class unloading
[338.582s][info][gc,task     ] GC(36) Using 2 of 4 workers for concurrent class unloading
[338.587s][info][gc          ] GC(36) Concurrent class unloading 4.936ms
[338.587s][info][gc,start    ] GC(36) Concurrent strong roots
[338.587s][info][gc,task     ] GC(36) Using 2 of 4 workers for concurrent strong root
[338.588s][info][gc          ] GC(36) Concurrent strong roots 0.374ms
[338.588s][info][gc,start    ] GC(36) Concurrent evacuation
[338.588s][info][gc,task     ] GC(36) Using 2 of 4 workers for concurrent evacuation
[338.633s][info][gc          ] GC(36) Concurrent evacuation 45.478ms
[338.633s][info][gc,start    ] GC(36) Pause Init Update Refs
[338.633s][info][gc,ergo     ] GC(36) Pacer for Update Refs. Used: 5520M, Free: 2352M, Non-Taxable: 235M, Alloc Tax Rate: 2.9x
[338.633s][info][gc          ] GC(36) Pause Init Update Refs 0.046ms
[338.633s][info][gc,start    ] GC(36) Concurrent update references
[338.633s][info][gc,task     ] GC(36) Using 2 of 4 workers for concurrent reference update
[338.782s][info][gc          ] GC(36) Concurrent update references 148.402ms
[338.782s][info][gc,start    ] GC(36) Concurrent update thread roots
[338.783s][info][gc          ] GC(36) Concurrent update thread roots 1.392ms
[338.783s][info][gc,start    ] GC(36) Pause Final Update Refs
[338.783s][info][gc,task     ] GC(36) Using 4 of 4 workers for final reference update
[338.783s][info][gc          ] GC(36) Pause Final Update Refs 0.104ms
[338.783s][info][gc,start    ] GC(36) Concurrent cleanup
[338.784s][info][gc          ] GC(36) Concurrent cleanup 5616M->819M(8192M) 0.064ms
[338.784s][info][gc,ergo     ] Free: 6960M, Max: 4096K regular, 5788M humongous, Frag: 17% external, 0% internal; Reserve: 412M, Max: 4096K
[338.784s][info][gc,stats    ] 
[338.784s][info][gc,stats    ] All times are wall-clock times, except per-root-class counters, that are sum over
[338.784s][info][gc,stats    ] all workers. Dividing the <total> over the root stage time estimates parallelism.
[338.784s][info][gc,stats    ] 
[338.784s][info][gc,stats    ] Concurrent Reset                  15734 us
[338.784s][info][gc,stats    ] Pause Init Mark (G)                 251 us
[338.784s][info][gc,stats    ] Pause Init Mark (N)                 136 us
[338.784s][info][gc,stats    ]   Update Region States               49 us
[338.784s][info][gc,stats    ] Concurrent Mark Roots              1099 us, parallelism: 1.50x
[338.784s][info][gc,stats    ]   CMR: <total>                     1651 us
[338.784s][info][gc,stats    ]   CMR: Thread Roots                1461 us, workers (us): 819, 642, ---, ---, 
[338.784s][info][gc,stats    ]   CMR: VM Strong Roots               22 us, workers (us):  15,   7, ---, ---, 
[338.784s][info][gc,stats    ]   CMR: CLDG Roots                   168 us, workers (us): ---, 168, ---, ---, 
[338.784s][info][gc,stats    ] Concurrent Marking               234939 us
[338.784s][info][gc,stats    ] Pause Final Mark (G)                395 us
[338.784s][info][gc,stats    ] Pause Final Mark (N)                346 us
[338.784s][info][gc,stats    ]   Finish Mark                        76 us
[338.784s][info][gc,stats    ]   Update Region States               56 us
[338.784s][info][gc,stats    ]   Choose Collection Set             140 us
[338.784s][info][gc,stats    ]   Rebuild Free Set                   10 us
[338.784s][info][gc,stats    ] Concurrent Thread Roots             748 us, parallelism: 1.68x
[338.784s][info][gc,stats    ]   CTR: <total>                     1254 us
[338.784s][info][gc,stats    ]   CTR: Thread Roots                1254 us, workers (us): 649, 604, ---, ---, 
[338.784s][info][gc,stats    ] Concurrent Weak References          522 us, parallelism: 0.92x
[338.784s][info][gc,stats    ]   CWRF: <total>                     482 us
[338.784s][info][gc,stats    ]   CWRF: Weak References             482 us, workers (us):  48, 434, ---, ---, 
[338.784s][info][gc,stats    ] Concurrent Weak Roots              3086 us
[338.784s][info][gc,stats    ]   Roots                            2925 us, parallelism: 1.92x
[338.784s][info][gc,stats    ]     CWR: <total>                   5620 us
[338.784s][info][gc,stats    ]     CWR: Code Cache Roots          3904 us, workers (us): 2007, 1897, ---, ---, 
[338.784s][info][gc,stats    ]     CWR: VM Weak Roots             1627 us, workers (us): 830, 796, ---, ---, 
[338.784s][info][gc,stats    ]     CWR: CLDG Roots                  89 us, workers (us): ---,  89, ---, ---, 
[338.784s][info][gc,stats    ]   Rendezvous                         95 us
[338.784s][info][gc,stats    ] Concurrent Cleanup                   54 us
[338.784s][info][gc,stats    ] Concurrent Class Unloading         4962 us
[338.784s][info][gc,stats    ]   Unlink Stale                     4278 us
[338.784s][info][gc,stats    ]     System Dictionary                70 us
[338.784s][info][gc,stats    ]     Weak Class Links                  0 us
[338.784s][info][gc,stats    ]     Code Roots                     4206 us
[338.784s][info][gc,stats    ]   Rendezvous                        230 us
[338.784s][info][gc,stats    ]   Purge Unlinked                    404 us
[338.784s][info][gc,stats    ]     Code Roots                      396 us
[338.784s][info][gc,stats    ]     CLDG                              7 us
[338.784s][info][gc,stats    ]     Exception Caches                  0 us
[338.784s][info][gc,stats    ] Concurrent Strong Roots             395 us, parallelism: 0.57x
[338.784s][info][gc,stats    ]   CSR: <total>                      224 us
[338.784s][info][gc,stats    ]   CSR: VM Strong Roots               10 us, workers (us):   5,   5, ---, ---, 
[338.784s][info][gc,stats    ]   CSR: CLDG Roots                   214 us, workers (us): ---, 214, ---, ---, 
[338.784s][info][gc,stats    ] Concurrent Evacuation             45521 us
[338.784s][info][gc,stats    ] Pause Init Update Refs (G)          131 us
[338.784s][info][gc,stats    ] Pause Init Update Refs (N)           57 us
[338.784s][info][gc,stats    ]   Manage GCLABs                       5 us
[338.784s][info][gc,stats    ] Concurrent Update Refs           148445 us
[338.784s][info][gc,stats    ] Concurrent Update Thread Roots     1415 us
[338.784s][info][gc,stats    ] Pause Final Update Refs (G)         155 us
[338.784s][info][gc,stats    ] Pause Final Update Refs (N)         128 us
[338.784s][info][gc,stats    ]   Update Region States               39 us
[338.784s][info][gc,stats    ]   Trash Collection Set               14 us
[338.784s][info][gc,stats    ]   Rebuild Free Set                   10 us
[338.784s][info][gc,stats    ] Concurrent Cleanup                   77 us
[338.784s][info][gc,stats    ] 
[338.784s][info][gc,stats    ] Allocation pacing accrued:
[338.784s][info][gc,stats    ]       0 of 11014 ms (  0.0%): <total>
[338.784s][info][gc,stats    ]       0 of 11014 ms (  0.0%): <average total>
[338.784s][info][gc,stats    ] 
[338.784s][info][gc,metaspace] Metaspace: 133990K(135360K)->133990K(135360K) NonClass: 113141K(113920K)->113141K(113920K) Class: 20848K(21440K)->20848K(21440K)
[338.784s][info][gc,ergo     ] Pacer for Idle. Initial: 163M, Alloc Tax Rate: 1.0x
[347.826s][info][gc          ] Trigger: Free (816M) is below minimum threshold (819M)
[347.826s][info][gc,ergo     ] Free: 816M, Max: 4096K regular, 580M humongous, Frag: 28% external, 0% internal; Reserve: 412M, Max: 4096K
[347.826s][info][gc,start    ] GC(37) Concurrent reset
[347.826s][info][gc,task     ] GC(37) Using 2 of 4 workers for concurrent reset
[347.826s][info][gc,ergo     ] GC(37) Pacer for Reset. Non-Taxable: 8192M
[347.842s][info][gc          ] GC(37) Concurrent reset 15.822ms
[347.842s][info][gc,start    ] GC(37) Pause Init Mark (unload classes)
[347.842s][info][gc,task     ] GC(37) Using 4 of 4 workers for init marking
[347.842s][info][gc,ergo     ] GC(37) Pacer for Mark. Expected Live: 494M, Free: 808M, Non-Taxable: 82832K, Alloc Tax Rate: 0.7x
[347.842s][info][gc          ] GC(37) Pause Init Mark (unload classes) 0.088ms
[347.842s][info][gc,start    ] GC(37) Concurrent marking roots
[347.842s][info][gc,task     ] GC(37) Using 2 of 4 workers for concurrent marking roots
[347.843s][info][gc          ] GC(37) Concurrent marking roots 1.027ms
[347.843s][info][gc,start    ] GC(37) Concurrent marking (unload classes)
[347.843s][info][gc,task     ] GC(37) Using 2 of 4 workers for concurrent marking
[348.076s][info][gc          ] GC(37) Concurrent marking (unload classes) 232.819ms
[348.076s][info][gc,start    ] GC(37) Pause Final Mark (unload classes)
[348.076s][info][gc,task     ] GC(37) Using 4 of 4 workers for final marking
[348.076s][info][gc,ergo     ] GC(37) Adaptive CSet Selection. Target Free: 1160M, Actual Free: 2380M, Max CSet: 341M, Min Garbage: 0B
[348.076s][info][gc,ergo     ] GC(37) Collectable Garbage: 6451M (99%), Immediate: 1352M (20%), CSet: 5099M (78%)
[348.076s][info][gc,ergo     ] GC(37) Pacer for Evacuation. Used CSet: 5180M, Free: 1984M, Non-Taxable: 198M, Alloc Tax Rate: 6.4x
[348.076s][info][gc          ] GC(37) Pause Final Mark (unload classes) 0.256ms
[348.076s][info][gc,start    ] GC(37) Concurrent thread roots
[348.076s][info][gc,task     ] GC(37) Using 2 of 4 workers for Concurrent thread roots
[348.077s][info][gc          ] GC(37) Concurrent thread roots 0.819ms
[348.077s][info][gc,start    ] GC(37) Concurrent weak references
[348.077s][info][gc,task     ] GC(37) Using 2 of 4 workers for concurrent weak references
[348.077s][info][gc,ref      ] GC(37) Encountered references: Soft: 6080, Weak: 23218, Final: 34, Phantom: 708
[348.077s][info][gc,ref      ] GC(37) Discovered  references: Soft: 0, Weak: 2053, Final: 0, Phantom: 506
[348.077s][info][gc,ref      ] GC(37) Enqueued    references: Soft: 0, Weak: 2, Final: 0, Phantom: 0
[348.077s][info][gc          ] GC(37) Concurrent weak references 0.153ms
[348.077s][info][gc,start    ] GC(37) Concurrent weak roots
[348.077s][info][gc,task     ] GC(37) Using 2 of 4 workers for concurrent weak root
[348.079s][info][gc          ] GC(37) Concurrent weak roots 2.305ms
[348.079s][info][gc,start    ] GC(37) Concurrent cleanup
[348.080s][info][gc          ] GC(37) Concurrent cleanup 7155M->5803M(8192M) 0.032ms
[348.080s][info][gc,ergo     ] GC(37) Free: 1976M, Max: 4096K regular, 580M humongous, Frag: 71% external, 0% internal; Reserve: 411M, Max: 4096K
[348.080s][info][gc,start    ] GC(37) Concurrent class unloading
[348.080s][info][gc,task     ] GC(37) Using 2 of 4 workers for concurrent class unloading
[348.084s][info][gc          ] GC(37) Concurrent class unloading 4.409ms
[348.084s][info][gc,start    ] GC(37) Concurrent strong roots
[348.084s][info][gc,task     ] GC(37) Using 2 of 4 workers for concurrent strong root
[348.084s][info][gc          ] GC(37) Concurrent strong roots 0.287ms
[348.084s][info][gc,start    ] GC(37) Concurrent evacuation
[348.084s][info][gc,task     ] GC(37) Using 2 of 4 workers for concurrent evacuation
[348.126s][info][gc          ] GC(37) Concurrent evacuation 41.338ms
[348.126s][info][gc,start    ] GC(37) Pause Init Update Refs
[348.126s][info][gc,ergo     ] GC(37) Pacer for Update Refs. Used: 5919M, Free: 1948M, Non-Taxable: 194M, Alloc Tax Rate: 3.7x
[348.126s][info][gc          ] GC(37) Pause Init Update Refs 0.087ms
[348.126s][info][gc,start    ] GC(37) Concurrent update references
[348.126s][info][gc,task     ] GC(37) Using 2 of 4 workers for concurrent reference update
[348.273s][info][gc          ] GC(37) Concurrent update references 147.299ms
[348.273s][info][gc,start    ] GC(37) Concurrent update thread roots
[348.274s][info][gc          ] GC(37) Concurrent update thread roots 1.302ms
[348.275s][info][gc,start    ] GC(37) Pause Final Update Refs
[348.275s][info][gc,task     ] GC(37) Using 4 of 4 workers for final reference update
[348.275s][info][gc          ] GC(37) Pause Final Update Refs 0.096ms
[348.275s][info][gc,start    ] GC(37) Concurrent cleanup
[348.275s][info][gc          ] GC(37) Concurrent cleanup 6003M->823M(8192M) 0.073ms
[348.275s][info][gc,ergo     ] Free: 6956M, Max: 4096K regular, 5772M humongous, Frag: 17% external, 0% internal; Reserve: 412M, Max: 4096K
[348.275s][info][gc,stats    ] 
[348.275s][info][gc,stats    ] All times are wall-clock times, except per-root-class counters, that are sum over
[348.275s][info][gc,stats    ] all workers. Dividing the <total> over the root stage time estimates parallelism.
[348.275s][info][gc,stats    ] 
[348.275s][info][gc,stats    ] Concurrent Reset                  15900 us
[348.275s][info][gc,stats    ] Pause Init Mark (G)                 171 us
[348.275s][info][gc,stats    ] Pause Init Mark (N)                 101 us
[348.275s][info][gc,stats    ]   Update Region States               17 us
[348.275s][info][gc,stats    ] Concurrent Mark Roots              1043 us, parallelism: 1.66x
[348.275s][info][gc,stats    ]   CMR: <total>                     1729 us
[348.275s][info][gc,stats    ]   CMR: Thread Roots                1581 us, workers (us): 736, 845, ---, ---, 
[348.275s][info][gc,stats    ]   CMR: VM Strong Roots               12 us, workers (us):  12,   0, ---, ---, 
[348.275s][info][gc,stats    ]   CMR: CLDG Roots                   136 us, workers (us): 136, ---, ---, ---, 
[348.275s][info][gc,stats    ] Concurrent Marking               232865 us
[348.275s][info][gc,stats    ] Pause Final Mark (G)                284 us
[348.275s][info][gc,stats    ] Pause Final Mark (N)                268 us
[348.275s][info][gc,stats    ]   Finish Mark                        17 us
[348.275s][info][gc,stats    ]   Update Region States               19 us
[348.275s][info][gc,stats    ]   Choose Collection Set             153 us
[348.275s][info][gc,stats    ]   Rebuild Free Set                   10 us
[348.275s][info][gc,stats    ] Concurrent Thread Roots             835 us, parallelism: 1.86x
[348.275s][info][gc,stats    ]   CTR: <total>                     1553 us
[348.275s][info][gc,stats    ]   CTR: Thread Roots                1553 us, workers (us): 771, 782, ---, ---, 
[348.275s][info][gc,stats    ] Concurrent Weak References          163 us, parallelism: 0.68x
[348.275s][info][gc,stats    ]   CWRF: <total>                     110 us
[348.275s][info][gc,stats    ]   CWRF: Weak References             110 us, workers (us):  21,  89, ---, ---, 
[348.275s][info][gc,stats    ] Concurrent Weak Roots              2322 us
[348.275s][info][gc,stats    ]   Roots                            2229 us, parallelism: 1.92x
[348.275s][info][gc,stats    ]     CWR: <total>                   4290 us
[348.275s][info][gc,stats    ]     CWR: Code Cache Roots          2794 us, workers (us): 1366, 1428, ---, ---, 
[348.275s][info][gc,stats    ]     CWR: VM Weak Roots             1439 us, workers (us): 719, 720, ---, ---, 
[348.275s][info][gc,stats    ]     CWR: CLDG Roots                  57 us, workers (us):  57, ---, ---, ---, 
[348.275s][info][gc,stats    ]   Rendezvous                         56 us
[348.275s][info][gc,stats    ] Concurrent Cleanup                   44 us
[348.275s][info][gc,stats    ] Concurrent Class Unloading         4434 us
[348.275s][info][gc,stats    ]   Unlink Stale                     4113 us
[348.275s][info][gc,stats    ]     System Dictionary                51 us
[348.275s][info][gc,stats    ]     Weak Class Links                  0 us
[348.275s][info][gc,stats    ]     Code Roots                     4060 us
[348.275s][info][gc,stats    ]   Rendezvous                         81 us
[348.275s][info][gc,stats    ]   Purge Unlinked                    193 us
[348.275s][info][gc,stats    ]     Code Roots                      185 us
[348.275s][info][gc,stats    ]     CLDG                              8 us
[348.275s][info][gc,stats    ]     Exception Caches                  0 us
[348.275s][info][gc,stats    ] Concurrent Strong Roots             302 us, parallelism: 0.69x
[348.275s][info][gc,stats    ]   CSR: <total>                      208 us
[348.275s][info][gc,stats    ]   CSR: VM Strong Roots                7 us, workers (us):   3,   4, ---, ---, 
[348.275s][info][gc,stats    ]   CSR: CLDG Roots                   201 us, workers (us): ---, 201, ---, ---, 
[348.275s][info][gc,stats    ] Concurrent Evacuation             41387 us
[348.275s][info][gc,stats    ] Pause Init Update Refs (G)          166 us
[348.275s][info][gc,stats    ] Pause Init Update Refs (N)           98 us
[348.275s][info][gc,stats    ]   Manage GCLABs                       5 us
[348.275s][info][gc,stats    ] Concurrent Update Refs           147333 us
[348.275s][info][gc,stats    ] Concurrent Update Thread Roots     1328 us
[348.275s][info][gc,stats    ] Pause Final Update Refs (G)         152 us
[348.275s][info][gc,stats    ] Pause Final Update Refs (N)         111 us
[348.275s][info][gc,stats    ]   Update Region States               31 us
[348.275s][info][gc,stats    ]   Trash Collection Set               15 us
[348.275s][info][gc,stats    ]   Rebuild Free Set                   11 us
[348.275s][info][gc,stats    ] Concurrent Cleanup                   88 us
[348.275s][info][gc,stats    ] 
[348.275s][info][gc,stats    ] Allocation pacing accrued:
[348.275s][info][gc,stats    ]       0 of  9491 ms (  0.0%): <total>
[348.275s][info][gc,stats    ]       0 of  9491 ms (  0.0%): <average total>
[348.275s][info][gc,stats    ] 
[348.275s][info][gc,metaspace] Metaspace: 133992K(135360K)->133993K(135360K) NonClass: 113143K(113920K)->113144K(113920K) Class: 20848K(21440K)->20848K(21440K)
[348.275s][info][gc,ergo     ] Pacer for Idle. Initial: 163M, Alloc Tax Rate: 1.0x
[358.992s][info][gc          ] Trigger: Free (816M) is below minimum threshold (819M)
[358.992s][info][gc,ergo     ] Free: 816M, Max: 4096K regular, 588M humongous, Frag: 27% external, 0% internal; Reserve: 412M, Max: 4096K
[358.992s][info][gc,start    ] GC(38) Concurrent reset
[358.992s][info][gc,task     ] GC(38) Using 2 of 4 workers for concurrent reset
[358.992s][info][gc,ergo     ] GC(38) Pacer for Reset. Non-Taxable: 8192M
[359.008s][info][gc          ] GC(38) Concurrent reset 15.910ms
[359.008s][info][gc,start    ] GC(38) Pause Init Mark (unload classes)
[359.008s][info][gc,task     ] GC(38) Using 4 of 4 workers for init marking
[359.008s][info][gc,ergo     ] GC(38) Pacer for Mark. Expected Live: 484M, Free: 812M, Non-Taxable: 83239K, Alloc Tax Rate: 0.7x
[359.009s][info][gc          ] GC(38) Pause Init Mark (unload classes) 0.113ms
[359.009s][info][gc,start    ] GC(38) Concurrent marking roots
[359.009s][info][gc,task     ] GC(38) Using 2 of 4 workers for concurrent marking roots
[359.010s][info][gc          ] GC(38) Concurrent marking roots 0.992ms
[359.010s][info][gc,start    ] GC(38) Concurrent marking (unload classes)
[359.010s][info][gc,task     ] GC(38) Using 2 of 4 workers for concurrent marking
[359.240s][info][gc          ] GC(38) Concurrent marking (unload classes) 230.342ms
[359.240s][info][gc,start    ] GC(38) Pause Final Mark (unload classes)
[359.240s][info][gc,task     ] GC(38) Using 4 of 4 workers for final marking
[359.240s][info][gc,ergo     ] GC(38) Adaptive CSet Selection. Target Free: 1160M, Actual Free: 3212M, Max CSet: 341M, Min Garbage: 0B
[359.240s][info][gc,ergo     ] GC(38) Collectable Garbage: 6464M (99%), Immediate: 2176M (33%), CSet: 4288M (65%)
[359.240s][info][gc,ergo     ] GC(38) Pacer for Evacuation. Used CSet: 4352M, Free: 2816M, Non-Taxable: 281M, Alloc Tax Rate: 3.8x
[359.240s][info][gc          ] GC(38) Pause Final Mark (unload classes) 0.322ms
[359.240s][info][gc,start    ] GC(38) Concurrent thread roots
[359.240s][info][gc,task     ] GC(38) Using 2 of 4 workers for Concurrent thread roots
[359.241s][info][gc          ] GC(38) Concurrent thread roots 0.770ms
[359.241s][info][gc,start    ] GC(38) Concurrent weak references
[359.241s][info][gc,task     ] GC(38) Using 2 of 4 workers for concurrent weak references
[359.241s][info][gc,ref      ] GC(38) Encountered references: Soft: 6088, Weak: 23299, Final: 34, Phantom: 741
[359.241s][info][gc,ref      ] GC(38) Discovered  references: Soft: 0, Weak: 5799, Final: 0, Phantom: 545
[359.241s][info][gc,ref      ] GC(38) Enqueued    references: Soft: 0, Weak: 35, Final: 0, Phantom: 29
[359.241s][info][gc          ] GC(38) Concurrent weak references 0.406ms
[359.242s][info][gc,start    ] GC(38) Concurrent weak roots
[359.242s][info][gc,task     ] GC(38) Using 2 of 4 workers for concurrent weak root
[359.244s][info][gc          ] GC(38) Concurrent weak roots 2.473ms
[359.244s][info][gc,start    ] GC(38) Concurrent cleanup
[359.244s][info][gc          ] GC(38) Concurrent cleanup 7147M->4971M(8192M) 0.042ms
[359.244s][info][gc,ergo     ] GC(38) Free: 2808M, Max: 4096K regular, 592M humongous, Frag: 79% external, 0% internal; Reserve: 411M, Max: 4096K
[359.244s][info][gc,start    ] GC(38) Concurrent class unloading
[359.244s][info][gc,task     ] GC(38) Using 2 of 4 workers for concurrent class unloading
[359.249s][info][gc          ] GC(38) Concurrent class unloading 4.718ms
[359.249s][info][gc,start    ] GC(38) Concurrent strong roots
[359.249s][info][gc,task     ] GC(38) Using 2 of 4 workers for concurrent strong root
[359.249s][info][gc          ] GC(38) Concurrent strong roots 0.360ms
[359.249s][info][gc,start    ] GC(38) Concurrent evacuation
[359.249s][info][gc,task     ] GC(38) Using 2 of 4 workers for concurrent evacuation
[359.285s][info][gc          ] GC(38) Concurrent evacuation 35.436ms
[359.285s][info][gc,start    ] GC(38) Pause Init Update Refs
[359.285s][info][gc,ergo     ] GC(38) Pacer for Update Refs. Used: 5063M, Free: 2784M, Non-Taxable: 278M, Alloc Tax Rate: 2.2x
[359.285s][info][gc          ] GC(38) Pause Init Update Refs 0.044ms
[359.285s][info][gc,start    ] GC(38) Concurrent update references
[359.285s][info][gc,task     ] GC(38) Using 2 of 4 workers for concurrent reference update
[359.427s][info][gc          ] GC(38) Concurrent update references 142.312ms
[359.427s][info][gc,start    ] GC(38) Concurrent update thread roots
[359.428s][info][gc          ] GC(38) Concurrent update thread roots 1.340ms
[359.429s][info][gc,start    ] GC(38) Pause Final Update Refs
[359.429s][info][gc,task     ] GC(38) Using 4 of 4 workers for final reference update
[359.429s][info][gc          ] GC(38) Pause Final Update Refs 0.098ms
[359.429s][info][gc,start    ] GC(38) Concurrent cleanup
[359.429s][info][gc          ] GC(38) Concurrent cleanup 5127M->775M(8192M) 0.061ms
[359.429s][info][gc,ergo     ] Free: 7004M, Max: 4096K regular, 5752M humongous, Frag: 18% external, 0% internal; Reserve: 412M, Max: 4096K
[359.429s][info][gc,stats    ] 
[359.429s][info][gc,stats    ] All times are wall-clock times, except per-root-class counters, that are sum over
[359.429s][info][gc,stats    ] all workers. Dividing the <total> over the root stage time estimates parallelism.
[359.429s][info][gc,stats    ] 
[359.429s][info][gc,stats    ] Concurrent Reset                  15979 us
[359.429s][info][gc,stats    ] Pause Init Mark (G)                 189 us
[359.429s][info][gc,stats    ] Pause Init Mark (N)                 126 us
[359.429s][info][gc,stats    ]   Update Region States               38 us
[359.429s][info][gc,stats    ] Concurrent Mark Roots              1016 us, parallelism: 1.64x
[359.429s][info][gc,stats    ]   CMR: <total>                     1671 us
[359.429s][info][gc,stats    ]   CMR: Thread Roots                1531 us, workers (us): 706, 826, ---, ---, 
[359.429s][info][gc,stats    ]   CMR: VM Strong Roots               14 us, workers (us):  14,   0, ---, ---, 
[359.429s][info][gc,stats    ]   CMR: CLDG Roots                   125 us, workers (us): 125, ---, ---, ---, 
[359.429s][info][gc,stats    ] Concurrent Marking               230383 us
[359.429s][info][gc,stats    ] Pause Final Mark (G)                353 us
[359.429s][info][gc,stats    ] Pause Final Mark (N)                333 us
[359.429s][info][gc,stats    ]   Finish Mark                        71 us
[359.429s][info][gc,stats    ]   Update Region States               39 us
[359.429s][info][gc,stats    ]   Choose Collection Set             146 us
[359.429s][info][gc,stats    ]   Rebuild Free Set                   10 us
[359.429s][info][gc,stats    ] Concurrent Thread Roots             792 us, parallelism: 1.70x
[359.429s][info][gc,stats    ]   CTR: <total>                     1345 us
[359.429s][info][gc,stats    ]   CTR: Thread Roots                1345 us, workers (us): 688, 657, ---, ---, 
[359.429s][info][gc,stats    ] Concurrent Weak References          418 us, parallelism: 0.76x
[359.429s][info][gc,stats    ]   CWRF: <total>                     317 us
[359.429s][info][gc,stats    ]   CWRF: Weak References             317 us, workers (us): 296,  21, ---, ---, 
[359.429s][info][gc,stats    ] Concurrent Weak Roots              2494 us
[359.429s][info][gc,stats    ]   Roots                            2406 us, parallelism: 1.89x
[359.429s][info][gc,stats    ]     CWR: <total>                   4547 us
[359.429s][info][gc,stats    ]     CWR: Code Cache Roots          2923 us, workers (us): 1448, 1475, ---, ---, 
[359.429s][info][gc,stats    ]     CWR: VM Weak Roots             1551 us, workers (us): 790, 761, ---, ---, 
[359.429s][info][gc,stats    ]     CWR: CLDG Roots                  73 us, workers (us):  73, ---, ---, ---, 
[359.429s][info][gc,stats    ]   Rendezvous                         45 us
[359.429s][info][gc,stats    ] Concurrent Cleanup                   55 us
[359.429s][info][gc,stats    ] Concurrent Class Unloading         4740 us
[359.429s][info][gc,stats    ]   Unlink Stale                     4332 us
[359.429s][info][gc,stats    ]     System Dictionary                58 us
[359.429s][info][gc,stats    ]     Weak Class Links                  0 us
[359.429s][info][gc,stats    ]     Code Roots                     4273 us
[359.429s][info][gc,stats    ]   Rendezvous                         89 us
[359.429s][info][gc,stats    ]   Purge Unlinked                    274 us
[359.429s][info][gc,stats    ]     Code Roots                      267 us
[359.429s][info][gc,stats    ]     CLDG                              8 us
[359.429s][info][gc,stats    ]     Exception Caches                  0 us
[359.429s][info][gc,stats    ] Concurrent Strong Roots             374 us, parallelism: 0.73x
[359.429s][info][gc,stats    ]   CSR: <total>                      273 us
[359.429s][info][gc,stats    ]   CSR: VM Strong Roots                8 us, workers (us):   8,   0, ---, ---, 
[359.429s][info][gc,stats    ]   CSR: CLDG Roots                   265 us, workers (us): 265, ---, ---, ---, 
[359.429s][info][gc,stats    ] Concurrent Evacuation             35484 us
[359.429s][info][gc,stats    ] Pause Init Update Refs (G)          105 us
[359.429s][info][gc,stats    ] Pause Init Update Refs (N)           55 us
[359.429s][info][gc,stats    ]   Manage GCLABs                       5 us
[359.429s][info][gc,stats    ] Concurrent Update Refs           142366 us
[359.429s][info][gc,stats    ] Concurrent Update Thread Roots     1367 us
[359.429s][info][gc,stats    ] Pause Final Update Refs (G)         148 us
[359.429s][info][gc,stats    ] Pause Final Update Refs (N)         121 us
[359.429s][info][gc,stats    ]   Update Region States               39 us
[359.429s][info][gc,stats    ]   Trash Collection Set               10 us
[359.429s][info][gc,stats    ]   Rebuild Free Set                   11 us
[359.429s][info][gc,stats    ] Concurrent Cleanup                   75 us
[359.429s][info][gc,stats    ] 
[359.429s][info][gc,stats    ] Allocation pacing accrued:
[359.429s][info][gc,stats    ]       0 of 11154 ms (  0.0%): <total>
[359.429s][info][gc,stats    ]       0 of 11154 ms (  0.0%): <average total>
[359.429s][info][gc,stats    ] 
[359.429s][info][gc,metaspace] Metaspace: 134198K(135552K)->134198K(135552K) NonClass: 113317K(114112K)->113317K(114112K) Class: 20880K(21440K)->20880K(21440K)
[359.429s][info][gc,ergo     ] Pacer for Idle. Initial: 163M, Alloc Tax Rate: 1.0x
[367.298s][info][gc          ] Trigger: Free (816M) is below minimum threshold (819M)
[367.298s][info][gc,ergo     ] Free: 816M, Max: 4096K regular, 608M humongous, Frag: 25% external, 0% internal; Reserve: 412M, Max: 4096K
[367.298s][info][gc,start    ] GC(39) Concurrent reset
[367.298s][info][gc,task     ] GC(39) Using 2 of 4 workers for concurrent reset
[367.298s][info][gc,ergo     ] GC(39) Pacer for Reset. Non-Taxable: 8192M
[367.317s][info][gc          ] GC(39) Concurrent reset 18.714ms
[367.317s][info][gc,start    ] GC(39) Pause Init Mark (unload classes)
[367.317s][info][gc,task     ] GC(39) Using 4 of 4 workers for init marking
[367.317s][info][gc,ergo     ] GC(39) Pacer for Mark. Expected Live: 477M, Free: 812M, Non-Taxable: 83160K, Alloc Tax Rate: 0.7x
[367.317s][info][gc          ] GC(39) Pause Init Mark (unload classes) 0.123ms
[367.317s][info][gc,start    ] GC(39) Concurrent marking roots
[367.317s][info][gc,task     ] GC(39) Using 2 of 4 workers for concurrent marking roots
[367.319s][info][gc          ] GC(39) Concurrent marking roots 1.471ms
[367.319s][info][gc,start    ] GC(39) Concurrent marking (unload classes)
[367.319s][info][gc,task     ] GC(39) Using 2 of 4 workers for concurrent marking
[367.553s][info][gc          ] GC(39) Concurrent marking (unload classes) 234.279ms
[367.553s][info][gc,start    ] GC(39) Pause Final Mark (unload classes)
[367.553s][info][gc,task     ] GC(39) Using 4 of 4 workers for final marking
[367.553s][info][gc,ergo     ] GC(39) Adaptive CSet Selection. Target Free: 1160M, Actual Free: 2632M, Max CSet: 341M, Min Garbage: 0B
[367.553s][info][gc,ergo     ] GC(39) Collectable Garbage: 6428M (99%), Immediate: 1584M (24%), CSet: 4844M (74%)
[367.553s][info][gc,ergo     ] GC(39) Pacer for Evacuation. Used CSet: 4944M, Free: 2232M, Non-Taxable: 223M, Alloc Tax Rate: 5.4x
[367.553s][info][gc          ] GC(39) Pause Final Mark (unload classes) 0.295ms
[367.553s][info][gc,start    ] GC(39) Concurrent thread roots
[367.553s][info][gc,task     ] GC(39) Using 2 of 4 workers for Concurrent thread roots
[367.554s][info][gc          ] GC(39) Concurrent thread roots 0.774ms
[367.554s][info][gc,start    ] GC(39) Concurrent weak references
[367.554s][info][gc,task     ] GC(39) Using 2 of 4 workers for concurrent weak references
[367.554s][info][gc,ref      ] GC(39) Encountered references: Soft: 6089, Weak: 23280, Final: 34, Phantom: 719
[367.554s][info][gc,ref      ] GC(39) Discovered  references: Soft: 0, Weak: 5183, Final: 0, Phantom: 516
[367.554s][info][gc,ref      ] GC(39) Enqueued    references: Soft: 0, Weak: 8, Final: 0, Phantom: 4
[367.554s][info][gc          ] GC(39) Concurrent weak references 0.319ms
[367.554s][info][gc,start    ] GC(39) Concurrent weak roots
[367.554s][info][gc,task     ] GC(39) Using 2 of 4 workers for concurrent weak root
[367.557s][info][gc          ] GC(39) Concurrent weak roots 2.519ms
[367.557s][info][gc,start    ] GC(39) Concurrent cleanup
[367.557s][info][gc          ] GC(39) Concurrent cleanup 7139M->5555M(8192M) 0.039ms
[367.557s][info][gc,ergo     ] GC(39) Free: 2225M, Max: 4096K regular, 608M humongous, Frag: 73% external, 0% internal; Reserve: 411M, Max: 4096K
[367.557s][info][gc,start    ] GC(39) Concurrent class unloading
[367.557s][info][gc,task     ] GC(39) Using 2 of 4 workers for concurrent class unloading
[367.562s][info][gc          ] GC(39) Concurrent class unloading 5.156ms
[367.562s][info][gc,start    ] GC(39) Concurrent strong roots
[367.562s][info][gc,task     ] GC(39) Using 2 of 4 workers for concurrent strong root
[367.563s][info][gc          ] GC(39) Concurrent strong roots 0.448ms
[367.563s][info][gc,start    ] GC(39) Concurrent evacuation
[367.563s][info][gc,task     ] GC(39) Using 2 of 4 workers for concurrent evacuation
[367.625s][info][gc          ] GC(39) Concurrent evacuation 62.422ms
[367.625s][info][gc,start    ] GC(39) Pause Init Update Refs
[367.625s][info][gc,ergo     ] GC(39) Pacer for Update Refs. Used: 5733M, Free: 2150M, Non-Taxable: 215M, Alloc Tax Rate: 3.3x
[367.625s][info][gc          ] GC(39) Pause Init Update Refs 0.046ms
[367.625s][info][gc,start    ] GC(39) Concurrent update references
[367.625s][info][gc,task     ] GC(39) Using 2 of 4 workers for concurrent reference update
[367.774s][info][gc          ] GC(39) Concurrent update references 148.350ms
[367.774s][info][gc,start    ] GC(39) Concurrent update thread roots
[367.775s][info][gc          ] GC(39) Concurrent update thread roots 1.348ms
[367.775s][info][gc,start    ] GC(39) Pause Final Update Refs
[367.775s][info][gc,task     ] GC(39) Using 4 of 4 workers for final reference update
[367.775s][info][gc          ] GC(39) Pause Final Update Refs 0.098ms
[367.775s][info][gc,start    ] GC(39) Concurrent cleanup
[367.775s][info][gc          ] GC(39) Concurrent cleanup 5850M->906M(8192M) 0.063ms
[367.775s][info][gc,ergo     ] Free: 6873M, Max: 4096K regular, 5948M humongous, Frag: 14% external, 0% internal; Reserve: 412M, Max: 4096K
[367.775s][info][gc,stats    ] 
[367.775s][info][gc,stats    ] All times are wall-clock times, except per-root-class counters, that are sum over
[367.775s][info][gc,stats    ] all workers. Dividing the <total> over the root stage time estimates parallelism.
[367.775s][info][gc,stats    ] 
[367.775s][info][gc,stats    ] Concurrent Reset                  18805 us
[367.775s][info][gc,stats    ] Pause Init Mark (G)                 240 us
[367.775s][info][gc,stats    ] Pause Init Mark (N)                 136 us
[367.775s][info][gc,stats    ]   Update Region States               39 us
[367.775s][info][gc,stats    ] Concurrent Mark Roots              1495 us, parallelism: 0.59x
[367.775s][info][gc,stats    ]   CMR: <total>                      889 us
[367.775s][info][gc,stats    ]   CMR: Thread Roots                 749 us, workers (us): 317, 432, ---, ---, 
[367.775s][info][gc,stats    ]   CMR: VM Strong Roots               12 us, workers (us):  12,   0, ---, ---, 
[367.775s][info][gc,stats    ]   CMR: CLDG Roots                   128 us, workers (us): 128, ---, ---, ---, 
[367.775s][info][gc,stats    ] Concurrent Marking               234324 us
[367.775s][info][gc,stats    ] Pause Final Mark (G)                333 us
[367.775s][info][gc,stats    ] Pause Final Mark (N)                306 us
[367.775s][info][gc,stats    ]   Finish Mark                        47 us
[367.775s][info][gc,stats    ]   Update Region States               43 us
[367.775s][info][gc,stats    ]   Choose Collection Set             138 us
[367.775s][info][gc,stats    ]   Rebuild Free Set                   10 us
[367.775s][info][gc,stats    ] Concurrent Thread Roots             797 us, parallelism: 1.83x
[367.775s][info][gc,stats    ]   CTR: <total>                     1455 us
[367.776s][info][gc,stats    ]   CTR: Thread Roots                1455 us, workers (us): 725, 729, ---, ---, 
[367.776s][info][gc,stats    ] Concurrent Weak References          330 us, parallelism: 0.69x
[367.776s][info][gc,stats    ]   CWRF: <total>                     229 us
[367.776s][info][gc,stats    ]   CWRF: Weak References             229 us, workers (us):  35, 194, ---, ---, 
[367.776s][info][gc,stats    ] Concurrent Weak Roots              2543 us
[367.776s][info][gc,stats    ]   Roots                            2439 us, parallelism: 1.91x
[367.776s][info][gc,stats    ]     CWR: <total>                   4648 us
[367.776s][info][gc,stats    ]     CWR: Code Cache Roots          3133 us, workers (us): 1592, 1541, ---, ---, 
[367.776s][info][gc,stats    ]     CWR: VM Weak Roots             1463 us, workers (us): 732, 731, ---, ---, 
[367.776s][info][gc,stats    ]     CWR: CLDG Roots                  52 us, workers (us): ---,  52, ---, ---, 
[367.776s][info][gc,stats    ]   Rendezvous                         58 us
[367.776s][info][gc,stats    ] Concurrent Cleanup                   52 us
[367.776s][info][gc,stats    ] Concurrent Class Unloading         5188 us
[367.776s][info][gc,stats    ]   Unlink Stale                     4869 us
[367.776s][info][gc,stats    ]     System Dictionary                45 us
[367.776s][info][gc,stats    ]     Weak Class Links                  0 us
[367.776s][info][gc,stats    ]     Code Roots                     4822 us
[367.776s][info][gc,stats    ]   Rendezvous                         75 us
[367.776s][info][gc,stats    ]   Purge Unlinked                    184 us
[367.776s][info][gc,stats    ]     Code Roots                      179 us
[367.776s][info][gc,stats    ]     CLDG                              4 us
[367.776s][info][gc,stats    ] Concurrent Strong Roots             461 us, parallelism: 0.68x
[367.776s][info][gc,stats    ]   CSR: <total>                      314 us
[367.776s][info][gc,stats    ]   CSR: VM Strong Roots               11 us, workers (us):  11,   0, ---, ---, 
[367.776s][info][gc,stats    ]   CSR: CLDG Roots                   303 us, workers (us): 303, ---, ---, ---, 
[367.776s][info][gc,stats    ] Concurrent Evacuation             62473 us
[367.776s][info][gc,stats    ] Pause Init Update Refs (G)          117 us
[367.776s][info][gc,stats    ] Pause Init Update Refs (N)           57 us
[367.776s][info][gc,stats    ]   Manage GCLABs                       6 us
[367.776s][info][gc,stats    ] Concurrent Update Refs           148407 us
[367.776s][info][gc,stats    ] Concurrent Update Thread Roots     1377 us
[367.776s][info][gc,stats    ] Pause Final Update Refs (G)         139 us
[367.776s][info][gc,stats    ] Pause Final Update Refs (N)         112 us
[367.776s][info][gc,stats    ]   Update Region States               35 us
[367.776s][info][gc,stats    ]   Trash Collection Set               15 us
[367.776s][info][gc,stats    ]   Rebuild Free Set                   11 us
[367.776s][info][gc,stats    ] Concurrent Cleanup                   76 us
[367.776s][info][gc,stats    ] 
[367.776s][info][gc,stats    ] Allocation pacing accrued:
[367.776s][info][gc,stats    ]       0 of  8346 ms (  0.0%): <total>
[367.776s][info][gc,stats    ]       0 of  8346 ms (  0.0%): <average total>
[367.776s][info][gc,stats    ] 
[367.776s][info][gc,metaspace] Metaspace: 134253K(135680K)->134253K(135680K) NonClass: 113366K(114176K)->113366K(114176K) Class: 20886K(21504K)->20886K(21504K)
[367.776s][info][gc,ergo     ] Pacer for Idle. Initial: 163M, Alloc Tax Rate: 1.0x
[375.772s][info][gc          ] Trigger: Free (817M) is below minimum threshold (819M)
[375.772s][info][gc,ergo     ] Free: 817M, Max: 4096K regular, 572M humongous, Frag: 29% external, 0% internal; Reserve: 412M, Max: 4096K
[375.772s][info][gc,start    ] GC(40) Concurrent reset
[375.772s][info][gc,task     ] GC(40) Using 2 of 4 workers for concurrent reset
[375.772s][info][gc,ergo     ] GC(40) Pacer for Reset. Non-Taxable: 8192M
[375.785s][info][gc          ] GC(40) Concurrent reset 13.352ms
[375.785s][info][gc,start    ] GC(40) Pause Init Mark (unload classes)
[375.785s][info][gc,task     ] GC(40) Using 4 of 4 workers for init marking
[375.785s][info][gc,ergo     ] GC(40) Pacer for Mark. Expected Live: 482M, Free: 817M, Non-Taxable: 83671K, Alloc Tax Rate: 0.7x
[375.785s][info][gc          ] GC(40) Pause Init Mark (unload classes) 0.109ms
[375.785s][info][gc,start    ] GC(40) Concurrent marking roots
[375.785s][info][gc,task     ] GC(40) Using 2 of 4 workers for concurrent marking roots
[375.787s][info][gc          ] GC(40) Concurrent marking roots 1.435ms
[375.787s][info][gc,start    ] GC(40) Concurrent marking (unload classes)
[375.787s][info][gc,task     ] GC(40) Using 2 of 4 workers for concurrent marking
[376.005s][info][gc          ] GC(40) Concurrent marking (unload classes) 218.309ms
[376.005s][info][gc,start    ] GC(40) Pause Final Mark (unload classes)
[376.005s][info][gc,task     ] GC(40) Using 4 of 4 workers for final marking
[376.005s][info][gc,ergo     ] GC(40) Adaptive CSet Selection. Target Free: 1160M, Actual Free: 4300M, Max CSet: 341M, Min Garbage: 0B
[376.005s][info][gc,ergo     ] GC(40) Collectable Garbage: 6478M (99%), Immediate: 3280M (50%), CSet: 3198M (49%)
[376.005s][info][gc,ergo     ] GC(40) Pacer for Evacuation. Used CSet: 3244M, Free: 3901M, Non-Taxable: 390M, Alloc Tax Rate: 2.0x
[376.005s][info][gc          ] GC(40) Pause Final Mark (unload classes) 0.264ms
[376.005s][info][gc,start    ] GC(40) Concurrent thread roots
[376.005s][info][gc,task     ] GC(40) Using 2 of 4 workers for Concurrent thread roots
[376.006s][info][gc          ] GC(40) Concurrent thread roots 0.823ms
[376.006s][info][gc,start    ] GC(40) Concurrent weak references
[376.006s][info][gc,task     ] GC(40) Using 2 of 4 workers for concurrent weak references
[376.007s][info][gc,ref      ] GC(40) Encountered references: Soft: 6089, Weak: 23275, Final: 34, Phantom: 718
[376.007s][info][gc,ref      ] GC(40) Discovered  references: Soft: 0, Weak: 14757, Final: 1, Phantom: 521
[376.007s][info][gc,ref      ] GC(40) Enqueued    references: Soft: 0, Weak: 2, Final: 0, Phantom: 0
[376.007s][info][gc          ] GC(40) Concurrent weak references 0.488ms
[376.007s][info][gc,start    ] GC(40) Concurrent weak roots
[376.007s][info][gc,task     ] GC(40) Using 2 of 4 workers for concurrent weak root
[376.009s][info][gc          ] GC(40) Concurrent weak roots 2.353ms
[376.009s][info][gc,start    ] GC(40) Concurrent cleanup
[376.009s][info][gc          ] GC(40) Concurrent cleanup 7168M->3888M(8192M) 0.046ms
[376.009s][info][gc,ergo     ] GC(40) Free: 3892M, Max: 4096K regular, 572M humongous, Frag: 86% external, 0% internal; Reserve: 411M, Max: 4096K
[376.009s][info][gc,start    ] GC(40) Concurrent class unloading
[376.009s][info][gc,task     ] GC(40) Using 2 of 4 workers for concurrent class unloading
[376.014s][info][gc          ] GC(40) Concurrent class unloading 4.581ms
[376.014s][info][gc,start    ] GC(40) Concurrent strong roots
[376.014s][info][gc,task     ] GC(40) Using 2 of 4 workers for concurrent strong root
[376.014s][info][gc          ] GC(40) Concurrent strong roots 0.310ms
[376.014s][info][gc,start    ] GC(40) Concurrent evacuation
[376.014s][info][gc,task     ] GC(40) Using 2 of 4 workers for concurrent evacuation
[376.039s][info][gc          ] GC(40) Concurrent evacuation 24.461ms
[376.039s][info][gc,start    ] GC(40) Pause Init Update Refs
[376.039s][info][gc,ergo     ] GC(40) Pacer for Update Refs. Used: 3947M, Free: 3880M, Non-Taxable: 388M, Alloc Tax Rate: 1.2x
[376.039s][info][gc          ] GC(40) Pause Init Update Refs 0.047ms
[376.039s][info][gc,start    ] GC(40) Concurrent update references
[376.039s][info][gc,task     ] GC(40) Using 2 of 4 workers for concurrent reference update
[376.179s][info][gc          ] GC(40) Concurrent update references 140.314ms
[376.179s][info][gc,start    ] GC(40) Concurrent update thread roots
[376.180s][info][gc          ] GC(40) Concurrent update thread roots 1.334ms
[376.180s][info][gc,start    ] GC(40) Pause Final Update Refs
[376.181s][info][gc,task     ] GC(40) Using 4 of 4 workers for final reference update
[376.181s][info][gc          ] GC(40) Pause Final Update Refs 0.090ms
[376.181s][info][gc,start    ] GC(40) Concurrent cleanup
[376.181s][info][gc          ] GC(40) Concurrent cleanup 4015M->771M(8192M) 0.057ms
[376.181s][info][gc,ergo     ] Free: 7008M, Max: 4096K regular, 5744M humongous, Frag: 18% external, 0% internal; Reserve: 412M, Max: 4096K
[376.181s][info][gc,stats    ] 
[376.181s][info][gc,stats    ] All times are wall-clock times, except per-root-class counters, that are sum over
[376.181s][info][gc,stats    ] all workers. Dividing the <total> over the root stage time estimates parallelism.
[376.181s][info][gc,stats    ] 
[376.181s][info][gc,stats    ] Concurrent Reset                  13440 us
[376.181s][info][gc,stats    ] Pause Init Mark (G)                 240 us
[376.181s][info][gc,stats    ] Pause Init Mark (N)                 123 us
[376.181s][info][gc,stats    ]   Update Region States               37 us
[376.181s][info][gc,stats    ] Concurrent Mark Roots              1452 us, parallelism: 0.61x
[376.181s][info][gc,stats    ]   CMR: <total>                      892 us
[376.181s][info][gc,stats    ]   CMR: Thread Roots                 750 us, workers (us): 321, 429, ---, ---, 
[376.181s][info][gc,stats    ]   CMR: VM Strong Roots               13 us, workers (us):  13,   0, ---, ---, 
[376.181s][info][gc,stats    ]   CMR: CLDG Roots                   130 us, workers (us): 130, ---, ---, ---, 
[376.181s][info][gc,stats    ] Concurrent Marking               218354 us
[376.181s][info][gc,stats    ] Pause Final Mark (G)                301 us
[376.181s][info][gc,stats    ] Pause Final Mark (N)                275 us
[376.181s][info][gc,stats    ]   Finish Mark                        47 us
[376.181s][info][gc,stats    ]   Update Region States               41 us
[376.181s][info][gc,stats    ]   Choose Collection Set             107 us
[376.181s][info][gc,stats    ]   Rebuild Free Set                   11 us
[376.181s][info][gc,stats    ] Concurrent Thread Roots             839 us, parallelism: 1.81x
[376.181s][info][gc,stats    ]   CTR: <total>                     1516 us
[376.181s][info][gc,stats    ]   CTR: Thread Roots                1516 us, workers (us): 765, 751, ---, ---, 
[376.181s][info][gc,stats    ] Concurrent Weak References          499 us, parallelism: 1.22x
[376.181s][info][gc,stats    ]   CWRF: <total>                     609 us
[376.181s][info][gc,stats    ]   CWRF: Weak References             609 us, workers (us): 186, 423, ---, ---, 
[376.181s][info][gc,stats    ] Concurrent Weak Roots              2370 us
[376.181s][info][gc,stats    ]   Roots                            2278 us, parallelism: 1.92x
[376.181s][info][gc,stats    ]     CWR: <total>                   4367 us
[376.181s][info][gc,stats    ]     CWR: Code Cache Roots          2826 us, workers (us): 1385, 1440, ---, ---, 
[376.181s][info][gc,stats    ]     CWR: VM Weak Roots             1467 us, workers (us): 733, 733, ---, ---, 
[376.181s][info][gc,stats    ]     CWR: CLDG Roots                  75 us, workers (us):  75, ---, ---, ---, 
[376.181s][info][gc,stats    ]   Rendezvous                         54 us
[376.181s][info][gc,stats    ] Concurrent Cleanup                   59 us
[376.181s][info][gc,stats    ] Concurrent Class Unloading         4610 us
[376.181s][info][gc,stats    ]   Unlink Stale                     4258 us
[376.181s][info][gc,stats    ]     System Dictionary                58 us
[376.181s][info][gc,stats    ]     Weak Class Links                  0 us
[376.181s][info][gc,stats    ]     Code Roots                     4198 us
[376.181s][info][gc,stats    ]   Rendezvous                        116 us
[376.181s][info][gc,stats    ]   Purge Unlinked                    184 us
[376.181s][info][gc,stats    ]     Code Roots                      179 us
[376.181s][info][gc,stats    ]     CLDG                              4 us
[376.181s][info][gc,stats    ] Concurrent Strong Roots             324 us, parallelism: 0.68x
[376.181s][info][gc,stats    ]   CSR: <total>                      221 us
[376.181s][info][gc,stats    ]   CSR: VM Strong Roots                8 us, workers (us):   8,   0, ---, ---, 
[376.181s][info][gc,stats    ]   CSR: CLDG Roots                   213 us, workers (us): 213, ---, ---, ---, 
[376.181s][info][gc,stats    ] Concurrent Evacuation             24506 us
[376.181s][info][gc,stats    ] Pause Init Update Refs (G)          101 us
[376.181s][info][gc,stats    ] Pause Init Update Refs (N)           58 us
[376.181s][info][gc,stats    ]   Manage GCLABs                       5 us
[376.181s][info][gc,stats    ] Concurrent Update Refs           140360 us
[376.181s][info][gc,stats    ] Concurrent Update Thread Roots     1358 us
[376.181s][info][gc,stats    ] Pause Final Update Refs (G)         130 us
[376.181s][info][gc,stats    ] Pause Final Update Refs (N)         104 us
[376.181s][info][gc,stats    ]   Update Region States               27 us
[376.181s][info][gc,stats    ]   Trash Collection Set               12 us
[376.181s][info][gc,stats    ]   Rebuild Free Set                   13 us
[376.181s][info][gc,stats    ] Concurrent Cleanup                   71 us
[376.181s][info][gc,stats    ] 
[376.181s][info][gc,stats    ] Allocation pacing accrued:
[376.181s][info][gc,stats    ]       0 of  8405 ms (  0.0%): <total>
[376.181s][info][gc,stats    ]       0 of  8405 ms (  0.0%): <average total>
[376.181s][info][gc,stats    ] 
[376.181s][info][gc,metaspace] Metaspace: 134263K(135680K)->134263K(135680K) NonClass: 113376K(114176K)->113377K(114176K) Class: 20886K(21504K)->20886K(21504K)
[376.181s][info][gc,ergo     ] Pacer for Idle. Initial: 163M, Alloc Tax Rate: 1.0x
[385.739s][info][gc          ] Trigger: Free (816M) is below minimum threshold (819M)
[385.740s][info][gc,ergo     ] Free: 816M, Max: 4096K regular, 628M humongous, Frag: 22% external, 1% internal; Reserve: 412M, Max: 4096K
[385.740s][info][gc,start    ] GC(41) Concurrent reset
[385.740s][info][gc,task     ] GC(41) Using 2 of 4 workers for concurrent reset
[385.740s][info][gc,ergo     ] GC(41) Pacer for Reset. Non-Taxable: 8192M
[385.749s][info][gc          ] GC(41) Concurrent reset 9.290ms
[385.749s][info][gc,start    ] GC(41) Pause Init Mark (unload classes)
[385.749s][info][gc,task     ] GC(41) Using 4 of 4 workers for init marking
[385.749s][info][gc,ergo     ] GC(41) Pacer for Mark. Expected Live: 476M, Free: 812M, Non-Taxable: 83200K, Alloc Tax Rate: 0.7x
[385.749s][info][gc          ] GC(41) Pause Init Mark (unload classes) 0.111ms
[385.749s][info][gc,start    ] GC(41) Concurrent marking roots
[385.749s][info][gc,task     ] GC(41) Using 2 of 4 workers for concurrent marking roots
[385.750s][info][gc          ] GC(41) Concurrent marking roots 0.977ms
[385.750s][info][gc,start    ] GC(41) Concurrent marking (unload classes)
[385.750s][info][gc,task     ] GC(41) Using 2 of 4 workers for concurrent marking
[385.996s][info][gc          ] GC(41) Concurrent marking (unload classes) 245.564ms
[385.996s][info][gc,start    ] GC(41) Pause Final Mark (unload classes)
[385.996s][info][gc,task     ] GC(41) Using 4 of 4 workers for final marking
[385.996s][info][gc,ergo     ] GC(41) Adaptive CSet Selection. Target Free: 1160M, Actual Free: 2604M, Max CSet: 341M, Min Garbage: 0B
[385.996s][info][gc,ergo     ] GC(41) Collectable Garbage: 6420M (99%), Immediate: 1544M (23%), CSet: 4876M (75%)
[385.996s][info][gc,ergo     ] GC(41) Pacer for Evacuation. Used CSet: 4984M, Free: 2201M, Non-Taxable: 220M, Alloc Tax Rate: 5.5x
[385.996s][info][gc          ] GC(41) Pause Final Mark (unload classes) 0.273ms
[385.996s][info][gc,start    ] GC(41) Concurrent thread roots
[385.996s][info][gc,task     ] GC(41) Using 2 of 4 workers for Concurrent thread roots
[385.997s][info][gc          ] GC(41) Concurrent thread roots 0.732ms
[385.997s][info][gc,start    ] GC(41) Concurrent weak references
[385.997s][info][gc,task     ] GC(41) Using 2 of 4 workers for concurrent weak references
[385.997s][info][gc,ref      ] GC(41) Encountered references: Soft: 6089, Weak: 23280, Final: 34, Phantom: 727
[385.997s][info][gc,ref      ] GC(41) Discovered  references: Soft: 0, Weak: 8074, Final: 0, Phantom: 526
[385.997s][info][gc,ref      ] GC(41) Enqueued    references: Soft: 0, Weak: 4, Final: 0, Phantom: 0
[385.997s][info][gc          ] GC(41) Concurrent weak references 0.319ms
[385.997s][info][gc,start    ] GC(41) Concurrent weak roots
[385.997s][info][gc,task     ] GC(41) Using 2 of 4 workers for concurrent weak root
[386.000s][info][gc          ] GC(41) Concurrent weak roots 2.608ms
[386.000s][info][gc,start    ] GC(41) Concurrent cleanup
[386.000s][info][gc          ] GC(41) Concurrent cleanup 7131M->5587M(8192M) 0.042ms
[386.000s][info][gc,ergo     ] GC(41) Free: 2193M, Max: 4096K regular, 628M humongous, Frag: 72% external, 0% internal; Reserve: 411M, Max: 4096K
[386.000s][info][gc,start    ] GC(41) Concurrent class unloading
[386.000s][info][gc,task     ] GC(41) Using 2 of 4 workers for concurrent class unloading
[386.005s][info][gc          ] GC(41) Concurrent class unloading 5.198ms
[386.005s][info][gc,start    ] GC(41) Concurrent strong roots
[386.005s][info][gc,task     ] GC(41) Using 2 of 4 workers for concurrent strong root
[386.005s][info][gc          ] GC(41) Concurrent strong roots 0.419ms
[386.006s][info][gc,start    ] GC(41) Concurrent evacuation
[386.006s][info][gc,task     ] GC(41) Using 2 of 4 workers for concurrent evacuation
[386.065s][info][gc          ] GC(41) Concurrent evacuation 59.217ms
[386.065s][info][gc,start    ] GC(41) Pause Init Update Refs
[386.065s][info][gc,ergo     ] GC(41) Pacer for Update Refs. Used: 5726M, Free: 2165M, Non-Taxable: 216M, Alloc Tax Rate: 3.2x
[386.065s][info][gc          ] GC(41) Pause Init Update Refs 0.047ms
[386.065s][info][gc,start    ] GC(41) Concurrent update references
[386.065s][info][gc,task     ] GC(41) Using 2 of 4 workers for concurrent reference update
[386.222s][info][gc          ] GC(41) Concurrent update references 156.883ms
[386.222s][info][gc,start    ] GC(41) Concurrent update thread roots
[386.223s][info][gc          ] GC(41) Concurrent update thread roots 1.340ms
[386.223s][info][gc,start    ] GC(41) Pause Final Update Refs
[386.223s][info][gc,task     ] GC(41) Using 4 of 4 workers for final reference update
[386.223s][info][gc          ] GC(41) Pause Final Update Refs 0.115ms
[386.223s][info][gc,start    ] GC(41) Concurrent cleanup
[386.223s][info][gc          ] GC(41) Concurrent cleanup 5826M->842M(8192M) 0.062ms
[386.223s][info][gc,ergo     ] Free: 6937M, Max: 4096K regular, 5976M humongous, Frag: 14% external, 0% internal; Reserve: 412M, Max: 4096K
[386.223s][info][gc,stats    ] 
[386.223s][info][gc,stats    ] All times are wall-clock times, except per-root-class counters, that are sum over
[386.223s][info][gc,stats    ] all workers. Dividing the <total> over the root stage time estimates parallelism.
[386.223s][info][gc,stats    ] 
[386.223s][info][gc,stats    ] Concurrent Reset                   9344 us
[386.224s][info][gc,stats    ] Pause Init Mark (G)                 221 us
[386.224s][info][gc,stats    ] Pause Init Mark (N)                 123 us
[386.224s][info][gc,stats    ]   Update Region States               38 us
[386.224s][info][gc,stats    ] Concurrent Mark Roots               998 us, parallelism: 1.53x
[386.224s][info][gc,stats    ]   CMR: <total>                     1529 us
[386.224s][info][gc,stats    ]   CMR: Thread Roots                1396 us, workers (us): 653, 743, ---, ---, 
[386.224s][info][gc,stats    ]   CMR: VM Strong Roots               16 us, workers (us):  16,   0, ---, ---, 
[386.224s][info][gc,stats    ]   CMR: CLDG Roots                   117 us, workers (us): 117, ---, ---, ---, 
[386.224s][info][gc,stats    ] Concurrent Marking               245610 us
[386.224s][info][gc,stats    ] Pause Final Mark (G)                311 us
[386.224s][info][gc,stats    ] Pause Final Mark (N)                284 us
[386.224s][info][gc,stats    ]   Finish Mark                        20 us
[386.224s][info][gc,stats    ]   Update Region States               37 us
[386.224s][info][gc,stats    ]   Choose Collection Set             149 us
[386.224s][info][gc,stats    ]   Rebuild Free Set                   10 us
[386.224s][info][gc,stats    ] Concurrent Thread Roots             752 us, parallelism: 1.83x
[386.224s][info][gc,stats    ]   CTR: <total>                     1377 us
[386.224s][info][gc,stats    ]   CTR: Thread Roots                1377 us, workers (us): 692, 685, ---, ---, 
[386.224s][info][gc,stats    ] Concurrent Weak References          330 us, parallelism: 0.88x
[386.224s][info][gc,stats    ]   CWRF: <total>                     291 us
[386.224s][info][gc,stats    ]   CWRF: Weak References             291 us, workers (us):  38, 253, ---, ---, 
[386.224s][info][gc,stats    ] Concurrent Weak Roots              2631 us
[386.224s][info][gc,stats    ]   Roots                            2538 us, parallelism: 1.92x
[386.224s][info][gc,stats    ]     CWR: <total>                   4884 us
[386.224s][info][gc,stats    ]     CWR: Code Cache Roots          3367 us, workers (us): 1705, 1663, ---, ---, 
[386.224s][info][gc,stats    ]     CWR: VM Weak Roots             1453 us, workers (us): 727, 726, ---, ---, 
[386.224s][info][gc,stats    ]     CWR: CLDG Roots                  64 us, workers (us): ---,  64, ---, ---, 
[386.224s][info][gc,stats    ]   Rendezvous                         49 us
[386.224s][info][gc,stats    ] Concurrent Cleanup                   56 us
[386.224s][info][gc,stats    ] Concurrent Class Unloading         5238 us
[386.224s][info][gc,stats    ]   Unlink Stale                     4841 us
[386.224s][info][gc,stats    ]     System Dictionary                62 us
[386.224s][info][gc,stats    ]     Weak Class Links                  0 us
[386.224s][info][gc,stats    ]     Code Roots                     4778 us
[386.224s][info][gc,stats    ]   Rendezvous                        121 us
[386.224s][info][gc,stats    ]   Purge Unlinked                    212 us
[386.224s][info][gc,stats    ]     Code Roots                      208 us
[386.224s][info][gc,stats    ]     CLDG                              3 us
[386.224s][info][gc,stats    ]     Exception Caches                  0 us
[386.224s][info][gc,stats    ] Concurrent Strong Roots             443 us, parallelism: 0.64x
[386.224s][info][gc,stats    ]   CSR: <total>                      283 us
[386.224s][info][gc,stats    ]   CSR: VM Strong Roots                9 us, workers (us):   9,   0, ---, ---, 
[386.224s][info][gc,stats    ]   CSR: CLDG Roots                   273 us, workers (us): 273, ---, ---, ---, 
[386.224s][info][gc,stats    ] Concurrent Evacuation             59264 us
[386.224s][info][gc,stats    ] Pause Init Update Refs (G)          131 us
[386.224s][info][gc,stats    ] Pause Init Update Refs (N)           58 us
[386.224s][info][gc,stats    ]   Manage GCLABs                       6 us
[386.224s][info][gc,stats    ] Concurrent Update Refs           156917 us
[386.224s][info][gc,stats    ] Concurrent Update Thread Roots     1356 us
[386.224s][info][gc,stats    ] Pause Final Update Refs (G)         156 us
[386.224s][info][gc,stats    ] Pause Final Update Refs (N)         130 us
[386.224s][info][gc,stats    ]   Update Region States               53 us
[386.224s][info][gc,stats    ]   Trash Collection Set               14 us
[386.224s][info][gc,stats    ]   Rebuild Free Set                   10 us
[386.224s][info][gc,stats    ] Concurrent Cleanup                   75 us
[386.224s][info][gc,stats    ] 
[386.224s][info][gc,stats    ] Allocation pacing accrued:
[386.224s][info][gc,stats    ]       0 of 10043 ms (  0.0%): <total>
[386.224s][info][gc,stats    ]       0 of 10043 ms (  0.0%): <average total>
[386.224s][info][gc,stats    ] 
[386.224s][info][gc,metaspace] Metaspace: 134284K(135680K)->134284K(135680K) NonClass: 113397K(114176K)->113397K(114176K) Class: 20886K(21504K)->20886K(21504K)
[386.224s][info][gc,ergo     ] Pacer for Idle. Initial: 163M, Alloc Tax Rate: 1.0x
[395.568s][info][gc          ] Trigger: Free (817M) is below minimum threshold (819M)
[395.568s][info][gc,ergo     ] Free: 817M, Max: 4096K regular, 564M humongous, Frag: 30% external, 0% internal; Reserve: 412M, Max: 4096K
[395.568s][info][gc,start    ] GC(42) Concurrent reset
[395.568s][info][gc,task     ] GC(42) Using 2 of 4 workers for concurrent reset
[395.568s][info][gc,ergo     ] GC(42) Pacer for Reset. Non-Taxable: 8192M
[395.582s][info][gc          ] GC(42) Concurrent reset 14.166ms
[395.582s][info][gc,start    ] GC(42) Pause Init Mark (unload classes)
[395.582s][info][gc,task     ] GC(42) Using 4 of 4 workers for init marking
[395.582s][info][gc,ergo     ] GC(42) Pacer for Mark. Expected Live: 480M, Free: 813M, Non-Taxable: 83265K, Alloc Tax Rate: 0.7x
[395.582s][info][gc          ] GC(42) Pause Init Mark (unload classes) 0.127ms
[395.582s][info][gc,start    ] GC(42) Concurrent marking roots
[395.582s][info][gc,task     ] GC(42) Using 2 of 4 workers for concurrent marking roots
[395.583s][info][gc          ] GC(42) Concurrent marking roots 0.901ms
[395.583s][info][gc,start    ] GC(42) Concurrent marking (unload classes)
[395.583s][info][gc,task     ] GC(42) Using 2 of 4 workers for concurrent marking
[395.806s][info][gc          ] GC(42) Concurrent marking (unload classes) 222.446ms
[395.806s][info][gc,start    ] GC(42) Pause Final Mark (unload classes)
[395.806s][info][gc,task     ] GC(42) Using 4 of 4 workers for final marking
[395.806s][info][gc,ergo     ] GC(42) Adaptive CSet Selection. Target Free: 1160M, Actual Free: 3248M, Max CSet: 341M, Min Garbage: 0B
[395.806s][info][gc,ergo     ] GC(42) Collectable Garbage: 6453M (99%), Immediate: 2172M (33%), CSet: 4281M (65%)
[395.806s][info][gc,ergo     ] GC(42) Pacer for Evacuation. Used CSet: 4356M, Free: 2849M, Non-Taxable: 284M, Alloc Tax Rate: 3.7x
[395.806s][info][gc          ] GC(42) Pause Final Mark (unload classes) 0.311ms
[395.806s][info][gc,start    ] GC(42) Concurrent thread roots
[395.806s][info][gc,task     ] GC(42) Using 2 of 4 workers for Concurrent thread roots
[395.807s][info][gc          ] GC(42) Concurrent thread roots 0.789ms
[395.807s][info][gc,start    ] GC(42) Concurrent weak references
[395.807s][info][gc,task     ] GC(42) Using 2 of 4 workers for concurrent weak references
[395.807s][info][gc,ref      ] GC(42) Encountered references: Soft: 6089, Weak: 23279, Final: 34, Phantom: 727
[395.807s][info][gc,ref      ] GC(42) Discovered  references: Soft: 0, Weak: 9569, Final: 0, Phantom: 526
[395.807s][info][gc,ref      ] GC(42) Enqueued    references: Soft: 0, Weak: 3, Final: 0, Phantom: 0
[395.807s][info][gc          ] GC(42) Concurrent weak references 0.283ms
[395.807s][info][gc,start    ] GC(42) Concurrent weak roots
[395.807s][info][gc,task     ] GC(42) Using 2 of 4 workers for concurrent weak root
[395.809s][info][gc          ] GC(42) Concurrent weak roots 2.367ms
[395.809s][info][gc,start    ] GC(42) Concurrent cleanup
[395.809s][info][gc          ] GC(42) Concurrent cleanup 7111M->4939M(8192M) 0.038ms
[395.810s][info][gc,ergo     ] GC(42) Free: 2841M, Max: 4096K regular, 572M humongous, Frag: 80% external, 0% internal; Reserve: 411M, Max: 4096K
[395.810s][info][gc,start    ] GC(42) Concurrent class unloading
[395.810s][info][gc,task     ] GC(42) Using 2 of 4 workers for concurrent class unloading
[395.814s][info][gc          ] GC(42) Concurrent class unloading 4.437ms
[395.814s][info][gc,start    ] GC(42) Concurrent strong roots
[395.814s][info][gc,task     ] GC(42) Using 2 of 4 workers for concurrent strong root
[395.814s][info][gc          ] GC(42) Concurrent strong roots 0.301ms
[395.814s][info][gc,start    ] GC(42) Concurrent evacuation
[395.814s][info][gc,task     ] GC(42) Using 2 of 4 workers for concurrent evacuation
[395.858s][info][gc          ] GC(42) Concurrent evacuation 43.277ms
[395.858s][info][gc,start    ] GC(42) Pause Init Update Refs
[395.858s][info][gc,ergo     ] GC(42) Pacer for Update Refs. Used: 5042M, Free: 2817M, Non-Taxable: 281M, Alloc Tax Rate: 2.2x
[395.858s][info][gc          ] GC(42) Pause Init Update Refs 0.046ms
[395.858s][info][gc,start    ] GC(42) Concurrent update references
[395.858s][info][gc,task     ] GC(42) Using 2 of 4 workers for concurrent reference update
[395.996s][info][gc          ] GC(42) Concurrent update references 138.491ms
[395.996s][info][gc,start    ] GC(42) Concurrent update thread roots
[395.998s][info][gc          ] GC(42) Concurrent update thread roots 1.271ms
[395.998s][info][gc,start    ] GC(42) Pause Final Update Refs
[395.998s][info][gc,task     ] GC(42) Using 4 of 4 workers for final reference update
[395.998s][info][gc          ] GC(42) Pause Final Update Refs 0.104ms
[395.998s][info][gc,start    ] GC(42) Concurrent cleanup
[395.998s][info][gc          ] GC(42) Concurrent cleanup 5146M->794M(8192M) 0.070ms
[395.998s][info][gc,ergo     ] Free: 6985M, Max: 4096K regular, 5748M humongous, Frag: 18% external, 0% internal; Reserve: 412M, Max: 4096K
[395.998s][info][gc,stats    ] 
[395.998s][info][gc,stats    ] All times are wall-clock times, except per-root-class counters, that are sum over
[395.998s][info][gc,stats    ] all workers. Dividing the <total> over the root stage time estimates parallelism.
[395.998s][info][gc,stats    ] 
[395.998s][info][gc,stats    ] Concurrent Reset                  14229 us
[395.998s][info][gc,stats    ] Pause Init Mark (G)                 251 us
[395.998s][info][gc,stats    ] Pause Init Mark (N)                 139 us
[395.998s][info][gc,stats    ]   Update Region States               49 us
[395.998s][info][gc,stats    ] Concurrent Mark Roots               925 us, parallelism: 1.61x
[395.998s][info][gc,stats    ]   CMR: <total>                     1490 us
[395.998s][info][gc,stats    ]   CMR: Thread Roots                1364 us, workers (us): 632, 732, ---, ---, 
[395.998s][info][gc,stats    ]   CMR: VM Strong Roots               13 us, workers (us):  13,   0, ---, ---, 
[395.998s][info][gc,stats    ]   CMR: CLDG Roots                   113 us, workers (us): 113, ---, ---, ---, 
[395.998s][info][gc,stats    ] Concurrent Marking               222491 us
[395.998s][info][gc,stats    ] Pause Final Mark (G)                351 us
[395.998s][info][gc,stats    ] Pause Final Mark (N)                322 us
[395.998s][info][gc,stats    ]   Finish Mark                        51 us
[395.998s][info][gc,stats    ]   Update Region States               48 us
[395.998s][info][gc,stats    ]   Choose Collection Set             141 us
[395.998s][info][gc,stats    ]   Rebuild Free Set                   11 us
[395.998s][info][gc,stats    ] Concurrent Thread Roots             803 us, parallelism: 1.82x
[395.998s][info][gc,stats    ]   CTR: <total>                     1463 us
[395.998s][info][gc,stats    ]   CTR: Thread Roots                1463 us, workers (us): 740, 723, ---, ---, 
[395.998s][info][gc,stats    ] Concurrent Weak References          294 us, parallelism: 1.46x
[395.998s][info][gc,stats    ]   CWRF: <total>                     429 us
[395.998s][info][gc,stats    ]   CWRF: Weak References             429 us, workers (us): 217, 211, ---, ---, 
[395.998s][info][gc,stats    ] Concurrent Weak Roots              2382 us
[395.998s][info][gc,stats    ]   Roots                            2325 us, parallelism: 1.91x
[395.998s][info][gc,stats    ]     CWR: <total>                   4447 us
[395.998s][info][gc,stats    ]     CWR: Code Cache Roots          2865 us, workers (us): 1399, 1466, ---, ---, 
[395.998s][info][gc,stats    ]     CWR: VM Weak Roots             1523 us, workers (us): 774, 749, ---, ---, 
[395.998s][info][gc,stats    ]     CWR: CLDG Roots                  59 us, workers (us):  59, ---, ---, ---, 
[395.998s][info][gc,stats    ]   Rendezvous                         21 us
[395.998s][info][gc,stats    ] Concurrent Cleanup                   50 us
[395.998s][info][gc,stats    ] Concurrent Class Unloading         4465 us
[395.998s][info][gc,stats    ]   Unlink Stale                     4191 us
[395.998s][info][gc,stats    ]     System Dictionary                47 us
[395.998s][info][gc,stats    ]     Weak Class Links                  0 us
[395.998s][info][gc,stats    ]     Code Roots                     4142 us
[395.998s][info][gc,stats    ]   Rendezvous                        125 us
[395.998s][info][gc,stats    ]   Purge Unlinked                     98 us
[395.998s][info][gc,stats    ]     Code Roots                       95 us
[395.998s][info][gc,stats    ]     CLDG                              3 us
[395.998s][info][gc,stats    ]     Exception Caches                  0 us
[395.998s][info][gc,stats    ] Concurrent Strong Roots             317 us, parallelism: 0.68x
[395.998s][info][gc,stats    ]   CSR: <total>                      216 us
[395.998s][info][gc,stats    ]   CSR: VM Strong Roots                8 us, workers (us):   8,   0, ---, ---, 
[395.998s][info][gc,stats    ]   CSR: CLDG Roots                   208 us, workers (us): 208, ---, ---, ---, 
[395.998s][info][gc,stats    ] Concurrent Evacuation             43320 us
[395.998s][info][gc,stats    ] Pause Init Update Refs (G)           86 us
[395.998s][info][gc,stats    ] Pause Init Update Refs (N)           57 us
[395.998s][info][gc,stats    ]   Manage GCLABs                       5 us
[395.998s][info][gc,stats    ] Concurrent Update Refs           138524 us
[395.998s][info][gc,stats    ] Concurrent Update Thread Roots     1293 us
[395.998s][info][gc,stats    ] Pause Final Update Refs (G)         160 us
[395.998s][info][gc,stats    ] Pause Final Update Refs (N)         133 us
[395.998s][info][gc,stats    ]   Update Region States               44 us
[395.998s][info][gc,stats    ]   Trash Collection Set               11 us
[395.998s][info][gc,stats    ]   Rebuild Free Set                   12 us
[395.998s][info][gc,stats    ] Concurrent Cleanup                   88 us
[395.998s][info][gc,stats    ] 
[395.998s][info][gc,stats    ] Allocation pacing accrued:
[395.998s][info][gc,stats    ]       0 of  9774 ms (  0.0%): <total>
[395.998s][info][gc,stats    ]       0 of  9774 ms (  0.0%): <average total>
[395.998s][info][gc,stats    ] 
[395.998s][info][gc,metaspace] Metaspace: 134293K(135680K)->134293K(135680K) NonClass: 113406K(114176K)->113406K(114176K) Class: 20886K(21504K)->20886K(21504K)
[395.998s][info][gc,ergo     ] Pacer for Idle. Initial: 163M, Alloc Tax Rate: 1.0x
[406.926s][info][gc          ] Trigger: Free (817M) is below minimum threshold (819M)
[406.926s][info][gc,ergo     ] Free: 817M, Max: 4096K regular, 596M humongous, Frag: 26% external, 0% internal; Reserve: 412M, Max: 4096K
[406.926s][info][gc,start    ] GC(43) Concurrent reset
[406.926s][info][gc,task     ] GC(43) Using 2 of 4 workers for concurrent reset
[406.926s][info][gc,ergo     ] GC(43) Pacer for Reset. Non-Taxable: 8192M
[406.941s][info][gc          ] GC(43) Concurrent reset 14.767ms
[406.941s][info][gc,start    ] GC(43) Pause Init Mark (unload classes)
[406.941s][info][gc,task     ] GC(43) Using 4 of 4 workers for init marking
[406.941s][info][gc,ergo     ] GC(43) Pacer for Mark. Expected Live: 478M, Free: 817M, Non-Taxable: 83675K, Alloc Tax Rate: 0.7x
[406.941s][info][gc          ] GC(43) Pause Init Mark (unload classes) 0.110ms
[406.941s][info][gc,start    ] GC(43) Concurrent marking roots
[406.941s][info][gc,task     ] GC(43) Using 2 of 4 workers for concurrent marking roots
[406.943s][info][gc          ] GC(43) Concurrent marking roots 1.872ms
[406.943s][info][gc,start    ] GC(43) Concurrent marking (unload classes)
[406.943s][info][gc,task     ] GC(43) Using 2 of 4 workers for concurrent marking
[407.171s][info][gc          ] GC(43) Concurrent marking (unload classes) 227.207ms
[407.171s][info][gc,start    ] GC(43) Pause Final Mark (unload classes)
[407.171s][info][gc,task     ] GC(43) Using 4 of 4 workers for final marking
[407.171s][info][gc,ergo     ] GC(43) Adaptive CSet Selection. Target Free: 1160M, Actual Free: 2676M, Max CSet: 341M, Min Garbage: 0B
[407.171s][info][gc,ergo     ] GC(43) Collectable Garbage: 6448M (99%), Immediate: 1624M (25%), CSet: 4824M (74%)
[407.171s][info][gc,ergo     ] GC(43) Pacer for Evacuation. Used CSet: 4899M, Free: 2277M, Non-Taxable: 227M, Alloc Tax Rate: 5.3x
[407.171s][info][gc          ] GC(43) Pause Final Mark (unload classes) 0.264ms
[407.171s][info][gc,start    ] GC(43) Concurrent thread roots
[407.171s][info][gc,task     ] GC(43) Using 2 of 4 workers for Concurrent thread roots
[407.172s][info][gc          ] GC(43) Concurrent thread roots 0.788ms
[407.172s][info][gc,start    ] GC(43) Concurrent weak references
[407.172s][info][gc,task     ] GC(43) Using 2 of 4 workers for concurrent weak references
[407.172s][info][gc,ref      ] GC(43) Encountered references: Soft: 6089, Weak: 23279, Final: 34, Phantom: 730
[407.172s][info][gc,ref      ] GC(43) Discovered  references: Soft: 0, Weak: 3935, Final: 0, Phantom: 528
[407.172s][info][gc,ref      ] GC(43) Enqueued    references: Soft: 0, Weak: 2, Final: 0, Phantom: 0
[407.172s][info][gc          ] GC(43) Concurrent weak references 0.294ms
[407.172s][info][gc,start    ] GC(43) Concurrent weak roots
[407.172s][info][gc,task     ] GC(43) Using 2 of 4 workers for concurrent weak root
[407.175s][info][gc          ] GC(43) Concurrent weak roots 2.619ms
[407.175s][info][gc,start    ] GC(43) Concurrent cleanup
[407.175s][info][gc          ] GC(43) Concurrent cleanup 7131M->5507M(8192M) 0.041ms
[407.175s][info][gc,ergo     ] GC(43) Free: 2272M, Max: 4096K regular, 596M humongous, Frag: 74% external, 0% internal; Reserve: 411M, Max: 4096K
[407.175s][info][gc,start    ] GC(43) Concurrent class unloading
[407.175s][info][gc,task     ] GC(43) Using 2 of 4 workers for concurrent class unloading
[407.179s][info][gc          ] GC(43) Concurrent class unloading 4.656ms
[407.179s][info][gc,start    ] GC(43) Concurrent strong roots
[407.179s][info][gc,task     ] GC(43) Using 2 of 4 workers for concurrent strong root
[407.180s][info][gc          ] GC(43) Concurrent strong roots 0.314ms
[407.180s][info][gc,start    ] GC(43) Concurrent evacuation
[407.180s][info][gc,task     ] GC(43) Using 2 of 4 workers for concurrent evacuation
[407.239s][info][gc          ] GC(43) Concurrent evacuation 58.935ms
[407.239s][info][gc,start    ] GC(43) Pause Init Update Refs
[407.239s][info][gc,ergo     ] GC(43) Pacer for Update Refs. Used: 5647M, Free: 2212M, Non-Taxable: 221M, Alloc Tax Rate: 3.1x
[407.239s][info][gc          ] GC(43) Pause Init Update Refs 0.046ms
[407.239s][info][gc,start    ] GC(43) Concurrent update references
[407.239s][info][gc,task     ] GC(43) Using 2 of 4 workers for concurrent reference update
[407.383s][info][gc          ] GC(43) Concurrent update references 144.069ms
[407.383s][info][gc,start    ] GC(43) Concurrent update thread roots
[407.384s][info][gc          ] GC(43) Concurrent update thread roots 1.210ms
[407.384s][info][gc,start    ] GC(43) Pause Final Update Refs
[407.384s][info][gc,task     ] GC(43) Using 4 of 4 workers for final reference update
[407.384s][info][gc          ] GC(43) Pause Final Update Refs 0.099ms
[407.384s][info][gc,start    ] GC(43) Concurrent cleanup
[407.384s][info][gc          ] GC(43) Concurrent cleanup 5738M->839M(8192M) 0.064ms
[407.384s][info][gc,ergo     ] Free: 6940M, Max: 4096K regular, 5940M humongous, Frag: 15% external, 0% internal; Reserve: 412M, Max: 4096K
[407.384s][info][gc,stats    ] 
[407.384s][info][gc,stats    ] All times are wall-clock times, except per-root-class counters, that are sum over
[407.384s][info][gc,stats    ] all workers. Dividing the <total> over the root stage time estimates parallelism.
[407.384s][info][gc,stats    ] 
[407.385s][info][gc,stats    ] Concurrent Reset                  14833 us
[407.385s][info][gc,stats    ] Pause Init Mark (G)                 257 us
[407.385s][info][gc,stats    ] Pause Init Mark (N)                 123 us
[407.385s][info][gc,stats    ]   Update Region States               37 us
[407.385s][info][gc,stats    ] Concurrent Mark Roots              1898 us, parallelism: 0.52x
[407.385s][info][gc,stats    ]   CMR: <total>                      982 us
[407.385s][info][gc,stats    ]   CMR: Thread Roots                 746 us, workers (us): 283, 463, ---, ---, 
[407.385s][info][gc,stats    ]   CMR: VM Strong Roots               16 us, workers (us):  16,   0, ---, ---, 
[407.385s][info][gc,stats    ]   CMR: CLDG Roots                   219 us, workers (us): 219, ---, ---, ---, 
[407.385s][info][gc,stats    ] Concurrent Marking               227239 us
[407.385s][info][gc,stats    ] Pause Final Mark (G)                302 us
[407.385s][info][gc,stats    ] Pause Final Mark (N)                275 us
[407.385s][info][gc,stats    ]   Finish Mark                        43 us
[407.385s][info][gc,stats    ]   Update Region States               15 us
[407.385s][info][gc,stats    ]   Choose Collection Set             139 us
[407.385s][info][gc,stats    ]   Rebuild Free Set                    9 us
[407.385s][info][gc,stats    ] Concurrent Thread Roots             804 us, parallelism: 1.86x
[407.385s][info][gc,stats    ]   CTR: <total>                     1496 us
[407.385s][info][gc,stats    ]   CTR: Thread Roots                1496 us, workers (us): 744, 752, ---, ---, 
[407.385s][info][gc,stats    ] Concurrent Weak References          304 us, parallelism: 0.75x
[407.385s][info][gc,stats    ]   CWRF: <total>                     229 us
[407.385s][info][gc,stats    ]   CWRF: Weak References             229 us, workers (us): 225,   4, ---, ---, 
[407.385s][info][gc,stats    ] Concurrent Weak Roots              2642 us
[407.385s][info][gc,stats    ]   Roots                            2546 us, parallelism: 1.92x
[407.385s][info][gc,stats    ]     CWR: <total>                   4899 us
[407.385s][info][gc,stats    ]     CWR: Code Cache Roots          3313 us, workers (us): 1622, 1691, ---, ---, 
[407.385s][info][gc,stats    ]     CWR: VM Weak Roots             1499 us, workers (us): 749, 750, ---, ---, 
[407.385s][info][gc,stats    ]     CWR: CLDG Roots                  87 us, workers (us):  87, ---, ---, ---, 
[407.385s][info][gc,stats    ]   Rendezvous                         52 us
[407.385s][info][gc,stats    ] Concurrent Cleanup                   54 us
[407.385s][info][gc,stats    ] Concurrent Class Unloading         4684 us
[407.385s][info][gc,stats    ]   Unlink Stale                     4397 us
[407.385s][info][gc,stats    ]     System Dictionary                70 us
[407.385s][info][gc,stats    ]     Weak Class Links                  0 us
[407.385s][info][gc,stats    ]     Code Roots                     4326 us
[407.385s][info][gc,stats    ]   Rendezvous                         64 us
[407.385s][info][gc,stats    ]   Purge Unlinked                    170 us
[407.385s][info][gc,stats    ]     Code Roots                      164 us
[407.385s][info][gc,stats    ]     CLDG                              6 us
[407.385s][info][gc,stats    ]     Exception Caches                  0 us
[407.385s][info][gc,stats    ] Concurrent Strong Roots             330 us, parallelism: 0.68x
[407.385s][info][gc,stats    ]   CSR: <total>                      225 us
[407.385s][info][gc,stats    ]   CSR: VM Strong Roots                7 us, workers (us):   4,   3, ---, ---, 
[407.385s][info][gc,stats    ]   CSR: CLDG Roots                   218 us, workers (us): 218, ---, ---, ---, 
[407.385s][info][gc,stats    ] Concurrent Evacuation             58989 us
[407.385s][info][gc,stats    ] Pause Init Update Refs (G)          112 us
[407.385s][info][gc,stats    ] Pause Init Update Refs (N)           57 us
[407.385s][info][gc,stats    ]   Manage GCLABs                       6 us
[407.385s][info][gc,stats    ] Concurrent Update Refs           144109 us
[407.385s][info][gc,stats    ] Concurrent Update Thread Roots     1228 us
[407.385s][info][gc,stats    ] Pause Final Update Refs (G)         152 us
[407.385s][info][gc,stats    ] Pause Final Update Refs (N)         125 us
[407.385s][info][gc,stats    ]   Update Region States               39 us
[407.385s][info][gc,stats    ]   Trash Collection Set               10 us
[407.385s][info][gc,stats    ]   Rebuild Free Set                   10 us
[407.385s][info][gc,stats    ] Concurrent Cleanup                   78 us
[407.385s][info][gc,stats    ] 
[407.385s][info][gc,stats    ] Allocation pacing accrued:
[407.385s][info][gc,stats    ]       0 of 11387 ms (  0.0%): <total>
[407.385s][info][gc,stats    ]       0 of 11387 ms (  0.0%): <average total>
[407.385s][info][gc,stats    ] 
[407.385s][info][gc,metaspace] Metaspace: 134305K(135680K)->134305K(135680K) NonClass: 113418K(114176K)->113418K(114176K) Class: 20886K(21504K)->20886K(21504K)
[407.385s][info][gc,ergo     ] Pacer for Idle. Initial: 163M, Alloc Tax Rate: 1.0x
[414.863s][info][gc          ] Trigger: Free (816M) is below minimum threshold (819M)
[414.863s][info][gc,ergo     ] Free: 816M, Max: 4096K regular, 596M humongous, Frag: 26% external, 0% internal; Reserve: 412M, Max: 4096K
[414.863s][info][gc,start    ] GC(44) Concurrent reset
[414.863s][info][gc,task     ] GC(44) Using 2 of 4 workers for concurrent reset
[414.863s][info][gc,ergo     ] GC(44) Pacer for Reset. Non-Taxable: 8192M
[414.879s][info][gc          ] GC(44) Concurrent reset 15.429ms
[414.879s][info][gc,start    ] GC(44) Pause Init Mark (unload classes)
[414.879s][info][gc,task     ] GC(44) Using 4 of 4 workers for init marking
[414.879s][info][gc,ergo     ] GC(44) Pacer for Mark. Expected Live: 481M, Free: 812M, Non-Taxable: 83248K, Alloc Tax Rate: 0.7x
[414.879s][info][gc          ] GC(44) Pause Init Mark (unload classes) 0.127ms
[414.879s][info][gc,start    ] GC(44) Concurrent marking roots
[414.879s][info][gc,task     ] GC(44) Using 2 of 4 workers for concurrent marking roots
[414.880s][info][gc          ] GC(44) Concurrent marking roots 1.182ms
[414.880s][info][gc,start    ] GC(44) Concurrent marking (unload classes)
[414.880s][info][gc,task     ] GC(44) Using 2 of 4 workers for concurrent marking
[415.134s][info][gc          ] GC(44) Concurrent marking (unload classes) 253.640ms
[415.134s][info][gc,start    ] GC(44) Pause Final Mark (unload classes)
[415.134s][info][gc,task     ] GC(44) Using 4 of 4 workers for final marking
[415.134s][info][gc,ergo     ] GC(44) Adaptive CSet Selection. Target Free: 1160M, Actual Free: 2192M, Max CSet: 341M, Min Garbage: 0B
[415.134s][info][gc,ergo     ] GC(44) Collectable Garbage: 6412M (99%), Immediate: 1224M (18%), CSet: 5188M (80%)
[415.134s][info][gc,ergo     ] GC(44) Pacer for Evacuation. Used CSet: 5303M, Free: 1785M, Non-Taxable: 178M, Alloc Tax Rate: 7.3x
[415.134s][info][gc          ] GC(44) Pause Final Mark (unload classes) 0.258ms
[415.134s][info][gc,start    ] GC(44) Concurrent thread roots
[415.134s][info][gc,task     ] GC(44) Using 2 of 4 workers for Concurrent thread roots
[415.135s][info][gc          ] GC(44) Concurrent thread roots 0.838ms
[415.135s][info][gc,start    ] GC(44) Concurrent weak references
[415.135s][info][gc,task     ] GC(44) Using 2 of 4 workers for concurrent weak references
[415.135s][info][gc,ref      ] GC(44) Encountered references: Soft: 6089, Weak: 23283, Final: 34, Phantom: 739
[415.135s][info][gc,ref      ] GC(44) Discovered  references: Soft: 0, Weak: 11134, Final: 1, Phantom: 529
[415.135s][info][gc,ref      ] GC(44) Enqueued    references: Soft: 0, Weak: 3, Final: 0, Phantom: 0
[415.135s][info][gc          ] GC(44) Concurrent weak references 0.482ms
[415.135s][info][gc,start    ] GC(44) Concurrent weak roots
[415.135s][info][gc,task     ] GC(44) Using 2 of 4 workers for concurrent weak root
[415.138s][info][gc          ] GC(44) Concurrent weak roots 2.391ms
[415.138s][info][gc,start    ] GC(44) Concurrent cleanup
[415.138s][info][gc          ] GC(44) Concurrent cleanup 7228M->6004M(8192M) 0.035ms
[415.138s][info][gc,ergo     ] GC(44) Free: 1776M, Max: 4096K regular, 544M humongous, Frag: 70% external, 0% internal; Reserve: 411M, Max: 4096K
[415.138s][info][gc,start    ] GC(44) Concurrent class unloading
[415.138s][info][gc,task     ] GC(44) Using 2 of 4 workers for concurrent class unloading
[415.142s][info][gc          ] GC(44) Concurrent class unloading 4.338ms
[415.142s][info][gc,start    ] GC(44) Concurrent strong roots
[415.142s][info][gc,task     ] GC(44) Using 2 of 4 workers for concurrent strong root
[415.143s][info][gc          ] GC(44) Concurrent strong roots 0.271ms
[415.143s][info][gc,start    ] GC(44) Concurrent evacuation
[415.143s][info][gc,task     ] GC(44) Using 2 of 4 workers for concurrent evacuation
[415.211s][info][gc          ] GC(44) Concurrent evacuation 68.160ms
[415.211s][info][gc,start    ] GC(44) Pause Init Update Refs
[415.211s][info][gc,ergo     ] GC(44) Pacer for Update Refs. Used: 6179M, Free: 1720M, Non-Taxable: 172M, Alloc Tax Rate: 4.4x
[415.211s][info][gc          ] GC(44) Pause Init Update Refs 0.045ms
[415.211s][info][gc,start    ] GC(44) Concurrent update references
[415.211s][info][gc,task     ] GC(44) Using 2 of 4 workers for concurrent reference update
[415.371s][info][gc          ] GC(44) Concurrent update references 159.650ms
[415.371s][info][gc,start    ] GC(44) Concurrent update thread roots
[415.372s][info][gc          ] GC(44) Concurrent update thread roots 1.339ms
[415.372s][info][gc,start    ] GC(44) Pause Final Update Refs
[415.372s][info][gc,task     ] GC(44) Using 4 of 4 workers for final reference update
[415.372s][info][gc          ] GC(44) Pause Final Update Refs 0.091ms
[415.372s][info][gc,start    ] GC(44) Concurrent cleanup
[415.372s][info][gc          ] GC(44) Concurrent cleanup 6271M->967M(8192M) 0.062ms
[415.372s][info][gc,ergo     ] Free: 6812M, Max: 4096K regular, 5776M humongous, Frag: 16% external, 0% internal; Reserve: 412M, Max: 4096K
[415.372s][info][gc,stats    ] 
[415.372s][info][gc,stats    ] All times are wall-clock times, except per-root-class counters, that are sum over
[415.372s][info][gc,stats    ] all workers. Dividing the <total> over the root stage time estimates parallelism.
[415.372s][info][gc,stats    ] 
[415.372s][info][gc,stats    ] Concurrent Reset                  15563 us
[415.372s][info][gc,stats    ] Pause Init Mark (G)                 236 us
[415.372s][info][gc,stats    ] Pause Init Mark (N)                 140 us
[415.372s][info][gc,stats    ]   Update Region States               38 us
[415.372s][info][gc,stats    ] Concurrent Mark Roots              1203 us, parallelism: 1.53x
[415.372s][info][gc,stats    ]   CMR: <total>                     1841 us
[415.372s][info][gc,stats    ]   CMR: Thread Roots                1635 us, workers (us): 729, 906, ---, ---, 
[415.372s][info][gc,stats    ]   CMR: VM Strong Roots               23 us, workers (us):  23,   0, ---, ---, 
[415.372s][info][gc,stats    ]   CMR: CLDG Roots                   183 us, workers (us): 183, ---, ---, ---, 
[415.372s][info][gc,stats    ] Concurrent Marking               253687 us
[415.372s][info][gc,stats    ] Pause Final Mark (G)                288 us
[415.372s][info][gc,stats    ] Pause Final Mark (N)                269 us
[415.372s][info][gc,stats    ]   Finish Mark                        19 us
[415.372s][info][gc,stats    ]   Update Region States               15 us
[415.372s][info][gc,stats    ]   Choose Collection Set             158 us
[415.372s][info][gc,stats    ]   Rebuild Free Set                   10 us
[415.372s][info][gc,stats    ] Concurrent Thread Roots             855 us, parallelism: 1.82x
[415.372s][info][gc,stats    ]   CTR: <total>                     1553 us
[415.372s][info][gc,stats    ]   CTR: Thread Roots                1553 us, workers (us): 802, 752, ---, ---, 
[415.372s][info][gc,stats    ] Concurrent Weak References          492 us, parallelism: 0.85x
[415.372s][info][gc,stats    ]   CWRF: <total>                     416 us
[415.372s][info][gc,stats    ]   CWRF: Weak References             416 us, workers (us): 416,   0, ---, ---, 
[415.372s][info][gc,stats    ] Concurrent Weak Roots              2409 us
[415.372s][info][gc,stats    ]   Roots                            2347 us, parallelism: 1.93x
[415.372s][info][gc,stats    ]     CWR: <total>                   4519 us
[415.372s][info][gc,stats    ]     CWR: Code Cache Roots          2985 us, workers (us): 1528, 1457, ---, ---, 
[415.372s][info][gc,stats    ]     CWR: VM Weak Roots             1468 us, workers (us): 734, 734, ---, ---, 
[415.372s][info][gc,stats    ]     CWR: CLDG Roots                  66 us, workers (us): ---,  66, ---, ---, 
[415.372s][info][gc,stats    ]   Rendezvous                         23 us
[415.372s][info][gc,stats    ] Concurrent Cleanup                   48 us
[415.372s][info][gc,stats    ] Concurrent Class Unloading         4357 us
[415.372s][info][gc,stats    ]   Unlink Stale                     4060 us
[415.372s][info][gc,stats    ]     System Dictionary                56 us
[415.373s][info][gc,stats    ]     Weak Class Links                  0 us
[415.373s][info][gc,stats    ]     Code Roots                     4003 us
[415.373s][info][gc,stats    ]   Rendezvous                         64 us
[415.373s][info][gc,stats    ]   Purge Unlinked                    191 us
[415.373s][info][gc,stats    ]     Code Roots                      186 us
[415.373s][info][gc,stats    ]     CLDG                              5 us
[415.373s][info][gc,stats    ]     Exception Caches                  0 us
[415.373s][info][gc,stats    ] Concurrent Strong Roots             284 us, parallelism: 0.71x
[415.373s][info][gc,stats    ]   CSR: <total>                      202 us
[415.373s][info][gc,stats    ]   CSR: VM Strong Roots                8 us, workers (us):   4,   4, ---, ---, 
[415.373s][info][gc,stats    ]   CSR: CLDG Roots                   193 us, workers (us): 193, ---, ---, ---, 
[415.373s][info][gc,stats    ] Concurrent Evacuation             68206 us
[415.373s][info][gc,stats    ] Pause Init Update Refs (G)          128 us
[415.373s][info][gc,stats    ] Pause Init Update Refs (N)           56 us
[415.373s][info][gc,stats    ]   Manage GCLABs                       6 us
[415.373s][info][gc,stats    ] Concurrent Update Refs           159684 us
[415.373s][info][gc,stats    ] Concurrent Update Thread Roots     1353 us
[415.373s][info][gc,stats    ] Pause Final Update Refs (G)         131 us
[415.373s][info][gc,stats    ] Pause Final Update Refs (N)         105 us
[415.373s][info][gc,stats    ]   Update Region States               27 us
[415.373s][info][gc,stats    ]   Trash Collection Set               15 us
[415.373s][info][gc,stats    ]   Rebuild Free Set                   10 us
[415.373s][info][gc,stats    ] Concurrent Cleanup                   75 us
[415.373s][info][gc,stats    ] 
[415.373s][info][gc,stats    ] Allocation pacing accrued:
[415.373s][info][gc,stats    ]       0 of  7988 ms (  0.0%): <total>
[415.373s][info][gc,stats    ]       0 of  7988 ms (  0.0%): <average total>
[415.373s][info][gc,stats    ] 
[415.373s][info][gc,metaspace] Metaspace: 134307K(135680K)->134307K(135680K) NonClass: 113420K(114176K)->113420K(114176K) Class: 20886K(21504K)->20886K(21504K)
[415.373s][info][gc,ergo     ] Pacer for Idle. Initial: 163M, Alloc Tax Rate: 1.0x
[422.979s][info][gc          ] Trigger: Average GC time (539.04 ms) is above the time for average allocation rate (781 MB/s) to deplete free headroom (418M) (margin of error = 1.83)
[422.980s][info][gc,ergo     ] Free headroom: 828M (free) - 409M (spike) - 0B (penalties) = 418M
[422.980s][info][gc,ergo     ] Free: 828M, Max: 4096K regular, 504M humongous, Frag: 39% external, 0% internal; Reserve: 412M, Max: 4096K
[422.980s][info][gc,start    ] GC(45) Concurrent reset
[422.980s][info][gc,task     ] GC(45) Using 2 of 4 workers for concurrent reset
[422.980s][info][gc,ergo     ] GC(45) Pacer for Reset. Non-Taxable: 8192M
[422.998s][info][gc          ] GC(45) Concurrent reset 18.521ms
[422.998s][info][gc,start    ] GC(45) Pause Init Mark (unload classes)
[422.998s][info][gc,task     ] GC(45) Using 4 of 4 workers for init marking
[422.998s][info][gc,ergo     ] GC(45) Pacer for Mark. Expected Live: 484M, Free: 820M, Non-Taxable: 84015K, Alloc Tax Rate: 0.7x
[422.998s][info][gc          ] GC(45) Pause Init Mark (unload classes) 0.118ms
[422.998s][info][gc,start    ] GC(45) Concurrent marking roots
[422.998s][info][gc,task     ] GC(45) Using 2 of 4 workers for concurrent marking roots
[422.999s][info][gc          ] GC(45) Concurrent marking roots 1.021ms
[422.999s][info][gc,start    ] GC(45) Concurrent marking (unload classes)
[422.999s][info][gc,task     ] GC(45) Using 2 of 4 workers for concurrent marking
[423.215s][info][gc          ] GC(45) Concurrent marking (unload classes) 215.462ms
[423.215s][info][gc,start    ] GC(45) Pause Final Mark (unload classes)
[423.215s][info][gc,task     ] GC(45) Using 4 of 4 workers for final marking
[423.215s][info][gc,ergo     ] GC(45) Adaptive CSet Selection. Target Free: 1160M, Actual Free: 4700M, Max CSet: 341M, Min Garbage: 0B
[423.215s][info][gc,ergo     ] GC(45) Collectable Garbage: 6476M (99%), Immediate: 3648M (55%), CSet: 2828M (43%)
[423.215s][info][gc,ergo     ] GC(45) Pacer for Evacuation. Used CSet: 2873M, Free: 4293M, Non-Taxable: 429M, Alloc Tax Rate: 1.6x
[423.215s][info][gc          ] GC(45) Pause Final Mark (unload classes) 0.237ms
[423.215s][info][gc,start    ] GC(45) Concurrent thread roots
[423.215s][info][gc,task     ] GC(45) Using 2 of 4 workers for Concurrent thread roots
[423.216s][info][gc          ] GC(45) Concurrent thread roots 0.820ms
[423.216s][info][gc,start    ] GC(45) Concurrent weak references
[423.216s][info][gc,task     ] GC(45) Using 2 of 4 workers for concurrent weak references
[423.216s][info][gc,ref      ] GC(45) Encountered references: Soft: 6089, Weak: 23283, Final: 34, Phantom: 739
[423.216s][info][gc,ref      ] GC(45) Discovered  references: Soft: 0, Weak: 530, Final: 0, Phantom: 528
[423.216s][info][gc,ref      ] GC(45) Enqueued    references: Soft: 0, Weak: 3, Final: 0, Phantom: 0
[423.216s][info][gc          ] GC(45) Concurrent weak references 0.109ms
[423.216s][info][gc,start    ] GC(45) Concurrent weak roots
[423.216s][info][gc,task     ] GC(45) Using 2 of 4 workers for concurrent weak root
[423.219s][info][gc          ] GC(45) Concurrent weak roots 2.584ms
[423.219s][info][gc,start    ] GC(45) Concurrent cleanup
[423.219s][info][gc          ] GC(45) Concurrent cleanup 7141M->3493M(8192M) 0.051ms
[423.219s][info][gc,ergo     ] GC(45) Free: 4284M, Max: 4096K regular, 508M humongous, Frag: 89% external, 0% internal; Reserve: 411M, Max: 4096K
[423.219s][info][gc,start    ] GC(45) Concurrent class unloading
[423.219s][info][gc,task     ] GC(45) Using 2 of 4 workers for concurrent class unloading
[423.223s][info][gc          ] GC(45) Concurrent class unloading 4.665ms
[423.223s][info][gc,start    ] GC(45) Concurrent strong roots
[423.224s][info][gc,task     ] GC(45) Using 2 of 4 workers for concurrent strong root
[423.224s][info][gc          ] GC(45) Concurrent strong roots 0.287ms
[423.224s][info][gc,start    ] GC(45) Concurrent evacuation
[423.224s][info][gc,task     ] GC(45) Using 2 of 4 workers for concurrent evacuation
[423.251s][info][gc          ] GC(45) Concurrent evacuation 27.063ms
[423.251s][info][gc,start    ] GC(45) Pause Init Update Refs
[423.251s][info][gc,ergo     ] GC(45) Pacer for Update Refs. Used: 3568M, Free: 4256M, Non-Taxable: 425M, Alloc Tax Rate: 1.1x
[423.251s][info][gc          ] GC(45) Pause Init Update Refs 0.048ms
[423.251s][info][gc,start    ] GC(45) Concurrent update references
[423.251s][info][gc,task     ] GC(45) Using 2 of 4 workers for concurrent reference update
[423.394s][info][gc          ] GC(45) Concurrent update references 143.087ms
[423.394s][info][gc,start    ] GC(45) Concurrent update thread roots
[423.395s][info][gc          ] GC(45) Concurrent update thread roots 1.339ms
[423.396s][info][gc,start    ] GC(45) Pause Final Update Refs
[423.396s][info][gc,task     ] GC(45) Using 4 of 4 workers for final reference update
[423.396s][info][gc          ] GC(45) Pause Final Update Refs 0.117ms
[423.396s][info][gc,start    ] GC(45) Concurrent cleanup
[423.396s][info][gc          ] GC(45) Concurrent cleanup 3636M->763M(8192M) 0.044ms
[423.396s][info][gc,ergo     ] Free: 7016M, Max: 4096K regular, 5636M humongous, Frag: 20% external, 0% internal; Reserve: 412M, Max: 4096K
[423.396s][info][gc,stats    ] 
[423.396s][info][gc,stats    ] All times are wall-clock times, except per-root-class counters, that are sum over
[423.396s][info][gc,stats    ] all workers. Dividing the <total> over the root stage time estimates parallelism.
[423.396s][info][gc,stats    ] 
[423.396s][info][gc,stats    ] Concurrent Reset                  18591 us
[423.396s][info][gc,stats    ] Pause Init Mark (G)                 198 us
[423.396s][info][gc,stats    ] Pause Init Mark (N)                 129 us
[423.396s][info][gc,stats    ]   Update Region States               58 us
[423.396s][info][gc,stats    ] Concurrent Mark Roots              1043 us, parallelism: 1.62x
[423.396s][info][gc,stats    ]   CMR: <total>                     1685 us
[423.396s][info][gc,stats    ]   CMR: Thread Roots                1549 us, workers (us): 721, 828, ---, ---, 
[423.396s][info][gc,stats    ]   CMR: VM Strong Roots               14 us, workers (us):  14,   0, ---, ---, 
[423.396s][info][gc,stats    ]   CMR: CLDG Roots                   122 us, workers (us): 122, ---, ---, ---, 
[423.396s][info][gc,stats    ] Concurrent Marking               215509 us
[423.396s][info][gc,stats    ] Pause Final Mark (G)                274 us
[423.396s][info][gc,stats    ] Pause Final Mark (N)                248 us
[423.396s][info][gc,stats    ]   Finish Mark                        46 us
[423.396s][info][gc,stats    ]   Update Region States               18 us
[423.396s][info][gc,stats    ]   Choose Collection Set             103 us
[423.396s][info][gc,stats    ]   Rebuild Free Set                   12 us
[423.396s][info][gc,stats    ] Concurrent Thread Roots             835 us, parallelism: 1.83x
[423.396s][info][gc,stats    ]   CTR: <total>                     1532 us
[423.396s][info][gc,stats    ]   CTR: Thread Roots                1532 us, workers (us): 782, 749, ---, ---, 
[423.396s][info][gc,stats    ] Concurrent Weak References          119 us, parallelism: 0.39x
[423.396s][info][gc,stats    ]   CWRF: <total>                      47 us
[423.396s][info][gc,stats    ]   CWRF: Weak References              47 us, workers (us):  32,  15, ---, ---, 
[423.396s][info][gc,stats    ] Concurrent Weak Roots              2603 us
[423.396s][info][gc,stats    ]   Roots                            2496 us, parallelism: 1.92x
[423.396s][info][gc,stats    ]     CWR: <total>                   4793 us
[423.396s][info][gc,stats    ]     CWR: Code Cache Roots          3211 us, workers (us): 1541, 1670, ---, ---, 
[423.396s][info][gc,stats    ]     CWR: VM Weak Roots             1481 us, workers (us): 740, 741, ---, ---, 
[423.396s][info][gc,stats    ]     CWR: CLDG Roots                 101 us, workers (us): 101, ---, ---, ---, 
[423.396s][info][gc,stats    ]   Rendezvous                         67 us
[423.396s][info][gc,stats    ] Concurrent Cleanup                   64 us
[423.396s][info][gc,stats    ] Concurrent Class Unloading         4692 us
[423.396s][info][gc,stats    ]   Unlink Stale                     4313 us
[423.396s][info][gc,stats    ]     System Dictionary                46 us
[423.396s][info][gc,stats    ]     Weak Class Links                  0 us
[423.396s][info][gc,stats    ]     Code Roots                     4265 us
[423.396s][info][gc,stats    ]   Rendezvous                         97 us
[423.396s][info][gc,stats    ]   Purge Unlinked                    232 us
[423.396s][info][gc,stats    ]     Code Roots                      224 us
[423.396s][info][gc,stats    ]     CLDG                              8 us
[423.396s][info][gc,stats    ]     Exception Caches                  0 us
[423.396s][info][gc,stats    ] Concurrent Strong Roots             301 us, parallelism: 0.68x
[423.396s][info][gc,stats    ]   CSR: <total>                      205 us
[423.396s][info][gc,stats    ]   CSR: VM Strong Roots                7 us, workers (us):   7,   0, ---, ---, 
[423.396s][info][gc,stats    ]   CSR: CLDG Roots                   198 us, workers (us): 198, ---, ---, ---, 
[423.396s][info][gc,stats    ] Concurrent Evacuation             27130 us
[423.396s][info][gc,stats    ] Pause Init Update Refs (G)           89 us
[423.396s][info][gc,stats    ] Pause Init Update Refs (N)           59 us
[423.396s][info][gc,stats    ]   Manage GCLABs                       5 us
[423.396s][info][gc,stats    ] Concurrent Update Refs           143126 us
[423.396s][info][gc,stats    ] Concurrent Update Thread Roots     1355 us
[423.396s][info][gc,stats    ] Pause Final Update Refs (G)         158 us
[423.396s][info][gc,stats    ] Pause Final Update Refs (N)         132 us
[423.396s][info][gc,stats    ]   Update Region States               54 us
[423.396s][info][gc,stats    ]   Trash Collection Set               11 us
[423.396s][info][gc,stats    ]   Rebuild Free Set                   13 us
[423.396s][info][gc,stats    ] Concurrent Cleanup                   57 us
[423.396s][info][gc,stats    ] 
[423.396s][info][gc,stats    ] Allocation pacing accrued:
[423.396s][info][gc,stats    ]       0 of  8024 ms (  0.0%): <total>
[423.396s][info][gc,stats    ]       0 of  8024 ms (  0.0%): <average total>
[423.396s][info][gc,stats    ] 
[423.396s][info][gc,metaspace] Metaspace: 134315K(135680K)->134315K(135680K) NonClass: 113428K(114176K)->113429K(114176K) Class: 20886K(21504K)->20886K(21504K)
[423.396s][info][gc,ergo     ] Pacer for Idle. Initial: 163M, Alloc Tax Rate: 1.0x
[433.466s][info][gc          ] Trigger: Free (816M) is below minimum threshold (819M)
[433.466s][info][gc,ergo     ] Free: 816M, Max: 4096K regular, 800M humongous, Frag: 1% external, 0% internal; Reserve: 412M, Max: 4096K
[433.466s][info][gc,start    ] GC(46) Concurrent reset
[433.466s][info][gc,task     ] GC(46) Using 2 of 4 workers for concurrent reset
[433.466s][info][gc,ergo     ] GC(46) Pacer for Reset. Non-Taxable: 8192M
[433.473s][info][gc          ] GC(46) Concurrent reset 7.429ms
[433.473s][info][gc,start    ] GC(46) Pause Init Mark (unload classes)
[433.473s][info][gc,task     ] GC(46) Using 4 of 4 workers for init marking
[433.474s][info][gc,ergo     ] GC(46) Pacer for Mark. Expected Live: 484M, Free: 812M, Non-Taxable: 83179K, Alloc Tax Rate: 0.7x
[433.474s][info][gc          ] GC(46) Pause Init Mark (unload classes) 0.103ms
[433.474s][info][gc,start    ] GC(46) Concurrent marking roots
[433.474s][info][gc,task     ] GC(46) Using 2 of 4 workers for concurrent marking roots
[433.475s][info][gc          ] GC(46) Concurrent marking roots 0.991ms
[433.475s][info][gc,start    ] GC(46) Concurrent marking (unload classes)
[433.475s][info][gc,task     ] GC(46) Using 2 of 4 workers for concurrent marking
[433.700s][info][gc          ] GC(46) Concurrent marking (unload classes) 225.390ms
[433.700s][info][gc,start    ] GC(46) Pause Final Mark (unload classes)
[433.700s][info][gc,task     ] GC(46) Using 4 of 4 workers for final marking
[433.700s][info][gc,ergo     ] GC(46) Adaptive CSet Selection. Target Free: 1160M, Actual Free: 2968M, Max CSet: 341M, Min Garbage: 0B
[433.700s][info][gc,ergo     ] GC(46) Collectable Garbage: 6462M (99%), Immediate: 1892M (29%), CSet: 4570M (70%)
[433.700s][info][gc,ergo     ] GC(46) Pacer for Evacuation. Used CSet: 4640M, Free: 2561M, Non-Taxable: 256M, Alloc Tax Rate: 4.4x
[433.700s][info][gc          ] GC(46) Pause Final Mark (unload classes) 0.308ms
[433.700s][info][gc,start    ] GC(46) Concurrent thread roots
[433.700s][info][gc,task     ] GC(46) Using 2 of 4 workers for Concurrent thread roots
[433.701s][info][gc          ] GC(46) Concurrent thread roots 0.791ms
[433.701s][info][gc,start    ] GC(46) Concurrent weak references
[433.701s][info][gc,task     ] GC(46) Using 2 of 4 workers for concurrent weak references
[433.701s][info][gc,ref      ] GC(46) Encountered references: Soft: 6089, Weak: 23288, Final: 34, Phantom: 751
[433.701s][info][gc,ref      ] GC(46) Discovered  references: Soft: 0, Weak: 649, Final: 0, Phantom: 536
[433.701s][info][gc,ref      ] GC(46) Enqueued    references: Soft: 0, Weak: 4, Final: 0, Phantom: 0
[433.701s][info][gc          ] GC(46) Concurrent weak references 0.153ms
[433.701s][info][gc,start    ] GC(46) Concurrent weak roots
[433.701s][info][gc,task     ] GC(46) Using 2 of 4 workers for concurrent weak root
[433.704s][info][gc          ] GC(46) Concurrent weak roots 2.403ms
[433.704s][info][gc,start    ] GC(46) Concurrent cleanup
[433.704s][info][gc          ] GC(46) Concurrent cleanup 7118M->5226M(8192M) 0.038ms
[433.704s][info][gc,ergo     ] GC(46) Free: 2553M, Max: 4096K regular, 652M humongous, Frag: 75% external, 0% internal; Reserve: 411M, Max: 4096K
[433.704s][info][gc,start    ] GC(46) Concurrent class unloading
[433.704s][info][gc,task     ] GC(46) Using 2 of 4 workers for concurrent class unloading
[433.708s][info][gc          ] GC(46) Concurrent class unloading 4.564ms
[433.708s][info][gc,start    ] GC(46) Concurrent strong roots
[433.709s][info][gc,task     ] GC(46) Using 2 of 4 workers for concurrent strong root
[433.709s][info][gc          ] GC(46) Concurrent strong roots 0.290ms
[433.709s][info][gc,start    ] GC(46) Concurrent evacuation
[433.709s][info][gc,task     ] GC(46) Using 2 of 4 workers for concurrent evacuation
[433.746s][info][gc          ] GC(46) Concurrent evacuation 37.618ms
[433.746s][info][gc,start    ] GC(46) Pause Init Update Refs
[433.747s][info][gc,ergo     ] GC(46) Pacer for Update Refs. Used: 5331M, Free: 2524M, Non-Taxable: 252M, Alloc Tax Rate: 2.6x
[433.747s][info][gc          ] GC(46) Pause Init Update Refs 0.044ms
[433.747s][info][gc,start    ] GC(46) Concurrent update references
[433.747s][info][gc,task     ] GC(46) Using 2 of 4 workers for concurrent reference update
[433.887s][info][gc          ] GC(46) Concurrent update references 140.585ms
[433.887s][info][gc,start    ] GC(46) Concurrent update thread roots
[433.889s][info][gc          ] GC(46) Concurrent update thread roots 1.338ms
[433.889s][info][gc,start    ] GC(46) Pause Final Update Refs
[433.889s][info][gc,task     ] GC(46) Using 4 of 4 workers for final reference update
[433.889s][info][gc          ] GC(46) Pause Final Update Refs 0.121ms
[433.889s][info][gc,start    ] GC(46) Concurrent cleanup
[433.889s][info][gc          ] GC(46) Concurrent cleanup 5386M->746M(8192M) 0.065ms
[433.889s][info][gc,ergo     ] Free: 7033M, Max: 4096K regular, 5936M humongous, Frag: 16% external, 0% internal; Reserve: 412M, Max: 4096K
[433.889s][info][gc,stats    ] 
[433.889s][info][gc,stats    ] All times are wall-clock times, except per-root-class counters, that are sum over
[433.889s][info][gc,stats    ] all workers. Dividing the <total> over the root stage time estimates parallelism.
[433.889s][info][gc,stats    ] 
[433.889s][info][gc,stats    ] Concurrent Reset                   7509 us
[433.889s][info][gc,stats    ] Pause Init Mark (G)                 220 us
[433.889s][info][gc,stats    ] Pause Init Mark (N)                 114 us
[433.889s][info][gc,stats    ]   Update Region States               37 us
[433.889s][info][gc,stats    ] Concurrent Mark Roots              1013 us, parallelism: 1.58x
[433.889s][info][gc,stats    ]   CMR: <total>                     1597 us
[433.889s][info][gc,stats    ]   CMR: Thread Roots                1415 us, workers (us): 633, 782, ---, ---, 
[433.889s][info][gc,stats    ]   CMR: VM Strong Roots               15 us, workers (us):  15,   0, ---, ---, 
[433.889s][info][gc,stats    ]   CMR: CLDG Roots                   166 us, workers (us): 166, ---, ---, ---, 
[433.889s][info][gc,stats    ] Concurrent Marking               225437 us
[433.889s][info][gc,stats    ] Pause Final Mark (G)                348 us
[433.889s][info][gc,stats    ] Pause Final Mark (N)                319 us
[433.889s][info][gc,stats    ]   Finish Mark                        45 us
[433.889s][info][gc,stats    ]   Update Region States               50 us
[433.889s][info][gc,stats    ]   Choose Collection Set             145 us
[433.889s][info][gc,stats    ]   Rebuild Free Set                   11 us
[433.889s][info][gc,stats    ] Concurrent Thread Roots             813 us, parallelism: 1.70x
[433.889s][info][gc,stats    ]   CTR: <total>                     1383 us
[433.889s][info][gc,stats    ]   CTR: Thread Roots                1383 us, workers (us): 710, 673, ---, ---, 
[433.889s][info][gc,stats    ] Concurrent Weak References          165 us, parallelism: 0.29x
[433.889s][info][gc,stats    ]   CWRF: <total>                      47 us
[433.889s][info][gc,stats    ]   CWRF: Weak References              47 us, workers (us):  45,   2, ---, ---, 
[433.889s][info][gc,stats    ] Concurrent Weak Roots              2425 us
[433.889s][info][gc,stats    ]   Roots                            2324 us, parallelism: 1.88x
[433.889s][info][gc,stats    ]     CWR: <total>                   4377 us
[433.889s][info][gc,stats    ]     CWR: Code Cache Roots          2892 us, workers (us): 1449, 1443, ---, ---, 
[433.889s][info][gc,stats    ]     CWR: VM Weak Roots             1439 us, workers (us): 720, 720, ---, ---, 
[433.889s][info][gc,stats    ]     CWR: CLDG Roots                  46 us, workers (us):  46, ---, ---, ---, 
[433.889s][info][gc,stats    ]   Rendezvous                         57 us
[433.889s][info][gc,stats    ] Concurrent Cleanup                   52 us
[433.889s][info][gc,stats    ] Concurrent Class Unloading         4596 us
[433.889s][info][gc,stats    ]   Unlink Stale                     4245 us
[433.889s][info][gc,stats    ]     System Dictionary                42 us
[433.889s][info][gc,stats    ]     Weak Class Links                  0 us
[433.889s][info][gc,stats    ]     Code Roots                     4200 us
[433.889s][info][gc,stats    ]   Rendezvous                         58 us
[433.889s][info][gc,stats    ]   Purge Unlinked                    237 us
[433.889s][info][gc,stats    ]     Code Roots                      230 us
[433.889s][info][gc,stats    ]     CLDG                              7 us
[433.889s][info][gc,stats    ]     Exception Caches                  0 us
[433.889s][info][gc,stats    ] Concurrent Strong Roots             303 us, parallelism: 0.72x
[433.889s][info][gc,stats    ]   CSR: <total>                      217 us
[433.889s][info][gc,stats    ]   CSR: VM Strong Roots                9 us, workers (us):   4,   4, ---, ---, 
[433.889s][info][gc,stats    ]   CSR: CLDG Roots                   209 us, workers (us): 209, ---, ---, ---, 
[433.889s][info][gc,stats    ] Concurrent Evacuation             37650 us
[433.889s][info][gc,stats    ] Pause Init Update Refs (G)          114 us
[433.889s][info][gc,stats    ] Pause Init Update Refs (N)           55 us
[433.889s][info][gc,stats    ]   Manage GCLABs                       5 us
[433.889s][info][gc,stats    ] Concurrent Update Refs           140630 us
[433.889s][info][gc,stats    ] Concurrent Update Thread Roots     1362 us
[433.889s][info][gc,stats    ] Pause Final Update Refs (G)         167 us
[433.889s][info][gc,stats    ] Pause Final Update Refs (N)         140 us
[433.889s][info][gc,stats    ]   Update Region States               47 us
[433.889s][info][gc,stats    ]   Trash Collection Set               14 us
[433.889s][info][gc,stats    ]   Rebuild Free Set                   14 us
[433.889s][info][gc,stats    ] Concurrent Cleanup                   78 us
[433.889s][info][gc,stats    ] 
[433.889s][info][gc,stats    ] Allocation pacing accrued:
[433.889s][info][gc,stats    ]       0 of 10493 ms (  0.0%): <total>
[433.889s][info][gc,stats    ]       0 of 10493 ms (  0.0%): <average total>
[433.889s][info][gc,stats    ] 
[433.890s][info][gc,metaspace] Metaspace: 134323K(135680K)->134323K(135680K) NonClass: 113436K(114176K)->113436K(114176K) Class: 20886K(21504K)->20886K(21504K)
[433.890s][info][gc,ergo     ] Pacer for Idle. Initial: 163M, Alloc Tax Rate: 1.0x
[441.978s][info][gc          ] Trigger: Free (817M) is below minimum threshold (819M)
[441.978s][info][gc,ergo     ] Free: 817M, Max: 4096K regular, 624M humongous, Frag: 23% external, 0% internal; Reserve: 412M, Max: 4096K
[441.978s][info][gc,start    ] GC(47) Concurrent reset
[441.978s][info][gc,task     ] GC(47) Using 2 of 4 workers for concurrent reset
[441.978s][info][gc,ergo     ] GC(47) Pacer for Reset. Non-Taxable: 8192M
[441.994s][info][gc          ] GC(47) Concurrent reset 15.577ms
[441.994s][info][gc,start    ] GC(47) Pause Init Mark (unload classes)
[441.994s][info][gc,task     ] GC(47) Using 4 of 4 workers for init marking
[441.994s][info][gc,ergo     ] GC(47) Pacer for Mark. Expected Live: 476M, Free: 805M, Non-Taxable: 82471K, Alloc Tax Rate: 0.7x
[441.994s][info][gc          ] GC(47) Pause Init Mark (unload classes) 0.126ms
[441.994s][info][gc,start    ] GC(47) Concurrent marking roots
[441.994s][info][gc,task     ] GC(47) Using 2 of 4 workers for concurrent marking roots
[441.995s][info][gc          ] GC(47) Concurrent marking roots 1.004ms
[441.995s][info][gc,start    ] GC(47) Concurrent marking (unload classes)
[441.995s][info][gc,task     ] GC(47) Using 2 of 4 workers for concurrent marking
[442.248s][info][gc          ] GC(47) Concurrent marking (unload classes) 253.267ms
[442.248s][info][gc,start    ] GC(47) Pause Final Mark (unload classes)
[442.248s][info][gc,task     ] GC(47) Using 4 of 4 workers for final marking
[442.249s][info][gc,ergo     ] GC(47) Adaptive CSet Selection. Target Free: 1160M, Actual Free: 1832M, Max CSet: 341M, Min Garbage: 0B
[442.249s][info][gc,ergo     ] GC(47) Collectable Garbage: 6424M (99%), Immediate: 896M (13%), CSet: 5528M (85%)
[442.249s][info][gc,ergo     ] GC(47) Pacer for Evacuation. Used CSet: 5636M, Free: 1425M, Non-Taxable: 142M, Alloc Tax Rate: 9.7x
[442.249s][info][gc          ] GC(47) Pause Final Mark (unload classes) 0.315ms
[442.249s][info][gc,start    ] GC(47) Concurrent thread roots
[442.249s][info][gc,task     ] GC(47) Using 2 of 4 workers for Concurrent thread roots
[442.250s][info][gc          ] GC(47) Concurrent thread roots 0.889ms
[442.250s][info][gc,start    ] GC(47) Concurrent weak references
[442.250s][info][gc,task     ] GC(47) Using 2 of 4 workers for concurrent weak references
[442.250s][info][gc,ref      ] GC(47) Encountered references: Soft: 6089, Weak: 23287, Final: 34, Phantom: 754
[442.250s][info][gc,ref      ] GC(47) Discovered  references: Soft: 0, Weak: 10928, Final: 1, Phantom: 539
[442.250s][info][gc,ref      ] GC(47) Enqueued    references: Soft: 0, Weak: 1, Final: 0, Phantom: 0
[442.250s][info][gc          ] GC(47) Concurrent weak references 0.466ms
[442.250s][info][gc,start    ] GC(47) Concurrent weak roots
[442.250s][info][gc,task     ] GC(47) Using 2 of 4 workers for concurrent weak root
[442.253s][info][gc          ] GC(47) Concurrent weak roots 2.522ms
[442.253s][info][gc,start    ] GC(47) Concurrent cleanup
[442.253s][info][gc          ] GC(47) Concurrent cleanup 7258M->6362M(8192M) 0.034ms
[442.253s][info][gc,ergo     ] GC(47) Free: 1417M, Max: 4096K regular, 512M humongous, Frag: 64% external, 0% internal; Reserve: 411M, Max: 4096K
[442.253s][info][gc,start    ] GC(47) Concurrent class unloading
[442.253s][info][gc,task     ] GC(47) Using 2 of 4 workers for concurrent class unloading
[442.257s][info][gc          ] GC(47) Concurrent class unloading 4.335ms
[442.257s][info][gc,start    ] GC(47) Concurrent strong roots
[442.257s][info][gc,task     ] GC(47) Using 2 of 4 workers for concurrent strong root
[442.257s][info][gc          ] GC(47) Concurrent strong roots 0.286ms
[442.257s][info][gc,start    ] GC(47) Concurrent evacuation
[442.257s][info][gc,task     ] GC(47) Using 2 of 4 workers for concurrent evacuation
[442.308s][info][gc          ] GC(47) Concurrent evacuation 50.983ms
[442.309s][info][gc,start    ] GC(47) Pause Init Update Refs
[442.309s][info][gc,ergo     ] GC(47) Pacer for Update Refs. Used: 6494M, Free: 1393M, Non-Taxable: 139M, Alloc Tax Rate: 5.7x
[442.309s][info][gc          ] GC(47) Pause Init Update Refs 0.044ms
[442.309s][info][gc,start    ] GC(47) Concurrent update references
[442.309s][info][gc,task     ] GC(47) Using 2 of 4 workers for concurrent reference update
[442.480s][info][gc          ] GC(47) Concurrent update references 171.473ms
[442.480s][info][gc,start    ] GC(47) Concurrent update thread roots
[442.481s][info][gc          ] GC(47) Concurrent update thread roots 1.342ms
[442.482s][info][gc,start    ] GC(47) Pause Final Update Refs
[442.482s][info][gc,task     ] GC(47) Using 4 of 4 workers for final reference update
[442.482s][info][gc          ] GC(47) Pause Final Update Refs 0.092ms
[442.482s][info][gc,start    ] GC(47) Concurrent cleanup
[442.482s][info][gc          ] GC(47) Concurrent cleanup 6622M->986M(8192M) 0.081ms
[442.482s][info][gc,ergo     ] Free: 6793M, Max: 4096K regular, 5808M humongous, Frag: 15% external, 0% internal; Reserve: 412M, Max: 4096K
[442.482s][info][gc,stats    ] 
[442.482s][info][gc,stats    ] All times are wall-clock times, except per-root-class counters, that are sum over
[442.482s][info][gc,stats    ] all workers. Dividing the <total> over the root stage time estimates parallelism.
[442.482s][info][gc,stats    ] 
[442.482s][info][gc,stats    ] Concurrent Reset                  15649 us
[442.482s][info][gc,stats    ] Pause Init Mark (G)                 217 us
[442.482s][info][gc,stats    ] Pause Init Mark (N)                 137 us
[442.482s][info][gc,stats    ]   Update Region States               57 us
[442.482s][info][gc,stats    ] Concurrent Mark Roots              1020 us, parallelism: 1.53x
[442.482s][info][gc,stats    ]   CMR: <total>                     1557 us
[442.482s][info][gc,stats    ]   CMR: Thread Roots                1397 us, workers (us): 626, 771, ---, ---, 
[442.482s][info][gc,stats    ]   CMR: VM Strong Roots               12 us, workers (us):  12,   0, ---, ---, 
[442.482s][info][gc,stats    ]   CMR: CLDG Roots                   148 us, workers (us): 148, ---, ---, ---, 
[442.482s][info][gc,stats    ] Concurrent Marking               253314 us
[442.482s][info][gc,stats    ] Pause Final Mark (G)                382 us
[442.482s][info][gc,stats    ] Pause Final Mark (N)                330 us
[442.482s][info][gc,stats    ]   Finish Mark                        21 us
[442.482s][info][gc,stats    ]   Update Region States               45 us
[442.482s][info][gc,stats    ]   Choose Collection Set             178 us
[442.482s][info][gc,stats    ]   Rebuild Free Set                    9 us
[442.482s][info][gc,stats    ] Concurrent Thread Roots             917 us, parallelism: 1.77x
[442.482s][info][gc,stats    ]   CTR: <total>                     1626 us
[442.482s][info][gc,stats    ]   CTR: Thread Roots                1626 us, workers (us): 830, 796, ---, ---, 
[442.482s][info][gc,stats    ] Concurrent Weak References          477 us, parallelism: 0.89x
[442.482s][info][gc,stats    ]   CWRF: <total>                     425 us
[442.482s][info][gc,stats    ]   CWRF: Weak References             425 us, workers (us):  34, 391, ---, ---, 
[442.482s][info][gc,stats    ] Concurrent Weak Roots              2546 us
[442.482s][info][gc,stats    ]   Roots                            2472 us, parallelism: 1.92x
[442.482s][info][gc,stats    ]     CWR: <total>                   4751 us
[442.482s][info][gc,stats    ]     CWR: Code Cache Roots          3183 us, workers (us): 1632, 1551, ---, ---, 
[442.482s][info][gc,stats    ]     CWR: VM Weak Roots             1481 us, workers (us): 741, 740, ---, ---, 
[442.482s][info][gc,stats    ]     CWR: CLDG Roots                  87 us, workers (us): ---,  87, ---, ---, 
[442.482s][info][gc,stats    ]   Rendezvous                         29 us
[442.482s][info][gc,stats    ] Concurrent Cleanup                   47 us
[442.482s][info][gc,stats    ] Concurrent Class Unloading         4355 us
[442.482s][info][gc,stats    ]   Unlink Stale                     4093 us
[442.482s][info][gc,stats    ]     System Dictionary                61 us
[442.482s][info][gc,stats    ]     Weak Class Links                  0 us
[442.482s][info][gc,stats    ]     Code Roots                     4030 us
[442.482s][info][gc,stats    ]   Rendezvous                         82 us
[442.482s][info][gc,stats    ]   Purge Unlinked                    138 us
[442.482s][info][gc,stats    ]     Code Roots                      134 us
[442.482s][info][gc,stats    ]     CLDG                              4 us
[442.482s][info][gc,stats    ]     Exception Caches                  0 us
[442.482s][info][gc,stats    ] Concurrent Strong Roots             299 us, parallelism: 0.69x
[442.482s][info][gc,stats    ]   CSR: <total>                      205 us
[442.482s][info][gc,stats    ]   CSR: VM Strong Roots                8 us, workers (us):   8,   0, ---, ---, 
[442.482s][info][gc,stats    ]   CSR: CLDG Roots                   197 us, workers (us): 197, ---, ---, ---, 
[442.482s][info][gc,stats    ] Concurrent Evacuation             51033 us
[442.482s][info][gc,stats    ] Pause Init Update Refs (G)          124 us
[442.482s][info][gc,stats    ] Pause Init Update Refs (N)           56 us
[442.482s][info][gc,stats    ]   Manage GCLABs                       5 us
[442.482s][info][gc,stats    ] Concurrent Update Refs           171517 us
[442.482s][info][gc,stats    ] Concurrent Update Thread Roots     1359 us
[442.482s][info][gc,stats    ] Pause Final Update Refs (G)         176 us
[442.482s][info][gc,stats    ] Pause Final Update Refs (N)         112 us
[442.482s][info][gc,stats    ]   Update Region States               27 us
[442.482s][info][gc,stats    ]   Trash Collection Set               15 us
[442.482s][info][gc,stats    ]   Rebuild Free Set                   10 us
[442.482s][info][gc,stats    ] Concurrent Cleanup                  103 us
[442.482s][info][gc,stats    ] 
[442.482s][info][gc,stats    ] Allocation pacing accrued:
[442.482s][info][gc,stats    ]       0 of  8593 ms (  0.0%): <total>
[442.482s][info][gc,stats    ]       0 of  8593 ms (  0.0%): <average total>
[442.482s][info][gc,stats    ] 
[442.482s][info][gc,metaspace] Metaspace: 134332K(135744K)->134332K(135744K) NonClass: 113444K(114240K)->113444K(114240K) Class: 20887K(21504K)->20887K(21504K)
[442.483s][info][gc,ergo     ] Pacer for Idle. Initial: 163M, Alloc Tax Rate: 1.0x
[449.539s][info][gc          ] Trigger: Free (817M) is below minimum threshold (819M)
[449.540s][info][gc,ergo     ] Free: 817M, Max: 4096K regular, 476M humongous, Frag: 42% external, 0% internal; Reserve: 412M, Max: 4096K
[449.540s][info][gc,start    ] GC(48) Concurrent reset
[449.540s][info][gc,task     ] GC(48) Using 2 of 4 workers for concurrent reset
[449.540s][info][gc,ergo     ] GC(48) Pacer for Reset. Non-Taxable: 8192M
[449.562s][info][gc          ] GC(48) Concurrent reset 22.431ms
[449.562s][info][gc,start    ] GC(48) Pause Init Mark (unload classes)
[449.562s][info][gc,task     ] GC(48) Using 4 of 4 workers for init marking
[449.562s][info][gc,ergo     ] GC(48) Pacer for Mark. Expected Live: 483M, Free: 809M, Non-Taxable: 82911K, Alloc Tax Rate: 0.7x
[449.562s][info][gc          ] GC(48) Pause Init Mark (unload classes) 0.121ms
[449.562s][info][gc,start    ] GC(48) Concurrent marking roots
[449.562s][info][gc,task     ] GC(48) Using 2 of 4 workers for concurrent marking roots
[449.564s][info][gc          ] GC(48) Concurrent marking roots 1.412ms
[449.564s][info][gc,start    ] GC(48) Concurrent marking (unload classes)
[449.564s][info][gc,task     ] GC(48) Using 2 of 4 workers for concurrent marking
[449.791s][info][gc          ] GC(48) Concurrent marking (unload classes) 226.865ms
[449.791s][info][gc,start    ] GC(48) Pause Final Mark (unload classes)
[449.791s][info][gc,task     ] GC(48) Using 4 of 4 workers for final marking
[449.791s][info][gc,ergo     ] GC(48) Adaptive CSet Selection. Target Free: 1160M, Actual Free: 3620M, Max CSet: 341M, Min Garbage: 0B
[449.791s][info][gc,ergo     ] GC(48) Collectable Garbage: 6458M (99%), Immediate: 2564M (39%), CSet: 3894M (59%)
[449.791s][info][gc,ergo     ] GC(48) Pacer for Evacuation. Used CSet: 3963M, Free: 3217M, Non-Taxable: 321M, Alloc Tax Rate: 3.0x
[449.791s][info][gc          ] GC(48) Pause Final Mark (unload classes) 0.260ms
[449.791s][info][gc,start    ] GC(48) Concurrent thread roots
[449.791s][info][gc,task     ] GC(48) Using 2 of 4 workers for Concurrent thread roots
[449.792s][info][gc          ] GC(48) Concurrent thread roots 0.780ms
[449.792s][info][gc,start    ] GC(48) Concurrent weak references
[449.792s][info][gc,task     ] GC(48) Using 2 of 4 workers for concurrent weak references
[449.792s][info][gc,ref      ] GC(48) Encountered references: Soft: 6089, Weak: 23296, Final: 34, Phantom: 757
[449.792s][info][gc,ref      ] GC(48) Discovered  references: Soft: 0, Weak: 8077, Final: 0, Phantom: 542
[449.792s][info][gc,ref      ] GC(48) Enqueued    references: Soft: 0, Weak: 5, Final: 0, Phantom: 3
[449.792s][info][gc          ] GC(48) Concurrent weak references 0.340ms
[449.792s][info][gc,start    ] GC(48) Concurrent weak roots
[449.792s][info][gc,task     ] GC(48) Using 2 of 4 workers for concurrent weak root
[449.795s][info][gc          ] GC(48) Concurrent weak roots 2.390ms
[449.795s][info][gc,start    ] GC(48) Concurrent cleanup
[449.795s][info][gc          ] GC(48) Concurrent cleanup 7136M->4572M(8192M) 0.046ms
[449.795s][info][gc,ergo     ] GC(48) Free: 3207M, Max: 4096K regular, 480M humongous, Frag: 85% external, 0% internal; Reserve: 411M, Max: 4096K
[449.795s][info][gc,start    ] GC(48) Concurrent class unloading
[449.795s][info][gc,task     ] GC(48) Using 2 of 4 workers for concurrent class unloading
[449.799s][info][gc          ] GC(48) Concurrent class unloading 4.247ms
[449.799s][info][gc,start    ] GC(48) Concurrent strong roots
[449.799s][info][gc,task     ] GC(48) Using 2 of 4 workers for concurrent strong root
[449.799s][info][gc          ] GC(48) Concurrent strong roots 0.372ms
[449.799s][info][gc,start    ] GC(48) Concurrent evacuation
[449.799s][info][gc,task     ] GC(48) Using 2 of 4 workers for concurrent evacuation
[449.834s][info][gc          ] GC(48) Concurrent evacuation 34.565ms
[449.834s][info][gc,start    ] GC(48) Pause Init Update Refs
[449.834s][info][gc,ergo     ] GC(48) Pacer for Update Refs. Used: 4668M, Free: 3187M, Non-Taxable: 318M, Alloc Tax Rate: 1.8x
[449.834s][info][gc          ] GC(48) Pause Init Update Refs 0.042ms
[449.834s][info][gc,start    ] GC(48) Concurrent update references
[449.834s][info][gc,task     ] GC(48) Using 2 of 4 workers for concurrent reference update
[449.975s][info][gc          ] GC(48) Concurrent update references 140.776ms
[449.975s][info][gc,start    ] GC(48) Concurrent update thread roots
[449.976s][info][gc          ] GC(48) Concurrent update thread roots 1.265ms
[449.976s][info][gc,start    ] GC(48) Pause Final Update Refs
[449.976s][info][gc,task     ] GC(48) Using 4 of 4 workers for final reference update
[449.976s][info][gc          ] GC(48) Pause Final Update Refs 0.126ms
[449.976s][info][gc,start    ] GC(48) Concurrent cleanup
[449.976s][info][gc          ] GC(48) Concurrent cleanup 4760M->796M(8192M) 0.053ms
[449.976s][info][gc,ergo     ] Free: 6983M, Max: 4096K regular, 5632M humongous, Frag: 20% external, 0% internal; Reserve: 412M, Max: 4096K
[449.976s][info][gc,stats    ] 
[449.976s][info][gc,stats    ] All times are wall-clock times, except per-root-class counters, that are sum over
[449.976s][info][gc,stats    ] all workers. Dividing the <total> over the root stage time estimates parallelism.
[449.976s][info][gc,stats    ] 
[449.977s][info][gc,stats    ] Concurrent Reset                  22566 us
[449.977s][info][gc,stats    ] Pause Init Mark (G)                 284 us
[449.977s][info][gc,stats    ] Pause Init Mark (N)                 134 us
[449.977s][info][gc,stats    ]   Update Region States               39 us
[449.977s][info][gc,stats    ] Concurrent Mark Roots              1437 us, parallelism: 1.49x
[449.977s][info][gc,stats    ]   CMR: <total>                     2135 us
[449.977s][info][gc,stats    ]   CMR: Thread Roots                1853 us, workers (us): 798, 1055, ---, ---, 
[449.977s][info][gc,stats    ]   CMR: VM Strong Roots               26 us, workers (us):  12,  14, ---, ---, 
[449.977s][info][gc,stats    ]   CMR: CLDG Roots                   257 us, workers (us): 257, ---, ---, ---, 
[449.977s][info][gc,stats    ] Concurrent Marking               226912 us
[449.977s][info][gc,stats    ] Pause Final Mark (G)                288 us
[449.977s][info][gc,stats    ] Pause Final Mark (N)                271 us
[449.977s][info][gc,stats    ]   Finish Mark                        21 us
[449.977s][info][gc,stats    ]   Update Region States               16 us
[449.977s][info][gc,stats    ]   Choose Collection Set             155 us
[449.977s][info][gc,stats    ]   Rebuild Free Set                   11 us
[449.977s][info][gc,stats    ] Concurrent Thread Roots             796 us, parallelism: 1.86x
[449.977s][info][gc,stats    ]   CTR: <total>                     1479 us
[449.977s][info][gc,stats    ]   CTR: Thread Roots                1479 us, workers (us): 736, 743, ---, ---, 
[449.977s][info][gc,stats    ] Concurrent Weak References          351 us, parallelism: 0.84x
[449.977s][info][gc,stats    ]   CWRF: <total>                     294 us
[449.977s][info][gc,stats    ]   CWRF: Weak References             294 us, workers (us):  20, 274, ---, ---, 
[449.977s][info][gc,stats    ] Concurrent Weak Roots              2414 us
[449.977s][info][gc,stats    ]   Roots                            2317 us, parallelism: 1.92x
[449.977s][info][gc,stats    ]     CWR: <total>                   4437 us
[449.977s][info][gc,stats    ]     CWR: Code Cache Roots          2930 us, workers (us): 1511, 1419, ---, ---, 
[449.977s][info][gc,stats    ]     CWR: VM Weak Roots             1444 us, workers (us): 723, 721, ---, ---, 
[449.977s][info][gc,stats    ]     CWR: CLDG Roots                  63 us, workers (us): ---,  63, ---, ---, 
[449.977s][info][gc,stats    ]   Rendezvous                         49 us
[449.977s][info][gc,stats    ] Concurrent Cleanup                   59 us
[449.977s][info][gc,stats    ] Concurrent Class Unloading         4267 us
[449.977s][info][gc,stats    ]   Unlink Stale                     4054 us
[449.977s][info][gc,stats    ]     System Dictionary                55 us
[449.977s][info][gc,stats    ]     Weak Class Links                  0 us
[449.977s][info][gc,stats    ]     Code Roots                     3997 us
[449.977s][info][gc,stats    ]   Rendezvous                         49 us
[449.977s][info][gc,stats    ]   Purge Unlinked                    121 us
[449.977s][info][gc,stats    ]     Code Roots                      118 us
[449.977s][info][gc,stats    ]     CLDG                              3 us
[449.977s][info][gc,stats    ]     Exception Caches                  0 us
[449.977s][info][gc,stats    ] Concurrent Strong Roots             388 us, parallelism: 0.76x
[449.977s][info][gc,stats    ]   CSR: <total>                      295 us
[449.977s][info][gc,stats    ]   CSR: VM Strong Roots                8 us, workers (us):   8,   0, ---, ---, 
[449.977s][info][gc,stats    ]   CSR: CLDG Roots                   286 us, workers (us): 286, ---, ---, ---, 
[449.977s][info][gc,stats    ] Concurrent Evacuation             34602 us
[449.977s][info][gc,stats    ] Pause Init Update Refs (G)           93 us
[449.977s][info][gc,stats    ] Pause Init Update Refs (N)           54 us
[449.977s][info][gc,stats    ]   Manage GCLABs                       5 us
[449.977s][info][gc,stats    ] Concurrent Update Refs           140810 us
[449.977s][info][gc,stats    ] Concurrent Update Thread Roots     1289 us
[449.977s][info][gc,stats    ] Pause Final Update Refs (G)         206 us
[449.977s][info][gc,stats    ] Pause Final Update Refs (N)         147 us
[449.977s][info][gc,stats    ]   Update Region States               62 us
[449.977s][info][gc,stats    ]   Trash Collection Set               14 us
[449.977s][info][gc,stats    ]   Rebuild Free Set                   12 us
[449.977s][info][gc,stats    ] Concurrent Cleanup                   66 us
[449.977s][info][gc,stats    ] 
[449.977s][info][gc,stats    ] Allocation pacing accrued:
[449.977s][info][gc,stats    ]       0 of  7495 ms (  0.0%): <total>
[449.977s][info][gc,stats    ]       0 of  7495 ms (  0.0%): <average total>
[449.977s][info][gc,stats    ] 
[449.977s][info][gc,metaspace] Metaspace: 134344K(135744K)->134344K(135744K) NonClass: 113454K(114240K)->113454K(114240K) Class: 20889K(21504K)->20889K(21504K)
[449.977s][info][gc,ergo     ] Pacer for Idle. Initial: 163M, Alloc Tax Rate: 1.0x
[460.644s][info][gc          ] Trigger: Average GC time (512.90 ms) is above the time for instantaneous allocation rate (1168 MB/s) to deplete free headroom (468M) (spike threshold = 1.77)
[460.644s][info][gc,ergo     ] Free: 877M, Max: 4096K regular, 872M humongous, Frag: 0% external, 0% internal; Reserve: 412M, Max: 4096K
[460.644s][info][gc,start    ] GC(49) Concurrent reset
[460.644s][info][gc,task     ] GC(49) Using 2 of 4 workers for concurrent reset
[460.644s][info][gc,ergo     ] GC(49) Pacer for Reset. Non-Taxable: 8192M
[460.654s][info][gc          ] GC(49) Concurrent reset 10.119ms
[460.654s][info][gc,start    ] GC(49) Pause Init Mark (unload classes)
[460.654s][info][gc,task     ] GC(49) Using 4 of 4 workers for init marking
[460.654s][info][gc,ergo     ] GC(49) Pacer for Mark. Expected Live: 483M, Free: 869M, Non-Taxable: 89056K, Alloc Tax Rate: 0.7x
[460.654s][info][gc          ] GC(49) Pause Init Mark (unload classes) 0.091ms
[460.654s][info][gc,start    ] GC(49) Concurrent marking roots
[460.654s][info][gc,task     ] GC(49) Using 2 of 4 workers for concurrent marking roots
[460.655s][info][gc          ] GC(49) Concurrent marking roots 0.997ms
[460.655s][info][gc,start    ] GC(49) Concurrent marking (unload classes)
[460.655s][info][gc,task     ] GC(49) Using 2 of 4 workers for concurrent marking
[460.909s][info][gc          ] GC(49) Concurrent marking (unload classes) 253.378ms
[460.909s][info][gc,start    ] GC(49) Pause Final Mark (unload classes)
[460.909s][info][gc,task     ] GC(49) Using 4 of 4 workers for final marking
[460.909s][info][gc,ergo     ] GC(49) Adaptive CSet Selection. Target Free: 1160M, Actual Free: 2456M, Max CSet: 341M, Min Garbage: 0B
[460.909s][info][gc,ergo     ] GC(49) Collectable Garbage: 6396M (99%), Immediate: 1320M (20%), CSet: 5076M (78%)
[460.909s][info][gc,ergo     ] GC(49) Pacer for Evacuation. Used CSet: 5148M, Free: 2049M, Non-Taxable: 204M, Alloc Tax Rate: 6.1x
[460.909s][info][gc          ] GC(49) Pause Final Mark (unload classes) 0.346ms
[460.909s][info][gc,start    ] GC(49) Concurrent thread roots
[460.909s][info][gc,task     ] GC(49) Using 2 of 4 workers for Concurrent thread roots
[460.910s][info][gc          ] GC(49) Concurrent thread roots 1.065ms
[460.910s][info][gc,start    ] GC(49) Concurrent weak references
[460.910s][info][gc,task     ] GC(49) Using 2 of 4 workers for concurrent weak references
[460.911s][info][gc,ref      ] GC(49) Encountered references: Soft: 6089, Weak: 23300, Final: 34, Phantom: 763
[460.911s][info][gc,ref      ] GC(49) Discovered  references: Soft: 0, Weak: 3860, Final: 0, Phantom: 550
[460.911s][info][gc,ref      ] GC(49) Enqueued    references: Soft: 0, Weak: 6, Final: 0, Phantom: 0
[460.911s][info][gc          ] GC(49) Concurrent weak references 0.310ms
[460.911s][info][gc,start    ] GC(49) Concurrent weak roots
[460.911s][info][gc,task     ] GC(49) Using 2 of 4 workers for concurrent weak root
[460.914s][info][gc          ] GC(49) Concurrent weak roots 2.826ms
[460.914s][info][gc,start    ] GC(49) Concurrent cleanup
[460.914s][info][gc          ] GC(49) Concurrent cleanup 7058M->5738M(8192M) 0.036ms
[460.914s][info][gc,ergo     ] GC(49) Free: 2041M, Max: 4096K regular, 712M humongous, Frag: 65% external, 0% internal; Reserve: 411M, Max: 4096K
[460.914s][info][gc,start    ] GC(49) Concurrent class unloading
[460.914s][info][gc,task     ] GC(49) Using 2 of 4 workers for concurrent class unloading
[460.919s][info][gc          ] GC(49) Concurrent class unloading 5.248ms
[460.919s][info][gc,start    ] GC(49) Concurrent strong roots
[460.919s][info][gc,task     ] GC(49) Using 2 of 4 workers for concurrent strong root
[460.919s][info][gc          ] GC(49) Concurrent strong roots 0.345ms
[460.919s][info][gc,start    ] GC(49) Concurrent evacuation
[460.919s][info][gc,task     ] GC(49) Using 2 of 4 workers for concurrent evacuation
[460.976s][info][gc          ] GC(49) Concurrent evacuation 56.753ms
[460.976s][info][gc,start    ] GC(49) Pause Init Update Refs
[460.976s][info][gc,ergo     ] GC(49) Pacer for Update Refs. Used: 5838M, Free: 2017M, Non-Taxable: 201M, Alloc Tax Rate: 3.5x
[460.976s][info][gc          ] GC(49) Pause Init Update Refs 0.045ms
[460.976s][info][gc,start    ] GC(49) Concurrent update references
[460.976s][info][gc,task     ] GC(49) Using 2 of 4 workers for concurrent reference update
[461.123s][info][gc          ] GC(49) Concurrent update references 147.066ms
[461.123s][info][gc,start    ] GC(49) Concurrent update thread roots
[461.125s][info][gc          ] GC(49) Concurrent update thread roots 1.330ms
[461.125s][info][gc,start    ] GC(49) Pause Final Update Refs
[461.125s][info][gc,task     ] GC(49) Using 4 of 4 workers for final reference update
[461.125s][info][gc          ] GC(49) Pause Final Update Refs 0.095ms
[461.125s][info][gc,start    ] GC(49) Concurrent cleanup
[461.125s][info][gc          ] GC(49) Concurrent cleanup 5958M->810M(8192M) 0.063ms
[461.125s][info][gc,ergo     ] Free: 6969M, Max: 4096K regular, 5888M humongous, Frag: 16% external, 0% internal; Reserve: 412M, Max: 4096K
[461.125s][info][gc,stats    ] 
[461.125s][info][gc,stats    ] All times are wall-clock times, except per-root-class counters, that are sum over
[461.125s][info][gc,stats    ] all workers. Dividing the <total> over the root stage time estimates parallelism.
[461.125s][info][gc,stats    ] 
[461.125s][info][gc,stats    ] Concurrent Reset                  10180 us
[461.125s][info][gc,stats    ] Pause Init Mark (G)                 161 us
[461.125s][info][gc,stats    ] Pause Init Mark (N)                 105 us
[461.125s][info][gc,stats    ]   Update Region States               21 us
[461.125s][info][gc,stats    ] Concurrent Mark Roots              1020 us, parallelism: 1.60x
[461.125s][info][gc,stats    ]   CMR: <total>                     1634 us
[461.125s][info][gc,stats    ]   CMR: Thread Roots                1500 us, workers (us): 699, 801, ---, ---, 
[461.125s][info][gc,stats    ]   CMR: VM Strong Roots               13 us, workers (us):  13,   0, ---, ---, 
[461.125s][info][gc,stats    ]   CMR: CLDG Roots                   120 us, workers (us): 120, ---, ---, ---, 
[461.125s][info][gc,stats    ] Concurrent Marking               253426 us
[461.125s][info][gc,stats    ] Pause Final Mark (G)                446 us
[461.125s][info][gc,stats    ] Pause Final Mark (N)                357 us
[461.125s][info][gc,stats    ]   Finish Mark                        51 us
[461.125s][info][gc,stats    ]   Update Region States               74 us
[461.125s][info][gc,stats    ]   Choose Collection Set             155 us
[461.125s][info][gc,stats    ]   Rebuild Free Set                   10 us
[461.125s][info][gc,stats    ] Concurrent Thread Roots            1088 us, parallelism: 1.85x
[461.125s][info][gc,stats    ]   CTR: <total>                     2011 us
[461.125s][info][gc,stats    ]   CTR: Thread Roots                2011 us, workers (us): 1022, 990, ---, ---, 
[461.125s][info][gc,stats    ] Concurrent Weak References          321 us, parallelism: 0.74x
[461.125s][info][gc,stats    ]   CWRF: <total>                     238 us
[461.125s][info][gc,stats    ]   CWRF: Weak References             238 us, workers (us): 233,   5, ---, ---, 
[461.125s][info][gc,stats    ] Concurrent Weak Roots              2850 us
[461.125s][info][gc,stats    ]   Roots                            2775 us, parallelism: 1.91x
[461.125s][info][gc,stats    ]     CWR: <total>                   5310 us
[461.125s][info][gc,stats    ]     CWR: Code Cache Roots          3594 us, workers (us): 1741, 1853, ---, ---, 
[461.125s][info][gc,stats    ]     CWR: VM Weak Roots             1626 us, workers (us): 827, 799, ---, ---, 
[461.125s][info][gc,stats    ]     CWR: CLDG Roots                  90 us, workers (us):  90, ---, ---, ---, 
[461.125s][info][gc,stats    ]   Rendezvous                         30 us
[461.125s][info][gc,stats    ] Concurrent Cleanup                   49 us
[461.125s][info][gc,stats    ] Concurrent Class Unloading         5288 us
[461.125s][info][gc,stats    ]   Unlink Stale                     4928 us
[461.125s][info][gc,stats    ]     System Dictionary                66 us
[461.125s][info][gc,stats    ]     Weak Class Links                  0 us
[461.125s][info][gc,stats    ]     Code Roots                     4860 us
[461.125s][info][gc,stats    ]   Rendezvous                        153 us
[461.125s][info][gc,stats    ]   Purge Unlinked                    143 us
[461.125s][info][gc,stats    ]     Code Roots                      135 us
[461.125s][info][gc,stats    ]     CLDG                              8 us
[461.126s][info][gc,stats    ]     Exception Caches                  0 us
[461.126s][info][gc,stats    ] Concurrent Strong Roots             367 us, parallelism: 0.58x
[461.126s][info][gc,stats    ]   CSR: <total>                      213 us
[461.126s][info][gc,stats    ]   CSR: VM Strong Roots                9 us, workers (us):   9,   0, ---, ---, 
[461.126s][info][gc,stats    ]   CSR: CLDG Roots                   204 us, workers (us): 204, ---, ---, ---, 
[461.126s][info][gc,stats    ] Concurrent Evacuation             56796 us
[461.126s][info][gc,stats    ] Pause Init Update Refs (G)          148 us
[461.126s][info][gc,stats    ] Pause Init Update Refs (N)           56 us
[461.126s][info][gc,stats    ]   Manage GCLABs                       6 us
[461.126s][info][gc,stats    ] Concurrent Update Refs           147113 us
[461.126s][info][gc,stats    ] Concurrent Update Thread Roots     1360 us
[461.126s][info][gc,stats    ] Pause Final Update Refs (G)         147 us
[461.126s][info][gc,stats    ] Pause Final Update Refs (N)         121 us
[461.126s][info][gc,stats    ]   Update Region States               28 us
[461.126s][info][gc,stats    ]   Trash Collection Set               15 us
[461.126s][info][gc,stats    ]   Rebuild Free Set                   11 us
[461.126s][info][gc,stats    ] Concurrent Cleanup                   77 us
[461.126s][info][gc,stats    ] 
[461.126s][info][gc,stats    ] Allocation pacing accrued:
[461.126s][info][gc,stats    ]       0 of 11149 ms (  0.0%): <total>
[461.126s][info][gc,stats    ]       0 of 11149 ms (  0.0%): <average total>
[461.126s][info][gc,stats    ] 
[461.126s][info][gc,metaspace] Metaspace: 134354K(135744K)->134354K(135744K) NonClass: 113464K(114240K)->113464K(114240K) Class: 20890K(21504K)->20890K(21504K)
[461.126s][info][gc,ergo     ] Pacer for Idle. Initial: 163M, Alloc Tax Rate: 1.0x
[468.979s][info][gc          ] Trigger: Average GC time (516.17 ms) is above the time for average allocation rate (814 MB/s) to deplete free headroom (419M) (margin of error = 1.82)
[468.979s][info][gc,ergo     ] Free headroom: 829M (free) - 409M (spike) - 0B (penalties) = 419M
[468.979s][info][gc,ergo     ] Free: 829M, Max: 4096K regular, 712M humongous, Frag: 14% external, 0% internal; Reserve: 412M, Max: 4096K
[468.979s][info][gc,start    ] GC(50) Concurrent reset
[468.979s][info][gc,task     ] GC(50) Using 2 of 4 workers for concurrent reset
[468.979s][info][gc,ergo     ] GC(50) Pacer for Reset. Non-Taxable: 8192M
[468.996s][info][gc          ] GC(50) Concurrent reset 17.686ms
[468.996s][info][gc,start    ] GC(50) Pause Init Mark (unload classes)
[468.996s][info][gc,task     ] GC(50) Using 4 of 4 workers for init marking
[468.997s][info][gc,ergo     ] GC(50) Pacer for Mark. Expected Live: 474M, Free: 817M, Non-Taxable: 83699K, Alloc Tax Rate: 0.7x
[468.997s][info][gc          ] GC(50) Pause Init Mark (unload classes) 0.115ms
[468.997s][info][gc,start    ] GC(50) Concurrent marking roots
[468.997s][info][gc,task     ] GC(50) Using 2 of 4 workers for concurrent marking roots
[468.998s][info][gc          ] GC(50) Concurrent marking roots 0.920ms
[468.998s][info][gc,start    ] GC(50) Concurrent marking (unload classes)
[468.998s][info][gc,task     ] GC(50) Using 2 of 4 workers for concurrent marking
[469.244s][info][gc          ] GC(50) Concurrent marking (unload classes) 246.189ms
[469.244s][info][gc,start    ] GC(50) Pause Final Mark (unload classes)
[469.244s][info][gc,task     ] GC(50) Using 4 of 4 workers for final marking
[469.244s][info][gc,ergo     ] GC(50) Adaptive CSet Selection. Target Free: 1160M, Actual Free: 2392M, Max CSet: 341M, Min Garbage: 0B
[469.244s][info][gc,ergo     ] GC(50) Collectable Garbage: 6405M (99%), Immediate: 1420M (22%), CSet: 4985M (77%)
[469.244s][info][gc,ergo     ] GC(50) Pacer for Evacuation. Used CSet: 5100M, Free: 1985M, Non-Taxable: 198M, Alloc Tax Rate: 6.3x
[469.244s][info][gc          ] GC(50) Pause Final Mark (unload classes) 0.304ms
[469.244s][info][gc,start    ] GC(50) Concurrent thread roots
[469.244s][info][gc,task     ] GC(50) Using 2 of 4 workers for Concurrent thread roots
[469.245s][info][gc          ] GC(50) Concurrent thread roots 0.729ms
[469.245s][info][gc,start    ] GC(50) Concurrent weak references
[469.245s][info][gc,task     ] GC(50) Using 2 of 4 workers for concurrent weak references
[469.245s][info][gc,ref      ] GC(50) Encountered references: Soft: 6089, Weak: 23295, Final: 34, Phantom: 763
[469.245s][info][gc,ref      ] GC(50) Discovered  references: Soft: 0, Weak: 1278, Final: 0, Phantom: 544
[469.245s][info][gc,ref      ] GC(50) Enqueued    references: Soft: 0, Weak: 0, Final: 0, Phantom: 0
[469.245s][info][gc          ] GC(50) Concurrent weak references 0.166ms
[469.245s][info][gc,start    ] GC(50) Concurrent weak roots
[469.245s][info][gc,task     ] GC(50) Using 2 of 4 workers for concurrent weak root
[469.248s][info][gc          ] GC(50) Concurrent weak roots 2.723ms
[469.248s][info][gc,start    ] GC(50) Concurrent cleanup
[469.248s][info][gc          ] GC(50) Concurrent cleanup 7226M->5806M(8192M) 0.035ms
[469.248s][info][gc,ergo     ] GC(50) Free: 1973M, Max: 4096K regular, 548M humongous, Frag: 73% external, 0% internal; Reserve: 411M, Max: 4096K
[469.248s][info][gc,start    ] GC(50) Concurrent class unloading
[469.248s][info][gc,task     ] GC(50) Using 2 of 4 workers for concurrent class unloading
[469.253s][info][gc          ] GC(50) Concurrent class unloading 4.781ms
[469.253s][info][gc,start    ] GC(50) Concurrent strong roots
[469.253s][info][gc,task     ] GC(50) Using 2 of 4 workers for concurrent strong root
[469.253s][info][gc          ] GC(50) Concurrent strong roots 0.344ms
[469.253s][info][gc,start    ] GC(50) Concurrent evacuation
[469.253s][info][gc,task     ] GC(50) Using 2 of 4 workers for concurrent evacuation
[469.309s][info][gc          ] GC(50) Concurrent evacuation 55.542ms
[469.309s][info][gc,start    ] GC(50) Pause Init Update Refs
[469.309s][info][gc,ergo     ] GC(50) Pacer for Update Refs. Used: 5978M, Free: 1921M, Non-Taxable: 192M, Alloc Tax Rate: 3.8x
[469.309s][info][gc          ] GC(50) Pause Init Update Refs 0.048ms
[469.309s][info][gc,start    ] GC(50) Concurrent update references
[469.309s][info][gc,task     ] GC(50) Using 2 of 4 workers for concurrent reference update
[469.485s][info][gc          ] GC(50) Concurrent update references 176.328ms
[469.485s][info][gc,start    ] GC(50) Concurrent update thread roots
[469.486s][info][gc          ] GC(50) Concurrent update thread roots 1.223ms
[469.486s][info][gc,start    ] GC(50) Pause Final Update Refs
[469.486s][info][gc,task     ] GC(50) Using 4 of 4 workers for final reference update
[469.486s][info][gc          ] GC(50) Pause Final Update Refs 0.092ms
[469.487s][info][gc,start    ] GC(50) Concurrent cleanup
[469.487s][info][gc          ] GC(50) Concurrent cleanup 6114M->1014M(8192M) 0.071ms
[469.487s][info][gc,ergo     ] Free: 6765M, Max: 4096K regular, 5356M humongous, Frag: 21% external, 0% internal; Reserve: 412M, Max: 4096K
[469.487s][info][gc,stats    ] 
[469.487s][info][gc,stats    ] All times are wall-clock times, except per-root-class counters, that are sum over
[469.487s][info][gc,stats    ] all workers. Dividing the <total> over the root stage time estimates parallelism.
[469.487s][info][gc,stats    ] 
[469.487s][info][gc,stats    ] Concurrent Reset                  17758 us
[469.487s][info][gc,stats    ] Pause Init Mark (G)                 217 us
[469.487s][info][gc,stats    ] Pause Init Mark (N)                 128 us
[469.487s][info][gc,stats    ]   Update Region States               41 us
[469.487s][info][gc,stats    ] Concurrent Mark Roots               940 us, parallelism: 1.62x
[469.487s][info][gc,stats    ]   CMR: <total>                     1519 us
[469.487s][info][gc,stats    ]   CMR: Thread Roots                1373 us, workers (us): 619, 754, ---, ---, 
[469.487s][info][gc,stats    ]   CMR: VM Strong Roots               16 us, workers (us):   8,   8, ---, ---, 
[469.487s][info][gc,stats    ]   CMR: CLDG Roots                   130 us, workers (us): 130, ---, ---, ---, 
[469.487s][info][gc,stats    ] Concurrent Marking               246237 us
[469.487s][info][gc,stats    ] Pause Final Mark (G)                343 us
[469.487s][info][gc,stats    ] Pause Final Mark (N)                315 us
[469.487s][info][gc,stats    ]   Finish Mark                        44 us
[469.487s][info][gc,stats    ]   Update Region States               44 us
[469.487s][info][gc,stats    ]   Choose Collection Set             149 us
[469.487s][info][gc,stats    ]   Rebuild Free Set                   10 us
[469.487s][info][gc,stats    ] Concurrent Thread Roots             750 us, parallelism: 1.83x
[469.487s][info][gc,stats    ]   CTR: <total>                     1370 us
[469.487s][info][gc,stats    ]   CTR: Thread Roots                1370 us, workers (us): 683, 687, ---, ---, 
[469.487s][info][gc,stats    ] Concurrent Weak References          177 us, parallelism: 0.68x
[469.487s][info][gc,stats    ]   CWRF: <total>                     121 us
[469.487s][info][gc,stats    ]   CWRF: Weak References             121 us, workers (us): 105,  16, ---, ---, 
[469.487s][info][gc,stats    ] Concurrent Weak Roots              2744 us
[469.487s][info][gc,stats    ]   Roots                            2636 us, parallelism: 1.92x
[469.487s][info][gc,stats    ]     CWR: <total>                   5063 us
[469.487s][info][gc,stats    ]     CWR: Code Cache Roots          3445 us, workers (us): 1767, 1678, ---, ---, 
[469.487s][info][gc,stats    ]     CWR: VM Weak Roots             1540 us, workers (us): 785, 756, ---, ---, 
[469.487s][info][gc,stats    ]     CWR: CLDG Roots                  77 us, workers (us): ---,  77, ---, ---, 
[469.487s][info][gc,stats    ]   Rendezvous                         66 us
[469.487s][info][gc,stats    ] Concurrent Cleanup                   48 us
[469.487s][info][gc,stats    ] Concurrent Class Unloading         4806 us
[469.487s][info][gc,stats    ]   Unlink Stale                     4443 us
[469.487s][info][gc,stats    ]     System Dictionary                58 us
[469.487s][info][gc,stats    ]     Weak Class Links                  0 us
[469.487s][info][gc,stats    ]     Code Roots                     4384 us
[469.487s][info][gc,stats    ]   Rendezvous                        172 us
[469.487s][info][gc,stats    ]   Purge Unlinked                    142 us
[469.487s][info][gc,stats    ]     Code Roots                      136 us
[469.487s][info][gc,stats    ]     CLDG                              6 us
[469.487s][info][gc,stats    ]     Exception Caches                  0 us
[469.487s][info][gc,stats    ] Concurrent Strong Roots             366 us, parallelism: 0.62x
[469.487s][info][gc,stats    ]   CSR: <total>                      226 us
[469.487s][info][gc,stats    ]   CSR: VM Strong Roots                8 us, workers (us):   4,   4, ---, ---, 
[469.487s][info][gc,stats    ]   CSR: CLDG Roots                   218 us, workers (us): ---, 218, ---, ---, 
[469.487s][info][gc,stats    ] Concurrent Evacuation             55595 us
[469.487s][info][gc,stats    ] Pause Init Update Refs (G)           82 us
[469.487s][info][gc,stats    ] Pause Init Update Refs (N)           59 us
[469.487s][info][gc,stats    ]   Manage GCLABs                       6 us
[469.487s][info][gc,stats    ] Concurrent Update Refs           176364 us
[469.487s][info][gc,stats    ] Concurrent Update Thread Roots     1242 us
[469.487s][info][gc,stats    ] Pause Final Update Refs (G)         181 us
[469.487s][info][gc,stats    ] Pause Final Update Refs (N)         119 us
[469.487s][info][gc,stats    ]   Update Region States               27 us
[469.487s][info][gc,stats    ]   Trash Collection Set               14 us
[469.487s][info][gc,stats    ]   Rebuild Free Set                   11 us
[469.487s][info][gc,stats    ] Concurrent Cleanup                   85 us
[469.487s][info][gc,stats    ] 
[469.487s][info][gc,stats    ] Allocation pacing accrued:
[469.487s][info][gc,stats    ]       0 of  8362 ms (  0.0%): <total>
[469.487s][info][gc,stats    ]       0 of  8362 ms (  0.0%): <average total>
[469.487s][info][gc,stats    ] 
[469.487s][info][gc,metaspace] Metaspace: 134357K(135744K)->134357K(135744K) NonClass: 113467K(114240K)->113467K(114240K) Class: 20890K(21504K)->20890K(21504K)
[469.487s][info][gc,ergo     ] Pacer for Idle. Initial: 163M, Alloc Tax Rate: 1.0x
[479.605s][info][gc          ] Trigger: Free (817M) is below minimum threshold (819M)
[479.605s][info][gc,ergo     ] Free: 817M, Max: 4096K regular, 504M humongous, Frag: 38% external, 0% internal; Reserve: 412M, Max: 4096K
[479.605s][info][gc,start    ] GC(51) Concurrent reset
[479.605s][info][gc,task     ] GC(51) Using 2 of 4 workers for concurrent reset
[479.605s][info][gc,ergo     ] GC(51) Pacer for Reset. Non-Taxable: 8192M
[479.619s][info][gc          ] GC(51) Concurrent reset 14.200ms
[479.619s][info][gc,start    ] GC(51) Pause Init Mark (unload classes)
[479.619s][info][gc,task     ] GC(51) Using 4 of 4 workers for init marking
[479.619s][info][gc,ergo     ] GC(51) Pacer for Mark. Expected Live: 489M, Free: 813M, Non-Taxable: 83321K, Alloc Tax Rate: 0.7x
[479.619s][info][gc          ] GC(51) Pause Init Mark (unload classes) 0.116ms
[479.619s][info][gc,start    ] GC(51) Concurrent marking roots
[479.619s][info][gc,task     ] GC(51) Using 2 of 4 workers for concurrent marking roots
[479.620s][info][gc          ] GC(51) Concurrent marking roots 0.986ms
[479.620s][info][gc,start    ] GC(51) Concurrent marking (unload classes)
[479.620s][info][gc,task     ] GC(51) Using 2 of 4 workers for concurrent marking
[479.849s][info][gc          ] GC(51) Concurrent marking (unload classes) 228.607ms
[479.849s][info][gc,start    ] GC(51) Pause Final Mark (unload classes)
[479.849s][info][gc,task     ] GC(51) Using 4 of 4 workers for final marking
[479.849s][info][gc,ergo     ] GC(51) Adaptive CSet Selection. Target Free: 1160M, Actual Free: 2792M, Max CSet: 341M, Min Garbage: 0B
[479.849s][info][gc,ergo     ] GC(51) Collectable Garbage: 6461M (99%), Immediate: 1720M (26%), CSet: 4741M (72%)
[479.849s][info][gc,ergo     ] GC(51) Pacer for Evacuation. Used CSet: 4803M, Free: 2389M, Non-Taxable: 238M, Alloc Tax Rate: 4.9x
[479.849s][info][gc          ] GC(51) Pause Final Mark (unload classes) 0.298ms
[479.849s][info][gc,start    ] GC(51) Concurrent thread roots
[479.849s][info][gc,task     ] GC(51) Using 2 of 4 workers for Concurrent thread roots
[479.850s][info][gc          ] GC(51) Concurrent thread roots 0.746ms
[479.850s][info][gc,start    ] GC(51) Concurrent weak references
[479.850s][info][gc,task     ] GC(51) Using 2 of 4 workers for concurrent weak references
[479.850s][info][gc,ref      ] GC(51) Encountered references: Soft: 6089, Weak: 23297, Final: 34, Phantom: 766
[479.850s][info][gc,ref      ] GC(51) Discovered  references: Soft: 0, Weak: 2906, Final: 0, Phantom: 545
[479.850s][info][gc,ref      ] GC(51) Enqueued    references: Soft: 0, Weak: 2, Final: 0, Phantom: 0
[479.850s][info][gc          ] GC(51) Concurrent weak references 0.172ms
[479.850s][info][gc,start    ] GC(51) Concurrent weak roots
[479.850s][info][gc,task     ] GC(51) Using 2 of 4 workers for concurrent weak root
[479.853s][info][gc          ] GC(51) Concurrent weak roots 2.427ms
[479.853s][info][gc,start    ] GC(51) Concurrent cleanup
[479.853s][info][gc          ] GC(51) Concurrent cleanup 7120M->5400M(8192M) 0.035ms
[479.853s][info][gc,ergo     ] GC(51) Free: 2379M, Max: 4096K regular, 512M humongous, Frag: 79% external, 0% internal; Reserve: 411M, Max: 4096K
[479.853s][info][gc,start    ] GC(51) Concurrent class unloading
[479.853s][info][gc,task     ] GC(51) Using 2 of 4 workers for concurrent class unloading
[479.857s][info][gc          ] GC(51) Concurrent class unloading 4.553ms
[479.857s][info][gc,start    ] GC(51) Concurrent strong roots
[479.857s][info][gc,task     ] GC(51) Using 2 of 4 workers for concurrent strong root
[479.858s][info][gc          ] GC(51) Concurrent strong roots 0.271ms
[479.858s][info][gc,start    ] GC(51) Concurrent evacuation
[479.858s][info][gc,task     ] GC(51) Using 2 of 4 workers for concurrent evacuation
[479.892s][info][gc          ] GC(51) Concurrent evacuation 34.202ms
[479.892s][info][gc,start    ] GC(51) Pause Init Update Refs
[479.892s][info][gc,ergo     ] GC(51) Pacer for Update Refs. Used: 5492M, Free: 2351M, Non-Taxable: 235M, Alloc Tax Rate: 2.9x
[479.892s][info][gc          ] GC(51) Pause Init Update Refs 0.045ms
[479.892s][info][gc,start    ] GC(51) Concurrent update references
[479.892s][info][gc,task     ] GC(51) Using 2 of 4 workers for concurrent reference update
[480.030s][info][gc          ] GC(51) Concurrent update references 138.286ms
[480.030s][info][gc,start    ] GC(51) Concurrent update thread roots
[480.032s][info][gc          ] GC(51) Concurrent update thread roots 1.441ms
[480.032s][info][gc,start    ] GC(51) Pause Final Update Refs
[480.032s][info][gc,task     ] GC(51) Using 4 of 4 workers for final reference update
[480.032s][info][gc          ] GC(51) Pause Final Update Refs 0.132ms
[480.032s][info][gc,start    ] GC(51) Concurrent cleanup
[480.032s][info][gc          ] GC(51) Concurrent cleanup 5552M->748M(8192M) 0.060ms
[480.032s][info][gc,ergo     ] Free: 7031M, Max: 4096K regular, 5636M humongous, Frag: 20% external, 0% internal; Reserve: 412M, Max: 4096K
[480.032s][info][gc,stats    ] 
[480.032s][info][gc,stats    ] All times are wall-clock times, except per-root-class counters, that are sum over
[480.032s][info][gc,stats    ] all workers. Dividing the <total> over the root stage time estimates parallelism.
[480.032s][info][gc,stats    ] 
[480.032s][info][gc,stats    ] Concurrent Reset                  14265 us
[480.032s][info][gc,stats    ] Pause Init Mark (G)                 194 us
[480.032s][info][gc,stats    ] Pause Init Mark (N)                 127 us
[480.032s][info][gc,stats    ]   Update Region States               53 us
[480.032s][info][gc,stats    ] Concurrent Mark Roots              1008 us, parallelism: 1.65x
[480.032s][info][gc,stats    ]   CMR: <total>                     1663 us
[480.032s][info][gc,stats    ]   CMR: Thread Roots                1521 us, workers (us): 694, 827, ---, ---, 
[480.032s][info][gc,stats    ]   CMR: VM Strong Roots               13 us, workers (us):   6,   7, ---, ---, 
[480.032s][info][gc,stats    ]   CMR: CLDG Roots                   130 us, workers (us): 130, ---, ---, ---, 
[480.032s][info][gc,stats    ] Concurrent Marking               228653 us
[480.032s][info][gc,stats    ] Pause Final Mark (G)                330 us
[480.032s][info][gc,stats    ] Pause Final Mark (N)                309 us
[480.032s][info][gc,stats    ]   Finish Mark                        45 us
[480.032s][info][gc,stats    ]   Update Region States               16 us
[480.032s][info][gc,stats    ]   Choose Collection Set             149 us
[480.032s][info][gc,stats    ]   Rebuild Free Set                   30 us
[480.032s][info][gc,stats    ] Concurrent Thread Roots             769 us, parallelism: 1.80x
[480.032s][info][gc,stats    ]   CTR: <total>                     1389 us
[480.032s][info][gc,stats    ]   CTR: Thread Roots                1389 us, workers (us): 690, 699, ---, ---, 
[480.032s][info][gc,stats    ] Concurrent Weak References          184 us, parallelism: 0.95x
[480.032s][info][gc,stats    ]   CWRF: <total>                     176 us
[480.032s][info][gc,stats    ]   CWRF: Weak References             176 us, workers (us):  96,  80, ---, ---, 
[480.032s][info][gc,stats    ] Concurrent Weak Roots              2444 us
[480.032s][info][gc,stats    ]   Roots                            2381 us, parallelism: 1.92x
[480.032s][info][gc,stats    ]     CWR: <total>                   4579 us
[480.032s][info][gc,stats    ]     CWR: Code Cache Roots          3075 us, workers (us): 1573, 1502, ---, ---, 
[480.032s][info][gc,stats    ]     CWR: VM Weak Roots             1446 us, workers (us): 723, 723, ---, ---, 
[480.032s][info][gc,stats    ]     CWR: CLDG Roots                  57 us, workers (us): ---,  57, ---, ---, 
[480.032s][info][gc,stats    ]   Rendezvous                         24 us
[480.032s][info][gc,stats    ] Concurrent Cleanup                   47 us
[480.032s][info][gc,stats    ] Concurrent Class Unloading         4573 us
[480.033s][info][gc,stats    ]   Unlink Stale                     4221 us
[480.033s][info][gc,stats    ]     System Dictionary                38 us
[480.033s][info][gc,stats    ]     Weak Class Links                  0 us
[480.033s][info][gc,stats    ]     Code Roots                     4182 us
[480.033s][info][gc,stats    ]   Rendezvous                        114 us
[480.033s][info][gc,stats    ]   Purge Unlinked                    196 us
[480.033s][info][gc,stats    ]     Code Roots                      189 us
[480.033s][info][gc,stats    ]     CLDG                              7 us
[480.033s][info][gc,stats    ] Concurrent Strong Roots             284 us, parallelism: 0.72x
[480.033s][info][gc,stats    ]   CSR: <total>                      204 us
[480.033s][info][gc,stats    ]   CSR: VM Strong Roots                8 us, workers (us):   4,   4, ---, ---, 
[480.033s][info][gc,stats    ]   CSR: CLDG Roots                   196 us, workers (us): 196, ---, ---, ---, 
[480.033s][info][gc,stats    ] Concurrent Evacuation             34261 us
[480.033s][info][gc,stats    ] Pause Init Update Refs (G)           94 us
[480.033s][info][gc,stats    ] Pause Init Update Refs (N)           56 us
[480.033s][info][gc,stats    ]   Manage GCLABs                       5 us
[480.033s][info][gc,stats    ] Concurrent Update Refs           138324 us
[480.033s][info][gc,stats    ] Concurrent Update Thread Roots     1463 us
[480.033s][info][gc,stats    ] Pause Final Update Refs (G)         217 us
[480.033s][info][gc,stats    ] Pause Final Update Refs (N)         154 us
[480.033s][info][gc,stats    ]   Update Region States               68 us
[480.033s][info][gc,stats    ]   Trash Collection Set               15 us
[480.033s][info][gc,stats    ]   Rebuild Free Set                   11 us
[480.033s][info][gc,stats    ] Concurrent Cleanup                   73 us
[480.033s][info][gc,stats    ] 
[480.033s][info][gc,stats    ] Allocation pacing accrued:
[480.033s][info][gc,stats    ]       0 of 10545 ms (  0.0%): <total>
[480.033s][info][gc,stats    ]       0 of 10545 ms (  0.0%): <average total>
[480.033s][info][gc,stats    ] 
[480.033s][info][gc,metaspace] Metaspace: 134363K(135744K)->134363K(135744K) NonClass: 113473K(114240K)->113473K(114240K) Class: 20890K(21504K)->20890K(21504K)
[480.033s][info][gc,ergo     ] Pacer for Idle. Initial: 163M, Alloc Tax Rate: 1.0x
[488.679s][info][gc          ] Trigger: Average GC time (523.54 ms) is above the time for average allocation rate (1047 MB/s) to deplete free headroom (532M) (margin of error = 1.83)
[488.679s][info][gc,ergo     ] Free headroom: 941M (free) - 409M (spike) - 0B (penalties) = 532M
[488.679s][info][gc,ergo     ] Free: 941M, Max: 4096K regular, 932M humongous, Frag: 0% external, 0% internal; Reserve: 412M, Max: 4096K
[488.679s][info][gc,start    ] GC(52) Concurrent reset
[488.679s][info][gc,task     ] GC(52) Using 2 of 4 workers for concurrent reset
[488.679s][info][gc,ergo     ] GC(52) Pacer for Reset. Non-Taxable: 8192M
[488.691s][info][gc          ] GC(52) Concurrent reset 11.792ms
[488.691s][info][gc,start    ] GC(52) Pause Init Mark (unload classes)
[488.691s][info][gc,task     ] GC(52) Using 4 of 4 workers for init marking
[488.691s][info][gc,ergo     ] GC(52) Pacer for Mark. Expected Live: 489M, Free: 937M, Non-Taxable: 96019K, Alloc Tax Rate: 0.6x
[488.691s][info][gc          ] GC(52) Pause Init Mark (unload classes) 0.113ms
[488.691s][info][gc,start    ] GC(52) Concurrent marking roots
[488.692s][info][gc,task     ] GC(52) Using 2 of 4 workers for concurrent marking roots
[488.692s][info][gc          ] GC(52) Concurrent marking roots 0.991ms
[488.692s][info][gc,start    ] GC(52) Concurrent marking (unload classes)
[488.693s][info][gc,task     ] GC(52) Using 2 of 4 workers for concurrent marking
[488.931s][info][gc          ] GC(52) Concurrent marking (unload classes) 238.805ms
[488.931s][info][gc,start    ] GC(52) Pause Final Mark (unload classes)
[488.931s][info][gc,task     ] GC(52) Using 4 of 4 workers for final marking
[488.931s][info][gc,ergo     ] GC(52) Adaptive CSet Selection. Target Free: 1160M, Actual Free: 2504M, Max CSet: 341M, Min Garbage: 0B
[488.932s][info][gc,ergo     ] GC(52) Collectable Garbage: 6307M (99%), Immediate: 1324M (20%), CSet: 4983M (78%)
[488.932s][info][gc,ergo     ] GC(52) Pacer for Evacuation. Used CSet: 5076M, Free: 2097M, Non-Taxable: 209M, Alloc Tax Rate: 5.9x
[488.932s][info][gc          ] GC(52) Pause Final Mark (unload classes) 0.240ms
[488.932s][info][gc,start    ] GC(52) Concurrent thread roots
[488.932s][info][gc,task     ] GC(52) Using 2 of 4 workers for Concurrent thread roots
[488.932s][info][gc          ] GC(52) Concurrent thread roots 0.801ms
[488.932s][info][gc,start    ] GC(52) Concurrent weak references
[488.932s][info][gc,task     ] GC(52) Using 2 of 4 workers for concurrent weak references
[488.933s][info][gc,ref      ] GC(52) Encountered references: Soft: 6089, Weak: 23305, Final: 34, Phantom: 772
[488.933s][info][gc,ref      ] GC(52) Discovered  references: Soft: 0, Weak: 1782, Final: 0, Phantom: 556
[488.933s][info][gc,ref      ] GC(52) Enqueued    references: Soft: 0, Weak: 6, Final: 0, Phantom: 0
[488.933s][info][gc          ] GC(52) Concurrent weak references 0.134ms
[488.933s][info][gc,start    ] GC(52) Concurrent weak roots
[488.933s][info][gc,task     ] GC(52) Using 2 of 4 workers for concurrent weak root
[488.935s][info][gc          ] GC(52) Concurrent weak roots 2.348ms
[488.935s][info][gc,start    ] GC(52) Concurrent cleanup
[488.935s][info][gc          ] GC(52) Concurrent cleanup 7015M->5691M(8192M) 0.032ms
[488.935s][info][gc,ergo     ] GC(52) Free: 2089M, Max: 4096K regular, 756M humongous, Frag: 64% external, 0% internal; Reserve: 411M, Max: 4096K
[488.935s][info][gc,start    ] GC(52) Concurrent class unloading
[488.935s][info][gc,task     ] GC(52) Using 2 of 4 workers for concurrent class unloading
[488.940s][info][gc          ] GC(52) Concurrent class unloading 4.608ms
[488.940s][info][gc,start    ] GC(52) Concurrent strong roots
[488.940s][info][gc,task     ] GC(52) Using 2 of 4 workers for concurrent strong root
[488.940s][info][gc          ] GC(52) Concurrent strong roots 0.361ms
[488.940s][info][gc,start    ] GC(52) Concurrent evacuation
[488.940s][info][gc,task     ] GC(52) Using 2 of 4 workers for concurrent evacuation
[488.986s][info][gc          ] GC(52) Concurrent evacuation 45.633ms
[488.986s][info][gc,start    ] GC(52) Pause Init Update Refs
[488.986s][info][gc,ergo     ] GC(52) Pacer for Update Refs. Used: 5810M, Free: 2069M, Non-Taxable: 206M, Alloc Tax Rate: 3.4x
[488.986s][info][gc          ] GC(52) Pause Init Update Refs 0.044ms
[488.986s][info][gc,start    ] GC(52) Concurrent update references
[488.986s][info][gc,task     ] GC(52) Using 2 of 4 workers for concurrent reference update
[489.135s][info][gc          ] GC(52) Concurrent update references 149.416ms
[489.135s][info][gc,start    ] GC(52) Concurrent update thread roots
[489.137s][info][gc          ] GC(52) Concurrent update thread roots 1.380ms
[489.137s][info][gc,start    ] GC(52) Pause Final Update Refs
[489.137s][info][gc,task     ] GC(52) Using 4 of 4 workers for final reference update
[489.137s][info][gc          ] GC(52) Pause Final Update Refs 0.103ms
[489.137s][info][gc,start    ] GC(52) Concurrent cleanup
[489.137s][info][gc          ] GC(52) Concurrent cleanup 5900M->824M(8192M) 0.071ms
[489.137s][info][gc,ergo     ] Free: 6955M, Max: 4096K regular, 5832M humongous, Frag: 17% external, 0% internal; Reserve: 412M, Max: 4096K
[489.137s][info][gc,stats    ] 
[489.137s][info][gc,stats    ] All times are wall-clock times, except per-root-class counters, that are sum over
[489.137s][info][gc,stats    ] all workers. Dividing the <total> over the root stage time estimates parallelism.
[489.137s][info][gc,stats    ] 
[489.137s][info][gc,stats    ] Concurrent Reset                  11891 us
[489.137s][info][gc,stats    ] Pause Init Mark (G)                 212 us
[489.137s][info][gc,stats    ] Pause Init Mark (N)                 125 us
[489.137s][info][gc,stats    ]   Update Region States               39 us
[489.137s][info][gc,stats    ] Concurrent Mark Roots              1013 us, parallelism: 1.65x
[489.137s][info][gc,stats    ]   CMR: <total>                     1667 us
[489.137s][info][gc,stats    ]   CMR: Thread Roots                1530 us, workers (us): 704, 826, ---, ---, 
[489.137s][info][gc,stats    ]   CMR: VM Strong Roots               14 us, workers (us):  14,   0, ---, ---, 
[489.137s][info][gc,stats    ]   CMR: CLDG Roots                   122 us, workers (us): 122, ---, ---, ---, 
[489.137s][info][gc,stats    ] Concurrent Marking               238860 us
[489.137s][info][gc,stats    ] Pause Final Mark (G)                278 us
[489.137s][info][gc,stats    ] Pause Final Mark (N)                251 us
[489.137s][info][gc,stats    ]   Finish Mark                        18 us
[489.137s][info][gc,stats    ]   Update Region States               15 us
[489.137s][info][gc,stats    ]   Choose Collection Set             138 us
[489.137s][info][gc,stats    ]   Rebuild Free Set                    9 us
[489.137s][info][gc,stats    ] Concurrent Thread Roots             818 us, parallelism: 1.85x
[489.137s][info][gc,stats    ]   CTR: <total>                     1511 us
[489.137s][info][gc,stats    ]   CTR: Thread Roots                1511 us, workers (us): 756, 754, ---, ---, 
[489.137s][info][gc,stats    ] Concurrent Weak References          145 us, parallelism: 0.56x
[489.137s][info][gc,stats    ]   CWRF: <total>                      82 us
[489.137s][info][gc,stats    ]   CWRF: Weak References              82 us, workers (us):  72,  10, ---, ---, 
[489.137s][info][gc,stats    ] Concurrent Weak Roots              2365 us
[489.137s][info][gc,stats    ]   Roots                            2277 us, parallelism: 1.92x
[489.137s][info][gc,stats    ]     CWR: <total>                   4377 us
[489.137s][info][gc,stats    ]     CWR: Code Cache Roots          2860 us, workers (us): 1392, 1469, ---, ---, 
[489.137s][info][gc,stats    ]     CWR: VM Weak Roots             1453 us, workers (us): 726, 726, ---, ---, 
[489.137s][info][gc,stats    ]     CWR: CLDG Roots                  64 us, workers (us):  64, ---, ---, ---, 
[489.137s][info][gc,stats    ]   Rendezvous                         50 us
[489.137s][info][gc,stats    ] Concurrent Cleanup                   45 us
[489.137s][info][gc,stats    ] Concurrent Class Unloading         4645 us
[489.137s][info][gc,stats    ]   Unlink Stale                     4206 us
[489.137s][info][gc,stats    ]     System Dictionary                56 us
[489.137s][info][gc,stats    ]     Weak Class Links                  0 us
[489.137s][info][gc,stats    ]     Code Roots                     4149 us
[489.137s][info][gc,stats    ]   Rendezvous                        131 us
[489.137s][info][gc,stats    ]   Purge Unlinked                    247 us
[489.137s][info][gc,stats    ]     Code Roots                      241 us
[489.137s][info][gc,stats    ]     CLDG                              6 us
[489.137s][info][gc,stats    ]     Exception Caches                  0 us
[489.137s][info][gc,stats    ] Concurrent Strong Roots             375 us, parallelism: 0.70x
[489.137s][info][gc,stats    ]   CSR: <total>                      264 us
[489.137s][info][gc,stats    ]   CSR: VM Strong Roots                9 us, workers (us):   9,   0, ---, ---, 
[489.138s][info][gc,stats    ]   CSR: CLDG Roots                   255 us, workers (us): 255, ---, ---, ---, 
[489.138s][info][gc,stats    ] Concurrent Evacuation             45671 us
[489.138s][info][gc,stats    ] Pause Init Update Refs (G)           94 us
[489.138s][info][gc,stats    ] Pause Init Update Refs (N)           55 us
[489.138s][info][gc,stats    ]   Manage GCLABs                       5 us
[489.138s][info][gc,stats    ] Concurrent Update Refs           149449 us
[489.138s][info][gc,stats    ] Concurrent Update Thread Roots     1403 us
[489.138s][info][gc,stats    ] Pause Final Update Refs (G)         219 us
[489.138s][info][gc,stats    ] Pause Final Update Refs (N)         128 us
[489.138s][info][gc,stats    ]   Update Region States               44 us
[489.138s][info][gc,stats    ]   Trash Collection Set               12 us
[489.138s][info][gc,stats    ]   Rebuild Free Set                   10 us
[489.138s][info][gc,stats    ] Concurrent Cleanup                   86 us
[489.138s][info][gc,stats    ] 
[489.138s][info][gc,stats    ] Allocation pacing accrued:
[489.138s][info][gc,stats    ]       0 of  9105 ms (  0.0%): <total>
[489.138s][info][gc,stats    ]       0 of  9105 ms (  0.0%): <average total>
[489.138s][info][gc,stats    ] 
[489.138s][info][gc,metaspace] Metaspace: 134368K(135744K)->134368K(135744K) NonClass: 113478K(114240K)->113478K(114240K) Class: 20890K(21504K)->20890K(21504K)
[489.138s][info][gc,ergo     ] Pacer for Idle. Initial: 163M, Alloc Tax Rate: 1.0x
[496.087s][info][gc          ] Trigger: Free (817M) is below minimum threshold (819M)
[496.087s][info][gc,ergo     ] Free: 817M, Max: 4096K regular, 720M humongous, Frag: 11% external, 0% internal; Reserve: 412M, Max: 4096K
[496.087s][info][gc,start    ] GC(53) Concurrent reset
[496.087s][info][gc,task     ] GC(53) Using 2 of 4 workers for concurrent reset
[496.087s][info][gc,ergo     ] GC(53) Pacer for Reset. Non-Taxable: 8192M
[496.103s][info][gc          ] GC(53) Concurrent reset 16.115ms
[496.103s][info][gc,start    ] GC(53) Pause Init Mark (unload classes)
[496.103s][info][gc,task     ] GC(53) Using 4 of 4 workers for init marking
[496.103s][info][gc,ergo     ] GC(53) Pacer for Mark. Expected Live: 486M, Free: 813M, Non-Taxable: 83285K, Alloc Tax Rate: 0.7x
[496.103s][info][gc          ] GC(53) Pause Init Mark (unload classes) 0.115ms
[496.103s][info][gc,start    ] GC(53) Concurrent marking roots
[496.103s][info][gc,task     ] GC(53) Using 2 of 4 workers for concurrent marking roots
[496.104s][info][gc          ] GC(53) Concurrent marking roots 1.062ms
[496.104s][info][gc,start    ] GC(53) Concurrent marking (unload classes)
[496.104s][info][gc,task     ] GC(53) Using 2 of 4 workers for concurrent marking
[496.335s][info][gc          ] GC(53) Concurrent marking (unload classes) 230.469ms
[496.335s][info][gc,start    ] GC(53) Pause Final Mark (unload classes)
[496.335s][info][gc,task     ] GC(53) Using 4 of 4 workers for final marking
[496.335s][info][gc,ergo     ] GC(53) Adaptive CSet Selection. Target Free: 1160M, Actual Free: 4460M, Max CSet: 341M, Min Garbage: 0B
[496.335s][info][gc,ergo     ] GC(53) Collectable Garbage: 6455M (99%), Immediate: 3392M (52%), CSet: 3063M (47%)
[496.335s][info][gc,ergo     ] GC(53) Pacer for Evacuation. Used CSet: 3132M, Free: 4053M, Non-Taxable: 405M, Alloc Tax Rate: 1.9x
[496.335s][info][gc          ] GC(53) Pause Final Mark (unload classes) 0.224ms
[496.335s][info][gc,start    ] GC(53) Concurrent thread roots
[496.335s][info][gc,task     ] GC(53) Using 2 of 4 workers for Concurrent thread roots
[496.336s][info][gc          ] GC(53) Concurrent thread roots 0.806ms
[496.336s][info][gc,start    ] GC(53) Concurrent weak references
[496.336s][info][gc,task     ] GC(53) Using 2 of 4 workers for concurrent weak references
[496.336s][info][gc,ref      ] GC(53) Encountered references: Soft: 6089, Weak: 23300, Final: 34, Phantom: 772
[496.336s][info][gc,ref      ] GC(53) Discovered  references: Soft: 0, Weak: 2255, Final: 0, Phantom: 556
[496.336s][info][gc,ref      ] GC(53) Enqueued    references: Soft: 0, Weak: 0, Final: 0, Phantom: 0
[496.336s][info][gc          ] GC(53) Concurrent weak references 0.184ms
[496.336s][info][gc,start    ] GC(53) Concurrent weak roots
[496.336s][info][gc,task     ] GC(53) Using 2 of 4 workers for concurrent weak root
[496.339s][info][gc          ] GC(53) Concurrent weak roots 2.665ms
[496.339s][info][gc,start    ] GC(53) Concurrent cleanup
[496.339s][info][gc          ] GC(53) Concurrent cleanup 7129M->3737M(8192M) 0.052ms
[496.339s][info][gc,ergo     ] GC(53) Free: 4044M, Max: 4096K regular, 644M humongous, Frag: 85% external, 0% internal; Reserve: 410M, Max: 4096K
[496.339s][info][gc,start    ] GC(53) Concurrent class unloading
[496.339s][info][gc,task     ] GC(53) Using 2 of 4 workers for concurrent class unloading
[496.343s][info][gc          ] GC(53) Concurrent class unloading 4.439ms
[496.343s][info][gc,start    ] GC(53) Concurrent strong roots
[496.343s][info][gc,task     ] GC(53) Using 2 of 4 workers for concurrent strong root
[496.344s][info][gc          ] GC(53) Concurrent strong roots 0.275ms
[496.344s][info][gc,start    ] GC(53) Concurrent evacuation
[496.344s][info][gc,task     ] GC(53) Using 2 of 4 workers for concurrent evacuation
[496.375s][info][gc          ] GC(53) Concurrent evacuation 31.716ms
[496.376s][info][gc,start    ] GC(53) Pause Init Update Refs
[496.376s][info][gc,ergo     ] GC(53) Pacer for Update Refs. Used: 3819M, Free: 4032M, Non-Taxable: 403M, Alloc Tax Rate: 1.2x
[496.376s][info][gc          ] GC(53) Pause Init Update Refs 0.043ms
[496.376s][info][gc,start    ] GC(53) Concurrent update references
[496.376s][info][gc,task     ] GC(53) Using 2 of 4 workers for concurrent reference update
[496.519s][info][gc          ] GC(53) Concurrent update references 143.042ms
[496.519s][info][gc,start    ] GC(53) Concurrent update thread roots
[496.520s][info][gc          ] GC(53) Concurrent update thread roots 1.249ms
[496.520s][info][gc,start    ] GC(53) Pause Final Update Refs
[496.520s][info][gc,task     ] GC(53) Using 4 of 4 workers for final reference update
[496.520s][info][gc          ] GC(53) Pause Final Update Refs 0.088ms
[496.520s][info][gc,start    ] GC(53) Concurrent cleanup
[496.520s][info][gc          ] GC(53) Concurrent cleanup 3943M->811M(8192M) 0.049ms
[496.520s][info][gc,ergo     ] Free: 6968M, Max: 4096K regular, 5748M humongous, Frag: 18% external, 0% internal; Reserve: 412M, Max: 4096K
[496.520s][info][gc,stats    ] 
[496.520s][info][gc,stats    ] All times are wall-clock times, except per-root-class counters, that are sum over
[496.520s][info][gc,stats    ] all workers. Dividing the <total> over the root stage time estimates parallelism.
[496.520s][info][gc,stats    ] 
[496.520s][info][gc,stats    ] Concurrent Reset                  16257 us
[496.520s][info][gc,stats    ] Pause Init Mark (G)                 248 us
[496.520s][info][gc,stats    ] Pause Init Mark (N)                 127 us
[496.520s][info][gc,stats    ]   Update Region States               31 us
[496.520s][info][gc,stats    ] Concurrent Mark Roots              1079 us, parallelism: 1.48x
[496.520s][info][gc,stats    ]   CMR: <total>                     1602 us
[496.520s][info][gc,stats    ]   CMR: Thread Roots                1428 us, workers (us): 638, 790, ---, ---, 
[496.520s][info][gc,stats    ]   CMR: VM Strong Roots               18 us, workers (us):  16,   2, ---, ---, 
[496.520s][info][gc,stats    ]   CMR: CLDG Roots                   156 us, workers (us): 156, ---, ---, ---, 
[496.520s][info][gc,stats    ] Concurrent Marking               230509 us
[496.520s][info][gc,stats    ] Pause Final Mark (G)                263 us
[496.520s][info][gc,stats    ] Pause Final Mark (N)                235 us
[496.520s][info][gc,stats    ]   Finish Mark                        20 us
[496.520s][info][gc,stats    ]   Update Region States               21 us
[496.520s][info][gc,stats    ]   Choose Collection Set             114 us
[496.520s][info][gc,stats    ]   Rebuild Free Set                   11 us
[496.520s][info][gc,stats    ] Concurrent Thread Roots             827 us, parallelism: 1.81x
[496.520s][info][gc,stats    ]   CTR: <total>                     1497 us
[496.520s][info][gc,stats    ]   CTR: Thread Roots                1497 us, workers (us): 764, 734, ---, ---, 
[496.520s][info][gc,stats    ] Concurrent Weak References          194 us, parallelism: 0.69x
[496.520s][info][gc,stats    ]   CWRF: <total>                     134 us
[496.520s][info][gc,stats    ]   CWRF: Weak References             134 us, workers (us):  42,  91, ---, ---, 
[496.520s][info][gc,stats    ] Concurrent Weak Roots              2690 us
[496.521s][info][gc,stats    ]   Roots                            2583 us, parallelism: 1.92x
[496.521s][info][gc,stats    ]     CWR: <total>                   4967 us
[496.521s][info][gc,stats    ]     CWR: Code Cache Roots          3413 us, workers (us): 1736, 1677, ---, ---, 
[496.521s][info][gc,stats    ]     CWR: VM Weak Roots             1498 us, workers (us): 763, 735, ---, ---, 
[496.521s][info][gc,stats    ]     CWR: CLDG Roots                  56 us, workers (us): ---,  56, ---, ---, 
[496.521s][info][gc,stats    ]   Rendezvous                         61 us
[496.521s][info][gc,stats    ] Concurrent Cleanup                   66 us
[496.521s][info][gc,stats    ] Concurrent Class Unloading         4462 us
[496.521s][info][gc,stats    ]   Unlink Stale                     4188 us
[496.521s][info][gc,stats    ]     System Dictionary                52 us
[496.521s][info][gc,stats    ]     Weak Class Links                  0 us
[496.521s][info][gc,stats    ]     Code Roots                     4134 us
[496.521s][info][gc,stats    ]   Rendezvous                        115 us
[496.521s][info][gc,stats    ]   Purge Unlinked                    110 us
[496.521s][info][gc,stats    ]     Code Roots                      105 us
[496.521s][info][gc,stats    ]     CLDG                              5 us
[496.521s][info][gc,stats    ]     Exception Caches                  0 us
[496.521s][info][gc,stats    ] Concurrent Strong Roots             296 us, parallelism: 0.69x
[496.521s][info][gc,stats    ]   CSR: <total>                      205 us
[496.521s][info][gc,stats    ]   CSR: VM Strong Roots                8 us, workers (us):   4,   4, ---, ---, 
[496.521s][info][gc,stats    ]   CSR: CLDG Roots                   197 us, workers (us): 197, ---, ---, ---, 
[496.521s][info][gc,stats    ] Concurrent Evacuation             31761 us
[496.521s][info][gc,stats    ] Pause Init Update Refs (G)          120 us
[496.521s][info][gc,stats    ] Pause Init Update Refs (N)           55 us
[496.521s][info][gc,stats    ]   Manage GCLABs                       5 us
[496.521s][info][gc,stats    ] Concurrent Update Refs           143088 us
[496.521s][info][gc,stats    ] Concurrent Update Thread Roots     1275 us
[496.521s][info][gc,stats    ] Pause Final Update Refs (G)         161 us
[496.521s][info][gc,stats    ] Pause Final Update Refs (N)         112 us
[496.521s][info][gc,stats    ]   Update Region States               30 us
[496.521s][info][gc,stats    ]   Trash Collection Set                8 us
[496.521s][info][gc,stats    ]   Rebuild Free Set                   12 us
[496.521s][info][gc,stats    ] Concurrent Cleanup                   63 us
[496.521s][info][gc,stats    ] 
[496.521s][info][gc,stats    ] Allocation pacing accrued:
[496.521s][info][gc,stats    ]       0 of  7383 ms (  0.0%): <total>
[496.521s][info][gc,stats    ]       0 of  7383 ms (  0.0%): <average total>
[496.521s][info][gc,stats    ] 
[496.521s][info][gc,metaspace] Metaspace: 134392K(135744K)->134392K(135744K) NonClass: 113502K(114240K)->113502K(114240K) Class: 20890K(21504K)->20890K(21504K)
[496.521s][info][gc,ergo     ] Pacer for Idle. Initial: 163M, Alloc Tax Rate: 1.0x
[507.279s][info][gc          ] Trigger: Average GC time (485.23 ms) is above the time for instantaneous allocation rate (993 MB/s) to deplete free headroom (458M) (spike threshold = 1.77)
[507.279s][info][gc,ergo     ] Free: 868M, Max: 4096K regular, 668M humongous, Frag: 22% external, 0% internal; Reserve: 412M, Max: 4096K
[507.279s][info][gc,start    ] GC(54) Concurrent reset
[507.279s][info][gc,task     ] GC(54) Using 2 of 4 workers for concurrent reset
[507.279s][info][gc,ergo     ] GC(54) Pacer for Reset. Non-Taxable: 8192M
[507.287s][info][gc          ] GC(54) Concurrent reset 7.589ms
[507.287s][info][gc,start    ] GC(54) Pause Init Mark (unload classes)
[507.287s][info][gc,task     ] GC(54) Using 4 of 4 workers for init marking
[507.287s][info][gc,ergo     ] GC(54) Pacer for Mark. Expected Live: 486M, Free: 868M, Non-Taxable: 88938K, Alloc Tax Rate: 0.7x
[507.287s][info][gc          ] GC(54) Pause Init Mark (unload classes) 0.115ms
[507.287s][info][gc,start    ] GC(54) Concurrent marking roots
[507.287s][info][gc,task     ] GC(54) Using 2 of 4 workers for concurrent marking roots
[507.288s][info][gc          ] GC(54) Concurrent marking roots 1.052ms
[507.288s][info][gc,start    ] GC(54) Concurrent marking (unload classes)
[507.288s][info][gc,task     ] GC(54) Using 2 of 4 workers for concurrent marking
[507.529s][info][gc          ] GC(54) Concurrent marking (unload classes) 241.175ms
[507.529s][info][gc,start    ] GC(54) Pause Final Mark (unload classes)
[507.529s][info][gc,task     ] GC(54) Using 4 of 4 workers for final marking
[507.529s][info][gc,ergo     ] GC(54) Adaptive CSet Selection. Target Free: 1160M, Actual Free: 2100M, Max CSet: 341M, Min Garbage: 0B
[507.530s][info][gc,ergo     ] GC(54) Collectable Garbage: 6384M (99%), Immediate: 960M (14%), CSet: 5424M (84%)
[507.530s][info][gc,ergo     ] GC(54) Pacer for Evacuation. Used CSet: 5508M, Free: 1700M, Non-Taxable: 170M, Alloc Tax Rate: 7.9x
[507.530s][info][gc          ] GC(54) Pause Final Mark (unload classes) 0.309ms
[507.530s][info][gc,start    ] GC(54) Concurrent thread roots
[507.530s][info][gc,task     ] GC(54) Using 2 of 4 workers for Concurrent thread roots
[507.530s][info][gc          ] GC(54) Concurrent thread roots 0.778ms
[507.530s][info][gc,start    ] GC(54) Concurrent weak references
[507.530s][info][gc,task     ] GC(54) Using 2 of 4 workers for concurrent weak references
[507.531s][info][gc,ref      ] GC(54) Encountered references: Soft: 6089, Weak: 23304, Final: 34, Phantom: 778
[507.531s][info][gc,ref      ] GC(54) Discovered  references: Soft: 0, Weak: 10683, Final: 33, Phantom: 561
[507.531s][info][gc,ref      ] GC(54) Enqueued    references: Soft: 0, Weak: 3, Final: 0, Phantom: 0
[507.531s][info][gc          ] GC(54) Concurrent weak references 0.746ms
[507.531s][info][gc,start    ] GC(54) Concurrent weak roots
[507.531s][info][gc,task     ] GC(54) Using 2 of 4 workers for concurrent weak root
[507.534s][info][gc          ] GC(54) Concurrent weak roots 3.253ms
[507.534s][info][gc,start    ] GC(54) Concurrent cleanup
[507.534s][info][gc          ] GC(54) Concurrent cleanup 7047M->6087M(8192M) 0.029ms
[507.534s][info][gc,ergo     ] GC(54) Free: 1692M, Max: 4096K regular, 668M humongous, Frag: 61% external, 0% internal; Reserve: 411M, Max: 4096K
[507.534s][info][gc,start    ] GC(54) Concurrent class unloading
[507.534s][info][gc,task     ] GC(54) Using 2 of 4 workers for concurrent class unloading
[507.541s][info][gc          ] GC(54) Concurrent class unloading 6.109ms
[507.541s][info][gc,start    ] GC(54) Concurrent strong roots
[507.541s][info][gc,task     ] GC(54) Using 2 of 4 workers for concurrent strong root
[507.541s][info][gc          ] GC(54) Concurrent strong roots 0.391ms
[507.541s][info][gc,start    ] GC(54) Concurrent evacuation
[507.541s][info][gc,task     ] GC(54) Using 2 of 4 workers for concurrent evacuation
[507.588s][info][gc          ] GC(54) Concurrent evacuation 47.464ms
[507.589s][info][gc,start    ] GC(54) Pause Init Update Refs
[507.589s][info][gc,ergo     ] GC(54) Pacer for Update Refs. Used: 6207M, Free: 1660M, Non-Taxable: 166M, Alloc Tax Rate: 4.6x
[507.589s][info][gc          ] GC(54) Pause Init Update Refs 0.046ms
[507.589s][info][gc,start    ] GC(54) Concurrent update references
[507.589s][info][gc,task     ] GC(54) Using 2 of 4 workers for concurrent reference update
[507.729s][info][gc          ] GC(54) Concurrent update references 140.325ms
[507.729s][info][gc,start    ] GC(54) Concurrent update thread roots
[507.730s][info][gc          ] GC(54) Concurrent update thread roots 1.340ms
[507.730s][info][gc,start    ] GC(54) Pause Final Update Refs
[507.730s][info][gc,task     ] GC(54) Using 4 of 4 workers for final reference update
[507.731s][info][gc          ] GC(54) Pause Final Update Refs 0.107ms
[507.731s][info][gc,start    ] GC(54) Concurrent cleanup
[507.731s][info][gc          ] GC(54) Concurrent cleanup 6283M->775M(8192M) 0.076ms
[507.731s][info][gc,ergo     ] Free: 7004M, Max: 4096K regular, 5732M humongous, Frag: 18% external, 0% internal; Reserve: 412M, Max: 4096K
[507.731s][info][gc,stats    ] 
[507.731s][info][gc,stats    ] All times are wall-clock times, except per-root-class counters, that are sum over
[507.731s][info][gc,stats    ] all workers. Dividing the <total> over the root stage time estimates parallelism.
[507.731s][info][gc,stats    ] 
[507.731s][info][gc,stats    ] Concurrent Reset                   7649 us
[507.731s][info][gc,stats    ] Pause Init Mark (G)                 241 us
[507.731s][info][gc,stats    ] Pause Init Mark (N)                 129 us
[507.731s][info][gc,stats    ]   Update Region States               42 us
[507.731s][info][gc,stats    ] Concurrent Mark Roots              1068 us, parallelism: 1.55x
[507.731s][info][gc,stats    ]   CMR: <total>                     1653 us
[507.731s][info][gc,stats    ]   CMR: Thread Roots                1512 us, workers (us): 705, 807, ---, ---, 
[507.731s][info][gc,stats    ]   CMR: VM Strong Roots               15 us, workers (us):  15,   0, ---, ---, 
[507.731s][info][gc,stats    ]   CMR: CLDG Roots                   126 us, workers (us): 126, ---, ---, ---, 
[507.731s][info][gc,stats    ] Concurrent Marking               241246 us
[507.731s][info][gc,stats    ] Pause Final Mark (G)                340 us
[507.731s][info][gc,stats    ] Pause Final Mark (N)                320 us
[507.731s][info][gc,stats    ]   Finish Mark                        45 us
[507.731s][info][gc,stats    ]   Update Region States               41 us
[507.731s][info][gc,stats    ]   Choose Collection Set             152 us
[507.731s][info][gc,stats    ]   Rebuild Free Set                    9 us
[507.731s][info][gc,stats    ] Concurrent Thread Roots             796 us, parallelism: 1.85x
[507.731s][info][gc,stats    ]   CTR: <total>                     1472 us
[507.731s][info][gc,stats    ]   CTR: Thread Roots                1472 us, workers (us): 732, 740, ---, ---, 
[507.731s][info][gc,stats    ] Concurrent Weak References          758 us, parallelism: 0.91x
[507.731s][info][gc,stats    ]   CWRF: <total>                     689 us
[507.731s][info][gc,stats    ]   CWRF: Weak References             689 us, workers (us):  49, 640, ---, ---, 
[507.731s][info][gc,stats    ] Concurrent Weak Roots              3272 us
[507.731s][info][gc,stats    ]   Roots                            3164 us, parallelism: 1.89x
[507.731s][info][gc,stats    ]     CWR: <total>                   5993 us
[507.731s][info][gc,stats    ]     CWR: Code Cache Roots          4067 us, workers (us): 2099, 1968, ---, ---, 
[507.731s][info][gc,stats    ]     CWR: VM Weak Roots             1751 us, workers (us): 876, 875, ---, ---, 
[507.731s][info][gc,stats    ]     CWR: CLDG Roots                 175 us, workers (us): ---, 175, ---, ---, 
[507.731s][info][gc,stats    ]   Rendezvous                         67 us
[507.731s][info][gc,stats    ] Concurrent Cleanup                   42 us
[507.731s][info][gc,stats    ] Concurrent Class Unloading         6155 us
[507.731s][info][gc,stats    ]   Unlink Stale                     5838 us
[507.731s][info][gc,stats    ]     System Dictionary                65 us
[507.731s][info][gc,stats    ]     Weak Class Links                  0 us
[507.731s][info][gc,stats    ]     Code Roots                     5771 us
[507.731s][info][gc,stats    ]   Rendezvous                         91 us
[507.731s][info][gc,stats    ]   Purge Unlinked                    156 us
[507.731s][info][gc,stats    ]     Code Roots                      151 us
[507.731s][info][gc,stats    ]     CLDG                              4 us
[507.731s][info][gc,stats    ]     Exception Caches                  0 us
[507.731s][info][gc,stats    ] Concurrent Strong Roots             415 us, parallelism: 0.66x
[507.731s][info][gc,stats    ]   CSR: <total>                      275 us
[507.731s][info][gc,stats    ]   CSR: VM Strong Roots                9 us, workers (us):   4,   5, ---, ---, 
[507.731s][info][gc,stats    ]   CSR: CLDG Roots                   266 us, workers (us): 266, ---, ---, ---, 
[507.731s][info][gc,stats    ] Concurrent Evacuation             47512 us
[507.731s][info][gc,stats    ] Pause Init Update Refs (G)          131 us
[507.731s][info][gc,stats    ] Pause Init Update Refs (N)           58 us
[507.731s][info][gc,stats    ]   Manage GCLABs                       5 us
[507.731s][info][gc,stats    ] Concurrent Update Refs           140359 us
[507.731s][info][gc,stats    ] Concurrent Update Thread Roots     1366 us
[507.731s][info][gc,stats    ] Pause Final Update Refs (G)         198 us
[507.731s][info][gc,stats    ] Pause Final Update Refs (N)         123 us
[507.731s][info][gc,stats    ]   Update Region States               45 us
[507.731s][info][gc,stats    ]   Trash Collection Set               15 us
[507.731s][info][gc,stats    ]   Rebuild Free Set                   10 us
[507.731s][info][gc,stats    ] Concurrent Cleanup                   92 us
[507.731s][info][gc,stats    ] 
[507.731s][info][gc,stats    ] Allocation pacing accrued:
[507.731s][info][gc,stats    ]       0 of 11211 ms (  0.0%): <total>
[507.731s][info][gc,stats    ]       0 of 11211 ms (  0.0%): <average total>
[507.731s][info][gc,stats    ] 
[507.731s][info][gc,metaspace] Metaspace: 134449K(135808K)->134449K(135808K) NonClass: 113559K(114304K)->113559K(114304K) Class: 20890K(21504K)->20890K(21504K)
[507.731s][info][gc,ergo     ] Pacer for Idle. Initial: 163M, Alloc Tax Rate: 1.0x
[514.868s][info][gc          ] Trigger: Average GC time (477.27 ms) is above the time for instantaneous allocation rate (1398 MB/s) to deplete free headroom (662M) (spike threshold = 1.77)
[514.868s][info][gc,ergo     ] Free: 1072M, Max: 4096K regular, 652M humongous, Frag: 39% external, 0% internal; Reserve: 412M, Max: 4096K
[514.868s][info][gc,start    ] GC(55) Concurrent reset
[514.868s][info][gc,task     ] GC(55) Using 2 of 4 workers for concurrent reset
[514.868s][info][gc,ergo     ] GC(55) Pacer for Reset. Non-Taxable: 8192M
[514.889s][info][gc          ] GC(55) Concurrent reset 21.327ms
[514.889s][info][gc,start    ] GC(55) Pause Init Mark (unload classes)
[514.889s][info][gc,task     ] GC(55) Using 4 of 4 workers for init marking
[514.889s][info][gc,ergo     ] GC(55) Pacer for Mark. Expected Live: 488M, Free: 1056M, Non-Taxable: 105M, Alloc Tax Rate: 0.6x
[514.889s][info][gc          ] GC(55) Pause Init Mark (unload classes) 0.117ms
[514.889s][info][gc,start    ] GC(55) Concurrent marking roots
[514.889s][info][gc,task     ] GC(55) Using 2 of 4 workers for concurrent marking roots
[514.891s][info][gc          ] GC(55) Concurrent marking roots 1.407ms
[514.891s][info][gc,start    ] GC(55) Concurrent marking (unload classes)
[514.891s][info][gc,task     ] GC(55) Using 2 of 4 workers for concurrent marking
[515.140s][info][gc          ] GC(55) Concurrent marking (unload classes) 249.567ms
[515.140s][info][gc,start    ] GC(55) Pause Final Mark (unload classes)
[515.140s][info][gc,task     ] GC(55) Using 4 of 4 workers for final marking
[515.140s][info][gc,ergo     ] GC(55) Adaptive CSet Selection. Target Free: 1160M, Actual Free: 2920M, Max CSet: 341M, Min Garbage: 0B
[515.141s][info][gc,ergo     ] GC(55) Collectable Garbage: 6165M (99%), Immediate: 1688M (27%), CSet: 4477M (72%)
[515.141s][info][gc,ergo     ] GC(55) Pacer for Evacuation. Used CSet: 4592M, Free: 2524M, Non-Taxable: 252M, Alloc Tax Rate: 4.4x
[515.141s][info][gc          ] GC(55) Pause Final Mark (unload classes) 0.313ms
[515.141s][info][gc,start    ] GC(55) Concurrent thread roots
[515.141s][info][gc,task     ] GC(55) Using 2 of 4 workers for Concurrent thread roots
[515.141s][info][gc          ] GC(55) Concurrent thread roots 0.735ms
[515.141s][info][gc,start    ] GC(55) Concurrent weak references
[515.141s][info][gc,task     ] GC(55) Using 2 of 4 workers for concurrent weak references
[515.142s][info][gc,ref      ] GC(55) Encountered references: Soft: 6089, Weak: 23304, Final: 34, Phantom: 778
[515.142s][info][gc,ref      ] GC(55) Discovered  references: Soft: 0, Weak: 6711, Final: 0, Phantom: 554
[515.142s][info][gc,ref      ] GC(55) Enqueued    references: Soft: 0, Weak: 3, Final: 0, Phantom: 0
[515.142s][info][gc          ] GC(55) Concurrent weak references 0.286ms
[515.142s][info][gc,start    ] GC(55) Concurrent weak roots
[515.142s][info][gc,task     ] GC(55) Using 2 of 4 workers for concurrent weak root
[515.144s][info][gc          ] GC(55) Concurrent weak roots 2.692ms
[515.144s][info][gc,start    ] GC(55) Concurrent cleanup
[515.144s][info][gc          ] GC(55) Concurrent cleanup 6948M->5260M(8192M) 0.038ms
[515.145s][info][gc,ergo     ] GC(55) Free: 2519M, Max: 4096K regular, 652M humongous, Frag: 74% external, 0% internal; Reserve: 411M, Max: 4096K
[515.145s][info][gc,start    ] GC(55) Concurrent class unloading
[515.145s][info][gc,task     ] GC(55) Using 2 of 4 workers for concurrent class unloading
[515.151s][info][gc          ] GC(55) Concurrent class unloading 6.604ms
[515.151s][info][gc,start    ] GC(55) Concurrent strong roots
[515.151s][info][gc,task     ] GC(55) Using 2 of 4 workers for concurrent strong root
[515.152s][info][gc          ] GC(55) Concurrent strong roots 0.367ms
[515.152s][info][gc,start    ] GC(55) Concurrent evacuation
[515.152s][info][gc,task     ] GC(55) Using 2 of 4 workers for concurrent evacuation
[515.249s][info][gc          ] GC(55) Concurrent evacuation 97.184ms
[515.249s][info][gc,start    ] GC(55) Pause Init Update Refs
[515.249s][info][gc,ergo     ] GC(55) Pacer for Update Refs. Used: 5576M, Free: 2323M, Non-Taxable: 232M, Alloc Tax Rate: 2.9x
[515.249s][info][gc          ] GC(55) Pause Init Update Refs 0.051ms
[515.249s][info][gc,start    ] GC(55) Concurrent update references
[515.249s][info][gc,task     ] GC(55) Using 2 of 4 workers for concurrent reference update
[515.433s][info][gc          ] GC(55) Concurrent update references 184.377ms
[515.433s][info][gc,start    ] GC(55) Concurrent update thread roots
[515.435s][info][gc          ] GC(55) Concurrent update thread roots 1.220ms
[515.435s][info][gc,start    ] GC(55) Pause Final Update Refs
[515.435s][info][gc,task     ] GC(55) Using 4 of 4 workers for final reference update
[515.435s][info][gc          ] GC(55) Pause Final Update Refs 0.091ms
[515.435s][info][gc,start    ] GC(55) Concurrent cleanup
[515.435s][info][gc          ] GC(55) Concurrent cleanup 5808M->1216M(8192M) 0.063ms
[515.435s][info][gc,ergo     ] Free: 6563M, Max: 4096K regular, 4832M humongous, Frag: 27% external, 0% internal; Reserve: 412M, Max: 4096K
[515.435s][info][gc,stats    ] 
[515.435s][info][gc,stats    ] All times are wall-clock times, except per-root-class counters, that are sum over
[515.435s][info][gc,stats    ] all workers. Dividing the <total> over the root stage time estimates parallelism.
[515.435s][info][gc,stats    ] 
[515.435s][info][gc,stats    ] Concurrent Reset                  21435 us
[515.435s][info][gc,stats    ] Pause Init Mark (G)                 218 us
[515.435s][info][gc,stats    ] Pause Init Mark (N)                 129 us
[515.435s][info][gc,stats    ]   Update Region States               45 us
[515.435s][info][gc,stats    ] Concurrent Mark Roots              1431 us, parallelism: 1.50x
[515.435s][info][gc,stats    ]   CMR: <total>                     2141 us
[515.435s][info][gc,stats    ]   CMR: Thread Roots                1874 us, workers (us): 821, 1054, ---, ---, 
[515.435s][info][gc,stats    ]   CMR: VM Strong Roots               21 us, workers (us):  21,   0, ---, ---, 
[515.435s][info][gc,stats    ]   CMR: CLDG Roots                   245 us, workers (us): 245, ---, ---, ---, 
[515.435s][info][gc,stats    ] Concurrent Marking               249615 us
[515.435s][info][gc,stats    ] Pause Final Mark (G)                382 us
[515.435s][info][gc,stats    ] Pause Final Mark (N)                324 us
[515.435s][info][gc,stats    ]   Finish Mark                        49 us
[515.435s][info][gc,stats    ]   Update Region States               60 us
[515.435s][info][gc,stats    ]   Choose Collection Set             134 us
[515.435s][info][gc,stats    ]   Rebuild Free Set                   11 us
[515.435s][info][gc,stats    ] Concurrent Thread Roots             756 us, parallelism: 1.81x
[515.435s][info][gc,stats    ]   CTR: <total>                     1367 us
[515.435s][info][gc,stats    ]   CTR: Thread Roots                1367 us, workers (us): 675, 692, ---, ---, 
[515.435s][info][gc,stats    ] Concurrent Weak References          298 us, parallelism: 1.15x
[515.435s][info][gc,stats    ]   CWRF: <total>                     343 us
[515.435s][info][gc,stats    ]   CWRF: Weak References             343 us, workers (us): 210, 132, ---, ---, 
[515.435s][info][gc,stats    ] Concurrent Weak Roots              2713 us
[515.435s][info][gc,stats    ]   Roots                            2643 us, parallelism: 1.92x
[515.435s][info][gc,stats    ]     CWR: <total>                   5078 us
[515.435s][info][gc,stats    ]     CWR: Code Cache Roots          3490 us, workers (us): 1771, 1719, ---, ---, 
[515.435s][info][gc,stats    ]     CWR: VM Weak Roots             1524 us, workers (us): 777, 747, ---, ---, 
[515.435s][info][gc,stats    ]     CWR: CLDG Roots                  65 us, workers (us): ---,  65, ---, ---, 
[515.435s][info][gc,stats    ]   Rendezvous                         26 us
[515.435s][info][gc,stats    ] Concurrent Cleanup                   51 us
[515.435s][info][gc,stats    ] Concurrent Class Unloading         6639 us
[515.435s][info][gc,stats    ]   Unlink Stale                     6331 us
[515.435s][info][gc,stats    ]     System Dictionary                69 us
[515.435s][info][gc,stats    ]     Weak Class Links                  0 us
[515.435s][info][gc,stats    ]     Code Roots                     6260 us
[515.435s][info][gc,stats    ]   Rendezvous                         98 us
[515.435s][info][gc,stats    ]   Purge Unlinked                    150 us
[515.435s][info][gc,stats    ]     Code Roots                      146 us
[515.435s][info][gc,stats    ]     CLDG                              4 us
[515.435s][info][gc,stats    ]     Exception Caches                  0 us
[515.435s][info][gc,stats    ] Concurrent Strong Roots             385 us, parallelism: 0.65x
[515.435s][info][gc,stats    ]   CSR: <total>                      248 us
[515.435s][info][gc,stats    ]   CSR: VM Strong Roots                9 us, workers (us):   9,   0, ---, ---, 
[515.435s][info][gc,stats    ]   CSR: CLDG Roots                   239 us, workers (us): 239, ---, ---, ---, 
[515.435s][info][gc,stats    ] Concurrent Evacuation             97271 us
[515.435s][info][gc,stats    ] Pause Init Update Refs (G)          124 us
[515.435s][info][gc,stats    ] Pause Init Update Refs (N)           63 us
[515.435s][info][gc,stats    ]   Manage GCLABs                      10 us
[515.435s][info][gc,stats    ] Concurrent Update Refs           184411 us
[515.435s][info][gc,stats    ] Concurrent Update Thread Roots     1238 us
[515.435s][info][gc,stats    ] Pause Final Update Refs (G)         131 us
[515.435s][info][gc,stats    ] Pause Final Update Refs (N)         105 us
[515.435s][info][gc,stats    ]   Update Region States               25 us
[515.435s][info][gc,stats    ]   Trash Collection Set               14 us
[515.435s][info][gc,stats    ]   Rebuild Free Set                   12 us
[515.435s][info][gc,stats    ] Concurrent Cleanup                   76 us
[515.435s][info][gc,stats    ] 
[515.435s][info][gc,stats    ] Allocation pacing accrued:
[515.435s][info][gc,stats    ]       0 of  7704 ms (  0.0%): <total>
[515.435s][info][gc,stats    ]       0 of  7704 ms (  0.0%): <average total>
[515.435s][info][gc,stats    ] 
[515.436s][info][gc,metaspace] Metaspace: 134460K(135808K)->134462K(135808K) NonClass: 113570K(114304K)->113572K(114304K) Class: 20890K(21504K)->20890K(21504K)
[515.436s][info][gc,ergo     ] Pacer for Idle. Initial: 163M, Alloc Tax Rate: 1.0x
[525.535s][info][gc          ] Trigger: Free (816M) is below minimum threshold (819M)
[525.535s][info][gc,ergo     ] Free: 816M, Max: 4096K regular, 620M humongous, Frag: 23% external, 0% internal; Reserve: 412M, Max: 4096K
[525.535s][info][gc,start    ] GC(56) Concurrent reset
[525.535s][info][gc,task     ] GC(56) Using 2 of 4 workers for concurrent reset
[525.535s][info][gc,ergo     ] GC(56) Pacer for Reset. Non-Taxable: 8192M
[525.549s][info][gc          ] GC(56) Concurrent reset 14.709ms
[525.549s][info][gc,start    ] GC(56) Pause Init Mark (unload classes)
[525.549s][info][gc,task     ] GC(56) Using 4 of 4 workers for init marking
[525.550s][info][gc,ergo     ] GC(56) Pacer for Mark. Expected Live: 488M, Free: 808M, Non-Taxable: 82774K, Alloc Tax Rate: 0.7x
[525.550s][info][gc          ] GC(56) Pause Init Mark (unload classes) 0.102ms
[525.550s][info][gc,start    ] GC(56) Concurrent marking roots
[525.550s][info][gc,task     ] GC(56) Using 2 of 4 workers for concurrent marking roots
[525.551s][info][gc          ] GC(56) Concurrent marking roots 0.984ms
[525.551s][info][gc,start    ] GC(56) Concurrent marking (unload classes)
[525.551s][info][gc,task     ] GC(56) Using 2 of 4 workers for concurrent marking
[525.785s][info][gc          ] GC(56) Concurrent marking (unload classes) 234.790ms
[525.785s][info][gc,start    ] GC(56) Pause Final Mark (unload classes)
[525.785s][info][gc,task     ] GC(56) Using 4 of 4 workers for final marking
[525.786s][info][gc,ergo     ] GC(56) Adaptive CSet Selection. Target Free: 1160M, Actual Free: 2192M, Max CSet: 341M, Min Garbage: 0B
[525.786s][info][gc,ergo     ] GC(56) Collectable Garbage: 6459M (99%), Immediate: 1140M (17%), CSet: 5319M (81%)
[525.786s][info][gc,ergo     ] GC(56) Pacer for Evacuation. Used CSet: 5388M, Free: 1796M, Non-Taxable: 179M, Alloc Tax Rate: 7.3x
[525.786s][info][gc          ] GC(56) Pause Final Mark (unload classes) 0.410ms
[525.786s][info][gc,start    ] GC(56) Concurrent thread roots
[525.786s][info][gc,task     ] GC(56) Using 2 of 4 workers for Concurrent thread roots
[525.787s][info][gc          ] GC(56) Concurrent thread roots 0.923ms
[525.787s][info][gc,start    ] GC(56) Concurrent weak references
[525.787s][info][gc,task     ] GC(56) Using 2 of 4 workers for concurrent weak references
[525.787s][info][gc,ref      ] GC(56) Encountered references: Soft: 6089, Weak: 23304, Final: 34, Phantom: 781
[525.787s][info][gc,ref      ] GC(56) Discovered  references: Soft: 0, Weak: 11304, Final: 33, Phantom: 557
[525.787s][info][gc,ref      ] GC(56) Enqueued    references: Soft: 0, Weak: 2, Final: 0, Phantom: 0
[525.787s][info][gc          ] GC(56) Concurrent weak references 0.611ms
[525.787s][info][gc,start    ] GC(56) Concurrent weak roots
[525.787s][info][gc,task     ] GC(56) Using 2 of 4 workers for concurrent weak root
[525.790s][info][gc          ] GC(56) Concurrent weak roots 2.823ms
[525.790s][info][gc,start    ] GC(56) Concurrent cleanup
[525.790s][info][gc          ] GC(56) Concurrent cleanup 7132M->5992M(8192M) 0.036ms
[525.790s][info][gc,ergo     ] GC(56) Free: 1788M, Max: 4096K regular, 624M humongous, Frag: 65% external, 0% internal; Reserve: 411M, Max: 4096K
[525.790s][info][gc,start    ] GC(56) Concurrent class unloading
[525.790s][info][gc,task     ] GC(56) Using 2 of 4 workers for concurrent class unloading
[525.795s][info][gc          ] GC(56) Concurrent class unloading 4.666ms
[525.795s][info][gc,start    ] GC(56) Concurrent strong roots
[525.795s][info][gc,task     ] GC(56) Using 2 of 4 workers for concurrent strong root
[525.795s][info][gc          ] GC(56) Concurrent strong roots 0.432ms
[525.796s][info][gc,start    ] GC(56) Concurrent evacuation
[525.796s][info][gc,task     ] GC(56) Using 2 of 4 workers for concurrent evacuation
[525.836s][info][gc          ] GC(56) Concurrent evacuation 40.413ms
[525.836s][info][gc,start    ] GC(56) Pause Init Update Refs
[525.836s][info][gc,ergo     ] GC(56) Pacer for Update Refs. Used: 6091M, Free: 1760M, Non-Taxable: 176M, Alloc Tax Rate: 4.2x
[525.836s][info][gc          ] GC(56) Pause Init Update Refs 0.074ms
[525.836s][info][gc,start    ] GC(56) Concurrent update references
[525.836s][info][gc,task     ] GC(56) Using 2 of 4 workers for concurrent reference update
[525.974s][info][gc          ] GC(56) Concurrent update references 137.785ms
[525.974s][info][gc,start    ] GC(56) Concurrent update thread roots
[525.975s][info][gc          ] GC(56) Concurrent update thread roots 1.341ms
[525.975s][info][gc,start    ] GC(56) Pause Final Update Refs
[525.975s][info][gc,task     ] GC(56) Using 4 of 4 workers for final reference update
[525.975s][info][gc          ] GC(56) Pause Final Update Refs 0.099ms
[525.975s][info][gc,start    ] GC(56) Concurrent cleanup
[525.976s][info][gc          ] GC(56) Concurrent cleanup 6159M->771M(8192M) 0.069ms
[525.976s][info][gc,ergo     ] Free: 7008M, Max: 4096K regular, 5676M humongous, Frag: 19% external, 0% internal; Reserve: 412M, Max: 4096K
[525.976s][info][gc,stats    ] 
[525.976s][info][gc,stats    ] All times are wall-clock times, except per-root-class counters, that are sum over
[525.976s][info][gc,stats    ] all workers. Dividing the <total> over the root stage time estimates parallelism.
[525.976s][info][gc,stats    ] 
[525.976s][info][gc,stats    ] Concurrent Reset                  14776 us
[525.976s][info][gc,stats    ] Pause Init Mark (G)                 139 us
[525.976s][info][gc,stats    ] Pause Init Mark (N)                 114 us
[525.976s][info][gc,stats    ]   Update Region States               35 us
[525.976s][info][gc,stats    ] Concurrent Mark Roots              1004 us, parallelism: 1.63x
[525.976s][info][gc,stats    ]   CMR: <total>                     1642 us
[525.976s][info][gc,stats    ]   CMR: Thread Roots                1503 us, workers (us): 697, 806, ---, ---, 
[525.976s][info][gc,stats    ]   CMR: VM Strong Roots               12 us, workers (us):  12,   0, ---, ---, 
[525.976s][info][gc,stats    ]   CMR: CLDG Roots                   127 us, workers (us): 127, ---, ---, ---, 
[525.976s][info][gc,stats    ] Concurrent Marking               234844 us
[525.976s][info][gc,stats    ] Pause Final Mark (G)                439 us
[525.976s][info][gc,stats    ] Pause Final Mark (N)                421 us
[525.976s][info][gc,stats    ]   Finish Mark                        45 us
[525.976s][info][gc,stats    ]   Update Region States              122 us
[525.976s][info][gc,stats    ]   Choose Collection Set             173 us
[525.976s][info][gc,stats    ]   Rebuild Free Set                   10 us
[525.976s][info][gc,stats    ] Concurrent Thread Roots             945 us, parallelism: 1.82x
[525.976s][info][gc,stats    ]   CTR: <total>                     1722 us
[525.976s][info][gc,stats    ]   CTR: Thread Roots                1722 us, workers (us): 875, 847, ---, ---, 
[525.976s][info][gc,stats    ] Concurrent Weak References          622 us, parallelism: 0.93x
[525.976s][info][gc,stats    ]   CWRF: <total>                     579 us
[525.976s][info][gc,stats    ]   CWRF: Weak References             579 us, workers (us):  44, 536, ---, ---, 
[525.976s][info][gc,stats    ] Concurrent Weak Roots              2847 us
[525.976s][info][gc,stats    ]   Roots                            2709 us, parallelism: 1.88x
[525.976s][info][gc,stats    ]     CWR: <total>                   5102 us
[525.976s][info][gc,stats    ]     CWR: Code Cache Roots          3472 us, workers (us): 1711, 1761, ---, ---, 
[525.976s][info][gc,stats    ]     CWR: VM Weak Roots             1532 us, workers (us): 786, 746, ---, ---, 
[525.976s][info][gc,stats    ]     CWR: CLDG Roots                  99 us, workers (us):  99, ---, ---, ---, 
[525.976s][info][gc,stats    ]   Rendezvous                         93 us
[525.976s][info][gc,stats    ] Concurrent Cleanup                   49 us
[525.976s][info][gc,stats    ] Concurrent Class Unloading         4691 us
[525.976s][info][gc,stats    ]   Unlink Stale                     4430 us
[525.976s][info][gc,stats    ]     System Dictionary                63 us
[525.976s][info][gc,stats    ]     Weak Class Links                  0 us
[525.976s][info][gc,stats    ]     Code Roots                     4366 us
[525.976s][info][gc,stats    ]   Rendezvous                        101 us
[525.976s][info][gc,stats    ]   Purge Unlinked                    111 us
[525.976s][info][gc,stats    ]     Code Roots                      106 us
[525.976s][info][gc,stats    ]     CLDG                              5 us
[525.976s][info][gc,stats    ]     Exception Caches                  0 us
[525.976s][info][gc,stats    ] Concurrent Strong Roots             458 us, parallelism: 0.68x
[525.976s][info][gc,stats    ]   CSR: <total>                      313 us
[525.976s][info][gc,stats    ]   CSR: VM Strong Roots               10 us, workers (us):  10,   0, ---, ---, 
[525.976s][info][gc,stats    ]   CSR: CLDG Roots                   303 us, workers (us): 303, ---, ---, ---, 
[525.976s][info][gc,stats    ] Concurrent Evacuation             40504 us
[525.976s][info][gc,stats    ] Pause Init Update Refs (G)          118 us
[525.976s][info][gc,stats    ] Pause Init Update Refs (N)           92 us
[525.976s][info][gc,stats    ]   Manage GCLABs                      26 us
[525.976s][info][gc,stats    ] Concurrent Update Refs           137844 us
[525.976s][info][gc,stats    ] Concurrent Update Thread Roots     1359 us
[525.976s][info][gc,stats    ] Pause Final Update Refs (G)         151 us
[525.976s][info][gc,stats    ] Pause Final Update Refs (N)         124 us
[525.976s][info][gc,stats    ]   Update Region States               37 us
[525.976s][info][gc,stats    ]   Trash Collection Set               12 us
[525.976s][info][gc,stats    ]   Rebuild Free Set                   10 us
[525.976s][info][gc,stats    ] Concurrent Cleanup                   83 us
[525.976s][info][gc,stats    ] 
[525.976s][info][gc,stats    ] Allocation pacing accrued:
[525.976s][info][gc,stats    ]       0 of 10541 ms (  0.0%): <total>
[525.976s][info][gc,stats    ]       0 of 10541 ms (  0.0%): <average total>
[525.976s][info][gc,stats    ] 
[525.976s][info][gc,metaspace] Metaspace: 134471K(135808K)->134471K(135808K) NonClass: 113581K(114304K)->113581K(114304K) Class: 20890K(21504K)->20890K(21504K)
[525.976s][info][gc,ergo     ] Pacer for Idle. Initial: 163M, Alloc Tax Rate: 1.0x
[535.509s][info][gc          ] Trigger: Free (816M) is below minimum threshold (819M)
[535.509s][info][gc,ergo     ] Free: 816M, Max: 4096K regular, 668M humongous, Frag: 17% external, 0% internal; Reserve: 412M, Max: 4096K
[535.509s][info][gc,start    ] GC(57) Concurrent reset
[535.509s][info][gc,task     ] GC(57) Using 2 of 4 workers for concurrent reset
[535.509s][info][gc,ergo     ] GC(57) Pacer for Reset. Non-Taxable: 8192M
[535.527s][info][gc          ] GC(57) Concurrent reset 17.403ms
[535.527s][info][gc,start    ] GC(57) Pause Init Mark (unload classes)
[535.527s][info][gc,task     ] GC(57) Using 4 of 4 workers for init marking
[535.527s][info][gc,ergo     ] GC(57) Pacer for Mark. Expected Live: 489M, Free: 808M, Non-Taxable: 82769K, Alloc Tax Rate: 0.7x
[535.527s][info][gc          ] GC(57) Pause Init Mark (unload classes) 0.118ms
[535.527s][info][gc,start    ] GC(57) Concurrent marking roots
[535.527s][info][gc,task     ] GC(57) Using 2 of 4 workers for concurrent marking roots
[535.528s][info][gc          ] GC(57) Concurrent marking roots 1.050ms
[535.528s][info][gc,start    ] GC(57) Concurrent marking (unload classes)
[535.528s][info][gc,task     ] GC(57) Using 2 of 4 workers for concurrent marking
[535.750s][info][gc          ] GC(57) Concurrent marking (unload classes) 221.884ms
[535.750s][info][gc,start    ] GC(57) Pause Final Mark (unload classes)
[535.750s][info][gc,task     ] GC(57) Using 4 of 4 workers for final marking
[535.750s][info][gc,ergo     ] GC(57) Adaptive CSet Selection. Target Free: 1160M, Actual Free: 2704M, Max CSet: 341M, Min Garbage: 0B
[535.750s][info][gc,ergo     ] GC(57) Collectable Garbage: 6460M (99%), Immediate: 1612M (24%), CSet: 4848M (74%)
[535.750s][info][gc,ergo     ] GC(57) Pacer for Evacuation. Used CSet: 4916M, Free: 2304M, Non-Taxable: 230M, Alloc Tax Rate: 5.2x
[535.750s][info][gc          ] GC(57) Pause Final Mark (unload classes) 0.312ms
[535.750s][info][gc,start    ] GC(57) Concurrent thread roots
[535.750s][info][gc,task     ] GC(57) Using 2 of 4 workers for Concurrent thread roots
[535.751s][info][gc          ] GC(57) Concurrent thread roots 0.853ms
[535.751s][info][gc,start    ] GC(57) Concurrent weak references
[535.751s][info][gc,task     ] GC(57) Using 2 of 4 workers for concurrent weak references
[535.751s][info][gc,ref      ] GC(57) Encountered references: Soft: 6089, Weak: 23312, Final: 34, Phantom: 792
[535.751s][info][gc,ref      ] GC(57) Discovered  references: Soft: 0, Weak: 1112, Final: 0, Phantom: 564
[535.751s][info][gc,ref      ] GC(57) Enqueued    references: Soft: 0, Weak: 5, Final: 0, Phantom: 2
[535.751s][info][gc          ] GC(57) Concurrent weak references 0.173ms
[535.751s][info][gc,start    ] GC(57) Concurrent weak roots
[535.751s][info][gc,task     ] GC(57) Using 2 of 4 workers for concurrent weak root
[535.754s][info][gc          ] GC(57) Concurrent weak roots 2.648ms
[535.754s][info][gc,start    ] GC(57) Concurrent cleanup
[535.754s][info][gc          ] GC(57) Concurrent cleanup 7096M->5484M(8192M) 0.036ms
[535.754s][info][gc,ergo     ] GC(57) Free: 2296M, Max: 4096K regular, 668M humongous, Frag: 71% external, 0% internal; Reserve: 411M, Max: 4096K
[535.754s][info][gc,start    ] GC(57) Concurrent class unloading
[535.754s][info][gc,task     ] GC(57) Using 2 of 4 workers for concurrent class unloading
[535.760s][info][gc          ] GC(57) Concurrent class unloading 5.585ms
[535.760s][info][gc,start    ] GC(57) Concurrent strong roots
[535.760s][info][gc,task     ] GC(57) Using 2 of 4 workers for concurrent strong root
[535.760s][info][gc          ] GC(57) Concurrent strong roots 0.435ms
[535.760s][info][gc,start    ] GC(57) Concurrent evacuation
[535.760s][info][gc,task     ] GC(57) Using 2 of 4 workers for concurrent evacuation
[535.809s][info][gc          ] GC(57) Concurrent evacuation 48.642ms
[535.809s][info][gc,start    ] GC(57) Pause Init Update Refs
[535.809s][info][gc,ergo     ] GC(57) Pacer for Update Refs. Used: 5595M, Free: 2256M, Non-Taxable: 225M, Alloc Tax Rate: 3.0x
[535.809s][info][gc          ] GC(57) Pause Init Update Refs 0.046ms
[535.809s][info][gc,start    ] GC(57) Concurrent update references
[535.809s][info][gc,task     ] GC(57) Using 2 of 4 workers for concurrent reference update
[535.944s][info][gc          ] GC(57) Concurrent update references 134.648ms
[535.944s][info][gc,start    ] GC(57) Concurrent update thread roots
[535.945s][info][gc          ] GC(57) Concurrent update thread roots 1.276ms
[535.945s][info][gc,start    ] GC(57) Pause Final Update Refs
[535.945s][info][gc,task     ] GC(57) Using 4 of 4 workers for final reference update
[535.945s][info][gc          ] GC(57) Pause Final Update Refs 0.111ms
[535.945s][info][gc,start    ] GC(57) Concurrent cleanup
[535.945s][info][gc          ] GC(57) Concurrent cleanup 5671M->755M(8192M) 0.070ms
[535.945s][info][gc,ergo     ] Free: 7024M, Max: 4096K regular, 5792M humongous, Frag: 18% external, 0% internal; Reserve: 412M, Max: 4096K
[535.945s][info][gc,stats    ] 
[535.945s][info][gc,stats    ] All times are wall-clock times, except per-root-class counters, that are sum over
[535.945s][info][gc,stats    ] all workers. Dividing the <total> over the root stage time estimates parallelism.
[535.945s][info][gc,stats    ] 
[535.945s][info][gc,stats    ] Concurrent Reset                  17459 us
[535.945s][info][gc,stats    ] Pause Init Mark (G)                 189 us
[535.945s][info][gc,stats    ] Pause Init Mark (N)                 131 us
[535.945s][info][gc,stats    ]   Update Region States               50 us
[535.945s][info][gc,stats    ] Concurrent Mark Roots              1071 us, parallelism: 1.57x
[535.945s][info][gc,stats    ]   CMR: <total>                     1679 us
[535.945s][info][gc,stats    ]   CMR: Thread Roots                1481 us, workers (us): 658, 824, ---, ---, 
[535.945s][info][gc,stats    ]   CMR: VM Strong Roots               16 us, workers (us):  16,   0, ---, ---, 
[535.945s][info][gc,stats    ]   CMR: CLDG Roots                   182 us, workers (us): 182, ---, ---, ---, 
[535.945s][info][gc,stats    ] Concurrent Marking               221920 us
[535.945s][info][gc,stats    ] Pause Final Mark (G)                342 us
[535.945s][info][gc,stats    ] Pause Final Mark (N)                325 us
[535.945s][info][gc,stats    ]   Finish Mark                        45 us
[535.945s][info][gc,stats    ]   Update Region States               50 us
[535.945s][info][gc,stats    ]   Choose Collection Set             146 us
[535.945s][info][gc,stats    ]   Rebuild Free Set                   10 us
[535.945s][info][gc,stats    ] Concurrent Thread Roots             875 us, parallelism: 1.74x
[535.945s][info][gc,stats    ]   CTR: <total>                     1525 us
[535.945s][info][gc,stats    ]   CTR: Thread Roots                1525 us, workers (us): 780, 744, ---, ---, 
[535.945s][info][gc,stats    ] Concurrent Weak References          184 us, parallelism: 0.46x
[535.945s][info][gc,stats    ]   CWRF: <total>                      85 us
[535.945s][info][gc,stats    ]   CWRF: Weak References              85 us, workers (us):  71,  14, ---, ---, 
[535.945s][info][gc,stats    ] Concurrent Weak Roots              2670 us
[535.945s][info][gc,stats    ]   Roots                            2581 us, parallelism: 1.90x
[535.945s][info][gc,stats    ]     CWR: <total>                   4902 us
[535.945s][info][gc,stats    ]     CWR: Code Cache Roots          3402 us, workers (us): 1696, 1706, ---, ---, 
[535.945s][info][gc,stats    ]     CWR: VM Weak Roots             1456 us, workers (us): 728, 728, ---, ---, 
[535.945s][info][gc,stats    ]     CWR: CLDG Roots                  45 us, workers (us):  45, ---, ---, ---, 
[535.945s][info][gc,stats    ]   Rendezvous                         46 us
[535.945s][info][gc,stats    ] Concurrent Cleanup                   50 us
[535.945s][info][gc,stats    ] Concurrent Class Unloading         5636 us
[535.946s][info][gc,stats    ]   Unlink Stale                     5195 us
[535.946s][info][gc,stats    ]     System Dictionary                41 us
[535.946s][info][gc,stats    ]     Weak Class Links                  0 us
[535.946s][info][gc,stats    ]     Code Roots                     5153 us
[535.946s][info][gc,stats    ]   Rendezvous                        132 us
[535.946s][info][gc,stats    ]   Purge Unlinked                    234 us
[535.946s][info][gc,stats    ]     Code Roots                      228 us
[535.946s][info][gc,stats    ]     CLDG                              5 us
[535.946s][info][gc,stats    ]     Exception Caches                  0 us
[535.946s][info][gc,stats    ] Concurrent Strong Roots             460 us, parallelism: 0.64x
[535.946s][info][gc,stats    ]   CSR: <total>                      295 us
[535.946s][info][gc,stats    ]   CSR: VM Strong Roots                9 us, workers (us):   9,   0, ---, ---, 
[535.946s][info][gc,stats    ]   CSR: CLDG Roots                   286 us, workers (us): 286, ---, ---, ---, 
[535.946s][info][gc,stats    ] Concurrent Evacuation             48687 us
[535.946s][info][gc,stats    ] Pause Init Update Refs (G)           87 us
[535.946s][info][gc,stats    ] Pause Init Update Refs (N)           57 us
[535.946s][info][gc,stats    ]   Manage GCLABs                       6 us
[535.946s][info][gc,stats    ] Concurrent Update Refs           134689 us
[535.946s][info][gc,stats    ] Concurrent Update Thread Roots     1297 us
[535.946s][info][gc,stats    ] Pause Final Update Refs (G)         153 us
[535.946s][info][gc,stats    ] Pause Final Update Refs (N)         125 us
[535.946s][info][gc,stats    ]   Update Region States               46 us
[535.946s][info][gc,stats    ]   Trash Collection Set               12 us
[535.946s][info][gc,stats    ]   Rebuild Free Set                   11 us
[535.946s][info][gc,stats    ] Concurrent Cleanup                   84 us
[535.946s][info][gc,stats    ] 
[535.946s][info][gc,stats    ] Allocation pacing accrued:
[535.946s][info][gc,stats    ]       0 of  9970 ms (  0.0%): <total>
[535.946s][info][gc,stats    ]       0 of  9970 ms (  0.0%): <average total>
[535.946s][info][gc,stats    ] 
[535.946s][info][gc,metaspace] Metaspace: 134519K(135872K)->134519K(135872K) NonClass: 113627K(114368K)->113627K(114368K) Class: 20891K(21504K)->20891K(21504K)
[535.946s][info][gc,ergo     ] Pacer for Idle. Initial: 163M, Alloc Tax Rate: 1.0x
[544.306s][info][gc          ] Trigger: Free (816M) is below minimum threshold (819M)
[544.306s][info][gc,ergo     ] Free: 816M, Max: 4096K regular, 668M humongous, Frag: 17% external, 0% internal; Reserve: 412M, Max: 4096K
[544.306s][info][gc,start    ] GC(58) Concurrent reset
[544.306s][info][gc,task     ] GC(58) Using 2 of 4 workers for concurrent reset
[544.306s][info][gc,ergo     ] GC(58) Pacer for Reset. Non-Taxable: 8192M
[544.321s][info][gc          ] GC(58) Concurrent reset 14.505ms
[544.321s][info][gc,start    ] GC(58) Pause Init Mark (unload classes)
[544.321s][info][gc,task     ] GC(58) Using 4 of 4 workers for init marking
[544.321s][info][gc,ergo     ] GC(58) Pacer for Mark. Expected Live: 484M, Free: 807M, Non-Taxable: 82722K, Alloc Tax Rate: 0.7x
[544.321s][info][gc          ] GC(58) Pause Init Mark (unload classes) 0.111ms
[544.321s][info][gc,start    ] GC(58) Concurrent marking roots
[544.321s][info][gc,task     ] GC(58) Using 2 of 4 workers for concurrent marking roots
[544.322s][info][gc          ] GC(58) Concurrent marking roots 0.999ms
[544.322s][info][gc,start    ] GC(58) Concurrent marking (unload classes)
[544.322s][info][gc,task     ] GC(58) Using 2 of 4 workers for concurrent marking
[544.568s][info][gc          ] GC(58) Concurrent marking (unload classes) 246.542ms
[544.568s][info][gc,start    ] GC(58) Pause Final Mark (unload classes)
[544.568s][info][gc,task     ] GC(58) Using 4 of 4 workers for final marking
[544.569s][info][gc,ergo     ] GC(58) Adaptive CSet Selection. Target Free: 1160M, Actual Free: 2792M, Max CSet: 341M, Min Garbage: 0B
[544.569s][info][gc,ergo     ] GC(58) Collectable Garbage: 6434M (99%), Immediate: 1736M (26%), CSet: 4698M (72%)
[544.569s][info][gc,ergo     ] GC(58) Pacer for Evacuation. Used CSet: 4792M, Free: 2389M, Non-Taxable: 238M, Alloc Tax Rate: 4.9x
[544.569s][info][gc          ] GC(58) Pause Final Mark (unload classes) 0.248ms
[544.569s][info][gc,start    ] GC(58) Concurrent thread roots
[544.569s][info][gc,task     ] GC(58) Using 2 of 4 workers for Concurrent thread roots
[544.569s][info][gc          ] GC(58) Concurrent thread roots 0.758ms
[544.569s][info][gc,start    ] GC(58) Concurrent weak references
[544.569s][info][gc,task     ] GC(58) Using 2 of 4 workers for concurrent weak references
[544.570s][info][gc,ref      ] GC(58) Encountered references: Soft: 6089, Weak: 23312, Final: 34, Phantom: 793
[544.570s][info][gc,ref      ] GC(58) Discovered  references: Soft: 0, Weak: 9968, Final: 0, Phantom: 564
[544.570s][info][gc,ref      ] GC(58) Enqueued    references: Soft: 0, Weak: 4, Final: 0, Phantom: 0
[544.570s][info][gc          ] GC(58) Concurrent weak references 0.427ms
[544.570s][info][gc,start    ] GC(58) Concurrent weak roots
[544.570s][info][gc,task     ] GC(58) Using 2 of 4 workers for concurrent weak root
[544.572s][info][gc          ] GC(58) Concurrent weak roots 2.508ms
[544.572s][info][gc,start    ] GC(58) Concurrent cleanup
[544.572s][info][gc          ] GC(58) Concurrent cleanup 7135M->5399M(8192M) 0.036ms
[544.572s][info][gc,ergo     ] GC(58) Free: 2381M, Max: 4096K regular, 632M humongous, Frag: 74% external, 0% internal; Reserve: 411M, Max: 4096K
[544.573s][info][gc,start    ] GC(58) Concurrent class unloading
[544.573s][info][gc,task     ] GC(58) Using 2 of 4 workers for concurrent class unloading
[544.578s][info][gc          ] GC(58) Concurrent class unloading 5.740ms
[544.578s][info][gc,start    ] GC(58) Concurrent strong roots
[544.578s][info][gc,task     ] GC(58) Using 2 of 4 workers for concurrent strong root
[544.579s][info][gc          ] GC(58) Concurrent strong roots 0.734ms
[544.579s][info][gc,start    ] GC(58) Concurrent evacuation
[544.579s][info][gc,task     ] GC(58) Using 2 of 4 workers for concurrent evacuation
[544.628s][info][gc          ] GC(58) Concurrent evacuation 49.128ms
[544.628s][info][gc,start    ] GC(58) Pause Init Update Refs
[544.628s][info][gc,ergo     ] GC(58) Pacer for Update Refs. Used: 5526M, Free: 2353M, Non-Taxable: 235M, Alloc Tax Rate: 2.9x
[544.628s][info][gc          ] GC(58) Pause Init Update Refs 0.048ms
[544.628s][info][gc,start    ] GC(58) Concurrent update references
[544.628s][info][gc,task     ] GC(58) Using 2 of 4 workers for concurrent reference update
[544.782s][info][gc          ] GC(58) Concurrent update references 153.555ms
[544.782s][info][gc,start    ] GC(58) Concurrent update thread roots
[544.783s][info][gc          ] GC(58) Concurrent update thread roots 1.351ms
[544.783s][info][gc,start    ] GC(58) Pause Final Update Refs
[544.783s][info][gc,task     ] GC(58) Using 4 of 4 workers for final reference update
[544.783s][info][gc          ] GC(58) Pause Final Update Refs 0.115ms
[544.784s][info][gc,start    ] GC(58) Concurrent cleanup
[544.784s][info][gc          ] GC(58) Concurrent cleanup 5583M->791M(8192M) 0.069ms
[544.784s][info][gc,ergo     ] Free: 6988M, Max: 4096K regular, 5940M humongous, Frag: 15% external, 0% internal; Reserve: 412M, Max: 4096K
[544.784s][info][gc,stats    ] 
[544.784s][info][gc,stats    ] All times are wall-clock times, except per-root-class counters, that are sum over
[544.784s][info][gc,stats    ] all workers. Dividing the <total> over the root stage time estimates parallelism.
[544.784s][info][gc,stats    ] 
[544.784s][info][gc,stats    ] Concurrent Reset                  14561 us
[544.784s][info][gc,stats    ] Pause Init Mark (G)                 168 us
[544.784s][info][gc,stats    ] Pause Init Mark (N)                 123 us
[544.784s][info][gc,stats    ]   Update Region States               37 us
[544.784s][info][gc,stats    ] Concurrent Mark Roots              1021 us, parallelism: 1.61x
[544.784s][info][gc,stats    ]   CMR: <total>                     1645 us
[544.784s][info][gc,stats    ]   CMR: Thread Roots                1513 us, workers (us): 703, 810, ---, ---, 
[544.784s][info][gc,stats    ]   CMR: VM Strong Roots               12 us, workers (us):  12,   0, ---, ---, 
[544.784s][info][gc,stats    ]   CMR: CLDG Roots                   121 us, workers (us): 121, ---, ---, ---, 
[544.784s][info][gc,stats    ] Concurrent Marking               246591 us
[544.784s][info][gc,stats    ] Pause Final Mark (G)                279 us
[544.784s][info][gc,stats    ] Pause Final Mark (N)                260 us
[544.784s][info][gc,stats    ]   Finish Mark                        20 us
[544.784s][info][gc,stats    ]   Update Region States               16 us
[544.784s][info][gc,stats    ]   Choose Collection Set             146 us
[544.784s][info][gc,stats    ]   Rebuild Free Set                   11 us
[544.784s][info][gc,stats    ] Concurrent Thread Roots             774 us, parallelism: 1.78x
[544.784s][info][gc,stats    ]   CTR: <total>                     1382 us
[544.784s][info][gc,stats    ]   CTR: Thread Roots                1382 us, workers (us): 707, 674, ---, ---, 
[544.784s][info][gc,stats    ] Concurrent Weak References          438 us, parallelism: 0.92x
[544.784s][info][gc,stats    ]   CWRF: <total>                     404 us
[544.784s][info][gc,stats    ]   CWRF: Weak References             404 us, workers (us):  44, 360, ---, ---, 
[544.784s][info][gc,stats    ] Concurrent Weak Roots              2526 us
[544.784s][info][gc,stats    ]   Roots                            2463 us, parallelism: 1.91x
[544.784s][info][gc,stats    ]     CWR: <total>                   4695 us
[544.784s][info][gc,stats    ]     CWR: Code Cache Roots          3171 us, workers (us): 1592, 1579, ---, ---, 
[544.784s][info][gc,stats    ]     CWR: VM Weak Roots             1466 us, workers (us): 732, 733, ---, ---, 
[544.784s][info][gc,stats    ]     CWR: CLDG Roots                  58 us, workers (us):  58, ---, ---, ---, 
[544.784s][info][gc,stats    ]   Rendezvous                         23 us
[544.784s][info][gc,stats    ] Concurrent Cleanup                   49 us
[544.784s][info][gc,stats    ] Concurrent Class Unloading         5819 us
[544.784s][info][gc,stats    ]   Unlink Stale                     5384 us
[544.784s][info][gc,stats    ]     System Dictionary                59 us
[544.784s][info][gc,stats    ]     Weak Class Links                  0 us
[544.784s][info][gc,stats    ]     Code Roots                     5325 us
[544.784s][info][gc,stats    ]   Rendezvous                         72 us
[544.784s][info][gc,stats    ]   Purge Unlinked                    258 us
[544.784s][info][gc,stats    ]     Code Roots                      246 us
[544.784s][info][gc,stats    ]     CLDG                             12 us
[544.784s][info][gc,stats    ]     Exception Caches                  0 us
[544.784s][info][gc,stats    ] Concurrent Strong Roots             769 us, parallelism: 0.66x
[544.784s][info][gc,stats    ]   CSR: <total>                      508 us
[544.784s][info][gc,stats    ]   CSR: VM Strong Roots               12 us, workers (us):   7,   6, ---, ---, 
[544.784s][info][gc,stats    ]   CSR: CLDG Roots                   496 us, workers (us): ---, 496, ---, ---, 
[544.784s][info][gc,stats    ] Concurrent Evacuation             49186 us
[544.784s][info][gc,stats    ] Pause Init Update Refs (G)           80 us
[544.784s][info][gc,stats    ] Pause Init Update Refs (N)           59 us
[544.784s][info][gc,stats    ]   Manage GCLABs                       6 us
[544.784s][info][gc,stats    ] Concurrent Update Refs           153590 us
[544.784s][info][gc,stats    ] Concurrent Update Thread Roots     1374 us
[544.784s][info][gc,stats    ] Pause Final Update Refs (G)         202 us
[544.784s][info][gc,stats    ] Pause Final Update Refs (N)         130 us
[544.784s][info][gc,stats    ]   Update Region States               51 us
[544.784s][info][gc,stats    ]   Trash Collection Set               14 us
[544.784s][info][gc,stats    ]   Rebuild Free Set                   11 us
[544.784s][info][gc,stats    ] Concurrent Cleanup                   83 us
[544.784s][info][gc,stats    ] 
[544.784s][info][gc,stats    ] Allocation pacing accrued:
[544.784s][info][gc,stats    ]       0 of  8839 ms (  0.0%): <total>
[544.784s][info][gc,stats    ]       0 of  8839 ms (  0.0%): <average total>
[544.784s][info][gc,stats    ] 
[544.784s][info][gc,metaspace] Metaspace: 134519K(135872K)->134519K(135872K) NonClass: 113627K(114368K)->113627K(114368K) Class: 20891K(21504K)->20891K(21504K)
[544.784s][info][gc,ergo     ] Pacer for Idle. Initial: 163M, Alloc Tax Rate: 1.0x
[554.803s][info][gc          ] Trigger: Free (817M) is below minimum threshold (819M)
[554.803s][info][gc,ergo     ] Free: 817M, Max: 4096K regular, 604M humongous, Frag: 25% external, 0% internal; Reserve: 412M, Max: 4096K
[554.803s][info][gc,start    ] GC(59) Concurrent reset
[554.803s][info][gc,task     ] GC(59) Using 2 of 4 workers for concurrent reset
[554.803s][info][gc,ergo     ] GC(59) Pacer for Reset. Non-Taxable: 8192M
[554.822s][info][gc          ] GC(59) Concurrent reset 19.664ms
[554.822s][info][gc,start    ] GC(59) Pause Init Mark (unload classes)
[554.822s][info][gc,task     ] GC(59) Using 4 of 4 workers for init marking
[554.823s][info][gc,ergo     ] GC(59) Pacer for Mark. Expected Live: 489M, Free: 813M, Non-Taxable: 83261K, Alloc Tax Rate: 0.7x
[554.823s][info][gc          ] GC(59) Pause Init Mark (unload classes) 0.135ms
[554.823s][info][gc,start    ] GC(59) Concurrent marking roots
[554.823s][info][gc,task     ] GC(59) Using 2 of 4 workers for concurrent marking roots
[554.824s][info][gc          ] GC(59) Concurrent marking roots 1.107ms
[554.824s][info][gc,start    ] GC(59) Concurrent marking (unload classes)
[554.824s][info][gc,task     ] GC(59) Using 2 of 4 workers for concurrent marking
[555.067s][info][gc          ] GC(59) Concurrent marking (unload classes) 242.790ms
[555.067s][info][gc,start    ] GC(59) Pause Final Mark (unload classes)
[555.067s][info][gc,task     ] GC(59) Using 4 of 4 workers for final marking
[555.067s][info][gc,ergo     ] GC(59) Adaptive CSet Selection. Target Free: 1160M, Actual Free: 2300M, Max CSet: 341M, Min Garbage: 0B
[555.067s][info][gc,ergo     ] GC(59) Collectable Garbage: 6429M (99%), Immediate: 1240M (19%), CSet: 5189M (80%)
[555.067s][info][gc,ergo     ] GC(59) Pacer for Evacuation. Used CSet: 5284M, Free: 1901M, Non-Taxable: 190M, Alloc Tax Rate: 6.8x
[555.067s][info][gc          ] GC(59) Pause Final Mark (unload classes) 0.257ms
[555.067s][info][gc,start    ] GC(59) Concurrent thread roots
[555.067s][info][gc,task     ] GC(59) Using 2 of 4 workers for Concurrent thread roots
[555.068s][info][gc          ] GC(59) Concurrent thread roots 0.780ms
[555.068s][info][gc,start    ] GC(59) Concurrent weak references
[555.068s][info][gc,task     ] GC(59) Using 2 of 4 workers for concurrent weak references
[555.068s][info][gc,ref      ] GC(59) Encountered references: Soft: 6089, Weak: 23313, Final: 34, Phantom: 799
[555.068s][info][gc,ref      ] GC(59) Discovered  references: Soft: 0, Weak: 548, Final: 0, Phantom: 568
[555.068s][info][gc,ref      ] GC(59) Enqueued    references: Soft: 0, Weak: 3, Final: 0, Phantom: 0
[555.068s][info][gc          ] GC(59) Concurrent weak references 0.121ms
[555.068s][info][gc,start    ] GC(59) Concurrent weak roots
[555.068s][info][gc,task     ] GC(59) Using 2 of 4 workers for concurrent weak root
[555.070s][info][gc          ] GC(59) Concurrent weak roots 2.620ms
[555.070s][info][gc,start    ] GC(59) Concurrent cleanup
[555.071s][info][gc          ] GC(59) Concurrent cleanup 7127M->5887M(8192M) 0.033ms
[555.071s][info][gc,ergo     ] GC(59) Free: 1892M, Max: 4096K regular, 604M humongous, Frag: 68% external, 0% internal; Reserve: 411M, Max: 4096K
[555.071s][info][gc,start    ] GC(59) Concurrent class unloading
[555.071s][info][gc,task     ] GC(59) Using 2 of 4 workers for concurrent class unloading
[555.075s][info][gc          ] GC(59) Concurrent class unloading 4.782ms
[555.075s][info][gc,start    ] GC(59) Concurrent strong roots
[555.075s][info][gc,task     ] GC(59) Using 2 of 4 workers for concurrent strong root
[555.076s][info][gc          ] GC(59) Concurrent strong roots 0.290ms
[555.076s][info][gc,start    ] GC(59) Concurrent evacuation
[555.076s][info][gc,task     ] GC(59) Using 2 of 4 workers for concurrent evacuation
[555.128s][info][gc          ] GC(59) Concurrent evacuation 52.569ms
[555.128s][info][gc,start    ] GC(59) Pause Init Update Refs
[555.128s][info][gc,ergo     ] GC(59) Pacer for Update Refs. Used: 6011M, Free: 1868M, Non-Taxable: 186M, Alloc Tax Rate: 3.9x
[555.128s][info][gc          ] GC(59) Pause Init Update Refs 0.046ms
[555.128s][info][gc,start    ] GC(59) Concurrent update references
[555.128s][info][gc,task     ] GC(59) Using 2 of 4 workers for concurrent reference update
[555.275s][info][gc          ] GC(59) Concurrent update references 146.588ms
[555.275s][info][gc,start    ] GC(59) Concurrent update thread roots
[555.276s][info][gc          ] GC(59) Concurrent update thread roots 1.323ms
[555.276s][info][gc,start    ] GC(59) Pause Final Update Refs
[555.276s][info][gc,task     ] GC(59) Using 4 of 4 workers for final reference update
[555.276s][info][gc          ] GC(59) Pause Final Update Refs 0.090ms
[555.276s][info][gc,start    ] GC(59) Concurrent cleanup
[555.277s][info][gc          ] GC(59) Concurrent cleanup 6059M->775M(8192M) 0.065ms
[555.277s][info][gc,ergo     ] Free: 7004M, Max: 4096K regular, 5756M humongous, Frag: 18% external, 0% internal; Reserve: 412M, Max: 4096K
[555.277s][info][gc,stats    ] 
[555.277s][info][gc,stats    ] All times are wall-clock times, except per-root-class counters, that are sum over
[555.277s][info][gc,stats    ] all workers. Dividing the <total> over the root stage time estimates parallelism.
[555.277s][info][gc,stats    ] 
[555.277s][info][gc,stats    ] Concurrent Reset                  19763 us
[555.277s][info][gc,stats    ] Pause Init Mark (G)                 246 us
[555.277s][info][gc,stats    ] Pause Init Mark (N)                 148 us
[555.277s][info][gc,stats    ]   Update Region States               49 us
[555.277s][info][gc,stats    ] Concurrent Mark Roots              1132 us, parallelism: 1.66x
[555.277s][info][gc,stats    ]   CMR: <total>                     1878 us
[555.277s][info][gc,stats    ]   CMR: Thread Roots                1721 us, workers (us): 932, 789, ---, ---, 
[555.277s][info][gc,stats    ]   CMR: VM Strong Roots               16 us, workers (us):   9,   7, ---, ---, 
[555.277s][info][gc,stats    ]   CMR: CLDG Roots                   141 us, workers (us): ---, 141, ---, ---, 
[555.277s][info][gc,stats    ] Concurrent Marking               242842 us
[555.277s][info][gc,stats    ] Pause Final Mark (G)                286 us
[555.277s][info][gc,stats    ] Pause Final Mark (N)                268 us
[555.277s][info][gc,stats    ]   Finish Mark                        19 us
[555.277s][info][gc,stats    ]   Update Region States               15 us
[555.277s][info][gc,stats    ]   Choose Collection Set             156 us
[555.277s][info][gc,stats    ]   Rebuild Free Set                   10 us
[555.277s][info][gc,stats    ] Concurrent Thread Roots             804 us, parallelism: 1.84x
[555.277s][info][gc,stats    ]   CTR: <total>                     1483 us
[555.277s][info][gc,stats    ]   CTR: Thread Roots                1483 us, workers (us): 744, 739, ---, ---, 
[555.277s][info][gc,stats    ] Concurrent Weak References          132 us, parallelism: 0.58x
[555.277s][info][gc,stats    ]   CWRF: <total>                      77 us
[555.277s][info][gc,stats    ]   CWRF: Weak References              77 us, workers (us):  43,  34, ---, ---, 
[555.277s][info][gc,stats    ] Concurrent Weak Roots              2641 us
[555.277s][info][gc,stats    ]   Roots                            2553 us, parallelism: 1.91x
[555.277s][info][gc,stats    ]     CWR: <total>                   4885 us
[555.277s][info][gc,stats    ]     CWR: Code Cache Roots          3358 us, workers (us): 1686, 1672, ---, ---, 
[555.277s][info][gc,stats    ]     CWR: VM Weak Roots             1459 us, workers (us): 730, 729, ---, ---, 
[555.277s][info][gc,stats    ]     CWR: CLDG Roots                  68 us, workers (us): ---,  68, ---, ---, 
[555.277s][info][gc,stats    ]   Rendezvous                         46 us
[555.277s][info][gc,stats    ] Concurrent Cleanup                   46 us
[555.277s][info][gc,stats    ] Concurrent Class Unloading         4814 us
[555.277s][info][gc,stats    ]   Unlink Stale                     4582 us
[555.277s][info][gc,stats    ]     System Dictionary                65 us
[555.277s][info][gc,stats    ]     Weak Class Links                  1 us
[555.277s][info][gc,stats    ]     Code Roots                     4515 us
[555.277s][info][gc,stats    ]   Rendezvous                         63 us
[555.277s][info][gc,stats    ]   Purge Unlinked                    114 us
[555.277s][info][gc,stats    ]     Code Roots                      110 us
[555.277s][info][gc,stats    ]     CLDG                              4 us
[555.277s][info][gc,stats    ]     Exception Caches                  0 us
[555.277s][info][gc,stats    ] Concurrent Strong Roots             304 us, parallelism: 0.66x
[555.277s][info][gc,stats    ]   CSR: <total>                      201 us
[555.277s][info][gc,stats    ]   CSR: VM Strong Roots                7 us, workers (us):   4,   3, ---, ---, 
[555.277s][info][gc,stats    ]   CSR: CLDG Roots                   194 us, workers (us): ---, 194, ---, ---, 
[555.277s][info][gc,stats    ] Concurrent Evacuation             52611 us
[555.277s][info][gc,stats    ] Pause Init Update Refs (G)           89 us
[555.277s][info][gc,stats    ] Pause Init Update Refs (N)           58 us
[555.277s][info][gc,stats    ]   Manage GCLABs                       6 us
[555.277s][info][gc,stats    ] Concurrent Update Refs           146633 us
[555.277s][info][gc,stats    ] Concurrent Update Thread Roots     1340 us
[555.277s][info][gc,stats    ] Pause Final Update Refs (G)         142 us
[555.277s][info][gc,stats    ] Pause Final Update Refs (N)         115 us
[555.277s][info][gc,stats    ]   Update Region States               27 us
[555.277s][info][gc,stats    ]   Trash Collection Set               12 us
[555.277s][info][gc,stats    ]   Rebuild Free Set                   10 us
[555.277s][info][gc,stats    ] Concurrent Cleanup                   80 us
[555.277s][info][gc,stats    ] 
[555.277s][info][gc,stats    ] Allocation pacing accrued:
[555.277s][info][gc,stats    ]       0 of 10493 ms (  0.0%): <total>
[555.277s][info][gc,stats    ]       0 of 10493 ms (  0.0%): <average total>
[555.277s][info][gc,stats    ] 
[555.277s][info][gc,metaspace] Metaspace: 134534K(135872K)->134534K(135872K) NonClass: 113642K(114368K)->113642K(114368K) Class: 20891K(21504K)->20891K(21504K)
[555.277s][info][gc,ergo     ] Pacer for Idle. Initial: 163M, Alloc Tax Rate: 1.0x
[563.795s][info][gc          ] Trigger: Free (816M) is below minimum threshold (819M)
[563.795s][info][gc,ergo     ] Free: 816M, Max: 4096K regular, 604M humongous, Frag: 25% external, 0% internal; Reserve: 412M, Max: 4096K
[563.795s][info][gc,start    ] GC(60) Concurrent reset
[563.795s][info][gc,task     ] GC(60) Using 2 of 4 workers for concurrent reset
[563.795s][info][gc,ergo     ] GC(60) Pacer for Reset. Non-Taxable: 8192M
[563.813s][info][gc          ] GC(60) Concurrent reset 17.577ms
[563.813s][info][gc,start    ] GC(60) Pause Init Mark (unload classes)
[563.813s][info][gc,task     ] GC(60) Using 4 of 4 workers for init marking
[563.813s][info][gc,ergo     ] GC(60) Pacer for Mark. Expected Live: 491M, Free: 813M, Non-Taxable: 83261K, Alloc Tax Rate: 0.7x
[563.813s][info][gc          ] GC(60) Pause Init Mark (unload classes) 0.119ms
[563.813s][info][gc,start    ] GC(60) Concurrent marking roots
[563.813s][info][gc,task     ] GC(60) Using 2 of 4 workers for concurrent marking roots
[563.815s][info][gc          ] GC(60) Concurrent marking roots 1.542ms
[563.815s][info][gc,start    ] GC(60) Concurrent marking (unload classes)
[563.815s][info][gc,task     ] GC(60) Using 2 of 4 workers for concurrent marking
[564.066s][info][gc          ] GC(60) Concurrent marking (unload classes) 251.424ms
[564.066s][info][gc,start    ] GC(60) Pause Final Mark (unload classes)
[564.066s][info][gc,task     ] GC(60) Using 4 of 4 workers for final marking
[564.066s][info][gc,ergo     ] GC(60) Adaptive CSet Selection. Target Free: 1160M, Actual Free: 2296M, Max CSet: 341M, Min Garbage: 0B
[564.066s][info][gc,ergo     ] GC(60) Collectable Garbage: 6409M (99%), Immediate: 1268M (19%), CSet: 5141M (79%)
[564.066s][info][gc,ergo     ] GC(60) Pacer for Evacuation. Used CSet: 5252M, Free: 1897M, Non-Taxable: 189M, Alloc Tax Rate: 6.8x
[564.066s][info][gc          ] GC(60) Pause Final Mark (unload classes) 0.255ms
[564.066s][info][gc,start    ] GC(60) Concurrent thread roots
[564.067s][info][gc,task     ] GC(60) Using 2 of 4 workers for Concurrent thread roots
[564.067s][info][gc          ] GC(60) Concurrent thread roots 0.810ms
[564.067s][info][gc,start    ] GC(60) Concurrent weak references
[564.067s][info][gc,task     ] GC(60) Using 2 of 4 workers for concurrent weak references
[564.068s][info][gc,ref      ] GC(60) Encountered references: Soft: 6089, Weak: 23313, Final: 34, Phantom: 802
[564.068s][info][gc,ref      ] GC(60) Discovered  references: Soft: 0, Weak: 10869, Final: 1, Phantom: 675
[564.068s][info][gc,ref      ] GC(60) Enqueued    references: Soft: 0, Weak: 2, Final: 0, Phantom: 0
[564.068s][info][gc          ] GC(60) Concurrent weak references 0.721ms
[564.068s][info][gc,start    ] GC(60) Concurrent weak roots
[564.068s][info][gc,task     ] GC(60) Using 2 of 4 workers for concurrent weak root
[564.071s][info][gc          ] GC(60) Concurrent weak roots 3.044ms
[564.071s][info][gc,start    ] GC(60) Concurrent cleanup
[564.071s][info][gc          ] GC(60) Concurrent cleanup 7165M->5897M(8192M) 0.051ms
[564.071s][info][gc,ergo     ] GC(60) Free: 1883M, Max: 4096K regular, 604M humongous, Frag: 68% external, 0% internal; Reserve: 411M, Max: 4096K
[564.071s][info][gc,start    ] GC(60) Concurrent class unloading
[564.071s][info][gc,task     ] GC(60) Using 2 of 4 workers for concurrent class unloading
[564.076s][info][gc          ] GC(60) Concurrent class unloading 5.143ms
[564.076s][info][gc,start    ] GC(60) Concurrent strong roots
[564.076s][info][gc,task     ] GC(60) Using 2 of 4 workers for concurrent strong root
[564.077s][info][gc          ] GC(60) Concurrent strong roots 0.344ms
[564.077s][info][gc,start    ] GC(60) Concurrent evacuation
[564.077s][info][gc,task     ] GC(60) Using 2 of 4 workers for concurrent evacuation
[564.134s][info][gc          ] GC(60) Concurrent evacuation 56.988ms
[564.134s][info][gc,start    ] GC(60) Pause Init Update Refs
[564.134s][info][gc,ergo     ] GC(60) Pacer for Update Refs. Used: 6068M, Free: 1827M, Non-Taxable: 182M, Alloc Tax Rate: 4.1x
[564.134s][info][gc          ] GC(60) Pause Init Update Refs 0.043ms
[564.134s][info][gc,start    ] GC(60) Concurrent update references
[564.134s][info][gc,task     ] GC(60) Using 2 of 4 workers for concurrent reference update
[564.297s][info][gc          ] GC(60) Concurrent update references 162.727ms
[564.297s][info][gc,start    ] GC(60) Concurrent update thread roots
[564.298s][info][gc          ] GC(60) Concurrent update thread roots 1.329ms
[564.298s][info][gc,start    ] GC(60) Pause Final Update Refs
[564.298s][info][gc,task     ] GC(60) Using 4 of 4 workers for final reference update
[564.298s][info][gc          ] GC(60) Pause Final Update Refs 0.100ms
[564.298s][info][gc,start    ] GC(60) Concurrent cleanup
[564.298s][info][gc          ] GC(60) Concurrent cleanup 6220M->972M(8192M) 0.072ms
[564.298s][info][gc,ergo     ] Free: 6807M, Max: 4096K regular, 5560M humongous, Frag: 19% external, 0% internal; Reserve: 412M, Max: 4096K
[564.298s][info][gc,stats    ] 
[564.298s][info][gc,stats    ] All times are wall-clock times, except per-root-class counters, that are sum over
[564.298s][info][gc,stats    ] all workers. Dividing the <total> over the root stage time estimates parallelism.
[564.298s][info][gc,stats    ] 
[564.298s][info][gc,stats    ] Concurrent Reset                  17626 us
[564.298s][info][gc,stats    ] Pause Init Mark (G)                 250 us
[564.298s][info][gc,stats    ] Pause Init Mark (N)                 131 us
[564.298s][info][gc,stats    ]   Update Region States               50 us
[564.298s][info][gc,stats    ] Concurrent Mark Roots              1568 us, parallelism: 1.75x
[564.298s][info][gc,stats    ]   CMR: <total>                     2743 us
[564.298s][info][gc,stats    ]   CMR: Thread Roots                2594 us, workers (us): 1235, 1359, ---, ---, 
[564.298s][info][gc,stats    ]   CMR: VM Strong Roots               12 us, workers (us):  12,   0, ---, ---, 
[564.298s][info][gc,stats    ]   CMR: CLDG Roots                   137 us, workers (us): 137, ---, ---, ---, 
[564.298s][info][gc,stats    ] Concurrent Marking               251461 us
[564.298s][info][gc,stats    ] Pause Final Mark (G)                316 us
[564.298s][info][gc,stats    ] Pause Final Mark (N)                266 us
[564.298s][info][gc,stats    ]   Finish Mark                        20 us
[564.298s][info][gc,stats    ]   Update Region States               17 us
[564.298s][info][gc,stats    ]   Choose Collection Set             153 us
[564.299s][info][gc,stats    ]   Rebuild Free Set                   10 us
[564.299s][info][gc,stats    ] Concurrent Thread Roots             833 us, parallelism: 1.80x
[564.299s][info][gc,stats    ]   CTR: <total>                     1500 us
[564.299s][info][gc,stats    ]   CTR: Thread Roots                1500 us, workers (us): 769, 731, ---, ---, 
[564.299s][info][gc,stats    ] Concurrent Weak References          732 us, parallelism: 0.89x
[564.299s][info][gc,stats    ]   CWRF: <total>                     651 us
[564.299s][info][gc,stats    ]   CWRF: Weak References             651 us, workers (us):  37, 614, ---, ---, 
[564.299s][info][gc,stats    ] Concurrent Weak Roots              3063 us
[564.299s][info][gc,stats    ]   Roots                            2964 us, parallelism: 1.89x
[564.299s][info][gc,stats    ]     CWR: <total>                   5592 us
[564.299s][info][gc,stats    ]     CWR: Code Cache Roots          3929 us, workers (us): 1972, 1958, ---, ---, 
[564.299s][info][gc,stats    ]     CWR: VM Weak Roots             1571 us, workers (us): 800, 771, ---, ---, 
[564.299s][info][gc,stats    ]     CWR: CLDG Roots                  92 us, workers (us): ---,  92, ---, ---, 
[564.299s][info][gc,stats    ]   Rendezvous                         56 us
[564.299s][info][gc,stats    ] Concurrent Cleanup                   67 us
[564.299s][info][gc,stats    ] Concurrent Class Unloading         5169 us
[564.299s][info][gc,stats    ]   Unlink Stale                     4860 us
[564.299s][info][gc,stats    ]     System Dictionary                71 us
[564.299s][info][gc,stats    ]     Weak Class Links                  1 us
[564.299s][info][gc,stats    ]     Code Roots                     4788 us
[564.299s][info][gc,stats    ]   Rendezvous                        143 us
[564.299s][info][gc,stats    ]   Purge Unlinked                    117 us
[564.299s][info][gc,stats    ]     Code Roots                      113 us
[564.299s][info][gc,stats    ]     CLDG                              3 us
[564.299s][info][gc,stats    ] Concurrent Strong Roots             359 us, parallelism: 0.68x
[564.299s][info][gc,stats    ]   CSR: <total>                      245 us
[564.299s][info][gc,stats    ]   CSR: VM Strong Roots                8 us, workers (us):   8,   0, ---, ---, 
[564.299s][info][gc,stats    ]   CSR: CLDG Roots                   237 us, workers (us): 237, ---, ---, ---, 
[564.299s][info][gc,stats    ] Concurrent Evacuation             57025 us
[564.299s][info][gc,stats    ] Pause Init Update Refs (G)          142 us
[564.299s][info][gc,stats    ] Pause Init Update Refs (N)           54 us
[564.299s][info][gc,stats    ]   Manage GCLABs                       5 us
[564.299s][info][gc,stats    ] Concurrent Update Refs           162765 us
[564.299s][info][gc,stats    ] Concurrent Update Thread Roots     1348 us
[564.299s][info][gc,stats    ] Pause Final Update Refs (G)         167 us
[564.299s][info][gc,stats    ] Pause Final Update Refs (N)         114 us
[564.299s][info][gc,stats    ]   Update Region States               35 us
[564.299s][info][gc,stats    ]   Trash Collection Set               15 us
[564.299s][info][gc,stats    ]   Rebuild Free Set                   11 us
[564.299s][info][gc,stats    ] Concurrent Cleanup                   87 us
[564.299s][info][gc,stats    ] 
[564.299s][info][gc,stats    ] Allocation pacing accrued:
[564.299s][info][gc,stats    ]       0 of  9022 ms (  0.0%): <total>
[564.299s][info][gc,stats    ]       0 of  9022 ms (  0.0%): <average total>
[564.299s][info][gc,stats    ] 
[564.299s][info][gc,metaspace] Metaspace: 134534K(135872K)->134534K(135872K) NonClass: 113642K(114368K)->113642K(114368K) Class: 20891K(21504K)->20891K(21504K)
[564.299s][info][gc,ergo     ] Pacer for Idle. Initial: 163M, Alloc Tax Rate: 1.0x
[572.680s][info][gc          ] Trigger: Free (815M) is below minimum threshold (819M)
[572.681s][info][gc,ergo     ] Free: 815M, Max: 4096K regular, 584M humongous, Frag: 28% external, 1% internal; Reserve: 412M, Max: 4096K
[572.681s][info][gc,start    ] GC(61) Concurrent reset
[572.681s][info][gc,task     ] GC(61) Using 2 of 4 workers for concurrent reset
[572.681s][info][gc,ergo     ] GC(61) Pacer for Reset. Non-Taxable: 8192M
[572.700s][info][gc          ] GC(61) Concurrent reset 19.895ms
[572.701s][info][gc,start    ] GC(61) Pause Init Mark (unload classes)
[572.701s][info][gc,task     ] GC(61) Using 4 of 4 workers for init marking
[572.701s][info][gc,ergo     ] GC(61) Pacer for Mark. Expected Live: 491M, Free: 787M, Non-Taxable: 80624K, Alloc Tax Rate: 0.8x
[572.701s][info][gc          ] GC(61) Pause Init Mark (unload classes) 0.118ms
[572.701s][info][gc,start    ] GC(61) Concurrent marking roots
[572.701s][info][gc,task     ] GC(61) Using 2 of 4 workers for concurrent marking roots
[572.702s][info][gc          ] GC(61) Concurrent marking roots 0.998ms
[572.702s][info][gc,start    ] GC(61) Concurrent marking (unload classes)
[572.702s][info][gc,task     ] GC(61) Using 2 of 4 workers for concurrent marking
[572.965s][info][gc          ] GC(61) Concurrent marking (unload classes) 262.851ms
[572.965s][info][gc,start    ] GC(61) Pause Final Mark (unload classes)
[572.965s][info][gc,task     ] GC(61) Using 4 of 4 workers for final marking
[572.965s][info][gc,ergo     ] GC(61) Adaptive CSet Selection. Target Free: 1160M, Actual Free: 2548M, Max CSet: 341M, Min Garbage: 0B
[572.965s][info][gc,ergo     ] GC(61) Collectable Garbage: 6435M (99%), Immediate: 1660M (25%), CSet: 4775M (73%)
[572.965s][info][gc,ergo     ] GC(61) Pacer for Evacuation. Used CSet: 4888M, Free: 2145M, Non-Taxable: 214M, Alloc Tax Rate: 5.6x
[572.965s][info][gc          ] GC(61) Pause Final Mark (unload classes) 0.266ms
[572.965s][info][gc,start    ] GC(61) Concurrent thread roots
[572.965s][info][gc,task     ] GC(61) Using 2 of 4 workers for Concurrent thread roots
[572.966s][info][gc          ] GC(61) Concurrent thread roots 0.849ms
[572.966s][info][gc,start    ] GC(61) Concurrent weak references
[572.966s][info][gc,task     ] GC(61) Using 2 of 4 workers for concurrent weak references
[572.966s][info][gc,ref      ] GC(61) Encountered references: Soft: 6089, Weak: 23316, Final: 34, Phantom: 803
[572.966s][info][gc,ref      ] GC(61) Discovered  references: Soft: 0, Weak: 4119, Final: 0, Phantom: 571
[572.966s][info][gc,ref      ] GC(61) Enqueued    references: Soft: 0, Weak: 5, Final: 0, Phantom: 1
[572.966s][info][gc          ] GC(61) Concurrent weak references 0.217ms
[572.966s][info][gc,start    ] GC(61) Concurrent weak roots
[572.966s][info][gc,task     ] GC(61) Using 2 of 4 workers for concurrent weak root
[572.969s][info][gc          ] GC(61) Concurrent weak roots 2.562ms
[572.969s][info][gc,start    ] GC(61) Concurrent cleanup
[572.969s][info][gc          ] GC(61) Concurrent cleanup 7306M->5646M(8192M) 0.040ms
[572.969s][info][gc,ergo     ] GC(61) Free: 2133M, Max: 4096K regular, 464M humongous, Frag: 79% external, 0% internal; Reserve: 411M, Max: 4096K
[572.969s][info][gc,start    ] GC(61) Concurrent class unloading
[572.969s][info][gc,task     ] GC(61) Using 2 of 4 workers for concurrent class unloading
[572.974s][info][gc          ] GC(61) Concurrent class unloading 4.787ms
[572.974s][info][gc,start    ] GC(61) Concurrent strong roots
[572.974s][info][gc,task     ] GC(61) Using 2 of 4 workers for concurrent strong root
[572.974s][info][gc          ] GC(61) Concurrent strong roots 0.386ms
[572.974s][info][gc,start    ] GC(61) Concurrent evacuation
[572.974s][info][gc,task     ] GC(61) Using 2 of 4 workers for concurrent evacuation
[573.029s][info][gc          ] GC(61) Concurrent evacuation 55.087ms
[573.029s][info][gc,start    ] GC(61) Pause Init Update Refs
[573.029s][info][gc,ergo     ] GC(61) Pacer for Update Refs. Used: 5782M, Free: 2113M, Non-Taxable: 211M, Alloc Tax Rate: 3.3x
[573.029s][info][gc          ] GC(61) Pause Init Update Refs 0.045ms
[573.029s][info][gc,start    ] GC(61) Concurrent update references
[573.029s][info][gc,task     ] GC(61) Using 2 of 4 workers for concurrent reference update
[573.197s][info][gc          ] GC(61) Concurrent update references 167.463ms
[573.197s][info][gc,start    ] GC(61) Concurrent update thread roots
[573.198s][info][gc          ] GC(61) Concurrent update thread roots 1.240ms
[573.198s][info][gc,start    ] GC(61) Pause Final Update Refs
[573.198s][info][gc,task     ] GC(61) Using 4 of 4 workers for final reference update
[573.198s][info][gc          ] GC(61) Pause Final Update Refs 0.101ms
[573.198s][info][gc,start    ] GC(61) Concurrent cleanup
[573.198s][info][gc          ] GC(61) Concurrent cleanup 5866M->978M(8192M) 0.072ms
[573.198s][info][gc,ergo     ] Free: 6801M, Max: 4096K regular, 5728M humongous, Frag: 16% external, 0% internal; Reserve: 412M, Max: 4096K
[573.198s][info][gc,stats    ] 
[573.198s][info][gc,stats    ] All times are wall-clock times, except per-root-class counters, that are sum over
[573.198s][info][gc,stats    ] all workers. Dividing the <total> over the root stage time estimates parallelism.
[573.198s][info][gc,stats    ] 
[573.198s][info][gc,stats    ] Concurrent Reset                  19961 us
[573.198s][info][gc,stats    ] Pause Init Mark (G)                 249 us
[573.198s][info][gc,stats    ] Pause Init Mark (N)                 133 us
[573.198s][info][gc,stats    ]   Update Region States               45 us
[573.198s][info][gc,stats    ] Concurrent Mark Roots              1019 us, parallelism: 1.60x
[573.198s][info][gc,stats    ]   CMR: <total>                     1634 us
[573.198s][info][gc,stats    ]   CMR: Thread Roots                1505 us, workers (us): 707, 798, ---, ---, 
[573.198s][info][gc,stats    ]   CMR: VM Strong Roots               14 us, workers (us):  14,   0, ---, ---, 
[573.198s][info][gc,stats    ]   CMR: CLDG Roots                   115 us, workers (us): 115, ---, ---, ---, 
[573.198s][info][gc,stats    ] Concurrent Marking               262882 us
[573.198s][info][gc,stats    ] Pause Final Mark (G)                325 us
[573.198s][info][gc,stats    ] Pause Final Mark (N)                277 us
[573.198s][info][gc,stats    ]   Finish Mark                        19 us
[573.199s][info][gc,stats    ]   Update Region States               42 us
[573.199s][info][gc,stats    ]   Choose Collection Set             140 us
[573.199s][info][gc,stats    ]   Rebuild Free Set                    9 us
[573.199s][info][gc,stats    ] Concurrent Thread Roots             869 us, parallelism: 1.80x
[573.199s][info][gc,stats    ]   CTR: <total>                     1566 us
[573.199s][info][gc,stats    ]   CTR: Thread Roots                1566 us, workers (us): 799, 768, ---, ---, 
[573.199s][info][gc,stats    ] Concurrent Weak References          228 us, parallelism: 1.10x
[573.199s][info][gc,stats    ]   CWRF: <total>                     251 us
[573.199s][info][gc,stats    ]   CWRF: Weak References             251 us, workers (us):  99, 152, ---, ---, 
[573.199s][info][gc,stats    ] Concurrent Weak Roots              2579 us
[573.199s][info][gc,stats    ]   Roots                            2517 us, parallelism: 1.92x
[573.199s][info][gc,stats    ]     CWR: <total>                   4838 us
[573.199s][info][gc,stats    ]     CWR: Code Cache Roots          3308 us, workers (us): 1633, 1675, ---, ---, 
[573.199s][info][gc,stats    ]     CWR: VM Weak Roots             1460 us, workers (us): 730, 730, ---, ---, 
[573.199s][info][gc,stats    ]     CWR: CLDG Roots                  70 us, workers (us):  70, ---, ---, ---, 
[573.199s][info][gc,stats    ]   Rendezvous                         24 us
[573.199s][info][gc,stats    ] Concurrent Cleanup                   53 us
[573.199s][info][gc,stats    ] Concurrent Class Unloading         4810 us
[573.199s][info][gc,stats    ]   Unlink Stale                     4416 us
[573.199s][info][gc,stats    ]     System Dictionary                61 us
[573.199s][info][gc,stats    ]     Weak Class Links                  0 us
[573.199s][info][gc,stats    ]     Code Roots                     4354 us
[573.199s][info][gc,stats    ]   Rendezvous                        154 us
[573.199s][info][gc,stats    ]   Purge Unlinked                    194 us
[573.199s][info][gc,stats    ]     Code Roots                      189 us
[573.199s][info][gc,stats    ]     CLDG                              5 us
[573.199s][info][gc,stats    ]     Exception Caches                  0 us
[573.199s][info][gc,stats    ] Concurrent Strong Roots             411 us, parallelism: 0.72x
[573.199s][info][gc,stats    ]   CSR: <total>                      297 us
[573.199s][info][gc,stats    ]   CSR: VM Strong Roots                8 us, workers (us):   8,   0, ---, ---, 
[573.199s][info][gc,stats    ]   CSR: CLDG Roots                   289 us, workers (us): 289, ---, ---, ---, 
[573.199s][info][gc,stats    ] Concurrent Evacuation             55138 us
[573.199s][info][gc,stats    ] Pause Init Update Refs (G)           83 us
[573.199s][info][gc,stats    ] Pause Init Update Refs (N)           56 us
[573.199s][info][gc,stats    ]   Manage GCLABs                       5 us
[573.199s][info][gc,stats    ] Concurrent Update Refs           167505 us
[573.199s][info][gc,stats    ] Concurrent Update Thread Roots     1253 us
[573.199s][info][gc,stats    ] Pause Final Update Refs (G)         258 us
[573.199s][info][gc,stats    ] Pause Final Update Refs (N)         121 us
[573.199s][info][gc,stats    ]   Update Region States               40 us
[573.199s][info][gc,stats    ]   Trash Collection Set               14 us
[573.199s][info][gc,stats    ]   Rebuild Free Set                   10 us
[573.199s][info][gc,stats    ] Concurrent Cleanup                   92 us
[573.199s][info][gc,stats    ] 
[573.199s][info][gc,stats    ] Allocation pacing accrued:
[573.199s][info][gc,stats    ]       0 of  8900 ms (  0.0%): <total>
[573.199s][info][gc,stats    ]       0 of  8900 ms (  0.0%): <average total>
[573.199s][info][gc,stats    ] 
[573.199s][info][gc,metaspace] Metaspace: 134546K(135872K)->134546K(135872K) NonClass: 113654K(114368K)->113654K(114368K) Class: 20892K(21504K)->20892K(21504K)
[573.199s][info][gc,ergo     ] Pacer for Idle. Initial: 163M, Alloc Tax Rate: 1.0x
[583.998s][info][gc          ] Trigger: Free (817M) is below minimum threshold (819M)
[583.998s][info][gc,ergo     ] Free: 817M, Max: 4096K regular, 464M humongous, Frag: 43% external, 0% internal; Reserve: 412M, Max: 4096K
[583.998s][info][gc,start    ] GC(62) Concurrent reset
[583.998s][info][gc,task     ] GC(62) Using 2 of 4 workers for concurrent reset
[583.998s][info][gc,ergo     ] GC(62) Pacer for Reset. Non-Taxable: 8192M
[584.019s][info][gc          ] GC(62) Concurrent reset 21.084ms
[584.019s][info][gc,start    ] GC(62) Pause Init Mark (unload classes)
[584.019s][info][gc,task     ] GC(62) Using 4 of 4 workers for init marking
[584.019s][info][gc,ergo     ] GC(62) Pacer for Mark. Expected Live: 500M, Free: 801M, Non-Taxable: 82067K, Alloc Tax Rate: 0.8x
[584.019s][info][gc          ] GC(62) Pause Init Mark (unload classes) 0.138ms
[584.019s][info][gc,start    ] GC(62) Concurrent marking roots
[584.019s][info][gc,task     ] GC(62) Using 2 of 4 workers for concurrent marking roots
[584.020s][info][gc          ] GC(62) Concurrent marking roots 1.100ms
[584.020s][info][gc,start    ] GC(62) Concurrent marking (unload classes)
[584.020s][info][gc,task     ] GC(62) Using 2 of 4 workers for concurrent marking
[584.265s][info][gc          ] GC(62) Concurrent marking (unload classes) 244.810ms
[584.265s][info][gc,start    ] GC(62) Pause Final Mark (unload classes)
[584.265s][info][gc,task     ] GC(62) Using 4 of 4 workers for final marking
[584.265s][info][gc,ergo     ] GC(62) Adaptive CSet Selection. Target Free: 1160M, Actual Free: 2712M, Max CSet: 341M, Min Garbage: 0B
[584.265s][info][gc,ergo     ] GC(62) Collectable Garbage: 6464M (99%), Immediate: 1676M (25%), CSet: 4788M (73%)
[584.265s][info][gc,ergo     ] GC(62) Pacer for Evacuation. Used CSet: 4856M, Free: 2309M, Non-Taxable: 230M, Alloc Tax Rate: 5.1x
[584.265s][info][gc          ] GC(62) Pause Final Mark (unload classes) 0.279ms
[584.265s][info][gc,start    ] GC(62) Concurrent thread roots
[584.265s][info][gc,task     ] GC(62) Using 2 of 4 workers for Concurrent thread roots
[584.266s][info][gc          ] GC(62) Concurrent thread roots 0.787ms
[584.266s][info][gc,start    ] GC(62) Concurrent weak references
[584.266s][info][gc,task     ] GC(62) Using 2 of 4 workers for concurrent weak references
[584.266s][info][gc,ref      ] GC(62) Encountered references: Soft: 6089, Weak: 23314, Final: 34, Phantom: 806
[584.266s][info][gc,ref      ] GC(62) Discovered  references: Soft: 0, Weak: 7999, Final: 0, Phantom: 572
[584.266s][info][gc,ref      ] GC(62) Enqueued    references: Soft: 0, Weak: 1, Final: 0, Phantom: 0
[584.267s][info][gc          ] GC(62) Concurrent weak references 0.427ms
[584.267s][info][gc,start    ] GC(62) Concurrent weak roots
[584.267s][info][gc,task     ] GC(62) Using 2 of 4 workers for concurrent weak root
[584.269s][info][gc          ] GC(62) Concurrent weak roots 2.732ms
[584.269s][info][gc,start    ] GC(62) Concurrent cleanup
[584.269s][info][gc          ] GC(62) Concurrent cleanup 7156M->5480M(8192M) 0.038ms
[584.269s][info][gc,ergo     ] GC(62) Free: 2299M, Max: 4096K regular, 464M humongous, Frag: 80% external, 0% internal; Reserve: 411M, Max: 4096K
[584.269s][info][gc,start    ] GC(62) Concurrent class unloading
[584.269s][info][gc,task     ] GC(62) Using 2 of 4 workers for concurrent class unloading
[584.275s][info][gc          ] GC(62) Concurrent class unloading 5.273ms
[584.275s][info][gc,start    ] GC(62) Concurrent strong roots
[584.275s][info][gc,task     ] GC(62) Using 2 of 4 workers for concurrent strong root
[584.275s][info][gc          ] GC(62) Concurrent strong roots 0.343ms
[584.275s][info][gc,start    ] GC(62) Concurrent evacuation
[584.275s][info][gc,task     ] GC(62) Using 2 of 4 workers for concurrent evacuation
[584.316s][info][gc          ] GC(62) Concurrent evacuation 40.692ms
[584.316s][info][gc,start    ] GC(62) Pause Init Update Refs
[584.316s][info][gc,ergo     ] GC(62) Pacer for Update Refs. Used: 5596M, Free: 2255M, Non-Taxable: 225M, Alloc Tax Rate: 3.0x
[584.316s][info][gc          ] GC(62) Pause Init Update Refs 0.044ms
[584.316s][info][gc,start    ] GC(62) Concurrent update references
[584.316s][info][gc,task     ] GC(62) Using 2 of 4 workers for concurrent reference update
[584.465s][info][gc          ] GC(62) Concurrent update references 149.576ms
[584.465s][info][gc,start    ] GC(62) Concurrent update thread roots
[584.467s][info][gc          ] GC(62) Concurrent update thread roots 1.324ms
[584.467s][info][gc,start    ] GC(62) Pause Final Update Refs
[584.467s][info][gc,task     ] GC(62) Using 4 of 4 workers for final reference update
[584.467s][info][gc          ] GC(62) Pause Final Update Refs 0.096ms
[584.467s][info][gc,start    ] GC(62) Concurrent cleanup
[584.467s][info][gc          ] GC(62) Concurrent cleanup 5688M->832M(8192M) 0.061ms
[584.467s][info][gc,ergo     ] Free: 6947M, Max: 4096K regular, 5600M humongous, Frag: 20% external, 0% internal; Reserve: 412M, Max: 4096K
[584.467s][info][gc,stats    ] 
[584.467s][info][gc,stats    ] All times are wall-clock times, except per-root-class counters, that are sum over
[584.467s][info][gc,stats    ] all workers. Dividing the <total> over the root stage time estimates parallelism.
[584.467s][info][gc,stats    ] 
[584.467s][info][gc,stats    ] Concurrent Reset                  21131 us
[584.467s][info][gc,stats    ] Pause Init Mark (G)                 211 us
[584.467s][info][gc,stats    ] Pause Init Mark (N)                 149 us
[584.467s][info][gc,stats    ]   Update Region States               61 us
[584.467s][info][gc,stats    ] Concurrent Mark Roots              1124 us, parallelism: 1.56x
[584.467s][info][gc,stats    ]   CMR: <total>                     1750 us
[584.467s][info][gc,stats    ]   CMR: Thread Roots                1609 us, workers (us): 745, 864, ---, ---, 
[584.467s][info][gc,stats    ]   CMR: VM Strong Roots               13 us, workers (us):  12,   0, ---, ---, 
[584.467s][info][gc,stats    ]   CMR: CLDG Roots                   129 us, workers (us): 129, ---, ---, ---, 
[584.467s][info][gc,stats    ] Concurrent Marking               244843 us
[584.467s][info][gc,stats    ] Pause Final Mark (G)                343 us
[584.467s][info][gc,stats    ] Pause Final Mark (N)                291 us
[584.467s][info][gc,stats    ]   Finish Mark                        50 us
[584.467s][info][gc,stats    ]   Update Region States               17 us
[584.467s][info][gc,stats    ]   Choose Collection Set             145 us
[584.467s][info][gc,stats    ]   Rebuild Free Set                   10 us
[584.467s][info][gc,stats    ] Concurrent Thread Roots             808 us, parallelism: 1.84x
[584.467s][info][gc,stats    ]   CTR: <total>                     1484 us
[584.467s][info][gc,stats    ]   CTR: Thread Roots                1484 us, workers (us): 743, 741, ---, ---, 
[584.467s][info][gc,stats    ] Concurrent Weak References          438 us, parallelism: 0.72x
[584.467s][info][gc,stats    ]   CWRF: <total>                     315 us
[584.467s][info][gc,stats    ]   CWRF: Weak References             315 us, workers (us): 315,   0, ---, ---, 
[584.467s][info][gc,stats    ] Concurrent Weak Roots              2760 us
[584.467s][info][gc,stats    ]   Roots                            2650 us, parallelism: 1.92x
[584.467s][info][gc,stats    ]     CWR: <total>                   5078 us
[584.467s][info][gc,stats    ]     CWR: Code Cache Roots          3500 us, workers (us): 1790, 1710, ---, ---, 
[584.467s][info][gc,stats    ]     CWR: VM Weak Roots             1518 us, workers (us): 773, 745, ---, ---, 
[584.467s][info][gc,stats    ]     CWR: CLDG Roots                  60 us, workers (us): ---,  60, ---, ---, 
[584.467s][info][gc,stats    ]   Rendezvous                         60 us
[584.467s][info][gc,stats    ] Concurrent Cleanup                   51 us
[584.467s][info][gc,stats    ] Concurrent Class Unloading         5299 us
[584.467s][info][gc,stats    ]   Unlink Stale                     4716 us
[584.467s][info][gc,stats    ]     System Dictionary                58 us
[584.467s][info][gc,stats    ]     Weak Class Links                  0 us
[584.467s][info][gc,stats    ]     Code Roots                     4657 us
[584.467s][info][gc,stats    ]   Rendezvous                        100 us
[584.467s][info][gc,stats    ]   Purge Unlinked                    435 us
[584.467s][info][gc,stats    ]     Code Roots                      421 us
[584.467s][info][gc,stats    ]     CLDG                             14 us
[584.468s][info][gc,stats    ]     Exception Caches                  0 us
[584.468s][info][gc,stats    ] Concurrent Strong Roots             366 us, parallelism: 0.67x
[584.468s][info][gc,stats    ]   CSR: <total>                      246 us
[584.468s][info][gc,stats    ]   CSR: VM Strong Roots                9 us, workers (us):   5,   4, ---, ---, 
[584.468s][info][gc,stats    ]   CSR: CLDG Roots                   237 us, workers (us): 237, ---, ---, ---, 
[584.468s][info][gc,stats    ] Concurrent Evacuation             40724 us
[584.468s][info][gc,stats    ] Pause Init Update Refs (G)           84 us
[584.468s][info][gc,stats    ] Pause Init Update Refs (N)           55 us
[584.468s][info][gc,stats    ]   Manage GCLABs                       5 us
[584.468s][info][gc,stats    ] Concurrent Update Refs           149620 us
[584.468s][info][gc,stats    ] Concurrent Update Thread Roots     1351 us
[584.468s][info][gc,stats    ] Pause Final Update Refs (G)         136 us
[584.468s][info][gc,stats    ] Pause Final Update Refs (N)         110 us
[584.468s][info][gc,stats    ]   Update Region States               30 us
[584.468s][info][gc,stats    ]   Trash Collection Set               14 us
[584.468s][info][gc,stats    ]   Rebuild Free Set                   11 us
[584.468s][info][gc,stats    ] Concurrent Cleanup                   75 us
[584.468s][info][gc,stats    ] 
[584.468s][info][gc,stats    ] Allocation pacing accrued:
[584.468s][info][gc,stats    ]       0 of 11269 ms (  0.0%): <total>
[584.468s][info][gc,stats    ]       0 of 11269 ms (  0.0%): <average total>
[584.468s][info][gc,stats    ] 
[584.468s][info][gc,metaspace] Metaspace: 134551K(135936K)->134555K(135936K) NonClass: 113659K(114432K)->113662K(114432K) Class: 20892K(21504K)->20893K(21504K)
[584.468s][info][gc,ergo     ] Pacer for Idle. Initial: 163M, Alloc Tax Rate: 1.0x
[591.911s][info][gc          ] Trigger: Average GC time (527.81 ms) is above the time for average allocation rate (1180 MB/s) to deplete free headroom (557M) (margin of error = 1.83)
[591.911s][info][gc,ergo     ] Free headroom: 967M (free) - 409M (spike) - 0B (penalties) = 557M
[591.911s][info][gc,ergo     ] Free: 967M, Max: 4096K regular, 776M humongous, Frag: 19% external, 0% internal; Reserve: 412M, Max: 4096K
[591.911s][info][gc,start    ] GC(63) Concurrent reset
[591.911s][info][gc,task     ] GC(63) Using 2 of 4 workers for concurrent reset
[591.911s][info][gc,ergo     ] GC(63) Pacer for Reset. Non-Taxable: 8192M
[591.928s][info][gc          ] GC(63) Concurrent reset 16.784ms
[591.928s][info][gc,start    ] GC(63) Pause Init Mark (unload classes)
[591.928s][info][gc,task     ] GC(63) Using 4 of 4 workers for init marking
[591.928s][info][gc,ergo     ] GC(63) Pacer for Mark. Expected Live: 501M, Free: 951M, Non-Taxable: 97418K, Alloc Tax Rate: 0.6x
[591.928s][info][gc          ] GC(63) Pause Init Mark (unload classes) 0.112ms
[591.928s][info][gc,start    ] GC(63) Concurrent marking roots
[591.928s][info][gc,task     ] GC(63) Using 2 of 4 workers for concurrent marking roots
[591.929s][info][gc          ] GC(63) Concurrent marking roots 0.961ms
[591.929s][info][gc,start    ] GC(63) Concurrent marking (unload classes)
[591.929s][info][gc,task     ] GC(63) Using 2 of 4 workers for concurrent marking
[592.161s][info][gc          ] GC(63) Concurrent marking (unload classes) 231.844ms
[592.161s][info][gc,start    ] GC(63) Pause Final Mark (unload classes)
[592.161s][info][gc,task     ] GC(63) Using 4 of 4 workers for final marking
[592.161s][info][gc,ergo     ] GC(63) Adaptive CSet Selection. Target Free: 1160M, Actual Free: 3144M, Max CSet: 341M, Min Garbage: 0B
[592.161s][info][gc,ergo     ] GC(63) Collectable Garbage: 6302M (99%), Immediate: 1952M (30%), CSet: 4350M (68%)
[592.161s][info][gc,ergo     ] GC(63) Pacer for Evacuation. Used CSet: 4430M, Free: 2741M, Non-Taxable: 274M, Alloc Tax Rate: 4.0x
[592.161s][info][gc          ] GC(63) Pause Final Mark (unload classes) 0.276ms
[592.161s][info][gc,start    ] GC(63) Concurrent thread roots
[592.161s][info][gc,task     ] GC(63) Using 2 of 4 workers for Concurrent thread roots
[592.162s][info][gc          ] GC(63) Concurrent thread roots 0.694ms
[592.162s][info][gc,start    ] GC(63) Concurrent weak references
[592.162s][info][gc,task     ] GC(63) Using 2 of 4 workers for concurrent weak references
[592.162s][info][gc,ref      ] GC(63) Encountered references: Soft: 6089, Weak: 23320, Final: 34, Phantom: 811
[592.162s][info][gc,ref      ] GC(63) Discovered  references: Soft: 0, Weak: 4792, Final: 0, Phantom: 577
[592.162s][info][gc,ref      ] GC(63) Enqueued    references: Soft: 0, Weak: 5, Final: 0, Phantom: 3
[592.162s][info][gc          ] GC(63) Concurrent weak references 0.319ms
[592.162s][info][gc,start    ] GC(63) Concurrent weak roots
[592.162s][info][gc,task     ] GC(63) Using 2 of 4 workers for concurrent weak root
[592.165s][info][gc          ] GC(63) Concurrent weak roots 2.511ms
[592.165s][info][gc,start    ] GC(63) Concurrent cleanup
[592.165s][info][gc          ] GC(63) Concurrent cleanup 6996M->5044M(8192M) 0.037ms
[592.165s][info][gc,ergo     ] GC(63) Free: 2733M, Max: 4096K regular, 772M humongous, Frag: 72% external, 0% internal; Reserve: 411M, Max: 4096K
[592.165s][info][gc,start    ] GC(63) Concurrent class unloading
[592.165s][info][gc,task     ] GC(63) Using 2 of 4 workers for concurrent class unloading
[592.169s][info][gc          ] GC(63) Concurrent class unloading 4.713ms
[592.169s][info][gc,start    ] GC(63) Concurrent strong roots
[592.170s][info][gc,task     ] GC(63) Using 2 of 4 workers for concurrent strong root
[592.170s][info][gc          ] GC(63) Concurrent strong roots 0.270ms
[592.170s][info][gc,start    ] GC(63) Concurrent evacuation
[592.170s][info][gc,task     ] GC(63) Using 2 of 4 workers for concurrent evacuation
[592.208s][info][gc          ] GC(63) Concurrent evacuation 38.468ms
[592.208s][info][gc,start    ] GC(63) Pause Init Update Refs
[592.208s][info][gc,ergo     ] GC(63) Pacer for Update Refs. Used: 5144M, Free: 2717M, Non-Taxable: 271M, Alloc Tax Rate: 2.3x
[592.208s][info][gc          ] GC(63) Pause Init Update Refs 0.049ms
[592.208s][info][gc,start    ] GC(63) Concurrent update references
[592.208s][info][gc,task     ] GC(63) Using 2 of 4 workers for concurrent reference update
[592.359s][info][gc          ] GC(63) Concurrent update references 150.810ms
[592.359s][info][gc,start    ] GC(63) Concurrent update thread roots
[592.361s][info][gc          ] GC(63) Concurrent update thread roots 1.238ms
[592.361s][info][gc,start    ] GC(63) Pause Final Update Refs
[592.361s][info][gc,task     ] GC(63) Using 4 of 4 workers for final reference update
[592.361s][info][gc          ] GC(63) Pause Final Update Refs 0.091ms
[592.361s][info][gc,start    ] GC(63) Concurrent cleanup
[592.361s][info][gc          ] GC(63) Concurrent cleanup 5240M->810M(8192M) 0.069ms
[592.361s][info][gc,ergo     ] Free: 6969M, Max: 4096K regular, 5756M humongous, Frag: 18% external, 0% internal; Reserve: 412M, Max: 4096K
[592.361s][info][gc,stats    ] 
[592.361s][info][gc,stats    ] All times are wall-clock times, except per-root-class counters, that are sum over
[592.361s][info][gc,stats    ] all workers. Dividing the <total> over the root stage time estimates parallelism.
[592.361s][info][gc,stats    ] 
[592.361s][info][gc,stats    ] Concurrent Reset                  16851 us
[592.361s][info][gc,stats    ] Pause Init Mark (G)                 175 us
[592.361s][info][gc,stats    ] Pause Init Mark (N)                 125 us
[592.361s][info][gc,stats    ]   Update Region States               37 us
[592.361s][info][gc,stats    ] Concurrent Mark Roots               981 us, parallelism: 1.57x
[592.361s][info][gc,stats    ]   CMR: <total>                     1542 us
[592.361s][info][gc,stats    ]   CMR: Thread Roots                1376 us, workers (us): 760, 615, ---, ---, 
[592.361s][info][gc,stats    ]   CMR: VM Strong Roots               17 us, workers (us):  17,   0, ---, ---, 
[592.361s][info][gc,stats    ]   CMR: CLDG Roots                   150 us, workers (us): ---, 150, ---, ---, 
[592.361s][info][gc,stats    ] Concurrent Marking               231889 us
[592.361s][info][gc,stats    ] Pause Final Mark (G)                343 us
[592.361s][info][gc,stats    ] Pause Final Mark (N)                287 us
[592.361s][info][gc,stats    ]   Finish Mark                        41 us
[592.361s][info][gc,stats    ]   Update Region States               41 us
[592.361s][info][gc,stats    ]   Choose Collection Set             127 us
[592.361s][info][gc,stats    ]   Rebuild Free Set                   11 us
[592.361s][info][gc,stats    ] Concurrent Thread Roots             712 us, parallelism: 1.83x
[592.361s][info][gc,stats    ]   CTR: <total>                     1304 us
[592.361s][info][gc,stats    ]   CTR: Thread Roots                1304 us, workers (us): 652, 652, ---, ---, 
[592.361s][info][gc,stats    ] Concurrent Weak References          330 us, parallelism: 0.79x
[592.361s][info][gc,stats    ]   CWRF: <total>                     261 us
[592.361s][info][gc,stats    ]   CWRF: Weak References             261 us, workers (us):  48, 213, ---, ---, 
[592.361s][info][gc,stats    ] Concurrent Weak Roots              2530 us
[592.361s][info][gc,stats    ]   Roots                            2426 us, parallelism: 1.92x
[592.361s][info][gc,stats    ]     CWR: <total>                   4658 us
[592.361s][info][gc,stats    ]     CWR: Code Cache Roots          3152 us, workers (us): 1622, 1530, ---, ---, 
[592.361s][info][gc,stats    ]     CWR: VM Weak Roots             1452 us, workers (us): 727, 725, ---, ---, 
[592.361s][info][gc,stats    ]     CWR: CLDG Roots                  54 us, workers (us): ---,  54, ---, ---, 
[592.361s][info][gc,stats    ]   Rendezvous                         64 us
[592.361s][info][gc,stats    ] Concurrent Cleanup                   49 us
[592.361s][info][gc,stats    ] Concurrent Class Unloading         4738 us
[592.361s][info][gc,stats    ]   Unlink Stale                     4425 us
[592.361s][info][gc,stats    ]     System Dictionary                52 us
[592.361s][info][gc,stats    ]     Weak Class Links                  0 us
[592.361s][info][gc,stats    ]     Code Roots                     4371 us
[592.361s][info][gc,stats    ]   Rendezvous                         69 us
[592.361s][info][gc,stats    ]   Purge Unlinked                    196 us
[592.361s][info][gc,stats    ]     Code Roots                      188 us
[592.361s][info][gc,stats    ]     CLDG                              8 us
[592.361s][info][gc,stats    ] Concurrent Strong Roots             289 us, parallelism: 0.70x
[592.361s][info][gc,stats    ]   CSR: <total>                      204 us
[592.361s][info][gc,stats    ]   CSR: VM Strong Roots                9 us, workers (us):   5,   4, ---, ---, 
[592.361s][info][gc,stats    ]   CSR: CLDG Roots                   195 us, workers (us): ---, 195, ---, ---, 
[592.361s][info][gc,stats    ] Concurrent Evacuation             38501 us
[592.361s][info][gc,stats    ] Pause Init Update Refs (G)          120 us
[592.361s][info][gc,stats    ] Pause Init Update Refs (N)           63 us
[592.361s][info][gc,stats    ]   Manage GCLABs                       6 us
[592.361s][info][gc,stats    ] Concurrent Update Refs           150857 us
[592.361s][info][gc,stats    ] Concurrent Update Thread Roots     1262 us
[592.361s][info][gc,stats    ] Pause Final Update Refs (G)         140 us
[592.361s][info][gc,stats    ] Pause Final Update Refs (N)         113 us
[592.361s][info][gc,stats    ]   Update Region States               28 us
[592.361s][info][gc,stats    ]   Trash Collection Set               14 us
[592.361s][info][gc,stats    ]   Rebuild Free Set                   12 us
[592.361s][info][gc,stats    ] Concurrent Cleanup                   83 us
[592.361s][info][gc,stats    ] 
[592.361s][info][gc,stats    ] Allocation pacing accrued:
[592.361s][info][gc,stats    ]       0 of  7894 ms (  0.0%): <total>
[592.361s][info][gc,stats    ]       0 of  7894 ms (  0.0%): <average total>
[592.361s][info][gc,stats    ] 
[592.361s][info][gc,metaspace] Metaspace: 134621K(136000K)->134621K(136000K) NonClass: 113722K(114496K)->113722K(114496K) Class: 20898K(21504K)->20898K(21504K)
[592.361s][info][gc,ergo     ] Pacer for Idle. Initial: 163M, Alloc Tax Rate: 1.0x
[602.303s][info][gc          ] Trigger: Free (817M) is below minimum threshold (819M)
[602.303s][info][gc,ergo     ] Free: 817M, Max: 4096K regular, 760M humongous, Frag: 6% external, 0% internal; Reserve: 412M, Max: 4096K
[602.303s][info][gc,start    ] GC(64) Concurrent reset
[602.303s][info][gc,task     ] GC(64) Using 2 of 4 workers for concurrent reset
[602.303s][info][gc,ergo     ] GC(64) Pacer for Reset. Non-Taxable: 8192M
[602.322s][info][gc          ] GC(64) Concurrent reset 18.715ms
[602.322s][info][gc,start    ] GC(64) Pause Init Mark (unload classes)
[602.322s][info][gc,task     ] GC(64) Using 4 of 4 workers for init marking
[602.322s][info][gc,ergo     ] GC(64) Pacer for Mark. Expected Live: 499M, Free: 789M, Non-Taxable: 80838K, Alloc Tax Rate: 0.8x
[602.322s][info][gc          ] GC(64) Pause Init Mark (unload classes) 0.103ms
[602.322s][info][gc,start    ] GC(64) Concurrent marking roots
[602.322s][info][gc,task     ] GC(64) Using 2 of 4 workers for concurrent marking roots
[602.323s][info][gc          ] GC(64) Concurrent marking roots 0.980ms
[602.323s][info][gc,start    ] GC(64) Concurrent marking (unload classes)
[602.323s][info][gc,task     ] GC(64) Using 2 of 4 workers for concurrent marking
[602.559s][info][gc          ] GC(64) Concurrent marking (unload classes) 235.730ms
[602.559s][info][gc,start    ] GC(64) Pause Final Mark (unload classes)
[602.559s][info][gc,task     ] GC(64) Using 4 of 4 workers for final marking
[602.559s][info][gc,ergo     ] GC(64) Adaptive CSet Selection. Target Free: 1160M, Actual Free: 2760M, Max CSet: 341M, Min Garbage: 0B
[602.559s][info][gc,ergo     ] GC(64) Collectable Garbage: 6465M (99%), Immediate: 1644M (25%), CSet: 4821M (74%)
[602.559s][info][gc,ergo     ] GC(64) Pacer for Evacuation. Used CSet: 4900M, Free: 2357M, Non-Taxable: 235M, Alloc Tax Rate: 5.1x
[602.559s][info][gc          ] GC(64) Pause Final Mark (unload classes) 0.313ms
[602.559s][info][gc,start    ] GC(64) Concurrent thread roots
[602.559s][info][gc,task     ] GC(64) Using 2 of 4 workers for Concurrent thread roots
[602.560s][info][gc          ] GC(64) Concurrent thread roots 0.744ms
[602.560s][info][gc,start    ] GC(64) Concurrent weak references
[602.560s][info][gc,task     ] GC(64) Using 2 of 4 workers for concurrent weak references
[602.560s][info][gc,ref      ] GC(64) Encountered references: Soft: 6090, Weak: 23322, Final: 34, Phantom: 811
[602.560s][info][gc,ref      ] GC(64) Discovered  references: Soft: 0, Weak: 1165, Final: 0, Phantom: 663
[602.560s][info][gc,ref      ] GC(64) Enqueued    references: Soft: 0, Weak: 5, Final: 0, Phantom: 0
[602.560s][info][gc          ] GC(64) Concurrent weak references 0.238ms
[602.560s][info][gc,start    ] GC(64) Concurrent weak roots
[602.560s][info][gc,task     ] GC(64) Using 2 of 4 workers for concurrent weak root
[602.563s][info][gc          ] GC(64) Concurrent weak roots 2.953ms
[602.563s][info][gc,start    ] GC(64) Concurrent cleanup
[602.563s][info][gc          ] GC(64) Concurrent cleanup 7074M->5430M(8192M) 0.036ms
[602.563s][info][gc,ergo     ] GC(64) Free: 2349M, Max: 4096K regular, 692M humongous, Frag: 71% external, 0% internal; Reserve: 411M, Max: 4096K
[602.563s][info][gc,start    ] GC(64) Concurrent class unloading
[602.563s][info][gc,task     ] GC(64) Using 2 of 4 workers for concurrent class unloading
[602.568s][info][gc          ] GC(64) Concurrent class unloading 4.856ms
[602.568s][info][gc,start    ] GC(64) Concurrent strong roots
[602.568s][info][gc,task     ] GC(64) Using 2 of 4 workers for concurrent strong root
[602.569s][info][gc          ] GC(64) Concurrent strong roots 0.318ms
[602.569s][info][gc,start    ] GC(64) Concurrent evacuation
[602.569s][info][gc,task     ] GC(64) Using 2 of 4 workers for concurrent evacuation
[602.608s][info][gc          ] GC(64) Concurrent evacuation 38.944ms
[602.608s][info][gc,start    ] GC(64) Pause Init Update Refs
[602.608s][info][gc,ergo     ] GC(64) Pacer for Update Refs. Used: 5514M, Free: 2349M, Non-Taxable: 234M, Alloc Tax Rate: 2.9x
[602.608s][info][gc          ] GC(64) Pause Init Update Refs 0.049ms
[602.608s][info][gc,start    ] GC(64) Concurrent update references
[602.608s][info][gc,task     ] GC(64) Using 2 of 4 workers for concurrent reference update
[602.730s][info][gc          ] GC(64) Concurrent update references 122.014ms
[602.730s][info][gc,start    ] GC(64) Concurrent update thread roots
[602.731s][info][gc          ] GC(64) Concurrent update thread roots 1.242ms
[602.731s][info][gc,start    ] GC(64) Pause Final Update Refs
[602.731s][info][gc,task     ] GC(64) Using 4 of 4 workers for final reference update
[602.731s][info][gc          ] GC(64) Pause Final Update Refs 0.103ms
[602.731s][info][gc,start    ] GC(64) Concurrent cleanup
[602.731s][info][gc          ] GC(64) Concurrent cleanup 5538M->638M(8192M) 0.063ms
[602.731s][info][gc,ergo     ] Free: 7141M, Max: 4096K regular, 5952M humongous, Frag: 17% external, 0% internal; Reserve: 412M, Max: 4096K
[602.731s][info][gc,stats    ] 
[602.731s][info][gc,stats    ] All times are wall-clock times, except per-root-class counters, that are sum over
[602.731s][info][gc,stats    ] all workers. Dividing the <total> over the root stage time estimates parallelism.
[602.731s][info][gc,stats    ] 
[602.731s][info][gc,stats    ] Concurrent Reset                  18770 us
[602.731s][info][gc,stats    ] Pause Init Mark (G)                 180 us
[602.731s][info][gc,stats    ] Pause Init Mark (N)                 115 us
[602.731s][info][gc,stats    ]   Update Region States               37 us
[602.731s][info][gc,stats    ] Concurrent Mark Roots              1002 us, parallelism: 1.63x
[602.731s][info][gc,stats    ]   CMR: <total>                     1635 us
[602.731s][info][gc,stats    ]   CMR: Thread Roots                1496 us, workers (us): 694, 802, ---, ---, 
[602.731s][info][gc,stats    ]   CMR: VM Strong Roots               14 us, workers (us):  14,   0, ---, ---, 
[602.731s][info][gc,stats    ]   CMR: CLDG Roots                   125 us, workers (us): 125, ---, ---, ---, 
[602.731s][info][gc,stats    ] Concurrent Marking               235770 us
[602.731s][info][gc,stats    ] Pause Final Mark (G)                403 us
[602.731s][info][gc,stats    ] Pause Final Mark (N)                326 us
[602.731s][info][gc,stats    ]   Finish Mark                        48 us
[602.731s][info][gc,stats    ]   Update Region States               50 us
[602.731s][info][gc,stats    ]   Choose Collection Set             145 us
[602.731s][info][gc,stats    ]   Rebuild Free Set                   10 us
[602.731s][info][gc,stats    ] Concurrent Thread Roots             766 us, parallelism: 1.82x
[602.732s][info][gc,stats    ]   CTR: <total>                     1391 us
[602.732s][info][gc,stats    ]   CTR: Thread Roots                1391 us, workers (us): 692, 699, ---, ---, 
[602.732s][info][gc,stats    ] Concurrent Weak References          249 us, parallelism: 0.58x
[602.732s][info][gc,stats    ]   CWRF: <total>                     146 us
[602.732s][info][gc,stats    ]   CWRF: Weak References             146 us, workers (us): 127,  19, ---, ---, 
[602.732s][info][gc,stats    ] Concurrent Weak Roots              2976 us
[602.732s][info][gc,stats    ]   Roots                            2868 us, parallelism: 1.89x
[602.732s][info][gc,stats    ]     CWR: <total>                   5428 us
[602.732s][info][gc,stats    ]     CWR: Code Cache Roots          3850 us, workers (us): 1875, 1975, ---, ---, 
[602.732s][info][gc,stats    ]     CWR: VM Weak Roots             1509 us, workers (us): 754, 755, ---, ---, 
[602.732s][info][gc,stats    ]     CWR: CLDG Roots                  68 us, workers (us):  68, ---, ---, ---, 
[602.732s][info][gc,stats    ]   Rendezvous                         64 us
[602.732s][info][gc,stats    ] Concurrent Cleanup                   49 us
[602.732s][info][gc,stats    ] Concurrent Class Unloading         4883 us
[602.732s][info][gc,stats    ]   Unlink Stale                     4577 us
[602.732s][info][gc,stats    ]     System Dictionary                42 us
[602.732s][info][gc,stats    ]     Weak Class Links                  0 us
[602.732s][info][gc,stats    ]     Code Roots                     4533 us
[602.732s][info][gc,stats    ]   Rendezvous                         96 us
[602.732s][info][gc,stats    ]   Purge Unlinked                    160 us
[602.732s][info][gc,stats    ]     Code Roots                      153 us
[602.732s][info][gc,stats    ]     CLDG                              7 us
[602.732s][info][gc,stats    ] Concurrent Strong Roots             332 us, parallelism: 0.72x
[602.732s][info][gc,stats    ]   CSR: <total>                      239 us
[602.732s][info][gc,stats    ]   CSR: VM Strong Roots               11 us, workers (us):  11,   0, ---, ---, 
[602.732s][info][gc,stats    ]   CSR: CLDG Roots                   229 us, workers (us): 229, ---, ---, ---, 
[602.732s][info][gc,stats    ] Concurrent Evacuation             39000 us
[602.732s][info][gc,stats    ] Pause Init Update Refs (G)          118 us
[602.732s][info][gc,stats    ] Pause Init Update Refs (N)           61 us
[602.732s][info][gc,stats    ]   Manage GCLABs                       7 us
[602.732s][info][gc,stats    ] Concurrent Update Refs           122058 us
[602.732s][info][gc,stats    ] Concurrent Update Thread Roots     1262 us
[602.732s][info][gc,stats    ] Pause Final Update Refs (G)         144 us
[602.732s][info][gc,stats    ] Pause Final Update Refs (N)         118 us
[602.732s][info][gc,stats    ]   Update Region States               37 us
[602.732s][info][gc,stats    ]   Trash Collection Set               15 us
[602.732s][info][gc,stats    ]   Rebuild Free Set                   11 us
[602.732s][info][gc,stats    ] Concurrent Cleanup                   76 us
[602.732s][info][gc,stats    ] 
[602.732s][info][gc,stats    ] Allocation pacing accrued:
[602.732s][info][gc,stats    ]       0 of 10370 ms (  0.0%): <total>
[602.732s][info][gc,stats    ]       0 of 10370 ms (  0.0%): <average total>
[602.732s][info][gc,stats    ] 
[602.732s][info][gc,metaspace] Metaspace: 134630K(136000K)->134630K(136000K) NonClass: 113732K(114496K)->113732K(114496K) Class: 20898K(21504K)->20898K(21504K)
[602.732s][info][gc,ergo     ] Pacer for Idle. Initial: 163M, Alloc Tax Rate: 1.0x
[613.091s][info][gc          ] Trigger: Average GC time (496.06 ms) is above the time for instantaneous allocation rate (1118 MB/s) to deplete free headroom (519M) (spike threshold = 1.75)
[613.091s][info][gc,ergo     ] Free: 929M, Max: 4096K regular, 692M humongous, Frag: 25% external, 0% internal; Reserve: 412M, Max: 4096K
[613.091s][info][gc,start    ] GC(65) Concurrent reset
[613.091s][info][gc,task     ] GC(65) Using 2 of 4 workers for concurrent reset
[613.091s][info][gc,ergo     ] GC(65) Pacer for Reset. Non-Taxable: 8192M
[613.107s][info][gc          ] GC(65) Concurrent reset 16.009ms
[613.107s][info][gc,start    ] GC(65) Pause Init Mark (unload classes)
[613.107s][info][gc,task     ] GC(65) Using 4 of 4 workers for init marking
[613.107s][info][gc,ergo     ] GC(65) Pacer for Mark. Expected Live: 496M, Free: 913M, Non-Taxable: 93533K, Alloc Tax Rate: 0.7x
[613.107s][info][gc          ] GC(65) Pause Init Mark (unload classes) 0.112ms
[613.107s][info][gc,start    ] GC(65) Concurrent marking roots
[613.107s][info][gc,task     ] GC(65) Using 2 of 4 workers for concurrent marking roots
[613.108s][info][gc          ] GC(65) Concurrent marking roots 0.977ms
[613.108s][info][gc,start    ] GC(65) Concurrent marking (unload classes)
[613.108s][info][gc,task     ] GC(65) Using 2 of 4 workers for concurrent marking
[613.363s][info][gc          ] GC(65) Concurrent marking (unload classes) 254.806ms
[613.363s][info][gc,start    ] GC(65) Pause Final Mark (unload classes)
[613.363s][info][gc,task     ] GC(65) Using 4 of 4 workers for final marking
[613.363s][info][gc,ergo     ] GC(65) Adaptive CSet Selection. Target Free: 1160M, Actual Free: 2276M, Max CSet: 341M, Min Garbage: 0B
[613.363s][info][gc,ergo     ] GC(65) Collectable Garbage: 6315M (99%), Immediate: 1212M (19%), CSet: 5103M (80%)
[613.363s][info][gc,ergo     ] GC(65) Pacer for Evacuation. Used CSet: 5208M, Free: 1873M, Non-Taxable: 187M, Alloc Tax Rate: 6.8x
[613.363s][info][gc          ] GC(65) Pause Final Mark (unload classes) 0.288ms
[613.364s][info][gc,start    ] GC(65) Concurrent thread roots
[613.364s][info][gc,task     ] GC(65) Using 2 of 4 workers for Concurrent thread roots
[613.364s][info][gc          ] GC(65) Concurrent thread roots 0.821ms
[613.364s][info][gc,start    ] GC(65) Concurrent weak references
[613.364s][info][gc,task     ] GC(65) Using 2 of 4 workers for concurrent weak references
[613.365s][info][gc,ref      ] GC(65) Encountered references: Soft: 6090, Weak: 23320, Final: 34, Phantom: 814
[613.365s][info][gc,ref      ] GC(65) Discovered  references: Soft: 0, Weak: 9977, Final: 0, Phantom: 578
[613.365s][info][gc,ref      ] GC(65) Enqueued    references: Soft: 0, Weak: 1, Final: 0, Phantom: 0
[613.365s][info][gc          ] GC(65) Concurrent weak references 0.412ms
[613.365s][info][gc,start    ] GC(65) Concurrent weak roots
[613.365s][info][gc,task     ] GC(65) Using 2 of 4 workers for concurrent weak root
[613.367s][info][gc          ] GC(65) Concurrent weak roots 2.574ms
[613.367s][info][gc,start    ] GC(65) Concurrent cleanup
[613.367s][info][gc          ] GC(65) Concurrent cleanup 7127M->5915M(8192M) 0.032ms
[613.367s][info][gc,ergo     ] GC(65) Free: 1865M, Max: 4096K regular, 640M humongous, Frag: 66% external, 0% internal; Reserve: 411M, Max: 4096K
[613.367s][info][gc,start    ] GC(65) Concurrent class unloading
[613.367s][info][gc,task     ] GC(65) Using 2 of 4 workers for concurrent class unloading
[613.372s][info][gc          ] GC(65) Concurrent class unloading 4.749ms
[613.372s][info][gc,start    ] GC(65) Concurrent strong roots
[613.372s][info][gc,task     ] GC(65) Using 2 of 4 workers for concurrent strong root
[613.373s][info][gc          ] GC(65) Concurrent strong roots 0.318ms
[613.373s][info][gc,start    ] GC(65) Concurrent evacuation
[613.373s][info][gc,task     ] GC(65) Using 2 of 4 workers for concurrent evacuation
[613.444s][info][gc          ] GC(65) Concurrent evacuation 70.973ms
[613.444s][info][gc,start    ] GC(65) Pause Init Update Refs
[613.444s][info][gc,ergo     ] GC(65) Pacer for Update Refs. Used: 6118M, Free: 1769M, Non-Taxable: 176M, Alloc Tax Rate: 4.2x
[613.444s][info][gc          ] GC(65) Pause Init Update Refs 0.044ms
[613.444s][info][gc,start    ] GC(65) Concurrent update references
[613.444s][info][gc,task     ] GC(65) Using 2 of 4 workers for concurrent reference update
[613.603s][info][gc          ] GC(65) Concurrent update references 159.593ms
[613.603s][info][gc,start    ] GC(65) Concurrent update thread roots
[613.605s][info][gc          ] GC(65) Concurrent update thread roots 1.318ms
[613.605s][info][gc,start    ] GC(65) Pause Final Update Refs
[613.605s][info][gc,task     ] GC(65) Using 4 of 4 workers for final reference update
[613.605s][info][gc          ] GC(65) Pause Final Update Refs 0.121ms
[613.605s][info][gc,start    ] GC(65) Concurrent cleanup
[613.605s][info][gc          ] GC(65) Concurrent cleanup 6226M->1018M(8192M) 0.074ms
[613.605s][info][gc,ergo     ] Free: 6761M, Max: 4096K regular, 4712M humongous, Frag: 31% external, 0% internal; Reserve: 412M, Max: 4096K
[613.605s][info][gc,stats    ] 
[613.605s][info][gc,stats    ] All times are wall-clock times, except per-root-class counters, that are sum over
[613.605s][info][gc,stats    ] all workers. Dividing the <total> over the root stage time estimates parallelism.
[613.605s][info][gc,stats    ] 
[613.605s][info][gc,stats    ] Concurrent Reset                  16084 us
[613.605s][info][gc,stats    ] Pause Init Mark (G)                 160 us
[613.605s][info][gc,stats    ] Pause Init Mark (N)                 125 us
[613.605s][info][gc,stats    ]   Update Region States               38 us
[613.605s][info][gc,stats    ] Concurrent Mark Roots               996 us, parallelism: 1.65x
[613.605s][info][gc,stats    ]   CMR: <total>                     1638 us
[613.605s][info][gc,stats    ]   CMR: Thread Roots                1490 us, workers (us): 688, 802, ---, ---, 
[613.605s][info][gc,stats    ]   CMR: VM Strong Roots               14 us, workers (us):  13,   0, ---, ---, 
[613.605s][info][gc,stats    ]   CMR: CLDG Roots                   134 us, workers (us): 134, ---, ---, ---, 
[613.605s][info][gc,stats    ] Concurrent Marking               254847 us
[613.605s][info][gc,stats    ] Pause Final Mark (G)                354 us
[613.605s][info][gc,stats    ] Pause Final Mark (N)                299 us
[613.605s][info][gc,stats    ]   Finish Mark                        53 us
[613.605s][info][gc,stats    ]   Update Region States               15 us
[613.605s][info][gc,stats    ]   Choose Collection Set             155 us
[613.605s][info][gc,stats    ]   Rebuild Free Set                   10 us
[613.605s][info][gc,stats    ] Concurrent Thread Roots             843 us, parallelism: 1.84x
[613.605s][info][gc,stats    ]   CTR: <total>                     1554 us
[613.605s][info][gc,stats    ]   CTR: Thread Roots                1554 us, workers (us): 775, 779, ---, ---, 
[613.605s][info][gc,stats    ] Concurrent Weak References          423 us, parallelism: 0.90x
[613.605s][info][gc,stats    ]   CWRF: <total>                     381 us
[613.605s][info][gc,stats    ]   CWRF: Weak References             381 us, workers (us):  39, 342, ---, ---, 
[613.605s][info][gc,stats    ] Concurrent Weak Roots              2596 us
[613.605s][info][gc,stats    ]   Roots                            2473 us, parallelism: 1.92x
[613.605s][info][gc,stats    ]     CWR: <total>                   4747 us
[613.605s][info][gc,stats    ]     CWR: Code Cache Roots          3203 us, workers (us): 1544, 1659, ---, ---, 
[613.605s][info][gc,stats    ]     CWR: VM Weak Roots             1466 us, workers (us): 733, 733, ---, ---, 
[613.605s][info][gc,stats    ]     CWR: CLDG Roots                  78 us, workers (us):  78, ---, ---, ---, 
[613.605s][info][gc,stats    ]   Rendezvous                         79 us
[613.605s][info][gc,stats    ] Concurrent Cleanup                   45 us
[613.605s][info][gc,stats    ] Concurrent Class Unloading         4773 us
[613.605s][info][gc,stats    ]   Unlink Stale                     4373 us
[613.605s][info][gc,stats    ]     System Dictionary                54 us
[613.605s][info][gc,stats    ]     Weak Class Links                  0 us
[613.605s][info][gc,stats    ]     Code Roots                     4318 us
[613.605s][info][gc,stats    ]   Rendezvous                         91 us
[613.605s][info][gc,stats    ]   Purge Unlinked                    262 us
[613.605s][info][gc,stats    ]     Code Roots                      254 us
[613.605s][info][gc,stats    ]     CLDG                              7 us
[613.605s][info][gc,stats    ] Concurrent Strong Roots             342 us, parallelism: 0.60x
[613.605s][info][gc,stats    ]   CSR: <total>                      203 us
[613.605s][info][gc,stats    ]   CSR: VM Strong Roots                7 us, workers (us):   7,   0, ---, ---, 
[613.605s][info][gc,stats    ]   CSR: CLDG Roots                   196 us, workers (us): 196, ---, ---, ---, 
[613.605s][info][gc,stats    ] Concurrent Evacuation             71014 us
[613.605s][info][gc,stats    ] Pause Init Update Refs (G)          121 us
[613.605s][info][gc,stats    ] Pause Init Update Refs (N)           55 us
[613.605s][info][gc,stats    ]   Manage GCLABs                       5 us
[613.606s][info][gc,stats    ] Concurrent Update Refs           159638 us
[613.606s][info][gc,stats    ] Concurrent Update Thread Roots     1336 us
[613.606s][info][gc,stats    ] Pause Final Update Refs (G)         191 us
[613.606s][info][gc,stats    ] Pause Final Update Refs (N)         136 us
[613.606s][info][gc,stats    ]   Update Region States               53 us
[613.606s][info][gc,stats    ]   Trash Collection Set               14 us
[613.606s][info][gc,stats    ]   Rebuild Free Set                   11 us
[613.606s][info][gc,stats    ] Concurrent Cleanup                   88 us
[613.606s][info][gc,stats    ] 
[613.606s][info][gc,stats    ] Allocation pacing accrued:
[613.606s][info][gc,stats    ]       0 of 10874 ms (  0.0%): <total>
[613.606s][info][gc,stats    ]       0 of 10874 ms (  0.0%): <average total>
[613.606s][info][gc,stats    ] 
[613.606s][info][gc,metaspace] Metaspace: 134649K(136000K)->134649K(136000K) NonClass: 113750K(114496K)->113750K(114496K) Class: 20898K(21504K)->20898K(21504K)
[613.606s][info][gc,ergo     ] Pacer for Idle. Initial: 163M, Alloc Tax Rate: 1.0x
[623.535s][info][gc          ] Trigger: Free (817M) is below minimum threshold (819M)
[623.535s][info][gc,ergo     ] Free: 817M, Max: 4096K regular, 616M humongous, Frag: 24% external, 0% internal; Reserve: 412M, Max: 4096K
[623.535s][info][gc,start    ] GC(66) Concurrent reset
[623.535s][info][gc,task     ] GC(66) Using 2 of 4 workers for concurrent reset
[623.535s][info][gc,ergo     ] GC(66) Pacer for Reset. Non-Taxable: 8192M
[623.550s][info][gc          ] GC(66) Concurrent reset 14.742ms
[623.550s][info][gc,start    ] GC(66) Pause Init Mark (unload classes)
[623.550s][info][gc,task     ] GC(66) Using 4 of 4 workers for init marking
[623.550s][info][gc,ergo     ] GC(66) Pacer for Mark. Expected Live: 495M, Free: 813M, Non-Taxable: 83261K, Alloc Tax Rate: 0.7x
[623.550s][info][gc          ] GC(66) Pause Init Mark (unload classes) 0.108ms
[623.550s][info][gc,start    ] GC(66) Concurrent marking roots
[623.550s][info][gc,task     ] GC(66) Using 2 of 4 workers for concurrent marking roots
[623.551s][info][gc          ] GC(66) Concurrent marking roots 1.084ms
[623.551s][info][gc,start    ] GC(66) Concurrent marking (unload classes)
[623.551s][info][gc,task     ] GC(66) Using 2 of 4 workers for concurrent marking
[623.793s][info][gc          ] GC(66) Concurrent marking (unload classes) 242.274ms
[623.793s][info][gc,start    ] GC(66) Pause Final Mark (unload classes)
[623.793s][info][gc,task     ] GC(66) Using 4 of 4 workers for final marking
[623.794s][info][gc,ergo     ] GC(66) Adaptive CSet Selection. Target Free: 1160M, Actual Free: 2972M, Max CSet: 341M, Min Garbage: 0B
[623.794s][info][gc,ergo     ] GC(66) Collectable Garbage: 6444M (99%), Immediate: 1912M (29%), CSet: 4532M (69%)
[623.794s][info][gc,ergo     ] GC(66) Pacer for Evacuation. Used CSet: 4608M, Free: 2573M, Non-Taxable: 257M, Alloc Tax Rate: 4.4x
[623.794s][info][gc          ] GC(66) Pause Final Mark (unload classes) 0.331ms
[623.794s][info][gc,start    ] GC(66) Concurrent thread roots
[623.794s][info][gc,task     ] GC(66) Using 2 of 4 workers for Concurrent thread roots
[623.795s][info][gc          ] GC(66) Concurrent thread roots 0.836ms
[623.795s][info][gc,start    ] GC(66) Concurrent weak references
[623.795s][info][gc,task     ] GC(66) Using 2 of 4 workers for concurrent weak references
[623.795s][info][gc,ref      ] GC(66) Encountered references: Soft: 6090, Weak: 23323, Final: 34, Phantom: 821
[623.795s][info][gc,ref      ] GC(66) Discovered  references: Soft: 0, Weak: 1364, Final: 0, Phantom: 584
[623.795s][info][gc,ref      ] GC(66) Enqueued    references: Soft: 0, Weak: 3, Final: 0, Phantom: 1
[623.795s][info][gc          ] GC(66) Concurrent weak references 0.210ms
[623.795s][info][gc,start    ] GC(66) Concurrent weak roots
[623.795s][info][gc,task     ] GC(66) Using 2 of 4 workers for concurrent weak root
[623.797s][info][gc          ] GC(66) Concurrent weak roots 2.528ms
[623.797s][info][gc,start    ] GC(66) Concurrent cleanup
[623.797s][info][gc          ] GC(66) Concurrent cleanup 7127M->5215M(8192M) 0.038ms
[623.797s][info][gc,ergo     ] GC(66) Free: 2564M, Max: 4096K regular, 616M humongous, Frag: 76% external, 0% internal; Reserve: 411M, Max: 4096K
[623.797s][info][gc,start    ] GC(66) Concurrent class unloading
[623.797s][info][gc,task     ] GC(66) Using 2 of 4 workers for concurrent class unloading
[623.802s][info][gc          ] GC(66) Concurrent class unloading 5.107ms
[623.803s][info][gc,start    ] GC(66) Concurrent strong roots
[623.803s][info][gc,task     ] GC(66) Using 2 of 4 workers for concurrent strong root
[623.803s][info][gc          ] GC(66) Concurrent strong roots 0.286ms
[623.803s][info][gc,start    ] GC(66) Concurrent evacuation
[623.803s][info][gc,task     ] GC(66) Using 2 of 4 workers for concurrent evacuation
[623.846s][info][gc          ] GC(66) Concurrent evacuation 43.279ms
[623.846s][info][gc,start    ] GC(66) Pause Init Update Refs
[623.846s][info][gc,ergo     ] GC(66) Pacer for Update Refs. Used: 5315M, Free: 2544M, Non-Taxable: 254M, Alloc Tax Rate: 2.6x
[623.846s][info][gc          ] GC(66) Pause Init Update Refs 0.046ms
[623.846s][info][gc,start    ] GC(66) Concurrent update references
[623.846s][info][gc,task     ] GC(66) Using 2 of 4 workers for concurrent reference update
[623.995s][info][gc          ] GC(66) Concurrent update references 148.359ms
[623.995s][info][gc,start    ] GC(66) Concurrent update thread roots
[623.996s][info][gc          ] GC(66) Concurrent update thread roots 1.376ms
[623.996s][info][gc,start    ] GC(66) Pause Final Update Refs
[623.996s][info][gc,task     ] GC(66) Using 4 of 4 workers for final reference update
[623.996s][info][gc          ] GC(66) Pause Final Update Refs 0.098ms
[623.996s][info][gc,start    ] GC(66) Concurrent cleanup
[623.996s][info][gc          ] GC(66) Concurrent cleanup 5423M->815M(8192M) 0.058ms
[623.996s][info][gc,ergo     ] Free: 6964M, Max: 4096K regular, 5648M humongous, Frag: 19% external, 0% internal; Reserve: 412M, Max: 4096K
[623.996s][info][gc,stats    ] 
[623.996s][info][gc,stats    ] All times are wall-clock times, except per-root-class counters, that are sum over
[623.996s][info][gc,stats    ] all workers. Dividing the <total> over the root stage time estimates parallelism.
[623.996s][info][gc,stats    ] 
[623.996s][info][gc,stats    ] Concurrent Reset                  14828 us
[623.996s][info][gc,stats    ] Pause Init Mark (G)                 222 us
[623.996s][info][gc,stats    ] Pause Init Mark (N)                 119 us
[623.996s][info][gc,stats    ]   Update Region States               38 us
[623.996s][info][gc,stats    ] Concurrent Mark Roots              1113 us, parallelism: 1.68x
[623.996s][info][gc,stats    ]   CMR: <total>                     1869 us
[623.996s][info][gc,stats    ]   CMR: Thread Roots                1741 us, workers (us): 822, 919, ---, ---, 
[623.996s][info][gc,stats    ]   CMR: VM Strong Roots               13 us, workers (us):  13,   0, ---, ---, 
[623.996s][info][gc,stats    ]   CMR: CLDG Roots                   115 us, workers (us): 115, ---, ---, ---, 
[623.996s][info][gc,stats    ] Concurrent Marking               242322 us
[623.997s][info][gc,stats    ] Pause Final Mark (G)                360 us
[623.997s][info][gc,stats    ] Pause Final Mark (N)                342 us
[623.997s][info][gc,stats    ]   Finish Mark                        50 us
[623.997s][info][gc,stats    ]   Update Region States               69 us
[623.997s][info][gc,stats    ]   Choose Collection Set             142 us
[623.997s][info][gc,stats    ]   Rebuild Free Set                   11 us
[623.997s][info][gc,stats    ] Concurrent Thread Roots             859 us, parallelism: 1.75x
[623.997s][info][gc,stats    ]   CTR: <total>                     1501 us
[623.997s][info][gc,stats    ]   CTR: Thread Roots                1501 us, workers (us): 763, 738, ---, ---, 
[623.997s][info][gc,stats    ] Concurrent Weak References          221 us, parallelism: 0.51x
[623.997s][info][gc,stats    ]   CWRF: <total>                     112 us
[623.997s][info][gc,stats    ]   CWRF: Weak References             112 us, workers (us):  95,  17, ---, ---, 
[623.997s][info][gc,stats    ] Concurrent Weak Roots              2550 us
[623.997s][info][gc,stats    ]   Roots                            2481 us, parallelism: 1.90x
[623.997s][info][gc,stats    ]     CWR: <total>                   4703 us
[623.997s][info][gc,stats    ]     CWR: Code Cache Roots          3138 us, workers (us): 1594, 1544, ---, ---, 
[623.997s][info][gc,stats    ]     CWR: VM Weak Roots             1517 us, workers (us): 776, 741, ---, ---, 
[623.997s][info][gc,stats    ]     CWR: CLDG Roots                  48 us, workers (us): ---,  48, ---, ---, 
[623.997s][info][gc,stats    ]   Rendezvous                         24 us
[623.997s][info][gc,stats    ] Concurrent Cleanup                   52 us
[623.997s][info][gc,stats    ] Concurrent Class Unloading         5135 us
[623.997s][info][gc,stats    ]   Unlink Stale                     4596 us
[623.997s][info][gc,stats    ]     System Dictionary                27 us
[623.997s][info][gc,stats    ]     Weak Class Links                  0 us
[623.997s][info][gc,stats    ]     Code Roots                     4567 us
[623.997s][info][gc,stats    ]   Rendezvous                        220 us
[623.997s][info][gc,stats    ]   Purge Unlinked                    268 us
[623.997s][info][gc,stats    ]     Code Roots                      262 us
[623.997s][info][gc,stats    ]     CLDG                              6 us
[623.997s][info][gc,stats    ]     Exception Caches                  0 us
[623.997s][info][gc,stats    ] Concurrent Strong Roots             301 us, parallelism: 0.70x
[623.997s][info][gc,stats    ]   CSR: <total>                      211 us
[623.997s][info][gc,stats    ]   CSR: VM Strong Roots                7 us, workers (us):   7,   0, ---, ---, 
[623.997s][info][gc,stats    ]   CSR: CLDG Roots                   203 us, workers (us): 203, ---, ---, ---, 
[623.997s][info][gc,stats    ] Concurrent Evacuation             43341 us
[623.997s][info][gc,stats    ] Pause Init Update Refs (G)          122 us
[623.997s][info][gc,stats    ] Pause Init Update Refs (N)           57 us
[623.997s][info][gc,stats    ]   Manage GCLABs                       7 us
[623.997s][info][gc,stats    ] Concurrent Update Refs           148400 us
[623.997s][info][gc,stats    ] Concurrent Update Thread Roots     1401 us
[623.997s][info][gc,stats    ] Pause Final Update Refs (G)         152 us
[623.997s][info][gc,stats    ] Pause Final Update Refs (N)         123 us
[623.997s][info][gc,stats    ]   Update Region States               39 us
[623.997s][info][gc,stats    ]   Trash Collection Set               14 us
[623.997s][info][gc,stats    ]   Rebuild Free Set                   11 us
[623.997s][info][gc,stats    ] Concurrent Cleanup                   71 us
[623.997s][info][gc,stats    ] 
[623.997s][info][gc,stats    ] Allocation pacing accrued:
[623.997s][info][gc,stats    ]       0 of 10391 ms (  0.0%): <total>
[623.997s][info][gc,stats    ]       0 of 10391 ms (  0.0%): <average total>
[623.997s][info][gc,stats    ] 
[623.997s][info][gc,metaspace] Metaspace: 134653K(136000K)->134653K(136000K) NonClass: 113755K(114496K)->113755K(114496K) Class: 20898K(21504K)->20898K(21504K)
[623.997s][info][gc,ergo     ] Pacer for Idle. Initial: 163M, Alloc Tax Rate: 1.0x
[633.332s][info][gc          ] Trigger: Free (816M) is below minimum threshold (819M)
[633.332s][info][gc,ergo     ] Free: 812M, Max: 4096K regular, 644M humongous, Frag: 20% external, 0% internal; Reserve: 412M, Max: 4096K
[633.332s][info][gc,start    ] GC(67) Concurrent reset
[633.332s][info][gc,task     ] GC(67) Using 2 of 4 workers for concurrent reset
[633.332s][info][gc,ergo     ] GC(67) Pacer for Reset. Non-Taxable: 8192M
[633.347s][info][gc          ] GC(67) Concurrent reset 15.098ms
[633.347s][info][gc,start    ] GC(67) Pause Init Mark (unload classes)
[633.347s][info][gc,task     ] GC(67) Using 4 of 4 workers for init marking
[633.347s][info][gc,ergo     ] GC(67) Pacer for Mark. Expected Live: 488M, Free: 804M, Non-Taxable: 82383K, Alloc Tax Rate: 0.7x
[633.347s][info][gc          ] GC(67) Pause Init Mark (unload classes) 0.109ms
[633.347s][info][gc,start    ] GC(67) Concurrent marking roots
[633.347s][info][gc,task     ] GC(67) Using 2 of 4 workers for concurrent marking roots
[633.348s][info][gc          ] GC(67) Concurrent marking roots 0.929ms
[633.348s][info][gc,start    ] GC(67) Concurrent marking (unload classes)
[633.348s][info][gc,task     ] GC(67) Using 2 of 4 workers for concurrent marking
[633.587s][info][gc          ] GC(67) Concurrent marking (unload classes) 239.311ms
[633.587s][info][gc,start    ] GC(67) Pause Final Mark (unload classes)
[633.587s][info][gc,task     ] GC(67) Using 4 of 4 workers for final marking
[633.588s][info][gc,ergo     ] GC(67) Adaptive CSet Selection. Target Free: 1160M, Actual Free: 2224M, Max CSet: 341M, Min Garbage: 0B
[633.588s][info][gc,ergo     ] GC(67) Collectable Garbage: 6447M (99%), Immediate: 1168M (18%), CSet: 5279M (81%)
[633.588s][info][gc,ergo     ] GC(67) Pacer for Evacuation. Used CSet: 5360M, Free: 1821M, Non-Taxable: 182M, Alloc Tax Rate: 7.2x
[633.588s][info][gc          ] GC(67) Pause Final Mark (unload classes) 0.307ms
[633.588s][info][gc,start    ] GC(67) Concurrent thread roots
[633.588s][info][gc,task     ] GC(67) Using 2 of 4 workers for Concurrent thread roots
[633.588s][info][gc          ] GC(67) Concurrent thread roots 0.751ms
[633.589s][info][gc,start    ] GC(67) Concurrent weak references
[633.589s][info][gc,task     ] GC(67) Using 2 of 4 workers for concurrent weak references
[633.589s][info][gc,ref      ] GC(67) Encountered references: Soft: 6090, Weak: 23327, Final: 34, Phantom: 826
[633.589s][info][gc,ref      ] GC(67) Discovered  references: Soft: 0, Weak: 3471, Final: 0, Phantom: 592
[633.589s][info][gc,ref      ] GC(67) Enqueued    references: Soft: 0, Weak: 4, Final: 0, Phantom: 0
[633.589s][info][gc          ] GC(67) Concurrent weak references 0.328ms
[633.589s][info][gc,start    ] GC(67) Concurrent weak roots
[633.589s][info][gc,task     ] GC(67) Using 2 of 4 workers for concurrent weak root
[633.593s][info][gc          ] GC(67) Concurrent weak roots 4.593ms
[633.593s][info][gc,start    ] GC(67) Concurrent cleanup
[633.593s][info][gc          ] GC(67) Concurrent cleanup 7135M->5967M(8192M) 0.032ms
[633.594s][info][gc,ergo     ] GC(67) Free: 1813M, Max: 4096K regular, 632M humongous, Frag: 65% external, 0% internal; Reserve: 411M, Max: 4096K
[633.594s][info][gc,start    ] GC(67) Concurrent class unloading
[633.594s][info][gc,task     ] GC(67) Using 2 of 4 workers for concurrent class unloading
[633.598s][info][gc          ] GC(67) Concurrent class unloading 4.909ms
[633.598s][info][gc,start    ] GC(67) Concurrent strong roots
[633.598s][info][gc,task     ] GC(67) Using 2 of 4 workers for concurrent strong root
[633.599s][info][gc          ] GC(67) Concurrent strong roots 0.271ms
[633.599s][info][gc,start    ] GC(67) Concurrent evacuation
[633.599s][info][gc,task     ] GC(67) Using 2 of 4 workers for concurrent evacuation
[633.650s][info][gc          ] GC(67) Concurrent evacuation 50.849ms
[633.650s][info][gc,start    ] GC(67) Pause Init Update Refs
[633.650s][info][gc,ergo     ] GC(67) Pacer for Update Refs. Used: 6122M, Free: 1741M, Non-Taxable: 174M, Alloc Tax Rate: 4.3x
[633.650s][info][gc          ] GC(67) Pause Init Update Refs 0.045ms
[633.650s][info][gc,start    ] GC(67) Concurrent update references
[633.650s][info][gc,task     ] GC(67) Using 2 of 4 workers for concurrent reference update
[633.797s][info][gc          ] GC(67) Concurrent update references 147.161ms
[633.797s][info][gc,start    ] GC(67) Concurrent update thread roots
[633.798s][info][gc          ] GC(67) Concurrent update thread roots 1.333ms
[633.798s][info][gc,start    ] GC(67) Pause Final Update Refs
[633.798s][info][gc,task     ] GC(67) Using 4 of 4 workers for final reference update
[633.798s][info][gc          ] GC(67) Pause Final Update Refs 0.154ms
[633.799s][info][gc,start    ] GC(67) Concurrent cleanup
[633.799s][info][gc          ] GC(67) Concurrent cleanup 6202M->842M(8192M) 0.066ms
[633.799s][info][gc,ergo     ] Free: 6937M, Max: 4096K regular, 5884M humongous, Frag: 15% external, 0% internal; Reserve: 412M, Max: 4096K
[633.799s][info][gc,stats    ] 
[633.799s][info][gc,stats    ] All times are wall-clock times, except per-root-class counters, that are sum over
[633.799s][info][gc,stats    ] all workers. Dividing the <total> over the root stage time estimates parallelism.
[633.799s][info][gc,stats    ] 
[633.799s][info][gc,stats    ] Concurrent Reset                  15155 us
[633.799s][info][gc,stats    ] Pause Init Mark (G)                 149 us
[633.799s][info][gc,stats    ] Pause Init Mark (N)                 122 us
[633.799s][info][gc,stats    ]   Update Region States               38 us
[633.799s][info][gc,stats    ] Concurrent Mark Roots               945 us, parallelism: 1.70x
[633.799s][info][gc,stats    ]   CMR: <total>                     1602 us
[633.799s][info][gc,stats    ]   CMR: Thread Roots                1460 us, workers (us): 666, 794, ---, ---, 
[633.799s][info][gc,stats    ]   CMR: VM Strong Roots               13 us, workers (us):   6,   7, ---, ---, 
[633.799s][info][gc,stats    ]   CMR: CLDG Roots                   128 us, workers (us): 128, ---, ---, ---, 
[633.799s][info][gc,stats    ] Concurrent Marking               239349 us
[633.799s][info][gc,stats    ] Pause Final Mark (G)                386 us
[633.799s][info][gc,stats    ] Pause Final Mark (N)                317 us
[633.799s][info][gc,stats    ]   Finish Mark                        48 us
[633.799s][info][gc,stats    ]   Update Region States               48 us
[633.799s][info][gc,stats    ]   Choose Collection Set             145 us
[633.799s][info][gc,stats    ]   Rebuild Free Set                   10 us
[633.799s][info][gc,stats    ] Concurrent Thread Roots             773 us, parallelism: 1.75x
[633.799s][info][gc,stats    ]   CTR: <total>                     1351 us
[633.799s][info][gc,stats    ]   CTR: Thread Roots                1351 us, workers (us): 678, 673, ---, ---, 
[633.799s][info][gc,stats    ] Concurrent Weak References          339 us, parallelism: 0.68x
[633.799s][info][gc,stats    ]   CWRF: <total>                     229 us
[633.799s][info][gc,stats    ]   CWRF: Weak References             229 us, workers (us): 224,   5, ---, ---, 
[633.799s][info][gc,stats    ] Concurrent Weak Roots              4617 us
[633.799s][info][gc,stats    ]   Roots                            4517 us, parallelism: 0.96x
[633.799s][info][gc,stats    ]     CWR: <total>                   4358 us
[633.799s][info][gc,stats    ]     CWR: Code Cache Roots          2871 us, workers (us): 2871,   0, ---, ---, 
[633.799s][info][gc,stats    ]     CWR: VM Weak Roots             1434 us, workers (us): 1434,   0, ---, ---, 
[633.799s][info][gc,stats    ]     CWR: CLDG Roots                  53 us, workers (us):  53, ---, ---, ---, 
[633.799s][info][gc,stats    ]   Rendezvous                         55 us
[633.799s][info][gc,stats    ] Concurrent Cleanup                   44 us
[633.799s][info][gc,stats    ] Concurrent Class Unloading         4932 us
[633.799s][info][gc,stats    ]   Unlink Stale                     4509 us
[633.799s][info][gc,stats    ]     System Dictionary                43 us
[633.799s][info][gc,stats    ]     Weak Class Links                  0 us
[633.799s][info][gc,stats    ]     Code Roots                     4465 us
[633.799s][info][gc,stats    ]   Rendezvous                        196 us
[633.799s][info][gc,stats    ]   Purge Unlinked                    178 us
[633.799s][info][gc,stats    ]     Code Roots                      172 us
[633.799s][info][gc,stats    ]     CLDG                              5 us
[633.799s][info][gc,stats    ]     Exception Caches                  0 us
[633.799s][info][gc,stats    ] Concurrent Strong Roots             287 us, parallelism: 0.71x
[633.799s][info][gc,stats    ]   CSR: <total>                      204 us
[633.799s][info][gc,stats    ]   CSR: VM Strong Roots                8 us, workers (us):   7,   0, ---, ---, 
[633.799s][info][gc,stats    ]   CSR: CLDG Roots                   197 us, workers (us): 197, ---, ---, ---, 
[633.799s][info][gc,stats    ] Concurrent Evacuation             50883 us
[633.799s][info][gc,stats    ] Pause Init Update Refs (G)           84 us
[633.799s][info][gc,stats    ] Pause Init Update Refs (N)           56 us
[633.799s][info][gc,stats    ]   Manage GCLABs                       7 us
[633.799s][info][gc,stats    ] Concurrent Update Refs           147205 us
[633.799s][info][gc,stats    ] Concurrent Update Thread Roots     1371 us
[633.799s][info][gc,stats    ] Pause Final Update Refs (G)         212 us
[633.799s][info][gc,stats    ] Pause Final Update Refs (N)         180 us
[633.799s][info][gc,stats    ]   Update Region States               83 us
[633.799s][info][gc,stats    ]   Trash Collection Set               20 us
[633.799s][info][gc,stats    ]   Rebuild Free Set                   12 us
[633.799s][info][gc,stats    ] Concurrent Cleanup                   80 us
[633.799s][info][gc,stats    ] 
[633.799s][info][gc,stats    ] Allocation pacing accrued:
[633.799s][info][gc,stats    ]       0 of  9802 ms (  0.0%): <total>
[633.799s][info][gc,stats    ]       0 of  9802 ms (  0.0%): <average total>
[633.799s][info][gc,stats    ] 
[633.799s][info][gc,metaspace] Metaspace: 134659K(136000K)->134659K(136000K) NonClass: 113760K(114496K)->113760K(114496K) Class: 20898K(21504K)->20898K(21504K)
[633.799s][info][gc,ergo     ] Pacer for Idle. Initial: 163M, Alloc Tax Rate: 1.0x
[642.516s][info][gc          ] Trigger: Free (817M) is below minimum threshold (819M)
[642.516s][info][gc,ergo     ] Free: 817M, Max: 4096K regular, 628M humongous, Frag: 22% external, 0% internal; Reserve: 412M, Max: 4096K
[642.516s][info][gc,start    ] GC(68) Concurrent reset
[642.516s][info][gc,task     ] GC(68) Using 2 of 4 workers for concurrent reset
[642.516s][info][gc,ergo     ] GC(68) Pacer for Reset. Non-Taxable: 8192M
[642.536s][info][gc          ] GC(68) Concurrent reset 19.298ms
[642.536s][info][gc,start    ] GC(68) Pause Init Mark (unload classes)
[642.536s][info][gc,task     ] GC(68) Using 4 of 4 workers for init marking
[642.536s][info][gc,ergo     ] GC(68) Pacer for Mark. Expected Live: 490M, Free: 797M, Non-Taxable: 81625K, Alloc Tax Rate: 0.8x
[642.536s][info][gc          ] GC(68) Pause Init Mark (unload classes) 0.123ms
[642.536s][info][gc,start    ] GC(68) Concurrent marking roots
[642.536s][info][gc,task     ] GC(68) Using 2 of 4 workers for concurrent marking roots
[642.537s][info][gc          ] GC(68) Concurrent marking roots 1.003ms
[642.537s][info][gc,start    ] GC(68) Concurrent marking (unload classes)
[642.537s][info][gc,task     ] GC(68) Using 2 of 4 workers for concurrent marking
[642.770s][info][gc          ] GC(68) Concurrent marking (unload classes) 233.487ms
[642.770s][info][gc,start    ] GC(68) Pause Final Mark (unload classes)
[642.770s][info][gc,task     ] GC(68) Using 4 of 4 workers for final marking
[642.771s][info][gc,ergo     ] GC(68) Adaptive CSet Selection. Target Free: 1160M, Actual Free: 2908M, Max CSet: 341M, Min Garbage: 0B
[642.771s][info][gc,ergo     ] GC(68) Collectable Garbage: 6464M (99%), Immediate: 1824M (28%), CSet: 4640M (71%)
[642.771s][info][gc,ergo     ] GC(68) Pacer for Evacuation. Used CSet: 4712M, Free: 2509M, Non-Taxable: 250M, Alloc Tax Rate: 4.6x
[642.771s][info][gc          ] GC(68) Pause Final Mark (unload classes) 0.292ms
[642.771s][info][gc,start    ] GC(68) Concurrent thread roots
[642.771s][info][gc,task     ] GC(68) Using 2 of 4 workers for Concurrent thread roots
[642.772s][info][gc          ] GC(68) Concurrent thread roots 0.770ms
[642.772s][info][gc,start    ] GC(68) Concurrent weak references
[642.772s][info][gc,task     ] GC(68) Using 2 of 4 workers for concurrent weak references
[642.772s][info][gc,ref      ] GC(68) Encountered references: Soft: 6090, Weak: 23325, Final: 34, Phantom: 829
[642.772s][info][gc,ref      ] GC(68) Discovered  references: Soft: 0, Weak: 12056, Final: 1, Phantom: 583
[642.772s][info][gc,ref      ] GC(68) Enqueued    references: Soft: 0, Weak: 2, Final: 0, Phantom: 0
[642.772s][info][gc          ] GC(68) Concurrent weak references 0.627ms
[642.772s][info][gc,start    ] GC(68) Concurrent weak roots
[642.772s][info][gc,task     ] GC(68) Using 2 of 4 workers for concurrent weak root
[642.775s][info][gc          ] GC(68) Concurrent weak roots 3.057ms
[642.775s][info][gc,start    ] GC(68) Concurrent cleanup
[642.775s][info][gc          ] GC(68) Concurrent cleanup 7103M->5279M(8192M) 0.040ms
[642.775s][info][gc,ergo     ] GC(68) Free: 2501M, Max: 4096K regular, 632M humongous, Frag: 75% external, 0% internal; Reserve: 411M, Max: 4096K
[642.775s][info][gc,start    ] GC(68) Concurrent class unloading
[642.775s][info][gc,task     ] GC(68) Using 2 of 4 workers for concurrent class unloading
[642.780s][info][gc          ] GC(68) Concurrent class unloading 4.602ms
[642.780s][info][gc,start    ] GC(68) Concurrent strong roots
[642.780s][info][gc,task     ] GC(68) Using 2 of 4 workers for concurrent strong root
[642.780s][info][gc          ] GC(68) Concurrent strong roots 0.289ms
[642.780s][info][gc,start    ] GC(68) Concurrent evacuation
[642.780s][info][gc,task     ] GC(68) Using 2 of 4 workers for concurrent evacuation
[642.821s][info][gc          ] GC(68) Concurrent evacuation 40.500ms
[642.821s][info][gc,start    ] GC(68) Pause Init Update Refs
[642.821s][info][gc,ergo     ] GC(68) Pacer for Update Refs. Used: 5382M, Free: 2473M, Non-Taxable: 247M, Alloc Tax Rate: 2.7x
[642.821s][info][gc          ] GC(68) Pause Init Update Refs 0.045ms
[642.821s][info][gc,start    ] GC(68) Concurrent update references
[642.821s][info][gc,task     ] GC(68) Using 2 of 4 workers for concurrent reference update
[642.955s][info][gc          ] GC(68) Concurrent update references 133.742ms
[642.955s][info][gc,start    ] GC(68) Concurrent update thread roots
[642.956s][info][gc          ] GC(68) Concurrent update thread roots 1.148ms
[642.956s][info][gc,start    ] GC(68) Pause Final Update Refs
[642.956s][info][gc,task     ] GC(68) Using 4 of 4 workers for final reference update
[642.956s][info][gc          ] GC(68) Pause Final Update Refs 0.103ms
[642.956s][info][gc,start    ] GC(68) Concurrent cleanup
[642.956s][info][gc          ] GC(68) Concurrent cleanup 5466M->754M(8192M) 0.066ms
[642.956s][info][gc,ergo     ] Free: 7025M, Max: 4096K regular, 5788M humongous, Frag: 18% external, 0% internal; Reserve: 412M, Max: 4096K
[642.956s][info][gc,stats    ] 
[642.956s][info][gc,stats    ] All times are wall-clock times, except per-root-class counters, that are sum over
[642.956s][info][gc,stats    ] all workers. Dividing the <total> over the root stage time estimates parallelism.
[642.956s][info][gc,stats    ] 
[642.956s][info][gc,stats    ] Concurrent Reset                  19348 us
[642.956s][info][gc,stats    ] Pause Init Mark (G)                 216 us
[642.956s][info][gc,stats    ] Pause Init Mark (N)                 138 us
[642.956s][info][gc,stats    ]   Update Region States               51 us
[642.956s][info][gc,stats    ] Concurrent Mark Roots              1024 us, parallelism: 1.61x
[642.956s][info][gc,stats    ]   CMR: <total>                     1654 us
[642.956s][info][gc,stats    ]   CMR: Thread Roots                1492 us, workers (us): 822, 670, ---, ---, 
[642.956s][info][gc,stats    ]   CMR: VM Strong Roots               15 us, workers (us):   8,   7, ---, ---, 
[642.956s][info][gc,stats    ]   CMR: CLDG Roots                   147 us, workers (us): ---, 147, ---, ---, 
[642.956s][info][gc,stats    ] Concurrent Marking               233529 us
[642.956s][info][gc,stats    ] Pause Final Mark (G)                366 us
[642.956s][info][gc,stats    ] Pause Final Mark (N)                303 us
[642.956s][info][gc,stats    ]   Finish Mark                        43 us
[642.956s][info][gc,stats    ]   Update Region States               42 us
[642.956s][info][gc,stats    ]   Choose Collection Set             140 us
[642.956s][info][gc,stats    ]   Rebuild Free Set                   12 us
[642.956s][info][gc,stats    ] Concurrent Thread Roots             791 us, parallelism: 1.82x
[642.956s][info][gc,stats    ]   CTR: <total>                     1444 us
[642.956s][info][gc,stats    ]   CTR: Thread Roots                1444 us, workers (us): 727, 717, ---, ---, 
[642.956s][info][gc,stats    ] Concurrent Weak References          638 us, parallelism: 0.89x
[642.956s][info][gc,stats    ]   CWRF: <total>                     567 us
[642.956s][info][gc,stats    ]   CWRF: Weak References             567 us, workers (us):  38, 529, ---, ---, 
[642.956s][info][gc,stats    ] Concurrent Weak Roots              3086 us
[642.956s][info][gc,stats    ]   Roots                            2975 us, parallelism: 1.91x
[642.956s][info][gc,stats    ]     CWR: <total>                   5670 us
[642.956s][info][gc,stats    ]     CWR: Code Cache Roots          3692 us, workers (us): 1869, 1823, ---, ---, 
[642.957s][info][gc,stats    ]     CWR: VM Weak Roots             1871 us, workers (us): 958, 913, ---, ---, 
[642.957s][info][gc,stats    ]     CWR: CLDG Roots                 108 us, workers (us): ---, 108, ---, ---, 
[642.957s][info][gc,stats    ]   Rendezvous                         60 us
[642.957s][info][gc,stats    ] Concurrent Cleanup                   53 us
[642.957s][info][gc,stats    ] Concurrent Class Unloading         4626 us
[642.957s][info][gc,stats    ]   Unlink Stale                     4388 us
[642.957s][info][gc,stats    ]     System Dictionary                67 us
[642.957s][info][gc,stats    ]     Weak Class Links                  0 us
[642.957s][info][gc,stats    ]     Code Roots                     4320 us
[642.957s][info][gc,stats    ]   Rendezvous                        106 us
[642.957s][info][gc,stats    ]   Purge Unlinked                     84 us
[642.957s][info][gc,stats    ]     Code Roots                       81 us
[642.957s][info][gc,stats    ]     CLDG                              3 us
[642.957s][info][gc,stats    ]     Exception Caches                  0 us
[642.957s][info][gc,stats    ] Concurrent Strong Roots             302 us, parallelism: 0.67x
[642.957s][info][gc,stats    ]   CSR: <total>                      202 us
[642.957s][info][gc,stats    ]   CSR: VM Strong Roots                8 us, workers (us):   7,   0, ---, ---, 
[642.957s][info][gc,stats    ]   CSR: CLDG Roots                   195 us, workers (us): 195, ---, ---, ---, 
[642.957s][info][gc,stats    ] Concurrent Evacuation             40543 us
[642.957s][info][gc,stats    ] Pause Init Update Refs (G)           85 us
[642.957s][info][gc,stats    ] Pause Init Update Refs (N)           56 us
[642.957s][info][gc,stats    ]   Manage GCLABs                       5 us
[642.957s][info][gc,stats    ] Concurrent Update Refs           133783 us
[642.957s][info][gc,stats    ] Concurrent Update Thread Roots     1174 us
[642.957s][info][gc,stats    ] Pause Final Update Refs (G)         177 us
[642.957s][info][gc,stats    ] Pause Final Update Refs (N)         128 us
[642.957s][info][gc,stats    ]   Update Region States               41 us
[642.957s][info][gc,stats    ]   Trash Collection Set               13 us
[642.957s][info][gc,stats    ]   Rebuild Free Set                   12 us
[642.957s][info][gc,stats    ] Concurrent Cleanup                  117 us
[642.957s][info][gc,stats    ] 
[642.957s][info][gc,stats    ] Allocation pacing accrued:
[642.957s][info][gc,stats    ]       0 of  9158 ms (  0.0%): <total>
[642.957s][info][gc,stats    ]       0 of  9158 ms (  0.0%): <average total>
[642.957s][info][gc,stats    ] 
[642.957s][info][gc,metaspace] Metaspace: 134673K(136000K)->134673K(136000K) NonClass: 113774K(114496K)->113774K(114496K) Class: 20898K(21504K)->20898K(21504K)
[642.957s][info][gc,ergo     ] Pacer for Idle. Initial: 163M, Alloc Tax Rate: 1.0x
[653.125s][info][gc          ] Trigger: Free (817M) is below minimum threshold (819M)
[653.125s][info][gc,ergo     ] Free: 817M, Max: 4096K regular, 760M humongous, Frag: 6% external, 0% internal; Reserve: 412M, Max: 4096K
[653.125s][info][gc,start    ] GC(69) Concurrent reset
[653.125s][info][gc,task     ] GC(69) Using 2 of 4 workers for concurrent reset
[653.125s][info][gc,ergo     ] GC(69) Pacer for Reset. Non-Taxable: 8192M
[653.140s][info][gc          ] GC(69) Concurrent reset 14.804ms
[653.140s][info][gc,start    ] GC(69) Pause Init Mark (unload classes)
[653.140s][info][gc,task     ] GC(69) Using 4 of 4 workers for init marking
[653.140s][info][gc,ergo     ] GC(69) Pacer for Mark. Expected Live: 489M, Free: 813M, Non-Taxable: 83293K, Alloc Tax Rate: 0.7x
[653.140s][info][gc          ] GC(69) Pause Init Mark (unload classes) 0.096ms
[653.140s][info][gc,start    ] GC(69) Concurrent marking roots
[653.140s][info][gc,task     ] GC(69) Using 2 of 4 workers for concurrent marking roots
[653.141s][info][gc          ] GC(69) Concurrent marking roots 1.042ms
[653.141s][info][gc,start    ] GC(69) Concurrent marking (unload classes)
[653.141s][info][gc,task     ] GC(69) Using 2 of 4 workers for concurrent marking
[653.371s][info][gc          ] GC(69) Concurrent marking (unload classes) 229.709ms
[653.371s][info][gc,start    ] GC(69) Pause Final Mark (unload classes)
[653.371s][info][gc,task     ] GC(69) Using 4 of 4 workers for final marking
[653.371s][info][gc,ergo     ] GC(69) Adaptive CSet Selection. Target Free: 1160M, Actual Free: 2356M, Max CSet: 341M, Min Garbage: 0B
[653.371s][info][gc,ergo     ] GC(69) Collectable Garbage: 6445M (99%), Immediate: 1260M (19%), CSet: 5185M (79%)
[653.371s][info][gc,ergo     ] GC(69) Pacer for Evacuation. Used CSet: 5260M, Free: 1953M, Non-Taxable: 195M, Alloc Tax Rate: 6.6x
[653.371s][info][gc          ] GC(69) Pause Final Mark (unload classes) 0.248ms
[653.371s][info][gc,start    ] GC(69) Concurrent thread roots
[653.371s][info][gc,task     ] GC(69) Using 2 of 4 workers for Concurrent thread roots
[653.372s][info][gc          ] GC(69) Concurrent thread roots 0.768ms
[653.372s][info][gc,start    ] GC(69) Concurrent weak references
[653.372s][info][gc,task     ] GC(69) Using 2 of 4 workers for concurrent weak references
[653.372s][info][gc,ref      ] GC(69) Encountered references: Soft: 6090, Weak: 23328, Final: 34, Phantom: 835
[653.372s][info][gc,ref      ] GC(69) Discovered  references: Soft: 0, Weak: 1188, Final: 0, Phantom: 592
[653.372s][info][gc,ref      ] GC(69) Enqueued    references: Soft: 0, Weak: 2, Final: 0, Phantom: 0
[653.372s][info][gc          ] GC(69) Concurrent weak references 0.133ms
[653.372s][info][gc,start    ] GC(69) Concurrent weak roots
[653.372s][info][gc,task     ] GC(69) Using 2 of 4 workers for concurrent weak root
[653.375s][info][gc          ] GC(69) Concurrent weak roots 2.659ms
[653.375s][info][gc,start    ] GC(69) Concurrent cleanup
[653.375s][info][gc          ] GC(69) Concurrent cleanup 7096M->5836M(8192M) 0.032ms
[653.375s][info][gc,ergo     ] GC(69) Free: 1945M, Max: 4096K regular, 672M humongous, Frag: 66% external, 0% internal; Reserve: 410M, Max: 4096K
[653.375s][info][gc,start    ] GC(69) Concurrent class unloading
[653.375s][info][gc,task     ] GC(69) Using 2 of 4 workers for concurrent class unloading
[653.380s][info][gc          ] GC(69) Concurrent class unloading 4.730ms
[653.380s][info][gc,start    ] GC(69) Concurrent strong roots
[653.380s][info][gc,task     ] GC(69) Using 2 of 4 workers for concurrent strong root
[653.380s][info][gc          ] GC(69) Concurrent strong roots 0.291ms
[653.380s][info][gc,start    ] GC(69) Concurrent evacuation
[653.380s][info][gc,task     ] GC(69) Using 2 of 4 workers for concurrent evacuation
[653.418s][info][gc          ] GC(69) Concurrent evacuation 38.315ms
[653.418s][info][gc,start    ] GC(69) Pause Init Update Refs
[653.418s][info][gc,ergo     ] GC(69) Pacer for Update Refs. Used: 5934M, Free: 1925M, Non-Taxable: 192M, Alloc Tax Rate: 3.8x
[653.418s][info][gc          ] GC(69) Pause Init Update Refs 0.043ms
[653.419s][info][gc,start    ] GC(69) Concurrent update references
[653.419s][info][gc,task     ] GC(69) Using 2 of 4 workers for concurrent reference update
[653.560s][info][gc          ] GC(69) Concurrent update references 141.509ms
[653.560s][info][gc,start    ] GC(69) Concurrent update thread roots
[653.561s][info][gc          ] GC(69) Concurrent update thread roots 1.362ms
[653.562s][info][gc,start    ] GC(69) Pause Final Update Refs
[653.562s][info][gc,task     ] GC(69) Using 4 of 4 workers for final reference update
[653.562s][info][gc          ] GC(69) Pause Final Update Refs 0.106ms
[653.562s][info][gc,start    ] GC(69) Concurrent cleanup
[653.562s][info][gc          ] GC(69) Concurrent cleanup 6014M->754M(8192M) 0.066ms
[653.562s][info][gc,ergo     ] Free: 7025M, Max: 4096K regular, 5916M humongous, Frag: 16% external, 0% internal; Reserve: 412M, Max: 4096K
[653.562s][info][gc,stats    ] 
[653.562s][info][gc,stats    ] All times are wall-clock times, except per-root-class counters, that are sum over
[653.562s][info][gc,stats    ] all workers. Dividing the <total> over the root stage time estimates parallelism.
[653.562s][info][gc,stats    ] 
[653.562s][info][gc,stats    ] Concurrent Reset                  14879 us
[653.562s][info][gc,stats    ] Pause Init Mark (G)                 219 us
[653.562s][info][gc,stats    ] Pause Init Mark (N)                 110 us
[653.562s][info][gc,stats    ]   Update Region States               22 us
[653.562s][info][gc,stats    ] Concurrent Mark Roots              1064 us, parallelism: 1.57x
[653.562s][info][gc,stats    ]   CMR: <total>                     1667 us
[653.562s][info][gc,stats    ]   CMR: Thread Roots                1487 us, workers (us): 828, 658, ---, ---, 
[653.562s][info][gc,stats    ]   CMR: VM Strong Roots               15 us, workers (us):   8,   7, ---, ---, 
[653.562s][info][gc,stats    ]   CMR: CLDG Roots                   164 us, workers (us): ---, 164, ---, ---, 
[653.562s][info][gc,stats    ] Concurrent Marking               229741 us
[653.562s][info][gc,stats    ] Pause Final Mark (G)                276 us
[653.562s][info][gc,stats    ] Pause Final Mark (N)                259 us
[653.562s][info][gc,stats    ]   Finish Mark                        18 us
[653.562s][info][gc,stats    ]   Update Region States               16 us
[653.562s][info][gc,stats    ]   Choose Collection Set             150 us
[653.562s][info][gc,stats    ]   Rebuild Free Set                   10 us
[653.562s][info][gc,stats    ] Concurrent Thread Roots             789 us, parallelism: 1.85x
[653.562s][info][gc,stats    ]   CTR: <total>                     1461 us
[653.562s][info][gc,stats    ]   CTR: Thread Roots                1461 us, workers (us): 732, 728, ---, ---, 
[653.562s][info][gc,stats    ] Concurrent Weak References          145 us, parallelism: 0.65x
[653.562s][info][gc,stats    ]   CWRF: <total>                      95 us
[653.562s][info][gc,stats    ]   CWRF: Weak References              95 us, workers (us):  56,  39, ---, ---, 
[653.562s][info][gc,stats    ] Concurrent Weak Roots              2678 us
[653.562s][info][gc,stats    ]   Roots                            2582 us, parallelism: 1.91x
[653.562s][info][gc,stats    ]     CWR: <total>                   4940 us
[653.562s][info][gc,stats    ]     CWR: Code Cache Roots          3387 us, workers (us): 1635, 1752, ---, ---, 
[653.562s][info][gc,stats    ]     CWR: VM Weak Roots             1471 us, workers (us): 735, 735, ---, ---, 
[653.562s][info][gc,stats    ]     CWR: CLDG Roots                  83 us, workers (us):  83, ---, ---, ---, 
[653.562s][info][gc,stats    ]   Rendezvous                         55 us
[653.562s][info][gc,stats    ] Concurrent Cleanup                   44 us
[653.562s][info][gc,stats    ] Concurrent Class Unloading         4756 us
[653.562s][info][gc,stats    ]   Unlink Stale                     4544 us
[653.562s][info][gc,stats    ]     System Dictionary                61 us
[653.562s][info][gc,stats    ]     Weak Class Links                  0 us
[653.562s][info][gc,stats    ]     Code Roots                     4482 us
[653.562s][info][gc,stats    ]   Rendezvous                         55 us
[653.562s][info][gc,stats    ]   Purge Unlinked                    108 us
[653.562s][info][gc,stats    ]     Code Roots                      104 us
[653.562s][info][gc,stats    ]     CLDG                              5 us
[653.562s][info][gc,stats    ]     Exception Caches                  0 us
[653.562s][info][gc,stats    ] Concurrent Strong Roots             304 us, parallelism: 0.68x
[653.562s][info][gc,stats    ]   CSR: <total>                      208 us
[653.562s][info][gc,stats    ]   CSR: VM Strong Roots                7 us, workers (us):   4,   3, ---, ---, 
[653.562s][info][gc,stats    ]   CSR: CLDG Roots                   201 us, workers (us): ---, 201, ---, ---, 
[653.562s][info][gc,stats    ] Concurrent Evacuation             38362 us
[653.562s][info][gc,stats    ] Pause Init Update Refs (G)          147 us
[653.562s][info][gc,stats    ] Pause Init Update Refs (N)           55 us
[653.562s][info][gc,stats    ]   Manage GCLABs                       5 us
[653.562s][info][gc,stats    ] Concurrent Update Refs           141572 us
[653.562s][info][gc,stats    ] Concurrent Update Thread Roots     1389 us
[653.562s][info][gc,stats    ] Pause Final Update Refs (G)         159 us
[653.562s][info][gc,stats    ] Pause Final Update Refs (N)         120 us
[653.562s][info][gc,stats    ]   Update Region States               45 us
[653.562s][info][gc,stats    ]   Trash Collection Set               15 us
[653.562s][info][gc,stats    ]   Rebuild Free Set                   11 us
[653.562s][info][gc,stats    ] Concurrent Cleanup                   79 us
[653.562s][info][gc,stats    ] 
[653.562s][info][gc,stats    ] Allocation pacing accrued:
[653.562s][info][gc,stats    ]       0 of 10606 ms (  0.0%): <total>
[653.562s][info][gc,stats    ]       0 of 10606 ms (  0.0%): <average total>
[653.562s][info][gc,stats    ] 
[653.562s][info][gc,metaspace] Metaspace: 134680K(136000K)->134680K(136000K) NonClass: 113781K(114496K)->113781K(114496K) Class: 20898K(21504K)->20898K(21504K)
[653.562s][info][gc,ergo     ] Pacer for Idle. Initial: 163M, Alloc Tax Rate: 1.0x
[662.510s][info][gc          ] Trigger: Average GC time (476.68 ms) is above the time for average allocation rate (1039 MB/s) to deplete free headroom (457M) (margin of error = 1.83)
[662.510s][info][gc,ergo     ] Free headroom: 867M (free) - 409M (spike) - 0B (penalties) = 457M
[662.510s][info][gc,ergo     ] Free: 867M, Max: 4096K regular, 668M humongous, Frag: 22% external, 0% internal; Reserve: 412M, Max: 4096K
[662.510s][info][gc,start    ] GC(70) Concurrent reset
[662.510s][info][gc,task     ] GC(70) Using 2 of 4 workers for concurrent reset
[662.510s][info][gc,ergo     ] GC(70) Pacer for Reset. Non-Taxable: 8192M
[662.533s][info][gc          ] GC(70) Concurrent reset 23.343ms
[662.533s][info][gc,start    ] GC(70) Pause Init Mark (unload classes)
[662.533s][info][gc,task     ] GC(70) Using 4 of 4 workers for init marking
[662.533s][info][gc,ergo     ] GC(70) Pacer for Mark. Expected Live: 488M, Free: 835M, Non-Taxable: 85562K, Alloc Tax Rate: 0.7x
[662.533s][info][gc          ] GC(70) Pause Init Mark (unload classes) 0.113ms
[662.534s][info][gc,start    ] GC(70) Concurrent marking roots
[662.534s][info][gc,task     ] GC(70) Using 2 of 4 workers for concurrent marking roots
[662.535s][info][gc          ] GC(70) Concurrent marking roots 1.233ms
[662.535s][info][gc,start    ] GC(70) Concurrent marking (unload classes)
[662.535s][info][gc,task     ] GC(70) Using 2 of 4 workers for concurrent marking
[662.801s][info][gc          ] GC(70) Concurrent marking (unload classes) 265.964ms
[662.801s][info][gc,start    ] GC(70) Pause Final Mark (unload classes)
[662.801s][info][gc,task     ] GC(70) Using 4 of 4 workers for final marking
[662.801s][info][gc,ergo     ] GC(70) Adaptive CSet Selection. Target Free: 1160M, Actual Free: 2788M, Max CSet: 341M, Min Garbage: 0B
[662.801s][info][gc,ergo     ] GC(70) Collectable Garbage: 6382M (99%), Immediate: 2004M (31%), CSet: 4378M (68%)
[662.801s][info][gc,ergo     ] GC(70) Pacer for Evacuation. Used CSet: 4492M, Free: 2385M, Non-Taxable: 238M, Alloc Tax Rate: 4.6x
[662.801s][info][gc          ] GC(70) Pause Final Mark (unload classes) 0.273ms
[662.801s][info][gc,start    ] GC(70) Concurrent thread roots
[662.801s][info][gc,task     ] GC(70) Using 2 of 4 workers for Concurrent thread roots
[662.802s][info][gc          ] GC(70) Concurrent thread roots 0.723ms
[662.802s][info][gc,start    ] GC(70) Concurrent weak references
[662.802s][info][gc,task     ] GC(70) Using 2 of 4 workers for concurrent weak references
[662.802s][info][gc,ref      ] GC(70) Encountered references: Soft: 6090, Weak: 23332, Final: 34, Phantom: 844
[662.802s][info][gc,ref      ] GC(70) Discovered  references: Soft: 0, Weak: 3664, Final: 0, Phantom: 694
[662.802s][info][gc,ref      ] GC(70) Enqueued    references: Soft: 0, Weak: 4, Final: 0, Phantom: 0
[662.802s][info][gc          ] GC(70) Concurrent weak references 0.276ms
[662.802s][info][gc,start    ] GC(70) Concurrent weak roots
[662.802s][info][gc,task     ] GC(70) Using 2 of 4 workers for concurrent weak root
[662.806s][info][gc          ] GC(70) Concurrent weak roots 3.406ms
[662.806s][info][gc,start    ] GC(70) Concurrent cleanup
[662.806s][info][gc          ] GC(70) Concurrent cleanup 7407M->5403M(8192M) 0.042ms
[662.806s][info][gc,ergo     ] GC(70) Free: 2377M, Max: 4096K regular, 360M humongous, Frag: 85% external, 0% internal; Reserve: 411M, Max: 4096K
[662.806s][info][gc,start    ] GC(70) Concurrent class unloading
[662.806s][info][gc,task     ] GC(70) Using 2 of 4 workers for concurrent class unloading
[662.811s][info][gc          ] GC(70) Concurrent class unloading 4.912ms
[662.811s][info][gc,start    ] GC(70) Concurrent strong roots
[662.811s][info][gc,task     ] GC(70) Using 2 of 4 workers for concurrent strong root
[662.811s][info][gc          ] GC(70) Concurrent strong roots 0.317ms
[662.811s][info][gc,start    ] GC(70) Concurrent evacuation
[662.811s][info][gc,task     ] GC(70) Using 2 of 4 workers for concurrent evacuation
[662.870s][info][gc          ] GC(70) Concurrent evacuation 58.722ms
[662.870s][info][gc,start    ] GC(70) Pause Init Update Refs
[662.870s][info][gc,ergo     ] GC(70) Pacer for Update Refs. Used: 5606M, Free: 2293M, Non-Taxable: 229M, Alloc Tax Rate: 3.0x
[662.870s][info][gc          ] GC(70) Pause Init Update Refs 0.043ms
[662.870s][info][gc,start    ] GC(70) Concurrent update references
[662.870s][info][gc,task     ] GC(70) Using 2 of 4 workers for concurrent reference update
[663.072s][info][gc          ] GC(70) Concurrent update references 202.648ms
[663.073s][info][gc,start    ] GC(70) Concurrent update thread roots
[663.074s][info][gc          ] GC(70) Concurrent update thread roots 1.191ms
[663.074s][info][gc,start    ] GC(70) Pause Final Update Refs
[663.074s][info][gc,task     ] GC(70) Using 4 of 4 workers for final reference update
[663.074s][info][gc          ] GC(70) Pause Final Update Refs 0.092ms
[663.074s][info][gc,start    ] GC(70) Concurrent cleanup
[663.074s][info][gc          ] GC(70) Concurrent cleanup 5786M->1294M(8192M) 0.069ms
[663.074s][info][gc,ergo     ] Free: 6485M, Max: 4096K regular, 5704M humongous, Frag: 12% external, 0% internal; Reserve: 412M, Max: 4096K
[663.074s][info][gc,stats    ] 
[663.074s][info][gc,stats    ] All times are wall-clock times, except per-root-class counters, that are sum over
[663.074s][info][gc,stats    ] all workers. Dividing the <total> over the root stage time estimates parallelism.
[663.074s][info][gc,stats    ] 
[663.074s][info][gc,stats    ] Concurrent Reset                  23464 us
[663.074s][info][gc,stats    ] Pause Init Mark (G)                 333 us
[663.074s][info][gc,stats    ] Pause Init Mark (N)                 126 us
[663.074s][info][gc,stats    ]   Update Region States               42 us
[663.074s][info][gc,stats    ] Concurrent Mark Roots              1256 us, parallelism: 1.41x
[663.074s][info][gc,stats    ]   CMR: <total>                     1766 us
[663.074s][info][gc,stats    ]   CMR: Thread Roots                1571 us, workers (us): 697, 874, ---, ---, 
[663.074s][info][gc,stats    ]   CMR: VM Strong Roots               24 us, workers (us):  20,   4, ---, ---, 
[663.074s][info][gc,stats    ]   CMR: CLDG Roots                   171 us, workers (us): 171, ---, ---, ---, 
[663.074s][info][gc,stats    ] Concurrent Marking               266003 us
[663.074s][info][gc,stats    ] Pause Final Mark (G)                341 us
[663.074s][info][gc,stats    ] Pause Final Mark (N)                284 us
[663.074s][info][gc,stats    ]   Finish Mark                        45 us
[663.074s][info][gc,stats    ]   Update Region States               16 us
[663.074s][info][gc,stats    ]   Choose Collection Set             144 us
[663.074s][info][gc,stats    ]   Rebuild Free Set                   11 us
[663.074s][info][gc,stats    ] Concurrent Thread Roots             740 us, parallelism: 1.84x
[663.074s][info][gc,stats    ]   CTR: <total>                     1360 us
[663.074s][info][gc,stats    ]   CTR: Thread Roots                1360 us, workers (us): 672, 688, ---, ---, 
[663.074s][info][gc,stats    ] Concurrent Weak References          287 us, parallelism: 0.75x
[663.074s][info][gc,stats    ]   CWRF: <total>                     214 us
[663.074s][info][gc,stats    ]   CWRF: Weak References             214 us, workers (us):  34, 180, ---, ---, 
[663.074s][info][gc,stats    ] Concurrent Weak Roots              3432 us
[663.074s][info][gc,stats    ]   Roots                            3321 us, parallelism: 1.93x
[663.074s][info][gc,stats    ]     CWR: <total>                   6424 us
[663.074s][info][gc,stats    ]     CWR: Code Cache Roots          4867 us, workers (us): 2492, 2375, ---, ---, 
[663.074s][info][gc,stats    ]     CWR: VM Weak Roots             1478 us, workers (us): 739, 739, ---, ---, 
[663.074s][info][gc,stats    ]     CWR: CLDG Roots                  79 us, workers (us): ---,  79, ---, ---, 
[663.074s][info][gc,stats    ]   Rendezvous                         63 us
[663.074s][info][gc,stats    ] Concurrent Cleanup                   56 us
[663.074s][info][gc,stats    ] Concurrent Class Unloading         4938 us
[663.074s][info][gc,stats    ]   Unlink Stale                     4709 us
[663.074s][info][gc,stats    ]     System Dictionary                69 us
[663.074s][info][gc,stats    ]     Weak Class Links                  0 us
[663.075s][info][gc,stats    ]     Code Roots                     4639 us
[663.075s][info][gc,stats    ]   Rendezvous                         65 us
[663.075s][info][gc,stats    ]   Purge Unlinked                    115 us
[663.075s][info][gc,stats    ]     Code Roots                      110 us
[663.075s][info][gc,stats    ]     CLDG                              5 us
[663.075s][info][gc,stats    ]     Exception Caches                  0 us
[663.075s][info][gc,stats    ] Concurrent Strong Roots             331 us, parallelism: 0.66x
[663.075s][info][gc,stats    ]   CSR: <total>                      218 us
[663.075s][info][gc,stats    ]   CSR: VM Strong Roots                9 us, workers (us):   9,   0, ---, ---, 
[663.075s][info][gc,stats    ]   CSR: CLDG Roots                   209 us, workers (us): 209, ---, ---, ---, 
[663.075s][info][gc,stats    ] Concurrent Evacuation             58763 us
[663.075s][info][gc,stats    ] Pause Init Update Refs (G)          108 us
[663.075s][info][gc,stats    ] Pause Init Update Refs (N)           57 us
[663.075s][info][gc,stats    ]   Manage GCLABs                       5 us
[663.075s][info][gc,stats    ] Concurrent Update Refs           202697 us
[663.075s][info][gc,stats    ] Concurrent Update Thread Roots     1210 us
[663.075s][info][gc,stats    ] Pause Final Update Refs (G)         251 us
[663.075s][info][gc,stats    ] Pause Final Update Refs (N)         119 us
[663.075s][info][gc,stats    ]   Update Region States               40 us
[663.075s][info][gc,stats    ]   Trash Collection Set               11 us
[663.075s][info][gc,stats    ]   Rebuild Free Set                   11 us
[663.075s][info][gc,stats    ] Concurrent Cleanup                   83 us
[663.075s][info][gc,stats    ] Pacing                            41618 us
[663.075s][info][gc,stats    ] 
[663.075s][info][gc,stats    ] Allocation pacing accrued:
[663.075s][info][gc,stats    ]      19 of  9512 ms (  0.2%): Paper Common Worker #0
[663.075s][info][gc,stats    ]      11 of  9512 ms (  0.1%): Paper Common Worker #1
[663.075s][info][gc,stats    ]      12 of  9512 ms (  0.1%): RegionFile I/O Thread #0
[663.075s][info][gc,stats    ]      42 of  9512 ms (  0.4%): <total>
[663.075s][info][gc,stats    ]       1 of  9512 ms (  0.0%): <average total>
[663.075s][info][gc,stats    ]      14 of  9512 ms (  0.1%): <average non-zero>
[663.075s][info][gc,stats    ] 
[663.075s][info][gc,metaspace] Metaspace: 134683K(136000K)->134683K(136000K) NonClass: 113784K(114496K)->113784K(114496K) Class: 20898K(21504K)->20898K(21504K)
[663.075s][info][gc,ergo     ] Pacer for Idle. Initial: 163M, Alloc Tax Rate: 1.0x
[671.121s][info][gc          ] Trigger: Average GC time (617.58 ms) is above the time for average allocation rate (1146 MB/s) to deplete free headroom (627M) (margin of error = 1.86)
[671.121s][info][gc,ergo     ] Free headroom: 1037M (free) - 409M (spike) - 0B (penalties) = 627M
[671.121s][info][gc,ergo     ] Free: 1037M, Max: 4096K regular, 492M humongous, Frag: 52% external, 0% internal; Reserve: 412M, Max: 4096K
[671.121s][info][gc,start    ] GC(71) Concurrent reset
[671.121s][info][gc,task     ] GC(71) Using 2 of 4 workers for concurrent reset
[671.121s][info][gc,ergo     ] GC(71) Pacer for Reset. Non-Taxable: 8192M
[671.133s][info][gc          ] GC(71) Concurrent reset 12.016ms
[671.133s][info][gc,start    ] GC(71) Pause Init Mark (unload classes)
[671.133s][info][gc,task     ] GC(71) Using 4 of 4 workers for init marking
[671.133s][info][gc,ergo     ] GC(71) Pacer for Mark. Expected Live: 490M, Free: 1033M, Non-Taxable: 103M, Alloc Tax Rate: 0.6x
[671.133s][info][gc          ] GC(71) Pause Init Mark (unload classes) 0.105ms
[671.133s][info][gc,start    ] GC(71) Concurrent marking roots
[671.133s][info][gc,task     ] GC(71) Using 2 of 4 workers for concurrent marking roots
[671.134s][info][gc          ] GC(71) Concurrent marking roots 1.029ms
[671.134s][info][gc,start    ] GC(71) Concurrent marking (unload classes)
[671.134s][info][gc,task     ] GC(71) Using 2 of 4 workers for concurrent marking
[671.374s][info][gc          ] GC(71) Concurrent marking (unload classes) 239.267ms
[671.374s][info][gc,start    ] GC(71) Pause Final Mark (unload classes)
[671.374s][info][gc,task     ] GC(71) Using 4 of 4 workers for final marking
[671.374s][info][gc,ergo     ] GC(71) Adaptive CSet Selection. Target Free: 1160M, Actual Free: 2184M, Max CSet: 341M, Min Garbage: 0B
[671.374s][info][gc,ergo     ] GC(71) Collectable Garbage: 6214M (99%), Immediate: 936M (14%), CSet: 5278M (84%)
[671.374s][info][gc,ergo     ] GC(71) Pacer for Evacuation. Used CSet: 5364M, Free: 1788M, Non-Taxable: 178M, Alloc Tax Rate: 7.3x
[671.374s][info][gc          ] GC(71) Pause Final Mark (unload classes) 0.293ms
[671.374s][info][gc,start    ] GC(71) Concurrent thread roots
[671.374s][info][gc,task     ] GC(71) Using 2 of 4 workers for Concurrent thread roots
[671.375s][info][gc          ] GC(71) Concurrent thread roots 0.789ms
[671.375s][info][gc,start    ] GC(71) Concurrent weak references
[671.375s][info][gc,task     ] GC(71) Using 2 of 4 workers for concurrent weak references
[671.375s][info][gc,ref      ] GC(71) Encountered references: Soft: 6090, Weak: 23332, Final: 34, Phantom: 845
[671.375s][info][gc,ref      ] GC(71) Discovered  references: Soft: 0, Weak: 13311, Final: 0, Phantom: 605
[671.375s][info][gc,ref      ] GC(71) Enqueued    references: Soft: 0, Weak: 2, Final: 0, Phantom: 1
[671.375s][info][gc          ] GC(71) Concurrent weak references 0.584ms
[671.375s][info][gc,start    ] GC(71) Concurrent weak roots
[671.375s][info][gc,task     ] GC(71) Using 2 of 4 workers for concurrent weak root
[671.378s][info][gc          ] GC(71) Concurrent weak roots 2.557ms
[671.378s][info][gc,start    ] GC(71) Concurrent cleanup
[671.378s][info][gc          ] GC(71) Concurrent cleanup 6937M->6001M(8192M) 0.032ms
[671.378s][info][gc,ergo     ] GC(71) Free: 1779M, Max: 4096K regular, 320M humongous, Frag: 82% external, 0% internal; Reserve: 410M, Max: 4096K
[671.378s][info][gc,start    ] GC(71) Concurrent class unloading
[671.378s][info][gc,task     ] GC(71) Using 2 of 4 workers for concurrent class unloading
[671.383s][info][gc          ] GC(71) Concurrent class unloading 4.787ms
[671.383s][info][gc,start    ] GC(71) Concurrent strong roots
[671.383s][info][gc,task     ] GC(71) Using 2 of 4 workers for concurrent strong root
[671.383s][info][gc          ] GC(71) Concurrent strong roots 0.373ms
[671.383s][info][gc,start    ] GC(71) Concurrent evacuation
[671.383s][info][gc,task     ] GC(71) Using 2 of 4 workers for concurrent evacuation
[671.428s][info][gc          ] GC(71) Concurrent evacuation 44.237ms
[671.428s][info][gc,start    ] GC(71) Pause Init Update Refs
[671.428s][info][gc,ergo     ] GC(71) Pacer for Update Refs. Used: 6116M, Free: 1755M, Non-Taxable: 175M, Alloc Tax Rate: 4.3x
[671.428s][info][gc          ] GC(71) Pause Init Update Refs 0.043ms
[671.428s][info][gc,start    ] GC(71) Concurrent update references
[671.428s][info][gc,task     ] GC(71) Using 2 of 4 workers for concurrent reference update
[671.573s][info][gc          ] GC(71) Concurrent update references 144.907ms
[671.573s][info][gc,start    ] GC(71) Concurrent update thread roots
[671.574s][info][gc          ] GC(71) Concurrent update thread roots 1.298ms
[671.574s][info][gc,start    ] GC(71) Pause Final Update Refs
[671.574s][info][gc,task     ] GC(71) Using 4 of 4 workers for final reference update
[671.574s][info][gc          ] GC(71) Pause Final Update Refs 0.102ms
[671.574s][info][gc,start    ] GC(71) Concurrent cleanup
[671.574s][info][gc          ] GC(71) Concurrent cleanup 6212M->852M(8192M) 0.078ms
[671.574s][info][gc,ergo     ] Free: 6927M, Max: 4096K regular, 5212M humongous, Frag: 25% external, 0% internal; Reserve: 412M, Max: 4096K
[671.574s][info][gc,stats    ] 
[671.574s][info][gc,stats    ] All times are wall-clock times, except per-root-class counters, that are sum over
[671.574s][info][gc,stats    ] all workers. Dividing the <total> over the root stage time estimates parallelism.
[671.574s][info][gc,stats    ] 
[671.574s][info][gc,stats    ] Concurrent Reset                  12082 us
[671.574s][info][gc,stats    ] Pause Init Mark (G)                 188 us
[671.574s][info][gc,stats    ] Pause Init Mark (N)                 117 us
[671.574s][info][gc,stats    ]   Update Region States               38 us
[671.574s][info][gc,stats    ] Concurrent Mark Roots              1050 us, parallelism: 1.54x
[671.574s][info][gc,stats    ]   CMR: <total>                     1618 us
[671.574s][info][gc,stats    ]   CMR: Thread Roots                1483 us, workers (us): 693, 790, ---, ---, 
[671.574s][info][gc,stats    ]   CMR: VM Strong Roots               14 us, workers (us):  14,   0, ---, ---, 
[671.574s][info][gc,stats    ]   CMR: CLDG Roots                   121 us, workers (us): 121, ---, ---, ---, 
[671.574s][info][gc,stats    ] Concurrent Marking               239326 us
[671.574s][info][gc,stats    ] Pause Final Mark (G)                413 us
[671.574s][info][gc,stats    ] Pause Final Mark (N)                304 us
[671.574s][info][gc,stats    ]   Finish Mark                        25 us
[671.574s][info][gc,stats    ]   Update Region States               40 us
[671.574s][info][gc,stats    ]   Choose Collection Set             156 us
[671.574s][info][gc,stats    ]   Rebuild Free Set                    9 us
[671.574s][info][gc,stats    ] Concurrent Thread Roots             808 us, parallelism: 1.84x
[671.574s][info][gc,stats    ]   CTR: <total>                     1489 us
[671.574s][info][gc,stats    ]   CTR: Thread Roots                1489 us, workers (us): 744, 745, ---, ---, 
[671.574s][info][gc,stats    ] Concurrent Weak References          594 us, parallelism: 0.94x
[671.574s][info][gc,stats    ]   CWRF: <total>                     560 us
[671.574s][info][gc,stats    ]   CWRF: Weak References             560 us, workers (us):  40, 520, ---, ---, 
[671.574s][info][gc,stats    ] Concurrent Weak Roots              2583 us
[671.574s][info][gc,stats    ]   Roots                            2513 us, parallelism: 1.90x
[671.575s][info][gc,stats    ]     CWR: <total>                   4781 us
[671.575s][info][gc,stats    ]     CWR: Code Cache Roots          3219 us, workers (us): 1577, 1642, ---, ---, 
[671.575s][info][gc,stats    ]     CWR: VM Weak Roots             1487 us, workers (us): 744, 743, ---, ---, 
[671.575s][info][gc,stats    ]     CWR: CLDG Roots                  75 us, workers (us):  75, ---, ---, ---, 
[671.575s][info][gc,stats    ]   Rendezvous                         22 us
[671.575s][info][gc,stats    ] Concurrent Cleanup                   46 us
[671.575s][info][gc,stats    ] Concurrent Class Unloading         4817 us
[671.575s][info][gc,stats    ]   Unlink Stale                     4494 us
[671.575s][info][gc,stats    ]     System Dictionary                72 us
[671.575s][info][gc,stats    ]     Weak Class Links                  0 us
[671.575s][info][gc,stats    ]     Code Roots                     4421 us
[671.575s][info][gc,stats    ]   Rendezvous                         99 us
[671.575s][info][gc,stats    ]   Purge Unlinked                    170 us
[671.575s][info][gc,stats    ]     Code Roots                      164 us
[671.575s][info][gc,stats    ]     CLDG                              6 us
[671.575s][info][gc,stats    ]     Exception Caches                  0 us
[671.575s][info][gc,stats    ] Concurrent Strong Roots             390 us, parallelism: 0.72x
[671.575s][info][gc,stats    ]   CSR: <total>                      281 us
[671.575s][info][gc,stats    ]   CSR: VM Strong Roots               11 us, workers (us):  11,   0, ---, ---, 
[671.575s][info][gc,stats    ]   CSR: CLDG Roots                   270 us, workers (us): 270, ---, ---, ---, 
[671.575s][info][gc,stats    ] Concurrent Evacuation             44281 us
[671.575s][info][gc,stats    ] Pause Init Update Refs (G)           83 us
[671.575s][info][gc,stats    ] Pause Init Update Refs (N)           54 us
[671.575s][info][gc,stats    ]   Manage GCLABs                       6 us
[671.575s][info][gc,stats    ] Concurrent Update Refs           144956 us
[671.575s][info][gc,stats    ] Concurrent Update Thread Roots     1324 us
[671.575s][info][gc,stats    ] Pause Final Update Refs (G)         182 us
[671.575s][info][gc,stats    ] Pause Final Update Refs (N)         129 us
[671.575s][info][gc,stats    ]   Update Region States               34 us
[671.575s][info][gc,stats    ]   Trash Collection Set               16 us
[671.575s][info][gc,stats    ]   Rebuild Free Set                   11 us
[671.575s][info][gc,stats    ] Concurrent Cleanup                   95 us
[671.575s][info][gc,stats    ] 
[671.575s][info][gc,stats    ] Allocation pacing accrued:
[671.575s][info][gc,stats    ]       0 of  8500 ms (  0.0%): <total>
[671.575s][info][gc,stats    ]       0 of  8500 ms (  0.0%): <average total>
[671.575s][info][gc,stats    ] 
[671.575s][info][gc,metaspace] Metaspace: 134728K(136064K)->134728K(136064K) NonClass: 113829K(114560K)->113829K(114560K) Class: 20899K(21504K)->20899K(21504K)
[671.575s][info][gc,ergo     ] Pacer for Idle. Initial: 163M, Alloc Tax Rate: 1.0x
[681.023s][info][gc          ] Trigger: Average GC time (572.12 ms) is above the time for average allocation rate (763 MB/s) to deplete free headroom (435M) (margin of error = 1.86)
[681.023s][info][gc,ergo     ] Free headroom: 845M (free) - 409M (spike) - 0B (penalties) = 435M
[681.023s][info][gc,ergo     ] Free: 845M, Max: 4096K regular, 484M humongous, Frag: 42% external, 0% internal; Reserve: 412M, Max: 4096K
[681.023s][info][gc,start    ] GC(72) Concurrent reset
[681.023s][info][gc,task     ] GC(72) Using 2 of 4 workers for concurrent reset
[681.023s][info][gc,ergo     ] GC(72) Pacer for Reset. Non-Taxable: 8192M
[681.039s][info][gc          ] GC(72) Concurrent reset 15.491ms
[681.039s][info][gc,start    ] GC(72) Pause Init Mark (unload classes)
[681.039s][info][gc,task     ] GC(72) Using 4 of 4 workers for init marking
[681.039s][info][gc,ergo     ] GC(72) Pacer for Mark. Expected Live: 492M, Free: 841M, Non-Taxable: 86119K, Alloc Tax Rate: 0.7x
[681.039s][info][gc          ] GC(72) Pause Init Mark (unload classes) 0.117ms
[681.039s][info][gc,start    ] GC(72) Concurrent marking roots
[681.039s][info][gc,task     ] GC(72) Using 2 of 4 workers for concurrent marking roots
[681.040s][info][gc          ] GC(72) Concurrent marking roots 0.977ms
[681.040s][info][gc,start    ] GC(72) Concurrent marking (unload classes)
[681.040s][info][gc,task     ] GC(72) Using 2 of 4 workers for concurrent marking
[681.281s][info][gc          ] GC(72) Concurrent marking (unload classes) 241.131ms
[681.281s][info][gc,start    ] GC(72) Pause Final Mark (unload classes)
[681.281s][info][gc,task     ] GC(72) Using 4 of 4 workers for final marking
[681.281s][info][gc,ergo     ] GC(72) Adaptive CSet Selection. Target Free: 1160M, Actual Free: 3032M, Max CSet: 341M, Min Garbage: 0B
[681.282s][info][gc,ergo     ] GC(72) Collectable Garbage: 6419M (99%), Immediate: 1976M (30%), CSet: 4443M (68%)
[681.282s][info][gc,ergo     ] GC(72) Pacer for Evacuation. Used CSet: 4516M, Free: 2636M, Non-Taxable: 263M, Alloc Tax Rate: 4.2x
[681.282s][info][gc          ] GC(72) Pause Final Mark (unload classes) 0.309ms
[681.282s][info][gc,start    ] GC(72) Concurrent thread roots
[681.282s][info][gc,task     ] GC(72) Using 2 of 4 workers for Concurrent thread roots
[681.282s][info][gc          ] GC(72) Concurrent thread roots 0.765ms
[681.282s][info][gc,start    ] GC(72) Concurrent weak references
[681.282s][info][gc,task     ] GC(72) Using 2 of 4 workers for concurrent weak references
[681.283s][info][gc,ref      ] GC(72) Encountered references: Soft: 6090, Weak: 23332, Final: 34, Phantom: 847
[681.283s][info][gc,ref      ] GC(72) Discovered  references: Soft: 0, Weak: 6837, Final: 0, Phantom: 599
[681.283s][info][gc,ref      ] GC(72) Enqueued    references: Soft: 0, Weak: 1, Final: 0, Phantom: 0
[681.283s][info][gc          ] GC(72) Concurrent weak references 0.358ms
[681.283s][info][gc,start    ] GC(72) Concurrent weak roots
[681.283s][info][gc,task     ] GC(72) Using 2 of 4 workers for concurrent weak root
[681.285s][info][gc          ] GC(72) Concurrent weak roots 2.530ms
[681.285s][info][gc,start    ] GC(72) Concurrent cleanup
[681.285s][info][gc          ] GC(72) Concurrent cleanup 7127M->5151M(8192M) 0.037ms
[681.285s][info][gc,ergo     ] GC(72) Free: 2628M, Max: 4096K regular, 348M humongous, Frag: 87% external, 0% internal; Reserve: 411M, Max: 4096K
[681.285s][info][gc,start    ] GC(72) Concurrent class unloading
[681.285s][info][gc,task     ] GC(72) Using 2 of 4 workers for concurrent class unloading
[681.290s][info][gc          ] GC(72) Concurrent class unloading 4.704ms
[681.290s][info][gc,start    ] GC(72) Concurrent strong roots
[681.290s][info][gc,task     ] GC(72) Using 2 of 4 workers for concurrent strong root
[681.290s][info][gc          ] GC(72) Concurrent strong roots 0.259ms
[681.290s][info][gc,start    ] GC(72) Concurrent evacuation
[681.290s][info][gc,task     ] GC(72) Using 2 of 4 workers for concurrent evacuation
[681.329s][info][gc          ] GC(72) Concurrent evacuation 38.108ms
[681.329s][info][gc,start    ] GC(72) Pause Init Update Refs
[681.329s][info][gc,ergo     ] GC(72) Pacer for Update Refs. Used: 5243M, Free: 2612M, Non-Taxable: 261M, Alloc Tax Rate: 2.5x
[681.329s][info][gc          ] GC(72) Pause Init Update Refs 0.047ms
[681.329s][info][gc,start    ] GC(72) Concurrent update references
[681.329s][info][gc,task     ] GC(72) Using 2 of 4 workers for concurrent reference update
[681.475s][info][gc          ] GC(72) Concurrent update references 146.388ms
[681.475s][info][gc,start    ] GC(72) Concurrent update thread roots
[681.476s][info][gc          ] GC(72) Concurrent update thread roots 1.171ms
[681.476s][info][gc,start    ] GC(72) Pause Final Update Refs
[681.476s][info][gc,task     ] GC(72) Using 4 of 4 workers for final reference update
[681.476s][info][gc          ] GC(72) Pause Final Update Refs 0.093ms
[681.476s][info][gc,start    ] GC(72) Concurrent cleanup
[681.477s][info][gc          ] GC(72) Concurrent cleanup 5355M->839M(8192M) 0.061ms
[681.477s][info][gc,ergo     ] Free: 6940M, Max: 4096K regular, 5896M humongous, Frag: 15% external, 0% internal; Reserve: 412M, Max: 4096K
[681.477s][info][gc,stats    ] 
[681.477s][info][gc,stats    ] All times are wall-clock times, except per-root-class counters, that are sum over
[681.477s][info][gc,stats    ] all workers. Dividing the <total> over the root stage time estimates parallelism.
[681.477s][info][gc,stats    ] 
[681.477s][info][gc,stats    ] Concurrent Reset                  15543 us
[681.477s][info][gc,stats    ] Pause Init Mark (G)                 160 us
[681.477s][info][gc,stats    ] Pause Init Mark (N)                 129 us
[681.477s][info][gc,stats    ]   Update Region States               44 us
[681.477s][info][gc,stats    ] Concurrent Mark Roots               994 us, parallelism: 1.62x
[681.477s][info][gc,stats    ]   CMR: <total>                     1606 us
[681.477s][info][gc,stats    ]   CMR: Thread Roots                1465 us, workers (us): 678, 786, ---, ---, 
[681.477s][info][gc,stats    ]   CMR: VM Strong Roots               14 us, workers (us):  13,   0, ---, ---, 
[681.477s][info][gc,stats    ]   CMR: CLDG Roots                   127 us, workers (us): 127, ---, ---, ---, 
[681.477s][info][gc,stats    ] Concurrent Marking               241176 us
[681.477s][info][gc,stats    ] Pause Final Mark (G)                349 us
[681.477s][info][gc,stats    ] Pause Final Mark (N)                320 us
[681.477s][info][gc,stats    ]   Finish Mark                        51 us
[681.477s][info][gc,stats    ]   Update Region States               46 us
[681.477s][info][gc,stats    ]   Choose Collection Set             144 us
[681.477s][info][gc,stats    ]   Rebuild Free Set                   10 us
[681.477s][info][gc,stats    ] Concurrent Thread Roots             786 us, parallelism: 1.78x
[681.477s][info][gc,stats    ]   CTR: <total>                     1399 us
[681.477s][info][gc,stats    ]   CTR: Thread Roots                1399 us, workers (us): 718, 680, ---, ---, 
[681.477s][info][gc,stats    ] Concurrent Weak References          369 us, parallelism: 0.99x
[681.477s][info][gc,stats    ]   CWRF: <total>                     365 us
[681.477s][info][gc,stats    ]   CWRF: Weak References             365 us, workers (us): 215, 149, ---, ---, 
[681.477s][info][gc,stats    ] Concurrent Weak Roots              2547 us
[681.477s][info][gc,stats    ]   Roots                            2446 us, parallelism: 1.93x
[681.477s][info][gc,stats    ]     CWR: <total>                   4719 us
[681.477s][info][gc,stats    ]     CWR: Code Cache Roots          3217 us, workers (us): 1641, 1577, ---, ---, 
[681.477s][info][gc,stats    ]     CWR: VM Weak Roots             1456 us, workers (us): 728, 728, ---, ---, 
[681.477s][info][gc,stats    ]     CWR: CLDG Roots                  46 us, workers (us): ---,  46, ---, ---, 
[681.477s][info][gc,stats    ]   Rendezvous                         54 us
[681.477s][info][gc,stats    ] Concurrent Cleanup                   50 us
[681.477s][info][gc,stats    ] Concurrent Class Unloading         4727 us
[681.477s][info][gc,stats    ]   Unlink Stale                     4401 us
[681.477s][info][gc,stats    ]     System Dictionary                35 us
[681.477s][info][gc,stats    ]     Weak Class Links                  0 us
[681.477s][info][gc,stats    ]     Code Roots                     4364 us
[681.477s][info][gc,stats    ]   Rendezvous                        229 us
[681.477s][info][gc,stats    ]   Purge Unlinked                     52 us
[681.477s][info][gc,stats    ]     Code Roots                       50 us
[681.477s][info][gc,stats    ]     CLDG                              2 us
[681.477s][info][gc,stats    ]     Exception Caches                  0 us
[681.477s][info][gc,stats    ] Concurrent Strong Roots             281 us, parallelism: 0.71x
[681.477s][info][gc,stats    ]   CSR: <total>                      199 us
[681.477s][info][gc,stats    ]   CSR: VM Strong Roots                8 us, workers (us):   8,   0, ---, ---, 
[681.477s][info][gc,stats    ]   CSR: CLDG Roots                   191 us, workers (us): 191, ---, ---, ---, 
[681.477s][info][gc,stats    ] Concurrent Evacuation             38156 us
[681.477s][info][gc,stats    ] Pause Init Update Refs (G)           81 us
[681.477s][info][gc,stats    ] Pause Init Update Refs (N)           58 us
[681.477s][info][gc,stats    ]   Manage GCLABs                       7 us
[681.477s][info][gc,stats    ] Concurrent Update Refs           146434 us
[681.477s][info][gc,stats    ] Concurrent Update Thread Roots     1196 us
[681.477s][info][gc,stats    ] Pause Final Update Refs (G)         150 us
[681.477s][info][gc,stats    ] Pause Final Update Refs (N)         121 us
[681.477s][info][gc,stats    ]   Update Region States               39 us
[681.477s][info][gc,stats    ]   Trash Collection Set               10 us
[681.477s][info][gc,stats    ]   Rebuild Free Set                   11 us
[681.477s][info][gc,stats    ] Concurrent Cleanup                   75 us
[681.477s][info][gc,stats    ] 
[681.477s][info][gc,stats    ] Allocation pacing accrued:
[681.477s][info][gc,stats    ]       0 of  9902 ms (  0.0%): <total>
[681.477s][info][gc,stats    ]       0 of  9902 ms (  0.0%): <average total>
[681.477s][info][gc,stats    ] 
[681.477s][info][gc,metaspace] Metaspace: 134731K(136064K)->134731K(136064K) NonClass: 113832K(114560K)->113832K(114560K) Class: 20899K(21504K)->20899K(21504K)
[681.477s][info][gc,ergo     ] Pacer for Idle. Initial: 163M, Alloc Tax Rate: 1.0x
[690.076s][info][gc          ] Trigger: Free (816M) is below minimum threshold (819M)
[690.076s][info][gc,ergo     ] Free: 816M, Max: 4096K regular, 364M humongous, Frag: 55% external, 0% internal; Reserve: 412M, Max: 4096K
[690.076s][info][gc,start    ] GC(73) Concurrent reset
[690.076s][info][gc,task     ] GC(73) Using 2 of 4 workers for concurrent reset
[690.076s][info][gc,ergo     ] GC(73) Pacer for Reset. Non-Taxable: 8192M
[690.100s][info][gc          ] GC(73) Concurrent reset 24.139ms
[690.100s][info][gc,start    ] GC(73) Pause Init Mark (unload classes)
[690.100s][info][gc,task     ] GC(73) Using 4 of 4 workers for init marking
[690.100s][info][gc,ergo     ] GC(73) Pacer for Mark. Expected Live: 491M, Free: 804M, Non-Taxable: 82397K, Alloc Tax Rate: 0.7x
[690.100s][info][gc          ] GC(73) Pause Init Mark (unload classes) 0.124ms
[690.100s][info][gc,start    ] GC(73) Concurrent marking roots
[690.100s][info][gc,task     ] GC(73) Using 2 of 4 workers for concurrent marking roots
[690.102s][info][gc          ] GC(73) Concurrent marking roots 1.034ms
[690.102s][info][gc,start    ] GC(73) Concurrent marking (unload classes)
[690.102s][info][gc,task     ] GC(73) Using 2 of 4 workers for concurrent marking
[690.350s][info][gc          ] GC(73) Concurrent marking (unload classes) 248.260ms
[690.350s][info][gc,start    ] GC(73) Pause Final Mark (unload classes)
[690.350s][info][gc,task     ] GC(73) Using 4 of 4 workers for final marking
[690.350s][info][gc,ergo     ] GC(73) Adaptive CSet Selection. Target Free: 1160M, Actual Free: 2248M, Max CSet: 341M, Min Garbage: 0B
[690.350s][info][gc,ergo     ] GC(73) Collectable Garbage: 6420M (99%), Immediate: 1204M (18%), CSet: 5216M (80%)
[690.350s][info][gc,ergo     ] GC(73) Pacer for Evacuation. Used CSet: 5324M, Free: 1849M, Non-Taxable: 184M, Alloc Tax Rate: 7.0x
[690.350s][info][gc          ] GC(73) Pause Final Mark (unload classes) 0.308ms
[690.350s][info][gc,start    ] GC(73) Concurrent thread roots
[690.350s][info][gc,task     ] GC(73) Using 2 of 4 workers for Concurrent thread roots
[690.351s][info][gc          ] GC(73) Concurrent thread roots 0.877ms
[690.351s][info][gc,start    ] GC(73) Concurrent weak references
[690.351s][info][gc,task     ] GC(73) Using 2 of 4 workers for concurrent weak references
[690.352s][info][gc,ref      ] GC(73) Encountered references: Soft: 6090, Weak: 23333, Final: 34, Phantom: 850
[690.352s][info][gc,ref      ] GC(73) Discovered  references: Soft: 0, Weak: 11483, Final: 1, Phantom: 703
[690.352s][info][gc,ref      ] GC(73) Enqueued    references: Soft: 0, Weak: 1, Final: 0, Phantom: 0
[690.352s][info][gc          ] GC(73) Concurrent weak references 0.563ms
[690.352s][info][gc,start    ] GC(73) Concurrent weak roots
[690.352s][info][gc,task     ] GC(73) Using 2 of 4 workers for concurrent weak root
[690.354s][info][gc          ] GC(73) Concurrent weak roots 2.620ms
[690.354s][info][gc,start    ] GC(73) Concurrent cleanup
[690.354s][info][gc          ] GC(73) Concurrent cleanup 7143M->5939M(8192M) 0.035ms
[690.354s][info][gc,ergo     ] GC(73) Free: 1840M, Max: 4096K regular, 364M humongous, Frag: 80% external, 0% internal; Reserve: 411M, Max: 4096K
[690.354s][info][gc,start    ] GC(73) Concurrent class unloading
[690.354s][info][gc,task     ] GC(73) Using 2 of 4 workers for concurrent class unloading
[690.360s][info][gc          ] GC(73) Concurrent class unloading 5.266ms
[690.360s][info][gc,start    ] GC(73) Concurrent strong roots
[690.360s][info][gc,task     ] GC(73) Using 2 of 4 workers for concurrent strong root
[690.360s][info][gc          ] GC(73) Concurrent strong roots 0.284ms
[690.360s][info][gc,start    ] GC(73) Concurrent evacuation
[690.360s][info][gc,task     ] GC(73) Using 2 of 4 workers for concurrent evacuation
[690.413s][info][gc          ] GC(73) Concurrent evacuation 53.253ms
[690.413s][info][gc,start    ] GC(73) Pause Init Update Refs
[690.413s][info][gc,ergo     ] GC(73) Pacer for Update Refs. Used: 6083M, Free: 1808M, Non-Taxable: 180M, Alloc Tax Rate: 4.1x
[690.413s][info][gc          ] GC(73) Pause Init Update Refs 0.050ms
[690.413s][info][gc,start    ] GC(73) Concurrent update references
[690.413s][info][gc,task     ] GC(73) Using 2 of 4 workers for concurrent reference update
[690.573s][info][gc          ] GC(73) Concurrent update references 159.156ms
[690.573s][info][gc,start    ] GC(73) Concurrent update thread roots
[690.574s][info][gc          ] GC(73) Concurrent update thread roots 1.331ms
[690.574s][info][gc,start    ] GC(73) Pause Final Update Refs
[690.574s][info][gc,task     ] GC(73) Using 4 of 4 workers for final reference update
[690.574s][info][gc          ] GC(73) Pause Final Update Refs 0.096ms
[690.574s][info][gc,start    ] GC(73) Concurrent cleanup
[690.574s][info][gc          ] GC(73) Concurrent cleanup 6179M->859M(8192M) 0.072ms
[690.574s][info][gc,ergo     ] Free: 6920M, Max: 4096K regular, 5760M humongous, Frag: 17% external, 0% internal; Reserve: 412M, Max: 4096K
[690.574s][info][gc,stats    ] 
[690.574s][info][gc,stats    ] All times are wall-clock times, except per-root-class counters, that are sum over
[690.574s][info][gc,stats    ] all workers. Dividing the <total> over the root stage time estimates parallelism.
[690.574s][info][gc,stats    ] 
[690.574s][info][gc,stats    ] Concurrent Reset                  24189 us
[690.574s][info][gc,stats    ] Pause Init Mark (G)                 248 us
[690.574s][info][gc,stats    ] Pause Init Mark (N)                 137 us
[690.574s][info][gc,stats    ]   Update Region States               53 us
[690.574s][info][gc,stats    ] Concurrent Mark Roots              1056 us, parallelism: 1.58x
[690.574s][info][gc,stats    ]   CMR: <total>                     1666 us
[690.574s][info][gc,stats    ]   CMR: Thread Roots                1529 us, workers (us): 709, 820, ---, ---, 
[690.574s][info][gc,stats    ]   CMR: VM Strong Roots               12 us, workers (us):  12,   0, ---, ---, 
[690.574s][info][gc,stats    ]   CMR: CLDG Roots                   125 us, workers (us): 125, ---, ---, ---, 
[690.574s][info][gc,stats    ] Concurrent Marking               248346 us
[690.574s][info][gc,stats    ] Pause Final Mark (G)                384 us
[690.574s][info][gc,stats    ] Pause Final Mark (N)                319 us
[690.574s][info][gc,stats    ]   Finish Mark                        23 us
[690.574s][info][gc,stats    ]   Update Region States               39 us
[690.574s][info][gc,stats    ]   Choose Collection Set             169 us
[690.575s][info][gc,stats    ]   Rebuild Free Set                   11 us
[690.575s][info][gc,stats    ] Concurrent Thread Roots             898 us, parallelism: 1.83x
[690.575s][info][gc,stats    ]   CTR: <total>                     1648 us
[690.575s][info][gc,stats    ]   CTR: Thread Roots                1648 us, workers (us): 838, 810, ---, ---, 
[690.575s][info][gc,stats    ] Concurrent Weak References          574 us, parallelism: 0.93x
[690.575s][info][gc,stats    ]   CWRF: <total>                     531 us
[690.575s][info][gc,stats    ]   CWRF: Weak References             531 us, workers (us): 495,  36, ---, ---, 
[690.575s][info][gc,stats    ] Concurrent Weak Roots              2644 us
[690.575s][info][gc,stats    ]   Roots                            2545 us, parallelism: 1.93x
[690.575s][info][gc,stats    ]     CWR: <total>                   4921 us
[690.575s][info][gc,stats    ]     CWR: Code Cache Roots          3320 us, workers (us): 1711, 1609, ---, ---, 
[690.575s][info][gc,stats    ]     CWR: VM Weak Roots             1499 us, workers (us): 750, 749, ---, ---, 
[690.575s][info][gc,stats    ]     CWR: CLDG Roots                 102 us, workers (us): ---, 102, ---, ---, 
[690.575s][info][gc,stats    ]   Rendezvous                         53 us
[690.575s][info][gc,stats    ] Concurrent Cleanup                   48 us
[690.575s][info][gc,stats    ] Concurrent Class Unloading         5292 us
[690.575s][info][gc,stats    ]   Unlink Stale                     5092 us
[690.575s][info][gc,stats    ]     System Dictionary                59 us
[690.575s][info][gc,stats    ]     Weak Class Links                  0 us
[690.575s][info][gc,stats    ]     Code Roots                     5032 us
[690.575s][info][gc,stats    ]   Rendezvous                         72 us
[690.575s][info][gc,stats    ]   Purge Unlinked                     79 us
[690.575s][info][gc,stats    ]     Code Roots                       76 us
[690.575s][info][gc,stats    ]     CLDG                              3 us
[690.575s][info][gc,stats    ] Concurrent Strong Roots             300 us, parallelism: 0.68x
[690.575s][info][gc,stats    ]   CSR: <total>                      205 us
[690.575s][info][gc,stats    ]   CSR: VM Strong Roots                8 us, workers (us):   4,   4, ---, ---, 
[690.575s][info][gc,stats    ]   CSR: CLDG Roots                   197 us, workers (us): ---, 197, ---, ---, 
[690.575s][info][gc,stats    ] Concurrent Evacuation             53314 us
[690.575s][info][gc,stats    ] Pause Init Update Refs (G)           92 us
[690.575s][info][gc,stats    ] Pause Init Update Refs (N)           62 us
[690.575s][info][gc,stats    ]   Manage GCLABs                       8 us
[690.575s][info][gc,stats    ] Concurrent Update Refs           159197 us
[690.575s][info][gc,stats    ] Concurrent Update Thread Roots     1352 us
[690.575s][info][gc,stats    ] Pause Final Update Refs (G)         192 us
[690.575s][info][gc,stats    ] Pause Final Update Refs (N)         121 us
[690.575s][info][gc,stats    ]   Update Region States               28 us
[690.575s][info][gc,stats    ]   Trash Collection Set               15 us
[690.575s][info][gc,stats    ]   Rebuild Free Set                   11 us
[690.575s][info][gc,stats    ] Concurrent Cleanup                   87 us
[690.575s][info][gc,stats    ] 
[690.575s][info][gc,stats    ] Allocation pacing accrued:
[690.575s][info][gc,stats    ]       0 of  9098 ms (  0.0%): <total>
[690.575s][info][gc,stats    ]       0 of  9098 ms (  0.0%): <average total>
[690.575s][info][gc,stats    ] 
[690.575s][info][gc,metaspace] Metaspace: 134739K(136064K)->134739K(136064K) NonClass: 113839K(114560K)->113839K(114560K) Class: 20899K(21504K)->20899K(21504K)
[690.575s][info][gc,ergo     ] Pacer for Idle. Initial: 163M, Alloc Tax Rate: 1.0x
[698.220s][info][gc          ] Trigger: Average GC time (540.03 ms) is above the time for average allocation rate (849 MB/s) to deplete free headroom (435M) (margin of error = 1.86)
[698.220s][info][gc,ergo     ] Free headroom: 844M (free) - 409M (spike) - 0B (penalties) = 435M
[698.220s][info][gc,ergo     ] Free: 844M, Max: 4096K regular, 328M humongous, Frag: 61% external, 0% internal; Reserve: 412M, Max: 4096K
[698.220s][info][gc,start    ] GC(74) Concurrent reset
[698.220s][info][gc,task     ] GC(74) Using 2 of 4 workers for concurrent reset
[698.220s][info][gc,ergo     ] GC(74) Pacer for Reset. Non-Taxable: 8192M
[698.236s][info][gc          ] GC(74) Concurrent reset 15.992ms
[698.236s][info][gc,start    ] GC(74) Pause Init Mark (unload classes)
[698.236s][info][gc,task     ] GC(74) Using 4 of 4 workers for init marking
[698.236s][info][gc,ergo     ] GC(74) Pacer for Mark. Expected Live: 498M, Free: 840M, Non-Taxable: 86090K, Alloc Tax Rate: 0.7x
[698.236s][info][gc          ] GC(74) Pause Init Mark (unload classes) 0.155ms
[698.236s][info][gc,start    ] GC(74) Concurrent marking roots
[698.236s][info][gc,task     ] GC(74) Using 2 of 4 workers for concurrent marking roots
[698.237s][info][gc          ] GC(74) Concurrent marking roots 1.057ms
[698.237s][info][gc,start    ] GC(74) Concurrent marking (unload classes)
[698.237s][info][gc,task     ] GC(74) Using 2 of 4 workers for concurrent marking
[698.486s][info][gc          ] GC(74) Concurrent marking (unload classes) 248.481ms
[698.486s][info][gc,start    ] GC(74) Pause Final Mark (unload classes)
[698.486s][info][gc,task     ] GC(74) Using 4 of 4 workers for final marking
[698.486s][info][gc,ergo     ] GC(74) Adaptive CSet Selection. Target Free: 1160M, Actual Free: 2612M, Max CSet: 341M, Min Garbage: 0B
[698.486s][info][gc,ergo     ] GC(74) Collectable Garbage: 6375M (99%), Immediate: 1580M (24%), CSet: 4795M (74%)
[698.486s][info][gc,ergo     ] GC(74) Pacer for Evacuation. Used CSet: 4912M, Free: 2216M, Non-Taxable: 221M, Alloc Tax Rate: 5.4x
[698.486s][info][gc          ] GC(74) Pause Final Mark (unload classes) 0.289ms
[698.486s][info][gc,start    ] GC(74) Concurrent thread roots
[698.486s][info][gc,task     ] GC(74) Using 2 of 4 workers for Concurrent thread roots
[698.487s][info][gc          ] GC(74) Concurrent thread roots 0.839ms
[698.487s][info][gc,start    ] GC(74) Concurrent weak references
[698.487s][info][gc,task     ] GC(74) Using 2 of 4 workers for concurrent weak references
[698.487s][info][gc,ref      ] GC(74) Encountered references: Soft: 6090, Weak: 23338, Final: 34, Phantom: 856
[698.487s][info][gc,ref      ] GC(74) Discovered  references: Soft: 0, Weak: 4403, Final: 0, Phantom: 612
[698.487s][info][gc,ref      ] GC(74) Enqueued    references: Soft: 0, Weak: 5, Final: 0, Phantom: 0
[698.487s][info][gc          ] GC(74) Concurrent weak references 0.289ms
[698.487s][info][gc,start    ] GC(74) Concurrent weak roots
[698.487s][info][gc,task     ] GC(74) Using 2 of 4 workers for concurrent weak root
[698.490s][info][gc          ] GC(74) Concurrent weak roots 2.599ms
[698.490s][info][gc,start    ] GC(74) Concurrent cleanup
[698.490s][info][gc          ] GC(74) Concurrent cleanup 7151M->5571M(8192M) 0.035ms
[698.490s][info][gc,ergo     ] GC(74) Free: 2208M, Max: 4096K regular, 328M humongous, Frag: 86% external, 0% internal; Reserve: 411M, Max: 4096K
[698.490s][info][gc,start    ] GC(74) Concurrent class unloading
[698.490s][info][gc,task     ] GC(74) Using 2 of 4 workers for concurrent class unloading
[698.495s][info][gc          ] GC(74) Concurrent class unloading 4.899ms
[698.495s][info][gc,start    ] GC(74) Concurrent strong roots
[698.495s][info][gc,task     ] GC(74) Using 2 of 4 workers for concurrent strong root
[698.495s][info][gc          ] GC(74) Concurrent strong roots 0.303ms
[698.495s][info][gc,start    ] GC(74) Concurrent evacuation
[698.495s][info][gc,task     ] GC(74) Using 2 of 4 workers for concurrent evacuation
[698.548s][info][gc          ] GC(74) Concurrent evacuation 52.381ms
[698.548s][info][gc,start    ] GC(74) Pause Init Update Refs
[698.548s][info][gc,ergo     ] GC(74) Pacer for Update Refs. Used: 5715M, Free: 2184M, Non-Taxable: 218M, Alloc Tax Rate: 3.2x
[698.548s][info][gc          ] GC(74) Pause Init Update Refs 0.045ms
[698.548s][info][gc,start    ] GC(74) Concurrent update references
[698.548s][info][gc,task     ] GC(74) Using 2 of 4 workers for concurrent reference update
[698.710s][info][gc          ] GC(74) Concurrent update references 162.178ms
[698.710s][info][gc,start    ] GC(74) Concurrent update thread roots
[698.711s][info][gc          ] GC(74) Concurrent update thread roots 1.177ms
[698.711s][info][gc,start    ] GC(74) Pause Final Update Refs
[698.711s][info][gc,task     ] GC(74) Using 4 of 4 workers for final reference update
[698.711s][info][gc          ] GC(74) Pause Final Update Refs 0.091ms
[698.711s][info][gc,start    ] GC(74) Concurrent cleanup
[698.711s][info][gc          ] GC(74) Concurrent cleanup 5799M->887M(8192M) 0.068ms
[698.711s][info][gc,ergo     ] Free: 6892M, Max: 4096K regular, 5708M humongous, Frag: 17% external, 0% internal; Reserve: 412M, Max: 4096K
[698.711s][info][gc,stats    ] 
[698.711s][info][gc,stats    ] All times are wall-clock times, except per-root-class counters, that are sum over
[698.711s][info][gc,stats    ] all workers. Dividing the <total> over the root stage time estimates parallelism.
[698.711s][info][gc,stats    ] 
[698.712s][info][gc,stats    ] Concurrent Reset                  16065 us
[698.712s][info][gc,stats    ] Pause Init Mark (G)                 247 us
[698.712s][info][gc,stats    ] Pause Init Mark (N)                 167 us
[698.712s][info][gc,stats    ]   Update Region States               75 us
[698.712s][info][gc,stats    ] Concurrent Mark Roots              1086 us, parallelism: 1.50x
[698.712s][info][gc,stats    ]   CMR: <total>                     1632 us
[698.712s][info][gc,stats    ]   CMR: Thread Roots                1473 us, workers (us): 669, 805, ---, ---, 
[698.712s][info][gc,stats    ]   CMR: VM Strong Roots               14 us, workers (us):  14,   0, ---, ---, 
[698.712s][info][gc,stats    ]   CMR: CLDG Roots                   145 us, workers (us): 145, ---, ---, ---, 
[698.712s][info][gc,stats    ] Concurrent Marking               248526 us
[698.712s][info][gc,stats    ] Pause Final Mark (G)                356 us
[698.712s][info][gc,stats    ] Pause Final Mark (N)                300 us
[698.712s][info][gc,stats    ]   Finish Mark                        60 us
[698.712s][info][gc,stats    ]   Update Region States               16 us
[698.712s][info][gc,stats    ]   Choose Collection Set             149 us
[698.712s][info][gc,stats    ]   Rebuild Free Set                   10 us
[698.712s][info][gc,stats    ] Concurrent Thread Roots             862 us, parallelism: 1.79x
[698.712s][info][gc,stats    ]   CTR: <total>                     1545 us
[698.712s][info][gc,stats    ]   CTR: Thread Roots                1545 us, workers (us): 787, 758, ---, ---, 
[698.712s][info][gc,stats    ] Concurrent Weak References          300 us, parallelism: 0.73x
[698.712s][info][gc,stats    ]   CWRF: <total>                     219 us
[698.712s][info][gc,stats    ]   CWRF: Weak References             219 us, workers (us):  64, 155, ---, ---, 
[698.712s][info][gc,stats    ] Concurrent Weak Roots              2620 us
[698.712s][info][gc,stats    ]   Roots                            2484 us, parallelism: 1.91x
[698.712s][info][gc,stats    ]     CWR: <total>                   4735 us
[698.712s][info][gc,stats    ]     CWR: Code Cache Roots          3177 us, workers (us): 1600, 1578, ---, ---, 
[698.712s][info][gc,stats    ]     CWR: VM Weak Roots             1511 us, workers (us): 770, 742, ---, ---, 
[698.712s][info][gc,stats    ]     CWR: CLDG Roots                  46 us, workers (us): ---,  46, ---, ---, 
[698.712s][info][gc,stats    ]   Rendezvous                         92 us
[698.712s][info][gc,stats    ] Concurrent Cleanup                   48 us
[698.712s][info][gc,stats    ] Concurrent Class Unloading         4925 us
[698.712s][info][gc,stats    ]   Unlink Stale                     4675 us
[698.712s][info][gc,stats    ]     System Dictionary                34 us
[698.712s][info][gc,stats    ]     Weak Class Links                  0 us
[698.712s][info][gc,stats    ]     Code Roots                     4640 us
[698.712s][info][gc,stats    ]   Rendezvous                        122 us
[698.712s][info][gc,stats    ]   Purge Unlinked                     79 us
[698.712s][info][gc,stats    ]     Code Roots                       75 us
[698.712s][info][gc,stats    ]     CLDG                              3 us
[698.712s][info][gc,stats    ]     Exception Caches                  0 us
[698.712s][info][gc,stats    ] Concurrent Strong Roots             325 us, parallelism: 0.63x
[698.712s][info][gc,stats    ]   CSR: <total>                      206 us
[698.712s][info][gc,stats    ]   CSR: VM Strong Roots                8 us, workers (us):   8,   0, ---, ---, 
[698.712s][info][gc,stats    ]   CSR: CLDG Roots                   198 us, workers (us): 198, ---, ---, ---, 
[698.712s][info][gc,stats    ] Concurrent Evacuation             52418 us
[698.712s][info][gc,stats    ] Pause Init Update Refs (G)           85 us
[698.712s][info][gc,stats    ] Pause Init Update Refs (N)           57 us
[698.712s][info][gc,stats    ]   Manage GCLABs                       5 us
[698.712s][info][gc,stats    ] Concurrent Update Refs           162224 us
[698.712s][info][gc,stats    ] Concurrent Update Thread Roots     1202 us
[698.712s][info][gc,stats    ] Pause Final Update Refs (G)         144 us
[698.712s][info][gc,stats    ] Pause Final Update Refs (N)         117 us
[698.712s][info][gc,stats    ]   Update Region States               28 us
[698.712s][info][gc,stats    ]   Trash Collection Set               14 us
[698.712s][info][gc,stats    ]   Rebuild Free Set                   10 us
[698.712s][info][gc,stats    ] Concurrent Cleanup                   82 us
[698.712s][info][gc,stats    ] 
[698.712s][info][gc,stats    ] Allocation pacing accrued:
[698.712s][info][gc,stats    ]       0 of  8137 ms (  0.0%): <total>
[698.712s][info][gc,stats    ]       0 of  8137 ms (  0.0%): <average total>
[698.712s][info][gc,stats    ] 
[698.712s][info][gc,metaspace] Metaspace: 134741K(136064K)->134744K(136064K) NonClass: 113841K(114560K)->113843K(114560K) Class: 20899K(21504K)->20900K(21504K)
[698.712s][info][gc,ergo     ] Pacer for Idle. Initial: 163M, Alloc Tax Rate: 1.0x
[708.671s][info][gc          ] Trigger: Average GC time (528.69 ms) is above the time for average allocation rate (986 MB/s) to deplete free headroom (490M) (margin of error = 1.86)
[708.671s][info][gc,ergo     ] Free headroom: 900M (free) - 409M (spike) - 0B (penalties) = 490M
[708.671s][info][gc,ergo     ] Free: 900M, Max: 4096K regular, 320M humongous, Frag: 64% external, 0% internal; Reserve: 412M, Max: 4096K
[708.671s][info][gc,start    ] GC(75) Concurrent reset
[708.671s][info][gc,task     ] GC(75) Using 2 of 4 workers for concurrent reset
[708.671s][info][gc,ergo     ] GC(75) Pacer for Reset. Non-Taxable: 8192M
[708.688s][info][gc          ] GC(75) Concurrent reset 16.318ms
[708.688s][info][gc,start    ] GC(75) Pause Init Mark (unload classes)
[708.688s][info][gc,task     ] GC(75) Using 4 of 4 workers for init marking
[708.688s][info][gc,ergo     ] GC(75) Pacer for Mark. Expected Live: 506M, Free: 892M, Non-Taxable: 91376K, Alloc Tax Rate: 0.7x
[708.688s][info][gc          ] GC(75) Pause Init Mark (unload classes) 0.155ms
[708.688s][info][gc,start    ] GC(75) Concurrent marking roots
[708.688s][info][gc,task     ] GC(75) Using 2 of 4 workers for concurrent marking roots
[708.689s][info][gc          ] GC(75) Concurrent marking roots 1.344ms
[708.689s][info][gc,start    ] GC(75) Concurrent marking (unload classes)
[708.689s][info][gc,task     ] GC(75) Using 2 of 4 workers for concurrent marking
[708.933s][info][gc          ] GC(75) Concurrent marking (unload classes) 243.587ms
[708.933s][info][gc,start    ] GC(75) Pause Final Mark (unload classes)
[708.933s][info][gc,task     ] GC(75) Using 4 of 4 workers for final marking
[708.933s][info][gc,ergo     ] GC(75) Adaptive CSet Selection. Target Free: 1160M, Actual Free: 2340M, Max CSet: 341M, Min Garbage: 0B
[708.933s][info][gc,ergo     ] GC(75) Collectable Garbage: 6350M (99%), Immediate: 1220M (19%), CSet: 5130M (80%)
[708.933s][info][gc,ergo     ] GC(75) Pacer for Evacuation. Used CSet: 5220M, Free: 1952M, Non-Taxable: 195M, Alloc Tax Rate: 6.5x
[708.933s][info][gc          ] GC(75) Pause Final Mark (unload classes) 0.311ms
[708.933s][info][gc,start    ] GC(75) Concurrent thread roots
[708.933s][info][gc,task     ] GC(75) Using 2 of 4 workers for Concurrent thread roots
[708.934s][info][gc          ] GC(75) Concurrent thread roots 0.787ms
[708.934s][info][gc,start    ] GC(75) Concurrent weak references
[708.934s][info][gc,task     ] GC(75) Using 2 of 4 workers for concurrent weak references
[708.935s][info][gc,ref      ] GC(75) Encountered references: Soft: 6090, Weak: 23339, Final: 34, Phantom: 858
[708.935s][info][gc,ref      ] GC(75) Discovered  references: Soft: 0, Weak: 13120, Final: 1, Phantom: 608
[708.935s][info][gc,ref      ] GC(75) Enqueued    references: Soft: 0, Weak: 3, Final: 0, Phantom: 2
[708.935s][info][gc          ] GC(75) Concurrent weak references 0.567ms
[708.935s][info][gc,start    ] GC(75) Concurrent weak roots
[708.935s][info][gc,task     ] GC(75) Using 2 of 4 workers for concurrent weak root
[708.937s][info][gc          ] GC(75) Concurrent weak roots 2.814ms
[708.938s][info][gc,start    ] GC(75) Concurrent cleanup
[708.938s][info][gc          ] GC(75) Concurrent cleanup 7056M->5836M(8192M) 0.034ms
[708.938s][info][gc,ergo     ] GC(75) Free: 1944M, Max: 4096K regular, 320M humongous, Frag: 84% external, 0% internal; Reserve: 411M, Max: 4096K
[708.938s][info][gc,start    ] GC(75) Concurrent class unloading
[708.938s][info][gc,task     ] GC(75) Using 2 of 4 workers for concurrent class unloading
[708.942s][info][gc          ] GC(75) Concurrent class unloading 4.900ms
[708.942s][info][gc,start    ] GC(75) Concurrent strong roots
[708.943s][info][gc,task     ] GC(75) Using 2 of 4 workers for concurrent strong root
[708.943s][info][gc          ] GC(75) Concurrent strong roots 0.349ms
[708.943s][info][gc,start    ] GC(75) Concurrent evacuation
[708.943s][info][gc,task     ] GC(75) Using 2 of 4 workers for concurrent evacuation
[708.988s][info][gc          ] GC(75) Concurrent evacuation 44.803ms
[708.988s][info][gc,start    ] GC(75) Pause Init Update Refs
[708.988s][info][gc,ergo     ] GC(75) Pacer for Update Refs. Used: 5947M, Free: 1924M, Non-Taxable: 192M, Alloc Tax Rate: 3.8x
[708.988s][info][gc          ] GC(75) Pause Init Update Refs 0.046ms
[708.988s][info][gc,start    ] GC(75) Concurrent update references
[708.988s][info][gc,task     ] GC(75) Using 2 of 4 workers for concurrent reference update
[709.141s][info][gc          ] GC(75) Concurrent update references 153.572ms
[709.141s][info][gc,start    ] GC(75) Concurrent update thread roots
[709.143s][info][gc          ] GC(75) Concurrent update thread roots 1.301ms
[709.143s][info][gc,start    ] GC(75) Pause Final Update Refs
[709.143s][info][gc,task     ] GC(75) Using 4 of 4 workers for final reference update
[709.143s][info][gc          ] GC(75) Pause Final Update Refs 0.101ms
[709.143s][info][gc,start    ] GC(75) Concurrent cleanup
[709.143s][info][gc          ] GC(75) Concurrent cleanup 6035M->815M(8192M) 0.064ms
[709.143s][info][gc,ergo     ] Free: 6964M, Max: 4096K regular, 5604M humongous, Frag: 20% external, 0% internal; Reserve: 412M, Max: 4096K
[709.143s][info][gc,stats    ] 
[709.143s][info][gc,stats    ] All times are wall-clock times, except per-root-class counters, that are sum over
[709.143s][info][gc,stats    ] all workers. Dividing the <total> over the root stage time estimates parallelism.
[709.143s][info][gc,stats    ] 
[709.143s][info][gc,stats    ] Concurrent Reset                  16392 us
[709.143s][info][gc,stats    ] Pause Init Mark (G)                 237 us
[709.143s][info][gc,stats    ] Pause Init Mark (N)                 168 us
[709.143s][info][gc,stats    ]   Update Region States               80 us
[709.143s][info][gc,stats    ] Concurrent Mark Roots              1368 us, parallelism: 1.51x
[709.143s][info][gc,stats    ]   CMR: <total>                     2063 us
[709.143s][info][gc,stats    ]   CMR: Thread Roots                1645 us, workers (us): 1015, 630, ---, ---, 
[709.143s][info][gc,stats    ]   CMR: VM Strong Roots               35 us, workers (us):  34,   1, ---, ---, 
[709.143s][info][gc,stats    ]   CMR: CLDG Roots                   383 us, workers (us): ---, 383, ---, ---, 
[709.143s][info][gc,stats    ] Concurrent Marking               243630 us
[709.143s][info][gc,stats    ] Pause Final Mark (G)                414 us
[709.143s][info][gc,stats    ] Pause Final Mark (N)                322 us
[709.143s][info][gc,stats    ]   Finish Mark                        44 us
[709.143s][info][gc,stats    ]   Update Region States               47 us
[709.143s][info][gc,stats    ]   Choose Collection Set             154 us
[709.143s][info][gc,stats    ]   Rebuild Free Set                   10 us
[709.143s][info][gc,stats    ] Concurrent Thread Roots             808 us, parallelism: 1.80x
[709.143s][info][gc,stats    ]   CTR: <total>                     1455 us
[709.143s][info][gc,stats    ]   CTR: Thread Roots                1455 us, workers (us): 744, 711, ---, ---, 
[709.143s][info][gc,stats    ] Concurrent Weak References          577 us, parallelism: 0.98x
[709.143s][info][gc,stats    ]   CWRF: <total>                     567 us
[709.143s][info][gc,stats    ]   CWRF: Weak References             567 us, workers (us): 102, 466, ---, ---, 
[709.143s][info][gc,stats    ] Concurrent Weak Roots              2837 us
[709.143s][info][gc,stats    ]   Roots                            2770 us, parallelism: 1.92x
[709.143s][info][gc,stats    ]     CWR: <total>                   5317 us
[709.143s][info][gc,stats    ]     CWR: Code Cache Roots          3738 us, workers (us): 1894, 1844, ---, ---, 
[709.143s][info][gc,stats    ]     CWR: VM Weak Roots             1516 us, workers (us): 776, 740, ---, ---, 
[709.143s][info][gc,stats    ]     CWR: CLDG Roots                  63 us, workers (us): ---,  63, ---, ---, 
[709.143s][info][gc,stats    ]   Rendezvous                         23 us
[709.143s][info][gc,stats    ] Concurrent Cleanup                   48 us
[709.143s][info][gc,stats    ] Concurrent Class Unloading         4922 us
[709.143s][info][gc,stats    ]   Unlink Stale                     4653 us
[709.143s][info][gc,stats    ]     System Dictionary                62 us
[709.143s][info][gc,stats    ]     Weak Class Links                  0 us
[709.143s][info][gc,stats    ]     Code Roots                     4590 us
[709.143s][info][gc,stats    ]   Rendezvous                         78 us
[709.143s][info][gc,stats    ]   Purge Unlinked                    146 us
[709.143s][info][gc,stats    ]     Code Roots                      141 us
[709.143s][info][gc,stats    ]     CLDG                              5 us
[709.143s][info][gc,stats    ]     Exception Caches                  0 us
[709.143s][info][gc,stats    ] Concurrent Strong Roots             369 us, parallelism: 0.63x
[709.144s][info][gc,stats    ]   CSR: <total>                      234 us
[709.144s][info][gc,stats    ]   CSR: VM Strong Roots                8 us, workers (us):   4,   4, ---, ---, 
[709.144s][info][gc,stats    ]   CSR: CLDG Roots                   226 us, workers (us): ---, 226, ---, ---, 
[709.144s][info][gc,stats    ] Concurrent Evacuation             44850 us
[709.144s][info][gc,stats    ] Pause Init Update Refs (G)          116 us
[709.144s][info][gc,stats    ] Pause Init Update Refs (N)           57 us
[709.144s][info][gc,stats    ]   Manage GCLABs                       5 us
[709.144s][info][gc,stats    ] Concurrent Update Refs           153608 us
[709.144s][info][gc,stats    ] Concurrent Update Thread Roots     1325 us
[709.144s][info][gc,stats    ] Pause Final Update Refs (G)         156 us
[709.144s][info][gc,stats    ] Pause Final Update Refs (N)         127 us
[709.144s][info][gc,stats    ]   Update Region States               39 us
[709.144s][info][gc,stats    ]   Trash Collection Set               15 us
[709.144s][info][gc,stats    ]   Rebuild Free Set                   11 us
[709.144s][info][gc,stats    ] Concurrent Cleanup                   78 us
[709.144s][info][gc,stats    ] 
[709.144s][info][gc,stats    ] Allocation pacing accrued:
[709.144s][info][gc,stats    ]       0 of 10432 ms (  0.0%): <total>
[709.144s][info][gc,stats    ]       0 of 10432 ms (  0.0%): <average total>
[709.144s][info][gc,stats    ] 
[709.144s][info][gc,metaspace] Metaspace: 134744K(136064K)->134744K(136064K) NonClass: 113844K(114560K)->113844K(114560K) Class: 20900K(21504K)->20900K(21504K)
[709.144s][info][gc,ergo     ] Pacer for Idle. Initial: 163M, Alloc Tax Rate: 1.0x
[719.032s][info][gc          ] Trigger: Free (816M) is below minimum threshold (819M)
[719.032s][info][gc,ergo     ] Free: 816M, Max: 4096K regular, 348M humongous, Frag: 57% external, 0% internal; Reserve: 412M, Max: 4096K
[719.032s][info][gc,start    ] GC(76) Concurrent reset
[719.032s][info][gc,task     ] GC(76) Using 2 of 4 workers for concurrent reset
[719.032s][info][gc,ergo     ] GC(76) Pacer for Reset. Non-Taxable: 8192M
[719.053s][info][gc          ] GC(76) Concurrent reset 20.315ms
[719.053s][info][gc,start    ] GC(76) Pause Init Mark (unload classes)
[719.053s][info][gc,task     ] GC(76) Using 4 of 4 workers for init marking
[719.053s][info][gc,ergo     ] GC(76) Pacer for Mark. Expected Live: 501M, Free: 784M, Non-Taxable: 80317K, Alloc Tax Rate: 0.8x
[719.053s][info][gc          ] GC(76) Pause Init Mark (unload classes) 0.117ms
[719.053s][info][gc,start    ] GC(76) Concurrent marking roots
[719.053s][info][gc,task     ] GC(76) Using 2 of 4 workers for concurrent marking roots
[719.054s][info][gc          ] GC(76) Concurrent marking roots 1.000ms
[719.054s][info][gc,start    ] GC(76) Concurrent marking (unload classes)
[719.054s][info][gc,task     ] GC(76) Using 2 of 4 workers for concurrent marking
[719.285s][info][gc          ] GC(76) Concurrent marking (unload classes) 231.210ms
[719.285s][info][gc,start    ] GC(76) Pause Final Mark (unload classes)
[719.285s][info][gc,task     ] GC(76) Using 4 of 4 workers for final marking
[719.285s][info][gc,ergo     ] GC(76) Adaptive CSet Selection. Target Free: 1160M, Actual Free: 2988M, Max CSet: 341M, Min Garbage: 0B
[719.286s][info][gc,ergo     ] GC(76) Collectable Garbage: 6483M (99%), Immediate: 2004M (30%), CSet: 4479M (68%)
[719.286s][info][gc,ergo     ] GC(76) Pacer for Evacuation. Used CSet: 4544M, Free: 2589M, Non-Taxable: 258M, Alloc Tax Rate: 4.3x
[719.286s][info][gc          ] GC(76) Pause Final Mark (unload classes) 0.318ms
[719.286s][info][gc,start    ] GC(76) Concurrent thread roots
[719.286s][info][gc,task     ] GC(76) Using 2 of 4 workers for Concurrent thread roots
[719.287s][info][gc          ] GC(76) Concurrent thread roots 0.877ms
[719.287s][info][gc,start    ] GC(76) Concurrent weak references
[719.287s][info][gc,task     ] GC(76) Using 2 of 4 workers for concurrent weak references
[719.287s][info][gc,ref      ] GC(76) Encountered references: Soft: 6090, Weak: 23339, Final: 34, Phantom: 859
[719.287s][info][gc,ref      ] GC(76) Discovered  references: Soft: 0, Weak: 11746, Final: 33, Phantom: 609
[719.287s][info][gc,ref      ] GC(76) Enqueued    references: Soft: 0, Weak: 1, Final: 0, Phantom: 0
[719.287s][info][gc          ] GC(76) Concurrent weak references 0.576ms
[719.287s][info][gc,start    ] GC(76) Concurrent weak roots
[719.287s][info][gc,task     ] GC(76) Using 2 of 4 workers for concurrent weak root
[719.290s][info][gc          ] GC(76) Concurrent weak roots 2.590ms
[719.290s][info][gc,start    ] GC(76) Concurrent cleanup
[719.290s][info][gc          ] GC(76) Concurrent cleanup 7203M->5199M(8192M) 0.042ms
[719.290s][info][gc,ergo     ] GC(76) Free: 2580M, Max: 4096K regular, 348M humongous, Frag: 87% external, 0% internal; Reserve: 411M, Max: 4096K
[719.290s][info][gc,start    ] GC(76) Concurrent class unloading
[719.290s][info][gc,task     ] GC(76) Using 2 of 4 workers for concurrent class unloading
[719.295s][info][gc          ] GC(76) Concurrent class unloading 5.050ms
[719.295s][info][gc,start    ] GC(76) Concurrent strong roots
[719.295s][info][gc,task     ] GC(76) Using 2 of 4 workers for concurrent strong root
[719.295s][info][gc          ] GC(76) Concurrent strong roots 0.281ms
[719.295s][info][gc,start    ] GC(76) Concurrent evacuation
[719.295s][info][gc,task     ] GC(76) Using 2 of 4 workers for concurrent evacuation
[719.330s][info][gc          ] GC(76) Concurrent evacuation 34.860ms
[719.330s][info][gc,start    ] GC(76) Pause Init Update Refs
[719.330s][info][gc,ergo     ] GC(76) Pacer for Update Refs. Used: 5279M, Free: 2568M, Non-Taxable: 256M, Alloc Tax Rate: 2.5x
[719.330s][info][gc          ] GC(76) Pause Init Update Refs 0.050ms
[719.330s][info][gc,start    ] GC(76) Concurrent update references
[719.330s][info][gc,task     ] GC(76) Using 2 of 4 workers for concurrent reference update
[719.477s][info][gc          ] GC(76) Concurrent update references 146.637ms
[719.477s][info][gc,start    ] GC(76) Concurrent update thread roots
[719.478s][info][gc          ] GC(76) Concurrent update thread roots 1.407ms
[719.478s][info][gc,start    ] GC(76) Pause Final Update Refs
[719.478s][info][gc,task     ] GC(76) Using 4 of 4 workers for final reference update
[719.478s][info][gc          ] GC(76) Pause Final Update Refs 0.116ms
[719.478s][info][gc,start    ] GC(76) Concurrent cleanup
[719.479s][info][gc          ] GC(76) Concurrent cleanup 5423M->879M(8192M) 0.075ms
[719.479s][info][gc,ergo     ] Free: 6900M, Max: 4096K regular, 5952M humongous, Frag: 14% external, 0% internal; Reserve: 412M, Max: 4096K
[719.479s][info][gc,stats    ] 
[719.479s][info][gc,stats    ] All times are wall-clock times, except per-root-class counters, that are sum over
[719.479s][info][gc,stats    ] all workers. Dividing the <total> over the root stage time estimates parallelism.
[719.479s][info][gc,stats    ] 
[719.479s][info][gc,stats    ] Concurrent Reset                  20395 us
[719.479s][info][gc,stats    ] Pause Init Mark (G)                 261 us
[719.479s][info][gc,stats    ] Pause Init Mark (N)                 129 us
[719.479s][info][gc,stats    ]   Update Region States               45 us
[719.479s][info][gc,stats    ] Concurrent Mark Roots              1022 us, parallelism: 1.63x
[719.479s][info][gc,stats    ]   CMR: <total>                     1665 us
[719.479s][info][gc,stats    ]   CMR: Thread Roots                1523 us, workers (us): 709, 814, ---, ---, 
[719.479s][info][gc,stats    ]   CMR: VM Strong Roots               12 us, workers (us):  11,   0, ---, ---, 
[719.479s][info][gc,stats    ]   CMR: CLDG Roots                   131 us, workers (us): 131, ---, ---, ---, 
[719.479s][info][gc,stats    ] Concurrent Marking               231262 us
[719.479s][info][gc,stats    ] Pause Final Mark (G)                359 us
[719.479s][info][gc,stats    ] Pause Final Mark (N)                329 us
[719.479s][info][gc,stats    ]   Finish Mark                        50 us
[719.479s][info][gc,stats    ]   Update Region States               59 us
[719.479s][info][gc,stats    ]   Choose Collection Set             140 us
[719.479s][info][gc,stats    ]   Rebuild Free Set                   10 us
[719.479s][info][gc,stats    ] Concurrent Thread Roots             899 us, parallelism: 1.72x
[719.479s][info][gc,stats    ]   CTR: <total>                     1545 us
[719.479s][info][gc,stats    ]   CTR: Thread Roots                1545 us, workers (us): 790, 755, ---, ---, 
[719.479s][info][gc,stats    ] Concurrent Weak References          587 us, parallelism: 0.81x
[719.479s][info][gc,stats    ]   CWRF: <total>                     474 us
[719.479s][info][gc,stats    ]   CWRF: Weak References             474 us, workers (us): 466,   8, ---, ---, 
[719.479s][info][gc,stats    ] Concurrent Weak Roots              2606 us
[719.479s][info][gc,stats    ]   Roots                            2542 us, parallelism: 1.91x
[719.479s][info][gc,stats    ]     CWR: <total>                   4847 us
[719.479s][info][gc,stats    ]     CWR: Code Cache Roots          3267 us, workers (us): 1648, 1618, ---, ---, 
[719.479s][info][gc,stats    ]     CWR: VM Weak Roots             1512 us, workers (us): 771, 742, ---, ---, 
[719.479s][info][gc,stats    ]     CWR: CLDG Roots                  69 us, workers (us): ---,  69, ---, ---, 
[719.479s][info][gc,stats    ]   Rendezvous                         26 us
[719.479s][info][gc,stats    ] Concurrent Cleanup                   55 us
[719.479s][info][gc,stats    ] Concurrent Class Unloading         5074 us
[719.479s][info][gc,stats    ]   Unlink Stale                     4737 us
[719.479s][info][gc,stats    ]     System Dictionary                60 us
[719.479s][info][gc,stats    ]     Weak Class Links                  0 us
[719.479s][info][gc,stats    ]     Code Roots                     4669 us
[719.479s][info][gc,stats    ]   Rendezvous                        104 us
[719.479s][info][gc,stats    ]   Purge Unlinked                    185 us
[719.479s][info][gc,stats    ]     Code Roots                      181 us
[719.479s][info][gc,stats    ]     CLDG                              4 us
[719.479s][info][gc,stats    ]     Exception Caches                  0 us
[719.479s][info][gc,stats    ] Concurrent Strong Roots             293 us, parallelism: 0.69x
[719.479s][info][gc,stats    ]   CSR: <total>                      203 us
[719.479s][info][gc,stats    ]   CSR: VM Strong Roots                7 us, workers (us):   4,   3, ---, ---, 
[719.479s][info][gc,stats    ]   CSR: CLDG Roots                   196 us, workers (us): ---, 196, ---, ---, 
[719.479s][info][gc,stats    ] Concurrent Evacuation             34912 us
[719.479s][info][gc,stats    ] Pause Init Update Refs (G)          117 us
[719.479s][info][gc,stats    ] Pause Init Update Refs (N)           61 us
[719.479s][info][gc,stats    ]   Manage GCLABs                       8 us
[719.479s][info][gc,stats    ] Concurrent Update Refs           146681 us
[719.479s][info][gc,stats    ] Concurrent Update Thread Roots     1432 us
[719.479s][info][gc,stats    ] Pause Final Update Refs (G)         170 us
[719.479s][info][gc,stats    ] Pause Final Update Refs (N)         142 us
[719.479s][info][gc,stats    ]   Update Region States               53 us
[719.479s][info][gc,stats    ]   Trash Collection Set               12 us
[719.479s][info][gc,stats    ]   Rebuild Free Set                   12 us
[719.479s][info][gc,stats    ] Concurrent Cleanup                   93 us
[719.479s][info][gc,stats    ] 
[719.479s][info][gc,stats    ] Allocation pacing accrued:
[719.479s][info][gc,stats    ]       0 of 10336 ms (  0.0%): <total>
[719.480s][info][gc,stats    ]       0 of 10336 ms (  0.0%): <average total>
[719.480s][info][gc,stats    ] 
[719.480s][info][gc,metaspace] Metaspace: 134749K(136064K)->134749K(136064K) NonClass: 113848K(114560K)->113848K(114560K) Class: 20900K(21504K)->20900K(21504K)
[719.480s][info][gc,ergo     ] Pacer for Idle. Initial: 163M, Alloc Tax Rate: 1.0x
[727.326s][info][gc          ] Trigger: Free (816M) is below minimum threshold (819M)
[727.327s][info][gc,ergo     ] Free: 816M, Max: 4096K regular, 372M humongous, Frag: 54% external, 0% internal; Reserve: 412M, Max: 4096K
[727.327s][info][gc,start    ] GC(77) Concurrent reset
[727.327s][info][gc,task     ] GC(77) Using 2 of 4 workers for concurrent reset
[727.327s][info][gc,ergo     ] GC(77) Pacer for Reset. Non-Taxable: 8192M
[727.343s][info][gc          ] GC(77) Concurrent reset 16.713ms
[727.343s][info][gc,start    ] GC(77) Pause Init Mark (unload classes)
[727.343s][info][gc,task     ] GC(77) Using 4 of 4 workers for init marking
[727.343s][info][gc,ergo     ] GC(77) Pacer for Mark. Expected Live: 496M, Free: 796M, Non-Taxable: 81559K, Alloc Tax Rate: 0.8x
[727.343s][info][gc          ] GC(77) Pause Init Mark (unload classes) 0.107ms
[727.343s][info][gc,start    ] GC(77) Concurrent marking roots
[727.344s][info][gc,task     ] GC(77) Using 2 of 4 workers for concurrent marking roots
[727.345s][info][gc          ] GC(77) Concurrent marking roots 1.059ms
[727.345s][info][gc,start    ] GC(77) Concurrent marking (unload classes)
[727.345s][info][gc,task     ] GC(77) Using 2 of 4 workers for concurrent marking
[727.590s][info][gc          ] GC(77) Concurrent marking (unload classes) 245.714ms
[727.590s][info][gc,start    ] GC(77) Pause Final Mark (unload classes)
[727.590s][info][gc,task     ] GC(77) Using 4 of 4 workers for final marking
[727.590s][info][gc,ergo     ] GC(77) Adaptive CSet Selection. Target Free: 1160M, Actual Free: 2699M, Max CSet: 341M, Min Garbage: 0B
[727.591s][info][gc,ergo     ] GC(77) Collectable Garbage: 6445M (99%), Immediate: 1687M (26%), CSet: 4757M (73%)
[727.591s][info][gc,ergo     ] GC(77) Pacer for Evacuation. Used CSet: 4851M, Free: 2304M, Non-Taxable: 230M, Alloc Tax Rate: 5.1x
[727.591s][info][gc          ] GC(77) Pause Final Mark (unload classes) 0.289ms
[727.591s][info][gc,start    ] GC(77) Concurrent thread roots
[727.591s][info][gc,task     ] GC(77) Using 2 of 4 workers for Concurrent thread roots
[727.591s][info][gc          ] GC(77) Concurrent thread roots 0.776ms
[727.591s][info][gc,start    ] GC(77) Concurrent weak references
[727.591s][info][gc,task     ] GC(77) Using 2 of 4 workers for concurrent weak references
[727.592s][info][gc,ref      ] GC(77) Encountered references: Soft: 6090, Weak: 23344, Final: 34, Phantom: 865
[727.592s][info][gc,ref      ] GC(77) Discovered  references: Soft: 0, Weak: 11927, Final: 1, Phantom: 612
[727.592s][info][gc,ref      ] GC(77) Enqueued    references: Soft: 0, Weak: 5, Final: 0, Phantom: 0
[727.592s][info][gc          ] GC(77) Concurrent weak references 0.507ms
[727.592s][info][gc,start    ] GC(77) Concurrent weak roots
[727.592s][info][gc,task     ] GC(77) Using 2 of 4 workers for concurrent weak root
[727.595s][info][gc          ] GC(77) Concurrent weak roots 2.667ms
[727.595s][info][gc,start    ] GC(77) Concurrent cleanup
[727.595s][info][gc          ] GC(77) Concurrent cleanup 7171M->5483M(8192M) 0.034ms
[727.595s][info][gc,ergo     ] GC(77) Free: 2296M, Max: 4096K regular, 372M humongous, Frag: 84% external, 0% internal; Reserve: 411M, Max: 4096K
[727.595s][info][gc,start    ] GC(77) Concurrent class unloading
[727.595s][info][gc,task     ] GC(77) Using 2 of 4 workers for concurrent class unloading
[727.600s][info][gc          ] GC(77) Concurrent class unloading 4.861ms
[727.600s][info][gc,start    ] GC(77) Concurrent strong roots
[727.600s][info][gc,task     ] GC(77) Using 2 of 4 workers for concurrent strong root
[727.600s][info][gc          ] GC(77) Concurrent strong roots 0.440ms
[727.600s][info][gc,start    ] GC(77) Concurrent evacuation
[727.600s][info][gc,task     ] GC(77) Using 2 of 4 workers for concurrent evacuation
[727.651s][info][gc          ] GC(77) Concurrent evacuation 51.046ms
[727.651s][info][gc,start    ] GC(77) Pause Init Update Refs
[727.651s][info][gc,ergo     ] GC(77) Pacer for Update Refs. Used: 5635M, Free: 2244M, Non-Taxable: 224M, Alloc Tax Rate: 3.1x
[727.651s][info][gc          ] GC(77) Pause Init Update Refs 0.044ms
[727.651s][info][gc,start    ] GC(77) Concurrent update references
[727.651s][info][gc,task     ] GC(77) Using 2 of 4 workers for concurrent reference update
[727.807s][info][gc          ] GC(77) Concurrent update references 155.513ms
[727.807s][info][gc,start    ] GC(77) Concurrent update thread roots
[727.808s][info][gc          ] GC(77) Concurrent update thread roots 1.494ms
[727.808s][info][gc,start    ] GC(77) Pause Final Update Refs
[727.808s][info][gc,task     ] GC(77) Using 4 of 4 workers for final reference update
[727.808s][info][gc          ] GC(77) Pause Final Update Refs 0.106ms
[727.808s][info][gc,start    ] GC(77) Concurrent cleanup
[727.809s][info][gc          ] GC(77) Concurrent cleanup 5740M->888M(8192M) 0.061ms
[727.809s][info][gc,ergo     ] Free: 6891M, Max: 4096K regular, 5756M humongous, Frag: 17% external, 0% internal; Reserve: 412M, Max: 4096K
[727.809s][info][gc,stats    ] 
[727.809s][info][gc,stats    ] All times are wall-clock times, except per-root-class counters, that are sum over
[727.809s][info][gc,stats    ] all workers. Dividing the <total> over the root stage time estimates parallelism.
[727.809s][info][gc,stats    ] 
[727.809s][info][gc,stats    ] Concurrent Reset                  16751 us
[727.809s][info][gc,stats    ] Pause Init Mark (G)                 181 us
[727.809s][info][gc,stats    ] Pause Init Mark (N)                 120 us
[727.809s][info][gc,stats    ]   Update Region States               39 us
[727.809s][info][gc,stats    ] Concurrent Mark Roots              1081 us, parallelism: 1.56x
[727.809s][info][gc,stats    ]   CMR: <total>                     1685 us
[727.809s][info][gc,stats    ]   CMR: Thread Roots                1552 us, workers (us): 729, 822, ---, ---, 
[727.809s][info][gc,stats    ]   CMR: VM Strong Roots               13 us, workers (us):  12,   0, ---, ---, 
[727.809s][info][gc,stats    ]   CMR: CLDG Roots                   120 us, workers (us): 120, ---, ---, ---, 
[727.809s][info][gc,stats    ] Concurrent Marking               245752 us
[727.809s][info][gc,stats    ] Pause Final Mark (G)                316 us
[727.809s][info][gc,stats    ] Pause Final Mark (N)                300 us
[727.809s][info][gc,stats    ]   Finish Mark                        44 us
[727.809s][info][gc,stats    ]   Update Region States               40 us
[727.809s][info][gc,stats    ]   Choose Collection Set             136 us
[727.809s][info][gc,stats    ]   Rebuild Free Set                   10 us
[727.809s][info][gc,stats    ] Concurrent Thread Roots             795 us, parallelism: 1.86x
[727.809s][info][gc,stats    ]   CTR: <total>                     1475 us
[727.809s][info][gc,stats    ]   CTR: Thread Roots                1475 us, workers (us): 739, 736, ---, ---, 
[727.809s][info][gc,stats    ] Concurrent Weak References          518 us, parallelism: 0.89x
[727.809s][info][gc,stats    ]   CWRF: <total>                     462 us
[727.809s][info][gc,stats    ]   CWRF: Weak References             462 us, workers (us): 442,  21, ---, ---, 
[727.809s][info][gc,stats    ] Concurrent Weak Roots              2685 us
[727.809s][info][gc,stats    ]   Roots                            2604 us, parallelism: 1.90x
[727.809s][info][gc,stats    ]     CWR: <total>                   4946 us
[727.809s][info][gc,stats    ]     CWR: Code Cache Roots          3355 us, workers (us): 1744, 1611, ---, ---, 
[727.809s][info][gc,stats    ]     CWR: VM Weak Roots             1517 us, workers (us): 773, 744, ---, ---, 
[727.809s][info][gc,stats    ]     CWR: CLDG Roots                  74 us, workers (us): ---,  74, ---, ---, 
[727.809s][info][gc,stats    ]   Rendezvous                         42 us
[727.809s][info][gc,stats    ] Concurrent Cleanup                   50 us
[727.809s][info][gc,stats    ] Concurrent Class Unloading         4882 us
[727.809s][info][gc,stats    ]   Unlink Stale                     4657 us
[727.809s][info][gc,stats    ]     System Dictionary                57 us
[727.809s][info][gc,stats    ]     Weak Class Links                  0 us
[727.809s][info][gc,stats    ]     Code Roots                     4599 us
[727.809s][info][gc,stats    ]   Rendezvous                         76 us
[727.809s][info][gc,stats    ]   Purge Unlinked                    105 us
[727.809s][info][gc,stats    ]     Code Roots                      102 us
[727.809s][info][gc,stats    ]     CLDG                              3 us
[727.809s][info][gc,stats    ]     Exception Caches                  0 us
[727.809s][info][gc,stats    ] Concurrent Strong Roots             457 us, parallelism: 0.72x
[727.809s][info][gc,stats    ]   CSR: <total>                      330 us
[727.809s][info][gc,stats    ]   CSR: VM Strong Roots                9 us, workers (us):   9,   0, ---, ---, 
[727.809s][info][gc,stats    ]   CSR: CLDG Roots                   321 us, workers (us): 321, ---, ---, ---, 
[727.809s][info][gc,stats    ] Concurrent Evacuation             51079 us
[727.809s][info][gc,stats    ] Pause Init Update Refs (G)          128 us
[727.809s][info][gc,stats    ] Pause Init Update Refs (N)           55 us
[727.809s][info][gc,stats    ]   Manage GCLABs                       5 us
[727.809s][info][gc,stats    ] Concurrent Update Refs           155548 us
[727.809s][info][gc,stats    ] Concurrent Update Thread Roots     1518 us
[727.809s][info][gc,stats    ] Pause Final Update Refs (G)         160 us
[727.809s][info][gc,stats    ] Pause Final Update Refs (N)         132 us
[727.809s][info][gc,stats    ]   Update Region States               44 us
[727.809s][info][gc,stats    ]   Trash Collection Set               11 us
[727.809s][info][gc,stats    ]   Rebuild Free Set                   11 us
[727.809s][info][gc,stats    ] Concurrent Cleanup                   74 us
[727.809s][info][gc,stats    ] 
[727.809s][info][gc,stats    ] Allocation pacing accrued:
[727.809s][info][gc,stats    ]       0 of  8330 ms (  0.0%): <total>
[727.809s][info][gc,stats    ]       0 of  8330 ms (  0.0%): <average total>
[727.809s][info][gc,stats    ] 
[727.809s][info][gc,metaspace] Metaspace: 134761K(136064K)->134761K(136064K) NonClass: 113860K(114560K)->113860K(114560K) Class: 20900K(21504K)->20900K(21504K)
[727.809s][info][gc,ergo     ] Pacer for Idle. Initial: 163M, Alloc Tax Rate: 1.0x
[736.451s][info][gc          ] Trigger: Free (816M) is below minimum threshold (819M)
[736.451s][info][gc,ergo     ] Free: 816M, Max: 4096K regular, 344M humongous, Frag: 57% external, 0% internal; Reserve: 412M, Max: 4096K
[736.451s][info][gc,start    ] GC(78) Concurrent reset
[736.451s][info][gc,task     ] GC(78) Using 2 of 4 workers for concurrent reset
[736.451s][info][gc,ergo     ] GC(78) Pacer for Reset. Non-Taxable: 8192M
[736.469s][info][gc          ] GC(78) Concurrent reset 17.995ms
[736.469s][info][gc,start    ] GC(78) Pause Init Mark (unload classes)
[736.469s][info][gc,task     ] GC(78) Using 4 of 4 workers for init marking
[736.469s][info][gc,ergo     ] GC(78) Pacer for Mark. Expected Live: 500M, Free: 804M, Non-Taxable: 82342K, Alloc Tax Rate: 0.8x
[736.469s][info][gc          ] GC(78) Pause Init Mark (unload classes) 0.120ms
[736.469s][info][gc,start    ] GC(78) Concurrent marking roots
[736.469s][info][gc,task     ] GC(78) Using 2 of 4 workers for concurrent marking roots
[736.470s][info][gc          ] GC(78) Concurrent marking roots 0.996ms
[736.470s][info][gc,start    ] GC(78) Concurrent marking (unload classes)
[736.470s][info][gc,task     ] GC(78) Using 2 of 4 workers for concurrent marking
[736.719s][info][gc          ] GC(78) Concurrent marking (unload classes) 248.587ms
[736.719s][info][gc,start    ] GC(78) Pause Final Mark (unload classes)
[736.719s][info][gc,task     ] GC(78) Using 4 of 4 workers for final marking
[736.719s][info][gc,ergo     ] GC(78) Adaptive CSet Selection. Target Free: 1160M, Actual Free: 2528M, Max CSet: 341M, Min Garbage: 0B
[736.719s][info][gc,ergo     ] GC(78) Collectable Garbage: 6439M (99%), Immediate: 1496M (23%), CSet: 4943M (76%)
[736.719s][info][gc,ergo     ] GC(78) Pacer for Evacuation. Used CSet: 5036M, Free: 2132M, Non-Taxable: 213M, Alloc Tax Rate: 5.8x
[736.719s][info][gc          ] GC(78) Pause Final Mark (unload classes) 0.359ms
[736.720s][info][gc,start    ] GC(78) Concurrent thread roots
[736.720s][info][gc,task     ] GC(78) Using 2 of 4 workers for Concurrent thread roots
[736.720s][info][gc          ] GC(78) Concurrent thread roots 0.821ms
[736.720s][info][gc,start    ] GC(78) Concurrent weak references
[736.720s][info][gc,task     ] GC(78) Using 2 of 4 workers for concurrent weak references
[736.721s][info][gc,ref      ] GC(78) Encountered references: Soft: 6090, Weak: 23350, Final: 34, Phantom: 870
[736.721s][info][gc,ref      ] GC(78) Discovered  references: Soft: 0, Weak: 11335, Final: 1, Phantom: 729
[736.721s][info][gc,ref      ] GC(78) Enqueued    references: Soft: 0, Weak: 4, Final: 0, Phantom: 2
[736.721s][info][gc          ] GC(78) Concurrent weak references 0.539ms
[736.721s][info][gc,start    ] GC(78) Concurrent weak roots
[736.721s][info][gc,task     ] GC(78) Using 2 of 4 workers for concurrent weak root
[736.724s][info][gc          ] GC(78) Concurrent weak roots 2.733ms
[736.724s][info][gc,start    ] GC(78) Concurrent cleanup
[736.724s][info][gc          ] GC(78) Concurrent cleanup 7152M->5656M(8192M) 0.038ms
[736.724s][info][gc,ergo     ] GC(78) Free: 2124M, Max: 4096K regular, 344M humongous, Frag: 84% external, 0% internal; Reserve: 411M, Max: 4096K
[736.724s][info][gc,start    ] GC(78) Concurrent class unloading
[736.724s][info][gc,task     ] GC(78) Using 2 of 4 workers for concurrent class unloading
[736.729s][info][gc          ] GC(78) Concurrent class unloading 4.976ms
[736.729s][info][gc,start    ] GC(78) Concurrent strong roots
[736.729s][info][gc,task     ] GC(78) Using 2 of 4 workers for concurrent strong root
[736.729s][info][gc          ] GC(78) Concurrent strong roots 0.309ms
[736.729s][info][gc,start    ] GC(78) Concurrent evacuation
[736.729s][info][gc,task     ] GC(78) Using 2 of 4 workers for concurrent evacuation
[736.779s][info][gc          ] GC(78) Concurrent evacuation 50.272ms
[736.779s][info][gc,start    ] GC(78) Pause Init Update Refs
[736.779s][info][gc,ergo     ] GC(78) Pacer for Update Refs. Used: 5795M, Free: 2084M, Non-Taxable: 208M, Alloc Tax Rate: 3.4x
[736.779s][info][gc          ] GC(78) Pause Init Update Refs 0.051ms
[736.780s][info][gc,start    ] GC(78) Concurrent update references
[736.780s][info][gc,task     ] GC(78) Using 2 of 4 workers for concurrent reference update
[736.934s][info][gc          ] GC(78) Concurrent update references 154.196ms
[736.934s][info][gc,start    ] GC(78) Concurrent update thread roots
[736.935s][info][gc          ] GC(78) Concurrent update thread roots 1.290ms
[736.935s][info][gc,start    ] GC(78) Pause Final Update Refs
[736.935s][info][gc,task     ] GC(78) Using 4 of 4 workers for final reference update
[736.935s][info][gc          ] GC(78) Pause Final Update Refs 0.105ms
[736.935s][info][gc,start    ] GC(78) Concurrent cleanup
[736.935s][info][gc          ] GC(78) Concurrent cleanup 5923M->887M(8192M) 0.061ms
[736.935s][info][gc,ergo     ] Free: 6892M, Max: 4096K regular, 5740M humongous, Frag: 17% external, 0% internal; Reserve: 412M, Max: 4096K
[736.935s][info][gc,stats    ] 
[736.935s][info][gc,stats    ] All times are wall-clock times, except per-root-class counters, that are sum over
[736.935s][info][gc,stats    ] all workers. Dividing the <total> over the root stage time estimates parallelism.
[736.935s][info][gc,stats    ] 
[736.935s][info][gc,stats    ] Concurrent Reset                  18033 us
[736.935s][info][gc,stats    ] Pause Init Mark (G)                 173 us
[736.935s][info][gc,stats    ] Pause Init Mark (N)                 133 us
[736.935s][info][gc,stats    ]   Update Region States               59 us
[736.935s][info][gc,stats    ] Concurrent Mark Roots              1017 us, parallelism: 1.62x
[736.935s][info][gc,stats    ]   CMR: <total>                     1643 us
[736.935s][info][gc,stats    ]   CMR: Thread Roots                1514 us, workers (us): 813, 702, ---, ---, 
[736.935s][info][gc,stats    ]   CMR: VM Strong Roots               12 us, workers (us):   7,   5, ---, ---, 
[736.935s][info][gc,stats    ]   CMR: CLDG Roots                   117 us, workers (us): ---, 117, ---, ---, 
[736.935s][info][gc,stats    ] Concurrent Marking               248632 us
[736.935s][info][gc,stats    ] Pause Final Mark (G)                436 us
[736.935s][info][gc,stats    ] Pause Final Mark (N)                370 us
[736.936s][info][gc,stats    ]   Finish Mark                       102 us
[736.936s][info][gc,stats    ]   Update Region States               52 us
[736.936s][info][gc,stats    ]   Choose Collection Set             138 us
[736.936s][info][gc,stats    ]   Rebuild Free Set                   10 us
[736.936s][info][gc,stats    ] Concurrent Thread Roots             843 us, parallelism: 1.84x
[736.936s][info][gc,stats    ]   CTR: <total>                     1554 us
[736.936s][info][gc,stats    ]   CTR: Thread Roots                1554 us, workers (us): 778, 777, ---, ---, 
[736.936s][info][gc,stats    ] Concurrent Weak References          550 us, parallelism: 0.86x
[736.936s][info][gc,stats    ]   CWRF: <total>                     475 us
[736.936s][info][gc,stats    ]   CWRF: Weak References             475 us, workers (us): 432,  42, ---, ---, 
[736.936s][info][gc,stats    ] Concurrent Weak Roots              2755 us
[736.936s][info][gc,stats    ]   Roots                            2663 us, parallelism: 1.92x
[736.936s][info][gc,stats    ]     CWR: <total>                   5123 us
[736.936s][info][gc,stats    ]     CWR: Code Cache Roots          3597 us, workers (us): 1813, 1784, ---, ---, 
[736.936s][info][gc,stats    ]     CWR: VM Weak Roots             1473 us, workers (us): 737, 736, ---, ---, 
[736.936s][info][gc,stats    ]     CWR: CLDG Roots                  53 us, workers (us): ---,  53, ---, ---, 
[736.936s][info][gc,stats    ]   Rendezvous                         48 us
[736.936s][info][gc,stats    ] Concurrent Cleanup                   51 us
[736.936s][info][gc,stats    ] Concurrent Class Unloading         5005 us
[736.936s][info][gc,stats    ]   Unlink Stale                     4678 us
[736.936s][info][gc,stats    ]     System Dictionary                44 us
[736.936s][info][gc,stats    ]     Weak Class Links                  0 us
[736.936s][info][gc,stats    ]     Code Roots                     4632 us
[736.936s][info][gc,stats    ]   Rendezvous                        122 us
[736.936s][info][gc,stats    ]   Purge Unlinked                    153 us
[736.936s][info][gc,stats    ]     Code Roots                      150 us
[736.936s][info][gc,stats    ]     CLDG                              3 us
[736.936s][info][gc,stats    ]     Exception Caches                  0 us
[736.936s][info][gc,stats    ] Concurrent Strong Roots             331 us, parallelism: 0.69x
[736.936s][info][gc,stats    ]   CSR: <total>                      227 us
[736.936s][info][gc,stats    ]   CSR: VM Strong Roots                8 us, workers (us):   8,   0, ---, ---, 
[736.936s][info][gc,stats    ]   CSR: CLDG Roots                   220 us, workers (us): 220, ---, ---, ---, 
[736.936s][info][gc,stats    ] Concurrent Evacuation             50337 us
[736.936s][info][gc,stats    ] Pause Init Update Refs (G)          116 us
[736.936s][info][gc,stats    ] Pause Init Update Refs (N)           61 us
[736.936s][info][gc,stats    ]   Manage GCLABs                       8 us
[736.936s][info][gc,stats    ] Concurrent Update Refs           154230 us
[736.936s][info][gc,stats    ] Concurrent Update Thread Roots     1308 us
[736.936s][info][gc,stats    ] Pause Final Update Refs (G)         148 us
[736.936s][info][gc,stats    ] Pause Final Update Refs (N)         120 us
[736.936s][info][gc,stats    ]   Update Region States               36 us
[736.936s][info][gc,stats    ]   Trash Collection Set               15 us
[736.936s][info][gc,stats    ]   Rebuild Free Set                   11 us
[736.936s][info][gc,stats    ] Concurrent Cleanup                   76 us
[736.936s][info][gc,stats    ] 
[736.936s][info][gc,stats    ] Allocation pacing accrued:
[736.936s][info][gc,stats    ]       0 of  9127 ms (  0.0%): <total>
[736.936s][info][gc,stats    ]       0 of  9127 ms (  0.0%): <average total>
[736.936s][info][gc,stats    ] 
[736.936s][info][gc,metaspace] Metaspace: 134782K(136128K)->134782K(136128K) NonClass: 113880K(114624K)->113880K(114624K) Class: 20901K(21504K)->20901K(21504K)
[736.936s][info][gc,ergo     ] Pacer for Idle. Initial: 163M, Alloc Tax Rate: 1.0x
[744.997s][info][gc          ] Trigger: Free (818M) is below minimum threshold (819M)
[744.997s][info][gc,ergo     ] Free: 818M, Max: 4096K regular, 344M humongous, Frag: 57% external, 1% internal; Reserve: 412M, Max: 4096K
[744.997s][info][gc,start    ] GC(79) Concurrent reset
[744.997s][info][gc,task     ] GC(79) Using 2 of 4 workers for concurrent reset
[744.997s][info][gc,ergo     ] GC(79) Pacer for Reset. Non-Taxable: 8192M
[745.013s][info][gc          ] GC(79) Concurrent reset 16.109ms
[745.013s][info][gc,start    ] GC(79) Pause Init Mark (unload classes)
[745.013s][info][gc,task     ] GC(79) Using 4 of 4 workers for init marking
[745.013s][info][gc,ergo     ] GC(79) Pacer for Mark. Expected Live: 497M, Free: 804M, Non-Taxable: 82344K, Alloc Tax Rate: 0.8x
[745.013s][info][gc          ] GC(79) Pause Init Mark (unload classes) 0.108ms
[745.013s][info][gc,start    ] GC(79) Concurrent marking roots
[745.013s][info][gc,task     ] GC(79) Using 2 of 4 workers for concurrent marking roots
[745.014s][info][gc          ] GC(79) Concurrent marking roots 0.948ms
[745.014s][info][gc,start    ] GC(79) Concurrent marking (unload classes)
[745.014s][info][gc,task     ] GC(79) Using 2 of 4 workers for concurrent marking
[745.249s][info][gc          ] GC(79) Concurrent marking (unload classes) 234.189ms
[745.249s][info][gc,start    ] GC(79) Pause Final Mark (unload classes)
[745.249s][info][gc,task     ] GC(79) Using 4 of 4 workers for final marking
[745.249s][info][gc,ergo     ] GC(79) Adaptive CSet Selection. Target Free: 1160M, Actual Free: 2884M, Max CSet: 341M, Min Garbage: 0B
[745.249s][info][gc,ergo     ] GC(79) Collectable Garbage: 6445M (99%), Immediate: 1812M (27%), CSet: 4633M (71%)
[745.249s][info][gc,ergo     ] GC(79) Pacer for Evacuation. Used CSet: 4716M, Free: 2492M, Non-Taxable: 249M, Alloc Tax Rate: 4.6x
[745.249s][info][gc          ] GC(79) Pause Final Mark (unload classes) 0.334ms
[745.249s][info][gc,start    ] GC(79) Concurrent thread roots
[745.249s][info][gc,task     ] GC(79) Using 2 of 4 workers for Concurrent thread roots
[745.250s][info][gc          ] GC(79) Concurrent thread roots 0.799ms
[745.250s][info][gc,start    ] GC(79) Concurrent weak references
[745.250s][info][gc,task     ] GC(79) Using 2 of 4 workers for concurrent weak references
[745.250s][info][gc,ref      ] GC(79) Encountered references: Soft: 6090, Weak: 23349, Final: 34, Phantom: 871
[745.250s][info][gc,ref      ] GC(79) Discovered  references: Soft: 0, Weak: 3651, Final: 0, Phantom: 622
[745.250s][info][gc,ref      ] GC(79) Enqueued    references: Soft: 0, Weak: 1, Final: 0, Phantom: 0
[745.250s][info][gc          ] GC(79) Concurrent weak references 0.307ms
[745.250s][info][gc,start    ] GC(79) Concurrent weak roots
[745.250s][info][gc,task     ] GC(79) Using 2 of 4 workers for concurrent weak root
[745.253s][info][gc          ] GC(79) Concurrent weak roots 2.720ms
[745.253s][info][gc,start    ] GC(79) Concurrent cleanup
[745.253s][info][gc          ] GC(79) Concurrent cleanup 7108M->5296M(8192M) 0.037ms
[745.253s][info][gc,ergo     ] GC(79) Free: 2483M, Max: 4096K regular, 344M humongous, Frag: 87% external, 0% internal; Reserve: 411M, Max: 4096K
[745.253s][info][gc,start    ] GC(79) Concurrent class unloading
[745.253s][info][gc,task     ] GC(79) Using 2 of 4 workers for concurrent class unloading
[745.258s][info][gc          ] GC(79) Concurrent class unloading 4.702ms
[745.258s][info][gc,start    ] GC(79) Concurrent strong roots
[745.258s][info][gc,task     ] GC(79) Using 2 of 4 workers for concurrent strong root
[745.258s][info][gc          ] GC(79) Concurrent strong roots 0.285ms
[745.258s][info][gc,start    ] GC(79) Concurrent evacuation
[745.258s][info][gc,task     ] GC(79) Using 2 of 4 workers for concurrent evacuation
[745.308s][info][gc          ] GC(79) Concurrent evacuation 50.312ms
[745.308s][info][gc,start    ] GC(79) Pause Init Update Refs
[745.308s][info][gc,ergo     ] GC(79) Pacer for Update Refs. Used: 5408M, Free: 2459M, Non-Taxable: 245M, Alloc Tax Rate: 2.7x
[745.308s][info][gc          ] GC(79) Pause Init Update Refs 0.048ms
[745.309s][info][gc,start    ] GC(79) Concurrent update references
[745.309s][info][gc,task     ] GC(79) Using 2 of 4 workers for concurrent reference update
[745.453s][info][gc          ] GC(79) Concurrent update references 144.461ms
[745.453s][info][gc,start    ] GC(79) Concurrent update thread roots
[745.454s][info][gc          ] GC(79) Concurrent update thread roots 1.435ms
[745.455s][info][gc,start    ] GC(79) Pause Final Update Refs
[745.455s][info][gc,task     ] GC(79) Using 4 of 4 workers for final reference update
[745.455s][info][gc          ] GC(79) Pause Final Update Refs 0.115ms
[745.455s][info][gc,start    ] GC(79) Concurrent cleanup
[745.455s][info][gc          ] GC(79) Concurrent cleanup 5524M->808M(8192M) 0.068ms
[745.455s][info][gc,ergo     ] Free: 6971M, Max: 4096K regular, 5768M humongous, Frag: 17% external, 0% internal; Reserve: 412M, Max: 4096K
[745.455s][info][gc,stats    ] 
[745.455s][info][gc,stats    ] All times are wall-clock times, except per-root-class counters, that are sum over
[745.455s][info][gc,stats    ] all workers. Dividing the <total> over the root stage time estimates parallelism.
[745.455s][info][gc,stats    ] 
[745.455s][info][gc,stats    ] Concurrent Reset                  16179 us
[745.455s][info][gc,stats    ] Pause Init Mark (G)                 191 us
[745.455s][info][gc,stats    ] Pause Init Mark (N)                 119 us
[745.455s][info][gc,stats    ]   Update Region States               38 us
[745.455s][info][gc,stats    ] Concurrent Mark Roots               969 us, parallelism: 1.64x
[745.455s][info][gc,stats    ]   CMR: <total>                     1591 us
[745.455s][info][gc,stats    ]   CMR: Thread Roots                1458 us, workers (us): 676, 782, ---, ---, 
[745.455s][info][gc,stats    ]   CMR: VM Strong Roots               12 us, workers (us):  12,   0, ---, ---, 
[745.455s][info][gc,stats    ]   CMR: CLDG Roots                   122 us, workers (us): 122, ---, ---, ---, 
[745.455s][info][gc,stats    ] Concurrent Marking               234225 us
[745.455s][info][gc,stats    ] Pause Final Mark (G)                415 us
[745.455s][info][gc,stats    ] Pause Final Mark (N)                345 us
[745.455s][info][gc,stats    ]   Finish Mark                        81 us
[745.455s][info][gc,stats    ]   Update Region States               47 us
[745.455s][info][gc,stats    ]   Choose Collection Set             142 us
[745.455s][info][gc,stats    ]   Rebuild Free Set                   10 us
[745.455s][info][gc,stats    ] Concurrent Thread Roots             821 us, parallelism: 1.80x
[745.455s][info][gc,stats    ]   CTR: <total>                     1480 us
[745.455s][info][gc,stats    ]   CTR: Thread Roots                1480 us, workers (us): 746, 734, ---, ---, 
[745.455s][info][gc,stats    ] Concurrent Weak References          319 us, parallelism: 0.71x
[745.455s][info][gc,stats    ]   CWRF: <total>                     227 us
[745.455s][info][gc,stats    ]   CWRF: Weak References             227 us, workers (us): 223,   4, ---, ---, 
[745.455s][info][gc,stats    ] Concurrent Weak Roots              2740 us
[745.455s][info][gc,stats    ]   Roots                            2674 us, parallelism: 1.93x
[745.455s][info][gc,stats    ]     CWR: <total>                   5159 us
[745.455s][info][gc,stats    ]     CWR: Code Cache Roots          3631 us, workers (us): 1794, 1837, ---, ---, 
[745.455s][info][gc,stats    ]     CWR: VM Weak Roots             1468 us, workers (us): 734, 734, ---, ---, 
[745.455s][info][gc,stats    ]     CWR: CLDG Roots                  61 us, workers (us):  61, ---, ---, ---, 
[745.455s][info][gc,stats    ]   Rendezvous                         24 us
[745.455s][info][gc,stats    ] Concurrent Cleanup                   50 us
[745.455s][info][gc,stats    ] Concurrent Class Unloading         4721 us
[745.455s][info][gc,stats    ]   Unlink Stale                     4560 us
[745.455s][info][gc,stats    ]     System Dictionary                56 us
[745.455s][info][gc,stats    ]     Weak Class Links                  0 us
[745.455s][info][gc,stats    ]     Code Roots                     4503 us
[745.455s][info][gc,stats    ]   Rendezvous                         44 us
[745.455s][info][gc,stats    ]   Purge Unlinked                     75 us
[745.455s][info][gc,stats    ]     Code Roots                       73 us
[745.455s][info][gc,stats    ]     CLDG                              2 us
[745.455s][info][gc,stats    ]     Exception Caches                  0 us
[745.455s][info][gc,stats    ] Concurrent Strong Roots             299 us, parallelism: 0.69x
[745.455s][info][gc,stats    ]   CSR: <total>                      205 us
[745.455s][info][gc,stats    ]   CSR: VM Strong Roots                8 us, workers (us):   8,   0, ---, ---, 
[745.455s][info][gc,stats    ]   CSR: CLDG Roots                   197 us, workers (us): 197, ---, ---, ---, 
[745.455s][info][gc,stats    ] Concurrent Evacuation             50354 us
[745.455s][info][gc,stats    ] Pause Init Update Refs (G)          109 us
[745.455s][info][gc,stats    ] Pause Init Update Refs (N)           58 us
[745.455s][info][gc,stats    ]   Manage GCLABs                       5 us
[745.455s][info][gc,stats    ] Concurrent Update Refs           144494 us
[745.455s][info][gc,stats    ] Concurrent Update Thread Roots     1459 us
[745.455s][info][gc,stats    ] Pause Final Update Refs (G)         186 us
[745.455s][info][gc,stats    ] Pause Final Update Refs (N)         129 us
[745.455s][info][gc,stats    ]   Update Region States               50 us
[745.455s][info][gc,stats    ]   Trash Collection Set               12 us
[745.455s][info][gc,stats    ]   Rebuild Free Set                   12 us
[745.455s][info][gc,stats    ] Concurrent Cleanup                   83 us
[745.455s][info][gc,stats    ] 
[745.455s][info][gc,stats    ] Allocation pacing accrued:
[745.455s][info][gc,stats    ]       0 of  8519 ms (  0.0%): <total>
[745.455s][info][gc,stats    ]       0 of  8519 ms (  0.0%): <average total>
[745.455s][info][gc,stats    ] 
[745.455s][info][gc,metaspace] Metaspace: 134782K(136128K)->134782K(136128K) NonClass: 113880K(114624K)->113880K(114624K) Class: 20901K(21504K)->20901K(21504K)
[745.455s][info][gc,ergo     ] Pacer for Idle. Initial: 163M, Alloc Tax Rate: 1.0x
[754.350s][info][gc          ] Trigger: Free (816M) is below minimum threshold (819M)
[754.350s][info][gc,ergo     ] Free: 816M, Max: 4096K regular, 352M humongous, Frag: 56% external, 0% internal; Reserve: 412M, Max: 4096K
[754.350s][info][gc,start    ] GC(80) Concurrent reset
[754.350s][info][gc,task     ] GC(80) Using 2 of 4 workers for concurrent reset
[754.350s][info][gc,ergo     ] GC(80) Pacer for Reset. Non-Taxable: 8192M
[754.362s][info][gc          ] GC(80) Concurrent reset 11.926ms
[754.362s][info][gc,start    ] GC(80) Pause Init Mark (unload classes)
[754.362s][info][gc,task     ] GC(80) Using 4 of 4 workers for init marking
[754.362s][info][gc,ergo     ] GC(80) Pacer for Mark. Expected Live: 490M, Free: 816M, Non-Taxable: 83572K, Alloc Tax Rate: 0.7x
[754.362s][info][gc          ] GC(80) Pause Init Mark (unload classes) 0.110ms
[754.362s][info][gc,start    ] GC(80) Concurrent marking roots
[754.362s][info][gc,task     ] GC(80) Using 2 of 4 workers for concurrent marking roots
[754.363s][info][gc          ] GC(80) Concurrent marking roots 0.983ms
[754.363s][info][gc,start    ] GC(80) Concurrent marking (unload classes)
[754.363s][info][gc,task     ] GC(80) Using 2 of 4 workers for concurrent marking
[754.595s][info][gc          ] GC(80) Concurrent marking (unload classes) 232.626ms
[754.596s][info][gc,start    ] GC(80) Pause Final Mark (unload classes)
[754.596s][info][gc,task     ] GC(80) Using 4 of 4 workers for final marking
[754.596s][info][gc,ergo     ] GC(80) Adaptive CSet Selection. Target Free: 1160M, Actual Free: 2900M, Max CSet: 341M, Min Garbage: 0B
[754.596s][info][gc,ergo     ] GC(80) Collectable Garbage: 6441M (99%), Immediate: 1836M (28%), CSet: 4605M (71%)
[754.596s][info][gc,ergo     ] GC(80) Pacer for Evacuation. Used CSet: 4676M, Free: 2508M, Non-Taxable: 250M, Alloc Tax Rate: 4.6x
[754.596s][info][gc          ] GC(80) Pause Final Mark (unload classes) 0.244ms
[754.596s][info][gc,start    ] GC(80) Concurrent thread roots
[754.596s][info][gc,task     ] GC(80) Using 2 of 4 workers for Concurrent thread roots
[754.597s][info][gc          ] GC(80) Concurrent thread roots 0.792ms
[754.597s][info][gc,start    ] GC(80) Concurrent weak references
[754.597s][info][gc,task     ] GC(80) Using 2 of 4 workers for concurrent weak references
[754.597s][info][gc,ref      ] GC(80) Encountered references: Soft: 6090, Weak: 23364, Final: 34, Phantom: 879
[754.597s][info][gc,ref      ] GC(80) Discovered  references: Soft: 0, Weak: 767, Final: 0, Phantom: 623
[754.597s][info][gc,ref      ] GC(80) Enqueued    references: Soft: 0, Weak: 9, Final: 0, Phantom: 5
[754.597s][info][gc          ] GC(80) Concurrent weak references 0.112ms
[754.597s][info][gc,start    ] GC(80) Concurrent weak roots
[754.597s][info][gc,task     ] GC(80) Using 2 of 4 workers for concurrent weak root
[754.599s][info][gc          ] GC(80) Concurrent weak roots 2.560ms
[754.599s][info][gc,start    ] GC(80) Concurrent cleanup
[754.599s][info][gc          ] GC(80) Concurrent cleanup 7116M->5280M(8192M) 0.036ms
[754.599s][info][gc,ergo     ] GC(80) Free: 2499M, Max: 4096K regular, 352M humongous, Frag: 86% external, 0% internal; Reserve: 411M, Max: 4096K
[754.599s][info][gc,start    ] GC(80) Concurrent class unloading
[754.599s][info][gc,task     ] GC(80) Using 2 of 4 workers for concurrent class unloading
[754.604s][info][gc          ] GC(80) Concurrent class unloading 4.802ms
[754.604s][info][gc,start    ] GC(80) Concurrent strong roots
[754.604s][info][gc,task     ] GC(80) Using 2 of 4 workers for concurrent strong root
[754.604s][info][gc          ] GC(80) Concurrent strong roots 0.274ms
[754.604s][info][gc,start    ] GC(80) Concurrent evacuation
[754.604s][info][gc,task     ] GC(80) Using 2 of 4 workers for concurrent evacuation
[754.640s][info][gc          ] GC(80) Concurrent evacuation 35.823ms
[754.640s][info][gc,start    ] GC(80) Pause Init Update Refs
[754.640s][info][gc,ergo     ] GC(80) Pacer for Update Refs. Used: 5376M, Free: 2479M, Non-Taxable: 247M, Alloc Tax Rate: 2.6x
[754.640s][info][gc          ] GC(80) Pause Init Update Refs 0.046ms
[754.640s][info][gc,start    ] GC(80) Concurrent update references
[754.640s][info][gc,task     ] GC(80) Using 2 of 4 workers for concurrent reference update
[754.782s][info][gc          ] GC(80) Concurrent update references 141.377ms
[754.782s][info][gc,start    ] GC(80) Concurrent update thread roots
[754.783s][info][gc          ] GC(80) Concurrent update thread roots 1.370ms
[754.783s][info][gc,start    ] GC(80) Pause Final Update Refs
[754.783s][info][gc,task     ] GC(80) Using 4 of 4 workers for final reference update
[754.783s][info][gc          ] GC(80) Pause Final Update Refs 0.142ms
[754.784s][info][gc,start    ] GC(80) Concurrent cleanup
[754.784s][info][gc          ] GC(80) Concurrent cleanup 5448M->772M(8192M) 0.067ms
[754.784s][info][gc,ergo     ] Free: 7007M, Max: 4096K regular, 5528M humongous, Frag: 21% external, 0% internal; Reserve: 412M, Max: 4096K
[754.784s][info][gc,stats    ] 
[754.784s][info][gc,stats    ] All times are wall-clock times, except per-root-class counters, that are sum over
[754.784s][info][gc,stats    ] all workers. Dividing the <total> over the root stage time estimates parallelism.
[754.784s][info][gc,stats    ] 
[754.784s][info][gc,stats    ] Concurrent Reset                  11984 us
[754.784s][info][gc,stats    ] Pause Init Mark (G)                 194 us
[754.784s][info][gc,stats    ] Pause Init Mark (N)                 123 us
[754.784s][info][gc,stats    ]   Update Region States               39 us
[754.784s][info][gc,stats    ] Concurrent Mark Roots               999 us, parallelism: 1.62x
[754.784s][info][gc,stats    ]   CMR: <total>                     1621 us
[754.784s][info][gc,stats    ]   CMR: Thread Roots                1486 us, workers (us): 692, 794, ---, ---, 
[754.784s][info][gc,stats    ]   CMR: VM Strong Roots               14 us, workers (us):  14,   0, ---, ---, 
[754.784s][info][gc,stats    ]   CMR: CLDG Roots                   121 us, workers (us): 121, ---, ---, ---, 
[754.784s][info][gc,stats    ] Concurrent Marking               232661 us
[754.784s][info][gc,stats    ] Pause Final Mark (G)                304 us
[754.784s][info][gc,stats    ] Pause Final Mark (N)                255 us
[754.784s][info][gc,stats    ]   Finish Mark                        21 us
[754.784s][info][gc,stats    ]   Update Region States               16 us
[754.784s][info][gc,stats    ]   Choose Collection Set             142 us
[754.784s][info][gc,stats    ]   Rebuild Free Set                   11 us
[754.784s][info][gc,stats    ] Concurrent Thread Roots             810 us, parallelism: 1.83x
[754.784s][info][gc,stats    ]   CTR: <total>                     1483 us
[754.784s][info][gc,stats    ]   CTR: Thread Roots                1483 us, workers (us): 755, 727, ---, ---, 
[754.784s][info][gc,stats    ] Concurrent Weak References          122 us, parallelism: 0.53x
[754.784s][info][gc,stats    ]   CWRF: <total>                      65 us
[754.784s][info][gc,stats    ]   CWRF: Weak References              65 us, workers (us):  15,  50, ---, ---, 
[754.784s][info][gc,stats    ] Concurrent Weak Roots              2577 us
[754.784s][info][gc,stats    ]   Roots                            2495 us, parallelism: 1.90x
[754.784s][info][gc,stats    ]     CWR: <total>                   4745 us
[754.784s][info][gc,stats    ]     CWR: Code Cache Roots          3173 us, workers (us): 1595, 1578, ---, ---, 
[754.784s][info][gc,stats    ]     CWR: VM Weak Roots             1515 us, workers (us): 772, 744, ---, ---, 
[754.784s][info][gc,stats    ]     CWR: CLDG Roots                  57 us, workers (us): ---,  57, ---, ---, 
[754.784s][info][gc,stats    ]   Rendezvous                         44 us
[754.784s][info][gc,stats    ] Concurrent Cleanup                   49 us
[754.784s][info][gc,stats    ] Concurrent Class Unloading         4825 us
[754.784s][info][gc,stats    ]   Unlink Stale                     4580 us
[754.784s][info][gc,stats    ]     System Dictionary                53 us
[754.784s][info][gc,stats    ]     Weak Class Links                  0 us
[754.784s][info][gc,stats    ]     Code Roots                     4525 us
[754.784s][info][gc,stats    ]   Rendezvous                         71 us
[754.784s][info][gc,stats    ]   Purge Unlinked                    129 us
[754.784s][info][gc,stats    ]     Code Roots                      125 us
[754.784s][info][gc,stats    ]     CLDG                              4 us
[754.784s][info][gc,stats    ]     Exception Caches                  0 us
[754.784s][info][gc,stats    ] Concurrent Strong Roots             287 us, parallelism: 0.71x
[754.784s][info][gc,stats    ]   CSR: <total>                      203 us
[754.784s][info][gc,stats    ]   CSR: VM Strong Roots                9 us, workers (us):   5,   4, ---, ---, 
[754.784s][info][gc,stats    ]   CSR: CLDG Roots                   194 us, workers (us): 194, ---, ---, ---, 
[754.784s][info][gc,stats    ] Concurrent Evacuation             35873 us
[754.784s][info][gc,stats    ] Pause Init Update Refs (G)          113 us
[754.784s][info][gc,stats    ] Pause Init Update Refs (N)           57 us
[754.784s][info][gc,stats    ]   Manage GCLABs                       6 us
[754.784s][info][gc,stats    ] Concurrent Update Refs           141422 us
[754.784s][info][gc,stats    ] Concurrent Update Thread Roots     1386 us
[754.784s][info][gc,stats    ] Pause Final Update Refs (G)         223 us
[754.784s][info][gc,stats    ] Pause Final Update Refs (N)         163 us
[754.784s][info][gc,stats    ]   Update Region States               73 us
[754.784s][info][gc,stats    ]   Trash Collection Set               16 us
[754.784s][info][gc,stats    ]   Rebuild Free Set                   12 us
[754.784s][info][gc,stats    ] Concurrent Cleanup                   81 us
[754.784s][info][gc,stats    ] 
[754.784s][info][gc,stats    ] Allocation pacing accrued:
[754.784s][info][gc,stats    ]       0 of  9329 ms (  0.0%): <total>
[754.784s][info][gc,stats    ]       0 of  9329 ms (  0.0%): <average total>
[754.784s][info][gc,stats    ] 
[754.784s][info][gc,metaspace] Metaspace: 134822K(136128K)->134822K(136128K) NonClass: 113914K(114624K)->113914K(114624K) Class: 20907K(21504K)->20907K(21504K)
[754.784s][info][gc,ergo     ] Pacer for Idle. Initial: 163M, Alloc Tax Rate: 1.0x
[763.233s][info][gc          ] Trigger: Average GC time (487.60 ms) is above the time for instantaneous allocation rate (1118 MB/s) to deplete free headroom (534M) (spike threshold = 1.73)
[763.233s][info][gc,ergo     ] Free: 943M, Max: 4096K regular, 364M humongous, Frag: 61% external, 0% internal; Reserve: 412M, Max: 4096K
[763.233s][info][gc,start    ] GC(81) Concurrent reset
[763.233s][info][gc,task     ] GC(81) Using 2 of 4 workers for concurrent reset
[763.233s][info][gc,ergo     ] GC(81) Pacer for Reset. Non-Taxable: 8192M
[763.253s][info][gc          ] GC(81) Concurrent reset 19.696ms
[763.253s][info][gc,start    ] GC(81) Pause Init Mark (unload classes)
[763.253s][info][gc,task     ] GC(81) Using 4 of 4 workers for init marking
[763.253s][info][gc,ergo     ] GC(81) Pacer for Mark. Expected Live: 487M, Free: 935M, Non-Taxable: 95831K, Alloc Tax Rate: 0.6x
[763.253s][info][gc          ] GC(81) Pause Init Mark (unload classes) 0.127ms
[763.253s][info][gc,start    ] GC(81) Concurrent marking roots
[763.253s][info][gc,task     ] GC(81) Using 2 of 4 workers for concurrent marking roots
[763.254s][info][gc          ] GC(81) Concurrent marking roots 1.113ms
[763.254s][info][gc,start    ] GC(81) Concurrent marking (unload classes)
[763.254s][info][gc,task     ] GC(81) Using 2 of 4 workers for concurrent marking
[763.488s][info][gc          ] GC(81) Concurrent marking (unload classes) 233.783ms
[763.488s][info][gc,start    ] GC(81) Pause Final Mark (unload classes)
[763.488s][info][gc,task     ] GC(81) Using 4 of 4 workers for final marking
[763.488s][info][gc,ergo     ] GC(81) Adaptive CSet Selection. Target Free: 1160M, Actual Free: 2756M, Max CSet: 341M, Min Garbage: 0B
[763.489s][info][gc,ergo     ] GC(81) Collectable Garbage: 6327M (99%), Immediate: 1608M (25%), CSet: 4719M (74%)
[763.489s][info][gc,ergo     ] GC(81) Pacer for Evacuation. Used CSet: 4788M, Free: 2367M, Non-Taxable: 236M, Alloc Tax Rate: 4.9x
[763.489s][info][gc          ] GC(81) Pause Final Mark (unload classes) 0.327ms
[763.489s][info][gc,start    ] GC(81) Concurrent thread roots
[763.489s][info][gc,task     ] GC(81) Using 2 of 4 workers for Concurrent thread roots
[763.489s][info][gc          ] GC(81) Concurrent thread roots 0.749ms
[763.489s][info][gc,start    ] GC(81) Concurrent weak references
[763.489s][info][gc,task     ] GC(81) Using 2 of 4 workers for concurrent weak references
[763.490s][info][gc,ref      ] GC(81) Encountered references: Soft: 6090, Weak: 23359, Final: 34, Phantom: 880
[763.490s][info][gc,ref      ] GC(81) Discovered  references: Soft: 0, Weak: 4055, Final: 0, Phantom: 628
[763.490s][info][gc,ref      ] GC(81) Enqueued    references: Soft: 0, Weak: 2, Final: 0, Phantom: 0
[763.490s][info][gc          ] GC(81) Concurrent weak references 0.325ms
[763.490s][info][gc,start    ] GC(81) Concurrent weak roots
[763.490s][info][gc,task     ] GC(81) Using 2 of 4 workers for concurrent weak root
[763.492s][info][gc          ] GC(81) Concurrent weak roots 2.632ms
[763.492s][info][gc,start    ] GC(81) Concurrent cleanup
[763.492s][info][gc          ] GC(81) Concurrent cleanup 7028M->5420M(8192M) 0.034ms
[763.492s][info][gc,ergo     ] GC(81) Free: 2359M, Max: 4096K regular, 364M humongous, Frag: 85% external, 0% internal; Reserve: 411M, Max: 4096K
[763.492s][info][gc,start    ] GC(81) Concurrent class unloading
[763.492s][info][gc,task     ] GC(81) Using 2 of 4 workers for concurrent class unloading
[763.497s][info][gc          ] GC(81) Concurrent class unloading 4.800ms
[763.497s][info][gc,start    ] GC(81) Concurrent strong roots
[763.497s][info][gc,task     ] GC(81) Using 2 of 4 workers for concurrent strong root
[763.498s][info][gc          ] GC(81) Concurrent strong roots 0.276ms
[763.498s][info][gc,start    ] GC(81) Concurrent evacuation
[763.498s][info][gc,task     ] GC(81) Using 2 of 4 workers for concurrent evacuation
[763.533s][info][gc          ] GC(81) Concurrent evacuation 35.536ms
[763.533s][info][gc,start    ] GC(81) Pause Init Update Refs
[763.533s][info][gc,ergo     ] GC(81) Pacer for Update Refs. Used: 5505M, Free: 2346M, Non-Taxable: 234M, Alloc Tax Rate: 2.9x
[763.533s][info][gc          ] GC(81) Pause Init Update Refs 0.045ms
[763.533s][info][gc,start    ] GC(81) Concurrent update references
[763.533s][info][gc,task     ] GC(81) Using 2 of 4 workers for concurrent reference update
[763.686s][info][gc          ] GC(81) Concurrent update references 152.896ms
[763.686s][info][gc,start    ] GC(81) Concurrent update thread roots
[763.688s][info][gc          ] GC(81) Concurrent update thread roots 1.458ms
[763.688s][info][gc,start    ] GC(81) Pause Final Update Refs
[763.688s][info][gc,task     ] GC(81) Using 4 of 4 workers for final reference update
[763.688s][info][gc          ] GC(81) Pause Final Update Refs 0.101ms
[763.688s][info][gc,start    ] GC(81) Concurrent cleanup
[763.688s][info][gc          ] GC(81) Concurrent cleanup 5664M->876M(8192M) 0.069ms
[763.688s][info][gc,ergo     ] Free: 6903M, Max: 4096K regular, 5644M humongous, Frag: 18% external, 0% internal; Reserve: 412M, Max: 4096K
[763.688s][info][gc,stats    ] 
[763.688s][info][gc,stats    ] All times are wall-clock times, except per-root-class counters, that are sum over
[763.688s][info][gc,stats    ] all workers. Dividing the <total> over the root stage time estimates parallelism.
[763.688s][info][gc,stats    ] 
[763.688s][info][gc,stats    ] Concurrent Reset                  19762 us
[763.688s][info][gc,stats    ] Pause Init Mark (G)                 260 us
[763.688s][info][gc,stats    ] Pause Init Mark (N)                 140 us
[763.688s][info][gc,stats    ]   Update Region States               38 us
[763.688s][info][gc,stats    ] Concurrent Mark Roots              1135 us, parallelism: 1.61x
[763.688s][info][gc,stats    ]   CMR: <total>                     1824 us
[763.688s][info][gc,stats    ]   CMR: Thread Roots                1659 us, workers (us): 760, 899, ---, ---, 
[763.688s][info][gc,stats    ]   CMR: VM Strong Roots               13 us, workers (us):  13,   0, ---, ---, 
[763.688s][info][gc,stats    ]   CMR: CLDG Roots                   152 us, workers (us): 152, ---, ---, ---, 
[763.688s][info][gc,stats    ] Concurrent Marking               233823 us
[763.688s][info][gc,stats    ] Pause Final Mark (G)                369 us
[763.688s][info][gc,stats    ] Pause Final Mark (N)                340 us
[763.688s][info][gc,stats    ]   Finish Mark                        45 us
[763.688s][info][gc,stats    ]   Update Region States               67 us
[763.688s][info][gc,stats    ]   Choose Collection Set             147 us
[763.688s][info][gc,stats    ]   Rebuild Free Set                   11 us
[763.688s][info][gc,stats    ] Concurrent Thread Roots             772 us, parallelism: 1.73x
[763.688s][info][gc,stats    ]   CTR: <total>                     1339 us
[763.688s][info][gc,stats    ]   CTR: Thread Roots                1339 us, workers (us): 688, 651, ---, ---, 
[763.688s][info][gc,stats    ] Concurrent Weak References          336 us, parallelism: 0.76x
[763.688s][info][gc,stats    ]   CWRF: <total>                     254 us
[763.688s][info][gc,stats    ]   CWRF: Weak References             254 us, workers (us): 250,   4, ---, ---, 
[763.688s][info][gc,stats    ] Concurrent Weak Roots              2649 us
[763.688s][info][gc,stats    ]   Roots                            2586 us, parallelism: 1.88x
[763.688s][info][gc,stats    ]     CWR: <total>                   4855 us
[763.688s][info][gc,stats    ]     CWR: Code Cache Roots          3268 us, workers (us): 1631, 1638, ---, ---, 
[763.688s][info][gc,stats    ]     CWR: VM Weak Roots             1523 us, workers (us): 776, 747, ---, ---, 
[763.688s][info][gc,stats    ]     CWR: CLDG Roots                  63 us, workers (us): ---,  63, ---, ---, 
[763.688s][info][gc,stats    ]   Rendezvous                         23 us
[763.688s][info][gc,stats    ] Concurrent Cleanup                   46 us
[763.688s][info][gc,stats    ] Concurrent Class Unloading         4822 us
[763.688s][info][gc,stats    ]   Unlink Stale                     4595 us
[763.688s][info][gc,stats    ]     System Dictionary                54 us
[763.688s][info][gc,stats    ]     Weak Class Links                  0 us
[763.688s][info][gc,stats    ]     Code Roots                     4540 us
[763.688s][info][gc,stats    ]   Rendezvous                        132 us
[763.688s][info][gc,stats    ]   Purge Unlinked                     49 us
[763.688s][info][gc,stats    ]     Code Roots                       47 us
[763.688s][info][gc,stats    ]     CLDG                              2 us
[763.688s][info][gc,stats    ] Concurrent Strong Roots             291 us, parallelism: 0.70x
[763.688s][info][gc,stats    ]   CSR: <total>                      203 us
[763.688s][info][gc,stats    ]   CSR: VM Strong Roots                8 us, workers (us):   4,   4, ---, ---, 
[763.688s][info][gc,stats    ]   CSR: CLDG Roots                   195 us, workers (us): 195, ---, ---, ---, 
[763.688s][info][gc,stats    ] Concurrent Evacuation             35584 us
[763.688s][info][gc,stats    ] Pause Init Update Refs (G)          108 us
[763.688s][info][gc,stats    ] Pause Init Update Refs (N)           55 us
[763.688s][info][gc,stats    ]   Manage GCLABs                       5 us
[763.688s][info][gc,stats    ] Concurrent Update Refs           152939 us
[763.688s][info][gc,stats    ] Concurrent Update Thread Roots     1482 us
[763.688s][info][gc,stats    ] Pause Final Update Refs (G)         145 us
[763.688s][info][gc,stats    ] Pause Final Update Refs (N)         115 us
[763.688s][info][gc,stats    ]   Update Region States               36 us
[763.688s][info][gc,stats    ]   Trash Collection Set               14 us
[763.688s][info][gc,stats    ]   Rebuild Free Set                   11 us
[763.688s][info][gc,stats    ] Concurrent Cleanup                   84 us
[763.689s][info][gc,stats    ] 
[763.689s][info][gc,stats    ] Allocation pacing accrued:
[763.689s][info][gc,stats    ]       0 of  8904 ms (  0.0%): <total>
[763.689s][info][gc,stats    ]       0 of  8904 ms (  0.0%): <average total>
[763.689s][info][gc,stats    ] 
[763.689s][info][gc,metaspace] Metaspace: 134850K(136192K)->134850K(136192K) NonClass: 113936K(114688K)->113936K(114688K) Class: 20913K(21504K)->20913K(21504K)
[763.689s][info][gc,ergo     ] Pacer for Idle. Initial: 163M, Alloc Tax Rate: 1.0x
[773.424s][info][gc          ] Trigger: Free (815M) is below minimum threshold (819M)
[773.425s][info][gc,ergo     ] Free: 815M, Max: 4096K regular, 368M humongous, Frag: 54% external, 0% internal; Reserve: 412M, Max: 4096K
[773.425s][info][gc,start    ] GC(82) Concurrent reset
[773.425s][info][gc,task     ] GC(82) Using 2 of 4 workers for concurrent reset
[773.425s][info][gc,ergo     ] GC(82) Pacer for Reset. Non-Taxable: 8192M
[773.439s][info][gc          ] GC(82) Concurrent reset 14.034ms
[773.439s][info][gc,start    ] GC(82) Pause Init Mark (unload classes)
[773.439s][info][gc,task     ] GC(82) Using 4 of 4 workers for init marking
[773.439s][info][gc,ergo     ] GC(82) Pacer for Mark. Expected Live: 487M, Free: 807M, Non-Taxable: 82704K, Alloc Tax Rate: 0.7x
[773.439s][info][gc          ] GC(82) Pause Init Mark (unload classes) 0.111ms
[773.439s][info][gc,start    ] GC(82) Concurrent marking roots
[773.439s][info][gc,task     ] GC(82) Using 2 of 4 workers for concurrent marking roots
[773.440s][info][gc          ] GC(82) Concurrent marking roots 0.961ms
[773.440s][info][gc,start    ] GC(82) Concurrent marking (unload classes)
[773.440s][info][gc,task     ] GC(82) Using 2 of 4 workers for concurrent marking
[773.681s][info][gc          ] GC(82) Concurrent marking (unload classes) 241.059ms
[773.681s][info][gc,start    ] GC(82) Pause Final Mark (unload classes)
[773.681s][info][gc,task     ] GC(82) Using 4 of 4 workers for final marking
[773.681s][info][gc,ergo     ] GC(82) Adaptive CSet Selection. Target Free: 1160M, Actual Free: 3152M, Max CSet: 341M, Min Garbage: 0B
[773.681s][info][gc,ergo     ] GC(82) Collectable Garbage: 6458M (99%), Immediate: 2104M (32%), CSet: 4354M (66%)
[773.681s][info][gc,ergo     ] GC(82) Pacer for Evacuation. Used CSet: 4420M, Free: 2760M, Non-Taxable: 276M, Alloc Tax Rate: 3.9x
[773.681s][info][gc          ] GC(82) Pause Final Mark (unload classes) 0.322ms
[773.681s][info][gc,start    ] GC(82) Concurrent thread roots
[773.681s][info][gc,task     ] GC(82) Using 2 of 4 workers for Concurrent thread roots
[773.682s][info][gc          ] GC(82) Concurrent thread roots 0.835ms
[773.682s][info][gc,start    ] GC(82) Concurrent weak references
[773.682s][info][gc,task     ] GC(82) Using 2 of 4 workers for concurrent weak references
[773.682s][info][gc,ref      ] GC(82) Encountered references: Soft: 6090, Weak: 23368, Final: 34, Phantom: 889
[773.682s][info][gc,ref      ] GC(82) Discovered  references: Soft: 0, Weak: 4163, Final: 0, Phantom: 629
[773.682s][info][gc,ref      ] GC(82) Enqueued    references: Soft: 0, Weak: 6, Final: 0, Phantom: 3
[773.682s][info][gc          ] GC(82) Concurrent weak references 0.267ms
[773.682s][info][gc,start    ] GC(82) Concurrent weak roots
[773.682s][info][gc,task     ] GC(82) Using 2 of 4 workers for concurrent weak root
[773.685s][info][gc          ] GC(82) Concurrent weak roots 2.813ms
[773.685s][info][gc,start    ] GC(82) Concurrent cleanup
[773.685s][info][gc          ] GC(82) Concurrent cleanup 7131M->5027M(8192M) 0.043ms
[773.685s][info][gc,ergo     ] GC(82) Free: 2752M, Max: 4096K regular, 368M humongous, Frag: 87% external, 0% internal; Reserve: 411M, Max: 4096K
[773.685s][info][gc,start    ] GC(82) Concurrent class unloading
[773.685s][info][gc,task     ] GC(82) Using 2 of 4 workers for concurrent class unloading
[773.691s][info][gc          ] GC(82) Concurrent class unloading 5.381ms
[773.691s][info][gc,start    ] GC(82) Concurrent strong roots
[773.691s][info][gc,task     ] GC(82) Using 2 of 4 workers for concurrent strong root
[773.691s][info][gc          ] GC(82) Concurrent strong roots 0.337ms
[773.691s][info][gc,start    ] GC(82) Concurrent evacuation
[773.691s][info][gc,task     ] GC(82) Using 2 of 4 workers for concurrent evacuation
[773.730s][info][gc          ] GC(82) Concurrent evacuation 38.952ms
[773.730s][info][gc,start    ] GC(82) Pause Init Update Refs
[773.730s][info][gc,ergo     ] GC(82) Pacer for Update Refs. Used: 5115M, Free: 2736M, Non-Taxable: 273M, Alloc Tax Rate: 2.3x
[773.730s][info][gc          ] GC(82) Pause Init Update Refs 0.048ms
[773.730s][info][gc,start    ] GC(82) Concurrent update references
[773.730s][info][gc,task     ] GC(82) Using 2 of 4 workers for concurrent reference update
[773.875s][info][gc          ] GC(82) Concurrent update references 145.139ms
[773.875s][info][gc,start    ] GC(82) Concurrent update thread roots
[773.877s][info][gc          ] GC(82) Concurrent update thread roots 1.413ms
[773.877s][info][gc,start    ] GC(82) Pause Final Update Refs
[773.877s][info][gc,task     ] GC(82) Using 4 of 4 workers for final reference update
[773.877s][info][gc          ] GC(82) Pause Final Update Refs 0.126ms
[773.877s][info][gc,start    ] GC(82) Concurrent cleanup
[773.877s][info][gc          ] GC(82) Concurrent cleanup 5199M->779M(8192M) 0.067ms
[773.877s][info][gc,ergo     ] Free: 7000M, Max: 4096K regular, 5948M humongous, Frag: 15% external, 0% internal; Reserve: 412M, Max: 4096K
[773.877s][info][gc,stats    ] 
[773.877s][info][gc,stats    ] All times are wall-clock times, except per-root-class counters, that are sum over
[773.877s][info][gc,stats    ] all workers. Dividing the <total> over the root stage time estimates parallelism.
[773.877s][info][gc,stats    ] 
[773.877s][info][gc,stats    ] Concurrent Reset                  14108 us
[773.877s][info][gc,stats    ] Pause Init Mark (G)                 156 us
[773.877s][info][gc,stats    ] Pause Init Mark (N)                 122 us
[773.877s][info][gc,stats    ]   Update Region States               49 us
[773.877s][info][gc,stats    ] Concurrent Mark Roots               981 us, parallelism: 1.63x
[773.877s][info][gc,stats    ]   CMR: <total>                     1602 us
[773.877s][info][gc,stats    ]   CMR: Thread Roots                1464 us, workers (us): 673, 791, ---, ---, 
[773.877s][info][gc,stats    ]   CMR: VM Strong Roots               13 us, workers (us):  13,   0, ---, ---, 
[773.877s][info][gc,stats    ]   CMR: CLDG Roots                   125 us, workers (us): 125, ---, ---, ---, 
[773.877s][info][gc,stats    ] Concurrent Marking               241105 us
[773.877s][info][gc,stats    ] Pause Final Mark (G)                362 us
[773.877s][info][gc,stats    ] Pause Final Mark (N)                333 us
[773.877s][info][gc,stats    ]   Finish Mark                        57 us
[773.877s][info][gc,stats    ]   Update Region States               50 us
[773.877s][info][gc,stats    ]   Choose Collection Set             142 us
[773.877s][info][gc,stats    ]   Rebuild Free Set                   11 us
[773.877s][info][gc,stats    ] Concurrent Thread Roots             859 us, parallelism: 1.74x
[773.877s][info][gc,stats    ]   CTR: <total>                     1493 us
[773.877s][info][gc,stats    ]   CTR: Thread Roots                1493 us, workers (us): 766, 727, ---, ---, 
[773.877s][info][gc,stats    ] Concurrent Weak References          279 us, parallelism: 0.74x
[773.877s][info][gc,stats    ]   CWRF: <total>                     206 us
[773.877s][info][gc,stats    ]   CWRF: Weak References             206 us, workers (us): 164,  42, ---, ---, 
[773.877s][info][gc,stats    ] Concurrent Weak Roots              2838 us
[773.877s][info][gc,stats    ]   Roots                            2730 us, parallelism: 1.93x
[773.877s][info][gc,stats    ]     CWR: <total>                   5265 us
[773.877s][info][gc,stats    ]     CWR: Code Cache Roots          3741 us, workers (us): 1909, 1832, ---, ---, 
[773.877s][info][gc,stats    ]     CWR: VM Weak Roots             1474 us, workers (us): 737, 736, ---, ---, 
[773.877s][info][gc,stats    ]     CWR: CLDG Roots                  50 us, workers (us): ---,  50, ---, ---, 
[773.877s][info][gc,stats    ]   Rendezvous                         61 us
[773.877s][info][gc,stats    ] Concurrent Cleanup                   56 us
[773.877s][info][gc,stats    ] Concurrent Class Unloading         5418 us
[773.877s][info][gc,stats    ]   Unlink Stale                     5078 us
[773.877s][info][gc,stats    ]     System Dictionary                48 us
[773.877s][info][gc,stats    ]     Weak Class Links                  0 us
[773.878s][info][gc,stats    ]     Code Roots                     5029 us
[773.878s][info][gc,stats    ]   Rendezvous                        144 us
[773.878s][info][gc,stats    ]   Purge Unlinked                    136 us
[773.878s][info][gc,stats    ]     Code Roots                      131 us
[773.878s][info][gc,stats    ]     CLDG                              5 us
[773.878s][info][gc,stats    ] Concurrent Strong Roots             353 us, parallelism: 0.70x
[773.878s][info][gc,stats    ]   CSR: <total>                      247 us
[773.878s][info][gc,stats    ]   CSR: VM Strong Roots               11 us, workers (us):  11,   0, ---, ---, 
[773.878s][info][gc,stats    ]   CSR: CLDG Roots                   236 us, workers (us): 236, ---, ---, ---, 
[773.878s][info][gc,stats    ] Concurrent Evacuation             39017 us
[773.878s][info][gc,stats    ] Pause Init Update Refs (G)           78 us
[773.878s][info][gc,stats    ] Pause Init Update Refs (N)           59 us
[773.878s][info][gc,stats    ]   Manage GCLABs                       6 us
[773.878s][info][gc,stats    ] Concurrent Update Refs           145173 us
[773.878s][info][gc,stats    ] Concurrent Update Thread Roots     1434 us
[773.878s][info][gc,stats    ] Pause Final Update Refs (G)         171 us
[773.878s][info][gc,stats    ] Pause Final Update Refs (N)         143 us
[773.878s][info][gc,stats    ]   Update Region States               58 us
[773.878s][info][gc,stats    ]   Trash Collection Set               11 us
[773.878s][info][gc,stats    ]   Rebuild Free Set                   12 us
[773.878s][info][gc,stats    ] Concurrent Cleanup                   82 us
[773.878s][info][gc,stats    ] 
[773.878s][info][gc,stats    ] Allocation pacing accrued:
[773.878s][info][gc,stats    ]       0 of 10189 ms (  0.0%): <total>
[773.878s][info][gc,stats    ]       0 of 10189 ms (  0.0%): <average total>
[773.878s][info][gc,stats    ] 
[773.878s][info][gc,metaspace] Metaspace: 134863K(136192K)->134863K(136192K) NonClass: 113948K(114688K)->113948K(114688K) Class: 20915K(21504K)->20915K(21504K)
[773.878s][info][gc,ergo     ] Pacer for Idle. Initial: 163M, Alloc Tax Rate: 1.0x
[783.634s][info][gc          ] Trigger: Average GC time (471.14 ms) is above the time for average allocation rate (1254 MB/s) to deplete free headroom (542M) (margin of error = 1.86)
[783.634s][info][gc,ergo     ] Free headroom: 952M (free) - 409M (spike) - 0B (penalties) = 542M
[783.634s][info][gc,ergo     ] Free: 952M, Max: 4096K regular, 368M humongous, Frag: 61% external, 0% internal; Reserve: 412M, Max: 4096K
[783.634s][info][gc,start    ] GC(83) Concurrent reset
[783.634s][info][gc,task     ] GC(83) Using 2 of 4 workers for concurrent reset
[783.634s][info][gc,ergo     ] GC(83) Pacer for Reset. Non-Taxable: 8192M
[783.647s][info][gc          ] GC(83) Concurrent reset 13.093ms
[783.647s][info][gc,start    ] GC(83) Pause Init Mark (unload classes)
[783.648s][info][gc,task     ] GC(83) Using 4 of 4 workers for init marking
[783.648s][info][gc,ergo     ] GC(83) Pacer for Mark. Expected Live: 482M, Free: 948M, Non-Taxable: 97124K, Alloc Tax Rate: 0.6x
[783.648s][info][gc          ] GC(83) Pause Init Mark (unload classes) 0.129ms
[783.648s][info][gc,start    ] GC(83) Concurrent marking roots
[783.648s][info][gc,task     ] GC(83) Using 2 of 4 workers for concurrent marking roots
[783.649s][info][gc          ] GC(83) Concurrent marking roots 0.913ms
[783.649s][info][gc,start    ] GC(83) Concurrent marking (unload classes)
[783.649s][info][gc,task     ] GC(83) Using 2 of 4 workers for concurrent marking
[783.877s][info][gc          ] GC(83) Concurrent marking (unload classes) 228.041ms
[783.877s][info][gc,start    ] GC(83) Pause Final Mark (unload classes)
[783.877s][info][gc,task     ] GC(83) Using 4 of 4 workers for final marking
[783.877s][info][gc,ergo     ] GC(83) Adaptive CSet Selection. Target Free: 1160M, Actual Free: 3884M, Max CSet: 341M, Min Garbage: 0B
[783.877s][info][gc,ergo     ] GC(83) Collectable Garbage: 6331M (99%), Immediate: 2728M (42%), CSet: 3603M (56%)
[783.877s][info][gc,ergo     ] GC(83) Pacer for Evacuation. Used CSet: 3656M, Free: 3488M, Non-Taxable: 348M, Alloc Tax Rate: 2.6x
[783.877s][info][gc          ] GC(83) Pause Final Mark (unload classes) 0.281ms
[783.877s][info][gc,start    ] GC(83) Concurrent thread roots
[783.877s][info][gc,task     ] GC(83) Using 2 of 4 workers for Concurrent thread roots
[783.878s][info][gc          ] GC(83) Concurrent thread roots 0.776ms
[783.878s][info][gc,start    ] GC(83) Concurrent weak references
[783.878s][info][gc,task     ] GC(83) Using 2 of 4 workers for concurrent weak references
[783.878s][info][gc,ref      ] GC(83) Encountered references: Soft: 6090, Weak: 23367, Final: 34, Phantom: 889
[783.878s][info][gc,ref      ] GC(83) Discovered  references: Soft: 0, Weak: 806, Final: 0, Phantom: 634
[783.878s][info][gc,ref      ] GC(83) Enqueued    references: Soft: 0, Weak: 3, Final: 0, Phantom: 0
[783.878s][info][gc          ] GC(83) Concurrent weak references 0.144ms
[783.878s][info][gc,start    ] GC(83) Concurrent weak roots
[783.878s][info][gc,task     ] GC(83) Using 2 of 4 workers for concurrent weak root
[783.881s][info][gc          ] GC(83) Concurrent weak roots 2.753ms
[783.881s][info][gc,start    ] GC(83) Concurrent cleanup
[783.881s][info][gc          ] GC(83) Concurrent cleanup 7030M->4302M(8192M) 0.045ms
[783.881s][info][gc,ergo     ] GC(83) Free: 3478M, Max: 4096K regular, 368M humongous, Frag: 90% external, 0% internal; Reserve: 411M, Max: 4096K
[783.881s][info][gc,start    ] GC(83) Concurrent class unloading
[783.881s][info][gc,task     ] GC(83) Using 2 of 4 workers for concurrent class unloading
[783.886s][info][gc          ] GC(83) Concurrent class unloading 5.134ms
[783.886s][info][gc,start    ] GC(83) Concurrent strong roots
[783.886s][info][gc,task     ] GC(83) Using 2 of 4 workers for concurrent strong root
[783.886s][info][gc          ] GC(83) Concurrent strong roots 0.325ms
[783.886s][info][gc,start    ] GC(83) Concurrent evacuation
[783.886s][info][gc,task     ] GC(83) Using 2 of 4 workers for concurrent evacuation
[783.918s][info][gc          ] GC(83) Concurrent evacuation 31.709ms
[783.918s][info][gc,start    ] GC(83) Pause Init Update Refs
[783.918s][info][gc,ergo     ] GC(83) Pacer for Update Refs. Used: 4373M, Free: 3462M, Non-Taxable: 346M, Alloc Tax Rate: 1.5x
[783.918s][info][gc          ] GC(83) Pause Init Update Refs 0.052ms
[783.918s][info][gc,start    ] GC(83) Concurrent update references
[783.918s][info][gc,task     ] GC(83) Using 2 of 4 workers for concurrent reference update
[784.061s][info][gc          ] GC(83) Concurrent update references 142.365ms
[784.061s][info][gc,start    ] GC(83) Concurrent update thread roots
[784.062s][info][gc          ] GC(83) Concurrent update thread roots 1.287ms
[784.062s][info][gc,start    ] GC(83) Pause Final Update Refs
[784.062s][info][gc,task     ] GC(83) Using 4 of 4 workers for final reference update
[784.062s][info][gc          ] GC(83) Pause Final Update Refs 0.104ms
[784.062s][info][gc,start    ] GC(83) Concurrent cleanup
[784.062s][info][gc          ] GC(83) Concurrent cleanup 4485M->829M(8192M) 0.057ms
[784.062s][info][gc,ergo     ] Free: 6950M, Max: 4096K regular, 5648M humongous, Frag: 19% external, 0% internal; Reserve: 412M, Max: 4096K
[784.062s][info][gc,stats    ] 
[784.062s][info][gc,stats    ] All times are wall-clock times, except per-root-class counters, that are sum over
[784.062s][info][gc,stats    ] all workers. Dividing the <total> over the root stage time estimates parallelism.
[784.062s][info][gc,stats    ] 
[784.062s][info][gc,stats    ] Concurrent Reset                  13148 us
[784.062s][info][gc,stats    ] Pause Init Mark (G)                 207 us
[784.062s][info][gc,stats    ] Pause Init Mark (N)                 142 us
[784.062s][info][gc,stats    ]   Update Region States               61 us
[784.062s][info][gc,stats    ] Concurrent Mark Roots               933 us, parallelism: 1.60x
[784.062s][info][gc,stats    ]   CMR: <total>                     1495 us
[784.062s][info][gc,stats    ]   CMR: Thread Roots                1348 us, workers (us): 606, 742, ---, ---, 
[784.062s][info][gc,stats    ]   CMR: VM Strong Roots               12 us, workers (us):  12,   0, ---, ---, 
[784.062s][info][gc,stats    ]   CMR: CLDG Roots                   136 us, workers (us): 136, ---, ---, ---, 
[784.062s][info][gc,stats    ] Concurrent Marking               228083 us
[784.062s][info][gc,stats    ] Pause Final Mark (G)                347 us
[784.062s][info][gc,stats    ] Pause Final Mark (N)                292 us
[784.062s][info][gc,stats    ]   Finish Mark                        44 us
[784.062s][info][gc,stats    ]   Update Region States               59 us
[784.062s][info][gc,stats    ]   Choose Collection Set             111 us
[784.062s][info][gc,stats    ]   Rebuild Free Set                   11 us
[784.062s][info][gc,stats    ] Concurrent Thread Roots             799 us, parallelism: 1.83x
[784.062s][info][gc,stats    ]   CTR: <total>                     1461 us
[784.062s][info][gc,stats    ]   CTR: Thread Roots                1461 us, workers (us): 729, 732, ---, ---, 
[784.062s][info][gc,stats    ] Concurrent Weak References          155 us, parallelism: 0.64x
[784.062s][info][gc,stats    ]   CWRF: <total>                      99 us
[784.062s][info][gc,stats    ]   CWRF: Weak References              99 us, workers (us):  77,  22, ---, ---, 
[784.062s][info][gc,stats    ] Concurrent Weak Roots              2773 us
[784.062s][info][gc,stats    ]   Roots                            2707 us, parallelism: 1.92x
[784.062s][info][gc,stats    ]     CWR: <total>                   5186 us
[784.062s][info][gc,stats    ]     CWR: Code Cache Roots          3602 us, workers (us): 1784, 1818, ---, ---, 
[784.063s][info][gc,stats    ]     CWR: VM Weak Roots             1491 us, workers (us): 745, 746, ---, ---, 
[784.063s][info][gc,stats    ]     CWR: CLDG Roots                  93 us, workers (us):  93, ---, ---, ---, 
[784.063s][info][gc,stats    ]   Rendezvous                         25 us
[784.063s][info][gc,stats    ] Concurrent Cleanup                   58 us
[784.063s][info][gc,stats    ] Concurrent Class Unloading         5158 us
[784.063s][info][gc,stats    ]   Unlink Stale                     4821 us
[784.063s][info][gc,stats    ]     System Dictionary                65 us
[784.063s][info][gc,stats    ]     Weak Class Links                  0 us
[784.063s][info][gc,stats    ]     Code Roots                     4755 us
[784.063s][info][gc,stats    ]   Rendezvous                        111 us
[784.063s][info][gc,stats    ]   Purge Unlinked                    179 us
[784.063s][info][gc,stats    ]     Code Roots                      175 us
[784.063s][info][gc,stats    ]     CLDG                              4 us
[784.063s][info][gc,stats    ]     Exception Caches                  0 us
[784.063s][info][gc,stats    ] Concurrent Strong Roots             339 us, parallelism: 0.70x
[784.063s][info][gc,stats    ]   CSR: <total>                      237 us
[784.063s][info][gc,stats    ]   CSR: VM Strong Roots                9 us, workers (us):   9,   0, ---, ---, 
[784.063s][info][gc,stats    ]   CSR: CLDG Roots                   228 us, workers (us): 228, ---, ---, ---, 
[784.063s][info][gc,stats    ] Concurrent Evacuation             31815 us
[784.063s][info][gc,stats    ] Pause Init Update Refs (G)          110 us
[784.063s][info][gc,stats    ] Pause Init Update Refs (N)           63 us
[784.063s][info][gc,stats    ]   Manage GCLABs                       7 us
[784.063s][info][gc,stats    ] Concurrent Update Refs           142408 us
[784.063s][info][gc,stats    ] Concurrent Update Thread Roots     1309 us
[784.063s][info][gc,stats    ] Pause Final Update Refs (G)         145 us
[784.063s][info][gc,stats    ] Pause Final Update Refs (N)         118 us
[784.063s][info][gc,stats    ]   Update Region States               39 us
[784.063s][info][gc,stats    ]   Trash Collection Set               12 us
[784.063s][info][gc,stats    ]   Rebuild Free Set                   13 us
[784.063s][info][gc,stats    ] Concurrent Cleanup                   70 us
[784.063s][info][gc,stats    ] 
[784.063s][info][gc,stats    ] Allocation pacing accrued:
[784.063s][info][gc,stats    ]       0 of 10185 ms (  0.0%): <total>
[784.063s][info][gc,stats    ]       0 of 10185 ms (  0.0%): <average total>
[784.063s][info][gc,stats    ] 
[784.063s][info][gc,metaspace] Metaspace: 134886K(136256K)->134886K(136256K) NonClass: 113969K(114752K)->113969K(114752K) Class: 20917K(21504K)->20917K(21504K)
[784.063s][info][gc,ergo     ] Pacer for Idle. Initial: 163M, Alloc Tax Rate: 1.0x
[792.637s][info][gc          ] Trigger: Free (816M) is below minimum threshold (819M)
[792.637s][info][gc,ergo     ] Free: 816M, Max: 4096K regular, 384M humongous, Frag: 52% external, 0% internal; Reserve: 412M, Max: 4096K
[792.637s][info][gc,start    ] GC(84) Concurrent reset
[792.637s][info][gc,task     ] GC(84) Using 2 of 4 workers for concurrent reset
[792.637s][info][gc,ergo     ] GC(84) Pacer for Reset. Non-Taxable: 8192M
[792.650s][info][gc          ] GC(84) Concurrent reset 13.122ms
[792.650s][info][gc,start    ] GC(84) Pause Init Mark (unload classes)
[792.650s][info][gc,task     ] GC(84) Using 4 of 4 workers for init marking
[792.650s][info][gc,ergo     ] GC(84) Pacer for Mark. Expected Live: 475M, Free: 800M, Non-Taxable: 81969K, Alloc Tax Rate: 0.7x
[792.650s][info][gc          ] GC(84) Pause Init Mark (unload classes) 0.116ms
[792.650s][info][gc,start    ] GC(84) Concurrent marking roots
[792.650s][info][gc,task     ] GC(84) Using 2 of 4 workers for concurrent marking roots
[792.651s][info][gc          ] GC(84) Concurrent marking roots 1.013ms
[792.651s][info][gc,start    ] GC(84) Concurrent marking (unload classes)
[792.651s][info][gc,task     ] GC(84) Using 2 of 4 workers for concurrent marking
[792.895s][info][gc          ] GC(84) Concurrent marking (unload classes) 243.272ms
[792.895s][info][gc,start    ] GC(84) Pause Final Mark (unload classes)
[792.895s][info][gc,task     ] GC(84) Using 4 of 4 workers for final marking
[792.895s][info][gc,ergo     ] GC(84) Adaptive CSet Selection. Target Free: 1160M, Actual Free: 2580M, Max CSet: 341M, Min Garbage: 0B
[792.895s][info][gc,ergo     ] GC(84) Collectable Garbage: 6439M (99%), Immediate: 1552M (23%), CSet: 4887M (75%)
[792.895s][info][gc,ergo     ] GC(84) Pacer for Evacuation. Used CSet: 4980M, Free: 2184M, Non-Taxable: 218M, Alloc Tax Rate: 5.6x
[792.895s][info][gc          ] GC(84) Pause Final Mark (unload classes) 0.236ms
[792.895s][info][gc,start    ] GC(84) Concurrent thread roots
[792.895s][info][gc,task     ] GC(84) Using 2 of 4 workers for Concurrent thread roots
[792.896s][info][gc          ] GC(84) Concurrent thread roots 0.768ms
[792.896s][info][gc,start    ] GC(84) Concurrent weak references
[792.896s][info][gc,task     ] GC(84) Using 2 of 4 workers for concurrent weak references
[792.896s][info][gc,ref      ] GC(84) Encountered references: Soft: 6090, Weak: 23368, Final: 34, Phantom: 895
[792.896s][info][gc,ref      ] GC(84) Discovered  references: Soft: 0, Weak: 1248, Final: 0, Phantom: 632
[792.896s][info][gc,ref      ] GC(84) Enqueued    references: Soft: 0, Weak: 3, Final: 0, Phantom: 0
[792.896s][info][gc          ] GC(84) Concurrent weak references 0.170ms
[792.896s][info][gc,start    ] GC(84) Concurrent weak roots
[792.896s][info][gc,task     ] GC(84) Using 2 of 4 workers for concurrent weak root
[792.899s][info][gc          ] GC(84) Concurrent weak roots 2.715ms
[792.899s][info][gc,start    ] GC(84) Concurrent cleanup
[792.899s][info][gc          ] GC(84) Concurrent cleanup 7158M->5606M(8192M) 0.041ms
[792.899s][info][gc,ergo     ] GC(84) Free: 2174M, Max: 4096K regular, 384M humongous, Frag: 83% external, 0% internal; Reserve: 411M, Max: 4096K
[792.899s][info][gc,start    ] GC(84) Concurrent class unloading
[792.899s][info][gc,task     ] GC(84) Using 2 of 4 workers for concurrent class unloading
[792.904s][info][gc          ] GC(84) Concurrent class unloading 4.972ms
[792.904s][info][gc,start    ] GC(84) Concurrent strong roots
[792.904s][info][gc,task     ] GC(84) Using 2 of 4 workers for concurrent strong root
[792.904s][info][gc          ] GC(84) Concurrent strong roots 0.416ms
[792.904s][info][gc,start    ] GC(84) Concurrent evacuation
[792.904s][info][gc,task     ] GC(84) Using 2 of 4 workers for concurrent evacuation
[792.949s][info][gc          ] GC(84) Concurrent evacuation 44.941ms
[792.949s][info][gc,start    ] GC(84) Pause Init Update Refs
[792.949s][info][gc,ergo     ] GC(84) Pacer for Update Refs. Used: 5721M, Free: 2154M, Non-Taxable: 215M, Alloc Tax Rate: 3.2x
[792.949s][info][gc          ] GC(84) Pause Init Update Refs 0.044ms
[792.949s][info][gc,start    ] GC(84) Concurrent update references
[792.949s][info][gc,task     ] GC(84) Using 2 of 4 workers for concurrent reference update
[793.099s][info][gc          ] GC(84) Concurrent update references 149.122ms
[793.099s][info][gc,start    ] GC(84) Concurrent update thread roots
[793.100s][info][gc          ] GC(84) Concurrent update thread roots 1.328ms
[793.100s][info][gc,start    ] GC(84) Pause Final Update Refs
[793.100s][info][gc,task     ] GC(84) Using 4 of 4 workers for final reference update
[793.100s][info][gc          ] GC(84) Pause Final Update Refs 0.096ms
[793.100s][info][gc,start    ] GC(84) Concurrent cleanup
[793.100s][info][gc          ] GC(84) Concurrent cleanup 5793M->813M(8192M) 0.070ms
[793.100s][info][gc,ergo     ] Free: 6966M, Max: 4096K regular, 5972M humongous, Frag: 14% external, 0% internal; Reserve: 412M, Max: 4096K
[793.100s][info][gc,stats    ] 
[793.100s][info][gc,stats    ] All times are wall-clock times, except per-root-class counters, that are sum over
[793.100s][info][gc,stats    ] all workers. Dividing the <total> over the root stage time estimates parallelism.
[793.100s][info][gc,stats    ] 
[793.100s][info][gc,stats    ] Concurrent Reset                  13212 us
[793.100s][info][gc,stats    ] Pause Init Mark (G)                 300 us
[793.100s][info][gc,stats    ] Pause Init Mark (N)                 129 us
[793.100s][info][gc,stats    ]   Update Region States               44 us
[793.100s][info][gc,stats    ] Concurrent Mark Roots              1034 us, parallelism: 1.56x
[793.100s][info][gc,stats    ]   CMR: <total>                     1610 us
[793.100s][info][gc,stats    ]   CMR: Thread Roots                1460 us, workers (us): 665, 795, ---, ---, 
[793.100s][info][gc,stats    ]   CMR: VM Strong Roots               12 us, workers (us):  12,   0, ---, ---, 
[793.100s][info][gc,stats    ]   CMR: CLDG Roots                   138 us, workers (us): 138, ---, ---, ---, 
[793.100s][info][gc,stats    ] Concurrent Marking               243318 us
[793.100s][info][gc,stats    ] Pause Final Mark (G)                273 us
[793.100s][info][gc,stats    ] Pause Final Mark (N)                246 us
[793.100s][info][gc,stats    ]   Finish Mark                        18 us
[793.100s][info][gc,stats    ]   Update Region States               15 us
[793.100s][info][gc,stats    ]   Choose Collection Set             137 us
[793.100s][info][gc,stats    ]   Rebuild Free Set                   10 us
[793.100s][info][gc,stats    ] Concurrent Thread Roots             789 us, parallelism: 1.83x
[793.100s][info][gc,stats    ]   CTR: <total>                     1445 us
[793.100s][info][gc,stats    ]   CTR: Thread Roots                1445 us, workers (us): 724, 721, ---, ---, 
[793.100s][info][gc,stats    ] Concurrent Weak References          183 us, parallelism: 0.64x
[793.100s][info][gc,stats    ]   CWRF: <total>                     117 us
[793.100s][info][gc,stats    ]   CWRF: Weak References             117 us, workers (us): 100,  18, ---, ---, 
[793.101s][info][gc,stats    ] Concurrent Weak Roots              2746 us
[793.101s][info][gc,stats    ]   Roots                            2634 us, parallelism: 1.91x
[793.101s][info][gc,stats    ]     CWR: <total>                   5029 us
[793.101s][info][gc,stats    ]     CWR: Code Cache Roots          3485 us, workers (us): 1744, 1741, ---, ---, 
[793.101s][info][gc,stats    ]     CWR: VM Weak Roots             1485 us, workers (us): 743, 742, ---, ---, 
[793.101s][info][gc,stats    ]     CWR: CLDG Roots                  59 us, workers (us): ---,  59, ---, ---, 
[793.101s][info][gc,stats    ]   Rendezvous                         59 us
[793.101s][info][gc,stats    ] Concurrent Cleanup                   59 us
[793.101s][info][gc,stats    ] Concurrent Class Unloading         4997 us
[793.101s][info][gc,stats    ]   Unlink Stale                     4663 us
[793.101s][info][gc,stats    ]     System Dictionary                62 us
[793.101s][info][gc,stats    ]     Weak Class Links                  1 us
[793.101s][info][gc,stats    ]     Code Roots                     4600 us
[793.101s][info][gc,stats    ]   Rendezvous                        144 us
[793.101s][info][gc,stats    ]   Purge Unlinked                    141 us
[793.101s][info][gc,stats    ]     Code Roots                      137 us
[793.101s][info][gc,stats    ]     CLDG                              4 us
[793.101s][info][gc,stats    ]     Exception Caches                  0 us
[793.101s][info][gc,stats    ] Concurrent Strong Roots             439 us, parallelism: 0.77x
[793.101s][info][gc,stats    ]   CSR: <total>                      339 us
[793.101s][info][gc,stats    ]   CSR: VM Strong Roots                8 us, workers (us):   4,   4, ---, ---, 
[793.101s][info][gc,stats    ]   CSR: CLDG Roots                   330 us, workers (us): ---, 330, ---, ---, 
[793.101s][info][gc,stats    ] Concurrent Evacuation             44992 us
[793.101s][info][gc,stats    ] Pause Init Update Refs (G)          152 us
[793.101s][info][gc,stats    ] Pause Init Update Refs (N)           55 us
[793.101s][info][gc,stats    ]   Manage GCLABs                       5 us
[793.101s][info][gc,stats    ] Concurrent Update Refs           149168 us
[793.101s][info][gc,stats    ] Concurrent Update Thread Roots     1352 us
[793.101s][info][gc,stats    ] Pause Final Update Refs (G)         173 us
[793.101s][info][gc,stats    ] Pause Final Update Refs (N)         122 us
[793.101s][info][gc,stats    ]   Update Region States               39 us
[793.101s][info][gc,stats    ]   Trash Collection Set               11 us
[793.101s][info][gc,stats    ]   Rebuild Free Set                   11 us
[793.101s][info][gc,stats    ] Concurrent Cleanup                   84 us
[793.101s][info][gc,stats    ] 
[793.101s][info][gc,stats    ] Allocation pacing accrued:
[793.101s][info][gc,stats    ]       0 of  9038 ms (  0.0%): <total>
[793.101s][info][gc,stats    ]       0 of  9038 ms (  0.0%): <average total>
[793.101s][info][gc,stats    ] 
[793.101s][info][gc,metaspace] Metaspace: 134888K(136256K)->134888K(136256K) NonClass: 113971K(114752K)->113971K(114752K) Class: 20917K(21504K)->20917K(21504K)
[793.101s][info][gc,ergo     ] Pacer for Idle. Initial: 163M, Alloc Tax Rate: 1.0x
[802.584s][info][gc          ] Trigger: Free (818M) is below minimum threshold (819M)
[802.584s][info][gc,ergo     ] Free: 818M, Max: 4096K regular, 344M humongous, Frag: 57% external, 1% internal; Reserve: 412M, Max: 4096K
[802.584s][info][gc,start    ] GC(85) Concurrent reset
[802.584s][info][gc,task     ] GC(85) Using 2 of 4 workers for concurrent reset
[802.584s][info][gc,ergo     ] GC(85) Pacer for Reset. Non-Taxable: 8192M
[802.598s][info][gc          ] GC(85) Concurrent reset 14.588ms
[802.598s][info][gc,start    ] GC(85) Pause Init Mark (unload classes)
[802.598s][info][gc,task     ] GC(85) Using 4 of 4 workers for init marking
[802.598s][info][gc,ergo     ] GC(85) Pacer for Mark. Expected Live: 477M, Free: 814M, Non-Taxable: 83403K, Alloc Tax Rate: 0.7x
[802.598s][info][gc          ] GC(85) Pause Init Mark (unload classes) 0.102ms
[802.598s][info][gc,start    ] GC(85) Concurrent marking roots
[802.599s][info][gc,task     ] GC(85) Using 2 of 4 workers for concurrent marking roots
[802.599s][info][gc          ] GC(85) Concurrent marking roots 0.888ms
[802.599s][info][gc,start    ] GC(85) Concurrent marking (unload classes)
[802.599s][info][gc,task     ] GC(85) Using 2 of 4 workers for concurrent marking
[802.833s][info][gc          ] GC(85) Concurrent marking (unload classes) 233.406ms
[802.833s][info][gc,start    ] GC(85) Pause Final Mark (unload classes)
[802.833s][info][gc,task     ] GC(85) Using 4 of 4 workers for final marking
[802.833s][info][gc,ergo     ] GC(85) Adaptive CSet Selection. Target Free: 1160M, Actual Free: 3133M, Max CSet: 341M, Min Garbage: 0B
[802.833s][info][gc,ergo     ] GC(85) Collectable Garbage: 6435M (99%), Immediate: 2065M (31%), CSet: 4369M (67%)
[802.833s][info][gc,ergo     ] GC(85) Pacer for Evacuation. Used CSet: 4456M, Free: 2740M, Non-Taxable: 274M, Alloc Tax Rate: 4.0x
[802.833s][info][gc          ] GC(85) Pause Final Mark (unload classes) 0.387ms
[802.833s][info][gc,start    ] GC(85) Concurrent thread roots
[802.833s][info][gc,task     ] GC(85) Using 2 of 4 workers for Concurrent thread roots
[802.834s][info][gc          ] GC(85) Concurrent thread roots 0.793ms
[802.834s][info][gc,start    ] GC(85) Concurrent weak references
[802.834s][info][gc,task     ] GC(85) Using 2 of 4 workers for concurrent weak references
[802.835s][info][gc,ref      ] GC(85) Encountered references: Soft: 6090, Weak: 23366, Final: 34, Phantom: 895
[802.835s][info][gc,ref      ] GC(85) Discovered  references: Soft: 0, Weak: 11945, Final: 1, Phantom: 633
[802.835s][info][gc,ref      ] GC(85) Enqueued    references: Soft: 0, Weak: 1, Final: 0, Phantom: 0
[802.835s][info][gc          ] GC(85) Concurrent weak references 0.722ms
[802.835s][info][gc,start    ] GC(85) Concurrent weak roots
[802.835s][info][gc,task     ] GC(85) Using 2 of 4 workers for concurrent weak root
[802.838s][info][gc          ] GC(85) Concurrent weak roots 2.849ms
[802.838s][info][gc,start    ] GC(85) Concurrent cleanup
[802.838s][info][gc          ] GC(85) Concurrent cleanup 7114M->5048M(8192M) 0.041ms
[802.838s][info][gc,ergo     ] GC(85) Free: 2731M, Max: 4096K regular, 344M humongous, Frag: 88% external, 0% internal; Reserve: 411M, Max: 4096K
[802.838s][info][gc,start    ] GC(85) Concurrent class unloading
[802.838s][info][gc,task     ] GC(85) Using 2 of 4 workers for concurrent class unloading
[802.843s][info][gc          ] GC(85) Concurrent class unloading 4.984ms
[802.843s][info][gc,start    ] GC(85) Concurrent strong roots
[802.843s][info][gc,task     ] GC(85) Using 2 of 4 workers for concurrent strong root
[802.843s][info][gc          ] GC(85) Concurrent strong roots 0.284ms
[802.843s][info][gc,start    ] GC(85) Concurrent evacuation
[802.843s][info][gc,task     ] GC(85) Using 2 of 4 workers for concurrent evacuation
[802.884s][info][gc          ] GC(85) Concurrent evacuation 40.698ms
[802.884s][info][gc,start    ] GC(85) Pause Init Update Refs
[802.884s][info][gc,ergo     ] GC(85) Pacer for Update Refs. Used: 5156M, Free: 2711M, Non-Taxable: 271M, Alloc Tax Rate: 2.3x
[802.884s][info][gc          ] GC(85) Pause Init Update Refs 0.046ms
[802.884s][info][gc,start    ] GC(85) Concurrent update references
[802.884s][info][gc,task     ] GC(85) Using 2 of 4 workers for concurrent reference update
[803.031s][info][gc          ] GC(85) Concurrent update references 147.333ms
[803.031s][info][gc,start    ] GC(85) Concurrent update thread roots
[803.033s][info][gc          ] GC(85) Concurrent update thread roots 1.284ms
[803.033s][info][gc,start    ] GC(85) Pause Final Update Refs
[803.033s][info][gc,task     ] GC(85) Using 4 of 4 workers for final reference update
[803.033s][info][gc          ] GC(85) Pause Final Update Refs 0.106ms
[803.033s][info][gc,start    ] GC(85) Concurrent cleanup
[803.033s][info][gc          ] GC(85) Concurrent cleanup 5212M->756M(8192M) 0.063ms
[803.033s][info][gc,ergo     ] Free: 7023M, Max: 4096K regular, 5740M humongous, Frag: 19% external, 0% internal; Reserve: 412M, Max: 4096K
[803.033s][info][gc,stats    ] 
[803.033s][info][gc,stats    ] All times are wall-clock times, except per-root-class counters, that are sum over
[803.033s][info][gc,stats    ] all workers. Dividing the <total> over the root stage time estimates parallelism.
[803.033s][info][gc,stats    ] 
[803.033s][info][gc,stats    ] Concurrent Reset                  14647 us
[803.033s][info][gc,stats    ] Pause Init Mark (G)                 140 us
[803.033s][info][gc,stats    ] Pause Init Mark (N)                 116 us
[803.033s][info][gc,stats    ]   Update Region States               36 us
[803.033s][info][gc,stats    ] Concurrent Mark Roots               907 us, parallelism: 1.65x
[803.033s][info][gc,stats    ]   CMR: <total>                     1496 us
[803.033s][info][gc,stats    ]   CMR: Thread Roots                1352 us, workers (us): 740, 612, ---, ---, 
[803.033s][info][gc,stats    ]   CMR: VM Strong Roots               17 us, workers (us):   9,   8, ---, ---, 
[803.033s][info][gc,stats    ]   CMR: CLDG Roots                   127 us, workers (us): ---, 127, ---, ---, 
[803.033s][info][gc,stats    ] Concurrent Marking               233454 us
[803.033s][info][gc,stats    ] Pause Final Mark (G)                425 us
[803.033s][info][gc,stats    ] Pause Final Mark (N)                398 us
[803.033s][info][gc,stats    ]   Finish Mark                        48 us
[803.033s][info][gc,stats    ]   Update Region States               68 us
[803.033s][info][gc,stats    ]   Choose Collection Set             200 us
[803.033s][info][gc,stats    ]   Rebuild Free Set                   12 us
[803.033s][info][gc,stats    ] Concurrent Thread Roots             810 us, parallelism: 1.77x
[803.033s][info][gc,stats    ]   CTR: <total>                     1432 us
[803.033s][info][gc,stats    ]   CTR: Thread Roots                1432 us, workers (us): 721, 711, ---, ---, 
[803.033s][info][gc,stats    ] Concurrent Weak References          734 us, parallelism: 0.99x
[803.033s][info][gc,stats    ]   CWRF: <total>                     728 us
[803.033s][info][gc,stats    ]   CWRF: Weak References             728 us, workers (us): 100, 628, ---, ---, 
[803.033s][info][gc,stats    ] Concurrent Weak Roots              2871 us
[803.033s][info][gc,stats    ]   Roots                            2747 us, parallelism: 1.87x
[803.033s][info][gc,stats    ]     CWR: <total>                   5127 us
[803.033s][info][gc,stats    ]     CWR: Code Cache Roots          3438 us, workers (us): 1701, 1737, ---, ---, 
[803.033s][info][gc,stats    ]     CWR: VM Weak Roots             1619 us, workers (us): 809, 809, ---, ---, 
[803.033s][info][gc,stats    ]     CWR: CLDG Roots                  70 us, workers (us):  70, ---, ---, ---, 
[803.033s][info][gc,stats    ]   Rendezvous                         80 us
[803.033s][info][gc,stats    ] Concurrent Cleanup                   54 us
[803.033s][info][gc,stats    ] Concurrent Class Unloading         5013 us
[803.033s][info][gc,stats    ]   Unlink Stale                     4704 us
[803.033s][info][gc,stats    ]     System Dictionary                43 us
[803.033s][info][gc,stats    ]     Weak Class Links                  0 us
[803.033s][info][gc,stats    ]     Code Roots                     4660 us
[803.033s][info][gc,stats    ]   Rendezvous                        127 us
[803.033s][info][gc,stats    ]   Purge Unlinked                    130 us
[803.033s][info][gc,stats    ]     Code Roots                      126 us
[803.033s][info][gc,stats    ]     CLDG                              4 us
[803.033s][info][gc,stats    ]     Exception Caches                  0 us
[803.033s][info][gc,stats    ] Concurrent Strong Roots             298 us, parallelism: 0.68x
[803.033s][info][gc,stats    ]   CSR: <total>                      203 us
[803.033s][info][gc,stats    ]   CSR: VM Strong Roots                8 us, workers (us):   8,   0, ---, ---, 
[803.033s][info][gc,stats    ]   CSR: CLDG Roots                   195 us, workers (us): 195, ---, ---, ---, 
[803.033s][info][gc,stats    ] Concurrent Evacuation             40746 us
[803.033s][info][gc,stats    ] Pause Init Update Refs (G)           86 us
[803.033s][info][gc,stats    ] Pause Init Update Refs (N)           56 us
[803.033s][info][gc,stats    ]   Manage GCLABs                       5 us
[803.033s][info][gc,stats    ] Concurrent Update Refs           147377 us
[803.033s][info][gc,stats    ] Concurrent Update Thread Roots     1310 us
[803.033s][info][gc,stats    ] Pause Final Update Refs (G)         158 us
[803.033s][info][gc,stats    ] Pause Final Update Refs (N)         131 us
[803.033s][info][gc,stats    ]   Update Region States               38 us
[803.033s][info][gc,stats    ]   Trash Collection Set               15 us
[803.034s][info][gc,stats    ]   Rebuild Free Set                   12 us
[803.034s][info][gc,stats    ] Concurrent Cleanup                   79 us
[803.034s][info][gc,stats    ] 
[803.034s][info][gc,stats    ] Allocation pacing accrued:
[803.034s][info][gc,stats    ]       0 of  9933 ms (  0.0%): <total>
[803.034s][info][gc,stats    ]       0 of  9933 ms (  0.0%): <average total>
[803.034s][info][gc,stats    ] 
[803.034s][info][gc,metaspace] Metaspace: 134894K(136256K)->134894K(136256K) NonClass: 113977K(114752K)->113977K(114752K) Class: 20917K(21504K)->20917K(21504K)
[803.034s][info][gc,ergo     ] Pacer for Idle. Initial: 163M, Alloc Tax Rate: 1.0x
[812.142s][info][gc          ] Trigger: Free (816M) is below minimum threshold (819M)
[812.142s][info][gc,ergo     ] Free: 816M, Max: 4096K regular, 356M humongous, Frag: 56% external, 0% internal; Reserve: 412M, Max: 4096K
[812.142s][info][gc,start    ] GC(86) Concurrent reset
[812.142s][info][gc,task     ] GC(86) Using 2 of 4 workers for concurrent reset
[812.142s][info][gc,ergo     ] GC(86) Pacer for Reset. Non-Taxable: 8192M
[812.160s][info][gc          ] GC(86) Concurrent reset 18.342ms
[812.161s][info][gc,start    ] GC(86) Pause Init Mark (unload classes)
[812.161s][info][gc,task     ] GC(86) Using 4 of 4 workers for init marking
[812.161s][info][gc,ergo     ] GC(86) Pacer for Mark. Expected Live: 479M, Free: 808M, Non-Taxable: 82788K, Alloc Tax Rate: 0.7x
[812.161s][info][gc          ] GC(86) Pause Init Mark (unload classes) 0.357ms
[812.161s][info][gc,start    ] GC(86) Concurrent marking roots
[812.161s][info][gc,task     ] GC(86) Using 2 of 4 workers for concurrent marking roots
[812.162s][info][gc          ] GC(86) Concurrent marking roots 1.343ms
[812.162s][info][gc,start    ] GC(86) Concurrent marking (unload classes)
[812.162s][info][gc,task     ] GC(86) Using 2 of 4 workers for concurrent marking
[812.400s][info][gc          ] GC(86) Concurrent marking (unload classes) 237.667ms
[812.400s][info][gc,start    ] GC(86) Pause Final Mark (unload classes)
[812.400s][info][gc,task     ] GC(86) Using 4 of 4 workers for final marking
[812.400s][info][gc,ergo     ] GC(86) Adaptive CSet Selection. Target Free: 1160M, Actual Free: 2160M, Max CSet: 341M, Min Garbage: 0B
[812.400s][info][gc,ergo     ] GC(86) Collectable Garbage: 6439M (99%), Immediate: 1220M (18%), CSet: 5219M (80%)
[812.400s][info][gc,ergo     ] GC(86) Pacer for Evacuation. Used CSet: 5300M, Free: 1761M, Non-Taxable: 176M, Alloc Tax Rate: 7.4x
[812.400s][info][gc          ] GC(86) Pause Final Mark (unload classes) 0.245ms
[812.400s][info][gc,start    ] GC(86) Concurrent thread roots
[812.400s][info][gc,task     ] GC(86) Using 2 of 4 workers for Concurrent thread roots
[812.401s][info][gc          ] GC(86) Concurrent thread roots 0.718ms
[812.401s][info][gc,start    ] GC(86) Concurrent weak references
[812.401s][info][gc,task     ] GC(86) Using 2 of 4 workers for concurrent weak references
[812.401s][info][gc,ref      ] GC(86) Encountered references: Soft: 6090, Weak: 23372, Final: 34, Phantom: 901
[812.401s][info][gc,ref      ] GC(86) Discovered  references: Soft: 0, Weak: 15576, Final: 1, Phantom: 773
[812.402s][info][gc,ref      ] GC(86) Enqueued    references: Soft: 0, Weak: 4, Final: 0, Phantom: 0
[812.402s][info][gc          ] GC(86) Concurrent weak references 0.491ms
[812.402s][info][gc,start    ] GC(86) Concurrent weak roots
[812.402s][info][gc,task     ] GC(86) Using 2 of 4 workers for concurrent weak root
[812.404s][info][gc          ] GC(86) Concurrent weak roots 2.532ms
[812.404s][info][gc,start    ] GC(86) Concurrent cleanup
[812.404s][info][gc          ] GC(86) Concurrent cleanup 7247M->6027M(8192M) 0.032ms
[812.404s][info][gc,ergo     ] GC(86) Free: 1752M, Max: 4096K regular, 356M humongous, Frag: 80% external, 0% internal; Reserve: 411M, Max: 4096K
[812.404s][info][gc,start    ] GC(86) Concurrent class unloading
[812.404s][info][gc,task     ] GC(86) Using 2 of 4 workers for concurrent class unloading
[812.409s][info][gc          ] GC(86) Concurrent class unloading 5.080ms
[812.409s][info][gc,start    ] GC(86) Concurrent strong roots
[812.409s][info][gc,task     ] GC(86) Using 2 of 4 workers for concurrent strong root
[812.410s][info][gc          ] GC(86) Concurrent strong roots 0.272ms
[812.410s][info][gc,start    ] GC(86) Concurrent evacuation
[812.410s][info][gc,task     ] GC(86) Using 2 of 4 workers for concurrent evacuation
[812.461s][info][gc          ] GC(86) Concurrent evacuation 51.195ms
[812.461s][info][gc,start    ] GC(86) Pause Init Update Refs
[812.461s][info][gc,ergo     ] GC(86) Pacer for Update Refs. Used: 6131M, Free: 1732M, Non-Taxable: 173M, Alloc Tax Rate: 4.3x
[812.461s][info][gc          ] GC(86) Pause Init Update Refs 0.060ms
[812.461s][info][gc,start    ] GC(86) Concurrent update references
[812.461s][info][gc,task     ] GC(86) Using 2 of 4 workers for concurrent reference update
[812.623s][info][gc          ] GC(86) Concurrent update references 162.278ms
[812.623s][info][gc,start    ] GC(86) Concurrent update thread roots
[812.625s][info][gc          ] GC(86) Concurrent update thread roots 1.379ms
[812.625s][info][gc,start    ] GC(86) Pause Final Update Refs
[812.625s][info][gc,task     ] GC(86) Using 4 of 4 workers for final reference update
[812.625s][info][gc          ] GC(86) Pause Final Update Refs 0.187ms
[812.625s][info][gc,start    ] GC(86) Concurrent cleanup
[812.625s][info][gc          ] GC(86) Concurrent cleanup 6291M->991M(8192M) 0.073ms
[812.625s][info][gc,ergo     ] Free: 6788M, Max: 4096K regular, 5608M humongous, Frag: 18% external, 0% internal; Reserve: 412M, Max: 4096K
[812.625s][info][gc,stats    ] 
[812.625s][info][gc,stats    ] All times are wall-clock times, except per-root-class counters, that are sum over
[812.625s][info][gc,stats    ] all workers. Dividing the <total> over the root stage time estimates parallelism.
[812.625s][info][gc,stats    ] 
[812.625s][info][gc,stats    ] Concurrent Reset                  18416 us
[812.625s][info][gc,stats    ] Pause Init Mark (G)                 498 us
[812.625s][info][gc,stats    ] Pause Init Mark (N)                 369 us
[812.625s][info][gc,stats    ]   Update Region States               68 us
[812.625s][info][gc,stats    ] Concurrent Mark Roots              1364 us, parallelism: 1.69x
[812.625s][info][gc,stats    ]   CMR: <total>                     2304 us
[812.625s][info][gc,stats    ]   CMR: Thread Roots                2119 us, workers (us): 985, 1134, ---, ---, 
[812.625s][info][gc,stats    ]   CMR: VM Strong Roots               23 us, workers (us):  22,   0, ---, ---, 
[812.625s][info][gc,stats    ]   CMR: CLDG Roots                   162 us, workers (us): 162, ---, ---, ---, 
[812.625s][info][gc,stats    ] Concurrent Marking               237712 us
[812.625s][info][gc,stats    ] Pause Final Mark (G)                282 us
[812.625s][info][gc,stats    ] Pause Final Mark (N)                256 us
[812.625s][info][gc,stats    ]   Finish Mark                        18 us
[812.625s][info][gc,stats    ]   Update Region States               15 us
[812.625s][info][gc,stats    ]   Choose Collection Set             146 us
[812.625s][info][gc,stats    ]   Rebuild Free Set                    9 us
[812.625s][info][gc,stats    ] Concurrent Thread Roots             740 us, parallelism: 1.82x
[812.625s][info][gc,stats    ]   CTR: <total>                     1345 us
[812.625s][info][gc,stats    ]   CTR: Thread Roots                1345 us, workers (us): 672, 673, ---, ---, 
[812.625s][info][gc,stats    ] Concurrent Weak References          503 us, parallelism: 1.27x
[812.625s][info][gc,stats    ]   CWRF: <total>                     638 us
[812.625s][info][gc,stats    ]   CWRF: Weak References             638 us, workers (us): 420, 218, ---, ---, 
[812.625s][info][gc,stats    ] Concurrent Weak Roots              2553 us
[812.625s][info][gc,stats    ]   Roots                            2488 us, parallelism: 1.92x
[812.625s][info][gc,stats    ]     CWR: <total>                   4776 us
[812.625s][info][gc,stats    ]     CWR: Code Cache Roots          3261 us, workers (us): 1583, 1678, ---, ---, 
[812.625s][info][gc,stats    ]     CWR: VM Weak Roots             1465 us, workers (us): 733, 733, ---, ---, 
[812.625s][info][gc,stats    ]     CWR: CLDG Roots                  49 us, workers (us):  49, ---, ---, ---, 
[812.625s][info][gc,stats    ]   Rendezvous                         23 us
[812.625s][info][gc,stats    ] Concurrent Cleanup                   45 us
[812.625s][info][gc,stats    ] Concurrent Class Unloading         5106 us
[812.625s][info][gc,stats    ]   Unlink Stale                     4879 us
[812.625s][info][gc,stats    ]     System Dictionary                36 us
[812.625s][info][gc,stats    ]     Weak Class Links                  0 us
[812.625s][info][gc,stats    ]     Code Roots                     4843 us
[812.625s][info][gc,stats    ]   Rendezvous                         65 us
[812.625s][info][gc,stats    ]   Purge Unlinked                    113 us
[812.625s][info][gc,stats    ]     Code Roots                      108 us
[812.625s][info][gc,stats    ]     CLDG                              4 us
[812.625s][info][gc,stats    ] Concurrent Strong Roots             292 us, parallelism: 0.71x
[812.626s][info][gc,stats    ]   CSR: <total>                      207 us
[812.626s][info][gc,stats    ]   CSR: VM Strong Roots                8 us, workers (us):   4,   4, ---, ---, 
[812.626s][info][gc,stats    ]   CSR: CLDG Roots                   199 us, workers (us): 199, ---, ---, ---, 
[812.626s][info][gc,stats    ] Concurrent Evacuation             51242 us
[812.626s][info][gc,stats    ] Pause Init Update Refs (G)          107 us
[812.626s][info][gc,stats    ] Pause Init Update Refs (N)           74 us
[812.626s][info][gc,stats    ]   Manage GCLABs                       6 us
[812.626s][info][gc,stats    ] Concurrent Update Refs           162310 us
[812.626s][info][gc,stats    ] Concurrent Update Thread Roots     1405 us
[812.626s][info][gc,stats    ] Pause Final Update Refs (G)         302 us
[812.626s][info][gc,stats    ] Pause Final Update Refs (N)         209 us
[812.626s][info][gc,stats    ]   Update Region States              106 us
[812.626s][info][gc,stats    ]   Trash Collection Set               26 us
[812.626s][info][gc,stats    ]   Rebuild Free Set                   15 us
[812.626s][info][gc,stats    ] Concurrent Cleanup                   88 us
[812.626s][info][gc,stats    ] 
[812.626s][info][gc,stats    ] Allocation pacing accrued:
[812.626s][info][gc,stats    ]       0 of  9592 ms (  0.0%): <total>
[812.626s][info][gc,stats    ]       0 of  9592 ms (  0.0%): <average total>
[812.626s][info][gc,stats    ] 
[812.626s][info][gc,metaspace] Metaspace: 134894K(136256K)->134895K(136256K) NonClass: 113977K(114752K)->113978K(114752K) Class: 20917K(21504K)->20917K(21504K)
[812.626s][info][gc,ergo     ] Pacer for Idle. Initial: 163M, Alloc Tax Rate: 1.0x
[820.898s][info][gc          ] Trigger: Free (816M) is below minimum threshold (819M)
[820.898s][info][gc,ergo     ] Free: 816M, Max: 4096K regular, 364M humongous, Frag: 55% external, 0% internal; Reserve: 412M, Max: 4096K
[820.899s][info][gc,start    ] GC(87) Concurrent reset
[820.899s][info][gc,task     ] GC(87) Using 2 of 4 workers for concurrent reset
[820.899s][info][gc,ergo     ] GC(87) Pacer for Reset. Non-Taxable: 8192M
[820.918s][info][gc          ] GC(87) Concurrent reset 19.366ms
[820.918s][info][gc,start    ] GC(87) Pause Init Mark (unload classes)
[820.918s][info][gc,task     ] GC(87) Using 4 of 4 workers for init marking
[820.918s][info][gc,ergo     ] GC(87) Pacer for Mark. Expected Live: 482M, Free: 792M, Non-Taxable: 81184K, Alloc Tax Rate: 0.7x
[820.918s][info][gc          ] GC(87) Pause Init Mark (unload classes) 0.118ms
[820.918s][info][gc,start    ] GC(87) Concurrent marking roots
[820.918s][info][gc,task     ] GC(87) Using 2 of 4 workers for concurrent marking roots
[820.919s][info][gc          ] GC(87) Concurrent marking roots 1.013ms
[820.919s][info][gc,start    ] GC(87) Concurrent marking (unload classes)
[820.919s][info][gc,task     ] GC(87) Using 2 of 4 workers for concurrent marking
[821.165s][info][gc          ] GC(87) Concurrent marking (unload classes) 245.359ms
[821.165s][info][gc,start    ] GC(87) Pause Final Mark (unload classes)
[821.165s][info][gc,task     ] GC(87) Using 4 of 4 workers for final marking
[821.165s][info][gc,ergo     ] GC(87) Adaptive CSet Selection. Target Free: 1160M, Actual Free: 2872M, Max CSet: 341M, Min Garbage: 0B
[821.165s][info][gc,ergo     ] GC(87) Collectable Garbage: 6446M (99%), Immediate: 1976M (30%), CSet: 4470M (68%)
[821.165s][info][gc,ergo     ] GC(87) Pacer for Evacuation. Used CSet: 4560M, Free: 2473M, Non-Taxable: 247M, Alloc Tax Rate: 4.5x
[821.165s][info][gc          ] GC(87) Pause Final Mark (unload classes) 0.265ms
[821.165s][info][gc,start    ] GC(87) Concurrent thread roots
[821.165s][info][gc,task     ] GC(87) Using 2 of 4 workers for Concurrent thread roots
[821.166s][info][gc          ] GC(87) Concurrent thread roots 0.724ms
[821.166s][info][gc,start    ] GC(87) Concurrent weak references
[821.166s][info][gc,task     ] GC(87) Using 2 of 4 workers for concurrent weak references
[821.166s][info][gc,ref      ] GC(87) Encountered references: Soft: 6090, Weak: 23370, Final: 34, Phantom: 904
[821.166s][info][gc,ref      ] GC(87) Discovered  references: Soft: 0, Weak: 4630, Final: 0, Phantom: 638
[821.166s][info][gc,ref      ] GC(87) Enqueued    references: Soft: 0, Weak: 2, Final: 0, Phantom: 0
[821.166s][info][gc          ] GC(87) Concurrent weak references 0.326ms
[821.166s][info][gc,start    ] GC(87) Concurrent weak roots
[821.166s][info][gc,task     ] GC(87) Using 2 of 4 workers for concurrent weak root
[821.169s][info][gc          ] GC(87) Concurrent weak roots 2.904ms
[821.169s][info][gc,start    ] GC(87) Concurrent cleanup
[821.169s][info][gc          ] GC(87) Concurrent cleanup 7291M->5315M(8192M) 0.040ms
[821.169s][info][gc,ergo     ] GC(87) Free: 2464M, Max: 4096K regular, 364M humongous, Frag: 86% external, 0% internal; Reserve: 411M, Max: 4096K
[821.169s][info][gc,start    ] GC(87) Concurrent class unloading
[821.169s][info][gc,task     ] GC(87) Using 2 of 4 workers for concurrent class unloading
[821.174s][info][gc          ] GC(87) Concurrent class unloading 5.170ms
[821.174s][info][gc,start    ] GC(87) Concurrent strong roots
[821.174s][info][gc,task     ] GC(87) Using 2 of 4 workers for concurrent strong root
[821.175s][info][gc          ] GC(87) Concurrent strong roots 0.376ms
[821.175s][info][gc,start    ] GC(87) Concurrent evacuation
[821.175s][info][gc,task     ] GC(87) Using 2 of 4 workers for concurrent evacuation
[821.216s][info][gc          ] GC(87) Concurrent evacuation 41.117ms
[821.216s][info][gc,start    ] GC(87) Pause Init Update Refs
[821.216s][info][gc,ergo     ] GC(87) Pacer for Update Refs. Used: 5439M, Free: 2436M, Non-Taxable: 243M, Alloc Tax Rate: 2.7x
[821.216s][info][gc          ] GC(87) Pause Init Update Refs 0.050ms
[821.216s][info][gc,start    ] GC(87) Concurrent update references
[821.216s][info][gc,task     ] GC(87) Using 2 of 4 workers for concurrent reference update
[821.391s][info][gc          ] GC(87) Concurrent update references 174.701ms
[821.391s][info][gc,start    ] GC(87) Concurrent update thread roots
[821.392s][info][gc          ] GC(87) Concurrent update thread roots 1.278ms
[821.392s][info][gc,start    ] GC(87) Pause Final Update Refs
[821.392s][info][gc,task     ] GC(87) Using 4 of 4 workers for final reference update
[821.392s][info][gc          ] GC(87) Pause Final Update Refs 0.144ms
[821.392s][info][gc,start    ] GC(87) Concurrent cleanup
[821.392s][info][gc          ] GC(87) Concurrent cleanup 5539M->979M(8192M) 0.058ms
[821.392s][info][gc,ergo     ] Free: 6800M, Max: 4096K regular, 5624M humongous, Frag: 18% external, 0% internal; Reserve: 412M, Max: 4096K
[821.392s][info][gc,stats    ] 
[821.392s][info][gc,stats    ] All times are wall-clock times, except per-root-class counters, that are sum over
[821.392s][info][gc,stats    ] all workers. Dividing the <total> over the root stage time estimates parallelism.
[821.392s][info][gc,stats    ] 
[821.392s][info][gc,stats    ] Concurrent Reset                  19428 us
[821.392s][info][gc,stats    ] Pause Init Mark (G)                 164 us
[821.392s][info][gc,stats    ] Pause Init Mark (N)                 129 us
[821.392s][info][gc,stats    ]   Update Region States               55 us
[821.392s][info][gc,stats    ] Concurrent Mark Roots              1031 us, parallelism: 1.65x
[821.392s][info][gc,stats    ]   CMR: <total>                     1703 us
[821.392s][info][gc,stats    ]   CMR: Thread Roots                1555 us, workers (us): 846, 709, ---, ---, 
[821.392s][info][gc,stats    ]   CMR: VM Strong Roots               16 us, workers (us):   9,   8, ---, ---, 
[821.392s][info][gc,stats    ]   CMR: CLDG Roots                   131 us, workers (us): ---, 131, ---, ---, 
[821.392s][info][gc,stats    ] Concurrent Marking               245393 us
[821.392s][info][gc,stats    ] Pause Final Mark (G)                382 us
[821.392s][info][gc,stats    ] Pause Final Mark (N)                276 us
[821.392s][info][gc,stats    ]   Finish Mark                        20 us
[821.392s][info][gc,stats    ]   Update Region States               37 us
[821.392s][info][gc,stats    ]   Choose Collection Set             143 us
[821.392s][info][gc,stats    ]   Rebuild Free Set                   10 us
[821.392s][info][gc,stats    ] Concurrent Thread Roots             744 us, parallelism: 1.82x
[821.392s][info][gc,stats    ]   CTR: <total>                     1352 us
[821.393s][info][gc,stats    ]   CTR: Thread Roots                1352 us, workers (us): 671, 681, ---, ---, 
[821.393s][info][gc,stats    ] Concurrent Weak References          337 us, parallelism: 0.93x
[821.393s][info][gc,stats    ]   CWRF: <total>                     312 us
[821.393s][info][gc,stats    ]   CWRF: Weak References             312 us, workers (us):  64, 248, ---, ---, 
[821.393s][info][gc,stats    ] Concurrent Weak Roots              2924 us
[821.393s][info][gc,stats    ]   Roots                            2857 us, parallelism: 1.93x
[821.393s][info][gc,stats    ]     CWR: <total>                   5519 us
[821.393s][info][gc,stats    ]     CWR: Code Cache Roots          3963 us, workers (us): 1941, 2021, ---, ---, 
[821.393s][info][gc,stats    ]     CWR: VM Weak Roots             1484 us, workers (us): 742, 742, ---, ---, 
[821.393s][info][gc,stats    ]     CWR: CLDG Roots                  72 us, workers (us):  72, ---, ---, ---, 
[821.393s][info][gc,stats    ]   Rendezvous                         25 us
[821.393s][info][gc,stats    ] Concurrent Cleanup                   53 us
[821.393s][info][gc,stats    ] Concurrent Class Unloading         5199 us
[821.393s][info][gc,stats    ]   Unlink Stale                     4990 us
[821.393s][info][gc,stats    ]     System Dictionary                60 us
[821.393s][info][gc,stats    ]     Weak Class Links                  0 us
[821.393s][info][gc,stats    ]     Code Roots                     4928 us
[821.393s][info][gc,stats    ]   Rendezvous                         64 us
[821.393s][info][gc,stats    ]   Purge Unlinked                     93 us
[821.393s][info][gc,stats    ]     Code Roots                       90 us
[821.393s][info][gc,stats    ]     CLDG                              3 us
[821.393s][info][gc,stats    ]     Exception Caches                  0 us
[821.393s][info][gc,stats    ] Concurrent Strong Roots             399 us, parallelism: 0.62x
[821.393s][info][gc,stats    ]   CSR: <total>                      248 us
[821.393s][info][gc,stats    ]   CSR: VM Strong Roots               10 us, workers (us):   5,   5, ---, ---, 
[821.393s][info][gc,stats    ]   CSR: CLDG Roots                   238 us, workers (us): ---, 238, ---, ---, 
[821.393s][info][gc,stats    ] Concurrent Evacuation             41166 us
[821.393s][info][gc,stats    ] Pause Init Update Refs (G)          148 us
[821.393s][info][gc,stats    ] Pause Init Update Refs (N)           61 us
[821.393s][info][gc,stats    ]   Manage GCLABs                       8 us
[821.393s][info][gc,stats    ] Concurrent Update Refs           174740 us
[821.393s][info][gc,stats    ] Concurrent Update Thread Roots     1303 us
[821.393s][info][gc,stats    ] Pause Final Update Refs (G)         195 us
[821.393s][info][gc,stats    ] Pause Final Update Refs (N)         167 us
[821.393s][info][gc,stats    ]   Update Region States               81 us
[821.393s][info][gc,stats    ]   Trash Collection Set               14 us
[821.393s][info][gc,stats    ]   Rebuild Free Set                   11 us
[821.393s][info][gc,stats    ] Concurrent Cleanup                   71 us
[821.393s][info][gc,stats    ] 
[821.393s][info][gc,stats    ] Allocation pacing accrued:
[821.393s][info][gc,stats    ]       0 of  8767 ms (  0.0%): <total>
[821.393s][info][gc,stats    ]       0 of  8767 ms (  0.0%): <average total>
[821.393s][info][gc,stats    ] 
[821.393s][info][gc,metaspace] Metaspace: 134902K(136256K)->134902K(136256K) NonClass: 113985K(114752K)->113985K(114752K) Class: 20917K(21504K)->20917K(21504K)
[821.393s][info][gc,ergo     ] Pacer for Idle. Initial: 163M, Alloc Tax Rate: 1.0x
[830.977s][info][gc          ] Trigger: Free (813M) is below minimum threshold (819M)
[830.977s][info][gc,ergo     ] Free: 813M, Max: 4096K regular, 344M humongous, Frag: 57% external, 1% internal; Reserve: 412M, Max: 4096K
[830.977s][info][gc,start    ] GC(88) Concurrent reset
[830.977s][info][gc,task     ] GC(88) Using 2 of 4 workers for concurrent reset
[830.977s][info][gc,ergo     ] GC(88) Pacer for Reset. Non-Taxable: 8192M
[830.989s][info][gc          ] GC(88) Concurrent reset 11.394ms
[830.989s][info][gc,start    ] GC(88) Pause Init Mark (unload classes)
[830.989s][info][gc,task     ] GC(88) Using 4 of 4 workers for init marking
[830.989s][info][gc,ergo     ] GC(88) Pacer for Mark. Expected Live: 488M, Free: 812M, Non-Taxable: 83250K, Alloc Tax Rate: 0.7x
[830.989s][info][gc          ] GC(88) Pause Init Mark (unload classes) 0.087ms
[830.989s][info][gc,start    ] GC(88) Concurrent marking roots
[830.989s][info][gc,task     ] GC(88) Using 2 of 4 workers for concurrent marking roots
[830.990s][info][gc          ] GC(88) Concurrent marking roots 0.935ms
[830.990s][info][gc,start    ] GC(88) Concurrent marking (unload classes)
[830.990s][info][gc,task     ] GC(88) Using 2 of 4 workers for concurrent marking
[831.220s][info][gc          ] GC(88) Concurrent marking (unload classes) 230.094ms
[831.220s][info][gc,start    ] GC(88) Pause Final Mark (unload classes)
[831.220s][info][gc,task     ] GC(88) Using 4 of 4 workers for final marking
[831.220s][info][gc,ergo     ] GC(88) Adaptive CSet Selection. Target Free: 1160M, Actual Free: 3624M, Max CSet: 341M, Min Garbage: 0B
[831.220s][info][gc,ergo     ] GC(88) Collectable Garbage: 6459M (99%), Immediate: 2580M (39%), CSet: 3879M (59%)
[831.220s][info][gc,ergo     ] GC(88) Pacer for Evacuation. Used CSet: 3940M, Free: 3232M, Non-Taxable: 323M, Alloc Tax Rate: 3.0x
[831.220s][info][gc          ] GC(88) Pause Final Mark (unload classes) 0.256ms
[831.221s][info][gc,start    ] GC(88) Concurrent thread roots
[831.221s][info][gc,task     ] GC(88) Using 2 of 4 workers for Concurrent thread roots
[831.221s][info][gc          ] GC(88) Concurrent thread roots 0.710ms
[831.221s][info][gc,start    ] GC(88) Concurrent weak references
[831.221s][info][gc,task     ] GC(88) Using 2 of 4 workers for concurrent weak references
[831.221s][info][gc,ref      ] GC(88) Encountered references: Soft: 6090, Weak: 23373, Final: 34, Phantom: 910
[831.221s][info][gc,ref      ] GC(88) Discovered  references: Soft: 0, Weak: 1210, Final: 0, Phantom: 648
[831.221s][info][gc,ref      ] GC(88) Enqueued    references: Soft: 0, Weak: 3, Final: 0, Phantom: 0
[831.221s][info][gc          ] GC(88) Concurrent weak references 0.199ms
[831.221s][info][gc,start    ] GC(88) Concurrent weak roots
[831.221s][info][gc,task     ] GC(88) Using 2 of 4 workers for concurrent weak root
[831.224s][info][gc          ] GC(88) Concurrent weak roots 2.815ms
[831.224s][info][gc,start    ] GC(88) Concurrent cleanup
[831.224s][info][gc          ] GC(88) Concurrent cleanup 7136M->4556M(8192M) 0.045ms
[831.224s][info][gc,ergo     ] GC(88) Free: 3224M, Max: 4096K regular, 344M humongous, Frag: 90% external, 0% internal; Reserve: 411M, Max: 4096K
[831.224s][info][gc,start    ] GC(88) Concurrent class unloading
[831.224s][info][gc,task     ] GC(88) Using 2 of 4 workers for concurrent class unloading
[831.229s][info][gc          ] GC(88) Concurrent class unloading 4.717ms
[831.229s][info][gc,start    ] GC(88) Concurrent strong roots
[831.229s][info][gc,task     ] GC(88) Using 2 of 4 workers for concurrent strong root
[831.229s][info][gc          ] GC(88) Concurrent strong roots 0.266ms
[831.229s][info][gc,start    ] GC(88) Concurrent evacuation
[831.229s][info][gc,task     ] GC(88) Using 2 of 4 workers for concurrent evacuation
[831.267s][info][gc          ] GC(88) Concurrent evacuation 37.906ms
[831.267s][info][gc,start    ] GC(88) Pause Init Update Refs
[831.267s][info][gc,ergo     ] GC(88) Pacer for Update Refs. Used: 4651M, Free: 3192M, Non-Taxable: 319M, Alloc Tax Rate: 1.8x
[831.267s][info][gc          ] GC(88) Pause Init Update Refs 0.045ms
[831.268s][info][gc,start    ] GC(88) Concurrent update references
[831.268s][info][gc,task     ] GC(88) Using 2 of 4 workers for concurrent reference update
[831.410s][info][gc          ] GC(88) Concurrent update references 142.111ms
[831.410s][info][gc,start    ] GC(88) Concurrent update thread roots
[831.411s][info][gc          ] GC(88) Concurrent update thread roots 1.202ms
[831.411s][info][gc,start    ] GC(88) Pause Final Update Refs
[831.411s][info][gc,task     ] GC(88) Using 4 of 4 workers for final reference update
[831.411s][info][gc          ] GC(88) Pause Final Update Refs 0.095ms
[831.411s][info][gc,start    ] GC(88) Concurrent cleanup
[831.411s][info][gc          ] GC(88) Concurrent cleanup 4751M->811M(8192M) 0.064ms
[831.411s][info][gc,ergo     ] Free: 6968M, Max: 4096K regular, 5612M humongous, Frag: 20% external, 0% internal; Reserve: 412M, Max: 4096K
[831.411s][info][gc,stats    ] 
[831.411s][info][gc,stats    ] All times are wall-clock times, except per-root-class counters, that are sum over
[831.411s][info][gc,stats    ] all workers. Dividing the <total> over the root stage time estimates parallelism.
[831.411s][info][gc,stats    ] 
[831.411s][info][gc,stats    ] Concurrent Reset                  11457 us
[831.411s][info][gc,stats    ] Pause Init Mark (G)                 171 us
[831.411s][info][gc,stats    ] Pause Init Mark (N)                 100 us
[831.411s][info][gc,stats    ]   Update Region States               18 us
[831.411s][info][gc,stats    ] Concurrent Mark Roots               952 us, parallelism: 1.56x
[831.411s][info][gc,stats    ]   CMR: <total>                     1483 us
[831.411s][info][gc,stats    ]   CMR: Thread Roots                1326 us, workers (us): 591, 735, ---, ---, 
[831.411s][info][gc,stats    ]   CMR: VM Strong Roots               15 us, workers (us):   7,   8, ---, ---, 
[831.411s][info][gc,stats    ]   CMR: CLDG Roots                   142 us, workers (us): 142, ---, ---, ---, 
[831.411s][info][gc,stats    ] Concurrent Marking               230139 us
[831.411s][info][gc,stats    ] Pause Final Mark (G)                331 us
[831.411s][info][gc,stats    ] Pause Final Mark (N)                267 us
[831.411s][info][gc,stats    ]   Finish Mark                        17 us
[831.411s][info][gc,stats    ]   Update Region States               42 us
[831.411s][info][gc,stats    ]   Choose Collection Set             129 us
[831.411s][info][gc,stats    ]   Rebuild Free Set                    9 us
[831.411s][info][gc,stats    ] Concurrent Thread Roots             732 us, parallelism: 1.79x
[831.411s][info][gc,stats    ]   CTR: <total>                     1314 us
[831.411s][info][gc,stats    ]   CTR: Thread Roots                1314 us, workers (us): 653, 661, ---, ---, 
[831.411s][info][gc,stats    ] Concurrent Weak References          223 us, parallelism: 0.51x
[831.411s][info][gc,stats    ]   CWRF: <total>                     114 us
[831.411s][info][gc,stats    ]   CWRF: Weak References             114 us, workers (us):  94,  20, ---, ---, 
[831.411s][info][gc,stats    ] Concurrent Weak Roots              2838 us
[831.411s][info][gc,stats    ]   Roots                            2732 us, parallelism: 1.92x
[831.411s][info][gc,stats    ]     CWR: <total>                   5246 us
[831.411s][info][gc,stats    ]     CWR: Code Cache Roots          3699 us, workers (us): 1810, 1889, ---, ---, 
[831.411s][info][gc,stats    ]     CWR: VM Weak Roots             1499 us, workers (us): 764, 735, ---, ---, 
[831.411s][info][gc,stats    ]     CWR: CLDG Roots                  48 us, workers (us):  48, ---, ---, ---, 
[831.411s][info][gc,stats    ]   Rendezvous                         58 us
[831.411s][info][gc,stats    ] Concurrent Cleanup                   59 us
[831.412s][info][gc,stats    ] Concurrent Class Unloading         4743 us
[831.412s][info][gc,stats    ]   Unlink Stale                     4529 us
[831.412s][info][gc,stats    ]     System Dictionary                41 us
[831.412s][info][gc,stats    ]     Weak Class Links                  0 us
[831.412s][info][gc,stats    ]     Code Roots                     4487 us
[831.412s][info][gc,stats    ]   Rendezvous                         73 us
[831.412s][info][gc,stats    ]   Purge Unlinked                     93 us
[831.412s][info][gc,stats    ]     Code Roots                       90 us
[831.412s][info][gc,stats    ]     CLDG                              3 us
[831.412s][info][gc,stats    ]     Exception Caches                  0 us
[831.412s][info][gc,stats    ] Concurrent Strong Roots             288 us, parallelism: 0.70x
[831.412s][info][gc,stats    ]   CSR: <total>                      201 us
[831.412s][info][gc,stats    ]   CSR: VM Strong Roots                8 us, workers (us):   7,   2, ---, ---, 
[831.412s][info][gc,stats    ]   CSR: CLDG Roots                   193 us, workers (us): ---, 193, ---, ---, 
[831.412s][info][gc,stats    ] Concurrent Evacuation             37949 us
[831.412s][info][gc,stats    ] Pause Init Update Refs (G)          143 us
[831.412s][info][gc,stats    ] Pause Init Update Refs (N)           56 us
[831.412s][info][gc,stats    ]   Manage GCLABs                       4 us
[831.412s][info][gc,stats    ] Concurrent Update Refs           142146 us
[831.412s][info][gc,stats    ] Concurrent Update Thread Roots     1227 us
[831.412s][info][gc,stats    ] Pause Final Update Refs (G)         136 us
[831.412s][info][gc,stats    ] Pause Final Update Refs (N)         109 us
[831.412s][info][gc,stats    ]   Update Region States               40 us
[831.412s][info][gc,stats    ]   Trash Collection Set               11 us
[831.412s][info][gc,stats    ]   Rebuild Free Set                   10 us
[831.412s][info][gc,stats    ] Concurrent Cleanup                   78 us
[831.412s][info][gc,stats    ] 
[831.412s][info][gc,stats    ] Allocation pacing accrued:
[831.412s][info][gc,stats    ]       0 of 10019 ms (  0.0%): <total>
[831.412s][info][gc,stats    ]       0 of 10019 ms (  0.0%): <average total>
[831.412s][info][gc,stats    ] 
[831.412s][info][gc,metaspace] Metaspace: 134906K(136256K)->134906K(136256K) NonClass: 113989K(114752K)->113989K(114752K) Class: 20917K(21504K)->20917K(21504K)
[831.412s][info][gc,ergo     ] Pacer for Idle. Initial: 163M, Alloc Tax Rate: 1.0x
[840.570s][info][gc          ] Trigger: Average GC time (506.62 ms) is above the time for average allocation rate (1047 MB/s) to deplete free headroom (466M) (margin of error = 1.86)
[840.570s][info][gc,ergo     ] Free headroom: 876M (free) - 409M (spike) - 0B (penalties) = 466M
[840.570s][info][gc,ergo     ] Free: 876M, Max: 4096K regular, 376M humongous, Frag: 57% external, 0% internal; Reserve: 412M, Max: 4096K
[840.570s][info][gc,start    ] GC(89) Concurrent reset
[840.570s][info][gc,task     ] GC(89) Using 2 of 4 workers for concurrent reset
[840.570s][info][gc,ergo     ] GC(89) Pacer for Reset. Non-Taxable: 8192M
[840.584s][info][gc          ] GC(89) Concurrent reset 13.981ms
[840.584s][info][gc,start    ] GC(89) Pause Init Mark (unload classes)
[840.585s][info][gc,task     ] GC(89) Using 4 of 4 workers for init marking
[840.585s][info][gc,ergo     ] GC(89) Pacer for Mark. Expected Live: 489M, Free: 860M, Non-Taxable: 88111K, Alloc Tax Rate: 0.7x
[840.585s][info][gc          ] GC(89) Pause Init Mark (unload classes) 0.114ms
[840.585s][info][gc,start    ] GC(89) Concurrent marking roots
[840.585s][info][gc,task     ] GC(89) Using 2 of 4 workers for concurrent marking roots
[840.586s][info][gc          ] GC(89) Concurrent marking roots 1.026ms
[840.586s][info][gc,start    ] GC(89) Concurrent marking (unload classes)
[840.586s][info][gc,task     ] GC(89) Using 2 of 4 workers for concurrent marking
[840.822s][info][gc          ] GC(89) Concurrent marking (unload classes) 236.477ms
[840.822s][info][gc,start    ] GC(89) Pause Final Mark (unload classes)
[840.822s][info][gc,task     ] GC(89) Using 4 of 4 workers for final marking
[840.822s][info][gc,ergo     ] GC(89) Adaptive CSet Selection. Target Free: 1160M, Actual Free: 2700M, Max CSet: 341M, Min Garbage: 0B
[840.822s][info][gc,ergo     ] GC(89) Collectable Garbage: 6386M (99%), Immediate: 1616M (25%), CSet: 4770M (74%)
[840.823s][info][gc,ergo     ] GC(89) Pacer for Evacuation. Used CSet: 4856M, Free: 2301M, Non-Taxable: 230M, Alloc Tax Rate: 5.2x
[840.823s][info][gc          ] GC(89) Pause Final Mark (unload classes) 0.304ms
[840.823s][info][gc,start    ] GC(89) Concurrent thread roots
[840.823s][info][gc,task     ] GC(89) Using 2 of 4 workers for Concurrent thread roots
[840.823s][info][gc          ] GC(89) Concurrent thread roots 0.843ms
[840.823s][info][gc,start    ] GC(89) Concurrent weak references
[840.823s][info][gc,task     ] GC(89) Using 2 of 4 workers for concurrent weak references
[840.824s][info][gc,ref      ] GC(89) Encountered references: Soft: 6090, Weak: 23375, Final: 34, Phantom: 916
[840.824s][info][gc,ref      ] GC(89) Discovered  references: Soft: 0, Weak: 5375, Final: 0, Phantom: 646
[840.824s][info][gc,ref      ] GC(89) Enqueued    references: Soft: 0, Weak: 3, Final: 0, Phantom: 0
[840.824s][info][gc          ] GC(89) Concurrent weak references 0.478ms
[840.824s][info][gc,start    ] GC(89) Concurrent weak roots
[840.824s][info][gc,task     ] GC(89) Using 2 of 4 workers for concurrent weak root
[840.827s][info][gc          ] GC(89) Concurrent weak roots 3.283ms
[840.827s][info][gc,start    ] GC(89) Concurrent cleanup
[840.827s][info][gc          ] GC(89) Concurrent cleanup 7104M->5488M(8192M) 0.045ms
[840.827s][info][gc,ergo     ] GC(89) Free: 2292M, Max: 4096K regular, 376M humongous, Frag: 84% external, 0% internal; Reserve: 411M, Max: 4096K
[840.827s][info][gc,start    ] GC(89) Concurrent class unloading
[840.827s][info][gc,task     ] GC(89) Using 2 of 4 workers for concurrent class unloading
[840.833s][info][gc          ] GC(89) Concurrent class unloading 5.650ms
[840.833s][info][gc,start    ] GC(89) Concurrent strong roots
[840.833s][info][gc,task     ] GC(89) Using 2 of 4 workers for concurrent strong root
[840.833s][info][gc          ] GC(89) Concurrent strong roots 0.321ms
[840.833s][info][gc,start    ] GC(89) Concurrent evacuation
[840.833s][info][gc,task     ] GC(89) Using 2 of 4 workers for concurrent evacuation
[840.878s][info][gc          ] GC(89) Concurrent evacuation 44.595ms
[840.878s][info][gc,start    ] GC(89) Pause Init Update Refs
[840.878s][info][gc,ergo     ] GC(89) Pacer for Update Refs. Used: 5591M, Free: 2276M, Non-Taxable: 227M, Alloc Tax Rate: 3.0x
[840.878s][info][gc          ] GC(89) Pause Init Update Refs 0.045ms
[840.878s][info][gc,start    ] GC(89) Concurrent update references
[840.878s][info][gc,task     ] GC(89) Using 2 of 4 workers for concurrent reference update
[841.031s][info][gc          ] GC(89) Concurrent update references 152.990ms
[841.031s][info][gc,start    ] GC(89) Concurrent update thread roots
[841.032s][info][gc          ] GC(89) Concurrent update thread roots 1.245ms
[841.032s][info][gc,start    ] GC(89) Pause Final Update Refs
[841.032s][info][gc,task     ] GC(89) Using 4 of 4 workers for final reference update
[841.033s][info][gc          ] GC(89) Pause Final Update Refs 0.094ms
[841.033s][info][gc,start    ] GC(89) Concurrent cleanup
[841.033s][info][gc          ] GC(89) Concurrent cleanup 5699M->843M(8192M) 0.066ms
[841.033s][info][gc,ergo     ] Free: 6936M, Max: 4096K regular, 5660M humongous, Frag: 19% external, 0% internal; Reserve: 412M, Max: 4096K
[841.033s][info][gc,stats    ] 
[841.033s][info][gc,stats    ] All times are wall-clock times, except per-root-class counters, that are sum over
[841.033s][info][gc,stats    ] all workers. Dividing the <total> over the root stage time estimates parallelism.
[841.033s][info][gc,stats    ] 
[841.033s][info][gc,stats    ] Concurrent Reset                  14085 us
[841.033s][info][gc,stats    ] Pause Init Mark (G)                 216 us
[841.033s][info][gc,stats    ] Pause Init Mark (N)                 127 us
[841.033s][info][gc,stats    ]   Update Region States               37 us
[841.033s][info][gc,stats    ] Concurrent Mark Roots              1046 us, parallelism: 1.51x
[841.033s][info][gc,stats    ]   CMR: <total>                     1576 us
[841.033s][info][gc,stats    ]   CMR: Thread Roots                1396 us, workers (us): 627, 769, ---, ---, 
[841.033s][info][gc,stats    ]   CMR: VM Strong Roots               16 us, workers (us):  15,   0, ---, ---, 
[841.033s][info][gc,stats    ]   CMR: CLDG Roots                   164 us, workers (us): 164, ---, ---, ---, 
[841.033s][info][gc,stats    ] Concurrent Marking               236523 us
[841.033s][info][gc,stats    ] Pause Final Mark (G)                340 us
[841.033s][info][gc,stats    ] Pause Final Mark (N)                315 us
[841.033s][info][gc,stats    ]   Finish Mark                        44 us
[841.033s][info][gc,stats    ]   Update Region States               45 us
[841.033s][info][gc,stats    ]   Choose Collection Set             148 us
[841.033s][info][gc,stats    ]   Rebuild Free Set                   11 us
[841.033s][info][gc,stats    ] Concurrent Thread Roots             865 us, parallelism: 1.76x
[841.033s][info][gc,stats    ]   CTR: <total>                     1520 us
[841.033s][info][gc,stats    ]   CTR: Thread Roots                1520 us, workers (us): 776, 744, ---, ---, 
[841.033s][info][gc,stats    ] Concurrent Weak References          489 us, parallelism: 1.33x
[841.033s][info][gc,stats    ]   CWRF: <total>                     648 us
[841.033s][info][gc,stats    ]   CWRF: Weak References             648 us, workers (us): 277, 371, ---, ---, 
[841.033s][info][gc,stats    ] Concurrent Weak Roots              3318 us
[841.033s][info][gc,stats    ]   Roots                            3185 us, parallelism: 1.92x
[841.033s][info][gc,stats    ]     CWR: <total>                   6100 us
[841.033s][info][gc,stats    ]     CWR: Code Cache Roots          4338 us, workers (us): 2218, 2120, ---, ---, 
[841.033s][info][gc,stats    ]     CWR: VM Weak Roots             1654 us, workers (us): 835, 819, ---, ---, 
[841.033s][info][gc,stats    ]     CWR: CLDG Roots                 108 us, workers (us): ---, 108, ---, ---, 
[841.033s][info][gc,stats    ]   Rendezvous                         75 us
[841.033s][info][gc,stats    ] Concurrent Cleanup                   58 us
[841.033s][info][gc,stats    ] Concurrent Class Unloading         5687 us
[841.033s][info][gc,stats    ]   Unlink Stale                     5369 us
[841.033s][info][gc,stats    ]     System Dictionary                76 us
[841.033s][info][gc,stats    ]     Weak Class Links                  0 us
[841.033s][info][gc,stats    ]     Code Roots                     5291 us
[841.033s][info][gc,stats    ]   Rendezvous                        131 us
[841.033s][info][gc,stats    ]   Purge Unlinked                    126 us
[841.033s][info][gc,stats    ]     Code Roots                      122 us
[841.033s][info][gc,stats    ]     CLDG                              4 us
[841.033s][info][gc,stats    ]     Exception Caches                  0 us
[841.033s][info][gc,stats    ] Concurrent Strong Roots             339 us, parallelism: 0.63x
[841.033s][info][gc,stats    ]   CSR: <total>                      214 us
[841.033s][info][gc,stats    ]   CSR: VM Strong Roots                8 us, workers (us):   8,   0, ---, ---, 
[841.033s][info][gc,stats    ]   CSR: CLDG Roots                   206 us, workers (us): 206, ---, ---, ---, 
[841.033s][info][gc,stats    ] Concurrent Evacuation             44646 us
[841.033s][info][gc,stats    ] Pause Init Update Refs (G)          125 us
[841.033s][info][gc,stats    ] Pause Init Update Refs (N)           56 us
[841.033s][info][gc,stats    ]   Manage GCLABs                       5 us
[841.033s][info][gc,stats    ] Concurrent Update Refs           153035 us
[841.033s][info][gc,stats    ] Concurrent Update Thread Roots     1269 us
[841.033s][info][gc,stats    ] Pause Final Update Refs (G)         149 us
[841.033s][info][gc,stats    ] Pause Final Update Refs (N)         120 us
[841.033s][info][gc,stats    ]   Update Region States               38 us
[841.033s][info][gc,stats    ]   Trash Collection Set               11 us
[841.033s][info][gc,stats    ]   Rebuild Free Set                   11 us
[841.033s][info][gc,stats    ] Concurrent Cleanup                   82 us
[841.033s][info][gc,stats    ] 
[841.033s][info][gc,stats    ] Allocation pacing accrued:
[841.033s][info][gc,stats    ]       0 of  9622 ms (  0.0%): <total>
[841.033s][info][gc,stats    ]       0 of  9622 ms (  0.0%): <average total>
[841.033s][info][gc,stats    ] 
[841.033s][info][gc,metaspace] Metaspace: 134906K(136256K)->134906K(136256K) NonClass: 113989K(114752K)->113989K(114752K) Class: 20917K(21504K)->20917K(21504K)
[841.033s][info][gc,ergo     ] Pacer for Idle. Initial: 163M, Alloc Tax Rate: 1.0x
[848.875s][info][gc          ] Trigger: Average GC time (495.11 ms) is above the time for average allocation rate (1056 MB/s) to deplete free headroom (519M) (margin of error = 1.86)
[848.875s][info][gc,ergo     ] Free headroom: 928M (free) - 409M (spike) - 0B (penalties) = 519M
[848.875s][info][gc,ergo     ] Free: 928M, Max: 4096K regular, 352M humongous, Frag: 62% external, 0% internal; Reserve: 412M, Max: 4096K
[848.875s][info][gc,start    ] GC(90) Concurrent reset
[848.875s][info][gc,task     ] GC(90) Using 2 of 4 workers for concurrent reset
[848.875s][info][gc,ergo     ] GC(90) Pacer for Reset. Non-Taxable: 8192M
[848.898s][info][gc          ] GC(90) Concurrent reset 22.880ms
[848.898s][info][gc,start    ] GC(90) Pause Init Mark (unload classes)
[848.898s][info][gc,task     ] GC(90) Using 4 of 4 workers for init marking
[848.898s][info][gc,ergo     ] GC(90) Pacer for Mark. Expected Live: 488M, Free: 912M, Non-Taxable: 93455K, Alloc Tax Rate: 0.7x
[848.898s][info][gc          ] GC(90) Pause Init Mark (unload classes) 0.114ms
[848.898s][info][gc,start    ] GC(90) Concurrent marking roots
[848.898s][info][gc,task     ] GC(90) Using 2 of 4 workers for concurrent marking roots
[848.899s][info][gc          ] GC(90) Concurrent marking roots 1.404ms
[848.899s][info][gc,start    ] GC(90) Concurrent marking (unload classes)
[848.899s][info][gc,task     ] GC(90) Using 2 of 4 workers for concurrent marking
[849.125s][info][gc          ] GC(90) Concurrent marking (unload classes) 225.519ms
[849.125s][info][gc,start    ] GC(90) Pause Final Mark (unload classes)
[849.125s][info][gc,task     ] GC(90) Using 4 of 4 workers for final marking
[849.125s][info][gc,ergo     ] GC(90) Adaptive CSet Selection. Target Free: 1160M, Actual Free: 4152M, Max CSet: 341M, Min Garbage: 0B
[849.125s][info][gc,ergo     ] GC(90) Collectable Garbage: 6372M (99%), Immediate: 3116M (48%), CSet: 3256M (50%)
[849.125s][info][gc,ergo     ] GC(90) Pacer for Evacuation. Used CSet: 3300M, Free: 3753M, Non-Taxable: 375M, Alloc Tax Rate: 2.1x
[849.125s][info][gc          ] GC(90) Pause Final Mark (unload classes) 0.236ms
[849.125s][info][gc,start    ] GC(90) Concurrent thread roots
[849.125s][info][gc,task     ] GC(90) Using 2 of 4 workers for Concurrent thread roots
[849.126s][info][gc          ] GC(90) Concurrent thread roots 0.761ms
[849.126s][info][gc,start    ] GC(90) Concurrent weak references
[849.126s][info][gc,task     ] GC(90) Using 2 of 4 workers for concurrent weak references
[849.126s][info][gc,ref      ] GC(90) Encountered references: Soft: 6090, Weak: 23375, Final: 34, Phantom: 917
[849.126s][info][gc,ref      ] GC(90) Discovered  references: Soft: 0, Weak: 9282, Final: 0, Phantom: 646
[849.126s][info][gc,ref      ] GC(90) Enqueued    references: Soft: 0, Weak: 3, Final: 0, Phantom: 0
[849.126s][info][gc          ] GC(90) Concurrent weak references 0.442ms
[849.126s][info][gc,start    ] GC(90) Concurrent weak roots
[849.126s][info][gc,task     ] GC(90) Using 2 of 4 workers for concurrent weak root
[849.129s][info][gc          ] GC(90) Concurrent weak roots 2.635ms
[849.129s][info][gc,start    ] GC(90) Concurrent cleanup
[849.129s][info][gc          ] GC(90) Concurrent cleanup 7151M->4035M(8192M) 0.046ms
[849.129s][info][gc,ergo     ] GC(90) Free: 3744M, Max: 4096K regular, 352M humongous, Frag: 91% external, 0% internal; Reserve: 411M, Max: 4096K
[849.129s][info][gc,start    ] GC(90) Concurrent class unloading
[849.129s][info][gc,task     ] GC(90) Using 2 of 4 workers for concurrent class unloading
[849.134s][info][gc          ] GC(90) Concurrent class unloading 5.012ms
[849.134s][info][gc,start    ] GC(90) Concurrent strong roots
[849.134s][info][gc,task     ] GC(90) Using 2 of 4 workers for concurrent strong root
[849.134s][info][gc          ] GC(90) Concurrent strong roots 0.296ms
[849.134s][info][gc,start    ] GC(90) Concurrent evacuation
[849.134s][info][gc,task     ] GC(90) Using 2 of 4 workers for concurrent evacuation
[849.158s][info][gc          ] GC(90) Concurrent evacuation 23.077ms
[849.158s][info][gc,start    ] GC(90) Pause Init Update Refs
[849.158s][info][gc,ergo     ] GC(90) Pacer for Update Refs. Used: 4103M, Free: 3724M, Non-Taxable: 372M, Alloc Tax Rate: 1.3x
[849.158s][info][gc          ] GC(90) Pause Init Update Refs 0.055ms
[849.158s][info][gc,start    ] GC(90) Concurrent update references
[849.158s][info][gc,task     ] GC(90) Using 2 of 4 workers for concurrent reference update
[849.313s][info][gc          ] GC(90) Concurrent update references 155.743ms
[849.313s][info][gc,start    ] GC(90) Concurrent update thread roots
[849.315s][info][gc          ] GC(90) Concurrent update thread roots 1.285ms
[849.315s][info][gc,start    ] GC(90) Pause Final Update Refs
[849.315s][info][gc,task     ] GC(90) Using 4 of 4 workers for final reference update
[849.315s][info][gc          ] GC(90) Pause Final Update Refs 0.110ms
[849.315s][info][gc,start    ] GC(90) Concurrent cleanup
[849.315s][info][gc          ] GC(90) Concurrent cleanup 4187M->887M(8192M) 0.048ms
[849.315s][info][gc,ergo     ] Free: 6892M, Max: 4096K regular, 4104M humongous, Frag: 41% external, 0% internal; Reserve: 412M, Max: 4096K
[849.315s][info][gc,stats    ] 
[849.315s][info][gc,stats    ] All times are wall-clock times, except per-root-class counters, that are sum over
[849.315s][info][gc,stats    ] all workers. Dividing the <total> over the root stage time estimates parallelism.
[849.315s][info][gc,stats    ] 
[849.315s][info][gc,stats    ] Concurrent Reset                  22947 us
[849.315s][info][gc,stats    ] Pause Init Mark (G)                 217 us
[849.315s][info][gc,stats    ] Pause Init Mark (N)                 127 us
[849.315s][info][gc,stats    ]   Update Region States               42 us
[849.315s][info][gc,stats    ] Concurrent Mark Roots              1437 us, parallelism: 1.54x
[849.315s][info][gc,stats    ]   CMR: <total>                     2219 us
[849.315s][info][gc,stats    ]   CMR: Thread Roots                1845 us, workers (us): 755, 1090, ---, ---, 
[849.315s][info][gc,stats    ]   CMR: VM Strong Roots               31 us, workers (us):  15,  16, ---, ---, 
[849.315s][info][gc,stats    ]   CMR: CLDG Roots                   343 us, workers (us): 343, ---, ---, ---, 
[849.315s][info][gc,stats    ] Concurrent Marking               225565 us
[849.315s][info][gc,stats    ] Pause Final Mark (G)                275 us
[849.315s][info][gc,stats    ] Pause Final Mark (N)                247 us
[849.315s][info][gc,stats    ]   Finish Mark                        21 us
[849.315s][info][gc,stats    ]   Update Region States               24 us
[849.315s][info][gc,stats    ]   Choose Collection Set             122 us
[849.315s][info][gc,stats    ]   Rebuild Free Set                   12 us
[849.315s][info][gc,stats    ] Concurrent Thread Roots             783 us, parallelism: 1.84x
[849.315s][info][gc,stats    ]   CTR: <total>                     1443 us
[849.315s][info][gc,stats    ]   CTR: Thread Roots                1443 us, workers (us): 719, 725, ---, ---, 
[849.315s][info][gc,stats    ] Concurrent Weak References          454 us, parallelism: 0.87x
[849.315s][info][gc,stats    ]   CWRF: <total>                     393 us
[849.315s][info][gc,stats    ]   CWRF: Weak References             393 us, workers (us): 367,  25, ---, ---, 
[849.315s][info][gc,stats    ] Concurrent Weak Roots              2652 us
[849.315s][info][gc,stats    ]   Roots                            2590 us, parallelism: 1.92x
[849.315s][info][gc,stats    ]     CWR: <total>                   4975 us
[849.315s][info][gc,stats    ]     CWR: Code Cache Roots          3411 us, workers (us): 1690, 1721, ---, ---, 
[849.315s][info][gc,stats    ]     CWR: VM Weak Roots             1484 us, workers (us): 742, 742, ---, ---, 
[849.315s][info][gc,stats    ]     CWR: CLDG Roots                  80 us, workers (us):  80, ---, ---, ---, 
[849.315s][info][gc,stats    ]   Rendezvous                         23 us
[849.315s][info][gc,stats    ] Concurrent Cleanup                   59 us
[849.315s][info][gc,stats    ] Concurrent Class Unloading         5040 us
[849.315s][info][gc,stats    ]   Unlink Stale                     4729 us
[849.315s][info][gc,stats    ]     System Dictionary                60 us
[849.315s][info][gc,stats    ]     Weak Class Links                  0 us
[849.315s][info][gc,stats    ]     Code Roots                     4668 us
[849.315s][info][gc,stats    ]   Rendezvous                         75 us
[849.315s][info][gc,stats    ]   Purge Unlinked                    186 us
[849.315s][info][gc,stats    ]     Code Roots                      180 us
[849.315s][info][gc,stats    ]     CLDG                              6 us
[849.315s][info][gc,stats    ]     Exception Caches                  0 us
[849.315s][info][gc,stats    ] Concurrent Strong Roots             310 us, parallelism: 0.69x
[849.315s][info][gc,stats    ]   CSR: <total>                      212 us
[849.315s][info][gc,stats    ]   CSR: VM Strong Roots                8 us, workers (us):   8,   0, ---, ---, 
[849.315s][info][gc,stats    ]   CSR: CLDG Roots                   204 us, workers (us): 204, ---, ---, ---, 
[849.315s][info][gc,stats    ] Concurrent Evacuation             23121 us
[849.315s][info][gc,stats    ] Pause Init Update Refs (G)           97 us
[849.316s][info][gc,stats    ] Pause Init Update Refs (N)           67 us
[849.316s][info][gc,stats    ]   Manage GCLABs                       7 us
[849.316s][info][gc,stats    ] Concurrent Update Refs           155789 us
[849.316s][info][gc,stats    ] Concurrent Update Thread Roots     1301 us
[849.316s][info][gc,stats    ] Pause Final Update Refs (G)         160 us
[849.316s][info][gc,stats    ] Pause Final Update Refs (N)         133 us
[849.316s][info][gc,stats    ]   Update Region States               44 us
[849.316s][info][gc,stats    ]   Trash Collection Set               11 us
[849.316s][info][gc,stats    ]   Rebuild Free Set                   14 us
[849.316s][info][gc,stats    ] Concurrent Cleanup                   61 us
[849.316s][info][gc,stats    ] 
[849.316s][info][gc,stats    ] Allocation pacing accrued:
[849.316s][info][gc,stats    ]       0 of  8282 ms (  0.0%): <total>
[849.316s][info][gc,stats    ]       0 of  8282 ms (  0.0%): <average total>
[849.316s][info][gc,stats    ] 
[849.316s][info][gc,metaspace] Metaspace: 134906K(136256K)->134906K(136256K) NonClass: 113989K(114752K)->113989K(114752K) Class: 20917K(21504K)->20917K(21504K)
[849.316s][info][gc,ergo     ] Pacer for Idle. Initial: 163M, Alloc Tax Rate: 1.0x
[859.657s][info][gc          ] Trigger: Free (816M) is below minimum threshold (819M)
[859.657s][info][gc,ergo     ] Free: 816M, Max: 4096K regular, 392M humongous, Frag: 51% external, 0% internal; Reserve: 412M, Max: 4096K
[859.657s][info][gc,start    ] GC(91) Concurrent reset
[859.657s][info][gc,task     ] GC(91) Using 2 of 4 workers for concurrent reset
[859.657s][info][gc,ergo     ] GC(91) Pacer for Reset. Non-Taxable: 8192M
[859.668s][info][gc          ] GC(91) Concurrent reset 10.885ms
[859.668s][info][gc,start    ] GC(91) Pause Init Mark (unload classes)
[859.668s][info][gc,task     ] GC(91) Using 4 of 4 workers for init marking
[859.668s][info][gc,ergo     ] GC(91) Pacer for Mark. Expected Live: 481M, Free: 816M, Non-Taxable: 83600K, Alloc Tax Rate: 0.7x
[859.668s][info][gc          ] GC(91) Pause Init Mark (unload classes) 0.103ms
[859.668s][info][gc,start    ] GC(91) Concurrent marking roots
[859.668s][info][gc,task     ] GC(91) Using 2 of 4 workers for concurrent marking roots
[859.669s][info][gc          ] GC(91) Concurrent marking roots 0.957ms
[859.669s][info][gc,start    ] GC(91) Concurrent marking (unload classes)
[859.669s][info][gc,task     ] GC(91) Using 2 of 4 workers for concurrent marking
[859.912s][info][gc          ] GC(91) Concurrent marking (unload classes) 242.257ms
[859.912s][info][gc,start    ] GC(91) Pause Final Mark (unload classes)
[859.912s][info][gc,task     ] GC(91) Using 4 of 4 workers for final marking
[859.912s][info][gc,ergo     ] GC(91) Adaptive CSet Selection. Target Free: 1160M, Actual Free: 2468M, Max CSet: 341M, Min Garbage: 0B
[859.912s][info][gc,ergo     ] GC(91) Collectable Garbage: 6424M (99%), Immediate: 1436M (22%), CSet: 4988M (77%)
[859.912s][info][gc,ergo     ] GC(91) Pacer for Evacuation. Used CSet: 5080M, Free: 2069M, Non-Taxable: 206M, Alloc Tax Rate: 6.0x
[859.912s][info][gc          ] GC(91) Pause Final Mark (unload classes) 0.324ms
[859.912s][info][gc,start    ] GC(91) Concurrent thread roots
[859.912s][info][gc,task     ] GC(91) Using 2 of 4 workers for Concurrent thread roots
[859.913s][info][gc          ] GC(91) Concurrent thread roots 0.846ms
[859.913s][info][gc,start    ] GC(91) Concurrent weak references
[859.913s][info][gc,task     ] GC(91) Using 2 of 4 workers for concurrent weak references
[859.913s][info][gc,ref      ] GC(91) Encountered references: Soft: 6090, Weak: 23380, Final: 34, Phantom: 928
[859.913s][info][gc,ref      ] GC(91) Discovered  references: Soft: 0, Weak: 7942, Final: 0, Phantom: 654
[859.913s][info][gc,ref      ] GC(91) Enqueued    references: Soft: 0, Weak: 4, Final: 0, Phantom: 0
[859.913s][info][gc          ] GC(91) Concurrent weak references 0.486ms
[859.913s][info][gc,start    ] GC(91) Concurrent weak roots
[859.913s][info][gc,task     ] GC(91) Using 2 of 4 workers for concurrent weak root
[859.918s][info][gc          ] GC(91) Concurrent weak roots 5.136ms
[859.919s][info][gc,start    ] GC(91) Concurrent cleanup
[859.919s][info][gc          ] GC(91) Concurrent cleanup 7163M->5727M(8192M) 0.060ms
[859.919s][info][gc,ergo     ] GC(91) Free: 2053M, Max: 4096K regular, 392M humongous, Frag: 81% external, 0% internal; Reserve: 411M, Max: 4096K
[859.919s][info][gc,start    ] GC(91) Concurrent class unloading
[859.919s][info][gc,task     ] GC(91) Using 2 of 4 workers for concurrent class unloading
[859.926s][info][gc          ] GC(91) Concurrent class unloading 7.322ms
[859.926s][info][gc,start    ] GC(91) Concurrent strong roots
[859.926s][info][gc,task     ] GC(91) Using 2 of 4 workers for concurrent strong root
[859.926s][info][gc          ] GC(91) Concurrent strong roots 0.338ms
[859.926s][info][gc,start    ] GC(91) Concurrent evacuation
[859.926s][info][gc,task     ] GC(91) Using 2 of 4 workers for concurrent evacuation
[859.977s][info][gc          ] GC(91) Concurrent evacuation 50.484ms
[859.977s][info][gc,start    ] GC(91) Pause Init Update Refs
[859.977s][info][gc,ergo     ] GC(91) Pacer for Update Refs. Used: 5858M, Free: 2021M, Non-Taxable: 202M, Alloc Tax Rate: 3.5x
[859.977s][info][gc          ] GC(91) Pause Init Update Refs 0.058ms
[859.977s][info][gc,start    ] GC(91) Concurrent update references
[859.977s][info][gc,task     ] GC(91) Using 2 of 4 workers for concurrent reference update
[860.132s][info][gc          ] GC(91) Concurrent update references 155.350ms
[860.132s][info][gc,start    ] GC(91) Concurrent update thread roots
[860.134s][info][gc          ] GC(91) Concurrent update thread roots 1.194ms
[860.134s][info][gc,start    ] GC(91) Pause Final Update Refs
[860.134s][info][gc,task     ] GC(91) Using 4 of 4 workers for final reference update
[860.134s][info][gc          ] GC(91) Pause Final Update Refs 0.092ms
[860.134s][info][gc,start    ] GC(91) Concurrent cleanup
[860.134s][info][gc          ] GC(91) Concurrent cleanup 5939M->863M(8192M) 0.072ms
[860.134s][info][gc,ergo     ] Free: 6916M, Max: 4096K regular, 5828M humongous, Frag: 16% external, 0% internal; Reserve: 412M, Max: 4096K
[860.134s][info][gc,stats    ] 
[860.134s][info][gc,stats    ] All times are wall-clock times, except per-root-class counters, that are sum over
[860.134s][info][gc,stats    ] all workers. Dividing the <total> over the root stage time estimates parallelism.
[860.134s][info][gc,stats    ] 
[860.134s][info][gc,stats    ] Concurrent Reset                  10956 us
[860.134s][info][gc,stats    ] Pause Init Mark (G)                 208 us
[860.134s][info][gc,stats    ] Pause Init Mark (N)                 114 us
[860.134s][info][gc,stats    ]   Update Region States               39 us
[860.134s][info][gc,stats    ] Concurrent Mark Roots               979 us, parallelism: 1.57x
[860.134s][info][gc,stats    ]   CMR: <total>                     1541 us
[860.134s][info][gc,stats    ]   CMR: Thread Roots                1386 us, workers (us): 619, 767, ---, ---, 
[860.134s][info][gc,stats    ]   CMR: VM Strong Roots               14 us, workers (us):   7,   7, ---, ---, 
[860.134s][info][gc,stats    ]   CMR: CLDG Roots                   141 us, workers (us): 141, ---, ---, ---, 
[860.134s][info][gc,stats    ] Concurrent Marking               242306 us
[860.134s][info][gc,stats    ] Pause Final Mark (G)                409 us
[860.134s][info][gc,stats    ] Pause Final Mark (N)                335 us
[860.134s][info][gc,stats    ]   Finish Mark                        46 us
[860.134s][info][gc,stats    ]   Update Region States               57 us
[860.134s][info][gc,stats    ]   Choose Collection Set             153 us
[860.134s][info][gc,stats    ]   Rebuild Free Set                   10 us
[860.134s][info][gc,stats    ] Concurrent Thread Roots             870 us, parallelism: 1.83x
[860.134s][info][gc,stats    ]   CTR: <total>                     1594 us
[860.134s][info][gc,stats    ]   CTR: Thread Roots                1594 us, workers (us): 793, 801, ---, ---, 
[860.134s][info][gc,stats    ] Concurrent Weak References          502 us, parallelism: 0.90x
[860.134s][info][gc,stats    ]   CWRF: <total>                     450 us
[860.134s][info][gc,stats    ]   CWRF: Weak References             450 us, workers (us):  60, 390, ---, ---, 
[860.134s][info][gc,stats    ] Concurrent Weak Roots              5174 us
[860.134s][info][gc,stats    ]   Roots                            4995 us, parallelism: 1.93x
[860.134s][info][gc,stats    ]     CWR: <total>                   9636 us
[860.134s][info][gc,stats    ]     CWR: Code Cache Roots          7431 us, workers (us): 3815, 3616, ---, ---, 
[860.134s][info][gc,stats    ]     CWR: VM Weak Roots             2025 us, workers (us): 1013, 1012, ---, ---, 
[860.134s][info][gc,stats    ]     CWR: CLDG Roots                 180 us, workers (us): ---, 180, ---, ---, 
[860.134s][info][gc,stats    ]   Rendezvous                        103 us
[860.134s][info][gc,stats    ] Concurrent Cleanup                   73 us
[860.134s][info][gc,stats    ] Concurrent Class Unloading         7352 us
[860.134s][info][gc,stats    ]   Unlink Stale                     7069 us
[860.134s][info][gc,stats    ]     System Dictionary               147 us
[860.134s][info][gc,stats    ]     Weak Class Links                  0 us
[860.134s][info][gc,stats    ]     Code Roots                     6921 us
[860.134s][info][gc,stats    ]   Rendezvous                        124 us
[860.134s][info][gc,stats    ]   Purge Unlinked                    105 us
[860.134s][info][gc,stats    ]     Code Roots                      103 us
[860.134s][info][gc,stats    ]     CLDG                              3 us
[860.134s][info][gc,stats    ]     Exception Caches                  0 us
[860.134s][info][gc,stats    ] Concurrent Strong Roots             361 us, parallelism: 0.64x
[860.134s][info][gc,stats    ]   CSR: <total>                      231 us
[860.134s][info][gc,stats    ]   CSR: VM Strong Roots                9 us, workers (us):   9,   0, ---, ---, 
[860.134s][info][gc,stats    ]   CSR: CLDG Roots                   222 us, workers (us): 222, ---, ---, ---, 
[860.134s][info][gc,stats    ] Concurrent Evacuation             50534 us
[860.134s][info][gc,stats    ] Pause Init Update Refs (G)          130 us
[860.134s][info][gc,stats    ] Pause Init Update Refs (N)           69 us
[860.134s][info][gc,stats    ]   Manage GCLABs                       6 us
[860.134s][info][gc,stats    ] Concurrent Update Refs           155386 us
[860.134s][info][gc,stats    ] Concurrent Update Thread Roots     1215 us
[860.134s][info][gc,stats    ] Pause Final Update Refs (G)         192 us
[860.135s][info][gc,stats    ] Pause Final Update Refs (N)         117 us
[860.135s][info][gc,stats    ]   Update Region States               29 us
[860.135s][info][gc,stats    ]   Trash Collection Set               15 us
[860.135s][info][gc,stats    ]   Rebuild Free Set                   11 us
[860.135s][info][gc,stats    ] Concurrent Cleanup                   86 us
[860.135s][info][gc,stats    ] 
[860.135s][info][gc,stats    ] Allocation pacing accrued:
[860.135s][info][gc,stats    ]       0 of 10819 ms (  0.0%): <total>
[860.135s][info][gc,stats    ]       0 of 10819 ms (  0.0%): <average total>
[860.135s][info][gc,stats    ] 
[860.135s][info][gc,metaspace] Metaspace: 134906K(136256K)->134906K(136256K) NonClass: 113989K(114752K)->113989K(114752K) Class: 20917K(21504K)->20917K(21504K)
[860.135s][info][gc,ergo     ] Pacer for Idle. Initial: 163M, Alloc Tax Rate: 1.0x
[867.680s][info][gc          ] Trigger: Average GC time (496.49 ms) is above the time for instantaneous allocation rate (1277 MB/s) to deplete free headroom (595M) (spike threshold = 1.73)
[867.680s][info][gc,ergo     ] Free: 1005M, Max: 4096K regular, 340M humongous, Frag: 66% external, 0% internal; Reserve: 412M, Max: 4096K
[867.680s][info][gc,start    ] GC(92) Concurrent reset
[867.680s][info][gc,task     ] GC(92) Using 2 of 4 workers for concurrent reset
[867.680s][info][gc,ergo     ] GC(92) Pacer for Reset. Non-Taxable: 8192M
[867.697s][info][gc          ] GC(92) Concurrent reset 16.950ms
[867.697s][info][gc,start    ] GC(92) Pause Init Mark (unload classes)
[867.697s][info][gc,task     ] GC(92) Using 4 of 4 workers for init marking
[867.697s][info][gc,ergo     ] GC(92) Pacer for Mark. Expected Live: 482M, Free: 995M, Non-Taxable: 101934K, Alloc Tax Rate: 0.6x
[867.697s][info][gc          ] GC(92) Pause Init Mark (unload classes) 0.126ms
[867.697s][info][gc,start    ] GC(92) Concurrent marking roots
[867.697s][info][gc,task     ] GC(92) Using 2 of 4 workers for concurrent marking roots
[867.698s][info][gc          ] GC(92) Concurrent marking roots 1.139ms
[867.698s][info][gc,start    ] GC(92) Concurrent marking (unload classes)
[867.698s][info][gc,task     ] GC(92) Using 2 of 4 workers for concurrent marking
[867.962s][info][gc          ] GC(92) Concurrent marking (unload classes) 263.562ms
[867.962s][info][gc,start    ] GC(92) Pause Final Mark (unload classes)
[867.962s][info][gc,task     ] GC(92) Using 4 of 4 workers for final marking
[867.962s][info][gc,ergo     ] GC(92) Adaptive CSet Selection. Target Free: 1160M, Actual Free: 2500M, Max CSet: 341M, Min Garbage: 0B
[867.962s][info][gc,ergo     ] GC(92) Collectable Garbage: 6222M (99%), Immediate: 1420M (22%), CSet: 4802M (76%)
[867.962s][info][gc,ergo     ] GC(92) Pacer for Evacuation. Used CSet: 4912M, Free: 2105M, Non-Taxable: 210M, Alloc Tax Rate: 5.7x
[867.962s][info][gc          ] GC(92) Pause Final Mark (unload classes) 0.257ms
[867.962s][info][gc,start    ] GC(92) Concurrent thread roots
[867.962s][info][gc,task     ] GC(92) Using 2 of 4 workers for Concurrent thread roots
[867.963s][info][gc          ] GC(92) Concurrent thread roots 0.741ms
[867.963s][info][gc,start    ] GC(92) Concurrent weak references
[867.963s][info][gc,task     ] GC(92) Using 2 of 4 workers for concurrent weak references
[867.963s][info][gc,ref      ] GC(92) Encountered references: Soft: 6090, Weak: 23377, Final: 34, Phantom: 928
[867.963s][info][gc,ref      ] GC(92) Discovered  references: Soft: 0, Weak: 15081, Final: 1, Phantom: 800
[867.964s][info][gc,ref      ] GC(92) Enqueued    references: Soft: 0, Weak: 1, Final: 0, Phantom: 0
[867.964s][info][gc          ] GC(92) Concurrent weak references 0.684ms
[867.964s][info][gc,start    ] GC(92) Concurrent weak roots
[867.964s][info][gc,task     ] GC(92) Using 2 of 4 workers for concurrent weak root
[867.966s][info][gc          ] GC(92) Concurrent weak roots 2.631ms
[867.966s][info][gc,start    ] GC(92) Concurrent cleanup
[867.966s][info][gc          ] GC(92) Concurrent cleanup 7103M->5683M(8192M) 0.033ms
[867.966s][info][gc,ergo     ] GC(92) Free: 2096M, Max: 4096K regular, 344M humongous, Frag: 84% external, 0% internal; Reserve: 411M, Max: 4096K
[867.966s][info][gc,start    ] GC(92) Concurrent class unloading
[867.966s][info][gc,task     ] GC(92) Using 2 of 4 workers for concurrent class unloading
[867.971s][info][gc          ] GC(92) Concurrent class unloading 5.165ms
[867.971s][info][gc,start    ] GC(92) Concurrent strong roots
[867.971s][info][gc,task     ] GC(92) Using 2 of 4 workers for concurrent strong root
[867.972s][info][gc          ] GC(92) Concurrent strong roots 0.433ms
[867.972s][info][gc,start    ] GC(92) Concurrent evacuation
[867.972s][info][gc,task     ] GC(92) Using 2 of 4 workers for concurrent evacuation
[868.027s][info][gc          ] GC(92) Concurrent evacuation 55.053ms
[868.027s][info][gc,start    ] GC(92) Pause Init Update Refs
[868.027s][info][gc,ergo     ] GC(92) Pacer for Update Refs. Used: 5811M, Free: 2080M, Non-Taxable: 208M, Alloc Tax Rate: 3.4x
[868.027s][info][gc          ] GC(92) Pause Init Update Refs 0.046ms
[868.027s][info][gc,start    ] GC(92) Concurrent update references
[868.027s][info][gc,task     ] GC(92) Using 2 of 4 workers for concurrent reference update
[868.202s][info][gc          ] GC(92) Concurrent update references 174.483ms
[868.202s][info][gc,start    ] GC(92) Concurrent update thread roots
[868.203s][info][gc          ] GC(92) Concurrent update thread roots 1.807ms
[868.203s][info][gc,start    ] GC(92) Pause Final Update Refs
[868.203s][info][gc,task     ] GC(92) Using 4 of 4 workers for final reference update
[868.204s][info][gc          ] GC(92) Pause Final Update Refs 0.107ms
[868.204s][info][gc,start    ] GC(92) Concurrent cleanup
[868.204s][info][gc          ] GC(92) Concurrent cleanup 5891M->979M(8192M) 0.062ms
[868.204s][info][gc,ergo     ] Free: 6800M, Max: 4096K regular, 5488M humongous, Frag: 20% external, 0% internal; Reserve: 412M, Max: 4096K
[868.204s][info][gc,stats    ] 
[868.204s][info][gc,stats    ] All times are wall-clock times, except per-root-class counters, that are sum over
[868.204s][info][gc,stats    ] all workers. Dividing the <total> over the root stage time estimates parallelism.
[868.204s][info][gc,stats    ] 
[868.204s][info][gc,stats    ] Concurrent Reset                  17030 us
[868.204s][info][gc,stats    ] Pause Init Mark (G)                 232 us
[868.204s][info][gc,stats    ] Pause Init Mark (N)                 138 us
[868.204s][info][gc,stats    ]   Update Region States               48 us
[868.204s][info][gc,stats    ] Concurrent Mark Roots              1160 us, parallelism: 1.51x
[868.204s][info][gc,stats    ]   CMR: <total>                     1753 us
[868.204s][info][gc,stats    ]   CMR: Thread Roots                1497 us, workers (us): 631, 866, ---, ---, 
[868.204s][info][gc,stats    ]   CMR: VM Strong Roots               21 us, workers (us):  18,   3, ---, ---, 
[868.204s][info][gc,stats    ]   CMR: CLDG Roots                   236 us, workers (us): 236, ---, ---, ---, 
[868.204s][info][gc,stats    ] Concurrent Marking               263603 us
[868.204s][info][gc,stats    ] Pause Final Mark (G)                319 us
[868.204s][info][gc,stats    ] Pause Final Mark (N)                268 us
[868.204s][info][gc,stats    ]   Finish Mark                        21 us
[868.204s][info][gc,stats    ]   Update Region States               18 us
[868.204s][info][gc,stats    ]   Choose Collection Set             152 us
[868.204s][info][gc,stats    ]   Rebuild Free Set                   10 us
[868.204s][info][gc,stats    ] Concurrent Thread Roots             764 us, parallelism: 1.82x
[868.204s][info][gc,stats    ]   CTR: <total>                     1392 us
[868.204s][info][gc,stats    ]   CTR: Thread Roots                1392 us, workers (us): 698, 693, ---, ---, 
[868.204s][info][gc,stats    ] Concurrent Weak References          696 us, parallelism: 0.94x
[868.204s][info][gc,stats    ]   CWRF: <total>                     655 us
[868.204s][info][gc,stats    ]   CWRF: Weak References             655 us, workers (us): 606,  49, ---, ---, 
[868.204s][info][gc,stats    ] Concurrent Weak Roots              2650 us
[868.204s][info][gc,stats    ]   Roots                            2556 us, parallelism: 1.92x
[868.204s][info][gc,stats    ]     CWR: <total>                   4917 us
[868.204s][info][gc,stats    ]     CWR: Code Cache Roots          3378 us, workers (us): 1672, 1706, ---, ---, 
[868.204s][info][gc,stats    ]     CWR: VM Weak Roots             1479 us, workers (us): 739, 739, ---, ---, 
[868.204s][info][gc,stats    ]     CWR: CLDG Roots                  60 us, workers (us):  60, ---, ---, ---, 
[868.204s][info][gc,stats    ]   Rendezvous                         54 us
[868.204s][info][gc,stats    ] Concurrent Cleanup                   46 us
[868.204s][info][gc,stats    ] Concurrent Class Unloading         5198 us
[868.204s][info][gc,stats    ]   Unlink Stale                     4974 us
[868.204s][info][gc,stats    ]     System Dictionary                57 us
[868.204s][info][gc,stats    ]     Weak Class Links                  0 us
[868.204s][info][gc,stats    ]     Code Roots                     4916 us
[868.204s][info][gc,stats    ]   Rendezvous                         86 us
[868.204s][info][gc,stats    ]   Purge Unlinked                     81 us
[868.204s][info][gc,stats    ]     Code Roots                       78 us
[868.204s][info][gc,stats    ]     CLDG                              2 us
[868.204s][info][gc,stats    ]     Exception Caches                  0 us
[868.204s][info][gc,stats    ] Concurrent Strong Roots             451 us, parallelism: 0.70x
[868.204s][info][gc,stats    ]   CSR: <total>                      314 us
[868.204s][info][gc,stats    ]   CSR: VM Strong Roots               12 us, workers (us):   6,   5, ---, ---, 
[868.204s][info][gc,stats    ]   CSR: CLDG Roots                   302 us, workers (us): 302, ---, ---, ---, 
[868.204s][info][gc,stats    ] Concurrent Evacuation             55099 us
[868.204s][info][gc,stats    ] Pause Init Update Refs (G)           87 us
[868.204s][info][gc,stats    ] Pause Init Update Refs (N)           57 us
[868.204s][info][gc,stats    ]   Manage GCLABs                       5 us
[868.204s][info][gc,stats    ] Concurrent Update Refs           174530 us
[868.204s][info][gc,stats    ] Concurrent Update Thread Roots     1838 us
[868.204s][info][gc,stats    ] Pause Final Update Refs (G)         158 us
[868.204s][info][gc,stats    ] Pause Final Update Refs (N)         135 us
[868.204s][info][gc,stats    ]   Update Region States               43 us
[868.204s][info][gc,stats    ]   Trash Collection Set               13 us
[868.204s][info][gc,stats    ]   Rebuild Free Set                   11 us
[868.204s][info][gc,stats    ] Concurrent Cleanup                   76 us
[868.204s][info][gc,stats    ] 
[868.204s][info][gc,stats    ] Allocation pacing accrued:
[868.204s][info][gc,stats    ]       0 of  8070 ms (  0.0%): <total>
[868.204s][info][gc,stats    ]       0 of  8070 ms (  0.0%): <average total>
[868.204s][info][gc,stats    ] 
[868.204s][info][gc,metaspace] Metaspace: 134906K(136256K)->134906K(136256K) NonClass: 113989K(114752K)->113989K(114752K) Class: 20917K(21504K)->20917K(21504K)
[868.204s][info][gc,ergo     ] Pacer for Idle. Initial: 163M, Alloc Tax Rate: 1.0x
[876.786s][info][gc          ] Trigger: Free (816M) is below minimum threshold (819M)
[876.786s][info][gc,ergo     ] Free: 816M, Max: 4096K regular, 424M humongous, Frag: 47% external, 0% internal; Reserve: 412M, Max: 4096K
[876.786s][info][gc,start    ] GC(93) Concurrent reset
[876.786s][info][gc,task     ] GC(93) Using 2 of 4 workers for concurrent reset
[876.786s][info][gc,ergo     ] GC(93) Pacer for Reset. Non-Taxable: 8192M
[876.800s][info][gc          ] GC(93) Concurrent reset 14.469ms
[876.801s][info][gc,start    ] GC(93) Pause Init Mark (unload classes)
[876.801s][info][gc,task     ] GC(93) Using 4 of 4 workers for init marking
[876.801s][info][gc,ergo     ] GC(93) Pacer for Mark. Expected Live: 487M, Free: 804M, Non-Taxable: 82389K, Alloc Tax Rate: 0.7x
[876.801s][info][gc          ] GC(93) Pause Init Mark (unload classes) 0.124ms
[876.801s][info][gc,start    ] GC(93) Concurrent marking roots
[876.801s][info][gc,task     ] GC(93) Using 2 of 4 workers for concurrent marking roots
[876.802s][info][gc          ] GC(93) Concurrent marking roots 0.971ms
[876.802s][info][gc,start    ] GC(93) Concurrent marking (unload classes)
[876.802s][info][gc,task     ] GC(93) Using 2 of 4 workers for concurrent marking
[877.026s][info][gc          ] GC(93) Concurrent marking (unload classes) 223.983ms
[877.026s][info][gc,start    ] GC(93) Pause Final Mark (unload classes)
[877.026s][info][gc,task     ] GC(93) Using 4 of 4 workers for final marking
[877.026s][info][gc,ergo     ] GC(93) Adaptive CSet Selection. Target Free: 1160M, Actual Free: 3188M, Max CSet: 341M, Min Garbage: 0B
[877.026s][info][gc,ergo     ] GC(93) Collectable Garbage: 6469M (99%), Immediate: 2136M (32%), CSet: 4333M (66%)
[877.026s][info][gc,ergo     ] GC(93) Pacer for Evacuation. Used CSet: 4392M, Free: 2792M, Non-Taxable: 279M, Alloc Tax Rate: 3.8x
[877.026s][info][gc          ] GC(93) Pause Final Mark (unload classes) 0.262ms
[877.026s][info][gc,start    ] GC(93) Concurrent thread roots
[877.026s][info][gc,task     ] GC(93) Using 2 of 4 workers for Concurrent thread roots
[877.027s][info][gc          ] GC(93) Concurrent thread roots 0.744ms
[877.027s][info][gc,start    ] GC(93) Concurrent weak references
[877.027s][info][gc,task     ] GC(93) Using 2 of 4 workers for concurrent weak references
[877.027s][info][gc,ref      ] GC(93) Encountered references: Soft: 6090, Weak: 23381, Final: 34, Phantom: 931
[877.027s][info][gc,ref      ] GC(93) Discovered  references: Soft: 0, Weak: 5343, Final: 0, Phantom: 656
[877.027s][info][gc,ref      ] GC(93) Enqueued    references: Soft: 0, Weak: 4, Final: 0, Phantom: 0
[877.027s][info][gc          ] GC(93) Concurrent weak references 0.279ms
[877.027s][info][gc,start    ] GC(93) Concurrent weak roots
[877.027s][info][gc,task     ] GC(93) Using 2 of 4 workers for concurrent weak root
[877.030s][info][gc          ] GC(93) Concurrent weak roots 3.050ms
[877.030s][info][gc,start    ] GC(93) Concurrent cleanup
[877.030s][info][gc          ] GC(93) Concurrent cleanup 7131M->4995M(8192M) 0.041ms
[877.030s][info][gc,ergo     ] GC(93) Free: 2784M, Max: 4096K regular, 328M humongous, Frag: 89% external, 0% internal; Reserve: 411M, Max: 4096K
[877.030s][info][gc,start    ] GC(93) Concurrent class unloading
[877.030s][info][gc,task     ] GC(93) Using 2 of 4 workers for concurrent class unloading
[877.036s][info][gc          ] GC(93) Concurrent class unloading 5.905ms
[877.036s][info][gc,start    ] GC(93) Concurrent strong roots
[877.036s][info][gc,task     ] GC(93) Using 2 of 4 workers for concurrent strong root
[877.037s][info][gc          ] GC(93) Concurrent strong roots 0.497ms
[877.037s][info][gc,start    ] GC(93) Concurrent evacuation
[877.037s][info][gc,task     ] GC(93) Using 2 of 4 workers for concurrent evacuation
[877.072s][info][gc          ] GC(93) Concurrent evacuation 35.094ms
[877.072s][info][gc,start    ] GC(93) Pause Init Update Refs
[877.072s][info][gc,ergo     ] GC(93) Pacer for Update Refs. Used: 5079M, Free: 2764M, Non-Taxable: 276M, Alloc Tax Rate: 2.2x
[877.072s][info][gc          ] GC(93) Pause Init Update Refs 0.044ms
[877.072s][info][gc,start    ] GC(93) Concurrent update references
[877.072s][info][gc,task     ] GC(93) Using 2 of 4 workers for concurrent reference update
[877.207s][info][gc          ] GC(93) Concurrent update references 135.506ms
[877.207s][info][gc,start    ] GC(93) Concurrent update thread roots
[877.209s][info][gc          ] GC(93) Concurrent update thread roots 1.272ms
[877.209s][info][gc,start    ] GC(93) Pause Final Update Refs
[877.209s][info][gc,task     ] GC(93) Using 4 of 4 workers for final reference update
[877.209s][info][gc          ] GC(93) Pause Final Update Refs 0.107ms
[877.209s][info][gc,start    ] GC(93) Concurrent cleanup
[877.209s][info][gc          ] GC(93) Concurrent cleanup 5147M->755M(8192M) 0.058ms
[877.209s][info][gc,ergo     ] Free: 7024M, Max: 4096K regular, 5888M humongous, Frag: 16% external, 0% internal; Reserve: 412M, Max: 4096K
[877.209s][info][gc,stats    ] 
[877.209s][info][gc,stats    ] All times are wall-clock times, except per-root-class counters, that are sum over
[877.209s][info][gc,stats    ] all workers. Dividing the <total> over the root stage time estimates parallelism.
[877.209s][info][gc,stats    ] 
[877.209s][info][gc,stats    ] Concurrent Reset                  14534 us
[877.209s][info][gc,stats    ] Pause Init Mark (G)                 179 us
[877.209s][info][gc,stats    ] Pause Init Mark (N)                 137 us
[877.209s][info][gc,stats    ]   Update Region States               47 us
[877.209s][info][gc,stats    ] Concurrent Mark Roots               986 us, parallelism: 1.62x
[877.209s][info][gc,stats    ]   CMR: <total>                     1593 us
[877.209s][info][gc,stats    ]   CMR: Thread Roots                1452 us, workers (us): 672, 780, ---, ---, 
[877.209s][info][gc,stats    ]   CMR: VM Strong Roots               15 us, workers (us):  14,   0, ---, ---, 
[877.209s][info][gc,stats    ]   CMR: CLDG Roots                   126 us, workers (us): 126, ---, ---, ---, 
[877.209s][info][gc,stats    ] Concurrent Marking               224033 us
[877.209s][info][gc,stats    ] Pause Final Mark (G)                299 us
[877.209s][info][gc,stats    ] Pause Final Mark (N)                272 us
[877.209s][info][gc,stats    ]   Finish Mark                        19 us
[877.209s][info][gc,stats    ]   Update Region States               37 us
[877.209s][info][gc,stats    ]   Choose Collection Set             138 us
[877.209s][info][gc,stats    ]   Rebuild Free Set                   11 us
[877.209s][info][gc,stats    ] Concurrent Thread Roots             807 us, parallelism: 1.75x
[877.209s][info][gc,stats    ]   CTR: <total>                     1415 us
[877.209s][info][gc,stats    ]   CTR: Thread Roots                1415 us, workers (us): 707, 708, ---, ---, 
[877.209s][info][gc,stats    ] Concurrent Weak References          290 us, parallelism: 0.75x
[877.209s][info][gc,stats    ]   CWRF: <total>                     219 us
[877.209s][info][gc,stats    ]   CWRF: Weak References             219 us, workers (us):  52, 167, ---, ---, 
[877.209s][info][gc,stats    ] Concurrent Weak Roots              3076 us
[877.209s][info][gc,stats    ]   Roots                            2912 us, parallelism: 1.93x
[877.209s][info][gc,stats    ]     CWR: <total>                   5618 us
[877.209s][info][gc,stats    ]     CWR: Code Cache Roots          3938 us, workers (us): 2012, 1926, ---, ---, 
[877.209s][info][gc,stats    ]     CWR: VM Weak Roots             1591 us, workers (us): 814, 777, ---, ---, 
[877.209s][info][gc,stats    ]     CWR: CLDG Roots                  89 us, workers (us): ---,  89, ---, ---, 
[877.209s][info][gc,stats    ]   Rendezvous                        117 us
[877.209s][info][gc,stats    ] Concurrent Cleanup                   54 us
[877.209s][info][gc,stats    ] Concurrent Class Unloading         5943 us
[877.209s][info][gc,stats    ]   Unlink Stale                     5595 us
[877.209s][info][gc,stats    ]     System Dictionary                68 us
[877.209s][info][gc,stats    ]     Weak Class Links                  0 us
[877.209s][info][gc,stats    ]     Code Roots                     5526 us
[877.209s][info][gc,stats    ]   Rendezvous                        113 us
[877.209s][info][gc,stats    ]   Purge Unlinked                    173 us
[877.209s][info][gc,stats    ]     Code Roots                      166 us
[877.209s][info][gc,stats    ]     CLDG                              7 us
[877.209s][info][gc,stats    ]     Exception Caches                  0 us
[877.209s][info][gc,stats    ] Concurrent Strong Roots             512 us, parallelism: 0.67x
[877.209s][info][gc,stats    ]   CSR: <total>                      344 us
[877.210s][info][gc,stats    ]   CSR: VM Strong Roots               11 us, workers (us):   6,   5, ---, ---, 
[877.210s][info][gc,stats    ]   CSR: CLDG Roots                   334 us, workers (us): 334, ---, ---, ---, 
[877.210s][info][gc,stats    ] Concurrent Evacuation             35134 us
[877.210s][info][gc,stats    ] Pause Init Update Refs (G)           84 us
[877.210s][info][gc,stats    ] Pause Init Update Refs (N)           55 us
[877.210s][info][gc,stats    ]   Manage GCLABs                       5 us
[877.210s][info][gc,stats    ] Concurrent Update Refs           135546 us
[877.210s][info][gc,stats    ] Concurrent Update Thread Roots     1289 us
[877.210s][info][gc,stats    ] Pause Final Update Refs (G)         160 us
[877.210s][info][gc,stats    ] Pause Final Update Refs (N)         133 us
[877.210s][info][gc,stats    ]   Update Region States               44 us
[877.210s][info][gc,stats    ]   Trash Collection Set               11 us
[877.210s][info][gc,stats    ]   Rebuild Free Set                   11 us
[877.210s][info][gc,stats    ] Concurrent Cleanup                   71 us
[877.210s][info][gc,stats    ] 
[877.210s][info][gc,stats    ] Allocation pacing accrued:
[877.210s][info][gc,stats    ]       0 of  9005 ms (  0.0%): <total>
[877.210s][info][gc,stats    ]       0 of  9005 ms (  0.0%): <average total>
[877.210s][info][gc,stats    ] 
[877.210s][info][gc,metaspace] Metaspace: 134929K(136320K)->134929K(136320K) NonClass: 114012K(114816K)->114012K(114816K) Class: 20917K(21504K)->20917K(21504K)
[877.210s][info][gc,ergo     ] Pacer for Idle. Initial: 163M, Alloc Tax Rate: 1.0x
[886.103s][info][gc          ] Trigger: Free (816M) is below minimum threshold (819M)
[886.103s][info][gc,ergo     ] Free: 816M, Max: 4096K regular, 376M humongous, Frag: 53% external, 0% internal; Reserve: 412M, Max: 4096K
[886.103s][info][gc,start    ] GC(94) Concurrent reset
[886.103s][info][gc,task     ] GC(94) Using 2 of 4 workers for concurrent reset
[886.103s][info][gc,ergo     ] GC(94) Pacer for Reset. Non-Taxable: 8192M
[886.115s][info][gc          ] GC(94) Concurrent reset 12.383ms
[886.115s][info][gc,start    ] GC(94) Pause Init Mark (unload classes)
[886.115s][info][gc,task     ] GC(94) Using 4 of 4 workers for init marking
[886.116s][info][gc,ergo     ] GC(94) Pacer for Mark. Expected Live: 486M, Free: 812M, Non-Taxable: 83187K, Alloc Tax Rate: 0.7x
[886.116s][info][gc          ] GC(94) Pause Init Mark (unload classes) 0.111ms
[886.116s][info][gc,start    ] GC(94) Concurrent marking roots
[886.116s][info][gc,task     ] GC(94) Using 2 of 4 workers for concurrent marking roots
[886.117s][info][gc          ] GC(94) Concurrent marking roots 0.960ms
[886.117s][info][gc,start    ] GC(94) Concurrent marking (unload classes)
[886.117s][info][gc,task     ] GC(94) Using 2 of 4 workers for concurrent marking
[886.360s][info][gc          ] GC(94) Concurrent marking (unload classes) 243.045ms
[886.360s][info][gc,start    ] GC(94) Pause Final Mark (unload classes)
[886.360s][info][gc,task     ] GC(94) Using 4 of 4 workers for final marking
[886.360s][info][gc,ergo     ] GC(94) Adaptive CSet Selection. Target Free: 1160M, Actual Free: 1904M, Max CSet: 341M, Min Garbage: 0B
[886.360s][info][gc,ergo     ] GC(94) Collectable Garbage: 6423M (99%), Immediate: 848M (13%), CSet: 5575M (86%)
[886.360s][info][gc,ergo     ] GC(94) Pacer for Evacuation. Used CSet: 5672M, Free: 1505M, Non-Taxable: 150M, Alloc Tax Rate: 9.2x
[886.360s][info][gc          ] GC(94) Pause Final Mark (unload classes) 0.315ms
[886.360s][info][gc,start    ] GC(94) Concurrent thread roots
[886.360s][info][gc,task     ] GC(94) Using 2 of 4 workers for Concurrent thread roots
[886.361s][info][gc          ] GC(94) Concurrent thread roots 0.771ms
[886.361s][info][gc,start    ] GC(94) Concurrent weak references
[886.361s][info][gc,task     ] GC(94) Using 2 of 4 workers for concurrent weak references
[886.362s][info][gc,ref      ] GC(94) Encountered references: Soft: 6114, Weak: 23421, Final: 34, Phantom: 941
[886.362s][info][gc,ref      ] GC(94) Discovered  references: Soft: 0, Weak: 11102, Final: 33, Phantom: 671
[886.362s][info][gc,ref      ] GC(94) Enqueued    references: Soft: 0, Weak: 12, Final: 0, Phantom: 4
[886.362s][info][gc          ] GC(94) Concurrent weak references 0.665ms
[886.362s][info][gc,start    ] GC(94) Concurrent weak roots
[886.362s][info][gc,task     ] GC(94) Using 2 of 4 workers for concurrent weak root
[886.364s][info][gc          ] GC(94) Concurrent weak roots 2.824ms
[886.364s][info][gc,start    ] GC(94) Concurrent cleanup
[886.364s][info][gc          ] GC(94) Concurrent cleanup 7131M->6283M(8192M) 0.031ms
[886.364s][info][gc,ergo     ] GC(94) Free: 1496M, Max: 4096K regular, 376M humongous, Frag: 75% external, 0% internal; Reserve: 411M, Max: 4096K
[886.364s][info][gc,start    ] GC(94) Concurrent class unloading
[886.364s][info][gc,task     ] GC(94) Using 2 of 4 workers for concurrent class unloading
[886.370s][info][gc          ] GC(94) Concurrent class unloading 5.021ms
[886.370s][info][gc,start    ] GC(94) Concurrent strong roots
[886.370s][info][gc,task     ] GC(94) Using 2 of 4 workers for concurrent strong root
[886.370s][info][gc          ] GC(94) Concurrent strong roots 0.423ms
[886.370s][info][gc,start    ] GC(94) Concurrent evacuation
[886.370s][info][gc,task     ] GC(94) Using 2 of 4 workers for concurrent evacuation
[886.417s][info][gc          ] GC(94) Concurrent evacuation 46.946ms
[886.417s][info][gc,start    ] GC(94) Pause Init Update Refs
[886.417s][info][gc,ergo     ] GC(94) Pacer for Update Refs. Used: 6423M, Free: 1460M, Non-Taxable: 146M, Alloc Tax Rate: 5.4x
[886.417s][info][gc          ] GC(94) Pause Init Update Refs 0.046ms
[886.417s][info][gc,start    ] GC(94) Concurrent update references
[886.417s][info][gc,task     ] GC(94) Using 2 of 4 workers for concurrent reference update
[886.577s][info][gc          ] GC(94) Concurrent update references 159.810ms
[886.577s][info][gc,start    ] GC(94) Concurrent update thread roots
[886.578s][info][gc          ] GC(94) Concurrent update thread roots 1.336ms
[886.578s][info][gc,start    ] GC(94) Pause Final Update Refs
[886.578s][info][gc,task     ] GC(94) Using 4 of 4 workers for final reference update
[886.578s][info][gc          ] GC(94) Pause Final Update Refs 0.093ms
[886.578s][info][gc,start    ] GC(94) Concurrent cleanup
[886.579s][info][gc          ] GC(94) Concurrent cleanup 6571M->903M(8192M) 0.076ms
[886.579s][info][gc,ergo     ] Free: 6876M, Max: 4096K regular, 5408M humongous, Frag: 22% external, 0% internal; Reserve: 412M, Max: 4096K
[886.579s][info][gc,stats    ] 
[886.579s][info][gc,stats    ] All times are wall-clock times, except per-root-class counters, that are sum over
[886.579s][info][gc,stats    ] all workers. Dividing the <total> over the root stage time estimates parallelism.
[886.579s][info][gc,stats    ] 
[886.579s][info][gc,stats    ] Concurrent Reset                  12457 us
[886.579s][info][gc,stats    ] Pause Init Mark (G)                 211 us
[886.579s][info][gc,stats    ] Pause Init Mark (N)                 121 us
[886.579s][info][gc,stats    ]   Update Region States               57 us
[886.579s][info][gc,stats    ] Concurrent Mark Roots               982 us, parallelism: 1.63x
[886.579s][info][gc,stats    ]   CMR: <total>                     1603 us
[886.579s][info][gc,stats    ]   CMR: Thread Roots                1465 us, workers (us): 673, 792, ---, ---, 
[886.579s][info][gc,stats    ]   CMR: VM Strong Roots               14 us, workers (us):  14,   0, ---, ---, 
[886.579s][info][gc,stats    ]   CMR: CLDG Roots                   124 us, workers (us): 124, ---, ---, ---, 
[886.579s][info][gc,stats    ] Concurrent Marking               243094 us
[886.579s][info][gc,stats    ] Pause Final Mark (G)                401 us
[886.579s][info][gc,stats    ] Pause Final Mark (N)                326 us
[886.579s][info][gc,stats    ]   Finish Mark                        45 us
[886.579s][info][gc,stats    ]   Update Region States               42 us
[886.579s][info][gc,stats    ]   Choose Collection Set             162 us
[886.579s][info][gc,stats    ]   Rebuild Free Set                   10 us
[886.579s][info][gc,stats    ] Concurrent Thread Roots             791 us, parallelism: 1.83x
[886.579s][info][gc,stats    ]   CTR: <total>                     1446 us
[886.579s][info][gc,stats    ]   CTR: Thread Roots                1446 us, workers (us): 719, 727, ---, ---, 
[886.579s][info][gc,stats    ] Concurrent Weak References          677 us, parallelism: 0.87x
[886.579s][info][gc,stats    ]   CWRF: <total>                     590 us
[886.579s][info][gc,stats    ]   CWRF: Weak References             590 us, workers (us): 590,   0, ---, ---, 
[886.579s][info][gc,stats    ] Concurrent Weak Roots              2845 us
[886.579s][info][gc,stats    ]   Roots                            2776 us, parallelism: 1.92x
[886.579s][info][gc,stats    ]     CWR: <total>                   5324 us
[886.579s][info][gc,stats    ]     CWR: Code Cache Roots          3707 us, workers (us): 1820, 1887, ---, ---, 
[886.579s][info][gc,stats    ]     CWR: VM Weak Roots             1528 us, workers (us): 764, 764, ---, ---, 
[886.579s][info][gc,stats    ]     CWR: CLDG Roots                  88 us, workers (us):  88, ---, ---, ---, 
[886.579s][info][gc,stats    ]   Rendezvous                         26 us
[886.579s][info][gc,stats    ] Concurrent Cleanup                   44 us
[886.579s][info][gc,stats    ] Concurrent Class Unloading         5054 us
[886.579s][info][gc,stats    ]   Unlink Stale                     4707 us
[886.579s][info][gc,stats    ]     System Dictionary                56 us
[886.579s][info][gc,stats    ]     Code Roots                     4649 us
[886.579s][info][gc,stats    ]   Rendezvous                        136 us
[886.579s][info][gc,stats    ]   Purge Unlinked                    155 us
[886.579s][info][gc,stats    ]     Code Roots                      147 us
[886.579s][info][gc,stats    ]     CLDG                              8 us
[886.579s][info][gc,stats    ]     Exception Caches                  0 us
[886.579s][info][gc,stats    ] Concurrent Strong Roots             445 us, parallelism: 0.64x
[886.579s][info][gc,stats    ]   CSR: <total>                      287 us
[886.579s][info][gc,stats    ]   CSR: VM Strong Roots                9 us, workers (us):   9,   0, ---, ---, 
[886.579s][info][gc,stats    ]   CSR: CLDG Roots                   277 us, workers (us): 277, ---, ---, ---, 
[886.579s][info][gc,stats    ] Concurrent Evacuation             46990 us
[886.579s][info][gc,stats    ] Pause Init Update Refs (G)          116 us
[886.579s][info][gc,stats    ] Pause Init Update Refs (N)           57 us
[886.579s][info][gc,stats    ]   Manage GCLABs                       6 us
[886.579s][info][gc,stats    ] Concurrent Update Refs           159847 us
[886.579s][info][gc,stats    ] Concurrent Update Thread Roots     1362 us
[886.579s][info][gc,stats    ] Pause Final Update Refs (G)         145 us
[886.579s][info][gc,stats    ] Pause Final Update Refs (N)         120 us
[886.579s][info][gc,stats    ]   Update Region States               32 us
[886.579s][info][gc,stats    ]   Trash Collection Set               15 us
[886.579s][info][gc,stats    ]   Rebuild Free Set                   10 us
[886.579s][info][gc,stats    ] Concurrent Cleanup                   91 us
[886.579s][info][gc,stats    ] 
[886.579s][info][gc,stats    ] Allocation pacing accrued:
[886.579s][info][gc,stats    ]       0 of  9370 ms (  0.0%): <total>
[886.579s][info][gc,stats    ]       0 of  9370 ms (  0.0%): <average total>
[886.579s][info][gc,stats    ] 
[886.579s][info][gc,metaspace] Metaspace: 134991K(136384K)->134991K(136384K) NonClass: 114063K(114880K)->114063K(114880K) Class: 20927K(21504K)->20927K(21504K)
[886.579s][info][gc,ergo     ] Pacer for Idle. Initial: 163M, Alloc Tax Rate: 1.0x
[893.722s][info][gc          ] Trigger: Average GC time (524.79 ms) is above the time for average allocation rate (1206 MB/s) to deplete free headroom (571M) (margin of error = 1.86)
[893.722s][info][gc,ergo     ] Free headroom: 980M (free) - 409M (spike) - 0B (penalties) = 571M
[893.722s][info][gc,ergo     ] Free: 980M, Max: 4096K regular, 336M humongous, Frag: 66% external, 0% internal; Reserve: 412M, Max: 4096K
[893.722s][info][gc,start    ] GC(95) Concurrent reset
[893.722s][info][gc,task     ] GC(95) Using 2 of 4 workers for concurrent reset
[893.722s][info][gc,ergo     ] GC(95) Pacer for Reset. Non-Taxable: 8192M
[893.741s][info][gc          ] GC(95) Concurrent reset 19.030ms
[893.741s][info][gc,start    ] GC(95) Pause Init Mark (unload classes)
[893.741s][info][gc,task     ] GC(95) Using 4 of 4 workers for init marking
[893.741s][info][gc,ergo     ] GC(95) Pacer for Mark. Expected Live: 488M, Free: 964M, Non-Taxable: 98798K, Alloc Tax Rate: 0.6x
[893.741s][info][gc          ] GC(95) Pause Init Mark (unload classes) 0.152ms
[893.741s][info][gc,start    ] GC(95) Concurrent marking roots
[893.741s][info][gc,task     ] GC(95) Using 2 of 4 workers for concurrent marking roots
[893.743s][info][gc          ] GC(95) Concurrent marking roots 1.808ms
[893.743s][info][gc,start    ] GC(95) Concurrent marking (unload classes)
[893.743s][info][gc,task     ] GC(95) Using 2 of 4 workers for concurrent marking
[893.980s][info][gc          ] GC(95) Concurrent marking (unload classes) 236.631ms
[893.980s][info][gc,start    ] GC(95) Pause Final Mark (unload classes)
[893.980s][info][gc,task     ] GC(95) Using 4 of 4 workers for final marking
[893.980s][info][gc,ergo     ] GC(95) Adaptive CSet Selection. Target Free: 1160M, Actual Free: 3100M, Max CSet: 341M, Min Garbage: 0B
[893.980s][info][gc,ergo     ] GC(95) Collectable Garbage: 6277M (99%), Immediate: 1948M (30%), CSet: 4329M (68%)
[893.980s][info][gc,ergo     ] GC(95) Pacer for Evacuation. Used CSet: 4420M, Free: 2704M, Non-Taxable: 270M, Alloc Tax Rate: 4.0x
[893.980s][info][gc          ] GC(95) Pause Final Mark (unload classes) 0.301ms
[893.980s][info][gc,start    ] GC(95) Concurrent thread roots
[893.980s][info][gc,task     ] GC(95) Using 2 of 4 workers for Concurrent thread roots
[893.981s][info][gc          ] GC(95) Concurrent thread roots 0.730ms
[893.981s][info][gc,start    ] GC(95) Concurrent weak references
[893.981s][info][gc,task     ] GC(95) Using 2 of 4 workers for concurrent weak references
[893.981s][info][gc,ref      ] GC(95) Encountered references: Soft: 6114, Weak: 23409, Final: 34, Phantom: 937
[893.981s][info][gc,ref      ] GC(95) Discovered  references: Soft: 0, Weak: 17127, Final: 0, Phantom: 660
[893.981s][info][gc,ref      ] GC(95) Enqueued    references: Soft: 0, Weak: 1, Final: 0, Phantom: 0
[893.981s][info][gc          ] GC(95) Concurrent weak references 0.464ms
[893.981s][info][gc,start    ] GC(95) Concurrent weak roots
[893.981s][info][gc,task     ] GC(95) Using 2 of 4 workers for concurrent weak root
[893.984s][info][gc          ] GC(95) Concurrent weak roots 2.591ms
[893.984s][info][gc,start    ] GC(95) Concurrent cleanup
[893.984s][info][gc          ] GC(95) Concurrent cleanup 7031M->5083M(8192M) 0.036ms
[893.984s][info][gc,ergo     ] GC(95) Free: 2696M, Max: 4096K regular, 336M humongous, Frag: 88% external, 0% internal; Reserve: 411M, Max: 4096K
[893.984s][info][gc,start    ] GC(95) Concurrent class unloading
[893.984s][info][gc,task     ] GC(95) Using 2 of 4 workers for concurrent class unloading
[893.989s][info][gc          ] GC(95) Concurrent class unloading 4.971ms
[893.989s][info][gc,start    ] GC(95) Concurrent strong roots
[893.989s][info][gc,task     ] GC(95) Using 2 of 4 workers for concurrent strong root
[893.989s][info][gc          ] GC(95) Concurrent strong roots 0.289ms
[893.989s][info][gc,start    ] GC(95) Concurrent evacuation
[893.989s][info][gc,task     ] GC(95) Using 2 of 4 workers for concurrent evacuation
[894.033s][info][gc          ] GC(95) Concurrent evacuation 43.513ms
[894.033s][info][gc,start    ] GC(95) Pause Init Update Refs
[894.033s][info][gc,ergo     ] GC(95) Pacer for Update Refs. Used: 5215M, Free: 2660M, Non-Taxable: 266M, Alloc Tax Rate: 2.4x
[894.033s][info][gc          ] GC(95) Pause Init Update Refs 0.042ms
[894.033s][info][gc,start    ] GC(95) Concurrent update references
[894.033s][info][gc,task     ] GC(95) Using 2 of 4 workers for concurrent reference update
[894.194s][info][gc          ] GC(95) Concurrent update references 160.980ms
[894.194s][info][gc,start    ] GC(95) Concurrent update thread roots
[894.195s][info][gc          ] GC(95) Concurrent update thread roots 1.270ms
[894.195s][info][gc,start    ] GC(95) Pause Final Update Refs
[894.195s][info][gc,task     ] GC(95) Using 4 of 4 workers for final reference update
[894.195s][info][gc          ] GC(95) Pause Final Update Refs 0.101ms
[894.195s][info][gc,start    ] GC(95) Concurrent cleanup
[894.195s][info][gc          ] GC(95) Concurrent cleanup 5323M->903M(8192M) 0.067ms
[894.195s][info][gc,ergo     ] Free: 6876M, Max: 4096K regular, 5596M humongous, Frag: 19% external, 0% internal; Reserve: 412M, Max: 4096K
[894.195s][info][gc,stats    ] 
[894.195s][info][gc,stats    ] All times are wall-clock times, except per-root-class counters, that are sum over
[894.195s][info][gc,stats    ] all workers. Dividing the <total> over the root stage time estimates parallelism.
[894.195s][info][gc,stats    ] 
[894.195s][info][gc,stats    ] Concurrent Reset                  19100 us
[894.195s][info][gc,stats    ] Pause Init Mark (G)                 239 us
[894.195s][info][gc,stats    ] Pause Init Mark (N)                 165 us
[894.195s][info][gc,stats    ]   Update Region States               53 us
[894.195s][info][gc,stats    ] Concurrent Mark Roots              1831 us, parallelism: 0.60x
[894.195s][info][gc,stats    ]   CMR: <total>                     1103 us
[894.195s][info][gc,stats    ]   CMR: Thread Roots                 874 us, workers (us): 411, 463, ---, ---, 
[894.195s][info][gc,stats    ]   CMR: VM Strong Roots               19 us, workers (us):   9,  10, ---, ---, 
[894.195s][info][gc,stats    ]   CMR: CLDG Roots                   210 us, workers (us): 210, ---, ---, ---, 
[894.195s][info][gc,stats    ] Concurrent Marking               236677 us
[894.195s][info][gc,stats    ] Pause Final Mark (G)                330 us
[894.196s][info][gc,stats    ] Pause Final Mark (N)                312 us
[894.196s][info][gc,stats    ]   Finish Mark                        45 us
[894.196s][info][gc,stats    ]   Update Region States               41 us
[894.196s][info][gc,stats    ]   Choose Collection Set             142 us
[894.196s][info][gc,stats    ]   Rebuild Free Set                   11 us
[894.196s][info][gc,stats    ] Concurrent Thread Roots             748 us, parallelism: 1.84x
[894.196s][info][gc,stats    ]   CTR: <total>                     1381 us
[894.196s][info][gc,stats    ]   CTR: Thread Roots                1381 us, workers (us): 688, 693, ---, ---, 
[894.196s][info][gc,stats    ] Concurrent Weak References          475 us, parallelism: 1.58x
[894.196s][info][gc,stats    ]   CWRF: <total>                     752 us
[894.196s][info][gc,stats    ]   CWRF: Weak References             752 us, workers (us): 397, 355, ---, ---, 
[894.196s][info][gc,stats    ] Concurrent Weak Roots              2607 us
[894.196s][info][gc,stats    ]   Roots                            2504 us, parallelism: 1.92x
[894.196s][info][gc,stats    ]     CWR: <total>                   4814 us
[894.196s][info][gc,stats    ]     CWR: Code Cache Roots          3277 us, workers (us): 1684, 1593, ---, ---, 
[894.196s][info][gc,stats    ]     CWR: VM Weak Roots             1470 us, workers (us): 735, 735, ---, ---, 
[894.196s][info][gc,stats    ]     CWR: CLDG Roots                  67 us, workers (us): ---,  67, ---, ---, 
[894.196s][info][gc,stats    ]   Rendezvous                         66 us
[894.196s][info][gc,stats    ] Concurrent Cleanup                   48 us
[894.196s][info][gc,stats    ] Concurrent Class Unloading         4999 us
[894.196s][info][gc,stats    ]   Unlink Stale                     4718 us
[894.196s][info][gc,stats    ]     System Dictionary                55 us
[894.196s][info][gc,stats    ]     Weak Class Links                  0 us
[894.196s][info][gc,stats    ]     Code Roots                     4662 us
[894.196s][info][gc,stats    ]   Rendezvous                        115 us
[894.196s][info][gc,stats    ]   Purge Unlinked                    115 us
[894.196s][info][gc,stats    ]     Code Roots                      110 us
[894.196s][info][gc,stats    ]     CLDG                              4 us
[894.196s][info][gc,stats    ]     Exception Caches                  0 us
[894.196s][info][gc,stats    ] Concurrent Strong Roots             309 us, parallelism: 0.68x
[894.196s][info][gc,stats    ]   CSR: <total>                      210 us
[894.196s][info][gc,stats    ]   CSR: VM Strong Roots                8 us, workers (us):   4,   4, ---, ---, 
[894.196s][info][gc,stats    ]   CSR: CLDG Roots                   203 us, workers (us): ---, 203, ---, ---, 
[894.196s][info][gc,stats    ] Concurrent Evacuation             43546 us
[894.196s][info][gc,stats    ] Pause Init Update Refs (G)           72 us
[894.196s][info][gc,stats    ] Pause Init Update Refs (N)           52 us
[894.196s][info][gc,stats    ]   Manage GCLABs                       5 us
[894.196s][info][gc,stats    ] Concurrent Update Refs           161017 us
[894.196s][info][gc,stats    ] Concurrent Update Thread Roots     1294 us
[894.196s][info][gc,stats    ] Pause Final Update Refs (G)         143 us
[894.196s][info][gc,stats    ] Pause Final Update Refs (N)         116 us
[894.196s][info][gc,stats    ]   Update Region States               36 us
[894.196s][info][gc,stats    ]   Trash Collection Set               14 us
[894.196s][info][gc,stats    ]   Rebuild Free Set                   12 us
[894.196s][info][gc,stats    ] Concurrent Cleanup                   81 us
[894.196s][info][gc,stats    ] 
[894.196s][info][gc,stats    ] Allocation pacing accrued:
[894.196s][info][gc,stats    ]       0 of  7617 ms (  0.0%): <total>
[894.196s][info][gc,stats    ]       0 of  7617 ms (  0.0%): <average total>
[894.196s][info][gc,stats    ] 
[894.196s][info][gc,metaspace] Metaspace: 134994K(136384K)->134994K(136384K) NonClass: 114066K(114880K)->114066K(114880K) Class: 20927K(21504K)->20927K(21504K)
[894.196s][info][gc,ergo     ] Pacer for Idle. Initial: 163M, Alloc Tax Rate: 1.0x
[905.276s][info][gc          ] Trigger: Free (816M) is below minimum threshold (819M)
[905.276s][info][gc,ergo     ] Free: 816M, Max: 4096K regular, 344M humongous, Frag: 57% external, 0% internal; Reserve: 412M, Max: 4096K
[905.276s][info][gc,start    ] GC(96) Concurrent reset
[905.276s][info][gc,task     ] GC(96) Using 2 of 4 workers for concurrent reset
[905.276s][info][gc,ergo     ] GC(96) Pacer for Reset. Non-Taxable: 8192M
[905.290s][info][gc          ] GC(96) Concurrent reset 13.463ms
[905.290s][info][gc,start    ] GC(96) Pause Init Mark (unload classes)
[905.290s][info][gc,task     ] GC(96) Using 4 of 4 workers for init marking
[905.290s][info][gc,ergo     ] GC(96) Pacer for Mark. Expected Live: 497M, Free: 808M, Non-Taxable: 82823K, Alloc Tax Rate: 0.8x
[905.290s][info][gc          ] GC(96) Pause Init Mark (unload classes) 0.116ms
[905.290s][info][gc,start    ] GC(96) Concurrent marking roots
[905.290s][info][gc,task     ] GC(96) Using 2 of 4 workers for concurrent marking roots
[905.291s][info][gc          ] GC(96) Concurrent marking roots 0.952ms
[905.291s][info][gc,start    ] GC(96) Concurrent marking (unload classes)
[905.291s][info][gc,task     ] GC(96) Using 2 of 4 workers for concurrent marking
[905.526s][info][gc          ] GC(96) Concurrent marking (unload classes) 235.028ms
[905.526s][info][gc,start    ] GC(96) Pause Final Mark (unload classes)
[905.526s][info][gc,task     ] GC(96) Using 4 of 4 workers for final marking
[905.526s][info][gc,ergo     ] GC(96) Adaptive CSet Selection. Target Free: 1160M, Actual Free: 2068M, Max CSet: 341M, Min Garbage: 0B
[905.526s][info][gc,ergo     ] GC(96) Collectable Garbage: 6449M (99%), Immediate: 996M (15%), CSet: 5453M (84%)
[905.526s][info][gc,ergo     ] GC(96) Pacer for Evacuation. Used CSet: 5528M, Free: 1672M, Non-Taxable: 167M, Alloc Tax Rate: 8.1x
[905.526s][info][gc          ] GC(96) Pause Final Mark (unload classes) 0.258ms
[905.526s][info][gc,start    ] GC(96) Concurrent thread roots
[905.526s][info][gc,task     ] GC(96) Using 2 of 4 workers for Concurrent thread roots
[905.527s][info][gc          ] GC(96) Concurrent thread roots 0.767ms
[905.527s][info][gc,start    ] GC(96) Concurrent weak references
[905.527s][info][gc,task     ] GC(96) Using 2 of 4 workers for concurrent weak references
[905.527s][info][gc,ref      ] GC(96) Encountered references: Soft: 6114, Weak: 23416, Final: 34, Phantom: 946
[905.527s][info][gc,ref      ] GC(96) Discovered  references: Soft: 0, Weak: 4448, Final: 0, Phantom: 666
[905.527s][info][gc,ref      ] GC(96) Enqueued    references: Soft: 0, Weak: 5, Final: 0, Phantom: 0
[905.527s][info][gc          ] GC(96) Concurrent weak references 0.255ms
[905.527s][info][gc,start    ] GC(96) Concurrent weak roots
[905.527s][info][gc,task     ] GC(96) Using 2 of 4 workers for concurrent weak root
[905.530s][info][gc          ] GC(96) Concurrent weak roots 3.112ms
[905.530s][info][gc,start    ] GC(96) Concurrent cleanup
[905.530s][info][gc          ] GC(96) Concurrent cleanup 7116M->6120M(8192M) 0.032ms
[905.530s][info][gc,ergo     ] GC(96) Free: 1660M, Max: 4096K regular, 344M humongous, Frag: 80% external, 0% internal; Reserve: 410M, Max: 4096K
[905.530s][info][gc,start    ] GC(96) Concurrent class unloading
[905.530s][info][gc,task     ] GC(96) Using 2 of 4 workers for concurrent class unloading
[905.536s][info][gc          ] GC(96) Concurrent class unloading 5.306ms
[905.536s][info][gc,start    ] GC(96) Concurrent strong roots
[905.536s][info][gc,task     ] GC(96) Using 2 of 4 workers for concurrent strong root
[905.536s][info][gc          ] GC(96) Concurrent strong roots 0.328ms
[905.536s][info][gc,start    ] GC(96) Concurrent evacuation
[905.536s][info][gc,task     ] GC(96) Using 2 of 4 workers for concurrent evacuation
[905.588s][info][gc          ] GC(96) Concurrent evacuation 52.278ms
[905.588s][info][gc,start    ] GC(96) Pause Init Update Refs
[905.588s][info][gc,ergo     ] GC(96) Pacer for Update Refs. Used: 6227M, Free: 1632M, Non-Taxable: 163M, Alloc Tax Rate: 4.7x
[905.588s][info][gc          ] GC(96) Pause Init Update Refs 0.046ms
[905.588s][info][gc,start    ] GC(96) Concurrent update references
[905.588s][info][gc,task     ] GC(96) Using 2 of 4 workers for concurrent reference update
[905.731s][info][gc          ] GC(96) Concurrent update references 142.566ms
[905.731s][info][gc,start    ] GC(96) Concurrent update thread roots
[905.732s][info][gc          ] GC(96) Concurrent update thread roots 1.342ms
[905.732s][info][gc,start    ] GC(96) Pause Final Update Refs
[905.732s][info][gc,task     ] GC(96) Using 4 of 4 workers for final reference update
[905.733s][info][gc          ] GC(96) Pause Final Update Refs 0.150ms
[905.733s][info][gc,start    ] GC(96) Concurrent cleanup
[905.733s][info][gc          ] GC(96) Concurrent cleanup 6295M->767M(8192M) 0.073ms
[905.733s][info][gc,ergo     ] Free: 7012M, Max: 4096K regular, 5924M humongous, Frag: 16% external, 0% internal; Reserve: 412M, Max: 4096K
[905.733s][info][gc,stats    ] 
[905.733s][info][gc,stats    ] All times are wall-clock times, except per-root-class counters, that are sum over
[905.733s][info][gc,stats    ] all workers. Dividing the <total> over the root stage time estimates parallelism.
[905.733s][info][gc,stats    ] 
[905.733s][info][gc,stats    ] Concurrent Reset                  13524 us
[905.733s][info][gc,stats    ] Pause Init Mark (G)                 187 us
[905.733s][info][gc,stats    ] Pause Init Mark (N)                 129 us
[905.733s][info][gc,stats    ]   Update Region States               38 us
[905.733s][info][gc,stats    ] Concurrent Mark Roots               967 us, parallelism: 1.63x
[905.733s][info][gc,stats    ]   CMR: <total>                     1575 us
[905.733s][info][gc,stats    ]   CMR: Thread Roots                1438 us, workers (us): 666, 772, ---, ---, 
[905.733s][info][gc,stats    ]   CMR: VM Strong Roots               12 us, workers (us):  12,   0, ---, ---, 
[905.733s][info][gc,stats    ]   CMR: CLDG Roots                   125 us, workers (us): 125, ---, ---, ---, 
[905.733s][info][gc,stats    ] Concurrent Marking               235067 us
[905.733s][info][gc,stats    ] Pause Final Mark (G)                295 us
[905.733s][info][gc,stats    ] Pause Final Mark (N)                269 us
[905.733s][info][gc,stats    ]   Finish Mark                        19 us
[905.733s][info][gc,stats    ]   Update Region States               16 us
[905.733s][info][gc,stats    ]   Choose Collection Set             158 us
[905.733s][info][gc,stats    ]   Rebuild Free Set                    9 us
[905.733s][info][gc,stats    ] Concurrent Thread Roots             785 us, parallelism: 1.85x
[905.733s][info][gc,stats    ]   CTR: <total>                     1454 us
[905.733s][info][gc,stats    ]   CTR: Thread Roots                1454 us, workers (us): 724, 731, ---, ---, 
[905.733s][info][gc,stats    ] Concurrent Weak References          265 us, parallelism: 0.96x
[905.733s][info][gc,stats    ]   CWRF: <total>                     255 us
[905.733s][info][gc,stats    ]   CWRF: Weak References             255 us, workers (us): 194,  62, ---, ---, 
[905.733s][info][gc,stats    ] Concurrent Weak Roots              3135 us
[905.733s][info][gc,stats    ]   Roots                            3031 us, parallelism: 1.92x
[905.733s][info][gc,stats    ]     CWR: <total>                   5829 us
[905.733s][info][gc,stats    ]     CWR: Code Cache Roots          4198 us, workers (us): 2024, 2174, ---, ---, 
[905.733s][info][gc,stats    ]     CWR: VM Weak Roots             1522 us, workers (us): 761, 761, ---, ---, 
[905.733s][info][gc,stats    ]     CWR: CLDG Roots                 109 us, workers (us): 109, ---, ---, ---, 
[905.733s][info][gc,stats    ]   Rendezvous                         60 us
[905.733s][info][gc,stats    ] Concurrent Cleanup                   45 us
[905.733s][info][gc,stats    ] Concurrent Class Unloading         5330 us
[905.733s][info][gc,stats    ]   Unlink Stale                     4953 us
[905.733s][info][gc,stats    ]     System Dictionary                70 us
[905.733s][info][gc,stats    ]     Weak Class Links                  0 us
[905.733s][info][gc,stats    ]     Code Roots                     4882 us
[905.733s][info][gc,stats    ]   Rendezvous                        130 us
[905.733s][info][gc,stats    ]   Purge Unlinked                    196 us
[905.733s][info][gc,stats    ]     Code Roots                      192 us
[905.733s][info][gc,stats    ]     CLDG                              4 us
[905.733s][info][gc,stats    ]     Exception Caches                  0 us
[905.733s][info][gc,stats    ] Concurrent Strong Roots             350 us, parallelism: 0.60x
[905.733s][info][gc,stats    ]   CSR: <total>                      210 us
[905.733s][info][gc,stats    ]   CSR: VM Strong Roots                9 us, workers (us):   5,   4, ---, ---, 
[905.733s][info][gc,stats    ]   CSR: CLDG Roots                   201 us, workers (us): 201, ---, ---, ---, 
[905.733s][info][gc,stats    ] Concurrent Evacuation             52316 us
[905.733s][info][gc,stats    ] Pause Init Update Refs (G)          107 us
[905.733s][info][gc,stats    ] Pause Init Update Refs (N)           56 us
[905.733s][info][gc,stats    ]   Manage GCLABs                       5 us
[905.733s][info][gc,stats    ] Concurrent Update Refs           142599 us
[905.733s][info][gc,stats    ] Concurrent Update Thread Roots     1385 us
[905.733s][info][gc,stats    ] Pause Final Update Refs (G)         238 us
[905.733s][info][gc,stats    ] Pause Final Update Refs (N)         173 us
[905.733s][info][gc,stats    ]   Update Region States               78 us
[905.733s][info][gc,stats    ]   Trash Collection Set               12 us
[905.733s][info][gc,stats    ]   Rebuild Free Set                   10 us
[905.733s][info][gc,stats    ] Concurrent Cleanup                   87 us
[905.733s][info][gc,stats    ] 
[905.733s][info][gc,stats    ] Allocation pacing accrued:
[905.733s][info][gc,stats    ]       0 of 11537 ms (  0.0%): <total>
[905.733s][info][gc,stats    ]       0 of 11537 ms (  0.0%): <average total>
[905.733s][info][gc,stats    ] 
[905.733s][info][gc,metaspace] Metaspace: 134995K(136384K)->134996K(136384K) NonClass: 114068K(114880K)->114068K(114880K) Class: 20927K(21504K)->20927K(21504K)
[905.733s][info][gc,ergo     ] Pacer for Idle. Initial: 163M, Alloc Tax Rate: 1.0x
[914.383s][info][gc          ] Trigger: Average GC time (495.32 ms) is above the time for average allocation rate (996 MB/s) to deplete free headroom (411M) (margin of error = 1.86)
[914.383s][info][gc,ergo     ] Free headroom: 820M (free) - 409M (spike) - 0B (penalties) = 411M
[914.383s][info][gc,ergo     ] Free: 820M, Max: 4096K regular, 360M humongous, Frag: 55% external, 0% internal; Reserve: 412M, Max: 4096K
[914.383s][info][gc,start    ] GC(97) Concurrent reset
[914.383s][info][gc,task     ] GC(97) Using 2 of 4 workers for concurrent reset
[914.383s][info][gc,ergo     ] GC(97) Pacer for Reset. Non-Taxable: 8192M
[914.400s][info][gc          ] GC(97) Concurrent reset 16.924ms
[914.400s][info][gc,start    ] GC(97) Pause Init Mark (unload classes)
[914.400s][info][gc,task     ] GC(97) Using 4 of 4 workers for init marking
[914.400s][info][gc,ergo     ] GC(97) Pacer for Mark. Expected Live: 494M, Free: 820M, Non-Taxable: 84049K, Alloc Tax Rate: 0.7x
[914.400s][info][gc          ] GC(97) Pause Init Mark (unload classes) 0.115ms
[914.401s][info][gc,start    ] GC(97) Concurrent marking roots
[914.401s][info][gc,task     ] GC(97) Using 2 of 4 workers for concurrent marking roots
[914.401s][info][gc          ] GC(97) Concurrent marking roots 0.955ms
[914.402s][info][gc,start    ] GC(97) Concurrent marking (unload classes)
[914.402s][info][gc,task     ] GC(97) Using 2 of 4 workers for concurrent marking
[914.638s][info][gc          ] GC(97) Concurrent marking (unload classes) 236.498ms
[914.638s][info][gc,start    ] GC(97) Pause Final Mark (unload classes)
[914.638s][info][gc,task     ] GC(97) Using 4 of 4 workers for final marking
[914.638s][info][gc,ergo     ] GC(97) Adaptive CSet Selection. Target Free: 1160M, Actual Free: 2268M, Max CSet: 341M, Min Garbage: 0B
[914.638s][info][gc,ergo     ] GC(97) Collectable Garbage: 6427M (99%), Immediate: 1292M (19%), CSet: 5135M (79%)
[914.638s][info][gc,ergo     ] GC(97) Pacer for Evacuation. Used CSet: 5220M, Free: 1869M, Non-Taxable: 186M, Alloc Tax Rate: 6.8x
[914.638s][info][gc          ] GC(97) Pause Final Mark (unload classes) 0.291ms
[914.638s][info][gc,start    ] GC(97) Concurrent thread roots
[914.638s][info][gc,task     ] GC(97) Using 2 of 4 workers for Concurrent thread roots
[914.639s][info][gc          ] GC(97) Concurrent thread roots 0.739ms
[914.639s][info][gc,start    ] GC(97) Concurrent weak references
[914.639s][info][gc,task     ] GC(97) Using 2 of 4 workers for concurrent weak references
[914.640s][info][gc,ref      ] GC(97) Encountered references: Soft: 6114, Weak: 23418, Final: 34, Phantom: 955
[914.640s][info][gc,ref      ] GC(97) Discovered  references: Soft: 0, Weak: 10969, Final: 33, Phantom: 832
[914.640s][info][gc,ref      ] GC(97) Enqueued    references: Soft: 0, Weak: 4, Final: 0, Phantom: 0
[914.640s][info][gc          ] GC(97) Concurrent weak references 0.560ms
[914.640s][info][gc,start    ] GC(97) Concurrent weak roots
[914.640s][info][gc,task     ] GC(97) Using 2 of 4 workers for concurrent weak root
[914.644s][info][gc          ] GC(97) Concurrent weak roots 3.905ms
[914.644s][info][gc,start    ] GC(97) Concurrent cleanup
[914.644s][info][gc          ] GC(97) Concurrent cleanup 7212M->5920M(8192M) 0.040ms
[914.644s][info][gc,ergo     ] GC(97) Free: 1860M, Max: 4096K regular, 360M humongous, Frag: 81% external, 0% internal; Reserve: 411M, Max: 4096K
[914.644s][info][gc,start    ] GC(97) Concurrent class unloading
[914.644s][info][gc,task     ] GC(97) Using 2 of 4 workers for concurrent class unloading
[914.651s][info][gc          ] GC(97) Concurrent class unloading 6.845ms
[914.651s][info][gc,start    ] GC(97) Concurrent strong roots
[914.651s][info][gc,task     ] GC(97) Using 2 of 4 workers for concurrent strong root
[914.651s][info][gc          ] GC(97) Concurrent strong roots 0.433ms
[914.651s][info][gc,start    ] GC(97) Concurrent evacuation
[914.651s][info][gc,task     ] GC(97) Using 2 of 4 workers for concurrent evacuation
[914.695s][info][gc          ] GC(97) Concurrent evacuation 43.929ms
[914.695s][info][gc,start    ] GC(97) Pause Init Update Refs
[914.695s][info][gc,ergo     ] GC(97) Pacer for Update Refs. Used: 6043M, Free: 1824M, Non-Taxable: 182M, Alloc Tax Rate: 4.0x
[914.695s][info][gc          ] GC(97) Pause Init Update Refs 0.044ms
[914.695s][info][gc,start    ] GC(97) Concurrent update references
[914.695s][info][gc,task     ] GC(97) Using 2 of 4 workers for concurrent reference update
[914.845s][info][gc          ] GC(97) Concurrent update references 149.444ms
[914.845s][info][gc,start    ] GC(97) Concurrent update thread roots
[914.846s][info][gc          ] GC(97) Concurrent update thread roots 1.304ms
[914.846s][info][gc,start    ] GC(97) Pause Final Update Refs
[914.846s][info][gc,task     ] GC(97) Using 4 of 4 workers for final reference update
[914.846s][info][gc          ] GC(97) Pause Final Update Refs 0.103ms
[914.846s][info][gc,start    ] GC(97) Concurrent cleanup
[914.846s][info][gc          ] GC(97) Concurrent cleanup 6116M->896M(8192M) 0.076ms
[914.846s][info][gc,ergo     ] Free: 6883M, Max: 4096K regular, 5784M humongous, Frag: 16% external, 0% internal; Reserve: 412M, Max: 4096K
[914.846s][info][gc,stats    ] 
[914.846s][info][gc,stats    ] All times are wall-clock times, except per-root-class counters, that are sum over
[914.846s][info][gc,stats    ] all workers. Dividing the <total> over the root stage time estimates parallelism.
[914.846s][info][gc,stats    ] 
[914.846s][info][gc,stats    ] Concurrent Reset                  16978 us
[914.846s][info][gc,stats    ] Pause Init Mark (G)                 269 us
[914.846s][info][gc,stats    ] Pause Init Mark (N)                 128 us
[914.846s][info][gc,stats    ]   Update Region States               43 us
[914.846s][info][gc,stats    ] Concurrent Mark Roots               978 us, parallelism: 1.62x
[914.846s][info][gc,stats    ]   CMR: <total>                     1583 us
[914.846s][info][gc,stats    ]   CMR: Thread Roots                1449 us, workers (us): 674, 775, ---, ---, 
[914.846s][info][gc,stats    ]   CMR: VM Strong Roots               13 us, workers (us):  13,   0, ---, ---, 
[914.846s][info][gc,stats    ]   CMR: CLDG Roots                   121 us, workers (us): 121, ---, ---, ---, 
[914.846s][info][gc,stats    ] Concurrent Marking               236535 us
[914.846s][info][gc,stats    ] Pause Final Mark (G)                353 us
[914.846s][info][gc,stats    ] Pause Final Mark (N)                302 us
[914.846s][info][gc,stats    ]   Finish Mark                        58 us
[914.846s][info][gc,stats    ]   Update Region States               16 us
[914.846s][info][gc,stats    ]   Choose Collection Set             152 us
[914.846s][info][gc,stats    ]   Rebuild Free Set                   10 us
[914.846s][info][gc,stats    ] Concurrent Thread Roots             765 us, parallelism: 1.81x
[914.846s][info][gc,stats    ]   CTR: <total>                     1381 us
[914.846s][info][gc,stats    ]   CTR: Thread Roots                1381 us, workers (us): 696, 685, ---, ---, 
[914.847s][info][gc,stats    ] Concurrent Weak References          572 us, parallelism: 0.85x
[914.847s][info][gc,stats    ]   CWRF: <total>                     486 us
[914.847s][info][gc,stats    ]   CWRF: Weak References             486 us, workers (us):   5, 481, ---, ---, 
[914.847s][info][gc,stats    ] Concurrent Weak Roots              3931 us
[914.847s][info][gc,stats    ]   Roots                            3820 us, parallelism: 1.94x
[914.847s][info][gc,stats    ]     CWR: <total>                   7420 us
[914.847s][info][gc,stats    ]     CWR: Code Cache Roots          5724 us, workers (us): 2787, 2937, ---, ---, 
[914.847s][info][gc,stats    ]     CWR: VM Weak Roots             1589 us, workers (us): 794, 795, ---, ---, 
[914.847s][info][gc,stats    ]     CWR: CLDG Roots                 107 us, workers (us): 107, ---, ---, ---, 
[914.847s][info][gc,stats    ]   Rendezvous                         61 us
[914.847s][info][gc,stats    ] Concurrent Cleanup                   53 us
[914.847s][info][gc,stats    ] Concurrent Class Unloading         6880 us
[914.847s][info][gc,stats    ]   Unlink Stale                     6513 us
[914.847s][info][gc,stats    ]     System Dictionary                79 us
[914.847s][info][gc,stats    ]     Weak Class Links                  0 us
[914.847s][info][gc,stats    ]     Code Roots                     6432 us
[914.847s][info][gc,stats    ]   Rendezvous                        150 us
[914.847s][info][gc,stats    ]   Purge Unlinked                    158 us
[914.847s][info][gc,stats    ]     Code Roots                      154 us
[914.847s][info][gc,stats    ]     CLDG                              4 us
[914.847s][info][gc,stats    ]     Exception Caches                  0 us
[914.847s][info][gc,stats    ] Concurrent Strong Roots             457 us, parallelism: 0.75x
[914.847s][info][gc,stats    ]   CSR: <total>                      344 us
[914.847s][info][gc,stats    ]   CSR: VM Strong Roots               11 us, workers (us):   5,   5, ---, ---, 
[914.847s][info][gc,stats    ]   CSR: CLDG Roots                   333 us, workers (us): ---, 333, ---, ---, 
[914.847s][info][gc,stats    ] Concurrent Evacuation             43969 us
[914.847s][info][gc,stats    ] Pause Init Update Refs (G)          116 us
[914.847s][info][gc,stats    ] Pause Init Update Refs (N)           55 us
[914.847s][info][gc,stats    ]   Manage GCLABs                       5 us
[914.847s][info][gc,stats    ] Concurrent Update Refs           149480 us
[914.847s][info][gc,stats    ] Concurrent Update Thread Roots     1326 us
[914.847s][info][gc,stats    ] Pause Final Update Refs (G)         175 us
[914.847s][info][gc,stats    ] Pause Final Update Refs (N)         127 us
[914.847s][info][gc,stats    ]   Update Region States               44 us
[914.847s][info][gc,stats    ]   Trash Collection Set               12 us
[914.847s][info][gc,stats    ]   Rebuild Free Set                   10 us
[914.847s][info][gc,stats    ] Concurrent Cleanup                   92 us
[914.847s][info][gc,stats    ] 
[914.847s][info][gc,stats    ] Allocation pacing accrued:
[914.847s][info][gc,stats    ]       0 of  9113 ms (  0.0%): <total>
[914.847s][info][gc,stats    ]       0 of  9113 ms (  0.0%): <average total>
[914.847s][info][gc,stats    ] 
[914.847s][info][gc,metaspace] Metaspace: 134999K(136384K)->134999K(136384K) NonClass: 114071K(114880K)->114071K(114880K) Class: 20927K(21504K)->20927K(21504K)
[914.847s][info][gc,ergo     ] Pacer for Idle. Initial: 163M, Alloc Tax Rate: 1.0x
[922.391s][info][gc          ] Trigger: Average GC time (485.80 ms) is above the time for average allocation rate (1099 MB/s) to deplete free headroom (459M) (margin of error = 1.86)
[922.391s][info][gc,ergo     ] Free headroom: 868M (free) - 409M (spike) - 0B (penalties) = 459M
[922.391s][info][gc,ergo     ] Free: 868M, Max: 4096K regular, 352M humongous, Frag: 59% external, 0% internal; Reserve: 412M, Max: 4096K
[922.391s][info][gc,start    ] GC(98) Concurrent reset
[922.391s][info][gc,task     ] GC(98) Using 2 of 4 workers for concurrent reset
[922.391s][info][gc,ergo     ] GC(98) Pacer for Reset. Non-Taxable: 8192M
[922.409s][info][gc          ] GC(98) Concurrent reset 18.294ms
[922.410s][info][gc,start    ] GC(98) Pause Init Mark (unload classes)
[922.410s][info][gc,task     ] GC(98) Using 4 of 4 workers for init marking
[922.410s][info][gc,ergo     ] GC(98) Pacer for Mark. Expected Live: 488M, Free: 852M, Non-Taxable: 87317K, Alloc Tax Rate: 0.7x
[922.410s][info][gc          ] GC(98) Pause Init Mark (unload classes) 0.113ms
[922.410s][info][gc,start    ] GC(98) Concurrent marking roots
[922.410s][info][gc,task     ] GC(98) Using 2 of 4 workers for concurrent marking roots
[922.411s][info][gc          ] GC(98) Concurrent marking roots 0.965ms
[922.411s][info][gc,start    ] GC(98) Concurrent marking (unload classes)
[922.411s][info][gc,task     ] GC(98) Using 2 of 4 workers for concurrent marking
[922.657s][info][gc          ] GC(98) Concurrent marking (unload classes) 246.165ms
[922.657s][info][gc,start    ] GC(98) Pause Final Mark (unload classes)
[922.657s][info][gc,task     ] GC(98) Using 4 of 4 workers for final marking
[922.657s][info][gc,ergo     ] GC(98) Adaptive CSet Selection. Target Free: 1160M, Actual Free: 3104M, Max CSet: 341M, Min Garbage: 0B
[922.657s][info][gc,ergo     ] GC(98) Collectable Garbage: 6393M (99%), Immediate: 2184M (33%), CSet: 4209M (65%)
[922.657s][info][gc,ergo     ] GC(98) Pacer for Evacuation. Used CSet: 4296M, Free: 2708M, Non-Taxable: 270M, Alloc Tax Rate: 3.9x
[922.657s][info][gc          ] GC(98) Pause Final Mark (unload classes) 0.242ms
[922.657s][info][gc,start    ] GC(98) Concurrent thread roots
[922.657s][info][gc,task     ] GC(98) Using 2 of 4 workers for Concurrent thread roots
[922.658s][info][gc          ] GC(98) Concurrent thread roots 0.655ms
[922.658s][info][gc,start    ] GC(98) Concurrent weak references
[922.658s][info][gc,task     ] GC(98) Using 2 of 4 workers for concurrent weak references
[922.658s][info][gc,ref      ] GC(98) Encountered references: Soft: 6114, Weak: 23415, Final: 34, Phantom: 955
[922.658s][info][gc,ref      ] GC(98) Discovered  references: Soft: 0, Weak: 882, Final: 0, Phantom: 826
[922.658s][info][gc,ref      ] GC(98) Enqueued    references: Soft: 0, Weak: 1, Final: 0, Phantom: 0
[922.658s][info][gc          ] GC(98) Concurrent weak references 0.169ms
[922.658s][info][gc,start    ] GC(98) Concurrent weak roots
[922.658s][info][gc,task     ] GC(98) Using 2 of 4 workers for concurrent weak root
[922.662s][info][gc          ] GC(98) Concurrent weak roots 3.378ms
[922.662s][info][gc,start    ] GC(98) Concurrent cleanup
[922.662s][info][gc          ] GC(98) Concurrent cleanup 7267M->5083M(8192M) 0.040ms
[922.662s][info][gc,ergo     ] GC(98) Free: 2697M, Max: 4096K regular, 352M humongous, Frag: 87% external, 0% internal; Reserve: 411M, Max: 4096K
[922.662s][info][gc,start    ] GC(98) Concurrent class unloading
[922.662s][info][gc,task     ] GC(98) Using 2 of 4 workers for concurrent class unloading
[922.667s][info][gc          ] GC(98) Concurrent class unloading 5.078ms
[922.667s][info][gc,start    ] GC(98) Concurrent strong roots
[922.667s][info][gc,task     ] GC(98) Using 2 of 4 workers for concurrent strong root
[922.667s][info][gc          ] GC(98) Concurrent strong roots 0.347ms
[922.667s][info][gc,start    ] GC(98) Concurrent evacuation
[922.667s][info][gc,task     ] GC(98) Using 2 of 4 workers for concurrent evacuation
[922.711s][info][gc          ] GC(98) Concurrent evacuation 43.451ms
[922.711s][info][gc,start    ] GC(98) Pause Init Update Refs
[922.711s][info][gc,ergo     ] GC(98) Pacer for Update Refs. Used: 5207M, Free: 2664M, Non-Taxable: 266M, Alloc Tax Rate: 2.4x
[922.711s][info][gc          ] GC(98) Pause Init Update Refs 0.045ms
[922.711s][info][gc,start    ] GC(98) Concurrent update references
[922.711s][info][gc,task     ] GC(98) Using 2 of 4 workers for concurrent reference update
[922.877s][info][gc          ] GC(98) Concurrent update references 165.972ms
[922.877s][info][gc,start    ] GC(98) Concurrent update thread roots
[922.878s][info][gc          ] GC(98) Concurrent update thread roots 1.205ms
[922.878s][info][gc,start    ] GC(98) Pause Final Update Refs
[922.878s][info][gc,task     ] GC(98) Using 4 of 4 workers for final reference update
[922.878s][info][gc          ] GC(98) Pause Final Update Refs 0.096ms
[922.878s][info][gc,start    ] GC(98) Concurrent cleanup
[922.878s][info][gc          ] GC(98) Concurrent cleanup 5362M->1067M(8192M) 0.065ms
[922.878s][info][gc,ergo     ] Free: 6712M, Max: 4096K regular, 5636M humongous, Frag: 16% external, 0% internal; Reserve: 412M, Max: 4096K
[922.878s][info][gc,stats    ] 
[922.878s][info][gc,stats    ] All times are wall-clock times, except per-root-class counters, that are sum over
[922.878s][info][gc,stats    ] all workers. Dividing the <total> over the root stage time estimates parallelism.
[922.878s][info][gc,stats    ] 
[922.878s][info][gc,stats    ] Concurrent Reset                  18371 us
[922.878s][info][gc,stats    ] Pause Init Mark (G)                 253 us
[922.878s][info][gc,stats    ] Pause Init Mark (N)                 124 us
[922.878s][info][gc,stats    ]   Update Region States               48 us
[922.878s][info][gc,stats    ] Concurrent Mark Roots               986 us, parallelism: 1.59x
[922.878s][info][gc,stats    ]   CMR: <total>                     1572 us
[922.878s][info][gc,stats    ]   CMR: Thread Roots                1427 us, workers (us): 654, 773, ---, ---, 
[922.878s][info][gc,stats    ]   CMR: VM Strong Roots               13 us, workers (us):  13,   0, ---, ---, 
[922.878s][info][gc,stats    ]   CMR: CLDG Roots                   132 us, workers (us): 132, ---, ---, ---, 
[922.878s][info][gc,stats    ] Concurrent Marking               246196 us
[922.878s][info][gc,stats    ] Pause Final Mark (G)                314 us
[922.878s][info][gc,stats    ] Pause Final Mark (N)                253 us
[922.878s][info][gc,stats    ]   Finish Mark                        19 us
[922.878s][info][gc,stats    ]   Update Region States               16 us
[922.878s][info][gc,stats    ]   Choose Collection Set             141 us
[922.878s][info][gc,stats    ]   Rebuild Free Set                   11 us
[922.878s][info][gc,stats    ] Concurrent Thread Roots             677 us, parallelism: 1.79x
[922.878s][info][gc,stats    ]   CTR: <total>                     1212 us
[922.878s][info][gc,stats    ]   CTR: Thread Roots                1212 us, workers (us): 602, 609, ---, ---, 
[922.878s][info][gc,stats    ] Concurrent Weak References          180 us, parallelism: 0.64x
[922.878s][info][gc,stats    ]   CWRF: <total>                     115 us
[922.878s][info][gc,stats    ]   CWRF: Weak References             115 us, workers (us):  19,  96, ---, ---, 
[922.878s][info][gc,stats    ] Concurrent Weak Roots              3404 us
[922.878s][info][gc,stats    ]   Roots                            3292 us, parallelism: 1.91x
[922.878s][info][gc,stats    ]     CWR: <total>                   6301 us
[922.878s][info][gc,stats    ]     CWR: Code Cache Roots          4322 us, workers (us): 2238, 2084, ---, ---, 
[922.879s][info][gc,stats    ]     CWR: VM Weak Roots             1898 us, workers (us): 950, 948, ---, ---, 
[922.879s][info][gc,stats    ]     CWR: CLDG Roots                  81 us, workers (us): ---,  81, ---, ---, 
[922.879s][info][gc,stats    ]   Rendezvous                         65 us
[922.879s][info][gc,stats    ] Concurrent Cleanup                   53 us
[922.879s][info][gc,stats    ] Concurrent Class Unloading         5105 us
[922.879s][info][gc,stats    ]   Unlink Stale                     4823 us
[922.879s][info][gc,stats    ]     System Dictionary                61 us
[922.879s][info][gc,stats    ]     Weak Class Links                  0 us
[922.879s][info][gc,stats    ]     Code Roots                     4761 us
[922.879s][info][gc,stats    ]   Rendezvous                         83 us
[922.879s][info][gc,stats    ]   Purge Unlinked                    146 us
[922.879s][info][gc,stats    ]     Code Roots                      141 us
[922.879s][info][gc,stats    ]     CLDG                              5 us
[922.879s][info][gc,stats    ]     Exception Caches                  0 us
[922.879s][info][gc,stats    ] Concurrent Strong Roots             363 us, parallelism: 0.69x
[922.879s][info][gc,stats    ]   CSR: <total>                      249 us
[922.879s][info][gc,stats    ]   CSR: VM Strong Roots                9 us, workers (us):   5,   5, ---, ---, 
[922.879s][info][gc,stats    ]   CSR: CLDG Roots                   240 us, workers (us): ---, 240, ---, ---, 
[922.879s][info][gc,stats    ] Concurrent Evacuation             43495 us
[922.879s][info][gc,stats    ] Pause Init Update Refs (G)           72 us
[922.879s][info][gc,stats    ] Pause Init Update Refs (N)           56 us
[922.879s][info][gc,stats    ]   Manage GCLABs                       5 us
[922.879s][info][gc,stats    ] Concurrent Update Refs           166005 us
[922.879s][info][gc,stats    ] Concurrent Update Thread Roots     1229 us
[922.879s][info][gc,stats    ] Pause Final Update Refs (G)         150 us
[922.879s][info][gc,stats    ] Pause Final Update Refs (N)         122 us
[922.879s][info][gc,stats    ]   Update Region States               40 us
[922.879s][info][gc,stats    ]   Trash Collection Set               11 us
[922.879s][info][gc,stats    ]   Rebuild Free Set                   12 us
[922.879s][info][gc,stats    ] Concurrent Cleanup                   84 us
[922.879s][info][gc,stats    ] 
[922.879s][info][gc,stats    ] Allocation pacing accrued:
[922.879s][info][gc,stats    ]       0 of  8032 ms (  0.0%): <total>
[922.879s][info][gc,stats    ]       0 of  8032 ms (  0.0%): <average total>
[922.879s][info][gc,stats    ] 
[922.879s][info][gc,metaspace] Metaspace: 135017K(136384K)->135017K(136384K) NonClass: 114089K(114880K)->114089K(114880K) Class: 20927K(21504K)->20927K(21504K)
[922.879s][info][gc,ergo     ] Pacer for Idle. Initial: 163M, Alloc Tax Rate: 1.0x
[933.419s][info][gc          ] Trigger: Free (817M) is below minimum threshold (819M)
[933.419s][info][gc,ergo     ] Free: 817M, Max: 4096K regular, 348M humongous, Frag: 57% external, 0% internal; Reserve: 412M, Max: 4096K
[933.419s][info][gc,start    ] GC(99) Concurrent reset
[933.419s][info][gc,task     ] GC(99) Using 2 of 4 workers for concurrent reset
[933.419s][info][gc,ergo     ] GC(99) Pacer for Reset. Non-Taxable: 8192M
[933.437s][info][gc          ] GC(99) Concurrent reset 17.753ms
[933.437s][info][gc,start    ] GC(99) Pause Init Mark (unload classes)
[933.437s][info][gc,task     ] GC(99) Using 4 of 4 workers for init marking
[933.437s][info][gc,ergo     ] GC(99) Pacer for Mark. Expected Live: 493M, Free: 805M, Non-Taxable: 82432K, Alloc Tax Rate: 0.7x
[933.437s][info][gc          ] GC(99) Pause Init Mark (unload classes) 0.125ms
[933.437s][info][gc,start    ] GC(99) Concurrent marking roots
[933.437s][info][gc,task     ] GC(99) Using 2 of 4 workers for concurrent marking roots
[933.438s][info][gc          ] GC(99) Concurrent marking roots 1.131ms
[933.438s][info][gc,start    ] GC(99) Concurrent marking (unload classes)
[933.438s][info][gc,task     ] GC(99) Using 2 of 4 workers for concurrent marking
[933.667s][info][gc          ] GC(99) Concurrent marking (unload classes) 228.851ms
[933.667s][info][gc,start    ] GC(99) Pause Final Mark (unload classes)
[933.667s][info][gc,task     ] GC(99) Using 4 of 4 workers for final marking
[933.667s][info][gc,ergo     ] GC(99) Adaptive CSet Selection. Target Free: 1160M, Actual Free: 2516M, Max CSet: 341M, Min Garbage: 0B
[933.667s][info][gc,ergo     ] GC(99) Collectable Garbage: 6464M (99%), Immediate: 1488M (22%), CSet: 4976M (76%)
[933.667s][info][gc,ergo     ] GC(99) Pacer for Evacuation. Used CSet: 5040M, Free: 2121M, Non-Taxable: 212M, Alloc Tax Rate: 5.8x
[933.667s][info][gc          ] GC(99) Pause Final Mark (unload classes) 0.321ms
[933.667s][info][gc,start    ] GC(99) Concurrent thread roots
[933.667s][info][gc,task     ] GC(99) Using 2 of 4 workers for Concurrent thread roots
[933.668s][info][gc          ] GC(99) Concurrent thread roots 0.786ms
[933.668s][info][gc,start    ] GC(99) Concurrent weak references
[933.668s][info][gc,task     ] GC(99) Using 2 of 4 workers for concurrent weak references
[933.668s][info][gc,ref      ] GC(99) Encountered references: Soft: 6114, Weak: 23423, Final: 34, Phantom: 963
[933.668s][info][gc,ref      ] GC(99) Discovered  references: Soft: 0, Weak: 8264, Final: 0, Phantom: 678
[933.668s][info][gc,ref      ] GC(99) Enqueued    references: Soft: 0, Weak: 7, Final: 0, Phantom: 2
[933.669s][info][gc          ] GC(99) Concurrent weak references 0.445ms
[933.669s][info][gc,start    ] GC(99) Concurrent weak roots
[933.669s][info][gc,task     ] GC(99) Using 2 of 4 workers for concurrent weak root
[933.673s][info][gc          ] GC(99) Concurrent weak roots 4.012ms
[933.673s][info][gc,start    ] GC(99) Concurrent cleanup
[933.673s][info][gc          ] GC(99) Concurrent cleanup 7155M->5667M(8192M) 0.053ms
[933.673s][info][gc,ergo     ] GC(99) Free: 2112M, Max: 4096K regular, 348M humongous, Frag: 84% external, 0% internal; Reserve: 411M, Max: 4096K
[933.673s][info][gc,start    ] GC(99) Concurrent class unloading
[933.673s][info][gc,task     ] GC(99) Using 2 of 4 workers for concurrent class unloading
[933.680s][info][gc          ] GC(99) Concurrent class unloading 7.076ms
[933.680s][info][gc,start    ] GC(99) Concurrent strong roots
[933.680s][info][gc,task     ] GC(99) Using 2 of 4 workers for concurrent strong root
[933.681s][info][gc          ] GC(99) Concurrent strong roots 0.754ms
[933.681s][info][gc,start    ] GC(99) Concurrent evacuation
[933.681s][info][gc,task     ] GC(99) Using 2 of 4 workers for concurrent evacuation
[933.716s][info][gc          ] GC(99) Concurrent evacuation 35.036ms
[933.716s][info][gc,start    ] GC(99) Pause Init Update Refs
[933.716s][info][gc,ergo     ] GC(99) Pacer for Update Refs. Used: 5759M, Free: 2088M, Non-Taxable: 208M, Alloc Tax Rate: 3.4x
[933.716s][info][gc          ] GC(99) Pause Init Update Refs 0.156ms
[933.716s][info][gc,start    ] GC(99) Concurrent update references
[933.716s][info][gc,task     ] GC(99) Using 2 of 4 workers for concurrent reference update
[933.857s][info][gc          ] GC(99) Concurrent update references 140.827ms
[933.857s][info][gc,start    ] GC(99) Concurrent update thread roots
[933.858s][info][gc          ] GC(99) Concurrent update thread roots 1.340ms
[933.858s][info][gc,start    ] GC(99) Pause Final Update Refs
[933.858s][info][gc,task     ] GC(99) Using 4 of 4 workers for final reference update
[933.858s][info][gc          ] GC(99) Pause Final Update Refs 0.129ms
[933.858s][info][gc,start    ] GC(99) Concurrent cleanup
[933.858s][info][gc          ] GC(99) Concurrent cleanup 5819M->779M(8192M) 0.106ms
[933.859s][info][gc,ergo     ] Free: 7000M, Max: 4096K regular, 5592M humongous, Frag: 20% external, 0% internal; Reserve: 412M, Max: 4096K
[933.859s][info][gc,stats    ] 
[933.859s][info][gc,stats    ] All times are wall-clock times, except per-root-class counters, that are sum over
[933.859s][info][gc,stats    ] all workers. Dividing the <total> over the root stage time estimates parallelism.
[933.859s][info][gc,stats    ] 
[933.859s][info][gc,stats    ] Concurrent Reset                  17798 us
[933.859s][info][gc,stats    ] Pause Init Mark (G)                 231 us
[933.859s][info][gc,stats    ] Pause Init Mark (N)                 138 us
[933.859s][info][gc,stats    ]   Update Region States               52 us
[933.859s][info][gc,stats    ] Concurrent Mark Roots              1152 us, parallelism: 1.43x
[933.859s][info][gc,stats    ]   CMR: <total>                     1645 us
[933.859s][info][gc,stats    ]   CMR: Thread Roots                1440 us, workers (us): 631, 809, ---, ---, 
[933.859s][info][gc,stats    ]   CMR: VM Strong Roots               16 us, workers (us):  16,   0, ---, ---, 
[933.859s][info][gc,stats    ]   CMR: CLDG Roots                   189 us, workers (us): 189, ---, ---, ---, 
[933.859s][info][gc,stats    ] Concurrent Marking               228901 us
[933.859s][info][gc,stats    ] Pause Final Mark (G)                426 us
[933.859s][info][gc,stats    ] Pause Final Mark (N)                332 us
[933.859s][info][gc,stats    ]   Finish Mark                        55 us
[933.859s][info][gc,stats    ]   Update Region States               50 us
[933.859s][info][gc,stats    ]   Choose Collection Set             149 us
[933.859s][info][gc,stats    ]   Rebuild Free Set                   10 us
[933.859s][info][gc,stats    ] Concurrent Thread Roots             807 us, parallelism: 1.76x
[933.859s][info][gc,stats    ]   CTR: <total>                     1422 us
[933.859s][info][gc,stats    ]   CTR: Thread Roots                1422 us, workers (us): 712, 710, ---, ---, 
[933.859s][info][gc,stats    ] Concurrent Weak References          456 us, parallelism: 0.73x
[933.859s][info][gc,stats    ]   CWRF: <total>                     331 us
[933.859s][info][gc,stats    ]   CWRF: Weak References             331 us, workers (us):  41, 290, ---, ---, 
[933.859s][info][gc,stats    ] Concurrent Weak Roots              4037 us
[933.859s][info][gc,stats    ]   Roots                            3926 us, parallelism: 1.90x
[933.859s][info][gc,stats    ]     CWR: <total>                   7447 us
[933.859s][info][gc,stats    ]     CWR: Code Cache Roots          5581 us, workers (us): 2865, 2716, ---, ---, 
[933.859s][info][gc,stats    ]     CWR: VM Weak Roots             1738 us, workers (us): 876, 862, ---, ---, 
[933.859s][info][gc,stats    ]     CWR: CLDG Roots                 128 us, workers (us): ---, 128, ---, ---, 
[933.859s][info][gc,stats    ]   Rendezvous                         65 us
[933.859s][info][gc,stats    ] Concurrent Cleanup                   66 us
[933.859s][info][gc,stats    ] Concurrent Class Unloading         7171 us
[933.859s][info][gc,stats    ]   Unlink Stale                     6679 us
[933.859s][info][gc,stats    ]     System Dictionary               115 us
[933.859s][info][gc,stats    ]     Weak Class Links                  0 us
[933.859s][info][gc,stats    ]     Code Roots                     6562 us
[933.859s][info][gc,stats    ]   Rendezvous                        108 us
[933.859s][info][gc,stats    ]   Purge Unlinked                    263 us
[933.859s][info][gc,stats    ]     Code Roots                      257 us
[933.859s][info][gc,stats    ]     CLDG                              6 us
[933.859s][info][gc,stats    ]     Exception Caches                  0 us
[933.859s][info][gc,stats    ] Concurrent Strong Roots             783 us, parallelism: 0.66x
[933.859s][info][gc,stats    ]   CSR: <total>                      516 us
[933.859s][info][gc,stats    ]   CSR: VM Strong Roots               16 us, workers (us):   9,   7, ---, ---, 
[933.859s][info][gc,stats    ]   CSR: CLDG Roots                   500 us, workers (us): ---, 500, ---, ---, 
[933.859s][info][gc,stats    ] Concurrent Evacuation             35083 us
[933.859s][info][gc,stats    ] Pause Init Update Refs (G)          203 us
[933.859s][info][gc,stats    ] Pause Init Update Refs (N)          170 us
[933.859s][info][gc,stats    ]   Manage GCLABs                       5 us
[933.859s][info][gc,stats    ] Concurrent Update Refs           140856 us
[933.859s][info][gc,stats    ] Concurrent Update Thread Roots     1362 us
[933.859s][info][gc,stats    ] Pause Final Update Refs (G)         266 us
[933.859s][info][gc,stats    ] Pause Final Update Refs (N)         152 us
[933.859s][info][gc,stats    ]   Update Region States               66 us
[933.859s][info][gc,stats    ]   Trash Collection Set               15 us
[933.859s][info][gc,stats    ]   Rebuild Free Set                   12 us
[933.859s][info][gc,stats    ] Concurrent Cleanup                  128 us
[933.859s][info][gc,stats    ] 
[933.859s][info][gc,stats    ] Allocation pacing accrued:
[933.859s][info][gc,stats    ]       0 of 10980 ms (  0.0%): <total>
[933.859s][info][gc,stats    ]       0 of 10980 ms (  0.0%): <average total>
[933.859s][info][gc,stats    ] 
[933.859s][info][gc,metaspace] Metaspace: 135029K(136384K)->135029K(136384K) NonClass: 114097K(114880K)->114097K(114880K) Class: 20931K(21504K)->20931K(21504K)
[933.859s][info][gc,ergo     ] Pacer for Idle. Initial: 163M, Alloc Tax Rate: 1.0x
[942.508s][info][gc          ] Trigger: Average GC time (496.04 ms) is above the time for instantaneous allocation rate (1278 MB/s) to deplete free headroom (607M) (spike threshold = 1.71)
[942.508s][info][gc,ergo     ] Free: 1016M, Max: 4096K regular, 452M humongous, Frag: 55% external, 0% internal; Reserve: 412M, Max: 4096K
[942.508s][info][gc,start    ] GC(100) Concurrent reset
[942.508s][info][gc,task     ] GC(100) Using 2 of 4 workers for concurrent reset
[942.508s][info][gc,ergo     ] GC(100) Pacer for Reset. Non-Taxable: 8192M
[942.521s][info][gc          ] GC(100) Concurrent reset 13.161ms
[942.521s][info][gc,start    ] GC(100) Pause Init Mark (unload classes)
[942.521s][info][gc,task     ] GC(100) Using 4 of 4 workers for init marking
[942.521s][info][gc,ergo     ] GC(100) Pacer for Mark. Expected Live: 487M, Free: 1012M, Non-Taxable: 101M, Alloc Tax Rate: 0.6x
[942.521s][info][gc          ] GC(100) Pause Init Mark (unload classes) 0.101ms
[942.521s][info][gc,start    ] GC(100) Concurrent marking roots
[942.521s][info][gc,task     ] GC(100) Using 2 of 4 workers for concurrent marking roots
[942.522s][info][gc          ] GC(100) Concurrent marking roots 0.943ms
[942.522s][info][gc,start    ] GC(100) Concurrent marking (unload classes)
[942.522s][info][gc,task     ] GC(100) Using 2 of 4 workers for concurrent marking
[942.763s][info][gc          ] GC(100) Concurrent marking (unload classes) 240.492ms
[942.763s][info][gc,start    ] GC(100) Pause Final Mark (unload classes)
[942.763s][info][gc,task     ] GC(100) Using 4 of 4 workers for final marking
[942.763s][info][gc,ergo     ] GC(100) Adaptive CSet Selection. Target Free: 1160M, Actual Free: 2140M, Max CSet: 341M, Min Garbage: 0B
[942.763s][info][gc,ergo     ] GC(100) Collectable Garbage: 6217M (99%), Immediate: 884M (14%), CSet: 5333M (85%)
[942.763s][info][gc,ergo     ] GC(100) Pacer for Evacuation. Used CSet: 5436M, Free: 1744M, Non-Taxable: 174M, Alloc Tax Rate: 7.6x
[942.763s][info][gc          ] GC(100) Pause Final Mark (unload classes) 0.271ms
[942.763s][info][gc,start    ] GC(100) Concurrent thread roots
[942.763s][info][gc,task     ] GC(100) Using 2 of 4 workers for Concurrent thread roots
[942.764s][info][gc          ] GC(100) Concurrent thread roots 0.774ms
[942.764s][info][gc,start    ] GC(100) Concurrent weak references
[942.764s][info][gc,task     ] GC(100) Using 2 of 4 workers for concurrent weak references
[942.764s][info][gc,ref      ] GC(100) Encountered references: Soft: 6114, Weak: 23421, Final: 34, Phantom: 967
[942.764s][info][gc,ref      ] GC(100) Discovered  references: Soft: 0, Weak: 704, Final: 0, Phantom: 686
[942.764s][info][gc,ref      ] GC(100) Enqueued    references: Soft: 0, Weak: 3, Final: 0, Phantom: 0
[942.764s][info][gc          ] GC(100) Concurrent weak references 0.141ms
[942.764s][info][gc,start    ] GC(100) Concurrent weak roots
[942.764s][info][gc,task     ] GC(100) Using 2 of 4 workers for concurrent weak root
[942.767s][info][gc          ] GC(100) Concurrent weak roots 2.896ms
[942.767s][info][gc,start    ] GC(100) Concurrent cleanup
[942.767s][info][gc          ] GC(100) Concurrent cleanup 6931M->6047M(8192M) 0.033ms
[942.767s][info][gc,ergo     ] GC(100) Free: 1734M, Max: 4096K regular, 452M humongous, Frag: 74% external, 0% internal; Reserve: 410M, Max: 4096K
[942.767s][info][gc,start    ] GC(100) Concurrent class unloading
[942.767s][info][gc,task     ] GC(100) Using 2 of 4 workers for concurrent class unloading
[942.772s][info][gc          ] GC(100) Concurrent class unloading 4.897ms
[942.772s][info][gc,start    ] GC(100) Concurrent strong roots
[942.772s][info][gc,task     ] GC(100) Using 2 of 4 workers for concurrent strong root
[942.772s][info][gc          ] GC(100) Concurrent strong roots 0.297ms
[942.772s][info][gc,start    ] GC(100) Concurrent evacuation
[942.772s][info][gc,task     ] GC(100) Using 2 of 4 workers for concurrent evacuation
[942.821s][info][gc          ] GC(100) Concurrent evacuation 48.488ms
[942.821s][info][gc,start    ] GC(100) Pause Init Update Refs
[942.821s][info][gc,ergo     ] GC(100) Pacer for Update Refs. Used: 6169M, Free: 1718M, Non-Taxable: 171M, Alloc Tax Rate: 4.4x
[942.821s][info][gc          ] GC(100) Pause Init Update Refs 0.044ms
[942.821s][info][gc,start    ] GC(100) Concurrent update references
[942.821s][info][gc,task     ] GC(100) Using 2 of 4 workers for concurrent reference update
[942.971s][info][gc          ] GC(100) Concurrent update references 150.246ms
[942.971s][info][gc,start    ] GC(100) Concurrent update thread roots
[942.972s][info][gc          ] GC(100) Concurrent update thread roots 1.335ms
[942.973s][info][gc,start    ] GC(100) Pause Final Update Refs
[942.973s][info][gc,task     ] GC(100) Using 4 of 4 workers for final reference update
[942.973s][info][gc          ] GC(100) Pause Final Update Refs 0.123ms
[942.973s][info][gc,start    ] GC(100) Concurrent cleanup
[942.973s][info][gc          ] GC(100) Concurrent cleanup 6266M->834M(8192M) 0.068ms
[942.973s][info][gc,ergo     ] Free: 6945M, Max: 4096K regular, 5568M humongous, Frag: 20% external, 0% internal; Reserve: 412M, Max: 4096K
[942.973s][info][gc,stats    ] 
[942.973s][info][gc,stats    ] All times are wall-clock times, except per-root-class counters, that are sum over
[942.973s][info][gc,stats    ] all workers. Dividing the <total> over the root stage time estimates parallelism.
[942.973s][info][gc,stats    ] 
[942.973s][info][gc,stats    ] Concurrent Reset                  13221 us
[942.973s][info][gc,stats    ] Pause Init Mark (G)                 169 us
[942.973s][info][gc,stats    ] Pause Init Mark (N)                 113 us
[942.973s][info][gc,stats    ]   Update Region States               37 us
[942.973s][info][gc,stats    ] Concurrent Mark Roots               958 us, parallelism: 1.64x
[942.973s][info][gc,stats    ]   CMR: <total>                     1574 us
[942.973s][info][gc,stats    ]   CMR: Thread Roots                1431 us, workers (us): 660, 772, ---, ---, 
[942.973s][info][gc,stats    ]   CMR: VM Strong Roots               13 us, workers (us):  13,   0, ---, ---, 
[942.973s][info][gc,stats    ]   CMR: CLDG Roots                   129 us, workers (us): 129, ---, ---, ---, 
[942.973s][info][gc,stats    ] Concurrent Marking               240539 us
[942.973s][info][gc,stats    ] Pause Final Mark (G)                307 us
[942.973s][info][gc,stats    ] Pause Final Mark (N)                282 us
[942.973s][info][gc,stats    ]   Finish Mark                        18 us
[942.973s][info][gc,stats    ]   Update Region States               37 us
[942.973s][info][gc,stats    ]   Choose Collection Set             149 us
[942.973s][info][gc,stats    ]   Rebuild Free Set                    9 us
[942.973s][info][gc,stats    ] Concurrent Thread Roots             793 us, parallelism: 1.81x
[942.973s][info][gc,stats    ]   CTR: <total>                     1438 us
[942.973s][info][gc,stats    ]   CTR: Thread Roots                1438 us, workers (us): 735, 703, ---, ---, 
[942.973s][info][gc,stats    ] Concurrent Weak References          153 us, parallelism: 0.50x
[942.973s][info][gc,stats    ]   CWRF: <total>                      76 us
[942.973s][info][gc,stats    ]   CWRF: Weak References              76 us, workers (us):   6,  70, ---, ---, 
[942.973s][info][gc,stats    ] Concurrent Weak Roots              2920 us
[942.973s][info][gc,stats    ]   Roots                            2821 us, parallelism: 1.92x
[942.973s][info][gc,stats    ]     CWR: <total>                   5415 us
[942.973s][info][gc,stats    ]     CWR: Code Cache Roots          3855 us, workers (us): 1856, 1999, ---, ---, 
[942.973s][info][gc,stats    ]     CWR: VM Weak Roots             1471 us, workers (us): 735, 736, ---, ---, 
[942.973s][info][gc,stats    ]     CWR: CLDG Roots                  89 us, workers (us):  89, ---, ---, ---, 
[942.973s][info][gc,stats    ]   Rendezvous                         53 us
[942.973s][info][gc,stats    ] Concurrent Cleanup                   46 us
[942.973s][info][gc,stats    ] Concurrent Class Unloading         4922 us
[942.973s][info][gc,stats    ]   Unlink Stale                     4644 us
[942.973s][info][gc,stats    ]     System Dictionary                66 us
[942.973s][info][gc,stats    ]     Weak Class Links                  0 us
[942.973s][info][gc,stats    ]     Code Roots                     4577 us
[942.973s][info][gc,stats    ]   Rendezvous                         91 us
[942.973s][info][gc,stats    ]   Purge Unlinked                    139 us
[942.973s][info][gc,stats    ]     Code Roots                      134 us
[942.973s][info][gc,stats    ]     CLDG                              5 us
[942.973s][info][gc,stats    ]     Exception Caches                  0 us
[942.973s][info][gc,stats    ] Concurrent Strong Roots             310 us, parallelism: 0.67x
[942.973s][info][gc,stats    ]   CSR: <total>                      207 us
[942.973s][info][gc,stats    ]   CSR: VM Strong Roots                8 us, workers (us):   4,   3, ---, ---, 
[942.973s][info][gc,stats    ]   CSR: CLDG Roots                   200 us, workers (us): ---, 200, ---, ---, 
[942.973s][info][gc,stats    ] Concurrent Evacuation             48539 us
[942.973s][info][gc,stats    ] Pause Init Update Refs (G)           87 us
[942.973s][info][gc,stats    ] Pause Init Update Refs (N)           55 us
[942.973s][info][gc,stats    ]   Manage GCLABs                       5 us
[942.973s][info][gc,stats    ] Concurrent Update Refs           150300 us
[942.973s][info][gc,stats    ] Concurrent Update Thread Roots     1366 us
[942.973s][info][gc,stats    ] Pause Final Update Refs (G)         230 us
[942.973s][info][gc,stats    ] Pause Final Update Refs (N)         148 us
[942.973s][info][gc,stats    ]   Update Region States               55 us
[942.973s][info][gc,stats    ]   Trash Collection Set               14 us
[942.973s][info][gc,stats    ]   Rebuild Free Set                   10 us
[942.973s][info][gc,stats    ] Concurrent Cleanup                   82 us
[942.973s][info][gc,stats    ] 
[942.973s][info][gc,stats    ] Allocation pacing accrued:
[942.973s][info][gc,stats    ]       0 of  9114 ms (  0.0%): <total>
[942.973s][info][gc,stats    ]       0 of  9114 ms (  0.0%): <average total>
[942.973s][info][gc,stats    ] 
[942.974s][info][gc,metaspace] Metaspace: 135030K(136384K)->135030K(136384K) NonClass: 114099K(114880K)->114099K(114880K) Class: 20931K(21504K)->20931K(21504K)
[942.974s][info][gc,ergo     ] Pacer for Idle. Initial: 163M, Alloc Tax Rate: 1.0x
[951.771s][info][gc          ] Trigger: Free (816M) is below minimum threshold (819M)
[951.771s][info][gc,ergo     ] Free: 816M, Max: 4096K regular, 452M humongous, Frag: 44% external, 0% internal; Reserve: 412M, Max: 4096K
[951.771s][info][gc,start    ] GC(101) Concurrent reset
[951.771s][info][gc,task     ] GC(101) Using 2 of 4 workers for concurrent reset
[951.771s][info][gc,ergo     ] GC(101) Pacer for Reset. Non-Taxable: 8192M
[951.788s][info][gc          ] GC(101) Concurrent reset 16.091ms
[951.788s][info][gc,start    ] GC(101) Pause Init Mark (unload classes)
[951.788s][info][gc,task     ] GC(101) Using 4 of 4 workers for init marking
[951.788s][info][gc,ergo     ] GC(101) Pacer for Mark. Expected Live: 489M, Free: 816M, Non-Taxable: 83638K, Alloc Tax Rate: 0.7x
[951.788s][info][gc          ] GC(101) Pause Init Mark (unload classes) 0.113ms
[951.788s][info][gc,start    ] GC(101) Concurrent marking roots
[951.788s][info][gc,task     ] GC(101) Using 2 of 4 workers for concurrent marking roots
[951.789s][info][gc          ] GC(101) Concurrent marking roots 0.972ms
[951.789s][info][gc,start    ] GC(101) Concurrent marking (unload classes)
[951.789s][info][gc,task     ] GC(101) Using 2 of 4 workers for concurrent marking
[952.013s][info][gc          ] GC(101) Concurrent marking (unload classes) 224.241ms
[952.013s][info][gc,start    ] GC(101) Pause Final Mark (unload classes)
[952.013s][info][gc,task     ] GC(101) Using 4 of 4 workers for final marking
[952.013s][info][gc,ergo     ] GC(101) Adaptive CSet Selection. Target Free: 1160M, Actual Free: 4224M, Max CSet: 341M, Min Garbage: 0B
[952.013s][info][gc,ergo     ] GC(101) Collectable Garbage: 6442M (99%), Immediate: 3148M (48%), CSet: 3294M (50%)
[952.014s][info][gc,ergo     ] GC(101) Pacer for Evacuation. Used CSet: 3368M, Free: 3825M, Non-Taxable: 382M, Alloc Tax Rate: 2.2x
[952.014s][info][gc          ] GC(101) Pause Final Mark (unload classes) 0.398ms
[952.014s][info][gc,start    ] GC(101) Concurrent thread roots
[952.014s][info][gc,task     ] GC(101) Using 2 of 4 workers for Concurrent thread roots
[952.014s][info][gc          ] GC(101) Concurrent thread roots 0.711ms
[952.014s][info][gc,start    ] GC(101) Concurrent weak references
[952.014s][info][gc,task     ] GC(101) Using 2 of 4 workers for concurrent weak references
[952.014s][info][gc,ref      ] GC(101) Encountered references: Soft: 6114, Weak: 23419, Final: 34, Phantom: 967
[952.015s][info][gc,ref      ] GC(101) Discovered  references: Soft: 0, Weak: 982, Final: 0, Phantom: 686
[952.015s][info][gc,ref      ] GC(101) Enqueued    references: Soft: 0, Weak: 1, Final: 0, Phantom: 0
[952.015s][info][gc          ] GC(101) Concurrent weak references 0.211ms
[952.015s][info][gc,start    ] GC(101) Concurrent weak roots
[952.015s][info][gc,task     ] GC(101) Using 2 of 4 workers for concurrent weak root
[952.018s][info][gc          ] GC(101) Concurrent weak roots 3.574ms
[952.018s][info][gc,start    ] GC(101) Concurrent cleanup
[952.018s][info][gc          ] GC(101) Concurrent cleanup 7111M->3963M(8192M) 0.053ms
[952.018s][info][gc,ergo     ] GC(101) Free: 3816M, Max: 4096K regular, 332M humongous, Frag: 92% external, 0% internal; Reserve: 411M, Max: 4096K
[952.018s][info][gc,start    ] GC(101) Concurrent class unloading
[952.018s][info][gc,task     ] GC(101) Using 2 of 4 workers for concurrent class unloading
[952.025s][info][gc          ] GC(101) Concurrent class unloading 6.992ms
[952.025s][info][gc,start    ] GC(101) Concurrent strong roots
[952.025s][info][gc,task     ] GC(101) Using 2 of 4 workers for concurrent strong root
[952.026s][info][gc          ] GC(101) Concurrent strong roots 0.287ms
[952.026s][info][gc,start    ] GC(101) Concurrent evacuation
[952.026s][info][gc,task     ] GC(101) Using 2 of 4 workers for concurrent evacuation
[952.061s][info][gc          ] GC(101) Concurrent evacuation 35.834ms
[952.062s][info][gc,start    ] GC(101) Pause Init Update Refs
[952.062s][info][gc,ergo     ] GC(101) Pacer for Update Refs. Used: 4059M, Free: 3800M, Non-Taxable: 380M, Alloc Tax Rate: 1.3x
[952.062s][info][gc          ] GC(101) Pause Init Update Refs 0.047ms
[952.062s][info][gc,start    ] GC(101) Concurrent update references
[952.062s][info][gc,task     ] GC(101) Using 2 of 4 workers for concurrent reference update
[952.199s][info][gc          ] GC(101) Concurrent update references 137.606ms
[952.199s][info][gc,start    ] GC(101) Concurrent update thread roots
[952.201s][info][gc          ] GC(101) Concurrent update thread roots 1.334ms
[952.201s][info][gc,start    ] GC(101) Pause Final Update Refs
[952.201s][info][gc,task     ] GC(101) Using 4 of 4 workers for final reference update
[952.201s][info][gc          ] GC(101) Pause Final Update Refs 0.108ms
[952.201s][info][gc,start    ] GC(101) Concurrent cleanup
[952.201s][info][gc          ] GC(101) Concurrent cleanup 4131M->763M(8192M) 0.059ms
[952.201s][info][gc,ergo     ] Free: 7016M, Max: 4096K regular, 5904M humongous, Frag: 16% external, 0% internal; Reserve: 412M, Max: 4096K
[952.201s][info][gc,stats    ] 
[952.201s][info][gc,stats    ] All times are wall-clock times, except per-root-class counters, that are sum over
[952.201s][info][gc,stats    ] all workers. Dividing the <total> over the root stage time estimates parallelism.
[952.201s][info][gc,stats    ] 
[952.201s][info][gc,stats    ] Concurrent Reset                  16162 us
[952.201s][info][gc,stats    ] Pause Init Mark (G)                 209 us
[952.201s][info][gc,stats    ] Pause Init Mark (N)                 124 us
[952.201s][info][gc,stats    ]   Update Region States               50 us
[952.201s][info][gc,stats    ] Concurrent Mark Roots               994 us, parallelism: 1.69x
[952.201s][info][gc,stats    ]   CMR: <total>                     1676 us
[952.201s][info][gc,stats    ]   CMR: Thread Roots                1548 us, workers (us): 717, 831, ---, ---, 
[952.201s][info][gc,stats    ]   CMR: VM Strong Roots               12 us, workers (us):   6,   7, ---, ---, 
[952.201s][info][gc,stats    ]   CMR: CLDG Roots                   116 us, workers (us): 116, ---, ---, ---, 
[952.201s][info][gc,stats    ] Concurrent Marking               224295 us
[952.201s][info][gc,stats    ] Pause Final Mark (G)                495 us
[952.201s][info][gc,stats    ] Pause Final Mark (N)                409 us
[952.201s][info][gc,stats    ]   Finish Mark                       124 us
[952.201s][info][gc,stats    ]   Update Region States               82 us
[952.201s][info][gc,stats    ]   Choose Collection Set             122 us
[952.201s][info][gc,stats    ]   Rebuild Free Set                   11 us
[952.201s][info][gc,stats    ] Concurrent Thread Roots             734 us, parallelism: 1.81x
[952.201s][info][gc,stats    ]   CTR: <total>                     1325 us
[952.201s][info][gc,stats    ]   CTR: Thread Roots                1325 us, workers (us): 662, 662, ---, ---, 
[952.201s][info][gc,stats    ] Concurrent Weak References          223 us, parallelism: 0.49x
[952.201s][info][gc,stats    ]   CWRF: <total>                     110 us
[952.201s][info][gc,stats    ]   CWRF: Weak References             110 us, workers (us): 107,   3, ---, ---, 
[952.201s][info][gc,stats    ] Concurrent Weak Roots              3598 us
[952.201s][info][gc,stats    ]   Roots                            3466 us, parallelism: 1.93x
[952.201s][info][gc,stats    ]     CWR: <total>                   6691 us
[952.201s][info][gc,stats    ]     CWR: Code Cache Roots          5096 us, workers (us): 2499, 2597, ---, ---, 
[952.201s][info][gc,stats    ]     CWR: VM Weak Roots             1535 us, workers (us): 782, 753, ---, ---, 
[952.201s][info][gc,stats    ]     CWR: CLDG Roots                  60 us, workers (us):  60, ---, ---, ---, 
[952.201s][info][gc,stats    ]   Rendezvous                         86 us
[952.201s][info][gc,stats    ] Concurrent Cleanup                   67 us
[952.201s][info][gc,stats    ] Concurrent Class Unloading         7016 us
[952.201s][info][gc,stats    ]   Unlink Stale                     6740 us
[952.201s][info][gc,stats    ]     System Dictionary                45 us
[952.201s][info][gc,stats    ]     Code Roots                     6694 us
[952.201s][info][gc,stats    ]   Rendezvous                         83 us
[952.201s][info][gc,stats    ]   Purge Unlinked                    142 us
[952.201s][info][gc,stats    ]     Code Roots                      139 us
[952.201s][info][gc,stats    ]     CLDG                              3 us
[952.201s][info][gc,stats    ]     Exception Caches                  0 us
[952.201s][info][gc,stats    ] Concurrent Strong Roots             310 us, parallelism: 0.70x
[952.201s][info][gc,stats    ]   CSR: <total>                      217 us
[952.201s][info][gc,stats    ]   CSR: VM Strong Roots                9 us, workers (us):   5,   4, ---, ---, 
[952.201s][info][gc,stats    ]   CSR: CLDG Roots                   207 us, workers (us): ---, 207, ---, ---, 
[952.201s][info][gc,stats    ] Concurrent Evacuation             35885 us
[952.201s][info][gc,stats    ] Pause Init Update Refs (G)          151 us
[952.201s][info][gc,stats    ] Pause Init Update Refs (N)           58 us
[952.201s][info][gc,stats    ]   Manage GCLABs                       6 us
[952.201s][info][gc,stats    ] Concurrent Update Refs           137653 us
[952.201s][info][gc,stats    ] Concurrent Update Thread Roots     1356 us
[952.201s][info][gc,stats    ] Pause Final Update Refs (G)         206 us
[952.201s][info][gc,stats    ] Pause Final Update Refs (N)         133 us
[952.201s][info][gc,stats    ]   Update Region States               53 us
[952.201s][info][gc,stats    ]   Trash Collection Set                9 us
[952.201s][info][gc,stats    ]   Rebuild Free Set                   11 us
[952.201s][info][gc,stats    ] Concurrent Cleanup                   73 us
[952.202s][info][gc,stats    ] 
[952.202s][info][gc,stats    ] Allocation pacing accrued:
[952.202s][info][gc,stats    ]       0 of  9228 ms (  0.0%): <total>
[952.202s][info][gc,stats    ]       0 of  9228 ms (  0.0%): <average total>
[952.202s][info][gc,stats    ] 
[952.202s][info][gc,metaspace] Metaspace: 135033K(136384K)->135033K(136384K) NonClass: 114102K(114880K)->114102K(114880K) Class: 20931K(21504K)->20931K(21504K)
[952.202s][info][gc,ergo     ] Pacer for Idle. Initial: 163M, Alloc Tax Rate: 1.0x
[962.865s][info][gc          ] Trigger: Average GC time (481.29 ms) is above the time for average allocation rate (1015 MB/s) to deplete free headroom (414M) (margin of error = 1.89)
[962.865s][info][gc,ergo     ] Free headroom: 824M (free) - 409M (spike) - 0B (penalties) = 414M
[962.865s][info][gc,ergo     ] Free: 824M, Max: 4096K regular, 360M humongous, Frag: 56% external, 0% internal; Reserve: 412M, Max: 4096K
[962.865s][info][gc,start    ] GC(102) Concurrent reset
[962.865s][info][gc,task     ] GC(102) Using 2 of 4 workers for concurrent reset
[962.865s][info][gc,ergo     ] GC(102) Pacer for Reset. Non-Taxable: 8192M
[962.874s][info][gc          ] GC(102) Concurrent reset 8.957ms
[962.874s][info][gc,start    ] GC(102) Pause Init Mark (unload classes)
[962.874s][info][gc,task     ] GC(102) Using 4 of 4 workers for init marking
[962.874s][info][gc,ergo     ] GC(102) Pacer for Mark. Expected Live: 489M, Free: 820M, Non-Taxable: 84010K, Alloc Tax Rate: 0.7x
[962.874s][info][gc          ] GC(102) Pause Init Mark (unload classes) 0.103ms
[962.875s][info][gc,start    ] GC(102) Concurrent marking roots
[962.875s][info][gc,task     ] GC(102) Using 2 of 4 workers for concurrent marking roots
[962.876s][info][gc          ] GC(102) Concurrent marking roots 0.962ms
[962.876s][info][gc,start    ] GC(102) Concurrent marking (unload classes)
[962.876s][info][gc,task     ] GC(102) Using 2 of 4 workers for concurrent marking
[963.111s][info][gc          ] GC(102) Concurrent marking (unload classes) 235.641ms
[963.111s][info][gc,start    ] GC(102) Pause Final Mark (unload classes)
[963.111s][info][gc,task     ] GC(102) Using 4 of 4 workers for final marking
[963.111s][info][gc,ergo     ] GC(102) Adaptive CSet Selection. Target Free: 1160M, Actual Free: 2292M, Max CSet: 341M, Min Garbage: 0B
[963.112s][info][gc,ergo     ] GC(102) Collectable Garbage: 6434M (99%), Immediate: 1212M (18%), CSet: 5221M (80%)
[963.112s][info][gc,ergo     ] GC(102) Pacer for Evacuation. Used CSet: 5304M, Free: 1893M, Non-Taxable: 189M, Alloc Tax Rate: 6.8x
[963.112s][info][gc          ] GC(102) Pause Final Mark (unload classes) 0.344ms
[963.112s][info][gc,start    ] GC(102) Concurrent thread roots
[963.112s][info][gc,task     ] GC(102) Using 2 of 4 workers for Concurrent thread roots
[963.112s][info][gc          ] GC(102) Concurrent thread roots 0.755ms
[963.112s][info][gc,start    ] GC(102) Concurrent weak references
[963.112s][info][gc,task     ] GC(102) Using 2 of 4 workers for concurrent weak references
[963.112s][info][gc,ref      ] GC(102) Encountered references: Soft: 6114, Weak: 23427, Final: 34, Phantom: 976
[963.113s][info][gc,ref      ] GC(102) Discovered  references: Soft: 0, Weak: 407, Final: 0, Phantom: 686
[963.113s][info][gc,ref      ] GC(102) Enqueued    references: Soft: 0, Weak: 6, Final: 0, Phantom: 0
[963.113s][info][gc          ] GC(102) Concurrent weak references 0.140ms
[963.113s][info][gc,start    ] GC(102) Concurrent weak roots
[963.113s][info][gc,task     ] GC(102) Using 2 of 4 workers for concurrent weak root
[963.115s][info][gc          ] GC(102) Concurrent weak roots 2.638ms
[963.115s][info][gc,start    ] GC(102) Concurrent cleanup
[963.115s][info][gc          ] GC(102) Concurrent cleanup 7107M->5894M(8192M) 0.029ms
[963.115s][info][gc,ergo     ] GC(102) Free: 1885M, Max: 4096K regular, 660M humongous, Frag: 65% external, 0% internal; Reserve: 411M, Max: 4096K
[963.115s][info][gc,start    ] GC(102) Concurrent class unloading
[963.115s][info][gc,task     ] GC(102) Using 2 of 4 workers for concurrent class unloading
[963.120s][info][gc          ] GC(102) Concurrent class unloading 4.828ms
[963.120s][info][gc,start    ] GC(102) Concurrent strong roots
[963.120s][info][gc,task     ] GC(102) Using 2 of 4 workers for concurrent strong root
[963.120s][info][gc          ] GC(102) Concurrent strong roots 0.272ms
[963.120s][info][gc,start    ] GC(102) Concurrent evacuation
[963.120s][info][gc,task     ] GC(102) Using 2 of 4 workers for concurrent evacuation
[963.164s][info][gc          ] GC(102) Concurrent evacuation 44.047ms
[963.164s][info][gc,start    ] GC(102) Pause Init Update Refs
[963.165s][info][gc,ergo     ] GC(102) Pacer for Update Refs. Used: 5994M, Free: 1873M, Non-Taxable: 187M, Alloc Tax Rate: 3.9x
[963.165s][info][gc          ] GC(102) Pause Init Update Refs 0.043ms
[963.165s][info][gc,start    ] GC(102) Concurrent update references
[963.165s][info][gc,task     ] GC(102) Using 2 of 4 workers for concurrent reference update
[963.306s][info][gc          ] GC(102) Concurrent update references 141.324ms
[963.306s][info][gc,start    ] GC(102) Concurrent update thread roots
[963.307s][info][gc          ] GC(102) Concurrent update thread roots 1.335ms
[963.307s][info][gc,start    ] GC(102) Pause Final Update Refs
[963.307s][info][gc,task     ] GC(102) Using 4 of 4 workers for final reference update
[963.307s][info][gc          ] GC(102) Pause Final Update Refs 0.102ms
[963.307s][info][gc,start    ] GC(102) Concurrent cleanup
[963.308s][info][gc          ] GC(102) Concurrent cleanup 6078M->774M(8192M) 0.074ms
[963.308s][info][gc,ergo     ] Free: 7005M, Max: 4096K regular, 5780M humongous, Frag: 18% external, 0% internal; Reserve: 412M, Max: 4096K
[963.308s][info][gc,stats    ] 
[963.308s][info][gc,stats    ] All times are wall-clock times, except per-root-class counters, that are sum over
[963.308s][info][gc,stats    ] all workers. Dividing the <total> over the root stage time estimates parallelism.
[963.308s][info][gc,stats    ] 
[963.308s][info][gc,stats    ] Concurrent Reset                   9026 us
[963.308s][info][gc,stats    ] Pause Init Mark (G)                 194 us
[963.308s][info][gc,stats    ] Pause Init Mark (N)                 122 us
[963.308s][info][gc,stats    ]   Update Region States               36 us
[963.308s][info][gc,stats    ] Concurrent Mark Roots               981 us, parallelism: 1.58x
[963.308s][info][gc,stats    ]   CMR: <total>                     1550 us
[963.308s][info][gc,stats    ]   CMR: Thread Roots                1402 us, workers (us): 638, 765, ---, ---, 
[963.308s][info][gc,stats    ]   CMR: VM Strong Roots               12 us, workers (us):  12,   0, ---, ---, 
[963.308s][info][gc,stats    ]   CMR: CLDG Roots                   135 us, workers (us): 135, ---, ---, ---, 
[963.308s][info][gc,stats    ] Concurrent Marking               235683 us
[963.308s][info][gc,stats    ] Pause Final Mark (G)                405 us
[963.308s][info][gc,stats    ] Pause Final Mark (N)                355 us
[963.308s][info][gc,stats    ]   Finish Mark                        48 us
[963.308s][info][gc,stats    ]   Update Region States               70 us
[963.308s][info][gc,stats    ]   Choose Collection Set             158 us
[963.308s][info][gc,stats    ]   Rebuild Free Set                   10 us
[963.308s][info][gc,stats    ] Concurrent Thread Roots             773 us, parallelism: 1.82x
[963.308s][info][gc,stats    ]   CTR: <total>                     1404 us
[963.308s][info][gc,stats    ]   CTR: Thread Roots                1404 us, workers (us): 719, 686, ---, ---, 
[963.308s][info][gc,stats    ] Concurrent Weak References          151 us, parallelism: 0.32x
[963.308s][info][gc,stats    ]   CWRF: <total>                      49 us
[963.308s][info][gc,stats    ]   CWRF: Weak References              49 us, workers (us):  48,   0, ---, ---, 
[963.308s][info][gc,stats    ] Concurrent Weak Roots              2652 us
[963.308s][info][gc,stats    ]   Roots                            2535 us, parallelism: 1.91x
[963.308s][info][gc,stats    ]     CWR: <total>                   4830 us
[963.308s][info][gc,stats    ]     CWR: Code Cache Roots          3259 us, workers (us): 1579, 1679, ---, ---, 
[963.308s][info][gc,stats    ]     CWR: VM Weak Roots             1519 us, workers (us): 774, 745, ---, ---, 
[963.308s][info][gc,stats    ]     CWR: CLDG Roots                  52 us, workers (us):  52, ---, ---, ---, 
[963.308s][info][gc,stats    ]   Rendezvous                         82 us
[963.308s][info][gc,stats    ] Concurrent Cleanup                   41 us
[963.308s][info][gc,stats    ] Concurrent Class Unloading         4852 us
[963.308s][info][gc,stats    ]   Unlink Stale                     4619 us
[963.308s][info][gc,stats    ]     System Dictionary                39 us
[963.308s][info][gc,stats    ]     Weak Class Links                  0 us
[963.308s][info][gc,stats    ]     Code Roots                     4579 us
[963.308s][info][gc,stats    ]   Rendezvous                         90 us
[963.308s][info][gc,stats    ]   Purge Unlinked                     97 us
[963.308s][info][gc,stats    ]     Code Roots                       93 us
[963.308s][info][gc,stats    ]     CLDG                              3 us
[963.308s][info][gc,stats    ]     Exception Caches                  0 us
[963.308s][info][gc,stats    ] Concurrent Strong Roots             285 us, parallelism: 0.70x
[963.308s][info][gc,stats    ]   CSR: <total>                      201 us
[963.308s][info][gc,stats    ]   CSR: VM Strong Roots                8 us, workers (us):   8,   0, ---, ---, 
[963.308s][info][gc,stats    ]   CSR: CLDG Roots                   193 us, workers (us): 193, ---, ---, ---, 
[963.308s][info][gc,stats    ] Concurrent Evacuation             44084 us
[963.308s][info][gc,stats    ] Pause Init Update Refs (G)           81 us
[963.308s][info][gc,stats    ] Pause Init Update Refs (N)           54 us
[963.308s][info][gc,stats    ]   Manage GCLABs                       5 us
[963.308s][info][gc,stats    ] Concurrent Update Refs           141364 us
[963.308s][info][gc,stats    ] Concurrent Update Thread Roots     1356 us
[963.308s][info][gc,stats    ] Pause Final Update Refs (G)         172 us
[963.308s][info][gc,stats    ] Pause Final Update Refs (N)         117 us
[963.308s][info][gc,stats    ]   Update Region States               38 us
[963.308s][info][gc,stats    ]   Trash Collection Set               15 us
[963.308s][info][gc,stats    ]   Rebuild Free Set                   10 us
[963.308s][info][gc,stats    ] Concurrent Cleanup                   93 us
[963.308s][info][gc,stats    ] 
[963.308s][info][gc,stats    ] Allocation pacing accrued:
[963.308s][info][gc,stats    ]       0 of 11107 ms (  0.0%): <total>
[963.308s][info][gc,stats    ]       0 of 11107 ms (  0.0%): <average total>
[963.308s][info][gc,stats    ] 
[963.308s][info][gc,metaspace] Metaspace: 135036K(136384K)->135036K(136384K) NonClass: 114104K(114880K)->114104K(114880K) Class: 20931K(21504K)->20931K(21504K)
[963.308s][info][gc,ergo     ] Pacer for Idle. Initial: 163M, Alloc Tax Rate: 1.0x
[970.729s][info][gc          ] Trigger: Free (817M) is below minimum threshold (819M)
[970.729s][info][gc,ergo     ] Free: 817M, Max: 4096K regular, 656M humongous, Frag: 19% external, 0% internal; Reserve: 412M, Max: 4096K
[970.729s][info][gc,start    ] GC(103) Concurrent reset
[970.729s][info][gc,task     ] GC(103) Using 2 of 4 workers for concurrent reset
[970.729s][info][gc,ergo     ] GC(103) Pacer for Reset. Non-Taxable: 8192M
[970.745s][info][gc          ] GC(103) Concurrent reset 15.856ms
[970.745s][info][gc,start    ] GC(103) Pause Init Mark (unload classes)
[970.745s][info][gc,task     ] GC(103) Using 4 of 4 workers for init marking
[970.745s][info][gc,ergo     ] GC(103) Pacer for Mark. Expected Live: 488M, Free: 809M, Non-Taxable: 82864K, Alloc Tax Rate: 0.7x
[970.745s][info][gc          ] GC(103) Pause Init Mark (unload classes) 0.104ms
[970.745s][info][gc,start    ] GC(103) Concurrent marking roots
[970.745s][info][gc,task     ] GC(103) Using 2 of 4 workers for concurrent marking roots
[970.746s][info][gc          ] GC(103) Concurrent marking roots 0.952ms
[970.746s][info][gc,start    ] GC(103) Concurrent marking (unload classes)
[970.746s][info][gc,task     ] GC(103) Using 2 of 4 workers for concurrent marking
[970.989s][info][gc          ] GC(103) Concurrent marking (unload classes) 243.183ms
[970.989s][info][gc,start    ] GC(103) Pause Final Mark (unload classes)
[970.989s][info][gc,task     ] GC(103) Using 4 of 4 workers for final marking
[970.989s][info][gc,ergo     ] GC(103) Adaptive CSet Selection. Target Free: 1160M, Actual Free: 2284M, Max CSet: 341M, Min Garbage: 0B
[970.989s][info][gc,ergo     ] GC(103) Collectable Garbage: 6412M (99%), Immediate: 1312M (20%), CSet: 5100M (79%)
[970.989s][info][gc,ergo     ] GC(103) Pacer for Evacuation. Used CSet: 5212M, Free: 1881M, Non-Taxable: 188M, Alloc Tax Rate: 6.8x
[970.989s][info][gc          ] GC(103) Pause Final Mark (unload classes) 0.275ms
[970.989s][info][gc,start    ] GC(103) Concurrent thread roots
[970.989s][info][gc,task     ] GC(103) Using 2 of 4 workers for Concurrent thread roots
[970.990s][info][gc          ] GC(103) Concurrent thread roots 0.852ms
[970.990s][info][gc,start    ] GC(103) Concurrent weak references
[970.990s][info][gc,task     ] GC(103) Using 2 of 4 workers for concurrent weak references
[970.991s][info][gc,ref      ] GC(103) Encountered references: Soft: 6114, Weak: 23422, Final: 34, Phantom: 976
[970.991s][info][gc,ref      ] GC(103) Discovered  references: Soft: 0, Weak: 9959, Final: 0, Phantom: 686
[970.991s][info][gc,ref      ] GC(103) Enqueued    references: Soft: 0, Weak: 1, Final: 0, Phantom: 0
[970.991s][info][gc          ] GC(103) Concurrent weak references 0.707ms
[970.991s][info][gc,start    ] GC(103) Concurrent weak roots
[970.991s][info][gc,task     ] GC(103) Using 2 of 4 workers for concurrent weak root
[970.995s][info][gc          ] GC(103) Concurrent weak roots 4.182ms
[970.995s][info][gc,start    ] GC(103) Concurrent cleanup
[970.995s][info][gc          ] GC(103) Concurrent cleanup 7222M->5910M(8192M) 0.056ms
[970.995s][info][gc,ergo     ] GC(103) Free: 1869M, Max: 4096K regular, 544M humongous, Frag: 71% external, 0% internal; Reserve: 411M, Max: 4096K
[970.995s][info][gc,start    ] GC(103) Concurrent class unloading
[970.995s][info][gc,task     ] GC(103) Using 2 of 4 workers for concurrent class unloading
[971.003s][info][gc          ] GC(103) Concurrent class unloading 7.642ms
[971.003s][info][gc,start    ] GC(103) Concurrent strong roots
[971.003s][info][gc,task     ] GC(103) Using 2 of 4 workers for concurrent strong root
[971.003s][info][gc          ] GC(103) Concurrent strong roots 0.350ms
[971.003s][info][gc,start    ] GC(103) Concurrent evacuation
[971.003s][info][gc,task     ] GC(103) Using 2 of 4 workers for concurrent evacuation
[971.054s][info][gc          ] GC(103) Concurrent evacuation 50.592ms
[971.054s][info][gc,start    ] GC(103) Pause Init Update Refs
[971.054s][info][gc,ergo     ] GC(103) Pacer for Update Refs. Used: 6054M, Free: 1841M, Non-Taxable: 184M, Alloc Tax Rate: 4.0x
[971.054s][info][gc          ] GC(103) Pause Init Update Refs 0.046ms
[971.054s][info][gc,start    ] GC(103) Concurrent update references
[971.054s][info][gc,task     ] GC(103) Using 2 of 4 workers for concurrent reference update
[971.211s][info][gc          ] GC(103) Concurrent update references 156.884ms
[971.211s][info][gc,start    ] GC(103) Concurrent update thread roots
[971.212s][info][gc          ] GC(103) Concurrent update thread roots 1.345ms
[971.212s][info][gc,start    ] GC(103) Pause Final Update Refs
[971.212s][info][gc,task     ] GC(103) Using 4 of 4 workers for final reference update
[971.213s][info][gc          ] GC(103) Pause Final Update Refs 0.094ms
[971.213s][info][gc,start    ] GC(103) Concurrent cleanup
[971.213s][info][gc          ] GC(103) Concurrent cleanup 6134M->922M(8192M) 0.070ms
[971.213s][info][gc,ergo     ] Free: 6857M, Max: 4096K regular, 5532M humongous, Frag: 20% external, 0% internal; Reserve: 412M, Max: 4096K
[971.213s][info][gc,stats    ] 
[971.213s][info][gc,stats    ] All times are wall-clock times, except per-root-class counters, that are sum over
[971.213s][info][gc,stats    ] all workers. Dividing the <total> over the root stage time estimates parallelism.
[971.213s][info][gc,stats    ] 
[971.213s][info][gc,stats    ] Concurrent Reset                  15916 us
[971.213s][info][gc,stats    ] Pause Init Mark (G)                 158 us
[971.213s][info][gc,stats    ] Pause Init Mark (N)                 115 us
[971.213s][info][gc,stats    ]   Update Region States               44 us
[971.213s][info][gc,stats    ] Concurrent Mark Roots               968 us, parallelism: 1.63x
[971.213s][info][gc,stats    ]   CMR: <total>                     1577 us
[971.213s][info][gc,stats    ]   CMR: Thread Roots                1431 us, workers (us): 658, 773, ---, ---, 
[971.213s][info][gc,stats    ]   CMR: VM Strong Roots               14 us, workers (us):  13,   0, ---, ---, 
[971.213s][info][gc,stats    ]   CMR: CLDG Roots                   132 us, workers (us): 132, ---, ---, ---, 
[971.213s][info][gc,stats    ] Concurrent Marking               243229 us
[971.213s][info][gc,stats    ] Pause Final Mark (G)                314 us
[971.213s][info][gc,stats    ] Pause Final Mark (N)                286 us
[971.213s][info][gc,stats    ]   Finish Mark                        24 us
[971.213s][info][gc,stats    ]   Update Region States               28 us
[971.213s][info][gc,stats    ]   Choose Collection Set             148 us
[971.213s][info][gc,stats    ]   Rebuild Free Set                   11 us
[971.213s][info][gc,stats    ] Concurrent Thread Roots             877 us, parallelism: 1.81x
[971.213s][info][gc,stats    ]   CTR: <total>                     1584 us
[971.213s][info][gc,stats    ]   CTR: Thread Roots                1584 us, workers (us): 797, 787, ---, ---, 
[971.213s][info][gc,stats    ] Concurrent Weak References          718 us, parallelism: 1.03x
[971.213s][info][gc,stats    ]   CWRF: <total>                     743 us
[971.213s][info][gc,stats    ]   CWRF: Weak References             743 us, workers (us): 126, 617, ---, ---, 
[971.213s][info][gc,stats    ] Concurrent Weak Roots              4231 us
[971.213s][info][gc,stats    ]   Roots                            4108 us, parallelism: 1.90x
[971.213s][info][gc,stats    ]     CWR: <total>                   7815 us
[971.213s][info][gc,stats    ]     CWR: Code Cache Roots          6088 us, workers (us): 3141, 2946, ---, ---, 
[971.213s][info][gc,stats    ]     CWR: VM Weak Roots             1580 us, workers (us): 789, 792, ---, ---, 
[971.213s][info][gc,stats    ]     CWR: CLDG Roots                 147 us, workers (us): ---, 147, ---, ---, 
[971.213s][info][gc,stats    ]   Rendezvous                         51 us
[971.213s][info][gc,stats    ] Concurrent Cleanup                   70 us
[971.213s][info][gc,stats    ] Concurrent Class Unloading         7671 us
[971.213s][info][gc,stats    ]   Unlink Stale                     7428 us
[971.213s][info][gc,stats    ]     System Dictionary               102 us
[971.213s][info][gc,stats    ]     Weak Class Links                  0 us
[971.213s][info][gc,stats    ]     Code Roots                     7325 us
[971.213s][info][gc,stats    ]   Rendezvous                         65 us
[971.213s][info][gc,stats    ]   Purge Unlinked                    126 us
[971.213s][info][gc,stats    ]     Code Roots                      123 us
[971.213s][info][gc,stats    ]     CLDG                              3 us
[971.213s][info][gc,stats    ]     Exception Caches                  0 us
[971.213s][info][gc,stats    ] Concurrent Strong Roots             364 us, parallelism: 0.72x
[971.213s][info][gc,stats    ]   CSR: <total>                      261 us
[971.213s][info][gc,stats    ]   CSR: VM Strong Roots               11 us, workers (us):   6,   5, ---, ---, 
[971.213s][info][gc,stats    ]   CSR: CLDG Roots                   250 us, workers (us): ---, 250, ---, ---, 
[971.213s][info][gc,stats    ] Concurrent Evacuation             50642 us
[971.213s][info][gc,stats    ] Pause Init Update Refs (G)           84 us
[971.213s][info][gc,stats    ] Pause Init Update Refs (N)           57 us
[971.213s][info][gc,stats    ]   Manage GCLABs                       5 us
[971.213s][info][gc,stats    ] Concurrent Update Refs           156920 us
[971.213s][info][gc,stats    ] Concurrent Update Thread Roots     1369 us
[971.213s][info][gc,stats    ] Pause Final Update Refs (G)         187 us
[971.213s][info][gc,stats    ] Pause Final Update Refs (N)         119 us
[971.213s][info][gc,stats    ]   Update Region States               36 us
[971.213s][info][gc,stats    ]   Trash Collection Set               12 us
[971.213s][info][gc,stats    ]   Rebuild Free Set                   10 us
[971.213s][info][gc,stats    ] Concurrent Cleanup                   84 us
[971.213s][info][gc,stats    ] 
[971.213s][info][gc,stats    ] Allocation pacing accrued:
[971.213s][info][gc,stats    ]       0 of  7905 ms (  0.0%): <total>
[971.213s][info][gc,stats    ]       0 of  7905 ms (  0.0%): <average total>
[971.213s][info][gc,stats    ] 
[971.213s][info][gc,metaspace] Metaspace: 135039K(136384K)->135039K(136384K) NonClass: 114107K(114880K)->114107K(114880K) Class: 20931K(21504K)->20931K(21504K)
[971.213s][info][gc,ergo     ] Pacer for Idle. Initial: 163M, Alloc Tax Rate: 1.0x
[979.816s][info][gc          ] Trigger: Free (817M) is below minimum threshold (819M)
[979.816s][info][gc,ergo     ] Free: 817M, Max: 4096K regular, 512M humongous, Frag: 37% external, 0% internal; Reserve: 412M, Max: 4096K
[979.816s][info][gc,start    ] GC(104) Concurrent reset
[979.816s][info][gc,task     ] GC(104) Using 2 of 4 workers for concurrent reset
[979.816s][info][gc,ergo     ] GC(104) Pacer for Reset. Non-Taxable: 8192M
[979.830s][info][gc          ] GC(104) Concurrent reset 13.656ms
[979.830s][info][gc,start    ] GC(104) Pause Init Mark (unload classes)
[979.830s][info][gc,task     ] GC(104) Using 4 of 4 workers for init marking
[979.830s][info][gc,ergo     ] GC(104) Pacer for Mark. Expected Live: 493M, Free: 813M, Non-Taxable: 83272K, Alloc Tax Rate: 0.7x
[979.830s][info][gc          ] GC(104) Pause Init Mark (unload classes) 0.110ms
[979.830s][info][gc,start    ] GC(104) Concurrent marking roots
[979.830s][info][gc,task     ] GC(104) Using 2 of 4 workers for concurrent marking roots
[979.831s][info][gc          ] GC(104) Concurrent marking roots 1.064ms
[979.831s][info][gc,start    ] GC(104) Concurrent marking (unload classes)
[979.831s][info][gc,task     ] GC(104) Using 2 of 4 workers for concurrent marking
[980.063s][info][gc          ] GC(104) Concurrent marking (unload classes) 231.668ms
[980.063s][info][gc,start    ] GC(104) Pause Final Mark (unload classes)
[980.063s][info][gc,task     ] GC(104) Using 4 of 4 workers for final marking
[980.063s][info][gc,ergo     ] GC(104) Adaptive CSet Selection. Target Free: 1160M, Actual Free: 3008M, Max CSet: 341M, Min Garbage: 0B
[980.063s][info][gc,ergo     ] GC(104) Collectable Garbage: 6455M (99%), Immediate: 1964M (30%), CSet: 4491M (69%)
[980.063s][info][gc,ergo     ] GC(104) Pacer for Evacuation. Used CSet: 4560M, Free: 2609M, Non-Taxable: 260M, Alloc Tax Rate: 4.3x
[980.063s][info][gc          ] GC(104) Pause Final Mark (unload classes) 0.290ms
[980.063s][info][gc,start    ] GC(104) Concurrent thread roots
[980.064s][info][gc,task     ] GC(104) Using 2 of 4 workers for Concurrent thread roots
[980.064s][info][gc          ] GC(104) Concurrent thread roots 0.791ms
[980.064s][info][gc,start    ] GC(104) Concurrent weak references
[980.064s][info][gc,task     ] GC(104) Using 2 of 4 workers for concurrent weak references
[980.064s][info][gc,ref      ] GC(104) Encountered references: Soft: 6114, Weak: 23424, Final: 34, Phantom: 979
[980.064s][info][gc,ref      ] GC(104) Discovered  references: Soft: 0, Weak: 709, Final: 0, Phantom: 851
[980.064s][info][gc,ref      ] GC(104) Enqueued    references: Soft: 0, Weak: 2, Final: 0, Phantom: 0
[980.064s][info][gc          ] GC(104) Concurrent weak references 0.184ms
[980.064s][info][gc,start    ] GC(104) Concurrent weak roots
[980.064s][info][gc,task     ] GC(104) Using 2 of 4 workers for concurrent weak root
[980.067s][info][gc          ] GC(104) Concurrent weak roots 2.871ms
[980.067s][info][gc,start    ] GC(104) Concurrent cleanup
[980.067s][info][gc          ] GC(104) Concurrent cleanup 7143M->5179M(8192M) 0.040ms
[980.067s][info][gc,ergo     ] GC(104) Free: 2600M, Max: 4096K regular, 520M humongous, Frag: 80% external, 0% internal; Reserve: 411M, Max: 4096K
[980.067s][info][gc,start    ] GC(104) Concurrent class unloading
[980.067s][info][gc,task     ] GC(104) Using 2 of 4 workers for concurrent class unloading
[980.072s][info][gc          ] GC(104) Concurrent class unloading 4.727ms
[980.072s][info][gc,start    ] GC(104) Concurrent strong roots
[980.072s][info][gc,task     ] GC(104) Using 2 of 4 workers for concurrent strong root
[980.072s][info][gc          ] GC(104) Concurrent strong roots 0.267ms
[980.072s][info][gc,start    ] GC(104) Concurrent evacuation
[980.072s][info][gc,task     ] GC(104) Using 2 of 4 workers for concurrent evacuation
[980.109s][info][gc          ] GC(104) Concurrent evacuation 36.934ms
[980.110s][info][gc,start    ] GC(104) Pause Init Update Refs
[980.110s][info][gc,ergo     ] GC(104) Pacer for Update Refs. Used: 5279M, Free: 2576M, Non-Taxable: 257M, Alloc Tax Rate: 2.5x
[980.110s][info][gc          ] GC(104) Pause Init Update Refs 0.044ms
[980.110s][info][gc,start    ] GC(104) Concurrent update references
[980.110s][info][gc,task     ] GC(104) Using 2 of 4 workers for concurrent reference update
[980.255s][info][gc          ] GC(104) Concurrent update references 145.097ms
[980.255s][info][gc,start    ] GC(104) Concurrent update thread roots
[980.256s][info][gc          ] GC(104) Concurrent update thread roots 1.311ms
[980.256s][info][gc,start    ] GC(104) Pause Final Update Refs
[980.256s][info][gc,task     ] GC(104) Using 4 of 4 workers for final reference update
[980.256s][info][gc          ] GC(104) Pause Final Update Refs 0.102ms
[980.256s][info][gc,start    ] GC(104) Concurrent cleanup
[980.256s][info][gc          ] GC(104) Concurrent cleanup 5339M->779M(8192M) 0.066ms
[980.256s][info][gc,ergo     ] Free: 7000M, Max: 4096K regular, 5648M humongous, Frag: 20% external, 0% internal; Reserve: 412M, Max: 4096K
[980.256s][info][gc,stats    ] 
[980.256s][info][gc,stats    ] All times are wall-clock times, except per-root-class counters, that are sum over
[980.256s][info][gc,stats    ] all workers. Dividing the <total> over the root stage time estimates parallelism.
[980.256s][info][gc,stats    ] 
[980.256s][info][gc,stats    ] Concurrent Reset                  13752 us
[980.256s][info][gc,stats    ] Pause Init Mark (G)                 245 us
[980.256s][info][gc,stats    ] Pause Init Mark (N)                 121 us
[980.256s][info][gc,stats    ]   Update Region States               41 us
[980.256s][info][gc,stats    ] Concurrent Mark Roots              1084 us, parallelism: 1.63x
[980.256s][info][gc,stats    ]   CMR: <total>                     1761 us
[980.256s][info][gc,stats    ]   CMR: Thread Roots                1600 us, workers (us): 732, 869, ---, ---, 
[980.257s][info][gc,stats    ]   CMR: VM Strong Roots               14 us, workers (us):  14,   0, ---, ---, 
[980.257s][info][gc,stats    ]   CMR: CLDG Roots                   146 us, workers (us): 146, ---, ---, ---, 
[980.257s][info][gc,stats    ] Concurrent Marking               231704 us
[980.257s][info][gc,stats    ] Pause Final Mark (G)                357 us
[980.257s][info][gc,stats    ] Pause Final Mark (N)                301 us
[980.257s][info][gc,stats    ]   Finish Mark                        44 us
[980.257s][info][gc,stats    ]   Update Region States               40 us
[980.257s][info][gc,stats    ]   Choose Collection Set             142 us
[980.257s][info][gc,stats    ]   Rebuild Free Set                    9 us
[980.257s][info][gc,stats    ] Concurrent Thread Roots             813 us, parallelism: 1.76x
[980.257s][info][gc,stats    ]   CTR: <total>                     1434 us
[980.257s][info][gc,stats    ]   CTR: Thread Roots                1434 us, workers (us): 715, 719, ---, ---, 
[980.257s][info][gc,stats    ] Concurrent Weak References          195 us, parallelism: 0.43x
[980.257s][info][gc,stats    ]   CWRF: <total>                      84 us
[980.257s][info][gc,stats    ]   CWRF: Weak References              84 us, workers (us):  80,   4, ---, ---, 
[980.257s][info][gc,stats    ] Concurrent Weak Roots              2893 us
[980.257s][info][gc,stats    ]   Roots                            2798 us, parallelism: 1.89x
[980.257s][info][gc,stats    ]     CWR: <total>                   5287 us
[980.257s][info][gc,stats    ]     CWR: Code Cache Roots          3765 us, workers (us): 1875, 1891, ---, ---, 
[980.257s][info][gc,stats    ]     CWR: VM Weak Roots             1472 us, workers (us): 737, 736, ---, ---, 
[980.257s][info][gc,stats    ]     CWR: CLDG Roots                  50 us, workers (us): ---,  50, ---, ---, 
[980.257s][info][gc,stats    ]   Rendezvous                         50 us
[980.257s][info][gc,stats    ] Concurrent Cleanup                   53 us
[980.257s][info][gc,stats    ] Concurrent Class Unloading         4746 us
[980.257s][info][gc,stats    ]   Unlink Stale                     4594 us
[980.257s][info][gc,stats    ]     System Dictionary                40 us
[980.257s][info][gc,stats    ]     Weak Class Links                  0 us
[980.257s][info][gc,stats    ]     Code Roots                     4553 us
[980.257s][info][gc,stats    ]   Rendezvous                         52 us
[980.257s][info][gc,stats    ]   Purge Unlinked                     58 us
[980.257s][info][gc,stats    ]     Code Roots                       55 us
[980.257s][info][gc,stats    ]     CLDG                              2 us
[980.257s][info][gc,stats    ]     Exception Caches                  0 us
[980.257s][info][gc,stats    ] Concurrent Strong Roots             280 us, parallelism: 0.72x
[980.257s][info][gc,stats    ]   CSR: <total>                      202 us
[980.257s][info][gc,stats    ]   CSR: VM Strong Roots                8 us, workers (us):   8,   0, ---, ---, 
[980.257s][info][gc,stats    ]   CSR: CLDG Roots                   195 us, workers (us): 195, ---, ---, ---, 
[980.257s][info][gc,stats    ] Concurrent Evacuation             36978 us
[980.257s][info][gc,stats    ] Pause Init Update Refs (G)          134 us
[980.257s][info][gc,stats    ] Pause Init Update Refs (N)           55 us
[980.257s][info][gc,stats    ]   Manage GCLABs                       5 us
[980.257s][info][gc,stats    ] Concurrent Update Refs           145140 us
[980.257s][info][gc,stats    ] Concurrent Update Thread Roots     1332 us
[980.257s][info][gc,stats    ] Pause Final Update Refs (G)         199 us
[980.257s][info][gc,stats    ] Pause Final Update Refs (N)         128 us
[980.257s][info][gc,stats    ]   Update Region States               44 us
[980.257s][info][gc,stats    ]   Trash Collection Set                9 us
[980.257s][info][gc,stats    ]   Rebuild Free Set                   10 us
[980.257s][info][gc,stats    ] Concurrent Cleanup                   80 us
[980.257s][info][gc,stats    ] 
[980.257s][info][gc,stats    ] Allocation pacing accrued:
[980.257s][info][gc,stats    ]       0 of  9044 ms (  0.0%): <total>
[980.257s][info][gc,stats    ]       0 of  9044 ms (  0.0%): <average total>
[980.257s][info][gc,stats    ] 
[980.257s][info][gc,metaspace] Metaspace: 135044K(136384K)->135044K(136384K) NonClass: 114112K(114880K)->114112K(114880K) Class: 20931K(21504K)->20931K(21504K)
[980.257s][info][gc,ergo     ] Pacer for Idle. Initial: 163M, Alloc Tax Rate: 1.0x
[988.690s][info][gc          ] Trigger: Average GC time (488.91 ms) is above the time for average allocation rate (1032 MB/s) to deplete free headroom (503M) (margin of error = 1.88)
[988.690s][info][gc,ergo     ] Free headroom: 913M (free) - 409M (spike) - 0B (penalties) = 503M
[988.690s][info][gc,ergo     ] Free: 913M, Max: 4096K regular, 904M humongous, Frag: 0% external, 0% internal; Reserve: 412M, Max: 4096K
[988.690s][info][gc,start    ] GC(105) Concurrent reset
[988.690s][info][gc,task     ] GC(105) Using 2 of 4 workers for concurrent reset
[988.690s][info][gc,ergo     ] GC(105) Pacer for Reset. Non-Taxable: 8192M
[988.703s][info][gc          ] GC(105) Concurrent reset 12.497ms
[988.703s][info][gc,start    ] GC(105) Pause Init Mark (unload classes)
[988.703s][info][gc,task     ] GC(105) Using 4 of 4 workers for init marking
[988.703s][info][gc,ergo     ] GC(105) Pacer for Mark. Expected Live: 493M, Free: 913M, Non-Taxable: 93535K, Alloc Tax Rate: 0.7x
[988.703s][info][gc          ] GC(105) Pause Init Mark (unload classes) 0.111ms
[988.703s][info][gc,start    ] GC(105) Concurrent marking roots
[988.703s][info][gc,task     ] GC(105) Using 2 of 4 workers for concurrent marking roots
[988.704s][info][gc          ] GC(105) Concurrent marking roots 1.058ms
[988.704s][info][gc,start    ] GC(105) Concurrent marking (unload classes)
[988.704s][info][gc,task     ] GC(105) Using 2 of 4 workers for concurrent marking
[988.942s][info][gc          ] GC(105) Concurrent marking (unload classes) 238.065ms
[988.942s][info][gc,start    ] GC(105) Pause Final Mark (unload classes)
[988.942s][info][gc,task     ] GC(105) Using 4 of 4 workers for final marking
[988.942s][info][gc,ergo     ] GC(105) Adaptive CSet Selection. Target Free: 1160M, Actual Free: 2664M, Max CSet: 341M, Min Garbage: 0B
[988.942s][info][gc,ergo     ] GC(105) Collectable Garbage: 6330M (99%), Immediate: 1544M (24%), CSet: 4786M (75%)
[988.942s][info][gc,ergo     ] GC(105) Pacer for Evacuation. Used CSet: 4880M, Free: 2265M, Non-Taxable: 226M, Alloc Tax Rate: 5.3x
[988.942s][info][gc          ] GC(105) Pause Final Mark (unload classes) 0.306ms
[988.943s][info][gc,start    ] GC(105) Concurrent thread roots
[988.943s][info][gc,task     ] GC(105) Using 2 of 4 workers for Concurrent thread roots
[988.943s][info][gc          ] GC(105) Concurrent thread roots 0.755ms
[988.943s][info][gc,start    ] GC(105) Concurrent weak references
[988.943s][info][gc,task     ] GC(105) Using 2 of 4 workers for concurrent weak references
[988.944s][info][gc,ref      ] GC(105) Encountered references: Soft: 6114, Weak: 23425, Final: 34, Phantom: 982
[988.944s][info][gc,ref      ] GC(105) Discovered  references: Soft: 0, Weak: 11700, Final: 1, Phantom: 692
[988.944s][info][gc,ref      ] GC(105) Enqueued    references: Soft: 0, Weak: 2, Final: 0, Phantom: 0
[988.944s][info][gc          ] GC(105) Concurrent weak references 0.503ms
[988.944s][info][gc,start    ] GC(105) Concurrent weak roots
[988.944s][info][gc,task     ] GC(105) Using 2 of 4 workers for concurrent weak root
[988.946s][info][gc          ] GC(105) Concurrent weak roots 2.665ms
[988.946s][info][gc,start    ] GC(105) Concurrent cleanup
[988.947s][info][gc          ] GC(105) Concurrent cleanup 7067M->5523M(8192M) 0.036ms
[988.947s][info][gc,ergo     ] GC(105) Free: 2257M, Max: 4096K regular, 700M humongous, Frag: 69% external, 0% internal; Reserve: 411M, Max: 4096K
[988.947s][info][gc,start    ] GC(105) Concurrent class unloading
[988.947s][info][gc,task     ] GC(105) Using 2 of 4 workers for concurrent class unloading
[988.952s][info][gc          ] GC(105) Concurrent class unloading 5.077ms
[988.952s][info][gc,start    ] GC(105) Concurrent strong roots
[988.952s][info][gc,task     ] GC(105) Using 2 of 4 workers for concurrent strong root
[988.952s][info][gc          ] GC(105) Concurrent strong roots 0.296ms
[988.952s][info][gc,start    ] GC(105) Concurrent evacuation
[988.952s][info][gc,task     ] GC(105) Using 2 of 4 workers for concurrent evacuation
[988.994s][info][gc          ] GC(105) Concurrent evacuation 41.782ms
[988.994s][info][gc,start    ] GC(105) Pause Init Update Refs
[988.994s][info][gc,ergo     ] GC(105) Pacer for Update Refs. Used: 5634M, Free: 2245M, Non-Taxable: 224M, Alloc Tax Rate: 3.1x
[988.994s][info][gc          ] GC(105) Pause Init Update Refs 0.045ms
[988.994s][info][gc,start    ] GC(105) Concurrent update references
[988.994s][info][gc,task     ] GC(105) Using 2 of 4 workers for concurrent reference update
[989.144s][info][gc          ] GC(105) Concurrent update references 150.501ms
[989.144s][info][gc,start    ] GC(105) Concurrent update thread roots
[989.146s][info][gc          ] GC(105) Concurrent update thread roots 1.310ms
[989.146s][info][gc,start    ] GC(105) Pause Final Update Refs
[989.146s][info][gc,task     ] GC(105) Using 4 of 4 workers for final reference update
[989.146s][info][gc          ] GC(105) Pause Final Update Refs 0.101ms
[989.146s][info][gc,start    ] GC(105) Concurrent cleanup
[989.146s][info][gc          ] GC(105) Concurrent cleanup 5726M->846M(8192M) 0.060ms
[989.146s][info][gc,ergo     ] Free: 6933M, Max: 4096K regular, 5844M humongous, Frag: 16% external, 0% internal; Reserve: 412M, Max: 4096K
[989.146s][info][gc,stats    ] 
[989.146s][info][gc,stats    ] All times are wall-clock times, except per-root-class counters, that are sum over
[989.146s][info][gc,stats    ] all workers. Dividing the <total> over the root stage time estimates parallelism.
[989.146s][info][gc,stats    ] 
[989.146s][info][gc,stats    ] Concurrent Reset                  12552 us
[989.146s][info][gc,stats    ] Pause Init Mark (G)                 201 us
[989.146s][info][gc,stats    ] Pause Init Mark (N)                 122 us
[989.146s][info][gc,stats    ]   Update Region States               51 us
[989.146s][info][gc,stats    ] Concurrent Mark Roots              1080 us, parallelism: 1.50x
[989.146s][info][gc,stats    ]   CMR: <total>                     1619 us
[989.146s][info][gc,stats    ]   CMR: Thread Roots                1454 us, workers (us): 800, 653, ---, ---, 
[989.146s][info][gc,stats    ]   CMR: VM Strong Roots               18 us, workers (us):   9,   9, ---, ---, 
[989.146s][info][gc,stats    ]   CMR: CLDG Roots                   148 us, workers (us): ---, 148, ---, ---, 
[989.146s][info][gc,stats    ] Concurrent Marking               238099 us
[989.146s][info][gc,stats    ] Pause Final Mark (G)                335 us
[989.146s][info][gc,stats    ] Pause Final Mark (N)                318 us
[989.146s][info][gc,stats    ]   Finish Mark                        50 us
[989.146s][info][gc,stats    ]   Update Region States               42 us
[989.146s][info][gc,stats    ]   Choose Collection Set             148 us
[989.146s][info][gc,stats    ]   Rebuild Free Set                   10 us
[989.146s][info][gc,stats    ] Concurrent Thread Roots             773 us, parallelism: 1.81x
[989.146s][info][gc,stats    ]   CTR: <total>                     1397 us
[989.146s][info][gc,stats    ]   CTR: Thread Roots                1397 us, workers (us): 707, 689, ---, ---, 
[989.146s][info][gc,stats    ] Concurrent Weak References          514 us, parallelism: 0.92x
[989.146s][info][gc,stats    ]   CWRF: <total>                     471 us
[989.146s][info][gc,stats    ]   CWRF: Weak References             471 us, workers (us):  32, 439, ---, ---, 
[989.146s][info][gc,stats    ] Concurrent Weak Roots              2687 us
[989.146s][info][gc,stats    ]   Roots                            2558 us, parallelism: 1.92x
[989.146s][info][gc,stats    ]     CWR: <total>                   4902 us
[989.146s][info][gc,stats    ]     CWR: Code Cache Roots          3323 us, workers (us): 1681, 1641, ---, ---, 
[989.146s][info][gc,stats    ]     CWR: VM Weak Roots             1527 us, workers (us): 777, 749, ---, ---, 
[989.146s][info][gc,stats    ]     CWR: CLDG Roots                  52 us, workers (us): ---,  52, ---, ---, 
[989.146s][info][gc,stats    ]   Rendezvous                         85 us
[989.146s][info][gc,stats    ] Concurrent Cleanup                   48 us
[989.146s][info][gc,stats    ] Concurrent Class Unloading         5109 us
[989.146s][info][gc,stats    ]   Unlink Stale                     4912 us
[989.146s][info][gc,stats    ]     System Dictionary                46 us
[989.146s][info][gc,stats    ]     Weak Class Links                  0 us
[989.146s][info][gc,stats    ]     Code Roots                     4865 us
[989.147s][info][gc,stats    ]   Rendezvous                         52 us
[989.147s][info][gc,stats    ]   Purge Unlinked                     88 us
[989.147s][info][gc,stats    ]     Code Roots                       86 us
[989.147s][info][gc,stats    ]     CLDG                              2 us
[989.147s][info][gc,stats    ]     Exception Caches                  0 us
[989.147s][info][gc,stats    ] Concurrent Strong Roots             311 us, parallelism: 0.66x
[989.147s][info][gc,stats    ]   CSR: <total>                      206 us
[989.147s][info][gc,stats    ]   CSR: VM Strong Roots                8 us, workers (us):   8,   0, ---, ---, 
[989.147s][info][gc,stats    ]   CSR: CLDG Roots                   198 us, workers (us): 198, ---, ---, ---, 
[989.147s][info][gc,stats    ] Concurrent Evacuation             41838 us
[989.147s][info][gc,stats    ] Pause Init Update Refs (G)           82 us
[989.147s][info][gc,stats    ] Pause Init Update Refs (N)           56 us
[989.147s][info][gc,stats    ]   Manage GCLABs                       5 us
[989.147s][info][gc,stats    ] Concurrent Update Refs           150531 us
[989.147s][info][gc,stats    ] Concurrent Update Thread Roots     1326 us
[989.147s][info][gc,stats    ] Pause Final Update Refs (G)         200 us
[989.147s][info][gc,stats    ] Pause Final Update Refs (N)         126 us
[989.147s][info][gc,stats    ]   Update Region States               38 us
[989.147s][info][gc,stats    ]   Trash Collection Set               15 us
[989.147s][info][gc,stats    ]   Rebuild Free Set                   11 us
[989.147s][info][gc,stats    ] Concurrent Cleanup                   73 us
[989.147s][info][gc,stats    ] 
[989.147s][info][gc,stats    ] Allocation pacing accrued:
[989.147s][info][gc,stats    ]       0 of  8890 ms (  0.0%): <total>
[989.147s][info][gc,stats    ]       0 of  8890 ms (  0.0%): <average total>
[989.147s][info][gc,stats    ] 
[989.147s][info][gc,metaspace] Metaspace: 135046K(136384K)->135046K(136384K) NonClass: 114115K(114880K)->114115K(114880K) Class: 20931K(21504K)->20931K(21504K)
[989.147s][info][gc,ergo     ] Pacer for Idle. Initial: 163M, Alloc Tax Rate: 1.0x
[996.955s][info][gc          ] Trigger: Free (817M) is below minimum threshold (819M)
[996.955s][info][gc,ergo     ] Free: 817M, Max: 4096K regular, 676M humongous, Frag: 16% external, 0% internal; Reserve: 412M, Max: 4096K
[996.956s][info][gc,start    ] GC(106) Concurrent reset
[996.956s][info][gc,task     ] GC(106) Using 2 of 4 workers for concurrent reset
[996.956s][info][gc,ergo     ] GC(106) Pacer for Reset. Non-Taxable: 8192M
[996.971s][info][gc          ] GC(106) Concurrent reset 15.807ms
[996.971s][info][gc,start    ] GC(106) Pause Init Mark (unload classes)
[996.971s][info][gc,task     ] GC(106) Using 4 of 4 workers for init marking
[996.972s][info][gc,ergo     ] GC(106) Pacer for Mark. Expected Live: 491M, Free: 817M, Non-Taxable: 83682K, Alloc Tax Rate: 0.7x
[996.972s][info][gc          ] GC(106) Pause Init Mark (unload classes) 0.103ms
[996.972s][info][gc,start    ] GC(106) Concurrent marking roots
[996.972s][info][gc,task     ] GC(106) Using 2 of 4 workers for concurrent marking roots
[996.973s][info][gc          ] GC(106) Concurrent marking roots 1.207ms
[996.973s][info][gc,start    ] GC(106) Concurrent marking (unload classes)
[996.973s][info][gc,task     ] GC(106) Using 2 of 4 workers for concurrent marking
[997.200s][info][gc          ] GC(106) Concurrent marking (unload classes) 227.676ms
[997.201s][info][gc,start    ] GC(106) Pause Final Mark (unload classes)
[997.201s][info][gc,task     ] GC(106) Using 4 of 4 workers for final marking
[997.201s][info][gc,ergo     ] GC(106) Adaptive CSet Selection. Target Free: 1160M, Actual Free: 3972M, Max CSet: 341M, Min Garbage: 0B
[997.201s][info][gc,ergo     ] GC(106) Collectable Garbage: 6447M (99%), Immediate: 2892M (44%), CSet: 3555M (54%)
[997.201s][info][gc,ergo     ] GC(106) Pacer for Evacuation. Used CSet: 3620M, Free: 3569M, Non-Taxable: 356M, Alloc Tax Rate: 2.5x
[997.201s][info][gc          ] GC(106) Pause Final Mark (unload classes) 0.284ms
[997.201s][info][gc,start    ] GC(106) Concurrent thread roots
[997.201s][info][gc,task     ] GC(106) Using 2 of 4 workers for Concurrent thread roots
[997.202s][info][gc          ] GC(106) Concurrent thread roots 0.731ms
[997.202s][info][gc,start    ] GC(106) Concurrent weak references
[997.202s][info][gc,task     ] GC(106) Using 2 of 4 workers for concurrent weak references
[997.202s][info][gc,ref      ] GC(106) Encountered references: Soft: 6114, Weak: 23426, Final: 34, Phantom: 982
[997.202s][info][gc,ref      ] GC(106) Discovered  references: Soft: 0, Weak: 7944, Final: 0, Phantom: 690
[997.202s][info][gc,ref      ] GC(106) Enqueued    references: Soft: 0, Weak: 3, Final: 0, Phantom: 0
[997.202s][info][gc          ] GC(106) Concurrent weak references 0.476ms
[997.202s][info][gc,start    ] GC(106) Concurrent weak roots
[997.202s][info][gc,task     ] GC(106) Using 2 of 4 workers for concurrent weak root
[997.205s][info][gc          ] GC(106) Concurrent weak roots 2.655ms
[997.205s][info][gc,start    ] GC(106) Concurrent cleanup
[997.205s][info][gc          ] GC(106) Concurrent cleanup 7111M->4219M(8192M) 0.045ms
[997.205s][info][gc,ergo     ] GC(106) Free: 3561M, Max: 4096K regular, 656M humongous, Frag: 82% external, 0% internal; Reserve: 411M, Max: 4096K
[997.205s][info][gc,start    ] GC(106) Concurrent class unloading
[997.205s][info][gc,task     ] GC(106) Using 2 of 4 workers for concurrent class unloading
[997.210s][info][gc          ] GC(106) Concurrent class unloading 5.044ms
[997.210s][info][gc,start    ] GC(106) Concurrent strong roots
[997.210s][info][gc,task     ] GC(106) Using 2 of 4 workers for concurrent strong root
[997.210s][info][gc          ] GC(106) Concurrent strong roots 0.279ms
[997.210s][info][gc,start    ] GC(106) Concurrent evacuation
[997.210s][info][gc,task     ] GC(106) Using 2 of 4 workers for concurrent evacuation
[997.247s][info][gc          ] GC(106) Concurrent evacuation 36.407ms
[997.247s][info][gc,start    ] GC(106) Pause Init Update Refs
[997.247s][info][gc,ergo     ] GC(106) Pacer for Update Refs. Used: 4310M, Free: 3541M, Non-Taxable: 354M, Alloc Tax Rate: 1.5x
[997.247s][info][gc          ] GC(106) Pause Init Update Refs 0.047ms
[997.247s][info][gc,start    ] GC(106) Concurrent update references
[997.247s][info][gc,task     ] GC(106) Using 2 of 4 workers for concurrent reference update
[997.383s][info][gc          ] GC(106) Concurrent update references 136.192ms
[997.383s][info][gc,start    ] GC(106) Concurrent update thread roots
[997.384s][info][gc          ] GC(106) Concurrent update thread roots 1.299ms
[997.384s][info][gc,start    ] GC(106) Pause Final Update Refs
[997.384s][info][gc,task     ] GC(106) Using 4 of 4 workers for final reference update
[997.384s][info][gc          ] GC(106) Pause Final Update Refs 0.115ms
[997.384s][info][gc,start    ] GC(106) Concurrent cleanup
[997.384s][info][gc          ] GC(106) Concurrent cleanup 4382M->762M(8192M) 0.049ms
[997.385s][info][gc,ergo     ] Free: 7017M, Max: 4096K regular, 5716M humongous, Frag: 19% external, 0% internal; Reserve: 412M, Max: 4096K
[997.385s][info][gc,stats    ] 
[997.385s][info][gc,stats    ] All times are wall-clock times, except per-root-class counters, that are sum over
[997.385s][info][gc,stats    ] all workers. Dividing the <total> over the root stage time estimates parallelism.
[997.385s][info][gc,stats    ] 
[997.385s][info][gc,stats    ] Concurrent Reset                  15864 us
[997.385s][info][gc,stats    ] Pause Init Mark (G)                 175 us
[997.385s][info][gc,stats    ] Pause Init Mark (N)                 117 us
[997.385s][info][gc,stats    ]   Update Region States               44 us
[997.385s][info][gc,stats    ] Concurrent Mark Roots              1234 us, parallelism: 1.43x
[997.385s][info][gc,stats    ]   CMR: <total>                     1768 us
[997.385s][info][gc,stats    ]   CMR: Thread Roots                1572 us, workers (us): 724, 849, ---, ---, 
[997.385s][info][gc,stats    ]   CMR: VM Strong Roots               18 us, workers (us):  18,   0, ---, ---, 
[997.385s][info][gc,stats    ]   CMR: CLDG Roots                   177 us, workers (us): 177, ---, ---, ---, 
[997.385s][info][gc,stats    ] Concurrent Marking               227712 us
[997.385s][info][gc,stats    ] Pause Final Mark (G)                322 us
[997.385s][info][gc,stats    ] Pause Final Mark (N)                295 us
[997.385s][info][gc,stats    ]   Finish Mark                        51 us
[997.385s][info][gc,stats    ]   Update Region States               43 us
[997.385s][info][gc,stats    ]   Choose Collection Set             123 us
[997.385s][info][gc,stats    ]   Rebuild Free Set                   10 us
[997.385s][info][gc,stats    ] Concurrent Thread Roots             746 us, parallelism: 1.82x
[997.385s][info][gc,stats    ]   CTR: <total>                     1360 us
[997.385s][info][gc,stats    ]   CTR: Thread Roots                1360 us, workers (us): 694, 666, ---, ---, 
[997.385s][info][gc,stats    ] Concurrent Weak References          487 us, parallelism: 0.86x
[997.385s][info][gc,stats    ]   CWRF: <total>                     420 us
[997.385s][info][gc,stats    ]   CWRF: Weak References             420 us, workers (us):  42, 377, ---, ---, 
[997.385s][info][gc,stats    ] Concurrent Weak Roots              2670 us
[997.385s][info][gc,stats    ]   Roots                            2610 us, parallelism: 1.92x
[997.385s][info][gc,stats    ]     CWR: <total>                   5018 us
[997.385s][info][gc,stats    ]     CWR: Code Cache Roots          3433 us, workers (us): 1746, 1686, ---, ---, 
[997.385s][info][gc,stats    ]     CWR: VM Weak Roots             1531 us, workers (us): 780, 751, ---, ---, 
[997.385s][info][gc,stats    ]     CWR: CLDG Roots                  54 us, workers (us): ---,  54, ---, ---, 
[997.385s][info][gc,stats    ]   Rendezvous                         24 us
[997.385s][info][gc,stats    ] Concurrent Cleanup                   57 us
[997.385s][info][gc,stats    ] Concurrent Class Unloading         5070 us
[997.385s][info][gc,stats    ]   Unlink Stale                     4734 us
[997.385s][info][gc,stats    ]     System Dictionary                50 us
[997.385s][info][gc,stats    ]     Weak Class Links                  0 us
[997.385s][info][gc,stats    ]     Code Roots                     4683 us
[997.385s][info][gc,stats    ]   Rendezvous                        148 us
[997.385s][info][gc,stats    ]   Purge Unlinked                    136 us
[997.385s][info][gc,stats    ]     Code Roots                      132 us
[997.385s][info][gc,stats    ]     CLDG                              4 us
[997.385s][info][gc,stats    ]     Exception Caches                  0 us
[997.385s][info][gc,stats    ] Concurrent Strong Roots             303 us, parallelism: 0.68x
[997.385s][info][gc,stats    ]   CSR: <total>                      206 us
[997.385s][info][gc,stats    ]   CSR: VM Strong Roots                9 us, workers (us):   9,   0, ---, ---, 
[997.385s][info][gc,stats    ]   CSR: CLDG Roots                   197 us, workers (us): 197, ---, ---, ---, 
[997.385s][info][gc,stats    ] Concurrent Evacuation             36455 us
[997.385s][info][gc,stats    ] Pause Init Update Refs (G)           78 us
[997.385s][info][gc,stats    ] Pause Init Update Refs (N)           58 us
[997.385s][info][gc,stats    ]   Manage GCLABs                       5 us
[997.385s][info][gc,stats    ] Concurrent Update Refs           136235 us
[997.385s][info][gc,stats    ] Concurrent Update Thread Roots     1314 us
[997.385s][info][gc,stats    ] Pause Final Update Refs (G)         157 us
[997.385s][info][gc,stats    ] Pause Final Update Refs (N)         130 us
[997.385s][info][gc,stats    ]   Update Region States               51 us
[997.385s][info][gc,stats    ]   Trash Collection Set               12 us
[997.385s][info][gc,stats    ]   Rebuild Free Set                   11 us
[997.385s][info][gc,stats    ] Concurrent Cleanup                   62 us
[997.385s][info][gc,stats    ] 
[997.385s][info][gc,stats    ] Allocation pacing accrued:
[997.385s][info][gc,stats    ]       0 of  8238 ms (  0.0%): <total>
[997.385s][info][gc,stats    ]       0 of  8238 ms (  0.0%): <average total>
[997.385s][info][gc,stats    ] 
[997.385s][info][gc,metaspace] Metaspace: 135053K(136384K)->135053K(136384K) NonClass: 114121K(114880K)->114122K(114880K) Class: 20931K(21504K)->20931K(21504K)
[997.385s][info][gc,ergo     ] Pacer for Idle. Initial: 163M, Alloc Tax Rate: 1.0x
[1007.731s][info][gc          ] Trigger: Free (817M) is below minimum threshold (819M)
[1007.731s][info][gc,ergo     ] Free: 817M, Max: 4096K regular, 676M humongous, Frag: 16% external, 0% internal; Reserve: 412M, Max: 4096K
[1007.731s][info][gc,start    ] GC(107) Concurrent reset
[1007.731s][info][gc,task     ] GC(107) Using 2 of 4 workers for concurrent reset
[1007.731s][info][gc,ergo     ] GC(107) Pacer for Reset. Non-Taxable: 8192M
[1007.743s][info][gc          ] GC(107) Concurrent reset 12.023ms
[1007.743s][info][gc,start    ] GC(107) Pause Init Mark (unload classes)
[1007.743s][info][gc,task     ] GC(107) Using 4 of 4 workers for init marking
[1007.743s][info][gc,ergo     ] GC(107) Pacer for Mark. Expected Live: 490M, Free: 813M, Non-Taxable: 83254K, Alloc Tax Rate: 0.7x
[1007.743s][info][gc          ] GC(107) Pause Init Mark (unload classes) 0.079ms
[1007.743s][info][gc,start    ] GC(107) Concurrent marking roots
[1007.743s][info][gc,task     ] GC(107) Using 2 of 4 workers for concurrent marking roots
[1007.744s][info][gc          ] GC(107) Concurrent marking roots 0.939ms
[1007.744s][info][gc,start    ] GC(107) Concurrent marking (unload classes)
[1007.744s][info][gc,task     ] GC(107) Using 2 of 4 workers for concurrent marking
[1007.979s][info][gc          ] GC(107) Concurrent marking (unload classes) 235.500ms
[1007.979s][info][gc,start    ] GC(107) Pause Final Mark (unload classes)
[1007.979s][info][gc,task     ] GC(107) Using 4 of 4 workers for final marking
[1007.980s][info][gc,ergo     ] GC(107) Adaptive CSet Selection. Target Free: 1160M, Actual Free: 2760M, Max CSet: 341M, Min Garbage: 0B
[1007.980s][info][gc,ergo     ] GC(107) Collectable Garbage: 6444M (99%), Immediate: 1692M (26%), CSet: 4752M (73%)
[1007.980s][info][gc,ergo     ] GC(107) Pacer for Evacuation. Used CSet: 4824M, Free: 2357M, Non-Taxable: 235M, Alloc Tax Rate: 5.0x
[1007.980s][info][gc          ] GC(107) Pause Final Mark (unload classes) 0.333ms
[1007.980s][info][gc,start    ] GC(107) Concurrent thread roots
[1007.980s][info][gc,task     ] GC(107) Using 2 of 4 workers for Concurrent thread roots
[1007.981s][info][gc          ] GC(107) Concurrent thread roots 0.760ms
[1007.981s][info][gc,start    ] GC(107) Concurrent weak references
[1007.981s][info][gc,task     ] GC(107) Using 2 of 4 workers for concurrent weak references
[1007.981s][info][gc,ref      ] GC(107) Encountered references: Soft: 6114, Weak: 23428, Final: 34, Phantom: 988
[1007.981s][info][gc,ref      ] GC(107) Discovered  references: Soft: 0, Weak: 10252, Final: 0, Phantom: 694
[1007.981s][info][gc,ref      ] GC(107) Enqueued    references: Soft: 0, Weak: 3, Final: 0, Phantom: 0
[1007.981s][info][gc          ] GC(107) Concurrent weak references 0.480ms
[1007.981s][info][gc,start    ] GC(107) Concurrent weak roots
[1007.981s][info][gc,task     ] GC(107) Using 2 of 4 workers for concurrent weak root
[1007.984s][info][gc          ] GC(107) Concurrent weak roots 2.925ms
[1007.984s][info][gc,start    ] GC(107) Concurrent cleanup
[1007.984s][info][gc          ] GC(107) Concurrent cleanup 7124M->5432M(8192M) 0.041ms
[1007.984s][info][gc,ergo     ] GC(107) Free: 2347M, Max: 4096K regular, 644M humongous, Frag: 73% external, 0% internal; Reserve: 411M, Max: 4096K
[1007.984s][info][gc,start    ] GC(107) Concurrent class unloading
[1007.984s][info][gc,task     ] GC(107) Using 2 of 4 workers for concurrent class unloading
[1007.989s][info][gc          ] GC(107) Concurrent class unloading 4.964ms
[1007.989s][info][gc,start    ] GC(107) Concurrent strong roots
[1007.989s][info][gc,task     ] GC(107) Using 2 of 4 workers for concurrent strong root
[1007.989s][info][gc          ] GC(107) Concurrent strong roots 0.290ms
[1007.989s][info][gc,start    ] GC(107) Concurrent evacuation
[1007.989s][info][gc,task     ] GC(107) Using 2 of 4 workers for concurrent evacuation
[1008.025s][info][gc          ] GC(107) Concurrent evacuation 35.829ms
[1008.025s][info][gc,start    ] GC(107) Pause Init Update Refs
[1008.025s][info][gc,ergo     ] GC(107) Pacer for Update Refs. Used: 5524M, Free: 2331M, Non-Taxable: 233M, Alloc Tax Rate: 2.9x
[1008.025s][info][gc          ] GC(107) Pause Init Update Refs 0.044ms
[1008.025s][info][gc,start    ] GC(107) Concurrent update references
[1008.025s][info][gc,task     ] GC(107) Using 2 of 4 workers for concurrent reference update
[1008.169s][info][gc          ] GC(107) Concurrent update references 143.883ms
[1008.169s][info][gc,start    ] GC(107) Concurrent update thread roots
[1008.171s][info][gc          ] GC(107) Concurrent update thread roots 1.346ms
[1008.171s][info][gc,start    ] GC(107) Pause Final Update Refs
[1008.171s][info][gc,task     ] GC(107) Using 4 of 4 workers for final reference update
[1008.171s][info][gc          ] GC(107) Pause Final Update Refs 0.093ms
[1008.171s][info][gc,start    ] GC(107) Concurrent cleanup
[1008.171s][info][gc          ] GC(107) Concurrent cleanup 5576M->752M(8192M) 0.060ms
[1008.171s][info][gc,ergo     ] Free: 7027M, Max: 4096K regular, 5920M humongous, Frag: 16% external, 0% internal; Reserve: 412M, Max: 4096K
[1008.171s][info][gc,stats    ] 
[1008.171s][info][gc,stats    ] All times are wall-clock times, except per-root-class counters, that are sum over
[1008.171s][info][gc,stats    ] all workers. Dividing the <total> over the root stage time estimates parallelism.
[1008.171s][info][gc,stats    ] 
[1008.171s][info][gc,stats    ] Concurrent Reset                  12092 us
[1008.171s][info][gc,stats    ] Pause Init Mark (G)                 151 us
[1008.171s][info][gc,stats    ] Pause Init Mark (N)                  90 us
[1008.171s][info][gc,stats    ]   Update Region States               20 us
[1008.171s][info][gc,stats    ] Concurrent Mark Roots               963 us, parallelism: 1.62x
[1008.171s][info][gc,stats    ]   CMR: <total>                     1557 us
[1008.171s][info][gc,stats    ]   CMR: Thread Roots                1421 us, workers (us): 657, 764, ---, ---, 
[1008.171s][info][gc,stats    ]   CMR: VM Strong Roots               13 us, workers (us):  13,   0, ---, ---, 
[1008.171s][info][gc,stats    ]   CMR: CLDG Roots                   123 us, workers (us): 123, ---, ---, ---, 
[1008.171s][info][gc,stats    ] Concurrent Marking               235546 us
[1008.171s][info][gc,stats    ] Pause Final Mark (G)                401 us
[1008.171s][info][gc,stats    ] Pause Final Mark (N)                344 us
[1008.171s][info][gc,stats    ]   Finish Mark                        47 us
[1008.171s][info][gc,stats    ]   Update Region States               56 us
[1008.171s][info][gc,stats    ]   Choose Collection Set             163 us
[1008.171s][info][gc,stats    ]   Rebuild Free Set                   11 us
[1008.171s][info][gc,stats    ] Concurrent Thread Roots             782 us, parallelism: 1.78x
[1008.171s][info][gc,stats    ]   CTR: <total>                     1395 us
[1008.171s][info][gc,stats    ]   CTR: Thread Roots                1395 us, workers (us): 709, 686, ---, ---, 
[1008.171s][info][gc,stats    ] Concurrent Weak References          491 us, parallelism: 0.92x
[1008.171s][info][gc,stats    ]   CWRF: <total>                     452 us
[1008.171s][info][gc,stats    ]   CWRF: Weak References             452 us, workers (us):  41, 411, ---, ---, 
[1008.171s][info][gc,stats    ] Concurrent Weak Roots              2948 us
[1008.171s][info][gc,stats    ]   Roots                            2855 us, parallelism: 1.92x
[1008.171s][info][gc,stats    ]     CWR: <total>                   5483 us
[1008.171s][info][gc,stats    ]     CWR: Code Cache Roots          3760 us, workers (us): 1795, 1965, ---, ---, 
[1008.171s][info][gc,stats    ]     CWR: VM Weak Roots             1599 us, workers (us): 799, 800, ---, ---, 
[1008.171s][info][gc,stats    ]     CWR: CLDG Roots                 123 us, workers (us): 123, ---, ---, ---, 
[1008.171s][info][gc,stats    ]   Rendezvous                         49 us
[1008.171s][info][gc,stats    ] Concurrent Cleanup                   54 us
[1008.171s][info][gc,stats    ] Concurrent Class Unloading         4986 us
[1008.171s][info][gc,stats    ]   Unlink Stale                     4665 us
[1008.171s][info][gc,stats    ]     System Dictionary                65 us
[1008.171s][info][gc,stats    ]     Weak Class Links                  0 us
[1008.171s][info][gc,stats    ]     Code Roots                     4599 us
[1008.171s][info][gc,stats    ]   Rendezvous                        163 us
[1008.171s][info][gc,stats    ]   Purge Unlinked                    113 us
[1008.171s][info][gc,stats    ]     Code Roots                      109 us
[1008.171s][info][gc,stats    ]     CLDG                              4 us
[1008.171s][info][gc,stats    ] Concurrent Strong Roots             306 us, parallelism: 0.67x
[1008.171s][info][gc,stats    ]   CSR: <total>                      204 us
[1008.171s][info][gc,stats    ]   CSR: VM Strong Roots                8 us, workers (us):   8,   0, ---, ---, 
[1008.171s][info][gc,stats    ]   CSR: CLDG Roots                   196 us, workers (us): 196, ---, ---, ---, 
[1008.171s][info][gc,stats    ] Concurrent Evacuation             35880 us
[1008.171s][info][gc,stats    ] Pause Init Update Refs (G)          147 us
[1008.171s][info][gc,stats    ] Pause Init Update Refs (N)           55 us
[1008.171s][info][gc,stats    ]   Manage GCLABs                       5 us
[1008.171s][info][gc,stats    ] Concurrent Update Refs           143924 us
[1008.171s][info][gc,stats    ] Concurrent Update Thread Roots     1371 us
[1008.171s][info][gc,stats    ] Pause Final Update Refs (G)         146 us
[1008.171s][info][gc,stats    ] Pause Final Update Refs (N)         119 us
[1008.172s][info][gc,stats    ]   Update Region States               37 us
[1008.172s][info][gc,stats    ]   Trash Collection Set               11 us
[1008.172s][info][gc,stats    ]   Rebuild Free Set                   11 us
[1008.172s][info][gc,stats    ] Concurrent Cleanup                   73 us
[1008.172s][info][gc,stats    ] 
[1008.172s][info][gc,stats    ] Allocation pacing accrued:
[1008.172s][info][gc,stats    ]       0 of 10786 ms (  0.0%): <total>
[1008.172s][info][gc,stats    ]       0 of 10786 ms (  0.0%): <average total>
[1008.172s][info][gc,stats    ] 
[1008.172s][info][gc,metaspace] Metaspace: 135073K(136448K)->135073K(136448K) NonClass: 114142K(114944K)->114142K(114944K) Class: 20931K(21504K)->20931K(21504K)
[1008.172s][info][gc,ergo     ] Pacer for Idle. Initial: 163M, Alloc Tax Rate: 1.0x
[1015.318s][info][gc          ] Trigger: Average GC time (462.03 ms) is above the time for average allocation rate (1684 MB/s) to deplete free headroom (534M) (margin of error = 1.88)
[1015.318s][info][gc,ergo     ] Free headroom: 943M (free) - 409M (spike) - 0B (penalties) = 534M
[1015.318s][info][gc,ergo     ] Free: 943M, Max: 4096K regular, 640M humongous, Frag: 32% external, 0% internal; Reserve: 412M, Max: 4096K
[1015.318s][info][gc,start    ] GC(108) Concurrent reset
[1015.318s][info][gc,task     ] GC(108) Using 2 of 4 workers for concurrent reset
[1015.318s][info][gc,ergo     ] GC(108) Pacer for Reset. Non-Taxable: 8192M
[1015.338s][info][gc          ] GC(108) Concurrent reset 19.370ms
[1015.338s][info][gc,start    ] GC(108) Pause Init Mark (unload classes)
[1015.338s][info][gc,task     ] GC(108) Using 4 of 4 workers for init marking
[1015.338s][info][gc,ergo     ] GC(108) Pacer for Mark. Expected Live: 489M, Free: 923M, Non-Taxable: 94595K, Alloc Tax Rate: 0.6x
[1015.338s][info][gc          ] GC(108) Pause Init Mark (unload classes) 0.121ms
[1015.338s][info][gc,start    ] GC(108) Concurrent marking roots
[1015.338s][info][gc,task     ] GC(108) Using 2 of 4 workers for concurrent marking roots
[1015.339s][info][gc          ] GC(108) Concurrent marking roots 1.026ms
[1015.339s][info][gc,start    ] GC(108) Concurrent marking (unload classes)
[1015.339s][info][gc,task     ] GC(108) Using 2 of 4 workers for concurrent marking
[1015.582s][info][gc          ] GC(108) Concurrent marking (unload classes) 242.820ms
[1015.582s][info][gc,start    ] GC(108) Pause Final Mark (unload classes)
[1015.582s][info][gc,task     ] GC(108) Using 4 of 4 workers for final marking
[1015.582s][info][gc,ergo     ] GC(108) Adaptive CSet Selection. Target Free: 1160M, Actual Free: 3660M, Max CSet: 341M, Min Garbage: 0B
[1015.582s][info][gc,ergo     ] GC(108) Collectable Garbage: 6326M (99%), Immediate: 2592M (40%), CSet: 3734M (58%)
[1015.582s][info][gc,ergo     ] GC(108) Pacer for Evacuation. Used CSet: 3813M, Free: 3257M, Non-Taxable: 325M, Alloc Tax Rate: 2.9x
[1015.582s][info][gc          ] GC(108) Pause Final Mark (unload classes) 0.234ms
[1015.582s][info][gc,start    ] GC(108) Concurrent thread roots
[1015.582s][info][gc,task     ] GC(108) Using 2 of 4 workers for Concurrent thread roots
[1015.583s][info][gc          ] GC(108) Concurrent thread roots 0.743ms
[1015.583s][info][gc,start    ] GC(108) Concurrent weak references
[1015.583s][info][gc,task     ] GC(108) Using 2 of 4 workers for concurrent weak references
[1015.583s][info][gc,ref      ] GC(108) Encountered references: Soft: 6114, Weak: 23428, Final: 34, Phantom: 991
[1015.583s][info][gc,ref      ] GC(108) Discovered  references: Soft: 0, Weak: 3552, Final: 0, Phantom: 863
[1015.583s][info][gc,ref      ] GC(108) Enqueued    references: Soft: 0, Weak: 2, Final: 0, Phantom: 0
[1015.583s][info][gc          ] GC(108) Concurrent weak references 0.286ms
[1015.583s][info][gc,start    ] GC(108) Concurrent weak roots
[1015.583s][info][gc,task     ] GC(108) Using 2 of 4 workers for concurrent weak root
[1015.587s][info][gc          ] GC(108) Concurrent weak roots 3.344ms
[1015.587s][info][gc,start    ] GC(108) Concurrent cleanup
[1015.587s][info][gc          ] GC(108) Concurrent cleanup 7128M->4536M(8192M) 0.044ms
[1015.587s][info][gc,ergo     ] GC(108) Free: 3241M, Max: 4096K regular, 636M humongous, Frag: 81% external, 0% internal; Reserve: 411M, Max: 4096K
[1015.587s][info][gc,start    ] GC(108) Concurrent class unloading
[1015.587s][info][gc,task     ] GC(108) Using 2 of 4 workers for concurrent class unloading
[1015.592s][info][gc          ] GC(108) Concurrent class unloading 5.171ms
[1015.592s][info][gc,start    ] GC(108) Concurrent strong roots
[1015.592s][info][gc,task     ] GC(108) Using 2 of 4 workers for concurrent strong root
[1015.592s][info][gc          ] GC(108) Concurrent strong roots 0.375ms
[1015.592s][info][gc,start    ] GC(108) Concurrent evacuation
[1015.592s][info][gc,task     ] GC(108) Using 2 of 4 workers for concurrent evacuation
[1015.634s][info][gc          ] GC(108) Concurrent evacuation 41.938ms
[1015.634s][info][gc,start    ] GC(108) Pause Init Update Refs
[1015.634s][info][gc,ergo     ] GC(108) Pacer for Update Refs. Used: 4660M, Free: 3201M, Non-Taxable: 320M, Alloc Tax Rate: 1.8x
[1015.634s][info][gc          ] GC(108) Pause Init Update Refs 0.044ms
[1015.634s][info][gc,start    ] GC(108) Concurrent update references
[1015.634s][info][gc,task     ] GC(108) Using 2 of 4 workers for concurrent reference update
[1015.789s][info][gc          ] GC(108) Concurrent update references 155.059ms
[1015.790s][info][gc,start    ] GC(108) Concurrent update thread roots
[1015.791s][info][gc          ] GC(108) Concurrent update thread roots 1.371ms
[1015.791s][info][gc,start    ] GC(108) Pause Final Update Refs
[1015.791s][info][gc,task     ] GC(108) Using 4 of 4 workers for final reference update
[1015.791s][info][gc          ] GC(108) Pause Final Update Refs 0.094ms
[1015.791s][info][gc,start    ] GC(108) Concurrent cleanup
[1015.791s][info][gc          ] GC(108) Concurrent cleanup 4788M->974M(8192M) 0.065ms
[1015.791s][info][gc,ergo     ] Free: 6805M, Max: 4096K regular, 5668M humongous, Frag: 17% external, 0% internal; Reserve: 412M, Max: 4096K
[1015.791s][info][gc,stats    ] 
[1015.791s][info][gc,stats    ] All times are wall-clock times, except per-root-class counters, that are sum over
[1015.791s][info][gc,stats    ] all workers. Dividing the <total> over the root stage time estimates parallelism.
[1015.791s][info][gc,stats    ] 
[1015.791s][info][gc,stats    ] Concurrent Reset                  19425 us
[1015.791s][info][gc,stats    ] Pause Init Mark (G)                 265 us
[1015.791s][info][gc,stats    ] Pause Init Mark (N)                 134 us
[1015.791s][info][gc,stats    ]   Update Region States               52 us
[1015.791s][info][gc,stats    ] Concurrent Mark Roots              1048 us, parallelism: 1.56x
[1015.791s][info][gc,stats    ]   CMR: <total>                     1629 us
[1015.791s][info][gc,stats    ]   CMR: Thread Roots                1475 us, workers (us): 673, 802, ---, ---, 
[1015.791s][info][gc,stats    ]   CMR: VM Strong Roots               15 us, workers (us):  14,   0, ---, ---, 
[1015.791s][info][gc,stats    ]   CMR: CLDG Roots                   140 us, workers (us): 140, ---, ---, ---, 
[1015.791s][info][gc,stats    ] Concurrent Marking               242853 us
[1015.791s][info][gc,stats    ] Pause Final Mark (G)                264 us
[1015.791s][info][gc,stats    ] Pause Final Mark (N)                244 us
[1015.791s][info][gc,stats    ]   Finish Mark                        20 us
[1015.791s][info][gc,stats    ]   Update Region States               21 us
[1015.791s][info][gc,stats    ]   Choose Collection Set             127 us
[1015.791s][info][gc,stats    ]   Rebuild Free Set                   11 us
[1015.791s][info][gc,stats    ] Concurrent Thread Roots             762 us, parallelism: 1.85x
[1015.791s][info][gc,stats    ]   CTR: <total>                     1413 us
[1015.791s][info][gc,stats    ]   CTR: Thread Roots                1413 us, workers (us): 707, 706, ---, ---, 
[1015.792s][info][gc,stats    ] Concurrent Weak References          297 us, parallelism: 0.87x
[1015.792s][info][gc,stats    ]   CWRF: <total>                     258 us
[1015.792s][info][gc,stats    ]   CWRF: Weak References             258 us, workers (us):  74, 183, ---, ---, 
[1015.792s][info][gc,stats    ] Concurrent Weak Roots              3367 us
[1015.792s][info][gc,stats    ]   Roots                            3268 us, parallelism: 1.90x
[1015.792s][info][gc,stats    ]     CWR: <total>                   6213 us
[1015.792s][info][gc,stats    ]     CWR: Code Cache Roots          4555 us, workers (us): 2200, 2355, ---, ---, 
[1015.792s][info][gc,stats    ]     CWR: VM Weak Roots             1537 us, workers (us): 768, 769, ---, ---, 
[1015.792s][info][gc,stats    ]     CWR: CLDG Roots                 122 us, workers (us): 122, ---, ---, ---, 
[1015.792s][info][gc,stats    ]   Rendezvous                         54 us
[1015.792s][info][gc,stats    ] Concurrent Cleanup                   57 us
[1015.792s][info][gc,stats    ] Concurrent Class Unloading         5196 us
[1015.792s][info][gc,stats    ]   Unlink Stale                     5016 us
[1015.792s][info][gc,stats    ]     System Dictionary                64 us
[1015.792s][info][gc,stats    ]     Weak Class Links                  0 us
[1015.792s][info][gc,stats    ]     Code Roots                     4950 us
[1015.792s][info][gc,stats    ]   Rendezvous                         80 us
[1015.792s][info][gc,stats    ]   Purge Unlinked                     51 us
[1015.792s][info][gc,stats    ]     Code Roots                       48 us
[1015.792s][info][gc,stats    ]     CLDG                              3 us
[1015.792s][info][gc,stats    ]     Exception Caches                  0 us
[1015.792s][info][gc,stats    ] Concurrent Strong Roots             389 us, parallelism: 0.66x
[1015.792s][info][gc,stats    ]   CSR: <total>                      255 us
[1015.792s][info][gc,stats    ]   CSR: VM Strong Roots               11 us, workers (us):   5,   6, ---, ---, 
[1015.792s][info][gc,stats    ]   CSR: CLDG Roots                   244 us, workers (us): 244, ---, ---, ---, 
[1015.792s][info][gc,stats    ] Concurrent Evacuation             41975 us
[1015.792s][info][gc,stats    ] Pause Init Update Refs (G)           95 us
[1015.792s][info][gc,stats    ] Pause Init Update Refs (N)           54 us
[1015.792s][info][gc,stats    ]   Manage GCLABs                       6 us
[1015.792s][info][gc,stats    ] Concurrent Update Refs           155110 us
[1015.792s][info][gc,stats    ] Concurrent Update Thread Roots     1393 us
[1015.792s][info][gc,stats    ] Pause Final Update Refs (G)         222 us
[1015.792s][info][gc,stats    ] Pause Final Update Refs (N)         123 us
[1015.792s][info][gc,stats    ]   Update Region States               37 us
[1015.792s][info][gc,stats    ]   Trash Collection Set                9 us
[1015.792s][info][gc,stats    ]   Rebuild Free Set                   12 us
[1015.792s][info][gc,stats    ] Concurrent Cleanup                   79 us
[1015.792s][info][gc,stats    ] 
[1015.792s][info][gc,stats    ] Allocation pacing accrued:
[1015.792s][info][gc,stats    ]       0 of  7620 ms (  0.0%): <total>
[1015.792s][info][gc,stats    ]       0 of  7620 ms (  0.0%): <average total>
[1015.792s][info][gc,stats    ] 
[1015.792s][info][gc,metaspace] Metaspace: 135074K(136448K)->135074K(136448K) NonClass: 114142K(114944K)->114142K(114944K) Class: 20931K(21504K)->20931K(21504K)
[1015.792s][info][gc,ergo     ] Pacer for Idle. Initial: 163M, Alloc Tax Rate: 1.0x
[1026.875s][info][gc          ] Trigger: Free (817M) is below minimum threshold (819M)
[1026.875s][info][gc,ergo     ] Free: 817M, Max: 4096K regular, 628M humongous, Frag: 22% external, 0% internal; Reserve: 412M, Max: 4096K
[1026.875s][info][gc,start    ] GC(109) Concurrent reset
[1026.875s][info][gc,task     ] GC(109) Using 2 of 4 workers for concurrent reset
[1026.875s][info][gc,ergo     ] GC(109) Pacer for Reset. Non-Taxable: 8192M
[1026.888s][info][gc          ] GC(109) Concurrent reset 12.960ms
[1026.888s][info][gc,start    ] GC(109) Pause Init Mark (unload classes)
[1026.888s][info][gc,task     ] GC(109) Using 4 of 4 workers for init marking
[1026.888s][info][gc,ergo     ] GC(109) Pacer for Mark. Expected Live: 483M, Free: 813M, Non-Taxable: 83294K, Alloc Tax Rate: 0.7x
[1026.888s][info][gc          ] GC(109) Pause Init Mark (unload classes) 0.143ms
[1026.888s][info][gc,start    ] GC(109) Concurrent marking roots
[1026.888s][info][gc,task     ] GC(109) Using 2 of 4 workers for concurrent marking roots
[1026.889s][info][gc          ] GC(109) Concurrent marking roots 1.088ms
[1026.889s][info][gc,start    ] GC(109) Concurrent marking (unload classes)
[1026.889s][info][gc,task     ] GC(109) Using 2 of 4 workers for concurrent marking
[1027.124s][info][gc          ] GC(109) Concurrent marking (unload classes) 234.972ms
[1027.124s][info][gc,start    ] GC(109) Pause Final Mark (unload classes)
[1027.124s][info][gc,task     ] GC(109) Using 4 of 4 workers for final marking
[1027.124s][info][gc,ergo     ] GC(109) Adaptive CSet Selection. Target Free: 1160M, Actual Free: 2424M, Max CSet: 341M, Min Garbage: 0B
[1027.124s][info][gc,ergo     ] GC(109) Collectable Garbage: 6443M (99%), Immediate: 1376M (21%), CSet: 5067M (78%)
[1027.124s][info][gc,ergo     ] GC(109) Pacer for Evacuation. Used CSet: 5140M, Free: 2025M, Non-Taxable: 202M, Alloc Tax Rate: 6.2x
[1027.124s][info][gc          ] GC(109) Pause Final Mark (unload classes) 0.273ms
[1027.125s][info][gc,start    ] GC(109) Concurrent thread roots
[1027.125s][info][gc,task     ] GC(109) Using 2 of 4 workers for Concurrent thread roots
[1027.125s][info][gc          ] GC(109) Concurrent thread roots 0.808ms
[1027.125s][info][gc,start    ] GC(109) Concurrent weak references
[1027.125s][info][gc,task     ] GC(109) Using 2 of 4 workers for concurrent weak references
[1027.125s][info][gc,ref      ] GC(109) Encountered references: Soft: 6114, Weak: 23433, Final: 34, Phantom: 998
[1027.125s][info][gc,ref      ] GC(109) Discovered  references: Soft: 0, Weak: 845, Final: 0, Phantom: 707
[1027.125s][info][gc,ref      ] GC(109) Enqueued    references: Soft: 0, Weak: 5, Final: 0, Phantom: 0
[1027.125s][info][gc          ] GC(109) Concurrent weak references 0.160ms
[1027.126s][info][gc,start    ] GC(109) Concurrent weak roots
[1027.126s][info][gc,task     ] GC(109) Using 2 of 4 workers for concurrent weak root
[1027.130s][info][gc          ] GC(109) Concurrent weak roots 4.982ms
[1027.131s][info][gc,start    ] GC(109) Concurrent cleanup
[1027.131s][info][gc          ] GC(109) Concurrent cleanup 7140M->5764M(8192M) 0.041ms
[1027.131s][info][gc,ergo     ] GC(109) Free: 2016M, Max: 4096K regular, 624M humongous, Frag: 69% external, 0% internal; Reserve: 410M, Max: 4096K
[1027.131s][info][gc,start    ] GC(109) Concurrent class unloading
[1027.131s][info][gc,task     ] GC(109) Using 2 of 4 workers for concurrent class unloading
[1027.136s][info][gc          ] GC(109) Concurrent class unloading 5.694ms
[1027.136s][info][gc,start    ] GC(109) Concurrent strong roots
[1027.136s][info][gc,task     ] GC(109) Using 2 of 4 workers for concurrent strong root
[1027.137s][info][gc          ] GC(109) Concurrent strong roots 0.315ms
[1027.137s][info][gc,start    ] GC(109) Concurrent evacuation
[1027.137s][info][gc,task     ] GC(109) Using 2 of 4 workers for concurrent evacuation
[1027.182s][info][gc          ] GC(109) Concurrent evacuation 45.457ms
[1027.182s][info][gc,start    ] GC(109) Pause Init Update Refs
[1027.182s][info][gc,ergo     ] GC(109) Pacer for Update Refs. Used: 5863M, Free: 1992M, Non-Taxable: 199M, Alloc Tax Rate: 3.6x
[1027.182s][info][gc          ] GC(109) Pause Init Update Refs 0.080ms
[1027.182s][info][gc,start    ] GC(109) Concurrent update references
[1027.182s][info][gc,task     ] GC(109) Using 2 of 4 workers for concurrent reference update
[1027.337s][info][gc          ] GC(109) Concurrent update references 154.604ms
[1027.337s][info][gc,start    ] GC(109) Concurrent update thread roots
[1027.338s][info][gc          ] GC(109) Concurrent update thread roots 1.421ms
[1027.338s][info][gc,start    ] GC(109) Pause Final Update Refs
[1027.339s][info][gc,task     ] GC(109) Using 4 of 4 workers for final reference update
[1027.339s][info][gc          ] GC(109) Pause Final Update Refs 0.106ms
[1027.339s][info][gc,start    ] GC(109) Concurrent cleanup
[1027.339s][info][gc          ] GC(109) Concurrent cleanup 5940M->800M(8192M) 0.073ms
[1027.339s][info][gc,ergo     ] Free: 6979M, Max: 4096K regular, 5656M humongous, Frag: 19% external, 0% internal; Reserve: 412M, Max: 4096K
[1027.339s][info][gc,stats    ] 
[1027.339s][info][gc,stats    ] All times are wall-clock times, except per-root-class counters, that are sum over
[1027.339s][info][gc,stats    ] all workers. Dividing the <total> over the root stage time estimates parallelism.
[1027.339s][info][gc,stats    ] 
[1027.339s][info][gc,stats    ] Concurrent Reset                  13021 us
[1027.339s][info][gc,stats    ] Pause Init Mark (G)                 254 us
[1027.339s][info][gc,stats    ] Pause Init Mark (N)                 156 us
[1027.339s][info][gc,stats    ]   Update Region States               56 us
[1027.339s][info][gc,stats    ] Concurrent Mark Roots              1106 us, parallelism: 1.42x
[1027.339s][info][gc,stats    ]   CMR: <total>                     1573 us
[1027.339s][info][gc,stats    ]   CMR: Thread Roots                1386 us, workers (us): 777, 608, ---, ---, 
[1027.339s][info][gc,stats    ]   CMR: VM Strong Roots               15 us, workers (us):   8,   7, ---, ---, 
[1027.339s][info][gc,stats    ]   CMR: CLDG Roots                   172 us, workers (us): ---, 172, ---, ---, 
[1027.339s][info][gc,stats    ] Concurrent Marking               235019 us
[1027.339s][info][gc,stats    ] Pause Final Mark (G)                311 us
[1027.339s][info][gc,stats    ] Pause Final Mark (N)                284 us
[1027.339s][info][gc,stats    ]   Finish Mark                        46 us
[1027.339s][info][gc,stats    ]   Update Region States               16 us
[1027.339s][info][gc,stats    ]   Choose Collection Set             143 us
[1027.339s][info][gc,stats    ]   Rebuild Free Set                   10 us
[1027.339s][info][gc,stats    ] Concurrent Thread Roots             827 us, parallelism: 1.80x
[1027.339s][info][gc,stats    ]   CTR: <total>                     1492 us
[1027.339s][info][gc,stats    ]   CTR: Thread Roots                1492 us, workers (us): 757, 734, ---, ---, 
[1027.339s][info][gc,stats    ] Concurrent Weak References          171 us, parallelism: 0.59x
[1027.339s][info][gc,stats    ]   CWRF: <total>                     100 us
[1027.339s][info][gc,stats    ]   CWRF: Weak References             100 us, workers (us):  96,   4, ---, ---, 
[1027.339s][info][gc,stats    ] Concurrent Weak Roots              5014 us
[1027.339s][info][gc,stats    ]   Roots                            4907 us, parallelism: 0.96x
[1027.339s][info][gc,stats    ]     CWR: <total>                   4718 us
[1027.339s][info][gc,stats    ]     CWR: Code Cache Roots          3184 us, workers (us): 3184,   0, ---, ---, 
[1027.339s][info][gc,stats    ]     CWR: VM Weak Roots             1467 us, workers (us): 1466,   0, ---, ---, 
[1027.339s][info][gc,stats    ]     CWR: CLDG Roots                  67 us, workers (us):  67, ---, ---, ---, 
[1027.339s][info][gc,stats    ]   Rendezvous                         54 us
[1027.339s][info][gc,stats    ] Concurrent Cleanup                   54 us
[1027.339s][info][gc,stats    ] Concurrent Class Unloading         5728 us
[1027.339s][info][gc,stats    ]   Unlink Stale                     5410 us
[1027.339s][info][gc,stats    ]     System Dictionary                76 us
[1027.339s][info][gc,stats    ]     Weak Class Links                  0 us
[1027.339s][info][gc,stats    ]     Code Roots                     5333 us
[1027.339s][info][gc,stats    ]   Rendezvous                        129 us
[1027.339s][info][gc,stats    ]   Purge Unlinked                    116 us
[1027.339s][info][gc,stats    ]     Code Roots                      111 us
[1027.339s][info][gc,stats    ]     CLDG                              5 us
[1027.339s][info][gc,stats    ]     Exception Caches                  0 us
[1027.339s][info][gc,stats    ] Concurrent Strong Roots             329 us, parallelism: 0.66x
[1027.339s][info][gc,stats    ]   CSR: <total>                      216 us
[1027.339s][info][gc,stats    ]   CSR: VM Strong Roots                9 us, workers (us):   5,   4, ---, ---, 
[1027.339s][info][gc,stats    ]   CSR: CLDG Roots                   207 us, workers (us): 207, ---, ---, ---, 
[1027.339s][info][gc,stats    ] Concurrent Evacuation             45565 us
[1027.339s][info][gc,stats    ] Pause Init Update Refs (G)          161 us
[1027.339s][info][gc,stats    ] Pause Init Update Refs (N)           93 us
[1027.339s][info][gc,stats    ]   Manage GCLABs                      15 us
[1027.339s][info][gc,stats    ] Concurrent Update Refs           154637 us
[1027.339s][info][gc,stats    ] Concurrent Update Thread Roots     1443 us
[1027.339s][info][gc,stats    ] Pause Final Update Refs (G)         189 us
[1027.339s][info][gc,stats    ] Pause Final Update Refs (N)         119 us
[1027.339s][info][gc,stats    ]   Update Region States               49 us
[1027.339s][info][gc,stats    ]   Trash Collection Set               13 us
[1027.339s][info][gc,stats    ]   Rebuild Free Set                   10 us
[1027.339s][info][gc,stats    ] Concurrent Cleanup                   87 us
[1027.339s][info][gc,stats    ] 
[1027.339s][info][gc,stats    ] Allocation pacing accrued:
[1027.339s][info][gc,stats    ]       0 of 11548 ms (  0.0%): <total>
[1027.339s][info][gc,stats    ]       0 of 11548 ms (  0.0%): <average total>
[1027.339s][info][gc,stats    ] 
[1027.339s][info][gc,metaspace] Metaspace: 135074K(136448K)->135074K(136448K) NonClass: 114142K(114944K)->114142K(114944K) Class: 20931K(21504K)->20931K(21504K)
[1027.339s][info][gc,ergo     ] Pacer for Idle. Initial: 163M, Alloc Tax Rate: 1.0x
[1035.691s][info][gc          ] Trigger: Average GC time (485.33 ms) is above the time for instantaneous allocation rate (1337 MB/s) to deplete free headroom (538M) (spike threshold = 1.71)
[1035.691s][info][gc,ergo     ] Free: 948M, Max: 4096K regular, 632M humongous, Frag: 33% external, 0% internal; Reserve: 412M, Max: 4096K
[1035.691s][info][gc,start    ] GC(110) Concurrent reset
[1035.691s][info][gc,task     ] GC(110) Using 2 of 4 workers for concurrent reset
[1035.691s][info][gc,ergo     ] GC(110) Pacer for Reset. Non-Taxable: 8192M
[1035.707s][info][gc          ] GC(110) Concurrent reset 16.365ms
[1035.707s][info][gc,start    ] GC(110) Pause Init Mark (unload classes)
[1035.707s][info][gc,task     ] GC(110) Using 4 of 4 workers for init marking
[1035.707s][info][gc,ergo     ] GC(110) Pacer for Mark. Expected Live: 486M, Free: 932M, Non-Taxable: 95477K, Alloc Tax Rate: 0.6x
[1035.708s][info][gc          ] GC(110) Pause Init Mark (unload classes) 0.110ms
[1035.708s][info][gc,start    ] GC(110) Concurrent marking roots
[1035.708s][info][gc,task     ] GC(110) Using 2 of 4 workers for concurrent marking roots
[1035.709s][info][gc          ] GC(110) Concurrent marking roots 1.001ms
[1035.709s][info][gc,start    ] GC(110) Concurrent marking (unload classes)
[1035.709s][info][gc,task     ] GC(110) Using 2 of 4 workers for concurrent marking
[1035.966s][info][gc          ] GC(110) Concurrent marking (unload classes) 257.919ms
[1035.967s][info][gc,start    ] GC(110) Pause Final Mark (unload classes)
[1035.967s][info][gc,task     ] GC(110) Using 4 of 4 workers for final marking
[1035.967s][info][gc,ergo     ] GC(110) Adaptive CSet Selection. Target Free: 1160M, Actual Free: 2168M, Max CSet: 341M, Min Garbage: 0B
[1035.967s][info][gc,ergo     ] GC(110) Collectable Garbage: 6288M (99%), Immediate: 1040M (16%), CSet: 5248M (82%)
[1035.967s][info][gc,ergo     ] GC(110) Pacer for Evacuation. Used CSet: 5353M, Free: 1765M, Non-Taxable: 176M, Alloc Tax Rate: 7.4x
[1035.967s][info][gc          ] GC(110) Pause Final Mark (unload classes) 0.314ms
[1035.967s][info][gc,start    ] GC(110) Concurrent thread roots
[1035.967s][info][gc,task     ] GC(110) Using 2 of 4 workers for Concurrent thread roots
[1035.968s][info][gc          ] GC(110) Concurrent thread roots 0.746ms
[1035.968s][info][gc,start    ] GC(110) Concurrent weak references
[1035.968s][info][gc,task     ] GC(110) Using 2 of 4 workers for concurrent weak references
[1035.968s][info][gc,ref      ] GC(110) Encountered references: Soft: 6114, Weak: 23431, Final: 34, Phantom: 1000
[1035.968s][info][gc,ref      ] GC(110) Discovered  references: Soft: 0, Weak: 3501, Final: 0, Phantom: 702
[1035.968s][info][gc,ref      ] GC(110) Enqueued    references: Soft: 0, Weak: 2, Final: 0, Phantom: 0
[1035.968s][info][gc          ] GC(110) Concurrent weak references 0.190ms
[1035.968s][info][gc,start    ] GC(110) Concurrent weak roots
[1035.968s][info][gc,task     ] GC(110) Using 2 of 4 workers for concurrent weak root
[1035.970s][info][gc          ] GC(110) Concurrent weak roots 2.632ms
[1035.970s][info][gc,start    ] GC(110) Concurrent cleanup
[1035.971s][info][gc          ] GC(110) Concurrent cleanup 7060M->6020M(8192M) 0.030ms
[1035.971s][info][gc,ergo     ] GC(110) Free: 1757M, Max: 4096K regular, 632M humongous, Frag: 64% external, 0% internal; Reserve: 411M, Max: 4096K
[1035.971s][info][gc,start    ] GC(110) Concurrent class unloading
[1035.971s][info][gc,task     ] GC(110) Using 2 of 4 workers for concurrent class unloading
[1035.976s][info][gc          ] GC(110) Concurrent class unloading 5.061ms
[1035.976s][info][gc,start    ] GC(110) Concurrent strong roots
[1035.976s][info][gc,task     ] GC(110) Using 2 of 4 workers for concurrent strong root
[1035.976s][info][gc          ] GC(110) Concurrent strong roots 0.311ms
[1035.976s][info][gc,start    ] GC(110) Concurrent evacuation
[1035.976s][info][gc,task     ] GC(110) Using 2 of 4 workers for concurrent evacuation
[1036.030s][info][gc          ] GC(110) Concurrent evacuation 54.457ms
[1036.031s][info][gc,start    ] GC(110) Pause Init Update Refs
[1036.031s][info][gc,ergo     ] GC(110) Pacer for Update Refs. Used: 6155M, Free: 1729M, Non-Taxable: 172M, Alloc Tax Rate: 4.4x
[1036.031s][info][gc          ] GC(110) Pause Init Update Refs 0.044ms
[1036.031s][info][gc,start    ] GC(110) Concurrent update references
[1036.031s][info][gc,task     ] GC(110) Using 2 of 4 workers for concurrent reference update
[1036.202s][info][gc          ] GC(110) Concurrent update references 171.157ms
[1036.202s][info][gc,start    ] GC(110) Concurrent update thread roots
[1036.203s][info][gc          ] GC(110) Concurrent update thread roots 1.247ms
[1036.203s][info][gc,start    ] GC(110) Pause Final Update Refs
[1036.203s][info][gc,task     ] GC(110) Using 4 of 4 workers for final reference update
[1036.203s][info][gc          ] GC(110) Pause Final Update Refs 0.113ms
[1036.203s][info][gc,start    ] GC(110) Concurrent cleanup
[1036.203s][info][gc          ] GC(110) Concurrent cleanup 6247M->894M(8192M) 0.064ms
[1036.203s][info][gc,ergo     ] Free: 6885M, Max: 4096K regular, 5596M humongous, Frag: 19% external, 0% internal; Reserve: 412M, Max: 4096K
[1036.203s][info][gc,stats    ] 
[1036.203s][info][gc,stats    ] All times are wall-clock times, except per-root-class counters, that are sum over
[1036.203s][info][gc,stats    ] all workers. Dividing the <total> over the root stage time estimates parallelism.
[1036.203s][info][gc,stats    ] 
[1036.203s][info][gc,stats    ] Concurrent Reset                  16449 us
[1036.203s][info][gc,stats    ] Pause Init Mark (G)                 194 us
[1036.203s][info][gc,stats    ] Pause Init Mark (N)                 123 us
[1036.203s][info][gc,stats    ]   Update Region States               38 us
[1036.203s][info][gc,stats    ] Concurrent Mark Roots              1021 us, parallelism: 1.66x
[1036.203s][info][gc,stats    ]   CMR: <total>                     1696 us
[1036.203s][info][gc,stats    ]   CMR: Thread Roots                1557 us, workers (us): 724, 833, ---, ---, 
[1036.203s][info][gc,stats    ]   CMR: VM Strong Roots               14 us, workers (us):  13,   0, ---, ---, 
[1036.203s][info][gc,stats    ]   CMR: CLDG Roots                   125 us, workers (us): 125, ---, ---, ---, 
[1036.203s][info][gc,stats    ] Concurrent Marking               257967 us
[1036.203s][info][gc,stats    ] Pause Final Mark (G)                351 us
[1036.203s][info][gc,stats    ] Pause Final Mark (N)                325 us
[1036.203s][info][gc,stats    ]   Finish Mark                        46 us
[1036.204s][info][gc,stats    ]   Update Region States               37 us
[1036.204s][info][gc,stats    ]   Choose Collection Set             158 us
[1036.204s][info][gc,stats    ]   Rebuild Free Set                    9 us
[1036.204s][info][gc,stats    ] Concurrent Thread Roots             762 us, parallelism: 1.76x
[1036.204s][info][gc,stats    ]   CTR: <total>                     1339 us
[1036.204s][info][gc,stats    ]   CTR: Thread Roots                1339 us, workers (us): 675, 664, ---, ---, 
[1036.204s][info][gc,stats    ] Concurrent Weak References          200 us, parallelism: 0.83x
[1036.204s][info][gc,stats    ]   CWRF: <total>                     166 us
[1036.204s][info][gc,stats    ]   CWRF: Weak References             166 us, workers (us): 128,  38, ---, ---, 
[1036.204s][info][gc,stats    ] Concurrent Weak Roots              2654 us
[1036.204s][info][gc,stats    ]   Roots                            2502 us, parallelism: 1.93x
[1036.204s][info][gc,stats    ]     CWR: <total>                   4820 us
[1036.204s][info][gc,stats    ]     CWR: Code Cache Roots          3286 us, workers (us): 1662, 1624, ---, ---, 
[1036.204s][info][gc,stats    ]     CWR: VM Weak Roots             1474 us, workers (us): 738, 736, ---, ---, 
[1036.204s][info][gc,stats    ]     CWR: CLDG Roots                  60 us, workers (us): ---,  60, ---, ---, 
[1036.204s][info][gc,stats    ]   Rendezvous                        109 us
[1036.204s][info][gc,stats    ] Concurrent Cleanup                   43 us
[1036.204s][info][gc,stats    ] Concurrent Class Unloading         5091 us
[1036.204s][info][gc,stats    ]   Unlink Stale                     4825 us
[1036.204s][info][gc,stats    ]     System Dictionary                44 us
[1036.204s][info][gc,stats    ]     Weak Class Links                  0 us
[1036.204s][info][gc,stats    ]     Code Roots                     4780 us
[1036.204s][info][gc,stats    ]   Rendezvous                        135 us
[1036.204s][info][gc,stats    ]   Purge Unlinked                     77 us
[1036.204s][info][gc,stats    ]     Code Roots                       74 us
[1036.204s][info][gc,stats    ]     CLDG                              4 us
[1036.204s][info][gc,stats    ]     Exception Caches                  0 us
[1036.204s][info][gc,stats    ] Concurrent Strong Roots             334 us, parallelism: 0.61x
[1036.204s][info][gc,stats    ]   CSR: <total>                      202 us
[1036.204s][info][gc,stats    ]   CSR: VM Strong Roots                9 us, workers (us):   5,   4, ---, ---, 
[1036.204s][info][gc,stats    ]   CSR: CLDG Roots                   193 us, workers (us): ---, 193, ---, ---, 
[1036.204s][info][gc,stats    ] Concurrent Evacuation             54494 us
[1036.204s][info][gc,stats    ] Pause Init Update Refs (G)           85 us
[1036.204s][info][gc,stats    ] Pause Init Update Refs (N)           56 us
[1036.204s][info][gc,stats    ]   Manage GCLABs                       5 us
[1036.204s][info][gc,stats    ] Concurrent Update Refs           171193 us
[1036.204s][info][gc,stats    ] Concurrent Update Thread Roots     1272 us
[1036.204s][info][gc,stats    ] Pause Final Update Refs (G)         171 us
[1036.204s][info][gc,stats    ] Pause Final Update Refs (N)         139 us
[1036.204s][info][gc,stats    ]   Update Region States               52 us
[1036.204s][info][gc,stats    ]   Trash Collection Set               14 us
[1036.204s][info][gc,stats    ]   Rebuild Free Set                   10 us
[1036.204s][info][gc,stats    ] Concurrent Cleanup                   77 us
[1036.204s][info][gc,stats    ] 
[1036.204s][info][gc,stats    ] Allocation pacing accrued:
[1036.204s][info][gc,stats    ]       0 of  8865 ms (  0.0%): <total>
[1036.204s][info][gc,stats    ]       0 of  8865 ms (  0.0%): <average total>
[1036.204s][info][gc,stats    ] 
[1036.204s][info][gc,metaspace] Metaspace: 135074K(136448K)->135074K(136448K) NonClass: 114142K(114944K)->114142K(114944K) Class: 20931K(21504K)->20931K(21504K)
[1036.204s][info][gc,ergo     ] Pacer for Idle. Initial: 163M, Alloc Tax Rate: 1.0x
[1042.614s][info][gc          ] Trigger: Average GC time (538.83 ms) is above the time for average allocation rate (887 MB/s) to deplete free headroom (475M) (margin of error = 1.90)
[1042.614s][info][gc,ergo     ] Free headroom: 885M (free) - 409M (spike) - 0B (penalties) = 475M
[1042.614s][info][gc,ergo     ] Free: 885M, Max: 4096K regular, 840M humongous, Frag: 4% external, 0% internal; Reserve: 412M, Max: 4096K
[1042.614s][info][gc,start    ] GC(111) Concurrent reset
[1042.614s][info][gc,task     ] GC(111) Using 2 of 4 workers for concurrent reset
[1042.614s][info][gc,ergo     ] GC(111) Pacer for Reset. Non-Taxable: 8192M
[1042.631s][info][gc          ] GC(111) Concurrent reset 17.366ms
[1042.631s][info][gc,start    ] GC(111) Pause Init Mark (unload classes)
[1042.632s][info][gc,task     ] GC(111) Using 4 of 4 workers for init marking
[1042.632s][info][gc,ergo     ] GC(111) Pacer for Mark. Expected Live: 490M, Free: 876M, Non-Taxable: 89780K, Alloc Tax Rate: 0.7x
[1042.632s][info][gc          ] GC(111) Pause Init Mark (unload classes) 0.102ms
[1042.632s][info][gc,start    ] GC(111) Concurrent marking roots
[1042.632s][info][gc,task     ] GC(111) Using 2 of 4 workers for concurrent marking roots
[1042.633s][info][gc          ] GC(111) Concurrent marking roots 1.067ms
[1042.633s][info][gc,start    ] GC(111) Concurrent marking (unload classes)
[1042.633s][info][gc,task     ] GC(111) Using 2 of 4 workers for concurrent marking
[1042.870s][info][gc          ] GC(111) Concurrent marking (unload classes) 237.588ms
[1042.870s][info][gc,start    ] GC(111) Pause Final Mark (unload classes)
[1042.870s][info][gc,task     ] GC(111) Using 4 of 4 workers for final marking
[1042.871s][info][gc,ergo     ] GC(111) Adaptive CSet Selection. Target Free: 1160M, Actual Free: 4428M, Max CSet: 341M, Min Garbage: 0B
[1042.871s][info][gc,ergo     ] GC(111) Collectable Garbage: 6387M (99%), Immediate: 3404M (52%), CSet: 2983M (46%)
[1042.871s][info][gc,ergo     ] GC(111) Pacer for Evacuation. Used CSet: 3052M, Free: 4025M, Non-Taxable: 402M, Alloc Tax Rate: 1.9x
[1042.871s][info][gc          ] GC(111) Pause Final Mark (unload classes) 0.293ms
[1042.871s][info][gc,start    ] GC(111) Concurrent thread roots
[1042.871s][info][gc,task     ] GC(111) Using 2 of 4 workers for Concurrent thread roots
[1042.872s][info][gc          ] GC(111) Concurrent thread roots 0.846ms
[1042.872s][info][gc,start    ] GC(111) Concurrent weak references
[1042.872s][info][gc,task     ] GC(111) Using 2 of 4 workers for concurrent weak references
[1042.872s][info][gc,ref      ] GC(111) Encountered references: Soft: 6114, Weak: 23430, Final: 34, Phantom: 1000
[1042.872s][info][gc,ref      ] GC(111) Discovered  references: Soft: 0, Weak: 10305, Final: 0, Phantom: 702
[1042.872s][info][gc,ref      ] GC(111) Enqueued    references: Soft: 0, Weak: 1, Final: 0, Phantom: 0
[1042.872s][info][gc          ] GC(111) Concurrent weak references 0.431ms
[1042.872s][info][gc,start    ] GC(111) Concurrent weak roots
[1042.872s][info][gc,task     ] GC(111) Using 2 of 4 workers for concurrent weak root
[1042.875s][info][gc          ] GC(111) Concurrent weak roots 2.836ms
[1042.875s][info][gc,start    ] GC(111) Concurrent cleanup
[1042.875s][info][gc          ] GC(111) Concurrent cleanup 7168M->3764M(8192M) 0.050ms
[1042.875s][info][gc,ergo     ] GC(111) Free: 4016M, Max: 4096K regular, 600M humongous, Frag: 85% external, 0% internal; Reserve: 411M, Max: 4096K
[1042.875s][info][gc,start    ] GC(111) Concurrent class unloading
[1042.875s][info][gc,task     ] GC(111) Using 2 of 4 workers for concurrent class unloading
[1042.880s][info][gc          ] GC(111) Concurrent class unloading 4.788ms
[1042.880s][info][gc,start    ] GC(111) Concurrent strong roots
[1042.880s][info][gc,task     ] GC(111) Using 2 of 4 workers for concurrent strong root
[1042.880s][info][gc          ] GC(111) Concurrent strong roots 0.288ms
[1042.880s][info][gc,start    ] GC(111) Concurrent evacuation
[1042.880s][info][gc,task     ] GC(111) Using 2 of 4 workers for concurrent evacuation
[1042.912s][info][gc          ] GC(111) Concurrent evacuation 31.878ms
[1042.912s][info][gc,start    ] GC(111) Pause Init Update Refs
[1042.912s][info][gc,ergo     ] GC(111) Pacer for Update Refs. Used: 3839M, Free: 4012M, Non-Taxable: 401M, Alloc Tax Rate: 1.2x
[1042.912s][info][gc          ] GC(111) Pause Init Update Refs 0.044ms
[1042.912s][info][gc,start    ] GC(111) Concurrent update references
[1042.912s][info][gc,task     ] GC(111) Using 2 of 4 workers for concurrent reference update
[1043.066s][info][gc          ] GC(111) Concurrent update references 153.744ms
[1043.066s][info][gc,start    ] GC(111) Concurrent update thread roots
[1043.067s][info][gc          ] GC(111) Concurrent update thread roots 1.496ms
[1043.067s][info][gc,start    ] GC(111) Pause Final Update Refs
[1043.067s][info][gc,task     ] GC(111) Using 4 of 4 workers for final reference update
[1043.067s][info][gc          ] GC(111) Pause Final Update Refs 0.106ms
[1043.068s][info][gc,start    ] GC(111) Concurrent cleanup
[1043.068s][info][gc          ] GC(111) Concurrent cleanup 3907M->855M(8192M) 0.054ms
[1043.068s][info][gc,ergo     ] Free: 6924M, Max: 4096K regular, 5632M humongous, Frag: 19% external, 0% internal; Reserve: 412M, Max: 4096K
[1043.068s][info][gc,stats    ] 
[1043.068s][info][gc,stats    ] All times are wall-clock times, except per-root-class counters, that are sum over
[1043.068s][info][gc,stats    ] all workers. Dividing the <total> over the root stage time estimates parallelism.
[1043.068s][info][gc,stats    ] 
[1043.068s][info][gc,stats    ] Concurrent Reset                  17436 us
[1043.068s][info][gc,stats    ] Pause Init Mark (G)                 153 us
[1043.068s][info][gc,stats    ] Pause Init Mark (N)                 113 us
[1043.068s][info][gc,stats    ]   Update Region States               38 us
[1043.068s][info][gc,stats    ] Concurrent Mark Roots              1082 us, parallelism: 1.67x
[1043.068s][info][gc,stats    ]   CMR: <total>                     1804 us
[1043.068s][info][gc,stats    ]   CMR: Thread Roots                1641 us, workers (us): 755, 886, ---, ---, 
[1043.068s][info][gc,stats    ]   CMR: VM Strong Roots               27 us, workers (us):  13,  14, ---, ---, 
[1043.068s][info][gc,stats    ]   CMR: CLDG Roots                   137 us, workers (us): 137, ---, ---, ---, 
[1043.068s][info][gc,stats    ] Concurrent Marking               237636 us
[1043.068s][info][gc,stats    ] Pause Final Mark (G)                321 us
[1043.068s][info][gc,stats    ] Pause Final Mark (N)                303 us
[1043.068s][info][gc,stats    ]   Finish Mark                        51 us
[1043.068s][info][gc,stats    ]   Update Region States               56 us
[1043.068s][info][gc,stats    ]   Choose Collection Set             115 us
[1043.068s][info][gc,stats    ]   Rebuild Free Set                   11 us
[1043.068s][info][gc,stats    ] Concurrent Thread Roots             858 us, parallelism: 1.80x
[1043.068s][info][gc,stats    ]   CTR: <total>                     1546 us
[1043.068s][info][gc,stats    ]   CTR: Thread Roots                1546 us, workers (us): 778, 768, ---, ---, 
[1043.068s][info][gc,stats    ] Concurrent Weak References          441 us, parallelism: 0.85x
[1043.068s][info][gc,stats    ]   CWRF: <total>                     376 us
[1043.068s][info][gc,stats    ]   CWRF: Weak References             376 us, workers (us):  54, 322, ---, ---, 
[1043.068s][info][gc,stats    ] Concurrent Weak Roots              2859 us
[1043.068s][info][gc,stats    ]   Roots                            2763 us, parallelism: 1.92x
[1043.068s][info][gc,stats    ]     CWR: <total>                   5303 us
[1043.068s][info][gc,stats    ]     CWR: Code Cache Roots          3673 us, workers (us): 1894, 1779, ---, ---, 
[1043.068s][info][gc,stats    ]     CWR: VM Weak Roots             1542 us, workers (us): 785, 757, ---, ---, 
[1043.068s][info][gc,stats    ]     CWR: CLDG Roots                  87 us, workers (us): ---,  87, ---, ---, 
[1043.068s][info][gc,stats    ]   Rendezvous                         45 us
[1043.068s][info][gc,stats    ] Concurrent Cleanup                   63 us
[1043.068s][info][gc,stats    ] Concurrent Class Unloading         4809 us
[1043.068s][info][gc,stats    ]   Unlink Stale                     4636 us
[1043.068s][info][gc,stats    ]     System Dictionary                57 us
[1043.068s][info][gc,stats    ]     Weak Class Links                  0 us
[1043.068s][info][gc,stats    ]     Code Roots                     4577 us
[1043.068s][info][gc,stats    ]   Rendezvous                         90 us
[1043.068s][info][gc,stats    ]   Purge Unlinked                     41 us
[1043.068s][info][gc,stats    ]     Code Roots                       37 us
[1043.068s][info][gc,stats    ]     CLDG                              3 us
[1043.068s][info][gc,stats    ] Concurrent Strong Roots             303 us, parallelism: 0.69x
[1043.068s][info][gc,stats    ]   CSR: <total>                      211 us
[1043.068s][info][gc,stats    ]   CSR: VM Strong Roots               11 us, workers (us):  11,   0, ---, ---, 
[1043.068s][info][gc,stats    ]   CSR: CLDG Roots                   199 us, workers (us): 199, ---, ---, ---, 
[1043.068s][info][gc,stats    ] Concurrent Evacuation             31925 us
[1043.068s][info][gc,stats    ] Pause Init Update Refs (G)          110 us
[1043.068s][info][gc,stats    ] Pause Init Update Refs (N)           55 us
[1043.068s][info][gc,stats    ]   Manage GCLABs                       5 us
[1043.068s][info][gc,stats    ] Concurrent Update Refs           153789 us
[1043.068s][info][gc,stats    ] Concurrent Update Thread Roots     1521 us
[1043.068s][info][gc,stats    ] Pause Final Update Refs (G)         188 us
[1043.068s][info][gc,stats    ] Pause Final Update Refs (N)         132 us
[1043.068s][info][gc,stats    ]   Update Region States               48 us
[1043.068s][info][gc,stats    ]   Trash Collection Set                8 us
[1043.068s][info][gc,stats    ]   Rebuild Free Set                   11 us
[1043.068s][info][gc,stats    ] Concurrent Cleanup                   70 us
[1043.068s][info][gc,stats    ] 
[1043.068s][info][gc,stats    ] Allocation pacing accrued:
[1043.068s][info][gc,stats    ]       0 of  6864 ms (  0.0%): <total>
[1043.068s][info][gc,stats    ]       0 of  6864 ms (  0.0%): <average total>
[1043.068s][info][gc,stats    ] 
[1043.068s][info][gc,metaspace] Metaspace: 135078K(136448K)->135078K(136448K) NonClass: 114147K(114944K)->114147K(114944K) Class: 20931K(21504K)->20931K(21504K)
[1043.068s][info][gc,ergo     ] Pacer for Idle. Initial: 163M, Alloc Tax Rate: 1.0x
[1052.922s][info][gc          ] Trigger: Free (812M) is below minimum threshold (819M)
[1052.922s][info][gc,ergo     ] Free: 812M, Max: 4096K regular, 636M humongous, Frag: 21% external, 1% internal; Reserve: 412M, Max: 4096K
[1052.922s][info][gc,start    ] GC(112) Concurrent reset
[1052.922s][info][gc,task     ] GC(112) Using 2 of 4 workers for concurrent reset
[1052.922s][info][gc,ergo     ] GC(112) Pacer for Reset. Non-Taxable: 8192M
[1052.934s][info][gc          ] GC(112) Concurrent reset 12.188ms
[1052.935s][info][gc,start    ] GC(112) Pause Init Mark (unload classes)
[1052.935s][info][gc,task     ] GC(112) Using 4 of 4 workers for init marking
[1052.935s][info][gc,ergo     ] GC(112) Pacer for Mark. Expected Live: 490M, Free: 808M, Non-Taxable: 82765K, Alloc Tax Rate: 0.7x
[1052.935s][info][gc          ] GC(112) Pause Init Mark (unload classes) 0.082ms
[1052.935s][info][gc,start    ] GC(112) Concurrent marking roots
[1052.935s][info][gc,task     ] GC(112) Using 2 of 4 workers for concurrent marking roots
[1052.936s][info][gc          ] GC(112) Concurrent marking roots 1.115ms
[1052.936s][info][gc,start    ] GC(112) Concurrent marking (unload classes)
[1052.936s][info][gc,task     ] GC(112) Using 2 of 4 workers for concurrent marking
[1053.169s][info][gc          ] GC(112) Concurrent marking (unload classes) 232.932ms
[1053.169s][info][gc,start    ] GC(112) Pause Final Mark (unload classes)
[1053.169s][info][gc,task     ] GC(112) Using 4 of 4 workers for final marking
[1053.169s][info][gc,ergo     ] GC(112) Adaptive CSet Selection. Target Free: 1160M, Actual Free: 2560M, Max CSet: 341M, Min Garbage: 0B
[1053.169s][info][gc,ergo     ] GC(112) Collectable Garbage: 6456M (99%), Immediate: 1500M (23%), CSet: 4956M (76%)
[1053.169s][info][gc,ergo     ] GC(112) Pacer for Evacuation. Used CSet: 5021M, Free: 2161M, Non-Taxable: 216M, Alloc Tax Rate: 5.7x
[1053.169s][info][gc          ] GC(112) Pause Final Mark (unload classes) 0.391ms
[1053.169s][info][gc,start    ] GC(112) Concurrent thread roots
[1053.169s][info][gc,task     ] GC(112) Using 2 of 4 workers for Concurrent thread roots
[1053.170s][info][gc          ] GC(112) Concurrent thread roots 0.975ms
[1053.170s][info][gc,start    ] GC(112) Concurrent weak references
[1053.170s][info][gc,task     ] GC(112) Using 2 of 4 workers for concurrent weak references
[1053.170s][info][gc,ref      ] GC(112) Encountered references: Soft: 6114, Weak: 23434, Final: 34, Phantom: 1003
[1053.170s][info][gc,ref      ] GC(112) Discovered  references: Soft: 0, Weak: 7716, Final: 0, Phantom: 704
[1053.170s][info][gc,ref      ] GC(112) Enqueued    references: Soft: 0, Weak: 4, Final: 0, Phantom: 0
[1053.170s][info][gc          ] GC(112) Concurrent weak references 0.284ms
[1053.170s][info][gc,start    ] GC(112) Concurrent weak roots
[1053.170s][info][gc,task     ] GC(112) Using 2 of 4 workers for concurrent weak root
[1053.173s][info][gc          ] GC(112) Concurrent weak roots 2.604ms
[1053.173s][info][gc,start    ] GC(112) Concurrent cleanup
[1053.173s][info][gc          ] GC(112) Concurrent cleanup 7124M->5624M(8192M) 0.037ms
[1053.173s][info][gc,ergo     ] GC(112) Free: 2153M, Max: 4096K regular, 636M humongous, Frag: 71% external, 0% internal; Reserve: 411M, Max: 4096K
[1053.173s][info][gc,start    ] GC(112) Concurrent class unloading
[1053.173s][info][gc,task     ] GC(112) Using 2 of 4 workers for concurrent class unloading
[1053.178s][info][gc          ] GC(112) Concurrent class unloading 5.109ms
[1053.178s][info][gc,start    ] GC(112) Concurrent strong roots
[1053.178s][info][gc,task     ] GC(112) Using 2 of 4 workers for concurrent strong root
[1053.179s][info][gc          ] GC(112) Concurrent strong roots 0.314ms
[1053.179s][info][gc,start    ] GC(112) Concurrent evacuation
[1053.179s][info][gc,task     ] GC(112) Using 2 of 4 workers for concurrent evacuation
[1053.214s][info][gc          ] GC(112) Concurrent evacuation 35.031ms
[1053.214s][info][gc,start    ] GC(112) Pause Init Update Refs
[1053.214s][info][gc,ergo     ] GC(112) Pacer for Update Refs. Used: 5711M, Free: 2133M, Non-Taxable: 213M, Alloc Tax Rate: 3.3x
[1053.214s][info][gc          ] GC(112) Pause Init Update Refs 0.044ms
[1053.214s][info][gc,start    ] GC(112) Concurrent update references
[1053.214s][info][gc,task     ] GC(112) Using 2 of 4 workers for concurrent reference update
[1053.361s][info][gc          ] GC(112) Concurrent update references 147.353ms
[1053.361s][info][gc,start    ] GC(112) Concurrent update thread roots
[1053.363s][info][gc          ] GC(112) Concurrent update thread roots 1.399ms
[1053.363s][info][gc,start    ] GC(112) Pause Final Update Refs
[1053.363s][info][gc,task     ] GC(112) Using 4 of 4 workers for final reference update
[1053.363s][info][gc          ] GC(112) Pause Final Update Refs 0.100ms
[1053.363s][info][gc,start    ] GC(112) Concurrent cleanup
[1053.363s][info][gc          ] GC(112) Concurrent cleanup 5795M->778M(8192M) 0.073ms
[1053.363s][info][gc,ergo     ] Free: 7001M, Max: 4096K regular, 5708M humongous, Frag: 19% external, 0% internal; Reserve: 412M, Max: 4096K
[1053.363s][info][gc,stats    ] 
[1053.363s][info][gc,stats    ] All times are wall-clock times, except per-root-class counters, that are sum over
[1053.363s][info][gc,stats    ] all workers. Dividing the <total> over the root stage time estimates parallelism.
[1053.363s][info][gc,stats    ] 
[1053.363s][info][gc,stats    ] Concurrent Reset                  12263 us
[1053.363s][info][gc,stats    ] Pause Init Mark (G)                 170 us
[1053.363s][info][gc,stats    ] Pause Init Mark (N)                  94 us
[1053.363s][info][gc,stats    ]   Update Region States               14 us
[1053.363s][info][gc,stats    ] Concurrent Mark Roots              1137 us, parallelism: 1.64x
[1053.363s][info][gc,stats    ]   CMR: <total>                     1860 us
[1053.363s][info][gc,stats    ]   CMR: Thread Roots                1729 us, workers (us): 815, 914, ---, ---, 
[1053.363s][info][gc,stats    ]   CMR: VM Strong Roots               14 us, workers (us):  13,   0, ---, ---, 
[1053.363s][info][gc,stats    ]   CMR: CLDG Roots                   118 us, workers (us): 118, ---, ---, ---, 
[1053.363s][info][gc,stats    ] Concurrent Marking               232980 us
[1053.363s][info][gc,stats    ] Pause Final Mark (G)                424 us
[1053.363s][info][gc,stats    ] Pause Final Mark (N)                402 us
[1053.363s][info][gc,stats    ]   Finish Mark                       115 us
[1053.363s][info][gc,stats    ]   Update Region States               55 us
[1053.363s][info][gc,stats    ]   Choose Collection Set             150 us
[1053.363s][info][gc,stats    ]   Rebuild Free Set                   10 us
[1053.363s][info][gc,stats    ] Concurrent Thread Roots             995 us, parallelism: 1.81x
[1053.363s][info][gc,stats    ]   CTR: <total>                     1800 us
[1053.363s][info][gc,stats    ]   CTR: Thread Roots                1800 us, workers (us): 907, 893, ---, ---, 
[1053.363s][info][gc,stats    ] Concurrent Weak References          294 us, parallelism: 1.36x
[1053.363s][info][gc,stats    ]   CWRF: <total>                     400 us
[1053.363s][info][gc,stats    ]   CWRF: Weak References             400 us, workers (us): 219, 181, ---, ---, 
[1053.363s][info][gc,stats    ] Concurrent Weak Roots              2625 us
[1053.363s][info][gc,stats    ]   Roots                            2550 us, parallelism: 1.92x
[1053.363s][info][gc,stats    ]     CWR: <total>                   4888 us
[1053.363s][info][gc,stats    ]     CWR: Code Cache Roots          3305 us, workers (us): 1615, 1690, ---, ---, 
[1053.363s][info][gc,stats    ]     CWR: VM Weak Roots             1526 us, workers (us): 777, 749, ---, ---, 
[1053.363s][info][gc,stats    ]     CWR: CLDG Roots                  57 us, workers (us):  57, ---, ---, ---, 
[1053.363s][info][gc,stats    ]   Rendezvous                         33 us
[1053.363s][info][gc,stats    ] Concurrent Cleanup                   51 us
[1053.363s][info][gc,stats    ] Concurrent Class Unloading         5136 us
[1053.363s][info][gc,stats    ]   Unlink Stale                     4745 us
[1053.363s][info][gc,stats    ]     System Dictionary                50 us
[1053.363s][info][gc,stats    ]     Weak Class Links                  0 us
[1053.363s][info][gc,stats    ]     Code Roots                     4694 us
[1053.363s][info][gc,stats    ]   Rendezvous                        262 us
[1053.363s][info][gc,stats    ]   Purge Unlinked                     79 us
[1053.363s][info][gc,stats    ]     Code Roots                       76 us
[1053.363s][info][gc,stats    ]     CLDG                              4 us
[1053.363s][info][gc,stats    ]     Exception Caches                  0 us
[1053.363s][info][gc,stats    ] Concurrent Strong Roots             335 us, parallelism: 0.61x
[1053.363s][info][gc,stats    ]   CSR: <total>                      204 us
[1053.363s][info][gc,stats    ]   CSR: VM Strong Roots               10 us, workers (us):  10,   0, ---, ---, 
[1053.364s][info][gc,stats    ]   CSR: CLDG Roots                   194 us, workers (us): 194, ---, ---, ---, 
[1053.364s][info][gc,stats    ] Concurrent Evacuation             35065 us
[1053.364s][info][gc,stats    ] Pause Init Update Refs (G)          125 us
[1053.364s][info][gc,stats    ] Pause Init Update Refs (N)           54 us
[1053.364s][info][gc,stats    ]   Manage GCLABs                       6 us
[1053.364s][info][gc,stats    ] Concurrent Update Refs           147410 us
[1053.364s][info][gc,stats    ] Concurrent Update Thread Roots     1428 us
[1053.364s][info][gc,stats    ] Pause Final Update Refs (G)         158 us
[1053.364s][info][gc,stats    ] Pause Final Update Refs (N)         127 us
[1053.364s][info][gc,stats    ]   Update Region States               39 us
[1053.364s][info][gc,stats    ]   Trash Collection Set               10 us
[1053.364s][info][gc,stats    ]   Rebuild Free Set                   11 us
[1053.364s][info][gc,stats    ] Concurrent Cleanup                   87 us
[1053.364s][info][gc,stats    ] 
[1053.364s][info][gc,stats    ] Allocation pacing accrued:
[1053.364s][info][gc,stats    ]       0 of 10295 ms (  0.0%): <total>
[1053.364s][info][gc,stats    ]       0 of 10295 ms (  0.0%): <average total>
[1053.364s][info][gc,stats    ] 
[1053.364s][info][gc,metaspace] Metaspace: 135082K(136448K)->135082K(136448K) NonClass: 114151K(114944K)->114151K(114944K) Class: 20931K(21504K)->20931K(21504K)
[1053.364s][info][gc,ergo     ] Pacer for Idle. Initial: 163M, Alloc Tax Rate: 1.0x
[1062.193s][info][gc          ] Trigger: Free (817M) is below minimum threshold (819M)
[1062.193s][info][gc,ergo     ] Free: 817M, Max: 4096K regular, 808M humongous, Frag: 0% external, 0% internal; Reserve: 412M, Max: 4096K
[1062.193s][info][gc,start    ] GC(113) Concurrent reset
[1062.193s][info][gc,task     ] GC(113) Using 2 of 4 workers for concurrent reset
[1062.193s][info][gc,ergo     ] GC(113) Pacer for Reset. Non-Taxable: 8192M
[1062.207s][info][gc          ] GC(113) Concurrent reset 14.108ms
[1062.208s][info][gc,start    ] GC(113) Pause Init Mark (unload classes)
[1062.208s][info][gc,task     ] GC(113) Using 4 of 4 workers for init marking
[1062.208s][info][gc,ergo     ] GC(113) Pacer for Mark. Expected Live: 489M, Free: 813M, Non-Taxable: 83296K, Alloc Tax Rate: 0.7x
[1062.208s][info][gc          ] GC(113) Pause Init Mark (unload classes) 0.110ms
[1062.208s][info][gc,start    ] GC(113) Concurrent marking roots
[1062.208s][info][gc,task     ] GC(113) Using 2 of 4 workers for concurrent marking roots
[1062.209s][info][gc          ] GC(113) Concurrent marking roots 1.088ms
[1062.209s][info][gc,start    ] GC(113) Concurrent marking (unload classes)
[1062.209s][info][gc,task     ] GC(113) Using 2 of 4 workers for concurrent marking
[1062.446s][info][gc          ] GC(113) Concurrent marking (unload classes) 237.008ms
[1062.446s][info][gc,start    ] GC(113) Pause Final Mark (unload classes)
[1062.446s][info][gc,task     ] GC(113) Using 4 of 4 workers for final marking
[1062.446s][info][gc,ergo     ] GC(113) Adaptive CSet Selection. Target Free: 1160M, Actual Free: 2216M, Max CSet: 341M, Min Garbage: 0B
[1062.446s][info][gc,ergo     ] GC(113) Collectable Garbage: 6442M (99%), Immediate: 1164M (17%), CSet: 5278M (81%)
[1062.446s][info][gc,ergo     ] GC(113) Pacer for Evacuation. Used CSet: 5352M, Free: 1813M, Non-Taxable: 181M, Alloc Tax Rate: 7.2x
[1062.446s][info][gc          ] GC(113) Pause Final Mark (unload classes) 0.336ms
[1062.446s][info][gc,start    ] GC(113) Concurrent thread roots
[1062.446s][info][gc,task     ] GC(113) Using 2 of 4 workers for Concurrent thread roots
[1062.447s][info][gc          ] GC(113) Concurrent thread roots 0.991ms
[1062.447s][info][gc,start    ] GC(113) Concurrent weak references
[1062.447s][info][gc,task     ] GC(113) Using 2 of 4 workers for concurrent weak references
[1062.448s][info][gc,ref      ] GC(113) Encountered references: Soft: 6114, Weak: 23436, Final: 34, Phantom: 1012
[1062.448s][info][gc,ref      ] GC(113) Discovered  references: Soft: 0, Weak: 7028, Final: 0, Phantom: 716
[1062.448s][info][gc,ref      ] GC(113) Enqueued    references: Soft: 0, Weak: 2, Final: 0, Phantom: 0
[1062.448s][info][gc          ] GC(113) Concurrent weak references 0.418ms
[1062.448s][info][gc,start    ] GC(113) Concurrent weak roots
[1062.448s][info][gc,task     ] GC(113) Using 2 of 4 workers for concurrent weak root
[1062.451s][info][gc          ] GC(113) Concurrent weak roots 2.832ms
[1062.451s][info][gc,start    ] GC(113) Concurrent cleanup
[1062.451s][info][gc          ] GC(113) Concurrent cleanup 7139M->5975M(8192M) 0.033ms
[1062.451s][info][gc,ergo     ] GC(113) Free: 1805M, Max: 4096K regular, 628M humongous, Frag: 65% external, 0% internal; Reserve: 411M, Max: 4096K
[1062.451s][info][gc,start    ] GC(113) Concurrent class unloading
[1062.451s][info][gc,task     ] GC(113) Using 2 of 4 workers for concurrent class unloading
[1062.456s][info][gc          ] GC(113) Concurrent class unloading 5.163ms
[1062.456s][info][gc,start    ] GC(113) Concurrent strong roots
[1062.456s][info][gc,task     ] GC(113) Using 2 of 4 workers for concurrent strong root
[1062.456s][info][gc          ] GC(113) Concurrent strong roots 0.310ms
[1062.456s][info][gc,start    ] GC(113) Concurrent evacuation
[1062.456s][info][gc,task     ] GC(113) Using 2 of 4 workers for concurrent evacuation
[1062.503s][info][gc          ] GC(113) Concurrent evacuation 46.376ms
[1062.503s][info][gc,start    ] GC(113) Pause Init Update Refs
[1062.503s][info][gc,ergo     ] GC(113) Pacer for Update Refs. Used: 6070M, Free: 1789M, Non-Taxable: 178M, Alloc Tax Rate: 4.1x
[1062.503s][info][gc          ] GC(113) Pause Init Update Refs 0.046ms
[1062.503s][info][gc,start    ] GC(113) Concurrent update references
[1062.503s][info][gc,task     ] GC(113) Using 2 of 4 workers for concurrent reference update
[1062.649s][info][gc          ] GC(113) Concurrent update references 146.514ms
[1062.649s][info][gc,start    ] GC(113) Concurrent update thread roots
[1062.651s][info][gc          ] GC(113) Concurrent update thread roots 1.489ms
[1062.651s][info][gc,start    ] GC(113) Pause Final Update Refs
[1062.651s][info][gc,task     ] GC(113) Using 4 of 4 workers for final reference update
[1062.651s][info][gc          ] GC(113) Pause Final Update Refs 0.108ms
[1062.651s][info][gc,start    ] GC(113) Concurrent cleanup
[1062.651s][info][gc          ] GC(113) Concurrent cleanup 6142M->790M(8192M) 0.074ms
[1062.651s][info][gc,ergo     ] Free: 6989M, Max: 4096K regular, 5944M humongous, Frag: 15% external, 0% internal; Reserve: 412M, Max: 4096K
[1062.651s][info][gc,stats    ] 
[1062.651s][info][gc,stats    ] All times are wall-clock times, except per-root-class counters, that are sum over
[1062.651s][info][gc,stats    ] all workers. Dividing the <total> over the root stage time estimates parallelism.
[1062.651s][info][gc,stats    ] 
[1062.651s][info][gc,stats    ] Concurrent Reset                  14169 us
[1062.651s][info][gc,stats    ] Pause Init Mark (G)                 214 us
[1062.651s][info][gc,stats    ] Pause Init Mark (N)                 122 us
[1062.651s][info][gc,stats    ]   Update Region States               38 us
[1062.651s][info][gc,stats    ] Concurrent Mark Roots              1109 us, parallelism: 1.63x
[1062.651s][info][gc,stats    ]   CMR: <total>                     1805 us
[1062.651s][info][gc,stats    ]   CMR: Thread Roots                1665 us, workers (us): 783, 882, ---, ---, 
[1062.651s][info][gc,stats    ]   CMR: VM Strong Roots               15 us, workers (us):  15,   0, ---, ---, 
[1062.651s][info][gc,stats    ]   CMR: CLDG Roots                   125 us, workers (us): 125, ---, ---, ---, 
[1062.651s][info][gc,stats    ] Concurrent Marking               237052 us
[1062.651s][info][gc,stats    ] Pause Final Mark (G)                409 us
[1062.651s][info][gc,stats    ] Pause Final Mark (N)                354 us
[1062.651s][info][gc,stats    ]   Finish Mark                        50 us
[1062.651s][info][gc,stats    ]   Update Region States               61 us
[1062.651s][info][gc,stats    ]   Choose Collection Set             161 us
[1062.651s][info][gc,stats    ]   Rebuild Free Set                   10 us
[1062.651s][info][gc,stats    ] Concurrent Thread Roots            1012 us, parallelism: 1.76x
[1062.651s][info][gc,stats    ]   CTR: <total>                     1779 us
[1062.651s][info][gc,stats    ]   CTR: Thread Roots                1779 us, workers (us): 913, 866, ---, ---, 
[1062.651s][info][gc,stats    ] Concurrent Weak References          430 us, parallelism: 0.76x
[1062.651s][info][gc,stats    ]   CWRF: <total>                     327 us
[1062.651s][info][gc,stats    ]   CWRF: Weak References             327 us, workers (us):  46, 282, ---, ---, 
[1062.651s][info][gc,stats    ] Concurrent Weak Roots              2854 us
[1062.651s][info][gc,stats    ]   Roots                            2725 us, parallelism: 1.93x
[1062.651s][info][gc,stats    ]     CWR: <total>                   5253 us
[1062.652s][info][gc,stats    ]     CWR: Code Cache Roots          3729 us, workers (us): 1829, 1900, ---, ---, 
[1062.652s][info][gc,stats    ]     CWR: VM Weak Roots             1474 us, workers (us): 737, 737, ---, ---, 
[1062.652s][info][gc,stats    ]     CWR: CLDG Roots                  49 us, workers (us):  49, ---, ---, ---, 
[1062.652s][info][gc,stats    ]   Rendezvous                         84 us
[1062.652s][info][gc,stats    ] Concurrent Cleanup                   46 us
[1062.652s][info][gc,stats    ] Concurrent Class Unloading         5187 us
[1062.652s][info][gc,stats    ]   Unlink Stale                     4919 us
[1062.652s][info][gc,stats    ]     System Dictionary                49 us
[1062.652s][info][gc,stats    ]     Weak Class Links                  0 us
[1062.652s][info][gc,stats    ]     Code Roots                     4869 us
[1062.652s][info][gc,stats    ]   Rendezvous                         59 us
[1062.652s][info][gc,stats    ]   Purge Unlinked                    162 us
[1062.652s][info][gc,stats    ]     Code Roots                      157 us
[1062.652s][info][gc,stats    ]     CLDG                              5 us
[1062.652s][info][gc,stats    ]     Exception Caches                  0 us
[1062.652s][info][gc,stats    ] Concurrent Strong Roots             324 us, parallelism: 0.70x
[1062.652s][info][gc,stats    ]   CSR: <total>                      226 us
[1062.652s][info][gc,stats    ]   CSR: VM Strong Roots               14 us, workers (us):  14,   0, ---, ---, 
[1062.652s][info][gc,stats    ]   CSR: CLDG Roots                   212 us, workers (us): 212, ---, ---, ---, 
[1062.652s][info][gc,stats    ] Concurrent Evacuation             46428 us
[1062.652s][info][gc,stats    ] Pause Init Update Refs (G)          152 us
[1062.652s][info][gc,stats    ] Pause Init Update Refs (N)           58 us
[1062.652s][info][gc,stats    ]   Manage GCLABs                       7 us
[1062.652s][info][gc,stats    ] Concurrent Update Refs           146558 us
[1062.652s][info][gc,stats    ] Concurrent Update Thread Roots     1511 us
[1062.652s][info][gc,stats    ] Pause Final Update Refs (G)         222 us
[1062.652s][info][gc,stats    ] Pause Final Update Refs (N)         131 us
[1062.652s][info][gc,stats    ]   Update Region States               49 us
[1062.652s][info][gc,stats    ]   Trash Collection Set               12 us
[1062.652s][info][gc,stats    ]   Rebuild Free Set                   10 us
[1062.652s][info][gc,stats    ] Concurrent Cleanup                   88 us
[1062.652s][info][gc,stats    ] 
[1062.652s][info][gc,stats    ] Allocation pacing accrued:
[1062.652s][info][gc,stats    ]       0 of  9288 ms (  0.0%): <total>
[1062.652s][info][gc,stats    ]       0 of  9288 ms (  0.0%): <average total>
[1062.652s][info][gc,stats    ] 
[1062.652s][info][gc,metaspace] Metaspace: 135087K(136448K)->135087K(136448K) NonClass: 114155K(114944K)->114155K(114944K) Class: 20931K(21504K)->20931K(21504K)
[1062.652s][info][gc,ergo     ] Pacer for Idle. Initial: 163M, Alloc Tax Rate: 1.0x
[1071.073s][info][gc          ] Trigger: Average GC time (487.85 ms) is above the time for average allocation rate (1054 MB/s) to deplete free headroom (511M) (margin of error = 1.90)
[1071.073s][info][gc,ergo     ] Free headroom: 920M (free) - 409M (spike) - 0B (penalties) = 511M
[1071.073s][info][gc,ergo     ] Free: 920M, Max: 4096K regular, 616M humongous, Frag: 32% external, 0% internal; Reserve: 412M, Max: 4096K
[1071.073s][info][gc,start    ] GC(114) Concurrent reset
[1071.073s][info][gc,task     ] GC(114) Using 2 of 4 workers for concurrent reset
[1071.073s][info][gc,ergo     ] GC(114) Pacer for Reset. Non-Taxable: 8192M
[1071.096s][info][gc          ] GC(114) Concurrent reset 23.050ms
[1071.097s][info][gc,start    ] GC(114) Pause Init Mark (unload classes)
[1071.097s][info][gc,task     ] GC(114) Using 4 of 4 workers for init marking
[1071.097s][info][gc,ergo     ] GC(114) Pacer for Mark. Expected Live: 487M, Free: 897M, Non-Taxable: 91873K, Alloc Tax Rate: 0.7x
[1071.097s][info][gc          ] GC(114) Pause Init Mark (unload classes) 0.099ms
[1071.097s][info][gc,start    ] GC(114) Concurrent marking roots
[1071.097s][info][gc,task     ] GC(114) Using 2 of 4 workers for concurrent marking roots
[1071.098s][info][gc          ] GC(114) Concurrent marking roots 1.100ms
[1071.098s][info][gc,start    ] GC(114) Concurrent marking (unload classes)
[1071.098s][info][gc,task     ] GC(114) Using 2 of 4 workers for concurrent marking
[1071.371s][info][gc          ] GC(114) Concurrent marking (unload classes) 273.009ms
[1071.371s][info][gc,start    ] GC(114) Pause Final Mark (unload classes)
[1071.371s][info][gc,task     ] GC(114) Using 4 of 4 workers for final marking
[1071.371s][info][gc,ergo     ] GC(114) Adaptive CSet Selection. Target Free: 1160M, Actual Free: 2404M, Max CSet: 341M, Min Garbage: 0B
[1071.371s][info][gc,ergo     ] GC(114) Collectable Garbage: 6298M (99%), Immediate: 1360M (21%), CSet: 4938M (77%)
[1071.371s][info][gc,ergo     ] GC(114) Pacer for Evacuation. Used CSet: 5072M, Free: 2005M, Non-Taxable: 200M, Alloc Tax Rate: 6.2x
[1071.371s][info][gc          ] GC(114) Pause Final Mark (unload classes) 0.367ms
[1071.371s][info][gc,start    ] GC(114) Concurrent thread roots
[1071.371s][info][gc,task     ] GC(114) Using 2 of 4 workers for Concurrent thread roots
[1071.372s][info][gc          ] GC(114) Concurrent thread roots 0.882ms
[1071.372s][info][gc,start    ] GC(114) Concurrent weak references
[1071.372s][info][gc,task     ] GC(114) Using 2 of 4 workers for concurrent weak references
[1071.373s][info][gc,ref      ] GC(114) Encountered references: Soft: 6114, Weak: 23444, Final: 34, Phantom: 1019
[1071.373s][info][gc,ref      ] GC(114) Discovered  references: Soft: 0, Weak: 8869, Final: 0, Phantom: 871
[1071.373s][info][gc,ref      ] GC(114) Enqueued    references: Soft: 0, Weak: 5, Final: 0, Phantom: 4
[1071.373s][info][gc          ] GC(114) Concurrent weak references 0.408ms
[1071.373s][info][gc,start    ] GC(114) Concurrent weak roots
[1071.373s][info][gc,task     ] GC(114) Using 2 of 4 workers for concurrent weak root
[1071.375s][info][gc          ] GC(114) Concurrent weak roots 2.911ms
[1071.375s][info][gc,start    ] GC(114) Concurrent cleanup
[1071.376s][info][gc          ] GC(114) Concurrent cleanup 7146M->5786M(8192M) 0.069ms
[1071.376s][info][gc,ergo     ] GC(114) Free: 1994M, Max: 4096K regular, 616M humongous, Frag: 69% external, 0% internal; Reserve: 411M, Max: 4096K
[1071.376s][info][gc,start    ] GC(114) Concurrent class unloading
[1071.376s][info][gc,task     ] GC(114) Using 2 of 4 workers for concurrent class unloading
[1071.381s][info][gc          ] GC(114) Concurrent class unloading 4.952ms
[1071.381s][info][gc,start    ] GC(114) Concurrent strong roots
[1071.381s][info][gc,task     ] GC(114) Using 2 of 4 workers for concurrent strong root
[1071.381s][info][gc          ] GC(114) Concurrent strong roots 0.308ms
[1071.381s][info][gc,start    ] GC(114) Concurrent evacuation
[1071.381s][info][gc,task     ] GC(114) Using 2 of 4 workers for concurrent evacuation
[1071.458s][info][gc          ] GC(114) Concurrent evacuation 77.485ms
[1071.459s][info][gc,start    ] GC(114) Pause Init Update Refs
[1071.459s][info][gc,ergo     ] GC(114) Pacer for Update Refs. Used: 6004M, Free: 1911M, Non-Taxable: 191M, Alloc Tax Rate: 3.8x
[1071.459s][info][gc          ] GC(114) Pause Init Update Refs 0.046ms
[1071.459s][info][gc,start    ] GC(114) Concurrent update references
[1071.459s][info][gc,task     ] GC(114) Using 2 of 4 workers for concurrent reference update
[1071.635s][info][gc          ] GC(114) Concurrent update references 176.859ms
[1071.635s][info][gc,start    ] GC(114) Concurrent update thread roots
[1071.637s][info][gc          ] GC(114) Concurrent update thread roots 1.376ms
[1071.637s][info][gc,start    ] GC(114) Pause Final Update Refs
[1071.637s][info][gc,task     ] GC(114) Using 4 of 4 workers for final reference update
[1071.637s][info][gc          ] GC(114) Pause Final Update Refs 0.104ms
[1071.637s][info][gc,start    ] GC(114) Concurrent cleanup
[1071.637s][info][gc          ] GC(114) Concurrent cleanup 6145M->1073M(8192M) 0.064ms
[1071.637s][info][gc,ergo     ] Free: 6706M, Max: 4096K regular, 5676M humongous, Frag: 16% external, 0% internal; Reserve: 412M, Max: 4096K
[1071.637s][info][gc,stats    ] 
[1071.637s][info][gc,stats    ] All times are wall-clock times, except per-root-class counters, that are sum over
[1071.637s][info][gc,stats    ] all workers. Dividing the <total> over the root stage time estimates parallelism.
[1071.637s][info][gc,stats    ] 
[1071.637s][info][gc,stats    ] Concurrent Reset                  23135 us
[1071.637s][info][gc,stats    ] Pause Init Mark (G)                 186 us
[1071.637s][info][gc,stats    ] Pause Init Mark (N)                 110 us
[1071.637s][info][gc,stats    ]   Update Region States               37 us
[1071.637s][info][gc,stats    ] Concurrent Mark Roots              1125 us, parallelism: 1.57x
[1071.637s][info][gc,stats    ]   CMR: <total>                     1769 us
[1071.637s][info][gc,stats    ]   CMR: Thread Roots                1601 us, workers (us): 867, 733, ---, ---, 
[1071.637s][info][gc,stats    ]   CMR: VM Strong Roots               20 us, workers (us):  11,   9, ---, ---, 
[1071.637s][info][gc,stats    ]   CMR: CLDG Roots                   149 us, workers (us): ---, 149, ---, ---, 
[1071.637s][info][gc,stats    ] Concurrent Marking               273046 us
[1071.637s][info][gc,stats    ] Pause Final Mark (G)                436 us
[1071.637s][info][gc,stats    ] Pause Final Mark (N)                378 us
[1071.637s][info][gc,stats    ]   Finish Mark                        93 us
[1071.637s][info][gc,stats    ]   Update Region States               60 us
[1071.637s][info][gc,stats    ]   Choose Collection Set             150 us
[1071.637s][info][gc,stats    ]   Rebuild Free Set                   10 us
[1071.637s][info][gc,stats    ] Concurrent Thread Roots             903 us, parallelism: 1.81x
[1071.637s][info][gc,stats    ]   CTR: <total>                     1638 us
[1071.637s][info][gc,stats    ]   CTR: Thread Roots                1638 us, workers (us): 827, 810, ---, ---, 
[1071.637s][info][gc,stats    ] Concurrent Weak References          419 us, parallelism: 0.91x
[1071.637s][info][gc,stats    ]   CWRF: <total>                     381 us
[1071.637s][info][gc,stats    ]   CWRF: Weak References             381 us, workers (us):  67, 314, ---, ---, 
[1071.637s][info][gc,stats    ] Concurrent Weak Roots              2935 us
[1071.637s][info][gc,stats    ]   Roots                            2859 us, parallelism: 1.90x
[1071.637s][info][gc,stats    ]     CWR: <total>                   5421 us
[1071.637s][info][gc,stats    ]     CWR: Code Cache Roots          3766 us, workers (us): 1828, 1938, ---, ---, 
[1071.637s][info][gc,stats    ]     CWR: VM Weak Roots             1569 us, workers (us): 799, 770, ---, ---, 
[1071.637s][info][gc,stats    ]     CWR: CLDG Roots                  85 us, workers (us):  85, ---, ---, ---, 
[1071.637s][info][gc,stats    ]   Rendezvous                         30 us
[1071.637s][info][gc,stats    ] Concurrent Cleanup                   88 us
[1071.637s][info][gc,stats    ] Concurrent Class Unloading         4977 us
[1071.638s][info][gc,stats    ]   Unlink Stale                     4717 us
[1071.638s][info][gc,stats    ]     System Dictionary                62 us
[1071.638s][info][gc,stats    ]     Weak Class Links                  0 us
[1071.638s][info][gc,stats    ]     Code Roots                     4653 us
[1071.638s][info][gc,stats    ]   Rendezvous                        135 us
[1071.638s][info][gc,stats    ]   Purge Unlinked                     68 us
[1071.638s][info][gc,stats    ]     Code Roots                       64 us
[1071.638s][info][gc,stats    ]     CLDG                              4 us
[1071.638s][info][gc,stats    ]     Exception Caches                  0 us
[1071.638s][info][gc,stats    ] Concurrent Strong Roots             330 us, parallelism: 0.62x
[1071.638s][info][gc,stats    ]   CSR: <total>                      203 us
[1071.638s][info][gc,stats    ]   CSR: VM Strong Roots               10 us, workers (us):  10,   0, ---, ---, 
[1071.638s][info][gc,stats    ]   CSR: CLDG Roots                   193 us, workers (us): 193, ---, ---, ---, 
[1071.638s][info][gc,stats    ] Concurrent Evacuation             77537 us
[1071.638s][info][gc,stats    ] Pause Init Update Refs (G)          132 us
[1071.638s][info][gc,stats    ] Pause Init Update Refs (N)           57 us
[1071.638s][info][gc,stats    ]   Manage GCLABs                       6 us
[1071.638s][info][gc,stats    ] Concurrent Update Refs           176890 us
[1071.638s][info][gc,stats    ] Concurrent Update Thread Roots     1398 us
[1071.638s][info][gc,stats    ] Pause Final Update Refs (G)         159 us
[1071.638s][info][gc,stats    ] Pause Final Update Refs (N)         130 us
[1071.638s][info][gc,stats    ]   Update Region States               41 us
[1071.638s][info][gc,stats    ]   Trash Collection Set               11 us
[1071.638s][info][gc,stats    ]   Rebuild Free Set                   10 us
[1071.638s][info][gc,stats    ] Concurrent Cleanup                   77 us
[1071.638s][info][gc,stats    ] 
[1071.638s][info][gc,stats    ] Allocation pacing accrued:
[1071.638s][info][gc,stats    ]       0 of  8986 ms (  0.0%): <total>
[1071.638s][info][gc,stats    ]       0 of  8986 ms (  0.0%): <average total>
[1071.638s][info][gc,stats    ] 
[1071.638s][info][gc,metaspace] Metaspace: 135095K(136448K)->135095K(136448K) NonClass: 114161K(114944K)->114161K(114944K) Class: 20934K(21504K)->20934K(21504K)
[1071.638s][info][gc,ergo     ] Pacer for Idle. Initial: 163M, Alloc Tax Rate: 1.0x
[1079.341s][info][gc          ] Trigger: Average GC time (615.65 ms) is above the time for average allocation rate (782 MB/s) to deplete free headroom (480M) (margin of error = 1.92)
[1079.341s][info][gc,ergo     ] Free headroom: 890M (free) - 409M (spike) - 0B (penalties) = 480M
[1079.341s][info][gc,ergo     ] Free: 890M, Max: 4096K regular, 560M humongous, Frag: 37% external, 1% internal; Reserve: 412M, Max: 4096K
[1079.341s][info][gc,start    ] GC(115) Concurrent reset
[1079.341s][info][gc,task     ] GC(115) Using 2 of 4 workers for concurrent reset
[1079.341s][info][gc,ergo     ] GC(115) Pacer for Reset. Non-Taxable: 8192M
[1079.356s][info][gc          ] GC(115) Concurrent reset 14.931ms
[1079.356s][info][gc,start    ] GC(115) Pause Init Mark (unload classes)
[1079.356s][info][gc,task     ] GC(115) Using 4 of 4 workers for init marking
[1079.356s][info][gc,ergo     ] GC(115) Pacer for Mark. Expected Live: 500M, Free: 882M, Non-Taxable: 90346K, Alloc Tax Rate: 0.7x
[1079.356s][info][gc          ] GC(115) Pause Init Mark (unload classes) 0.123ms
[1079.356s][info][gc,start    ] GC(115) Concurrent marking roots
[1079.356s][info][gc,task     ] GC(115) Using 2 of 4 workers for concurrent marking roots
[1079.357s][info][gc          ] GC(115) Concurrent marking roots 1.112ms
[1079.357s][info][gc,start    ] GC(115) Concurrent marking (unload classes)
[1079.357s][info][gc,task     ] GC(115) Using 2 of 4 workers for concurrent marking
[1079.623s][info][gc          ] GC(115) Concurrent marking (unload classes) 265.861ms
[1079.623s][info][gc,start    ] GC(115) Pause Final Mark (unload classes)
[1079.623s][info][gc,task     ] GC(115) Using 4 of 4 workers for final marking
[1079.624s][info][gc,ergo     ] GC(115) Adaptive CSet Selection. Target Free: 1160M, Actual Free: 1968M, Max CSet: 341M, Min Garbage: 0B
[1079.624s][info][gc,ergo     ] GC(115) Collectable Garbage: 6337M (99%), Immediate: 984M (15%), CSet: 5353M (83%)
[1079.624s][info][gc,ergo     ] GC(115) Pacer for Evacuation. Used CSet: 5464M, Free: 1571M, Non-Taxable: 157M, Alloc Tax Rate: 8.5x
[1079.624s][info][gc          ] GC(115) Pause Final Mark (unload classes) 0.302ms
[1079.624s][info][gc,start    ] GC(115) Concurrent thread roots
[1079.624s][info][gc,task     ] GC(115) Using 2 of 4 workers for Concurrent thread roots
[1079.625s][info][gc          ] GC(115) Concurrent thread roots 0.906ms
[1079.625s][info][gc,start    ] GC(115) Concurrent weak references
[1079.625s][info][gc,task     ] GC(115) Using 2 of 4 workers for concurrent weak references
[1079.625s][info][gc,ref      ] GC(115) Encountered references: Soft: 6114, Weak: 23439, Final: 34, Phantom: 1015
[1079.625s][info][gc,ref      ] GC(115) Discovered  references: Soft: 0, Weak: 10996, Final: 1, Phantom: 771
[1079.625s][info][gc,ref      ] GC(115) Enqueued    references: Soft: 0, Weak: 1, Final: 0, Phantom: 0
[1079.625s][info][gc          ] GC(115) Concurrent weak references 0.656ms
[1079.625s][info][gc,start    ] GC(115) Concurrent weak roots
[1079.625s][info][gc,task     ] GC(115) Using 2 of 4 workers for concurrent weak root
[1079.628s][info][gc          ] GC(115) Concurrent weak roots 2.685ms
[1079.628s][info][gc,start    ] GC(115) Concurrent cleanup
[1079.628s][info][gc          ] GC(115) Concurrent cleanup 7200M->6216M(8192M) 0.034ms
[1079.628s][info][gc,ergo     ] GC(115) Free: 1564M, Max: 4096K regular, 564M humongous, Frag: 64% external, 0% internal; Reserve: 410M, Max: 4096K
[1079.628s][info][gc,start    ] GC(115) Concurrent class unloading
[1079.628s][info][gc,task     ] GC(115) Using 2 of 4 workers for concurrent class unloading
[1079.633s][info][gc          ] GC(115) Concurrent class unloading 5.007ms
[1079.633s][info][gc,start    ] GC(115) Concurrent strong roots
[1079.633s][info][gc,task     ] GC(115) Using 2 of 4 workers for concurrent strong root
[1079.633s][info][gc          ] GC(115) Concurrent strong roots 0.287ms
[1079.633s][info][gc,start    ] GC(115) Concurrent evacuation
[1079.633s][info][gc,task     ] GC(115) Using 2 of 4 workers for concurrent evacuation
[1079.696s][info][gc          ] GC(115) Concurrent evacuation 62.976ms
[1079.696s][info][gc,start    ] GC(115) Pause Init Update Refs
[1079.697s][info][gc,ergo     ] GC(115) Pacer for Update Refs. Used: 6415M, Free: 1480M, Non-Taxable: 148M, Alloc Tax Rate: 5.3x
[1079.697s][info][gc          ] GC(115) Pause Init Update Refs 0.044ms
[1079.697s][info][gc,start    ] GC(115) Concurrent update references
[1079.697s][info][gc,task     ] GC(115) Using 2 of 4 workers for concurrent reference update
[1079.871s][info][gc          ] GC(115) Concurrent update references 174.542ms
[1079.871s][info][gc,start    ] GC(115) Concurrent update thread roots
[1079.873s][info][gc          ] GC(115) Concurrent update thread roots 1.465ms
[1079.873s][info][gc,start    ] GC(115) Pause Final Update Refs
[1079.873s][info][gc,task     ] GC(115) Using 4 of 4 workers for final reference update
[1079.873s][info][gc          ] GC(115) Pause Final Update Refs 0.091ms
[1079.873s][info][gc,start    ] GC(115) Concurrent cleanup
[1079.873s][info][gc          ] GC(115) Concurrent cleanup 6523M->1059M(8192M) 0.064ms
[1079.873s][info][gc,ergo     ] Free: 6720M, Max: 4096K regular, 5544M humongous, Frag: 18% external, 0% internal; Reserve: 412M, Max: 4096K
[1079.873s][info][gc,stats    ] 
[1079.873s][info][gc,stats    ] All times are wall-clock times, except per-root-class counters, that are sum over
[1079.873s][info][gc,stats    ] all workers. Dividing the <total> over the root stage time estimates parallelism.
[1079.873s][info][gc,stats    ] 
[1079.873s][info][gc,stats    ] Concurrent Reset                  15011 us
[1079.873s][info][gc,stats    ] Pause Init Mark (G)                 180 us
[1079.873s][info][gc,stats    ] Pause Init Mark (N)                 135 us
[1079.873s][info][gc,stats    ]   Update Region States               51 us
[1079.873s][info][gc,stats    ] Concurrent Mark Roots              1131 us, parallelism: 1.67x
[1079.873s][info][gc,stats    ]   CMR: <total>                     1892 us
[1079.873s][info][gc,stats    ]   CMR: Thread Roots                1734 us, workers (us): 809, 925, ---, ---, 
[1079.873s][info][gc,stats    ]   CMR: VM Strong Roots               19 us, workers (us):  19,   0, ---, ---, 
[1079.873s][info][gc,stats    ]   CMR: CLDG Roots                   139 us, workers (us): 139, ---, ---, ---, 
[1079.873s][info][gc,stats    ] Concurrent Marking               265897 us
[1079.873s][info][gc,stats    ] Pause Final Mark (G)                342 us
[1079.873s][info][gc,stats    ] Pause Final Mark (N)                313 us
[1079.873s][info][gc,stats    ]   Finish Mark                        40 us
[1079.873s][info][gc,stats    ]   Update Region States               43 us
[1079.873s][info][gc,stats    ]   Choose Collection Set             157 us
[1079.873s][info][gc,stats    ]   Rebuild Free Set                    9 us
[1079.873s][info][gc,stats    ] Concurrent Thread Roots             922 us, parallelism: 1.86x
[1079.873s][info][gc,stats    ]   CTR: <total>                     1711 us
[1079.873s][info][gc,stats    ]   CTR: Thread Roots                1711 us, workers (us): 863, 848, ---, ---, 
[1079.873s][info][gc,stats    ] Concurrent Weak References          667 us, parallelism: 0.86x
[1079.873s][info][gc,stats    ]   CWRF: <total>                     573 us
[1079.873s][info][gc,stats    ]   CWRF: Weak References             573 us, workers (us):  24, 549, ---, ---, 
[1079.873s][info][gc,stats    ] Concurrent Weak Roots              2709 us
[1079.873s][info][gc,stats    ]   Roots                            2605 us, parallelism: 1.89x
[1079.873s][info][gc,stats    ]     CWR: <total>                   4928 us
[1079.873s][info][gc,stats    ]     CWR: Code Cache Roots          3398 us, workers (us): 1745, 1653, ---, ---, 
[1079.873s][info][gc,stats    ]     CWR: VM Weak Roots             1476 us, workers (us): 739, 737, ---, ---, 
[1079.873s][info][gc,stats    ]     CWR: CLDG Roots                  54 us, workers (us): ---,  54, ---, ---, 
[1079.873s][info][gc,stats    ]   Rendezvous                         59 us
[1079.873s][info][gc,stats    ] Concurrent Cleanup                   47 us
[1079.873s][info][gc,stats    ] Concurrent Class Unloading         5030 us
[1079.873s][info][gc,stats    ]   Unlink Stale                     4782 us
[1079.873s][info][gc,stats    ]     System Dictionary                41 us
[1079.873s][info][gc,stats    ]     Weak Class Links                  0 us
[1079.873s][info][gc,stats    ]     Code Roots                     4740 us
[1079.873s][info][gc,stats    ]   Rendezvous                        101 us
[1079.873s][info][gc,stats    ]   Purge Unlinked                    100 us
[1079.873s][info][gc,stats    ]     Code Roots                       96 us
[1079.873s][info][gc,stats    ]     CLDG                              4 us
[1079.873s][info][gc,stats    ]     Exception Caches                  0 us
[1079.873s][info][gc,stats    ] Concurrent Strong Roots             310 us, parallelism: 0.69x
[1079.873s][info][gc,stats    ]   CSR: <total>                      214 us
[1079.873s][info][gc,stats    ]   CSR: VM Strong Roots               10 us, workers (us):  10,   0, ---, ---, 
[1079.873s][info][gc,stats    ]   CSR: CLDG Roots                   204 us, workers (us): 204, ---, ---, ---, 
[1079.873s][info][gc,stats    ] Concurrent Evacuation             63009 us
[1079.873s][info][gc,stats    ] Pause Init Update Refs (G)          146 us
[1079.873s][info][gc,stats    ] Pause Init Update Refs (N)           55 us
[1079.873s][info][gc,stats    ]   Manage GCLABs                       6 us
[1079.873s][info][gc,stats    ] Concurrent Update Refs           174587 us
[1079.873s][info][gc,stats    ] Concurrent Update Thread Roots     1485 us
[1079.873s][info][gc,stats    ] Pause Final Update Refs (G)         148 us
[1079.873s][info][gc,stats    ] Pause Final Update Refs (N)         120 us
[1079.873s][info][gc,stats    ]   Update Region States               27 us
[1079.874s][info][gc,stats    ]   Trash Collection Set               10 us
[1079.874s][info][gc,stats    ]   Rebuild Free Set                   10 us
[1079.874s][info][gc,stats    ] Concurrent Cleanup                   77 us
[1079.874s][info][gc,stats    ] 
[1079.874s][info][gc,stats    ] Allocation pacing accrued:
[1079.874s][info][gc,stats    ]       0 of  8236 ms (  0.0%): <total>
[1079.874s][info][gc,stats    ]       0 of  8236 ms (  0.0%): <average total>
[1079.874s][info][gc,stats    ] 
[1079.874s][info][gc,metaspace] Metaspace: 135097K(136448K)->135097K(136448K) NonClass: 114163K(114944K)->114163K(114944K) Class: 20934K(21504K)->20934K(21504K)
[1079.874s][info][gc,ergo     ] Pacer for Idle. Initial: 163M, Alloc Tax Rate: 1.0x
[1088.487s][info][gc          ] Trigger: Average GC time (598.99 ms) is above the time for average allocation rate (772 MB/s) to deplete free headroom (458M) (margin of error = 1.94)
[1088.487s][info][gc,ergo     ] Free headroom: 868M (free) - 409M (spike) - 0B (penalties) = 458M
[1088.487s][info][gc,ergo     ] Free: 868M, Max: 4096K regular, 580M humongous, Frag: 32% external, 0% internal; Reserve: 412M, Max: 4096K
[1088.487s][info][gc,start    ] GC(116) Concurrent reset
[1088.487s][info][gc,task     ] GC(116) Using 2 of 4 workers for concurrent reset
[1088.487s][info][gc,ergo     ] GC(116) Pacer for Reset. Non-Taxable: 8192M
[1088.504s][info][gc          ] GC(116) Concurrent reset 17.270ms
[1088.504s][info][gc,start    ] GC(116) Pause Init Mark (unload classes)
[1088.504s][info][gc,task     ] GC(116) Using 4 of 4 workers for init marking
[1088.504s][info][gc,ergo     ] GC(116) Pacer for Mark. Expected Live: 500M, Free: 860M, Non-Taxable: 88095K, Alloc Tax Rate: 0.7x
[1088.504s][info][gc          ] GC(116) Pause Init Mark (unload classes) 0.140ms
[1088.504s][info][gc,start    ] GC(116) Concurrent marking roots
[1088.504s][info][gc,task     ] GC(116) Using 2 of 4 workers for concurrent marking roots
[1088.505s][info][gc          ] GC(116) Concurrent marking roots 1.135ms
[1088.505s][info][gc,start    ] GC(116) Concurrent marking (unload classes)
[1088.505s][info][gc,task     ] GC(116) Using 2 of 4 workers for concurrent marking
[1088.744s][info][gc          ] GC(116) Concurrent marking (unload classes) 239.046ms
[1088.745s][info][gc,start    ] GC(116) Pause Final Mark (unload classes)
[1088.745s][info][gc,task     ] GC(116) Using 4 of 4 workers for final marking
[1088.745s][info][gc,ergo     ] GC(116) Adaptive CSet Selection. Target Free: 1160M, Actual Free: 2268M, Max CSet: 341M, Min Garbage: 0B
[1088.745s][info][gc,ergo     ] GC(116) Collectable Garbage: 6387M (99%), Immediate: 1204M (18%), CSet: 5183M (80%)
[1088.745s][info][gc,ergo     ] GC(116) Pacer for Evacuation. Used CSet: 5264M, Free: 1872M, Non-Taxable: 187M, Alloc Tax Rate: 6.9x
[1088.745s][info][gc          ] GC(116) Pause Final Mark (unload classes) 0.245ms
[1088.745s][info][gc,start    ] GC(116) Concurrent thread roots
[1088.745s][info][gc,task     ] GC(116) Using 2 of 4 workers for Concurrent thread roots
[1088.746s][info][gc          ] GC(116) Concurrent thread roots 0.912ms
[1088.746s][info][gc,start    ] GC(116) Concurrent weak references
[1088.746s][info][gc,task     ] GC(116) Using 2 of 4 workers for concurrent weak references
[1088.746s][info][gc,ref      ] GC(116) Encountered references: Soft: 6114, Weak: 23445, Final: 34, Phantom: 1021
[1088.746s][info][gc,ref      ] GC(116) Discovered  references: Soft: 0, Weak: 1104, Final: 0, Phantom: 716
[1088.746s][info][gc,ref      ] GC(116) Enqueued    references: Soft: 0, Weak: 5, Final: 0, Phantom: 0
[1088.746s][info][gc          ] GC(116) Concurrent weak references 0.149ms
[1088.746s][info][gc,start    ] GC(116) Concurrent weak roots
[1088.746s][info][gc,task     ] GC(116) Using 2 of 4 workers for concurrent weak root
[1088.748s][info][gc          ] GC(116) Concurrent weak roots 2.602ms
[1088.748s][info][gc,start    ] GC(116) Concurrent cleanup
[1088.749s][info][gc          ] GC(116) Concurrent cleanup 7120M->5916M(8192M) 0.032ms
[1088.749s][info][gc,ergo     ] GC(116) Free: 1864M, Max: 4096K regular, 580M humongous, Frag: 69% external, 0% internal; Reserve: 411M, Max: 4096K
[1088.749s][info][gc,start    ] GC(116) Concurrent class unloading
[1088.749s][info][gc,task     ] GC(116) Using 2 of 4 workers for concurrent class unloading
[1088.754s][info][gc          ] GC(116) Concurrent class unloading 5.591ms
[1088.754s][info][gc,start    ] GC(116) Concurrent strong roots
[1088.754s][info][gc,task     ] GC(116) Using 2 of 4 workers for concurrent strong root
[1088.754s][info][gc          ] GC(116) Concurrent strong roots 0.327ms
[1088.755s][info][gc,start    ] GC(116) Concurrent evacuation
[1088.755s][info][gc,task     ] GC(116) Using 2 of 4 workers for concurrent evacuation
[1088.799s][info][gc          ] GC(116) Concurrent evacuation 44.062ms
[1088.799s][info][gc,start    ] GC(116) Pause Init Update Refs
[1088.799s][info][gc,ergo     ] GC(116) Pacer for Update Refs. Used: 6031M, Free: 1832M, Non-Taxable: 183M, Alloc Tax Rate: 4.0x
[1088.799s][info][gc          ] GC(116) Pause Init Update Refs 0.051ms
[1088.799s][info][gc,start    ] GC(116) Concurrent update references
[1088.799s][info][gc,task     ] GC(116) Using 2 of 4 workers for concurrent reference update
[1088.949s][info][gc          ] GC(116) Concurrent update references 149.779ms
[1088.949s][info][gc,start    ] GC(116) Concurrent update thread roots
[1088.950s][info][gc          ] GC(116) Concurrent update thread roots 1.388ms
[1088.950s][info][gc,start    ] GC(116) Pause Final Update Refs
[1088.950s][info][gc,task     ] GC(116) Using 4 of 4 workers for final reference update
[1088.950s][info][gc          ] GC(116) Pause Final Update Refs 0.102ms
[1088.950s][info][gc,start    ] GC(116) Concurrent cleanup
[1088.950s][info][gc          ] GC(116) Concurrent cleanup 6103M->839M(8192M) 0.073ms
[1088.950s][info][gc,ergo     ] Free: 6940M, Max: 4096K regular, 5680M humongous, Frag: 18% external, 0% internal; Reserve: 412M, Max: 4096K
[1088.950s][info][gc,stats    ] 
[1088.950s][info][gc,stats    ] All times are wall-clock times, except per-root-class counters, that are sum over
[1088.950s][info][gc,stats    ] all workers. Dividing the <total> over the root stage time estimates parallelism.
[1088.950s][info][gc,stats    ] 
[1088.950s][info][gc,stats    ] Concurrent Reset                  17309 us
[1088.950s][info][gc,stats    ] Pause Init Mark (G)                 230 us
[1088.950s][info][gc,stats    ] Pause Init Mark (N)                 152 us
[1088.950s][info][gc,stats    ]   Update Region States               72 us
[1088.950s][info][gc,stats    ] Concurrent Mark Roots              1155 us, parallelism: 1.62x
[1088.950s][info][gc,stats    ]   CMR: <total>                     1866 us
[1088.950s][info][gc,stats    ]   CMR: Thread Roots                1631 us, workers (us): 714, 917, ---, ---, 
[1088.950s][info][gc,stats    ]   CMR: VM Strong Roots               30 us, workers (us):  15,  15, ---, ---, 
[1088.950s][info][gc,stats    ]   CMR: CLDG Roots                   205 us, workers (us): 205, ---, ---, ---, 
[1088.951s][info][gc,stats    ] Concurrent Marking               239093 us
[1088.951s][info][gc,stats    ] Pause Final Mark (G)                271 us
[1088.951s][info][gc,stats    ] Pause Final Mark (N)                255 us
[1088.951s][info][gc,stats    ]   Finish Mark                        20 us
[1088.951s][info][gc,stats    ]   Update Region States               14 us
[1088.951s][info][gc,stats    ]   Choose Collection Set             145 us
[1088.951s][info][gc,stats    ]   Rebuild Free Set                    9 us
[1088.951s][info][gc,stats    ] Concurrent Thread Roots             931 us, parallelism: 1.86x
[1088.951s][info][gc,stats    ]   CTR: <total>                     1730 us
[1088.951s][info][gc,stats    ]   CTR: Thread Roots                1730 us, workers (us): 860, 870, ---, ---, 
[1088.951s][info][gc,stats    ] Concurrent Weak References          160 us, parallelism: 0.69x
[1088.951s][info][gc,stats    ]   CWRF: <total>                     111 us
[1088.951s][info][gc,stats    ]   CWRF: Weak References             111 us, workers (us):  62,  49, ---, ---, 
[1088.951s][info][gc,stats    ] Concurrent Weak Roots              2620 us
[1088.951s][info][gc,stats    ]   Roots                            2552 us, parallelism: 1.92x
[1088.951s][info][gc,stats    ]     CWR: <total>                   4908 us
[1088.951s][info][gc,stats    ]     CWR: Code Cache Roots          3374 us, workers (us): 1697, 1677, ---, ---, 
[1088.951s][info][gc,stats    ]     CWR: VM Weak Roots             1472 us, workers (us): 736, 736, ---, ---, 
[1088.951s][info][gc,stats    ]     CWR: CLDG Roots                  62 us, workers (us): ---,  62, ---, ---, 
[1088.951s][info][gc,stats    ]   Rendezvous                         27 us
[1088.951s][info][gc,stats    ] Concurrent Cleanup                   44 us
[1088.951s][info][gc,stats    ] Concurrent Class Unloading         5616 us
[1088.951s][info][gc,stats    ]   Unlink Stale                     5335 us
[1088.951s][info][gc,stats    ]     System Dictionary                57 us
[1088.951s][info][gc,stats    ]     Weak Class Links                  1 us
[1088.951s][info][gc,stats    ]     Code Roots                     5276 us
[1088.951s][info][gc,stats    ]   Rendezvous                        113 us
[1088.951s][info][gc,stats    ]   Purge Unlinked                    121 us
[1088.951s][info][gc,stats    ]     Code Roots                      116 us
[1088.951s][info][gc,stats    ]     CLDG                              4 us
[1088.951s][info][gc,stats    ]     Exception Caches                  0 us
[1088.951s][info][gc,stats    ] Concurrent Strong Roots             340 us, parallelism: 0.69x
[1088.951s][info][gc,stats    ]   CSR: <total>                      233 us
[1088.951s][info][gc,stats    ]   CSR: VM Strong Roots               11 us, workers (us):  11,   0, ---, ---, 
[1088.951s][info][gc,stats    ]   CSR: CLDG Roots                   223 us, workers (us): 223, ---, ---, ---, 
[1088.951s][info][gc,stats    ] Concurrent Evacuation             44112 us
[1088.951s][info][gc,stats    ] Pause Init Update Refs (G)          134 us
[1088.951s][info][gc,stats    ] Pause Init Update Refs (N)           62 us
[1088.951s][info][gc,stats    ]   Manage GCLABs                       6 us
[1088.951s][info][gc,stats    ] Concurrent Update Refs           149830 us
[1088.951s][info][gc,stats    ] Concurrent Update Thread Roots     1404 us
[1088.951s][info][gc,stats    ] Pause Final Update Refs (G)         237 us
[1088.951s][info][gc,stats    ] Pause Final Update Refs (N)         122 us
[1088.951s][info][gc,stats    ]   Update Region States               43 us
[1088.951s][info][gc,stats    ]   Trash Collection Set               11 us
[1088.951s][info][gc,stats    ]   Rebuild Free Set                   10 us
[1088.951s][info][gc,stats    ] Concurrent Cleanup                   88 us
[1088.951s][info][gc,stats    ] 
[1088.951s][info][gc,stats    ] Allocation pacing accrued:
[1088.951s][info][gc,stats    ]       0 of  9077 ms (  0.0%): <total>
[1088.951s][info][gc,stats    ]       0 of  9077 ms (  0.0%): <average total>
[1088.951s][info][gc,stats    ] 
[1088.951s][info][gc,metaspace] Metaspace: 135136K(136448K)->135136K(136448K) NonClass: 114201K(114944K)->114201K(114944K) Class: 20934K(21504K)->20934K(21504K)
[1088.951s][info][gc,ergo     ] Pacer for Idle. Initial: 163M, Alloc Tax Rate: 1.0x
[1096.056s][info][gc          ] Trigger: Average GC time (570.60 ms) is above the time for average allocation rate (914 MB/s) to deplete free headroom (518M) (margin of error = 1.94)
[1096.056s][info][gc,ergo     ] Free headroom: 928M (free) - 409M (spike) - 0B (penalties) = 518M
[1096.056s][info][gc,ergo     ] Free: 928M, Max: 4096K regular, 612M humongous, Frag: 33% external, 0% internal; Reserve: 412M, Max: 4096K
[1096.056s][info][gc,start    ] GC(117) Concurrent reset
[1096.056s][info][gc,task     ] GC(117) Using 2 of 4 workers for concurrent reset
[1096.056s][info][gc,ergo     ] GC(117) Pacer for Reset. Non-Taxable: 8192M
[1096.073s][info][gc          ] GC(117) Concurrent reset 16.755ms
[1096.073s][info][gc,start    ] GC(117) Pause Init Mark (unload classes)
[1096.073s][info][gc,task     ] GC(117) Using 4 of 4 workers for init marking
[1096.073s][info][gc,ergo     ] GC(117) Pacer for Mark. Expected Live: 503M, Free: 923M, Non-Taxable: 94533K, Alloc Tax Rate: 0.7x
[1096.073s][info][gc          ] GC(117) Pause Init Mark (unload classes) 0.124ms
[1096.073s][info][gc,start    ] GC(117) Concurrent marking roots
[1096.073s][info][gc,task     ] GC(117) Using 2 of 4 workers for concurrent marking roots
[1096.074s][info][gc          ] GC(117) Concurrent marking roots 1.347ms
[1096.074s][info][gc,start    ] GC(117) Concurrent marking (unload classes)
[1096.074s][info][gc,task     ] GC(117) Using 2 of 4 workers for concurrent marking
[1096.334s][info][gc          ] GC(117) Concurrent marking (unload classes) 259.766ms
[1096.334s][info][gc,start    ] GC(117) Pause Final Mark (unload classes)
[1096.334s][info][gc,task     ] GC(117) Using 4 of 4 workers for final marking
[1096.334s][info][gc,ergo     ] GC(117) Adaptive CSet Selection. Target Free: 1160M, Actual Free: 2880M, Max CSet: 341M, Min Garbage: 0B
[1096.334s][info][gc,ergo     ] GC(117) Collectable Garbage: 6280M (99%), Immediate: 1752M (27%), CSet: 4528M (71%)
[1096.334s][info][gc,ergo     ] GC(117) Pacer for Evacuation. Used CSet: 4652M, Free: 2484M, Non-Taxable: 248M, Alloc Tax Rate: 4.6x
[1096.334s][info][gc          ] GC(117) Pause Final Mark (unload classes) 0.242ms
[1096.334s][info][gc,start    ] GC(117) Concurrent thread roots
[1096.334s][info][gc,task     ] GC(117) Using 2 of 4 workers for Concurrent thread roots
[1096.335s][info][gc          ] GC(117) Concurrent thread roots 0.789ms
[1096.335s][info][gc,start    ] GC(117) Concurrent weak references
[1096.335s][info][gc,task     ] GC(117) Using 2 of 4 workers for concurrent weak references
[1096.336s][info][gc,ref      ] GC(117) Encountered references: Soft: 6114, Weak: 23443, Final: 34, Phantom: 1024
[1096.336s][info][gc,ref      ] GC(117) Discovered  references: Soft: 0, Weak: 15043, Final: 33, Phantom: 935
[1096.336s][info][gc,ref      ] GC(117) Enqueued    references: Soft: 0, Weak: 1, Final: 0, Phantom: 0
[1096.336s][info][gc          ] GC(117) Concurrent weak references 0.491ms
[1096.336s][info][gc,start    ] GC(117) Concurrent weak roots
[1096.336s][info][gc,task     ] GC(117) Using 2 of 4 workers for concurrent weak root
[1096.338s][info][gc          ] GC(117) Concurrent weak roots 2.651ms
[1096.338s][info][gc,start    ] GC(117) Concurrent cleanup
[1096.338s][info][gc          ] GC(117) Concurrent cleanup 7055M->5303M(8192M) 0.034ms
[1096.338s][info][gc,ergo     ] GC(117) Free: 2476M, Max: 4096K regular, 612M humongous, Frag: 76% external, 0% internal; Reserve: 411M, Max: 4096K
[1096.339s][info][gc,start    ] GC(117) Concurrent class unloading
[1096.339s][info][gc,task     ] GC(117) Using 2 of 4 workers for concurrent class unloading
[1096.343s][info][gc          ] GC(117) Concurrent class unloading 4.761ms
[1096.343s][info][gc,start    ] GC(117) Concurrent strong roots
[1096.343s][info][gc,task     ] GC(117) Using 2 of 4 workers for concurrent strong root
[1096.344s][info][gc          ] GC(117) Concurrent strong roots 0.275ms
[1096.344s][info][gc,start    ] GC(117) Concurrent evacuation
[1096.344s][info][gc,task     ] GC(117) Using 2 of 4 workers for concurrent evacuation
[1096.400s][info][gc          ] GC(117) Concurrent evacuation 56.611ms
[1096.400s][info][gc,start    ] GC(117) Pause Init Update Refs
[1096.400s][info][gc,ergo     ] GC(117) Pacer for Update Refs. Used: 5455M, Free: 2452M, Non-Taxable: 245M, Alloc Tax Rate: 2.7x
[1096.400s][info][gc          ] GC(117) Pause Init Update Refs 0.047ms
[1096.400s][info][gc,start    ] GC(117) Concurrent update references
[1096.400s][info][gc,task     ] GC(117) Using 2 of 4 workers for concurrent reference update
[1096.561s][info][gc          ] GC(117) Concurrent update references 160.495ms
[1096.561s][info][gc,start    ] GC(117) Concurrent update thread roots
[1096.562s][info][gc          ] GC(117) Concurrent update thread roots 1.549ms
[1096.563s][info][gc,start    ] GC(117) Pause Final Update Refs
[1096.563s][info][gc,task     ] GC(117) Using 4 of 4 workers for final reference update
[1096.563s][info][gc          ] GC(117) Pause Final Update Refs 0.093ms
[1096.563s][info][gc,start    ] GC(117) Concurrent cleanup
[1096.563s][info][gc          ] GC(117) Concurrent cleanup 5559M->907M(8192M) 0.071ms
[1096.563s][info][gc,ergo     ] Free: 6872M, Max: 4096K regular, 5616M humongous, Frag: 18% external, 0% internal; Reserve: 412M, Max: 4096K
[1096.563s][info][gc,stats    ] 
[1096.563s][info][gc,stats    ] All times are wall-clock times, except per-root-class counters, that are sum over
[1096.563s][info][gc,stats    ] all workers. Dividing the <total> over the root stage time estimates parallelism.
[1096.563s][info][gc,stats    ] 
[1096.563s][info][gc,stats    ] Concurrent Reset                  16891 us
[1096.563s][info][gc,stats    ] Pause Init Mark (G)                 251 us
[1096.563s][info][gc,stats    ] Pause Init Mark (N)                 136 us
[1096.563s][info][gc,stats    ]   Update Region States               51 us
[1096.563s][info][gc,stats    ] Concurrent Mark Roots              1372 us, parallelism: 1.49x
[1096.563s][info][gc,stats    ]   CMR: <total>                     2042 us
[1096.563s][info][gc,stats    ]   CMR: Thread Roots                1750 us, workers (us): 747, 1003, ---, ---, 
[1096.563s][info][gc,stats    ]   CMR: VM Strong Roots               19 us, workers (us):  19,   0, ---, ---, 
[1096.563s][info][gc,stats    ]   CMR: CLDG Roots                   273 us, workers (us): 273, ---, ---, ---, 
[1096.563s][info][gc,stats    ] Concurrent Marking               259799 us
[1096.563s][info][gc,stats    ] Pause Final Mark (G)                270 us
[1096.563s][info][gc,stats    ] Pause Final Mark (N)                253 us
[1096.563s][info][gc,stats    ]   Finish Mark                        20 us
[1096.563s][info][gc,stats    ]   Update Region States               16 us
[1096.563s][info][gc,stats    ]   Choose Collection Set             141 us
[1096.563s][info][gc,stats    ]   Rebuild Free Set                   10 us
[1096.563s][info][gc,stats    ] Concurrent Thread Roots             810 us, parallelism: 1.83x
[1096.563s][info][gc,stats    ]   CTR: <total>                     1485 us
[1096.563s][info][gc,stats    ]   CTR: Thread Roots                1485 us, workers (us): 742, 743, ---, ---, 
[1096.563s][info][gc,stats    ] Concurrent Weak References          502 us, parallelism: 1.29x
[1096.563s][info][gc,stats    ]   CWRF: <total>                     649 us
[1096.563s][info][gc,stats    ]   CWRF: Weak References             649 us, workers (us): 232, 417, ---, ---, 
[1096.563s][info][gc,stats    ] Concurrent Weak Roots              2669 us
[1096.563s][info][gc,stats    ]   Roots                            2587 us, parallelism: 1.93x
[1096.563s][info][gc,stats    ]     CWR: <total>                   4991 us
[1096.563s][info][gc,stats    ]     CWR: Code Cache Roots          3461 us, workers (us): 1746, 1715, ---, ---, 
[1096.563s][info][gc,stats    ]     CWR: VM Weak Roots             1479 us, workers (us): 740, 739, ---, ---, 
[1096.563s][info][gc,stats    ]     CWR: CLDG Roots                  51 us, workers (us): ---,  51, ---, ---, 
[1096.563s][info][gc,stats    ]   Rendezvous                         43 us
[1096.563s][info][gc,stats    ] Concurrent Cleanup                   47 us
[1096.563s][info][gc,stats    ] Concurrent Class Unloading         4787 us
[1096.563s][info][gc,stats    ]   Unlink Stale                     4657 us
[1096.563s][info][gc,stats    ]     System Dictionary                47 us
[1096.563s][info][gc,stats    ]     Weak Class Links                  0 us
[1096.563s][info][gc,stats    ]     Code Roots                     4609 us
[1096.563s][info][gc,stats    ]   Rendezvous                         47 us
[1096.563s][info][gc,stats    ]   Purge Unlinked                     30 us
[1096.563s][info][gc,stats    ]     Code Roots                       27 us
[1096.563s][info][gc,stats    ]     CLDG                              3 us
[1096.563s][info][gc,stats    ]     Exception Caches                  0 us
[1096.563s][info][gc,stats    ] Concurrent Strong Roots             290 us, parallelism: 0.71x
[1096.563s][info][gc,stats    ]   CSR: <total>                      207 us
[1096.563s][info][gc,stats    ]   CSR: VM Strong Roots               11 us, workers (us):   5,   5, ---, ---, 
[1096.563s][info][gc,stats    ]   CSR: CLDG Roots                   196 us, workers (us): 196, ---, ---, ---, 
[1096.563s][info][gc,stats    ] Concurrent Evacuation             56653 us
[1096.563s][info][gc,stats    ] Pause Init Update Refs (G)          121 us
[1096.563s][info][gc,stats    ] Pause Init Update Refs (N)           61 us
[1096.563s][info][gc,stats    ]   Manage GCLABs                       6 us
[1096.563s][info][gc,stats    ] Concurrent Update Refs           160540 us
[1096.563s][info][gc,stats    ] Concurrent Update Thread Roots     1577 us
[1096.563s][info][gc,stats    ] Pause Final Update Refs (G)         207 us
[1096.563s][info][gc,stats    ] Pause Final Update Refs (N)         117 us
[1096.563s][info][gc,stats    ]   Update Region States               31 us
[1096.563s][info][gc,stats    ]   Trash Collection Set               10 us
[1096.563s][info][gc,stats    ]   Rebuild Free Set                   11 us
[1096.563s][info][gc,stats    ] Concurrent Cleanup                   84 us
[1096.563s][info][gc,stats    ] 
[1096.563s][info][gc,stats    ] Allocation pacing accrued:
[1096.563s][info][gc,stats    ]       0 of  7612 ms (  0.0%): <total>
[1096.563s][info][gc,stats    ]       0 of  7612 ms (  0.0%): <average total>
[1096.564s][info][gc,stats    ] 
[1096.564s][info][gc,metaspace] Metaspace: 135141K(136448K)->135141K(136448K) NonClass: 114207K(114944K)->114207K(114944K) Class: 20934K(21504K)->20934K(21504K)
[1096.564s][info][gc,ergo     ] Pacer for Idle. Initial: 163M, Alloc Tax Rate: 1.0x
[1106.385s][info][gc          ] Trigger: Free (816M) is below minimum threshold (819M)
[1106.385s][info][gc,ergo     ] Free: 816M, Max: 4096K regular, 568M humongous, Frag: 29% external, 0% internal; Reserve: 412M, Max: 4096K
[1106.385s][info][gc,start    ] GC(118) Concurrent reset
[1106.385s][info][gc,task     ] GC(118) Using 2 of 4 workers for concurrent reset
[1106.385s][info][gc,ergo     ] GC(118) Pacer for Reset. Non-Taxable: 8192M
[1106.399s][info][gc          ] GC(118) Concurrent reset 14.262ms
[1106.399s][info][gc,start    ] GC(118) Pause Init Mark (unload classes)
[1106.399s][info][gc,task     ] GC(118) Using 4 of 4 workers for init marking
[1106.399s][info][gc,ergo     ] GC(118) Pacer for Mark. Expected Live: 515M, Free: 816M, Non-Taxable: 83584K, Alloc Tax Rate: 0.8x
[1106.399s][info][gc          ] GC(118) Pause Init Mark (unload classes) 0.104ms
[1106.399s][info][gc,start    ] GC(118) Concurrent marking roots
[1106.399s][info][gc,task     ] GC(118) Using 2 of 4 workers for concurrent marking roots
[1106.400s][info][gc          ] GC(118) Concurrent marking roots 1.063ms
[1106.400s][info][gc,start    ] GC(118) Concurrent marking (unload classes)
[1106.400s][info][gc,task     ] GC(118) Using 2 of 4 workers for concurrent marking
[1106.647s][info][gc          ] GC(118) Concurrent marking (unload classes) 246.655ms
[1106.647s][info][gc,start    ] GC(118) Pause Final Mark (unload classes)
[1106.647s][info][gc,task     ] GC(118) Using 4 of 4 workers for final marking
[1106.647s][info][gc,ergo     ] GC(118) Adaptive CSet Selection. Target Free: 1160M, Actual Free: 2868M, Max CSet: 341M, Min Garbage: 0B
[1106.647s][info][gc,ergo     ] GC(118) Collectable Garbage: 6432M (99%), Immediate: 1832M (28%), CSet: 4600M (71%)
[1106.647s][info][gc,ergo     ] GC(118) Pacer for Evacuation. Used CSet: 4680M, Free: 2472M, Non-Taxable: 247M, Alloc Tax Rate: 4.6x
[1106.647s][info][gc          ] GC(118) Pause Final Mark (unload classes) 0.301ms
[1106.647s][info][gc,start    ] GC(118) Concurrent thread roots
[1106.647s][info][gc,task     ] GC(118) Using 2 of 4 workers for Concurrent thread roots
[1106.648s][info][gc          ] GC(118) Concurrent thread roots 0.908ms
[1106.648s][info][gc,start    ] GC(118) Concurrent weak references
[1106.648s][info][gc,task     ] GC(118) Using 2 of 4 workers for concurrent weak references
[1106.648s][info][gc,ref      ] GC(118) Encountered references: Soft: 6114, Weak: 23446, Final: 34, Phantom: 1030
[1106.648s][info][gc,ref      ] GC(118) Discovered  references: Soft: 0, Weak: 3492, Final: 0, Phantom: 728
[1106.648s][info][gc,ref      ] GC(118) Enqueued    references: Soft: 0, Weak: 3, Final: 0, Phantom: 0
[1106.648s][info][gc          ] GC(118) Concurrent weak references 0.285ms
[1106.648s][info][gc,start    ] GC(118) Concurrent weak roots
[1106.648s][info][gc,task     ] GC(118) Using 2 of 4 workers for concurrent weak root
[1106.651s][info][gc          ] GC(118) Concurrent weak roots 2.743ms
[1106.651s][info][gc,start    ] GC(118) Concurrent cleanup
[1106.651s][info][gc          ] GC(118) Concurrent cleanup 7148M->5316M(8192M) 0.037ms
[1106.651s][info][gc,ergo     ] GC(118) Free: 2464M, Max: 4096K regular, 572M humongous, Frag: 77% external, 0% internal; Reserve: 411M, Max: 4096K
[1106.651s][info][gc,start    ] GC(118) Concurrent class unloading
[1106.651s][info][gc,task     ] GC(118) Using 2 of 4 workers for concurrent class unloading
[1106.656s][info][gc          ] GC(118) Concurrent class unloading 5.098ms
[1106.656s][info][gc,start    ] GC(118) Concurrent strong roots
[1106.656s][info][gc,task     ] GC(118) Using 2 of 4 workers for concurrent strong root
[1106.657s][info][gc          ] GC(118) Concurrent strong roots 0.296ms
[1106.657s][info][gc,start    ] GC(118) Concurrent evacuation
[1106.657s][info][gc,task     ] GC(118) Using 2 of 4 workers for concurrent evacuation
[1106.702s][info][gc          ] GC(118) Concurrent evacuation 45.559ms
[1106.702s][info][gc,start    ] GC(118) Pause Init Update Refs
[1106.702s][info][gc,ergo     ] GC(118) Pacer for Update Refs. Used: 5423M, Free: 2440M, Non-Taxable: 244M, Alloc Tax Rate: 2.7x
[1106.702s][info][gc          ] GC(118) Pause Init Update Refs 0.048ms
[1106.702s][info][gc,start    ] GC(118) Concurrent update references
[1106.702s][info][gc,task     ] GC(118) Using 2 of 4 workers for concurrent reference update
[1106.855s][info][gc          ] GC(118) Concurrent update references 152.476ms
[1106.855s][info][gc,start    ] GC(118) Concurrent update thread roots
[1106.857s][info][gc          ] GC(118) Concurrent update thread roots 1.642ms
[1106.857s][info][gc,start    ] GC(118) Pause Final Update Refs
[1106.857s][info][gc,task     ] GC(118) Using 4 of 4 workers for final reference update
[1106.857s][info][gc          ] GC(118) Pause Final Update Refs 0.098ms
[1106.857s][info][gc,start    ] GC(118) Concurrent cleanup
[1106.857s][info][gc          ] GC(118) Concurrent cleanup 5491M->811M(8192M) 0.057ms
[1106.857s][info][gc,ergo     ] Free: 6968M, Max: 4096K regular, 5744M humongous, Frag: 18% external, 0% internal; Reserve: 412M, Max: 4096K
[1106.857s][info][gc,stats    ] 
[1106.857s][info][gc,stats    ] All times are wall-clock times, except per-root-class counters, that are sum over
[1106.857s][info][gc,stats    ] all workers. Dividing the <total> over the root stage time estimates parallelism.
[1106.857s][info][gc,stats    ] 
[1106.857s][info][gc,stats    ] Concurrent Reset                  14324 us
[1106.857s][info][gc,stats    ] Pause Init Mark (G)                 145 us
[1106.857s][info][gc,stats    ] Pause Init Mark (N)                 116 us
[1106.857s][info][gc,stats    ]   Update Region States               42 us
[1106.857s][info][gc,stats    ] Concurrent Mark Roots              1083 us, parallelism: 1.64x
[1106.857s][info][gc,stats    ]   CMR: <total>                     1772 us
[1106.857s][info][gc,stats    ]   CMR: Thread Roots                1636 us, workers (us): 763, 872, ---, ---, 
[1106.857s][info][gc,stats    ]   CMR: VM Strong Roots               14 us, workers (us):  14,   0, ---, ---, 
[1106.857s][info][gc,stats    ]   CMR: CLDG Roots                   122 us, workers (us): 122, ---, ---, ---, 
[1106.857s][info][gc,stats    ] Concurrent Marking               246692 us
[1106.857s][info][gc,stats    ] Pause Final Mark (G)                380 us
[1106.857s][info][gc,stats    ] Pause Final Mark (N)                312 us
[1106.857s][info][gc,stats    ]   Finish Mark                        46 us
[1106.857s][info][gc,stats    ]   Update Region States               43 us
[1106.857s][info][gc,stats    ]   Choose Collection Set             143 us
[1106.857s][info][gc,stats    ]   Rebuild Free Set                   11 us
[1106.857s][info][gc,stats    ] Concurrent Thread Roots             931 us, parallelism: 1.85x
[1106.857s][info][gc,stats    ]   CTR: <total>                     1726 us
[1106.857s][info][gc,stats    ]   CTR: Thread Roots                1726 us, workers (us): 860, 866, ---, ---, 
[1106.857s][info][gc,stats    ] Concurrent Weak References          296 us, parallelism: 0.76x
[1106.857s][info][gc,stats    ]   CWRF: <total>                     223 us
[1106.857s][info][gc,stats    ]   CWRF: Weak References             223 us, workers (us): 219,   4, ---, ---, 
[1106.857s][info][gc,stats    ] Concurrent Weak Roots              2762 us
[1106.857s][info][gc,stats    ]   Roots                            2660 us, parallelism: 1.92x
[1106.857s][info][gc,stats    ]     CWR: <total>                   5120 us
[1106.857s][info][gc,stats    ]     CWR: Code Cache Roots          3577 us, workers (us): 1816, 1761, ---, ---, 
[1106.857s][info][gc,stats    ]     CWR: VM Weak Roots             1473 us, workers (us): 737, 736, ---, ---, 
[1106.857s][info][gc,stats    ]     CWR: CLDG Roots                  70 us, workers (us): ---,  70, ---, ---, 
[1106.857s][info][gc,stats    ]   Rendezvous                         62 us
[1106.857s][info][gc,stats    ] Concurrent Cleanup                   50 us
[1106.857s][info][gc,stats    ] Concurrent Class Unloading         5121 us
[1106.857s][info][gc,stats    ]   Unlink Stale                     4930 us
[1106.857s][info][gc,stats    ]     System Dictionary                55 us
[1106.857s][info][gc,stats    ]     Weak Class Links                  0 us
[1106.857s][info][gc,stats    ]     Code Roots                     4874 us
[1106.857s][info][gc,stats    ]   Rendezvous                         47 us
[1106.857s][info][gc,stats    ]   Purge Unlinked                     99 us
[1106.857s][info][gc,stats    ]     Code Roots                       95 us
[1106.857s][info][gc,stats    ]     CLDG                              3 us
[1106.857s][info][gc,stats    ]     Exception Caches                  1 us
[1106.857s][info][gc,stats    ] Concurrent Strong Roots             309 us, parallelism: 0.69x
[1106.857s][info][gc,stats    ]   CSR: <total>                      213 us
[1106.857s][info][gc,stats    ]   CSR: VM Strong Roots               10 us, workers (us):  10,   0, ---, ---, 
[1106.857s][info][gc,stats    ]   CSR: CLDG Roots                   203 us, workers (us): 203, ---, ---, ---, 
[1106.857s][info][gc,stats    ] Concurrent Evacuation             45611 us
[1106.857s][info][gc,stats    ] Pause Init Update Refs (G)          111 us
[1106.857s][info][gc,stats    ] Pause Init Update Refs (N)           59 us
[1106.857s][info][gc,stats    ]   Manage GCLABs                       6 us
[1106.857s][info][gc,stats    ] Concurrent Update Refs           152535 us
[1106.857s][info][gc,stats    ] Concurrent Update Thread Roots     1660 us
[1106.857s][info][gc,stats    ] Pause Final Update Refs (G)         142 us
[1106.857s][info][gc,stats    ] Pause Final Update Refs (N)         113 us
[1106.857s][info][gc,stats    ]   Update Region States               31 us
[1106.857s][info][gc,stats    ]   Trash Collection Set               15 us
[1106.857s][info][gc,stats    ]   Rebuild Free Set                   11 us
[1106.857s][info][gc,stats    ] Concurrent Cleanup                   73 us
[1106.857s][info][gc,stats    ] 
[1106.857s][info][gc,stats    ] Allocation pacing accrued:
[1106.857s][info][gc,stats    ]       0 of 10294 ms (  0.0%): <total>
[1106.857s][info][gc,stats    ]       0 of 10294 ms (  0.0%): <average total>
[1106.858s][info][gc,stats    ] 
[1106.858s][info][gc,metaspace] Metaspace: 135151K(136512K)->135151K(136512K) NonClass: 114217K(115008K)->114217K(115008K) Class: 20934K(21504K)->20934K(21504K)
[1106.858s][info][gc,ergo     ] Pacer for Idle. Initial: 163M, Alloc Tax Rate: 1.0x
[1115.602s][info][gc          ] Trigger: Average GC time (534.25 ms) is above the time for average allocation rate (897 MB/s) to deplete free headroom (478M) (margin of error = 1.94)
[1115.602s][info][gc,ergo     ] Free headroom: 888M (free) - 409M (spike) - 0B (penalties) = 478M
[1115.602s][info][gc,ergo     ] Free: 888M, Max: 4096K regular, 612M humongous, Frag: 30% external, 0% internal; Reserve: 412M, Max: 4096K
[1115.602s][info][gc,start    ] GC(119) Concurrent reset
[1115.602s][info][gc,task     ] GC(119) Using 2 of 4 workers for concurrent reset
[1115.602s][info][gc,ergo     ] GC(119) Pacer for Reset. Non-Taxable: 8192M
[1115.616s][info][gc          ] GC(119) Concurrent reset 13.891ms
[1115.616s][info][gc,start    ] GC(119) Pause Init Mark (unload classes)
[1115.616s][info][gc,task     ] GC(119) Using 4 of 4 workers for init marking
[1115.616s][info][gc,ergo     ] GC(119) Pacer for Mark. Expected Live: 516M, Free: 888M, Non-Taxable: 90960K, Alloc Tax Rate: 0.7x
[1115.616s][info][gc          ] GC(119) Pause Init Mark (unload classes) 0.112ms
[1115.616s][info][gc,start    ] GC(119) Concurrent marking roots
[1115.616s][info][gc,task     ] GC(119) Using 2 of 4 workers for concurrent marking roots
[1115.617s][info][gc          ] GC(119) Concurrent marking roots 1.091ms
[1115.617s][info][gc,start    ] GC(119) Concurrent marking (unload classes)
[1115.617s][info][gc,task     ] GC(119) Using 2 of 4 workers for concurrent marking
[1115.875s][info][gc          ] GC(119) Concurrent marking (unload classes) 257.827ms
[1115.875s][info][gc,start    ] GC(119) Pause Final Mark (unload classes)
[1115.875s][info][gc,task     ] GC(119) Using 4 of 4 workers for final marking
[1115.875s][info][gc,ergo     ] GC(119) Adaptive CSet Selection. Target Free: 1160M, Actual Free: 2180M, Max CSet: 341M, Min Garbage: 0B
[1115.875s][info][gc,ergo     ] GC(119) Collectable Garbage: 6354M (99%), Immediate: 1140M (17%), CSet: 5214M (81%)
[1115.875s][info][gc,ergo     ] GC(119) Pacer for Evacuation. Used CSet: 5300M, Free: 1784M, Non-Taxable: 178M, Alloc Tax Rate: 7.3x
[1115.876s][info][gc          ] GC(119) Pause Final Mark (unload classes) 0.311ms
[1115.876s][info][gc,start    ] GC(119) Concurrent thread roots
[1115.876s][info][gc,task     ] GC(119) Using 2 of 4 workers for Concurrent thread roots
[1115.876s][info][gc          ] GC(119) Concurrent thread roots 0.803ms
[1115.876s][info][gc,start    ] GC(119) Concurrent weak references
[1115.876s][info][gc,task     ] GC(119) Using 2 of 4 workers for concurrent weak references
[1115.876s][info][gc,ref      ] GC(119) Encountered references: Soft: 6114, Weak: 23446, Final: 34, Phantom: 1030
[1115.876s][info][gc,ref      ] GC(119) Discovered  references: Soft: 0, Weak: 721, Final: 0, Phantom: 721
[1115.876s][info][gc,ref      ] GC(119) Enqueued    references: Soft: 0, Weak: 3, Final: 0, Phantom: 0
[1115.876s][info][gc          ] GC(119) Concurrent weak references 0.122ms
[1115.876s][info][gc,start    ] GC(119) Concurrent weak roots
[1115.876s][info][gc,task     ] GC(119) Using 2 of 4 workers for concurrent weak root
[1115.880s][info][gc          ] GC(119) Concurrent weak roots 3.057ms
[1115.880s][info][gc,start    ] GC(119) Concurrent cleanup
[1115.880s][info][gc          ] GC(119) Concurrent cleanup 7144M->6004M(8192M) 0.034ms
[1115.880s][info][gc,ergo     ] GC(119) Free: 1775M, Max: 4096K regular, 612M humongous, Frag: 66% external, 0% internal; Reserve: 411M, Max: 4096K
[1115.880s][info][gc,start    ] GC(119) Concurrent class unloading
[1115.880s][info][gc,task     ] GC(119) Using 2 of 4 workers for concurrent class unloading
[1115.885s][info][gc          ] GC(119) Concurrent class unloading 5.125ms
[1115.885s][info][gc,start    ] GC(119) Concurrent strong roots
[1115.885s][info][gc,task     ] GC(119) Using 2 of 4 workers for concurrent strong root
[1115.885s][info][gc          ] GC(119) Concurrent strong roots 0.319ms
[1115.885s][info][gc,start    ] GC(119) Concurrent evacuation
[1115.885s][info][gc,task     ] GC(119) Using 2 of 4 workers for concurrent evacuation
[1115.933s][info][gc          ] GC(119) Concurrent evacuation 48.106ms
[1115.933s][info][gc,start    ] GC(119) Pause Init Update Refs
[1115.933s][info][gc,ergo     ] GC(119) Pacer for Update Refs. Used: 6128M, Free: 1743M, Non-Taxable: 174M, Alloc Tax Rate: 4.3x
[1115.933s][info][gc          ] GC(119) Pause Init Update Refs 0.050ms
[1115.933s][info][gc,start    ] GC(119) Concurrent update references
[1115.933s][info][gc,task     ] GC(119) Using 2 of 4 workers for concurrent reference update
[1116.098s][info][gc          ] GC(119) Concurrent update references 164.276ms
[1116.098s][info][gc,start    ] GC(119) Concurrent update thread roots
[1116.099s][info][gc          ] GC(119) Concurrent update thread roots 1.493ms
[1116.099s][info][gc,start    ] GC(119) Pause Final Update Refs
[1116.099s][info][gc,task     ] GC(119) Using 4 of 4 workers for final reference update
[1116.099s][info][gc          ] GC(119) Pause Final Update Refs 0.106ms
[1116.099s][info][gc,start    ] GC(119) Concurrent cleanup
[1116.099s][info][gc          ] GC(119) Concurrent cleanup 6204M->904M(8192M) 0.074ms
[1116.100s][info][gc,ergo     ] Free: 6875M, Max: 4096K regular, 5668M humongous, Frag: 18% external, 0% internal; Reserve: 412M, Max: 4096K
[1116.100s][info][gc,stats    ] 
[1116.100s][info][gc,stats    ] All times are wall-clock times, except per-root-class counters, that are sum over
[1116.100s][info][gc,stats    ] all workers. Dividing the <total> over the root stage time estimates parallelism.
[1116.100s][info][gc,stats    ] 
[1116.100s][info][gc,stats    ] Concurrent Reset                  13948 us
[1116.100s][info][gc,stats    ] Pause Init Mark (G)                 188 us
[1116.100s][info][gc,stats    ] Pause Init Mark (N)                 123 us
[1116.100s][info][gc,stats    ]   Update Region States               53 us
[1116.100s][info][gc,stats    ] Concurrent Mark Roots              1113 us, parallelism: 1.67x
[1116.100s][info][gc,stats    ]   CMR: <total>                     1861 us
[1116.100s][info][gc,stats    ]   CMR: Thread Roots                1720 us, workers (us): 934, 786, ---, ---, 
[1116.100s][info][gc,stats    ]   CMR: VM Strong Roots               16 us, workers (us):   8,   8, ---, ---, 
[1116.100s][info][gc,stats    ]   CMR: CLDG Roots                   124 us, workers (us): ---, 124, ---, ---, 
[1116.100s][info][gc,stats    ] Concurrent Marking               257858 us
[1116.100s][info][gc,stats    ] Pause Final Mark (G)                338 us
[1116.100s][info][gc,stats    ] Pause Final Mark (N)                322 us
[1116.100s][info][gc,stats    ]   Finish Mark                        47 us
[1116.100s][info][gc,stats    ]   Update Region States               50 us
[1116.100s][info][gc,stats    ]   Choose Collection Set             146 us
[1116.100s][info][gc,stats    ]   Rebuild Free Set                   10 us
[1116.100s][info][gc,stats    ] Concurrent Thread Roots             817 us, parallelism: 1.84x
[1116.100s][info][gc,stats    ]   CTR: <total>                     1504 us
[1116.100s][info][gc,stats    ]   CTR: Thread Roots                1504 us, workers (us): 768, 736, ---, ---, 
[1116.100s][info][gc,stats    ] Concurrent Weak References          132 us, parallelism: 0.57x
[1116.100s][info][gc,stats    ]   CWRF: <total>                      75 us
[1116.100s][info][gc,stats    ]   CWRF: Weak References              75 us, workers (us):  57,  19, ---, ---, 
[1116.100s][info][gc,stats    ] Concurrent Weak Roots              3083 us
[1116.100s][info][gc,stats    ]   Roots                            2986 us, parallelism: 1.91x
[1116.100s][info][gc,stats    ]     CWR: <total>                   5711 us
[1116.100s][info][gc,stats    ]     CWR: Code Cache Roots          3856 us, workers (us): 1827, 2029, ---, ---, 
[1116.100s][info][gc,stats    ]     CWR: VM Weak Roots             1714 us, workers (us): 871, 843, ---, ---, 
[1116.100s][info][gc,stats    ]     CWR: CLDG Roots                 141 us, workers (us): 141, ---, ---, ---, 
[1116.100s][info][gc,stats    ]   Rendezvous                         50 us
[1116.100s][info][gc,stats    ] Concurrent Cleanup                   47 us
[1116.100s][info][gc,stats    ] Concurrent Class Unloading         5150 us
[1116.100s][info][gc,stats    ]   Unlink Stale                     4956 us
[1116.100s][info][gc,stats    ]     System Dictionary                60 us
[1116.100s][info][gc,stats    ]     Weak Class Links                  0 us
[1116.100s][info][gc,stats    ]     Code Roots                     4894 us
[1116.100s][info][gc,stats    ]   Rendezvous                         64 us
[1116.100s][info][gc,stats    ]   Purge Unlinked                     81 us
[1116.100s][info][gc,stats    ]     Code Roots                       77 us
[1116.100s][info][gc,stats    ]     CLDG                              3 us
[1116.100s][info][gc,stats    ]     Exception Caches                  0 us
[1116.100s][info][gc,stats    ] Concurrent Strong Roots             333 us, parallelism: 0.69x
[1116.100s][info][gc,stats    ]   CSR: <total>                      229 us
[1116.100s][info][gc,stats    ]   CSR: VM Strong Roots               10 us, workers (us):  10,   0, ---, ---, 
[1116.100s][info][gc,stats    ]   CSR: CLDG Roots                   219 us, workers (us): 219, ---, ---, ---, 
[1116.100s][info][gc,stats    ] Concurrent Evacuation             48175 us
[1116.100s][info][gc,stats    ] Pause Init Update Refs (G)           92 us
[1116.100s][info][gc,stats    ] Pause Init Update Refs (N)           61 us
[1116.100s][info][gc,stats    ]   Manage GCLABs                       8 us
[1116.100s][info][gc,stats    ] Concurrent Update Refs           164315 us
[1116.100s][info][gc,stats    ] Concurrent Update Thread Roots     1516 us
[1116.100s][info][gc,stats    ] Pause Final Update Refs (G)         207 us
[1116.100s][info][gc,stats    ] Pause Final Update Refs (N)         133 us
[1116.100s][info][gc,stats    ]   Update Region States               44 us
[1116.100s][info][gc,stats    ]   Trash Collection Set               13 us
[1116.100s][info][gc,stats    ]   Rebuild Free Set                   10 us
[1116.100s][info][gc,stats    ] Concurrent Cleanup                   88 us
[1116.100s][info][gc,stats    ] 
[1116.100s][info][gc,stats    ] Allocation pacing accrued:
[1116.100s][info][gc,stats    ]       0 of  9243 ms (  0.0%): <total>
[1116.100s][info][gc,stats    ]       0 of  9243 ms (  0.0%): <average total>
[1116.100s][info][gc,stats    ] 
[1116.100s][info][gc,metaspace] Metaspace: 135152K(136512K)->135152K(136512K) NonClass: 114218K(115008K)->114218K(115008K) Class: 20934K(21504K)->20934K(21504K)
[1116.100s][info][gc,ergo     ] Pacer for Idle. Initial: 163M, Alloc Tax Rate: 1.0x
[1123.389s][info][gc          ] Trigger: Average GC time (527.62 ms) is above the time for average allocation rate (940 MB/s) to deplete free headroom (494M) (margin of error = 1.94)
[1123.389s][info][gc,ergo     ] Free headroom: 903M (free) - 409M (spike) - 0B (penalties) = 494M
[1123.389s][info][gc,ergo     ] Free: 903M, Max: 4096K regular, 604M humongous, Frag: 32% external, 0% internal; Reserve: 412M, Max: 4096K
[1123.389s][info][gc,start    ] GC(120) Concurrent reset
[1123.389s][info][gc,task     ] GC(120) Using 2 of 4 workers for concurrent reset
[1123.389s][info][gc,ergo     ] GC(120) Pacer for Reset. Non-Taxable: 8192M
[1123.405s][info][gc          ] GC(120) Concurrent reset 16.264ms
[1123.405s][info][gc,start    ] GC(120) Pause Init Mark (unload classes)
[1123.405s][info][gc,task     ] GC(120) Using 4 of 4 workers for init marking
[1123.405s][info][gc,ergo     ] GC(120) Pacer for Mark. Expected Live: 506M, Free: 891M, Non-Taxable: 91331K, Alloc Tax Rate: 0.7x
[1123.405s][info][gc          ] GC(120) Pause Init Mark (unload classes) 0.109ms
[1123.405s][info][gc,start    ] GC(120) Concurrent marking roots
[1123.405s][info][gc,task     ] GC(120) Using 2 of 4 workers for concurrent marking roots
[1123.406s][info][gc          ] GC(120) Concurrent marking roots 1.100ms
[1123.406s][info][gc,start    ] GC(120) Concurrent marking (unload classes)
[1123.406s][info][gc,task     ] GC(120) Using 2 of 4 workers for concurrent marking
[1123.640s][info][gc          ] GC(120) Concurrent marking (unload classes) 233.641ms
[1123.640s][info][gc,start    ] GC(120) Pause Final Mark (unload classes)
[1123.640s][info][gc,task     ] GC(120) Using 4 of 4 workers for final marking
[1123.640s][info][gc,ergo     ] GC(120) Adaptive CSet Selection. Target Free: 1160M, Actual Free: 3531M, Max CSet: 341M, Min Garbage: 0B
[1123.640s][info][gc,ergo     ] GC(120) Collectable Garbage: 6357M (99%), Immediate: 2467M (38%), CSet: 3889M (60%)
[1123.640s][info][gc,ergo     ] GC(120) Pacer for Evacuation. Used CSet: 3967M, Free: 3139M, Non-Taxable: 313M, Alloc Tax Rate: 3.1x
[1123.640s][info][gc          ] GC(120) Pause Final Mark (unload classes) 0.293ms
[1123.640s][info][gc,start    ] GC(120) Concurrent thread roots
[1123.640s][info][gc,task     ] GC(120) Using 2 of 4 workers for Concurrent thread roots
[1123.641s][info][gc          ] GC(120) Concurrent thread roots 0.812ms
[1123.641s][info][gc,start    ] GC(120) Concurrent weak references
[1123.641s][info][gc,task     ] GC(120) Using 2 of 4 workers for concurrent weak references
[1123.642s][info][gc,ref      ] GC(120) Encountered references: Soft: 6114, Weak: 23446, Final: 34, Phantom: 1033
[1123.642s][info][gc,ref      ] GC(120) Discovered  references: Soft: 0, Weak: 6051, Final: 0, Phantom: 724
[1123.642s][info][gc,ref      ] GC(120) Enqueued    references: Soft: 0, Weak: 2, Final: 0, Phantom: 0
[1123.642s][info][gc          ] GC(120) Concurrent weak references 0.565ms
[1123.642s][info][gc,start    ] GC(120) Concurrent weak roots
[1123.642s][info][gc,task     ] GC(120) Using 2 of 4 workers for concurrent weak root
[1123.645s][info][gc          ] GC(120) Concurrent weak roots 2.953ms
[1123.645s][info][gc,start    ] GC(120) Concurrent cleanup
[1123.645s][info][gc          ] GC(120) Concurrent cleanup 7121M->4653M(8192M) 0.045ms
[1123.645s][info][gc,ergo     ] GC(120) Free: 3127M, Max: 4096K regular, 604M humongous, Frag: 81% external, 0% internal; Reserve: 411M, Max: 4096K
[1123.645s][info][gc,start    ] GC(120) Concurrent class unloading
[1123.645s][info][gc,task     ] GC(120) Using 2 of 4 workers for concurrent class unloading
[1123.650s][info][gc          ] GC(120) Concurrent class unloading 5.130ms
[1123.650s][info][gc,start    ] GC(120) Concurrent strong roots
[1123.650s][info][gc,task     ] GC(120) Using 2 of 4 workers for concurrent strong root
[1123.650s][info][gc          ] GC(120) Concurrent strong roots 0.297ms
[1123.650s][info][gc,start    ] GC(120) Concurrent evacuation
[1123.650s][info][gc,task     ] GC(120) Using 2 of 4 workers for concurrent evacuation
[1123.695s][info][gc          ] GC(120) Concurrent evacuation 44.757ms
[1123.695s][info][gc,start    ] GC(120) Pause Init Update Refs
[1123.695s][info][gc,ergo     ] GC(120) Pacer for Update Refs. Used: 4756M, Free: 3107M, Non-Taxable: 310M, Alloc Tax Rate: 1.9x
[1123.695s][info][gc          ] GC(120) Pause Init Update Refs 0.049ms
[1123.695s][info][gc,start    ] GC(120) Concurrent update references
[1123.695s][info][gc,task     ] GC(120) Using 2 of 4 workers for concurrent reference update
[1123.858s][info][gc          ] GC(120) Concurrent update references 162.710ms
[1123.858s][info][gc,start    ] GC(120) Concurrent update thread roots
[1123.859s][info][gc          ] GC(120) Concurrent update thread roots 1.529ms
[1123.859s][info][gc,start    ] GC(120) Pause Final Update Refs
[1123.860s][info][gc,task     ] GC(120) Using 4 of 4 workers for final reference update
[1123.860s][info][gc          ] GC(120) Pause Final Update Refs 0.113ms
[1123.860s][info][gc,start    ] GC(120) Concurrent cleanup
[1123.860s][info][gc          ] GC(120) Concurrent cleanup 4832M->864M(8192M) 0.065ms
[1123.860s][info][gc,ergo     ] Free: 6915M, Max: 4096K regular, 5588M humongous, Frag: 19% external, 0% internal; Reserve: 412M, Max: 4096K
[1123.860s][info][gc,stats    ] 
[1123.860s][info][gc,stats    ] All times are wall-clock times, except per-root-class counters, that are sum over
[1123.860s][info][gc,stats    ] all workers. Dividing the <total> over the root stage time estimates parallelism.
[1123.860s][info][gc,stats    ] 
[1123.860s][info][gc,stats    ] Concurrent Reset                  16348 us
[1123.860s][info][gc,stats    ] Pause Init Mark (G)                 258 us
[1123.860s][info][gc,stats    ] Pause Init Mark (N)                 120 us
[1123.860s][info][gc,stats    ]   Update Region States               41 us
[1123.860s][info][gc,stats    ] Concurrent Mark Roots              1118 us, parallelism: 1.60x
[1123.860s][info][gc,stats    ]   CMR: <total>                     1786 us
[1123.860s][info][gc,stats    ]   CMR: Thread Roots                1585 us, workers (us): 704, 882, ---, ---, 
[1123.860s][info][gc,stats    ]   CMR: VM Strong Roots               18 us, workers (us):   8,   9, ---, ---, 
[1123.860s][info][gc,stats    ]   CMR: CLDG Roots                   183 us, workers (us): 183, ---, ---, ---, 
[1123.860s][info][gc,stats    ] Concurrent Marking               233688 us
[1123.860s][info][gc,stats    ] Pause Final Mark (G)                333 us
[1123.860s][info][gc,stats    ] Pause Final Mark (N)                304 us
[1123.860s][info][gc,stats    ]   Finish Mark                        45 us
[1123.860s][info][gc,stats    ]   Update Region States               49 us
[1123.860s][info][gc,stats    ]   Choose Collection Set             131 us
[1123.860s][info][gc,stats    ]   Rebuild Free Set                   12 us
[1123.860s][info][gc,stats    ] Concurrent Thread Roots             835 us, parallelism: 1.76x
[1123.860s][info][gc,stats    ]   CTR: <total>                     1472 us
[1123.860s][info][gc,stats    ]   CTR: Thread Roots                1472 us, workers (us): 743, 729, ---, ---, 
[1123.860s][info][gc,stats    ] Concurrent Weak References          576 us, parallelism: 0.86x
[1123.860s][info][gc,stats    ]   CWRF: <total>                     493 us
[1123.860s][info][gc,stats    ]   CWRF: Weak References             493 us, workers (us): 423,  70, ---, ---, 
[1123.860s][info][gc,stats    ] Concurrent Weak Roots              2983 us
[1123.860s][info][gc,stats    ]   Roots                            2859 us, parallelism: 1.90x
[1123.860s][info][gc,stats    ]     CWR: <total>                   5419 us
[1123.860s][info][gc,stats    ]     CWR: Code Cache Roots          3861 us, workers (us): 1950, 1912, ---, ---, 
[1123.860s][info][gc,stats    ]     CWR: VM Weak Roots             1505 us, workers (us): 768, 737, ---, ---, 
[1123.860s][info][gc,stats    ]     CWR: CLDG Roots                  52 us, workers (us):  52, ---, ---, ---, 
[1123.860s][info][gc,stats    ]   Rendezvous                         71 us
[1123.860s][info][gc,stats    ] Concurrent Cleanup                   58 us
[1123.860s][info][gc,stats    ] Concurrent Class Unloading         5156 us
[1123.860s][info][gc,stats    ]   Unlink Stale                     4861 us
[1123.860s][info][gc,stats    ]     System Dictionary                52 us
[1123.860s][info][gc,stats    ]     Weak Class Links                  0 us
[1123.860s][info][gc,stats    ]     Code Roots                     4808 us
[1123.860s][info][gc,stats    ]   Rendezvous                        156 us
[1123.860s][info][gc,stats    ]   Purge Unlinked                     91 us
[1123.860s][info][gc,stats    ]     Code Roots                       88 us
[1123.860s][info][gc,stats    ]     CLDG                              2 us
[1123.860s][info][gc,stats    ]     Exception Caches                  1 us
[1123.860s][info][gc,stats    ] Concurrent Strong Roots             313 us, parallelism: 0.68x
[1123.860s][info][gc,stats    ]   CSR: <total>                      212 us
[1123.860s][info][gc,stats    ]   CSR: VM Strong Roots               11 us, workers (us):  11,   0, ---, ---, 
[1123.860s][info][gc,stats    ]   CSR: CLDG Roots                   201 us, workers (us): 201, ---, ---, ---, 
[1123.860s][info][gc,stats    ] Concurrent Evacuation             44799 us
[1123.860s][info][gc,stats    ] Pause Init Update Refs (G)           79 us
[1123.860s][info][gc,stats    ] Pause Init Update Refs (N)           60 us
[1123.860s][info][gc,stats    ]   Manage GCLABs                       7 us
[1123.860s][info][gc,stats    ] Concurrent Update Refs           162750 us
[1123.860s][info][gc,stats    ] Concurrent Update Thread Roots     1551 us
[1123.860s][info][gc,stats    ] Pause Final Update Refs (G)         203 us
[1123.860s][info][gc,stats    ] Pause Final Update Refs (N)         131 us
[1123.860s][info][gc,stats    ]   Update Region States               48 us
[1123.860s][info][gc,stats    ]   Trash Collection Set               12 us
[1123.860s][info][gc,stats    ]   Rebuild Free Set                   12 us
[1123.860s][info][gc,stats    ] Concurrent Cleanup                   79 us
[1123.860s][info][gc,stats    ] 
[1123.860s][info][gc,stats    ] Allocation pacing accrued:
[1123.860s][info][gc,stats    ]       0 of  7760 ms (  0.0%): <total>
[1123.860s][info][gc,stats    ]       0 of  7760 ms (  0.0%): <average total>
[1123.860s][info][gc,stats    ] 
[1123.860s][info][gc,metaspace] Metaspace: 135153K(136512K)->135153K(136512K) NonClass: 114219K(115008K)->114219K(115008K) Class: 20934K(21504K)->20934K(21504K)
[1123.860s][info][gc,ergo     ] Pacer for Idle. Initial: 163M, Alloc Tax Rate: 1.0x
[1132.524s][info][gc          ] Trigger: Free (815M) is below minimum threshold (819M)
[1132.524s][info][gc,ergo     ] Free: 815M, Max: 4096K regular, 612M humongous, Frag: 23% external, 0% internal; Reserve: 412M, Max: 4096K
[1132.524s][info][gc,start    ] GC(121) Concurrent reset
[1132.524s][info][gc,task     ] GC(121) Using 2 of 4 workers for concurrent reset
[1132.524s][info][gc,ergo     ] GC(121) Pacer for Reset. Non-Taxable: 8192M
[1132.536s][info][gc          ] GC(121) Concurrent reset 12.617ms
[1132.537s][info][gc,start    ] GC(121) Pause Init Mark (unload classes)
[1132.537s][info][gc,task     ] GC(121) Using 4 of 4 workers for init marking
[1132.537s][info][gc,ergo     ] GC(121) Pacer for Mark. Expected Live: 500M, Free: 807M, Non-Taxable: 82726K, Alloc Tax Rate: 0.8x
[1132.537s][info][gc          ] GC(121) Pause Init Mark (unload classes) 0.113ms
[1132.537s][info][gc,start    ] GC(121) Concurrent marking roots
[1132.537s][info][gc,task     ] GC(121) Using 2 of 4 workers for concurrent marking roots
[1132.538s][info][gc          ] GC(121) Concurrent marking roots 1.083ms
[1132.538s][info][gc,start    ] GC(121) Concurrent marking (unload classes)
[1132.538s][info][gc,task     ] GC(121) Using 2 of 4 workers for concurrent marking
[1132.774s][info][gc          ] GC(121) Concurrent marking (unload classes) 236.428ms
[1132.774s][info][gc,start    ] GC(121) Pause Final Mark (unload classes)
[1132.774s][info][gc,task     ] GC(121) Using 4 of 4 workers for final marking
[1132.774s][info][gc,ergo     ] GC(121) Adaptive CSet Selection. Target Free: 1160M, Actual Free: 2688M, Max CSet: 341M, Min Garbage: 0B
[1132.775s][info][gc,ergo     ] GC(121) Collectable Garbage: 6447M (99%), Immediate: 1604M (24%), CSet: 4843M (74%)
[1132.775s][info][gc,ergo     ] GC(121) Pacer for Evacuation. Used CSet: 4916M, Free: 2299M, Non-Taxable: 229M, Alloc Tax Rate: 5.2x
[1132.775s][info][gc          ] GC(121) Pause Final Mark (unload classes) 0.316ms
[1132.775s][info][gc,start    ] GC(121) Concurrent thread roots
[1132.775s][info][gc,task     ] GC(121) Using 2 of 4 workers for Concurrent thread roots
[1132.776s][info][gc          ] GC(121) Concurrent thread roots 0.867ms
[1132.776s][info][gc,start    ] GC(121) Concurrent weak references
[1132.776s][info][gc,task     ] GC(121) Using 2 of 4 workers for concurrent weak references
[1132.776s][info][gc,ref      ] GC(121) Encountered references: Soft: 6114, Weak: 23447, Final: 34, Phantom: 1036
[1132.776s][info][gc,ref      ] GC(121) Discovered  references: Soft: 0, Weak: 1976, Final: 0, Phantom: 726
[1132.776s][info][gc,ref      ] GC(121) Enqueued    references: Soft: 0, Weak: 2, Final: 0, Phantom: 0
[1132.776s][info][gc          ] GC(121) Concurrent weak references 0.219ms
[1132.776s][info][gc,start    ] GC(121) Concurrent weak roots
[1132.776s][info][gc,task     ] GC(121) Using 2 of 4 workers for concurrent weak root
[1132.778s][info][gc          ] GC(121) Concurrent weak roots 2.617ms
[1132.778s][info][gc,start    ] GC(121) Concurrent cleanup
[1132.778s][info][gc          ] GC(121) Concurrent cleanup 7092M->5488M(8192M) 0.034ms
[1132.778s][info][gc,ergo     ] GC(121) Free: 2291M, Max: 4096K regular, 612M humongous, Frag: 74% external, 0% internal; Reserve: 411M, Max: 4096K
[1132.778s][info][gc,start    ] GC(121) Concurrent class unloading
[1132.778s][info][gc,task     ] GC(121) Using 2 of 4 workers for concurrent class unloading
[1132.784s][info][gc          ] GC(121) Concurrent class unloading 5.689ms
[1132.784s][info][gc,start    ] GC(121) Concurrent strong roots
[1132.784s][info][gc,task     ] GC(121) Using 2 of 4 workers for concurrent strong root
[1132.784s][info][gc          ] GC(121) Concurrent strong roots 0.279ms
[1132.784s][info][gc,start    ] GC(121) Concurrent evacuation
[1132.784s][info][gc,task     ] GC(121) Using 2 of 4 workers for concurrent evacuation
[1132.821s][info][gc          ] GC(121) Concurrent evacuation 36.789ms
[1132.821s][info][gc,start    ] GC(121) Pause Init Update Refs
[1132.821s][info][gc,ergo     ] GC(121) Pacer for Update Refs. Used: 5568M, Free: 2291M, Non-Taxable: 229M, Alloc Tax Rate: 3.0x
[1132.821s][info][gc          ] GC(121) Pause Init Update Refs 0.046ms
[1132.821s][info][gc,start    ] GC(121) Concurrent update references
[1132.821s][info][gc,task     ] GC(121) Using 2 of 4 workers for concurrent reference update
[1132.966s][info][gc          ] GC(121) Concurrent update references 144.354ms
[1132.966s][info][gc,start    ] GC(121) Concurrent update thread roots
[1132.967s][info][gc          ] GC(121) Concurrent update thread roots 1.449ms
[1132.967s][info][gc,start    ] GC(121) Pause Final Update Refs
[1132.967s][info][gc,task     ] GC(121) Using 4 of 4 workers for final reference update
[1132.967s][info][gc          ] GC(121) Pause Final Update Refs 0.100ms
[1132.967s][info][gc,start    ] GC(121) Concurrent cleanup
[1132.968s][info][gc          ] GC(121) Concurrent cleanup 5615M->699M(8192M) 0.065ms
[1132.968s][info][gc,ergo     ] Free: 7080M, Max: 4096K regular, 5916M humongous, Frag: 17% external, 0% internal; Reserve: 412M, Max: 4096K
[1132.968s][info][gc,stats    ] 
[1132.968s][info][gc,stats    ] All times are wall-clock times, except per-root-class counters, that are sum over
[1132.968s][info][gc,stats    ] all workers. Dividing the <total> over the root stage time estimates parallelism.
[1132.968s][info][gc,stats    ] 
[1132.968s][info][gc,stats    ] Concurrent Reset                  12682 us
[1132.968s][info][gc,stats    ] Pause Init Mark (G)                 196 us
[1132.968s][info][gc,stats    ] Pause Init Mark (N)                 125 us
[1132.968s][info][gc,stats    ]   Update Region States               39 us
[1132.968s][info][gc,stats    ] Concurrent Mark Roots              1100 us, parallelism: 1.55x
[1132.968s][info][gc,stats    ]   CMR: <total>                     1702 us
[1132.968s][info][gc,stats    ]   CMR: Thread Roots                1535 us, workers (us): 693, 842, ---, ---, 
[1132.968s][info][gc,stats    ]   CMR: VM Strong Roots               15 us, workers (us):  15,   0, ---, ---, 
[1132.968s][info][gc,stats    ]   CMR: CLDG Roots                   152 us, workers (us): 152, ---, ---, ---, 
[1132.968s][info][gc,stats    ] Concurrent Marking               236461 us
[1132.968s][info][gc,stats    ] Pause Final Mark (G)                386 us
[1132.968s][info][gc,stats    ] Pause Final Mark (N)                328 us
[1132.968s][info][gc,stats    ]   Finish Mark                        51 us
[1132.968s][info][gc,stats    ]   Update Region States               51 us
[1132.968s][info][gc,stats    ]   Choose Collection Set             145 us
[1132.968s][info][gc,stats    ]   Rebuild Free Set                   10 us
[1132.968s][info][gc,stats    ] Concurrent Thread Roots             884 us, parallelism: 1.84x
[1132.968s][info][gc,stats    ]   CTR: <total>                     1630 us
[1132.968s][info][gc,stats    ]   CTR: Thread Roots                1630 us, workers (us): 828, 802, ---, ---, 
[1132.968s][info][gc,stats    ] Concurrent Weak References          229 us, parallelism: 0.69x
[1132.968s][info][gc,stats    ]   CWRF: <total>                     158 us
[1132.968s][info][gc,stats    ]   CWRF: Weak References             158 us, workers (us): 156,   2, ---, ---, 
[1132.968s][info][gc,stats    ] Concurrent Weak Roots              2634 us
[1132.968s][info][gc,stats    ]   Roots                            2543 us, parallelism: 1.93x
[1132.968s][info][gc,stats    ]     CWR: <total>                   4899 us
[1132.968s][info][gc,stats    ]     CWR: Code Cache Roots          3367 us, workers (us): 1667, 1700, ---, ---, 
[1132.968s][info][gc,stats    ]     CWR: VM Weak Roots             1477 us, workers (us): 739, 738, ---, ---, 
[1132.968s][info][gc,stats    ]     CWR: CLDG Roots                  56 us, workers (us):  56, ---, ---, ---, 
[1132.968s][info][gc,stats    ]   Rendezvous                         51 us
[1132.968s][info][gc,stats    ] Concurrent Cleanup                   46 us
[1132.968s][info][gc,stats    ] Concurrent Class Unloading         5714 us
[1132.968s][info][gc,stats    ]   Unlink Stale                     5473 us
[1132.968s][info][gc,stats    ]     System Dictionary                48 us
[1132.968s][info][gc,stats    ]     Weak Class Links                  0 us
[1132.968s][info][gc,stats    ]     Code Roots                     5423 us
[1132.968s][info][gc,stats    ]   Rendezvous                        100 us
[1132.968s][info][gc,stats    ]   Purge Unlinked                     94 us
[1132.968s][info][gc,stats    ]     Code Roots                       90 us
[1132.968s][info][gc,stats    ]     CLDG                              4 us
[1132.968s][info][gc,stats    ]     Exception Caches                  0 us
[1132.968s][info][gc,stats    ] Concurrent Strong Roots             302 us, parallelism: 0.68x
[1132.968s][info][gc,stats    ]   CSR: <total>                      207 us
[1132.968s][info][gc,stats    ]   CSR: VM Strong Roots               10 us, workers (us):   6,   5, ---, ---, 
[1132.968s][info][gc,stats    ]   CSR: CLDG Roots                   196 us, workers (us): ---, 196, ---, ---, 
[1132.968s][info][gc,stats    ] Concurrent Evacuation             36830 us
[1132.968s][info][gc,stats    ] Pause Init Update Refs (G)          116 us
[1132.968s][info][gc,stats    ] Pause Init Update Refs (N)           56 us
[1132.968s][info][gc,stats    ]   Manage GCLABs                       6 us
[1132.968s][info][gc,stats    ] Concurrent Update Refs           144390 us
[1132.968s][info][gc,stats    ] Concurrent Update Thread Roots     1472 us
[1132.968s][info][gc,stats    ] Pause Final Update Refs (G)         143 us
[1132.968s][info][gc,stats    ] Pause Final Update Refs (N)         115 us
[1132.968s][info][gc,stats    ]   Update Region States               37 us
[1132.968s][info][gc,stats    ]   Trash Collection Set               14 us
[1132.968s][info][gc,stats    ]   Rebuild Free Set                   11 us
[1132.968s][info][gc,stats    ] Concurrent Cleanup                   79 us
[1132.968s][info][gc,stats    ] 
[1132.968s][info][gc,stats    ] Allocation pacing accrued:
[1132.968s][info][gc,stats    ]       0 of  9108 ms (  0.0%): <total>
[1132.968s][info][gc,stats    ]       0 of  9108 ms (  0.0%): <average total>
[1132.968s][info][gc,stats    ] 
[1132.968s][info][gc,metaspace] Metaspace: 135160K(136512K)->135160K(136512K) NonClass: 114226K(115008K)->114226K(115008K) Class: 20934K(21504K)->20934K(21504K)
[1132.968s][info][gc,ergo     ] Pacer for Idle. Initial: 163M, Alloc Tax Rate: 1.0x
[1142.325s][info][gc          ] Trigger: Average GC time (505.65 ms) is above the time for instantaneous allocation rate (1551 MB/s) to deplete free headroom (781M) (spike threshold = 1.70)
[1142.325s][info][gc,ergo     ] Free: 1191M, Max: 4096K regular, 612M humongous, Frag: 48% external, 0% internal; Reserve: 412M, Max: 4096K
[1142.326s][info][gc,start    ] GC(122) Concurrent reset
[1142.326s][info][gc,task     ] GC(122) Using 2 of 4 workers for concurrent reset
[1142.326s][info][gc,ergo     ] GC(122) Pacer for Reset. Non-Taxable: 8192M
[1142.345s][info][gc          ] GC(122) Concurrent reset 19.730ms
[1142.345s][info][gc,start    ] GC(122) Pause Init Mark (unload classes)
[1142.345s][info][gc,task     ] GC(122) Using 4 of 4 workers for init marking
[1142.345s][info][gc,ergo     ] GC(122) Pacer for Mark. Expected Live: 498M, Free: 1163M, Non-Taxable: 116M, Alloc Tax Rate: 0.5x
[1142.345s][info][gc          ] GC(122) Pause Init Mark (unload classes) 0.122ms
[1142.345s][info][gc,start    ] GC(122) Concurrent marking roots
[1142.345s][info][gc,task     ] GC(122) Using 2 of 4 workers for concurrent marking roots
[1142.347s][info][gc          ] GC(122) Concurrent marking roots 1.339ms
[1142.347s][info][gc,start    ] GC(122) Concurrent marking (unload classes)
[1142.347s][info][gc,task     ] GC(122) Using 2 of 4 workers for concurrent marking
[1142.609s][info][gc          ] GC(122) Concurrent marking (unload classes) 261.776ms
[1142.609s][info][gc,start    ] GC(122) Pause Final Mark (unload classes)
[1142.609s][info][gc,task     ] GC(122) Using 4 of 4 workers for final marking
[1142.609s][info][gc,ergo     ] GC(122) Adaptive CSet Selection. Target Free: 1160M, Actual Free: 2324M, Max CSet: 341M, Min Garbage: 0B
[1142.609s][info][gc,ergo     ] GC(122) Collectable Garbage: 6049M (99%), Immediate: 1004M (16%), CSet: 5045M (82%)
[1142.609s][info][gc,ergo     ] GC(122) Pacer for Evacuation. Used CSet: 5160M, Free: 1939M, Non-Taxable: 193M, Alloc Tax Rate: 6.5x
[1142.609s][info][gc          ] GC(122) Pause Final Mark (unload classes) 0.310ms
[1142.609s][info][gc,start    ] GC(122) Concurrent thread roots
[1142.609s][info][gc,task     ] GC(122) Using 2 of 4 workers for Concurrent thread roots
[1142.610s][info][gc          ] GC(122) Concurrent thread roots 0.963ms
[1142.610s][info][gc,start    ] GC(122) Concurrent weak references
[1142.610s][info][gc,task     ] GC(122) Using 2 of 4 workers for concurrent weak references
[1142.610s][info][gc,ref      ] GC(122) Encountered references: Soft: 6114, Weak: 23450, Final: 34, Phantom: 1039
[1142.610s][info][gc,ref      ] GC(122) Discovered  references: Soft: 0, Weak: 1192, Final: 0, Phantom: 733
[1142.610s][info][gc,ref      ] GC(122) Enqueued    references: Soft: 0, Weak: 4, Final: 0, Phantom: 0
[1142.610s][info][gc          ] GC(122) Concurrent weak references 0.267ms
[1142.610s][info][gc,start    ] GC(122) Concurrent weak roots
[1142.610s][info][gc,task     ] GC(122) Using 2 of 4 workers for concurrent weak root
[1142.613s][info][gc          ] GC(122) Concurrent weak roots 2.780ms
[1142.613s][info][gc,start    ] GC(122) Concurrent cleanup
[1142.613s][info][gc          ] GC(122) Concurrent cleanup 6853M->5849M(8192M) 0.031ms
[1142.613s][info][gc,ergo     ] GC(122) Free: 1931M, Max: 4096K regular, 612M humongous, Frag: 68% external, 0% internal; Reserve: 411M, Max: 4096K
[1142.613s][info][gc,start    ] GC(122) Concurrent class unloading
[1142.613s][info][gc,task     ] GC(122) Using 2 of 4 workers for concurrent class unloading
[1142.619s][info][gc          ] GC(122) Concurrent class unloading 5.966ms
[1142.619s][info][gc,start    ] GC(122) Concurrent strong roots
[1142.619s][info][gc,task     ] GC(122) Using 2 of 4 workers for concurrent strong root
[1142.619s][info][gc          ] GC(122) Concurrent strong roots 0.333ms
[1142.620s][info][gc,start    ] GC(122) Concurrent evacuation
[1142.620s][info][gc,task     ] GC(122) Using 2 of 4 workers for concurrent evacuation
[1142.675s][info][gc          ] GC(122) Concurrent evacuation 55.836ms
[1142.675s][info][gc,start    ] GC(122) Pause Init Update Refs
[1142.675s][info][gc,ergo     ] GC(122) Pacer for Update Refs. Used: 6004M, Free: 1895M, Non-Taxable: 189M, Alloc Tax Rate: 3.9x
[1142.675s][info][gc          ] GC(122) Pause Init Update Refs 0.045ms
[1142.676s][info][gc,start    ] GC(122) Concurrent update references
[1142.676s][info][gc,task     ] GC(122) Using 2 of 4 workers for concurrent reference update
[1142.846s][info][gc          ] GC(122) Concurrent update references 170.327ms
[1142.846s][info][gc,start    ] GC(122) Concurrent update thread roots
[1142.847s][info][gc          ] GC(122) Concurrent update thread roots 1.375ms
[1142.847s][info][gc,start    ] GC(122) Pause Final Update Refs
[1142.847s][info][gc,task     ] GC(122) Using 4 of 4 workers for final reference update
[1142.847s][info][gc          ] GC(122) Pause Final Update Refs 0.094ms
[1142.847s][info][gc,start    ] GC(122) Concurrent cleanup
[1142.848s][info][gc          ] GC(122) Concurrent cleanup 6149M->989M(8192M) 0.072ms
[1142.848s][info][gc,ergo     ] Free: 6790M, Max: 4096K regular, 5076M humongous, Frag: 25% external, 0% internal; Reserve: 412M, Max: 4096K
[1142.848s][info][gc,stats    ] 
[1142.848s][info][gc,stats    ] All times are wall-clock times, except per-root-class counters, that are sum over
[1142.848s][info][gc,stats    ] all workers. Dividing the <total> over the root stage time estimates parallelism.
[1142.848s][info][gc,stats    ] 
[1142.848s][info][gc,stats    ] Concurrent Reset                  19783 us
[1142.848s][info][gc,stats    ] Pause Init Mark (G)                 164 us
[1142.848s][info][gc,stats    ] Pause Init Mark (N)                 133 us
[1142.848s][info][gc,stats    ]   Update Region States               64 us
[1142.848s][info][gc,stats    ] Concurrent Mark Roots              1362 us, parallelism: 1.74x
[1142.848s][info][gc,stats    ]   CMR: <total>                     2368 us
[1142.848s][info][gc,stats    ]   CMR: Thread Roots                2234 us, workers (us): 1065, 1169, ---, ---, 
[1142.848s][info][gc,stats    ]   CMR: VM Strong Roots               14 us, workers (us):  14,   0, ---, ---, 
[1142.848s][info][gc,stats    ]   CMR: CLDG Roots                   119 us, workers (us): 119, ---, ---, ---, 
[1142.848s][info][gc,stats    ] Concurrent Marking               261820 us
[1142.848s][info][gc,stats    ] Pause Final Mark (G)                366 us
[1142.848s][info][gc,stats    ] Pause Final Mark (N)                321 us
[1142.848s][info][gc,stats    ]   Finish Mark                        41 us
[1142.848s][info][gc,stats    ]   Update Region States               43 us
[1142.848s][info][gc,stats    ]   Choose Collection Set             156 us
[1142.848s][info][gc,stats    ]   Rebuild Free Set                   10 us
[1142.848s][info][gc,stats    ] Concurrent Thread Roots             985 us, parallelism: 1.83x
[1142.848s][info][gc,stats    ]   CTR: <total>                     1802 us
[1142.848s][info][gc,stats    ]   CTR: Thread Roots                1802 us, workers (us): 918, 884, ---, ---, 
[1142.848s][info][gc,stats    ] Concurrent Weak References          281 us, parallelism: 0.44x
[1142.848s][info][gc,stats    ]   CWRF: <total>                     123 us
[1142.848s][info][gc,stats    ]   CWRF: Weak References             123 us, workers (us): 120,   3, ---, ---, 
[1142.848s][info][gc,stats    ] Concurrent Weak Roots              2803 us
[1142.848s][info][gc,stats    ]   Roots                            2693 us, parallelism: 1.88x
[1142.848s][info][gc,stats    ]     CWR: <total>                   5062 us
[1142.848s][info][gc,stats    ]     CWR: Code Cache Roots          3473 us, workers (us): 1724, 1748, ---, ---, 
[1142.848s][info][gc,stats    ]     CWR: VM Weak Roots             1543 us, workers (us): 786, 757, ---, ---, 
[1142.848s][info][gc,stats    ]     CWR: CLDG Roots                  46 us, workers (us): ---,  46, ---, ---, 
[1142.848s][info][gc,stats    ]   Rendezvous                         64 us
[1142.848s][info][gc,stats    ] Concurrent Cleanup                   44 us
[1142.848s][info][gc,stats    ] Concurrent Class Unloading         6009 us
[1142.848s][info][gc,stats    ]   Unlink Stale                     5547 us
[1142.848s][info][gc,stats    ]     System Dictionary                29 us
[1142.848s][info][gc,stats    ]     Weak Class Links                  0 us
[1142.848s][info][gc,stats    ]     Code Roots                     5515 us
[1142.848s][info][gc,stats    ]   Rendezvous                         74 us
[1142.848s][info][gc,stats    ]   Purge Unlinked                    321 us
[1142.848s][info][gc,stats    ]     Code Roots                      314 us
[1142.848s][info][gc,stats    ]     CLDG                              6 us
[1142.848s][info][gc,stats    ]     Exception Caches                  0 us
[1142.848s][info][gc,stats    ] Concurrent Strong Roots             349 us, parallelism: 0.66x
[1142.848s][info][gc,stats    ]   CSR: <total>                      230 us
[1142.848s][info][gc,stats    ]   CSR: VM Strong Roots               11 us, workers (us):  10,   0, ---, ---, 
[1142.848s][info][gc,stats    ]   CSR: CLDG Roots                   219 us, workers (us): 219, ---, ---, ---, 
[1142.848s][info][gc,stats    ] Concurrent Evacuation             55885 us
[1142.848s][info][gc,stats    ] Pause Init Update Refs (G)          135 us
[1142.848s][info][gc,stats    ] Pause Init Update Refs (N)           56 us
[1142.848s][info][gc,stats    ]   Manage GCLABs                       6 us
[1142.848s][info][gc,stats    ] Concurrent Update Refs           170375 us
[1142.848s][info][gc,stats    ] Concurrent Update Thread Roots     1399 us
[1142.848s][info][gc,stats    ] Pause Final Update Refs (G)         181 us
[1142.848s][info][gc,stats    ] Pause Final Update Refs (N)         121 us
[1142.848s][info][gc,stats    ]   Update Region States               38 us
[1142.848s][info][gc,stats    ]   Trash Collection Set               12 us
[1142.848s][info][gc,stats    ]   Rebuild Free Set                   10 us
[1142.848s][info][gc,stats    ] Concurrent Cleanup                   86 us
[1142.848s][info][gc,stats    ] 
[1142.848s][info][gc,stats    ] Allocation pacing accrued:
[1142.848s][info][gc,stats    ]       0 of  9880 ms (  0.0%): <total>
[1142.848s][info][gc,stats    ]       0 of  9880 ms (  0.0%): <average total>
[1142.848s][info][gc,stats    ] 
[1142.848s][info][gc,metaspace] Metaspace: 135164K(136512K)->135164K(136512K) NonClass: 114230K(115008K)->114230K(115008K) Class: 20934K(21504K)->20934K(21504K)
[1142.848s][info][gc,ergo     ] Pacer for Idle. Initial: 163M, Alloc Tax Rate: 1.0x
[1151.230s][info][gc          ] Trigger: Free (815M) is below minimum threshold (819M)
[1151.230s][info][gc,ergo     ] Free: 815M, Max: 4096K regular, 572M humongous, Frag: 28% external, 1% internal; Reserve: 412M, Max: 4096K
[1151.230s][info][gc,start    ] GC(123) Concurrent reset
[1151.230s][info][gc,task     ] GC(123) Using 2 of 4 workers for concurrent reset
[1151.230s][info][gc,ergo     ] GC(123) Pacer for Reset. Non-Taxable: 8192M
[1151.252s][info][gc          ] GC(123) Concurrent reset 22.031ms
[1151.252s][info][gc,start    ] GC(123) Pause Init Mark (unload classes)
[1151.252s][info][gc,task     ] GC(123) Using 4 of 4 workers for init marking
[1151.252s][info][gc,ergo     ] GC(123) Pacer for Mark. Expected Live: 497M, Free: 803M, Non-Taxable: 82259K, Alloc Tax Rate: 0.8x
[1151.252s][info][gc          ] GC(123) Pause Init Mark (unload classes) 0.108ms
[1151.252s][info][gc,start    ] GC(123) Concurrent marking roots
[1151.252s][info][gc,task     ] GC(123) Using 2 of 4 workers for concurrent marking roots
[1151.253s][info][gc          ] GC(123) Concurrent marking roots 1.295ms
[1151.253s][info][gc,start    ] GC(123) Concurrent marking (unload classes)
[1151.253s][info][gc,task     ] GC(123) Using 2 of 4 workers for concurrent marking
[1151.493s][info][gc          ] GC(123) Concurrent marking (unload classes) 239.360ms
[1151.493s][info][gc,start    ] GC(123) Pause Final Mark (unload classes)
[1151.493s][info][gc,task     ] GC(123) Using 4 of 4 workers for final marking
[1151.493s][info][gc,ergo     ] GC(123) Adaptive CSet Selection. Target Free: 1160M, Actual Free: 3032M, Max CSet: 341M, Min Garbage: 0B
[1151.493s][info][gc,ergo     ] GC(123) Collectable Garbage: 6448M (99%), Immediate: 2000M (30%), CSet: 4448M (68%)
[1151.493s][info][gc,ergo     ] GC(123) Pacer for Evacuation. Used CSet: 4524M, Free: 2643M, Non-Taxable: 264M, Alloc Tax Rate: 4.2x
[1151.493s][info][gc          ] GC(123) Pause Final Mark (unload classes) 0.342ms
[1151.493s][info][gc,start    ] GC(123) Concurrent thread roots
[1151.493s][info][gc,task     ] GC(123) Using 2 of 4 workers for Concurrent thread roots
[1151.494s][info][gc          ] GC(123) Concurrent thread roots 0.824ms
[1151.494s][info][gc,start    ] GC(123) Concurrent weak references
[1151.494s][info][gc,task     ] GC(123) Using 2 of 4 workers for concurrent weak references
[1151.495s][info][gc,ref      ] GC(123) Encountered references: Soft: 6114, Weak: 23451, Final: 34, Phantom: 1045
[1151.495s][info][gc,ref      ] GC(123) Discovered  references: Soft: 0, Weak: 11617, Final: 33, Phantom: 904
[1151.495s][info][gc,ref      ] GC(123) Enqueued    references: Soft: 0, Weak: 3, Final: 0, Phantom: 0
[1151.495s][info][gc          ] GC(123) Concurrent weak references 0.538ms
[1151.495s][info][gc,start    ] GC(123) Concurrent weak roots
[1151.495s][info][gc,task     ] GC(123) Using 2 of 4 workers for concurrent weak root
[1151.497s][info][gc          ] GC(123) Concurrent weak roots 2.774ms
[1151.497s][info][gc,start    ] GC(123) Concurrent cleanup
[1151.497s][info][gc          ] GC(123) Concurrent cleanup 7144M->5144M(8192M) 0.042ms
[1151.497s][info][gc,ergo     ] GC(123) Free: 2635M, Max: 4096K regular, 572M humongous, Frag: 79% external, 0% internal; Reserve: 411M, Max: 4096K
[1151.497s][info][gc,start    ] GC(123) Concurrent class unloading
[1151.497s][info][gc,task     ] GC(123) Using 2 of 4 workers for concurrent class unloading
[1151.503s][info][gc          ] GC(123) Concurrent class unloading 5.190ms
[1151.503s][info][gc,start    ] GC(123) Concurrent strong roots
[1151.503s][info][gc,task     ] GC(123) Using 2 of 4 workers for concurrent strong root
[1151.503s][info][gc          ] GC(123) Concurrent strong roots 0.476ms
[1151.503s][info][gc,start    ] GC(123) Concurrent evacuation
[1151.503s][info][gc,task     ] GC(123) Using 2 of 4 workers for concurrent evacuation
[1151.540s][info][gc          ] GC(123) Concurrent evacuation 37.134ms
[1151.540s][info][gc,start    ] GC(123) Pause Init Update Refs
[1151.540s][info][gc,ergo     ] GC(123) Pacer for Update Refs. Used: 5240M, Free: 2619M, Non-Taxable: 261M, Alloc Tax Rate: 2.4x
[1151.540s][info][gc          ] GC(123) Pause Init Update Refs 0.060ms
[1151.541s][info][gc,start    ] GC(123) Concurrent update references
[1151.541s][info][gc,task     ] GC(123) Using 2 of 4 workers for concurrent reference update
[1151.688s][info][gc          ] GC(123) Concurrent update references 146.946ms
[1151.688s][info][gc,start    ] GC(123) Concurrent update thread roots
[1151.689s][info][gc          ] GC(123) Concurrent update thread roots 1.441ms
[1151.689s][info][gc,start    ] GC(123) Pause Final Update Refs
[1151.689s][info][gc,task     ] GC(123) Using 4 of 4 workers for final reference update
[1151.689s][info][gc          ] GC(123) Pause Final Update Refs 0.111ms
[1151.689s][info][gc,start    ] GC(123) Concurrent cleanup
[1151.689s][info][gc          ] GC(123) Concurrent cleanup 5312M->788M(8192M) 0.067ms
[1151.689s][info][gc,ergo     ] Free: 6991M, Max: 4096K regular, 5900M humongous, Frag: 16% external, 0% internal; Reserve: 412M, Max: 4096K
[1151.689s][info][gc,stats    ] 
[1151.689s][info][gc,stats    ] All times are wall-clock times, except per-root-class counters, that are sum over
[1151.689s][info][gc,stats    ] all workers. Dividing the <total> over the root stage time estimates parallelism.
[1151.689s][info][gc,stats    ] 
[1151.689s][info][gc,stats    ] Concurrent Reset                  22097 us
[1151.689s][info][gc,stats    ] Pause Init Mark (G)                 264 us
[1151.689s][info][gc,stats    ] Pause Init Mark (N)                 119 us
[1151.689s][info][gc,stats    ]   Update Region States               38 us
[1151.689s][info][gc,stats    ] Concurrent Mark Roots              1317 us, parallelism: 1.60x
[1151.689s][info][gc,stats    ]   CMR: <total>                     2105 us
[1151.689s][info][gc,stats    ]   CMR: Thread Roots                1923 us, workers (us): 1046, 877, ---, ---, 
[1151.689s][info][gc,stats    ]   CMR: VM Strong Roots               18 us, workers (us):  10,   9, ---, ---, 
[1151.689s][info][gc,stats    ]   CMR: CLDG Roots                   164 us, workers (us): ---, 164, ---, ---, 
[1151.689s][info][gc,stats    ] Concurrent Marking               239404 us
[1151.689s][info][gc,stats    ] Pause Final Mark (G)                437 us
[1151.690s][info][gc,stats    ] Pause Final Mark (N)                354 us
[1151.690s][info][gc,stats    ]   Finish Mark                        53 us
[1151.690s][info][gc,stats    ]   Update Region States               78 us
[1151.690s][info][gc,stats    ]   Choose Collection Set             143 us
[1151.690s][info][gc,stats    ]   Rebuild Free Set                   11 us
[1151.690s][info][gc,stats    ] Concurrent Thread Roots             846 us, parallelism: 1.77x
[1151.690s][info][gc,stats    ]   CTR: <total>                     1501 us
[1151.690s][info][gc,stats    ]   CTR: Thread Roots                1501 us, workers (us): 753, 748, ---, ---, 
[1151.690s][info][gc,stats    ] Concurrent Weak References          550 us, parallelism: 0.87x
[1151.690s][info][gc,stats    ]   CWRF: <total>                     479 us
[1151.690s][info][gc,stats    ]   CWRF: Weak References             479 us, workers (us):  46, 433, ---, ---, 
[1151.690s][info][gc,stats    ] Concurrent Weak Roots              2796 us
[1151.690s][info][gc,stats    ]   Roots                            2694 us, parallelism: 1.88x
[1151.690s][info][gc,stats    ]     CWR: <total>                   5060 us
[1151.690s][info][gc,stats    ]     CWR: Code Cache Roots          3464 us, workers (us): 1726, 1738, ---, ---, 
[1151.690s][info][gc,stats    ]     CWR: VM Weak Roots             1541 us, workers (us): 787, 754, ---, ---, 
[1151.690s][info][gc,stats    ]     CWR: CLDG Roots                  56 us, workers (us): ---,  56, ---, ---, 
[1151.690s][info][gc,stats    ]   Rendezvous                         58 us
[1151.690s][info][gc,stats    ] Concurrent Cleanup                   55 us
[1151.690s][info][gc,stats    ] Concurrent Class Unloading         5214 us
[1151.690s][info][gc,stats    ]   Unlink Stale                     4896 us
[1151.690s][info][gc,stats    ]     System Dictionary                37 us
[1151.690s][info][gc,stats    ]     Weak Class Links                  0 us
[1151.690s][info][gc,stats    ]     Code Roots                     4857 us
[1151.690s][info][gc,stats    ]   Rendezvous                        149 us
[1151.690s][info][gc,stats    ]   Purge Unlinked                    120 us
[1151.690s][info][gc,stats    ]     Code Roots                      115 us
[1151.690s][info][gc,stats    ]     CLDG                              5 us
[1151.690s][info][gc,stats    ]     Exception Caches                  0 us
[1151.690s][info][gc,stats    ] Concurrent Strong Roots             499 us, parallelism: 0.71x
[1151.690s][info][gc,stats    ]   CSR: <total>                      352 us
[1151.690s][info][gc,stats    ]   CSR: VM Strong Roots               11 us, workers (us):  11,   0, ---, ---, 
[1151.690s][info][gc,stats    ]   CSR: CLDG Roots                   341 us, workers (us): 341, ---, ---, ---, 
[1151.690s][info][gc,stats    ] Concurrent Evacuation             37195 us
[1151.690s][info][gc,stats    ] Pause Init Update Refs (G)          205 us
[1151.690s][info][gc,stats    ] Pause Init Update Refs (N)           78 us
[1151.690s][info][gc,stats    ]   Manage GCLABs                      13 us
[1151.690s][info][gc,stats    ] Concurrent Update Refs           147008 us
[1151.690s][info][gc,stats    ] Concurrent Update Thread Roots     1467 us
[1151.690s][info][gc,stats    ] Pause Final Update Refs (G)         189 us
[1151.690s][info][gc,stats    ] Pause Final Update Refs (N)         125 us
[1151.690s][info][gc,stats    ]   Update Region States               51 us
[1151.690s][info][gc,stats    ]   Trash Collection Set               14 us
[1151.690s][info][gc,stats    ]   Rebuild Free Set                   12 us
[1151.690s][info][gc,stats    ] Concurrent Cleanup                   83 us
[1151.690s][info][gc,stats    ] 
[1151.690s][info][gc,stats    ] Allocation pacing accrued:
[1151.690s][info][gc,stats    ]       0 of  8842 ms (  0.0%): <total>
[1151.690s][info][gc,stats    ]       0 of  8842 ms (  0.0%): <average total>
[1151.690s][info][gc,stats    ] 
[1151.690s][info][gc,metaspace] Metaspace: 135168K(136512K)->135168K(136512K) NonClass: 114234K(115008K)->114234K(115008K) Class: 20934K(21504K)->20934K(21504K)
[1151.690s][info][gc,ergo     ] Pacer for Idle. Initial: 163M, Alloc Tax Rate: 1.0x
[1162.794s][info][gc          ] Trigger: Free (815M) is below minimum threshold (819M)
[1162.794s][info][gc,ergo     ] Free: 815M, Max: 4096K regular, 612M humongous, Frag: 23% external, 0% internal; Reserve: 412M, Max: 4096K
[1162.794s][info][gc,start    ] GC(124) Concurrent reset
[1162.794s][info][gc,task     ] GC(124) Using 2 of 4 workers for concurrent reset
[1162.794s][info][gc,ergo     ] GC(124) Pacer for Reset. Non-Taxable: 8192M
[1162.811s][info][gc          ] GC(124) Concurrent reset 16.323ms
[1162.811s][info][gc,start    ] GC(124) Pause Init Mark (unload classes)
[1162.811s][info][gc,task     ] GC(124) Using 4 of 4 workers for init marking
[1162.811s][info][gc,ergo     ] GC(124) Pacer for Mark. Expected Live: 496M, Free: 807M, Non-Taxable: 82723K, Alloc Tax Rate: 0.8x
[1162.811s][info][gc          ] GC(124) Pause Init Mark (unload classes) 0.120ms
[1162.811s][info][gc,start    ] GC(124) Concurrent marking roots
[1162.811s][info][gc,task     ] GC(124) Using 2 of 4 workers for concurrent marking roots
[1162.812s][info][gc          ] GC(124) Concurrent marking roots 1.034ms
[1162.812s][info][gc,start    ] GC(124) Concurrent marking (unload classes)
[1162.812s][info][gc,task     ] GC(124) Using 2 of 4 workers for concurrent marking
[1163.058s][info][gc          ] GC(124) Concurrent marking (unload classes) 245.796ms
[1163.058s][info][gc,start    ] GC(124) Pause Final Mark (unload classes)
[1163.058s][info][gc,task     ] GC(124) Using 4 of 4 workers for final marking
[1163.058s][info][gc,ergo     ] GC(124) Adaptive CSet Selection. Target Free: 1160M, Actual Free: 2316M, Max CSet: 341M, Min Garbage: 0B
[1163.058s][info][gc,ergo     ] GC(124) Collectable Garbage: 6445M (99%), Immediate: 1316M (20%), CSet: 5129M (79%)
[1163.058s][info][gc,ergo     ] GC(124) Pacer for Evacuation. Used CSet: 5204M, Free: 1921M, Non-Taxable: 192M, Alloc Tax Rate: 6.6x
[1163.058s][info][gc          ] GC(124) Pause Final Mark (unload classes) 0.318ms
[1163.058s][info][gc,start    ] GC(124) Concurrent thread roots
[1163.058s][info][gc,task     ] GC(124) Using 2 of 4 workers for Concurrent thread roots
[1163.059s][info][gc          ] GC(124) Concurrent thread roots 0.965ms
[1163.059s][info][gc,start    ] GC(124) Concurrent weak references
[1163.059s][info][gc,task     ] GC(124) Using 2 of 4 workers for concurrent weak references
[1163.059s][info][gc,ref      ] GC(124) Encountered references: Soft: 6114, Weak: 23451, Final: 34, Phantom: 1048
[1163.059s][info][gc,ref      ] GC(124) Discovered  references: Soft: 0, Weak: 1760, Final: 0, Phantom: 740
[1163.059s][info][gc,ref      ] GC(124) Enqueued    references: Soft: 0, Weak: 2, Final: 0, Phantom: 0
[1163.059s][info][gc          ] GC(124) Concurrent weak references 0.222ms
[1163.059s][info][gc,start    ] GC(124) Concurrent weak roots
[1163.059s][info][gc,task     ] GC(124) Using 2 of 4 workers for concurrent weak root
[1163.063s][info][gc          ] GC(124) Concurrent weak roots 3.290ms
[1163.063s][info][gc,start    ] GC(124) Concurrent cleanup
[1163.063s][info][gc          ] GC(124) Concurrent cleanup 7183M->5867M(8192M) 0.037ms
[1163.063s][info][gc,ergo     ] GC(124) Free: 1913M, Max: 4096K regular, 584M humongous, Frag: 70% external, 0% internal; Reserve: 411M, Max: 4096K
[1163.063s][info][gc,start    ] GC(124) Concurrent class unloading
[1163.063s][info][gc,task     ] GC(124) Using 2 of 4 workers for concurrent class unloading
[1163.068s][info][gc          ] GC(124) Concurrent class unloading 5.336ms
[1163.068s][info][gc,start    ] GC(124) Concurrent strong roots
[1163.068s][info][gc,task     ] GC(124) Using 2 of 4 workers for concurrent strong root
[1163.068s][info][gc          ] GC(124) Concurrent strong roots 0.321ms
[1163.068s][info][gc,start    ] GC(124) Concurrent evacuation
[1163.068s][info][gc,task     ] GC(124) Using 2 of 4 workers for concurrent evacuation
[1163.110s][info][gc          ] GC(124) Concurrent evacuation 41.264ms
[1163.110s][info][gc,start    ] GC(124) Pause Init Update Refs
[1163.110s][info][gc,ergo     ] GC(124) Pacer for Update Refs. Used: 5986M, Free: 1873M, Non-Taxable: 187M, Alloc Tax Rate: 3.9x
[1163.110s][info][gc          ] GC(124) Pause Init Update Refs 0.045ms
[1163.110s][info][gc,start    ] GC(124) Concurrent update references
[1163.110s][info][gc,task     ] GC(124) Using 2 of 4 workers for concurrent reference update
[1163.258s][info][gc          ] GC(124) Concurrent update references 147.886ms
[1163.258s][info][gc,start    ] GC(124) Concurrent update thread roots
[1163.259s][info][gc          ] GC(124) Concurrent update thread roots 1.504ms
[1163.259s][info][gc,start    ] GC(124) Pause Final Update Refs
[1163.259s][info][gc,task     ] GC(124) Using 4 of 4 workers for final reference update
[1163.259s][info][gc          ] GC(124) Pause Final Update Refs 0.102ms
[1163.259s][info][gc,start    ] GC(124) Concurrent cleanup
[1163.259s][info][gc          ] GC(124) Concurrent cleanup 6042M->838M(8192M) 0.062ms
[1163.259s][info][gc,ergo     ] Free: 6941M, Max: 4096K regular, 5768M humongous, Frag: 17% external, 0% internal; Reserve: 412M, Max: 4096K
[1163.260s][info][gc,stats    ] 
[1163.260s][info][gc,stats    ] All times are wall-clock times, except per-root-class counters, that are sum over
[1163.260s][info][gc,stats    ] all workers. Dividing the <total> over the root stage time estimates parallelism.
[1163.260s][info][gc,stats    ] 
[1163.260s][info][gc,stats    ] Concurrent Reset                  16402 us
[1163.260s][info][gc,stats    ] Pause Init Mark (G)                 200 us
[1163.260s][info][gc,stats    ] Pause Init Mark (N)                 131 us
[1163.260s][info][gc,stats    ]   Update Region States               58 us
[1163.260s][info][gc,stats    ] Concurrent Mark Roots              1055 us, parallelism: 1.62x
[1163.260s][info][gc,stats    ]   CMR: <total>                     1710 us
[1163.260s][info][gc,stats    ]   CMR: Thread Roots                1582 us, workers (us): 740, 842, ---, ---, 
[1163.260s][info][gc,stats    ]   CMR: VM Strong Roots               13 us, workers (us):  13,   0, ---, ---, 
[1163.260s][info][gc,stats    ]   CMR: CLDG Roots                   115 us, workers (us): 115, ---, ---, ---, 
[1163.260s][info][gc,stats    ] Concurrent Marking               245843 us
[1163.260s][info][gc,stats    ] Pause Final Mark (G)                384 us
[1163.260s][info][gc,stats    ] Pause Final Mark (N)                329 us
[1163.260s][info][gc,stats    ]   Finish Mark                        49 us
[1163.260s][info][gc,stats    ]   Update Region States               39 us
[1163.260s][info][gc,stats    ]   Choose Collection Set             161 us
[1163.260s][info][gc,stats    ]   Rebuild Free Set                   10 us
[1163.260s][info][gc,stats    ] Concurrent Thread Roots             986 us, parallelism: 1.87x
[1163.260s][info][gc,stats    ]   CTR: <total>                     1841 us
[1163.260s][info][gc,stats    ]   CTR: Thread Roots                1841 us, workers (us): 920, 921, ---, ---, 
[1163.260s][info][gc,stats    ] Concurrent Weak References          233 us, parallelism: 0.81x
[1163.260s][info][gc,stats    ]   CWRF: <total>                     188 us
[1163.260s][info][gc,stats    ]   CWRF: Weak References             188 us, workers (us): 145,  43, ---, ---, 
[1163.260s][info][gc,stats    ] Concurrent Weak Roots              3316 us
[1163.260s][info][gc,stats    ]   Roots                            3175 us, parallelism: 1.91x
[1163.260s][info][gc,stats    ]     CWR: <total>                   6077 us
[1163.260s][info][gc,stats    ]     CWR: Code Cache Roots          4359 us, workers (us): 2141, 2218, ---, ---, 
[1163.260s][info][gc,stats    ]     CWR: VM Weak Roots             1586 us, workers (us): 811, 776, ---, ---, 
[1163.260s][info][gc,stats    ]     CWR: CLDG Roots                 131 us, workers (us): 131, ---, ---, ---, 
[1163.260s][info][gc,stats    ]   Rendezvous                         92 us
[1163.260s][info][gc,stats    ] Concurrent Cleanup                   50 us
[1163.260s][info][gc,stats    ] Concurrent Class Unloading         5364 us
[1163.260s][info][gc,stats    ]   Unlink Stale                     5004 us
[1163.260s][info][gc,stats    ]     System Dictionary                67 us
[1163.260s][info][gc,stats    ]     Weak Class Links                  0 us
[1163.260s][info][gc,stats    ]     Code Roots                     4935 us
[1163.260s][info][gc,stats    ]   Rendezvous                        186 us
[1163.260s][info][gc,stats    ]   Purge Unlinked                    123 us
[1163.260s][info][gc,stats    ]     Code Roots                      118 us
[1163.260s][info][gc,stats    ]     CLDG                              5 us
[1163.260s][info][gc,stats    ]     Exception Caches                  0 us
[1163.260s][info][gc,stats    ] Concurrent Strong Roots             342 us, parallelism: 0.59x
[1163.260s][info][gc,stats    ]   CSR: <total>                      203 us
[1163.260s][info][gc,stats    ]   CSR: VM Strong Roots               10 us, workers (us):   5,   6, ---, ---, 
[1163.260s][info][gc,stats    ]   CSR: CLDG Roots                   192 us, workers (us): 192, ---, ---, ---, 
[1163.260s][info][gc,stats    ] Concurrent Evacuation             41300 us
[1163.260s][info][gc,stats    ] Pause Init Update Refs (G)          111 us
[1163.260s][info][gc,stats    ] Pause Init Update Refs (N)           56 us
[1163.260s][info][gc,stats    ]   Manage GCLABs                       7 us
[1163.260s][info][gc,stats    ] Concurrent Update Refs           147932 us
[1163.260s][info][gc,stats    ] Concurrent Update Thread Roots     1529 us
[1163.260s][info][gc,stats    ] Pause Final Update Refs (G)         144 us
[1163.260s][info][gc,stats    ] Pause Final Update Refs (N)         117 us
[1163.260s][info][gc,stats    ]   Update Region States               37 us
[1163.260s][info][gc,stats    ]   Trash Collection Set               16 us
[1163.260s][info][gc,stats    ]   Rebuild Free Set                   10 us
[1163.260s][info][gc,stats    ] Concurrent Cleanup                   75 us
[1163.260s][info][gc,stats    ] 
[1163.260s][info][gc,stats    ] Allocation pacing accrued:
[1163.260s][info][gc,stats    ]       0 of 11570 ms (  0.0%): <total>
[1163.260s][info][gc,stats    ]       0 of 11570 ms (  0.0%): <average total>
[1163.260s][info][gc,stats    ] 
[1163.260s][info][gc,metaspace] Metaspace: 135169K(136512K)->135169K(136512K) NonClass: 114235K(115008K)->114235K(115008K) Class: 20934K(21504K)->20934K(21504K)
[1163.260s][info][gc,ergo     ] Pacer for Idle. Initial: 163M, Alloc Tax Rate: 1.0x
[1173.080s][info][gc          ] Trigger: Free (817M) is below minimum threshold (819M)
[1173.080s][info][gc,ergo     ] Free: 817M, Max: 4096K regular, 584M humongous, Frag: 28% external, 0% internal; Reserve: 412M, Max: 4096K
[1173.080s][info][gc,start    ] GC(125) Concurrent reset
[1173.080s][info][gc,task     ] GC(125) Using 2 of 4 workers for concurrent reset
[1173.080s][info][gc,ergo     ] GC(125) Pacer for Reset. Non-Taxable: 8192M
[1173.096s][info][gc          ] GC(125) Concurrent reset 16.087ms
[1173.096s][info][gc,start    ] GC(125) Pause Init Mark (unload classes)
[1173.096s][info][gc,task     ] GC(125) Using 4 of 4 workers for init marking
[1173.096s][info][gc,ergo     ] GC(125) Pacer for Mark. Expected Live: 493M, Free: 805M, Non-Taxable: 82474K, Alloc Tax Rate: 0.7x
[1173.096s][info][gc          ] GC(125) Pause Init Mark (unload classes) 0.167ms
[1173.096s][info][gc,start    ] GC(125) Concurrent marking roots
[1173.096s][info][gc,task     ] GC(125) Using 2 of 4 workers for concurrent marking roots
[1173.098s][info][gc          ] GC(125) Concurrent marking roots 1.464ms
[1173.098s][info][gc,start    ] GC(125) Concurrent marking (unload classes)
[1173.098s][info][gc,task     ] GC(125) Using 2 of 4 workers for concurrent marking
[1173.335s][info][gc          ] GC(125) Concurrent marking (unload classes) 237.247ms
[1173.335s][info][gc,start    ] GC(125) Pause Final Mark (unload classes)
[1173.335s][info][gc,task     ] GC(125) Using 4 of 4 workers for final marking
[1173.335s][info][gc,ergo     ] GC(125) Adaptive CSet Selection. Target Free: 1160M, Actual Free: 3044M, Max CSet: 341M, Min Garbage: 0B
[1173.335s][info][gc,ergo     ] GC(125) Collectable Garbage: 6439M (99%), Immediate: 1976M (30%), CSet: 4463M (68%)
[1173.335s][info][gc,ergo     ] GC(125) Pacer for Evacuation. Used CSet: 4548M, Free: 2649M, Non-Taxable: 264M, Alloc Tax Rate: 4.2x
[1173.335s][info][gc          ] GC(125) Pause Final Mark (unload classes) 0.338ms
[1173.335s][info][gc,start    ] GC(125) Concurrent thread roots
[1173.335s][info][gc,task     ] GC(125) Using 2 of 4 workers for Concurrent thread roots
[1173.336s][info][gc          ] GC(125) Concurrent thread roots 0.847ms
[1173.336s][info][gc,start    ] GC(125) Concurrent weak references
[1173.336s][info][gc,task     ] GC(125) Using 2 of 4 workers for concurrent weak references
[1173.336s][info][gc,ref      ] GC(125) Encountered references: Soft: 6114, Weak: 23454, Final: 34, Phantom: 1051
[1173.336s][info][gc,ref      ] GC(125) Discovered  references: Soft: 0, Weak: 2098, Final: 0, Phantom: 736
[1173.336s][info][gc,ref      ] GC(125) Enqueued    references: Soft: 0, Weak: 3, Final: 0, Phantom: 0
[1173.336s][info][gc          ] GC(125) Concurrent weak references 0.211ms
[1173.336s][info][gc,start    ] GC(125) Concurrent weak roots
[1173.336s][info][gc,task     ] GC(125) Using 2 of 4 workers for concurrent weak root
[1173.339s][info][gc          ] GC(125) Concurrent weak roots 2.976ms
[1173.339s][info][gc,start    ] GC(125) Concurrent cleanup
[1173.339s][info][gc          ] GC(125) Concurrent cleanup 7115M->5139M(8192M) 0.039ms
[1173.339s][info][gc,ergo     ] GC(125) Free: 2641M, Max: 4096K regular, 588M humongous, Frag: 78% external, 0% internal; Reserve: 411M, Max: 4096K
[1173.339s][info][gc,start    ] GC(125) Concurrent class unloading
[1173.339s][info][gc,task     ] GC(125) Using 2 of 4 workers for concurrent class unloading
[1173.345s][info][gc          ] GC(125) Concurrent class unloading 5.592ms
[1173.345s][info][gc,start    ] GC(125) Concurrent strong roots
[1173.345s][info][gc,task     ] GC(125) Using 2 of 4 workers for concurrent strong root
[1173.345s][info][gc          ] GC(125) Concurrent strong roots 0.311ms
[1173.345s][info][gc,start    ] GC(125) Concurrent evacuation
[1173.345s][info][gc,task     ] GC(125) Using 2 of 4 workers for concurrent evacuation
[1173.387s][info][gc          ] GC(125) Concurrent evacuation 42.030ms
[1173.387s][info][gc,start    ] GC(125) Pause Init Update Refs
[1173.387s][info][gc,ergo     ] GC(125) Pacer for Update Refs. Used: 5254M, Free: 2613M, Non-Taxable: 261M, Alloc Tax Rate: 2.5x
[1173.388s][info][gc          ] GC(125) Pause Init Update Refs 0.047ms
[1173.388s][info][gc,start    ] GC(125) Concurrent update references
[1173.388s][info][gc,task     ] GC(125) Using 2 of 4 workers for concurrent reference update
[1173.531s][info][gc          ] GC(125) Concurrent update references 143.755ms
[1173.531s][info][gc,start    ] GC(125) Concurrent update thread roots
[1173.533s][info][gc          ] GC(125) Concurrent update thread roots 1.465ms
[1173.533s][info][gc,start    ] GC(125) Pause Final Update Refs
[1173.533s][info][gc,task     ] GC(125) Using 4 of 4 workers for final reference update
[1173.533s][info][gc          ] GC(125) Pause Final Update Refs 0.088ms
[1173.533s][info][gc,start    ] GC(125) Concurrent cleanup
[1173.533s][info][gc          ] GC(125) Concurrent cleanup 5338M->790M(8192M) 0.057ms
[1173.533s][info][gc,ergo     ] Free: 6989M, Max: 4096K regular, 5728M humongous, Frag: 18% external, 0% internal; Reserve: 412M, Max: 4096K
[1173.533s][info][gc,stats    ] 
[1173.533s][info][gc,stats    ] All times are wall-clock times, except per-root-class counters, that are sum over
[1173.533s][info][gc,stats    ] all workers. Dividing the <total> over the root stage time estimates parallelism.
[1173.533s][info][gc,stats    ] 
[1173.533s][info][gc,stats    ] Concurrent Reset                  16151 us
[1173.533s][info][gc,stats    ] Pause Init Mark (G)                 275 us
[1173.533s][info][gc,stats    ] Pause Init Mark (N)                 179 us
[1173.533s][info][gc,stats    ]   Update Region States               96 us
[1173.533s][info][gc,stats    ] Concurrent Mark Roots              1485 us, parallelism: 1.72x
[1173.533s][info][gc,stats    ]   CMR: <total>                     2551 us
[1173.533s][info][gc,stats    ]   CMR: Thread Roots                2405 us, workers (us): 1270, 1135, ---, ---, 
[1173.533s][info][gc,stats    ]   CMR: VM Strong Roots               13 us, workers (us):  13,   0, ---, ---, 
[1173.533s][info][gc,stats    ]   CMR: CLDG Roots                   133 us, workers (us): ---, 133, ---, ---, 
[1173.533s][info][gc,stats    ] Concurrent Marking               237305 us
[1173.533s][info][gc,stats    ] Pause Final Mark (G)                377 us
[1173.533s][info][gc,stats    ] Pause Final Mark (N)                349 us
[1173.533s][info][gc,stats    ]   Finish Mark                        56 us
[1173.533s][info][gc,stats    ]   Update Region States               69 us
[1173.533s][info][gc,stats    ]   Choose Collection Set             143 us
[1173.533s][info][gc,stats    ]   Rebuild Free Set                   10 us
[1173.533s][info][gc,stats    ] Concurrent Thread Roots             859 us, parallelism: 1.81x
[1173.533s][info][gc,stats    ]   CTR: <total>                     1551 us
[1173.533s][info][gc,stats    ]   CTR: Thread Roots                1551 us, workers (us): 783, 769, ---, ---, 
[1173.533s][info][gc,stats    ] Concurrent Weak References          222 us, parallelism: 0.53x
[1173.533s][info][gc,stats    ]   CWRF: <total>                     118 us
[1173.533s][info][gc,stats    ]   CWRF: Weak References             118 us, workers (us):   2, 115, ---, ---, 
[1173.533s][info][gc,stats    ] Concurrent Weak Roots              2995 us
[1173.533s][info][gc,stats    ]   Roots                            2863 us, parallelism: 1.92x
[1173.533s][info][gc,stats    ]     CWR: <total>                   5495 us
[1173.533s][info][gc,stats    ]     CWR: Code Cache Roots          3826 us, workers (us): 1896, 1930, ---, ---, 
[1173.533s][info][gc,stats    ]     CWR: VM Weak Roots             1592 us, workers (us): 805, 787, ---, ---, 
[1173.533s][info][gc,stats    ]     CWR: CLDG Roots                  76 us, workers (us):  76, ---, ---, ---, 
[1173.533s][info][gc,stats    ]   Rendezvous                         93 us
[1173.533s][info][gc,stats    ] Concurrent Cleanup                   51 us
[1173.533s][info][gc,stats    ] Concurrent Class Unloading         5624 us
[1173.533s][info][gc,stats    ]   Unlink Stale                     5305 us
[1173.533s][info][gc,stats    ]     System Dictionary                55 us
[1173.533s][info][gc,stats    ]     Code Roots                     5248 us
[1173.533s][info][gc,stats    ]   Rendezvous                         99 us
[1173.533s][info][gc,stats    ]   Purge Unlinked                    158 us
[1173.533s][info][gc,stats    ]     Code Roots                      154 us
[1173.533s][info][gc,stats    ]     CLDG                              4 us
[1173.534s][info][gc,stats    ] Concurrent Strong Roots             325 us, parallelism: 0.67x
[1173.534s][info][gc,stats    ]   CSR: <total>                      219 us
[1173.534s][info][gc,stats    ]   CSR: VM Strong Roots               10 us, workers (us):  10,   0, ---, ---, 
[1173.534s][info][gc,stats    ]   CSR: CLDG Roots                   209 us, workers (us): 209, ---, ---, ---, 
[1173.534s][info][gc,stats    ] Concurrent Evacuation             42063 us
[1173.534s][info][gc,stats    ] Pause Init Update Refs (G)          121 us
[1173.534s][info][gc,stats    ] Pause Init Update Refs (N)           58 us
[1173.534s][info][gc,stats    ]   Manage GCLABs                       7 us
[1173.534s][info][gc,stats    ] Concurrent Update Refs           143796 us
[1173.534s][info][gc,stats    ] Concurrent Update Thread Roots     1482 us
[1173.534s][info][gc,stats    ] Pause Final Update Refs (G)         135 us
[1173.534s][info][gc,stats    ] Pause Final Update Refs (N)         114 us
[1173.534s][info][gc,stats    ]   Update Region States               26 us
[1173.534s][info][gc,stats    ]   Trash Collection Set               13 us
[1173.534s][info][gc,stats    ]   Rebuild Free Set                   10 us
[1173.534s][info][gc,stats    ] Concurrent Cleanup                   70 us
[1173.534s][info][gc,stats    ] 
[1173.534s][info][gc,stats    ] Allocation pacing accrued:
[1173.534s][info][gc,stats    ]       0 of 10274 ms (  0.0%): <total>
[1173.534s][info][gc,stats    ]       0 of 10274 ms (  0.0%): <average total>
[1173.534s][info][gc,stats    ] 
[1173.534s][info][gc,metaspace] Metaspace: 135170K(136512K)->135170K(136512K) NonClass: 114236K(115008K)->114236K(115008K) Class: 20934K(21504K)->20934K(21504K)
[1173.534s][info][gc,ergo     ] Pacer for Idle. Initial: 163M, Alloc Tax Rate: 1.0x
[1182.838s][info][gc          ] Trigger: Free (817M) is below minimum threshold (819M)
[1182.839s][info][gc,ergo     ] Free: 817M, Max: 4096K regular, 724M humongous, Frag: 10% external, 0% internal; Reserve: 412M, Max: 4096K
[1182.839s][info][gc,start    ] GC(126) Concurrent reset
[1182.839s][info][gc,task     ] GC(126) Using 2 of 4 workers for concurrent reset
[1182.839s][info][gc,ergo     ] GC(126) Pacer for Reset. Non-Taxable: 8192M
[1182.853s][info][gc          ] GC(126) Concurrent reset 14.658ms
[1182.853s][info][gc,start    ] GC(126) Pause Init Mark (unload classes)
[1182.853s][info][gc,task     ] GC(126) Using 4 of 4 workers for init marking
[1182.853s][info][gc,ergo     ] GC(126) Pacer for Mark. Expected Live: 495M, Free: 805M, Non-Taxable: 82445K, Alloc Tax Rate: 0.8x
[1182.853s][info][gc          ] GC(126) Pause Init Mark (unload classes) 0.110ms
[1182.854s][info][gc,start    ] GC(126) Concurrent marking roots
[1182.854s][info][gc,task     ] GC(126) Using 2 of 4 workers for concurrent marking roots
[1182.855s][info][gc          ] GC(126) Concurrent marking roots 1.121ms
[1182.855s][info][gc,start    ] GC(126) Concurrent marking (unload classes)
[1182.855s][info][gc,task     ] GC(126) Using 2 of 4 workers for concurrent marking
[1183.085s][info][gc          ] GC(126) Concurrent marking (unload classes) 230.567ms
[1183.085s][info][gc,start    ] GC(126) Pause Final Mark (unload classes)
[1183.085s][info][gc,task     ] GC(126) Using 4 of 4 workers for final marking
[1183.086s][info][gc,ergo     ] GC(126) Adaptive CSet Selection. Target Free: 1160M, Actual Free: 2680M, Max CSet: 341M, Min Garbage: 0B
[1183.086s][info][gc,ergo     ] GC(126) Collectable Garbage: 6458M (99%), Immediate: 1648M (25%), CSet: 4810M (74%)
[1183.086s][info][gc,ergo     ] GC(126) Pacer for Evacuation. Used CSet: 4876M, Free: 2277M, Non-Taxable: 227M, Alloc Tax Rate: 5.2x
[1183.086s][info][gc          ] GC(126) Pause Final Mark (unload classes) 0.369ms
[1183.086s][info][gc,start    ] GC(126) Concurrent thread roots
[1183.086s][info][gc,task     ] GC(126) Using 2 of 4 workers for Concurrent thread roots
[1183.087s][info][gc          ] GC(126) Concurrent thread roots 0.919ms
[1183.087s][info][gc,start    ] GC(126) Concurrent weak references
[1183.087s][info][gc,task     ] GC(126) Using 2 of 4 workers for concurrent weak references
[1183.087s][info][gc,ref      ] GC(126) Encountered references: Soft: 6114, Weak: 23453, Final: 34, Phantom: 1054
[1183.087s][info][gc,ref      ] GC(126) Discovered  references: Soft: 0, Weak: 6467, Final: 0, Phantom: 738
[1183.087s][info][gc,ref      ] GC(126) Enqueued    references: Soft: 0, Weak: 2, Final: 0, Phantom: 0
[1183.087s][info][gc          ] GC(126) Concurrent weak references 0.391ms
[1183.087s][info][gc,start    ] GC(126) Concurrent weak roots
[1183.087s][info][gc,task     ] GC(126) Using 2 of 4 workers for concurrent weak root
[1183.090s][info][gc          ] GC(126) Concurrent weak roots 2.861ms
[1183.090s][info][gc,start    ] GC(126) Concurrent cleanup
[1183.090s][info][gc          ] GC(126) Concurrent cleanup 7158M->5510M(8192M) 0.035ms
[1183.090s][info][gc,ergo     ] GC(126) Free: 2269M, Max: 4096K regular, 608M humongous, Frag: 74% external, 0% internal; Reserve: 411M, Max: 4096K
[1183.090s][info][gc,start    ] GC(126) Concurrent class unloading
[1183.090s][info][gc,task     ] GC(126) Using 2 of 4 workers for concurrent class unloading
[1183.095s][info][gc          ] GC(126) Concurrent class unloading 5.375ms
[1183.095s][info][gc,start    ] GC(126) Concurrent strong roots
[1183.095s][info][gc,task     ] GC(126) Using 2 of 4 workers for concurrent strong root
[1183.096s][info][gc          ] GC(126) Concurrent strong roots 0.361ms
[1183.096s][info][gc,start    ] GC(126) Concurrent evacuation
[1183.096s][info][gc,task     ] GC(126) Using 2 of 4 workers for concurrent evacuation
[1183.133s][info][gc          ] GC(126) Concurrent evacuation 37.298ms
[1183.133s][info][gc,start    ] GC(126) Pause Init Update Refs
[1183.133s][info][gc,ergo     ] GC(126) Pacer for Update Refs. Used: 5607M, Free: 2240M, Non-Taxable: 224M, Alloc Tax Rate: 3.1x
[1183.133s][info][gc          ] GC(126) Pause Init Update Refs 0.048ms
[1183.133s][info][gc,start    ] GC(126) Concurrent update references
[1183.133s][info][gc,task     ] GC(126) Using 2 of 4 workers for concurrent reference update
[1183.283s][info][gc          ] GC(126) Concurrent update references 150.018ms
[1183.283s][info][gc,start    ] GC(126) Concurrent update thread roots
[1183.285s][info][gc          ] GC(126) Concurrent update thread roots 1.401ms
[1183.285s][info][gc,start    ] GC(126) Pause Final Update Refs
[1183.285s][info][gc,task     ] GC(126) Using 4 of 4 workers for final reference update
[1183.285s][info][gc          ] GC(126) Pause Final Update Refs 0.096ms
[1183.285s][info][gc,start    ] GC(126) Concurrent cleanup
[1183.285s][info][gc          ] GC(126) Concurrent cleanup 5683M->807M(8192M) 0.069ms
[1183.285s][info][gc,ergo     ] Free: 6972M, Max: 4096K regular, 5832M humongous, Frag: 17% external, 0% internal; Reserve: 412M, Max: 4096K
[1183.285s][info][gc,stats    ] 
[1183.285s][info][gc,stats    ] All times are wall-clock times, except per-root-class counters, that are sum over
[1183.285s][info][gc,stats    ] all workers. Dividing the <total> over the root stage time estimates parallelism.
[1183.285s][info][gc,stats    ] 
[1183.285s][info][gc,stats    ] Concurrent Reset                  14745 us
[1183.285s][info][gc,stats    ] Pause Init Mark (G)                 218 us
[1183.285s][info][gc,stats    ] Pause Init Mark (N)                 122 us
[1183.285s][info][gc,stats    ]   Update Region States               43 us
[1183.285s][info][gc,stats    ] Concurrent Mark Roots              1143 us, parallelism: 1.66x
[1183.285s][info][gc,stats    ]   CMR: <total>                     1895 us
[1183.285s][info][gc,stats    ]   CMR: Thread Roots                1753 us, workers (us): 821, 932, ---, ---, 
[1183.285s][info][gc,stats    ]   CMR: VM Strong Roots               15 us, workers (us):  14,   0, ---, ---, 
[1183.285s][info][gc,stats    ]   CMR: CLDG Roots                   128 us, workers (us): 128, ---, ---, ---, 
[1183.285s][info][gc,stats    ] Concurrent Marking               230619 us
[1183.285s][info][gc,stats    ] Pause Final Mark (G)                413 us
[1183.285s][info][gc,stats    ] Pause Final Mark (N)                380 us
[1183.285s][info][gc,stats    ]   Finish Mark                        54 us
[1183.285s][info][gc,stats    ]   Update Region States               69 us
[1183.285s][info][gc,stats    ]   Choose Collection Set             172 us
[1183.285s][info][gc,stats    ]   Rebuild Free Set                   11 us
[1183.285s][info][gc,stats    ] Concurrent Thread Roots             941 us, parallelism: 1.82x
[1183.285s][info][gc,stats    ]   CTR: <total>                     1712 us
[1183.285s][info][gc,stats    ]   CTR: Thread Roots                1712 us, workers (us): 865, 847, ---, ---, 
[1183.285s][info][gc,stats    ] Concurrent Weak References          402 us, parallelism: 0.88x
[1183.285s][info][gc,stats    ]   CWRF: <total>                     354 us
[1183.285s][info][gc,stats    ]   CWRF: Weak References             354 us, workers (us):  61, 293, ---, ---, 
[1183.285s][info][gc,stats    ] Concurrent Weak Roots              2875 us
[1183.285s][info][gc,stats    ]   Roots                            2763 us, parallelism: 1.92x
[1183.285s][info][gc,stats    ]     CWR: <total>                   5303 us
[1183.285s][info][gc,stats    ]     CWR: Code Cache Roots          3695 us, workers (us): 1812, 1883, ---, ---, 
[1183.285s][info][gc,stats    ]     CWR: VM Weak Roots             1558 us, workers (us): 792, 765, ---, ---, 
[1183.285s][info][gc,stats    ]     CWR: CLDG Roots                  50 us, workers (us):  50, ---, ---, ---, 
[1183.285s][info][gc,stats    ]   Rendezvous                         77 us
[1183.285s][info][gc,stats    ] Concurrent Cleanup                   47 us
[1183.285s][info][gc,stats    ] Concurrent Class Unloading         5401 us
[1183.285s][info][gc,stats    ]   Unlink Stale                     5229 us
[1183.285s][info][gc,stats    ]     System Dictionary                35 us
[1183.285s][info][gc,stats    ]     Weak Class Links                  0 us
[1183.285s][info][gc,stats    ]     Code Roots                     5193 us
[1183.285s][info][gc,stats    ]   Rendezvous                         65 us
[1183.285s][info][gc,stats    ]   Purge Unlinked                     59 us
[1183.285s][info][gc,stats    ]     Code Roots                       56 us
[1183.286s][info][gc,stats    ]     CLDG                              3 us
[1183.286s][info][gc,stats    ] Concurrent Strong Roots             384 us, parallelism: 0.64x
[1183.286s][info][gc,stats    ]   CSR: <total>                      244 us
[1183.286s][info][gc,stats    ]   CSR: VM Strong Roots               12 us, workers (us):  12,   0, ---, ---, 
[1183.286s][info][gc,stats    ]   CSR: CLDG Roots                   232 us, workers (us): 232, ---, ---, ---, 
[1183.286s][info][gc,stats    ] Concurrent Evacuation             37358 us
[1183.286s][info][gc,stats    ] Pause Init Update Refs (G)          123 us
[1183.286s][info][gc,stats    ] Pause Init Update Refs (N)           59 us
[1183.286s][info][gc,stats    ]   Manage GCLABs                       6 us
[1183.286s][info][gc,stats    ] Concurrent Update Refs           150064 us
[1183.286s][info][gc,stats    ] Concurrent Update Thread Roots     1423 us
[1183.286s][info][gc,stats    ] Pause Final Update Refs (G)         200 us
[1183.286s][info][gc,stats    ] Pause Final Update Refs (N)         122 us
[1183.286s][info][gc,stats    ]   Update Region States               31 us
[1183.286s][info][gc,stats    ]   Trash Collection Set               15 us
[1183.286s][info][gc,stats    ]   Rebuild Free Set                   11 us
[1183.286s][info][gc,stats    ] Concurrent Cleanup                   83 us
[1183.286s][info][gc,stats    ] 
[1183.286s][info][gc,stats    ] Allocation pacing accrued:
[1183.286s][info][gc,stats    ]       0 of  9752 ms (  0.0%): <total>
[1183.286s][info][gc,stats    ]       0 of  9752 ms (  0.0%): <average total>
[1183.286s][info][gc,stats    ] 
[1183.286s][info][gc,metaspace] Metaspace: 135170K(136512K)->135170K(136512K) NonClass: 114236K(115008K)->114236K(115008K) Class: 20934K(21504K)->20934K(21504K)
[1183.286s][info][gc,ergo     ] Pacer for Idle. Initial: 163M, Alloc Tax Rate: 1.0x
[1191.170s][info][gc          ] Trigger: Free (817M) is below minimum threshold (819M)
[1191.170s][info][gc,ergo     ] Free: 817M, Max: 4096K regular, 628M humongous, Frag: 22% external, 0% internal; Reserve: 412M, Max: 4096K
[1191.170s][info][gc,start    ] GC(127) Concurrent reset
[1191.170s][info][gc,task     ] GC(127) Using 2 of 4 workers for concurrent reset
[1191.170s][info][gc,ergo     ] GC(127) Pacer for Reset. Non-Taxable: 8192M
[1191.182s][info][gc          ] GC(127) Concurrent reset 12.067ms
[1191.182s][info][gc,start    ] GC(127) Pause Init Mark (unload classes)
[1191.182s][info][gc,task     ] GC(127) Using 4 of 4 workers for init marking
[1191.182s][info][gc,ergo     ] GC(127) Pacer for Mark. Expected Live: 493M, Free: 817M, Non-Taxable: 83676K, Alloc Tax Rate: 0.7x
[1191.182s][info][gc          ] GC(127) Pause Init Mark (unload classes) 0.113ms
[1191.182s][info][gc,start    ] GC(127) Concurrent marking roots
[1191.182s][info][gc,task     ] GC(127) Using 2 of 4 workers for concurrent marking roots
[1191.183s][info][gc          ] GC(127) Concurrent marking roots 1.151ms
[1191.183s][info][gc,start    ] GC(127) Concurrent marking (unload classes)
[1191.183s][info][gc,task     ] GC(127) Using 2 of 4 workers for concurrent marking
[1191.429s][info][gc          ] GC(127) Concurrent marking (unload classes) 245.776ms
[1191.429s][info][gc,start    ] GC(127) Pause Final Mark (unload classes)
[1191.429s][info][gc,task     ] GC(127) Using 4 of 4 workers for final marking
[1191.429s][info][gc,ergo     ] GC(127) Adaptive CSet Selection. Target Free: 1160M, Actual Free: 2768M, Max CSet: 341M, Min Garbage: 0B
[1191.429s][info][gc,ergo     ] GC(127) Collectable Garbage: 6414M (99%), Immediate: 1700M (26%), CSet: 4714M (73%)
[1191.429s][info][gc,ergo     ] GC(127) Pacer for Evacuation. Used CSet: 4816M, Free: 2369M, Non-Taxable: 236M, Alloc Tax Rate: 5.0x
[1191.429s][info][gc          ] GC(127) Pause Final Mark (unload classes) 0.304ms
[1191.429s][info][gc,start    ] GC(127) Concurrent thread roots
[1191.429s][info][gc,task     ] GC(127) Using 2 of 4 workers for Concurrent thread roots
[1191.430s][info][gc          ] GC(127) Concurrent thread roots 0.915ms
[1191.430s][info][gc,start    ] GC(127) Concurrent weak references
[1191.430s][info][gc,task     ] GC(127) Using 2 of 4 workers for concurrent weak references
[1191.431s][info][gc,ref      ] GC(127) Encountered references: Soft: 6114, Weak: 23454, Final: 34, Phantom: 1057
[1191.431s][info][gc,ref      ] GC(127) Discovered  references: Soft: 0, Weak: 6895, Final: 0, Phantom: 746
[1191.431s][info][gc,ref      ] GC(127) Enqueued    references: Soft: 0, Weak: 1, Final: 0, Phantom: 0
[1191.431s][info][gc          ] GC(127) Concurrent weak references 0.392ms
[1191.431s][info][gc,start    ] GC(127) Concurrent weak roots
[1191.431s][info][gc,task     ] GC(127) Using 2 of 4 workers for concurrent weak root
[1191.433s][info][gc          ] GC(127) Concurrent weak roots 2.726ms
[1191.433s][info][gc,start    ] GC(127) Concurrent cleanup
[1191.433s][info][gc          ] GC(127) Concurrent cleanup 7119M->5419M(8192M) 0.038ms
[1191.434s][info][gc,ergo     ] GC(127) Free: 2360M, Max: 4096K regular, 628M humongous, Frag: 74% external, 0% internal; Reserve: 411M, Max: 4096K
[1191.434s][info][gc,start    ] GC(127) Concurrent class unloading
[1191.434s][info][gc,task     ] GC(127) Using 2 of 4 workers for concurrent class unloading
[1191.438s][info][gc          ] GC(127) Concurrent class unloading 4.922ms
[1191.438s][info][gc,start    ] GC(127) Concurrent strong roots
[1191.438s][info][gc,task     ] GC(127) Using 2 of 4 workers for concurrent strong root
[1191.439s][info][gc          ] GC(127) Concurrent strong roots 0.292ms
[1191.439s][info][gc,start    ] GC(127) Concurrent evacuation
[1191.439s][info][gc,task     ] GC(127) Using 2 of 4 workers for concurrent evacuation
[1191.490s][info][gc          ] GC(127) Concurrent evacuation 51.136ms
[1191.490s][info][gc,start    ] GC(127) Pause Init Update Refs
[1191.490s][info][gc,ergo     ] GC(127) Pacer for Update Refs. Used: 5555M, Free: 2332M, Non-Taxable: 233M, Alloc Tax Rate: 2.9x
[1191.490s][info][gc          ] GC(127) Pause Init Update Refs 0.046ms
[1191.490s][info][gc,start    ] GC(127) Concurrent update references
[1191.490s][info][gc,task     ] GC(127) Using 2 of 4 workers for concurrent reference update
[1191.656s][info][gc          ] GC(127) Concurrent update references 166.319ms
[1191.656s][info][gc,start    ] GC(127) Concurrent update thread roots
[1191.658s][info][gc          ] GC(127) Concurrent update thread roots 1.479ms
[1191.658s][info][gc,start    ] GC(127) Pause Final Update Refs
[1191.658s][info][gc,task     ] GC(127) Using 4 of 4 workers for final reference update
[1191.658s][info][gc          ] GC(127) Pause Final Update Refs 0.147ms
[1191.658s][info][gc,start    ] GC(127) Concurrent cleanup
[1191.658s][info][gc          ] GC(127) Concurrent cleanup 5643M->827M(8192M) 0.064ms
[1191.658s][info][gc,ergo     ] Free: 6952M, Max: 4096K regular, 5756M humongous, Frag: 17% external, 0% internal; Reserve: 412M, Max: 4096K
[1191.658s][info][gc,stats    ] 
[1191.658s][info][gc,stats    ] All times are wall-clock times, except per-root-class counters, that are sum over
[1191.658s][info][gc,stats    ] all workers. Dividing the <total> over the root stage time estimates parallelism.
[1191.658s][info][gc,stats    ] 
[1191.658s][info][gc,stats    ] Concurrent Reset                  12123 us
[1191.658s][info][gc,stats    ] Pause Init Mark (G)                 203 us
[1191.658s][info][gc,stats    ] Pause Init Mark (N)                 124 us
[1191.658s][info][gc,stats    ]   Update Region States               53 us
[1191.658s][info][gc,stats    ] Concurrent Mark Roots              1176 us, parallelism: 1.65x
[1191.658s][info][gc,stats    ]   CMR: <total>                     1944 us
[1191.658s][info][gc,stats    ]   CMR: Thread Roots                1809 us, workers (us): 850, 959, ---, ---, 
[1191.658s][info][gc,stats    ]   CMR: VM Strong Roots               12 us, workers (us):  12,   0, ---, ---, 
[1191.658s][info][gc,stats    ]   CMR: CLDG Roots                   123 us, workers (us): 123, ---, ---, ---, 
[1191.658s][info][gc,stats    ] Concurrent Marking               245826 us
[1191.658s][info][gc,stats    ] Pause Final Mark (G)                361 us
[1191.658s][info][gc,stats    ] Pause Final Mark (N)                315 us
[1191.658s][info][gc,stats    ]   Finish Mark                        57 us
[1191.658s][info][gc,stats    ]   Update Region States               43 us
[1191.658s][info][gc,stats    ]   Choose Collection Set             134 us
[1191.658s][info][gc,stats    ]   Rebuild Free Set                   10 us
[1191.658s][info][gc,stats    ] Concurrent Thread Roots             937 us, parallelism: 1.83x
[1191.658s][info][gc,stats    ]   CTR: <total>                     1716 us
[1191.659s][info][gc,stats    ]   CTR: Thread Roots                1716 us, workers (us): 873, 844, ---, ---, 
[1191.659s][info][gc,stats    ] Concurrent Weak References          405 us, parallelism: 0.73x
[1191.659s][info][gc,stats    ]   CWRF: <total>                     298 us
[1191.659s][info][gc,stats    ]   CWRF: Weak References             298 us, workers (us):  58, 240, ---, ---, 
[1191.659s][info][gc,stats    ] Concurrent Weak Roots              2749 us
[1191.659s][info][gc,stats    ]   Roots                            2647 us, parallelism: 1.89x
[1191.659s][info][gc,stats    ]     CWR: <total>                   5002 us
[1191.659s][info][gc,stats    ]     CWR: Code Cache Roots          3462 us, workers (us): 1739, 1723, ---, ---, 
[1191.659s][info][gc,stats    ]     CWR: VM Weak Roots             1488 us, workers (us): 758, 729, ---, ---, 
[1191.659s][info][gc,stats    ]     CWR: CLDG Roots                  52 us, workers (us): ---,  52, ---, ---, 
[1191.659s][info][gc,stats    ]   Rendezvous                         57 us
[1191.659s][info][gc,stats    ] Concurrent Cleanup                   52 us
[1191.659s][info][gc,stats    ] Concurrent Class Unloading         4955 us
[1191.659s][info][gc,stats    ]   Unlink Stale                     4798 us
[1191.659s][info][gc,stats    ]     System Dictionary                35 us
[1191.659s][info][gc,stats    ]     Weak Class Links                  0 us
[1191.659s][info][gc,stats    ]     Code Roots                     4762 us
[1191.659s][info][gc,stats    ]   Rendezvous                         98 us
[1191.659s][info][gc,stats    ]   Purge Unlinked                      4 us
[1191.659s][info][gc,stats    ]     Code Roots                        2 us
[1191.659s][info][gc,stats    ]     CLDG                              2 us
[1191.659s][info][gc,stats    ]     Exception Caches                  0 us
[1191.659s][info][gc,stats    ] Concurrent Strong Roots             314 us, parallelism: 0.65x
[1191.659s][info][gc,stats    ]   CSR: <total>                      204 us
[1191.659s][info][gc,stats    ]   CSR: VM Strong Roots               10 us, workers (us):  10,   0, ---, ---, 
[1191.659s][info][gc,stats    ]   CSR: CLDG Roots                   194 us, workers (us): 194, ---, ---, ---, 
[1191.659s][info][gc,stats    ] Concurrent Evacuation             51197 us
[1191.659s][info][gc,stats    ] Pause Init Update Refs (G)          104 us
[1191.659s][info][gc,stats    ] Pause Init Update Refs (N)           57 us
[1191.659s][info][gc,stats    ]   Manage GCLABs                       6 us
[1191.659s][info][gc,stats    ] Concurrent Update Refs           166362 us
[1191.659s][info][gc,stats    ] Concurrent Update Thread Roots     1505 us
[1191.659s][info][gc,stats    ] Pause Final Update Refs (G)         203 us
[1191.659s][info][gc,stats    ] Pause Final Update Refs (N)         171 us
[1191.659s][info][gc,stats    ]   Update Region States               83 us
[1191.659s][info][gc,stats    ]   Trash Collection Set               15 us
[1191.659s][info][gc,stats    ]   Rebuild Free Set                   12 us
[1191.659s][info][gc,stats    ] Concurrent Cleanup                   78 us
[1191.659s][info][gc,stats    ] 
[1191.659s][info][gc,stats    ] Allocation pacing accrued:
[1191.659s][info][gc,stats    ]       0 of  8373 ms (  0.0%): <total>
[1191.659s][info][gc,stats    ]       0 of  8373 ms (  0.0%): <average total>
[1191.659s][info][gc,stats    ] 
[1191.659s][info][gc,metaspace] Metaspace: 135175K(136512K)->135175K(136512K) NonClass: 114240K(115008K)->114240K(115008K) Class: 20934K(21504K)->20934K(21504K)
[1191.659s][info][gc,ergo     ] Pacer for Idle. Initial: 163M, Alloc Tax Rate: 1.0x
[1201.651s][info][gc          ] Trigger: Free (816M) is below minimum threshold (819M)
[1201.651s][info][gc,ergo     ] Free: 816M, Max: 4096K regular, 592M humongous, Frag: 26% external, 0% internal; Reserve: 412M, Max: 4096K
[1201.651s][info][gc,start    ] GC(128) Concurrent reset
[1201.651s][info][gc,task     ] GC(128) Using 2 of 4 workers for concurrent reset
[1201.651s][info][gc,ergo     ] GC(128) Pacer for Reset. Non-Taxable: 8192M
[1201.663s][info][gc          ] GC(128) Concurrent reset 12.147ms
[1201.663s][info][gc,start    ] GC(128) Pause Init Mark (unload classes)
[1201.663s][info][gc,task     ] GC(128) Using 4 of 4 workers for init marking
[1201.663s][info][gc,ergo     ] GC(128) Pacer for Mark. Expected Live: 490M, Free: 816M, Non-Taxable: 83625K, Alloc Tax Rate: 0.7x
[1201.663s][info][gc          ] GC(128) Pause Init Mark (unload classes) 0.120ms
[1201.663s][info][gc,start    ] GC(128) Concurrent marking roots
[1201.663s][info][gc,task     ] GC(128) Using 2 of 4 workers for concurrent marking roots
[1201.664s][info][gc          ] GC(128) Concurrent marking roots 1.107ms
[1201.664s][info][gc,start    ] GC(128) Concurrent marking (unload classes)
[1201.664s][info][gc,task     ] GC(128) Using 2 of 4 workers for concurrent marking
[1201.917s][info][gc          ] GC(128) Concurrent marking (unload classes) 252.370ms
[1201.917s][info][gc,start    ] GC(128) Pause Final Mark (unload classes)
[1201.917s][info][gc,task     ] GC(128) Using 4 of 4 workers for final marking
[1201.917s][info][gc,ergo     ] GC(128) Adaptive CSet Selection. Target Free: 1160M, Actual Free: 2568M, Max CSet: 341M, Min Garbage: 0B
[1201.917s][info][gc,ergo     ] GC(128) Collectable Garbage: 6420M (99%), Immediate: 1500M (23%), CSet: 4920M (76%)
[1201.917s][info][gc,ergo     ] GC(128) Pacer for Evacuation. Used CSet: 5012M, Free: 2169M, Non-Taxable: 216M, Alloc Tax Rate: 5.6x
[1201.917s][info][gc          ] GC(128) Pause Final Mark (unload classes) 0.294ms
[1201.917s][info][gc,start    ] GC(128) Concurrent thread roots
[1201.917s][info][gc,task     ] GC(128) Using 2 of 4 workers for Concurrent thread roots
[1201.918s][info][gc          ] GC(128) Concurrent thread roots 0.836ms
[1201.918s][info][gc,start    ] GC(128) Concurrent weak references
[1201.918s][info][gc,task     ] GC(128) Using 2 of 4 workers for concurrent weak references
[1201.918s][info][gc,ref      ] GC(128) Encountered references: Soft: 6114, Weak: 23457, Final: 34, Phantom: 1063
[1201.918s][info][gc,ref      ] GC(128) Discovered  references: Soft: 0, Weak: 11790, Final: 1, Phantom: 751
[1201.918s][info][gc,ref      ] GC(128) Enqueued    references: Soft: 0, Weak: 3, Final: 0, Phantom: 0
[1201.919s][info][gc          ] GC(128) Concurrent weak references 0.437ms
[1201.919s][info][gc,start    ] GC(128) Concurrent weak roots
[1201.919s][info][gc,task     ] GC(128) Using 2 of 4 workers for concurrent weak root
[1201.921s][info][gc          ] GC(128) Concurrent weak roots 2.727ms
[1201.921s][info][gc,start    ] GC(128) Concurrent cleanup
[1201.921s][info][gc          ] GC(128) Concurrent cleanup 7120M->5620M(8192M) 0.034ms
[1201.921s][info][gc,ergo     ] GC(128) Free: 2160M, Max: 4096K regular, 592M humongous, Frag: 73% external, 0% internal; Reserve: 411M, Max: 4096K
[1201.921s][info][gc,start    ] GC(128) Concurrent class unloading
[1201.921s][info][gc,task     ] GC(128) Using 2 of 4 workers for concurrent class unloading
[1201.927s][info][gc          ] GC(128) Concurrent class unloading 5.362ms
[1201.927s][info][gc,start    ] GC(128) Concurrent strong roots
[1201.927s][info][gc,task     ] GC(128) Using 2 of 4 workers for concurrent strong root
[1201.927s][info][gc          ] GC(128) Concurrent strong roots 0.300ms
[1201.927s][info][gc,start    ] GC(128) Concurrent evacuation
[1201.927s][info][gc,task     ] GC(128) Using 2 of 4 workers for concurrent evacuation
[1201.973s][info][gc          ] GC(128) Concurrent evacuation 46.018ms
[1201.973s][info][gc,start    ] GC(128) Pause Init Update Refs
[1201.973s][info][gc,ergo     ] GC(128) Pacer for Update Refs. Used: 5743M, Free: 2132M, Non-Taxable: 213M, Alloc Tax Rate: 3.3x
[1201.973s][info][gc          ] GC(128) Pause Init Update Refs 0.047ms
[1201.973s][info][gc,start    ] GC(128) Concurrent update references
[1201.973s][info][gc,task     ] GC(128) Using 2 of 4 workers for concurrent reference update
[1202.126s][info][gc          ] GC(128) Concurrent update references 152.392ms
[1202.126s][info][gc,start    ] GC(128) Concurrent update thread roots
[1202.127s][info][gc          ] GC(128) Concurrent update thread roots 1.479ms
[1202.127s][info][gc,start    ] GC(128) Pause Final Update Refs
[1202.127s][info][gc,task     ] GC(128) Using 4 of 4 workers for final reference update
[1202.127s][info][gc          ] GC(128) Pause Final Update Refs 0.105ms
[1202.127s][info][gc,start    ] GC(128) Concurrent cleanup
[1202.127s][info][gc          ] GC(128) Concurrent cleanup 5795M->783M(8192M) 0.060ms
[1202.127s][info][gc,ergo     ] Free: 6996M, Max: 4096K regular, 5748M humongous, Frag: 18% external, 0% internal; Reserve: 412M, Max: 4096K
[1202.127s][info][gc,stats    ] 
[1202.127s][info][gc,stats    ] All times are wall-clock times, except per-root-class counters, that are sum over
[1202.127s][info][gc,stats    ] all workers. Dividing the <total> over the root stage time estimates parallelism.
[1202.127s][info][gc,stats    ] 
[1202.127s][info][gc,stats    ] Concurrent Reset                  12221 us
[1202.127s][info][gc,stats    ] Pause Init Mark (G)                 177 us
[1202.127s][info][gc,stats    ] Pause Init Mark (N)                 133 us
[1202.128s][info][gc,stats    ]   Update Region States               43 us
[1202.128s][info][gc,stats    ] Concurrent Mark Roots              1128 us, parallelism: 1.64x
[1202.128s][info][gc,stats    ]   CMR: <total>                     1852 us
[1202.128s][info][gc,stats    ]   CMR: Thread Roots                1708 us, workers (us): 799, 909, ---, ---, 
[1202.128s][info][gc,stats    ]   CMR: VM Strong Roots               16 us, workers (us):  15,   0, ---, ---, 
[1202.128s][info][gc,stats    ]   CMR: CLDG Roots                   128 us, workers (us): 128, ---, ---, ---, 
[1202.128s][info][gc,stats    ] Concurrent Marking               252412 us
[1202.128s][info][gc,stats    ] Pause Final Mark (G)                322 us
[1202.128s][info][gc,stats    ] Pause Final Mark (N)                305 us
[1202.128s][info][gc,stats    ]   Finish Mark                        45 us
[1202.128s][info][gc,stats    ]   Update Region States               42 us
[1202.128s][info][gc,stats    ]   Choose Collection Set             138 us
[1202.128s][info][gc,stats    ]   Rebuild Free Set                   10 us
[1202.128s][info][gc,stats    ] Concurrent Thread Roots             855 us, parallelism: 1.87x
[1202.128s][info][gc,stats    ]   CTR: <total>                     1596 us
[1202.128s][info][gc,stats    ]   CTR: Thread Roots                1596 us, workers (us): 796, 800, ---, ---, 
[1202.128s][info][gc,stats    ] Concurrent Weak References          447 us, parallelism: 0.94x
[1202.128s][info][gc,stats    ]   CWRF: <total>                     422 us
[1202.128s][info][gc,stats    ]   CWRF: Weak References             422 us, workers (us): 371,  51, ---, ---, 
[1202.128s][info][gc,stats    ] Concurrent Weak Roots              2745 us
[1202.128s][info][gc,stats    ]   Roots                            2679 us, parallelism: 1.89x
[1202.128s][info][gc,stats    ]     CWR: <total>                   5076 us
[1202.128s][info][gc,stats    ]     CWR: Code Cache Roots          3500 us, workers (us): 1748, 1753, ---, ---, 
[1202.128s][info][gc,stats    ]     CWR: VM Weak Roots             1504 us, workers (us): 767, 737, ---, ---, 
[1202.128s][info][gc,stats    ]     CWR: CLDG Roots                  72 us, workers (us):  72, ---, ---, ---, 
[1202.128s][info][gc,stats    ]   Rendezvous                         27 us
[1202.128s][info][gc,stats    ] Concurrent Cleanup                   47 us
[1202.128s][info][gc,stats    ] Concurrent Class Unloading         5396 us
[1202.128s][info][gc,stats    ]   Unlink Stale                     5157 us
[1202.128s][info][gc,stats    ]     System Dictionary                59 us
[1202.128s][info][gc,stats    ]     Weak Class Links                  0 us
[1202.128s][info][gc,stats    ]     Code Roots                     5096 us
[1202.128s][info][gc,stats    ]   Rendezvous                         93 us
[1202.128s][info][gc,stats    ]   Purge Unlinked                     90 us
[1202.128s][info][gc,stats    ]     Code Roots                       87 us
[1202.128s][info][gc,stats    ]     CLDG                              3 us
[1202.128s][info][gc,stats    ]     Exception Caches                  0 us
[1202.128s][info][gc,stats    ] Concurrent Strong Roots             322 us, parallelism: 0.65x
[1202.128s][info][gc,stats    ]   CSR: <total>                      208 us
[1202.128s][info][gc,stats    ]   CSR: VM Strong Roots               10 us, workers (us):  10,   0, ---, ---, 
[1202.128s][info][gc,stats    ]   CSR: CLDG Roots                   198 us, workers (us): 198, ---, ---, ---, 
[1202.128s][info][gc,stats    ] Concurrent Evacuation             46068 us
[1202.128s][info][gc,stats    ] Pause Init Update Refs (G)          135 us
[1202.128s][info][gc,stats    ] Pause Init Update Refs (N)           61 us
[1202.128s][info][gc,stats    ]   Manage GCLABs                       7 us
[1202.128s][info][gc,stats    ] Concurrent Update Refs           152437 us
[1202.128s][info][gc,stats    ] Concurrent Update Thread Roots     1492 us
[1202.128s][info][gc,stats    ] Pause Final Update Refs (G)         148 us
[1202.128s][info][gc,stats    ] Pause Final Update Refs (N)         120 us
[1202.128s][info][gc,stats    ]   Update Region States               39 us
[1202.128s][info][gc,stats    ]   Trash Collection Set               15 us
[1202.128s][info][gc,stats    ]   Rebuild Free Set                   11 us
[1202.128s][info][gc,stats    ] Concurrent Cleanup                   73 us
[1202.128s][info][gc,stats    ] 
[1202.128s][info][gc,stats    ] Allocation pacing accrued:
[1202.128s][info][gc,stats    ]       0 of 10469 ms (  0.0%): <total>
[1202.128s][info][gc,stats    ]       0 of 10469 ms (  0.0%): <average total>
[1202.128s][info][gc,stats    ] 
[1202.128s][info][gc,metaspace] Metaspace: 135175K(136512K)->135176K(136512K) NonClass: 114241K(115008K)->114242K(115008K) Class: 20934K(21504K)->20934K(21504K)
[1202.128s][info][gc,ergo     ] Pacer for Idle. Initial: 163M, Alloc Tax Rate: 1.0x
[1210.795s][info][gc          ] Trigger: Free (816M) is below minimum threshold (819M)
[1210.795s][info][gc,ergo     ] Free: 816M, Max: 4096K regular, 600M humongous, Frag: 25% external, 0% internal; Reserve: 412M, Max: 4096K
[1210.795s][info][gc,start    ] GC(129) Concurrent reset
[1210.795s][info][gc,task     ] GC(129) Using 2 of 4 workers for concurrent reset
[1210.795s][info][gc,ergo     ] GC(129) Pacer for Reset. Non-Taxable: 8192M
[1210.815s][info][gc          ] GC(129) Concurrent reset 19.362ms
[1210.815s][info][gc,start    ] GC(129) Pause Init Mark (unload classes)
[1210.815s][info][gc,task     ] GC(129) Using 4 of 4 workers for init marking
[1210.815s][info][gc,ergo     ] GC(129) Pacer for Mark. Expected Live: 493M, Free: 796M, Non-Taxable: 81573K, Alloc Tax Rate: 0.8x
[1210.815s][info][gc          ] GC(129) Pause Init Mark (unload classes) 0.114ms
[1210.815s][info][gc,start    ] GC(129) Concurrent marking roots
[1210.815s][info][gc,task     ] GC(129) Using 2 of 4 workers for concurrent marking roots
[1210.816s][info][gc          ] GC(129) Concurrent marking roots 1.291ms
[1210.816s][info][gc,start    ] GC(129) Concurrent marking (unload classes)
[1210.816s][info][gc,task     ] GC(129) Using 2 of 4 workers for concurrent marking
[1211.076s][info][gc          ] GC(129) Concurrent marking (unload classes) 259.325ms
[1211.076s][info][gc,start    ] GC(129) Pause Final Mark (unload classes)
[1211.076s][info][gc,task     ] GC(129) Using 4 of 4 workers for final marking
[1211.076s][info][gc,ergo     ] GC(129) Adaptive CSet Selection. Target Free: 1160M, Actual Free: 2080M, Max CSet: 341M, Min Garbage: 0B
[1211.076s][info][gc,ergo     ] GC(129) Collectable Garbage: 6426M (99%), Immediate: 1132M (17%), CSet: 5294M (81%)
[1211.076s][info][gc,ergo     ] GC(129) Pacer for Evacuation. Used CSet: 5404M, Free: 1677M, Non-Taxable: 167M, Alloc Tax Rate: 7.9x
[1211.076s][info][gc          ] GC(129) Pause Final Mark (unload classes) 0.333ms
[1211.076s][info][gc,start    ] GC(129) Concurrent thread roots
[1211.076s][info][gc,task     ] GC(129) Using 2 of 4 workers for Concurrent thread roots
[1211.077s][info][gc          ] GC(129) Concurrent thread roots 0.856ms
[1211.077s][info][gc,start    ] GC(129) Concurrent weak references
[1211.077s][info][gc,task     ] GC(129) Using 2 of 4 workers for concurrent weak references
[1211.077s][info][gc,ref      ] GC(129) Encountered references: Soft: 6114, Weak: 23459, Final: 34, Phantom: 1066
[1211.077s][info][gc,ref      ] GC(129) Discovered  references: Soft: 0, Weak: 937, Final: 0, Phantom: 745
[1211.077s][info][gc,ref      ] GC(129) Enqueued    references: Soft: 0, Weak: 4, Final: 0, Phantom: 0
[1211.077s][info][gc          ] GC(129) Concurrent weak references 0.150ms
[1211.077s][info][gc,start    ] GC(129) Concurrent weak roots
[1211.077s][info][gc,task     ] GC(129) Using 2 of 4 workers for concurrent weak root
[1211.080s][info][gc          ] GC(129) Concurrent weak roots 2.809ms
[1211.080s][info][gc,start    ] GC(129) Concurrent cleanup
[1211.080s][info][gc          ] GC(129) Concurrent cleanup 7243M->6111M(8192M) 0.034ms
[1211.080s][info][gc,ergo     ] GC(129) Free: 1669M, Max: 4096K regular, 524M humongous, Frag: 69% external, 0% internal; Reserve: 411M, Max: 4096K
[1211.080s][info][gc,start    ] GC(129) Concurrent class unloading
[1211.080s][info][gc,task     ] GC(129) Using 2 of 4 workers for concurrent class unloading
[1211.085s][info][gc          ] GC(129) Concurrent class unloading 5.171ms
[1211.085s][info][gc,start    ] GC(129) Concurrent strong roots
[1211.085s][info][gc,task     ] GC(129) Using 2 of 4 workers for concurrent strong root
[1211.086s][info][gc          ] GC(129) Concurrent strong roots 0.309ms
[1211.086s][info][gc,start    ] GC(129) Concurrent evacuation
[1211.086s][info][gc,task     ] GC(129) Using 2 of 4 workers for concurrent evacuation
[1211.146s][info][gc          ] GC(129) Concurrent evacuation 60.111ms
[1211.146s][info][gc,start    ] GC(129) Pause Init Update Refs
[1211.146s][info][gc,ergo     ] GC(129) Pacer for Update Refs. Used: 6290M, Free: 1601M, Non-Taxable: 160M, Alloc Tax Rate: 4.8x
[1211.146s][info][gc          ] GC(129) Pause Init Update Refs 0.046ms
[1211.146s][info][gc,start    ] GC(129) Concurrent update references
[1211.146s][info][gc,task     ] GC(129) Using 2 of 4 workers for concurrent reference update
[1211.320s][info][gc          ] GC(129) Concurrent update references 173.806ms
[1211.320s][info][gc,start    ] GC(129) Concurrent update thread roots
[1211.321s][info][gc          ] GC(129) Concurrent update thread roots 1.494ms
[1211.321s][info][gc,start    ] GC(129) Pause Final Update Refs
[1211.321s][info][gc,task     ] GC(129) Using 4 of 4 workers for final reference update
[1211.321s][info][gc          ] GC(129) Pause Final Update Refs 0.094ms
[1211.321s][info][gc,start    ] GC(129) Concurrent cleanup
[1211.321s][info][gc          ] GC(129) Concurrent cleanup 6414M->1010M(8192M) 0.065ms
[1211.321s][info][gc,ergo     ] Free: 6769M, Max: 4096K regular, 5312M humongous, Frag: 22% external, 0% internal; Reserve: 412M, Max: 4096K
[1211.321s][info][gc,stats    ] 
[1211.321s][info][gc,stats    ] All times are wall-clock times, except per-root-class counters, that are sum over
[1211.321s][info][gc,stats    ] all workers. Dividing the <total> over the root stage time estimates parallelism.
[1211.322s][info][gc,stats    ] 
[1211.322s][info][gc,stats    ] Concurrent Reset                  19435 us
[1211.322s][info][gc,stats    ] Pause Init Mark (G)                 150 us
[1211.322s][info][gc,stats    ] Pause Init Mark (N)                 125 us
[1211.322s][info][gc,stats    ]   Update Region States               51 us
[1211.322s][info][gc,stats    ] Concurrent Mark Roots              1310 us, parallelism: 1.71x
[1211.322s][info][gc,stats    ]   CMR: <total>                     2235 us
[1211.322s][info][gc,stats    ]   CMR: Thread Roots                1937 us, workers (us): 837, 1100, ---, ---, 
[1211.322s][info][gc,stats    ]   CMR: VM Strong Roots               17 us, workers (us):  16,   0, ---, ---, 
[1211.322s][info][gc,stats    ]   CMR: CLDG Roots                   282 us, workers (us): 282, ---, ---, ---, 
[1211.322s][info][gc,stats    ] Concurrent Marking               259372 us
[1211.322s][info][gc,stats    ] Pause Final Mark (G)                363 us
[1211.322s][info][gc,stats    ] Pause Final Mark (N)                344 us
[1211.322s][info][gc,stats    ]   Finish Mark                        47 us
[1211.322s][info][gc,stats    ]   Update Region States               54 us
[1211.322s][info][gc,stats    ]   Choose Collection Set             160 us
[1211.322s][info][gc,stats    ]   Rebuild Free Set                   10 us
[1211.322s][info][gc,stats    ] Concurrent Thread Roots             875 us, parallelism: 1.85x
[1211.322s][info][gc,stats    ]   CTR: <total>                     1621 us
[1211.322s][info][gc,stats    ]   CTR: Thread Roots                1621 us, workers (us): 812, 809, ---, ---, 
[1211.322s][info][gc,stats    ] Concurrent Weak References          162 us, parallelism: 0.66x
[1211.322s][info][gc,stats    ]   CWRF: <total>                     107 us
[1211.322s][info][gc,stats    ]   CWRF: Weak References             107 us, workers (us):  74,  33, ---, ---, 
[1211.322s][info][gc,stats    ] Concurrent Weak Roots              2835 us
[1211.322s][info][gc,stats    ]   Roots                            2725 us, parallelism: 1.92x
[1211.322s][info][gc,stats    ]     CWR: <total>                   5222 us
[1211.322s][info][gc,stats    ]     CWR: Code Cache Roots          3580 us, workers (us): 1805, 1775, ---, ---, 
[1211.322s][info][gc,stats    ]     CWR: VM Weak Roots             1577 us, workers (us): 789, 788, ---, ---, 
[1211.322s][info][gc,stats    ]     CWR: CLDG Roots                  64 us, workers (us): ---,  64, ---, ---, 
[1211.322s][info][gc,stats    ]   Rendezvous                         62 us
[1211.322s][info][gc,stats    ] Concurrent Cleanup                   47 us
[1211.322s][info][gc,stats    ] Concurrent Class Unloading         5197 us
[1211.322s][info][gc,stats    ]   Unlink Stale                     4878 us
[1211.322s][info][gc,stats    ]     System Dictionary                54 us
[1211.322s][info][gc,stats    ]     Weak Class Links                  0 us
[1211.322s][info][gc,stats    ]     Code Roots                     4822 us
[1211.322s][info][gc,stats    ]   Rendezvous                        205 us
[1211.322s][info][gc,stats    ]   Purge Unlinked                     64 us
[1211.322s][info][gc,stats    ]     Code Roots                       61 us
[1211.322s][info][gc,stats    ]     CLDG                              3 us
[1211.322s][info][gc,stats    ]     Exception Caches                  0 us
[1211.322s][info][gc,stats    ] Concurrent Strong Roots             330 us, parallelism: 0.62x
[1211.322s][info][gc,stats    ]   CSR: <total>                      206 us
[1211.322s][info][gc,stats    ]   CSR: VM Strong Roots               10 us, workers (us):   5,   5, ---, ---, 
[1211.322s][info][gc,stats    ]   CSR: CLDG Roots                   196 us, workers (us): ---, 196, ---, ---, 
[1211.322s][info][gc,stats    ] Concurrent Evacuation             60149 us
[1211.322s][info][gc,stats    ] Pause Init Update Refs (G)          105 us
[1211.322s][info][gc,stats    ] Pause Init Update Refs (N)           56 us
[1211.322s][info][gc,stats    ]   Manage GCLABs                       6 us
[1211.322s][info][gc,stats    ] Concurrent Update Refs           173837 us
[1211.322s][info][gc,stats    ] Concurrent Update Thread Roots     1518 us
[1211.322s][info][gc,stats    ] Pause Final Update Refs (G)         177 us
[1211.322s][info][gc,stats    ] Pause Final Update Refs (N)         119 us
[1211.322s][info][gc,stats    ]   Update Region States               35 us
[1211.322s][info][gc,stats    ]   Trash Collection Set               11 us
[1211.322s][info][gc,stats    ]   Rebuild Free Set                   10 us
[1211.322s][info][gc,stats    ] Concurrent Cleanup                   78 us
[1211.322s][info][gc,stats    ] 
[1211.322s][info][gc,stats    ] Allocation pacing accrued:
[1211.322s][info][gc,stats    ]       0 of  9194 ms (  0.0%): <total>
[1211.322s][info][gc,stats    ]       0 of  9194 ms (  0.0%): <average total>
[1211.322s][info][gc,stats    ] 
[1211.322s][info][gc,metaspace] Metaspace: 135187K(136512K)->135187K(136512K) NonClass: 114253K(115008K)->114253K(115008K) Class: 20934K(21504K)->20934K(21504K)
[1211.322s][info][gc,ergo     ] Pacer for Idle. Initial: 163M, Alloc Tax Rate: 1.0x
[1220.122s][info][gc          ] Trigger: Free (817M) is below minimum threshold (819M)
[1220.122s][info][gc,ergo     ] Free: 817M, Max: 4096K regular, 512M humongous, Frag: 36% external, 0% internal; Reserve: 412M, Max: 4096K
[1220.122s][info][gc,start    ] GC(130) Concurrent reset
[1220.122s][info][gc,task     ] GC(130) Using 2 of 4 workers for concurrent reset
[1220.122s][info][gc,ergo     ] GC(130) Pacer for Reset. Non-Taxable: 8192M
[1220.142s][info][gc          ] GC(130) Concurrent reset 19.868ms
[1220.142s][info][gc,start    ] GC(130) Pause Init Mark (unload classes)
[1220.142s][info][gc,task     ] GC(130) Using 4 of 4 workers for init marking
[1220.142s][info][gc,ergo     ] GC(130) Pacer for Mark. Expected Live: 499M, Free: 813M, Non-Taxable: 83256K, Alloc Tax Rate: 0.8x
[1220.142s][info][gc          ] GC(130) Pause Init Mark (unload classes) 0.122ms
[1220.142s][info][gc,start    ] GC(130) Concurrent marking roots
[1220.142s][info][gc,task     ] GC(130) Using 2 of 4 workers for concurrent marking roots
[1220.144s][info][gc          ] GC(130) Concurrent marking roots 1.397ms
[1220.144s][info][gc,start    ] GC(130) Concurrent marking (unload classes)
[1220.144s][info][gc,task     ] GC(130) Using 2 of 4 workers for concurrent marking
[1220.382s][info][gc          ] GC(130) Concurrent marking (unload classes) 238.007ms
[1220.382s][info][gc,start    ] GC(130) Pause Final Mark (unload classes)
[1220.382s][info][gc,task     ] GC(130) Using 4 of 4 workers for final marking
[1220.382s][info][gc,ergo     ] GC(130) Adaptive CSet Selection. Target Free: 1160M, Actual Free: 2244M, Max CSet: 341M, Min Garbage: 0B
[1220.382s][info][gc,ergo     ] GC(130) Collectable Garbage: 6426M (99%), Immediate: 1172M (18%), CSet: 5254M (81%)
[1220.382s][info][gc,ergo     ] GC(130) Pacer for Evacuation. Used CSet: 5348M, Free: 1845M, Non-Taxable: 184M, Alloc Tax Rate: 7.1x
[1220.382s][info][gc          ] GC(130) Pause Final Mark (unload classes) 0.256ms
[1220.382s][info][gc,start    ] GC(130) Concurrent thread roots
[1220.382s][info][gc,task     ] GC(130) Using 2 of 4 workers for Concurrent thread roots
[1220.383s][info][gc          ] GC(130) Concurrent thread roots 0.862ms
[1220.383s][info][gc,start    ] GC(130) Concurrent weak references
[1220.383s][info][gc,task     ] GC(130) Using 2 of 4 workers for concurrent weak references
[1220.383s][info][gc,ref      ] GC(130) Encountered references: Soft: 6114, Weak: 23456, Final: 34, Phantom: 1066
[1220.383s][info][gc,ref      ] GC(130) Discovered  references: Soft: 0, Weak: 10956, Final: 1, Phantom: 753
[1220.383s][info][gc,ref      ] GC(130) Enqueued    references: Soft: 0, Weak: 0, Final: 0, Phantom: 0
[1220.383s][info][gc          ] GC(130) Concurrent weak references 0.533ms
[1220.383s][info][gc,start    ] GC(130) Concurrent weak roots
[1220.383s][info][gc,task     ] GC(130) Using 2 of 4 workers for concurrent weak root
[1220.386s][info][gc          ] GC(130) Concurrent weak roots 2.752ms
[1220.386s][info][gc,start    ] GC(130) Concurrent cleanup
[1220.386s][info][gc          ] GC(130) Concurrent cleanup 7115M->5943M(8192M) 0.033ms
[1220.386s][info][gc,ergo     ] GC(130) Free: 1836M, Max: 4096K regular, 512M humongous, Frag: 72% external, 0% internal; Reserve: 411M, Max: 4096K
[1220.386s][info][gc,start    ] GC(130) Concurrent class unloading
[1220.386s][info][gc,task     ] GC(130) Using 2 of 4 workers for concurrent class unloading
[1220.391s][info][gc          ] GC(130) Concurrent class unloading 4.985ms
[1220.391s][info][gc,start    ] GC(130) Concurrent strong roots
[1220.391s][info][gc,task     ] GC(130) Using 2 of 4 workers for concurrent strong root
[1220.392s][info][gc          ] GC(130) Concurrent strong roots 0.285ms
[1220.392s][info][gc,start    ] GC(130) Concurrent evacuation
[1220.392s][info][gc,task     ] GC(130) Using 2 of 4 workers for concurrent evacuation
[1220.437s][info][gc          ] GC(130) Concurrent evacuation 45.685ms
[1220.437s][info][gc,start    ] GC(130) Pause Init Update Refs
[1220.437s][info][gc,ergo     ] GC(130) Pacer for Update Refs. Used: 6059M, Free: 1816M, Non-Taxable: 181M, Alloc Tax Rate: 4.1x
[1220.437s][info][gc          ] GC(130) Pause Init Update Refs 0.046ms
[1220.437s][info][gc,start    ] GC(130) Concurrent update references
[1220.437s][info][gc,task     ] GC(130) Using 2 of 4 workers for concurrent reference update
[1220.594s][info][gc          ] GC(130) Concurrent update references 156.359ms
[1220.594s][info][gc,start    ] GC(130) Concurrent update thread roots
[1220.595s][info][gc          ] GC(130) Concurrent update thread roots 1.339ms
[1220.595s][info][gc,start    ] GC(130) Pause Final Update Refs
[1220.595s][info][gc,task     ] GC(130) Using 4 of 4 workers for final reference update
[1220.595s][info][gc          ] GC(130) Pause Final Update Refs 0.112ms
[1220.595s][info][gc,start    ] GC(130) Concurrent cleanup
[1220.595s][info][gc          ] GC(130) Concurrent cleanup 6139M->791M(8192M) 0.069ms
[1220.595s][info][gc,ergo     ] Free: 6988M, Max: 4096K regular, 5644M humongous, Frag: 20% external, 0% internal; Reserve: 412M, Max: 4096K
[1220.595s][info][gc,stats    ] 
[1220.596s][info][gc,stats    ] All times are wall-clock times, except per-root-class counters, that are sum over
[1220.596s][info][gc,stats    ] all workers. Dividing the <total> over the root stage time estimates parallelism.
[1220.596s][info][gc,stats    ] 
[1220.596s][info][gc,stats    ] Concurrent Reset                  19970 us
[1220.596s][info][gc,stats    ] Pause Init Mark (G)                 243 us
[1220.596s][info][gc,stats    ] Pause Init Mark (N)                 135 us
[1220.596s][info][gc,stats    ]   Update Region States               44 us
[1220.596s][info][gc,stats    ] Concurrent Mark Roots              1418 us, parallelism: 1.59x
[1220.596s][info][gc,stats    ]   CMR: <total>                     2253 us
[1220.596s][info][gc,stats    ]   CMR: Thread Roots                2045 us, workers (us): 935, 1110, ---, ---, 
[1220.596s][info][gc,stats    ]   CMR: VM Strong Roots               17 us, workers (us):  17,   0, ---, ---, 
[1220.596s][info][gc,stats    ]   CMR: CLDG Roots                   191 us, workers (us): 191, ---, ---, ---, 
[1220.596s][info][gc,stats    ] Concurrent Marking               238040 us
[1220.596s][info][gc,stats    ] Pause Final Mark (G)                296 us
[1220.596s][info][gc,stats    ] Pause Final Mark (N)                267 us
[1220.596s][info][gc,stats    ]   Finish Mark                        20 us
[1220.596s][info][gc,stats    ]   Update Region States               14 us
[1220.596s][info][gc,stats    ]   Choose Collection Set             158 us
[1220.596s][info][gc,stats    ]   Rebuild Free Set                    9 us
[1220.596s][info][gc,stats    ] Concurrent Thread Roots             886 us, parallelism: 1.84x
[1220.596s][info][gc,stats    ]   CTR: <total>                     1634 us
[1220.596s][info][gc,stats    ]   CTR: Thread Roots                1634 us, workers (us): 819, 815, ---, ---, 
[1220.596s][info][gc,stats    ] Concurrent Weak References          544 us, parallelism: 0.85x
[1220.596s][info][gc,stats    ]   CWRF: <total>                     461 us
[1220.596s][info][gc,stats    ]   CWRF: Weak References             461 us, workers (us): 461,   0, ---, ---, 
[1220.596s][info][gc,stats    ] Concurrent Weak Roots              2775 us
[1220.596s][info][gc,stats    ]   Roots                            2686 us, parallelism: 1.92x
[1220.596s][info][gc,stats    ]     CWR: <total>                   5145 us
[1220.596s][info][gc,stats    ]     CWR: Code Cache Roots          3572 us, workers (us): 1798, 1774, ---, ---, 
[1220.596s][info][gc,stats    ]     CWR: VM Weak Roots             1490 us, workers (us): 745, 744, ---, ---, 
[1220.596s][info][gc,stats    ]     CWR: CLDG Roots                  84 us, workers (us): ---,  84, ---, ---, 
[1220.596s][info][gc,stats    ]   Rendezvous                         44 us
[1220.596s][info][gc,stats    ] Concurrent Cleanup                   46 us
[1220.596s][info][gc,stats    ] Concurrent Class Unloading         5006 us
[1220.596s][info][gc,stats    ]   Unlink Stale                     4874 us
[1220.596s][info][gc,stats    ]     System Dictionary                61 us
[1220.596s][info][gc,stats    ]     Weak Class Links                  0 us
[1220.596s][info][gc,stats    ]     Code Roots                     4812 us
[1220.596s][info][gc,stats    ]   Rendezvous                         58 us
[1220.596s][info][gc,stats    ]   Purge Unlinked                     27 us
[1220.596s][info][gc,stats    ]     Code Roots                       24 us
[1220.596s][info][gc,stats    ]     CLDG                              3 us
[1220.596s][info][gc,stats    ]     Exception Caches                  0 us
[1220.596s][info][gc,stats    ] Concurrent Strong Roots             298 us, parallelism: 0.69x
[1220.596s][info][gc,stats    ]   CSR: <total>                      205 us
[1220.596s][info][gc,stats    ]   CSR: VM Strong Roots               10 us, workers (us):   6,   4, ---, ---, 
[1220.596s][info][gc,stats    ]   CSR: CLDG Roots                   195 us, workers (us): ---, 195, ---, ---, 
[1220.596s][info][gc,stats    ] Concurrent Evacuation             45735 us
[1220.596s][info][gc,stats    ] Pause Init Update Refs (G)           87 us
[1220.596s][info][gc,stats    ] Pause Init Update Refs (N)           59 us
[1220.596s][info][gc,stats    ]   Manage GCLABs                       6 us
[1220.596s][info][gc,stats    ] Concurrent Update Refs           156403 us
[1220.596s][info][gc,stats    ] Concurrent Update Thread Roots     1368 us
[1220.596s][info][gc,stats    ] Pause Final Update Refs (G)         160 us
[1220.596s][info][gc,stats    ] Pause Final Update Refs (N)         132 us
[1220.596s][info][gc,stats    ]   Update Region States               49 us
[1220.596s][info][gc,stats    ]   Trash Collection Set               15 us
[1220.596s][info][gc,stats    ]   Rebuild Free Set                   10 us
[1220.596s][info][gc,stats    ] Concurrent Cleanup                   83 us
[1220.596s][info][gc,stats    ] 
[1220.596s][info][gc,stats    ] Allocation pacing accrued:
[1220.596s][info][gc,stats    ]       0 of  9274 ms (  0.0%): <total>
[1220.596s][info][gc,stats    ]       0 of  9274 ms (  0.0%): <average total>
[1220.596s][info][gc,stats    ] 
[1220.596s][info][gc,metaspace] Metaspace: 135187K(136512K)->135187K(136512K) NonClass: 114253K(115008K)->114253K(115008K) Class: 20934K(21504K)->20934K(21504K)
[1220.596s][info][gc,ergo     ] Pacer for Idle. Initial: 163M, Alloc Tax Rate: 1.0x
[1231.395s][info][gc          ] Trigger: Free (817M) is below minimum threshold (819M)
[1231.395s][info][gc,ergo     ] Free: 817M, Max: 4096K regular, 528M humongous, Frag: 35% external, 0% internal; Reserve: 412M, Max: 4096K
[1231.395s][info][gc,start    ] GC(131) Concurrent reset
[1231.395s][info][gc,task     ] GC(131) Using 2 of 4 workers for concurrent reset
[1231.395s][info][gc,ergo     ] GC(131) Pacer for Reset. Non-Taxable: 8192M
[1231.409s][info][gc          ] GC(131) Concurrent reset 13.943ms
[1231.409s][info][gc,start    ] GC(131) Pause Init Mark (unload classes)
[1231.409s][info][gc,task     ] GC(131) Using 4 of 4 workers for init marking
[1231.409s][info][gc,ergo     ] GC(131) Pacer for Mark. Expected Live: 501M, Free: 813M, Non-Taxable: 83256K, Alloc Tax Rate: 0.8x
[1231.409s][info][gc          ] GC(131) Pause Init Mark (unload classes) 0.126ms
[1231.409s][info][gc,start    ] GC(131) Concurrent marking roots
[1231.409s][info][gc,task     ] GC(131) Using 2 of 4 workers for concurrent marking roots
[1231.410s][info][gc          ] GC(131) Concurrent marking roots 1.060ms
[1231.410s][info][gc,start    ] GC(131) Concurrent marking (unload classes)
[1231.410s][info][gc,task     ] GC(131) Using 2 of 4 workers for concurrent marking
[1231.649s][info][gc          ] GC(131) Concurrent marking (unload classes) 238.062ms
[1231.649s][info][gc,start    ] GC(131) Pause Final Mark (unload classes)
[1231.649s][info][gc,task     ] GC(131) Using 4 of 4 workers for final marking
[1231.649s][info][gc,ergo     ] GC(131) Adaptive CSet Selection. Target Free: 1160M, Actual Free: 1740M, Max CSet: 341M, Min Garbage: 0B
[1231.649s][info][gc,ergo     ] GC(131) Collectable Garbage: 6435M (99%), Immediate: 692M (10%), CSet: 5743M (88%)
[1231.649s][info][gc,ergo     ] GC(131) Pacer for Evacuation. Used CSet: 5828M, Free: 1341M, Non-Taxable: 134M, Alloc Tax Rate: 10.6x
[1231.649s][info][gc          ] GC(131) Pause Final Mark (unload classes) 0.310ms
[1231.649s][info][gc,start    ] GC(131) Concurrent thread roots
[1231.649s][info][gc,task     ] GC(131) Using 2 of 4 workers for Concurrent thread roots
[1231.650s][info][gc          ] GC(131) Concurrent thread roots 0.905ms
[1231.650s][info][gc,start    ] GC(131) Concurrent weak references
[1231.650s][info][gc,task     ] GC(131) Using 2 of 4 workers for concurrent weak references
[1231.650s][info][gc,ref      ] GC(131) Encountered references: Soft: 6114, Weak: 23458, Final: 34, Phantom: 1069
[1231.650s][info][gc,ref      ] GC(131) Discovered  references: Soft: 0, Weak: 2272, Final: 0, Phantom: 754
[1231.650s][info][gc,ref      ] GC(131) Enqueued    references: Soft: 0, Weak: 2, Final: 0, Phantom: 0
[1231.650s][info][gc          ] GC(131) Concurrent weak references 0.212ms
[1231.650s][info][gc,start    ] GC(131) Concurrent weak roots
[1231.650s][info][gc,task     ] GC(131) Using 2 of 4 workers for concurrent weak root
[1231.653s][info][gc          ] GC(131) Concurrent weak roots 2.741ms
[1231.653s][info][gc,start    ] GC(131) Concurrent cleanup
[1231.653s][info][gc          ] GC(131) Concurrent cleanup 7140M->6448M(8192M) 0.032ms
[1231.653s][info][gc,ergo     ] GC(131) Free: 1333M, Max: 4096K regular, 528M humongous, Frag: 60% external, 0% internal; Reserve: 410M, Max: 4096K
[1231.653s][info][gc,start    ] GC(131) Concurrent class unloading
[1231.653s][info][gc,task     ] GC(131) Using 2 of 4 workers for concurrent class unloading
[1231.658s][info][gc          ] GC(131) Concurrent class unloading 5.401ms
[1231.658s][info][gc,start    ] GC(131) Concurrent strong roots
[1231.658s][info][gc,task     ] GC(131) Using 2 of 4 workers for concurrent strong root
[1231.659s][info][gc          ] GC(131) Concurrent strong roots 0.298ms
[1231.659s][info][gc,start    ] GC(131) Concurrent evacuation
[1231.659s][info][gc,task     ] GC(131) Using 2 of 4 workers for concurrent evacuation
[1231.702s][info][gc          ] GC(131) Concurrent evacuation 43.391ms
[1231.702s][info][gc,start    ] GC(131) Pause Init Update Refs
[1231.702s][info][gc,ergo     ] GC(131) Pacer for Update Refs. Used: 6550M, Free: 1317M, Non-Taxable: 131M, Alloc Tax Rate: 6.1x
[1231.702s][info][gc          ] GC(131) Pause Init Update Refs 0.048ms
[1231.702s][info][gc,start    ] GC(131) Concurrent update references
[1231.702s][info][gc,task     ] GC(131) Using 2 of 4 workers for concurrent reference update
[1231.857s][info][gc          ] GC(131) Concurrent update references 154.511ms
[1231.857s][info][gc,start    ] GC(131) Concurrent update thread roots
[1231.858s][info][gc          ] GC(131) Concurrent update thread roots 1.482ms
[1231.858s][info][gc,start    ] GC(131) Pause Final Update Refs
[1231.858s][info][gc,task     ] GC(131) Using 4 of 4 workers for final reference update
[1231.858s][info][gc          ] GC(131) Pause Final Update Refs 0.087ms
[1231.858s][info][gc,start    ] GC(131) Concurrent cleanup
[1231.859s][info][gc          ] GC(131) Concurrent cleanup 6638M->810M(8192M) 0.072ms
[1231.859s][info][gc,ergo     ] Free: 6969M, Max: 4096K regular, 5340M humongous, Frag: 24% external, 0% internal; Reserve: 412M, Max: 4096K
[1231.859s][info][gc,stats    ] 
[1231.859s][info][gc,stats    ] All times are wall-clock times, except per-root-class counters, that are sum over
[1231.859s][info][gc,stats    ] all workers. Dividing the <total> over the root stage time estimates parallelism.
[1231.859s][info][gc,stats    ] 
[1231.859s][info][gc,stats    ] Concurrent Reset                  14016 us
[1231.859s][info][gc,stats    ] Pause Init Mark (G)                 163 us
[1231.859s][info][gc,stats    ] Pause Init Mark (N)                 142 us
[1231.859s][info][gc,stats    ]   Update Region States               45 us
[1231.859s][info][gc,stats    ] Concurrent Mark Roots              1082 us, parallelism: 1.65x
[1231.859s][info][gc,stats    ]   CMR: <total>                     1783 us
[1231.859s][info][gc,stats    ]   CMR: Thread Roots                1638 us, workers (us): 880, 757, ---, ---, 
[1231.859s][info][gc,stats    ]   CMR: VM Strong Roots               15 us, workers (us):   8,   8, ---, ---, 
[1231.859s][info][gc,stats    ]   CMR: CLDG Roots                   130 us, workers (us): ---, 130, ---, ---, 
[1231.859s][info][gc,stats    ] Concurrent Marking               238094 us
[1231.859s][info][gc,stats    ] Pause Final Mark (G)                371 us
[1231.859s][info][gc,stats    ] Pause Final Mark (N)                321 us
[1231.859s][info][gc,stats    ]   Finish Mark                        44 us
[1231.859s][info][gc,stats    ]   Update Region States               38 us
[1231.859s][info][gc,stats    ]   Choose Collection Set             164 us
[1231.859s][info][gc,stats    ]   Rebuild Free Set                    9 us
[1231.859s][info][gc,stats    ] Concurrent Thread Roots             930 us, parallelism: 1.72x
[1231.859s][info][gc,stats    ]   CTR: <total>                     1595 us
[1231.859s][info][gc,stats    ]   CTR: Thread Roots                1595 us, workers (us): 804, 791, ---, ---, 
[1231.859s][info][gc,stats    ] Concurrent Weak References          224 us, parallelism: 0.78x
[1231.859s][info][gc,stats    ]   CWRF: <total>                     175 us
[1231.859s][info][gc,stats    ]   CWRF: Weak References             175 us, workers (us):  69, 106, ---, ---, 
[1231.859s][info][gc,stats    ] Concurrent Weak Roots              2765 us
[1231.859s][info][gc,stats    ]   Roots                            2691 us, parallelism: 1.90x
[1231.859s][info][gc,stats    ]     CWR: <total>                   5123 us
[1231.859s][info][gc,stats    ]     CWR: Code Cache Roots          3493 us, workers (us): 1741, 1752, ---, ---, 
[1231.859s][info][gc,stats    ]     CWR: VM Weak Roots             1559 us, workers (us): 793, 765, ---, ---, 
[1231.859s][info][gc,stats    ]     CWR: CLDG Roots                  72 us, workers (us):  72, ---, ---, ---, 
[1231.859s][info][gc,stats    ]   Rendezvous                         29 us
[1231.859s][info][gc,stats    ] Concurrent Cleanup                   45 us
[1231.859s][info][gc,stats    ] Concurrent Class Unloading         5436 us
[1231.859s][info][gc,stats    ]   Unlink Stale                     5158 us
[1231.859s][info][gc,stats    ]     System Dictionary                60 us
[1231.859s][info][gc,stats    ]     Weak Class Links                  0 us
[1231.859s][info][gc,stats    ]     Code Roots                     5097 us
[1231.859s][info][gc,stats    ]   Rendezvous                        152 us
[1231.859s][info][gc,stats    ]   Purge Unlinked                     69 us
[1231.859s][info][gc,stats    ]     Code Roots                       65 us
[1231.859s][info][gc,stats    ]     CLDG                              3 us
[1231.859s][info][gc,stats    ]     Exception Caches                  0 us
[1231.859s][info][gc,stats    ] Concurrent Strong Roots             323 us, parallelism: 0.65x
[1231.859s][info][gc,stats    ]   CSR: <total>                      210 us
[1231.859s][info][gc,stats    ]   CSR: VM Strong Roots               10 us, workers (us):   6,   5, ---, ---, 
[1231.859s][info][gc,stats    ]   CSR: CLDG Roots                   199 us, workers (us): ---, 199, ---, ---, 
[1231.859s][info][gc,stats    ] Concurrent Evacuation             43444 us
[1231.859s][info][gc,stats    ] Pause Init Update Refs (G)          107 us
[1231.859s][info][gc,stats    ] Pause Init Update Refs (N)           59 us
[1231.859s][info][gc,stats    ]   Manage GCLABs                       7 us
[1231.859s][info][gc,stats    ] Concurrent Update Refs           154548 us
[1231.859s][info][gc,stats    ] Concurrent Update Thread Roots     1506 us
[1231.859s][info][gc,stats    ] Pause Final Update Refs (G)         159 us
[1231.859s][info][gc,stats    ] Pause Final Update Refs (N)         118 us
[1231.859s][info][gc,stats    ]   Update Region States               27 us
[1231.859s][info][gc,stats    ]   Trash Collection Set               15 us
[1231.859s][info][gc,stats    ]   Rebuild Free Set                    9 us
[1231.859s][info][gc,stats    ] Concurrent Cleanup                   86 us
[1231.859s][info][gc,stats    ] 
[1231.859s][info][gc,stats    ] Allocation pacing accrued:
[1231.859s][info][gc,stats    ]       0 of 11263 ms (  0.0%): <total>
[1231.859s][info][gc,stats    ]       0 of 11263 ms (  0.0%): <average total>
[1231.859s][info][gc,stats    ] 
[1231.859s][info][gc,metaspace] Metaspace: 135188K(136512K)->135188K(136512K) NonClass: 114253K(115008K)->114253K(115008K) Class: 20934K(21504K)->20934K(21504K)
[1231.859s][info][gc,ergo     ] Pacer for Idle. Initial: 163M, Alloc Tax Rate: 1.0x
[1240.183s][info][gc          ] Trigger: Average GC time (514.69 ms) is above the time for average allocation rate (1177 MB/s) to deplete free headroom (603M) (margin of error = 1.94)
[1240.183s][info][gc,ergo     ] Free headroom: 1013M (free) - 409M (spike) - 0B (penalties) = 603M
[1240.183s][info][gc,ergo     ] Free: 1013M, Max: 4096K regular, 536M humongous, Frag: 47% external, 0% internal; Reserve: 412M, Max: 4096K
[1240.183s][info][gc,start    ] GC(132) Concurrent reset
[1240.183s][info][gc,task     ] GC(132) Using 2 of 4 workers for concurrent reset
[1240.183s][info][gc,ergo     ] GC(132) Pacer for Reset. Non-Taxable: 8192M
[1240.207s][info][gc          ] GC(132) Concurrent reset 23.554ms
[1240.207s][info][gc,start    ] GC(132) Pause Init Mark (unload classes)
[1240.207s][info][gc,task     ] GC(132) Using 4 of 4 workers for init marking
[1240.207s][info][gc,ergo     ] GC(132) Pacer for Mark. Expected Live: 504M, Free: 988M, Non-Taxable: 101239K, Alloc Tax Rate: 0.6x
[1240.207s][info][gc          ] GC(132) Pause Init Mark (unload classes) 0.109ms
[1240.207s][info][gc,start    ] GC(132) Concurrent marking roots
[1240.207s][info][gc,task     ] GC(132) Using 2 of 4 workers for concurrent marking roots
[1240.208s][info][gc          ] GC(132) Concurrent marking roots 1.029ms
[1240.208s][info][gc,start    ] GC(132) Concurrent marking (unload classes)
[1240.208s][info][gc,task     ] GC(132) Using 2 of 4 workers for concurrent marking
[1240.453s][info][gc          ] GC(132) Concurrent marking (unload classes) 244.887ms
[1240.453s][info][gc,start    ] GC(132) Pause Final Mark (unload classes)
[1240.453s][info][gc,task     ] GC(132) Using 4 of 4 workers for final marking
[1240.453s][info][gc,ergo     ] GC(132) Adaptive CSet Selection. Target Free: 1160M, Actual Free: 3904M, Max CSet: 341M, Min Garbage: 0B
[1240.453s][info][gc,ergo     ] GC(132) Collectable Garbage: 6232M (99%), Immediate: 2744M (43%), CSet: 3488M (55%)
[1240.453s][info][gc,ergo     ] GC(132) Pacer for Evacuation. Used CSet: 3600M, Free: 3509M, Non-Taxable: 350M, Alloc Tax Rate: 2.5x
[1240.453s][info][gc          ] GC(132) Pause Final Mark (unload classes) 0.271ms
[1240.453s][info][gc,start    ] GC(132) Concurrent thread roots
[1240.453s][info][gc,task     ] GC(132) Using 2 of 4 workers for Concurrent thread roots
[1240.454s][info][gc          ] GC(132) Concurrent thread roots 0.846ms
[1240.454s][info][gc,start    ] GC(132) Concurrent weak references
[1240.454s][info][gc,task     ] GC(132) Using 2 of 4 workers for concurrent weak references
[1240.454s][info][gc,ref      ] GC(132) Encountered references: Soft: 6114, Weak: 23465, Final: 34, Phantom: 1081
[1240.454s][info][gc,ref      ] GC(132) Discovered  references: Soft: 0, Weak: 2278, Final: 0, Phantom: 754
[1240.454s][info][gc,ref      ] GC(132) Enqueued    references: Soft: 0, Weak: 4, Final: 0, Phantom: 0
[1240.454s][info][gc          ] GC(132) Concurrent weak references 0.153ms
[1240.454s][info][gc,start    ] GC(132) Concurrent weak roots
[1240.454s][info][gc,task     ] GC(132) Using 2 of 4 workers for concurrent weak root
[1240.457s][info][gc          ] GC(132) Concurrent weak roots 2.666ms
[1240.457s][info][gc,start    ] GC(132) Concurrent cleanup
[1240.457s][info][gc          ] GC(132) Concurrent cleanup 7023M->4279M(8192M) 0.044ms
[1240.457s][info][gc,ergo     ] GC(132) Free: 3501M, Max: 4096K regular, 536M humongous, Frag: 85% external, 0% internal; Reserve: 411M, Max: 4096K
[1240.457s][info][gc,start    ] GC(132) Concurrent class unloading
[1240.457s][info][gc,task     ] GC(132) Using 2 of 4 workers for concurrent class unloading
[1240.465s][info][gc          ] GC(132) Concurrent class unloading 7.683ms
[1240.465s][info][gc,start    ] GC(132) Concurrent strong roots
[1240.465s][info][gc,task     ] GC(132) Using 2 of 4 workers for concurrent strong root
[1240.465s][info][gc          ] GC(132) Concurrent strong roots 0.673ms
[1240.465s][info][gc,start    ] GC(132) Concurrent evacuation
[1240.465s][info][gc,task     ] GC(132) Using 2 of 4 workers for concurrent evacuation
[1240.518s][info][gc          ] GC(132) Concurrent evacuation 52.663ms
[1240.518s][info][gc,start    ] GC(132) Pause Init Update Refs
[1240.518s][info][gc,ergo     ] GC(132) Pacer for Update Refs. Used: 4414M, Free: 3481M, Non-Taxable: 348M, Alloc Tax Rate: 1.6x
[1240.518s][info][gc          ] GC(132) Pause Init Update Refs 0.045ms
[1240.518s][info][gc,start    ] GC(132) Concurrent update references
[1240.518s][info][gc,task     ] GC(132) Using 2 of 4 workers for concurrent reference update
[1240.675s][info][gc          ] GC(132) Concurrent update references 156.708ms
[1240.675s][info][gc,start    ] GC(132) Concurrent update thread roots
[1240.676s][info][gc          ] GC(132) Concurrent update thread roots 1.329ms
[1240.676s][info][gc,start    ] GC(132) Pause Final Update Refs
[1240.676s][info][gc,task     ] GC(132) Using 4 of 4 workers for final reference update
[1240.676s][info][gc          ] GC(132) Pause Final Update Refs 0.089ms
[1240.676s][info][gc,start    ] GC(132) Concurrent cleanup
[1240.676s][info][gc          ] GC(132) Concurrent cleanup 4466M->866M(8192M) 0.051ms
[1240.676s][info][gc,ergo     ] Free: 6913M, Max: 4096K regular, 5580M humongous, Frag: 20% external, 0% internal; Reserve: 412M, Max: 4096K
[1240.677s][info][gc,stats    ] 
[1240.677s][info][gc,stats    ] All times are wall-clock times, except per-root-class counters, that are sum over
[1240.677s][info][gc,stats    ] all workers. Dividing the <total> over the root stage time estimates parallelism.
[1240.677s][info][gc,stats    ] 
[1240.677s][info][gc,stats    ] Concurrent Reset                  23611 us
[1240.677s][info][gc,stats    ] Pause Init Mark (G)                 142 us
[1240.677s][info][gc,stats    ] Pause Init Mark (N)                 120 us
[1240.677s][info][gc,stats    ]   Update Region States               51 us
[1240.677s][info][gc,stats    ] Concurrent Mark Roots              1051 us, parallelism: 1.54x
[1240.677s][info][gc,stats    ]   CMR: <total>                     1621 us
[1240.677s][info][gc,stats    ]   CMR: Thread Roots                1485 us, workers (us): 692, 793, ---, ---, 
[1240.677s][info][gc,stats    ]   CMR: VM Strong Roots               16 us, workers (us):  15,   0, ---, ---, 
[1240.677s][info][gc,stats    ]   CMR: CLDG Roots                   120 us, workers (us): 120, ---, ---, ---, 
[1240.677s][info][gc,stats    ] Concurrent Marking               244934 us
[1240.677s][info][gc,stats    ] Pause Final Mark (G)                332 us
[1240.677s][info][gc,stats    ] Pause Final Mark (N)                282 us
[1240.677s][info][gc,stats    ]   Finish Mark                        43 us
[1240.677s][info][gc,stats    ]   Update Region States               41 us
[1240.677s][info][gc,stats    ]   Choose Collection Set             119 us
[1240.677s][info][gc,stats    ]   Rebuild Free Set                   12 us
[1240.677s][info][gc,stats    ] Concurrent Thread Roots             872 us, parallelism: 1.75x
[1240.677s][info][gc,stats    ]   CTR: <total>                     1529 us
[1240.677s][info][gc,stats    ]   CTR: Thread Roots                1529 us, workers (us): 763, 766, ---, ---, 
[1240.677s][info][gc,stats    ] Concurrent Weak References          164 us, parallelism: 0.87x
[1240.677s][info][gc,stats    ]   CWRF: <total>                     143 us
[1240.677s][info][gc,stats    ]   CWRF: Weak References             143 us, workers (us):  65,  78, ---, ---, 
[1240.677s][info][gc,stats    ] Concurrent Weak Roots              2686 us
[1240.677s][info][gc,stats    ]   Roots                            2587 us, parallelism: 1.92x
[1240.677s][info][gc,stats    ]     CWR: <total>                   4960 us
[1240.677s][info][gc,stats    ]     CWR: Code Cache Roots          3437 us, workers (us): 1724, 1713, ---, ---, 
[1240.677s][info][gc,stats    ]     CWR: VM Weak Roots             1476 us, workers (us): 738, 738, ---, ---, 
[1240.677s][info][gc,stats    ]     CWR: CLDG Roots                  47 us, workers (us):  47, ---, ---, ---, 
[1240.677s][info][gc,stats    ]   Rendezvous                         57 us
[1240.677s][info][gc,stats    ] Concurrent Cleanup                   57 us
[1240.677s][info][gc,stats    ] Concurrent Class Unloading         7785 us
[1240.677s][info][gc,stats    ]   Unlink Stale                     7293 us
[1240.677s][info][gc,stats    ]     System Dictionary                41 us
[1240.677s][info][gc,stats    ]     Weak Class Links                  0 us
[1240.677s][info][gc,stats    ]     Code Roots                     7250 us
[1240.677s][info][gc,stats    ]   Rendezvous                        137 us
[1240.677s][info][gc,stats    ]   Purge Unlinked                    228 us
[1240.677s][info][gc,stats    ]     Code Roots                      222 us
[1240.677s][info][gc,stats    ]     CLDG                              7 us
[1240.677s][info][gc,stats    ]     Exception Caches                  0 us
[1240.677s][info][gc,stats    ] Concurrent Strong Roots             690 us, parallelism: 0.68x
[1240.677s][info][gc,stats    ]   CSR: <total>                      473 us
[1240.677s][info][gc,stats    ]   CSR: VM Strong Roots               22 us, workers (us):  20,   2, ---, ---, 
[1240.677s][info][gc,stats    ]   CSR: CLDG Roots                   450 us, workers (us): ---, 450, ---, ---, 
[1240.677s][info][gc,stats    ] Concurrent Evacuation             52713 us
[1240.677s][info][gc,stats    ] Pause Init Update Refs (G)          114 us
[1240.677s][info][gc,stats    ] Pause Init Update Refs (N)           56 us
[1240.677s][info][gc,stats    ]   Manage GCLABs                       6 us
[1240.677s][info][gc,stats    ] Concurrent Update Refs           156755 us
[1240.677s][info][gc,stats    ] Concurrent Update Thread Roots     1354 us
[1240.677s][info][gc,stats    ] Pause Final Update Refs (G)         132 us
[1240.677s][info][gc,stats    ] Pause Final Update Refs (N)         114 us
[1240.677s][info][gc,stats    ]   Update Region States               25 us
[1240.677s][info][gc,stats    ]   Trash Collection Set               13 us
[1240.677s][info][gc,stats    ]   Rebuild Free Set                   12 us
[1240.677s][info][gc,stats    ] Concurrent Cleanup                   64 us
[1240.677s][info][gc,stats    ] 
[1240.677s][info][gc,stats    ] Allocation pacing accrued:
[1240.677s][info][gc,stats    ]       0 of  8818 ms (  0.0%): <total>
[1240.677s][info][gc,stats    ]       0 of  8818 ms (  0.0%): <average total>
[1240.677s][info][gc,stats    ] 
[1240.677s][info][gc,metaspace] Metaspace: 135190K(136512K)->135190K(136512K) NonClass: 114255K(115008K)->114255K(115008K) Class: 20934K(21504K)->20934K(21504K)
[1240.677s][info][gc,ergo     ] Pacer for Idle. Initial: 163M, Alloc Tax Rate: 1.0x
[1251.170s][info][gc          ] Trigger: Free (817M) is below minimum threshold (819M)
[1251.170s][info][gc,ergo     ] Free: 817M, Max: 4096K regular, 508M humongous, Frag: 37% external, 0% internal; Reserve: 412M, Max: 4096K
[1251.170s][info][gc,start    ] GC(133) Concurrent reset
[1251.170s][info][gc,task     ] GC(133) Using 2 of 4 workers for concurrent reset
[1251.170s][info][gc,ergo     ] GC(133) Pacer for Reset. Non-Taxable: 8192M
[1251.184s][info][gc          ] GC(133) Concurrent reset 13.415ms
[1251.184s][info][gc,start    ] GC(133) Pause Init Mark (unload classes)
[1251.184s][info][gc,task     ] GC(133) Using 4 of 4 workers for init marking
[1251.184s][info][gc,ergo     ] GC(133) Pacer for Mark. Expected Live: 506M, Free: 809M, Non-Taxable: 82847K, Alloc Tax Rate: 0.8x
[1251.184s][info][gc          ] GC(133) Pause Init Mark (unload classes) 0.115ms
[1251.184s][info][gc,start    ] GC(133) Concurrent marking roots
[1251.184s][info][gc,task     ] GC(133) Using 2 of 4 workers for concurrent marking roots
[1251.185s][info][gc          ] GC(133) Concurrent marking roots 1.280ms
[1251.185s][info][gc,start    ] GC(133) Concurrent marking (unload classes)
[1251.185s][info][gc,task     ] GC(133) Using 2 of 4 workers for concurrent marking
[1251.431s][info][gc          ] GC(133) Concurrent marking (unload classes) 245.730ms
[1251.431s][info][gc,start    ] GC(133) Pause Final Mark (unload classes)
[1251.431s][info][gc,task     ] GC(133) Using 4 of 4 workers for final marking
[1251.431s][info][gc,ergo     ] GC(133) Adaptive CSet Selection. Target Free: 1160M, Actual Free: 2364M, Max CSet: 341M, Min Garbage: 0B
[1251.432s][info][gc,ergo     ] GC(133) Collectable Garbage: 6432M (99%), Immediate: 1288M (19%), CSet: 5144M (79%)
[1251.432s][info][gc,ergo     ] GC(133) Pacer for Evacuation. Used CSet: 5236M, Free: 1965M, Non-Taxable: 196M, Alloc Tax Rate: 6.5x
[1251.432s][info][gc          ] GC(133) Pause Final Mark (unload classes) 0.362ms
[1251.432s][info][gc,start    ] GC(133) Concurrent thread roots
[1251.432s][info][gc,task     ] GC(133) Using 2 of 4 workers for Concurrent thread roots
[1251.433s][info][gc          ] GC(133) Concurrent thread roots 0.896ms
[1251.433s][info][gc,start    ] GC(133) Concurrent weak references
[1251.433s][info][gc,task     ] GC(133) Using 2 of 4 workers for concurrent weak references
[1251.433s][info][gc,ref      ] GC(133) Encountered references: Soft: 6114, Weak: 23463, Final: 34, Phantom: 1084
[1251.433s][info][gc,ref      ] GC(133) Discovered  references: Soft: 0, Weak: 11057, Final: 33, Phantom: 759
[1251.433s][info][gc,ref      ] GC(133) Enqueued    references: Soft: 0, Weak: 1, Final: 0, Phantom: 0
[1251.433s][info][gc          ] GC(133) Concurrent weak references 0.504ms
[1251.433s][info][gc,start    ] GC(133) Concurrent weak roots
[1251.433s][info][gc,task     ] GC(133) Using 2 of 4 workers for concurrent weak root
[1251.436s][info][gc          ] GC(133) Concurrent weak roots 2.751ms
[1251.436s][info][gc,start    ] GC(133) Concurrent cleanup
[1251.436s][info][gc          ] GC(133) Concurrent cleanup 7111M->5823M(8192M) 0.033ms
[1251.436s][info][gc,ergo     ] GC(133) Free: 1957M, Max: 4096K regular, 508M humongous, Frag: 74% external, 0% internal; Reserve: 411M, Max: 4096K
[1251.436s][info][gc,start    ] GC(133) Concurrent class unloading
[1251.436s][info][gc,task     ] GC(133) Using 2 of 4 workers for concurrent class unloading
[1251.441s][info][gc          ] GC(133) Concurrent class unloading 5.018ms
[1251.441s][info][gc,start    ] GC(133) Concurrent strong roots
[1251.441s][info][gc,task     ] GC(133) Using 2 of 4 workers for concurrent strong root
[1251.441s][info][gc          ] GC(133) Concurrent strong roots 0.348ms
[1251.441s][info][gc,start    ] GC(133) Concurrent evacuation
[1251.441s][info][gc,task     ] GC(133) Using 2 of 4 workers for concurrent evacuation
[1251.485s][info][gc          ] GC(133) Concurrent evacuation 43.951ms
[1251.485s][info][gc,start    ] GC(133) Pause Init Update Refs
[1251.485s][info][gc,ergo     ] GC(133) Pacer for Update Refs. Used: 5942M, Free: 1933M, Non-Taxable: 193M, Alloc Tax Rate: 3.8x
[1251.485s][info][gc          ] GC(133) Pause Init Update Refs 0.048ms
[1251.485s][info][gc,start    ] GC(133) Concurrent update references
[1251.485s][info][gc,task     ] GC(133) Using 2 of 4 workers for concurrent reference update
[1251.633s][info][gc          ] GC(133) Concurrent update references 147.495ms
[1251.633s][info][gc,start    ] GC(133) Concurrent update thread roots
[1251.634s][info][gc          ] GC(133) Concurrent update thread roots 1.345ms
[1251.634s][info][gc,start    ] GC(133) Pause Final Update Refs
[1251.634s][info][gc,task     ] GC(133) Using 4 of 4 workers for final reference update
[1251.634s][info][gc          ] GC(133) Pause Final Update Refs 0.086ms
[1251.634s][info][gc,start    ] GC(133) Concurrent cleanup
[1251.635s][info][gc          ] GC(133) Concurrent cleanup 6022M->786M(8192M) 0.063ms
[1251.635s][info][gc,ergo     ] Free: 6993M, Max: 4096K regular, 5904M humongous, Frag: 16% external, 0% internal; Reserve: 412M, Max: 4096K
[1251.635s][info][gc,stats    ] 
[1251.635s][info][gc,stats    ] All times are wall-clock times, except per-root-class counters, that are sum over
[1251.635s][info][gc,stats    ] all workers. Dividing the <total> over the root stage time estimates parallelism.
[1251.635s][info][gc,stats    ] 
[1251.635s][info][gc,stats    ] Concurrent Reset                  13494 us
[1251.635s][info][gc,stats    ] Pause Init Mark (G)                 237 us
[1251.635s][info][gc,stats    ] Pause Init Mark (N)                 126 us
[1251.635s][info][gc,stats    ]   Update Region States               53 us
[1251.635s][info][gc,stats    ] Concurrent Mark Roots              1302 us, parallelism: 1.66x
[1251.635s][info][gc,stats    ]   CMR: <total>                     2158 us
[1251.635s][info][gc,stats    ]   CMR: Thread Roots                2015 us, workers (us): 951, 1064, ---, ---, 
[1251.635s][info][gc,stats    ]   CMR: VM Strong Roots               16 us, workers (us):  16,   0, ---, ---, 
[1251.635s][info][gc,stats    ]   CMR: CLDG Roots                   127 us, workers (us): 127, ---, ---, ---, 
[1251.635s][info][gc,stats    ] Concurrent Marking               245776 us
[1251.635s][info][gc,stats    ] Pause Final Mark (G)                439 us
[1251.635s][info][gc,stats    ] Pause Final Mark (N)                373 us
[1251.635s][info][gc,stats    ]   Finish Mark                        95 us
[1251.635s][info][gc,stats    ]   Update Region States               60 us
[1251.635s][info][gc,stats    ]   Choose Collection Set             140 us
[1251.635s][info][gc,stats    ]   Rebuild Free Set                    9 us
[1251.635s][info][gc,stats    ] Concurrent Thread Roots             919 us, parallelism: 1.76x
[1251.635s][info][gc,stats    ]   CTR: <total>                     1617 us
[1251.635s][info][gc,stats    ]   CTR: Thread Roots                1617 us, workers (us): 823, 794, ---, ---, 
[1251.635s][info][gc,stats    ] Concurrent Weak References          515 us, parallelism: 0.78x
[1251.635s][info][gc,stats    ]   CWRF: <total>                     400 us
[1251.635s][info][gc,stats    ]   CWRF: Weak References             400 us, workers (us): 399,   0, ---, ---, 
[1251.635s][info][gc,stats    ] Concurrent Weak Roots              2774 us
[1251.635s][info][gc,stats    ]   Roots                            2650 us, parallelism: 1.89x
[1251.635s][info][gc,stats    ]     CWR: <total>                   4999 us
[1251.635s][info][gc,stats    ]     CWR: Code Cache Roots          3454 us, workers (us): 1730, 1724, ---, ---, 
[1251.635s][info][gc,stats    ]     CWR: VM Weak Roots             1494 us, workers (us): 762, 732, ---, ---, 
[1251.635s][info][gc,stats    ]     CWR: CLDG Roots                  52 us, workers (us): ---,  52, ---, ---, 
[1251.635s][info][gc,stats    ]   Rendezvous                         79 us
[1251.635s][info][gc,stats    ] Concurrent Cleanup                   46 us
[1251.635s][info][gc,stats    ] Concurrent Class Unloading         5041 us
[1251.635s][info][gc,stats    ]   Unlink Stale                     4880 us
[1251.635s][info][gc,stats    ]     System Dictionary                43 us
[1251.635s][info][gc,stats    ]     Weak Class Links                  0 us
[1251.635s][info][gc,stats    ]     Code Roots                     4836 us
[1251.635s][info][gc,stats    ]   Rendezvous                        109 us
[1251.635s][info][gc,stats    ]   Purge Unlinked                      4 us
[1251.635s][info][gc,stats    ]     Code Roots                        2 us
[1251.635s][info][gc,stats    ]     CLDG                              2 us
[1251.635s][info][gc,stats    ] Concurrent Strong Roots             376 us, parallelism: 0.60x
[1251.635s][info][gc,stats    ]   CSR: <total>                      227 us
[1251.635s][info][gc,stats    ]   CSR: VM Strong Roots               12 us, workers (us):   6,   6, ---, ---, 
[1251.635s][info][gc,stats    ]   CSR: CLDG Roots                   215 us, workers (us): ---, 215, ---, ---, 
[1251.635s][info][gc,stats    ] Concurrent Evacuation             43988 us
[1251.635s][info][gc,stats    ] Pause Init Update Refs (G)           89 us
[1251.635s][info][gc,stats    ] Pause Init Update Refs (N)           59 us
[1251.635s][info][gc,stats    ]   Manage GCLABs                       7 us
[1251.635s][info][gc,stats    ] Concurrent Update Refs           147540 us
[1251.635s][info][gc,stats    ] Concurrent Update Thread Roots     1363 us
[1251.635s][info][gc,stats    ] Pause Final Update Refs (G)         134 us
[1251.635s][info][gc,stats    ] Pause Final Update Refs (N)         111 us
[1251.635s][info][gc,stats    ]   Update Region States               27 us
[1251.635s][info][gc,stats    ]   Trash Collection Set               11 us
[1251.635s][info][gc,stats    ]   Rebuild Free Set                   10 us
[1251.635s][info][gc,stats    ] Concurrent Cleanup                   76 us
[1251.635s][info][gc,stats    ] 
[1251.635s][info][gc,stats    ] Allocation pacing accrued:
[1251.635s][info][gc,stats    ]       0 of 10958 ms (  0.0%): <total>
[1251.635s][info][gc,stats    ]       0 of 10958 ms (  0.0%): <average total>
[1251.635s][info][gc,stats    ] 
[1251.635s][info][gc,metaspace] Metaspace: 135195K(136512K)->135195K(136512K) NonClass: 114261K(115008K)->114261K(115008K) Class: 20934K(21504K)->20934K(21504K)
[1251.635s][info][gc,ergo     ] Pacer for Idle. Initial: 163M, Alloc Tax Rate: 1.0x
[1260.277s][info][gc          ] Trigger: Average GC time (504.84 ms) is above the time for average allocation rate (1260 MB/s) to deplete free headroom (635M) (margin of error = 1.94)
[1260.277s][info][gc,ergo     ] Free headroom: 1044M (free) - 409M (spike) - 0B (penalties) = 635M
[1260.277s][info][gc,ergo     ] Free: 1044M, Max: 4096K regular, 528M humongous, Frag: 49% external, 0% internal; Reserve: 412M, Max: 4096K
[1260.277s][info][gc,start    ] GC(134) Concurrent reset
[1260.277s][info][gc,task     ] GC(134) Using 2 of 4 workers for concurrent reset
[1260.277s][info][gc,ergo     ] GC(134) Pacer for Reset. Non-Taxable: 8192M
[1260.300s][info][gc          ] GC(134) Concurrent reset 22.390ms
[1260.300s][info][gc,start    ] GC(134) Pause Init Mark (unload classes)
[1260.300s][info][gc,task     ] GC(134) Using 4 of 4 workers for init marking
[1260.300s][info][gc,ergo     ] GC(134) Pacer for Mark. Expected Live: 505M, Free: 1025M, Non-Taxable: 102M, Alloc Tax Rate: 0.6x
[1260.300s][info][gc          ] GC(134) Pause Init Mark (unload classes) 0.121ms
[1260.300s][info][gc,start    ] GC(134) Concurrent marking roots
[1260.300s][info][gc,task     ] GC(134) Using 2 of 4 workers for concurrent marking roots
[1260.301s][info][gc          ] GC(134) Concurrent marking roots 1.098ms
[1260.301s][info][gc,start    ] GC(134) Concurrent marking (unload classes)
[1260.301s][info][gc,task     ] GC(134) Using 2 of 4 workers for concurrent marking
[1260.553s][info][gc          ] GC(134) Concurrent marking (unload classes) 252.347ms
[1260.553s][info][gc,start    ] GC(134) Pause Final Mark (unload classes)
[1260.553s][info][gc,task     ] GC(134) Using 4 of 4 workers for final marking
[1260.554s][info][gc,ergo     ] GC(134) Adaptive CSet Selection. Target Free: 1160M, Actual Free: 3740M, Max CSet: 341M, Min Garbage: 0B
[1260.554s][info][gc,ergo     ] GC(134) Collectable Garbage: 6193M (99%), Immediate: 2532M (40%), CSet: 3661M (58%)
[1260.554s][info][gc,ergo     ] GC(134) Pacer for Evacuation. Used CSet: 3776M, Free: 3345M, Non-Taxable: 334M, Alloc Tax Rate: 2.8x
[1260.554s][info][gc          ] GC(134) Pause Final Mark (unload classes) 0.234ms
[1260.554s][info][gc,start    ] GC(134) Concurrent thread roots
[1260.554s][info][gc,task     ] GC(134) Using 2 of 4 workers for Concurrent thread roots
[1260.555s][info][gc          ] GC(134) Concurrent thread roots 0.821ms
[1260.555s][info][gc,start    ] GC(134) Concurrent weak references
[1260.555s][info][gc,task     ] GC(134) Using 2 of 4 workers for concurrent weak references
[1260.555s][info][gc,ref      ] GC(134) Encountered references: Soft: 6114, Weak: 23466, Final: 34, Phantom: 1090
[1260.555s][info][gc,ref      ] GC(134) Discovered  references: Soft: 0, Weak: 1282, Final: 0, Phantom: 762
[1260.555s][info][gc,ref      ] GC(134) Enqueued    references: Soft: 0, Weak: 3, Final: 0, Phantom: 0
[1260.555s][info][gc          ] GC(134) Concurrent weak references 0.144ms
[1260.555s][info][gc,start    ] GC(134) Concurrent weak roots
[1260.555s][info][gc,task     ] GC(134) Using 2 of 4 workers for concurrent weak root
[1260.557s][info][gc          ] GC(134) Concurrent weak roots 2.663ms
[1260.557s][info][gc,start    ] GC(134) Concurrent cleanup
[1260.557s][info][gc          ] GC(134) Concurrent cleanup 6975M->4443M(8192M) 0.040ms
[1260.557s][info][gc,ergo     ] GC(134) Free: 3337M, Max: 4096K regular, 528M humongous, Frag: 85% external, 0% internal; Reserve: 411M, Max: 4096K
[1260.557s][info][gc,start    ] GC(134) Concurrent class unloading
[1260.557s][info][gc,task     ] GC(134) Using 2 of 4 workers for concurrent class unloading
[1260.563s][info][gc          ] GC(134) Concurrent class unloading 5.459ms
[1260.563s][info][gc,start    ] GC(134) Concurrent strong roots
[1260.563s][info][gc,task     ] GC(134) Using 2 of 4 workers for concurrent strong root
[1260.563s][info][gc          ] GC(134) Concurrent strong roots 0.293ms
[1260.563s][info][gc,start    ] GC(134) Concurrent evacuation
[1260.563s][info][gc,task     ] GC(134) Using 2 of 4 workers for concurrent evacuation
[1260.612s][info][gc          ] GC(134) Concurrent evacuation 48.346ms
[1260.612s][info][gc,start    ] GC(134) Pause Init Update Refs
[1260.612s][info][gc,ergo     ] GC(134) Pacer for Update Refs. Used: 4578M, Free: 3321M, Non-Taxable: 332M, Alloc Tax Rate: 1.7x
[1260.612s][info][gc          ] GC(134) Pause Init Update Refs 0.046ms
[1260.612s][info][gc,start    ] GC(134) Concurrent update references
[1260.612s][info][gc,task     ] GC(134) Using 2 of 4 workers for concurrent reference update
[1260.774s][info][gc          ] GC(134) Concurrent update references 161.963ms
[1260.774s][info][gc,start    ] GC(134) Concurrent update thread roots
[1260.775s][info][gc          ] GC(134) Concurrent update thread roots 1.523ms
[1260.775s][info][gc,start    ] GC(134) Pause Final Update Refs
[1260.775s][info][gc,task     ] GC(134) Using 4 of 4 workers for final reference update
[1260.775s][info][gc          ] GC(134) Pause Final Update Refs 0.098ms
[1260.775s][info][gc,start    ] GC(134) Concurrent cleanup
[1260.776s][info][gc          ] GC(134) Concurrent cleanup 4638M->862M(8192M) 0.063ms
[1260.776s][info][gc,ergo     ] Free: 6917M, Max: 4096K regular, 5568M humongous, Frag: 20% external, 0% internal; Reserve: 412M, Max: 4096K
[1260.776s][info][gc,stats    ] 
[1260.776s][info][gc,stats    ] All times are wall-clock times, except per-root-class counters, that are sum over
[1260.776s][info][gc,stats    ] all workers. Dividing the <total> over the root stage time estimates parallelism.
[1260.776s][info][gc,stats    ] 
[1260.776s][info][gc,stats    ] Concurrent Reset                  22430 us
[1260.776s][info][gc,stats    ] Pause Init Mark (G)                 223 us
[1260.776s][info][gc,stats    ] Pause Init Mark (N)                 132 us
[1260.776s][info][gc,stats    ]   Update Region States               61 us
[1260.776s][info][gc,stats    ] Concurrent Mark Roots              1123 us, parallelism: 1.59x
[1260.776s][info][gc,stats    ]   CMR: <total>                     1788 us
[1260.776s][info][gc,stats    ]   CMR: Thread Roots                1576 us, workers (us): 697, 880, ---, ---, 
[1260.776s][info][gc,stats    ]   CMR: VM Strong Roots               15 us, workers (us):  15,   0, ---, ---, 
[1260.776s][info][gc,stats    ]   CMR: CLDG Roots                   196 us, workers (us): 196, ---, ---, ---, 
[1260.776s][info][gc,stats    ] Concurrent Marking               252391 us
[1260.776s][info][gc,stats    ] Pause Final Mark (G)                264 us
[1260.776s][info][gc,stats    ] Pause Final Mark (N)                245 us
[1260.776s][info][gc,stats    ]   Finish Mark                        19 us
[1260.776s][info][gc,stats    ]   Update Region States               17 us
[1260.776s][info][gc,stats    ]   Choose Collection Set             128 us
[1260.776s][info][gc,stats    ]   Rebuild Free Set                   11 us
[1260.776s][info][gc,stats    ] Concurrent Thread Roots             839 us, parallelism: 1.87x
[1260.776s][info][gc,stats    ]   CTR: <total>                     1566 us
[1260.776s][info][gc,stats    ]   CTR: Thread Roots                1566 us, workers (us): 784, 782, ---, ---, 
[1260.776s][info][gc,stats    ] Concurrent Weak References          154 us, parallelism: 0.85x
[1260.776s][info][gc,stats    ]   CWRF: <total>                     131 us
[1260.776s][info][gc,stats    ]   CWRF: Weak References             131 us, workers (us):  78,  53, ---, ---, 
[1260.776s][info][gc,stats    ] Concurrent Weak Roots              2677 us
[1260.776s][info][gc,stats    ]   Roots                            2611 us, parallelism: 1.92x
[1260.776s][info][gc,stats    ]     CWR: <total>                   5009 us
[1260.776s][info][gc,stats    ]     CWR: Code Cache Roots          3480 us, workers (us): 1738, 1742, ---, ---, 
[1260.776s][info][gc,stats    ]     CWR: VM Weak Roots             1477 us, workers (us): 738, 739, ---, ---, 
[1260.776s][info][gc,stats    ]     CWR: CLDG Roots                  52 us, workers (us):  52, ---, ---, ---, 
[1260.776s][info][gc,stats    ]   Rendezvous                         30 us
[1260.776s][info][gc,stats    ] Concurrent Cleanup                   52 us
[1260.776s][info][gc,stats    ] Concurrent Class Unloading         5480 us
[1260.776s][info][gc,stats    ]   Unlink Stale                     5375 us
[1260.776s][info][gc,stats    ]     System Dictionary                48 us
[1260.776s][info][gc,stats    ]     Weak Class Links                  0 us
[1260.776s][info][gc,stats    ]     Code Roots                     5325 us
[1260.776s][info][gc,stats    ]   Rendezvous                         59 us
[1260.776s][info][gc,stats    ]   Purge Unlinked                      3 us
[1260.776s][info][gc,stats    ]     Code Roots                        1 us
[1260.776s][info][gc,stats    ]     CLDG                              2 us
[1260.776s][info][gc,stats    ]     Exception Caches                  0 us
[1260.776s][info][gc,stats    ] Concurrent Strong Roots             307 us, parallelism: 0.70x
[1260.776s][info][gc,stats    ]   CSR: <total>                      215 us
[1260.776s][info][gc,stats    ]   CSR: VM Strong Roots               10 us, workers (us):  10,   0, ---, ---, 
[1260.776s][info][gc,stats    ]   CSR: CLDG Roots                   205 us, workers (us): 205, ---, ---, ---, 
[1260.776s][info][gc,stats    ] Concurrent Evacuation             48383 us
[1260.776s][info][gc,stats    ] Pause Init Update Refs (G)           85 us
[1260.776s][info][gc,stats    ] Pause Init Update Refs (N)           57 us
[1260.776s][info][gc,stats    ]   Manage GCLABs                       6 us
[1260.776s][info][gc,stats    ] Concurrent Update Refs           162009 us
[1260.776s][info][gc,stats    ] Concurrent Update Thread Roots     1548 us
[1260.776s][info][gc,stats    ] Pause Final Update Refs (G)         217 us
[1260.776s][info][gc,stats    ] Pause Final Update Refs (N)         124 us
[1260.776s][info][gc,stats    ]   Update Region States               39 us
[1260.776s][info][gc,stats    ]   Trash Collection Set               10 us
[1260.776s][info][gc,stats    ]   Rebuild Free Set                   12 us
[1260.776s][info][gc,stats    ] Concurrent Cleanup                   77 us
[1260.776s][info][gc,stats    ] 
[1260.776s][info][gc,stats    ] Allocation pacing accrued:
[1260.776s][info][gc,stats    ]       0 of  9141 ms (  0.0%): <total>
[1260.776s][info][gc,stats    ]       0 of  9141 ms (  0.0%): <average total>
[1260.776s][info][gc,stats    ] 
[1260.776s][info][gc,metaspace] Metaspace: 135198K(136512K)->135198K(136512K) NonClass: 114264K(115008K)->114264K(115008K) Class: 20934K(21504K)->20934K(21504K)
[1260.776s][info][gc,ergo     ] Pacer for Idle. Initial: 163M, Alloc Tax Rate: 1.0x
[1272.243s][info][gc          ] Trigger: Average GC time (518.13 ms) is above the time for instantaneous allocation rate (998 MB/s) to deplete free headroom (411M) (spike threshold = 1.69)
[1272.243s][info][gc,ergo     ] Free: 821M, Max: 4096K regular, 504M humongous, Frag: 38% external, 0% internal; Reserve: 412M, Max: 4096K
[1272.243s][info][gc,start    ] GC(135) Concurrent reset
[1272.243s][info][gc,task     ] GC(135) Using 2 of 4 workers for concurrent reset
[1272.243s][info][gc,ergo     ] GC(135) Pacer for Reset. Non-Taxable: 8192M
[1272.253s][info][gc          ] GC(135) Concurrent reset 10.247ms
[1272.253s][info][gc,start    ] GC(135) Pause Init Mark (unload classes)
[1272.253s][info][gc,task     ] GC(135) Using 4 of 4 workers for init marking
[1272.253s][info][gc,ergo     ] GC(135) Pacer for Mark. Expected Live: 506M, Free: 817M, Non-Taxable: 83666K, Alloc Tax Rate: 0.8x
[1272.253s][info][gc          ] GC(135) Pause Init Mark (unload classes) 0.089ms
[1272.253s][info][gc,start    ] GC(135) Concurrent marking roots
[1272.253s][info][gc,task     ] GC(135) Using 2 of 4 workers for concurrent marking roots
[1272.254s][info][gc          ] GC(135) Concurrent marking roots 1.066ms
[1272.254s][info][gc,start    ] GC(135) Concurrent marking (unload classes)
[1272.254s][info][gc,task     ] GC(135) Using 2 of 4 workers for concurrent marking
[1272.501s][info][gc          ] GC(135) Concurrent marking (unload classes) 246.352ms
[1272.501s][info][gc,start    ] GC(135) Pause Final Mark (unload classes)
[1272.501s][info][gc,task     ] GC(135) Using 4 of 4 workers for final marking
[1272.501s][info][gc,ergo     ] GC(135) Adaptive CSet Selection. Target Free: 1160M, Actual Free: 1844M, Max CSet: 341M, Min Garbage: 0B
[1272.501s][info][gc,ergo     ] GC(135) Collectable Garbage: 6418M (99%), Immediate: 760M (11%), CSet: 5658M (87%)
[1272.501s][info][gc,ergo     ] GC(135) Pacer for Evacuation. Used CSet: 5756M, Free: 1445M, Non-Taxable: 144M, Alloc Tax Rate: 9.7x
[1272.501s][info][gc          ] GC(135) Pause Final Mark (unload classes) 0.322ms
[1272.501s][info][gc,start    ] GC(135) Concurrent thread roots
[1272.501s][info][gc,task     ] GC(135) Using 2 of 4 workers for Concurrent thread roots
[1272.502s][info][gc          ] GC(135) Concurrent thread roots 0.833ms
[1272.502s][info][gc,start    ] GC(135) Concurrent weak references
[1272.502s][info][gc,task     ] GC(135) Using 2 of 4 workers for concurrent weak references
[1272.502s][info][gc,ref      ] GC(135) Encountered references: Soft: 6114, Weak: 23470, Final: 34, Phantom: 1096
[1272.502s][info][gc,ref      ] GC(135) Discovered  references: Soft: 0, Weak: 1841, Final: 0, Phantom: 766
[1272.502s][info][gc,ref      ] GC(135) Enqueued    references: Soft: 0, Weak: 5, Final: 0, Phantom: 0
[1272.502s][info][gc          ] GC(135) Concurrent weak references 0.196ms
[1272.502s][info][gc,start    ] GC(135) Concurrent weak roots
[1272.502s][info][gc,task     ] GC(135) Using 2 of 4 workers for concurrent weak root
[1272.505s][info][gc          ] GC(135) Concurrent weak roots 2.733ms
[1272.505s][info][gc,start    ] GC(135) Concurrent cleanup
[1272.505s][info][gc          ] GC(135) Concurrent cleanup 7103M->6343M(8192M) 0.029ms
[1272.505s][info][gc,ergo     ] GC(135) Free: 1436M, Max: 4096K regular, 504M humongous, Frag: 65% external, 0% internal; Reserve: 411M, Max: 4096K
[1272.505s][info][gc,start    ] GC(135) Concurrent class unloading
[1272.505s][info][gc,task     ] GC(135) Using 2 of 4 workers for concurrent class unloading
[1272.510s][info][gc          ] GC(135) Concurrent class unloading 5.349ms
[1272.510s][info][gc,start    ] GC(135) Concurrent strong roots
[1272.510s][info][gc,task     ] GC(135) Using 2 of 4 workers for concurrent strong root
[1272.511s][info][gc          ] GC(135) Concurrent strong roots 0.333ms
[1272.511s][info][gc,start    ] GC(135) Concurrent evacuation
[1272.511s][info][gc,task     ] GC(135) Using 2 of 4 workers for concurrent evacuation
[1272.560s][info][gc          ] GC(135) Concurrent evacuation 49.419ms
[1272.560s][info][gc,start    ] GC(135) Pause Init Update Refs
[1272.560s][info][gc,ergo     ] GC(135) Pacer for Update Refs. Used: 6475M, Free: 1408M, Non-Taxable: 140M, Alloc Tax Rate: 5.6x
[1272.560s][info][gc          ] GC(135) Pause Init Update Refs 0.044ms
[1272.560s][info][gc,start    ] GC(135) Concurrent update references
[1272.560s][info][gc,task     ] GC(135) Using 2 of 4 workers for concurrent reference update
[1272.705s][info][gc          ] GC(135) Concurrent update references 144.537ms
[1272.705s][info][gc,start    ] GC(135) Concurrent update thread roots
[1272.706s][info][gc          ] GC(135) Concurrent update thread roots 1.468ms
[1272.706s][info][gc,start    ] GC(135) Pause Final Update Refs
[1272.706s][info][gc,task     ] GC(135) Using 4 of 4 workers for final reference update
[1272.706s][info][gc          ] GC(135) Pause Final Update Refs 0.103ms
[1272.706s][info][gc,start    ] GC(135) Concurrent cleanup
[1272.707s][info][gc          ] GC(135) Concurrent cleanup 6547M->791M(8192M) 0.068ms
[1272.707s][info][gc,ergo     ] Free: 6988M, Max: 4096K regular, 5892M humongous, Frag: 16% external, 0% internal; Reserve: 412M, Max: 4096K
[1272.707s][info][gc,stats    ] 
[1272.707s][info][gc,stats    ] All times are wall-clock times, except per-root-class counters, that are sum over
[1272.707s][info][gc,stats    ] all workers. Dividing the <total> over the root stage time estimates parallelism.
[1272.707s][info][gc,stats    ] 
[1272.707s][info][gc,stats    ] Concurrent Reset                  10319 us
[1272.707s][info][gc,stats    ] Pause Init Mark (G)                 200 us
[1272.707s][info][gc,stats    ] Pause Init Mark (N)                 101 us
[1272.707s][info][gc,stats    ]   Update Region States               21 us
[1272.707s][info][gc,stats    ] Concurrent Mark Roots              1088 us, parallelism: 1.61x
[1272.707s][info][gc,stats    ]   CMR: <total>                     1749 us
[1272.707s][info][gc,stats    ]   CMR: Thread Roots                1607 us, workers (us): 741, 866, ---, ---, 
[1272.707s][info][gc,stats    ]   CMR: VM Strong Roots               16 us, workers (us):   8,   8, ---, ---, 
[1272.707s][info][gc,stats    ]   CMR: CLDG Roots                   126 us, workers (us): 126, ---, ---, ---, 
[1272.707s][info][gc,stats    ] Concurrent Marking               246398 us
[1272.707s][info][gc,stats    ] Pause Final Mark (G)                392 us
[1272.707s][info][gc,stats    ] Pause Final Mark (N)                333 us
[1272.707s][info][gc,stats    ]   Finish Mark                        46 us
[1272.707s][info][gc,stats    ]   Update Region States               49 us
[1272.707s][info][gc,stats    ]   Choose Collection Set             162 us
[1272.707s][info][gc,stats    ]   Rebuild Free Set                    8 us
[1272.707s][info][gc,stats    ] Concurrent Thread Roots             855 us, parallelism: 1.77x
[1272.707s][info][gc,stats    ]   CTR: <total>                     1513 us
[1272.707s][info][gc,stats    ]   CTR: Thread Roots                1513 us, workers (us): 758, 755, ---, ---, 
[1272.707s][info][gc,stats    ] Concurrent Weak References          208 us, parallelism: 0.70x
[1272.707s][info][gc,stats    ]   CWRF: <total>                     145 us
[1272.707s][info][gc,stats    ]   CWRF: Weak References             145 us, workers (us):  85,  60, ---, ---, 
[1272.707s][info][gc,stats    ] Concurrent Weak Roots              2754 us
[1272.707s][info][gc,stats    ]   Roots                            2682 us, parallelism: 1.91x
[1272.707s][info][gc,stats    ]     CWR: <total>                   5134 us
[1272.707s][info][gc,stats    ]     CWR: Code Cache Roots          3539 us, workers (us): 1761, 1778, ---, ---, 
[1272.707s][info][gc,stats    ]     CWR: VM Weak Roots             1543 us, workers (us): 786, 758, ---, ---, 
[1272.707s][info][gc,stats    ]     CWR: CLDG Roots                  52 us, workers (us):  52, ---, ---, ---, 
[1272.707s][info][gc,stats    ]   Rendezvous                         29 us
[1272.707s][info][gc,stats    ] Concurrent Cleanup                   41 us
[1272.707s][info][gc,stats    ] Concurrent Class Unloading         5374 us
[1272.707s][info][gc,stats    ]   Unlink Stale                     5109 us
[1272.707s][info][gc,stats    ]     System Dictionary                35 us
[1272.707s][info][gc,stats    ]     Weak Class Links                  0 us
[1272.707s][info][gc,stats    ]     Code Roots                     5073 us
[1272.707s][info][gc,stats    ]   Rendezvous                         80 us
[1272.707s][info][gc,stats    ]   Purge Unlinked                    137 us
[1272.707s][info][gc,stats    ]     Code Roots                      133 us
[1272.707s][info][gc,stats    ]     CLDG                              4 us
[1272.707s][info][gc,stats    ]     Exception Caches                  0 us
[1272.707s][info][gc,stats    ] Concurrent Strong Roots             347 us, parallelism: 0.68x
[1272.707s][info][gc,stats    ]   CSR: <total>                      238 us
[1272.707s][info][gc,stats    ]   CSR: VM Strong Roots               12 us, workers (us):  12,   0, ---, ---, 
[1272.707s][info][gc,stats    ]   CSR: CLDG Roots                   226 us, workers (us): 226, ---, ---, ---, 
[1272.707s][info][gc,stats    ] Concurrent Evacuation             49482 us
[1272.707s][info][gc,stats    ] Pause Init Update Refs (G)          147 us
[1272.707s][info][gc,stats    ] Pause Init Update Refs (N)           55 us
[1272.707s][info][gc,stats    ]   Manage GCLABs                       7 us
[1272.707s][info][gc,stats    ] Concurrent Update Refs           144571 us
[1272.707s][info][gc,stats    ] Concurrent Update Thread Roots     1491 us
[1272.707s][info][gc,stats    ] Pause Final Update Refs (G)         157 us
[1272.707s][info][gc,stats    ] Pause Final Update Refs (N)         126 us
[1272.707s][info][gc,stats    ]   Update Region States               41 us
[1272.707s][info][gc,stats    ]   Trash Collection Set               16 us
[1272.707s][info][gc,stats    ]   Rebuild Free Set                    9 us
[1272.707s][info][gc,stats    ] Concurrent Cleanup                   81 us
[1272.707s][info][gc,stats    ] 
[1272.707s][info][gc,stats    ] Allocation pacing accrued:
[1272.707s][info][gc,stats    ]       0 of 11931 ms (  0.0%): <total>
[1272.707s][info][gc,stats    ]       0 of 11931 ms (  0.0%): <average total>
[1272.707s][info][gc,stats    ] 
[1272.707s][info][gc,metaspace] Metaspace: 135199K(136512K)->135199K(136512K) NonClass: 114265K(115008K)->114265K(115008K) Class: 20934K(21504K)->20934K(21504K)
[1272.707s][info][gc,ergo     ] Pacer for Idle. Initial: 163M, Alloc Tax Rate: 1.0x
[1280.252s][info][gc          ] Trigger: Average GC time (506.38 ms) is above the time for average allocation rate (1317 MB/s) to deplete free headroom (622M) (margin of error = 1.94)
[1280.252s][info][gc,ergo     ] Free headroom: 1032M (free) - 409M (spike) - 0B (penalties) = 622M
[1280.252s][info][gc,ergo     ] Free: 1032M, Max: 4096K regular, 520M humongous, Frag: 49% external, 0% internal; Reserve: 412M, Max: 4096K
[1280.252s][info][gc,start    ] GC(136) Concurrent reset
[1280.252s][info][gc,task     ] GC(136) Using 2 of 4 workers for concurrent reset
[1280.252s][info][gc,ergo     ] GC(136) Pacer for Reset. Non-Taxable: 8192M
[1280.269s][info][gc          ] GC(136) Concurrent reset 17.595ms
[1280.270s][info][gc,start    ] GC(136) Pause Init Mark (unload classes)
[1280.270s][info][gc,task     ] GC(136) Using 4 of 4 workers for init marking
[1280.270s][info][gc,ergo     ] GC(136) Pacer for Mark. Expected Live: 507M, Free: 1024M, Non-Taxable: 102M, Alloc Tax Rate: 0.6x
[1280.270s][info][gc          ] GC(136) Pause Init Mark (unload classes) 0.105ms
[1280.270s][info][gc,start    ] GC(136) Concurrent marking roots
[1280.270s][info][gc,task     ] GC(136) Using 2 of 4 workers for concurrent marking roots
[1280.271s][info][gc          ] GC(136) Concurrent marking roots 1.040ms
[1280.271s][info][gc,start    ] GC(136) Concurrent marking (unload classes)
[1280.271s][info][gc,task     ] GC(136) Using 2 of 4 workers for concurrent marking
[1280.544s][info][gc          ] GC(136) Concurrent marking (unload classes) 273.178ms
[1280.544s][info][gc,start    ] GC(136) Pause Final Mark (unload classes)
[1280.544s][info][gc,task     ] GC(136) Using 4 of 4 workers for final marking
[1280.544s][info][gc,ergo     ] GC(136) Adaptive CSet Selection. Target Free: 1160M, Actual Free: 3192M, Max CSet: 341M, Min Garbage: 0B
[1280.544s][info][gc,ergo     ] GC(136) Collectable Garbage: 6173M (99%), Immediate: 2052M (33%), CSet: 4120M (66%)
[1280.544s][info][gc,ergo     ] GC(136) Pacer for Evacuation. Used CSet: 4252M, Free: 2797M, Non-Taxable: 279M, Alloc Tax Rate: 3.7x
[1280.544s][info][gc          ] GC(136) Pause Final Mark (unload classes) 0.280ms
[1280.544s][info][gc,start    ] GC(136) Concurrent thread roots
[1280.544s][info][gc,task     ] GC(136) Using 2 of 4 workers for Concurrent thread roots
[1280.545s][info][gc          ] GC(136) Concurrent thread roots 0.845ms
[1280.545s][info][gc,start    ] GC(136) Concurrent weak references
[1280.545s][info][gc,task     ] GC(136) Using 2 of 4 workers for concurrent weak references
[1280.545s][info][gc,ref      ] GC(136) Encountered references: Soft: 6114, Weak: 23468, Final: 34, Phantom: 1099
[1280.545s][info][gc,ref      ] GC(136) Discovered  references: Soft: 0, Weak: 1183, Final: 0, Phantom: 768
[1280.545s][info][gc,ref      ] GC(136) Enqueued    references: Soft: 0, Weak: 2, Final: 0, Phantom: 0
[1280.545s][info][gc          ] GC(136) Concurrent weak references 0.157ms
[1280.545s][info][gc,start    ] GC(136) Concurrent weak roots
[1280.545s][info][gc,task     ] GC(136) Using 2 of 4 workers for concurrent weak root
[1280.548s][info][gc          ] GC(136) Concurrent weak roots 2.763ms
[1280.548s][info][gc,start    ] GC(136) Concurrent cleanup
[1280.548s][info][gc          ] GC(136) Concurrent cleanup 7043M->4991M(8192M) 0.038ms
[1280.548s][info][gc,ergo     ] GC(136) Free: 2788M, Max: 4096K regular, 520M humongous, Frag: 82% external, 0% internal; Reserve: 411M, Max: 4096K
[1280.548s][info][gc,start    ] GC(136) Concurrent class unloading
[1280.548s][info][gc,task     ] GC(136) Using 2 of 4 workers for concurrent class unloading
[1280.553s][info][gc          ] GC(136) Concurrent class unloading 5.226ms
[1280.553s][info][gc,start    ] GC(136) Concurrent strong roots
[1280.553s][info][gc,task     ] GC(136) Using 2 of 4 workers for concurrent strong root
[1280.554s][info][gc          ] GC(136) Concurrent strong roots 0.290ms
[1280.554s][info][gc,start    ] GC(136) Concurrent evacuation
[1280.554s][info][gc,task     ] GC(136) Using 2 of 4 workers for concurrent evacuation
[1280.614s][info][gc          ] GC(136) Concurrent evacuation 60.350ms
[1280.614s][info][gc,start    ] GC(136) Pause Init Update Refs
[1280.614s][info][gc,ergo     ] GC(136) Pacer for Update Refs. Used: 5163M, Free: 2752M, Non-Taxable: 275M, Alloc Tax Rate: 2.3x
[1280.614s][info][gc          ] GC(136) Pause Init Update Refs 0.047ms
[1280.614s][info][gc,start    ] GC(136) Concurrent update references
[1280.614s][info][gc,task     ] GC(136) Using 2 of 4 workers for concurrent reference update
[1280.793s][info][gc          ] GC(136) Concurrent update references 178.558ms
[1280.793s][info][gc,start    ] GC(136) Concurrent update thread roots
[1280.794s][info][gc          ] GC(136) Concurrent update thread roots 1.502ms
[1280.794s][info][gc,start    ] GC(136) Pause Final Update Refs
[1280.794s][info][gc,task     ] GC(136) Using 4 of 4 workers for final reference update
[1280.795s][info][gc          ] GC(136) Pause Final Update Refs 0.102ms
[1280.795s][info][gc,start    ] GC(136) Concurrent cleanup
[1280.795s][info][gc          ] GC(136) Concurrent cleanup 5283M->1031M(8192M) 0.067ms
[1280.795s][info][gc,ergo     ] Free: 6748M, Max: 4096K regular, 5560M humongous, Frag: 18% external, 0% internal; Reserve: 412M, Max: 4096K
[1280.795s][info][gc,stats    ] 
[1280.795s][info][gc,stats    ] All times are wall-clock times, except per-root-class counters, that are sum over
[1280.795s][info][gc,stats    ] all workers. Dividing the <total> over the root stage time estimates parallelism.
[1280.795s][info][gc,stats    ] 
[1280.795s][info][gc,stats    ] Concurrent Reset                  17664 us
[1280.795s][info][gc,stats    ] Pause Init Mark (G)                 237 us
[1280.795s][info][gc,stats    ] Pause Init Mark (N)                 117 us
[1280.795s][info][gc,stats    ]   Update Region States               37 us
[1280.795s][info][gc,stats    ] Concurrent Mark Roots              1062 us, parallelism: 1.52x
[1280.795s][info][gc,stats    ]   CMR: <total>                     1618 us
[1280.795s][info][gc,stats    ]   CMR: Thread Roots                1476 us, workers (us): 684, 792, ---, ---, 
[1280.795s][info][gc,stats    ]   CMR: VM Strong Roots               16 us, workers (us):  16,   0, ---, ---, 
[1280.795s][info][gc,stats    ]   CMR: CLDG Roots                   126 us, workers (us): 126, ---, ---, ---, 
[1280.795s][info][gc,stats    ] Concurrent Marking               273210 us
[1280.795s][info][gc,stats    ] Pause Final Mark (G)                358 us
[1280.795s][info][gc,stats    ] Pause Final Mark (N)                291 us
[1280.795s][info][gc,stats    ]   Finish Mark                        61 us
[1280.795s][info][gc,stats    ]   Update Region States               18 us
[1280.795s][info][gc,stats    ]   Choose Collection Set             134 us
[1280.795s][info][gc,stats    ]   Rebuild Free Set                   11 us
[1280.795s][info][gc,stats    ] Concurrent Thread Roots             864 us, parallelism: 1.85x
[1280.795s][info][gc,stats    ]   CTR: <total>                     1600 us
[1280.795s][info][gc,stats    ]   CTR: Thread Roots                1600 us, workers (us): 798, 802, ---, ---, 
[1280.795s][info][gc,stats    ] Concurrent Weak References          167 us, parallelism: 0.67x
[1280.795s][info][gc,stats    ]   CWRF: <total>                     112 us
[1280.795s][info][gc,stats    ]   CWRF: Weak References             112 us, workers (us):  93,  19, ---, ---, 
[1280.795s][info][gc,stats    ] Concurrent Weak Roots              2780 us
[1280.795s][info][gc,stats    ]   Roots                            2713 us, parallelism: 1.90x
[1280.795s][info][gc,stats    ]     CWR: <total>                   5149 us
[1280.795s][info][gc,stats    ]     CWR: Code Cache Roots          3599 us, workers (us): 1779, 1820, ---, ---, 
[1280.795s][info][gc,stats    ]     CWR: VM Weak Roots             1486 us, workers (us): 744, 742, ---, ---, 
[1280.795s][info][gc,stats    ]     CWR: CLDG Roots                  64 us, workers (us): ---,  64, ---, ---, 
[1280.795s][info][gc,stats    ]   Rendezvous                         28 us
[1280.795s][info][gc,stats    ] Concurrent Cleanup                   51 us
[1280.795s][info][gc,stats    ] Concurrent Class Unloading         5253 us
[1280.795s][info][gc,stats    ]   Unlink Stale                     5010 us
[1280.795s][info][gc,stats    ]     System Dictionary                53 us
[1280.795s][info][gc,stats    ]     Weak Class Links                  0 us
[1280.795s][info][gc,stats    ]     Code Roots                     4955 us
[1280.795s][info][gc,stats    ]   Rendezvous                        105 us
[1280.795s][info][gc,stats    ]   Purge Unlinked                     88 us
[1280.795s][info][gc,stats    ]     Code Roots                       85 us
[1280.795s][info][gc,stats    ]     CLDG                              3 us
[1280.795s][info][gc,stats    ]     Exception Caches                  0 us
[1280.795s][info][gc,stats    ] Concurrent Strong Roots             313 us, parallelism: 0.67x
[1280.795s][info][gc,stats    ]   CSR: <total>                      209 us
[1280.795s][info][gc,stats    ]   CSR: VM Strong Roots               10 us, workers (us):  10,   0, ---, ---, 
[1280.795s][info][gc,stats    ]   CSR: CLDG Roots                   198 us, workers (us): 198, ---, ---, ---, 
[1280.795s][info][gc,stats    ] Concurrent Evacuation             60391 us
[1280.795s][info][gc,stats    ] Pause Init Update Refs (G)          108 us
[1280.795s][info][gc,stats    ] Pause Init Update Refs (N)           58 us
[1280.795s][info][gc,stats    ]   Manage GCLABs                       6 us
[1280.795s][info][gc,stats    ] Concurrent Update Refs           178600 us
[1280.795s][info][gc,stats    ] Concurrent Update Thread Roots     1523 us
[1280.795s][info][gc,stats    ] Pause Final Update Refs (G)         220 us
[1280.795s][info][gc,stats    ] Pause Final Update Refs (N)         128 us
[1280.795s][info][gc,stats    ]   Update Region States               40 us
[1280.795s][info][gc,stats    ]   Trash Collection Set               14 us
[1280.795s][info][gc,stats    ]   Rebuild Free Set                   12 us
[1280.795s][info][gc,stats    ] Concurrent Cleanup                   81 us
[1280.795s][info][gc,stats    ] 
[1280.795s][info][gc,stats    ] Allocation pacing accrued:
[1280.795s][info][gc,stats    ]       0 of  8088 ms (  0.0%): <total>
[1280.795s][info][gc,stats    ]       0 of  8088 ms (  0.0%): <average total>
[1280.795s][info][gc,stats    ] 
[1280.795s][info][gc,metaspace] Metaspace: 135199K(136512K)->135199K(136512K) NonClass: 114265K(115008K)->114265K(115008K) Class: 20934K(21504K)->20934K(21504K)
[1280.795s][info][gc,ergo     ] Pacer for Idle. Initial: 163M, Alloc Tax Rate: 1.0x
[1290.249s][info][gc          ] Trigger: Average GC time (579.24 ms) is above the time for average allocation rate (1185 MB/s) to deplete free headroom (506M) (margin of error = 1.96)
[1290.249s][info][gc,ergo     ] Free headroom: 916M (free) - 409M (spike) - 0B (penalties) = 506M
[1290.249s][info][gc,ergo     ] Free: 916M, Max: 4096K regular, 484M humongous, Frag: 47% external, 0% internal; Reserve: 412M, Max: 4096K
[1290.249s][info][gc,start    ] GC(137) Concurrent reset
[1290.249s][info][gc,task     ] GC(137) Using 2 of 4 workers for concurrent reset
[1290.249s][info][gc,ergo     ] GC(137) Pacer for Reset. Non-Taxable: 8192M
[1290.266s][info][gc          ] GC(137) Concurrent reset 17.037ms
[1290.266s][info][gc,start    ] GC(137) Pause Init Mark (unload classes)
[1290.266s][info][gc,task     ] GC(137) Using 4 of 4 workers for init marking
[1290.266s][info][gc,ergo     ] GC(137) Pacer for Mark. Expected Live: 517M, Free: 904M, Non-Taxable: 92625K, Alloc Tax Rate: 0.7x
[1290.266s][info][gc          ] GC(137) Pause Init Mark (unload classes) 0.110ms
[1290.266s][info][gc,start    ] GC(137) Concurrent marking roots
[1290.266s][info][gc,task     ] GC(137) Using 2 of 4 workers for concurrent marking roots
[1290.267s][info][gc          ] GC(137) Concurrent marking roots 1.292ms
[1290.267s][info][gc,start    ] GC(137) Concurrent marking (unload classes)
[1290.267s][info][gc,task     ] GC(137) Using 2 of 4 workers for concurrent marking
[1290.520s][info][gc          ] GC(137) Concurrent marking (unload classes) 252.780ms
[1290.520s][info][gc,start    ] GC(137) Pause Final Mark (unload classes)
[1290.520s][info][gc,task     ] GC(137) Using 4 of 4 workers for final marking
[1290.520s][info][gc,ergo     ] GC(137) Adaptive CSet Selection. Target Free: 1160M, Actual Free: 1660M, Max CSet: 341M, Min Garbage: 0B
[1290.521s][info][gc,ergo     ] GC(137) Collectable Garbage: 6313M (99%), Immediate: 516M (8%), CSet: 5797M (91%)
[1290.521s][info][gc,ergo     ] GC(137) Pacer for Evacuation. Used CSet: 5908M, Free: 1261M, Non-Taxable: 126M, Alloc Tax Rate: 11.5x
[1290.521s][info][gc          ] GC(137) Pause Final Mark (unload classes) 0.328ms
[1290.521s][info][gc,start    ] GC(137) Concurrent thread roots
[1290.521s][info][gc,task     ] GC(137) Using 2 of 4 workers for Concurrent thread roots
[1290.521s][info][gc          ] GC(137) Concurrent thread roots 0.820ms
[1290.521s][info][gc,start    ] GC(137) Concurrent weak references
[1290.521s][info][gc,task     ] GC(137) Using 2 of 4 workers for concurrent weak references
[1290.522s][info][gc,ref      ] GC(137) Encountered references: Soft: 6114, Weak: 23469, Final: 34, Phantom: 1102
[1290.522s][info][gc,ref      ] GC(137) Discovered  references: Soft: 0, Weak: 1044, Final: 0, Phantom: 767
[1290.522s][info][gc,ref      ] GC(137) Enqueued    references: Soft: 0, Weak: 2, Final: 0, Phantom: 0
[1290.522s][info][gc          ] GC(137) Concurrent weak references 0.158ms
[1290.522s][info][gc,start    ] GC(137) Concurrent weak roots
[1290.522s][info][gc,task     ] GC(137) Using 2 of 4 workers for concurrent weak root
[1290.525s][info][gc          ] GC(137) Concurrent weak roots 3.308ms
[1290.525s][info][gc,start    ] GC(137) Concurrent cleanup
[1290.525s][info][gc          ] GC(137) Concurrent cleanup 7043M->6527M(8192M) 0.034ms
[1290.525s][info][gc,ergo     ] GC(137) Free: 1252M, Max: 4096K regular, 484M humongous, Frag: 61% external, 0% internal; Reserve: 411M, Max: 4096K
[1290.525s][info][gc,start    ] GC(137) Concurrent class unloading
[1290.525s][info][gc,task     ] GC(137) Using 2 of 4 workers for concurrent class unloading
[1290.531s][info][gc          ] GC(137) Concurrent class unloading 5.491ms
[1290.531s][info][gc,start    ] GC(137) Concurrent strong roots
[1290.531s][info][gc,task     ] GC(137) Using 2 of 4 workers for concurrent strong root
[1290.531s][info][gc          ] GC(137) Concurrent strong roots 0.298ms
[1290.531s][info][gc,start    ] GC(137) Concurrent evacuation
[1290.531s][info][gc,task     ] GC(137) Using 2 of 4 workers for concurrent evacuation
[1290.595s][info][gc          ] GC(137) Concurrent evacuation 63.925ms
[1290.595s][info][gc,start    ] GC(137) Pause Init Update Refs
[1290.595s][info][gc,ergo     ] GC(137) Pacer for Update Refs. Used: 6683M, Free: 1212M, Non-Taxable: 121M, Alloc Tax Rate: 6.7x
[1290.595s][info][gc          ] GC(137) Pause Init Update Refs 0.048ms
[1290.595s][info][gc,start    ] GC(137) Concurrent update references
[1290.595s][info][gc,task     ] GC(137) Using 2 of 4 workers for concurrent reference update
[1290.757s][info][gc          ] GC(137) Concurrent update references 161.610ms
[1290.757s][info][gc,start    ] GC(137) Concurrent update thread roots
[1290.758s][info][gc          ] GC(137) Concurrent update thread roots 1.370ms
[1290.758s][info][gc,start    ] GC(137) Pause Final Update Refs
[1290.758s][info][gc,task     ] GC(137) Using 4 of 4 workers for final reference update
[1290.758s][info][gc          ] GC(137) Pause Final Update Refs 0.094ms
[1290.758s][info][gc,start    ] GC(137) Concurrent cleanup
[1290.758s][info][gc          ] GC(137) Concurrent cleanup 6791M->883M(8192M) 0.077ms
[1290.758s][info][gc,ergo     ] Free: 6896M, Max: 4096K regular, 3640M humongous, Frag: 48% external, 0% internal; Reserve: 412M, Max: 4096K
[1290.758s][info][gc,stats    ] 
[1290.758s][info][gc,stats    ] All times are wall-clock times, except per-root-class counters, that are sum over
[1290.758s][info][gc,stats    ] all workers. Dividing the <total> over the root stage time estimates parallelism.
[1290.758s][info][gc,stats    ] 
[1290.758s][info][gc,stats    ] Concurrent Reset                  17137 us
[1290.758s][info][gc,stats    ] Pause Init Mark (G)                 255 us
[1290.758s][info][gc,stats    ] Pause Init Mark (N)                 122 us
[1290.758s][info][gc,stats    ]   Update Region States               34 us
[1290.758s][info][gc,stats    ] Concurrent Mark Roots              1317 us, parallelism: 1.58x
[1290.758s][info][gc,stats    ]   CMR: <total>                     2079 us
[1290.758s][info][gc,stats    ]   CMR: Thread Roots                1857 us, workers (us): 1024, 833, ---, ---, 
[1290.758s][info][gc,stats    ]   CMR: VM Strong Roots               19 us, workers (us):  11,   8, ---, ---, 
[1290.758s][info][gc,stats    ]   CMR: CLDG Roots                   202 us, workers (us): ---, 202, ---, ---, 
[1290.758s][info][gc,stats    ] Concurrent Marking               252828 us
[1290.759s][info][gc,stats    ] Pause Final Mark (G)                397 us
[1290.759s][info][gc,stats    ] Pause Final Mark (N)                339 us
[1290.759s][info][gc,stats    ]   Finish Mark                        45 us
[1290.759s][info][gc,stats    ]   Update Region States               56 us
[1290.759s][info][gc,stats    ]   Choose Collection Set             165 us
[1290.759s][info][gc,stats    ]   Rebuild Free Set                    8 us
[1290.759s][info][gc,stats    ] Concurrent Thread Roots             842 us, parallelism: 1.79x
[1290.759s][info][gc,stats    ]   CTR: <total>                     1510 us
[1290.759s][info][gc,stats    ]   CTR: Thread Roots                1510 us, workers (us): 771, 739, ---, ---, 
[1290.759s][info][gc,stats    ] Concurrent Weak References          169 us, parallelism: 0.55x
[1290.759s][info][gc,stats    ]   CWRF: <total>                      94 us
[1290.759s][info][gc,stats    ]   CWRF: Weak References              94 us, workers (us):  93,   0, ---, ---, 
[1290.759s][info][gc,stats    ] Concurrent Weak Roots              3333 us
[1290.759s][info][gc,stats    ]   Roots                            3218 us, parallelism: 1.89x
[1290.759s][info][gc,stats    ]     CWR: <total>                   6084 us
[1290.759s][info][gc,stats    ]     CWR: Code Cache Roots          4483 us, workers (us): 2227, 2257, ---, ---, 
[1290.759s][info][gc,stats    ]     CWR: VM Weak Roots             1537 us, workers (us): 783, 754, ---, ---, 
[1290.759s][info][gc,stats    ]     CWR: CLDG Roots                  64 us, workers (us): ---,  64, ---, ---, 
[1290.759s][info][gc,stats    ]   Rendezvous                         68 us
[1290.759s][info][gc,stats    ] Concurrent Cleanup                   47 us
[1290.759s][info][gc,stats    ] Concurrent Class Unloading         5518 us
[1290.759s][info][gc,stats    ]   Unlink Stale                     5234 us
[1290.759s][info][gc,stats    ]     System Dictionary                90 us
[1290.759s][info][gc,stats    ]     Weak Class Links                  0 us
[1290.759s][info][gc,stats    ]     Code Roots                     5143 us
[1290.759s][info][gc,stats    ]   Rendezvous                        104 us
[1290.759s][info][gc,stats    ]   Purge Unlinked                    122 us
[1290.759s][info][gc,stats    ]     Code Roots                      118 us
[1290.759s][info][gc,stats    ]     CLDG                              5 us
[1290.759s][info][gc,stats    ]     Exception Caches                  0 us
[1290.759s][info][gc,stats    ] Concurrent Strong Roots             312 us, parallelism: 0.68x
[1290.759s][info][gc,stats    ]   CSR: <total>                      213 us
[1290.759s][info][gc,stats    ]   CSR: VM Strong Roots               11 us, workers (us):   6,   5, ---, ---, 
[1290.759s][info][gc,stats    ]   CSR: CLDG Roots                   202 us, workers (us): ---, 202, ---, ---, 
[1290.759s][info][gc,stats    ] Concurrent Evacuation             63980 us
[1290.759s][info][gc,stats    ] Pause Init Update Refs (G)          125 us
[1290.759s][info][gc,stats    ] Pause Init Update Refs (N)           59 us
[1290.759s][info][gc,stats    ]   Manage GCLABs                       6 us
[1290.759s][info][gc,stats    ] Concurrent Update Refs           161656 us
[1290.759s][info][gc,stats    ] Concurrent Update Thread Roots     1393 us
[1290.759s][info][gc,stats    ] Pause Final Update Refs (G)         196 us
[1290.759s][info][gc,stats    ] Pause Final Update Refs (N)         120 us
[1290.759s][info][gc,stats    ]   Update Region States               31 us
[1290.759s][info][gc,stats    ]   Trash Collection Set               14 us
[1290.759s][info][gc,stats    ]   Rebuild Free Set                    9 us
[1290.759s][info][gc,stats    ] Concurrent Cleanup                   90 us
[1290.759s][info][gc,stats    ] 
[1290.759s][info][gc,stats    ] Allocation pacing accrued:
[1290.759s][info][gc,stats    ]       0 of  9964 ms (  0.0%): <total>
[1290.759s][info][gc,stats    ]       0 of  9964 ms (  0.0%): <average total>
[1290.759s][info][gc,stats    ] 
[1290.759s][info][gc,metaspace] Metaspace: 135204K(136512K)->135204K(136512K) NonClass: 114270K(115008K)->114270K(115008K) Class: 20934K(21504K)->20934K(21504K)
[1290.759s][info][gc,ergo     ] Pacer for Idle. Initial: 163M, Alloc Tax Rate: 1.0x
[1299.910s][info][gc          ] Trigger: Average GC time (558.99 ms) is above the time for instantaneous allocation rate (2177 MB/s) to deplete free headroom (1202M) (spike threshold = 1.70)
[1299.911s][info][gc,ergo     ] Free: 1611M, Max: 4096K regular, 564M humongous, Frag: 65% external, 0% internal; Reserve: 412M, Max: 4096K
[1299.911s][info][gc,start    ] GC(138) Concurrent reset
[1299.911s][info][gc,task     ] GC(138) Using 2 of 4 workers for concurrent reset
[1299.911s][info][gc,ergo     ] GC(138) Pacer for Reset. Non-Taxable: 8192M
[1299.935s][info][gc          ] GC(138) Concurrent reset 23.965ms
[1299.935s][info][gc,start    ] GC(138) Pause Init Mark (unload classes)
[1299.935s][info][gc,task     ] GC(138) Using 4 of 4 workers for init marking
[1299.935s][info][gc,ergo     ] GC(138) Pacer for Mark. Expected Live: 518M, Free: 1576M, Non-Taxable: 157M, Alloc Tax Rate: 0.4x
[1299.935s][info][gc          ] GC(138) Pause Init Mark (unload classes) 0.134ms
[1299.935s][info][gc,start    ] GC(138) Concurrent marking roots
[1299.935s][info][gc,task     ] GC(138) Using 2 of 4 workers for concurrent marking roots
[1299.936s][info][gc          ] GC(138) Concurrent marking roots 1.183ms
[1299.936s][info][gc,start    ] GC(138) Concurrent marking (unload classes)
[1299.936s][info][gc,task     ] GC(138) Using 2 of 4 workers for concurrent marking
[1300.223s][info][gc          ] GC(138) Concurrent marking (unload classes) 286.807ms
[1300.223s][info][gc,start    ] GC(138) Pause Final Mark (unload classes)
[1300.223s][info][gc,task     ] GC(138) Using 4 of 4 workers for final marking
[1300.223s][info][gc,ergo     ] GC(138) Adaptive CSet Selection. Target Free: 1160M, Actual Free: 2044M, Max CSet: 341M, Min Garbage: 0B
[1300.223s][info][gc,ergo     ] GC(138) Collectable Garbage: 5556M (99%), Immediate: 372M (6%), CSet: 5184M (92%)
[1300.223s][info][gc,ergo     ] GC(138) Pacer for Evacuation. Used CSet: 5372M, Free: 1648M, Non-Taxable: 164M, Alloc Tax Rate: 8.0x
[1300.223s][info][gc          ] GC(138) Pause Final Mark (unload classes) 0.281ms
[1300.223s][info][gc,start    ] GC(138) Concurrent thread roots
[1300.223s][info][gc,task     ] GC(138) Using 2 of 4 workers for Concurrent thread roots
[1300.224s][info][gc          ] GC(138) Concurrent thread roots 0.880ms
[1300.224s][info][gc,start    ] GC(138) Concurrent weak references
[1300.224s][info][gc,task     ] GC(138) Using 2 of 4 workers for concurrent weak references
[1300.224s][info][gc,ref      ] GC(138) Encountered references: Soft: 6122, Weak: 23565, Final: 34, Phantom: 1143
[1300.224s][info][gc,ref      ] GC(138) Discovered  references: Soft: 0, Weak: 1013, Final: 0, Phantom: 810
[1300.224s][info][gc,ref      ] GC(138) Enqueued    references: Soft: 0, Weak: 48, Final: 0, Phantom: 38
[1300.224s][info][gc          ] GC(138) Concurrent weak references 0.154ms
[1300.224s][info][gc,start    ] GC(138) Concurrent weak roots
[1300.224s][info][gc,task     ] GC(138) Using 2 of 4 workers for concurrent weak root
[1300.227s][info][gc          ] GC(138) Concurrent weak roots 2.860ms
[1300.227s][info][gc,start    ] GC(138) Concurrent cleanup
[1300.227s][info][gc          ] GC(138) Concurrent cleanup 6511M->6139M(8192M) 0.028ms
[1300.227s][info][gc,ergo     ] GC(138) Free: 1640M, Max: 4096K regular, 504M humongous, Frag: 69% external, 0% internal; Reserve: 411M, Max: 4096K
[1300.227s][info][gc,start    ] GC(138) Concurrent class unloading
[1300.227s][info][gc,task     ] GC(138) Using 2 of 4 workers for concurrent class unloading
[1300.234s][info][gc          ] GC(138) Concurrent class unloading 6.803ms
[1300.234s][info][gc,start    ] GC(138) Concurrent strong roots
[1300.234s][info][gc,task     ] GC(138) Using 2 of 4 workers for concurrent strong root
[1300.234s][info][gc          ] GC(138) Concurrent strong roots 0.384ms
[1300.234s][info][gc,start    ] GC(138) Concurrent evacuation
[1300.234s][info][gc,task     ] GC(138) Using 2 of 4 workers for concurrent evacuation
[1300.322s][info][gc          ] GC(138) Concurrent evacuation 87.269ms
[1300.322s][info][gc,start    ] GC(138) Pause Init Update Refs
[1300.322s][info][gc,ergo     ] GC(138) Pacer for Update Refs. Used: 6367M, Free: 1604M, Non-Taxable: 160M, Alloc Tax Rate: 4.8x
[1300.322s][info][gc          ] GC(138) Pause Init Update Refs 0.048ms
[1300.322s][info][gc,start    ] GC(138) Concurrent update references
[1300.322s][info][gc,task     ] GC(138) Using 2 of 4 workers for concurrent reference update
[1300.530s][info][gc          ] GC(138) Concurrent update references 208.496ms
[1300.530s][info][gc,start    ] GC(138) Concurrent update thread roots
[1300.532s][info][gc          ] GC(138) Concurrent update thread roots 1.530ms
[1300.532s][info][gc,start    ] GC(138) Pause Final Update Refs
[1300.532s][info][gc,task     ] GC(138) Using 4 of 4 workers for final reference update
[1300.532s][info][gc          ] GC(138) Pause Final Update Refs 0.091ms
[1300.532s][info][gc,start    ] GC(138) Concurrent cleanup
[1300.532s][info][gc          ] GC(138) Concurrent cleanup 6643M->1271M(8192M) 0.072ms
[1300.532s][info][gc,ergo     ] Free: 6508M, Max: 4096K regular, 1216M humongous, Frag: 82% external, 0% internal; Reserve: 412M, Max: 4096K
[1300.532s][info][gc,stats    ] 
[1300.532s][info][gc,stats    ] All times are wall-clock times, except per-root-class counters, that are sum over
[1300.532s][info][gc,stats    ] all workers. Dividing the <total> over the root stage time estimates parallelism.
[1300.532s][info][gc,stats    ] 
[1300.532s][info][gc,stats    ] Concurrent Reset                  24020 us
[1300.532s][info][gc,stats    ] Pause Init Mark (G)                 210 us
[1300.532s][info][gc,stats    ] Pause Init Mark (N)                 145 us
[1300.532s][info][gc,stats    ]   Update Region States               68 us
[1300.532s][info][gc,stats    ] Concurrent Mark Roots              1204 us, parallelism: 1.59x
[1300.532s][info][gc,stats    ]   CMR: <total>                     1910 us
[1300.532s][info][gc,stats    ]   CMR: Thread Roots                1740 us, workers (us): 793, 946, ---, ---, 
[1300.532s][info][gc,stats    ]   CMR: VM Strong Roots               17 us, workers (us):  14,   2, ---, ---, 
[1300.532s][info][gc,stats    ]   CMR: CLDG Roots                   153 us, workers (us): 153, ---, ---, ---, 
[1300.532s][info][gc,stats    ] Concurrent Marking               286848 us
[1300.532s][info][gc,stats    ] Pause Final Mark (G)                309 us
[1300.532s][info][gc,stats    ] Pause Final Mark (N)                292 us
[1300.532s][info][gc,stats    ]   Finish Mark                        44 us
[1300.532s][info][gc,stats    ]   Update Region States               15 us
[1300.532s][info][gc,stats    ]   Choose Collection Set             156 us
[1300.532s][info][gc,stats    ]   Rebuild Free Set                    8 us
[1300.532s][info][gc,stats    ] Concurrent Thread Roots             898 us, parallelism: 1.88x
[1300.532s][info][gc,stats    ]   CTR: <total>                     1684 us
[1300.532s][info][gc,stats    ]   CTR: Thread Roots                1684 us, workers (us): 844, 840, ---, ---, 
[1300.532s][info][gc,stats    ] Concurrent Weak References          169 us, parallelism: 0.57x
[1300.533s][info][gc,stats    ]   CWRF: <total>                      97 us
[1300.533s][info][gc,stats    ]   CWRF: Weak References              97 us, workers (us):  91,   6, ---, ---, 
[1300.533s][info][gc,stats    ] Concurrent Weak Roots              2883 us
[1300.533s][info][gc,stats    ]   Roots                            2800 us, parallelism: 1.88x
[1300.533s][info][gc,stats    ]     CWR: <total>                   5265 us
[1300.533s][info][gc,stats    ]     CWR: Code Cache Roots          3641 us, workers (us): 1876, 1765, ---, ---, 
[1300.533s][info][gc,stats    ]     CWR: VM Weak Roots             1560 us, workers (us): 801, 759, ---, ---, 
[1300.533s][info][gc,stats    ]     CWR: CLDG Roots                  64 us, workers (us): ---,  64, ---, ---, 
[1300.533s][info][gc,stats    ]   Rendezvous                         36 us
[1300.533s][info][gc,stats    ] Concurrent Cleanup                   41 us
[1300.533s][info][gc,stats    ] Concurrent Class Unloading         6858 us
[1300.533s][info][gc,stats    ]   Unlink Stale                     6313 us
[1300.533s][info][gc,stats    ]     System Dictionary                55 us
[1300.533s][info][gc,stats    ]     Weak Class Links                  0 us
[1300.533s][info][gc,stats    ]     Code Roots                     6256 us
[1300.533s][info][gc,stats    ]   Rendezvous                        110 us
[1300.533s][info][gc,stats    ]   Purge Unlinked                    355 us
[1300.533s][info][gc,stats    ]     Code Roots                      340 us
[1300.533s][info][gc,stats    ]     CLDG                             15 us
[1300.533s][info][gc,stats    ]     Exception Caches                  0 us
[1300.533s][info][gc,stats    ] Concurrent Strong Roots             401 us, parallelism: 0.67x
[1300.533s][info][gc,stats    ]   CSR: <total>                      270 us
[1300.533s][info][gc,stats    ]   CSR: VM Strong Roots               13 us, workers (us):  13,   0, ---, ---, 
[1300.533s][info][gc,stats    ]   CSR: CLDG Roots                   258 us, workers (us): 258, ---, ---, ---, 
[1300.533s][info][gc,stats    ] Concurrent Evacuation             87309 us
[1300.533s][info][gc,stats    ] Pause Init Update Refs (G)          129 us
[1300.533s][info][gc,stats    ] Pause Init Update Refs (N)           59 us
[1300.533s][info][gc,stats    ]   Manage GCLABs                       8 us
[1300.533s][info][gc,stats    ] Concurrent Update Refs           208535 us
[1300.533s][info][gc,stats    ] Concurrent Update Thread Roots     1554 us
[1300.533s][info][gc,stats    ] Pause Final Update Refs (G)         176 us
[1300.533s][info][gc,stats    ] Pause Final Update Refs (N)         117 us
[1300.533s][info][gc,stats    ]   Update Region States               30 us
[1300.533s][info][gc,stats    ]   Trash Collection Set               15 us
[1300.533s][info][gc,stats    ]   Rebuild Free Set                    9 us
[1300.533s][info][gc,stats    ] Concurrent Cleanup                   86 us
[1300.533s][info][gc,stats    ] 
[1300.533s][info][gc,stats    ] Allocation pacing accrued:
[1300.533s][info][gc,stats    ]       0 of  9774 ms (  0.0%): <total>
[1300.533s][info][gc,stats    ]       0 of  9774 ms (  0.0%): <average total>
[1300.533s][info][gc,stats    ] 
[1300.533s][info][gc,metaspace] Metaspace: 135376K(136768K)->135376K(136768K) NonClass: 114410K(115200K)->114410K(115200K) Class: 20965K(21568K)->20965K(21568K)
[1300.533s][info][gc,ergo     ] Pacer for Idle. Initial: 163M, Alloc Tax Rate: 1.0x
[1308.412s][info][gc          ] Trigger: Average GC time (681.25 ms) is above the time for average allocation rate (642 MB/s) to deplete free headroom (435M) (margin of error = 1.96)
[1308.412s][info][gc,ergo     ] Free headroom: 844M (free) - 409M (spike) - 0B (penalties) = 435M
[1308.412s][info][gc,ergo     ] Free: 844M, Max: 4096K regular, 428M humongous, Frag: 49% external, 0% internal; Reserve: 412M, Max: 4096K
[1308.412s][info][gc,start    ] GC(139) Concurrent reset
[1308.412s][info][gc,task     ] GC(139) Using 2 of 4 workers for concurrent reset
[1308.412s][info][gc,ergo     ] GC(139) Pacer for Reset. Non-Taxable: 8192M
[1308.431s][info][gc          ] GC(139) Concurrent reset 19.182ms
[1308.431s][info][gc,start    ] GC(139) Pause Init Mark (unload classes)
[1308.431s][info][gc,task     ] GC(139) Using 4 of 4 workers for init marking
[1308.431s][info][gc,ergo     ] GC(139) Pacer for Mark. Expected Live: 539M, Free: 832M, Non-Taxable: 85284K, Alloc Tax Rate: 0.8x
[1308.431s][info][gc          ] GC(139) Pause Init Mark (unload classes) 0.112ms
[1308.431s][info][gc,start    ] GC(139) Concurrent marking roots
[1308.431s][info][gc,task     ] GC(139) Using 2 of 4 workers for concurrent marking roots
[1308.432s][info][gc          ] GC(139) Concurrent marking roots 1.049ms
[1308.432s][info][gc,start    ] GC(139) Concurrent marking (unload classes)
[1308.432s][info][gc,task     ] GC(139) Using 2 of 4 workers for concurrent marking
[1308.694s][info][gc          ] GC(139) Concurrent marking (unload classes) 261.812ms
[1308.694s][info][gc,start    ] GC(139) Pause Final Mark (unload classes)
[1308.694s][info][gc,task     ] GC(139) Using 4 of 4 workers for final marking
[1308.694s][info][gc,ergo     ] GC(139) Adaptive CSet Selection. Target Free: 1160M, Actual Free: 2300M, Max CSet: 341M, Min Garbage: 0B
[1308.694s][info][gc,ergo     ] GC(139) Collectable Garbage: 6373M (99%), Immediate: 1208M (18%), CSet: 5165M (80%)
[1308.694s][info][gc,ergo     ] GC(139) Pacer for Evacuation. Used CSet: 5288M, Free: 1904M, Non-Taxable: 190M, Alloc Tax Rate: 6.8x
[1308.694s][info][gc          ] GC(139) Pause Final Mark (unload classes) 0.263ms
[1308.694s][info][gc,start    ] GC(139) Concurrent thread roots
[1308.695s][info][gc,task     ] GC(139) Using 2 of 4 workers for Concurrent thread roots
[1308.695s][info][gc          ] GC(139) Concurrent thread roots 0.804ms
[1308.695s][info][gc,start    ] GC(139) Concurrent weak references
[1308.695s][info][gc,task     ] GC(139) Using 2 of 4 workers for concurrent weak references
[1308.695s][info][gc,ref      ] GC(139) Encountered references: Soft: 6122, Weak: 23522, Final: 34, Phantom: 1111
[1308.695s][info][gc,ref      ] GC(139) Discovered  references: Soft: 0, Weak: 3653, Final: 0, Phantom: 782
[1308.696s][info][gc,ref      ] GC(139) Enqueued    references: Soft: 0, Weak: 3, Final: 0, Phantom: 0
[1308.696s][info][gc          ] GC(139) Concurrent weak references 0.200ms
[1308.696s][info][gc,start    ] GC(139) Concurrent weak roots
[1308.696s][info][gc,task     ] GC(139) Using 2 of 4 workers for concurrent weak root
[1308.698s][info][gc          ] GC(139) Concurrent weak roots 2.855ms
[1308.698s][info][gc,start    ] GC(139) Concurrent cleanup
[1308.698s][info][gc          ] GC(139) Concurrent cleanup 7092M->5884M(8192M) 0.034ms
[1308.698s][info][gc,ergo     ] GC(139) Free: 1896M, Max: 4096K regular, 428M humongous, Frag: 78% external, 0% internal; Reserve: 411M, Max: 4096K
[1308.698s][info][gc,start    ] GC(139) Concurrent class unloading
[1308.698s][info][gc,task     ] GC(139) Using 2 of 4 workers for concurrent class unloading
[1308.704s][info][gc          ] GC(139) Concurrent class unloading 5.493ms
[1308.704s][info][gc,start    ] GC(139) Concurrent strong roots
[1308.704s][info][gc,task     ] GC(139) Using 2 of 4 workers for concurrent strong root
[1308.704s][info][gc          ] GC(139) Concurrent strong roots 0.295ms
[1308.704s][info][gc,start    ] GC(139) Concurrent evacuation
[1308.704s][info][gc,task     ] GC(139) Using 2 of 4 workers for concurrent evacuation
[1308.766s][info][gc          ] GC(139) Concurrent evacuation 61.375ms
[1308.766s][info][gc,start    ] GC(139) Pause Init Update Refs
[1308.766s][info][gc,ergo     ] GC(139) Pacer for Update Refs. Used: 6039M, Free: 1868M, Non-Taxable: 186M, Alloc Tax Rate: 4.0x
[1308.766s][info][gc          ] GC(139) Pause Init Update Refs 0.051ms
[1308.766s][info][gc,start    ] GC(139) Concurrent update references
[1308.766s][info][gc,task     ] GC(139) Using 2 of 4 workers for concurrent reference update
[1308.925s][info][gc          ] GC(139) Concurrent update references 159.043ms
[1308.925s][info][gc,start    ] GC(139) Concurrent update thread roots
[1308.926s][info][gc          ] GC(139) Concurrent update thread roots 1.464ms
[1308.926s][info][gc,start    ] GC(139) Pause Final Update Refs
[1308.926s][info][gc,task     ] GC(139) Using 4 of 4 workers for final reference update
[1308.927s][info][gc          ] GC(139) Pause Final Update Refs 0.086ms
[1308.927s][info][gc,start    ] GC(139) Concurrent cleanup
[1308.927s][info][gc          ] GC(139) Concurrent cleanup 6099M->811M(8192M) 0.075ms
[1308.927s][info][gc,ergo     ] Free: 6968M, Max: 4096K regular, 5664M humongous, Frag: 19% external, 0% internal; Reserve: 412M, Max: 4096K
[1308.927s][info][gc,stats    ] 
[1308.927s][info][gc,stats    ] All times are wall-clock times, except per-root-class counters, that are sum over
[1308.927s][info][gc,stats    ] all workers. Dividing the <total> over the root stage time estimates parallelism.
[1308.927s][info][gc,stats    ] 
[1308.927s][info][gc,stats    ] Concurrent Reset                  19258 us
[1308.927s][info][gc,stats    ] Pause Init Mark (G)                 243 us
[1308.927s][info][gc,stats    ] Pause Init Mark (N)                 124 us
[1308.927s][info][gc,stats    ]   Update Region States               41 us
[1308.927s][info][gc,stats    ] Concurrent Mark Roots              1071 us, parallelism: 1.68x
[1308.927s][info][gc,stats    ]   CMR: <total>                     1795 us
[1308.927s][info][gc,stats    ]   CMR: Thread Roots                1665 us, workers (us): 780, 885, ---, ---, 
[1308.927s][info][gc,stats    ]   CMR: VM Strong Roots               12 us, workers (us):  12,   0, ---, ---, 
[1308.927s][info][gc,stats    ]   CMR: CLDG Roots                   118 us, workers (us): 118, ---, ---, ---, 
[1308.927s][info][gc,stats    ] Concurrent Marking               261859 us
[1308.927s][info][gc,stats    ] Pause Final Mark (G)                295 us
[1308.927s][info][gc,stats    ] Pause Final Mark (N)                274 us
[1308.927s][info][gc,stats    ]   Finish Mark                        20 us
[1308.927s][info][gc,stats    ]   Update Region States               18 us
[1308.927s][info][gc,stats    ]   Choose Collection Set             155 us
[1308.927s][info][gc,stats    ]   Rebuild Free Set                    9 us
[1308.927s][info][gc,stats    ] Concurrent Thread Roots             826 us, parallelism: 1.82x
[1308.927s][info][gc,stats    ]   CTR: <total>                     1504 us
[1308.927s][info][gc,stats    ]   CTR: Thread Roots                1504 us, workers (us): 769, 736, ---, ---, 
[1308.927s][info][gc,stats    ] Concurrent Weak References          211 us, parallelism: 0.91x
[1308.927s][info][gc,stats    ]   CWRF: <total>                     193 us
[1308.927s][info][gc,stats    ]   CWRF: Weak References             193 us, workers (us):  57, 135, ---, ---, 
[1308.927s][info][gc,stats    ] Concurrent Weak Roots              2882 us
[1308.927s][info][gc,stats    ]   Roots                            2784 us, parallelism: 1.93x
[1308.927s][info][gc,stats    ]     CWR: <total>                   5368 us
[1308.927s][info][gc,stats    ]     CWR: Code Cache Roots          3760 us, workers (us): 1915, 1845, ---, ---, 
[1308.927s][info][gc,stats    ]     CWR: VM Weak Roots             1531 us, workers (us): 767, 764, ---, ---, 
[1308.927s][info][gc,stats    ]     CWR: CLDG Roots                  77 us, workers (us): ---,  77, ---, ---, 
[1308.927s][info][gc,stats    ]   Rendezvous                         50 us
[1308.927s][info][gc,stats    ] Concurrent Cleanup                   47 us
[1308.927s][info][gc,stats    ] Concurrent Class Unloading         5518 us
[1308.927s][info][gc,stats    ]   Unlink Stale                     4977 us
[1308.927s][info][gc,stats    ]     System Dictionary                65 us
[1308.927s][info][gc,stats    ]     Weak Class Links                  0 us
[1308.927s][info][gc,stats    ]     Code Roots                     4911 us
[1308.927s][info][gc,stats    ]   Rendezvous                         83 us
[1308.927s][info][gc,stats    ]   Purge Unlinked                    410 us
[1308.927s][info][gc,stats    ]     Code Roots                      401 us
[1308.927s][info][gc,stats    ]     CLDG                              8 us
[1308.927s][info][gc,stats    ]     Exception Caches                  0 us
[1308.927s][info][gc,stats    ] Concurrent Strong Roots             308 us, parallelism: 0.67x
[1308.927s][info][gc,stats    ]   CSR: <total>                      207 us
[1308.927s][info][gc,stats    ]   CSR: VM Strong Roots               10 us, workers (us):  10,   0, ---, ---, 
[1308.927s][info][gc,stats    ]   CSR: CLDG Roots                   197 us, workers (us): 197, ---, ---, ---, 
[1308.927s][info][gc,stats    ] Concurrent Evacuation             61422 us
[1308.927s][info][gc,stats    ] Pause Init Update Refs (G)           81 us
[1308.927s][info][gc,stats    ] Pause Init Update Refs (N)           65 us
[1308.927s][info][gc,stats    ]   Manage GCLABs                       6 us
[1308.927s][info][gc,stats    ] Concurrent Update Refs           159115 us
[1308.927s][info][gc,stats    ] Concurrent Update Thread Roots     1486 us
[1308.927s][info][gc,stats    ] Pause Final Update Refs (G)         176 us
[1308.927s][info][gc,stats    ] Pause Final Update Refs (N)         112 us
[1308.927s][info][gc,stats    ]   Update Region States               28 us
[1308.927s][info][gc,stats    ]   Trash Collection Set               10 us
[1308.927s][info][gc,stats    ]   Rebuild Free Set                   10 us
[1308.927s][info][gc,stats    ] Concurrent Cleanup                   90 us
[1308.927s][info][gc,stats    ] 
[1308.927s][info][gc,stats    ] Allocation pacing accrued:
[1308.927s][info][gc,stats    ]       0 of  8394 ms (  0.0%): <total>
[1308.927s][info][gc,stats    ]       0 of  8394 ms (  0.0%): <average total>
[1308.927s][info][gc,stats    ] 
[1308.927s][info][gc,metaspace] Metaspace: 135388K(136768K)->135388K(136768K) NonClass: 114422K(115200K)->114422K(115200K) Class: 20965K(21568K)->20965K(21568K)
[1308.927s][info][gc,ergo     ] Pacer for Idle. Initial: 163M, Alloc Tax Rate: 1.0x
[1320.501s][info][gc          ] Trigger: Average GC time (635.67 ms) is above the time for average allocation rate (743 MB/s) to deplete free headroom (462M) (margin of error = 1.96)
[1320.501s][info][gc,ergo     ] Free headroom: 872M (free) - 409M (spike) - 0B (penalties) = 462M
[1320.501s][info][gc,ergo     ] Free: 872M, Max: 4096K regular, 492M humongous, Frag: 43% external, 0% internal; Reserve: 412M, Max: 4096K
[1320.501s][info][gc,start    ] GC(140) Concurrent reset
[1320.501s][info][gc,task     ] GC(140) Using 2 of 4 workers for concurrent reset
[1320.501s][info][gc,ergo     ] GC(140) Pacer for Reset. Non-Taxable: 8192M
[1320.517s][info][gc          ] GC(140) Concurrent reset 15.846ms
[1320.517s][info][gc,start    ] GC(140) Pause Init Mark (unload classes)
[1320.517s][info][gc,task     ] GC(140) Using 4 of 4 workers for init marking
[1320.517s][info][gc,ergo     ] GC(140) Pacer for Mark. Expected Live: 542M, Free: 868M, Non-Taxable: 88928K, Alloc Tax Rate: 0.8x
[1320.517s][info][gc          ] GC(140) Pause Init Mark (unload classes) 0.131ms
[1320.517s][info][gc,start    ] GC(140) Concurrent marking roots
[1320.517s][info][gc,task     ] GC(140) Using 2 of 4 workers for concurrent marking roots
[1320.519s][info][gc          ] GC(140) Concurrent marking roots 1.675ms
[1320.519s][info][gc,start    ] GC(140) Concurrent marking (unload classes)
[1320.519s][info][gc,task     ] GC(140) Using 2 of 4 workers for concurrent marking
[1320.788s][info][gc          ] GC(140) Concurrent marking (unload classes) 269.235ms
[1320.788s][info][gc,start    ] GC(140) Pause Final Mark (unload classes)
[1320.788s][info][gc,task     ] GC(140) Using 4 of 4 workers for final marking
[1320.788s][info][gc,ergo     ] GC(140) Adaptive CSet Selection. Target Free: 1160M, Actual Free: 1852M, Max CSet: 341M, Min Garbage: 0B
[1320.788s][info][gc,ergo     ] GC(140) Collectable Garbage: 6329M (99%), Immediate: 736M (11%), CSet: 5593M (87%)
[1320.788s][info][gc,ergo     ] GC(140) Pacer for Evacuation. Used CSet: 5724M, Free: 1453M, Non-Taxable: 145M, Alloc Tax Rate: 9.6x
[1320.788s][info][gc          ] GC(140) Pause Final Mark (unload classes) 0.327ms
[1320.788s][info][gc,start    ] GC(140) Concurrent thread roots
[1320.789s][info][gc,task     ] GC(140) Using 2 of 4 workers for Concurrent thread roots
[1320.789s][info][gc          ] GC(140) Concurrent thread roots 0.915ms
[1320.789s][info][gc,start    ] GC(140) Concurrent weak references
[1320.789s][info][gc,task     ] GC(140) Using 2 of 4 workers for concurrent weak references
[1320.790s][info][gc,ref      ] GC(140) Encountered references: Soft: 6122, Weak: 23522, Final: 34, Phantom: 1114
[1320.790s][info][gc,ref      ] GC(140) Discovered  references: Soft: 0, Weak: 13993, Final: 1, Phantom: 987
[1320.790s][info][gc,ref      ] GC(140) Enqueued    references: Soft: 0, Weak: 2, Final: 0, Phantom: 0
[1320.790s][info][gc          ] GC(140) Concurrent weak references 0.623ms
[1320.790s][info][gc,start    ] GC(140) Concurrent weak roots
[1320.790s][info][gc,task     ] GC(140) Using 2 of 4 workers for concurrent weak root
[1320.793s][info][gc          ] GC(140) Concurrent weak roots 2.814ms
[1320.793s][info][gc,start    ] GC(140) Concurrent cleanup
[1320.793s][info][gc          ] GC(140) Concurrent cleanup 7071M->6335M(8192M) 0.030ms
[1320.793s][info][gc,ergo     ] GC(140) Free: 1444M, Max: 4096K regular, 492M humongous, Frag: 66% external, 0% internal; Reserve: 411M, Max: 4096K
[1320.793s][info][gc,start    ] GC(140) Concurrent class unloading
[1320.793s][info][gc,task     ] GC(140) Using 2 of 4 workers for concurrent class unloading
[1320.799s][info][gc          ] GC(140) Concurrent class unloading 6.176ms
[1320.799s][info][gc,start    ] GC(140) Concurrent strong roots
[1320.799s][info][gc,task     ] GC(140) Using 2 of 4 workers for concurrent strong root
[1320.799s][info][gc          ] GC(140) Concurrent strong roots 0.308ms
[1320.799s][info][gc,start    ] GC(140) Concurrent evacuation
[1320.800s][info][gc,task     ] GC(140) Using 2 of 4 workers for concurrent evacuation
[1320.862s][info][gc          ] GC(140) Concurrent evacuation 62.430ms
[1320.862s][info][gc,start    ] GC(140) Pause Init Update Refs
[1320.862s][info][gc,ergo     ] GC(140) Pacer for Update Refs. Used: 6503M, Free: 1412M, Non-Taxable: 141M, Alloc Tax Rate: 5.6x
[1320.862s][info][gc          ] GC(140) Pause Init Update Refs 0.046ms
[1320.862s][info][gc,start    ] GC(140) Concurrent update references
[1320.862s][info][gc,task     ] GC(140) Using 2 of 4 workers for concurrent reference update
[1321.037s][info][gc          ] GC(140) Concurrent update references 174.445ms
[1321.037s][info][gc,start    ] GC(140) Concurrent update thread roots
[1321.038s][info][gc          ] GC(140) Concurrent update thread roots 1.436ms
[1321.038s][info][gc,start    ] GC(140) Pause Final Update Refs
[1321.038s][info][gc,task     ] GC(140) Using 4 of 4 workers for final reference update
[1321.038s][info][gc          ] GC(140) Pause Final Update Refs 0.112ms
[1321.038s][info][gc,start    ] GC(140) Concurrent cleanup
[1321.038s][info][gc          ] GC(140) Concurrent cleanup 6591M->867M(8192M) 0.077ms
[1321.038s][info][gc,ergo     ] Free: 6912M, Max: 4096K regular, 4644M humongous, Frag: 33% external, 0% internal; Reserve: 412M, Max: 4096K
[1321.038s][info][gc,stats    ] 
[1321.038s][info][gc,stats    ] All times are wall-clock times, except per-root-class counters, that are sum over
[1321.038s][info][gc,stats    ] all workers. Dividing the <total> over the root stage time estimates parallelism.
[1321.038s][info][gc,stats    ] 
[1321.038s][info][gc,stats    ] Concurrent Reset                  15888 us
[1321.038s][info][gc,stats    ] Pause Init Mark (G)                 277 us
[1321.038s][info][gc,stats    ] Pause Init Mark (N)                 144 us
[1321.038s][info][gc,stats    ]   Update Region States               61 us
[1321.038s][info][gc,stats    ] Concurrent Mark Roots              1700 us, parallelism: 0.45x
[1321.038s][info][gc,stats    ]   CMR: <total>                      765 us
[1321.039s][info][gc,stats    ]   CMR: Thread Roots                 639 us, workers (us): 203, 436, ---, ---, 
[1321.039s][info][gc,stats    ]   CMR: VM Strong Roots               14 us, workers (us):  14,   0, ---, ---, 
[1321.039s][info][gc,stats    ]   CMR: CLDG Roots                   112 us, workers (us): 112, ---, ---, ---, 
[1321.039s][info][gc,stats    ] Concurrent Marking               269279 us
[1321.039s][info][gc,stats    ] Pause Final Mark (G)                365 us
[1321.039s][info][gc,stats    ] Pause Final Mark (N)                338 us
[1321.039s][info][gc,stats    ]   Finish Mark                        52 us
[1321.039s][info][gc,stats    ]   Update Region States               43 us
[1321.039s][info][gc,stats    ]   Choose Collection Set             163 us
[1321.039s][info][gc,stats    ]   Rebuild Free Set                    9 us
[1321.039s][info][gc,stats    ] Concurrent Thread Roots             937 us, parallelism: 1.77x
[1321.039s][info][gc,stats    ]   CTR: <total>                     1660 us
[1321.039s][info][gc,stats    ]   CTR: Thread Roots                1660 us, workers (us): 842, 818, ---, ---, 
[1321.039s][info][gc,stats    ] Concurrent Weak References          634 us, parallelism: 0.86x
[1321.039s][info][gc,stats    ]   CWRF: <total>                     547 us
[1321.039s][info][gc,stats    ]   CWRF: Weak References             547 us, workers (us):  60, 487, ---, ---, 
[1321.039s][info][gc,stats    ] Concurrent Weak Roots              2836 us
[1321.039s][info][gc,stats    ]   Roots                            2737 us, parallelism: 1.89x
[1321.039s][info][gc,stats    ]     CWR: <total>                   5172 us
[1321.039s][info][gc,stats    ]     CWR: Code Cache Roots          3566 us, workers (us): 1783, 1782, ---, ---, 
[1321.039s][info][gc,stats    ]     CWR: VM Weak Roots             1564 us, workers (us): 796, 768, ---, ---, 
[1321.039s][info][gc,stats    ]     CWR: CLDG Roots                  43 us, workers (us): ---,  43, ---, ---, 
[1321.039s][info][gc,stats    ]   Rendezvous                         55 us
[1321.039s][info][gc,stats    ] Concurrent Cleanup                   43 us
[1321.039s][info][gc,stats    ] Concurrent Class Unloading         6205 us
[1321.039s][info][gc,stats    ]   Unlink Stale                     5770 us
[1321.039s][info][gc,stats    ]     System Dictionary                29 us
[1321.039s][info][gc,stats    ]     Weak Class Links                  0 us
[1321.039s][info][gc,stats    ]     Code Roots                     5739 us
[1321.039s][info][gc,stats    ]   Rendezvous                        185 us
[1321.039s][info][gc,stats    ]   Purge Unlinked                    198 us
[1321.039s][info][gc,stats    ]     Code Roots                      192 us
[1321.039s][info][gc,stats    ]     CLDG                              5 us
[1321.039s][info][gc,stats    ]     Exception Caches                  0 us
[1321.039s][info][gc,stats    ] Concurrent Strong Roots             329 us, parallelism: 0.65x
[1321.039s][info][gc,stats    ]   CSR: <total>                      214 us
[1321.039s][info][gc,stats    ]   CSR: VM Strong Roots               11 us, workers (us):   5,   6, ---, ---, 
[1321.039s][info][gc,stats    ]   CSR: CLDG Roots                   203 us, workers (us): 203, ---, ---, ---, 
[1321.039s][info][gc,stats    ] Concurrent Evacuation             62478 us
[1321.039s][info][gc,stats    ] Pause Init Update Refs (G)          122 us
[1321.039s][info][gc,stats    ] Pause Init Update Refs (N)           57 us
[1321.039s][info][gc,stats    ]   Manage GCLABs                       6 us
[1321.039s][info][gc,stats    ] Concurrent Update Refs           174493 us
[1321.039s][info][gc,stats    ] Concurrent Update Thread Roots     1460 us
[1321.039s][info][gc,stats    ] Pause Final Update Refs (G)         211 us
[1321.039s][info][gc,stats    ] Pause Final Update Refs (N)         138 us
[1321.039s][info][gc,stats    ]   Update Region States               50 us
[1321.039s][info][gc,stats    ]   Trash Collection Set               13 us
[1321.039s][info][gc,stats    ]   Rebuild Free Set                    9 us
[1321.039s][info][gc,stats    ] Concurrent Cleanup                   92 us
[1321.039s][info][gc,stats    ] 
[1321.039s][info][gc,stats    ] Allocation pacing accrued:
[1321.039s][info][gc,stats    ]       0 of 12112 ms (  0.0%): <total>
[1321.039s][info][gc,stats    ]       0 of 12112 ms (  0.0%): <average total>
[1321.039s][info][gc,stats    ] 
[1321.039s][info][gc,metaspace] Metaspace: 135401K(136768K)->135401K(136768K) NonClass: 114436K(115200K)->114436K(115200K) Class: 20965K(21568K)->20965K(21568K)
[1321.039s][info][gc,ergo     ] Pacer for Idle. Initial: 163M, Alloc Tax Rate: 1.0x
[1328.487s][info][gc          ] Trigger: Average GC time (606.36 ms) is above the time for average allocation rate (836 MB/s) to deplete free headroom (430M) (margin of error = 1.96)
[1328.487s][info][gc,ergo     ] Free headroom: 840M (free) - 409M (spike) - 0B (penalties) = 430M
[1328.487s][info][gc,ergo     ] Free: 840M, Max: 4096K regular, 484M humongous, Frag: 41% external, 0% internal; Reserve: 412M, Max: 4096K
[1328.487s][info][gc,start    ] GC(141) Concurrent reset
[1328.487s][info][gc,task     ] GC(141) Using 2 of 4 workers for concurrent reset
[1328.487s][info][gc,ergo     ] GC(141) Pacer for Reset. Non-Taxable: 8192M
[1328.506s][info][gc          ] GC(141) Concurrent reset 18.351ms
[1328.506s][info][gc,start    ] GC(141) Pause Init Mark (unload classes)
[1328.506s][info][gc,task     ] GC(141) Using 4 of 4 workers for init marking
[1328.506s][info][gc,ergo     ] GC(141) Pacer for Mark. Expected Live: 549M, Free: 820M, Non-Taxable: 84022K, Alloc Tax Rate: 0.8x
[1328.506s][info][gc          ] GC(141) Pause Init Mark (unload classes) 0.113ms
[1328.506s][info][gc,start    ] GC(141) Concurrent marking roots
[1328.506s][info][gc,task     ] GC(141) Using 2 of 4 workers for concurrent marking roots
[1328.507s][info][gc          ] GC(141) Concurrent marking roots 1.130ms
[1328.507s][info][gc,start    ] GC(141) Concurrent marking (unload classes)
[1328.507s][info][gc,task     ] GC(141) Using 2 of 4 workers for concurrent marking
[1328.762s][info][gc          ] GC(141) Concurrent marking (unload classes) 255.312ms
[1328.762s][info][gc,start    ] GC(141) Pause Final Mark (unload classes)
[1328.763s][info][gc,task     ] GC(141) Using 4 of 4 workers for final marking
[1328.763s][info][gc,ergo     ] GC(141) Adaptive CSet Selection. Target Free: 1160M, Actual Free: 3012M, Max CSet: 341M, Min Garbage: 0B
[1328.763s][info][gc,ergo     ] GC(141) Collectable Garbage: 6397M (99%), Immediate: 2040M (31%), CSet: 4357M (67%)
[1328.763s][info][gc,ergo     ] GC(141) Pacer for Evacuation. Used CSet: 4468M, Free: 2617M, Non-Taxable: 261M, Alloc Tax Rate: 4.2x
[1328.763s][info][gc          ] GC(141) Pause Final Mark (unload classes) 0.244ms
[1328.763s][info][gc,start    ] GC(141) Concurrent thread roots
[1328.763s][info][gc,task     ] GC(141) Using 2 of 4 workers for Concurrent thread roots
[1328.764s][info][gc          ] GC(141) Concurrent thread roots 0.803ms
[1328.764s][info][gc,start    ] GC(141) Concurrent weak references
[1328.764s][info][gc,task     ] GC(141) Using 2 of 4 workers for concurrent weak references
[1328.764s][info][gc,ref      ] GC(141) Encountered references: Soft: 6122, Weak: 23525, Final: 34, Phantom: 1117
[1328.764s][info][gc,ref      ] GC(141) Discovered  references: Soft: 0, Weak: 7157, Final: 0, Phantom: 780
[1328.764s][info][gc,ref      ] GC(141) Enqueued    references: Soft: 0, Weak: 4, Final: 0, Phantom: 0
[1328.764s][info][gc          ] GC(141) Concurrent weak references 0.413ms
[1328.764s][info][gc,start    ] GC(141) Concurrent weak roots
[1328.764s][info][gc,task     ] GC(141) Using 2 of 4 workers for concurrent weak root
[1328.767s][info][gc          ] GC(141) Concurrent weak roots 2.782ms
[1328.767s][info][gc,start    ] GC(141) Concurrent cleanup
[1328.767s][info][gc          ] GC(141) Concurrent cleanup 7212M->5172M(8192M) 0.039ms
[1328.767s][info][gc,ergo     ] GC(141) Free: 2607M, Max: 4096K regular, 484M humongous, Frag: 82% external, 0% internal; Reserve: 411M, Max: 4096K
[1328.767s][info][gc,start    ] GC(141) Concurrent class unloading
[1328.767s][info][gc,task     ] GC(141) Using 2 of 4 workers for concurrent class unloading
[1328.772s][info][gc          ] GC(141) Concurrent class unloading 5.281ms
[1328.772s][info][gc,start    ] GC(141) Concurrent strong roots
[1328.772s][info][gc,task     ] GC(141) Using 2 of 4 workers for concurrent strong root
[1328.772s][info][gc          ] GC(141) Concurrent strong roots 0.281ms
[1328.772s][info][gc,start    ] GC(141) Concurrent evacuation
[1328.772s][info][gc,task     ] GC(141) Using 2 of 4 workers for concurrent evacuation
[1328.825s][info][gc          ] GC(141) Concurrent evacuation 52.468ms
[1328.825s][info][gc,start    ] GC(141) Pause Init Update Refs
[1328.825s][info][gc,ergo     ] GC(141) Pacer for Update Refs. Used: 5304M, Free: 2587M, Non-Taxable: 258M, Alloc Tax Rate: 2.5x
[1328.825s][info][gc          ] GC(141) Pause Init Update Refs 0.053ms
[1328.825s][info][gc,start    ] GC(141) Concurrent update references
[1328.825s][info][gc,task     ] GC(141) Using 2 of 4 workers for concurrent reference update
[1328.998s][info][gc          ] GC(141) Concurrent update references 172.677ms
[1328.998s][info][gc,start    ] GC(141) Concurrent update thread roots
[1328.999s][info][gc          ] GC(141) Concurrent update thread roots 1.426ms
[1328.999s][info][gc,start    ] GC(141) Pause Final Update Refs
[1328.999s][info][gc,task     ] GC(141) Using 4 of 4 workers for final reference update
[1328.999s][info][gc          ] GC(141) Pause Final Update Refs 0.102ms
[1328.999s][info][gc,start    ] GC(141) Concurrent cleanup
[1328.999s][info][gc          ] GC(141) Concurrent cleanup 5364M->896M(8192M) 0.056ms
[1328.999s][info][gc,ergo     ] Free: 6883M, Max: 4096K regular, 5824M humongous, Frag: 16% external, 0% internal; Reserve: 412M, Max: 4096K
[1329.000s][info][gc,stats    ] 
[1329.000s][info][gc,stats    ] All times are wall-clock times, except per-root-class counters, that are sum over
[1329.000s][info][gc,stats    ] all workers. Dividing the <total> over the root stage time estimates parallelism.
[1329.000s][info][gc,stats    ] 
[1329.000s][info][gc,stats    ] Concurrent Reset                  18458 us
[1329.000s][info][gc,stats    ] Pause Init Mark (G)                 207 us
[1329.000s][info][gc,stats    ] Pause Init Mark (N)                 126 us
[1329.000s][info][gc,stats    ]   Update Region States               41 us
[1329.000s][info][gc,stats    ] Concurrent Mark Roots              1148 us, parallelism: 1.52x
[1329.000s][info][gc,stats    ]   CMR: <total>                     1745 us
[1329.000s][info][gc,stats    ]   CMR: Thread Roots                1591 us, workers (us): 882, 709, ---, ---, 
[1329.000s][info][gc,stats    ]   CMR: VM Strong Roots               19 us, workers (us):  10,   9, ---, ---, 
[1329.000s][info][gc,stats    ]   CMR: CLDG Roots                   135 us, workers (us): ---, 135, ---, ---, 
[1329.000s][info][gc,stats    ] Concurrent Marking               255358 us
[1329.000s][info][gc,stats    ] Pause Final Mark (G)                282 us
[1329.000s][info][gc,stats    ] Pause Final Mark (N)                255 us
[1329.000s][info][gc,stats    ]   Finish Mark                        21 us
[1329.000s][info][gc,stats    ]   Update Region States               16 us
[1329.000s][info][gc,stats    ]   Choose Collection Set             140 us
[1329.000s][info][gc,stats    ]   Rebuild Free Set                   11 us
[1329.000s][info][gc,stats    ] Concurrent Thread Roots             816 us, parallelism: 1.86x
[1329.000s][info][gc,stats    ]   CTR: <total>                     1515 us
[1329.000s][info][gc,stats    ]   CTR: Thread Roots                1515 us, workers (us): 756, 759, ---, ---, 
[1329.000s][info][gc,stats    ] Concurrent Weak References          423 us, parallelism: 0.90x
[1329.000s][info][gc,stats    ]   CWRF: <total>                     379 us
[1329.000s][info][gc,stats    ]   CWRF: Weak References             379 us, workers (us):  29, 350, ---, ---, 
[1329.000s][info][gc,stats    ] Concurrent Weak Roots              2798 us
[1329.000s][info][gc,stats    ]   Roots                            2710 us, parallelism: 1.93x
[1329.000s][info][gc,stats    ]     CWR: <total>                   5242 us
[1329.000s][info][gc,stats    ]     CWR: Code Cache Roots          3703 us, workers (us): 1886, 1817, ---, ---, 
[1329.000s][info][gc,stats    ]     CWR: VM Weak Roots             1483 us, workers (us): 742, 741, ---, ---, 
[1329.000s][info][gc,stats    ]     CWR: CLDG Roots                  56 us, workers (us): ---,  56, ---, ---, 
[1329.000s][info][gc,stats    ]   Rendezvous                         44 us
[1329.000s][info][gc,stats    ] Concurrent Cleanup                   51 us
[1329.000s][info][gc,stats    ] Concurrent Class Unloading         5304 us
[1329.000s][info][gc,stats    ]   Unlink Stale                     4970 us
[1329.000s][info][gc,stats    ]     System Dictionary                46 us
[1329.000s][info][gc,stats    ]     Weak Class Links                  0 us
[1329.000s][info][gc,stats    ]     Code Roots                     4923 us
[1329.000s][info][gc,stats    ]   Rendezvous                        136 us
[1329.000s][info][gc,stats    ]   Purge Unlinked                    152 us
[1329.000s][info][gc,stats    ]     Code Roots                      148 us
[1329.000s][info][gc,stats    ]     CLDG                              4 us
[1329.000s][info][gc,stats    ]     Exception Caches                  0 us
[1329.000s][info][gc,stats    ] Concurrent Strong Roots             296 us, parallelism: 0.70x
[1329.000s][info][gc,stats    ]   CSR: <total>                      208 us
[1329.000s][info][gc,stats    ]   CSR: VM Strong Roots               10 us, workers (us):  10,   0, ---, ---, 
[1329.000s][info][gc,stats    ]   CSR: CLDG Roots                   198 us, workers (us): 198, ---, ---, ---, 
[1329.000s][info][gc,stats    ] Concurrent Evacuation             52531 us
[1329.000s][info][gc,stats    ] Pause Init Update Refs (G)           96 us
[1329.000s][info][gc,stats    ] Pause Init Update Refs (N)           65 us
[1329.000s][info][gc,stats    ]   Manage GCLABs                       9 us
[1329.000s][info][gc,stats    ] Concurrent Update Refs           172717 us
[1329.000s][info][gc,stats    ] Concurrent Update Thread Roots     1440 us
[1329.000s][info][gc,stats    ] Pause Final Update Refs (G)         145 us
[1329.000s][info][gc,stats    ] Pause Final Update Refs (N)         117 us
[1329.000s][info][gc,stats    ]   Update Region States               36 us
[1329.000s][info][gc,stats    ]   Trash Collection Set               14 us
[1329.000s][info][gc,stats    ]   Rebuild Free Set                   12 us
[1329.000s][info][gc,stats    ] Concurrent Cleanup                   69 us
[1329.000s][info][gc,stats    ] 
[1329.000s][info][gc,stats    ] Allocation pacing accrued:
[1329.000s][info][gc,stats    ]       0 of  7961 ms (  0.0%): <total>
[1329.000s][info][gc,stats    ]       0 of  7961 ms (  0.0%): <average total>
[1329.000s][info][gc,stats    ] 
[1329.000s][info][gc,metaspace] Metaspace: 135415K(136768K)->135415K(136768K) NonClass: 114449K(115200K)->114449K(115200K) Class: 20965K(21568K)->20965K(21568K)
[1329.000s][info][gc,ergo     ] Pacer for Idle. Initial: 163M, Alloc Tax Rate: 1.0x
[1339.464s][info][gc          ] Trigger: Average GC time (579.90 ms) is above the time for instantaneous allocation rate (1034 MB/s) to deplete free headroom (577M) (spike threshold = 1.68)
[1339.464s][info][gc,ergo     ] Free: 987M, Max: 4096K regular, 508M humongous, Frag: 48% external, 0% internal; Reserve: 412M, Max: 4096K
[1339.464s][info][gc,start    ] GC(142) Concurrent reset
[1339.464s][info][gc,task     ] GC(142) Using 2 of 4 workers for concurrent reset
[1339.465s][info][gc,ergo     ] GC(142) Pacer for Reset. Non-Taxable: 8192M
[1339.477s][info][gc          ] GC(142) Concurrent reset 12.678ms
[1339.478s][info][gc,start    ] GC(142) Pause Init Mark (unload classes)
[1339.478s][info][gc,task     ] GC(142) Using 4 of 4 workers for init marking
[1339.478s][info][gc,ergo     ] GC(142) Pacer for Mark. Expected Live: 545M, Free: 983M, Non-Taxable: 100705K, Alloc Tax Rate: 0.7x
[1339.478s][info][gc          ] GC(142) Pause Init Mark (unload classes) 0.160ms
[1339.478s][info][gc,start    ] GC(142) Concurrent marking roots
[1339.478s][info][gc,task     ] GC(142) Using 2 of 4 workers for concurrent marking roots
[1339.479s][info][gc          ] GC(142) Concurrent marking roots 1.163ms
[1339.479s][info][gc,start    ] GC(142) Concurrent marking (unload classes)
[1339.479s][info][gc,task     ] GC(142) Using 2 of 4 workers for concurrent marking
[1339.738s][info][gc          ] GC(142) Concurrent marking (unload classes) 258.575ms
[1339.738s][info][gc,start    ] GC(142) Pause Final Mark (unload classes)
[1339.738s][info][gc,task     ] GC(142) Using 4 of 4 workers for final marking
[1339.738s][info][gc,ergo     ] GC(142) Adaptive CSet Selection. Target Free: 1160M, Actual Free: 1968M, Max CSet: 341M, Min Garbage: 0B
[1339.738s][info][gc,ergo     ] GC(142) Collectable Garbage: 6228M (99%), Immediate: 756M (12%), CSet: 5472M (87%)
[1339.738s][info][gc,ergo     ] GC(142) Pacer for Evacuation. Used CSet: 5589M, Free: 1569M, Non-Taxable: 156M, Alloc Tax Rate: 8.7x
[1339.738s][info][gc          ] GC(142) Pause Final Mark (unload classes) 0.390ms
[1339.738s][info][gc,start    ] GC(142) Concurrent thread roots
[1339.738s][info][gc,task     ] GC(142) Using 2 of 4 workers for Concurrent thread roots
[1339.739s][info][gc          ] GC(142) Concurrent thread roots 0.855ms
[1339.739s][info][gc,start    ] GC(142) Concurrent weak references
[1339.739s][info][gc,task     ] GC(142) Using 2 of 4 workers for concurrent weak references
[1339.739s][info][gc,ref      ] GC(142) Encountered references: Soft: 6122, Weak: 23524, Final: 34, Phantom: 1120
[1339.739s][info][gc,ref      ] GC(142) Discovered  references: Soft: 0, Weak: 2624, Final: 0, Phantom: 782
[1339.739s][info][gc,ref      ] GC(142) Enqueued    references: Soft: 0, Weak: 2, Final: 0, Phantom: 0
[1339.739s][info][gc          ] GC(142) Concurrent weak references 0.248ms
[1339.739s][info][gc,start    ] GC(142) Concurrent weak roots
[1339.739s][info][gc,task     ] GC(142) Using 2 of 4 workers for concurrent weak root
[1339.742s][info][gc          ] GC(142) Concurrent weak roots 2.838ms
[1339.742s][info][gc,start    ] GC(142) Concurrent cleanup
[1339.742s][info][gc          ] GC(142) Concurrent cleanup 6974M->6218M(8192M) 0.030ms
[1339.742s][info][gc,ergo     ] GC(142) Free: 1559M, Max: 4096K regular, 508M humongous, Frag: 68% external, 0% internal; Reserve: 411M, Max: 4096K
[1339.742s][info][gc,start    ] GC(142) Concurrent class unloading
[1339.742s][info][gc,task     ] GC(142) Using 2 of 4 workers for concurrent class unloading
[1339.747s][info][gc          ] GC(142) Concurrent class unloading 5.122ms
[1339.747s][info][gc,start    ] GC(142) Concurrent strong roots
[1339.747s][info][gc,task     ] GC(142) Using 2 of 4 workers for concurrent strong root
[1339.748s][info][gc          ] GC(142) Concurrent strong roots 0.379ms
[1339.748s][info][gc,start    ] GC(142) Concurrent evacuation
[1339.748s][info][gc,task     ] GC(142) Using 2 of 4 workers for concurrent evacuation
[1339.804s][info][gc          ] GC(142) Concurrent evacuation 56.105ms
[1339.804s][info][gc,start    ] GC(142) Pause Init Update Refs
[1339.804s][info][gc,ergo     ] GC(142) Pacer for Update Refs. Used: 6357M, Free: 1539M, Non-Taxable: 153M, Alloc Tax Rate: 5.0x
[1339.804s][info][gc          ] GC(142) Pause Init Update Refs 0.045ms
[1339.804s][info][gc,start    ] GC(142) Concurrent update references
[1339.804s][info][gc,task     ] GC(142) Using 2 of 4 workers for concurrent reference update
[1339.973s][info][gc          ] GC(142) Concurrent update references 169.364ms
[1339.973s][info][gc,start    ] GC(142) Concurrent update thread roots
[1339.975s][info][gc          ] GC(142) Concurrent update thread roots 1.354ms
[1339.975s][info][gc,start    ] GC(142) Pause Final Update Refs
[1339.975s][info][gc,task     ] GC(142) Using 4 of 4 workers for final reference update
[1339.975s][info][gc          ] GC(142) Pause Final Update Refs 0.093ms
[1339.975s][info][gc,start    ] GC(142) Concurrent cleanup
[1339.975s][info][gc          ] GC(142) Concurrent cleanup 6432M->843M(8192M) 0.076ms
[1339.975s][info][gc,ergo     ] Free: 6936M, Max: 4096K regular, 4916M humongous, Frag: 29% external, 0% internal; Reserve: 412M, Max: 4096K
[1339.975s][info][gc,stats    ] 
[1339.975s][info][gc,stats    ] All times are wall-clock times, except per-root-class counters, that are sum over
[1339.975s][info][gc,stats    ] all workers. Dividing the <total> over the root stage time estimates parallelism.
[1339.975s][info][gc,stats    ] 
[1339.975s][info][gc,stats    ] Concurrent Reset                  12948 us
[1339.975s][info][gc,stats    ] Pause Init Mark (G)                 341 us
[1339.975s][info][gc,stats    ] Pause Init Mark (N)                 172 us
[1339.975s][info][gc,stats    ]   Update Region States               83 us
[1339.975s][info][gc,stats    ] Concurrent Mark Roots              1186 us, parallelism: 1.58x
[1339.975s][info][gc,stats    ]   CMR: <total>                     1869 us
[1339.975s][info][gc,stats    ]   CMR: Thread Roots                1665 us, workers (us): 926, 739, ---, ---, 
[1339.975s][info][gc,stats    ]   CMR: VM Strong Roots               21 us, workers (us):  10,  10, ---, ---, 
[1339.975s][info][gc,stats    ]   CMR: CLDG Roots                   183 us, workers (us): ---, 183, ---, ---, 
[1339.975s][info][gc,stats    ] Concurrent Marking               258608 us
[1339.975s][info][gc,stats    ] Pause Final Mark (G)                482 us
[1339.975s][info][gc,stats    ] Pause Final Mark (N)                401 us
[1339.975s][info][gc,stats    ]   Finish Mark                       125 us
[1339.975s][info][gc,stats    ]   Update Region States               51 us
[1339.975s][info][gc,stats    ]   Choose Collection Set             147 us
[1339.975s][info][gc,stats    ]   Rebuild Free Set                    9 us
[1339.975s][info][gc,stats    ] Concurrent Thread Roots             877 us, parallelism: 1.79x
[1339.975s][info][gc,stats    ]   CTR: <total>                     1568 us
[1339.975s][info][gc,stats    ]   CTR: Thread Roots                1568 us, workers (us): 783, 785, ---, ---, 
[1339.975s][info][gc,stats    ] Concurrent Weak References          259 us, parallelism: 0.76x
[1339.975s][info][gc,stats    ]   CWRF: <total>                     198 us
[1339.975s][info][gc,stats    ]   CWRF: Weak References             198 us, workers (us): 144,  54, ---, ---, 
[1339.975s][info][gc,stats    ] Concurrent Weak Roots              2855 us
[1339.975s][info][gc,stats    ]   Roots                            2740 us, parallelism: 1.90x
[1339.975s][info][gc,stats    ]     CWR: <total>                   5202 us
[1339.975s][info][gc,stats    ]     CWR: Code Cache Roots          3590 us, workers (us): 1751, 1840, ---, ---, 
[1339.975s][info][gc,stats    ]     CWR: VM Weak Roots             1555 us, workers (us): 777, 779, ---, ---, 
[1339.975s][info][gc,stats    ]     CWR: CLDG Roots                  56 us, workers (us):  56, ---, ---, ---, 
[1339.975s][info][gc,stats    ]   Rendezvous                         76 us
[1339.975s][info][gc,stats    ] Concurrent Cleanup                   43 us
[1339.975s][info][gc,stats    ] Concurrent Class Unloading         5149 us
[1339.975s][info][gc,stats    ]   Unlink Stale                     4916 us
[1339.975s][info][gc,stats    ]     System Dictionary                53 us
[1339.975s][info][gc,stats    ]     Weak Class Links                  0 us
[1339.975s][info][gc,stats    ]     Code Roots                     4861 us
[1339.975s][info][gc,stats    ]   Rendezvous                         85 us
[1339.975s][info][gc,stats    ]   Purge Unlinked                     97 us
[1339.975s][info][gc,stats    ]     Code Roots                       92 us
[1339.975s][info][gc,stats    ]     CLDG                              4 us
[1339.975s][info][gc,stats    ]     Exception Caches                  1 us
[1339.975s][info][gc,stats    ] Concurrent Strong Roots             401 us, parallelism: 0.63x
[1339.975s][info][gc,stats    ]   CSR: <total>                      253 us
[1339.975s][info][gc,stats    ]   CSR: VM Strong Roots               12 us, workers (us):  12,   0, ---, ---, 
[1339.975s][info][gc,stats    ]   CSR: CLDG Roots                   241 us, workers (us): 241, ---, ---, ---, 
[1339.975s][info][gc,stats    ] Concurrent Evacuation             56147 us
[1339.976s][info][gc,stats    ] Pause Init Update Refs (G)          112 us
[1339.976s][info][gc,stats    ] Pause Init Update Refs (N)           56 us
[1339.976s][info][gc,stats    ]   Manage GCLABs                       7 us
[1339.976s][info][gc,stats    ] Concurrent Update Refs           169411 us
[1339.976s][info][gc,stats    ] Concurrent Update Thread Roots     1379 us
[1339.976s][info][gc,stats    ] Pause Final Update Refs (G)         170 us
[1339.976s][info][gc,stats    ] Pause Final Update Refs (N)         113 us
[1339.976s][info][gc,stats    ]   Update Region States               30 us
[1339.976s][info][gc,stats    ]   Trash Collection Set               15 us
[1339.976s][info][gc,stats    ]   Rebuild Free Set                    9 us
[1339.976s][info][gc,stats    ] Concurrent Cleanup                   90 us
[1339.976s][info][gc,stats    ] 
[1339.976s][info][gc,stats    ] Allocation pacing accrued:
[1339.976s][info][gc,stats    ]       0 of 10976 ms (  0.0%): <total>
[1339.976s][info][gc,stats    ]       0 of 10976 ms (  0.0%): <average total>
[1339.976s][info][gc,stats    ] 
[1339.976s][info][gc,metaspace] Metaspace: 135419K(136768K)->135419K(136768K) NonClass: 114454K(115200K)->114454K(115200K) Class: 20965K(21568K)->20965K(21568K)
[1339.976s][info][gc,ergo     ] Pacer for Idle. Initial: 163M, Alloc Tax Rate: 1.0x
[1347.721s][info][gc          ] Trigger: Average GC time (559.17 ms) is above the time for average allocation rate (1220 MB/s) to deplete free headroom (674M) (margin of error = 1.96)
[1347.721s][info][gc,ergo     ] Free headroom: 1083M (free) - 409M (spike) - 0B (penalties) = 674M
[1347.721s][info][gc,ergo     ] Free: 1083M, Max: 4096K regular, 536M humongous, Frag: 50% external, 0% internal; Reserve: 412M, Max: 4096K
[1347.721s][info][gc,start    ] GC(143) Concurrent reset
[1347.721s][info][gc,task     ] GC(143) Using 2 of 4 workers for concurrent reset
[1347.721s][info][gc,ergo     ] GC(143) Pacer for Reset. Non-Taxable: 8192M
[1347.743s][info][gc          ] GC(143) Concurrent reset 21.873ms
[1347.743s][info][gc,start    ] GC(143) Pause Init Mark (unload classes)
[1347.743s][info][gc,task     ] GC(143) Using 4 of 4 workers for init marking
[1347.743s][info][gc,ergo     ] GC(143) Pacer for Mark. Expected Live: 546M, Free: 1059M, Non-Taxable: 105M, Alloc Tax Rate: 0.6x
[1347.743s][info][gc          ] GC(143) Pause Init Mark (unload classes) 0.106ms
[1347.743s][info][gc,start    ] GC(143) Concurrent marking roots
[1347.743s][info][gc,task     ] GC(143) Using 2 of 4 workers for concurrent marking roots
[1347.744s][info][gc          ] GC(143) Concurrent marking roots 1.502ms
[1347.744s][info][gc,start    ] GC(143) Concurrent marking (unload classes)
[1347.745s][info][gc,task     ] GC(143) Using 2 of 4 workers for concurrent marking
[1348.029s][info][gc          ] GC(143) Concurrent marking (unload classes) 284.971ms
[1348.030s][info][gc,start    ] GC(143) Pause Final Mark (unload classes)
[1348.030s][info][gc,task     ] GC(143) Using 4 of 4 workers for final marking
[1348.030s][info][gc,ergo     ] GC(143) Adaptive CSet Selection. Target Free: 1160M, Actual Free: 2848M, Max CSet: 341M, Min Garbage: 0B
[1348.030s][info][gc,ergo     ] GC(143) Collectable Garbage: 6112M (99%), Immediate: 1752M (28%), CSet: 4360M (70%)
[1348.030s][info][gc,ergo     ] GC(143) Pacer for Evacuation. Used CSet: 4512M, Free: 2453M, Non-Taxable: 245M, Alloc Tax Rate: 4.5x
[1348.030s][info][gc          ] GC(143) Pause Final Mark (unload classes) 0.300ms
[1348.030s][info][gc,start    ] GC(143) Concurrent thread roots
[1348.030s][info][gc,task     ] GC(143) Using 2 of 4 workers for Concurrent thread roots
[1348.031s][info][gc          ] GC(143) Concurrent thread roots 0.830ms
[1348.031s][info][gc,start    ] GC(143) Concurrent weak references
[1348.031s][info][gc,task     ] GC(143) Using 2 of 4 workers for concurrent weak references
[1348.031s][info][gc,ref      ] GC(143) Encountered references: Soft: 6122, Weak: 23527, Final: 34, Phantom: 1127
[1348.031s][info][gc,ref      ] GC(143) Discovered  references: Soft: 0, Weak: 3698, Final: 0, Phantom: 787
[1348.031s][info][gc,ref      ] GC(143) Enqueued    references: Soft: 0, Weak: 2, Final: 0, Phantom: 0
[1348.031s][info][gc          ] GC(143) Concurrent weak references 0.228ms
[1348.031s][info][gc,start    ] GC(143) Concurrent weak roots
[1348.031s][info][gc,task     ] GC(143) Using 2 of 4 workers for concurrent weak root
[1348.034s][info][gc          ] GC(143) Concurrent weak roots 2.867ms
[1348.034s][info][gc,start    ] GC(143) Concurrent cleanup
[1348.034s][info][gc          ] GC(143) Concurrent cleanup 7087M->5335M(8192M) 0.038ms
[1348.034s][info][gc,ergo     ] GC(143) Free: 2445M, Max: 4096K regular, 500M humongous, Frag: 80% external, 0% internal; Reserve: 411M, Max: 4096K
[1348.034s][info][gc,start    ] GC(143) Concurrent class unloading
[1348.034s][info][gc,task     ] GC(143) Using 2 of 4 workers for concurrent class unloading
[1348.039s][info][gc          ] GC(143) Concurrent class unloading 5.310ms
[1348.039s][info][gc,start    ] GC(143) Concurrent strong roots
[1348.039s][info][gc,task     ] GC(143) Using 2 of 4 workers for concurrent strong root
[1348.040s][info][gc          ] GC(143) Concurrent strong roots 0.327ms
[1348.040s][info][gc,start    ] GC(143) Concurrent evacuation
[1348.040s][info][gc,task     ] GC(143) Using 2 of 4 workers for concurrent evacuation
[1348.116s][info][gc          ] GC(143) Concurrent evacuation 76.226ms
[1348.116s][info][gc,start    ] GC(143) Pause Init Update Refs
[1348.116s][info][gc,ergo     ] GC(143) Pacer for Update Refs. Used: 5570M, Free: 2365M, Non-Taxable: 236M, Alloc Tax Rate: 2.9x
[1348.116s][info][gc          ] GC(143) Pause Init Update Refs 0.046ms
[1348.116s][info][gc,start    ] GC(143) Concurrent update references
[1348.116s][info][gc,task     ] GC(143) Using 2 of 4 workers for concurrent reference update
[1348.321s][info][gc          ] GC(143) Concurrent update references 204.634ms
[1348.321s][info][gc,start    ] GC(143) Concurrent update thread roots
[1348.322s][info][gc          ] GC(143) Concurrent update thread roots 1.466ms
[1348.322s][info][gc,start    ] GC(143) Pause Final Update Refs
[1348.322s][info][gc,task     ] GC(143) Using 4 of 4 workers for final reference update
[1348.322s][info][gc          ] GC(143) Pause Final Update Refs 0.100ms
[1348.322s][info][gc,start    ] GC(143) Concurrent cleanup
[1348.322s][info][gc          ] GC(143) Concurrent cleanup 5750M->1238M(8192M) 0.068ms
[1348.322s][info][gc,ergo     ] Free: 6541M, Max: 4096K regular, 5204M humongous, Frag: 21% external, 0% internal; Reserve: 412M, Max: 4096K
[1348.322s][info][gc,stats    ] 
[1348.322s][info][gc,stats    ] All times are wall-clock times, except per-root-class counters, that are sum over
[1348.322s][info][gc,stats    ] all workers. Dividing the <total> over the root stage time estimates parallelism.
[1348.322s][info][gc,stats    ] 
[1348.322s][info][gc,stats    ] Concurrent Reset                  21918 us
[1348.322s][info][gc,stats    ] Pause Init Mark (G)                 245 us
[1348.322s][info][gc,stats    ] Pause Init Mark (N)                 118 us
[1348.323s][info][gc,stats    ]   Update Region States               43 us
[1348.323s][info][gc,stats    ] Concurrent Mark Roots              1525 us, parallelism: 1.55x
[1348.323s][info][gc,stats    ]   CMR: <total>                     2368 us
[1348.323s][info][gc,stats    ]   CMR: Thread Roots                2049 us, workers (us): 1169, 880, ---, ---, 
[1348.323s][info][gc,stats    ]   CMR: VM Strong Roots               26 us, workers (us):  15,  11, ---, ---, 
[1348.323s][info][gc,stats    ]   CMR: CLDG Roots                   293 us, workers (us): ---, 293, ---, ---, 
[1348.323s][info][gc,stats    ] Concurrent Marking               285004 us
[1348.323s][info][gc,stats    ] Pause Final Mark (G)                361 us
[1348.323s][info][gc,stats    ] Pause Final Mark (N)                311 us
[1348.323s][info][gc,stats    ]   Finish Mark                        46 us
[1348.323s][info][gc,stats    ]   Update Region States               40 us
[1348.323s][info][gc,stats    ]   Choose Collection Set             150 us
[1348.323s][info][gc,stats    ]   Rebuild Free Set                   11 us
[1348.323s][info][gc,stats    ] Concurrent Thread Roots             852 us, parallelism: 1.74x
[1348.323s][info][gc,stats    ]   CTR: <total>                     1480 us
[1348.323s][info][gc,stats    ]   CTR: Thread Roots                1480 us, workers (us): 741, 738, ---, ---, 
[1348.323s][info][gc,stats    ] Concurrent Weak References          239 us, parallelism: 0.83x
[1348.323s][info][gc,stats    ]   CWRF: <total>                     198 us
[1348.323s][info][gc,stats    ]   CWRF: Weak References             198 us, workers (us):  77, 121, ---, ---, 
[1348.323s][info][gc,stats    ] Concurrent Weak Roots              2889 us
[1348.323s][info][gc,stats    ]   Roots                            2786 us, parallelism: 1.91x
[1348.323s][info][gc,stats    ]     CWR: <total>                   5326 us
[1348.323s][info][gc,stats    ]     CWR: Code Cache Roots          3785 us, workers (us): 1943, 1842, ---, ---, 
[1348.323s][info][gc,stats    ]     CWR: VM Weak Roots             1482 us, workers (us): 742, 740, ---, ---, 
[1348.323s][info][gc,stats    ]     CWR: CLDG Roots                  59 us, workers (us): ---,  59, ---, ---, 
[1348.323s][info][gc,stats    ]   Rendezvous                         59 us
[1348.323s][info][gc,stats    ] Concurrent Cleanup                   51 us
[1348.323s][info][gc,stats    ] Concurrent Class Unloading         5335 us
[1348.323s][info][gc,stats    ]   Unlink Stale                     5050 us
[1348.323s][info][gc,stats    ]     System Dictionary                35 us
[1348.323s][info][gc,stats    ]     Weak Class Links                  0 us
[1348.323s][info][gc,stats    ]     Code Roots                     5014 us
[1348.323s][info][gc,stats    ]   Rendezvous                        166 us
[1348.323s][info][gc,stats    ]   Purge Unlinked                     72 us
[1348.323s][info][gc,stats    ]     Code Roots                       69 us
[1348.323s][info][gc,stats    ]     CLDG                              3 us
[1348.323s][info][gc,stats    ] Concurrent Strong Roots             348 us, parallelism: 0.62x
[1348.323s][info][gc,stats    ]   CSR: <total>                      215 us
[1348.323s][info][gc,stats    ]   CSR: VM Strong Roots               10 us, workers (us):   5,   5, ---, ---, 
[1348.323s][info][gc,stats    ]   CSR: CLDG Roots                   204 us, workers (us): ---, 204, ---, ---, 
[1348.323s][info][gc,stats    ] Concurrent Evacuation             76261 us
[1348.323s][info][gc,stats    ] Pause Init Update Refs (G)          108 us
[1348.323s][info][gc,stats    ] Pause Init Update Refs (N)           57 us
[1348.323s][info][gc,stats    ]   Manage GCLABs                       7 us
[1348.323s][info][gc,stats    ] Concurrent Update Refs           204668 us
[1348.323s][info][gc,stats    ] Concurrent Update Thread Roots     1490 us
[1348.323s][info][gc,stats    ] Pause Final Update Refs (G)         187 us
[1348.323s][info][gc,stats    ] Pause Final Update Refs (N)         126 us
[1348.323s][info][gc,stats    ]   Update Region States               39 us
[1348.323s][info][gc,stats    ]   Trash Collection Set               14 us
[1348.323s][info][gc,stats    ]   Rebuild Free Set                   12 us
[1348.323s][info][gc,stats    ] Concurrent Cleanup                   82 us
[1348.323s][info][gc,stats    ] 
[1348.323s][info][gc,stats    ] Allocation pacing accrued:
[1348.323s][info][gc,stats    ]       0 of  8347 ms (  0.0%): <total>
[1348.323s][info][gc,stats    ]       0 of  8347 ms (  0.0%): <average total>
[1348.323s][info][gc,stats    ] 
[1348.323s][info][gc,metaspace] Metaspace: 135422K(136768K)->135423K(136768K) NonClass: 114457K(115200K)->114458K(115200K) Class: 20965K(21568K)->20965K(21568K)
[1348.323s][info][gc,ergo     ] Pacer for Idle. Initial: 163M, Alloc Tax Rate: 1.0x
[1358.855s][info][gc          ] Trigger: Free (817M) is below minimum threshold (819M)
[1358.855s][info][gc,ergo     ] Free: 817M, Max: 4096K regular, 464M humongous, Frag: 43% external, 0% internal; Reserve: 412M, Max: 4096K
[1358.855s][info][gc,start    ] GC(144) Concurrent reset
[1358.855s][info][gc,task     ] GC(144) Using 2 of 4 workers for concurrent reset
[1358.855s][info][gc,ergo     ] GC(144) Pacer for Reset. Non-Taxable: 8192M
[1358.869s][info][gc          ] GC(144) Concurrent reset 14.150ms
[1358.869s][info][gc,start    ] GC(144) Pause Init Mark (unload classes)
[1358.869s][info][gc,task     ] GC(144) Using 4 of 4 workers for init marking
[1358.869s][info][gc,ergo     ] GC(144) Pacer for Mark. Expected Live: 538M, Free: 813M, Non-Taxable: 83256K, Alloc Tax Rate: 0.8x
[1358.869s][info][gc          ] GC(144) Pause Init Mark (unload classes) 0.106ms
[1358.869s][info][gc,start    ] GC(144) Concurrent marking roots
[1358.869s][info][gc,task     ] GC(144) Using 2 of 4 workers for concurrent marking roots
[1358.870s][info][gc          ] GC(144) Concurrent marking roots 1.135ms
[1358.870s][info][gc,start    ] GC(144) Concurrent marking (unload classes)
[1358.870s][info][gc,task     ] GC(144) Using 2 of 4 workers for concurrent marking
[1359.110s][info][gc          ] GC(144) Concurrent marking (unload classes) 239.870ms
[1359.110s][info][gc,start    ] GC(144) Pause Final Mark (unload classes)
[1359.110s][info][gc,task     ] GC(144) Using 4 of 4 workers for final marking
[1359.110s][info][gc,ergo     ] GC(144) Adaptive CSet Selection. Target Free: 1160M, Actual Free: 2224M, Max CSet: 341M, Min Garbage: 0B
[1359.110s][info][gc,ergo     ] GC(144) Collectable Garbage: 6423M (99%), Immediate: 1160M (17%), CSet: 5263M (81%)
[1359.110s][info][gc,ergo     ] GC(144) Pacer for Evacuation. Used CSet: 5356M, Free: 1825M, Non-Taxable: 182M, Alloc Tax Rate: 7.2x
[1359.110s][info][gc          ] GC(144) Pause Final Mark (unload classes) 0.263ms
[1359.110s][info][gc,start    ] GC(144) Concurrent thread roots
[1359.110s][info][gc,task     ] GC(144) Using 2 of 4 workers for Concurrent thread roots
[1359.111s][info][gc          ] GC(144) Concurrent thread roots 0.853ms
[1359.111s][info][gc,start    ] GC(144) Concurrent weak references
[1359.111s][info][gc,task     ] GC(144) Using 2 of 4 workers for concurrent weak references
[1359.112s][info][gc,ref      ] GC(144) Encountered references: Soft: 6122, Weak: 23531, Final: 34, Phantom: 1132
[1359.112s][info][gc,ref      ] GC(144) Discovered  references: Soft: 0, Weak: 11248, Final: 1, Phantom: 791
[1359.112s][info][gc,ref      ] GC(144) Enqueued    references: Soft: 0, Weak: 5, Final: 0, Phantom: 0
[1359.112s][info][gc          ] GC(144) Concurrent weak references 0.460ms
[1359.112s][info][gc,start    ] GC(144) Concurrent weak roots
[1359.112s][info][gc,task     ] GC(144) Using 2 of 4 workers for concurrent weak root
[1359.115s][info][gc          ] GC(144) Concurrent weak roots 2.977ms
[1359.115s][info][gc,start    ] GC(144) Concurrent cleanup
[1359.115s][info][gc          ] GC(144) Concurrent cleanup 7124M->5964M(8192M) 0.035ms
[1359.115s][info][gc,ergo     ] GC(144) Free: 1816M, Max: 4096K regular, 464M humongous, Frag: 75% external, 0% internal; Reserve: 411M, Max: 4096K
[1359.115s][info][gc,start    ] GC(144) Concurrent class unloading
[1359.115s][info][gc,task     ] GC(144) Using 2 of 4 workers for concurrent class unloading
[1359.120s][info][gc          ] GC(144) Concurrent class unloading 5.573ms
[1359.120s][info][gc,start    ] GC(144) Concurrent strong roots
[1359.120s][info][gc,task     ] GC(144) Using 2 of 4 workers for concurrent strong root
[1359.121s][info][gc          ] GC(144) Concurrent strong roots 0.306ms
[1359.121s][info][gc,start    ] GC(144) Concurrent evacuation
[1359.121s][info][gc,task     ] GC(144) Using 2 of 4 workers for concurrent evacuation
[1359.164s][info][gc          ] GC(144) Concurrent evacuation 43.599ms
[1359.164s][info][gc,start    ] GC(144) Pause Init Update Refs
[1359.164s][info][gc,ergo     ] GC(144) Pacer for Update Refs. Used: 6087M, Free: 1788M, Non-Taxable: 178M, Alloc Tax Rate: 4.2x
[1359.164s][info][gc          ] GC(144) Pause Init Update Refs 0.051ms
[1359.164s][info][gc,start    ] GC(144) Concurrent update references
[1359.164s][info][gc,task     ] GC(144) Using 2 of 4 workers for concurrent reference update
[1359.310s][info][gc          ] GC(144) Concurrent update references 145.558ms
[1359.310s][info][gc,start    ] GC(144) Concurrent update thread roots
[1359.311s][info][gc          ] GC(144) Concurrent update thread roots 1.307ms
[1359.311s][info][gc,start    ] GC(144) Pause Final Update Refs
[1359.311s][info][gc,task     ] GC(144) Using 4 of 4 workers for final reference update
[1359.312s][info][gc          ] GC(144) Pause Final Update Refs 0.086ms
[1359.312s][info][gc,start    ] GC(144) Concurrent cleanup
[1359.312s][info][gc          ] GC(144) Concurrent cleanup 6167M->811M(8192M) 0.072ms
[1359.312s][info][gc,ergo     ] Free: 6968M, Max: 4096K regular, 5500M humongous, Frag: 21% external, 0% internal; Reserve: 412M, Max: 4096K
[1359.312s][info][gc,stats    ] 
[1359.312s][info][gc,stats    ] All times are wall-clock times, except per-root-class counters, that are sum over
[1359.312s][info][gc,stats    ] all workers. Dividing the <total> over the root stage time estimates parallelism.
[1359.312s][info][gc,stats    ] 
[1359.312s][info][gc,stats    ] Concurrent Reset                  14209 us
[1359.312s][info][gc,stats    ] Pause Init Mark (G)                 189 us
[1359.312s][info][gc,stats    ] Pause Init Mark (N)                 118 us
[1359.312s][info][gc,stats    ]   Update Region States               38 us
[1359.312s][info][gc,stats    ] Concurrent Mark Roots              1157 us, parallelism: 1.67x
[1359.312s][info][gc,stats    ]   CMR: <total>                     1931 us
[1359.312s][info][gc,stats    ]   CMR: Thread Roots                1782 us, workers (us): 830, 952, ---, ---, 
[1359.312s][info][gc,stats    ]   CMR: VM Strong Roots               14 us, workers (us):  14,   0, ---, ---, 
[1359.312s][info][gc,stats    ]   CMR: CLDG Roots                   134 us, workers (us): 134, ---, ---, ---, 
[1359.312s][info][gc,stats    ] Concurrent Marking               239917 us
[1359.312s][info][gc,stats    ] Pause Final Mark (G)                302 us
[1359.312s][info][gc,stats    ] Pause Final Mark (N)                274 us
[1359.312s][info][gc,stats    ]   Finish Mark                        21 us
[1359.312s][info][gc,stats    ]   Update Region States               16 us
[1359.312s][info][gc,stats    ]   Choose Collection Set             158 us
[1359.312s][info][gc,stats    ]   Rebuild Free Set                    9 us
[1359.312s][info][gc,stats    ] Concurrent Thread Roots             875 us, parallelism: 1.86x
[1359.312s][info][gc,stats    ]   CTR: <total>                     1631 us
[1359.312s][info][gc,stats    ]   CTR: Thread Roots                1631 us, workers (us): 816, 815, ---, ---, 
[1359.312s][info][gc,stats    ] Concurrent Weak References          471 us, parallelism: 0.92x
[1359.312s][info][gc,stats    ]   CWRF: <total>                     435 us
[1359.312s][info][gc,stats    ]   CWRF: Weak References             435 us, workers (us):  41, 394, ---, ---, 
[1359.312s][info][gc,stats    ] Concurrent Weak Roots              3004 us
[1359.312s][info][gc,stats    ]   Roots                            2898 us, parallelism: 1.93x
[1359.312s][info][gc,stats    ]     CWR: <total>                   5582 us
[1359.312s][info][gc,stats    ]     CWR: Code Cache Roots          4015 us, workers (us): 2029, 1986, ---, ---, 
[1359.312s][info][gc,stats    ]     CWR: VM Weak Roots             1498 us, workers (us): 750, 748, ---, ---, 
[1359.312s][info][gc,stats    ]     CWR: CLDG Roots                  68 us, workers (us): ---,  68, ---, ---, 
[1359.312s][info][gc,stats    ]   Rendezvous                         57 us
[1359.312s][info][gc,stats    ] Concurrent Cleanup                   49 us
[1359.312s][info][gc,stats    ] Concurrent Class Unloading         5603 us
[1359.312s][info][gc,stats    ]   Unlink Stale                     5365 us
[1359.312s][info][gc,stats    ]     System Dictionary                64 us
[1359.312s][info][gc,stats    ]     Weak Class Links                  0 us
[1359.312s][info][gc,stats    ]     Code Roots                     5300 us
[1359.312s][info][gc,stats    ]   Rendezvous                         63 us
[1359.312s][info][gc,stats    ]   Purge Unlinked                    117 us
[1359.312s][info][gc,stats    ]     Code Roots                      113 us
[1359.312s][info][gc,stats    ]     CLDG                              4 us
[1359.312s][info][gc,stats    ] Concurrent Strong Roots             320 us, parallelism: 0.68x
[1359.312s][info][gc,stats    ]   CSR: <total>                      217 us
[1359.312s][info][gc,stats    ]   CSR: VM Strong Roots               11 us, workers (us):   6,   5, ---, ---, 
[1359.312s][info][gc,stats    ]   CSR: CLDG Roots                   206 us, workers (us): 206, ---, ---, ---, 
[1359.312s][info][gc,stats    ] Concurrent Evacuation             43648 us
[1359.312s][info][gc,stats    ] Pause Init Update Refs (G)           83 us
[1359.312s][info][gc,stats    ] Pause Init Update Refs (N)           63 us
[1359.312s][info][gc,stats    ]   Manage GCLABs                       8 us
[1359.312s][info][gc,stats    ] Concurrent Update Refs           145602 us
[1359.312s][info][gc,stats    ] Concurrent Update Thread Roots     1335 us
[1359.312s][info][gc,stats    ] Pause Final Update Refs (G)         142 us
[1359.312s][info][gc,stats    ] Pause Final Update Refs (N)         112 us
[1359.312s][info][gc,stats    ]   Update Region States               28 us
[1359.312s][info][gc,stats    ]   Trash Collection Set               15 us
[1359.312s][info][gc,stats    ]   Rebuild Free Set                   10 us
[1359.312s][info][gc,stats    ] Concurrent Cleanup                   87 us
[1359.312s][info][gc,stats    ] 
[1359.312s][info][gc,stats    ] Allocation pacing accrued:
[1359.312s][info][gc,stats    ]       0 of 10989 ms (  0.0%): <total>
[1359.312s][info][gc,stats    ]       0 of 10989 ms (  0.0%): <average total>
[1359.312s][info][gc,stats    ] 
[1359.312s][info][gc,metaspace] Metaspace: 135425K(136768K)->135425K(136768K) NonClass: 114460K(115200K)->114460K(115200K) Class: 20965K(21568K)->20965K(21568K)
[1359.312s][info][gc,ergo     ] Pacer for Idle. Initial: 163M, Alloc Tax Rate: 1.0x
[1366.986s][info][gc          ] Trigger: Average GC time (627.36 ms) is above the time for average allocation rate (1321 MB/s) to deplete free headroom (827M) (margin of error = 1.98)
[1366.986s][info][gc,ergo     ] Free headroom: 1236M (free) - 409M (spike) - 0B (penalties) = 827M
[1366.986s][info][gc,ergo     ] Free: 1236M, Max: 4096K regular, 524M humongous, Frag: 58% external, 0% internal; Reserve: 412M, Max: 4096K
[1366.986s][info][gc,start    ] GC(145) Concurrent reset
[1366.986s][info][gc,task     ] GC(145) Using 2 of 4 workers for concurrent reset
[1366.986s][info][gc,ergo     ] GC(145) Pacer for Reset. Non-Taxable: 8192M
[1367.003s][info][gc          ] GC(145) Concurrent reset 17.109ms
[1367.003s][info][gc,start    ] GC(145) Pause Init Mark (unload classes)
[1367.003s][info][gc,task     ] GC(145) Using 4 of 4 workers for init marking
[1367.004s][info][gc,ergo     ] GC(145) Pacer for Mark. Expected Live: 532M, Free: 1236M, Non-Taxable: 123M, Alloc Tax Rate: 0.5x
[1367.004s][info][gc          ] GC(145) Pause Init Mark (unload classes) 0.140ms
[1367.004s][info][gc,start    ] GC(145) Concurrent marking roots
[1367.004s][info][gc,task     ] GC(145) Using 2 of 4 workers for concurrent marking roots
[1367.005s][info][gc          ] GC(145) Concurrent marking roots 1.228ms
[1367.005s][info][gc,start    ] GC(145) Concurrent marking (unload classes)
[1367.005s][info][gc,task     ] GC(145) Using 2 of 4 workers for concurrent marking
[1367.263s][info][gc          ] GC(145) Concurrent marking (unload classes) 258.216ms
[1367.263s][info][gc,start    ] GC(145) Pause Final Mark (unload classes)
[1367.263s][info][gc,task     ] GC(145) Using 4 of 4 workers for final marking
[1367.263s][info][gc,ergo     ] GC(145) Adaptive CSet Selection. Target Free: 1160M, Actual Free: 3580M, Max CSet: 341M, Min Garbage: 0B
[1367.263s][info][gc,ergo     ] GC(145) Collectable Garbage: 5996M (99%), Immediate: 2240M (37%), CSet: 3756M (62%)
[1367.263s][info][gc,ergo     ] GC(145) Pacer for Evacuation. Used CSet: 3852M, Free: 3184M, Non-Taxable: 318M, Alloc Tax Rate: 3.0x
[1367.263s][info][gc          ] GC(145) Pause Final Mark (unload classes) 0.278ms
[1367.264s][info][gc,start    ] GC(145) Concurrent thread roots
[1367.264s][info][gc,task     ] GC(145) Using 2 of 4 workers for Concurrent thread roots
[1367.264s][info][gc          ] GC(145) Concurrent thread roots 0.840ms
[1367.264s][info][gc,start    ] GC(145) Concurrent weak references
[1367.264s][info][gc,task     ] GC(145) Using 2 of 4 workers for concurrent weak references
[1367.264s][info][gc,ref      ] GC(145) Encountered references: Soft: 6122, Weak: 23529, Final: 34, Phantom: 1135
[1367.264s][info][gc,ref      ] GC(145) Discovered  references: Soft: 0, Weak: 393, Final: 0, Phantom: 1006
[1367.264s][info][gc,ref      ] GC(145) Enqueued    references: Soft: 0, Weak: 1, Final: 0, Phantom: 0
[1367.265s][info][gc          ] GC(145) Concurrent weak references 0.122ms
[1367.265s][info][gc,start    ] GC(145) Concurrent weak roots
[1367.265s][info][gc,task     ] GC(145) Using 2 of 4 workers for concurrent weak root
[1367.267s][info][gc          ] GC(145) Concurrent weak roots 2.750ms
[1367.267s][info][gc,start    ] GC(145) Concurrent cleanup
[1367.267s][info][gc          ] GC(145) Concurrent cleanup 6843M->4603M(8192M) 0.039ms
[1367.267s][info][gc,ergo     ] GC(145) Free: 3176M, Max: 4096K regular, 524M humongous, Frag: 84% external, 0% internal; Reserve: 411M, Max: 4096K
[1367.267s][info][gc,start    ] GC(145) Concurrent class unloading
[1367.267s][info][gc,task     ] GC(145) Using 2 of 4 workers for concurrent class unloading
[1367.273s][info][gc          ] GC(145) Concurrent class unloading 5.153ms
[1367.273s][info][gc,start    ] GC(145) Concurrent strong roots
[1367.273s][info][gc,task     ] GC(145) Using 2 of 4 workers for concurrent strong root
[1367.273s][info][gc          ] GC(145) Concurrent strong roots 0.288ms
[1367.273s][info][gc,start    ] GC(145) Concurrent evacuation
[1367.273s][info][gc,task     ] GC(145) Using 2 of 4 workers for concurrent evacuation
[1367.319s][info][gc          ] GC(145) Concurrent evacuation 45.687ms
[1367.319s][info][gc,start    ] GC(145) Pause Init Update Refs
[1367.319s][info][gc,ergo     ] GC(145) Pacer for Update Refs. Used: 4751M, Free: 3128M, Non-Taxable: 312M, Alloc Tax Rate: 1.9x
[1367.319s][info][gc          ] GC(145) Pause Init Update Refs 0.047ms
[1367.319s][info][gc,start    ] GC(145) Concurrent update references
[1367.319s][info][gc,task     ] GC(145) Using 2 of 4 workers for concurrent reference update
[1367.479s][info][gc          ] GC(145) Concurrent update references 160.435ms
[1367.479s][info][gc,start    ] GC(145) Concurrent update thread roots
[1367.480s][info][gc          ] GC(145) Concurrent update thread roots 1.361ms
[1367.481s][info][gc,start    ] GC(145) Pause Final Update Refs
[1367.481s][info][gc,task     ] GC(145) Using 4 of 4 workers for final reference update
[1367.481s][info][gc          ] GC(145) Pause Final Update Refs 0.122ms
[1367.481s][info][gc,start    ] GC(145) Concurrent cleanup
[1367.481s][info][gc          ] GC(145) Concurrent cleanup 4859M->1007M(8192M) 0.069ms
[1367.481s][info][gc,ergo     ] Free: 6772M, Max: 4096K regular, 5300M humongous, Frag: 22% external, 0% internal; Reserve: 412M, Max: 4096K
[1367.481s][info][gc,stats    ] 
[1367.481s][info][gc,stats    ] All times are wall-clock times, except per-root-class counters, that are sum over
[1367.481s][info][gc,stats    ] all workers. Dividing the <total> over the root stage time estimates parallelism.
[1367.481s][info][gc,stats    ] 
[1367.481s][info][gc,stats    ] Concurrent Reset                  17176 us
[1367.481s][info][gc,stats    ] Pause Init Mark (G)                 281 us
[1367.481s][info][gc,stats    ] Pause Init Mark (N)                 152 us
[1367.481s][info][gc,stats    ]   Update Region States               58 us
[1367.481s][info][gc,stats    ] Concurrent Mark Roots              1250 us, parallelism: 1.42x
[1367.481s][info][gc,stats    ]   CMR: <total>                     1776 us
[1367.481s][info][gc,stats    ]   CMR: Thread Roots                1620 us, workers (us): 743, 877, ---, ---, 
[1367.481s][info][gc,stats    ]   CMR: VM Strong Roots               18 us, workers (us):   9,   9, ---, ---, 
[1367.481s][info][gc,stats    ]   CMR: CLDG Roots                   139 us, workers (us): 139, ---, ---, ---, 
[1367.481s][info][gc,stats    ] Concurrent Marking               258247 us
[1367.481s][info][gc,stats    ] Pause Final Mark (G)                347 us
[1367.481s][info][gc,stats    ] Pause Final Mark (N)                290 us
[1367.481s][info][gc,stats    ]   Finish Mark                        46 us
[1367.481s][info][gc,stats    ]   Update Region States               40 us
[1367.481s][info][gc,stats    ]   Choose Collection Set             129 us
[1367.481s][info][gc,stats    ]   Rebuild Free Set                   11 us
[1367.481s][info][gc,stats    ] Concurrent Thread Roots             862 us, parallelism: 1.81x
[1367.481s][info][gc,stats    ]   CTR: <total>                     1562 us
[1367.481s][info][gc,stats    ]   CTR: Thread Roots                1562 us, workers (us): 798, 764, ---, ---, 
[1367.481s][info][gc,stats    ] Concurrent Weak References          133 us, parallelism: 0.58x
[1367.481s][info][gc,stats    ]   CWRF: <total>                      78 us
[1367.481s][info][gc,stats    ]   CWRF: Weak References              78 us, workers (us):  58,  20, ---, ---, 
[1367.481s][info][gc,stats    ] Concurrent Weak Roots              2767 us
[1367.481s][info][gc,stats    ]   Roots                            2686 us, parallelism: 1.94x
[1367.481s][info][gc,stats    ]     CWR: <total>                   5200 us
[1367.481s][info][gc,stats    ]     CWR: Code Cache Roots          3647 us, workers (us): 1789, 1858, ---, ---, 
[1367.481s][info][gc,stats    ]     CWR: VM Weak Roots             1487 us, workers (us): 743, 744, ---, ---, 
[1367.481s][info][gc,stats    ]     CWR: CLDG Roots                  66 us, workers (us):  66, ---, ---, ---, 
[1367.481s][info][gc,stats    ]   Rendezvous                         43 us
[1367.481s][info][gc,stats    ] Concurrent Cleanup                   51 us
[1367.481s][info][gc,stats    ] Concurrent Class Unloading         5177 us
[1367.481s][info][gc,stats    ]   Unlink Stale                     5030 us
[1367.481s][info][gc,stats    ]     System Dictionary                61 us
[1367.481s][info][gc,stats    ]     Code Roots                     4967 us
[1367.481s][info][gc,stats    ]   Rendezvous                         60 us
[1367.481s][info][gc,stats    ]   Purge Unlinked                     41 us
[1367.481s][info][gc,stats    ]     Code Roots                       37 us
[1367.481s][info][gc,stats    ]     CLDG                              3 us
[1367.481s][info][gc,stats    ]     Exception Caches                  1 us
[1367.481s][info][gc,stats    ] Concurrent Strong Roots             301 us, parallelism: 0.69x
[1367.481s][info][gc,stats    ]   CSR: <total>                      209 us
[1367.481s][info][gc,stats    ]   CSR: VM Strong Roots               11 us, workers (us):   5,   6, ---, ---, 
[1367.481s][info][gc,stats    ]   CSR: CLDG Roots                   198 us, workers (us): 198, ---, ---, ---, 
[1367.481s][info][gc,stats    ] Concurrent Evacuation             45719 us
[1367.481s][info][gc,stats    ] Pause Init Update Refs (G)           89 us
[1367.481s][info][gc,stats    ] Pause Init Update Refs (N)           58 us
[1367.481s][info][gc,stats    ]   Manage GCLABs                       7 us
[1367.481s][info][gc,stats    ] Concurrent Update Refs           160476 us
[1367.481s][info][gc,stats    ] Concurrent Update Thread Roots     1383 us
[1367.481s][info][gc,stats    ] Pause Final Update Refs (G)         167 us
[1367.481s][info][gc,stats    ] Pause Final Update Refs (N)         137 us
[1367.481s][info][gc,stats    ]   Update Region States               54 us
[1367.481s][info][gc,stats    ]   Trash Collection Set               11 us
[1367.481s][info][gc,stats    ]   Rebuild Free Set                   13 us
[1367.481s][info][gc,stats    ] Concurrent Cleanup                   90 us
[1367.481s][info][gc,stats    ] 
[1367.481s][info][gc,stats    ] Allocation pacing accrued:
[1367.481s][info][gc,stats    ]       0 of  8169 ms (  0.0%): <total>
[1367.481s][info][gc,stats    ]       0 of  8169 ms (  0.0%): <average total>
[1367.481s][info][gc,stats    ] 
[1367.481s][info][gc,metaspace] Metaspace: 135426K(136768K)->135426K(136768K) NonClass: 114460K(115200K)->114460K(115200K) Class: 20965K(21568K)->20965K(21568K)
[1367.481s][info][gc,ergo     ] Pacer for Idle. Initial: 163M, Alloc Tax Rate: 1.0x
[1377.943s][info][gc          ] Trigger: Free (816M) is below minimum threshold (819M)
[1377.943s][info][gc,ergo     ] Free: 816M, Max: 4096K regular, 520M humongous, Frag: 35% external, 0% internal; Reserve: 412M, Max: 4096K
[1377.943s][info][gc,start    ] GC(146) Concurrent reset
[1377.943s][info][gc,task     ] GC(146) Using 2 of 4 workers for concurrent reset
[1377.943s][info][gc,ergo     ] GC(146) Pacer for Reset. Non-Taxable: 8192M
[1377.962s][info][gc          ] GC(146) Concurrent reset 18.200ms
[1377.962s][info][gc,start    ] GC(146) Pause Init Mark (unload classes)
[1377.962s][info][gc,task     ] GC(146) Using 4 of 4 workers for init marking
[1377.962s][info][gc,ergo     ] GC(146) Pacer for Mark. Expected Live: 525M, Free: 800M, Non-Taxable: 82000K, Alloc Tax Rate: 0.8x
[1377.962s][info][gc          ] GC(146) Pause Init Mark (unload classes) 0.164ms
[1377.962s][info][gc,start    ] GC(146) Concurrent marking roots
[1377.962s][info][gc,task     ] GC(146) Using 2 of 4 workers for concurrent marking roots
[1377.963s][info][gc          ] GC(146) Concurrent marking roots 1.510ms
[1377.963s][info][gc,start    ] GC(146) Concurrent marking (unload classes)
[1377.963s][info][gc,task     ] GC(146) Using 2 of 4 workers for concurrent marking
[1378.200s][info][gc          ] GC(146) Concurrent marking (unload classes) 236.384ms
[1378.200s][info][gc,start    ] GC(146) Pause Final Mark (unload classes)
[1378.200s][info][gc,task     ] GC(146) Using 4 of 4 workers for final marking
[1378.200s][info][gc,ergo     ] GC(146) Adaptive CSet Selection. Target Free: 1160M, Actual Free: 2528M, Max CSet: 341M, Min Garbage: 0B
[1378.200s][info][gc,ergo     ] GC(146) Collectable Garbage: 6443M (99%), Immediate: 1424M (21%), CSet: 5019M (77%)
[1378.200s][info][gc,ergo     ] GC(146) Pacer for Evacuation. Used CSet: 5104M, Free: 2132M, Non-Taxable: 213M, Alloc Tax Rate: 5.8x
[1378.200s][info][gc          ] GC(146) Pause Final Mark (unload classes) 0.340ms
[1378.200s][info][gc,start    ] GC(146) Concurrent thread roots
[1378.200s][info][gc,task     ] GC(146) Using 2 of 4 workers for Concurrent thread roots
[1378.201s][info][gc          ] GC(146) Concurrent thread roots 0.881ms
[1378.201s][info][gc,start    ] GC(146) Concurrent weak references
[1378.201s][info][gc,task     ] GC(146) Using 2 of 4 workers for concurrent weak references
[1378.201s][info][gc,ref      ] GC(146) Encountered references: Soft: 6122, Weak: 23533, Final: 34, Phantom: 1144
[1378.201s][info][gc,ref      ] GC(146) Discovered  references: Soft: 0, Weak: 1310, Final: 0, Phantom: 796
[1378.201s][info][gc,ref      ] GC(146) Enqueued    references: Soft: 0, Weak: 3, Final: 0, Phantom: 0
[1378.201s][info][gc          ] GC(146) Concurrent weak references 0.180ms
[1378.201s][info][gc,start    ] GC(146) Concurrent weak roots
[1378.201s][info][gc,task     ] GC(146) Using 2 of 4 workers for concurrent weak root
[1378.204s][info][gc          ] GC(146) Concurrent weak roots 2.614ms
[1378.204s][info][gc,start    ] GC(146) Concurrent cleanup
[1378.204s][info][gc          ] GC(146) Concurrent cleanup 7079M->5655M(8192M) 0.030ms
[1378.204s][info][gc,ergo     ] GC(146) Free: 2124M, Max: 4096K regular, 520M humongous, Frag: 76% external, 0% internal; Reserve: 411M, Max: 4096K
[1378.204s][info][gc,start    ] GC(146) Concurrent class unloading
[1378.204s][info][gc,task     ] GC(146) Using 2 of 4 workers for concurrent class unloading
[1378.209s][info][gc          ] GC(146) Concurrent class unloading 4.951ms
[1378.209s][info][gc,start    ] GC(146) Concurrent strong roots
[1378.209s][info][gc,task     ] GC(146) Using 2 of 4 workers for concurrent strong root
[1378.209s][info][gc          ] GC(146) Concurrent strong roots 0.272ms
[1378.209s][info][gc,start    ] GC(146) Concurrent evacuation
[1378.209s][info][gc,task     ] GC(146) Using 2 of 4 workers for concurrent evacuation
[1378.251s][info][gc          ] GC(146) Concurrent evacuation 41.430ms
[1378.251s][info][gc,start    ] GC(146) Pause Init Update Refs
[1378.251s][info][gc,ergo     ] GC(146) Pacer for Update Refs. Used: 5743M, Free: 2124M, Non-Taxable: 212M, Alloc Tax Rate: 3.3x
[1378.251s][info][gc          ] GC(146) Pause Init Update Refs 0.045ms
[1378.251s][info][gc,start    ] GC(146) Concurrent update references
[1378.251s][info][gc,task     ] GC(146) Using 2 of 4 workers for concurrent reference update
[1378.386s][info][gc          ] GC(146) Concurrent update references 135.203ms
[1378.386s][info][gc,start    ] GC(146) Concurrent update thread roots
[1378.388s][info][gc          ] GC(146) Concurrent update thread roots 1.437ms
[1378.388s][info][gc,start    ] GC(146) Pause Final Update Refs
[1378.388s][info][gc,task     ] GC(146) Using 4 of 4 workers for final reference update
[1378.388s][info][gc          ] GC(146) Pause Final Update Refs 0.088ms
[1378.388s][info][gc,start    ] GC(146) Concurrent cleanup
[1378.388s][info][gc          ] GC(146) Concurrent cleanup 5787M->683M(8192M) 0.071ms
[1378.388s][info][gc,ergo     ] Free: 7096M, Max: 4096K regular, 5924M humongous, Frag: 17% external, 0% internal; Reserve: 412M, Max: 4096K
[1378.388s][info][gc,stats    ] 
[1378.388s][info][gc,stats    ] All times are wall-clock times, except per-root-class counters, that are sum over
[1378.388s][info][gc,stats    ] all workers. Dividing the <total> over the root stage time estimates parallelism.
[1378.388s][info][gc,stats    ] 
[1378.388s][info][gc,stats    ] Concurrent Reset                  18272 us
[1378.388s][info][gc,stats    ] Pause Init Mark (G)                 320 us
[1378.388s][info][gc,stats    ] Pause Init Mark (N)                 177 us
[1378.388s][info][gc,stats    ]   Update Region States               82 us
[1378.388s][info][gc,stats    ] Concurrent Mark Roots              1534 us, parallelism: 1.53x
[1378.388s][info][gc,stats    ]   CMR: <total>                     2353 us
[1378.388s][info][gc,stats    ]   CMR: Thread Roots                2097 us, workers (us): 933, 1164, ---, ---, 
[1378.388s][info][gc,stats    ]   CMR: VM Strong Roots               22 us, workers (us):  22,   0, ---, ---, 
[1378.388s][info][gc,stats    ]   CMR: CLDG Roots                   234 us, workers (us): 234, ---, ---, ---, 
[1378.388s][info][gc,stats    ] Concurrent Marking               236427 us
[1378.388s][info][gc,stats    ] Pause Final Mark (G)                407 us
[1378.388s][info][gc,stats    ] Pause Final Mark (N)                351 us
[1378.388s][info][gc,stats    ]   Finish Mark                        74 us
[1378.388s][info][gc,stats    ]   Update Region States               33 us
[1378.388s][info][gc,stats    ]   Choose Collection Set             167 us
[1378.388s][info][gc,stats    ]   Rebuild Free Set                    9 us
[1378.388s][info][gc,stats    ] Concurrent Thread Roots             902 us, parallelism: 1.81x
[1378.388s][info][gc,stats    ]   CTR: <total>                     1629 us
[1378.388s][info][gc,stats    ]   CTR: Thread Roots                1629 us, workers (us): 838, 791, ---, ---, 
[1378.388s][info][gc,stats    ] Concurrent Weak References          191 us, parallelism: 0.75x
[1378.388s][info][gc,stats    ]   CWRF: <total>                     144 us
[1378.388s][info][gc,stats    ]   CWRF: Weak References             144 us, workers (us): 106,  38, ---, ---, 
[1378.388s][info][gc,stats    ] Concurrent Weak Roots              2628 us
[1378.388s][info][gc,stats    ]   Roots                            2566 us, parallelism: 1.94x
[1378.388s][info][gc,stats    ]     CWR: <total>                   4968 us
[1378.388s][info][gc,stats    ]     CWR: Code Cache Roots          3436 us, workers (us): 1743, 1693, ---, ---, 
[1378.388s][info][gc,stats    ]     CWR: VM Weak Roots             1480 us, workers (us): 741, 739, ---, ---, 
[1378.388s][info][gc,stats    ]     CWR: CLDG Roots                  52 us, workers (us): ---,  52, ---, ---, 
[1378.388s][info][gc,stats    ]   Rendezvous                         26 us
[1378.388s][info][gc,stats    ] Concurrent Cleanup                   42 us
[1378.388s][info][gc,stats    ] Concurrent Class Unloading         4968 us
[1378.388s][info][gc,stats    ]   Unlink Stale                     4811 us
[1378.388s][info][gc,stats    ]     System Dictionary                43 us
[1378.388s][info][gc,stats    ]     Weak Class Links                  0 us
[1378.388s][info][gc,stats    ]     Code Roots                     4766 us
[1378.388s][info][gc,stats    ]   Rendezvous                         67 us
[1378.388s][info][gc,stats    ]   Purge Unlinked                     51 us
[1378.388s][info][gc,stats    ]     Code Roots                       49 us
[1378.388s][info][gc,stats    ]     CLDG                              2 us
[1378.388s][info][gc,stats    ]     Exception Caches                  0 us
[1378.388s][info][gc,stats    ] Concurrent Strong Roots             286 us, parallelism: 0.72x
[1378.388s][info][gc,stats    ]   CSR: <total>                      206 us
[1378.388s][info][gc,stats    ]   CSR: VM Strong Roots               10 us, workers (us):  10,   0, ---, ---, 
[1378.388s][info][gc,stats    ]   CSR: CLDG Roots                   196 us, workers (us): 196, ---, ---, ---, 
[1378.388s][info][gc,stats    ] Concurrent Evacuation             41478 us
[1378.388s][info][gc,stats    ] Pause Init Update Refs (G)          119 us
[1378.388s][info][gc,stats    ] Pause Init Update Refs (N)           56 us
[1378.388s][info][gc,stats    ]   Manage GCLABs                       6 us
[1378.388s][info][gc,stats    ] Concurrent Update Refs           135235 us
[1378.388s][info][gc,stats    ] Concurrent Update Thread Roots     1451 us
[1378.388s][info][gc,stats    ] Pause Final Update Refs (G)         169 us
[1378.388s][info][gc,stats    ] Pause Final Update Refs (N)         114 us
[1378.388s][info][gc,stats    ]   Update Region States               32 us
[1378.388s][info][gc,stats    ]   Trash Collection Set               10 us
[1378.388s][info][gc,stats    ]   Rebuild Free Set                   10 us
[1378.388s][info][gc,stats    ] Concurrent Cleanup                   85 us
[1378.388s][info][gc,stats    ] 
[1378.388s][info][gc,stats    ] Allocation pacing accrued:
[1378.388s][info][gc,stats    ]       0 of 10907 ms (  0.0%): <total>
[1378.389s][info][gc,stats    ]       0 of 10907 ms (  0.0%): <average total>
[1378.389s][info][gc,stats    ] 
[1378.389s][info][gc,metaspace] Metaspace: 135426K(136768K)->135426K(136768K) NonClass: 114460K(115200K)->114460K(115200K) Class: 20965K(21568K)->20965K(21568K)
[1378.389s][info][gc,ergo     ] Pacer for Idle. Initial: 163M, Alloc Tax Rate: 1.0x
[1389.763s][info][gc          ] Trigger: Average GC time (555.44 ms) is above the time for instantaneous allocation rate (1159 MB/s) to deplete free headroom (615M) (spike threshold = 1.68)
[1389.763s][info][gc,ergo     ] Free: 1024M, Max: 4096K regular, 532M humongous, Frag: 48% external, 0% internal; Reserve: 412M, Max: 4096K
[1389.763s][info][gc,start    ] GC(147) Concurrent reset
[1389.763s][info][gc,task     ] GC(147) Using 2 of 4 workers for concurrent reset
[1389.763s][info][gc,ergo     ] GC(147) Pacer for Reset. Non-Taxable: 8192M
[1389.780s][info][gc          ] GC(147) Concurrent reset 17.000ms
[1389.780s][info][gc,start    ] GC(147) Pause Init Mark (unload classes)
[1389.780s][info][gc,task     ] GC(147) Using 4 of 4 workers for init marking
[1389.780s][info][gc,ergo     ] GC(147) Pacer for Mark. Expected Live: 520M, Free: 1012M, Non-Taxable: 101M, Alloc Tax Rate: 0.6x
[1389.780s][info][gc          ] GC(147) Pause Init Mark (unload classes) 0.110ms
[1389.780s][info][gc,start    ] GC(147) Concurrent marking roots
[1389.780s][info][gc,task     ] GC(147) Using 2 of 4 workers for concurrent marking roots
[1389.781s][info][gc          ] GC(147) Concurrent marking roots 1.250ms
[1389.781s][info][gc,start    ] GC(147) Concurrent marking (unload classes)
[1389.781s][info][gc,task     ] GC(147) Using 2 of 4 workers for concurrent marking
[1390.031s][info][gc          ] GC(147) Concurrent marking (unload classes) 249.815ms
[1390.031s][info][gc,start    ] GC(147) Pause Final Mark (unload classes)
[1390.031s][info][gc,task     ] GC(147) Using 4 of 4 workers for final marking
[1390.031s][info][gc,ergo     ] GC(147) Adaptive CSet Selection. Target Free: 1160M, Actual Free: 2196M, Max CSet: 341M, Min Garbage: 0B
[1390.031s][info][gc,ergo     ] GC(147) Collectable Garbage: 6224M (99%), Immediate: 1016M (16%), CSet: 5208M (83%)
[1390.031s][info][gc,ergo     ] GC(147) Pacer for Evacuation. Used CSet: 5300M, Free: 1800M, Non-Taxable: 180M, Alloc Tax Rate: 7.2x
[1390.031s][info][gc          ] GC(147) Pause Final Mark (unload classes) 0.295ms
[1390.031s][info][gc,start    ] GC(147) Concurrent thread roots
[1390.031s][info][gc,task     ] GC(147) Using 2 of 4 workers for Concurrent thread roots
[1390.032s][info][gc          ] GC(147) Concurrent thread roots 0.808ms
[1390.032s][info][gc,start    ] GC(147) Concurrent weak references
[1390.032s][info][gc,task     ] GC(147) Using 2 of 4 workers for concurrent weak references
[1390.033s][info][gc,ref      ] GC(147) Encountered references: Soft: 6122, Weak: 23537, Final: 34, Phantom: 1150
[1390.033s][info][gc,ref      ] GC(147) Discovered  references: Soft: 0, Weak: 11313, Final: 33, Phantom: 1022
[1390.033s][info][gc,ref      ] GC(147) Enqueued    references: Soft: 0, Weak: 5, Final: 0, Phantom: 0
[1390.033s][info][gc          ] GC(147) Concurrent weak references 0.533ms
[1390.033s][info][gc,start    ] GC(147) Concurrent weak roots
[1390.033s][info][gc,task     ] GC(147) Using 2 of 4 workers for concurrent weak root
[1390.035s][info][gc          ] GC(147) Concurrent weak roots 2.786ms
[1390.035s][info][gc,start    ] GC(147) Concurrent cleanup
[1390.036s][info][gc          ] GC(147) Concurrent cleanup 7003M->5987M(8192M) 0.034ms
[1390.036s][info][gc,ergo     ] GC(147) Free: 1792M, Max: 4096K regular, 532M humongous, Frag: 70% external, 0% internal; Reserve: 411M, Max: 4096K
[1390.036s][info][gc,start    ] GC(147) Concurrent class unloading
[1390.036s][info][gc,task     ] GC(147) Using 2 of 4 workers for concurrent class unloading
[1390.041s][info][gc          ] GC(147) Concurrent class unloading 5.182ms
[1390.041s][info][gc,start    ] GC(147) Concurrent strong roots
[1390.041s][info][gc,task     ] GC(147) Using 2 of 4 workers for concurrent strong root
[1390.041s][info][gc          ] GC(147) Concurrent strong roots 0.311ms
[1390.041s][info][gc,start    ] GC(147) Concurrent evacuation
[1390.041s][info][gc,task     ] GC(147) Using 2 of 4 workers for concurrent evacuation
[1390.093s][info][gc          ] GC(147) Concurrent evacuation 51.635ms
[1390.093s][info][gc,start    ] GC(147) Pause Init Update Refs
[1390.093s][info][gc,ergo     ] GC(147) Pacer for Update Refs. Used: 6155M, Free: 1720M, Non-Taxable: 172M, Alloc Tax Rate: 4.4x
[1390.093s][info][gc          ] GC(147) Pause Init Update Refs 0.046ms
[1390.093s][info][gc,start    ] GC(147) Concurrent update references
[1390.093s][info][gc,task     ] GC(147) Using 2 of 4 workers for concurrent reference update
[1390.256s][info][gc          ] GC(147) Concurrent update references 163.330ms
[1390.256s][info][gc,start    ] GC(147) Concurrent update thread roots
[1390.258s][info][gc          ] GC(147) Concurrent update thread roots 1.555ms
[1390.258s][info][gc,start    ] GC(147) Pause Final Update Refs
[1390.258s][info][gc,task     ] GC(147) Using 4 of 4 workers for final reference update
[1390.258s][info][gc          ] GC(147) Pause Final Update Refs 0.109ms
[1390.258s][info][gc,start    ] GC(147) Concurrent cleanup
[1390.258s][info][gc          ] GC(147) Concurrent cleanup 6319M->1019M(8192M) 0.076ms
[1390.258s][info][gc,ergo     ] Free: 6760M, Max: 4096K regular, 5388M humongous, Frag: 21% external, 0% internal; Reserve: 412M, Max: 4096K
[1390.258s][info][gc,stats    ] 
[1390.258s][info][gc,stats    ] All times are wall-clock times, except per-root-class counters, that are sum over
[1390.258s][info][gc,stats    ] all workers. Dividing the <total> over the root stage time estimates parallelism.
[1390.258s][info][gc,stats    ] 
[1390.258s][info][gc,stats    ] Concurrent Reset                  17073 us
[1390.258s][info][gc,stats    ] Pause Init Mark (G)                 211 us
[1390.258s][info][gc,stats    ] Pause Init Mark (N)                 121 us
[1390.258s][info][gc,stats    ]   Update Region States               50 us
[1390.258s][info][gc,stats    ] Concurrent Mark Roots              1273 us, parallelism: 1.60x
[1390.258s][info][gc,stats    ]   CMR: <total>                     2036 us
[1390.258s][info][gc,stats    ]   CMR: Thread Roots                1796 us, workers (us): 793, 1003, ---, ---, 
[1390.258s][info][gc,stats    ]   CMR: VM Strong Roots               19 us, workers (us):  16,   3, ---, ---, 
[1390.258s][info][gc,stats    ]   CMR: CLDG Roots                   221 us, workers (us): 221, ---, ---, ---, 
[1390.258s][info][gc,stats    ] Concurrent Marking               249858 us
[1390.258s][info][gc,stats    ] Pause Final Mark (G)                322 us
[1390.258s][info][gc,stats    ] Pause Final Mark (N)                305 us
[1390.258s][info][gc,stats    ]   Finish Mark                        45 us
[1390.258s][info][gc,stats    ]   Update Region States               38 us
[1390.258s][info][gc,stats    ]   Choose Collection Set             145 us
[1390.258s][info][gc,stats    ]   Rebuild Free Set                    9 us
[1390.258s][info][gc,stats    ] Concurrent Thread Roots             829 us, parallelism: 1.80x
[1390.258s][info][gc,stats    ]   CTR: <total>                     1497 us
[1390.258s][info][gc,stats    ]   CTR: Thread Roots                1497 us, workers (us): 760, 736, ---, ---, 
[1390.258s][info][gc,stats    ] Concurrent Weak References          543 us, parallelism: 0.89x
[1390.258s][info][gc,stats    ]   CWRF: <total>                     485 us
[1390.258s][info][gc,stats    ]   CWRF: Weak References             485 us, workers (us):  59, 426, ---, ---, 
[1390.258s][info][gc,stats    ] Concurrent Weak Roots              2809 us
[1390.258s][info][gc,stats    ]   Roots                            2714 us, parallelism: 1.89x
[1390.258s][info][gc,stats    ]     CWR: <total>                   5126 us
[1390.258s][info][gc,stats    ]     CWR: Code Cache Roots          3533 us, workers (us): 1718, 1815, ---, ---, 
[1390.258s][info][gc,stats    ]     CWR: VM Weak Roots             1542 us, workers (us): 786, 757, ---, ---, 
[1390.258s][info][gc,stats    ]     CWR: CLDG Roots                  50 us, workers (us):  50, ---, ---, ---, 
[1390.258s][info][gc,stats    ]   Rendezvous                         51 us
[1390.258s][info][gc,stats    ] Concurrent Cleanup                   47 us
[1390.258s][info][gc,stats    ] Concurrent Class Unloading         5208 us
[1390.258s][info][gc,stats    ]   Unlink Stale                     4997 us
[1390.258s][info][gc,stats    ]     System Dictionary                44 us
[1390.258s][info][gc,stats    ]     Code Roots                     4951 us
[1390.258s][info][gc,stats    ]   Rendezvous                        114 us
[1390.259s][info][gc,stats    ]   Purge Unlinked                     49 us
[1390.259s][info][gc,stats    ]     Code Roots                       46 us
[1390.259s][info][gc,stats    ]     CLDG                              3 us
[1390.259s][info][gc,stats    ]     Exception Caches                  0 us
[1390.259s][info][gc,stats    ] Concurrent Strong Roots             336 us, parallelism: 0.63x
[1390.259s][info][gc,stats    ]   CSR: <total>                      210 us
[1390.259s][info][gc,stats    ]   CSR: VM Strong Roots               11 us, workers (us):  11,   0, ---, ---, 
[1390.259s][info][gc,stats    ]   CSR: CLDG Roots                   199 us, workers (us): 199, ---, ---, ---, 
[1390.259s][info][gc,stats    ] Concurrent Evacuation             51673 us
[1390.259s][info][gc,stats    ] Pause Init Update Refs (G)           91 us
[1390.259s][info][gc,stats    ] Pause Init Update Refs (N)           57 us
[1390.259s][info][gc,stats    ]   Manage GCLABs                       7 us
[1390.259s][info][gc,stats    ] Concurrent Update Refs           163370 us
[1390.259s][info][gc,stats    ] Concurrent Update Thread Roots     1580 us
[1390.259s][info][gc,stats    ] Pause Final Update Refs (G)         160 us
[1390.259s][info][gc,stats    ] Pause Final Update Refs (N)         135 us
[1390.259s][info][gc,stats    ]   Update Region States               47 us
[1390.259s][info][gc,stats    ]   Trash Collection Set               12 us
[1390.259s][info][gc,stats    ]   Rebuild Free Set                   11 us
[1390.259s][info][gc,stats    ] Concurrent Cleanup                   91 us
[1390.259s][info][gc,stats    ] 
[1390.259s][info][gc,stats    ] Allocation pacing accrued:
[1390.259s][info][gc,stats    ]       0 of 11870 ms (  0.0%): <total>
[1390.259s][info][gc,stats    ]       0 of 11870 ms (  0.0%): <average total>
[1390.259s][info][gc,stats    ] 
[1390.259s][info][gc,metaspace] Metaspace: 135428K(136768K)->135429K(136768K) NonClass: 114462K(115200K)->114464K(115200K) Class: 20965K(21568K)->20965K(21568K)
[1390.259s][info][gc,ergo     ] Pacer for Idle. Initial: 163M, Alloc Tax Rate: 1.0x
[1398.414s][info][gc          ] Trigger: Average GC time (546.64 ms) is above the time for average allocation rate (1012 MB/s) to deplete free headroom (543M) (margin of error = 1.98)
[1398.414s][info][gc,ergo     ] Free headroom: 952M (free) - 409M (spike) - 0B (penalties) = 543M
[1398.414s][info][gc,ergo     ] Free: 952M, Max: 4096K regular, 524M humongous, Frag: 44% external, 0% internal; Reserve: 412M, Max: 4096K
[1398.414s][info][gc,start    ] GC(148) Concurrent reset
[1398.414s][info][gc,task     ] GC(148) Using 2 of 4 workers for concurrent reset
[1398.414s][info][gc,ergo     ] GC(148) Pacer for Reset. Non-Taxable: 8192M
[1398.433s][info][gc          ] GC(148) Concurrent reset 19.099ms
[1398.433s][info][gc,start    ] GC(148) Pause Init Mark (unload classes)
[1398.433s][info][gc,task     ] GC(148) Using 4 of 4 workers for init marking
[1398.433s][info][gc,ergo     ] GC(148) Pacer for Mark. Expected Live: 515M, Free: 932M, Non-Taxable: 95520K, Alloc Tax Rate: 0.7x
[1398.433s][info][gc          ] GC(148) Pause Init Mark (unload classes) 0.116ms
[1398.433s][info][gc,start    ] GC(148) Concurrent marking roots
[1398.433s][info][gc,task     ] GC(148) Using 2 of 4 workers for concurrent marking roots
[1398.435s][info][gc          ] GC(148) Concurrent marking roots 1.174ms
[1398.435s][info][gc,start    ] GC(148) Concurrent marking (unload classes)
[1398.435s][info][gc,task     ] GC(148) Using 2 of 4 workers for concurrent marking
[1398.685s][info][gc          ] GC(148) Concurrent marking (unload classes) 250.229ms
[1398.685s][info][gc,start    ] GC(148) Pause Final Mark (unload classes)
[1398.685s][info][gc,task     ] GC(148) Using 4 of 4 workers for final marking
[1398.685s][info][gc,ergo     ] GC(148) Adaptive CSet Selection. Target Free: 1160M, Actual Free: 2328M, Max CSet: 341M, Min Garbage: 0B
[1398.685s][info][gc,ergo     ] GC(148) Collectable Garbage: 6311M (99%), Immediate: 1212M (19%), CSet: 5099M (80%)
[1398.685s][info][gc,ergo     ] GC(148) Pacer for Evacuation. Used CSet: 5188M, Free: 1932M, Non-Taxable: 193M, Alloc Tax Rate: 6.6x
[1398.685s][info][gc          ] GC(148) Pause Final Mark (unload classes) 0.307ms
[1398.685s][info][gc,start    ] GC(148) Concurrent thread roots
[1398.685s][info][gc,task     ] GC(148) Using 2 of 4 workers for Concurrent thread roots
[1398.686s][info][gc          ] GC(148) Concurrent thread roots 0.893ms
[1398.686s][info][gc,start    ] GC(148) Concurrent weak references
[1398.686s][info][gc,task     ] GC(148) Using 2 of 4 workers for concurrent weak references
[1398.686s][info][gc,ref      ] GC(148) Encountered references: Soft: 6122, Weak: 23537, Final: 34, Phantom: 1156
[1398.686s][info][gc,ref      ] GC(148) Discovered  references: Soft: 0, Weak: 4832, Final: 0, Phantom: 806
[1398.687s][info][gc,ref      ] GC(148) Enqueued    references: Soft: 0, Weak: 3, Final: 0, Phantom: 0
[1398.687s][info][gc          ] GC(148) Concurrent weak references 0.377ms
[1398.687s][info][gc,start    ] GC(148) Concurrent weak roots
[1398.687s][info][gc,task     ] GC(148) Using 2 of 4 workers for concurrent weak root
[1398.689s][info][gc          ] GC(148) Concurrent weak roots 2.906ms
[1398.689s][info][gc,start    ] GC(148) Concurrent cleanup
[1398.690s][info][gc          ] GC(148) Concurrent cleanup 7068M->5856M(8192M) 0.036ms
[1398.690s][info][gc,ergo     ] GC(148) Free: 1924M, Max: 4096K regular, 524M humongous, Frag: 73% external, 0% internal; Reserve: 411M, Max: 4096K
[1398.690s][info][gc,start    ] GC(148) Concurrent class unloading
[1398.690s][info][gc,task     ] GC(148) Using 2 of 4 workers for concurrent class unloading
[1398.695s][info][gc          ] GC(148) Concurrent class unloading 5.033ms
[1398.695s][info][gc,start    ] GC(148) Concurrent strong roots
[1398.695s][info][gc,task     ] GC(148) Using 2 of 4 workers for concurrent strong root
[1398.695s][info][gc          ] GC(148) Concurrent strong roots 0.297ms
[1398.695s][info][gc,start    ] GC(148) Concurrent evacuation
[1398.695s][info][gc,task     ] GC(148) Using 2 of 4 workers for concurrent evacuation
[1398.749s][info][gc          ] GC(148) Concurrent evacuation 54.124ms
[1398.749s][info][gc,start    ] GC(148) Pause Init Update Refs
[1398.749s][info][gc,ergo     ] GC(148) Pacer for Update Refs. Used: 5987M, Free: 1884M, Non-Taxable: 188M, Alloc Tax Rate: 3.9x
[1398.749s][info][gc          ] GC(148) Pause Init Update Refs 0.044ms
[1398.749s][info][gc,start    ] GC(148) Concurrent update references
[1398.749s][info][gc,task     ] GC(148) Using 2 of 4 workers for concurrent reference update
[1398.903s][info][gc          ] GC(148) Concurrent update references 153.938ms
[1398.903s][info][gc,start    ] GC(148) Concurrent update thread roots
[1398.905s][info][gc          ] GC(148) Concurrent update thread roots 1.426ms
[1398.905s][info][gc,start    ] GC(148) Pause Final Update Refs
[1398.905s][info][gc,task     ] GC(148) Using 4 of 4 workers for final reference update
[1398.905s][info][gc          ] GC(148) Pause Final Update Refs 0.089ms
[1398.905s][info][gc,start    ] GC(148) Concurrent cleanup
[1398.905s][info][gc          ] GC(148) Concurrent cleanup 6091M->903M(8192M) 0.071ms
[1398.905s][info][gc,ergo     ] Free: 6876M, Max: 4096K regular, 5560M humongous, Frag: 19% external, 0% internal; Reserve: 412M, Max: 4096K
[1398.905s][info][gc,stats    ] 
[1398.905s][info][gc,stats    ] All times are wall-clock times, except per-root-class counters, that are sum over
[1398.905s][info][gc,stats    ] all workers. Dividing the <total> over the root stage time estimates parallelism.
[1398.905s][info][gc,stats    ] 
[1398.905s][info][gc,stats    ] Concurrent Reset                  19188 us
[1398.905s][info][gc,stats    ] Pause Init Mark (G)                 225 us
[1398.905s][info][gc,stats    ] Pause Init Mark (N)                 129 us
[1398.905s][info][gc,stats    ]   Update Region States               39 us
[1398.905s][info][gc,stats    ] Concurrent Mark Roots              1282 us, parallelism: 1.39x
[1398.905s][info][gc,stats    ]   CMR: <total>                     1784 us
[1398.905s][info][gc,stats    ]   CMR: Thread Roots                1561 us, workers (us): 680, 880, ---, ---, 
[1398.905s][info][gc,stats    ]   CMR: VM Strong Roots               25 us, workers (us):  12,  13, ---, ---, 
[1398.905s][info][gc,stats    ]   CMR: CLDG Roots                   199 us, workers (us): 199, ---, ---, ---, 
[1398.905s][info][gc,stats    ] Concurrent Marking               250267 us
[1398.905s][info][gc,stats    ] Pause Final Mark (G)                346 us
[1398.905s][info][gc,stats    ] Pause Final Mark (N)                318 us
[1398.905s][info][gc,stats    ]   Finish Mark                        44 us
[1398.905s][info][gc,stats    ]   Update Region States               42 us
[1398.905s][info][gc,stats    ]   Choose Collection Set             155 us
[1398.905s][info][gc,stats    ]   Rebuild Free Set                   10 us
[1398.905s][info][gc,stats    ] Concurrent Thread Roots             912 us, parallelism: 1.83x
[1398.905s][info][gc,stats    ]   CTR: <total>                     1671 us
[1398.905s][info][gc,stats    ]   CTR: Thread Roots                1671 us, workers (us): 853, 818, ---, ---, 
[1398.905s][info][gc,stats    ] Concurrent Weak References          388 us, parallelism: 0.75x
[1398.905s][info][gc,stats    ]   CWRF: <total>                     291 us
[1398.905s][info][gc,stats    ]   CWRF: Weak References             291 us, workers (us):  82, 209, ---, ---, 
[1398.905s][info][gc,stats    ] Concurrent Weak Roots              2932 us
[1398.905s][info][gc,stats    ]   Roots                            2854 us, parallelism: 1.92x
[1398.905s][info][gc,stats    ]     CWR: <total>                   5487 us
[1398.905s][info][gc,stats    ]     CWR: Code Cache Roots          3842 us, workers (us): 1971, 1871, ---, ---, 
[1398.905s][info][gc,stats    ]     CWR: VM Weak Roots             1566 us, workers (us): 799, 767, ---, ---, 
[1398.905s][info][gc,stats    ]     CWR: CLDG Roots                  80 us, workers (us): ---,  80, ---, ---, 
[1398.905s][info][gc,stats    ]   Rendezvous                         30 us
[1398.905s][info][gc,stats    ] Concurrent Cleanup                   50 us
[1398.905s][info][gc,stats    ] Concurrent Class Unloading         5053 us
[1398.905s][info][gc,stats    ]   Unlink Stale                     4878 us
[1398.905s][info][gc,stats    ]     System Dictionary                67 us
[1398.905s][info][gc,stats    ]     Code Roots                     4810 us
[1398.905s][info][gc,stats    ]   Rendezvous                         44 us
[1398.905s][info][gc,stats    ]   Purge Unlinked                     88 us
[1398.905s][info][gc,stats    ]     Code Roots                       86 us
[1398.905s][info][gc,stats    ]     CLDG                              2 us
[1398.905s][info][gc,stats    ]     Exception Caches                  0 us
[1398.905s][info][gc,stats    ] Concurrent Strong Roots             310 us, parallelism: 0.68x
[1398.905s][info][gc,stats    ]   CSR: <total>                      212 us
[1398.905s][info][gc,stats    ]   CSR: VM Strong Roots               11 us, workers (us):  10,   0, ---, ---, 
[1398.905s][info][gc,stats    ]   CSR: CLDG Roots                   201 us, workers (us): 201, ---, ---, ---, 
[1398.905s][info][gc,stats    ] Concurrent Evacuation             54163 us
[1398.905s][info][gc,stats    ] Pause Init Update Refs (G)          110 us
[1398.905s][info][gc,stats    ] Pause Init Update Refs (N)           55 us
[1398.905s][info][gc,stats    ]   Manage GCLABs                       6 us
[1398.905s][info][gc,stats    ] Concurrent Update Refs           153973 us
[1398.905s][info][gc,stats    ] Concurrent Update Thread Roots     1449 us
[1398.905s][info][gc,stats    ] Pause Final Update Refs (G)         140 us
[1398.905s][info][gc,stats    ] Pause Final Update Refs (N)         112 us
[1398.905s][info][gc,stats    ]   Update Region States               27 us
[1398.905s][info][gc,stats    ]   Trash Collection Set               14 us
[1398.905s][info][gc,stats    ]   Rebuild Free Set                   10 us
[1398.905s][info][gc,stats    ] Concurrent Cleanup                   85 us
[1398.905s][info][gc,stats    ] 
[1398.905s][info][gc,stats    ] Allocation pacing accrued:
[1398.905s][info][gc,stats    ]       0 of  8647 ms (  0.0%): <total>
[1398.905s][info][gc,stats    ]       0 of  8647 ms (  0.0%): <average total>
[1398.905s][info][gc,stats    ] 
[1398.906s][info][gc,metaspace] Metaspace: 135441K(136832K)->135441K(136832K) NonClass: 114475K(115264K)->114475K(115264K) Class: 20965K(21568K)->20965K(21568K)
[1398.906s][info][gc,ergo     ] Pacer for Idle. Initial: 163M, Alloc Tax Rate: 1.0x
[1407.357s][info][gc          ] Trigger: Average GC time (532.18 ms) is above the time for average allocation rate (1006 MB/s) to deplete free headroom (475M) (margin of error = 1.98)
[1407.357s][info][gc,ergo     ] Free headroom: 884M (free) - 409M (spike) - 0B (penalties) = 475M
[1407.357s][info][gc,ergo     ] Free: 884M, Max: 4096K regular, 532M humongous, Frag: 39% external, 0% internal; Reserve: 412M, Max: 4096K
[1407.357s][info][gc,start    ] GC(149) Concurrent reset
[1407.357s][info][gc,task     ] GC(149) Using 2 of 4 workers for concurrent reset
[1407.358s][info][gc,ergo     ] GC(149) Pacer for Reset. Non-Taxable: 8192M
[1407.371s][info][gc          ] GC(149) Concurrent reset 13.854ms
[1407.371s][info][gc,start    ] GC(149) Pause Init Mark (unload classes)
[1407.371s][info][gc,task     ] GC(149) Using 4 of 4 workers for init marking
[1407.371s][info][gc,ergo     ] GC(149) Pacer for Mark. Expected Live: 501M, Free: 876M, Non-Taxable: 89768K, Alloc Tax Rate: 0.7x
[1407.372s][info][gc          ] GC(149) Pause Init Mark (unload classes) 0.099ms
[1407.372s][info][gc,start    ] GC(149) Concurrent marking roots
[1407.372s][info][gc,task     ] GC(149) Using 2 of 4 workers for concurrent marking roots
[1407.372s][info][gc          ] GC(149) Concurrent marking roots 0.968ms
[1407.373s][info][gc,start    ] GC(149) Concurrent marking (unload classes)
[1407.373s][info][gc,task     ] GC(149) Using 2 of 4 workers for concurrent marking
[1407.608s][info][gc          ] GC(149) Concurrent marking (unload classes) 235.826ms
[1407.608s][info][gc,start    ] GC(149) Pause Final Mark (unload classes)
[1407.608s][info][gc,task     ] GC(149) Using 4 of 4 workers for final marking
[1407.609s][info][gc,ergo     ] GC(149) Adaptive CSet Selection. Target Free: 1160M, Actual Free: 3200M, Max CSet: 341M, Min Garbage: 0B
[1407.609s][info][gc,ergo     ] GC(149) Collectable Garbage: 6371M (99%), Immediate: 2080M (32%), CSet: 4291M (66%)
[1407.609s][info][gc,ergo     ] GC(149) Pacer for Evacuation. Used CSet: 4368M, Free: 2808M, Non-Taxable: 280M, Alloc Tax Rate: 3.8x
[1407.609s][info][gc          ] GC(149) Pause Final Mark (unload classes) 0.290ms
[1407.609s][info][gc,start    ] GC(149) Concurrent thread roots
[1407.609s][info][gc,task     ] GC(149) Using 2 of 4 workers for Concurrent thread roots
[1407.610s][info][gc          ] GC(149) Concurrent thread roots 0.807ms
[1407.610s][info][gc,start    ] GC(149) Concurrent weak references
[1407.610s][info][gc,task     ] GC(149) Using 2 of 4 workers for concurrent weak references
[1407.610s][info][gc,ref      ] GC(149) Encountered references: Soft: 6122, Weak: 23535, Final: 34, Phantom: 1156
[1407.610s][info][gc,ref      ] GC(149) Discovered  references: Soft: 0, Weak: 15534, Final: 1, Phantom: 847
[1407.610s][info][gc,ref      ] GC(149) Enqueued    references: Soft: 0, Weak: 1, Final: 0, Phantom: 0
[1407.610s][info][gc          ] GC(149) Concurrent weak references 0.707ms
[1407.610s][info][gc,start    ] GC(149) Concurrent weak roots
[1407.610s][info][gc,task     ] GC(149) Using 2 of 4 workers for concurrent weak root
[1407.613s][info][gc          ] GC(149) Concurrent weak roots 2.694ms
[1407.613s][info][gc,start    ] GC(149) Concurrent cleanup
[1407.613s][info][gc          ] GC(149) Concurrent cleanup 7060M->4980M(8192M) 0.041ms
[1407.613s][info][gc,ergo     ] GC(149) Free: 2800M, Max: 4096K regular, 532M humongous, Frag: 81% external, 0% internal; Reserve: 411M, Max: 4096K
[1407.613s][info][gc,start    ] GC(149) Concurrent class unloading
[1407.613s][info][gc,task     ] GC(149) Using 2 of 4 workers for concurrent class unloading
[1407.618s][info][gc          ] GC(149) Concurrent class unloading 5.057ms
[1407.618s][info][gc,start    ] GC(149) Concurrent strong roots
[1407.618s][info][gc,task     ] GC(149) Using 2 of 4 workers for concurrent strong root
[1407.618s][info][gc          ] GC(149) Concurrent strong roots 0.299ms
[1407.619s][info][gc,start    ] GC(149) Concurrent evacuation
[1407.619s][info][gc,task     ] GC(149) Using 2 of 4 workers for concurrent evacuation
[1407.654s][info][gc          ] GC(149) Concurrent evacuation 35.349ms
[1407.654s][info][gc,start    ] GC(149) Pause Init Update Refs
[1407.654s][info][gc,ergo     ] GC(149) Pacer for Update Refs. Used: 5059M, Free: 2800M, Non-Taxable: 280M, Alloc Tax Rate: 2.2x
[1407.654s][info][gc          ] GC(149) Pause Init Update Refs 0.048ms
[1407.654s][info][gc,start    ] GC(149) Concurrent update references
[1407.654s][info][gc,task     ] GC(149) Using 2 of 4 workers for concurrent reference update
[1407.790s][info][gc          ] GC(149) Concurrent update references 135.567ms
[1407.790s][info][gc,start    ] GC(149) Concurrent update thread roots
[1407.791s][info][gc          ] GC(149) Concurrent update thread roots 1.316ms
[1407.791s][info][gc,start    ] GC(149) Pause Final Update Refs
[1407.791s][info][gc,task     ] GC(149) Using 4 of 4 workers for final reference update
[1407.791s][info][gc          ] GC(149) Pause Final Update Refs 0.098ms
[1407.791s][info][gc,start    ] GC(149) Concurrent cleanup
[1407.791s][info][gc          ] GC(149) Concurrent cleanup 5067M->699M(8192M) 0.056ms
[1407.791s][info][gc,ergo     ] Free: 7080M, Max: 4096K regular, 5704M humongous, Frag: 20% external, 0% internal; Reserve: 412M, Max: 4096K
[1407.791s][info][gc,stats    ] 
[1407.791s][info][gc,stats    ] All times are wall-clock times, except per-root-class counters, that are sum over
[1407.791s][info][gc,stats    ] all workers. Dividing the <total> over the root stage time estimates parallelism.
[1407.791s][info][gc,stats    ] 
[1407.791s][info][gc,stats    ] Concurrent Reset                  13910 us
[1407.791s][info][gc,stats    ] Pause Init Mark (G)                 138 us
[1407.791s][info][gc,stats    ] Pause Init Mark (N)                 110 us
[1407.791s][info][gc,stats    ]   Update Region States               36 us
[1407.791s][info][gc,stats    ] Concurrent Mark Roots               985 us, parallelism: 1.67x
[1407.791s][info][gc,stats    ]   CMR: <total>                     1644 us
[1407.791s][info][gc,stats    ]   CMR: Thread Roots                1501 us, workers (us): 694, 807, ---, ---, 
[1407.791s][info][gc,stats    ]   CMR: VM Strong Roots               13 us, workers (us):  13,   0, ---, ---, 
[1407.791s][info][gc,stats    ]   CMR: CLDG Roots                   130 us, workers (us): 130, ---, ---, ---, 
[1407.791s][info][gc,stats    ] Concurrent Marking               235875 us
[1407.791s][info][gc,stats    ] Pause Final Mark (G)                378 us
[1407.791s][info][gc,stats    ] Pause Final Mark (N)                301 us
[1407.791s][info][gc,stats    ]   Finish Mark                        48 us
[1407.791s][info][gc,stats    ]   Update Region States               39 us
[1407.791s][info][gc,stats    ]   Choose Collection Set             138 us
[1407.791s][info][gc,stats    ]   Rebuild Free Set                   11 us
[1407.791s][info][gc,stats    ] Concurrent Thread Roots             829 us, parallelism: 1.77x
[1407.791s][info][gc,stats    ]   CTR: <total>                     1466 us
[1407.791s][info][gc,stats    ]   CTR: Thread Roots                1466 us, workers (us): 734, 731, ---, ---, 
[1407.791s][info][gc,stats    ] Concurrent Weak References          718 us, parallelism: 0.88x
[1407.792s][info][gc,stats    ]   CWRF: <total>                     633 us
[1407.792s][info][gc,stats    ]   CWRF: Weak References             633 us, workers (us):  35, 597, ---, ---, 
[1407.792s][info][gc,stats    ] Concurrent Weak Roots              2716 us
[1407.792s][info][gc,stats    ]   Roots                            2615 us, parallelism: 1.92x
[1407.792s][info][gc,stats    ]     CWR: <total>                   5012 us
[1407.792s][info][gc,stats    ]     CWR: Code Cache Roots          3474 us, workers (us): 1777, 1697, ---, ---, 
[1407.792s][info][gc,stats    ]     CWR: VM Weak Roots             1493 us, workers (us): 748, 745, ---, ---, 
[1407.792s][info][gc,stats    ]     CWR: CLDG Roots                  45 us, workers (us): ---,  45, ---, ---, 
[1407.792s][info][gc,stats    ]   Rendezvous                         57 us
[1407.792s][info][gc,stats    ] Concurrent Cleanup                   54 us
[1407.792s][info][gc,stats    ] Concurrent Class Unloading         5082 us
[1407.792s][info][gc,stats    ]   Unlink Stale                     4806 us
[1407.792s][info][gc,stats    ]     System Dictionary                37 us
[1407.792s][info][gc,stats    ]     Weak Class Links                  0 us
[1407.792s][info][gc,stats    ]     Code Roots                     4767 us
[1407.792s][info][gc,stats    ]   Rendezvous                        157 us
[1407.792s][info][gc,stats    ]   Purge Unlinked                     72 us
[1407.792s][info][gc,stats    ]     Code Roots                       70 us
[1407.792s][info][gc,stats    ]     CLDG                              2 us
[1407.792s][info][gc,stats    ] Concurrent Strong Roots             322 us, parallelism: 0.66x
[1407.792s][info][gc,stats    ]   CSR: <total>                      211 us
[1407.792s][info][gc,stats    ]   CSR: VM Strong Roots               11 us, workers (us):   6,   5, ---, ---, 
[1407.792s][info][gc,stats    ]   CSR: CLDG Roots                   200 us, workers (us): ---, 200, ---, ---, 
[1407.792s][info][gc,stats    ] Concurrent Evacuation             35402 us
[1407.792s][info][gc,stats    ] Pause Init Update Refs (G)          119 us
[1407.792s][info][gc,stats    ] Pause Init Update Refs (N)           59 us
[1407.792s][info][gc,stats    ]   Manage GCLABs                       7 us
[1407.792s][info][gc,stats    ] Concurrent Update Refs           135612 us
[1407.792s][info][gc,stats    ] Concurrent Update Thread Roots     1332 us
[1407.792s][info][gc,stats    ] Pause Final Update Refs (G)         152 us
[1407.792s][info][gc,stats    ] Pause Final Update Refs (N)         124 us
[1407.792s][info][gc,stats    ]   Update Region States               37 us
[1407.792s][info][gc,stats    ]   Trash Collection Set               10 us
[1407.792s][info][gc,stats    ]   Rebuild Free Set                   11 us
[1407.792s][info][gc,stats    ] Concurrent Cleanup                   73 us
[1407.792s][info][gc,stats    ] 
[1407.792s][info][gc,stats    ] Allocation pacing accrued:
[1407.792s][info][gc,stats    ]       0 of  8886 ms (  0.0%): <total>
[1407.792s][info][gc,stats    ]       0 of  8886 ms (  0.0%): <average total>
[1407.792s][info][gc,stats    ] 
[1407.792s][info][gc,metaspace] Metaspace: 135446K(136832K)->135446K(136832K) NonClass: 114480K(115264K)->114480K(115264K) Class: 20965K(21568K)->20965K(21568K)
[1407.792s][info][gc,ergo     ] Pacer for Idle. Initial: 163M, Alloc Tax Rate: 1.0x
[1418.439s][info][gc          ] Trigger: Free (812M) is below minimum threshold (819M)
[1418.439s][info][gc,ergo     ] Free: 812M, Max: 4096K regular, 536M humongous, Frag: 33% external, 0% internal; Reserve: 412M, Max: 4096K
[1418.439s][info][gc,start    ] GC(150) Concurrent reset
[1418.439s][info][gc,task     ] GC(150) Using 2 of 4 workers for concurrent reset
[1418.439s][info][gc,ergo     ] GC(150) Pacer for Reset. Non-Taxable: 8192M
[1418.453s][info][gc          ] GC(150) Concurrent reset 14.292ms
[1418.453s][info][gc,start    ] GC(150) Pause Init Mark (unload classes)
[1418.453s][info][gc,task     ] GC(150) Using 4 of 4 workers for init marking
[1418.453s][info][gc,ergo     ] GC(150) Pacer for Mark. Expected Live: 498M, Free: 812M, Non-Taxable: 83174K, Alloc Tax Rate: 0.8x
[1418.453s][info][gc          ] GC(150) Pause Init Mark (unload classes) 0.116ms
[1418.453s][info][gc,start    ] GC(150) Concurrent marking roots
[1418.453s][info][gc,task     ] GC(150) Using 2 of 4 workers for concurrent marking roots
[1418.454s][info][gc          ] GC(150) Concurrent marking roots 1.096ms
[1418.454s][info][gc,start    ] GC(150) Concurrent marking (unload classes)
[1418.454s][info][gc,task     ] GC(150) Using 2 of 4 workers for concurrent marking
[1418.685s][info][gc          ] GC(150) Concurrent marking (unload classes) 230.733ms
[1418.685s][info][gc,start    ] GC(150) Pause Final Mark (unload classes)
[1418.685s][info][gc,task     ] GC(150) Using 4 of 4 workers for final marking
[1418.685s][info][gc,ergo     ] GC(150) Adaptive CSet Selection. Target Free: 1160M, Actual Free: 3132M, Max CSet: 341M, Min Garbage: 0B
[1418.685s][info][gc,ergo     ] GC(150) Collectable Garbage: 6447M (99%), Immediate: 2084M (32%), CSet: 4363M (67%)
[1418.685s][info][gc,ergo     ] GC(150) Pacer for Evacuation. Used CSet: 4427M, Free: 2737M, Non-Taxable: 273M, Alloc Tax Rate: 4.0x
[1418.685s][info][gc          ] GC(150) Pause Final Mark (unload classes) 0.244ms
[1418.685s][info][gc,start    ] GC(150) Concurrent thread roots
[1418.686s][info][gc,task     ] GC(150) Using 2 of 4 workers for Concurrent thread roots
[1418.686s][info][gc          ] GC(150) Concurrent thread roots 0.862ms
[1418.686s][info][gc,start    ] GC(150) Concurrent weak references
[1418.686s][info][gc,task     ] GC(150) Using 2 of 4 workers for concurrent weak references
[1418.687s][info][gc,ref      ] GC(150) Encountered references: Soft: 6122, Weak: 23541, Final: 34, Phantom: 1162
[1418.687s][info][gc,ref      ] GC(150) Discovered  references: Soft: 0, Weak: 2101, Final: 0, Phantom: 816
[1418.687s][info][gc,ref      ] GC(150) Enqueued    references: Soft: 0, Weak: 5, Final: 0, Phantom: 0
[1418.687s][info][gc          ] GC(150) Concurrent weak references 0.195ms
[1418.687s][info][gc,start    ] GC(150) Concurrent weak roots
[1418.687s][info][gc,task     ] GC(150) Using 2 of 4 workers for concurrent weak root
[1418.690s][info][gc          ] GC(150) Concurrent weak roots 3.116ms
[1418.690s][info][gc,start    ] GC(150) Concurrent cleanup
[1418.690s][info][gc          ] GC(150) Concurrent cleanup 7137M->5053M(8192M) 0.053ms
[1418.690s][info][gc,ergo     ] GC(150) Free: 2727M, Max: 4096K regular, 536M humongous, Frag: 81% external, 0% internal; Reserve: 411M, Max: 4096K
[1418.690s][info][gc,start    ] GC(150) Concurrent class unloading
[1418.690s][info][gc,task     ] GC(150) Using 2 of 4 workers for concurrent class unloading
[1418.696s][info][gc          ] GC(150) Concurrent class unloading 6.403ms
[1418.696s][info][gc,start    ] GC(150) Concurrent strong roots
[1418.696s][info][gc,task     ] GC(150) Using 2 of 4 workers for concurrent strong root
[1418.697s][info][gc          ] GC(150) Concurrent strong roots 0.425ms
[1418.697s][info][gc,start    ] GC(150) Concurrent evacuation
[1418.697s][info][gc,task     ] GC(150) Using 2 of 4 workers for concurrent evacuation
[1418.731s][info][gc          ] GC(150) Concurrent evacuation 34.016ms
[1418.731s][info][gc,start    ] GC(150) Pause Init Update Refs
[1418.731s][info][gc,ergo     ] GC(150) Pacer for Update Refs. Used: 5136M, Free: 2711M, Non-Taxable: 271M, Alloc Tax Rate: 2.3x
[1418.731s][info][gc          ] GC(150) Pause Init Update Refs 0.049ms
[1418.731s][info][gc,start    ] GC(150) Concurrent update references
[1418.731s][info][gc,task     ] GC(150) Using 2 of 4 workers for concurrent reference update
[1418.881s][info][gc          ] GC(150) Concurrent update references 149.733ms
[1418.881s][info][gc,start    ] GC(150) Concurrent update thread roots
[1418.882s][info][gc          ] GC(150) Concurrent update thread roots 1.430ms
[1418.882s][info][gc,start    ] GC(150) Pause Final Update Refs
[1418.882s][info][gc,task     ] GC(150) Using 4 of 4 workers for final reference update
[1418.882s][info][gc          ] GC(150) Pause Final Update Refs 0.090ms
[1418.882s][info][gc,start    ] GC(150) Concurrent cleanup
[1418.882s][info][gc          ] GC(150) Concurrent cleanup 5248M->820M(8192M) 0.067ms
[1418.882s][info][gc,ergo     ] Free: 6959M, Max: 4096K regular, 5928M humongous, Frag: 15% external, 0% internal; Reserve: 412M, Max: 4096K
[1418.882s][info][gc,stats    ] 
[1418.882s][info][gc,stats    ] All times are wall-clock times, except per-root-class counters, that are sum over
[1418.882s][info][gc,stats    ] all workers. Dividing the <total> over the root stage time estimates parallelism.
[1418.882s][info][gc,stats    ] 
[1418.882s][info][gc,stats    ] Concurrent Reset                  14351 us
[1418.882s][info][gc,stats    ] Pause Init Mark (G)                 250 us
[1418.882s][info][gc,stats    ] Pause Init Mark (N)                 129 us
[1418.882s][info][gc,stats    ]   Update Region States               45 us
[1418.882s][info][gc,stats    ] Concurrent Mark Roots              1119 us, parallelism: 1.62x
[1418.882s][info][gc,stats    ]   CMR: <total>                     1813 us
[1418.882s][info][gc,stats    ]   CMR: Thread Roots                1680 us, workers (us): 785, 894, ---, ---, 
[1418.882s][info][gc,stats    ]   CMR: VM Strong Roots               15 us, workers (us):  14,   0, ---, ---, 
[1418.882s][info][gc,stats    ]   CMR: CLDG Roots                   119 us, workers (us): 119, ---, ---, ---, 
[1418.883s][info][gc,stats    ] Concurrent Marking               230774 us
[1418.883s][info][gc,stats    ] Pause Final Mark (G)                271 us
[1418.883s][info][gc,stats    ] Pause Final Mark (N)                256 us
[1418.883s][info][gc,stats    ]   Finish Mark                        22 us
[1418.883s][info][gc,stats    ]   Update Region States               16 us
[1418.883s][info][gc,stats    ]   Choose Collection Set             139 us
[1418.883s][info][gc,stats    ]   Rebuild Free Set                   11 us
[1418.883s][info][gc,stats    ] Concurrent Thread Roots             882 us, parallelism: 1.85x
[1418.883s][info][gc,stats    ]   CTR: <total>                     1633 us
[1418.883s][info][gc,stats    ]   CTR: Thread Roots                1633 us, workers (us): 819, 814, ---, ---, 
[1418.883s][info][gc,stats    ] Concurrent Weak References          205 us, parallelism: 0.66x
[1418.883s][info][gc,stats    ]   CWRF: <total>                     136 us
[1418.883s][info][gc,stats    ]   CWRF: Weak References             136 us, workers (us): 133,   4, ---, ---, 
[1418.883s][info][gc,stats    ] Concurrent Weak Roots              3144 us
[1418.883s][info][gc,stats    ]   Roots                            3051 us, parallelism: 1.93x
[1418.883s][info][gc,stats    ]     CWR: <total>                   5900 us
[1418.883s][info][gc,stats    ]     CWR: Code Cache Roots          4316 us, workers (us): 2216, 2100, ---, ---, 
[1418.883s][info][gc,stats    ]     CWR: VM Weak Roots             1500 us, workers (us): 751, 750, ---, ---, 
[1418.883s][info][gc,stats    ]     CWR: CLDG Roots                  84 us, workers (us): ---,  84, ---, ---, 
[1418.883s][info][gc,stats    ]   Rendezvous                         43 us
[1418.883s][info][gc,stats    ] Concurrent Cleanup                   68 us
[1418.883s][info][gc,stats    ] Concurrent Class Unloading         6438 us
[1418.883s][info][gc,stats    ]   Unlink Stale                     6200 us
[1418.883s][info][gc,stats    ]     System Dictionary               104 us
[1418.883s][info][gc,stats    ]     Weak Class Links                  1 us
[1418.883s][info][gc,stats    ]     Code Roots                     6094 us
[1418.883s][info][gc,stats    ]   Rendezvous                        114 us
[1418.883s][info][gc,stats    ]   Purge Unlinked                     65 us
[1418.883s][info][gc,stats    ]     Code Roots                       62 us
[1418.883s][info][gc,stats    ]     CLDG                              2 us
[1418.883s][info][gc,stats    ]     Exception Caches                  0 us
[1418.883s][info][gc,stats    ] Concurrent Strong Roots             451 us, parallelism: 0.72x
[1418.883s][info][gc,stats    ]   CSR: <total>                      325 us
[1418.883s][info][gc,stats    ]   CSR: VM Strong Roots               15 us, workers (us):   8,   7, ---, ---, 
[1418.883s][info][gc,stats    ]   CSR: CLDG Roots                   310 us, workers (us): 310, ---, ---, ---, 
[1418.883s][info][gc,stats    ] Concurrent Evacuation             34063 us
[1418.883s][info][gc,stats    ] Pause Init Update Refs (G)           96 us
[1418.883s][info][gc,stats    ] Pause Init Update Refs (N)           64 us
[1418.883s][info][gc,stats    ]   Manage GCLABs                       6 us
[1418.883s][info][gc,stats    ] Concurrent Update Refs           149781 us
[1418.883s][info][gc,stats    ] Concurrent Update Thread Roots     1455 us
[1418.883s][info][gc,stats    ] Pause Final Update Refs (G)         137 us
[1418.883s][info][gc,stats    ] Pause Final Update Refs (N)         111 us
[1418.883s][info][gc,stats    ]   Update Region States               29 us
[1418.883s][info][gc,stats    ]   Trash Collection Set               10 us
[1418.883s][info][gc,stats    ]   Rebuild Free Set                   12 us
[1418.883s][info][gc,stats    ] Concurrent Cleanup                   82 us
[1418.883s][info][gc,stats    ] 
[1418.883s][info][gc,stats    ] Allocation pacing accrued:
[1418.883s][info][gc,stats    ]       0 of 11091 ms (  0.0%): <total>
[1418.883s][info][gc,stats    ]       0 of 11091 ms (  0.0%): <average total>
[1418.883s][info][gc,stats    ] 
[1418.883s][info][gc,metaspace] Metaspace: 135448K(136832K)->135448K(136832K) NonClass: 114483K(115264K)->114483K(115264K) Class: 20965K(21568K)->20965K(21568K)
[1418.883s][info][gc,ergo     ] Pacer for Idle. Initial: 163M, Alloc Tax Rate: 1.0x
[1426.837s][info][gc          ] Trigger: Average GC time (498.69 ms) is above the time for instantaneous allocation rate (1576 MB/s) to deplete free headroom (706M) (spike threshold = 1.68)
[1426.837s][info][gc,ergo     ] Free: 1115M, Max: 4096K regular, 548M humongous, Frag: 51% external, 0% internal; Reserve: 412M, Max: 4096K
[1426.837s][info][gc,start    ] GC(151) Concurrent reset
[1426.837s][info][gc,task     ] GC(151) Using 2 of 4 workers for concurrent reset
[1426.837s][info][gc,ergo     ] GC(151) Pacer for Reset. Non-Taxable: 8192M
[1426.854s][info][gc          ] GC(151) Concurrent reset 16.988ms
[1426.854s][info][gc,start    ] GC(151) Pause Init Mark (unload classes)
[1426.854s][info][gc,task     ] GC(151) Using 4 of 4 workers for init marking
[1426.854s][info][gc,ergo     ] GC(151) Pacer for Mark. Expected Live: 493M, Free: 1103M, Non-Taxable: 110M, Alloc Tax Rate: 0.5x
[1426.854s][info][gc          ] GC(151) Pause Init Mark (unload classes) 0.091ms
[1426.854s][info][gc,start    ] GC(151) Concurrent marking roots
[1426.854s][info][gc,task     ] GC(151) Using 2 of 4 workers for concurrent marking roots
[1426.855s][info][gc          ] GC(151) Concurrent marking roots 1.058ms
[1426.855s][info][gc,start    ] GC(151) Concurrent marking (unload classes)
[1426.855s][info][gc,task     ] GC(151) Using 2 of 4 workers for concurrent marking
[1427.090s][info][gc          ] GC(151) Concurrent marking (unload classes) 234.715ms
[1427.090s][info][gc,start    ] GC(151) Pause Final Mark (unload classes)
[1427.090s][info][gc,task     ] GC(151) Using 4 of 4 workers for final marking
[1427.090s][info][gc,ergo     ] GC(151) Adaptive CSet Selection. Target Free: 1160M, Actual Free: 2929M, Max CSet: 341M, Min Garbage: 0B
[1427.090s][info][gc,ergo     ] GC(151) Collectable Garbage: 6138M (99%), Immediate: 1613M (26%), CSet: 4524M (73%)
[1427.090s][info][gc,ergo     ] GC(151) Pacer for Evacuation. Used CSet: 4608M, Free: 2537M, Non-Taxable: 253M, Alloc Tax Rate: 4.4x
[1427.090s][info][gc          ] GC(151) Pause Final Mark (unload classes) 0.236ms
[1427.091s][info][gc,start    ] GC(151) Concurrent thread roots
[1427.091s][info][gc,task     ] GC(151) Using 2 of 4 workers for Concurrent thread roots
[1427.091s][info][gc          ] GC(151) Concurrent thread roots 0.860ms
[1427.091s][info][gc,start    ] GC(151) Concurrent weak references
[1427.091s][info][gc,task     ] GC(151) Using 2 of 4 workers for concurrent weak references
[1427.092s][info][gc,ref      ] GC(151) Encountered references: Soft: 6122, Weak: 23541, Final: 34, Phantom: 1168
[1427.092s][info][gc,ref      ] GC(151) Discovered  references: Soft: 0, Weak: 7581, Final: 0, Phantom: 820
[1427.092s][info][gc,ref      ] GC(151) Enqueued    references: Soft: 0, Weak: 3, Final: 0, Phantom: 0
[1427.092s][info][gc          ] GC(151) Concurrent weak references 0.354ms
[1427.092s][info][gc,start    ] GC(151) Concurrent weak roots
[1427.092s][info][gc,task     ] GC(151) Using 2 of 4 workers for concurrent weak root
[1427.095s][info][gc          ] GC(151) Concurrent weak roots 2.847ms
[1427.095s][info][gc,start    ] GC(151) Concurrent cleanup
[1427.095s][info][gc          ] GC(151) Concurrent cleanup 6865M->5251M(8192M) 0.038ms
[1427.095s][info][gc,ergo     ] GC(151) Free: 2528M, Max: 4096K regular, 548M humongous, Frag: 79% external, 0% internal; Reserve: 411M, Max: 4096K
[1427.095s][info][gc,start    ] GC(151) Concurrent class unloading
[1427.095s][info][gc,task     ] GC(151) Using 2 of 4 workers for concurrent class unloading
[1427.100s][info][gc          ] GC(151) Concurrent class unloading 5.112ms
[1427.100s][info][gc,start    ] GC(151) Concurrent strong roots
[1427.100s][info][gc,task     ] GC(151) Using 2 of 4 workers for concurrent strong root
[1427.100s][info][gc          ] GC(151) Concurrent strong roots 0.281ms
[1427.100s][info][gc,start    ] GC(151) Concurrent evacuation
[1427.100s][info][gc,task     ] GC(151) Using 2 of 4 workers for concurrent evacuation
[1427.151s][info][gc          ] GC(151) Concurrent evacuation 51.118ms
[1427.151s][info][gc,start    ] GC(151) Pause Init Update Refs
[1427.151s][info][gc,ergo     ] GC(151) Pacer for Update Refs. Used: 5359M, Free: 2508M, Non-Taxable: 250M, Alloc Tax Rate: 2.6x
[1427.151s][info][gc          ] GC(151) Pause Init Update Refs 0.046ms
[1427.151s][info][gc,start    ] GC(151) Concurrent update references
[1427.151s][info][gc,task     ] GC(151) Using 2 of 4 workers for concurrent reference update
[1427.300s][info][gc          ] GC(151) Concurrent update references 148.698ms
[1427.300s][info][gc,start    ] GC(151) Concurrent update thread roots
[1427.302s][info][gc          ] GC(151) Concurrent update thread roots 1.350ms
[1427.302s][info][gc,start    ] GC(151) Pause Final Update Refs
[1427.302s][info][gc,task     ] GC(151) Using 4 of 4 workers for final reference update
[1427.302s][info][gc          ] GC(151) Pause Final Update Refs 0.128ms
[1427.302s][info][gc,start    ] GC(151) Concurrent cleanup
[1427.302s][info][gc          ] GC(151) Concurrent cleanup 5427M->823M(8192M) 0.057ms
[1427.302s][info][gc,ergo     ] Free: 6956M, Max: 4096K regular, 5480M humongous, Frag: 21% external, 0% internal; Reserve: 412M, Max: 4096K
[1427.302s][info][gc,stats    ] 
[1427.302s][info][gc,stats    ] All times are wall-clock times, except per-root-class counters, that are sum over
[1427.302s][info][gc,stats    ] all workers. Dividing the <total> over the root stage time estimates parallelism.
[1427.302s][info][gc,stats    ] 
[1427.302s][info][gc,stats    ] Concurrent Reset                  17071 us
[1427.302s][info][gc,stats    ] Pause Init Mark (G)                 175 us
[1427.302s][info][gc,stats    ] Pause Init Mark (N)                 103 us
[1427.302s][info][gc,stats    ]   Update Region States               24 us
[1427.302s][info][gc,stats    ] Concurrent Mark Roots              1078 us, parallelism: 1.61x
[1427.302s][info][gc,stats    ]   CMR: <total>                     1734 us
[1427.302s][info][gc,stats    ]   CMR: Thread Roots                1596 us, workers (us): 746, 850, ---, ---, 
[1427.302s][info][gc,stats    ]   CMR: VM Strong Roots               15 us, workers (us):  15,   0, ---, ---, 
[1427.302s][info][gc,stats    ]   CMR: CLDG Roots                   123 us, workers (us): 123, ---, ---, ---, 
[1427.302s][info][gc,stats    ] Concurrent Marking               234761 us
[1427.302s][info][gc,stats    ] Pause Final Mark (G)                274 us
[1427.302s][info][gc,stats    ] Pause Final Mark (N)                248 us
[1427.302s][info][gc,stats    ]   Finish Mark                        20 us
[1427.302s][info][gc,stats    ]   Update Region States               14 us
[1427.302s][info][gc,stats    ]   Choose Collection Set             135 us
[1427.302s][info][gc,stats    ]   Rebuild Free Set                   11 us
[1427.302s][info][gc,stats    ] Concurrent Thread Roots             879 us, parallelism: 1.87x
[1427.302s][info][gc,stats    ]   CTR: <total>                     1643 us
[1427.302s][info][gc,stats    ]   CTR: Thread Roots                1643 us, workers (us): 824, 819, ---, ---, 
[1427.302s][info][gc,stats    ] Concurrent Weak References          365 us, parallelism: 1.09x
[1427.302s][info][gc,stats    ]   CWRF: <total>                     397 us
[1427.302s][info][gc,stats    ]   CWRF: Weak References             397 us, workers (us): 159, 239, ---, ---, 
[1427.302s][info][gc,stats    ] Concurrent Weak Roots              2870 us
[1427.302s][info][gc,stats    ]   Roots                            2781 us, parallelism: 1.92x
[1427.302s][info][gc,stats    ]     CWR: <total>                   5326 us
[1427.302s][info][gc,stats    ]     CWR: Code Cache Roots          3779 us, workers (us): 1848, 1931, ---, ---, 
[1427.302s][info][gc,stats    ]     CWR: VM Weak Roots             1491 us, workers (us): 745, 746, ---, ---, 
[1427.302s][info][gc,stats    ]     CWR: CLDG Roots                  57 us, workers (us):  57, ---, ---, ---, 
[1427.302s][info][gc,stats    ]   Rendezvous                         44 us
[1427.302s][info][gc,stats    ] Concurrent Cleanup                   51 us
[1427.302s][info][gc,stats    ] Concurrent Class Unloading         5138 us
[1427.302s][info][gc,stats    ]   Unlink Stale                     4950 us
[1427.302s][info][gc,stats    ]     System Dictionary                55 us
[1427.302s][info][gc,stats    ]     Weak Class Links                  0 us
[1427.302s][info][gc,stats    ]     Code Roots                     4893 us
[1427.302s][info][gc,stats    ]   Rendezvous                         49 us
[1427.302s][info][gc,stats    ]   Purge Unlinked                     91 us
[1427.302s][info][gc,stats    ]     Code Roots                       89 us
[1427.302s][info][gc,stats    ]     CLDG                              2 us
[1427.302s][info][gc,stats    ]     Exception Caches                  0 us
[1427.302s][info][gc,stats    ] Concurrent Strong Roots             294 us, parallelism: 0.71x
[1427.302s][info][gc,stats    ]   CSR: <total>                      210 us
[1427.302s][info][gc,stats    ]   CSR: VM Strong Roots               11 us, workers (us):   6,   5, ---, ---, 
[1427.302s][info][gc,stats    ]   CSR: CLDG Roots                   199 us, workers (us): ---, 199, ---, ---, 
[1427.302s][info][gc,stats    ] Concurrent Evacuation             51166 us
[1427.302s][info][gc,stats    ] Pause Init Update Refs (G)          109 us
[1427.302s][info][gc,stats    ] Pause Init Update Refs (N)           57 us
[1427.302s][info][gc,stats    ]   Manage GCLABs                       6 us
[1427.302s][info][gc,stats    ] Concurrent Update Refs           148745 us
[1427.302s][info][gc,stats    ] Concurrent Update Thread Roots     1368 us
[1427.302s][info][gc,stats    ] Pause Final Update Refs (G)         219 us
[1427.302s][info][gc,stats    ] Pause Final Update Refs (N)         149 us
[1427.302s][info][gc,stats    ]   Update Region States               63 us
[1427.302s][info][gc,stats    ]   Trash Collection Set               14 us
[1427.302s][info][gc,stats    ]   Rebuild Free Set                   11 us
[1427.302s][info][gc,stats    ] Concurrent Cleanup                   70 us
[1427.302s][info][gc,stats    ] 
[1427.302s][info][gc,stats    ] Allocation pacing accrued:
[1427.302s][info][gc,stats    ]       0 of  8419 ms (  0.0%): <total>
[1427.302s][info][gc,stats    ]       0 of  8419 ms (  0.0%): <average total>
[1427.303s][info][gc,stats    ] 
[1427.303s][info][gc,metaspace] Metaspace: 135448K(136832K)->135448K(136832K) NonClass: 114483K(115264K)->114483K(115264K) Class: 20965K(21568K)->20965K(21568K)
[1427.303s][info][gc,ergo     ] Pacer for Idle. Initial: 163M, Alloc Tax Rate: 1.0x
[1435.115s][info][gc          ] Trigger: Average GC time (493.55 ms) is above the time for average allocation rate (1071 MB/s) to deplete free headroom (527M) (margin of error = 1.96)
[1435.115s][info][gc,ergo     ] Free headroom: 937M (free) - 409M (spike) - 0B (penalties) = 527M
[1435.115s][info][gc,ergo     ] Free: 937M, Max: 4096K regular, 528M humongous, Frag: 43% external, 0% internal; Reserve: 412M, Max: 4096K
[1435.115s][info][gc,start    ] GC(152) Concurrent reset
[1435.115s][info][gc,task     ] GC(152) Using 2 of 4 workers for concurrent reset
[1435.115s][info][gc,ergo     ] GC(152) Pacer for Reset. Non-Taxable: 8192M
[1435.133s][info][gc          ] GC(152) Concurrent reset 18.328ms
[1435.133s][info][gc,start    ] GC(152) Pause Init Mark (unload classes)
[1435.133s][info][gc,task     ] GC(152) Using 4 of 4 workers for init marking
[1435.134s][info][gc,ergo     ] GC(152) Pacer for Mark. Expected Live: 493M, Free: 917M, Non-Taxable: 93906K, Alloc Tax Rate: 0.7x
[1435.134s][info][gc          ] GC(152) Pause Init Mark (unload classes) 0.118ms
[1435.134s][info][gc,start    ] GC(152) Concurrent marking roots
[1435.134s][info][gc,task     ] GC(152) Using 2 of 4 workers for concurrent marking roots
[1435.135s][info][gc          ] GC(152) Concurrent marking roots 1.351ms
[1435.135s][info][gc,start    ] GC(152) Concurrent marking (unload classes)
[1435.135s][info][gc,task     ] GC(152) Using 2 of 4 workers for concurrent marking
[1435.363s][info][gc          ] GC(152) Concurrent marking (unload classes) 227.643ms
[1435.363s][info][gc,start    ] GC(152) Pause Final Mark (unload classes)
[1435.363s][info][gc,task     ] GC(152) Using 4 of 4 workers for final marking
[1435.363s][info][gc,ergo     ] GC(152) Adaptive CSet Selection. Target Free: 1160M, Actual Free: 4000M, Max CSet: 341M, Min Garbage: 0B
[1435.363s][info][gc,ergo     ] GC(152) Collectable Garbage: 6359M (99%), Immediate: 2940M (45%), CSet: 3419M (53%)
[1435.363s][info][gc,ergo     ] GC(152) Pacer for Evacuation. Used CSet: 3468M, Free: 3601M, Non-Taxable: 360M, Alloc Tax Rate: 2.4x
[1435.363s][info][gc          ] GC(152) Pause Final Mark (unload classes) 0.383ms
[1435.363s][info][gc,start    ] GC(152) Concurrent thread roots
[1435.363s][info][gc,task     ] GC(152) Using 2 of 4 workers for Concurrent thread roots
[1435.364s][info][gc          ] GC(152) Concurrent thread roots 0.907ms
[1435.364s][info][gc,start    ] GC(152) Concurrent weak references
[1435.364s][info][gc,task     ] GC(152) Using 2 of 4 workers for concurrent weak references
[1435.364s][info][gc,ref      ] GC(152) Encountered references: Soft: 6122, Weak: 23539, Final: 34, Phantom: 1168
[1435.364s][info][gc,ref      ] GC(152) Discovered  references: Soft: 0, Weak: 13383, Final: 0, Phantom: 813
[1435.364s][info][gc,ref      ] GC(152) Enqueued    references: Soft: 0, Weak: 0, Final: 0, Phantom: 0
[1435.364s][info][gc          ] GC(152) Concurrent weak references 0.413ms
[1435.364s][info][gc,start    ] GC(152) Concurrent weak roots
[1435.364s][info][gc,task     ] GC(152) Using 2 of 4 workers for concurrent weak root
[1435.368s][info][gc          ] GC(152) Concurrent weak roots 3.145ms
[1435.368s][info][gc,start    ] GC(152) Concurrent cleanup
[1435.368s][info][gc          ] GC(152) Concurrent cleanup 7128M->4188M(8192M) 0.051ms
[1435.368s][info][gc,ergo     ] GC(152) Free: 3592M, Max: 4096K regular, 528M humongous, Frag: 86% external, 0% internal; Reserve: 411M, Max: 4096K
[1435.368s][info][gc,start    ] GC(152) Concurrent class unloading
[1435.368s][info][gc,task     ] GC(152) Using 2 of 4 workers for concurrent class unloading
[1435.375s][info][gc          ] GC(152) Concurrent class unloading 6.835ms
[1435.375s][info][gc,start    ] GC(152) Concurrent strong roots
[1435.375s][info][gc,task     ] GC(152) Using 2 of 4 workers for concurrent strong root
[1435.375s][info][gc          ] GC(152) Concurrent strong roots 0.497ms
[1435.375s][info][gc,start    ] GC(152) Concurrent evacuation
[1435.375s][info][gc,task     ] GC(152) Using 2 of 4 workers for concurrent evacuation
[1435.403s][info][gc          ] GC(152) Concurrent evacuation 27.916ms
[1435.403s][info][gc,start    ] GC(152) Pause Init Update Refs
[1435.403s][info][gc,ergo     ] GC(152) Pacer for Update Refs. Used: 4251M, Free: 3584M, Non-Taxable: 358M, Alloc Tax Rate: 1.4x
[1435.403s][info][gc          ] GC(152) Pause Init Update Refs 0.046ms
[1435.403s][info][gc,start    ] GC(152) Concurrent update references
[1435.403s][info][gc,task     ] GC(152) Using 2 of 4 workers for concurrent reference update
[1435.553s][info][gc          ] GC(152) Concurrent update references 149.380ms
[1435.553s][info][gc,start    ] GC(152) Concurrent update thread roots
[1435.554s][info][gc          ] GC(152) Concurrent update thread roots 1.311ms
[1435.554s][info][gc,start    ] GC(152) Pause Final Update Refs
[1435.554s][info][gc,task     ] GC(152) Using 4 of 4 workers for final reference update
[1435.554s][info][gc          ] GC(152) Pause Final Update Refs 0.087ms
[1435.554s][info][gc,start    ] GC(152) Concurrent cleanup
[1435.554s][info][gc          ] GC(152) Concurrent cleanup 4303M->835M(8192M) 0.059ms
[1435.554s][info][gc,ergo     ] Free: 6944M, Max: 4096K regular, 5816M humongous, Frag: 17% external, 0% internal; Reserve: 412M, Max: 4096K
[1435.554s][info][gc,stats    ] 
[1435.554s][info][gc,stats    ] All times are wall-clock times, except per-root-class counters, that are sum over
[1435.554s][info][gc,stats    ] all workers. Dividing the <total> over the root stage time estimates parallelism.
[1435.554s][info][gc,stats    ] 
[1435.554s][info][gc,stats    ] Concurrent Reset                  18374 us
[1435.554s][info][gc,stats    ] Pause Init Mark (G)                 205 us
[1435.554s][info][gc,stats    ] Pause Init Mark (N)                 129 us
[1435.554s][info][gc,stats    ]   Update Region States               49 us
[1435.554s][info][gc,stats    ] Concurrent Mark Roots              1372 us, parallelism: 1.60x
[1435.554s][info][gc,stats    ]   CMR: <total>                     2194 us
[1435.554s][info][gc,stats    ]   CMR: Thread Roots                1852 us, workers (us): 1073, 779, ---, ---, 
[1435.554s][info][gc,stats    ]   CMR: VM Strong Roots               47 us, workers (us):  24,  23, ---, ---, 
[1435.554s][info][gc,stats    ]   CMR: CLDG Roots                   295 us, workers (us): ---, 295, ---, ---, 
[1435.554s][info][gc,stats    ] Concurrent Marking               227688 us
[1435.554s][info][gc,stats    ] Pause Final Mark (G)                424 us
[1435.554s][info][gc,stats    ] Pause Final Mark (N)                394 us
[1435.554s][info][gc,stats    ]   Finish Mark                       124 us
[1435.554s][info][gc,stats    ]   Update Region States               65 us
[1435.554s][info][gc,stats    ]   Choose Collection Set             125 us
[1435.554s][info][gc,stats    ]   Rebuild Free Set                   12 us
[1435.554s][info][gc,stats    ] Concurrent Thread Roots             927 us, parallelism: 1.83x
[1435.554s][info][gc,stats    ]   CTR: <total>                     1694 us
[1435.554s][info][gc,stats    ]   CTR: Thread Roots                1694 us, workers (us): 863, 831, ---, ---, 
[1435.554s][info][gc,stats    ] Concurrent Weak References          424 us, parallelism: 1.39x
[1435.554s][info][gc,stats    ]   CWRF: <total>                     588 us
[1435.554s][info][gc,stats    ]   CWRF: Weak References             588 us, workers (us): 309, 279, ---, ---, 
[1435.554s][info][gc,stats    ] Concurrent Weak Roots              3176 us
[1435.554s][info][gc,stats    ]   Roots                            2993 us, parallelism: 1.93x
[1435.554s][info][gc,stats    ]     CWR: <total>                   5782 us
[1435.554s][info][gc,stats    ]     CWR: Code Cache Roots          4238 us, workers (us): 2081, 2158, ---, ---, 
[1435.555s][info][gc,stats    ]     CWR: VM Weak Roots             1495 us, workers (us): 748, 747, ---, ---, 
[1435.555s][info][gc,stats    ]     CWR: CLDG Roots                  48 us, workers (us):  48, ---, ---, ---, 
[1435.555s][info][gc,stats    ]   Rendezvous                        131 us
[1435.555s][info][gc,stats    ] Concurrent Cleanup                   64 us
[1435.555s][info][gc,stats    ] Concurrent Class Unloading         6873 us
[1435.555s][info][gc,stats    ]   Unlink Stale                     6540 us
[1435.555s][info][gc,stats    ]     System Dictionary                53 us
[1435.555s][info][gc,stats    ]     Weak Class Links                  0 us
[1435.555s][info][gc,stats    ]     Code Roots                     6485 us
[1435.555s][info][gc,stats    ]   Rendezvous                        178 us
[1435.555s][info][gc,stats    ]   Purge Unlinked                     93 us
[1435.555s][info][gc,stats    ]     Code Roots                       90 us
[1435.555s][info][gc,stats    ]     CLDG                              3 us
[1435.555s][info][gc,stats    ]     Exception Caches                  0 us
[1435.555s][info][gc,stats    ] Concurrent Strong Roots             520 us, parallelism: 0.68x
[1435.555s][info][gc,stats    ]   CSR: <total>                      352 us
[1435.555s][info][gc,stats    ]   CSR: VM Strong Roots               14 us, workers (us):  14,   0, ---, ---, 
[1435.555s][info][gc,stats    ]   CSR: CLDG Roots                   338 us, workers (us): 338, ---, ---, ---, 
[1435.555s][info][gc,stats    ] Concurrent Evacuation             27961 us
[1435.555s][info][gc,stats    ] Pause Init Update Refs (G)          127 us
[1435.555s][info][gc,stats    ] Pause Init Update Refs (N)           57 us
[1435.555s][info][gc,stats    ]   Manage GCLABs                       6 us
[1435.555s][info][gc,stats    ] Concurrent Update Refs           149425 us
[1435.555s][info][gc,stats    ] Concurrent Update Thread Roots     1336 us
[1435.555s][info][gc,stats    ] Pause Final Update Refs (G)         139 us
[1435.555s][info][gc,stats    ] Pause Final Update Refs (N)         113 us
[1435.555s][info][gc,stats    ]   Update Region States               28 us
[1435.555s][info][gc,stats    ]   Trash Collection Set                9 us
[1435.555s][info][gc,stats    ]   Rebuild Free Set                   12 us
[1435.555s][info][gc,stats    ] Concurrent Cleanup                   85 us
[1435.555s][info][gc,stats    ] 
[1435.555s][info][gc,stats    ] Allocation pacing accrued:
[1435.555s][info][gc,stats    ]       0 of  8252 ms (  0.0%): <total>
[1435.555s][info][gc,stats    ]       0 of  8252 ms (  0.0%): <average total>
[1435.555s][info][gc,stats    ] 
[1435.555s][info][gc,metaspace] Metaspace: 135453K(136832K)->135453K(136832K) NonClass: 114487K(115264K)->114487K(115264K) Class: 20965K(21568K)->20965K(21568K)
[1435.555s][info][gc,ergo     ] Pacer for Idle. Initial: 163M, Alloc Tax Rate: 1.0x
[1445.189s][info][gc          ] Trigger: Free (816M) is below minimum threshold (819M)
[1445.189s][info][gc,ergo     ] Free: 816M, Max: 4096K regular, 560M humongous, Frag: 30% external, 0% internal; Reserve: 412M, Max: 4096K
[1445.189s][info][gc,start    ] GC(153) Concurrent reset
[1445.189s][info][gc,task     ] GC(153) Using 2 of 4 workers for concurrent reset
[1445.189s][info][gc,ergo     ] GC(153) Pacer for Reset. Non-Taxable: 8192M
[1445.197s][info][gc          ] GC(153) Concurrent reset 8.819ms
[1445.198s][info][gc,start    ] GC(153) Pause Init Mark (unload classes)
[1445.198s][info][gc,task     ] GC(153) Using 4 of 4 workers for init marking
[1445.198s][info][gc,ergo     ] GC(153) Pacer for Mark. Expected Live: 485M, Free: 816M, Non-Taxable: 83606K, Alloc Tax Rate: 0.7x
[1445.198s][info][gc          ] GC(153) Pause Init Mark (unload classes) 0.099ms
[1445.198s][info][gc,start    ] GC(153) Concurrent marking roots
[1445.198s][info][gc,task     ] GC(153) Using 2 of 4 workers for concurrent marking roots
[1445.199s][info][gc          ] GC(153) Concurrent marking roots 1.058ms
[1445.199s][info][gc,start    ] GC(153) Concurrent marking (unload classes)
[1445.199s][info][gc,task     ] GC(153) Using 2 of 4 workers for concurrent marking
[1445.437s][info][gc          ] GC(153) Concurrent marking (unload classes) 238.275ms
[1445.437s][info][gc,start    ] GC(153) Pause Final Mark (unload classes)
[1445.437s][info][gc,task     ] GC(153) Using 4 of 4 workers for final marking
[1445.437s][info][gc,ergo     ] GC(153) Adaptive CSet Selection. Target Free: 1160M, Actual Free: 2696M, Max CSet: 341M, Min Garbage: 0B
[1445.437s][info][gc,ergo     ] GC(153) Collectable Garbage: 6422M (99%), Immediate: 1652M (25%), CSet: 4770M (73%)
[1445.437s][info][gc,ergo     ] GC(153) Pacer for Evacuation. Used CSet: 4856M, Free: 2297M, Non-Taxable: 229M, Alloc Tax Rate: 5.2x
[1445.438s][info][gc          ] GC(153) Pause Final Mark (unload classes) 0.399ms
[1445.438s][info][gc,start    ] GC(153) Concurrent thread roots
[1445.438s][info][gc,task     ] GC(153) Using 2 of 4 workers for Concurrent thread roots
[1445.438s][info][gc          ] GC(153) Concurrent thread roots 0.843ms
[1445.438s][info][gc,start    ] GC(153) Concurrent weak references
[1445.438s][info][gc,task     ] GC(153) Using 2 of 4 workers for concurrent weak references
[1445.439s][info][gc,ref      ] GC(153) Encountered references: Soft: 6122, Weak: 23547, Final: 34, Phantom: 1177
[1445.439s][info][gc,ref      ] GC(153) Discovered  references: Soft: 0, Weak: 2135, Final: 0, Phantom: 826
[1445.439s][info][gc,ref      ] GC(153) Enqueued    references: Soft: 0, Weak: 5, Final: 0, Phantom: 0
[1445.439s][info][gc          ] GC(153) Concurrent weak references 0.199ms
[1445.439s][info][gc,start    ] GC(153) Concurrent weak roots
[1445.439s][info][gc,task     ] GC(153) Using 2 of 4 workers for concurrent weak root
[1445.441s][info][gc          ] GC(153) Concurrent weak roots 2.847ms
[1445.441s][info][gc,start    ] GC(153) Concurrent cleanup
[1445.442s][info][gc          ] GC(153) Concurrent cleanup 7143M->5491M(8192M) 0.040ms
[1445.442s][info][gc,ergo     ] GC(153) Free: 2288M, Max: 4096K regular, 560M humongous, Frag: 76% external, 0% internal; Reserve: 411M, Max: 4096K
[1445.442s][info][gc,start    ] GC(153) Concurrent class unloading
[1445.442s][info][gc,task     ] GC(153) Using 2 of 4 workers for concurrent class unloading
[1445.447s][info][gc          ] GC(153) Concurrent class unloading 5.103ms
[1445.447s][info][gc,start    ] GC(153) Concurrent strong roots
[1445.447s][info][gc,task     ] GC(153) Using 2 of 4 workers for concurrent strong root
[1445.447s][info][gc          ] GC(153) Concurrent strong roots 0.318ms
[1445.447s][info][gc,start    ] GC(153) Concurrent evacuation
[1445.447s][info][gc,task     ] GC(153) Using 2 of 4 workers for concurrent evacuation
[1445.497s][info][gc          ] GC(153) Concurrent evacuation 49.962ms
[1445.497s][info][gc,start    ] GC(153) Pause Init Update Refs
[1445.497s][info][gc,ergo     ] GC(153) Pacer for Update Refs. Used: 5607M, Free: 2264M, Non-Taxable: 226M, Alloc Tax Rate: 3.0x
[1445.497s][info][gc          ] GC(153) Pause Init Update Refs 0.045ms
[1445.497s][info][gc,start    ] GC(153) Concurrent update references
[1445.497s][info][gc,task     ] GC(153) Using 2 of 4 workers for concurrent reference update
[1445.656s][info][gc          ] GC(153) Concurrent update references 159.184ms
[1445.656s][info][gc,start    ] GC(153) Concurrent update thread roots
[1445.658s][info][gc          ] GC(153) Concurrent update thread roots 1.309ms
[1445.658s][info][gc,start    ] GC(153) Pause Final Update Refs
[1445.658s][info][gc,task     ] GC(153) Using 4 of 4 workers for final reference update
[1445.658s][info][gc          ] GC(153) Pause Final Update Refs 0.090ms
[1445.658s][info][gc,start    ] GC(153) Concurrent cleanup
[1445.658s][info][gc          ] GC(153) Concurrent cleanup 5747M->891M(8192M) 0.061ms
[1445.658s][info][gc,ergo     ] Free: 6888M, Max: 4096K regular, 5684M humongous, Frag: 18% external, 0% internal; Reserve: 412M, Max: 4096K
[1445.658s][info][gc,stats    ] 
[1445.658s][info][gc,stats    ] All times are wall-clock times, except per-root-class counters, that are sum over
[1445.658s][info][gc,stats    ] all workers. Dividing the <total> over the root stage time estimates parallelism.
[1445.658s][info][gc,stats    ] 
[1445.658s][info][gc,stats    ] Concurrent Reset                   8883 us
[1445.658s][info][gc,stats    ] Pause Init Mark (G)                 189 us
[1445.658s][info][gc,stats    ] Pause Init Mark (N)                 114 us
[1445.658s][info][gc,stats    ]   Update Region States               17 us
[1445.658s][info][gc,stats    ] Concurrent Mark Roots              1075 us, parallelism: 1.68x
[1445.658s][info][gc,stats    ]   CMR: <total>                     1801 us
[1445.658s][info][gc,stats    ]   CMR: Thread Roots                1660 us, workers (us): 773, 887, ---, ---, 
[1445.658s][info][gc,stats    ]   CMR: VM Strong Roots               16 us, workers (us):  15,   0, ---, ---, 
[1445.658s][info][gc,stats    ]   CMR: CLDG Roots                   126 us, workers (us): 126, ---, ---, ---, 
[1445.658s][info][gc,stats    ] Concurrent Marking               238317 us
[1445.658s][info][gc,stats    ] Pause Final Mark (G)                458 us
[1445.658s][info][gc,stats    ] Pause Final Mark (N)                410 us
[1445.658s][info][gc,stats    ]   Finish Mark                        43 us
[1445.658s][info][gc,stats    ]   Update Region States               40 us
[1445.658s][info][gc,stats    ]   Choose Collection Set             249 us
[1445.658s][info][gc,stats    ]   Rebuild Free Set                   10 us
[1445.658s][info][gc,stats    ] Concurrent Thread Roots             865 us, parallelism: 1.78x
[1445.658s][info][gc,stats    ]   CTR: <total>                     1540 us
[1445.658s][info][gc,stats    ]   CTR: Thread Roots                1540 us, workers (us): 770, 770, ---, ---, 
[1445.658s][info][gc,stats    ] Concurrent Weak References          210 us, parallelism: 0.71x
[1445.658s][info][gc,stats    ]   CWRF: <total>                     149 us
[1445.658s][info][gc,stats    ]   CWRF: Weak References             149 us, workers (us): 125,  24, ---, ---, 
[1445.658s][info][gc,stats    ] Concurrent Weak Roots              2870 us
[1445.658s][info][gc,stats    ]   Roots                            2767 us, parallelism: 1.93x
[1445.658s][info][gc,stats    ]     CWR: <total>                   5327 us
[1445.658s][info][gc,stats    ]     CWR: Code Cache Roots          3699 us, workers (us): 1878, 1820, ---, ---, 
[1445.658s][info][gc,stats    ]     CWR: VM Weak Roots             1554 us, workers (us): 793, 762, ---, ---, 
[1445.658s][info][gc,stats    ]     CWR: CLDG Roots                  74 us, workers (us): ---,  74, ---, ---, 
[1445.658s][info][gc,stats    ]   Rendezvous                         57 us
[1445.658s][info][gc,stats    ] Concurrent Cleanup                   53 us
[1445.658s][info][gc,stats    ] Concurrent Class Unloading         5133 us
[1445.658s][info][gc,stats    ]   Unlink Stale                     5025 us
[1445.658s][info][gc,stats    ]     System Dictionary                60 us
[1445.658s][info][gc,stats    ]     Weak Class Links                  0 us
[1445.658s][info][gc,stats    ]     Code Roots                     4963 us
[1445.658s][info][gc,stats    ]   Rendezvous                         50 us
[1445.658s][info][gc,stats    ]   Purge Unlinked                      4 us
[1445.658s][info][gc,stats    ]     Code Roots                        2 us
[1445.658s][info][gc,stats    ]     CLDG                              2 us
[1445.658s][info][gc,stats    ]     Exception Caches                  0 us
[1445.658s][info][gc,stats    ] Concurrent Strong Roots             331 us, parallelism: 0.71x
[1445.658s][info][gc,stats    ]   CSR: <total>                      236 us
[1445.658s][info][gc,stats    ]   CSR: VM Strong Roots               11 us, workers (us):   6,   5, ---, ---, 
[1445.658s][info][gc,stats    ]   CSR: CLDG Roots                   225 us, workers (us): ---, 225, ---, ---, 
[1445.658s][info][gc,stats    ] Concurrent Evacuation             49998 us
[1445.658s][info][gc,stats    ] Pause Init Update Refs (G)          116 us
[1445.658s][info][gc,stats    ] Pause Init Update Refs (N)           56 us
[1445.658s][info][gc,stats    ]   Manage GCLABs                       6 us
[1445.658s][info][gc,stats    ] Concurrent Update Refs           159219 us
[1445.659s][info][gc,stats    ] Concurrent Update Thread Roots     1336 us
[1445.659s][info][gc,stats    ] Pause Final Update Refs (G)         142 us
[1445.659s][info][gc,stats    ] Pause Final Update Refs (N)         118 us
[1445.659s][info][gc,stats    ]   Update Region States               28 us
[1445.659s][info][gc,stats    ]   Trash Collection Set               14 us
[1445.659s][info][gc,stats    ]   Rebuild Free Set                   10 us
[1445.659s][info][gc,stats    ] Concurrent Cleanup                   76 us
[1445.659s][info][gc,stats    ] 
[1445.659s][info][gc,stats    ] Allocation pacing accrued:
[1445.659s][info][gc,stats    ]       0 of 10104 ms (  0.0%): <total>
[1445.659s][info][gc,stats    ]       0 of 10104 ms (  0.0%): <average total>
[1445.659s][info][gc,stats    ] 
[1445.659s][info][gc,metaspace] Metaspace: 135455K(136832K)->135456K(136832K) NonClass: 114489K(115264K)->114490K(115264K) Class: 20965K(21568K)->20965K(21568K)
[1445.659s][info][gc,ergo     ] Pacer for Idle. Initial: 163M, Alloc Tax Rate: 1.0x
[1454.913s][info][gc          ] Trigger: Average GC time (488.93 ms) is above the time for average allocation rate (1157 MB/s) to deplete free headroom (503M) (margin of error = 1.96)
[1454.913s][info][gc,ergo     ] Free headroom: 912M (free) - 409M (spike) - 0B (penalties) = 503M
[1454.913s][info][gc,ergo     ] Free: 912M, Max: 4096K regular, 524M humongous, Frag: 42% external, 0% internal; Reserve: 412M, Max: 4096K
[1454.913s][info][gc,start    ] GC(154) Concurrent reset
[1454.913s][info][gc,task     ] GC(154) Using 2 of 4 workers for concurrent reset
[1454.913s][info][gc,ergo     ] GC(154) Pacer for Reset. Non-Taxable: 8192M
[1454.925s][info][gc          ] GC(154) Concurrent reset 12.488ms
[1454.926s][info][gc,start    ] GC(154) Pause Init Mark (unload classes)
[1454.926s][info][gc,task     ] GC(154) Using 4 of 4 workers for init marking
[1454.926s][info][gc,ergo     ] GC(154) Pacer for Mark. Expected Live: 486M, Free: 908M, Non-Taxable: 93025K, Alloc Tax Rate: 0.7x
[1454.926s][info][gc          ] GC(154) Pause Init Mark (unload classes) 0.104ms
[1454.926s][info][gc,start    ] GC(154) Concurrent marking roots
[1454.926s][info][gc,task     ] GC(154) Using 2 of 4 workers for concurrent marking roots
[1454.927s][info][gc          ] GC(154) Concurrent marking roots 1.418ms
[1454.927s][info][gc,start    ] GC(154) Concurrent marking (unload classes)
[1454.927s][info][gc,task     ] GC(154) Using 2 of 4 workers for concurrent marking
[1455.191s][info][gc          ] GC(154) Concurrent marking (unload classes) 263.398ms
[1455.191s][info][gc,start    ] GC(154) Pause Final Mark (unload classes)
[1455.191s][info][gc,task     ] GC(154) Using 4 of 4 workers for final marking
[1455.191s][info][gc,ergo     ] GC(154) Adaptive CSet Selection. Target Free: 1160M, Actual Free: 2308M, Max CSet: 341M, Min Garbage: 0B
[1455.191s][info][gc,ergo     ] GC(154) Collectable Garbage: 6308M (99%), Immediate: 1304M (20%), CSet: 5004M (78%)
[1455.191s][info][gc,ergo     ] GC(154) Pacer for Evacuation. Used CSet: 5112M, Free: 1912M, Non-Taxable: 191M, Alloc Tax Rate: 6.5x
[1455.191s][info][gc          ] GC(154) Pause Final Mark (unload classes) 0.304ms
[1455.191s][info][gc,start    ] GC(154) Concurrent thread roots
[1455.191s][info][gc,task     ] GC(154) Using 2 of 4 workers for Concurrent thread roots
[1455.192s][info][gc          ] GC(154) Concurrent thread roots 0.917ms
[1455.192s][info][gc,start    ] GC(154) Concurrent weak references
[1455.192s][info][gc,task     ] GC(154) Using 2 of 4 workers for concurrent weak references
[1455.192s][info][gc,ref      ] GC(154) Encountered references: Soft: 6122, Weak: 23542, Final: 34, Phantom: 1177
[1455.192s][info][gc,ref      ] GC(154) Discovered  references: Soft: 0, Weak: 11548, Final: 33, Phantom: 827
[1455.192s][info][gc,ref      ] GC(154) Enqueued    references: Soft: 0, Weak: 1, Final: 0, Phantom: 0
[1455.192s][info][gc          ] GC(154) Concurrent weak references 0.510ms
[1455.192s][info][gc,start    ] GC(154) Concurrent weak roots
[1455.192s][info][gc,task     ] GC(154) Using 2 of 4 workers for concurrent weak root
[1455.196s][info][gc          ] GC(154) Concurrent weak roots 3.599ms
[1455.196s][info][gc,start    ] GC(154) Concurrent cleanup
[1455.196s][info][gc          ] GC(154) Concurrent cleanup 7180M->5876M(8192M) 0.038ms
[1455.196s][info][gc,ergo     ] GC(154) Free: 1904M, Max: 4096K regular, 524M humongous, Frag: 73% external, 0% internal; Reserve: 411M, Max: 4096K
[1455.196s][info][gc,start    ] GC(154) Concurrent class unloading
[1455.196s][info][gc,task     ] GC(154) Using 2 of 4 workers for concurrent class unloading
[1455.201s][info][gc          ] GC(154) Concurrent class unloading 5.373ms
[1455.201s][info][gc,start    ] GC(154) Concurrent strong roots
[1455.201s][info][gc,task     ] GC(154) Using 2 of 4 workers for concurrent strong root
[1455.202s][info][gc          ] GC(154) Concurrent strong roots 0.295ms
[1455.202s][info][gc,start    ] GC(154) Concurrent evacuation
[1455.202s][info][gc,task     ] GC(154) Using 2 of 4 workers for concurrent evacuation
[1455.259s][info][gc          ] GC(154) Concurrent evacuation 57.387ms
[1455.259s][info][gc,start    ] GC(154) Pause Init Update Refs
[1455.259s][info][gc,ergo     ] GC(154) Pacer for Update Refs. Used: 6031M, Free: 1860M, Non-Taxable: 186M, Alloc Tax Rate: 4.0x
[1455.259s][info][gc          ] GC(154) Pause Init Update Refs 0.045ms
[1455.259s][info][gc,start    ] GC(154) Concurrent update references
[1455.259s][info][gc,task     ] GC(154) Using 2 of 4 workers for concurrent reference update
[1455.433s][info][gc          ] GC(154) Concurrent update references 173.429ms
[1455.433s][info][gc,start    ] GC(154) Concurrent update thread roots
[1455.434s][info][gc          ] GC(154) Concurrent update thread roots 1.467ms
[1455.434s][info][gc,start    ] GC(154) Pause Final Update Refs
[1455.434s][info][gc,task     ] GC(154) Using 4 of 4 workers for final reference update
[1455.434s][info][gc          ] GC(154) Pause Final Update Refs 0.092ms
[1455.434s][info][gc,start    ] GC(154) Concurrent cleanup
[1455.434s][info][gc          ] GC(154) Concurrent cleanup 6119M->1007M(8192M) 0.072ms
[1455.435s][info][gc,ergo     ] Free: 6772M, Max: 4096K regular, 5640M humongous, Frag: 17% external, 0% internal; Reserve: 412M, Max: 4096K
[1455.435s][info][gc,stats    ] 
[1455.435s][info][gc,stats    ] All times are wall-clock times, except per-root-class counters, that are sum over
[1455.435s][info][gc,stats    ] all workers. Dividing the <total> over the root stage time estimates parallelism.
[1455.435s][info][gc,stats    ] 
[1455.435s][info][gc,stats    ] Concurrent Reset                  12547 us
[1455.435s][info][gc,stats    ] Pause Init Mark (G)                 231 us
[1455.435s][info][gc,stats    ] Pause Init Mark (N)                 115 us
[1455.435s][info][gc,stats    ]   Update Region States               37 us
[1455.435s][info][gc,stats    ] Concurrent Mark Roots              1444 us, parallelism: 1.75x
[1455.435s][info][gc,stats    ]   CMR: <total>                     2523 us
[1455.435s][info][gc,stats    ]   CMR: Thread Roots                2265 us, workers (us): 1019, 1246, ---, ---, 
[1455.435s][info][gc,stats    ]   CMR: VM Strong Roots               13 us, workers (us):  13,   0, ---, ---, 
[1455.435s][info][gc,stats    ]   CMR: CLDG Roots                   245 us, workers (us): 245, ---, ---, ---, 
[1455.435s][info][gc,stats    ] Concurrent Marking               263446 us
[1455.435s][info][gc,stats    ] Pause Final Mark (G)                338 us
[1455.435s][info][gc,stats    ] Pause Final Mark (N)                319 us
[1455.435s][info][gc,stats    ]   Finish Mark                        22 us
[1455.435s][info][gc,stats    ]   Update Region States               20 us
[1455.435s][info][gc,stats    ]   Choose Collection Set             143 us
[1455.435s][info][gc,stats    ]   Rebuild Free Set                   10 us
[1455.435s][info][gc,stats    ] Concurrent Thread Roots             937 us, parallelism: 1.86x
[1455.435s][info][gc,stats    ]   CTR: <total>                     1739 us
[1455.435s][info][gc,stats    ]   CTR: Thread Roots                1739 us, workers (us): 872, 868, ---, ---, 
[1455.435s][info][gc,stats    ] Concurrent Weak References          522 us, parallelism: 0.95x
[1455.435s][info][gc,stats    ]   CWRF: <total>                     497 us
[1455.435s][info][gc,stats    ]   CWRF: Weak References             497 us, workers (us): 446,  52, ---, ---, 
[1455.435s][info][gc,stats    ] Concurrent Weak Roots              3631 us
[1455.435s][info][gc,stats    ]   Roots                            3512 us, parallelism: 1.94x
[1455.435s][info][gc,stats    ]     CWR: <total>                   6816 us
[1455.435s][info][gc,stats    ]     CWR: Code Cache Roots          5195 us, workers (us): 2525, 2670, ---, ---, 
[1455.435s][info][gc,stats    ]     CWR: VM Weak Roots             1516 us, workers (us): 757, 759, ---, ---, 
[1455.435s][info][gc,stats    ]     CWR: CLDG Roots                 105 us, workers (us): 105, ---, ---, ---, 
[1455.435s][info][gc,stats    ]   Rendezvous                         65 us
[1455.435s][info][gc,stats    ] Concurrent Cleanup                   51 us
[1455.435s][info][gc,stats    ] Concurrent Class Unloading         5401 us
[1455.435s][info][gc,stats    ]   Unlink Stale                     5076 us
[1455.435s][info][gc,stats    ]     System Dictionary                69 us
[1455.435s][info][gc,stats    ]     Weak Class Links                  0 us
[1455.435s][info][gc,stats    ]     Code Roots                     5005 us
[1455.435s][info][gc,stats    ]   Rendezvous                        168 us
[1455.435s][info][gc,stats    ]   Purge Unlinked                    105 us
[1455.435s][info][gc,stats    ]     Code Roots                      102 us
[1455.435s][info][gc,stats    ]     CLDG                              3 us
[1455.435s][info][gc,stats    ] Concurrent Strong Roots             309 us, parallelism: 0.68x
[1455.435s][info][gc,stats    ]   CSR: <total>                      210 us
[1455.435s][info][gc,stats    ]   CSR: VM Strong Roots               11 us, workers (us):   6,   5, ---, ---, 
[1455.435s][info][gc,stats    ]   CSR: CLDG Roots                   199 us, workers (us): ---, 199, ---, ---, 
[1455.435s][info][gc,stats    ] Concurrent Evacuation             57429 us
[1455.435s][info][gc,stats    ] Pause Init Update Refs (G)          108 us
[1455.435s][info][gc,stats    ] Pause Init Update Refs (N)           56 us
[1455.435s][info][gc,stats    ]   Manage GCLABs                       6 us
[1455.435s][info][gc,stats    ] Concurrent Update Refs           173467 us
[1455.435s][info][gc,stats    ] Concurrent Update Thread Roots     1485 us
[1455.435s][info][gc,stats    ] Pause Final Update Refs (G)         154 us
[1455.435s][info][gc,stats    ] Pause Final Update Refs (N)         118 us
[1455.435s][info][gc,stats    ]   Update Region States               29 us
[1455.435s][info][gc,stats    ]   Trash Collection Set               14 us
[1455.435s][info][gc,stats    ]   Rebuild Free Set                   11 us
[1455.435s][info][gc,stats    ] Concurrent Cleanup                   87 us
[1455.435s][info][gc,stats    ] 
[1455.435s][info][gc,stats    ] Allocation pacing accrued:
[1455.435s][info][gc,stats    ]       0 of  9777 ms (  0.0%): <total>
[1455.435s][info][gc,stats    ]       0 of  9777 ms (  0.0%): <average total>
[1455.435s][info][gc,stats    ] 
[1455.435s][info][gc,metaspace] Metaspace: 135465K(136832K)->135465K(136832K) NonClass: 114499K(115264K)->114499K(115264K) Class: 20965K(21568K)->20965K(21568K)
[1455.435s][info][gc,ergo     ] Pacer for Idle. Initial: 163M, Alloc Tax Rate: 1.0x
[1464.720s][info][gc          ] Trigger: Free (816M) is below minimum threshold (819M)
[1464.720s][info][gc,ergo     ] Free: 816M, Max: 4096K regular, 504M humongous, Frag: 37% external, 0% internal; Reserve: 412M, Max: 4096K
[1464.720s][info][gc,start    ] GC(155) Concurrent reset
[1464.720s][info][gc,task     ] GC(155) Using 2 of 4 workers for concurrent reset
[1464.720s][info][gc,ergo     ] GC(155) Pacer for Reset. Non-Taxable: 8192M
[1464.734s][info][gc          ] GC(155) Concurrent reset 14.125ms
[1464.734s][info][gc,start    ] GC(155) Pause Init Mark (unload classes)
[1464.734s][info][gc,task     ] GC(155) Using 4 of 4 workers for init marking
[1464.734s][info][gc,ergo     ] GC(155) Pacer for Mark. Expected Live: 492M, Free: 808M, Non-Taxable: 82776K, Alloc Tax Rate: 0.7x
[1464.734s][info][gc          ] GC(155) Pause Init Mark (unload classes) 0.103ms
[1464.734s][info][gc,start    ] GC(155) Concurrent marking roots
[1464.734s][info][gc,task     ] GC(155) Using 2 of 4 workers for concurrent marking roots
[1464.735s][info][gc          ] GC(155) Concurrent marking roots 1.121ms
[1464.735s][info][gc,start    ] GC(155) Concurrent marking (unload classes)
[1464.735s][info][gc,task     ] GC(155) Using 2 of 4 workers for concurrent marking
[1464.962s][info][gc          ] GC(155) Concurrent marking (unload classes) 227.118ms
[1464.962s][info][gc,start    ] GC(155) Pause Final Mark (unload classes)
[1464.962s][info][gc,task     ] GC(155) Using 4 of 4 workers for final marking
[1464.962s][info][gc,ergo     ] GC(155) Adaptive CSet Selection. Target Free: 1160M, Actual Free: 3440M, Max CSet: 341M, Min Garbage: 0B
[1464.963s][info][gc,ergo     ] GC(155) Collectable Garbage: 6457M (99%), Immediate: 2372M (36%), CSet: 4085M (62%)
[1464.963s][info][gc,ergo     ] GC(155) Pacer for Evacuation. Used CSet: 4144M, Free: 3044M, Non-Taxable: 304M, Alloc Tax Rate: 3.3x
[1464.963s][info][gc          ] GC(155) Pause Final Mark (unload classes) 0.260ms
[1464.963s][info][gc,start    ] GC(155) Concurrent thread roots
[1464.963s][info][gc,task     ] GC(155) Using 2 of 4 workers for Concurrent thread roots
[1464.963s][info][gc          ] GC(155) Concurrent thread roots 0.879ms
[1464.963s][info][gc,start    ] GC(155) Concurrent weak references
[1464.963s][info][gc,task     ] GC(155) Using 2 of 4 workers for concurrent weak references
[1464.964s][info][gc,ref      ] GC(155) Encountered references: Soft: 6122, Weak: 23546, Final: 34, Phantom: 1183
[1464.964s][info][gc,ref      ] GC(155) Discovered  references: Soft: 0, Weak: 681, Final: 0, Phantom: 830
[1464.964s][info][gc,ref      ] GC(155) Enqueued    references: Soft: 0, Weak: 3, Final: 0, Phantom: 0
[1464.964s][info][gc          ] GC(155) Concurrent weak references 0.147ms
[1464.964s][info][gc,start    ] GC(155) Concurrent weak roots
[1464.964s][info][gc,task     ] GC(155) Using 2 of 4 workers for concurrent weak root
[1464.966s][info][gc          ] GC(155) Concurrent weak roots 2.782ms
[1464.966s][info][gc,start    ] GC(155) Concurrent cleanup
[1464.966s][info][gc          ] GC(155) Concurrent cleanup 7116M->4744M(8192M) 0.040ms
[1464.967s][info][gc,ergo     ] GC(155) Free: 3035M, Max: 4096K regular, 504M humongous, Frag: 84% external, 0% internal; Reserve: 411M, Max: 4096K
[1464.967s][info][gc,start    ] GC(155) Concurrent class unloading
[1464.967s][info][gc,task     ] GC(155) Using 2 of 4 workers for concurrent class unloading
[1464.972s][info][gc          ] GC(155) Concurrent class unloading 5.153ms
[1464.972s][info][gc,start    ] GC(155) Concurrent strong roots
[1464.972s][info][gc,task     ] GC(155) Using 2 of 4 workers for concurrent strong root
[1464.972s][info][gc          ] GC(155) Concurrent strong roots 0.282ms
[1464.972s][info][gc,start    ] GC(155) Concurrent evacuation
[1464.972s][info][gc,task     ] GC(155) Using 2 of 4 workers for concurrent evacuation
[1465.003s][info][gc          ] GC(155) Concurrent evacuation 31.210ms
[1465.003s][info][gc,start    ] GC(155) Pause Init Update Refs
[1465.003s][info][gc,ergo     ] GC(155) Pacer for Update Refs. Used: 4824M, Free: 3019M, Non-Taxable: 301M, Alloc Tax Rate: 2.0x
[1465.003s][info][gc          ] GC(155) Pause Init Update Refs 0.046ms
[1465.003s][info][gc,start    ] GC(155) Concurrent update references
[1465.003s][info][gc,task     ] GC(155) Using 2 of 4 workers for concurrent reference update
[1465.146s][info][gc          ] GC(155) Concurrent update references 142.340ms
[1465.146s][info][gc,start    ] GC(155) Concurrent update thread roots
[1465.147s][info][gc          ] GC(155) Concurrent update thread roots 1.423ms
[1465.147s][info][gc,start    ] GC(155) Pause Final Update Refs
[1465.147s][info][gc,task     ] GC(155) Using 4 of 4 workers for final reference update
[1465.147s][info][gc          ] GC(155) Pause Final Update Refs 0.102ms
[1465.147s][info][gc,start    ] GC(155) Concurrent cleanup
[1465.147s][info][gc          ] GC(155) Concurrent cleanup 4880M->736M(8192M) 0.054ms
[1465.147s][info][gc,ergo     ] Free: 7043M, Max: 4096K regular, 5592M humongous, Frag: 21% external, 0% internal; Reserve: 412M, Max: 4096K
[1465.147s][info][gc,stats    ] 
[1465.147s][info][gc,stats    ] All times are wall-clock times, except per-root-class counters, that are sum over
[1465.147s][info][gc,stats    ] all workers. Dividing the <total> over the root stage time estimates parallelism.
[1465.147s][info][gc,stats    ] 
[1465.147s][info][gc,stats    ] Concurrent Reset                  14183 us
[1465.147s][info][gc,stats    ] Pause Init Mark (G)                 190 us
[1465.147s][info][gc,stats    ] Pause Init Mark (N)                 115 us
[1465.147s][info][gc,stats    ]   Update Region States               36 us
[1465.147s][info][gc,stats    ] Concurrent Mark Roots              1147 us, parallelism: 1.68x
[1465.148s][info][gc,stats    ]   CMR: <total>                     1922 us
[1465.148s][info][gc,stats    ]   CMR: Thread Roots                1787 us, workers (us): 838, 949, ---, ---, 
[1465.148s][info][gc,stats    ]   CMR: VM Strong Roots               14 us, workers (us):  14,   0, ---, ---, 
[1465.148s][info][gc,stats    ]   CMR: CLDG Roots                   121 us, workers (us): 121, ---, ---, ---, 
[1465.148s][info][gc,stats    ] Concurrent Marking               227162 us
[1465.148s][info][gc,stats    ] Pause Final Mark (G)                288 us
[1465.148s][info][gc,stats    ] Pause Final Mark (N)                270 us
[1465.148s][info][gc,stats    ]   Finish Mark                        21 us
[1465.148s][info][gc,stats    ]   Update Region States               38 us
[1465.148s][info][gc,stats    ]   Choose Collection Set             135 us
[1465.148s][info][gc,stats    ]   Rebuild Free Set                   11 us
[1465.148s][info][gc,stats    ] Concurrent Thread Roots             899 us, parallelism: 1.83x
[1465.148s][info][gc,stats    ]   CTR: <total>                     1646 us
[1465.148s][info][gc,stats    ]   CTR: Thread Roots                1646 us, workers (us): 838, 808, ---, ---, 
[1465.148s][info][gc,stats    ] Concurrent Weak References          158 us, parallelism: 0.54x
[1465.148s][info][gc,stats    ]   CWRF: <total>                      85 us
[1465.148s][info][gc,stats    ]   CWRF: Weak References              85 us, workers (us):  85,   0, ---, ---, 
[1465.148s][info][gc,stats    ] Concurrent Weak Roots              2799 us
[1465.148s][info][gc,stats    ]   Roots                            2695 us, parallelism: 1.91x
[1465.148s][info][gc,stats    ]     CWR: <total>                   5145 us
[1465.148s][info][gc,stats    ]     CWR: Code Cache Roots          3546 us, workers (us): 1719, 1827, ---, ---, 
[1465.148s][info][gc,stats    ]     CWR: VM Weak Roots             1542 us, workers (us): 784, 758, ---, ---, 
[1465.148s][info][gc,stats    ]     CWR: CLDG Roots                  57 us, workers (us):  57, ---, ---, ---, 
[1465.148s][info][gc,stats    ]   Rendezvous                         67 us
[1465.148s][info][gc,stats    ] Concurrent Cleanup                   52 us
[1465.148s][info][gc,stats    ] Concurrent Class Unloading         5183 us
[1465.148s][info][gc,stats    ]   Unlink Stale                     5003 us
[1465.148s][info][gc,stats    ]     System Dictionary                37 us
[1465.148s][info][gc,stats    ]     Weak Class Links                  0 us
[1465.148s][info][gc,stats    ]     Code Roots                     4965 us
[1465.148s][info][gc,stats    ]   Rendezvous                         73 us
[1465.148s][info][gc,stats    ]   Purge Unlinked                     55 us
[1465.148s][info][gc,stats    ]     Code Roots                       52 us
[1465.148s][info][gc,stats    ]     CLDG                              3 us
[1465.148s][info][gc,stats    ]     Exception Caches                  0 us
[1465.148s][info][gc,stats    ] Concurrent Strong Roots             295 us, parallelism: 0.70x
[1465.148s][info][gc,stats    ]   CSR: <total>                      208 us
[1465.148s][info][gc,stats    ]   CSR: VM Strong Roots               10 us, workers (us):   6,   5, ---, ---, 
[1465.148s][info][gc,stats    ]   CSR: CLDG Roots                   197 us, workers (us): ---, 197, ---, ---, 
[1465.148s][info][gc,stats    ] Concurrent Evacuation             31258 us
[1465.148s][info][gc,stats    ] Pause Init Update Refs (G)           87 us
[1465.148s][info][gc,stats    ] Pause Init Update Refs (N)           57 us
[1465.148s][info][gc,stats    ]   Manage GCLABs                       6 us
[1465.148s][info][gc,stats    ] Concurrent Update Refs           142380 us
[1465.148s][info][gc,stats    ] Concurrent Update Thread Roots     1441 us
[1465.148s][info][gc,stats    ] Pause Final Update Refs (G)         143 us
[1465.148s][info][gc,stats    ] Pause Final Update Refs (N)         116 us
[1465.148s][info][gc,stats    ]   Update Region States               37 us
[1465.148s][info][gc,stats    ]   Trash Collection Set               13 us
[1465.148s][info][gc,stats    ]   Rebuild Free Set                   11 us
[1465.148s][info][gc,stats    ] Concurrent Cleanup                   67 us
[1465.148s][info][gc,stats    ] 
[1465.148s][info][gc,stats    ] Allocation pacing accrued:
[1465.148s][info][gc,stats    ]       0 of  9713 ms (  0.0%): <total>
[1465.148s][info][gc,stats    ]       0 of  9713 ms (  0.0%): <average total>
[1465.148s][info][gc,stats    ] 
[1465.148s][info][gc,metaspace] Metaspace: 135465K(136832K)->135465K(136832K) NonClass: 114499K(115264K)->114499K(115264K) Class: 20965K(21568K)->20965K(21568K)
[1465.148s][info][gc,ergo     ] Pacer for Idle. Initial: 163M, Alloc Tax Rate: 1.0x
[1473.800s][info][gc          ] Trigger: Average GC time (536.20 ms) is above the time for instantaneous allocation rate (1042 MB/s) to deplete free headroom (526M) (spike threshold = 1.68)
[1473.801s][info][gc,ergo     ] Free: 936M, Max: 4096K regular, 552M humongous, Frag: 40% external, 0% internal; Reserve: 412M, Max: 4096K
[1473.801s][info][gc,start    ] GC(156) Concurrent reset
[1473.801s][info][gc,task     ] GC(156) Using 2 of 4 workers for concurrent reset
[1473.801s][info][gc,ergo     ] GC(156) Pacer for Reset. Non-Taxable: 8192M
[1473.821s][info][gc          ] GC(156) Concurrent reset 20.424ms
[1473.821s][info][gc,start    ] GC(156) Pause Init Mark (unload classes)
[1473.821s][info][gc,task     ] GC(156) Using 4 of 4 workers for init marking
[1473.821s][info][gc,ergo     ] GC(156) Pacer for Mark. Expected Live: 491M, Free: 916M, Non-Taxable: 93835K, Alloc Tax Rate: 0.7x
[1473.821s][info][gc          ] GC(156) Pause Init Mark (unload classes) 0.126ms
[1473.821s][info][gc,start    ] GC(156) Concurrent marking roots
[1473.821s][info][gc,task     ] GC(156) Using 2 of 4 workers for concurrent marking roots
[1473.823s][info][gc          ] GC(156) Concurrent marking roots 1.366ms
[1473.823s][info][gc,start    ] GC(156) Concurrent marking (unload classes)
[1473.823s][info][gc,task     ] GC(156) Using 2 of 4 workers for concurrent marking
[1474.075s][info][gc          ] GC(156) Concurrent marking (unload classes) 251.962ms
[1474.075s][info][gc,start    ] GC(156) Pause Final Mark (unload classes)
[1474.075s][info][gc,task     ] GC(156) Using 4 of 4 workers for final marking
[1474.075s][info][gc,ergo     ] GC(156) Adaptive CSet Selection. Target Free: 1160M, Actual Free: 2384M, Max CSet: 341M, Min Garbage: 0B
[1474.075s][info][gc,ergo     ] GC(156) Collectable Garbage: 6312M (99%), Immediate: 1280M (20%), CSet: 5032M (79%)
[1474.075s][info][gc,ergo     ] GC(156) Pacer for Evacuation. Used CSet: 5128M, Free: 1988M, Non-Taxable: 198M, Alloc Tax Rate: 6.3x
[1474.075s][info][gc          ] GC(156) Pause Final Mark (unload classes) 0.333ms
[1474.075s][info][gc,start    ] GC(156) Concurrent thread roots
[1474.075s][info][gc,task     ] GC(156) Using 2 of 4 workers for Concurrent thread roots
[1474.076s][info][gc          ] GC(156) Concurrent thread roots 0.799ms
[1474.076s][info][gc,start    ] GC(156) Concurrent weak references
[1474.076s][info][gc,task     ] GC(156) Using 2 of 4 workers for concurrent weak references
[1474.077s][info][gc,ref      ] GC(156) Encountered references: Soft: 6122, Weak: 23548, Final: 34, Phantom: 1186
[1474.077s][info][gc,ref      ] GC(156) Discovered  references: Soft: 0, Weak: 8512, Final: 0, Phantom: 1057
[1474.077s][info][gc,ref      ] GC(156) Enqueued    references: Soft: 0, Weak: 4, Final: 0, Phantom: 0
[1474.077s][info][gc          ] GC(156) Concurrent weak references 0.519ms
[1474.077s][info][gc,start    ] GC(156) Concurrent weak roots
[1474.077s][info][gc,task     ] GC(156) Using 2 of 4 workers for concurrent weak root
[1474.079s][info][gc          ] GC(156) Concurrent weak roots 2.794ms
[1474.079s][info][gc,start    ] GC(156) Concurrent cleanup
[1474.079s][info][gc          ] GC(156) Concurrent cleanup 7080M->5800M(8192M) 0.032ms
[1474.079s][info][gc,ergo     ] GC(156) Free: 1980M, Max: 4096K regular, 552M humongous, Frag: 72% external, 0% internal; Reserve: 411M, Max: 4096K
[1474.079s][info][gc,start    ] GC(156) Concurrent class unloading
[1474.079s][info][gc,task     ] GC(156) Using 2 of 4 workers for concurrent class unloading
[1474.084s][info][gc          ] GC(156) Concurrent class unloading 5.007ms
[1474.084s][info][gc,start    ] GC(156) Concurrent strong roots
[1474.084s][info][gc,task     ] GC(156) Using 2 of 4 workers for concurrent strong root
[1474.085s][info][gc          ] GC(156) Concurrent strong roots 0.271ms
[1474.085s][info][gc,start    ] GC(156) Concurrent evacuation
[1474.085s][info][gc,task     ] GC(156) Using 2 of 4 workers for concurrent evacuation
[1474.131s][info][gc          ] GC(156) Concurrent evacuation 45.960ms
[1474.131s][info][gc,start    ] GC(156) Pause Init Update Refs
[1474.131s][info][gc,ergo     ] GC(156) Pacer for Update Refs. Used: 5919M, Free: 1960M, Non-Taxable: 196M, Alloc Tax Rate: 3.7x
[1474.131s][info][gc          ] GC(156) Pause Init Update Refs 0.049ms
[1474.131s][info][gc,start    ] GC(156) Concurrent update references
[1474.131s][info][gc,task     ] GC(156) Using 2 of 4 workers for concurrent reference update
[1474.294s][info][gc          ] GC(156) Concurrent update references 163.596ms
[1474.295s][info][gc,start    ] GC(156) Concurrent update thread roots
[1474.296s][info][gc          ] GC(156) Concurrent update thread roots 1.548ms
[1474.296s][info][gc,start    ] GC(156) Pause Final Update Refs
[1474.296s][info][gc,task     ] GC(156) Using 4 of 4 workers for final reference update
[1474.296s][info][gc          ] GC(156) Pause Final Update Refs 0.117ms
[1474.296s][info][gc,start    ] GC(156) Concurrent cleanup
[1474.296s][info][gc          ] GC(156) Concurrent cleanup 6063M->935M(8192M) 0.078ms
[1474.296s][info][gc,ergo     ] Free: 6844M, Max: 4096K regular, 5436M humongous, Frag: 21% external, 0% internal; Reserve: 412M, Max: 4096K
[1474.296s][info][gc,stats    ] 
[1474.296s][info][gc,stats    ] All times are wall-clock times, except per-root-class counters, that are sum over
[1474.296s][info][gc,stats    ] all workers. Dividing the <total> over the root stage time estimates parallelism.
[1474.296s][info][gc,stats    ] 
[1474.296s][info][gc,stats    ] Concurrent Reset                  20513 us
[1474.296s][info][gc,stats    ] Pause Init Mark (G)                 391 us
[1474.296s][info][gc,stats    ] Pause Init Mark (N)                 137 us
[1474.296s][info][gc,stats    ]   Update Region States               51 us
[1474.296s][info][gc,stats    ] Concurrent Mark Roots              1390 us, parallelism: 1.47x
[1474.296s][info][gc,stats    ]   CMR: <total>                     2038 us
[1474.297s][info][gc,stats    ]   CMR: Thread Roots                1770 us, workers (us): 761, 1009, ---, ---, 
[1474.297s][info][gc,stats    ]   CMR: VM Strong Roots               20 us, workers (us):  19,   0, ---, ---, 
[1474.297s][info][gc,stats    ]   CMR: CLDG Roots                   249 us, workers (us): 249, ---, ---, ---, 
[1474.297s][info][gc,stats    ] Concurrent Marking               252009 us
[1474.297s][info][gc,stats    ] Pause Final Mark (G)                373 us
[1474.297s][info][gc,stats    ] Pause Final Mark (N)                344 us
[1474.297s][info][gc,stats    ]   Finish Mark                        59 us
[1474.297s][info][gc,stats    ]   Update Region States               57 us
[1474.297s][info][gc,stats    ]   Choose Collection Set             151 us
[1474.297s][info][gc,stats    ]   Rebuild Free Set                   10 us
[1474.297s][info][gc,stats    ] Concurrent Thread Roots             818 us, parallelism: 1.86x
[1474.297s][info][gc,stats    ]   CTR: <total>                     1521 us
[1474.297s][info][gc,stats    ]   CTR: Thread Roots                1521 us, workers (us): 764, 758, ---, ---, 
[1474.297s][info][gc,stats    ] Concurrent Weak References          530 us, parallelism: 0.91x
[1474.297s][info][gc,stats    ]   CWRF: <total>                     481 us
[1474.297s][info][gc,stats    ]   CWRF: Weak References             481 us, workers (us): 447,  34, ---, ---, 
[1474.297s][info][gc,stats    ] Concurrent Weak Roots              2812 us
[1474.297s][info][gc,stats    ]   Roots                            2691 us, parallelism: 1.93x
[1474.297s][info][gc,stats    ]     CWR: <total>                   5193 us
[1474.297s][info][gc,stats    ]     CWR: Code Cache Roots          3610 us, workers (us): 1762, 1848, ---, ---, 
[1474.297s][info][gc,stats    ]     CWR: VM Weak Roots             1512 us, workers (us): 754, 758, ---, ---, 
[1474.297s][info][gc,stats    ]     CWR: CLDG Roots                  71 us, workers (us):  71, ---, ---, ---, 
[1474.297s][info][gc,stats    ]   Rendezvous                         82 us
[1474.297s][info][gc,stats    ] Concurrent Cleanup                   44 us
[1474.297s][info][gc,stats    ] Concurrent Class Unloading         5026 us
[1474.297s][info][gc,stats    ]   Unlink Stale                     4877 us
[1474.297s][info][gc,stats    ]     System Dictionary                48 us
[1474.297s][info][gc,stats    ]     Weak Class Links                  0 us
[1474.297s][info][gc,stats    ]     Code Roots                     4828 us
[1474.297s][info][gc,stats    ]   Rendezvous                         67 us
[1474.297s][info][gc,stats    ]   Purge Unlinked                     41 us
[1474.297s][info][gc,stats    ]     Code Roots                       39 us
[1474.297s][info][gc,stats    ]     CLDG                              3 us
[1474.297s][info][gc,stats    ]     Exception Caches                  0 us
[1474.297s][info][gc,stats    ] Concurrent Strong Roots             284 us, parallelism: 0.72x
[1474.297s][info][gc,stats    ]   CSR: <total>                      205 us
[1474.297s][info][gc,stats    ]   CSR: VM Strong Roots               11 us, workers (us):   6,   5, ---, ---, 
[1474.297s][info][gc,stats    ]   CSR: CLDG Roots                   194 us, workers (us): ---, 194, ---, ---, 
[1474.297s][info][gc,stats    ] Concurrent Evacuation             46012 us
[1474.297s][info][gc,stats    ] Pause Init Update Refs (G)           89 us
[1474.297s][info][gc,stats    ] Pause Init Update Refs (N)           61 us
[1474.297s][info][gc,stats    ]   Manage GCLABs                       6 us
[1474.297s][info][gc,stats    ] Concurrent Update Refs           163665 us
[1474.297s][info][gc,stats    ] Concurrent Update Thread Roots     1567 us
[1474.297s][info][gc,stats    ] Pause Final Update Refs (G)         156 us
[1474.297s][info][gc,stats    ] Pause Final Update Refs (N)         132 us
[1474.297s][info][gc,stats    ]   Update Region States               47 us
[1474.297s][info][gc,stats    ]   Trash Collection Set               15 us
[1474.297s][info][gc,stats    ]   Rebuild Free Set                   11 us
[1474.297s][info][gc,stats    ] Concurrent Cleanup                  100 us
[1474.297s][info][gc,stats    ] 
[1474.297s][info][gc,stats    ] Allocation pacing accrued:
[1474.297s][info][gc,stats    ]       0 of  9149 ms (  0.0%): <total>
[1474.297s][info][gc,stats    ]       0 of  9149 ms (  0.0%): <average total>
[1474.297s][info][gc,stats    ] 
[1474.297s][info][gc,metaspace] Metaspace: 135466K(136832K)->135466K(136832K) NonClass: 114500K(115264K)->114500K(115264K) Class: 20965K(21568K)->20965K(21568K)
[1474.297s][info][gc,ergo     ] Pacer for Idle. Initial: 163M, Alloc Tax Rate: 1.0x
[1483.132s][info][gc          ] Trigger: Average GC time (542.97 ms) is above the time for average allocation rate (1231 MB/s) to deplete free headroom (666M) (margin of error = 1.98)
[1483.132s][info][gc,ergo     ] Free headroom: 1076M (free) - 409M (spike) - 0B (penalties) = 666M
[1483.132s][info][gc,ergo     ] Free: 1076M, Max: 4096K regular, 516M humongous, Frag: 52% external, 0% internal; Reserve: 412M, Max: 4096K
[1483.132s][info][gc,start    ] GC(157) Concurrent reset
[1483.132s][info][gc,task     ] GC(157) Using 2 of 4 workers for concurrent reset
[1483.132s][info][gc,ergo     ] GC(157) Pacer for Reset. Non-Taxable: 8192M
[1483.151s][info][gc          ] GC(157) Concurrent reset 19.434ms
[1483.151s][info][gc,start    ] GC(157) Pause Init Mark (unload classes)
[1483.151s][info][gc,task     ] GC(157) Using 4 of 4 workers for init marking
[1483.151s][info][gc,ergo     ] GC(157) Pacer for Mark. Expected Live: 493M, Free: 1060M, Non-Taxable: 106M, Alloc Tax Rate: 0.6x
[1483.151s][info][gc          ] GC(157) Pause Init Mark (unload classes) 0.116ms
[1483.151s][info][gc,start    ] GC(157) Concurrent marking roots
[1483.151s][info][gc,task     ] GC(157) Using 2 of 4 workers for concurrent marking roots
[1483.152s][info][gc          ] GC(157) Concurrent marking roots 1.065ms
[1483.152s][info][gc,start    ] GC(157) Concurrent marking (unload classes)
[1483.152s][info][gc,task     ] GC(157) Using 2 of 4 workers for concurrent marking
[1483.396s][info][gc          ] GC(157) Concurrent marking (unload classes) 244.008ms
[1483.396s][info][gc,start    ] GC(157) Pause Final Mark (unload classes)
[1483.396s][info][gc,task     ] GC(157) Using 4 of 4 workers for final marking
[1483.397s][info][gc,ergo     ] GC(157) Adaptive CSet Selection. Target Free: 1160M, Actual Free: 3396M, Max CSet: 341M, Min Garbage: 0B
[1483.397s][info][gc,ergo     ] GC(157) Collectable Garbage: 6168M (99%), Immediate: 2100M (33%), CSet: 4068M (65%)
[1483.397s][info][gc,ergo     ] GC(157) Pacer for Evacuation. Used CSet: 4160M, Free: 3004M, Non-Taxable: 300M, Alloc Tax Rate: 3.4x
[1483.397s][info][gc          ] GC(157) Pause Final Mark (unload classes) 0.265ms
[1483.397s][info][gc,start    ] GC(157) Concurrent thread roots
[1483.397s][info][gc,task     ] GC(157) Using 2 of 4 workers for Concurrent thread roots
[1483.398s][info][gc          ] GC(157) Concurrent thread roots 0.877ms
[1483.398s][info][gc,start    ] GC(157) Concurrent weak references
[1483.398s][info][gc,task     ] GC(157) Using 2 of 4 workers for concurrent weak references
[1483.398s][info][gc,ref      ] GC(157) Encountered references: Soft: 6122, Weak: 23545, Final: 34, Phantom: 1186
[1483.398s][info][gc,ref      ] GC(157) Discovered  references: Soft: 0, Weak: 15742, Final: 33, Phantom: 827
[1483.398s][info][gc,ref      ] GC(157) Enqueued    references: Soft: 0, Weak: 0, Final: 0, Phantom: 0
[1483.398s][info][gc          ] GC(157) Concurrent weak references 0.703ms
[1483.398s][info][gc,start    ] GC(157) Concurrent weak roots
[1483.398s][info][gc,task     ] GC(157) Using 2 of 4 workers for concurrent weak root
[1483.401s][info][gc          ] GC(157) Concurrent weak roots 2.970ms
[1483.401s][info][gc,start    ] GC(157) Concurrent cleanup
[1483.401s][info][gc          ] GC(157) Concurrent cleanup 6885M->4785M(8192M) 0.040ms
[1483.401s][info][gc,ergo     ] GC(157) Free: 2995M, Max: 4096K regular, 516M humongous, Frag: 83% external, 0% internal; Reserve: 411M, Max: 4096K
[1483.401s][info][gc,start    ] GC(157) Concurrent class unloading
[1483.401s][info][gc,task     ] GC(157) Using 2 of 4 workers for concurrent class unloading
[1483.407s][info][gc          ] GC(157) Concurrent class unloading 5.263ms
[1483.407s][info][gc,start    ] GC(157) Concurrent strong roots
[1483.407s][info][gc,task     ] GC(157) Using 2 of 4 workers for concurrent strong root
[1483.407s][info][gc          ] GC(157) Concurrent strong roots 0.283ms
[1483.407s][info][gc,start    ] GC(157) Concurrent evacuation
[1483.407s][info][gc,task     ] GC(157) Using 2 of 4 workers for concurrent evacuation
[1483.454s][info][gc          ] GC(157) Concurrent evacuation 46.762ms
[1483.454s][info][gc,start    ] GC(157) Pause Init Update Refs
[1483.454s][info][gc,ergo     ] GC(157) Pacer for Update Refs. Used: 4920M, Free: 2955M, Non-Taxable: 295M, Alloc Tax Rate: 2.0x
[1483.454s][info][gc          ] GC(157) Pause Init Update Refs 0.043ms
[1483.454s][info][gc,start    ] GC(157) Concurrent update references
[1483.454s][info][gc,task     ] GC(157) Using 2 of 4 workers for concurrent reference update
[1483.612s][info][gc          ] GC(157) Concurrent update references 157.731ms
[1483.612s][info][gc,start    ] GC(157) Concurrent update thread roots
[1483.613s][info][gc          ] GC(157) Concurrent update thread roots 1.293ms
[1483.613s][info][gc,start    ] GC(157) Pause Final Update Refs
[1483.613s][info][gc,task     ] GC(157) Using 4 of 4 workers for final reference update
[1483.613s][info][gc          ] GC(157) Pause Final Update Refs 0.088ms
[1483.613s][info][gc,start    ] GC(157) Concurrent cleanup
[1483.613s][info][gc          ] GC(157) Concurrent cleanup 5004M->844M(8192M) 0.057ms
[1483.613s][info][gc,ergo     ] Free: 6935M, Max: 4096K regular, 4868M humongous, Frag: 30% external, 0% internal; Reserve: 412M, Max: 4096K
[1483.613s][info][gc,stats    ] 
[1483.613s][info][gc,stats    ] All times are wall-clock times, except per-root-class counters, that are sum over
[1483.613s][info][gc,stats    ] all workers. Dividing the <total> over the root stage time estimates parallelism.
[1483.613s][info][gc,stats    ] 
[1483.613s][info][gc,stats    ] Concurrent Reset                  19492 us
[1483.613s][info][gc,stats    ] Pause Init Mark (G)                 211 us
[1483.613s][info][gc,stats    ] Pause Init Mark (N)                 127 us
[1483.613s][info][gc,stats    ]   Update Region States               56 us
[1483.613s][info][gc,stats    ] Concurrent Mark Roots              1086 us, parallelism: 1.60x
[1483.613s][info][gc,stats    ]   CMR: <total>                     1743 us
[1483.613s][info][gc,stats    ]   CMR: Thread Roots                1598 us, workers (us): 745, 853, ---, ---, 
[1483.613s][info][gc,stats    ]   CMR: VM Strong Roots               15 us, workers (us):  14,   0, ---, ---, 
[1483.613s][info][gc,stats    ]   CMR: CLDG Roots                   131 us, workers (us): 131, ---, ---, ---, 
[1483.613s][info][gc,stats    ] Concurrent Marking               244056 us
[1483.613s][info][gc,stats    ] Pause Final Mark (G)                331 us
[1483.613s][info][gc,stats    ] Pause Final Mark (N)                276 us
[1483.614s][info][gc,stats    ]   Finish Mark                        45 us
[1483.614s][info][gc,stats    ]   Update Region States               16 us
[1483.614s][info][gc,stats    ]   Choose Collection Set             136 us
[1483.614s][info][gc,stats    ]   Rebuild Free Set                   10 us
[1483.614s][info][gc,stats    ] Concurrent Thread Roots             897 us, parallelism: 1.83x
[1483.614s][info][gc,stats    ]   CTR: <total>                     1643 us
[1483.614s][info][gc,stats    ]   CTR: Thread Roots                1643 us, workers (us): 836, 807, ---, ---, 
[1483.614s][info][gc,stats    ] Concurrent Weak References          714 us, parallelism: 1.25x
[1483.614s][info][gc,stats    ]   CWRF: <total>                     895 us
[1483.614s][info][gc,stats    ]   CWRF: Weak References             895 us, workers (us): 273, 622, ---, ---, 
[1483.614s][info][gc,stats    ] Concurrent Weak Roots              2990 us
[1483.614s][info][gc,stats    ]   Roots                            2916 us, parallelism: 1.90x
[1483.614s][info][gc,stats    ]     CWR: <total>                   5551 us
[1483.614s][info][gc,stats    ]     CWR: Code Cache Roots          3886 us, workers (us): 2007, 1880, ---, ---, 
[1483.614s][info][gc,stats    ]     CWR: VM Weak Roots             1609 us, workers (us): 819, 789, ---, ---, 
[1483.614s][info][gc,stats    ]     CWR: CLDG Roots                  56 us, workers (us): ---,  56, ---, ---, 
[1483.614s][info][gc,stats    ]   Rendezvous                         31 us
[1483.614s][info][gc,stats    ] Concurrent Cleanup                   54 us
[1483.614s][info][gc,stats    ] Concurrent Class Unloading         5290 us
[1483.614s][info][gc,stats    ]   Unlink Stale                     5048 us
[1483.614s][info][gc,stats    ]     System Dictionary                52 us
[1483.614s][info][gc,stats    ]     Weak Class Links                  0 us
[1483.614s][info][gc,stats    ]     Code Roots                     4995 us
[1483.614s][info][gc,stats    ]   Rendezvous                         98 us
[1483.614s][info][gc,stats    ]   Purge Unlinked                     93 us
[1483.614s][info][gc,stats    ]     Code Roots                       88 us
[1483.614s][info][gc,stats    ]     CLDG                              5 us
[1483.614s][info][gc,stats    ] Concurrent Strong Roots             305 us, parallelism: 0.68x
[1483.614s][info][gc,stats    ]   CSR: <total>                      209 us
[1483.614s][info][gc,stats    ]   CSR: VM Strong Roots               11 us, workers (us):   6,   5, ---, ---, 
[1483.614s][info][gc,stats    ]   CSR: CLDG Roots                   198 us, workers (us): ---, 198, ---, ---, 
[1483.614s][info][gc,stats    ] Concurrent Evacuation             46796 us
[1483.614s][info][gc,stats    ] Pause Init Update Refs (G)          134 us
[1483.614s][info][gc,stats    ] Pause Init Update Refs (N)           55 us
[1483.614s][info][gc,stats    ]   Manage GCLABs                       6 us
[1483.614s][info][gc,stats    ] Concurrent Update Refs           157777 us
[1483.614s][info][gc,stats    ] Concurrent Update Thread Roots     1316 us
[1483.614s][info][gc,stats    ] Pause Final Update Refs (G)         156 us
[1483.614s][info][gc,stats    ] Pause Final Update Refs (N)         103 us
[1483.614s][info][gc,stats    ]   Update Region States               25 us
[1483.614s][info][gc,stats    ]   Trash Collection Set               13 us
[1483.614s][info][gc,stats    ]   Rebuild Free Set                   11 us
[1483.614s][info][gc,stats    ] Concurrent Cleanup                   70 us
[1483.614s][info][gc,stats    ] 
[1483.614s][info][gc,stats    ] Allocation pacing accrued:
[1483.614s][info][gc,stats    ]       0 of  9317 ms (  0.0%): <total>
[1483.614s][info][gc,stats    ]       0 of  9317 ms (  0.0%): <average total>
[1483.614s][info][gc,stats    ] 
[1483.614s][info][gc,metaspace] Metaspace: 135466K(136832K)->135466K(136832K) NonClass: 114500K(115264K)->114500K(115264K) Class: 20965K(21568K)->20965K(21568K)
[1483.614s][info][gc,ergo     ] Pacer for Idle. Initial: 163M, Alloc Tax Rate: 1.0x
[1492.770s][info][gc          ] Trigger: Average GC time (526.10 ms) is above the time for average allocation rate (1119 MB/s) to deplete free headroom (530M) (margin of error = 1.98)
[1492.770s][info][gc,ergo     ] Free headroom: 940M (free) - 409M (spike) - 0B (penalties) = 530M
[1492.770s][info][gc,ergo     ] Free: 940M, Max: 4096K regular, 520M humongous, Frag: 44% external, 0% internal; Reserve: 412M, Max: 4096K
[1492.770s][info][gc,start    ] GC(158) Concurrent reset
[1492.770s][info][gc,task     ] GC(158) Using 2 of 4 workers for concurrent reset
[1492.770s][info][gc,ergo     ] GC(158) Pacer for Reset. Non-Taxable: 8192M
[1492.781s][info][gc          ] GC(158) Concurrent reset 11.564ms
[1492.781s][info][gc,start    ] GC(158) Pause Init Mark (unload classes)
[1492.781s][info][gc,task     ] GC(158) Using 4 of 4 workers for init marking
[1492.781s][info][gc,ergo     ] GC(158) Pacer for Mark. Expected Live: 502M, Free: 932M, Non-Taxable: 95437K, Alloc Tax Rate: 0.7x
[1492.781s][info][gc          ] GC(158) Pause Init Mark (unload classes) 0.106ms
[1492.782s][info][gc,start    ] GC(158) Concurrent marking roots
[1492.782s][info][gc,task     ] GC(158) Using 2 of 4 workers for concurrent marking roots
[1492.783s][info][gc          ] GC(158) Concurrent marking roots 0.992ms
[1492.783s][info][gc,start    ] GC(158) Concurrent marking (unload classes)
[1492.783s][info][gc,task     ] GC(158) Using 2 of 4 workers for concurrent marking
[1493.020s][info][gc          ] GC(158) Concurrent marking (unload classes) 237.789ms
[1493.020s][info][gc,start    ] GC(158) Pause Final Mark (unload classes)
[1493.020s][info][gc,task     ] GC(158) Using 4 of 4 workers for final marking
[1493.021s][info][gc,ergo     ] GC(158) Adaptive CSet Selection. Target Free: 1160M, Actual Free: 2476M, Max CSet: 341M, Min Garbage: 0B
[1493.021s][info][gc,ergo     ] GC(158) Collectable Garbage: 6314M (99%), Immediate: 1384M (21%), CSet: 4930M (77%)
[1493.021s][info][gc,ergo     ] GC(158) Pacer for Evacuation. Used CSet: 5008M, Free: 2088M, Non-Taxable: 208M, Alloc Tax Rate: 5.9x
[1493.021s][info][gc          ] GC(158) Pause Final Mark (unload classes) 0.301ms
[1493.021s][info][gc,start    ] GC(158) Concurrent thread roots
[1493.021s][info][gc,task     ] GC(158) Using 2 of 4 workers for Concurrent thread roots
[1493.022s][info][gc          ] GC(158) Concurrent thread roots 0.823ms
[1493.022s][info][gc,start    ] GC(158) Concurrent weak references
[1493.022s][info][gc,task     ] GC(158) Using 2 of 4 workers for concurrent weak references
[1493.022s][info][gc,ref      ] GC(158) Encountered references: Soft: 6122, Weak: 23547, Final: 34, Phantom: 1189
[1493.022s][info][gc,ref      ] GC(158) Discovered  references: Soft: 0, Weak: 10064, Final: 0, Phantom: 834
[1493.022s][info][gc,ref      ] GC(158) Enqueued    references: Soft: 0, Weak: 2, Final: 0, Phantom: 0
[1493.022s][info][gc          ] GC(158) Concurrent weak references 0.377ms
[1493.022s][info][gc,start    ] GC(158) Concurrent weak roots
[1493.022s][info][gc,task     ] GC(158) Using 2 of 4 workers for concurrent weak root
[1493.025s][info][gc          ] GC(158) Concurrent weak roots 2.763ms
[1493.025s][info][gc,start    ] GC(158) Concurrent cleanup
[1493.025s][info][gc          ] GC(158) Concurrent cleanup 7085M->5701M(8192M) 0.032ms
[1493.025s][info][gc,ergo     ] GC(158) Free: 2079M, Max: 4096K regular, 520M humongous, Frag: 75% external, 0% internal; Reserve: 411M, Max: 4096K
[1493.025s][info][gc,start    ] GC(158) Concurrent class unloading
[1493.025s][info][gc,task     ] GC(158) Using 2 of 4 workers for concurrent class unloading
[1493.030s][info][gc          ] GC(158) Concurrent class unloading 5.449ms
[1493.030s][info][gc,start    ] GC(158) Concurrent strong roots
[1493.030s][info][gc,task     ] GC(158) Using 2 of 4 workers for concurrent strong root
[1493.031s][info][gc          ] GC(158) Concurrent strong roots 0.307ms
[1493.031s][info][gc,start    ] GC(158) Concurrent evacuation
[1493.031s][info][gc,task     ] GC(158) Using 2 of 4 workers for concurrent evacuation
[1493.069s][info][gc          ] GC(158) Concurrent evacuation 38.478ms
[1493.069s][info][gc,start    ] GC(158) Pause Init Update Refs
[1493.069s][info][gc,ergo     ] GC(158) Pacer for Update Refs. Used: 5804M, Free: 2059M, Non-Taxable: 205M, Alloc Tax Rate: 3.4x
[1493.069s][info][gc          ] GC(158) Pause Init Update Refs 0.046ms
[1493.069s][info][gc,start    ] GC(158) Concurrent update references
[1493.069s][info][gc,task     ] GC(158) Using 2 of 4 workers for concurrent reference update
[1493.218s][info][gc          ] GC(158) Concurrent update references 149.138ms
[1493.218s][info][gc,start    ] GC(158) Concurrent update thread roots
[1493.220s][info][gc          ] GC(158) Concurrent update thread roots 1.402ms
[1493.220s][info][gc,start    ] GC(158) Pause Final Update Refs
[1493.220s][info][gc,task     ] GC(158) Using 4 of 4 workers for final reference update
[1493.220s][info][gc          ] GC(158) Pause Final Update Refs 0.113ms
[1493.220s][info][gc,start    ] GC(158) Concurrent cleanup
[1493.220s][info][gc          ] GC(158) Concurrent cleanup 5900M->892M(8192M) 0.062ms
[1493.220s][info][gc,ergo     ] Free: 6887M, Max: 4096K regular, 5792M humongous, Frag: 16% external, 0% internal; Reserve: 412M, Max: 4096K
[1493.220s][info][gc,stats    ] 
[1493.220s][info][gc,stats    ] All times are wall-clock times, except per-root-class counters, that are sum over
[1493.220s][info][gc,stats    ] all workers. Dividing the <total> over the root stage time estimates parallelism.
[1493.220s][info][gc,stats    ] 
[1493.220s][info][gc,stats    ] Concurrent Reset                  11642 us
[1493.220s][info][gc,stats    ] Pause Init Mark (G)                 202 us
[1493.220s][info][gc,stats    ] Pause Init Mark (N)                 117 us
[1493.220s][info][gc,stats    ]   Update Region States               40 us
[1493.220s][info][gc,stats    ] Concurrent Mark Roots              1013 us, parallelism: 1.55x
[1493.220s][info][gc,stats    ]   CMR: <total>                     1574 us
[1493.220s][info][gc,stats    ]   CMR: Thread Roots                1442 us, workers (us): 672, 770, ---, ---, 
[1493.220s][info][gc,stats    ]   CMR: VM Strong Roots               14 us, workers (us):  14,   0, ---, ---, 
[1493.220s][info][gc,stats    ]   CMR: CLDG Roots                   117 us, workers (us): 117, ---, ---, ---, 
[1493.220s][info][gc,stats    ] Concurrent Marking               237833 us
[1493.220s][info][gc,stats    ] Pause Final Mark (G)                341 us
[1493.220s][info][gc,stats    ] Pause Final Mark (N)                313 us
[1493.220s][info][gc,stats    ]   Finish Mark                        46 us
[1493.220s][info][gc,stats    ]   Update Region States               14 us
[1493.220s][info][gc,stats    ]   Choose Collection Set             174 us
[1493.220s][info][gc,stats    ]   Rebuild Free Set                   10 us
[1493.220s][info][gc,stats    ] Concurrent Thread Roots             838 us, parallelism: 1.88x
[1493.220s][info][gc,stats    ]   CTR: <total>                     1572 us
[1493.220s][info][gc,stats    ]   CTR: Thread Roots                1572 us, workers (us): 784, 788, ---, ---, 
[1493.220s][info][gc,stats    ] Concurrent Weak References          389 us, parallelism: 1.01x
[1493.220s][info][gc,stats    ]   CWRF: <total>                     393 us
[1493.220s][info][gc,stats    ]   CWRF: Weak References             393 us, workers (us): 118, 274, ---, ---, 
[1493.220s][info][gc,stats    ] Concurrent Weak Roots              2782 us
[1493.220s][info][gc,stats    ]   Roots                            2713 us, parallelism: 1.93x
[1493.220s][info][gc,stats    ]     CWR: <total>                   5236 us
[1493.220s][info][gc,stats    ]     CWR: Code Cache Roots          3631 us, workers (us): 1878, 1753, ---, ---, 
[1493.220s][info][gc,stats    ]     CWR: VM Weak Roots             1510 us, workers (us): 755, 755, ---, ---, 
[1493.220s][info][gc,stats    ]     CWR: CLDG Roots                  95 us, workers (us): ---,  95, ---, ---, 
[1493.220s][info][gc,stats    ]   Rendezvous                         28 us
[1493.220s][info][gc,stats    ] Concurrent Cleanup                   45 us
[1493.220s][info][gc,stats    ] Concurrent Class Unloading         5478 us
[1493.220s][info][gc,stats    ]   Unlink Stale                     5297 us
[1493.220s][info][gc,stats    ]     System Dictionary                53 us
[1493.220s][info][gc,stats    ]     Weak Class Links                  0 us
[1493.220s][info][gc,stats    ]     Code Roots                     5242 us
[1493.220s][info][gc,stats    ]   Rendezvous                         81 us
[1493.220s][info][gc,stats    ]   Purge Unlinked                     47 us
[1493.220s][info][gc,stats    ]     Code Roots                       45 us
[1493.220s][info][gc,stats    ]     CLDG                              2 us
[1493.221s][info][gc,stats    ]     Exception Caches                  0 us
[1493.221s][info][gc,stats    ] Concurrent Strong Roots             324 us, parallelism: 0.66x
[1493.221s][info][gc,stats    ]   CSR: <total>                      213 us
[1493.221s][info][gc,stats    ]   CSR: VM Strong Roots               11 us, workers (us):  11,   0, ---, ---, 
[1493.221s][info][gc,stats    ]   CSR: CLDG Roots                   202 us, workers (us): 202, ---, ---, ---, 
[1493.221s][info][gc,stats    ] Concurrent Evacuation             38520 us
[1493.221s][info][gc,stats    ] Pause Init Update Refs (G)           85 us
[1493.221s][info][gc,stats    ] Pause Init Update Refs (N)           57 us
[1493.221s][info][gc,stats    ]   Manage GCLABs                       6 us
[1493.221s][info][gc,stats    ] Concurrent Update Refs           149178 us
[1493.221s][info][gc,stats    ] Concurrent Update Thread Roots     1426 us
[1493.221s][info][gc,stats    ] Pause Final Update Refs (G)         148 us
[1493.221s][info][gc,stats    ] Pause Final Update Refs (N)         127 us
[1493.221s][info][gc,stats    ]   Update Region States               49 us
[1493.221s][info][gc,stats    ]   Trash Collection Set               15 us
[1493.221s][info][gc,stats    ]   Rebuild Free Set                   11 us
[1493.221s][info][gc,stats    ] Concurrent Cleanup                   76 us
[1493.221s][info][gc,stats    ] 
[1493.221s][info][gc,stats    ] Allocation pacing accrued:
[1493.221s][info][gc,stats    ]       0 of  9607 ms (  0.0%): <total>
[1493.221s][info][gc,stats    ]       0 of  9607 ms (  0.0%): <average total>
[1493.221s][info][gc,stats    ] 
[1493.221s][info][gc,metaspace] Metaspace: 135466K(136832K)->135466K(136832K) NonClass: 114500K(115264K)->114500K(115264K) Class: 20965K(21568K)->20965K(21568K)
[1493.221s][info][gc,ergo     ] Pacer for Idle. Initial: 163M, Alloc Tax Rate: 1.0x
[1501.360s][info][gc          ] Trigger: Free (815M) is below minimum threshold (819M)
[1501.360s][info][gc,ergo     ] Free: 815M, Max: 4096K regular, 532M humongous, Frag: 33% external, 1% internal; Reserve: 412M, Max: 4096K
[1501.360s][info][gc,start    ] GC(159) Concurrent reset
[1501.360s][info][gc,task     ] GC(159) Using 2 of 4 workers for concurrent reset
[1501.360s][info][gc,ergo     ] GC(159) Pacer for Reset. Non-Taxable: 8192M
[1501.378s][info][gc          ] GC(159) Concurrent reset 18.362ms
[1501.379s][info][gc,start    ] GC(159) Pause Init Mark (unload classes)
[1501.379s][info][gc,task     ] GC(159) Using 4 of 4 workers for init marking
[1501.379s][info][gc,ergo     ] GC(159) Pacer for Mark. Expected Live: 501M, Free: 795M, Non-Taxable: 81475K, Alloc Tax Rate: 0.8x
[1501.379s][info][gc          ] GC(159) Pause Init Mark (unload classes) 0.144ms
[1501.379s][info][gc,start    ] GC(159) Concurrent marking roots
[1501.379s][info][gc,task     ] GC(159) Using 2 of 4 workers for concurrent marking roots
[1501.380s][info][gc          ] GC(159) Concurrent marking roots 1.113ms
[1501.380s][info][gc,start    ] GC(159) Concurrent marking (unload classes)
[1501.380s][info][gc,task     ] GC(159) Using 2 of 4 workers for concurrent marking
[1501.637s][info][gc          ] GC(159) Concurrent marking (unload classes) 257.441ms
[1501.637s][info][gc,start    ] GC(159) Pause Final Mark (unload classes)
[1501.637s][info][gc,task     ] GC(159) Using 4 of 4 workers for final marking
[1501.638s][info][gc,ergo     ] GC(159) Adaptive CSet Selection. Target Free: 1160M, Actual Free: 2719M, Max CSet: 341M, Min Garbage: 0B
[1501.638s][info][gc,ergo     ] GC(159) Collectable Garbage: 6436M (99%), Immediate: 1831M (28%), CSet: 4604M (71%)
[1501.638s][info][gc,ergo     ] GC(159) Pacer for Evacuation. Used CSet: 4695M, Free: 2317M, Non-Taxable: 231M, Alloc Tax Rate: 5.0x
[1501.638s][info][gc          ] GC(159) Pause Final Mark (unload classes) 0.309ms
[1501.638s][info][gc,start    ] GC(159) Concurrent thread roots
[1501.638s][info][gc,task     ] GC(159) Using 2 of 4 workers for Concurrent thread roots
[1501.639s][info][gc          ] GC(159) Concurrent thread roots 0.918ms
[1501.639s][info][gc,start    ] GC(159) Concurrent weak references
[1501.639s][info][gc,task     ] GC(159) Using 2 of 4 workers for concurrent weak references
[1501.639s][info][gc,ref      ] GC(159) Encountered references: Soft: 6122, Weak: 23548, Final: 34, Phantom: 1192
[1501.639s][info][gc,ref      ] GC(159) Discovered  references: Soft: 0, Weak: 14681, Final: 33, Phantom: 831
[1501.639s][info][gc,ref      ] GC(159) Enqueued    references: Soft: 0, Weak: 2, Final: 0, Phantom: 0
[1501.639s][info][gc          ] GC(159) Concurrent weak references 0.505ms
[1501.639s][info][gc,start    ] GC(159) Concurrent weak roots
[1501.639s][info][gc,task     ] GC(159) Using 2 of 4 workers for concurrent weak root
[1501.642s][info][gc          ] GC(159) Concurrent weak roots 2.760ms
[1501.642s][info][gc,start    ] GC(159) Concurrent cleanup
[1501.642s][info][gc          ] GC(159) Concurrent cleanup 7302M->5470M(8192M) 0.037ms
[1501.642s][info][gc,ergo     ] GC(159) Free: 2309M, Max: 4096K regular, 464M humongous, Frag: 80% external, 0% internal; Reserve: 411M, Max: 4096K
[1501.642s][info][gc,start    ] GC(159) Concurrent class unloading
[1501.642s][info][gc,task     ] GC(159) Using 2 of 4 workers for concurrent class unloading
[1501.647s][info][gc          ] GC(159) Concurrent class unloading 5.050ms
[1501.647s][info][gc,start    ] GC(159) Concurrent strong roots
[1501.647s][info][gc,task     ] GC(159) Using 2 of 4 workers for concurrent strong root
[1501.647s][info][gc          ] GC(159) Concurrent strong roots 0.282ms
[1501.647s][info][gc,start    ] GC(159) Concurrent evacuation
[1501.647s][info][gc,task     ] GC(159) Using 2 of 4 workers for concurrent evacuation
[1501.694s][info][gc          ] GC(159) Concurrent evacuation 46.853ms
[1501.694s][info][gc,start    ] GC(159) Pause Init Update Refs
[1501.694s][info][gc,ergo     ] GC(159) Pacer for Update Refs. Used: 5598M, Free: 2277M, Non-Taxable: 227M, Alloc Tax Rate: 3.0x
[1501.694s][info][gc          ] GC(159) Pause Init Update Refs 0.044ms
[1501.694s][info][gc,start    ] GC(159) Concurrent update references
[1501.694s][info][gc,task     ] GC(159) Using 2 of 4 workers for concurrent reference update
[1501.856s][info][gc          ] GC(159) Concurrent update references 161.730ms
[1501.856s][info][gc,start    ] GC(159) Concurrent update thread roots
[1501.858s][info][gc          ] GC(159) Concurrent update thread roots 1.404ms
[1501.858s][info][gc,start    ] GC(159) Pause Final Update Refs
[1501.858s][info][gc,task     ] GC(159) Using 4 of 4 workers for final reference update
[1501.858s][info][gc          ] GC(159) Pause Final Update Refs 0.097ms
[1501.858s][info][gc,start    ] GC(159) Concurrent cleanup
[1501.858s][info][gc          ] GC(159) Concurrent cleanup 5678M->982M(8192M) 0.065ms
[1501.858s][info][gc,ergo     ] Free: 6797M, Max: 4096K regular, 5704M humongous, Frag: 16% external, 0% internal; Reserve: 412M, Max: 4096K
[1501.858s][info][gc,stats    ] 
[1501.858s][info][gc,stats    ] All times are wall-clock times, except per-root-class counters, that are sum over
[1501.858s][info][gc,stats    ] all workers. Dividing the <total> over the root stage time estimates parallelism.
[1501.858s][info][gc,stats    ] 
[1501.858s][info][gc,stats    ] Concurrent Reset                  18424 us
[1501.858s][info][gc,stats    ] Pause Init Mark (G)                 215 us
[1501.858s][info][gc,stats    ] Pause Init Mark (N)                 156 us
[1501.858s][info][gc,stats    ]   Update Region States               75 us
[1501.858s][info][gc,stats    ] Concurrent Mark Roots              1139 us, parallelism: 1.59x
[1501.858s][info][gc,stats    ]   CMR: <total>                     1814 us
[1501.858s][info][gc,stats    ]   CMR: Thread Roots                1664 us, workers (us): 766, 898, ---, ---, 
[1501.858s][info][gc,stats    ]   CMR: VM Strong Roots               14 us, workers (us):  14,   0, ---, ---, 
[1501.858s][info][gc,stats    ]   CMR: CLDG Roots                   136 us, workers (us): 136, ---, ---, ---, 
[1501.858s][info][gc,stats    ] Concurrent Marking               257472 us
[1501.858s][info][gc,stats    ] Pause Final Mark (G)                410 us
[1501.858s][info][gc,stats    ] Pause Final Mark (N)                320 us
[1501.858s][info][gc,stats    ]   Finish Mark                        43 us
[1501.858s][info][gc,stats    ]   Update Region States               55 us
[1501.858s][info][gc,stats    ]   Choose Collection Set             146 us
[1501.858s][info][gc,stats    ]   Rebuild Free Set                   10 us
[1501.858s][info][gc,stats    ] Concurrent Thread Roots             942 us, parallelism: 1.82x
[1501.858s][info][gc,stats    ]   CTR: <total>                     1717 us
[1501.858s][info][gc,stats    ]   CTR: Thread Roots                1717 us, workers (us): 874, 843, ---, ---, 
[1501.858s][info][gc,stats    ] Concurrent Weak References          517 us, parallelism: 1.26x
[1501.858s][info][gc,stats    ]   CWRF: <total>                     654 us
[1501.858s][info][gc,stats    ]   CWRF: Weak References             654 us, workers (us): 225, 429, ---, ---, 
[1501.858s][info][gc,stats    ] Concurrent Weak Roots              2783 us
[1501.858s][info][gc,stats    ]   Roots                            2653 us, parallelism: 1.93x
[1501.858s][info][gc,stats    ]     CWR: <total>                   5114 us
[1501.858s][info][gc,stats    ]     CWR: Code Cache Roots          3561 us, workers (us): 1828, 1733, ---, ---, 
[1501.858s][info][gc,stats    ]     CWR: VM Weak Roots             1488 us, workers (us): 745, 743, ---, ---, 
[1501.858s][info][gc,stats    ]     CWR: CLDG Roots                  65 us, workers (us): ---,  65, ---, ---, 
[1501.858s][info][gc,stats    ]   Rendezvous                         85 us
[1501.858s][info][gc,stats    ] Concurrent Cleanup                   50 us
[1501.858s][info][gc,stats    ] Concurrent Class Unloading         5074 us
[1501.858s][info][gc,stats    ]   Unlink Stale                     4921 us
[1501.858s][info][gc,stats    ]     System Dictionary                59 us
[1501.858s][info][gc,stats    ]     Weak Class Links                  0 us
[1501.858s][info][gc,stats    ]     Code Roots                     4860 us
[1501.858s][info][gc,stats    ]   Rendezvous                         41 us
[1501.858s][info][gc,stats    ]   Purge Unlinked                     65 us
[1501.858s][info][gc,stats    ]     Code Roots                       62 us
[1501.858s][info][gc,stats    ]     CLDG                              3 us
[1501.858s][info][gc,stats    ]     Exception Caches                  0 us
[1501.858s][info][gc,stats    ] Concurrent Strong Roots             295 us, parallelism: 0.70x
[1501.858s][info][gc,stats    ]   CSR: <total>                      207 us
[1501.858s][info][gc,stats    ]   CSR: VM Strong Roots               10 us, workers (us):  10,   0, ---, ---, 
[1501.858s][info][gc,stats    ]   CSR: CLDG Roots                   197 us, workers (us): 197, ---, ---, ---, 
[1501.858s][info][gc,stats    ] Concurrent Evacuation             46887 us
[1501.858s][info][gc,stats    ] Pause Init Update Refs (G)          105 us
[1501.858s][info][gc,stats    ] Pause Init Update Refs (N)           55 us
[1501.858s][info][gc,stats    ]   Manage GCLABs                       6 us
[1501.858s][info][gc,stats    ] Concurrent Update Refs           161775 us
[1501.858s][info][gc,stats    ] Concurrent Update Thread Roots     1417 us
[1501.858s][info][gc,stats    ] Pause Final Update Refs (G)         146 us
[1501.858s][info][gc,stats    ] Pause Final Update Refs (N)         118 us
[1501.858s][info][gc,stats    ]   Update Region States               36 us
[1501.858s][info][gc,stats    ]   Trash Collection Set               11 us
[1501.858s][info][gc,stats    ]   Rebuild Free Set                   10 us
[1501.858s][info][gc,stats    ] Concurrent Cleanup                   78 us
[1501.858s][info][gc,stats    ] 
[1501.858s][info][gc,stats    ] Allocation pacing accrued:
[1501.858s][info][gc,stats    ]       0 of  8638 ms (  0.0%): <total>
[1501.858s][info][gc,stats    ]       0 of  8638 ms (  0.0%): <average total>
[1501.858s][info][gc,stats    ] 
[1501.859s][info][gc,metaspace] Metaspace: 135466K(136832K)->135466K(136832K) NonClass: 114500K(115264K)->114500K(115264K) Class: 20965K(21568K)->20965K(21568K)
[1501.859s][info][gc,ergo     ] Pacer for Idle. Initial: 163M, Alloc Tax Rate: 1.0x
[1511.014s][info][gc          ] Trigger: Free (817M) is below minimum threshold (819M)
[1511.014s][info][gc,ergo     ] Free: 817M, Max: 4096K regular, 452M humongous, Frag: 44% external, 0% internal; Reserve: 412M, Max: 4096K
[1511.014s][info][gc,start    ] GC(160) Concurrent reset
[1511.014s][info][gc,task     ] GC(160) Using 2 of 4 workers for concurrent reset
[1511.014s][info][gc,ergo     ] GC(160) Pacer for Reset. Non-Taxable: 8192M
[1511.029s][info][gc          ] GC(160) Concurrent reset 14.767ms
[1511.029s][info][gc,start    ] GC(160) Pause Init Mark (unload classes)
[1511.029s][info][gc,task     ] GC(160) Using 4 of 4 workers for init marking
[1511.029s][info][gc,ergo     ] GC(160) Pacer for Mark. Expected Live: 497M, Free: 809M, Non-Taxable: 82885K, Alloc Tax Rate: 0.8x
[1511.029s][info][gc          ] GC(160) Pause Init Mark (unload classes) 0.121ms
[1511.029s][info][gc,start    ] GC(160) Concurrent marking roots
[1511.029s][info][gc,task     ] GC(160) Using 2 of 4 workers for concurrent marking roots
[1511.030s][info][gc          ] GC(160) Concurrent marking roots 1.210ms
[1511.030s][info][gc,start    ] GC(160) Concurrent marking (unload classes)
[1511.030s][info][gc,task     ] GC(160) Using 2 of 4 workers for concurrent marking
[1511.265s][info][gc          ] GC(160) Concurrent marking (unload classes) 234.669ms
[1511.265s][info][gc,start    ] GC(160) Pause Final Mark (unload classes)
[1511.265s][info][gc,task     ] GC(160) Using 4 of 4 workers for final marking
[1511.265s][info][gc,ergo     ] GC(160) Adaptive CSet Selection. Target Free: 1160M, Actual Free: 3076M, Max CSet: 341M, Min Garbage: 0B
[1511.265s][info][gc,ergo     ] GC(160) Collectable Garbage: 6456M (99%), Immediate: 2004M (30%), CSet: 4452M (68%)
[1511.265s][info][gc,ergo     ] GC(160) Pacer for Evacuation. Used CSet: 4512M, Free: 2677M, Non-Taxable: 267M, Alloc Tax Rate: 4.1x
[1511.265s][info][gc          ] GC(160) Pause Final Mark (unload classes) 0.239ms
[1511.265s][info][gc,start    ] GC(160) Concurrent thread roots
[1511.265s][info][gc,task     ] GC(160) Using 2 of 4 workers for Concurrent thread roots
[1511.266s][info][gc          ] GC(160) Concurrent thread roots 0.778ms
[1511.266s][info][gc,start    ] GC(160) Concurrent weak references
[1511.266s][info][gc,task     ] GC(160) Using 2 of 4 workers for concurrent weak references
[1511.266s][info][gc,ref      ] GC(160) Encountered references: Soft: 6122, Weak: 23551, Final: 34, Phantom: 1195
[1511.266s][info][gc,ref      ] GC(160) Discovered  references: Soft: 0, Weak: 1131, Final: 0, Phantom: 832
[1511.266s][info][gc,ref      ] GC(160) Enqueued    references: Soft: 0, Weak: 3, Final: 0, Phantom: 0
[1511.266s][info][gc          ] GC(160) Concurrent weak references 0.154ms
[1511.266s][info][gc,start    ] GC(160) Concurrent weak roots
[1511.266s][info][gc,task     ] GC(160) Using 2 of 4 workers for concurrent weak root
[1511.269s][info][gc          ] GC(160) Concurrent weak roots 2.773ms
[1511.269s][info][gc,start    ] GC(160) Concurrent cleanup
[1511.269s][info][gc          ] GC(160) Concurrent cleanup 7115M->5111M(8192M) 0.037ms
[1511.269s][info][gc,ergo     ] GC(160) Free: 2669M, Max: 4096K regular, 520M humongous, Frag: 81% external, 0% internal; Reserve: 411M, Max: 4096K
[1511.269s][info][gc,start    ] GC(160) Concurrent class unloading
[1511.269s][info][gc,task     ] GC(160) Using 2 of 4 workers for concurrent class unloading
[1511.274s][info][gc          ] GC(160) Concurrent class unloading 5.368ms
[1511.274s][info][gc,start    ] GC(160) Concurrent strong roots
[1511.274s][info][gc,task     ] GC(160) Using 2 of 4 workers for concurrent strong root
[1511.275s][info][gc          ] GC(160) Concurrent strong roots 0.322ms
[1511.275s][info][gc,start    ] GC(160) Concurrent evacuation
[1511.275s][info][gc,task     ] GC(160) Using 2 of 4 workers for concurrent evacuation
[1511.309s][info][gc          ] GC(160) Concurrent evacuation 33.993ms
[1511.309s][info][gc,start    ] GC(160) Pause Init Update Refs
[1511.309s][info][gc,ergo     ] GC(160) Pacer for Update Refs. Used: 5202M, Free: 2641M, Non-Taxable: 264M, Alloc Tax Rate: 2.4x
[1511.309s][info][gc          ] GC(160) Pause Init Update Refs 0.047ms
[1511.309s][info][gc,start    ] GC(160) Concurrent update references
[1511.309s][info][gc,task     ] GC(160) Using 2 of 4 workers for concurrent reference update
[1511.455s][info][gc          ] GC(160) Concurrent update references 145.990ms
[1511.455s][info][gc,start    ] GC(160) Concurrent update thread roots
[1511.456s][info][gc          ] GC(160) Concurrent update thread roots 1.394ms
[1511.456s][info][gc,start    ] GC(160) Pause Final Update Refs
[1511.456s][info][gc,task     ] GC(160) Using 4 of 4 workers for final reference update
[1511.456s][info][gc          ] GC(160) Pause Final Update Refs 0.090ms
[1511.456s][info][gc,start    ] GC(160) Concurrent cleanup
[1511.456s][info][gc          ] GC(160) Concurrent cleanup 5302M->790M(8192M) 0.056ms
[1511.456s][info][gc,ergo     ] Free: 6989M, Max: 4096K regular, 5596M humongous, Frag: 20% external, 0% internal; Reserve: 412M, Max: 4096K
[1511.456s][info][gc,stats    ] 
[1511.456s][info][gc,stats    ] All times are wall-clock times, except per-root-class counters, that are sum over
[1511.456s][info][gc,stats    ] all workers. Dividing the <total> over the root stage time estimates parallelism.
[1511.456s][info][gc,stats    ] 
[1511.456s][info][gc,stats    ] Concurrent Reset                  14830 us
[1511.457s][info][gc,stats    ] Pause Init Mark (G)                 255 us
[1511.457s][info][gc,stats    ] Pause Init Mark (N)                 133 us
[1511.457s][info][gc,stats    ]   Update Region States               51 us
[1511.457s][info][gc,stats    ] Concurrent Mark Roots              1232 us, parallelism: 1.59x
[1511.457s][info][gc,stats    ]   CMR: <total>                     1962 us
[1511.457s][info][gc,stats    ]   CMR: Thread Roots                1822 us, workers (us): 854, 968, ---, ---, 
[1511.457s][info][gc,stats    ]   CMR: VM Strong Roots               16 us, workers (us):  16,   0, ---, ---, 
[1511.457s][info][gc,stats    ]   CMR: CLDG Roots                   124 us, workers (us): 124, ---, ---, ---, 
[1511.457s][info][gc,stats    ] Concurrent Marking               234716 us
[1511.457s][info][gc,stats    ] Pause Final Mark (G)                278 us
[1511.457s][info][gc,stats    ] Pause Final Mark (N)                250 us
[1511.457s][info][gc,stats    ]   Finish Mark                        21 us
[1511.457s][info][gc,stats    ]   Update Region States               15 us
[1511.457s][info][gc,stats    ]   Choose Collection Set             135 us
[1511.457s][info][gc,stats    ]   Rebuild Free Set                   10 us
[1511.457s][info][gc,stats    ] Concurrent Thread Roots             801 us, parallelism: 1.84x
[1511.457s][info][gc,stats    ]   CTR: <total>                     1475 us
[1511.457s][info][gc,stats    ]   CTR: Thread Roots                1475 us, workers (us): 738, 737, ---, ---, 
[1511.457s][info][gc,stats    ] Concurrent Weak References          166 us, parallelism: 0.70x
[1511.457s][info][gc,stats    ]   CWRF: <total>                     116 us
[1511.457s][info][gc,stats    ]   CWRF: Weak References             116 us, workers (us):  88,  28, ---, ---, 
[1511.457s][info][gc,stats    ] Concurrent Weak Roots              2789 us
[1511.457s][info][gc,stats    ]   Roots                            2682 us, parallelism: 1.92x
[1511.457s][info][gc,stats    ]     CWR: <total>                   5161 us
[1511.457s][info][gc,stats    ]     CWR: Code Cache Roots          3613 us, workers (us): 1758, 1855, ---, ---, 
[1511.457s][info][gc,stats    ]     CWR: VM Weak Roots             1490 us, workers (us): 745, 746, ---, ---, 
[1511.457s][info][gc,stats    ]     CWR: CLDG Roots                  58 us, workers (us):  58, ---, ---, ---, 
[1511.457s][info][gc,stats    ]   Rendezvous                         26 us
[1511.457s][info][gc,stats    ] Concurrent Cleanup                   49 us
[1511.457s][info][gc,stats    ] Concurrent Class Unloading         5397 us
[1511.457s][info][gc,stats    ]   Unlink Stale                     5139 us
[1511.457s][info][gc,stats    ]     System Dictionary                52 us
[1511.457s][info][gc,stats    ]     Weak Class Links                  0 us
[1511.457s][info][gc,stats    ]     Code Roots                     5086 us
[1511.457s][info][gc,stats    ]   Rendezvous                         65 us
[1511.457s][info][gc,stats    ]   Purge Unlinked                    142 us
[1511.457s][info][gc,stats    ]     Code Roots                      139 us
[1511.457s][info][gc,stats    ]     CLDG                              3 us
[1511.457s][info][gc,stats    ]     Exception Caches                  0 us
[1511.457s][info][gc,stats    ] Concurrent Strong Roots             335 us, parallelism: 0.72x
[1511.457s][info][gc,stats    ]   CSR: <total>                      242 us
[1511.457s][info][gc,stats    ]   CSR: VM Strong Roots               11 us, workers (us):   6,   5, ---, ---, 
[1511.457s][info][gc,stats    ]   CSR: CLDG Roots                   231 us, workers (us): ---, 231, ---, ---, 
[1511.457s][info][gc,stats    ] Concurrent Evacuation             34032 us
[1511.457s][info][gc,stats    ] Pause Init Update Refs (G)           77 us
[1511.457s][info][gc,stats    ] Pause Init Update Refs (N)           58 us
[1511.457s][info][gc,stats    ]   Manage GCLABs                       6 us
[1511.457s][info][gc,stats    ] Concurrent Update Refs           146032 us
[1511.457s][info][gc,stats    ] Concurrent Update Thread Roots     1407 us
[1511.457s][info][gc,stats    ] Pause Final Update Refs (G)         133 us
[1511.457s][info][gc,stats    ] Pause Final Update Refs (N)         104 us
[1511.457s][info][gc,stats    ]   Update Region States               27 us
[1511.457s][info][gc,stats    ]   Trash Collection Set               13 us
[1511.457s][info][gc,stats    ]   Rebuild Free Set                   11 us
[1511.457s][info][gc,stats    ] Concurrent Cleanup                   69 us
[1511.457s][info][gc,stats    ] 
[1511.457s][info][gc,stats    ] Allocation pacing accrued:
[1511.457s][info][gc,stats    ]       0 of  9599 ms (  0.0%): <total>
[1511.457s][info][gc,stats    ]       0 of  9599 ms (  0.0%): <average total>
[1511.457s][info][gc,stats    ] 
[1511.457s][info][gc,metaspace] Metaspace: 135468K(136832K)->135468K(136832K) NonClass: 114502K(115264K)->114502K(115264K) Class: 20965K(21568K)->20965K(21568K)
[1511.457s][info][gc,ergo     ] Pacer for Idle. Initial: 163M, Alloc Tax Rate: 1.0x
[1520.662s][info][gc          ] Trigger: Free (817M) is below minimum threshold (819M)
[1520.662s][info][gc,ergo     ] Free: 817M, Max: 4096K regular, 808M humongous, Frag: 0% external, 0% internal; Reserve: 412M, Max: 4096K
[1520.662s][info][gc,start    ] GC(161) Concurrent reset
[1520.662s][info][gc,task     ] GC(161) Using 2 of 4 workers for concurrent reset
[1520.662s][info][gc,ergo     ] GC(161) Pacer for Reset. Non-Taxable: 8192M
[1520.677s][info][gc          ] GC(161) Concurrent reset 15.125ms
[1520.677s][info][gc,start    ] GC(161) Pause Init Mark (unload classes)
[1520.677s][info][gc,task     ] GC(161) Using 4 of 4 workers for init marking
[1520.678s][info][gc,ergo     ] GC(161) Pacer for Mark. Expected Live: 498M, Free: 813M, Non-Taxable: 83295K, Alloc Tax Rate: 0.7x
[1520.678s][info][gc          ] GC(161) Pause Init Mark (unload classes) 0.084ms
[1520.678s][info][gc,start    ] GC(161) Concurrent marking roots
[1520.678s][info][gc,task     ] GC(161) Using 2 of 4 workers for concurrent marking roots
[1520.679s][info][gc          ] GC(161) Concurrent marking roots 1.043ms
[1520.679s][info][gc,start    ] GC(161) Concurrent marking (unload classes)
[1520.679s][info][gc,task     ] GC(161) Using 2 of 4 workers for concurrent marking
[1520.910s][info][gc          ] GC(161) Concurrent marking (unload classes) 231.101ms
[1520.910s][info][gc,start    ] GC(161) Pause Final Mark (unload classes)
[1520.910s][info][gc,task     ] GC(161) Using 4 of 4 workers for final marking
[1520.910s][info][gc,ergo     ] GC(161) Adaptive CSet Selection. Target Free: 1160M, Actual Free: 2640M, Max CSet: 341M, Min Garbage: 0B
[1520.910s][info][gc,ergo     ] GC(161) Collectable Garbage: 6433M (99%), Immediate: 1640M (25%), CSet: 4793M (74%)
[1520.910s][info][gc,ergo     ] GC(161) Pacer for Evacuation. Used CSet: 4872M, Free: 2237M, Non-Taxable: 223M, Alloc Tax Rate: 5.3x
[1520.910s][info][gc          ] GC(161) Pause Final Mark (unload classes) 0.294ms
[1520.910s][info][gc,start    ] GC(161) Concurrent thread roots
[1520.910s][info][gc,task     ] GC(161) Using 2 of 4 workers for Concurrent thread roots
[1520.911s][info][gc          ] GC(161) Concurrent thread roots 0.788ms
[1520.911s][info][gc,start    ] GC(161) Concurrent weak references
[1520.911s][info][gc,task     ] GC(161) Using 2 of 4 workers for concurrent weak references
[1520.911s][info][gc,ref      ] GC(161) Encountered references: Soft: 6122, Weak: 23552, Final: 34, Phantom: 1201
[1520.911s][info][gc,ref      ] GC(161) Discovered  references: Soft: 0, Weak: 1350, Final: 0, Phantom: 836
[1520.911s][info][gc,ref      ] GC(161) Enqueued    references: Soft: 0, Weak: 3, Final: 0, Phantom: 0
[1520.911s][info][gc          ] GC(161) Concurrent weak references 0.217ms
[1520.911s][info][gc,start    ] GC(161) Concurrent weak roots
[1520.911s][info][gc,task     ] GC(161) Using 2 of 4 workers for concurrent weak root
[1520.914s][info][gc          ] GC(161) Concurrent weak roots 2.940ms
[1520.914s][info][gc,start    ] GC(161) Concurrent cleanup
[1520.914s][info][gc          ] GC(161) Concurrent cleanup 7193M->5553M(8192M) 0.053ms
[1520.914s][info][gc,ergo     ] GC(161) Free: 2227M, Max: 4096K regular, 576M humongous, Frag: 75% external, 0% internal; Reserve: 411M, Max: 4096K
[1520.914s][info][gc,start    ] GC(161) Concurrent class unloading
[1520.914s][info][gc,task     ] GC(161) Using 2 of 4 workers for concurrent class unloading
[1520.920s][info][gc          ] GC(161) Concurrent class unloading 6.043ms
[1520.920s][info][gc,start    ] GC(161) Concurrent strong roots
[1520.920s][info][gc,task     ] GC(161) Using 2 of 4 workers for concurrent strong root
[1520.921s][info][gc          ] GC(161) Concurrent strong roots 0.309ms
[1520.921s][info][gc,start    ] GC(161) Concurrent evacuation
[1520.921s][info][gc,task     ] GC(161) Using 2 of 4 workers for concurrent evacuation
[1520.960s][info][gc          ] GC(161) Concurrent evacuation 38.911ms
[1520.960s][info][gc,start    ] GC(161) Pause Init Update Refs
[1520.960s][info][gc,ergo     ] GC(161) Pacer for Update Refs. Used: 5656M, Free: 2203M, Non-Taxable: 220M, Alloc Tax Rate: 3.1x
[1520.960s][info][gc          ] GC(161) Pause Init Update Refs 0.044ms
[1520.960s][info][gc,start    ] GC(161) Concurrent update references
[1520.960s][info][gc,task     ] GC(161) Using 2 of 4 workers for concurrent reference update
[1521.104s][info][gc          ] GC(161) Concurrent update references 144.587ms
[1521.104s][info][gc,start    ] GC(161) Concurrent update thread roots
[1521.106s][info][gc          ] GC(161) Concurrent update thread roots 1.280ms
[1521.106s][info][gc,start    ] GC(161) Pause Final Update Refs
[1521.106s][info][gc,task     ] GC(161) Using 4 of 4 workers for final reference update
[1521.106s][info][gc          ] GC(161) Pause Final Update Refs 0.092ms
[1521.106s][info][gc,start    ] GC(161) Concurrent cleanup
[1521.106s][info][gc          ] GC(161) Concurrent cleanup 5716M->848M(8192M) 0.060ms
[1521.106s][info][gc,ergo     ] Free: 6931M, Max: 4096K regular, 5944M humongous, Frag: 15% external, 0% internal; Reserve: 412M, Max: 4096K
[1521.106s][info][gc,stats    ] 
[1521.106s][info][gc,stats    ] All times are wall-clock times, except per-root-class counters, that are sum over
[1521.106s][info][gc,stats    ] all workers. Dividing the <total> over the root stage time estimates parallelism.
[1521.106s][info][gc,stats    ] 
[1521.106s][info][gc,stats    ] Concurrent Reset                  15218 us
[1521.106s][info][gc,stats    ] Pause Init Mark (G)                 125 us
[1521.106s][info][gc,stats    ] Pause Init Mark (N)                  95 us
[1521.106s][info][gc,stats    ]   Update Region States               22 us
[1521.106s][info][gc,stats    ] Concurrent Mark Roots              1062 us, parallelism: 1.65x
[1521.106s][info][gc,stats    ]   CMR: <total>                     1756 us
[1521.106s][info][gc,stats    ]   CMR: Thread Roots                1600 us, workers (us): 737, 863, ---, ---, 
[1521.106s][info][gc,stats    ]   CMR: VM Strong Roots               16 us, workers (us):  16,   0, ---, ---, 
[1521.106s][info][gc,stats    ]   CMR: CLDG Roots                   140 us, workers (us): 140, ---, ---, ---, 
[1521.106s][info][gc,stats    ] Concurrent Marking               231148 us
[1521.106s][info][gc,stats    ] Pause Final Mark (G)                322 us
[1521.106s][info][gc,stats    ] Pause Final Mark (N)                305 us
[1521.106s][info][gc,stats    ]   Finish Mark                        44 us
[1521.106s][info][gc,stats    ]   Update Region States               36 us
[1521.106s][info][gc,stats    ]   Choose Collection Set             149 us
[1521.106s][info][gc,stats    ]   Rebuild Free Set                   10 us
[1521.106s][info][gc,stats    ] Concurrent Thread Roots             808 us, parallelism: 1.81x
[1521.106s][info][gc,stats    ]   CTR: <total>                     1463 us
[1521.106s][info][gc,stats    ]   CTR: Thread Roots                1463 us, workers (us): 751, 712, ---, ---, 
[1521.106s][info][gc,stats    ] Concurrent Weak References          228 us, parallelism: 0.64x
[1521.106s][info][gc,stats    ]   CWRF: <total>                     146 us
[1521.106s][info][gc,stats    ]   CWRF: Weak References             146 us, workers (us): 143,   3, ---, ---, 
[1521.106s][info][gc,stats    ] Concurrent Weak Roots              2968 us
[1521.106s][info][gc,stats    ]   Roots                            2827 us, parallelism: 1.91x
[1521.106s][info][gc,stats    ]     CWR: <total>                   5395 us
[1521.106s][info][gc,stats    ]     CWR: Code Cache Roots          3830 us, workers (us): 1848, 1982, ---, ---, 
[1521.106s][info][gc,stats    ]     CWR: VM Weak Roots             1502 us, workers (us): 751, 752, ---, ---, 
[1521.106s][info][gc,stats    ]     CWR: CLDG Roots                  62 us, workers (us):  62, ---, ---, ---, 
[1521.106s][info][gc,stats    ]   Rendezvous                         89 us
[1521.106s][info][gc,stats    ] Concurrent Cleanup                   67 us
[1521.106s][info][gc,stats    ] Concurrent Class Unloading         6084 us
[1521.106s][info][gc,stats    ]   Unlink Stale                     5942 us
[1521.106s][info][gc,stats    ]     System Dictionary                97 us
[1521.106s][info][gc,stats    ]     Weak Class Links                  0 us
[1521.106s][info][gc,stats    ]     Code Roots                     5844 us
[1521.106s][info][gc,stats    ]   Rendezvous                         73 us
[1521.106s][info][gc,stats    ]   Purge Unlinked                      4 us
[1521.106s][info][gc,stats    ]     Code Roots                        1 us
[1521.106s][info][gc,stats    ]     CLDG                              2 us
[1521.106s][info][gc,stats    ]     Exception Caches                  1 us
[1521.106s][info][gc,stats    ] Concurrent Strong Roots             322 us, parallelism: 0.66x
[1521.106s][info][gc,stats    ]   CSR: <total>                      213 us
[1521.106s][info][gc,stats    ]   CSR: VM Strong Roots               11 us, workers (us):  11,   0, ---, ---, 
[1521.106s][info][gc,stats    ]   CSR: CLDG Roots                   202 us, workers (us): 202, ---, ---, ---, 
[1521.106s][info][gc,stats    ] Concurrent Evacuation             38947 us
[1521.106s][info][gc,stats    ] Pause Init Update Refs (G)          117 us
[1521.106s][info][gc,stats    ] Pause Init Update Refs (N)           55 us
[1521.106s][info][gc,stats    ]   Manage GCLABs                       6 us
[1521.106s][info][gc,stats    ] Concurrent Update Refs           144625 us
[1521.106s][info][gc,stats    ] Concurrent Update Thread Roots     1297 us
[1521.106s][info][gc,stats    ] Pause Final Update Refs (G)         154 us
[1521.106s][info][gc,stats    ] Pause Final Update Refs (N)         118 us
[1521.106s][info][gc,stats    ]   Update Region States               27 us
[1521.106s][info][gc,stats    ]   Trash Collection Set               14 us
[1521.106s][info][gc,stats    ]   Rebuild Free Set                   11 us
[1521.106s][info][gc,stats    ] Concurrent Cleanup                   72 us
[1521.106s][info][gc,stats    ] 
[1521.106s][info][gc,stats    ] Allocation pacing accrued:
[1521.106s][info][gc,stats    ]       0 of  9649 ms (  0.0%): <total>
[1521.106s][info][gc,stats    ]       0 of  9649 ms (  0.0%): <average total>
[1521.107s][info][gc,stats    ] 
[1521.107s][info][gc,metaspace] Metaspace: 135469K(136832K)->135469K(136832K) NonClass: 114504K(115264K)->114504K(115264K) Class: 20965K(21568K)->20965K(21568K)
[1521.107s][info][gc,ergo     ] Pacer for Idle. Initial: 163M, Alloc Tax Rate: 1.0x
[1528.933s][info][gc          ] Trigger: Average GC time (492.44 ms) is above the time for average allocation rate (990 MB/s) to deplete free headroom (485M) (margin of error = 1.98)
[1528.933s][info][gc,ergo     ] Free headroom: 895M (free) - 409M (spike) - 0B (penalties) = 485M
[1528.933s][info][gc,ergo     ] Free: 895M, Max: 4096K regular, 560M humongous, Frag: 37% external, 0% internal; Reserve: 412M, Max: 4096K
[1528.933s][info][gc,start    ] GC(162) Concurrent reset
[1528.933s][info][gc,task     ] GC(162) Using 2 of 4 workers for concurrent reset
[1528.933s][info][gc,ergo     ] GC(162) Pacer for Reset. Non-Taxable: 8192M
[1528.951s][info][gc          ] GC(162) Concurrent reset 18.168ms
[1528.951s][info][gc,start    ] GC(162) Pause Init Mark (unload classes)
[1528.951s][info][gc,task     ] GC(162) Using 4 of 4 workers for init marking
[1528.951s][info][gc,ergo     ] GC(162) Pacer for Mark. Expected Live: 494M, Free: 883M, Non-Taxable: 90425K, Alloc Tax Rate: 0.7x
[1528.951s][info][gc          ] GC(162) Pause Init Mark (unload classes) 0.113ms
[1528.951s][info][gc,start    ] GC(162) Concurrent marking roots
[1528.951s][info][gc,task     ] GC(162) Using 2 of 4 workers for concurrent marking roots
[1528.952s][info][gc          ] GC(162) Concurrent marking roots 1.117ms
[1528.952s][info][gc,start    ] GC(162) Concurrent marking (unload classes)
[1528.952s][info][gc,task     ] GC(162) Using 2 of 4 workers for concurrent marking
[1529.167s][info][gc          ] GC(162) Concurrent marking (unload classes) 214.902ms
[1529.167s][info][gc,start    ] GC(162) Pause Final Mark (unload classes)
[1529.167s][info][gc,task     ] GC(162) Using 4 of 4 workers for final marking
[1529.168s][info][gc,ergo     ] GC(162) Adaptive CSet Selection. Target Free: 1160M, Actual Free: 4844M, Max CSet: 341M, Min Garbage: 0B
[1529.168s][info][gc,ergo     ] GC(162) Collectable Garbage: 6407M (99%), Immediate: 3652M (56%), CSet: 2755M (42%)
[1529.168s][info][gc,ergo     ] GC(162) Pacer for Evacuation. Used CSet: 2790M, Free: 4445M, Non-Taxable: 444M, Alloc Tax Rate: 1.5x
[1529.168s][info][gc          ] GC(162) Pause Final Mark (unload classes) 0.357ms
[1529.168s][info][gc,start    ] GC(162) Concurrent thread roots
[1529.168s][info][gc,task     ] GC(162) Using 2 of 4 workers for Concurrent thread roots
[1529.169s][info][gc          ] GC(162) Concurrent thread roots 0.864ms
[1529.169s][info][gc,start    ] GC(162) Concurrent weak references
[1529.169s][info][gc,task     ] GC(162) Using 2 of 4 workers for concurrent weak references
[1529.169s][info][gc,ref      ] GC(162) Encountered references: Soft: 6122, Weak: 23550, Final: 34, Phantom: 1201
[1529.169s][info][gc,ref      ] GC(162) Discovered  references: Soft: 0, Weak: 12798, Final: 0, Phantom: 1074
[1529.169s][info][gc,ref      ] GC(162) Enqueued    references: Soft: 0, Weak: 1, Final: 0, Phantom: 0
[1529.169s][info][gc          ] GC(162) Concurrent weak references 0.405ms
[1529.169s][info][gc,start    ] GC(162) Concurrent weak roots
[1529.169s][info][gc,task     ] GC(162) Using 2 of 4 workers for concurrent weak root
[1529.173s][info][gc          ] GC(162) Concurrent weak roots 3.536ms
[1529.173s][info][gc,start    ] GC(162) Concurrent cleanup
[1529.173s][info][gc          ] GC(162) Concurrent cleanup 6993M->3341M(8192M) 0.050ms
[1529.173s][info][gc,ergo     ] GC(162) Free: 4437M, Max: 4096K regular, 560M humongous, Frag: 88% external, 0% internal; Reserve: 411M, Max: 4096K
[1529.173s][info][gc,start    ] GC(162) Concurrent class unloading
[1529.173s][info][gc,task     ] GC(162) Using 2 of 4 workers for concurrent class unloading
[1529.178s][info][gc          ] GC(162) Concurrent class unloading 5.877ms
[1529.179s][info][gc,start    ] GC(162) Concurrent strong roots
[1529.179s][info][gc,task     ] GC(162) Using 2 of 4 workers for concurrent strong root
[1529.179s][info][gc          ] GC(162) Concurrent strong roots 0.285ms
[1529.179s][info][gc,start    ] GC(162) Concurrent evacuation
[1529.179s][info][gc,task     ] GC(162) Using 2 of 4 workers for concurrent evacuation
[1529.196s][info][gc          ] GC(162) Concurrent evacuation 17.265ms
[1529.196s][info][gc,start    ] GC(162) Pause Init Update Refs
[1529.196s][info][gc,ergo     ] GC(162) Pacer for Update Refs. Used: 3381M, Free: 4437M, Non-Taxable: 443M, Alloc Tax Rate: 1.1x
[1529.196s][info][gc          ] GC(162) Pause Init Update Refs 0.050ms
[1529.196s][info][gc,start    ] GC(162) Concurrent update references
[1529.196s][info][gc,task     ] GC(162) Using 2 of 4 workers for concurrent reference update
[1529.313s][info][gc          ] GC(162) Concurrent update references 116.837ms
[1529.313s][info][gc,start    ] GC(162) Concurrent update thread roots
[1529.314s][info][gc          ] GC(162) Concurrent update thread roots 1.282ms
[1529.314s][info][gc,start    ] GC(162) Pause Final Update Refs
[1529.314s][info][gc,task     ] GC(162) Using 4 of 4 workers for final reference update
[1529.314s][info][gc          ] GC(162) Pause Final Update Refs 0.084ms
[1529.315s][info][gc,start    ] GC(162) Concurrent cleanup
[1529.315s][info][gc          ] GC(162) Concurrent cleanup 3381M->590M(8192M) 0.048ms
[1529.315s][info][gc,ergo     ] Free: 7189M, Max: 4096K regular, 5632M humongous, Frag: 22% external, 0% internal; Reserve: 412M, Max: 4096K
[1529.315s][info][gc,stats    ] 
[1529.315s][info][gc,stats    ] All times are wall-clock times, except per-root-class counters, that are sum over
[1529.315s][info][gc,stats    ] all workers. Dividing the <total> over the root stage time estimates parallelism.
[1529.315s][info][gc,stats    ] 
[1529.315s][info][gc,stats    ] Concurrent Reset                  18216 us
[1529.315s][info][gc,stats    ] Pause Init Mark (G)                 238 us
[1529.315s][info][gc,stats    ] Pause Init Mark (N)                 124 us
[1529.315s][info][gc,stats    ]   Update Region States               48 us
[1529.315s][info][gc,stats    ] Concurrent Mark Roots              1137 us, parallelism: 1.62x
[1529.315s][info][gc,stats    ]   CMR: <total>                     1837 us
[1529.315s][info][gc,stats    ]   CMR: Thread Roots                1686 us, workers (us): 786, 900, ---, ---, 
[1529.315s][info][gc,stats    ]   CMR: VM Strong Roots               15 us, workers (us):  15,   0, ---, ---, 
[1529.315s][info][gc,stats    ]   CMR: CLDG Roots                   135 us, workers (us): 135, ---, ---, ---, 
[1529.315s][info][gc,stats    ] Concurrent Marking               214939 us
[1529.315s][info][gc,stats    ] Pause Final Mark (G)                428 us
[1529.315s][info][gc,stats    ] Pause Final Mark (N)                368 us
[1529.315s][info][gc,stats    ]   Finish Mark                       109 us
[1529.315s][info][gc,stats    ]   Update Region States               66 us
[1529.315s][info][gc,stats    ]   Choose Collection Set             112 us
[1529.315s][info][gc,stats    ]   Rebuild Free Set                   12 us
[1529.315s][info][gc,stats    ] Concurrent Thread Roots             885 us, parallelism: 1.75x
[1529.315s][info][gc,stats    ]   CTR: <total>                     1545 us
[1529.315s][info][gc,stats    ]   CTR: Thread Roots                1545 us, workers (us): 773, 772, ---, ---, 
[1529.315s][info][gc,stats    ] Concurrent Weak References          417 us, parallelism: 1.45x
[1529.315s][info][gc,stats    ]   CWRF: <total>                     606 us
[1529.315s][info][gc,stats    ]   CWRF: Weak References             606 us, workers (us): 330, 277, ---, ---, 
[1529.315s][info][gc,stats    ] Concurrent Weak Roots              3557 us
[1529.315s][info][gc,stats    ]   Roots                            3446 us, parallelism: 1.91x
[1529.315s][info][gc,stats    ]     CWR: <total>                   6587 us
[1529.315s][info][gc,stats    ]     CWR: Code Cache Roots          4492 us, workers (us): 2143, 2348, ---, ---, 
[1529.315s][info][gc,stats    ]     CWR: VM Weak Roots             1938 us, workers (us): 985, 953, ---, ---, 
[1529.315s][info][gc,stats    ]     CWR: CLDG Roots                 157 us, workers (us): 157, ---, ---, ---, 
[1529.315s][info][gc,stats    ]   Rendezvous                         68 us
[1529.315s][info][gc,stats    ] Concurrent Cleanup                   63 us
[1529.315s][info][gc,stats    ] Concurrent Class Unloading         5894 us
[1529.315s][info][gc,stats    ]   Unlink Stale                     5739 us
[1529.315s][info][gc,stats    ]     System Dictionary                79 us
[1529.315s][info][gc,stats    ]     Weak Class Links                  0 us
[1529.315s][info][gc,stats    ]     Code Roots                     5658 us
[1529.315s][info][gc,stats    ]   Rendezvous                         68 us
[1529.315s][info][gc,stats    ]   Purge Unlinked                     47 us
[1529.315s][info][gc,stats    ]     Code Roots                       43 us
[1529.315s][info][gc,stats    ]     CLDG                              4 us
[1529.315s][info][gc,stats    ]     Exception Caches                  1 us
[1529.315s][info][gc,stats    ] Concurrent Strong Roots             298 us, parallelism: 0.69x
[1529.315s][info][gc,stats    ]   CSR: <total>                      205 us
[1529.315s][info][gc,stats    ]   CSR: VM Strong Roots                9 us, workers (us):   6,   3, ---, ---, 
[1529.315s][info][gc,stats    ]   CSR: CLDG Roots                   196 us, workers (us): ---, 196, ---, ---, 
[1529.315s][info][gc,stats    ] Concurrent Evacuation             17302 us
[1529.315s][info][gc,stats    ] Pause Init Update Refs (G)           90 us
[1529.315s][info][gc,stats    ] Pause Init Update Refs (N)           61 us
[1529.315s][info][gc,stats    ]   Manage GCLABs                       8 us
[1529.315s][info][gc,stats    ] Concurrent Update Refs           116880 us
[1529.315s][info][gc,stats    ] Concurrent Update Thread Roots     1307 us
[1529.315s][info][gc,stats    ] Pause Final Update Refs (G)         134 us
[1529.315s][info][gc,stats    ] Pause Final Update Refs (N)         109 us
[1529.315s][info][gc,stats    ]   Update Region States               22 us
[1529.315s][info][gc,stats    ]   Trash Collection Set               11 us
[1529.315s][info][gc,stats    ]   Rebuild Free Set                   13 us
[1529.315s][info][gc,stats    ] Concurrent Cleanup                   61 us
[1529.315s][info][gc,stats    ] 
[1529.315s][info][gc,stats    ] Allocation pacing accrued:
[1529.315s][info][gc,stats    ]       0 of  8209 ms (  0.0%): <total>
[1529.315s][info][gc,stats    ]       0 of  8209 ms (  0.0%): <average total>
[1529.315s][info][gc,stats    ] 
[1529.315s][info][gc,metaspace] Metaspace: 135469K(136832K)->135469K(136832K) NonClass: 114504K(115264K)->114504K(115264K) Class: 20965K(21568K)->20965K(21568K)
[1529.315s][info][gc,ergo     ] Pacer for Idle. Initial: 163M, Alloc Tax Rate: 1.0x
[1539.438s][info][gc          ] Trigger: Free (817M) is below minimum threshold (819M)
[1539.438s][info][gc,ergo     ] Free: 817M, Max: 4096K regular, 808M humongous, Frag: 0% external, 0% internal; Reserve: 412M, Max: 4096K
[1539.439s][info][gc,start    ] GC(163) Concurrent reset
[1539.439s][info][gc,task     ] GC(163) Using 2 of 4 workers for concurrent reset
[1539.439s][info][gc,ergo     ] GC(163) Pacer for Reset. Non-Taxable: 8192M
[1539.448s][info][gc          ] GC(163) Concurrent reset 9.153ms
[1539.448s][info][gc,start    ] GC(163) Pause Init Mark (unload classes)
[1539.448s][info][gc,task     ] GC(163) Using 4 of 4 workers for init marking
[1539.448s][info][gc,ergo     ] GC(163) Pacer for Mark. Expected Live: 482M, Free: 813M, Non-Taxable: 83296K, Alloc Tax Rate: 0.7x
[1539.448s][info][gc          ] GC(163) Pause Init Mark (unload classes) 0.105ms
[1539.448s][info][gc,start    ] GC(163) Concurrent marking roots
[1539.448s][info][gc,task     ] GC(163) Using 2 of 4 workers for concurrent marking roots
[1539.449s][info][gc          ] GC(163) Concurrent marking roots 1.032ms
[1539.449s][info][gc,start    ] GC(163) Concurrent marking (unload classes)
[1539.449s][info][gc,task     ] GC(163) Using 2 of 4 workers for concurrent marking
[1539.692s][info][gc          ] GC(163) Concurrent marking (unload classes) 242.788ms
[1539.692s][info][gc,start    ] GC(163) Pause Final Mark (unload classes)
[1539.692s][info][gc,task     ] GC(163) Using 4 of 4 workers for final marking
[1539.692s][info][gc,ergo     ] GC(163) Adaptive CSet Selection. Target Free: 1160M, Actual Free: 2656M, Max CSet: 341M, Min Garbage: 0B
[1539.692s][info][gc,ergo     ] GC(163) Collectable Garbage: 6430M (99%), Immediate: 1624M (25%), CSet: 4806M (74%)
[1539.692s][info][gc,ergo     ] GC(163) Pacer for Evacuation. Used CSet: 4892M, Free: 2253M, Non-Taxable: 225M, Alloc Tax Rate: 5.3x
[1539.692s][info][gc          ] GC(163) Pause Final Mark (unload classes) 0.252ms
[1539.692s][info][gc,start    ] GC(163) Concurrent thread roots
[1539.692s][info][gc,task     ] GC(163) Using 2 of 4 workers for Concurrent thread roots
[1539.693s][info][gc          ] GC(163) Concurrent thread roots 0.827ms
[1539.693s][info][gc,start    ] GC(163) Concurrent weak references
[1539.693s][info][gc,task     ] GC(163) Using 2 of 4 workers for concurrent weak references
[1539.693s][info][gc,ref      ] GC(163) Encountered references: Soft: 6122, Weak: 23558, Final: 34, Phantom: 1210
[1539.693s][info][gc,ref      ] GC(163) Discovered  references: Soft: 0, Weak: 758, Final: 0, Phantom: 842
[1539.693s][info][gc,ref      ] GC(163) Enqueued    references: Soft: 0, Weak: 6, Final: 0, Phantom: 0
[1539.693s][info][gc          ] GC(163) Concurrent weak references 0.118ms
[1539.693s][info][gc,start    ] GC(163) Concurrent weak roots
[1539.693s][info][gc,task     ] GC(163) Using 2 of 4 workers for concurrent weak root
[1539.696s][info][gc          ] GC(163) Concurrent weak roots 2.983ms
[1539.696s][info][gc,start    ] GC(163) Concurrent cleanup
[1539.696s][info][gc          ] GC(163) Concurrent cleanup 7163M->5539M(8192M) 0.034ms
[1539.696s][info][gc,ergo     ] GC(163) Free: 2241M, Max: 4096K regular, 604M humongous, Frag: 73% external, 0% internal; Reserve: 411M, Max: 4096K
[1539.696s][info][gc,start    ] GC(163) Concurrent class unloading
[1539.696s][info][gc,task     ] GC(163) Using 2 of 4 workers for concurrent class unloading
[1539.702s][info][gc          ] GC(163) Concurrent class unloading 5.970ms
[1539.702s][info][gc,start    ] GC(163) Concurrent strong roots
[1539.702s][info][gc,task     ] GC(163) Using 2 of 4 workers for concurrent strong root
[1539.702s][info][gc          ] GC(163) Concurrent strong roots 0.331ms
[1539.703s][info][gc,start    ] GC(163) Concurrent evacuation
[1539.703s][info][gc,task     ] GC(163) Using 2 of 4 workers for concurrent evacuation
[1539.747s][info][gc          ] GC(163) Concurrent evacuation 44.158ms
[1539.747s][info][gc,start    ] GC(163) Pause Init Update Refs
[1539.747s][info][gc,ergo     ] GC(163) Pacer for Update Refs. Used: 5654M, Free: 2217M, Non-Taxable: 221M, Alloc Tax Rate: 3.1x
[1539.747s][info][gc          ] GC(163) Pause Init Update Refs 0.048ms
[1539.747s][info][gc,start    ] GC(163) Concurrent update references
[1539.747s][info][gc,task     ] GC(163) Using 2 of 4 workers for concurrent reference update
[1539.902s][info][gc          ] GC(163) Concurrent update references 155.142ms
[1539.902s][info][gc,start    ] GC(163) Concurrent update thread roots
[1539.904s][info][gc          ] GC(163) Concurrent update thread roots 1.493ms
[1539.904s][info][gc,start    ] GC(163) Pause Final Update Refs
[1539.904s][info][gc,task     ] GC(163) Using 4 of 4 workers for final reference update
[1539.904s][info][gc          ] GC(163) Pause Final Update Refs 0.099ms
[1539.904s][info][gc,start    ] GC(163) Concurrent cleanup
[1539.904s][info][gc          ] GC(163) Concurrent cleanup 5742M->850M(8192M) 0.060ms
[1539.904s][info][gc,ergo     ] Free: 6929M, Max: 4096K regular, 5968M humongous, Frag: 14% external, 0% internal; Reserve: 412M, Max: 4096K
[1539.904s][info][gc,stats    ] 
[1539.904s][info][gc,stats    ] All times are wall-clock times, except per-root-class counters, that are sum over
[1539.904s][info][gc,stats    ] all workers. Dividing the <total> over the root stage time estimates parallelism.
[1539.904s][info][gc,stats    ] 
[1539.904s][info][gc,stats    ] Concurrent Reset                   9227 us
[1539.904s][info][gc,stats    ] Pause Init Mark (G)                 174 us
[1539.904s][info][gc,stats    ] Pause Init Mark (N)                 116 us
[1539.904s][info][gc,stats    ]   Update Region States               42 us
[1539.904s][info][gc,stats    ] Concurrent Mark Roots              1054 us, parallelism: 1.57x
[1539.904s][info][gc,stats    ]   CMR: <total>                     1653 us
[1539.904s][info][gc,stats    ]   CMR: Thread Roots                1492 us, workers (us): 672, 820, ---, ---, 
[1539.904s][info][gc,stats    ]   CMR: VM Strong Roots               13 us, workers (us):  13,   0, ---, ---, 
[1539.904s][info][gc,stats    ]   CMR: CLDG Roots                   148 us, workers (us): 148, ---, ---, ---, 
[1539.904s][info][gc,stats    ] Concurrent Marking               242843 us
[1539.904s][info][gc,stats    ] Pause Final Mark (G)                291 us
[1539.904s][info][gc,stats    ] Pause Final Mark (N)                264 us
[1539.904s][info][gc,stats    ]   Finish Mark                        21 us
[1539.904s][info][gc,stats    ]   Update Region States               15 us
[1539.904s][info][gc,stats    ]   Choose Collection Set             148 us
[1539.904s][info][gc,stats    ]   Rebuild Free Set                   10 us
[1539.904s][info][gc,stats    ] Concurrent Thread Roots             846 us, parallelism: 1.78x
[1539.904s][info][gc,stats    ]   CTR: <total>                     1506 us
[1539.904s][info][gc,stats    ]   CTR: Thread Roots                1506 us, workers (us): 760, 746, ---, ---, 
[1539.904s][info][gc,stats    ] Concurrent Weak References          128 us, parallelism: 0.74x
[1539.904s][info][gc,stats    ]   CWRF: <total>                      95 us
[1539.904s][info][gc,stats    ]   CWRF: Weak References              95 us, workers (us):  54,  41, ---, ---, 
[1539.904s][info][gc,stats    ] Concurrent Weak Roots              2999 us
[1539.904s][info][gc,stats    ]   Roots                            2917 us, parallelism: 1.92x
[1539.904s][info][gc,stats    ]     CWR: <total>                   5593 us
[1539.904s][info][gc,stats    ]     CWR: Code Cache Roots          4028 us, workers (us): 1951, 2077, ---, ---, 
[1539.904s][info][gc,stats    ]     CWR: VM Weak Roots             1497 us, workers (us): 748, 749, ---, ---, 
[1539.904s][info][gc,stats    ]     CWR: CLDG Roots                  68 us, workers (us):  68, ---, ---, ---, 
[1539.904s][info][gc,stats    ]   Rendezvous                         45 us
[1539.904s][info][gc,stats    ] Concurrent Cleanup                   46 us
[1539.904s][info][gc,stats    ] Concurrent Class Unloading         6007 us
[1539.904s][info][gc,stats    ]   Unlink Stale                     5769 us
[1539.904s][info][gc,stats    ]     System Dictionary                62 us
[1539.904s][info][gc,stats    ]     Weak Class Links                  0 us
[1539.904s][info][gc,stats    ]     Code Roots                     5705 us
[1539.904s][info][gc,stats    ]   Rendezvous                         76 us
[1539.904s][info][gc,stats    ]   Purge Unlinked                    100 us
[1539.904s][info][gc,stats    ]     Code Roots                       96 us
[1539.904s][info][gc,stats    ]     CLDG                              4 us
[1539.904s][info][gc,stats    ]     Exception Caches                  0 us
[1539.904s][info][gc,stats    ] Concurrent Strong Roots             346 us, parallelism: 0.67x
[1539.904s][info][gc,stats    ]   CSR: <total>                      233 us
[1539.904s][info][gc,stats    ]   CSR: VM Strong Roots               13 us, workers (us):  13,   0, ---, ---, 
[1539.904s][info][gc,stats    ]   CSR: CLDG Roots                   219 us, workers (us): 219, ---, ---, ---, 
[1539.904s][info][gc,stats    ] Concurrent Evacuation             44209 us
[1539.904s][info][gc,stats    ] Pause Init Update Refs (G)           78 us
[1539.904s][info][gc,stats    ] Pause Init Update Refs (N)           58 us
[1539.904s][info][gc,stats    ]   Manage GCLABs                       7 us
[1539.904s][info][gc,stats    ] Concurrent Update Refs           155214 us
[1539.904s][info][gc,stats    ] Concurrent Update Thread Roots     1506 us
[1539.904s][info][gc,stats    ] Pause Final Update Refs (G)         187 us
[1539.904s][info][gc,stats    ] Pause Final Update Refs (N)         123 us
[1539.904s][info][gc,stats    ]   Update Region States               38 us
[1539.904s][info][gc,stats    ]   Trash Collection Set               12 us
[1539.904s][info][gc,stats    ]   Rebuild Free Set                   11 us
[1539.904s][info][gc,stats    ] Concurrent Cleanup                   73 us
[1539.904s][info][gc,stats    ] 
[1539.904s][info][gc,stats    ] Allocation pacing accrued:
[1539.904s][info][gc,stats    ]       0 of 10589 ms (  0.0%): <total>
[1539.904s][info][gc,stats    ]       0 of 10589 ms (  0.0%): <average total>
[1539.904s][info][gc,stats    ] 
[1539.904s][info][gc,metaspace] Metaspace: 135471K(136832K)->135471K(136832K) NonClass: 114506K(115264K)->114506K(115264K) Class: 20965K(21568K)->20965K(21568K)
[1539.904s][info][gc,ergo     ] Pacer for Idle. Initial: 163M, Alloc Tax Rate: 1.0x
[1547.346s][info][gc          ] Trigger: Average GC time (511.98 ms) is above the time for average allocation rate (1297 MB/s) to deplete free headroom (503M) (margin of error = 1.96)
[1547.346s][info][gc,ergo     ] Free headroom: 913M (free) - 409M (spike) - 0B (penalties) = 503M
[1547.346s][info][gc,ergo     ] Free: 913M, Max: 4096K regular, 556M humongous, Frag: 38% external, 0% internal; Reserve: 412M, Max: 4096K
[1547.346s][info][gc,start    ] GC(164) Concurrent reset
[1547.346s][info][gc,task     ] GC(164) Using 2 of 4 workers for concurrent reset
[1547.346s][info][gc,ergo     ] GC(164) Pacer for Reset. Non-Taxable: 8192M
[1547.359s][info][gc          ] GC(164) Concurrent reset 12.833ms
[1547.359s][info][gc,start    ] GC(164) Pause Init Mark (unload classes)
[1547.359s][info][gc,task     ] GC(164) Using 4 of 4 workers for init marking
[1547.359s][info][gc,ergo     ] GC(164) Pacer for Mark. Expected Live: 483M, Free: 909M, Non-Taxable: 93124K, Alloc Tax Rate: 0.6x
[1547.359s][info][gc          ] GC(164) Pause Init Mark (unload classes) 0.115ms
[1547.359s][info][gc,start    ] GC(164) Concurrent marking roots
[1547.359s][info][gc,task     ] GC(164) Using 2 of 4 workers for concurrent marking roots
[1547.360s][info][gc          ] GC(164) Concurrent marking roots 1.019ms
[1547.360s][info][gc,start    ] GC(164) Concurrent marking (unload classes)
[1547.360s][info][gc,task     ] GC(164) Using 2 of 4 workers for concurrent marking
[1547.606s][info][gc          ] GC(164) Concurrent marking (unload classes) 246.359ms
[1547.607s][info][gc,start    ] GC(164) Pause Final Mark (unload classes)
[1547.607s][info][gc,task     ] GC(164) Using 4 of 4 workers for final marking
[1547.607s][info][gc,ergo     ] GC(164) Adaptive CSet Selection. Target Free: 1160M, Actual Free: 2576M, Max CSet: 341M, Min Garbage: 0B
[1547.607s][info][gc,ergo     ] GC(164) Collectable Garbage: 6320M (99%), Immediate: 1460M (22%), CSet: 4860M (76%)
[1547.607s][info][gc,ergo     ] GC(164) Pacer for Evacuation. Used CSet: 4956M, Free: 2177M, Non-Taxable: 217M, Alloc Tax Rate: 5.6x
[1547.607s][info][gc          ] GC(164) Pause Final Mark (unload classes) 0.254ms
[1547.607s][info][gc,start    ] GC(164) Concurrent thread roots
[1547.607s][info][gc,task     ] GC(164) Using 2 of 4 workers for Concurrent thread roots
[1547.608s][info][gc          ] GC(164) Concurrent thread roots 0.888ms
[1547.608s][info][gc,start    ] GC(164) Concurrent weak references
[1547.608s][info][gc,task     ] GC(164) Using 2 of 4 workers for concurrent weak references
[1547.608s][info][gc,ref      ] GC(164) Encountered references: Soft: 6122, Weak: 23553, Final: 34, Phantom: 1210
[1547.608s][info][gc,ref      ] GC(164) Discovered  references: Soft: 0, Weak: 10504, Final: 0, Phantom: 848
[1547.608s][info][gc,ref      ] GC(164) Enqueued    references: Soft: 0, Weak: 1, Final: 0, Phantom: 0
[1547.608s][info][gc          ] GC(164) Concurrent weak references 0.457ms
[1547.608s][info][gc,start    ] GC(164) Concurrent weak roots
[1547.608s][info][gc,task     ] GC(164) Using 2 of 4 workers for concurrent weak root
[1547.611s][info][gc          ] GC(164) Concurrent weak roots 2.880ms
[1547.611s][info][gc,start    ] GC(164) Concurrent cleanup
[1547.611s][info][gc          ] GC(164) Concurrent cleanup 7071M->5611M(8192M) 0.036ms
[1547.611s][info][gc,ergo     ] GC(164) Free: 2169M, Max: 4096K regular, 560M humongous, Frag: 75% external, 0% internal; Reserve: 411M, Max: 4096K
[1547.611s][info][gc,start    ] GC(164) Concurrent class unloading
[1547.611s][info][gc,task     ] GC(164) Using 2 of 4 workers for concurrent class unloading
[1547.616s][info][gc          ] GC(164) Concurrent class unloading 4.995ms
[1547.616s][info][gc,start    ] GC(164) Concurrent strong roots
[1547.616s][info][gc,task     ] GC(164) Using 2 of 4 workers for concurrent strong root
[1547.616s][info][gc          ] GC(164) Concurrent strong roots 0.308ms
[1547.617s][info][gc,start    ] GC(164) Concurrent evacuation
[1547.617s][info][gc,task     ] GC(164) Using 2 of 4 workers for concurrent evacuation
[1547.661s][info][gc          ] GC(164) Concurrent evacuation 44.833ms
[1547.661s][info][gc,start    ] GC(164) Pause Init Update Refs
[1547.661s][info][gc,ergo     ] GC(164) Pacer for Update Refs. Used: 5738M, Free: 2141M, Non-Taxable: 214M, Alloc Tax Rate: 3.3x
[1547.661s][info][gc          ] GC(164) Pause Init Update Refs 0.044ms
[1547.662s][info][gc,start    ] GC(164) Concurrent update references
[1547.662s][info][gc,task     ] GC(164) Using 2 of 4 workers for concurrent reference update
[1547.810s][info][gc          ] GC(164) Concurrent update references 148.246ms
[1547.810s][info][gc,start    ] GC(164) Concurrent update thread roots
[1547.811s][info][gc          ] GC(164) Concurrent update thread roots 1.281ms
[1547.811s][info][gc,start    ] GC(164) Pause Final Update Refs
[1547.811s][info][gc,task     ] GC(164) Using 4 of 4 workers for final reference update
[1547.811s][info][gc          ] GC(164) Pause Final Update Refs 0.108ms
[1547.811s][info][gc,start    ] GC(164) Concurrent cleanup
[1547.811s][info][gc          ] GC(164) Concurrent cleanup 5814M->858M(8192M) 0.071ms
[1547.811s][info][gc,ergo     ] Free: 6921M, Max: 4096K regular, 5628M humongous, Frag: 19% external, 0% internal; Reserve: 412M, Max: 4096K
[1547.811s][info][gc,stats    ] 
[1547.811s][info][gc,stats    ] All times are wall-clock times, except per-root-class counters, that are sum over
[1547.811s][info][gc,stats    ] all workers. Dividing the <total> over the root stage time estimates parallelism.
[1547.811s][info][gc,stats    ] 
[1547.811s][info][gc,stats    ] Concurrent Reset                  12890 us
[1547.811s][info][gc,stats    ] Pause Init Mark (G)                 178 us
[1547.811s][info][gc,stats    ] Pause Init Mark (N)                 126 us
[1547.811s][info][gc,stats    ]   Update Region States               43 us
[1547.811s][info][gc,stats    ] Concurrent Mark Roots              1032 us, parallelism: 1.68x
[1547.811s][info][gc,stats    ]   CMR: <total>                     1735 us
[1547.811s][info][gc,stats    ]   CMR: Thread Roots                1592 us, workers (us): 738, 854, ---, ---, 
[1547.811s][info][gc,stats    ]   CMR: VM Strong Roots               14 us, workers (us):  14,   0, ---, ---, 
[1547.812s][info][gc,stats    ]   CMR: CLDG Roots                   129 us, workers (us): 129, ---, ---, ---, 
[1547.812s][info][gc,stats    ] Concurrent Marking               246409 us
[1547.812s][info][gc,stats    ] Pause Final Mark (G)                302 us
[1547.812s][info][gc,stats    ] Pause Final Mark (N)                264 us
[1547.812s][info][gc,stats    ]   Finish Mark                        21 us
[1547.812s][info][gc,stats    ]   Update Region States               17 us
[1547.812s][info][gc,stats    ]   Choose Collection Set             149 us
[1547.812s][info][gc,stats    ]   Rebuild Free Set                   10 us
[1547.812s][info][gc,stats    ] Concurrent Thread Roots             910 us, parallelism: 1.86x
[1547.812s][info][gc,stats    ]   CTR: <total>                     1688 us
[1547.812s][info][gc,stats    ]   CTR: Thread Roots                1688 us, workers (us): 844, 844, ---, ---, 
[1547.812s][info][gc,stats    ] Concurrent Weak References          468 us, parallelism: 1.19x
[1547.812s][info][gc,stats    ]   CWRF: <total>                     558 us
[1547.812s][info][gc,stats    ]   CWRF: Weak References             558 us, workers (us): 380, 179, ---, ---, 
[1547.812s][info][gc,stats    ] Concurrent Weak Roots              2905 us
[1547.812s][info][gc,stats    ]   Roots                            2800 us, parallelism: 1.91x
[1547.812s][info][gc,stats    ]     CWR: <total>                   5349 us
[1547.812s][info][gc,stats    ]     CWR: Code Cache Roots          3775 us, workers (us): 1830, 1945, ---, ---, 
[1547.812s][info][gc,stats    ]     CWR: VM Weak Roots             1513 us, workers (us): 756, 757, ---, ---, 
[1547.812s][info][gc,stats    ]     CWR: CLDG Roots                  62 us, workers (us):  62, ---, ---, ---, 
[1547.812s][info][gc,stats    ]   Rendezvous                         58 us
[1547.812s][info][gc,stats    ] Concurrent Cleanup                   49 us
[1547.812s][info][gc,stats    ] Concurrent Class Unloading         5020 us
[1547.812s][info][gc,stats    ]   Unlink Stale                     4876 us
[1547.812s][info][gc,stats    ]     System Dictionary                60 us
[1547.812s][info][gc,stats    ]     Weak Class Links                  0 us
[1547.812s][info][gc,stats    ]     Code Roots                     4815 us
[1547.812s][info][gc,stats    ]   Rendezvous                         62 us
[1547.812s][info][gc,stats    ]   Purge Unlinked                     33 us
[1547.812s][info][gc,stats    ]     Code Roots                       31 us
[1547.812s][info][gc,stats    ]     CLDG                              2 us
[1547.812s][info][gc,stats    ]     Exception Caches                  0 us
[1547.812s][info][gc,stats    ] Concurrent Strong Roots             330 us, parallelism: 0.63x
[1547.812s][info][gc,stats    ]   CSR: <total>                      207 us
[1547.812s][info][gc,stats    ]   CSR: VM Strong Roots               10 us, workers (us):   5,   5, ---, ---, 
[1547.812s][info][gc,stats    ]   CSR: CLDG Roots                   198 us, workers (us): 198, ---, ---, ---, 
[1547.812s][info][gc,stats    ] Concurrent Evacuation             44879 us
[1547.812s][info][gc,stats    ] Pause Init Update Refs (G)          126 us
[1547.812s][info][gc,stats    ] Pause Init Update Refs (N)           54 us
[1547.812s][info][gc,stats    ]   Manage GCLABs                       6 us
[1547.812s][info][gc,stats    ] Concurrent Update Refs           148289 us
[1547.812s][info][gc,stats    ] Concurrent Update Thread Roots     1307 us
[1547.812s][info][gc,stats    ] Pause Final Update Refs (G)         150 us
[1547.812s][info][gc,stats    ] Pause Final Update Refs (N)         123 us
[1547.812s][info][gc,stats    ]   Update Region States               37 us
[1547.812s][info][gc,stats    ]   Trash Collection Set               14 us
[1547.812s][info][gc,stats    ]   Rebuild Free Set                   11 us
[1547.812s][info][gc,stats    ] Concurrent Cleanup                   85 us
[1547.812s][info][gc,stats    ] 
[1547.812s][info][gc,stats    ] Allocation pacing accrued:
[1547.812s][info][gc,stats    ]       0 of  7908 ms (  0.0%): <total>
[1547.812s][info][gc,stats    ]       0 of  7908 ms (  0.0%): <average total>
[1547.812s][info][gc,stats    ] 
[1547.812s][info][gc,metaspace] Metaspace: 135471K(136832K)->135471K(136832K) NonClass: 114506K(115264K)->114506K(115264K) Class: 20965K(21568K)->20965K(21568K)
[1547.812s][info][gc,ergo     ] Pacer for Idle. Initial: 163M, Alloc Tax Rate: 1.0x
[1557.496s][info][gc          ] Trigger: Free (817M) is below minimum threshold (819M)
[1557.496s][info][gc,ergo     ] Free: 817M, Max: 4096K regular, 808M humongous, Frag: 0% external, 0% internal; Reserve: 412M, Max: 4096K
[1557.496s][info][gc,start    ] GC(165) Concurrent reset
[1557.496s][info][gc,task     ] GC(165) Using 2 of 4 workers for concurrent reset
[1557.496s][info][gc,ergo     ] GC(165) Pacer for Reset. Non-Taxable: 8192M
[1557.509s][info][gc          ] GC(165) Concurrent reset 13.172ms
[1557.509s][info][gc,start    ] GC(165) Pause Init Mark (unload classes)
[1557.509s][info][gc,task     ] GC(165) Using 4 of 4 workers for init marking
[1557.510s][info][gc,ergo     ] GC(165) Pacer for Mark. Expected Live: 484M, Free: 813M, Non-Taxable: 83296K, Alloc Tax Rate: 0.7x
[1557.510s][info][gc          ] GC(165) Pause Init Mark (unload classes) 0.111ms
[1557.510s][info][gc,start    ] GC(165) Concurrent marking roots
[1557.510s][info][gc,task     ] GC(165) Using 2 of 4 workers for concurrent marking roots
[1557.511s][info][gc          ] GC(165) Concurrent marking roots 1.178ms
[1557.511s][info][gc,start    ] GC(165) Concurrent marking (unload classes)
[1557.511s][info][gc,task     ] GC(165) Using 2 of 4 workers for concurrent marking
[1557.741s][info][gc          ] GC(165) Concurrent marking (unload classes) 230.382ms
[1557.741s][info][gc,start    ] GC(165) Pause Final Mark (unload classes)
[1557.741s][info][gc,task     ] GC(165) Using 4 of 4 workers for final marking
[1557.741s][info][gc,ergo     ] GC(165) Adaptive CSet Selection. Target Free: 1160M, Actual Free: 3636M, Max CSet: 341M, Min Garbage: 0B
[1557.742s][info][gc,ergo     ] GC(165) Collectable Garbage: 6455M (99%), Immediate: 2484M (38%), CSet: 3971M (61%)
[1557.742s][info][gc,ergo     ] GC(165) Pacer for Evacuation. Used CSet: 4028M, Free: 3233M, Non-Taxable: 323M, Alloc Tax Rate: 3.0x
[1557.742s][info][gc          ] GC(165) Pause Final Mark (unload classes) 0.307ms
[1557.742s][info][gc,start    ] GC(165) Concurrent thread roots
[1557.742s][info][gc,task     ] GC(165) Using 2 of 4 workers for Concurrent thread roots
[1557.742s][info][gc          ] GC(165) Concurrent thread roots 0.828ms
[1557.742s][info][gc,start    ] GC(165) Concurrent weak references
[1557.742s][info][gc,task     ] GC(165) Using 2 of 4 workers for concurrent weak references
[1557.743s][info][gc,ref      ] GC(165) Encountered references: Soft: 6122, Weak: 23556, Final: 34, Phantom: 1216
[1557.743s][info][gc,ref      ] GC(165) Discovered  references: Soft: 0, Weak: 15151, Final: 1, Phantom: 847
[1557.743s][info][gc,ref      ] GC(165) Enqueued    references: Soft: 0, Weak: 2, Final: 0, Phantom: 0
[1557.743s][info][gc          ] GC(165) Concurrent weak references 0.691ms
[1557.743s][info][gc,start    ] GC(165) Concurrent weak roots
[1557.743s][info][gc,task     ] GC(165) Using 2 of 4 workers for concurrent weak root
[1557.746s][info][gc          ] GC(165) Concurrent weak roots 2.885ms
[1557.746s][info][gc,start    ] GC(165) Concurrent cleanup
[1557.746s][info][gc          ] GC(165) Concurrent cleanup 7039M->4555M(8192M) 0.056ms
[1557.746s][info][gc,ergo     ] GC(165) Free: 3224M, Max: 4096K regular, 732M humongous, Frag: 78% external, 0% internal; Reserve: 411M, Max: 4096K
[1557.746s][info][gc,start    ] GC(165) Concurrent class unloading
[1557.746s][info][gc,task     ] GC(165) Using 2 of 4 workers for concurrent class unloading
[1557.751s][info][gc          ] GC(165) Concurrent class unloading 5.254ms
[1557.751s][info][gc,start    ] GC(165) Concurrent strong roots
[1557.751s][info][gc,task     ] GC(165) Using 2 of 4 workers for concurrent strong root
[1557.752s][info][gc          ] GC(165) Concurrent strong roots 0.377ms
[1557.752s][info][gc,start    ] GC(165) Concurrent evacuation
[1557.752s][info][gc,task     ] GC(165) Using 2 of 4 workers for concurrent evacuation
[1557.782s][info][gc          ] GC(165) Concurrent evacuation 29.937ms
[1557.782s][info][gc,start    ] GC(165) Pause Init Update Refs
[1557.782s][info][gc,ergo     ] GC(165) Pacer for Update Refs. Used: 4627M, Free: 3212M, Non-Taxable: 321M, Alloc Tax Rate: 1.8x
[1557.782s][info][gc          ] GC(165) Pause Init Update Refs 0.043ms
[1557.782s][info][gc,start    ] GC(165) Concurrent update references
[1557.782s][info][gc,task     ] GC(165) Using 2 of 4 workers for concurrent reference update
[1557.904s][info][gc          ] GC(165) Concurrent update references 122.447ms
[1557.904s][info][gc,start    ] GC(165) Concurrent update thread roots
[1557.906s][info][gc          ] GC(165) Concurrent update thread roots 1.426ms
[1557.906s][info][gc,start    ] GC(165) Pause Final Update Refs
[1557.906s][info][gc,task     ] GC(165) Using 4 of 4 workers for final reference update
[1557.906s][info][gc          ] GC(165) Pause Final Update Refs 0.100ms
[1557.906s][info][gc,start    ] GC(165) Concurrent cleanup
[1557.906s][info][gc          ] GC(165) Concurrent cleanup 4643M->615M(8192M) 0.058ms
[1557.906s][info][gc,ergo     ] Free: 7164M, Max: 4096K regular, 5908M humongous, Frag: 18% external, 0% internal; Reserve: 412M, Max: 4096K
[1557.906s][info][gc,stats    ] 
[1557.906s][info][gc,stats    ] All times are wall-clock times, except per-root-class counters, that are sum over
[1557.906s][info][gc,stats    ] all workers. Dividing the <total> over the root stage time estimates parallelism.
[1557.906s][info][gc,stats    ] 
[1557.906s][info][gc,stats    ] Concurrent Reset                  13237 us
[1557.906s][info][gc,stats    ] Pause Init Mark (G)                 223 us
[1557.906s][info][gc,stats    ] Pause Init Mark (N)                 127 us
[1557.906s][info][gc,stats    ]   Update Region States               39 us
[1557.906s][info][gc,stats    ] Concurrent Mark Roots              1199 us, parallelism: 1.41x
[1557.906s][info][gc,stats    ]   CMR: <total>                     1694 us
[1557.906s][info][gc,stats    ]   CMR: Thread Roots                1512 us, workers (us): 683, 829, ---, ---, 
[1557.906s][info][gc,stats    ]   CMR: VM Strong Roots               23 us, workers (us):  23,   0, ---, ---, 
[1557.906s][info][gc,stats    ]   CMR: CLDG Roots                   158 us, workers (us): 158, ---, ---, ---, 
[1557.906s][info][gc,stats    ] Concurrent Marking               230433 us
[1557.906s][info][gc,stats    ] Pause Final Mark (G)                412 us
[1557.906s][info][gc,stats    ] Pause Final Mark (N)                318 us
[1557.906s][info][gc,stats    ]   Finish Mark                        74 us
[1557.906s][info][gc,stats    ]   Update Region States               39 us
[1557.906s][info][gc,stats    ]   Choose Collection Set             128 us
[1557.906s][info][gc,stats    ]   Rebuild Free Set                   10 us
[1557.906s][info][gc,stats    ] Concurrent Thread Roots             847 us, parallelism: 1.85x
[1557.906s][info][gc,stats    ]   CTR: <total>                     1570 us
[1557.906s][info][gc,stats    ]   CTR: Thread Roots                1570 us, workers (us): 785, 784, ---, ---, 
[1557.906s][info][gc,stats    ] Concurrent Weak References          702 us, parallelism: 0.89x
[1557.906s][info][gc,stats    ]   CWRF: <total>                     625 us
[1557.906s][info][gc,stats    ]   CWRF: Weak References             625 us, workers (us):   1, 624, ---, ---, 
[1557.906s][info][gc,stats    ] Concurrent Weak Roots              2909 us
[1557.906s][info][gc,stats    ]   Roots                            2810 us, parallelism: 1.92x
[1557.906s][info][gc,stats    ]     CWR: <total>                   5393 us
[1557.906s][info][gc,stats    ]     CWR: Code Cache Roots          3849 us, workers (us): 1980, 1868, ---, ---, 
[1557.906s][info][gc,stats    ]     CWR: VM Weak Roots             1486 us, workers (us): 744, 742, ---, ---, 
[1557.907s][info][gc,stats    ]     CWR: CLDG Roots                  58 us, workers (us): ---,  58, ---, ---, 
[1557.907s][info][gc,stats    ]   Rendezvous                         54 us
[1557.907s][info][gc,stats    ] Concurrent Cleanup                   69 us
[1557.907s][info][gc,stats    ] Concurrent Class Unloading         5283 us
[1557.907s][info][gc,stats    ]   Unlink Stale                     5084 us
[1557.907s][info][gc,stats    ]     System Dictionary                56 us
[1557.907s][info][gc,stats    ]     Weak Class Links                  0 us
[1557.907s][info][gc,stats    ]     Code Roots                     5026 us
[1557.907s][info][gc,stats    ]   Rendezvous                         91 us
[1557.907s][info][gc,stats    ]   Purge Unlinked                     55 us
[1557.907s][info][gc,stats    ]     Code Roots                       53 us
[1557.907s][info][gc,stats    ]     CLDG                              3 us
[1557.907s][info][gc,stats    ]     Exception Caches                  0 us
[1557.907s][info][gc,stats    ] Concurrent Strong Roots             399 us, parallelism: 0.59x
[1557.907s][info][gc,stats    ]   CSR: <total>                      235 us
[1557.907s][info][gc,stats    ]   CSR: VM Strong Roots               12 us, workers (us):  12,   0, ---, ---, 
[1557.907s][info][gc,stats    ]   CSR: CLDG Roots                   223 us, workers (us): 223, ---, ---, ---, 
[1557.907s][info][gc,stats    ] Concurrent Evacuation             29980 us
[1557.907s][info][gc,stats    ] Pause Init Update Refs (G)          146 us
[1557.907s][info][gc,stats    ] Pause Init Update Refs (N)           54 us
[1557.907s][info][gc,stats    ]   Manage GCLABs                       6 us
[1557.907s][info][gc,stats    ] Concurrent Update Refs           122489 us
[1557.907s][info][gc,stats    ] Concurrent Update Thread Roots     1447 us
[1557.907s][info][gc,stats    ] Pause Final Update Refs (G)         153 us
[1557.907s][info][gc,stats    ] Pause Final Update Refs (N)         125 us
[1557.907s][info][gc,stats    ]   Update Region States               38 us
[1557.907s][info][gc,stats    ]   Trash Collection Set               12 us
[1557.907s][info][gc,stats    ]   Rebuild Free Set                   11 us
[1557.907s][info][gc,stats    ] Concurrent Cleanup                   72 us
[1557.907s][info][gc,stats    ] 
[1557.907s][info][gc,stats    ] Allocation pacing accrued:
[1557.907s][info][gc,stats    ]       0 of 10095 ms (  0.0%): <total>
[1557.907s][info][gc,stats    ]       0 of 10095 ms (  0.0%): <average total>
[1557.907s][info][gc,stats    ] 
[1557.907s][info][gc,metaspace] Metaspace: 135475K(136832K)->135475K(136832K) NonClass: 114509K(115264K)->114509K(115264K) Class: 20965K(21568K)->20965K(21568K)
[1557.907s][info][gc,ergo     ] Pacer for Idle. Initial: 163M, Alloc Tax Rate: 1.0x
[1568.141s][info][gc          ] Trigger: Free (816M) is below minimum threshold (819M)
[1568.141s][info][gc,ergo     ] Free: 816M, Max: 4096K regular, 768M humongous, Frag: 5% external, 0% internal; Reserve: 412M, Max: 4096K
[1568.141s][info][gc,start    ] GC(166) Concurrent reset
[1568.141s][info][gc,task     ] GC(166) Using 2 of 4 workers for concurrent reset
[1568.141s][info][gc,ergo     ] GC(166) Pacer for Reset. Non-Taxable: 8192M
[1568.151s][info][gc          ] GC(166) Concurrent reset 9.704ms
[1568.151s][info][gc,start    ] GC(166) Pause Init Mark (unload classes)
[1568.151s][info][gc,task     ] GC(166) Using 4 of 4 workers for init marking
[1568.151s][info][gc,ergo     ] GC(166) Pacer for Mark. Expected Live: 483M, Free: 816M, Non-Taxable: 83652K, Alloc Tax Rate: 0.7x
[1568.151s][info][gc          ] GC(166) Pause Init Mark (unload classes) 0.111ms
[1568.151s][info][gc,start    ] GC(166) Concurrent marking roots
[1568.151s][info][gc,task     ] GC(166) Using 2 of 4 workers for concurrent marking roots
[1568.152s][info][gc          ] GC(166) Concurrent marking roots 1.061ms
[1568.152s][info][gc,start    ] GC(166) Concurrent marking (unload classes)
[1568.152s][info][gc,task     ] GC(166) Using 2 of 4 workers for concurrent marking
[1568.391s][info][gc          ] GC(166) Concurrent marking (unload classes) 238.295ms
[1568.391s][info][gc,start    ] GC(166) Pause Final Mark (unload classes)
[1568.391s][info][gc,task     ] GC(166) Using 4 of 4 workers for final marking
[1568.391s][info][gc,ergo     ] GC(166) Adaptive CSet Selection. Target Free: 1160M, Actual Free: 1888M, Max CSet: 341M, Min Garbage: 0B
[1568.391s][info][gc,ergo     ] GC(166) Collectable Garbage: 6423M (99%), Immediate: 820M (12%), CSet: 5603M (86%)
[1568.391s][info][gc,ergo     ] GC(166) Pacer for Evacuation. Used CSet: 5692M, Free: 1485M, Non-Taxable: 148M, Alloc Tax Rate: 9.4x
[1568.391s][info][gc          ] GC(166) Pause Final Mark (unload classes) 0.321ms
[1568.391s][info][gc,start    ] GC(166) Concurrent thread roots
[1568.391s][info][gc,task     ] GC(166) Using 2 of 4 workers for Concurrent thread roots
[1568.392s][info][gc          ] GC(166) Concurrent thread roots 0.855ms
[1568.392s][info][gc,start    ] GC(166) Concurrent weak references
[1568.392s][info][gc,task     ] GC(166) Using 2 of 4 workers for concurrent weak references
[1568.392s][info][gc,ref      ] GC(166) Encountered references: Soft: 6122, Weak: 23563, Final: 34, Phantom: 1225
[1568.392s][info][gc,ref      ] GC(166) Discovered  references: Soft: 0, Weak: 8124, Final: 0, Phantom: 858
[1568.392s][info][gc,ref      ] GC(166) Enqueued    references: Soft: 0, Weak: 5, Final: 0, Phantom: 0
[1568.392s][info][gc          ] GC(166) Concurrent weak references 0.353ms
[1568.392s][info][gc,start    ] GC(166) Concurrent weak roots
[1568.392s][info][gc,task     ] GC(166) Using 2 of 4 workers for concurrent weak root
[1568.395s][info][gc          ] GC(166) Concurrent weak roots 2.872ms
[1568.395s][info][gc,start    ] GC(166) Concurrent cleanup
[1568.395s][info][gc          ] GC(166) Concurrent cleanup 7122M->6302M(8192M) 0.031ms
[1568.395s][info][gc,ergo     ] GC(166) Free: 1477M, Max: 4096K regular, 644M humongous, Frag: 57% external, 0% internal; Reserve: 411M, Max: 4096K
[1568.395s][info][gc,start    ] GC(166) Concurrent class unloading
[1568.395s][info][gc,task     ] GC(166) Using 2 of 4 workers for concurrent class unloading
[1568.402s][info][gc          ] GC(166) Concurrent class unloading 7.098ms
[1568.402s][info][gc,start    ] GC(166) Concurrent strong roots
[1568.403s][info][gc,task     ] GC(166) Using 2 of 4 workers for concurrent strong root
[1568.403s][info][gc          ] GC(166) Concurrent strong roots 0.355ms
[1568.403s][info][gc,start    ] GC(166) Concurrent evacuation
[1568.403s][info][gc,task     ] GC(166) Using 2 of 4 workers for concurrent evacuation
[1568.449s][info][gc          ] GC(166) Concurrent evacuation 45.828ms
[1568.449s][info][gc,start    ] GC(166) Pause Init Update Refs
[1568.449s][info][gc,ergo     ] GC(166) Pacer for Update Refs. Used: 6426M, Free: 1449M, Non-Taxable: 144M, Alloc Tax Rate: 5.4x
[1568.449s][info][gc          ] GC(166) Pause Init Update Refs 0.044ms
[1568.449s][info][gc,start    ] GC(166) Concurrent update references
[1568.449s][info][gc,task     ] GC(166) Using 2 of 4 workers for concurrent reference update
[1568.603s][info][gc          ] GC(166) Concurrent update references 154.141ms
[1568.603s][info][gc,start    ] GC(166) Concurrent update thread roots
[1568.605s][info][gc          ] GC(166) Concurrent update thread roots 1.427ms
[1568.605s][info][gc,start    ] GC(166) Pause Final Update Refs
[1568.605s][info][gc,task     ] GC(166) Using 4 of 4 workers for final reference update
[1568.605s][info][gc          ] GC(166) Pause Final Update Refs 0.109ms
[1568.605s][info][gc,start    ] GC(166) Concurrent cleanup
[1568.605s][info][gc          ] GC(166) Concurrent cleanup 6530M->838M(8192M) 0.073ms
[1568.605s][info][gc,ergo     ] Free: 6941M, Max: 4096K regular, 5516M humongous, Frag: 21% external, 0% internal; Reserve: 412M, Max: 4096K
[1568.605s][info][gc,stats    ] 
[1568.605s][info][gc,stats    ] All times are wall-clock times, except per-root-class counters, that are sum over
[1568.605s][info][gc,stats    ] all workers. Dividing the <total> over the root stage time estimates parallelism.
[1568.605s][info][gc,stats    ] 
[1568.605s][info][gc,stats    ] Concurrent Reset                   9761 us
[1568.605s][info][gc,stats    ] Pause Init Mark (G)                 189 us
[1568.605s][info][gc,stats    ] Pause Init Mark (N)                 122 us
[1568.605s][info][gc,stats    ]   Update Region States               53 us
[1568.605s][info][gc,stats    ] Concurrent Mark Roots              1081 us, parallelism: 1.64x
[1568.605s][info][gc,stats    ]   CMR: <total>                     1777 us
[1568.605s][info][gc,stats    ]   CMR: Thread Roots                1633 us, workers (us): 755, 879, ---, ---, 
[1568.605s][info][gc,stats    ]   CMR: VM Strong Roots               14 us, workers (us):  14,   0, ---, ---, 
[1568.605s][info][gc,stats    ]   CMR: CLDG Roots                   130 us, workers (us): 130, ---, ---, ---, 
[1568.605s][info][gc,stats    ] Concurrent Marking               238342 us
[1568.605s][info][gc,stats    ] Pause Final Mark (G)                377 us
[1568.605s][info][gc,stats    ] Pause Final Mark (N)                332 us
[1568.605s][info][gc,stats    ]   Finish Mark                        44 us
[1568.605s][info][gc,stats    ]   Update Region States               53 us
[1568.605s][info][gc,stats    ]   Choose Collection Set             157 us
[1568.605s][info][gc,stats    ]   Rebuild Free Set                    9 us
[1568.605s][info][gc,stats    ] Concurrent Thread Roots             877 us, parallelism: 1.85x
[1568.605s][info][gc,stats    ]   CTR: <total>                     1620 us
[1568.605s][info][gc,stats    ]   CTR: Thread Roots                1620 us, workers (us): 808, 811, ---, ---, 
[1568.605s][info][gc,stats    ] Concurrent Weak References          364 us, parallelism: 0.88x
[1568.605s][info][gc,stats    ]   CWRF: <total>                     320 us
[1568.605s][info][gc,stats    ]   CWRF: Weak References             320 us, workers (us):  60, 260, ---, ---, 
[1568.605s][info][gc,stats    ] Concurrent Weak Roots              2894 us
[1568.605s][info][gc,stats    ]   Roots                            2725 us, parallelism: 1.92x
[1568.605s][info][gc,stats    ]     CWR: <total>                   5240 us
[1568.605s][info][gc,stats    ]     CWR: Code Cache Roots          3621 us, workers (us): 1834, 1787, ---, ---, 
[1568.605s][info][gc,stats    ]     CWR: VM Weak Roots             1550 us, workers (us): 790, 760, ---, ---, 
[1568.605s][info][gc,stats    ]     CWR: CLDG Roots                  69 us, workers (us): ---,  69, ---, ---, 
[1568.605s][info][gc,stats    ]   Rendezvous                        126 us
[1568.605s][info][gc,stats    ] Concurrent Cleanup                   44 us
[1568.605s][info][gc,stats    ] Concurrent Class Unloading         7138 us
[1568.605s][info][gc,stats    ]   Unlink Stale                     6814 us
[1568.605s][info][gc,stats    ]     System Dictionary                60 us
[1568.605s][info][gc,stats    ]     Weak Class Links                  0 us
[1568.605s][info][gc,stats    ]     Code Roots                     6752 us
[1568.605s][info][gc,stats    ]   Rendezvous                         78 us
[1568.605s][info][gc,stats    ]   Purge Unlinked                    183 us
[1568.605s][info][gc,stats    ]     Code Roots                      181 us
[1568.605s][info][gc,stats    ]     CLDG                              2 us
[1568.605s][info][gc,stats    ] Concurrent Strong Roots             413 us, parallelism: 0.53x
[1568.605s][info][gc,stats    ]   CSR: <total>                      217 us
[1568.605s][info][gc,stats    ]   CSR: VM Strong Roots               11 us, workers (us):  10,   0, ---, ---, 
[1568.605s][info][gc,stats    ]   CSR: CLDG Roots                   207 us, workers (us): 207, ---, ---, ---, 
[1568.605s][info][gc,stats    ] Concurrent Evacuation             45874 us
[1568.605s][info][gc,stats    ] Pause Init Update Refs (G)          148 us
[1568.605s][info][gc,stats    ] Pause Init Update Refs (N)           55 us
[1568.605s][info][gc,stats    ]   Manage GCLABs                       6 us
[1568.605s][info][gc,stats    ] Concurrent Update Refs           154181 us
[1568.605s][info][gc,stats    ] Concurrent Update Thread Roots     1452 us
[1568.605s][info][gc,stats    ] Pause Final Update Refs (G)         212 us
[1568.605s][info][gc,stats    ] Pause Final Update Refs (N)         132 us
[1568.605s][info][gc,stats    ]   Update Region States               44 us
[1568.605s][info][gc,stats    ]   Trash Collection Set               14 us
[1568.605s][info][gc,stats    ]   Rebuild Free Set                   10 us
[1568.605s][info][gc,stats    ] Concurrent Cleanup                   87 us
[1568.605s][info][gc,stats    ] 
[1568.606s][info][gc,stats    ] Allocation pacing accrued:
[1568.606s][info][gc,stats    ]       0 of 10699 ms (  0.0%): <total>
[1568.606s][info][gc,stats    ]       0 of 10699 ms (  0.0%): <average total>
[1568.606s][info][gc,stats    ] 
[1568.606s][info][gc,metaspace] Metaspace: 135479K(136832K)->135479K(136832K) NonClass: 114513K(115264K)->114513K(115264K) Class: 20965K(21568K)->20965K(21568K)
[1568.606s][info][gc,ergo     ] Pacer for Idle. Initial: 163M, Alloc Tax Rate: 1.0x
[1576.417s][info][gc          ] Trigger: Free (817M) is below minimum threshold (819M)
[1576.417s][info][gc,ergo     ] Free: 817M, Max: 4096K regular, 612M humongous, Frag: 24% external, 0% internal; Reserve: 412M, Max: 4096K
[1576.417s][info][gc,start    ] GC(167) Concurrent reset
[1576.417s][info][gc,task     ] GC(167) Using 2 of 4 workers for concurrent reset
[1576.417s][info][gc,ergo     ] GC(167) Pacer for Reset. Non-Taxable: 8192M
[1576.435s][info][gc          ] GC(167) Concurrent reset 17.976ms
[1576.435s][info][gc,start    ] GC(167) Pause Init Mark (unload classes)
[1576.435s][info][gc,task     ] GC(167) Using 4 of 4 workers for init marking
[1576.436s][info][gc,ergo     ] GC(167) Pacer for Mark. Expected Live: 485M, Free: 809M, Non-Taxable: 82870K, Alloc Tax Rate: 0.7x
[1576.436s][info][gc          ] GC(167) Pause Init Mark (unload classes) 0.124ms
[1576.436s][info][gc,start    ] GC(167) Concurrent marking roots
[1576.436s][info][gc,task     ] GC(167) Using 2 of 4 workers for concurrent marking roots
[1576.437s][info][gc          ] GC(167) Concurrent marking roots 1.179ms
[1576.437s][info][gc,start    ] GC(167) Concurrent marking (unload classes)
[1576.437s][info][gc,task     ] GC(167) Using 2 of 4 workers for concurrent marking
[1576.667s][info][gc          ] GC(167) Concurrent marking (unload classes) 229.991ms
[1576.667s][info][gc,start    ] GC(167) Pause Final Mark (unload classes)
[1576.667s][info][gc,task     ] GC(167) Using 4 of 4 workers for final marking
[1576.667s][info][gc,ergo     ] GC(167) Adaptive CSet Selection. Target Free: 1160M, Actual Free: 3272M, Max CSet: 341M, Min Garbage: 0B
[1576.667s][info][gc,ergo     ] GC(167) Collectable Garbage: 6437M (99%), Immediate: 2216M (34%), CSet: 4221M (65%)
[1576.667s][info][gc,ergo     ] GC(167) Pacer for Evacuation. Used CSet: 4304M, Free: 2877M, Non-Taxable: 287M, Alloc Tax Rate: 3.7x
[1576.667s][info][gc          ] GC(167) Pause Final Mark (unload classes) 0.224ms
[1576.667s][info][gc,start    ] GC(167) Concurrent thread roots
[1576.667s][info][gc,task     ] GC(167) Using 2 of 4 workers for Concurrent thread roots
[1576.668s][info][gc          ] GC(167) Concurrent thread roots 0.813ms
[1576.668s][info][gc,start    ] GC(167) Concurrent weak references
[1576.668s][info][gc,task     ] GC(167) Using 2 of 4 workers for concurrent weak references
[1576.668s][info][gc,ref      ] GC(167) Encountered references: Soft: 6122, Weak: 23560, Final: 34, Phantom: 1228
[1576.668s][info][gc,ref      ] GC(167) Discovered  references: Soft: 0, Weak: 984, Final: 0, Phantom: 858
[1576.668s][info][gc,ref      ] GC(167) Enqueued    references: Soft: 0, Weak: 2, Final: 0, Phantom: 0
[1576.668s][info][gc          ] GC(167) Concurrent weak references 0.141ms
[1576.668s][info][gc,start    ] GC(167) Concurrent weak roots
[1576.668s][info][gc,task     ] GC(167) Using 2 of 4 workers for concurrent weak root
[1576.671s][info][gc          ] GC(167) Concurrent weak roots 2.727ms
[1576.671s][info][gc,start    ] GC(167) Concurrent cleanup
[1576.671s][info][gc          ] GC(167) Concurrent cleanup 7127M->4911M(8192M) 0.039ms
[1576.671s][info][gc,ergo     ] GC(167) Free: 2868M, Max: 4096K regular, 612M humongous, Frag: 79% external, 0% internal; Reserve: 411M, Max: 4096K
[1576.671s][info][gc,start    ] GC(167) Concurrent class unloading
[1576.671s][info][gc,task     ] GC(167) Using 2 of 4 workers for concurrent class unloading
[1576.676s][info][gc          ] GC(167) Concurrent class unloading 4.985ms
[1576.676s][info][gc,start    ] GC(167) Concurrent strong roots
[1576.676s][info][gc,task     ] GC(167) Using 2 of 4 workers for concurrent strong root
[1576.676s][info][gc          ] GC(167) Concurrent strong roots 0.266ms
[1576.676s][info][gc,start    ] GC(167) Concurrent evacuation
[1576.676s][info][gc,task     ] GC(167) Using 2 of 4 workers for concurrent evacuation
[1576.714s][info][gc          ] GC(167) Concurrent evacuation 37.702ms
[1576.714s][info][gc,start    ] GC(167) Pause Init Update Refs
[1576.714s][info][gc,ergo     ] GC(167) Pacer for Update Refs. Used: 5015M, Free: 2852M, Non-Taxable: 285M, Alloc Tax Rate: 2.1x
[1576.714s][info][gc          ] GC(167) Pause Init Update Refs 0.044ms
[1576.714s][info][gc,start    ] GC(167) Concurrent update references
[1576.714s][info][gc,task     ] GC(167) Using 2 of 4 workers for concurrent reference update
[1576.861s][info][gc          ] GC(167) Concurrent update references 147.262ms
[1576.861s][info][gc,start    ] GC(167) Concurrent update thread roots
[1576.863s][info][gc          ] GC(167) Concurrent update thread roots 1.760ms
[1576.863s][info][gc,start    ] GC(167) Pause Final Update Refs
[1576.863s][info][gc,task     ] GC(167) Using 4 of 4 workers for final reference update
[1576.863s][info][gc          ] GC(167) Pause Final Update Refs 0.099ms
[1576.863s][info][gc,start    ] GC(167) Concurrent cleanup
[1576.863s][info][gc          ] GC(167) Concurrent cleanup 5095M->791M(8192M) 0.065ms
[1576.863s][info][gc,ergo     ] Free: 6988M, Max: 4096K regular, 5760M humongous, Frag: 18% external, 0% internal; Reserve: 412M, Max: 4096K
[1576.863s][info][gc,stats    ] 
[1576.863s][info][gc,stats    ] All times are wall-clock times, except per-root-class counters, that are sum over
[1576.863s][info][gc,stats    ] all workers. Dividing the <total> over the root stage time estimates parallelism.
[1576.863s][info][gc,stats    ] 
[1576.863s][info][gc,stats    ] Concurrent Reset                  18034 us
[1576.863s][info][gc,stats    ] Pause Init Mark (G)                 251 us
[1576.863s][info][gc,stats    ] Pause Init Mark (N)                 137 us
[1576.863s][info][gc,stats    ]   Update Region States               44 us
[1576.863s][info][gc,stats    ] Concurrent Mark Roots              1201 us, parallelism: 1.57x
[1576.863s][info][gc,stats    ]   CMR: <total>                     1891 us
[1576.864s][info][gc,stats    ]   CMR: Thread Roots                1686 us, workers (us): 754, 933, ---, ---, 
[1576.864s][info][gc,stats    ]   CMR: VM Strong Roots               17 us, workers (us):  17,   0, ---, ---, 
[1576.864s][info][gc,stats    ]   CMR: CLDG Roots                   188 us, workers (us): 188, ---, ---, ---, 
[1576.864s][info][gc,stats    ] Concurrent Marking               230041 us
[1576.864s][info][gc,stats    ] Pause Final Mark (G)                252 us
[1576.864s][info][gc,stats    ] Pause Final Mark (N)                234 us
[1576.864s][info][gc,stats    ]   Finish Mark                        20 us
[1576.864s][info][gc,stats    ]   Update Region States               15 us
[1576.864s][info][gc,stats    ]   Choose Collection Set             122 us
[1576.864s][info][gc,stats    ]   Rebuild Free Set                   11 us
[1576.864s][info][gc,stats    ] Concurrent Thread Roots             834 us, parallelism: 1.86x
[1576.864s][info][gc,stats    ]   CTR: <total>                     1547 us
[1576.864s][info][gc,stats    ]   CTR: Thread Roots                1547 us, workers (us): 772, 775, ---, ---, 
[1576.864s][info][gc,stats    ] Concurrent Weak References          151 us, parallelism: 0.61x
[1576.864s][info][gc,stats    ]   CWRF: <total>                      93 us
[1576.864s][info][gc,stats    ]   CWRF: Weak References              93 us, workers (us):  77,  16, ---, ---, 
[1576.864s][info][gc,stats    ] Concurrent Weak Roots              2745 us
[1576.864s][info][gc,stats    ]   Roots                            2656 us, parallelism: 1.92x
[1576.864s][info][gc,stats    ]     CWR: <total>                   5095 us
[1576.864s][info][gc,stats    ]     CWR: Code Cache Roots          3571 us, workers (us): 1736, 1835, ---, ---, 
[1576.864s][info][gc,stats    ]     CWR: VM Weak Roots             1473 us, workers (us): 736, 737, ---, ---, 
[1576.864s][info][gc,stats    ]     CWR: CLDG Roots                  51 us, workers (us):  51, ---, ---, ---, 
[1576.864s][info][gc,stats    ]   Rendezvous                         50 us
[1576.864s][info][gc,stats    ] Concurrent Cleanup                   51 us
[1576.864s][info][gc,stats    ] Concurrent Class Unloading         5005 us
[1576.864s][info][gc,stats    ]   Unlink Stale                     4912 us
[1576.864s][info][gc,stats    ]     System Dictionary                45 us
[1576.864s][info][gc,stats    ]     Weak Class Links                  0 us
[1576.864s][info][gc,stats    ]     Code Roots                     4866 us
[1576.864s][info][gc,stats    ]   Rendezvous                         48 us
[1576.864s][info][gc,stats    ]   Purge Unlinked                      3 us
[1576.864s][info][gc,stats    ]     Code Roots                        1 us
[1576.864s][info][gc,stats    ]     CLDG                              2 us
[1576.864s][info][gc,stats    ]     Exception Caches                  0 us
[1576.864s][info][gc,stats    ] Concurrent Strong Roots             279 us, parallelism: 0.73x
[1576.864s][info][gc,stats    ]   CSR: <total>                      205 us
[1576.864s][info][gc,stats    ]   CSR: VM Strong Roots                9 us, workers (us):   5,   4, ---, ---, 
[1576.864s][info][gc,stats    ]   CSR: CLDG Roots                   195 us, workers (us): ---, 195, ---, ---, 
[1576.864s][info][gc,stats    ] Concurrent Evacuation             37749 us
[1576.864s][info][gc,stats    ] Pause Init Update Refs (G)           84 us
[1576.864s][info][gc,stats    ] Pause Init Update Refs (N)           55 us
[1576.864s][info][gc,stats    ]   Manage GCLABs                       6 us
[1576.864s][info][gc,stats    ] Concurrent Update Refs           147310 us
[1576.864s][info][gc,stats    ] Concurrent Update Thread Roots     1785 us
[1576.864s][info][gc,stats    ] Pause Final Update Refs (G)         149 us
[1576.864s][info][gc,stats    ] Pause Final Update Refs (N)         126 us
[1576.864s][info][gc,stats    ]   Update Region States               34 us
[1576.864s][info][gc,stats    ]   Trash Collection Set               14 us
[1576.864s][info][gc,stats    ]   Rebuild Free Set                   12 us
[1576.864s][info][gc,stats    ] Concurrent Cleanup                   80 us
[1576.864s][info][gc,stats    ] 
[1576.864s][info][gc,stats    ] Allocation pacing accrued:
[1576.864s][info][gc,stats    ]       0 of  8259 ms (  0.0%): <total>
[1576.864s][info][gc,stats    ]       0 of  8259 ms (  0.0%): <average total>
[1576.864s][info][gc,stats    ] 
[1576.864s][info][gc,metaspace] Metaspace: 135479K(136832K)->135479K(136832K) NonClass: 114513K(115264K)->114513K(115264K) Class: 20965K(21568K)->20965K(21568K)
[1576.864s][info][gc,ergo     ] Pacer for Idle. Initial: 163M, Alloc Tax Rate: 1.0x
[1585.525s][info][gc          ] Trigger: Free (816M) is below minimum threshold (819M)
[1585.526s][info][gc,ergo     ] Free: 816M, Max: 4096K regular, 620M humongous, Frag: 23% external, 0% internal; Reserve: 412M, Max: 4096K
[1585.526s][info][gc,start    ] GC(168) Concurrent reset
[1585.526s][info][gc,task     ] GC(168) Using 2 of 4 workers for concurrent reset
[1585.526s][info][gc,ergo     ] GC(168) Pacer for Reset. Non-Taxable: 8192M
[1585.539s][info][gc          ] GC(168) Concurrent reset 13.755ms
[1585.539s][info][gc,start    ] GC(168) Pause Init Mark (unload classes)
[1585.539s][info][gc,task     ] GC(168) Using 4 of 4 workers for init marking
[1585.539s][info][gc,ergo     ] GC(168) Pacer for Mark. Expected Live: 494M, Free: 808M, Non-Taxable: 82827K, Alloc Tax Rate: 0.7x
[1585.539s][info][gc          ] GC(168) Pause Init Mark (unload classes) 0.109ms
[1585.540s][info][gc,start    ] GC(168) Concurrent marking roots
[1585.540s][info][gc,task     ] GC(168) Using 2 of 4 workers for concurrent marking roots
[1585.541s][info][gc          ] GC(168) Concurrent marking roots 1.029ms
[1585.541s][info][gc,start    ] GC(168) Concurrent marking (unload classes)
[1585.541s][info][gc,task     ] GC(168) Using 2 of 4 workers for concurrent marking
[1585.779s][info][gc          ] GC(168) Concurrent marking (unload classes) 238.303ms
[1585.779s][info][gc,start    ] GC(168) Pause Final Mark (unload classes)
[1585.779s][info][gc,task     ] GC(168) Using 4 of 4 workers for final marking
[1585.779s][info][gc,ergo     ] GC(168) Adaptive CSet Selection. Target Free: 1160M, Actual Free: 2384M, Max CSet: 341M, Min Garbage: 0B
[1585.779s][info][gc,ergo     ] GC(168) Collectable Garbage: 6447M (99%), Immediate: 1348M (20%), CSet: 5099M (78%)
[1585.779s][info][gc,ergo     ] GC(168) Pacer for Evacuation. Used CSet: 5172M, Free: 1989M, Non-Taxable: 198M, Alloc Tax Rate: 6.4x
[1585.779s][info][gc          ] GC(168) Pause Final Mark (unload classes) 0.320ms
[1585.779s][info][gc,start    ] GC(168) Concurrent thread roots
[1585.779s][info][gc,task     ] GC(168) Using 2 of 4 workers for Concurrent thread roots
[1585.780s][info][gc          ] GC(168) Concurrent thread roots 0.821ms
[1585.780s][info][gc,start    ] GC(168) Concurrent weak references
[1585.780s][info][gc,task     ] GC(168) Using 2 of 4 workers for concurrent weak references
[1585.781s][info][gc,ref      ] GC(168) Encountered references: Soft: 6122, Weak: 23563, Final: 34, Phantom: 1234
[1585.781s][info][gc,ref      ] GC(168) Discovered  references: Soft: 0, Weak: 8193, Final: 0, Phantom: 858
[1585.781s][info][gc,ref      ] GC(168) Enqueued    references: Soft: 0, Weak: 3, Final: 0, Phantom: 0
[1585.781s][info][gc          ] GC(168) Concurrent weak references 0.427ms
[1585.781s][info][gc,start    ] GC(168) Concurrent weak roots
[1585.781s][info][gc,task     ] GC(168) Using 2 of 4 workers for concurrent weak root
[1585.783s][info][gc          ] GC(168) Concurrent weak roots 2.756ms
[1585.783s][info][gc,start    ] GC(168) Concurrent cleanup
[1585.783s][info][gc          ] GC(168) Concurrent cleanup 7147M->5799M(8192M) 0.035ms
[1585.783s][info][gc,ergo     ] GC(168) Free: 1981M, Max: 4096K regular, 620M humongous, Frag: 69% external, 0% internal; Reserve: 411M, Max: 4096K
[1585.783s][info][gc,start    ] GC(168) Concurrent class unloading
[1585.783s][info][gc,task     ] GC(168) Using 2 of 4 workers for concurrent class unloading
[1585.789s][info][gc          ] GC(168) Concurrent class unloading 5.379ms
[1585.789s][info][gc,start    ] GC(168) Concurrent strong roots
[1585.789s][info][gc,task     ] GC(168) Using 2 of 4 workers for concurrent strong root
[1585.789s][info][gc          ] GC(168) Concurrent strong roots 0.292ms
[1585.789s][info][gc,start    ] GC(168) Concurrent evacuation
[1585.789s][info][gc,task     ] GC(168) Using 2 of 4 workers for concurrent evacuation
[1585.826s][info][gc          ] GC(168) Concurrent evacuation 37.017ms
[1585.826s][info][gc,start    ] GC(168) Pause Init Update Refs
[1585.826s][info][gc,ergo     ] GC(168) Pacer for Update Refs. Used: 5886M, Free: 1969M, Non-Taxable: 196M, Alloc Tax Rate: 3.7x
[1585.826s][info][gc          ] GC(168) Pause Init Update Refs 0.045ms
[1585.826s][info][gc,start    ] GC(168) Concurrent update references
[1585.826s][info][gc,task     ] GC(168) Using 2 of 4 workers for concurrent reference update
[1585.978s][info][gc          ] GC(168) Concurrent update references 151.480ms
[1585.978s][info][gc,start    ] GC(168) Concurrent update thread roots
[1585.979s][info][gc          ] GC(168) Concurrent update thread roots 1.447ms
[1585.979s][info][gc,start    ] GC(168) Pause Final Update Refs
[1585.979s][info][gc,task     ] GC(168) Using 4 of 4 workers for final reference update
[1585.979s][info][gc          ] GC(168) Pause Final Update Refs 0.100ms
[1585.979s][info][gc,start    ] GC(168) Concurrent cleanup
[1585.980s][info][gc          ] GC(168) Concurrent cleanup 5948M->776M(8192M) 0.060ms
[1585.980s][info][gc,ergo     ] Free: 7003M, Max: 4096K regular, 5884M humongous, Frag: 16% external, 0% internal; Reserve: 412M, Max: 4096K
[1585.980s][info][gc,stats    ] 
[1585.980s][info][gc,stats    ] All times are wall-clock times, except per-root-class counters, that are sum over
[1585.980s][info][gc,stats    ] all workers. Dividing the <total> over the root stage time estimates parallelism.
[1585.980s][info][gc,stats    ] 
[1585.980s][info][gc,stats    ] Concurrent Reset                  13813 us
[1585.980s][info][gc,stats    ] Pause Init Mark (G)                 206 us
[1585.980s][info][gc,stats    ] Pause Init Mark (N)                 122 us
[1585.980s][info][gc,stats    ]   Update Region States               37 us
[1585.980s][info][gc,stats    ] Concurrent Mark Roots              1050 us, parallelism: 1.64x
[1585.980s][info][gc,stats    ]   CMR: <total>                     1726 us
[1585.980s][info][gc,stats    ]   CMR: Thread Roots                1586 us, workers (us): 736, 850, ---, ---, 
[1585.980s][info][gc,stats    ]   CMR: VM Strong Roots               13 us, workers (us):  13,   0, ---, ---, 
[1585.980s][info][gc,stats    ]   CMR: CLDG Roots                   127 us, workers (us): 127, ---, ---, ---, 
[1585.980s][info][gc,stats    ] Concurrent Marking               238343 us
[1585.980s][info][gc,stats    ] Pause Final Mark (G)                381 us
[1585.980s][info][gc,stats    ] Pause Final Mark (N)                331 us
[1585.980s][info][gc,stats    ]   Finish Mark                        80 us
[1585.980s][info][gc,stats    ]   Update Region States               37 us
[1585.980s][info][gc,stats    ]   Choose Collection Set             139 us
[1585.980s][info][gc,stats    ]   Rebuild Free Set                   10 us
[1585.980s][info][gc,stats    ] Concurrent Thread Roots             842 us, parallelism: 1.74x
[1585.980s][info][gc,stats    ]   CTR: <total>                     1466 us
[1585.980s][info][gc,stats    ]   CTR: Thread Roots                1466 us, workers (us): 746, 720, ---, ---, 
[1585.980s][info][gc,stats    ] Concurrent Weak References          438 us, parallelism: 0.79x
[1585.980s][info][gc,stats    ]   CWRF: <total>                     347 us
[1585.980s][info][gc,stats    ]   CWRF: Weak References             347 us, workers (us):  53, 295, ---, ---, 
[1585.980s][info][gc,stats    ] Concurrent Weak Roots              2781 us
[1585.980s][info][gc,stats    ]   Roots                            2659 us, parallelism: 1.91x
[1585.980s][info][gc,stats    ]     CWR: <total>                   5073 us
[1585.980s][info][gc,stats    ]     CWR: Code Cache Roots          3534 us, workers (us): 1786, 1748, ---, ---, 
[1585.980s][info][gc,stats    ]     CWR: VM Weak Roots             1488 us, workers (us): 744, 744, ---, ---, 
[1585.980s][info][gc,stats    ]     CWR: CLDG Roots                  51 us, workers (us): ---,  51, ---, ---, 
[1585.980s][info][gc,stats    ]   Rendezvous                         71 us
[1585.980s][info][gc,stats    ] Concurrent Cleanup                   48 us
[1585.980s][info][gc,stats    ] Concurrent Class Unloading         5409 us
[1585.980s][info][gc,stats    ]   Unlink Stale                     5111 us
[1585.980s][info][gc,stats    ]     System Dictionary                36 us
[1585.980s][info][gc,stats    ]     Weak Class Links                  0 us
[1585.980s][info][gc,stats    ]     Code Roots                     5073 us
[1585.980s][info][gc,stats    ]   Rendezvous                        160 us
[1585.980s][info][gc,stats    ]   Purge Unlinked                     84 us
[1585.980s][info][gc,stats    ]     Code Roots                       80 us
[1585.980s][info][gc,stats    ]     CLDG                              3 us
[1585.980s][info][gc,stats    ]     Exception Caches                  0 us
[1585.980s][info][gc,stats    ] Concurrent Strong Roots             315 us, parallelism: 0.71x
[1585.980s][info][gc,stats    ]   CSR: <total>                      222 us
[1585.980s][info][gc,stats    ]   CSR: VM Strong Roots               13 us, workers (us):   7,   6, ---, ---, 
[1585.980s][info][gc,stats    ]   CSR: CLDG Roots                   209 us, workers (us): 209, ---, ---, ---, 
[1585.980s][info][gc,stats    ] Concurrent Evacuation             37062 us
[1585.980s][info][gc,stats    ] Pause Init Update Refs (G)           85 us
[1585.980s][info][gc,stats    ] Pause Init Update Refs (N)           56 us
[1585.980s][info][gc,stats    ]   Manage GCLABs                       6 us
[1585.980s][info][gc,stats    ] Concurrent Update Refs           151510 us
[1585.980s][info][gc,stats    ] Concurrent Update Thread Roots     1460 us
[1585.980s][info][gc,stats    ] Pause Final Update Refs (G)         173 us
[1585.980s][info][gc,stats    ] Pause Final Update Refs (N)         125 us
[1585.980s][info][gc,stats    ]   Update Region States               38 us
[1585.980s][info][gc,stats    ]   Trash Collection Set               12 us
[1585.980s][info][gc,stats    ]   Rebuild Free Set                   10 us
[1585.980s][info][gc,stats    ] Concurrent Cleanup                   73 us
[1585.980s][info][gc,stats    ] 
[1585.980s][info][gc,stats    ] Allocation pacing accrued:
[1585.980s][info][gc,stats    ]       0 of  9116 ms (  0.0%): <total>
[1585.980s][info][gc,stats    ]       0 of  9116 ms (  0.0%): <average total>
[1585.980s][info][gc,stats    ] 
[1585.980s][info][gc,metaspace] Metaspace: 135481K(136832K)->135481K(136832K) NonClass: 114515K(115264K)->114515K(115264K) Class: 20965K(21568K)->20965K(21568K)
[1585.980s][info][gc,ergo     ] Pacer for Idle. Initial: 163M, Alloc Tax Rate: 1.0x
[1596.647s][info][gc          ] Trigger: Average GC time (477.03 ms) is above the time for average allocation rate (1119 MB/s) to deplete free headroom (491M) (margin of error = 1.96)
[1596.647s][info][gc,ergo     ] Free headroom: 901M (free) - 409M (spike) - 0B (penalties) = 491M
[1596.647s][info][gc,ergo     ] Free: 901M, Max: 4096K regular, 632M humongous, Frag: 29% external, 0% internal; Reserve: 412M, Max: 4096K
[1596.647s][info][gc,start    ] GC(169) Concurrent reset
[1596.647s][info][gc,task     ] GC(169) Using 2 of 4 workers for concurrent reset
[1596.647s][info][gc,ergo     ] GC(169) Pacer for Reset. Non-Taxable: 8192M
[1596.663s][info][gc          ] GC(169) Concurrent reset 15.171ms
[1596.663s][info][gc,start    ] GC(169) Pause Init Mark (unload classes)
[1596.663s][info][gc,task     ] GC(169) Using 4 of 4 workers for init marking
[1596.663s][info][gc,ergo     ] GC(169) Pacer for Mark. Expected Live: 491M, Free: 893M, Non-Taxable: 91445K, Alloc Tax Rate: 0.7x
[1596.663s][info][gc          ] GC(169) Pause Init Mark (unload classes) 0.110ms
[1596.663s][info][gc,start    ] GC(169) Concurrent marking roots
[1596.663s][info][gc,task     ] GC(169) Using 2 of 4 workers for concurrent marking roots
[1596.664s][info][gc          ] GC(169) Concurrent marking roots 1.090ms
[1596.664s][info][gc,start    ] GC(169) Concurrent marking (unload classes)
[1596.664s][info][gc,task     ] GC(169) Using 2 of 4 workers for concurrent marking
[1596.924s][info][gc          ] GC(169) Concurrent marking (unload classes) 259.671ms
[1596.924s][info][gc,start    ] GC(169) Pause Final Mark (unload classes)
[1596.924s][info][gc,task     ] GC(169) Using 4 of 4 workers for final marking
[1596.924s][info][gc,ergo     ] GC(169) Adaptive CSet Selection. Target Free: 1160M, Actual Free: 2460M, Max CSet: 341M, Min Garbage: 0B
[1596.924s][info][gc,ergo     ] GC(169) Collectable Garbage: 6321M (99%), Immediate: 1412M (22%), CSet: 4909M (77%)
[1596.924s][info][gc,ergo     ] GC(169) Pacer for Evacuation. Used CSet: 5012M, Free: 2061M, Non-Taxable: 206M, Alloc Tax Rate: 5.9x
[1596.924s][info][gc          ] GC(169) Pause Final Mark (unload classes) 0.300ms
[1596.924s][info][gc,start    ] GC(169) Concurrent thread roots
[1596.924s][info][gc,task     ] GC(169) Using 2 of 4 workers for Concurrent thread roots
[1596.925s][info][gc          ] GC(169) Concurrent thread roots 1.216ms
[1596.925s][info][gc,start    ] GC(169) Concurrent weak references
[1596.925s][info][gc,task     ] GC(169) Using 2 of 4 workers for concurrent weak references
[1596.926s][info][gc,ref      ] GC(169) Encountered references: Soft: 6122, Weak: 23573, Final: 34, Phantom: 1241
[1596.926s][info][gc,ref      ] GC(169) Discovered  references: Soft: 0, Weak: 12021, Final: 33, Phantom: 865
[1596.926s][info][gc,ref      ] GC(169) Enqueued    references: Soft: 0, Weak: 10, Final: 0, Phantom: 4
[1596.926s][info][gc          ] GC(169) Concurrent weak references 0.561ms
[1596.926s][info][gc,start    ] GC(169) Concurrent weak roots
[1596.926s][info][gc,task     ] GC(169) Using 2 of 4 workers for concurrent weak root
[1596.929s][info][gc          ] GC(169) Concurrent weak roots 2.901ms
[1596.929s][info][gc,start    ] GC(169) Concurrent cleanup
[1596.929s][info][gc          ] GC(169) Concurrent cleanup 7140M->5728M(8192M) 0.034ms
[1596.929s][info][gc,ergo     ] GC(169) Free: 2053M, Max: 4096K regular, 628M humongous, Frag: 70% external, 0% internal; Reserve: 410M, Max: 4096K
[1596.929s][info][gc,start    ] GC(169) Concurrent class unloading
[1596.929s][info][gc,task     ] GC(169) Using 2 of 4 workers for concurrent class unloading
[1596.934s][info][gc          ] GC(169) Concurrent class unloading 5.390ms
[1596.934s][info][gc,start    ] GC(169) Concurrent strong roots
[1596.934s][info][gc,task     ] GC(169) Using 2 of 4 workers for concurrent strong root
[1596.935s][info][gc          ] GC(169) Concurrent strong roots 0.320ms
[1596.935s][info][gc,start    ] GC(169) Concurrent evacuation
[1596.935s][info][gc,task     ] GC(169) Using 2 of 4 workers for concurrent evacuation
[1596.984s][info][gc          ] GC(169) Concurrent evacuation 49.766ms
[1596.985s][info][gc,start    ] GC(169) Pause Init Update Refs
[1596.985s][info][gc,ergo     ] GC(169) Pacer for Update Refs. Used: 5862M, Free: 2025M, Non-Taxable: 202M, Alloc Tax Rate: 3.5x
[1596.985s][info][gc          ] GC(169) Pause Init Update Refs 0.047ms
[1596.985s][info][gc,start    ] GC(169) Concurrent update references
[1596.985s][info][gc,task     ] GC(169) Using 2 of 4 workers for concurrent reference update
[1597.154s][info][gc          ] GC(169) Concurrent update references 169.415ms
[1597.154s][info][gc,start    ] GC(169) Concurrent update thread roots
[1597.155s][info][gc          ] GC(169) Concurrent update thread roots 1.334ms
[1597.155s][info][gc,start    ] GC(169) Pause Final Update Refs
[1597.155s][info][gc,task     ] GC(169) Using 4 of 4 workers for final reference update
[1597.156s][info][gc          ] GC(169) Pause Final Update Refs 0.115ms
[1597.156s][info][gc,start    ] GC(169) Concurrent cleanup
[1597.156s][info][gc          ] GC(169) Concurrent cleanup 5946M->934M(8192M) 0.070ms
[1597.156s][info][gc,ergo     ] Free: 6845M, Max: 4096K regular, 5644M humongous, Frag: 18% external, 0% internal; Reserve: 412M, Max: 4096K
[1597.156s][info][gc,stats    ] 
[1597.156s][info][gc,stats    ] All times are wall-clock times, except per-root-class counters, that are sum over
[1597.156s][info][gc,stats    ] all workers. Dividing the <total> over the root stage time estimates parallelism.
[1597.156s][info][gc,stats    ] 
[1597.156s][info][gc,stats    ] Concurrent Reset                  15231 us
[1597.156s][info][gc,stats    ] Pause Init Mark (G)                 201 us
[1597.156s][info][gc,stats    ] Pause Init Mark (N)                 120 us
[1597.156s][info][gc,stats    ]   Update Region States               50 us
[1597.156s][info][gc,stats    ] Concurrent Mark Roots              1112 us, parallelism: 1.65x
[1597.156s][info][gc,stats    ]   CMR: <total>                     1836 us
[1597.156s][info][gc,stats    ]   CMR: Thread Roots                1688 us, workers (us): 909, 779, ---, ---, 
[1597.156s][info][gc,stats    ]   CMR: VM Strong Roots               17 us, workers (us):   9,   7, ---, ---, 
[1597.156s][info][gc,stats    ]   CMR: CLDG Roots                   131 us, workers (us): ---, 131, ---, ---, 
[1597.156s][info][gc,stats    ] Concurrent Marking               259707 us
[1597.156s][info][gc,stats    ] Pause Final Mark (G)                418 us
[1597.156s][info][gc,stats    ] Pause Final Mark (N)                311 us
[1597.156s][info][gc,stats    ]   Finish Mark                        50 us
[1597.156s][info][gc,stats    ]   Update Region States               37 us
[1597.156s][info][gc,stats    ]   Choose Collection Set             146 us
[1597.156s][info][gc,stats    ]   Rebuild Free Set                   10 us
[1597.156s][info][gc,stats    ] Concurrent Thread Roots            1237 us, parallelism: 1.83x
[1597.156s][info][gc,stats    ]   CTR: <total>                     2263 us
[1597.156s][info][gc,stats    ]   CTR: Thread Roots                2263 us, workers (us): 1128, 1135, ---, ---, 
[1597.156s][info][gc,stats    ] Concurrent Weak References          572 us, parallelism: 0.94x
[1597.156s][info][gc,stats    ]   CWRF: <total>                     538 us
[1597.156s][info][gc,stats    ]   CWRF: Weak References             538 us, workers (us): 488,  50, ---, ---, 
[1597.156s][info][gc,stats    ] Concurrent Weak Roots              2920 us
[1597.156s][info][gc,stats    ]   Roots                            2819 us, parallelism: 1.91x
[1597.156s][info][gc,stats    ]     CWR: <total>                   5393 us
[1597.156s][info][gc,stats    ]     CWR: Code Cache Roots          3782 us, workers (us): 1839, 1943, ---, ---, 
[1597.156s][info][gc,stats    ]     CWR: VM Weak Roots             1551 us, workers (us): 791, 760, ---, ---, 
[1597.156s][info][gc,stats    ]     CWR: CLDG Roots                  60 us, workers (us):  60, ---, ---, ---, 
[1597.156s][info][gc,stats    ]   Rendezvous                         61 us
[1597.156s][info][gc,stats    ] Concurrent Cleanup                   47 us
[1597.156s][info][gc,stats    ] Concurrent Class Unloading         5419 us
[1597.156s][info][gc,stats    ]   Unlink Stale                     5054 us
[1597.156s][info][gc,stats    ]     System Dictionary                50 us
[1597.156s][info][gc,stats    ]     Weak Class Links                  0 us
[1597.156s][info][gc,stats    ]     Code Roots                     5002 us
[1597.156s][info][gc,stats    ]   Rendezvous                        230 us
[1597.156s][info][gc,stats    ]   Purge Unlinked                     83 us
[1597.156s][info][gc,stats    ]     Code Roots                       79 us
[1597.156s][info][gc,stats    ]     CLDG                              4 us
[1597.156s][info][gc,stats    ] Concurrent Strong Roots             343 us, parallelism: 0.59x
[1597.156s][info][gc,stats    ]   CSR: <total>                      204 us
[1597.156s][info][gc,stats    ]   CSR: VM Strong Roots               10 us, workers (us):  10,   0, ---, ---, 
[1597.156s][info][gc,stats    ]   CSR: CLDG Roots                   194 us, workers (us): 194, ---, ---, ---, 
[1597.156s][info][gc,stats    ] Concurrent Evacuation             49812 us
[1597.156s][info][gc,stats    ] Pause Init Update Refs (G)          140 us
[1597.156s][info][gc,stats    ] Pause Init Update Refs (N)           57 us
[1597.156s][info][gc,stats    ]   Manage GCLABs                       7 us
[1597.156s][info][gc,stats    ] Concurrent Update Refs           169451 us
[1597.156s][info][gc,stats    ] Concurrent Update Thread Roots     1355 us
[1597.156s][info][gc,stats    ] Pause Final Update Refs (G)         157 us
[1597.156s][info][gc,stats    ] Pause Final Update Refs (N)         129 us
[1597.156s][info][gc,stats    ]   Update Region States               51 us
[1597.156s][info][gc,stats    ]   Trash Collection Set               15 us
[1597.156s][info][gc,stats    ]   Rebuild Free Set                   11 us
[1597.156s][info][gc,stats    ] Concurrent Cleanup                   84 us
[1597.156s][info][gc,stats    ] 
[1597.156s][info][gc,stats    ] Allocation pacing accrued:
[1597.156s][info][gc,stats    ]       0 of 11176 ms (  0.0%): <total>
[1597.156s][info][gc,stats    ]       0 of 11176 ms (  0.0%): <average total>
[1597.156s][info][gc,stats    ] 
[1597.156s][info][gc,metaspace] Metaspace: 135508K(136832K)->135508K(136832K) NonClass: 114537K(115264K)->114537K(115264K) Class: 20970K(21568K)->20970K(21568K)
[1597.156s][info][gc,ergo     ] Pacer for Idle. Initial: 163M, Alloc Tax Rate: 1.0x
[1603.894s][info][gc          ] Trigger: Free (817M) is below minimum threshold (819M)
[1603.894s][info][gc,ergo     ] Free: 817M, Max: 4096K regular, 596M humongous, Frag: 26% external, 0% internal; Reserve: 412M, Max: 4096K
[1603.894s][info][gc,start    ] GC(170) Concurrent reset
[1603.894s][info][gc,task     ] GC(170) Using 2 of 4 workers for concurrent reset
[1603.894s][info][gc,ergo     ] GC(170) Pacer for Reset. Non-Taxable: 8192M
[1603.909s][info][gc          ] GC(170) Concurrent reset 15.219ms
[1603.909s][info][gc,start    ] GC(170) Pause Init Mark (unload classes)
[1603.909s][info][gc,task     ] GC(170) Using 4 of 4 workers for init marking
[1603.909s][info][gc,ergo     ] GC(170) Pacer for Mark. Expected Live: 494M, Free: 813M, Non-Taxable: 83294K, Alloc Tax Rate: 0.7x
[1603.909s][info][gc          ] GC(170) Pause Init Mark (unload classes) 0.109ms
[1603.910s][info][gc,start    ] GC(170) Concurrent marking roots
[1603.910s][info][gc,task     ] GC(170) Using 2 of 4 workers for concurrent marking roots
[1603.911s][info][gc          ] GC(170) Concurrent marking roots 1.032ms
[1603.911s][info][gc,start    ] GC(170) Concurrent marking (unload classes)
[1603.911s][info][gc,task     ] GC(170) Using 2 of 4 workers for concurrent marking
[1604.145s][info][gc          ] GC(170) Concurrent marking (unload classes) 234.620ms
[1604.145s][info][gc,start    ] GC(170) Pause Final Mark (unload classes)
[1604.145s][info][gc,task     ] GC(170) Using 4 of 4 workers for final marking
[1604.145s][info][gc,ergo     ] GC(170) Adaptive CSet Selection. Target Free: 1160M, Actual Free: 4500M, Max CSet: 341M, Min Garbage: 0B
[1604.146s][info][gc,ergo     ] GC(170) Collectable Garbage: 6437M (99%), Immediate: 3420M (52%), CSet: 3017M (46%)
[1604.146s][info][gc,ergo     ] GC(170) Pacer for Evacuation. Used CSet: 3096M, Free: 4101M, Non-Taxable: 410M, Alloc Tax Rate: 1.8x
[1604.146s][info][gc          ] GC(170) Pause Final Mark (unload classes) 0.298ms
[1604.146s][info][gc,start    ] GC(170) Concurrent thread roots
[1604.146s][info][gc,task     ] GC(170) Using 2 of 4 workers for Concurrent thread roots
[1604.146s][info][gc          ] GC(170) Concurrent thread roots 0.855ms
[1604.146s][info][gc,start    ] GC(170) Concurrent weak references
[1604.147s][info][gc,task     ] GC(170) Using 2 of 4 workers for concurrent weak references
[1604.147s][info][gc,ref      ] GC(170) Encountered references: Soft: 6122, Weak: 23564, Final: 34, Phantom: 1237
[1604.147s][info][gc,ref      ] GC(170) Discovered  references: Soft: 0, Weak: 4364, Final: 0, Phantom: 859
[1604.147s][info][gc,ref      ] GC(170) Enqueued    references: Soft: 0, Weak: 1, Final: 0, Phantom: 0
[1604.147s][info][gc          ] GC(170) Concurrent weak references 0.220ms
[1604.147s][info][gc,start    ] GC(170) Concurrent weak roots
[1604.147s][info][gc,task     ] GC(170) Using 2 of 4 workers for concurrent weak root
[1604.149s][info][gc          ] GC(170) Concurrent weak roots 2.717ms
[1604.149s][info][gc,start    ] GC(170) Concurrent cleanup
[1604.150s][info][gc          ] GC(170) Concurrent cleanup 7108M->3688M(8192M) 0.049ms
[1604.150s][info][gc,ergo     ] GC(170) Free: 4092M, Max: 4096K regular, 596M humongous, Frag: 86% external, 0% internal; Reserve: 411M, Max: 4096K
[1604.150s][info][gc,start    ] GC(170) Concurrent class unloading
[1604.150s][info][gc,task     ] GC(170) Using 2 of 4 workers for concurrent class unloading
[1604.155s][info][gc          ] GC(170) Concurrent class unloading 5.498ms
[1604.155s][info][gc,start    ] GC(170) Concurrent strong roots
[1604.155s][info][gc,task     ] GC(170) Using 2 of 4 workers for concurrent strong root
[1604.155s][info][gc          ] GC(170) Concurrent strong roots 0.297ms
[1604.155s][info][gc,start    ] GC(170) Concurrent evacuation
[1604.155s][info][gc,task     ] GC(170) Using 2 of 4 workers for concurrent evacuation
[1604.195s][info][gc          ] GC(170) Concurrent evacuation 39.515ms
[1604.195s][info][gc,start    ] GC(170) Pause Init Update Refs
[1604.195s][info][gc,ergo     ] GC(170) Pacer for Update Refs. Used: 3787M, Free: 4072M, Non-Taxable: 407M, Alloc Tax Rate: 1.1x
[1604.195s][info][gc          ] GC(170) Pause Init Update Refs 0.054ms
[1604.195s][info][gc,start    ] GC(170) Concurrent update references
[1604.195s][info][gc,task     ] GC(170) Using 2 of 4 workers for concurrent reference update
[1604.336s][info][gc          ] GC(170) Concurrent update references 141.156ms
[1604.336s][info][gc,start    ] GC(170) Concurrent update thread roots
[1604.338s][info][gc          ] GC(170) Concurrent update thread roots 1.414ms
[1604.338s][info][gc,start    ] GC(170) Pause Final Update Refs
[1604.338s][info][gc,task     ] GC(170) Using 4 of 4 workers for final reference update
[1604.338s][info][gc          ] GC(170) Pause Final Update Refs 0.085ms
[1604.338s][info][gc,start    ] GC(170) Concurrent cleanup
[1604.338s][info][gc          ] GC(170) Concurrent cleanup 3855M->759M(8192M) 0.048ms
[1604.338s][info][gc,ergo     ] Free: 7020M, Max: 4096K regular, 5640M humongous, Frag: 20% external, 0% internal; Reserve: 412M, Max: 4096K
[1604.338s][info][gc,stats    ] 
[1604.338s][info][gc,stats    ] All times are wall-clock times, except per-root-class counters, that are sum over
[1604.338s][info][gc,stats    ] all workers. Dividing the <total> over the root stage time estimates parallelism.
[1604.338s][info][gc,stats    ] 
[1604.338s][info][gc,stats    ] Concurrent Reset                  15282 us
[1604.338s][info][gc,stats    ] Pause Init Mark (G)                 175 us
[1604.338s][info][gc,stats    ] Pause Init Mark (N)                 120 us
[1604.338s][info][gc,stats    ]   Update Region States               39 us
[1604.338s][info][gc,stats    ] Concurrent Mark Roots              1053 us, parallelism: 1.66x
[1604.338s][info][gc,stats    ]   CMR: <total>                     1753 us
[1604.338s][info][gc,stats    ]   CMR: Thread Roots                1612 us, workers (us): 750, 861, ---, ---, 
[1604.338s][info][gc,stats    ]   CMR: VM Strong Roots               12 us, workers (us):  12,   0, ---, ---, 
[1604.338s][info][gc,stats    ]   CMR: CLDG Roots                   129 us, workers (us): 129, ---, ---, ---, 
[1604.338s][info][gc,stats    ] Concurrent Marking               234668 us
[1604.338s][info][gc,stats    ] Pause Final Mark (G)                385 us
[1604.338s][info][gc,stats    ] Pause Final Mark (N)                312 us
[1604.338s][info][gc,stats    ]   Finish Mark                        49 us
[1604.338s][info][gc,stats    ]   Update Region States               62 us
[1604.338s][info][gc,stats    ]   Choose Collection Set             115 us
[1604.338s][info][gc,stats    ]   Rebuild Free Set                   11 us
[1604.338s][info][gc,stats    ] Concurrent Thread Roots             878 us, parallelism: 1.84x
[1604.338s][info][gc,stats    ]   CTR: <total>                     1612 us
[1604.338s][info][gc,stats    ]   CTR: Thread Roots                1612 us, workers (us): 820, 792, ---, ---, 
[1604.338s][info][gc,stats    ] Concurrent Weak References          230 us, parallelism: 0.82x
[1604.338s][info][gc,stats    ]   CWRF: <total>                     188 us
[1604.338s][info][gc,stats    ]   CWRF: Weak References             188 us, workers (us): 154,  34, ---, ---, 
[1604.338s][info][gc,stats    ] Concurrent Weak Roots              2738 us
[1604.338s][info][gc,stats    ]   Roots                            2671 us, parallelism: 1.93x
[1604.338s][info][gc,stats    ]     CWR: <total>                   5151 us
[1604.338s][info][gc,stats    ]     CWR: Code Cache Roots          3608 us, workers (us): 1848, 1760, ---, ---, 
[1604.338s][info][gc,stats    ]     CWR: VM Weak Roots             1489 us, workers (us): 746, 744, ---, ---, 
[1604.338s][info][gc,stats    ]     CWR: CLDG Roots                  54 us, workers (us): ---,  54, ---, ---, 
[1604.338s][info][gc,stats    ]   Rendezvous                         25 us
[1604.338s][info][gc,stats    ] Concurrent Cleanup                   62 us
[1604.338s][info][gc,stats    ] Concurrent Class Unloading         5532 us
[1604.338s][info][gc,stats    ]   Unlink Stale                     5310 us
[1604.338s][info][gc,stats    ]     System Dictionary                42 us
[1604.338s][info][gc,stats    ]     Weak Class Links                  0 us
[1604.338s][info][gc,stats    ]     Code Roots                     5267 us
[1604.338s][info][gc,stats    ]   Rendezvous                         78 us
[1604.338s][info][gc,stats    ]   Purge Unlinked                     87 us
[1604.338s][info][gc,stats    ]     Code Roots                       85 us
[1604.338s][info][gc,stats    ]     CLDG                              2 us
[1604.338s][info][gc,stats    ] Concurrent Strong Roots             310 us, parallelism: 0.68x
[1604.338s][info][gc,stats    ]   CSR: <total>                      211 us
[1604.338s][info][gc,stats    ]   CSR: VM Strong Roots               11 us, workers (us):   6,   6, ---, ---, 
[1604.338s][info][gc,stats    ]   CSR: CLDG Roots                   199 us, workers (us): 199, ---, ---, ---, 
[1604.338s][info][gc,stats    ] Concurrent Evacuation             39583 us
[1604.338s][info][gc,stats    ] Pause Init Update Refs (G)           88 us
[1604.338s][info][gc,stats    ] Pause Init Update Refs (N)           64 us
[1604.338s][info][gc,stats    ]   Manage GCLABs                      12 us
[1604.338s][info][gc,stats    ] Concurrent Update Refs           141206 us
[1604.338s][info][gc,stats    ] Concurrent Update Thread Roots     1439 us
[1604.338s][info][gc,stats    ] Pause Final Update Refs (G)         147 us
[1604.339s][info][gc,stats    ] Pause Final Update Refs (N)         111 us
[1604.339s][info][gc,stats    ]   Update Region States               28 us
[1604.339s][info][gc,stats    ]   Trash Collection Set               11 us
[1604.339s][info][gc,stats    ]   Rebuild Free Set                   12 us
[1604.339s][info][gc,stats    ] Concurrent Cleanup                   61 us
[1604.339s][info][gc,stats    ] 
[1604.339s][info][gc,stats    ] Allocation pacing accrued:
[1604.339s][info][gc,stats    ]       0 of  7182 ms (  0.0%): <total>
[1604.339s][info][gc,stats    ]       0 of  7182 ms (  0.0%): <average total>
[1604.339s][info][gc,stats    ] 
[1604.339s][info][gc,metaspace] Metaspace: 135519K(136832K)->135519K(136832K) NonClass: 114549K(115264K)->114549K(115264K) Class: 20970K(21568K)->20970K(21568K)
[1604.339s][info][gc,ergo     ] Pacer for Idle. Initial: 163M, Alloc Tax Rate: 1.0x
[1615.089s][info][gc          ] Trigger: Free (816M) is below minimum threshold (819M)
[1615.089s][info][gc,ergo     ] Free: 816M, Max: 4096K regular, 624M humongous, Frag: 22% external, 0% internal; Reserve: 412M, Max: 4096K
[1615.089s][info][gc,start    ] GC(171) Concurrent reset
[1615.089s][info][gc,task     ] GC(171) Using 2 of 4 workers for concurrent reset
[1615.089s][info][gc,ergo     ] GC(171) Pacer for Reset. Non-Taxable: 8192M
[1615.098s][info][gc          ] GC(171) Concurrent reset 8.127ms
[1615.098s][info][gc,start    ] GC(171) Pause Init Mark (unload classes)
[1615.098s][info][gc,task     ] GC(171) Using 4 of 4 workers for init marking
[1615.098s][info][gc,ergo     ] GC(171) Pacer for Mark. Expected Live: 498M, Free: 816M, Non-Taxable: 83577K, Alloc Tax Rate: 0.7x
[1615.098s][info][gc          ] GC(171) Pause Init Mark (unload classes) 0.105ms
[1615.098s][info][gc,start    ] GC(171) Concurrent marking roots
[1615.098s][info][gc,task     ] GC(171) Using 2 of 4 workers for concurrent marking roots
[1615.099s][info][gc          ] GC(171) Concurrent marking roots 0.975ms
[1615.099s][info][gc,start    ] GC(171) Concurrent marking (unload classes)
[1615.099s][info][gc,task     ] GC(171) Using 2 of 4 workers for concurrent marking
[1615.331s][info][gc          ] GC(171) Concurrent marking (unload classes) 232.727ms
[1615.332s][info][gc,start    ] GC(171) Pause Final Mark (unload classes)
[1615.332s][info][gc,task     ] GC(171) Using 4 of 4 workers for final marking
[1615.332s][info][gc,ergo     ] GC(171) Adaptive CSet Selection. Target Free: 1160M, Actual Free: 2552M, Max CSet: 341M, Min Garbage: 0B
[1615.332s][info][gc,ergo     ] GC(171) Collectable Garbage: 6446M (99%), Immediate: 1512M (23%), CSet: 4934M (76%)
[1615.332s][info][gc,ergo     ] GC(171) Pacer for Evacuation. Used CSet: 5004M, Free: 2153M, Non-Taxable: 215M, Alloc Tax Rate: 5.7x
[1615.332s][info][gc          ] GC(171) Pause Final Mark (unload classes) 0.305ms
[1615.332s][info][gc,start    ] GC(171) Concurrent thread roots
[1615.332s][info][gc,task     ] GC(171) Using 2 of 4 workers for Concurrent thread roots
[1615.333s][info][gc          ] GC(171) Concurrent thread roots 0.878ms
[1615.333s][info][gc,start    ] GC(171) Concurrent weak references
[1615.333s][info][gc,task     ] GC(171) Using 2 of 4 workers for concurrent weak references
[1615.333s][info][gc,ref      ] GC(171) Encountered references: Soft: 6122, Weak: 23568, Final: 34, Phantom: 1243
[1615.333s][info][gc,ref      ] GC(171) Discovered  references: Soft: 0, Weak: 13461, Final: 33, Phantom: 871
[1615.333s][info][gc,ref      ] GC(171) Enqueued    references: Soft: 0, Weak: 2, Final: 0, Phantom: 0
[1615.333s][info][gc          ] GC(171) Concurrent weak references 0.565ms
[1615.333s][info][gc,start    ] GC(171) Concurrent weak roots
[1615.333s][info][gc,task     ] GC(171) Using 2 of 4 workers for concurrent weak root
[1615.336s][info][gc          ] GC(171) Concurrent weak roots 3.109ms
[1615.336s][info][gc,start    ] GC(171) Concurrent cleanup
[1615.337s][info][gc          ] GC(171) Concurrent cleanup 7150M->5639M(8192M) 0.037ms
[1615.337s][info][gc,ergo     ] GC(171) Free: 2141M, Max: 4096K regular, 620M humongous, Frag: 71% external, 0% internal; Reserve: 411M, Max: 4096K
[1615.337s][info][gc,start    ] GC(171) Concurrent class unloading
[1615.337s][info][gc,task     ] GC(171) Using 2 of 4 workers for concurrent class unloading
[1615.343s][info][gc          ] GC(171) Concurrent class unloading 6.118ms
[1615.343s][info][gc,start    ] GC(171) Concurrent strong roots
[1615.343s][info][gc,task     ] GC(171) Using 2 of 4 workers for concurrent strong root
[1615.343s][info][gc          ] GC(171) Concurrent strong roots 0.332ms
[1615.343s][info][gc,start    ] GC(171) Concurrent evacuation
[1615.343s][info][gc,task     ] GC(171) Using 2 of 4 workers for concurrent evacuation
[1615.381s][info][gc          ] GC(171) Concurrent evacuation 38.400ms
[1615.382s][info][gc,start    ] GC(171) Pause Init Update Refs
[1615.382s][info][gc,ergo     ] GC(171) Pacer for Update Refs. Used: 5730M, Free: 2121M, Non-Taxable: 212M, Alloc Tax Rate: 3.3x
[1615.382s][info][gc          ] GC(171) Pause Init Update Refs 0.044ms
[1615.382s][info][gc,start    ] GC(171) Concurrent update references
[1615.382s][info][gc,task     ] GC(171) Using 2 of 4 workers for concurrent reference update
[1615.526s][info][gc          ] GC(171) Concurrent update references 144.207ms
[1615.526s][info][gc,start    ] GC(171) Concurrent update thread roots
[1615.527s][info][gc          ] GC(171) Concurrent update thread roots 1.482ms
[1615.527s][info][gc,start    ] GC(171) Pause Final Update Refs
[1615.527s][info][gc,task     ] GC(171) Using 4 of 4 workers for final reference update
[1615.528s][info][gc          ] GC(171) Pause Final Update Refs 0.102ms
[1615.528s][info][gc,start    ] GC(171) Concurrent cleanup
[1615.528s][info][gc          ] GC(171) Concurrent cleanup 5763M->759M(8192M) 0.072ms
[1615.528s][info][gc,ergo     ] Free: 7020M, Max: 4096K regular, 5816M humongous, Frag: 18% external, 0% internal; Reserve: 412M, Max: 4096K
[1615.528s][info][gc,stats    ] 
[1615.528s][info][gc,stats    ] All times are wall-clock times, except per-root-class counters, that are sum over
[1615.528s][info][gc,stats    ] all workers. Dividing the <total> over the root stage time estimates parallelism.
[1615.528s][info][gc,stats    ] 
[1615.528s][info][gc,stats    ] Concurrent Reset                   8190 us
[1615.528s][info][gc,stats    ] Pause Init Mark (G)                 190 us
[1615.528s][info][gc,stats    ] Pause Init Mark (N)                 116 us
[1615.528s][info][gc,stats    ]   Update Region States               37 us
[1615.528s][info][gc,stats    ] Concurrent Mark Roots               995 us, parallelism: 1.64x
[1615.528s][info][gc,stats    ]   CMR: <total>                     1629 us
[1615.528s][info][gc,stats    ]   CMR: Thread Roots                1486 us, workers (us): 686, 799, ---, ---, 
[1615.528s][info][gc,stats    ]   CMR: VM Strong Roots               14 us, workers (us):  13,   0, ---, ---, 
[1615.528s][info][gc,stats    ]   CMR: CLDG Roots                   130 us, workers (us): 130, ---, ---, ---, 
[1615.528s][info][gc,stats    ] Concurrent Marking               232765 us
[1615.528s][info][gc,stats    ] Pause Final Mark (G)                374 us
[1615.528s][info][gc,stats    ] Pause Final Mark (N)                316 us
[1615.528s][info][gc,stats    ]   Finish Mark                        43 us
[1615.528s][info][gc,stats    ]   Update Region States               47 us
[1615.528s][info][gc,stats    ]   Choose Collection Set             150 us
[1615.528s][info][gc,stats    ]   Rebuild Free Set                   10 us
[1615.528s][info][gc,stats    ] Concurrent Thread Roots             894 us, parallelism: 1.83x
[1615.528s][info][gc,stats    ]   CTR: <total>                     1640 us
[1615.528s][info][gc,stats    ]   CTR: Thread Roots                1640 us, workers (us): 833, 807, ---, ---, 
[1615.528s][info][gc,stats    ] Concurrent Weak References          576 us, parallelism: 1.18x
[1615.528s][info][gc,stats    ]   CWRF: <total>                     677 us
[1615.528s][info][gc,stats    ]   CWRF: Weak References             677 us, workers (us): 203, 473, ---, ---, 
[1615.528s][info][gc,stats    ] Concurrent Weak Roots              3128 us
[1615.528s][info][gc,stats    ]   Roots                            3020 us, parallelism: 1.92x
[1615.528s][info][gc,stats    ]     CWR: <total>                   5814 us
[1615.528s][info][gc,stats    ]     CWR: Code Cache Roots          4227 us, workers (us): 2057, 2169, ---, ---, 
[1615.528s][info][gc,stats    ]     CWR: VM Weak Roots             1513 us, workers (us): 756, 757, ---, ---, 
[1615.528s][info][gc,stats    ]     CWR: CLDG Roots                  74 us, workers (us):  74, ---, ---, ---, 
[1615.528s][info][gc,stats    ]   Rendezvous                         68 us
[1615.528s][info][gc,stats    ] Concurrent Cleanup                   49 us
[1615.528s][info][gc,stats    ] Concurrent Class Unloading         6157 us
[1615.528s][info][gc,stats    ]   Unlink Stale                     5852 us
[1615.528s][info][gc,stats    ]     System Dictionary                60 us
[1615.528s][info][gc,stats    ]     Weak Class Links                  0 us
[1615.528s][info][gc,stats    ]     Code Roots                     5790 us
[1615.528s][info][gc,stats    ]   Rendezvous                        108 us
[1615.528s][info][gc,stats    ]   Purge Unlinked                    135 us
[1615.528s][info][gc,stats    ]     Code Roots                      132 us
[1615.528s][info][gc,stats    ]     CLDG                              3 us
[1615.528s][info][gc,stats    ]     Exception Caches                  0 us
[1615.528s][info][gc,stats    ] Concurrent Strong Roots             348 us, parallelism: 0.67x
[1615.528s][info][gc,stats    ]   CSR: <total>                      232 us
[1615.528s][info][gc,stats    ]   CSR: VM Strong Roots               10 us, workers (us):  10,   0, ---, ---, 
[1615.528s][info][gc,stats    ]   CSR: CLDG Roots                   222 us, workers (us): 222, ---, ---, ---, 
[1615.528s][info][gc,stats    ] Concurrent Evacuation             38445 us
[1615.528s][info][gc,stats    ] Pause Init Update Refs (G)          144 us
[1615.528s][info][gc,stats    ] Pause Init Update Refs (N)           55 us
[1615.528s][info][gc,stats    ]   Manage GCLABs                       6 us
[1615.528s][info][gc,stats    ] Concurrent Update Refs           144255 us
[1615.528s][info][gc,stats    ] Concurrent Update Thread Roots     1506 us
[1615.528s][info][gc,stats    ] Pause Final Update Refs (G)         182 us
[1615.528s][info][gc,stats    ] Pause Final Update Refs (N)         117 us
[1615.528s][info][gc,stats    ]   Update Region States               37 us
[1615.528s][info][gc,stats    ]   Trash Collection Set               14 us
[1615.528s][info][gc,stats    ]   Rebuild Free Set                   12 us
[1615.528s][info][gc,stats    ] Concurrent Cleanup                   86 us
[1615.528s][info][gc,stats    ] 
[1615.528s][info][gc,stats    ] Allocation pacing accrued:
[1615.528s][info][gc,stats    ]       0 of 11190 ms (  0.0%): <total>
[1615.528s][info][gc,stats    ]       0 of 11190 ms (  0.0%): <average total>
[1615.528s][info][gc,stats    ] 
[1615.528s][info][gc,metaspace] Metaspace: 135521K(136832K)->135521K(136832K) NonClass: 114551K(115264K)->114551K(115264K) Class: 20970K(21568K)->20970K(21568K)
[1615.528s][info][gc,ergo     ] Pacer for Idle. Initial: 163M, Alloc Tax Rate: 1.0x
[1622.873s][info][gc          ] Trigger: Average GC time (495.13 ms) is above the time for instantaneous allocation rate (2022 MB/s) to deplete free headroom (867M) (spike threshold = 1.67)
[1622.873s][info][gc,ergo     ] Free: 1277M, Max: 4096K regular, 628M humongous, Frag: 51% external, 0% internal; Reserve: 412M, Max: 4096K
[1622.873s][info][gc,start    ] GC(172) Concurrent reset
[1622.873s][info][gc,task     ] GC(172) Using 2 of 4 workers for concurrent reset
[1622.873s][info][gc,ergo     ] GC(172) Pacer for Reset. Non-Taxable: 8192M
[1622.896s][info][gc          ] GC(172) Concurrent reset 22.671ms
[1622.896s][info][gc,start    ] GC(172) Pause Init Mark (unload classes)
[1622.896s][info][gc,task     ] GC(172) Using 4 of 4 workers for init marking
[1622.896s][info][gc,ergo     ] GC(172) Pacer for Mark. Expected Live: 493M, Free: 1261M, Non-Taxable: 126M, Alloc Tax Rate: 0.5x
[1622.896s][info][gc          ] GC(172) Pause Init Mark (unload classes) 0.121ms
[1622.896s][info][gc,start    ] GC(172) Concurrent marking roots
[1622.896s][info][gc,task     ] GC(172) Using 2 of 4 workers for concurrent marking roots
[1622.898s][info][gc          ] GC(172) Concurrent marking roots 1.620ms
[1622.898s][info][gc,start    ] GC(172) Concurrent marking (unload classes)
[1622.898s][info][gc,task     ] GC(172) Using 2 of 4 workers for concurrent marking
[1623.147s][info][gc          ] GC(172) Concurrent marking (unload classes) 249.067ms
[1623.147s][info][gc,start    ] GC(172) Pause Final Mark (unload classes)
[1623.147s][info][gc,task     ] GC(172) Using 4 of 4 workers for final marking
[1623.147s][info][gc,ergo     ] GC(172) Adaptive CSet Selection. Target Free: 1160M, Actual Free: 2460M, Max CSet: 341M, Min Garbage: 0B
[1623.147s][info][gc,ergo     ] GC(172) Collectable Garbage: 5950M (99%), Immediate: 1040M (17%), CSet: 4910M (81%)
[1623.147s][info][gc,ergo     ] GC(172) Pacer for Evacuation. Used CSet: 5028M, Free: 2057M, Non-Taxable: 205M, Alloc Tax Rate: 6.0x
[1623.147s][info][gc          ] GC(172) Pause Final Mark (unload classes) 0.414ms
[1623.147s][info][gc,start    ] GC(172) Concurrent thread roots
[1623.147s][info][gc,task     ] GC(172) Using 2 of 4 workers for Concurrent thread roots
[1623.149s][info][gc          ] GC(172) Concurrent thread roots 1.161ms
[1623.149s][info][gc,start    ] GC(172) Concurrent weak references
[1623.149s][info][gc,task     ] GC(172) Using 2 of 4 workers for concurrent weak references
[1623.149s][info][gc,ref      ] GC(172) Encountered references: Soft: 6122, Weak: 23568, Final: 34, Phantom: 1243
[1623.149s][info][gc,ref      ] GC(172) Discovered  references: Soft: 0, Weak: 739, Final: 0, Phantom: 1112
[1623.149s][info][gc,ref      ] GC(172) Enqueued    references: Soft: 0, Weak: 3, Final: 0, Phantom: 0
[1623.149s][info][gc          ] GC(172) Concurrent weak references 0.161ms
[1623.149s][info][gc,start    ] GC(172) Concurrent weak roots
[1623.149s][info][gc,task     ] GC(172) Using 2 of 4 workers for concurrent weak root
[1623.153s][info][gc          ] GC(172) Concurrent weak roots 4.548ms
[1623.153s][info][gc,start    ] GC(172) Concurrent cleanup
[1623.153s][info][gc          ] GC(172) Concurrent cleanup 6771M->5731M(8192M) 0.050ms
[1623.153s][info][gc,ergo     ] GC(172) Free: 2049M, Max: 4096K regular, 628M humongous, Frag: 70% external, 0% internal; Reserve: 411M, Max: 4096K
[1623.153s][info][gc,start    ] GC(172) Concurrent class unloading
[1623.153s][info][gc,task     ] GC(172) Using 2 of 4 workers for concurrent class unloading
[1623.160s][info][gc          ] GC(172) Concurrent class unloading 6.888ms
[1623.160s][info][gc,start    ] GC(172) Concurrent strong roots
[1623.160s][info][gc,task     ] GC(172) Using 2 of 4 workers for concurrent strong root
[1623.161s][info][gc          ] GC(172) Concurrent strong roots 0.368ms
[1623.161s][info][gc,start    ] GC(172) Concurrent evacuation
[1623.161s][info][gc,task     ] GC(172) Using 2 of 4 workers for concurrent evacuation
[1623.213s][info][gc          ] GC(172) Concurrent evacuation 52.068ms
[1623.213s][info][gc,start    ] GC(172) Pause Init Update Refs
[1623.213s][info][gc,ergo     ] GC(172) Pacer for Update Refs. Used: 5882M, Free: 2021M, Non-Taxable: 202M, Alloc Tax Rate: 3.6x
[1623.213s][info][gc          ] GC(172) Pause Init Update Refs 0.044ms
[1623.213s][info][gc,start    ] GC(172) Concurrent update references
[1623.213s][info][gc,task     ] GC(172) Using 2 of 4 workers for concurrent reference update
[1623.373s][info][gc          ] GC(172) Concurrent update references 159.966ms
[1623.373s][info][gc,start    ] GC(172) Concurrent update thread roots
[1623.374s][info][gc          ] GC(172) Concurrent update thread roots 1.347ms
[1623.374s][info][gc,start    ] GC(172) Pause Final Update Refs
[1623.374s][info][gc,task     ] GC(172) Using 4 of 4 workers for final reference update
[1623.374s][info][gc          ] GC(172) Pause Final Update Refs 0.087ms
[1623.374s][info][gc,start    ] GC(172) Concurrent cleanup
[1623.375s][info][gc          ] GC(172) Concurrent cleanup 5970M->946M(8192M) 0.072ms
[1623.375s][info][gc,ergo     ] Free: 6833M, Max: 4096K regular, 5308M humongous, Frag: 23% external, 0% internal; Reserve: 412M, Max: 4096K
[1623.375s][info][gc,stats    ] 
[1623.375s][info][gc,stats    ] All times are wall-clock times, except per-root-class counters, that are sum over
[1623.375s][info][gc,stats    ] all workers. Dividing the <total> over the root stage time estimates parallelism.
[1623.375s][info][gc,stats    ] 
[1623.375s][info][gc,stats    ] Concurrent Reset                  22755 us
[1623.375s][info][gc,stats    ] Pause Init Mark (G)                 227 us
[1623.375s][info][gc,stats    ] Pause Init Mark (N)                 135 us
[1623.375s][info][gc,stats    ]   Update Region States               58 us
[1623.375s][info][gc,stats    ] Concurrent Mark Roots              1646 us, parallelism: 1.65x
[1623.375s][info][gc,stats    ]   CMR: <total>                     2710 us
[1623.375s][info][gc,stats    ]   CMR: Thread Roots                2460 us, workers (us): 1122, 1338, ---, ---, 
[1623.375s][info][gc,stats    ]   CMR: VM Strong Roots               23 us, workers (us):  23,   0, ---, ---, 
[1623.375s][info][gc,stats    ]   CMR: CLDG Roots                   227 us, workers (us): 227, ---, ---, ---, 
[1623.375s][info][gc,stats    ] Concurrent Marking               249113 us
[1623.375s][info][gc,stats    ] Pause Final Mark (G)                483 us
[1623.375s][info][gc,stats    ] Pause Final Mark (N)                425 us
[1623.375s][info][gc,stats    ]   Finish Mark                       120 us
[1623.375s][info][gc,stats    ]   Update Region States               72 us
[1623.375s][info][gc,stats    ]   Choose Collection Set             154 us
[1623.375s][info][gc,stats    ]   Rebuild Free Set                   10 us
[1623.375s][info][gc,stats    ] Concurrent Thread Roots            1183 us, parallelism: 1.86x
[1623.375s][info][gc,stats    ]   CTR: <total>                     2205 us
[1623.375s][info][gc,stats    ]   CTR: Thread Roots                2205 us, workers (us): 1114, 1090, ---, ---, 
[1623.375s][info][gc,stats    ] Concurrent Weak References          172 us, parallelism: 0.78x
[1623.375s][info][gc,stats    ]   CWRF: <total>                     135 us
[1623.375s][info][gc,stats    ]   CWRF: Weak References             135 us, workers (us):  96,  39, ---, ---, 
[1623.375s][info][gc,stats    ] Concurrent Weak Roots              4576 us
[1623.375s][info][gc,stats    ]   Roots                            4450 us, parallelism: 1.94x
[1623.375s][info][gc,stats    ]     CWR: <total>                   8622 us
[1623.375s][info][gc,stats    ]     CWR: Code Cache Roots          6846 us, workers (us): 3349, 3498, ---, ---, 
[1623.375s][info][gc,stats    ]     CWR: VM Weak Roots             1656 us, workers (us): 842, 814, ---, ---, 
[1623.375s][info][gc,stats    ]     CWR: CLDG Roots                 119 us, workers (us): 119, ---, ---, ---, 
[1623.375s][info][gc,stats    ]   Rendezvous                         76 us
[1623.375s][info][gc,stats    ] Concurrent Cleanup                   69 us
[1623.375s][info][gc,stats    ] Concurrent Class Unloading         6924 us
[1623.375s][info][gc,stats    ]   Unlink Stale                     6702 us
[1623.375s][info][gc,stats    ]     System Dictionary               112 us
[1623.375s][info][gc,stats    ]     Weak Class Links                  0 us
[1623.375s][info][gc,stats    ]     Code Roots                     6588 us
[1623.375s][info][gc,stats    ]   Rendezvous                         89 us
[1623.375s][info][gc,stats    ]   Purge Unlinked                     75 us
[1623.375s][info][gc,stats    ]     Code Roots                       72 us
[1623.375s][info][gc,stats    ]     CLDG                              3 us
[1623.375s][info][gc,stats    ]     Exception Caches                  0 us
[1623.375s][info][gc,stats    ] Concurrent Strong Roots             383 us, parallelism: 0.64x
[1623.375s][info][gc,stats    ]   CSR: <total>                      245 us
[1623.375s][info][gc,stats    ]   CSR: VM Strong Roots               12 us, workers (us):  12,   0, ---, ---, 
[1623.375s][info][gc,stats    ]   CSR: CLDG Roots                   233 us, workers (us): 233, ---, ---, ---, 
[1623.375s][info][gc,stats    ] Concurrent Evacuation             52107 us
[1623.375s][info][gc,stats    ] Pause Init Update Refs (G)          141 us
[1623.375s][info][gc,stats    ] Pause Init Update Refs (N)           56 us
[1623.375s][info][gc,stats    ]   Manage GCLABs                       6 us
[1623.375s][info][gc,stats    ] Concurrent Update Refs           160013 us
[1623.375s][info][gc,stats    ] Concurrent Update Thread Roots     1373 us
[1623.375s][info][gc,stats    ] Pause Final Update Refs (G)         139 us
[1623.375s][info][gc,stats    ] Pause Final Update Refs (N)         113 us
[1623.375s][info][gc,stats    ]   Update Region States               30 us
[1623.375s][info][gc,stats    ]   Trash Collection Set               10 us
[1623.375s][info][gc,stats    ]   Rebuild Free Set                   10 us
[1623.375s][info][gc,stats    ] Concurrent Cleanup                  149 us
[1623.375s][info][gc,stats    ] 
[1623.375s][info][gc,stats    ] Allocation pacing accrued:
[1623.375s][info][gc,stats    ]       0 of  7847 ms (  0.0%): <total>
[1623.375s][info][gc,stats    ]       0 of  7847 ms (  0.0%): <average total>
[1623.375s][info][gc,stats    ] 
[1623.375s][info][gc,metaspace] Metaspace: 135523K(136832K)->135523K(136832K) NonClass: 114553K(115264K)->114553K(115264K) Class: 20970K(21568K)->20970K(21568K)
[1623.375s][info][gc,ergo     ] Pacer for Idle. Initial: 163M, Alloc Tax Rate: 1.0x
[1632.026s][info][gc          ] Trigger: Free (817M) is below minimum threshold (819M)
[1632.026s][info][gc,ergo     ] Free: 817M, Max: 4096K regular, 808M humongous, Frag: 0% external, 0% internal; Reserve: 412M, Max: 4096K
[1632.026s][info][gc,start    ] GC(173) Concurrent reset
[1632.026s][info][gc,task     ] GC(173) Using 2 of 4 workers for concurrent reset
[1632.026s][info][gc,ergo     ] GC(173) Pacer for Reset. Non-Taxable: 8192M
[1632.041s][info][gc          ] GC(173) Concurrent reset 14.304ms
[1632.041s][info][gc,start    ] GC(173) Pause Init Mark (unload classes)
[1632.041s][info][gc,task     ] GC(173) Using 4 of 4 workers for init marking
[1632.041s][info][gc,ergo     ] GC(173) Pacer for Mark. Expected Live: 500M, Free: 809M, Non-Taxable: 82887K, Alloc Tax Rate: 0.8x
[1632.041s][info][gc          ] GC(173) Pause Init Mark (unload classes) 0.146ms
[1632.041s][info][gc,start    ] GC(173) Concurrent marking roots
[1632.041s][info][gc,task     ] GC(173) Using 2 of 4 workers for concurrent marking roots
[1632.042s][info][gc          ] GC(173) Concurrent marking roots 1.039ms
[1632.042s][info][gc,start    ] GC(173) Concurrent marking (unload classes)
[1632.042s][info][gc,task     ] GC(173) Using 2 of 4 workers for concurrent marking
[1632.280s][info][gc          ] GC(173) Concurrent marking (unload classes) 238.307ms
[1632.280s][info][gc,start    ] GC(173) Pause Final Mark (unload classes)
[1632.280s][info][gc,task     ] GC(173) Using 4 of 4 workers for final marking
[1632.280s][info][gc,ergo     ] GC(173) Adaptive CSet Selection. Target Free: 1160M, Actual Free: 3360M, Max CSet: 341M, Min Garbage: 0B
[1632.281s][info][gc,ergo     ] GC(173) Collectable Garbage: 6453M (99%), Immediate: 2324M (35%), CSet: 4129M (63%)
[1632.281s][info][gc,ergo     ] GC(173) Pacer for Evacuation. Used CSet: 4196M, Free: 2957M, Non-Taxable: 295M, Alloc Tax Rate: 3.5x
[1632.281s][info][gc          ] GC(173) Pause Final Mark (unload classes) 0.234ms
[1632.281s][info][gc,start    ] GC(173) Concurrent thread roots
[1632.281s][info][gc,task     ] GC(173) Using 2 of 4 workers for Concurrent thread roots
[1632.281s][info][gc          ] GC(173) Concurrent thread roots 0.851ms
[1632.282s][info][gc,start    ] GC(173) Concurrent weak references
[1632.282s][info][gc,task     ] GC(173) Using 2 of 4 workers for concurrent weak references
[1632.282s][info][gc,ref      ] GC(173) Encountered references: Soft: 6122, Weak: 23566, Final: 34, Phantom: 1243
[1632.282s][info][gc,ref      ] GC(173) Discovered  references: Soft: 0, Weak: 11116, Final: 1, Phantom: 865
[1632.282s][info][gc,ref      ] GC(173) Enqueued    references: Soft: 0, Weak: 0, Final: 0, Phantom: 0
[1632.282s][info][gc          ] GC(173) Concurrent weak references 0.674ms
[1632.282s][info][gc,start    ] GC(173) Concurrent weak roots
[1632.282s][info][gc,task     ] GC(173) Using 2 of 4 workers for concurrent weak root
[1632.285s][info][gc          ] GC(173) Concurrent weak roots 2.767ms
[1632.285s][info][gc,start    ] GC(173) Concurrent cleanup
[1632.285s][info][gc          ] GC(173) Concurrent cleanup 7155M->4831M(8192M) 0.039ms
[1632.285s][info][gc,ergo     ] GC(173) Free: 2949M, Max: 4096K regular, 624M humongous, Frag: 79% external, 0% internal; Reserve: 411M, Max: 4096K
[1632.285s][info][gc,start    ] GC(173) Concurrent class unloading
[1632.285s][info][gc,task     ] GC(173) Using 2 of 4 workers for concurrent class unloading
[1632.291s][info][gc          ] GC(173) Concurrent class unloading 5.931ms
[1632.291s][info][gc,start    ] GC(173) Concurrent strong roots
[1632.291s][info][gc,task     ] GC(173) Using 2 of 4 workers for concurrent strong root
[1632.292s][info][gc          ] GC(173) Concurrent strong roots 0.513ms
[1632.292s][info][gc,start    ] GC(173) Concurrent evacuation
[1632.292s][info][gc,task     ] GC(173) Using 2 of 4 workers for concurrent evacuation
[1632.337s][info][gc          ] GC(173) Concurrent evacuation 45.147ms
[1632.337s][info][gc,start    ] GC(173) Pause Init Update Refs
[1632.337s][info][gc,ergo     ] GC(173) Pacer for Update Refs. Used: 4942M, Free: 2909M, Non-Taxable: 290M, Alloc Tax Rate: 2.1x
[1632.337s][info][gc          ] GC(173) Pause Init Update Refs 0.045ms
[1632.337s][info][gc,start    ] GC(173) Concurrent update references
[1632.337s][info][gc,task     ] GC(173) Using 2 of 4 workers for concurrent reference update
[1632.481s][info][gc          ] GC(173) Concurrent update references 143.950ms
[1632.481s][info][gc,start    ] GC(173) Concurrent update thread roots
[1632.482s][info][gc          ] GC(173) Concurrent update thread roots 1.439ms
[1632.482s][info][gc,start    ] GC(173) Pause Final Update Refs
[1632.482s][info][gc,task     ] GC(173) Using 4 of 4 workers for final reference update
[1632.482s][info][gc          ] GC(173) Pause Final Update Refs 0.083ms
[1632.482s][info][gc,start    ] GC(173) Concurrent cleanup
[1632.483s][info][gc          ] GC(173) Concurrent cleanup 5023M->831M(8192M) 0.069ms
[1632.483s][info][gc,ergo     ] Free: 6948M, Max: 4096K regular, 5892M humongous, Frag: 15% external, 0% internal; Reserve: 412M, Max: 4096K
[1632.483s][info][gc,stats    ] 
[1632.483s][info][gc,stats    ] All times are wall-clock times, except per-root-class counters, that are sum over
[1632.483s][info][gc,stats    ] all workers. Dividing the <total> over the root stage time estimates parallelism.
[1632.483s][info][gc,stats    ] 
[1632.483s][info][gc,stats    ] Concurrent Reset                  14371 us
[1632.483s][info][gc,stats    ] Pause Init Mark (G)                 329 us
[1632.483s][info][gc,stats    ] Pause Init Mark (N)                 159 us
[1632.483s][info][gc,stats    ]   Update Region States               61 us
[1632.483s][info][gc,stats    ] Concurrent Mark Roots              1058 us, parallelism: 1.53x
[1632.483s][info][gc,stats    ]   CMR: <total>                     1613 us
[1632.483s][info][gc,stats    ]   CMR: Thread Roots                1471 us, workers (us): 673, 799, ---, ---, 
[1632.483s][info][gc,stats    ]   CMR: VM Strong Roots               16 us, workers (us):   8,   8, ---, ---, 
[1632.483s][info][gc,stats    ]   CMR: CLDG Roots                   125 us, workers (us): 125, ---, ---, ---, 
[1632.483s][info][gc,stats    ] Concurrent Marking               238353 us
[1632.483s][info][gc,stats    ] Pause Final Mark (G)                293 us
[1632.483s][info][gc,stats    ] Pause Final Mark (N)                245 us
[1632.483s][info][gc,stats    ]   Finish Mark                        20 us
[1632.483s][info][gc,stats    ]   Update Region States               15 us
[1632.483s][info][gc,stats    ]   Choose Collection Set             133 us
[1632.483s][info][gc,stats    ]   Rebuild Free Set                    9 us
[1632.483s][info][gc,stats    ] Concurrent Thread Roots             871 us, parallelism: 1.84x
[1632.483s][info][gc,stats    ]   CTR: <total>                     1601 us
[1632.483s][info][gc,stats    ]   CTR: Thread Roots                1601 us, workers (us): 817, 784, ---, ---, 
[1632.483s][info][gc,stats    ] Concurrent Weak References          684 us, parallelism: 0.95x
[1632.483s][info][gc,stats    ]   CWRF: <total>                     653 us
[1632.483s][info][gc,stats    ]   CWRF: Weak References             653 us, workers (us):  60, 593, ---, ---, 
[1632.483s][info][gc,stats    ] Concurrent Weak Roots              2786 us
[1632.483s][info][gc,stats    ]   Roots                            2719 us, parallelism: 1.92x
[1632.483s][info][gc,stats    ]     CWR: <total>                   5231 us
[1632.483s][info][gc,stats    ]     CWR: Code Cache Roots          3627 us, workers (us): 1781, 1846, ---, ---, 
[1632.483s][info][gc,stats    ]     CWR: VM Weak Roots             1552 us, workers (us): 788, 763, ---, ---, 
[1632.483s][info][gc,stats    ]     CWR: CLDG Roots                  52 us, workers (us):  52, ---, ---, ---, 
[1632.483s][info][gc,stats    ]   Rendezvous                         25 us
[1632.483s][info][gc,stats    ] Concurrent Cleanup                   52 us
[1632.483s][info][gc,stats    ] Concurrent Class Unloading         5992 us
[1632.483s][info][gc,stats    ]   Unlink Stale                     5586 us
[1632.483s][info][gc,stats    ]     System Dictionary                33 us
[1632.483s][info][gc,stats    ]     Weak Class Links                  0 us
[1632.483s][info][gc,stats    ]     Code Roots                     5551 us
[1632.483s][info][gc,stats    ]   Rendezvous                        139 us
[1632.483s][info][gc,stats    ]   Purge Unlinked                    182 us
[1632.483s][info][gc,stats    ]     Code Roots                      176 us
[1632.483s][info][gc,stats    ]     CLDG                              5 us
[1632.483s][info][gc,stats    ]     Exception Caches                  0 us
[1632.483s][info][gc,stats    ] Concurrent Strong Roots             539 us, parallelism: 0.67x
[1632.483s][info][gc,stats    ]   CSR: <total>                      360 us
[1632.483s][info][gc,stats    ]   CSR: VM Strong Roots               17 us, workers (us):   8,   9, ---, ---, 
[1632.483s][info][gc,stats    ]   CSR: CLDG Roots                   343 us, workers (us): 343, ---, ---, ---, 
[1632.483s][info][gc,stats    ] Concurrent Evacuation             45176 us
[1632.483s][info][gc,stats    ] Pause Init Update Refs (G)          105 us
[1632.483s][info][gc,stats    ] Pause Init Update Refs (N)           56 us
[1632.483s][info][gc,stats    ]   Manage GCLABs                       6 us
[1632.483s][info][gc,stats    ] Concurrent Update Refs           143996 us
[1632.483s][info][gc,stats    ] Concurrent Update Thread Roots     1465 us
[1632.483s][info][gc,stats    ] Pause Final Update Refs (G)         177 us
[1632.483s][info][gc,stats    ] Pause Final Update Refs (N)         109 us
[1632.483s][info][gc,stats    ]   Update Region States               28 us
[1632.483s][info][gc,stats    ]   Trash Collection Set                9 us
[1632.483s][info][gc,stats    ]   Rebuild Free Set                    9 us
[1632.483s][info][gc,stats    ] Concurrent Cleanup                   94 us
[1632.483s][info][gc,stats    ] 
[1632.483s][info][gc,stats    ] Allocation pacing accrued:
[1632.483s][info][gc,stats    ]       0 of  9108 ms (  0.0%): <total>
[1632.483s][info][gc,stats    ]       0 of  9108 ms (  0.0%): <average total>
[1632.483s][info][gc,stats    ] 
[1632.483s][info][gc,metaspace] Metaspace: 135523K(136832K)->135523K(136832K) NonClass: 114553K(115264K)->114553K(115264K) Class: 20970K(21568K)->20970K(21568K)
[1632.483s][info][gc,ergo     ] Pacer for Idle. Initial: 163M, Alloc Tax Rate: 1.0x
[1641.870s][info][gc          ] Trigger: Free (817M) is below minimum threshold (819M)
[1641.870s][info][gc,ergo     ] Free: 817M, Max: 4096K regular, 664M humongous, Frag: 18% external, 0% internal; Reserve: 412M, Max: 4096K
[1641.870s][info][gc,start    ] GC(174) Concurrent reset
[1641.870s][info][gc,task     ] GC(174) Using 2 of 4 workers for concurrent reset
[1641.870s][info][gc,ergo     ] GC(174) Pacer for Reset. Non-Taxable: 8192M
[1641.884s][info][gc          ] GC(174) Concurrent reset 14.093ms
[1641.884s][info][gc,start    ] GC(174) Pause Init Mark (unload classes)
[1641.884s][info][gc,task     ] GC(174) Using 4 of 4 workers for init marking
[1641.884s][info][gc,ergo     ] GC(174) Pacer for Mark. Expected Live: 499M, Free: 813M, Non-Taxable: 83300K, Alloc Tax Rate: 0.8x
[1641.884s][info][gc          ] GC(174) Pause Init Mark (unload classes) 0.174ms
[1641.884s][info][gc,start    ] GC(174) Concurrent marking roots
[1641.884s][info][gc,task     ] GC(174) Using 2 of 4 workers for concurrent marking roots
[1641.886s][info][gc          ] GC(174) Concurrent marking roots 1.375ms
[1641.886s][info][gc,start    ] GC(174) Concurrent marking (unload classes)
[1641.886s][info][gc,task     ] GC(174) Using 2 of 4 workers for concurrent marking
[1642.114s][info][gc          ] GC(174) Concurrent marking (unload classes) 227.892ms
[1642.114s][info][gc,start    ] GC(174) Pause Final Mark (unload classes)
[1642.114s][info][gc,task     ] GC(174) Using 4 of 4 workers for final marking
[1642.114s][info][gc,ergo     ] GC(174) Adaptive CSet Selection. Target Free: 1160M, Actual Free: 2828M, Max CSet: 341M, Min Garbage: 0B
[1642.114s][info][gc,ergo     ] GC(174) Collectable Garbage: 6433M (99%), Immediate: 1708M (26%), CSet: 4725M (72%)
[1642.114s][info][gc,ergo     ] GC(174) Pacer for Evacuation. Used CSet: 4804M, Free: 2432M, Non-Taxable: 243M, Alloc Tax Rate: 4.8x
[1642.114s][info][gc          ] GC(174) Pause Final Mark (unload classes) 0.288ms
[1642.114s][info][gc,start    ] GC(174) Concurrent thread roots
[1642.114s][info][gc,task     ] GC(174) Using 2 of 4 workers for Concurrent thread roots
[1642.115s][info][gc          ] GC(174) Concurrent thread roots 0.732ms
[1642.115s][info][gc,start    ] GC(174) Concurrent weak references
[1642.115s][info][gc,task     ] GC(174) Using 2 of 4 workers for concurrent weak references
[1642.115s][info][gc,ref      ] GC(174) Encountered references: Soft: 6122, Weak: 23570, Final: 34, Phantom: 1249
[1642.115s][info][gc,ref      ] GC(174) Discovered  references: Soft: 0, Weak: 11207, Final: 33, Phantom: 874
[1642.115s][info][gc,ref      ] GC(174) Enqueued    references: Soft: 0, Weak: 3, Final: 0, Phantom: 0
[1642.115s][info][gc          ] GC(174) Concurrent weak references 0.479ms
[1642.115s][info][gc,start    ] GC(174) Concurrent weak roots
[1642.115s][info][gc,task     ] GC(174) Using 2 of 4 workers for concurrent weak root
[1642.118s][info][gc          ] GC(174) Concurrent weak roots 2.761ms
[1642.118s][info][gc,start    ] GC(174) Concurrent cleanup
[1642.118s][info][gc          ] GC(174) Concurrent cleanup 7063M->5355M(8192M) 0.039ms
[1642.118s][info][gc,ergo     ] GC(174) Free: 2425M, Max: 4096K regular, 664M humongous, Frag: 73% external, 0% internal; Reserve: 411M, Max: 4096K
[1642.118s][info][gc,start    ] GC(174) Concurrent class unloading
[1642.118s][info][gc,task     ] GC(174) Using 2 of 4 workers for concurrent class unloading
[1642.123s][info][gc          ] GC(174) Concurrent class unloading 5.173ms
[1642.123s][info][gc,start    ] GC(174) Concurrent strong roots
[1642.123s][info][gc,task     ] GC(174) Using 2 of 4 workers for concurrent strong root
[1642.124s][info][gc          ] GC(174) Concurrent strong roots 0.295ms
[1642.124s][info][gc,start    ] GC(174) Concurrent evacuation
[1642.124s][info][gc,task     ] GC(174) Using 2 of 4 workers for concurrent evacuation
[1642.159s][info][gc          ] GC(174) Concurrent evacuation 35.047ms
[1642.159s][info][gc,start    ] GC(174) Pause Init Update Refs
[1642.159s][info][gc,ergo     ] GC(174) Pacer for Update Refs. Used: 5436M, Free: 2423M, Non-Taxable: 242M, Alloc Tax Rate: 2.7x
[1642.159s][info][gc          ] GC(174) Pause Init Update Refs 0.056ms
[1642.159s][info][gc,start    ] GC(174) Concurrent update references
[1642.159s][info][gc,task     ] GC(174) Using 2 of 4 workers for concurrent reference update
[1642.293s][info][gc          ] GC(174) Concurrent update references 134.083ms
[1642.293s][info][gc,start    ] GC(174) Concurrent update thread roots
[1642.294s][info][gc          ] GC(174) Concurrent update thread roots 1.390ms
[1642.294s][info][gc,start    ] GC(174) Pause Final Update Refs
[1642.295s][info][gc,task     ] GC(174) Using 4 of 4 workers for final reference update
[1642.295s][info][gc          ] GC(174) Pause Final Update Refs 0.081ms
[1642.295s][info][gc,start    ] GC(174) Concurrent cleanup
[1642.295s][info][gc          ] GC(174) Concurrent cleanup 5458M->654M(8192M) 0.060ms
[1642.295s][info][gc,ergo     ] Free: 7125M, Max: 4096K regular, 5752M humongous, Frag: 20% external, 0% internal; Reserve: 412M, Max: 4096K
[1642.295s][info][gc,stats    ] 
[1642.295s][info][gc,stats    ] All times are wall-clock times, except per-root-class counters, that are sum over
[1642.295s][info][gc,stats    ] all workers. Dividing the <total> over the root stage time estimates parallelism.
[1642.295s][info][gc,stats    ] 
[1642.295s][info][gc,stats    ] Concurrent Reset                  14143 us
[1642.295s][info][gc,stats    ] Pause Init Mark (G)                 267 us
[1642.295s][info][gc,stats    ] Pause Init Mark (N)                 191 us
[1642.295s][info][gc,stats    ]   Update Region States               84 us
[1642.295s][info][gc,stats    ] Concurrent Mark Roots              1401 us, parallelism: 1.31x
[1642.295s][info][gc,stats    ]   CMR: <total>                     1837 us
[1642.295s][info][gc,stats    ]   CMR: Thread Roots                1638 us, workers (us): 740, 898, ---, ---, 
[1642.295s][info][gc,stats    ]   CMR: VM Strong Roots               29 us, workers (us):  29,   0, ---, ---, 
[1642.295s][info][gc,stats    ]   CMR: CLDG Roots                   170 us, workers (us): 170, ---, ---, ---, 
[1642.295s][info][gc,stats    ] Concurrent Marking               227937 us
[1642.295s][info][gc,stats    ] Pause Final Mark (G)                370 us
[1642.295s][info][gc,stats    ] Pause Final Mark (N)                299 us
[1642.295s][info][gc,stats    ]   Finish Mark                        43 us
[1642.295s][info][gc,stats    ]   Update Region States               39 us
[1642.295s][info][gc,stats    ]   Choose Collection Set             136 us
[1642.295s][info][gc,stats    ]   Rebuild Free Set                   10 us
[1642.295s][info][gc,stats    ] Concurrent Thread Roots             752 us, parallelism: 1.83x
[1642.295s][info][gc,stats    ]   CTR: <total>                     1377 us
[1642.295s][info][gc,stats    ]   CTR: Thread Roots                1377 us, workers (us): 690, 688, ---, ---, 
[1642.295s][info][gc,stats    ] Concurrent Weak References          489 us, parallelism: 0.96x
[1642.295s][info][gc,stats    ]   CWRF: <total>                     470 us
[1642.295s][info][gc,stats    ]   CWRF: Weak References             470 us, workers (us):  57, 413, ---, ---, 
[1642.295s][info][gc,stats    ] Concurrent Weak Roots              2786 us
[1642.295s][info][gc,stats    ]   Roots                            2688 us, parallelism: 1.94x
[1642.295s][info][gc,stats    ]     CWR: <total>                   5203 us
[1642.295s][info][gc,stats    ]     CWR: Code Cache Roots          3624 us, workers (us): 1843, 1781, ---, ---, 
[1642.295s][info][gc,stats    ]     CWR: VM Weak Roots             1509 us, workers (us): 755, 754, ---, ---, 
[1642.295s][info][gc,stats    ]     CWR: CLDG Roots                  70 us, workers (us): ---,  70, ---, ---, 
[1642.295s][info][gc,stats    ]   Rendezvous                         52 us
[1642.295s][info][gc,stats    ] Concurrent Cleanup                   52 us
[1642.295s][info][gc,stats    ] Concurrent Class Unloading         5198 us
[1642.295s][info][gc,stats    ]   Unlink Stale                     5016 us
[1642.295s][info][gc,stats    ]     System Dictionary                53 us
[1642.295s][info][gc,stats    ]     Weak Class Links                  0 us
[1642.295s][info][gc,stats    ]     Code Roots                     4962 us
[1642.295s][info][gc,stats    ]   Rendezvous                         88 us
[1642.295s][info][gc,stats    ]   Purge Unlinked                     45 us
[1642.295s][info][gc,stats    ]     Code Roots                       43 us
[1642.295s][info][gc,stats    ]     CLDG                              2 us
[1642.295s][info][gc,stats    ]     Exception Caches                  0 us
[1642.295s][info][gc,stats    ] Concurrent Strong Roots             307 us, parallelism: 0.71x
[1642.295s][info][gc,stats    ]   CSR: <total>                      217 us
[1642.295s][info][gc,stats    ]   CSR: VM Strong Roots               10 us, workers (us):  10,   0, ---, ---, 
[1642.295s][info][gc,stats    ]   CSR: CLDG Roots                   207 us, workers (us): 207, ---, ---, ---, 
[1642.295s][info][gc,stats    ] Concurrent Evacuation             35084 us
[1642.295s][info][gc,stats    ] Pause Init Update Refs (G)           93 us
[1642.295s][info][gc,stats    ] Pause Init Update Refs (N)           68 us
[1642.295s][info][gc,stats    ]   Manage GCLABs                       7 us
[1642.295s][info][gc,stats    ] Concurrent Update Refs           134127 us
[1642.295s][info][gc,stats    ] Concurrent Update Thread Roots     1414 us
[1642.295s][info][gc,stats    ] Pause Final Update Refs (G)         123 us
[1642.295s][info][gc,stats    ] Pause Final Update Refs (N)          94 us
[1642.295s][info][gc,stats    ]   Update Region States               23 us
[1642.295s][info][gc,stats    ]   Trash Collection Set               13 us
[1642.295s][info][gc,stats    ]   Rebuild Free Set                   12 us
[1642.295s][info][gc,stats    ] Concurrent Cleanup                   73 us
[1642.295s][info][gc,stats    ] 
[1642.295s][info][gc,stats    ] Allocation pacing accrued:
[1642.295s][info][gc,stats    ]       0 of  9812 ms (  0.0%): <total>
[1642.295s][info][gc,stats    ]       0 of  9812 ms (  0.0%): <average total>
[1642.295s][info][gc,stats    ] 
[1642.295s][info][gc,metaspace] Metaspace: 135533K(136896K)->135533K(136896K) NonClass: 114563K(115328K)->114563K(115328K) Class: 20970K(21568K)->20970K(21568K)
[1642.295s][info][gc,ergo     ] Pacer for Idle. Initial: 163M, Alloc Tax Rate: 1.0x
[1652.034s][info][gc          ] Trigger: Free (817M) is below minimum threshold (819M)
[1652.034s][info][gc,ergo     ] Free: 817M, Max: 4096K regular, 656M humongous, Frag: 18% external, 0% internal; Reserve: 412M, Max: 4096K
[1652.034s][info][gc,start    ] GC(175) Concurrent reset
[1652.034s][info][gc,task     ] GC(175) Using 2 of 4 workers for concurrent reset
[1652.034s][info][gc,ergo     ] GC(175) Pacer for Reset. Non-Taxable: 8192M
[1652.046s][info][gc          ] GC(175) Concurrent reset 11.645ms
[1652.046s][info][gc,start    ] GC(175) Pause Init Mark (unload classes)
[1652.046s][info][gc,task     ] GC(175) Using 4 of 4 workers for init marking
[1652.046s][info][gc,ergo     ] GC(175) Pacer for Mark. Expected Live: 493M, Free: 813M, Non-Taxable: 83252K, Alloc Tax Rate: 0.7x
[1652.046s][info][gc          ] GC(175) Pause Init Mark (unload classes) 0.118ms
[1652.046s][info][gc,start    ] GC(175) Concurrent marking roots
[1652.046s][info][gc,task     ] GC(175) Using 2 of 4 workers for concurrent marking roots
[1652.047s][info][gc          ] GC(175) Concurrent marking roots 0.967ms
[1652.047s][info][gc,start    ] GC(175) Concurrent marking (unload classes)
[1652.047s][info][gc,task     ] GC(175) Using 2 of 4 workers for concurrent marking
[1652.279s][info][gc          ] GC(175) Concurrent marking (unload classes) 231.886ms
[1652.279s][info][gc,start    ] GC(175) Pause Final Mark (unload classes)
[1652.279s][info][gc,task     ] GC(175) Using 4 of 4 workers for final marking
[1652.279s][info][gc,ergo     ] GC(175) Adaptive CSet Selection. Target Free: 1160M, Actual Free: 4440M, Max CSet: 341M, Min Garbage: 0B
[1652.279s][info][gc,ergo     ] GC(175) Collectable Garbage: 6450M (99%), Immediate: 3340M (51%), CSet: 3110M (47%)
[1652.279s][info][gc,ergo     ] GC(175) Pacer for Evacuation. Used CSet: 3176M, Free: 4041M, Non-Taxable: 404M, Alloc Tax Rate: 1.9x
[1652.279s][info][gc          ] GC(175) Pause Final Mark (unload classes) 0.322ms
[1652.279s][info][gc,start    ] GC(175) Concurrent thread roots
[1652.280s][info][gc,task     ] GC(175) Using 2 of 4 workers for Concurrent thread roots
[1652.280s][info][gc          ] GC(175) Concurrent thread roots 0.841ms
[1652.280s][info][gc,start    ] GC(175) Concurrent weak references
[1652.280s][info][gc,task     ] GC(175) Using 2 of 4 workers for concurrent weak references
[1652.281s][info][gc,ref      ] GC(175) Encountered references: Soft: 6122, Weak: 23572, Final: 34, Phantom: 1252
[1652.281s][info][gc,ref      ] GC(175) Discovered  references: Soft: 0, Weak: 11722, Final: 1, Phantom: 877
[1652.281s][info][gc,ref      ] GC(175) Enqueued    references: Soft: 0, Weak: 3, Final: 0, Phantom: 0
[1652.281s][info][gc          ] GC(175) Concurrent weak references 0.669ms
[1652.281s][info][gc,start    ] GC(175) Concurrent weak roots
[1652.281s][info][gc,task     ] GC(175) Using 2 of 4 workers for concurrent weak root
[1652.284s][info][gc          ] GC(175) Concurrent weak roots 2.845ms
[1652.284s][info][gc,start    ] GC(175) Concurrent cleanup
[1652.284s][info][gc          ] GC(175) Concurrent cleanup 7095M->3755M(8192M) 0.051ms
[1652.284s][info][gc,ergo     ] GC(175) Free: 4024M, Max: 4096K regular, 656M humongous, Frag: 84% external, 0% internal; Reserve: 411M, Max: 4096K
[1652.284s][info][gc,start    ] GC(175) Concurrent class unloading
[1652.284s][info][gc,task     ] GC(175) Using 2 of 4 workers for concurrent class unloading
[1652.289s][info][gc          ] GC(175) Concurrent class unloading 5.210ms
[1652.289s][info][gc,start    ] GC(175) Concurrent strong roots
[1652.289s][info][gc,task     ] GC(175) Using 2 of 4 workers for concurrent strong root
[1652.289s][info][gc          ] GC(175) Concurrent strong roots 0.282ms
[1652.290s][info][gc,start    ] GC(175) Concurrent evacuation
[1652.290s][info][gc,task     ] GC(175) Using 2 of 4 workers for concurrent evacuation
[1652.319s][info][gc          ] GC(175) Concurrent evacuation 29.359ms
[1652.319s][info][gc,start    ] GC(175) Pause Init Update Refs
[1652.319s][info][gc,ergo     ] GC(175) Pacer for Update Refs. Used: 3835M, Free: 4016M, Non-Taxable: 401M, Alloc Tax Rate: 1.2x
[1652.319s][info][gc          ] GC(175) Pause Init Update Refs 0.043ms
[1652.319s][info][gc,start    ] GC(175) Concurrent update references
[1652.319s][info][gc,task     ] GC(175) Using 2 of 4 workers for concurrent reference update
[1652.456s][info][gc          ] GC(175) Concurrent update references 137.320ms
[1652.456s][info][gc,start    ] GC(175) Concurrent update thread roots
[1652.458s][info][gc          ] GC(175) Concurrent update thread roots 1.440ms
[1652.458s][info][gc,start    ] GC(175) Pause Final Update Refs
[1652.458s][info][gc,task     ] GC(175) Using 4 of 4 workers for final reference update
[1652.458s][info][gc          ] GC(175) Pause Final Update Refs 0.091ms
[1652.458s][info][gc,start    ] GC(175) Concurrent cleanup
[1652.458s][info][gc          ] GC(175) Concurrent cleanup 3939M->767M(8192M) 0.057ms
[1652.458s][info][gc,ergo     ] Free: 7012M, Max: 4096K regular, 5932M humongous, Frag: 16% external, 0% internal; Reserve: 412M, Max: 4096K
[1652.458s][info][gc,stats    ] 
[1652.458s][info][gc,stats    ] All times are wall-clock times, except per-root-class counters, that are sum over
[1652.458s][info][gc,stats    ] all workers. Dividing the <total> over the root stage time estimates parallelism.
[1652.458s][info][gc,stats    ] 
[1652.458s][info][gc,stats    ] Concurrent Reset                  11720 us
[1652.458s][info][gc,stats    ] Pause Init Mark (G)                 224 us
[1652.458s][info][gc,stats    ] Pause Init Mark (N)                 131 us
[1652.458s][info][gc,stats    ]   Update Region States               46 us
[1652.458s][info][gc,stats    ] Concurrent Mark Roots               988 us, parallelism: 1.62x
[1652.458s][info][gc,stats    ]   CMR: <total>                     1605 us
[1652.458s][info][gc,stats    ]   CMR: Thread Roots                1469 us, workers (us): 796, 673, ---, ---, 
[1652.458s][info][gc,stats    ]   CMR: VM Strong Roots               15 us, workers (us):   8,   7, ---, ---, 
[1652.458s][info][gc,stats    ]   CMR: CLDG Roots                   122 us, workers (us): ---, 122, ---, ---, 
[1652.458s][info][gc,stats    ] Concurrent Marking               231927 us
[1652.458s][info][gc,stats    ] Pause Final Mark (G)                434 us
[1652.458s][info][gc,stats    ] Pause Final Mark (N)                333 us
[1652.458s][info][gc,stats    ]   Finish Mark                        86 us
[1652.458s][info][gc,stats    ]   Update Region States               57 us
[1652.458s][info][gc,stats    ]   Choose Collection Set             116 us
[1652.458s][info][gc,stats    ]   Rebuild Free Set                   10 us
[1652.458s][info][gc,stats    ] Concurrent Thread Roots             863 us, parallelism: 1.81x
[1652.458s][info][gc,stats    ]   CTR: <total>                     1562 us
[1652.458s][info][gc,stats    ]   CTR: Thread Roots                1562 us, workers (us): 796, 767, ---, ---, 
[1652.458s][info][gc,stats    ] Concurrent Weak References          680 us, parallelism: 0.90x
[1652.458s][info][gc,stats    ]   CWRF: <total>                     609 us
[1652.458s][info][gc,stats    ]   CWRF: Weak References             609 us, workers (us):  76, 534, ---, ---, 
[1652.458s][info][gc,stats    ] Concurrent Weak Roots              2867 us
[1652.458s][info][gc,stats    ]   Roots                            2750 us, parallelism: 1.88x
[1652.458s][info][gc,stats    ]     CWR: <total>                   5178 us
[1652.458s][info][gc,stats    ]     CWR: Code Cache Roots          3604 us, workers (us): 1839, 1765, ---, ---, 
[1652.458s][info][gc,stats    ]     CWR: VM Weak Roots             1511 us, workers (us): 759, 752, ---, ---, 
[1652.458s][info][gc,stats    ]     CWR: CLDG Roots                  63 us, workers (us): ---,  63, ---, ---, 
[1652.458s][info][gc,stats    ]   Rendezvous                         57 us
[1652.458s][info][gc,stats    ] Concurrent Cleanup                   64 us
[1652.458s][info][gc,stats    ] Concurrent Class Unloading         5236 us
[1652.458s][info][gc,stats    ]   Unlink Stale                     5065 us
[1652.459s][info][gc,stats    ]     System Dictionary                54 us
[1652.459s][info][gc,stats    ]     Weak Class Links                  0 us
[1652.459s][info][gc,stats    ]     Code Roots                     5010 us
[1652.459s][info][gc,stats    ]   Rendezvous                         65 us
[1652.459s][info][gc,stats    ]   Purge Unlinked                     56 us
[1652.459s][info][gc,stats    ]     Code Roots                       53 us
[1652.459s][info][gc,stats    ]     CLDG                              3 us
[1652.459s][info][gc,stats    ]     Exception Caches                  0 us
[1652.459s][info][gc,stats    ] Concurrent Strong Roots             295 us, parallelism: 0.71x
[1652.459s][info][gc,stats    ]   CSR: <total>                      210 us
[1652.459s][info][gc,stats    ]   CSR: VM Strong Roots               11 us, workers (us):   6,   6, ---, ---, 
[1652.459s][info][gc,stats    ]   CSR: CLDG Roots                   199 us, workers (us): 199, ---, ---, ---, 
[1652.459s][info][gc,stats    ] Concurrent Evacuation             29389 us
[1652.459s][info][gc,stats    ] Pause Init Update Refs (G)          110 us
[1652.459s][info][gc,stats    ] Pause Init Update Refs (N)           54 us
[1652.459s][info][gc,stats    ]   Manage GCLABs                       5 us
[1652.459s][info][gc,stats    ] Concurrent Update Refs           137363 us
[1652.459s][info][gc,stats    ] Concurrent Update Thread Roots     1467 us
[1652.459s][info][gc,stats    ] Pause Final Update Refs (G)         171 us
[1652.459s][info][gc,stats    ] Pause Final Update Refs (N)         106 us
[1652.459s][info][gc,stats    ]   Update Region States               31 us
[1652.459s][info][gc,stats    ]   Trash Collection Set               11 us
[1652.459s][info][gc,stats    ]   Rebuild Free Set                   11 us
[1652.459s][info][gc,stats    ] Concurrent Cleanup                   79 us
[1652.459s][info][gc,stats    ] 
[1652.459s][info][gc,stats    ] Allocation pacing accrued:
[1652.459s][info][gc,stats    ]       0 of 10163 ms (  0.0%): <total>
[1652.459s][info][gc,stats    ]       0 of 10163 ms (  0.0%): <average total>
[1652.459s][info][gc,stats    ] 
[1652.459s][info][gc,metaspace] Metaspace: 135535K(136896K)->135535K(136896K) NonClass: 114565K(115328K)->114565K(115328K) Class: 20970K(21568K)->20970K(21568K)
[1652.459s][info][gc,ergo     ] Pacer for Idle. Initial: 163M, Alloc Tax Rate: 1.0x
[1662.941s][info][gc          ] Trigger: Free (816M) is below minimum threshold (819M)
[1662.941s][info][gc,ergo     ] Free: 816M, Max: 4096K regular, 664M humongous, Frag: 17% external, 0% internal; Reserve: 412M, Max: 4096K
[1662.941s][info][gc,start    ] GC(176) Concurrent reset
[1662.941s][info][gc,task     ] GC(176) Using 2 of 4 workers for concurrent reset
[1662.941s][info][gc,ergo     ] GC(176) Pacer for Reset. Non-Taxable: 8192M
[1662.949s][info][gc          ] GC(176) Concurrent reset 7.691ms
[1662.949s][info][gc,start    ] GC(176) Pause Init Mark (unload classes)
[1662.949s][info][gc,task     ] GC(176) Using 4 of 4 workers for init marking
[1662.949s][info][gc,ergo     ] GC(176) Pacer for Mark. Expected Live: 490M, Free: 816M, Non-Taxable: 83658K, Alloc Tax Rate: 0.7x
[1662.949s][info][gc          ] GC(176) Pause Init Mark (unload classes) 0.103ms
[1662.949s][info][gc,start    ] GC(176) Concurrent marking roots
[1662.949s][info][gc,task     ] GC(176) Using 2 of 4 workers for concurrent marking roots
[1662.951s][info][gc          ] GC(176) Concurrent marking roots 1.148ms
[1662.951s][info][gc,start    ] GC(176) Concurrent marking (unload classes)
[1662.951s][info][gc,task     ] GC(176) Using 2 of 4 workers for concurrent marking
[1663.187s][info][gc          ] GC(176) Concurrent marking (unload classes) 236.259ms
[1663.187s][info][gc,start    ] GC(176) Pause Final Mark (unload classes)
[1663.187s][info][gc,task     ] GC(176) Using 4 of 4 workers for final marking
[1663.187s][info][gc,ergo     ] GC(176) Adaptive CSet Selection. Target Free: 1160M, Actual Free: 2008M, Max CSet: 341M, Min Garbage: 0B
[1663.187s][info][gc,ergo     ] GC(176) Collectable Garbage: 6427M (99%), Immediate: 940M (14%), CSet: 5487M (84%)
[1663.187s][info][gc,ergo     ] GC(176) Pacer for Evacuation. Used CSet: 5572M, Free: 1609M, Non-Taxable: 160M, Alloc Tax Rate: 8.5x
[1663.187s][info][gc          ] GC(176) Pause Final Mark (unload classes) 0.289ms
[1663.187s][info][gc,start    ] GC(176) Concurrent thread roots
[1663.187s][info][gc,task     ] GC(176) Using 2 of 4 workers for Concurrent thread roots
[1663.188s][info][gc          ] GC(176) Concurrent thread roots 0.882ms
[1663.188s][info][gc,start    ] GC(176) Concurrent weak references
[1663.188s][info][gc,task     ] GC(176) Using 2 of 4 workers for concurrent weak references
[1663.189s][info][gc,ref      ] GC(176) Encountered references: Soft: 6122, Weak: 23575, Final: 34, Phantom: 1261
[1663.189s][info][gc,ref      ] GC(176) Discovered  references: Soft: 0, Weak: 10987, Final: 1, Phantom: 883
[1663.189s][info][gc,ref      ] GC(176) Enqueued    references: Soft: 0, Weak: 4, Final: 0, Phantom: 0
[1663.189s][info][gc          ] GC(176) Concurrent weak references 0.518ms
[1663.189s][info][gc,start    ] GC(176) Concurrent weak roots
[1663.189s][info][gc,task     ] GC(176) Using 2 of 4 workers for concurrent weak root
[1663.191s][info][gc          ] GC(176) Concurrent weak roots 2.761ms
[1663.191s][info][gc,start    ] GC(176) Concurrent cleanup
[1663.191s][info][gc          ] GC(176) Concurrent cleanup 7119M->6179M(8192M) 0.029ms
[1663.192s][info][gc,ergo     ] GC(176) Free: 1601M, Max: 4096K regular, 648M humongous, Frag: 60% external, 0% internal; Reserve: 411M, Max: 4096K
[1663.192s][info][gc,start    ] GC(176) Concurrent class unloading
[1663.192s][info][gc,task     ] GC(176) Using 2 of 4 workers for concurrent class unloading
[1663.197s][info][gc          ] GC(176) Concurrent class unloading 5.248ms
[1663.197s][info][gc,start    ] GC(176) Concurrent strong roots
[1663.197s][info][gc,task     ] GC(176) Using 2 of 4 workers for concurrent strong root
[1663.197s][info][gc          ] GC(176) Concurrent strong roots 0.364ms
[1663.197s][info][gc,start    ] GC(176) Concurrent evacuation
[1663.197s][info][gc,task     ] GC(176) Using 2 of 4 workers for concurrent evacuation
[1663.243s][info][gc          ] GC(176) Concurrent evacuation 45.862ms
[1663.243s][info][gc,start    ] GC(176) Pause Init Update Refs
[1663.243s][info][gc,ergo     ] GC(176) Pacer for Update Refs. Used: 6286M, Free: 1581M, Non-Taxable: 158M, Alloc Tax Rate: 4.9x
[1663.243s][info][gc          ] GC(176) Pause Init Update Refs 0.057ms
[1663.243s][info][gc,start    ] GC(176) Concurrent update references
[1663.243s][info][gc,task     ] GC(176) Using 2 of 4 workers for concurrent reference update
[1663.393s][info][gc          ] GC(176) Concurrent update references 150.251ms
[1663.394s][info][gc,start    ] GC(176) Concurrent update thread roots
[1663.395s][info][gc          ] GC(176) Concurrent update thread roots 1.531ms
[1663.395s][info][gc,start    ] GC(176) Pause Final Update Refs
[1663.395s][info][gc,task     ] GC(176) Using 4 of 4 workers for final reference update
[1663.395s][info][gc          ] GC(176) Pause Final Update Refs 0.091ms
[1663.395s][info][gc,start    ] GC(176) Concurrent cleanup
[1663.395s][info][gc          ] GC(176) Concurrent cleanup 6406M->834M(8192M) 0.076ms
[1663.395s][info][gc,ergo     ] Free: 6945M, Max: 4096K regular, 5808M humongous, Frag: 17% external, 0% internal; Reserve: 412M, Max: 4096K
[1663.395s][info][gc,stats    ] 
[1663.395s][info][gc,stats    ] All times are wall-clock times, except per-root-class counters, that are sum over
[1663.395s][info][gc,stats    ] all workers. Dividing the <total> over the root stage time estimates parallelism.
[1663.395s][info][gc,stats    ] 
[1663.395s][info][gc,stats    ] Concurrent Reset                   7766 us
[1663.395s][info][gc,stats    ] Pause Init Mark (G)                 215 us
[1663.395s][info][gc,stats    ] Pause Init Mark (N)                 114 us
[1663.395s][info][gc,stats    ]   Update Region States               37 us
[1663.396s][info][gc,stats    ] Concurrent Mark Roots              1171 us, parallelism: 1.64x
[1663.396s][info][gc,stats    ]   CMR: <total>                     1923 us
[1663.396s][info][gc,stats    ]   CMR: Thread Roots                1788 us, workers (us): 840, 948, ---, ---, 
[1663.396s][info][gc,stats    ]   CMR: VM Strong Roots               13 us, workers (us):  13,   0, ---, ---, 
[1663.396s][info][gc,stats    ]   CMR: CLDG Roots                   122 us, workers (us): 122, ---, ---, ---, 
[1663.396s][info][gc,stats    ] Concurrent Marking               236309 us
[1663.396s][info][gc,stats    ] Pause Final Mark (G)                361 us
[1663.396s][info][gc,stats    ] Pause Final Mark (N)                300 us
[1663.396s][info][gc,stats    ]   Finish Mark                        20 us
[1663.396s][info][gc,stats    ]   Update Region States               44 us
[1663.396s][info][gc,stats    ]   Choose Collection Set             158 us
[1663.396s][info][gc,stats    ]   Rebuild Free Set                    9 us
[1663.396s][info][gc,stats    ] Concurrent Thread Roots             903 us, parallelism: 1.76x
[1663.396s][info][gc,stats    ]   CTR: <total>                     1590 us
[1663.396s][info][gc,stats    ]   CTR: Thread Roots                1590 us, workers (us): 792, 798, ---, ---, 
[1663.396s][info][gc,stats    ] Concurrent Weak References          529 us, parallelism: 0.91x
[1663.396s][info][gc,stats    ]   CWRF: <total>                     479 us
[1663.396s][info][gc,stats    ]   CWRF: Weak References             479 us, workers (us):  54, 426, ---, ---, 
[1663.396s][info][gc,stats    ] Concurrent Weak Roots              2779 us
[1663.396s][info][gc,stats    ]   Roots                            2662 us, parallelism: 1.93x
[1663.396s][info][gc,stats    ]     CWR: <total>                   5146 us
[1663.396s][info][gc,stats    ]     CWR: Code Cache Roots          3585 us, workers (us): 1762, 1823, ---, ---, 
[1663.396s][info][gc,stats    ]     CWR: VM Weak Roots             1494 us, workers (us): 746, 748, ---, ---, 
[1663.396s][info][gc,stats    ]     CWR: CLDG Roots                  66 us, workers (us):  66, ---, ---, ---, 
[1663.396s][info][gc,stats    ]   Rendezvous                         79 us
[1663.396s][info][gc,stats    ] Concurrent Cleanup                   46 us
[1663.396s][info][gc,stats    ] Concurrent Class Unloading         5275 us
[1663.396s][info][gc,stats    ]   Unlink Stale                     5074 us
[1663.396s][info][gc,stats    ]     System Dictionary                53 us
[1663.396s][info][gc,stats    ]     Weak Class Links                  0 us
[1663.396s][info][gc,stats    ]     Code Roots                     5020 us
[1663.396s][info][gc,stats    ]   Rendezvous                         97 us
[1663.396s][info][gc,stats    ]   Purge Unlinked                     55 us
[1663.396s][info][gc,stats    ]     Code Roots                       52 us
[1663.396s][info][gc,stats    ]     CLDG                              2 us
[1663.396s][info][gc,stats    ]     Exception Caches                  0 us
[1663.396s][info][gc,stats    ] Concurrent Strong Roots             386 us, parallelism: 0.66x
[1663.396s][info][gc,stats    ]   CSR: <total>                      254 us
[1663.396s][info][gc,stats    ]   CSR: VM Strong Roots               12 us, workers (us):  12,   0, ---, ---, 
[1663.396s][info][gc,stats    ]   CSR: CLDG Roots                   242 us, workers (us): 242, ---, ---, ---, 
[1663.396s][info][gc,stats    ] Concurrent Evacuation             45910 us
[1663.396s][info][gc,stats    ] Pause Init Update Refs (G)          116 us
[1663.396s][info][gc,stats    ] Pause Init Update Refs (N)           69 us
[1663.396s][info][gc,stats    ]   Manage GCLABs                      13 us
[1663.396s][info][gc,stats    ] Concurrent Update Refs           150309 us
[1663.396s][info][gc,stats    ] Concurrent Update Thread Roots     1556 us
[1663.396s][info][gc,stats    ] Pause Final Update Refs (G)         195 us
[1663.396s][info][gc,stats    ] Pause Final Update Refs (N)         116 us
[1663.396s][info][gc,stats    ]   Update Region States               34 us
[1663.396s][info][gc,stats    ]   Trash Collection Set               10 us
[1663.396s][info][gc,stats    ]   Rebuild Free Set                   10 us
[1663.396s][info][gc,stats    ] Concurrent Cleanup                   92 us
[1663.396s][info][gc,stats    ] 
[1663.396s][info][gc,stats    ] Allocation pacing accrued:
[1663.396s][info][gc,stats    ]       0 of 10937 ms (  0.0%): <total>
[1663.396s][info][gc,stats    ]       0 of 10937 ms (  0.0%): <average total>
[1663.396s][info][gc,stats    ] 
[1663.396s][info][gc,metaspace] Metaspace: 135537K(136896K)->135537K(136896K) NonClass: 114566K(115328K)->114566K(115328K) Class: 20970K(21568K)->20970K(21568K)
[1663.396s][info][gc,ergo     ] Pacer for Idle. Initial: 163M, Alloc Tax Rate: 1.0x
[1670.544s][info][gc          ] Trigger: Average GC time (479.98 ms) is above the time for average allocation rate (1781 MB/s) to deplete free headroom (595M) (margin of error = 1.97)
[1670.544s][info][gc,ergo     ] Free headroom: 1005M (free) - 409M (spike) - 0B (penalties) = 595M
[1670.544s][info][gc,ergo     ] Free: 1005M, Max: 4096K regular, 628M humongous, Frag: 37% external, 0% internal; Reserve: 412M, Max: 4096K
[1670.544s][info][gc,start    ] GC(177) Concurrent reset
[1670.544s][info][gc,task     ] GC(177) Using 2 of 4 workers for concurrent reset
[1670.544s][info][gc,ergo     ] GC(177) Pacer for Reset. Non-Taxable: 8192M
[1670.561s][info][gc          ] GC(177) Concurrent reset 16.630ms
[1670.561s][info][gc,start    ] GC(177) Pause Init Mark (unload classes)
[1670.561s][info][gc,task     ] GC(177) Using 4 of 4 workers for init marking
[1670.561s][info][gc,ergo     ] GC(177) Pacer for Mark. Expected Live: 494M, Free: 1005M, Non-Taxable: 100M, Alloc Tax Rate: 0.6x
[1670.561s][info][gc          ] GC(177) Pause Init Mark (unload classes) 0.177ms
[1670.562s][info][gc,start    ] GC(177) Concurrent marking roots
[1670.562s][info][gc,task     ] GC(177) Using 2 of 4 workers for concurrent marking roots
[1670.563s][info][gc          ] GC(177) Concurrent marking roots 1.683ms
[1670.563s][info][gc,start    ] GC(177) Concurrent marking (unload classes)
[1670.563s][info][gc,task     ] GC(177) Using 2 of 4 workers for concurrent marking
[1670.803s][info][gc          ] GC(177) Concurrent marking (unload classes) 239.263ms
[1670.803s][info][gc,start    ] GC(177) Pause Final Mark (unload classes)
[1670.803s][info][gc,task     ] GC(177) Using 4 of 4 workers for final marking
[1670.803s][info][gc,ergo     ] GC(177) Adaptive CSet Selection. Target Free: 1160M, Actual Free: 3532M, Max CSet: 341M, Min Garbage: 0B
[1670.803s][info][gc,ergo     ] GC(177) Collectable Garbage: 6207M (99%), Immediate: 2176M (34%), CSet: 4031M (64%)
[1670.803s][info][gc,ergo     ] GC(177) Pacer for Evacuation. Used CSet: 4148M, Free: 3141M, Non-Taxable: 314M, Alloc Tax Rate: 3.2x
[1670.803s][info][gc          ] GC(177) Pause Final Mark (unload classes) 0.236ms
[1670.803s][info][gc,start    ] GC(177) Concurrent thread roots
[1670.803s][info][gc,task     ] GC(177) Using 2 of 4 workers for Concurrent thread roots
[1670.804s][info][gc          ] GC(177) Concurrent thread roots 0.832ms
[1670.804s][info][gc,start    ] GC(177) Concurrent weak references
[1670.804s][info][gc,task     ] GC(177) Using 2 of 4 workers for concurrent weak references
[1670.804s][info][gc,ref      ] GC(177) Encountered references: Soft: 6122, Weak: 23572, Final: 34, Phantom: 1261
[1670.804s][info][gc,ref      ] GC(177) Discovered  references: Soft: 0, Weak: 1162, Final: 0, Phantom: 882
[1670.804s][info][gc,ref      ] GC(177) Enqueued    references: Soft: 0, Weak: 1, Final: 0, Phantom: 0
[1670.804s][info][gc          ] GC(177) Concurrent weak references 0.155ms
[1670.804s][info][gc,start    ] GC(177) Concurrent weak roots
[1670.804s][info][gc,task     ] GC(177) Using 2 of 4 workers for concurrent weak root
[1670.807s][info][gc          ] GC(177) Concurrent weak roots 2.763ms
[1670.807s][info][gc,start    ] GC(177) Concurrent cleanup
[1670.807s][info][gc          ] GC(177) Concurrent cleanup 6823M->4647M(8192M) 0.040ms
[1670.807s][info][gc,ergo     ] GC(177) Free: 3133M, Max: 4096K regular, 632M humongous, Frag: 80% external, 0% internal; Reserve: 411M, Max: 4096K
[1670.807s][info][gc,start    ] GC(177) Concurrent class unloading
[1670.807s][info][gc,task     ] GC(177) Using 2 of 4 workers for concurrent class unloading
[1670.812s][info][gc          ] GC(177) Concurrent class unloading 5.237ms
[1670.812s][info][gc,start    ] GC(177) Concurrent strong roots
[1670.812s][info][gc,task     ] GC(177) Using 2 of 4 workers for concurrent strong root
[1670.812s][info][gc          ] GC(177) Concurrent strong roots 0.281ms
[1670.812s][info][gc,start    ] GC(177) Concurrent evacuation
[1670.812s][info][gc,task     ] GC(177) Using 2 of 4 workers for concurrent evacuation
[1670.867s][info][gc          ] GC(177) Concurrent evacuation 54.759ms
[1670.867s][info][gc,start    ] GC(177) Pause Init Update Refs
[1670.867s][info][gc,ergo     ] GC(177) Pacer for Update Refs. Used: 4786M, Free: 3113M, Non-Taxable: 311M, Alloc Tax Rate: 1.9x
[1670.867s][info][gc          ] GC(177) Pause Init Update Refs 0.045ms
[1670.867s][info][gc,start    ] GC(177) Concurrent update references
[1670.867s][info][gc,task     ] GC(177) Using 2 of 4 workers for concurrent reference update
[1670.997s][info][gc          ] GC(177) Concurrent update references 129.774ms
[1670.997s][info][gc,start    ] GC(177) Concurrent update thread roots
[1670.998s][info][gc          ] GC(177) Concurrent update thread roots 1.471ms
[1670.999s][info][gc,start    ] GC(177) Pause Final Update Refs
[1670.999s][info][gc,task     ] GC(177) Using 4 of 4 workers for final reference update
[1670.999s][info][gc          ] GC(177) Pause Final Update Refs 0.103ms
[1670.999s][info][gc,start    ] GC(177) Concurrent cleanup
[1670.999s][info][gc          ] GC(177) Concurrent cleanup 4846M->698M(8192M) 0.057ms
[1670.999s][info][gc,ergo     ] Free: 7081M, Max: 4096K regular, 5576M humongous, Frag: 22% external, 0% internal; Reserve: 412M, Max: 4096K
[1670.999s][info][gc,stats    ] 
[1670.999s][info][gc,stats    ] All times are wall-clock times, except per-root-class counters, that are sum over
[1670.999s][info][gc,stats    ] all workers. Dividing the <total> over the root stage time estimates parallelism.
[1670.999s][info][gc,stats    ] 
[1670.999s][info][gc,stats    ] Concurrent Reset                  16783 us
[1670.999s][info][gc,stats    ] Pause Init Mark (G)                 370 us
[1670.999s][info][gc,stats    ] Pause Init Mark (N)                 190 us
[1670.999s][info][gc,stats    ]   Update Region States               75 us
[1670.999s][info][gc,stats    ] Concurrent Mark Roots              1709 us, parallelism: 1.52x
[1670.999s][info][gc,stats    ]   CMR: <total>                     2604 us
[1670.999s][info][gc,stats    ]   CMR: Thread Roots                2216 us, workers (us): 1285, 930, ---, ---, 
[1670.999s][info][gc,stats    ]   CMR: VM Strong Roots               26 us, workers (us):  26,   0, ---, ---, 
[1670.999s][info][gc,stats    ]   CMR: CLDG Roots                   362 us, workers (us): ---, 362, ---, ---, 
[1670.999s][info][gc,stats    ] Concurrent Marking               239309 us
[1670.999s][info][gc,stats    ] Pause Final Mark (G)                277 us
[1670.999s][info][gc,stats    ] Pause Final Mark (N)                247 us
[1670.999s][info][gc,stats    ]   Finish Mark                        20 us
[1670.999s][info][gc,stats    ]   Update Region States               18 us
[1670.999s][info][gc,stats    ]   Choose Collection Set             129 us
[1670.999s][info][gc,stats    ]   Rebuild Free Set                   11 us
[1670.999s][info][gc,stats    ] Concurrent Thread Roots             844 us, parallelism: 1.89x
[1670.999s][info][gc,stats    ]   CTR: <total>                     1593 us
[1670.999s][info][gc,stats    ]   CTR: Thread Roots                1593 us, workers (us): 795, 798, ---, ---, 
[1670.999s][info][gc,stats    ] Concurrent Weak References          165 us, parallelism: 0.71x
[1670.999s][info][gc,stats    ]   CWRF: <total>                     117 us
[1670.999s][info][gc,stats    ]   CWRF: Weak References             117 us, workers (us):  22,  94, ---, ---, 
[1670.999s][info][gc,stats    ] Concurrent Weak Roots              2780 us
[1670.999s][info][gc,stats    ]   Roots                            2700 us, parallelism: 1.93x
[1670.999s][info][gc,stats    ]     CWR: <total>                   5215 us
[1670.999s][info][gc,stats    ]     CWR: Code Cache Roots          3688 us, workers (us): 1878, 1810, ---, ---, 
[1670.999s][info][gc,stats    ]     CWR: VM Weak Roots             1474 us, workers (us): 738, 736, ---, ---, 
[1670.999s][info][gc,stats    ]     CWR: CLDG Roots                  53 us, workers (us): ---,  53, ---, ---, 
[1670.999s][info][gc,stats    ]   Rendezvous                         41 us
[1670.999s][info][gc,stats    ] Concurrent Cleanup                   53 us
[1670.999s][info][gc,stats    ] Concurrent Class Unloading         5258 us
[1670.999s][info][gc,stats    ]   Unlink Stale                     5107 us
[1670.999s][info][gc,stats    ]     System Dictionary                55 us
[1670.999s][info][gc,stats    ]     Weak Class Links                  0 us
[1670.999s][info][gc,stats    ]     Code Roots                     5050 us
[1670.999s][info][gc,stats    ]   Rendezvous                         54 us
[1670.999s][info][gc,stats    ]   Purge Unlinked                     53 us
[1670.999s][info][gc,stats    ]     Code Roots                       51 us
[1670.999s][info][gc,stats    ]     CLDG                              3 us
[1670.999s][info][gc,stats    ]     Exception Caches                  0 us
[1670.999s][info][gc,stats    ] Concurrent Strong Roots             293 us, parallelism: 0.71x
[1670.999s][info][gc,stats    ]   CSR: <total>                      210 us
[1670.999s][info][gc,stats    ]   CSR: VM Strong Roots                9 us, workers (us):   9,   0, ---, ---, 
[1670.999s][info][gc,stats    ]   CSR: CLDG Roots                   200 us, workers (us): 200, ---, ---, ---, 
[1670.999s][info][gc,stats    ] Concurrent Evacuation             54809 us
[1670.999s][info][gc,stats    ] Pause Init Update Refs (G)          148 us
[1670.999s][info][gc,stats    ] Pause Init Update Refs (N)           56 us
[1670.999s][info][gc,stats    ]   Manage GCLABs                       6 us
[1670.999s][info][gc,stats    ] Concurrent Update Refs           129821 us
[1670.999s][info][gc,stats    ] Concurrent Update Thread Roots     1491 us
[1670.999s][info][gc,stats    ] Pause Final Update Refs (G)         164 us
[1670.999s][info][gc,stats    ] Pause Final Update Refs (N)         129 us
[1670.999s][info][gc,stats    ]   Update Region States               38 us
[1670.999s][info][gc,stats    ]   Trash Collection Set               13 us
[1670.999s][info][gc,stats    ]   Rebuild Free Set                   12 us
[1670.999s][info][gc,stats    ] Concurrent Cleanup                   70 us
[1670.999s][info][gc,stats    ] 
[1670.999s][info][gc,stats    ] Allocation pacing accrued:
[1670.999s][info][gc,stats    ]       0 of  7603 ms (  0.0%): <total>
[1670.999s][info][gc,stats    ]       0 of  7603 ms (  0.0%): <average total>
[1670.999s][info][gc,stats    ] 
[1670.999s][info][gc,metaspace] Metaspace: 135538K(136896K)->135538K(136896K) NonClass: 114567K(115328K)->114567K(115328K) Class: 20970K(21568K)->20970K(21568K)
[1670.999s][info][gc,ergo     ] Pacer for Idle. Initial: 163M, Alloc Tax Rate: 1.0x
[1681.251s][info][gc          ] Trigger: Free (817M) is below minimum threshold (819M)
[1681.251s][info][gc,ergo     ] Free: 817M, Max: 4096K regular, 804M humongous, Frag: 0% external, 0% internal; Reserve: 412M, Max: 4096K
[1681.251s][info][gc,start    ] GC(178) Concurrent reset
[1681.251s][info][gc,task     ] GC(178) Using 2 of 4 workers for concurrent reset
[1681.251s][info][gc,ergo     ] GC(178) Pacer for Reset. Non-Taxable: 8192M
[1681.266s][info][gc          ] GC(178) Concurrent reset 15.210ms
[1681.266s][info][gc,start    ] GC(178) Pause Init Mark (unload classes)
[1681.266s][info][gc,task     ] GC(178) Using 4 of 4 workers for init marking
[1681.266s][info][gc,ergo     ] GC(178) Pacer for Mark. Expected Live: 493M, Free: 809M, Non-Taxable: 82885K, Alloc Tax Rate: 0.7x
[1681.266s][info][gc          ] GC(178) Pause Init Mark (unload classes) 0.139ms
[1681.266s][info][gc,start    ] GC(178) Concurrent marking roots
[1681.266s][info][gc,task     ] GC(178) Using 2 of 4 workers for concurrent marking roots
[1681.267s][info][gc          ] GC(178) Concurrent marking roots 1.153ms
[1681.267s][info][gc,start    ] GC(178) Concurrent marking (unload classes)
[1681.267s][info][gc,task     ] GC(178) Using 2 of 4 workers for concurrent marking
[1681.501s][info][gc          ] GC(178) Concurrent marking (unload classes) 233.524ms
[1681.501s][info][gc,start    ] GC(178) Pause Final Mark (unload classes)
[1681.501s][info][gc,task     ] GC(178) Using 4 of 4 workers for final marking
[1681.501s][info][gc,ergo     ] GC(178) Adaptive CSet Selection. Target Free: 1160M, Actual Free: 3100M, Max CSet: 341M, Min Garbage: 0B
[1681.501s][info][gc,ergo     ] GC(178) Collectable Garbage: 6456M (99%), Immediate: 2044M (31%), CSet: 4412M (67%)
[1681.501s][info][gc,ergo     ] GC(178) Pacer for Evacuation. Used CSet: 4476M, Free: 2701M, Non-Taxable: 270M, Alloc Tax Rate: 4.1x
[1681.501s][info][gc          ] GC(178) Pause Final Mark (unload classes) 0.270ms
[1681.501s][info][gc,start    ] GC(178) Concurrent thread roots
[1681.501s][info][gc,task     ] GC(178) Using 2 of 4 workers for Concurrent thread roots
[1681.502s][info][gc          ] GC(178) Concurrent thread roots 0.806ms
[1681.502s][info][gc,start    ] GC(178) Concurrent weak references
[1681.502s][info][gc,task     ] GC(178) Using 2 of 4 workers for concurrent weak references
[1681.502s][info][gc,ref      ] GC(178) Encountered references: Soft: 6122, Weak: 23574, Final: 34, Phantom: 1264
[1681.502s][info][gc,ref      ] GC(178) Discovered  references: Soft: 0, Weak: 10987, Final: 1, Phantom: 878
[1681.502s][info][gc,ref      ] GC(178) Enqueued    references: Soft: 0, Weak: 2, Final: 0, Phantom: 0
[1681.502s][info][gc          ] GC(178) Concurrent weak references 0.403ms
[1681.502s][info][gc,start    ] GC(178) Concurrent weak roots
[1681.502s][info][gc,task     ] GC(178) Using 2 of 4 workers for concurrent weak root
[1681.506s][info][gc          ] GC(178) Concurrent weak roots 3.071ms
[1681.506s][info][gc,start    ] GC(178) Concurrent cleanup
[1681.506s][info][gc          ] GC(178) Concurrent cleanup 7131M->5087M(8192M) 0.041ms
[1681.506s][info][gc,ergo     ] GC(178) Free: 2693M, Max: 4096K regular, 636M humongous, Frag: 77% external, 0% internal; Reserve: 411M, Max: 4096K
[1681.506s][info][gc,start    ] GC(178) Concurrent class unloading
[1681.506s][info][gc,task     ] GC(178) Using 2 of 4 workers for concurrent class unloading
[1681.511s][info][gc          ] GC(178) Concurrent class unloading 5.245ms
[1681.511s][info][gc,start    ] GC(178) Concurrent strong roots
[1681.511s][info][gc,task     ] GC(178) Using 2 of 4 workers for concurrent strong root
[1681.511s][info][gc          ] GC(178) Concurrent strong roots 0.295ms
[1681.511s][info][gc,start    ] GC(178) Concurrent evacuation
[1681.511s][info][gc,task     ] GC(178) Using 2 of 4 workers for concurrent evacuation
[1681.546s][info][gc          ] GC(178) Concurrent evacuation 35.128ms
[1681.546s][info][gc,start    ] GC(178) Pause Init Update Refs
[1681.546s][info][gc,ergo     ] GC(178) Pacer for Update Refs. Used: 5182M, Free: 2665M, Non-Taxable: 266M, Alloc Tax Rate: 2.4x
[1681.546s][info][gc          ] GC(178) Pause Init Update Refs 0.044ms
[1681.546s][info][gc,start    ] GC(178) Concurrent update references
[1681.547s][info][gc,task     ] GC(178) Using 2 of 4 workers for concurrent reference update
[1681.690s][info][gc          ] GC(178) Concurrent update references 143.304ms
[1681.690s][info][gc,start    ] GC(178) Concurrent update thread roots
[1681.691s][info][gc          ] GC(178) Concurrent update thread roots 1.384ms
[1681.691s][info][gc,start    ] GC(178) Pause Final Update Refs
[1681.691s][info][gc,task     ] GC(178) Using 4 of 4 workers for final reference update
[1681.691s][info][gc          ] GC(178) Pause Final Update Refs 0.091ms
[1681.691s][info][gc,start    ] GC(178) Concurrent cleanup
[1681.691s][info][gc          ] GC(178) Concurrent cleanup 5242M->766M(8192M) 0.057ms
[1681.691s][info][gc,ergo     ] Free: 7013M, Max: 4096K regular, 5896M humongous, Frag: 16% external, 0% internal; Reserve: 412M, Max: 4096K
[1681.691s][info][gc,stats    ] 
[1681.691s][info][gc,stats    ] All times are wall-clock times, except per-root-class counters, that are sum over
[1681.692s][info][gc,stats    ] all workers. Dividing the <total> over the root stage time estimates parallelism.
[1681.692s][info][gc,stats    ] 
[1681.692s][info][gc,stats    ] Concurrent Reset                  15347 us
[1681.692s][info][gc,stats    ] Pause Init Mark (G)                 197 us
[1681.692s][info][gc,stats    ] Pause Init Mark (N)                 151 us
[1681.692s][info][gc,stats    ]   Update Region States               54 us
[1681.692s][info][gc,stats    ] Concurrent Mark Roots              1174 us, parallelism: 1.51x
[1681.692s][info][gc,stats    ]   CMR: <total>                     1773 us
[1681.692s][info][gc,stats    ]   CMR: Thread Roots                1589 us, workers (us): 715, 874, ---, ---, 
[1681.692s][info][gc,stats    ]   CMR: VM Strong Roots               18 us, workers (us):  18,   0, ---, ---, 
[1681.692s][info][gc,stats    ]   CMR: CLDG Roots                   166 us, workers (us): 166, ---, ---, ---, 
[1681.692s][info][gc,stats    ] Concurrent Marking               233560 us
[1681.692s][info][gc,stats    ] Pause Final Mark (G)                298 us
[1681.692s][info][gc,stats    ] Pause Final Mark (N)                281 us
[1681.692s][info][gc,stats    ]   Finish Mark                        49 us
[1681.692s][info][gc,stats    ]   Update Region States               17 us
[1681.692s][info][gc,stats    ]   Choose Collection Set             137 us
[1681.692s][info][gc,stats    ]   Rebuild Free Set                   10 us
[1681.692s][info][gc,stats    ] Concurrent Thread Roots             826 us, parallelism: 1.81x
[1681.692s][info][gc,stats    ]   CTR: <total>                     1493 us
[1681.692s][info][gc,stats    ]   CTR: Thread Roots                1493 us, workers (us): 757, 737, ---, ---, 
[1681.692s][info][gc,stats    ] Concurrent Weak References          413 us, parallelism: 0.96x
[1681.692s][info][gc,stats    ]   CWRF: <total>                     397 us
[1681.692s][info][gc,stats    ]   CWRF: Weak References             397 us, workers (us):  61, 336, ---, ---, 
[1681.692s][info][gc,stats    ] Concurrent Weak Roots              3099 us
[1681.692s][info][gc,stats    ]   Roots                            3017 us, parallelism: 1.94x
[1681.692s][info][gc,stats    ]     CWR: <total>                   5844 us
[1681.692s][info][gc,stats    ]     CWR: Code Cache Roots          4159 us, workers (us): 2043, 2116, ---, ---, 
[1681.692s][info][gc,stats    ]     CWR: VM Weak Roots             1592 us, workers (us): 796, 796, ---, ---, 
[1681.692s][info][gc,stats    ]     CWR: CLDG Roots                  94 us, workers (us):  94, ---, ---, ---, 
[1681.692s][info][gc,stats    ]   Rendezvous                         32 us
[1681.692s][info][gc,stats    ] Concurrent Cleanup                   54 us
[1681.692s][info][gc,stats    ] Concurrent Class Unloading         5270 us
[1681.692s][info][gc,stats    ]   Unlink Stale                     5101 us
[1681.692s][info][gc,stats    ]     System Dictionary                66 us
[1681.692s][info][gc,stats    ]     Weak Class Links                  0 us
[1681.692s][info][gc,stats    ]     Code Roots                     4999 us
[1681.692s][info][gc,stats    ]   Rendezvous                         83 us
[1681.692s][info][gc,stats    ]   Purge Unlinked                     37 us
[1681.692s][info][gc,stats    ]     Code Roots                       34 us
[1681.692s][info][gc,stats    ]     CLDG                              2 us
[1681.692s][info][gc,stats    ]     Exception Caches                  0 us
[1681.692s][info][gc,stats    ] Concurrent Strong Roots             309 us, parallelism: 0.68x
[1681.692s][info][gc,stats    ]   CSR: <total>                      211 us
[1681.692s][info][gc,stats    ]   CSR: VM Strong Roots               10 us, workers (us):  10,   0, ---, ---, 
[1681.692s][info][gc,stats    ]   CSR: CLDG Roots                   201 us, workers (us): 201, ---, ---, ---, 
[1681.692s][info][gc,stats    ] Concurrent Evacuation             35162 us
[1681.692s][info][gc,stats    ] Pause Init Update Refs (G)          108 us
[1681.692s][info][gc,stats    ] Pause Init Update Refs (N)           54 us
[1681.692s][info][gc,stats    ]   Manage GCLABs                       6 us
[1681.692s][info][gc,stats    ] Concurrent Update Refs           143352 us
[1681.692s][info][gc,stats    ] Concurrent Update Thread Roots     1402 us
[1681.692s][info][gc,stats    ] Pause Final Update Refs (G)         137 us
[1681.692s][info][gc,stats    ] Pause Final Update Refs (N)         117 us
[1681.692s][info][gc,stats    ]   Update Region States               26 us
[1681.692s][info][gc,stats    ]   Trash Collection Set               14 us
[1681.692s][info][gc,stats    ]   Rebuild Free Set                   11 us
[1681.692s][info][gc,stats    ] Concurrent Cleanup                   70 us
[1681.692s][info][gc,stats    ] 
[1681.692s][info][gc,stats    ] Allocation pacing accrued:
[1681.692s][info][gc,stats    ]       0 of 10693 ms (  0.0%): <total>
[1681.692s][info][gc,stats    ]       0 of 10693 ms (  0.0%): <average total>
[1681.692s][info][gc,stats    ] 
[1681.692s][info][gc,metaspace] Metaspace: 135539K(136896K)->135539K(136896K) NonClass: 114568K(115328K)->114568K(115328K) Class: 20970K(21568K)->20970K(21568K)
[1681.692s][info][gc,ergo     ] Pacer for Idle. Initial: 163M, Alloc Tax Rate: 1.0x
[1689.544s][info][gc          ] Trigger: Average GC time (465.90 ms) is above the time for instantaneous allocation rate (1389 MB/s) to deplete free headroom (591M) (spike threshold = 1.65)
[1689.544s][info][gc,ergo     ] Free: 1001M, Max: 4096K regular, 684M humongous, Frag: 31% external, 0% internal; Reserve: 412M, Max: 4096K
[1689.544s][info][gc,start    ] GC(179) Concurrent reset
[1689.544s][info][gc,task     ] GC(179) Using 2 of 4 workers for concurrent reset
[1689.544s][info][gc,ergo     ] GC(179) Pacer for Reset. Non-Taxable: 8192M
[1689.559s][info][gc          ] GC(179) Concurrent reset 14.983ms
[1689.559s][info][gc,start    ] GC(179) Pause Init Mark (unload classes)
[1689.559s][info][gc,task     ] GC(179) Using 4 of 4 workers for init marking
[1689.559s][info][gc,ergo     ] GC(179) Pacer for Mark. Expected Live: 493M, Free: 989M, Non-Taxable: 101289K, Alloc Tax Rate: 0.6x
[1689.559s][info][gc          ] GC(179) Pause Init Mark (unload classes) 0.113ms
[1689.559s][info][gc,start    ] GC(179) Concurrent marking roots
[1689.559s][info][gc,task     ] GC(179) Using 2 of 4 workers for concurrent marking roots
[1689.561s][info][gc          ] GC(179) Concurrent marking roots 1.159ms
[1689.561s][info][gc,start    ] GC(179) Concurrent marking (unload classes)
[1689.561s][info][gc,task     ] GC(179) Using 2 of 4 workers for concurrent marking
[1689.812s][info][gc          ] GC(179) Concurrent marking (unload classes) 250.896ms
[1689.812s][info][gc,start    ] GC(179) Pause Final Mark (unload classes)
[1689.812s][info][gc,task     ] GC(179) Using 4 of 4 workers for final marking
[1689.812s][info][gc,ergo     ] GC(179) Adaptive CSet Selection. Target Free: 1160M, Actual Free: 2232M, Max CSet: 341M, Min Garbage: 0B
[1689.812s][info][gc,ergo     ] GC(179) Collectable Garbage: 6235M (99%), Immediate: 1092M (17%), CSet: 5143M (81%)
[1689.812s][info][gc,ergo     ] GC(179) Pacer for Evacuation. Used CSet: 5248M, Free: 1837M, Non-Taxable: 183M, Alloc Tax Rate: 7.0x
[1689.812s][info][gc          ] GC(179) Pause Final Mark (unload classes) 0.373ms
[1689.812s][info][gc,start    ] GC(179) Concurrent thread roots
[1689.812s][info][gc,task     ] GC(179) Using 2 of 4 workers for Concurrent thread roots
[1689.813s][info][gc          ] GC(179) Concurrent thread roots 0.802ms
[1689.813s][info][gc,start    ] GC(179) Concurrent weak references
[1689.813s][info][gc,task     ] GC(179) Using 2 of 4 workers for concurrent weak references
[1689.813s][info][gc,ref      ] GC(179) Encountered references: Soft: 6123, Weak: 23577, Final: 34, Phantom: 1268
[1689.813s][info][gc,ref      ] GC(179) Discovered  references: Soft: 0, Weak: 1137, Final: 0, Phantom: 881
[1689.813s][info][gc,ref      ] GC(179) Enqueued    references: Soft: 0, Weak: 4, Final: 0, Phantom: 1
[1689.813s][info][gc          ] GC(179) Concurrent weak references 0.207ms
[1689.813s][info][gc,start    ] GC(179) Concurrent weak roots
[1689.813s][info][gc,task     ] GC(179) Using 2 of 4 workers for concurrent weak root
[1689.816s][info][gc          ] GC(179) Concurrent weak roots 3.272ms
[1689.816s][info][gc,start    ] GC(179) Concurrent cleanup
[1689.816s][info][gc          ] GC(179) Concurrent cleanup 7049M->5957M(8192M) 0.034ms
[1689.816s][info][gc,ergo     ] GC(179) Free: 1823M, Max: 4096K regular, 684M humongous, Frag: 63% external, 0% internal; Reserve: 411M, Max: 4096K
[1689.816s][info][gc,start    ] GC(179) Concurrent class unloading
[1689.816s][info][gc,task     ] GC(179) Using 2 of 4 workers for concurrent class unloading
[1689.822s][info][gc          ] GC(179) Concurrent class unloading 5.878ms
[1689.822s][info][gc,start    ] GC(179) Concurrent strong roots
[1689.822s][info][gc,task     ] GC(179) Using 2 of 4 workers for concurrent strong root
[1689.823s][info][gc          ] GC(179) Concurrent strong roots 0.437ms
[1689.823s][info][gc,start    ] GC(179) Concurrent evacuation
[1689.823s][info][gc,task     ] GC(179) Using 2 of 4 workers for concurrent evacuation
[1689.879s][info][gc          ] GC(179) Concurrent evacuation 55.855ms
[1689.879s][info][gc,start    ] GC(179) Pause Init Update Refs
[1689.879s][info][gc,ergo     ] GC(179) Pacer for Update Refs. Used: 6143M, Free: 1748M, Non-Taxable: 174M, Alloc Tax Rate: 4.3x
[1689.879s][info][gc          ] GC(179) Pause Init Update Refs 0.044ms
[1689.879s][info][gc,start    ] GC(179) Concurrent update references
[1689.879s][info][gc,task     ] GC(179) Using 2 of 4 workers for concurrent reference update
[1690.057s][info][gc          ] GC(179) Concurrent update references 177.726ms
[1690.057s][info][gc,start    ] GC(179) Concurrent update thread roots
[1690.058s][info][gc          ] GC(179) Concurrent update thread roots 1.417ms
[1690.058s][info][gc,start    ] GC(179) Pause Final Update Refs
[1690.058s][info][gc,task     ] GC(179) Using 4 of 4 workers for final reference update
[1690.058s][info][gc          ] GC(179) Pause Final Update Refs 0.097ms
[1690.058s][info][gc,start    ] GC(179) Concurrent cleanup
[1690.058s][info][gc          ] GC(179) Concurrent cleanup 6396M->1148M(8192M) 0.065ms
[1690.058s][info][gc,ergo     ] Free: 6631M, Max: 4096K regular, 4904M humongous, Frag: 26% external, 0% internal; Reserve: 412M, Max: 4096K
[1690.058s][info][gc,stats    ] 
[1690.058s][info][gc,stats    ] All times are wall-clock times, except per-root-class counters, that are sum over
[1690.058s][info][gc,stats    ] all workers. Dividing the <total> over the root stage time estimates parallelism.
[1690.058s][info][gc,stats    ] 
[1690.058s][info][gc,stats    ] Concurrent Reset                  15085 us
[1690.058s][info][gc,stats    ] Pause Init Mark (G)                 205 us
[1690.058s][info][gc,stats    ] Pause Init Mark (N)                 126 us
[1690.058s][info][gc,stats    ]   Update Region States               39 us
[1690.058s][info][gc,stats    ] Concurrent Mark Roots              1181 us, parallelism: 1.51x
[1690.058s][info][gc,stats    ]   CMR: <total>                     1783 us
[1690.058s][info][gc,stats    ]   CMR: Thread Roots                1566 us, workers (us): 697, 869, ---, ---, 
[1690.058s][info][gc,stats    ]   CMR: VM Strong Roots               46 us, workers (us):  24,  22, ---, ---, 
[1690.058s][info][gc,stats    ]   CMR: CLDG Roots                   172 us, workers (us): 172, ---, ---, ---, 
[1690.058s][info][gc,stats    ] Concurrent Marking               250931 us
[1690.058s][info][gc,stats    ] Pause Final Mark (G)                413 us
[1690.058s][info][gc,stats    ] Pause Final Mark (N)                384 us
[1690.058s][info][gc,stats    ]   Finish Mark                       104 us
[1690.058s][info][gc,stats    ]   Update Region States               47 us
[1690.058s][info][gc,stats    ]   Choose Collection Set             157 us
[1690.058s][info][gc,stats    ]   Rebuild Free Set                   10 us
[1690.058s][info][gc,stats    ] Concurrent Thread Roots             824 us, parallelism: 1.81x
[1690.058s][info][gc,stats    ]   CTR: <total>                     1495 us
[1690.058s][info][gc,stats    ]   CTR: Thread Roots                1495 us, workers (us): 759, 736, ---, ---, 
[1690.059s][info][gc,stats    ] Concurrent Weak References          218 us, parallelism: 0.62x
[1690.059s][info][gc,stats    ]   CWRF: <total>                     135 us
[1690.059s][info][gc,stats    ]   CWRF: Weak References             135 us, workers (us): 134,   1, ---, ---, 
[1690.059s][info][gc,stats    ] Concurrent Weak Roots              3293 us
[1690.059s][info][gc,stats    ]   Roots                            3186 us, parallelism: 1.89x
[1690.059s][info][gc,stats    ]     CWR: <total>                   6026 us
[1690.059s][info][gc,stats    ]     CWR: Code Cache Roots          4342 us, workers (us): 2239, 2102, ---, ---, 
[1690.059s][info][gc,stats    ]     CWR: VM Weak Roots             1584 us, workers (us): 809, 775, ---, ---, 
[1690.059s][info][gc,stats    ]     CWR: CLDG Roots                 101 us, workers (us): ---, 101, ---, ---, 
[1690.059s][info][gc,stats    ]   Rendezvous                         65 us
[1690.059s][info][gc,stats    ] Concurrent Cleanup                   46 us
[1690.059s][info][gc,stats    ] Concurrent Class Unloading         5930 us
[1690.059s][info][gc,stats    ]   Unlink Stale                     5587 us
[1690.059s][info][gc,stats    ]     System Dictionary                75 us
[1690.059s][info][gc,stats    ]     Weak Class Links                  0 us
[1690.059s][info][gc,stats    ]     Code Roots                     5510 us
[1690.059s][info][gc,stats    ]   Rendezvous                        128 us
[1690.059s][info][gc,stats    ]   Purge Unlinked                    141 us
[1690.059s][info][gc,stats    ]     Code Roots                      137 us
[1690.059s][info][gc,stats    ]     CLDG                              3 us
[1690.059s][info][gc,stats    ] Concurrent Strong Roots             461 us, parallelism: 0.57x
[1690.059s][info][gc,stats    ]   CSR: <total>                      261 us
[1690.059s][info][gc,stats    ]   CSR: VM Strong Roots               13 us, workers (us):  13,   0, ---, ---, 
[1690.059s][info][gc,stats    ]   CSR: CLDG Roots                   248 us, workers (us): 248, ---, ---, ---, 
[1690.059s][info][gc,stats    ] Concurrent Evacuation             55890 us
[1690.059s][info][gc,stats    ] Pause Init Update Refs (G)          117 us
[1690.059s][info][gc,stats    ] Pause Init Update Refs (N)           56 us
[1690.059s][info][gc,stats    ]   Manage GCLABs                       7 us
[1690.059s][info][gc,stats    ] Concurrent Update Refs           177768 us
[1690.059s][info][gc,stats    ] Concurrent Update Thread Roots     1441 us
[1690.059s][info][gc,stats    ] Pause Final Update Refs (G)         150 us
[1690.059s][info][gc,stats    ] Pause Final Update Refs (N)         122 us
[1690.059s][info][gc,stats    ]   Update Region States               38 us
[1690.059s][info][gc,stats    ]   Trash Collection Set               12 us
[1690.059s][info][gc,stats    ]   Rebuild Free Set                   10 us
[1690.059s][info][gc,stats    ] Concurrent Cleanup                   79 us
[1690.059s][info][gc,stats    ] 
[1690.059s][info][gc,stats    ] Allocation pacing accrued:
[1690.059s][info][gc,stats    ]       0 of  8367 ms (  0.0%): <total>
[1690.059s][info][gc,stats    ]       0 of  8367 ms (  0.0%): <average total>
[1690.059s][info][gc,stats    ] 
[1690.059s][info][gc,metaspace] Metaspace: 135547K(136896K)->135547K(136896K) NonClass: 114576K(115328K)->114576K(115328K) Class: 20970K(21568K)->20970K(21568K)
[1690.059s][info][gc,ergo     ] Pacer for Idle. Initial: 163M, Alloc Tax Rate: 1.0x
[1697.915s][info][gc          ] Trigger: Free (817M) is below minimum threshold (819M)
[1697.915s][info][gc,ergo     ] Free: 817M, Max: 4096K regular, 640M humongous, Frag: 20% external, 0% internal; Reserve: 412M, Max: 4096K
[1697.915s][info][gc,start    ] GC(180) Concurrent reset
[1697.915s][info][gc,task     ] GC(180) Using 2 of 4 workers for concurrent reset
[1697.915s][info][gc,ergo     ] GC(180) Pacer for Reset. Non-Taxable: 8192M
[1697.929s][info][gc          ] GC(180) Concurrent reset 13.471ms
[1697.929s][info][gc,start    ] GC(180) Pause Init Mark (unload classes)
[1697.929s][info][gc,task     ] GC(180) Using 4 of 4 workers for init marking
[1697.929s][info][gc,ergo     ] GC(180) Pacer for Mark. Expected Live: 498M, Free: 813M, Non-Taxable: 83266K, Alloc Tax Rate: 0.7x
[1697.929s][info][gc          ] GC(180) Pause Init Mark (unload classes) 0.175ms
[1697.929s][info][gc,start    ] GC(180) Concurrent marking roots
[1697.929s][info][gc,task     ] GC(180) Using 2 of 4 workers for concurrent marking roots
[1697.930s][info][gc          ] GC(180) Concurrent marking roots 1.334ms
[1697.930s][info][gc,start    ] GC(180) Concurrent marking (unload classes)
[1697.930s][info][gc,task     ] GC(180) Using 2 of 4 workers for concurrent marking
[1698.165s][info][gc          ] GC(180) Concurrent marking (unload classes) 234.305ms
[1698.165s][info][gc,start    ] GC(180) Pause Final Mark (unload classes)
[1698.165s][info][gc,task     ] GC(180) Using 4 of 4 workers for final marking
[1698.165s][info][gc,ergo     ] GC(180) Adaptive CSet Selection. Target Free: 1160M, Actual Free: 3264M, Max CSet: 341M, Min Garbage: 0B
[1698.165s][info][gc,ergo     ] GC(180) Collectable Garbage: 6435M (99%), Immediate: 2196M (33%), CSet: 4239M (65%)
[1698.165s][info][gc,ergo     ] GC(180) Pacer for Evacuation. Used CSet: 4320M, Free: 2869M, Non-Taxable: 286M, Alloc Tax Rate: 3.7x
[1698.165s][info][gc          ] GC(180) Pause Final Mark (unload classes) 0.259ms
[1698.165s][info][gc,start    ] GC(180) Concurrent thread roots
[1698.165s][info][gc,task     ] GC(180) Using 2 of 4 workers for Concurrent thread roots
[1698.166s][info][gc          ] GC(180) Concurrent thread roots 0.821ms
[1698.166s][info][gc,start    ] GC(180) Concurrent weak references
[1698.166s][info][gc,task     ] GC(180) Using 2 of 4 workers for concurrent weak references
[1698.166s][info][gc,ref      ] GC(180) Encountered references: Soft: 6123, Weak: 23576, Final: 34, Phantom: 1270
[1698.166s][info][gc,ref      ] GC(180) Discovered  references: Soft: 0, Weak: 1182, Final: 0, Phantom: 888
[1698.166s][info][gc,ref      ] GC(180) Enqueued    references: Soft: 0, Weak: 2, Final: 0, Phantom: 0
[1698.166s][info][gc          ] GC(180) Concurrent weak references 0.171ms
[1698.166s][info][gc,start    ] GC(180) Concurrent weak roots
[1698.166s][info][gc,task     ] GC(180) Using 2 of 4 workers for concurrent weak root
[1698.169s][info][gc          ] GC(180) Concurrent weak roots 2.721ms
[1698.169s][info][gc,start    ] GC(180) Concurrent cleanup
[1698.169s][info][gc          ] GC(180) Concurrent cleanup 7116M->4920M(8192M) 0.041ms
[1698.169s][info][gc,ergo     ] GC(180) Free: 2860M, Max: 4096K regular, 640M humongous, Frag: 78% external, 0% internal; Reserve: 411M, Max: 4096K
[1698.169s][info][gc,start    ] GC(180) Concurrent class unloading
[1698.169s][info][gc,task     ] GC(180) Using 2 of 4 workers for concurrent class unloading
[1698.174s][info][gc          ] GC(180) Concurrent class unloading 5.069ms
[1698.174s][info][gc,start    ] GC(180) Concurrent strong roots
[1698.174s][info][gc,task     ] GC(180) Using 2 of 4 workers for concurrent strong root
[1698.174s][info][gc          ] GC(180) Concurrent strong roots 0.294ms
[1698.174s][info][gc,start    ] GC(180) Concurrent evacuation
[1698.174s][info][gc,task     ] GC(180) Using 2 of 4 workers for concurrent evacuation
[1698.222s][info][gc          ] GC(180) Concurrent evacuation 47.245ms
[1698.222s][info][gc,start    ] GC(180) Pause Init Update Refs
[1698.222s][info][gc,ergo     ] GC(180) Pacer for Update Refs. Used: 5023M, Free: 2844M, Non-Taxable: 284M, Alloc Tax Rate: 2.2x
[1698.222s][info][gc          ] GC(180) Pause Init Update Refs 0.048ms
[1698.222s][info][gc,start    ] GC(180) Concurrent update references
[1698.222s][info][gc,task     ] GC(180) Using 2 of 4 workers for concurrent reference update
[1698.369s][info][gc          ] GC(180) Concurrent update references 146.952ms
[1698.369s][info][gc,start    ] GC(180) Concurrent update thread roots
[1698.370s][info][gc          ] GC(180) Concurrent update thread roots 1.387ms
[1698.370s][info][gc,start    ] GC(180) Pause Final Update Refs
[1698.370s][info][gc,task     ] GC(180) Using 4 of 4 workers for final reference update
[1698.370s][info][gc          ] GC(180) Pause Final Update Refs 0.086ms
[1698.370s][info][gc,start    ] GC(180) Concurrent cleanup
[1698.370s][info][gc          ] GC(180) Concurrent cleanup 5091M->771M(8192M) 0.056ms
[1698.370s][info][gc,ergo     ] Free: 7008M, Max: 4096K regular, 5900M humongous, Frag: 16% external, 0% internal; Reserve: 412M, Max: 4096K
[1698.370s][info][gc,stats    ] 
[1698.370s][info][gc,stats    ] All times are wall-clock times, except per-root-class counters, that are sum over
[1698.370s][info][gc,stats    ] all workers. Dividing the <total> over the root stage time estimates parallelism.
[1698.370s][info][gc,stats    ] 
[1698.370s][info][gc,stats    ] Concurrent Reset                  13532 us
[1698.370s][info][gc,stats    ] Pause Init Mark (G)                 289 us
[1698.370s][info][gc,stats    ] Pause Init Mark (N)                 186 us
[1698.370s][info][gc,stats    ]   Update Region States              102 us
[1698.371s][info][gc,stats    ] Concurrent Mark Roots              1361 us, parallelism: 1.40x
[1698.371s][info][gc,stats    ]   CMR: <total>                     1907 us
[1698.371s][info][gc,stats    ]   CMR: Thread Roots                1668 us, workers (us): 724, 944, ---, ---, 
[1698.371s][info][gc,stats    ]   CMR: VM Strong Roots               20 us, workers (us):  15,   5, ---, ---, 
[1698.371s][info][gc,stats    ]   CMR: CLDG Roots                   219 us, workers (us): 219, ---, ---, ---, 
[1698.371s][info][gc,stats    ] Concurrent Marking               234351 us
[1698.371s][info][gc,stats    ] Pause Final Mark (G)                321 us
[1698.371s][info][gc,stats    ] Pause Final Mark (N)                270 us
[1698.371s][info][gc,stats    ]   Finish Mark                        22 us
[1698.371s][info][gc,stats    ]   Update Region States               37 us
[1698.371s][info][gc,stats    ]   Choose Collection Set             135 us
[1698.371s][info][gc,stats    ]   Rebuild Free Set                   10 us
[1698.371s][info][gc,stats    ] Concurrent Thread Roots             840 us, parallelism: 1.83x
[1698.371s][info][gc,stats    ]   CTR: <total>                     1541 us
[1698.371s][info][gc,stats    ]   CTR: Thread Roots                1541 us, workers (us): 786, 755, ---, ---, 
[1698.371s][info][gc,stats    ] Concurrent Weak References          183 us, parallelism: 0.75x
[1698.371s][info][gc,stats    ]   CWRF: <total>                     137 us
[1698.371s][info][gc,stats    ]   CWRF: Weak References             137 us, workers (us): 107,  30, ---, ---, 
[1698.371s][info][gc,stats    ] Concurrent Weak Roots              2737 us
[1698.371s][info][gc,stats    ]   Roots                            2674 us, parallelism: 1.94x
[1698.371s][info][gc,stats    ]     CWR: <total>                   5175 us
[1698.371s][info][gc,stats    ]     CWR: Code Cache Roots          3624 us, workers (us): 1780, 1844, ---, ---, 
[1698.371s][info][gc,stats    ]     CWR: VM Weak Roots             1486 us, workers (us): 743, 744, ---, ---, 
[1698.371s][info][gc,stats    ]     CWR: CLDG Roots                  65 us, workers (us):  65, ---, ---, ---, 
[1698.371s][info][gc,stats    ]   Rendezvous                         26 us
[1698.371s][info][gc,stats    ] Concurrent Cleanup                   54 us
[1698.371s][info][gc,stats    ] Concurrent Class Unloading         5089 us
[1698.371s][info][gc,stats    ]   Unlink Stale                     4960 us
[1698.371s][info][gc,stats    ]     System Dictionary                57 us
[1698.371s][info][gc,stats    ]     Weak Class Links                  0 us
[1698.371s][info][gc,stats    ]     Code Roots                     4901 us
[1698.371s][info][gc,stats    ]   Rendezvous                         67 us
[1698.371s][info][gc,stats    ]   Purge Unlinked                     20 us
[1698.371s][info][gc,stats    ]     Code Roots                       17 us
[1698.371s][info][gc,stats    ]     CLDG                              3 us
[1698.371s][info][gc,stats    ]     Exception Caches                  0 us
[1698.371s][info][gc,stats    ] Concurrent Strong Roots             308 us, parallelism: 0.70x
[1698.371s][info][gc,stats    ]   CSR: <total>                      215 us
[1698.371s][info][gc,stats    ]   CSR: VM Strong Roots                9 us, workers (us):   9,   0, ---, ---, 
[1698.371s][info][gc,stats    ]   CSR: CLDG Roots                   205 us, workers (us): 205, ---, ---, ---, 
[1698.371s][info][gc,stats    ] Concurrent Evacuation             47293 us
[1698.371s][info][gc,stats    ] Pause Init Update Refs (G)           78 us
[1698.371s][info][gc,stats    ] Pause Init Update Refs (N)           59 us
[1698.371s][info][gc,stats    ]   Manage GCLABs                       6 us
[1698.371s][info][gc,stats    ] Concurrent Update Refs           146996 us
[1698.371s][info][gc,stats    ] Concurrent Update Thread Roots     1412 us
[1698.371s][info][gc,stats    ] Pause Final Update Refs (G)         136 us
[1698.371s][info][gc,stats    ] Pause Final Update Refs (N)         111 us
[1698.371s][info][gc,stats    ]   Update Region States               27 us
[1698.371s][info][gc,stats    ]   Trash Collection Set               10 us
[1698.371s][info][gc,stats    ]   Rebuild Free Set                   10 us
[1698.371s][info][gc,stats    ] Concurrent Cleanup                   69 us
[1698.371s][info][gc,stats    ] 
[1698.371s][info][gc,stats    ] Allocation pacing accrued:
[1698.371s][info][gc,stats    ]       0 of  8312 ms (  0.0%): <total>
[1698.371s][info][gc,stats    ]       0 of  8312 ms (  0.0%): <average total>
[1698.371s][info][gc,stats    ] 
[1698.371s][info][gc,metaspace] Metaspace: 135547K(136896K)->135547K(136896K) NonClass: 114576K(115328K)->114576K(115328K) Class: 20970K(21568K)->20970K(21568K)
[1698.371s][info][gc,ergo     ] Pacer for Idle. Initial: 163M, Alloc Tax Rate: 1.0x
[1708.739s][info][gc          ] Trigger: Average GC time (521.85 ms) is above the time for instantaneous allocation rate (1227 MB/s) to deplete free headroom (591M) (spike threshold = 1.63)
[1708.739s][info][gc,ergo     ] Free: 1000M, Max: 4096K regular, 664M humongous, Frag: 33% external, 0% internal; Reserve: 412M, Max: 4096K
[1708.739s][info][gc,start    ] GC(181) Concurrent reset
[1708.739s][info][gc,task     ] GC(181) Using 2 of 4 workers for concurrent reset
[1708.739s][info][gc,ergo     ] GC(181) Pacer for Reset. Non-Taxable: 8192M
[1708.754s][info][gc          ] GC(181) Concurrent reset 14.265ms
[1708.754s][info][gc,start    ] GC(181) Pause Init Mark (unload classes)
[1708.754s][info][gc,task     ] GC(181) Using 4 of 4 workers for init marking
[1708.754s][info][gc,ergo     ] GC(181) Pacer for Mark. Expected Live: 501M, Free: 992M, Non-Taxable: 101648K, Alloc Tax Rate: 0.6x
[1708.754s][info][gc          ] GC(181) Pause Init Mark (unload classes) 0.120ms
[1708.754s][info][gc,start    ] GC(181) Concurrent marking roots
[1708.754s][info][gc,task     ] GC(181) Using 2 of 4 workers for concurrent marking roots
[1708.755s][info][gc          ] GC(181) Concurrent marking roots 1.076ms
[1708.755s][info][gc,start    ] GC(181) Concurrent marking (unload classes)
[1708.755s][info][gc,task     ] GC(181) Using 2 of 4 workers for concurrent marking
[1709.028s][info][gc          ] GC(181) Concurrent marking (unload classes) 273.450ms
[1709.028s][info][gc,start    ] GC(181) Pause Final Mark (unload classes)
[1709.028s][info][gc,task     ] GC(181) Using 4 of 4 workers for final marking
[1709.029s][info][gc,ergo     ] GC(181) Adaptive CSet Selection. Target Free: 1160M, Actual Free: 1764M, Max CSet: 341M, Min Garbage: 0B
[1709.029s][info][gc,ergo     ] GC(181) Collectable Garbage: 6224M (99%), Immediate: 724M (11%), CSet: 5500M (87%)
[1709.029s][info][gc,ergo     ] GC(181) Pacer for Evacuation. Used CSet: 5612M, Free: 1366M, Non-Taxable: 136M, Alloc Tax Rate: 10.0x
[1709.029s][info][gc          ] GC(181) Pause Final Mark (unload classes) 0.344ms
[1709.029s][info][gc,start    ] GC(181) Concurrent thread roots
[1709.029s][info][gc,task     ] GC(181) Using 2 of 4 workers for Concurrent thread roots
[1709.030s][info][gc          ] GC(181) Concurrent thread roots 0.857ms
[1709.030s][info][gc,start    ] GC(181) Concurrent weak references
[1709.030s][info][gc,task     ] GC(181) Using 2 of 4 workers for concurrent weak references
[1709.030s][info][gc,ref      ] GC(181) Encountered references: Soft: 6123, Weak: 23579, Final: 34, Phantom: 1276
[1709.030s][info][gc,ref      ] GC(181) Discovered  references: Soft: 0, Weak: 11625, Final: 1, Phantom: 886
[1709.030s][info][gc,ref      ] GC(181) Enqueued    references: Soft: 0, Weak: 3, Final: 0, Phantom: 0
[1709.030s][info][gc          ] GC(181) Concurrent weak references 0.555ms
[1709.030s][info][gc,start    ] GC(181) Concurrent weak roots
[1709.030s][info][gc,task     ] GC(181) Using 2 of 4 workers for concurrent weak root
[1709.033s][info][gc          ] GC(181) Concurrent weak roots 2.779ms
[1709.033s][info][gc,start    ] GC(181) Concurrent cleanup
[1709.033s][info][gc          ] GC(181) Concurrent cleanup 7143M->6419M(8192M) 0.030ms
[1709.033s][info][gc,ergo     ] GC(181) Free: 1361M, Max: 4096K regular, 620M humongous, Frag: 54% external, 0% internal; Reserve: 411M, Max: 4096K
[1709.033s][info][gc,start    ] GC(181) Concurrent class unloading
[1709.033s][info][gc,task     ] GC(181) Using 2 of 4 workers for concurrent class unloading
[1709.039s][info][gc          ] GC(181) Concurrent class unloading 5.500ms
[1709.039s][info][gc,start    ] GC(181) Concurrent strong roots
[1709.039s][info][gc,task     ] GC(181) Using 2 of 4 workers for concurrent strong root
[1709.039s][info][gc          ] GC(181) Concurrent strong roots 0.434ms
[1709.039s][info][gc,start    ] GC(181) Concurrent evacuation
[1709.039s][info][gc,task     ] GC(181) Using 2 of 4 workers for concurrent evacuation
[1709.098s][info][gc          ] GC(181) Concurrent evacuation 59.121ms
[1709.098s][info][gc,start    ] GC(181) Pause Init Update Refs
[1709.098s][info][gc,ergo     ] GC(181) Pacer for Update Refs. Used: 6590M, Free: 1305M, Non-Taxable: 130M, Alloc Tax Rate: 6.2x
[1709.098s][info][gc          ] GC(181) Pause Init Update Refs 0.044ms
[1709.098s][info][gc,start    ] GC(181) Concurrent update references
[1709.098s][info][gc,task     ] GC(181) Using 2 of 4 workers for concurrent reference update
[1709.291s][info][gc          ] GC(181) Concurrent update references 192.661ms
[1709.291s][info][gc,start    ] GC(181) Concurrent update thread roots
[1709.293s][info][gc          ] GC(181) Concurrent update thread roots 1.395ms
[1709.293s][info][gc,start    ] GC(181) Pause Final Update Refs
[1709.293s][info][gc,task     ] GC(181) Using 4 of 4 workers for final reference update
[1709.293s][info][gc          ] GC(181) Pause Final Update Refs 0.084ms
[1709.293s][info][gc,start    ] GC(181) Concurrent cleanup
[1709.293s][info][gc          ] GC(181) Concurrent cleanup 6730M->1118M(8192M) 0.076ms
[1709.293s][info][gc,ergo     ] Free: 6661M, Max: 4096K regular, 4448M humongous, Frag: 34% external, 0% internal; Reserve: 412M, Max: 4096K
[1709.293s][info][gc,stats    ] 
[1709.293s][info][gc,stats    ] All times are wall-clock times, except per-root-class counters, that are sum over
[1709.293s][info][gc,stats    ] all workers. Dividing the <total> over the root stage time estimates parallelism.
[1709.293s][info][gc,stats    ] 
[1709.293s][info][gc,stats    ] Concurrent Reset                  14327 us
[1709.293s][info][gc,stats    ] Pause Init Mark (G)                 162 us
[1709.293s][info][gc,stats    ] Pause Init Mark (N)                 132 us
[1709.293s][info][gc,stats    ]   Update Region States               39 us
[1709.293s][info][gc,stats    ] Concurrent Mark Roots              1103 us, parallelism: 1.64x
[1709.293s][info][gc,stats    ]   CMR: <total>                     1806 us
[1709.293s][info][gc,stats    ]   CMR: Thread Roots                1656 us, workers (us): 895, 762, ---, ---, 
[1709.293s][info][gc,stats    ]   CMR: VM Strong Roots               15 us, workers (us):   8,   7, ---, ---, 
[1709.293s][info][gc,stats    ]   CMR: CLDG Roots                   134 us, workers (us): ---, 134, ---, ---, 
[1709.293s][info][gc,stats    ] Concurrent Marking               273485 us
[1709.293s][info][gc,stats    ] Pause Final Mark (G)                405 us
[1709.293s][info][gc,stats    ] Pause Final Mark (N)                355 us
[1709.293s][info][gc,stats    ]   Finish Mark                        77 us
[1709.293s][info][gc,stats    ]   Update Region States               43 us
[1709.293s][info][gc,stats    ]   Choose Collection Set             161 us
[1709.293s][info][gc,stats    ]   Rebuild Free Set                    9 us
[1709.293s][info][gc,stats    ] Concurrent Thread Roots             880 us, parallelism: 1.85x
[1709.293s][info][gc,stats    ]   CTR: <total>                     1625 us
[1709.293s][info][gc,stats    ]   CTR: Thread Roots                1625 us, workers (us): 811, 814, ---, ---, 
[1709.293s][info][gc,stats    ] Concurrent Weak References          566 us, parallelism: 0.86x
[1709.293s][info][gc,stats    ]   CWRF: <total>                     486 us
[1709.293s][info][gc,stats    ]   CWRF: Weak References             486 us, workers (us): 485,   0, ---, ---, 
[1709.293s][info][gc,stats    ] Concurrent Weak Roots              2802 us
[1709.293s][info][gc,stats    ]   Roots                            2728 us, parallelism: 1.92x
[1709.293s][info][gc,stats    ]     CWR: <total>                   5251 us
[1709.293s][info][gc,stats    ]     CWR: Code Cache Roots          3693 us, workers (us): 1855, 1837, ---, ---, 
[1709.293s][info][gc,stats    ]     CWR: VM Weak Roots             1495 us, workers (us): 748, 747, ---, ---, 
[1709.293s][info][gc,stats    ]     CWR: CLDG Roots                  63 us, workers (us): ---,  63, ---, ---, 
[1709.293s][info][gc,stats    ]   Rendezvous                         28 us
[1709.293s][info][gc,stats    ] Concurrent Cleanup                   42 us
[1709.293s][info][gc,stats    ] Concurrent Class Unloading         5537 us
[1709.293s][info][gc,stats    ]   Unlink Stale                     5251 us
[1709.293s][info][gc,stats    ]     System Dictionary                57 us
[1709.293s][info][gc,stats    ]     Weak Class Links                  0 us
[1709.293s][info][gc,stats    ]     Code Roots                     5192 us
[1709.293s][info][gc,stats    ]   Rendezvous                        153 us
[1709.293s][info][gc,stats    ]   Purge Unlinked                     72 us
[1709.293s][info][gc,stats    ]     Code Roots                       69 us
[1709.293s][info][gc,stats    ]     CLDG                              3 us
[1709.293s][info][gc,stats    ]     Exception Caches                  0 us
[1709.293s][info][gc,stats    ] Concurrent Strong Roots             457 us, parallelism: 0.60x
[1709.293s][info][gc,stats    ]   CSR: <total>                      275 us
[1709.293s][info][gc,stats    ]   CSR: VM Strong Roots               12 us, workers (us):  12,   0, ---, ---, 
[1709.293s][info][gc,stats    ]   CSR: CLDG Roots                   263 us, workers (us): 263, ---, ---, ---, 
[1709.293s][info][gc,stats    ] Concurrent Evacuation             59158 us
[1709.293s][info][gc,stats    ] Pause Init Update Refs (G)          105 us
[1709.293s][info][gc,stats    ] Pause Init Update Refs (N)           55 us
[1709.293s][info][gc,stats    ]   Manage GCLABs                       7 us
[1709.293s][info][gc,stats    ] Concurrent Update Refs           192711 us
[1709.293s][info][gc,stats    ] Concurrent Update Thread Roots     1419 us
[1709.293s][info][gc,stats    ] Pause Final Update Refs (G)         132 us
[1709.293s][info][gc,stats    ] Pause Final Update Refs (N)         111 us
[1709.293s][info][gc,stats    ]   Update Region States               28 us
[1709.293s][info][gc,stats    ]   Trash Collection Set               10 us
[1709.293s][info][gc,stats    ]   Rebuild Free Set                    9 us
[1709.293s][info][gc,stats    ] Concurrent Cleanup                   91 us
[1709.293s][info][gc,stats    ] 
[1709.293s][info][gc,stats    ] Allocation pacing accrued:
[1709.293s][info][gc,stats    ]       0 of 10922 ms (  0.0%): <total>
[1709.293s][info][gc,stats    ]       0 of 10922 ms (  0.0%): <average total>
[1709.293s][info][gc,stats    ] 
[1709.293s][info][gc,metaspace] Metaspace: 135547K(136896K)->135547K(136896K) NonClass: 114577K(115328K)->114577K(115328K) Class: 20970K(21568K)->20970K(21568K)
[1709.293s][info][gc,ergo     ] Pacer for Idle. Initial: 163M, Alloc Tax Rate: 1.0x
[1715.642s][info][gc          ] Trigger: Average GC time (603.16 ms) is above the time for average allocation rate (997 MB/s) to deplete free headroom (599M) (margin of error = 1.96)
[1715.642s][info][gc,ergo     ] Free headroom: 1009M (free) - 409M (spike) - 0B (penalties) = 599M
[1715.642s][info][gc,ergo     ] Free: 1009M, Max: 4096K regular, 592M humongous, Frag: 41% external, 0% internal; Reserve: 412M, Max: 4096K
[1715.642s][info][gc,start    ] GC(182) Concurrent reset
[1715.642s][info][gc,task     ] GC(182) Using 2 of 4 workers for concurrent reset
[1715.642s][info][gc,ergo     ] GC(182) Pacer for Reset. Non-Taxable: 8192M
[1715.662s][info][gc          ] GC(182) Concurrent reset 20.189ms
[1715.662s][info][gc,start    ] GC(182) Pause Init Mark (unload classes)
[1715.662s][info][gc,task     ] GC(182) Using 4 of 4 workers for init marking
[1715.663s][info][gc,ergo     ] GC(182) Pacer for Mark. Expected Live: 506M, Free: 993M, Non-Taxable: 101694K, Alloc Tax Rate: 0.6x
[1715.663s][info][gc          ] GC(182) Pause Init Mark (unload classes) 0.116ms
[1715.663s][info][gc,start    ] GC(182) Concurrent marking roots
[1715.663s][info][gc,task     ] GC(182) Using 2 of 4 workers for concurrent marking roots
[1715.664s][info][gc          ] GC(182) Concurrent marking roots 1.068ms
[1715.664s][info][gc,start    ] GC(182) Concurrent marking (unload classes)
[1715.664s][info][gc,task     ] GC(182) Using 2 of 4 workers for concurrent marking
[1715.952s][info][gc          ] GC(182) Concurrent marking (unload classes) 287.962ms
[1715.952s][info][gc,start    ] GC(182) Pause Final Mark (unload classes)
[1715.952s][info][gc,task     ] GC(182) Using 4 of 4 workers for final marking
[1715.952s][info][gc,ergo     ] GC(182) Adaptive CSet Selection. Target Free: 1160M, Actual Free: 2608M, Max CSet: 341M, Min Garbage: 0B
[1715.952s][info][gc,ergo     ] GC(182) Collectable Garbage: 6177M (99%), Immediate: 1488M (23%), CSet: 4689M (75%)
[1715.952s][info][gc,ergo     ] GC(182) Pacer for Evacuation. Used CSet: 4844M, Free: 2213M, Non-Taxable: 221M, Alloc Tax Rate: 5.4x
[1715.952s][info][gc          ] GC(182) Pause Final Mark (unload classes) 0.299ms
[1715.952s][info][gc,start    ] GC(182) Concurrent thread roots
[1715.952s][info][gc,task     ] GC(182) Using 2 of 4 workers for Concurrent thread roots
[1715.953s][info][gc          ] GC(182) Concurrent thread roots 0.776ms
[1715.953s][info][gc,start    ] GC(182) Concurrent weak references
[1715.953s][info][gc,task     ] GC(182) Using 2 of 4 workers for concurrent weak references
[1715.953s][info][gc,ref      ] GC(182) Encountered references: Soft: 6123, Weak: 23581, Final: 34, Phantom: 1279
[1715.953s][info][gc,ref      ] GC(182) Discovered  references: Soft: 0, Weak: 6014, Final: 0, Phantom: 888
[1715.953s][info][gc,ref      ] GC(182) Enqueued    references: Soft: 0, Weak: 4, Final: 0, Phantom: 0
[1715.953s][info][gc          ] GC(182) Concurrent weak references 0.420ms
[1715.953s][info][gc,start    ] GC(182) Concurrent weak roots
[1715.953s][info][gc,task     ] GC(182) Using 2 of 4 workers for concurrent weak root
[1715.956s][info][gc          ] GC(182) Concurrent weak roots 2.713ms
[1715.956s][info][gc,start    ] GC(182) Concurrent cleanup
[1715.956s][info][gc          ] GC(182) Concurrent cleanup 7063M->5575M(8192M) 0.033ms
[1715.956s][info][gc,ergo     ] GC(182) Free: 2205M, Max: 4096K regular, 592M humongous, Frag: 73% external, 0% internal; Reserve: 411M, Max: 4096K
[1715.956s][info][gc,start    ] GC(182) Concurrent class unloading
[1715.956s][info][gc,task     ] GC(182) Using 2 of 4 workers for concurrent class unloading
[1715.962s][info][gc          ] GC(182) Concurrent class unloading 5.470ms
[1715.962s][info][gc,start    ] GC(182) Concurrent strong roots
[1715.962s][info][gc,task     ] GC(182) Using 2 of 4 workers for concurrent strong root
[1715.962s][info][gc          ] GC(182) Concurrent strong roots 0.321ms
[1715.962s][info][gc,start    ] GC(182) Concurrent evacuation
[1715.962s][info][gc,task     ] GC(182) Using 2 of 4 workers for concurrent evacuation
[1716.038s][info][gc          ] GC(182) Concurrent evacuation 75.670ms
[1716.038s][info][gc,start    ] GC(182) Pause Init Update Refs
[1716.038s][info][gc,ergo     ] GC(182) Pacer for Update Refs. Used: 5758M, Free: 2181M, Non-Taxable: 218M, Alloc Tax Rate: 3.2x
[1716.038s][info][gc          ] GC(182) Pause Init Update Refs 0.042ms
[1716.038s][info][gc,start    ] GC(182) Concurrent update references
[1716.038s][info][gc,task     ] GC(182) Using 2 of 4 workers for concurrent reference update
[1716.231s][info][gc          ] GC(182) Concurrent update references 192.837ms
[1716.231s][info][gc,start    ] GC(182) Concurrent update thread roots
[1716.232s][info][gc          ] GC(182) Concurrent update thread roots 1.486ms
[1716.232s][info][gc,start    ] GC(182) Pause Final Update Refs
[1716.232s][info][gc,task     ] GC(182) Using 4 of 4 workers for final reference update
[1716.232s][info][gc          ] GC(182) Pause Final Update Refs 0.092ms
[1716.232s][info][gc,start    ] GC(182) Concurrent cleanup
[1716.232s][info][gc          ] GC(182) Concurrent cleanup 5950M->1106M(8192M) 0.060ms
[1716.232s][info][gc,ergo     ] Free: 6673M, Max: 4096K regular, 4784M humongous, Frag: 29% external, 0% internal; Reserve: 412M, Max: 4096K
[1716.232s][info][gc,stats    ] 
[1716.232s][info][gc,stats    ] All times are wall-clock times, except per-root-class counters, that are sum over
[1716.232s][info][gc,stats    ] all workers. Dividing the <total> over the root stage time estimates parallelism.
[1716.233s][info][gc,stats    ] 
[1716.233s][info][gc,stats    ] Concurrent Reset                  20262 us
[1716.233s][info][gc,stats    ] Pause Init Mark (G)                 198 us
[1716.233s][info][gc,stats    ] Pause Init Mark (N)                 129 us
[1716.233s][info][gc,stats    ]   Update Region States               43 us
[1716.233s][info][gc,stats    ] Concurrent Mark Roots              1093 us, parallelism: 1.66x
[1716.233s][info][gc,stats    ]   CMR: <total>                     1817 us
[1716.233s][info][gc,stats    ]   CMR: Thread Roots                1655 us, workers (us): 897, 758, ---, ---, 
[1716.233s][info][gc,stats    ]   CMR: VM Strong Roots               16 us, workers (us):   9,   8, ---, ---, 
[1716.233s][info][gc,stats    ]   CMR: CLDG Roots                   146 us, workers (us): ---, 146, ---, ---, 
[1716.233s][info][gc,stats    ] Concurrent Marking               288005 us
[1716.233s][info][gc,stats    ] Pause Final Mark (G)                363 us
[1716.233s][info][gc,stats    ] Pause Final Mark (N)                310 us
[1716.233s][info][gc,stats    ]   Finish Mark                        44 us
[1716.233s][info][gc,stats    ]   Update Region States               40 us
[1716.233s][info][gc,stats    ]   Choose Collection Set             149 us
[1716.233s][info][gc,stats    ]   Rebuild Free Set                   10 us
[1716.233s][info][gc,stats    ] Concurrent Thread Roots             799 us, parallelism: 1.82x
[1716.233s][info][gc,stats    ]   CTR: <total>                     1455 us
[1716.233s][info][gc,stats    ]   CTR: Thread Roots                1455 us, workers (us): 725, 730, ---, ---, 
[1716.233s][info][gc,stats    ] Concurrent Weak References          431 us, parallelism: 0.82x
[1716.233s][info][gc,stats    ]   CWRF: <total>                     352 us
[1716.233s][info][gc,stats    ]   CWRF: Weak References             352 us, workers (us): 350,   1, ---, ---, 
[1716.233s][info][gc,stats    ] Concurrent Weak Roots              2734 us
[1716.233s][info][gc,stats    ]   Roots                            2665 us, parallelism: 1.93x
[1716.233s][info][gc,stats    ]     CWR: <total>                   5156 us
[1716.233s][info][gc,stats    ]     CWR: Code Cache Roots          3609 us, workers (us): 1767, 1841, ---, ---, 
[1716.233s][info][gc,stats    ]     CWR: VM Weak Roots             1488 us, workers (us): 743, 745, ---, ---, 
[1716.233s][info][gc,stats    ]     CWR: CLDG Roots                  59 us, workers (us):  59, ---, ---, ---, 
[1716.233s][info][gc,stats    ]   Rendezvous                         26 us
[1716.233s][info][gc,stats    ] Concurrent Cleanup                   47 us
[1716.233s][info][gc,stats    ] Concurrent Class Unloading         5496 us
[1716.233s][info][gc,stats    ]   Unlink Stale                     5163 us
[1716.233s][info][gc,stats    ]     System Dictionary                55 us
[1716.233s][info][gc,stats    ]     Weak Class Links                  0 us
[1716.233s][info][gc,stats    ]     Code Roots                     5106 us
[1716.233s][info][gc,stats    ]   Rendezvous                        182 us
[1716.233s][info][gc,stats    ]   Purge Unlinked                    102 us
[1716.233s][info][gc,stats    ]     Code Roots                       98 us
[1716.233s][info][gc,stats    ]     CLDG                              3 us
[1716.233s][info][gc,stats    ]     Exception Caches                  0 us
[1716.233s][info][gc,stats    ] Concurrent Strong Roots             343 us, parallelism: 0.60x
[1716.233s][info][gc,stats    ]   CSR: <total>                      207 us
[1716.233s][info][gc,stats    ]   CSR: VM Strong Roots               10 us, workers (us):  10,   0, ---, ---, 
[1716.233s][info][gc,stats    ]   CSR: CLDG Roots                   197 us, workers (us): 197, ---, ---, ---, 
[1716.233s][info][gc,stats    ] Concurrent Evacuation             75718 us
[1716.233s][info][gc,stats    ] Pause Init Update Refs (G)          113 us
[1716.233s][info][gc,stats    ] Pause Init Update Refs (N)           53 us
[1716.233s][info][gc,stats    ]   Manage GCLABs                       5 us
[1716.233s][info][gc,stats    ] Concurrent Update Refs           192891 us
[1716.233s][info][gc,stats    ] Concurrent Update Thread Roots     1513 us
[1716.233s][info][gc,stats    ] Pause Final Update Refs (G)         162 us
[1716.233s][info][gc,stats    ] Pause Final Update Refs (N)         113 us
[1716.233s][info][gc,stats    ]   Update Region States               29 us
[1716.233s][info][gc,stats    ]   Trash Collection Set               14 us
[1716.233s][info][gc,stats    ]   Rebuild Free Set                   11 us
[1716.233s][info][gc,stats    ] Concurrent Cleanup                   74 us
[1716.233s][info][gc,stats    ] 
[1716.233s][info][gc,stats    ] Allocation pacing accrued:
[1716.233s][info][gc,stats    ]       0 of  6940 ms (  0.0%): <total>
[1716.233s][info][gc,stats    ]       0 of  6940 ms (  0.0%): <average total>
[1716.233s][info][gc,stats    ] 
[1716.233s][info][gc,metaspace] Metaspace: 135547K(136896K)->135547K(136896K) NonClass: 114577K(115328K)->114577K(115328K) Class: 20970K(21568K)->20970K(21568K)
[1716.233s][info][gc,ergo     ] Pacer for Idle. Initial: 163M, Alloc Tax Rate: 1.0x
[1723.849s][info][gc          ] Trigger: Free (817M) is below minimum threshold (819M)
[1723.849s][info][gc,ergo     ] Free: 817M, Max: 4096K regular, 548M humongous, Frag: 32% external, 0% internal; Reserve: 412M, Max: 4096K
[1723.849s][info][gc,start    ] GC(183) Concurrent reset
[1723.849s][info][gc,task     ] GC(183) Using 2 of 4 workers for concurrent reset
[1723.849s][info][gc,ergo     ] GC(183) Pacer for Reset. Non-Taxable: 8192M
[1723.865s][info][gc          ] GC(183) Concurrent reset 15.933ms
[1723.865s][info][gc,start    ] GC(183) Pause Init Mark (unload classes)
[1723.865s][info][gc,task     ] GC(183) Using 4 of 4 workers for init marking
[1723.866s][info][gc,ergo     ] GC(183) Pacer for Mark. Expected Live: 514M, Free: 805M, Non-Taxable: 82443K, Alloc Tax Rate: 0.8x
[1723.866s][info][gc          ] GC(183) Pause Init Mark (unload classes) 0.117ms
[1723.866s][info][gc,start    ] GC(183) Concurrent marking roots
[1723.866s][info][gc,task     ] GC(183) Using 2 of 4 workers for concurrent marking roots
[1723.867s][info][gc          ] GC(183) Concurrent marking roots 1.073ms
[1723.867s][info][gc,start    ] GC(183) Concurrent marking (unload classes)
[1723.867s][info][gc,task     ] GC(183) Using 2 of 4 workers for concurrent marking
[1724.116s][info][gc          ] GC(183) Concurrent marking (unload classes) 249.632ms
[1724.116s][info][gc,start    ] GC(183) Pause Final Mark (unload classes)
[1724.116s][info][gc,task     ] GC(183) Using 4 of 4 workers for final marking
[1724.117s][info][gc,ergo     ] GC(183) Adaptive CSet Selection. Target Free: 1160M, Actual Free: 2948M, Max CSet: 341M, Min Garbage: 0B
[1724.117s][info][gc,ergo     ] GC(183) Collectable Garbage: 6441M (99%), Immediate: 1976M (30%), CSet: 4465M (68%)
[1724.117s][info][gc,ergo     ] GC(183) Pacer for Evacuation. Used CSet: 4548M, Free: 2553M, Non-Taxable: 255M, Alloc Tax Rate: 4.4x
[1724.117s][info][gc          ] GC(183) Pause Final Mark (unload classes) 0.298ms
[1724.117s][info][gc,start    ] GC(183) Concurrent thread roots
[1724.117s][info][gc,task     ] GC(183) Using 2 of 4 workers for Concurrent thread roots
[1724.118s][info][gc          ] GC(183) Concurrent thread roots 0.868ms
[1724.118s][info][gc,start    ] GC(183) Concurrent weak references
[1724.118s][info][gc,task     ] GC(183) Using 2 of 4 workers for concurrent weak references
[1724.118s][info][gc,ref      ] GC(183) Encountered references: Soft: 6123, Weak: 23578, Final: 34, Phantom: 1279
[1724.118s][info][gc,ref      ] GC(183) Discovered  references: Soft: 0, Weak: 1101, Final: 0, Phantom: 887
[1724.118s][info][gc,ref      ] GC(183) Enqueued    references: Soft: 0, Weak: 1, Final: 0, Phantom: 0
[1724.118s][info][gc          ] GC(183) Concurrent weak references 0.171ms
[1724.118s][info][gc,start    ] GC(183) Concurrent weak roots
[1724.118s][info][gc,task     ] GC(183) Using 2 of 4 workers for concurrent weak root
[1724.121s][info][gc          ] GC(183) Concurrent weak roots 2.908ms
[1724.121s][info][gc,start    ] GC(183) Concurrent cleanup
[1724.121s][info][gc          ] GC(183) Concurrent cleanup 7212M->5236M(8192M) 0.039ms
[1724.121s][info][gc,ergo     ] GC(183) Free: 2544M, Max: 4096K regular, 568M humongous, Frag: 78% external, 0% internal; Reserve: 411M, Max: 4096K
[1724.121s][info][gc,start    ] GC(183) Concurrent class unloading
[1724.121s][info][gc,task     ] GC(183) Using 2 of 4 workers for concurrent class unloading
[1724.126s][info][gc          ] GC(183) Concurrent class unloading 5.433ms
[1724.126s][info][gc,start    ] GC(183) Concurrent strong roots
[1724.126s][info][gc,task     ] GC(183) Using 2 of 4 workers for concurrent strong root
[1724.127s][info][gc          ] GC(183) Concurrent strong roots 0.314ms
[1724.127s][info][gc,start    ] GC(183) Concurrent evacuation
[1724.127s][info][gc,task     ] GC(183) Using 2 of 4 workers for concurrent evacuation
[1724.171s][info][gc          ] GC(183) Concurrent evacuation 44.230ms
[1724.171s][info][gc,start    ] GC(183) Pause Init Update Refs
[1724.171s][info][gc,ergo     ] GC(183) Pacer for Update Refs. Used: 5343M, Free: 2524M, Non-Taxable: 252M, Alloc Tax Rate: 2.6x
[1724.171s][info][gc          ] GC(183) Pause Init Update Refs 0.047ms
[1724.171s][info][gc,start    ] GC(183) Concurrent update references
[1724.171s][info][gc,task     ] GC(183) Using 2 of 4 workers for concurrent reference update
[1724.333s][info][gc          ] GC(183) Concurrent update references 161.724ms
[1724.333s][info][gc,start    ] GC(183) Concurrent update thread roots
[1724.334s][info][gc          ] GC(183) Concurrent update thread roots 1.273ms
[1724.334s][info][gc,start    ] GC(183) Pause Final Update Refs
[1724.334s][info][gc,task     ] GC(183) Using 4 of 4 workers for final reference update
[1724.334s][info][gc          ] GC(183) Pause Final Update Refs 0.098ms
[1724.334s][info][gc,start    ] GC(183) Concurrent cleanup
[1724.334s][info][gc          ] GC(183) Concurrent cleanup 5399M->851M(8192M) 0.065ms
[1724.334s][info][gc,ergo     ] Free: 6928M, Max: 4096K regular, 5820M humongous, Frag: 16% external, 0% internal; Reserve: 412M, Max: 4096K
[1724.334s][info][gc,stats    ] 
[1724.334s][info][gc,stats    ] All times are wall-clock times, except per-root-class counters, that are sum over
[1724.334s][info][gc,stats    ] all workers. Dividing the <total> over the root stage time estimates parallelism.
[1724.334s][info][gc,stats    ] 
[1724.334s][info][gc,stats    ] Concurrent Reset                  15995 us
[1724.334s][info][gc,stats    ] Pause Init Mark (G)                 207 us
[1724.334s][info][gc,stats    ] Pause Init Mark (N)                 128 us
[1724.334s][info][gc,stats    ]   Update Region States               56 us
[1724.334s][info][gc,stats    ] Concurrent Mark Roots              1095 us, parallelism: 1.57x
[1724.334s][info][gc,stats    ]   CMR: <total>                     1716 us
[1724.334s][info][gc,stats    ]   CMR: Thread Roots                1581 us, workers (us): 852, 729, ---, ---, 
[1724.334s][info][gc,stats    ]   CMR: VM Strong Roots               13 us, workers (us):  13,   0, ---, ---, 
[1724.334s][info][gc,stats    ]   CMR: CLDG Roots                   122 us, workers (us): ---, 122, ---, ---, 
[1724.334s][info][gc,stats    ] Concurrent Marking               249678 us
[1724.334s][info][gc,stats    ] Pause Final Mark (G)                337 us
[1724.334s][info][gc,stats    ] Pause Final Mark (N)                309 us
[1724.334s][info][gc,stats    ]   Finish Mark                        43 us
[1724.334s][info][gc,stats    ]   Update Region States               43 us
[1724.334s][info][gc,stats    ]   Choose Collection Set             141 us
[1724.335s][info][gc,stats    ]   Rebuild Free Set                   10 us
[1724.335s][info][gc,stats    ] Concurrent Thread Roots             887 us, parallelism: 1.82x
[1724.335s][info][gc,stats    ]   CTR: <total>                     1613 us
[1724.335s][info][gc,stats    ]   CTR: Thread Roots                1613 us, workers (us): 824, 789, ---, ---, 
[1724.335s][info][gc,stats    ] Concurrent Weak References          183 us, parallelism: 0.71x
[1724.335s][info][gc,stats    ]   CWRF: <total>                     129 us
[1724.335s][info][gc,stats    ]   CWRF: Weak References             129 us, workers (us):  64,  65, ---, ---, 
[1724.335s][info][gc,stats    ] Concurrent Weak Roots              2928 us
[1724.335s][info][gc,stats    ]   Roots                            2860 us, parallelism: 1.92x
[1724.335s][info][gc,stats    ]     CWR: <total>                   5491 us
[1724.335s][info][gc,stats    ]     CWR: Code Cache Roots          3846 us, workers (us): 1885, 1961, ---, ---, 
[1724.335s][info][gc,stats    ]     CWR: VM Weak Roots             1577 us, workers (us): 804, 773, ---, ---, 
[1724.335s][info][gc,stats    ]     CWR: CLDG Roots                  68 us, workers (us):  68, ---, ---, ---, 
[1724.335s][info][gc,stats    ]   Rendezvous                         27 us
[1724.335s][info][gc,stats    ] Concurrent Cleanup                   53 us
[1724.335s][info][gc,stats    ] Concurrent Class Unloading         5461 us
[1724.335s][info][gc,stats    ]   Unlink Stale                     5216 us
[1724.335s][info][gc,stats    ]     System Dictionary                48 us
[1724.335s][info][gc,stats    ]     Weak Class Links                  0 us
[1724.335s][info][gc,stats    ]     Code Roots                     5167 us
[1724.335s][info][gc,stats    ]   Rendezvous                        117 us
[1724.335s][info][gc,stats    ]   Purge Unlinked                     78 us
[1724.335s][info][gc,stats    ]     Code Roots                       76 us
[1724.335s][info][gc,stats    ]     CLDG                              2 us
[1724.335s][info][gc,stats    ]     Exception Caches                  0 us
[1724.335s][info][gc,stats    ] Concurrent Strong Roots             335 us, parallelism: 0.62x
[1724.335s][info][gc,stats    ]   CSR: <total>                      207 us
[1724.335s][info][gc,stats    ]   CSR: VM Strong Roots               10 us, workers (us):  10,   0, ---, ---, 
[1724.335s][info][gc,stats    ]   CSR: CLDG Roots                   197 us, workers (us): 197, ---, ---, ---, 
[1724.335s][info][gc,stats    ] Concurrent Evacuation             44278 us
[1724.335s][info][gc,stats    ] Pause Init Update Refs (G)           81 us
[1724.335s][info][gc,stats    ] Pause Init Update Refs (N)           58 us
[1724.335s][info][gc,stats    ]   Manage GCLABs                       6 us
[1724.335s][info][gc,stats    ] Concurrent Update Refs           161768 us
[1724.335s][info][gc,stats    ] Concurrent Update Thread Roots     1289 us
[1724.335s][info][gc,stats    ] Pause Final Update Refs (G)         150 us
[1724.335s][info][gc,stats    ] Pause Final Update Refs (N)         119 us
[1724.335s][info][gc,stats    ]   Update Region States               38 us
[1724.335s][info][gc,stats    ]   Trash Collection Set               10 us
[1724.335s][info][gc,stats    ]   Rebuild Free Set                   10 us
[1724.335s][info][gc,stats    ] Concurrent Cleanup                   84 us
[1724.335s][info][gc,stats    ] 
[1724.335s][info][gc,stats    ] Allocation pacing accrued:
[1724.335s][info][gc,stats    ]       0 of  8102 ms (  0.0%): <total>
[1724.335s][info][gc,stats    ]       0 of  8102 ms (  0.0%): <average total>
[1724.335s][info][gc,stats    ] 
[1724.335s][info][gc,metaspace] Metaspace: 135547K(136896K)->135547K(136896K) NonClass: 114577K(115328K)->114577K(115328K) Class: 20970K(21568K)->20970K(21568K)
[1724.335s][info][gc,ergo     ] Pacer for Idle. Initial: 163M, Alloc Tax Rate: 1.0x
[1732.921s][info][gc          ] Trigger: Average GC time (614.91 ms) is above the time for average allocation rate (863 MB/s) to deplete free headroom (530M) (margin of error = 1.97)
[1732.921s][info][gc,ergo     ] Free headroom: 940M (free) - 409M (spike) - 0B (penalties) = 530M
[1732.921s][info][gc,ergo     ] Free: 936M, Max: 4096K regular, 620M humongous, Frag: 33% external, 0% internal; Reserve: 412M, Max: 4096K
[1732.921s][info][gc,start    ] GC(184) Concurrent reset
[1732.921s][info][gc,task     ] GC(184) Using 2 of 4 workers for concurrent reset
[1732.921s][info][gc,ergo     ] GC(184) Pacer for Reset. Non-Taxable: 8192M
[1732.938s][info][gc          ] GC(184) Concurrent reset 17.532ms
[1732.939s][info][gc,start    ] GC(184) Pause Init Mark (unload classes)
[1732.939s][info][gc,task     ] GC(184) Using 4 of 4 workers for init marking
[1732.939s][info][gc,ergo     ] GC(184) Pacer for Mark. Expected Live: 518M, Free: 928M, Non-Taxable: 95055K, Alloc Tax Rate: 0.7x
[1732.939s][info][gc          ] GC(184) Pause Init Mark (unload classes) 0.119ms
[1732.939s][info][gc,start    ] GC(184) Concurrent marking roots
[1732.939s][info][gc,task     ] GC(184) Using 2 of 4 workers for concurrent marking roots
[1732.940s][info][gc          ] GC(184) Concurrent marking roots 1.246ms
[1732.940s][info][gc,start    ] GC(184) Concurrent marking (unload classes)
[1732.940s][info][gc,task     ] GC(184) Using 2 of 4 workers for concurrent marking
[1733.187s][info][gc          ] GC(184) Concurrent marking (unload classes) 246.692ms
[1733.187s][info][gc,start    ] GC(184) Pause Final Mark (unload classes)
[1733.187s][info][gc,task     ] GC(184) Using 4 of 4 workers for final marking
[1733.187s][info][gc,ergo     ] GC(184) Adaptive CSet Selection. Target Free: 1160M, Actual Free: 2452M, Max CSet: 341M, Min Garbage: 0B
[1733.187s][info][gc,ergo     ] GC(184) Collectable Garbage: 6304M (99%), Immediate: 1328M (20%), CSet: 4976M (78%)
[1733.187s][info][gc,ergo     ] GC(184) Pacer for Evacuation. Used CSet: 5072M, Free: 2060M, Non-Taxable: 206M, Alloc Tax Rate: 6.0x
[1733.187s][info][gc          ] GC(184) Pause Final Mark (unload classes) 0.253ms
[1733.187s][info][gc,start    ] GC(184) Concurrent thread roots
[1733.187s][info][gc,task     ] GC(184) Using 2 of 4 workers for Concurrent thread roots
[1733.188s][info][gc          ] GC(184) Concurrent thread roots 0.822ms
[1733.188s][info][gc,start    ] GC(184) Concurrent weak references
[1733.188s][info][gc,task     ] GC(184) Using 2 of 4 workers for concurrent weak references
[1733.188s][info][gc,ref      ] GC(184) Encountered references: Soft: 6123, Weak: 23584, Final: 34, Phantom: 1288
[1733.188s][info][gc,ref      ] GC(184) Discovered  references: Soft: 0, Weak: 916, Final: 0, Phantom: 894
[1733.188s][info][gc,ref      ] GC(184) Enqueued    references: Soft: 0, Weak: 4, Final: 0, Phantom: 0
[1733.188s][info][gc          ] GC(184) Concurrent weak references 0.166ms
[1733.188s][info][gc,start    ] GC(184) Concurrent weak roots
[1733.188s][info][gc,task     ] GC(184) Using 2 of 4 workers for concurrent weak root
[1733.191s][info][gc          ] GC(184) Concurrent weak roots 2.720ms
[1733.191s][info][gc,start    ] GC(184) Concurrent cleanup
[1733.191s][info][gc          ] GC(184) Concurrent cleanup 7056M->5728M(8192M) 0.032ms
[1733.191s][info][gc,ergo     ] GC(184) Free: 2052M, Max: 4096K regular, 620M humongous, Frag: 70% external, 0% internal; Reserve: 411M, Max: 4096K
[1733.191s][info][gc,start    ] GC(184) Concurrent class unloading
[1733.191s][info][gc,task     ] GC(184) Using 2 of 4 workers for concurrent class unloading
[1733.196s][info][gc          ] GC(184) Concurrent class unloading 5.595ms
[1733.196s][info][gc,start    ] GC(184) Concurrent strong roots
[1733.196s][info][gc,task     ] GC(184) Using 2 of 4 workers for concurrent strong root
[1733.197s][info][gc          ] GC(184) Concurrent strong roots 0.301ms
[1733.197s][info][gc,start    ] GC(184) Concurrent evacuation
[1733.197s][info][gc,task     ] GC(184) Using 2 of 4 workers for concurrent evacuation
[1733.247s][info][gc          ] GC(184) Concurrent evacuation 49.800ms
[1733.247s][info][gc,start    ] GC(184) Pause Init Update Refs
[1733.247s][info][gc,ergo     ] GC(184) Pacer for Update Refs. Used: 5843M, Free: 2036M, Non-Taxable: 203M, Alloc Tax Rate: 3.5x
[1733.247s][info][gc          ] GC(184) Pause Init Update Refs 0.045ms
[1733.247s][info][gc,start    ] GC(184) Concurrent update references
[1733.247s][info][gc,task     ] GC(184) Using 2 of 4 workers for concurrent reference update
[1733.405s][info][gc          ] GC(184) Concurrent update references 158.609ms
[1733.405s][info][gc,start    ] GC(184) Concurrent update thread roots
[1733.407s][info][gc          ] GC(184) Concurrent update thread roots 1.309ms
[1733.407s][info][gc,start    ] GC(184) Pause Final Update Refs
[1733.407s][info][gc,task     ] GC(184) Using 4 of 4 workers for final reference update
[1733.407s][info][gc          ] GC(184) Pause Final Update Refs 0.125ms
[1733.407s][info][gc,start    ] GC(184) Concurrent cleanup
[1733.407s][info][gc          ] GC(184) Concurrent cleanup 5939M->867M(8192M) 0.060ms
[1733.407s][info][gc,ergo     ] Free: 6912M, Max: 4096K regular, 5572M humongous, Frag: 20% external, 0% internal; Reserve: 412M, Max: 4096K
[1733.407s][info][gc,stats    ] 
[1733.407s][info][gc,stats    ] All times are wall-clock times, except per-root-class counters, that are sum over
[1733.407s][info][gc,stats    ] all workers. Dividing the <total> over the root stage time estimates parallelism.
[1733.407s][info][gc,stats    ] 
[1733.407s][info][gc,stats    ] Concurrent Reset                  17629 us
[1733.407s][info][gc,stats    ] Pause Init Mark (G)                 164 us
[1733.407s][info][gc,stats    ] Pause Init Mark (N)                 130 us
[1733.407s][info][gc,stats    ]   Update Region States               53 us
[1733.407s][info][gc,stats    ] Concurrent Mark Roots              1264 us, parallelism: 1.58x
[1733.407s][info][gc,stats    ]   CMR: <total>                     2000 us
[1733.407s][info][gc,stats    ]   CMR: Thread Roots                1799 us, workers (us): 814, 985, ---, ---, 
[1733.407s][info][gc,stats    ]   CMR: VM Strong Roots               18 us, workers (us):  18,   0, ---, ---, 
[1733.407s][info][gc,stats    ]   CMR: CLDG Roots                   183 us, workers (us): 183, ---, ---, ---, 
[1733.407s][info][gc,stats    ] Concurrent Marking               246728 us
[1733.407s][info][gc,stats    ] Pause Final Mark (G)                295 us
[1733.407s][info][gc,stats    ] Pause Final Mark (N)                264 us
[1733.407s][info][gc,stats    ]   Finish Mark                        22 us
[1733.407s][info][gc,stats    ]   Update Region States               16 us
[1733.407s][info][gc,stats    ]   Choose Collection Set             151 us
[1733.407s][info][gc,stats    ]   Rebuild Free Set                   10 us
[1733.407s][info][gc,stats    ] Concurrent Thread Roots             836 us, parallelism: 1.88x
[1733.407s][info][gc,stats    ]   CTR: <total>                     1568 us
[1733.407s][info][gc,stats    ]   CTR: Thread Roots                1568 us, workers (us): 786, 782, ---, ---, 
[1733.407s][info][gc,stats    ] Concurrent Weak References          182 us, parallelism: 0.52x
[1733.407s][info][gc,stats    ]   CWRF: <total>                      95 us
[1733.407s][info][gc,stats    ]   CWRF: Weak References              95 us, workers (us):  93,   2, ---, ---, 
[1733.407s][info][gc,stats    ] Concurrent Weak Roots              2738 us
[1733.407s][info][gc,stats    ]   Roots                            2646 us, parallelism: 1.93x
[1733.407s][info][gc,stats    ]     CWR: <total>                   5116 us
[1733.407s][info][gc,stats    ]     CWR: Code Cache Roots          3584 us, workers (us): 1811, 1773, ---, ---, 
[1733.407s][info][gc,stats    ]     CWR: VM Weak Roots             1476 us, workers (us): 739, 737, ---, ---, 
[1733.407s][info][gc,stats    ]     CWR: CLDG Roots                  55 us, workers (us): ---,  55, ---, ---, 
[1733.407s][info][gc,stats    ]   Rendezvous                         51 us
[1733.407s][info][gc,stats    ] Concurrent Cleanup                   45 us
[1733.407s][info][gc,stats    ] Concurrent Class Unloading         5632 us
[1733.407s][info][gc,stats    ]   Unlink Stale                     5444 us
[1733.407s][info][gc,stats    ]     System Dictionary                39 us
[1733.408s][info][gc,stats    ]     Weak Class Links                  0 us
[1733.408s][info][gc,stats    ]     Code Roots                     5404 us
[1733.408s][info][gc,stats    ]   Rendezvous                         60 us
[1733.408s][info][gc,stats    ]   Purge Unlinked                     69 us
[1733.408s][info][gc,stats    ]     Code Roots                       66 us
[1733.408s][info][gc,stats    ]     CLDG                              4 us
[1733.408s][info][gc,stats    ]     Exception Caches                  0 us
[1733.408s][info][gc,stats    ] Concurrent Strong Roots             314 us, parallelism: 0.67x
[1733.408s][info][gc,stats    ]   CSR: <total>                      211 us
[1733.408s][info][gc,stats    ]   CSR: VM Strong Roots               10 us, workers (us):  10,   0, ---, ---, 
[1733.408s][info][gc,stats    ]   CSR: CLDG Roots                   201 us, workers (us): 201, ---, ---, ---, 
[1733.408s][info][gc,stats    ] Concurrent Evacuation             49848 us
[1733.408s][info][gc,stats    ] Pause Init Update Refs (G)          136 us
[1733.408s][info][gc,stats    ] Pause Init Update Refs (N)           56 us
[1733.408s][info][gc,stats    ]   Manage GCLABs                       6 us
[1733.408s][info][gc,stats    ] Concurrent Update Refs           158652 us
[1733.408s][info][gc,stats    ] Concurrent Update Thread Roots     1334 us
[1733.408s][info][gc,stats    ] Pause Final Update Refs (G)         203 us
[1733.408s][info][gc,stats    ] Pause Final Update Refs (N)         147 us
[1733.408s][info][gc,stats    ]   Update Region States               57 us
[1733.408s][info][gc,stats    ]   Trash Collection Set               17 us
[1733.408s][info][gc,stats    ]   Rebuild Free Set                   11 us
[1733.408s][info][gc,stats    ] Concurrent Cleanup                   73 us
[1733.408s][info][gc,stats    ] 
[1733.408s][info][gc,stats    ] Allocation pacing accrued:
[1733.408s][info][gc,stats    ]       0 of  9073 ms (  0.0%): <total>
[1733.408s][info][gc,stats    ]       0 of  9073 ms (  0.0%): <average total>
[1733.408s][info][gc,stats    ] 
[1733.408s][info][gc,metaspace] Metaspace: 135549K(136896K)->135549K(136896K) NonClass: 114578K(115328K)->114578K(115328K) Class: 20970K(21568K)->20970K(21568K)
[1733.408s][info][gc,ergo     ] Pacer for Idle. Initial: 163M, Alloc Tax Rate: 1.0x
[1739.849s][info][gc          ] Trigger: Average GC time (577.36 ms) is above the time for average allocation rate (1319 MB/s) to deplete free headroom (734M) (margin of error = 1.97)
[1739.849s][info][gc,ergo     ] Free headroom: 1144M (free) - 409M (spike) - 0B (penalties) = 734M
[1739.849s][info][gc,ergo     ] Free: 1144M, Max: 4096K regular, 608M humongous, Frag: 46% external, 0% internal; Reserve: 412M, Max: 4096K
[1739.849s][info][gc,start    ] GC(185) Concurrent reset
[1739.849s][info][gc,task     ] GC(185) Using 2 of 4 workers for concurrent reset
[1739.849s][info][gc,ergo     ] GC(185) Pacer for Reset. Non-Taxable: 8192M
[1739.867s][info][gc          ] GC(185) Concurrent reset 17.835ms
[1739.867s][info][gc,start    ] GC(185) Pause Init Mark (unload classes)
[1739.867s][info][gc,task     ] GC(185) Using 4 of 4 workers for init marking
[1739.867s][info][gc,ergo     ] GC(185) Pacer for Mark. Expected Live: 516M, Free: 1124M, Non-Taxable: 112M, Alloc Tax Rate: 0.6x
[1739.867s][info][gc          ] GC(185) Pause Init Mark (unload classes) 0.170ms
[1739.867s][info][gc,start    ] GC(185) Concurrent marking roots
[1739.868s][info][gc,task     ] GC(185) Using 2 of 4 workers for concurrent marking roots
[1739.869s][info][gc          ] GC(185) Concurrent marking roots 1.159ms
[1739.869s][info][gc,start    ] GC(185) Concurrent marking (unload classes)
[1739.869s][info][gc,task     ] GC(185) Using 2 of 4 workers for concurrent marking
[1740.147s][info][gc          ] GC(185) Concurrent marking (unload classes) 278.335ms
[1740.147s][info][gc,start    ] GC(185) Pause Final Mark (unload classes)
[1740.147s][info][gc,task     ] GC(185) Using 4 of 4 workers for final marking
[1740.147s][info][gc,ergo     ] GC(185) Adaptive CSet Selection. Target Free: 1160M, Actual Free: 2620M, Max CSet: 341M, Min Garbage: 0B
[1740.147s][info][gc,ergo     ] GC(185) Collectable Garbage: 6047M (99%), Immediate: 1300M (21%), CSet: 4747M (77%)
[1740.147s][info][gc,ergo     ] GC(185) Pacer for Evacuation. Used CSet: 4904M, Free: 2228M, Non-Taxable: 222M, Alloc Tax Rate: 5.4x
[1740.147s][info][gc          ] GC(185) Pause Final Mark (unload classes) 0.315ms
[1740.147s][info][gc,start    ] GC(185) Concurrent thread roots
[1740.147s][info][gc,task     ] GC(185) Using 2 of 4 workers for Concurrent thread roots
[1740.148s][info][gc          ] GC(185) Concurrent thread roots 0.830ms
[1740.148s][info][gc,start    ] GC(185) Concurrent weak references
[1740.148s][info][gc,task     ] GC(185) Using 2 of 4 workers for concurrent weak references
[1740.149s][info][gc,ref      ] GC(185) Encountered references: Soft: 6123, Weak: 23581, Final: 34, Phantom: 1288
[1740.149s][info][gc,ref      ] GC(185) Discovered  references: Soft: 0, Weak: 10968, Final: 33, Phantom: 1161
[1740.149s][info][gc,ref      ] GC(185) Enqueued    references: Soft: 0, Weak: 1, Final: 0, Phantom: 0
[1740.149s][info][gc          ] GC(185) Concurrent weak references 0.497ms
[1740.149s][info][gc,start    ] GC(185) Concurrent weak roots
[1740.149s][info][gc,task     ] GC(185) Using 2 of 4 workers for concurrent weak root
[1740.152s][info][gc          ] GC(185) Concurrent weak roots 2.772ms
[1740.152s][info][gc,start    ] GC(185) Concurrent cleanup
[1740.152s][info][gc          ] GC(185) Concurrent cleanup 6860M->5560M(8192M) 0.035ms
[1740.152s][info][gc,ergo     ] GC(185) Free: 2219M, Max: 4096K regular, 608M humongous, Frag: 73% external, 0% internal; Reserve: 411M, Max: 4096K
[1740.152s][info][gc,start    ] GC(185) Concurrent class unloading
[1740.152s][info][gc,task     ] GC(185) Using 2 of 4 workers for concurrent class unloading
[1740.157s][info][gc          ] GC(185) Concurrent class unloading 5.264ms
[1740.157s][info][gc,start    ] GC(185) Concurrent strong roots
[1740.157s][info][gc,task     ] GC(185) Using 2 of 4 workers for concurrent strong root
[1740.157s][info][gc          ] GC(185) Concurrent strong roots 0.314ms
[1740.157s][info][gc,start    ] GC(185) Concurrent evacuation
[1740.157s][info][gc,task     ] GC(185) Using 2 of 4 workers for concurrent evacuation
[1740.246s][info][gc          ] GC(185) Concurrent evacuation 88.356ms
[1740.246s][info][gc,start    ] GC(185) Pause Init Update Refs
[1740.246s][info][gc,ergo     ] GC(185) Pacer for Update Refs. Used: 5796M, Free: 2143M, Non-Taxable: 214M, Alloc Tax Rate: 3.3x
[1740.246s][info][gc          ] GC(185) Pause Init Update Refs 0.056ms
[1740.246s][info][gc,start    ] GC(185) Concurrent update references
[1740.246s][info][gc,task     ] GC(185) Using 2 of 4 workers for concurrent reference update
[1740.426s][info][gc          ] GC(185) Concurrent update references 179.771ms
[1740.426s][info][gc,start    ] GC(185) Concurrent update thread roots
[1740.427s][info][gc          ] GC(185) Concurrent update thread roots 1.219ms
[1740.427s][info][gc,start    ] GC(185) Pause Final Update Refs
[1740.427s][info][gc,task     ] GC(185) Using 4 of 4 workers for final reference update
[1740.427s][info][gc          ] GC(185) Pause Final Update Refs 0.090ms
[1740.427s][info][gc,start    ] GC(185) Concurrent cleanup
[1740.427s][info][gc          ] GC(185) Concurrent cleanup 5956M->1052M(8192M) 0.060ms
[1740.427s][info][gc,ergo     ] Free: 6727M, Max: 4096K regular, 5224M humongous, Frag: 23% external, 0% internal; Reserve: 412M, Max: 4096K
[1740.427s][info][gc,stats    ] 
[1740.427s][info][gc,stats    ] All times are wall-clock times, except per-root-class counters, that are sum over
[1740.427s][info][gc,stats    ] all workers. Dividing the <total> over the root stage time estimates parallelism.
[1740.427s][info][gc,stats    ] 
[1740.427s][info][gc,stats    ] Concurrent Reset                  17998 us
[1740.427s][info][gc,stats    ] Pause Init Mark (G)                 337 us
[1740.427s][info][gc,stats    ] Pause Init Mark (N)                 184 us
[1740.427s][info][gc,stats    ]   Update Region States               75 us
[1740.427s][info][gc,stats    ] Concurrent Mark Roots              1185 us, parallelism: 1.55x
[1740.427s][info][gc,stats    ]   CMR: <total>                     1833 us
[1740.427s][info][gc,stats    ]   CMR: Thread Roots                1643 us, workers (us): 753, 890, ---, ---, 
[1740.427s][info][gc,stats    ]   CMR: VM Strong Roots               15 us, workers (us):  15,   0, ---, ---, 
[1740.427s][info][gc,stats    ]   CMR: CLDG Roots                   175 us, workers (us): 175, ---, ---, ---, 
[1740.427s][info][gc,stats    ] Concurrent Marking               278380 us
[1740.427s][info][gc,stats    ] Pause Final Mark (G)                372 us
[1740.427s][info][gc,stats    ] Pause Final Mark (N)                326 us
[1740.427s][info][gc,stats    ]   Finish Mark                        56 us
[1740.427s][info][gc,stats    ]   Update Region States               44 us
[1740.427s][info][gc,stats    ]   Choose Collection Set             151 us
[1740.427s][info][gc,stats    ]   Rebuild Free Set                   10 us
[1740.427s][info][gc,stats    ] Concurrent Thread Roots             852 us, parallelism: 1.74x
[1740.427s][info][gc,stats    ]   CTR: <total>                     1485 us
[1740.427s][info][gc,stats    ]   CTR: Thread Roots                1485 us, workers (us): 757, 729, ---, ---, 
[1740.427s][info][gc,stats    ] Concurrent Weak References          508 us, parallelism: 0.89x
[1740.427s][info][gc,stats    ]   CWRF: <total>                     451 us
[1740.427s][info][gc,stats    ]   CWRF: Weak References             451 us, workers (us):  58, 393, ---, ---, 
[1740.427s][info][gc,stats    ] Concurrent Weak Roots              2796 us
[1740.427s][info][gc,stats    ]   Roots                            2724 us, parallelism: 1.91x
[1740.427s][info][gc,stats    ]     CWR: <total>                   5199 us
[1740.427s][info][gc,stats    ]     CWR: Code Cache Roots          3622 us, workers (us): 1776, 1846, ---, ---, 
[1740.427s][info][gc,stats    ]     CWR: VM Weak Roots             1525 us, workers (us): 762, 763, ---, ---, 
[1740.427s][info][gc,stats    ]     CWR: CLDG Roots                  52 us, workers (us):  52, ---, ---, ---, 
[1740.427s][info][gc,stats    ]   Rendezvous                         26 us
[1740.428s][info][gc,stats    ] Concurrent Cleanup                   48 us
[1740.428s][info][gc,stats    ] Concurrent Class Unloading         5289 us
[1740.428s][info][gc,stats    ]   Unlink Stale                     5097 us
[1740.428s][info][gc,stats    ]     System Dictionary                37 us
[1740.428s][info][gc,stats    ]     Weak Class Links                  0 us
[1740.428s][info][gc,stats    ]     Code Roots                     5058 us
[1740.428s][info][gc,stats    ]   Rendezvous                        140 us
[1740.428s][info][gc,stats    ]   Purge Unlinked                      4 us
[1740.428s][info][gc,stats    ]     Code Roots                        2 us
[1740.428s][info][gc,stats    ]     CLDG                              2 us
[1740.428s][info][gc,stats    ]     Exception Caches                  0 us
[1740.428s][info][gc,stats    ] Concurrent Strong Roots             335 us, parallelism: 0.64x
[1740.428s][info][gc,stats    ]   CSR: <total>                      216 us
[1740.428s][info][gc,stats    ]   CSR: VM Strong Roots               13 us, workers (us):   7,   6, ---, ---, 
[1740.428s][info][gc,stats    ]   CSR: CLDG Roots                   203 us, workers (us): ---, 203, ---, ---, 
[1740.428s][info][gc,stats    ] Concurrent Evacuation             88418 us
[1740.428s][info][gc,stats    ] Pause Init Update Refs (G)          172 us
[1740.428s][info][gc,stats    ] Pause Init Update Refs (N)           70 us
[1740.428s][info][gc,stats    ]   Manage GCLABs                      10 us
[1740.428s][info][gc,stats    ] Concurrent Update Refs           179806 us
[1740.428s][info][gc,stats    ] Concurrent Update Thread Roots     1244 us
[1740.428s][info][gc,stats    ] Pause Final Update Refs (G)         132 us
[1740.428s][info][gc,stats    ] Pause Final Update Refs (N)         104 us
[1740.428s][info][gc,stats    ]   Update Region States               25 us
[1740.428s][info][gc,stats    ]   Trash Collection Set               14 us
[1740.428s][info][gc,stats    ]   Rebuild Free Set                   11 us
[1740.428s][info][gc,stats    ] Concurrent Cleanup                   74 us
[1740.428s][info][gc,stats    ] 
[1740.428s][info][gc,stats    ] Allocation pacing accrued:
[1740.428s][info][gc,stats    ]       0 of  7020 ms (  0.0%): <total>
[1740.428s][info][gc,stats    ]       0 of  7020 ms (  0.0%): <average total>
[1740.428s][info][gc,stats    ] 
[1740.428s][info][gc,metaspace] Metaspace: 135549K(136896K)->135549K(136896K) NonClass: 114578K(115328K)->114578K(115328K) Class: 20970K(21568K)->20970K(21568K)
[1740.428s][info][gc,ergo     ] Pacer for Idle. Initial: 163M, Alloc Tax Rate: 1.0x
[1748.480s][info][gc          ] Trigger: Average GC time (632.50 ms) is above the time for average allocation rate (727 MB/s) to deplete free headroom (422M) (margin of error = 1.98)
[1748.480s][info][gc,ergo     ] Free headroom: 832M (free) - 409M (spike) - 0B (penalties) = 422M
[1748.480s][info][gc,ergo     ] Free: 832M, Max: 4096K regular, 548M humongous, Frag: 33% external, 0% internal; Reserve: 412M, Max: 4096K
[1748.480s][info][gc,start    ] GC(186) Concurrent reset
[1748.480s][info][gc,task     ] GC(186) Using 2 of 4 workers for concurrent reset
[1748.480s][info][gc,ergo     ] GC(186) Pacer for Reset. Non-Taxable: 8192M
[1748.501s][info][gc          ] GC(186) Concurrent reset 20.882ms
[1748.501s][info][gc,start    ] GC(186) Pause Init Mark (unload classes)
[1748.501s][info][gc,task     ] GC(186) Using 4 of 4 workers for init marking
[1748.501s][info][gc,ergo     ] GC(186) Pacer for Mark. Expected Live: 532M, Free: 824M, Non-Taxable: 84405K, Alloc Tax Rate: 0.8x
[1748.501s][info][gc          ] GC(186) Pause Init Mark (unload classes) 0.113ms
[1748.501s][info][gc,start    ] GC(186) Concurrent marking roots
[1748.501s][info][gc,task     ] GC(186) Using 2 of 4 workers for concurrent marking roots
[1748.502s][info][gc          ] GC(186) Concurrent marking roots 1.226ms
[1748.502s][info][gc,start    ] GC(186) Concurrent marking (unload classes)
[1748.502s][info][gc,task     ] GC(186) Using 2 of 4 workers for concurrent marking
[1748.754s][info][gc          ] GC(186) Concurrent marking (unload classes) 251.292ms
[1748.754s][info][gc,start    ] GC(186) Pause Final Mark (unload classes)
[1748.754s][info][gc,task     ] GC(186) Using 4 of 4 workers for final marking
[1748.754s][info][gc,ergo     ] GC(186) Adaptive CSet Selection. Target Free: 1160M, Actual Free: 2404M, Max CSet: 341M, Min Garbage: 0B
[1748.754s][info][gc,ergo     ] GC(186) Collectable Garbage: 6399M (99%), Immediate: 1344M (20%), CSet: 5055M (78%)
[1748.754s][info][gc,ergo     ] GC(186) Pacer for Evacuation. Used CSet: 5160M, Free: 2012M, Non-Taxable: 201M, Alloc Tax Rate: 6.3x
[1748.754s][info][gc          ] GC(186) Pause Final Mark (unload classes) 0.322ms
[1748.754s][info][gc,start    ] GC(186) Concurrent thread roots
[1748.754s][info][gc,task     ] GC(186) Using 2 of 4 workers for Concurrent thread roots
[1748.755s][info][gc          ] GC(186) Concurrent thread roots 0.897ms
[1748.755s][info][gc,start    ] GC(186) Concurrent weak references
[1748.755s][info][gc,task     ] GC(186) Using 2 of 4 workers for concurrent weak references
[1748.755s][info][gc,ref      ] GC(186) Encountered references: Soft: 6123, Weak: 23585, Final: 34, Phantom: 1291
[1748.755s][info][gc,ref      ] GC(186) Discovered  references: Soft: 0, Weak: 1046, Final: 0, Phantom: 896
[1748.755s][info][gc,ref      ] GC(186) Enqueued    references: Soft: 0, Weak: 4, Final: 0, Phantom: 0
[1748.755s][info][gc          ] GC(186) Concurrent weak references 0.189ms
[1748.755s][info][gc,start    ] GC(186) Concurrent weak roots
[1748.755s][info][gc,task     ] GC(186) Using 2 of 4 workers for concurrent weak root
[1748.758s][info][gc          ] GC(186) Concurrent weak roots 2.846ms
[1748.758s][info][gc,start    ] GC(186) Concurrent cleanup
[1748.758s][info][gc          ] GC(186) Concurrent cleanup 7120M->5776M(8192M) 0.034ms
[1748.758s][info][gc,ergo     ] GC(186) Free: 2003M, Max: 4096K regular, 556M humongous, Frag: 72% external, 0% internal; Reserve: 411M, Max: 4096K
[1748.758s][info][gc,start    ] GC(186) Concurrent class unloading
[1748.758s][info][gc,task     ] GC(186) Using 2 of 4 workers for concurrent class unloading
[1748.763s][info][gc          ] GC(186) Concurrent class unloading 5.354ms
[1748.763s][info][gc,start    ] GC(186) Concurrent strong roots
[1748.763s][info][gc,task     ] GC(186) Using 2 of 4 workers for concurrent strong root
[1748.764s][info][gc          ] GC(186) Concurrent strong roots 0.294ms
[1748.764s][info][gc,start    ] GC(186) Concurrent evacuation
[1748.764s][info][gc,task     ] GC(186) Using 2 of 4 workers for concurrent evacuation
[1748.822s][info][gc          ] GC(186) Concurrent evacuation 58.562ms
[1748.822s][info][gc,start    ] GC(186) Pause Init Update Refs
[1748.822s][info][gc,ergo     ] GC(186) Pacer for Update Refs. Used: 5916M, Free: 1975M, Non-Taxable: 197M, Alloc Tax Rate: 3.7x
[1748.822s][info][gc          ] GC(186) Pause Init Update Refs 0.047ms
[1748.822s][info][gc,start    ] GC(186) Concurrent update references
[1748.822s][info][gc,task     ] GC(186) Using 2 of 4 workers for concurrent reference update
[1748.982s][info][gc          ] GC(186) Concurrent update references 159.084ms
[1748.982s][info][gc,start    ] GC(186) Concurrent update thread roots
[1748.983s][info][gc          ] GC(186) Concurrent update thread roots 1.386ms
[1748.983s][info][gc,start    ] GC(186) Pause Final Update Refs
[1748.983s][info][gc,task     ] GC(186) Using 4 of 4 workers for final reference update
[1748.983s][info][gc          ] GC(186) Pause Final Update Refs 0.097ms
[1748.983s][info][gc,start    ] GC(186) Concurrent cleanup
[1748.983s][info][gc          ] GC(186) Concurrent cleanup 6016M->856M(8192M) 0.064ms
[1748.983s][info][gc,ergo     ] Free: 6923M, Max: 4096K regular, 5840M humongous, Frag: 16% external, 0% internal; Reserve: 412M, Max: 4096K
[1748.983s][info][gc,stats    ] 
[1748.983s][info][gc,stats    ] All times are wall-clock times, except per-root-class counters, that are sum over
[1748.983s][info][gc,stats    ] all workers. Dividing the <total> over the root stage time estimates parallelism.
[1748.983s][info][gc,stats    ] 
[1748.983s][info][gc,stats    ] Concurrent Reset                  20985 us
[1748.983s][info][gc,stats    ] Pause Init Mark (G)                 252 us
[1748.983s][info][gc,stats    ] Pause Init Mark (N)                 124 us
[1748.983s][info][gc,stats    ]   Update Region States               41 us
[1748.983s][info][gc,stats    ] Concurrent Mark Roots              1247 us, parallelism: 1.58x
[1748.983s][info][gc,stats    ]   CMR: <total>                     1969 us
[1748.983s][info][gc,stats    ]   CMR: Thread Roots                1717 us, workers (us): 749, 968, ---, ---, 
[1748.983s][info][gc,stats    ]   CMR: VM Strong Roots               30 us, workers (us):  14,  16, ---, ---, 
[1748.983s][info][gc,stats    ]   CMR: CLDG Roots                   222 us, workers (us): 222, ---, ---, ---, 
[1748.983s][info][gc,stats    ] Concurrent Marking               251329 us
[1748.983s][info][gc,stats    ] Pause Final Mark (G)                354 us
[1748.983s][info][gc,stats    ] Pause Final Mark (N)                333 us
[1748.983s][info][gc,stats    ]   Finish Mark                        47 us
[1748.983s][info][gc,stats    ]   Update Region States               48 us
[1748.983s][info][gc,stats    ]   Choose Collection Set             158 us
[1748.983s][info][gc,stats    ]   Rebuild Free Set                    9 us
[1748.983s][info][gc,stats    ] Concurrent Thread Roots             919 us, parallelism: 1.80x
[1748.983s][info][gc,stats    ]   CTR: <total>                     1655 us
[1748.983s][info][gc,stats    ]   CTR: Thread Roots                1655 us, workers (us): 846, 809, ---, ---, 
[1748.983s][info][gc,stats    ] Concurrent Weak References          200 us, parallelism: 1.04x
[1748.983s][info][gc,stats    ]   CWRF: <total>                     208 us
[1748.983s][info][gc,stats    ]   CWRF: Weak References             208 us, workers (us): 118,  90, ---, ---, 
[1748.983s][info][gc,stats    ] Concurrent Weak Roots              2866 us
[1748.983s][info][gc,stats    ]   Roots                            2794 us, parallelism: 1.93x
[1748.984s][info][gc,stats    ]     CWR: <total>                   5400 us
[1748.984s][info][gc,stats    ]     CWR: Code Cache Roots          3829 us, workers (us): 1895, 1934, ---, ---, 
[1748.984s][info][gc,stats    ]     CWR: VM Weak Roots             1512 us, workers (us): 756, 757, ---, ---, 
[1748.984s][info][gc,stats    ]     CWR: CLDG Roots                  59 us, workers (us):  59, ---, ---, ---, 
[1748.984s][info][gc,stats    ]   Rendezvous                         29 us
[1748.984s][info][gc,stats    ] Concurrent Cleanup                   46 us
[1748.984s][info][gc,stats    ] Concurrent Class Unloading         5381 us
[1748.984s][info][gc,stats    ]   Unlink Stale                     5129 us
[1748.984s][info][gc,stats    ]     System Dictionary                56 us
[1748.984s][info][gc,stats    ]     Weak Class Links                  1 us
[1748.984s][info][gc,stats    ]     Code Roots                     5072 us
[1748.984s][info][gc,stats    ]   Rendezvous                         68 us
[1748.984s][info][gc,stats    ]   Purge Unlinked                    134 us
[1748.984s][info][gc,stats    ]     Code Roots                      131 us
[1748.984s][info][gc,stats    ]     CLDG                              4 us
[1748.984s][info][gc,stats    ]     Exception Caches                  0 us
[1748.984s][info][gc,stats    ] Concurrent Strong Roots             307 us, parallelism: 0.70x
[1748.984s][info][gc,stats    ]   CSR: <total>                      215 us
[1748.984s][info][gc,stats    ]   CSR: VM Strong Roots               10 us, workers (us):   5,   5, ---, ---, 
[1748.984s][info][gc,stats    ]   CSR: CLDG Roots                   205 us, workers (us): 205, ---, ---, ---, 
[1748.984s][info][gc,stats    ] Concurrent Evacuation             58609 us
[1748.984s][info][gc,stats    ] Pause Init Update Refs (G)          138 us
[1748.984s][info][gc,stats    ] Pause Init Update Refs (N)           58 us
[1748.984s][info][gc,stats    ]   Manage GCLABs                       7 us
[1748.984s][info][gc,stats    ] Concurrent Update Refs           159126 us
[1748.984s][info][gc,stats    ] Concurrent Update Thread Roots     1410 us
[1748.984s][info][gc,stats    ] Pause Final Update Refs (G)         153 us
[1748.984s][info][gc,stats    ] Pause Final Update Refs (N)         125 us
[1748.984s][info][gc,stats    ]   Update Region States               38 us
[1748.984s][info][gc,stats    ]   Trash Collection Set               10 us
[1748.984s][info][gc,stats    ]   Rebuild Free Set                    9 us
[1748.984s][info][gc,stats    ] Concurrent Cleanup                   77 us
[1748.984s][info][gc,stats    ] 
[1748.984s][info][gc,stats    ] Allocation pacing accrued:
[1748.984s][info][gc,stats    ]       0 of  8556 ms (  0.0%): <total>
[1748.984s][info][gc,stats    ]       0 of  8556 ms (  0.0%): <average total>
[1748.984s][info][gc,stats    ] 
[1748.984s][info][gc,metaspace] Metaspace: 135549K(136896K)->135549K(136896K) NonClass: 114579K(115328K)->114579K(115328K) Class: 20970K(21568K)->20970K(21568K)
[1748.984s][info][gc,ergo     ] Pacer for Idle. Initial: 163M, Alloc Tax Rate: 1.0x
[1758.140s][info][gc          ] Trigger: Free (815M) is below minimum threshold (819M)
[1758.140s][info][gc,ergo     ] Free: 815M, Max: 4096K regular, 596M humongous, Frag: 25% external, 1% internal; Reserve: 412M, Max: 4096K
[1758.140s][info][gc,start    ] GC(187) Concurrent reset
[1758.140s][info][gc,task     ] GC(187) Using 2 of 4 workers for concurrent reset
[1758.140s][info][gc,ergo     ] GC(187) Pacer for Reset. Non-Taxable: 8192M
[1758.154s][info][gc          ] GC(187) Concurrent reset 14.338ms
[1758.155s][info][gc,start    ] GC(187) Pause Init Mark (unload classes)
[1758.155s][info][gc,task     ] GC(187) Using 4 of 4 workers for init marking
[1758.155s][info][gc,ergo     ] GC(187) Pacer for Mark. Expected Live: 530M, Free: 811M, Non-Taxable: 83112K, Alloc Tax Rate: 0.8x
[1758.155s][info][gc          ] GC(187) Pause Init Mark (unload classes) 0.111ms
[1758.155s][info][gc,start    ] GC(187) Concurrent marking roots
[1758.155s][info][gc,task     ] GC(187) Using 2 of 4 workers for concurrent marking roots
[1758.156s][info][gc          ] GC(187) Concurrent marking roots 0.959ms
[1758.156s][info][gc,start    ] GC(187) Concurrent marking (unload classes)
[1758.156s][info][gc,task     ] GC(187) Using 2 of 4 workers for concurrent marking
[1758.417s][info][gc          ] GC(187) Concurrent marking (unload classes) 261.611ms
[1758.417s][info][gc,start    ] GC(187) Pause Final Mark (unload classes)
[1758.417s][info][gc,task     ] GC(187) Using 4 of 4 workers for final marking
[1758.417s][info][gc,ergo     ] GC(187) Adaptive CSet Selection. Target Free: 1160M, Actual Free: 1416M, Max CSet: 341M, Min Garbage: 0B
[1758.418s][info][gc,ergo     ] GC(187) Collectable Garbage: 6391M (99%), Immediate: 404M (6%), CSet: 5987M (93%)
[1758.418s][info][gc,ergo     ] GC(187) Pacer for Evacuation. Used CSet: 6104M, Free: 1028M, Non-Taxable: 102M, Alloc Tax Rate: 14.5x
[1758.418s][info][gc          ] GC(187) Pause Final Mark (unload classes) 0.310ms
[1758.418s][info][gc,start    ] GC(187) Concurrent thread roots
[1758.418s][info][gc,task     ] GC(187) Using 2 of 4 workers for Concurrent thread roots
[1758.419s][info][gc          ] GC(187) Concurrent thread roots 0.855ms
[1758.419s][info][gc,start    ] GC(187) Concurrent weak references
[1758.419s][info][gc,task     ] GC(187) Using 2 of 4 workers for concurrent weak references
[1758.419s][info][gc,ref      ] GC(187) Encountered references: Soft: 6123, Weak: 23588, Final: 34, Phantom: 1300
[1758.419s][info][gc,ref      ] GC(187) Discovered  references: Soft: 0, Weak: 10870, Final: 1, Phantom: 909
[1758.419s][info][gc,ref      ] GC(187) Enqueued    references: Soft: 0, Weak: 3, Final: 0, Phantom: 0
[1758.419s][info][gc          ] GC(187) Concurrent weak references 0.483ms
[1758.419s][info][gc,start    ] GC(187) Concurrent weak roots
[1758.419s][info][gc,task     ] GC(187) Using 2 of 4 workers for concurrent weak root
[1758.422s][info][gc          ] GC(187) Concurrent weak roots 2.765ms
[1758.422s][info][gc,start    ] GC(187) Concurrent cleanup
[1758.422s][info][gc          ] GC(187) Concurrent cleanup 7164M->6760M(8192M) 0.032ms
[1758.422s][info][gc,ergo     ] GC(187) Free: 1020M, Max: 4096K regular, 596M humongous, Frag: 41% external, 0% internal; Reserve: 411M, Max: 4096K
[1758.422s][info][gc,start    ] GC(187) Concurrent class unloading
[1758.422s][info][gc,task     ] GC(187) Using 2 of 4 workers for concurrent class unloading
[1758.427s][info][gc          ] GC(187) Concurrent class unloading 5.159ms
[1758.427s][info][gc,start    ] GC(187) Concurrent strong roots
[1758.427s][info][gc,task     ] GC(187) Using 2 of 4 workers for concurrent strong root
[1758.427s][info][gc          ] GC(187) Concurrent strong roots 0.309ms
[1758.427s][info][gc,start    ] GC(187) Concurrent evacuation
[1758.427s][info][gc,task     ] GC(187) Using 2 of 4 workers for concurrent evacuation
[1758.480s][info][gc          ] GC(187) Concurrent evacuation 53.000ms
[1758.480s][info][gc,start    ] GC(187) Pause Init Update Refs
[1758.481s][info][gc,ergo     ] GC(187) Pacer for Update Refs. Used: 6897M, Free: 1002M, Non-Taxable: 100M, Alloc Tax Rate: 8.4x
[1758.481s][info][gc          ] GC(187) Pause Init Update Refs 0.045ms
[1758.481s][info][gc,start    ] GC(187) Concurrent update references
[1758.481s][info][gc,task     ] GC(187) Using 2 of 4 workers for concurrent reference update
[1758.649s][info][gc          ] GC(187) Concurrent update references 168.505ms
[1758.649s][info][gc,start    ] GC(187) Concurrent update thread roots
[1758.651s][info][gc          ] GC(187) Concurrent update thread roots 1.452ms
[1758.651s][info][gc,start    ] GC(187) Pause Final Update Refs
[1758.651s][info][gc,task     ] GC(187) Using 4 of 4 workers for final reference update
[1758.651s][info][gc          ] GC(187) Pause Final Update Refs 0.083ms
[1758.651s][info][gc,start    ] GC(187) Concurrent cleanup
[1758.651s][info][gc          ] GC(187) Concurrent cleanup 6987M->883M(8192M) 0.079ms
[1758.651s][info][gc,ergo     ] Free: 6896M, Max: 4096K regular, 4808M humongous, Frag: 31% external, 0% internal; Reserve: 412M, Max: 4096K
[1758.651s][info][gc,stats    ] 
[1758.651s][info][gc,stats    ] All times are wall-clock times, except per-root-class counters, that are sum over
[1758.651s][info][gc,stats    ] all workers. Dividing the <total> over the root stage time estimates parallelism.
[1758.651s][info][gc,stats    ] 
[1758.651s][info][gc,stats    ] Concurrent Reset                  14400 us
[1758.651s][info][gc,stats    ] Pause Init Mark (G)                 204 us
[1758.651s][info][gc,stats    ] Pause Init Mark (N)                 124 us
[1758.651s][info][gc,stats    ]   Update Region States               40 us
[1758.651s][info][gc,stats    ] Concurrent Mark Roots               978 us, parallelism: 1.64x
[1758.651s][info][gc,stats    ]   CMR: <total>                     1600 us
[1758.651s][info][gc,stats    ]   CMR: Thread Roots                1461 us, workers (us): 676, 784, ---, ---, 
[1758.651s][info][gc,stats    ]   CMR: VM Strong Roots               16 us, workers (us):  15,   0, ---, ---, 
[1758.651s][info][gc,stats    ]   CMR: CLDG Roots                   124 us, workers (us): 124, ---, ---, ---, 
[1758.651s][info][gc,stats    ] Concurrent Marking               261655 us
[1758.651s][info][gc,stats    ] Pause Final Mark (G)                348 us
[1758.651s][info][gc,stats    ] Pause Final Mark (N)                322 us
[1758.651s][info][gc,stats    ]   Finish Mark                        54 us
[1758.651s][info][gc,stats    ]   Update Region States               16 us
[1758.651s][info][gc,stats    ]   Choose Collection Set             175 us
[1758.651s][info][gc,stats    ]   Rebuild Free Set                    8 us
[1758.651s][info][gc,stats    ] Concurrent Thread Roots             874 us, parallelism: 1.84x
[1758.651s][info][gc,stats    ]   CTR: <total>                     1604 us
[1758.651s][info][gc,stats    ]   CTR: Thread Roots                1604 us, workers (us): 814, 790, ---, ---, 
[1758.651s][info][gc,stats    ] Concurrent Weak References          494 us, parallelism: 0.93x
[1758.651s][info][gc,stats    ]   CWRF: <total>                     461 us
[1758.651s][info][gc,stats    ]   CWRF: Weak References             461 us, workers (us):  43, 418, ---, ---, 
[1758.651s][info][gc,stats    ] Concurrent Weak Roots              2788 us
[1758.651s][info][gc,stats    ]   Roots                            2699 us, parallelism: 1.92x
[1758.651s][info][gc,stats    ]     CWR: <total>                   5177 us
[1758.651s][info][gc,stats    ]     CWR: Code Cache Roots          3578 us, workers (us): 1748, 1829, ---, ---, 
[1758.651s][info][gc,stats    ]     CWR: VM Weak Roots             1541 us, workers (us): 783, 757, ---, ---, 
[1758.651s][info][gc,stats    ]     CWR: CLDG Roots                  59 us, workers (us):  59, ---, ---, ---, 
[1758.651s][info][gc,stats    ]   Rendezvous                         45 us
[1758.651s][info][gc,stats    ] Concurrent Cleanup                   49 us
[1758.651s][info][gc,stats    ] Concurrent Class Unloading         5181 us
[1758.651s][info][gc,stats    ]   Unlink Stale                     5036 us
[1758.651s][info][gc,stats    ]     System Dictionary                41 us
[1758.651s][info][gc,stats    ]     Weak Class Links                  0 us
[1758.651s][info][gc,stats    ]     Code Roots                     4994 us
[1758.651s][info][gc,stats    ]   Rendezvous                         46 us
[1758.651s][info][gc,stats    ]   Purge Unlinked                     54 us
[1758.651s][info][gc,stats    ]     Code Roots                       52 us
[1758.651s][info][gc,stats    ]     CLDG                              2 us
[1758.651s][info][gc,stats    ]     Exception Caches                  0 us
[1758.651s][info][gc,stats    ] Concurrent Strong Roots             331 us, parallelism: 0.64x
[1758.651s][info][gc,stats    ]   CSR: <total>                      210 us
[1758.651s][info][gc,stats    ]   CSR: VM Strong Roots               10 us, workers (us):  10,   0, ---, ---, 
[1758.651s][info][gc,stats    ]   CSR: CLDG Roots                   200 us, workers (us): 200, ---, ---, ---, 
[1758.651s][info][gc,stats    ] Concurrent Evacuation             53048 us
[1758.651s][info][gc,stats    ] Pause Init Update Refs (G)          107 us
[1758.651s][info][gc,stats    ] Pause Init Update Refs (N)           55 us
[1758.651s][info][gc,stats    ]   Manage GCLABs                       6 us
[1758.651s][info][gc,stats    ] Concurrent Update Refs           168554 us
[1758.651s][info][gc,stats    ] Concurrent Update Thread Roots     1476 us
[1758.651s][info][gc,stats    ] Pause Final Update Refs (G)         165 us
[1758.651s][info][gc,stats    ] Pause Final Update Refs (N)         105 us
[1758.651s][info][gc,stats    ]   Update Region States               28 us
[1758.651s][info][gc,stats    ]   Trash Collection Set               10 us
[1758.651s][info][gc,stats    ]   Rebuild Free Set                    9 us
[1758.651s][info][gc,stats    ] Concurrent Cleanup                   94 us
[1758.651s][info][gc,stats    ] 
[1758.651s][info][gc,stats    ] Allocation pacing accrued:
[1758.651s][info][gc,stats    ]       0 of  9668 ms (  0.0%): <total>
[1758.652s][info][gc,stats    ]       0 of  9668 ms (  0.0%): <average total>
[1758.652s][info][gc,stats    ] 
[1758.652s][info][gc,metaspace] Metaspace: 135549K(136896K)->135549K(136896K) NonClass: 114579K(115328K)->114579K(115328K) Class: 20970K(21568K)->20970K(21568K)
[1758.652s][info][gc,ergo     ] Pacer for Idle. Initial: 163M, Alloc Tax Rate: 1.0x
[1767.397s][info][gc          ] Trigger: Free (812M) is below minimum threshold (819M)
[1767.397s][info][gc,ergo     ] Free: 812M, Max: 4096K regular, 580M humongous, Frag: 27% external, 0% internal; Reserve: 412M, Max: 4096K
[1767.397s][info][gc,start    ] GC(188) Concurrent reset
[1767.397s][info][gc,task     ] GC(188) Using 2 of 4 workers for concurrent reset
[1767.397s][info][gc,ergo     ] GC(188) Pacer for Reset. Non-Taxable: 8192M
[1767.416s][info][gc          ] GC(188) Concurrent reset 18.983ms
[1767.416s][info][gc,start    ] GC(188) Pause Init Mark (unload classes)
[1767.416s][info][gc,task     ] GC(188) Using 4 of 4 workers for init marking
[1767.416s][info][gc,ergo     ] GC(188) Pacer for Mark. Expected Live: 523M, Free: 804M, Non-Taxable: 82338K, Alloc Tax Rate: 0.8x
[1767.416s][info][gc          ] GC(188) Pause Init Mark (unload classes) 0.118ms
[1767.416s][info][gc,start    ] GC(188) Concurrent marking roots
[1767.416s][info][gc,task     ] GC(188) Using 2 of 4 workers for concurrent marking roots
[1767.417s][info][gc          ] GC(188) Concurrent marking roots 1.022ms
[1767.417s][info][gc,start    ] GC(188) Concurrent marking (unload classes)
[1767.417s][info][gc,task     ] GC(188) Using 2 of 4 workers for concurrent marking
[1767.671s][info][gc          ] GC(188) Concurrent marking (unload classes) 253.441ms
[1767.671s][info][gc,start    ] GC(188) Pause Final Mark (unload classes)
[1767.671s][info][gc,task     ] GC(188) Using 4 of 4 workers for final marking
[1767.671s][info][gc,ergo     ] GC(188) Adaptive CSet Selection. Target Free: 1160M, Actual Free: 1516M, Max CSet: 341M, Min Garbage: 0B
[1767.671s][info][gc,ergo     ] GC(188) Collectable Garbage: 6405M (99%), Immediate: 504M (7%), CSet: 5901M (91%)
[1767.671s][info][gc,ergo     ] GC(188) Pacer for Evacuation. Used CSet: 6017M, Free: 1125M, Non-Taxable: 112M, Alloc Tax Rate: 13.1x
[1767.671s][info][gc          ] GC(188) Pause Final Mark (unload classes) 0.377ms
[1767.671s][info][gc,start    ] GC(188) Concurrent thread roots
[1767.671s][info][gc,task     ] GC(188) Using 2 of 4 workers for Concurrent thread roots
[1767.672s][info][gc          ] GC(188) Concurrent thread roots 0.830ms
[1767.672s][info][gc,start    ] GC(188) Concurrent weak references
[1767.672s][info][gc,task     ] GC(188) Using 2 of 4 workers for concurrent weak references
[1767.672s][info][gc,ref      ] GC(188) Encountered references: Soft: 6123, Weak: 23585, Final: 34, Phantom: 1300
[1767.672s][info][gc,ref      ] GC(188) Discovered  references: Soft: 0, Weak: 2598, Final: 0, Phantom: 902
[1767.672s][info][gc,ref      ] GC(188) Enqueued    references: Soft: 0, Weak: 1, Final: 0, Phantom: 0
[1767.672s][info][gc          ] GC(188) Concurrent weak references 0.179ms
[1767.672s][info][gc,start    ] GC(188) Concurrent weak roots
[1767.672s][info][gc,task     ] GC(188) Using 2 of 4 workers for concurrent weak root
[1767.675s][info][gc          ] GC(188) Concurrent weak roots 2.880ms
[1767.675s][info][gc,start    ] GC(188) Concurrent cleanup
[1767.675s][info][gc          ] GC(188) Concurrent cleanup 7166M->6662M(8192M) 0.031ms
[1767.675s][info][gc,ergo     ] GC(188) Free: 1116M, Max: 4096K regular, 580M humongous, Frag: 48% external, 0% internal; Reserve: 410M, Max: 4096K
[1767.675s][info][gc,start    ] GC(188) Concurrent class unloading
[1767.675s][info][gc,task     ] GC(188) Using 2 of 4 workers for concurrent class unloading
[1767.680s][info][gc          ] GC(188) Concurrent class unloading 5.114ms
[1767.680s][info][gc,start    ] GC(188) Concurrent strong roots
[1767.680s][info][gc,task     ] GC(188) Using 2 of 4 workers for concurrent strong root
[1767.681s][info][gc          ] GC(188) Concurrent strong roots 0.291ms
[1767.681s][info][gc,start    ] GC(188) Concurrent evacuation
[1767.681s][info][gc,task     ] GC(188) Using 2 of 4 workers for concurrent evacuation
[1767.734s][info][gc          ] GC(188) Concurrent evacuation 52.988ms
[1767.734s][info][gc,start    ] GC(188) Pause Init Update Refs
[1767.734s][info][gc,ergo     ] GC(188) Pacer for Update Refs. Used: 6805M, Free: 1091M, Non-Taxable: 109M, Alloc Tax Rate: 7.6x
[1767.734s][info][gc          ] GC(188) Pause Init Update Refs 0.045ms
[1767.734s][info][gc,start    ] GC(188) Concurrent update references
[1767.734s][info][gc,task     ] GC(188) Using 2 of 4 workers for concurrent reference update
[1767.897s][info][gc          ] GC(188) Concurrent update references 162.650ms
[1767.897s][info][gc,start    ] GC(188) Concurrent update thread roots
[1767.898s][info][gc          ] GC(188) Concurrent update thread roots 1.292ms
[1767.898s][info][gc,start    ] GC(188) Pause Final Update Refs
[1767.898s][info][gc,task     ] GC(188) Using 4 of 4 workers for final reference update
[1767.898s][info][gc          ] GC(188) Pause Final Update Refs 0.088ms
[1767.898s][info][gc,start    ] GC(188) Concurrent cleanup
[1767.898s][info][gc          ] GC(188) Concurrent cleanup 6888M->871M(8192M) 0.086ms
[1767.898s][info][gc,ergo     ] Free: 6908M, Max: 4096K regular, 4888M humongous, Frag: 29% external, 0% internal; Reserve: 412M, Max: 4096K
[1767.898s][info][gc,stats    ] 
[1767.898s][info][gc,stats    ] All times are wall-clock times, except per-root-class counters, that are sum over
[1767.898s][info][gc,stats    ] all workers. Dividing the <total> over the root stage time estimates parallelism.
[1767.898s][info][gc,stats    ] 
[1767.898s][info][gc,stats    ] Concurrent Reset                  19071 us
[1767.898s][info][gc,stats    ] Pause Init Mark (G)                 224 us
[1767.898s][info][gc,stats    ] Pause Init Mark (N)                 130 us
[1767.898s][info][gc,stats    ]   Update Region States               42 us
[1767.898s][info][gc,stats    ] Concurrent Mark Roots              1043 us, parallelism: 1.53x
[1767.898s][info][gc,stats    ]   CMR: <total>                     1595 us
[1767.898s][info][gc,stats    ]   CMR: Thread Roots                1443 us, workers (us): 788, 655, ---, ---, 
[1767.898s][info][gc,stats    ]   CMR: VM Strong Roots               19 us, workers (us):  10,   9, ---, ---, 
[1767.898s][info][gc,stats    ]   CMR: CLDG Roots                   133 us, workers (us): ---, 133, ---, ---, 
[1767.898s][info][gc,stats    ] Concurrent Marking               253497 us
[1767.898s][info][gc,stats    ] Pause Final Mark (G)                465 us
[1767.898s][info][gc,stats    ] Pause Final Mark (N)                388 us
[1767.898s][info][gc,stats    ]   Finish Mark                        94 us
[1767.898s][info][gc,stats    ]   Update Region States               38 us
[1767.898s][info][gc,stats    ]   Choose Collection Set             163 us
[1767.898s][info][gc,stats    ]   Rebuild Free Set                    8 us
[1767.898s][info][gc,stats    ] Concurrent Thread Roots             851 us, parallelism: 1.85x
[1767.898s][info][gc,stats    ]   CTR: <total>                     1570 us
[1767.898s][info][gc,stats    ]   CTR: Thread Roots                1570 us, workers (us): 786, 785, ---, ---, 
[1767.898s][info][gc,stats    ] Concurrent Weak References          190 us, parallelism: 0.87x
[1767.898s][info][gc,stats    ]   CWRF: <total>                     166 us
[1767.898s][info][gc,stats    ]   CWRF: Weak References             166 us, workers (us):  49, 116, ---, ---, 
[1767.898s][info][gc,stats    ] Concurrent Weak Roots              2909 us
[1767.898s][info][gc,stats    ]   Roots                            2798 us, parallelism: 1.93x
[1767.898s][info][gc,stats    ]     CWR: <total>                   5390 us
[1767.898s][info][gc,stats    ]     CWR: Code Cache Roots          3787 us, workers (us): 1864, 1923, ---, ---, 
[1767.898s][info][gc,stats    ]     CWR: VM Weak Roots             1521 us, workers (us): 759, 761, ---, ---, 
[1767.898s][info][gc,stats    ]     CWR: CLDG Roots                  82 us, workers (us):  82, ---, ---, ---, 
[1767.898s][info][gc,stats    ]   Rendezvous                         60 us
[1767.899s][info][gc,stats    ] Concurrent Cleanup                   44 us
[1767.899s][info][gc,stats    ] Concurrent Class Unloading         5136 us
[1767.899s][info][gc,stats    ]   Unlink Stale                     4969 us
[1767.899s][info][gc,stats    ]     System Dictionary                62 us
[1767.899s][info][gc,stats    ]     Weak Class Links                  0 us
[1767.899s][info][gc,stats    ]     Code Roots                     4905 us
[1767.899s][info][gc,stats    ]   Rendezvous                         50 us
[1767.899s][info][gc,stats    ]   Purge Unlinked                     73 us
[1767.899s][info][gc,stats    ]     Code Roots                       70 us
[1767.899s][info][gc,stats    ]     CLDG                              4 us
[1767.899s][info][gc,stats    ]     Exception Caches                  0 us
[1767.899s][info][gc,stats    ] Concurrent Strong Roots             314 us, parallelism: 0.68x
[1767.899s][info][gc,stats    ]   CSR: <total>                      214 us
[1767.899s][info][gc,stats    ]   CSR: VM Strong Roots               10 us, workers (us):   5,   5, ---, ---, 
[1767.899s][info][gc,stats    ]   CSR: CLDG Roots                   203 us, workers (us): ---, 203, ---, ---, 
[1767.899s][info][gc,stats    ] Concurrent Evacuation             53024 us
[1767.899s][info][gc,stats    ] Pause Init Update Refs (G)           87 us
[1767.899s][info][gc,stats    ] Pause Init Update Refs (N)           56 us
[1767.899s][info][gc,stats    ]   Manage GCLABs                       6 us
[1767.899s][info][gc,stats    ] Concurrent Update Refs           162681 us
[1767.899s][info][gc,stats    ] Concurrent Update Thread Roots     1316 us
[1767.899s][info][gc,stats    ] Pause Final Update Refs (G)         133 us
[1767.899s][info][gc,stats    ] Pause Final Update Refs (N)         103 us
[1767.899s][info][gc,stats    ]   Update Region States               25 us
[1767.899s][info][gc,stats    ]   Trash Collection Set               16 us
[1767.899s][info][gc,stats    ]   Rebuild Free Set                    9 us
[1767.899s][info][gc,stats    ] Concurrent Cleanup                  109 us
[1767.899s][info][gc,stats    ] 
[1767.899s][info][gc,stats    ] Allocation pacing accrued:
[1767.899s][info][gc,stats    ]       0 of  9247 ms (  0.0%): <total>
[1767.899s][info][gc,stats    ]       0 of  9247 ms (  0.0%): <average total>
[1767.899s][info][gc,stats    ] 
[1767.899s][info][gc,metaspace] Metaspace: 135551K(136896K)->135554K(136896K) NonClass: 114580K(115328K)->114584K(115328K) Class: 20970K(21568K)->20970K(21568K)
[1767.899s][info][gc,ergo     ] Pacer for Idle. Initial: 163M, Alloc Tax Rate: 1.0x
[1777.091s][info][gc          ] Trigger: Free (815M) is below minimum threshold (819M)
[1777.091s][info][gc,ergo     ] Free: 815M, Max: 4096K regular, 584M humongous, Frag: 27% external, 0% internal; Reserve: 412M, Max: 4096K
[1777.091s][info][gc,start    ] GC(189) Concurrent reset
[1777.091s][info][gc,task     ] GC(189) Using 2 of 4 workers for concurrent reset
[1777.091s][info][gc,ergo     ] GC(189) Pacer for Reset. Non-Taxable: 8192M
[1777.113s][info][gc          ] GC(189) Concurrent reset 22.072ms
[1777.113s][info][gc,start    ] GC(189) Pause Init Mark (unload classes)
[1777.113s][info][gc,task     ] GC(189) Using 4 of 4 workers for init marking
[1777.113s][info][gc,ergo     ] GC(189) Pacer for Mark. Expected Live: 531M, Free: 800M, Non-Taxable: 81939K, Alloc Tax Rate: 0.8x
[1777.113s][info][gc          ] GC(189) Pause Init Mark (unload classes) 0.106ms
[1777.113s][info][gc,start    ] GC(189) Concurrent marking roots
[1777.113s][info][gc,task     ] GC(189) Using 2 of 4 workers for concurrent marking roots
[1777.114s][info][gc          ] GC(189) Concurrent marking roots 1.031ms
[1777.114s][info][gc,start    ] GC(189) Concurrent marking (unload classes)
[1777.114s][info][gc,task     ] GC(189) Using 2 of 4 workers for concurrent marking
[1777.367s][info][gc          ] GC(189) Concurrent marking (unload classes) 252.180ms
[1777.367s][info][gc,start    ] GC(189) Pause Final Mark (unload classes)
[1777.367s][info][gc,task     ] GC(189) Using 4 of 4 workers for final marking
[1777.367s][info][gc,ergo     ] GC(189) Adaptive CSet Selection. Target Free: 1160M, Actual Free: 1436M, Max CSet: 341M, Min Garbage: 0B
[1777.367s][info][gc,ergo     ] GC(189) Collectable Garbage: 6408M (99%), Immediate: 432M (6%), CSet: 5976M (92%)
[1777.367s][info][gc,ergo     ] GC(189) Pacer for Evacuation. Used CSet: 6092M, Free: 1041M, Non-Taxable: 104M, Alloc Tax Rate: 14.3x
[1777.367s][info][gc          ] GC(189) Pause Final Mark (unload classes) 0.295ms
[1777.367s][info][gc,start    ] GC(189) Concurrent thread roots
[1777.367s][info][gc,task     ] GC(189) Using 2 of 4 workers for Concurrent thread roots
[1777.368s][info][gc          ] GC(189) Concurrent thread roots 0.850ms
[1777.368s][info][gc,start    ] GC(189) Concurrent weak references
[1777.368s][info][gc,task     ] GC(189) Using 2 of 4 workers for concurrent weak references
[1777.368s][info][gc,ref      ] GC(189) Encountered references: Soft: 6123, Weak: 23587, Final: 34, Phantom: 1300
[1777.368s][info][gc,ref      ] GC(189) Discovered  references: Soft: 0, Weak: 10130, Final: 0, Phantom: 902
[1777.368s][info][gc,ref      ] GC(189) Enqueued    references: Soft: 0, Weak: 2, Final: 0, Phantom: 0
[1777.368s][info][gc          ] GC(189) Concurrent weak references 0.443ms
[1777.368s][info][gc,start    ] GC(189) Concurrent weak roots
[1777.368s][info][gc,task     ] GC(189) Using 2 of 4 workers for concurrent weak root
[1777.371s][info][gc          ] GC(189) Concurrent weak roots 2.884ms
[1777.371s][info][gc,start    ] GC(189) Concurrent cleanup
[1777.371s][info][gc          ] GC(189) Concurrent cleanup 7180M->6748M(8192M) 0.028ms
[1777.371s][info][gc,ergo     ] GC(189) Free: 1032M, Max: 4096K regular, 584M humongous, Frag: 43% external, 0% internal; Reserve: 411M, Max: 4096K
[1777.371s][info][gc,start    ] GC(189) Concurrent class unloading
[1777.371s][info][gc,task     ] GC(189) Using 2 of 4 workers for concurrent class unloading
[1777.376s][info][gc          ] GC(189) Concurrent class unloading 5.217ms
[1777.377s][info][gc,start    ] GC(189) Concurrent strong roots
[1777.377s][info][gc,task     ] GC(189) Using 2 of 4 workers for concurrent strong root
[1777.377s][info][gc          ] GC(189) Concurrent strong roots 0.365ms
[1777.377s][info][gc,start    ] GC(189) Concurrent evacuation
[1777.377s][info][gc,task     ] GC(189) Using 2 of 4 workers for concurrent evacuation
[1777.431s][info][gc          ] GC(189) Concurrent evacuation 54.066ms
[1777.431s][info][gc,start    ] GC(189) Pause Init Update Refs
[1777.431s][info][gc,ergo     ] GC(189) Pacer for Update Refs. Used: 6895M, Free: 1008M, Non-Taxable: 100M, Alloc Tax Rate: 8.4x
[1777.431s][info][gc          ] GC(189) Pause Init Update Refs 0.044ms
[1777.431s][info][gc,start    ] GC(189) Concurrent update references
[1777.431s][info][gc,task     ] GC(189) Using 2 of 4 workers for concurrent reference update
[1777.591s][info][gc          ] GC(189) Concurrent update references 160.371ms
[1777.592s][info][gc,start    ] GC(189) Concurrent update thread roots
[1777.593s][info][gc          ] GC(189) Concurrent update thread roots 1.448ms
[1777.593s][info][gc,start    ] GC(189) Pause Final Update Refs
[1777.593s][info][gc,task     ] GC(189) Using 4 of 4 workers for final reference update
[1777.593s][info][gc          ] GC(189) Pause Final Update Refs 0.112ms
[1777.593s][info][gc,start    ] GC(189) Concurrent cleanup
[1777.593s][info][gc          ] GC(189) Concurrent cleanup 6947M->855M(8192M) 0.078ms
[1777.593s][info][gc,ergo     ] Free: 6924M, Max: 4096K regular, 4800M humongous, Frag: 31% external, 0% internal; Reserve: 412M, Max: 4096K
[1777.593s][info][gc,stats    ] 
[1777.593s][info][gc,stats    ] All times are wall-clock times, except per-root-class counters, that are sum over
[1777.593s][info][gc,stats    ] all workers. Dividing the <total> over the root stage time estimates parallelism.
[1777.593s][info][gc,stats    ] 
[1777.593s][info][gc,stats    ] Concurrent Reset                  22137 us
[1777.593s][info][gc,stats    ] Pause Init Mark (G)                 161 us
[1777.593s][info][gc,stats    ] Pause Init Mark (N)                 116 us
[1777.593s][info][gc,stats    ]   Update Region States               43 us
[1777.593s][info][gc,stats    ] Concurrent Mark Roots              1051 us, parallelism: 1.59x
[1777.593s][info][gc,stats    ]   CMR: <total>                     1667 us
[1777.593s][info][gc,stats    ]   CMR: Thread Roots                1488 us, workers (us): 823, 664, ---, ---, 
[1777.593s][info][gc,stats    ]   CMR: VM Strong Roots               17 us, workers (us):   9,   8, ---, ---, 
[1777.593s][info][gc,stats    ]   CMR: CLDG Roots                   162 us, workers (us): ---, 162, ---, ---, 
[1777.594s][info][gc,stats    ] Concurrent Marking               252214 us
[1777.594s][info][gc,stats    ] Pause Final Mark (G)                355 us
[1777.594s][info][gc,stats    ] Pause Final Mark (N)                306 us
[1777.594s][info][gc,stats    ]   Finish Mark                        51 us
[1777.594s][info][gc,stats    ]   Update Region States               16 us
[1777.594s][info][gc,stats    ]   Choose Collection Set             166 us
[1777.594s][info][gc,stats    ]   Rebuild Free Set                    8 us
[1777.594s][info][gc,stats    ] Concurrent Thread Roots             873 us, parallelism: 1.81x
[1777.594s][info][gc,stats    ]   CTR: <total>                     1576 us
[1777.594s][info][gc,stats    ]   CTR: Thread Roots                1576 us, workers (us): 801, 775, ---, ---, 
[1777.594s][info][gc,stats    ] Concurrent Weak References          454 us, parallelism: 0.99x
[1777.594s][info][gc,stats    ]   CWRF: <total>                     448 us
[1777.594s][info][gc,stats    ]   CWRF: Weak References             448 us, workers (us): 377,  71, ---, ---, 
[1777.594s][info][gc,stats    ] Concurrent Weak Roots              2903 us
[1777.594s][info][gc,stats    ]   Roots                            2770 us, parallelism: 1.92x
[1777.594s][info][gc,stats    ]     CWR: <total>                   5313 us
[1777.594s][info][gc,stats    ]     CWR: Code Cache Roots          3703 us, workers (us): 1828, 1875, ---, ---, 
[1777.594s][info][gc,stats    ]     CWR: VM Weak Roots             1550 us, workers (us): 793, 756, ---, ---, 
[1777.594s][info][gc,stats    ]     CWR: CLDG Roots                  60 us, workers (us):  60, ---, ---, ---, 
[1777.594s][info][gc,stats    ]   Rendezvous                         93 us
[1777.594s][info][gc,stats    ] Concurrent Cleanup                   40 us
[1777.594s][info][gc,stats    ] Concurrent Class Unloading         5242 us
[1777.594s][info][gc,stats    ]   Unlink Stale                     5071 us
[1777.594s][info][gc,stats    ]     System Dictionary                53 us
[1777.594s][info][gc,stats    ]     Weak Class Links                  0 us
[1777.594s][info][gc,stats    ]     Code Roots                     5017 us
[1777.594s][info][gc,stats    ]   Rendezvous                         81 us
[1777.594s][info][gc,stats    ]   Purge Unlinked                     42 us
[1777.594s][info][gc,stats    ]     Code Roots                       39 us
[1777.594s][info][gc,stats    ]     CLDG                              3 us
[1777.594s][info][gc,stats    ]     Exception Caches                  0 us
[1777.594s][info][gc,stats    ] Concurrent Strong Roots             379 us, parallelism: 0.66x
[1777.594s][info][gc,stats    ]   CSR: <total>                      249 us
[1777.594s][info][gc,stats    ]   CSR: VM Strong Roots               12 us, workers (us):  12,   0, ---, ---, 
[1777.594s][info][gc,stats    ]   CSR: CLDG Roots                   238 us, workers (us): 238, ---, ---, ---, 
[1777.594s][info][gc,stats    ] Concurrent Evacuation             54111 us
[1777.594s][info][gc,stats    ] Pause Init Update Refs (G)          117 us
[1777.594s][info][gc,stats    ] Pause Init Update Refs (N)           55 us
[1777.594s][info][gc,stats    ]   Manage GCLABs                       6 us
[1777.594s][info][gc,stats    ] Concurrent Update Refs           160413 us
[1777.594s][info][gc,stats    ] Concurrent Update Thread Roots     1469 us
[1777.594s][info][gc,stats    ] Pause Final Update Refs (G)         212 us
[1777.594s][info][gc,stats    ] Pause Final Update Refs (N)         139 us
[1777.594s][info][gc,stats    ]   Update Region States               53 us
[1777.594s][info][gc,stats    ]   Trash Collection Set               14 us
[1777.594s][info][gc,stats    ]   Rebuild Free Set                    8 us
[1777.594s][info][gc,stats    ] Concurrent Cleanup                   92 us
[1777.594s][info][gc,stats    ] 
[1777.594s][info][gc,stats    ] Allocation pacing accrued:
[1777.594s][info][gc,stats    ]       0 of  9695 ms (  0.0%): <total>
[1777.594s][info][gc,stats    ]       0 of  9695 ms (  0.0%): <average total>
[1777.594s][info][gc,stats    ] 
[1777.594s][info][gc,metaspace] Metaspace: 135554K(136896K)->135554K(136896K) NonClass: 114584K(115328K)->114584K(115328K) Class: 20970K(21568K)->20970K(21568K)
[1777.594s][info][gc,ergo     ] Pacer for Idle. Initial: 163M, Alloc Tax Rate: 1.0x
[1786.853s][info][gc          ] Trigger: Free (816M) is below minimum threshold (819M)
[1786.853s][info][gc,ergo     ] Free: 816M, Max: 4096K regular, 580M humongous, Frag: 28% external, 0% internal; Reserve: 412M, Max: 4096K
[1786.853s][info][gc,start    ] GC(190) Concurrent reset
