OpenJDK 64-Bit Server VM (25.345-b01) for windows-amd64 JRE (1.8.0_345-b01), built on Aug  3 2022 09:57:30 by "build" with MS VC++ 10.0 (VS2010)
Memory: 4k page, physical 16485540k(9346448k free), swap 28358524k(11552028k free)
CommandLine flags: -XX:ActiveProcessorCount=8 -XX:InitialHeapSize=8589934592 -XX:MaxHeapSize=8589934592 -XX:MaxNewSize=697933824 -XX:MaxTenuringThreshold=6 -XX:NewSize=697933824 -XX:OldPLABSize=16 -XX:OldSize=1395867648 -XX:+PrintGC -XX:+PrintGCDetails -XX:+PrintGCTimeStamps -XX:+UseCompressedClassPointers -XX:+UseCompressedOops -XX:+UseConcMarkSweepGC -XX:-UseLargePagesIndividualAllocation -XX:+UseParNewGC 
1.899: [GC (Allocation Failure) 1.901: [ParNew: 545344K->55993K(613440K), 0.0439220 secs] 545344K->55993K(8320512K), 0.0449974 secs] [Times: user=0.38 sys=0.00, real=0.05 secs] 
1.945: [GC (CMS Initial Mark) [1 CMS-initial-mark: 0K(7707072K)] 67227K(8320512K), 0.0048053 secs] [Times: user=0.02 sys=0.00, real=0.00 secs] 
1.950: [CMS-concurrent-mark-start]
1.953: [CMS-concurrent-mark: 0.003/0.003 secs] [Times: user=0.00 sys=0.00, real=0.00 secs] 
1.953: [CMS-concurrent-preclean-start]
1.960: [CMS-concurrent-preclean: 0.008/0.008 secs] [Times: user=0.00 sys=0.00, real=0.01 secs] 
1.960: [CMS-concurrent-abortable-preclean-start]
2.190: [GC (Allocation Failure) 2.190: [ParNew: 601337K->48982K(613440K), 0.1186578 secs] 601337K->92896K(8320512K), 0.1187231 secs] [Times: user=0.66 sys=0.05, real=0.12 secs] 
2.388: [CMS-concurrent-abortable-preclean: 0.304/0.428 secs] [Times: user=3.78 sys=0.16, real=0.43 secs] 
2.389: [GC (CMS Final Remark) [YG occupancy: 421434 K (613440 K)]2.389: [Rescan (parallel) , 0.0427612 secs]2.432: [weak refs processing, 0.0000412 secs]2.432: [class unloading, 0.0035869 secs]2.435: [scrub symbol table, 0.0031635 secs]2.438: [scrub string table, 0.0003373 secs][1 CMS-remark: 43913K(7707072K)] 465348K(8320512K), 0.0500119 secs] [Times: user=0.26 sys=0.00, real=0.05 secs] 
2.439: [CMS-concurrent-sweep-start]
2.459: [CMS-concurrent-sweep: 0.020/0.020 secs] [Times: user=0.13 sys=0.00, real=0.02 secs] 
2.459: [CMS-concurrent-reset-start]
2.484: [GC (Allocation Failure) 2.484: [ParNew: 594326K->47933K(613440K), 0.0212517 secs] 638240K->91846K(8320512K), 0.0213183 secs] [Times: user=0.13 sys=0.00, real=0.02 secs] 
2.568: [CMS-concurrent-reset: 0.088/0.109 secs] [Times: user=0.89 sys=0.09, real=0.11 secs] 
2.629: [GC (Allocation Failure) 2.629: [ParNew: 593277K->46848K(613440K), 0.0222223 secs] 637190K->90762K(8320512K), 0.0222894 secs] [Times: user=0.13 sys=0.00, real=0.02 secs] 
2.872: [GC (Allocation Failure) 2.872: [ParNew: 592192K->48932K(613440K), 0.0221515 secs] 636106K->92846K(8320512K), 0.0222156 secs] [Times: user=0.13 sys=0.00, real=0.02 secs] 
3.142: [GC (Allocation Failure) 3.142: [ParNew: 594276K->33049K(613440K), 0.0442490 secs] 638190K->106295K(8320512K), 0.0443538 secs] [Times: user=0.36 sys=0.00, real=0.04 secs] 
3.293: [GC (Allocation Failure) 3.293: [ParNew: 578393K->10128K(613440K), 0.0167751 secs] 651639K->83374K(8320512K), 0.0168784 secs] [Times: user=0.19 sys=0.01, real=0.02 secs] 
3.421: [GC (Allocation Failure) 3.421: [ParNew: 555472K->8571K(613440K), 0.0183233 secs] 628718K->81816K(8320512K), 0.0184715 secs] [Times: user=0.14 sys=0.00, real=0.02 secs] 
3.621: [GC (Allocation Failure) 3.621: [ParNew: 553915K->6733K(613440K), 0.0151453 secs] 627160K->82541K(8320512K), 0.0152009 secs] [Times: user=0.00 sys=0.00, real=0.02 secs] 
3.734: [GC (Allocation Failure) 3.734: [ParNew: 552077K->4363K(613440K), 0.0148122 secs] 627885K->80854K(8320512K), 0.0149162 secs] [Times: user=0.13 sys=0.00, real=0.02 secs] 
3.846: [GC (Allocation Failure) 3.846: [ParNew: 549707K->4129K(613440K), 0.0154200 secs] 626198K->81912K(8320512K), 0.0155146 secs] [Times: user=0.17 sys=0.00, real=0.02 secs] 
3.963: [GC (Allocation Failure) 3.963: [ParNew: 549473K->2982K(613440K), 0.0105785 secs] 627256K->81229K(8320512K), 0.0106539 secs] [Times: user=0.13 sys=0.00, real=0.01 secs] 
4.076: [GC (Allocation Failure) 4.076: [ParNew: 548326K->3195K(613440K), 0.0146154 secs] 626573K->81569K(8320512K), 0.0147564 secs] [Times: user=0.13 sys=0.00, real=0.01 secs] 
4.195: [GC (Allocation Failure) 4.195: [ParNew: 548539K->2433K(613440K), 0.0147792 secs] 626913K->81197K(8320512K), 0.0148710 secs] [Times: user=0.17 sys=0.00, real=0.02 secs] 
4.314: [GC (Allocation Failure) 4.314: [ParNew: 547777K->2035K(613440K), 0.0129492 secs] 626541K->81615K(8320512K), 0.0130252 secs] [Times: user=0.13 sys=0.00, real=0.01 secs] 
4.428: [GC (Allocation Failure) 4.428: [ParNew: 547379K->1779K(613440K), 0.0129838 secs] 626959K->81705K(8320512K), 0.0130766 secs] [Times: user=0.14 sys=0.00, real=0.01 secs] 
4.541: [GC (Allocation Failure) 4.541: [ParNew: 547123K->1862K(613440K), 0.0136093 secs] 627049K->82143K(8320512K), 0.0137230 secs] [Times: user=0.16 sys=0.00, real=0.01 secs] 
4.648: [GC (Allocation Failure) 4.648: [ParNew: 547206K->1693K(613440K), 0.0116481 secs] 627487K->82136K(8320512K), 0.0117589 secs] [Times: user=0.16 sys=0.00, real=0.01 secs] 
4.765: [GC (Allocation Failure) 4.765: [ParNew: 547037K->1971K(613440K), 0.0126758 secs] 627480K->82577K(8320512K), 0.0128088 secs] [Times: user=0.00 sys=0.00, real=0.01 secs] 
4.878: [GC (Allocation Failure) 4.878: [ParNew: 547315K->1763K(613440K), 0.0123054 secs] 627921K->82568K(8320512K), 0.0124230 secs] [Times: user=0.16 sys=0.00, real=0.01 secs] 
4.996: [GC (Allocation Failure) 4.996: [ParNew: 547107K->2779K(613440K), 0.0149514 secs] 627912K->83745K(8320512K), 0.0150982 secs] [Times: user=0.00 sys=0.00, real=0.02 secs] 
5.139: [GC (Allocation Failure) 5.139: [ParNew: 548123K->2774K(613440K), 0.0160782 secs] 629089K->83935K(8320512K), 0.0161829 secs] [Times: user=0.16 sys=0.00, real=0.02 secs] 
5.267: [GC (Allocation Failure) 5.267: [ParNew: 548118K->4088K(613440K), 0.0163372 secs] 629279K->85446K(8320512K), 0.0165015 secs] [Times: user=0.16 sys=0.00, real=0.02 secs] 
5.401: [GC (Allocation Failure) 5.401: [ParNew: 549432K->10272K(613440K), 0.0194078 secs] 630790K->91846K(8320512K), 0.0195470 secs] [Times: user=0.31 sys=0.00, real=0.02 secs] 
5.672: [GC (Allocation Failure) 5.672: [ParNew: 555616K->21460K(613440K), 0.0191263 secs] 637190K->103255K(8320512K), 0.0191922 secs] [Times: user=0.16 sys=0.00, real=0.02 secs] 
8.482: [GC (Allocation Failure) 8.482: [ParNew: 566804K->50405K(613440K), 0.0273662 secs] 648599K->132417K(8320512K), 0.0274389 secs] [Times: user=0.14 sys=0.00, real=0.03 secs] 
11.793: [GC (Allocation Failure) 11.793: [ParNew: 595749K->68096K(613440K), 0.0677235 secs] 677761K->194995K(8320512K), 0.0678168 secs] [Times: user=0.39 sys=0.05, real=0.07 secs] 
15.900: [GC (Allocation Failure) 15.900: [ParNew: 613440K->68096K(613440K), 0.0540371 secs] 740339K->255062K(8320512K), 0.0541095 secs] [Times: user=0.27 sys=0.05, real=0.05 secs] 
17.954: [GC (CMS Initial Mark) [1 CMS-initial-mark: 186966K(7707072K)] 500363K(8320512K), 0.0211666 secs] [Times: user=0.13 sys=0.00, real=0.02 secs] 
17.975: [CMS-concurrent-mark-start]
18.111: [CMS-concurrent-mark: 0.094/0.136 secs] [Times: user=0.39 sys=0.00, real=0.13 secs] 
18.111: [CMS-concurrent-preclean-start]
18.122: [CMS-concurrent-preclean: 0.011/0.011 secs] [Times: user=0.03 sys=0.00, real=0.01 secs] 
18.123: [CMS-concurrent-abortable-preclean-start]
20.070: [GC (Allocation Failure) 20.070: [ParNew: 613440K->60800K(613440K), 0.0477915 secs] 800406K->292948K(8320512K), 0.0478616 secs] [Times: user=0.31 sys=0.00, real=0.05 secs] 
22.226: [CMS-concurrent-abortable-preclean: 3.955/4.104 secs] [Times: user=11.72 sys=0.06, real=4.10 secs] 
22.227: [GC (CMS Final Remark) [YG occupancy: 336036 K (613440 K)]22.227: [Rescan (parallel) , 0.0232617 secs]22.250: [weak refs processing, 0.0000730 secs]22.250: [class unloading, 0.0104779 secs]22.260: [scrub symbol table, 0.0057243 secs]22.266: [scrub string table, 0.0004848 secs][1 CMS-remark: 232148K(7707072K)] 568184K(8320512K), 0.0402025 secs] [Times: user=0.26 sys=0.00, real=0.04 secs] 
22.267: [CMS-concurrent-sweep-start]
22.315: [CMS-concurrent-sweep: 0.045/0.048 secs] [Times: user=0.17 sys=0.00, real=0.05 secs] 
22.315: [CMS-concurrent-reset-start]
22.322: [CMS-concurrent-reset: 0.007/0.008 secs] [Times: user=0.00 sys=0.00, real=0.01 secs] 
24.278: [GC (Allocation Failure) 24.278: [ParNew: 606144K->47821K(613440K), 0.0366613 secs] 820802K->298844K(8320512K), 0.0367613 secs] [Times: user=0.19 sys=0.00, real=0.04 secs] 
27.640: [GC (Allocation Failure) 27.640: [ParNew: 593165K->68096K(613440K), 0.0280790 secs] 844188K->320940K(8320512K), 0.0281478 secs] [Times: user=0.13 sys=0.00, real=0.03 secs] 
31.146: [GC (Allocation Failure) 31.146: [ParNew: 613440K->68096K(613440K), 0.0418292 secs] 866284K->350994K(8320512K), 0.0419350 secs] [Times: user=0.38 sys=0.00, real=0.04 secs] 
34.759: [GC (Allocation Failure) 34.759: [ParNew: 613440K->68096K(613440K), 0.0366844 secs] 896338K->376889K(8320512K), 0.0367667 secs] [Times: user=0.30 sys=0.00, real=0.04 secs] 
38.179: [GC (Allocation Failure) 38.179: [ParNew: 613440K->68096K(613440K), 0.0335201 secs] 922233K->402324K(8320512K), 0.0335934 secs] [Times: user=0.11 sys=0.03, real=0.03 secs] 
41.686: [GC (Allocation Failure) 41.686: [ParNew: 613440K->68096K(613440K), 0.0380958 secs] 947668K->428453K(8320512K), 0.0381664 secs] [Times: user=0.25 sys=0.00, real=0.04 secs] 
44.929: [GC (Allocation Failure) 44.929: [ParNew: 613440K->68096K(613440K), 0.0357515 secs] 973797K->452224K(8320512K), 0.0358100 secs] [Times: user=0.19 sys=0.02, real=0.04 secs] 
48.524: [GC (Allocation Failure) 48.524: [ParNew: 613440K->68096K(613440K), 0.0327083 secs] 997568K->476936K(8320512K), 0.0327726 secs] [Times: user=0.14 sys=0.02, real=0.03 secs] 
52.351: [GC (Allocation Failure) 52.351: [ParNew: 613440K->68096K(613440K), 0.0417678 secs] 1022280K->502426K(8320512K), 0.0418288 secs] [Times: user=0.36 sys=0.01, real=0.04 secs] 
55.999: [GC (Allocation Failure) 55.999: [ParNew: 613440K->68096K(613440K), 0.0347883 secs] 1047770K->529064K(8320512K), 0.0348515 secs] [Times: user=0.25 sys=0.00, real=0.04 secs] 
59.669: [GC (Allocation Failure) 59.669: [ParNew: 613440K->68096K(613440K), 0.0363274 secs] 1074408K->558467K(8320512K), 0.0364013 secs] [Times: user=0.22 sys=0.01, real=0.04 secs] 
63.323: [GC (Allocation Failure) 63.323: [ParNew: 613440K->68096K(613440K), 0.0345820 secs] 1103811K->583693K(8320512K), 0.0346481 secs] [Times: user=0.38 sys=0.00, real=0.03 secs] 
67.220: [GC (Allocation Failure) 67.220: [ParNew: 613440K->68096K(613440K), 0.0346830 secs] 1129037K->610086K(8320512K), 0.0347514 secs] [Times: user=0.13 sys=0.03, real=0.04 secs] 
70.984: [GC (Allocation Failure) 70.984: [ParNew: 613440K->68096K(613440K), 0.0341212 secs] 1155430K->636695K(8320512K), 0.0341849 secs] [Times: user=0.25 sys=0.00, real=0.03 secs] 
74.820: [GC (Allocation Failure) 74.820: [ParNew: 613440K->68096K(613440K), 0.0426493 secs] 1182039K->664498K(8320512K), 0.0427131 secs] [Times: user=0.34 sys=0.02, real=0.04 secs] 
78.416: [GC (Allocation Failure) 78.416: [ParNew: 613440K->68096K(613440K), 0.0339389 secs] 1209842K->691464K(8320512K), 0.0340014 secs] [Times: user=0.23 sys=0.00, real=0.03 secs] 
81.671: [GC (Allocation Failure) 81.672: [ParNew: 613440K->68096K(613440K), 0.0355438 secs] 1236808K->717022K(8320512K), 0.0356066 secs] [Times: user=0.25 sys=0.00, real=0.03 secs] 
85.307: [GC (Allocation Failure) 85.307: [ParNew: 613440K->68096K(613440K), 0.0489202 secs] 1262366K->742252K(8320512K), 0.0489995 secs] [Times: user=0.34 sys=0.00, real=0.05 secs] 
89.033: [GC (Allocation Failure) 89.033: [ParNew: 613440K->68096K(613440K), 0.0323925 secs] 1287596K->765229K(8320512K), 0.0324525 secs] [Times: user=0.23 sys=0.00, real=0.03 secs] 
92.671: [GC (Allocation Failure) 92.671: [ParNew: 613440K->68096K(613440K), 0.0338375 secs] 1310573K->790138K(8320512K), 0.0338941 secs] [Times: user=0.23 sys=0.02, real=0.03 secs] 
96.433: [GC (Allocation Failure) 96.433: [ParNew: 613440K->64797K(613440K), 0.0350715 secs] 1335482K->811899K(8320512K), 0.0351320 secs] [Times: user=0.36 sys=0.02, real=0.04 secs] 
100.230: [GC (GCLocker Initiated GC) 100.230: [ParNew: 610141K->68096K(613440K), 0.0346148 secs] 1357243K->839801K(8320512K), 0.0346656 secs] [Times: user=0.36 sys=0.02, real=0.04 secs] 
104.252: [GC (GCLocker Initiated GC) 104.252: [ParNew: 613440K->68096K(613440K), 0.0354380 secs] 1385146K->866294K(8320512K), 0.0355003 secs] [Times: user=0.23 sys=0.00, real=0.04 secs] 
108.183: [GC (Allocation Failure) 108.183: [ParNew: 613440K->68096K(613440K), 0.0345538 secs] 1411638K->894575K(8320512K), 0.0346240 secs] [Times: user=0.25 sys=0.01, real=0.04 secs] 
111.651: [GC (Allocation Failure) 111.651: [ParNew: 613440K->68096K(613440K), 0.0331695 secs] 1439919K->920755K(8320512K), 0.0332376 secs] [Times: user=0.19 sys=0.02, real=0.03 secs] 
114.759: [GC (Allocation Failure) 114.759: [ParNew: 613440K->68096K(613440K), 0.0347516 secs] 1466099K->947310K(8320512K), 0.0348125 secs] [Times: user=0.19 sys=0.00, real=0.04 secs] 
118.489: [GC (Allocation Failure) 118.489: [ParNew: 613440K->68096K(613440K), 0.0406730 secs] 1492654K->972030K(8320512K), 0.0407550 secs] [Times: user=0.20 sys=0.02, real=0.04 secs] 
122.442: [GC (Allocation Failure) 122.442: [ParNew: 613440K->68096K(613440K), 0.0344074 secs] 1517374K->994939K(8320512K), 0.0344704 secs] [Times: user=0.25 sys=0.00, real=0.03 secs] 
126.271: [GC (Allocation Failure) 126.271: [ParNew: 613440K->68096K(613440K), 0.0358907 secs] 1540283K->1020732K(8320512K), 0.0359601 secs] [Times: user=0.25 sys=0.00, real=0.04 secs] 
130.162: [GC (Allocation Failure) 130.162: [ParNew: 613440K->68096K(613440K), 0.0365383 secs] 1566076K->1048329K(8320512K), 0.0365991 secs] [Times: user=0.23 sys=0.00, real=0.04 secs] 
134.315: [GC (Allocation Failure) 134.315: [ParNew: 613440K->68096K(613440K), 0.0416356 secs] 1593673K->1075299K(8320512K), 0.0416963 secs] [Times: user=0.25 sys=0.01, real=0.04 secs] 
138.207: [GC (Allocation Failure) 138.207: [ParNew: 613440K->68096K(613440K), 0.0354015 secs] 1620643K->1102131K(8320512K), 0.0354678 secs] [Times: user=0.20 sys=0.02, real=0.03 secs] 
141.507: [GC (Allocation Failure) 141.507: [ParNew: 613440K->68096K(613440K), 0.0417527 secs] 1647475K->1129476K(8320512K), 0.0418176 secs] [Times: user=0.33 sys=0.00, real=0.04 secs] 
145.076: [GC (Allocation Failure) 145.076: [ParNew: 613440K->68096K(613440K), 0.0373436 secs] 1674820K->1155560K(8320512K), 0.0373966 secs] [Times: user=0.24 sys=0.02, real=0.04 secs] 
148.579: [GC (Allocation Failure) 148.579: [ParNew: 613440K->68096K(613440K), 0.0321740 secs] 1700904K->1179674K(8320512K), 0.0322315 secs] [Times: user=0.25 sys=0.00, real=0.03 secs] 
152.302: [GC (Allocation Failure) 152.302: [ParNew: 613440K->68096K(613440K), 0.0351633 secs] 1725018K->1206051K(8320512K), 0.0352463 secs] [Times: user=0.22 sys=0.01, real=0.04 secs] 
155.739: [GC (Allocation Failure) 155.739: [ParNew: 613440K->68096K(613440K), 0.0411668 secs] 1751395K->1230523K(8320512K), 0.0412354 secs] [Times: user=0.30 sys=0.01, real=0.04 secs] 
159.339: [GC (Allocation Failure) 159.339: [ParNew: 613440K->68096K(613440K), 0.0370717 secs] 1775867K->1255854K(8320512K), 0.0371236 secs] [Times: user=0.31 sys=0.00, real=0.04 secs] 
162.877: [GC (Allocation Failure) 162.877: [ParNew: 613440K->68096K(613440K), 0.0356528 secs] 1801198K->1281496K(8320512K), 0.0357140 secs] [Times: user=0.23 sys=0.02, real=0.04 secs] 
166.324: [GC (Allocation Failure) 166.324: [ParNew: 613440K->68096K(613440K), 0.0343346 secs] 1826840K->1308455K(8320512K), 0.0343933 secs] [Times: user=0.33 sys=0.00, real=0.03 secs] 
170.720: [GC (Allocation Failure) 170.720: [ParNew: 613440K->68096K(613440K), 0.0419815 secs] 1853799K->1334262K(8320512K), 0.0420493 secs] [Times: user=0.22 sys=0.00, real=0.04 secs] 
175.543: [GC (Allocation Failure) 175.543: [ParNew: 613440K->68096K(613440K), 0.0341178 secs] 1879606K->1359312K(8320512K), 0.0341779 secs] [Times: user=0.25 sys=0.00, real=0.03 secs] 
180.567: [GC (Allocation Failure) 180.567: [ParNew: 613440K->68096K(613440K), 0.0360844 secs] 1904656K->1388359K(8320512K), 0.0361457 secs] [Times: user=0.19 sys=0.02, real=0.04 secs] 
185.715: [GC (Allocation Failure) 185.715: [ParNew: 613440K->68096K(613440K), 0.0358039 secs] 1933703K->1415770K(8320512K), 0.0358698 secs] [Times: user=0.23 sys=0.02, real=0.04 secs] 
190.791: [GC (Allocation Failure) 190.791: [ParNew: 613440K->68096K(613440K), 0.0419759 secs] 1961114K->1443846K(8320512K), 0.0420372 secs] [Times: user=0.36 sys=0.01, real=0.04 secs] 
195.947: [GC (Allocation Failure) 195.947: [ParNew: 613440K->68096K(613440K), 0.0436204 secs] 1989190K->1470856K(8320512K), 0.0436870 secs] [Times: user=0.36 sys=0.00, real=0.04 secs] 
200.979: [GC (Allocation Failure) 200.979: [ParNew: 613440K->68096K(613440K), 0.0381017 secs] 2016200K->1502569K(8320512K), 0.0381733 secs] [Times: user=0.36 sys=0.00, real=0.04 secs] 
206.087: [GC (Allocation Failure) 206.087: [ParNew: 613440K->68096K(613440K), 0.0363502 secs] 2047913K->1537040K(8320512K), 0.0364169 secs] [Times: user=0.17 sys=0.03, real=0.04 secs] 
211.135: [GC (Allocation Failure) 211.136: [ParNew: 613440K->68096K(613440K), 0.0391583 secs] 2082384K->1563469K(8320512K), 0.0392286 secs] [Times: user=0.36 sys=0.02, real=0.04 secs] 
216.239: [GC (Allocation Failure) 216.239: [ParNew: 613440K->68096K(613440K), 0.0359301 secs] 2108813K->1592310K(8320512K), 0.0360362 secs] [Times: user=0.17 sys=0.00, real=0.04 secs] 
221.303: [GC (Allocation Failure) 221.303: [ParNew: 613440K->68096K(613440K), 0.0355525 secs] 2137654K->1621397K(8320512K), 0.0356178 secs] [Times: user=0.17 sys=0.02, real=0.04 secs] 
226.452: [GC (Allocation Failure) 226.452: [ParNew: 613440K->68096K(613440K), 0.0378257 secs] 2166741K->1651635K(8320512K), 0.0379086 secs] [Times: user=0.23 sys=0.02, real=0.04 secs] 
231.503: [GC (Allocation Failure) 231.503: [ParNew: 613440K->68096K(613440K), 0.0444087 secs] 2196979K->1682078K(8320512K), 0.0444762 secs] [Times: user=0.34 sys=0.02, real=0.04 secs] 
236.574: [GC (Allocation Failure) 236.574: [ParNew: 613440K->68096K(613440K), 0.0387434 secs] 2227422K->1710574K(8320512K), 0.0387960 secs] [Times: user=0.19 sys=0.02, real=0.04 secs] 
241.694: [GC (Allocation Failure) 241.694: [ParNew: 613440K->68096K(613440K), 0.0377164 secs] 2255918K->1740824K(8320512K), 0.0377925 secs] [Times: user=0.19 sys=0.02, real=0.04 secs] 
246.775: [GC (Allocation Failure) 246.775: [ParNew: 613440K->68096K(613440K), 0.0367446 secs] 2286168K->1770709K(8320512K), 0.0368129 secs] [Times: user=0.34 sys=0.03, real=0.04 secs] 
251.821: [GC (Allocation Failure) 251.821: [ParNew: 613440K->68096K(613440K), 0.0370545 secs] 2316053K->1800585K(8320512K), 0.0371152 secs] [Times: user=0.36 sys=0.00, real=0.04 secs] 
256.907: [GC (Allocation Failure) 256.907: [ParNew: 613440K->68096K(613440K), 0.0382410 secs] 2345929K->1830558K(8320512K), 0.0383058 secs] [Times: user=0.19 sys=0.01, real=0.04 secs] 
261.883: [GC (Allocation Failure) 261.883: [ParNew: 613440K->68096K(613440K), 0.0375634 secs] 2375902K->1862309K(8320512K), 0.0376334 secs] [Times: user=0.33 sys=0.00, real=0.04 secs] 
266.978: [GC (Allocation Failure) 266.979: [ParNew: 613440K->68096K(613440K), 0.0373258 secs] 2407653K->1894508K(8320512K), 0.0373910 secs] [Times: user=0.38 sys=0.00, real=0.04 secs] 
271.945: [GC (Allocation Failure) 271.945: [ParNew: 613440K->68096K(613440K), 0.0383096 secs] 2439852K->1922078K(8320512K), 0.0383785 secs] [Times: user=0.31 sys=0.03, real=0.04 secs] 
276.912: [GC (Allocation Failure) 276.912: [ParNew: 613440K->68096K(613440K), 0.0357033 secs] 2467422K->1950201K(8320512K), 0.0357681 secs] [Times: user=0.19 sys=0.00, real=0.04 secs] 
281.899: [GC (Allocation Failure) 281.899: [ParNew: 613440K->68096K(613440K), 0.0393157 secs] 2495545K->1982173K(8320512K), 0.0393792 secs] [Times: user=0.25 sys=0.05, real=0.04 secs] 
287.031: [GC (Allocation Failure) 287.031: [ParNew: 613440K->68096K(613440K), 0.0361194 secs] 2527517K->2013293K(8320512K), 0.0361892 secs] [Times: user=0.23 sys=0.00, real=0.04 secs] 
292.075: [GC (Allocation Failure) 292.075: [ParNew: 613440K->68096K(613440K), 0.0365027 secs] 2558637K->2042560K(8320512K), 0.0365662 secs] [Times: user=0.23 sys=0.02, real=0.04 secs] 
297.163: [GC (Allocation Failure) 297.163: [ParNew: 613440K->68096K(613440K), 0.0357880 secs] 2587904K->2069622K(8320512K), 0.0358492 secs] [Times: user=0.22 sys=0.00, real=0.04 secs] 
302.378: [GC (Allocation Failure) 302.378: [ParNew: 613440K->68096K(613440K), 0.0428563 secs] 2614966K->2098966K(8320512K), 0.0429396 secs] [Times: user=0.25 sys=0.02, real=0.04 secs] 
307.415: [GC (Allocation Failure) 307.415: [ParNew: 613440K->68096K(613440K), 0.0368688 secs] 2644310K->2130597K(8320512K), 0.0369312 secs] [Times: user=0.31 sys=0.03, real=0.04 secs] 
311.667: [GC (Allocation Failure) 311.667: [ParNew: 613440K->68096K(613440K), 0.0426339 secs] 2675941K->2161039K(8320512K), 0.0427173 secs] [Times: user=0.38 sys=0.00, real=0.04 secs] 
315.747: [GC (Allocation Failure) 315.747: [ParNew: 613440K->68096K(613440K), 0.0344454 secs] 2706383K->2188173K(8320512K), 0.0345097 secs] [Times: user=0.25 sys=0.00, real=0.04 secs] 
320.831: [GC (Allocation Failure) 320.831: [ParNew: 613440K->68096K(613440K), 0.0346788 secs] 2733517K->2215359K(8320512K), 0.0347440 secs] [Times: user=0.17 sys=0.02, real=0.04 secs] 
325.803: [GC (Allocation Failure) 325.803: [ParNew: 613440K->68096K(613440K), 0.0338909 secs] 2760703K->2241110K(8320512K), 0.0339576 secs] [Times: user=0.13 sys=0.02, real=0.03 secs] 
330.935: [GC (Allocation Failure) 330.935: [ParNew: 613440K->68096K(613440K), 0.0369191 secs] 2786454K->2270586K(8320512K), 0.0369775 secs] [Times: user=0.25 sys=0.00, real=0.04 secs] 
335.911: [GC (Allocation Failure) 335.911: [ParNew: 613440K->68096K(613440K), 0.0378060 secs] 2815930K->2300676K(8320512K), 0.0378780 secs] [Times: user=0.16 sys=0.02, real=0.04 secs] 
340.815: [GC (Allocation Failure) 340.815: [ParNew: 613440K->68096K(613440K), 0.0353753 secs] 2846020K->2329930K(8320512K), 0.0354404 secs] [Times: user=0.17 sys=0.02, real=0.04 secs] 
345.822: [GC (Allocation Failure) 345.823: [ParNew: 613440K->68096K(613440K), 0.0380909 secs] 2875274K->2359828K(8320512K), 0.0381598 secs] [Times: user=0.36 sys=0.00, real=0.04 secs] 
350.783: [GC (Allocation Failure) 350.783: [ParNew: 613440K->68096K(613440K), 0.0379971 secs] 2905172K->2393200K(8320512K), 0.0380586 secs] [Times: user=0.16 sys=0.02, real=0.04 secs] 
355.775: [GC (Allocation Failure) 355.775: [ParNew: 613440K->65860K(613440K), 0.0508202 secs] 2938544K->2453015K(8320512K), 0.0508828 secs] [Times: user=0.31 sys=0.00, real=0.05 secs] 
360.782: [GC (Allocation Failure) 360.782: [ParNew: 611204K->68096K(613440K), 0.0255826 secs] 2998359K->2458463K(8320512K), 0.0256422 secs] [Times: user=0.13 sys=0.00, real=0.03 secs] 
365.751: [GC (GCLocker Initiated GC) 365.751: [ParNew: 613440K->68096K(613440K), 0.0362890 secs] 3003807K->2489060K(8320512K), 0.0363488 secs] [Times: user=0.19 sys=0.03, real=0.04 secs] 
370.627: [GC (Allocation Failure) 370.627: [ParNew: 613440K->68096K(613440K), 0.0352313 secs] 3034404K->2519711K(8320512K), 0.0352926 secs] [Times: user=0.19 sys=0.01, real=0.04 secs] 
375.887: [GC (Allocation Failure) 375.887: [ParNew: 613440K->68096K(613440K), 0.0485328 secs] 3065055K->2549905K(8320512K), 0.0486104 secs] [Times: user=0.36 sys=0.02, real=0.05 secs] 
381.027: [GC (Allocation Failure) 381.027: [ParNew: 613440K->63504K(613440K), 0.0514455 secs] 3095249K->2604689K(8320512K), 0.0515198 secs] [Times: user=0.34 sys=0.00, real=0.05 secs] 
386.095: [GC (Allocation Failure) 386.095: [ParNew: 608848K->68096K(613440K), 0.0258306 secs] 3150033K->2611693K(8320512K), 0.0258997 secs] [Times: user=0.13 sys=0.00, real=0.03 secs] 
391.079: [GC (Allocation Failure) 391.079: [ParNew: 613440K->68096K(613440K), 0.0359109 secs] 3157037K->2643589K(8320512K), 0.0359702 secs] [Times: user=0.22 sys=0.00, real=0.04 secs] 
396.155: [GC (Allocation Failure) 396.155: [ParNew: 613440K->68096K(613440K), 0.0358697 secs] 3188933K->2671902K(8320512K), 0.0359276 secs] [Times: user=0.25 sys=0.00, real=0.04 secs] 
400.977: [GC (Allocation Failure) 400.977: [ParNew: 613440K->68096K(613440K), 0.0351405 secs] 3217246K->2701396K(8320512K), 0.0351975 secs] [Times: user=0.19 sys=0.02, real=0.04 secs] 
405.821: [GC (Allocation Failure) 405.821: [ParNew: 613440K->68096K(613440K), 0.0453704 secs] 3246740K->2733373K(8320512K), 0.0454261 secs] [Times: user=0.31 sys=0.01, real=0.05 secs] 
410.729: [GC (Allocation Failure) 410.729: [ParNew: 613440K->68096K(613440K), 0.0344469 secs] 3278717K->2760478K(8320512K), 0.0345166 secs] [Times: user=0.22 sys=0.02, real=0.04 secs] 
415.888: [GC (Allocation Failure) 415.888: [ParNew: 613440K->68096K(613440K), 0.0364972 secs] 3305822K->2788700K(8320512K), 0.0365668 secs] [Times: user=0.20 sys=0.01, real=0.04 secs] 
421.158: [GC (Allocation Failure) 421.158: [ParNew: 613440K->68096K(613440K), 0.0369436 secs] 3334044K->2818026K(8320512K), 0.0370029 secs] [Times: user=0.17 sys=0.01, real=0.04 secs] 
426.020: [GC (Allocation Failure) 426.020: [ParNew: 613440K->68096K(613440K), 0.0360654 secs] 3363370K->2847185K(8320512K), 0.0361333 secs] [Times: user=0.19 sys=0.02, real=0.04 secs] 
431.000: [GC (Allocation Failure) 431.001: [ParNew: 613440K->68096K(613440K), 0.0354640 secs] 3392529K->2876676K(8320512K), 0.0355333 secs] [Times: user=0.23 sys=0.01, real=0.03 secs] 
436.042: [GC (Allocation Failure) 436.042: [ParNew: 613440K->68096K(613440K), 0.0413302 secs] 3422020K->2903931K(8320512K), 0.0413949 secs] [Times: user=0.36 sys=0.02, real=0.04 secs] 
441.043: [GC (Allocation Failure) 441.043: [ParNew: 613440K->68096K(613440K), 0.0367285 secs] 3449275K->2936409K(8320512K), 0.0367969 secs] [Times: user=0.30 sys=0.00, real=0.04 secs] 
446.443: [GC (Allocation Failure) 446.443: [ParNew: 613440K->68096K(613440K), 0.0396819 secs] 3481753K->2968728K(8320512K), 0.0397498 secs] [Times: user=0.19 sys=0.02, real=0.04 secs] 
451.292: [GC (Allocation Failure) 451.292: [ParNew: 613440K->68096K(613440K), 0.0612300 secs] 3514072K->2997786K(8320512K), 0.0613579 secs] [Times: user=0.41 sys=0.02, real=0.06 secs] 
456.525: [GC (Allocation Failure) 456.525: [ParNew: 613440K->68096K(613440K), 0.0490511 secs] 3543130K->3025638K(8320512K), 0.0491287 secs] [Times: user=0.34 sys=0.02, real=0.05 secs] 
461.859: [GC (Allocation Failure) 461.859: [ParNew: 613440K->60740K(613440K), 0.0597670 secs] 3570982K->3074990K(8320512K), 0.0598246 secs] [Times: user=0.27 sys=0.05, real=0.06 secs] 
467.267: [GC (Allocation Failure) 467.268: [ParNew: 606084K->68096K(613440K), 0.0279745 secs] 3620334K->3086038K(8320512K), 0.0280392 secs] [Times: user=0.25 sys=0.00, real=0.03 secs] 
472.597: [GC (Allocation Failure) 472.597: [ParNew: 613440K->68096K(613440K), 0.0414409 secs] 3631382K->3115227K(8320512K), 0.0415120 secs] [Times: user=0.23 sys=0.00, real=0.04 secs] 
477.628: [GC (Allocation Failure) 477.628: [ParNew: 613440K->68096K(613440K), 0.0388711 secs] 3660571K->3145499K(8320512K), 0.0389376 secs] [Times: user=0.23 sys=0.00, real=0.04 secs] 
482.920: [GC (Allocation Failure) 482.920: [ParNew: 613440K->68096K(613440K), 0.0373194 secs] 3690843K->3177020K(8320512K), 0.0373813 secs] [Times: user=0.23 sys=0.00, real=0.04 secs] 
487.962: [GC (Allocation Failure) 487.962: [ParNew: 613440K->68096K(613440K), 0.0352120 secs] 3722364K->3202861K(8320512K), 0.0353000 secs] [Times: user=0.19 sys=0.03, real=0.04 secs] 
492.991: [GC (Allocation Failure) 492.991: [ParNew: 613440K->68096K(613440K), 0.0380515 secs] 3748205K->3234728K(8320512K), 0.0381261 secs] [Times: user=0.20 sys=0.02, real=0.04 secs] 
498.259: [GC (Allocation Failure) 498.259: [ParNew: 613440K->68096K(613440K), 0.0436548 secs] 3780072K->3265716K(8320512K), 0.0437117 secs] [Times: user=0.31 sys=0.01, real=0.04 secs] 
503.337: [GC (Allocation Failure) 503.337: [ParNew: 613440K->68096K(613440K), 0.0383031 secs] 3811060K->3293777K(8320512K), 0.0383542 secs] [Times: user=0.38 sys=0.00, real=0.04 secs] 
508.367: [GC (Allocation Failure) 508.367: [ParNew: 613440K->68096K(613440K), 0.0366309 secs] 3839121K->3325480K(8320512K), 0.0366996 secs] [Times: user=0.22 sys=0.03, real=0.04 secs] 
513.339: [GC (Allocation Failure) 513.339: [ParNew: 613440K->63295K(613440K), 0.0469443 secs] 3870824K->3380714K(8320512K), 0.0470036 secs] [Times: user=0.19 sys=0.02, real=0.05 secs] 
518.530: [GC (Allocation Failure) 518.530: [ParNew: 608639K->68096K(613440K), 0.0369047 secs] 3926058K->3388709K(8320512K), 0.0370581 secs] [Times: user=0.27 sys=0.00, real=0.04 secs] 
523.575: [GC (Allocation Failure) 523.575: [ParNew: 613440K->68096K(613440K), 0.0389887 secs] 3934053K->3421487K(8320512K), 0.0390715 secs] [Times: user=0.25 sys=0.00, real=0.04 secs] 
528.647: [GC (Allocation Failure) 528.648: [ParNew: 613440K->68096K(613440K), 0.0359391 secs] 3966831K->3452132K(8320512K), 0.0360008 secs] [Times: user=0.19 sys=0.02, real=0.04 secs] 
533.811: [GC (Allocation Failure) 533.811: [ParNew: 613440K->68096K(613440K), 0.0348542 secs] 3997476K->3480453K(8320512K), 0.0349082 secs] [Times: user=0.22 sys=0.01, real=0.03 secs] 
538.028: [GC (Allocation Failure) 538.028: [ParNew: 613440K->68096K(613440K), 0.0478234 secs] 4025797K->3514468K(8320512K), 0.0479259 secs] [Times: user=0.25 sys=0.02, real=0.05 secs] 
543.235: [GC (Allocation Failure) 543.235: [ParNew: 613440K->65856K(613440K), 0.0686997 secs] 4059812K->3577045K(8320512K), 0.0687676 secs] [Times: user=0.30 sys=0.02, real=0.07 secs] 
547.971: [GC (GCLocker Initiated GC) 547.971: [ParNew: 611200K->47735K(613440K), 0.0326391 secs] 4122389K->3593325K(8320512K), 0.0326990 secs] [Times: user=0.14 sys=0.01, real=0.03 secs] 
553.091: [GC (Allocation Failure) 553.091: [ParNew: 593079K->68096K(613440K), 0.0292557 secs] 4138669K->3616969K(8320512K), 0.0293150 secs] [Times: user=0.13 sys=0.00, real=0.03 secs] 
558.163: [GC (Allocation Failure) 558.163: [ParNew: 613440K->68096K(613440K), 0.0439568 secs] 4162313K->3646994K(8320512K), 0.0440368 secs] [Times: user=0.34 sys=0.00, real=0.04 secs] 
563.366: [GC (Allocation Failure) 563.366: [ParNew: 613440K->68096K(613440K), 0.0378850 secs] 4192338K->3680009K(8320512K), 0.0379478 secs] [Times: user=0.19 sys=0.02, real=0.04 secs] 
568.247: [GC (Allocation Failure) 568.247: [ParNew: 613440K->68096K(613440K), 0.0350203 secs] 4225353K->3708279K(8320512K), 0.0350825 secs] [Times: user=0.22 sys=0.01, real=0.04 secs] 
573.341: [GC (Allocation Failure) 573.341: [ParNew: 613440K->68096K(613440K), 0.0351357 secs] 4253623K->3738883K(8320512K), 0.0352009 secs] [Times: user=0.23 sys=0.00, real=0.04 secs] 
578.427: [GC (Allocation Failure) 578.427: [ParNew: 613440K->68096K(613440K), 0.0545872 secs] 4284227K->3766994K(8320512K), 0.0546755 secs] [Times: user=0.31 sys=0.03, real=0.05 secs] 
583.679: [GC (Allocation Failure) 583.679: [ParNew: 613440K->68096K(613440K), 0.0344939 secs] 4312338K->3795507K(8320512K), 0.0345561 secs] [Times: user=0.19 sys=0.01, real=0.03 secs] 
588.585: [GC (Allocation Failure) 588.585: [ParNew: 613440K->68096K(613440K), 0.0368816 secs] 4340851K->3824501K(8320512K), 0.0369434 secs] [Times: user=0.19 sys=0.02, real=0.04 secs] 
593.560: [GC (Allocation Failure) 593.560: [ParNew: 613440K->68096K(613440K), 0.0403613 secs] 4369845K->3854457K(8320512K), 0.0404687 secs] [Times: user=0.22 sys=0.03, real=0.04 secs] 
598.427: [GC (Allocation Failure) 598.427: [ParNew: 613440K->68096K(613440K), 0.0351633 secs] 4399801K->3881936K(8320512K), 0.0352370 secs] [Times: user=0.22 sys=0.00, real=0.04 secs] 
603.441: [GC (Allocation Failure) 603.441: [ParNew: 613440K->68096K(613440K), 0.0422524 secs] 4427280K->3912194K(8320512K), 0.0423080 secs] [Times: user=0.38 sys=0.00, real=0.04 secs] 
608.560: [GC (Allocation Failure) 608.560: [ParNew: 613440K->68096K(613440K), 0.0357810 secs] 4457538K->3943581K(8320512K), 0.0358408 secs] [Times: user=0.22 sys=0.00, real=0.04 secs] 
613.611: [GC (Allocation Failure) 613.611: [ParNew: 613440K->68096K(613440K), 0.0403452 secs] 4488925K->3974142K(8320512K), 0.0404391 secs] [Times: user=0.23 sys=0.02, real=0.04 secs] 
618.619: [GC (Allocation Failure) 618.619: [ParNew: 613440K->68096K(613440K), 0.0354757 secs] 4519486K->4002165K(8320512K), 0.0355406 secs] [Times: user=0.38 sys=0.00, real=0.04 secs] 
623.661: [GC (Allocation Failure) 623.661: [ParNew: 613440K->68096K(613440K), 0.0382153 secs] 4547509K->4031489K(8320512K), 0.0382862 secs] [Times: user=0.19 sys=0.00, real=0.04 secs] 
628.630: [GC (Allocation Failure) 628.630: [ParNew: 613440K->64667K(613440K), 0.0477352 secs] 4576833K->4089537K(8320512K), 0.0477980 secs] [Times: user=0.14 sys=0.00, real=0.05 secs] 
633.784: [GC (Allocation Failure) 633.784: [ParNew: 610011K->68096K(613440K), 0.0277606 secs] 4634881K->4096750K(8320512K), 0.0278341 secs] [Times: user=0.19 sys=0.01, real=0.03 secs] 
638.691: [GC (Allocation Failure) 638.691: [ParNew: 613440K->68096K(613440K), 0.0408806 secs] 4642094K->4129511K(8320512K), 0.0409461 secs] [Times: user=0.20 sys=0.03, real=0.04 secs] 
643.747: [GC (Allocation Failure) 643.747: [ParNew: 613440K->68096K(613440K), 0.0398500 secs] 4674855K->4159335K(8320512K), 0.0399286 secs] [Times: user=0.22 sys=0.02, real=0.04 secs] 
648.412: [GC (Allocation Failure) 648.412: [ParNew: 613440K->63631K(613440K), 0.0504740 secs] 4704679K->4216622K(8320512K), 0.0505453 secs] [Times: user=0.09 sys=0.05, real=0.05 secs] 
653.431: [GC (Allocation Failure) 653.431: [ParNew: 608975K->68096K(613440K), 0.0251991 secs] 4761966K->4222826K(8320512K), 0.0252606 secs] [Times: user=0.25 sys=0.00, real=0.03 secs] 
657.825: [GC (Allocation Failure) 657.825: [ParNew: 613440K->54229K(613440K), 0.0667796 secs] 4768170K->4269366K(8320512K), 0.0668523 secs] [Times: user=0.30 sys=0.03, real=0.07 secs] 
663.426: [GC (Allocation Failure) 663.426: [ParNew: 599573K->68096K(613440K), 0.0260331 secs] 4814710K->4284942K(8320512K), 0.0261102 secs] [Times: user=0.25 sys=0.00, real=0.03 secs] 
667.860: [GC (Allocation Failure) 667.860: [ParNew: 613440K->68096K(613440K), 0.0327874 secs] 4830286K->4311972K(8320512K), 0.0328524 secs] [Times: user=0.22 sys=0.01, real=0.03 secs] 
673.051: [GC (Allocation Failure) 673.051: [ParNew: 613440K->68096K(613440K), 0.0368092 secs] 4857316K->4341740K(8320512K), 0.0368730 secs] [Times: user=0.19 sys=0.00, real=0.04 secs] 
677.408: [GC (Allocation Failure) 677.408: [ParNew: 613440K->60817K(613440K), 0.0487415 secs] 4887084K->4392718K(8320512K), 0.0488171 secs] [Times: user=0.20 sys=0.03, real=0.05 secs] 
682.422: [GC (Allocation Failure) 682.422: [ParNew: 606161K->68096K(613440K), 0.0299073 secs] 4938062K->4402385K(8320512K), 0.0299693 secs] [Times: user=0.23 sys=0.00, real=0.03 secs] 
687.508: [GC (Allocation Failure) 687.508: [ParNew: 613440K->68096K(613440K), 0.0570594 secs] 4947729K->4432289K(8320512K), 0.0572113 secs] [Times: user=0.50 sys=0.00, real=0.06 secs] 
691.983: [GC (Allocation Failure) 691.983: [ParNew: 613440K->68096K(613440K), 0.0376307 secs] 4977633K->4460630K(8320512K), 0.0377044 secs] [Times: user=0.19 sys=0.03, real=0.04 secs] 
696.985: [GC (Allocation Failure) 696.985: [ParNew: 613440K->68096K(613440K), 0.0374336 secs] 5005974K->4490049K(8320512K), 0.0374953 secs] [Times: user=0.17 sys=0.02, real=0.04 secs] 
701.607: [GC (Allocation Failure) 701.607: [ParNew: 613440K->68096K(613440K), 0.0322256 secs] 5035393K->4514241K(8320512K), 0.0322899 secs] [Times: user=0.25 sys=0.00, real=0.03 secs] 
706.404: [GC (Allocation Failure) 706.404: [ParNew: 613440K->68096K(613440K), 0.0390276 secs] 5059585K->4544913K(8320512K), 0.0391198 secs] [Times: user=0.17 sys=0.02, real=0.04 secs] 
710.860: [GC (Allocation Failure) 710.860: [ParNew: 613440K->68096K(613440K), 0.0352198 secs] 5090257K->4569351K(8320512K), 0.0352787 secs] [Times: user=0.20 sys=0.03, real=0.04 secs] 
715.705: [GC (Allocation Failure) 715.705: [ParNew: 613440K->68096K(613440K), 0.0346107 secs] 5114695K->4599758K(8320512K), 0.0346709 secs] [Times: user=0.13 sys=0.02, real=0.04 secs] 
720.695: [GC (Allocation Failure) 720.695: [ParNew: 613440K->68096K(613440K), 0.0417685 secs] 5145102K->4629877K(8320512K), 0.0418456 secs] [Times: user=0.28 sys=0.00, real=0.04 secs] 
725.141: [GC (Allocation Failure) 725.141: [ParNew: 613440K->68096K(613440K), 0.0331400 secs] 5175221K->4656220K(8320512K), 0.0332029 secs] [Times: user=0.22 sys=0.03, real=0.03 secs] 
730.087: [GC (Allocation Failure) 730.087: [ParNew: 613440K->68096K(613440K), 0.0399827 secs] 5201564K->4687403K(8320512K), 0.0400510 secs] [Times: user=0.36 sys=0.02, real=0.04 secs] 
734.600: [GC (Allocation Failure) 734.600: [ParNew: 613440K->68096K(613440K), 0.0324290 secs] 5232747K->4714917K(8320512K), 0.0324963 secs] [Times: user=0.19 sys=0.02, real=0.03 secs] 
739.498: [GC (Allocation Failure) 739.498: [ParNew: 613440K->68096K(613440K), 0.0339210 secs] 5260261K->4744237K(8320512K), 0.0340027 secs] [Times: user=0.25 sys=0.00, real=0.03 secs] 
744.253: [GC (Allocation Failure) 744.253: [ParNew: 613440K->68096K(613440K), 0.0405543 secs] 5289581K->4769009K(8320512K), 0.0406231 secs] [Times: user=0.17 sys=0.03, real=0.04 secs] 
749.179: [GC (Allocation Failure) 749.179: [ParNew: 613440K->68096K(613440K), 0.0355682 secs] 5314353K->4797033K(8320512K), 0.0356247 secs] [Times: user=0.20 sys=0.01, real=0.04 secs] 
754.481: [GC (Allocation Failure) 754.481: [ParNew: 613440K->68096K(613440K), 0.0580224 secs] 5342377K->4826177K(8320512K), 0.0581828 secs] [Times: user=0.31 sys=0.03, real=0.06 secs] 
759.475: [GC (Allocation Failure) 759.475: [ParNew: 613440K->68096K(613440K), 0.0336999 secs] 5371521K->4856011K(8320512K), 0.0337619 secs] [Times: user=0.19 sys=0.00, real=0.03 secs] 
764.714: [GC (Allocation Failure) 764.714: [ParNew: 613440K->68096K(613440K), 0.0339642 secs] 5401355K->4885446K(8320512K), 0.0340226 secs] [Times: user=0.27 sys=0.00, real=0.03 secs] 
769.641: [GC (Allocation Failure) 769.641: [ParNew: 613440K->68096K(613440K), 0.0334811 secs] 5430790K->4913028K(8320512K), 0.0335413 secs] [Times: user=0.25 sys=0.00, real=0.03 secs] 
774.763: [GC (Allocation Failure) 774.763: [ParNew: 613440K->68096K(613440K), 0.0343856 secs] 5458372K->4940318K(8320512K), 0.0344497 secs] [Times: user=0.17 sys=0.02, real=0.03 secs] 
780.039: [GC (Allocation Failure) 780.039: [ParNew: 613440K->68096K(613440K), 0.0341040 secs] 5485662K->4968782K(8320512K), 0.0341628 secs] [Times: user=0.16 sys=0.03, real=0.03 secs] 
785.173: [GC (Allocation Failure) 785.173: [ParNew: 613440K->68096K(613440K), 0.0351366 secs] 5514126K->4997268K(8320512K), 0.0352183 secs] [Times: user=0.14 sys=0.03, real=0.04 secs] 
790.531: [GC (Allocation Failure) 790.531: [ParNew: 613440K->68096K(613440K), 0.0386102 secs] 5542612K->5026203K(8320512K), 0.0386793 secs] [Times: user=0.19 sys=0.00, real=0.04 secs] 
795.871: [GC (Allocation Failure) 795.871: [ParNew: 613440K->68096K(613440K), 0.0467630 secs] 5571547K->5054406K(8320512K), 0.0468420 secs] [Times: user=0.36 sys=0.02, real=0.05 secs] 
801.092: [GC (Allocation Failure) 801.092: [ParNew: 613440K->68096K(613440K), 0.0349920 secs] 5599750K->5083572K(8320512K), 0.0350493 secs] [Times: user=0.22 sys=0.02, real=0.04 secs] 
806.479: [GC (Allocation Failure) 806.479: [ParNew: 613440K->68096K(613440K), 0.0351371 secs] 5628916K->5112819K(8320512K), 0.0351983 secs] [Times: user=0.36 sys=0.02, real=0.04 secs] 
811.541: [GC (Allocation Failure) 811.541: [ParNew: 613440K->68096K(613440K), 0.0374577 secs] 5658163K->5145304K(8320512K), 0.0375202 secs] [Times: user=0.38 sys=0.00, real=0.04 secs] 
816.839: [GC (Allocation Failure) 816.839: [ParNew: 613440K->68096K(613440K), 0.0347549 secs] 5690648K->5171881K(8320512K), 0.0348172 secs] [Times: user=0.30 sys=0.00, real=0.03 secs] 
822.204: [GC (Allocation Failure) 822.204: [ParNew: 613440K->68096K(613440K), 0.0334437 secs] 5717225K->5197034K(8320512K), 0.0335024 secs] [Times: user=0.25 sys=0.00, real=0.03 secs] 
827.572: [GC (GCLocker Initiated GC) 827.572: [ParNew: 613440K->68096K(613440K), 0.0362192 secs] 5742378K->5226918K(8320512K), 0.0362906 secs] [Times: user=0.27 sys=0.00, real=0.04 secs] 
832.589: [GC (Allocation Failure) 832.589: [ParNew: 613440K->68096K(613440K), 0.0416415 secs] 5772262K->5257626K(8320512K), 0.0417033 secs] [Times: user=0.34 sys=0.01, real=0.04 secs] 
837.781: [GC (Allocation Failure) 837.781: [ParNew: 613440K->68096K(613440K), 0.0415221 secs] 5802970K->5285688K(8320512K), 0.0415827 secs] [Times: user=0.20 sys=0.02, real=0.04 secs] 
842.999: [GC (Allocation Failure) 842.999: [ParNew: 613440K->62851K(613440K), 0.0545121 secs] 5831032K->5339520K(8320512K), 0.0545747 secs] [Times: user=0.23 sys=0.05, real=0.06 secs] 
847.808: [GC (Allocation Failure) 847.808: [ParNew: 608195K->46436K(613440K), 0.0340843 secs] 5884864K->5357500K(8320512K), 0.0341423 secs] [Times: user=0.25 sys=0.01, real=0.03 secs] 
853.019: [GC (Allocation Failure) 853.019: [ParNew: 591780K->68096K(613440K), 0.0318093 secs] 5902844K->5381732K(8320512K), 0.0318615 secs] [Times: user=0.25 sys=0.00, real=0.03 secs] 
858.147: [GC (Allocation Failure) 858.147: [ParNew: 613440K->68096K(613440K), 0.0361059 secs] 5927076K->5410126K(8320512K), 0.0361677 secs] [Times: user=0.16 sys=0.03, real=0.04 secs] 
863.479: [GC (Allocation Failure) 863.479: [ParNew: 613440K->68096K(613440K), 0.0399880 secs] 5955470K->5442871K(8320512K), 0.0400527 secs] [Times: user=0.30 sys=0.02, real=0.04 secs] 
868.759: [GC (Allocation Failure) 868.759: [ParNew: 613440K->68096K(613440K), 0.0346439 secs] 5988215K->5470186K(8320512K), 0.0346983 secs] [Times: user=0.27 sys=0.00, real=0.04 secs] 
873.915: [GC (Allocation Failure) 873.915: [ParNew: 613440K->68096K(613440K), 0.0338335 secs] 6015530K->5500152K(8320512K), 0.0338867 secs] [Times: user=0.22 sys=0.02, real=0.03 secs] 
879.363: [GC (Allocation Failure) 879.363: [ParNew: 613440K->68096K(613440K), 0.0357997 secs] 6045496K->5527364K(8320512K), 0.0358609 secs] [Times: user=0.16 sys=0.00, real=0.04 secs] 
884.162: [GC (Allocation Failure) 884.162: [ParNew: 613440K->64156K(613440K), 0.0553935 secs] 6072708K->5584606K(8320512K), 0.0554635 secs] [Times: user=0.28 sys=0.03, real=0.06 secs] 
888.855: [GC (Allocation Failure) 888.855: [ParNew: 609500K->68096K(613440K), 0.0245995 secs] 6129950K->5589937K(8320512K), 0.0246661 secs] [Times: user=0.25 sys=0.00, real=0.03 secs] 
894.175: [GC (Allocation Failure) 894.175: [ParNew: 613440K->68096K(613440K), 0.0359843 secs] 6135281K->5617572K(8320512K), 0.0360575 secs] [Times: user=0.13 sys=0.03, real=0.04 secs] 
899.027: [GC (Allocation Failure) 899.027: [ParNew: 613440K->68096K(613440K), 0.0359556 secs] 6162916K->5644672K(8320512K), 0.0360206 secs] [Times: user=0.34 sys=0.00, real=0.04 secs] 
904.067: [GC (Allocation Failure) 904.067: [ParNew: 613440K->68096K(613440K), 0.0387661 secs] 6190016K->5675197K(8320512K), 0.0388385 secs] [Times: user=0.24 sys=0.02, real=0.04 secs] 
909.108: [GC (Allocation Failure) 909.108: [ParNew: 613440K->68096K(613440K), 0.0478278 secs] 6220541K->5703020K(8320512K), 0.0479411 secs] [Times: user=0.27 sys=0.00, real=0.05 secs] 
913.875: [GC (Allocation Failure) 913.875: [ParNew: 613440K->68096K(613440K), 0.0345720 secs] 6248364K->5730799K(8320512K), 0.0346468 secs] [Times: user=0.20 sys=0.00, real=0.04 secs] 
918.979: [GC (Allocation Failure) 918.979: [ParNew: 613440K->68096K(613440K), 0.0357101 secs] 6276143K->5760130K(8320512K), 0.0357921 secs] [Times: user=0.34 sys=0.00, real=0.04 secs] 
923.889: [GC (Allocation Failure) 923.889: [ParNew: 613440K->68096K(613440K), 0.0370049 secs] 6305474K->5786606K(8320512K), 0.0370954 secs] [Times: user=0.17 sys=0.03, real=0.04 secs] 
928.430: [GC (Allocation Failure) 928.430: [ParNew: 613440K->68096K(613440K), 0.0375243 secs] 6331950K->5816440K(8320512K), 0.0375867 secs] [Times: user=0.34 sys=0.00, real=0.04 secs] 
933.479: [GC (Allocation Failure) 933.479: [ParNew: 613440K->68096K(613440K), 0.0359857 secs] 6361784K->5843576K(8320512K), 0.0360565 secs] [Times: user=0.38 sys=0.00, real=0.04 secs] 
938.668: [GC (Allocation Failure) 938.668: [ParNew: 613440K->68096K(613440K), 0.0501909 secs] 6388920K->5870405K(8320512K), 0.0502443 secs] [Times: user=0.39 sys=0.00, real=0.05 secs] 
943.395: [GC (Allocation Failure) 943.395: [ParNew: 613440K->68096K(613440K), 0.0360157 secs] 6415749K->5897994K(8320512K), 0.0360786 secs] [Times: user=0.24 sys=0.00, real=0.04 secs] 
948.585: [GC (Allocation Failure) 948.585: [ParNew: 613440K->68096K(613440K), 0.0377193 secs] 6443338K->5926183K(8320512K), 0.0377830 secs] [Times: user=0.27 sys=0.00, real=0.04 secs] 
954.184: [GC (Allocation Failure) 954.184: [ParNew: 613440K->68096K(613440K), 0.0361898 secs] 6471527K->5951031K(8320512K), 0.0362749 secs] [Times: user=0.36 sys=0.02, real=0.04 secs] 
958.636: [GC (Allocation Failure) 958.636: [ParNew: 613440K->62220K(613440K), 0.0490664 secs] 6496375K->6005221K(8320512K), 0.0491374 secs] [Times: user=0.28 sys=0.03, real=0.05 secs] 
963.871: [GC (Allocation Failure) 963.871: [ParNew: 607564K->68096K(613440K), 0.0296482 secs] 6550565K->6011725K(8320512K), 0.0297242 secs] [Times: user=0.25 sys=0.00, real=0.03 secs] 
968.163: [GC (Allocation Failure) 968.163: [ParNew: 613440K->68096K(613440K), 0.0321329 secs] 6557069K->6036891K(8320512K), 0.0321960 secs] [Times: user=0.11 sys=0.03, real=0.03 secs] 
973.175: [GC (Allocation Failure) 973.175: [ParNew: 613440K->68096K(613440K), 0.0397800 secs] 6582235K->6065910K(8320512K), 0.0398458 secs] [Times: user=0.22 sys=0.03, real=0.04 secs] 
978.418: [GC (Allocation Failure) 978.418: [ParNew: 613440K->68096K(613440K), 0.0345164 secs] 6611254K->6090134K(8320512K), 0.0345888 secs] [Times: user=0.31 sys=0.03, real=0.04 secs] 
982.587: [GC (Allocation Failure) 982.587: [ParNew: 613440K->68096K(613440K), 0.0343403 secs] 6635478K->6120475K(8320512K), 0.0343992 secs] [Times: user=0.26 sys=0.00, real=0.03 secs] 
987.459: [GC (Allocation Failure) 987.459: [ParNew: 613440K->68096K(613440K), 0.0364949 secs] 6665819K->6148613K(8320512K), 0.0365646 secs] [Times: user=0.19 sys=0.02, real=0.04 secs] 
992.814: [GC (Allocation Failure) 992.814: [ParNew: 613440K->68096K(613440K), 0.0404312 secs] 6693957K->6172648K(8320512K), 0.0405161 secs] [Times: user=0.19 sys=0.02, real=0.04 secs] 
996.963: [GC (Allocation Failure) 996.963: [ParNew: 613440K->68096K(613440K), 0.0366119 secs] 6717992K->6200568K(8320512K), 0.0366770 secs] [Times: user=0.34 sys=0.02, real=0.04 secs] 
1002.007: [GC (Allocation Failure) 1002.007: [ParNew: 613440K->68096K(613440K), 0.0447193 secs] 6745912K->6229997K(8320512K), 0.0448068 secs] [Times: user=0.30 sys=0.05, real=0.04 secs] 
1007.040: [GC (Allocation Failure) 1007.040: [ParNew: 613440K->68096K(613440K), 0.0362670 secs] 6775341K->6254153K(8320512K), 0.0363382 secs] [Times: user=0.27 sys=0.00, real=0.04 secs] 
1011.599: [GC (Allocation Failure) 1011.599: [ParNew: 613440K->68096K(613440K), 0.0403936 secs] 6799497K->6280304K(8320512K), 0.0404518 secs] [Times: user=0.34 sys=0.03, real=0.04 secs] 
1016.679: [GC (Allocation Failure) 1016.679: [ParNew: 613440K->68096K(613440K), 0.0338550 secs] 6825648K->6306496K(8320512K), 0.0339192 secs] [Times: user=0.23 sys=0.02, real=0.03 secs] 
1020.991: [GC (Allocation Failure) 1020.991: [ParNew: 613440K->68096K(613440K), 0.0313770 secs] 6851840K->6331044K(8320512K), 0.0314379 secs] [Times: user=0.20 sys=0.00, real=0.03 secs] 
1025.996: [GC (Allocation Failure) 1025.996: [ParNew: 613440K->68096K(613440K), 0.0386596 secs] 6876388K->6360714K(8320512K), 0.0387673 secs] [Times: user=0.36 sys=0.02, real=0.04 secs] 
1031.196: [GC (Allocation Failure) 1031.196: [ParNew: 613440K->68096K(613440K), 0.0402594 secs] 6906058K->6385382K(8320512K), 0.0403359 secs] [Times: user=0.36 sys=0.01, real=0.04 secs] 
1035.415: [GC (Allocation Failure) 1035.415: [ParNew: 613440K->68096K(613440K), 0.0377128 secs] 6930726K->6412533K(8320512K), 0.0377680 secs] [Times: user=0.38 sys=0.00, real=0.04 secs] 
1040.496: [GC (Allocation Failure) 1040.496: [ParNew: 613440K->68096K(613440K), 0.0380516 secs] 6957877K->6440726K(8320512K), 0.0381151 secs] [Times: user=0.20 sys=0.03, real=0.04 secs] 
1045.571: [GC (Allocation Failure) 1045.571: [ParNew: 613440K->68096K(613440K), 0.0344463 secs] 6986070K->6463971K(8320512K), 0.0345152 secs] [Times: user=0.25 sys=0.00, real=0.03 secs] 
1049.787: [GC (Allocation Failure) 1049.787: [ParNew: 613440K->68096K(613440K), 0.0337035 secs] 7009315K->6492490K(8320512K), 0.0337624 secs] [Times: user=0.06 sys=0.03, real=0.03 secs] 
1054.743: [GC (Allocation Failure) 1054.743: [ParNew: 613440K->68096K(613440K), 0.0342478 secs] 7037834K->6521749K(8320512K), 0.0343137 secs] [Times: user=0.27 sys=0.00, real=0.03 secs] 
1059.884: [GC (Allocation Failure) 1059.884: [ParNew: 613440K->68096K(613440K), 0.0323903 secs] 7067093K->6547262K(8320512K), 0.0324582 secs] [Times: user=0.20 sys=0.02, real=0.03 secs] 
1063.931: [GC (Allocation Failure) 1063.931: [ParNew: 613440K->68096K(613440K), 0.0348089 secs] 7092606K->6575043K(8320512K), 0.0348805 secs] [Times: user=0.25 sys=0.00, real=0.04 secs] 
1068.837: [GC (Allocation Failure) 1068.837: [ParNew: 613440K->68096K(613440K), 0.0332006 secs] 7120387K->6604355K(8320512K), 0.0332629 secs] [Times: user=0.22 sys=0.02, real=0.03 secs] 
1073.963: [GC (Allocation Failure) 1073.963: [ParNew: 613440K->68096K(613440K), 0.0399570 secs] 7149699K->6628379K(8320512K), 0.0400528 secs] [Times: user=0.28 sys=0.02, real=0.04 secs] 
1077.916: [GC (GCLocker Initiated GC) 1077.916: [ParNew: 613440K->68096K(613440K), 0.0352057 secs] 7173724K->6656714K(8320512K), 0.0352676 secs] [Times: user=0.27 sys=0.00, real=0.03 secs] 
1083.075: [GC (Allocation Failure) 1083.075: [ParNew: 613440K->68096K(613440K), 0.0371983 secs] 7202058K->6685162K(8320512K), 0.0372515 secs] [Times: user=0.19 sys=0.01, real=0.04 secs] 
1088.295: [GC (Allocation Failure) 1088.295: [ParNew: 613440K->68096K(613440K), 0.0335353 secs] 7230506K->6705869K(8320512K), 0.0336023 secs] [Times: user=0.16 sys=0.01, real=0.03 secs] 
1095.560: [GC (Allocation Failure) 1095.560: [ParNew: 613440K->68096K(613440K), 0.0345099 secs] 7251213K->6732946K(8320512K), 0.0345835 secs] [Times: user=0.14 sys=0.03, real=0.03 secs] 
