OpenJDK 64-Bit Server VM (25.412-b1) for windows-amd64 JRE (1.8.0_412-b1), built on Apr 23 2024 12:00:37 by "Administrator" with MS VC++ 10.0 (VS2010)
Memory: 4k page, physical 16485540k(9425596k free), swap 28358524k(13202564k free)
CommandLine flags: -XX:ActiveProcessorCount=8 -XX:GCDrainStackTargetSize=64 -XX:InitialHeapSize=8589934592 -XX:MaxHeapSize=8589934592 -XX:MaxNewSize=697933824 -XX:MaxTenuringThreshold=6 -XX:NewSize=697933824 -XX:OldPLABSize=16 -XX:OldSize=1395867648 -XX:+PrintGC -XX:+PrintGCDetails -XX:+PrintGCTimeStamps -XX:+UseCompressedClassPointers -XX:+UseCompressedOops -XX:+UseConcMarkSweepGC -XX:-UseLargePagesIndividualAllocation -XX:+UseParNewGC 
1.889: [GC (Allocation Failure) 1.890: [ParNew: 545344K->56688K(613440K), 0.0423746 secs] 545344K->56688K(8320512K), 0.0434244 secs] [Times: user=0.27 sys=0.01, real=0.04 secs] 
1.932: [GC (CMS Initial Mark) [1 CMS-initial-mark: 0K(7707072K)] 66207K(8320512K), 0.0051545 secs] [Times: user=0.01 sys=0.02, real=0.00 secs] 
1.938: [CMS-concurrent-mark-start]
1.941: [CMS-concurrent-mark: 0.003/0.003 secs] [Times: user=0.00 sys=0.00, real=0.00 secs] 
1.941: [CMS-concurrent-preclean-start]
1.948: [CMS-concurrent-preclean: 0.008/0.008 secs] [Times: user=0.14 sys=0.00, real=0.01 secs] 
1.949: [CMS-concurrent-abortable-preclean-start]
2.237: [GC (Allocation Failure) 2.237: [ParNew: 602032K->45019K(613440K), 0.1206534 secs] 602032K->89561K(8320512K), 0.1207333 secs] [Times: user=0.73 sys=0.05, real=0.12 secs] 
2.472: [CMS-concurrent-abortable-preclean: 0.396/0.523 secs] [Times: user=4.73 sys=0.11, real=0.52 secs] 
2.473: [GC (CMS Final Remark) [YG occupancy: 482882 K (613440 K)]2.473: [Rescan (parallel) , 0.0505609 secs]2.523: [weak refs processing, 0.0000324 secs]2.523: [class unloading, 0.0034118 secs]2.527: [scrub symbol table, 0.0033179 secs]2.530: [scrub string table, 0.0003502 secs][1 CMS-remark: 44542K(7707072K)] 527424K(8320512K), 0.0578172 secs] [Times: user=0.39 sys=0.00, real=0.06 secs] 
2.531: [CMS-concurrent-sweep-start]
2.551: [GC (Allocation Failure) 2.551: [ParNew: 590363K->44192K(613440K), 0.0225066 secs] 634905K->88734K(8320512K), 0.0225729 secs] [Times: user=0.25 sys=0.00, real=0.02 secs] 
2.611: [CMS-concurrent-sweep: 0.056/0.080 secs] [Times: user=0.63 sys=0.02, real=0.08 secs] 
2.611: [CMS-concurrent-reset-start]
2.670: [CMS-concurrent-reset: 0.057/0.059 secs] [Times: user=0.50 sys=0.09, real=0.06 secs] 
2.754: [GC (Allocation Failure) 2.754: [ParNew: 589536K->51745K(613440K), 0.0235496 secs] 634078K->96287K(8320512K), 0.0236517 secs] [Times: user=0.17 sys=0.00, real=0.02 secs] 
3.049: [GC (Allocation Failure) 3.050: [ParNew: 597089K->48251K(613440K), 0.0294703 secs] 641631K->92793K(8320512K), 0.0295823 secs] [Times: user=0.31 sys=0.02, real=0.03 secs] 
3.223: [GC (Allocation Failure) 3.223: [ParNew: 593595K->52916K(613440K), 0.0245800 secs] 638137K->97458K(8320512K), 0.0246601 secs] [Times: user=0.31 sys=0.00, real=0.03 secs] 
3.437: [GC (Allocation Failure) 3.437: [ParNew: 598260K->49173K(613440K), 0.0227622 secs] 642802K->93715K(8320512K), 0.0228360 secs] [Times: user=0.14 sys=0.00, real=0.02 secs] 
3.553: [GC (Allocation Failure) 3.553: [ParNew: 594517K->33328K(613440K), 0.0409948 secs] 639059K->107134K(8320512K), 0.0410904 secs] [Times: user=0.28 sys=0.02, real=0.04 secs] 
3.715: [GC (Allocation Failure) 3.715: [ParNew: 578672K->9453K(613440K), 0.0152596 secs] 652478K->85694K(8320512K), 0.0153512 secs] [Times: user=0.03 sys=0.00, real=0.02 secs] 
3.842: [GC (Allocation Failure) 3.842: [ParNew: 554797K->4715K(613440K), 0.0113360 secs] 631038K->82022K(8320512K), 0.0114082 secs] [Times: user=0.00 sys=0.00, real=0.01 secs] 
3.966: [GC (Allocation Failure) 3.966: [ParNew: 550059K->3500K(613440K), 0.0166068 secs] 627366K->81629K(8320512K), 0.0167298 secs] [Times: user=0.13 sys=0.00, real=0.02 secs] 
4.088: [GC (Allocation Failure) 4.088: [ParNew: 548844K->3117K(613440K), 0.0119649 secs] 626973K->81610K(8320512K), 0.0120553 secs] [Times: user=0.16 sys=0.00, real=0.01 secs] 
4.209: [GC (Allocation Failure) 4.209: [ParNew: 548461K->2206K(613440K), 0.0130031 secs] 626954K->81554K(8320512K), 0.0131391 secs] [Times: user=0.16 sys=0.00, real=0.01 secs] 
4.334: [GC (Allocation Failure) 4.334: [ParNew: 547550K->1901K(613440K), 0.0155199 secs] 626898K->81644K(8320512K), 0.0156506 secs] [Times: user=0.16 sys=0.00, real=0.02 secs] 
4.451: [GC (Allocation Failure) 4.451: [ParNew: 547245K->1755K(613440K), 0.0126447 secs] 626988K->81840K(8320512K), 0.0127281 secs] [Times: user=0.03 sys=0.00, real=0.01 secs] 
4.591: [GC (Allocation Failure) 4.591: [ParNew: 547099K->1869K(613440K), 0.0181713 secs] 627184K->82117K(8320512K), 0.0182783 secs] [Times: user=0.14 sys=0.00, real=0.02 secs] 
4.704: [GC (Allocation Failure) 4.704: [ParNew: 547213K->1877K(613440K), 0.0124079 secs] 627461K->82317K(8320512K), 0.0124850 secs] [Times: user=0.13 sys=0.00, real=0.01 secs] 
4.815: [GC (Allocation Failure) 4.815: [ParNew: 547221K->2090K(613440K), 0.0126274 secs] 627661K->82720K(8320512K), 0.0127365 secs] [Times: user=0.14 sys=0.00, real=0.01 secs] 
4.934: [GC (Allocation Failure) 4.934: [ParNew: 547434K->2881K(613440K), 0.0124386 secs] 628064K->83719K(8320512K), 0.0125438 secs] [Times: user=0.00 sys=0.00, real=0.01 secs] 
5.054: [GC (Allocation Failure) 5.054: [ParNew: 548225K->3185K(613440K), 0.0140600 secs] 629063K->84207K(8320512K), 0.0141859 secs] [Times: user=0.17 sys=0.00, real=0.01 secs] 
5.184: [GC (Allocation Failure) 5.184: [ParNew: 548529K->5416K(613440K), 0.0171914 secs] 629551K->86672K(8320512K), 0.0172905 secs] [Times: user=0.06 sys=0.00, real=0.02 secs] 
5.313: [GC (Allocation Failure) 5.313: [ParNew: 550760K->14416K(613440K), 0.0226355 secs] 632016K->95900K(8320512K), 0.0227402 secs] [Times: user=0.16 sys=0.00, real=0.02 secs] 
7.236: [GC (Allocation Failure) 7.236: [ParNew: 559760K->50730K(613440K), 0.0246171 secs] 641244K->132461K(8320512K), 0.0246870 secs] [Times: user=0.13 sys=0.00, real=0.03 secs] 
9.844: [GC (Allocation Failure) 9.844: [ParNew: 596074K->46378K(613440K), 0.0421955 secs] 677805K->146703K(8320512K), 0.0423594 secs] [Times: user=0.34 sys=0.03, real=0.04 secs] 
13.941: [GC (Allocation Failure) 13.941: [ParNew: 591722K->68096K(613440K), 0.0605541 secs] 692047K->215422K(8320512K), 0.0606510 secs] [Times: user=0.53 sys=0.05, real=0.06 secs] 
19.249: [GC (Allocation Failure) 19.249: [ParNew: 613440K->68096K(613440K), 0.0623699 secs] 760766K->290005K(8320512K), 0.0624292 secs] [Times: user=0.11 sys=0.06, real=0.06 secs] 
23.284: [GC (Allocation Failure) 23.284: [ParNew: 613440K->50113K(613440K), 0.0447326 secs] 835349K->308534K(8320512K), 0.0448116 secs] [Times: user=0.31 sys=0.02, real=0.04 secs] 
26.638: [GC (Allocation Failure) 26.638: [ParNew: 595457K->45608K(613440K), 0.0464687 secs] 853878K->342934K(8320512K), 0.0465345 secs] [Times: user=0.27 sys=0.00, real=0.05 secs] 
29.999: [GC (Allocation Failure) 29.999: [ParNew: 590952K->68096K(613440K), 0.0244340 secs] 888278K->365489K(8320512K), 0.0245036 secs] [Times: user=0.13 sys=0.00, real=0.02 secs] 
33.003: [GC (Allocation Failure) 33.003: [ParNew: 613440K->68096K(613440K), 0.0368079 secs] 910833K->396279K(8320512K), 0.0368623 secs] [Times: user=0.22 sys=0.00, real=0.04 secs] 
36.019: [GC (Allocation Failure) 36.019: [ParNew: 613440K->68096K(613440K), 0.0339575 secs] 941623K->422066K(8320512K), 0.0340280 secs] [Times: user=0.19 sys=0.00, real=0.03 secs] 
38.752: [GC (Allocation Failure) 38.752: [ParNew: 613440K->68096K(613440K), 0.0329606 secs] 967410K->446653K(8320512K), 0.0330307 secs] [Times: user=0.25 sys=0.00, real=0.03 secs] 
41.478: [GC (Allocation Failure) 41.478: [ParNew: 613440K->66208K(613440K), 0.0320000 secs] 991997K->468858K(8320512K), 0.0320564 secs] [Times: user=0.19 sys=0.02, real=0.03 secs] 
44.603: [GC (Allocation Failure) 44.604: [ParNew: 611552K->68096K(613440K), 0.0335493 secs] 1014202K->493048K(8320512K), 0.0336316 secs] [Times: user=0.24 sys=0.02, real=0.03 secs] 
47.445: [GC (Allocation Failure) 47.445: [ParNew: 613440K->68096K(613440K), 0.0318099 secs] 1038392K->515873K(8320512K), 0.0318829 secs] [Times: user=0.20 sys=0.02, real=0.03 secs] 
50.392: [GC (Allocation Failure) 50.392: [ParNew: 613440K->65734K(613440K), 0.0367022 secs] 1061217K->538745K(8320512K), 0.0368045 secs] [Times: user=0.22 sys=0.01, real=0.04 secs] 
53.362: [GC (Allocation Failure) 53.362: [ParNew: 611078K->62327K(613440K), 0.0340634 secs] 1084089K->556495K(8320512K), 0.0341174 secs] [Times: user=0.25 sys=0.00, real=0.03 secs] 
56.664: [GC (Allocation Failure) 56.664: [ParNew: 607671K->68096K(613440K), 0.0321653 secs] 1101839K->585132K(8320512K), 0.0322235 secs] [Times: user=0.16 sys=0.00, real=0.03 secs] 
60.255: [GC (Allocation Failure) 60.255: [ParNew: 613440K->68096K(613440K), 0.0337944 secs] 1130493K->608865K(8320512K), 0.0338528 secs] [Times: user=0.25 sys=0.00, real=0.03 secs] 
63.712: [GC (Allocation Failure) 63.712: [ParNew: 613440K->68096K(613440K), 0.0348736 secs] 1154209K->635578K(8320512K), 0.0349361 secs] [Times: user=0.11 sys=0.03, real=0.04 secs] 
67.138: [GC (Allocation Failure) 67.138: [ParNew: 613440K->68096K(613440K), 0.0396765 secs] 1180922K->661870K(8320512K), 0.0397355 secs] [Times: user=0.28 sys=0.00, real=0.04 secs] 
71.084: [GC (Allocation Failure) 71.084: [ParNew: 613440K->68096K(613440K), 0.0367222 secs] 1207214K->688809K(8320512K), 0.0367778 secs] [Times: user=0.19 sys=0.03, real=0.04 secs] 
74.891: [GC (Allocation Failure) 74.891: [ParNew: 613440K->68096K(613440K), 0.0388549 secs] 1234153K->716477K(8320512K), 0.0389112 secs] [Times: user=0.25 sys=0.00, real=0.04 secs] 
74.931: [GC (CMS Initial Mark) [1 CMS-initial-mark: 648381K(7707072K)] 725363K(8320512K), 0.0035472 secs] [Times: user=0.06 sys=0.00, real=0.00 secs] 
74.934: [CMS-concurrent-mark-start]
75.106: [CMS-concurrent-mark: 0.120/0.172 secs] [Times: user=0.41 sys=0.00, real=0.17 secs] 
75.106: [CMS-concurrent-preclean-start]
75.115: [CMS-concurrent-preclean: 0.008/0.008 secs] [Times: user=0.00 sys=0.00, real=0.01 secs] 
75.115: [CMS-concurrent-abortable-preclean-start]
76.891: [CMS-concurrent-abortable-preclean: 1.744/1.776 secs] [Times: user=3.98 sys=0.00, real=1.78 secs] 
76.891: [GC (CMS Final Remark) [YG occupancy: 341545 K (613440 K)]76.891: [Rescan (parallel) , 0.0180775 secs]76.909: [weak refs processing, 0.0000690 secs]76.909: [class unloading, 0.0122109 secs]76.922: [scrub symbol table, 0.0049099 secs]76.927: [scrub string table, 0.0005536 secs][1 CMS-remark: 648381K(7707072K)] 989926K(8320512K), 0.0359381 secs] [Times: user=0.14 sys=0.00, real=0.04 secs] 
76.927: [CMS-concurrent-sweep-start]
77.071: [CMS-concurrent-sweep: 0.141/0.144 secs] [Times: user=0.38 sys=0.00, real=0.14 secs] 
77.072: [CMS-concurrent-reset-start]
77.080: [CMS-concurrent-reset: 0.008/0.008 secs] [Times: user=0.03 sys=0.00, real=0.01 secs] 
78.635: [GC (Allocation Failure) 78.635: [ParNew: 613440K->68096K(613440K), 0.0379017 secs] 931448K->415141K(8320512K), 0.0379526 secs] [Times: user=0.30 sys=0.00, real=0.04 secs] 
81.760: [GC (Allocation Failure) 81.760: [ParNew: 613440K->68096K(613440K), 0.0344082 secs] 960485K->443244K(8320512K), 0.0344834 secs] [Times: user=0.23 sys=0.00, real=0.03 secs] 
85.208: [GC (Allocation Failure) 85.208: [ParNew: 613440K->68096K(613440K), 0.0332648 secs] 988588K->471418K(8320512K), 0.0333306 secs] [Times: user=0.25 sys=0.00, real=0.03 secs] 
88.547: [GC (Allocation Failure) 88.547: [ParNew: 613440K->68096K(613440K), 0.0459320 secs] 1016762K->495744K(8320512K), 0.0460432 secs] [Times: user=0.27 sys=0.00, real=0.05 secs] 
92.136: [GC (Allocation Failure) 92.136: [ParNew: 613440K->68096K(613440K), 0.0532375 secs] 1041088K->521012K(8320512K), 0.0533542 secs] [Times: user=0.27 sys=0.00, real=0.05 secs] 
95.940: [GC (Allocation Failure) 95.940: [ParNew: 613440K->68096K(613440K), 0.0335359 secs] 1066356K->546446K(8320512K), 0.0335949 secs] [Times: user=0.25 sys=0.00, real=0.03 secs] 
99.800: [GC (Allocation Failure) 99.800: [ParNew: 613440K->68096K(613440K), 0.0390276 secs] 1091790K->571484K(8320512K), 0.0391073 secs] [Times: user=0.27 sys=0.00, real=0.04 secs] 
103.396: [GC (Allocation Failure) 103.396: [ParNew: 613440K->68096K(613440K), 0.0508350 secs] 1116828K->600019K(8320512K), 0.0509547 secs] [Times: user=0.41 sys=0.00, real=0.05 secs] 
107.402: [GC (Allocation Failure) 107.402: [ParNew: 613440K->68096K(613440K), 0.0353682 secs] 1145363K->628928K(8320512K), 0.0354289 secs] [Times: user=0.20 sys=0.00, real=0.04 secs] 
111.326: [GC (Allocation Failure) 111.326: [ParNew: 613440K->68096K(613440K), 0.0350937 secs] 1174272K->654263K(8320512K), 0.0351503 secs] [Times: user=0.25 sys=0.00, real=0.03 secs] 
115.368: [GC (Allocation Failure) 115.368: [ParNew: 613440K->68096K(613440K), 0.0344914 secs] 1199607K->682624K(8320512K), 0.0345486 secs] [Times: user=0.27 sys=0.00, real=0.04 secs] 
119.244: [GC (Allocation Failure) 119.244: [ParNew: 613440K->68096K(613440K), 0.0351178 secs] 1227968K->711821K(8320512K), 0.0351792 secs] [Times: user=0.27 sys=0.00, real=0.04 secs] 
123.241: [GC (Allocation Failure) 123.241: [ParNew: 613440K->68096K(613440K), 0.0365060 secs] 1257165K->740113K(8320512K), 0.0365664 secs] [Times: user=0.27 sys=0.00, real=0.04 secs] 
127.109: [GC (Allocation Failure) 127.109: [ParNew: 613440K->68096K(613440K), 0.0360804 secs] 1285457K->769247K(8320512K), 0.0361405 secs] [Times: user=0.22 sys=0.02, real=0.04 secs] 
130.864: [GC (Allocation Failure) 130.864: [ParNew: 613440K->68096K(613440K), 0.0398893 secs] 1314591K->796258K(8320512K), 0.0399451 secs] [Times: user=0.22 sys=0.01, real=0.04 secs] 
134.899: [GC (Allocation Failure) 134.899: [ParNew: 613440K->68096K(613440K), 0.0373236 secs] 1341602K->825029K(8320512K), 0.0373834 secs] [Times: user=0.25 sys=0.02, real=0.04 secs] 
138.520: [GC (Allocation Failure) 138.520: [ParNew: 613440K->68096K(613440K), 0.0360134 secs] 1370373K->852713K(8320512K), 0.0360789 secs] [Times: user=0.13 sys=0.03, real=0.04 secs] 
142.667: [GC (Allocation Failure) 142.667: [ParNew: 613440K->68096K(613440K), 0.0447219 secs] 1398057K->882100K(8320512K), 0.0448021 secs] [Times: user=0.24 sys=0.01, real=0.05 secs] 
146.620: [GC (Allocation Failure) 146.620: [ParNew: 613440K->68096K(613440K), 0.0416931 secs] 1427444K->907686K(8320512K), 0.0417766 secs] [Times: user=0.19 sys=0.00, real=0.04 secs] 
150.364: [GC (Allocation Failure) 150.364: [ParNew: 613440K->68096K(613440K), 0.0368422 secs] 1453030K->937425K(8320512K), 0.0369128 secs] [Times: user=0.23 sys=0.00, real=0.04 secs] 
154.404: [GC (Allocation Failure) 154.404: [ParNew: 613440K->68096K(613440K), 0.0365684 secs] 1482769K->966518K(8320512K), 0.0366348 secs] [Times: user=0.25 sys=0.00, real=0.04 secs] 
158.567: [GC (Allocation Failure) 158.568: [ParNew: 613440K->68096K(613440K), 0.0378232 secs] 1511862K->994342K(8320512K), 0.0379312 secs] [Times: user=0.23 sys=0.03, real=0.04 secs] 
162.817: [GC (Allocation Failure) 162.817: [ParNew: 613440K->68096K(613440K), 0.0481428 secs] 1539686K->1027783K(8320512K), 0.0482026 secs] [Times: user=0.38 sys=0.02, real=0.05 secs] 
166.975: [GC (Allocation Failure) 166.975: [ParNew: 613440K->68096K(613440K), 0.0421015 secs] 1573127K->1062576K(8320512K), 0.0421707 secs] [Times: user=0.33 sys=0.00, real=0.04 secs] 
170.976: [GC (Allocation Failure) 170.976: [ParNew: 613440K->68096K(613440K), 0.0441048 secs] 1607920K->1091018K(8320512K), 0.0441674 secs] [Times: user=0.30 sys=0.05, real=0.04 secs] 
175.082: [GC (Allocation Failure) 175.082: [ParNew: 613440K->68096K(613440K), 0.0424102 secs] 1636362K->1117381K(8320512K), 0.0424733 secs] [Times: user=0.22 sys=0.02, real=0.04 secs] 
180.428: [GC (Allocation Failure) 180.428: [ParNew: 613440K->68096K(613440K), 0.0421565 secs] 1662725K->1151579K(8320512K), 0.0422160 secs] [Times: user=0.20 sys=0.03, real=0.04 secs] 
186.015: [GC (Allocation Failure) 186.015: [ParNew: 613440K->68096K(613440K), 0.0386750 secs] 1696923K->1184481K(8320512K), 0.0387407 secs] [Times: user=0.17 sys=0.02, real=0.04 secs] 
191.859: [GC (Allocation Failure) 191.859: [ParNew: 613440K->64964K(613440K), 0.0559651 secs] 1729825K->1244632K(8320512K), 0.0560393 secs] [Times: user=0.27 sys=0.05, real=0.06 secs] 
197.818: [GC (Allocation Failure) 197.818: [ParNew: 610308K->68096K(613440K), 0.0411510 secs] 1789976K->1290510K(8320512K), 0.0412169 secs] [Times: user=0.20 sys=0.05, real=0.04 secs] 
203.735: [GC (Allocation Failure) 203.735: [ParNew: 613440K->61408K(613440K), 0.0387489 secs] 1835854K->1325601K(8320512K), 0.0388089 secs] [Times: user=0.19 sys=0.00, real=0.04 secs] 
209.664: [GC (Allocation Failure) 209.664: [ParNew: 606752K->60445K(613440K), 0.0413376 secs] 1870945K->1367028K(8320512K), 0.0414234 secs] [Times: user=0.25 sys=0.00, real=0.04 secs] 
215.323: [GC (Allocation Failure) 215.323: [ParNew: 605789K->65870K(613440K), 0.0410874 secs] 1912372K->1415063K(8320512K), 0.0411514 secs] [Times: user=0.24 sys=0.02, real=0.04 secs] 
221.039: [GC (Allocation Failure) 221.039: [ParNew: 611214K->64045K(613440K), 0.0457697 secs] 1960407K->1454644K(8320512K), 0.0458304 secs] [Times: user=0.25 sys=0.06, real=0.05 secs] 
226.679: [GC (Allocation Failure) 226.680: [ParNew: 609389K->63259K(613440K), 0.0408875 secs] 1999988K->1495039K(8320512K), 0.0409571 secs] [Times: user=0.23 sys=0.03, real=0.04 secs] 
232.296: [GC (Allocation Failure) 232.296: [ParNew: 608603K->64105K(613440K), 0.0395760 secs] 2040383K->1538035K(8320512K), 0.0396373 secs] [Times: user=0.20 sys=0.00, real=0.04 secs] 
238.302: [GC (Allocation Failure) 238.302: [ParNew: 609449K->68096K(613440K), 0.0412614 secs] 2083379K->1583270K(8320512K), 0.0413207 secs] [Times: user=0.23 sys=0.00, real=0.04 secs] 
244.243: [GC (Allocation Failure) 244.243: [ParNew: 613440K->60025K(613440K), 0.0419287 secs] 2128614K->1617799K(8320512K), 0.0419952 secs] [Times: user=0.22 sys=0.03, real=0.04 secs] 
250.014: [GC (Allocation Failure) 250.014: [ParNew: 605369K->66610K(613440K), 0.0423184 secs] 2163143K->1667500K(8320512K), 0.0423847 secs] [Times: user=0.22 sys=0.00, real=0.04 secs] 
256.083: [GC (Allocation Failure) 256.083: [ParNew: 611954K->68096K(613440K), 0.0455318 secs] 2212844K->1713943K(8320512K), 0.0455938 secs] [Times: user=0.17 sys=0.03, real=0.05 secs] 
262.029: [GC (Allocation Failure) 262.029: [ParNew: 613440K->67766K(613440K), 0.0553790 secs] 2259287K->1757102K(8320512K), 0.0554477 secs] [Times: user=0.25 sys=0.00, real=0.06 secs] 
267.956: [GC (Allocation Failure) 267.956: [ParNew: 613110K->67357K(613440K), 0.0398950 secs] 2302446K->1800200K(8320512K), 0.0399567 secs] [Times: user=0.17 sys=0.00, real=0.04 secs] 
274.054: [GC (Allocation Failure) 274.054: [ParNew: 612701K->62854K(613440K), 0.0410422 secs] 2345544K->1839924K(8320512K), 0.0411146 secs] [Times: user=0.28 sys=0.03, real=0.04 secs] 
280.007: [GC (Allocation Failure) 280.007: [ParNew: 608198K->66665K(613440K), 0.0457965 secs] 2385268K->1886103K(8320512K), 0.0458610 secs] [Times: user=0.34 sys=0.00, real=0.04 secs] 
285.996: [GC (Allocation Failure) 285.996: [ParNew: 612009K->68096K(613440K), 0.0400755 secs] 2431447K->1930606K(8320512K), 0.0401416 secs] [Times: user=0.19 sys=0.01, real=0.04 secs] 
291.885: [GC (Allocation Failure) 291.885: [ParNew: 613440K->67370K(613440K), 0.0416012 secs] 2475950K->1973841K(8320512K), 0.0416654 secs] [Times: user=0.25 sys=0.09, real=0.04 secs] 
297.906: [GC (Allocation Failure) 297.906: [ParNew: 612714K->61872K(613440K), 0.0423505 secs] 2519185K->2012167K(8320512K), 0.0424260 secs] [Times: user=0.17 sys=0.03, real=0.04 secs] 
303.872: [GC (GCLocker Initiated GC) 303.872: [ParNew: 607217K->61421K(613440K), 0.0411057 secs] 2557512K->2054826K(8320512K), 0.0411655 secs] [Times: user=0.19 sys=0.01, real=0.04 secs] 
309.763: [GC (Allocation Failure) 309.763: [ParNew: 606765K->68096K(613440K), 0.0408172 secs] 2600170K->2104092K(8320512K), 0.0408888 secs] [Times: user=0.20 sys=0.03, real=0.04 secs] 
313.363: [GC (Allocation Failure) 313.363: [ParNew: 613440K->50561K(613440K), 0.0371455 secs] 2649436K->2131847K(8320512K), 0.0372125 secs] [Times: user=0.17 sys=0.02, real=0.04 secs] 
318.820: [GC (Allocation Failure) 318.820: [ParNew: 595905K->68096K(613440K), 0.0273896 secs] 2677191K->2151782K(8320512K), 0.0274587 secs] [Times: user=0.25 sys=0.00, real=0.03 secs] 
324.797: [GC (Allocation Failure) 324.797: [ParNew: 613440K->68096K(613440K), 0.0513956 secs] 2697126K->2214058K(8320512K), 0.0514742 secs] [Times: user=0.17 sys=0.03, real=0.05 secs] 
330.815: [GC (Allocation Failure) 330.815: [ParNew: 613440K->68096K(613440K), 0.0410041 secs] 2759402K->2263805K(8320512K), 0.0410727 secs] [Times: user=0.16 sys=0.03, real=0.04 secs] 
336.723: [GC (Allocation Failure) 336.723: [ParNew: 613440K->65005K(613440K), 0.0408813 secs] 2809149K->2305011K(8320512K), 0.0409619 secs] [Times: user=0.19 sys=0.00, real=0.04 secs] 
342.714: [GC (Allocation Failure) 342.714: [ParNew: 610349K->60968K(613440K), 0.0394583 secs] 2850355K->2342970K(8320512K), 0.0395248 secs] [Times: user=0.16 sys=0.03, real=0.04 secs] 
348.748: [GC (Allocation Failure) 348.748: [ParNew: 606312K->68096K(613440K), 0.0408879 secs] 2888314K->2392197K(8320512K), 0.0409494 secs] [Times: user=0.24 sys=0.00, real=0.04 secs] 
355.204: [GC (Allocation Failure) 355.204: [ParNew: 613440K->68096K(613440K), 0.0392592 secs] 2937541K->2436652K(8320512K), 0.0393225 secs] [Times: user=0.11 sys=0.02, real=0.04 secs] 
361.347: [GC (Allocation Failure) 361.347: [ParNew: 613440K->61783K(613440K), 0.0443911 secs] 2981996K->2473005K(8320512K), 0.0444629 secs] [Times: user=0.23 sys=0.01, real=0.04 secs] 
367.684: [GC (Allocation Failure) 367.684: [ParNew: 607127K->60843K(613440K), 0.0433500 secs] 3018349K->2514322K(8320512K), 0.0434106 secs] [Times: user=0.22 sys=0.02, real=0.04 secs] 
373.954: [GC (Allocation Failure) 373.954: [ParNew: 606187K->61618K(613440K), 0.0421096 secs] 3059666K->2558043K(8320512K), 0.0421705 secs] [Times: user=0.23 sys=0.01, real=0.04 secs] 
380.074: [GC (Allocation Failure) 380.074: [ParNew: 606962K->68096K(613440K), 0.0404851 secs] 3103387K->2608789K(8320512K), 0.0405492 secs] [Times: user=0.20 sys=0.00, real=0.04 secs] 
386.208: [GC (Allocation Failure) 386.208: [ParNew: 613440K->68096K(613440K), 0.0407354 secs] 3154133K->2653388K(8320512K), 0.0408013 secs] [Times: user=0.17 sys=0.02, real=0.04 secs] 
392.299: [GC (Allocation Failure) 392.299: [ParNew: 613440K->68096K(613440K), 0.0604379 secs] 3198732K->2698564K(8320512K), 0.0604992 secs] [Times: user=0.33 sys=0.03, real=0.06 secs] 
398.335: [GC (Allocation Failure) 398.335: [ParNew: 613440K->68096K(613440K), 0.0543342 secs] 3243908K->2744607K(8320512K), 0.0543953 secs] [Times: user=0.30 sys=0.03, real=0.05 secs] 
404.348: [GC (Allocation Failure) 404.348: [ParNew: 613440K->68096K(613440K), 0.0422797 secs] 3289951K->2789583K(8320512K), 0.0423488 secs] [Times: user=0.16 sys=0.05, real=0.04 secs] 
410.298: [GC (Allocation Failure) 410.298: [ParNew: 613440K->68096K(613440K), 0.0424125 secs] 3334927K->2834083K(8320512K), 0.0424759 secs] [Times: user=0.16 sys=0.01, real=0.04 secs] 
416.409: [GC (Allocation Failure) 416.409: [ParNew: 613440K->68096K(613440K), 0.0415874 secs] 3379427K->2878575K(8320512K), 0.0416540 secs] [Times: user=0.17 sys=0.00, real=0.04 secs] 
422.374: [GC (Allocation Failure) 422.374: [ParNew: 613440K->68096K(613440K), 0.0429024 secs] 3423919K->2925170K(8320512K), 0.0429593 secs] [Times: user=0.19 sys=0.03, real=0.04 secs] 
428.427: [GC (Allocation Failure) 428.427: [ParNew: 613440K->68096K(613440K), 0.0408782 secs] 3470514K->2970252K(8320512K), 0.0409312 secs] [Times: user=0.19 sys=0.00, real=0.04 secs] 
434.331: [GC (Allocation Failure) 434.331: [ParNew: 613440K->57382K(613440K), 0.0406290 secs] 3515596K->3004007K(8320512K), 0.0406945 secs] [Times: user=0.20 sys=0.03, real=0.04 secs] 
440.412: [GC (Allocation Failure) 440.412: [ParNew: 602726K->68085K(613440K), 0.0407702 secs] 3549351K->3057975K(8320512K), 0.0408361 secs] [Times: user=0.22 sys=0.03, real=0.04 secs] 
446.502: [GC (Allocation Failure) 446.502: [ParNew: 613429K->68096K(613440K), 0.0441053 secs] 3603319K->3103062K(8320512K), 0.0441564 secs] [Times: user=0.16 sys=0.05, real=0.04 secs] 
452.564: [GC (GCLocker Initiated GC) 452.564: [ParNew: 613440K->68096K(613440K), 0.0417412 secs] 3648406K->3148878K(8320512K), 0.0418007 secs] [Times: user=0.22 sys=0.00, real=0.04 secs] 
458.458: [GC (Allocation Failure) 458.458: [ParNew: 613440K->63544K(613440K), 0.0418976 secs] 3694222K->3188803K(8320512K), 0.0419602 secs] [Times: user=0.16 sys=0.00, real=0.04 secs] 
464.524: [GC (Allocation Failure) 464.524: [ParNew: 608888K->68096K(613440K), 0.0541127 secs] 3734147K->3238324K(8320512K), 0.0541787 secs] [Times: user=0.39 sys=0.00, real=0.05 secs] 
470.678: [GC (Allocation Failure) 470.678: [ParNew: 613440K->66428K(613440K), 0.0521280 secs] 3783668K->3283802K(8320512K), 0.0521814 secs] [Times: user=0.27 sys=0.02, real=0.05 secs] 
476.860: [GC (Allocation Failure) 476.860: [ParNew: 611772K->63911K(613440K), 0.0530769 secs] 3829146K->3325405K(8320512K), 0.0531276 secs] [Times: user=0.22 sys=0.06, real=0.05 secs] 
483.199: [GC (Allocation Failure) 483.199: [ParNew: 609255K->67828K(613440K), 0.0403763 secs] 3870749K->3371704K(8320512K), 0.0404353 secs] [Times: user=0.19 sys=0.02, real=0.04 secs] 
489.415: [GC (Allocation Failure) 489.415: [ParNew: 613172K->68096K(613440K), 0.0426430 secs] 3917048K->3417561K(8320512K), 0.0427289 secs] [Times: user=0.24 sys=0.03, real=0.04 secs] 
495.614: [GC (Allocation Failure) 495.614: [ParNew: 613440K->65643K(613440K), 0.0480995 secs] 3962905K->3461724K(8320512K), 0.0481720 secs] [Times: user=0.30 sys=0.02, real=0.05 secs] 
501.817: [GC (Allocation Failure) 501.817: [ParNew: 610987K->68096K(613440K), 0.0430360 secs] 4007068K->3509488K(8320512K), 0.0431152 secs] [Times: user=0.19 sys=0.03, real=0.04 secs] 
507.976: [GC (Allocation Failure) 507.976: [ParNew: 613440K->68096K(613440K), 0.0475792 secs] 4054832K->3553411K(8320512K), 0.0476304 secs] [Times: user=0.31 sys=0.02, real=0.05 secs] 
514.329: [GC (Allocation Failure) 514.329: [ParNew: 613440K->64695K(613440K), 0.0420841 secs] 4098755K->3595418K(8320512K), 0.0421470 secs] [Times: user=0.17 sys=0.03, real=0.04 secs] 
520.713: [GC (Allocation Failure) 520.713: [ParNew: 610039K->63502K(613440K), 0.0402646 secs] 4140762K->3638404K(8320512K), 0.0403312 secs] [Times: user=0.27 sys=0.03, real=0.04 secs] 
526.827: [GC (Allocation Failure) 526.827: [ParNew: 608846K->63535K(613440K), 0.0406846 secs] 4183748K->3682495K(8320512K), 0.0407525 secs] [Times: user=0.17 sys=0.03, real=0.04 secs] 
533.222: [GC (Allocation Failure) 533.222: [ParNew: 608879K->68096K(613440K), 0.0418720 secs] 4227839K->3731769K(8320512K), 0.0419293 secs] [Times: user=0.16 sys=0.00, real=0.04 secs] 
539.496: [GC (Allocation Failure) 539.496: [ParNew: 613399K->68096K(613440K), 0.0401082 secs] 4277072K->3776092K(8320512K), 0.0401634 secs] [Times: user=0.19 sys=0.00, real=0.04 secs] 
545.500: [GC (Allocation Failure) 545.500: [ParNew: 613440K->68096K(613440K), 0.0412903 secs] 4321436K->3819696K(8320512K), 0.0413490 secs] [Times: user=0.14 sys=0.03, real=0.04 secs] 
551.711: [GC (Allocation Failure) 551.711: [ParNew: 613440K->68096K(613440K), 0.0398114 secs] 4365040K->3864263K(8320512K), 0.0398721 secs] [Times: user=0.25 sys=0.00, real=0.04 secs] 
557.876: [GC (Allocation Failure) 557.876: [ParNew: 613440K->63573K(613440K), 0.0424141 secs] 4409607K->3904360K(8320512K), 0.0424791 secs] [Times: user=0.19 sys=0.00, real=0.04 secs] 
563.799: [GC (Allocation Failure) 563.799: [ParNew: 608917K->68096K(613440K), 0.0417637 secs] 4449704K->3953937K(8320512K), 0.0418240 secs] [Times: user=0.13 sys=0.02, real=0.04 secs] 
569.968: [GC (Allocation Failure) 569.968: [ParNew: 613440K->61768K(613440K), 0.0389826 secs] 4499281K->3990392K(8320512K), 0.0390424 secs] [Times: user=0.14 sys=0.00, real=0.04 secs] 
575.887: [GC (Allocation Failure) 575.887: [ParNew: 607112K->61843K(613440K), 0.0395182 secs] 4535736K->4033753K(8320512K), 0.0395784 secs] [Times: user=0.16 sys=0.02, real=0.04 secs] 
581.760: [GC (Allocation Failure) 581.760: [ParNew: 607187K->68096K(613440K), 0.0417039 secs] 4579097K->4085451K(8320512K), 0.0417651 secs] [Times: user=0.26 sys=0.02, real=0.04 secs] 
587.908: [GC (Allocation Failure) 587.908: [ParNew: 613440K->60817K(613440K), 0.0401624 secs] 4630795K->4120557K(8320512K), 0.0402324 secs] [Times: user=0.17 sys=0.03, real=0.04 secs] 
593.804: [GC (Allocation Failure) 593.804: [ParNew: 606161K->68096K(613440K), 0.0406239 secs] 4665901K->4170797K(8320512K), 0.0406956 secs] [Times: user=0.26 sys=0.02, real=0.04 secs] 
599.860: [GC (Allocation Failure) 599.860: [ParNew: 613440K->57177K(613440K), 0.0402238 secs] 4716141K->4204352K(8320512K), 0.0403287 secs] [Times: user=0.14 sys=0.00, real=0.04 secs] 
606.096: [GC (Allocation Failure) 606.096: [ParNew: 602521K->68096K(613440K), 0.0423184 secs] 4749696K->4257465K(8320512K), 0.0423811 secs] [Times: user=0.19 sys=0.01, real=0.04 secs] 
611.795: [GC (Allocation Failure) 611.795: [ParNew: 613440K->62221K(613440K), 0.0453891 secs] 4802809K->4295672K(8320512K), 0.0454467 secs] [Times: user=0.19 sys=0.02, real=0.05 secs] 
618.110: [GC (Allocation Failure) 618.110: [ParNew: 607565K->66097K(613440K), 0.0694029 secs] 4841016K->4341548K(8320512K), 0.0695754 secs] [Times: user=0.30 sys=0.08, real=0.07 secs] 
624.220: [GC (Allocation Failure) 624.220: [ParNew: 611441K->63458K(613440K), 0.0382699 secs] 4886892K->4378717K(8320512K), 0.0383246 secs] [Times: user=0.19 sys=0.02, real=0.04 secs] 
630.459: [GC (Allocation Failure) 630.459: [ParNew: 608802K->61837K(613440K), 0.0400091 secs] 4924061K->4421108K(8320512K), 0.0400747 secs] [Times: user=0.19 sys=0.03, real=0.04 secs] 
636.668: [GC (Allocation Failure) 636.668: [ParNew: 607181K->61241K(613440K), 0.0527778 secs] 4966452K->4463116K(8320512K), 0.0528521 secs] [Times: user=0.19 sys=0.03, real=0.05 secs] 
642.535: [GC (Allocation Failure) 642.535: [ParNew: 606585K->61610K(613440K), 0.0403379 secs] 5008460K->4506378K(8320512K), 0.0404199 secs] [Times: user=0.11 sys=0.02, real=0.04 secs] 
648.724: [GC (Allocation Failure) 648.724: [ParNew: 606954K->63520K(613440K), 0.0460575 secs] 5051722K->4548066K(8320512K), 0.0461125 secs] [Times: user=0.27 sys=0.06, real=0.05 secs] 
654.695: [GC (Allocation Failure) 654.695: [ParNew: 608864K->68096K(613440K), 0.0396579 secs] 5093410K->4595429K(8320512K), 0.0397146 secs] [Times: user=0.25 sys=0.00, real=0.04 secs] 
660.640: [GC (Allocation Failure) 660.640: [ParNew: 613440K->57805K(613440K), 0.0422586 secs] 5140773K->4630806K(8320512K), 0.0423258 secs] [Times: user=0.17 sys=0.00, real=0.04 secs] 
666.712: [GC (Allocation Failure) 666.712: [ParNew: 603149K->68096K(613440K), 0.0433561 secs] 5176150K->4682173K(8320512K), 0.0434197 secs] [Times: user=0.30 sys=0.02, real=0.04 secs] 
672.448: [GC (Allocation Failure) 672.448: [ParNew: 613440K->61603K(613440K), 0.0398671 secs] 5227517K->4719745K(8320512K), 0.0399240 secs] [Times: user=0.34 sys=0.03, real=0.04 secs] 
678.942: [GC (Allocation Failure) 678.942: [ParNew: 606947K->63988K(613440K), 0.0441380 secs] 5265089K->4762326K(8320512K), 0.0442008 secs] [Times: user=0.19 sys=0.02, real=0.04 secs] 
684.720: [GC (Allocation Failure) 684.720: [ParNew: 609332K->59940K(613440K), 0.0400666 secs] 5307670K->4800405K(8320512K), 0.0401370 secs] [Times: user=0.17 sys=0.00, real=0.04 secs] 
691.259: [GC (Allocation Failure) 691.259: [ParNew: 605284K->66783K(613440K), 0.0708415 secs] 5345749K->4850142K(8320512K), 0.0709026 secs] [Times: user=0.30 sys=0.00, real=0.07 secs] 
697.446: [GC (Allocation Failure) 697.446: [ParNew: 612127K->64953K(613440K), 0.0392363 secs] 5395486K->4888909K(8320512K), 0.0392970 secs] [Times: user=0.22 sys=0.01, real=0.04 secs] 
703.876: [GC (Allocation Failure) 703.876: [ParNew: 610297K->68096K(613440K), 0.0395767 secs] 5434253K->4934236K(8320512K), 0.0396406 secs] [Times: user=0.13 sys=0.00, real=0.04 secs] 
710.293: [GC (Allocation Failure) 710.293: [ParNew: 613440K->68096K(613440K), 0.0386378 secs] 5479580K->4976323K(8320512K), 0.0387209 secs] [Times: user=0.14 sys=0.03, real=0.04 secs] 
716.154: [GC (Allocation Failure) 716.154: [ParNew: 613440K->62313K(613440K), 0.0466084 secs] 5521667K->5014523K(8320512K), 0.0466708 secs] [Times: user=0.22 sys=0.02, real=0.05 secs] 
722.647: [GC (Allocation Failure) 722.648: [ParNew: 607657K->68096K(613440K), 0.0512216 secs] 5559867K->5060062K(8320512K), 0.0513300 secs] [Times: user=0.34 sys=0.05, real=0.05 secs] 
728.576: [GC (GCLocker Initiated GC) 728.576: [ParNew: 613440K->62946K(613440K), 0.0382380 secs] 5605406K->5099625K(8320512K), 0.0382989 secs] [Times: user=0.17 sys=0.00, real=0.04 secs] 
735.017: [GC (GCLocker Initiated GC) 735.017: [ParNew: 608290K->63031K(613440K), 0.0470350 secs] 5644969K->5138709K(8320512K), 0.0471699 secs] [Times: user=0.20 sys=0.03, real=0.05 secs] 
740.991: [GC (Allocation Failure) 740.991: [ParNew: 608375K->60837K(613440K), 0.0422401 secs] 5684053K->5179201K(8320512K), 0.0422903 secs] [Times: user=0.25 sys=0.03, real=0.04 secs] 
747.248: [GC (Allocation Failure) 747.248: [ParNew: 606181K->63716K(613440K), 0.0384075 secs] 5724545K->5222389K(8320512K), 0.0384731 secs] [Times: user=0.09 sys=0.05, real=0.04 secs] 
753.160: [GC (Allocation Failure) 753.160: [ParNew: 609060K->61062K(613440K), 0.0475985 secs] 5767733K->5262708K(8320512K), 0.0476576 secs] [Times: user=0.28 sys=0.01, real=0.05 secs] 
759.148: [GC (Allocation Failure) 759.148: [ParNew: 606406K->65595K(613440K), 0.0488040 secs] 5808052K->5309310K(8320512K), 0.0488862 secs] [Times: user=0.25 sys=0.05, real=0.05 secs] 
765.106: [GC (Allocation Failure) 765.106: [ParNew: 610939K->68096K(613440K), 0.0380790 secs] 5854654K->5353014K(8320512K), 0.0381507 secs] [Times: user=0.19 sys=0.05, real=0.04 secs] 
770.976: [GC (Allocation Failure) 770.976: [ParNew: 613440K->65836K(613440K), 0.0374394 secs] 5898358K->5393751K(8320512K), 0.0375099 secs] [Times: user=0.19 sys=0.06, real=0.04 secs] 
776.974: [GC (Allocation Failure) 776.974: [ParNew: 611180K->61158K(613440K), 0.0370977 secs] 5939095K->5427241K(8320512K), 0.0371633 secs] [Times: user=0.20 sys=0.03, real=0.04 secs] 
782.600: [GC (Allocation Failure) 782.600: [ParNew: 606502K->66280K(613440K), 0.0398405 secs] 5972585K->5476885K(8320512K), 0.0399046 secs] [Times: user=0.13 sys=0.05, real=0.04 secs] 
788.865: [GC (Allocation Failure) 788.865: [ParNew: 611624K->61542K(613440K), 0.0368987 secs] 6022229K->5509222K(8320512K), 0.0369766 secs] [Times: user=0.22 sys=0.02, real=0.04 secs] 
794.376: [GC (Allocation Failure) 794.376: [ParNew: 606886K->62822K(613440K), 0.0410047 secs] 6054566K->5556787K(8320512K), 0.0410702 secs] [Times: user=0.16 sys=0.06, real=0.04 secs] 
800.483: [GC (Allocation Failure) 800.483: [ParNew: 608166K->65156K(613440K), 0.0372377 secs] 6102131K->5597448K(8320512K), 0.0372946 secs] [Times: user=0.19 sys=0.03, real=0.04 secs] 
806.079: [GC (Allocation Failure) 806.079: [ParNew: 610500K->60837K(613440K), 0.0388545 secs] 6142792K->5637524K(8320512K), 0.0389163 secs] [Times: user=0.17 sys=0.00, real=0.04 secs] 
812.200: [GC (Allocation Failure) 812.200: [ParNew: 606181K->67316K(613440K), 0.0383012 secs] 6182868K->5683181K(8320512K), 0.0383674 secs] [Times: user=0.16 sys=0.00, real=0.04 secs] 
817.853: [GC (Allocation Failure) 817.853: [ParNew: 612660K->60440K(613440K), 0.0441849 secs] 6228525K->5719720K(8320512K), 0.0442471 secs] [Times: user=0.34 sys=0.01, real=0.04 secs] 
823.924: [GC (Allocation Failure) 823.924: [ParNew: 605784K->63261K(613440K), 0.0385006 secs] 6265064K->5762791K(8320512K), 0.0385673 secs] [Times: user=0.17 sys=0.03, real=0.04 secs] 
829.663: [GC (Allocation Failure) 829.664: [ParNew: 608605K->59807K(613440K), 0.0380262 secs] 6308135K->5801742K(8320512K), 0.0380890 secs] [Times: user=0.27 sys=0.00, real=0.04 secs] 
835.508: [GC (Allocation Failure) 835.508: [ParNew: 605151K->63971K(613440K), 0.0376721 secs] 6347086K->5847158K(8320512K), 0.0377412 secs] [Times: user=0.27 sys=0.02, real=0.04 secs] 
841.465: [GC (Allocation Failure) 841.465: [ParNew: 609315K->57545K(613440K), 0.0464125 secs] 6392502K->5881089K(8320512K), 0.0465459 secs] [Times: user=0.23 sys=0.00, real=0.05 secs] 
847.325: [GC (Allocation Failure) 847.325: [ParNew: 602889K->62331K(613440K), 0.0377515 secs] 6426433K->5925962K(8320512K), 0.0378194 secs] [Times: user=0.17 sys=0.03, real=0.04 secs] 
853.039: [GC (Allocation Failure) 853.040: [ParNew: 607675K->67495K(613440K), 0.0393899 secs] 6471306K->5971629K(8320512K), 0.0394601 secs] [Times: user=0.25 sys=0.01, real=0.04 secs] 
858.988: [GC (Allocation Failure) 858.988: [ParNew: 612839K->68096K(613440K), 0.0382028 secs] 6516973K->6013347K(8320512K), 0.0382651 secs] [Times: user=0.17 sys=0.00, real=0.04 secs] 
864.559: [GC (Allocation Failure) 864.559: [ParNew: 613440K->58384K(613440K), 0.0403019 secs] 6558691K->6045375K(8320512K), 0.0403658 secs] [Times: user=0.13 sys=0.00, real=0.04 secs] 
870.587: [GC (Allocation Failure) 870.588: [ParNew: 603728K->57007K(613440K), 0.0430483 secs] 6590719K->6083783K(8320512K), 0.0431325 secs] [Times: user=0.28 sys=0.05, real=0.04 secs] 
876.112: [GC (Allocation Failure) 876.112: [ParNew: 602351K->54495K(613440K), 0.0437503 secs] 6629127K->6124323K(8320512K), 0.0438520 secs] [Times: user=0.16 sys=0.06, real=0.04 secs] 
882.254: [GC (Allocation Failure) 882.254: [ParNew: 599839K->68096K(613440K), 0.0381426 secs] 6669667K->6176352K(8320512K), 0.0382108 secs] [Times: user=0.19 sys=0.00, real=0.04 secs] 
887.832: [GC (Allocation Failure) 887.832: [ParNew: 613440K->61206K(613440K), 0.0419768 secs] 6721696K->6214093K(8320512K), 0.0420661 secs] [Times: user=0.27 sys=0.02, real=0.04 secs] 
893.988: [GC (Allocation Failure) 893.988: [ParNew: 606550K->62672K(613440K), 0.0376919 secs] 6759437K->6255179K(8320512K), 0.0377564 secs] [Times: user=0.13 sys=0.03, real=0.04 secs] 
899.496: [GC (Allocation Failure) 899.496: [ParNew: 608016K->61750K(613440K), 0.0391138 secs] 6800523K->6298830K(8320512K), 0.0391782 secs] [Times: user=0.14 sys=0.00, real=0.04 secs] 
905.693: [GC (Allocation Failure) 905.693: [ParNew: 607094K->67239K(613440K), 0.0370514 secs] 6844174K->6343360K(8320512K), 0.0371138 secs] [Times: user=0.14 sys=0.03, real=0.04 secs] 
911.224: [GC (Allocation Failure) 911.224: [ParNew: 612583K->60974K(613440K), 0.0417223 secs] 6888704K->6381107K(8320512K), 0.0417830 secs] [Times: user=0.34 sys=0.02, real=0.04 secs] 
917.303: [GC (Allocation Failure) 917.303: [ParNew: 606318K->66405K(613440K), 0.0394734 secs] 6926451K->6425179K(8320512K), 0.0395425 secs] [Times: user=0.30 sys=0.06, real=0.04 secs] 
923.020: [GC (Allocation Failure) 923.020: [ParNew: 611749K->60176K(613440K), 0.0388295 secs] 6970523K->6462270K(8320512K), 0.0389058 secs] [Times: user=0.11 sys=0.05, real=0.04 secs] 
929.488: [GC (Allocation Failure) 929.488: [ParNew: 605520K->68096K(613440K), 0.0464423 secs] 7007614K->6508707K(8320512K), 0.0465211 secs] [Times: user=0.23 sys=0.06, real=0.05 secs] 
935.388: [GC (Allocation Failure) 935.388: [ParNew: 613440K->61275K(613440K), 0.0559806 secs] 7054051K->6545350K(8320512K), 0.0560472 secs] [Times: user=0.22 sys=0.03, real=0.05 secs] 
941.863: [GC (Allocation Failure) 941.863: [ParNew: 606619K->67103K(613440K), 0.0389218 secs] 7090694K->6589615K(8320512K), 0.0389955 secs] [Times: user=0.14 sys=0.05, real=0.04 secs] 
947.706: [GC (Allocation Failure) 947.706: [ParNew: 612447K->68096K(613440K), 0.0614402 secs] 7134959K->6636533K(8320512K), 0.0616191 secs] [Times: user=0.33 sys=0.03, real=0.06 secs] 
954.023: [GC (Allocation Failure) 954.023: [ParNew: 613440K->59992K(613440K), 0.0415777 secs] 7181877K->6667216K(8320512K), 0.0416464 secs] [Times: user=0.28 sys=0.02, real=0.04 secs] 
959.687: [GC (Allocation Failure) 959.687: [ParNew: 605336K->57448K(613440K), 0.0510431 secs] 7212560K->6709974K(8320512K), 0.0511084 secs] [Times: user=0.16 sys=0.03, real=0.05 secs] 
965.964: [GC (Allocation Failure) 965.964: [ParNew: 602792K->68096K(613440K), 0.0396057 secs] 7255318K->6758881K(8320512K), 0.0396708 secs] [Times: user=0.20 sys=0.03, real=0.04 secs] 
971.596: [GC (Allocation Failure) 971.596: [ParNew: 613440K->56829K(613440K), 0.0432544 secs] 7304225K->6793452K(8320512K), 0.0433270 secs] [Times: user=0.14 sys=0.02, real=0.04 secs] 
977.708: [GC (Allocation Failure) 977.708: [ParNew: 602173K->65009K(613440K), 0.0388540 secs] 7338796K->6838428K(8320512K), 0.0389126 secs] [Times: user=0.09 sys=0.06, real=0.04 secs] 
983.376: [GC (Allocation Failure) 983.376: [ParNew: 610353K->56476K(613440K), 0.0436208 secs] 7383772K->6875276K(8320512K), 0.0436914 secs] [Times: user=0.23 sys=0.03, real=0.04 secs] 
989.373: [GC (Allocation Failure) 989.373: [ParNew: 601820K->66360K(613440K), 0.0385108 secs] 7420620K->6923192K(8320512K), 0.0385693 secs] [Times: user=0.20 sys=0.02, real=0.04 secs] 
995.239: [GC (Allocation Failure) 995.239: [ParNew: 611704K->55638K(613440K), 0.0449128 secs] 7468536K->6956486K(8320512K), 0.0449745 secs] [Times: user=0.27 sys=0.00, real=0.05 secs] 
1001.072: [GC (Allocation Failure) 1001.072: [ParNew: 600982K->63091K(613440K), 0.0420294 secs] 7501830K->7004012K(8320512K), 0.0420896 secs] [Times: user=0.30 sys=0.02, real=0.04 secs] 
1007.116: [GC (Allocation Failure) 1007.116: [ParNew: 608435K->68096K(613440K), 0.0372910 secs] 7549356K->7049964K(8320512K), 0.0373638 secs] [Times: user=0.27 sys=0.00, real=0.04 secs] 
1012.766: [GC (Allocation Failure) 1012.767: [ParNew: 613440K->66198K(613440K), 0.0483948 secs] 7595308K->7091290K(8320512K), 0.0484696 secs] [Times: user=0.19 sys=0.02, real=0.05 secs] 
1018.936: [GC (Allocation Failure) 1018.936: [ParNew: 611542K->66779K(613440K), 0.0463900 secs] 7636634K->7130707K(8320512K), 0.0464525 secs] [Times: user=0.17 sys=0.03, real=0.05 secs] 
1027.842: [GC (Allocation Failure) 1027.842: [ParNew: 612123K->46593K(613440K), 0.0461686 secs] 7676051K->7152754K(8320512K), 0.0462673 secs] [Times: user=0.17 sys=0.03, real=0.05 secs] 
1027.888: [GC (CMS Initial Mark) [1 CMS-initial-mark: 7106160K(7707072K)] 7153987K(8320512K), 0.0026712 secs] [Times: user=0.00 sys=0.00, real=0.00 secs] 
1027.891: [CMS-concurrent-mark-start]
1028.100: [CMS-concurrent-mark: 0.198/0.209 secs] [Times: user=1.38 sys=0.02, real=0.21 secs] 
1028.100: [CMS-concurrent-preclean-start]
1028.114: [CMS-concurrent-preclean: 0.014/0.014 secs] [Times: user=0.09 sys=0.00, real=0.01 secs] 
