[0.025s][info][gc,init] Initializing The Z Garbage Collector
[0.026s][info][gc,init] Version: 22.0.2+9 (release)
[0.026s][info][gc,init] NUMA Support: Disabled
[0.026s][info][gc,init] CPUs: 16 total, 8 available
[0.026s][info][gc,init] Memory: 16099M
[0.026s][info][gc,init] Large Page Support: Disabled
[0.027s][info][gc,init] Address Space Type: Contiguous/Unrestricted/Complete
[0.027s][info][gc,init] Address Space Size: 131072M
[0.027s][info][gc,init] Min Capacity: 8192M
[0.027s][info][gc,init] Initial Capacity: 8192M
[0.027s][info][gc,init] Max Capacity: 8192M
[0.027s][info][gc,init] Soft Max Capacity: 8192M
[0.027s][info][gc,init] Medium Page Size: 32M
[0.027s][info][gc,init] Pre-touch: Disabled
[0.027s][info][gc,init] Uncommit: Implicitly Disabled (-Xms equals -Xmx)
[0.028s][info][gc,init] GC Workers for Old Generation: 2 (dynamic)
[0.028s][info][gc,init] GC Workers for Young Generation: 2 (dynamic)
[0.193s][info][gc,init] GC Workers Max: 2 (dynamic)
[0.193s][info][gc,init] Runtime Workers: 5
[0.193s][info][gc     ] Using The Z Garbage Collector
[0.216s][info][gc,metaspace] CDS archive(s) mapped at: [0x0000019f82000000-0x0000019f82c60000-0x0000019f82c60000), size 12976128, SharedBaseAddress: 0x0000019f82000000, ArchiveRelocationMode: 1.
[0.216s][info][gc,metaspace] Compressed class space mapped at: 0x0000019f83000000-0x0000019fc3000000, reserved size: 1073741824
[0.216s][info][gc,metaspace] Narrow klass base: 0x0000019f82000000, Narrow klass shift: 0, Narrow klass range: 0x41000000
[2.568s][info][gc          ] GC(0) Major Collection (Metadata GC Threshold)
[2.568s][info][gc,task     ] GC(0) Using 1 Workers for Young Generation
[2.568s][info][gc,task     ] GC(0) Using 1 Workers for Old Generation
[2.568s][info][gc,phases   ] GC(0) Y: Young Generation
[2.568s][info][gc,phases   ] GC(0) Y: Pause Mark Start (Major) 0.012ms
[2.587s][info][gc,phases   ] GC(0) Y: Concurrent Mark 19.167ms
[2.587s][info][gc,phases   ] GC(0) Y: Pause Mark End 0.011ms
[2.587s][info][gc,phases   ] GC(0) Y: Concurrent Mark Free 0.000ms
[2.587s][info][gc,phases   ] GC(0) Y: Concurrent Reset Relocation Set 0.000ms
[2.592s][info][gc,reloc    ] GC(0) Y: Using tenuring threshold: 1 (Computed)
[2.593s][info][gc,phases   ] GC(0) Y: Concurrent Select Relocation Set 5.671ms
[2.593s][info][gc,phases   ] GC(0) Y: Pause Relocate Start 0.007ms
[2.601s][info][gc,phases   ] GC(0) Y: Concurrent Relocate 7.762ms
[2.601s][info][gc,alloc    ] GC(0) Y:                         Mark Start        Mark End      Relocate Start    Relocate End   
[2.601s][info][gc,alloc    ] GC(0) Y: Allocation Stalls:          0                0                0                0         
[2.601s][info][gc,load     ] GC(0) Y: Load: 0.00 (0%) / 0.00 (0%) / 0.00 (0%)
[2.601s][info][gc,mmu      ] GC(0) Y: MMU: 2ms/99.4%, 5ms/99.8%, 10ms/99.8%, 20ms/99.9%, 50ms/99.9%, 100ms/100.0%
[2.601s][info][gc,marking  ] GC(0) Y: Mark: 1 stripe(s), 2 proactive flush(es), 1 terminate flush(es), 0 completion(s), 0 continuation(s) 
[2.601s][info][gc,marking  ] GC(0) Y: Mark Stack Usage: 32M
[2.601s][info][gc,nmethod  ] GC(0) Y: NMethods: 2866 registered, 0 unregistered
[2.601s][info][gc,metaspace] GC(0) Y: Metaspace: 21M used, 21M committed, 1088M reserved
[2.601s][info][gc,reloc    ] GC(0) Y:                        Candidates     Selected     In-Place         Size        Empty    Relocated 
[2.601s][info][gc,reloc    ] GC(0) Y: Small Pages:                   58           50            0         116M           0M           8M 
[2.601s][info][gc,reloc    ] GC(0) Y: Medium Pages:                   4            0            0         128M          96M           0M 
[2.601s][info][gc,reloc    ] GC(0) Y: Large Pages:                   24            0            0         442M         442M           0M 
[2.601s][info][gc,reloc    ] GC(0) Y: Forwarding Usage: 3M
[2.601s][info][gc,reloc    ] GC(0) Y: Age Table:
[2.601s][info][gc,reloc    ] GC(0) Y:                    Live             Garbage             Small              Medium             Large        
[2.601s][info][gc,reloc    ] GC(0) Y: Eden              16M (0%)          669M (8%)          58 / 50             4 / 0             24 / 0        
[2.601s][info][gc,heap     ] GC(0) Y: Min Capacity: 8192M(100%)
[2.601s][info][gc,heap     ] GC(0) Y: Max Capacity: 8192M(100%)
[2.601s][info][gc,heap     ] GC(0) Y: Soft Max Capacity: 8192M(100%)
[2.601s][info][gc,heap     ] GC(0) Y: Heap Statistics:
[2.601s][info][gc,heap     ] GC(0) Y:                Mark Start          Mark End        Relocate Start      Relocate End           High               Low         
[2.601s][info][gc,heap     ] GC(0) Y:  Capacity:     8192M (100%)       8192M (100%)       8192M (100%)       8192M (100%)       8192M (100%)       8192M (100%)   
[2.601s][info][gc,heap     ] GC(0) Y:      Free:     7506M (92%)        7502M (92%)        8040M (98%)        8136M (99%)        8136M (99%)        7502M (92%)    
[2.601s][info][gc,heap     ] GC(0) Y:      Used:      686M (8%)          690M (8%)          152M (2%)           56M (1%)          690M (8%)           56M (1%)     
[2.601s][info][gc,heap     ] GC(0) Y: Young Generation Statistics:
[2.601s][info][gc,heap     ] GC(0) Y:                Mark Start          Mark End        Relocate Start      Relocate End    
[2.601s][info][gc,heap     ] GC(0) Y:      Used:      686M (8%)          690M (8%)          152M (2%)           56M (1%)     
[2.601s][info][gc,heap     ] GC(0) Y:      Live:         -                16M (0%)           16M (0%)           16M (0%)     
[2.601s][info][gc,heap     ] GC(0) Y:   Garbage:         -               669M (8%)          131M (2%)           30M (0%)     
[2.601s][info][gc,heap     ] GC(0) Y: Allocated:         -                 4M (0%)            4M (0%)            9M (0%)     
[2.601s][info][gc,heap     ] GC(0) Y: Reclaimed:         -                  -               538M (7%)          639M (8%)     
[2.601s][info][gc,heap     ] GC(0) Y:  Promoted:         -                  -                 0M (0%)            0M (0%)     
[2.601s][info][gc,heap     ] GC(0) Y: Compacted:         -                  -                  -                10M (0%)     
[2.602s][info][gc,phases   ] GC(0) Y: Young Generation 686M(8%)->56M(1%) 0.033s
[2.602s][info][gc,phases   ] GC(0) O: Old Generation
[2.602s][info][gc,phases   ] GC(0) O: Concurrent Mark 0.593ms
[2.602s][info][gc,phases   ] GC(0) O: Pause Mark End 0.007ms
[2.602s][info][gc,phases   ] GC(0) O: Concurrent Mark Free 0.185ms
[2.607s][info][gc,phases   ] GC(0) O: Concurrent Process Non-Strong 4.374ms
[2.607s][info][gc,phases   ] GC(0) O: Concurrent Reset Relocation Set 0.000ms
[2.608s][info][gc,phases   ] GC(0) O: Concurrent Select Relocation Set 1.428ms
[2.608s][info][gc,task     ] GC(0) O: Using 2 Workers for Old Generation
[2.668s][info][gc,task     ] GC(0) O: Using 1 Workers for Old Generation
[2.668s][info][gc,phases   ] GC(0) O: Concurrent Remap Roots 59.294ms
[2.668s][info][gc,phases   ] GC(0) O: Pause Relocate Start 0.015ms
[2.668s][info][gc,phases   ] GC(0) O: Concurrent Relocate 0.138ms
[2.668s][info][gc,alloc    ] GC(0) O:                         Mark Start        Mark End      Relocate Start    Relocate End   
[2.668s][info][gc,alloc    ] GC(0) O: Allocation Stalls:          0                0                0                0         
[2.668s][info][gc,load     ] GC(0) O: Load: 0.00 (0%) / 0.00 (0%) / 0.00 (0%)
[2.668s][info][gc,mmu      ] GC(0) O: MMU: 2ms/99.3%, 5ms/99.7%, 10ms/99.8%, 20ms/99.9%, 50ms/99.9%, 100ms/99.9%
[2.668s][info][gc,marking  ] GC(0) O: Mark: 1 stripe(s), 1 proactive flush(es), 1 terminate flush(es), 0 completion(s), 0 continuation(s) 
[2.668s][info][gc,marking  ] GC(0) O: Mark Stack Usage: 0M
[2.668s][info][gc,nmethod  ] GC(0) O: NMethods: 2614 registered, 325 unregistered
[2.668s][info][gc,metaspace] GC(0) O: Metaspace: 22M used, 23M committed, 1088M reserved
[2.668s][info][gc,ref      ] GC(0) O:                       Encountered   Discovered     Enqueued 
[2.668s][info][gc,ref      ] GC(0) O: Soft References:             4260            0            0 
[2.668s][info][gc,ref      ] GC(0) O: Weak References:             4517            0            0 
[2.668s][info][gc,ref      ] GC(0) O: Final References:              35            0            0 
[2.668s][info][gc,ref      ] GC(0) O: Phantom References:          1726            0            0 
[2.668s][info][gc,heap     ] GC(0) O: Min Capacity: 8192M(100%)
[2.668s][info][gc,heap     ] GC(0) O: Max Capacity: 8192M(100%)
[2.668s][info][gc,heap     ] GC(0) O: Soft Max Capacity: 8192M(100%)
[2.668s][info][gc,heap     ] GC(0) O: Heap Statistics:
[2.668s][info][gc,heap     ] GC(0) O:                Mark Start          Mark End        Relocate Start      Relocate End           High               Low         
[2.668s][info][gc,heap     ] GC(0) O:  Capacity:     8192M (100%)       8192M (100%)       8192M (100%)       8192M (100%)       8192M (100%)       8192M (100%)   
[2.668s][info][gc,heap     ] GC(0) O:      Free:     7506M (92%)        8136M (99%)        8130M (99%)        8130M (99%)        8136M (99%)        7502M (92%)    
[2.668s][info][gc,heap     ] GC(0) O:      Used:      686M (8%)           56M (1%)           62M (1%)           62M (1%)          690M (8%)           56M (1%)     
[2.668s][info][gc,heap     ] GC(0) O: Old Generation Statistics:
[2.668s][info][gc,heap     ] GC(0) O:                Mark Start          Mark End        Relocate Start      Relocate End    
[2.668s][info][gc,heap     ] GC(0) O:      Used:        0M (0%)            0M (0%)            0M (0%)            0M (0%)     
[2.668s][info][gc,heap     ] GC(0) O:      Live:         -                 0M (0%)            0M (0%)            0M (0%)     
[2.668s][info][gc,heap     ] GC(0) O:   Garbage:         -                 0M (0%)            0M (0%)            0M (0%)     
[2.668s][info][gc,heap     ] GC(0) O: Allocated:         -                 0M (0%)            0M (0%)            0M (0%)     
[2.668s][info][gc,heap     ] GC(0) O: Reclaimed:         -                  -                 0M (0%)            0M (0%)     
[2.668s][info][gc,heap     ] GC(0) O: Compacted:         -                  -                  -                 0M (0%)     
[2.668s][info][gc,phases   ] GC(0) O: Old Generation 56M(1%)->62M(1%) 0.066s
[2.668s][info][gc          ] GC(0) Major Collection (Metadata GC Threshold) 686M(8%)->62M(1%) 0.100s
[3.999s][info][gc          ] GC(1) Major Collection (Metadata GC Threshold)
[3.999s][info][gc,task     ] GC(1) Using 1 Workers for Young Generation
[3.999s][info][gc,task     ] GC(1) Using 1 Workers for Old Generation
[3.999s][info][gc,phases   ] GC(1) Y: Young Generation
[4.007s][info][gc,phases   ] GC(1) Y: Pause Mark Start (Major) 0.021ms
[4.244s][info][gc,phases   ] GC(1) Y: Concurrent Mark 236.784ms
[4.244s][info][gc,phases   ] GC(1) Y: Pause Mark End 0.009ms
[4.244s][info][gc,phases   ] GC(1) Y: Concurrent Mark Free 0.000ms
[4.244s][info][gc,phases   ] GC(1) Y: Concurrent Reset Relocation Set 0.004ms
[4.246s][info][gc,reloc    ] GC(1) Y: Using tenuring threshold: 2 (Computed)
[4.258s][info][gc,phases   ] GC(1) Y: Concurrent Select Relocation Set 13.534ms
[4.258s][info][gc,phases   ] GC(1) Y: Pause Relocate Start 0.009ms
[4.385s][info][gc,phases   ] GC(1) Y: Concurrent Relocate 127.294ms
[4.386s][info][gc,alloc    ] GC(1) Y:                         Mark Start        Mark End      Relocate Start    Relocate End   
[4.386s][info][gc,alloc    ] GC(1) Y: Allocation Stalls:          0                0                0                0         
[4.386s][info][gc,load     ] GC(1) Y: Load: 0.00 (0%) / 0.00 (0%) / 0.00 (0%)
[4.386s][info][gc,mmu      ] GC(1) Y: MMU: 2ms/99.0%, 5ms/99.6%, 10ms/99.8%, 20ms/99.9%, 50ms/99.9%, 100ms/99.9%
[4.386s][info][gc,marking  ] GC(1) Y: Mark: 1 stripe(s), 2 proactive flush(es), 1 terminate flush(es), 0 completion(s), 0 continuation(s) 
[4.386s][info][gc,marking  ] GC(1) Y: Mark Stack Usage: 32M
[4.386s][info][gc,nmethod  ] GC(1) Y: NMethods: 4759 registered, 325 unregistered
[4.386s][info][gc,metaspace] GC(1) Y: Metaspace: 42M used, 43M committed, 1088M reserved
[4.386s][info][gc,reloc    ] GC(1) Y:                        Candidates     Selected     In-Place         Size        Empty    Relocated 
[4.386s][info][gc,reloc    ] GC(1) Y: Small Pages:                  369          233            0         738M         108M          79M 
[4.386s][info][gc,reloc    ] GC(1) Y: Medium Pages:                   2            1            0          64M           0M           3M 
[4.386s][info][gc,reloc    ] GC(1) Y: Large Pages:                    0            0            0           0M           0M           0M 
[4.386s][info][gc,reloc    ] GC(1) Y: Forwarding Usage: 51M
[4.386s][info][gc,reloc    ] GC(1) Y: Age Table:
[4.386s][info][gc,reloc    ] GC(1) Y:                    Live             Garbage             Small              Medium             Large        
[4.386s][info][gc,reloc    ] GC(1) Y: Eden             128M (2%)          621M (8%)         359 / 231            1 / 0              0 / 0        
[4.386s][info][gc,reloc    ] GC(1) Y: Survivor 1        15M (0%)           36M (0%)          10 / 2              1 / 1              0 / 0        
[4.386s][info][gc,heap     ] GC(1) Y: Min Capacity: 8192M(100%)
[4.386s][info][gc,heap     ] GC(1) Y: Max Capacity: 8192M(100%)
[4.386s][info][gc,heap     ] GC(1) Y: Soft Max Capacity: 8192M(100%)
[4.386s][info][gc,heap     ] GC(1) Y: Heap Statistics:
[4.386s][info][gc,heap     ] GC(1) Y:                Mark Start          Mark End        Relocate Start      Relocate End           High               Low         
[4.386s][info][gc,heap     ] GC(1) Y:  Capacity:     8192M (100%)       8192M (100%)       8192M (100%)       8192M (100%)       8192M (100%)       8192M (100%)   
[4.386s][info][gc,heap     ] GC(1) Y:      Free:     7390M (90%)        7294M (89%)        7392M (90%)        7830M (96%)        7830M (96%)        7292M (89%)    
[4.386s][info][gc,heap     ] GC(1) Y:      Used:      802M (10%)         898M (11%)         800M (10%)         362M (4%)          900M (11%)         362M (4%)     
[4.386s][info][gc,heap     ] GC(1) Y: Young Generation Statistics:
[4.386s][info][gc,heap     ] GC(1) Y:                Mark Start          Mark End        Relocate Start      Relocate End    
[4.386s][info][gc,heap     ] GC(1) Y:      Used:      802M (10%)         898M (11%)         800M (10%)         362M (4%)     
[4.386s][info][gc,heap     ] GC(1) Y:      Live:         -               144M (2%)          144M (2%)          144M (2%)     
[4.386s][info][gc,heap     ] GC(1) Y:   Garbage:         -               657M (8%)          549M (7%)            7M (0%)     
[4.386s][info][gc,heap     ] GC(1) Y: Allocated:         -                96M (1%)          106M (1%)          210M (3%)     
[4.386s][info][gc,heap     ] GC(1) Y: Reclaimed:         -                  -               108M (1%)          650M (8%)     
[4.386s][info][gc,heap     ] GC(1) Y:  Promoted:         -                  -                 0M (0%)            0M (0%)     
[4.386s][info][gc,heap     ] GC(1) Y: Compacted:         -                  -                  -               111M (1%)     
[4.386s][info][gc,phases   ] GC(1) Y: Young Generation 802M(10%)->362M(4%) 0.386s
[4.386s][info][gc,phases   ] GC(1) O: Old Generation
[4.386s][info][gc,phases   ] GC(1) O: Concurrent Mark 0.364ms
[4.386s][info][gc,phases   ] GC(1) O: Pause Mark End 0.008ms
[4.386s][info][gc,phases   ] GC(1) O: Concurrent Mark Free 0.001ms
[4.394s][info][gc,phases   ] GC(1) O: Concurrent Process Non-Strong 7.808ms
[4.394s][info][gc,phases   ] GC(1) O: Concurrent Reset Relocation Set 0.000ms
[4.396s][info][gc,phases   ] GC(1) O: Concurrent Select Relocation Set 1.446ms
[4.396s][info][gc,task     ] GC(1) O: Using 2 Workers for Old Generation
[4.456s][info][gc,task     ] GC(1) O: Using 1 Workers for Old Generation
[4.456s][info][gc,phases   ] GC(1) O: Concurrent Remap Roots 60.137ms
[4.456s][info][gc,phases   ] GC(1) O: Pause Relocate Start 0.007ms
[4.456s][info][gc,phases   ] GC(1) O: Concurrent Relocate 0.060ms
[4.456s][info][gc,alloc    ] GC(1) O:                         Mark Start        Mark End      Relocate Start    Relocate End   
[4.456s][info][gc,alloc    ] GC(1) O: Allocation Stalls:          0                0                0                0         
[4.456s][info][gc,load     ] GC(1) O: Load: 0.00 (0%) / 0.00 (0%) / 0.00 (0%)
[4.456s][info][gc,mmu      ] GC(1) O: MMU: 2ms/99.0%, 5ms/99.6%, 10ms/99.8%, 20ms/99.9%, 50ms/99.9%, 100ms/99.9%
[4.456s][info][gc,marking  ] GC(1) O: Mark: 1 stripe(s), 1 proactive flush(es), 1 terminate flush(es), 0 completion(s), 0 continuation(s) 
[4.456s][info][gc,marking  ] GC(1) O: Mark Stack Usage: 0M
[4.456s][info][gc,nmethod  ] GC(1) O: NMethods: 4241 registered, 911 unregistered
[4.456s][info][gc,metaspace] GC(1) O: Metaspace: 43M used, 44M committed, 1088M reserved
[4.456s][info][gc,ref      ] GC(1) O:                       Encountered   Discovered     Enqueued 
[4.456s][info][gc,ref      ] GC(1) O: Soft References:             4473            0            0 
[4.456s][info][gc,ref      ] GC(1) O: Weak References:             9628            0            0 
[4.456s][info][gc,ref      ] GC(1) O: Final References:              35            0            0 
[4.456s][info][gc,ref      ] GC(1) O: Phantom References:          2648            0            0 
[4.456s][info][gc,heap     ] GC(1) O: Min Capacity: 8192M(100%)
[4.456s][info][gc,heap     ] GC(1) O: Max Capacity: 8192M(100%)
[4.456s][info][gc,heap     ] GC(1) O: Soft Max Capacity: 8192M(100%)
[4.456s][info][gc,heap     ] GC(1) O: Heap Statistics:
[4.456s][info][gc,heap     ] GC(1) O:                Mark Start          Mark End        Relocate Start      Relocate End           High               Low         
[4.456s][info][gc,heap     ] GC(1) O:  Capacity:     8192M (100%)       8192M (100%)       8192M (100%)       8192M (100%)       8192M (100%)       8192M (100%)   
[4.456s][info][gc,heap     ] GC(1) O:      Free:     7390M (90%)        7830M (96%)        7822M (95%)        7822M (95%)        7830M (96%)        7292M (89%)    
[4.456s][info][gc,heap     ] GC(1) O:      Used:      802M (10%)         362M (4%)          370M (5%)          370M (5%)          900M (11%)         362M (4%)     
[4.456s][info][gc,heap     ] GC(1) O: Old Generation Statistics:
[4.456s][info][gc,heap     ] GC(1) O:                Mark Start          Mark End        Relocate Start      Relocate End    
[4.456s][info][gc,heap     ] GC(1) O:      Used:        0M (0%)            0M (0%)            0M (0%)            0M (0%)     
[4.456s][info][gc,heap     ] GC(1) O:      Live:         -                 0M (0%)            0M (0%)            0M (0%)     
[4.456s][info][gc,heap     ] GC(1) O:   Garbage:         -                 0M (0%)            0M (0%)            0M (0%)     
[4.456s][info][gc,heap     ] GC(1) O: Allocated:         -                 0M (0%)            0M (0%)            0M (0%)     
[4.456s][info][gc,heap     ] GC(1) O: Reclaimed:         -                  -                 0M (0%)            0M (0%)     
[4.456s][info][gc,heap     ] GC(1) O: Compacted:         -                  -                  -                 0M (0%)     
[4.456s][info][gc,phases   ] GC(1) O: Old Generation 362M(4%)->370M(5%) 0.070s
[4.456s][info][gc          ] GC(1) Major Collection (Metadata GC Threshold) 802M(10%)->370M(5%) 0.457s
[6.238s][info][gc          ] GC(2) Major Collection (Warmup)
[6.238s][info][gc,task     ] GC(2) Using 2 Workers for Young Generation
[6.238s][info][gc,task     ] GC(2) Using 1 Workers for Old Generation
[6.238s][info][gc,phases   ] GC(2) Y: Young Generation
[6.238s][info][gc,phases   ] GC(2) Y: Pause Mark Start (Major) 0.018ms
[6.677s][info][gc,phases   ] GC(2) Y: Concurrent Mark 438.930ms
[6.677s][info][gc,phases   ] GC(2) Y: Pause Mark End 0.015ms
[6.677s][info][gc,phases   ] GC(2) Y: Concurrent Mark Free 0.000ms
[6.677s][info][gc,phases   ] GC(2) Y: Concurrent Reset Relocation Set 0.090ms
[6.681s][info][gc,reloc    ] GC(2) Y: Using tenuring threshold: 3 (Computed)
[6.690s][info][gc,phases   ] GC(2) Y: Concurrent Select Relocation Set 12.476ms
[6.690s][info][gc,phases   ] GC(2) Y: Pause Relocate Start 0.020ms
[6.795s][info][gc,phases   ] GC(2) Y: Concurrent Relocate 104.527ms
[6.795s][info][gc,alloc    ] GC(2) Y:                         Mark Start        Mark End      Relocate Start    Relocate End   
[6.795s][info][gc,alloc    ] GC(2) Y: Allocation Stalls:          0                0                0                0         
[6.795s][info][gc,load     ] GC(2) Y: Load: 0.00 (0%) / 0.00 (0%) / 0.00 (0%)
[6.795s][info][gc,mmu      ] GC(2) Y: MMU: 2ms/99.0%, 5ms/99.6%, 10ms/99.8%, 20ms/99.8%, 50ms/99.9%, 100ms/99.9%
[6.795s][info][gc,marking  ] GC(2) Y: Mark: 2 stripe(s), 3 proactive flush(es), 1 terminate flush(es), 0 completion(s), 0 continuation(s) 
[6.795s][info][gc,marking  ] GC(2) Y: Mark Stack Usage: 32M
[6.795s][info][gc,nmethod  ] GC(2) Y: NMethods: 7874 registered, 0 unregistered
[6.795s][info][gc,metaspace] GC(2) Y: Metaspace: 75M used, 76M committed, 1152M reserved
[6.795s][info][gc,reloc    ] GC(2) Y:                        Candidates     Selected     In-Place         Size        Empty    Relocated 
[6.795s][info][gc,reloc    ] GC(2) Y: Small Pages:                  362          225            0         724M           0M          66M 
[6.795s][info][gc,reloc    ] GC(2) Y: Medium Pages:                   3            2            0          96M           0M           6M 
[6.795s][info][gc,reloc    ] GC(2) Y: Large Pages:                    0            0            0           0M           0M           0M 
[6.795s][info][gc,reloc    ] GC(2) Y: Forwarding Usage: 39M
[6.795s][info][gc,reloc    ] GC(2) Y: Age Table:
[6.795s][info][gc,reloc    ] GC(2) Y:                    Live             Garbage             Small              Medium             Large        
[6.795s][info][gc,reloc    ] GC(2) Y: Eden             110M (1%)          471M (6%)         275 / 216            1 / 1              0 / 0        
[6.795s][info][gc,reloc    ] GC(2) Y: Survivor 1       127M (2%)           52M (1%)          74 / 5              1 / 0              0 / 0        
[6.795s][info][gc,reloc    ] GC(2) Y: Survivor 2        15M (0%)           42M (1%)          13 / 4              1 / 1              0 / 0        
[6.795s][info][gc,heap     ] GC(2) Y: Min Capacity: 8192M(100%)
[6.795s][info][gc,heap     ] GC(2) Y: Max Capacity: 8192M(100%)
[6.795s][info][gc,heap     ] GC(2) Y: Soft Max Capacity: 8192M(100%)
[6.795s][info][gc,heap     ] GC(2) Y: Heap Statistics:
[6.795s][info][gc,heap     ] GC(2) Y:                Mark Start          Mark End        Relocate Start      Relocate End           High               Low         
[6.795s][info][gc,heap     ] GC(2) Y:  Capacity:     8192M (100%)       8192M (100%)       8192M (100%)       8192M (100%)       8192M (100%)       8192M (100%)   
[6.795s][info][gc,heap     ] GC(2) Y:      Free:     7372M (90%)        7168M (88%)        7166M (87%)        7592M (93%)        7592M (93%)        7090M (87%)    
[6.795s][info][gc,heap     ] GC(2) Y:      Used:      820M (10%)        1024M (12%)        1026M (13%)         600M (7%)         1102M (13%)         600M (7%)     
[6.795s][info][gc,heap     ] GC(2) Y: Young Generation Statistics:
[6.795s][info][gc,heap     ] GC(2) Y:                Mark Start          Mark End        Relocate Start      Relocate End    
[6.795s][info][gc,heap     ] GC(2) Y:      Used:      820M (10%)        1024M (12%)        1026M (13%)         600M (7%)     
[6.795s][info][gc,heap     ] GC(2) Y:      Live:         -               253M (3%)          253M (3%)          253M (3%)     
[6.795s][info][gc,heap     ] GC(2) Y:   Garbage:         -               566M (7%)          566M (7%)           13M (0%)     
[6.795s][info][gc,heap     ] GC(2) Y: Allocated:         -               204M (2%)          206M (3%)          333M (4%)     
[6.795s][info][gc,heap     ] GC(2) Y: Reclaimed:         -                  -                 0M (0%)          553M (7%)     
[6.795s][info][gc,heap     ] GC(2) Y:  Promoted:         -                  -                 0M (0%)            0M (0%)     
[6.795s][info][gc,heap     ] GC(2) Y: Compacted:         -                  -                  -               102M (1%)     
[6.795s][info][gc,phases   ] GC(2) Y: Young Generation 820M(10%)->600M(7%) 0.557s
[6.795s][info][gc,phases   ] GC(2) O: Old Generation
[6.795s][info][gc,phases   ] GC(2) O: Concurrent Mark 0.219ms
[6.795s][info][gc,phases   ] GC(2) O: Pause Mark End 0.010ms
[6.795s][info][gc,phases   ] GC(2) O: Concurrent Mark Free 0.001ms
[6.813s][info][gc,phases   ] GC(2) O: Concurrent Process Non-Strong 17.209ms
[6.813s][info][gc,phases   ] GC(2) O: Concurrent Reset Relocation Set 0.000ms
[6.815s][info][gc,phases   ] GC(2) O: Concurrent Select Relocation Set 2.280ms
[6.815s][info][gc,task     ] GC(2) O: Using 2 Workers for Old Generation
[6.877s][info][gc,task     ] GC(2) O: Using 1 Workers for Old Generation
[6.877s][info][gc,phases   ] GC(2) O: Concurrent Remap Roots 62.136ms
[6.877s][info][gc,phases   ] GC(2) O: Pause Relocate Start 0.007ms
[6.877s][info][gc,phases   ] GC(2) O: Concurrent Relocate 0.024ms
[6.877s][info][gc,alloc    ] GC(2) O:                         Mark Start        Mark End      Relocate Start    Relocate End   
[6.877s][info][gc,alloc    ] GC(2) O: Allocation Stalls:          0                0                0                0         
[6.877s][info][gc,load     ] GC(2) O: Load: 0.00 (0%) / 0.00 (0%) / 0.00 (0%)
[6.877s][info][gc,mmu      ] GC(2) O: MMU: 2ms/99.0%, 5ms/99.6%, 10ms/99.8%, 20ms/99.8%, 50ms/99.9%, 100ms/99.9%
[6.877s][info][gc,marking  ] GC(2) O: Mark: 1 stripe(s), 1 proactive flush(es), 1 terminate flush(es), 0 completion(s), 0 continuation(s) 
[6.877s][info][gc,marking  ] GC(2) O: Mark Stack Usage: 0M
[6.877s][info][gc,nmethod  ] GC(2) O: NMethods: 6943 registered, 989 unregistered
[6.877s][info][gc,metaspace] GC(2) O: Metaspace: 76M used, 77M committed, 1152M reserved
[6.877s][info][gc,ref      ] GC(2) O:                       Encountered   Discovered     Enqueued 
[6.877s][info][gc,ref      ] GC(2) O: Soft References:             5042            0            0 
[6.877s][info][gc,ref      ] GC(2) O: Weak References:            24799            0            0 
[6.877s][info][gc,ref      ] GC(2) O: Final References:              36            0            0 
[6.877s][info][gc,ref      ] GC(2) O: Phantom References:          7454            0            0 
[6.877s][info][gc,heap     ] GC(2) O: Min Capacity: 8192M(100%)
[6.877s][info][gc,heap     ] GC(2) O: Max Capacity: 8192M(100%)
[6.877s][info][gc,heap     ] GC(2) O: Soft Max Capacity: 8192M(100%)
[6.877s][info][gc,heap     ] GC(2) O: Heap Statistics:
[6.877s][info][gc,heap     ] GC(2) O:                Mark Start          Mark End        Relocate Start      Relocate End           High               Low         
[6.877s][info][gc,heap     ] GC(2) O:  Capacity:     8192M (100%)       8192M (100%)       8192M (100%)       8192M (100%)       8192M (100%)       8192M (100%)   
[6.877s][info][gc,heap     ] GC(2) O:      Free:     7372M (90%)        7590M (93%)        7582M (93%)        7582M (93%)        7592M (93%)        7090M (87%)    
[6.877s][info][gc,heap     ] GC(2) O:      Used:      820M (10%)         602M (7%)          610M (7%)          610M (7%)         1102M (13%)         600M (7%)     
[6.877s][info][gc,heap     ] GC(2) O: Old Generation Statistics:
[6.877s][info][gc,heap     ] GC(2) O:                Mark Start          Mark End        Relocate Start      Relocate End    
[6.877s][info][gc,heap     ] GC(2) O:      Used:        0M (0%)            0M (0%)            0M (0%)            0M (0%)     
[6.877s][info][gc,heap     ] GC(2) O:      Live:         -                 0M (0%)            0M (0%)            0M (0%)     
[6.877s][info][gc,heap     ] GC(2) O:   Garbage:         -                 0M (0%)            0M (0%)            0M (0%)     
[6.877s][info][gc,heap     ] GC(2) O: Allocated:         -                 0M (0%)            0M (0%)            0M (0%)     
[6.877s][info][gc,heap     ] GC(2) O: Reclaimed:         -                  -                 0M (0%)            0M (0%)     
[6.877s][info][gc,heap     ] GC(2) O: Compacted:         -                  -                  -                 0M (0%)     
[6.877s][info][gc,phases   ] GC(2) O: Old Generation 602M(7%)->610M(7%) 0.082s
[6.878s][info][gc          ] GC(2) Major Collection (Warmup) 820M(10%)->610M(7%) 0.640s
[13.206s][info][gc          ] GC(3) Major Collection (Warmup)
[13.206s][info][gc,task     ] GC(3) Using 2 Workers for Young Generation
[13.206s][info][gc,task     ] GC(3) Using 1 Workers for Old Generation
[13.206s][info][gc,phases   ] GC(3) Y: Young Generation
[13.207s][info][gc,phases   ] GC(3) Y: Pause Mark Start (Major) 0.013ms
[13.553s][info][gc,phases   ] GC(3) Y: Concurrent Mark 346.568ms
[13.553s][info][gc,phases   ] GC(3) Y: Pause Mark End 0.008ms
[13.553s][info][gc,phases   ] GC(3) Y: Concurrent Mark Free 0.000ms
[13.553s][info][gc,phases   ] GC(3) Y: Concurrent Reset Relocation Set 0.028ms
[13.556s][info][gc,reloc    ] GC(3) Y: Using tenuring threshold: 3 (Computed)
[13.564s][info][gc,phases   ] GC(3) Y: Concurrent Select Relocation Set 10.838ms
[13.564s][info][gc,phases   ] GC(3) Y: Pause Relocate Start 0.012ms
[13.622s][info][gc,phases   ] GC(3) Y: Concurrent Relocate 57.616ms
[13.622s][info][gc,alloc    ] GC(3) Y:                         Mark Start        Mark End      Relocate Start    Relocate End   
[13.622s][info][gc,alloc    ] GC(3) Y: Allocation Stalls:          0                0                0                0         
[13.622s][info][gc,load     ] GC(3) Y: Load: 0.00 (0%) / 0.00 (0%) / 0.00 (0%)
[13.622s][info][gc,mmu      ] GC(3) Y: MMU: 2ms/99.0%, 5ms/99.6%, 10ms/99.8%, 20ms/99.8%, 50ms/99.9%, 100ms/99.9%
[13.622s][info][gc,marking  ] GC(3) Y: Mark: 2 stripe(s), 10 proactive flush(es), 1 terminate flush(es), 0 completion(s), 0 continuation(s) 
[13.622s][info][gc,marking  ] GC(3) Y: Mark Stack Usage: 32M
[13.622s][info][gc,nmethod  ] GC(3) Y: NMethods: 11335 registered, 0 unregistered
[13.622s][info][gc,metaspace] GC(3) Y: Metaspace: 111M used, 112M committed, 1152M reserved
[13.622s][info][gc,reloc    ] GC(3) Y:                        Candidates     Selected     In-Place         Size        Empty    Relocated 
[13.622s][info][gc,reloc    ] GC(3) Y: Small Pages:                  756          472            0        1512M         230M          48M 
[13.622s][info][gc,reloc    ] GC(3) Y: Medium Pages:                   4            3            0         128M           0M          12M 
[13.622s][info][gc,reloc    ] GC(3) Y: Large Pages:                    0            0            0           0M           0M           0M 
[13.622s][info][gc,reloc    ] GC(3) Y: Forwarding Usage: 24M
[13.622s][info][gc,reloc    ] GC(3) Y: Age Table:
[13.622s][info][gc,reloc    ] GC(3) Y:                    Live             Garbage             Small              Medium             Large        
[13.622s][info][gc,reloc    ] GC(3) Y: Eden              73M (1%)         1182M (14%)        612 / 459            1 / 1              0 / 0        
[13.622s][info][gc,reloc    ] GC(3) Y: Survivor 1       106M (1%)           49M (1%)          62 / 5              1 / 1              0 / 0        
[13.622s][info][gc,reloc    ] GC(3) Y: Survivor 2       125M (2%)           48M (1%)          71 / 3              1 / 0              0 / 0        
[13.622s][info][gc,reloc    ] GC(3) Y: Survivor 3        15M (0%)           38M (0%)          11 / 5              1 / 1              0 / 0        
[13.622s][info][gc,heap     ] GC(3) Y: Min Capacity: 8192M(100%)
[13.622s][info][gc,heap     ] GC(3) Y: Max Capacity: 8192M(100%)
[13.622s][info][gc,heap     ] GC(3) Y: Soft Max Capacity: 8192M(100%)
[13.622s][info][gc,heap     ] GC(3) Y: Heap Statistics:
[13.622s][info][gc,heap     ] GC(3) Y:                Mark Start          Mark End        Relocate Start      Relocate End           High               Low         
[13.622s][info][gc,heap     ] GC(3) Y:  Capacity:     8192M (100%)       8192M (100%)       8192M (100%)       8192M (100%)       8192M (100%)       8192M (100%)   
[13.622s][info][gc,heap     ] GC(3) Y:      Free:     6552M (80%)        6442M (79%)        6668M (81%)        7574M (92%)        7576M (92%)        6442M (79%)    
[13.623s][info][gc,heap     ] GC(3) Y:      Used:     1640M (20%)        1750M (21%)        1524M (19%)         618M (8%)         1750M (21%)         616M (8%)     
[13.623s][info][gc,heap     ] GC(3) Y: Young Generation Statistics:
[13.623s][info][gc,heap     ] GC(3) Y:                Mark Start          Mark End        Relocate Start      Relocate End    
[13.623s][info][gc,heap     ] GC(3) Y:      Used:     1640M (20%)        1750M (21%)        1512M (18%)         560M (7%)     
[13.623s][info][gc,heap     ] GC(3) Y:      Live:         -               321M (4%)          309M (4%)          305M (4%)     
[13.623s][info][gc,heap     ] GC(3) Y:   Garbage:         -              1318M (16%)        1088M (13%)          19M (0%)     
[13.623s][info][gc,heap     ] GC(3) Y: Allocated:         -               110M (1%)          114M (1%)          234M (3%)     
[13.623s][info][gc,heap     ] GC(3) Y: Reclaimed:         -                  -               230M (3%)         1299M (16%)    
[13.623s][info][gc,heap     ] GC(3) Y:  Promoted:         -                  -                11M (0%)           15M (0%)     
[13.623s][info][gc,heap     ] GC(3) Y: Compacted:         -                  -                  -                73M (1%)     
[13.623s][info][gc,phases   ] GC(3) Y: Young Generation 1640M(20%)->618M(8%) 0.416s
[13.623s][info][gc,phases   ] GC(3) O: Old Generation
[13.625s][info][gc,phases   ] GC(3) O: Concurrent Mark 2.137ms
[13.625s][info][gc,phases   ] GC(3) O: Pause Mark End 0.016ms
[13.625s][info][gc,phases   ] GC(3) O: Concurrent Mark Free 0.001ms
[13.654s][info][gc,phases   ] GC(3) O: Concurrent Process Non-Strong 28.645ms
[13.654s][info][gc,phases   ] GC(3) O: Concurrent Reset Relocation Set 0.001ms
[13.657s][info][gc,phases   ] GC(3) O: Concurrent Select Relocation Set 2.936ms
[13.657s][info][gc,task     ] GC(3) O: Using 2 Workers for Old Generation
[13.723s][info][gc,task     ] GC(3) O: Using 1 Workers for Old Generation
[13.723s][info][gc,phases   ] GC(3) O: Concurrent Remap Roots 66.470ms
[13.723s][info][gc,phases   ] GC(3) O: Pause Relocate Start 0.008ms
[13.723s][info][gc,phases   ] GC(3) O: Concurrent Relocate 0.055ms
[13.723s][info][gc,alloc    ] GC(3) O:                         Mark Start        Mark End      Relocate Start    Relocate End   
[13.723s][info][gc,alloc    ] GC(3) O: Allocation Stalls:          0                0                0                0         
[13.723s][info][gc,load     ] GC(3) O: Load: 0.00 (0%) / 0.00 (0%) / 0.00 (0%)
[13.723s][info][gc,mmu      ] GC(3) O: MMU: 2ms/99.0%, 5ms/99.6%, 10ms/99.8%, 20ms/99.8%, 50ms/99.9%, 100ms/99.9%
[13.723s][info][gc,marking  ] GC(3) O: Mark: 1 stripe(s), 1 proactive flush(es), 1 terminate flush(es), 0 completion(s), 0 continuation(s) 
[13.723s][info][gc,marking  ] GC(3) O: Mark Stack Usage: 0M
[13.723s][info][gc,nmethod  ] GC(3) O: NMethods: 10143 registered, 0 unregistered
[13.723s][info][gc,metaspace] GC(3) O: Metaspace: 111M used, 112M committed, 1152M reserved
[13.723s][info][gc,ref      ] GC(3) O:                       Encountered   Discovered     Enqueued 
[13.723s][info][gc,ref      ] GC(3) O: Soft References:             5706            0            0 
[13.723s][info][gc,ref      ] GC(3) O: Weak References:            31146            0            0 
[13.723s][info][gc,ref      ] GC(3) O: Final References:              36            0            0 
[13.723s][info][gc,ref      ] GC(3) O: Phantom References:         10144            0            0 
[13.723s][info][gc,heap     ] GC(3) O: Min Capacity: 8192M(100%)
[13.723s][info][gc,heap     ] GC(3) O: Max Capacity: 8192M(100%)
[13.724s][info][gc,heap     ] GC(3) O: Soft Max Capacity: 8192M(100%)
[13.724s][info][gc,heap     ] GC(3) O: Heap Statistics:
[13.724s][info][gc,heap     ] GC(3) O:                Mark Start          Mark End        Relocate Start      Relocate End           High               Low         
[13.724s][info][gc,heap     ] GC(3) O:  Capacity:     8192M (100%)       8192M (100%)       8192M (100%)       8192M (100%)       8192M (100%)       8192M (100%)   
[13.724s][info][gc,heap     ] GC(3) O:      Free:     6552M (80%)        7574M (92%)        7538M (92%)        7538M (92%)        7576M (92%)        6442M (79%)    
[13.724s][info][gc,heap     ] GC(3) O:      Used:     1640M (20%)         618M (8%)          654M (8%)          654M (8%)         1750M (21%)         616M (8%)     
[13.724s][info][gc,heap     ] GC(3) O: Old Generation Statistics:
[13.724s][info][gc,heap     ] GC(3) O:                Mark Start          Mark End        Relocate Start      Relocate End    
[13.724s][info][gc,heap     ] GC(3) O:      Used:        0M (0%)           58M (1%)           58M (1%)           58M (1%)     
[13.724s][info][gc,heap     ] GC(3) O:      Live:         -                 0M (0%)            0M (0%)            0M (0%)     
[13.724s][info][gc,heap     ] GC(3) O:   Garbage:         -                 0M (0%)            0M (0%)            0M (0%)     
[13.724s][info][gc,heap     ] GC(3) O: Allocated:         -                58M (1%)           58M (1%)           58M (1%)     
[13.724s][info][gc,heap     ] GC(3) O: Reclaimed:         -                  -                 0M (0%)            0M (0%)     
[13.724s][info][gc,heap     ] GC(3) O: Compacted:         -                  -                  -                 0M (0%)     
[13.724s][info][gc,phases   ] GC(3) O: Old Generation 618M(8%)->654M(8%) 0.101s
[13.724s][info][gc          ] GC(3) Major Collection (Warmup) 1640M(20%)->654M(8%) 0.517s
[16.841s][info][gc          ] GC(4) Major Collection (Warmup)
[16.841s][info][gc,task     ] GC(4) Using 2 Workers for Young Generation
[16.841s][info][gc,task     ] GC(4) Using 1 Workers for Old Generation
[16.841s][info][gc,phases   ] GC(4) Y: Young Generation
[16.841s][info][gc,phases   ] GC(4) Y: Pause Mark Start (Major) 0.015ms
[17.202s][info][gc,phases   ] GC(4) Y: Concurrent Mark 361.517ms
[17.203s][info][gc,phases   ] GC(4) Y: Pause Mark End 0.012ms
[17.203s][info][gc,phases   ] GC(4) Y: Concurrent Mark Free 0.001ms
[17.203s][info][gc,phases   ] GC(4) Y: Concurrent Reset Relocation Set 0.204ms
[17.206s][info][gc,reloc    ] GC(4) Y: Using tenuring threshold: 3 (Computed)
[17.253s][info][gc,phases   ] GC(4) Y: Concurrent Select Relocation Set 49.886ms
[17.253s][info][gc,phases   ] GC(4) Y: Pause Relocate Start 0.008ms
[17.383s][info][gc,phases   ] GC(4) Y: Concurrent Relocate 130.601ms
[17.384s][info][gc,alloc    ] GC(4) Y:                         Mark Start        Mark End      Relocate Start    Relocate End   
[17.384s][info][gc,alloc    ] GC(4) Y: Allocation Stalls:          0                0                0                0         
[17.384s][info][gc,load     ] GC(4) Y: Load: 0.00 (0%) / 0.00 (0%) / 0.00 (0%)
[17.384s][info][gc,mmu      ] GC(4) Y: MMU: 2ms/99.0%, 5ms/99.6%, 10ms/99.8%, 20ms/99.8%, 50ms/99.9%, 100ms/99.9%
[17.384s][info][gc,marking  ] GC(4) Y: Mark: 2 stripe(s), 6 proactive flush(es), 1 terminate flush(es), 0 completion(s), 0 continuation(s) 
[17.384s][info][gc,marking  ] GC(4) Y: Mark Stack Usage: 32M
[17.384s][info][gc,nmethod  ] GC(4) Y: NMethods: 12555 registered, 0 unregistered
[17.384s][info][gc,metaspace] GC(4) Y: Metaspace: 119M used, 120M committed, 1152M reserved
[17.384s][info][gc,reloc    ] GC(4) Y:                        Candidates     Selected     In-Place         Size        Empty    Relocated 
[17.384s][info][gc,reloc    ] GC(4) Y: Small Pages:                 1136          735            0        2272M         398M          49M 
[17.384s][info][gc,reloc    ] GC(4) Y: Medium Pages:                   4            3            0         128M           0M          21M 
[17.384s][info][gc,reloc    ] GC(4) Y: Large Pages:                    0            0            0           0M           0M           0M 
[17.384s][info][gc,reloc    ] GC(4) Y: Forwarding Usage: 25M
[17.384s][info][gc,reloc    ] GC(4) Y: Age Table:
[17.384s][info][gc,reloc    ] GC(4) Y:                    Live             Garbage             Small              Medium             Large        
[17.384s][info][gc,reloc    ] GC(4) Y: Eden              87M (1%)         1882M (23%)        969 / 728            1 / 1              0 / 0        
[17.384s][info][gc,reloc    ] GC(4) Y: Survivor 1        72M (1%)           39M (0%)          40 / 5              1 / 1              0 / 0        
[17.384s][info][gc,reloc    ] GC(4) Y: Survivor 2       106M (1%)           41M (1%)          58 / 1              1 / 1              0 / 0        
[17.384s][info][gc,reloc    ] GC(4) Y: Survivor 3       125M (2%)           44M (1%)          69 / 1              1 / 0              0 / 0        
[17.384s][info][gc,heap     ] GC(4) Y: Min Capacity: 8192M(100%)
[17.384s][info][gc,heap     ] GC(4) Y: Max Capacity: 8192M(100%)
[17.384s][info][gc,heap     ] GC(4) Y: Soft Max Capacity: 8192M(100%)
[17.384s][info][gc,heap     ] GC(4) Y: Heap Statistics:
[17.384s][info][gc,heap     ] GC(4) Y:                Mark Start          Mark End        Relocate Start      Relocate End           High               Low         
[17.384s][info][gc,heap     ] GC(4) Y:  Capacity:     8192M (100%)       8192M (100%)       8192M (100%)       8192M (100%)       8192M (100%)       8192M (100%)   
[17.384s][info][gc,heap     ] GC(4) Y:      Free:     5734M (70%)        5544M (68%)        5906M (72%)        7252M (89%)        7276M (89%)        5544M (68%)    
[17.384s][info][gc,heap     ] GC(4) Y:      Used:     2458M (30%)        2648M (32%)        2286M (28%)         940M (11%)        2648M (32%)         916M (11%)    
[17.384s][info][gc,heap     ] GC(4) Y: Young Generation Statistics:
[17.384s][info][gc,heap     ] GC(4) Y:                Mark Start          Mark End        Relocate Start      Relocate End    
[17.384s][info][gc,heap     ] GC(4) Y:      Used:     2400M (29%)        2590M (32%)        2094M (26%)         706M (9%)     
[17.384s][info][gc,heap     ] GC(4) Y:      Live:         -               392M (5%)          268M (3%)          266M (3%)     
[17.384s][info][gc,heap     ] GC(4) Y:   Garbage:         -              2007M (25%)        1599M (20%)          14M (0%)     
[17.384s][info][gc,heap     ] GC(4) Y: Allocated:         -               190M (2%)          226M (3%)          424M (5%)     
[17.384s][info][gc,heap     ] GC(4) Y: Reclaimed:         -                  -               407M (5%)         1992M (24%)    
[17.384s][info][gc,heap     ] GC(4) Y:  Promoted:         -                  -               124M (2%)          125M (2%)     
[17.384s][info][gc,heap     ] GC(4) Y: Compacted:         -                  -                  -                85M (1%)     
[17.384s][info][gc,phases   ] GC(4) Y: Young Generation 2458M(30%)->940M(11%) 0.543s
[17.384s][info][gc,phases   ] GC(4) O: Old Generation
[17.411s][info][gc,phases   ] GC(4) O: Concurrent Mark 26.772ms
[17.411s][info][gc,phases   ] GC(4) O: Pause Mark End 0.015ms
[17.411s][info][gc,phases   ] GC(4) O: Concurrent Mark Free 0.001ms
[17.435s][info][gc,phases   ] GC(4) O: Concurrent Process Non-Strong 23.505ms
[17.435s][info][gc,phases   ] GC(4) O: Concurrent Reset Relocation Set 0.001ms
[17.437s][info][gc,phases   ] GC(4) O: Concurrent Select Relocation Set 2.141ms
[17.437s][info][gc,task     ] GC(4) O: Using 2 Workers for Old Generation
[17.503s][info][gc,task     ] GC(4) O: Using 1 Workers for Old Generation
[17.504s][info][gc,phases   ] GC(4) O: Concurrent Remap Roots 66.821ms
[17.504s][info][gc,phases   ] GC(4) O: Pause Relocate Start 0.010ms
[17.504s][info][gc,phases   ] GC(4) O: Concurrent Relocate 0.387ms
[17.504s][info][gc,alloc    ] GC(4) O:                         Mark Start        Mark End      Relocate Start    Relocate End   
[17.504s][info][gc,alloc    ] GC(4) O: Allocation Stalls:          0                0                0                0         
[17.504s][info][gc,load     ] GC(4) O: Load: 0.00 (0%) / 0.00 (0%) / 0.00 (0%)
[17.504s][info][gc,mmu      ] GC(4) O: MMU: 2ms/99.0%, 5ms/99.6%, 10ms/99.8%, 20ms/99.8%, 50ms/99.9%, 100ms/99.9%
[17.504s][info][gc,marking  ] GC(4) O: Mark: 1 stripe(s), 2 proactive flush(es), 1 terminate flush(es), 0 completion(s), 0 continuation(s) 
[17.504s][info][gc,marking  ] GC(4) O: Mark Stack Usage: 32M
[17.504s][info][gc,nmethod  ] GC(4) O: NMethods: 11635 registered, 986 unregistered
[17.504s][info][gc,metaspace] GC(4) O: Metaspace: 119M used, 121M committed, 1152M reserved
[17.504s][info][gc,ref      ] GC(4) O:                       Encountered   Discovered     Enqueued 
[17.504s][info][gc,ref      ] GC(4) O: Soft References:             5759            0            0 
[17.504s][info][gc,ref      ] GC(4) O: Weak References:            32645         3369         2066 
[17.504s][info][gc,ref      ] GC(4) O: Final References:              36           34            2 
[17.504s][info][gc,ref      ] GC(4) O: Phantom References:         10614         1641         1304 
[17.504s][info][gc,reloc    ] GC(4) O:                        Candidates     Selected     In-Place         Size        Empty    Relocated 
[17.504s][info][gc,reloc    ] GC(4) O: Small Pages:                   13            6            0          26M           0M           0M 
[17.504s][info][gc,reloc    ] GC(4) O: Medium Pages:                   1            0            0          32M           0M           0M 
[17.504s][info][gc,reloc    ] GC(4) O: Large Pages:                    0            0            0           0M           0M           0M 
[17.504s][info][gc,reloc    ] GC(4) O: Forwarding Usage: 0M
[17.504s][info][gc,heap     ] GC(4) O: Min Capacity: 8192M(100%)
[17.504s][info][gc,heap     ] GC(4) O: Max Capacity: 8192M(100%)
[17.504s][info][gc,heap     ] GC(4) O: Soft Max Capacity: 8192M(100%)
[17.504s][info][gc,heap     ] GC(4) O: Heap Statistics:
[17.504s][info][gc,heap     ] GC(4) O:                Mark Start          Mark End        Relocate Start      Relocate End           High               Low         
[17.504s][info][gc,heap     ] GC(4) O:  Capacity:     8192M (100%)       8192M (100%)       8192M (100%)       8192M (100%)       8192M (100%)       8192M (100%)   
[17.504s][info][gc,heap     ] GC(4) O:      Free:     5734M (70%)        7234M (88%)        7182M (88%)        7192M (88%)        7276M (89%)        5544M (68%)    
[17.504s][info][gc,heap     ] GC(4) O:      Used:     2458M (30%)         958M (12%)        1010M (12%)        1000M (12%)        2648M (32%)         916M (11%)    
[17.504s][info][gc,heap     ] GC(4) O: Old Generation Statistics:
[17.504s][info][gc,heap     ] GC(4) O:                Mark Start          Mark End        Relocate Start      Relocate End    
[17.504s][info][gc,heap     ] GC(4) O:      Used:       58M (1%)          234M (3%)          234M (3%)          222M (3%)     
[17.504s][info][gc,heap     ] GC(4) O:      Live:         -                15M (0%)           15M (0%)           15M (0%)     
[17.504s][info][gc,heap     ] GC(4) O:   Garbage:         -                42M (1%)           42M (1%)           29M (0%)     
[17.504s][info][gc,heap     ] GC(4) O: Allocated:         -               176M (2%)          176M (2%)          177M (2%)     
[17.504s][info][gc,heap     ] GC(4) O: Reclaimed:         -                  -                 0M (0%)           13M (0%)     
[17.504s][info][gc,heap     ] GC(4) O: Compacted:         -                  -                  -                 0M (0%)     
[17.504s][info][gc,phases   ] GC(4) O: Old Generation 942M(11%)->1000M(12%) 0.120s
[17.504s][info][gc          ] GC(4) Major Collection (Warmup) 2458M(30%)->1000M(12%) 0.664s
[27.891s][info][gc          ] GC(5) Minor Collection (Allocation Rate)
[27.891s][info][gc,task     ] GC(5) Using 1 Workers for Young Generation
[27.891s][info][gc,phases   ] GC(5) y: Young Generation
[27.891s][info][gc,phases   ] GC(5) y: Pause Mark Start 0.012ms
[28.499s][info][gc,phases   ] GC(5) y: Concurrent Mark 607.865ms
[28.499s][info][gc,phases   ] GC(5) y: Pause Mark End 0.009ms
[28.499s][info][gc,phases   ] GC(5) y: Concurrent Mark Free 0.000ms
[28.499s][info][gc,phases   ] GC(5) y: Concurrent Reset Relocation Set 0.323ms
[28.503s][info][gc,reloc    ] GC(5) y: Using tenuring threshold: 2 (Computed)
[28.625s][info][gc,phases   ] GC(5) y: Concurrent Select Relocation Set 125.710ms
[28.625s][info][gc,phases   ] GC(5) y: Pause Relocate Start 0.012ms
[28.896s][info][gc,phases   ] GC(5) y: Concurrent Relocate 270.542ms
[28.896s][info][gc,alloc    ] GC(5) y:                         Mark Start        Mark End      Relocate Start    Relocate End   
[28.896s][info][gc,alloc    ] GC(5) y: Allocation Stalls:          0                0                0                0         
[28.896s][info][gc,load     ] GC(5) y: Load: 0.00 (0%) / 0.00 (0%) / 0.00 (0%)
[28.896s][info][gc,mmu      ] GC(5) y: MMU: 2ms/99.0%, 5ms/99.6%, 10ms/99.8%, 20ms/99.8%, 50ms/99.9%, 100ms/99.9%
[28.896s][info][gc,marking  ] GC(5) y: Mark: 1 stripe(s), 2 proactive flush(es), 1 terminate flush(es), 0 completion(s), 0 continuation(s) 
[28.896s][info][gc,marking  ] GC(5) y: Mark Stack Usage: 32M
[28.896s][info][gc,nmethod  ] GC(5) y: NMethods: 15595 registered, 986 unregistered
[28.896s][info][gc,metaspace] GC(5) y: Metaspace: 126M used, 128M committed, 1152M reserved
[28.896s][info][gc,reloc    ] GC(5) y:                        Candidates     Selected     In-Place         Size        Empty    Relocated 
[28.896s][info][gc,reloc    ] GC(5) y: Small Pages:                 2826         2273            0        5652M         732M          90M 
[28.896s][info][gc,reloc    ] GC(5) y: Medium Pages:                   5            4            0         160M           0M          22M 
[28.896s][info][gc,reloc    ] GC(5) y: Large Pages:                    0            0            0           0M           0M           0M 
[28.896s][info][gc,reloc    ] GC(5) y: Forwarding Usage: 35M
[28.896s][info][gc,reloc    ] GC(5) y: Age Table:
[28.896s][info][gc,reloc    ] GC(5) y:                    Live             Garbage             Small              Medium             Large        
[28.896s][info][gc,reloc    ] GC(5) y: Eden             103M (1%)         5286M (65%)       2679 / 2255           1 / 1              0 / 0        
[28.896s][info][gc,reloc    ] GC(5) y: Survivor 1        77M (1%)           46M (1%)          46 / 7              1 / 1              0 / 0        
[28.896s][info][gc,reloc    ] GC(5) y: Survivor 2        71M (1%)           42M (1%)          41 / 6              1 / 1              0 / 0        
[28.896s][info][gc,reloc    ] GC(5) y: Survivor 3       106M (1%)           77M (1%)          60 / 5              2 / 1              0 / 0        
[28.896s][info][gc,heap     ] GC(5) y: Min Capacity: 8192M(100%)
[28.896s][info][gc,heap     ] GC(5) y: Max Capacity: 8192M(100%)
[28.896s][info][gc,heap     ] GC(5) y: Soft Max Capacity: 8192M(100%)
[28.896s][info][gc,heap     ] GC(5) y: Heap Statistics:
[28.896s][info][gc,heap     ] GC(5) y:                Mark Start          Mark End        Relocate Start      Relocate End           High               Low         
[28.896s][info][gc,heap     ] GC(5) y:  Capacity:     8192M (100%)       8192M (100%)       8192M (100%)       8192M (100%)       8192M (100%)       8192M (100%)   
[28.896s][info][gc,heap     ] GC(5) y:      Free:     2158M (26%)        1688M (21%)        2362M (29%)        6750M (82%)        6836M (83%)        1688M (21%)    
[28.896s][info][gc,heap     ] GC(5) y:      Used:     6034M (74%)        6504M (79%)        5830M (71%)        1442M (18%)        6504M (79%)        1356M (17%)    
[28.896s][info][gc,heap     ] GC(5) y: Young Generation Statistics:
[28.896s][info][gc,heap     ] GC(5) y:                Mark Start          Mark End        Relocate Start      Relocate End    
[28.896s][info][gc,heap     ] GC(5) y:      Used:     5812M (71%)        6282M (77%)        5430M (66%)         964M (12%)    
[28.896s][info][gc,heap     ] GC(5) y:      Live:         -               358M (4%)          192M (2%)          180M (2%)     
[28.896s][info][gc,heap     ] GC(5) y:   Garbage:         -              5453M (67%)        4709M (57%)          11M (0%)     
[28.896s][info][gc,heap     ] GC(5) y: Allocated:         -               470M (6%)          528M (6%)          771M (9%)     
[28.896s][info][gc,heap     ] GC(5) y: Reclaimed:         -                  -               743M (9%)         5441M (66%)    
[28.896s][info][gc,heap     ] GC(5) y:  Promoted:         -                  -               166M (2%)          177M (2%)     
[28.896s][info][gc,heap     ] GC(5) y: Compacted:         -                  -                  -               120M (1%)     
[28.896s][info][gc,phases   ] GC(5) y: Young Generation 6034M(74%)->1442M(18%) 1.005s
[28.896s][info][gc          ] GC(5) Minor Collection (Allocation Rate) 6034M(74%)->1442M(18%) 1.005s
[35.228s][info][gc          ] GC(6) Minor Collection (Allocation Rate)
[35.228s][info][gc,task     ] GC(6) Using 1 Workers for Young Generation
[35.228s][info][gc,phases   ] GC(6) y: Young Generation
[35.228s][info][gc,phases   ] GC(6) y: Pause Mark Start 0.012ms
[35.610s][info][gc,phases   ] GC(6) y: Concurrent Mark 382.054ms
[35.610s][info][gc,phases   ] GC(6) y: Pause Mark End 0.010ms
[35.610s][info][gc,phases   ] GC(6) y: Concurrent Mark Free 0.000ms
[35.611s][info][gc,phases   ] GC(6) y: Concurrent Reset Relocation Set 0.551ms
[35.613s][info][gc,reloc    ] GC(6) y: Using tenuring threshold: 3 (Computed)
[35.617s][info][gc,phases   ] GC(6) y: Concurrent Select Relocation Set 5.830ms
[35.617s][info][gc,phases   ] GC(6) y: Pause Relocate Start 0.012ms
[35.726s][info][gc,phases   ] GC(6) y: Concurrent Relocate 109.163ms
[35.726s][info][gc,alloc    ] GC(6) y:                         Mark Start        Mark End      Relocate Start    Relocate End   
[35.726s][info][gc,alloc    ] GC(6) y: Allocation Stalls:          0                0                0                0         
[35.726s][info][gc,load     ] GC(6) y: Load: 0.00 (0%) / 0.00 (0%) / 0.00 (0%)
[35.726s][info][gc,mmu      ] GC(6) y: MMU: 2ms/99.0%, 5ms/99.6%, 10ms/99.8%, 20ms/99.8%, 50ms/99.9%, 100ms/99.9%
[35.726s][info][gc,marking  ] GC(6) y: Mark: 1 stripe(s), 2 proactive flush(es), 1 terminate flush(es), 0 completion(s), 0 continuation(s) 
[35.726s][info][gc,marking  ] GC(6) y: Mark Stack Usage: 32M
[35.726s][info][gc,nmethod  ] GC(6) y: NMethods: 16552 registered, 986 unregistered
[35.726s][info][gc,metaspace] GC(6) y: Metaspace: 127M used, 128M committed, 1152M reserved
[35.726s][info][gc,reloc    ] GC(6) y:                        Candidates     Selected     In-Place         Size        Empty    Relocated 
[35.726s][info][gc,reloc    ] GC(6) y: Small Pages:                 2642         1925            0        5284M        1168M          77M 
[35.726s][info][gc,reloc    ] GC(6) y: Medium Pages:                   2            1            0          64M           0M          12M 
[35.726s][info][gc,reloc    ] GC(6) y: Large Pages:                    0            0            0           0M           0M           0M 
[35.726s][info][gc,reloc    ] GC(6) y: Forwarding Usage: 32M
[35.726s][info][gc,reloc    ] GC(6) y: Age Table:
[35.726s][info][gc,reloc    ] GC(6) y:                    Live             Garbage             Small              Medium             Large        
[35.726s][info][gc,reloc    ] GC(6) y: Eden              85M (1%)         4980M (61%)       2533 / 1900           0 / 0              0 / 0        
[35.726s][info][gc,reloc    ] GC(6) y: Survivor 1        76M (1%)           89M (1%)          67 / 21             1 / 0              0 / 0        
[35.726s][info][gc,reloc    ] GC(6) y: Survivor 2        77M (1%)           38M (0%)          42 / 4              1 / 1              0 / 0        
[35.726s][info][gc,heap     ] GC(6) y: Min Capacity: 8192M(100%)
[35.727s][info][gc,heap     ] GC(6) y: Max Capacity: 8192M(100%)
[35.727s][info][gc,heap     ] GC(6) y: Soft Max Capacity: 8192M(100%)
[35.727s][info][gc,heap     ] GC(6) y: Heap Statistics:
[35.727s][info][gc,heap     ] GC(6) y:                Mark Start          Mark End        Relocate Start      Relocate End           High               Low         
[35.727s][info][gc,heap     ] GC(6) y:  Capacity:     8192M (100%)       8192M (100%)       8192M (100%)       8192M (100%)       8192M (100%)       8192M (100%)   
[35.727s][info][gc,heap     ] GC(6) y:      Free:     2366M (29%)        1910M (23%)        3076M (38%)        6818M (83%)        6820M (83%)        1910M (23%)    
[35.727s][info][gc,heap     ] GC(6) y:      Used:     5826M (71%)        6282M (77%)        5116M (62%)        1374M (17%)        6282M (77%)        1372M (17%)    
[35.727s][info][gc,heap     ] GC(6) y: Young Generation Statistics:
[35.727s][info][gc,heap     ] GC(6) y:                Mark Start          Mark End        Relocate Start      Relocate End    
[35.727s][info][gc,heap     ] GC(6) y:      Used:     5348M (65%)        5804M (71%)        4638M (57%)         896M (11%)    
[35.727s][info][gc,heap     ] GC(6) y:      Live:         -               238M (3%)          238M (3%)          238M (3%)     
[35.727s][info][gc,heap     ] GC(6) y:   Garbage:         -              5109M (62%)        3941M (48%)          26M (0%)     
[35.727s][info][gc,heap     ] GC(6) y: Allocated:         -               456M (6%)          458M (6%)          631M (8%)     
[35.727s][info][gc,heap     ] GC(6) y: Reclaimed:         -                  -              1168M (14%)        5083M (62%)    
[35.727s][info][gc,heap     ] GC(6) y:  Promoted:         -                  -                 0M (0%)            0M (0%)     
[35.727s][info][gc,heap     ] GC(6) y: Compacted:         -                  -                  -               114M (1%)     
[35.727s][info][gc,phases   ] GC(6) y: Young Generation 5826M(71%)->1374M(17%) 0.498s
[35.727s][info][gc          ] GC(6) Minor Collection (Allocation Rate) 5826M(71%)->1374M(17%) 0.499s
[40.905s][info][gc          ] GC(7) Major Collection (Allocation Rate)
[40.905s][info][gc,task     ] GC(7) Using 1 Workers for Young Generation
[40.905s][info][gc,task     ] GC(7) Using 1 Workers for Old Generation
[40.905s][info][gc,phases   ] GC(7) Y: Young Generation
[40.905s][info][gc,phases   ] GC(7) Y: Pause Mark Start (Major) 0.014ms
[41.249s][info][gc,phases   ] GC(7) Y: Concurrent Mark 343.521ms
[41.249s][info][gc,phases   ] GC(7) Y: Pause Mark End 0.009ms
[41.249s][info][gc,phases   ] GC(7) Y: Concurrent Mark Free 0.000ms
[41.249s][info][gc,phases   ] GC(7) Y: Concurrent Reset Relocation Set 0.155ms
[41.251s][info][gc,reloc    ] GC(7) Y: Using tenuring threshold: 3 (Computed)
[41.296s][info][gc,phases   ] GC(7) Y: Concurrent Select Relocation Set 46.531ms
[41.296s][info][gc,phases   ] GC(7) Y: Pause Relocate Start 0.008ms
[41.456s][info][gc,phases   ] GC(7) Y: Concurrent Relocate 160.471ms
[41.456s][info][gc,alloc    ] GC(7) Y:                         Mark Start        Mark End      Relocate Start    Relocate End   
[41.456s][info][gc,alloc    ] GC(7) Y: Allocation Stalls:          0                0                0                0         
[41.456s][info][gc,load     ] GC(7) Y: Load: 0.00 (0%) / 0.00 (0%) / 0.00 (0%)
[41.456s][info][gc,mmu      ] GC(7) Y: MMU: 2ms/99.0%, 5ms/99.6%, 10ms/99.8%, 20ms/99.8%, 50ms/99.9%, 100ms/99.9%
[41.456s][info][gc,marking  ] GC(7) Y: Mark: 1 stripe(s), 2 proactive flush(es), 1 terminate flush(es), 0 completion(s), 0 continuation(s) 
[41.456s][info][gc,marking  ] GC(7) Y: Mark Stack Usage: 32M
[41.456s][info][gc,nmethod  ] GC(7) Y: NMethods: 16964 registered, 986 unregistered
[41.456s][info][gc,metaspace] GC(7) Y: Metaspace: 127M used, 128M committed, 1152M reserved
[41.456s][info][gc,reloc    ] GC(7) Y:                        Candidates     Selected     In-Place         Size        Empty    Relocated 
[41.456s][info][gc,reloc    ] GC(7) Y: Small Pages:                 2436         1621            0        4872M        1360M          78M 
[41.456s][info][gc,reloc    ] GC(7) Y: Medium Pages:                   2            1            0          64M           0M          12M 
[41.456s][info][gc,reloc    ] GC(7) Y: Large Pages:                    0            0            0           0M           0M           0M 
[41.456s][info][gc,reloc    ] GC(7) Y: Forwarding Usage: 38M
[41.456s][info][gc,reloc    ] GC(7) Y: Age Table:
[41.456s][info][gc,reloc    ] GC(7) Y:                    Live             Garbage             Small              Medium             Large        
[41.456s][info][gc,reloc    ] GC(7) Y: Eden              72M (1%)         4497M (55%)       2285 / 1564           0 / 0              0 / 0        
[41.456s][info][gc,reloc    ] GC(7) Y: Survivor 1        22M (0%)           79M (1%)          51 / 40             0 / 0              0 / 0        
[41.456s][info][gc,reloc    ] GC(7) Y: Survivor 2        68M (1%)           81M (1%)          59 / 14             1 / 0              0 / 0        
[41.456s][info][gc,reloc    ] GC(7) Y: Survivor 3        77M (1%)           36M (0%)          41 / 3              1 / 1              0 / 0        
[41.456s][info][gc,heap     ] GC(7) Y: Min Capacity: 8192M(100%)
[41.456s][info][gc,heap     ] GC(7) Y: Max Capacity: 8192M(100%)
[41.456s][info][gc,heap     ] GC(7) Y: Soft Max Capacity: 8192M(100%)
[41.456s][info][gc,heap     ] GC(7) Y: Heap Statistics:
[41.456s][info][gc,heap     ] GC(7) Y:                Mark Start          Mark End        Relocate Start      Relocate End           High               Low         
[41.456s][info][gc,heap     ] GC(7) Y:  Capacity:     8192M (100%)       8192M (100%)       8192M (100%)       8192M (100%)       8192M (100%)       8192M (100%)   
[41.456s][info][gc,heap     ] GC(7) Y:      Free:     2778M (34%)        2420M (30%)        3724M (45%)        6796M (83%)        6872M (84%)        2420M (30%)    
[41.456s][info][gc,heap     ] GC(7) Y:      Used:     5414M (66%)        5772M (70%)        4468M (55%)        1396M (17%)        5772M (70%)        1320M (16%)    
[41.456s][info][gc,heap     ] GC(7) Y: Young Generation Statistics:
[41.456s][info][gc,heap     ] GC(7) Y:                Mark Start          Mark End        Relocate Start      Relocate End    
[41.456s][info][gc,heap     ] GC(7) Y:      Used:     4936M (60%)        5294M (65%)        3922M (48%)         804M (10%)    
[41.456s][info][gc,heap     ] GC(7) Y:      Live:         -               240M (3%)          181M (2%)          163M (2%)     
[41.456s][info][gc,heap     ] GC(7) Y:   Garbage:         -              4695M (57%)        3326M (41%)          14M (0%)     
[41.457s][info][gc,heap     ] GC(7) Y: Allocated:         -               358M (4%)          414M (5%)          626M (8%)     
[41.457s][info][gc,heap     ] GC(7) Y: Reclaimed:         -                  -              1368M (17%)        4681M (57%)    
[41.457s][info][gc,heap     ] GC(7) Y:  Promoted:         -                  -                59M (1%)           77M (1%)     
[41.457s][info][gc,heap     ] GC(7) Y: Compacted:         -                  -                  -               107M (1%)     
[41.457s][info][gc,phases   ] GC(7) Y: Young Generation 5414M(66%)->1396M(17%) 0.551s
[41.457s][info][gc,phases   ] GC(7) O: Old Generation
[41.956s][info][gc,phases   ] GC(7) O: Concurrent Mark 499.040ms
[41.956s][info][gc,phases   ] GC(7) O: Pause Mark End 0.009ms
[41.956s][info][gc,phases   ] GC(7) O: Concurrent Mark Free 0.000ms
[42.005s][info][gc,phases   ] GC(7) O: Concurrent Process Non-Strong 48.824ms
[42.005s][info][gc,phases   ] GC(7) O: Concurrent Reset Relocation Set 0.001ms
[42.010s][info][gc,phases   ] GC(7) O: Concurrent Select Relocation Set 5.690ms
[42.010s][info][gc,task     ] GC(7) O: Using 2 Workers for Old Generation
[42.086s][info][gc,task     ] GC(7) O: Using 1 Workers for Old Generation
[42.086s][info][gc,phases   ] GC(7) O: Concurrent Remap Roots 75.157ms
[42.086s][info][gc,phases   ] GC(7) O: Pause Relocate Start 0.008ms
[42.136s][info][gc,phases   ] GC(7) O: Concurrent Relocate 50.268ms
[42.136s][info][gc,alloc    ] GC(7) O:                         Mark Start        Mark End      Relocate Start    Relocate End   
[42.136s][info][gc,alloc    ] GC(7) O: Allocation Stalls:          0                0                0                0         
[42.136s][info][gc,load     ] GC(7) O: Load: 0.00 (0%) / 0.00 (0%) / 0.00 (0%)
[42.136s][info][gc,mmu      ] GC(7) O: MMU: 2ms/99.0%, 5ms/99.6%, 10ms/99.8%, 20ms/99.8%, 50ms/99.9%, 100ms/99.9%
[42.136s][info][gc,marking  ] GC(7) O: Mark: 1 stripe(s), 2 proactive flush(es), 1 terminate flush(es), 0 completion(s), 0 continuation(s) 
[42.136s][info][gc,marking  ] GC(7) O: Mark Stack Usage: 32M
[42.136s][info][gc,nmethod  ] GC(7) O: NMethods: 10673 registered, 7371 unregistered
[42.136s][info][gc,metaspace] GC(7) O: Metaspace: 127M used, 128M committed, 1152M reserved
[42.136s][info][gc,ref      ] GC(7) O:                       Encountered   Discovered     Enqueued 
[42.136s][info][gc,ref      ] GC(7) O: Soft References:             5931            0            0 
[42.136s][info][gc,ref      ] GC(7) O: Weak References:            32388        19036         8852 
[42.136s][info][gc,ref      ] GC(7) O: Final References:              34            0            0 
[42.136s][info][gc,ref      ] GC(7) O: Phantom References:         10023         8751         8382 
[42.136s][info][gc,reloc    ] GC(7) O:                        Candidates     Selected     In-Place         Size        Empty    Relocated 
[42.136s][info][gc,reloc    ] GC(7) O: Small Pages:                  175           25            0         350M          18M          11M 
[42.136s][info][gc,reloc    ] GC(7) O: Medium Pages:                   4            3            0         128M           0M          12M 
[42.136s][info][gc,reloc    ] GC(7) O: Large Pages:                    0            0            0           0M           0M           0M 
[42.136s][info][gc,reloc    ] GC(7) O: Forwarding Usage: 13M
[42.136s][info][gc,heap     ] GC(7) O: Min Capacity: 8192M(100%)
[42.136s][info][gc,heap     ] GC(7) O: Max Capacity: 8192M(100%)
[42.136s][info][gc,heap     ] GC(7) O: Soft Max Capacity: 8192M(100%)
[42.136s][info][gc,heap     ] GC(7) O: Heap Statistics:
[42.136s][info][gc,heap     ] GC(7) O:                Mark Start          Mark End        Relocate Start      Relocate End           High               Low         
[42.136s][info][gc,heap     ] GC(7) O:  Capacity:     8192M (100%)       8192M (100%)       8192M (100%)       8192M (100%)       8192M (100%)       8192M (100%)   
[42.136s][info][gc,heap     ] GC(7) O:      Free:     2778M (34%)        6454M (79%)        6360M (78%)        6428M (78%)        6872M (84%)        2420M (30%)    
[42.136s][info][gc,heap     ] GC(7) O:      Used:     5414M (66%)        1738M (21%)        1832M (22%)        1764M (22%)        5772M (70%)        1320M (16%)    
[42.136s][info][gc,heap     ] GC(7) O: Old Generation Statistics:
[42.136s][info][gc,heap     ] GC(7) O:                Mark Start          Mark End        Relocate Start      Relocate End    
[42.136s][info][gc,heap     ] GC(7) O:      Used:      478M (6%)          592M (7%)          574M (7%)          468M (6%)     
[42.136s][info][gc,heap     ] GC(7) O:      Live:         -               280M (3%)          280M (3%)          280M (3%)     
[42.136s][info][gc,heap     ] GC(7) O:   Garbage:         -               197M (2%)          179M (2%)            9M (0%)     
[42.136s][info][gc,heap     ] GC(7) O: Allocated:         -               114M (1%)          114M (1%)          178M (2%)     
[42.136s][info][gc,heap     ] GC(7) O: Reclaimed:         -                  -                18M (0%)          188M (2%)     
[42.137s][info][gc,heap     ] GC(7) O: Compacted:         -                  -                  -                53M (1%)     
[42.137s][info][gc,phases   ] GC(7) O: Old Generation 1396M(17%)->1764M(22%) 0.680s
[42.137s][info][gc          ] GC(7) Major Collection (Allocation Rate) 5414M(66%)->1764M(22%) 1.231s
[48.415s][info][gc          ] GC(8) Minor Collection (Allocation Rate)
[48.415s][info][gc,task     ] GC(8) Using 1 Workers for Young Generation
[48.415s][info][gc,phases   ] GC(8) y: Young Generation
[48.415s][info][gc,phases   ] GC(8) y: Pause Mark Start 0.014ms
[48.629s][info][gc,phases   ] GC(8) y: Concurrent Mark 214.105ms
[48.629s][info][gc,phases   ] GC(8) y: Pause Mark End 0.009ms
[48.629s][info][gc,phases   ] GC(8) y: Concurrent Mark Free 0.000ms
[48.629s][info][gc,phases   ] GC(8) y: Concurrent Reset Relocation Set 0.236ms
[48.632s][info][gc,reloc    ] GC(8) y: Using tenuring threshold: 2 (Computed)
[48.665s][info][gc,phases   ] GC(8) y: Concurrent Select Relocation Set 36.064ms
[48.665s][info][gc,phases   ] GC(8) y: Pause Relocate Start 0.008ms
[48.781s][info][gc,phases   ] GC(8) y: Concurrent Relocate 116.139ms
[48.782s][info][gc,alloc    ] GC(8) y:                         Mark Start        Mark End      Relocate Start    Relocate End   
[48.782s][info][gc,alloc    ] GC(8) y: Allocation Stalls:          0                0                0                0         
[48.782s][info][gc,load     ] GC(8) y: Load: 0.00 (0%) / 0.00 (0%) / 0.00 (0%)
[48.782s][info][gc,mmu      ] GC(8) y: MMU: 2ms/99.0%, 5ms/99.6%, 10ms/99.8%, 20ms/99.8%, 50ms/99.9%, 100ms/99.9%
[48.782s][info][gc,marking  ] GC(8) y: Mark: 1 stripe(s), 2 proactive flush(es), 1 terminate flush(es), 0 completion(s), 0 continuation(s) 
[48.782s][info][gc,marking  ] GC(8) y: Mark Stack Usage: 32M
[48.782s][info][gc,nmethod  ] GC(8) y: NMethods: 11127 registered, 7371 unregistered
[48.782s][info][gc,metaspace] GC(8) y: Metaspace: 127M used, 129M committed, 1152M reserved
[48.782s][info][gc,reloc    ] GC(8) y:                        Candidates     Selected     In-Place         Size        Empty    Relocated 
[48.782s][info][gc,reloc    ] GC(8) y: Small Pages:                 2891         1925            0        5782M        1762M          68M 
[48.782s][info][gc,reloc    ] GC(8) y: Medium Pages:                   1            0            0          32M           0M           0M 
[48.782s][info][gc,reloc    ] GC(8) y: Large Pages:                    0            0            0           0M           0M           0M 
[48.782s][info][gc,reloc    ] GC(8) y: Forwarding Usage: 26M
[48.782s][info][gc,reloc    ] GC(8) y: Age Table:
[48.782s][info][gc,reloc    ] GC(8) y:                    Live             Garbage             Small              Medium             Large        
[48.782s][info][gc,reloc    ] GC(8) y: Eden              61M (1%)         5502M (67%)       2782 / 1865           0 / 0              0 / 0        
[48.782s][info][gc,reloc    ] GC(8) y: Survivor 1        11M (0%)           72M (1%)          42 / 35             0 / 0              0 / 0        
[48.782s][info][gc,reloc    ] GC(8) y: Survivor 2         6M (0%)           25M (0%)          16 / 14             0 / 0              0 / 0        
[48.782s][info][gc,reloc    ] GC(8) y: Survivor 3        64M (1%)           69M (1%)          51 / 11             1 / 0              0 / 0        
[48.782s][info][gc,heap     ] GC(8) y: Min Capacity: 8192M(100%)
[48.782s][info][gc,heap     ] GC(8) y: Max Capacity: 8192M(100%)
[48.782s][info][gc,heap     ] GC(8) y: Soft Max Capacity: 8192M(100%)
[48.782s][info][gc,heap     ] GC(8) y: Heap Statistics:
[48.782s][info][gc,heap     ] GC(8) y:                Mark Start          Mark End        Relocate Start      Relocate End           High               Low         
[48.782s][info][gc,heap     ] GC(8) y:  Capacity:     8192M (100%)       8192M (100%)       8192M (100%)       8192M (100%)       8192M (100%)       8192M (100%)   
[48.782s][info][gc,heap     ] GC(8) y:      Free:     1910M (23%)        1722M (21%)        3444M (42%)        7158M (87%)        7184M (88%)        1722M (21%)    
[48.782s][info][gc,heap     ] GC(8) y:      Used:     6282M (77%)        6470M (79%)        4748M (58%)        1034M (13%)        6470M (79%)        1008M (12%)    
[48.782s][info][gc,heap     ] GC(8) y: Young Generation Statistics:
[48.782s][info][gc,heap     ] GC(8) y:                Mark Start          Mark End        Relocate Start      Relocate End    
[48.782s][info][gc,heap     ] GC(8) y:      Used:     5814M (71%)        6002M (73%)        4172M (51%)         442M (5%)     
[48.782s][info][gc,heap     ] GC(8) y:      Live:         -               144M (2%)           82M (1%)           72M (1%)     
[48.782s][info][gc,heap     ] GC(8) y:   Garbage:         -              5669M (69%)        3861M (47%)           0M (0%)     
[48.782s][info][gc,heap     ] GC(8) y: Allocated:         -               188M (2%)          228M (3%)          369M (5%)     
[48.782s][info][gc,heap     ] GC(8) y: Reclaimed:         -                  -              1808M (22%)        5669M (69%)    
[48.782s][info][gc,heap     ] GC(8) y:  Promoted:         -                  -                61M (1%)           71M (1%)     
[48.782s][info][gc,heap     ] GC(8) y: Compacted:         -                  -                  -                72M (1%)     
[48.782s][info][gc,phases   ] GC(8) y: Young Generation 6282M(77%)->1034M(13%) 0.367s
[48.782s][info][gc          ] GC(8) Minor Collection (Allocation Rate) 6282M(77%)->1034M(13%) 0.367s
[55.988s][info][gc          ] GC(9) Minor Collection (Allocation Rate)
[55.988s][info][gc,task     ] GC(9) Using 1 Workers for Young Generation
[55.988s][info][gc,phases   ] GC(9) y: Young Generation
[55.988s][info][gc,phases   ] GC(9) y: Pause Mark Start 0.013ms
[56.156s][info][gc,phases   ] GC(9) y: Concurrent Mark 167.343ms
[56.156s][info][gc,phases   ] GC(9) y: Pause Mark End 0.010ms
[56.156s][info][gc,phases   ] GC(9) y: Concurrent Mark Free 0.000ms
[56.156s][info][gc,phases   ] GC(9) y: Concurrent Reset Relocation Set 0.379ms
[56.159s][info][gc,reloc    ] GC(9) y: Using tenuring threshold: 3 (Computed)
[56.180s][info][gc,phases   ] GC(9) y: Concurrent Select Relocation Set 23.901ms
[56.180s][info][gc,phases   ] GC(9) y: Pause Relocate Start 0.009ms
[56.285s][info][gc,phases   ] GC(9) y: Concurrent Relocate 104.339ms
[56.285s][info][gc,alloc    ] GC(9) y:                         Mark Start        Mark End      Relocate Start    Relocate End   
[56.285s][info][gc,alloc    ] GC(9) y: Allocation Stalls:          0                0                0                0         
[56.285s][info][gc,load     ] GC(9) y: Load: 0.00 (0%) / 0.00 (0%) / 0.00 (0%)
[56.285s][info][gc,mmu      ] GC(9) y: MMU: 2ms/99.0%, 5ms/99.6%, 10ms/99.8%, 20ms/99.8%, 50ms/99.9%, 100ms/99.9%
[56.285s][info][gc,marking  ] GC(9) y: Mark: 1 stripe(s), 2 proactive flush(es), 1 terminate flush(es), 0 completion(s), 0 continuation(s) 
[56.285s][info][gc,marking  ] GC(9) y: Mark Stack Usage: 32M
[56.285s][info][gc,nmethod  ] GC(9) y: NMethods: 11459 registered, 7371 unregistered
[56.285s][info][gc,metaspace] GC(9) y: Metaspace: 127M used, 129M committed, 1152M reserved
[56.285s][info][gc,reloc    ] GC(9) y:                        Candidates     Selected     In-Place         Size        Empty    Relocated 
[56.285s][info][gc,reloc    ] GC(9) y: Small Pages:                 3014         1751            0        6028M        2404M          85M 
[56.285s][info][gc,reloc    ] GC(9) y: Medium Pages:                   1            0            0          32M           0M           0M 
[56.285s][info][gc,reloc    ] GC(9) y: Large Pages:                    0            0            0           0M           0M           0M 
[56.285s][info][gc,reloc    ] GC(9) y: Forwarding Usage: 32M
[56.285s][info][gc,reloc    ] GC(9) y: Age Table:
[56.285s][info][gc,reloc    ] GC(9) y:                    Live             Garbage             Small              Medium             Large        
[56.285s][info][gc,reloc    ] GC(9) y: Eden              89M (1%)         5874M (72%)       2966 / 1711           1 / 0              0 / 0        
[56.285s][info][gc,reloc    ] GC(9) y: Survivor 1        10M (0%)           59M (1%)          35 / 31             0 / 0              0 / 0        
[56.285s][info][gc,reloc    ] GC(9) y: Survivor 2         5M (0%)           20M (0%)          13 / 9              0 / 0              0 / 0        
[56.285s][info][gc,heap     ] GC(9) y: Min Capacity: 8192M(100%)
[56.285s][info][gc,heap     ] GC(9) y: Max Capacity: 8192M(100%)
[56.285s][info][gc,heap     ] GC(9) y: Soft Max Capacity: 8192M(100%)
[56.285s][info][gc,heap     ] GC(9) y: Heap Statistics:
[56.285s][info][gc,heap     ] GC(9) y:                Mark Start          Mark End        Relocate Start      Relocate End           High               Low         
[56.285s][info][gc,heap     ] GC(9) y:  Capacity:     8192M (100%)       8192M (100%)       8192M (100%)       8192M (100%)       8192M (100%)       8192M (100%)   
[56.285s][info][gc,heap     ] GC(9) y:      Free:     1540M (19%)        1400M (17%)        3792M (46%)        7184M (88%)        7184M (88%)        1400M (17%)    
[56.285s][info][gc,heap     ] GC(9) y:      Used:     6652M (81%)        6792M (83%)        4400M (54%)        1008M (12%)        6792M (83%)        1008M (12%)    
[56.285s][info][gc,heap     ] GC(9) y: Young Generation Statistics:
[56.285s][info][gc,heap     ] GC(9) y:                Mark Start          Mark End        Relocate Start      Relocate End    
[56.285s][info][gc,heap     ] GC(9) y:      Used:     6060M (74%)        6200M (76%)        3808M (46%)         416M (5%)     
[56.285s][info][gc,heap     ] GC(9) y:      Live:         -               105M (1%)          105M (1%)          105M (1%)     
[56.285s][info][gc,heap     ] GC(9) y:   Garbage:         -              5954M (73%)        3550M (43%)          33M (0%)     
[56.285s][info][gc,heap     ] GC(9) y: Allocated:         -               140M (2%)          152M (2%)          277M (3%)     
[56.285s][info][gc,heap     ] GC(9) y: Reclaimed:         -                  -              2404M (29%)        5921M (72%)    
[56.285s][info][gc,heap     ] GC(9) y:  Promoted:         -                  -                 0M (0%)            0M (0%)     
[56.285s][info][gc,heap     ] GC(9) y: Compacted:         -                  -                  -               102M (1%)     
[56.285s][info][gc,phases   ] GC(9) y: Young Generation 6652M(81%)->1008M(12%) 0.296s
[56.285s][info][gc          ] GC(9) Minor Collection (Allocation Rate) 6652M(81%)->1008M(12%) 0.297s
[64.748s][info][gc          ] GC(10) Minor Collection (Allocation Rate)
[64.748s][info][gc,task     ] GC(10) Using 1 Workers for Young Generation
[64.748s][info][gc,phases   ] GC(10) y: Young Generation
[64.748s][info][gc,phases   ] GC(10) y: Pause Mark Start 0.013ms
[64.880s][info][gc,phases   ] GC(10) y: Concurrent Mark 132.564ms
[64.881s][info][gc,phases   ] GC(10) y: Pause Mark End 0.008ms
[64.881s][info][gc,phases   ] GC(10) y: Concurrent Mark Free 0.000ms
[64.881s][info][gc,phases   ] GC(10) y: Concurrent Reset Relocation Set 0.327ms
[64.884s][info][gc,reloc    ] GC(10) y: Using tenuring threshold: 4 (Computed)
[64.887s][info][gc,phases   ] GC(10) y: Concurrent Select Relocation Set 5.986ms
[64.887s][info][gc,phases   ] GC(10) y: Pause Relocate Start 0.009ms
[64.962s][info][gc,phases   ] GC(10) y: Concurrent Relocate 75.407ms
[64.962s][info][gc,alloc    ] GC(10) y:                         Mark Start        Mark End      Relocate Start    Relocate End   
[64.963s][info][gc,alloc    ] GC(10) y: Allocation Stalls:          0                0                0                0         
[64.963s][info][gc,load     ] GC(10) y: Load: 0.00 (0%) / 0.00 (0%) / 0.00 (0%)
[64.963s][info][gc,mmu      ] GC(10) y: MMU: 2ms/99.0%, 5ms/99.6%, 10ms/99.8%, 20ms/99.8%, 50ms/99.9%, 100ms/99.9%
[64.963s][info][gc,marking  ] GC(10) y: Mark: 1 stripe(s), 2 proactive flush(es), 1 terminate flush(es), 0 completion(s), 0 continuation(s) 
[64.963s][info][gc,marking  ] GC(10) y: Mark Stack Usage: 32M
[64.963s][info][gc,nmethod  ] GC(10) y: NMethods: 11753 registered, 7371 unregistered
[64.963s][info][gc,metaspace] GC(10) y: Metaspace: 128M used, 129M committed, 1152M reserved
[64.963s][info][gc,reloc    ] GC(10) y:                        Candidates     Selected     In-Place         Size        Empty    Relocated 
[64.963s][info][gc,reloc    ] GC(10) y: Small Pages:                 3126         1980            0        6252M        2190M          74M 
[64.963s][info][gc,reloc    ] GC(10) y: Medium Pages:                   1            0            0          32M           0M           0M 
[64.963s][info][gc,reloc    ] GC(10) y: Large Pages:                    0            0            0           0M           0M           0M 
[64.963s][info][gc,reloc    ] GC(10) y: Forwarding Usage: 28M
[64.963s][info][gc,reloc    ] GC(10) y: Age Table:
[64.963s][info][gc,reloc    ] GC(10) y:                    Live             Garbage             Small              Medium             Large        
[64.963s][info][gc,reloc    ] GC(10) y: Eden              73M (1%)         6036M (74%)       3055 / 1918           0 / 0              0 / 0        
[64.963s][info][gc,reloc    ] GC(10) y: Survivor 1         6M (0%)          125M (2%)          50 / 45             1 / 0              0 / 0        
[64.963s][info][gc,reloc    ] GC(10) y: Survivor 2         4M (0%)           21M (0%)          13 / 11             0 / 0              0 / 0        
[64.963s][info][gc,reloc    ] GC(10) y: Survivor 3         3M (0%)           12M (0%)           8 / 6              0 / 0              0 / 0        
[64.963s][info][gc,heap     ] GC(10) y: Min Capacity: 8192M(100%)
[64.963s][info][gc,heap     ] GC(10) y: Max Capacity: 8192M(100%)
[64.963s][info][gc,heap     ] GC(10) y: Soft Max Capacity: 8192M(100%)
[64.963s][info][gc,heap     ] GC(10) y: Heap Statistics:
[64.963s][info][gc,heap     ] GC(10) y:                Mark Start          Mark End        Relocate Start      Relocate End           High               Low         
[64.963s][info][gc,heap     ] GC(10) y:  Capacity:     8192M (100%)       8192M (100%)       8192M (100%)       8192M (100%)       8192M (100%)       8192M (100%)   
[64.963s][info][gc,heap     ] GC(10) y:      Free:     1316M (16%)        1222M (15%)        3408M (42%)        7292M (89%)        7292M (89%)        1222M (15%)    
[64.963s][info][gc,heap     ] GC(10) y:      Used:     6876M (84%)        6970M (85%)        4784M (58%)         900M (11%)        6970M (85%)         900M (11%)    
[64.963s][info][gc,heap     ] GC(10) y: Young Generation Statistics:
[64.963s][info][gc,heap     ] GC(10) y:                Mark Start          Mark End        Relocate Start      Relocate End    
[64.963s][info][gc,heap     ] GC(10) y:      Used:     6284M (77%)        6378M (78%)        4192M (51%)         308M (4%)     
[64.963s][info][gc,heap     ] GC(10) y:      Live:         -                88M (1%)           88M (1%)           88M (1%)     
[64.963s][info][gc,heap     ] GC(10) y:   Garbage:         -              6195M (76%)        4005M (49%)          33M (0%)     
[64.963s][info][gc,heap     ] GC(10) y: Allocated:         -                94M (1%)           98M (1%)          186M (2%)     
[64.963s][info][gc,heap     ] GC(10) y: Reclaimed:         -                  -              2190M (27%)        6162M (75%)    
[64.963s][info][gc,heap     ] GC(10) y:  Promoted:         -                  -                 0M (0%)            0M (0%)     
[64.963s][info][gc,heap     ] GC(10) y: Compacted:         -                  -                  -                85M (1%)     
[64.963s][info][gc,phases   ] GC(10) y: Young Generation 6876M(84%)->900M(11%) 0.215s
[64.963s][info][gc          ] GC(10) Minor Collection (Allocation Rate) 6876M(84%)->902M(11%) 0.215s
[73.784s][info][gc          ] GC(11) Minor Collection (Allocation Rate)
[73.784s][info][gc,task     ] GC(11) Using 1 Workers for Young Generation
[73.784s][info][gc,phases   ] GC(11) y: Young Generation
[73.786s][info][gc,phases   ] GC(11) y: Pause Mark Start 0.083ms
[74.050s][info][gc,phases   ] GC(11) y: Concurrent Mark 263.192ms
[74.050s][info][gc,phases   ] GC(11) y: Pause Mark End 0.013ms
[74.050s][info][gc,phases   ] GC(11) y: Concurrent Mark Free 0.001ms
[74.050s][info][gc,phases   ] GC(11) y: Concurrent Reset Relocation Set 0.214ms
[74.053s][info][gc,reloc    ] GC(11) y: Using tenuring threshold: 5 (Computed)
[74.269s][info][gc,phases   ] GC(11) y: Concurrent Select Relocation Set 218.544ms
[74.269s][info][gc,phases   ] GC(11) y: Pause Relocate Start 0.011ms
[74.461s][info][gc,phases   ] GC(11) y: Concurrent Relocate 191.725ms
[74.461s][info][gc,alloc    ] GC(11) y:                         Mark Start        Mark End      Relocate Start    Relocate End   
[74.461s][info][gc,alloc    ] GC(11) y: Allocation Stalls:          0                0                0                0         
[74.461s][info][gc,load     ] GC(11) y: Load: 0.00 (0%) / 0.00 (0%) / 0.00 (0%)
[74.461s][info][gc,mmu      ] GC(11) y: MMU: 2ms/95.8%, 5ms/98.3%, 10ms/99.2%, 20ms/99.6%, 50ms/99.8%, 100ms/99.9%
[74.461s][info][gc,marking  ] GC(11) y: Mark: 1 stripe(s), 2 proactive flush(es), 1 terminate flush(es), 0 completion(s), 0 continuation(s) 
[74.461s][info][gc,marking  ] GC(11) y: Mark Stack Usage: 32M
[74.461s][info][gc,nmethod  ] GC(11) y: NMethods: 12305 registered, 7371 unregistered
[74.461s][info][gc,metaspace] GC(11) y: Metaspace: 129M used, 130M committed, 1152M reserved
[74.461s][info][gc,reloc    ] GC(11) y:                        Candidates     Selected     In-Place         Size        Empty    Relocated 
[74.461s][info][gc,reloc    ] GC(11) y: Small Pages:                 3295         1904            0        6590M        2672M          71M 
[74.461s][info][gc,reloc    ] GC(11) y: Medium Pages:                   1            0            0          32M           0M           0M 
[74.461s][info][gc,reloc    ] GC(11) y: Large Pages:                    0            0            0           0M           0M           0M 
[74.461s][info][gc,reloc    ] GC(11) y: Forwarding Usage: 29M
[74.461s][info][gc,reloc    ] GC(11) y: Age Table:
[74.461s][info][gc,reloc    ] GC(11) y:                    Live             Garbage             Small              Medium             Large        
[74.461s][info][gc,reloc    ] GC(11) y: Eden              82M (1%)         6377M (78%)       3230 / 1851           0 / 0              0 / 0        
[74.461s][info][gc,reloc    ] GC(11) y: Survivor 1         4M (0%)           79M (1%)          42 / 37             0 / 0              0 / 0        
[74.461s][info][gc,reloc    ] GC(11) y: Survivor 2         1M (0%)           46M (1%)           8 / 6              1 / 0              0 / 0        
[74.461s][info][gc,reloc    ] GC(11) y: Survivor 3         4M (0%)           13M (0%)           9 / 6              0 / 0              0 / 0        
[74.461s][info][gc,reloc    ] GC(11) y: Survivor 4         3M (0%)            8M (0%)           6 / 4              0 / 0              0 / 0        
[74.461s][info][gc,heap     ] GC(11) y: Min Capacity: 8192M(100%)
[74.461s][info][gc,heap     ] GC(11) y: Max Capacity: 8192M(100%)
[74.461s][info][gc,heap     ] GC(11) y: Soft Max Capacity: 8192M(100%)
[74.461s][info][gc,heap     ] GC(11) y: Heap Statistics:
[74.461s][info][gc,heap     ] GC(11) y:                Mark Start          Mark End        Relocate Start      Relocate End           High               Low         
[74.461s][info][gc,heap     ] GC(11) y:  Capacity:     8192M (100%)       8192M (100%)       8192M (100%)       8192M (100%)       8192M (100%)       8192M (100%)   
[74.461s][info][gc,heap     ] GC(11) y:      Free:      978M (12%)         910M (11%)        3444M (42%)        7190M (88%)        7190M (88%)         910M (11%)    
[74.461s][info][gc,heap     ] GC(11) y:      Used:     7214M (88%)        7282M (89%)        4748M (58%)        1002M (12%)        7282M (89%)        1002M (12%)    
[74.461s][info][gc,heap     ] GC(11) y: Young Generation Statistics:
[74.461s][info][gc,heap     ] GC(11) y:                Mark Start          Mark End        Relocate Start      Relocate End    
[74.461s][info][gc,heap     ] GC(11) y:      Used:     6622M (81%)        6690M (82%)        4156M (51%)         410M (5%)     
[74.461s][info][gc,heap     ] GC(11) y:      Live:         -                95M (1%)           95M (1%)           95M (1%)     
[74.461s][info][gc,heap     ] GC(11) y:   Garbage:         -              6526M (80%)        3854M (47%)          34M (0%)     
[74.461s][info][gc,heap     ] GC(11) y: Allocated:         -                68M (1%)          206M (3%)          280M (3%)     
[74.461s][info][gc,heap     ] GC(11) y: Reclaimed:         -                  -              2672M (33%)        6492M (79%)    
[74.461s][info][gc,heap     ] GC(11) y:  Promoted:         -                  -                 0M (0%)            0M (0%)     
[74.461s][info][gc,heap     ] GC(11) y: Compacted:         -                  -                  -                83M (1%)     
[74.461s][info][gc,phases   ] GC(11) y: Young Generation 7214M(88%)->1002M(12%) 0.677s
[74.461s][info][gc          ] GC(11) Minor Collection (Allocation Rate) 7214M(88%)->1002M(12%) 0.677s
[82.023s][info][gc          ] GC(12) Minor Collection (Allocation Rate)
[82.023s][info][gc,task     ] GC(12) Using 1 Workers for Young Generation
[82.023s][info][gc,phases   ] GC(12) y: Young Generation
[82.023s][info][gc,phases   ] GC(12) y: Pause Mark Start 0.018ms
[82.183s][info][gc,phases   ] GC(12) y: Concurrent Mark 159.433ms
[82.183s][info][gc,phases   ] GC(12) y: Pause Mark End 0.009ms
[82.183s][info][gc,phases   ] GC(12) y: Concurrent Mark Free 0.000ms
[82.183s][info][gc,phases   ] GC(12) y: Concurrent Reset Relocation Set 0.239ms
[82.188s][info][gc,reloc    ] GC(12) y: Using tenuring threshold: 6 (Computed)
[82.205s][info][gc,phases   ] GC(12) y: Concurrent Select Relocation Set 22.170ms
[82.205s][info][gc,phases   ] GC(12) y: Pause Relocate Start 0.009ms
[82.291s][info][gc,phases   ] GC(12) y: Concurrent Relocate 85.670ms
[82.291s][info][gc,alloc    ] GC(12) y:                         Mark Start        Mark End      Relocate Start    Relocate End   
[82.291s][info][gc,alloc    ] GC(12) y: Allocation Stalls:          0                0                0                0         
[82.291s][info][gc,load     ] GC(12) y: Load: 0.00 (0%) / 0.00 (0%) / 0.00 (0%)
[82.291s][info][gc,mmu      ] GC(12) y: MMU: 2ms/95.8%, 5ms/98.3%, 10ms/99.2%, 20ms/99.6%, 50ms/99.8%, 100ms/99.9%
[82.291s][info][gc,marking  ] GC(12) y: Mark: 1 stripe(s), 2 proactive flush(es), 1 terminate flush(es), 0 completion(s), 0 continuation(s) 
[82.291s][info][gc,marking  ] GC(12) y: Mark Stack Usage: 32M
[82.291s][info][gc,nmethod  ] GC(12) y: NMethods: 12520 registered, 7371 unregistered
[82.291s][info][gc,metaspace] GC(12) y: Metaspace: 129M used, 130M committed, 1152M reserved
[82.291s][info][gc,reloc    ] GC(12) y:                        Candidates     Selected     In-Place         Size        Empty    Relocated 
[82.291s][info][gc,reloc    ] GC(12) y: Small Pages:                 2671         1922            0        5342M        1386M          74M 
[82.291s][info][gc,reloc    ] GC(12) y: Medium Pages:                   1            0            0          32M           0M           0M 
[82.291s][info][gc,reloc    ] GC(12) y: Large Pages:                    0            0            0           0M           0M           0M 
[82.291s][info][gc,reloc    ] GC(12) y: Forwarding Usage: 31M
[82.291s][info][gc,reloc    ] GC(12) y: Age Table:
[82.291s][info][gc,reloc    ] GC(12) y:                    Live             Garbage             Small              Medium             Large        
[82.291s][info][gc,reloc    ] GC(12) y: Eden              69M (1%)         5138M (63%)       2604 / 1876           0 / 0              0 / 0        
[82.291s][info][gc,reloc    ] GC(12) y: Survivor 1        18M (0%)           77M (1%)          48 / 38             0 / 0              0 / 0        
[82.291s][info][gc,reloc    ] GC(12) y: Survivor 2         1M (0%)           12M (0%)           7 / 4              0 / 0              0 / 0        
[82.291s][info][gc,reloc    ] GC(12) y: Survivor 3         1M (0%)           36M (0%)           3 / 0              1 / 0              0 / 0        
[82.291s][info][gc,reloc    ] GC(12) y: Survivor 4         3M (0%)            8M (0%)           6 / 2              0 / 0              0 / 0        
[82.291s][info][gc,reloc    ] GC(12) y: Survivor 5         3M (0%)            2M (0%)           3 / 2              0 / 0              0 / 0        
[82.291s][info][gc,heap     ] GC(12) y: Min Capacity: 8192M(100%)
[82.291s][info][gc,heap     ] GC(12) y: Max Capacity: 8192M(100%)
[82.291s][info][gc,heap     ] GC(12) y: Soft Max Capacity: 8192M(100%)
[82.291s][info][gc,heap     ] GC(12) y: Heap Statistics:
[82.291s][info][gc,heap     ] GC(12) y:                Mark Start          Mark End        Relocate Start      Relocate End           High               Low         
[82.291s][info][gc,heap     ] GC(12) y:  Capacity:     8192M (100%)       8192M (100%)       8192M (100%)       8192M (100%)       8192M (100%)       8192M (100%)   
[82.291s][info][gc,heap     ] GC(12) y:      Free:     2226M (27%)        2042M (25%)        3380M (41%)        7126M (87%)        7126M (87%)        2040M (25%)    
[82.291s][info][gc,heap     ] GC(12) y:      Used:     5966M (73%)        6150M (75%)        4812M (59%)        1066M (13%)        6152M (75%)        1066M (13%)    
[82.291s][info][gc,heap     ] GC(12) y: Young Generation Statistics:
[82.291s][info][gc,heap     ] GC(12) y:                Mark Start          Mark End        Relocate Start      Relocate End    
[82.291s][info][gc,heap     ] GC(12) y:      Used:     5374M (66%)        5558M (68%)        4220M (52%)         474M (6%)     
[82.291s][info][gc,heap     ] GC(12) y:      Live:         -                97M (1%)           97M (1%)           97M (1%)     
[82.291s][info][gc,heap     ] GC(12) y:   Garbage:         -              5276M (64%)        3890M (47%)          32M (0%)     
[82.291s][info][gc,heap     ] GC(12) y: Allocated:         -               184M (2%)          232M (3%)          343M (4%)     
[82.291s][info][gc,heap     ] GC(12) y: Reclaimed:         -                  -              1386M (17%)        5243M (64%)    
[82.291s][info][gc,heap     ] GC(12) y:  Promoted:         -                  -                 0M (0%)            0M (0%)     
[82.291s][info][gc,heap     ] GC(12) y: Compacted:         -                  -                  -                92M (1%)     
[82.291s][info][gc,phases   ] GC(12) y: Young Generation 5966M(73%)->1066M(13%) 0.268s
[82.291s][info][gc          ] GC(12) Minor Collection (Allocation Rate) 5966M(73%)->1066M(13%) 0.268s
[87.634s][info][gc          ] GC(13) Minor Collection (Allocation Rate)
[87.634s][info][gc,task     ] GC(13) Using 1 Workers for Young Generation
[87.634s][info][gc,phases   ] GC(13) y: Young Generation
[87.634s][info][gc,phases   ] GC(13) y: Pause Mark Start 0.015ms
[87.792s][info][gc,phases   ] GC(13) y: Concurrent Mark 157.695ms
[87.792s][info][gc,phases   ] GC(13) y: Pause Mark End 0.008ms
[87.792s][info][gc,phases   ] GC(13) y: Concurrent Mark Free 0.000ms
[87.792s][info][gc,phases   ] GC(13) y: Concurrent Reset Relocation Set 0.160ms
[87.795s][info][gc,reloc    ] GC(13) y: Using tenuring threshold: 6 (Computed)
[87.798s][info][gc,phases   ] GC(13) y: Concurrent Select Relocation Set 5.801ms
[87.798s][info][gc,phases   ] GC(13) y: Pause Relocate Start 0.009ms
[87.878s][info][gc,phases   ] GC(13) y: Concurrent Relocate 79.443ms
[87.878s][info][gc,alloc    ] GC(13) y:                         Mark Start        Mark End      Relocate Start    Relocate End   
[87.878s][info][gc,alloc    ] GC(13) y: Allocation Stalls:          0                0                0                0         
[87.878s][info][gc,load     ] GC(13) y: Load: 0.00 (0%) / 0.00 (0%) / 0.00 (0%)
[87.878s][info][gc,mmu      ] GC(13) y: MMU: 2ms/95.8%, 5ms/98.3%, 10ms/99.2%, 20ms/99.6%, 50ms/99.8%, 100ms/99.9%
[87.878s][info][gc,marking  ] GC(13) y: Mark: 1 stripe(s), 2 proactive flush(es), 1 terminate flush(es), 0 completion(s), 0 continuation(s) 
[87.878s][info][gc,marking  ] GC(13) y: Mark Stack Usage: 32M
[87.878s][info][gc,nmethod  ] GC(13) y: NMethods: 12654 registered, 7371 unregistered
[87.878s][info][gc,metaspace] GC(13) y: Metaspace: 129M used, 130M committed, 1152M reserved
[87.878s][info][gc,reloc    ] GC(13) y:                        Candidates     Selected     In-Place         Size        Empty    Relocated 
[87.878s][info][gc,reloc    ] GC(13) y: Small Pages:                 2615         1752            0        5230M        1598M          86M 
[87.878s][info][gc,reloc    ] GC(13) y: Medium Pages:                   1            0            0          32M           0M           0M 
[87.878s][info][gc,reloc    ] GC(13) y: Large Pages:                    0            0            0           0M           0M           0M 
[87.878s][info][gc,reloc    ] GC(13) y: Forwarding Usage: 28M
[87.878s][info][gc,reloc    ] GC(13) y: Age Table:
[87.878s][info][gc,reloc    ] GC(13) y:                    Live             Garbage             Small              Medium             Large        
[87.878s][info][gc,reloc    ] GC(13) y: Eden              82M (1%)         5003M (61%)       2543 / 1695           0 / 0              0 / 0        
[87.878s][info][gc,reloc    ] GC(13) y: Survivor 1        13M (0%)           66M (1%)          40 / 35             0 / 0              0 / 0        
[87.878s][info][gc,reloc    ] GC(13) y: Survivor 2         4M (0%)           27M (0%)          16 / 13             0 / 0              0 / 0        
[87.878s][info][gc,reloc    ] GC(13) y: Survivor 3         1M (0%)            2M (0%)           2 / 1              0 / 0              0 / 0        
[87.878s][info][gc,reloc    ] GC(13) y: Survivor 4         1M (0%)           36M (0%)           3 / 2              1 / 0              0 / 0        
[87.878s][info][gc,reloc    ] GC(13) y: Survivor 5         3M (0%)           10M (0%)           7 / 4              0 / 0              0 / 0        
[87.878s][info][gc,reloc    ] GC(13) y: Survivor 6         3M (0%)            4M (0%)           4 / 2              0 / 0              0 / 0        
[87.878s][info][gc,heap     ] GC(13) y: Min Capacity: 8192M(100%)
[87.878s][info][gc,heap     ] GC(13) y: Max Capacity: 8192M(100%)
[87.878s][info][gc,heap     ] GC(13) y: Soft Max Capacity: 8192M(100%)
[87.878s][info][gc,heap     ] GC(13) y: Heap Statistics:
[87.878s][info][gc,heap     ] GC(13) y:                Mark Start          Mark End        Relocate Start      Relocate End           High               Low         
[87.878s][info][gc,heap     ] GC(13) y:  Capacity:     8192M (100%)       8192M (100%)       8192M (100%)       8192M (100%)       8192M (100%)       8192M (100%)   
[87.878s][info][gc,heap     ] GC(13) y:      Free:     2338M (29%)        2156M (26%)        3748M (46%)        7144M (87%)        7148M (87%)        2156M (26%)    
[87.878s][info][gc,heap     ] GC(13) y:      Used:     5854M (71%)        6036M (74%)        4444M (54%)        1048M (13%)        6036M (74%)        1044M (13%)    
[87.878s][info][gc,heap     ] GC(13) y: Young Generation Statistics:
[87.878s][info][gc,heap     ] GC(13) y:                Mark Start          Mark End        Relocate Start      Relocate End    
[87.878s][info][gc,heap     ] GC(13) y:      Used:     5262M (64%)        5444M (66%)        3848M (47%)         450M (5%)     
[87.878s][info][gc,heap     ] GC(13) y:      Live:         -               111M (1%)          108M (1%)          108M (1%)     
[87.878s][info][gc,heap     ] GC(13) y:   Garbage:         -              5150M (63%)        3551M (43%)          33M (0%)     
[87.878s][info][gc,heap     ] GC(13) y: Allocated:         -               182M (2%)          188M (2%)          308M (4%)     
[87.878s][info][gc,heap     ] GC(13) y: Reclaimed:         -                  -              1598M (20%)        5117M (62%)    
[87.878s][info][gc,heap     ] GC(13) y:  Promoted:         -                  -                 3M (0%)            3M (0%)     
[87.878s][info][gc,heap     ] GC(13) y: Compacted:         -                  -                  -               101M (1%)     
[87.878s][info][gc,phases   ] GC(13) y: Young Generation 5854M(71%)->1048M(13%) 0.244s
[87.878s][info][gc          ] GC(13) Minor Collection (Allocation Rate) 5852M(71%)->1048M(13%) 0.244s
[94.655s][info][gc          ] GC(14) Minor Collection (Allocation Rate)
[94.655s][info][gc,task     ] GC(14) Using 1 Workers for Young Generation
[94.655s][info][gc,phases   ] GC(14) y: Young Generation
[94.655s][info][gc,phases   ] GC(14) y: Pause Mark Start 0.012ms
[94.813s][info][gc,phases   ] GC(14) y: Concurrent Mark 157.787ms
[94.813s][info][gc,phases   ] GC(14) y: Pause Mark End 0.010ms
[94.813s][info][gc,phases   ] GC(14) y: Concurrent Mark Free 0.000ms
[94.813s][info][gc,phases   ] GC(14) y: Concurrent Reset Relocation Set 0.210ms
[94.815s][info][gc,reloc    ] GC(14) y: Using tenuring threshold: 6 (Computed)
[94.835s][info][gc,phases   ] GC(14) y: Concurrent Select Relocation Set 21.421ms
[94.835s][info][gc,phases   ] GC(14) y: Pause Relocate Start 0.007ms
[94.938s][info][gc,phases   ] GC(14) y: Concurrent Relocate 102.765ms
[94.938s][info][gc,alloc    ] GC(14) y:                         Mark Start        Mark End      Relocate Start    Relocate End   
[94.938s][info][gc,alloc    ] GC(14) y: Allocation Stalls:          0                0                0                0         
[94.938s][info][gc,load     ] GC(14) y: Load: 0.00 (0%) / 0.00 (0%) / 0.00 (0%)
[94.938s][info][gc,mmu      ] GC(14) y: MMU: 2ms/95.8%, 5ms/98.3%, 10ms/99.2%, 20ms/99.6%, 50ms/99.8%, 100ms/99.9%
[94.938s][info][gc,marking  ] GC(14) y: Mark: 1 stripe(s), 2 proactive flush(es), 1 terminate flush(es), 0 completion(s), 0 continuation(s) 
[94.938s][info][gc,marking  ] GC(14) y: Mark Stack Usage: 32M
[94.938s][info][gc,nmethod  ] GC(14) y: NMethods: 12823 registered, 7371 unregistered
[94.938s][info][gc,metaspace] GC(14) y: Metaspace: 129M used, 130M committed, 1152M reserved
[94.938s][info][gc,reloc    ] GC(14) y:                        Candidates     Selected     In-Place         Size        Empty    Relocated 
[94.938s][info][gc,reloc    ] GC(14) y: Small Pages:                 3149         1995            0        6298M        2176M          92M 
[94.938s][info][gc,reloc    ] GC(14) y: Medium Pages:                   1            0            0          32M           0M           0M 
[94.938s][info][gc,reloc    ] GC(14) y: Large Pages:                    0            0            0           0M           0M           0M 
[94.938s][info][gc,reloc    ] GC(14) y: Forwarding Usage: 32M
[94.938s][info][gc,reloc    ] GC(14) y: Age Table:
[94.938s][info][gc,reloc    ] GC(14) y:                    Live             Garbage             Small              Medium             Large        
[94.938s][info][gc,reloc    ] GC(14) y: Eden              93M (1%)         6036M (74%)       3065 / 1926           0 / 0              0 / 0        
[94.938s][info][gc,reloc    ] GC(14) y: Survivor 1         8M (0%)           85M (1%)          47 / 41             0 / 0              0 / 0        
[94.938s][info][gc,reloc    ] GC(14) y: Survivor 2         3M (0%)           22M (0%)          13 / 11             0 / 0              0 / 0        
[94.938s][info][gc,reloc    ] GC(14) y: Survivor 3         2M (0%)           23M (0%)          13 / 12             0 / 0              0 / 0        
[94.938s][info][gc,reloc    ] GC(14) y: Survivor 4         1M (0%)            2M (0%)           2 / 0              0 / 0              0 / 0        
[94.938s][info][gc,reloc    ] GC(14) y: Survivor 5         1M (0%)           38M (0%)           4 / 3              1 / 0              0 / 0        
[94.938s][info][gc,reloc    ] GC(14) y: Survivor 6         3M (0%)            6M (0%)           5 / 2              0 / 0              0 / 0        
[94.938s][info][gc,heap     ] GC(14) y: Min Capacity: 8192M(100%)
[94.938s][info][gc,heap     ] GC(14) y: Max Capacity: 8192M(100%)
[94.938s][info][gc,heap     ] GC(14) y: Soft Max Capacity: 8192M(100%)
[94.938s][info][gc,heap     ] GC(14) y: Heap Statistics:
[94.938s][info][gc,heap     ] GC(14) y:                Mark Start          Mark End        Relocate Start      Relocate End           High               Low         
[94.938s][info][gc,heap     ] GC(14) y:  Capacity:     8192M (100%)       8192M (100%)       8192M (100%)       8192M (100%)       8192M (100%)       8192M (100%)   
[94.938s][info][gc,heap     ] GC(14) y:      Free:     1264M (15%)        1130M (14%)        3284M (40%)        7148M (87%)        7148M (87%)        1130M (14%)    
[94.938s][info][gc,heap     ] GC(14) y:      Used:     6928M (85%)        7062M (86%)        4908M (60%)        1044M (13%)        7062M (86%)        1044M (13%)    
[94.938s][info][gc,heap     ] GC(14) y: Young Generation Statistics:
[94.938s][info][gc,heap     ] GC(14) y:                Mark Start          Mark End        Relocate Start      Relocate End    
[94.938s][info][gc,heap     ] GC(14) y:      Used:     6330M (77%)        6464M (79%)        4306M (53%)         438M (5%)     
[94.938s][info][gc,heap     ] GC(14) y:      Live:         -               114M (1%)          111M (1%)          111M (1%)     
[94.938s][info][gc,heap     ] GC(14) y:   Garbage:         -              6215M (76%)        4038M (49%)          33M (0%)     
[94.938s][info][gc,heap     ] GC(14) y: Allocated:         -               134M (2%)          156M (2%)          293M (4%)     
[94.938s][info][gc,heap     ] GC(14) y: Reclaimed:         -                  -              2176M (27%)        6181M (75%)    
[94.938s][info][gc,heap     ] GC(14) y:  Promoted:         -                  -                 3M (0%)            3M (0%)     
[94.938s][info][gc,heap     ] GC(14) y: Compacted:         -                  -                  -               106M (1%)     
[94.938s][info][gc,phases   ] GC(14) y: Young Generation 6928M(85%)->1044M(13%) 0.283s
[94.938s][info][gc          ] GC(14) Minor Collection (Allocation Rate) 6928M(85%)->1044M(13%) 0.283s
[102.863s][info][gc          ] GC(15) Minor Collection (Allocation Rate)
[102.863s][info][gc,task     ] GC(15) Using 1 Workers for Young Generation
[102.863s][info][gc,phases   ] GC(15) y: Young Generation
[102.863s][info][gc,phases   ] GC(15) y: Pause Mark Start 0.027ms
[102.975s][info][gc,phases   ] GC(15) y: Concurrent Mark 111.768ms
[102.975s][info][gc,phases   ] GC(15) y: Pause Mark End 0.010ms
[102.975s][info][gc,phases   ] GC(15) y: Concurrent Mark Free 0.000ms
[102.975s][info][gc,phases   ] GC(15) y: Concurrent Reset Relocation Set 0.271ms
[102.978s][info][gc,reloc    ] GC(15) y: Using tenuring threshold: 7 (Computed)
[102.983s][info][gc,phases   ] GC(15) y: Concurrent Select Relocation Set 8.078ms
[102.983s][info][gc,phases   ] GC(15) y: Pause Relocate Start 0.014ms
[103.044s][info][gc,phases   ] GC(15) y: Concurrent Relocate 60.732ms
[103.044s][info][gc,alloc    ] GC(15) y:                         Mark Start        Mark End      Relocate Start    Relocate End   
[103.044s][info][gc,alloc    ] GC(15) y: Allocation Stalls:          0                0                0                0         
[103.044s][info][gc,load     ] GC(15) y: Load: 0.00 (0%) / 0.00 (0%) / 0.00 (0%)
[103.044s][info][gc,mmu      ] GC(15) y: MMU: 2ms/95.8%, 5ms/98.3%, 10ms/99.2%, 20ms/99.6%, 50ms/99.8%, 100ms/99.9%
[103.044s][info][gc,marking  ] GC(15) y: Mark: 1 stripe(s), 2 proactive flush(es), 1 terminate flush(es), 0 completion(s), 0 continuation(s) 
[103.044s][info][gc,marking  ] GC(15) y: Mark Stack Usage: 32M
[103.044s][info][gc,nmethod  ] GC(15) y: NMethods: 12941 registered, 7371 unregistered
[103.044s][info][gc,metaspace] GC(15) y: Metaspace: 129M used, 130M committed, 1152M reserved
[103.044s][info][gc,reloc    ] GC(15) y:                        Candidates     Selected     In-Place         Size        Empty    Relocated 
[103.044s][info][gc,reloc    ] GC(15) y: Small Pages:                 3315         1683            0        6630M        3182M          59M 
[103.044s][info][gc,reloc    ] GC(15) y: Medium Pages:                   1            0            0          32M           0M           0M 
[103.044s][info][gc,reloc    ] GC(15) y: Large Pages:                    0            0            0           0M           0M           0M 
[103.044s][info][gc,reloc    ] GC(15) y: Forwarding Usage: 22M
[103.044s][info][gc,reloc    ] GC(15) y: Age Table:
[103.044s][info][gc,reloc    ] GC(15) y:                    Live             Garbage             Small              Medium             Large        
[103.044s][info][gc,reloc    ] GC(15) y: Eden              61M (1%)         6412M (78%)       3237 / 1614           0 / 0              0 / 0        
[103.044s][info][gc,reloc    ] GC(15) y: Survivor 1         3M (0%)          100M (1%)          52 / 48             0 / 0              0 / 0        
[103.044s][info][gc,reloc    ] GC(15) y: Survivor 2         1M (0%)           16M (0%)           9 / 7              0 / 0              0 / 0        
[103.044s][info][gc,reloc    ] GC(15) y: Survivor 3         0M (0%)           11M (0%)           6 / 5              0 / 0              0 / 0        
[103.044s][info][gc,reloc    ] GC(15) y: Survivor 4         1M (0%)           14M (0%)           8 / 8              0 / 0              0 / 0        
[103.044s][info][gc,reloc    ] GC(15) y: Survivor 5         1M (0%)            0M (0%)           1 / 0              0 / 0              0 / 0        
[103.044s][info][gc,reloc    ] GC(15) y: Survivor 6         1M (0%)           34M (0%)           2 / 1              1 / 0              0 / 0        
[103.044s][info][gc,heap     ] GC(15) y: Min Capacity: 8192M(100%)
[103.044s][info][gc,heap     ] GC(15) y: Max Capacity: 8192M(100%)
[103.044s][info][gc,heap     ] GC(15) y: Soft Max Capacity: 8192M(100%)
[103.044s][info][gc,heap     ] GC(15) y: Heap Statistics:
[103.044s][info][gc,heap     ] GC(15) y:                Mark Start          Mark End        Relocate Start      Relocate End           High               Low         
[103.044s][info][gc,heap     ] GC(15) y:  Capacity:     8192M (100%)       8192M (100%)       8192M (100%)       8192M (100%)       8192M (100%)       8192M (100%)   
[103.044s][info][gc,heap     ] GC(15) y:      Free:      924M (11%)         842M (10%)        4018M (49%)        7298M (89%)        7298M (89%)         842M (10%)    
[103.044s][info][gc,heap     ] GC(15) y:      Used:     7268M (89%)        7350M (90%)        4174M (51%)         894M (11%)        7350M (90%)         894M (11%)    
[103.044s][info][gc,heap     ] GC(15) y: Young Generation Statistics:
[103.044s][info][gc,heap     ] GC(15) y:                Mark Start          Mark End        Relocate Start      Relocate End    
[103.044s][info][gc,heap     ] GC(15) y:      Used:     6662M (81%)        6744M (82%)        3568M (44%)         288M (4%)     
[103.044s][info][gc,heap     ] GC(15) y:      Live:         -                71M (1%)           71M (1%)           71M (1%)     
[103.044s][info][gc,heap     ] GC(15) y:   Garbage:         -              6590M (80%)        3408M (42%)          32M (0%)     
[103.044s][info][gc,heap     ] GC(15) y: Allocated:         -                82M (1%)           88M (1%)          183M (2%)     
[103.044s][info][gc,heap     ] GC(15) y: Reclaimed:         -                  -              3182M (39%)        6557M (80%)    
[103.044s][info][gc,heap     ] GC(15) y:  Promoted:         -                  -                 0M (0%)            0M (0%)     
[103.044s][info][gc,heap     ] GC(15) y: Compacted:         -                  -                  -                68M (1%)     
[103.044s][info][gc,phases   ] GC(15) y: Young Generation 7268M(89%)->894M(11%) 0.181s
[103.044s][info][gc          ] GC(15) Minor Collection (Allocation Rate) 7268M(89%)->894M(11%) 0.182s
[111.486s][info][gc          ] GC(16) Minor Collection (Allocation Rate)
[111.487s][info][gc,task     ] GC(16) Using 1 Workers for Young Generation
[111.487s][info][gc,phases   ] GC(16) y: Young Generation
[111.487s][info][gc,phases   ] GC(16) y: Pause Mark Start 0.022ms
[111.646s][info][gc,phases   ] GC(16) y: Concurrent Mark 159.298ms
[111.646s][info][gc,phases   ] GC(16) y: Pause Mark End 0.009ms
[111.646s][info][gc,phases   ] GC(16) y: Concurrent Mark Free 0.000ms
[111.646s][info][gc,phases   ] GC(16) y: Concurrent Reset Relocation Set 0.135ms
[111.649s][info][gc,reloc    ] GC(16) y: Using tenuring threshold: 5 (Computed)
[111.771s][info][gc,phases   ] GC(16) y: Concurrent Select Relocation Set 124.318ms
[111.771s][info][gc,phases   ] GC(16) y: Pause Relocate Start 0.011ms
[111.860s][info][gc,phases   ] GC(16) y: Concurrent Relocate 89.689ms
[111.861s][info][gc,alloc    ] GC(16) y:                         Mark Start        Mark End      Relocate Start    Relocate End   
[111.861s][info][gc,alloc    ] GC(16) y: Allocation Stalls:          0                0                0                0         
[111.861s][info][gc,load     ] GC(16) y: Load: 0.00 (0%) / 0.00 (0%) / 0.00 (0%)
[111.861s][info][gc,mmu      ] GC(16) y: MMU: 2ms/95.8%, 5ms/98.3%, 10ms/99.2%, 20ms/99.6%, 50ms/99.8%, 100ms/99.9%
[111.861s][info][gc,marking  ] GC(16) y: Mark: 1 stripe(s), 2 proactive flush(es), 1 terminate flush(es), 0 completion(s), 0 continuation(s) 
[111.861s][info][gc,marking  ] GC(16) y: Mark Stack Usage: 32M
[111.861s][info][gc,nmethod  ] GC(16) y: NMethods: 13048 registered, 7371 unregistered
[111.861s][info][gc,metaspace] GC(16) y: Metaspace: 129M used, 130M committed, 1152M reserved
[111.861s][info][gc,reloc    ] GC(16) y:                        Candidates     Selected     In-Place         Size        Empty    Relocated 
[111.861s][info][gc,reloc    ] GC(16) y: Small Pages:                 3406         2494            0        6812M        1690M          98M 
[111.861s][info][gc,reloc    ] GC(16) y: Medium Pages:                   1            0            0          32M           0M           0M 
[111.861s][info][gc,reloc    ] GC(16) y: Large Pages:                    0            0            0           0M           0M           0M 
[111.861s][info][gc,reloc    ] GC(16) y: Forwarding Usage: 31M
[111.861s][info][gc,reloc    ] GC(16) y: Age Table:
[111.861s][info][gc,reloc    ] GC(16) y:                    Live             Garbage             Small              Medium             Large        
[111.861s][info][gc,reloc    ] GC(16) y: Eden             103M (1%)         6586M (80%)       3345 / 2442           0 / 0              0 / 0        
[111.861s][info][gc,reloc    ] GC(16) y: Survivor 1         5M (0%)           68M (1%)          37 / 35             0 / 0              0 / 0        
[111.861s][info][gc,reloc    ] GC(16) y: Survivor 2         1M (0%)            8M (0%)           5 / 4              0 / 0              0 / 0        
[111.861s][info][gc,reloc    ] GC(16) y: Survivor 3         0M (0%)            3M (0%)           2 / 0              0 / 0              0 / 0        
[111.861s][info][gc,reloc    ] GC(16) y: Survivor 4         0M (0%)           11M (0%)           6 / 4              0 / 0              0 / 0        
[111.861s][info][gc,reloc    ] GC(16) y: Survivor 5         1M (0%)           12M (0%)           7 / 6              0 / 0              0 / 0        
[111.861s][info][gc,reloc    ] GC(16) y: Survivor 6         1M (0%)            0M (0%)           1 / 0              0 / 0              0 / 0        
[111.861s][info][gc,reloc    ] GC(16) y: Survivor 7         1M (0%)           36M (0%)           3 / 3              1 / 0              0 / 0        
[111.861s][info][gc,heap     ] GC(16) y: Min Capacity: 8192M(100%)
[111.861s][info][gc,heap     ] GC(16) y: Max Capacity: 8192M(100%)
[111.861s][info][gc,heap     ] GC(16) y: Soft Max Capacity: 8192M(100%)
[111.861s][info][gc,heap     ] GC(16) y: Heap Statistics:
[111.861s][info][gc,heap     ] GC(16) y:                Mark Start          Mark End        Relocate Start      Relocate End           High               Low         
[111.861s][info][gc,heap     ] GC(16) y:  Capacity:     8192M (100%)       8192M (100%)       8192M (100%)       8192M (100%)       8192M (100%)       8192M (100%)   
[111.861s][info][gc,heap     ] GC(16) y:      Free:      742M (9%)          618M (8%)         2162M (26%)        7070M (86%)        7072M (86%)         618M (8%)     
[111.861s][info][gc,heap     ] GC(16) y:      Used:     7450M (91%)        7574M (92%)        6030M (74%)        1122M (14%)        7574M (92%)        1120M (14%)    
[111.861s][info][gc,heap     ] GC(16) y: Young Generation Statistics:
[111.861s][info][gc,heap     ] GC(16) y:                Mark Start          Mark End        Relocate Start      Relocate End    
[111.861s][info][gc,heap     ] GC(16) y:      Used:     6844M (84%)        6968M (85%)        5388M (66%)         478M (6%)     
[111.861s][info][gc,heap     ] GC(16) y:      Live:         -               116M (1%)          112M (1%)          112M (1%)     
[111.861s][info][gc,heap     ] GC(16) y:   Garbage:         -              6727M (82%)        5005M (61%)           0M (0%)     
[111.861s][info][gc,heap     ] GC(16) y: Allocated:         -               124M (2%)          270M (3%)          365M (4%)     
[111.861s][info][gc,heap     ] GC(16) y: Reclaimed:         -                  -              1722M (21%)        6726M (82%)    
[111.861s][info][gc,heap     ] GC(16) y:  Promoted:         -                  -                 3M (0%)            4M (0%)     
[111.861s][info][gc,heap     ] GC(16) y: Compacted:         -                  -                  -               110M (1%)     
[111.861s][info][gc,phases   ] GC(16) y: Young Generation 7450M(91%)->1122M(14%) 0.374s
[111.861s][info][gc          ] GC(16) Minor Collection (Allocation Rate) 7450M(91%)->1122M(14%) 0.375s
[118.565s][info][gc          ] GC(17) Minor Collection (Allocation Rate)
[118.565s][info][gc,task     ] GC(17) Using 1 Workers for Young Generation
[118.565s][info][gc,phases   ] GC(17) y: Young Generation
[118.565s][info][gc,phases   ] GC(17) y: Pause Mark Start 0.014ms
[118.769s][info][gc,phases   ] GC(17) y: Concurrent Mark 204.237ms
[118.769s][info][gc,phases   ] GC(17) y: Pause Mark End 0.009ms
[118.769s][info][gc,phases   ] GC(17) y: Concurrent Mark Free 0.000ms
[118.770s][info][gc,phases   ] GC(17) y: Concurrent Reset Relocation Set 0.293ms
[118.772s][info][gc,reloc    ] GC(17) y: Using tenuring threshold: 6 (Computed)
[118.790s][info][gc,phases   ] GC(17) y: Concurrent Select Relocation Set 19.966ms
[118.790s][info][gc,phases   ] GC(17) y: Pause Relocate Start 0.009ms
[118.878s][info][gc,phases   ] GC(17) y: Concurrent Relocate 88.120ms
[118.878s][info][gc,alloc    ] GC(17) y:                         Mark Start        Mark End      Relocate Start    Relocate End   
[118.878s][info][gc,alloc    ] GC(17) y: Allocation Stalls:          0                0                0                0         
[118.878s][info][gc,load     ] GC(17) y: Load: 0.00 (0%) / 0.00 (0%) / 0.00 (0%)
[118.878s][info][gc,mmu      ] GC(17) y: MMU: 2ms/95.8%, 5ms/98.3%, 10ms/99.2%, 20ms/99.6%, 50ms/99.8%, 100ms/99.9%
[118.878s][info][gc,marking  ] GC(17) y: Mark: 1 stripe(s), 2 proactive flush(es), 1 terminate flush(es), 0 completion(s), 0 continuation(s) 
[118.878s][info][gc,marking  ] GC(17) y: Mark Stack Usage: 32M
[118.878s][info][gc,nmethod  ] GC(17) y: NMethods: 13142 registered, 7371 unregistered
[118.878s][info][gc,metaspace] GC(17) y: Metaspace: 129M used, 131M committed, 1152M reserved
[118.878s][info][gc,reloc    ] GC(17) y:                        Candidates     Selected     In-Place         Size        Empty    Relocated 
[118.878s][info][gc,reloc    ] GC(17) y: Small Pages:                 3160         1736            0        6320M        2672M          88M 
[118.878s][info][gc,reloc    ] GC(17) y: Medium Pages:                   0            0            0           0M           0M           0M 
[118.878s][info][gc,reloc    ] GC(17) y: Large Pages:                    0            0            0           0M           0M           0M 
[118.878s][info][gc,reloc    ] GC(17) y: Forwarding Usage: 33M
[118.878s][info][gc,reloc    ] GC(17) y: Age Table:
[118.878s][info][gc,reloc    ] GC(17) y:                    Live             Garbage             Small              Medium             Large        
[118.878s][info][gc,reloc    ] GC(17) y: Eden              93M (1%)         6080M (74%)       3087 / 1695           0 / 0              0 / 0        
[118.878s][info][gc,reloc    ] GC(17) y: Survivor 1        50M (1%)           63M (1%)          57 / 26             0 / 0              0 / 0        
[118.878s][info][gc,reloc    ] GC(17) y: Survivor 2         1M (0%)           14M (0%)           8 / 8              0 / 0              0 / 0        
[118.878s][info][gc,reloc    ] GC(17) y: Survivor 3         1M (0%)            4M (0%)           3 / 2              0 / 0              0 / 0        
[118.878s][info][gc,reloc    ] GC(17) y: Survivor 4         0M (0%)            5M (0%)           3 / 3              0 / 0              0 / 0        
[118.878s][info][gc,reloc    ] GC(17) y: Survivor 5         0M (0%)            3M (0%)           2 / 2              0 / 0              0 / 0        
[118.878s][info][gc,heap     ] GC(17) y: Min Capacity: 8192M(100%)
[118.878s][info][gc,heap     ] GC(17) y: Max Capacity: 8192M(100%)
[118.878s][info][gc,heap     ] GC(17) y: Soft Max Capacity: 8192M(100%)
[118.878s][info][gc,heap     ] GC(17) y: Heap Statistics:
[118.878s][info][gc,heap     ] GC(17) y:                Mark Start          Mark End        Relocate Start      Relocate End           High               Low         
[118.878s][info][gc,heap     ] GC(17) y:  Capacity:     8192M (100%)       8192M (100%)       8192M (100%)       8192M (100%)       8192M (100%)       8192M (100%)   
[118.878s][info][gc,heap     ] GC(17) y:      Free:     1228M (15%)         938M (11%)        3592M (44%)        6968M (85%)        6970M (85%)         936M (11%)    
[118.878s][info][gc,heap     ] GC(17) y:      Used:     6964M (85%)        7254M (89%)        4600M (56%)        1224M (15%)        7256M (89%)        1222M (15%)    
[118.878s][info][gc,heap     ] GC(17) y: Young Generation Statistics:
[118.878s][info][gc,heap     ] GC(17) y:                Mark Start          Mark End        Relocate Start      Relocate End    
[118.878s][info][gc,heap     ] GC(17) y:      Used:     6320M (77%)        6610M (81%)        3956M (48%)         580M (7%)     
[118.878s][info][gc,heap     ] GC(17) y:      Live:         -               148M (2%)          148M (2%)          148M (2%)     
[118.878s][info][gc,heap     ] GC(17) y:   Garbage:         -              6171M (75%)        3499M (43%)          11M (0%)     
[118.878s][info][gc,heap     ] GC(17) y: Allocated:         -               290M (4%)          308M (4%)          420M (5%)     
[118.878s][info][gc,heap     ] GC(17) y: Reclaimed:         -                  -              2672M (33%)        6160M (75%)    
[118.878s][info][gc,heap     ] GC(17) y:  Promoted:         -                  -                 0M (0%)            0M (0%)     
[118.878s][info][gc,heap     ] GC(17) y: Compacted:         -                  -                  -               115M (1%)     
[118.879s][info][gc,phases   ] GC(17) y: Young Generation 6964M(85%)->1224M(15%) 0.313s
[118.879s][info][gc          ] GC(17) Minor Collection (Allocation Rate) 6964M(85%)->1224M(15%) 0.314s
[128.800s][info][gc          ] GC(18) Minor Collection (Allocation Rate)
[128.800s][info][gc,task     ] GC(18) Using 1 Workers for Young Generation
[128.800s][info][gc,phases   ] GC(18) y: Young Generation
[128.800s][info][gc,phases   ] GC(18) y: Pause Mark Start 0.013ms
[128.990s][info][gc,phases   ] GC(18) y: Concurrent Mark 189.928ms
[128.990s][info][gc,phases   ] GC(18) y: Pause Mark End 0.009ms
[128.990s][info][gc,phases   ] GC(18) y: Concurrent Mark Free 0.000ms
[128.991s][info][gc,phases   ] GC(18) y: Concurrent Reset Relocation Set 0.139ms
[128.993s][info][gc,reloc    ] GC(18) y: Using tenuring threshold: 4 (Computed)
[128.998s][info][gc,phases   ] GC(18) y: Concurrent Select Relocation Set 7.828ms
[128.998s][info][gc,phases   ] GC(18) y: Pause Relocate Start 0.010ms
[129.076s][info][gc,phases   ] GC(18) y: Concurrent Relocate 77.479ms
[129.076s][info][gc,alloc    ] GC(18) y:                         Mark Start        Mark End      Relocate Start    Relocate End   
[129.076s][info][gc,alloc    ] GC(18) y: Allocation Stalls:          0                0                0                0         
[129.076s][info][gc,load     ] GC(18) y: Load: 0.00 (0%) / 0.00 (0%) / 0.00 (0%)
[129.076s][info][gc,mmu      ] GC(18) y: MMU: 2ms/95.8%, 5ms/98.3%, 10ms/99.2%, 20ms/99.6%, 50ms/99.8%, 100ms/99.9%
[129.076s][info][gc,marking  ] GC(18) y: Mark: 1 stripe(s), 2 proactive flush(es), 1 terminate flush(es), 0 completion(s), 0 continuation(s) 
[129.076s][info][gc,marking  ] GC(18) y: Mark Stack Usage: 32M
[129.076s][info][gc,nmethod  ] GC(18) y: NMethods: 13289 registered, 7371 unregistered
[129.076s][info][gc,metaspace] GC(18) y: Metaspace: 129M used, 131M committed, 1152M reserved
[129.076s][info][gc,reloc    ] GC(18) y:                        Candidates     Selected     In-Place         Size        Empty    Relocated 
[129.076s][info][gc,reloc    ] GC(18) y: Small Pages:                 3264         2287            0        6528M        1802M          76M 
[129.076s][info][gc,reloc    ] GC(18) y: Medium Pages:                   0            0            0           0M           0M           0M 
[129.076s][info][gc,reloc    ] GC(18) y: Large Pages:                    0            0            0           0M           0M           0M 
[129.076s][info][gc,reloc    ] GC(18) y: Forwarding Usage: 28M
[129.076s][info][gc,reloc    ] GC(18) y: Age Table:
[129.076s][info][gc,reloc    ] GC(18) y:                    Live             Garbage             Small              Medium             Large        
[129.076s][info][gc,reloc    ] GC(18) y: Eden              74M (1%)         6263M (76%)       3169 / 2244           0 / 0              0 / 0        
[129.076s][info][gc,reloc    ] GC(18) y: Survivor 1         9M (0%)           92M (1%)          51 / 31             0 / 0              0 / 0        
[129.076s][info][gc,reloc    ] GC(18) y: Survivor 2        41M (1%)           22M (0%)          32 / 5              0 / 0              0 / 0        
[129.076s][info][gc,reloc    ] GC(18) y: Survivor 3         0M (0%)           11M (0%)           6 / 4              0 / 0              0 / 0        
[129.076s][info][gc,reloc    ] GC(18) y: Survivor 4         1M (0%)            2M (0%)           2 / 1              0 / 0              0 / 0        
[129.076s][info][gc,reloc    ] GC(18) y: Survivor 5         0M (0%)            3M (0%)           2 / 1              0 / 0              0 / 0        
[129.076s][info][gc,reloc    ] GC(18) y: Survivor 6         0M (0%)            3M (0%)           2 / 1              0 / 0              0 / 0        
[129.076s][info][gc,heap     ] GC(18) y: Min Capacity: 8192M(100%)
[129.076s][info][gc,heap     ] GC(18) y: Max Capacity: 8192M(100%)
[129.076s][info][gc,heap     ] GC(18) y: Soft Max Capacity: 8192M(100%)
[129.076s][info][gc,heap     ] GC(18) y: Heap Statistics:
[129.076s][info][gc,heap     ] GC(18) y:                Mark Start          Mark End        Relocate Start      Relocate End           High               Low         
[129.076s][info][gc,heap     ] GC(18) y:  Capacity:     8192M (100%)       8192M (100%)       8192M (100%)       8192M (100%)       8192M (100%)       8192M (100%)   
[129.076s][info][gc,heap     ] GC(18) y:      Free:     1020M (12%)         860M (10%)        2650M (32%)        7142M (87%)        7144M (87%)         860M (10%)    
[129.076s][info][gc,heap     ] GC(18) y:      Used:     7172M (88%)        7332M (90%)        5542M (68%)        1050M (13%)        7332M (90%)        1048M (13%)    
[129.076s][info][gc,heap     ] GC(18) y: Young Generation Statistics:
[129.076s][info][gc,heap     ] GC(18) y:                Mark Start          Mark End        Relocate Start      Relocate End    
[129.076s][info][gc,heap     ] GC(18) y:      Used:     6528M (80%)        6688M (82%)        4896M (60%)         402M (5%)     
[129.076s][info][gc,heap     ] GC(18) y:      Live:         -               128M (2%)          126M (2%)          125M (2%)     
[129.076s][info][gc,heap     ] GC(18) y:   Garbage:         -              6399M (78%)        4597M (56%)          10M (0%)     
[129.076s][info][gc,heap     ] GC(18) y: Allocated:         -               160M (2%)          172M (2%)          266M (3%)     
[129.076s][info][gc,heap     ] GC(18) y: Reclaimed:         -                  -              1802M (22%)        6389M (78%)    
[129.076s][info][gc,heap     ] GC(18) y:  Promoted:         -                  -                 1M (0%)            2M (0%)     
[129.076s][info][gc,heap     ] GC(18) y: Compacted:         -                  -                  -                91M (1%)     
[129.076s][info][gc,phases   ] GC(18) y: Young Generation 7172M(88%)->1050M(13%) 0.276s
[129.077s][info][gc          ] GC(18) Minor Collection (Allocation Rate) 7172M(88%)->1050M(13%) 0.276s
[132.971s][info][gc          ] GC(19) Major Collection (Proactive)
[132.971s][info][gc,task     ] GC(19) Using 1 Workers for Young Generation
[132.971s][info][gc,task     ] GC(19) Using 1 Workers for Old Generation
[132.971s][info][gc,phases   ] GC(19) Y: Young Generation
[132.971s][info][gc,phases   ] GC(19) Y: Pause Mark Start (Major) 0.014ms
[133.160s][info][gc,phases   ] GC(19) Y: Concurrent Mark 188.797ms
[133.160s][info][gc,phases   ] GC(19) Y: Pause Mark End 0.014ms
[133.160s][info][gc,phases   ] GC(19) Y: Concurrent Mark Free 0.000ms
[133.161s][info][gc,phases   ] GC(19) Y: Concurrent Reset Relocation Set 0.361ms
[133.163s][info][gc,reloc    ] GC(19) Y: Using tenuring threshold: 3 (Computed)
[133.180s][info][gc,phases   ] GC(19) Y: Concurrent Select Relocation Set 19.360ms
[133.180s][info][gc,phases   ] GC(19) Y: Pause Relocate Start 0.008ms
[133.266s][info][gc,phases   ] GC(19) Y: Concurrent Relocate 85.948ms
[133.266s][info][gc,alloc    ] GC(19) Y:                         Mark Start        Mark End      Relocate Start    Relocate End   
[133.266s][info][gc,alloc    ] GC(19) Y: Allocation Stalls:          0                0                0                0         
[133.266s][info][gc,load     ] GC(19) Y: Load: 0.00 (0%) / 0.00 (0%) / 0.00 (0%)
[133.266s][info][gc,mmu      ] GC(19) Y: MMU: 2ms/95.8%, 5ms/98.3%, 10ms/99.2%, 20ms/99.6%, 50ms/99.8%, 100ms/99.9%
[133.266s][info][gc,marking  ] GC(19) Y: Mark: 1 stripe(s), 2 proactive flush(es), 1 terminate flush(es), 0 completion(s), 0 continuation(s) 
[133.266s][info][gc,marking  ] GC(19) Y: Mark Stack Usage: 32M
[133.266s][info][gc,nmethod  ] GC(19) Y: NMethods: 13347 registered, 7371 unregistered
[133.266s][info][gc,metaspace] GC(19) Y: Metaspace: 129M used, 131M committed, 1152M reserved
[133.266s][info][gc,reloc    ] GC(19) Y:                        Candidates     Selected     In-Place         Size        Empty    Relocated 
[133.266s][info][gc,reloc    ] GC(19) Y: Small Pages:                 1692         1225            0        3384M         796M          62M 
[133.266s][info][gc,reloc    ] GC(19) Y: Medium Pages:                   0            0            0           0M           0M           0M 
[133.266s][info][gc,reloc    ] GC(19) Y: Large Pages:                    0            0            0           0M           0M           0M 
[133.266s][info][gc,reloc    ] GC(19) Y: Forwarding Usage: 27M
[133.266s][info][gc,reloc    ] GC(19) Y: Age Table:
[133.266s][info][gc,reloc    ] GC(19) Y:                    Live             Garbage             Small              Medium             Large        
[133.266s][info][gc,reloc    ] GC(19) Y: Eden              50M (1%)         3163M (39%)       1607 / 1181           0 / 0              0 / 0        
[133.266s][info][gc,reloc    ] GC(19) Y: Survivor 1        21M (0%)           62M (1%)          42 / 28             0 / 0              0 / 0        
[133.266s][info][gc,reloc    ] GC(19) Y: Survivor 2         4M (0%)           13M (0%)           9 / 5              0 / 0              0 / 0        
[133.266s][info][gc,reloc    ] GC(19) Y: Survivor 3        41M (1%)           14M (0%)          28 / 5              0 / 0              0 / 0        
[133.266s][info][gc,reloc    ] GC(19) Y: Survivor 4         0M (0%)           11M (0%)           6 / 6              0 / 0              0 / 0        
[133.266s][info][gc,heap     ] GC(19) Y: Min Capacity: 8192M(100%)
[133.266s][info][gc,heap     ] GC(19) Y: Max Capacity: 8192M(100%)
[133.266s][info][gc,heap     ] GC(19) Y: Soft Max Capacity: 8192M(100%)
[133.266s][info][gc,heap     ] GC(19) Y: Heap Statistics:
[133.266s][info][gc,heap     ] GC(19) Y:                Mark Start          Mark End        Relocate Start      Relocate End           High               Low         
[133.266s][info][gc,heap     ] GC(19) Y:  Capacity:     8192M (100%)       8192M (100%)       8192M (100%)       8192M (100%)       8192M (100%)       8192M (100%)   
[133.267s][info][gc,heap     ] GC(19) Y:      Free:     4160M (51%)        4002M (49%)        4786M (58%)        7160M (87%)        7170M (88%)        4002M (49%)    
[133.267s][info][gc,heap     ] GC(19) Y:      Used:     4032M (49%)        4190M (51%)        3406M (42%)        1032M (13%)        4190M (51%)        1022M (12%)    
[133.267s][info][gc,heap     ] GC(19) Y: Young Generation Statistics:
[133.267s][info][gc,heap     ] GC(19) Y:                Mark Start          Mark End        Relocate Start      Relocate End    
[133.267s][info][gc,heap     ] GC(19) Y:      Used:     3384M (41%)        3542M (43%)        2718M (33%)         330M (4%)     
[133.267s][info][gc,heap     ] GC(19) Y:      Live:         -               118M (1%)           85M (1%)           77M (1%)     
[133.267s][info][gc,heap     ] GC(19) Y:   Garbage:         -              3265M (40%)        2462M (30%)           0M (0%)     
[133.267s][info][gc,heap     ] GC(19) Y: Allocated:         -               158M (2%)          170M (2%)          251M (3%)     
[133.267s][info][gc,heap     ] GC(19) Y: Reclaimed:         -                  -               802M (10%)        3264M (40%)    
[133.267s][info][gc,heap     ] GC(19) Y:  Promoted:         -                  -                33M (0%)           41M (1%)     
[133.267s][info][gc,heap     ] GC(19) Y: Compacted:         -                  -                  -                76M (1%)     
[133.267s][info][gc,phases   ] GC(19) Y: Young Generation 4032M(49%)->1032M(13%) 0.295s
[133.267s][info][gc,phases   ] GC(19) O: Old Generation
[134.070s][info][gc,phases   ] GC(19) O: Concurrent Mark 803.631ms
[134.070s][info][gc,phases   ] GC(19) O: Pause Mark End 0.013ms
[134.070s][info][gc,phases   ] GC(19) O: Concurrent Mark Free 0.000ms
[134.139s][info][gc,phases   ] GC(19) O: Concurrent Process Non-Strong 69.031ms
[134.140s][info][gc,phases   ] GC(19) O: Concurrent Reset Relocation Set 0.020ms
[134.153s][info][gc,phases   ] GC(19) O: Concurrent Select Relocation Set 13.153ms
[134.153s][info][gc,task     ] GC(19) O: Using 2 Workers for Old Generation
[134.228s][info][gc,task     ] GC(19) O: Using 1 Workers for Old Generation
[134.228s][info][gc,phases   ] GC(19) O: Concurrent Remap Roots 75.389ms
[134.229s][info][gc,phases   ] GC(19) O: Pause Relocate Start 0.472ms
[134.317s][info][gc,phases   ] GC(19) O: Concurrent Relocate 87.788ms
[134.317s][info][gc,alloc    ] GC(19) O:                         Mark Start        Mark End      Relocate Start    Relocate End   
[134.317s][info][gc,alloc    ] GC(19) O: Allocation Stalls:          0                0                0                0         
[134.317s][info][gc,load     ] GC(19) O: Load: 0.00 (0%) / 0.00 (0%) / 0.00 (0%)
[134.317s][info][gc,mmu      ] GC(19) O: MMU: 2ms/76.4%, 5ms/90.6%, 10ms/95.3%, 20ms/97.6%, 50ms/99.1%, 100ms/99.5%
[134.317s][info][gc,marking  ] GC(19) O: Mark: 1 stripe(s), 2 proactive flush(es), 1 terminate flush(es), 0 completion(s), 0 continuation(s) 
[134.317s][info][gc,marking  ] GC(19) O: Mark Stack Usage: 32M
[134.317s][info][gc,nmethod  ] GC(19) O: NMethods: 12069 registered, 8659 unregistered
[134.317s][info][gc,metaspace] GC(19) O: Metaspace: 129M used, 131M committed, 1152M reserved
[134.317s][info][gc,ref      ] GC(19) O:                       Encountered   Discovered     Enqueued 
[134.317s][info][gc,ref      ] GC(19) O: Soft References:             6063            0            0 
[134.317s][info][gc,ref      ] GC(19) O: Weak References:            24603        14256         1595 
[134.317s][info][gc,ref      ] GC(19) O: Final References:              34            0            0 
[134.317s][info][gc,ref      ] GC(19) O: Phantom References:          1992         1800         1415 
[134.317s][info][gc,reloc    ] GC(19) O:                        Candidates     Selected     In-Place         Size        Empty    Relocated 
[134.317s][info][gc,reloc    ] GC(19) O: Small Pages:                  244           28            0         488M           2M          15M 
[134.317s][info][gc,reloc    ] GC(19) O: Medium Pages:                   5            4            0         160M           0M          26M 
[134.317s][info][gc,reloc    ] GC(19) O: Large Pages:                    0            0            0           0M           0M           0M 
[134.317s][info][gc,reloc    ] GC(19) O: Forwarding Usage: 28M
[134.317s][info][gc,heap     ] GC(19) O: Min Capacity: 8192M(100%)
[134.317s][info][gc,heap     ] GC(19) O: Max Capacity: 8192M(100%)
[134.317s][info][gc,heap     ] GC(19) O: Soft Max Capacity: 8192M(100%)
[134.317s][info][gc,heap     ] GC(19) O: Heap Statistics:
[134.317s][info][gc,heap     ] GC(19) O:                Mark Start          Mark End        Relocate Start      Relocate End           High               Low         
[134.317s][info][gc,heap     ] GC(19) O:  Capacity:     8192M (100%)       8192M (100%)       8192M (100%)       8192M (100%)       8192M (100%)       8192M (100%)   
[134.317s][info][gc,heap     ] GC(19) O:      Free:     4160M (51%)        6444M (79%)        6362M (78%)        6488M (79%)        7170M (88%)        4002M (49%)    
[134.317s][info][gc,heap     ] GC(19) O:      Used:     4032M (49%)        1748M (21%)        1830M (22%)        1704M (21%)        4190M (51%)        1022M (12%)    
[134.317s][info][gc,heap     ] GC(19) O: Old Generation Statistics:
[134.317s][info][gc,heap     ] GC(19) O:                Mark Start          Mark End        Relocate Start      Relocate End    
[134.317s][info][gc,heap     ] GC(19) O:      Used:      648M (8%)          702M (9%)          700M (9%)          520M (6%)     
[134.317s][info][gc,heap     ] GC(19) O:      Live:         -               430M (5%)          430M (5%)          430M (5%)     
[134.317s][info][gc,heap     ] GC(19) O:   Garbage:         -               217M (3%)          215M (3%)           14M (0%)     
[134.317s][info][gc,heap     ] GC(19) O: Allocated:         -                54M (1%)           54M (1%)           74M (1%)     
[134.317s][info][gc,heap     ] GC(19) O: Reclaimed:         -                  -                 2M (0%)          202M (2%)     
[134.317s][info][gc,heap     ] GC(19) O: Compacted:         -                  -                  -               105M (1%)     
[134.317s][info][gc,phases   ] GC(19) O: Old Generation 1032M(13%)->1704M(21%) 1.050s
[134.317s][info][gc          ] GC(19) Major Collection (Proactive) 4032M(49%)->1704M(21%) 1.346s
[140.885s][info][gc          ] GC(20) Minor Collection (Allocation Rate)
[140.885s][info][gc,task     ] GC(20) Using 1 Workers for Young Generation
[140.885s][info][gc,phases   ] GC(20) y: Young Generation
[140.885s][info][gc,phases   ] GC(20) y: Pause Mark Start 0.012ms
[141.032s][info][gc,phases   ] GC(20) y: Concurrent Mark 146.896ms
[141.032s][info][gc,phases   ] GC(20) y: Pause Mark End 0.009ms
[141.032s][info][gc,phases   ] GC(20) y: Concurrent Mark Free 0.000ms
[141.032s][info][gc,phases   ] GC(20) y: Concurrent Reset Relocation Set 0.185ms
[141.034s][info][gc,reloc    ] GC(20) y: Using tenuring threshold: 4 (Computed)
[141.216s][info][gc,phases   ] GC(20) y: Concurrent Select Relocation Set 184.306ms
[141.216s][info][gc,phases   ] GC(20) y: Pause Relocate Start 0.009ms
[141.303s][info][gc,phases   ] GC(20) y: Concurrent Relocate 86.875ms
[141.303s][info][gc,alloc    ] GC(20) y:                         Mark Start        Mark End      Relocate Start    Relocate End   
[141.303s][info][gc,alloc    ] GC(20) y: Allocation Stalls:          0                0                0                0         
[141.303s][info][gc,load     ] GC(20) y: Load: 0.00 (0%) / 0.00 (0%) / 0.00 (0%)
[141.303s][info][gc,mmu      ] GC(20) y: MMU: 2ms/76.4%, 5ms/90.6%, 10ms/95.3%, 20ms/97.6%, 50ms/99.1%, 100ms/99.5%
[141.303s][info][gc,marking  ] GC(20) y: Mark: 1 stripe(s), 2 proactive flush(es), 1 terminate flush(es), 0 completion(s), 0 continuation(s) 
[141.303s][info][gc,marking  ] GC(20) y: Mark Stack Usage: 32M
[141.303s][info][gc,nmethod  ] GC(20) y: NMethods: 12138 registered, 8659 unregistered
[141.303s][info][gc,metaspace] GC(20) y: Metaspace: 129M used, 131M committed, 1152M reserved
[141.303s][info][gc,reloc    ] GC(20) y:                        Candidates     Selected     In-Place         Size        Empty    Relocated 
[141.303s][info][gc,reloc    ] GC(20) y: Small Pages:                 3462         2450            0        6924M        1890M         104M 
[141.304s][info][gc,reloc    ] GC(20) y: Medium Pages:                   0            0            0           0M           0M           0M 
[141.304s][info][gc,reloc    ] GC(20) y: Large Pages:                    0            0            0           0M           0M           0M 
[141.304s][info][gc,reloc    ] GC(20) y: Forwarding Usage: 31M
[141.304s][info][gc,reloc    ] GC(20) y: Age Table:
[141.304s][info][gc,reloc    ] GC(20) y:                    Live             Garbage             Small              Medium             Large        
[141.304s][info][gc,reloc    ] GC(20) y: Eden             111M (1%)         6704M (82%)       3408 / 2402           0 / 0              0 / 0        
[141.304s][info][gc,reloc    ] GC(20) y: Survivor 1         0M (0%)           59M (1%)          30 / 27             0 / 0              0 / 0        
[141.304s][info][gc,reloc    ] GC(20) y: Survivor 2         3M (0%)           32M (0%)          18 / 15             0 / 0              0 / 0        
[141.304s][info][gc,reloc    ] GC(20) y: Survivor 3         0M (0%)           11M (0%)           6 / 6              0 / 0              0 / 0        
[141.304s][info][gc,heap     ] GC(20) y: Min Capacity: 8192M(100%)
[141.304s][info][gc,heap     ] GC(20) y: Max Capacity: 8192M(100%)
[141.304s][info][gc,heap     ] GC(20) y: Soft Max Capacity: 8192M(100%)
[141.304s][info][gc,heap     ] GC(20) y: Heap Statistics:
[141.304s][info][gc,heap     ] GC(20) y:                Mark Start          Mark End        Relocate Start      Relocate End           High               Low         
[141.304s][info][gc,heap     ] GC(20) y:  Capacity:     8192M (100%)       8192M (100%)       8192M (100%)       8192M (100%)       8192M (100%)       8192M (100%)   
[141.304s][info][gc,heap     ] GC(20) y:      Free:      748M (9%)          610M (7%)         2400M (29%)        7220M (88%)        7220M (88%)         610M (7%)     
[141.304s][info][gc,heap     ] GC(20) y:      Used:     7444M (91%)        7582M (93%)        5792M (71%)         972M (12%)        7582M (93%)         972M (12%)    
[141.304s][info][gc,heap     ] GC(20) y: Young Generation Statistics:
[141.304s][info][gc,heap     ] GC(20) y:                Mark Start          Mark End        Relocate Start      Relocate End    
[141.304s][info][gc,heap     ] GC(20) y:      Used:     6924M (85%)        7062M (86%)        5272M (64%)         452M (6%)     
[141.304s][info][gc,heap     ] GC(20) y:      Live:         -               117M (1%)          117M (1%)          117M (1%)     
[141.304s][info][gc,heap     ] GC(20) y:   Garbage:         -              6806M (83%)        4916M (60%)           0M (0%)     
[141.304s][info][gc,heap     ] GC(20) y: Allocated:         -               138M (2%)          238M (3%)          334M (4%)     
[141.304s][info][gc,heap     ] GC(20) y: Reclaimed:         -                  -              1890M (23%)        6806M (83%)    
[141.304s][info][gc,heap     ] GC(20) y:  Promoted:         -                  -                 0M (0%)            0M (0%)     
[141.304s][info][gc,heap     ] GC(20) y: Compacted:         -                  -                  -               117M (1%)     
[141.304s][info][gc,phases   ] GC(20) y: Young Generation 7444M(91%)->972M(12%) 0.419s
[141.304s][info][gc          ] GC(20) Minor Collection (Allocation Rate) 7444M(91%)->972M(12%) 0.419s
[149.280s][info][gc          ] GC(21) Minor Collection (Allocation Rate)
[149.280s][info][gc,task     ] GC(21) Using 1 Workers for Young Generation
[149.280s][info][gc,phases   ] GC(21) y: Young Generation
[149.281s][info][gc,phases   ] GC(21) y: Pause Mark Start 0.015ms
[149.432s][info][gc,phases   ] GC(21) y: Concurrent Mark 151.255ms
[149.432s][info][gc,phases   ] GC(21) y: Pause Mark End 0.011ms
[149.432s][info][gc,phases   ] GC(21) y: Concurrent Mark Free 0.001ms
[149.432s][info][gc,phases   ] GC(21) y: Concurrent Reset Relocation Set 0.272ms
[149.436s][info][gc,reloc    ] GC(21) y: Using tenuring threshold: 5 (Computed)
[149.440s][info][gc,phases   ] GC(21) y: Concurrent Select Relocation Set 7.628ms
[149.440s][info][gc,phases   ] GC(21) y: Pause Relocate Start 0.009ms
[149.521s][info][gc,phases   ] GC(21) y: Concurrent Relocate 80.571ms
[149.521s][info][gc,alloc    ] GC(21) y:                         Mark Start        Mark End      Relocate Start    Relocate End   
[149.521s][info][gc,alloc    ] GC(21) y: Allocation Stalls:          0                0                0                0         
[149.521s][info][gc,load     ] GC(21) y: Load: 0.00 (0%) / 0.00 (0%) / 0.00 (0%)
[149.521s][info][gc,mmu      ] GC(21) y: MMU: 2ms/76.4%, 5ms/90.6%, 10ms/95.3%, 20ms/97.6%, 50ms/99.1%, 100ms/99.5%
[149.521s][info][gc,marking  ] GC(21) y: Mark: 1 stripe(s), 2 proactive flush(es), 1 terminate flush(es), 0 completion(s), 0 continuation(s) 
[149.521s][info][gc,marking  ] GC(21) y: Mark Stack Usage: 32M
[149.521s][info][gc,nmethod  ] GC(21) y: NMethods: 12229 registered, 8659 unregistered
[149.521s][info][gc,metaspace] GC(21) y: Metaspace: 129M used, 131M committed, 1152M reserved
[149.521s][info][gc,reloc    ] GC(21) y:                        Candidates     Selected     In-Place         Size        Empty    Relocated 
[149.521s][info][gc,reloc    ] GC(21) y: Small Pages:                 3042         1549            0        6084M        2866M          68M 
[149.521s][info][gc,reloc    ] GC(21) y: Medium Pages:                   0            0            0           0M           0M           0M 
[149.521s][info][gc,reloc    ] GC(21) y: Large Pages:                    0            0            0           0M           0M           0M 
[149.521s][info][gc,reloc    ] GC(21) y: Forwarding Usage: 26M
[149.521s][info][gc,reloc    ] GC(21) y: Age Table:
[149.521s][info][gc,reloc    ] GC(21) y:                    Live             Garbage             Small              Medium             Large        
[149.521s][info][gc,reloc    ] GC(21) y: Eden              63M (1%)         5872M (72%)       2968 / 1503           0 / 0              0 / 0        
[149.521s][info][gc,reloc    ] GC(21) y: Survivor 1        36M (0%)           83M (1%)          60 / 34             0 / 0              0 / 0        
[149.521s][info][gc,reloc    ] GC(21) y: Survivor 2         0M (0%)            5M (0%)           3 / 3              0 / 0              0 / 0        
[149.521s][info][gc,reloc    ] GC(21) y: Survivor 3         0M (0%)           11M (0%)           6 / 5              0 / 0              0 / 0        
[149.521s][info][gc,reloc    ] GC(21) y: Survivor 4         0M (0%)            9M (0%)           5 / 4              0 / 0              0 / 0        
[149.521s][info][gc,heap     ] GC(21) y: Min Capacity: 8192M(100%)
[149.521s][info][gc,heap     ] GC(21) y: Max Capacity: 8192M(100%)
[149.521s][info][gc,heap     ] GC(21) y: Soft Max Capacity: 8192M(100%)
[149.521s][info][gc,heap     ] GC(21) y: Heap Statistics:
[149.521s][info][gc,heap     ] GC(21) y:                Mark Start          Mark End        Relocate Start      Relocate End           High               Low         
[149.521s][info][gc,heap     ] GC(21) y:  Capacity:     8192M (100%)       8192M (100%)       8192M (100%)       8192M (100%)       8192M (100%)       8192M (100%)   
[149.521s][info][gc,heap     ] GC(21) y:      Free:     1588M (19%)        1474M (18%)        4336M (53%)        7328M (89%)        7332M (90%)        1472M (18%)    
[149.521s][info][gc,heap     ] GC(21) y:      Used:     6604M (81%)        6718M (82%)        3856M (47%)         864M (11%)        6720M (82%)         860M (10%)    
[149.521s][info][gc,heap     ] GC(21) y: Young Generation Statistics:
[149.521s][info][gc,heap     ] GC(21) y:                Mark Start          Mark End        Relocate Start      Relocate End    
[149.521s][info][gc,heap     ] GC(21) y:      Used:     6084M (74%)        6198M (76%)        3336M (41%)         344M (4%)     
[149.521s][info][gc,heap     ] GC(21) y:      Live:         -               101M (1%)          101M (1%)          101M (1%)     
[149.521s][info][gc,heap     ] GC(21) y:   Garbage:         -              5982M (73%)        3116M (38%)           6M (0%)     
[149.521s][info][gc,heap     ] GC(21) y: Allocated:         -               114M (1%)          118M (1%)          236M (3%)     
[149.521s][info][gc,heap     ] GC(21) y: Reclaimed:         -                  -              2866M (35%)        5976M (73%)    
[149.521s][info][gc,heap     ] GC(21) y:  Promoted:         -                  -                 0M (0%)            0M (0%)     
[149.521s][info][gc,heap     ] GC(21) y: Compacted:         -                  -                  -                87M (1%)     
[149.521s][info][gc,phases   ] GC(21) y: Young Generation 6604M(81%)->864M(11%) 0.240s
[149.521s][info][gc          ] GC(21) Minor Collection (Allocation Rate) 6604M(81%)->864M(11%) 0.241s
[159.169s][info][gc          ] GC(22) Minor Collection (Allocation Rate)
[159.169s][info][gc,task     ] GC(22) Using 1 Workers for Young Generation
[159.169s][info][gc,phases   ] GC(22) y: Young Generation
[159.169s][info][gc,phases   ] GC(22) y: Pause Mark Start 0.017ms
[159.380s][info][gc,phases   ] GC(22) y: Concurrent Mark 211.123ms
[159.380s][info][gc,phases   ] GC(22) y: Pause Mark End 0.009ms
[159.381s][info][gc,phases   ] GC(22) y: Concurrent Mark Free 0.001ms
[159.381s][info][gc,phases   ] GC(22) y: Concurrent Reset Relocation Set 0.119ms
[159.383s][info][gc,reloc    ] GC(22) y: Using tenuring threshold: 5 (Computed)
[159.395s][info][gc,phases   ] GC(22) y: Concurrent Select Relocation Set 14.241ms
[159.395s][info][gc,phases   ] GC(22) y: Pause Relocate Start 0.009ms
[159.477s][info][gc,phases   ] GC(22) y: Concurrent Relocate 81.667ms
[159.477s][info][gc,alloc    ] GC(22) y:                         Mark Start        Mark End      Relocate Start    Relocate End   
[159.477s][info][gc,alloc    ] GC(22) y: Allocation Stalls:          0                0                0                0         
[159.477s][info][gc,load     ] GC(22) y: Load: 0.00 (0%) / 0.00 (0%) / 0.00 (0%)
[159.477s][info][gc,mmu      ] GC(22) y: MMU: 2ms/76.4%, 5ms/90.6%, 10ms/95.3%, 20ms/97.6%, 50ms/99.1%, 100ms/99.5%
[159.477s][info][gc,marking  ] GC(22) y: Mark: 1 stripe(s), 2 proactive flush(es), 1 terminate flush(es), 0 completion(s), 0 continuation(s) 
[159.477s][info][gc,marking  ] GC(22) y: Mark Stack Usage: 32M
[159.477s][info][gc,nmethod  ] GC(22) y: NMethods: 12326 registered, 8659 unregistered
[159.477s][info][gc,metaspace] GC(22) y: Metaspace: 129M used, 131M committed, 1152M reserved
[159.477s][info][gc,reloc    ] GC(22) y:                        Candidates     Selected     In-Place         Size        Empty    Relocated 
[159.477s][info][gc,reloc    ] GC(22) y: Small Pages:                 3373         2221            0        6746M        2142M          87M 
[159.477s][info][gc,reloc    ] GC(22) y: Medium Pages:                   0            0            0           0M           0M           0M 
[159.477s][info][gc,reloc    ] GC(22) y: Large Pages:                    0            0            0           0M           0M           0M 
[159.477s][info][gc,reloc    ] GC(22) y: Forwarding Usage: 33M
[159.477s][info][gc,reloc    ] GC(22) y: Age Table:
[159.477s][info][gc,reloc    ] GC(22) y:                    Live             Garbage             Small              Medium             Large        
[159.477s][info][gc,reloc    ] GC(22) y: Eden              94M (1%)         6497M (79%)       3296 / 2175           0 / 0              0 / 0        
[159.477s][info][gc,reloc    ] GC(22) y: Survivor 1         9M (0%)           66M (1%)          38 / 30             0 / 0              0 / 0        
[159.477s][info][gc,reloc    ] GC(22) y: Survivor 2        35M (0%)           16M (0%)          26 / 6              0 / 0              0 / 0        
[159.477s][info][gc,reloc    ] GC(22) y: Survivor 3         0M (0%)            7M (0%)           4 / 4              0 / 0              0 / 0        
[159.477s][info][gc,reloc    ] GC(22) y: Survivor 4         0M (0%)           13M (0%)           7 / 5              0 / 0              0 / 0        
[159.477s][info][gc,reloc    ] GC(22) y: Survivor 5         0M (0%)            3M (0%)           2 / 1              0 / 0              0 / 0        
[159.477s][info][gc,heap     ] GC(22) y: Min Capacity: 8192M(100%)
[159.477s][info][gc,heap     ] GC(22) y: Max Capacity: 8192M(100%)
[159.477s][info][gc,heap     ] GC(22) y: Soft Max Capacity: 8192M(100%)
[159.477s][info][gc,heap     ] GC(22) y: Heap Statistics:
[159.477s][info][gc,heap     ] GC(22) y:                Mark Start          Mark End        Relocate Start      Relocate End           High               Low         
[159.477s][info][gc,heap     ] GC(22) y:  Capacity:     8192M (100%)       8192M (100%)       8192M (100%)       8192M (100%)       8192M (100%)       8192M (100%)   
[159.477s][info][gc,heap     ] GC(22) y:      Free:      926M (11%)         722M (9%)         2856M (35%)        7232M (88%)        7232M (88%)         722M (9%)     
[159.477s][info][gc,heap     ] GC(22) y:      Used:     7266M (89%)        7470M (91%)        5336M (65%)         960M (12%)        7470M (91%)         960M (12%)    
[159.477s][info][gc,heap     ] GC(22) y: Young Generation Statistics:
[159.477s][info][gc,heap     ] GC(22) y:                Mark Start          Mark End        Relocate Start      Relocate End    
[159.477s][info][gc,heap     ] GC(22) y:      Used:     6746M (82%)        6950M (85%)        4816M (59%)         438M (5%)     
[159.477s][info][gc,heap     ] GC(22) y:      Live:         -               140M (2%)          140M (2%)          140M (2%)     
[159.477s][info][gc,heap     ] GC(22) y:   Garbage:         -              6605M (81%)        4463M (54%)           5M (0%)     
[159.477s][info][gc,heap     ] GC(22) y: Allocated:         -               204M (2%)          212M (3%)          291M (4%)     
[159.477s][info][gc,heap     ] GC(22) y: Reclaimed:         -                  -              2142M (26%)        6599M (81%)    
[159.477s][info][gc,heap     ] GC(22) y:  Promoted:         -                  -                 0M (0%)            0M (0%)     
[159.477s][info][gc,heap     ] GC(22) y: Compacted:         -                  -                  -               104M (1%)     
[159.477s][info][gc,phases   ] GC(22) y: Young Generation 7266M(89%)->960M(12%) 0.308s
[159.477s][info][gc          ] GC(22) Minor Collection (Allocation Rate) 7266M(89%)->962M(12%) 0.308s
[165.943s][info][gc          ] GC(23) Minor Collection (Allocation Rate)
[165.943s][info][gc,task     ] GC(23) Using 1 Workers for Young Generation
[165.943s][info][gc,phases   ] GC(23) y: Young Generation
[165.943s][info][gc,phases   ] GC(23) y: Pause Mark Start 0.013ms
[166.128s][info][gc,phases   ] GC(23) y: Concurrent Mark 184.857ms
[166.128s][info][gc,phases   ] GC(23) y: Pause Mark End 0.008ms
[166.128s][info][gc,phases   ] GC(23) y: Concurrent Mark Free 0.000ms
[166.128s][info][gc,phases   ] GC(23) y: Concurrent Reset Relocation Set 0.200ms
[166.130s][info][gc,reloc    ] GC(23) y: Using tenuring threshold: 2 (Computed)
[166.148s][info][gc,phases   ] GC(23) y: Concurrent Select Relocation Set 19.890ms
[166.148s][info][gc,phases   ] GC(23) y: Pause Relocate Start 0.008ms
[166.300s][info][gc,phases   ] GC(23) y: Concurrent Relocate 151.927ms
[166.300s][info][gc,alloc    ] GC(23) y:                         Mark Start        Mark End      Relocate Start    Relocate End   
[166.300s][info][gc,alloc    ] GC(23) y: Allocation Stalls:          0                0                0                0         
[166.300s][info][gc,load     ] GC(23) y: Load: 0.00 (0%) / 0.00 (0%) / 0.00 (0%)
[166.300s][info][gc,mmu      ] GC(23) y: MMU: 2ms/76.4%, 5ms/90.6%, 10ms/95.3%, 20ms/97.6%, 50ms/99.1%, 100ms/99.5%
[166.300s][info][gc,marking  ] GC(23) y: Mark: 1 stripe(s), 2 proactive flush(es), 1 terminate flush(es), 0 completion(s), 0 continuation(s) 
[166.300s][info][gc,marking  ] GC(23) y: Mark Stack Usage: 32M
[166.300s][info][gc,nmethod  ] GC(23) y: NMethods: 12388 registered, 8659 unregistered
[166.300s][info][gc,metaspace] GC(23) y: Metaspace: 129M used, 131M committed, 1152M reserved
[166.300s][info][gc,reloc    ] GC(23) y:                        Candidates     Selected     In-Place         Size        Empty    Relocated 
[166.300s][info][gc,reloc    ] GC(23) y: Small Pages:                 3211         1881            0        6422M        2494M          93M 
[166.300s][info][gc,reloc    ] GC(23) y: Medium Pages:                   0            0            0           0M           0M           0M 
[166.300s][info][gc,reloc    ] GC(23) y: Large Pages:                    0            0            0           0M           0M           0M 
[166.300s][info][gc,reloc    ] GC(23) y: Forwarding Usage: 32M
[166.300s][info][gc,reloc    ] GC(23) y: Age Table:
[166.300s][info][gc,reloc    ] GC(23) y:                    Live             Garbage             Small              Medium             Large        
[166.300s][info][gc,reloc    ] GC(23) y: Eden              93M (1%)         6152M (75%)       3123 / 1825           0 / 0              0 / 0        
[166.300s][info][gc,reloc    ] GC(23) y: Survivor 1        10M (0%)           93M (1%)          52 / 44             0 / 0              0 / 0        
[166.300s][info][gc,reloc    ] GC(23) y: Survivor 2         4M (0%)           13M (0%)           9 / 7              0 / 0              0 / 0        
[166.300s][info][gc,reloc    ] GC(23) y: Survivor 3        35M (0%)            6M (0%)          21 / 0              0 / 0              0 / 0        
[166.300s][info][gc,reloc    ] GC(23) y: Survivor 4         0M (0%)            5M (0%)           3 / 2              0 / 0              0 / 0        
[166.300s][info][gc,reloc    ] GC(23) y: Survivor 5         0M (0%)            5M (0%)           3 / 3              0 / 0              0 / 0        
[166.300s][info][gc,heap     ] GC(23) y: Min Capacity: 8192M(100%)
[166.300s][info][gc,heap     ] GC(23) y: Max Capacity: 8192M(100%)
[166.300s][info][gc,heap     ] GC(23) y: Soft Max Capacity: 8192M(100%)
[166.300s][info][gc,heap     ] GC(23) y: Heap Statistics:
[166.300s][info][gc,heap     ] GC(23) y:                Mark Start          Mark End        Relocate Start      Relocate End           High               Low         
[166.300s][info][gc,heap     ] GC(23) y:  Capacity:     8192M (100%)       8192M (100%)       8192M (100%)       8192M (100%)       8192M (100%)       8192M (100%)   
[166.300s][info][gc,heap     ] GC(23) y:      Free:     1248M (15%)        1078M (13%)        3562M (43%)        7010M (86%)        7172M (88%)        1078M (13%)    
[166.300s][info][gc,heap     ] GC(23) y:      Used:     6944M (85%)        7114M (87%)        4630M (57%)        1182M (14%)        7114M (87%)        1020M (12%)    
[166.300s][info][gc,heap     ] GC(23) y: Young Generation Statistics:
[166.300s][info][gc,heap     ] GC(23) y:                Mark Start          Mark End        Relocate Start      Relocate End    
[166.300s][info][gc,heap     ] GC(23) y:      Used:     6422M (78%)        6592M (80%)        4068M (50%)         608M (7%)     
[166.300s][info][gc,heap     ] GC(23) y:      Live:         -               145M (2%)          109M (1%)          104M (1%)     
[166.300s][info][gc,heap     ] GC(23) y:   Garbage:         -              6276M (77%)        3778M (46%)           0M (0%)     
[166.300s][info][gc,heap     ] GC(23) y: Allocated:         -               170M (2%)          180M (2%)          503M (6%)     
[166.300s][info][gc,heap     ] GC(23) y: Reclaimed:         -                  -              2498M (30%)        6276M (77%)    
[166.300s][info][gc,heap     ] GC(23) y:  Promoted:         -                  -                35M (0%)           40M (0%)     
[166.300s][info][gc,heap     ] GC(23) y: Compacted:         -                  -                  -               104M (1%)     
[166.300s][info][gc,phases   ] GC(23) y: Young Generation 6944M(85%)->1182M(14%) 0.357s
[166.300s][info][gc          ] GC(23) Minor Collection (Allocation Rate) 6944M(85%)->1184M(14%) 0.358s
[174.266s][info][gc          ] GC(24) Minor Collection (Allocation Rate)
[174.266s][info][gc,task     ] GC(24) Using 1 Workers for Young Generation
[174.266s][info][gc,phases   ] GC(24) y: Young Generation
[174.266s][info][gc,phases   ] GC(24) y: Pause Mark Start 0.013ms
[174.423s][info][gc,phases   ] GC(24) y: Concurrent Mark 156.253ms
[174.423s][info][gc,phases   ] GC(24) y: Pause Mark End 0.008ms
[174.423s][info][gc,phases   ] GC(24) y: Concurrent Mark Free 0.000ms
[174.423s][info][gc,phases   ] GC(24) y: Concurrent Reset Relocation Set 0.302ms
[174.426s][info][gc,reloc    ] GC(24) y: Using tenuring threshold: 3 (Computed)
[174.430s][info][gc,phases   ] GC(24) y: Concurrent Select Relocation Set 6.403ms
[174.430s][info][gc,phases   ] GC(24) y: Pause Relocate Start 0.010ms
[174.508s][info][gc,phases   ] GC(24) y: Concurrent Relocate 78.508ms
[174.508s][info][gc,alloc    ] GC(24) y:                         Mark Start        Mark End      Relocate Start    Relocate End   
[174.508s][info][gc,alloc    ] GC(24) y: Allocation Stalls:          0                0                0                0         
[174.508s][info][gc,load     ] GC(24) y: Load: 0.00 (0%) / 0.00 (0%) / 0.00 (0%)
[174.508s][info][gc,mmu      ] GC(24) y: MMU: 2ms/76.4%, 5ms/90.6%, 10ms/95.3%, 20ms/97.6%, 50ms/99.1%, 100ms/99.5%
[174.508s][info][gc,marking  ] GC(24) y: Mark: 1 stripe(s), 2 proactive flush(es), 1 terminate flush(es), 0 completion(s), 0 continuation(s) 
[174.508s][info][gc,marking  ] GC(24) y: Mark Stack Usage: 32M
[174.508s][info][gc,nmethod  ] GC(24) y: NMethods: 12471 registered, 8659 unregistered
[174.508s][info][gc,metaspace] GC(24) y: Metaspace: 129M used, 131M committed, 1152M reserved
[174.508s][info][gc,reloc    ] GC(24) y:                        Candidates     Selected     In-Place         Size        Empty    Relocated 
[174.508s][info][gc,reloc    ] GC(24) y: Small Pages:                 3174         2277            0        6348M        1662M          83M 
[174.508s][info][gc,reloc    ] GC(24) y: Medium Pages:                   0            0            0           0M           0M           0M 
[174.508s][info][gc,reloc    ] GC(24) y: Large Pages:                    0            0            0           0M           0M           0M 
[174.508s][info][gc,reloc    ] GC(24) y: Forwarding Usage: 31M
[174.508s][info][gc,reloc    ] GC(24) y: Age Table:
[174.508s][info][gc,reloc    ] GC(24) y:                    Live             Garbage             Small              Medium             Large        
[174.508s][info][gc,reloc    ] GC(24) y: Eden              85M (1%)         6134M (75%)       3110 / 2232           0 / 0              0 / 0        
[174.508s][info][gc,reloc    ] GC(24) y: Survivor 1        24M (0%)           77M (1%)          51 / 33             0 / 0              0 / 0        
[174.508s][info][gc,reloc    ] GC(24) y: Survivor 2         4M (0%)           21M (0%)          13 / 12             0 / 0              0 / 0        
[174.508s][info][gc,heap     ] GC(24) y: Min Capacity: 8192M(100%)
[174.509s][info][gc,heap     ] GC(24) y: Max Capacity: 8192M(100%)
[174.509s][info][gc,heap     ] GC(24) y: Soft Max Capacity: 8192M(100%)
[174.509s][info][gc,heap     ] GC(24) y: Heap Statistics:
[174.509s][info][gc,heap     ] GC(24) y:                Mark Start          Mark End        Relocate Start      Relocate End           High               Low         
[174.509s][info][gc,heap     ] GC(24) y:  Capacity:     8192M (100%)       8192M (100%)       8192M (100%)       8192M (100%)       8192M (100%)       8192M (100%)   
[174.509s][info][gc,heap     ] GC(24) y:      Free:     1270M (16%)        1136M (14%)        2792M (34%)        7298M (89%)        7298M (89%)        1136M (14%)    
[174.509s][info][gc,heap     ] GC(24) y:      Used:     6922M (84%)        7056M (86%)        5400M (66%)         894M (11%)        7056M (86%)         894M (11%)    
[174.509s][info][gc,heap     ] GC(24) y: Young Generation Statistics:
[174.509s][info][gc,heap     ] GC(24) y:                Mark Start          Mark End        Relocate Start      Relocate End    
[174.509s][info][gc,heap     ] GC(24) y:      Used:     6348M (77%)        6482M (79%)        4826M (59%)         320M (4%)     
[174.509s][info][gc,heap     ] GC(24) y:      Live:         -               114M (1%)          114M (1%)          114M (1%)     
[174.509s][info][gc,heap     ] GC(24) y:   Garbage:         -              6233M (76%)        4571M (56%)           2M (0%)     
[174.509s][info][gc,heap     ] GC(24) y: Allocated:         -               134M (2%)          140M (2%)          203M (2%)     
[174.509s][info][gc,heap     ] GC(24) y: Reclaimed:         -                  -              1662M (20%)        6231M (76%)    
[174.509s][info][gc,heap     ] GC(24) y:  Promoted:         -                  -                 0M (0%)            0M (0%)     
[174.509s][info][gc,heap     ] GC(24) y: Compacted:         -                  -                  -               104M (1%)     
[174.509s][info][gc,phases   ] GC(24) y: Young Generation 6922M(84%)->894M(11%) 0.242s
[174.509s][info][gc          ] GC(24) Minor Collection (Allocation Rate) 6922M(84%)->894M(11%) 0.242s
[182.463s][info][gc          ] GC(25) Minor Collection (Allocation Rate)
[182.463s][info][gc,task     ] GC(25) Using 1 Workers for Young Generation
[182.464s][info][gc,phases   ] GC(25) y: Young Generation
[182.464s][info][gc,phases   ] GC(25) y: Pause Mark Start 0.014ms
[182.613s][info][gc,phases   ] GC(25) y: Concurrent Mark 149.255ms
[182.613s][info][gc,phases   ] GC(25) y: Pause Mark End 0.009ms
[182.613s][info][gc,phases   ] GC(25) y: Concurrent Mark Free 0.000ms
[182.613s][info][gc,phases   ] GC(25) y: Concurrent Reset Relocation Set 0.173ms
[182.615s][info][gc,reloc    ] GC(25) y: Using tenuring threshold: 4 (Computed)
[182.618s][info][gc,phases   ] GC(25) y: Concurrent Select Relocation Set 4.632ms
[182.618s][info][gc,phases   ] GC(25) y: Pause Relocate Start 0.008ms
[182.680s][info][gc,phases   ] GC(25) y: Concurrent Relocate 61.903ms
[182.680s][info][gc,alloc    ] GC(25) y:                         Mark Start        Mark End      Relocate Start    Relocate End   
[182.680s][info][gc,alloc    ] GC(25) y: Allocation Stalls:          0                0                0                0         
[182.680s][info][gc,load     ] GC(25) y: Load: 0.00 (0%) / 0.00 (0%) / 0.00 (0%)
[182.680s][info][gc,mmu      ] GC(25) y: MMU: 2ms/76.4%, 5ms/90.6%, 10ms/95.3%, 20ms/97.6%, 50ms/99.1%, 100ms/99.5%
[182.680s][info][gc,marking  ] GC(25) y: Mark: 1 stripe(s), 2 proactive flush(es), 1 terminate flush(es), 0 completion(s), 0 continuation(s) 
[182.680s][info][gc,marking  ] GC(25) y: Mark Stack Usage: 32M
[182.680s][info][gc,nmethod  ] GC(25) y: NMethods: 12526 registered, 8659 unregistered
[182.680s][info][gc,metaspace] GC(25) y: Metaspace: 129M used, 131M committed, 1152M reserved
[182.680s][info][gc,reloc    ] GC(25) y:                        Candidates     Selected     In-Place         Size        Empty    Relocated 
[182.680s][info][gc,reloc    ] GC(25) y: Small Pages:                 3324         2037            0        6648M        2452M          67M 
[182.680s][info][gc,reloc    ] GC(25) y: Medium Pages:                   1            0            0          32M           0M           0M 
[182.680s][info][gc,reloc    ] GC(25) y: Large Pages:                    0            0            0           0M           0M           0M 
[182.680s][info][gc,reloc    ] GC(25) y: Forwarding Usage: 24M
[182.680s][info][gc,reloc    ] GC(25) y: Age Table:
[182.680s][info][gc,reloc    ] GC(25) y:                    Live             Garbage             Small              Medium             Large        
[182.680s][info][gc,reloc    ] GC(25) y: Eden              64M (1%)         6475M (79%)       3254 / 1993           1 / 0              0 / 0        
[182.680s][info][gc,reloc    ] GC(25) y: Survivor 1        15M (0%)           80M (1%)          48 / 37             0 / 0              0 / 0        
[182.680s][info][gc,reloc    ] GC(25) y: Survivor 2        24M (0%)            5M (0%)          15 / 2              0 / 0              0 / 0        
[182.680s][info][gc,reloc    ] GC(25) y: Survivor 3         3M (0%)           10M (0%)           7 / 5              0 / 0              0 / 0        
[182.680s][info][gc,heap     ] GC(25) y: Min Capacity: 8192M(100%)
[182.680s][info][gc,heap     ] GC(25) y: Max Capacity: 8192M(100%)
[182.680s][info][gc,heap     ] GC(25) y: Soft Max Capacity: 8192M(100%)
[182.680s][info][gc,heap     ] GC(25) y: Heap Statistics:
[182.680s][info][gc,heap     ] GC(25) y:                Mark Start          Mark End        Relocate Start      Relocate End           High               Low         
[182.680s][info][gc,heap     ] GC(25) y:  Capacity:     8192M (100%)       8192M (100%)       8192M (100%)       8192M (100%)       8192M (100%)       8192M (100%)   
[182.680s][info][gc,heap     ] GC(25) y:      Free:      938M (11%)         790M (10%)        3238M (40%)        7262M (89%)        7262M (89%)         790M (10%)    
[182.680s][info][gc,heap     ] GC(25) y:      Used:     7254M (89%)        7402M (90%)        4954M (60%)         930M (11%)        7402M (90%)         930M (11%)    
[182.680s][info][gc,heap     ] GC(25) y: Young Generation Statistics:
[182.680s][info][gc,heap     ] GC(25) y:                Mark Start          Mark End        Relocate Start      Relocate End    
[182.680s][info][gc,heap     ] GC(25) y:      Used:     6680M (82%)        6828M (83%)        4380M (53%)         356M (4%)     
[182.680s][info][gc,heap     ] GC(25) y:      Live:         -               108M (1%)          108M (1%)          108M (1%)     
[182.680s][info][gc,heap     ] GC(25) y:   Garbage:         -              6571M (80%)        4119M (50%)          33M (0%)     
[182.680s][info][gc,heap     ] GC(25) y: Allocated:         -               148M (2%)          152M (2%)          213M (3%)     
[182.680s][info][gc,heap     ] GC(25) y: Reclaimed:         -                  -              2452M (30%)        6537M (80%)    
[182.680s][info][gc,heap     ] GC(25) y:  Promoted:         -                  -                 0M (0%)            0M (0%)     
[182.680s][info][gc,heap     ] GC(25) y: Compacted:         -                  -                  -                80M (1%)     
[182.680s][info][gc,phases   ] GC(25) y: Young Generation 7254M(89%)->930M(11%) 0.216s
[182.680s][info][gc          ] GC(25) Minor Collection (Allocation Rate) 7254M(89%)->930M(11%) 0.217s
[189.838s][info][gc          ] GC(26) Minor Collection (Allocation Rate)
[189.838s][info][gc,task     ] GC(26) Using 1 Workers for Young Generation
[189.838s][info][gc,phases   ] GC(26) y: Young Generation
[189.838s][info][gc,phases   ] GC(26) y: Pause Mark Start 0.012ms
[189.996s][info][gc,phases   ] GC(26) y: Concurrent Mark 158.018ms
[189.996s][info][gc,phases   ] GC(26) y: Pause Mark End 0.009ms
[189.997s][info][gc,phases   ] GC(26) y: Concurrent Mark Free 0.000ms
[189.997s][info][gc,phases   ] GC(26) y: Concurrent Reset Relocation Set 0.156ms
[189.999s][info][gc,reloc    ] GC(26) y: Using tenuring threshold: 5 (Computed)
[190.009s][info][gc,phases   ] GC(26) y: Concurrent Select Relocation Set 12.505ms
[190.009s][info][gc,phases   ] GC(26) y: Pause Relocate Start 0.012ms
[190.086s][info][gc,phases   ] GC(26) y: Concurrent Relocate 76.415ms
[190.086s][info][gc,alloc    ] GC(26) y:                         Mark Start        Mark End      Relocate Start    Relocate End   
[190.086s][info][gc,alloc    ] GC(26) y: Allocation Stalls:          0                0                0                0         
[190.086s][info][gc,load     ] GC(26) y: Load: 0.00 (0%) / 0.00 (0%) / 0.00 (0%)
[190.086s][info][gc,mmu      ] GC(26) y: MMU: 2ms/76.4%, 5ms/90.6%, 10ms/95.3%, 20ms/97.6%, 50ms/99.1%, 100ms/99.5%
[190.086s][info][gc,marking  ] GC(26) y: Mark: 1 stripe(s), 2 proactive flush(es), 1 terminate flush(es), 0 completion(s), 0 continuation(s) 
[190.086s][info][gc,marking  ] GC(26) y: Mark Stack Usage: 32M
[190.086s][info][gc,nmethod  ] GC(26) y: NMethods: 12571 registered, 8659 unregistered
[190.086s][info][gc,metaspace] GC(26) y: Metaspace: 129M used, 131M committed, 1152M reserved
[190.086s][info][gc,reloc    ] GC(26) y:                        Candidates     Selected     In-Place         Size        Empty    Relocated 
[190.086s][info][gc,reloc    ] GC(26) y: Small Pages:                 3331         1770            0        6662M        2972M          88M 
[190.086s][info][gc,reloc    ] GC(26) y: Medium Pages:                   1            0            0          32M           0M           0M 
[190.086s][info][gc,reloc    ] GC(26) y: Large Pages:                    0            0            0           0M           0M           0M 
[190.086s][info][gc,reloc    ] GC(26) y: Forwarding Usage: 30M
[190.086s][info][gc,reloc    ] GC(26) y: Age Table:
[190.086s][info][gc,reloc    ] GC(26) y:                    Live             Garbage             Small              Medium             Large        
[190.086s][info][gc,reloc    ] GC(26) y: Eden              92M (1%)         6433M (79%)       3263 / 1723           0 / 0              0 / 0        
[190.086s][info][gc,reloc    ] GC(26) y: Survivor 1         5M (0%)           98M (1%)          36 / 33             1 / 0              0 / 0        
[190.086s][info][gc,reloc    ] GC(26) y: Survivor 2         6M (0%)           19M (0%)          13 / 10             0 / 0              0 / 0        
[190.086s][info][gc,reloc    ] GC(26) y: Survivor 3        24M (0%)            5M (0%)          15 / 2              0 / 0              0 / 0        
[190.086s][info][gc,reloc    ] GC(26) y: Survivor 4         3M (0%)            4M (0%)           4 / 2              0 / 0              0 / 0        
[190.086s][info][gc,heap     ] GC(26) y: Min Capacity: 8192M(100%)
[190.086s][info][gc,heap     ] GC(26) y: Max Capacity: 8192M(100%)
[190.086s][info][gc,heap     ] GC(26) y: Soft Max Capacity: 8192M(100%)
[190.086s][info][gc,heap     ] GC(26) y: Heap Statistics:
[190.086s][info][gc,heap     ] GC(26) y:                Mark Start          Mark End        Relocate Start      Relocate End           High               Low         
[190.086s][info][gc,heap     ] GC(26) y:  Capacity:     8192M (100%)       8192M (100%)       8192M (100%)       8192M (100%)       8192M (100%)       8192M (100%)   
[190.086s][info][gc,heap     ] GC(26) y:      Free:      924M (11%)         866M (11%)        3836M (47%)        7368M (90%)        7368M (90%)         866M (11%)    
[190.086s][info][gc,heap     ] GC(26) y:      Used:     7268M (89%)        7326M (89%)        4356M (53%)         824M (10%)        7326M (89%)         824M (10%)    
[190.086s][info][gc,heap     ] GC(26) y: Young Generation Statistics:
[190.086s][info][gc,heap     ] GC(26) y:                Mark Start          Mark End        Relocate Start      Relocate End    
[190.086s][info][gc,heap     ] GC(26) y:      Used:     6694M (82%)        6752M (82%)        3782M (46%)         250M (3%)     
[190.086s][info][gc,heap     ] GC(26) y:      Live:         -               132M (2%)          132M (2%)          132M (2%)     
[190.086s][info][gc,heap     ] GC(26) y:   Garbage:         -              6561M (80%)        3589M (44%)          34M (0%)     
[190.086s][info][gc,heap     ] GC(26) y: Allocated:         -                58M (1%)           60M (1%)           82M (1%)     
[190.086s][info][gc,heap     ] GC(26) y: Reclaimed:         -                  -              2972M (36%)        6526M (80%)    
[190.086s][info][gc,heap     ] GC(26) y:  Promoted:         -                  -                 0M (0%)            0M (0%)     
[190.086s][info][gc,heap     ] GC(26) y: Compacted:         -                  -                  -               103M (1%)     
[190.086s][info][gc,phases   ] GC(26) y: Young Generation 7268M(89%)->824M(10%) 0.248s
[190.086s][info][gc          ] GC(26) Minor Collection (Allocation Rate) 7268M(89%)->824M(10%) 0.248s
[198.644s][info][gc          ] GC(27) Minor Collection (Allocation Rate)
[198.644s][info][gc,task     ] GC(27) Using 1 Workers for Young Generation
[198.644s][info][gc,phases   ] GC(27) y: Young Generation
[198.644s][info][gc,phases   ] GC(27) y: Pause Mark Start 0.012ms
[198.796s][info][gc,phases   ] GC(27) y: Concurrent Mark 151.535ms
[198.796s][info][gc,phases   ] GC(27) y: Pause Mark End 0.008ms
[198.796s][info][gc,phases   ] GC(27) y: Concurrent Mark Free 0.000ms
[198.796s][info][gc,phases   ] GC(27) y: Concurrent Reset Relocation Set 0.156ms
[198.798s][info][gc,reloc    ] GC(27) y: Using tenuring threshold: 4 (Computed)
[198.810s][info][gc,phases   ] GC(27) y: Concurrent Select Relocation Set 13.984ms
[198.810s][info][gc,phases   ] GC(27) y: Pause Relocate Start 0.008ms
[198.896s][info][gc,phases   ] GC(27) y: Concurrent Relocate 85.816ms
[198.896s][info][gc,alloc    ] GC(27) y:                         Mark Start        Mark End      Relocate Start    Relocate End   
[198.896s][info][gc,alloc    ] GC(27) y: Allocation Stalls:          0                0                0                0         
[198.896s][info][gc,load     ] GC(27) y: Load: 0.00 (0%) / 0.00 (0%) / 0.00 (0%)
[198.896s][info][gc,mmu      ] GC(27) y: MMU: 2ms/76.4%, 5ms/90.6%, 10ms/95.3%, 20ms/97.6%, 50ms/99.1%, 100ms/99.5%
[198.896s][info][gc,marking  ] GC(27) y: Mark: 1 stripe(s), 2 proactive flush(es), 1 terminate flush(es), 0 completion(s), 0 continuation(s) 
[198.896s][info][gc,marking  ] GC(27) y: Mark Stack Usage: 32M
[198.896s][info][gc,nmethod  ] GC(27) y: NMethods: 12631 registered, 8659 unregistered
[198.896s][info][gc,metaspace] GC(27) y: Metaspace: 129M used, 131M committed, 1152M reserved
[198.896s][info][gc,reloc    ] GC(27) y:                        Candidates     Selected     In-Place         Size        Empty    Relocated 
[198.896s][info][gc,reloc    ] GC(27) y: Small Pages:                 3462         1833            0        6924M        3122M          76M 
[198.896s][info][gc,reloc    ] GC(27) y: Medium Pages:                   2            1            0          64M           0M           0M 
[198.896s][info][gc,reloc    ] GC(27) y: Large Pages:                    0            0            0           0M           0M           0M 
[198.896s][info][gc,reloc    ] GC(27) y: Forwarding Usage: 28M
[198.896s][info][gc,reloc    ] GC(27) y: Age Table:
[198.896s][info][gc,reloc    ] GC(27) y:                    Live             Garbage             Small              Medium             Large        
[198.896s][info][gc,reloc    ] GC(27) y: Eden              82M (1%)         6719M (82%)       3385 / 1781           1 / 1              0 / 0        
[198.896s][info][gc,reloc    ] GC(27) y: Survivor 1         3M (0%)           98M (1%)          51 / 44             0 / 0              0 / 0        
[198.896s][info][gc,reloc    ] GC(27) y: Survivor 2         1M (0%)           38M (0%)           4 / 3              1 / 0              0 / 0        
[198.896s][info][gc,reloc    ] GC(27) y: Survivor 3         5M (0%)            4M (0%)           5 / 2              0 / 0              0 / 0        
[198.896s][info][gc,reloc    ] GC(27) y: Survivor 4        24M (0%)            3M (0%)          14 / 2              0 / 0              0 / 0        
[198.896s][info][gc,reloc    ] GC(27) y: Survivor 5         3M (0%)            2M (0%)           3 / 1              0 / 0              0 / 0        
[198.896s][info][gc,heap     ] GC(27) y: Min Capacity: 8192M(100%)
[198.896s][info][gc,heap     ] GC(27) y: Max Capacity: 8192M(100%)
[198.896s][info][gc,heap     ] GC(27) y: Soft Max Capacity: 8192M(100%)
[198.896s][info][gc,heap     ] GC(27) y: Heap Statistics:
[198.896s][info][gc,heap     ] GC(27) y:                Mark Start          Mark End        Relocate Start      Relocate End           High               Low         
[198.896s][info][gc,heap     ] GC(27) y:  Capacity:     8192M (100%)       8192M (100%)       8192M (100%)       8192M (100%)       8192M (100%)       8192M (100%)   
[198.896s][info][gc,heap     ] GC(27) y:      Free:      630M (8%)          496M (6%)         3612M (44%)        7182M (88%)        7188M (88%)         496M (6%)     
[198.896s][info][gc,heap     ] GC(27) y:      Used:     7562M (92%)        7696M (94%)        4580M (56%)        1010M (12%)        7696M (94%)        1004M (12%)    
[198.896s][info][gc,heap     ] GC(27) y: Young Generation Statistics:
[198.896s][info][gc,heap     ] GC(27) y:                Mark Start          Mark End        Relocate Start      Relocate End    
[198.896s][info][gc,heap     ] GC(27) y:      Used:     6988M (85%)        7122M (87%)        3978M (49%)         406M (5%)     
[198.896s][info][gc,heap     ] GC(27) y:      Live:         -               120M (1%)           94M (1%)           93M (1%)     
[198.896s][info][gc,heap     ] GC(27) y:   Garbage:         -              6867M (84%)        3743M (46%)           1M (0%)     
[198.896s][info][gc,heap     ] GC(27) y: Allocated:         -               134M (2%)          140M (2%)          311M (4%)     
[198.896s][info][gc,heap     ] GC(27) y: Reclaimed:         -                  -              3123M (38%)        6865M (84%)    
[198.896s][info][gc,heap     ] GC(27) y:  Promoted:         -                  -                26M (0%)           27M (0%)     
[198.896s][info][gc,heap     ] GC(27) y: Compacted:         -                  -                  -                88M (1%)     
[198.896s][info][gc,phases   ] GC(27) y: Young Generation 7562M(92%)->1010M(12%) 0.252s
[198.896s][info][gc          ] GC(27) Minor Collection (Allocation Rate) 7562M(92%)->1010M(12%) 0.252s
[206.480s][info][gc          ] GC(28) Minor Collection (Allocation Rate)
[206.480s][info][gc,task     ] GC(28) Using 1 Workers for Young Generation
[206.480s][info][gc,phases   ] GC(28) y: Young Generation
[206.480s][info][gc,phases   ] GC(28) y: Pause Mark Start 0.013ms
[206.618s][info][gc,phases   ] GC(28) y: Concurrent Mark 137.376ms
[206.618s][info][gc,phases   ] GC(28) y: Pause Mark End 0.009ms
[206.618s][info][gc,phases   ] GC(28) y: Concurrent Mark Free 0.000ms
[206.618s][info][gc,phases   ] GC(28) y: Concurrent Reset Relocation Set 0.247ms
[206.621s][info][gc,reloc    ] GC(28) y: Using tenuring threshold: 3 (Computed)
[206.636s][info][gc,phases   ] GC(28) y: Concurrent Select Relocation Set 17.709ms
[206.636s][info][gc,phases   ] GC(28) y: Pause Relocate Start 0.011ms
[206.724s][info][gc,phases   ] GC(28) y: Concurrent Relocate 87.565ms
[206.724s][info][gc,alloc    ] GC(28) y:                         Mark Start        Mark End      Relocate Start    Relocate End   
[206.724s][info][gc,alloc    ] GC(28) y: Allocation Stalls:          0                0                0                0         
[206.724s][info][gc,load     ] GC(28) y: Load: 0.00 (0%) / 0.00 (0%) / 0.00 (0%)
[206.724s][info][gc,mmu      ] GC(28) y: MMU: 2ms/76.4%, 5ms/90.6%, 10ms/95.3%, 20ms/97.6%, 50ms/99.1%, 100ms/99.5%
[206.724s][info][gc,marking  ] GC(28) y: Mark: 1 stripe(s), 2 proactive flush(es), 1 terminate flush(es), 0 completion(s), 0 continuation(s) 
[206.724s][info][gc,marking  ] GC(28) y: Mark Stack Usage: 32M
[206.724s][info][gc,nmethod  ] GC(28) y: NMethods: 12705 registered, 8659 unregistered
[206.724s][info][gc,metaspace] GC(28) y: Metaspace: 129M used, 131M committed, 1152M reserved
[206.724s][info][gc,reloc    ] GC(28) y:                        Candidates     Selected     In-Place         Size        Empty    Relocated 
[206.724s][info][gc,reloc    ] GC(28) y: Small Pages:                 3463         2100            0        6926M        2608M          84M 
[206.724s][info][gc,reloc    ] GC(28) y: Medium Pages:                   2            1            0          64M           0M           0M 
[206.724s][info][gc,reloc    ] GC(28) y: Large Pages:                    0            0            0           0M           0M           0M 
[206.724s][info][gc,reloc    ] GC(28) y: Forwarding Usage: 30M
[206.724s][info][gc,reloc    ] GC(28) y: Age Table:
[206.724s][info][gc,reloc    ] GC(28) y:                    Live             Garbage             Small              Medium             Large        
[206.724s][info][gc,reloc    ] GC(28) y: Eden              87M (1%)         6710M (82%)       3399 / 2045           0 / 0              0 / 0        
[206.724s][info][gc,reloc    ] GC(28) y: Survivor 1         8M (0%)          113M (1%)          45 / 42             1 / 1              0 / 0        
[206.724s][info][gc,reloc    ] GC(28) y: Survivor 2         0M (0%)           17M (0%)           9 / 8              0 / 0              0 / 0        
[206.724s][info][gc,reloc    ] GC(28) y: Survivor 3         0M (0%)           43M (1%)           6 / 4              1 / 0              0 / 0        
[206.724s][info][gc,reloc    ] GC(28) y: Survivor 4         5M (0%)            2M (0%)           4 / 1              0 / 0              0 / 0        
[206.724s][info][gc,heap     ] GC(28) y: Min Capacity: 8192M(100%)
[206.724s][info][gc,heap     ] GC(28) y: Max Capacity: 8192M(100%)
[206.724s][info][gc,heap     ] GC(28) y: Soft Max Capacity: 8192M(100%)
[206.724s][info][gc,heap     ] GC(28) y: Heap Statistics:
[206.724s][info][gc,heap     ] GC(28) y:                Mark Start          Mark End        Relocate Start      Relocate End           High               Low         
[206.724s][info][gc,heap     ] GC(28) y:  Capacity:     8192M (100%)       8192M (100%)       8192M (100%)       8192M (100%)       8192M (100%)       8192M (100%)   
[206.724s][info][gc,heap     ] GC(28) y:      Free:      598M (7%)          436M (5%)         3036M (37%)        7172M (88%)        7174M (88%)         436M (5%)     
[206.724s][info][gc,heap     ] GC(28) y:      Used:     7594M (93%)        7756M (95%)        5156M (63%)        1020M (12%)        7756M (95%)        1018M (12%)    
[206.724s][info][gc,heap     ] GC(28) y: Young Generation Statistics:
[206.724s][info][gc,heap     ] GC(28) y:                Mark Start          Mark End        Relocate Start      Relocate End    
[206.724s][info][gc,heap     ] GC(28) y:      Used:     6990M (85%)        7152M (87%)        4546M (55%)         374M (5%)     
[206.724s][info][gc,heap     ] GC(28) y:      Live:         -               102M (1%)           98M (1%)           96M (1%)     
[206.724s][info][gc,heap     ] GC(28) y:   Garbage:         -              6887M (84%)        4277M (52%)           0M (0%)     
[206.724s][info][gc,heap     ] GC(28) y: Allocated:         -               162M (2%)          170M (2%)          276M (3%)     
[206.724s][info][gc,heap     ] GC(28) y: Reclaimed:         -                  -              2609M (32%)        6886M (84%)    
[206.724s][info][gc,heap     ] GC(28) y:  Promoted:         -                  -                 4M (0%)            6M (0%)     
[206.724s][info][gc,heap     ] GC(28) y: Compacted:         -                  -                  -                95M (1%)     
[206.724s][info][gc,phases   ] GC(28) y: Young Generation 7594M(93%)->1020M(12%) 0.243s
[206.724s][info][gc          ] GC(28) Minor Collection (Allocation Rate) 7594M(93%)->1020M(12%) 0.244s
[213.435s][info][gc          ] GC(29) Minor Collection (Allocation Rate)
[213.435s][info][gc,task     ] GC(29) Using 1 Workers for Young Generation
[213.435s][info][gc,phases   ] GC(29) y: Young Generation
[213.435s][info][gc,phases   ] GC(29) y: Pause Mark Start 0.015ms
[213.556s][info][gc,phases   ] GC(29) y: Concurrent Mark 120.931ms
[213.556s][info][gc,phases   ] GC(29) y: Pause Mark End 0.009ms
[213.556s][info][gc,phases   ] GC(29) y: Concurrent Mark Free 0.000ms
[213.556s][info][gc,phases   ] GC(29) y: Concurrent Reset Relocation Set 0.309ms
[213.559s][info][gc,reloc    ] GC(29) y: Using tenuring threshold: 4 (Computed)
[213.561s][info][gc,phases   ] GC(29) y: Concurrent Select Relocation Set 4.891ms
[213.561s][info][gc,phases   ] GC(29) y: Pause Relocate Start 0.008ms
[213.644s][info][gc,phases   ] GC(29) y: Concurrent Relocate 82.376ms
[213.644s][info][gc,alloc    ] GC(29) y:                         Mark Start        Mark End      Relocate Start    Relocate End   
[213.644s][info][gc,alloc    ] GC(29) y: Allocation Stalls:          0                0                0                0         
[213.644s][info][gc,load     ] GC(29) y: Load: 0.00 (0%) / 0.00 (0%) / 0.00 (0%)
[213.644s][info][gc,mmu      ] GC(29) y: MMU: 2ms/76.4%, 5ms/90.6%, 10ms/95.3%, 20ms/97.6%, 50ms/99.1%, 100ms/99.5%
[213.644s][info][gc,marking  ] GC(29) y: Mark: 1 stripe(s), 2 proactive flush(es), 1 terminate flush(es), 0 completion(s), 0 continuation(s) 
[213.644s][info][gc,marking  ] GC(29) y: Mark Stack Usage: 32M
[213.644s][info][gc,nmethod  ] GC(29) y: NMethods: 12744 registered, 8659 unregistered
[213.644s][info][gc,metaspace] GC(29) y: Metaspace: 129M used, 131M committed, 1152M reserved
[213.644s][info][gc,reloc    ] GC(29) y:                        Candidates     Selected     In-Place         Size        Empty    Relocated 
[213.644s][info][gc,reloc    ] GC(29) y: Small Pages:                 3390         1626            0        6780M        3422M          79M 
[213.644s][info][gc,reloc    ] GC(29) y: Medium Pages:                   1            0            0          32M           0M           0M 
[213.644s][info][gc,reloc    ] GC(29) y: Large Pages:                    0            0            0           0M           0M           0M 
[213.644s][info][gc,reloc    ] GC(29) y: Forwarding Usage: 27M
[213.644s][info][gc,reloc    ] GC(29) y: Age Table:
[213.644s][info][gc,reloc    ] GC(29) y:                    Live             Garbage             Small              Medium             Large        
[213.644s][info][gc,reloc    ] GC(29) y: Eden              76M (1%)         6579M (80%)       3328 / 1571           0 / 0              0 / 0        
[213.644s][info][gc,reloc    ] GC(29) y: Survivor 1        14M (0%)           81M (1%)          48 / 41             0 / 0              0 / 0        
[213.644s][info][gc,reloc    ] GC(29) y: Survivor 2         1M (0%)           50M (1%)          10 / 10             1 / 0              0 / 0        
[213.644s][info][gc,reloc    ] GC(29) y: Survivor 3         0M (0%)            7M (0%)           4 / 4              0 / 0              0 / 0        
[213.644s][info][gc,heap     ] GC(29) y: Min Capacity: 8192M(100%)
[213.644s][info][gc,heap     ] GC(29) y: Max Capacity: 8192M(100%)
[213.644s][info][gc,heap     ] GC(29) y: Soft Max Capacity: 8192M(100%)
[213.644s][info][gc,heap     ] GC(29) y: Heap Statistics:
[213.644s][info][gc,heap     ] GC(29) y:                Mark Start          Mark End        Relocate Start      Relocate End           High               Low         
[213.644s][info][gc,heap     ] GC(29) y:  Capacity:     8192M (100%)       8192M (100%)       8192M (100%)       8192M (100%)       8192M (100%)       8192M (100%)   
[213.644s][info][gc,heap     ] GC(29) y:      Free:      734M (9%)          614M (7%)         4034M (49%)        7098M (87%)        7098M (87%)         614M (7%)     
[213.644s][info][gc,heap     ] GC(29) y:      Used:     7458M (91%)        7578M (93%)        4158M (51%)        1094M (13%)        7578M (93%)        1094M (13%)    
[213.644s][info][gc,heap     ] GC(29) y: Young Generation Statistics:
[213.644s][info][gc,heap     ] GC(29) y:                Mark Start          Mark End        Relocate Start      Relocate End    
[213.644s][info][gc,heap     ] GC(29) y:      Used:     6812M (83%)        6932M (85%)        3512M (43%)         448M (5%)     
[213.644s][info][gc,heap     ] GC(29) y:      Live:         -                92M (1%)           92M (1%)           92M (1%)     
[213.644s][info][gc,heap     ] GC(29) y:   Garbage:         -              6719M (82%)        3297M (40%)          32M (0%)     
[213.644s][info][gc,heap     ] GC(29) y: Allocated:         -               120M (1%)          122M (1%)          323M (4%)     
[213.644s][info][gc,heap     ] GC(29) y: Reclaimed:         -                  -              3422M (42%)        6687M (82%)    
[213.644s][info][gc,heap     ] GC(29) y:  Promoted:         -                  -                 0M (0%)            0M (0%)     
[213.644s][info][gc,heap     ] GC(29) y: Compacted:         -                  -                  -                90M (1%)     
[213.644s][info][gc,phases   ] GC(29) y: Young Generation 7458M(91%)->1094M(13%) 0.209s
[213.644s][info][gc          ] GC(29) Minor Collection (Allocation Rate) 7458M(91%)->1096M(13%) 0.210s
[221.576s][info][gc          ] GC(30) Minor Collection (Allocation Rate)
[221.576s][info][gc,task     ] GC(30) Using 1 Workers for Young Generation
[221.576s][info][gc,phases   ] GC(30) y: Young Generation
[221.576s][info][gc,phases   ] GC(30) y: Pause Mark Start 0.012ms
[221.684s][info][gc,phases   ] GC(30) y: Concurrent Mark 108.447ms
[221.684s][info][gc,phases   ] GC(30) y: Pause Mark End 0.008ms
[221.684s][info][gc,phases   ] GC(30) y: Concurrent Mark Free 0.000ms
[221.685s][info][gc,phases   ] GC(30) y: Concurrent Reset Relocation Set 0.138ms
[221.687s][info][gc,reloc    ] GC(30) y: Using tenuring threshold: 5 (Computed)
[221.689s][info][gc,phases   ] GC(30) y: Concurrent Select Relocation Set 4.785ms
[221.689s][info][gc,phases   ] GC(30) y: Pause Relocate Start 0.008ms
[221.759s][info][gc,phases   ] GC(30) y: Concurrent Relocate 69.130ms
[221.759s][info][gc,alloc    ] GC(30) y:                         Mark Start        Mark End      Relocate Start    Relocate End   
[221.759s][info][gc,alloc    ] GC(30) y: Allocation Stalls:          0                0                0                0         
[221.759s][info][gc,load     ] GC(30) y: Load: 0.00 (0%) / 0.00 (0%) / 0.00 (0%)
[221.759s][info][gc,mmu      ] GC(30) y: MMU: 2ms/76.4%, 5ms/90.6%, 10ms/95.3%, 20ms/97.6%, 50ms/99.1%, 100ms/99.5%
[221.759s][info][gc,marking  ] GC(30) y: Mark: 1 stripe(s), 2 proactive flush(es), 1 terminate flush(es), 0 completion(s), 0 continuation(s) 
[221.759s][info][gc,marking  ] GC(30) y: Mark Stack Usage: 32M
[221.759s][info][gc,nmethod  ] GC(30) y: NMethods: 12780 registered, 8659 unregistered
[221.759s][info][gc,metaspace] GC(30) y: Metaspace: 129M used, 131M committed, 1152M reserved
[221.759s][info][gc,reloc    ] GC(30) y:                        Candidates     Selected     In-Place         Size        Empty    Relocated 
[221.759s][info][gc,reloc    ] GC(30) y: Small Pages:                 3455         2024            0        6910M        2764M          72M 
[221.759s][info][gc,reloc    ] GC(30) y: Medium Pages:                   1            0            0          32M           0M           0M 
[221.759s][info][gc,reloc    ] GC(30) y: Large Pages:                    0            0            0           0M           0M           0M 
[221.759s][info][gc,reloc    ] GC(30) y: Forwarding Usage: 25M
[221.759s][info][gc,reloc    ] GC(30) y: Age Table:
[221.759s][info][gc,reloc    ] GC(30) y:                    Live             Garbage             Small              Medium             Large        
[221.759s][info][gc,reloc    ] GC(30) y: Eden              74M (1%)         6699M (82%)       3387 / 1963           0 / 0              0 / 0        
[221.759s][info][gc,reloc    ] GC(30) y: Survivor 1         6M (0%)           77M (1%)          42 / 40             0 / 0              0 / 0        
[221.759s][info][gc,reloc    ] GC(30) y: Survivor 2         2M (0%)           23M (0%)          13 / 12             0 / 0              0 / 0        
[221.759s][info][gc,reloc    ] GC(30) y: Survivor 3         1M (0%)           42M (1%)           6 / 4              1 / 0              0 / 0        
[221.759s][info][gc,reloc    ] GC(30) y: Survivor 4         0M (0%)           13M (0%)           7 / 5              0 / 0              0 / 0        
[221.759s][info][gc,heap     ] GC(30) y: Min Capacity: 8192M(100%)
[221.759s][info][gc,heap     ] GC(30) y: Max Capacity: 8192M(100%)
[221.759s][info][gc,heap     ] GC(30) y: Soft Max Capacity: 8192M(100%)
[221.759s][info][gc,heap     ] GC(30) y: Heap Statistics:
[221.759s][info][gc,heap     ] GC(30) y:                Mark Start          Mark End        Relocate Start      Relocate End           High               Low         
[221.759s][info][gc,heap     ] GC(30) y:  Capacity:     8192M (100%)       8192M (100%)       8192M (100%)       8192M (100%)       8192M (100%)       8192M (100%)   
[221.759s][info][gc,heap     ] GC(30) y:      Free:      604M (7%)          518M (6%)         3278M (40%)        7254M (89%)        7254M (89%)         518M (6%)     
[221.759s][info][gc,heap     ] GC(30) y:      Used:     7588M (93%)        7674M (94%)        4914M (60%)         938M (11%)        7674M (94%)         938M (11%)    
[221.759s][info][gc,heap     ] GC(30) y: Young Generation Statistics:
[221.759s][info][gc,heap     ] GC(30) y:                Mark Start          Mark End        Relocate Start      Relocate End    
[221.759s][info][gc,heap     ] GC(30) y:      Used:     6942M (85%)        7028M (86%)        4268M (52%)         292M (4%)     
[221.759s][info][gc,heap     ] GC(30) y:      Live:         -                84M (1%)           84M (1%)           84M (1%)     
[221.759s][info][gc,heap     ] GC(30) y:   Garbage:         -              6857M (84%)        4093M (50%)          32M (0%)     
[221.759s][info][gc,heap     ] GC(30) y: Allocated:         -                86M (1%)           90M (1%)          174M (2%)     
[221.759s][info][gc,heap     ] GC(30) y: Reclaimed:         -                  -              2764M (34%)        6824M (83%)    
[221.759s][info][gc,heap     ] GC(30) y:  Promoted:         -                  -                 0M (0%)            0M (0%)     
[221.759s][info][gc,heap     ] GC(30) y: Compacted:         -                  -                  -                81M (1%)     
[221.759s][info][gc,phases   ] GC(30) y: Young Generation 7588M(93%)->938M(11%) 0.183s
[221.759s][info][gc          ] GC(30) Minor Collection (Allocation Rate) 7588M(93%)->938M(11%) 0.183s
[229.267s][info][gc          ] GC(31) Minor Collection (Allocation Rate)
[229.267s][info][gc,task     ] GC(31) Using 1 Workers for Young Generation
[229.268s][info][gc,phases   ] GC(31) y: Young Generation
[229.268s][info][gc,phases   ] GC(31) y: Pause Mark Start 0.014ms
[229.367s][info][gc,phases   ] GC(31) y: Concurrent Mark 99.831ms
[229.368s][info][gc,phases   ] GC(31) y: Pause Mark End 0.016ms
[229.368s][info][gc,phases   ] GC(31) y: Concurrent Mark Free 0.000ms
[229.368s][info][gc,phases   ] GC(31) y: Concurrent Reset Relocation Set 0.399ms
[229.375s][info][gc,reloc    ] GC(31) y: Using tenuring threshold: 6 (Computed)
[229.382s][info][gc,phases   ] GC(31) y: Concurrent Select Relocation Set 13.910ms
[229.382s][info][gc,phases   ] GC(31) y: Pause Relocate Start 0.021ms
[229.450s][info][gc,phases   ] GC(31) y: Concurrent Relocate 67.624ms
[229.450s][info][gc,alloc    ] GC(31) y:                         Mark Start        Mark End      Relocate Start    Relocate End   
[229.450s][info][gc,alloc    ] GC(31) y: Allocation Stalls:          0                0                0                0         
[229.450s][info][gc,load     ] GC(31) y: Load: 0.00 (0%) / 0.00 (0%) / 0.00 (0%)
[229.450s][info][gc,mmu      ] GC(31) y: MMU: 2ms/76.4%, 5ms/90.6%, 10ms/95.3%, 20ms/97.6%, 50ms/99.1%, 100ms/99.5%
[229.450s][info][gc,marking  ] GC(31) y: Mark: 1 stripe(s), 2 proactive flush(es), 1 terminate flush(es), 0 completion(s), 0 continuation(s) 
[229.450s][info][gc,marking  ] GC(31) y: Mark Stack Usage: 32M
[229.450s][info][gc,nmethod  ] GC(31) y: NMethods: 12824 registered, 8659 unregistered
[229.450s][info][gc,metaspace] GC(31) y: Metaspace: 129M used, 131M committed, 1152M reserved
[229.450s][info][gc,reloc    ] GC(31) y:                        Candidates     Selected     In-Place         Size        Empty    Relocated 
[229.450s][info][gc,reloc    ] GC(31) y: Small Pages:                 3469         1651            0        6938M        3552M          62M 
[229.450s][info][gc,reloc    ] GC(31) y: Medium Pages:                   1            0            0          32M           0M           0M 
[229.450s][info][gc,reloc    ] GC(31) y: Large Pages:                    0            0            0           0M           0M           0M 
[229.450s][info][gc,reloc    ] GC(31) y: Forwarding Usage: 22M
[229.450s][info][gc,reloc    ] GC(31) y: Age Table:
[229.450s][info][gc,reloc    ] GC(31) y:                    Live             Garbage             Small              Medium             Large        
[229.450s][info][gc,reloc    ] GC(31) y: Eden              63M (1%)         6756M (82%)       3410 / 1600           0 / 0              0 / 0        
[229.450s][info][gc,reloc    ] GC(31) y: Survivor 1         5M (0%)           78M (1%)          42 / 40             0 / 0              0 / 0        
[229.450s][info][gc,reloc    ] GC(31) y: Survivor 2         1M (0%)           14M (0%)           8 / 7              0 / 0              0 / 0        
[229.450s][info][gc,reloc    ] GC(31) y: Survivor 3         1M (0%)            8M (0%)           5 / 2              0 / 0              0 / 0        
[229.450s][info][gc,reloc    ] GC(31) y: Survivor 4         1M (0%)           36M (0%)           3 / 1              1 / 0              0 / 0        
[229.450s][info][gc,reloc    ] GC(31) y: Survivor 5         0M (0%)            1M (0%)           1 / 1              0 / 0              0 / 0        
[229.450s][info][gc,heap     ] GC(31) y: Min Capacity: 8192M(100%)
[229.450s][info][gc,heap     ] GC(31) y: Max Capacity: 8192M(100%)
[229.450s][info][gc,heap     ] GC(31) y: Soft Max Capacity: 8192M(100%)
[229.450s][info][gc,heap     ] GC(31) y: Heap Statistics:
[229.450s][info][gc,heap     ] GC(31) y:                Mark Start          Mark End        Relocate Start      Relocate End           High               Low         
[229.450s][info][gc,heap     ] GC(31) y:  Capacity:     8192M (100%)       8192M (100%)       8192M (100%)       8192M (100%)       8192M (100%)       8192M (100%)   
[229.450s][info][gc,heap     ] GC(31) y:      Free:      576M (7%)          512M (6%)         4060M (50%)        7282M (89%)        7282M (89%)         512M (6%)     
[229.450s][info][gc,heap     ] GC(31) y:      Used:     7616M (93%)        7680M (94%)        4132M (50%)         910M (11%)        7680M (94%)         910M (11%)    
[229.450s][info][gc,heap     ] GC(31) y: Young Generation Statistics:
[229.450s][info][gc,heap     ] GC(31) y:                Mark Start          Mark End        Relocate Start      Relocate End    
[229.450s][info][gc,heap     ] GC(31) y:      Used:     6970M (85%)        7034M (86%)        3486M (43%)         264M (3%)     
[229.450s][info][gc,heap     ] GC(31) y:      Live:         -                73M (1%)           73M (1%)           73M (1%)     
[229.450s][info][gc,heap     ] GC(31) y:   Garbage:         -              6896M (84%)        3344M (41%)          32M (0%)     
[229.450s][info][gc,heap     ] GC(31) y: Allocated:         -                64M (1%)           68M (1%)          158M (2%)     
[229.450s][info][gc,heap     ] GC(31) y: Reclaimed:         -                  -              3552M (43%)        6864M (84%)    
[229.450s][info][gc,heap     ] GC(31) y:  Promoted:         -                  -                 0M (0%)            0M (0%)     
[229.450s][info][gc,heap     ] GC(31) y: Compacted:         -                  -                  -                71M (1%)     
[229.450s][info][gc,phases   ] GC(31) y: Young Generation 7616M(93%)->910M(11%) 0.182s
[229.450s][info][gc          ] GC(31) Minor Collection (Allocation Rate) 7616M(93%)->912M(11%) 0.183s
[239.490s][info][gc          ] GC(32) Major Collection (Proactive)
[239.490s][info][gc,task     ] GC(32) Using 1 Workers for Young Generation
[239.490s][info][gc,task     ] GC(32) Using 1 Workers for Old Generation
[239.490s][info][gc,phases   ] GC(32) Y: Young Generation
[239.490s][info][gc,phases   ] GC(32) Y: Pause Mark Start (Major) 0.030ms
[239.642s][info][gc,phases   ] GC(32) Y: Concurrent Mark 151.472ms
[239.642s][info][gc,phases   ] GC(32) Y: Pause Mark End 0.022ms
[239.642s][info][gc,phases   ] GC(32) Y: Concurrent Mark Free 0.000ms
[239.643s][info][gc,phases   ] GC(32) Y: Concurrent Reset Relocation Set 0.453ms
[239.650s][info][gc,reloc    ] GC(32) Y: Using tenuring threshold: 3 (Computed)
[239.668s][info][gc,phases   ] GC(32) Y: Concurrent Select Relocation Set 24.956ms
[239.668s][info][gc,phases   ] GC(32) Y: Pause Relocate Start 0.009ms
[239.733s][info][gc,phases   ] GC(32) Y: Concurrent Relocate 65.084ms
[239.733s][info][gc,alloc    ] GC(32) Y:                         Mark Start        Mark End      Relocate Start    Relocate End   
[239.733s][info][gc,alloc    ] GC(32) Y: Allocation Stalls:          0                0                0                0         
[239.733s][info][gc,load     ] GC(32) Y: Load: 0.00 (0%) / 0.00 (0%) / 0.00 (0%)
[239.733s][info][gc,mmu      ] GC(32) Y: MMU: 2ms/76.4%, 5ms/90.6%, 10ms/95.3%, 20ms/97.6%, 50ms/99.1%, 100ms/99.5%
[239.733s][info][gc,marking  ] GC(32) Y: Mark: 1 stripe(s), 2 proactive flush(es), 1 terminate flush(es), 0 completion(s), 0 continuation(s) 
[239.733s][info][gc,marking  ] GC(32) Y: Mark Stack Usage: 32M
[239.733s][info][gc,nmethod  ] GC(32) Y: NMethods: 13104 registered, 8659 unregistered
[239.733s][info][gc,metaspace] GC(32) Y: Metaspace: 130M used, 131M committed, 1152M reserved
[239.733s][info][gc,reloc    ] GC(32) Y:                        Candidates     Selected     In-Place         Size        Empty    Relocated 
[239.733s][info][gc,reloc    ] GC(32) Y: Small Pages:                 3424         1822            0        6848M        3116M          66M 
[239.733s][info][gc,reloc    ] GC(32) Y: Medium Pages:                   1            0            0          32M           0M           0M 
[239.733s][info][gc,reloc    ] GC(32) Y: Large Pages:                    0            0            0           0M           0M           0M 
[239.733s][info][gc,reloc    ] GC(32) Y: Forwarding Usage: 22M
[239.733s][info][gc,reloc    ] GC(32) Y: Age Table:
[239.733s][info][gc,reloc    ] GC(32) Y:                    Live             Garbage             Small              Medium             Large        
[239.733s][info][gc,reloc    ] GC(32) Y: Eden              67M (1%)         6662M (81%)       3365 / 1774           0 / 0              0 / 0        
[239.733s][info][gc,reloc    ] GC(32) Y: Survivor 1         4M (0%)           71M (1%)          38 / 33             0 / 0              0 / 0        
[239.733s][info][gc,reloc    ] GC(32) Y: Survivor 2         2M (0%)           13M (0%)           8 / 6              0 / 0              0 / 0        
[239.733s][info][gc,reloc    ] GC(32) Y: Survivor 3         0M (0%)            9M (0%)           5 / 2              0 / 0              0 / 0        
[239.733s][info][gc,reloc    ] GC(32) Y: Survivor 4         1M (0%)            2M (0%)           2 / 1              0 / 0              0 / 0        
[239.733s][info][gc,reloc    ] GC(32) Y: Survivor 5         1M (0%)           36M (0%)           3 / 3              1 / 0              0 / 0        
[239.733s][info][gc,reloc    ] GC(32) Y: Survivor 6         0M (0%)            5M (0%)           3 / 3              0 / 0              0 / 0        
[239.733s][info][gc,heap     ] GC(32) Y: Min Capacity: 8192M(100%)
[239.733s][info][gc,heap     ] GC(32) Y: Max Capacity: 8192M(100%)
[239.733s][info][gc,heap     ] GC(32) Y: Soft Max Capacity: 8192M(100%)
[239.733s][info][gc,heap     ] GC(32) Y: Heap Statistics:
[239.733s][info][gc,heap     ] GC(32) Y:                Mark Start          Mark End        Relocate Start      Relocate End           High               Low         
[239.733s][info][gc,heap     ] GC(32) Y:  Capacity:     8192M (100%)       8192M (100%)       8192M (100%)       8192M (100%)       8192M (100%)       8192M (100%)   
[239.733s][info][gc,heap     ] GC(32) Y:      Free:      666M (8%)          540M (7%)         3646M (45%)        7210M (88%)        7214M (88%)         540M (7%)     
[239.733s][info][gc,heap     ] GC(32) Y:      Used:     7526M (92%)        7652M (93%)        4546M (55%)         982M (12%)        7652M (93%)         978M (12%)    
[239.733s][info][gc,heap     ] GC(32) Y: Young Generation Statistics:
[239.733s][info][gc,heap     ] GC(32) Y:                Mark Start          Mark End        Relocate Start      Relocate End    
[239.733s][info][gc,heap     ] GC(32) Y:      Used:     6880M (84%)        7006M (86%)        3866M (47%)         298M (4%)     
[239.733s][info][gc,heap     ] GC(32) Y:      Live:         -                76M (1%)           74M (1%)           73M (1%)     
[239.733s][info][gc,heap     ] GC(32) Y:   Garbage:         -              6803M (83%)        3655M (45%)           0M (0%)     
[239.733s][info][gc,heap     ] GC(32) Y: Allocated:         -               126M (2%)          136M (2%)          224M (3%)     
[239.733s][info][gc,heap     ] GC(32) Y: Reclaimed:         -                  -              3148M (38%)        6803M (83%)    
[239.733s][info][gc,heap     ] GC(32) Y:  Promoted:         -                  -                 1M (0%)            2M (0%)     
[239.733s][info][gc,heap     ] GC(32) Y: Compacted:         -                  -                  -                73M (1%)     
[239.733s][info][gc,phases   ] GC(32) Y: Young Generation 7526M(92%)->982M(12%) 0.242s
[239.733s][info][gc,phases   ] GC(32) O: Old Generation
[240.642s][info][gc,phases   ] GC(32) O: Concurrent Mark 908.782ms
[240.642s][info][gc,phases   ] GC(32) O: Pause Mark End 0.012ms
[240.642s][info][gc,phases   ] GC(32) O: Concurrent Mark Free 0.001ms
[240.666s][info][gc,phases   ] GC(32) O: Concurrent Process Non-Strong 23.942ms
[240.666s][info][gc,phases   ] GC(32) O: Concurrent Reset Relocation Set 0.018ms
[240.673s][info][gc,phases   ] GC(32) O: Concurrent Select Relocation Set 6.469ms
[240.673s][info][gc,task     ] GC(32) O: Using 2 Workers for Old Generation
[240.743s][info][gc,task     ] GC(32) O: Using 1 Workers for Old Generation
[240.743s][info][gc,phases   ] GC(32) O: Concurrent Remap Roots 69.935ms
[240.743s][info][gc,phases   ] GC(32) O: Pause Relocate Start 0.009ms
[240.843s][info][gc,phases   ] GC(32) O: Concurrent Relocate 100.103ms
[240.843s][info][gc,alloc    ] GC(32) O:                         Mark Start        Mark End      Relocate Start    Relocate End   
[240.843s][info][gc,alloc    ] GC(32) O: Allocation Stalls:          0                0                0                0         
[240.843s][info][gc,load     ] GC(32) O: Load: 0.00 (0%) / 0.00 (0%) / 0.00 (0%)
[240.843s][info][gc,mmu      ] GC(32) O: MMU: 2ms/76.4%, 5ms/90.6%, 10ms/95.3%, 20ms/97.6%, 50ms/99.1%, 100ms/99.5%
[240.843s][info][gc,marking  ] GC(32) O: Mark: 1 stripe(s), 2 proactive flush(es), 1 terminate flush(es), 0 completion(s), 0 continuation(s) 
[240.843s][info][gc,marking  ] GC(32) O: Mark Stack Usage: 32M
[240.843s][info][gc,nmethod  ] GC(32) O: NMethods: 12727 registered, 9041 unregistered
[240.843s][info][gc,metaspace] GC(32) O: Metaspace: 130M used, 131M committed, 1152M reserved
[240.843s][info][gc,ref      ] GC(32) O:                       Encountered   Discovered     Enqueued 
[240.843s][info][gc,ref      ] GC(32) O: Soft References:             6072            0            0 
[240.843s][info][gc,ref      ] GC(32) O: Weak References:            23062        12497           17 
[240.843s][info][gc,ref      ] GC(32) O: Final References:              34            0            0 
[240.843s][info][gc,ref      ] GC(32) O: Phantom References:           638          456           12 
[240.843s][info][gc,reloc    ] GC(32) O:                        Candidates     Selected     In-Place         Size        Empty    Relocated 
[240.843s][info][gc,reloc    ] GC(32) O: Small Pages:                  291           60            0         582M           2M          27M 
[240.843s][info][gc,reloc    ] GC(32) O: Medium Pages:                   2            1            0          64M           0M          26M 
[240.843s][info][gc,reloc    ] GC(32) O: Large Pages:                    0            0            0           0M           0M           0M 
[240.843s][info][gc,reloc    ] GC(32) O: Forwarding Usage: 27M
[240.843s][info][gc,heap     ] GC(32) O: Min Capacity: 8192M(100%)
[240.843s][info][gc,heap     ] GC(32) O: Max Capacity: 8192M(100%)
[240.843s][info][gc,heap     ] GC(32) O: Soft Max Capacity: 8192M(100%)
[240.843s][info][gc,heap     ] GC(32) O: Heap Statistics:
[240.843s][info][gc,heap     ] GC(32) O:                Mark Start          Mark End        Relocate Start      Relocate End           High               Low         
[240.843s][info][gc,heap     ] GC(32) O:  Capacity:     8192M (100%)       8192M (100%)       8192M (100%)       8192M (100%)       8192M (100%)       8192M (100%)   
[240.843s][info][gc,heap     ] GC(32) O:      Free:      666M (8%)         6502M (79%)        6434M (79%)        6516M (80%)        7214M (88%)         540M (7%)     
[240.843s][info][gc,heap     ] GC(32) O:      Used:     7526M (92%)        1690M (21%)        1758M (21%)        1676M (20%)        7652M (93%)         978M (12%)    
[240.843s][info][gc,heap     ] GC(32) O: Old Generation Statistics:
[240.843s][info][gc,heap     ] GC(32) O:                Mark Start          Mark End        Relocate Start      Relocate End    
[240.843s][info][gc,heap     ] GC(32) O:      Used:      646M (8%)          684M (8%)          682M (8%)          538M (7%)     
[240.843s][info][gc,heap     ] GC(32) O:      Live:         -               457M (6%)          457M (6%)          457M (6%)     
[240.843s][info][gc,heap     ] GC(32) O:   Garbage:         -               188M (2%)          186M (2%)           17M (0%)     
[240.843s][info][gc,heap     ] GC(32) O: Allocated:         -                38M (0%)           38M (0%)           62M (1%)     
[240.843s][info][gc,heap     ] GC(32) O: Reclaimed:         -                  -                 2M (0%)          170M (2%)     
[240.843s][info][gc,heap     ] GC(32) O: Compacted:         -                  -                  -               111M (1%)     
[240.843s][info][gc,phases   ] GC(32) O: Old Generation 982M(12%)->1676M(20%) 1.110s
[240.843s][info][gc          ] GC(32) Major Collection (Proactive) 7526M(92%)->1676M(20%) 1.353s
[247.921s][info][gc          ] GC(33) Minor Collection (Allocation Rate)
[247.921s][info][gc,task     ] GC(33) Using 1 Workers for Young Generation
[247.921s][info][gc,phases   ] GC(33) y: Young Generation
[247.921s][info][gc,phases   ] GC(33) y: Pause Mark Start 0.031ms
[248.066s][info][gc,phases   ] GC(33) y: Concurrent Mark 145.194ms
[248.066s][info][gc,phases   ] GC(33) y: Pause Mark End 0.008ms
[248.066s][info][gc,phases   ] GC(33) y: Concurrent Mark Free 0.000ms
[248.067s][info][gc,phases   ] GC(33) y: Concurrent Reset Relocation Set 0.180ms
[248.069s][info][gc,reloc    ] GC(33) y: Using tenuring threshold: 4 (Computed)
[248.081s][info][gc,phases   ] GC(33) y: Concurrent Select Relocation Set 14.194ms
[248.081s][info][gc,phases   ] GC(33) y: Pause Relocate Start 0.009ms
[248.155s][info][gc,phases   ] GC(33) y: Concurrent Relocate 74.577ms
[248.156s][info][gc,alloc    ] GC(33) y:                         Mark Start        Mark End      Relocate Start    Relocate End   
[248.156s][info][gc,alloc    ] GC(33) y: Allocation Stalls:          0                0                0                0         
[248.156s][info][gc,load     ] GC(33) y: Load: 0.00 (0%) / 0.00 (0%) / 0.00 (0%)
[248.156s][info][gc,mmu      ] GC(33) y: MMU: 2ms/76.4%, 5ms/90.6%, 10ms/95.3%, 20ms/97.6%, 50ms/99.1%, 100ms/99.5%
[248.156s][info][gc,marking  ] GC(33) y: Mark: 1 stripe(s), 2 proactive flush(es), 1 terminate flush(es), 0 completion(s), 0 continuation(s) 
[248.156s][info][gc,marking  ] GC(33) y: Mark Stack Usage: 32M
[248.156s][info][gc,nmethod  ] GC(33) y: NMethods: 12750 registered, 9041 unregistered
[248.156s][info][gc,metaspace] GC(33) y: Metaspace: 130M used, 131M committed, 1152M reserved
[248.156s][info][gc,reloc    ] GC(33) y:                        Candidates     Selected     In-Place         Size        Empty    Relocated 
[248.156s][info][gc,reloc    ] GC(33) y: Small Pages:                 3541         2089            0        7082M        2792M          80M 
[248.156s][info][gc,reloc    ] GC(33) y: Medium Pages:                   0            0            0           0M           0M           0M 
[248.156s][info][gc,reloc    ] GC(33) y: Large Pages:                    0            0            0           0M           0M           0M 
[248.156s][info][gc,reloc    ] GC(33) y: Forwarding Usage: 29M
[248.156s][info][gc,reloc    ] GC(33) y: Age Table:
[248.156s][info][gc,reloc    ] GC(33) y:                    Live             Garbage             Small              Medium             Large        
[248.156s][info][gc,reloc    ] GC(33) y: Eden              89M (1%)         6882M (84%)       3486 / 2037           0 / 0              0 / 0        
[248.156s][info][gc,reloc    ] GC(33) y: Survivor 1         6M (0%)           73M (1%)          40 / 38             0 / 0              0 / 0        
[248.156s][info][gc,reloc    ] GC(33) y: Survivor 2         0M (0%)           15M (0%)           8 / 7              0 / 0              0 / 0        
[248.156s][info][gc,reloc    ] GC(33) y: Survivor 3         1M (0%)           12M (0%)           7 / 7              0 / 0              0 / 0        
[248.156s][info][gc,heap     ] GC(33) y: Min Capacity: 8192M(100%)
[248.156s][info][gc,heap     ] GC(33) y: Max Capacity: 8192M(100%)
[248.156s][info][gc,heap     ] GC(33) y: Soft Max Capacity: 8192M(100%)
[248.156s][info][gc,heap     ] GC(33) y: Heap Statistics:
[248.156s][info][gc,heap     ] GC(33) y:                Mark Start          Mark End        Relocate Start      Relocate End           High               Low         
[248.156s][info][gc,heap     ] GC(33) y:  Capacity:     8192M (100%)       8192M (100%)       8192M (100%)       8192M (100%)       8192M (100%)       8192M (100%)   
[248.156s][info][gc,heap     ] GC(33) y:      Free:      572M (7%)          380M (5%)         3166M (39%)        7286M (89%)        7286M (89%)         380M (5%)     
[248.156s][info][gc,heap     ] GC(33) y:      Used:     7620M (93%)        7812M (95%)        5026M (61%)         906M (11%)        7812M (95%)         906M (11%)    
[248.156s][info][gc,heap     ] GC(33) y: Young Generation Statistics:
[248.156s][info][gc,heap     ] GC(33) y:                Mark Start          Mark End        Relocate Start      Relocate End    
[248.156s][info][gc,heap     ] GC(33) y:      Used:     7082M (86%)        7274M (89%)        4488M (55%)         368M (4%)     
[248.156s][info][gc,heap     ] GC(33) y:      Live:         -                97M (1%)           97M (1%)           97M (1%)     
[248.156s][info][gc,heap     ] GC(33) y:   Garbage:         -              6984M (85%)        4192M (51%)           0M (0%)     
[248.156s][info][gc,heap     ] GC(33) y: Allocated:         -               192M (2%)          198M (2%)          269M (3%)     
[248.156s][info][gc,heap     ] GC(33) y: Reclaimed:         -                  -              2792M (34%)        6983M (85%)    
[248.156s][info][gc,heap     ] GC(33) y:  Promoted:         -                  -                 0M (0%)            0M (0%)     
[248.156s][info][gc,heap     ] GC(33) y: Compacted:         -                  -                  -                94M (1%)     
[248.156s][info][gc,phases   ] GC(33) y: Young Generation 7620M(93%)->906M(11%) 0.235s
[248.156s][info][gc          ] GC(33) Minor Collection (Allocation Rate) 7620M(93%)->906M(11%) 0.235s
[254.903s][info][gc          ] GC(34) Minor Collection (Allocation Rate)
[254.903s][info][gc,task     ] GC(34) Using 1 Workers for Young Generation
[254.903s][info][gc,phases   ] GC(34) y: Young Generation
[254.903s][info][gc,phases   ] GC(34) y: Pause Mark Start 0.013ms
[255.021s][info][gc,phases   ] GC(34) y: Concurrent Mark 117.761ms
[255.021s][info][gc,phases   ] GC(34) y: Pause Mark End 0.009ms
[255.021s][info][gc,phases   ] GC(34) y: Concurrent Mark Free 0.000ms
[255.021s][info][gc,phases   ] GC(34) y: Concurrent Reset Relocation Set 0.170ms
[255.023s][info][gc,reloc    ] GC(34) y: Using tenuring threshold: 5 (Computed)
[255.025s][info][gc,phases   ] GC(34) y: Concurrent Select Relocation Set 4.405ms
[255.025s][info][gc,phases   ] GC(34) y: Pause Relocate Start 0.010ms
[255.092s][info][gc,phases   ] GC(34) y: Concurrent Relocate 66.885ms
[255.092s][info][gc,alloc    ] GC(34) y:                         Mark Start        Mark End      Relocate Start    Relocate End   
[255.092s][info][gc,alloc    ] GC(34) y: Allocation Stalls:          0                0                0                0         
[255.092s][info][gc,load     ] GC(34) y: Load: 0.00 (0%) / 0.00 (0%) / 0.00 (0%)
[255.092s][info][gc,mmu      ] GC(34) y: MMU: 2ms/76.4%, 5ms/90.6%, 10ms/95.3%, 20ms/97.6%, 50ms/99.1%, 100ms/99.5%
[255.092s][info][gc,marking  ] GC(34) y: Mark: 1 stripe(s), 2 proactive flush(es), 1 terminate flush(es), 0 completion(s), 0 continuation(s) 
[255.092s][info][gc,marking  ] GC(34) y: Mark Stack Usage: 32M
[255.092s][info][gc,nmethod  ] GC(34) y: NMethods: 12792 registered, 9041 unregistered
[255.092s][info][gc,metaspace] GC(34) y: Metaspace: 130M used, 131M committed, 1152M reserved
[255.092s][info][gc,reloc    ] GC(34) y:                        Candidates     Selected     In-Place         Size        Empty    Relocated 
[255.092s][info][gc,reloc    ] GC(34) y: Small Pages:                 3440         1469            0        6880M        3850M          69M 
[255.092s][info][gc,reloc    ] GC(34) y: Medium Pages:                   0            0            0           0M           0M           0M 
[255.092s][info][gc,reloc    ] GC(34) y: Large Pages:                    0            0            0           0M           0M           0M 
[255.092s][info][gc,reloc    ] GC(34) y: Forwarding Usage: 26M
[255.093s][info][gc,reloc    ] GC(34) y: Age Table:
[255.093s][info][gc,reloc    ] GC(34) y:                    Live             Garbage             Small              Medium             Large        
[255.093s][info][gc,reloc    ] GC(34) y: Eden              76M (1%)         6667M (81%)       3372 / 1407           0 / 0              0 / 0        
[255.093s][info][gc,reloc    ] GC(34) y: Survivor 1         2M (0%)           97M (1%)          50 / 45             0 / 0              0 / 0        
[255.093s][info][gc,reloc    ] GC(34) y: Survivor 2         0M (0%)           17M (0%)           9 / 9              0 / 0              0 / 0        
[255.093s][info][gc,reloc    ] GC(34) y: Survivor 3         0M (0%)            9M (0%)           5 / 5              0 / 0              0 / 0        
[255.093s][info][gc,reloc    ] GC(34) y: Survivor 4         1M (0%)            6M (0%)           4 / 3              0 / 0              0 / 0        
[255.093s][info][gc,heap     ] GC(34) y: Min Capacity: 8192M(100%)
[255.093s][info][gc,heap     ] GC(34) y: Max Capacity: 8192M(100%)
[255.093s][info][gc,heap     ] GC(34) y: Soft Max Capacity: 8192M(100%)
[255.093s][info][gc,heap     ] GC(34) y: Heap Statistics:
[255.093s][info][gc,heap     ] GC(34) y:                Mark Start          Mark End        Relocate Start      Relocate End           High               Low         
[255.093s][info][gc,heap     ] GC(34) y:  Capacity:     8192M (100%)       8192M (100%)       8192M (100%)       8192M (100%)       8192M (100%)       8192M (100%)   
[255.093s][info][gc,heap     ] GC(34) y:      Free:      774M (9%)          672M (8%)         4520M (55%)        7378M (90%)        7378M (90%)         672M (8%)     
[255.093s][info][gc,heap     ] GC(34) y:      Used:     7418M (91%)        7520M (92%)        3672M (45%)         814M (10%)        7520M (92%)         814M (10%)    
[255.093s][info][gc,heap     ] GC(34) y: Young Generation Statistics:
[255.093s][info][gc,heap     ] GC(34) y:                Mark Start          Mark End        Relocate Start      Relocate End    
[255.093s][info][gc,heap     ] GC(34) y:      Used:     6880M (84%)        6982M (85%)        3134M (38%)         276M (3%)     
[255.093s][info][gc,heap     ] GC(34) y:      Live:         -                80M (1%)           80M (1%)           80M (1%)     
[255.093s][info][gc,heap     ] GC(34) y:   Garbage:         -              6799M (83%)        2949M (36%)           0M (0%)     
[255.093s][info][gc,heap     ] GC(34) y: Allocated:         -               102M (1%)          104M (1%)          195M (2%)     
[255.093s][info][gc,heap     ] GC(34) y: Reclaimed:         -                  -              3850M (47%)        6799M (83%)    
[255.093s][info][gc,heap     ] GC(34) y:  Promoted:         -                  -                 0M (0%)            0M (0%)     
[255.093s][info][gc,heap     ] GC(34) y: Compacted:         -                  -                  -                80M (1%)     
[255.093s][info][gc,phases   ] GC(34) y: Young Generation 7418M(91%)->814M(10%) 0.190s
[255.093s][info][gc          ] GC(34) Minor Collection (Allocation Rate) 7418M(91%)->816M(10%) 0.190s
[264.554s][info][gc          ] GC(35) Minor Collection (Allocation Rate)
[264.554s][info][gc,task     ] GC(35) Using 1 Workers for Young Generation
[264.554s][info][gc,phases   ] GC(35) y: Young Generation
[264.554s][info][gc,phases   ] GC(35) y: Pause Mark Start 0.012ms
[264.711s][info][gc,phases   ] GC(35) y: Concurrent Mark 156.355ms
[264.711s][info][gc,phases   ] GC(35) y: Pause Mark End 0.009ms
[264.711s][info][gc,phases   ] GC(35) y: Concurrent Mark Free 0.000ms
[264.711s][info][gc,phases   ] GC(35) y: Concurrent Reset Relocation Set 0.123ms
[264.713s][info][gc,reloc    ] GC(35) y: Using tenuring threshold: 2 (Computed)
[264.729s][info][gc,phases   ] GC(35) y: Concurrent Select Relocation Set 18.057ms
[264.729s][info][gc,phases   ] GC(35) y: Pause Relocate Start 0.008ms
[264.835s][info][gc,phases   ] GC(35) y: Concurrent Relocate 106.154ms
[264.835s][info][gc,alloc    ] GC(35) y:                         Mark Start        Mark End      Relocate Start    Relocate End   
[264.835s][info][gc,alloc    ] GC(35) y: Allocation Stalls:          0                0                0                0         
[264.835s][info][gc,load     ] GC(35) y: Load: 0.00 (0%) / 0.00 (0%) / 0.00 (0%)
[264.835s][info][gc,mmu      ] GC(35) y: MMU: 2ms/76.4%, 5ms/90.6%, 10ms/95.3%, 20ms/97.6%, 50ms/99.1%, 100ms/99.5%
[264.835s][info][gc,marking  ] GC(35) y: Mark: 1 stripe(s), 2 proactive flush(es), 1 terminate flush(es), 0 completion(s), 0 continuation(s) 
[264.835s][info][gc,marking  ] GC(35) y: Mark Stack Usage: 32M
[264.835s][info][gc,nmethod  ] GC(35) y: NMethods: 12837 registered, 9041 unregistered
[264.835s][info][gc,metaspace] GC(35) y: Metaspace: 130M used, 131M committed, 1152M reserved
[264.835s][info][gc,reloc    ] GC(35) y:                        Candidates     Selected     In-Place         Size        Empty    Relocated 
[264.835s][info][gc,reloc    ] GC(35) y: Small Pages:                 3551         2317            0        7102M        2336M          96M 
[264.835s][info][gc,reloc    ] GC(35) y: Medium Pages:                   0            0            0           0M           0M           0M 
[264.835s][info][gc,reloc    ] GC(35) y: Large Pages:                    0            0            0           0M           0M           0M 
[264.835s][info][gc,reloc    ] GC(35) y: Forwarding Usage: 34M
[264.836s][info][gc,reloc    ] GC(35) y: Age Table:
[264.836s][info][gc,reloc    ] GC(35) y:                    Live             Garbage             Small              Medium             Large        
[264.836s][info][gc,reloc    ] GC(35) y: Eden             105M (1%)         6872M (84%)       3489 / 2262           0 / 0              0 / 0        
[264.836s][info][gc,reloc    ] GC(35) y: Survivor 1         7M (0%)           78M (1%)          43 / 42             0 / 0              0 / 0        
[264.836s][info][gc,reloc    ] GC(35) y: Survivor 2         0M (0%)           11M (0%)           6 / 4              0 / 0              0 / 0        
[264.836s][info][gc,reloc    ] GC(35) y: Survivor 3         0M (0%)            7M (0%)           4 / 3              0 / 0              0 / 0        
[264.836s][info][gc,reloc    ] GC(35) y: Survivor 4         0M (0%)           11M (0%)           6 / 3              0 / 0              0 / 0        
[264.836s][info][gc,reloc    ] GC(35) y: Survivor 5         1M (0%)            4M (0%)           3 / 3              0 / 0              0 / 0        
[264.836s][info][gc,heap     ] GC(35) y: Min Capacity: 8192M(100%)
[264.836s][info][gc,heap     ] GC(35) y: Max Capacity: 8192M(100%)
[264.836s][info][gc,heap     ] GC(35) y: Soft Max Capacity: 8192M(100%)
[264.836s][info][gc,heap     ] GC(35) y: Heap Statistics:
[264.836s][info][gc,heap     ] GC(35) y:                Mark Start          Mark End        Relocate Start      Relocate End           High               Low         
[264.836s][info][gc,heap     ] GC(35) y:  Capacity:     8192M (100%)       8192M (100%)       8192M (100%)       8192M (100%)       8192M (100%)       8192M (100%)   
[264.836s][info][gc,heap     ] GC(35) y:      Free:      552M (7%)          396M (5%)         2716M (33%)        7222M (88%)        7226M (88%)         396M (5%)     
[264.836s][info][gc,heap     ] GC(35) y:      Used:     7640M (93%)        7796M (95%)        5476M (67%)         970M (12%)        7796M (95%)         966M (12%)    
[264.836s][info][gc,heap     ] GC(35) y: Young Generation Statistics:
[264.836s][info][gc,heap     ] GC(35) y:                Mark Start          Mark End        Relocate Start      Relocate End    
[264.836s][info][gc,heap     ] GC(35) y:      Used:     7102M (87%)        7258M (89%)        4938M (60%)         428M (5%)     
[264.836s][info][gc,heap     ] GC(35) y:      Live:         -               114M (1%)          114M (1%)          112M (1%)     
[264.836s][info][gc,heap     ] GC(35) y:   Garbage:         -              6987M (85%)        4651M (57%)           1M (0%)     
[264.836s][info][gc,heap     ] GC(35) y: Allocated:         -               156M (2%)          172M (2%)          314M (4%)     
[264.836s][info][gc,heap     ] GC(35) y: Reclaimed:         -                  -              2336M (29%)        6986M (85%)    
[264.836s][info][gc,heap     ] GC(35) y:  Promoted:         -                  -                 0M (0%)            1M (0%)     
[264.836s][info][gc,heap     ] GC(35) y: Compacted:         -                  -                  -               109M (1%)     
[264.836s][info][gc,phases   ] GC(35) y: Young Generation 7640M(93%)->970M(12%) 0.281s
[264.836s][info][gc          ] GC(35) Minor Collection (Allocation Rate) 7640M(93%)->972M(12%) 0.282s
[272.068s][info][gc          ] GC(36) Minor Collection (Allocation Rate)
[272.068s][info][gc,task     ] GC(36) Using 1 Workers for Young Generation
[272.068s][info][gc,phases   ] GC(36) y: Young Generation
[272.068s][info][gc,phases   ] GC(36) y: Pause Mark Start 0.013ms
[272.238s][info][gc,phases   ] GC(36) y: Concurrent Mark 170.217ms
[272.238s][info][gc,phases   ] GC(36) y: Pause Mark End 0.009ms
[272.239s][info][gc,phases   ] GC(36) y: Concurrent Mark Free 0.000ms
[272.239s][info][gc,phases   ] GC(36) y: Concurrent Reset Relocation Set 0.274ms
[272.242s][info][gc,reloc    ] GC(36) y: Using tenuring threshold: 3 (Computed)
[272.258s][info][gc,phases   ] GC(36) y: Concurrent Select Relocation Set 19.426ms
[272.258s][info][gc,phases   ] GC(36) y: Pause Relocate Start 0.009ms
[272.356s][info][gc,phases   ] GC(36) y: Concurrent Relocate 97.452ms
[272.356s][info][gc,alloc    ] GC(36) y:                         Mark Start        Mark End      Relocate Start    Relocate End   
[272.356s][info][gc,alloc    ] GC(36) y: Allocation Stalls:          0                0                0                0         
[272.356s][info][gc,load     ] GC(36) y: Load: 0.00 (0%) / 0.00 (0%) / 0.00 (0%)
[272.356s][info][gc,mmu      ] GC(36) y: MMU: 2ms/76.4%, 5ms/90.6%, 10ms/95.3%, 20ms/97.6%, 50ms/99.1%, 100ms/99.5%
[272.356s][info][gc,marking  ] GC(36) y: Mark: 1 stripe(s), 2 proactive flush(es), 1 terminate flush(es), 0 completion(s), 0 continuation(s) 
[272.356s][info][gc,marking  ] GC(36) y: Mark Stack Usage: 32M
[272.356s][info][gc,nmethod  ] GC(36) y: NMethods: 12875 registered, 9041 unregistered
[272.356s][info][gc,metaspace] GC(36) y: Metaspace: 130M used, 131M committed, 1152M reserved
[272.356s][info][gc,reloc    ] GC(36) y:                        Candidates     Selected     In-Place         Size        Empty    Relocated 
[272.356s][info][gc,reloc    ] GC(36) y: Small Pages:                 3425         2017            0        6850M        2678M         100M 
[272.356s][info][gc,reloc    ] GC(36) y: Medium Pages:                   0            0            0           0M           0M           0M 
[272.356s][info][gc,reloc    ] GC(36) y: Large Pages:                    0            0            0           0M           0M           0M 
[272.356s][info][gc,reloc    ] GC(36) y: Forwarding Usage: 36M
[272.356s][info][gc,reloc    ] GC(36) y: Age Table:
[272.356s][info][gc,reloc    ] GC(36) y:                    Live             Garbage             Small              Medium             Large        
[272.356s][info][gc,reloc    ] GC(36) y: Eden             106M (1%)         6609M (81%)       3358 / 1958           0 / 0              0 / 0        
[272.356s][info][gc,reloc    ] GC(36) y: Survivor 1        10M (0%)          105M (1%)          58 / 52             0 / 0              0 / 0        
[272.356s][info][gc,reloc    ] GC(36) y: Survivor 2         1M (0%)           16M (0%)           9 / 7              0 / 0              0 / 0        
[272.356s][info][gc,heap     ] GC(36) y: Min Capacity: 8192M(100%)
[272.356s][info][gc,heap     ] GC(36) y: Max Capacity: 8192M(100%)
[272.356s][info][gc,heap     ] GC(36) y: Soft Max Capacity: 8192M(100%)
[272.356s][info][gc,heap     ] GC(36) y: Heap Statistics:
[272.356s][info][gc,heap     ] GC(36) y:                Mark Start          Mark End        Relocate Start      Relocate End           High               Low         
[272.356s][info][gc,heap     ] GC(36) y:  Capacity:     8192M (100%)       8192M (100%)       8192M (100%)       8192M (100%)       8192M (100%)       8192M (100%)   
[272.356s][info][gc,heap     ] GC(36) y:      Free:      800M (10%)         580M (7%)         3244M (40%)        7180M (88%)        7182M (88%)         580M (7%)     
[272.356s][info][gc,heap     ] GC(36) y:      Used:     7392M (90%)        7612M (93%)        4948M (60%)        1012M (12%)        7612M (93%)        1010M (12%)    
[272.356s][info][gc,heap     ] GC(36) y: Young Generation Statistics:
[272.356s][info][gc,heap     ] GC(36) y:                Mark Start          Mark End        Relocate Start      Relocate End    
[272.356s][info][gc,heap     ] GC(36) y:      Used:     6850M (84%)        7070M (86%)        4406M (54%)         470M (6%)     
[272.356s][info][gc,heap     ] GC(36) y:      Live:         -               119M (1%)          119M (1%)          119M (1%)     
[272.356s][info][gc,heap     ] GC(36) y:   Garbage:         -              6730M (82%)        4052M (49%)           1M (0%)     
[272.356s][info][gc,heap     ] GC(36) y: Allocated:         -               220M (3%)          234M (3%)          349M (4%)     
[272.356s][info][gc,heap     ] GC(36) y: Reclaimed:         -                  -              2678M (33%)        6729M (82%)    
[272.356s][info][gc,heap     ] GC(36) y:  Promoted:         -                  -                 0M (0%)            0M (0%)     
[272.356s][info][gc,heap     ] GC(36) y: Compacted:         -                  -                  -               116M (1%)     
[272.356s][info][gc,phases   ] GC(36) y: Young Generation 7392M(90%)->1012M(12%) 0.288s
[272.356s][info][gc          ] GC(36) Minor Collection (Allocation Rate) 7392M(90%)->1012M(12%) 0.288s
[281.324s][info][gc          ] GC(37) Minor Collection (Allocation Rate)
[281.324s][info][gc,task     ] GC(37) Using 1 Workers for Young Generation
[281.324s][info][gc,phases   ] GC(37) y: Young Generation
[281.324s][info][gc,phases   ] GC(37) y: Pause Mark Start 0.015ms
[281.451s][info][gc,phases   ] GC(37) y: Concurrent Mark 126.615ms
[281.451s][info][gc,phases   ] GC(37) y: Pause Mark End 0.009ms
[281.451s][info][gc,phases   ] GC(37) y: Concurrent Mark Free 0.000ms
[281.451s][info][gc,phases   ] GC(37) y: Concurrent Reset Relocation Set 0.203ms
[281.454s][info][gc,reloc    ] GC(37) y: Using tenuring threshold: 4 (Computed)
[281.457s][info][gc,phases   ] GC(37) y: Concurrent Select Relocation Set 5.341ms
[281.457s][info][gc,phases   ] GC(37) y: Pause Relocate Start 0.009ms
[281.534s][info][gc,phases   ] GC(37) y: Concurrent Relocate 77.118ms
[281.534s][info][gc,alloc    ] GC(37) y:                         Mark Start        Mark End      Relocate Start    Relocate End   
[281.534s][info][gc,alloc    ] GC(37) y: Allocation Stalls:          0                0                0                0         
[281.534s][info][gc,load     ] GC(37) y: Load: 0.00 (0%) / 0.00 (0%) / 0.00 (0%)
[281.534s][info][gc,mmu      ] GC(37) y: MMU: 2ms/76.4%, 5ms/90.6%, 10ms/95.3%, 20ms/97.6%, 50ms/99.1%, 100ms/99.5%
[281.534s][info][gc,marking  ] GC(37) y: Mark: 1 stripe(s), 2 proactive flush(es), 1 terminate flush(es), 0 completion(s), 0 continuation(s) 
[281.534s][info][gc,marking  ] GC(37) y: Mark Stack Usage: 32M
[281.534s][info][gc,nmethod  ] GC(37) y: NMethods: 12926 registered, 9041 unregistered
[281.534s][info][gc,metaspace] GC(37) y: Metaspace: 130M used, 131M committed, 1152M reserved
[281.534s][info][gc,reloc    ] GC(37) y:                        Candidates     Selected     In-Place         Size        Empty    Relocated 
[281.534s][info][gc,reloc    ] GC(37) y: Small Pages:                 3387         1948            0        6774M        2774M          79M 
[281.534s][info][gc,reloc    ] GC(37) y: Medium Pages:                   0            0            0           0M           0M           0M 
[281.534s][info][gc,reloc    ] GC(37) y: Large Pages:                    0            0            0           0M           0M           0M 
[281.534s][info][gc,reloc    ] GC(37) y: Forwarding Usage: 27M
[281.534s][info][gc,reloc    ] GC(37) y: Age Table:
[281.534s][info][gc,reloc    ] GC(37) y:                    Live             Garbage             Small              Medium             Large        
[281.534s][info][gc,reloc    ] GC(37) y: Eden              89M (1%)         6536M (80%)       3313 / 1886           0 / 0              0 / 0        
[281.534s][info][gc,reloc    ] GC(37) y: Survivor 1         1M (0%)          114M (1%)          58 / 50             0 / 0              0 / 0        
[281.534s][info][gc,reloc    ] GC(37) y: Survivor 2         0M (0%)           19M (0%)          10 / 8              0 / 0              0 / 0        
[281.534s][info][gc,reloc    ] GC(37) y: Survivor 3         0M (0%)           11M (0%)           6 / 4              0 / 0              0 / 0        
[281.534s][info][gc,heap     ] GC(37) y: Min Capacity: 8192M(100%)
[281.534s][info][gc,heap     ] GC(37) y: Max Capacity: 8192M(100%)
[281.534s][info][gc,heap     ] GC(37) y: Soft Max Capacity: 8192M(100%)
[281.534s][info][gc,heap     ] GC(37) y: Heap Statistics:
[281.534s][info][gc,heap     ] GC(37) y:                Mark Start          Mark End        Relocate Start      Relocate End           High               Low         
[281.534s][info][gc,heap     ] GC(37) y:  Capacity:     8192M (100%)       8192M (100%)       8192M (100%)       8192M (100%)       8192M (100%)       8192M (100%)   
[281.534s][info][gc,heap     ] GC(37) y:      Free:      876M (11%)         756M (9%)         3526M (43%)        7314M (89%)        7316M (89%)         756M (9%)     
[281.534s][info][gc,heap     ] GC(37) y:      Used:     7316M (89%)        7436M (91%)        4666M (57%)         878M (11%)        7436M (91%)         876M (11%)    
[281.534s][info][gc,heap     ] GC(37) y: Young Generation Statistics:
[281.534s][info][gc,heap     ] GC(37) y:                Mark Start          Mark End        Relocate Start      Relocate End    
[281.534s][info][gc,heap     ] GC(37) y:      Used:     6774M (83%)        6894M (84%)        4124M (50%)         336M (4%)     
[281.534s][info][gc,heap     ] GC(37) y:      Live:         -                90M (1%)           90M (1%)           90M (1%)     
[281.534s][info][gc,heap     ] GC(37) y:   Garbage:         -              6683M (82%)        3909M (48%)           0M (0%)     
[281.534s][info][gc,heap     ] GC(37) y: Allocated:         -               120M (1%)          124M (2%)          244M (3%)     
[281.534s][info][gc,heap     ] GC(37) y: Reclaimed:         -                  -              2774M (34%)        6682M (82%)    
[281.534s][info][gc,heap     ] GC(37) y:  Promoted:         -                  -                 0M (0%)            0M (0%)     
[281.534s][info][gc,heap     ] GC(37) y: Compacted:         -                  -                  -                89M (1%)     
[281.534s][info][gc,phases   ] GC(37) y: Young Generation 7316M(89%)->878M(11%) 0.210s
[281.534s][info][gc          ] GC(37) Minor Collection (Allocation Rate) 7316M(89%)->878M(11%) 0.210s
[287.721s][info][gc          ] GC(38) Minor Collection (Allocation Rate)
[287.721s][info][gc,task     ] GC(38) Using 1 Workers for Young Generation
[287.721s][info][gc,phases   ] GC(38) y: Young Generation
[287.721s][info][gc,phases   ] GC(38) y: Pause Mark Start 0.013ms
[287.891s][info][gc,phases   ] GC(38) y: Concurrent Mark 169.518ms
[287.891s][info][gc,phases   ] GC(38) y: Pause Mark End 0.009ms
[287.891s][info][gc,phases   ] GC(38) y: Concurrent Mark Free 0.000ms
[287.891s][info][gc,phases   ] GC(38) y: Concurrent Reset Relocation Set 0.153ms
[287.893s][info][gc,reloc    ] GC(38) y: Using tenuring threshold: 5 (Computed)
[287.908s][info][gc,phases   ] GC(38) y: Concurrent Select Relocation Set 16.595ms
[287.908s][info][gc,phases   ] GC(38) y: Pause Relocate Start 0.010ms
[288.005s][info][gc,phases   ] GC(38) y: Concurrent Relocate 96.694ms
[288.005s][info][gc,alloc    ] GC(38) y:                         Mark Start        Mark End      Relocate Start    Relocate End   
[288.005s][info][gc,alloc    ] GC(38) y: Allocation Stalls:          0                0                0                0         
[288.005s][info][gc,load     ] GC(38) y: Load: 0.00 (0%) / 0.00 (0%) / 0.00 (0%)
[288.005s][info][gc,mmu      ] GC(38) y: MMU: 2ms/76.4%, 5ms/90.6%, 10ms/95.3%, 20ms/97.6%, 50ms/99.1%, 100ms/99.5%
[288.005s][info][gc,marking  ] GC(38) y: Mark: 1 stripe(s), 2 proactive flush(es), 1 terminate flush(es), 0 completion(s), 0 continuation(s) 
[288.005s][info][gc,marking  ] GC(38) y: Mark Stack Usage: 32M
[288.005s][info][gc,nmethod  ] GC(38) y: NMethods: 12962 registered, 9041 unregistered
[288.005s][info][gc,metaspace] GC(38) y: Metaspace: 130M used, 131M committed, 1152M reserved
[288.005s][info][gc,reloc    ] GC(38) y:                        Candidates     Selected     In-Place         Size        Empty    Relocated 
[288.005s][info][gc,reloc    ] GC(38) y: Small Pages:                 3283         1873            0        6566M        2680M         103M 
[288.005s][info][gc,reloc    ] GC(38) y: Medium Pages:                   0            0            0           0M           0M           0M 
[288.005s][info][gc,reloc    ] GC(38) y: Large Pages:                    0            0            0           0M           0M           0M 
[288.005s][info][gc,reloc    ] GC(38) y: Forwarding Usage: 37M
[288.005s][info][gc,reloc    ] GC(38) y: Age Table:
[288.005s][info][gc,reloc    ] GC(38) y:                    Live             Garbage             Small              Medium             Large        
[288.005s][info][gc,reloc    ] GC(38) y: Eden             106M (1%)         6345M (77%)       3226 / 1825           0 / 0              0 / 0        
[288.005s][info][gc,reloc    ] GC(38) y: Survivor 1        14M (0%)           83M (1%)          49 / 42             0 / 0              0 / 0        
[288.005s][info][gc,reloc    ] GC(38) y: Survivor 2         0M (0%)            7M (0%)           4 / 4              0 / 0              0 / 0        
[288.005s][info][gc,reloc    ] GC(38) y: Survivor 3         0M (0%)            3M (0%)           2 / 0              0 / 0              0 / 0        
[288.005s][info][gc,reloc    ] GC(38) y: Survivor 4         0M (0%)            3M (0%)           2 / 2              0 / 0              0 / 0        
[288.005s][info][gc,heap     ] GC(38) y: Min Capacity: 8192M(100%)
[288.005s][info][gc,heap     ] GC(38) y: Max Capacity: 8192M(100%)
[288.005s][info][gc,heap     ] GC(38) y: Soft Max Capacity: 8192M(100%)
[288.005s][info][gc,heap     ] GC(38) y: Heap Statistics:
[288.005s][info][gc,heap     ] GC(38) y:                Mark Start          Mark End        Relocate Start      Relocate End           High               Low         
[288.005s][info][gc,heap     ] GC(38) y:  Capacity:     8192M (100%)       8192M (100%)       8192M (100%)       8192M (100%)       8192M (100%)       8192M (100%)   
[288.005s][info][gc,heap     ] GC(38) y:      Free:     1084M (13%)         914M (11%)        3586M (44%)        7236M (88%)        7238M (88%)         914M (11%)    
[288.005s][info][gc,heap     ] GC(38) y:      Used:     7108M (87%)        7278M (89%)        4606M (56%)         956M (12%)        7278M (89%)         954M (12%)    
[288.005s][info][gc,heap     ] GC(38) y: Young Generation Statistics:
[288.005s][info][gc,heap     ] GC(38) y:                Mark Start          Mark End        Relocate Start      Relocate End    
[288.005s][info][gc,heap     ] GC(38) y:      Used:     6566M (80%)        6736M (82%)        4064M (50%)         414M (5%)     
[288.005s][info][gc,heap     ] GC(38) y:      Live:         -               121M (1%)          121M (1%)          121M (1%)     
[288.005s][info][gc,heap     ] GC(38) y:   Garbage:         -              6444M (79%)        3764M (46%)           0M (0%)     
[288.005s][info][gc,heap     ] GC(38) y: Allocated:         -               170M (2%)          178M (2%)          291M (4%)     
[288.005s][info][gc,heap     ] GC(38) y: Reclaimed:         -                  -              2680M (33%)        6443M (79%)    
[288.005s][info][gc,heap     ] GC(38) y:  Promoted:         -                  -                 0M (0%)            0M (0%)     
[288.005s][info][gc,heap     ] GC(38) y: Compacted:         -                  -                  -               120M (1%)     
[288.005s][info][gc,phases   ] GC(38) y: Young Generation 7108M(87%)->956M(12%) 0.283s
[288.005s][info][gc          ] GC(38) Minor Collection (Allocation Rate) 7108M(87%)->956M(12%) 0.284s
[295.529s][info][gc          ] GC(39) Minor Collection (Allocation Rate)
[295.529s][info][gc,task     ] GC(39) Using 1 Workers for Young Generation
[295.529s][info][gc,phases   ] GC(39) y: Young Generation
[295.529s][info][gc,phases   ] GC(39) y: Pause Mark Start 0.013ms
[295.679s][info][gc,phases   ] GC(39) y: Concurrent Mark 150.290ms
[295.680s][info][gc,phases   ] GC(39) y: Pause Mark End 0.009ms
[295.680s][info][gc,phases   ] GC(39) y: Concurrent Mark Free 0.000ms
[295.680s][info][gc,phases   ] GC(39) y: Concurrent Reset Relocation Set 0.287ms
[295.683s][info][gc,reloc    ] GC(39) y: Using tenuring threshold: 6 (Computed)
[295.688s][info][gc,phases   ] GC(39) y: Concurrent Select Relocation Set 7.723ms
[295.688s][info][gc,phases   ] GC(39) y: Pause Relocate Start 0.009ms
[295.763s][info][gc,phases   ] GC(39) y: Concurrent Relocate 75.344ms
[295.763s][info][gc,alloc    ] GC(39) y:                         Mark Start        Mark End      Relocate Start    Relocate End   
[295.763s][info][gc,alloc    ] GC(39) y: Allocation Stalls:          0                0                0                0         
[295.763s][info][gc,load     ] GC(39) y: Load: 0.00 (0%) / 0.00 (0%) / 0.00 (0%)
[295.763s][info][gc,mmu      ] GC(39) y: MMU: 2ms/76.4%, 5ms/90.6%, 10ms/95.3%, 20ms/97.6%, 50ms/99.1%, 100ms/99.5%
[295.763s][info][gc,marking  ] GC(39) y: Mark: 1 stripe(s), 2 proactive flush(es), 1 terminate flush(es), 0 completion(s), 0 continuation(s) 
[295.763s][info][gc,marking  ] GC(39) y: Mark Stack Usage: 32M
[295.763s][info][gc,nmethod  ] GC(39) y: NMethods: 12988 registered, 9041 unregistered
[295.763s][info][gc,metaspace] GC(39) y: Metaspace: 130M used, 131M committed, 1152M reserved
[295.763s][info][gc,reloc    ] GC(39) y:                        Candidates     Selected     In-Place         Size        Empty    Relocated 
[295.763s][info][gc,reloc    ] GC(39) y: Small Pages:                 3408         1964            0        6816M        2764M          85M 
[295.763s][info][gc,reloc    ] GC(39) y: Medium Pages:                   0            0            0           0M           0M           0M 
[295.763s][info][gc,reloc    ] GC(39) y: Large Pages:                    0            0            0           0M           0M           0M 
[295.763s][info][gc,reloc    ] GC(39) y: Forwarding Usage: 32M
[295.763s][info][gc,reloc    ] GC(39) y: Age Table:
[295.763s][info][gc,reloc    ] GC(39) y:                    Live             Garbage             Small              Medium             Large        
[295.763s][info][gc,reloc    ] GC(39) y: Eden              96M (1%)         6565M (80%)       3331 / 1899           0 / 0              0 / 0        
[295.763s][info][gc,reloc    ] GC(39) y: Survivor 1         8M (0%)          105M (1%)          57 / 50             0 / 0              0 / 0        
[295.763s][info][gc,reloc    ] GC(39) y: Survivor 2         2M (0%)           23M (0%)          13 / 9              0 / 0              0 / 0        
[295.763s][info][gc,reloc    ] GC(39) y: Survivor 3         0M (0%)            7M (0%)           4 / 4              0 / 0              0 / 0        
[295.763s][info][gc,reloc    ] GC(39) y: Survivor 4         0M (0%)            1M (0%)           1 / 0              0 / 0              0 / 0        
[295.763s][info][gc,reloc    ] GC(39) y: Survivor 5         0M (0%)            3M (0%)           2 / 2              0 / 0              0 / 0        
[295.763s][info][gc,heap     ] GC(39) y: Min Capacity: 8192M(100%)
[295.763s][info][gc,heap     ] GC(39) y: Max Capacity: 8192M(100%)
[295.763s][info][gc,heap     ] GC(39) y: Soft Max Capacity: 8192M(100%)
[295.763s][info][gc,heap     ] GC(39) y: Heap Statistics:
[295.764s][info][gc,heap     ] GC(39) y:                Mark Start          Mark End        Relocate Start      Relocate End           High               Low         
[295.764s][info][gc,heap     ] GC(39) y:  Capacity:     8192M (100%)       8192M (100%)       8192M (100%)       8192M (100%)       8192M (100%)       8192M (100%)   
[295.764s][info][gc,heap     ] GC(39) y:      Free:      834M (10%)         712M (9%)         3460M (42%)        7302M (89%)        7306M (89%)         710M (9%)     
[295.764s][info][gc,heap     ] GC(39) y:      Used:     7358M (90%)        7480M (91%)        4732M (58%)         890M (11%)        7482M (91%)         886M (11%)    
[295.764s][info][gc,heap     ] GC(39) y: Young Generation Statistics:
[295.764s][info][gc,heap     ] GC(39) y:                Mark Start          Mark End        Relocate Start      Relocate End    
[295.764s][info][gc,heap     ] GC(39) y:      Used:     6816M (83%)        6938M (85%)        4190M (51%)         348M (4%)     
[295.764s][info][gc,heap     ] GC(39) y:      Live:         -               107M (1%)          107M (1%)          107M (1%)     
[295.764s][info][gc,heap     ] GC(39) y:   Garbage:         -              6708M (82%)        3944M (48%)           1M (0%)     
[295.764s][info][gc,heap     ] GC(39) y: Allocated:         -               122M (1%)          138M (2%)          238M (3%)     
[295.764s][info][gc,heap     ] GC(39) y: Reclaimed:         -                  -              2764M (34%)        6706M (82%)    
[295.764s][info][gc,heap     ] GC(39) y:  Promoted:         -                  -                 0M (0%)            0M (0%)     
[295.764s][info][gc,heap     ] GC(39) y: Compacted:         -                  -                  -                99M (1%)     
[295.764s][info][gc,phases   ] GC(39) y: Young Generation 7358M(90%)->890M(11%) 0.234s
[295.764s][info][gc          ] GC(39) Minor Collection (Allocation Rate) 7358M(90%)->890M(11%) 0.235s
[305.199s][info][gc          ] GC(40) Minor Collection (Allocation Rate)
[305.199s][info][gc,task     ] GC(40) Using 1 Workers for Young Generation
[305.199s][info][gc,phases   ] GC(40) y: Young Generation
[305.199s][info][gc,phases   ] GC(40) y: Pause Mark Start 0.012ms
[305.326s][info][gc,phases   ] GC(40) y: Concurrent Mark 126.946ms
[305.326s][info][gc,phases   ] GC(40) y: Pause Mark End 0.011ms
[305.326s][info][gc,phases   ] GC(40) y: Concurrent Mark Free 0.000ms
[305.327s][info][gc,phases   ] GC(40) y: Concurrent Reset Relocation Set 0.224ms
[305.329s][info][gc,reloc    ] GC(40) y: Using tenuring threshold: 7 (Computed)
[305.333s][info][gc,phases   ] GC(40) y: Concurrent Select Relocation Set 6.435ms
[305.333s][info][gc,phases   ] GC(40) y: Pause Relocate Start 0.009ms
[305.407s][info][gc,phases   ] GC(40) y: Concurrent Relocate 74.135ms
[305.407s][info][gc,alloc    ] GC(40) y:                         Mark Start        Mark End      Relocate Start    Relocate End   
[305.407s][info][gc,alloc    ] GC(40) y: Allocation Stalls:          0                0                0                0         
[305.407s][info][gc,load     ] GC(40) y: Load: 0.00 (0%) / 0.00 (0%) / 0.00 (0%)
[305.407s][info][gc,mmu      ] GC(40) y: MMU: 2ms/76.4%, 5ms/90.6%, 10ms/95.3%, 20ms/97.6%, 50ms/99.1%, 100ms/99.5%
[305.407s][info][gc,marking  ] GC(40) y: Mark: 1 stripe(s), 2 proactive flush(es), 1 terminate flush(es), 0 completion(s), 0 continuation(s) 
[305.407s][info][gc,marking  ] GC(40) y: Mark Stack Usage: 32M
[305.407s][info][gc,nmethod  ] GC(40) y: NMethods: 13017 registered, 9041 unregistered
[305.408s][info][gc,metaspace] GC(40) y: Metaspace: 130M used, 131M committed, 1152M reserved
[305.408s][info][gc,reloc    ] GC(40) y:                        Candidates     Selected     In-Place         Size        Empty    Relocated 
[305.408s][info][gc,reloc    ] GC(40) y: Small Pages:                 3465         2245            0        6930M        2338M          77M 
[305.408s][info][gc,reloc    ] GC(40) y: Medium Pages:                   0            0            0           0M           0M           0M 
[305.408s][info][gc,reloc    ] GC(40) y: Large Pages:                    0            0            0           0M           0M           0M 
[305.408s][info][gc,reloc    ] GC(40) y: Forwarding Usage: 28M
[305.408s][info][gc,reloc    ] GC(40) y: Age Table:
[305.408s][info][gc,reloc    ] GC(40) y:                    Live             Garbage             Small              Medium             Large        
[305.408s][info][gc,reloc    ] GC(40) y: Eden              82M (1%)         6695M (82%)       3389 / 2185           0 / 0              0 / 0        
[305.408s][info][gc,reloc    ] GC(40) y: Survivor 1         5M (0%)          100M (1%)          53 / 42             0 / 0              0 / 0        
[305.408s][info][gc,reloc    ] GC(40) y: Survivor 2         0M (0%)           17M (0%)           9 / 7              0 / 0              0 / 0        
[305.408s][info][gc,reloc    ] GC(40) y: Survivor 3         0M (0%)           13M (0%)           7 / 5              0 / 0              0 / 0        
[305.408s][info][gc,reloc    ] GC(40) y: Survivor 4         0M (0%)            7M (0%)           4 / 3              0 / 0              0 / 0        
[305.408s][info][gc,reloc    ] GC(40) y: Survivor 5         0M (0%)            1M (0%)           1 / 1              0 / 0              0 / 0        
[305.408s][info][gc,reloc    ] GC(40) y: Survivor 6         0M (0%)            3M (0%)           2 / 2              0 / 0              0 / 0        
[305.408s][info][gc,heap     ] GC(40) y: Min Capacity: 8192M(100%)
[305.408s][info][gc,heap     ] GC(40) y: Max Capacity: 8192M(100%)
[305.408s][info][gc,heap     ] GC(40) y: Soft Max Capacity: 8192M(100%)
[305.408s][info][gc,heap     ] GC(40) y: Heap Statistics:
[305.408s][info][gc,heap     ] GC(40) y:                Mark Start          Mark End        Relocate Start      Relocate End           High               Low         
[305.408s][info][gc,heap     ] GC(40) y:  Capacity:     8192M (100%)       8192M (100%)       8192M (100%)       8192M (100%)       8192M (100%)       8192M (100%)   
[305.408s][info][gc,heap     ] GC(40) y:      Free:      720M (9%)          596M (7%)         2928M (36%)        7340M (90%)        7340M (90%)         596M (7%)     
[305.408s][info][gc,heap     ] GC(40) y:      Used:     7472M (91%)        7596M (93%)        5264M (64%)         852M (10%)        7596M (93%)         852M (10%)    
[305.408s][info][gc,heap     ] GC(40) y: Young Generation Statistics:
[305.408s][info][gc,heap     ] GC(40) y:                Mark Start          Mark End        Relocate Start      Relocate End    
[305.408s][info][gc,heap     ] GC(40) y:      Used:     6930M (85%)        7054M (86%)        4722M (58%)         310M (4%)     
[305.408s][info][gc,heap     ] GC(40) y:      Live:         -                88M (1%)           88M (1%)           88M (1%)     
[305.408s][info][gc,heap     ] GC(40) y:   Garbage:         -              6841M (84%)        4503M (55%)           0M (0%)     
[305.408s][info][gc,heap     ] GC(40) y: Allocated:         -               124M (2%)          130M (2%)          221M (3%)     
[305.408s][info][gc,heap     ] GC(40) y: Reclaimed:         -                  -              2338M (29%)        6841M (84%)    
[305.408s][info][gc,heap     ] GC(40) y:  Promoted:         -                  -                 0M (0%)            0M (0%)     
[305.408s][info][gc,heap     ] GC(40) y: Compacted:         -                  -                  -                88M (1%)     
[305.408s][info][gc,phases   ] GC(40) y: Young Generation 7472M(91%)->852M(10%) 0.208s
[305.408s][info][gc          ] GC(40) Minor Collection (Allocation Rate) 7472M(91%)->852M(10%) 0.209s
[312.160s][info][gc          ] GC(41) Minor Collection (Allocation Rate)
[312.160s][info][gc,task     ] GC(41) Using 1 Workers for Young Generation
[312.160s][info][gc,phases   ] GC(41) y: Young Generation
[312.160s][info][gc,phases   ] GC(41) y: Pause Mark Start 0.014ms
[312.312s][info][gc,phases   ] GC(41) y: Concurrent Mark 151.730ms
[312.312s][info][gc,phases   ] GC(41) y: Pause Mark End 0.009ms
[312.312s][info][gc,phases   ] GC(41) y: Concurrent Mark Free 0.000ms
[312.312s][info][gc,phases   ] GC(41) y: Concurrent Reset Relocation Set 0.172ms
[312.314s][info][gc,reloc    ] GC(41) y: Using tenuring threshold: 7 (Computed)
[312.330s][info][gc,phases   ] GC(41) y: Concurrent Select Relocation Set 18.275ms
[312.330s][info][gc,phases   ] GC(41) y: Pause Relocate Start 0.010ms
[312.427s][info][gc,phases   ] GC(41) y: Concurrent Relocate 97.089ms
[312.427s][info][gc,alloc    ] GC(41) y:                         Mark Start        Mark End      Relocate Start    Relocate End   
[312.427s][info][gc,alloc    ] GC(41) y: Allocation Stalls:          0                0                0                0         
[312.427s][info][gc,load     ] GC(41) y: Load: 0.00 (0%) / 0.00 (0%) / 0.00 (0%)
[312.427s][info][gc,mmu      ] GC(41) y: MMU: 2ms/76.4%, 5ms/90.6%, 10ms/95.3%, 20ms/97.6%, 50ms/99.1%, 100ms/99.5%
[312.427s][info][gc,marking  ] GC(41) y: Mark: 1 stripe(s), 2 proactive flush(es), 1 terminate flush(es), 0 completion(s), 0 continuation(s) 
[312.427s][info][gc,marking  ] GC(41) y: Mark Stack Usage: 32M
[312.427s][info][gc,nmethod  ] GC(41) y: NMethods: 13051 registered, 9041 unregistered
[312.427s][info][gc,metaspace] GC(41) y: Metaspace: 130M used, 131M committed, 1152M reserved
[312.427s][info][gc,reloc    ] GC(41) y:                        Candidates     Selected     In-Place         Size        Empty    Relocated 
[312.427s][info][gc,reloc    ] GC(41) y: Small Pages:                 3410         1880            0        6820M        2922M         101M 
[312.427s][info][gc,reloc    ] GC(41) y: Medium Pages:                   0            0            0           0M           0M           0M 
[312.428s][info][gc,reloc    ] GC(41) y: Large Pages:                    0            0            0           0M           0M           0M 
[312.428s][info][gc,reloc    ] GC(41) y: Forwarding Usage: 36M
[312.428s][info][gc,reloc    ] GC(41) y: Age Table:
[312.428s][info][gc,reloc    ] GC(41) y:                    Live             Garbage             Small              Medium             Large        
[312.428s][info][gc,reloc    ] GC(41) y: Eden             102M (1%)         6601M (81%)       3352 / 1835           0 / 0              0 / 0        
[312.428s][info][gc,reloc    ] GC(41) y: Survivor 1        14M (0%)           73M (1%)          44 / 33             0 / 0              0 / 0        
[312.428s][info][gc,reloc    ] GC(41) y: Survivor 2         1M (0%)           10M (0%)           6 / 5              0 / 0              0 / 0        
[312.428s][info][gc,reloc    ] GC(41) y: Survivor 3         0M (0%)            1M (0%)           1 / 1              0 / 0              0 / 0        
[312.428s][info][gc,reloc    ] GC(41) y: Survivor 4         0M (0%)            3M (0%)           2 / 1              0 / 0              0 / 0        
[312.428s][info][gc,reloc    ] GC(41) y: Survivor 5         0M (0%)            3M (0%)           2 / 2              0 / 0              0 / 0        
[312.428s][info][gc,reloc    ] GC(41) y: Survivor 6         0M (0%)            1M (0%)           1 / 1              0 / 0              0 / 0        
[312.428s][info][gc,reloc    ] GC(41) y: Survivor 7         0M (0%)            3M (0%)           2 / 2              0 / 0              0 / 0        
[312.428s][info][gc,heap     ] GC(41) y: Min Capacity: 8192M(100%)
[312.428s][info][gc,heap     ] GC(41) y: Max Capacity: 8192M(100%)
[312.428s][info][gc,heap     ] GC(41) y: Soft Max Capacity: 8192M(100%)
[312.428s][info][gc,heap     ] GC(41) y: Heap Statistics:
[312.428s][info][gc,heap     ] GC(41) y:                Mark Start          Mark End        Relocate Start      Relocate End           High               Low         
[312.428s][info][gc,heap     ] GC(41) y:  Capacity:     8192M (100%)       8192M (100%)       8192M (100%)       8192M (100%)       8192M (100%)       8192M (100%)   
[312.428s][info][gc,heap     ] GC(41) y:      Free:      830M (10%)         704M (9%)         3618M (44%)        7290M (89%)        7290M (89%)         704M (9%)     
[312.428s][info][gc,heap     ] GC(41) y:      Used:     7362M (90%)        7488M (91%)        4574M (56%)         902M (11%)        7488M (91%)         902M (11%)    
[312.428s][info][gc,heap     ] GC(41) y: Young Generation Statistics:
[312.428s][info][gc,heap     ] GC(41) y:                Mark Start          Mark End        Relocate Start      Relocate End    
[312.428s][info][gc,heap     ] GC(41) y:      Used:     6820M (83%)        6946M (85%)        4032M (49%)         358M (4%)     
[312.428s][info][gc,heap     ] GC(41) y:      Live:         -               119M (1%)          119M (1%)          119M (1%)     
[312.428s][info][gc,heap     ] GC(41) y:   Garbage:         -              6700M (82%)        3778M (46%)           1M (0%)     
[312.428s][info][gc,heap     ] GC(41) y: Allocated:         -               126M (2%)          134M (2%)          237M (3%)     
[312.428s][info][gc,heap     ] GC(41) y: Reclaimed:         -                  -              2922M (36%)        6699M (82%)    
[312.428s][info][gc,heap     ] GC(41) y:  Promoted:         -                  -                 0M (0%)            0M (0%)     
[312.428s][info][gc,heap     ] GC(41) y: Compacted:         -                  -                  -               116M (1%)     
[312.428s][info][gc,phases   ] GC(41) y: Young Generation 7362M(90%)->902M(11%) 0.268s
[312.428s][info][gc          ] GC(41) Minor Collection (Allocation Rate) 7362M(90%)->902M(11%) 0.268s
[320.138s][info][gc          ] GC(42) Minor Collection (Allocation Rate)
[320.138s][info][gc,task     ] GC(42) Using 1 Workers for Young Generation
[320.138s][info][gc,phases   ] GC(42) y: Young Generation
[320.138s][info][gc,phases   ] GC(42) y: Pause Mark Start 0.013ms
[320.294s][info][gc,phases   ] GC(42) y: Concurrent Mark 155.603ms
[320.294s][info][gc,phases   ] GC(42) y: Pause Mark End 0.009ms
[320.294s][info][gc,phases   ] GC(42) y: Concurrent Mark Free 0.000ms
[320.294s][info][gc,phases   ] GC(42) y: Concurrent Reset Relocation Set 0.173ms
[320.296s][info][gc,reloc    ] GC(42) y: Using tenuring threshold: 7 (Computed)
[320.300s][info][gc,phases   ] GC(42) y: Concurrent Select Relocation Set 5.476ms
[320.300s][info][gc,phases   ] GC(42) y: Pause Relocate Start 0.010ms
[320.387s][info][gc,phases   ] GC(42) y: Concurrent Relocate 87.760ms
[320.387s][info][gc,alloc    ] GC(42) y:                         Mark Start        Mark End      Relocate Start    Relocate End   
[320.387s][info][gc,alloc    ] GC(42) y: Allocation Stalls:          0                0                0                0         
[320.387s][info][gc,load     ] GC(42) y: Load: 0.00 (0%) / 0.00 (0%) / 0.00 (0%)
[320.387s][info][gc,mmu      ] GC(42) y: MMU: 2ms/76.4%, 5ms/90.6%, 10ms/95.3%, 20ms/97.6%, 50ms/99.1%, 100ms/99.5%
[320.387s][info][gc,marking  ] GC(42) y: Mark: 1 stripe(s), 2 proactive flush(es), 1 terminate flush(es), 0 completion(s), 0 continuation(s) 
[320.388s][info][gc,marking  ] GC(42) y: Mark Stack Usage: 32M
[320.388s][info][gc,nmethod  ] GC(42) y: NMethods: 13165 registered, 9041 unregistered
[320.388s][info][gc,metaspace] GC(42) y: Metaspace: 130M used, 131M committed, 1152M reserved
[320.388s][info][gc,reloc    ] GC(42) y:                        Candidates     Selected     In-Place         Size        Empty    Relocated 
[320.388s][info][gc,reloc    ] GC(42) y: Small Pages:                 3471         2041            0        6942M        2734M          87M 
[320.388s][info][gc,reloc    ] GC(42) y: Medium Pages:                   0            0            0           0M           0M           0M 
[320.388s][info][gc,reloc    ] GC(42) y: Large Pages:                    0            0            0           0M           0M           0M 
[320.388s][info][gc,reloc    ] GC(42) y: Forwarding Usage: 34M
[320.388s][info][gc,reloc    ] GC(42) y: Age Table:
[320.388s][info][gc,reloc    ] GC(42) y:                    Live             Garbage             Small              Medium             Large        
[320.388s][info][gc,reloc    ] GC(42) y: Eden              98M (1%)         6683M (82%)       3391 / 1972           0 / 0              0 / 0        
[320.388s][info][gc,reloc    ] GC(42) y: Survivor 1         6M (0%)          103M (1%)          55 / 47             0 / 0              0 / 0        
[320.388s][info][gc,reloc    ] GC(42) y: Survivor 2         3M (0%)           20M (0%)          12 / 11             0 / 0              0 / 0        
[320.388s][info][gc,reloc    ] GC(42) y: Survivor 3         0M (0%)            9M (0%)           5 / 4              0 / 0              0 / 0        
[320.388s][info][gc,reloc    ] GC(42) y: Survivor 4         0M (0%)            5M (0%)           3 / 2              0 / 0              0 / 0        
[320.388s][info][gc,reloc    ] GC(42) y: Survivor 5         0M (0%)            3M (0%)           2 / 2              0 / 0              0 / 0        
[320.388s][info][gc,reloc    ] GC(42) y: Survivor 6         0M (0%)            3M (0%)           2 / 2              0 / 0              0 / 0        
[320.388s][info][gc,reloc    ] GC(42) y: Survivor 7         0M (0%)            1M (0%)           1 / 1              0 / 0              0 / 0        
[320.388s][info][gc,heap     ] GC(42) y: Min Capacity: 8192M(100%)
[320.388s][info][gc,heap     ] GC(42) y: Max Capacity: 8192M(100%)
[320.388s][info][gc,heap     ] GC(42) y: Soft Max Capacity: 8192M(100%)
[320.388s][info][gc,heap     ] GC(42) y: Heap Statistics:
[320.388s][info][gc,heap     ] GC(42) y:                Mark Start          Mark End        Relocate Start      Relocate End           High               Low         
[320.388s][info][gc,heap     ] GC(42) y:  Capacity:     8192M (100%)       8192M (100%)       8192M (100%)       8192M (100%)       8192M (100%)       8192M (100%)   
[320.388s][info][gc,heap     ] GC(42) y:      Free:      706M (9%)          574M (7%)         3304M (40%)        7302M (89%)        7304M (89%)         574M (7%)     
[320.388s][info][gc,heap     ] GC(42) y:      Used:     7486M (91%)        7618M (93%)        4888M (60%)         890M (11%)        7618M (93%)         888M (11%)    
[320.388s][info][gc,heap     ] GC(42) y: Young Generation Statistics:
[320.388s][info][gc,heap     ] GC(42) y:                Mark Start          Mark End        Relocate Start      Relocate End    
[320.388s][info][gc,heap     ] GC(42) y:      Used:     6942M (85%)        7074M (86%)        4344M (53%)         344M (4%)     
[320.388s][info][gc,heap     ] GC(42) y:      Live:         -               110M (1%)          110M (1%)          110M (1%)     
[320.388s][info][gc,heap     ] GC(42) y:   Garbage:         -              6831M (83%)        4097M (50%)           0M (0%)     
[320.388s][info][gc,heap     ] GC(42) y: Allocated:         -               132M (2%)          136M (2%)          233M (3%)     
[320.388s][info][gc,heap     ] GC(42) y: Reclaimed:         -                  -              2734M (33%)        6831M (83%)    
[320.388s][info][gc,heap     ] GC(42) y:  Promoted:         -                  -                 0M (0%)            0M (0%)     
[320.388s][info][gc,heap     ] GC(42) y: Compacted:         -                  -                  -               102M (1%)     
[320.388s][info][gc,phases   ] GC(42) y: Young Generation 7486M(91%)->890M(11%) 0.250s
[320.388s][info][gc          ] GC(42) Minor Collection (Allocation Rate) 7486M(91%)->890M(11%) 0.250s
[328.307s][info][gc          ] GC(43) Minor Collection (Allocation Rate)
[328.307s][info][gc,task     ] GC(43) Using 1 Workers for Young Generation
[328.307s][info][gc,phases   ] GC(43) y: Young Generation
[328.307s][info][gc,phases   ] GC(43) y: Pause Mark Start 0.013ms
[328.443s][info][gc,phases   ] GC(43) y: Concurrent Mark 136.032ms
[328.443s][info][gc,phases   ] GC(43) y: Pause Mark End 0.009ms
[328.443s][info][gc,phases   ] GC(43) y: Concurrent Mark Free 0.000ms
[328.444s][info][gc,phases   ] GC(43) y: Concurrent Reset Relocation Set 0.162ms
[328.446s][info][gc,reloc    ] GC(43) y: Using tenuring threshold: 2 (Computed)
[328.450s][info][gc,phases   ] GC(43) y: Concurrent Select Relocation Set 6.113ms
[328.450s][info][gc,phases   ] GC(43) y: Pause Relocate Start 0.008ms
[328.532s][info][gc,phases   ] GC(43) y: Concurrent Relocate 82.103ms
[328.532s][info][gc,alloc    ] GC(43) y:                         Mark Start        Mark End      Relocate Start    Relocate End   
[328.532s][info][gc,alloc    ] GC(43) y: Allocation Stalls:          0                0                0                0         
[328.532s][info][gc,load     ] GC(43) y: Load: 0.00 (0%) / 0.00 (0%) / 0.00 (0%)
[328.532s][info][gc,mmu      ] GC(43) y: MMU: 2ms/76.4%, 5ms/90.6%, 10ms/95.3%, 20ms/97.6%, 50ms/99.1%, 100ms/99.5%
[328.532s][info][gc,marking  ] GC(43) y: Mark: 1 stripe(s), 2 proactive flush(es), 1 terminate flush(es), 0 completion(s), 0 continuation(s) 
[328.532s][info][gc,marking  ] GC(43) y: Mark Stack Usage: 32M
[328.532s][info][gc,nmethod  ] GC(43) y: NMethods: 13249 registered, 9041 unregistered
[328.532s][info][gc,metaspace] GC(43) y: Metaspace: 130M used, 131M committed, 1152M reserved
[328.532s][info][gc,reloc    ] GC(43) y:                        Candidates     Selected     In-Place         Size        Empty    Relocated 
[328.532s][info][gc,reloc    ] GC(43) y: Small Pages:                 3508         2294            0        7016M        2322M          81M 
[328.532s][info][gc,reloc    ] GC(43) y: Medium Pages:                   0            0            0           0M           0M           0M 
[328.532s][info][gc,reloc    ] GC(43) y: Large Pages:                    0            0            0           0M           0M           0M 
[328.532s][info][gc,reloc    ] GC(43) y: Forwarding Usage: 29M
[328.532s][info][gc,reloc    ] GC(43) y: Age Table:
[328.532s][info][gc,reloc    ] GC(43) y:                    Live             Garbage             Small              Medium             Large        
[328.532s][info][gc,reloc    ] GC(43) y: Eden              82M (1%)         6777M (83%)       3430 / 2231           0 / 0              0 / 0        
[328.532s][info][gc,reloc    ] GC(43) y: Survivor 1         8M (0%)           99M (1%)          54 / 47             0 / 0              0 / 0        
[328.532s][info][gc,reloc    ] GC(43) y: Survivor 2         0M (0%)           21M (0%)          11 / 9              0 / 0              0 / 0        
[328.532s][info][gc,reloc    ] GC(43) y: Survivor 3         1M (0%)            8M (0%)           5 / 3              0 / 0              0 / 0        
[328.532s][info][gc,reloc    ] GC(43) y: Survivor 4         0M (0%)            5M (0%)           3 / 0              0 / 0              0 / 0        
[328.532s][info][gc,reloc    ] GC(43) y: Survivor 5         0M (0%)            1M (0%)           1 / 1              0 / 0              0 / 0        
[328.532s][info][gc,reloc    ] GC(43) y: Survivor 6         0M (0%)            3M (0%)           2 / 1              0 / 0              0 / 0        
[328.532s][info][gc,reloc    ] GC(43) y: Survivor 7         0M (0%)            3M (0%)           2 / 2              0 / 0              0 / 0        
[328.532s][info][gc,heap     ] GC(43) y: Min Capacity: 8192M(100%)
[328.532s][info][gc,heap     ] GC(43) y: Max Capacity: 8192M(100%)
[328.532s][info][gc,heap     ] GC(43) y: Soft Max Capacity: 8192M(100%)
[328.532s][info][gc,heap     ] GC(43) y: Heap Statistics:
[328.532s][info][gc,heap     ] GC(43) y:                Mark Start          Mark End        Relocate Start      Relocate End           High               Low         
[328.532s][info][gc,heap     ] GC(43) y:  Capacity:     8192M (100%)       8192M (100%)       8192M (100%)       8192M (100%)       8192M (100%)       8192M (100%)   
[328.532s][info][gc,heap     ] GC(43) y:      Free:      630M (8%)          514M (6%)         2834M (35%)        7300M (89%)        7314M (89%)         514M (6%)     
[328.532s][info][gc,heap     ] GC(43) y:      Used:     7562M (92%)        7678M (94%)        5358M (65%)         892M (11%)        7678M (94%)         878M (11%)    
[328.532s][info][gc,heap     ] GC(43) y: Young Generation Statistics:
[328.532s][info][gc,heap     ] GC(43) y:                Mark Start          Mark End        Relocate Start      Relocate End    
[328.532s][info][gc,heap     ] GC(43) y:      Used:     7016M (86%)        7132M (87%)        4812M (59%)         340M (4%)     
[328.532s][info][gc,heap     ] GC(43) y:      Live:         -                92M (1%)           92M (1%)           90M (1%)     
[328.532s][info][gc,heap     ] GC(43) y:   Garbage:         -              6923M (85%)        4601M (56%)           0M (0%)     
[328.532s][info][gc,heap     ] GC(43) y: Allocated:         -               116M (1%)          118M (1%)          249M (3%)     
[328.533s][info][gc,heap     ] GC(43) y: Reclaimed:         -                  -              2322M (28%)        6923M (85%)    
[328.533s][info][gc,heap     ] GC(43) y:  Promoted:         -                  -                 0M (0%)            2M (0%)     
[328.533s][info][gc,heap     ] GC(43) y: Compacted:         -                  -                  -                88M (1%)     
[328.533s][info][gc,phases   ] GC(43) y: Young Generation 7562M(92%)->892M(11%) 0.225s
[328.533s][info][gc          ] GC(43) Minor Collection (Allocation Rate) 7562M(92%)->894M(11%) 0.225s
[336.162s][info][gc          ] GC(44) Minor Collection (Allocation Rate)
[336.162s][info][gc,task     ] GC(44) Using 1 Workers for Young Generation
[336.162s][info][gc,phases   ] GC(44) y: Young Generation
[336.162s][info][gc,phases   ] GC(44) y: Pause Mark Start 0.013ms
[336.346s][info][gc,phases   ] GC(44) y: Concurrent Mark 183.626ms
[336.346s][info][gc,phases   ] GC(44) y: Pause Mark End 0.015ms
[336.346s][info][gc,phases   ] GC(44) y: Concurrent Mark Free 0.001ms
[336.347s][info][gc,phases   ] GC(44) y: Concurrent Reset Relocation Set 0.351ms
[336.350s][info][gc,reloc    ] GC(44) y: Using tenuring threshold: 3 (Computed)
[336.401s][info][gc,phases   ] GC(44) y: Concurrent Select Relocation Set 54.367ms
[336.401s][info][gc,phases   ] GC(44) y: Pause Relocate Start 0.018ms
[336.520s][info][gc,phases   ] GC(44) y: Concurrent Relocate 118.320ms
[336.520s][info][gc,alloc    ] GC(44) y:                         Mark Start        Mark End      Relocate Start    Relocate End   
[336.520s][info][gc,alloc    ] GC(44) y: Allocation Stalls:          0                0                0                0         
[336.520s][info][gc,load     ] GC(44) y: Load: 0.00 (0%) / 0.00 (0%) / 0.00 (0%)
[336.520s][info][gc,mmu      ] GC(44) y: MMU: 2ms/76.4%, 5ms/90.6%, 10ms/95.3%, 20ms/97.6%, 50ms/99.1%, 100ms/99.5%
[336.520s][info][gc,marking  ] GC(44) y: Mark: 1 stripe(s), 2 proactive flush(es), 1 terminate flush(es), 0 completion(s), 0 continuation(s) 
[336.520s][info][gc,marking  ] GC(44) y: Mark Stack Usage: 32M
[336.520s][info][gc,nmethod  ] GC(44) y: NMethods: 13272 registered, 9041 unregistered
[336.520s][info][gc,metaspace] GC(44) y: Metaspace: 130M used, 131M committed, 1152M reserved
[336.520s][info][gc,reloc    ] GC(44) y:                        Candidates     Selected     In-Place         Size        Empty    Relocated 
[336.520s][info][gc,reloc    ] GC(44) y: Small Pages:                 3537         2133            0        7074M        2642M         118M 
[336.520s][info][gc,reloc    ] GC(44) y: Medium Pages:                   0            0            0           0M           0M           0M 
[336.520s][info][gc,reloc    ] GC(44) y: Large Pages:                    0            0            0           0M           0M           0M 
[336.520s][info][gc,reloc    ] GC(44) y: Forwarding Usage: 40M
[336.520s][info][gc,reloc    ] GC(44) y: Age Table:
[336.520s][info][gc,reloc    ] GC(44) y:                    Live             Garbage             Small              Medium             Large        
[336.520s][info][gc,reloc    ] GC(44) y: Eden             131M (2%)         6830M (83%)       3481 / 2085           0 / 0              0 / 0        
[336.520s][info][gc,reloc    ] GC(44) y: Survivor 1        11M (0%)           80M (1%)          46 / 39             0 / 0              0 / 0        
[336.520s][info][gc,reloc    ] GC(44) y: Survivor 2         1M (0%)           18M (0%)          10 / 9              0 / 0              0 / 0        
[336.520s][info][gc,heap     ] GC(44) y: Min Capacity: 8192M(100%)
[336.520s][info][gc,heap     ] GC(44) y: Max Capacity: 8192M(100%)
[336.520s][info][gc,heap     ] GC(44) y: Soft Max Capacity: 8192M(100%)
[336.520s][info][gc,heap     ] GC(44) y: Heap Statistics:
[336.520s][info][gc,heap     ] GC(44) y:                Mark Start          Mark End        Relocate Start      Relocate End           High               Low         
[336.520s][info][gc,heap     ] GC(44) y:  Capacity:     8192M (100%)       8192M (100%)       8192M (100%)       8192M (100%)       8192M (100%)       8192M (100%)   
[336.520s][info][gc,heap     ] GC(44) y:      Free:      566M (7%)          328M (4%)         2940M (36%)        7016M (86%)        7018M (86%)         328M (4%)     
[336.520s][info][gc,heap     ] GC(44) y:      Used:     7626M (93%)        7864M (96%)        5252M (64%)        1176M (14%)        7864M (96%)        1174M (14%)    
[336.520s][info][gc,heap     ] GC(44) y: Young Generation Statistics:
[336.520s][info][gc,heap     ] GC(44) y:                Mark Start          Mark End        Relocate Start      Relocate End    
[336.520s][info][gc,heap     ] GC(44) y:      Used:     7074M (86%)        7312M (89%)        4700M (57%)         624M (8%)     
[336.520s][info][gc,heap     ] GC(44) y:      Live:         -               144M (2%)          144M (2%)          144M (2%)     
[336.520s][info][gc,heap     ] GC(44) y:   Garbage:         -              6929M (85%)        4287M (52%)           1M (0%)     
[336.520s][info][gc,heap     ] GC(44) y: Allocated:         -               238M (3%)          268M (3%)          477M (6%)     
[336.520s][info][gc,heap     ] GC(44) y: Reclaimed:         -                  -              2642M (32%)        6927M (85%)    
[336.520s][info][gc,heap     ] GC(44) y:  Promoted:         -                  -                 0M (0%)            0M (0%)     
[336.520s][info][gc,heap     ] GC(44) y: Compacted:         -                  -                  -               136M (2%)     
[336.520s][info][gc,phases   ] GC(44) y: Young Generation 7626M(93%)->1176M(14%) 0.357s
[336.520s][info][gc          ] GC(44) Minor Collection (Allocation Rate) 7626M(93%)->1176M(14%) 0.358s
[345.033s][info][gc          ] GC(45) Minor Collection (Allocation Rate)
[345.033s][info][gc,task     ] GC(45) Using 1 Workers for Young Generation
[345.033s][info][gc,phases   ] GC(45) y: Young Generation
[345.033s][info][gc,phases   ] GC(45) y: Pause Mark Start 0.015ms
[345.147s][info][gc,phases   ] GC(45) y: Concurrent Mark 114.423ms
[345.148s][info][gc,phases   ] GC(45) y: Pause Mark End 0.019ms
[345.148s][info][gc,phases   ] GC(45) y: Concurrent Mark Free 0.000ms
[345.148s][info][gc,phases   ] GC(45) y: Concurrent Reset Relocation Set 0.501ms
[345.152s][info][gc,reloc    ] GC(45) y: Using tenuring threshold: 4 (Computed)
[345.156s][info][gc,phases   ] GC(45) y: Concurrent Select Relocation Set 7.361ms
[345.156s][info][gc,phases   ] GC(45) y: Pause Relocate Start 0.013ms
[345.208s][info][gc,phases   ] GC(45) y: Concurrent Relocate 52.489ms
[345.208s][info][gc,alloc    ] GC(45) y:                         Mark Start        Mark End      Relocate Start    Relocate End   
[345.208s][info][gc,alloc    ] GC(45) y: Allocation Stalls:          0                0                0                0         
[345.208s][info][gc,load     ] GC(45) y: Load: 0.00 (0%) / 0.00 (0%) / 0.00 (0%)
[345.208s][info][gc,mmu      ] GC(45) y: MMU: 2ms/76.4%, 5ms/90.6%, 10ms/95.3%, 20ms/97.6%, 50ms/99.1%, 100ms/99.5%
[345.208s][info][gc,marking  ] GC(45) y: Mark: 1 stripe(s), 2 proactive flush(es), 1 terminate flush(es), 0 completion(s), 0 continuation(s) 
[345.208s][info][gc,marking  ] GC(45) y: Mark Stack Usage: 32M
[345.208s][info][gc,nmethod  ] GC(45) y: NMethods: 13318 registered, 9041 unregistered
[345.208s][info][gc,metaspace] GC(45) y: Metaspace: 130M used, 131M committed, 1152M reserved
[345.208s][info][gc,reloc    ] GC(45) y:                        Candidates     Selected     In-Place         Size        Empty    Relocated 
[345.208s][info][gc,reloc    ] GC(45) y: Small Pages:                 3240         1375            0        6480M        3638M          55M 
[345.208s][info][gc,reloc    ] GC(45) y: Medium Pages:                   0            0            0           0M           0M           0M 
[345.208s][info][gc,reloc    ] GC(45) y: Large Pages:                    0            0            0           0M           0M           0M 
[345.208s][info][gc,reloc    ] GC(45) y: Forwarding Usage: 20M
[345.208s][info][gc,reloc    ] GC(45) y: Age Table:
[345.208s][info][gc,reloc    ] GC(45) y:                    Live             Garbage             Small              Medium             Large        
[345.208s][info][gc,reloc    ] GC(45) y: Eden              75M (1%)         6236M (76%)       3156 / 1304           0 / 0              0 / 0        
[345.208s][info][gc,reloc    ] GC(45) y: Survivor 1         2M (0%)          139M (2%)          71 / 59             0 / 0              0 / 0        
[345.208s][info][gc,reloc    ] GC(45) y: Survivor 2         1M (0%)           16M (0%)           9 / 9              0 / 0              0 / 0        
[345.208s][info][gc,reloc    ] GC(45) y: Survivor 3         0M (0%)            7M (0%)           4 / 3              0 / 0              0 / 0        
[345.209s][info][gc,heap     ] GC(45) y: Min Capacity: 8192M(100%)
[345.209s][info][gc,heap     ] GC(45) y: Max Capacity: 8192M(100%)
[345.209s][info][gc,heap     ] GC(45) y: Soft Max Capacity: 8192M(100%)
[345.209s][info][gc,heap     ] GC(45) y: Heap Statistics:
[345.209s][info][gc,heap     ] GC(45) y:                Mark Start          Mark End        Relocate Start      Relocate End           High               Low         
[345.209s][info][gc,heap     ] GC(45) y:  Capacity:     8192M (100%)       8192M (100%)       8192M (100%)       8192M (100%)       8192M (100%)       8192M (100%)   
[345.209s][info][gc,heap     ] GC(45) y:      Free:     1160M (14%)         976M (12%)        4608M (56%)        7294M (89%)        7300M (89%)         976M (12%)    
[345.209s][info][gc,heap     ] GC(45) y:      Used:     7032M (86%)        7216M (88%)        3584M (44%)         898M (11%)        7216M (88%)         892M (11%)    
[345.209s][info][gc,heap     ] GC(45) y: Young Generation Statistics:
[345.209s][info][gc,heap     ] GC(45) y:                Mark Start          Mark End        Relocate Start      Relocate End    
[345.209s][info][gc,heap     ] GC(45) y:      Used:     6480M (79%)        6664M (81%)        3032M (37%)         346M (4%)     
[345.209s][info][gc,heap     ] GC(45) y:      Live:         -                79M (1%)           79M (1%)           79M (1%)     
[345.209s][info][gc,heap     ] GC(45) y:   Garbage:         -              6400M (78%)        2762M (34%)           3M (0%)     
[345.209s][info][gc,heap     ] GC(45) y: Allocated:         -               184M (2%)          190M (2%)          263M (3%)     
[345.209s][info][gc,heap     ] GC(45) y: Reclaimed:         -                  -              3638M (44%)        6397M (78%)    
[345.209s][info][gc,heap     ] GC(45) y:  Promoted:         -                  -                 0M (0%)            0M (0%)     
[345.209s][info][gc,heap     ] GC(45) y: Compacted:         -                  -                  -                64M (1%)     
[345.209s][info][gc,phases   ] GC(45) y: Young Generation 7032M(86%)->898M(11%) 0.175s
[345.209s][info][gc          ] GC(45) Minor Collection (Allocation Rate) 7032M(86%)->900M(11%) 0.176s
[351.716s][info][gc          ] GC(46) Major Collection (Proactive)
[351.716s][info][gc,task     ] GC(46) Using 1 Workers for Young Generation
[351.716s][info][gc,task     ] GC(46) Using 1 Workers for Old Generation
[351.716s][info][gc,phases   ] GC(46) Y: Young Generation
[351.716s][info][gc,phases   ] GC(46) Y: Pause Mark Start (Major) 0.016ms
[351.845s][info][gc,phases   ] GC(46) Y: Concurrent Mark 128.252ms
[351.845s][info][gc,phases   ] GC(46) Y: Pause Mark End 0.016ms
[351.845s][info][gc,phases   ] GC(46) Y: Concurrent Mark Free 0.001ms
[351.845s][info][gc,phases   ] GC(46) Y: Concurrent Reset Relocation Set 0.137ms
[351.847s][info][gc,reloc    ] GC(46) Y: Using tenuring threshold: 5 (Computed)
[351.858s][info][gc,phases   ] GC(46) Y: Concurrent Select Relocation Set 12.990ms
[351.858s][info][gc,phases   ] GC(46) Y: Pause Relocate Start 0.009ms
[351.923s][info][gc,phases   ] GC(46) Y: Concurrent Relocate 64.401ms
[351.923s][info][gc,alloc    ] GC(46) Y:                         Mark Start        Mark End      Relocate Start    Relocate End   
[351.923s][info][gc,alloc    ] GC(46) Y: Allocation Stalls:          0                0                0                0         
[351.923s][info][gc,load     ] GC(46) Y: Load: 0.00 (0%) / 0.00 (0%) / 0.00 (0%)
[351.923s][info][gc,mmu      ] GC(46) Y: MMU: 2ms/76.4%, 5ms/90.6%, 10ms/95.3%, 20ms/97.6%, 50ms/99.1%, 100ms/99.5%
[351.923s][info][gc,marking  ] GC(46) Y: Mark: 1 stripe(s), 2 proactive flush(es), 1 terminate flush(es), 0 completion(s), 0 continuation(s) 
[351.923s][info][gc,marking  ] GC(46) Y: Mark Stack Usage: 32M
[351.923s][info][gc,nmethod  ] GC(46) Y: NMethods: 13347 registered, 9041 unregistered
[351.923s][info][gc,metaspace] GC(46) Y: Metaspace: 130M used, 131M committed, 1152M reserved
[351.923s][info][gc,reloc    ] GC(46) Y:                        Candidates     Selected     In-Place         Size        Empty    Relocated 
[351.923s][info][gc,reloc    ] GC(46) Y: Small Pages:                 2530         1828            0        5060M        1312M          66M 
[351.923s][info][gc,reloc    ] GC(46) Y: Medium Pages:                   0            0            0           0M           0M           0M 
[351.923s][info][gc,reloc    ] GC(46) Y: Large Pages:                    0            0            0           0M           0M           0M 
[351.923s][info][gc,reloc    ] GC(46) Y: Forwarding Usage: 23M
[351.923s][info][gc,reloc    ] GC(46) Y: Age Table:
[351.923s][info][gc,reloc    ] GC(46) Y:                    Live             Garbage             Small              Medium             Large        
[351.923s][info][gc,reloc    ] GC(46) Y: Eden              66M (1%)         4879M (60%)       2473 / 1787           0 / 0              0 / 0        
[351.923s][info][gc,reloc    ] GC(46) Y: Survivor 1        11M (0%)           78M (1%)          45 / 33             0 / 0              0 / 0        
[351.923s][info][gc,reloc    ] GC(46) Y: Survivor 2         0M (0%)            9M (0%)           5 / 2              0 / 0              0 / 0        
[351.923s][info][gc,reloc    ] GC(46) Y: Survivor 3         0M (0%)            5M (0%)           3 / 2              0 / 0              0 / 0        
[351.923s][info][gc,reloc    ] GC(46) Y: Survivor 4         0M (0%)            7M (0%)           4 / 4              0 / 0              0 / 0        
[351.923s][info][gc,heap     ] GC(46) Y: Min Capacity: 8192M(100%)
[351.923s][info][gc,heap     ] GC(46) Y: Max Capacity: 8192M(100%)
[351.923s][info][gc,heap     ] GC(46) Y: Soft Max Capacity: 8192M(100%)
[351.923s][info][gc,heap     ] GC(46) Y: Heap Statistics:
[351.923s][info][gc,heap     ] GC(46) Y:                Mark Start          Mark End        Relocate Start      Relocate End           High               Low         
[351.923s][info][gc,heap     ] GC(46) Y:  Capacity:     8192M (100%)       8192M (100%)       8192M (100%)       8192M (100%)       8192M (100%)       8192M (100%)   
[351.923s][info][gc,heap     ] GC(46) Y:      Free:     2580M (31%)        2452M (30%)        3756M (46%)        7340M (90%)        7340M (90%)        2452M (30%)    
[351.923s][info][gc,heap     ] GC(46) Y:      Used:     5612M (69%)        5740M (70%)        4436M (54%)         852M (10%)        5740M (70%)         852M (10%)    
[351.923s][info][gc,heap     ] GC(46) Y: Young Generation Statistics:
[351.923s][info][gc,heap     ] GC(46) Y:                Mark Start          Mark End        Relocate Start      Relocate End    
[351.923s][info][gc,heap     ] GC(46) Y:      Used:     5060M (62%)        5188M (63%)        3884M (47%)         300M (4%)     
[351.923s][info][gc,heap     ] GC(46) Y:      Live:         -                78M (1%)           78M (1%)           78M (1%)     
[351.923s][info][gc,heap     ] GC(46) Y:   Garbage:         -              4981M (61%)        3669M (45%)           1M (0%)     
[351.923s][info][gc,heap     ] GC(46) Y: Allocated:         -               128M (2%)          136M (2%)          219M (3%)     
[351.923s][info][gc,heap     ] GC(46) Y: Reclaimed:         -                  -              1312M (16%)        4979M (61%)    
[351.923s][info][gc,heap     ] GC(46) Y:  Promoted:         -                  -                 0M (0%)            0M (0%)     
[351.923s][info][gc,heap     ] GC(46) Y: Compacted:         -                  -                  -                76M (1%)     
[351.923s][info][gc,phases   ] GC(46) Y: Young Generation 5612M(69%)->852M(10%) 0.206s
[351.923s][info][gc,phases   ] GC(46) O: Old Generation
[352.693s][info][gc,phases   ] GC(46) O: Concurrent Mark 770.271ms
[352.693s][info][gc,phases   ] GC(46) O: Pause Mark End 0.011ms
[352.693s][info][gc,phases   ] GC(46) O: Concurrent Mark Free 0.000ms
[352.734s][info][gc,phases   ] GC(46) O: Concurrent Process Non-Strong 40.883ms
[352.734s][info][gc,phases   ] GC(46) O: Concurrent Reset Relocation Set 0.017ms
[352.738s][info][gc,phases   ] GC(46) O: Concurrent Select Relocation Set 3.142ms
[352.738s][info][gc,task     ] GC(46) O: Using 2 Workers for Old Generation
[352.802s][info][gc,task     ] GC(46) O: Using 1 Workers for Old Generation
[352.802s][info][gc,phases   ] GC(46) O: Concurrent Remap Roots 64.539ms
[352.802s][info][gc,phases   ] GC(46) O: Pause Relocate Start 0.016ms
[352.826s][info][gc,phases   ] GC(46) O: Concurrent Relocate 23.629ms
[352.826s][info][gc,alloc    ] GC(46) O:                         Mark Start        Mark End      Relocate Start    Relocate End   
[352.826s][info][gc,alloc    ] GC(46) O: Allocation Stalls:          0                0                0                0         
[352.826s][info][gc,load     ] GC(46) O: Load: 0.00 (0%) / 0.00 (0%) / 0.00 (0%)
[352.826s][info][gc,mmu      ] GC(46) O: MMU: 2ms/76.4%, 5ms/90.6%, 10ms/95.3%, 20ms/97.6%, 50ms/99.1%, 100ms/99.5%
[352.826s][info][gc,marking  ] GC(46) O: Mark: 1 stripe(s), 2 proactive flush(es), 1 terminate flush(es), 0 completion(s), 0 continuation(s) 
[352.826s][info][gc,marking  ] GC(46) O: Mark Stack Usage: 32M
[352.826s][info][gc,nmethod  ] GC(46) O: NMethods: 7789 registered, 14599 unregistered
[352.826s][info][gc,metaspace] GC(46) O: Metaspace: 130M used, 131M committed, 1152M reserved
[352.826s][info][gc,ref      ] GC(46) O:                       Encountered   Discovered     Enqueued 
[352.826s][info][gc,ref      ] GC(46) O: Soft References:             6081            0            0 
[352.826s][info][gc,ref      ] GC(46) O: Weak References:            23310        12811           24 
[352.826s][info][gc,ref      ] GC(46) O: Final References:              34            0            0 
[352.826s][info][gc,ref      ] GC(46) O: Phantom References:           807          524           16 
[352.826s][info][gc,reloc    ] GC(46) O:                        Candidates     Selected     In-Place         Size        Empty    Relocated 
[352.826s][info][gc,reloc    ] GC(46) O: Small Pages:                  244           16            0         488M           2M           3M 
[352.826s][info][gc,reloc    ] GC(46) O: Medium Pages:                   2            1            0          64M           0M          27M 
[352.826s][info][gc,reloc    ] GC(46) O: Large Pages:                    0            0            0           0M           0M           0M 
[352.826s][info][gc,reloc    ] GC(46) O: Forwarding Usage: 6M
[352.826s][info][gc,heap     ] GC(46) O: Min Capacity: 8192M(100%)
[352.826s][info][gc,heap     ] GC(46) O: Max Capacity: 8192M(100%)
[352.826s][info][gc,heap     ] GC(46) O: Soft Max Capacity: 8192M(100%)
[352.826s][info][gc,heap     ] GC(46) O: Heap Statistics:
[352.826s][info][gc,heap     ] GC(46) O:                Mark Start          Mark End        Relocate Start      Relocate End           High               Low         
[352.826s][info][gc,heap     ] GC(46) O:  Capacity:     8192M (100%)       8192M (100%)       8192M (100%)       8192M (100%)       8192M (100%)       8192M (100%)   
[352.826s][info][gc,heap     ] GC(46) O:      Free:     2580M (31%)        6730M (82%)        6620M (81%)        6660M (81%)        7340M (90%)        2452M (30%)    
[352.826s][info][gc,heap     ] GC(46) O:      Used:     5612M (69%)        1462M (18%)        1572M (19%)        1532M (19%)        5740M (70%)         852M (10%)    
[352.826s][info][gc,heap     ] GC(46) O: Old Generation Statistics:
[352.826s][info][gc,heap     ] GC(46) O:                Mark Start          Mark End        Relocate Start      Relocate End    
[352.826s][info][gc,heap     ] GC(46) O:      Used:      552M (7%)          552M (7%)          550M (7%)          500M (6%)     
[352.826s][info][gc,heap     ] GC(46) O:      Live:         -               463M (6%)          463M (6%)          463M (6%)     
[352.826s][info][gc,heap     ] GC(46) O:   Garbage:         -                88M (1%)           86M (1%)           16M (0%)     
[352.826s][info][gc,heap     ] GC(46) O: Allocated:         -                 0M (0%)            0M (0%)           20M (0%)     
[352.826s][info][gc,heap     ] GC(46) O: Reclaimed:         -                  -                 2M (0%)           72M (1%)     
[352.826s][info][gc,heap     ] GC(46) O: Compacted:         -                  -                  -                41M (1%)     
[352.826s][info][gc,phases   ] GC(46) O: Old Generation 852M(10%)->1532M(19%) 0.903s
[352.826s][info][gc          ] GC(46) Major Collection (Proactive) 5612M(69%)->1534M(19%) 1.110s
[359.358s][info][gc          ] GC(47) Minor Collection (Allocation Rate)
[359.358s][info][gc,task     ] GC(47) Using 1 Workers for Young Generation
[359.358s][info][gc,phases   ] GC(47) y: Young Generation
[359.358s][info][gc,phases   ] GC(47) y: Pause Mark Start 0.016ms
[359.491s][info][gc,phases   ] GC(47) y: Concurrent Mark 132.102ms
[359.491s][info][gc,phases   ] GC(47) y: Pause Mark End 0.009ms
[359.491s][info][gc,phases   ] GC(47) y: Concurrent Mark Free 0.000ms
[359.491s][info][gc,phases   ] GC(47) y: Concurrent Reset Relocation Set 0.168ms
[359.493s][info][gc,reloc    ] GC(47) y: Using tenuring threshold: 6 (Computed)
[359.506s][info][gc,phases   ] GC(47) y: Concurrent Select Relocation Set 14.886ms
[359.506s][info][gc,phases   ] GC(47) y: Pause Relocate Start 0.008ms
[359.585s][info][gc,phases   ] GC(47) y: Concurrent Relocate 78.865ms
[359.585s][info][gc,alloc    ] GC(47) y:                         Mark Start        Mark End      Relocate Start    Relocate End   
[359.585s][info][gc,alloc    ] GC(47) y: Allocation Stalls:          0                0                0                0         
[359.585s][info][gc,load     ] GC(47) y: Load: 0.00 (0%) / 0.00 (0%) / 0.00 (0%)
[359.585s][info][gc,mmu      ] GC(47) y: MMU: 2ms/76.4%, 5ms/90.6%, 10ms/95.3%, 20ms/97.6%, 50ms/99.1%, 100ms/99.5%
[359.585s][info][gc,marking  ] GC(47) y: Mark: 1 stripe(s), 2 proactive flush(es), 1 terminate flush(es), 0 completion(s), 0 continuation(s) 
[359.585s][info][gc,marking  ] GC(47) y: Mark Stack Usage: 32M
[359.585s][info][gc,nmethod  ] GC(47) y: NMethods: 7898 registered, 0 unregistered
[359.585s][info][gc,metaspace] GC(47) y: Metaspace: 130M used, 132M committed, 1152M reserved
[359.585s][info][gc,reloc    ] GC(47) y:                        Candidates     Selected     In-Place         Size        Empty    Relocated 
[359.585s][info][gc,reloc    ] GC(47) y: Small Pages:                 3448         1927            0        6896M        2914M          98M 
[359.585s][info][gc,reloc    ] GC(47) y: Medium Pages:                   0            0            0           0M           0M           0M 
[359.585s][info][gc,reloc    ] GC(47) y: Large Pages:                    0            0            0           0M           0M           0M 
[359.585s][info][gc,reloc    ] GC(47) y: Forwarding Usage: 29M
[359.585s][info][gc,reloc    ] GC(47) y: Age Table:
[359.585s][info][gc,reloc    ] GC(47) y:                    Live             Garbage             Small              Medium             Large        
[359.585s][info][gc,reloc    ] GC(47) y: Eden             101M (1%)         6676M (82%)       3389 / 1873           0 / 0              0 / 0        
[359.585s][info][gc,reloc    ] GC(47) y: Survivor 1         7M (0%)           68M (1%)          38 / 36             0 / 0              0 / 0        
[359.585s][info][gc,reloc    ] GC(47) y: Survivor 2         2M (0%)           27M (0%)          15 / 13             0 / 0              0 / 0        
[359.585s][info][gc,reloc    ] GC(47) y: Survivor 3         0M (0%)            3M (0%)           2 / 2              0 / 0              0 / 0        
[359.585s][info][gc,reloc    ] GC(47) y: Survivor 4         0M (0%)            3M (0%)           2 / 2              0 / 0              0 / 0        
[359.585s][info][gc,reloc    ] GC(47) y: Survivor 5         0M (0%)            3M (0%)           2 / 1              0 / 0              0 / 0        
[359.585s][info][gc,heap     ] GC(47) y: Min Capacity: 8192M(100%)
[359.585s][info][gc,heap     ] GC(47) y: Max Capacity: 8192M(100%)
[359.585s][info][gc,heap     ] GC(47) y: Soft Max Capacity: 8192M(100%)
[359.585s][info][gc,heap     ] GC(47) y: Heap Statistics:
[359.585s][info][gc,heap     ] GC(47) y:                Mark Start          Mark End        Relocate Start      Relocate End           High               Low         
[359.585s][info][gc,heap     ] GC(47) y:  Capacity:     8192M (100%)       8192M (100%)       8192M (100%)       8192M (100%)       8192M (100%)       8192M (100%)   
[359.585s][info][gc,heap     ] GC(47) y:      Free:      796M (10%)         706M (9%)         3608M (44%)        7370M (90%)        7372M (90%)         706M (9%)     
[359.585s][info][gc,heap     ] GC(47) y:      Used:     7396M (90%)        7486M (91%)        4584M (56%)         822M (10%)        7486M (91%)         820M (10%)    
[359.585s][info][gc,heap     ] GC(47) y: Young Generation Statistics:
[359.585s][info][gc,heap     ] GC(47) y:                Mark Start          Mark End        Relocate Start      Relocate End    
[359.585s][info][gc,heap     ] GC(47) y:      Used:     6896M (84%)        6986M (85%)        4084M (50%)         322M (4%)     
[359.585s][info][gc,heap     ] GC(47) y:      Live:         -               111M (1%)          111M (1%)          111M (1%)     
[359.585s][info][gc,heap     ] GC(47) y:   Garbage:         -              6784M (83%)        3870M (47%)           0M (0%)     
[359.585s][info][gc,heap     ] GC(47) y: Allocated:         -                90M (1%)          102M (1%)          210M (3%)     
[359.585s][info][gc,heap     ] GC(47) y: Reclaimed:         -                  -              2914M (36%)        6784M (83%)    
[359.585s][info][gc,heap     ] GC(47) y:  Promoted:         -                  -                 0M (0%)            0M (0%)     
[359.585s][info][gc,heap     ] GC(47) y: Compacted:         -                  -                  -               111M (1%)     
[359.585s][info][gc,phases   ] GC(47) y: Young Generation 7396M(90%)->822M(10%) 0.226s
[359.585s][info][gc          ] GC(47) Minor Collection (Allocation Rate) 7396M(90%)->822M(10%) 0.227s
[366.970s][info][gc          ] GC(48) Minor Collection (Allocation Rate)
[366.970s][info][gc,task     ] GC(48) Using 1 Workers for Young Generation
[366.970s][info][gc,phases   ] GC(48) y: Young Generation
[366.970s][info][gc,phases   ] GC(48) y: Pause Mark Start 0.013ms
[367.082s][info][gc,phases   ] GC(48) y: Concurrent Mark 112.166ms
[367.082s][info][gc,phases   ] GC(48) y: Pause Mark End 0.009ms
[367.082s][info][gc,phases   ] GC(48) y: Concurrent Mark Free 0.000ms
[367.083s][info][gc,phases   ] GC(48) y: Concurrent Reset Relocation Set 0.312ms
[367.087s][info][gc,reloc    ] GC(48) y: Using tenuring threshold: 7 (Computed)
[367.091s][info][gc,phases   ] GC(48) y: Concurrent Select Relocation Set 8.388ms
[367.091s][info][gc,phases   ] GC(48) y: Pause Relocate Start 0.009ms
[367.162s][info][gc,phases   ] GC(48) y: Concurrent Relocate 70.770ms
[367.162s][info][gc,alloc    ] GC(48) y:                         Mark Start        Mark End      Relocate Start    Relocate End   
[367.162s][info][gc,alloc    ] GC(48) y: Allocation Stalls:          0                0                0                0         
[367.162s][info][gc,load     ] GC(48) y: Load: 0.00 (0%) / 0.00 (0%) / 0.00 (0%)
[367.162s][info][gc,mmu      ] GC(48) y: MMU: 2ms/76.4%, 5ms/90.6%, 10ms/95.3%, 20ms/97.6%, 50ms/99.1%, 100ms/99.5%
[367.162s][info][gc,marking  ] GC(48) y: Mark: 1 stripe(s), 2 proactive flush(es), 1 terminate flush(es), 0 completion(s), 0 continuation(s) 
[367.162s][info][gc,marking  ] GC(48) y: Mark Stack Usage: 32M
[367.162s][info][gc,nmethod  ] GC(48) y: NMethods: 7950 registered, 0 unregistered
[367.162s][info][gc,metaspace] GC(48) y: Metaspace: 130M used, 132M committed, 1152M reserved
[367.162s][info][gc,reloc    ] GC(48) y:                        Candidates     Selected     In-Place         Size        Empty    Relocated 
[367.162s][info][gc,reloc    ] GC(48) y: Small Pages:                 3521         1629            0        7042M        3690M          63M 
[367.162s][info][gc,reloc    ] GC(48) y: Medium Pages:                   0            0            0           0M           0M           0M 
[367.162s][info][gc,reloc    ] GC(48) y: Large Pages:                    0            0            0           0M           0M           0M 
[367.162s][info][gc,reloc    ] GC(48) y: Forwarding Usage: 22M
[367.162s][info][gc,reloc    ] GC(48) y: Age Table:
[367.162s][info][gc,reloc    ] GC(48) y:                    Live             Garbage             Small              Medium             Large        
[367.162s][info][gc,reloc    ] GC(48) y: Eden              76M (1%)         6811M (83%)       3444 / 1560           0 / 0              0 / 0        
[367.162s][info][gc,reloc    ] GC(48) y: Survivor 1         3M (0%)          108M (1%)          56 / 50             0 / 0              0 / 0        
[367.162s][info][gc,reloc    ] GC(48) y: Survivor 2         0M (0%)           15M (0%)           8 / 8              0 / 0              0 / 0        
[367.162s][info][gc,reloc    ] GC(48) y: Survivor 3         0M (0%)           11M (0%)           6 / 5              0 / 0              0 / 0        
[367.162s][info][gc,reloc    ] GC(48) y: Survivor 4         0M (0%)            3M (0%)           2 / 1              0 / 0              0 / 0        
[367.162s][info][gc,reloc    ] GC(48) y: Survivor 5         0M (0%)            3M (0%)           2 / 2              0 / 0              0 / 0        
[367.162s][info][gc,reloc    ] GC(48) y: Survivor 6         0M (0%)            5M (0%)           3 / 3              0 / 0              0 / 0        
[367.162s][info][gc,heap     ] GC(48) y: Min Capacity: 8192M(100%)
[367.162s][info][gc,heap     ] GC(48) y: Max Capacity: 8192M(100%)
[367.162s][info][gc,heap     ] GC(48) y: Soft Max Capacity: 8192M(100%)
[367.162s][info][gc,heap     ] GC(48) y: Heap Statistics:
[367.162s][info][gc,heap     ] GC(48) y:                Mark Start          Mark End        Relocate Start      Relocate End           High               Low         
[367.162s][info][gc,heap     ] GC(48) y:  Capacity:     8192M (100%)       8192M (100%)       8192M (100%)       8192M (100%)       8192M (100%)       8192M (100%)   
[367.162s][info][gc,heap     ] GC(48) y:      Free:      650M (8%)          446M (5%)         4112M (50%)        7168M (88%)        7170M (88%)         446M (5%)     
[367.162s][info][gc,heap     ] GC(48) y:      Used:     7542M (92%)        7746M (95%)        4080M (50%)        1024M (12%)        7746M (95%)        1022M (12%)    
[367.162s][info][gc,heap     ] GC(48) y: Young Generation Statistics:
[367.162s][info][gc,heap     ] GC(48) y:                Mark Start          Mark End        Relocate Start      Relocate End    
[367.162s][info][gc,heap     ] GC(48) y:      Used:     7042M (86%)        7246M (88%)        3580M (44%)         524M (6%)     
[367.162s][info][gc,heap     ] GC(48) y:      Live:         -                81M (1%)           81M (1%)           81M (1%)     
[367.162s][info][gc,heap     ] GC(48) y:   Garbage:         -              6960M (85%)        3270M (40%)           1M (0%)     
[367.162s][info][gc,heap     ] GC(48) y: Allocated:         -               204M (2%)          228M (3%)          440M (5%)     
[367.162s][info][gc,heap     ] GC(48) y: Reclaimed:         -                  -              3690M (45%)        6958M (85%)    
[367.162s][info][gc,heap     ] GC(48) y:  Promoted:         -                  -                 0M (0%)            0M (0%)     
[367.162s][info][gc,heap     ] GC(48) y: Compacted:         -                  -                  -                73M (1%)     
[367.162s][info][gc,phases   ] GC(48) y: Young Generation 7542M(92%)->1024M(12%) 0.192s
[367.163s][info][gc          ] GC(48) Minor Collection (Allocation Rate) 7542M(92%)->1026M(13%) 0.193s
[375.301s][info][gc          ] GC(49) Minor Collection (Allocation Rate)
[375.301s][info][gc,task     ] GC(49) Using 1 Workers for Young Generation
[375.301s][info][gc,phases   ] GC(49) y: Young Generation
[375.301s][info][gc,phases   ] GC(49) y: Pause Mark Start 0.012ms
[375.427s][info][gc,phases   ] GC(49) y: Concurrent Mark 125.894ms
[375.427s][info][gc,phases   ] GC(49) y: Pause Mark End 0.013ms
[375.427s][info][gc,phases   ] GC(49) y: Concurrent Mark Free 0.000ms
[375.427s][info][gc,phases   ] GC(49) y: Concurrent Reset Relocation Set 0.289ms
[375.432s][info][gc,reloc    ] GC(49) y: Using tenuring threshold: 5 (Computed)
[375.452s][info][gc,phases   ] GC(49) y: Concurrent Select Relocation Set 24.694ms
[375.452s][info][gc,phases   ] GC(49) y: Pause Relocate Start 0.009ms
[375.528s][info][gc,phases   ] GC(49) y: Concurrent Relocate 76.276ms
[375.528s][info][gc,alloc    ] GC(49) y:                         Mark Start        Mark End      Relocate Start    Relocate End   
[375.528s][info][gc,alloc    ] GC(49) y: Allocation Stalls:          0                0                0                0         
[375.528s][info][gc,load     ] GC(49) y: Load: 0.00 (0%) / 0.00 (0%) / 0.00 (0%)
[375.529s][info][gc,mmu      ] GC(49) y: MMU: 2ms/76.4%, 5ms/90.6%, 10ms/95.3%, 20ms/97.6%, 50ms/99.1%, 100ms/99.5%
[375.529s][info][gc,marking  ] GC(49) y: Mark: 1 stripe(s), 2 proactive flush(es), 1 terminate flush(es), 0 completion(s), 0 continuation(s) 
[375.529s][info][gc,marking  ] GC(49) y: Mark Stack Usage: 32M
[375.529s][info][gc,nmethod  ] GC(49) y: NMethods: 8010 registered, 0 unregistered
[375.529s][info][gc,metaspace] GC(49) y: Metaspace: 130M used, 132M committed, 1152M reserved
[375.529s][info][gc,reloc    ] GC(49) y:                        Candidates     Selected     In-Place         Size        Empty    Relocated 
[375.529s][info][gc,reloc    ] GC(49) y: Small Pages:                 3561         2206            0        7122M        2598M          83M 
[375.529s][info][gc,reloc    ] GC(49) y: Medium Pages:                   0            0            0           0M           0M           0M 
[375.529s][info][gc,reloc    ] GC(49) y: Large Pages:                    0            0            0           0M           0M           0M 
[375.529s][info][gc,reloc    ] GC(49) y: Forwarding Usage: 28M
[375.529s][info][gc,reloc    ] GC(49) y: Age Table:
[375.529s][info][gc,reloc    ] GC(49) y:                    Live             Garbage             Small              Medium             Large        
[375.529s][info][gc,reloc    ] GC(49) y: Eden              85M (1%)         6912M (84%)       3499 / 2159           0 / 0              0 / 0        
[375.529s][info][gc,reloc    ] GC(49) y: Survivor 1        10M (0%)           75M (1%)          43 / 33             0 / 0              0 / 0        
[375.529s][info][gc,reloc    ] GC(49) y: Survivor 2         0M (0%)           11M (0%)           6 / 4              0 / 0              0 / 0        
[375.529s][info][gc,reloc    ] GC(49) y: Survivor 3         0M (0%)            5M (0%)           3 / 1              0 / 0              0 / 0        
[375.529s][info][gc,reloc    ] GC(49) y: Survivor 4         0M (0%)            9M (0%)           5 / 5              0 / 0              0 / 0        
[375.529s][info][gc,reloc    ] GC(49) y: Survivor 5         0M (0%)            1M (0%)           1 / 1              0 / 0              0 / 0        
[375.529s][info][gc,reloc    ] GC(49) y: Survivor 6         0M (0%)            3M (0%)           2 / 1              0 / 0              0 / 0        
[375.529s][info][gc,reloc    ] GC(49) y: Survivor 7         0M (0%)            3M (0%)           2 / 2              0 / 0              0 / 0        
[375.529s][info][gc,heap     ] GC(49) y: Min Capacity: 8192M(100%)
[375.529s][info][gc,heap     ] GC(49) y: Max Capacity: 8192M(100%)
[375.529s][info][gc,heap     ] GC(49) y: Soft Max Capacity: 8192M(100%)
[375.529s][info][gc,heap     ] GC(49) y: Heap Statistics:
[375.529s][info][gc,heap     ] GC(49) y:                Mark Start          Mark End        Relocate Start      Relocate End           High               Low         
[375.529s][info][gc,heap     ] GC(49) y:  Capacity:     8192M (100%)       8192M (100%)       8192M (100%)       8192M (100%)       8192M (100%)       8192M (100%)   
[375.529s][info][gc,heap     ] GC(49) y:      Free:      570M (7%)          482M (6%)         3066M (37%)        7386M (90%)        7386M (90%)         482M (6%)     
[375.529s][info][gc,heap     ] GC(49) y:      Used:     7622M (93%)        7710M (94%)        5126M (63%)         806M (10%)        7710M (94%)         806M (10%)    
[375.529s][info][gc,heap     ] GC(49) y: Young Generation Statistics:
[375.529s][info][gc,heap     ] GC(49) y:                Mark Start          Mark End        Relocate Start      Relocate End    
[375.529s][info][gc,heap     ] GC(49) y:      Used:     7122M (87%)        7210M (88%)        4626M (56%)         302M (4%)     
[375.529s][info][gc,heap     ] GC(49) y:      Live:         -                97M (1%)           97M (1%)           96M (1%)     
[375.529s][info][gc,heap     ] GC(49) y:   Garbage:         -              7024M (86%)        4426M (54%)           1M (0%)     
[375.529s][info][gc,heap     ] GC(49) y: Allocated:         -                88M (1%)          102M (1%)          204M (2%)     
[375.529s][info][gc,heap     ] GC(49) y: Reclaimed:         -                  -              2598M (32%)        7023M (86%)    
[375.529s][info][gc,heap     ] GC(49) y:  Promoted:         -                  -                 0M (0%)            0M (0%)     
[375.529s][info][gc,heap     ] GC(49) y: Compacted:         -                  -                  -                93M (1%)     
[375.529s][info][gc,phases   ] GC(49) y: Young Generation 7622M(93%)->806M(10%) 0.228s
[375.529s][info][gc          ] GC(49) Minor Collection (Allocation Rate) 7622M(93%)->806M(10%) 0.228s
[382.996s][info][gc          ] GC(50) Minor Collection (Allocation Rate)
[382.996s][info][gc,task     ] GC(50) Using 1 Workers for Young Generation
[382.996s][info][gc,phases   ] GC(50) y: Young Generation
[382.996s][info][gc,phases   ] GC(50) y: Pause Mark Start 0.015ms
[383.119s][info][gc,phases   ] GC(50) y: Concurrent Mark 123.521ms
[383.119s][info][gc,phases   ] GC(50) y: Pause Mark End 0.009ms
[383.119s][info][gc,phases   ] GC(50) y: Concurrent Mark Free 0.001ms
[383.119s][info][gc,phases   ] GC(50) y: Concurrent Reset Relocation Set 0.172ms
[383.122s][info][gc,reloc    ] GC(50) y: Using tenuring threshold: 6 (Computed)
[383.124s][info][gc,phases   ] GC(50) y: Concurrent Select Relocation Set 4.686ms
[383.124s][info][gc,phases   ] GC(50) y: Pause Relocate Start 0.008ms
[383.199s][info][gc,phases   ] GC(50) y: Concurrent Relocate 75.079ms
[383.199s][info][gc,alloc    ] GC(50) y:                         Mark Start        Mark End      Relocate Start    Relocate End   
[383.199s][info][gc,alloc    ] GC(50) y: Allocation Stalls:          0                0                0                0         
[383.199s][info][gc,load     ] GC(50) y: Load: 0.00 (0%) / 0.00 (0%) / 0.00 (0%)
[383.199s][info][gc,mmu      ] GC(50) y: MMU: 2ms/76.4%, 5ms/90.6%, 10ms/95.3%, 20ms/97.6%, 50ms/99.1%, 100ms/99.5%
[383.199s][info][gc,marking  ] GC(50) y: Mark: 1 stripe(s), 2 proactive flush(es), 1 terminate flush(es), 0 completion(s), 0 continuation(s) 
[383.199s][info][gc,marking  ] GC(50) y: Mark Stack Usage: 32M
[383.199s][info][gc,nmethod  ] GC(50) y: NMethods: 8026 registered, 0 unregistered
[383.199s][info][gc,metaspace] GC(50) y: Metaspace: 130M used, 132M committed, 1152M reserved
[383.199s][info][gc,reloc    ] GC(50) y:                        Candidates     Selected     In-Place         Size        Empty    Relocated 
[383.199s][info][gc,reloc    ] GC(50) y: Small Pages:                 3521         2023            0        7042M        2874M          91M 
[383.199s][info][gc,reloc    ] GC(50) y: Medium Pages:                   0            0            0           0M           0M           0M 
[383.200s][info][gc,reloc    ] GC(50) y: Large Pages:                    0            0            0           0M           0M           0M 
[383.200s][info][gc,reloc    ] GC(50) y: Forwarding Usage: 27M
[383.200s][info][gc,reloc    ] GC(50) y: Age Table:
[383.200s][info][gc,reloc    ] GC(50) y:                    Live             Garbage             Small              Medium             Large        
[383.200s][info][gc,reloc    ] GC(50) y: Eden              94M (1%)         6819M (83%)       3457 / 1968           0 / 0              0 / 0        
[383.200s][info][gc,reloc    ] GC(50) y: Survivor 1         9M (0%)           84M (1%)          47 / 42             0 / 0              0 / 0        
[383.200s][info][gc,reloc    ] GC(50) y: Survivor 2         1M (0%)           18M (0%)          10 / 8              0 / 0              0 / 0        
[383.200s][info][gc,reloc    ] GC(50) y: Survivor 3         0M (0%)            3M (0%)           2 / 2              0 / 0              0 / 0        
[383.200s][info][gc,reloc    ] GC(50) y: Survivor 4         0M (0%)            5M (0%)           3 / 2              0 / 0              0 / 0        
[383.200s][info][gc,reloc    ] GC(50) y: Survivor 5         0M (0%)            3M (0%)           2 / 1              0 / 0              0 / 0        
[383.200s][info][gc,heap     ] GC(50) y: Min Capacity: 8192M(100%)
[383.200s][info][gc,heap     ] GC(50) y: Max Capacity: 8192M(100%)
[383.200s][info][gc,heap     ] GC(50) y: Soft Max Capacity: 8192M(100%)
[383.200s][info][gc,heap     ] GC(50) y: Heap Statistics:
[383.200s][info][gc,heap     ] GC(50) y:                Mark Start          Mark End        Relocate Start      Relocate End           High               Low         
[383.200s][info][gc,heap     ] GC(50) y:  Capacity:     8192M (100%)       8192M (100%)       8192M (100%)       8192M (100%)       8192M (100%)       8192M (100%)   
[383.200s][info][gc,heap     ] GC(50) y:      Free:      646M (8%)          548M (7%)         3422M (42%)        7378M (90%)        7380M (90%)         548M (7%)     
[383.200s][info][gc,heap     ] GC(50) y:      Used:     7546M (92%)        7644M (93%)        4770M (58%)         814M (10%)        7644M (93%)         812M (10%)    
[383.200s][info][gc,heap     ] GC(50) y: Young Generation Statistics:
[383.200s][info][gc,heap     ] GC(50) y:                Mark Start          Mark End        Relocate Start      Relocate End    
[383.200s][info][gc,heap     ] GC(50) y:      Used:     7042M (86%)        7140M (87%)        4266M (52%)         310M (4%)     
[383.200s][info][gc,heap     ] GC(50) y:      Live:         -               105M (1%)          105M (1%)          105M (1%)     
[383.200s][info][gc,heap     ] GC(50) y:   Garbage:         -              6936M (85%)        4062M (50%)           0M (0%)     
[383.200s][info][gc,heap     ] GC(50) y: Allocated:         -                98M (1%)           98M (1%)          203M (2%)     
[383.200s][info][gc,heap     ] GC(50) y: Reclaimed:         -                  -              2874M (35%)        6935M (85%)    
[383.200s][info][gc,heap     ] GC(50) y:  Promoted:         -                  -                 0M (0%)            0M (0%)     
[383.200s][info][gc,heap     ] GC(50) y: Compacted:         -                  -                  -               104M (1%)     
[383.200s][info][gc,phases   ] GC(50) y: Young Generation 7546M(92%)->814M(10%) 0.204s
[383.200s][info][gc          ] GC(50) Minor Collection (Allocation Rate) 7546M(92%)->814M(10%) 0.204s
[391.754s][info][gc          ] GC(51) Minor Collection (Allocation Rate)
[391.754s][info][gc,task     ] GC(51) Using 1 Workers for Young Generation
[391.754s][info][gc,phases   ] GC(51) y: Young Generation
[391.754s][info][gc,phases   ] GC(51) y: Pause Mark Start 0.013ms
[391.844s][info][gc,phases   ] GC(51) y: Concurrent Mark 89.380ms
[391.844s][info][gc,phases   ] GC(51) y: Pause Mark End 0.009ms
[391.844s][info][gc,phases   ] GC(51) y: Concurrent Mark Free 0.001ms
[391.844s][info][gc,phases   ] GC(51) y: Concurrent Reset Relocation Set 0.173ms
[391.846s][info][gc,reloc    ] GC(51) y: Using tenuring threshold: 7 (Computed)
[391.848s][info][gc,phases   ] GC(51) y: Concurrent Select Relocation Set 4.069ms
[391.848s][info][gc,phases   ] GC(51) y: Pause Relocate Start 0.007ms
[391.901s][info][gc,phases   ] GC(51) y: Concurrent Relocate 52.864ms
[391.901s][info][gc,alloc    ] GC(51) y:                         Mark Start        Mark End      Relocate Start    Relocate End   
[391.901s][info][gc,alloc    ] GC(51) y: Allocation Stalls:          0                0                0                0         
[391.901s][info][gc,load     ] GC(51) y: Load: 0.00 (0%) / 0.00 (0%) / 0.00 (0%)
[391.901s][info][gc,mmu      ] GC(51) y: MMU: 2ms/76.4%, 5ms/90.6%, 10ms/95.3%, 20ms/97.6%, 50ms/99.1%, 100ms/99.5%
[391.901s][info][gc,marking  ] GC(51) y: Mark: 1 stripe(s), 2 proactive flush(es), 1 terminate flush(es), 0 completion(s), 0 continuation(s) 
[391.901s][info][gc,marking  ] GC(51) y: Mark Stack Usage: 32M
[391.901s][info][gc,nmethod  ] GC(51) y: NMethods: 8147 registered, 0 unregistered
[391.901s][info][gc,metaspace] GC(51) y: Metaspace: 130M used, 132M committed, 1152M reserved
[391.901s][info][gc,reloc    ] GC(51) y:                        Candidates     Selected     In-Place         Size        Empty    Relocated 
[391.901s][info][gc,reloc    ] GC(51) y: Small Pages:                 3562         1567            0        7124M        3914M          55M 
[391.901s][info][gc,reloc    ] GC(51) y: Medium Pages:                   1            0            0          32M           0M           0M 
[391.901s][info][gc,reloc    ] GC(51) y: Large Pages:                    0            0            0           0M           0M           0M 
[391.901s][info][gc,reloc    ] GC(51) y: Forwarding Usage: 20M
[391.901s][info][gc,reloc    ] GC(51) y: Age Table:
[391.901s][info][gc,reloc    ] GC(51) y:                    Live             Garbage             Small              Medium             Large        
[391.901s][info][gc,reloc    ] GC(51) y: Eden              62M (1%)         6941M (85%)       3486 / 1497           1 / 0              0 / 0        
[391.901s][info][gc,reloc    ] GC(51) y: Survivor 1         0M (0%)          103M (1%)          52 / 47             0 / 0              0 / 0        
[391.901s][info][gc,reloc    ] GC(51) y: Survivor 2         1M (0%)           22M (0%)          12 / 12             0 / 0              0 / 0        
[391.901s][info][gc,reloc    ] GC(51) y: Survivor 3         0M (0%)            7M (0%)           4 / 4              0 / 0              0 / 0        
[391.901s][info][gc,reloc    ] GC(51) y: Survivor 4         0M (0%)            5M (0%)           3 / 2              0 / 0              0 / 0        
[391.901s][info][gc,reloc    ] GC(51) y: Survivor 5         0M (0%)            3M (0%)           2 / 2              0 / 0              0 / 0        
[391.902s][info][gc,reloc    ] GC(51) y: Survivor 6         0M (0%)            5M (0%)           3 / 3              0 / 0              0 / 0        
[391.902s][info][gc,heap     ] GC(51) y: Min Capacity: 8192M(100%)
[391.902s][info][gc,heap     ] GC(51) y: Max Capacity: 8192M(100%)
[391.902s][info][gc,heap     ] GC(51) y: Soft Max Capacity: 8192M(100%)
[391.902s][info][gc,heap     ] GC(51) y: Heap Statistics:
[391.902s][info][gc,heap     ] GC(51) y:                Mark Start          Mark End        Relocate Start      Relocate End           High               Low         
[391.902s][info][gc,heap     ] GC(51) y:  Capacity:     8192M (100%)       8192M (100%)       8192M (100%)       8192M (100%)       8192M (100%)       8192M (100%)   
[391.902s][info][gc,heap     ] GC(51) y:      Free:      532M (6%)          440M (5%)         4350M (53%)        7430M (91%)        7430M (91%)         440M (5%)     
[391.902s][info][gc,heap     ] GC(51) y:      Used:     7660M (94%)        7752M (95%)        3842M (47%)         762M (9%)         7752M (95%)         762M (9%)     
[391.902s][info][gc,heap     ] GC(51) y: Young Generation Statistics:
[391.902s][info][gc,heap     ] GC(51) y:                Mark Start          Mark End        Relocate Start      Relocate End    
[391.902s][info][gc,heap     ] GC(51) y:      Used:     7156M (87%)        7248M (88%)        3338M (41%)         258M (3%)     
[391.902s][info][gc,heap     ] GC(51) y:      Live:         -                66M (1%)           66M (1%)           66M (1%)     
[391.902s][info][gc,heap     ] GC(51) y:   Garbage:         -              7089M (87%)        3175M (39%)          32M (0%)     
[391.902s][info][gc,heap     ] GC(51) y: Allocated:         -                92M (1%)           96M (1%)          159M (2%)     
[391.902s][info][gc,heap     ] GC(51) y: Reclaimed:         -                  -              3914M (48%)        7057M (86%)    
[391.902s][info][gc,heap     ] GC(51) y:  Promoted:         -                  -                 0M (0%)            0M (0%)     
[391.902s][info][gc,heap     ] GC(51) y: Compacted:         -                  -                  -                64M (1%)     
[391.902s][info][gc,phases   ] GC(51) y: Young Generation 7660M(94%)->762M(9%) 0.147s
[391.902s][info][gc          ] GC(51) Minor Collection (Allocation Rate) 7660M(94%)->762M(9%) 0.147s
[400.681s][info][gc          ] GC(52) Minor Collection (Allocation Rate)
[400.681s][info][gc,task     ] GC(52) Using 1 Workers for Young Generation
[400.681s][info][gc,phases   ] GC(52) y: Young Generation
[400.681s][info][gc,phases   ] GC(52) y: Pause Mark Start 0.015ms
[400.793s][info][gc,phases   ] GC(52) y: Concurrent Mark 111.368ms
[400.793s][info][gc,phases   ] GC(52) y: Pause Mark End 0.013ms
[400.793s][info][gc,phases   ] GC(52) y: Concurrent Mark Free 0.000ms
[400.793s][info][gc,phases   ] GC(52) y: Concurrent Reset Relocation Set 0.201ms
[400.797s][info][gc,reloc    ] GC(52) y: Using tenuring threshold: 2 (Computed)
[400.812s][info][gc,phases   ] GC(52) y: Concurrent Select Relocation Set 19.228ms
[400.812s][info][gc,phases   ] GC(52) y: Pause Relocate Start 0.008ms
[400.877s][info][gc,phases   ] GC(52) y: Concurrent Relocate 64.366ms
[400.877s][info][gc,alloc    ] GC(52) y:                         Mark Start        Mark End      Relocate Start    Relocate End   
[400.877s][info][gc,alloc    ] GC(52) y: Allocation Stalls:          0                0                0                0         
[400.877s][info][gc,load     ] GC(52) y: Load: 0.00 (0%) / 0.00 (0%) / 0.00 (0%)
[400.877s][info][gc,mmu      ] GC(52) y: MMU: 2ms/76.4%, 5ms/90.6%, 10ms/95.3%, 20ms/97.6%, 50ms/99.1%, 100ms/99.5%
[400.877s][info][gc,marking  ] GC(52) y: Mark: 1 stripe(s), 2 proactive flush(es), 1 terminate flush(es), 0 completion(s), 0 continuation(s) 
[400.877s][info][gc,marking  ] GC(52) y: Mark Stack Usage: 32M
[400.877s][info][gc,nmethod  ] GC(52) y: NMethods: 8172 registered, 0 unregistered
[400.877s][info][gc,metaspace] GC(52) y: Metaspace: 130M used, 132M committed, 1152M reserved
[400.877s][info][gc,reloc    ] GC(52) y:                        Candidates     Selected     In-Place         Size        Empty    Relocated 
[400.877s][info][gc,reloc    ] GC(52) y: Small Pages:                 3579         2326            0        7158M        2412M          71M 
[400.877s][info][gc,reloc    ] GC(52) y: Medium Pages:                   1            0            0          32M           0M           0M 
[400.877s][info][gc,reloc    ] GC(52) y: Large Pages:                    0            0            0           0M           0M           0M 
[400.877s][info][gc,reloc    ] GC(52) y: Forwarding Usage: 26M
[400.877s][info][gc,reloc    ] GC(52) y: Age Table:
[400.877s][info][gc,reloc    ] GC(52) y:                    Live             Garbage             Small              Medium             Large        
[400.877s][info][gc,reloc    ] GC(52) y: Eden              73M (1%)         6976M (85%)       3525 / 2289           0 / 0              0 / 0        
[400.877s][info][gc,reloc    ] GC(52) y: Survivor 1         6M (0%)           95M (1%)          35 / 27             1 / 0              0 / 0        
[400.877s][info][gc,reloc    ] GC(52) y: Survivor 2         0M (0%)            9M (0%)           5 / 2              0 / 0              0 / 0        
[400.877s][info][gc,reloc    ] GC(52) y: Survivor 3         1M (0%)            8M (0%)           5 / 3              0 / 0              0 / 0        
[400.877s][info][gc,reloc    ] GC(52) y: Survivor 4         0M (0%)            7M (0%)           4 / 0              0 / 0              0 / 0        
[400.877s][info][gc,reloc    ] GC(52) y: Survivor 5         0M (0%)            3M (0%)           2 / 2              0 / 0              0 / 0        
[400.877s][info][gc,reloc    ] GC(52) y: Survivor 6         0M (0%)            3M (0%)           2 / 2              0 / 0              0 / 0        
[400.877s][info][gc,reloc    ] GC(52) y: Survivor 7         0M (0%)            1M (0%)           1 / 1              0 / 0              0 / 0        
[400.877s][info][gc,heap     ] GC(52) y: Min Capacity: 8192M(100%)
[400.877s][info][gc,heap     ] GC(52) y: Max Capacity: 8192M(100%)
[400.877s][info][gc,heap     ] GC(52) y: Soft Max Capacity: 8192M(100%)
[400.877s][info][gc,heap     ] GC(52) y: Heap Statistics:
[400.877s][info][gc,heap     ] GC(52) y:                Mark Start          Mark End        Relocate Start      Relocate End           High               Low         
[400.877s][info][gc,heap     ] GC(52) y:  Capacity:     8192M (100%)       8192M (100%)       8192M (100%)       8192M (100%)       8192M (100%)       8192M (100%)   
[400.877s][info][gc,heap     ] GC(52) y:      Free:      498M (6%)          380M (5%)         2784M (34%)        7398M (90%)        7398M (90%)         380M (5%)     
[400.877s][info][gc,heap     ] GC(52) y:      Used:     7694M (94%)        7812M (95%)        5408M (66%)         794M (10%)        7812M (95%)         794M (10%)    
[400.877s][info][gc,heap     ] GC(52) y: Young Generation Statistics:
[400.877s][info][gc,heap     ] GC(52) y:                Mark Start          Mark End        Relocate Start      Relocate End    
[400.877s][info][gc,heap     ] GC(52) y:      Used:     7190M (88%)        7308M (89%)        4904M (60%)         284M (3%)     
[400.877s][info][gc,heap     ] GC(52) y:      Live:         -                82M (1%)           82M (1%)           80M (1%)     
[400.877s][info][gc,heap     ] GC(52) y:   Garbage:         -              7107M (87%)        4695M (57%)          31M (0%)     
[400.877s][info][gc,heap     ] GC(52) y: Allocated:         -               118M (1%)          126M (2%)          171M (2%)     
[400.877s][info][gc,heap     ] GC(52) y: Reclaimed:         -                  -              2412M (29%)        7075M (86%)    
[400.877s][info][gc,heap     ] GC(52) y:  Promoted:         -                  -                 0M (0%)            1M (0%)     
[400.877s][info][gc,heap     ] GC(52) y: Compacted:         -                  -                  -                80M (1%)     
[400.877s][info][gc,phases   ] GC(52) y: Young Generation 7694M(94%)->794M(10%) 0.196s
[400.877s][info][gc          ] GC(52) Minor Collection (Allocation Rate) 7694M(94%)->796M(10%) 0.196s
[408.091s][info][gc          ] GC(53) Minor Collection (Allocation Rate)
[408.091s][info][gc,task     ] GC(53) Using 1 Workers for Young Generation
[408.091s][info][gc,phases   ] GC(53) y: Young Generation
[408.091s][info][gc,phases   ] GC(53) y: Pause Mark Start 0.013ms
[408.229s][info][gc,phases   ] GC(53) y: Concurrent Mark 137.675ms
[408.229s][info][gc,phases   ] GC(53) y: Pause Mark End 0.009ms
[408.229s][info][gc,phases   ] GC(53) y: Concurrent Mark Free 0.000ms
[408.229s][info][gc,phases   ] GC(53) y: Concurrent Reset Relocation Set 0.182ms
[408.233s][info][gc,reloc    ] GC(53) y: Using tenuring threshold: 3 (Computed)
[408.236s][info][gc,phases   ] GC(53) y: Concurrent Select Relocation Set 7.221ms
[408.237s][info][gc,phases   ] GC(53) y: Pause Relocate Start 0.009ms
[408.309s][info][gc,phases   ] GC(53) y: Concurrent Relocate 72.572ms
[408.309s][info][gc,alloc    ] GC(53) y:                         Mark Start        Mark End      Relocate Start    Relocate End   
[408.309s][info][gc,alloc    ] GC(53) y: Allocation Stalls:          0                0                0                0         
[408.309s][info][gc,load     ] GC(53) y: Load: 0.00 (0%) / 0.00 (0%) / 0.00 (0%)
[408.309s][info][gc,mmu      ] GC(53) y: MMU: 2ms/76.4%, 5ms/90.6%, 10ms/95.3%, 20ms/97.6%, 50ms/99.1%, 100ms/99.5%
[408.309s][info][gc,marking  ] GC(53) y: Mark: 1 stripe(s), 2 proactive flush(es), 1 terminate flush(es), 0 completion(s), 0 continuation(s) 
[408.309s][info][gc,marking  ] GC(53) y: Mark Stack Usage: 32M
[408.309s][info][gc,nmethod  ] GC(53) y: NMethods: 8187 registered, 0 unregistered
[408.309s][info][gc,metaspace] GC(53) y: Metaspace: 130M used, 132M committed, 1152M reserved
[408.309s][info][gc,reloc    ] GC(53) y:                        Candidates     Selected     In-Place         Size        Empty    Relocated 
[408.309s][info][gc,reloc    ] GC(53) y: Small Pages:                 3534         2098            0        7068M        2752M          92M 
[408.309s][info][gc,reloc    ] GC(53) y: Medium Pages:                   1            0            0          32M           0M           0M 
[408.309s][info][gc,reloc    ] GC(53) y: Large Pages:                    0            0            0           0M           0M           0M 
[408.309s][info][gc,reloc    ] GC(53) y: Forwarding Usage: 25M
[408.309s][info][gc,reloc    ] GC(53) y: Age Table:
[408.309s][info][gc,reloc    ] GC(53) y:                    Live             Garbage             Small              Medium             Large        
[408.309s][info][gc,reloc    ] GC(53) y: Eden              96M (1%)         6877M (84%)       3487 / 2055           0 / 0              0 / 0        
[408.309s][info][gc,reloc    ] GC(53) y: Survivor 1         5M (0%)           76M (1%)          41 / 38             0 / 0              0 / 0        
[408.309s][info][gc,reloc    ] GC(53) y: Survivor 2         3M (0%)           40M (0%)           6 / 5              1 / 0              0 / 0        
[408.309s][info][gc,heap     ] GC(53) y: Min Capacity: 8192M(100%)
[408.309s][info][gc,heap     ] GC(53) y: Max Capacity: 8192M(100%)
[408.309s][info][gc,heap     ] GC(53) y: Soft Max Capacity: 8192M(100%)
[408.309s][info][gc,heap     ] GC(53) y: Heap Statistics:
[408.309s][info][gc,heap     ] GC(53) y:                Mark Start          Mark End        Relocate Start      Relocate End           High               Low         
[408.309s][info][gc,heap     ] GC(53) y:  Capacity:     8192M (100%)       8192M (100%)       8192M (100%)       8192M (100%)       8192M (100%)       8192M (100%)   
[408.309s][info][gc,heap     ] GC(53) y:      Free:      582M (7%)          484M (6%)         3234M (39%)        7360M (90%)        7360M (90%)         484M (6%)     
[408.309s][info][gc,heap     ] GC(53) y:      Used:     7610M (93%)        7708M (94%)        4958M (61%)         832M (10%)        7708M (94%)         832M (10%)    
[408.309s][info][gc,heap     ] GC(53) y: Young Generation Statistics:
[408.309s][info][gc,heap     ] GC(53) y:                Mark Start          Mark End        Relocate Start      Relocate End    
[408.309s][info][gc,heap     ] GC(53) y:      Used:     7100M (87%)        7198M (88%)        4448M (54%)         322M (4%)     
[408.309s][info][gc,heap     ] GC(53) y:      Live:         -               105M (1%)          105M (1%)          105M (1%)     
[408.309s][info][gc,heap     ] GC(53) y:   Garbage:         -              6994M (85%)        4242M (52%)          31M (0%)     
[408.309s][info][gc,heap     ] GC(53) y: Allocated:         -                98M (1%)          100M (1%)          185M (2%)     
[408.310s][info][gc,heap     ] GC(53) y: Reclaimed:         -                  -              2752M (34%)        6963M (85%)    
[408.310s][info][gc,heap     ] GC(53) y:  Promoted:         -                  -                 0M (0%)            0M (0%)     
[408.310s][info][gc,heap     ] GC(53) y: Compacted:         -                  -                  -               104M (1%)     
[408.310s][info][gc,phases   ] GC(53) y: Young Generation 7610M(93%)->832M(10%) 0.218s
[408.310s][info][gc          ] GC(53) Minor Collection (Allocation Rate) 7610M(93%)->832M(10%) 0.219s
[416.580s][info][gc          ] GC(54) Minor Collection (Allocation Rate)
[416.580s][info][gc,task     ] GC(54) Using 1 Workers for Young Generation
[416.580s][info][gc,phases   ] GC(54) y: Young Generation
[416.580s][info][gc,phases   ] GC(54) y: Pause Mark Start 0.019ms
[416.688s][info][gc,phases   ] GC(54) y: Concurrent Mark 107.770ms
[416.688s][info][gc,phases   ] GC(54) y: Pause Mark End 0.010ms
[416.688s][info][gc,phases   ] GC(54) y: Concurrent Mark Free 0.000ms
[416.688s][info][gc,phases   ] GC(54) y: Concurrent Reset Relocation Set 0.206ms
[416.690s][info][gc,reloc    ] GC(54) y: Using tenuring threshold: 4 (Computed)
[416.694s][info][gc,phases   ] GC(54) y: Concurrent Select Relocation Set 5.826ms
[416.694s][info][gc,phases   ] GC(54) y: Pause Relocate Start 0.008ms
[416.760s][info][gc,phases   ] GC(54) y: Concurrent Relocate 65.907ms
[416.760s][info][gc,alloc    ] GC(54) y:                         Mark Start        Mark End      Relocate Start    Relocate End   
[416.760s][info][gc,alloc    ] GC(54) y: Allocation Stalls:          0                0                0                0         
[416.760s][info][gc,load     ] GC(54) y: Load: 0.00 (0%) / 0.00 (0%) / 0.00 (0%)
[416.760s][info][gc,mmu      ] GC(54) y: MMU: 2ms/76.4%, 5ms/90.6%, 10ms/95.3%, 20ms/97.6%, 50ms/99.1%, 100ms/99.5%
[416.760s][info][gc,marking  ] GC(54) y: Mark: 1 stripe(s), 2 proactive flush(es), 1 terminate flush(es), 0 completion(s), 0 continuation(s) 
[416.760s][info][gc,marking  ] GC(54) y: Mark Stack Usage: 32M
[416.760s][info][gc,nmethod  ] GC(54) y: NMethods: 8246 registered, 0 unregistered
[416.760s][info][gc,metaspace] GC(54) y: Metaspace: 130M used, 132M committed, 1152M reserved
[416.760s][info][gc,reloc    ] GC(54) y:                        Candidates     Selected     In-Place         Size        Empty    Relocated 
[416.760s][info][gc,reloc    ] GC(54) y: Small Pages:                 3457         1919            0        6914M        2982M          68M 
[416.760s][info][gc,reloc    ] GC(54) y: Medium Pages:                   2            1            0          64M           0M           1M 
[416.760s][info][gc,reloc    ] GC(54) y: Large Pages:                    0            0            0           0M           0M           0M 
[416.760s][info][gc,reloc    ] GC(54) y: Forwarding Usage: 24M
[416.760s][info][gc,reloc    ] GC(54) y: Age Table:
[416.760s][info][gc,reloc    ] GC(54) y:                    Live             Garbage             Small              Medium             Large        
[416.760s][info][gc,reloc    ] GC(54) y: Eden              78M (1%)         6739M (82%)       3393 / 1865           1 / 1              0 / 0        
[416.760s][info][gc,reloc    ] GC(54) y: Survivor 1         1M (0%)          100M (1%)          51 / 44             0 / 0              0 / 0        
[416.760s][info][gc,reloc    ] GC(54) y: Survivor 2         1M (0%)           12M (0%)           7 / 6              0 / 0              0 / 0        
[416.760s][info][gc,reloc    ] GC(54) y: Survivor 3         2M (0%)           41M (1%)           6 / 4              1 / 0              0 / 0        
[416.760s][info][gc,heap     ] GC(54) y: Min Capacity: 8192M(100%)
[416.760s][info][gc,heap     ] GC(54) y: Max Capacity: 8192M(100%)
[416.760s][info][gc,heap     ] GC(54) y: Soft Max Capacity: 8192M(100%)
[416.760s][info][gc,heap     ] GC(54) y: Heap Statistics:
[416.760s][info][gc,heap     ] GC(54) y:                Mark Start          Mark End        Relocate Start      Relocate End           High               Low         
[416.760s][info][gc,heap     ] GC(54) y:  Capacity:     8192M (100%)       8192M (100%)       8192M (100%)       8192M (100%)       8192M (100%)       8192M (100%)   
[416.760s][info][gc,heap     ] GC(54) y:      Free:      704M (9%)          634M (8%)         3608M (44%)        7388M (90%)        7388M (90%)         634M (8%)     
[416.760s][info][gc,heap     ] GC(54) y:      Used:     7488M (91%)        7558M (92%)        4584M (56%)         804M (10%)        7558M (92%)         804M (10%)    
[416.760s][info][gc,heap     ] GC(54) y: Young Generation Statistics:
[416.760s][info][gc,heap     ] GC(54) y:                Mark Start          Mark End        Relocate Start      Relocate End    
[416.760s][info][gc,heap     ] GC(54) y:      Used:     6978M (85%)        7048M (86%)        4074M (50%)         294M (4%)     
[416.760s][info][gc,heap     ] GC(54) y:      Live:         -                82M (1%)           82M (1%)           82M (1%)     
[416.760s][info][gc,heap     ] GC(54) y:   Garbage:         -              6895M (84%)        3913M (48%)           1M (0%)     
[416.760s][info][gc,heap     ] GC(54) y: Allocated:         -                70M (1%)           78M (1%)          209M (3%)     
[416.760s][info][gc,heap     ] GC(54) y: Reclaimed:         -                  -              2982M (36%)        6893M (84%)    
[416.760s][info][gc,heap     ] GC(54) y:  Promoted:         -                  -                 0M (0%)            0M (0%)     
[416.760s][info][gc,heap     ] GC(54) y: Compacted:         -                  -                  -                80M (1%)     
[416.760s][info][gc,phases   ] GC(54) y: Young Generation 7488M(91%)->804M(10%) 0.180s
[416.760s][info][gc          ] GC(54) Minor Collection (Allocation Rate) 7488M(91%)->804M(10%) 0.181s
[425.821s][info][gc          ] GC(55) Minor Collection (Allocation Rate)
[425.822s][info][gc,task     ] GC(55) Using 1 Workers for Young Generation
[425.822s][info][gc,phases   ] GC(55) y: Young Generation
[425.822s][info][gc,phases   ] GC(55) y: Pause Mark Start 0.012ms
[425.961s][info][gc,phases   ] GC(55) y: Concurrent Mark 139.056ms
[425.961s][info][gc,phases   ] GC(55) y: Pause Mark End 0.009ms
[425.961s][info][gc,phases   ] GC(55) y: Concurrent Mark Free 0.000ms
[425.961s][info][gc,phases   ] GC(55) y: Concurrent Reset Relocation Set 0.156ms
[425.964s][info][gc,reloc    ] GC(55) y: Using tenuring threshold: 2 (Computed)
[425.977s][info][gc,phases   ] GC(55) y: Concurrent Select Relocation Set 16.395ms
[425.978s][info][gc,phases   ] GC(55) y: Pause Relocate Start 0.009ms
[426.061s][info][gc,phases   ] GC(55) y: Concurrent Relocate 83.191ms
[426.061s][info][gc,alloc    ] GC(55) y:                         Mark Start        Mark End      Relocate Start    Relocate End   
[426.061s][info][gc,alloc    ] GC(55) y: Allocation Stalls:          0                0                0                0         
[426.061s][info][gc,load     ] GC(55) y: Load: 0.00 (0%) / 0.00 (0%) / 0.00 (0%)
[426.061s][info][gc,mmu      ] GC(55) y: MMU: 2ms/76.4%, 5ms/90.6%, 10ms/95.3%, 20ms/97.6%, 50ms/99.1%, 100ms/99.5%
[426.061s][info][gc,marking  ] GC(55) y: Mark: 1 stripe(s), 2 proactive flush(es), 1 terminate flush(es), 0 completion(s), 0 continuation(s) 
[426.061s][info][gc,marking  ] GC(55) y: Mark Stack Usage: 32M
[426.061s][info][gc,nmethod  ] GC(55) y: NMethods: 8287 registered, 0 unregistered
[426.061s][info][gc,metaspace] GC(55) y: Metaspace: 130M used, 132M committed, 1152M reserved
[426.061s][info][gc,reloc    ] GC(55) y:                        Candidates     Selected     In-Place         Size        Empty    Relocated 
[426.061s][info][gc,reloc    ] GC(55) y: Small Pages:                 3583         2181            0        7166M        2682M          88M 
[426.061s][info][gc,reloc    ] GC(55) y: Medium Pages:                   2            1            0          64M           0M           1M 
[426.061s][info][gc,reloc    ] GC(55) y: Large Pages:                    0            0            0           0M           0M           0M 
[426.061s][info][gc,reloc    ] GC(55) y: Forwarding Usage: 31M
[426.061s][info][gc,reloc    ] GC(55) y: Age Table:
[426.061s][info][gc,reloc    ] GC(55) y:                    Live             Garbage             Small              Medium             Large        
[426.061s][info][gc,reloc    ] GC(55) y: Eden              92M (1%)         6959M (85%)       3526 / 2140           0 / 0              0 / 0        
[426.061s][info][gc,reloc    ] GC(55) y: Survivor 1        11M (0%)          106M (1%)          43 / 34             1 / 1              0 / 0        
[426.061s][info][gc,reloc    ] GC(55) y: Survivor 2         0M (0%)            9M (0%)           5 / 2              0 / 0              0 / 0        
[426.061s][info][gc,reloc    ] GC(55) y: Survivor 3         0M (0%)           11M (0%)           6 / 5              0 / 0              0 / 0        
[426.061s][info][gc,reloc    ] GC(55) y: Survivor 4         2M (0%)           35M (0%)           3 / 0              1 / 0              0 / 0        
[426.061s][info][gc,heap     ] GC(55) y: Min Capacity: 8192M(100%)
[426.061s][info][gc,heap     ] GC(55) y: Max Capacity: 8192M(100%)
[426.061s][info][gc,heap     ] GC(55) y: Soft Max Capacity: 8192M(100%)
[426.061s][info][gc,heap     ] GC(55) y: Heap Statistics:
[426.061s][info][gc,heap     ] GC(55) y:                Mark Start          Mark End        Relocate Start      Relocate End           High               Low         
[426.061s][info][gc,heap     ] GC(55) y:  Capacity:     8192M (100%)       8192M (100%)       8192M (100%)       8192M (100%)       8192M (100%)       8192M (100%)   
[426.061s][info][gc,heap     ] GC(55) y:      Free:      452M (6%)          320M (4%)         2986M (36%)        7264M (89%)        7264M (89%)         320M (4%)     
[426.061s][info][gc,heap     ] GC(55) y:      Used:     7740M (94%)        7872M (96%)        5206M (64%)         928M (11%)        7872M (96%)         928M (11%)    
[426.061s][info][gc,heap     ] GC(55) y: Young Generation Statistics:
[426.061s][info][gc,heap     ] GC(55) y:                Mark Start          Mark End        Relocate Start      Relocate End    
[426.061s][info][gc,heap     ] GC(55) y:      Used:     7230M (88%)        7362M (90%)        4694M (57%)         380M (5%)     
[426.061s][info][gc,heap     ] GC(55) y:      Live:         -               107M (1%)          105M (1%)          104M (1%)     
[426.061s][info][gc,heap     ] GC(55) y:   Garbage:         -              7122M (87%)        4440M (54%)           1M (0%)     
[426.061s][info][gc,heap     ] GC(55) y: Allocated:         -               132M (2%)          148M (2%)          274M (3%)     
[426.061s][info][gc,heap     ] GC(55) y: Reclaimed:         -                  -              2682M (33%)        7121M (87%)    
[426.061s][info][gc,heap     ] GC(55) y:  Promoted:         -                  -                 1M (0%)            2M (0%)     
[426.061s][info][gc,heap     ] GC(55) y: Compacted:         -                  -                  -               101M (1%)     
[426.061s][info][gc,phases   ] GC(55) y: Young Generation 7740M(94%)->928M(11%) 0.239s
[426.061s][info][gc          ] GC(55) Minor Collection (Allocation Rate) 7740M(94%)->928M(11%) 0.240s
[432.440s][info][gc          ] GC(56) Minor Collection (Allocation Rate)
[432.440s][info][gc,task     ] GC(56) Using 1 Workers for Young Generation
[432.440s][info][gc,phases   ] GC(56) y: Young Generation
[432.440s][info][gc,phases   ] GC(56) y: Pause Mark Start 0.014ms
[432.621s][info][gc,phases   ] GC(56) y: Concurrent Mark 180.513ms
[432.621s][info][gc,phases   ] GC(56) y: Pause Mark End 0.009ms
[432.621s][info][gc,phases   ] GC(56) y: Concurrent Mark Free 0.000ms
[432.621s][info][gc,phases   ] GC(56) y: Concurrent Reset Relocation Set 0.217ms
[432.623s][info][gc,reloc    ] GC(56) y: Using tenuring threshold: 3 (Computed)
[432.642s][info][gc,phases   ] GC(56) y: Concurrent Select Relocation Set 20.826ms
[432.642s][info][gc,phases   ] GC(56) y: Pause Relocate Start 0.015ms
[432.792s][info][gc,phases   ] GC(56) y: Concurrent Relocate 149.576ms
[432.792s][info][gc,alloc    ] GC(56) y:                         Mark Start        Mark End      Relocate Start    Relocate End   
[432.792s][info][gc,alloc    ] GC(56) y: Allocation Stalls:          0                0                0                0         
[432.792s][info][gc,load     ] GC(56) y: Load: 0.00 (0%) / 0.00 (0%) / 0.00 (0%)
[432.792s][info][gc,mmu      ] GC(56) y: MMU: 2ms/76.4%, 5ms/90.6%, 10ms/95.3%, 20ms/97.6%, 50ms/99.1%, 100ms/99.5%
[432.792s][info][gc,marking  ] GC(56) y: Mark: 1 stripe(s), 2 proactive flush(es), 1 terminate flush(es), 0 completion(s), 0 continuation(s) 
[432.792s][info][gc,marking  ] GC(56) y: Mark Stack Usage: 32M
[432.792s][info][gc,nmethod  ] GC(56) y: NMethods: 8328 registered, 0 unregistered
[432.792s][info][gc,metaspace] GC(56) y: Metaspace: 130M used, 132M committed, 1152M reserved
[432.792s][info][gc,reloc    ] GC(56) y:                        Candidates     Selected     In-Place         Size        Empty    Relocated 
[432.792s][info][gc,reloc    ] GC(56) y: Small Pages:                 3383         1805            0        6766M        2984M         125M 
[432.792s][info][gc,reloc    ] GC(56) y: Medium Pages:                   1            0            0          32M           0M           0M 
[432.792s][info][gc,reloc    ] GC(56) y: Large Pages:                    0            0            0           0M           0M           0M 
[432.792s][info][gc,reloc    ] GC(56) y: Forwarding Usage: 41M
[432.792s][info][gc,reloc    ] GC(56) y: Age Table:
[432.792s][info][gc,reloc    ] GC(56) y:                    Live             Garbage             Small              Medium             Large        
[432.792s][info][gc,reloc    ] GC(56) y: Eden             131M (2%)         6506M (79%)       3319 / 1752           0 / 0              0 / 0        
[432.792s][info][gc,reloc    ] GC(56) y: Survivor 1        14M (0%)           89M (1%)          52 / 43             0 / 0              0 / 0        
[432.792s][info][gc,reloc    ] GC(56) y: Survivor 2         4M (0%)           51M (1%)          12 / 10             1 / 0              0 / 0        
[432.792s][info][gc,heap     ] GC(56) y: Min Capacity: 8192M(100%)
[432.792s][info][gc,heap     ] GC(56) y: Max Capacity: 8192M(100%)
[432.792s][info][gc,heap     ] GC(56) y: Soft Max Capacity: 8192M(100%)
[432.792s][info][gc,heap     ] GC(56) y: Heap Statistics:
[432.792s][info][gc,heap     ] GC(56) y:                Mark Start          Mark End        Relocate Start      Relocate End           High               Low         
[432.792s][info][gc,heap     ] GC(56) y:  Capacity:     8192M (100%)       8192M (100%)       8192M (100%)       8192M (100%)       8192M (100%)       8192M (100%)   
[432.792s][info][gc,heap     ] GC(56) y:      Free:      846M (10%)         586M (7%)         3544M (43%)        6794M (83%)        6844M (84%)         586M (7%)     
[432.792s][info][gc,heap     ] GC(56) y:      Used:     7346M (90%)        7606M (93%)        4648M (57%)        1398M (17%)        7606M (93%)        1348M (16%)    
[432.792s][info][gc,heap     ] GC(56) y: Young Generation Statistics:
[432.792s][info][gc,heap     ] GC(56) y:                Mark Start          Mark End        Relocate Start      Relocate End    
[432.792s][info][gc,heap     ] GC(56) y:      Used:     6798M (83%)        7058M (86%)        4100M (50%)         850M (10%)    
[432.792s][info][gc,heap     ] GC(56) y:      Live:         -               150M (2%)          150M (2%)          150M (2%)     
[432.792s][info][gc,heap     ] GC(56) y:   Garbage:         -              6647M (81%)        3663M (45%)          31M (0%)     
[432.792s][info][gc,heap     ] GC(56) y: Allocated:         -               260M (3%)          286M (3%)          667M (8%)     
[432.792s][info][gc,heap     ] GC(56) y: Reclaimed:         -                  -              2984M (36%)        6615M (81%)    
[432.792s][info][gc,heap     ] GC(56) y:  Promoted:         -                  -                 0M (0%)            0M (0%)     
[432.792s][info][gc,heap     ] GC(56) y: Compacted:         -                  -                  -               146M (2%)     
[432.792s][info][gc,phases   ] GC(56) y: Young Generation 7346M(90%)->1398M(17%) 0.352s
[432.792s][info][gc          ] GC(56) Minor Collection (Allocation Rate) 7346M(90%)->1402M(17%) 0.352s
[440.472s][info][gc          ] GC(57) Minor Collection (Allocation Rate)
[440.472s][info][gc,task     ] GC(57) Using 1 Workers for Young Generation
[440.472s][info][gc,phases   ] GC(57) y: Young Generation
[440.472s][info][gc,phases   ] GC(57) y: Pause Mark Start 0.012ms
[440.578s][info][gc,phases   ] GC(57) y: Concurrent Mark 105.148ms
[440.578s][info][gc,phases   ] GC(57) y: Pause Mark End 0.010ms
[440.578s][info][gc,phases   ] GC(57) y: Concurrent Mark Free 0.000ms
[440.578s][info][gc,phases   ] GC(57) y: Concurrent Reset Relocation Set 0.175ms
[440.581s][info][gc,reloc    ] GC(57) y: Using tenuring threshold: 4 (Computed)
[440.584s][info][gc,phases   ] GC(57) y: Concurrent Select Relocation Set 5.998ms
[440.584s][info][gc,phases   ] GC(57) y: Pause Relocate Start 0.009ms
[440.655s][info][gc,phases   ] GC(57) y: Concurrent Relocate 71.005ms
[440.655s][info][gc,alloc    ] GC(57) y:                         Mark Start        Mark End      Relocate Start    Relocate End   
[440.655s][info][gc,alloc    ] GC(57) y: Allocation Stalls:          0                0                0                0         
[440.655s][info][gc,load     ] GC(57) y: Load: 0.00 (0%) / 0.00 (0%) / 0.00 (0%)
[440.655s][info][gc,mmu      ] GC(57) y: MMU: 2ms/76.4%, 5ms/90.6%, 10ms/95.3%, 20ms/97.6%, 50ms/99.1%, 100ms/99.5%
[440.655s][info][gc,marking  ] GC(57) y: Mark: 1 stripe(s), 2 proactive flush(es), 1 terminate flush(es), 0 completion(s), 0 continuation(s) 
[440.655s][info][gc,marking  ] GC(57) y: Mark Stack Usage: 32M
[440.655s][info][gc,nmethod  ] GC(57) y: NMethods: 8377 registered, 0 unregistered
[440.655s][info][gc,metaspace] GC(57) y: Metaspace: 130M used, 132M committed, 1152M reserved
[440.655s][info][gc,reloc    ] GC(57) y:                        Candidates     Selected     In-Place         Size        Empty    Relocated 
[440.655s][info][gc,reloc    ] GC(57) y: Small Pages:                 3048         2051            0        6096M        1902M          71M 
[440.655s][info][gc,reloc    ] GC(57) y: Medium Pages:                   1            0            0          32M           0M           0M 
[440.655s][info][gc,reloc    ] GC(57) y: Large Pages:                    0            0            0           0M           0M           0M 
[440.655s][info][gc,reloc    ] GC(57) y: Forwarding Usage: 26M
[440.655s][info][gc,reloc    ] GC(57) y: Age Table:
[440.655s][info][gc,reloc    ] GC(57) y:                    Live             Garbage             Small              Medium             Large        
[440.655s][info][gc,reloc    ] GC(57) y: Eden              78M (1%)         5833M (71%)       2956 / 1983           0 / 0              0 / 0        
[440.655s][info][gc,reloc    ] GC(57) y: Survivor 1         0M (0%)          143M (2%)          72 / 51             0 / 0              0 / 0        
[440.655s][info][gc,reloc    ] GC(57) y: Survivor 2         0M (0%)           23M (0%)          12 / 11             0 / 0              0 / 0        
[440.655s][info][gc,reloc    ] GC(57) y: Survivor 3         1M (0%)           46M (1%)           8 / 6              1 / 0              0 / 0        
[440.655s][info][gc,heap     ] GC(57) y: Min Capacity: 8192M(100%)
[440.655s][info][gc,heap     ] GC(57) y: Max Capacity: 8192M(100%)
[440.655s][info][gc,heap     ] GC(57) y: Soft Max Capacity: 8192M(100%)
[440.655s][info][gc,heap     ] GC(57) y: Heap Statistics:
[440.655s][info][gc,heap     ] GC(57) y:                Mark Start          Mark End        Relocate Start      Relocate End           High               Low         
[440.655s][info][gc,heap     ] GC(57) y:  Capacity:     8192M (100%)       8192M (100%)       8192M (100%)       8192M (100%)       8192M (100%)       8192M (100%)   
[440.655s][info][gc,heap     ] GC(57) y:      Free:     1516M (19%)        1418M (17%)        3314M (40%)        7356M (90%)        7356M (90%)        1418M (17%)    
[440.655s][info][gc,heap     ] GC(57) y:      Used:     6676M (81%)        6774M (83%)        4878M (60%)         836M (10%)        6774M (83%)         836M (10%)    
[440.655s][info][gc,heap     ] GC(57) y: Young Generation Statistics:
[440.655s][info][gc,heap     ] GC(57) y:                Mark Start          Mark End        Relocate Start      Relocate End    
[440.655s][info][gc,heap     ] GC(57) y:      Used:     6128M (75%)        6226M (76%)        4330M (53%)         288M (4%)     
[440.655s][info][gc,heap     ] GC(57) y:      Live:         -                81M (1%)           81M (1%)           81M (1%)     
[440.655s][info][gc,heap     ] GC(57) y:   Garbage:         -              6046M (74%)        4144M (51%)          30M (0%)     
[440.655s][info][gc,heap     ] GC(57) y: Allocated:         -                98M (1%)          104M (1%)          175M (2%)     
[440.655s][info][gc,heap     ] GC(57) y: Reclaimed:         -                  -              1902M (23%)        6015M (73%)    
[440.655s][info][gc,heap     ] GC(57) y:  Promoted:         -                  -                 0M (0%)            0M (0%)     
[440.655s][info][gc,heap     ] GC(57) y: Compacted:         -                  -                  -                80M (1%)     
[440.656s][info][gc,phases   ] GC(57) y: Young Generation 6676M(81%)->836M(10%) 0.183s
[440.656s][info][gc          ] GC(57) Minor Collection (Allocation Rate) 6676M(81%)->836M(10%) 0.183s
[445.868s][info][gc          ] GC(58) Major Collection (Proactive)
[445.868s][info][gc,task     ] GC(58) Using 1 Workers for Young Generation
[445.868s][info][gc,task     ] GC(58) Using 1 Workers for Old Generation
[445.868s][info][gc,phases   ] GC(58) Y: Young Generation
[445.868s][info][gc,phases   ] GC(58) Y: Pause Mark Start (Major) 0.014ms
[445.998s][info][gc,phases   ] GC(58) Y: Concurrent Mark 129.934ms
[445.999s][info][gc,phases   ] GC(58) Y: Pause Mark End 0.017ms
[445.999s][info][gc,phases   ] GC(58) Y: Concurrent Mark Free 0.000ms
[445.999s][info][gc,phases   ] GC(58) Y: Concurrent Reset Relocation Set 0.266ms
[446.001s][info][gc,reloc    ] GC(58) Y: Using tenuring threshold: 5 (Computed)
[446.004s][info][gc,phases   ] GC(58) Y: Concurrent Select Relocation Set 4.979ms
[446.004s][info][gc,phases   ] GC(58) Y: Pause Relocate Start 0.008ms
[446.076s][info][gc,phases   ] GC(58) Y: Concurrent Relocate 72.462ms
[446.077s][info][gc,alloc    ] GC(58) Y:                         Mark Start        Mark End      Relocate Start    Relocate End   
[446.077s][info][gc,alloc    ] GC(58) Y: Allocation Stalls:          0                0                0                0         
[446.077s][info][gc,load     ] GC(58) Y: Load: 0.00 (0%) / 0.00 (0%) / 0.00 (0%)
[446.077s][info][gc,mmu      ] GC(58) Y: MMU: 2ms/76.4%, 5ms/90.6%, 10ms/95.3%, 20ms/97.6%, 50ms/99.1%, 100ms/99.5%
[446.077s][info][gc,marking  ] GC(58) Y: Mark: 1 stripe(s), 2 proactive flush(es), 1 terminate flush(es), 0 completion(s), 0 continuation(s) 
[446.077s][info][gc,marking  ] GC(58) Y: Mark Stack Usage: 32M
[446.077s][info][gc,nmethod  ] GC(58) Y: NMethods: 8497 registered, 0 unregistered
[446.077s][info][gc,metaspace] GC(58) Y: Metaspace: 131M used, 132M committed, 1152M reserved
[446.077s][info][gc,reloc    ] GC(58) Y:                        Candidates     Selected     In-Place         Size        Empty    Relocated 
[446.077s][info][gc,reloc    ] GC(58) Y: Small Pages:                 2083         1471            0        4166M        1132M          64M 
[446.077s][info][gc,reloc    ] GC(58) Y: Medium Pages:                   1            0            0          32M           0M           0M 
[446.077s][info][gc,reloc    ] GC(58) Y: Large Pages:                    0            0            0           0M           0M           0M 
[446.077s][info][gc,reloc    ] GC(58) Y: Forwarding Usage: 25M
[446.077s][info][gc,reloc    ] GC(58) Y: Age Table:
[446.077s][info][gc,reloc    ] GC(58) Y:                    Live             Garbage             Small              Medium             Large        
[446.077s][info][gc,reloc    ] GC(58) Y: Eden              57M (1%)         4004M (49%)       2031 / 1434           0 / 0              0 / 0        
[446.077s][info][gc,reloc    ] GC(58) Y: Survivor 1        20M (0%)           65M (1%)          43 / 30             0 / 0              0 / 0        
[446.077s][info][gc,reloc    ] GC(58) Y: Survivor 2         0M (0%)            5M (0%)           3 / 2              0 / 0              0 / 0        
[446.077s][info][gc,reloc    ] GC(58) Y: Survivor 3         0M (0%)            7M (0%)           4 / 4              0 / 0              0 / 0        
[446.077s][info][gc,reloc    ] GC(58) Y: Survivor 4         1M (0%)           34M (0%)           2 / 1              1 / 0              0 / 0        
[446.077s][info][gc,heap     ] GC(58) Y: Min Capacity: 8192M(100%)
[446.077s][info][gc,heap     ] GC(58) Y: Max Capacity: 8192M(100%)
[446.077s][info][gc,heap     ] GC(58) Y: Soft Max Capacity: 8192M(100%)
[446.077s][info][gc,heap     ] GC(58) Y: Heap Statistics:
[446.077s][info][gc,heap     ] GC(58) Y:                Mark Start          Mark End        Relocate Start      Relocate End           High               Low         
[446.077s][info][gc,heap     ] GC(58) Y:  Capacity:     8192M (100%)       8192M (100%)       8192M (100%)       8192M (100%)       8192M (100%)       8192M (100%)   
[446.077s][info][gc,heap     ] GC(58) Y:      Free:     3446M (42%)        3300M (40%)        4428M (54%)        7294M (89%)        7294M (89%)        3300M (40%)    
[446.077s][info][gc,heap     ] GC(58) Y:      Used:     4746M (58%)        4892M (60%)        3764M (46%)         898M (11%)        4892M (60%)         898M (11%)    
[446.077s][info][gc,heap     ] GC(58) Y: Young Generation Statistics:
[446.077s][info][gc,heap     ] GC(58) Y:                Mark Start          Mark End        Relocate Start      Relocate End    
[446.077s][info][gc,heap     ] GC(58) Y:      Used:     4198M (51%)        4344M (53%)        3216M (39%)         350M (4%)     
[446.077s][info][gc,heap     ] GC(58) Y:      Live:         -                80M (1%)           80M (1%)           80M (1%)     
[446.077s][info][gc,heap     ] GC(58) Y:   Garbage:         -              4117M (50%)        2985M (36%)          31M (0%)     
[446.077s][info][gc,heap     ] GC(58) Y: Allocated:         -               146M (2%)          150M (2%)          237M (3%)     
[446.077s][info][gc,heap     ] GC(58) Y: Reclaimed:         -                  -              1132M (14%)        4085M (50%)    
[446.077s][info][gc,heap     ] GC(58) Y:  Promoted:         -                  -                 0M (0%)            0M (0%)     
[446.077s][info][gc,heap     ] GC(58) Y: Compacted:         -                  -                  -                76M (1%)     
[446.077s][info][gc,phases   ] GC(58) Y: Young Generation 4746M(58%)->898M(11%) 0.208s
[446.077s][info][gc,phases   ] GC(58) O: Old Generation
[446.821s][info][gc,phases   ] GC(58) O: Concurrent Mark 743.849ms
[446.821s][info][gc,phases   ] GC(58) O: Pause Mark End 0.011ms
[446.821s][info][gc,phases   ] GC(58) O: Concurrent Mark Free 0.000ms
[446.837s][info][gc,phases   ] GC(58) O: Concurrent Process Non-Strong 16.085ms
[446.837s][info][gc,phases   ] GC(58) O: Concurrent Reset Relocation Set 0.005ms
[446.839s][info][gc,phases   ] GC(58) O: Concurrent Select Relocation Set 1.757ms
[446.839s][info][gc,task     ] GC(58) O: Using 2 Workers for Old Generation
[446.904s][info][gc,task     ] GC(58) O: Using 1 Workers for Old Generation
[446.904s][info][gc,phases   ] GC(58) O: Concurrent Remap Roots 65.003ms
[446.904s][info][gc,phases   ] GC(58) O: Pause Relocate Start 0.008ms
[446.968s][info][gc,phases   ] GC(58) O: Concurrent Relocate 64.309ms
[446.968s][info][gc,alloc    ] GC(58) O:                         Mark Start        Mark End      Relocate Start    Relocate End   
[446.968s][info][gc,alloc    ] GC(58) O: Allocation Stalls:          0                0                0                0         
[446.968s][info][gc,load     ] GC(58) O: Load: 0.00 (0%) / 0.00 (0%) / 0.00 (0%)
[446.968s][info][gc,mmu      ] GC(58) O: MMU: 2ms/76.4%, 5ms/90.6%, 10ms/95.3%, 20ms/97.6%, 50ms/99.1%, 100ms/99.5%
[446.968s][info][gc,marking  ] GC(58) O: Mark: 1 stripe(s), 2 proactive flush(es), 1 terminate flush(es), 0 completion(s), 0 continuation(s) 
[446.968s][info][gc,marking  ] GC(58) O: Mark Stack Usage: 32M
[446.968s][info][gc,nmethod  ] GC(58) O: NMethods: 8309 registered, 196 unregistered
[446.968s][info][gc,metaspace] GC(58) O: Metaspace: 131M used, 132M committed, 1152M reserved
[446.969s][info][gc,ref      ] GC(58) O:                       Encountered   Discovered     Enqueued 
[446.969s][info][gc,ref      ] GC(58) O: Soft References:             6085            0            0 
[446.969s][info][gc,ref      ] GC(58) O: Weak References:            23405        12659          124 
[446.969s][info][gc,ref      ] GC(58) O: Final References:              34            0            0 
[446.969s][info][gc,ref      ] GC(58) O: Phantom References:           881          632          104 
[446.969s][info][gc,reloc    ] GC(58) O:                        Candidates     Selected     In-Place         Size        Empty    Relocated 
[446.969s][info][gc,reloc    ] GC(58) O: Small Pages:                  242           13            0         484M           0M           1M 
[446.969s][info][gc,reloc    ] GC(58) O: Medium Pages:                   2            1            0          64M           0M          26M 
[446.969s][info][gc,reloc    ] GC(58) O: Large Pages:                    0            0            0           0M           0M           0M 
[446.969s][info][gc,reloc    ] GC(58) O: Forwarding Usage: 0M
[446.969s][info][gc,heap     ] GC(58) O: Min Capacity: 8192M(100%)
[446.969s][info][gc,heap     ] GC(58) O: Max Capacity: 8192M(100%)
[446.969s][info][gc,heap     ] GC(58) O: Soft Max Capacity: 8192M(100%)
[446.969s][info][gc,heap     ] GC(58) O: Heap Statistics:
[446.969s][info][gc,heap     ] GC(58) O:                Mark Start          Mark End        Relocate Start      Relocate End           High               Low         
[446.969s][info][gc,heap     ] GC(58) O:  Capacity:     8192M (100%)       8192M (100%)       8192M (100%)       8192M (100%)       8192M (100%)       8192M (100%)   
[446.969s][info][gc,heap     ] GC(58) O:      Free:     3446M (42%)        6644M (81%)        6578M (80%)        6558M (80%)        7294M (89%)        3300M (40%)    
[446.969s][info][gc,heap     ] GC(58) O:      Used:     4746M (58%)        1548M (19%)        1614M (20%)        1634M (20%)        4892M (60%)         898M (11%)    
[446.969s][info][gc,heap     ] GC(58) O: Old Generation Statistics:
[446.969s][info][gc,heap     ] GC(58) O:                Mark Start          Mark End        Relocate Start      Relocate End    
[446.969s][info][gc,heap     ] GC(58) O:      Used:      548M (7%)          548M (7%)          548M (7%)          538M (7%)     
[446.969s][info][gc,heap     ] GC(58) O:      Live:         -               467M (6%)          467M (6%)          467M (6%)     
[446.969s][info][gc,heap     ] GC(58) O:   Garbage:         -                80M (1%)           80M (1%)           17M (0%)     
[446.969s][info][gc,heap     ] GC(58) O: Allocated:         -                 0M (0%)            0M (0%)           53M (1%)     
[446.969s][info][gc,heap     ] GC(58) O: Reclaimed:         -                  -                 0M (0%)           63M (1%)     
[446.969s][info][gc,heap     ] GC(58) O: Compacted:         -                  -                  -                28M (0%)     
[446.969s][info][gc,phases   ] GC(58) O: Old Generation 898M(11%)->1634M(20%) 0.891s
[446.969s][info][gc          ] GC(58) Major Collection (Proactive) 4746M(58%)->1634M(20%) 1.100s
[452.895s][info][gc          ] GC(59) Minor Collection (Allocation Rate)
[452.895s][info][gc,task     ] GC(59) Using 1 Workers for Young Generation
[452.895s][info][gc,phases   ] GC(59) y: Young Generation
[452.895s][info][gc,phases   ] GC(59) y: Pause Mark Start 0.013ms
[453.090s][info][gc,phases   ] GC(59) y: Concurrent Mark 195.140ms
[453.090s][info][gc,phases   ] GC(59) y: Pause Mark End 0.009ms
[453.090s][info][gc,phases   ] GC(59) y: Concurrent Mark Free 0.000ms
[453.091s][info][gc,phases   ] GC(59) y: Concurrent Reset Relocation Set 0.191ms
[453.094s][info][gc,reloc    ] GC(59) y: Using tenuring threshold: 2 (Computed)
[453.115s][info][gc,phases   ] GC(59) y: Concurrent Select Relocation Set 23.959ms
[453.115s][info][gc,phases   ] GC(59) y: Pause Relocate Start 0.008ms
[453.237s][info][gc,phases   ] GC(59) y: Concurrent Relocate 122.068ms
[453.237s][info][gc,alloc    ] GC(59) y:                         Mark Start        Mark End      Relocate Start    Relocate End   
[453.237s][info][gc,alloc    ] GC(59) y: Allocation Stalls:          0                0                0                0         
[453.237s][info][gc,load     ] GC(59) y: Load: 0.00 (0%) / 0.00 (0%) / 0.00 (0%)
[453.237s][info][gc,mmu      ] GC(59) y: MMU: 2ms/76.4%, 5ms/90.6%, 10ms/95.3%, 20ms/97.6%, 50ms/99.1%, 100ms/99.5%
[453.237s][info][gc,marking  ] GC(59) y: Mark: 1 stripe(s), 2 proactive flush(es), 1 terminate flush(es), 0 completion(s), 0 continuation(s) 
[453.237s][info][gc,marking  ] GC(59) y: Mark Stack Usage: 32M
[453.237s][info][gc,nmethod  ] GC(59) y: NMethods: 8316 registered, 196 unregistered
[453.237s][info][gc,metaspace] GC(59) y: Metaspace: 131M used, 132M committed, 1152M reserved
[453.237s][info][gc,reloc    ] GC(59) y:                        Candidates     Selected     In-Place         Size        Empty    Relocated 
[453.237s][info][gc,reloc    ] GC(59) y: Small Pages:                 3404         2092            0        6808M        2456M         114M 
[453.237s][info][gc,reloc    ] GC(59) y: Medium Pages:                   1            0            0          32M           0M           0M 
[453.237s][info][gc,reloc    ] GC(59) y: Large Pages:                    0            0            0           0M           0M           0M 
[453.237s][info][gc,reloc    ] GC(59) y: Forwarding Usage: 39M
[453.237s][info][gc,reloc    ] GC(59) y: Age Table:
[453.237s][info][gc,reloc    ] GC(59) y:                    Live             Garbage             Small              Medium             Large        
[453.237s][info][gc,reloc    ] GC(59) y: Eden             138M (2%)         6543M (80%)       3341 / 2038           0 / 0              0 / 0        
[453.237s][info][gc,reloc    ] GC(59) y: Survivor 1         3M (0%)           60M (1%)          32 / 30             0 / 0              0 / 0        
[453.237s][info][gc,reloc    ] GC(59) y: Survivor 2         5M (0%)           28M (0%)          17 / 14             0 / 0              0 / 0        
[453.237s][info][gc,reloc    ] GC(59) y: Survivor 3         0M (0%)           11M (0%)           6 / 6              0 / 0              0 / 0        
[453.237s][info][gc,reloc    ] GC(59) y: Survivor 4         0M (0%)            9M (0%)           5 / 3              0 / 0              0 / 0        
[453.237s][info][gc,reloc    ] GC(59) y: Survivor 5         1M (0%)           36M (0%)           3 / 1              1 / 0              0 / 0        
[453.237s][info][gc,heap     ] GC(59) y: Min Capacity: 8192M(100%)
[453.237s][info][gc,heap     ] GC(59) y: Max Capacity: 8192M(100%)
[453.237s][info][gc,heap     ] GC(59) y: Soft Max Capacity: 8192M(100%)
[453.237s][info][gc,heap     ] GC(59) y: Heap Statistics:
[453.237s][info][gc,heap     ] GC(59) y:                Mark Start          Mark End        Relocate Start      Relocate End           High               Low         
[453.237s][info][gc,heap     ] GC(59) y:  Capacity:     8192M (100%)       8192M (100%)       8192M (100%)       8192M (100%)       8192M (100%)       8192M (100%)   
[453.237s][info][gc,heap     ] GC(59) y:      Free:      814M (10%)         556M (7%)         2980M (36%)        7058M (86%)        7068M (86%)         554M (7%)     
[453.237s][info][gc,heap     ] GC(59) y:      Used:     7378M (90%)        7636M (93%)        5212M (64%)        1134M (14%)        7638M (93%)        1124M (14%)    
[453.237s][info][gc,heap     ] GC(59) y: Young Generation Statistics:
[453.237s][info][gc,heap     ] GC(59) y:                Mark Start          Mark End        Relocate Start      Relocate End    
[453.237s][info][gc,heap     ] GC(59) y:      Used:     6840M (83%)        7098M (87%)        4642M (57%)         558M (7%)     
[453.237s][info][gc,heap     ] GC(59) y:      Live:         -               148M (2%)          147M (2%)          141M (2%)     
[453.237s][info][gc,heap     ] GC(59) y:   Garbage:         -              6691M (82%)        4204M (51%)           1M (0%)     
[453.237s][info][gc,heap     ] GC(59) y: Allocated:         -               258M (3%)          290M (4%)          414M (5%)     
[453.237s][info][gc,heap     ] GC(59) y: Reclaimed:         -                  -              2486M (30%)        6689M (82%)    
[453.237s][info][gc,heap     ] GC(59) y:  Promoted:         -                  -                 1M (0%)            7M (0%)     
[453.237s][info][gc,heap     ] GC(59) y: Compacted:         -                  -                  -               125M (2%)     
[453.237s][info][gc,phases   ] GC(59) y: Young Generation 7378M(90%)->1134M(14%) 0.342s
[453.237s][info][gc          ] GC(59) Minor Collection (Allocation Rate) 7378M(90%)->1138M(14%) 0.342s
[460.921s][info][gc          ] GC(60) Minor Collection (Allocation Rate)
[460.921s][info][gc,task     ] GC(60) Using 1 Workers for Young Generation
[460.921s][info][gc,phases   ] GC(60) y: Young Generation
[460.922s][info][gc,phases   ] GC(60) y: Pause Mark Start 0.013ms
[461.024s][info][gc,phases   ] GC(60) y: Concurrent Mark 102.613ms
[461.024s][info][gc,phases   ] GC(60) y: Pause Mark End 0.009ms
[461.024s][info][gc,phases   ] GC(60) y: Concurrent Mark Free 0.000ms
[461.025s][info][gc,phases   ] GC(60) y: Concurrent Reset Relocation Set 0.346ms
[461.028s][info][gc,reloc    ] GC(60) y: Using tenuring threshold: 3 (Computed)
[461.031s][info][gc,phases   ] GC(60) y: Concurrent Select Relocation Set 6.069ms
[461.031s][info][gc,phases   ] GC(60) y: Pause Relocate Start 0.008ms
[461.089s][info][gc,phases   ] GC(60) y: Concurrent Relocate 57.971ms
[461.089s][info][gc,alloc    ] GC(60) y:                         Mark Start        Mark End      Relocate Start    Relocate End   
[461.089s][info][gc,alloc    ] GC(60) y: Allocation Stalls:          0                0                0                0         
[461.089s][info][gc,load     ] GC(60) y: Load: 0.00 (0%) / 0.00 (0%) / 0.00 (0%)
[461.089s][info][gc,mmu      ] GC(60) y: MMU: 2ms/76.4%, 5ms/90.6%, 10ms/95.3%, 20ms/97.6%, 50ms/99.1%, 100ms/99.5%
[461.089s][info][gc,marking  ] GC(60) y: Mark: 1 stripe(s), 2 proactive flush(es), 1 terminate flush(es), 0 completion(s), 0 continuation(s) 
[461.089s][info][gc,marking  ] GC(60) y: Mark Stack Usage: 32M
[461.089s][info][gc,nmethod  ] GC(60) y: NMethods: 8340 registered, 196 unregistered
[461.089s][info][gc,metaspace] GC(60) y: Metaspace: 131M used, 132M committed, 1152M reserved
[461.089s][info][gc,reloc    ] GC(60) y:                        Candidates     Selected     In-Place         Size        Empty    Relocated 
[461.089s][info][gc,reloc    ] GC(60) y: Small Pages:                 3144         1500            0        6288M        3196M          68M 
[461.089s][info][gc,reloc    ] GC(60) y: Medium Pages:                   0            0            0           0M           0M           0M 
[461.089s][info][gc,reloc    ] GC(60) y: Large Pages:                    0            0            0           0M           0M           0M 
[461.089s][info][gc,reloc    ] GC(60) y: Forwarding Usage: 22M
[461.089s][info][gc,reloc    ] GC(60) y: Age Table:
[461.089s][info][gc,reloc    ] GC(60) y:                    Live             Garbage             Small              Medium             Large        
[461.089s][info][gc,reloc    ] GC(60) y: Eden              72M (1%)         6055M (74%)       3064 / 1436           0 / 0              0 / 0        
[461.089s][info][gc,reloc    ] GC(60) y: Survivor 1         5M (0%)          142M (2%)          74 / 59             0 / 0              0 / 0        
[461.089s][info][gc,reloc    ] GC(60) y: Survivor 2         1M (0%)           10M (0%)           6 / 5              0 / 0              0 / 0        
[461.089s][info][gc,heap     ] GC(60) y: Min Capacity: 8192M(100%)
[461.089s][info][gc,heap     ] GC(60) y: Max Capacity: 8192M(100%)
[461.089s][info][gc,heap     ] GC(60) y: Soft Max Capacity: 8192M(100%)
[461.089s][info][gc,heap     ] GC(60) y: Heap Statistics:
[461.089s][info][gc,heap     ] GC(60) y:                Mark Start          Mark End        Relocate Start      Relocate End           High               Low         
[461.089s][info][gc,heap     ] GC(60) y:  Capacity:     8192M (100%)       8192M (100%)       8192M (100%)       8192M (100%)       8192M (100%)       8192M (100%)   
[461.089s][info][gc,heap     ] GC(60) y:      Free:     1328M (16%)        1220M (15%)        4414M (54%)        7360M (90%)        7360M (90%)        1220M (15%)    
[461.089s][info][gc,heap     ] GC(60) y:      Used:     6864M (84%)        6972M (85%)        3778M (46%)         832M (10%)        6972M (85%)         832M (10%)    
[461.089s][info][gc,heap     ] GC(60) y: Young Generation Statistics:
[461.089s][info][gc,heap     ] GC(60) y:                Mark Start          Mark End        Relocate Start      Relocate End    
[461.089s][info][gc,heap     ] GC(60) y:      Used:     6288M (77%)        6396M (78%)        3202M (39%)         256M (3%)     
[461.089s][info][gc,heap     ] GC(60) y:      Live:         -                79M (1%)           79M (1%)           79M (1%)     
[461.089s][info][gc,heap     ] GC(60) y:   Garbage:         -              6208M (76%)        3012M (37%)           1M (0%)     
[461.089s][info][gc,heap     ] GC(60) y: Allocated:         -               108M (1%)          110M (1%)          175M (2%)     
[461.089s][info][gc,heap     ] GC(60) y: Reclaimed:         -                  -              3196M (39%)        6207M (76%)    
[461.089s][info][gc,heap     ] GC(60) y:  Promoted:         -                  -                 0M (0%)            0M (0%)     
[461.089s][info][gc,heap     ] GC(60) y: Compacted:         -                  -                  -                76M (1%)     
[461.089s][info][gc,phases   ] GC(60) y: Young Generation 6864M(84%)->832M(10%) 0.167s
[461.089s][info][gc          ] GC(60) Minor Collection (Allocation Rate) 6864M(84%)->832M(10%) 0.168s
[469.161s][info][gc          ] GC(61) Minor Collection (Allocation Rate)
[469.161s][info][gc,task     ] GC(61) Using 1 Workers for Young Generation
[469.161s][info][gc,phases   ] GC(61) y: Young Generation
[469.161s][info][gc,phases   ] GC(61) y: Pause Mark Start 0.013ms
[469.298s][info][gc,phases   ] GC(61) y: Concurrent Mark 137.598ms
[469.298s][info][gc,phases   ] GC(61) y: Pause Mark End 0.010ms
[469.298s][info][gc,phases   ] GC(61) y: Concurrent Mark Free 0.000ms
[469.299s][info][gc,phases   ] GC(61) y: Concurrent Reset Relocation Set 0.126ms
[469.301s][info][gc,reloc    ] GC(61) y: Using tenuring threshold: 4 (Computed)
[469.315s][info][gc,phases   ] GC(61) y: Concurrent Select Relocation Set 16.174ms
[469.315s][info][gc,phases   ] GC(61) y: Pause Relocate Start 0.008ms
[469.402s][info][gc,phases   ] GC(61) y: Concurrent Relocate 86.871ms
[469.402s][info][gc,alloc    ] GC(61) y:                         Mark Start        Mark End      Relocate Start    Relocate End   
[469.402s][info][gc,alloc    ] GC(61) y: Allocation Stalls:          0                0                0                0         
[469.402s][info][gc,load     ] GC(61) y: Load: 0.00 (0%) / 0.00 (0%) / 0.00 (0%)
[469.402s][info][gc,mmu      ] GC(61) y: MMU: 2ms/76.4%, 5ms/90.6%, 10ms/95.3%, 20ms/97.6%, 50ms/99.1%, 100ms/99.5%
[469.402s][info][gc,marking  ] GC(61) y: Mark: 1 stripe(s), 2 proactive flush(es), 1 terminate flush(es), 0 completion(s), 0 continuation(s) 
[469.402s][info][gc,marking  ] GC(61) y: Mark Stack Usage: 32M
[469.402s][info][gc,nmethod  ] GC(61) y: NMethods: 8365 registered, 196 unregistered
[469.402s][info][gc,metaspace] GC(61) y: Metaspace: 131M used, 132M committed, 1152M reserved
[469.402s][info][gc,reloc    ] GC(61) y:                        Candidates     Selected     In-Place         Size        Empty    Relocated 
[469.402s][info][gc,reloc    ] GC(61) y: Small Pages:                 3375         2342            0        6750M        1940M          93M 
[469.402s][info][gc,reloc    ] GC(61) y: Medium Pages:                   0            0            0           0M           0M           0M 
[469.402s][info][gc,reloc    ] GC(61) y: Large Pages:                    0            0            0           0M           0M           0M 
[469.402s][info][gc,reloc    ] GC(61) y: Forwarding Usage: 33M
[469.402s][info][gc,reloc    ] GC(61) y: Age Table:
[469.402s][info][gc,reloc    ] GC(61) y:                    Live             Garbage             Small              Medium             Large        
[469.402s][info][gc,reloc    ] GC(61) y: Eden              98M (1%)         6543M (80%)       3321 / 2295           0 / 0              0 / 0        
[469.402s][info][gc,reloc    ] GC(61) y: Survivor 1         8M (0%)           73M (1%)          41 / 37             0 / 0              0 / 0        
[469.402s][info][gc,reloc    ] GC(61) y: Survivor 2         2M (0%)           13M (0%)           8 / 6              0 / 0              0 / 0        
[469.402s][info][gc,reloc    ] GC(61) y: Survivor 3         0M (0%)            9M (0%)           5 / 4              0 / 0              0 / 0        
[469.402s][info][gc,heap     ] GC(61) y: Min Capacity: 8192M(100%)
[469.402s][info][gc,heap     ] GC(61) y: Max Capacity: 8192M(100%)
[469.402s][info][gc,heap     ] GC(61) y: Soft Max Capacity: 8192M(100%)
[469.402s][info][gc,heap     ] GC(61) y: Heap Statistics:
[469.402s][info][gc,heap     ] GC(61) y:                Mark Start          Mark End        Relocate Start      Relocate End           High               Low         
[469.402s][info][gc,heap     ] GC(61) y:  Capacity:     8192M (100%)       8192M (100%)       8192M (100%)       8192M (100%)       8192M (100%)       8192M (100%)   
[469.402s][info][gc,heap     ] GC(61) y:      Free:      866M (11%)         756M (9%)         2682M (33%)        7284M (89%)        7286M (89%)         756M (9%)     
[469.402s][info][gc,heap     ] GC(61) y:      Used:     7326M (89%)        7436M (91%)        5510M (67%)         908M (11%)        7436M (91%)         906M (11%)    
[469.402s][info][gc,heap     ] GC(61) y: Young Generation Statistics:
[469.402s][info][gc,heap     ] GC(61) y:                Mark Start          Mark End        Relocate Start      Relocate End    
[469.402s][info][gc,heap     ] GC(61) y:      Used:     6750M (82%)        6860M (84%)        4934M (60%)         332M (4%)     
[469.402s][info][gc,heap     ] GC(61) y:      Live:         -               109M (1%)          109M (1%)          109M (1%)     
[469.402s][info][gc,heap     ] GC(61) y:   Garbage:         -              6640M (81%)        4700M (57%)           0M (0%)     
[469.402s][info][gc,heap     ] GC(61) y: Allocated:         -               110M (1%)          124M (2%)          222M (3%)     
[469.402s][info][gc,heap     ] GC(61) y: Reclaimed:         -                  -              1940M (24%)        6640M (81%)    
[469.402s][info][gc,heap     ] GC(61) y:  Promoted:         -                  -                 0M (0%)            0M (0%)     
[469.402s][info][gc,heap     ] GC(61) y: Compacted:         -                  -                  -               107M (1%)     
[469.402s][info][gc,phases   ] GC(61) y: Young Generation 7326M(89%)->908M(11%) 0.241s
[469.402s][info][gc          ] GC(61) Minor Collection (Allocation Rate) 7326M(89%)->908M(11%) 0.242s
[475.925s][info][gc          ] GC(62) Minor Collection (Allocation Rate)
[475.925s][info][gc,task     ] GC(62) Using 1 Workers for Young Generation
[475.925s][info][gc,phases   ] GC(62) y: Young Generation
[475.925s][info][gc,phases   ] GC(62) y: Pause Mark Start 0.013ms
[476.079s][info][gc,phases   ] GC(62) y: Concurrent Mark 154.689ms
[476.080s][info][gc,phases   ] GC(62) y: Pause Mark End 0.009ms
[476.080s][info][gc,phases   ] GC(62) y: Concurrent Mark Free 0.000ms
[476.080s][info][gc,phases   ] GC(62) y: Concurrent Reset Relocation Set 0.218ms
[476.082s][info][gc,reloc    ] GC(62) y: Using tenuring threshold: 5 (Computed)
[476.108s][info][gc,phases   ] GC(62) y: Concurrent Select Relocation Set 28.148ms
[476.108s][info][gc,phases   ] GC(62) y: Pause Relocate Start 0.014ms
[476.216s][info][gc,phases   ] GC(62) y: Concurrent Relocate 107.818ms
[476.216s][info][gc,alloc    ] GC(62) y:                         Mark Start        Mark End      Relocate Start    Relocate End   
[476.216s][info][gc,alloc    ] GC(62) y: Allocation Stalls:          0                0                0                0         
[476.216s][info][gc,load     ] GC(62) y: Load: 0.00 (0%) / 0.00 (0%) / 0.00 (0%)
[476.216s][info][gc,mmu      ] GC(62) y: MMU: 2ms/76.4%, 5ms/90.6%, 10ms/95.3%, 20ms/97.6%, 50ms/99.1%, 100ms/99.5%
[476.216s][info][gc,marking  ] GC(62) y: Mark: 1 stripe(s), 2 proactive flush(es), 1 terminate flush(es), 0 completion(s), 0 continuation(s) 
[476.216s][info][gc,marking  ] GC(62) y: Mark Stack Usage: 32M
[476.216s][info][gc,nmethod  ] GC(62) y: NMethods: 8372 registered, 196 unregistered
[476.216s][info][gc,metaspace] GC(62) y: Metaspace: 131M used, 132M committed, 1152M reserved
[476.216s][info][gc,reloc    ] GC(62) y:                        Candidates     Selected     In-Place         Size        Empty    Relocated 
[476.216s][info][gc,reloc    ] GC(62) y: Small Pages:                 3358         1842            0        6716M        2878M         112M 
[476.216s][info][gc,reloc    ] GC(62) y: Medium Pages:                   0            0            0           0M           0M           0M 
[476.216s][info][gc,reloc    ] GC(62) y: Large Pages:                    0            0            0           0M           0M           0M 
[476.216s][info][gc,reloc    ] GC(62) y: Forwarding Usage: 36M
[476.216s][info][gc,reloc    ] GC(62) y: Age Table:
[476.216s][info][gc,reloc    ] GC(62) y:                    Live             Garbage             Small              Medium             Large        
[476.216s][info][gc,reloc    ] GC(62) y: Eden             117M (1%)         6460M (79%)       3289 / 1783           0 / 0              0 / 0        
[476.216s][info][gc,reloc    ] GC(62) y: Survivor 1         9M (0%)           98M (1%)          54 / 50             0 / 0              0 / 0        
[476.216s][info][gc,reloc    ] GC(62) y: Survivor 2         3M (0%)           14M (0%)           9 / 7              0 / 0              0 / 0        
[476.216s][info][gc,reloc    ] GC(62) y: Survivor 3         2M (0%)            1M (0%)           2 / 1              0 / 0              0 / 0        
[476.216s][info][gc,reloc    ] GC(62) y: Survivor 4         0M (0%)            7M (0%)           4 / 1              0 / 0              0 / 0        
[476.216s][info][gc,heap     ] GC(62) y: Min Capacity: 8192M(100%)
[476.216s][info][gc,heap     ] GC(62) y: Max Capacity: 8192M(100%)
[476.216s][info][gc,heap     ] GC(62) y: Soft Max Capacity: 8192M(100%)
[476.216s][info][gc,heap     ] GC(62) y: Heap Statistics:
[476.216s][info][gc,heap     ] GC(62) y:                Mark Start          Mark End        Relocate Start      Relocate End           High               Low         
[476.216s][info][gc,heap     ] GC(62) y:  Capacity:     8192M (100%)       8192M (100%)       8192M (100%)       8192M (100%)       8192M (100%)       8192M (100%)   
[476.216s][info][gc,heap     ] GC(62) y:      Free:      900M (11%)         734M (9%)         3556M (43%)        7092M (87%)        7092M (87%)         734M (9%)     
[476.216s][info][gc,heap     ] GC(62) y:      Used:     7292M (89%)        7458M (91%)        4636M (57%)        1100M (13%)        7458M (91%)        1100M (13%)    
[476.216s][info][gc,heap     ] GC(62) y: Young Generation Statistics:
[476.216s][info][gc,heap     ] GC(62) y:                Mark Start          Mark End        Relocate Start      Relocate End    
[476.216s][info][gc,heap     ] GC(62) y:      Used:     6716M (82%)        6882M (84%)        4060M (50%)         524M (6%)     
[476.216s][info][gc,heap     ] GC(62) y:      Live:         -               133M (2%)          133M (2%)          133M (2%)     
[476.216s][info][gc,heap     ] GC(62) y:   Garbage:         -              6582M (80%)        3704M (45%)           1M (0%)     
[476.216s][info][gc,heap     ] GC(62) y: Allocated:         -               166M (2%)          222M (3%)          388M (5%)     
[476.216s][info][gc,heap     ] GC(62) y: Reclaimed:         -                  -              2878M (35%)        6580M (80%)    
[476.216s][info][gc,heap     ] GC(62) y:  Promoted:         -                  -                 0M (0%)            0M (0%)     
[476.216s][info][gc,heap     ] GC(62) y: Compacted:         -                  -                  -               129M (2%)     
[476.216s][info][gc,phases   ] GC(62) y: Young Generation 7292M(89%)->1100M(13%) 0.291s
[476.216s][info][gc          ] GC(62) Minor Collection (Allocation Rate) 7292M(89%)->1100M(13%) 0.292s
[484.664s][info][gc          ] GC(63) Minor Collection (Allocation Rate)
[484.664s][info][gc,task     ] GC(63) Using 1 Workers for Young Generation
[484.664s][info][gc,phases   ] GC(63) y: Young Generation
[484.664s][info][gc,phases   ] GC(63) y: Pause Mark Start 0.016ms
[484.770s][info][gc,phases   ] GC(63) y: Concurrent Mark 106.107ms
[484.770s][info][gc,phases   ] GC(63) y: Pause Mark End 0.009ms
[484.770s][info][gc,phases   ] GC(63) y: Concurrent Mark Free 0.000ms
[484.770s][info][gc,phases   ] GC(63) y: Concurrent Reset Relocation Set 0.160ms
[484.772s][info][gc,reloc    ] GC(63) y: Using tenuring threshold: 4 (Computed)
[484.776s][info][gc,phases   ] GC(63) y: Concurrent Select Relocation Set 6.169ms
[484.776s][info][gc,phases   ] GC(63) y: Pause Relocate Start 0.008ms
[484.839s][info][gc,phases   ] GC(63) y: Concurrent Relocate 62.628ms
[484.839s][info][gc,alloc    ] GC(63) y:                         Mark Start        Mark End      Relocate Start    Relocate End   
[484.839s][info][gc,alloc    ] GC(63) y: Allocation Stalls:          0                0                0                0         
[484.839s][info][gc,load     ] GC(63) y: Load: 0.00 (0%) / 0.00 (0%) / 0.00 (0%)
[484.839s][info][gc,mmu      ] GC(63) y: MMU: 2ms/76.4%, 5ms/90.6%, 10ms/95.3%, 20ms/97.6%, 50ms/99.1%, 100ms/99.5%
[484.839s][info][gc,marking  ] GC(63) y: Mark: 1 stripe(s), 2 proactive flush(es), 1 terminate flush(es), 0 completion(s), 0 continuation(s) 
[484.839s][info][gc,marking  ] GC(63) y: Mark Stack Usage: 32M
[484.839s][info][gc,nmethod  ] GC(63) y: NMethods: 8392 registered, 196 unregistered
[484.839s][info][gc,metaspace] GC(63) y: Metaspace: 131M used, 132M committed, 1152M reserved
[484.839s][info][gc,reloc    ] GC(63) y:                        Candidates     Selected     In-Place         Size        Empty    Relocated 
[484.839s][info][gc,reloc    ] GC(63) y: Small Pages:                 3219         1957            0        6438M        2432M          66M 
[484.839s][info][gc,reloc    ] GC(63) y: Medium Pages:                   0            0            0           0M           0M           0M 
[484.839s][info][gc,reloc    ] GC(63) y: Large Pages:                    0            0            0           0M           0M           0M 
[484.839s][info][gc,reloc    ] GC(63) y: Forwarding Usage: 23M
[484.839s][info][gc,reloc    ] GC(63) y: Age Table:
[484.839s][info][gc,reloc    ] GC(63) y:                    Live             Garbage             Small              Medium             Large        
[484.839s][info][gc,reloc    ] GC(63) y: Eden              74M (1%)         6193M (76%)       3134 / 1919           0 / 0              0 / 0        
[484.839s][info][gc,reloc    ] GC(63) y: Survivor 1         0M (0%)          127M (2%)          64 / 26             0 / 0              0 / 0        
[484.839s][info][gc,reloc    ] GC(63) y: Survivor 2         1M (0%)           18M (0%)          10 / 8              0 / 0              0 / 0        
[484.839s][info][gc,reloc    ] GC(63) y: Survivor 3         1M (0%)           10M (0%)           6 / 3              0 / 0              0 / 0        
[484.839s][info][gc,reloc    ] GC(63) y: Survivor 4         2M (0%)            1M (0%)           2 / 1              0 / 0              0 / 0        
[484.839s][info][gc,reloc    ] GC(63) y: Survivor 5         0M (0%)            5M (0%)           3 / 0              0 / 0              0 / 0        
[484.839s][info][gc,heap     ] GC(63) y: Min Capacity: 8192M(100%)
[484.839s][info][gc,heap     ] GC(63) y: Max Capacity: 8192M(100%)
[484.839s][info][gc,heap     ] GC(63) y: Soft Max Capacity: 8192M(100%)
[484.839s][info][gc,heap     ] GC(63) y: Heap Statistics:
[484.839s][info][gc,heap     ] GC(63) y:                Mark Start          Mark End        Relocate Start      Relocate End           High               Low         
[484.839s][info][gc,heap     ] GC(63) y:  Capacity:     8192M (100%)       8192M (100%)       8192M (100%)       8192M (100%)       8192M (100%)       8192M (100%)   
[484.839s][info][gc,heap     ] GC(63) y:      Free:     1178M (14%)        1060M (13%)        3488M (43%)        7360M (90%)        7360M (90%)        1060M (13%)    
[484.839s][info][gc,heap     ] GC(63) y:      Used:     7014M (86%)        7132M (87%)        4704M (57%)         832M (10%)        7132M (87%)         832M (10%)    
[484.839s][info][gc,heap     ] GC(63) y: Young Generation Statistics:
[484.839s][info][gc,heap     ] GC(63) y:                Mark Start          Mark End        Relocate Start      Relocate End    
[484.839s][info][gc,heap     ] GC(63) y:      Used:     6438M (79%)        6556M (80%)        4126M (50%)         252M (3%)     
[484.839s][info][gc,heap     ] GC(63) y:      Live:         -                79M (1%)           77M (1%)           76M (1%)     
[484.840s][info][gc,heap     ] GC(63) y:   Garbage:         -              6358M (78%)        3926M (48%)           1M (0%)     
[484.840s][info][gc,heap     ] GC(63) y: Allocated:         -               118M (1%)          122M (1%)          173M (2%)     
[484.840s][info][gc,heap     ] GC(63) y: Reclaimed:         -                  -              2432M (30%)        6356M (78%)    
[484.840s][info][gc,heap     ] GC(63) y:  Promoted:         -                  -                 1M (0%)            2M (0%)     
[484.840s][info][gc,heap     ] GC(63) y: Compacted:         -                  -                  -                74M (1%)     
[484.840s][info][gc,phases   ] GC(63) y: Young Generation 7014M(86%)->832M(10%) 0.175s
[484.840s][info][gc          ] GC(63) Minor Collection (Allocation Rate) 7014M(86%)->834M(10%) 0.176s
[492.920s][info][gc          ] GC(64) Minor Collection (Allocation Rate)
[492.920s][info][gc,task     ] GC(64) Using 1 Workers for Young Generation
[492.920s][info][gc,phases   ] GC(64) y: Young Generation
[492.920s][info][gc,phases   ] GC(64) y: Pause Mark Start 0.013ms
[493.027s][info][gc,phases   ] GC(64) y: Concurrent Mark 107.355ms
[493.027s][info][gc,phases   ] GC(64) y: Pause Mark End 0.009ms
[493.027s][info][gc,phases   ] GC(64) y: Concurrent Mark Free 0.000ms
[493.028s][info][gc,phases   ] GC(64) y: Concurrent Reset Relocation Set 0.266ms
[493.030s][info][gc,reloc    ] GC(64) y: Using tenuring threshold: 3 (Computed)
[493.033s][info][gc,phases   ] GC(64) y: Concurrent Select Relocation Set 5.665ms
[493.033s][info][gc,phases   ] GC(64) y: Pause Relocate Start 0.009ms
[493.091s][info][gc,phases   ] GC(64) y: Concurrent Relocate 58.051ms
[493.091s][info][gc,alloc    ] GC(64) y:                         Mark Start        Mark End      Relocate Start    Relocate End   
[493.091s][info][gc,alloc    ] GC(64) y: Allocation Stalls:          0                0                0                0         
[493.091s][info][gc,load     ] GC(64) y: Load: 0.00 (0%) / 0.00 (0%) / 0.00 (0%)
[493.092s][info][gc,mmu      ] GC(64) y: MMU: 2ms/76.4%, 5ms/90.6%, 10ms/95.3%, 20ms/97.6%, 50ms/99.1%, 100ms/99.5%
[493.092s][info][gc,marking  ] GC(64) y: Mark: 1 stripe(s), 2 proactive flush(es), 1 terminate flush(es), 0 completion(s), 0 continuation(s) 
[493.092s][info][gc,marking  ] GC(64) y: Mark Stack Usage: 32M
[493.092s][info][gc,nmethod  ] GC(64) y: NMethods: 8427 registered, 196 unregistered
[493.092s][info][gc,metaspace] GC(64) y: Metaspace: 131M used, 132M committed, 1152M reserved
[493.092s][info][gc,reloc    ] GC(64) y:                        Candidates     Selected     In-Place         Size        Empty    Relocated 
[493.092s][info][gc,reloc    ] GC(64) y: Small Pages:                 3403         1918            0        6806M        2882M          64M 
[493.092s][info][gc,reloc    ] GC(64) y: Medium Pages:                   0            0            0           0M           0M           0M 
[493.092s][info][gc,reloc    ] GC(64) y: Large Pages:                    0            0            0           0M           0M           0M 
[493.092s][info][gc,reloc    ] GC(64) y: Forwarding Usage: 23M
[493.092s][info][gc,reloc    ] GC(64) y: Age Table:
[493.092s][info][gc,reloc    ] GC(64) y:                    Live             Garbage             Small              Medium             Large        
[493.092s][info][gc,reloc    ] GC(64) y: Eden              64M (1%)         6639M (81%)       3352 / 1877           0 / 0              0 / 0        
[493.092s][info][gc,reloc    ] GC(64) y: Survivor 1        10M (0%)           73M (1%)          42 / 36             0 / 0              0 / 0        
[493.092s][info][gc,reloc    ] GC(64) y: Survivor 2         0M (0%)            1M (0%)           1 / 1              0 / 0              0 / 0        
[493.092s][info][gc,reloc    ] GC(64) y: Survivor 3         0M (0%)            7M (0%)           4 / 3              0 / 0              0 / 0        
[493.092s][info][gc,reloc    ] GC(64) y: Survivor 4         1M (0%)            6M (0%)           4 / 1              0 / 0              0 / 0        
[493.092s][info][gc,heap     ] GC(64) y: Min Capacity: 8192M(100%)
[493.092s][info][gc,heap     ] GC(64) y: Max Capacity: 8192M(100%)
[493.092s][info][gc,heap     ] GC(64) y: Soft Max Capacity: 8192M(100%)
[493.092s][info][gc,heap     ] GC(64) y: Heap Statistics:
[493.092s][info][gc,heap     ] GC(64) y:                Mark Start          Mark End        Relocate Start      Relocate End           High               Low         
[493.092s][info][gc,heap     ] GC(64) y:  Capacity:     8192M (100%)       8192M (100%)       8192M (100%)       8192M (100%)       8192M (100%)       8192M (100%)   
[493.092s][info][gc,heap     ] GC(64) y:      Free:      806M (10%)         682M (8%)         3564M (44%)        7342M (90%)        7344M (90%)         682M (8%)     
[493.092s][info][gc,heap     ] GC(64) y:      Used:     7386M (90%)        7510M (92%)        4628M (56%)         850M (10%)        7510M (92%)         848M (10%)    
[493.092s][info][gc,heap     ] GC(64) y: Young Generation Statistics:
[493.092s][info][gc,heap     ] GC(64) y:                Mark Start          Mark End        Relocate Start      Relocate End    
[493.092s][info][gc,heap     ] GC(64) y:      Used:     6806M (83%)        6930M (85%)        4046M (49%)         264M (3%)     
[493.092s][info][gc,heap     ] GC(64) y:      Live:         -                76M (1%)           74M (1%)           74M (1%)     
[493.092s][info][gc,heap     ] GC(64) y:   Garbage:         -              6729M (82%)        3847M (47%)           0M (0%)     
[493.092s][info][gc,heap     ] GC(64) y: Allocated:         -               124M (2%)          124M (2%)          189M (2%)     
[493.092s][info][gc,heap     ] GC(64) y: Reclaimed:         -                  -              2882M (35%)        6729M (82%)    
[493.092s][info][gc,heap     ] GC(64) y:  Promoted:         -                  -                 1M (0%)            2M (0%)     
[493.092s][info][gc,heap     ] GC(64) y: Compacted:         -                  -                  -                74M (1%)     
[493.092s][info][gc,phases   ] GC(64) y: Young Generation 7386M(90%)->850M(10%) 0.172s
[493.092s][info][gc          ] GC(64) Minor Collection (Allocation Rate) 7386M(90%)->850M(10%) 0.172s
[499.959s][info][gc          ] GC(65) Minor Collection (Allocation Rate)
[499.959s][info][gc,task     ] GC(65) Using 1 Workers for Young Generation
[499.959s][info][gc,phases   ] GC(65) y: Young Generation
[499.960s][info][gc,phases   ] GC(65) y: Pause Mark Start 0.014ms
[500.078s][info][gc,phases   ] GC(65) y: Concurrent Mark 118.338ms
[500.078s][info][gc,phases   ] GC(65) y: Pause Mark End 0.008ms
[500.078s][info][gc,phases   ] GC(65) y: Concurrent Mark Free 0.000ms
[500.078s][info][gc,phases   ] GC(65) y: Concurrent Reset Relocation Set 0.255ms
[500.080s][info][gc,reloc    ] GC(65) y: Using tenuring threshold: 4 (Computed)
[500.092s][info][gc,phases   ] GC(65) y: Concurrent Select Relocation Set 13.755ms
[500.092s][info][gc,phases   ] GC(65) y: Pause Relocate Start 0.009ms
[500.165s][info][gc,phases   ] GC(65) y: Concurrent Relocate 72.620ms
[500.165s][info][gc,alloc    ] GC(65) y:                         Mark Start        Mark End      Relocate Start    Relocate End   
[500.165s][info][gc,alloc    ] GC(65) y: Allocation Stalls:          0                0                0                0         
[500.165s][info][gc,load     ] GC(65) y: Load: 0.00 (0%) / 0.00 (0%) / 0.00 (0%)
[500.165s][info][gc,mmu      ] GC(65) y: MMU: 2ms/76.4%, 5ms/90.6%, 10ms/95.3%, 20ms/97.6%, 50ms/99.1%, 100ms/99.5%
[500.165s][info][gc,marking  ] GC(65) y: Mark: 1 stripe(s), 2 proactive flush(es), 1 terminate flush(es), 0 completion(s), 0 continuation(s) 
[500.165s][info][gc,marking  ] GC(65) y: Mark Stack Usage: 32M
[500.165s][info][gc,nmethod  ] GC(65) y: NMethods: 8455 registered, 196 unregistered
[500.165s][info][gc,metaspace] GC(65) y: Metaspace: 131M used, 132M committed, 1152M reserved
[500.165s][info][gc,reloc    ] GC(65) y:                        Candidates     Selected     In-Place         Size        Empty    Relocated 
[500.165s][info][gc,reloc    ] GC(65) y: Small Pages:                 3464         1791            0        6928M        3234M          83M 
[500.165s][info][gc,reloc    ] GC(65) y: Medium Pages:                   0            0            0           0M           0M           0M 
[500.165s][info][gc,reloc    ] GC(65) y: Large Pages:                    0            0            0           0M           0M           0M 
[500.165s][info][gc,reloc    ] GC(65) y: Forwarding Usage: 26M
[500.165s][info][gc,reloc    ] GC(65) y: Age Table:
[500.165s][info][gc,reloc    ] GC(65) y:                    Live             Garbage             Small              Medium             Large        
[500.165s][info][gc,reloc    ] GC(65) y: Eden              88M (1%)         6745M (82%)       3417 / 1748           0 / 0              0 / 0        
[500.165s][info][gc,reloc    ] GC(65) y: Survivor 1         6M (0%)           67M (1%)          37 / 34             0 / 0              0 / 0        
[500.165s][info][gc,reloc    ] GC(65) y: Survivor 2         1M (0%)           16M (0%)           9 / 8              0 / 0              0 / 0        
[500.165s][info][gc,reloc    ] GC(65) y: Survivor 3         0M (0%)            1M (0%)           1 / 1              0 / 0              0 / 0        
[500.165s][info][gc,heap     ] GC(65) y: Min Capacity: 8192M(100%)
[500.165s][info][gc,heap     ] GC(65) y: Max Capacity: 8192M(100%)
[500.165s][info][gc,heap     ] GC(65) y: Soft Max Capacity: 8192M(100%)
[500.165s][info][gc,heap     ] GC(65) y: Heap Statistics:
[500.165s][info][gc,heap     ] GC(65) y:                Mark Start          Mark End        Relocate Start      Relocate End           High               Low         
[500.165s][info][gc,heap     ] GC(65) y:  Capacity:     8192M (100%)       8192M (100%)       8192M (100%)       8192M (100%)       8192M (100%)       8192M (100%)   
[500.165s][info][gc,heap     ] GC(65) y:      Free:      678M (8%)          538M (7%)         3762M (46%)        7268M (89%)        7268M (89%)         538M (7%)     
[500.165s][info][gc,heap     ] GC(65) y:      Used:     7514M (92%)        7654M (93%)        4430M (54%)         924M (11%)        7654M (93%)         924M (11%)    
[500.165s][info][gc,heap     ] GC(65) y: Young Generation Statistics:
[500.165s][info][gc,heap     ] GC(65) y:                Mark Start          Mark End        Relocate Start      Relocate End    
[500.165s][info][gc,heap     ] GC(65) y:      Used:     6928M (85%)        7068M (86%)        3844M (47%)         338M (4%)     
[500.165s][info][gc,heap     ] GC(65) y:      Live:         -                97M (1%)           97M (1%)           97M (1%)     
[500.165s][info][gc,heap     ] GC(65) y:   Garbage:         -              6830M (83%)        3596M (44%)           0M (0%)     
[500.165s][info][gc,heap     ] GC(65) y: Allocated:         -               140M (2%)          150M (2%)          239M (3%)     
[500.165s][info][gc,heap     ] GC(65) y: Reclaimed:         -                  -              3234M (39%)        6829M (83%)    
[500.165s][info][gc,heap     ] GC(65) y:  Promoted:         -                  -                 0M (0%)            0M (0%)     
[500.165s][info][gc,heap     ] GC(65) y: Compacted:         -                  -                  -                96M (1%)     
[500.165s][info][gc,phases   ] GC(65) y: Young Generation 7514M(92%)->924M(11%) 0.206s
[500.165s][info][gc          ] GC(65) Minor Collection (Allocation Rate) 7514M(92%)->924M(11%) 0.206s
[509.933s][info][gc          ] GC(66) Minor Collection (Allocation Rate)
[509.933s][info][gc,task     ] GC(66) Using 1 Workers for Young Generation
[509.934s][info][gc,phases   ] GC(66) y: Young Generation
[509.934s][info][gc,phases   ] GC(66) y: Pause Mark Start 0.014ms
[510.035s][info][gc,phases   ] GC(66) y: Concurrent Mark 101.691ms
[510.035s][info][gc,phases   ] GC(66) y: Pause Mark End 0.009ms
[510.035s][info][gc,phases   ] GC(66) y: Concurrent Mark Free 0.000ms
[510.036s][info][gc,phases   ] GC(66) y: Concurrent Reset Relocation Set 0.138ms
[510.038s][info][gc,reloc    ] GC(66) y: Using tenuring threshold: 5 (Computed)
[510.040s][info][gc,phases   ] GC(66) y: Concurrent Select Relocation Set 4.281ms
[510.040s][info][gc,phases   ] GC(66) y: Pause Relocate Start 0.008ms
[510.105s][info][gc,phases   ] GC(66) y: Concurrent Relocate 65.511ms
[510.106s][info][gc,alloc    ] GC(66) y:                         Mark Start        Mark End      Relocate Start    Relocate End   
[510.106s][info][gc,alloc    ] GC(66) y: Allocation Stalls:          0                0                0                0         
[510.106s][info][gc,load     ] GC(66) y: Load: 0.00 (0%) / 0.00 (0%) / 0.00 (0%)
[510.106s][info][gc,mmu      ] GC(66) y: MMU: 2ms/76.4%, 5ms/90.6%, 10ms/95.3%, 20ms/97.6%, 50ms/99.1%, 100ms/99.5%
[510.106s][info][gc,marking  ] GC(66) y: Mark: 1 stripe(s), 2 proactive flush(es), 1 terminate flush(es), 0 completion(s), 0 continuation(s) 
[510.106s][info][gc,marking  ] GC(66) y: Mark Stack Usage: 32M
[510.106s][info][gc,nmethod  ] GC(66) y: NMethods: 8492 registered, 196 unregistered
[510.106s][info][gc,metaspace] GC(66) y: Metaspace: 131M used, 132M committed, 1152M reserved
[510.106s][info][gc,reloc    ] GC(66) y:                        Candidates     Selected     In-Place         Size        Empty    Relocated 
[510.106s][info][gc,reloc    ] GC(66) y: Small Pages:                 3501         1901            0        7002M        3104M          70M 
[510.106s][info][gc,reloc    ] GC(66) y: Medium Pages:                   0            0            0           0M           0M           0M 
[510.106s][info][gc,reloc    ] GC(66) y: Large Pages:                    0            0            0           0M           0M           0M 
[510.106s][info][gc,reloc    ] GC(66) y: Forwarding Usage: 24M
[510.106s][info][gc,reloc    ] GC(66) y: Age Table:
[510.106s][info][gc,reloc    ] GC(66) y:                    Live             Garbage             Small              Medium             Large        
[510.106s][info][gc,reloc    ] GC(66) y: Eden              75M (1%)         6796M (83%)       3436 / 1846           0 / 0              0 / 0        
[510.106s][info][gc,reloc    ] GC(66) y: Survivor 1         4M (0%)           97M (1%)          51 / 45             0 / 0              0 / 0        
[510.106s][info][gc,reloc    ] GC(66) y: Survivor 2         1M (0%)           16M (0%)           9 / 7              0 / 0              0 / 0        
[510.106s][info][gc,reloc    ] GC(66) y: Survivor 3         0M (0%)            7M (0%)           4 / 2              0 / 0              0 / 0        
[510.106s][info][gc,reloc    ] GC(66) y: Survivor 4         0M (0%)            1M (0%)           1 / 1              0 / 0              0 / 0        
[510.106s][info][gc,heap     ] GC(66) y: Min Capacity: 8192M(100%)
[510.106s][info][gc,heap     ] GC(66) y: Max Capacity: 8192M(100%)
[510.106s][info][gc,heap     ] GC(66) y: Soft Max Capacity: 8192M(100%)
[510.106s][info][gc,heap     ] GC(66) y: Heap Statistics:
[510.106s][info][gc,heap     ] GC(66) y:                Mark Start          Mark End        Relocate Start      Relocate End           High               Low         
[510.106s][info][gc,heap     ] GC(66) y:  Capacity:     8192M (100%)       8192M (100%)       8192M (100%)       8192M (100%)       8192M (100%)       8192M (100%)   
[510.106s][info][gc,heap     ] GC(66) y:      Free:      604M (7%)          498M (6%)         3602M (44%)        7338M (90%)        7340M (90%)         498M (6%)     
[510.106s][info][gc,heap     ] GC(66) y:      Used:     7588M (93%)        7694M (94%)        4590M (56%)         854M (10%)        7694M (94%)         852M (10%)    
[510.106s][info][gc,heap     ] GC(66) y: Young Generation Statistics:
[510.106s][info][gc,heap     ] GC(66) y:                Mark Start          Mark End        Relocate Start      Relocate End    
[510.106s][info][gc,heap     ] GC(66) y:      Used:     7002M (85%)        7108M (87%)        4004M (49%)         268M (3%)     
[510.106s][info][gc,heap     ] GC(66) y:      Live:         -                82M (1%)           82M (1%)           82M (1%)     
[510.106s][info][gc,heap     ] GC(66) y:   Garbage:         -              6919M (84%)        3815M (47%)           1M (0%)     
[510.106s][info][gc,heap     ] GC(66) y: Allocated:         -               106M (1%)          106M (1%)          183M (2%)     
[510.106s][info][gc,heap     ] GC(66) y: Reclaimed:         -                  -              3104M (38%)        6917M (84%)    
[510.106s][info][gc,heap     ] GC(66) y:  Promoted:         -                  -                 0M (0%)            0M (0%)     
[510.106s][info][gc,heap     ] GC(66) y: Compacted:         -                  -                  -                80M (1%)     
[510.106s][info][gc,phases   ] GC(66) y: Young Generation 7588M(93%)->854M(10%) 0.172s
[510.106s][info][gc          ] GC(66) Minor Collection (Allocation Rate) 7588M(93%)->854M(10%) 0.173s
[518.482s][info][gc          ] GC(67) Minor Collection (Allocation Rate)
[518.482s][info][gc,task     ] GC(67) Using 1 Workers for Young Generation
[518.482s][info][gc,phases   ] GC(67) y: Young Generation
[518.482s][info][gc,phases   ] GC(67) y: Pause Mark Start 0.013ms
[518.669s][info][gc,phases   ] GC(67) y: Concurrent Mark 187.580ms
[518.670s][info][gc,phases   ] GC(67) y: Pause Mark End 0.013ms
[518.670s][info][gc,phases   ] GC(67) y: Concurrent Mark Free 0.001ms
[518.670s][info][gc,phases   ] GC(67) y: Concurrent Reset Relocation Set 0.216ms
[518.673s][info][gc,reloc    ] GC(67) y: Using tenuring threshold: 6 (Computed)
[518.692s][info][gc,phases   ] GC(67) y: Concurrent Select Relocation Set 22.535ms
[518.693s][info][gc,phases   ] GC(67) y: Pause Relocate Start 0.021ms
[518.798s][info][gc,phases   ] GC(67) y: Concurrent Relocate 105.072ms
[518.798s][info][gc,alloc    ] GC(67) y:                         Mark Start        Mark End      Relocate Start    Relocate End   
[518.798s][info][gc,alloc    ] GC(67) y: Allocation Stalls:          0                0                0                0         
[518.798s][info][gc,load     ] GC(67) y: Load: 0.00 (0%) / 0.00 (0%) / 0.00 (0%)
[518.798s][info][gc,mmu      ] GC(67) y: MMU: 2ms/76.4%, 5ms/90.6%, 10ms/95.3%, 20ms/97.6%, 50ms/99.1%, 100ms/99.5%
[518.798s][info][gc,marking  ] GC(67) y: Mark: 1 stripe(s), 2 proactive flush(es), 1 terminate flush(es), 0 completion(s), 0 continuation(s) 
[518.798s][info][gc,marking  ] GC(67) y: Mark Stack Usage: 32M
[518.798s][info][gc,nmethod  ] GC(67) y: NMethods: 8510 registered, 196 unregistered
[518.798s][info][gc,metaspace] GC(67) y: Metaspace: 131M used, 132M committed, 1152M reserved
[518.798s][info][gc,reloc    ] GC(67) y:                        Candidates     Selected     In-Place         Size        Empty    Relocated 
[518.798s][info][gc,reloc    ] GC(67) y: Small Pages:                 3567         2172            0        7134M        2648M          98M 
[518.798s][info][gc,reloc    ] GC(67) y: Medium Pages:                   0            0            0           0M           0M           0M 
[518.798s][info][gc,reloc    ] GC(67) y: Large Pages:                    0            0            0           0M           0M           0M 
[518.798s][info][gc,reloc    ] GC(67) y: Forwarding Usage: 33M
[518.798s][info][gc,reloc    ] GC(67) y: Age Table:
[518.798s][info][gc,reloc    ] GC(67) y:                    Live             Garbage             Small              Medium             Large        
[518.798s][info][gc,reloc    ] GC(67) y: Eden             113M (1%)         6890M (84%)       3502 / 2112           0 / 0              0 / 0        
[518.798s][info][gc,reloc    ] GC(67) y: Survivor 1         7M (0%)           78M (1%)          43 / 40             0 / 0              0 / 0        
[518.798s][info][gc,reloc    ] GC(67) y: Survivor 2         1M (0%)           14M (0%)           8 / 7              0 / 0              0 / 0        
[518.798s][info][gc,reloc    ] GC(67) y: Survivor 3         0M (0%)           13M (0%)           7 / 7              0 / 0              0 / 0        
[518.798s][info][gc,reloc    ] GC(67) y: Survivor 4         0M (0%)            9M (0%)           5 / 4              0 / 0              0 / 0        
[518.798s][info][gc,reloc    ] GC(67) y: Survivor 5         0M (0%)            3M (0%)           2 / 2              0 / 0              0 / 0        
[518.798s][info][gc,heap     ] GC(67) y: Min Capacity: 8192M(100%)
[518.798s][info][gc,heap     ] GC(67) y: Max Capacity: 8192M(100%)
[518.798s][info][gc,heap     ] GC(67) y: Soft Max Capacity: 8192M(100%)
[518.798s][info][gc,heap     ] GC(67) y: Heap Statistics:
[518.798s][info][gc,heap     ] GC(67) y:                Mark Start          Mark End        Relocate Start      Relocate End           High               Low         
[518.798s][info][gc,heap     ] GC(67) y:  Capacity:     8192M (100%)       8192M (100%)       8192M (100%)       8192M (100%)       8192M (100%)       8192M (100%)   
[518.798s][info][gc,heap     ] GC(67) y:      Free:      472M (6%)          272M (3%)         2892M (35%)        7118M (87%)        7130M (87%)         270M (3%)     
[518.798s][info][gc,heap     ] GC(67) y:      Used:     7720M (94%)        7920M (97%)        5300M (65%)        1074M (13%)        7922M (97%)        1062M (13%)    
[518.798s][info][gc,heap     ] GC(67) y: Young Generation Statistics:
[518.798s][info][gc,heap     ] GC(67) y:                Mark Start          Mark End        Relocate Start      Relocate End    
[518.798s][info][gc,heap     ] GC(67) y:      Used:     7134M (87%)        7334M (90%)        4714M (58%)         488M (6%)     
[518.798s][info][gc,heap     ] GC(67) y:      Live:         -               122M (1%)          122M (1%)          122M (1%)     
[518.798s][info][gc,heap     ] GC(67) y:   Garbage:         -              7011M (86%)        4363M (53%)           2M (0%)     
[518.798s][info][gc,heap     ] GC(67) y: Allocated:         -               200M (2%)          228M (3%)          362M (4%)     
[518.798s][info][gc,heap     ] GC(67) y: Reclaimed:         -                  -              2648M (32%)        7008M (86%)    
[518.798s][info][gc,heap     ] GC(67) y:  Promoted:         -                  -                 0M (0%)            0M (0%)     
[518.798s][info][gc,heap     ] GC(67) y: Compacted:         -                  -                  -               113M (1%)     
[518.798s][info][gc,phases   ] GC(67) y: Young Generation 7720M(94%)->1074M(13%) 0.316s
[518.798s][info][gc          ] GC(67) Minor Collection (Allocation Rate) 7720M(94%)->1076M(13%) 0.317s
[526.663s][info][gc          ] GC(68) Minor Collection (Allocation Rate)
[526.663s][info][gc,task     ] GC(68) Using 1 Workers for Young Generation
[526.663s][info][gc,phases   ] GC(68) y: Young Generation
[526.663s][info][gc,phases   ] GC(68) y: Pause Mark Start 0.015ms
[526.822s][info][gc,phases   ] GC(68) y: Concurrent Mark 158.487ms
[526.822s][info][gc,phases   ] GC(68) y: Pause Mark End 0.010ms
[526.822s][info][gc,phases   ] GC(68) y: Concurrent Mark Free 0.000ms
[526.822s][info][gc,phases   ] GC(68) y: Concurrent Reset Relocation Set 0.220ms
[526.824s][info][gc,reloc    ] GC(68) y: Using tenuring threshold: 7 (Computed)
[526.839s][info][gc,phases   ] GC(68) y: Concurrent Select Relocation Set 16.946ms
[526.839s][info][gc,phases   ] GC(68) y: Pause Relocate Start 0.009ms
[526.955s][info][gc,phases   ] GC(68) y: Concurrent Relocate 115.868ms
[526.955s][info][gc,alloc    ] GC(68) y:                         Mark Start        Mark End      Relocate Start    Relocate End   
[526.955s][info][gc,alloc    ] GC(68) y: Allocation Stalls:          0                0                0                0         
[526.955s][info][gc,load     ] GC(68) y: Load: 0.00 (0%) / 0.00 (0%) / 0.00 (0%)
[526.955s][info][gc,mmu      ] GC(68) y: MMU: 2ms/76.4%, 5ms/90.6%, 10ms/95.3%, 20ms/97.6%, 50ms/99.1%, 100ms/99.5%
[526.955s][info][gc,marking  ] GC(68) y: Mark: 1 stripe(s), 2 proactive flush(es), 1 terminate flush(es), 0 completion(s), 0 continuation(s) 
[526.955s][info][gc,marking  ] GC(68) y: Mark Stack Usage: 32M
[526.955s][info][gc,nmethod  ] GC(68) y: NMethods: 8520 registered, 196 unregistered
[526.955s][info][gc,metaspace] GC(68) y: Metaspace: 131M used, 132M committed, 1152M reserved
[526.955s][info][gc,reloc    ] GC(68) y:                        Candidates     Selected     In-Place         Size        Empty    Relocated 
[526.955s][info][gc,reloc    ] GC(68) y: Small Pages:                 3270         1883            0        6540M        2634M         103M 
[526.955s][info][gc,reloc    ] GC(68) y: Medium Pages:                   0            0            0           0M           0M           0M 
[526.955s][info][gc,reloc    ] GC(68) y: Large Pages:                    0            0            0           0M           0M           0M 
[526.955s][info][gc,reloc    ] GC(68) y: Forwarding Usage: 36M
[526.955s][info][gc,reloc    ] GC(68) y: Age Table:
[526.955s][info][gc,reloc    ] GC(68) y:                    Live             Garbage             Small              Medium             Large        
[526.955s][info][gc,reloc    ] GC(68) y: Eden             109M (1%)         6262M (76%)       3186 / 1813           0 / 0              0 / 0        
[526.955s][info][gc,reloc    ] GC(68) y: Survivor 1         8M (0%)          115M (1%)          62 / 50             0 / 0              0 / 0        
[526.955s][info][gc,reloc    ] GC(68) y: Survivor 2         1M (0%)           14M (0%)           8 / 8              0 / 0              0 / 0        
[526.955s][info][gc,reloc    ] GC(68) y: Survivor 3         0M (0%)            9M (0%)           5 / 5              0 / 0              0 / 0        
[526.955s][info][gc,reloc    ] GC(68) y: Survivor 4         0M (0%)           13M (0%)           7 / 5              0 / 0              0 / 0        
[526.955s][info][gc,reloc    ] GC(68) y: Survivor 5         0M (0%)            1M (0%)           1 / 1              0 / 0              0 / 0        
[526.955s][info][gc,reloc    ] GC(68) y: Survivor 6         0M (0%)            1M (0%)           1 / 1              0 / 0              0 / 0        
[526.955s][info][gc,heap     ] GC(68) y: Min Capacity: 8192M(100%)
[526.955s][info][gc,heap     ] GC(68) y: Max Capacity: 8192M(100%)
[526.955s][info][gc,heap     ] GC(68) y: Soft Max Capacity: 8192M(100%)
[526.955s][info][gc,heap     ] GC(68) y: Heap Statistics:
[526.955s][info][gc,heap     ] GC(68) y:                Mark Start          Mark End        Relocate Start      Relocate End           High               Low         
[526.955s][info][gc,heap     ] GC(68) y:  Capacity:     8192M (100%)       8192M (100%)       8192M (100%)       8192M (100%)       8192M (100%)       8192M (100%)   
[526.955s][info][gc,heap     ] GC(68) y:      Free:     1066M (13%)         938M (11%)        3562M (43%)        7156M (87%)        7158M (87%)         938M (11%)    
[526.955s][info][gc,heap     ] GC(68) y:      Used:     7126M (87%)        7254M (89%)        4630M (57%)        1036M (13%)        7254M (89%)        1034M (13%)    
[526.955s][info][gc,heap     ] GC(68) y: Young Generation Statistics:
[526.955s][info][gc,heap     ] GC(68) y:                Mark Start          Mark End        Relocate Start      Relocate End    
[526.955s][info][gc,heap     ] GC(68) y:      Used:     6540M (80%)        6668M (81%)        4044M (49%)         450M (5%)     
[526.955s][info][gc,heap     ] GC(68) y:      Live:         -               121M (1%)          121M (1%)          121M (1%)     
[526.955s][info][gc,heap     ] GC(68) y:   Garbage:         -              6418M (78%)        3784M (46%)           1M (0%)     
[526.955s][info][gc,heap     ] GC(68) y: Allocated:         -               128M (2%)          138M (2%)          327M (4%)     
[526.955s][info][gc,heap     ] GC(68) y: Reclaimed:         -                  -              2634M (32%)        6417M (78%)    
[526.956s][info][gc,heap     ] GC(68) y:  Promoted:         -                  -                 0M (0%)            0M (0%)     
[526.956s][info][gc,heap     ] GC(68) y: Compacted:         -                  -                  -               118M (1%)     
[526.956s][info][gc,phases   ] GC(68) y: Young Generation 7126M(87%)->1036M(13%) 0.292s
[526.956s][info][gc          ] GC(68) Minor Collection (Allocation Rate) 7126M(87%)->1036M(13%) 0.292s
[528.681s][info][gc          ] GC(69) Major Collection (Proactive)
[528.681s][info][gc,task     ] GC(69) Using 1 Workers for Young Generation
[528.681s][info][gc,task     ] GC(69) Using 1 Workers for Old Generation
[528.681s][info][gc,phases   ] GC(69) Y: Young Generation
[528.681s][info][gc,phases   ] GC(69) Y: Pause Mark Start (Major) 0.014ms
[528.824s][info][gc,phases   ] GC(69) Y: Concurrent Mark 143.747ms
[528.825s][info][gc,phases   ] GC(69) Y: Pause Mark End 0.010ms
[528.825s][info][gc,phases   ] GC(69) Y: Concurrent Mark Free 0.000ms
[528.825s][info][gc,phases   ] GC(69) Y: Concurrent Reset Relocation Set 0.185ms
[528.827s][info][gc,reloc    ] GC(69) Y: Using tenuring threshold: 8 (Computed)
[528.829s][info][gc,phases   ] GC(69) Y: Concurrent Select Relocation Set 4.550ms
[528.829s][info][gc,phases   ] GC(69) Y: Pause Relocate Start 0.011ms
[528.910s][info][gc,phases   ] GC(69) Y: Concurrent Relocate 80.564ms
[528.910s][info][gc,alloc    ] GC(69) Y:                         Mark Start        Mark End      Relocate Start    Relocate End   
[528.910s][info][gc,alloc    ] GC(69) Y: Allocation Stalls:          0                0                0                0         
[528.910s][info][gc,load     ] GC(69) Y: Load: 0.00 (0%) / 0.00 (0%) / 0.00 (0%)
[528.910s][info][gc,mmu      ] GC(69) Y: MMU: 2ms/76.4%, 5ms/90.6%, 10ms/95.3%, 20ms/97.6%, 50ms/99.1%, 100ms/99.5%
[528.910s][info][gc,marking  ] GC(69) Y: Mark: 1 stripe(s), 2 proactive flush(es), 1 terminate flush(es), 0 completion(s), 0 continuation(s) 
[528.910s][info][gc,marking  ] GC(69) Y: Mark Stack Usage: 32M
[528.910s][info][gc,nmethod  ] GC(69) Y: NMethods: 8525 registered, 196 unregistered
[528.910s][info][gc,metaspace] GC(69) Y: Metaspace: 131M used, 132M committed, 1152M reserved
[528.910s][info][gc,reloc    ] GC(69) Y:                        Candidates     Selected     In-Place         Size        Empty    Relocated 
[528.910s][info][gc,reloc    ] GC(69) Y: Small Pages:                  937          649            0        1874M         474M          50M 
[528.910s][info][gc,reloc    ] GC(69) Y: Medium Pages:                   0            0            0           0M           0M           0M 
[528.910s][info][gc,reloc    ] GC(69) Y: Large Pages:                    0            0            0           0M           0M           0M 
[528.910s][info][gc,reloc    ] GC(69) Y: Forwarding Usage: 27M
[528.910s][info][gc,reloc    ] GC(69) Y: Age Table:
[528.910s][info][gc,reloc    ] GC(69) Y:                    Live             Garbage             Small              Medium             Large        
[528.910s][info][gc,reloc    ] GC(69) Y: Eden              29M (0%)         1666M (20%)        848 / 599            0 / 0              0 / 0        
[528.910s][info][gc,reloc    ] GC(69) Y: Survivor 1        49M (1%)           68M (1%)          59 / 28             0 / 0              0 / 0        
[528.910s][info][gc,reloc    ] GC(69) Y: Survivor 2         5M (0%)           16M (0%)          11 / 6              0 / 0              0 / 0        
[528.910s][info][gc,reloc    ] GC(69) Y: Survivor 3         1M (0%)            6M (0%)           4 / 4              0 / 0              0 / 0        
[528.910s][info][gc,reloc    ] GC(69) Y: Survivor 4         0M (0%)           11M (0%)           6 / 4              0 / 0              0 / 0        
[528.910s][info][gc,reloc    ] GC(69) Y: Survivor 5         0M (0%)            7M (0%)           4 / 4              0 / 0              0 / 0        
[528.910s][info][gc,reloc    ] GC(69) Y: Survivor 6         0M (0%)            7M (0%)           4 / 3              0 / 0              0 / 0        
[528.910s][info][gc,reloc    ] GC(69) Y: Survivor 7         0M (0%)            1M (0%)           1 / 1              0 / 0              0 / 0        
[528.910s][info][gc,heap     ] GC(69) Y: Min Capacity: 8192M(100%)
[528.910s][info][gc,heap     ] GC(69) Y: Max Capacity: 8192M(100%)
[528.910s][info][gc,heap     ] GC(69) Y: Soft Max Capacity: 8192M(100%)
[528.910s][info][gc,heap     ] GC(69) Y: Heap Statistics:
[528.910s][info][gc,heap     ] GC(69) Y:                Mark Start          Mark End        Relocate Start      Relocate End           High               Low         
[528.910s][info][gc,heap     ] GC(69) Y:  Capacity:     8192M (100%)       8192M (100%)       8192M (100%)       8192M (100%)       8192M (100%)       8192M (100%)   
[528.910s][info][gc,heap     ] GC(69) Y:      Free:     5732M (70%)        5604M (68%)        6076M (74%)        7318M (89%)        7322M (89%)        5604M (68%)    
[528.910s][info][gc,heap     ] GC(69) Y:      Used:     2460M (30%)        2588M (32%)        2116M (26%)         874M (11%)        2588M (32%)         870M (11%)    
[528.910s][info][gc,heap     ] GC(69) Y: Young Generation Statistics:
[528.910s][info][gc,heap     ] GC(69) Y:                Mark Start          Mark End        Relocate Start      Relocate End    
[528.911s][info][gc,heap     ] GC(69) Y:      Used:     1874M (23%)        2002M (24%)        1530M (19%)         288M (4%)     
[528.911s][info][gc,heap     ] GC(69) Y:      Live:         -                86M (1%)           86M (1%)           86M (1%)     
[528.911s][info][gc,heap     ] GC(69) Y:   Garbage:         -              1787M (22%)        1313M (16%)           1M (0%)     
[528.911s][info][gc,heap     ] GC(69) Y: Allocated:         -               128M (2%)          130M (2%)          200M (2%)     
[528.911s][info][gc,heap     ] GC(69) Y: Reclaimed:         -                  -               474M (6%)         1786M (22%)    
[528.911s][info][gc,heap     ] GC(69) Y:  Promoted:         -                  -                 0M (0%)            0M (0%)     
[528.911s][info][gc,heap     ] GC(69) Y: Compacted:         -                  -                  -                83M (1%)     
[528.911s][info][gc,phases   ] GC(69) Y: Young Generation 2460M(30%)->874M(11%) 0.229s
[528.911s][info][gc,phases   ] GC(69) O: Old Generation
[529.612s][info][gc,phases   ] GC(69) O: Concurrent Mark 701.330ms
[529.612s][info][gc,phases   ] GC(69) O: Pause Mark End 0.011ms
[529.612s][info][gc,phases   ] GC(69) O: Concurrent Mark Free 0.000ms
[529.631s][info][gc,phases   ] GC(69) O: Concurrent Process Non-Strong 18.897ms
[529.631s][info][gc,phases   ] GC(69) O: Concurrent Reset Relocation Set 0.002ms
[529.635s][info][gc,phases   ] GC(69) O: Concurrent Select Relocation Set 4.205ms
[529.635s][info][gc,task     ] GC(69) O: Using 2 Workers for Old Generation
[529.702s][info][gc,task     ] GC(69) O: Using 1 Workers for Old Generation
[529.702s][info][gc,phases   ] GC(69) O: Concurrent Remap Roots 66.814ms
[529.702s][info][gc,phases   ] GC(69) O: Pause Relocate Start 0.008ms
[529.722s][info][gc,phases   ] GC(69) O: Concurrent Relocate 19.231ms
[529.722s][info][gc,alloc    ] GC(69) O:                         Mark Start        Mark End      Relocate Start    Relocate End   
[529.722s][info][gc,alloc    ] GC(69) O: Allocation Stalls:          0                0                0                0         
[529.722s][info][gc,load     ] GC(69) O: Load: 0.00 (0%) / 0.00 (0%) / 0.00 (0%)
[529.722s][info][gc,mmu      ] GC(69) O: MMU: 2ms/76.4%, 5ms/90.6%, 10ms/95.3%, 20ms/97.6%, 50ms/99.1%, 100ms/99.5%
[529.722s][info][gc,marking  ] GC(69) O: Mark: 1 stripe(s), 2 proactive flush(es), 1 terminate flush(es), 0 completion(s), 0 continuation(s) 
[529.722s][info][gc,marking  ] GC(69) O: Mark Stack Usage: 32M
[529.722s][info][gc,nmethod  ] GC(69) O: NMethods: 7168 registered, 1553 unregistered
[529.722s][info][gc,metaspace] GC(69) O: Metaspace: 131M used, 132M committed, 1152M reserved
[529.722s][info][gc,ref      ] GC(69) O:                       Encountered   Discovered     Enqueued 
[529.722s][info][gc,ref      ] GC(69) O: Soft References:             6085            0            0 
[529.722s][info][gc,ref      ] GC(69) O: Weak References:            23338        13284           37 
[529.722s][info][gc,ref      ] GC(69) O: Final References:              34            0            0 
[529.722s][info][gc,ref      ] GC(69) O: Phantom References:           839          585           30 
[529.722s][info][gc,reloc    ] GC(69) O:                        Candidates     Selected     In-Place         Size        Empty    Relocated 
[529.722s][info][gc,reloc    ] GC(69) O: Small Pages:                  245           14            0         490M           4M           2M 
[529.722s][info][gc,reloc    ] GC(69) O: Medium Pages:                   3            1            0          96M           0M           1M 
[529.722s][info][gc,reloc    ] GC(69) O: Large Pages:                    0            0            0           0M           0M           0M 
[529.722s][info][gc,reloc    ] GC(69) O: Forwarding Usage: 5M
[529.722s][info][gc,heap     ] GC(69) O: Min Capacity: 8192M(100%)
[529.722s][info][gc,heap     ] GC(69) O: Max Capacity: 8192M(100%)
[529.722s][info][gc,heap     ] GC(69) O: Soft Max Capacity: 8192M(100%)
[529.722s][info][gc,heap     ] GC(69) O: Heap Statistics:
[529.722s][info][gc,heap     ] GC(69) O:                Mark Start          Mark End        Relocate Start      Relocate End           High               Low         
[529.722s][info][gc,heap     ] GC(69) O:  Capacity:     8192M (100%)       8192M (100%)       8192M (100%)       8192M (100%)       8192M (100%)       8192M (100%)   
[529.722s][info][gc,heap     ] GC(69) O:      Free:     5732M (70%)        6754M (82%)        6670M (81%)        6702M (82%)        7322M (89%)        5604M (68%)    
[529.722s][info][gc,heap     ] GC(69) O:      Used:     2460M (30%)        1438M (18%)        1522M (19%)        1490M (18%)        2588M (32%)         870M (11%)    
[529.722s][info][gc,heap     ] GC(69) O: Old Generation Statistics:
[529.722s][info][gc,heap     ] GC(69) O:                Mark Start          Mark End        Relocate Start      Relocate End    
[529.722s][info][gc,heap     ] GC(69) O:      Used:      586M (7%)          586M (7%)          582M (7%)          538M (7%)     
[529.722s][info][gc,heap     ] GC(69) O:      Live:         -               469M (6%)          469M (6%)          469M (6%)     
[529.722s][info][gc,heap     ] GC(69) O:   Garbage:         -               116M (1%)          112M (1%)           20M (0%)     
[529.722s][info][gc,heap     ] GC(69) O: Allocated:         -                 0M (0%)            0M (0%)           47M (1%)     
[529.722s][info][gc,heap     ] GC(69) O: Reclaimed:         -                  -                 4M (0%)           95M (1%)     
[529.722s][info][gc,heap     ] GC(69) O: Compacted:         -                  -                  -                14M (0%)     
[529.722s][info][gc,phases   ] GC(69) O: Old Generation 874M(11%)->1490M(18%) 0.811s
[529.722s][info][gc          ] GC(69) Major Collection (Proactive) 2460M(30%)->1490M(18%) 1.041s
[538.001s][info][gc          ] GC(70) Minor Collection (Allocation Rate)
[538.001s][info][gc,task     ] GC(70) Using 1 Workers for Young Generation
[538.001s][info][gc,phases   ] GC(70) y: Young Generation
[538.001s][info][gc,phases   ] GC(70) y: Pause Mark Start 0.013ms
[538.149s][info][gc,phases   ] GC(70) y: Concurrent Mark 147.385ms
[538.149s][info][gc,phases   ] GC(70) y: Pause Mark End 0.009ms
[538.149s][info][gc,phases   ] GC(70) y: Concurrent Mark Free 0.000ms
[538.149s][info][gc,phases   ] GC(70) y: Concurrent Reset Relocation Set 0.057ms
[538.151s][info][gc,reloc    ] GC(70) y: Using tenuring threshold: 4 (Computed)
[538.169s][info][gc,phases   ] GC(70) y: Concurrent Select Relocation Set 20.192ms
[538.169s][info][gc,phases   ] GC(70) y: Pause Relocate Start 0.009ms
[538.253s][info][gc,phases   ] GC(70) y: Concurrent Relocate 83.563ms
[538.253s][info][gc,alloc    ] GC(70) y:                         Mark Start        Mark End      Relocate Start    Relocate End   
[538.253s][info][gc,alloc    ] GC(70) y: Allocation Stalls:          0                0                0                0         
[538.253s][info][gc,load     ] GC(70) y: Load: 0.00 (0%) / 0.00 (0%) / 0.00 (0%)
[538.253s][info][gc,mmu      ] GC(70) y: MMU: 2ms/76.4%, 5ms/90.6%, 10ms/95.3%, 20ms/97.6%, 50ms/99.1%, 100ms/99.5%
[538.253s][info][gc,marking  ] GC(70) y: Mark: 1 stripe(s), 2 proactive flush(es), 1 terminate flush(es), 0 completion(s), 0 continuation(s) 
[538.253s][info][gc,marking  ] GC(70) y: Mark Stack Usage: 32M
[538.253s][info][gc,nmethod  ] GC(70) y: NMethods: 7206 registered, 1553 unregistered
[538.253s][info][gc,metaspace] GC(70) y: Metaspace: 131M used, 132M committed, 1152M reserved
[538.253s][info][gc,reloc    ] GC(70) y:                        Candidates     Selected     In-Place         Size        Empty    Relocated 
[538.253s][info][gc,reloc    ] GC(70) y: Small Pages:                 3505         2297            0        7010M        2298M          85M 
[538.253s][info][gc,reloc    ] GC(70) y: Medium Pages:                   0            0            0           0M           0M           0M 
[538.253s][info][gc,reloc    ] GC(70) y: Large Pages:                    0            0            0           0M           0M           0M 
[538.253s][info][gc,reloc    ] GC(70) y: Forwarding Usage: 32M
[538.253s][info][gc,reloc    ] GC(70) y: Age Table:
[538.253s][info][gc,reloc    ] GC(70) y:                    Live             Garbage             Small              Medium             Large        
[538.253s][info][gc,reloc    ] GC(70) y: Eden              93M (1%)         6790M (83%)       3442 / 2240           0 / 0              0 / 0        
[538.253s][info][gc,reloc    ] GC(70) y: Survivor 1         1M (0%)           38M (0%)          20 / 15             0 / 0              0 / 0        
[538.253s][info][gc,reloc    ] GC(70) y: Survivor 2         5M (0%)           56M (1%)          31 / 30             0 / 0              0 / 0        
[538.253s][info][gc,reloc    ] GC(70) y: Survivor 3         0M (0%)           11M (0%)           6 / 6              0 / 0              0 / 0        
[538.253s][info][gc,reloc    ] GC(70) y: Survivor 4         0M (0%)            3M (0%)           2 / 2              0 / 0              0 / 0        
[538.253s][info][gc,reloc    ] GC(70) y: Survivor 5         0M (0%)            1M (0%)           1 / 1              0 / 0              0 / 0        
[538.253s][info][gc,reloc    ] GC(70) y: Survivor 6         0M (0%)            1M (0%)           1 / 1              0 / 0              0 / 0        
[538.253s][info][gc,reloc    ] GC(70) y: Survivor 7         0M (0%)            1M (0%)           1 / 1              0 / 0              0 / 0        
[538.253s][info][gc,reloc    ] GC(70) y: Survivor 8         0M (0%)            1M (0%)           1 / 1              0 / 0              0 / 0        
[538.253s][info][gc,heap     ] GC(70) y: Min Capacity: 8192M(100%)
[538.253s][info][gc,heap     ] GC(70) y: Max Capacity: 8192M(100%)
[538.253s][info][gc,heap     ] GC(70) y: Soft Max Capacity: 8192M(100%)
[538.253s][info][gc,heap     ] GC(70) y: Heap Statistics:
[538.253s][info][gc,heap     ] GC(70) y:                Mark Start          Mark End        Relocate Start      Relocate End           High               Low         
[538.253s][info][gc,heap     ] GC(70) y:  Capacity:     8192M (100%)       8192M (100%)       8192M (100%)       8192M (100%)       8192M (100%)       8192M (100%)   
[538.253s][info][gc,heap     ] GC(70) y:      Free:      644M (8%)          444M (5%)         2728M (33%)        7234M (88%)        7234M (88%)         442M (5%)     
[538.253s][info][gc,heap     ] GC(70) y:      Used:     7548M (92%)        7748M (95%)        5464M (67%)         958M (12%)        7750M (95%)         958M (12%)    
[538.253s][info][gc,heap     ] GC(70) y: Young Generation Statistics:
[538.253s][info][gc,heap     ] GC(70) y:                Mark Start          Mark End        Relocate Start      Relocate End    
[538.253s][info][gc,heap     ] GC(70) y:      Used:     7010M (86%)        7210M (88%)        4926M (60%)         414M (5%)     
[538.253s][info][gc,heap     ] GC(70) y:      Live:         -               101M (1%)          101M (1%)          100M (1%)     
[538.253s][info][gc,heap     ] GC(70) y:   Garbage:         -              6908M (84%)        4610M (56%)           1M (0%)     
[538.253s][info][gc,heap     ] GC(70) y: Allocated:         -               200M (2%)          214M (3%)          311M (4%)     
[538.253s][info][gc,heap     ] GC(70) y: Reclaimed:         -                  -              2298M (28%)        6906M (84%)    
[538.253s][info][gc,heap     ] GC(70) y:  Promoted:         -                  -                 0M (0%)            0M (0%)     
[538.253s][info][gc,heap     ] GC(70) y: Compacted:         -                  -                  -                98M (1%)     
[538.253s][info][gc,phases   ] GC(70) y: Young Generation 7548M(92%)->958M(12%) 0.252s
[538.253s][info][gc          ] GC(70) Minor Collection (Allocation Rate) 7548M(92%)->958M(12%) 0.252s
[546.645s][info][gc          ] GC(71) Minor Collection (Allocation Rate)
[546.645s][info][gc,task     ] GC(71) Using 1 Workers for Young Generation
[546.645s][info][gc,phases   ] GC(71) y: Young Generation
[546.645s][info][gc,phases   ] GC(71) y: Pause Mark Start 0.012ms
[546.758s][info][gc,phases   ] GC(71) y: Concurrent Mark 112.783ms
[546.758s][info][gc,phases   ] GC(71) y: Pause Mark End 0.009ms
[546.758s][info][gc,phases   ] GC(71) y: Concurrent Mark Free 0.000ms
[546.758s][info][gc,phases   ] GC(71) y: Concurrent Reset Relocation Set 0.187ms
[546.760s][info][gc,reloc    ] GC(71) y: Using tenuring threshold: 1 (Computed)
[546.768s][info][gc,phases   ] GC(71) y: Concurrent Select Relocation Set 9.568ms
[546.768s][info][gc,phases   ] GC(71) y: Pause Relocate Start 0.008ms
[546.844s][info][gc,phases   ] GC(71) y: Concurrent Relocate 76.501ms
[546.845s][info][gc,alloc    ] GC(71) y:                         Mark Start        Mark End      Relocate Start    Relocate End   
[546.845s][info][gc,alloc    ] GC(71) y: Allocation Stalls:          0                0                0                0         
[546.845s][info][gc,load     ] GC(71) y: Load: 0.00 (0%) / 0.00 (0%) / 0.00 (0%)
[546.845s][info][gc,mmu      ] GC(71) y: MMU: 2ms/76.4%, 5ms/90.6%, 10ms/95.3%, 20ms/97.6%, 50ms/99.1%, 100ms/99.5%
[546.845s][info][gc,marking  ] GC(71) y: Mark: 1 stripe(s), 2 proactive flush(es), 1 terminate flush(es), 0 completion(s), 0 continuation(s) 
[546.845s][info][gc,marking  ] GC(71) y: Mark Stack Usage: 32M
[546.845s][info][gc,nmethod  ] GC(71) y: NMethods: 7251 registered, 1553 unregistered
[546.845s][info][gc,metaspace] GC(71) y: Metaspace: 131M used, 132M committed, 1152M reserved
[546.845s][info][gc,reloc    ] GC(71) y:                        Candidates     Selected     In-Place         Size        Empty    Relocated 
[546.845s][info][gc,reloc    ] GC(71) y: Small Pages:                 3506         1642            0        7012M        3622M          73M 
[546.845s][info][gc,reloc    ] GC(71) y: Medium Pages:                   0            0            0           0M           0M           0M 
[546.845s][info][gc,reloc    ] GC(71) y: Large Pages:                    0            0            0           0M           0M           0M 
[546.845s][info][gc,reloc    ] GC(71) y: Forwarding Usage: 25M
[546.845s][info][gc,reloc    ] GC(71) y: Age Table:
[546.845s][info][gc,reloc    ] GC(71) y:                    Live             Garbage             Small              Medium             Large        
[546.845s][info][gc,reloc    ] GC(71) y: Eden              80M (1%)         6795M (83%)       3438 / 1583           0 / 0              0 / 0        
[546.845s][info][gc,reloc    ] GC(71) y: Survivor 1         9M (0%)           94M (1%)          52 / 46             0 / 0              0 / 0        
[546.845s][info][gc,reloc    ] GC(71) y: Survivor 2         0M (0%)            7M (0%)           4 / 3              0 / 0              0 / 0        
[546.845s][info][gc,reloc    ] GC(71) y: Survivor 3         0M (0%)           13M (0%)           7 / 6              0 / 0              0 / 0        
[546.845s][info][gc,reloc    ] GC(71) y: Survivor 4         0M (0%)            9M (0%)           5 / 4              0 / 0              0 / 0        
[546.845s][info][gc,heap     ] GC(71) y: Min Capacity: 8192M(100%)
[546.845s][info][gc,heap     ] GC(71) y: Max Capacity: 8192M(100%)
[546.845s][info][gc,heap     ] GC(71) y: Soft Max Capacity: 8192M(100%)
[546.845s][info][gc,heap     ] GC(71) y: Heap Statistics:
[546.845s][info][gc,heap     ] GC(71) y:                Mark Start          Mark End        Relocate Start      Relocate End           High               Low         
[546.845s][info][gc,heap     ] GC(71) y:  Capacity:     8192M (100%)       8192M (100%)       8192M (100%)       8192M (100%)       8192M (100%)       8192M (100%)   
[546.845s][info][gc,heap     ] GC(71) y:      Free:      636M (8%)          508M (6%)         4124M (50%)        7352M (90%)        7352M (90%)         508M (6%)     
[546.845s][info][gc,heap     ] GC(71) y:      Used:     7556M (92%)        7684M (94%)        4068M (50%)         840M (10%)        7684M (94%)         840M (10%)    
[546.845s][info][gc,heap     ] GC(71) y: Young Generation Statistics:
[546.845s][info][gc,heap     ] GC(71) y:                Mark Start          Mark End        Relocate Start      Relocate End    
[546.845s][info][gc,heap     ] GC(71) y:      Used:     7012M (86%)        7140M (87%)        3524M (43%)         282M (3%)     
[546.845s][info][gc,heap     ] GC(71) y:      Live:         -                91M (1%)           91M (1%)           80M (1%)     
[546.845s][info][gc,heap     ] GC(71) y:   Garbage:         -              6920M (84%)        3298M (40%)           1M (0%)     
[546.845s][info][gc,heap     ] GC(71) y: Allocated:         -               128M (2%)          134M (2%)          199M (2%)     
[546.845s][info][gc,heap     ] GC(71) y: Reclaimed:         -                  -              3622M (44%)        6918M (84%)    
[546.845s][info][gc,heap     ] GC(71) y:  Promoted:         -                  -                 0M (0%)           10M (0%)     
[546.845s][info][gc,heap     ] GC(71) y: Compacted:         -                  -                  -                70M (1%)     
[546.845s][info][gc,phases   ] GC(71) y: Young Generation 7556M(92%)->840M(10%) 0.199s
[546.845s][info][gc          ] GC(71) Minor Collection (Allocation Rate) 7556M(92%)->840M(10%) 0.200s
[554.961s][info][gc          ] GC(72) Minor Collection (Allocation Rate)
[554.961s][info][gc,task     ] GC(72) Using 1 Workers for Young Generation
[554.961s][info][gc,phases   ] GC(72) y: Young Generation
[554.961s][info][gc,phases   ] GC(72) y: Pause Mark Start 0.012ms
[555.099s][info][gc,phases   ] GC(72) y: Concurrent Mark 138.185ms
[555.099s][info][gc,phases   ] GC(72) y: Pause Mark End 0.008ms
[555.099s][info][gc,phases   ] GC(72) y: Concurrent Mark Free 0.000ms
[555.099s][info][gc,phases   ] GC(72) y: Concurrent Reset Relocation Set 0.118ms
[555.102s][info][gc,reloc    ] GC(72) y: Using tenuring threshold: 2 (Computed)
[555.113s][info][gc,phases   ] GC(72) y: Concurrent Select Relocation Set 13.269ms
[555.113s][info][gc,phases   ] GC(72) y: Pause Relocate Start 0.009ms
[555.191s][info][gc,phases   ] GC(72) y: Concurrent Relocate 78.321ms
[555.191s][info][gc,alloc    ] GC(72) y:                         Mark Start        Mark End      Relocate Start    Relocate End   
[555.191s][info][gc,alloc    ] GC(72) y: Allocation Stalls:          0                0                0                0         
[555.191s][info][gc,load     ] GC(72) y: Load: 0.00 (0%) / 0.00 (0%) / 0.00 (0%)
[555.191s][info][gc,mmu      ] GC(72) y: MMU: 2ms/76.4%, 5ms/90.6%, 10ms/95.3%, 20ms/97.6%, 50ms/99.1%, 100ms/99.5%
[555.191s][info][gc,marking  ] GC(72) y: Mark: 1 stripe(s), 2 proactive flush(es), 1 terminate flush(es), 0 completion(s), 0 continuation(s) 
[555.191s][info][gc,marking  ] GC(72) y: Mark Stack Usage: 32M
[555.191s][info][gc,nmethod  ] GC(72) y: NMethods: 7293 registered, 1553 unregistered
[555.191s][info][gc,metaspace] GC(72) y: Metaspace: 131M used, 132M committed, 1152M reserved
[555.191s][info][gc,reloc    ] GC(72) y:                        Candidates     Selected     In-Place         Size        Empty    Relocated 
[555.191s][info][gc,reloc    ] GC(72) y: Small Pages:                 3507         2239            0        7014M        2418M          85M 
[555.191s][info][gc,reloc    ] GC(72) y: Medium Pages:                   0            0            0           0M           0M           0M 
[555.191s][info][gc,reloc    ] GC(72) y: Large Pages:                    0            0            0           0M           0M           0M 
[555.191s][info][gc,reloc    ] GC(72) y: Forwarding Usage: 30M
[555.191s][info][gc,reloc    ] GC(72) y: Age Table:
[555.191s][info][gc,reloc    ] GC(72) y:                    Live             Garbage             Small              Medium             Large        
[555.191s][info][gc,reloc    ] GC(72) y: Eden              87M (1%)         6832M (83%)       3460 / 2205           0 / 0              0 / 0        
[555.191s][info][gc,reloc    ] GC(72) y: Survivor 1        14M (0%)           79M (1%)          47 / 34             0 / 0              0 / 0        
[555.191s][info][gc,heap     ] GC(72) y: Min Capacity: 8192M(100%)
[555.191s][info][gc,heap     ] GC(72) y: Max Capacity: 8192M(100%)
[555.191s][info][gc,heap     ] GC(72) y: Soft Max Capacity: 8192M(100%)
[555.191s][info][gc,heap     ] GC(72) y: Heap Statistics:
[555.191s][info][gc,heap     ] GC(72) y:                Mark Start          Mark End        Relocate Start      Relocate End           High               Low         
[555.191s][info][gc,heap     ] GC(72) y:  Capacity:     8192M (100%)       8192M (100%)       8192M (100%)       8192M (100%)       8192M (100%)       8192M (100%)   
[555.192s][info][gc,heap     ] GC(72) y:      Free:      620M (8%)          490M (6%)         2902M (35%)        7320M (89%)        7322M (89%)         490M (6%)     
[555.192s][info][gc,heap     ] GC(72) y:      Used:     7572M (92%)        7702M (94%)        5290M (65%)         872M (11%)        7702M (94%)         870M (11%)    
[555.192s][info][gc,heap     ] GC(72) y: Young Generation Statistics:
[555.192s][info][gc,heap     ] GC(72) y:                Mark Start          Mark End        Relocate Start      Relocate End    
[555.192s][info][gc,heap     ] GC(72) y:      Used:     7014M (86%)        7144M (87%)        4732M (58%)         314M (4%)     
[555.192s][info][gc,heap     ] GC(72) y:      Live:         -               102M (1%)          102M (1%)          102M (1%)     
[555.192s][info][gc,heap     ] GC(72) y:   Garbage:         -              6911M (84%)        4493M (55%)           0M (0%)     
[555.192s][info][gc,heap     ] GC(72) y: Allocated:         -               130M (2%)          136M (2%)          210M (3%)     
[555.192s][info][gc,heap     ] GC(72) y: Reclaimed:         -                  -              2418M (30%)        6910M (84%)    
[555.192s][info][gc,heap     ] GC(72) y:  Promoted:         -                  -                 0M (0%)            0M (0%)     
[555.192s][info][gc,heap     ] GC(72) y: Compacted:         -                  -                  -               101M (1%)     
[555.192s][info][gc,phases   ] GC(72) y: Young Generation 7572M(92%)->872M(11%) 0.230s
[555.192s][info][gc          ] GC(72) Minor Collection (Allocation Rate) 7572M(92%)->872M(11%) 0.231s
[562.484s][info][gc          ] GC(73) Minor Collection (Allocation Rate)
[562.484s][info][gc,task     ] GC(73) Using 1 Workers for Young Generation
[562.484s][info][gc,phases   ] GC(73) y: Young Generation
[562.484s][info][gc,phases   ] GC(73) y: Pause Mark Start 0.013ms
[562.608s][info][gc,phases   ] GC(73) y: Concurrent Mark 123.220ms
[562.608s][info][gc,phases   ] GC(73) y: Pause Mark End 0.009ms
[562.608s][info][gc,phases   ] GC(73) y: Concurrent Mark Free 0.000ms
[562.608s][info][gc,phases   ] GC(73) y: Concurrent Reset Relocation Set 0.181ms
[562.611s][info][gc,reloc    ] GC(73) y: Using tenuring threshold: 3 (Computed)
[562.614s][info][gc,phases   ] GC(73) y: Concurrent Select Relocation Set 6.124ms
[562.614s][info][gc,phases   ] GC(73) y: Pause Relocate Start 0.012ms
[562.690s][info][gc,phases   ] GC(73) y: Concurrent Relocate 75.412ms
[562.690s][info][gc,alloc    ] GC(73) y:                         Mark Start        Mark End      Relocate Start    Relocate End   
[562.690s][info][gc,alloc    ] GC(73) y: Allocation Stalls:          0                0                0                0         
[562.690s][info][gc,load     ] GC(73) y: Load: 0.00 (0%) / 0.00 (0%) / 0.00 (0%)
[562.690s][info][gc,mmu      ] GC(73) y: MMU: 2ms/76.4%, 5ms/90.6%, 10ms/95.3%, 20ms/97.6%, 50ms/99.1%, 100ms/99.5%
[562.690s][info][gc,marking  ] GC(73) y: Mark: 1 stripe(s), 2 proactive flush(es), 1 terminate flush(es), 0 completion(s), 0 continuation(s) 
[562.690s][info][gc,marking  ] GC(73) y: Mark Stack Usage: 32M
[562.690s][info][gc,nmethod  ] GC(73) y: NMethods: 7308 registered, 1553 unregistered
[562.690s][info][gc,metaspace] GC(73) y: Metaspace: 131M used, 132M committed, 1152M reserved
[562.690s][info][gc,reloc    ] GC(73) y:                        Candidates     Selected     In-Place         Size        Empty    Relocated 
[562.690s][info][gc,reloc    ] GC(73) y: Small Pages:                 3511         1732            0        7022M        3434M          87M 
[562.690s][info][gc,reloc    ] GC(73) y: Medium Pages:                   0            0            0           0M           0M           0M 
[562.690s][info][gc,reloc    ] GC(73) y: Large Pages:                    0            0            0           0M           0M           0M 
[562.690s][info][gc,reloc    ] GC(73) y: Forwarding Usage: 26M
[562.690s][info][gc,reloc    ] GC(73) y: Age Table:
[562.690s][info][gc,reloc    ] GC(73) y:                    Live             Garbage             Small              Medium             Large        
[562.690s][info][gc,reloc    ] GC(73) y: Eden              86M (1%)         6815M (83%)       3451 / 1687           0 / 0              0 / 0        
[562.690s][info][gc,reloc    ] GC(73) y: Survivor 1        11M (0%)           86M (1%)          49 / 41             0 / 0              0 / 0        
[562.690s][info][gc,reloc    ] GC(73) y: Survivor 2        10M (0%)           11M (0%)          11 / 4              0 / 0              0 / 0        
[562.690s][info][gc,heap     ] GC(73) y: Min Capacity: 8192M(100%)
[562.690s][info][gc,heap     ] GC(73) y: Max Capacity: 8192M(100%)
[562.690s][info][gc,heap     ] GC(73) y: Soft Max Capacity: 8192M(100%)
[562.690s][info][gc,heap     ] GC(73) y: Heap Statistics:
[562.690s][info][gc,heap     ] GC(73) y:                Mark Start          Mark End        Relocate Start      Relocate End           High               Low         
[562.690s][info][gc,heap     ] GC(73) y:  Capacity:     8192M (100%)       8192M (100%)       8192M (100%)       8192M (100%)       8192M (100%)       8192M (100%)   
[562.690s][info][gc,heap     ] GC(73) y:      Free:      612M (7%)          496M (6%)         3928M (48%)        7290M (89%)        7292M (89%)         496M (6%)     
[562.690s][info][gc,heap     ] GC(73) y:      Used:     7580M (93%)        7696M (94%)        4264M (52%)         902M (11%)        7696M (94%)         900M (11%)    
[562.690s][info][gc,heap     ] GC(73) y: Young Generation Statistics:
[562.690s][info][gc,heap     ] GC(73) y:                Mark Start          Mark End        Relocate Start      Relocate End    
[562.690s][info][gc,heap     ] GC(73) y:      Used:     7022M (86%)        7138M (87%)        3706M (45%)         344M (4%)     
[562.690s][info][gc,heap     ] GC(73) y:      Live:         -               108M (1%)          108M (1%)          108M (1%)     
[562.690s][info][gc,heap     ] GC(73) y:   Garbage:         -              6913M (84%)        3479M (42%)           1M (0%)     
[562.690s][info][gc,heap     ] GC(73) y: Allocated:         -               116M (1%)          118M (1%)          234M (3%)     
[562.690s][info][gc,heap     ] GC(73) y: Reclaimed:         -                  -              3434M (42%)        6912M (84%)    
[562.690s][info][gc,heap     ] GC(73) y:  Promoted:         -                  -                 0M (0%)            0M (0%)     
[562.690s][info][gc,heap     ] GC(73) y: Compacted:         -                  -                  -               101M (1%)     
[562.690s][info][gc,phases   ] GC(73) y: Young Generation 7580M(93%)->902M(11%) 0.206s
[562.690s][info][gc          ] GC(73) Minor Collection (Allocation Rate) 7580M(93%)->902M(11%) 0.206s
[572.244s][info][gc          ] GC(74) Minor Collection (Allocation Rate)
[572.244s][info][gc,task     ] GC(74) Using 1 Workers for Young Generation
[572.244s][info][gc,phases   ] GC(74) y: Young Generation
[572.244s][info][gc,phases   ] GC(74) y: Pause Mark Start 0.013ms
[572.360s][info][gc,phases   ] GC(74) y: Concurrent Mark 115.346ms
[572.360s][info][gc,phases   ] GC(74) y: Pause Mark End 0.009ms
[572.360s][info][gc,phases   ] GC(74) y: Concurrent Mark Free 0.000ms
[572.360s][info][gc,phases   ] GC(74) y: Concurrent Reset Relocation Set 0.148ms
[572.362s][info][gc,reloc    ] GC(74) y: Using tenuring threshold: 4 (Computed)
[572.365s][info][gc,phases   ] GC(74) y: Concurrent Select Relocation Set 4.701ms
[572.365s][info][gc,phases   ] GC(74) y: Pause Relocate Start 0.008ms
[572.427s][info][gc,phases   ] GC(74) y: Concurrent Relocate 61.818ms
[572.427s][info][gc,alloc    ] GC(74) y:                         Mark Start        Mark End      Relocate Start    Relocate End   
[572.427s][info][gc,alloc    ] GC(74) y: Allocation Stalls:          0                0                0                0         
[572.427s][info][gc,load     ] GC(74) y: Load: 0.00 (0%) / 0.00 (0%) / 0.00 (0%)
[572.427s][info][gc,mmu      ] GC(74) y: MMU: 2ms/76.4%, 5ms/90.6%, 10ms/95.3%, 20ms/97.6%, 50ms/99.1%, 100ms/99.5%
[572.427s][info][gc,marking  ] GC(74) y: Mark: 1 stripe(s), 2 proactive flush(es), 1 terminate flush(es), 0 completion(s), 0 continuation(s) 
[572.427s][info][gc,marking  ] GC(74) y: Mark Stack Usage: 32M
[572.427s][info][gc,nmethod  ] GC(74) y: NMethods: 7329 registered, 1553 unregistered
[572.427s][info][gc,metaspace] GC(74) y: Metaspace: 131M used, 132M committed, 1152M reserved
[572.427s][info][gc,reloc    ] GC(74) y:                        Candidates     Selected     In-Place         Size        Empty    Relocated 
[572.427s][info][gc,reloc    ] GC(74) y: Small Pages:                 3522         2038            0        7044M        2862M          70M 
[572.427s][info][gc,reloc    ] GC(74) y: Medium Pages:                   0            0            0           0M           0M           0M 
[572.427s][info][gc,reloc    ] GC(74) y: Large Pages:                    0            0            0           0M           0M           0M 
[572.427s][info][gc,reloc    ] GC(74) y: Forwarding Usage: 24M
[572.427s][info][gc,reloc    ] GC(74) y: Age Table:
[572.427s][info][gc,reloc    ] GC(74) y:                    Live             Garbage             Small              Medium             Large        
[572.427s][info][gc,reloc    ] GC(74) y: Eden              73M (1%)         6830M (83%)       3452 / 1979           0 / 0              0 / 0        
[572.427s][info][gc,reloc    ] GC(74) y: Survivor 1         4M (0%)           91M (1%)          48 / 46             0 / 0              0 / 0        
[572.427s][info][gc,reloc    ] GC(74) y: Survivor 2         5M (0%)           20M (0%)          13 / 10             0 / 0              0 / 0        
[572.427s][info][gc,reloc    ] GC(74) y: Survivor 3         8M (0%)            9M (0%)           9 / 3              0 / 0              0 / 0        
[572.427s][info][gc,heap     ] GC(74) y: Min Capacity: 8192M(100%)
[572.427s][info][gc,heap     ] GC(74) y: Max Capacity: 8192M(100%)
[572.427s][info][gc,heap     ] GC(74) y: Soft Max Capacity: 8192M(100%)
[572.427s][info][gc,heap     ] GC(74) y: Heap Statistics:
[572.427s][info][gc,heap     ] GC(74) y:                Mark Start          Mark End        Relocate Start      Relocate End           High               Low         
[572.427s][info][gc,heap     ] GC(74) y:  Capacity:     8192M (100%)       8192M (100%)       8192M (100%)       8192M (100%)       8192M (100%)       8192M (100%)   
[572.427s][info][gc,heap     ] GC(74) y:      Free:      590M (7%)          434M (5%)         3294M (40%)        7296M (89%)        7302M (89%)         434M (5%)     
[572.427s][info][gc,heap     ] GC(74) y:      Used:     7602M (93%)        7758M (95%)        4898M (60%)         896M (11%)        7758M (95%)         890M (11%)    
[572.427s][info][gc,heap     ] GC(74) y: Young Generation Statistics:
[572.427s][info][gc,heap     ] GC(74) y:                Mark Start          Mark End        Relocate Start      Relocate End    
[572.427s][info][gc,heap     ] GC(74) y:      Used:     7044M (86%)        7200M (88%)        4340M (53%)         338M (4%)     
[572.427s][info][gc,heap     ] GC(74) y:      Live:         -                91M (1%)           91M (1%)           91M (1%)     
[572.427s][info][gc,heap     ] GC(74) y:   Garbage:         -              6952M (85%)        4090M (50%)           2M (0%)     
[572.427s][info][gc,heap     ] GC(74) y: Allocated:         -               156M (2%)          158M (2%)          244M (3%)     
[572.427s][info][gc,heap     ] GC(74) y: Reclaimed:         -                  -              2862M (35%)        6950M (85%)    
[572.427s][info][gc,heap     ] GC(74) y:  Promoted:         -                  -                 0M (0%)            0M (0%)     
[572.427s][info][gc,heap     ] GC(74) y: Compacted:         -                  -                  -                83M (1%)     
[572.427s][info][gc,phases   ] GC(74) y: Young Generation 7602M(93%)->896M(11%) 0.182s
[572.427s][info][gc          ] GC(74) Minor Collection (Allocation Rate) 7602M(93%)->896M(11%) 0.183s
[580.433s][info][gc          ] GC(75) Minor Collection (Allocation Rate)
[580.433s][info][gc,task     ] GC(75) Using 1 Workers for Young Generation
[580.433s][info][gc,phases   ] GC(75) y: Young Generation
[580.433s][info][gc,phases   ] GC(75) y: Pause Mark Start 0.012ms
[580.563s][info][gc,phases   ] GC(75) y: Concurrent Mark 129.873ms
[580.563s][info][gc,phases   ] GC(75) y: Pause Mark End 0.009ms
[580.563s][info][gc,phases   ] GC(75) y: Concurrent Mark Free 0.000ms
[580.563s][info][gc,phases   ] GC(75) y: Concurrent Reset Relocation Set 0.187ms
[580.566s][info][gc,reloc    ] GC(75) y: Using tenuring threshold: 4 (Computed)
[580.582s][info][gc,phases   ] GC(75) y: Concurrent Select Relocation Set 18.623ms
[580.582s][info][gc,phases   ] GC(75) y: Pause Relocate Start 0.010ms
[580.658s][info][gc,phases   ] GC(75) y: Concurrent Relocate 76.596ms
[580.659s][info][gc,alloc    ] GC(75) y:                         Mark Start        Mark End      Relocate Start    Relocate End   
[580.659s][info][gc,alloc    ] GC(75) y: Allocation Stalls:          0                0                0                0         
[580.659s][info][gc,load     ] GC(75) y: Load: 0.00 (0%) / 0.00 (0%) / 0.00 (0%)
[580.659s][info][gc,mmu      ] GC(75) y: MMU: 2ms/76.4%, 5ms/90.6%, 10ms/95.3%, 20ms/97.6%, 50ms/99.1%, 100ms/99.5%
[580.659s][info][gc,marking  ] GC(75) y: Mark: 1 stripe(s), 2 proactive flush(es), 1 terminate flush(es), 0 completion(s), 0 continuation(s) 
[580.659s][info][gc,marking  ] GC(75) y: Mark Stack Usage: 32M
[580.659s][info][gc,nmethod  ] GC(75) y: NMethods: 7340 registered, 1553 unregistered
[580.659s][info][gc,metaspace] GC(75) y: Metaspace: 131M used, 132M committed, 1152M reserved
[580.659s][info][gc,reloc    ] GC(75) y:                        Candidates     Selected     In-Place         Size        Empty    Relocated 
[580.659s][info][gc,reloc    ] GC(75) y: Small Pages:                 3552         2001            0        7104M        2976M          85M 
[580.659s][info][gc,reloc    ] GC(75) y: Medium Pages:                   0            0            0           0M           0M           0M 
[580.659s][info][gc,reloc    ] GC(75) y: Large Pages:                    0            0            0           0M           0M           0M 
[580.659s][info][gc,reloc    ] GC(75) y: Forwarding Usage: 28M
[580.659s][info][gc,reloc    ] GC(75) y: Age Table:
[580.659s][info][gc,reloc    ] GC(75) y:                    Live             Garbage             Small              Medium             Large        
[580.659s][info][gc,reloc    ] GC(75) y: Eden              87M (1%)         6894M (84%)       3491 / 1955           0 / 0              0 / 0        
[580.659s][info][gc,reloc    ] GC(75) y: Survivor 1         7M (0%)           74M (1%)          41 / 35             0 / 0              0 / 0        
[580.659s][info][gc,reloc    ] GC(75) y: Survivor 2         1M (0%)           10M (0%)           6 / 5              0 / 0              0 / 0        
[580.659s][info][gc,reloc    ] GC(75) y: Survivor 3         4M (0%)           11M (0%)           8 / 5              0 / 0              0 / 0        
[580.659s][info][gc,reloc    ] GC(75) y: Survivor 4         8M (0%)            3M (0%)           6 / 1              0 / 0              0 / 0        
[580.659s][info][gc,heap     ] GC(75) y: Min Capacity: 8192M(100%)
[580.659s][info][gc,heap     ] GC(75) y: Max Capacity: 8192M(100%)
[580.659s][info][gc,heap     ] GC(75) y: Soft Max Capacity: 8192M(100%)
[580.659s][info][gc,heap     ] GC(75) y: Heap Statistics:
[580.659s][info][gc,heap     ] GC(75) y:                Mark Start          Mark End        Relocate Start      Relocate End           High               Low         
[580.659s][info][gc,heap     ] GC(75) y:  Capacity:     8192M (100%)       8192M (100%)       8192M (100%)       8192M (100%)       8192M (100%)       8192M (100%)   
[580.659s][info][gc,heap     ] GC(75) y:      Free:      530M (6%)          406M (5%)         3356M (41%)        7310M (89%)        7318M (89%)         406M (5%)     
[580.659s][info][gc,heap     ] GC(75) y:      Used:     7662M (94%)        7786M (95%)        4836M (59%)         882M (11%)        7786M (95%)         874M (11%)    
[580.659s][info][gc,heap     ] GC(75) y: Young Generation Statistics:
[580.659s][info][gc,heap     ] GC(75) y:                Mark Start          Mark End        Relocate Start      Relocate End    
[580.659s][info][gc,heap     ] GC(75) y:      Used:     7104M (87%)        7228M (88%)        4270M (52%)         312M (4%)     
[580.659s][info][gc,heap     ] GC(75) y:      Live:         -               109M (1%)          102M (1%)          100M (1%)     
[580.659s][info][gc,heap     ] GC(75) y:   Garbage:         -              6994M (85%)        4017M (49%)           0M (0%)     
[580.659s][info][gc,heap     ] GC(75) y: Allocated:         -               124M (2%)          150M (2%)          211M (3%)     
[580.659s][info][gc,heap     ] GC(75) y: Reclaimed:         -                  -              2977M (36%)        6994M (85%)    
[580.659s][info][gc,heap     ] GC(75) y:  Promoted:         -                  -                 6M (0%)            8M (0%)     
[580.659s][info][gc,heap     ] GC(75) y: Compacted:         -                  -                  -                96M (1%)     
[580.659s][info][gc,phases   ] GC(75) y: Young Generation 7662M(94%)->882M(11%) 0.226s
[580.659s][info][gc          ] GC(75) Minor Collection (Allocation Rate) 7662M(94%)->882M(11%) 0.226s
[588.206s][info][gc          ] GC(76) Minor Collection (Allocation Rate)
[588.206s][info][gc,task     ] GC(76) Using 1 Workers for Young Generation
[588.206s][info][gc,phases   ] GC(76) y: Young Generation
[588.206s][info][gc,phases   ] GC(76) y: Pause Mark Start 0.012ms
[588.327s][info][gc,phases   ] GC(76) y: Concurrent Mark 121.677ms
[588.328s][info][gc,phases   ] GC(76) y: Pause Mark End 0.011ms
[588.328s][info][gc,phases   ] GC(76) y: Concurrent Mark Free 0.000ms
[588.328s][info][gc,phases   ] GC(76) y: Concurrent Reset Relocation Set 0.318ms
[588.332s][info][gc,reloc    ] GC(76) y: Using tenuring threshold: 3 (Computed)
[588.339s][info][gc,phases   ] GC(76) y: Concurrent Select Relocation Set 10.925ms
[588.339s][info][gc,phases   ] GC(76) y: Pause Relocate Start 0.009ms
[588.406s][info][gc,phases   ] GC(76) y: Concurrent Relocate 66.917ms
[588.406s][info][gc,alloc    ] GC(76) y:                         Mark Start        Mark End      Relocate Start    Relocate End   
[588.406s][info][gc,alloc    ] GC(76) y: Allocation Stalls:          0                0                0                0         
[588.406s][info][gc,load     ] GC(76) y: Load: 0.00 (0%) / 0.00 (0%) / 0.00 (0%)
[588.406s][info][gc,mmu      ] GC(76) y: MMU: 2ms/76.4%, 5ms/90.6%, 10ms/95.3%, 20ms/97.6%, 50ms/99.1%, 100ms/99.5%
[588.406s][info][gc,marking  ] GC(76) y: Mark: 1 stripe(s), 2 proactive flush(es), 1 terminate flush(es), 0 completion(s), 0 continuation(s) 
[588.406s][info][gc,marking  ] GC(76) y: Mark Stack Usage: 32M
[588.406s][info][gc,nmethod  ] GC(76) y: NMethods: 7353 registered, 1553 unregistered
[588.406s][info][gc,metaspace] GC(76) y: Metaspace: 131M used, 132M committed, 1152M reserved
[588.406s][info][gc,reloc    ] GC(76) y:                        Candidates     Selected     In-Place         Size        Empty    Relocated 
[588.406s][info][gc,reloc    ] GC(76) y: Small Pages:                 3513         1814            0        7026M        3290M          78M 
[588.406s][info][gc,reloc    ] GC(76) y: Medium Pages:                   0            0            0           0M           0M           0M 
[588.406s][info][gc,reloc    ] GC(76) y: Large Pages:                    0            0            0           0M           0M           0M 
[588.406s][info][gc,reloc    ] GC(76) y: Forwarding Usage: 26M
[588.406s][info][gc,reloc    ] GC(76) y: Age Table:
[588.406s][info][gc,reloc    ] GC(76) y:                    Live             Garbage             Small              Medium             Large        
[588.406s][info][gc,reloc    ] GC(76) y: Eden              75M (1%)         6830M (83%)       3453 / 1766           0 / 0              0 / 0        
[588.406s][info][gc,reloc    ] GC(76) y: Survivor 1        12M (0%)           81M (1%)          47 / 40             0 / 0              0 / 0        
[588.406s][info][gc,reloc    ] GC(76) y: Survivor 2         0M (0%)           13M (0%)           7 / 6              0 / 0              0 / 0        
[588.406s][info][gc,reloc    ] GC(76) y: Survivor 3         0M (0%)            5M (0%)           3 / 2              0 / 0              0 / 0        
[588.406s][info][gc,reloc    ] GC(76) y: Survivor 4         4M (0%)            1M (0%)           3 / 0              0 / 0              0 / 0        
[588.406s][info][gc,heap     ] GC(76) y: Min Capacity: 8192M(100%)
[588.406s][info][gc,heap     ] GC(76) y: Max Capacity: 8192M(100%)
[588.406s][info][gc,heap     ] GC(76) y: Soft Max Capacity: 8192M(100%)
[588.406s][info][gc,heap     ] GC(76) y: Heap Statistics:
[588.406s][info][gc,heap     ] GC(76) y:                Mark Start          Mark End        Relocate Start      Relocate End           High               Low         
[588.406s][info][gc,heap     ] GC(76) y:  Capacity:     8192M (100%)       8192M (100%)       8192M (100%)       8192M (100%)       8192M (100%)       8192M (100%)   
[588.406s][info][gc,heap     ] GC(76) y:      Free:      596M (7%)          490M (6%)         3770M (46%)        7306M (89%)        7308M (89%)         490M (6%)     
[588.406s][info][gc,heap     ] GC(76) y:      Used:     7596M (93%)        7702M (94%)        4422M (54%)         886M (11%)        7702M (94%)         884M (11%)    
[588.406s][info][gc,heap     ] GC(76) y: Young Generation Statistics:
[588.406s][info][gc,heap     ] GC(76) y:                Mark Start          Mark End        Relocate Start      Relocate End    
[588.406s][info][gc,heap     ] GC(76) y:      Used:     7026M (86%)        7132M (87%)        3848M (47%)         306M (4%)     
[588.406s][info][gc,heap     ] GC(76) y:      Live:         -                93M (1%)           90M (1%)           88M (1%)     
[588.406s][info][gc,heap     ] GC(76) y:   Garbage:         -              6932M (85%)        3641M (44%)           0M (0%)     
[588.406s][info][gc,heap     ] GC(76) y: Allocated:         -               106M (1%)          116M (1%)          216M (3%)     
[588.406s][info][gc,heap     ] GC(76) y: Reclaimed:         -                  -              3290M (40%)        6931M (85%)    
[588.406s][info][gc,heap     ] GC(76) y:  Promoted:         -                  -                 3M (0%)            4M (0%)     
[588.406s][info][gc,heap     ] GC(76) y: Compacted:         -                  -                  -                87M (1%)     
[588.406s][info][gc,phases   ] GC(76) y: Young Generation 7596M(93%)->886M(11%) 0.200s
[588.406s][info][gc          ] GC(76) Minor Collection (Allocation Rate) 7596M(93%)->888M(11%) 0.201s
[596.209s][info][gc          ] GC(77) Major Collection (Proactive)
[596.209s][info][gc,task     ] GC(77) Using 1 Workers for Young Generation
[596.209s][info][gc,task     ] GC(77) Using 1 Workers for Old Generation
[596.209s][info][gc,phases   ] GC(77) Y: Young Generation
[596.209s][info][gc,phases   ] GC(77) Y: Pause Mark Start (Major) 0.015ms
[596.325s][info][gc,phases   ] GC(77) Y: Concurrent Mark 115.424ms
[596.325s][info][gc,phases   ] GC(77) Y: Pause Mark End 0.014ms
[596.325s][info][gc,phases   ] GC(77) Y: Concurrent Mark Free 0.000ms
[596.325s][info][gc,phases   ] GC(77) Y: Concurrent Reset Relocation Set 0.613ms
[596.330s][info][gc,reloc    ] GC(77) Y: Using tenuring threshold: 4 (Computed)
[596.334s][info][gc,phases   ] GC(77) Y: Concurrent Select Relocation Set 8.575ms
[596.334s][info][gc,phases   ] GC(77) Y: Pause Relocate Start 0.011ms
[596.398s][info][gc,phases   ] GC(77) Y: Concurrent Relocate 63.434ms
[596.398s][info][gc,alloc    ] GC(77) Y:                         Mark Start        Mark End      Relocate Start    Relocate End   
[596.398s][info][gc,alloc    ] GC(77) Y: Allocation Stalls:          0                0                0                0         
[596.398s][info][gc,load     ] GC(77) Y: Load: 0.00 (0%) / 0.00 (0%) / 0.00 (0%)
[596.398s][info][gc,mmu      ] GC(77) Y: MMU: 2ms/76.4%, 5ms/90.6%, 10ms/95.3%, 20ms/97.6%, 50ms/99.1%, 100ms/99.5%
[596.398s][info][gc,marking  ] GC(77) Y: Mark: 1 stripe(s), 2 proactive flush(es), 1 terminate flush(es), 0 completion(s), 0 continuation(s) 
[596.398s][info][gc,marking  ] GC(77) Y: Mark Stack Usage: 32M
[596.398s][info][gc,nmethod  ] GC(77) Y: NMethods: 7435 registered, 1553 unregistered
[596.398s][info][gc,metaspace] GC(77) Y: Metaspace: 131M used, 132M committed, 1152M reserved
[596.398s][info][gc,reloc    ] GC(77) Y:                        Candidates     Selected     In-Place         Size        Empty    Relocated 
[596.398s][info][gc,reloc    ] GC(77) Y: Small Pages:                 2784         1705            0        5568M        2066M          67M 
[596.398s][info][gc,reloc    ] GC(77) Y: Medium Pages:                   0            0            0           0M           0M           0M 
[596.398s][info][gc,reloc    ] GC(77) Y: Large Pages:                    0            0            0           0M           0M           0M 
[596.398s][info][gc,reloc    ] GC(77) Y: Forwarding Usage: 25M
[596.398s][info][gc,reloc    ] GC(77) Y: Age Table:
[596.398s][info][gc,reloc    ] GC(77) Y:                    Live             Garbage             Small              Medium             Large        
[596.398s][info][gc,reloc    ] GC(77) Y: Eden              70M (1%)         5375M (66%)       2723 / 1654           0 / 0              0 / 0        
[596.398s][info][gc,reloc    ] GC(77) Y: Survivor 1         8M (0%)           75M (1%)          42 / 36             0 / 0              0 / 0        
[596.398s][info][gc,reloc    ] GC(77) Y: Survivor 2         1M (0%)           24M (0%)          13 / 10             0 / 0              0 / 0        
[596.398s][info][gc,reloc    ] GC(77) Y: Survivor 3         0M (0%)           11M (0%)           6 / 5              0 / 0              0 / 0        
[596.398s][info][gc,heap     ] GC(77) Y: Min Capacity: 8192M(100%)
[596.398s][info][gc,heap     ] GC(77) Y: Max Capacity: 8192M(100%)
[596.398s][info][gc,heap     ] GC(77) Y: Soft Max Capacity: 8192M(100%)
[596.398s][info][gc,heap     ] GC(77) Y: Heap Statistics:
[596.398s][info][gc,heap     ] GC(77) Y:                Mark Start          Mark End        Relocate Start      Relocate End           High               Low         
[596.398s][info][gc,heap     ] GC(77) Y:  Capacity:     8192M (100%)       8192M (100%)       8192M (100%)       8192M (100%)       8192M (100%)       8192M (100%)   
[596.398s][info][gc,heap     ] GC(77) Y:      Free:     2044M (25%)        1940M (24%)        3996M (49%)        7352M (90%)        7352M (90%)        1938M (24%)    
[596.398s][info][gc,heap     ] GC(77) Y:      Used:     6148M (75%)        6252M (76%)        4196M (51%)         840M (10%)        6254M (76%)         840M (10%)    
[596.398s][info][gc,heap     ] GC(77) Y: Young Generation Statistics:
[596.398s][info][gc,heap     ] GC(77) Y:                Mark Start          Mark End        Relocate Start      Relocate End    
[596.398s][info][gc,heap     ] GC(77) Y:      Used:     5568M (68%)        5672M (69%)        3616M (44%)         260M (3%)     
[596.398s][info][gc,heap     ] GC(77) Y:      Live:         -                79M (1%)           79M (1%)           79M (1%)     
[596.398s][info][gc,heap     ] GC(77) Y:   Garbage:         -              5488M (67%)        3422M (42%)           0M (0%)     
[596.398s][info][gc,heap     ] GC(77) Y: Allocated:         -               104M (1%)          114M (1%)          179M (2%)     
[596.398s][info][gc,heap     ] GC(77) Y: Reclaimed:         -                  -              2066M (25%)        5487M (67%)    
[596.398s][info][gc,heap     ] GC(77) Y:  Promoted:         -                  -                 0M (0%)            0M (0%)     
[596.398s][info][gc,heap     ] GC(77) Y: Compacted:         -                  -                  -                78M (1%)     
[596.398s][info][gc,phases   ] GC(77) Y: Young Generation 6148M(75%)->840M(10%) 0.189s
[596.398s][info][gc,phases   ] GC(77) O: Old Generation
[597.089s][info][gc,phases   ] GC(77) O: Concurrent Mark 690.854ms
[597.089s][info][gc,phases   ] GC(77) O: Pause Mark End 0.011ms
[597.089s][info][gc,phases   ] GC(77) O: Concurrent Mark Free 0.001ms
[597.105s][info][gc,phases   ] GC(77) O: Concurrent Process Non-Strong 16.343ms
[597.105s][info][gc,phases   ] GC(77) O: Concurrent Reset Relocation Set 0.003ms
[597.107s][info][gc,phases   ] GC(77) O: Concurrent Select Relocation Set 1.864ms
[597.107s][info][gc,task     ] GC(77) O: Using 2 Workers for Old Generation
[597.172s][info][gc,task     ] GC(77) O: Using 1 Workers for Old Generation
[597.172s][info][gc,phases   ] GC(77) O: Concurrent Remap Roots 64.415ms
[597.172s][info][gc,phases   ] GC(77) O: Pause Relocate Start 0.008ms
[597.189s][info][gc,phases   ] GC(77) O: Concurrent Relocate 16.875ms
[597.189s][info][gc,alloc    ] GC(77) O:                         Mark Start        Mark End      Relocate Start    Relocate End   
[597.189s][info][gc,alloc    ] GC(77) O: Allocation Stalls:          0                0                0                0         
[597.189s][info][gc,load     ] GC(77) O: Load: 0.00 (0%) / 0.00 (0%) / 0.00 (0%)
[597.189s][info][gc,mmu      ] GC(77) O: MMU: 2ms/76.4%, 5ms/90.6%, 10ms/95.3%, 20ms/97.6%, 50ms/99.1%, 100ms/99.5%
[597.189s][info][gc,marking  ] GC(77) O: Mark: 1 stripe(s), 2 proactive flush(es), 1 terminate flush(es), 0 completion(s), 0 continuation(s) 
[597.189s][info][gc,marking  ] GC(77) O: Mark Stack Usage: 32M
[597.189s][info][gc,nmethod  ] GC(77) O: NMethods: 7336 registered, 1662 unregistered
[597.189s][info][gc,metaspace] GC(77) O: Metaspace: 131M used, 132M committed, 1152M reserved
[597.189s][info][gc,ref      ] GC(77) O:                       Encountered   Discovered     Enqueued 
[597.189s][info][gc,ref      ] GC(77) O: Soft References:             6085            0            0 
[597.189s][info][gc,ref      ] GC(77) O: Weak References:            23319        13055           22 
[597.189s][info][gc,ref      ] GC(77) O: Final References:              34            0            0 
[597.189s][info][gc,ref      ] GC(77) O: Phantom References:           837          610           15 
[597.189s][info][gc,reloc    ] GC(77) O:                        Candidates     Selected     In-Place         Size        Empty    Relocated 
[597.189s][info][gc,reloc    ] GC(77) O: Small Pages:                  258           27            0         516M           4M           2M 
[597.189s][info][gc,reloc    ] GC(77) O: Medium Pages:                   2            0            0          64M           0M           0M 
[597.189s][info][gc,reloc    ] GC(77) O: Large Pages:                    0            0            0           0M           0M           0M 
[597.189s][info][gc,reloc    ] GC(77) O: Forwarding Usage: 4M
[597.189s][info][gc,heap     ] GC(77) O: Min Capacity: 8192M(100%)
[597.189s][info][gc,heap     ] GC(77) O: Max Capacity: 8192M(100%)
[597.189s][info][gc,heap     ] GC(77) O: Soft Max Capacity: 8192M(100%)
[597.189s][info][gc,heap     ] GC(77) O: Heap Statistics:
[597.189s][info][gc,heap     ] GC(77) O:                Mark Start          Mark End        Relocate Start      Relocate End           High               Low         
[597.189s][info][gc,heap     ] GC(77) O:  Capacity:     8192M (100%)       8192M (100%)       8192M (100%)       8192M (100%)       8192M (100%)       8192M (100%)   
[597.189s][info][gc,heap     ] GC(77) O:      Free:     2044M (25%)        6936M (85%)        6886M (84%)        6914M (84%)        7352M (90%)        1938M (24%)    
[597.189s][info][gc,heap     ] GC(77) O:      Used:     6148M (75%)        1256M (15%)        1306M (16%)        1278M (16%)        6254M (76%)         840M (10%)    
[597.189s][info][gc,heap     ] GC(77) O: Old Generation Statistics:
[597.189s][info][gc,heap     ] GC(77) O:                Mark Start          Mark End        Relocate Start      Relocate End    
[597.189s][info][gc,heap     ] GC(77) O:      Used:      580M (7%)          580M (7%)          576M (7%)          542M (7%)     
[597.189s][info][gc,heap     ] GC(77) O:      Live:         -               471M (6%)          471M (6%)          471M (6%)     
[597.189s][info][gc,heap     ] GC(77) O:   Garbage:         -               108M (1%)          104M (1%)           48M (1%)     
[597.189s][info][gc,heap     ] GC(77) O: Allocated:         -                 0M (0%)            0M (0%)           21M (0%)     
[597.189s][info][gc,heap     ] GC(77) O: Reclaimed:         -                  -                 4M (0%)           59M (1%)     
[597.189s][info][gc,heap     ] GC(77) O: Compacted:         -                  -                  -                12M (0%)     
[597.189s][info][gc,phases   ] GC(77) O: Old Generation 840M(10%)->1278M(16%) 0.791s
[597.189s][info][gc          ] GC(77) Major Collection (Proactive) 6148M(75%)->1278M(16%) 0.980s
[605.085s][info][gc          ] GC(78) Minor Collection (Allocation Rate)
[605.085s][info][gc,task     ] GC(78) Using 1 Workers for Young Generation
[605.085s][info][gc,phases   ] GC(78) y: Young Generation
[605.085s][info][gc,phases   ] GC(78) y: Pause Mark Start 0.013ms
[605.233s][info][gc,phases   ] GC(78) y: Concurrent Mark 147.728ms
[605.233s][info][gc,phases   ] GC(78) y: Pause Mark End 0.009ms
[605.233s][info][gc,phases   ] GC(78) y: Concurrent Mark Free 0.000ms
[605.233s][info][gc,phases   ] GC(78) y: Concurrent Reset Relocation Set 0.149ms
[605.235s][info][gc,reloc    ] GC(78) y: Using tenuring threshold: 5 (Computed)
[605.248s][info][gc,phases   ] GC(78) y: Concurrent Select Relocation Set 15.069ms
[605.248s][info][gc,phases   ] GC(78) y: Pause Relocate Start 0.009ms
[605.336s][info][gc,phases   ] GC(78) y: Concurrent Relocate 87.527ms
[605.336s][info][gc,alloc    ] GC(78) y:                         Mark Start        Mark End      Relocate Start    Relocate End   
[605.336s][info][gc,alloc    ] GC(78) y: Allocation Stalls:          0                0                0                0         
[605.336s][info][gc,load     ] GC(78) y: Load: 0.00 (0%) / 0.00 (0%) / 0.00 (0%)
[605.336s][info][gc,mmu      ] GC(78) y: MMU: 2ms/76.4%, 5ms/90.6%, 10ms/95.3%, 20ms/97.6%, 50ms/99.1%, 100ms/99.5%
[605.336s][info][gc,marking  ] GC(78) y: Mark: 1 stripe(s), 2 proactive flush(es), 1 terminate flush(es), 0 completion(s), 0 continuation(s) 
[605.336s][info][gc,marking  ] GC(78) y: Mark Stack Usage: 32M
[605.336s][info][gc,nmethod  ] GC(78) y: NMethods: 7429 registered, 1662 unregistered
[605.336s][info][gc,metaspace] GC(78) y: Metaspace: 131M used, 132M committed, 1152M reserved
[605.336s][info][gc,reloc    ] GC(78) y:                        Candidates     Selected     In-Place         Size        Empty    Relocated 
[605.336s][info][gc,reloc    ] GC(78) y: Small Pages:                 3586         2211            0        7172M        2620M          94M 
[605.336s][info][gc,reloc    ] GC(78) y: Medium Pages:                   0            0            0           0M           0M           0M 
[605.336s][info][gc,reloc    ] GC(78) y: Large Pages:                    0            0            0           0M           0M           0M 
[605.336s][info][gc,reloc    ] GC(78) y: Forwarding Usage: 35M
[605.336s][info][gc,reloc    ] GC(78) y: Age Table:
[605.336s][info][gc,reloc    ] GC(78) y:                    Live             Garbage             Small              Medium             Large        
[605.336s][info][gc,reloc    ] GC(78) y: Eden              98M (1%)         6965M (85%)       3532 / 2166           0 / 0              0 / 0        
[605.336s][info][gc,reloc    ] GC(78) y: Survivor 1        11M (0%)           66M (1%)          39 / 34             0 / 0              0 / 0        
[605.336s][info][gc,reloc    ] GC(78) y: Survivor 2         2M (0%)           13M (0%)           8 / 7              0 / 0              0 / 0        
[605.336s][info][gc,reloc    ] GC(78) y: Survivor 3         0M (0%)            9M (0%)           5 / 3              0 / 0              0 / 0        
[605.336s][info][gc,reloc    ] GC(78) y: Survivor 4         0M (0%)            3M (0%)           2 / 1              0 / 0              0 / 0        
[605.336s][info][gc,heap     ] GC(78) y: Min Capacity: 8192M(100%)
[605.336s][info][gc,heap     ] GC(78) y: Max Capacity: 8192M(100%)
[605.336s][info][gc,heap     ] GC(78) y: Soft Max Capacity: 8192M(100%)
[605.336s][info][gc,heap     ] GC(78) y: Heap Statistics:
[605.336s][info][gc,heap     ] GC(78) y:                Mark Start          Mark End        Relocate Start      Relocate End           High               Low         
[605.336s][info][gc,heap     ] GC(78) y:  Capacity:     8192M (100%)       8192M (100%)       8192M (100%)       8192M (100%)       8192M (100%)       8192M (100%)   
[605.336s][info][gc,heap     ] GC(78) y:      Free:      478M (6%)          278M (3%)         2880M (35%)        7194M (88%)        7194M (88%)         278M (3%)     
[605.336s][info][gc,heap     ] GC(78) y:      Used:     7714M (94%)        7914M (97%)        5312M (65%)         998M (12%)        7914M (97%)         998M (12%)    
[605.336s][info][gc,heap     ] GC(78) y: Young Generation Statistics:
[605.336s][info][gc,heap     ] GC(78) y:                Mark Start          Mark End        Relocate Start      Relocate End    
[605.336s][info][gc,heap     ] GC(78) y:      Used:     7172M (88%)        7372M (90%)        4770M (58%)         456M (6%)     
[605.336s][info][gc,heap     ] GC(78) y:      Live:         -               112M (1%)          112M (1%)          112M (1%)     
[605.336s][info][gc,heap     ] GC(78) y:   Garbage:         -              7059M (86%)        4439M (54%)           0M (0%)     
[605.336s][info][gc,heap     ] GC(78) y: Allocated:         -               200M (2%)          218M (3%)          342M (4%)     
[605.336s][info][gc,heap     ] GC(78) y: Reclaimed:         -                  -              2620M (32%)        7058M (86%)    
[605.336s][info][gc,heap     ] GC(78) y:  Promoted:         -                  -                 0M (0%)            0M (0%)     
[605.336s][info][gc,heap     ] GC(78) y: Compacted:         -                  -                  -               111M (1%)     
[605.336s][info][gc,phases   ] GC(78) y: Young Generation 7714M(94%)->998M(12%) 0.251s
[605.336s][info][gc          ] GC(78) Minor Collection (Allocation Rate) 7714M(94%)->1000M(12%) 0.252s
[614.522s][info][gc          ] GC(79) Minor Collection (Allocation Rate)
[614.522s][info][gc,task     ] GC(79) Using 1 Workers for Young Generation
[614.522s][info][gc,phases   ] GC(79) y: Young Generation
[614.522s][info][gc,phases   ] GC(79) y: Pause Mark Start 0.013ms
[614.629s][info][gc,phases   ] GC(79) y: Concurrent Mark 106.360ms
[614.629s][info][gc,phases   ] GC(79) y: Pause Mark End 0.008ms
[614.629s][info][gc,phases   ] GC(79) y: Concurrent Mark Free 0.000ms
[614.629s][info][gc,phases   ] GC(79) y: Concurrent Reset Relocation Set 0.174ms
[614.631s][info][gc,reloc    ] GC(79) y: Using tenuring threshold: 6 (Computed)
[614.635s][info][gc,phases   ] GC(79) y: Concurrent Select Relocation Set 5.612ms
[614.635s][info][gc,phases   ] GC(79) y: Pause Relocate Start 0.011ms
[614.703s][info][gc,phases   ] GC(79) y: Concurrent Relocate 67.908ms
[614.703s][info][gc,alloc    ] GC(79) y:                         Mark Start        Mark End      Relocate Start    Relocate End   
[614.703s][info][gc,alloc    ] GC(79) y: Allocation Stalls:          0                0                0                0         
[614.703s][info][gc,load     ] GC(79) y: Load: 0.00 (0%) / 0.00 (0%) / 0.00 (0%)
[614.703s][info][gc,mmu      ] GC(79) y: MMU: 2ms/76.4%, 5ms/90.6%, 10ms/95.3%, 20ms/97.6%, 50ms/99.1%, 100ms/99.5%
[614.703s][info][gc,marking  ] GC(79) y: Mark: 1 stripe(s), 2 proactive flush(es), 1 terminate flush(es), 0 completion(s), 0 continuation(s) 
[614.703s][info][gc,marking  ] GC(79) y: Mark Stack Usage: 32M
[614.703s][info][gc,nmethod  ] GC(79) y: NMethods: 7498 registered, 1662 unregistered
[614.703s][info][gc,metaspace] GC(79) y: Metaspace: 131M used, 132M committed, 1152M reserved
[614.703s][info][gc,reloc    ] GC(79) y:                        Candidates     Selected     In-Place         Size        Empty    Relocated 
[614.703s][info][gc,reloc    ] GC(79) y: Small Pages:                 3449         1885            0        6898M        3034M          72M 
[614.703s][info][gc,reloc    ] GC(79) y: Medium Pages:                   0            0            0           0M           0M           0M 
[614.703s][info][gc,reloc    ] GC(79) y: Large Pages:                    0            0            0           0M           0M           0M 
[614.703s][info][gc,reloc    ] GC(79) y: Forwarding Usage: 25M
[614.703s][info][gc,reloc    ] GC(79) y: Age Table:
[614.703s][info][gc,reloc    ] GC(79) y:                    Live             Garbage             Small              Medium             Large        
[614.703s][info][gc,reloc    ] GC(79) y: Eden              77M (1%)         6660M (81%)       3369 / 1810           0 / 0              0 / 0        
[614.703s][info][gc,reloc    ] GC(79) y: Survivor 1         3M (0%)          106M (1%)          55 / 54             0 / 0              0 / 0        
[614.703s][info][gc,reloc    ] GC(79) y: Survivor 2         0M (0%)           19M (0%)          10 / 10             0 / 0              0 / 0        
[614.703s][info][gc,reloc    ] GC(79) y: Survivor 3         0M (0%)           11M (0%)           6 / 5              0 / 0              0 / 0        
[614.703s][info][gc,reloc    ] GC(79) y: Survivor 4         0M (0%)           13M (0%)           7 / 4              0 / 0              0 / 0        
[614.703s][info][gc,reloc    ] GC(79) y: Survivor 5         0M (0%)            3M (0%)           2 / 2              0 / 0              0 / 0        
[614.703s][info][gc,heap     ] GC(79) y: Min Capacity: 8192M(100%)
[614.703s][info][gc,heap     ] GC(79) y: Max Capacity: 8192M(100%)
[614.703s][info][gc,heap     ] GC(79) y: Soft Max Capacity: 8192M(100%)
[614.703s][info][gc,heap     ] GC(79) y: Heap Statistics:
[614.703s][info][gc,heap     ] GC(79) y:                Mark Start          Mark End        Relocate Start      Relocate End           High               Low         
[614.703s][info][gc,heap     ] GC(79) y:  Capacity:     8192M (100%)       8192M (100%)       8192M (100%)       8192M (100%)       8192M (100%)       8192M (100%)   
[614.703s][info][gc,heap     ] GC(79) y:      Free:      752M (9%)          656M (8%)         3686M (45%)        7354M (90%)        7356M (90%)         656M (8%)     
[614.703s][info][gc,heap     ] GC(79) y:      Used:     7440M (91%)        7536M (92%)        4506M (55%)         838M (10%)        7536M (92%)         836M (10%)    
[614.703s][info][gc,heap     ] GC(79) y: Young Generation Statistics:
[614.703s][info][gc,heap     ] GC(79) y:                Mark Start          Mark End        Relocate Start      Relocate End    
[614.703s][info][gc,heap     ] GC(79) y:      Used:     6898M (84%)        6994M (85%)        3964M (48%)         296M (4%)     
[614.703s][info][gc,heap     ] GC(79) y:      Live:         -                81M (1%)           81M (1%)           81M (1%)     
[614.703s][info][gc,heap     ] GC(79) y:   Garbage:         -              6816M (83%)        3782M (46%)           0M (0%)     
[614.703s][info][gc,heap     ] GC(79) y: Allocated:         -                96M (1%)          100M (1%)          214M (3%)     
[614.703s][info][gc,heap     ] GC(79) y: Reclaimed:         -                  -              3034M (37%)        6816M (83%)    
[614.703s][info][gc,heap     ] GC(79) y:  Promoted:         -                  -                 0M (0%)            0M (0%)     
[614.703s][info][gc,heap     ] GC(79) y: Compacted:         -                  -                  -                81M (1%)     
[614.703s][info][gc,phases   ] GC(79) y: Young Generation 7440M(91%)->838M(10%) 0.180s
[614.703s][info][gc          ] GC(79) Minor Collection (Allocation Rate) 7440M(91%)->840M(10%) 0.181s
[622.491s][info][gc          ] GC(80) Minor Collection (Allocation Rate)
[622.491s][info][gc,task     ] GC(80) Using 1 Workers for Young Generation
[622.491s][info][gc,phases   ] GC(80) y: Young Generation
[622.491s][info][gc,phases   ] GC(80) y: Pause Mark Start 0.011ms
[622.606s][info][gc,phases   ] GC(80) y: Concurrent Mark 115.057ms
[622.606s][info][gc,phases   ] GC(80) y: Pause Mark End 0.008ms
[622.606s][info][gc,phases   ] GC(80) y: Concurrent Mark Free 0.001ms
[622.606s][info][gc,phases   ] GC(80) y: Concurrent Reset Relocation Set 0.157ms
[622.608s][info][gc,reloc    ] GC(80) y: Using tenuring threshold: 7 (Computed)
[622.619s][info][gc,phases   ] GC(80) y: Concurrent Select Relocation Set 12.825ms
[622.619s][info][gc,phases   ] GC(80) y: Pause Relocate Start 0.009ms
[622.699s][info][gc,phases   ] GC(80) y: Concurrent Relocate 79.518ms
[622.699s][info][gc,alloc    ] GC(80) y:                         Mark Start        Mark End      Relocate Start    Relocate End   
[622.699s][info][gc,alloc    ] GC(80) y: Allocation Stalls:          0                0                0                0         
[622.699s][info][gc,load     ] GC(80) y: Load: 0.00 (0%) / 0.00 (0%) / 0.00 (0%)
[622.699s][info][gc,mmu      ] GC(80) y: MMU: 2ms/76.4%, 5ms/90.6%, 10ms/95.3%, 20ms/97.6%, 50ms/99.1%, 100ms/99.5%
[622.699s][info][gc,marking  ] GC(80) y: Mark: 1 stripe(s), 2 proactive flush(es), 1 terminate flush(es), 0 completion(s), 0 continuation(s) 
[622.699s][info][gc,marking  ] GC(80) y: Mark Stack Usage: 32M
[622.699s][info][gc,nmethod  ] GC(80) y: NMethods: 7555 registered, 1662 unregistered
[622.699s][info][gc,metaspace] GC(80) y: Metaspace: 131M used, 132M committed, 1152M reserved
[622.699s][info][gc,reloc    ] GC(80) y:                        Candidates     Selected     In-Place         Size        Empty    Relocated 
[622.699s][info][gc,reloc    ] GC(80) y: Small Pages:                 3483         1946            0        6966M        2968M          80M 
[622.699s][info][gc,reloc    ] GC(80) y: Medium Pages:                   0            0            0           0M           0M           0M 
[622.699s][info][gc,reloc    ] GC(80) y: Large Pages:                    0            0            0           0M           0M           0M 
[622.699s][info][gc,reloc    ] GC(80) y: Forwarding Usage: 27M
[622.699s][info][gc,reloc    ] GC(80) y: Age Table:
[622.699s][info][gc,reloc    ] GC(80) y:                    Live             Garbage             Small              Medium             Large        
[622.699s][info][gc,reloc    ] GC(80) y: Eden              83M (1%)         6774M (83%)       3429 / 1896           0 / 0              0 / 0        
[622.699s][info][gc,reloc    ] GC(80) y: Survivor 1         6M (0%)           77M (1%)          42 / 40             0 / 0              0 / 0        
[622.699s][info][gc,reloc    ] GC(80) y: Survivor 2         1M (0%)           10M (0%)           6 / 6              0 / 0              0 / 0        
[622.699s][info][gc,reloc    ] GC(80) y: Survivor 3         0M (0%)            1M (0%)           1 / 1              0 / 0              0 / 0        
[622.699s][info][gc,reloc    ] GC(80) y: Survivor 4         0M (0%)            5M (0%)           3 / 1              0 / 0              0 / 0        
[622.699s][info][gc,reloc    ] GC(80) y: Survivor 5         0M (0%)            1M (0%)           1 / 1              0 / 0              0 / 0        
[622.699s][info][gc,reloc    ] GC(80) y: Survivor 6         0M (0%)            1M (0%)           1 / 1              0 / 0              0 / 0        
[622.699s][info][gc,heap     ] GC(80) y: Min Capacity: 8192M(100%)
[622.699s][info][gc,heap     ] GC(80) y: Max Capacity: 8192M(100%)
[622.699s][info][gc,heap     ] GC(80) y: Soft Max Capacity: 8192M(100%)
[622.699s][info][gc,heap     ] GC(80) y: Heap Statistics:
[622.699s][info][gc,heap     ] GC(80) y:                Mark Start          Mark End        Relocate Start      Relocate End           High               Low         
[622.699s][info][gc,heap     ] GC(80) y:  Capacity:     8192M (100%)       8192M (100%)       8192M (100%)       8192M (100%)       8192M (100%)       8192M (100%)   
[622.699s][info][gc,heap     ] GC(80) y:      Free:      684M (8%)          558M (7%)         3520M (43%)        7276M (89%)        7276M (89%)         558M (7%)     
[622.699s][info][gc,heap     ] GC(80) y:      Used:     7508M (92%)        7634M (93%)        4672M (57%)         916M (11%)        7634M (93%)         916M (11%)    
[622.699s][info][gc,heap     ] GC(80) y: Young Generation Statistics:
[622.699s][info][gc,heap     ] GC(80) y:                Mark Start          Mark End        Relocate Start      Relocate End    
[622.699s][info][gc,heap     ] GC(80) y:      Used:     6966M (85%)        7092M (87%)        4130M (50%)         374M (5%)     
[622.699s][info][gc,heap     ] GC(80) y:      Live:         -                92M (1%)           92M (1%)           92M (1%)     
[622.699s][info][gc,heap     ] GC(80) y:   Garbage:         -              6873M (84%)        3905M (48%)           0M (0%)     
[622.699s][info][gc,heap     ] GC(80) y: Allocated:         -               126M (2%)          132M (2%)          281M (3%)     
[622.699s][info][gc,heap     ] GC(80) y: Reclaimed:         -                  -              2968M (36%)        6873M (84%)    
[622.699s][info][gc,heap     ] GC(80) y:  Promoted:         -                  -                 0M (0%)            0M (0%)     
[622.699s][info][gc,heap     ] GC(80) y: Compacted:         -                  -                  -                92M (1%)     
[622.699s][info][gc,phases   ] GC(80) y: Young Generation 7508M(92%)->916M(11%) 0.208s
[622.699s][info][gc          ] GC(80) Minor Collection (Allocation Rate) 7508M(92%)->916M(11%) 0.209s
[630.191s][info][gc          ] GC(81) Minor Collection (Allocation Rate)
[630.191s][info][gc,task     ] GC(81) Using 1 Workers for Young Generation
[630.191s][info][gc,phases   ] GC(81) y: Young Generation
[630.191s][info][gc,phases   ] GC(81) y: Pause Mark Start 0.013ms
[630.371s][info][gc,phases   ] GC(81) y: Concurrent Mark 180.382ms
[630.372s][info][gc,phases   ] GC(81) y: Pause Mark End 0.009ms
[630.372s][info][gc,phases   ] GC(81) y: Concurrent Mark Free 0.000ms
[630.372s][info][gc,phases   ] GC(81) y: Concurrent Reset Relocation Set 0.161ms
[630.374s][info][gc,reloc    ] GC(81) y: Using tenuring threshold: 7 (Computed)
[630.387s][info][gc,phases   ] GC(81) y: Concurrent Select Relocation Set 15.078ms
[630.387s][info][gc,phases   ] GC(81) y: Pause Relocate Start 0.014ms
[630.486s][info][gc,phases   ] GC(81) y: Concurrent Relocate 99.062ms
[630.486s][info][gc,alloc    ] GC(81) y:                         Mark Start        Mark End      Relocate Start    Relocate End   
[630.486s][info][gc,alloc    ] GC(81) y: Allocation Stalls:          0                0                0                0         
[630.486s][info][gc,load     ] GC(81) y: Load: 0.00 (0%) / 0.00 (0%) / 0.00 (0%)
[630.486s][info][gc,mmu      ] GC(81) y: MMU: 2ms/76.4%, 5ms/90.6%, 10ms/95.3%, 20ms/97.6%, 50ms/99.1%, 100ms/99.5%
[630.486s][info][gc,marking  ] GC(81) y: Mark: 1 stripe(s), 2 proactive flush(es), 1 terminate flush(es), 0 completion(s), 0 continuation(s) 
[630.486s][info][gc,marking  ] GC(81) y: Mark Stack Usage: 32M
[630.486s][info][gc,nmethod  ] GC(81) y: NMethods: 7561 registered, 1662 unregistered
[630.486s][info][gc,metaspace] GC(81) y: Metaspace: 131M used, 132M committed, 1152M reserved
[630.486s][info][gc,reloc    ] GC(81) y:                        Candidates     Selected     In-Place         Size        Empty    Relocated 
[630.486s][info][gc,reloc    ] GC(81) y: Small Pages:                 3537         2229            0        7074M        2464M         110M 
[630.486s][info][gc,reloc    ] GC(81) y: Medium Pages:                   0            0            0           0M           0M           0M 
[630.486s][info][gc,reloc    ] GC(81) y: Large Pages:                    0            0            0           0M           0M           0M 
[630.486s][info][gc,reloc    ] GC(81) y: Forwarding Usage: 40M
[630.486s][info][gc,reloc    ] GC(81) y: Age Table:
[630.486s][info][gc,reloc    ] GC(81) y:                    Live             Garbage             Small              Medium             Large        
[630.486s][info][gc,reloc    ] GC(81) y: Eden             124M (2%)         6801M (83%)       3463 / 2159           0 / 0              0 / 0        
[630.486s][info][gc,reloc    ] GC(81) y: Survivor 1         3M (0%)           90M (1%)          47 / 45             0 / 0              0 / 0        
[630.486s][info][gc,reloc    ] GC(81) y: Survivor 2         1M (0%)           26M (0%)          14 / 13             0 / 0              0 / 0        
[630.486s][info][gc,reloc    ] GC(81) y: Survivor 3         1M (0%)            8M (0%)           5 / 4              0 / 0              0 / 0        
[630.486s][info][gc,reloc    ] GC(81) y: Survivor 4         0M (0%)            1M (0%)           1 / 1              0 / 0              0 / 0        
[630.486s][info][gc,reloc    ] GC(81) y: Survivor 5         0M (0%)            1M (0%)           1 / 1              0 / 0              0 / 0        
[630.486s][info][gc,reloc    ] GC(81) y: Survivor 6         0M (0%)            5M (0%)           3 / 3              0 / 0              0 / 0        
[630.486s][info][gc,reloc    ] GC(81) y: Survivor 7         0M (0%)            5M (0%)           3 / 3              0 / 0              0 / 0        
[630.486s][info][gc,heap     ] GC(81) y: Min Capacity: 8192M(100%)
[630.486s][info][gc,heap     ] GC(81) y: Max Capacity: 8192M(100%)
[630.486s][info][gc,heap     ] GC(81) y: Soft Max Capacity: 8192M(100%)
[630.486s][info][gc,heap     ] GC(81) y: Heap Statistics:
[630.486s][info][gc,heap     ] GC(81) y:                Mark Start          Mark End        Relocate Start      Relocate End           High               Low         
[630.486s][info][gc,heap     ] GC(81) y:  Capacity:     8192M (100%)       8192M (100%)       8192M (100%)       8192M (100%)       8192M (100%)       8192M (100%)   
[630.486s][info][gc,heap     ] GC(81) y:      Free:      576M (7%)          250M (3%)         2708M (33%)        7046M (86%)        7048M (86%)         250M (3%)     
[630.486s][info][gc,heap     ] GC(81) y:      Used:     7616M (93%)        7942M (97%)        5484M (67%)        1146M (14%)        7942M (97%)        1144M (14%)    
[630.486s][info][gc,heap     ] GC(81) y: Young Generation Statistics:
[630.486s][info][gc,heap     ] GC(81) y:                Mark Start          Mark End        Relocate Start      Relocate End    
[630.486s][info][gc,heap     ] GC(81) y:      Used:     7074M (86%)        7400M (90%)        4942M (60%)         602M (7%)     
[630.487s][info][gc,heap     ] GC(81) y:      Live:         -               131M (2%)          131M (2%)          131M (2%)     
[630.487s][info][gc,heap     ] GC(81) y:   Garbage:         -              6942M (85%)        4478M (55%)           2M (0%)     
[630.487s][info][gc,heap     ] GC(81) y: Allocated:         -               326M (4%)          332M (4%)          468M (6%)     
[630.487s][info][gc,heap     ] GC(81) y: Reclaimed:         -                  -              2464M (30%)        6940M (85%)    
[630.487s][info][gc,heap     ] GC(81) y:  Promoted:         -                  -                 0M (0%)            0M (0%)     
[630.487s][info][gc,heap     ] GC(81) y: Compacted:         -                  -                  -               125M (2%)     
[630.487s][info][gc,phases   ] GC(81) y: Young Generation 7616M(93%)->1146M(14%) 0.295s
[630.487s][info][gc          ] GC(81) Minor Collection (Allocation Rate) 7616M(93%)->1148M(14%) 0.296s
[637.611s][info][gc          ] GC(82) Minor Collection (Allocation Rate)
[637.611s][info][gc,task     ] GC(82) Using 1 Workers for Young Generation
[637.611s][info][gc,phases   ] GC(82) y: Young Generation
[637.611s][info][gc,phases   ] GC(82) y: Pause Mark Start 0.013ms
[637.773s][info][gc,phases   ] GC(82) y: Concurrent Mark 162.026ms
[637.773s][info][gc,phases   ] GC(82) y: Pause Mark End 0.009ms
[637.773s][info][gc,phases   ] GC(82) y: Concurrent Mark Free 0.000ms
[637.773s][info][gc,phases   ] GC(82) y: Concurrent Reset Relocation Set 0.216ms
[637.776s][info][gc,reloc    ] GC(82) y: Using tenuring threshold: 2 (Computed)
[637.781s][info][gc,phases   ] GC(82) y: Concurrent Select Relocation Set 7.866ms
[637.781s][info][gc,phases   ] GC(82) y: Pause Relocate Start 0.010ms
[637.887s][info][gc,phases   ] GC(82) y: Concurrent Relocate 106.052ms
[637.887s][info][gc,alloc    ] GC(82) y:                         Mark Start        Mark End      Relocate Start    Relocate End   
[637.887s][info][gc,alloc    ] GC(82) y: Allocation Stalls:          0                0                0                0         
[637.887s][info][gc,load     ] GC(82) y: Load: 0.00 (0%) / 0.00 (0%) / 0.00 (0%)
[637.887s][info][gc,mmu      ] GC(82) y: MMU: 2ms/76.4%, 5ms/90.6%, 10ms/95.3%, 20ms/97.6%, 50ms/99.1%, 100ms/99.5%
[637.887s][info][gc,marking  ] GC(82) y: Mark: 1 stripe(s), 2 proactive flush(es), 1 terminate flush(es), 0 completion(s), 0 continuation(s) 
[637.887s][info][gc,marking  ] GC(82) y: Mark Stack Usage: 32M
[637.887s][info][gc,nmethod  ] GC(82) y: NMethods: 7574 registered, 1662 unregistered
[637.887s][info][gc,metaspace] GC(82) y: Metaspace: 131M used, 132M committed, 1152M reserved
[637.887s][info][gc,reloc    ] GC(82) y:                        Candidates     Selected     In-Place         Size        Empty    Relocated 
[637.887s][info][gc,reloc    ] GC(82) y: Small Pages:                 3350         2018            0        6700M        2508M         115M 
[637.887s][info][gc,reloc    ] GC(82) y: Medium Pages:                   0            0            0           0M           0M           0M 
[637.887s][info][gc,reloc    ] GC(82) y: Large Pages:                    0            0            0           0M           0M           0M 
[637.887s][info][gc,reloc    ] GC(82) y: Forwarding Usage: 39M
[637.887s][info][gc,reloc    ] GC(82) y: Age Table:
[637.887s][info][gc,reloc    ] GC(82) y:                    Live             Garbage             Small              Medium             Large        
[637.887s][info][gc,reloc    ] GC(82) y: Eden             117M (1%)         6414M (78%)       3266 / 1948           0 / 0              0 / 0        
[637.887s][info][gc,reloc    ] GC(82) y: Survivor 1        15M (0%)          118M (1%)          67 / 59             0 / 0              0 / 0        
[637.888s][info][gc,reloc    ] GC(82) y: Survivor 2         0M (0%)           11M (0%)           6 / 3              0 / 0              0 / 0        
[637.888s][info][gc,reloc    ] GC(82) y: Survivor 3         0M (0%)           11M (0%)           6 / 4              0 / 0              0 / 0        
[637.888s][info][gc,reloc    ] GC(82) y: Survivor 4         1M (0%)            2M (0%)           2 / 1              0 / 0              0 / 0        
[637.888s][info][gc,reloc    ] GC(82) y: Survivor 5         0M (0%)            1M (0%)           1 / 1              0 / 0              0 / 0        
[637.888s][info][gc,reloc    ] GC(82) y: Survivor 6         0M (0%)            1M (0%)           1 / 1              0 / 0              0 / 0        
[637.888s][info][gc,reloc    ] GC(82) y: Survivor 7         0M (0%)            1M (0%)           1 / 1              0 / 0              0 / 0        
[637.888s][info][gc,heap     ] GC(82) y: Min Capacity: 8192M(100%)
[637.888s][info][gc,heap     ] GC(82) y: Max Capacity: 8192M(100%)
[637.888s][info][gc,heap     ] GC(82) y: Soft Max Capacity: 8192M(100%)
[637.888s][info][gc,heap     ] GC(82) y: Heap Statistics:
[637.888s][info][gc,heap     ] GC(82) y:                Mark Start          Mark End        Relocate Start      Relocate End           High               Low         
[637.888s][info][gc,heap     ] GC(82) y:  Capacity:     8192M (100%)       8192M (100%)       8192M (100%)       8192M (100%)       8192M (100%)       8192M (100%)   
[637.888s][info][gc,heap     ] GC(82) y:      Free:      948M (12%)         806M (10%)        3308M (40%)        7280M (89%)        7280M (89%)         806M (10%)    
[637.888s][info][gc,heap     ] GC(82) y:      Used:     7244M (88%)        7386M (90%)        4884M (60%)         912M (11%)        7386M (90%)         912M (11%)    
[637.888s][info][gc,heap     ] GC(82) y: Young Generation Statistics:
[637.888s][info][gc,heap     ] GC(82) y:                Mark Start          Mark End        Relocate Start      Relocate End    
[637.888s][info][gc,heap     ] GC(82) y:      Used:     6700M (82%)        6842M (84%)        4338M (53%)         362M (4%)     
[637.888s][info][gc,heap     ] GC(82) y:      Live:         -               135M (2%)          134M (2%)          133M (2%)     
[637.888s][info][gc,heap     ] GC(82) y:   Garbage:         -              6564M (80%)        4055M (50%)           0M (0%)     
[637.888s][info][gc,heap     ] GC(82) y: Allocated:         -               142M (2%)          148M (2%)          227M (3%)     
[637.888s][info][gc,heap     ] GC(82) y: Reclaimed:         -                  -              2508M (31%)        6563M (80%)    
[637.888s][info][gc,heap     ] GC(82) y:  Promoted:         -                  -                 1M (0%)            2M (0%)     
[637.888s][info][gc,heap     ] GC(82) y: Compacted:         -                  -                  -               132M (2%)     
[637.888s][info][gc,phases   ] GC(82) y: Young Generation 7244M(88%)->912M(11%) 0.277s
[637.888s][info][gc          ] GC(82) Minor Collection (Allocation Rate) 7244M(88%)->912M(11%) 0.277s
[645.608s][info][gc          ] GC(83) Minor Collection (Allocation Rate)
[645.608s][info][gc,task     ] GC(83) Using 1 Workers for Young Generation
[645.608s][info][gc,phases   ] GC(83) y: Young Generation
[645.608s][info][gc,phases   ] GC(83) y: Pause Mark Start 0.013ms
[645.719s][info][gc,phases   ] GC(83) y: Concurrent Mark 111.387ms
[645.720s][info][gc,phases   ] GC(83) y: Pause Mark End 0.009ms
[645.720s][info][gc,phases   ] GC(83) y: Concurrent Mark Free 0.000ms
[645.720s][info][gc,phases   ] GC(83) y: Concurrent Reset Relocation Set 0.262ms
[645.722s][info][gc,reloc    ] GC(83) y: Using tenuring threshold: 3 (Computed)
[645.727s][info][gc,phases   ] GC(83) y: Concurrent Select Relocation Set 7.035ms
[645.727s][info][gc,phases   ] GC(83) y: Pause Relocate Start 0.010ms
[645.798s][info][gc,phases   ] GC(83) y: Concurrent Relocate 70.880ms
[645.798s][info][gc,alloc    ] GC(83) y:                         Mark Start        Mark End      Relocate Start    Relocate End   
[645.798s][info][gc,alloc    ] GC(83) y: Allocation Stalls:          0                0                0                0         
[645.798s][info][gc,load     ] GC(83) y: Load: 0.00 (0%) / 0.00 (0%) / 0.00 (0%)
[645.798s][info][gc,mmu      ] GC(83) y: MMU: 2ms/76.4%, 5ms/90.6%, 10ms/95.3%, 20ms/97.6%, 50ms/99.1%, 100ms/99.5%
[645.798s][info][gc,marking  ] GC(83) y: Mark: 1 stripe(s), 2 proactive flush(es), 1 terminate flush(es), 0 completion(s), 0 continuation(s) 
[645.798s][info][gc,marking  ] GC(83) y: Mark Stack Usage: 32M
[645.798s][info][gc,nmethod  ] GC(83) y: NMethods: 7623 registered, 1662 unregistered
[645.798s][info][gc,metaspace] GC(83) y: Metaspace: 131M used, 132M committed, 1152M reserved
[645.798s][info][gc,reloc    ] GC(83) y:                        Candidates     Selected     In-Place         Size        Empty    Relocated 
[645.798s][info][gc,reloc    ] GC(83) y: Small Pages:                 3414         2200            0        6828M        2326M          77M 
[645.798s][info][gc,reloc    ] GC(83) y: Medium Pages:                   0            0            0           0M           0M           0M 
[645.798s][info][gc,reloc    ] GC(83) y: Large Pages:                    0            0            0           0M           0M           0M 
[645.798s][info][gc,reloc    ] GC(83) y: Forwarding Usage: 26M
[645.798s][info][gc,reloc    ] GC(83) y: Age Table:
[645.798s][info][gc,reloc    ] GC(83) y:                    Live             Garbage             Small              Medium             Large        
[645.798s][info][gc,reloc    ] GC(83) y: Eden              81M (1%)         6596M (81%)       3339 / 2136           0 / 0              0 / 0        
[645.798s][info][gc,reloc    ] GC(83) y: Survivor 1         5M (0%)          120M (1%)          63 / 56             0 / 0              0 / 0        
[645.798s][info][gc,reloc    ] GC(83) y: Survivor 2         1M (0%)           22M (0%)          12 / 8              0 / 0              0 / 0        
[645.798s][info][gc,heap     ] GC(83) y: Min Capacity: 8192M(100%)
[645.798s][info][gc,heap     ] GC(83) y: Max Capacity: 8192M(100%)
[645.798s][info][gc,heap     ] GC(83) y: Soft Max Capacity: 8192M(100%)
[645.798s][info][gc,heap     ] GC(83) y: Heap Statistics:
[645.798s][info][gc,heap     ] GC(83) y:                Mark Start          Mark End        Relocate Start      Relocate End           High               Low         
[645.798s][info][gc,heap     ] GC(83) y:  Capacity:     8192M (100%)       8192M (100%)       8192M (100%)       8192M (100%)       8192M (100%)       8192M (100%)   
[645.798s][info][gc,heap     ] GC(83) y:      Free:      814M (10%)         698M (9%)         3006M (37%)        7254M (89%)        7264M (89%)         694M (8%)     
[645.798s][info][gc,heap     ] GC(83) y:      Used:     7378M (90%)        7494M (91%)        5186M (63%)         938M (11%)        7498M (92%)         928M (11%)    
[645.798s][info][gc,heap     ] GC(83) y: Young Generation Statistics:
[645.798s][info][gc,heap     ] GC(83) y:                Mark Start          Mark End        Relocate Start      Relocate End    
[645.798s][info][gc,heap     ] GC(83) y:      Used:     6828M (83%)        6944M (85%)        4636M (57%)         388M (5%)     
[645.798s][info][gc,heap     ] GC(83) y:      Live:         -                88M (1%)           88M (1%)           88M (1%)     
[645.798s][info][gc,heap     ] GC(83) y:   Garbage:         -              6739M (82%)        4413M (54%)           0M (0%)     
[645.798s][info][gc,heap     ] GC(83) y: Allocated:         -               116M (1%)          134M (2%)          299M (4%)     
[645.798s][info][gc,heap     ] GC(83) y: Reclaimed:         -                  -              2326M (28%)        6739M (82%)    
[645.798s][info][gc,heap     ] GC(83) y:  Promoted:         -                  -                 0M (0%)            0M (0%)     
[645.799s][info][gc,heap     ] GC(83) y: Compacted:         -                  -                  -                88M (1%)     
[645.799s][info][gc,phases   ] GC(83) y: Young Generation 7378M(90%)->938M(11%) 0.190s
[645.799s][info][gc          ] GC(83) Minor Collection (Allocation Rate) 7378M(90%)->938M(11%) 0.191s
[653.183s][info][gc          ] GC(84) Minor Collection (Allocation Rate)
[653.183s][info][gc,task     ] GC(84) Using 1 Workers for Young Generation
[653.183s][info][gc,phases   ] GC(84) y: Young Generation
[653.183s][info][gc,phases   ] GC(84) y: Pause Mark Start 0.014ms
[653.382s][info][gc,phases   ] GC(84) y: Concurrent Mark 198.679ms
[653.382s][info][gc,phases   ] GC(84) y: Pause Mark End 0.014ms
[653.382s][info][gc,phases   ] GC(84) y: Concurrent Mark Free 0.000ms
[653.383s][info][gc,phases   ] GC(84) y: Concurrent Reset Relocation Set 0.200ms
[653.385s][info][gc,reloc    ] GC(84) y: Using tenuring threshold: 4 (Computed)
[653.407s][info][gc,phases   ] GC(84) y: Concurrent Select Relocation Set 24.492ms
[653.407s][info][gc,phases   ] GC(84) y: Pause Relocate Start 0.009ms
[653.526s][info][gc,phases   ] GC(84) y: Concurrent Relocate 119.028ms
[653.526s][info][gc,alloc    ] GC(84) y:                         Mark Start        Mark End      Relocate Start    Relocate End   
[653.526s][info][gc,alloc    ] GC(84) y: Allocation Stalls:          0                0                0                0         
[653.526s][info][gc,load     ] GC(84) y: Load: 0.00 (0%) / 0.00 (0%) / 0.00 (0%)
[653.526s][info][gc,mmu      ] GC(84) y: MMU: 2ms/76.4%, 5ms/90.6%, 10ms/95.3%, 20ms/97.6%, 50ms/99.1%, 100ms/99.5%
[653.526s][info][gc,marking  ] GC(84) y: Mark: 1 stripe(s), 2 proactive flush(es), 1 terminate flush(es), 0 completion(s), 0 continuation(s) 
[653.526s][info][gc,marking  ] GC(84) y: Mark Stack Usage: 32M
[653.526s][info][gc,nmethod  ] GC(84) y: NMethods: 7651 registered, 1662 unregistered
[653.526s][info][gc,metaspace] GC(84) y: Metaspace: 131M used, 132M committed, 1152M reserved
[653.526s][info][gc,reloc    ] GC(84) y:                        Candidates     Selected     In-Place         Size        Empty    Relocated 
[653.526s][info][gc,reloc    ] GC(84) y: Small Pages:                 3445         2120            0        6890M        2494M         115M 
[653.526s][info][gc,reloc    ] GC(84) y: Medium Pages:                   0            0            0           0M           0M           0M 
[653.526s][info][gc,reloc    ] GC(84) y: Large Pages:                    0            0            0           0M           0M           0M 
[653.526s][info][gc,reloc    ] GC(84) y: Forwarding Usage: 43M
[653.526s][info][gc,reloc    ] GC(84) y: Age Table:
[653.527s][info][gc,reloc    ] GC(84) y:                    Live             Garbage             Small              Medium             Large        
[653.527s][info][gc,reloc    ] GC(84) y: Eden             125M (2%)         6654M (81%)       3390 / 2071           0 / 0              0 / 0        
[653.527s][info][gc,reloc    ] GC(84) y: Survivor 1         8M (0%)           79M (1%)          44 / 38             0 / 0              0 / 0        
[653.527s][info][gc,reloc    ] GC(84) y: Survivor 2         0M (0%)           15M (0%)           8 / 8              0 / 0              0 / 0        
[653.527s][info][gc,reloc    ] GC(84) y: Survivor 3         0M (0%)            5M (0%)           3 / 3              0 / 0              0 / 0        
[653.527s][info][gc,heap     ] GC(84) y: Min Capacity: 8192M(100%)
[653.527s][info][gc,heap     ] GC(84) y: Max Capacity: 8192M(100%)
[653.527s][info][gc,heap     ] GC(84) y: Soft Max Capacity: 8192M(100%)
[653.527s][info][gc,heap     ] GC(84) y: Heap Statistics:
[653.527s][info][gc,heap     ] GC(84) y:                Mark Start          Mark End        Relocate Start      Relocate End           High               Low         
[653.527s][info][gc,heap     ] GC(84) y:  Capacity:     8192M (100%)       8192M (100%)       8192M (100%)       8192M (100%)       8192M (100%)       8192M (100%)   
[653.527s][info][gc,heap     ] GC(84) y:      Free:      752M (9%)          564M (7%)         3042M (37%)        7144M (87%)        7144M (87%)         564M (7%)     
[653.527s][info][gc,heap     ] GC(84) y:      Used:     7440M (91%)        7628M (93%)        5150M (63%)        1048M (13%)        7628M (93%)        1048M (13%)    
[653.527s][info][gc,heap     ] GC(84) y: Young Generation Statistics:
[653.527s][info][gc,heap     ] GC(84) y:                Mark Start          Mark End        Relocate Start      Relocate End    
[653.527s][info][gc,heap     ] GC(84) y:      Used:     6890M (84%)        7078M (86%)        4600M (56%)         498M (6%)     
[653.527s][info][gc,heap     ] GC(84) y:      Live:         -               135M (2%)          135M (2%)          135M (2%)     
[653.527s][info][gc,heap     ] GC(84) y:   Garbage:         -              6754M (82%)        4260M (52%)           2M (0%)     
[653.527s][info][gc,heap     ] GC(84) y: Allocated:         -               188M (2%)          204M (2%)          360M (4%)     
[653.527s][info][gc,heap     ] GC(84) y: Reclaimed:         -                  -              2494M (30%)        6752M (82%)    
[653.527s][info][gc,heap     ] GC(84) y:  Promoted:         -                  -                 0M (0%)            0M (0%)     
[653.527s][info][gc,heap     ] GC(84) y: Compacted:         -                  -                  -               131M (2%)     
[653.527s][info][gc,phases   ] GC(84) y: Young Generation 7440M(91%)->1048M(13%) 0.343s
[653.527s][info][gc          ] GC(84) Minor Collection (Allocation Rate) 7440M(91%)->1048M(13%) 0.343s
[659.369s][info][gc          ] GC(85) Minor Collection (Allocation Rate)
[659.369s][info][gc,task     ] GC(85) Using 1 Workers for Young Generation
[659.369s][info][gc,phases   ] GC(85) y: Young Generation
[659.369s][info][gc,phases   ] GC(85) y: Pause Mark Start 0.015ms
[659.585s][info][gc,phases   ] GC(85) y: Concurrent Mark 215.594ms
[659.585s][info][gc,phases   ] GC(85) y: Pause Mark End 0.009ms
[659.585s][info][gc,phases   ] GC(85) y: Concurrent Mark Free 0.001ms
[659.585s][info][gc,phases   ] GC(85) y: Concurrent Reset Relocation Set 0.312ms
[659.588s][info][gc,reloc    ] GC(85) y: Using tenuring threshold: 5 (Computed)
[659.607s][info][gc,phases   ] GC(85) y: Concurrent Select Relocation Set 22.030ms
[659.607s][info][gc,phases   ] GC(85) y: Pause Relocate Start 0.008ms
[659.741s][info][gc,phases   ] GC(85) y: Concurrent Relocate 134.105ms
[659.741s][info][gc,alloc    ] GC(85) y:                         Mark Start        Mark End      Relocate Start    Relocate End   
[659.741s][info][gc,alloc    ] GC(85) y: Allocation Stalls:          0                0                0                0         
[659.741s][info][gc,load     ] GC(85) y: Load: 0.00 (0%) / 0.00 (0%) / 0.00 (0%)
[659.741s][info][gc,mmu      ] GC(85) y: MMU: 2ms/76.4%, 5ms/90.6%, 10ms/95.3%, 20ms/97.6%, 50ms/99.1%, 100ms/99.5%
[659.741s][info][gc,marking  ] GC(85) y: Mark: 1 stripe(s), 2 proactive flush(es), 1 terminate flush(es), 0 completion(s), 0 continuation(s) 
[659.741s][info][gc,marking  ] GC(85) y: Mark Stack Usage: 32M
[659.741s][info][gc,nmethod  ] GC(85) y: NMethods: 7704 registered, 1662 unregistered
[659.741s][info][gc,metaspace] GC(85) y: Metaspace: 131M used, 132M committed, 1152M reserved
[659.741s][info][gc,reloc    ] GC(85) y:                        Candidates     Selected     In-Place         Size        Empty    Relocated 
[659.741s][info][gc,reloc    ] GC(85) y: Small Pages:                 3221         1914            0        6442M        2422M         133M 
[659.741s][info][gc,reloc    ] GC(85) y: Medium Pages:                   0            0            0           0M           0M           0M 
[659.742s][info][gc,reloc    ] GC(85) y: Large Pages:                    0            0            0           0M           0M           0M 
[659.742s][info][gc,reloc    ] GC(85) y: Forwarding Usage: 47M
[659.742s][info][gc,reloc    ] GC(85) y: Age Table:
[659.742s][info][gc,reloc    ] GC(85) y:                    Live             Garbage             Small              Medium             Large        
[659.742s][info][gc,reloc    ] GC(85) y: Eden             144M (2%)         6119M (75%)       3132 / 1840           0 / 0              0 / 0        
[659.742s][info][gc,reloc    ] GC(85) y: Survivor 1        21M (0%)          116M (1%)          69 / 60             0 / 0              0 / 0        
[659.742s][info][gc,reloc    ] GC(85) y: Survivor 2         0M (0%)           15M (0%)           8 / 8              0 / 0              0 / 0        
[659.742s][info][gc,reloc    ] GC(85) y: Survivor 3         0M (0%)           11M (0%)           6 / 3              0 / 0              0 / 0        
[659.742s][info][gc,reloc    ] GC(85) y: Survivor 4         0M (0%)           11M (0%)           6 / 3              0 / 0              0 / 0        
[659.742s][info][gc,heap     ] GC(85) y: Min Capacity: 8192M(100%)
[659.742s][info][gc,heap     ] GC(85) y: Max Capacity: 8192M(100%)
[659.742s][info][gc,heap     ] GC(85) y: Soft Max Capacity: 8192M(100%)
[659.742s][info][gc,heap     ] GC(85) y: Heap Statistics:
[659.742s][info][gc,heap     ] GC(85) y:                Mark Start          Mark End        Relocate Start      Relocate End           High               Low         
[659.742s][info][gc,heap     ] GC(85) y:  Capacity:     8192M (100%)       8192M (100%)       8192M (100%)       8192M (100%)       8192M (100%)       8192M (100%)   
[659.742s][info][gc,heap     ] GC(85) y:      Free:     1200M (15%)         906M (11%)        3320M (41%)        7022M (86%)        7024M (86%)         906M (11%)    
[659.742s][info][gc,heap     ] GC(85) y:      Used:     6992M (85%)        7286M (89%)        4872M (59%)        1170M (14%)        7286M (89%)        1168M (14%)    
[659.742s][info][gc,heap     ] GC(85) y: Young Generation Statistics:
[659.742s][info][gc,heap     ] GC(85) y:                Mark Start          Mark End        Relocate Start      Relocate End    
[659.742s][info][gc,heap     ] GC(85) y:      Used:     6442M (79%)        6736M (82%)        4322M (53%)         620M (8%)     
[659.742s][info][gc,heap     ] GC(85) y:      Live:         -               166M (2%)          166M (2%)          166M (2%)     
[659.742s][info][gc,heap     ] GC(85) y:   Garbage:         -              6275M (77%)        3853M (47%)           2M (0%)     
[659.742s][info][gc,heap     ] GC(85) y: Allocated:         -               294M (4%)          302M (4%)          450M (6%)     
[659.742s][info][gc,heap     ] GC(85) y: Reclaimed:         -                  -              2422M (30%)        6272M (77%)    
[659.742s][info][gc,heap     ] GC(85) y:  Promoted:         -                  -                 0M (0%)            0M (0%)     
[659.742s][info][gc,heap     ] GC(85) y: Compacted:         -                  -                  -               157M (2%)     
[659.742s][info][gc,phases   ] GC(85) y: Young Generation 6992M(85%)->1170M(14%) 0.372s
[659.742s][info][gc          ] GC(85) Minor Collection (Allocation Rate) 6992M(85%)->1170M(14%) 0.373s
[666.369s][info][gc          ] GC(86) Minor Collection (Allocation Rate)
[666.369s][info][gc,task     ] GC(86) Using 1 Workers for Young Generation
[666.369s][info][gc,phases   ] GC(86) y: Young Generation
[666.369s][info][gc,phases   ] GC(86) y: Pause Mark Start 0.013ms
[666.489s][info][gc,phases   ] GC(86) y: Concurrent Mark 120.309ms
[666.489s][info][gc,phases   ] GC(86) y: Pause Mark End 0.009ms
[666.489s][info][gc,phases   ] GC(86) y: Concurrent Mark Free 0.000ms
[666.490s][info][gc,phases   ] GC(86) y: Concurrent Reset Relocation Set 0.188ms
[666.492s][info][gc,reloc    ] GC(86) y: Using tenuring threshold: 6 (Computed)
[666.496s][info][gc,phases   ] GC(86) y: Concurrent Select Relocation Set 6.002ms
[666.496s][info][gc,phases   ] GC(86) y: Pause Relocate Start 0.008ms
[666.567s][info][gc,phases   ] GC(86) y: Concurrent Relocate 70.993ms
[666.567s][info][gc,alloc    ] GC(86) y:                         Mark Start        Mark End      Relocate Start    Relocate End   
[666.567s][info][gc,alloc    ] GC(86) y: Allocation Stalls:          0                0                0                0         
[666.567s][info][gc,load     ] GC(86) y: Load: 0.00 (0%) / 0.00 (0%) / 0.00 (0%)
[666.567s][info][gc,mmu      ] GC(86) y: MMU: 2ms/76.4%, 5ms/90.6%, 10ms/95.3%, 20ms/97.6%, 50ms/99.1%, 100ms/99.5%
[666.567s][info][gc,marking  ] GC(86) y: Mark: 1 stripe(s), 2 proactive flush(es), 1 terminate flush(es), 0 completion(s), 0 continuation(s) 
[666.567s][info][gc,marking  ] GC(86) y: Mark Stack Usage: 32M
[666.567s][info][gc,nmethod  ] GC(86) y: NMethods: 7719 registered, 1662 unregistered
[666.567s][info][gc,metaspace] GC(86) y: Metaspace: 131M used, 132M committed, 1152M reserved
[666.567s][info][gc,reloc    ] GC(86) y:                        Candidates     Selected     In-Place         Size        Empty    Relocated 
[666.567s][info][gc,reloc    ] GC(86) y: Small Pages:                 3235         1924            0        6470M        2516M          80M 
[666.567s][info][gc,reloc    ] GC(86) y: Medium Pages:                   0            0            0           0M           0M           0M 
[666.567s][info][gc,reloc    ] GC(86) y: Large Pages:                    0            0            0           0M           0M           0M 
[666.567s][info][gc,reloc    ] GC(86) y: Forwarding Usage: 27M
[666.567s][info][gc,reloc    ] GC(86) y: Age Table:
[666.567s][info][gc,reloc    ] GC(86) y:                    Live             Garbage             Small              Medium             Large        
[666.567s][info][gc,reloc    ] GC(86) y: Eden              82M (1%)         6181M (75%)       3132 / 1835           0 / 0              0 / 0        
[666.567s][info][gc,reloc    ] GC(86) y: Survivor 1         7M (0%)          150M (2%)          79 / 66             0 / 0              0 / 0        
[666.567s][info][gc,reloc    ] GC(86) y: Survivor 2         1M (0%)           34M (0%)          18 / 17             0 / 0              0 / 0        
[666.567s][info][gc,reloc    ] GC(86) y: Survivor 3         0M (0%)            5M (0%)           3 / 3              0 / 0              0 / 0        
[666.567s][info][gc,reloc    ] GC(86) y: Survivor 4         0M (0%)            3M (0%)           2 / 2              0 / 0              0 / 0        
[666.567s][info][gc,reloc    ] GC(86) y: Survivor 5         0M (0%)            1M (0%)           1 / 1              0 / 0              0 / 0        
[666.567s][info][gc,heap     ] GC(86) y: Min Capacity: 8192M(100%)
[666.567s][info][gc,heap     ] GC(86) y: Max Capacity: 8192M(100%)
[666.567s][info][gc,heap     ] GC(86) y: Soft Max Capacity: 8192M(100%)
[666.567s][info][gc,heap     ] GC(86) y: Heap Statistics:
[666.567s][info][gc,heap     ] GC(86) y:                Mark Start          Mark End        Relocate Start      Relocate End           High               Low         
[666.567s][info][gc,heap     ] GC(86) y:  Capacity:     8192M (100%)       8192M (100%)       8192M (100%)       8192M (100%)       8192M (100%)       8192M (100%)   
[666.567s][info][gc,heap     ] GC(86) y:      Free:     1172M (14%)        1060M (13%)        3570M (44%)        7364M (90%)        7364M (90%)        1060M (13%)    
[666.567s][info][gc,heap     ] GC(86) y:      Used:     7020M (86%)        7132M (87%)        4622M (56%)         828M (10%)        7132M (87%)         828M (10%)    
[666.567s][info][gc,heap     ] GC(86) y: Young Generation Statistics:
[666.567s][info][gc,heap     ] GC(86) y:                Mark Start          Mark End        Relocate Start      Relocate End    
[666.567s][info][gc,heap     ] GC(86) y:      Used:     6470M (79%)        6582M (80%)        4072M (50%)         278M (3%)     
[666.567s][info][gc,heap     ] GC(86) y:      Live:         -                92M (1%)           92M (1%)           92M (1%)     
[666.567s][info][gc,heap     ] GC(86) y:   Garbage:         -              6377M (78%)        3861M (47%)           0M (0%)     
[666.567s][info][gc,heap     ] GC(86) y: Allocated:         -               112M (1%)          118M (1%)          185M (2%)     
[666.567s][info][gc,heap     ] GC(86) y: Reclaimed:         -                  -              2516M (31%)        6377M (78%)    
[666.567s][info][gc,heap     ] GC(86) y:  Promoted:         -                  -                 0M (0%)            0M (0%)     
[666.567s][info][gc,heap     ] GC(86) y: Compacted:         -                  -                  -                90M (1%)     
[666.567s][info][gc,phases   ] GC(86) y: Young Generation 7020M(86%)->828M(10%) 0.198s
[666.567s][info][gc          ] GC(86) Minor Collection (Allocation Rate) 7020M(86%)->828M(10%) 0.198s
[670.615s][info][gc          ] GC(87) Major Collection (Proactive)
[670.615s][info][gc,task     ] GC(87) Using 1 Workers for Young Generation
[670.615s][info][gc,task     ] GC(87) Using 1 Workers for Old Generation
[670.615s][info][gc,phases   ] GC(87) Y: Young Generation
[670.615s][info][gc,phases   ] GC(87) Y: Pause Mark Start (Major) 0.013ms
[670.767s][info][gc,phases   ] GC(87) Y: Concurrent Mark 151.522ms
[670.767s][info][gc,phases   ] GC(87) Y: Pause Mark End 0.008ms
[670.767s][info][gc,phases   ] GC(87) Y: Concurrent Mark Free 0.001ms
[670.767s][info][gc,phases   ] GC(87) Y: Concurrent Reset Relocation Set 0.154ms
[670.769s][info][gc,reloc    ] GC(87) Y: Using tenuring threshold: 7 (Computed)
[670.782s][info][gc,phases   ] GC(87) Y: Concurrent Select Relocation Set 15.208ms
[670.782s][info][gc,phases   ] GC(87) Y: Pause Relocate Start 0.011ms
[670.860s][info][gc,phases   ] GC(87) Y: Concurrent Relocate 77.451ms
[670.860s][info][gc,alloc    ] GC(87) Y:                         Mark Start        Mark End      Relocate Start    Relocate End   
[670.860s][info][gc,alloc    ] GC(87) Y: Allocation Stalls:          0                0                0                0         
[670.860s][info][gc,load     ] GC(87) Y: Load: 0.00 (0%) / 0.00 (0%) / 0.00 (0%)
[670.860s][info][gc,mmu      ] GC(87) Y: MMU: 2ms/76.4%, 5ms/90.6%, 10ms/95.3%, 20ms/97.6%, 50ms/99.1%, 100ms/99.5%
[670.860s][info][gc,marking  ] GC(87) Y: Mark: 1 stripe(s), 2 proactive flush(es), 1 terminate flush(es), 0 completion(s), 0 continuation(s) 
[670.860s][info][gc,marking  ] GC(87) Y: Mark Stack Usage: 32M
[670.860s][info][gc,nmethod  ] GC(87) Y: NMethods: 7723 registered, 1662 unregistered
[670.860s][info][gc,metaspace] GC(87) Y: Metaspace: 131M used, 132M committed, 1152M reserved
[670.860s][info][gc,reloc    ] GC(87) Y:                        Candidates     Selected     In-Place         Size        Empty    Relocated 
[670.860s][info][gc,reloc    ] GC(87) Y: Small Pages:                 1958         1413            0        3916M         968M          85M 
[670.860s][info][gc,reloc    ] GC(87) Y: Medium Pages:                   0            0            0           0M           0M           0M 
[670.860s][info][gc,reloc    ] GC(87) Y: Large Pages:                    0            0            0           0M           0M           0M 
[670.860s][info][gc,reloc    ] GC(87) Y: Forwarding Usage: 32M
[670.860s][info][gc,reloc    ] GC(87) Y: Age Table:
[670.860s][info][gc,reloc    ] GC(87) Y:                    Live             Garbage             Small              Medium             Large        
[670.860s][info][gc,reloc    ] GC(87) Y: Eden              81M (1%)         3712M (45%)       1897 / 1369           0 / 0              0 / 0        
[670.860s][info][gc,reloc    ] GC(87) Y: Survivor 1        19M (0%)           70M (1%)          45 / 34             0 / 0              0 / 0        
[670.860s][info][gc,reloc    ] GC(87) Y: Survivor 2         2M (0%)           13M (0%)           8 / 4              0 / 0              0 / 0        
[670.860s][info][gc,reloc    ] GC(87) Y: Survivor 3         1M (0%)            6M (0%)           4 / 2              0 / 0              0 / 0        
[670.860s][info][gc,reloc    ] GC(87) Y: Survivor 4         0M (0%)            1M (0%)           1 / 1              0 / 0              0 / 0        
[670.860s][info][gc,reloc    ] GC(87) Y: Survivor 5         0M (0%)            3M (0%)           2 / 2              0 / 0              0 / 0        
[670.860s][info][gc,reloc    ] GC(87) Y: Survivor 6         0M (0%)            1M (0%)           1 / 1              0 / 0              0 / 0        
[670.860s][info][gc,heap     ] GC(87) Y: Min Capacity: 8192M(100%)
[670.860s][info][gc,heap     ] GC(87) Y: Max Capacity: 8192M(100%)
[670.860s][info][gc,heap     ] GC(87) Y: Soft Max Capacity: 8192M(100%)
[670.860s][info][gc,heap     ] GC(87) Y: Heap Statistics:
[670.860s][info][gc,heap     ] GC(87) Y:                Mark Start          Mark End        Relocate Start      Relocate End           High               Low         
[670.860s][info][gc,heap     ] GC(87) Y:  Capacity:     8192M (100%)       8192M (100%)       8192M (100%)       8192M (100%)       8192M (100%)       8192M (100%)   
[670.860s][info][gc,heap     ] GC(87) Y:      Free:     3726M (45%)        3684M (45%)        4630M (57%)        7418M (91%)        7418M (91%)        3684M (45%)    
[670.860s][info][gc,heap     ] GC(87) Y:      Used:     4466M (55%)        4508M (55%)        3562M (43%)         774M (9%)         4508M (55%)         774M (9%)     
[670.860s][info][gc,heap     ] GC(87) Y: Young Generation Statistics:
[670.860s][info][gc,heap     ] GC(87) Y:                Mark Start          Mark End        Relocate Start      Relocate End    
[670.860s][info][gc,heap     ] GC(87) Y:      Used:     3916M (48%)        3958M (48%)        3012M (37%)         224M (3%)     
[670.860s][info][gc,heap     ] GC(87) Y:      Live:         -               105M (1%)          105M (1%)          105M (1%)     
[670.860s][info][gc,heap     ] GC(87) Y:   Garbage:         -              3810M (47%)        2842M (35%)           1M (0%)     
[670.860s][info][gc,heap     ] GC(87) Y: Allocated:         -                42M (1%)           64M (1%)          117M (1%)     
[670.860s][info][gc,heap     ] GC(87) Y: Reclaimed:         -                  -               968M (12%)        3809M (46%)    
[670.860s][info][gc,heap     ] GC(87) Y:  Promoted:         -                  -                 0M (0%)            0M (0%)     
[670.860s][info][gc,heap     ] GC(87) Y: Compacted:         -                  -                  -               102M (1%)     
[670.860s][info][gc,phases   ] GC(87) Y: Young Generation 4466M(55%)->774M(9%) 0.245s
[670.860s][info][gc,phases   ] GC(87) O: Old Generation
[671.574s][info][gc,phases   ] GC(87) O: Concurrent Mark 713.635ms
[671.574s][info][gc,phases   ] GC(87) O: Pause Mark End 0.011ms
[671.574s][info][gc,phases   ] GC(87) O: Concurrent Mark Free 0.000ms
[671.593s][info][gc,phases   ] GC(87) O: Concurrent Process Non-Strong 19.023ms
[671.593s][info][gc,phases   ] GC(87) O: Concurrent Reset Relocation Set 0.004ms
[671.596s][info][gc,phases   ] GC(87) O: Concurrent Select Relocation Set 2.177ms
[671.596s][info][gc,task     ] GC(87) O: Using 2 Workers for Old Generation
[671.659s][info][gc,task     ] GC(87) O: Using 1 Workers for Old Generation
[671.659s][info][gc,phases   ] GC(87) O: Concurrent Remap Roots 63.425ms
[671.659s][info][gc,phases   ] GC(87) O: Pause Relocate Start 0.012ms
[671.662s][info][gc,phases   ] GC(87) O: Concurrent Relocate 2.879ms
[671.662s][info][gc,alloc    ] GC(87) O:                         Mark Start        Mark End      Relocate Start    Relocate End   
[671.662s][info][gc,alloc    ] GC(87) O: Allocation Stalls:          0                0                0                0         
[671.662s][info][gc,load     ] GC(87) O: Load: 0.00 (0%) / 0.00 (0%) / 0.00 (0%)
[671.662s][info][gc,mmu      ] GC(87) O: MMU: 2ms/76.4%, 5ms/90.6%, 10ms/95.3%, 20ms/97.6%, 50ms/99.1%, 100ms/99.5%
[671.662s][info][gc,marking  ] GC(87) O: Mark: 1 stripe(s), 2 proactive flush(es), 1 terminate flush(es), 0 completion(s), 0 continuation(s) 
[671.662s][info][gc,marking  ] GC(87) O: Mark Stack Usage: 32M
[671.662s][info][gc,nmethod  ] GC(87) O: NMethods: 6856 registered, 2534 unregistered
[671.662s][info][gc,metaspace] GC(87) O: Metaspace: 131M used, 132M committed, 1152M reserved
[671.662s][info][gc,ref      ] GC(87) O:                       Encountered   Discovered     Enqueued 
[671.662s][info][gc,ref      ] GC(87) O: Soft References:             6087            0            0 
[671.662s][info][gc,ref      ] GC(87) O: Weak References:            23325        12705           11 
[671.662s][info][gc,ref      ] GC(87) O: Final References:              34            0            0 
[671.662s][info][gc,ref      ] GC(87) O: Phantom References:           871          635            6 
[671.662s][info][gc,reloc    ] GC(87) O:                        Candidates     Selected     In-Place         Size        Empty    Relocated 
[671.662s][info][gc,reloc    ] GC(87) O: Small Pages:                  243           12            0         486M           2M           0M 
[671.663s][info][gc,reloc    ] GC(87) O: Medium Pages:                   2            0            0          64M           0M           0M 
[671.663s][info][gc,reloc    ] GC(87) O: Large Pages:                    0            0            0           0M           0M           0M 
[671.663s][info][gc,reloc    ] GC(87) O: Forwarding Usage: 0M
[671.663s][info][gc,heap     ] GC(87) O: Min Capacity: 8192M(100%)
[671.663s][info][gc,heap     ] GC(87) O: Max Capacity: 8192M(100%)
[671.663s][info][gc,heap     ] GC(87) O: Soft Max Capacity: 8192M(100%)
[671.663s][info][gc,heap     ] GC(87) O: Heap Statistics:
[671.663s][info][gc,heap     ] GC(87) O:                Mark Start          Mark End        Relocate Start      Relocate End           High               Low         
[671.663s][info][gc,heap     ] GC(87) O:  Capacity:     8192M (100%)       8192M (100%)       8192M (100%)       8192M (100%)       8192M (100%)       8192M (100%)   
[671.663s][info][gc,heap     ] GC(87) O:      Free:     3726M (45%)        7086M (86%)        7016M (86%)        7024M (86%)        7418M (91%)        3684M (45%)    
[671.663s][info][gc,heap     ] GC(87) O:      Used:     4466M (55%)        1106M (14%)        1176M (14%)        1168M (14%)        4508M (55%)         774M (9%)     
[671.663s][info][gc,heap     ] GC(87) O: Old Generation Statistics:
[671.663s][info][gc,heap     ] GC(87) O:                Mark Start          Mark End        Relocate Start      Relocate End    
[671.663s][info][gc,heap     ] GC(87) O:      Used:      550M (7%)          550M (7%)          548M (7%)          538M (7%)     
[671.663s][info][gc,heap     ] GC(87) O:      Live:         -               473M (6%)          473M (6%)          473M (6%)     
[671.663s][info][gc,heap     ] GC(87) O:   Garbage:         -                76M (1%)           74M (1%)           49M (1%)     
[671.663s][info][gc,heap     ] GC(87) O: Allocated:         -                 0M (0%)            0M (0%)           15M (0%)     
[671.663s][info][gc,heap     ] GC(87) O: Reclaimed:         -                  -                 2M (0%)           27M (0%)     
[671.663s][info][gc,heap     ] GC(87) O: Compacted:         -                  -                  -                 0M (0%)     
[671.663s][info][gc,phases   ] GC(87) O: Old Generation 774M(9%)->1168M(14%) 0.802s
[671.663s][info][gc          ] GC(87) Major Collection (Proactive) 4466M(55%)->1168M(14%) 1.048s
[679.707s][info][gc          ] GC(88) Minor Collection (Allocation Rate)
[679.707s][info][gc,task     ] GC(88) Using 1 Workers for Young Generation
[679.707s][info][gc,phases   ] GC(88) y: Young Generation
[679.707s][info][gc,phases   ] GC(88) y: Pause Mark Start 0.013ms
[679.834s][info][gc,phases   ] GC(88) y: Concurrent Mark 126.805ms
[679.834s][info][gc,phases   ] GC(88) y: Pause Mark End 0.009ms
[679.834s][info][gc,phases   ] GC(88) y: Concurrent Mark Free 0.000ms
[679.834s][info][gc,phases   ] GC(88) y: Concurrent Reset Relocation Set 0.126ms
[679.838s][info][gc,reloc    ] GC(88) y: Using tenuring threshold: 6 (Computed)
[679.845s][info][gc,phases   ] GC(88) y: Concurrent Select Relocation Set 10.620ms
[679.845s][info][gc,phases   ] GC(88) y: Pause Relocate Start 0.011ms
[679.925s][info][gc,phases   ] GC(88) y: Concurrent Relocate 79.371ms
[679.925s][info][gc,alloc    ] GC(88) y:                         Mark Start        Mark End      Relocate Start    Relocate End   
[679.925s][info][gc,alloc    ] GC(88) y: Allocation Stalls:          0                0                0                0         
[679.925s][info][gc,load     ] GC(88) y: Load: 0.00 (0%) / 0.00 (0%) / 0.00 (0%)
[679.925s][info][gc,mmu      ] GC(88) y: MMU: 2ms/76.4%, 5ms/90.6%, 10ms/95.3%, 20ms/97.6%, 50ms/99.1%, 100ms/99.5%
[679.925s][info][gc,marking  ] GC(88) y: Mark: 1 stripe(s), 2 proactive flush(es), 1 terminate flush(es), 0 completion(s), 0 continuation(s) 
[679.925s][info][gc,marking  ] GC(88) y: Mark Stack Usage: 32M
[679.925s][info][gc,nmethod  ] GC(88) y: NMethods: 6865 registered, 2534 unregistered
[679.925s][info][gc,metaspace] GC(88) y: Metaspace: 131M used, 132M committed, 1152M reserved
[679.925s][info][gc,reloc    ] GC(88) y:                        Candidates     Selected     In-Place         Size        Empty    Relocated 
[679.925s][info][gc,reloc    ] GC(88) y: Small Pages:                 3464         1964            0        6928M        2888M          83M 
[679.925s][info][gc,reloc    ] GC(88) y: Medium Pages:                   0            0            0           0M           0M           0M 
[679.925s][info][gc,reloc    ] GC(88) y: Large Pages:                    0            0            0           0M           0M           0M 
[679.925s][info][gc,reloc    ] GC(88) y: Forwarding Usage: 31M
[679.925s][info][gc,reloc    ] GC(88) y: Age Table:
[679.925s][info][gc,reloc    ] GC(88) y:                    Live             Garbage             Small              Medium             Large        
[679.925s][info][gc,reloc    ] GC(88) y: Eden              94M (1%)         6691M (82%)       3393 / 1899           0 / 0              0 / 0        
[679.925s][info][gc,reloc    ] GC(88) y: Survivor 1         1M (0%)           88M (1%)          45 / 40             0 / 0              0 / 0        
[679.925s][info][gc,reloc    ] GC(88) y: Survivor 2         1M (0%)           26M (0%)          14 / 13             0 / 0              0 / 0        
[679.925s][info][gc,reloc    ] GC(88) y: Survivor 3         0M (0%)            9M (0%)           5 / 5              0 / 0              0 / 0        
[679.925s][info][gc,reloc    ] GC(88) y: Survivor 4         0M (0%)            5M (0%)           3 / 3              0 / 0              0 / 0        
[679.925s][info][gc,reloc    ] GC(88) y: Survivor 5         0M (0%)            1M (0%)           1 / 1              0 / 0              0 / 0        
[679.925s][info][gc,reloc    ] GC(88) y: Survivor 6         0M (0%)            3M (0%)           2 / 2              0 / 0              0 / 0        
[679.925s][info][gc,reloc    ] GC(88) y: Survivor 7         0M (0%)            1M (0%)           1 / 1              0 / 0              0 / 0        
[679.925s][info][gc,heap     ] GC(88) y: Min Capacity: 8192M(100%)
[679.925s][info][gc,heap     ] GC(88) y: Max Capacity: 8192M(100%)
[679.925s][info][gc,heap     ] GC(88) y: Soft Max Capacity: 8192M(100%)
[679.925s][info][gc,heap     ] GC(88) y: Heap Statistics:
[679.925s][info][gc,heap     ] GC(88) y:                Mark Start          Mark End        Relocate Start      Relocate End           High               Low         
[679.925s][info][gc,heap     ] GC(88) y:  Capacity:     8192M (100%)       8192M (100%)       8192M (100%)       8192M (100%)       8192M (100%)       8192M (100%)   
[679.925s][info][gc,heap     ] GC(88) y:      Free:      726M (9%)          594M (7%)         3450M (42%)        7284M (89%)        7284M (89%)         594M (7%)     
[679.925s][info][gc,heap     ] GC(88) y:      Used:     7466M (91%)        7598M (93%)        4742M (58%)         908M (11%)        7598M (93%)         908M (11%)    
[679.925s][info][gc,heap     ] GC(88) y: Young Generation Statistics:
[679.925s][info][gc,heap     ] GC(88) y:                Mark Start          Mark End        Relocate Start      Relocate End    
[679.925s][info][gc,heap     ] GC(88) y:      Used:     6928M (85%)        7060M (86%)        4204M (51%)         368M (4%)     
[679.925s][info][gc,heap     ] GC(88) y:      Live:         -                97M (1%)           97M (1%)           97M (1%)     
[679.925s][info][gc,heap     ] GC(88) y:   Garbage:         -              6830M (83%)        3942M (48%)           0M (0%)     
[679.925s][info][gc,heap     ] GC(88) y: Allocated:         -               132M (2%)          164M (2%)          269M (3%)     
[679.925s][info][gc,heap     ] GC(88) y: Reclaimed:         -                  -              2888M (35%)        6829M (83%)    
[679.925s][info][gc,heap     ] GC(88) y:  Promoted:         -                  -                 0M (0%)            0M (0%)     
[679.925s][info][gc,heap     ] GC(88) y: Compacted:         -                  -                  -                96M (1%)     
[679.925s][info][gc,phases   ] GC(88) y: Young Generation 7466M(91%)->908M(11%) 0.218s
[679.925s][info][gc          ] GC(88) Minor Collection (Allocation Rate) 7466M(91%)->908M(11%) 0.218s
[686.442s][info][gc          ] GC(89) Minor Collection (Allocation Rate)
[686.442s][info][gc,task     ] GC(89) Using 1 Workers for Young Generation
[686.442s][info][gc,phases   ] GC(89) y: Young Generation
[686.442s][info][gc,phases   ] GC(89) y: Pause Mark Start 0.013ms
[686.613s][info][gc,phases   ] GC(89) y: Concurrent Mark 170.982ms
[686.613s][info][gc,phases   ] GC(89) y: Pause Mark End 0.009ms
[686.613s][info][gc,phases   ] GC(89) y: Concurrent Mark Free 0.000ms
[686.613s][info][gc,phases   ] GC(89) y: Concurrent Reset Relocation Set 0.174ms
[686.616s][info][gc,reloc    ] GC(89) y: Using tenuring threshold: 7 (Computed)
[686.632s][info][gc,phases   ] GC(89) y: Concurrent Select Relocation Set 18.887ms
[686.632s][info][gc,phases   ] GC(89) y: Pause Relocate Start 0.024ms
[686.738s][info][gc,phases   ] GC(89) y: Concurrent Relocate 105.552ms
[686.738s][info][gc,alloc    ] GC(89) y:                         Mark Start        Mark End      Relocate Start    Relocate End   
[686.738s][info][gc,alloc    ] GC(89) y: Allocation Stalls:          0                0                0                0         
[686.738s][info][gc,load     ] GC(89) y: Load: 0.00 (0%) / 0.00 (0%) / 0.00 (0%)
[686.738s][info][gc,mmu      ] GC(89) y: MMU: 2ms/76.4%, 5ms/90.6%, 10ms/95.3%, 20ms/97.6%, 50ms/99.1%, 100ms/99.5%
[686.738s][info][gc,marking  ] GC(89) y: Mark: 1 stripe(s), 2 proactive flush(es), 1 terminate flush(es), 0 completion(s), 0 continuation(s) 
[686.738s][info][gc,marking  ] GC(89) y: Mark Stack Usage: 32M
[686.738s][info][gc,nmethod  ] GC(89) y: NMethods: 6877 registered, 2534 unregistered
[686.738s][info][gc,metaspace] GC(89) y: Metaspace: 131M used, 132M committed, 1152M reserved
[686.738s][info][gc,reloc    ] GC(89) y:                        Candidates     Selected     In-Place         Size        Empty    Relocated 
[686.738s][info][gc,reloc    ] GC(89) y: Small Pages:                 3433         1923            0        6866M        2870M         109M 
[686.738s][info][gc,reloc    ] GC(89) y: Medium Pages:                   0            0            0           0M           0M           0M 
[686.738s][info][gc,reloc    ] GC(89) y: Large Pages:                    0            0            0           0M           0M           0M 
[686.738s][info][gc,reloc    ] GC(89) y: Forwarding Usage: 40M
[686.738s][info][gc,reloc    ] GC(89) y: Age Table:
[686.738s][info][gc,reloc    ] GC(89) y:                    Live             Garbage             Small              Medium             Large        
[686.738s][info][gc,reloc    ] GC(89) y: Eden             114M (1%)         6609M (81%)       3362 / 1869           0 / 0              0 / 0        
[686.738s][info][gc,reloc    ] GC(89) y: Survivor 1        14M (0%)           89M (1%)          52 / 41             0 / 0              0 / 0        
[686.738s][info][gc,reloc    ] GC(89) y: Survivor 2         0M (0%)           13M (0%)           7 / 6              0 / 0              0 / 0        
[686.738s][info][gc,reloc    ] GC(89) y: Survivor 3         0M (0%)            7M (0%)           4 / 1              0 / 0              0 / 0        
[686.738s][info][gc,reloc    ] GC(89) y: Survivor 4         0M (0%)            5M (0%)           3 / 3              0 / 0              0 / 0        
[686.738s][info][gc,reloc    ] GC(89) y: Survivor 5         0M (0%)            7M (0%)           4 / 2              0 / 0              0 / 0        
[686.738s][info][gc,reloc    ] GC(89) y: Survivor 6         0M (0%)            1M (0%)           1 / 1              0 / 0              0 / 0        
[686.738s][info][gc,heap     ] GC(89) y: Min Capacity: 8192M(100%)
[686.738s][info][gc,heap     ] GC(89) y: Max Capacity: 8192M(100%)
[686.738s][info][gc,heap     ] GC(89) y: Soft Max Capacity: 8192M(100%)
[686.738s][info][gc,heap     ] GC(89) y: Heap Statistics:
[686.738s][info][gc,heap     ] GC(89) y:                Mark Start          Mark End        Relocate Start      Relocate End           High               Low         
[686.738s][info][gc,heap     ] GC(89) y:  Capacity:     8192M (100%)       8192M (100%)       8192M (100%)       8192M (100%)       8192M (100%)       8192M (100%)   
[686.738s][info][gc,heap     ] GC(89) y:      Free:      786M (10%)         570M (7%)         3432M (42%)        7194M (88%)        7196M (88%)         570M (7%)     
[686.738s][info][gc,heap     ] GC(89) y:      Used:     7406M (90%)        7622M (93%)        4760M (58%)         998M (12%)        7622M (93%)         996M (12%)    
[686.738s][info][gc,heap     ] GC(89) y: Young Generation Statistics:
[686.738s][info][gc,heap     ] GC(89) y:                Mark Start          Mark End        Relocate Start      Relocate End    
[686.738s][info][gc,heap     ] GC(89) y:      Used:     6866M (84%)        7082M (86%)        4220M (52%)         458M (6%)     
[686.738s][info][gc,heap     ] GC(89) y:      Live:         -               129M (2%)          129M (2%)          129M (2%)     
[686.738s][info][gc,heap     ] GC(89) y:   Garbage:         -              6736M (82%)        3866M (47%)           2M (0%)     
[686.738s][info][gc,heap     ] GC(89) y: Allocated:         -               216M (3%)          224M (3%)          326M (4%)     
[686.738s][info][gc,heap     ] GC(89) y: Reclaimed:         -                  -              2870M (35%)        6734M (82%)    
[686.738s][info][gc,heap     ] GC(89) y:  Promoted:         -                  -                 0M (0%)            0M (0%)     
[686.738s][info][gc,heap     ] GC(89) y: Compacted:         -                  -                  -               125M (2%)     
[686.738s][info][gc,phases   ] GC(89) y: Young Generation 7406M(90%)->998M(12%) 0.296s
[686.738s][info][gc          ] GC(89) Minor Collection (Allocation Rate) 7406M(90%)->998M(12%) 0.297s
[695.125s][info][gc          ] GC(90) Minor Collection (Allocation Rate)
[695.125s][info][gc,task     ] GC(90) Using 1 Workers for Young Generation
[695.125s][info][gc,phases   ] GC(90) y: Young Generation
[695.125s][info][gc,phases   ] GC(90) y: Pause Mark Start 0.012ms
[695.262s][info][gc,phases   ] GC(90) y: Concurrent Mark 136.562ms
[695.262s][info][gc,phases   ] GC(90) y: Pause Mark End 0.009ms
[695.262s][info][gc,phases   ] GC(90) y: Concurrent Mark Free 0.000ms
[695.262s][info][gc,phases   ] GC(90) y: Concurrent Reset Relocation Set 0.184ms
[695.264s][info][gc,reloc    ] GC(90) y: Using tenuring threshold: 8 (Computed)
[695.268s][info][gc,phases   ] GC(90) y: Concurrent Select Relocation Set 5.577ms
[695.268s][info][gc,phases   ] GC(90) y: Pause Relocate Start 0.010ms
[695.366s][info][gc,phases   ] GC(90) y: Concurrent Relocate 98.618ms
[695.366s][info][gc,alloc    ] GC(90) y:                         Mark Start        Mark End      Relocate Start    Relocate End   
[695.366s][info][gc,alloc    ] GC(90) y: Allocation Stalls:          0                0                0                0         
[695.367s][info][gc,load     ] GC(90) y: Load: 0.00 (0%) / 0.00 (0%) / 0.00 (0%)
[695.367s][info][gc,mmu      ] GC(90) y: MMU: 2ms/76.4%, 5ms/90.6%, 10ms/95.3%, 20ms/97.6%, 50ms/99.1%, 100ms/99.5%
[695.367s][info][gc,marking  ] GC(90) y: Mark: 1 stripe(s), 2 proactive flush(es), 1 terminate flush(es), 0 completion(s), 0 continuation(s) 
[695.367s][info][gc,marking  ] GC(90) y: Mark Stack Usage: 32M
[695.367s][info][gc,nmethod  ] GC(90) y: NMethods: 6905 registered, 2534 unregistered
[695.367s][info][gc,metaspace] GC(90) y: Metaspace: 131M used, 132M committed, 1152M reserved
[695.367s][info][gc,reloc    ] GC(90) y:                        Candidates     Selected     In-Place         Size        Empty    Relocated 
[695.367s][info][gc,reloc    ] GC(90) y: Small Pages:                 3379         1787            0        6758M        3066M          89M 
[695.367s][info][gc,reloc    ] GC(90) y: Medium Pages:                   0            0            0           0M           0M           0M 
[695.367s][info][gc,reloc    ] GC(90) y: Large Pages:                    0            0            0           0M           0M           0M 
[695.367s][info][gc,reloc    ] GC(90) y: Forwarding Usage: 33M
[695.367s][info][gc,reloc    ] GC(90) y: Age Table:
[695.367s][info][gc,reloc    ] GC(90) y:                    Live             Garbage             Small              Medium             Large        
[695.367s][info][gc,reloc    ] GC(90) y: Eden              92M (1%)         6491M (79%)       3292 / 1708           0 / 0              0 / 0        
[695.367s][info][gc,reloc    ] GC(90) y: Survivor 1         7M (0%)          120M (1%)          64 / 57             0 / 0              0 / 0        
[695.367s][info][gc,reloc    ] GC(90) y: Survivor 2         2M (0%)           23M (0%)          13 / 12             0 / 0              0 / 0        
[695.367s][info][gc,reloc    ] GC(90) y: Survivor 3         0M (0%)            9M (0%)           5 / 5              0 / 0              0 / 0        
[695.367s][info][gc,reloc    ] GC(90) y: Survivor 4         0M (0%)            1M (0%)           1 / 1              0 / 0              0 / 0        
[695.367s][info][gc,reloc    ] GC(90) y: Survivor 5         0M (0%)            1M (0%)           1 / 1              0 / 0              0 / 0        
[695.367s][info][gc,reloc    ] GC(90) y: Survivor 6         0M (0%)            3M (0%)           2 / 2              0 / 0              0 / 0        
[695.367s][info][gc,reloc    ] GC(90) y: Survivor 7         0M (0%)            1M (0%)           1 / 1              0 / 0              0 / 0        
[695.367s][info][gc,heap     ] GC(90) y: Min Capacity: 8192M(100%)
[695.367s][info][gc,heap     ] GC(90) y: Max Capacity: 8192M(100%)
[695.367s][info][gc,heap     ] GC(90) y: Soft Max Capacity: 8192M(100%)
[695.367s][info][gc,heap     ] GC(90) y: Heap Statistics:
[695.367s][info][gc,heap     ] GC(90) y:                Mark Start          Mark End        Relocate Start      Relocate End           High               Low         
[695.367s][info][gc,heap     ] GC(90) y:  Capacity:     8192M (100%)       8192M (100%)       8192M (100%)       8192M (100%)       8192M (100%)       8192M (100%)   
[695.367s][info][gc,heap     ] GC(90) y:      Free:      894M (11%)         780M (10%)        3842M (47%)        7342M (90%)        7342M (90%)         778M (9%)     
[695.367s][info][gc,heap     ] GC(90) y:      Used:     7298M (89%)        7412M (90%)        4350M (53%)         850M (10%)        7414M (91%)         850M (10%)    
[695.367s][info][gc,heap     ] GC(90) y: Young Generation Statistics:
[695.367s][info][gc,heap     ] GC(90) y:                Mark Start          Mark End        Relocate Start      Relocate End    
[695.367s][info][gc,heap     ] GC(90) y:      Used:     6758M (82%)        6872M (84%)        3810M (47%)         310M (4%)     
[695.367s][info][gc,heap     ] GC(90) y:      Live:         -               102M (1%)          102M (1%)          102M (1%)     
[695.367s][info][gc,heap     ] GC(90) y:   Garbage:         -              6655M (81%)        3589M (44%)           0M (0%)     
[695.367s][info][gc,heap     ] GC(90) y: Allocated:         -               114M (1%)          118M (1%)          207M (3%)     
[695.367s][info][gc,heap     ] GC(90) y: Reclaimed:         -                  -              3066M (37%)        6655M (81%)    
[695.367s][info][gc,heap     ] GC(90) y:  Promoted:         -                  -                 0M (0%)            0M (0%)     
[695.367s][info][gc,heap     ] GC(90) y: Compacted:         -                  -                  -               102M (1%)     
[695.367s][info][gc,phases   ] GC(90) y: Young Generation 7298M(89%)->850M(10%) 0.241s
[695.367s][info][gc          ] GC(90) Minor Collection (Allocation Rate) 7298M(89%)->850M(10%) 0.242s
[704.096s][info][gc          ] GC(91) Minor Collection (Allocation Rate)
[704.096s][info][gc,task     ] GC(91) Using 1 Workers for Young Generation
[704.096s][info][gc,phases   ] GC(91) y: Young Generation
[704.096s][info][gc,phases   ] GC(91) y: Pause Mark Start 0.014ms
[704.218s][info][gc,phases   ] GC(91) y: Concurrent Mark 121.436ms
[704.218s][info][gc,phases   ] GC(91) y: Pause Mark End 0.013ms
[704.218s][info][gc,phases   ] GC(91) y: Concurrent Mark Free 0.001ms
[704.218s][info][gc,phases   ] GC(91) y: Concurrent Reset Relocation Set 0.321ms
[704.220s][info][gc,reloc    ] GC(91) y: Using tenuring threshold: 9 (Computed)
[704.224s][info][gc,phases   ] GC(91) y: Concurrent Select Relocation Set 6.373ms
[704.225s][info][gc,phases   ] GC(91) y: Pause Relocate Start 0.012ms
[704.307s][info][gc,phases   ] GC(91) y: Concurrent Relocate 82.107ms
[704.307s][info][gc,alloc    ] GC(91) y:                         Mark Start        Mark End      Relocate Start    Relocate End   
[704.307s][info][gc,alloc    ] GC(91) y: Allocation Stalls:          0                0                0                0         
[704.307s][info][gc,load     ] GC(91) y: Load: 0.00 (0%) / 0.00 (0%) / 0.00 (0%)
[704.307s][info][gc,mmu      ] GC(91) y: MMU: 2ms/76.4%, 5ms/90.6%, 10ms/95.3%, 20ms/97.6%, 50ms/99.1%, 100ms/99.5%
[704.307s][info][gc,marking  ] GC(91) y: Mark: 1 stripe(s), 2 proactive flush(es), 1 terminate flush(es), 0 completion(s), 0 continuation(s) 
[704.307s][info][gc,marking  ] GC(91) y: Mark Stack Usage: 32M
[704.307s][info][gc,nmethod  ] GC(91) y: NMethods: 6924 registered, 2534 unregistered
[704.307s][info][gc,metaspace] GC(91) y: Metaspace: 131M used, 132M committed, 1152M reserved
[704.307s][info][gc,reloc    ] GC(91) y:                        Candidates     Selected     In-Place         Size        Empty    Relocated 
[704.307s][info][gc,reloc    ] GC(91) y: Small Pages:                 3521         2290            0        7042M        2362M          75M 
[704.307s][info][gc,reloc    ] GC(91) y: Medium Pages:                   0            0            0           0M           0M           0M 
[704.307s][info][gc,reloc    ] GC(91) y: Large Pages:                    0            0            0           0M           0M           0M 
[704.307s][info][gc,reloc    ] GC(91) y: Forwarding Usage: 27M
[704.307s][info][gc,reloc    ] GC(91) y: Age Table:
[704.307s][info][gc,reloc    ] GC(91) y:                    Live             Garbage             Small              Medium             Large        
[704.307s][info][gc,reloc    ] GC(91) y: Eden              84M (1%)         6805M (83%)       3445 / 2220           0 / 0              0 / 0        
[704.307s][info][gc,reloc    ] GC(91) y: Survivor 1         1M (0%)           98M (1%)          50 / 46             0 / 0              0 / 0        
[704.307s][info][gc,reloc    ] GC(91) y: Survivor 2         0M (0%)           13M (0%)           7 / 7              0 / 0              0 / 0        
[704.307s][info][gc,reloc    ] GC(91) y: Survivor 3         0M (0%)           11M (0%)           6 / 6              0 / 0              0 / 0        
[704.307s][info][gc,reloc    ] GC(91) y: Survivor 4         0M (0%)           11M (0%)           6 / 4              0 / 0              0 / 0        
[704.307s][info][gc,reloc    ] GC(91) y: Survivor 5         0M (0%)            1M (0%)           1 / 1              0 / 0              0 / 0        
[704.307s][info][gc,reloc    ] GC(91) y: Survivor 6         0M (0%)            5M (0%)           3 / 3              0 / 0              0 / 0        
[704.307s][info][gc,reloc    ] GC(91) y: Survivor 7         0M (0%)            3M (0%)           2 / 2              0 / 0              0 / 0        
[704.307s][info][gc,reloc    ] GC(91) y: Survivor 8         0M (0%)            1M (0%)           1 / 1              0 / 0              0 / 0        
[704.307s][info][gc,heap     ] GC(91) y: Min Capacity: 8192M(100%)
[704.307s][info][gc,heap     ] GC(91) y: Max Capacity: 8192M(100%)
[704.307s][info][gc,heap     ] GC(91) y: Soft Max Capacity: 8192M(100%)
[704.307s][info][gc,heap     ] GC(91) y: Heap Statistics:
[704.307s][info][gc,heap     ] GC(91) y:                Mark Start          Mark End        Relocate Start      Relocate End           High               Low         
[704.307s][info][gc,heap     ] GC(91) y:  Capacity:     8192M (100%)       8192M (100%)       8192M (100%)       8192M (100%)       8192M (100%)       8192M (100%)   
[704.307s][info][gc,heap     ] GC(91) y:      Free:      610M (7%)          516M (6%)         2872M (35%)        7352M (90%)        7352M (90%)         516M (6%)     
[704.307s][info][gc,heap     ] GC(91) y:      Used:     7582M (93%)        7676M (94%)        5320M (65%)         840M (10%)        7676M (94%)         840M (10%)    
[704.307s][info][gc,heap     ] GC(91) y: Young Generation Statistics:
[704.307s][info][gc,heap     ] GC(91) y:                Mark Start          Mark End        Relocate Start      Relocate End    
[704.307s][info][gc,heap     ] GC(91) y:      Used:     7042M (86%)        7136M (87%)        4780M (58%)         300M (4%)     
[704.307s][info][gc,heap     ] GC(91) y:      Live:         -                87M (1%)           87M (1%)           87M (1%)     
[704.307s][info][gc,heap     ] GC(91) y:   Garbage:         -              6954M (85%)        4592M (56%)           0M (0%)     
[704.307s][info][gc,heap     ] GC(91) y: Allocated:         -                94M (1%)          100M (1%)          212M (3%)     
[704.307s][info][gc,heap     ] GC(91) y: Reclaimed:         -                  -              2362M (29%)        6954M (85%)    
[704.307s][info][gc,heap     ] GC(91) y:  Promoted:         -                  -                 0M (0%)            0M (0%)     
[704.307s][info][gc,heap     ] GC(91) y: Compacted:         -                  -                  -                85M (1%)     
[704.307s][info][gc,phases   ] GC(91) y: Young Generation 7582M(93%)->840M(10%) 0.211s
[704.307s][info][gc          ] GC(91) Minor Collection (Allocation Rate) 7582M(93%)->842M(10%) 0.211s
[711.343s][info][gc          ] GC(92) Minor Collection (Allocation Rate)
[711.343s][info][gc,task     ] GC(92) Using 1 Workers for Young Generation
[711.343s][info][gc,phases   ] GC(92) y: Young Generation
[711.343s][info][gc,phases   ] GC(92) y: Pause Mark Start 0.014ms
[711.484s][info][gc,phases   ] GC(92) y: Concurrent Mark 140.875ms
[711.484s][info][gc,phases   ] GC(92) y: Pause Mark End 0.009ms
[711.484s][info][gc,phases   ] GC(92) y: Concurrent Mark Free 0.000ms
[711.485s][info][gc,phases   ] GC(92) y: Concurrent Reset Relocation Set 0.209ms
[711.487s][info][gc,reloc    ] GC(92) y: Using tenuring threshold: 8 (Computed)
[711.499s][info][gc,phases   ] GC(92) y: Concurrent Select Relocation Set 14.644ms
[711.499s][info][gc,phases   ] GC(92) y: Pause Relocate Start 0.010ms
[711.596s][info][gc,phases   ] GC(92) y: Concurrent Relocate 96.680ms
[711.596s][info][gc,alloc    ] GC(92) y:                         Mark Start        Mark End      Relocate Start    Relocate End   
[711.596s][info][gc,alloc    ] GC(92) y: Allocation Stalls:          0                0                0                0         
[711.596s][info][gc,load     ] GC(92) y: Load: 0.00 (0%) / 0.00 (0%) / 0.00 (0%)
[711.596s][info][gc,mmu      ] GC(92) y: MMU: 2ms/76.4%, 5ms/90.6%, 10ms/95.3%, 20ms/97.6%, 50ms/99.1%, 100ms/99.5%
[711.596s][info][gc,marking  ] GC(92) y: Mark: 1 stripe(s), 2 proactive flush(es), 1 terminate flush(es), 0 completion(s), 0 continuation(s) 
[711.596s][info][gc,marking  ] GC(92) y: Mark Stack Usage: 32M
[711.596s][info][gc,nmethod  ] GC(92) y: NMethods: 6939 registered, 2534 unregistered
[711.596s][info][gc,metaspace] GC(92) y: Metaspace: 131M used, 132M committed, 1152M reserved
[711.596s][info][gc,reloc    ] GC(92) y:                        Candidates     Selected     In-Place         Size        Empty    Relocated 
[711.596s][info][gc,reloc    ] GC(92) y: Small Pages:                 3466         1918            0        6932M        2964M          98M 
[711.596s][info][gc,reloc    ] GC(92) y: Medium Pages:                   0            0            0           0M           0M           0M 
[711.596s][info][gc,reloc    ] GC(92) y: Large Pages:                    0            0            0           0M           0M           0M 
[711.596s][info][gc,reloc    ] GC(92) y: Forwarding Usage: 34M
[711.596s][info][gc,reloc    ] GC(92) y: Age Table:
[711.596s][info][gc,reloc    ] GC(92) y:                    Live             Garbage             Small              Medium             Large        
[711.596s][info][gc,reloc    ] GC(92) y: Eden             100M (1%)         6693M (82%)       3397 / 1862           0 / 0              0 / 0        
[711.596s][info][gc,reloc    ] GC(92) y: Survivor 1        12M (0%)           83M (1%)          48 / 37             0 / 0              0 / 0        
[711.596s][info][gc,reloc    ] GC(92) y: Survivor 2         0M (0%)            7M (0%)           4 / 3              0 / 0              0 / 0        
[711.596s][info][gc,reloc    ] GC(92) y: Survivor 3         0M (0%)            5M (0%)           3 / 3              0 / 0              0 / 0        
[711.596s][info][gc,reloc    ] GC(92) y: Survivor 4         0M (0%)            7M (0%)           4 / 4              0 / 0              0 / 0        
[711.596s][info][gc,reloc    ] GC(92) y: Survivor 5         0M (0%)            5M (0%)           3 / 3              0 / 0              0 / 0        
[711.596s][info][gc,reloc    ] GC(92) y: Survivor 6         0M (0%)            1M (0%)           1 / 1              0 / 0              0 / 0        
[711.596s][info][gc,reloc    ] GC(92) y: Survivor 7         0M (0%)            3M (0%)           2 / 1              0 / 0              0 / 0        
[711.596s][info][gc,reloc    ] GC(92) y: Survivor 8         0M (0%)            3M (0%)           2 / 2              0 / 0              0 / 0        
[711.596s][info][gc,reloc    ] GC(92) y: Survivor 9         0M (0%)            3M (0%)           2 / 2              0 / 0              0 / 0        
[711.596s][info][gc,heap     ] GC(92) y: Min Capacity: 8192M(100%)
[711.596s][info][gc,heap     ] GC(92) y: Max Capacity: 8192M(100%)
[711.596s][info][gc,heap     ] GC(92) y: Soft Max Capacity: 8192M(100%)
[711.596s][info][gc,heap     ] GC(92) y: Heap Statistics:
[711.596s][info][gc,heap     ] GC(92) y:                Mark Start          Mark End        Relocate Start      Relocate End           High               Low         
[711.596s][info][gc,heap     ] GC(92) y:  Capacity:     8192M (100%)       8192M (100%)       8192M (100%)       8192M (100%)       8192M (100%)       8192M (100%)   
[711.596s][info][gc,heap     ] GC(92) y:      Free:      720M (9%)          604M (7%)         3554M (43%)        7278M (89%)        7282M (89%)         604M (7%)     
[711.596s][info][gc,heap     ] GC(92) y:      Used:     7472M (91%)        7588M (93%)        4638M (57%)         914M (11%)        7588M (93%)         910M (11%)    
[711.596s][info][gc,heap     ] GC(92) y: Young Generation Statistics:
[711.596s][info][gc,heap     ] GC(92) y:                Mark Start          Mark End        Relocate Start      Relocate End    
[711.596s][info][gc,heap     ] GC(92) y:      Used:     6932M (85%)        7048M (86%)        4098M (50%)         372M (5%)     
[711.596s][info][gc,heap     ] GC(92) y:      Live:         -               114M (1%)          114M (1%)          114M (1%)     
[711.596s][info][gc,heap     ] GC(92) y:   Garbage:         -              6817M (83%)        3853M (47%)           0M (0%)     
[711.597s][info][gc,heap     ] GC(92) y: Allocated:         -               116M (1%)          130M (2%)          256M (3%)     
[711.597s][info][gc,heap     ] GC(92) y: Reclaimed:         -                  -              2964M (36%)        6816M (83%)    
[711.597s][info][gc,heap     ] GC(92) y:  Promoted:         -                  -                 0M (0%)            0M (0%)     
[711.597s][info][gc,heap     ] GC(92) y: Compacted:         -                  -                  -               113M (1%)     
[711.597s][info][gc,phases   ] GC(92) y: Young Generation 7472M(91%)->914M(11%) 0.253s
[711.597s][info][gc          ] GC(92) Minor Collection (Allocation Rate) 7472M(91%)->914M(11%) 0.253s
[720.535s][info][gc          ] GC(93) Minor Collection (Allocation Rate)
[720.535s][info][gc,task     ] GC(93) Using 1 Workers for Young Generation
[720.535s][info][gc,phases   ] GC(93) y: Young Generation
[720.535s][info][gc,phases   ] GC(93) y: Pause Mark Start 0.012ms
[720.657s][info][gc,phases   ] GC(93) y: Concurrent Mark 122.531ms
[720.657s][info][gc,phases   ] GC(93) y: Pause Mark End 0.009ms
[720.657s][info][gc,phases   ] GC(93) y: Concurrent Mark Free 0.000ms
[720.658s][info][gc,phases   ] GC(93) y: Concurrent Reset Relocation Set 0.163ms
[720.660s][info][gc,reloc    ] GC(93) y: Using tenuring threshold: 9 (Computed)
[720.663s][info][gc,phases   ] GC(93) y: Concurrent Select Relocation Set 5.012ms
[720.663s][info][gc,phases   ] GC(93) y: Pause Relocate Start 0.009ms
[720.729s][info][gc,phases   ] GC(93) y: Concurrent Relocate 66.529ms
[720.729s][info][gc,alloc    ] GC(93) y:                         Mark Start        Mark End      Relocate Start    Relocate End   
[720.729s][info][gc,alloc    ] GC(93) y: Allocation Stalls:          0                0                0                0         
[720.729s][info][gc,load     ] GC(93) y: Load: 0.00 (0%) / 0.00 (0%) / 0.00 (0%)
[720.729s][info][gc,mmu      ] GC(93) y: MMU: 2ms/76.4%, 5ms/90.6%, 10ms/95.3%, 20ms/97.6%, 50ms/99.1%, 100ms/99.5%
[720.729s][info][gc,marking  ] GC(93) y: Mark: 1 stripe(s), 2 proactive flush(es), 1 terminate flush(es), 0 completion(s), 0 continuation(s) 
[720.729s][info][gc,marking  ] GC(93) y: Mark Stack Usage: 32M
[720.729s][info][gc,nmethod  ] GC(93) y: NMethods: 6991 registered, 2534 unregistered
[720.729s][info][gc,metaspace] GC(93) y: Metaspace: 131M used, 132M committed, 1152M reserved
[720.729s][info][gc,reloc    ] GC(93) y:                        Candidates     Selected     In-Place         Size        Empty    Relocated 
[720.729s][info][gc,reloc    ] GC(93) y: Small Pages:                 3483         1912            0        6966M        3032M          76M 
[720.729s][info][gc,reloc    ] GC(93) y: Medium Pages:                   0            0            0           0M           0M           0M 
[720.729s][info][gc,reloc    ] GC(93) y: Large Pages:                    0            0            0           0M           0M           0M 
[720.729s][info][gc,reloc    ] GC(93) y: Forwarding Usage: 28M
[720.729s][info][gc,reloc    ] GC(93) y: Age Table:
[720.729s][info][gc,reloc    ] GC(93) y:                    Live             Garbage             Small              Medium             Large        
[720.729s][info][gc,reloc    ] GC(93) y: Eden              85M (1%)         6714M (82%)       3400 / 1844           0 / 0              0 / 0        
[720.729s][info][gc,reloc    ] GC(93) y: Survivor 1         6M (0%)          103M (1%)          55 / 47             0 / 0              0 / 0        
[720.729s][info][gc,reloc    ] GC(93) y: Survivor 2         3M (0%)           20M (0%)          12 / 9              0 / 0              0 / 0        
[720.729s][info][gc,reloc    ] GC(93) y: Survivor 3         0M (0%)            7M (0%)           4 / 2              0 / 0              0 / 0        
[720.729s][info][gc,reloc    ] GC(93) y: Survivor 4         0M (0%)            3M (0%)           2 / 1              0 / 0              0 / 0        
[720.729s][info][gc,reloc    ] GC(93) y: Survivor 5         0M (0%)            7M (0%)           4 / 3              0 / 0              0 / 0        
[720.729s][info][gc,reloc    ] GC(93) y: Survivor 6         0M (0%)            5M (0%)           3 / 3              0 / 0              0 / 0        
[720.729s][info][gc,reloc    ] GC(93) y: Survivor 7         0M (0%)            1M (0%)           1 / 1              0 / 0              0 / 0        
[720.729s][info][gc,reloc    ] GC(93) y: Survivor 8         0M (0%)            3M (0%)           2 / 2              0 / 0              0 / 0        
[720.729s][info][gc,heap     ] GC(93) y: Min Capacity: 8192M(100%)
[720.729s][info][gc,heap     ] GC(93) y: Max Capacity: 8192M(100%)
[720.729s][info][gc,heap     ] GC(93) y: Soft Max Capacity: 8192M(100%)
[720.730s][info][gc,heap     ] GC(93) y: Heap Statistics:
[720.730s][info][gc,heap     ] GC(93) y:                Mark Start          Mark End        Relocate Start      Relocate End           High               Low         
[720.730s][info][gc,heap     ] GC(93) y:  Capacity:     8192M (100%)       8192M (100%)       8192M (100%)       8192M (100%)       8192M (100%)       8192M (100%)   
[720.730s][info][gc,heap     ] GC(93) y:      Free:      684M (8%)          572M (7%)         3600M (44%)        7356M (90%)        7356M (90%)         572M (7%)     
[720.730s][info][gc,heap     ] GC(93) y:      Used:     7508M (92%)        7620M (93%)        4592M (56%)         836M (10%)        7620M (93%)         836M (10%)    
[720.730s][info][gc,heap     ] GC(93) y: Young Generation Statistics:
[720.730s][info][gc,heap     ] GC(93) y:                Mark Start          Mark End        Relocate Start      Relocate End    
[720.730s][info][gc,heap     ] GC(93) y:      Used:     6966M (85%)        7078M (86%)        4050M (49%)         294M (4%)     
[720.730s][info][gc,heap     ] GC(93) y:      Live:         -                95M (1%)           95M (1%)           95M (1%)     
[720.730s][info][gc,heap     ] GC(93) y:   Garbage:         -              6870M (84%)        3838M (47%)           1M (0%)     
[720.730s][info][gc,heap     ] GC(93) y: Allocated:         -               112M (1%)          116M (1%)          196M (2%)     
[720.730s][info][gc,heap     ] GC(93) y: Reclaimed:         -                  -              3032M (37%)        6868M (84%)    
[720.730s][info][gc,heap     ] GC(93) y:  Promoted:         -                  -                 0M (0%)            0M (0%)     
[720.730s][info][gc,heap     ] GC(93) y: Compacted:         -                  -                  -                87M (1%)     
[720.730s][info][gc,phases   ] GC(93) y: Young Generation 7508M(92%)->836M(10%) 0.195s
[720.730s][info][gc          ] GC(93) Minor Collection (Allocation Rate) 7506M(92%)->836M(10%) 0.195s
[729.360s][info][gc          ] GC(94) Minor Collection (Allocation Rate)
[729.360s][info][gc,task     ] GC(94) Using 1 Workers for Young Generation
[729.360s][info][gc,phases   ] GC(94) y: Young Generation
[729.360s][info][gc,phases   ] GC(94) y: Pause Mark Start 0.013ms
[729.490s][info][gc,phases   ] GC(94) y: Concurrent Mark 129.475ms
[729.490s][info][gc,phases   ] GC(94) y: Pause Mark End 0.009ms
[729.490s][info][gc,phases   ] GC(94) y: Concurrent Mark Free 0.000ms
[729.490s][info][gc,phases   ] GC(94) y: Concurrent Reset Relocation Set 0.160ms
[729.492s][info][gc,reloc    ] GC(94) y: Using tenuring threshold: 7 (Computed)
[729.504s][info][gc,phases   ] GC(94) y: Concurrent Select Relocation Set 14.098ms
[729.504s][info][gc,phases   ] GC(94) y: Pause Relocate Start 0.008ms
[729.586s][info][gc,phases   ] GC(94) y: Concurrent Relocate 82.192ms
[729.586s][info][gc,alloc    ] GC(94) y:                         Mark Start        Mark End      Relocate Start    Relocate End   
[729.586s][info][gc,alloc    ] GC(94) y: Allocation Stalls:          0                0                0                0         
[729.586s][info][gc,load     ] GC(94) y: Load: 0.00 (0%) / 0.00 (0%) / 0.00 (0%)
[729.586s][info][gc,mmu      ] GC(94) y: MMU: 2ms/76.4%, 5ms/90.6%, 10ms/95.3%, 20ms/97.6%, 50ms/99.1%, 100ms/99.5%
[729.587s][info][gc,marking  ] GC(94) y: Mark: 1 stripe(s), 2 proactive flush(es), 1 terminate flush(es), 0 completion(s), 0 continuation(s) 
[729.587s][info][gc,marking  ] GC(94) y: Mark Stack Usage: 32M
[729.587s][info][gc,nmethod  ] GC(94) y: NMethods: 7027 registered, 2534 unregistered
[729.587s][info][gc,metaspace] GC(94) y: Metaspace: 131M used, 132M committed, 1152M reserved
[729.587s][info][gc,reloc    ] GC(94) y:                        Candidates     Selected     In-Place         Size        Empty    Relocated 
[729.587s][info][gc,reloc    ] GC(94) y: Small Pages:                 3538         2396            0        7076M        2174M          81M 
[729.587s][info][gc,reloc    ] GC(94) y: Medium Pages:                   0            0            0           0M           0M           0M 
[729.587s][info][gc,reloc    ] GC(94) y: Large Pages:                    0            0            0           0M           0M           0M 
[729.587s][info][gc,reloc    ] GC(94) y: Forwarding Usage: 29M
[729.587s][info][gc,reloc    ] GC(94) y: Age Table:
[729.587s][info][gc,reloc    ] GC(94) y:                    Live             Garbage             Small              Medium             Large        
[729.587s][info][gc,reloc    ] GC(94) y: Eden              87M (1%)         6842M (84%)       3465 / 2337           0 / 0              0 / 0        
[729.587s][info][gc,reloc    ] GC(94) y: Survivor 1         6M (0%)           87M (1%)          47 / 39             0 / 0              0 / 0        
[729.587s][info][gc,reloc    ] GC(94) y: Survivor 2         0M (0%)           17M (0%)           9 / 6              0 / 0              0 / 0        
[729.587s][info][gc,reloc    ] GC(94) y: Survivor 3         0M (0%)           13M (0%)           7 / 5              0 / 0              0 / 0        
[729.587s][info][gc,reloc    ] GC(94) y: Survivor 4         0M (0%)            5M (0%)           3 / 2              0 / 0              0 / 0        
[729.587s][info][gc,reloc    ] GC(94) y: Survivor 5         0M (0%)            1M (0%)           1 / 1              0 / 0              0 / 0        
[729.587s][info][gc,reloc    ] GC(94) y: Survivor 6         0M (0%)            3M (0%)           2 / 2              0 / 0              0 / 0        
[729.587s][info][gc,reloc    ] GC(94) y: Survivor 7         0M (0%)            3M (0%)           2 / 2              0 / 0              0 / 0        
[729.587s][info][gc,reloc    ] GC(94) y: Survivor 8         0M (0%)            1M (0%)           1 / 1              0 / 0              0 / 0        
[729.587s][info][gc,reloc    ] GC(94) y: Survivor 9         0M (0%)            1M (0%)           1 / 1              0 / 0              0 / 0        
[729.587s][info][gc,heap     ] GC(94) y: Min Capacity: 8192M(100%)
[729.587s][info][gc,heap     ] GC(94) y: Max Capacity: 8192M(100%)
[729.587s][info][gc,heap     ] GC(94) y: Soft Max Capacity: 8192M(100%)
[729.587s][info][gc,heap     ] GC(94) y: Heap Statistics:
[729.587s][info][gc,heap     ] GC(94) y:                Mark Start          Mark End        Relocate Start      Relocate End           High               Low         
[729.587s][info][gc,heap     ] GC(94) y:  Capacity:     8192M (100%)       8192M (100%)       8192M (100%)       8192M (100%)       8192M (100%)       8192M (100%)   
[729.587s][info][gc,heap     ] GC(94) y:      Free:      574M (7%)          406M (5%)         2572M (31%)        7258M (89%)        7260M (89%)         406M (5%)     
[729.587s][info][gc,heap     ] GC(94) y:      Used:     7618M (93%)        7786M (95%)        5620M (69%)         934M (11%)        7786M (95%)         932M (11%)    
[729.587s][info][gc,heap     ] GC(94) y: Young Generation Statistics:
[729.587s][info][gc,heap     ] GC(94) y:                Mark Start          Mark End        Relocate Start      Relocate End    
[729.587s][info][gc,heap     ] GC(94) y:      Used:     7076M (86%)        7244M (88%)        5078M (62%)         386M (5%)     
[729.587s][info][gc,heap     ] GC(94) y:      Live:         -                95M (1%)           95M (1%)           95M (1%)     
[729.587s][info][gc,heap     ] GC(94) y:   Garbage:         -              6980M (85%)        4806M (59%)           1M (0%)     
[729.587s][info][gc,heap     ] GC(94) y: Allocated:         -               168M (2%)          176M (2%)          289M (4%)     
[729.587s][info][gc,heap     ] GC(94) y: Reclaimed:         -                  -              2174M (27%)        6979M (85%)    
[729.587s][info][gc,heap     ] GC(94) y:  Promoted:         -                  -                 0M (0%)            0M (0%)     
[729.587s][info][gc,heap     ] GC(94) y: Compacted:         -                  -                  -                92M (1%)     
[729.587s][info][gc,phases   ] GC(94) y: Young Generation 7618M(93%)->934M(11%) 0.226s
[729.587s][info][gc          ] GC(94) Minor Collection (Allocation Rate) 7618M(93%)->936M(11%) 0.227s
[731.322s][info][gc          ] GC(95) Major Collection (Proactive)
[731.322s][info][gc,task     ] GC(95) Using 1 Workers for Young Generation
[731.322s][info][gc,task     ] GC(95) Using 1 Workers for Old Generation
[731.322s][info][gc,phases   ] GC(95) Y: Young Generation
[731.322s][info][gc,phases   ] GC(95) Y: Pause Mark Start (Major) 0.014ms
[731.508s][info][gc,phases   ] GC(95) Y: Concurrent Mark 186.636ms
[731.509s][info][gc,phases   ] GC(95) Y: Pause Mark End 0.009ms
[731.509s][info][gc,phases   ] GC(95) Y: Concurrent Mark Free 0.000ms
[731.509s][info][gc,phases   ] GC(95) Y: Concurrent Reset Relocation Set 0.218ms
[731.511s][info][gc,reloc    ] GC(95) Y: Using tenuring threshold: 6 (Computed)
[731.513s][info][gc,phases   ] GC(95) Y: Concurrent Select Relocation Set 4.424ms
[731.513s][info][gc,phases   ] GC(95) Y: Pause Relocate Start 0.022ms
[731.587s][info][gc,phases   ] GC(95) Y: Concurrent Relocate 73.518ms
[731.587s][info][gc,alloc    ] GC(95) Y:                         Mark Start        Mark End      Relocate Start    Relocate End   
[731.587s][info][gc,alloc    ] GC(95) Y: Allocation Stalls:          0                0                0                0         
[731.587s][info][gc,load     ] GC(95) Y: Load: 0.00 (0%) / 0.00 (0%) / 0.00 (0%)
[731.587s][info][gc,mmu      ] GC(95) Y: MMU: 2ms/76.4%, 5ms/90.6%, 10ms/95.3%, 20ms/97.6%, 50ms/99.1%, 100ms/99.5%
[731.587s][info][gc,marking  ] GC(95) Y: Mark: 1 stripe(s), 2 proactive flush(es), 1 terminate flush(es), 0 completion(s), 0 continuation(s) 
[731.587s][info][gc,marking  ] GC(95) Y: Mark Stack Usage: 32M
[731.587s][info][gc,nmethod  ] GC(95) Y: NMethods: 7027 registered, 2534 unregistered
[731.587s][info][gc,metaspace] GC(95) Y: Metaspace: 131M used, 132M committed, 1152M reserved
[731.587s][info][gc,reloc    ] GC(95) Y:                        Candidates     Selected     In-Place         Size        Empty    Relocated 
[731.587s][info][gc,reloc    ] GC(95) Y: Small Pages:                 1089          796            0        2178M         440M          67M 
[731.587s][info][gc,reloc    ] GC(95) Y: Medium Pages:                   0            0            0           0M           0M           0M 
[731.587s][info][gc,reloc    ] GC(95) Y: Large Pages:                    0            0            0           0M           0M           0M 
[731.587s][info][gc,reloc    ] GC(95) Y: Forwarding Usage: 27M
[731.587s][info][gc,reloc    ] GC(95) Y: Age Table:
[731.587s][info][gc,reloc    ] GC(95) Y:                    Live             Garbage             Small              Medium             Large        
[731.587s][info][gc,reloc    ] GC(95) Y: Eden              61M (1%)         1982M (24%)       1022 / 768            0 / 0              0 / 0        
[731.587s][info][gc,reloc    ] GC(95) Y: Survivor 1        53M (1%)           44M (1%)          49 / 15             0 / 0              0 / 0        
[731.587s][info][gc,reloc    ] GC(95) Y: Survivor 2         4M (0%)            9M (0%)           7 / 3              0 / 0              0 / 0        
[731.587s][info][gc,reloc    ] GC(95) Y: Survivor 3         0M (0%)            1M (0%)           1 / 1              0 / 0              0 / 0        
[731.587s][info][gc,reloc    ] GC(95) Y: Survivor 4         0M (0%)            5M (0%)           3 / 3              0 / 0              0 / 0        
[731.587s][info][gc,reloc    ] GC(95) Y: Survivor 5         0M (0%)            1M (0%)           1 / 0              0 / 0              0 / 0        
[731.587s][info][gc,reloc    ] GC(95) Y: Survivor 6         0M (0%)            3M (0%)           2 / 2              0 / 0              0 / 0        
[731.587s][info][gc,reloc    ] GC(95) Y: Survivor 7         0M (0%)            7M (0%)           4 / 4              0 / 0              0 / 0        
[731.587s][info][gc,heap     ] GC(95) Y: Min Capacity: 8192M(100%)
[731.587s][info][gc,heap     ] GC(95) Y: Max Capacity: 8192M(100%)
[731.587s][info][gc,heap     ] GC(95) Y: Soft Max Capacity: 8192M(100%)
[731.587s][info][gc,heap     ] GC(95) Y: Heap Statistics:
[731.587s][info][gc,heap     ] GC(95) Y:                Mark Start          Mark End        Relocate Start      Relocate End           High               Low         
[731.587s][info][gc,heap     ] GC(95) Y:  Capacity:     8192M (100%)       8192M (100%)       8192M (100%)       8192M (100%)       8192M (100%)       8192M (100%)   
[731.587s][info][gc,heap     ] GC(95) Y:      Free:     5466M (67%)        5244M (64%)        5684M (69%)        7176M (88%)        7196M (88%)        5244M (64%)    
[731.587s][info][gc,heap     ] GC(95) Y:      Used:     2726M (33%)        2948M (36%)        2508M (31%)        1016M (12%)        2948M (36%)         996M (12%)    
[731.587s][info][gc,heap     ] GC(95) Y: Young Generation Statistics:
[731.587s][info][gc,heap     ] GC(95) Y:                Mark Start          Mark End        Relocate Start      Relocate End    
[731.587s][info][gc,heap     ] GC(95) Y:      Used:     2178M (27%)        2400M (29%)        1960M (24%)         462M (6%)     
[731.587s][info][gc,heap     ] GC(95) Y:      Live:         -               120M (1%)          120M (1%)          120M (1%)     
[731.587s][info][gc,heap     ] GC(95) Y:   Garbage:         -              2057M (25%)        1617M (20%)          12M (0%)     
[731.587s][info][gc,heap     ] GC(95) Y: Allocated:         -               222M (3%)          222M (3%)          328M (4%)     
[731.587s][info][gc,heap     ] GC(95) Y: Reclaimed:         -                  -               440M (5%)         2044M (25%)    
[731.588s][info][gc,heap     ] GC(95) Y:  Promoted:         -                  -                 0M (0%)            0M (0%)     
[731.588s][info][gc,heap     ] GC(95) Y: Compacted:         -                  -                  -                89M (1%)     
[731.588s][info][gc,phases   ] GC(95) Y: Young Generation 2726M(33%)->1016M(12%) 0.265s
[731.588s][info][gc,phases   ] GC(95) O: Old Generation
[732.275s][info][gc,phases   ] GC(95) O: Concurrent Mark 687.289ms
[732.275s][info][gc,phases   ] GC(95) O: Pause Mark End 0.013ms
[732.275s][info][gc,phases   ] GC(95) O: Concurrent Mark Free 0.000ms
[732.290s][info][gc,phases   ] GC(95) O: Concurrent Process Non-Strong 15.265ms
[732.290s][info][gc,phases   ] GC(95) O: Concurrent Reset Relocation Set 0.002ms
[732.292s][info][gc,phases   ] GC(95) O: Concurrent Select Relocation Set 1.960ms
[732.292s][info][gc,task     ] GC(95) O: Using 2 Workers for Old Generation
[732.357s][info][gc,task     ] GC(95) O: Using 1 Workers for Old Generation
[732.357s][info][gc,phases   ] GC(95) O: Concurrent Remap Roots 64.923ms
[732.357s][info][gc,phases   ] GC(95) O: Pause Relocate Start 0.008ms
[732.360s][info][gc,phases   ] GC(95) O: Concurrent Relocate 2.404ms
[732.360s][info][gc,alloc    ] GC(95) O:                         Mark Start        Mark End      Relocate Start    Relocate End   
[732.360s][info][gc,alloc    ] GC(95) O: Allocation Stalls:          0                0                0                0         
[732.360s][info][gc,load     ] GC(95) O: Load: 0.00 (0%) / 0.00 (0%) / 0.00 (0%)
[732.360s][info][gc,mmu      ] GC(95) O: MMU: 2ms/76.4%, 5ms/90.6%, 10ms/95.3%, 20ms/97.6%, 50ms/99.1%, 100ms/99.5%
[732.360s][info][gc,marking  ] GC(95) O: Mark: 1 stripe(s), 2 proactive flush(es), 1 terminate flush(es), 0 completion(s), 0 continuation(s) 
[732.360s][info][gc,marking  ] GC(95) O: Mark Stack Usage: 32M
[732.360s][info][gc,nmethod  ] GC(95) O: NMethods: 6967 registered, 2596 unregistered
[732.360s][info][gc,metaspace] GC(95) O: Metaspace: 131M used, 132M committed, 1152M reserved
[732.360s][info][gc,ref      ] GC(95) O:                       Encountered   Discovered     Enqueued 
[732.360s][info][gc,ref      ] GC(95) O: Soft References:             6087            0            0 
[732.360s][info][gc,ref      ] GC(95) O: Weak References:            23332        12635            1 
[732.360s][info][gc,ref      ] GC(95) O: Final References:              34            0            0 
[732.360s][info][gc,ref      ] GC(95) O: Phantom References:           895          655            1 
[732.360s][info][gc,reloc    ] GC(95) O:                        Candidates     Selected     In-Place         Size        Empty    Relocated 
[732.360s][info][gc,reloc    ] GC(95) O: Small Pages:                  242           12            0         484M           0M           1M 
[732.360s][info][gc,reloc    ] GC(95) O: Medium Pages:                   2            0            0          64M           0M           0M 
[732.360s][info][gc,reloc    ] GC(95) O: Large Pages:                    0            0            0           0M           0M           0M 
[732.360s][info][gc,reloc    ] GC(95) O: Forwarding Usage: 0M
[732.360s][info][gc,heap     ] GC(95) O: Min Capacity: 8192M(100%)
[732.360s][info][gc,heap     ] GC(95) O: Max Capacity: 8192M(100%)
[732.360s][info][gc,heap     ] GC(95) O: Soft Max Capacity: 8192M(100%)
[732.360s][info][gc,heap     ] GC(95) O: Heap Statistics:
[732.360s][info][gc,heap     ] GC(95) O:                Mark Start          Mark End        Relocate Start      Relocate End           High               Low         
[732.360s][info][gc,heap     ] GC(95) O:  Capacity:     8192M (100%)       8192M (100%)       8192M (100%)       8192M (100%)       8192M (100%)       8192M (100%)   
[732.360s][info][gc,heap     ] GC(95) O:      Free:     5466M (67%)        6586M (80%)        6456M (79%)        6474M (79%)        7196M (88%)        5244M (64%)    
[732.360s][info][gc,heap     ] GC(95) O:      Used:     2726M (33%)        1606M (20%)        1736M (21%)        1718M (21%)        2948M (36%)         996M (12%)    
[732.360s][info][gc,heap     ] GC(95) O: Old Generation Statistics:
[732.360s][info][gc,heap     ] GC(95) O:                Mark Start          Mark End        Relocate Start      Relocate End    
[732.360s][info][gc,heap     ] GC(95) O:      Used:      548M (7%)          554M (7%)          554M (7%)          536M (7%)     
[732.360s][info][gc,heap     ] GC(95) O:      Live:         -               473M (6%)          473M (6%)          473M (6%)     
[732.360s][info][gc,heap     ] GC(95) O:   Garbage:         -                74M (1%)           74M (1%)           49M (1%)     
[732.360s][info][gc,heap     ] GC(95) O: Allocated:         -                 6M (0%)            6M (0%)           12M (0%)     
[732.360s][info][gc,heap     ] GC(95) O: Reclaimed:         -                  -                 0M (0%)           24M (0%)     
[732.360s][info][gc,heap     ] GC(95) O: Compacted:         -                  -                  -                 1M (0%)     
[732.360s][info][gc,phases   ] GC(95) O: Old Generation 1018M(12%)->1718M(21%) 0.772s
[732.360s][info][gc          ] GC(95) Major Collection (Proactive) 2726M(33%)->1718M(21%) 1.039s
[738.744s][info][gc          ] GC(96) Minor Collection (Allocation Rate)
[738.744s][info][gc,task     ] GC(96) Using 1 Workers for Young Generation
[738.744s][info][gc,phases   ] GC(96) y: Young Generation
[738.744s][info][gc,phases   ] GC(96) y: Pause Mark Start 0.012ms
[738.891s][info][gc,phases   ] GC(96) y: Concurrent Mark 147.243ms
[738.891s][info][gc,phases   ] GC(96) y: Pause Mark End 0.009ms
[738.891s][info][gc,phases   ] GC(96) y: Concurrent Mark Free 0.000ms
[738.892s][info][gc,phases   ] GC(96) y: Concurrent Reset Relocation Set 0.073ms
[738.894s][info][gc,reloc    ] GC(96) y: Using tenuring threshold: 6 (Computed)
[738.907s][info][gc,phases   ] GC(96) y: Concurrent Select Relocation Set 15.147ms
[738.907s][info][gc,phases   ] GC(96) y: Pause Relocate Start 0.012ms
[739.002s][info][gc,phases   ] GC(96) y: Concurrent Relocate 95.550ms
[739.003s][info][gc,alloc    ] GC(96) y:                         Mark Start        Mark End      Relocate Start    Relocate End   
[739.003s][info][gc,alloc    ] GC(96) y: Allocation Stalls:          0                0                0                0         
[739.003s][info][gc,load     ] GC(96) y: Load: 0.00 (0%) / 0.00 (0%) / 0.00 (0%)
[739.003s][info][gc,mmu      ] GC(96) y: MMU: 2ms/76.4%, 5ms/90.6%, 10ms/95.3%, 20ms/97.6%, 50ms/99.1%, 100ms/99.5%
[739.003s][info][gc,marking  ] GC(96) y: Mark: 1 stripe(s), 2 proactive flush(es), 1 terminate flush(es), 0 completion(s), 0 continuation(s) 
[739.003s][info][gc,marking  ] GC(96) y: Mark Stack Usage: 32M
[739.003s][info][gc,nmethod  ] GC(96) y: NMethods: 6987 registered, 2596 unregistered
[739.003s][info][gc,metaspace] GC(96) y: Metaspace: 131M used, 132M committed, 1152M reserved
[739.003s][info][gc,reloc    ] GC(96) y:                        Candidates     Selected     In-Place         Size        Empty    Relocated 
[739.003s][info][gc,reloc    ] GC(96) y: Small Pages:                 3451         2050            0        6902M        2650M         114M 
[739.003s][info][gc,reloc    ] GC(96) y: Medium Pages:                   0            0            0           0M           0M           0M 
[739.003s][info][gc,reloc    ] GC(96) y: Large Pages:                    0            0            0           0M           0M           0M 
[739.003s][info][gc,reloc    ] GC(96) y: Forwarding Usage: 36M
[739.003s][info][gc,reloc    ] GC(96) y: Age Table:
[739.003s][info][gc,reloc    ] GC(96) y:                    Live             Garbage             Small              Medium             Large        
[739.003s][info][gc,reloc    ] GC(96) y: Eden             121M (1%)         6608M (81%)       3365 / 1985           0 / 0              0 / 0        
[739.003s][info][gc,reloc    ] GC(96) y: Survivor 1         2M (0%)           67M (1%)          35 / 25             0 / 0              0 / 0        
[739.003s][info][gc,reloc    ] GC(96) y: Survivor 2         6M (0%)           67M (1%)          37 / 28             0 / 0              0 / 0        
[739.003s][info][gc,reloc    ] GC(96) y: Survivor 3         0M (0%)           11M (0%)           6 / 5              0 / 0              0 / 0        
[739.003s][info][gc,reloc    ] GC(96) y: Survivor 4         0M (0%)            3M (0%)           2 / 1              0 / 0              0 / 0        
[739.003s][info][gc,reloc    ] GC(96) y: Survivor 5         0M (0%)            7M (0%)           4 / 4              0 / 0              0 / 0        
[739.003s][info][gc,reloc    ] GC(96) y: Survivor 6         0M (0%)            3M (0%)           2 / 2              0 / 0              0 / 0        
[739.003s][info][gc,heap     ] GC(96) y: Min Capacity: 8192M(100%)
[739.003s][info][gc,heap     ] GC(96) y: Max Capacity: 8192M(100%)
[739.003s][info][gc,heap     ] GC(96) y: Soft Max Capacity: 8192M(100%)
[739.003s][info][gc,heap     ] GC(96) y: Heap Statistics:
[739.003s][info][gc,heap     ] GC(96) y:                Mark Start          Mark End        Relocate Start      Relocate End           High               Low         
[739.003s][info][gc,heap     ] GC(96) y:  Capacity:     8192M (100%)       8192M (100%)       8192M (100%)       8192M (100%)       8192M (100%)       8192M (100%)   
[739.003s][info][gc,heap     ] GC(96) y:      Free:      754M (9%)          614M (7%)         3258M (40%)        7288M (89%)        7288M (89%)         614M (7%)     
[739.003s][info][gc,heap     ] GC(96) y:      Used:     7438M (91%)        7578M (93%)        4934M (60%)         904M (11%)        7578M (93%)         904M (11%)    
[739.003s][info][gc,heap     ] GC(96) y: Young Generation Statistics:
[739.003s][info][gc,heap     ] GC(96) y:                Mark Start          Mark End        Relocate Start      Relocate End    
[739.003s][info][gc,heap     ] GC(96) y:      Used:     6902M (84%)        7042M (86%)        4398M (54%)         366M (4%)     
[739.003s][info][gc,heap     ] GC(96) y:      Live:         -               131M (2%)          131M (2%)          131M (2%)     
[739.003s][info][gc,heap     ] GC(96) y:   Garbage:         -              6770M (83%)        4120M (50%)           1M (0%)     
[739.003s][info][gc,heap     ] GC(96) y: Allocated:         -               140M (2%)          146M (2%)          233M (3%)     
[739.003s][info][gc,heap     ] GC(96) y: Reclaimed:         -                  -              2650M (32%)        6768M (83%)    
[739.003s][info][gc,heap     ] GC(96) y:  Promoted:         -                  -                 0M (0%)            0M (0%)     
[739.003s][info][gc,heap     ] GC(96) y: Compacted:         -                  -                  -               128M (2%)     
[739.003s][info][gc,phases   ] GC(96) y: Young Generation 7438M(91%)->904M(11%) 0.259s
[739.003s][info][gc          ] GC(96) Minor Collection (Allocation Rate) 7438M(91%)->904M(11%) 0.259s
[746.952s][info][gc          ] GC(97) Minor Collection (Allocation Rate)
[746.952s][info][gc,task     ] GC(97) Using 1 Workers for Young Generation
[746.952s][info][gc,phases   ] GC(97) y: Young Generation
[746.952s][info][gc,phases   ] GC(97) y: Pause Mark Start 0.013ms
[747.042s][info][gc,phases   ] GC(97) y: Concurrent Mark 90.246ms
[747.043s][info][gc,phases   ] GC(97) y: Pause Mark End 0.010ms
[747.043s][info][gc,phases   ] GC(97) y: Concurrent Mark Free 0.000ms
[747.043s][info][gc,phases   ] GC(97) y: Concurrent Reset Relocation Set 0.225ms
[747.046s][info][gc,reloc    ] GC(97) y: Using tenuring threshold: 1 (Computed)
[747.050s][info][gc,phases   ] GC(97) y: Concurrent Select Relocation Set 7.172ms
[747.050s][info][gc,phases   ] GC(97) y: Pause Relocate Start 0.008ms
[747.099s][info][gc,phases   ] GC(97) y: Concurrent Relocate 49.224ms
[747.100s][info][gc,alloc    ] GC(97) y:                         Mark Start        Mark End      Relocate Start    Relocate End   
[747.100s][info][gc,alloc    ] GC(97) y: Allocation Stalls:          0                0                0                0         
[747.100s][info][gc,load     ] GC(97) y: Load: 0.00 (0%) / 0.00 (0%) / 0.00 (0%)
[747.100s][info][gc,mmu      ] GC(97) y: MMU: 2ms/76.4%, 5ms/90.6%, 10ms/95.3%, 20ms/97.6%, 50ms/99.1%, 100ms/99.5%
[747.100s][info][gc,marking  ] GC(97) y: Mark: 1 stripe(s), 2 proactive flush(es), 1 terminate flush(es), 0 completion(s), 0 continuation(s) 
[747.100s][info][gc,marking  ] GC(97) y: Mark Stack Usage: 32M
[747.100s][info][gc,nmethod  ] GC(97) y: NMethods: 6998 registered, 2596 unregistered
[747.100s][info][gc,metaspace] GC(97) y: Metaspace: 131M used, 132M committed, 1152M reserved
[747.100s][info][gc,reloc    ] GC(97) y:                        Candidates     Selected     In-Place         Size        Empty    Relocated 
[747.100s][info][gc,reloc    ] GC(97) y: Small Pages:                 3476         1406            0        6952M        4064M          50M 
[747.100s][info][gc,reloc    ] GC(97) y: Medium Pages:                   0            0            0           0M           0M           0M 
[747.100s][info][gc,reloc    ] GC(97) y: Large Pages:                    0            0            0           0M           0M           0M 
[747.100s][info][gc,reloc    ] GC(97) y: Forwarding Usage: 20M
[747.100s][info][gc,reloc    ] GC(97) y: Age Table:
[747.100s][info][gc,reloc    ] GC(97) y:                    Live             Garbage             Small              Medium             Large        
[747.100s][info][gc,reloc    ] GC(97) y: Eden              63M (1%)         6710M (82%)       3387 / 1331           0 / 0              0 / 0        
[747.100s][info][gc,reloc    ] GC(97) y: Survivor 1         0M (0%)          131M (2%)          66 / 55             0 / 0              0 / 0        
[747.100s][info][gc,reloc    ] GC(97) y: Survivor 2         0M (0%)            5M (0%)           3 / 2              0 / 0              0 / 0        
[747.100s][info][gc,reloc    ] GC(97) y: Survivor 3         0M (0%)           21M (0%)          11 / 11             0 / 0              0 / 0        
[747.100s][info][gc,reloc    ] GC(97) y: Survivor 4         0M (0%)            7M (0%)           4 / 2              0 / 0              0 / 0        
[747.100s][info][gc,reloc    ] GC(97) y: Survivor 5         0M (0%)            3M (0%)           2 / 2              0 / 0              0 / 0        
[747.100s][info][gc,reloc    ] GC(97) y: Survivor 6         0M (0%)            5M (0%)           3 / 3              0 / 0              0 / 0        
[747.100s][info][gc,heap     ] GC(97) y: Min Capacity: 8192M(100%)
[747.100s][info][gc,heap     ] GC(97) y: Max Capacity: 8192M(100%)
[747.100s][info][gc,heap     ] GC(97) y: Soft Max Capacity: 8192M(100%)
[747.100s][info][gc,heap     ] GC(97) y: Heap Statistics:
[747.100s][info][gc,heap     ] GC(97) y:                Mark Start          Mark End        Relocate Start      Relocate End           High               Low         
[747.100s][info][gc,heap     ] GC(97) y:  Capacity:     8192M (100%)       8192M (100%)       8192M (100%)       8192M (100%)       8192M (100%)       8192M (100%)   
[747.100s][info][gc,heap     ] GC(97) y:      Free:      702M (9%)          620M (8%)         4680M (57%)        7466M (91%)        7466M (91%)         620M (8%)     
[747.100s][info][gc,heap     ] GC(97) y:      Used:     7490M (91%)        7572M (92%)        3512M (43%)         726M (9%)         7572M (92%)         726M (9%)     
[747.100s][info][gc,heap     ] GC(97) y: Young Generation Statistics:
[747.100s][info][gc,heap     ] GC(97) y:                Mark Start          Mark End        Relocate Start      Relocate End    
[747.100s][info][gc,heap     ] GC(97) y:      Used:     6952M (85%)        7034M (86%)        2974M (36%)         184M (2%)     
[747.100s][info][gc,heap     ] GC(97) y:      Live:         -                65M (1%)           65M (1%)           63M (1%)     
[747.100s][info][gc,heap     ] GC(97) y:   Garbage:         -              6886M (84%)        2822M (34%)           2M (0%)     
[747.100s][info][gc,heap     ] GC(97) y: Allocated:         -                82M (1%)           86M (1%)          118M (1%)     
[747.100s][info][gc,heap     ] GC(97) y: Reclaimed:         -                  -              4064M (50%)        6884M (84%)    
[747.100s][info][gc,heap     ] GC(97) y:  Promoted:         -                  -                 0M (0%)            1M (0%)     
[747.100s][info][gc,heap     ] GC(97) y: Compacted:         -                  -                  -                57M (1%)     
[747.100s][info][gc,phases   ] GC(97) y: Young Generation 7490M(91%)->726M(9%) 0.147s
[747.100s][info][gc          ] GC(97) Minor Collection (Allocation Rate) 7490M(91%)->726M(9%) 0.148s
[756.307s][info][gc          ] GC(98) Minor Collection (Allocation Rate)
[756.307s][info][gc,task     ] GC(98) Using 1 Workers for Young Generation
[756.307s][info][gc,phases   ] GC(98) y: Young Generation
[756.307s][info][gc,phases   ] GC(98) y: Pause Mark Start 0.013ms
[756.463s][info][gc,phases   ] GC(98) y: Concurrent Mark 156.082ms
[756.463s][info][gc,phases   ] GC(98) y: Pause Mark End 0.009ms
[756.463s][info][gc,phases   ] GC(98) y: Concurrent Mark Free 0.000ms
[756.463s][info][gc,phases   ] GC(98) y: Concurrent Reset Relocation Set 0.100ms
[756.465s][info][gc,reloc    ] GC(98) y: Using tenuring threshold: 2 (Computed)
[756.479s][info][gc,phases   ] GC(98) y: Concurrent Select Relocation Set 15.434ms
[756.479s][info][gc,phases   ] GC(98) y: Pause Relocate Start 0.008ms
[756.577s][info][gc,phases   ] GC(98) y: Concurrent Relocate 98.618ms
[756.577s][info][gc,alloc    ] GC(98) y:                         Mark Start        Mark End      Relocate Start    Relocate End   
[756.577s][info][gc,alloc    ] GC(98) y: Allocation Stalls:          0                0                0                0         
[756.577s][info][gc,load     ] GC(98) y: Load: 0.00 (0%) / 0.00 (0%) / 0.00 (0%)
[756.577s][info][gc,mmu      ] GC(98) y: MMU: 2ms/76.4%, 5ms/90.6%, 10ms/95.3%, 20ms/97.6%, 50ms/99.1%, 100ms/99.5%
[756.577s][info][gc,marking  ] GC(98) y: Mark: 1 stripe(s), 2 proactive flush(es), 1 terminate flush(es), 0 completion(s), 0 continuation(s) 
[756.577s][info][gc,marking  ] GC(98) y: Mark Stack Usage: 32M
[756.577s][info][gc,nmethod  ] GC(98) y: NMethods: 7004 registered, 2596 unregistered
[756.578s][info][gc,metaspace] GC(98) y: Metaspace: 131M used, 132M committed, 1152M reserved
[756.578s][info][gc,reloc    ] GC(98) y:                        Candidates     Selected     In-Place         Size        Empty    Relocated 
[756.578s][info][gc,reloc    ] GC(98) y: Small Pages:                 3480         2194            0        6960M        2430M         108M 
[756.578s][info][gc,reloc    ] GC(98) y: Medium Pages:                   0            0            0           0M           0M           0M 
[756.578s][info][gc,reloc    ] GC(98) y: Large Pages:                    0            0            0           0M           0M           0M 
[756.578s][info][gc,reloc    ] GC(98) y: Forwarding Usage: 37M
[756.578s][info][gc,reloc    ] GC(98) y: Age Table:
[756.578s][info][gc,reloc    ] GC(98) y:                    Live             Garbage             Small              Medium             Large        
[756.578s][info][gc,reloc    ] GC(98) y: Eden             118M (1%)         6769M (83%)       3444 / 2162           0 / 0              0 / 0        
[756.578s][info][gc,reloc    ] GC(98) y: Survivor 1         5M (0%)           66M (1%)          36 / 32             0 / 0              0 / 0        
[756.578s][info][gc,heap     ] GC(98) y: Min Capacity: 8192M(100%)
[756.578s][info][gc,heap     ] GC(98) y: Max Capacity: 8192M(100%)
[756.578s][info][gc,heap     ] GC(98) y: Soft Max Capacity: 8192M(100%)
[756.578s][info][gc,heap     ] GC(98) y: Heap Statistics:
[756.578s][info][gc,heap     ] GC(98) y:                Mark Start          Mark End        Relocate Start      Relocate End           High               Low         
[756.578s][info][gc,heap     ] GC(98) y:  Capacity:     8192M (100%)       8192M (100%)       8192M (100%)       8192M (100%)       8192M (100%)       8192M (100%)   
[756.578s][info][gc,heap     ] GC(98) y:      Free:      690M (8%)          518M (6%)         2936M (36%)        7256M (89%)        7256M (89%)         518M (6%)     
[756.578s][info][gc,heap     ] GC(98) y:      Used:     7502M (92%)        7674M (94%)        5256M (64%)         936M (11%)        7674M (94%)         936M (11%)    
[756.578s][info][gc,heap     ] GC(98) y: Young Generation Statistics:
[756.578s][info][gc,heap     ] GC(98) y:                Mark Start          Mark End        Relocate Start      Relocate End    
[756.578s][info][gc,heap     ] GC(98) y:      Used:     6960M (85%)        7132M (87%)        4714M (58%)         394M (5%)     
[756.578s][info][gc,heap     ] GC(98) y:      Live:         -               123M (2%)          123M (2%)          123M (2%)     
[756.578s][info][gc,heap     ] GC(98) y:   Garbage:         -              6836M (83%)        4406M (54%)           0M (0%)     
[756.578s][info][gc,heap     ] GC(98) y: Allocated:         -               172M (2%)          184M (2%)          269M (3%)     
[756.578s][info][gc,heap     ] GC(98) y: Reclaimed:         -                  -              2430M (30%)        6835M (83%)    
[756.578s][info][gc,heap     ] GC(98) y:  Promoted:         -                  -                 0M (0%)            0M (0%)     
[756.578s][info][gc,heap     ] GC(98) y: Compacted:         -                  -                  -               122M (1%)     
[756.578s][info][gc,phases   ] GC(98) y: Young Generation 7502M(92%)->936M(11%) 0.271s
[756.578s][info][gc          ] GC(98) Minor Collection (Allocation Rate) 7502M(92%)->936M(11%) 0.271s
[762.348s][info][gc          ] GC(99) Minor Collection (Allocation Rate)
[762.348s][info][gc,task     ] GC(99) Using 1 Workers for Young Generation
[762.348s][info][gc,phases   ] GC(99) y: Young Generation
[762.348s][info][gc,phases   ] GC(99) y: Pause Mark Start 0.013ms
[762.522s][info][gc,phases   ] GC(99) y: Concurrent Mark 174.049ms
[762.522s][info][gc,phases   ] GC(99) y: Pause Mark End 0.008ms
[762.522s][info][gc,phases   ] GC(99) y: Concurrent Mark Free 0.000ms
[762.522s][info][gc,phases   ] GC(99) y: Concurrent Reset Relocation Set 0.183ms
[762.525s][info][gc,reloc    ] GC(99) y: Using tenuring threshold: 3 (Computed)
[762.543s][info][gc,phases   ] GC(99) y: Concurrent Select Relocation Set 20.508ms
[762.543s][info][gc,phases   ] GC(99) y: Pause Relocate Start 0.014ms
[762.660s][info][gc,phases   ] GC(99) y: Concurrent Relocate 117.272ms
[762.661s][info][gc,alloc    ] GC(99) y:                         Mark Start        Mark End      Relocate Start    Relocate End   
[762.661s][info][gc,alloc    ] GC(99) y: Allocation Stalls:          0                0                0                0         
[762.661s][info][gc,load     ] GC(99) y: Load: 0.00 (0%) / 0.00 (0%) / 0.00 (0%)
[762.661s][info][gc,mmu      ] GC(99) y: MMU: 2ms/76.4%, 5ms/90.6%, 10ms/95.3%, 20ms/97.6%, 50ms/99.1%, 100ms/99.5%
[762.661s][info][gc,marking  ] GC(99) y: Mark: 1 stripe(s), 2 proactive flush(es), 1 terminate flush(es), 0 completion(s), 0 continuation(s) 
[762.661s][info][gc,marking  ] GC(99) y: Mark Stack Usage: 32M
[762.661s][info][gc,nmethod  ] GC(99) y: NMethods: 7014 registered, 2596 unregistered
[762.661s][info][gc,metaspace] GC(99) y: Metaspace: 131M used, 132M committed, 1152M reserved
[762.661s][info][gc,reloc    ] GC(99) y:                        Candidates     Selected     In-Place         Size        Empty    Relocated 
[762.661s][info][gc,reloc    ] GC(99) y: Small Pages:                 3210         2010            0        6420M        2234M         121M 
[762.661s][info][gc,reloc    ] GC(99) y: Medium Pages:                   0            0            0           0M           0M           0M 
[762.661s][info][gc,reloc    ] GC(99) y: Large Pages:                    0            0            0           0M           0M           0M 
[762.661s][info][gc,reloc    ] GC(99) y: Forwarding Usage: 42M
[762.661s][info][gc,reloc    ] GC(99) y: Age Table:
[762.661s][info][gc,reloc    ] GC(99) y:                    Live             Garbage             Small              Medium             Large        
[762.661s][info][gc,reloc    ] GC(99) y: Eden             133M (2%)         6144M (75%)       3139 / 1942           0 / 0              0 / 0        
[762.661s][info][gc,reloc    ] GC(99) y: Survivor 1         8M (0%)          117M (1%)          63 / 60             0 / 0              0 / 0        
[762.661s][info][gc,reloc    ] GC(99) y: Survivor 2         1M (0%)           14M (0%)           8 / 8              0 / 0              0 / 0        
[762.661s][info][gc,heap     ] GC(99) y: Min Capacity: 8192M(100%)
[762.661s][info][gc,heap     ] GC(99) y: Max Capacity: 8192M(100%)
[762.661s][info][gc,heap     ] GC(99) y: Soft Max Capacity: 8192M(100%)
[762.661s][info][gc,heap     ] GC(99) y: Heap Statistics:
[762.661s][info][gc,heap     ] GC(99) y:                Mark Start          Mark End        Relocate Start      Relocate End           High               Low         
[762.661s][info][gc,heap     ] GC(99) y:  Capacity:     8192M (100%)       8192M (100%)       8192M (100%)       8192M (100%)       8192M (100%)       8192M (100%)   
[762.661s][info][gc,heap     ] GC(99) y:      Free:     1230M (15%)        1014M (12%)        3226M (39%)        7142M (87%)        7152M (87%)        1014M (12%)    
[762.661s][info][gc,heap     ] GC(99) y:      Used:     6962M (85%)        7178M (88%)        4966M (61%)        1050M (13%)        7178M (88%)        1040M (13%)    
[762.661s][info][gc,heap     ] GC(99) y: Young Generation Statistics:
[762.661s][info][gc,heap     ] GC(99) y:                Mark Start          Mark End        Relocate Start      Relocate End    
[762.661s][info][gc,heap     ] GC(99) y:      Used:     6420M (78%)        6636M (81%)        4424M (54%)         508M (6%)     
[762.661s][info][gc,heap     ] GC(99) y:      Live:         -               143M (2%)          143M (2%)          143M (2%)     
[762.661s][info][gc,heap     ] GC(99) y:   Garbage:         -              6276M (77%)        4042M (49%)           1M (0%)     
[762.661s][info][gc,heap     ] GC(99) y: Allocated:         -               216M (3%)          238M (3%)          362M (4%)     
[762.661s][info][gc,heap     ] GC(99) y: Reclaimed:         -                  -              2234M (27%)        6274M (77%)    
[762.661s][info][gc,heap     ] GC(99) y:  Promoted:         -                  -                 0M (0%)            0M (0%)     
[762.661s][info][gc,heap     ] GC(99) y: Compacted:         -                  -                  -               139M (2%)     
[762.661s][info][gc,phases   ] GC(99) y: Young Generation 6962M(85%)->1050M(13%) 0.313s
[762.661s][info][gc          ] GC(99) Minor Collection (Allocation Rate) 6962M(85%)->1050M(13%) 0.313s
[771.157s][info][gc          ] GC(100) Minor Collection (Allocation Rate)
[771.158s][info][gc,task     ] GC(100) Using 1 Workers for Young Generation
[771.158s][info][gc,phases   ] GC(100) y: Young Generation
[771.158s][info][gc,phases   ] GC(100) y: Pause Mark Start 0.013ms
[771.252s][info][gc,phases   ] GC(100) y: Concurrent Mark 94.454ms
[771.252s][info][gc,phases   ] GC(100) y: Pause Mark End 0.009ms
[771.252s][info][gc,phases   ] GC(100) y: Concurrent Mark Free 0.000ms
[771.252s][info][gc,phases   ] GC(100) y: Concurrent Reset Relocation Set 0.176ms
[771.255s][info][gc,reloc    ] GC(100) y: Using tenuring threshold: 4 (Computed)
[771.258s][info][gc,phases   ] GC(100) y: Concurrent Select Relocation Set 5.989ms
[771.258s][info][gc,phases   ] GC(100) y: Pause Relocate Start 0.008ms
[771.308s][info][gc,phases   ] GC(100) y: Concurrent Relocate 49.728ms
[771.308s][info][gc,alloc    ] GC(100) y:                         Mark Start        Mark End      Relocate Start    Relocate End   
[771.308s][info][gc,alloc    ] GC(100) y: Allocation Stalls:          0                0                0                0         
[771.308s][info][gc,load     ] GC(100) y: Load: 0.00 (0%) / 0.00 (0%) / 0.00 (0%)
[771.308s][info][gc,mmu      ] GC(100) y: MMU: 2ms/76.4%, 5ms/90.6%, 10ms/95.3%, 20ms/97.6%, 50ms/99.1%, 100ms/99.5%
[771.308s][info][gc,marking  ] GC(100) y: Mark: 1 stripe(s), 2 proactive flush(es), 1 terminate flush(es), 0 completion(s), 0 continuation(s) 
[771.308s][info][gc,marking  ] GC(100) y: Mark Stack Usage: 32M
[771.308s][info][gc,nmethod  ] GC(100) y: NMethods: 7039 registered, 2596 unregistered
[771.308s][info][gc,metaspace] GC(100) y: Metaspace: 131M used, 132M committed, 1152M reserved
[771.308s][info][gc,reloc    ] GC(100) y:                        Candidates     Selected     In-Place         Size        Empty    Relocated 
[771.308s][info][gc,reloc    ] GC(100) y: Small Pages:                 3248         1492            0        6496M        3438M          53M 
[771.308s][info][gc,reloc    ] GC(100) y: Medium Pages:                   0            0            0           0M           0M           0M 
[771.308s][info][gc,reloc    ] GC(100) y: Large Pages:                    0            0            0           0M           0M           0M 
[771.308s][info][gc,reloc    ] GC(100) y: Forwarding Usage: 20M
[771.308s][info][gc,reloc    ] GC(100) y: Age Table:
[771.308s][info][gc,reloc    ] GC(100) y:                    Live             Garbage             Small              Medium             Large        
[771.308s][info][gc,reloc    ] GC(100) y: Eden              62M (1%)         6259M (76%)       3161 / 1419           0 / 0              0 / 0        
[771.308s][info][gc,reloc    ] GC(100) y: Survivor 1         0M (0%)          145M (2%)          73 / 62             0 / 0              0 / 0        
[771.308s][info][gc,reloc    ] GC(100) y: Survivor 2         0M (0%)           17M (0%)           9 / 8              0 / 0              0 / 0        
[771.308s][info][gc,reloc    ] GC(100) y: Survivor 3         0M (0%)            9M (0%)           5 / 3              0 / 0              0 / 0        
[771.308s][info][gc,heap     ] GC(100) y: Min Capacity: 8192M(100%)
[771.308s][info][gc,heap     ] GC(100) y: Max Capacity: 8192M(100%)
[771.308s][info][gc,heap     ] GC(100) y: Soft Max Capacity: 8192M(100%)
[771.308s][info][gc,heap     ] GC(100) y: Heap Statistics:
[771.308s][info][gc,heap     ] GC(100) y:                Mark Start          Mark End        Relocate Start      Relocate End           High               Low         
[771.309s][info][gc,heap     ] GC(100) y:  Capacity:     8192M (100%)       8192M (100%)       8192M (100%)       8192M (100%)       8192M (100%)       8192M (100%)   
[771.309s][info][gc,heap     ] GC(100) y:      Free:     1154M (14%)        1082M (13%)        4518M (55%)        7458M (91%)        7458M (91%)        1082M (13%)    
[771.309s][info][gc,heap     ] GC(100) y:      Used:     7038M (86%)        7110M (87%)        3674M (45%)         734M (9%)         7110M (87%)         734M (9%)     
[771.309s][info][gc,heap     ] GC(100) y: Young Generation Statistics:
[771.309s][info][gc,heap     ] GC(100) y:                Mark Start          Mark End        Relocate Start      Relocate End    
[771.309s][info][gc,heap     ] GC(100) y:      Used:     6496M (79%)        6568M (80%)        3132M (38%)         192M (2%)     
[771.309s][info][gc,heap     ] GC(100) y:      Live:         -                64M (1%)           64M (1%)           64M (1%)     
[771.309s][info][gc,heap     ] GC(100) y:   Garbage:         -              6431M (79%)        2993M (37%)           0M (0%)     
[771.309s][info][gc,heap     ] GC(100) y: Allocated:         -                72M (1%)           74M (1%)          127M (2%)     
[771.309s][info][gc,heap     ] GC(100) y: Reclaimed:         -                  -              3438M (42%)        6431M (79%)    
[771.309s][info][gc,heap     ] GC(100) y:  Promoted:         -                  -                 0M (0%)            0M (0%)     
[771.309s][info][gc,heap     ] GC(100) y: Compacted:         -                  -                  -                62M (1%)     
[771.309s][info][gc,phases   ] GC(100) y: Young Generation 7038M(86%)->734M(9%) 0.151s
[771.309s][info][gc          ] GC(100) Minor Collection (Allocation Rate) 7038M(86%)->734M(9%) 0.151s
[778.841s][info][gc          ] GC(101) Minor Collection (Allocation Rate)
[778.841s][info][gc,task     ] GC(101) Using 1 Workers for Young Generation
[778.841s][info][gc,phases   ] GC(101) y: Young Generation
[778.841s][info][gc,phases   ] GC(101) y: Pause Mark Start 0.013ms
[778.978s][info][gc,phases   ] GC(101) y: Concurrent Mark 136.901ms
[778.978s][info][gc,phases   ] GC(101) y: Pause Mark End 0.009ms
[778.978s][info][gc,phases   ] GC(101) y: Concurrent Mark Free 0.000ms
[778.978s][info][gc,phases   ] GC(101) y: Concurrent Reset Relocation Set 0.113ms
[778.980s][info][gc,reloc    ] GC(101) y: Using tenuring threshold: 5 (Computed)
[778.993s][info][gc,phases   ] GC(101) y: Concurrent Select Relocation Set 14.242ms
[778.993s][info][gc,phases   ] GC(101) y: Pause Relocate Start 0.011ms
[779.075s][info][gc,phases   ] GC(101) y: Concurrent Relocate 82.552ms
[779.076s][info][gc,alloc    ] GC(101) y:                         Mark Start        Mark End      Relocate Start    Relocate End   
[779.076s][info][gc,alloc    ] GC(101) y: Allocation Stalls:          0                0                0                0         
[779.076s][info][gc,load     ] GC(101) y: Load: 0.00 (0%) / 0.00 (0%) / 0.00 (0%)
[779.076s][info][gc,mmu      ] GC(101) y: MMU: 2ms/76.4%, 5ms/90.6%, 10ms/95.3%, 20ms/97.6%, 50ms/99.1%, 100ms/99.5%
[779.076s][info][gc,marking  ] GC(101) y: Mark: 1 stripe(s), 2 proactive flush(es), 1 terminate flush(es), 0 completion(s), 0 continuation(s) 
[779.076s][info][gc,marking  ] GC(101) y: Mark Stack Usage: 32M
[779.076s][info][gc,nmethod  ] GC(101) y: NMethods: 7085 registered, 2596 unregistered
[779.076s][info][gc,metaspace] GC(101) y: Metaspace: 131M used, 132M committed, 1152M reserved
[779.076s][info][gc,reloc    ] GC(101) y:                        Candidates     Selected     In-Place         Size        Empty    Relocated 
[779.076s][info][gc,reloc    ] GC(101) y: Small Pages:                 3391         2230            0        6782M        2190M         100M 
[779.076s][info][gc,reloc    ] GC(101) y: Medium Pages:                   0            0            0           0M           0M           0M 
[779.076s][info][gc,reloc    ] GC(101) y: Large Pages:                    0            0            0           0M           0M           0M 
[779.076s][info][gc,reloc    ] GC(101) y: Forwarding Usage: 30M
[779.076s][info][gc,reloc    ] GC(101) y: Age Table:
[779.076s][info][gc,reloc    ] GC(101) y:                    Live             Garbage             Small              Medium             Large        
[779.076s][info][gc,reloc    ] GC(101) y: Eden             108M (1%)         6587M (80%)       3348 / 2193           0 / 0              0 / 0        
[779.076s][info][gc,reloc    ] GC(101) y: Survivor 1         4M (0%)           63M (1%)          34 / 32             0 / 0              0 / 0        
[779.076s][info][gc,reloc    ] GC(101) y: Survivor 2         0M (0%)            7M (0%)           4 / 3              0 / 0              0 / 0        
[779.076s][info][gc,reloc    ] GC(101) y: Survivor 3         0M (0%)            1M (0%)           1 / 1              0 / 0              0 / 0        
[779.076s][info][gc,reloc    ] GC(101) y: Survivor 4         0M (0%)            7M (0%)           4 / 1              0 / 0              0 / 0        
[779.076s][info][gc,heap     ] GC(101) y: Min Capacity: 8192M(100%)
[779.076s][info][gc,heap     ] GC(101) y: Max Capacity: 8192M(100%)
[779.076s][info][gc,heap     ] GC(101) y: Soft Max Capacity: 8192M(100%)
[779.076s][info][gc,heap     ] GC(101) y: Heap Statistics:
[779.076s][info][gc,heap     ] GC(101) y:                Mark Start          Mark End        Relocate Start      Relocate End           High               Low         
[779.076s][info][gc,heap     ] GC(101) y:  Capacity:     8192M (100%)       8192M (100%)       8192M (100%)       8192M (100%)       8192M (100%)       8192M (100%)   
[779.076s][info][gc,heap     ] GC(101) y:      Free:      868M (11%)         682M (8%)         2850M (35%)        7234M (88%)        7234M (88%)         682M (8%)     
[779.076s][info][gc,heap     ] GC(101) y:      Used:     7324M (89%)        7510M (92%)        5342M (65%)         958M (12%)        7510M (92%)         958M (12%)    
[779.076s][info][gc,heap     ] GC(101) y: Young Generation Statistics:
[779.076s][info][gc,heap     ] GC(101) y:                Mark Start          Mark End        Relocate Start      Relocate End    
[779.076s][info][gc,heap     ] GC(101) y:      Used:     6782M (83%)        6968M (85%)        4800M (59%)         416M (5%)     
[779.076s][info][gc,heap     ] GC(101) y:      Live:         -               114M (1%)          114M (1%)          114M (1%)     
[779.076s][info][gc,heap     ] GC(101) y:   Garbage:         -              6667M (81%)        4477M (55%)           0M (0%)     
[779.076s][info][gc,heap     ] GC(101) y: Allocated:         -               186M (2%)          208M (3%)          301M (4%)     
[779.076s][info][gc,heap     ] GC(101) y: Reclaimed:         -                  -              2190M (27%)        6667M (81%)    
[779.076s][info][gc,heap     ] GC(101) y:  Promoted:         -                  -                 0M (0%)            0M (0%)     
[779.076s][info][gc,heap     ] GC(101) y: Compacted:         -                  -                  -               112M (1%)     
[779.076s][info][gc,phases   ] GC(101) y: Young Generation 7324M(89%)->958M(12%) 0.234s
[779.076s][info][gc          ] GC(101) Minor Collection (Allocation Rate) 7324M(89%)->958M(12%) 0.235s
[785.478s][info][gc          ] GC(102) Minor Collection (Allocation Rate)
[785.478s][info][gc,task     ] GC(102) Using 1 Workers for Young Generation
[785.478s][info][gc,phases   ] GC(102) y: Young Generation
[785.478s][info][gc,phases   ] GC(102) y: Pause Mark Start 0.013ms
[785.642s][info][gc,phases   ] GC(102) y: Concurrent Mark 163.017ms
[785.642s][info][gc,phases   ] GC(102) y: Pause Mark End 0.013ms
[785.642s][info][gc,phases   ] GC(102) y: Concurrent Mark Free 0.001ms
[785.642s][info][gc,phases   ] GC(102) y: Concurrent Reset Relocation Set 0.407ms
[785.646s][info][gc,reloc    ] GC(102) y: Using tenuring threshold: 6 (Computed)
[785.666s][info][gc,phases   ] GC(102) y: Concurrent Select Relocation Set 23.348ms
[785.666s][info][gc,phases   ] GC(102) y: Pause Relocate Start 0.009ms
[785.771s][info][gc,phases   ] GC(102) y: Concurrent Relocate 105.379ms
[785.771s][info][gc,alloc    ] GC(102) y:                         Mark Start        Mark End      Relocate Start    Relocate End   
[785.771s][info][gc,alloc    ] GC(102) y: Allocation Stalls:          0                0                0                0         
[785.771s][info][gc,load     ] GC(102) y: Load: 0.00 (0%) / 0.00 (0%) / 0.00 (0%)
[785.771s][info][gc,mmu      ] GC(102) y: MMU: 2ms/76.4%, 5ms/90.6%, 10ms/95.3%, 20ms/97.6%, 50ms/99.1%, 100ms/99.5%
[785.771s][info][gc,marking  ] GC(102) y: Mark: 1 stripe(s), 2 proactive flush(es), 1 terminate flush(es), 0 completion(s), 0 continuation(s) 
[785.771s][info][gc,marking  ] GC(102) y: Mark Stack Usage: 32M
[785.771s][info][gc,nmethod  ] GC(102) y: NMethods: 7113 registered, 2596 unregistered
[785.771s][info][gc,metaspace] GC(102) y: Metaspace: 131M used, 132M committed, 1152M reserved
[785.771s][info][gc,reloc    ] GC(102) y:                        Candidates     Selected     In-Place         Size        Empty    Relocated 
[785.771s][info][gc,reloc    ] GC(102) y: Small Pages:                 3391         2154            0        6782M        2320M         116M 
[785.771s][info][gc,reloc    ] GC(102) y: Medium Pages:                   0            0            0           0M           0M           0M 
[785.771s][info][gc,reloc    ] GC(102) y: Large Pages:                    0            0            0           0M           0M           0M 
[785.771s][info][gc,reloc    ] GC(102) y: Forwarding Usage: 40M
[785.771s][info][gc,reloc    ] GC(102) y: Age Table:
[785.771s][info][gc,reloc    ] GC(102) y:                    Live             Garbage             Small              Medium             Large        
[785.771s][info][gc,reloc    ] GC(102) y: Eden             125M (2%)         6504M (79%)       3315 / 2083           0 / 0              0 / 0        
[785.771s][info][gc,reloc    ] GC(102) y: Survivor 1         6M (0%)          109M (1%)          58 / 55             0 / 0              0 / 0        
[785.771s][info][gc,reloc    ] GC(102) y: Survivor 2         1M (0%)           14M (0%)           8 / 7              0 / 0              0 / 0        
[785.771s][info][gc,reloc    ] GC(102) y: Survivor 3         0M (0%)            7M (0%)           4 / 4              0 / 0              0 / 0        
[785.771s][info][gc,reloc    ] GC(102) y: Survivor 4         0M (0%)            5M (0%)           3 / 3              0 / 0              0 / 0        
[785.771s][info][gc,reloc    ] GC(102) y: Survivor 5         0M (0%)            5M (0%)           3 / 2              0 / 0              0 / 0        
[785.771s][info][gc,heap     ] GC(102) y: Min Capacity: 8192M(100%)
[785.771s][info][gc,heap     ] GC(102) y: Max Capacity: 8192M(100%)
[785.771s][info][gc,heap     ] GC(102) y: Soft Max Capacity: 8192M(100%)
[785.771s][info][gc,heap     ] GC(102) y: Heap Statistics:
[785.771s][info][gc,heap     ] GC(102) y:                Mark Start          Mark End        Relocate Start      Relocate End           High               Low         
[785.771s][info][gc,heap     ] GC(102) y:  Capacity:     8192M (100%)       8192M (100%)       8192M (100%)       8192M (100%)       8192M (100%)       8192M (100%)   
[785.771s][info][gc,heap     ] GC(102) y:      Free:      868M (11%)         722M (9%)         3028M (37%)        7248M (88%)        7248M (88%)         722M (9%)     
[785.771s][info][gc,heap     ] GC(102) y:      Used:     7324M (89%)        7470M (91%)        5164M (63%)         944M (12%)        7470M (91%)         944M (12%)    
[785.771s][info][gc,heap     ] GC(102) y: Young Generation Statistics:
[785.771s][info][gc,heap     ] GC(102) y:                Mark Start          Mark End        Relocate Start      Relocate End    
[785.771s][info][gc,heap     ] GC(102) y:      Used:     6782M (83%)        6928M (85%)        4622M (56%)         402M (5%)     
[785.771s][info][gc,heap     ] GC(102) y:      Live:         -               134M (2%)          134M (2%)          134M (2%)     
[785.771s][info][gc,heap     ] GC(102) y:   Garbage:         -              6647M (81%)        4327M (53%)           0M (0%)     
[785.771s][info][gc,heap     ] GC(102) y: Allocated:         -               146M (2%)          160M (2%)          267M (3%)     
[785.771s][info][gc,heap     ] GC(102) y: Reclaimed:         -                  -              2320M (28%)        6647M (81%)    
[785.771s][info][gc,heap     ] GC(102) y:  Promoted:         -                  -                 0M (0%)            0M (0%)     
[785.772s][info][gc,heap     ] GC(102) y: Compacted:         -                  -                  -               134M (2%)     
[785.772s][info][gc,phases   ] GC(102) y: Young Generation 7324M(89%)->944M(12%) 0.293s
[785.772s][info][gc          ] GC(102) Minor Collection (Allocation Rate) 7324M(89%)->944M(12%) 0.293s
[792.923s][info][gc          ] GC(103) Minor Collection (Allocation Rate)
[792.923s][info][gc,task     ] GC(103) Using 1 Workers for Young Generation
[792.923s][info][gc,phases   ] GC(103) y: Young Generation
[792.923s][info][gc,phases   ] GC(103) y: Pause Mark Start 0.013ms
[793.032s][info][gc,phases   ] GC(103) y: Concurrent Mark 108.735ms
[793.032s][info][gc,phases   ] GC(103) y: Pause Mark End 0.008ms
[793.032s][info][gc,phases   ] GC(103) y: Concurrent Mark Free 0.000ms
[793.032s][info][gc,phases   ] GC(103) y: Concurrent Reset Relocation Set 0.193ms
[793.034s][info][gc,reloc    ] GC(103) y: Using tenuring threshold: 3 (Computed)
[793.039s][info][gc,phases   ] GC(103) y: Concurrent Select Relocation Set 6.449ms
[793.039s][info][gc,phases   ] GC(103) y: Pause Relocate Start 0.008ms
[793.100s][info][gc,phases   ] GC(103) y: Concurrent Relocate 61.728ms
[793.100s][info][gc,alloc    ] GC(103) y:                         Mark Start        Mark End      Relocate Start    Relocate End   
[793.100s][info][gc,alloc    ] GC(103) y: Allocation Stalls:          0                0                0                0         
[793.100s][info][gc,load     ] GC(103) y: Load: 0.00 (0%) / 0.00 (0%) / 0.00 (0%)
[793.100s][info][gc,mmu      ] GC(103) y: MMU: 2ms/76.4%, 5ms/90.6%, 10ms/95.3%, 20ms/97.6%, 50ms/99.1%, 100ms/99.5%
[793.101s][info][gc,marking  ] GC(103) y: Mark: 1 stripe(s), 2 proactive flush(es), 1 terminate flush(es), 0 completion(s), 0 continuation(s) 
[793.101s][info][gc,marking  ] GC(103) y: Mark Stack Usage: 32M
[793.101s][info][gc,nmethod  ] GC(103) y: NMethods: 7138 registered, 2596 unregistered
[793.101s][info][gc,metaspace] GC(103) y: Metaspace: 131M used, 132M committed, 1152M reserved
[793.101s][info][gc,reloc    ] GC(103) y:                        Candidates     Selected     In-Place         Size        Empty    Relocated 
[793.101s][info][gc,reloc    ] GC(103) y: Small Pages:                 3351         1778            0        6702M        3056M          64M 
[793.101s][info][gc,reloc    ] GC(103) y: Medium Pages:                   0            0            0           0M           0M           0M 
[793.101s][info][gc,reloc    ] GC(103) y: Large Pages:                    0            0            0           0M           0M           0M 
[793.101s][info][gc,reloc    ] GC(103) y: Forwarding Usage: 24M
[793.101s][info][gc,reloc    ] GC(103) y: Age Table:
[793.101s][info][gc,reloc    ] GC(103) y:                    Live             Garbage             Small              Medium             Large        
[793.101s][info][gc,reloc    ] GC(103) y: Eden              74M (1%)         6455M (79%)       3265 / 1704           0 / 0              0 / 0        
[793.101s][info][gc,reloc    ] GC(103) y: Survivor 1         1M (0%)          128M (2%)          65 / 57             0 / 0              0 / 0        
[793.101s][info][gc,reloc    ] GC(103) y: Survivor 2         0M (0%)           15M (0%)           8 / 7              0 / 0              0 / 0        
[793.101s][info][gc,reloc    ] GC(103) y: Survivor 3         0M (0%)            9M (0%)           5 / 4              0 / 0              0 / 0        
[793.101s][info][gc,reloc    ] GC(103) y: Survivor 4         0M (0%)            5M (0%)           3 / 2              0 / 0              0 / 0        
[793.101s][info][gc,reloc    ] GC(103) y: Survivor 5         0M (0%)            5M (0%)           3 / 2              0 / 0              0 / 0        
[793.101s][info][gc,reloc    ] GC(103) y: Survivor 6         0M (0%)            3M (0%)           2 / 2              0 / 0              0 / 0        
[793.101s][info][gc,heap     ] GC(103) y: Min Capacity: 8192M(100%)
[793.101s][info][gc,heap     ] GC(103) y: Max Capacity: 8192M(100%)
[793.101s][info][gc,heap     ] GC(103) y: Soft Max Capacity: 8192M(100%)
[793.101s][info][gc,heap     ] GC(103) y: Heap Statistics:
[793.101s][info][gc,heap     ] GC(103) y:                Mark Start          Mark End        Relocate Start      Relocate End           High               Low         
[793.101s][info][gc,heap     ] GC(103) y:  Capacity:     8192M (100%)       8192M (100%)       8192M (100%)       8192M (100%)       8192M (100%)       8192M (100%)   
[793.101s][info][gc,heap     ] GC(103) y:      Free:      948M (12%)         830M (10%)        3882M (47%)        7402M (90%)        7402M (90%)         830M (10%)    
[793.101s][info][gc,heap     ] GC(103) y:      Used:     7244M (88%)        7362M (90%)        4310M (53%)         790M (10%)        7362M (90%)         790M (10%)    
[793.101s][info][gc,heap     ] GC(103) y: Young Generation Statistics:
[793.101s][info][gc,heap     ] GC(103) y:                Mark Start          Mark End        Relocate Start      Relocate End    
[793.101s][info][gc,heap     ] GC(103) y:      Used:     6702M (82%)        6820M (83%)        3768M (46%)         246M (3%)     
[793.101s][info][gc,heap     ] GC(103) y:      Live:         -                77M (1%)           77M (1%)           76M (1%)     
[793.101s][info][gc,heap     ] GC(103) y:   Garbage:         -              6624M (81%)        3568M (44%)           0M (0%)     
[793.101s][info][gc,heap     ] GC(103) y: Allocated:         -               118M (1%)          122M (1%)          168M (2%)     
[793.101s][info][gc,heap     ] GC(103) y: Reclaimed:         -                  -              3056M (37%)        6623M (81%)    
[793.101s][info][gc,heap     ] GC(103) y:  Promoted:         -                  -                 0M (0%)            1M (0%)     
[793.101s][info][gc,heap     ] GC(103) y: Compacted:         -                  -                  -                73M (1%)     
[793.101s][info][gc,phases   ] GC(103) y: Young Generation 7244M(88%)->790M(10%) 0.178s
[793.101s][info][gc          ] GC(103) Minor Collection (Allocation Rate) 7244M(88%)->792M(10%) 0.178s
[796.365s][info][gc          ] GC(104) Major Collection (Proactive)
[796.365s][info][gc,task     ] GC(104) Using 1 Workers for Young Generation
[796.365s][info][gc,task     ] GC(104) Using 1 Workers for Old Generation
[796.365s][info][gc,phases   ] GC(104) Y: Young Generation
[796.365s][info][gc,phases   ] GC(104) Y: Pause Mark Start (Major) 0.013ms
[796.507s][info][gc,phases   ] GC(104) Y: Concurrent Mark 141.843ms
[796.507s][info][gc,phases   ] GC(104) Y: Pause Mark End 0.009ms
[796.507s][info][gc,phases   ] GC(104) Y: Concurrent Mark Free 0.000ms
[796.507s][info][gc,phases   ] GC(104) Y: Concurrent Reset Relocation Set 0.127ms
[796.509s][info][gc,reloc    ] GC(104) Y: Using tenuring threshold: 4 (Computed)
[796.511s][info][gc,phases   ] GC(104) Y: Concurrent Select Relocation Set 3.242ms
[796.511s][info][gc,phases   ] GC(104) Y: Pause Relocate Start 0.011ms
[796.550s][info][gc,phases   ] GC(104) Y: Concurrent Relocate 38.871ms
[796.550s][info][gc,alloc    ] GC(104) Y:                         Mark Start        Mark End      Relocate Start    Relocate End   
[796.550s][info][gc,alloc    ] GC(104) Y: Allocation Stalls:          0                0                0                0         
[796.550s][info][gc,load     ] GC(104) Y: Load: 0.00 (0%) / 0.00 (0%) / 0.00 (0%)
[796.550s][info][gc,mmu      ] GC(104) Y: MMU: 2ms/76.4%, 5ms/90.6%, 10ms/95.3%, 20ms/97.6%, 50ms/99.1%, 100ms/99.5%
[796.550s][info][gc,marking  ] GC(104) Y: Mark: 1 stripe(s), 2 proactive flush(es), 1 terminate flush(es), 0 completion(s), 0 continuation(s) 
[796.550s][info][gc,marking  ] GC(104) Y: Mark Stack Usage: 32M
[796.550s][info][gc,nmethod  ] GC(104) Y: NMethods: 7158 registered, 2596 unregistered
[796.550s][info][gc,metaspace] GC(104) Y: Metaspace: 131M used, 132M committed, 1152M reserved
[796.550s][info][gc,reloc    ] GC(104) Y:                        Candidates     Selected     In-Place         Size        Empty    Relocated 
[796.550s][info][gc,reloc    ] GC(104) Y: Small Pages:                  999          742            0        1998M         414M          36M 
[796.550s][info][gc,reloc    ] GC(104) Y: Medium Pages:                   0            0            0           0M           0M           0M 
[796.550s][info][gc,reloc    ] GC(104) Y: Large Pages:                    0            0            0           0M           0M           0M 
[796.550s][info][gc,reloc    ] GC(104) Y: Forwarding Usage: 16M
[796.550s][info][gc,reloc    ] GC(104) Y: Age Table:
[796.550s][info][gc,reloc    ] GC(104) Y:                    Live             Garbage             Small              Medium             Large        
[796.550s][info][gc,reloc    ] GC(104) Y: Eden              32M (0%)         1867M (23%)        950 / 726            0 / 0              0 / 0        
[796.550s][info][gc,reloc    ] GC(104) Y: Survivor 1        49M (1%)           36M (0%)          43 / 12             0 / 0              0 / 0        
[796.550s][info][gc,reloc    ] GC(104) Y: Survivor 2         0M (0%)            7M (0%)           4 / 2              0 / 0              0 / 0        
[796.550s][info][gc,reloc    ] GC(104) Y: Survivor 3         0M (0%)            3M (0%)           2 / 2              0 / 0              0 / 0        
[796.550s][info][gc,heap     ] GC(104) Y: Min Capacity: 8192M(100%)
[796.550s][info][gc,heap     ] GC(104) Y: Max Capacity: 8192M(100%)
[796.550s][info][gc,heap     ] GC(104) Y: Soft Max Capacity: 8192M(100%)
[796.550s][info][gc,heap     ] GC(104) Y: Heap Statistics:
[796.550s][info][gc,heap     ] GC(104) Y:                Mark Start          Mark End        Relocate Start      Relocate End           High               Low         
[796.550s][info][gc,heap     ] GC(104) Y:  Capacity:     8192M (100%)       8192M (100%)       8192M (100%)       8192M (100%)       8192M (100%)       8192M (100%)   
[796.550s][info][gc,heap     ] GC(104) Y:      Free:     5650M (69%)        5602M (68%)        6012M (73%)        7458M (91%)        7460M (91%)        5602M (68%)    
[796.550s][info][gc,heap     ] GC(104) Y:      Used:     2542M (31%)        2590M (32%)        2180M (27%)         734M (9%)         2590M (32%)         732M (9%)     
[796.550s][info][gc,heap     ] GC(104) Y: Young Generation Statistics:
[796.550s][info][gc,heap     ] GC(104) Y:                Mark Start          Mark End        Relocate Start      Relocate End    
[796.550s][info][gc,heap     ] GC(104) Y:      Used:     1998M (24%)        2046M (25%)        1636M (20%)         190M (2%)     
[796.550s][info][gc,heap     ] GC(104) Y:      Live:         -                82M (1%)           82M (1%)           82M (1%)     
[796.550s][info][gc,heap     ] GC(104) Y:   Garbage:         -              1915M (23%)        1501M (18%)          10M (0%)     
[796.550s][info][gc,heap     ] GC(104) Y: Allocated:         -                48M (1%)           52M (1%)           96M (1%)     
[796.550s][info][gc,heap     ] GC(104) Y: Reclaimed:         -                  -               414M (5%)         1904M (23%)    
[796.550s][info][gc,heap     ] GC(104) Y:  Promoted:         -                  -                 0M (0%)            0M (0%)     
[796.550s][info][gc,heap     ] GC(104) Y: Compacted:         -                  -                  -                47M (1%)     
[796.550s][info][gc,phases   ] GC(104) Y: Young Generation 2542M(31%)->734M(9%) 0.185s
[796.550s][info][gc,phases   ] GC(104) O: Old Generation
[797.287s][info][gc,phases   ] GC(104) O: Concurrent Mark 736.812ms
[797.287s][info][gc,phases   ] GC(104) O: Pause Mark End 0.015ms
[797.287s][info][gc,phases   ] GC(104) O: Concurrent Mark Free 0.000ms
[797.310s][info][gc,phases   ] GC(104) O: Concurrent Process Non-Strong 22.573ms
[797.310s][info][gc,phases   ] GC(104) O: Concurrent Reset Relocation Set 0.004ms
[797.313s][info][gc,phases   ] GC(104) O: Concurrent Select Relocation Set 3.305ms
[797.313s][info][gc,task     ] GC(104) O: Using 2 Workers for Old Generation
[797.377s][info][gc,task     ] GC(104) O: Using 1 Workers for Old Generation
[797.377s][info][gc,phases   ] GC(104) O: Concurrent Remap Roots 64.149ms
[797.377s][info][gc,phases   ] GC(104) O: Pause Relocate Start 0.015ms
[797.381s][info][gc,phases   ] GC(104) O: Concurrent Relocate 3.473ms
[797.381s][info][gc,alloc    ] GC(104) O:                         Mark Start        Mark End      Relocate Start    Relocate End   
[797.381s][info][gc,alloc    ] GC(104) O: Allocation Stalls:          0                0                0                0         
[797.381s][info][gc,load     ] GC(104) O: Load: 0.00 (0%) / 0.00 (0%) / 0.00 (0%)
[797.381s][info][gc,mmu      ] GC(104) O: MMU: 2ms/76.4%, 5ms/90.6%, 10ms/95.3%, 20ms/97.6%, 50ms/99.1%, 100ms/99.5%
[797.381s][info][gc,marking  ] GC(104) O: Mark: 1 stripe(s), 2 proactive flush(es), 1 terminate flush(es), 0 completion(s), 0 continuation(s) 
[797.381s][info][gc,marking  ] GC(104) O: Mark Stack Usage: 32M
[797.381s][info][gc,nmethod  ] GC(104) O: NMethods: 5875 registered, 3880 unregistered
[797.381s][info][gc,metaspace] GC(104) O: Metaspace: 131M used, 132M committed, 1152M reserved
[797.381s][info][gc,ref      ] GC(104) O:                       Encountered   Discovered     Enqueued 
[797.381s][info][gc,ref      ] GC(104) O: Soft References:             6087            0            0 
[797.381s][info][gc,ref      ] GC(104) O: Weak References:            23347        12601            9 
[797.381s][info][gc,ref      ] GC(104) O: Final References:              34            0            0 
[797.381s][info][gc,ref      ] GC(104) O: Phantom References:           924          698            3 
[797.381s][info][gc,reloc    ] GC(104) O:                        Candidates     Selected     In-Place         Size        Empty    Relocated 
[797.381s][info][gc,reloc    ] GC(104) O: Small Pages:                  240            9            0         480M           0M           1M 
[797.381s][info][gc,reloc    ] GC(104) O: Medium Pages:                   2            0            0          64M           0M           0M 
[797.381s][info][gc,reloc    ] GC(104) O: Large Pages:                    0            0            0           0M           0M           0M 
[797.381s][info][gc,reloc    ] GC(104) O: Forwarding Usage: 0M
[797.381s][info][gc,heap     ] GC(104) O: Min Capacity: 8192M(100%)
[797.381s][info][gc,heap     ] GC(104) O: Max Capacity: 8192M(100%)
[797.381s][info][gc,heap     ] GC(104) O: Soft Max Capacity: 8192M(100%)
[797.381s][info][gc,heap     ] GC(104) O: Heap Statistics:
[797.381s][info][gc,heap     ] GC(104) O:                Mark Start          Mark End        Relocate Start      Relocate End           High               Low         
[797.381s][info][gc,heap     ] GC(104) O:  Capacity:     8192M (100%)       8192M (100%)       8192M (100%)       8192M (100%)       8192M (100%)       8192M (100%)   
[797.381s][info][gc,heap     ] GC(104) O:      Free:     5650M (69%)        6930M (85%)        6856M (84%)        6866M (84%)        7460M (91%)        5602M (68%)    
[797.381s][info][gc,heap     ] GC(104) O:      Used:     2542M (31%)        1262M (15%)        1336M (16%)        1326M (16%)        2590M (32%)         732M (9%)     
[797.381s][info][gc,heap     ] GC(104) O: Old Generation Statistics:
[797.381s][info][gc,heap     ] GC(104) O:                Mark Start          Mark End        Relocate Start      Relocate End    
[797.381s][info][gc,heap     ] GC(104) O:      Used:      544M (7%)          544M (7%)          544M (7%)          534M (7%)     
[797.381s][info][gc,heap     ] GC(104) O:      Live:         -               474M (6%)          474M (6%)          474M (6%)     
[797.381s][info][gc,heap     ] GC(104) O:   Garbage:         -                69M (1%)           69M (1%)           50M (1%)     
[797.381s][info][gc,heap     ] GC(104) O: Allocated:         -                 0M (0%)            0M (0%)            8M (0%)     
[797.381s][info][gc,heap     ] GC(104) O: Reclaimed:         -                  -                 0M (0%)           18M (0%)     
[797.381s][info][gc,heap     ] GC(104) O: Compacted:         -                  -                  -                 1M (0%)     
[797.381s][info][gc,phases   ] GC(104) O: Old Generation 736M(9%)->1326M(16%) 0.831s
[797.381s][info][gc          ] GC(104) Major Collection (Proactive) 2542M(31%)->1326M(16%) 1.016s
[807.713s][info][gc          ] GC(105) Minor Collection (Allocation Rate)
[807.713s][info][gc,task     ] GC(105) Using 1 Workers for Young Generation
[807.713s][info][gc,phases   ] GC(105) y: Young Generation
[807.713s][info][gc,phases   ] GC(105) y: Pause Mark Start 0.021ms
[807.843s][info][gc,phases   ] GC(105) y: Concurrent Mark 129.725ms
[807.843s][info][gc,phases   ] GC(105) y: Pause Mark End 0.008ms
[807.843s][info][gc,phases   ] GC(105) y: Concurrent Mark Free 0.000ms
[807.843s][info][gc,phases   ] GC(105) y: Concurrent Reset Relocation Set 0.069ms
[807.845s][info][gc,reloc    ] GC(105) y: Using tenuring threshold: 5 (Computed)
[807.856s][info][gc,phases   ] GC(105) y: Concurrent Select Relocation Set 12.694ms
[807.856s][info][gc,phases   ] GC(105) y: Pause Relocate Start 0.009ms
[807.942s][info][gc,phases   ] GC(105) y: Concurrent Relocate 85.924ms
[807.942s][info][gc,alloc    ] GC(105) y:                         Mark Start        Mark End      Relocate Start    Relocate End   
[807.942s][info][gc,alloc    ] GC(105) y: Allocation Stalls:          0                0                0                0         
[807.942s][info][gc,load     ] GC(105) y: Load: 0.00 (0%) / 0.00 (0%) / 0.00 (0%)
[807.942s][info][gc,mmu      ] GC(105) y: MMU: 2ms/76.4%, 5ms/90.6%, 10ms/95.3%, 20ms/97.6%, 50ms/99.1%, 100ms/99.5%
[807.942s][info][gc,marking  ] GC(105) y: Mark: 1 stripe(s), 2 proactive flush(es), 1 terminate flush(es), 0 completion(s), 0 continuation(s) 
[807.942s][info][gc,marking  ] GC(105) y: Mark Stack Usage: 32M
[807.942s][info][gc,nmethod  ] GC(105) y: NMethods: 5914 registered, 3880 unregistered
[807.942s][info][gc,metaspace] GC(105) y: Metaspace: 131M used, 132M committed, 1152M reserved
[807.942s][info][gc,reloc    ] GC(105) y:                        Candidates     Selected     In-Place         Size        Empty    Relocated 
[807.942s][info][gc,reloc    ] GC(105) y: Small Pages:                 3601         2110            0        7202M        2854M          97M 
[807.942s][info][gc,reloc    ] GC(105) y: Medium Pages:                   0            0            0           0M           0M           0M 
[807.942s][info][gc,reloc    ] GC(105) y: Large Pages:                    0            0            0           0M           0M           0M 
[807.942s][info][gc,reloc    ] GC(105) y: Forwarding Usage: 29M
[807.942s][info][gc,reloc    ] GC(105) y: Age Table:
[807.942s][info][gc,reloc    ] GC(105) y:                    Live             Garbage             Small              Medium             Large        
[807.942s][info][gc,reloc    ] GC(105) y: Eden              99M (1%)         6986M (85%)       3543 / 2062           0 / 0              0 / 0        
[807.942s][info][gc,reloc    ] GC(105) y: Survivor 1         7M (0%)           36M (0%)          22 / 15             0 / 0              0 / 0        
[807.942s][info][gc,reloc    ] GC(105) y: Survivor 2         3M (0%)           64M (1%)          34 / 31             0 / 0              0 / 0        
[807.942s][info][gc,reloc    ] GC(105) y: Survivor 3         0M (0%)            1M (0%)           1 / 1              0 / 0              0 / 0        
[807.942s][info][gc,reloc    ] GC(105) y: Survivor 4         0M (0%)            1M (0%)           1 / 1              0 / 0              0 / 0        
[807.942s][info][gc,heap     ] GC(105) y: Min Capacity: 8192M(100%)
[807.942s][info][gc,heap     ] GC(105) y: Max Capacity: 8192M(100%)
[807.942s][info][gc,heap     ] GC(105) y: Soft Max Capacity: 8192M(100%)
[807.942s][info][gc,heap     ] GC(105) y: Heap Statistics:
[807.942s][info][gc,heap     ] GC(105) y:                Mark Start          Mark End        Relocate Start      Relocate End           High               Low         
[807.942s][info][gc,heap     ] GC(105) y:  Capacity:     8192M (100%)       8192M (100%)       8192M (100%)       8192M (100%)       8192M (100%)       8192M (100%)   
[807.942s][info][gc,heap     ] GC(105) y:      Free:      456M (6%)          316M (4%)         3166M (39%)        7294M (89%)        7296M (89%)         316M (4%)     
[807.942s][info][gc,heap     ] GC(105) y:      Used:     7736M (94%)        7876M (96%)        5026M (61%)         898M (11%)        7876M (96%)         896M (11%)    
[807.942s][info][gc,heap     ] GC(105) y: Young Generation Statistics:
[807.942s][info][gc,heap     ] GC(105) y:                Mark Start          Mark End        Relocate Start      Relocate End    
[807.942s][info][gc,heap     ] GC(105) y:      Used:     7202M (88%)        7342M (90%)        4492M (55%)         364M (4%)     
[807.942s][info][gc,heap     ] GC(105) y:      Live:         -               111M (1%)          111M (1%)          111M (1%)     
[807.942s][info][gc,heap     ] GC(105) y:   Garbage:         -              7090M (87%)        4236M (52%)           0M (0%)     
[807.942s][info][gc,heap     ] GC(105) y: Allocated:         -               140M (2%)          144M (2%)          252M (3%)     
[807.942s][info][gc,heap     ] GC(105) y: Reclaimed:         -                  -              2854M (35%)        7090M (87%)    
[807.942s][info][gc,heap     ] GC(105) y:  Promoted:         -                  -                 0M (0%)            0M (0%)     
[807.942s][info][gc,heap     ] GC(105) y: Compacted:         -                  -                  -               111M (1%)     
[807.942s][info][gc,phases   ] GC(105) y: Young Generation 7736M(94%)->898M(11%) 0.229s
[807.942s][info][gc          ] GC(105) Minor Collection (Allocation Rate) 7736M(94%)->898M(11%) 0.229s
[815.202s][info][gc          ] GC(106) Minor Collection (Allocation Rate)
[815.202s][info][gc,task     ] GC(106) Using 1 Workers for Young Generation
[815.202s][info][gc,phases   ] GC(106) y: Young Generation
[815.202s][info][gc,phases   ] GC(106) y: Pause Mark Start 0.012ms
[815.321s][info][gc,phases   ] GC(106) y: Concurrent Mark 118.584ms
[815.321s][info][gc,phases   ] GC(106) y: Pause Mark End 0.010ms
[815.321s][info][gc,phases   ] GC(106) y: Concurrent Mark Free 0.000ms
[815.321s][info][gc,phases   ] GC(106) y: Concurrent Reset Relocation Set 0.241ms
[815.326s][info][gc,reloc    ] GC(106) y: Using tenuring threshold: 4 (Computed)
[815.329s][info][gc,phases   ] GC(106) y: Concurrent Select Relocation Set 8.078ms
[815.329s][info][gc,phases   ] GC(106) y: Pause Relocate Start 0.010ms
[815.393s][info][gc,phases   ] GC(106) y: Concurrent Relocate 63.934ms
[815.393s][info][gc,alloc    ] GC(106) y:                         Mark Start        Mark End      Relocate Start    Relocate End   
[815.393s][info][gc,alloc    ] GC(106) y: Allocation Stalls:          0                0                0                0         
[815.393s][info][gc,load     ] GC(106) y: Load: 0.00 (0%) / 0.00 (0%) / 0.00 (0%)
[815.393s][info][gc,mmu      ] GC(106) y: MMU: 2ms/76.4%, 5ms/90.6%, 10ms/95.3%, 20ms/97.6%, 50ms/99.1%, 100ms/99.5%
[815.393s][info][gc,marking  ] GC(106) y: Mark: 1 stripe(s), 2 proactive flush(es), 1 terminate flush(es), 0 completion(s), 0 continuation(s) 
[815.393s][info][gc,marking  ] GC(106) y: Mark Stack Usage: 32M
[815.393s][info][gc,nmethod  ] GC(106) y: NMethods: 5947 registered, 3880 unregistered
[815.393s][info][gc,metaspace] GC(106) y: Metaspace: 131M used, 132M committed, 1152M reserved
[815.393s][info][gc,reloc    ] GC(106) y:                        Candidates     Selected     In-Place         Size        Empty    Relocated 
[815.393s][info][gc,reloc    ] GC(106) y: Small Pages:                 3459         1186            0        6918M        4448M          59M 
[815.393s][info][gc,reloc    ] GC(106) y: Medium Pages:                   0            0            0           0M           0M           0M 
[815.393s][info][gc,reloc    ] GC(106) y: Large Pages:                    0            0            0           0M           0M           0M 
[815.393s][info][gc,reloc    ] GC(106) y: Forwarding Usage: 22M
[815.393s][info][gc,reloc    ] GC(106) y: Age Table:
[815.393s][info][gc,reloc    ] GC(106) y:                    Live             Garbage             Small              Medium             Large        
[815.393s][info][gc,reloc    ] GC(106) y: Eden              81M (1%)         6696M (82%)       3389 / 1118           0 / 0              0 / 0        
[815.393s][info][gc,reloc    ] GC(106) y: Survivor 1         3M (0%)          104M (1%)          54 / 52             0 / 0              0 / 0        
[815.393s][info][gc,reloc    ] GC(106) y: Survivor 2         0M (0%)           13M (0%)           7 / 7              0 / 0              0 / 0        
[815.393s][info][gc,reloc    ] GC(106) y: Survivor 3         0M (0%)           13M (0%)           7 / 7              0 / 0              0 / 0        
[815.393s][info][gc,reloc    ] GC(106) y: Survivor 4         0M (0%)            1M (0%)           1 / 1              0 / 0              0 / 0        
[815.393s][info][gc,reloc    ] GC(106) y: Survivor 5         0M (0%)            1M (0%)           1 / 1              0 / 0              0 / 0        
[815.393s][info][gc,heap     ] GC(106) y: Min Capacity: 8192M(100%)
[815.393s][info][gc,heap     ] GC(106) y: Max Capacity: 8192M(100%)
[815.393s][info][gc,heap     ] GC(106) y: Soft Max Capacity: 8192M(100%)
[815.393s][info][gc,heap     ] GC(106) y: Heap Statistics:
[815.393s][info][gc,heap     ] GC(106) y:                Mark Start          Mark End        Relocate Start      Relocate End           High               Low         
[815.393s][info][gc,heap     ] GC(106) y:  Capacity:     8192M (100%)       8192M (100%)       8192M (100%)       8192M (100%)       8192M (100%)       8192M (100%)   
[815.393s][info][gc,heap     ] GC(106) y:      Free:      740M (9%)          552M (7%)         4994M (61%)        7290M (89%)        7290M (89%)         552M (7%)     
[815.393s][info][gc,heap     ] GC(106) y:      Used:     7452M (91%)        7640M (93%)        3198M (39%)         902M (11%)        7640M (93%)         902M (11%)    
[815.394s][info][gc,heap     ] GC(106) y: Young Generation Statistics:
[815.394s][info][gc,heap     ] GC(106) y:                Mark Start          Mark End        Relocate Start      Relocate End    
[815.394s][info][gc,heap     ] GC(106) y:      Used:     6918M (84%)        7106M (87%)        2664M (33%)         366M (4%)     
[815.394s][info][gc,heap     ] GC(106) y:      Live:         -                85M (1%)           85M (1%)           85M (1%)     
[815.394s][info][gc,heap     ] GC(106) y:   Garbage:         -              6832M (83%)        2384M (29%)           2M (0%)     
[815.394s][info][gc,heap     ] GC(106) y: Allocated:         -               188M (2%)          194M (2%)          278M (3%)     
[815.394s][info][gc,heap     ] GC(106) y: Reclaimed:         -                  -              4448M (54%)        6830M (83%)    
[815.394s][info][gc,heap     ] GC(106) y:  Promoted:         -                  -                 0M (0%)            0M (0%)     
[815.394s][info][gc,heap     ] GC(106) y: Compacted:         -                  -                  -                71M (1%)     
[815.394s][info][gc,phases   ] GC(106) y: Young Generation 7452M(91%)->902M(11%) 0.191s
[815.394s][info][gc          ] GC(106) Minor Collection (Allocation Rate) 7452M(91%)->902M(11%) 0.192s
[825.091s][info][gc          ] GC(107) Minor Collection (Allocation Rate)
[825.091s][info][gc,task     ] GC(107) Using 1 Workers for Young Generation
[825.091s][info][gc,phases   ] GC(107) y: Young Generation
[825.091s][info][gc,phases   ] GC(107) y: Pause Mark Start 0.017ms
[825.206s][info][gc,phases   ] GC(107) y: Concurrent Mark 115.299ms
[825.206s][info][gc,phases   ] GC(107) y: Pause Mark End 0.009ms
[825.206s][info][gc,phases   ] GC(107) y: Concurrent Mark Free 0.000ms
[825.206s][info][gc,phases   ] GC(107) y: Concurrent Reset Relocation Set 0.100ms
[825.209s][info][gc,reloc    ] GC(107) y: Using tenuring threshold: 5 (Computed)
[825.220s][info][gc,phases   ] GC(107) y: Concurrent Select Relocation Set 13.251ms
[825.220s][info][gc,phases   ] GC(107) y: Pause Relocate Start 0.009ms
[825.293s][info][gc,phases   ] GC(107) y: Concurrent Relocate 73.329ms
[825.293s][info][gc,alloc    ] GC(107) y:                         Mark Start        Mark End      Relocate Start    Relocate End   
[825.293s][info][gc,alloc    ] GC(107) y: Allocation Stalls:          0                0                0                0         
[825.293s][info][gc,load     ] GC(107) y: Load: 0.00 (0%) / 0.00 (0%) / 0.00 (0%)
[825.293s][info][gc,mmu      ] GC(107) y: MMU: 2ms/76.4%, 5ms/90.6%, 10ms/95.3%, 20ms/97.6%, 50ms/99.1%, 100ms/99.5%
[825.293s][info][gc,marking  ] GC(107) y: Mark: 1 stripe(s), 2 proactive flush(es), 1 terminate flush(es), 0 completion(s), 0 continuation(s) 
[825.293s][info][gc,marking  ] GC(107) y: Mark Stack Usage: 32M
[825.293s][info][gc,nmethod  ] GC(107) y: NMethods: 5971 registered, 3880 unregistered
[825.293s][info][gc,metaspace] GC(107) y: Metaspace: 131M used, 132M committed, 1152M reserved
[825.293s][info][gc,reloc    ] GC(107) y:                        Candidates     Selected     In-Place         Size        Empty    Relocated 
[825.293s][info][gc,reloc    ] GC(107) y: Small Pages:                 3594         2045            0        7188M        2990M          83M 
[825.293s][info][gc,reloc    ] GC(107) y: Medium Pages:                   0            0            0           0M           0M           0M 
[825.293s][info][gc,reloc    ] GC(107) y: Large Pages:                    0            0            0           0M           0M           0M 
[825.293s][info][gc,reloc    ] GC(107) y: Forwarding Usage: 27M
[825.293s][info][gc,reloc    ] GC(107) y: Age Table:
[825.293s][info][gc,reloc    ] GC(107) y:                    Live             Garbage             Small              Medium             Large        
[825.293s][info][gc,reloc    ] GC(107) y: Eden              88M (1%)         6985M (85%)       3537 / 1999           0 / 0              0 / 0        
[825.293s][info][gc,reloc    ] GC(107) y: Survivor 1         5M (0%)           90M (1%)          48 / 40             0 / 0              0 / 0        
[825.293s][info][gc,reloc    ] GC(107) y: Survivor 2         0M (0%)            9M (0%)           5 / 4              0 / 0              0 / 0        
[825.293s][info][gc,reloc    ] GC(107) y: Survivor 3         0M (0%)            1M (0%)           1 / 1              0 / 0              0 / 0        
[825.293s][info][gc,reloc    ] GC(107) y: Survivor 4         0M (0%)            5M (0%)           3 / 1              0 / 0              0 / 0        
[825.293s][info][gc,heap     ] GC(107) y: Min Capacity: 8192M(100%)
[825.293s][info][gc,heap     ] GC(107) y: Max Capacity: 8192M(100%)
[825.294s][info][gc,heap     ] GC(107) y: Soft Max Capacity: 8192M(100%)
[825.294s][info][gc,heap     ] GC(107) y: Heap Statistics:
[825.294s][info][gc,heap     ] GC(107) y:                Mark Start          Mark End        Relocate Start      Relocate End           High               Low         
[825.294s][info][gc,heap     ] GC(107) y:  Capacity:     8192M (100%)       8192M (100%)       8192M (100%)       8192M (100%)       8192M (100%)       8192M (100%)   
[825.294s][info][gc,heap     ] GC(107) y:      Free:      468M (6%)          346M (4%)         3328M (41%)        7312M (89%)        7320M (89%)         344M (4%)     
[825.294s][info][gc,heap     ] GC(107) y:      Used:     7724M (94%)        7846M (96%)        4864M (59%)         880M (11%)        7848M (96%)         872M (11%)    
[825.294s][info][gc,heap     ] GC(107) y: Young Generation Statistics:
[825.294s][info][gc,heap     ] GC(107) y:                Mark Start          Mark End        Relocate Start      Relocate End    
[825.294s][info][gc,heap     ] GC(107) y:      Used:     7188M (88%)        7310M (89%)        4328M (53%)         344M (4%)     
[825.294s][info][gc,heap     ] GC(107) y:      Live:         -                94M (1%)           94M (1%)           94M (1%)     
[825.294s][info][gc,heap     ] GC(107) y:   Garbage:         -              7093M (87%)        4103M (50%)           0M (0%)     
[825.294s][info][gc,heap     ] GC(107) y: Allocated:         -               122M (1%)          130M (2%)          249M (3%)     
[825.294s][info][gc,heap     ] GC(107) y: Reclaimed:         -                  -              2990M (36%)        7093M (87%)    
[825.294s][info][gc,heap     ] GC(107) y:  Promoted:         -                  -                 0M (0%)            0M (0%)     
[825.294s][info][gc,heap     ] GC(107) y: Compacted:         -                  -                  -                94M (1%)     
[825.294s][info][gc,phases   ] GC(107) y: Young Generation 7724M(94%)->880M(11%) 0.202s
[825.294s][info][gc          ] GC(107) Minor Collection (Allocation Rate) 7724M(94%)->882M(11%) 0.203s
[834.106s][info][gc          ] GC(108) Minor Collection (High Usage)
[834.106s][info][gc,task     ] GC(108) Using 1 Workers for Young Generation
[834.106s][info][gc,phases   ] GC(108) y: Young Generation
[834.106s][info][gc,phases   ] GC(108) y: Pause Mark Start 0.018ms
[834.228s][info][gc,phases   ] GC(108) y: Concurrent Mark 121.882ms
[834.229s][info][gc,phases   ] GC(108) y: Pause Mark End 0.008ms
[834.229s][info][gc,phases   ] GC(108) y: Concurrent Mark Free 0.000ms
[834.229s][info][gc,phases   ] GC(108) y: Concurrent Reset Relocation Set 0.410ms
[834.232s][info][gc,reloc    ] GC(108) y: Using tenuring threshold: 6 (Computed)
[834.246s][info][gc,phases   ] GC(108) y: Concurrent Select Relocation Set 16.524ms
[834.246s][info][gc,phases   ] GC(108) y: Pause Relocate Start 0.010ms
[834.336s][info][gc,phases   ] GC(108) y: Concurrent Relocate 90.697ms
[834.337s][info][gc,alloc    ] GC(108) y:                         Mark Start        Mark End      Relocate Start    Relocate End   
[834.337s][info][gc,alloc    ] GC(108) y: Allocation Stalls:          0                0                0                0         
[834.337s][info][gc,load     ] GC(108) y: Load: 0.00 (0%) / 0.00 (0%) / 0.00 (0%)
[834.337s][info][gc,mmu      ] GC(108) y: MMU: 2ms/76.4%, 5ms/90.6%, 10ms/95.3%, 20ms/97.6%, 50ms/99.1%, 100ms/99.5%
[834.337s][info][gc,marking  ] GC(108) y: Mark: 1 stripe(s), 2 proactive flush(es), 1 terminate flush(es), 0 completion(s), 0 continuation(s) 
[834.337s][info][gc,marking  ] GC(108) y: Mark Stack Usage: 32M
[834.337s][info][gc,nmethod  ] GC(108) y: NMethods: 5985 registered, 3880 unregistered
[834.337s][info][gc,metaspace] GC(108) y: Metaspace: 131M used, 132M committed, 1152M reserved
[834.337s][info][gc,reloc    ] GC(108) y:                        Candidates     Selected     In-Place         Size        Empty    Relocated 
[834.337s][info][gc,reloc    ] GC(108) y: Small Pages:                 3606         2013            0        7212M        3064M          94M 
[834.337s][info][gc,reloc    ] GC(108) y: Medium Pages:                   0            0            0           0M           0M           0M 
[834.337s][info][gc,reloc    ] GC(108) y: Large Pages:                    0            0            0           0M           0M           0M 
[834.337s][info][gc,reloc    ] GC(108) y: Forwarding Usage: 27M
[834.337s][info][gc,reloc    ] GC(108) y: Age Table:
[834.337s][info][gc,reloc    ] GC(108) y:                    Live             Garbage             Small              Medium             Large        
[834.337s][info][gc,reloc    ] GC(108) y: Eden              99M (1%)         6982M (85%)       3541 / 1954           0 / 0              0 / 0        
[834.337s][info][gc,reloc    ] GC(108) y: Survivor 1         5M (0%)           90M (1%)          48 / 43             0 / 0              0 / 0        
[834.337s][info][gc,reloc    ] GC(108) y: Survivor 2         0M (0%)           15M (0%)           8 / 8              0 / 0              0 / 0        
[834.337s][info][gc,reloc    ] GC(108) y: Survivor 3         0M (0%)            3M (0%)           2 / 2              0 / 0              0 / 0        
[834.337s][info][gc,reloc    ] GC(108) y: Survivor 4         0M (0%)            3M (0%)           2 / 1              0 / 0              0 / 0        
[834.337s][info][gc,reloc    ] GC(108) y: Survivor 5         0M (0%)            9M (0%)           5 / 5              0 / 0              0 / 0        
[834.337s][info][gc,heap     ] GC(108) y: Min Capacity: 8192M(100%)
[834.337s][info][gc,heap     ] GC(108) y: Max Capacity: 8192M(100%)
[834.337s][info][gc,heap     ] GC(108) y: Soft Max Capacity: 8192M(100%)
[834.337s][info][gc,heap     ] GC(108) y: Heap Statistics:
[834.337s][info][gc,heap     ] GC(108) y:                Mark Start          Mark End        Relocate Start      Relocate End           High               Low         
[834.337s][info][gc,heap     ] GC(108) y:  Capacity:     8192M (100%)       8192M (100%)       8192M (100%)       8192M (100%)       8192M (100%)       8192M (100%)   
[834.337s][info][gc,heap     ] GC(108) y:      Free:      444M (5%)          226M (3%)         3280M (40%)        7096M (87%)        7100M (87%)         226M (3%)     
[834.337s][info][gc,heap     ] GC(108) y:      Used:     7748M (95%)        7966M (97%)        4912M (60%)        1096M (13%)        7966M (97%)        1092M (13%)    
[834.337s][info][gc,heap     ] GC(108) y: Young Generation Statistics:
[834.337s][info][gc,heap     ] GC(108) y:                Mark Start          Mark End        Relocate Start      Relocate End    
[834.337s][info][gc,heap     ] GC(108) y:      Used:     7212M (88%)        7430M (91%)        4376M (53%)         560M (7%)     
[834.337s][info][gc,heap     ] GC(108) y:      Live:         -               106M (1%)          106M (1%)          106M (1%)     
[834.337s][info][gc,heap     ] GC(108) y:   Garbage:         -              7105M (87%)        4041M (49%)           0M (0%)     
[834.337s][info][gc,heap     ] GC(108) y: Allocated:         -               218M (3%)          228M (3%)          453M (6%)     
[834.337s][info][gc,heap     ] GC(108) y: Reclaimed:         -                  -              3064M (37%)        7105M (87%)    
[834.337s][info][gc,heap     ] GC(108) y:  Promoted:         -                  -                 0M (0%)            0M (0%)     
[834.337s][info][gc,heap     ] GC(108) y: Compacted:         -                  -                  -               106M (1%)     
[834.337s][info][gc,phases   ] GC(108) y: Young Generation 7748M(95%)->1096M(13%) 0.230s
[834.337s][info][gc          ] GC(108) Minor Collection (High Usage) 7748M(95%)->1096M(13%) 0.231s
[843.679s][info][gc          ] GC(109) Minor Collection (Allocation Rate)
[843.679s][info][gc,task     ] GC(109) Using 1 Workers for Young Generation
[843.679s][info][gc,phases   ] GC(109) y: Young Generation
[843.679s][info][gc,phases   ] GC(109) y: Pause Mark Start 0.013ms
[843.762s][info][gc,phases   ] GC(109) y: Concurrent Mark 82.547ms
[843.762s][info][gc,phases   ] GC(109) y: Pause Mark End 0.008ms
[843.762s][info][gc,phases   ] GC(109) y: Concurrent Mark Free 0.001ms
[843.762s][info][gc,phases   ] GC(109) y: Concurrent Reset Relocation Set 0.168ms
[843.765s][info][gc,reloc    ] GC(109) y: Using tenuring threshold: 7 (Computed)
[843.767s][info][gc,phases   ] GC(109) y: Concurrent Select Relocation Set 4.755ms
[843.767s][info][gc,phases   ] GC(109) y: Pause Relocate Start 0.007ms
[843.818s][info][gc,phases   ] GC(109) y: Concurrent Relocate 51.120ms
[843.818s][info][gc,alloc    ] GC(109) y:                         Mark Start        Mark End      Relocate Start    Relocate End   
[843.818s][info][gc,alloc    ] GC(109) y: Allocation Stalls:          0                0                0                0         
[843.818s][info][gc,load     ] GC(109) y: Load: 0.00 (0%) / 0.00 (0%) / 0.00 (0%)
[843.818s][info][gc,mmu      ] GC(109) y: MMU: 2ms/76.4%, 5ms/90.6%, 10ms/95.3%, 20ms/97.6%, 50ms/99.1%, 100ms/99.5%
[843.818s][info][gc,marking  ] GC(109) y: Mark: 1 stripe(s), 2 proactive flush(es), 1 terminate flush(es), 0 completion(s), 0 continuation(s) 
[843.818s][info][gc,marking  ] GC(109) y: Mark Stack Usage: 32M
[843.818s][info][gc,nmethod  ] GC(109) y: NMethods: 6003 registered, 3880 unregistered
[843.818s][info][gc,metaspace] GC(109) y: Metaspace: 131M used, 132M committed, 1152M reserved
[843.818s][info][gc,reloc    ] GC(109) y:                        Candidates     Selected     In-Place         Size        Empty    Relocated 
[843.818s][info][gc,reloc    ] GC(109) y: Small Pages:                 3518         1566            0        7036M        3830M          52M 
[843.818s][info][gc,reloc    ] GC(109) y: Medium Pages:                   0            0            0           0M           0M           0M 
[843.818s][info][gc,reloc    ] GC(109) y: Large Pages:                    0            0            0           0M           0M           0M 
[843.818s][info][gc,reloc    ] GC(109) y: Forwarding Usage: 19M
[843.818s][info][gc,reloc    ] GC(109) y: Age Table:
[843.818s][info][gc,reloc    ] GC(109) y:                    Live             Garbage             Small              Medium             Large        
[843.818s][info][gc,reloc    ] GC(109) y: Eden              61M (1%)         6824M (83%)       3443 / 1501           0 / 0              0 / 0        
[843.818s][info][gc,reloc    ] GC(109) y: Survivor 1         0M (0%)          107M (1%)          54 / 46             0 / 0              0 / 0        
[843.818s][info][gc,reloc    ] GC(109) y: Survivor 2         0M (0%)           17M (0%)           9 / 9              0 / 0              0 / 0        
[843.818s][info][gc,reloc    ] GC(109) y: Survivor 3         0M (0%)           11M (0%)           6 / 5              0 / 0              0 / 0        
[843.818s][info][gc,reloc    ] GC(109) y: Survivor 4         0M (0%)            5M (0%)           3 / 2              0 / 0              0 / 0        
[843.818s][info][gc,reloc    ] GC(109) y: Survivor 5         0M (0%)            1M (0%)           1 / 1              0 / 0              0 / 0        
[843.818s][info][gc,reloc    ] GC(109) y: Survivor 6         0M (0%)            3M (0%)           2 / 2              0 / 0              0 / 0        
[843.818s][info][gc,heap     ] GC(109) y: Min Capacity: 8192M(100%)
[843.818s][info][gc,heap     ] GC(109) y: Max Capacity: 8192M(100%)
[843.818s][info][gc,heap     ] GC(109) y: Soft Max Capacity: 8192M(100%)
[843.818s][info][gc,heap     ] GC(109) y: Heap Statistics:
[843.818s][info][gc,heap     ] GC(109) y:                Mark Start          Mark End        Relocate Start      Relocate End           High               Low         
[843.818s][info][gc,heap     ] GC(109) y:  Capacity:     8192M (100%)       8192M (100%)       8192M (100%)       8192M (100%)       8192M (100%)       8192M (100%)   
[843.818s][info][gc,heap     ] GC(109) y:      Free:      620M (8%)          582M (7%)         4410M (54%)        7504M (92%)        7504M (92%)         580M (7%)     
[843.818s][info][gc,heap     ] GC(109) y:      Used:     7572M (92%)        7610M (93%)        3782M (46%)         688M (8%)         7612M (93%)         688M (8%)     
[843.818s][info][gc,heap     ] GC(109) y: Young Generation Statistics:
[843.818s][info][gc,heap     ] GC(109) y:                Mark Start          Mark End        Relocate Start      Relocate End    
[843.818s][info][gc,heap     ] GC(109) y:      Used:     7036M (86%)        7074M (86%)        3246M (40%)         152M (2%)     
[843.818s][info][gc,heap     ] GC(109) y:      Live:         -                63M (1%)           63M (1%)           63M (1%)     
[843.818s][info][gc,heap     ] GC(109) y:   Garbage:         -              6972M (85%)        3142M (38%)           1M (0%)     
[843.818s][info][gc,heap     ] GC(109) y: Allocated:         -                38M (0%)           40M (0%)           87M (1%)     
[843.818s][info][gc,heap     ] GC(109) y: Reclaimed:         -                  -              3830M (47%)        6971M (85%)    
[843.818s][info][gc,heap     ] GC(109) y:  Promoted:         -                  -                 0M (0%)            0M (0%)     
[843.818s][info][gc,heap     ] GC(109) y: Compacted:         -                  -                  -                60M (1%)     
[843.818s][info][gc,phases   ] GC(109) y: Young Generation 7572M(92%)->688M(8%) 0.139s
[843.818s][info][gc          ] GC(109) Minor Collection (Allocation Rate) 7572M(92%)->688M(8%) 0.140s
[852.988s][info][gc          ] GC(110) Minor Collection (Allocation Rate)
[852.988s][info][gc,task     ] GC(110) Using 1 Workers for Young Generation
[852.988s][info][gc,phases   ] GC(110) y: Young Generation
[852.988s][info][gc,phases   ] GC(110) y: Pause Mark Start 0.013ms
[853.106s][info][gc,phases   ] GC(110) y: Concurrent Mark 118.234ms
[853.106s][info][gc,phases   ] GC(110) y: Pause Mark End 0.009ms
[853.106s][info][gc,phases   ] GC(110) y: Concurrent Mark Free 0.000ms
[853.106s][info][gc,phases   ] GC(110) y: Concurrent Reset Relocation Set 0.148ms
[853.108s][info][gc,reloc    ] GC(110) y: Using tenuring threshold: 7 (Computed)
[853.120s][info][gc,phases   ] GC(110) y: Concurrent Select Relocation Set 13.988ms
[853.120s][info][gc,phases   ] GC(110) y: Pause Relocate Start 0.009ms
[853.192s][info][gc,phases   ] GC(110) y: Concurrent Relocate 71.582ms
[853.192s][info][gc,alloc    ] GC(110) y:                         Mark Start        Mark End      Relocate Start    Relocate End   
[853.192s][info][gc,alloc    ] GC(110) y: Allocation Stalls:          0                0                0                0         
[853.192s][info][gc,load     ] GC(110) y: Load: 0.00 (0%) / 0.00 (0%) / 0.00 (0%)
[853.192s][info][gc,mmu      ] GC(110) y: MMU: 2ms/76.4%, 5ms/90.6%, 10ms/95.3%, 20ms/97.6%, 50ms/99.1%, 100ms/99.5%
[853.192s][info][gc,marking  ] GC(110) y: Mark: 1 stripe(s), 2 proactive flush(es), 1 terminate flush(es), 0 completion(s), 0 continuation(s) 
[853.192s][info][gc,marking  ] GC(110) y: Mark Stack Usage: 32M
[853.192s][info][gc,nmethod  ] GC(110) y: NMethods: 6179 registered, 3880 unregistered
[853.192s][info][gc,metaspace] GC(110) y: Metaspace: 131M used, 132M committed, 1152M reserved
[853.192s][info][gc,reloc    ] GC(110) y:                        Candidates     Selected     In-Place         Size        Empty    Relocated 
[853.192s][info][gc,reloc    ] GC(110) y: Small Pages:                 3563         2466            0        7126M        2092M          77M 
[853.192s][info][gc,reloc    ] GC(110) y: Medium Pages:                   0            0            0           0M           0M           0M 
[853.192s][info][gc,reloc    ] GC(110) y: Large Pages:                    0            0            0           0M           0M           0M 
[853.192s][info][gc,reloc    ] GC(110) y: Forwarding Usage: 25M
[853.192s][info][gc,reloc    ] GC(110) y: Age Table:
[853.192s][info][gc,reloc    ] GC(110) y:                    Live             Garbage             Small              Medium             Large        
[853.192s][info][gc,reloc    ] GC(110) y: Eden              82M (1%)         6947M (85%)       3515 / 2427           0 / 0              0 / 0        
[853.192s][info][gc,reloc    ] GC(110) y: Survivor 1         5M (0%)           66M (1%)          36 / 32             0 / 0              0 / 0        
[853.192s][info][gc,reloc    ] GC(110) y: Survivor 2         0M (0%)            5M (0%)           3 / 1              0 / 0              0 / 0        
[853.192s][info][gc,reloc    ] GC(110) y: Survivor 3         0M (0%)            1M (0%)           1 / 1              0 / 0              0 / 0        
[853.192s][info][gc,reloc    ] GC(110) y: Survivor 4         0M (0%)            5M (0%)           3 / 1              0 / 0              0 / 0        
[853.192s][info][gc,reloc    ] GC(110) y: Survivor 5         0M (0%)            1M (0%)           1 / 1              0 / 0              0 / 0        
[853.192s][info][gc,reloc    ] GC(110) y: Survivor 6         0M (0%)            1M (0%)           1 / 1              0 / 0              0 / 0        
[853.192s][info][gc,reloc    ] GC(110) y: Survivor 7         0M (0%)            5M (0%)           3 / 2              0 / 0              0 / 0        
[853.192s][info][gc,heap     ] GC(110) y: Min Capacity: 8192M(100%)
[853.192s][info][gc,heap     ] GC(110) y: Max Capacity: 8192M(100%)
[853.192s][info][gc,heap     ] GC(110) y: Soft Max Capacity: 8192M(100%)
[853.192s][info][gc,heap     ] GC(110) y: Heap Statistics:
[853.192s][info][gc,heap     ] GC(110) y:                Mark Start          Mark End        Relocate Start      Relocate End           High               Low         
[853.192s][info][gc,heap     ] GC(110) y:  Capacity:     8192M (100%)       8192M (100%)       8192M (100%)       8192M (100%)       8192M (100%)       8192M (100%)   
[853.192s][info][gc,heap     ] GC(110) y:      Free:      530M (6%)          388M (5%)         2466M (30%)        7290M (89%)        7292M (89%)         388M (5%)     
[853.192s][info][gc,heap     ] GC(110) y:      Used:     7662M (94%)        7804M (95%)        5726M (70%)         902M (11%)        7804M (95%)         900M (11%)    
[853.192s][info][gc,heap     ] GC(110) y: Young Generation Statistics:
[853.192s][info][gc,heap     ] GC(110) y:                Mark Start          Mark End        Relocate Start      Relocate End    
[853.192s][info][gc,heap     ] GC(110) y:      Used:     7126M (87%)        7268M (89%)        5190M (63%)         362M (4%)     
[853.192s][info][gc,heap     ] GC(110) y:      Live:         -                87M (1%)           87M (1%)           87M (1%)     
[853.192s][info][gc,heap     ] GC(110) y:   Garbage:         -              7038M (86%)        4946M (60%)           1M (0%)     
[853.192s][info][gc,heap     ] GC(110) y: Allocated:         -               142M (2%)          156M (2%)          273M (3%)     
[853.192s][info][gc,heap     ] GC(110) y: Reclaimed:         -                  -              2092M (26%)        7036M (86%)    
[853.192s][info][gc,heap     ] GC(110) y:  Promoted:         -                  -                 0M (0%)            0M (0%)     
[853.192s][info][gc,heap     ] GC(110) y: Compacted:         -                  -                  -                86M (1%)     
[853.192s][info][gc,phases   ] GC(110) y: Young Generation 7662M(94%)->902M(11%) 0.204s
[853.192s][info][gc          ] GC(110) Minor Collection (Allocation Rate) 7662M(94%)->902M(11%) 0.205s
[858.467s][info][gc          ] GC(111) Major Collection (Proactive)
[858.467s][info][gc,task     ] GC(111) Using 1 Workers for Young Generation
[858.467s][info][gc,task     ] GC(111) Using 1 Workers for Old Generation
[858.467s][info][gc,phases   ] GC(111) Y: Young Generation
[858.467s][info][gc,phases   ] GC(111) Y: Pause Mark Start (Major) 0.014ms
[858.612s][info][gc,phases   ] GC(111) Y: Concurrent Mark 144.716ms
[858.612s][info][gc,phases   ] GC(111) Y: Pause Mark End 0.009ms
[858.612s][info][gc,phases   ] GC(111) Y: Concurrent Mark Free 0.000ms
[858.613s][info][gc,phases   ] GC(111) Y: Concurrent Reset Relocation Set 0.212ms
[858.615s][info][gc,reloc    ] GC(111) Y: Using tenuring threshold: 8 (Computed)
[858.632s][info][gc,phases   ] GC(111) Y: Concurrent Select Relocation Set 19.135ms
[858.632s][info][gc,phases   ] GC(111) Y: Pause Relocate Start 0.009ms
[858.719s][info][gc,phases   ] GC(111) Y: Concurrent Relocate 87.337ms
[858.719s][info][gc,alloc    ] GC(111) Y:                         Mark Start        Mark End      Relocate Start    Relocate End   
[858.719s][info][gc,alloc    ] GC(111) Y: Allocation Stalls:          0                0                0                0         
[858.719s][info][gc,load     ] GC(111) Y: Load: 0.00 (0%) / 0.00 (0%) / 0.00 (0%)
[858.719s][info][gc,mmu      ] GC(111) Y: MMU: 2ms/76.4%, 5ms/90.6%, 10ms/95.3%, 20ms/97.6%, 50ms/99.1%, 100ms/99.5%
[858.719s][info][gc,marking  ] GC(111) Y: Mark: 1 stripe(s), 2 proactive flush(es), 1 terminate flush(es), 0 completion(s), 0 continuation(s) 
[858.719s][info][gc,marking  ] GC(111) Y: Mark Stack Usage: 32M
[858.719s][info][gc,nmethod  ] GC(111) Y: NMethods: 6184 registered, 3880 unregistered
[858.719s][info][gc,metaspace] GC(111) Y: Metaspace: 131M used, 132M committed, 1152M reserved
[858.719s][info][gc,reloc    ] GC(111) Y:                        Candidates     Selected     In-Place         Size        Empty    Relocated 
[858.719s][info][gc,reloc    ] GC(111) Y: Small Pages:                 2563         1877            0        5126M        1240M          96M 
[858.719s][info][gc,reloc    ] GC(111) Y: Medium Pages:                   0            0            0           0M           0M           0M 
[858.719s][info][gc,reloc    ] GC(111) Y: Large Pages:                    0            0            0           0M           0M           0M 
[858.719s][info][gc,reloc    ] GC(111) Y: Forwarding Usage: 29M
[858.719s][info][gc,reloc    ] GC(111) Y: Age Table:
[858.719s][info][gc,reloc    ] GC(111) Y:                    Live             Garbage             Small              Medium             Large        
[858.719s][info][gc,reloc    ] GC(111) Y: Eden              97M (1%)         4902M (60%)       2500 / 1825           0 / 0              0 / 0        
[858.719s][info][gc,reloc    ] GC(111) Y: Survivor 1        13M (0%)           80M (1%)          47 / 40             0 / 0              0 / 0        
[858.719s][info][gc,reloc    ] GC(111) Y: Survivor 2         2M (0%)            9M (0%)           6 / 3              0 / 0              0 / 0        
[858.719s][info][gc,reloc    ] GC(111) Y: Survivor 3         0M (0%)            3M (0%)           2 / 1              0 / 0              0 / 0        
[858.719s][info][gc,reloc    ] GC(111) Y: Survivor 4         0M (0%)            5M (0%)           3 / 3              0 / 0              0 / 0        
[858.719s][info][gc,reloc    ] GC(111) Y: Survivor 5         0M (0%)            1M (0%)           1 / 1              0 / 0              0 / 0        
[858.719s][info][gc,reloc    ] GC(111) Y: Survivor 6         0M (0%)            3M (0%)           2 / 2              0 / 0              0 / 0        
[858.719s][info][gc,reloc    ] GC(111) Y: Survivor 7         0M (0%)            3M (0%)           2 / 2              0 / 0              0 / 0        
[858.719s][info][gc,heap     ] GC(111) Y: Min Capacity: 8192M(100%)
[858.719s][info][gc,heap     ] GC(111) Y: Max Capacity: 8192M(100%)
[858.719s][info][gc,heap     ] GC(111) Y: Soft Max Capacity: 8192M(100%)
[858.719s][info][gc,heap     ] GC(111) Y: Heap Statistics:
[858.719s][info][gc,heap     ] GC(111) Y:                Mark Start          Mark End        Relocate Start      Relocate End           High               Low         
[858.719s][info][gc,heap     ] GC(111) Y:  Capacity:     8192M (100%)       8192M (100%)       8192M (100%)       8192M (100%)       8192M (100%)       8192M (100%)   
[858.719s][info][gc,heap     ] GC(111) Y:      Free:     2526M (31%)        2364M (29%)        3562M (43%)        7158M (87%)        7160M (87%)        2362M (29%)    
[858.719s][info][gc,heap     ] GC(111) Y:      Used:     5666M (69%)        5828M (71%)        4630M (57%)        1034M (13%)        5830M (71%)        1032M (13%)    
[858.720s][info][gc,heap     ] GC(111) Y: Young Generation Statistics:
[858.720s][info][gc,heap     ] GC(111) Y:                Mark Start          Mark End        Relocate Start      Relocate End    
[858.720s][info][gc,heap     ] GC(111) Y:      Used:     5126M (63%)        5288M (65%)        4090M (50%)         494M (6%)     
[858.720s][info][gc,heap     ] GC(111) Y:      Live:         -               113M (1%)          113M (1%)          113M (1%)     
[858.720s][info][gc,heap     ] GC(111) Y:   Garbage:         -              5012M (61%)        3772M (46%)           1M (0%)     
[858.720s][info][gc,heap     ] GC(111) Y: Allocated:         -               162M (2%)          204M (2%)          378M (5%)     
[858.720s][info][gc,heap     ] GC(111) Y: Reclaimed:         -                  -              1240M (15%)        5010M (61%)    
[858.720s][info][gc,heap     ] GC(111) Y:  Promoted:         -                  -                 0M (0%)            0M (0%)     
[858.720s][info][gc,heap     ] GC(111) Y: Compacted:         -                  -                  -               111M (1%)     
[858.720s][info][gc,phases   ] GC(111) Y: Young Generation 5666M(69%)->1034M(13%) 0.252s
[858.720s][info][gc,phases   ] GC(111) O: Old Generation
[859.433s][info][gc,phases   ] GC(111) O: Concurrent Mark 712.999ms
[859.433s][info][gc,phases   ] GC(111) O: Pause Mark End 0.010ms
[859.433s][info][gc,phases   ] GC(111) O: Concurrent Mark Free 0.000ms
[859.445s][info][gc,phases   ] GC(111) O: Concurrent Process Non-Strong 12.003ms
[859.445s][info][gc,phases   ] GC(111) O: Concurrent Reset Relocation Set 0.001ms
[859.446s][info][gc,phases   ] GC(111) O: Concurrent Select Relocation Set 1.620ms
[859.446s][info][gc,task     ] GC(111) O: Using 2 Workers for Old Generation
[859.509s][info][gc,task     ] GC(111) O: Using 1 Workers for Old Generation
[859.509s][info][gc,phases   ] GC(111) O: Concurrent Remap Roots 62.422ms
[859.509s][info][gc,phases   ] GC(111) O: Pause Relocate Start 0.009ms
[859.512s][info][gc,phases   ] GC(111) O: Concurrent Relocate 2.545ms
[859.512s][info][gc,alloc    ] GC(111) O:                         Mark Start        Mark End      Relocate Start    Relocate End   
[859.512s][info][gc,alloc    ] GC(111) O: Allocation Stalls:          0                0                0                0         
[859.512s][info][gc,load     ] GC(111) O: Load: 0.00 (0%) / 0.00 (0%) / 0.00 (0%)
[859.512s][info][gc,mmu      ] GC(111) O: MMU: 2ms/76.4%, 5ms/90.6%, 10ms/95.3%, 20ms/97.6%, 50ms/99.1%, 100ms/99.5%
[859.512s][info][gc,marking  ] GC(111) O: Mark: 1 stripe(s), 2 proactive flush(es), 1 terminate flush(es), 0 completion(s), 0 continuation(s) 
[859.512s][info][gc,marking  ] GC(111) O: Mark Stack Usage: 32M
[859.512s][info][gc,nmethod  ] GC(111) O: NMethods: 6116 registered, 3948 unregistered
[859.512s][info][gc,metaspace] GC(111) O: Metaspace: 131M used, 132M committed, 1152M reserved
[859.512s][info][gc,ref      ] GC(111) O:                       Encountered   Discovered     Enqueued 
[859.512s][info][gc,ref      ] GC(111) O: Soft References:             6087            0            0 
[859.512s][info][gc,ref      ] GC(111) O: Weak References:            23353        12759            0 
[859.512s][info][gc,ref      ] GC(111) O: Final References:              34            0            0 
[859.512s][info][gc,ref      ] GC(111) O: Phantom References:           949          711            0 
[859.512s][info][gc,reloc    ] GC(111) O:                        Candidates     Selected     In-Place         Size        Empty    Relocated 
[859.512s][info][gc,reloc    ] GC(111) O: Small Pages:                  238            7            0         476M           0M           1M 
[859.512s][info][gc,reloc    ] GC(111) O: Medium Pages:                   2            0            0          64M           0M           0M 
[859.512s][info][gc,reloc    ] GC(111) O: Large Pages:                    0            0            0           0M           0M           0M 
[859.512s][info][gc,reloc    ] GC(111) O: Forwarding Usage: 0M
[859.512s][info][gc,heap     ] GC(111) O: Min Capacity: 8192M(100%)
[859.512s][info][gc,heap     ] GC(111) O: Max Capacity: 8192M(100%)
[859.512s][info][gc,heap     ] GC(111) O: Soft Max Capacity: 8192M(100%)
[859.512s][info][gc,heap     ] GC(111) O: Heap Statistics:
[859.512s][info][gc,heap     ] GC(111) O:                Mark Start          Mark End        Relocate Start      Relocate End           High               Low         
[859.512s][info][gc,heap     ] GC(111) O:  Capacity:     8192M (100%)       8192M (100%)       8192M (100%)       8192M (100%)       8192M (100%)       8192M (100%)   
[859.512s][info][gc,heap     ] GC(111) O:      Free:     2526M (31%)        6440M (79%)        6392M (78%)        6392M (78%)        7160M (87%)        2362M (29%)    
[859.512s][info][gc,heap     ] GC(111) O:      Used:     5666M (69%)        1752M (21%)        1800M (22%)        1800M (22%)        5830M (71%)        1032M (13%)    
[859.512s][info][gc,heap     ] GC(111) O: Old Generation Statistics:
[859.512s][info][gc,heap     ] GC(111) O:                Mark Start          Mark End        Relocate Start      Relocate End    
[859.512s][info][gc,heap     ] GC(111) O:      Used:      540M (7%)          540M (7%)          540M (7%)          540M (7%)     
[859.512s][info][gc,heap     ] GC(111) O:      Live:         -               474M (6%)          474M (6%)          474M (6%)     
[859.512s][info][gc,heap     ] GC(111) O:   Garbage:         -                65M (1%)           65M (1%)           50M (1%)     
[859.512s][info][gc,heap     ] GC(111) O: Allocated:         -                 0M (0%)            0M (0%)           14M (0%)     
[859.512s][info][gc,heap     ] GC(111) O: Reclaimed:         -                  -                 0M (0%)           14M (0%)     
[859.512s][info][gc,heap     ] GC(111) O: Compacted:         -                  -                  -                 1M (0%)     
[859.512s][info][gc,phases   ] GC(111) O: Old Generation 1034M(13%)->1800M(22%) 0.792s
[859.512s][info][gc          ] GC(111) Major Collection (Proactive) 5666M(69%)->1800M(22%) 1.045s
[866.565s][info][gc          ] GC(112) Minor Collection (Allocation Rate)
[866.565s][info][gc,task     ] GC(112) Using 1 Workers for Young Generation
[866.565s][info][gc,phases   ] GC(112) y: Young Generation
[866.565s][info][gc,phases   ] GC(112) y: Pause Mark Start 0.019ms
[866.669s][info][gc,phases   ] GC(112) y: Concurrent Mark 103.640ms
[866.669s][info][gc,phases   ] GC(112) y: Pause Mark End 0.011ms
[866.669s][info][gc,phases   ] GC(112) y: Concurrent Mark Free 0.000ms
[866.669s][info][gc,phases   ] GC(112) y: Concurrent Reset Relocation Set 0.216ms
[866.673s][info][gc,reloc    ] GC(112) y: Using tenuring threshold: 8 (Computed)
[866.676s][info][gc,phases   ] GC(112) y: Concurrent Select Relocation Set 6.813ms
[866.676s][info][gc,phases   ] GC(112) y: Pause Relocate Start 0.009ms
[866.735s][info][gc,phases   ] GC(112) y: Concurrent Relocate 59.024ms
[866.735s][info][gc,alloc    ] GC(112) y:                         Mark Start        Mark End      Relocate Start    Relocate End   
[866.735s][info][gc,alloc    ] GC(112) y: Allocation Stalls:          0                0                0                0         
[866.735s][info][gc,load     ] GC(112) y: Load: 0.00 (0%) / 0.00 (0%) / 0.00 (0%)
[866.735s][info][gc,mmu      ] GC(112) y: MMU: 2ms/76.4%, 5ms/90.6%, 10ms/95.3%, 20ms/97.6%, 50ms/99.1%, 100ms/99.5%
[866.735s][info][gc,marking  ] GC(112) y: Mark: 1 stripe(s), 2 proactive flush(es), 1 terminate flush(es), 0 completion(s), 0 continuation(s) 
[866.735s][info][gc,marking  ] GC(112) y: Mark Stack Usage: 32M
[866.735s][info][gc,nmethod  ] GC(112) y: NMethods: 6121 registered, 3948 unregistered
[866.735s][info][gc,metaspace] GC(112) y: Metaspace: 131M used, 132M committed, 1152M reserved
[866.735s][info][gc,reloc    ] GC(112) y:                        Candidates     Selected     In-Place         Size        Empty    Relocated 
[866.735s][info][gc,reloc    ] GC(112) y: Small Pages:                 3460         1715            0        6920M        3402M          67M 
[866.736s][info][gc,reloc    ] GC(112) y: Medium Pages:                   0            0            0           0M           0M           0M 
[866.736s][info][gc,reloc    ] GC(112) y: Large Pages:                    0            0            0           0M           0M           0M 
[866.736s][info][gc,reloc    ] GC(112) y: Forwarding Usage: 22M
[866.736s][info][gc,reloc    ] GC(112) y: Age Table:
[866.736s][info][gc,reloc    ] GC(112) y:                    Live             Garbage             Small              Medium             Large        
[866.736s][info][gc,reloc    ] GC(112) y: Eden              73M (1%)         6680M (82%)       3377 / 1637           0 / 0              0 / 0        
[866.736s][info][gc,reloc    ] GC(112) y: Survivor 1         0M (0%)          109M (1%)          55 / 52             0 / 0              0 / 0        
[866.736s][info][gc,reloc    ] GC(112) y: Survivor 2         1M (0%)           28M (0%)          15 / 14             0 / 0              0 / 0        
[866.736s][info][gc,reloc    ] GC(112) y: Survivor 3         0M (0%)            9M (0%)           5 / 4              0 / 0              0 / 0        
[866.736s][info][gc,reloc    ] GC(112) y: Survivor 4         0M (0%)            1M (0%)           1 / 1              0 / 0              0 / 0        
[866.736s][info][gc,reloc    ] GC(112) y: Survivor 5         0M (0%)            3M (0%)           2 / 2              0 / 0              0 / 0        
[866.736s][info][gc,reloc    ] GC(112) y: Survivor 6         0M (0%)            1M (0%)           1 / 1              0 / 0              0 / 0        
[866.736s][info][gc,reloc    ] GC(112) y: Survivor 7         0M (0%)            5M (0%)           3 / 3              0 / 0              0 / 0        
[866.736s][info][gc,reloc    ] GC(112) y: Survivor 8         0M (0%)            1M (0%)           1 / 1              0 / 0              0 / 0        
[866.736s][info][gc,heap     ] GC(112) y: Min Capacity: 8192M(100%)
[866.736s][info][gc,heap     ] GC(112) y: Max Capacity: 8192M(100%)
[866.736s][info][gc,heap     ] GC(112) y: Soft Max Capacity: 8192M(100%)
[866.736s][info][gc,heap     ] GC(112) y: Heap Statistics:
[866.736s][info][gc,heap     ] GC(112) y:                Mark Start          Mark End        Relocate Start      Relocate End           High               Low         
[866.736s][info][gc,heap     ] GC(112) y:  Capacity:     8192M (100%)       8192M (100%)       8192M (100%)       8192M (100%)       8192M (100%)       8192M (100%)   
[866.736s][info][gc,heap     ] GC(112) y:      Free:      732M (9%)          658M (8%)         4060M (50%)        7424M (91%)        7424M (91%)         658M (8%)     
[866.736s][info][gc,heap     ] GC(112) y:      Used:     7460M (91%)        7534M (92%)        4132M (50%)         768M (9%)         7534M (92%)         768M (9%)     
[866.736s][info][gc,heap     ] GC(112) y: Young Generation Statistics:
[866.736s][info][gc,heap     ] GC(112) y:                Mark Start          Mark End        Relocate Start      Relocate End    
[866.736s][info][gc,heap     ] GC(112) y:      Used:     6920M (84%)        6994M (85%)        3592M (44%)         226M (3%)     
[866.736s][info][gc,heap     ] GC(112) y:      Live:         -                76M (1%)           76M (1%)           76M (1%)     
[866.736s][info][gc,heap     ] GC(112) y:   Garbage:         -              6843M (84%)        3441M (42%)           0M (0%)     
[866.736s][info][gc,heap     ] GC(112) y: Allocated:         -                74M (1%)           74M (1%)          149M (2%)     
[866.736s][info][gc,heap     ] GC(112) y: Reclaimed:         -                  -              3402M (42%)        6843M (84%)    
[866.736s][info][gc,heap     ] GC(112) y:  Promoted:         -                  -                 0M (0%)            0M (0%)     
[866.736s][info][gc,heap     ] GC(112) y: Compacted:         -                  -                  -                76M (1%)     
[866.736s][info][gc,phases   ] GC(112) y: Young Generation 7460M(91%)->768M(9%) 0.170s
[866.736s][info][gc          ] GC(112) Minor Collection (Allocation Rate) 7460M(91%)->768M(9%) 0.171s
[875.706s][info][gc          ] GC(113) Minor Collection (Allocation Rate)
[875.706s][info][gc,task     ] GC(113) Using 1 Workers for Young Generation
[875.706s][info][gc,phases   ] GC(113) y: Young Generation
[875.706s][info][gc,phases   ] GC(113) y: Pause Mark Start 0.019ms
[875.874s][info][gc,phases   ] GC(113) y: Concurrent Mark 168.081ms
[875.874s][info][gc,phases   ] GC(113) y: Pause Mark End 0.009ms
[875.875s][info][gc,phases   ] GC(113) y: Concurrent Mark Free 0.000ms
[875.875s][info][gc,phases   ] GC(113) y: Concurrent Reset Relocation Set 0.154ms
[875.878s][info][gc,reloc    ] GC(113) y: Using tenuring threshold: 3 (Computed)
[875.897s][info][gc,phases   ] GC(113) y: Concurrent Select Relocation Set 22.364ms
[875.897s][info][gc,phases   ] GC(113) y: Pause Relocate Start 0.012ms
[875.995s][info][gc,phases   ] GC(113) y: Concurrent Relocate 98.187ms
[875.995s][info][gc,alloc    ] GC(113) y:                         Mark Start        Mark End      Relocate Start    Relocate End   
[875.996s][info][gc,alloc    ] GC(113) y: Allocation Stalls:          0                0                0                0         
[875.996s][info][gc,load     ] GC(113) y: Load: 0.00 (0%) / 0.00 (0%) / 0.00 (0%)
[875.996s][info][gc,mmu      ] GC(113) y: MMU: 2ms/76.4%, 5ms/90.6%, 10ms/95.3%, 20ms/97.6%, 50ms/99.1%, 100ms/99.5%
[875.996s][info][gc,marking  ] GC(113) y: Mark: 1 stripe(s), 2 proactive flush(es), 1 terminate flush(es), 0 completion(s), 0 continuation(s) 
[875.996s][info][gc,marking  ] GC(113) y: Mark Stack Usage: 32M
[875.996s][info][gc,nmethod  ] GC(113) y: NMethods: 6127 registered, 3948 unregistered
[875.996s][info][gc,metaspace] GC(113) y: Metaspace: 131M used, 132M committed, 1152M reserved
[875.996s][info][gc,reloc    ] GC(113) y:                        Candidates     Selected     In-Place         Size        Empty    Relocated 
[875.996s][info][gc,reloc    ] GC(113) y: Small Pages:                 3551         2417            0        7102M        2132M          95M 
[875.996s][info][gc,reloc    ] GC(113) y: Medium Pages:                   0            0            0           0M           0M           0M 
[875.996s][info][gc,reloc    ] GC(113) y: Large Pages:                    0            0            0           0M           0M           0M 
[875.996s][info][gc,reloc    ] GC(113) y: Forwarding Usage: 34M
[875.996s][info][gc,reloc    ] GC(113) y: Age Table:
[875.996s][info][gc,reloc    ] GC(113) y:                    Live             Garbage             Small              Medium             Large        
[875.996s][info][gc,reloc    ] GC(113) y: Eden             110M (1%)         6877M (84%)       3494 / 2369           0 / 0              0 / 0        
[875.996s][info][gc,reloc    ] GC(113) y: Survivor 1         7M (0%)           72M (1%)          40 / 34             0 / 0              0 / 0        
[875.996s][info][gc,reloc    ] GC(113) y: Survivor 2         0M (0%)            5M (0%)           3 / 2              0 / 0              0 / 0        
[875.996s][info][gc,reloc    ] GC(113) y: Survivor 3         0M (0%)           11M (0%)           6 / 6              0 / 0              0 / 0        
[875.996s][info][gc,reloc    ] GC(113) y: Survivor 4         0M (0%)            5M (0%)           3 / 1              0 / 0              0 / 0        
[875.996s][info][gc,reloc    ] GC(113) y: Survivor 5         0M (0%)            1M (0%)           1 / 1              0 / 0              0 / 0        
[875.996s][info][gc,reloc    ] GC(113) y: Survivor 6         0M (0%)            3M (0%)           2 / 2              0 / 0              0 / 0        
[875.996s][info][gc,reloc    ] GC(113) y: Survivor 7         0M (0%)            1M (0%)           1 / 1              0 / 0              0 / 0        
[875.996s][info][gc,reloc    ] GC(113) y: Survivor 8         0M (0%)            1M (0%)           1 / 1              0 / 0              0 / 0        
[875.996s][info][gc,heap     ] GC(113) y: Min Capacity: 8192M(100%)
[875.996s][info][gc,heap     ] GC(113) y: Max Capacity: 8192M(100%)
[875.996s][info][gc,heap     ] GC(113) y: Soft Max Capacity: 8192M(100%)
[875.996s][info][gc,heap     ] GC(113) y: Heap Statistics:
[875.996s][info][gc,heap     ] GC(113) y:                Mark Start          Mark End        Relocate Start      Relocate End           High               Low         
[875.996s][info][gc,heap     ] GC(113) y:  Capacity:     8192M (100%)       8192M (100%)       8192M (100%)       8192M (100%)       8192M (100%)       8192M (100%)   
[875.996s][info][gc,heap     ] GC(113) y:      Free:      548M (7%)          262M (3%)         2344M (29%)        7060M (86%)        7060M (86%)         262M (3%)     
[875.996s][info][gc,heap     ] GC(113) y:      Used:     7644M (93%)        7930M (97%)        5848M (71%)        1132M (14%)        7930M (97%)        1132M (14%)    
[875.996s][info][gc,heap     ] GC(113) y: Young Generation Statistics:
[875.996s][info][gc,heap     ] GC(113) y:                Mark Start          Mark End        Relocate Start      Relocate End    
[875.996s][info][gc,heap     ] GC(113) y:      Used:     7102M (87%)        7388M (90%)        5306M (65%)         580M (7%)     
[875.996s][info][gc,heap     ] GC(113) y:      Live:         -               118M (1%)          118M (1%)          117M (1%)     
[875.996s][info][gc,heap     ] GC(113) y:   Garbage:         -              6983M (85%)        4851M (59%)           0M (0%)     
[875.996s][info][gc,heap     ] GC(113) y: Allocated:         -               286M (3%)          336M (4%)          461M (6%)     
[875.996s][info][gc,heap     ] GC(113) y: Reclaimed:         -                  -              2132M (26%)        6982M (85%)    
[875.996s][info][gc,heap     ] GC(113) y:  Promoted:         -                  -                 0M (0%)            0M (0%)     
[875.996s][info][gc,heap     ] GC(113) y: Compacted:         -                  -                  -               112M (1%)     
[875.996s][info][gc,phases   ] GC(113) y: Young Generation 7644M(93%)->1132M(14%) 0.289s
[875.996s][info][gc          ] GC(113) Minor Collection (Allocation Rate) 7644M(93%)->1132M(14%) 0.290s
[881.975s][info][gc          ] GC(114) Minor Collection (Allocation Rate)
[881.976s][info][gc,task     ] GC(114) Using 1 Workers for Young Generation
[881.976s][info][gc,phases   ] GC(114) y: Young Generation
[881.976s][info][gc,phases   ] GC(114) y: Pause Mark Start 0.013ms
[882.112s][info][gc,phases   ] GC(114) y: Concurrent Mark 136.045ms
[882.112s][info][gc,phases   ] GC(114) y: Pause Mark End 0.011ms
[882.112s][info][gc,phases   ] GC(114) y: Concurrent Mark Free 0.000ms
[882.112s][info][gc,phases   ] GC(114) y: Concurrent Reset Relocation Set 0.263ms
[882.114s][info][gc,reloc    ] GC(114) y: Using tenuring threshold: 4 (Computed)
[882.118s][info][gc,phases   ] GC(114) y: Concurrent Select Relocation Set 5.999ms
[882.118s][info][gc,phases   ] GC(114) y: Pause Relocate Start 0.009ms
[882.210s][info][gc,phases   ] GC(114) y: Concurrent Relocate 91.289ms
[882.210s][info][gc,alloc    ] GC(114) y:                         Mark Start        Mark End      Relocate Start    Relocate End   
[882.210s][info][gc,alloc    ] GC(114) y: Allocation Stalls:          0                0                0                0         
[882.210s][info][gc,load     ] GC(114) y: Load: 0.00 (0%) / 0.00 (0%) / 0.00 (0%)
[882.210s][info][gc,mmu      ] GC(114) y: MMU: 2ms/76.4%, 5ms/90.6%, 10ms/95.3%, 20ms/97.6%, 50ms/99.1%, 100ms/99.5%
[882.210s][info][gc,marking  ] GC(114) y: Mark: 1 stripe(s), 2 proactive flush(es), 1 terminate flush(es), 0 completion(s), 0 continuation(s) 
[882.210s][info][gc,marking  ] GC(114) y: Mark Stack Usage: 32M
[882.210s][info][gc,nmethod  ] GC(114) y: NMethods: 6137 registered, 3948 unregistered
[882.210s][info][gc,metaspace] GC(114) y: Metaspace: 131M used, 132M committed, 1152M reserved
[882.210s][info][gc,reloc    ] GC(114) y:                        Candidates     Selected     In-Place         Size        Empty    Relocated 
[882.210s][info][gc,reloc    ] GC(114) y: Small Pages:                 3258         1837            0        6516M        2694M         109M 
[882.210s][info][gc,reloc    ] GC(114) y: Medium Pages:                   0            0            0           0M           0M           0M 
[882.210s][info][gc,reloc    ] GC(114) y: Large Pages:                    0            0            0           0M           0M           0M 
[882.210s][info][gc,reloc    ] GC(114) y: Forwarding Usage: 31M
[882.210s][info][gc,reloc    ] GC(114) y: Age Table:
[882.210s][info][gc,reloc    ] GC(114) y:                    Live             Garbage             Small              Medium             Large        
[882.210s][info][gc,reloc    ] GC(114) y: Eden             114M (1%)         6259M (76%)       3187 / 1778           0 / 0              0 / 0        
[882.210s][info][gc,reloc    ] GC(114) y: Survivor 1        12M (0%)          109M (1%)          61 / 49             0 / 0              0 / 0        
[882.210s][info][gc,reloc    ] GC(114) y: Survivor 2         2M (0%)           13M (0%)           8 / 8              0 / 0              0 / 0        
[882.210s][info][gc,reloc    ] GC(114) y: Survivor 3         0M (0%)            3M (0%)           2 / 2              0 / 0              0 / 0        
[882.210s][info][gc,heap     ] GC(114) y: Min Capacity: 8192M(100%)
[882.210s][info][gc,heap     ] GC(114) y: Max Capacity: 8192M(100%)
[882.210s][info][gc,heap     ] GC(114) y: Soft Max Capacity: 8192M(100%)
[882.210s][info][gc,heap     ] GC(114) y: Heap Statistics:
[882.210s][info][gc,heap     ] GC(114) y:                Mark Start          Mark End        Relocate Start      Relocate End           High               Low         
[882.210s][info][gc,heap     ] GC(114) y:  Capacity:     8192M (100%)       8192M (100%)       8192M (100%)       8192M (100%)       8192M (100%)       8192M (100%)   
[882.210s][info][gc,heap     ] GC(114) y:      Free:     1124M (14%)         978M (12%)        3668M (45%)        7262M (89%)        7268M (89%)         976M (12%)    
[882.210s][info][gc,heap     ] GC(114) y:      Used:     7068M (86%)        7214M (88%)        4524M (55%)         930M (11%)        7216M (88%)         924M (11%)    
[882.210s][info][gc,heap     ] GC(114) y: Young Generation Statistics:
[882.210s][info][gc,heap     ] GC(114) y:                Mark Start          Mark End        Relocate Start      Relocate End    
[882.210s][info][gc,heap     ] GC(114) y:      Used:     6516M (80%)        6662M (81%)        3972M (48%)         378M (5%)     
[882.210s][info][gc,heap     ] GC(114) y:      Live:         -               129M (2%)          129M (2%)          129M (2%)     
[882.210s][info][gc,heap     ] GC(114) y:   Garbage:         -              6386M (78%)        3692M (45%)           0M (0%)     
[882.210s][info][gc,heap     ] GC(114) y: Allocated:         -               146M (2%)          150M (2%)          248M (3%)     
[882.210s][info][gc,heap     ] GC(114) y: Reclaimed:         -                  -              2694M (33%)        6386M (78%)    
[882.210s][info][gc,heap     ] GC(114) y:  Promoted:         -                  -                 0M (0%)            0M (0%)     
[882.210s][info][gc,heap     ] GC(114) y: Compacted:         -                  -                  -               125M (2%)     
[882.210s][info][gc,phases   ] GC(114) y: Young Generation 7068M(86%)->930M(11%) 0.234s
[882.210s][info][gc          ] GC(114) Minor Collection (Allocation Rate) 7068M(86%)->932M(11%) 0.235s
[891.094s][info][gc          ] GC(115) Minor Collection (Allocation Rate)
[891.094s][info][gc,task     ] GC(115) Using 1 Workers for Young Generation
[891.094s][info][gc,phases   ] GC(115) y: Young Generation
[891.094s][info][gc,phases   ] GC(115) y: Pause Mark Start 0.020ms
[891.204s][info][gc,phases   ] GC(115) y: Concurrent Mark 109.299ms
[891.204s][info][gc,phases   ] GC(115) y: Pause Mark End 0.008ms
[891.204s][info][gc,phases   ] GC(115) y: Concurrent Mark Free 0.000ms
[891.204s][info][gc,phases   ] GC(115) y: Concurrent Reset Relocation Set 0.162ms
[891.207s][info][gc,reloc    ] GC(115) y: Using tenuring threshold: 5 (Computed)
[891.211s][info][gc,phases   ] GC(115) y: Concurrent Select Relocation Set 6.893ms
[891.211s][info][gc,phases   ] GC(115) y: Pause Relocate Start 0.008ms
[891.272s][info][gc,phases   ] GC(115) y: Concurrent Relocate 60.854ms
[891.272s][info][gc,alloc    ] GC(115) y:                         Mark Start        Mark End      Relocate Start    Relocate End   
[891.272s][info][gc,alloc    ] GC(115) y: Allocation Stalls:          0                0                0                0         
[891.272s][info][gc,load     ] GC(115) y: Load: 0.00 (0%) / 0.00 (0%) / 0.00 (0%)
[891.272s][info][gc,mmu      ] GC(115) y: MMU: 2ms/76.4%, 5ms/90.6%, 10ms/95.3%, 20ms/97.6%, 50ms/99.1%, 100ms/99.5%
[891.272s][info][gc,marking  ] GC(115) y: Mark: 1 stripe(s), 2 proactive flush(es), 1 terminate flush(es), 0 completion(s), 0 continuation(s) 
[891.272s][info][gc,marking  ] GC(115) y: Mark Stack Usage: 32M
[891.272s][info][gc,nmethod  ] GC(115) y: NMethods: 6194 registered, 3948 unregistered
[891.272s][info][gc,metaspace] GC(115) y: Metaspace: 131M used, 132M committed, 1152M reserved
[891.272s][info][gc,reloc    ] GC(115) y:                        Candidates     Selected     In-Place         Size        Empty    Relocated 
[891.272s][info][gc,reloc    ] GC(115) y: Small Pages:                 3362         1988            0        6724M        2654M          68M 
[891.272s][info][gc,reloc    ] GC(115) y: Medium Pages:                   1            0            0          32M           0M           0M 
[891.272s][info][gc,reloc    ] GC(115) y: Large Pages:                    0            0            0           0M           0M           0M 
[891.272s][info][gc,reloc    ] GC(115) y: Forwarding Usage: 25M
[891.272s][info][gc,reloc    ] GC(115) y: Age Table:
[891.272s][info][gc,reloc    ] GC(115) y:                    Live             Garbage             Small              Medium             Large        
[891.272s][info][gc,reloc    ] GC(115) y: Eden              82M (1%)         6507M (79%)       3279 / 1926           1 / 0              0 / 0        
[891.272s][info][gc,reloc    ] GC(115) y: Survivor 1         0M (0%)          123M (2%)          62 / 45             0 / 0              0 / 0        
[891.272s][info][gc,reloc    ] GC(115) y: Survivor 2         0M (0%)           21M (0%)          11 / 9              0 / 0              0 / 0        
[891.272s][info][gc,reloc    ] GC(115) y: Survivor 3         0M (0%)           11M (0%)           6 / 5              0 / 0              0 / 0        
[891.272s][info][gc,reloc    ] GC(115) y: Survivor 4         0M (0%)            7M (0%)           4 / 3              0 / 0              0 / 0        
[891.272s][info][gc,heap     ] GC(115) y: Min Capacity: 8192M(100%)
[891.272s][info][gc,heap     ] GC(115) y: Max Capacity: 8192M(100%)
[891.272s][info][gc,heap     ] GC(115) y: Soft Max Capacity: 8192M(100%)
[891.272s][info][gc,heap     ] GC(115) y: Heap Statistics:
[891.272s][info][gc,heap     ] GC(115) y:                Mark Start          Mark End        Relocate Start      Relocate End           High               Low         
[891.272s][info][gc,heap     ] GC(115) y:  Capacity:     8192M (100%)       8192M (100%)       8192M (100%)       8192M (100%)       8192M (100%)       8192M (100%)   
[891.272s][info][gc,heap     ] GC(115) y:      Free:      884M (11%)         770M (9%)         3414M (42%)        7350M (90%)        7350M (90%)         770M (9%)     
[891.272s][info][gc,heap     ] GC(115) y:      Used:     7308M (89%)        7422M (91%)        4778M (58%)         842M (10%)        7422M (91%)         842M (10%)    
[891.272s][info][gc,heap     ] GC(115) y: Young Generation Statistics:
[891.272s][info][gc,heap     ] GC(115) y:                Mark Start          Mark End        Relocate Start      Relocate End    
[891.272s][info][gc,heap     ] GC(115) y:      Used:     6756M (82%)        6870M (84%)        4226M (52%)         290M (4%)     
[891.272s][info][gc,heap     ] GC(115) y:      Live:         -                83M (1%)           83M (1%)           83M (1%)     
[891.272s][info][gc,heap     ] GC(115) y:   Garbage:         -              6672M (81%)        4018M (49%)          30M (0%)     
[891.272s][info][gc,heap     ] GC(115) y: Allocated:         -               114M (1%)          124M (2%)          175M (2%)     
[891.272s][info][gc,heap     ] GC(115) y: Reclaimed:         -                  -              2654M (32%)        6641M (81%)    
[891.272s][info][gc,heap     ] GC(115) y:  Promoted:         -                  -                 0M (0%)            0M (0%)     
[891.272s][info][gc,heap     ] GC(115) y: Compacted:         -                  -                  -                78M (1%)     
[891.272s][info][gc,phases   ] GC(115) y: Young Generation 7308M(89%)->842M(10%) 0.178s
[891.272s][info][gc          ] GC(115) Minor Collection (Allocation Rate) 7308M(89%)->842M(10%) 0.178s
[899.555s][info][gc          ] GC(116) Minor Collection (Allocation Rate)
[899.555s][info][gc,task     ] GC(116) Using 1 Workers for Young Generation
[899.555s][info][gc,phases   ] GC(116) y: Young Generation
[899.555s][info][gc,phases   ] GC(116) y: Pause Mark Start 0.015ms
[899.703s][info][gc,phases   ] GC(116) y: Concurrent Mark 147.454ms
[899.703s][info][gc,phases   ] GC(116) y: Pause Mark End 0.009ms
[899.703s][info][gc,phases   ] GC(116) y: Concurrent Mark Free 0.000ms
[899.703s][info][gc,phases   ] GC(116) y: Concurrent Reset Relocation Set 0.211ms
[899.706s][info][gc,reloc    ] GC(116) y: Using tenuring threshold: 6 (Computed)
[899.718s][info][gc,phases   ] GC(116) y: Concurrent Select Relocation Set 15.277ms
[899.718s][info][gc,phases   ] GC(116) y: Pause Relocate Start 0.008ms
[899.800s][info][gc,phases   ] GC(116) y: Concurrent Relocate 81.684ms
[899.800s][info][gc,alloc    ] GC(116) y:                         Mark Start        Mark End      Relocate Start    Relocate End   
[899.800s][info][gc,alloc    ] GC(116) y: Allocation Stalls:          0                0                0                0         
[899.800s][info][gc,load     ] GC(116) y: Load: 0.00 (0%) / 0.00 (0%) / 0.00 (0%)
[899.800s][info][gc,mmu      ] GC(116) y: MMU: 2ms/76.4%, 5ms/90.6%, 10ms/95.3%, 20ms/97.6%, 50ms/99.1%, 100ms/99.5%
[899.800s][info][gc,marking  ] GC(116) y: Mark: 1 stripe(s), 2 proactive flush(es), 1 terminate flush(es), 0 completion(s), 0 continuation(s) 
[899.800s][info][gc,marking  ] GC(116) y: Mark Stack Usage: 32M
[899.800s][info][gc,nmethod  ] GC(116) y: NMethods: 6206 registered, 3948 unregistered
[899.800s][info][gc,metaspace] GC(116) y: Metaspace: 131M used, 132M committed, 1152M reserved
[899.800s][info][gc,reloc    ] GC(116) y:                        Candidates     Selected     In-Place         Size        Empty    Relocated 
[899.800s][info][gc,reloc    ] GC(116) y: Small Pages:                 3494         2004            0        6988M        2850M          85M 
[899.800s][info][gc,reloc    ] GC(116) y: Medium Pages:                   1            0            0          32M           0M           0M 
[899.800s][info][gc,reloc    ] GC(116) y: Large Pages:                    0            0            0           0M           0M           0M 
[899.800s][info][gc,reloc    ] GC(116) y: Forwarding Usage: 27M
[899.800s][info][gc,reloc    ] GC(116) y: Age Table:
[899.800s][info][gc,reloc    ] GC(116) y:                    Live             Garbage             Small              Medium             Large        
[899.800s][info][gc,reloc    ] GC(116) y: Eden             101M (1%)         6782M (83%)       3442 / 1961           0 / 0              0 / 0        
[899.800s][info][gc,reloc    ] GC(116) y: Survivor 1        14M (0%)          105M (1%)          44 / 35             1 / 0              0 / 0        
[899.800s][info][gc,reloc    ] GC(116) y: Survivor 2         0M (0%)            3M (0%)           2 / 2              0 / 0              0 / 0        
[899.800s][info][gc,reloc    ] GC(116) y: Survivor 3         0M (0%)            5M (0%)           3 / 3              0 / 0              0 / 0        
[899.800s][info][gc,reloc    ] GC(116) y: Survivor 4         0M (0%)            1M (0%)           1 / 1              0 / 0              0 / 0        
[899.800s][info][gc,reloc    ] GC(116) y: Survivor 5         0M (0%)            3M (0%)           2 / 2              0 / 0              0 / 0        
[899.800s][info][gc,heap     ] GC(116) y: Min Capacity: 8192M(100%)
[899.800s][info][gc,heap     ] GC(116) y: Max Capacity: 8192M(100%)
[899.800s][info][gc,heap     ] GC(116) y: Soft Max Capacity: 8192M(100%)
[899.800s][info][gc,heap     ] GC(116) y: Heap Statistics:
[899.800s][info][gc,heap     ] GC(116) y:                Mark Start          Mark End        Relocate Start      Relocate End           High               Low         
[899.800s][info][gc,heap     ] GC(116) y:  Capacity:     8192M (100%)       8192M (100%)       8192M (100%)       8192M (100%)       8192M (100%)       8192M (100%)   
[899.800s][info][gc,heap     ] GC(116) y:      Free:      620M (8%)          414M (5%)         3236M (40%)        7140M (87%)        7140M (87%)         412M (5%)     
[899.800s][info][gc,heap     ] GC(116) y:      Used:     7572M (92%)        7778M (95%)        4956M (60%)        1052M (13%)        7780M (95%)        1052M (13%)    
[899.800s][info][gc,heap     ] GC(116) y: Young Generation Statistics:
[899.800s][info][gc,heap     ] GC(116) y:                Mark Start          Mark End        Relocate Start      Relocate End    
[899.800s][info][gc,heap     ] GC(116) y:      Used:     7020M (86%)        7226M (88%)        4404M (54%)         500M (6%)     
[899.800s][info][gc,heap     ] GC(116) y:      Live:         -               116M (1%)          116M (1%)          116M (1%)     
[899.800s][info][gc,heap     ] GC(116) y:   Garbage:         -              6903M (84%)        4053M (49%)          31M (0%)     
[899.800s][info][gc,heap     ] GC(116) y: Allocated:         -               206M (3%)          234M (3%)          351M (4%)     
[899.800s][info][gc,heap     ] GC(116) y: Reclaimed:         -                  -              2850M (35%)        6871M (84%)    
[899.800s][info][gc,heap     ] GC(116) y:  Promoted:         -                  -                 0M (0%)            0M (0%)     
[899.800s][info][gc,heap     ] GC(116) y: Compacted:         -                  -                  -                96M (1%)     
[899.800s][info][gc,phases   ] GC(116) y: Young Generation 7572M(92%)->1052M(13%) 0.245s
[899.801s][info][gc          ] GC(116) Minor Collection (Allocation Rate) 7572M(92%)->1054M(13%) 0.246s
[905.791s][info][gc          ] GC(117) Minor Collection (Allocation Rate)
[905.791s][info][gc,task     ] GC(117) Using 1 Workers for Young Generation
[905.791s][info][gc,phases   ] GC(117) y: Young Generation
[905.791s][info][gc,phases   ] GC(117) y: Pause Mark Start 0.012ms
[905.881s][info][gc,phases   ] GC(117) y: Concurrent Mark 90.049ms
[905.881s][info][gc,phases   ] GC(117) y: Pause Mark End 0.010ms
[905.881s][info][gc,phases   ] GC(117) y: Concurrent Mark Free 0.000ms
[905.882s][info][gc,phases   ] GC(117) y: Concurrent Reset Relocation Set 0.373ms
[905.884s][info][gc,reloc    ] GC(117) y: Using tenuring threshold: 7 (Computed)
[905.886s][info][gc,phases   ] GC(117) y: Concurrent Select Relocation Set 4.748ms
[905.887s][info][gc,phases   ] GC(117) y: Pause Relocate Start 0.014ms
[905.939s][info][gc,phases   ] GC(117) y: Concurrent Relocate 51.888ms
[905.939s][info][gc,alloc    ] GC(117) y:                         Mark Start        Mark End      Relocate Start    Relocate End   
[905.939s][info][gc,alloc    ] GC(117) y: Allocation Stalls:          0                0                0                0         
[905.939s][info][gc,load     ] GC(117) y: Load: 0.00 (0%) / 0.00 (0%) / 0.00 (0%)
[905.939s][info][gc,mmu      ] GC(117) y: MMU: 2ms/76.4%, 5ms/90.6%, 10ms/95.3%, 20ms/97.6%, 50ms/99.1%, 100ms/99.5%
[905.939s][info][gc,marking  ] GC(117) y: Mark: 1 stripe(s), 2 proactive flush(es), 1 terminate flush(es), 0 completion(s), 0 continuation(s) 
[905.939s][info][gc,marking  ] GC(117) y: Mark Stack Usage: 32M
[905.939s][info][gc,nmethod  ] GC(117) y: NMethods: 6216 registered, 3948 unregistered
[905.939s][info][gc,metaspace] GC(117) y: Metaspace: 131M used, 132M committed, 1152M reserved
[905.939s][info][gc,reloc    ] GC(117) y:                        Candidates     Selected     In-Place         Size        Empty    Relocated 
[905.939s][info][gc,reloc    ] GC(117) y: Small Pages:                 3319          946            0        6638M        4668M          58M 
[905.939s][info][gc,reloc    ] GC(117) y: Medium Pages:                   1            0            0          32M           0M           0M 
[905.939s][info][gc,reloc    ] GC(117) y: Large Pages:                    0            0            0           0M           0M           0M 
[905.939s][info][gc,reloc    ] GC(117) y: Forwarding Usage: 20M
[905.939s][info][gc,reloc    ] GC(117) y: Age Table:
[905.939s][info][gc,reloc    ] GC(117) y:                    Live             Garbage             Small              Medium             Large        
[905.939s][info][gc,reloc    ] GC(117) y: Eden              63M (1%)         6424M (78%)       3244 / 885            0 / 0              0 / 0        
[905.939s][info][gc,reloc    ] GC(117) y: Survivor 1         1M (0%)          110M (1%)          56 / 44             0 / 0              0 / 0        
[905.939s][info][gc,reloc    ] GC(117) y: Survivor 2         5M (0%)           46M (1%)          10 / 8              1 / 0              0 / 0        
[905.939s][info][gc,reloc    ] GC(117) y: Survivor 3         0M (0%)            5M (0%)           3 / 3              0 / 0              0 / 0        
[905.939s][info][gc,reloc    ] GC(117) y: Survivor 4         0M (0%)            5M (0%)           3 / 3              0 / 0              0 / 0        
[905.939s][info][gc,reloc    ] GC(117) y: Survivor 5         0M (0%)            1M (0%)           1 / 1              0 / 0              0 / 0        
[905.939s][info][gc,reloc    ] GC(117) y: Survivor 6         0M (0%)            3M (0%)           2 / 2              0 / 0              0 / 0        
[905.939s][info][gc,heap     ] GC(117) y: Min Capacity: 8192M(100%)
[905.939s][info][gc,heap     ] GC(117) y: Max Capacity: 8192M(100%)
[905.939s][info][gc,heap     ] GC(117) y: Soft Max Capacity: 8192M(100%)
[905.939s][info][gc,heap     ] GC(117) y: Heap Statistics:
[905.939s][info][gc,heap     ] GC(117) y:                Mark Start          Mark End        Relocate Start      Relocate End           High               Low         
[905.939s][info][gc,heap     ] GC(117) y:  Capacity:     8192M (100%)       8192M (100%)       8192M (100%)       8192M (100%)       8192M (100%)       8192M (100%)   
[905.939s][info][gc,heap     ] GC(117) y:      Free:      970M (12%)         896M (11%)        5564M (68%)        7410M (90%)        7410M (90%)         896M (11%)    
[905.939s][info][gc,heap     ] GC(117) y:      Used:     7222M (88%)        7296M (89%)        2628M (32%)         782M (10%)        7296M (89%)         782M (10%)    
[905.939s][info][gc,heap     ] GC(117) y: Young Generation Statistics:
[905.939s][info][gc,heap     ] GC(117) y:                Mark Start          Mark End        Relocate Start      Relocate End    
[905.939s][info][gc,heap     ] GC(117) y:      Used:     6670M (81%)        6744M (82%)        2076M (25%)         230M (3%)     
[905.939s][info][gc,heap     ] GC(117) y:      Live:         -                70M (1%)           70M (1%)           70M (1%)     
[905.939s][info][gc,heap     ] GC(117) y:   Garbage:         -              6599M (81%)        1931M (24%)          29M (0%)     
[905.939s][info][gc,heap     ] GC(117) y: Allocated:         -                74M (1%)           74M (1%)          129M (2%)     
[905.939s][info][gc,heap     ] GC(117) y: Reclaimed:         -                  -              4668M (57%)        6569M (80%)    
[905.939s][info][gc,heap     ] GC(117) y:  Promoted:         -                  -                 0M (0%)            0M (0%)     
[905.939s][info][gc,heap     ] GC(117) y: Compacted:         -                  -                  -                66M (1%)     
[905.939s][info][gc,phases   ] GC(117) y: Young Generation 7222M(88%)->782M(10%) 0.148s
[905.939s][info][gc          ] GC(117) Minor Collection (Allocation Rate) 7222M(88%)->782M(10%) 0.148s
[915.703s][info][gc          ] GC(118) Minor Collection (Allocation Rate)
[915.703s][info][gc,task     ] GC(118) Using 1 Workers for Young Generation
[915.703s][info][gc,phases   ] GC(118) y: Young Generation
[915.703s][info][gc,phases   ] GC(118) y: Pause Mark Start 0.012ms
[915.807s][info][gc,phases   ] GC(118) y: Concurrent Mark 104.280ms
[915.807s][info][gc,phases   ] GC(118) y: Pause Mark End 0.014ms
[915.807s][info][gc,phases   ] GC(118) y: Concurrent Mark Free 0.000ms
[915.807s][info][gc,phases   ] GC(118) y: Concurrent Reset Relocation Set 0.097ms
[915.810s][info][gc,reloc    ] GC(118) y: Using tenuring threshold: 5 (Computed)
[915.822s][info][gc,phases   ] GC(118) y: Concurrent Select Relocation Set 14.162ms
[915.822s][info][gc,phases   ] GC(118) y: Pause Relocate Start 0.008ms
[915.887s][info][gc,phases   ] GC(118) y: Concurrent Relocate 65.291ms
[915.887s][info][gc,alloc    ] GC(118) y:                         Mark Start        Mark End      Relocate Start    Relocate End   
[915.887s][info][gc,alloc    ] GC(118) y: Allocation Stalls:          0                0                0                0         
[915.887s][info][gc,load     ] GC(118) y: Load: 0.00 (0%) / 0.00 (0%) / 0.00 (0%)
[915.887s][info][gc,mmu      ] GC(118) y: MMU: 2ms/76.4%, 5ms/90.6%, 10ms/95.3%, 20ms/97.6%, 50ms/99.1%, 100ms/99.5%
[915.887s][info][gc,marking  ] GC(118) y: Mark: 1 stripe(s), 2 proactive flush(es), 1 terminate flush(es), 0 completion(s), 0 continuation(s) 
[915.887s][info][gc,marking  ] GC(118) y: Mark Stack Usage: 32M
[915.887s][info][gc,nmethod  ] GC(118) y: NMethods: 6236 registered, 3948 unregistered
[915.887s][info][gc,metaspace] GC(118) y: Metaspace: 131M used, 132M committed, 1152M reserved
[915.887s][info][gc,reloc    ] GC(118) y:                        Candidates     Selected     In-Place         Size        Empty    Relocated 
[915.887s][info][gc,reloc    ] GC(118) y: Small Pages:                 3475         1992            0        6950M        2878M          67M 
[915.887s][info][gc,reloc    ] GC(118) y: Medium Pages:                   1            0            0          32M           0M           0M 
[915.887s][info][gc,reloc    ] GC(118) y: Large Pages:                    0            0            0           0M           0M           0M 
[915.887s][info][gc,reloc    ] GC(118) y: Forwarding Usage: 24M
[915.887s][info][gc,reloc    ] GC(118) y: Age Table:
[915.887s][info][gc,reloc    ] GC(118) y:                    Live             Garbage             Small              Medium             Large        
[915.887s][info][gc,reloc    ] GC(118) y: Eden              70M (1%)         6775M (83%)       3423 / 1948           0 / 0              0 / 0        
[915.887s][info][gc,reloc    ] GC(118) y: Survivor 1         3M (0%)           66M (1%)          35 / 32             0 / 0              0 / 0        
[915.887s][info][gc,reloc    ] GC(118) y: Survivor 2         0M (0%)            7M (0%)           4 / 3              0 / 0              0 / 0        
[915.887s][info][gc,reloc    ] GC(118) y: Survivor 3         4M (0%)           37M (0%)           5 / 4              1 / 0              0 / 0        
[915.887s][info][gc,reloc    ] GC(118) y: Survivor 4         0M (0%)            5M (0%)           3 / 1              0 / 0              0 / 0        
[915.887s][info][gc,reloc    ] GC(118) y: Survivor 5         0M (0%)            3M (0%)           2 / 1              0 / 0              0 / 0        
[915.887s][info][gc,reloc    ] GC(118) y: Survivor 6         0M (0%)            1M (0%)           1 / 1              0 / 0              0 / 0        
[915.887s][info][gc,reloc    ] GC(118) y: Survivor 7         0M (0%)            3M (0%)           2 / 2              0 / 0              0 / 0        
[915.887s][info][gc,heap     ] GC(118) y: Min Capacity: 8192M(100%)
[915.887s][info][gc,heap     ] GC(118) y: Max Capacity: 8192M(100%)
[915.887s][info][gc,heap     ] GC(118) y: Soft Max Capacity: 8192M(100%)
[915.887s][info][gc,heap     ] GC(118) y: Heap Statistics:
[915.887s][info][gc,heap     ] GC(118) y:                Mark Start          Mark End        Relocate Start      Relocate End           High               Low         
[915.887s][info][gc,heap     ] GC(118) y:  Capacity:     8192M (100%)       8192M (100%)       8192M (100%)       8192M (100%)       8192M (100%)       8192M (100%)   
[915.887s][info][gc,heap     ] GC(118) y:      Free:      658M (8%)          574M (7%)         3438M (42%)        7344M (90%)        7344M (90%)         574M (7%)     
[915.887s][info][gc,heap     ] GC(118) y:      Used:     7534M (92%)        7618M (93%)        4754M (58%)         848M (10%)        7618M (93%)         848M (10%)    
[915.887s][info][gc,heap     ] GC(118) y: Young Generation Statistics:
[915.888s][info][gc,heap     ] GC(118) y:                Mark Start          Mark End        Relocate Start      Relocate End    
[915.888s][info][gc,heap     ] GC(118) y:      Used:     6982M (85%)        7066M (86%)        4202M (51%)         292M (4%)     
[915.888s][info][gc,heap     ] GC(118) y:      Live:         -                79M (1%)           79M (1%)           79M (1%)     
[915.888s][info][gc,heap     ] GC(118) y:   Garbage:         -              6902M (84%)        4024M (49%)          28M (0%)     
[915.888s][info][gc,heap     ] GC(118) y: Allocated:         -                84M (1%)           98M (1%)          183M (2%)     
[915.888s][info][gc,heap     ] GC(118) y: Reclaimed:         -                  -              2878M (35%)        6873M (84%)    
[915.888s][info][gc,heap     ] GC(118) y:  Promoted:         -                  -                 0M (0%)            0M (0%)     
[915.888s][info][gc,heap     ] GC(118) y: Compacted:         -                  -                  -                76M (1%)     
[915.888s][info][gc,phases   ] GC(118) y: Young Generation 7534M(92%)->848M(10%) 0.184s
[915.888s][info][gc          ] GC(118) Minor Collection (Allocation Rate) 7534M(92%)->848M(10%) 0.185s
[917.884s][info][gc          ] GC(119) Major Collection (Proactive)
[917.884s][info][gc,task     ] GC(119) Using 1 Workers for Young Generation
[917.884s][info][gc,task     ] GC(119) Using 1 Workers for Old Generation
[917.884s][info][gc,phases   ] GC(119) Y: Young Generation
[917.884s][info][gc,phases   ] GC(119) Y: Pause Mark Start (Major) 0.016ms
[918.051s][info][gc,phases   ] GC(119) Y: Concurrent Mark 167.447ms
[918.051s][info][gc,phases   ] GC(119) Y: Pause Mark End 0.014ms
[918.051s][info][gc,phases   ] GC(119) Y: Concurrent Mark Free 0.000ms
[918.052s][info][gc,phases   ] GC(119) Y: Concurrent Reset Relocation Set 0.274ms
[918.054s][info][gc,reloc    ] GC(119) Y: Using tenuring threshold: 3 (Computed)
[918.059s][info][gc,phases   ] GC(119) Y: Concurrent Select Relocation Set 7.168ms
[918.059s][info][gc,phases   ] GC(119) Y: Pause Relocate Start 0.010ms
[918.116s][info][gc,phases   ] GC(119) Y: Concurrent Relocate 57.114ms
[918.116s][info][gc,alloc    ] GC(119) Y:                         Mark Start        Mark End      Relocate Start    Relocate End   
[918.116s][info][gc,alloc    ] GC(119) Y: Allocation Stalls:          0                0                0                0         
[918.116s][info][gc,load     ] GC(119) Y: Load: 0.00 (0%) / 0.00 (0%) / 0.00 (0%)
[918.116s][info][gc,mmu      ] GC(119) Y: MMU: 2ms/76.4%, 5ms/90.6%, 10ms/95.3%, 20ms/97.6%, 50ms/99.1%, 100ms/99.5%
[918.116s][info][gc,marking  ] GC(119) Y: Mark: 1 stripe(s), 2 proactive flush(es), 1 terminate flush(es), 0 completion(s), 0 continuation(s) 
[918.116s][info][gc,marking  ] GC(119) Y: Mark Stack Usage: 32M
[918.116s][info][gc,nmethod  ] GC(119) Y: NMethods: 6247 registered, 3948 unregistered
[918.116s][info][gc,metaspace] GC(119) Y: Metaspace: 131M used, 132M committed, 1152M reserved
[918.116s][info][gc,reloc    ] GC(119) Y:                        Candidates     Selected     In-Place         Size        Empty    Relocated 
[918.116s][info][gc,reloc    ] GC(119) Y: Small Pages:                 1016          759            0        2032M         384M          49M 
[918.116s][info][gc,reloc    ] GC(119) Y: Medium Pages:                   1            0            0          32M           0M           0M 
[918.116s][info][gc,reloc    ] GC(119) Y: Large Pages:                    0            0            0           0M           0M           0M 
[918.116s][info][gc,reloc    ] GC(119) Y: Forwarding Usage: 18M
[918.116s][info][gc,reloc    ] GC(119) Y: Age Table:
[918.116s][info][gc,reloc    ] GC(119) Y:                    Live             Garbage             Small              Medium             Large        
[918.116s][info][gc,reloc    ] GC(119) Y: Eden              51M (1%)         1864M (23%)        958 / 737            0 / 0              0 / 0        
[918.116s][info][gc,reloc    ] GC(119) Y: Survivor 1        51M (1%)           30M (0%)          41 / 10             0 / 0              0 / 0        
[918.116s][info][gc,reloc    ] GC(119) Y: Survivor 2         3M (0%)            6M (0%)           5 / 3              0 / 0              0 / 0        
[918.116s][info][gc,reloc    ] GC(119) Y: Survivor 3         0M (0%)            7M (0%)           4 / 4              0 / 0              0 / 0        
[918.116s][info][gc,reloc    ] GC(119) Y: Survivor 4         4M (0%)           37M (0%)           5 / 2              1 / 0              0 / 0        
[918.116s][info][gc,reloc    ] GC(119) Y: Survivor 5         0M (0%)            5M (0%)           3 / 3              0 / 0              0 / 0        
[918.116s][info][gc,heap     ] GC(119) Y: Min Capacity: 8192M(100%)
[918.116s][info][gc,heap     ] GC(119) Y: Max Capacity: 8192M(100%)
[918.116s][info][gc,heap     ] GC(119) Y: Soft Max Capacity: 8192M(100%)
[918.116s][info][gc,heap     ] GC(119) Y: Heap Statistics:
[918.116s][info][gc,heap     ] GC(119) Y:                Mark Start          Mark End        Relocate Start      Relocate End           High               Low         
[918.116s][info][gc,heap     ] GC(119) Y:  Capacity:     8192M (100%)       8192M (100%)       8192M (100%)       8192M (100%)       8192M (100%)       8192M (100%)   
[918.116s][info][gc,heap     ] GC(119) Y:      Free:     5572M (68%)        5464M (67%)        5846M (71%)        7272M (89%)        7274M (89%)        5464M (67%)    
[918.116s][info][gc,heap     ] GC(119) Y:      Used:     2620M (32%)        2728M (33%)        2346M (29%)         920M (11%)        2728M (33%)         918M (11%)    
[918.116s][info][gc,heap     ] GC(119) Y: Young Generation Statistics:
[918.116s][info][gc,heap     ] GC(119) Y:                Mark Start          Mark End        Relocate Start      Relocate End    
[918.116s][info][gc,heap     ] GC(119) Y:      Used:     2064M (25%)        2172M (27%)        1758M (21%)         322M (4%)     
[918.116s][info][gc,heap     ] GC(119) Y:      Live:         -               111M (1%)          108M (1%)          106M (1%)     
[918.116s][info][gc,heap     ] GC(119) Y:   Garbage:         -              1952M (24%)        1539M (19%)          12M (0%)     
[918.117s][info][gc,heap     ] GC(119) Y: Allocated:         -               108M (1%)          110M (1%)          202M (2%)     
[918.117s][info][gc,heap     ] GC(119) Y: Reclaimed:         -                  -               412M (5%)         1940M (24%)    
[918.117s][info][gc,heap     ] GC(119) Y:  Promoted:         -                  -                 3M (0%)            4M (0%)     
[918.117s][info][gc,heap     ] GC(119) Y: Compacted:         -                  -                  -                59M (1%)     
[918.117s][info][gc,phases   ] GC(119) Y: Young Generation 2620M(32%)->920M(11%) 0.233s
[918.117s][info][gc,phases   ] GC(119) O: Old Generation
[918.966s][info][gc,phases   ] GC(119) O: Concurrent Mark 849.269ms
[918.966s][info][gc,phases   ] GC(119) O: Pause Mark End 0.010ms
[918.966s][info][gc,phases   ] GC(119) O: Concurrent Mark Free 0.000ms
[918.981s][info][gc,phases   ] GC(119) O: Concurrent Process Non-Strong 15.361ms
[918.981s][info][gc,phases   ] GC(119) O: Concurrent Reset Relocation Set 0.001ms
[918.987s][info][gc,phases   ] GC(119) O: Concurrent Select Relocation Set 5.468ms
[918.987s][info][gc,task     ] GC(119) O: Using 2 Workers for Old Generation
[919.053s][info][gc,task     ] GC(119) O: Using 1 Workers for Old Generation
[919.053s][info][gc,phases   ] GC(119) O: Concurrent Remap Roots 65.913ms
[919.053s][info][gc,phases   ] GC(119) O: Pause Relocate Start 0.009ms
[919.062s][info][gc,phases   ] GC(119) O: Concurrent Relocate 9.377ms
[919.063s][info][gc,alloc    ] GC(119) O:                         Mark Start        Mark End      Relocate Start    Relocate End   
[919.063s][info][gc,alloc    ] GC(119) O: Allocation Stalls:          0                0                0                0         
[919.063s][info][gc,load     ] GC(119) O: Load: 0.00 (0%) / 0.00 (0%) / 0.00 (0%)
[919.063s][info][gc,mmu      ] GC(119) O: MMU: 2ms/76.4%, 5ms/90.6%, 10ms/95.3%, 20ms/97.6%, 50ms/99.1%, 100ms/99.5%
[919.063s][info][gc,marking  ] GC(119) O: Mark: 1 stripe(s), 2 proactive flush(es), 1 terminate flush(es), 0 completion(s), 0 continuation(s) 
[919.063s][info][gc,marking  ] GC(119) O: Mark Stack Usage: 32M
[919.063s][info][gc,nmethod  ] GC(119) O: NMethods: 5770 registered, 4447 unregistered
[919.063s][info][gc,metaspace] GC(119) O: Metaspace: 131M used, 132M committed, 1152M reserved
[919.063s][info][gc,ref      ] GC(119) O:                       Encountered   Discovered     Enqueued 
[919.063s][info][gc,ref      ] GC(119) O: Soft References:             6087            0            0 
[919.063s][info][gc,ref      ] GC(119) O: Weak References:            23363        12605            6 
[919.063s][info][gc,ref      ] GC(119) O: Final References:              34            0            0 
[919.063s][info][gc,ref      ] GC(119) O: Phantom References:           979          747            1 
[919.063s][info][gc,reloc    ] GC(119) O:                        Candidates     Selected     In-Place         Size        Empty    Relocated 
[919.063s][info][gc,reloc    ] GC(119) O: Small Pages:                  246           15            0         492M           0M           1M 
[919.063s][info][gc,reloc    ] GC(119) O: Medium Pages:                   2            1            0          64M           0M          26M 
[919.063s][info][gc,reloc    ] GC(119) O: Large Pages:                    0            0            0           0M           0M           0M 
[919.063s][info][gc,reloc    ] GC(119) O: Forwarding Usage: 0M
[919.063s][info][gc,heap     ] GC(119) O: Min Capacity: 8192M(100%)
[919.063s][info][gc,heap     ] GC(119) O: Max Capacity: 8192M(100%)
[919.063s][info][gc,heap     ] GC(119) O: Soft Max Capacity: 8192M(100%)
[919.063s][info][gc,heap     ] GC(119) O: Heap Statistics:
[919.063s][info][gc,heap     ] GC(119) O:                Mark Start          Mark End        Relocate Start      Relocate End           High               Low         
[919.063s][info][gc,heap     ] GC(119) O:  Capacity:     8192M (100%)       8192M (100%)       8192M (100%)       8192M (100%)       8192M (100%)       8192M (100%)   
[919.063s][info][gc,heap     ] GC(119) O:      Free:     5572M (68%)        6410M (78%)        6320M (77%)        6370M (78%)        7274M (89%)        5464M (67%)    
[919.063s][info][gc,heap     ] GC(119) O:      Used:     2620M (32%)        1782M (22%)        1872M (23%)        1822M (22%)        2728M (33%)         918M (11%)    
[919.063s][info][gc,heap     ] GC(119) O: Old Generation Statistics:
[919.063s][info][gc,heap     ] GC(119) O:                Mark Start          Mark End        Relocate Start      Relocate End    
[919.063s][info][gc,heap     ] GC(119) O:      Used:      556M (7%)          598M (7%)          598M (7%)          546M (7%)     
[919.063s][info][gc,heap     ] GC(119) O:      Live:         -               473M (6%)          473M (6%)          473M (6%)     
[919.063s][info][gc,heap     ] GC(119) O:   Garbage:         -                82M (1%)           82M (1%)           15M (0%)     
[919.063s][info][gc,heap     ] GC(119) O: Allocated:         -                42M (1%)           42M (1%)           56M (1%)     
[919.063s][info][gc,heap     ] GC(119) O: Reclaimed:         -                  -                 0M (0%)           66M (1%)     
[919.063s][info][gc,heap     ] GC(119) O: Compacted:         -                  -                  -                29M (0%)     
[919.063s][info][gc,phases   ] GC(119) O: Old Generation 922M(11%)->1822M(22%) 0.946s
[919.063s][info][gc          ] GC(119) Major Collection (Proactive) 2620M(32%)->1822M(22%) 1.179s
[924.815s][info][gc          ] GC(120) Minor Collection (Allocation Rate)
[924.815s][info][gc,task     ] GC(120) Using 1 Workers for Young Generation
[924.815s][info][gc,phases   ] GC(120) y: Young Generation
[924.815s][info][gc,phases   ] GC(120) y: Pause Mark Start 0.013ms
[925.002s][info][gc,phases   ] GC(120) y: Concurrent Mark 186.135ms
[925.002s][info][gc,phases   ] GC(120) y: Pause Mark End 0.011ms
[925.002s][info][gc,phases   ] GC(120) y: Concurrent Mark Free 0.001ms
[925.002s][info][gc,phases   ] GC(120) y: Concurrent Reset Relocation Set 0.146ms
[925.004s][info][gc,reloc    ] GC(120) y: Using tenuring threshold: 4 (Computed)
[925.017s][info][gc,phases   ] GC(120) y: Concurrent Select Relocation Set 15.076ms
[925.017s][info][gc,phases   ] GC(120) y: Pause Relocate Start 0.010ms
[925.125s][info][gc,phases   ] GC(120) y: Concurrent Relocate 107.436ms
[925.125s][info][gc,alloc    ] GC(120) y:                         Mark Start        Mark End      Relocate Start    Relocate End   
[925.125s][info][gc,alloc    ] GC(120) y: Allocation Stalls:          0                0                0                0         
[925.125s][info][gc,load     ] GC(120) y: Load: 0.00 (0%) / 0.00 (0%) / 0.00 (0%)
[925.125s][info][gc,mmu      ] GC(120) y: MMU: 2ms/76.4%, 5ms/90.6%, 10ms/95.3%, 20ms/97.6%, 50ms/99.1%, 100ms/99.5%
[925.125s][info][gc,marking  ] GC(120) y: Mark: 1 stripe(s), 2 proactive flush(es), 1 terminate flush(es), 0 completion(s), 0 continuation(s) 
[925.125s][info][gc,marking  ] GC(120) y: Mark Stack Usage: 32M
[925.125s][info][gc,nmethod  ] GC(120) y: NMethods: 5828 registered, 4447 unregistered
[925.125s][info][gc,metaspace] GC(120) y: Metaspace: 131M used, 132M committed, 1152M reserved
[925.125s][info][gc,reloc    ] GC(120) y:                        Candidates     Selected     In-Place         Size        Empty    Relocated 
[925.125s][info][gc,reloc    ] GC(120) y: Small Pages:                 3421         1887            0        6842M        2890M         115M 
[925.125s][info][gc,reloc    ] GC(120) y: Medium Pages:                   0            0            0           0M           0M           0M 
[925.125s][info][gc,reloc    ] GC(120) y: Large Pages:                    0            0            0           0M           0M           0M 
[925.125s][info][gc,reloc    ] GC(120) y: Forwarding Usage: 38M
[925.125s][info][gc,reloc    ] GC(120) y: Age Table:
[925.125s][info][gc,reloc    ] GC(120) y:                    Live             Garbage             Small              Medium             Large        
[925.125s][info][gc,reloc    ] GC(120) y: Eden             138M (2%)         6563M (80%)       3351 / 1830           0 / 0              0 / 0        
[925.125s][info][gc,reloc    ] GC(120) y: Survivor 1         9M (0%)           50M (1%)          30 / 25             0 / 0              0 / 0        
[925.125s][info][gc,reloc    ] GC(120) y: Survivor 2         5M (0%)           64M (1%)          35 / 28             0 / 0              0 / 0        
[925.125s][info][gc,reloc    ] GC(120) y: Survivor 3         1M (0%)            8M (0%)           5 / 4              0 / 0              0 / 0        
[925.125s][info][gc,heap     ] GC(120) y: Min Capacity: 8192M(100%)
[925.125s][info][gc,heap     ] GC(120) y: Max Capacity: 8192M(100%)
[925.125s][info][gc,heap     ] GC(120) y: Soft Max Capacity: 8192M(100%)
[925.125s][info][gc,heap     ] GC(120) y: Heap Statistics:
[925.125s][info][gc,heap     ] GC(120) y:                Mark Start          Mark End        Relocate Start      Relocate End           High               Low         
[925.125s][info][gc,heap     ] GC(120) y:  Capacity:     8192M (100%)       8192M (100%)       8192M (100%)       8192M (100%)       8192M (100%)       8192M (100%)   
[925.125s][info][gc,heap     ] GC(120) y:      Free:      804M (10%)         576M (7%)         3458M (42%)        7100M (87%)        7102M (87%)         576M (7%)     
[925.125s][info][gc,heap     ] GC(120) y:      Used:     7388M (90%)        7616M (93%)        4734M (58%)        1092M (13%)        7616M (93%)        1090M (13%)    
[925.125s][info][gc,heap     ] GC(120) y: Young Generation Statistics:
[925.125s][info][gc,heap     ] GC(120) y:                Mark Start          Mark End        Relocate Start      Relocate End    
[925.125s][info][gc,heap     ] GC(120) y:      Used:     6842M (84%)        7070M (86%)        4188M (51%)         546M (7%)     
[925.125s][info][gc,heap     ] GC(120) y:      Live:         -               153M (2%)          153M (2%)          153M (2%)     
[925.125s][info][gc,heap     ] GC(120) y:   Garbage:         -              6688M (82%)        3798M (46%)           5M (0%)     
[925.125s][info][gc,heap     ] GC(120) y: Allocated:         -               228M (3%)          236M (3%)          386M (5%)     
[925.125s][info][gc,heap     ] GC(120) y: Reclaimed:         -                  -              2890M (35%)        6682M (82%)    
[925.125s][info][gc,heap     ] GC(120) y:  Promoted:         -                  -                 0M (0%)            0M (0%)     
[925.125s][info][gc,heap     ] GC(120) y: Compacted:         -                  -                  -               131M (2%)     
[925.125s][info][gc,phases   ] GC(120) y: Young Generation 7388M(90%)->1092M(13%) 0.309s
[925.125s][info][gc          ] GC(120) Minor Collection (Allocation Rate) 7388M(90%)->1094M(13%) 0.310s
[933.361s][info][gc          ] GC(121) Minor Collection (Allocation Rate)
[933.361s][info][gc,task     ] GC(121) Using 1 Workers for Young Generation
[933.361s][info][gc,phases   ] GC(121) y: Young Generation
[933.361s][info][gc,phases   ] GC(121) y: Pause Mark Start 0.014ms
[933.460s][info][gc,phases   ] GC(121) y: Concurrent Mark 98.799ms
[933.460s][info][gc,phases   ] GC(121) y: Pause Mark End 0.009ms
[933.460s][info][gc,phases   ] GC(121) y: Concurrent Mark Free 0.000ms
[933.460s][info][gc,phases   ] GC(121) y: Concurrent Reset Relocation Set 0.175ms
[933.462s][info][gc,reloc    ] GC(121) y: Using tenuring threshold: 3 (Computed)
[933.467s][info][gc,phases   ] GC(121) y: Concurrent Select Relocation Set 6.514ms
[933.467s][info][gc,phases   ] GC(121) y: Pause Relocate Start 0.009ms
[933.527s][info][gc,phases   ] GC(121) y: Concurrent Relocate 59.615ms
[933.527s][info][gc,alloc    ] GC(121) y:                         Mark Start        Mark End      Relocate Start    Relocate End   
[933.527s][info][gc,alloc    ] GC(121) y: Allocation Stalls:          0                0                0                0         
[933.527s][info][gc,load     ] GC(121) y: Load: 0.00 (0%) / 0.00 (0%) / 0.00 (0%)
[933.527s][info][gc,mmu      ] GC(121) y: MMU: 2ms/76.4%, 5ms/90.6%, 10ms/95.3%, 20ms/97.6%, 50ms/99.1%, 100ms/99.5%
[933.527s][info][gc,marking  ] GC(121) y: Mark: 1 stripe(s), 2 proactive flush(es), 1 terminate flush(es), 0 completion(s), 0 continuation(s) 
[933.527s][info][gc,marking  ] GC(121) y: Mark Stack Usage: 32M
[933.527s][info][gc,nmethod  ] GC(121) y: NMethods: 5858 registered, 4447 unregistered
[933.527s][info][gc,metaspace] GC(121) y: Metaspace: 131M used, 132M committed, 1152M reserved
[933.527s][info][gc,reloc    ] GC(121) y:                        Candidates     Selected     In-Place         Size        Empty    Relocated 
[933.527s][info][gc,reloc    ] GC(121) y: Small Pages:                 3241         1890            0        6482M        2614M          64M 
[933.527s][info][gc,reloc    ] GC(121) y: Medium Pages:                   0            0            0           0M           0M           0M 
[933.527s][info][gc,reloc    ] GC(121) y: Large Pages:                    0            0            0           0M           0M           0M 
[933.527s][info][gc,reloc    ] GC(121) y: Forwarding Usage: 22M
[933.527s][info][gc,reloc    ] GC(121) y: Age Table:
[933.527s][info][gc,reloc    ] GC(121) y:                    Live             Garbage             Small              Medium             Large        
[933.527s][info][gc,reloc    ] GC(121) y: Eden              73M (1%)         6200M (76%)       3137 / 1818           0 / 0              0 / 0        
[933.527s][info][gc,reloc    ] GC(121) y: Survivor 1         0M (0%)          153M (2%)          77 / 47             0 / 0              0 / 0        
[933.527s][info][gc,reloc    ] GC(121) y: Survivor 2         0M (0%)           21M (0%)          11 / 11             0 / 0              0 / 0        
[933.527s][info][gc,reloc    ] GC(121) y: Survivor 3         0M (0%)           19M (0%)          10 / 9              0 / 0              0 / 0        
[933.527s][info][gc,reloc    ] GC(121) y: Survivor 4         0M (0%)           11M (0%)           6 / 5              0 / 0              0 / 0        
[933.527s][info][gc,heap     ] GC(121) y: Min Capacity: 8192M(100%)
[933.527s][info][gc,heap     ] GC(121) y: Max Capacity: 8192M(100%)
[933.527s][info][gc,heap     ] GC(121) y: Soft Max Capacity: 8192M(100%)
[933.527s][info][gc,heap     ] GC(121) y: Heap Statistics:
[933.527s][info][gc,heap     ] GC(121) y:                Mark Start          Mark End        Relocate Start      Relocate End           High               Low         
[933.527s][info][gc,heap     ] GC(121) y:  Capacity:     8192M (100%)       8192M (100%)       8192M (100%)       8192M (100%)       8192M (100%)       8192M (100%)   
[933.527s][info][gc,heap     ] GC(121) y:      Free:     1164M (14%)        1074M (13%)        3684M (45%)        7410M (90%)        7410M (90%)        1074M (13%)    
[933.527s][info][gc,heap     ] GC(121) y:      Used:     7028M (86%)        7118M (87%)        4508M (55%)         782M (10%)        7118M (87%)         782M (10%)    
[933.527s][info][gc,heap     ] GC(121) y: Young Generation Statistics:
[933.527s][info][gc,heap     ] GC(121) y:                Mark Start          Mark End        Relocate Start      Relocate End    
[933.527s][info][gc,heap     ] GC(121) y:      Used:     6482M (79%)        6572M (80%)        3962M (48%)         234M (3%)     
[933.527s][info][gc,heap     ] GC(121) y:      Live:         -                75M (1%)           75M (1%)           74M (1%)     
[933.527s][info][gc,heap     ] GC(121) y:   Garbage:         -              6406M (78%)        3792M (46%)           1M (0%)     
[933.527s][info][gc,heap     ] GC(121) y: Allocated:         -                90M (1%)           94M (1%)          158M (2%)     
[933.527s][info][gc,heap     ] GC(121) y: Reclaimed:         -                  -              2614M (32%)        6404M (78%)    
[933.527s][info][gc,heap     ] GC(121) y:  Promoted:         -                  -                 0M (0%)            1M (0%)     
[933.527s][info][gc,heap     ] GC(121) y: Compacted:         -                  -                  -                71M (1%)     
[933.527s][info][gc,phases   ] GC(121) y: Young Generation 7028M(86%)->782M(10%) 0.166s
[933.527s][info][gc          ] GC(121) Minor Collection (Allocation Rate) 7028M(86%)->782M(10%) 0.166s
[941.800s][info][gc          ] GC(122) Minor Collection (Allocation Rate)
[941.800s][info][gc,task     ] GC(122) Using 1 Workers for Young Generation
[941.800s][info][gc,phases   ] GC(122) y: Young Generation
[941.800s][info][gc,phases   ] GC(122) y: Pause Mark Start 0.013ms
[941.939s][info][gc,phases   ] GC(122) y: Concurrent Mark 138.423ms
[941.939s][info][gc,phases   ] GC(122) y: Pause Mark End 0.009ms
[941.939s][info][gc,phases   ] GC(122) y: Concurrent Mark Free 0.000ms
[941.939s][info][gc,phases   ] GC(122) y: Concurrent Reset Relocation Set 0.155ms
[941.941s][info][gc,reloc    ] GC(122) y: Using tenuring threshold: 4 (Computed)
[941.957s][info][gc,phases   ] GC(122) y: Concurrent Select Relocation Set 18.185ms
[941.957s][info][gc,phases   ] GC(122) y: Pause Relocate Start 0.012ms
[942.050s][info][gc,phases   ] GC(122) y: Concurrent Relocate 92.274ms
[942.050s][info][gc,alloc    ] GC(122) y:                         Mark Start        Mark End      Relocate Start    Relocate End   
[942.050s][info][gc,alloc    ] GC(122) y: Allocation Stalls:          0                0                0                0         
[942.050s][info][gc,load     ] GC(122) y: Load: 0.00 (0%) / 0.00 (0%) / 0.00 (0%)
[942.050s][info][gc,mmu      ] GC(122) y: MMU: 2ms/76.4%, 5ms/90.6%, 10ms/95.3%, 20ms/97.6%, 50ms/99.1%, 100ms/99.5%
[942.050s][info][gc,marking  ] GC(122) y: Mark: 1 stripe(s), 2 proactive flush(es), 1 terminate flush(es), 0 completion(s), 0 continuation(s) 
[942.050s][info][gc,marking  ] GC(122) y: Mark Stack Usage: 32M
[942.050s][info][gc,nmethod  ] GC(122) y: NMethods: 5891 registered, 4447 unregistered
[942.050s][info][gc,metaspace] GC(122) y: Metaspace: 131M used, 132M committed, 1152M reserved
[942.050s][info][gc,reloc    ] GC(122) y:                        Candidates     Selected     In-Place         Size        Empty    Relocated 
[942.050s][info][gc,reloc    ] GC(122) y: Small Pages:                 3433         2072            0        6866M        2604M          87M 
[942.050s][info][gc,reloc    ] GC(122) y: Medium Pages:                   0            0            0           0M           0M           0M 
[942.050s][info][gc,reloc    ] GC(122) y: Large Pages:                    0            0            0           0M           0M           0M 
[942.050s][info][gc,reloc    ] GC(122) y: Forwarding Usage: 30M
[942.050s][info][gc,reloc    ] GC(122) y: Age Table:
[942.050s][info][gc,reloc    ] GC(122) y:                    Live             Garbage             Small              Medium             Large        
[942.050s][info][gc,reloc    ] GC(122) y: Eden              91M (1%)         6682M (82%)       3387 / 2034           0 / 0              0 / 0        
[942.050s][info][gc,reloc    ] GC(122) y: Survivor 1        10M (0%)           73M (1%)          42 / 35             0 / 0              0 / 0        
[942.050s][info][gc,reloc    ] GC(122) y: Survivor 2         0M (0%)            5M (0%)           3 / 2              0 / 0              0 / 0        
[942.050s][info][gc,reloc    ] GC(122) y: Survivor 3         0M (0%)            1M (0%)           1 / 1              0 / 0              0 / 0        
[942.050s][info][gc,heap     ] GC(122) y: Min Capacity: 8192M(100%)
[942.050s][info][gc,heap     ] GC(122) y: Max Capacity: 8192M(100%)
[942.050s][info][gc,heap     ] GC(122) y: Soft Max Capacity: 8192M(100%)
[942.050s][info][gc,heap     ] GC(122) y: Heap Statistics:
[942.050s][info][gc,heap     ] GC(122) y:                Mark Start          Mark End        Relocate Start      Relocate End           High               Low         
[942.050s][info][gc,heap     ] GC(122) y:  Capacity:     8192M (100%)       8192M (100%)       8192M (100%)       8192M (100%)       8192M (100%)       8192M (100%)   
[942.050s][info][gc,heap     ] GC(122) y:      Free:      778M (9%)          646M (8%)         3242M (40%)        7324M (89%)        7326M (89%)         646M (8%)     
[942.050s][info][gc,heap     ] GC(122) y:      Used:     7414M (91%)        7546M (92%)        4950M (60%)         868M (11%)        7546M (92%)         866M (11%)    
[942.050s][info][gc,heap     ] GC(122) y: Young Generation Statistics:
[942.050s][info][gc,heap     ] GC(122) y:                Mark Start          Mark End        Relocate Start      Relocate End    
[942.050s][info][gc,heap     ] GC(122) y:      Used:     6866M (84%)        6998M (85%)        4402M (54%)         320M (4%)     
[942.050s][info][gc,heap     ] GC(122) y:      Live:         -               102M (1%)          102M (1%)          102M (1%)     
[942.050s][info][gc,heap     ] GC(122) y:   Garbage:         -              6763M (83%)        4159M (51%)           0M (0%)     
[942.050s][info][gc,heap     ] GC(122) y: Allocated:         -               132M (2%)          140M (2%)          216M (3%)     
[942.050s][info][gc,heap     ] GC(122) y: Reclaimed:         -                  -              2604M (32%)        6762M (83%)    
[942.050s][info][gc,heap     ] GC(122) y:  Promoted:         -                  -                 0M (0%)            0M (0%)     
[942.050s][info][gc,heap     ] GC(122) y: Compacted:         -                  -                  -               101M (1%)     
[942.050s][info][gc,phases   ] GC(122) y: Young Generation 7414M(91%)->868M(11%) 0.249s
[942.050s][info][gc          ] GC(122) Minor Collection (Allocation Rate) 7414M(91%)->868M(11%) 0.250s
[948.185s][info][gc          ] GC(123) Minor Collection (Allocation Rate)
[948.185s][info][gc,task     ] GC(123) Using 1 Workers for Young Generation
[948.185s][info][gc,phases   ] GC(123) y: Young Generation
[948.185s][info][gc,phases   ] GC(123) y: Pause Mark Start 0.014ms
[948.375s][info][gc,phases   ] GC(123) y: Concurrent Mark 189.671ms
[948.375s][info][gc,phases   ] GC(123) y: Pause Mark End 0.009ms
[948.375s][info][gc,phases   ] GC(123) y: Concurrent Mark Free 0.000ms
[948.375s][info][gc,phases   ] GC(123) y: Concurrent Reset Relocation Set 0.174ms
[948.377s][info][gc,reloc    ] GC(123) y: Using tenuring threshold: 5 (Computed)
[948.393s][info][gc,phases   ] GC(123) y: Concurrent Select Relocation Set 18.351ms
[948.393s][info][gc,phases   ] GC(123) y: Pause Relocate Start 0.012ms
[948.512s][info][gc,phases   ] GC(123) y: Concurrent Relocate 118.211ms
[948.512s][info][gc,alloc    ] GC(123) y:                         Mark Start        Mark End      Relocate Start    Relocate End   
[948.512s][info][gc,alloc    ] GC(123) y: Allocation Stalls:          0                0                0                0         
[948.512s][info][gc,load     ] GC(123) y: Load: 0.00 (0%) / 0.00 (0%) / 0.00 (0%)
[948.512s][info][gc,mmu      ] GC(123) y: MMU: 2ms/76.4%, 5ms/90.6%, 10ms/95.3%, 20ms/97.6%, 50ms/99.1%, 100ms/99.5%
[948.512s][info][gc,marking  ] GC(123) y: Mark: 1 stripe(s), 2 proactive flush(es), 1 terminate flush(es), 0 completion(s), 0 continuation(s) 
[948.512s][info][gc,marking  ] GC(123) y: Mark Stack Usage: 32M
[948.512s][info][gc,nmethod  ] GC(123) y: NMethods: 5897 registered, 4447 unregistered
[948.512s][info][gc,metaspace] GC(123) y: Metaspace: 131M used, 132M committed, 1152M reserved
[948.512s][info][gc,reloc    ] GC(123) y:                        Candidates     Selected     In-Place         Size        Empty    Relocated 
[948.512s][info][gc,reloc    ] GC(123) y: Small Pages:                 3321         1675            0        6642M        3128M         120M 
[948.512s][info][gc,reloc    ] GC(123) y: Medium Pages:                   0            0            0           0M           0M           0M 
[948.512s][info][gc,reloc    ] GC(123) y: Large Pages:                    0            0            0           0M           0M           0M 
[948.512s][info][gc,reloc    ] GC(123) y: Forwarding Usage: 40M
[948.512s][info][gc,reloc    ] GC(123) y: Age Table:
[948.512s][info][gc,reloc    ] GC(123) y:                    Live             Garbage             Small              Medium             Large        
[948.512s][info][gc,reloc    ] GC(123) y: Eden             127M (2%)         6382M (78%)       3255 / 1616           0 / 0              0 / 0        
[948.512s][info][gc,reloc    ] GC(123) y: Survivor 1        11M (0%)           88M (1%)          50 / 47             0 / 0              0 / 0        
[948.512s][info][gc,reloc    ] GC(123) y: Survivor 2         3M (0%)           16M (0%)          10 / 7              0 / 0              0 / 0        
[948.512s][info][gc,reloc    ] GC(123) y: Survivor 3         0M (0%)            5M (0%)           3 / 3              0 / 0              0 / 0        
[948.512s][info][gc,reloc    ] GC(123) y: Survivor 4         0M (0%)            5M (0%)           3 / 2              0 / 0              0 / 0        
[948.512s][info][gc,heap     ] GC(123) y: Min Capacity: 8192M(100%)
[948.512s][info][gc,heap     ] GC(123) y: Max Capacity: 8192M(100%)
[948.512s][info][gc,heap     ] GC(123) y: Soft Max Capacity: 8192M(100%)
[948.512s][info][gc,heap     ] GC(123) y: Heap Statistics:
[948.512s][info][gc,heap     ] GC(123) y:                Mark Start          Mark End        Relocate Start      Relocate End           High               Low         
[948.512s][info][gc,heap     ] GC(123) y:  Capacity:     8192M (100%)       8192M (100%)       8192M (100%)       8192M (100%)       8192M (100%)       8192M (100%)   
[948.512s][info][gc,heap     ] GC(123) y:      Free:     1002M (12%)         474M (6%)         3578M (44%)        6686M (82%)        6692M (82%)         474M (6%)     
[948.512s][info][gc,heap     ] GC(123) y:      Used:     7190M (88%)        7718M (94%)        4614M (56%)        1506M (18%)        7718M (94%)        1500M (18%)    
[948.512s][info][gc,heap     ] GC(123) y: Young Generation Statistics:
[948.512s][info][gc,heap     ] GC(123) y:                Mark Start          Mark End        Relocate Start      Relocate End    
[948.512s][info][gc,heap     ] GC(123) y:      Used:     6642M (81%)        7170M (88%)        4066M (50%)         958M (12%)    
[948.512s][info][gc,heap     ] GC(123) y:      Live:         -               142M (2%)          142M (2%)          142M (2%)     
[948.512s][info][gc,heap     ] GC(123) y:   Garbage:         -              6499M (79%)        3371M (41%)           1M (0%)     
[948.512s][info][gc,heap     ] GC(123) y: Allocated:         -               528M (6%)          552M (7%)          814M (10%)    
[948.512s][info][gc,heap     ] GC(123) y: Reclaimed:         -                  -              3128M (38%)        6498M (79%)    
[948.512s][info][gc,heap     ] GC(123) y:  Promoted:         -                  -                 0M (0%)            0M (0%)     
[948.512s][info][gc,heap     ] GC(123) y: Compacted:         -                  -                  -               139M (2%)     
[948.512s][info][gc,phases   ] GC(123) y: Young Generation 7190M(88%)->1506M(18%) 0.327s
[948.512s][info][gc          ] GC(123) Minor Collection (Allocation Rate) 7190M(88%)->1508M(18%) 0.327s
[956.783s][info][gc          ] GC(124) Minor Collection (Allocation Rate)
[956.783s][info][gc,task     ] GC(124) Using 1 Workers for Young Generation
[956.783s][info][gc,phases   ] GC(124) y: Young Generation
[956.783s][info][gc,phases   ] GC(124) y: Pause Mark Start 0.013ms
[956.898s][info][gc,phases   ] GC(124) y: Concurrent Mark 115.176ms
[956.898s][info][gc,phases   ] GC(124) y: Pause Mark End 0.009ms
[956.898s][info][gc,phases   ] GC(124) y: Concurrent Mark Free 0.000ms
[956.898s][info][gc,phases   ] GC(124) y: Concurrent Reset Relocation Set 0.153ms
[956.901s][info][gc,reloc    ] GC(124) y: Using tenuring threshold: 6 (Computed)
[956.904s][info][gc,phases   ] GC(124) y: Concurrent Select Relocation Set 5.800ms
[956.904s][info][gc,phases   ] GC(124) y: Pause Relocate Start 0.008ms
[956.969s][info][gc,phases   ] GC(124) y: Concurrent Relocate 64.602ms
[956.969s][info][gc,alloc    ] GC(124) y:                         Mark Start        Mark End      Relocate Start    Relocate End   
[956.969s][info][gc,alloc    ] GC(124) y: Allocation Stalls:          0                0                0                0         
[956.969s][info][gc,load     ] GC(124) y: Load: 0.00 (0%) / 0.00 (0%) / 0.00 (0%)
[956.969s][info][gc,mmu      ] GC(124) y: MMU: 2ms/76.4%, 5ms/90.6%, 10ms/95.3%, 20ms/97.6%, 50ms/99.1%, 100ms/99.5%
[956.969s][info][gc,marking  ] GC(124) y: Mark: 1 stripe(s), 2 proactive flush(es), 1 terminate flush(es), 0 completion(s), 0 continuation(s) 
[956.969s][info][gc,marking  ] GC(124) y: Mark Stack Usage: 32M
[956.969s][info][gc,nmethod  ] GC(124) y: NMethods: 5917 registered, 4447 unregistered
[956.969s][info][gc,metaspace] GC(124) y: Metaspace: 131M used, 132M committed, 1152M reserved
[956.969s][info][gc,reloc    ] GC(124) y:                        Candidates     Selected     In-Place         Size        Empty    Relocated 
[956.969s][info][gc,reloc    ] GC(124) y: Small Pages:                 3122         1988            0        6244M        2172M          71M 
[956.969s][info][gc,reloc    ] GC(124) y: Medium Pages:                   0            0            0           0M           0M           0M 
[956.969s][info][gc,reloc    ] GC(124) y: Large Pages:                    0            0            0           0M           0M           0M 
[956.969s][info][gc,reloc    ] GC(124) y: Forwarding Usage: 26M
[956.969s][info][gc,reloc    ] GC(124) y: Age Table:
[956.969s][info][gc,reloc    ] GC(124) y:                    Live             Garbage             Small              Medium             Large        
[956.969s][info][gc,reloc    ] GC(124) y: Eden              80M (1%)         5989M (73%)       3035 / 1931           0 / 0              0 / 0        
[956.969s][info][gc,reloc    ] GC(124) y: Survivor 1         0M (0%)          135M (2%)          68 / 41             0 / 0              0 / 0        
[956.969s][info][gc,reloc    ] GC(124) y: Survivor 2         0M (0%)           21M (0%)          11 / 11             0 / 0              0 / 0        
[956.969s][info][gc,reloc    ] GC(124) y: Survivor 3         0M (0%)            9M (0%)           5 / 2              0 / 0              0 / 0        
[956.969s][info][gc,reloc    ] GC(124) y: Survivor 4         0M (0%)            3M (0%)           2 / 2              0 / 0              0 / 0        
[956.969s][info][gc,reloc    ] GC(124) y: Survivor 5         0M (0%)            1M (0%)           1 / 1              0 / 0              0 / 0        
[956.969s][info][gc,heap     ] GC(124) y: Min Capacity: 8192M(100%)
[956.969s][info][gc,heap     ] GC(124) y: Max Capacity: 8192M(100%)
[956.969s][info][gc,heap     ] GC(124) y: Soft Max Capacity: 8192M(100%)
[956.969s][info][gc,heap     ] GC(124) y: Heap Statistics:
[956.969s][info][gc,heap     ] GC(124) y:                Mark Start          Mark End        Relocate Start      Relocate End           High               Low         
[956.969s][info][gc,heap     ] GC(124) y:  Capacity:     8192M (100%)       8192M (100%)       8192M (100%)       8192M (100%)       8192M (100%)       8192M (100%)   
[956.969s][info][gc,heap     ] GC(124) y:      Free:     1400M (17%)        1270M (16%)        3436M (42%)        7346M (90%)        7346M (90%)        1270M (16%)    
[956.969s][info][gc,heap     ] GC(124) y:      Used:     6792M (83%)        6922M (84%)        4756M (58%)         846M (10%)        6922M (84%)         846M (10%)    
[956.969s][info][gc,heap     ] GC(124) y: Young Generation Statistics:
[956.969s][info][gc,heap     ] GC(124) y:                Mark Start          Mark End        Relocate Start      Relocate End    
[956.969s][info][gc,heap     ] GC(124) y:      Used:     6244M (76%)        6374M (78%)        4208M (51%)         298M (4%)     
[956.969s][info][gc,heap     ] GC(124) y:      Live:         -                83M (1%)           83M (1%)           83M (1%)     
[956.969s][info][gc,heap     ] GC(124) y:   Garbage:         -              6160M (75%)        3988M (49%)           0M (0%)     
[956.969s][info][gc,heap     ] GC(124) y: Allocated:         -               130M (2%)          136M (2%)          214M (3%)     
[956.969s][info][gc,heap     ] GC(124) y: Reclaimed:         -                  -              2172M (27%)        6160M (75%)    
[956.969s][info][gc,heap     ] GC(124) y:  Promoted:         -                  -                 0M (0%)            0M (0%)     
[956.969s][info][gc,heap     ] GC(124) y: Compacted:         -                  -                  -                81M (1%)     
[956.969s][info][gc,phases   ] GC(124) y: Young Generation 6792M(83%)->846M(10%) 0.186s
[956.969s][info][gc          ] GC(124) Minor Collection (Allocation Rate) 6792M(83%)->846M(10%) 0.187s
[964.972s][info][gc          ] GC(125) Minor Collection (Allocation Rate)
[964.972s][info][gc,task     ] GC(125) Using 1 Workers for Young Generation
[964.972s][info][gc,phases   ] GC(125) y: Young Generation
[964.972s][info][gc,phases   ] GC(125) y: Pause Mark Start 0.013ms
[965.107s][info][gc,phases   ] GC(125) y: Concurrent Mark 134.271ms
[965.107s][info][gc,phases   ] GC(125) y: Pause Mark End 0.010ms
[965.107s][info][gc,phases   ] GC(125) y: Concurrent Mark Free 0.000ms
[965.107s][info][gc,phases   ] GC(125) y: Concurrent Reset Relocation Set 0.181ms
[965.109s][info][gc,reloc    ] GC(125) y: Using tenuring threshold: 7 (Computed)
[965.123s][info][gc,phases   ] GC(125) y: Concurrent Select Relocation Set 16.295ms
[965.123s][info][gc,phases   ] GC(125) y: Pause Relocate Start 0.017ms
[965.208s][info][gc,phases   ] GC(125) y: Concurrent Relocate 84.145ms
[965.208s][info][gc,alloc    ] GC(125) y:                         Mark Start        Mark End      Relocate Start    Relocate End   
[965.208s][info][gc,alloc    ] GC(125) y: Allocation Stalls:          0                0                0                0         
[965.208s][info][gc,load     ] GC(125) y: Load: 0.00 (0%) / 0.00 (0%) / 0.00 (0%)
[965.208s][info][gc,mmu      ] GC(125) y: MMU: 2ms/76.4%, 5ms/90.6%, 10ms/95.3%, 20ms/97.6%, 50ms/99.1%, 100ms/99.5%
[965.208s][info][gc,marking  ] GC(125) y: Mark: 1 stripe(s), 2 proactive flush(es), 1 terminate flush(es), 0 completion(s), 0 continuation(s) 
[965.208s][info][gc,marking  ] GC(125) y: Mark Stack Usage: 32M
[965.208s][info][gc,nmethod  ] GC(125) y: NMethods: 5957 registered, 4447 unregistered
[965.208s][info][gc,metaspace] GC(125) y: Metaspace: 131M used, 132M committed, 1152M reserved
[965.208s][info][gc,reloc    ] GC(125) y:                        Candidates     Selected     In-Place         Size        Empty    Relocated 
[965.208s][info][gc,reloc    ] GC(125) y: Small Pages:                 3370         2084            0        6740M        2462M          82M 
[965.208s][info][gc,reloc    ] GC(125) y: Medium Pages:                   0            0            0           0M           0M           0M 
[965.208s][info][gc,reloc    ] GC(125) y: Large Pages:                    0            0            0           0M           0M           0M 
[965.208s][info][gc,reloc    ] GC(125) y: Forwarding Usage: 26M
[965.208s][info][gc,reloc    ] GC(125) y: Age Table:
[965.208s][info][gc,reloc    ] GC(125) y:                    Live             Garbage             Small              Medium             Large        
[965.208s][info][gc,reloc    ] GC(125) y: Eden              82M (1%)         6541M (80%)       3312 / 2037           0 / 0              0 / 0        
[965.208s][info][gc,reloc    ] GC(125) y: Survivor 1        11M (0%)           78M (1%)          45 / 34             0 / 0              0 / 0        
[965.208s][info][gc,reloc    ] GC(125) y: Survivor 2         0M (0%)            3M (0%)           2 / 2              0 / 0              0 / 0        
[965.208s][info][gc,reloc    ] GC(125) y: Survivor 3         0M (0%)            9M (0%)           5 / 5              0 / 0              0 / 0        
[965.208s][info][gc,reloc    ] GC(125) y: Survivor 4         0M (0%)            1M (0%)           1 / 1              0 / 0              0 / 0        
[965.208s][info][gc,reloc    ] GC(125) y: Survivor 5         0M (0%)            5M (0%)           3 / 3              0 / 0              0 / 0        
[965.208s][info][gc,reloc    ] GC(125) y: Survivor 6         0M (0%)            3M (0%)           2 / 2              0 / 0              0 / 0        
[965.208s][info][gc,heap     ] GC(125) y: Min Capacity: 8192M(100%)
[965.208s][info][gc,heap     ] GC(125) y: Max Capacity: 8192M(100%)
[965.208s][info][gc,heap     ] GC(125) y: Soft Max Capacity: 8192M(100%)
[965.208s][info][gc,heap     ] GC(125) y: Heap Statistics:
[965.208s][info][gc,heap     ] GC(125) y:                Mark Start          Mark End        Relocate Start      Relocate End           High               Low         
[965.208s][info][gc,heap     ] GC(125) y:  Capacity:     8192M (100%)       8192M (100%)       8192M (100%)       8192M (100%)       8192M (100%)       8192M (100%)   
[965.208s][info][gc,heap     ] GC(125) y:      Free:      904M (11%)         756M (9%)         3210M (39%)        7286M (89%)        7286M (89%)         756M (9%)     
[965.208s][info][gc,heap     ] GC(125) y:      Used:     7288M (89%)        7436M (91%)        4982M (61%)         906M (11%)        7436M (91%)         906M (11%)    
[965.208s][info][gc,heap     ] GC(125) y: Young Generation Statistics:
[965.208s][info][gc,heap     ] GC(125) y:                Mark Start          Mark End        Relocate Start      Relocate End    
[965.208s][info][gc,heap     ] GC(125) y:      Used:     6740M (82%)        6888M (84%)        4434M (54%)         358M (4%)     
[965.208s][info][gc,heap     ] GC(125) y:      Live:         -                95M (1%)           95M (1%)           95M (1%)     
[965.208s][info][gc,heap     ] GC(125) y:   Garbage:         -              6644M (81%)        4182M (51%)           0M (0%)     
[965.208s][info][gc,heap     ] GC(125) y: Allocated:         -               148M (2%)          156M (2%)          262M (3%)     
[965.208s][info][gc,heap     ] GC(125) y: Reclaimed:         -                  -              2462M (30%)        6644M (81%)    
[965.208s][info][gc,heap     ] GC(125) y:  Promoted:         -                  -                 0M (0%)            0M (0%)     
[965.208s][info][gc,heap     ] GC(125) y: Compacted:         -                  -                  -                93M (1%)     
[965.208s][info][gc,phases   ] GC(125) y: Young Generation 7288M(89%)->906M(11%) 0.235s
[965.208s][info][gc          ] GC(125) Minor Collection (Allocation Rate) 7288M(89%)->906M(11%) 0.236s
[970.844s][info][gc          ] GC(126) Minor Collection (Allocation Rate)
[970.844s][info][gc,task     ] GC(126) Using 1 Workers for Young Generation
[970.844s][info][gc,phases   ] GC(126) y: Young Generation
[970.844s][info][gc,phases   ] GC(126) y: Pause Mark Start 0.012ms
[971.041s][info][gc,phases   ] GC(126) y: Concurrent Mark 196.606ms
[971.041s][info][gc,phases   ] GC(126) y: Pause Mark End 0.009ms
[971.041s][info][gc,phases   ] GC(126) y: Concurrent Mark Free 0.000ms
[971.041s][info][gc,phases   ] GC(126) y: Concurrent Reset Relocation Set 0.251ms
[971.045s][info][gc,reloc    ] GC(126) y: Using tenuring threshold: 8 (Computed)
[971.060s][info][gc,phases   ] GC(126) y: Concurrent Select Relocation Set 18.536ms
[971.060s][info][gc,phases   ] GC(126) y: Pause Relocate Start 0.010ms
[971.181s][info][gc,phases   ] GC(126) y: Concurrent Relocate 121.257ms
[971.181s][info][gc,alloc    ] GC(126) y:                         Mark Start        Mark End      Relocate Start    Relocate End   
[971.181s][info][gc,alloc    ] GC(126) y: Allocation Stalls:          0                0                0                0         
[971.181s][info][gc,load     ] GC(126) y: Load: 0.00 (0%) / 0.00 (0%) / 0.00 (0%)
[971.181s][info][gc,mmu      ] GC(126) y: MMU: 2ms/76.4%, 5ms/90.6%, 10ms/95.3%, 20ms/97.6%, 50ms/99.1%, 100ms/99.5%
[971.181s][info][gc,marking  ] GC(126) y: Mark: 1 stripe(s), 2 proactive flush(es), 1 terminate flush(es), 0 completion(s), 0 continuation(s) 
[971.181s][info][gc,marking  ] GC(126) y: Mark Stack Usage: 32M
[971.181s][info][gc,nmethod  ] GC(126) y: NMethods: 5977 registered, 4447 unregistered
[971.181s][info][gc,metaspace] GC(126) y: Metaspace: 131M used, 132M committed, 1152M reserved
[971.182s][info][gc,reloc    ] GC(126) y:                        Candidates     Selected     In-Place         Size        Empty    Relocated 
[971.182s][info][gc,reloc    ] GC(126) y: Small Pages:                 3320         1757            0        6640M        2950M         125M 
[971.182s][info][gc,reloc    ] GC(126) y: Medium Pages:                   0            0            0           0M           0M           0M 
[971.182s][info][gc,reloc    ] GC(126) y: Large Pages:                    0            0            0           0M           0M           0M 
[971.182s][info][gc,reloc    ] GC(126) y: Forwarding Usage: 42M
[971.182s][info][gc,reloc    ] GC(126) y: Age Table:
[971.182s][info][gc,reloc    ] GC(126) y:                    Live             Garbage             Small              Medium             Large        
[971.182s][info][gc,reloc    ] GC(126) y: Eden             139M (2%)         6370M (78%)       3255 / 1699           0 / 0              0 / 0        
[971.182s][info][gc,reloc    ] GC(126) y: Survivor 1         8M (0%)           81M (1%)          45 / 42             0 / 0              0 / 0        
[971.182s][info][gc,reloc    ] GC(126) y: Survivor 2         3M (0%)           14M (0%)           9 / 6              0 / 0              0 / 0        
[971.182s][info][gc,reloc    ] GC(126) y: Survivor 3         0M (0%)            1M (0%)           1 / 1              0 / 0              0 / 0        
[971.182s][info][gc,reloc    ] GC(126) y: Survivor 4         0M (0%)            9M (0%)           5 / 5              0 / 0              0 / 0        
[971.182s][info][gc,reloc    ] GC(126) y: Survivor 5         0M (0%)            1M (0%)           1 / 1              0 / 0              0 / 0        
[971.182s][info][gc,reloc    ] GC(126) y: Survivor 6         0M (0%)            5M (0%)           3 / 3              0 / 0              0 / 0        
[971.182s][info][gc,reloc    ] GC(126) y: Survivor 7         0M (0%)            1M (0%)           1 / 0              0 / 0              0 / 0        
[971.182s][info][gc,heap     ] GC(126) y: Min Capacity: 8192M(100%)
[971.182s][info][gc,heap     ] GC(126) y: Max Capacity: 8192M(100%)
[971.182s][info][gc,heap     ] GC(126) y: Soft Max Capacity: 8192M(100%)
[971.182s][info][gc,heap     ] GC(126) y: Heap Statistics:
[971.182s][info][gc,heap     ] GC(126) y:                Mark Start          Mark End        Relocate Start      Relocate End           High               Low         
[971.182s][info][gc,heap     ] GC(126) y:  Capacity:     8192M (100%)       8192M (100%)       8192M (100%)       8192M (100%)       8192M (100%)       8192M (100%)   
[971.182s][info][gc,heap     ] GC(126) y:      Free:     1004M (12%)         546M (7%)         3474M (42%)        6844M (84%)        6844M (84%)         546M (7%)     
[971.182s][info][gc,heap     ] GC(126) y:      Used:     7188M (88%)        7646M (93%)        4718M (58%)        1348M (16%)        7646M (93%)        1348M (16%)    
[971.182s][info][gc,heap     ] GC(126) y: Young Generation Statistics:
[971.182s][info][gc,heap     ] GC(126) y:                Mark Start          Mark End        Relocate Start      Relocate End    
[971.182s][info][gc,heap     ] GC(126) y:      Used:     6640M (81%)        7098M (87%)        4170M (51%)         800M (10%)    
[971.182s][info][gc,heap     ] GC(126) y:      Live:         -               152M (2%)          152M (2%)          152M (2%)     
[971.182s][info][gc,heap     ] GC(126) y:   Garbage:         -              6487M (79%)        3537M (43%)           1M (0%)     
[971.182s][info][gc,heap     ] GC(126) y: Allocated:         -               458M (6%)          480M (6%)          645M (8%)     
[971.182s][info][gc,heap     ] GC(126) y: Reclaimed:         -                  -              2950M (36%)        6485M (79%)    
[971.182s][info][gc,heap     ] GC(126) y:  Promoted:         -                  -                 0M (0%)            0M (0%)     
[971.182s][info][gc,heap     ] GC(126) y: Compacted:         -                  -                  -               144M (2%)     
[971.182s][info][gc,phases   ] GC(126) y: Young Generation 7188M(88%)->1348M(16%) 0.337s
[971.182s][info][gc          ] GC(126) Minor Collection (Allocation Rate) 7188M(88%)->1350M(16%) 0.338s
[980.131s][info][gc          ] GC(127) Minor Collection (Allocation Rate)
[980.131s][info][gc,task     ] GC(127) Using 1 Workers for Young Generation
[980.131s][info][gc,phases   ] GC(127) y: Young Generation
[980.131s][info][gc,phases   ] GC(127) y: Pause Mark Start 0.012ms
[980.224s][info][gc,phases   ] GC(127) y: Concurrent Mark 92.192ms
[980.224s][info][gc,phases   ] GC(127) y: Pause Mark End 0.008ms
[980.224s][info][gc,phases   ] GC(127) y: Concurrent Mark Free 0.000ms
[980.224s][info][gc,phases   ] GC(127) y: Concurrent Reset Relocation Set 0.159ms
[980.226s][info][gc,reloc    ] GC(127) y: Using tenuring threshold: 9 (Computed)
[980.229s][info][gc,phases   ] GC(127) y: Concurrent Select Relocation Set 5.447ms
[980.229s][info][gc,phases   ] GC(127) y: Pause Relocate Start 0.007ms
[980.283s][info][gc,phases   ] GC(127) y: Concurrent Relocate 53.710ms
[980.283s][info][gc,alloc    ] GC(127) y:                         Mark Start        Mark End      Relocate Start    Relocate End   
[980.283s][info][gc,alloc    ] GC(127) y: Allocation Stalls:          0                0                0                0         
[980.283s][info][gc,load     ] GC(127) y: Load: 0.00 (0%) / 0.00 (0%) / 0.00 (0%)
[980.283s][info][gc,mmu      ] GC(127) y: MMU: 2ms/76.4%, 5ms/90.6%, 10ms/95.3%, 20ms/97.6%, 50ms/99.1%, 100ms/99.5%
[980.283s][info][gc,marking  ] GC(127) y: Mark: 1 stripe(s), 2 proactive flush(es), 1 terminate flush(es), 0 completion(s), 0 continuation(s) 
[980.283s][info][gc,marking  ] GC(127) y: Mark Stack Usage: 32M
[980.283s][info][gc,nmethod  ] GC(127) y: NMethods: 6011 registered, 4447 unregistered
[980.283s][info][gc,metaspace] GC(127) y: Metaspace: 131M used, 132M committed, 1152M reserved
[980.283s][info][gc,reloc    ] GC(127) y:                        Candidates     Selected     In-Place         Size        Empty    Relocated 
[980.283s][info][gc,reloc    ] GC(127) y: Small Pages:                 3038         1796            0        6076M        2402M          62M 
[980.283s][info][gc,reloc    ] GC(127) y: Medium Pages:                   0            0            0           0M           0M           0M 
[980.283s][info][gc,reloc    ] GC(127) y: Large Pages:                    0            0            0           0M           0M           0M 
[980.283s][info][gc,reloc    ] GC(127) y: Forwarding Usage: 22M
[980.283s][info][gc,reloc    ] GC(127) y: Age Table:
[980.283s][info][gc,reloc    ] GC(127) y:                    Live             Garbage             Small              Medium             Large        
[980.283s][info][gc,reloc    ] GC(127) y: Eden              63M (1%)         5810M (71%)       2937 / 1708           0 / 0              0 / 0        
[980.283s][info][gc,reloc    ] GC(127) y: Survivor 1         4M (0%)          147M (2%)          76 / 69             0 / 0              0 / 0        
[980.283s][info][gc,reloc    ] GC(127) y: Survivor 2         1M (0%)           16M (0%)           9 / 7              0 / 0              0 / 0        
[980.283s][info][gc,reloc    ] GC(127) y: Survivor 3         0M (0%)            9M (0%)           5 / 4              0 / 0              0 / 0        
[980.283s][info][gc,reloc    ] GC(127) y: Survivor 4         0M (0%)            5M (0%)           3 / 1              0 / 0              0 / 0        
[980.283s][info][gc,reloc    ] GC(127) y: Survivor 5         0M (0%)            5M (0%)           3 / 2              0 / 0              0 / 0        
[980.283s][info][gc,reloc    ] GC(127) y: Survivor 6         0M (0%)            1M (0%)           1 / 1              0 / 0              0 / 0        
[980.283s][info][gc,reloc    ] GC(127) y: Survivor 7         0M (0%)            5M (0%)           3 / 3              0 / 0              0 / 0        
[980.283s][info][gc,reloc    ] GC(127) y: Survivor 8         0M (0%)            1M (0%)           1 / 1              0 / 0              0 / 0        
[980.283s][info][gc,heap     ] GC(127) y: Min Capacity: 8192M(100%)
[980.283s][info][gc,heap     ] GC(127) y: Max Capacity: 8192M(100%)
[980.283s][info][gc,heap     ] GC(127) y: Soft Max Capacity: 8192M(100%)
[980.283s][info][gc,heap     ] GC(127) y: Heap Statistics:
[980.283s][info][gc,heap     ] GC(127) y:                Mark Start          Mark End        Relocate Start      Relocate End           High               Low         
[980.283s][info][gc,heap     ] GC(127) y:  Capacity:     8192M (100%)       8192M (100%)       8192M (100%)       8192M (100%)       8192M (100%)       8192M (100%)   
[980.284s][info][gc,heap     ] GC(127) y:      Free:     1568M (19%)        1502M (18%)        3902M (48%)        7424M (91%)        7424M (91%)        1502M (18%)    
[980.284s][info][gc,heap     ] GC(127) y:      Used:     6624M (81%)        6690M (82%)        4290M (52%)         768M (9%)         6690M (82%)         768M (9%)     
[980.284s][info][gc,heap     ] GC(127) y: Young Generation Statistics:
[980.284s][info][gc,heap     ] GC(127) y:                Mark Start          Mark End        Relocate Start      Relocate End    
[980.284s][info][gc,heap     ] GC(127) y:      Used:     6076M (74%)        6142M (75%)        3742M (46%)         220M (3%)     
[980.284s][info][gc,heap     ] GC(127) y:      Live:         -                71M (1%)           71M (1%)           71M (1%)     
[980.284s][info][gc,heap     ] GC(127) y:   Garbage:         -              6004M (73%)        3602M (44%)           0M (0%)     
[980.284s][info][gc,heap     ] GC(127) y: Allocated:         -                66M (1%)           68M (1%)          148M (2%)     
[980.284s][info][gc,heap     ] GC(127) y: Reclaimed:         -                  -              2402M (29%)        6004M (73%)    
[980.284s][info][gc,heap     ] GC(127) y:  Promoted:         -                  -                 0M (0%)            0M (0%)     
[980.284s][info][gc,heap     ] GC(127) y: Compacted:         -                  -                  -                71M (1%)     
[980.284s][info][gc,phases   ] GC(127) y: Young Generation 6624M(81%)->768M(9%) 0.152s
[980.284s][info][gc          ] GC(127) Minor Collection (Allocation Rate) 6624M(81%)->770M(9%) 0.152s
[988.441s][info][gc          ] GC(128) Minor Collection (Allocation Rate)
[988.441s][info][gc,task     ] GC(128) Using 1 Workers for Young Generation
[988.441s][info][gc,phases   ] GC(128) y: Young Generation
[988.441s][info][gc,phases   ] GC(128) y: Pause Mark Start 0.013ms
[988.542s][info][gc,phases   ] GC(128) y: Concurrent Mark 101.729ms
[988.542s][info][gc,phases   ] GC(128) y: Pause Mark End 0.009ms
[988.543s][info][gc,phases   ] GC(128) y: Concurrent Mark Free 0.000ms
[988.543s][info][gc,phases   ] GC(128) y: Concurrent Reset Relocation Set 0.144ms
[988.546s][info][gc,reloc    ] GC(128) y: Using tenuring threshold: 10 (Computed)
[988.561s][info][gc,phases   ] GC(128) y: Concurrent Select Relocation Set 18.207ms
[988.561s][info][gc,phases   ] GC(128) y: Pause Relocate Start 0.012ms
[988.622s][info][gc,phases   ] GC(128) y: Concurrent Relocate 61.301ms
[988.622s][info][gc,alloc    ] GC(128) y:                         Mark Start        Mark End      Relocate Start    Relocate End   
[988.622s][info][gc,alloc    ] GC(128) y: Allocation Stalls:          0                0                0                0         
[988.622s][info][gc,load     ] GC(128) y: Load: 0.00 (0%) / 0.00 (0%) / 0.00 (0%)
[988.622s][info][gc,mmu      ] GC(128) y: MMU: 2ms/76.4%, 5ms/90.6%, 10ms/95.3%, 20ms/97.6%, 50ms/99.1%, 100ms/99.5%
[988.622s][info][gc,marking  ] GC(128) y: Mark: 1 stripe(s), 2 proactive flush(es), 1 terminate flush(es), 0 completion(s), 0 continuation(s) 
[988.622s][info][gc,marking  ] GC(128) y: Mark Stack Usage: 32M
[988.622s][info][gc,nmethod  ] GC(128) y: NMethods: 6058 registered, 4447 unregistered
[988.622s][info][gc,metaspace] GC(128) y: Metaspace: 131M used, 132M committed, 1152M reserved
[988.622s][info][gc,reloc    ] GC(128) y:                        Candidates     Selected     In-Place         Size        Empty    Relocated 
[988.623s][info][gc,reloc    ] GC(128) y: Small Pages:                 3315         1810            0        6630M        2920M          68M 
[988.623s][info][gc,reloc    ] GC(128) y: Medium Pages:                   0            0            0           0M           0M           0M 
[988.623s][info][gc,reloc    ] GC(128) y: Large Pages:                    0            0            0           0M           0M           0M 
[988.623s][info][gc,reloc    ] GC(128) y: Forwarding Usage: 24M
[988.623s][info][gc,reloc    ] GC(128) y: Age Table:
[988.623s][info][gc,reloc    ] GC(128) y:                    Live             Garbage             Small              Medium             Large        
[988.623s][info][gc,reloc    ] GC(128) y: Eden              68M (1%)         6445M (79%)       3257 / 1754           0 / 0              0 / 0        
[988.623s][info][gc,reloc    ] GC(128) y: Survivor 1         5M (0%)           66M (1%)          36 / 35             0 / 0              0 / 0        
[988.623s][info][gc,reloc    ] GC(128) y: Survivor 2         1M (0%)           12M (0%)           7 / 7              0 / 0              0 / 0        
[988.623s][info][gc,reloc    ] GC(128) y: Survivor 3         0M (0%)            5M (0%)           3 / 3              0 / 0              0 / 0        
[988.623s][info][gc,reloc    ] GC(128) y: Survivor 4         0M (0%)            5M (0%)           3 / 3              0 / 0              0 / 0        
[988.623s][info][gc,reloc    ] GC(128) y: Survivor 5         0M (0%)            1M (0%)           1 / 1              0 / 0              0 / 0        
[988.623s][info][gc,reloc    ] GC(128) y: Survivor 6         0M (0%)            5M (0%)           3 / 3              0 / 0              0 / 0        
[988.623s][info][gc,reloc    ] GC(128) y: Survivor 7         0M (0%)            1M (0%)           1 / 0              0 / 0              0 / 0        
[988.623s][info][gc,reloc    ] GC(128) y: Survivor 8         0M (0%)            5M (0%)           3 / 3              0 / 0              0 / 0        
[988.623s][info][gc,reloc    ] GC(128) y: Survivor 9         0M (0%)            1M (0%)           1 / 1              0 / 0              0 / 0        
[988.623s][info][gc,heap     ] GC(128) y: Min Capacity: 8192M(100%)
[988.623s][info][gc,heap     ] GC(128) y: Max Capacity: 8192M(100%)
[988.623s][info][gc,heap     ] GC(128) y: Soft Max Capacity: 8192M(100%)
[988.623s][info][gc,heap     ] GC(128) y: Heap Statistics:
[988.623s][info][gc,heap     ] GC(128) y:                Mark Start          Mark End        Relocate Start      Relocate End           High               Low         
[988.623s][info][gc,heap     ] GC(128) y:  Capacity:     8192M (100%)       8192M (100%)       8192M (100%)       8192M (100%)       8192M (100%)       8192M (100%)   
[988.623s][info][gc,heap     ] GC(128) y:      Free:     1014M (12%)         940M (11%)        3848M (47%)        7380M (90%)        7380M (90%)         940M (11%)    
[988.623s][info][gc,heap     ] GC(128) y:      Used:     7178M (88%)        7252M (89%)        4344M (53%)         812M (10%)        7252M (89%)         812M (10%)    
[988.623s][info][gc,heap     ] GC(128) y: Young Generation Statistics:
[988.623s][info][gc,heap     ] GC(128) y:                Mark Start          Mark End        Relocate Start      Relocate End    
[988.623s][info][gc,heap     ] GC(128) y:      Used:     6630M (81%)        6704M (82%)        3796M (46%)         264M (3%)     
[988.623s][info][gc,heap     ] GC(128) y:      Live:         -                78M (1%)           78M (1%)           78M (1%)     
[988.623s][info][gc,heap     ] GC(128) y:   Garbage:         -              6551M (80%)        3631M (44%)           0M (0%)     
[988.623s][info][gc,heap     ] GC(128) y: Allocated:         -                74M (1%)           86M (1%)          185M (2%)     
[988.623s][info][gc,heap     ] GC(128) y: Reclaimed:         -                  -              2920M (36%)        6551M (80%)    
[988.623s][info][gc,heap     ] GC(128) y:  Promoted:         -                  -                 0M (0%)            0M (0%)     
[988.623s][info][gc,heap     ] GC(128) y: Compacted:         -                  -                  -                78M (1%)     
[988.623s][info][gc,phases   ] GC(128) y: Young Generation 7178M(88%)->812M(10%) 0.182s
[988.623s][info][gc          ] GC(128) Minor Collection (Allocation Rate) 7178M(88%)->812M(10%) 0.182s
[994.101s][info][gc          ] GC(129) Major Collection (Proactive)
[994.101s][info][gc,task     ] GC(129) Using 1 Workers for Young Generation
[994.101s][info][gc,task     ] GC(129) Using 1 Workers for Old Generation
[994.101s][info][gc,phases   ] GC(129) Y: Young Generation
[994.101s][info][gc,phases   ] GC(129) Y: Pause Mark Start (Major) 0.015ms
[994.212s][info][gc,phases   ] GC(129) Y: Concurrent Mark 111.003ms
[994.212s][info][gc,phases   ] GC(129) Y: Pause Mark End 0.009ms
[994.212s][info][gc,phases   ] GC(129) Y: Concurrent Mark Free 0.000ms
[994.212s][info][gc,phases   ] GC(129) Y: Concurrent Reset Relocation Set 0.133ms
[994.214s][info][gc,reloc    ] GC(129) Y: Using tenuring threshold: 9 (Computed)
[994.216s][info][gc,phases   ] GC(129) Y: Concurrent Select Relocation Set 4.231ms
[994.216s][info][gc,phases   ] GC(129) Y: Pause Relocate Start 0.008ms
[994.288s][info][gc,phases   ] GC(129) Y: Concurrent Relocate 71.008ms
[994.288s][info][gc,alloc    ] GC(129) Y:                         Mark Start        Mark End      Relocate Start    Relocate End   
[994.288s][info][gc,alloc    ] GC(129) Y: Allocation Stalls:          0                0                0                0         
[994.288s][info][gc,load     ] GC(129) Y: Load: 0.00 (0%) / 0.00 (0%) / 0.00 (0%)
[994.288s][info][gc,mmu      ] GC(129) Y: MMU: 2ms/76.4%, 5ms/90.6%, 10ms/95.3%, 20ms/97.6%, 50ms/99.1%, 100ms/99.5%
[994.288s][info][gc,marking  ] GC(129) Y: Mark: 1 stripe(s), 2 proactive flush(es), 1 terminate flush(es), 0 completion(s), 0 continuation(s) 
[994.288s][info][gc,marking  ] GC(129) Y: Mark Stack Usage: 32M
[994.288s][info][gc,nmethod  ] GC(129) Y: NMethods: 6145 registered, 4447 unregistered
[994.288s][info][gc,metaspace] GC(129) Y: Metaspace: 131M used, 132M committed, 1152M reserved
[994.288s][info][gc,reloc    ] GC(129) Y:                        Candidates     Selected     In-Place         Size        Empty    Relocated 
[994.288s][info][gc,reloc    ] GC(129) Y: Small Pages:                 2743         1577            0        5486M        2228M          78M 
[994.288s][info][gc,reloc    ] GC(129) Y: Medium Pages:                   0            0            0           0M           0M           0M 
[994.288s][info][gc,reloc    ] GC(129) Y: Large Pages:                    0            0            0           0M           0M           0M 
[994.288s][info][gc,reloc    ] GC(129) Y: Forwarding Usage: 24M
[994.288s][info][gc,reloc    ] GC(129) Y: Age Table:
[994.288s][info][gc,reloc    ] GC(129) Y:                    Live             Garbage             Small              Medium             Large        
[994.288s][info][gc,reloc    ] GC(129) Y: Eden              79M (1%)         5272M (64%)       2676 / 1517           0 / 0              0 / 0        
[994.288s][info][gc,reloc    ] GC(129) Y: Survivor 1         7M (0%)           70M (1%)          39 / 34             0 / 0              0 / 0        
[994.288s][info][gc,reloc    ] GC(129) Y: Survivor 2         1M (0%)           12M (0%)           7 / 7              0 / 0              0 / 0        
[994.288s][info][gc,reloc    ] GC(129) Y: Survivor 3         0M (0%)           11M (0%)           6 / 5              0 / 0              0 / 0        
[994.288s][info][gc,reloc    ] GC(129) Y: Survivor 4         0M (0%)            7M (0%)           4 / 4              0 / 0              0 / 0        
[994.288s][info][gc,reloc    ] GC(129) Y: Survivor 5         0M (0%)            1M (0%)           1 / 1              0 / 0              0 / 0        
[994.288s][info][gc,reloc    ] GC(129) Y: Survivor 6         0M (0%)            1M (0%)           1 / 1              0 / 0              0 / 0        
[994.288s][info][gc,reloc    ] GC(129) Y: Survivor 7         0M (0%)            5M (0%)           3 / 3              0 / 0              0 / 0        
[994.288s][info][gc,reloc    ] GC(129) Y: Survivor 8         0M (0%)            3M (0%)           2 / 2              0 / 0              0 / 0        
[994.288s][info][gc,reloc    ] GC(129) Y: Survivor 9         0M (0%)            5M (0%)           3 / 2              0 / 0              0 / 0        
[994.288s][info][gc,reloc    ] GC(129) Y: Survivor 10        0M (0%)            1M (0%)           1 / 1              0 / 0              0 / 0        
[994.288s][info][gc,heap     ] GC(129) Y: Min Capacity: 8192M(100%)
[994.288s][info][gc,heap     ] GC(129) Y: Max Capacity: 8192M(100%)
[994.288s][info][gc,heap     ] GC(129) Y: Soft Max Capacity: 8192M(100%)
[994.288s][info][gc,heap     ] GC(129) Y: Heap Statistics:
[994.288s][info][gc,heap     ] GC(129) Y:                Mark Start          Mark End        Relocate Start      Relocate End           High               Low         
[994.288s][info][gc,heap     ] GC(129) Y:  Capacity:     8192M (100%)       8192M (100%)       8192M (100%)       8192M (100%)       8192M (100%)       8192M (100%)   
[994.288s][info][gc,heap     ] GC(129) Y:      Free:     2158M (26%)        2032M (25%)        4260M (52%)        7318M (89%)        7320M (89%)        2032M (25%)    
[994.288s][info][gc,heap     ] GC(129) Y:      Used:     6034M (74%)        6160M (75%)        3932M (48%)         874M (11%)        6160M (75%)         872M (11%)    
[994.288s][info][gc,heap     ] GC(129) Y: Young Generation Statistics:
[994.288s][info][gc,heap     ] GC(129) Y:                Mark Start          Mark End        Relocate Start      Relocate End    
[994.288s][info][gc,heap     ] GC(129) Y:      Used:     5486M (67%)        5612M (69%)        3384M (41%)         320M (4%)     
[994.288s][info][gc,heap     ] GC(129) Y:      Live:         -                90M (1%)           90M (1%)           89M (1%)     
[994.288s][info][gc,heap     ] GC(129) Y:   Garbage:         -              5395M (66%)        3167M (39%)           0M (0%)     
[994.288s][info][gc,heap     ] GC(129) Y: Allocated:         -               126M (2%)          126M (2%)          229M (3%)     
[994.288s][info][gc,heap     ] GC(129) Y: Reclaimed:         -                  -              2228M (27%)        5394M (66%)    
[994.288s][info][gc,heap     ] GC(129) Y:  Promoted:         -                  -                 0M (0%)            0M (0%)     
[994.288s][info][gc,heap     ] GC(129) Y: Compacted:         -                  -                  -                88M (1%)     
[994.288s][info][gc,phases   ] GC(129) Y: Young Generation 6034M(74%)->874M(11%) 0.187s
[994.288s][info][gc,phases   ] GC(129) O: Old Generation
[995.014s][info][gc,phases   ] GC(129) O: Concurrent Mark 725.695ms
[995.014s][info][gc,phases   ] GC(129) O: Pause Mark End 0.016ms
[995.014s][info][gc,phases   ] GC(129) O: Concurrent Mark Free 0.001ms
[995.036s][info][gc,phases   ] GC(129) O: Concurrent Process Non-Strong 22.328ms
[995.036s][info][gc,phases   ] GC(129) O: Concurrent Reset Relocation Set 0.003ms
[995.041s][info][gc,phases   ] GC(129) O: Concurrent Select Relocation Set 4.245ms
[995.041s][info][gc,task     ] GC(129) O: Using 2 Workers for Old Generation
[995.109s][info][gc,task     ] GC(129) O: Using 1 Workers for Old Generation
[995.109s][info][gc,phases   ] GC(129) O: Concurrent Remap Roots 68.324ms
[995.109s][info][gc,phases   ] GC(129) O: Pause Relocate Start 0.009ms
[995.128s][info][gc,phases   ] GC(129) O: Concurrent Relocate 18.360ms
[995.128s][info][gc,alloc    ] GC(129) O:                         Mark Start        Mark End      Relocate Start    Relocate End   
[995.128s][info][gc,alloc    ] GC(129) O: Allocation Stalls:          0                0                0                0         
[995.128s][info][gc,load     ] GC(129) O: Load: 0.00 (0%) / 0.00 (0%) / 0.00 (0%)
[995.128s][info][gc,mmu      ] GC(129) O: MMU: 2ms/76.4%, 5ms/90.6%, 10ms/95.3%, 20ms/97.6%, 50ms/99.1%, 100ms/99.5%
[995.128s][info][gc,marking  ] GC(129) O: Mark: 1 stripe(s), 2 proactive flush(es), 1 terminate flush(es), 0 completion(s), 0 continuation(s) 
[995.128s][info][gc,marking  ] GC(129) O: Mark Stack Usage: 32M
[995.128s][info][gc,nmethod  ] GC(129) O: NMethods: 6080 registered, 4519 unregistered
[995.128s][info][gc,metaspace] GC(129) O: Metaspace: 131M used, 132M committed, 1152M reserved
[995.128s][info][gc,ref      ] GC(129) O:                       Encountered   Discovered     Enqueued 
[995.128s][info][gc,ref      ] GC(129) O: Soft References:             6087            0            0 
[995.128s][info][gc,ref      ] GC(129) O: Weak References:            23394        12906            0 
[995.128s][info][gc,ref      ] GC(129) O: Final References:              34            0            0 
[995.128s][info][gc,ref      ] GC(129) O: Phantom References:          1023          828            0 
[995.128s][info][gc,reloc    ] GC(129) O:                        Candidates     Selected     In-Place         Size        Empty    Relocated 
[995.128s][info][gc,reloc    ] GC(129) O: Small Pages:                  242           11            0         484M           0M           2M 
[995.128s][info][gc,reloc    ] GC(129) O: Medium Pages:                   2            0            0          64M           0M           0M 
[995.128s][info][gc,reloc    ] GC(129) O: Large Pages:                    0            0            0           0M           0M           0M 
[995.128s][info][gc,reloc    ] GC(129) O: Forwarding Usage: 5M
[995.128s][info][gc,heap     ] GC(129) O: Min Capacity: 8192M(100%)
[995.128s][info][gc,heap     ] GC(129) O: Max Capacity: 8192M(100%)
[995.128s][info][gc,heap     ] GC(129) O: Soft Max Capacity: 8192M(100%)
[995.128s][info][gc,heap     ] GC(129) O: Heap Statistics:
[995.128s][info][gc,heap     ] GC(129) O:                Mark Start          Mark End        Relocate Start      Relocate End           High               Low         
[995.128s][info][gc,heap     ] GC(129) O:  Capacity:     8192M (100%)       8192M (100%)       8192M (100%)       8192M (100%)       8192M (100%)       8192M (100%)   
[995.128s][info][gc,heap     ] GC(129) O:      Free:     2158M (26%)        6584M (80%)        6384M (78%)        6364M (78%)        7320M (89%)        2032M (25%)    
[995.128s][info][gc,heap     ] GC(129) O:      Used:     6034M (74%)        1608M (20%)        1808M (22%)        1828M (22%)        6160M (75%)         872M (11%)    
[995.128s][info][gc,heap     ] GC(129) O: Old Generation Statistics:
[995.128s][info][gc,heap     ] GC(129) O:                Mark Start          Mark End        Relocate Start      Relocate End    
[995.128s][info][gc,heap     ] GC(129) O:      Used:      548M (7%)          554M (7%)          554M (7%)          544M (7%)     
[995.128s][info][gc,heap     ] GC(129) O:      Live:         -               477M (6%)          477M (6%)          477M (6%)     
[995.128s][info][gc,heap     ] GC(129) O:   Garbage:         -                70M (1%)           70M (1%)           47M (1%)     
[995.128s][info][gc,heap     ] GC(129) O: Allocated:         -                 6M (0%)            6M (0%)           19M (0%)     
[995.128s][info][gc,heap     ] GC(129) O: Reclaimed:         -                  -                 0M (0%)           23M (0%)     
[995.128s][info][gc,heap     ] GC(129) O: Compacted:         -                  -                  -                12M (0%)     
[995.128s][info][gc,phases   ] GC(129) O: Old Generation 874M(11%)->1828M(22%) 0.840s
[995.128s][info][gc          ] GC(129) Major Collection (Proactive) 6034M(74%)->1828M(22%) 1.027s
[1003.185s][info][gc          ] GC(130) Minor Collection (Allocation Rate)
[1003.185s][info][gc,task     ] GC(130) Using 1 Workers for Young Generation
[1003.185s][info][gc,phases   ] GC(130) y: Young Generation
[1003.185s][info][gc,phases   ] GC(130) y: Pause Mark Start 0.013ms
[1003.288s][info][gc,phases   ] GC(130) y: Concurrent Mark 103.017ms
[1003.288s][info][gc,phases   ] GC(130) y: Pause Mark End 0.009ms
[1003.288s][info][gc,phases   ] GC(130) y: Concurrent Mark Free 0.000ms
[1003.289s][info][gc,phases   ] GC(130) y: Concurrent Reset Relocation Set 0.132ms
[1003.291s][info][gc,reloc    ] GC(130) y: Using tenuring threshold: 5 (Computed)
[1003.294s][info][gc,phases   ] GC(130) y: Concurrent Select Relocation Set 5.101ms
[1003.294s][info][gc,phases   ] GC(130) y: Pause Relocate Start 0.008ms
[1003.352s][info][gc,phases   ] GC(130) y: Concurrent Relocate 57.921ms
[1003.352s][info][gc,alloc    ] GC(130) y:                         Mark Start        Mark End      Relocate Start    Relocate End   
[1003.352s][info][gc,alloc    ] GC(130) y: Allocation Stalls:          0                0                0                0         
[1003.352s][info][gc,load     ] GC(130) y: Load: 0.00 (0%) / 0.00 (0%) / 0.00 (0%)
[1003.352s][info][gc,mmu      ] GC(130) y: MMU: 2ms/76.4%, 5ms/90.6%, 10ms/95.3%, 20ms/97.6%, 50ms/99.1%, 100ms/99.5%
[1003.352s][info][gc,marking  ] GC(130) y: Mark: 1 stripe(s), 2 proactive flush(es), 1 terminate flush(es), 0 completion(s), 0 continuation(s) 
[1003.352s][info][gc,marking  ] GC(130) y: Mark Stack Usage: 32M
[1003.352s][info][gc,nmethod  ] GC(130) y: NMethods: 6088 registered, 4519 unregistered
[1003.352s][info][gc,metaspace] GC(130) y: Metaspace: 131M used, 132M committed, 1152M reserved
[1003.352s][info][gc,reloc    ] GC(130) y:                        Candidates     Selected     In-Place         Size        Empty    Relocated 
[1003.352s][info][gc,reloc    ] GC(130) y: Small Pages:                 3493         1803            0        6986M        3294M          67M 
[1003.352s][info][gc,reloc    ] GC(130) y: Medium Pages:                   0            0            0           0M           0M           0M 
[1003.352s][info][gc,reloc    ] GC(130) y: Large Pages:                    0            0            0           0M           0M           0M 
[1003.352s][info][gc,reloc    ] GC(130) y: Forwarding Usage: 23M
[1003.352s][info][gc,reloc    ] GC(130) y: Age Table:
[1003.352s][info][gc,reloc    ] GC(130) y:                    Live             Garbage             Small              Medium             Large        
[1003.352s][info][gc,reloc    ] GC(130) y: Eden              68M (1%)         6775M (83%)       3422 / 1740           0 / 0              0 / 0        
[1003.352s][info][gc,reloc    ] GC(130) y: Survivor 1         3M (0%)           84M (1%)          44 / 40             0 / 0              0 / 0        
[1003.352s][info][gc,reloc    ] GC(130) y: Survivor 2         1M (0%)           14M (0%)           8 / 8              0 / 0              0 / 0        
[1003.352s][info][gc,reloc    ] GC(130) y: Survivor 3         0M (0%)            9M (0%)           5 / 2              0 / 0              0 / 0        
[1003.352s][info][gc,reloc    ] GC(130) y: Survivor 4         0M (0%)            7M (0%)           4 / 4              0 / 0              0 / 0        
[1003.352s][info][gc,reloc    ] GC(130) y: Survivor 5         0M (0%)            3M (0%)           2 / 1              0 / 0              0 / 0        
[1003.352s][info][gc,reloc    ] GC(130) y: Survivor 6         0M (0%)            5M (0%)           3 / 3              0 / 0              0 / 0        
[1003.352s][info][gc,reloc    ] GC(130) y: Survivor 7         0M (0%)            1M (0%)           1 / 1              0 / 0              0 / 0        
[1003.352s][info][gc,reloc    ] GC(130) y: Survivor 8         0M (0%)            5M (0%)           3 / 3              0 / 0              0 / 0        
[1003.352s][info][gc,reloc    ] GC(130) y: Survivor 9         0M (0%)            1M (0%)           1 / 1              0 / 0              0 / 0        
[1003.352s][info][gc,heap     ] GC(130) y: Min Capacity: 8192M(100%)
[1003.352s][info][gc,heap     ] GC(130) y: Max Capacity: 8192M(100%)
[1003.352s][info][gc,heap     ] GC(130) y: Soft Max Capacity: 8192M(100%)
[1003.352s][info][gc,heap     ] GC(130) y: Heap Statistics:
[1003.352s][info][gc,heap     ] GC(130) y:                Mark Start          Mark End        Relocate Start      Relocate End           High               Low         
[1003.352s][info][gc,heap     ] GC(130) y:  Capacity:     8192M (100%)       8192M (100%)       8192M (100%)       8192M (100%)       8192M (100%)       8192M (100%)   
[1003.352s][info][gc,heap     ] GC(130) y:      Free:      662M (8%)          604M (7%)         3898M (48%)        7482M (91%)        7482M (91%)         604M (7%)     
[1003.352s][info][gc,heap     ] GC(130) y:      Used:     7530M (92%)        7588M (93%)        4294M (52%)         710M (9%)         7588M (93%)         710M (9%)     
[1003.352s][info][gc,heap     ] GC(130) y: Young Generation Statistics:
[1003.352s][info][gc,heap     ] GC(130) y:                Mark Start          Mark End        Relocate Start      Relocate End    
[1003.352s][info][gc,heap     ] GC(130) y:      Used:     6986M (85%)        7044M (86%)        3750M (46%)         164M (2%)     
[1003.352s][info][gc,heap     ] GC(130) y:      Live:         -                74M (1%)           74M (1%)           73M (1%)     
[1003.352s][info][gc,heap     ] GC(130) y:   Garbage:         -              6911M (84%)        3617M (44%)           0M (0%)     
[1003.352s][info][gc,heap     ] GC(130) y: Allocated:         -                58M (1%)           58M (1%)           90M (1%)     
[1003.352s][info][gc,heap     ] GC(130) y: Reclaimed:         -                  -              3294M (40%)        6911M (84%)    
[1003.352s][info][gc,heap     ] GC(130) y:  Promoted:         -                  -                 0M (0%)            0M (0%)     
[1003.352s][info][gc,heap     ] GC(130) y: Compacted:         -                  -                  -                73M (1%)     
[1003.352s][info][gc,phases   ] GC(130) y: Young Generation 7530M(92%)->710M(9%) 0.167s
[1003.352s][info][gc          ] GC(130) Minor Collection (Allocation Rate) 7530M(92%)->710M(9%) 0.167s
[1012.001s][info][gc          ] GC(131) Minor Collection (Allocation Rate)
[1012.001s][info][gc,task     ] GC(131) Using 1 Workers for Young Generation
[1012.001s][info][gc,phases   ] GC(131) y: Young Generation
[1012.001s][info][gc,phases   ] GC(131) y: Pause Mark Start 0.017ms
[1012.119s][info][gc,phases   ] GC(131) y: Concurrent Mark 118.026ms
[1012.119s][info][gc,phases   ] GC(131) y: Pause Mark End 0.008ms
[1012.119s][info][gc,phases   ] GC(131) y: Concurrent Mark Free 0.000ms
[1012.120s][info][gc,phases   ] GC(131) y: Concurrent Reset Relocation Set 0.143ms
[1012.122s][info][gc,reloc    ] GC(131) y: Using tenuring threshold: 4 (Computed)
[1012.134s][info][gc,phases   ] GC(131) y: Concurrent Select Relocation Set 14.587ms
[1012.134s][info][gc,phases   ] GC(131) y: Pause Relocate Start 0.009ms
[1012.219s][info][gc,phases   ] GC(131) y: Concurrent Relocate 84.671ms
[1012.219s][info][gc,alloc    ] GC(131) y:                         Mark Start        Mark End      Relocate Start    Relocate End   
[1012.219s][info][gc,alloc    ] GC(131) y: Allocation Stalls:          0                0                0                0         
[1012.219s][info][gc,load     ] GC(131) y: Load: 0.00 (0%) / 0.00 (0%) / 0.00 (0%)
[1012.219s][info][gc,mmu      ] GC(131) y: MMU: 2ms/76.4%, 5ms/90.6%, 10ms/95.3%, 20ms/97.6%, 50ms/99.1%, 100ms/99.5%
[1012.219s][info][gc,marking  ] GC(131) y: Mark: 1 stripe(s), 2 proactive flush(es), 1 terminate flush(es), 0 completion(s), 0 continuation(s) 
[1012.219s][info][gc,marking  ] GC(131) y: Mark Stack Usage: 32M
[1012.219s][info][gc,nmethod  ] GC(131) y: NMethods: 6119 registered, 4519 unregistered
[1012.219s][info][gc,metaspace] GC(131) y: Metaspace: 131M used, 132M committed, 1152M reserved
[1012.219s][info][gc,reloc    ] GC(131) y:                        Candidates     Selected     In-Place         Size        Empty    Relocated 
[1012.219s][info][gc,reloc    ] GC(131) y: Small Pages:                 3598         2103            0        7196M        2876M          86M 
[1012.219s][info][gc,reloc    ] GC(131) y: Medium Pages:                   0            0            0           0M           0M           0M 
[1012.219s][info][gc,reloc    ] GC(131) y: Large Pages:                    0            0            0           0M           0M           0M 
[1012.219s][info][gc,reloc    ] GC(131) y: Forwarding Usage: 26M
[1012.219s][info][gc,reloc    ] GC(131) y: Age Table:
[1012.219s][info][gc,reloc    ] GC(131) y:                    Live             Garbage             Small              Medium             Large        
[1012.219s][info][gc,reloc    ] GC(131) y: Eden              91M (1%)         7002M (85%)       3547 / 2060           0 / 0              0 / 0        
[1012.219s][info][gc,reloc    ] GC(131) y: Survivor 1         5M (0%)           72M (1%)          39 / 34             0 / 0              0 / 0        
[1012.219s][info][gc,reloc    ] GC(131) y: Survivor 2         0M (0%)            5M (0%)           3 / 1              0 / 0              0 / 0        
[1012.219s][info][gc,reloc    ] GC(131) y: Survivor 3         0M (0%)            3M (0%)           2 / 1              0 / 0              0 / 0        
[1012.219s][info][gc,reloc    ] GC(131) y: Survivor 4         0M (0%)            3M (0%)           2 / 2              0 / 0              0 / 0        
[1012.219s][info][gc,reloc    ] GC(131) y: Survivor 5         0M (0%)            9M (0%)           5 / 5              0 / 0              0 / 0        
[1012.219s][info][gc,heap     ] GC(131) y: Min Capacity: 8192M(100%)
[1012.219s][info][gc,heap     ] GC(131) y: Max Capacity: 8192M(100%)
[1012.219s][info][gc,heap     ] GC(131) y: Soft Max Capacity: 8192M(100%)
[1012.219s][info][gc,heap     ] GC(131) y: Heap Statistics:
[1012.219s][info][gc,heap     ] GC(131) y:                Mark Start          Mark End        Relocate Start      Relocate End           High               Low         
[1012.219s][info][gc,heap     ] GC(131) y:  Capacity:     8192M (100%)       8192M (100%)       8192M (100%)       8192M (100%)       8192M (100%)       8192M (100%)   
[1012.219s][info][gc,heap     ] GC(131) y:      Free:      450M (5%)          306M (4%)         3170M (39%)        7236M (88%)        7238M (88%)         306M (4%)     
[1012.219s][info][gc,heap     ] GC(131) y:      Used:     7742M (95%)        7886M (96%)        5022M (61%)         956M (12%)        7886M (96%)         954M (12%)    
[1012.219s][info][gc,heap     ] GC(131) y: Young Generation Statistics:
[1012.219s][info][gc,heap     ] GC(131) y:                Mark Start          Mark End        Relocate Start      Relocate End    
[1012.219s][info][gc,heap     ] GC(131) y:      Used:     7196M (88%)        7340M (90%)        4476M (55%)         408M (5%)     
[1012.220s][info][gc,heap     ] GC(131) y:      Live:         -                98M (1%)           98M (1%)           98M (1%)     
[1012.220s][info][gc,heap     ] GC(131) y:   Garbage:         -              7097M (87%)        4221M (52%)           0M (0%)     
[1012.220s][info][gc,heap     ] GC(131) y: Allocated:         -               144M (2%)          156M (2%)          308M (4%)     
[1012.220s][info][gc,heap     ] GC(131) y: Reclaimed:         -                  -              2876M (35%)        7096M (87%)    
[1012.220s][info][gc,heap     ] GC(131) y:  Promoted:         -                  -                 0M (0%)            0M (0%)     
[1012.220s][info][gc,heap     ] GC(131) y: Compacted:         -                  -                  -                97M (1%)     
[1012.220s][info][gc,phases   ] GC(131) y: Young Generation 7742M(95%)->956M(12%) 0.218s
[1012.220s][info][gc          ] GC(131) Minor Collection (Allocation Rate) 7742M(95%)->956M(12%) 0.218s
[1019.743s][info][gc          ] GC(132) Minor Collection (Allocation Rate)
[1019.743s][info][gc,task     ] GC(132) Using 1 Workers for Young Generation
[1019.743s][info][gc,phases   ] GC(132) y: Young Generation
[1019.743s][info][gc,phases   ] GC(132) y: Pause Mark Start 0.014ms
[1019.854s][info][gc,phases   ] GC(132) y: Concurrent Mark 110.916ms
[1019.854s][info][gc,phases   ] GC(132) y: Pause Mark End 0.027ms
[1019.854s][info][gc,phases   ] GC(132) y: Concurrent Mark Free 0.001ms
[1019.855s][info][gc,phases   ] GC(132) y: Concurrent Reset Relocation Set 0.625ms
[1019.857s][info][gc,reloc    ] GC(132) y: Using tenuring threshold: 5 (Computed)
[1019.860s][info][gc,phases   ] GC(132) y: Concurrent Select Relocation Set 5.353ms
[1019.860s][info][gc,phases   ] GC(132) y: Pause Relocate Start 0.020ms
[1019.940s][info][gc,phases   ] GC(132) y: Concurrent Relocate 79.658ms
[1019.940s][info][gc,alloc    ] GC(132) y:                         Mark Start        Mark End      Relocate Start    Relocate End   
[1019.940s][info][gc,alloc    ] GC(132) y: Allocation Stalls:          0                0                0                0         
[1019.940s][info][gc,load     ] GC(132) y: Load: 0.00 (0%) / 0.00 (0%) / 0.00 (0%)
[1019.940s][info][gc,mmu      ] GC(132) y: MMU: 2ms/76.4%, 5ms/90.6%, 10ms/95.3%, 20ms/97.6%, 50ms/99.1%, 100ms/99.5%
[1019.940s][info][gc,marking  ] GC(132) y: Mark: 1 stripe(s), 2 proactive flush(es), 1 terminate flush(es), 0 completion(s), 0 continuation(s) 
[1019.940s][info][gc,marking  ] GC(132) y: Mark Stack Usage: 32M
[1019.940s][info][gc,nmethod  ] GC(132) y: NMethods: 6123 registered, 4519 unregistered
[1019.940s][info][gc,metaspace] GC(132) y: Metaspace: 131M used, 132M committed, 1152M reserved
[1019.940s][info][gc,reloc    ] GC(132) y:                        Candidates     Selected     In-Place         Size        Empty    Relocated 
[1019.940s][info][gc,reloc    ] GC(132) y: Small Pages:                 3518         1694            0        7036M        3548M          75M 
[1019.940s][info][gc,reloc    ] GC(132) y: Medium Pages:                   0            0            0           0M           0M           0M 
[1019.940s][info][gc,reloc    ] GC(132) y: Large Pages:                    0            0            0           0M           0M           0M 
[1019.940s][info][gc,reloc    ] GC(132) y: Forwarding Usage: 24M
[1019.940s][info][gc,reloc    ] GC(132) y: Age Table:
[1019.940s][info][gc,reloc    ] GC(132) y:                    Live             Garbage             Small              Medium             Large        
[1019.940s][info][gc,reloc    ] GC(132) y: Eden              79M (1%)         6824M (83%)       3452 / 1636           0 / 0              0 / 0        
[1019.940s][info][gc,reloc    ] GC(132) y: Survivor 1         6M (0%)           93M (1%)          50 / 45             0 / 0              0 / 0        
[1019.940s][info][gc,reloc    ] GC(132) y: Survivor 2         0M (0%)           17M (0%)           9 / 8              0 / 0              0 / 0        
[1019.940s][info][gc,reloc    ] GC(132) y: Survivor 3         0M (0%)            7M (0%)           4 / 4              0 / 0              0 / 0        
[1019.940s][info][gc,reloc    ] GC(132) y: Survivor 4         0M (0%)            5M (0%)           3 / 1              0 / 0              0 / 0        
[1019.940s][info][gc,heap     ] GC(132) y: Min Capacity: 8192M(100%)
[1019.940s][info][gc,heap     ] GC(132) y: Max Capacity: 8192M(100%)
[1019.940s][info][gc,heap     ] GC(132) y: Soft Max Capacity: 8192M(100%)
[1019.940s][info][gc,heap     ] GC(132) y: Heap Statistics:
[1019.940s][info][gc,heap     ] GC(132) y:                Mark Start          Mark End        Relocate Start      Relocate End           High               Low         
[1019.940s][info][gc,heap     ] GC(132) y:  Capacity:     8192M (100%)       8192M (100%)       8192M (100%)       8192M (100%)       8192M (100%)       8192M (100%)   
[1019.940s][info][gc,heap     ] GC(132) y:      Free:      608M (7%)          510M (6%)         4054M (49%)        7366M (90%)        7368M (90%)         510M (6%)     
[1019.940s][info][gc,heap     ] GC(132) y:      Used:     7584M (93%)        7682M (94%)        4138M (51%)         826M (10%)        7682M (94%)         824M (10%)    
[1019.940s][info][gc,heap     ] GC(132) y: Young Generation Statistics:
[1019.940s][info][gc,heap     ] GC(132) y:                Mark Start          Mark End        Relocate Start      Relocate End    
[1019.940s][info][gc,heap     ] GC(132) y:      Used:     7036M (86%)        7134M (87%)        3590M (44%)         278M (3%)     
[1019.940s][info][gc,heap     ] GC(132) y:      Live:         -                86M (1%)           86M (1%)           86M (1%)     
[1019.940s][info][gc,heap     ] GC(132) y:   Garbage:         -              6949M (85%)        3401M (42%)           1M (0%)     
[1019.940s][info][gc,heap     ] GC(132) y: Allocated:         -                98M (1%)          102M (1%)          190M (2%)     
[1019.940s][info][gc,heap     ] GC(132) y: Reclaimed:         -                  -              3548M (43%)        6948M (85%)    
[1019.940s][info][gc,heap     ] GC(132) y:  Promoted:         -                  -                 0M (0%)            0M (0%)     
[1019.940s][info][gc,heap     ] GC(132) y: Compacted:         -                  -                  -                83M (1%)     
[1019.940s][info][gc,phases   ] GC(132) y: Young Generation 7584M(93%)->826M(10%) 0.197s
[1019.940s][info][gc          ] GC(132) Minor Collection (Allocation Rate) 7584M(93%)->826M(10%) 0.198s
[1030.341s][info][gc          ] GC(133) Minor Collection (Allocation Rate)
[1030.341s][info][gc,task     ] GC(133) Using 1 Workers for Young Generation
[1030.341s][info][gc,phases   ] GC(133) y: Young Generation
[1030.341s][info][gc,phases   ] GC(133) y: Pause Mark Start 0.014ms
[1030.465s][info][gc,phases   ] GC(133) y: Concurrent Mark 123.955ms
[1030.465s][info][gc,phases   ] GC(133) y: Pause Mark End 0.009ms
[1030.465s][info][gc,phases   ] GC(133) y: Concurrent Mark Free 0.000ms
[1030.465s][info][gc,phases   ] GC(133) y: Concurrent Reset Relocation Set 0.137ms
[1030.467s][info][gc,reloc    ] GC(133) y: Using tenuring threshold: 6 (Computed)
[1030.481s][info][gc,phases   ] GC(133) y: Concurrent Select Relocation Set 15.551ms
[1030.481s][info][gc,phases   ] GC(133) y: Pause Relocate Start 0.009ms
[1030.564s][info][gc,phases   ] GC(133) y: Concurrent Relocate 83.490ms
[1030.564s][info][gc,alloc    ] GC(133) y:                         Mark Start        Mark End      Relocate Start    Relocate End   
[1030.564s][info][gc,alloc    ] GC(133) y: Allocation Stalls:          0                0                0                0         
[1030.564s][info][gc,load     ] GC(133) y: Load: 0.00 (0%) / 0.00 (0%) / 0.00 (0%)
[1030.564s][info][gc,mmu      ] GC(133) y: MMU: 2ms/76.4%, 5ms/90.6%, 10ms/95.3%, 20ms/97.6%, 50ms/99.1%, 100ms/99.5%
[1030.564s][info][gc,marking  ] GC(133) y: Mark: 1 stripe(s), 2 proactive flush(es), 1 terminate flush(es), 0 completion(s), 0 continuation(s) 
[1030.564s][info][gc,marking  ] GC(133) y: Mark Stack Usage: 32M
[1030.564s][info][gc,nmethod  ] GC(133) y: NMethods: 6141 registered, 4519 unregistered
[1030.564s][info][gc,metaspace] GC(133) y: Metaspace: 131M used, 132M committed, 1152M reserved
[1030.564s][info][gc,reloc    ] GC(133) y:                        Candidates     Selected     In-Place         Size        Empty    Relocated 
[1030.564s][info][gc,reloc    ] GC(133) y: Small Pages:                 3584         2047            0        7168M        2978M          71M 
[1030.564s][info][gc,reloc    ] GC(133) y: Medium Pages:                   0            0            0           0M           0M           0M 
[1030.564s][info][gc,reloc    ] GC(133) y: Large Pages:                    0            0            0           0M           0M           0M 
[1030.564s][info][gc,reloc    ] GC(133) y: Forwarding Usage: 25M
[1030.564s][info][gc,reloc    ] GC(133) y: Age Table:
[1030.564s][info][gc,reloc    ] GC(133) y:                    Live             Garbage             Small              Medium             Large        
[1030.564s][info][gc,reloc    ] GC(133) y: Eden              77M (1%)         6962M (85%)       3520 / 1987           0 / 0              0 / 0        
[1030.564s][info][gc,reloc    ] GC(133) y: Survivor 1         5M (0%)           84M (1%)          45 / 43             0 / 0              0 / 0        
[1030.564s][info][gc,reloc    ] GC(133) y: Survivor 2         0M (0%)           19M (0%)          10 / 10             0 / 0              0 / 0        
[1030.564s][info][gc,reloc    ] GC(133) y: Survivor 3         0M (0%)            9M (0%)           5 / 4              0 / 0              0 / 0        
[1030.564s][info][gc,reloc    ] GC(133) y: Survivor 4         0M (0%)            3M (0%)           2 / 1              0 / 0              0 / 0        
[1030.564s][info][gc,reloc    ] GC(133) y: Survivor 5         0M (0%)            3M (0%)           2 / 2              0 / 0              0 / 0        
[1030.564s][info][gc,heap     ] GC(133) y: Min Capacity: 8192M(100%)
[1030.564s][info][gc,heap     ] GC(133) y: Max Capacity: 8192M(100%)
[1030.564s][info][gc,heap     ] GC(133) y: Soft Max Capacity: 8192M(100%)
[1030.565s][info][gc,heap     ] GC(133) y: Heap Statistics:
[1030.565s][info][gc,heap     ] GC(133) y:                Mark Start          Mark End        Relocate Start      Relocate End           High               Low         
[1030.565s][info][gc,heap     ] GC(133) y:  Capacity:     8192M (100%)       8192M (100%)       8192M (100%)       8192M (100%)       8192M (100%)       8192M (100%)   
[1030.565s][info][gc,heap     ] GC(133) y:      Free:      476M (6%)          344M (4%)         3312M (40%)        7318M (89%)        7318M (89%)         344M (4%)     
[1030.565s][info][gc,heap     ] GC(133) y:      Used:     7716M (94%)        7848M (96%)        4880M (60%)         874M (11%)        7848M (96%)         874M (11%)    
[1030.565s][info][gc,heap     ] GC(133) y: Young Generation Statistics:
[1030.565s][info][gc,heap     ] GC(133) y:                Mark Start          Mark End        Relocate Start      Relocate End    
[1030.565s][info][gc,heap     ] GC(133) y:      Used:     7168M (88%)        7300M (89%)        4332M (53%)         326M (4%)     
[1030.565s][info][gc,heap     ] GC(133) y:      Live:         -                83M (1%)           83M (1%)           83M (1%)     
[1030.565s][info][gc,heap     ] GC(133) y:   Garbage:         -              7084M (86%)        4106M (50%)           0M (0%)     
[1030.565s][info][gc,heap     ] GC(133) y: Allocated:         -               132M (2%)          142M (2%)          242M (3%)     
[1030.565s][info][gc,heap     ] GC(133) y: Reclaimed:         -                  -              2978M (36%)        7084M (86%)    
[1030.565s][info][gc,heap     ] GC(133) y:  Promoted:         -                  -                 0M (0%)            0M (0%)     
[1030.565s][info][gc,heap     ] GC(133) y: Compacted:         -                  -                  -                81M (1%)     
[1030.565s][info][gc,phases   ] GC(133) y: Young Generation 7714M(94%)->874M(11%) 0.224s
[1030.565s][info][gc          ] GC(133) Minor Collection (Allocation Rate) 7712M(94%)->874M(11%) 0.224s
[1038.563s][info][gc          ] GC(134) Minor Collection (Allocation Rate)
[1038.563s][info][gc,task     ] GC(134) Using 1 Workers for Young Generation
[1038.563s][info][gc,phases   ] GC(134) y: Young Generation
[1038.563s][info][gc,phases   ] GC(134) y: Pause Mark Start 0.013ms
[1038.666s][info][gc,phases   ] GC(134) y: Concurrent Mark 103.325ms
[1038.666s][info][gc,phases   ] GC(134) y: Pause Mark End 0.008ms
[1038.666s][info][gc,phases   ] GC(134) y: Concurrent Mark Free 0.000ms
[1038.666s][info][gc,phases   ] GC(134) y: Concurrent Reset Relocation Set 0.157ms
[1038.669s][info][gc,reloc    ] GC(134) y: Using tenuring threshold: 7 (Computed)
[1038.671s][info][gc,phases   ] GC(134) y: Concurrent Select Relocation Set 4.388ms
[1038.671s][info][gc,phases   ] GC(134) y: Pause Relocate Start 0.008ms
[1038.731s][info][gc,phases   ] GC(134) y: Concurrent Relocate 59.861ms
[1038.731s][info][gc,alloc    ] GC(134) y:                         Mark Start        Mark End      Relocate Start    Relocate End   
[1038.731s][info][gc,alloc    ] GC(134) y: Allocation Stalls:          0                0                0                0         
[1038.731s][info][gc,load     ] GC(134) y: Load: 0.00 (0%) / 0.00 (0%) / 0.00 (0%)
[1038.731s][info][gc,mmu      ] GC(134) y: MMU: 2ms/76.4%, 5ms/90.6%, 10ms/95.3%, 20ms/97.6%, 50ms/99.1%, 100ms/99.5%
[1038.731s][info][gc,marking  ] GC(134) y: Mark: 1 stripe(s), 2 proactive flush(es), 1 terminate flush(es), 0 completion(s), 0 continuation(s) 
[1038.731s][info][gc,marking  ] GC(134) y: Mark Stack Usage: 32M
[1038.731s][info][gc,nmethod  ] GC(134) y: NMethods: 6333 registered, 4519 unregistered
[1038.731s][info][gc,metaspace] GC(134) y: Metaspace: 131M used, 132M committed, 1152M reserved
[1038.731s][info][gc,reloc    ] GC(134) y:                        Candidates     Selected     In-Place         Size        Empty    Relocated 
[1038.731s][info][gc,reloc    ] GC(134) y: Small Pages:                 3493         1667            0        6986M        3560M          68M 
[1038.731s][info][gc,reloc    ] GC(134) y: Medium Pages:                   0            0            0           0M           0M           0M 
[1038.731s][info][gc,reloc    ] GC(134) y: Large Pages:                    0            0            0           0M           0M           0M 
[1038.731s][info][gc,reloc    ] GC(134) y: Forwarding Usage: 23M
[1038.731s][info][gc,reloc    ] GC(134) y: Age Table:
[1038.731s][info][gc,reloc    ] GC(134) y:                    Live             Garbage             Small              Medium             Large        
[1038.731s][info][gc,reloc    ] GC(134) y: Eden              70M (1%)         6797M (83%)       3434 / 1617           0 / 0              0 / 0        
[1038.731s][info][gc,reloc    ] GC(134) y: Survivor 1         7M (0%)           82M (1%)          45 / 39             0 / 0              0 / 0        
[1038.731s][info][gc,reloc    ] GC(134) y: Survivor 2         0M (0%)           13M (0%)           7 / 6              0 / 0              0 / 0        
[1038.731s][info][gc,reloc    ] GC(134) y: Survivor 3         0M (0%)            5M (0%)           3 / 2              0 / 0              0 / 0        
[1038.731s][info][gc,reloc    ] GC(134) y: Survivor 4         0M (0%)            3M (0%)           2 / 1              0 / 0              0 / 0        
[1038.731s][info][gc,reloc    ] GC(134) y: Survivor 5         0M (0%)            1M (0%)           1 / 1              0 / 0              0 / 0        
[1038.731s][info][gc,reloc    ] GC(134) y: Survivor 6         0M (0%)            1M (0%)           1 / 1              0 / 0              0 / 0        
[1038.731s][info][gc,heap     ] GC(134) y: Min Capacity: 8192M(100%)
[1038.731s][info][gc,heap     ] GC(134) y: Max Capacity: 8192M(100%)
[1038.731s][info][gc,heap     ] GC(134) y: Soft Max Capacity: 8192M(100%)
[1038.731s][info][gc,heap     ] GC(134) y: Heap Statistics:
[1038.731s][info][gc,heap     ] GC(134) y:                Mark Start          Mark End        Relocate Start      Relocate End           High               Low         
[1038.731s][info][gc,heap     ] GC(134) y:  Capacity:     8192M (100%)       8192M (100%)       8192M (100%)       8192M (100%)       8192M (100%)       8192M (100%)   
[1038.731s][info][gc,heap     ] GC(134) y:      Free:      658M (8%)          590M (7%)         4150M (51%)        7416M (91%)        7416M (91%)         590M (7%)     
[1038.731s][info][gc,heap     ] GC(134) y:      Used:     7534M (92%)        7602M (93%)        4042M (49%)         776M (9%)         7602M (93%)         776M (9%)     
[1038.731s][info][gc,heap     ] GC(134) y: Young Generation Statistics:
[1038.731s][info][gc,heap     ] GC(134) y:                Mark Start          Mark End        Relocate Start      Relocate End    
[1038.731s][info][gc,heap     ] GC(134) y:      Used:     6986M (85%)        7054M (86%)        3494M (43%)         228M (3%)     
[1038.731s][info][gc,heap     ] GC(134) y:      Live:         -                79M (1%)           79M (1%)           79M (1%)     
[1038.731s][info][gc,heap     ] GC(134) y:   Garbage:         -              6906M (84%)        3346M (41%)           1M (0%)     
[1038.731s][info][gc,heap     ] GC(134) y: Allocated:         -                68M (1%)           68M (1%)          147M (2%)     
[1038.731s][info][gc,heap     ] GC(134) y: Reclaimed:         -                  -              3560M (43%)        6905M (84%)    
[1038.731s][info][gc,heap     ] GC(134) y:  Promoted:         -                  -                 0M (0%)            0M (0%)     
[1038.731s][info][gc,heap     ] GC(134) y: Compacted:         -                  -                  -                76M (1%)     
[1038.731s][info][gc,phases   ] GC(134) y: Young Generation 7534M(92%)->776M(9%) 0.168s
[1038.731s][info][gc          ] GC(134) Minor Collection (Allocation Rate) 7532M(92%)->778M(9%) 0.169s
[1048.561s][info][gc          ] GC(135) Minor Collection (Allocation Rate)
[1048.561s][info][gc,task     ] GC(135) Using 1 Workers for Young Generation
[1048.561s][info][gc,phases   ] GC(135) y: Young Generation
[1048.561s][info][gc,phases   ] GC(135) y: Pause Mark Start 0.013ms
[1048.713s][info][gc,phases   ] GC(135) y: Concurrent Mark 151.833ms
[1048.713s][info][gc,phases   ] GC(135) y: Pause Mark End 0.010ms
[1048.713s][info][gc,phases   ] GC(135) y: Concurrent Mark Free 0.000ms
[1048.713s][info][gc,phases   ] GC(135) y: Concurrent Reset Relocation Set 0.142ms
[1048.716s][info][gc,reloc    ] GC(135) y: Using tenuring threshold: 8 (Computed)
[1048.730s][info][gc,phases   ] GC(135) y: Concurrent Select Relocation Set 16.695ms
[1048.730s][info][gc,phases   ] GC(135) y: Pause Relocate Start 0.009ms
[1048.816s][info][gc,phases   ] GC(135) y: Concurrent Relocate 85.916ms
[1048.816s][info][gc,alloc    ] GC(135) y:                         Mark Start        Mark End      Relocate Start    Relocate End   
[1048.816s][info][gc,alloc    ] GC(135) y: Allocation Stalls:          0                0                0                0         
[1048.816s][info][gc,load     ] GC(135) y: Load: 0.00 (0%) / 0.00 (0%) / 0.00 (0%)
[1048.816s][info][gc,mmu      ] GC(135) y: MMU: 2ms/76.4%, 5ms/90.6%, 10ms/95.3%, 20ms/97.6%, 50ms/99.1%, 100ms/99.5%
[1048.816s][info][gc,marking  ] GC(135) y: Mark: 1 stripe(s), 2 proactive flush(es), 1 terminate flush(es), 0 completion(s), 0 continuation(s) 
[1048.816s][info][gc,marking  ] GC(135) y: Mark Stack Usage: 32M
[1048.816s][info][gc,nmethod  ] GC(135) y: NMethods: 6405 registered, 4519 unregistered
[1048.816s][info][gc,metaspace] GC(135) y: Metaspace: 131M used, 132M committed, 1152M reserved
[1048.816s][info][gc,reloc    ] GC(135) y:                        Candidates     Selected     In-Place         Size        Empty    Relocated 
[1048.816s][info][gc,reloc    ] GC(135) y: Small Pages:                 3594         2183            0        7188M        2720M          76M 
[1048.816s][info][gc,reloc    ] GC(135) y: Medium Pages:                   0            0            0           0M           0M           0M 
[1048.816s][info][gc,reloc    ] GC(135) y: Large Pages:                    0            0            0           0M           0M           0M 
[1048.816s][info][gc,reloc    ] GC(135) y: Forwarding Usage: 27M
[1048.816s][info][gc,reloc    ] GC(135) y: Age Table:
[1048.816s][info][gc,reloc    ] GC(135) y:                    Live             Garbage             Small              Medium             Large        
[1048.816s][info][gc,reloc    ] GC(135) y: Eden              81M (1%)         6986M (85%)       3534 / 2131           0 / 0              0 / 0        
[1048.816s][info][gc,reloc    ] GC(135) y: Survivor 1         5M (0%)           74M (1%)          40 / 35             0 / 0              0 / 0        
[1048.816s][info][gc,reloc    ] GC(135) y: Survivor 2         1M (0%)           14M (0%)           8 / 6              0 / 0              0 / 0        
[1048.816s][info][gc,reloc    ] GC(135) y: Survivor 3         0M (0%)            5M (0%)           3 / 2              0 / 0              0 / 0        
[1048.816s][info][gc,reloc    ] GC(135) y: Survivor 4         0M (0%)            1M (0%)           1 / 1              0 / 0              0 / 0        
[1048.816s][info][gc,reloc    ] GC(135) y: Survivor 5         0M (0%)            7M (0%)           4 / 4              0 / 0              0 / 0        
[1048.816s][info][gc,reloc    ] GC(135) y: Survivor 6         0M (0%)            3M (0%)           2 / 2              0 / 0              0 / 0        
[1048.816s][info][gc,reloc    ] GC(135) y: Survivor 7         0M (0%)            3M (0%)           2 / 2              0 / 0              0 / 0        
[1048.817s][info][gc,heap     ] GC(135) y: Min Capacity: 8192M(100%)
[1048.817s][info][gc,heap     ] GC(135) y: Max Capacity: 8192M(100%)
[1048.817s][info][gc,heap     ] GC(135) y: Soft Max Capacity: 8192M(100%)
[1048.817s][info][gc,heap     ] GC(135) y: Heap Statistics:
[1048.817s][info][gc,heap     ] GC(135) y:                Mark Start          Mark End        Relocate Start      Relocate End           High               Low         
[1048.817s][info][gc,heap     ] GC(135) y:  Capacity:     8192M (100%)       8192M (100%)       8192M (100%)       8192M (100%)       8192M (100%)       8192M (100%)   
[1048.817s][info][gc,heap     ] GC(135) y:      Free:      456M (6%)          312M (4%)         3026M (37%)        7304M (89%)        7306M (89%)         312M (4%)     
[1048.817s][info][gc,heap     ] GC(135) y:      Used:     7736M (94%)        7880M (96%)        5166M (63%)         888M (11%)        7880M (96%)         886M (11%)    
[1048.817s][info][gc,heap     ] GC(135) y: Young Generation Statistics:
[1048.817s][info][gc,heap     ] GC(135) y:                Mark Start          Mark End        Relocate Start      Relocate End    
[1048.817s][info][gc,heap     ] GC(135) y:      Used:     7188M (88%)        7332M (90%)        4618M (56%)         340M (4%)     
[1048.817s][info][gc,heap     ] GC(135) y:      Live:         -                88M (1%)           88M (1%)           88M (1%)     
[1048.817s][info][gc,heap     ] GC(135) y:   Garbage:         -              7099M (87%)        4379M (53%)           0M (0%)     
[1048.817s][info][gc,heap     ] GC(135) y: Allocated:         -               144M (2%)          150M (2%)          250M (3%)     
[1048.817s][info][gc,heap     ] GC(135) y: Reclaimed:         -                  -              2720M (33%)        7098M (87%)    
[1048.817s][info][gc,heap     ] GC(135) y:  Promoted:         -                  -                 0M (0%)            0M (0%)     
[1048.817s][info][gc,heap     ] GC(135) y: Compacted:         -                  -                  -                87M (1%)     
[1048.817s][info][gc,phases   ] GC(135) y: Young Generation 7736M(94%)->888M(11%) 0.255s
[1048.817s][info][gc          ] GC(135) Minor Collection (Allocation Rate) 7736M(94%)->888M(11%) 0.256s
[1055.704s][info][gc          ] GC(136) Minor Collection (Allocation Rate)
[1055.704s][info][gc,task     ] GC(136) Using 1 Workers for Young Generation
[1055.704s][info][gc,phases   ] GC(136) y: Young Generation
[1055.704s][info][gc,phases   ] GC(136) y: Pause Mark Start 0.015ms
[1055.906s][info][gc,phases   ] GC(136) y: Concurrent Mark 202.023ms
[1055.906s][info][gc,phases   ] GC(136) y: Pause Mark End 0.013ms
[1055.906s][info][gc,phases   ] GC(136) y: Concurrent Mark Free 0.000ms
[1055.907s][info][gc,phases   ] GC(136) y: Concurrent Reset Relocation Set 0.377ms
[1055.911s][info][gc,reloc    ] GC(136) y: Using tenuring threshold: 9 (Computed)
[1055.930s][info][gc,phases   ] GC(136) y: Concurrent Select Relocation Set 23.244ms
[1055.930s][info][gc,phases   ] GC(136) y: Pause Relocate Start 0.008ms
[1056.041s][info][gc,phases   ] GC(136) y: Concurrent Relocate 110.731ms
[1056.041s][info][gc,alloc    ] GC(136) y:                         Mark Start        Mark End      Relocate Start    Relocate End   
[1056.041s][info][gc,alloc    ] GC(136) y: Allocation Stalls:          0                0                0                0         
[1056.041s][info][gc,load     ] GC(136) y: Load: 0.00 (0%) / 0.00 (0%) / 0.00 (0%)
[1056.041s][info][gc,mmu      ] GC(136) y: MMU: 2ms/76.4%, 5ms/90.6%, 10ms/95.3%, 20ms/97.6%, 50ms/99.1%, 100ms/99.5%
[1056.041s][info][gc,marking  ] GC(136) y: Mark: 1 stripe(s), 2 proactive flush(es), 1 terminate flush(es), 0 completion(s), 0 continuation(s) 
[1056.041s][info][gc,marking  ] GC(136) y: Mark Stack Usage: 32M
[1056.041s][info][gc,nmethod  ] GC(136) y: NMethods: 6420 registered, 4519 unregistered
[1056.041s][info][gc,metaspace] GC(136) y: Metaspace: 131M used, 132M committed, 1152M reserved
[1056.041s][info][gc,reloc    ] GC(136) y:                        Candidates     Selected     In-Place         Size        Empty    Relocated 
[1056.041s][info][gc,reloc    ] GC(136) y: Small Pages:                 3428         1920            0        6856M        2840M         122M 
[1056.041s][info][gc,reloc    ] GC(136) y: Medium Pages:                   0            0            0           0M           0M           0M 
[1056.041s][info][gc,reloc    ] GC(136) y: Large Pages:                    0            0            0           0M           0M           0M 
[1056.041s][info][gc,reloc    ] GC(136) y: Forwarding Usage: 43M
[1056.041s][info][gc,reloc    ] GC(136) y: Age Table:
[1056.041s][info][gc,reloc    ] GC(136) y:                    Live             Garbage             Small              Medium             Large        
[1056.041s][info][gc,reloc    ] GC(136) y: Eden             136M (2%)         6591M (80%)       3364 / 1865           0 / 0              0 / 0        
[1056.041s][info][gc,reloc    ] GC(136) y: Survivor 1        14M (0%)           73M (1%)          44 / 39             0 / 0              0 / 0        
[1056.041s][info][gc,reloc    ] GC(136) y: Survivor 2         2M (0%)           13M (0%)           8 / 6              0 / 0              0 / 0        
[1056.041s][info][gc,reloc    ] GC(136) y: Survivor 3         0M (0%)           13M (0%)           7 / 5              0 / 0              0 / 0        
[1056.041s][info][gc,reloc    ] GC(136) y: Survivor 4         0M (0%)            1M (0%)           1 / 1              0 / 0              0 / 0        
[1056.041s][info][gc,reloc    ] GC(136) y: Survivor 5         0M (0%)            1M (0%)           1 / 1              0 / 0              0 / 0        
[1056.041s][info][gc,reloc    ] GC(136) y: Survivor 6         0M (0%)            1M (0%)           1 / 1              0 / 0              0 / 0        
[1056.041s][info][gc,reloc    ] GC(136) y: Survivor 7         0M (0%)            1M (0%)           1 / 1              0 / 0              0 / 0        
[1056.041s][info][gc,reloc    ] GC(136) y: Survivor 8         0M (0%)            1M (0%)           1 / 1              0 / 0              0 / 0        
[1056.041s][info][gc,heap     ] GC(136) y: Min Capacity: 8192M(100%)
[1056.041s][info][gc,heap     ] GC(136) y: Max Capacity: 8192M(100%)
[1056.041s][info][gc,heap     ] GC(136) y: Soft Max Capacity: 8192M(100%)
[1056.041s][info][gc,heap     ] GC(136) y: Heap Statistics:
[1056.041s][info][gc,heap     ] GC(136) y:                Mark Start          Mark End        Relocate Start      Relocate End           High               Low         
[1056.041s][info][gc,heap     ] GC(136) y:  Capacity:     8192M (100%)       8192M (100%)       8192M (100%)       8192M (100%)       8192M (100%)       8192M (100%)   
[1056.041s][info][gc,heap     ] GC(136) y:      Free:      788M (10%)         498M (6%)         3312M (40%)        7032M (86%)        7032M (86%)         496M (6%)     
[1056.041s][info][gc,heap     ] GC(136) y:      Used:     7404M (90%)        7694M (94%)        4880M (60%)        1160M (14%)        7696M (94%)        1160M (14%)    
[1056.041s][info][gc,heap     ] GC(136) y: Young Generation Statistics:
[1056.041s][info][gc,heap     ] GC(136) y:                Mark Start          Mark End        Relocate Start      Relocate End    
[1056.041s][info][gc,heap     ] GC(136) y:      Used:     6856M (84%)        7146M (87%)        4332M (53%)         612M (7%)     
[1056.041s][info][gc,heap     ] GC(136) y:      Live:         -               153M (2%)          153M (2%)          153M (2%)     
[1056.041s][info][gc,heap     ] GC(136) y:   Garbage:         -              6702M (82%)        3862M (47%)           2M (0%)     
[1056.041s][info][gc,heap     ] GC(136) y: Allocated:         -               290M (4%)          316M (4%)          456M (6%)     
[1056.041s][info][gc,heap     ] GC(136) y: Reclaimed:         -                  -              2840M (35%)        6700M (82%)    
[1056.041s][info][gc,heap     ] GC(136) y:  Promoted:         -                  -                 0M (0%)            0M (0%)     
[1056.041s][info][gc,heap     ] GC(136) y: Compacted:         -                  -                  -               143M (2%)     
[1056.041s][info][gc,phases   ] GC(136) y: Young Generation 7404M(90%)->1160M(14%) 0.337s
[1056.041s][info][gc          ] GC(136) Minor Collection (Allocation Rate) 7404M(90%)->1160M(14%) 0.338s
[1063.583s][info][gc          ] GC(137) Minor Collection (Allocation Rate)
[1063.583s][info][gc,task     ] GC(137) Using 1 Workers for Young Generation
[1063.583s][info][gc,phases   ] GC(137) y: Young Generation
[1063.583s][info][gc,phases   ] GC(137) y: Pause Mark Start 0.012ms
[1063.776s][info][gc,phases   ] GC(137) y: Concurrent Mark 193.649ms
[1063.777s][info][gc,phases   ] GC(137) y: Pause Mark End 0.009ms
[1063.777s][info][gc,phases   ] GC(137) y: Concurrent Mark Free 0.000ms
[1063.777s][info][gc,phases   ] GC(137) y: Concurrent Reset Relocation Set 0.232ms
[1063.779s][info][gc,reloc    ] GC(137) y: Using tenuring threshold: 9 (Computed)
[1063.801s][info][gc,phases   ] GC(137) y: Concurrent Select Relocation Set 24.127ms
[1063.801s][info][gc,phases   ] GC(137) y: Pause Relocate Start 0.009ms
[1063.938s][info][gc,phases   ] GC(137) y: Concurrent Relocate 137.335ms
[1063.938s][info][gc,alloc    ] GC(137) y:                         Mark Start        Mark End      Relocate Start    Relocate End   
[1063.938s][info][gc,alloc    ] GC(137) y: Allocation Stalls:          0                0                0                0         
[1063.938s][info][gc,load     ] GC(137) y: Load: 0.00 (0%) / 0.00 (0%) / 0.00 (0%)
[1063.938s][info][gc,mmu      ] GC(137) y: MMU: 2ms/76.4%, 5ms/90.6%, 10ms/95.3%, 20ms/97.6%, 50ms/99.1%, 100ms/99.5%
[1063.938s][info][gc,marking  ] GC(137) y: Mark: 1 stripe(s), 2 proactive flush(es), 1 terminate flush(es), 0 completion(s), 0 continuation(s) 
[1063.938s][info][gc,marking  ] GC(137) y: Mark Stack Usage: 32M
[1063.938s][info][gc,nmethod  ] GC(137) y: NMethods: 6438 registered, 4519 unregistered
[1063.939s][info][gc,metaspace] GC(137) y: Metaspace: 131M used, 133M committed, 1152M reserved
[1063.939s][info][gc,reloc    ] GC(137) y:                        Candidates     Selected     In-Place         Size        Empty    Relocated 
[1063.939s][info][gc,reloc    ] GC(137) y: Small Pages:                 3195         2006            0        6390M        2206M         121M 
[1063.939s][info][gc,reloc    ] GC(137) y: Medium Pages:                   0            0            0           0M           0M           0M 
[1063.939s][info][gc,reloc    ] GC(137) y: Large Pages:                    0            0            0           0M           0M           0M 
[1063.939s][info][gc,reloc    ] GC(137) y: Forwarding Usage: 47M
[1063.939s][info][gc,reloc    ] GC(137) y: Age Table:
[1063.939s][info][gc,reloc    ] GC(137) y:                    Live             Garbage             Small              Medium             Large        
[1063.939s][info][gc,reloc    ] GC(137) y: Eden             129M (2%)         6060M (74%)       3095 / 1925           0 / 0              0 / 0        
[1063.939s][info][gc,reloc    ] GC(137) y: Survivor 1        17M (0%)          126M (2%)          72 / 57             0 / 0              0 / 0        
[1063.939s][info][gc,reloc    ] GC(137) y: Survivor 2         1M (0%)           24M (0%)          13 / 11             0 / 0              0 / 0        
[1063.939s][info][gc,reloc    ] GC(137) y: Survivor 3         0M (0%)            7M (0%)           4 / 4              0 / 0              0 / 0        
[1063.939s][info][gc,reloc    ] GC(137) y: Survivor 4         0M (0%)            9M (0%)           5 / 3              0 / 0              0 / 0        
[1063.939s][info][gc,reloc    ] GC(137) y: Survivor 5         0M (0%)            1M (0%)           1 / 1              0 / 0              0 / 0        
[1063.939s][info][gc,reloc    ] GC(137) y: Survivor 6         0M (0%)            1M (0%)           1 / 1              0 / 0              0 / 0        
[1063.939s][info][gc,reloc    ] GC(137) y: Survivor 7         0M (0%)            3M (0%)           2 / 2              0 / 0              0 / 0        
[1063.939s][info][gc,reloc    ] GC(137) y: Survivor 8         0M (0%)            1M (0%)           1 / 1              0 / 0              0 / 0        
[1063.939s][info][gc,reloc    ] GC(137) y: Survivor 9         0M (0%)            1M (0%)           1 / 1              0 / 0              0 / 0        
[1063.939s][info][gc,heap     ] GC(137) y: Min Capacity: 8192M(100%)
[1063.939s][info][gc,heap     ] GC(137) y: Max Capacity: 8192M(100%)
[1063.939s][info][gc,heap     ] GC(137) y: Soft Max Capacity: 8192M(100%)
[1063.939s][info][gc,heap     ] GC(137) y: Heap Statistics:
[1063.939s][info][gc,heap     ] GC(137) y:                Mark Start          Mark End        Relocate Start      Relocate End           High               Low         
[1063.939s][info][gc,heap     ] GC(137) y:  Capacity:     8192M (100%)       8192M (100%)       8192M (100%)       8192M (100%)       8192M (100%)       8192M (100%)   
[1063.939s][info][gc,heap     ] GC(137) y:      Free:     1254M (15%)        1058M (13%)        3248M (40%)        6996M (85%)        7016M (86%)        1058M (13%)    
[1063.939s][info][gc,heap     ] GC(137) y:      Used:     6938M (85%)        7134M (87%)        4944M (60%)        1196M (15%)        7134M (87%)        1176M (14%)    
[1063.939s][info][gc,heap     ] GC(137) y: Young Generation Statistics:
[1063.939s][info][gc,heap     ] GC(137) y:                Mark Start          Mark End        Relocate Start      Relocate End    
[1063.939s][info][gc,heap     ] GC(137) y:      Used:     6390M (78%)        6586M (80%)        4396M (54%)         644M (8%)     
[1063.939s][info][gc,heap     ] GC(137) y:      Live:         -               148M (2%)          148M (2%)          148M (2%)     
[1063.939s][info][gc,heap     ] GC(137) y:   Garbage:         -              6241M (76%)        4035M (49%)           2M (0%)     
[1063.939s][info][gc,heap     ] GC(137) y: Allocated:         -               196M (2%)          212M (3%)          493M (6%)     
[1063.939s][info][gc,heap     ] GC(137) y: Reclaimed:         -                  -              2206M (27%)        6239M (76%)    
[1063.939s][info][gc,heap     ] GC(137) y:  Promoted:         -                  -                 0M (0%)            0M (0%)     
[1063.939s][info][gc,heap     ] GC(137) y: Compacted:         -                  -                  -               144M (2%)     
[1063.939s][info][gc,phases   ] GC(137) y: Young Generation 6938M(85%)->1196M(15%) 0.356s
[1063.939s][info][gc          ] GC(137) Minor Collection (Allocation Rate) 6938M(85%)->1196M(15%) 0.356s
[1070.598s][info][gc          ] GC(138) Major Collection (Proactive)
[1070.598s][info][gc,task     ] GC(138) Using 1 Workers for Young Generation
[1070.598s][info][gc,task     ] GC(138) Using 1 Workers for Old Generation
[1070.598s][info][gc,phases   ] GC(138) Y: Young Generation
[1070.598s][info][gc,phases   ] GC(138) Y: Pause Mark Start (Major) 0.014ms
[1070.773s][info][gc,phases   ] GC(138) Y: Concurrent Mark 174.880ms
[1070.773s][info][gc,phases   ] GC(138) Y: Pause Mark End 0.009ms
[1070.773s][info][gc,phases   ] GC(138) Y: Concurrent Mark Free 0.000ms
[1070.773s][info][gc,phases   ] GC(138) Y: Concurrent Reset Relocation Set 0.196ms
[1070.775s][info][gc,reloc    ] GC(138) Y: Using tenuring threshold: 6 (Computed)
[1070.780s][info][gc,phases   ] GC(138) Y: Concurrent Select Relocation Set 6.825ms
[1070.780s][info][gc,phases   ] GC(138) Y: Pause Relocate Start 0.009ms
[1070.864s][info][gc,phases   ] GC(138) Y: Concurrent Relocate 83.549ms
[1070.864s][info][gc,alloc    ] GC(138) Y:                         Mark Start        Mark End      Relocate Start    Relocate End   
[1070.864s][info][gc,alloc    ] GC(138) Y: Allocation Stalls:          0                0                0                0         
[1070.864s][info][gc,load     ] GC(138) Y: Load: 0.00 (0%) / 0.00 (0%) / 0.00 (0%)
[1070.864s][info][gc,mmu      ] GC(138) Y: MMU: 2ms/76.4%, 5ms/90.6%, 10ms/95.3%, 20ms/97.6%, 50ms/99.1%, 100ms/99.5%
[1070.864s][info][gc,marking  ] GC(138) Y: Mark: 1 stripe(s), 2 proactive flush(es), 1 terminate flush(es), 0 completion(s), 0 continuation(s) 
[1070.864s][info][gc,marking  ] GC(138) Y: Mark Stack Usage: 32M
[1070.864s][info][gc,nmethod  ] GC(138) Y: NMethods: 6450 registered, 4519 unregistered
[1070.864s][info][gc,metaspace] GC(138) Y: Metaspace: 131M used, 133M committed, 1152M reserved
[1070.864s][info][gc,reloc    ] GC(138) Y:                        Candidates     Selected     In-Place         Size        Empty    Relocated 
[1070.864s][info][gc,reloc    ] GC(138) Y: Small Pages:                 3060         2014            0        6120M        1970M          89M 
[1070.864s][info][gc,reloc    ] GC(138) Y: Medium Pages:                   0            0            0           0M           0M           0M 
[1070.864s][info][gc,reloc    ] GC(138) Y: Large Pages:                    0            0            0           0M           0M           0M 
[1070.864s][info][gc,reloc    ] GC(138) Y: Forwarding Usage: 34M
[1070.864s][info][gc,reloc    ] GC(138) Y: Age Table:
[1070.864s][info][gc,reloc    ] GC(138) Y:                    Live             Garbage             Small              Medium             Large        
[1070.864s][info][gc,reloc    ] GC(138) Y: Eden              91M (1%)         5814M (71%)       2953 / 1921           0 / 0              0 / 0        
[1070.864s][info][gc,reloc    ] GC(138) Y: Survivor 1        12M (0%)          123M (2%)          68 / 61             0 / 0              0 / 0        
[1070.864s][info][gc,reloc    ] GC(138) Y: Survivor 2         0M (0%)           29M (0%)          15 / 13             0 / 0              0 / 0        
[1070.864s][info][gc,reloc    ] GC(138) Y: Survivor 3         0M (0%)            9M (0%)           5 / 4              0 / 0              0 / 0        
[1070.864s][info][gc,reloc    ] GC(138) Y: Survivor 4         0M (0%)           13M (0%)           7 / 3              0 / 0              0 / 0        
[1070.864s][info][gc,reloc    ] GC(138) Y: Survivor 5         0M (0%)           11M (0%)           6 / 6              0 / 0              0 / 0        
[1070.864s][info][gc,reloc    ] GC(138) Y: Survivor 6         0M (0%)            1M (0%)           1 / 1              0 / 0              0 / 0        
[1070.864s][info][gc,reloc    ] GC(138) Y: Survivor 7         0M (0%)            5M (0%)           3 / 3              0 / 0              0 / 0        
[1070.864s][info][gc,reloc    ] GC(138) Y: Survivor 8         0M (0%)            1M (0%)           1 / 1              0 / 0              0 / 0        
[1070.864s][info][gc,reloc    ] GC(138) Y: Survivor 9         0M (0%)            1M (0%)           1 / 1              0 / 0              0 / 0        
[1070.864s][info][gc,heap     ] GC(138) Y: Min Capacity: 8192M(100%)
[1070.864s][info][gc,heap     ] GC(138) Y: Max Capacity: 8192M(100%)
[1070.864s][info][gc,heap     ] GC(138) Y: Soft Max Capacity: 8192M(100%)
[1070.864s][info][gc,heap     ] GC(138) Y: Heap Statistics:
[1070.864s][info][gc,heap     ] GC(138) Y:                Mark Start          Mark End        Relocate Start      Relocate End           High               Low         
[1070.864s][info][gc,heap     ] GC(138) Y:  Capacity:     8192M (100%)       8192M (100%)       8192M (100%)       8192M (100%)       8192M (100%)       8192M (100%)   
[1070.864s][info][gc,heap     ] GC(138) Y:      Free:     1520M (19%)        1360M (17%)        3328M (41%)        7284M (89%)        7284M (89%)        1360M (17%)    
[1070.864s][info][gc,heap     ] GC(138) Y:      Used:     6672M (81%)        6832M (83%)        4864M (59%)         908M (11%)        6832M (83%)         908M (11%)    
[1070.864s][info][gc,heap     ] GC(138) Y: Young Generation Statistics:
[1070.864s][info][gc,heap     ] GC(138) Y:                Mark Start          Mark End        Relocate Start      Relocate End    
[1070.864s][info][gc,heap     ] GC(138) Y:      Used:     6120M (75%)        6280M (77%)        4312M (53%)         350M (4%)     
[1070.864s][info][gc,heap     ] GC(138) Y:      Live:         -               105M (1%)          105M (1%)          105M (1%)     
[1070.864s][info][gc,heap     ] GC(138) Y:   Garbage:         -              6014M (73%)        4044M (49%)           1M (0%)     
[1070.864s][info][gc,heap     ] GC(138) Y: Allocated:         -               160M (2%)          162M (2%)          243M (3%)     
[1070.864s][info][gc,heap     ] GC(138) Y: Reclaimed:         -                  -              1970M (24%)        6013M (73%)    
[1070.864s][info][gc,heap     ] GC(138) Y:  Promoted:         -                  -                 0M (0%)            0M (0%)     
[1070.864s][info][gc,heap     ] GC(138) Y: Compacted:         -                  -                  -               102M (1%)     
[1070.864s][info][gc,phases   ] GC(138) Y: Young Generation 6672M(81%)->908M(11%) 0.266s
[1070.864s][info][gc,phases   ] GC(138) O: Old Generation
[1071.608s][info][gc,phases   ] GC(138) O: Concurrent Mark 744.088ms
[1071.608s][info][gc,phases   ] GC(138) O: Pause Mark End 0.010ms
[1071.609s][info][gc,phases   ] GC(138) O: Concurrent Mark Free 0.001ms
[1071.621s][info][gc,phases   ] GC(138) O: Concurrent Process Non-Strong 12.768ms
[1071.621s][info][gc,phases   ] GC(138) O: Concurrent Reset Relocation Set 0.003ms
[1071.623s][info][gc,phases   ] GC(138) O: Concurrent Select Relocation Set 1.553ms
[1071.623s][info][gc,task     ] GC(138) O: Using 2 Workers for Old Generation
[1071.689s][info][gc,task     ] GC(138) O: Using 1 Workers for Old Generation
[1071.689s][info][gc,phases   ] GC(138) O: Concurrent Remap Roots 66.299ms
[1071.689s][info][gc,phases   ] GC(138) O: Pause Relocate Start 0.008ms
[1071.698s][info][gc,phases   ] GC(138) O: Concurrent Relocate 8.838ms
[1071.698s][info][gc,alloc    ] GC(138) O:                         Mark Start        Mark End      Relocate Start    Relocate End   
[1071.698s][info][gc,alloc    ] GC(138) O: Allocation Stalls:          0                0                0                0         
[1071.698s][info][gc,load     ] GC(138) O: Load: 0.00 (0%) / 0.00 (0%) / 0.00 (0%)
[1071.698s][info][gc,mmu      ] GC(138) O: MMU: 2ms/76.4%, 5ms/90.6%, 10ms/95.3%, 20ms/97.6%, 50ms/99.1%, 100ms/99.5%
[1071.698s][info][gc,marking  ] GC(138) O: Mark: 1 stripe(s), 2 proactive flush(es), 1 terminate flush(es), 0 completion(s), 0 continuation(s) 
[1071.698s][info][gc,marking  ] GC(138) O: Mark Stack Usage: 32M
[1071.698s][info][gc,nmethod  ] GC(138) O: NMethods: 6112 registered, 4857 unregistered
[1071.698s][info][gc,metaspace] GC(138) O: Metaspace: 131M used, 133M committed, 1152M reserved
[1071.698s][info][gc,ref      ] GC(138) O:                       Encountered   Discovered     Enqueued 
[1071.698s][info][gc,ref      ] GC(138) O: Soft References:             6087            0            0 
[1071.698s][info][gc,ref      ] GC(138) O: Weak References:            23405        12708           12 
[1071.698s][info][gc,ref      ] GC(138) O: Final References:              34            0            0 
[1071.698s][info][gc,ref      ] GC(138) O: Phantom References:          1056          799            7 
[1071.698s][info][gc,reloc    ] GC(138) O:                        Candidates     Selected     In-Place         Size        Empty    Relocated 
[1071.698s][info][gc,reloc    ] GC(138) O: Small Pages:                  244           13            0         488M           0M           2M 
[1071.698s][info][gc,reloc    ] GC(138) O: Medium Pages:                   2            0            0          64M           0M           0M 
[1071.698s][info][gc,reloc    ] GC(138) O: Large Pages:                    0            0            0           0M           0M           0M 
[1071.698s][info][gc,reloc    ] GC(138) O: Forwarding Usage: 1M
[1071.698s][info][gc,heap     ] GC(138) O: Min Capacity: 8192M(100%)
[1071.699s][info][gc,heap     ] GC(138) O: Max Capacity: 8192M(100%)
[1071.699s][info][gc,heap     ] GC(138) O: Soft Max Capacity: 8192M(100%)
[1071.699s][info][gc,heap     ] GC(138) O: Heap Statistics:
[1071.699s][info][gc,heap     ] GC(138) O:                Mark Start          Mark End        Relocate Start      Relocate End           High               Low         
[1071.699s][info][gc,heap     ] GC(138) O:  Capacity:     8192M (100%)       8192M (100%)       8192M (100%)       8192M (100%)       8192M (100%)       8192M (100%)   
[1071.699s][info][gc,heap     ] GC(138) O:      Free:     1520M (19%)        6502M (79%)        6434M (79%)        6448M (79%)        7284M (89%)        1360M (17%)    
[1071.699s][info][gc,heap     ] GC(138) O:      Used:     6672M (81%)        1690M (21%)        1758M (21%)        1744M (21%)        6832M (83%)         908M (11%)    
[1071.699s][info][gc,heap     ] GC(138) O: Old Generation Statistics:
[1071.699s][info][gc,heap     ] GC(138) O:                Mark Start          Mark End        Relocate Start      Relocate End    
[1071.699s][info][gc,heap     ] GC(138) O:      Used:      552M (7%)          558M (7%)          558M (7%)          540M (7%)     
[1071.699s][info][gc,heap     ] GC(138) O:      Live:         -               478M (6%)          478M (6%)          478M (6%)     
[1071.699s][info][gc,heap     ] GC(138) O:   Garbage:         -                73M (1%)           73M (1%)           46M (1%)     
[1071.699s][info][gc,heap     ] GC(138) O: Allocated:         -                 6M (0%)            6M (0%)           15M (0%)     
[1071.699s][info][gc,heap     ] GC(138) O: Reclaimed:         -                  -                 0M (0%)           27M (0%)     
[1071.699s][info][gc,heap     ] GC(138) O: Compacted:         -                  -                  -                 6M (0%)     
[1071.699s][info][gc,phases   ] GC(138) O: Old Generation 908M(11%)->1744M(21%) 0.834s
[1071.699s][info][gc          ] GC(138) Major Collection (Proactive) 6672M(81%)->1744M(21%) 1.101s
[1077.493s][info][gc          ] GC(139) Minor Collection (Allocation Rate)
[1077.493s][info][gc,task     ] GC(139) Using 1 Workers for Young Generation
[1077.493s][info][gc,phases   ] GC(139) y: Young Generation
[1077.493s][info][gc,phases   ] GC(139) y: Pause Mark Start 0.014ms
[1077.665s][info][gc,phases   ] GC(139) y: Concurrent Mark 171.234ms
[1077.665s][info][gc,phases   ] GC(139) y: Pause Mark End 0.010ms
[1077.665s][info][gc,phases   ] GC(139) y: Concurrent Mark Free 0.000ms
[1077.665s][info][gc,phases   ] GC(139) y: Concurrent Reset Relocation Set 0.193ms
[1077.667s][info][gc,reloc    ] GC(139) y: Using tenuring threshold: 5 (Computed)
[1077.687s][info][gc,phases   ] GC(139) y: Concurrent Select Relocation Set 22.331ms
[1077.687s][info][gc,phases   ] GC(139) y: Pause Relocate Start 0.008ms
[1077.807s][info][gc,phases   ] GC(139) y: Concurrent Relocate 119.573ms
[1077.807s][info][gc,alloc    ] GC(139) y:                         Mark Start        Mark End      Relocate Start    Relocate End   
[1077.807s][info][gc,alloc    ] GC(139) y: Allocation Stalls:          0                0                0                0         
[1077.807s][info][gc,load     ] GC(139) y: Load: 0.00 (0%) / 0.00 (0%) / 0.00 (0%)
[1077.807s][info][gc,mmu      ] GC(139) y: MMU: 2ms/76.4%, 5ms/90.6%, 10ms/95.3%, 20ms/97.6%, 50ms/99.1%, 100ms/99.5%
[1077.807s][info][gc,marking  ] GC(139) y: Mark: 1 stripe(s), 2 proactive flush(es), 1 terminate flush(es), 0 completion(s), 0 continuation(s) 
[1077.807s][info][gc,marking  ] GC(139) y: Mark Stack Usage: 32M
[1077.807s][info][gc,nmethod  ] GC(139) y: NMethods: 6131 registered, 4857 unregistered
[1077.807s][info][gc,metaspace] GC(139) y: Metaspace: 131M used, 133M committed, 1152M reserved
[1077.807s][info][gc,reloc    ] GC(139) y:                        Candidates     Selected     In-Place         Size        Empty    Relocated 
[1077.807s][info][gc,reloc    ] GC(139) y: Small Pages:                 3365         1837            0        6730M        2902M         116M 
[1077.807s][info][gc,reloc    ] GC(139) y: Medium Pages:                   0            0            0           0M           0M           0M 
[1077.807s][info][gc,reloc    ] GC(139) y: Large Pages:                    0            0            0           0M           0M           0M 
[1077.807s][info][gc,reloc    ] GC(139) y: Forwarding Usage: 39M
[1077.807s][info][gc,reloc    ] GC(139) y: Age Table:
[1077.807s][info][gc,reloc    ] GC(139) y:                    Live             Garbage             Small              Medium             Large        
[1077.807s][info][gc,reloc    ] GC(139) y: Eden             122M (1%)         6459M (79%)       3291 / 1769           0 / 0              0 / 0        
[1077.807s][info][gc,reloc    ] GC(139) y: Survivor 1         8M (0%)           93M (1%)          51 / 48             0 / 0              0 / 0        
[1077.807s][info][gc,reloc    ] GC(139) y: Survivor 2         2M (0%)           19M (0%)          11 / 9              0 / 0              0 / 0        
[1077.807s][info][gc,reloc    ] GC(139) y: Survivor 3         0M (0%)            5M (0%)           3 / 2              0 / 0              0 / 0        
[1077.807s][info][gc,reloc    ] GC(139) y: Survivor 4         0M (0%)            9M (0%)           5 / 5              0 / 0              0 / 0        
[1077.807s][info][gc,reloc    ] GC(139) y: Survivor 5         0M (0%)            1M (0%)           1 / 1              0 / 0              0 / 0        
[1077.807s][info][gc,reloc    ] GC(139) y: Survivor 6         0M (0%)            5M (0%)           3 / 3              0 / 0              0 / 0        
[1077.807s][info][gc,heap     ] GC(139) y: Min Capacity: 8192M(100%)
[1077.807s][info][gc,heap     ] GC(139) y: Max Capacity: 8192M(100%)
[1077.807s][info][gc,heap     ] GC(139) y: Soft Max Capacity: 8192M(100%)
[1077.807s][info][gc,heap     ] GC(139) y: Heap Statistics:
[1077.807s][info][gc,heap     ] GC(139) y:                Mark Start          Mark End        Relocate Start      Relocate End           High               Low         
[1077.807s][info][gc,heap     ] GC(139) y:  Capacity:     8192M (100%)       8192M (100%)       8192M (100%)       8192M (100%)       8192M (100%)       8192M (100%)   
[1077.807s][info][gc,heap     ] GC(139) y:      Free:      922M (11%)         738M (9%)         3606M (44%)        7154M (87%)        7154M (87%)         738M (9%)     
[1077.807s][info][gc,heap     ] GC(139) y:      Used:     7270M (89%)        7454M (91%)        4586M (56%)        1038M (13%)        7454M (91%)        1038M (13%)    
[1077.807s][info][gc,heap     ] GC(139) y: Young Generation Statistics:
[1077.807s][info][gc,heap     ] GC(139) y:                Mark Start          Mark End        Relocate Start      Relocate End    
[1077.807s][info][gc,heap     ] GC(139) y:      Used:     6730M (82%)        6914M (84%)        4046M (49%)         490M (6%)     
[1077.807s][info][gc,heap     ] GC(139) y:      Live:         -               134M (2%)          134M (2%)          134M (2%)     
[1077.807s][info][gc,heap     ] GC(139) y:   Garbage:         -              6595M (81%)        3693M (45%)           0M (0%)     
[1077.807s][info][gc,heap     ] GC(139) y: Allocated:         -               184M (2%)          218M (3%)          355M (4%)     
[1077.807s][info][gc,heap     ] GC(139) y: Reclaimed:         -                  -              2902M (35%)        6595M (81%)    
[1077.807s][info][gc,heap     ] GC(139) y:  Promoted:         -                  -                 0M (0%)            0M (0%)     
[1077.807s][info][gc,heap     ] GC(139) y: Compacted:         -                  -                  -               134M (2%)     
[1077.807s][info][gc,phases   ] GC(139) y: Young Generation 7270M(89%)->1038M(13%) 0.314s
[1077.807s][info][gc          ] GC(139) Minor Collection (Allocation Rate) 7270M(89%)->1038M(13%) 0.314s
[1087.316s][info][gc          ] GC(140) Minor Collection (Allocation Rate)
[1087.316s][info][gc,task     ] GC(140) Using 1 Workers for Young Generation
[1087.316s][info][gc,phases   ] GC(140) y: Young Generation
[1087.316s][info][gc,phases   ] GC(140) y: Pause Mark Start 0.033ms
[1087.417s][info][gc,phases   ] GC(140) y: Concurrent Mark 100.780ms
[1087.417s][info][gc,phases   ] GC(140) y: Pause Mark End 0.009ms
[1087.417s][info][gc,phases   ] GC(140) y: Concurrent Mark Free 0.000ms
[1087.417s][info][gc,phases   ] GC(140) y: Concurrent Reset Relocation Set 0.280ms
[1087.420s][info][gc,reloc    ] GC(140) y: Using tenuring threshold: 6 (Computed)
[1087.424s][info][gc,phases   ] GC(140) y: Concurrent Select Relocation Set 6.430ms
[1087.424s][info][gc,phases   ] GC(140) y: Pause Relocate Start 0.009ms
[1087.480s][info][gc,phases   ] GC(140) y: Concurrent Relocate 55.766ms
[1087.480s][info][gc,alloc    ] GC(140) y:                         Mark Start        Mark End      Relocate Start    Relocate End   
[1087.480s][info][gc,alloc    ] GC(140) y: Allocation Stalls:          0                0                0                0         
[1087.480s][info][gc,load     ] GC(140) y: Load: 0.00 (0%) / 0.00 (0%) / 0.00 (0%)
[1087.480s][info][gc,mmu      ] GC(140) y: MMU: 2ms/76.4%, 5ms/90.6%, 10ms/95.3%, 20ms/97.6%, 50ms/99.1%, 100ms/99.5%
[1087.480s][info][gc,marking  ] GC(140) y: Mark: 1 stripe(s), 2 proactive flush(es), 1 terminate flush(es), 0 completion(s), 0 continuation(s) 
[1087.480s][info][gc,marking  ] GC(140) y: Mark Stack Usage: 32M
[1087.480s][info][gc,nmethod  ] GC(140) y: NMethods: 6138 registered, 4857 unregistered
[1087.480s][info][gc,metaspace] GC(140) y: Metaspace: 131M used, 133M committed, 1152M reserved
[1087.480s][info][gc,reloc    ] GC(140) y:                        Candidates     Selected     In-Place         Size        Empty    Relocated 
[1087.480s][info][gc,reloc    ] GC(140) y: Small Pages:                 3342         1660            0        6684M        3282M          62M 
[1087.480s][info][gc,reloc    ] GC(140) y: Medium Pages:                   0            0            0           0M           0M           0M 
[1087.480s][info][gc,reloc    ] GC(140) y: Large Pages:                    0            0            0           0M           0M           0M 
[1087.480s][info][gc,reloc    ] GC(140) y: Forwarding Usage: 21M
[1087.480s][info][gc,reloc    ] GC(140) y: Age Table:
[1087.480s][info][gc,reloc    ] GC(140) y:                    Live             Garbage             Small              Medium             Large        
[1087.480s][info][gc,reloc    ] GC(140) y: Eden              65M (1%)         6450M (79%)       3258 / 1597           0 / 0              0 / 0        
[1087.480s][info][gc,reloc    ] GC(140) y: Survivor 1         3M (0%)          126M (2%)          65 / 48             0 / 0              0 / 0        
[1087.480s][info][gc,reloc    ] GC(140) y: Survivor 2         1M (0%)           16M (0%)           9 / 9              0 / 0              0 / 0        
[1087.480s][info][gc,reloc    ] GC(140) y: Survivor 3         0M (0%)            9M (0%)           5 / 5              0 / 0              0 / 0        
[1087.480s][info][gc,reloc    ] GC(140) y: Survivor 4         0M (0%)            7M (0%)           4 / 1              0 / 0              0 / 0        
[1087.480s][info][gc,reloc    ] GC(140) y: Survivor 5         0M (0%)            1M (0%)           1 / 0              0 / 0              0 / 0        
[1087.480s][info][gc,heap     ] GC(140) y: Min Capacity: 8192M(100%)
[1087.480s][info][gc,heap     ] GC(140) y: Max Capacity: 8192M(100%)
[1087.480s][info][gc,heap     ] GC(140) y: Soft Max Capacity: 8192M(100%)
[1087.480s][info][gc,heap     ] GC(140) y: Heap Statistics:
[1087.480s][info][gc,heap     ] GC(140) y:                Mark Start          Mark End        Relocate Start      Relocate End           High               Low         
[1087.480s][info][gc,heap     ] GC(140) y:  Capacity:     8192M (100%)       8192M (100%)       8192M (100%)       8192M (100%)       8192M (100%)       8192M (100%)   
[1087.480s][info][gc,heap     ] GC(140) y:      Free:      960M (12%)         870M (11%)        4148M (51%)        7400M (90%)        7400M (90%)         868M (11%)    
[1087.480s][info][gc,heap     ] GC(140) y:      Used:     7232M (88%)        7322M (89%)        4044M (49%)         792M (10%)        7324M (89%)         792M (10%)    
[1087.480s][info][gc,heap     ] GC(140) y: Young Generation Statistics:
[1087.480s][info][gc,heap     ] GC(140) y:                Mark Start          Mark End        Relocate Start      Relocate End    
[1087.480s][info][gc,heap     ] GC(140) y:      Used:     6684M (82%)        6774M (83%)        3496M (43%)         244M (3%)     
[1087.480s][info][gc,heap     ] GC(140) y:      Live:         -                70M (1%)           70M (1%)           70M (1%)     
[1087.480s][info][gc,heap     ] GC(140) y:   Garbage:         -              6613M (81%)        3331M (41%)           0M (0%)     
[1087.480s][info][gc,heap     ] GC(140) y: Allocated:         -                90M (1%)           94M (1%)          172M (2%)     
[1087.480s][info][gc,heap     ] GC(140) y: Reclaimed:         -                  -              3282M (40%)        6612M (81%)    
[1087.480s][info][gc,heap     ] GC(140) y:  Promoted:         -                  -                 0M (0%)            0M (0%)     
[1087.480s][info][gc,heap     ] GC(140) y: Compacted:         -                  -                  -                69M (1%)     
[1087.480s][info][gc,phases   ] GC(140) y: Young Generation 7232M(88%)->792M(10%) 0.164s
[1087.480s][info][gc          ] GC(140) Minor Collection (Allocation Rate) 7232M(88%)->792M(10%) 0.164s
[1095.960s][info][gc          ] GC(141) Minor Collection (Allocation Rate)
[1095.960s][info][gc,task     ] GC(141) Using 1 Workers for Young Generation
[1095.960s][info][gc,phases   ] GC(141) y: Young Generation
[1095.960s][info][gc,phases   ] GC(141) y: Pause Mark Start 0.012ms
[1096.067s][info][gc,phases   ] GC(141) y: Concurrent Mark 106.262ms
[1096.067s][info][gc,phases   ] GC(141) y: Pause Mark End 0.009ms
[1096.067s][info][gc,phases   ] GC(141) y: Concurrent Mark Free 0.000ms
[1096.067s][info][gc,phases   ] GC(141) y: Concurrent Reset Relocation Set 0.182ms
[1096.070s][info][gc,reloc    ] GC(141) y: Using tenuring threshold: 7 (Computed)
[1096.082s][info][gc,phases   ] GC(141) y: Concurrent Select Relocation Set 15.015ms
[1096.082s][info][gc,phases   ] GC(141) y: Pause Relocate Start 0.010ms
[1096.143s][info][gc,phases   ] GC(141) y: Concurrent Relocate 60.548ms
[1096.143s][info][gc,alloc    ] GC(141) y:                         Mark Start        Mark End      Relocate Start    Relocate End   
[1096.143s][info][gc,alloc    ] GC(141) y: Allocation Stalls:          0                0                0                0         
[1096.143s][info][gc,load     ] GC(141) y: Load: 0.00 (0%) / 0.00 (0%) / 0.00 (0%)
[1096.143s][info][gc,mmu      ] GC(141) y: MMU: 2ms/76.4%, 5ms/90.6%, 10ms/95.3%, 20ms/97.6%, 50ms/99.1%, 100ms/99.5%
[1096.143s][info][gc,marking  ] GC(141) y: Mark: 1 stripe(s), 2 proactive flush(es), 1 terminate flush(es), 0 completion(s), 0 continuation(s) 
[1096.143s][info][gc,marking  ] GC(141) y: Mark Stack Usage: 32M
[1096.143s][info][gc,nmethod  ] GC(141) y: NMethods: 6153 registered, 4857 unregistered
[1096.143s][info][gc,metaspace] GC(141) y: Metaspace: 131M used, 133M committed, 1152M reserved
[1096.143s][info][gc,reloc    ] GC(141) y:                        Candidates     Selected     In-Place         Size        Empty    Relocated 
[1096.143s][info][gc,reloc    ] GC(141) y: Small Pages:                 3415         1992            0        6830M        2752M          69M 
[1096.143s][info][gc,reloc    ] GC(141) y: Medium Pages:                   0            0            0           0M           0M           0M 
[1096.143s][info][gc,reloc    ] GC(141) y: Large Pages:                    0            0            0           0M           0M           0M 
[1096.143s][info][gc,reloc    ] GC(141) y: Forwarding Usage: 22M
[1096.143s][info][gc,reloc    ] GC(141) y: Age Table:
[1096.143s][info][gc,reloc    ] GC(141) y:                    Live             Garbage             Small              Medium             Large        
[1096.143s][info][gc,reloc    ] GC(141) y: Eden              73M (1%)         6640M (81%)       3357 / 1941           0 / 0              0 / 0        
[1096.143s][info][gc,reloc    ] GC(141) y: Survivor 1         6M (0%)           69M (1%)          38 / 34             0 / 0              0 / 0        
[1096.143s][info][gc,reloc    ] GC(141) y: Survivor 2         0M (0%)           11M (0%)           6 / 5              0 / 0              0 / 0        
[1096.143s][info][gc,reloc    ] GC(141) y: Survivor 3         0M (0%)           11M (0%)           6 / 5              0 / 0              0 / 0        
[1096.143s][info][gc,reloc    ] GC(141) y: Survivor 4         0M (0%)            7M (0%)           4 / 3              0 / 0              0 / 0        
[1096.143s][info][gc,reloc    ] GC(141) y: Survivor 5         0M (0%)            3M (0%)           2 / 2              0 / 0              0 / 0        
[1096.143s][info][gc,reloc    ] GC(141) y: Survivor 6         0M (0%)            3M (0%)           2 / 2              0 / 0              0 / 0        
[1096.143s][info][gc,heap     ] GC(141) y: Min Capacity: 8192M(100%)
[1096.143s][info][gc,heap     ] GC(141) y: Max Capacity: 8192M(100%)
[1096.143s][info][gc,heap     ] GC(141) y: Soft Max Capacity: 8192M(100%)
[1096.143s][info][gc,heap     ] GC(141) y: Heap Statistics:
[1096.143s][info][gc,heap     ] GC(141) y:                Mark Start          Mark End        Relocate Start      Relocate End           High               Low         
[1096.143s][info][gc,heap     ] GC(141) y:  Capacity:     8192M (100%)       8192M (100%)       8192M (100%)       8192M (100%)       8192M (100%)       8192M (100%)   
[1096.143s][info][gc,heap     ] GC(141) y:      Free:      814M (10%)         596M (7%)         3316M (40%)        7210M (88%)        7210M (88%)         596M (7%)     
[1096.143s][info][gc,heap     ] GC(141) y:      Used:     7378M (90%)        7596M (93%)        4876M (60%)         982M (12%)        7596M (93%)         982M (12%)    
[1096.143s][info][gc,heap     ] GC(141) y: Young Generation Statistics:
[1096.143s][info][gc,heap     ] GC(141) y:                Mark Start          Mark End        Relocate Start      Relocate End    
[1096.143s][info][gc,heap     ] GC(141) y:      Used:     6830M (83%)        7048M (86%)        4328M (53%)         434M (5%)     
[1096.143s][info][gc,heap     ] GC(141) y:      Live:         -                80M (1%)           80M (1%)           80M (1%)     
[1096.143s][info][gc,heap     ] GC(141) y:   Garbage:         -              6749M (82%)        3997M (49%)           1M (0%)     
[1096.143s][info][gc,heap     ] GC(141) y: Allocated:         -               218M (3%)          250M (3%)          351M (4%)     
[1096.143s][info][gc,heap     ] GC(141) y: Reclaimed:         -                  -              2752M (34%)        6747M (82%)    
[1096.143s][info][gc,heap     ] GC(141) y:  Promoted:         -                  -                 0M (0%)            0M (0%)     
[1096.143s][info][gc,heap     ] GC(141) y: Compacted:         -                  -                  -                78M (1%)     
[1096.143s][info][gc,phases   ] GC(141) y: Young Generation 7378M(90%)->982M(12%) 0.183s
[1096.143s][info][gc          ] GC(141) Minor Collection (Allocation Rate) 7378M(90%)->982M(12%) 0.183s
[1105.295s][info][gc          ] GC(142) Minor Collection (Allocation Rate)
[1105.295s][info][gc,task     ] GC(142) Using 1 Workers for Young Generation
[1105.295s][info][gc,phases   ] GC(142) y: Young Generation
[1105.295s][info][gc,phases   ] GC(142) y: Pause Mark Start 0.012ms
[1105.428s][info][gc,phases   ] GC(142) y: Concurrent Mark 133.202ms
[1105.428s][info][gc,phases   ] GC(142) y: Pause Mark End 0.010ms
[1105.428s][info][gc,phases   ] GC(142) y: Concurrent Mark Free 0.000ms
[1105.429s][info][gc,phases   ] GC(142) y: Concurrent Reset Relocation Set 0.319ms
[1105.433s][info][gc,reloc    ] GC(142) y: Using tenuring threshold: 4 (Computed)
[1105.445s][info][gc,phases   ] GC(142) y: Concurrent Select Relocation Set 16.699ms
[1105.445s][info][gc,phases   ] GC(142) y: Pause Relocate Start 0.008ms
[1105.530s][info][gc,phases   ] GC(142) y: Concurrent Relocate 84.396ms
[1105.530s][info][gc,alloc    ] GC(142) y:                         Mark Start        Mark End      Relocate Start    Relocate End   
[1105.530s][info][gc,alloc    ] GC(142) y: Allocation Stalls:          0                0                0                0         
[1105.530s][info][gc,load     ] GC(142) y: Load: 0.00 (0%) / 0.00 (0%) / 0.00 (0%)
[1105.530s][info][gc,mmu      ] GC(142) y: MMU: 2ms/76.4%, 5ms/90.6%, 10ms/95.3%, 20ms/97.6%, 50ms/99.1%, 100ms/99.5%
[1105.530s][info][gc,marking  ] GC(142) y: Mark: 1 stripe(s), 2 proactive flush(es), 1 terminate flush(es), 0 completion(s), 0 continuation(s) 
[1105.530s][info][gc,marking  ] GC(142) y: Mark Stack Usage: 32M
[1105.530s][info][gc,nmethod  ] GC(142) y: NMethods: 6211 registered, 4857 unregistered
[1105.530s][info][gc,metaspace] GC(142) y: Metaspace: 131M used, 133M committed, 1152M reserved
[1105.530s][info][gc,reloc    ] GC(142) y:                        Candidates     Selected     In-Place         Size        Empty    Relocated 
[1105.530s][info][gc,reloc    ] GC(142) y: Small Pages:                 3494         1830            0        6988M        3208M          87M 
[1105.530s][info][gc,reloc    ] GC(142) y: Medium Pages:                   0            0            0           0M           0M           0M 
[1105.530s][info][gc,reloc    ] GC(142) y: Large Pages:                    0            0            0           0M           0M           0M 
[1105.530s][info][gc,reloc    ] GC(142) y: Forwarding Usage: 30M
[1105.530s][info][gc,reloc    ] GC(142) y: Age Table:
[1105.530s][info][gc,reloc    ] GC(142) y:                    Live             Garbage             Small              Medium             Large        
[1105.530s][info][gc,reloc    ] GC(142) y: Eden              90M (1%)         6767M (83%)       3429 / 1780           0 / 0              0 / 0        
[1105.530s][info][gc,reloc    ] GC(142) y: Survivor 1        12M (0%)           75M (1%)          44 / 35             0 / 0              0 / 0        
[1105.530s][info][gc,reloc    ] GC(142) y: Survivor 2         0M (0%)           17M (0%)           9 / 7              0 / 0              0 / 0        
[1105.530s][info][gc,reloc    ] GC(142) y: Survivor 3         0M (0%)            9M (0%)           5 / 3              0 / 0              0 / 0        
[1105.530s][info][gc,reloc    ] GC(142) y: Survivor 4         0M (0%)            5M (0%)           3 / 1              0 / 0              0 / 0        
[1105.530s][info][gc,reloc    ] GC(142) y: Survivor 5         0M (0%)            3M (0%)           2 / 2              0 / 0              0 / 0        
[1105.530s][info][gc,reloc    ] GC(142) y: Survivor 6         0M (0%)            1M (0%)           1 / 1              0 / 0              0 / 0        
[1105.530s][info][gc,reloc    ] GC(142) y: Survivor 7         0M (0%)            1M (0%)           1 / 1              0 / 0              0 / 0        
[1105.530s][info][gc,heap     ] GC(142) y: Min Capacity: 8192M(100%)
[1105.530s][info][gc,heap     ] GC(142) y: Max Capacity: 8192M(100%)
[1105.530s][info][gc,heap     ] GC(142) y: Soft Max Capacity: 8192M(100%)
[1105.530s][info][gc,heap     ] GC(142) y: Heap Statistics:
[1105.530s][info][gc,heap     ] GC(142) y:                Mark Start          Mark End        Relocate Start      Relocate End           High               Low         
[1105.530s][info][gc,heap     ] GC(142) y:  Capacity:     8192M (100%)       8192M (100%)       8192M (100%)       8192M (100%)       8192M (100%)       8192M (100%)   
[1105.530s][info][gc,heap     ] GC(142) y:      Free:      656M (8%)          528M (6%)         3714M (45%)        7326M (89%)        7326M (89%)         528M (6%)     
[1105.530s][info][gc,heap     ] GC(142) y:      Used:     7536M (92%)        7664M (94%)        4478M (55%)         866M (11%)        7664M (94%)         866M (11%)    
[1105.530s][info][gc,heap     ] GC(142) y: Young Generation Statistics:
[1105.530s][info][gc,heap     ] GC(142) y:                Mark Start          Mark End        Relocate Start      Relocate End    
[1105.530s][info][gc,heap     ] GC(142) y:      Used:     6988M (85%)        7116M (87%)        3930M (48%)         316M (4%)     
[1105.530s][info][gc,heap     ] GC(142) y:      Live:         -               103M (1%)          103M (1%)          103M (1%)     
[1105.530s][info][gc,heap     ] GC(142) y:   Garbage:         -              6884M (84%)        3676M (45%)           1M (0%)     
[1105.530s][info][gc,heap     ] GC(142) y: Allocated:         -               128M (2%)          150M (2%)          211M (3%)     
[1105.530s][info][gc,heap     ] GC(142) y: Reclaimed:         -                  -              3208M (39%)        6882M (84%)    
[1105.530s][info][gc,heap     ] GC(142) y:  Promoted:         -                  -                 0M (0%)            0M (0%)     
[1105.530s][info][gc,heap     ] GC(142) y: Compacted:         -                  -                  -               100M (1%)     
[1105.530s][info][gc,phases   ] GC(142) y: Young Generation 7536M(92%)->866M(11%) 0.235s
[1105.530s][info][gc          ] GC(142) Minor Collection (Allocation Rate) 7536M(92%)->866M(11%) 0.236s
[1114.412s][info][gc          ] GC(143) Minor Collection (Allocation Rate)
[1114.412s][info][gc,task     ] GC(143) Using 1 Workers for Young Generation
[1114.412s][info][gc,phases   ] GC(143) y: Young Generation
[1114.412s][info][gc,phases   ] GC(143) y: Pause Mark Start 0.020ms
[1114.544s][info][gc,phases   ] GC(143) y: Concurrent Mark 131.414ms
[1114.544s][info][gc,phases   ] GC(143) y: Pause Mark End 0.011ms
[1114.544s][info][gc,phases   ] GC(143) y: Concurrent Mark Free 0.000ms
[1114.544s][info][gc,phases   ] GC(143) y: Concurrent Reset Relocation Set 0.260ms
[1114.548s][info][gc,reloc    ] GC(143) y: Using tenuring threshold: 5 (Computed)
[1114.552s][info][gc,phases   ] GC(143) y: Concurrent Select Relocation Set 7.765ms
[1114.552s][info][gc,phases   ] GC(143) y: Pause Relocate Start 0.016ms
[1114.628s][info][gc,phases   ] GC(143) y: Concurrent Relocate 75.702ms
[1114.628s][info][gc,alloc    ] GC(143) y:                         Mark Start        Mark End      Relocate Start    Relocate End   
[1114.628s][info][gc,alloc    ] GC(143) y: Allocation Stalls:          0                0                0                0         
[1114.628s][info][gc,load     ] GC(143) y: Load: 0.00 (0%) / 0.00 (0%) / 0.00 (0%)
[1114.628s][info][gc,mmu      ] GC(143) y: MMU: 2ms/76.4%, 5ms/90.6%, 10ms/95.3%, 20ms/97.6%, 50ms/99.1%, 100ms/99.5%
[1114.628s][info][gc,marking  ] GC(143) y: Mark: 1 stripe(s), 2 proactive flush(es), 1 terminate flush(es), 0 completion(s), 0 continuation(s) 
[1114.628s][info][gc,marking  ] GC(143) y: Mark Stack Usage: 32M
[1114.628s][info][gc,nmethod  ] GC(143) y: NMethods: 6218 registered, 4857 unregistered
[1114.628s][info][gc,metaspace] GC(143) y: Metaspace: 131M used, 133M committed, 1152M reserved
[1114.628s][info][gc,reloc    ] GC(143) y:                        Candidates     Selected     In-Place         Size        Empty    Relocated 
[1114.628s][info][gc,reloc    ] GC(143) y: Small Pages:                 3495         2129            0        6990M        2632M          72M 
[1114.628s][info][gc,reloc    ] GC(143) y: Medium Pages:                   0            0            0           0M           0M           0M 
[1114.628s][info][gc,reloc    ] GC(143) y: Large Pages:                    0            0            0           0M           0M           0M 
[1114.628s][info][gc,reloc    ] GC(143) y: Forwarding Usage: 27M
[1114.628s][info][gc,reloc    ] GC(143) y: Age Table:
[1114.628s][info][gc,reloc    ] GC(143) y:                    Live             Garbage             Small              Medium             Large        
[1114.628s][info][gc,reloc    ] GC(143) y: Eden              78M (1%)         6781M (83%)       3430 / 2068           0 / 0              0 / 0        
[1114.628s][info][gc,reloc    ] GC(143) y: Survivor 1         7M (0%)           90M (1%)          49 / 46             0 / 0              0 / 0        
[1114.628s][info][gc,reloc    ] GC(143) y: Survivor 2         0M (0%)           21M (0%)          11 / 11             0 / 0              0 / 0        
[1114.628s][info][gc,reloc    ] GC(143) y: Survivor 3         0M (0%)            7M (0%)           4 / 3              0 / 0              0 / 0        
[1114.628s][info][gc,reloc    ] GC(143) y: Survivor 4         0M (0%)            1M (0%)           1 / 1              0 / 0              0 / 0        
[1114.628s][info][gc,heap     ] GC(143) y: Min Capacity: 8192M(100%)
[1114.628s][info][gc,heap     ] GC(143) y: Max Capacity: 8192M(100%)
[1114.628s][info][gc,heap     ] GC(143) y: Soft Max Capacity: 8192M(100%)
[1114.628s][info][gc,heap     ] GC(143) y: Heap Statistics:
[1114.628s][info][gc,heap     ] GC(143) y:                Mark Start          Mark End        Relocate Start      Relocate End           High               Low         
[1114.628s][info][gc,heap     ] GC(143) y:  Capacity:     8192M (100%)       8192M (100%)       8192M (100%)       8192M (100%)       8192M (100%)       8192M (100%)   
[1114.628s][info][gc,heap     ] GC(143) y:      Free:      652M (8%)          540M (7%)         3164M (39%)        7334M (90%)        7334M (90%)         540M (7%)     
[1114.628s][info][gc,heap     ] GC(143) y:      Used:     7540M (92%)        7652M (93%)        5028M (61%)         858M (10%)        7652M (93%)         858M (10%)    
[1114.628s][info][gc,heap     ] GC(143) y: Young Generation Statistics:
[1114.628s][info][gc,heap     ] GC(143) y:                Mark Start          Mark End        Relocate Start      Relocate End    
[1114.628s][info][gc,heap     ] GC(143) y:      Used:     6990M (85%)        7102M (87%)        4478M (55%)         308M (4%)     
[1114.628s][info][gc,heap     ] GC(143) y:      Live:         -                87M (1%)           87M (1%)           87M (1%)     
[1114.628s][info][gc,heap     ] GC(143) y:   Garbage:         -              6902M (84%)        4270M (52%)           0M (0%)     
[1114.628s][info][gc,heap     ] GC(143) y: Allocated:         -               112M (1%)          120M (1%)          220M (3%)     
[1114.628s][info][gc,heap     ] GC(143) y: Reclaimed:         -                  -              2632M (32%)        6902M (84%)    
[1114.628s][info][gc,heap     ] GC(143) y:  Promoted:         -                  -                 0M (0%)            0M (0%)     
[1114.628s][info][gc,heap     ] GC(143) y: Compacted:         -                  -                  -                85M (1%)     
[1114.628s][info][gc,phases   ] GC(143) y: Young Generation 7540M(92%)->858M(10%) 0.216s
[1114.628s][info][gc          ] GC(143) Minor Collection (Allocation Rate) 7540M(92%)->860M(10%) 0.216s
[1121.753s][info][gc          ] GC(144) Minor Collection (Allocation Rate)
[1121.753s][info][gc,task     ] GC(144) Using 1 Workers for Young Generation
[1121.753s][info][gc,phases   ] GC(144) y: Young Generation
[1121.753s][info][gc,phases   ] GC(144) y: Pause Mark Start 0.014ms
[1122.013s][info][gc,phases   ] GC(144) y: Concurrent Mark 259.806ms
[1122.013s][info][gc,phases   ] GC(144) y: Pause Mark End 0.011ms
[1122.013s][info][gc,phases   ] GC(144) y: Concurrent Mark Free 0.000ms
[1122.014s][info][gc,phases   ] GC(144) y: Concurrent Reset Relocation Set 0.220ms
[1122.017s][info][gc,reloc    ] GC(144) y: Using tenuring threshold: 6 (Computed)
[1122.059s][info][gc,phases   ] GC(144) y: Concurrent Select Relocation Set 44.987ms
[1122.059s][info][gc,phases   ] GC(144) y: Pause Relocate Start 0.009ms
[1122.210s][info][gc,phases   ] GC(144) y: Concurrent Relocate 151.479ms
[1122.210s][info][gc,alloc    ] GC(144) y:                         Mark Start        Mark End      Relocate Start    Relocate End   
[1122.210s][info][gc,alloc    ] GC(144) y: Allocation Stalls:          0                0                0                0         
[1122.210s][info][gc,load     ] GC(144) y: Load: 0.00 (0%) / 0.00 (0%) / 0.00 (0%)
[1122.210s][info][gc,mmu      ] GC(144) y: MMU: 2ms/76.4%, 5ms/90.6%, 10ms/95.3%, 20ms/97.6%, 50ms/99.1%, 100ms/99.5%
[1122.210s][info][gc,marking  ] GC(144) y: Mark: 1 stripe(s), 2 proactive flush(es), 1 terminate flush(es), 0 completion(s), 0 continuation(s) 
[1122.210s][info][gc,marking  ] GC(144) y: Mark Stack Usage: 32M
[1122.210s][info][gc,nmethod  ] GC(144) y: NMethods: 6283 registered, 4857 unregistered
[1122.210s][info][gc,metaspace] GC(144) y: Metaspace: 131M used, 133M committed, 1152M reserved
[1122.210s][info][gc,reloc    ] GC(144) y:                        Candidates     Selected     In-Place         Size        Empty    Relocated 
[1122.210s][info][gc,reloc    ] GC(144) y: Small Pages:                 3485         2081            0        6970M        2606M         130M 
[1122.210s][info][gc,reloc    ] GC(144) y: Medium Pages:                   0            0            0           0M           0M           0M 
[1122.210s][info][gc,reloc    ] GC(144) y: Large Pages:                    0            0            0           0M           0M           0M 
[1122.210s][info][gc,reloc    ] GC(144) y: Forwarding Usage: 46M
[1122.210s][info][gc,reloc    ] GC(144) y: Age Table:
[1122.210s][info][gc,reloc    ] GC(144) y:                    Live             Garbage             Small              Medium             Large        
[1122.210s][info][gc,reloc    ] GC(144) y: Eden             163M (2%)         6676M (81%)       3420 / 2029           0 / 0              0 / 0        
[1122.210s][info][gc,reloc    ] GC(144) y: Survivor 1         9M (0%)           78M (1%)          44 / 33             0 / 0              0 / 0        
[1122.210s][info][gc,reloc    ] GC(144) y: Survivor 2         2M (0%)           17M (0%)          10 / 8              0 / 0              0 / 0        
[1122.210s][info][gc,reloc    ] GC(144) y: Survivor 3         0M (0%)            9M (0%)           5 / 5              0 / 0              0 / 0        
[1122.210s][info][gc,reloc    ] GC(144) y: Survivor 4         0M (0%)            5M (0%)           3 / 3              0 / 0              0 / 0        
[1122.210s][info][gc,reloc    ] GC(144) y: Survivor 5         0M (0%)            5M (0%)           3 / 3              0 / 0              0 / 0        
[1122.210s][info][gc,heap     ] GC(144) y: Min Capacity: 8192M(100%)
[1122.210s][info][gc,heap     ] GC(144) y: Max Capacity: 8192M(100%)
[1122.211s][info][gc,heap     ] GC(144) y: Soft Max Capacity: 8192M(100%)
[1122.211s][info][gc,heap     ] GC(144) y: Heap Statistics:
[1122.211s][info][gc,heap     ] GC(144) y:                Mark Start          Mark End        Relocate Start      Relocate End           High               Low         
[1122.211s][info][gc,heap     ] GC(144) y:  Capacity:     8192M (100%)       8192M (100%)       8192M (100%)       8192M (100%)       8192M (100%)       8192M (100%)   
[1122.211s][info][gc,heap     ] GC(144) y:      Free:      672M (8%)          440M (5%)         2984M (36%)        7034M (86%)        7036M (86%)         440M (5%)     
[1122.211s][info][gc,heap     ] GC(144) y:      Used:     7520M (92%)        7752M (95%)        5208M (64%)        1158M (14%)        7752M (95%)        1156M (14%)    
[1122.211s][info][gc,heap     ] GC(144) y: Young Generation Statistics:
[1122.211s][info][gc,heap     ] GC(144) y:                Mark Start          Mark End        Relocate Start      Relocate End    
[1122.211s][info][gc,heap     ] GC(144) y:      Used:     6970M (85%)        7202M (88%)        4658M (57%)         608M (7%)     
[1122.211s][info][gc,heap     ] GC(144) y:      Live:         -               176M (2%)          176M (2%)          176M (2%)     
[1122.211s][info][gc,heap     ] GC(144) y:   Garbage:         -              6793M (83%)        4187M (51%)           3M (0%)     
[1122.211s][info][gc,heap     ] GC(144) y: Allocated:         -               232M (3%)          294M (4%)          428M (5%)     
[1122.211s][info][gc,heap     ] GC(144) y: Reclaimed:         -                  -              2606M (32%)        6790M (83%)    
[1122.211s][info][gc,heap     ] GC(144) y:  Promoted:         -                  -                 0M (0%)            0M (0%)     
[1122.211s][info][gc,heap     ] GC(144) y: Compacted:         -                  -                  -               151M (2%)     
[1122.211s][info][gc,phases   ] GC(144) y: Young Generation 7520M(92%)->1158M(14%) 0.457s
[1122.211s][info][gc          ] GC(144) Minor Collection (Allocation Rate) 7520M(92%)->1158M(14%) 0.457s
[1130.098s][info][gc          ] GC(145) Minor Collection (Allocation Rate)
[1130.098s][info][gc,task     ] GC(145) Using 1 Workers for Young Generation
[1130.098s][info][gc,phases   ] GC(145) y: Young Generation
[1130.098s][info][gc,phases   ] GC(145) y: Pause Mark Start 0.015ms
[1130.267s][info][gc,phases   ] GC(145) y: Concurrent Mark 168.486ms
[1130.267s][info][gc,phases   ] GC(145) y: Pause Mark End 0.013ms
[1130.267s][info][gc,phases   ] GC(145) y: Concurrent Mark Free 0.000ms
[1130.267s][info][gc,phases   ] GC(145) y: Concurrent Reset Relocation Set 0.233ms
[1130.271s][info][gc,reloc    ] GC(145) y: Using tenuring threshold: 6 (Computed)
[1130.278s][info][gc,phases   ] GC(145) y: Concurrent Select Relocation Set 10.816ms
[1130.278s][info][gc,phases   ] GC(145) y: Pause Relocate Start 0.011ms
[1130.382s][info][gc,phases   ] GC(145) y: Concurrent Relocate 103.410ms
[1130.382s][info][gc,alloc    ] GC(145) y:                         Mark Start        Mark End      Relocate Start    Relocate End   
[1130.382s][info][gc,alloc    ] GC(145) y: Allocation Stalls:          0                0                0                0         
[1130.382s][info][gc,load     ] GC(145) y: Load: 0.00 (0%) / 0.00 (0%) / 0.00 (0%)
[1130.382s][info][gc,mmu      ] GC(145) y: MMU: 2ms/76.4%, 5ms/90.6%, 10ms/95.3%, 20ms/97.6%, 50ms/99.1%, 100ms/99.5%
[1130.382s][info][gc,marking  ] GC(145) y: Mark: 1 stripe(s), 2 proactive flush(es), 1 terminate flush(es), 0 completion(s), 0 continuation(s) 
[1130.382s][info][gc,marking  ] GC(145) y: Mark Stack Usage: 32M
[1130.382s][info][gc,nmethod  ] GC(145) y: NMethods: 6385 registered, 4857 unregistered
[1130.382s][info][gc,metaspace] GC(145) y: Metaspace: 131M used, 133M committed, 1152M reserved
[1130.382s][info][gc,reloc    ] GC(145) y:                        Candidates     Selected     In-Place         Size        Empty    Relocated 
[1130.382s][info][gc,reloc    ] GC(145) y: Small Pages:                 2957         2205            0        5914M        1380M          90M 
[1130.382s][info][gc,reloc    ] GC(145) y: Medium Pages:                   0            0            0           0M           0M           0M 
[1130.382s][info][gc,reloc    ] GC(145) y: Large Pages:                    0            0            0           0M           0M           0M 
[1130.382s][info][gc,reloc    ] GC(145) y: Forwarding Usage: 35M
[1130.382s][info][gc,reloc    ] GC(145) y: Age Table:
[1130.382s][info][gc,reloc    ] GC(145) y:                    Live             Garbage             Small              Medium             Large        
[1130.382s][info][gc,reloc    ] GC(145) y: Eden              85M (1%)         5610M (68%)       2848 / 2124           0 / 0              0 / 0        
[1130.382s][info][gc,reloc    ] GC(145) y: Survivor 1        19M (0%)          158M (2%)          89 / 62             0 / 0              0 / 0        
[1130.382s][info][gc,reloc    ] GC(145) y: Survivor 2         2M (0%)           15M (0%)           9 / 9              0 / 0              0 / 0        
[1130.382s][info][gc,reloc    ] GC(145) y: Survivor 3         0M (0%)           11M (0%)           6 / 6              0 / 0              0 / 0        
[1130.382s][info][gc,reloc    ] GC(145) y: Survivor 4         0M (0%)            3M (0%)           2 / 2              0 / 0              0 / 0        
[1130.382s][info][gc,reloc    ] GC(145) y: Survivor 5         0M (0%)            1M (0%)           1 / 0              0 / 0              0 / 0        
[1130.382s][info][gc,reloc    ] GC(145) y: Survivor 6         0M (0%)            3M (0%)           2 / 2              0 / 0              0 / 0        
[1130.382s][info][gc,heap     ] GC(145) y: Min Capacity: 8192M(100%)
[1130.382s][info][gc,heap     ] GC(145) y: Max Capacity: 8192M(100%)
[1130.382s][info][gc,heap     ] GC(145) y: Soft Max Capacity: 8192M(100%)
[1130.382s][info][gc,heap     ] GC(145) y: Heap Statistics:
[1130.382s][info][gc,heap     ] GC(145) y:                Mark Start          Mark End        Relocate Start      Relocate End           High               Low         
[1130.382s][info][gc,heap     ] GC(145) y:  Capacity:     8192M (100%)       8192M (100%)       8192M (100%)       8192M (100%)       8192M (100%)       8192M (100%)   
[1130.382s][info][gc,heap     ] GC(145) y:      Free:     1728M (21%)        1596M (19%)        2970M (36%)        7280M (89%)        7280M (89%)        1594M (19%)    
[1130.382s][info][gc,heap     ] GC(145) y:      Used:     6464M (79%)        6596M (81%)        5222M (64%)         912M (11%)        6598M (81%)         912M (11%)    
[1130.382s][info][gc,heap     ] GC(145) y: Young Generation Statistics:
[1130.382s][info][gc,heap     ] GC(145) y:                Mark Start          Mark End        Relocate Start      Relocate End    
[1130.382s][info][gc,heap     ] GC(145) y:      Used:     5914M (72%)        6046M (74%)        4672M (57%)         358M (4%)     
[1130.382s][info][gc,heap     ] GC(145) y:      Live:         -               107M (1%)          107M (1%)          107M (1%)     
[1130.382s][info][gc,heap     ] GC(145) y:   Garbage:         -              5806M (71%)        4426M (54%)           1M (0%)     
[1130.382s][info][gc,heap     ] GC(145) y: Allocated:         -               132M (2%)          138M (2%)          249M (3%)     
[1130.382s][info][gc,heap     ] GC(145) y: Reclaimed:         -                  -              1380M (17%)        5805M (71%)    
[1130.382s][info][gc,heap     ] GC(145) y:  Promoted:         -                  -                 0M (0%)            0M (0%)     
[1130.382s][info][gc,heap     ] GC(145) y: Compacted:         -                  -                  -               106M (1%)     
[1130.382s][info][gc,phases   ] GC(145) y: Young Generation 6464M(79%)->912M(11%) 0.283s
[1130.382s][info][gc          ] GC(145) Minor Collection (Allocation Rate) 6464M(79%)->912M(11%) 0.284s
[1141.165s][info][gc          ] GC(146) Minor Collection (Allocation Rate)
[1141.165s][info][gc,task     ] GC(146) Using 1 Workers for Young Generation
[1141.165s][info][gc,phases   ] GC(146) y: Young Generation
[1141.165s][info][gc,phases   ] GC(146) y: Pause Mark Start 0.013ms
[1141.307s][info][gc,phases   ] GC(146) y: Concurrent Mark 141.918ms
[1141.307s][info][gc,phases   ] GC(146) y: Pause Mark End 0.009ms
[1141.307s][info][gc,phases   ] GC(146) y: Concurrent Mark Free 0.000ms
[1141.308s][info][gc,phases   ] GC(146) y: Concurrent Reset Relocation Set 0.292ms
[1141.311s][info][gc,reloc    ] GC(146) y: Using tenuring threshold: 5 (Computed)
[1141.319s][info][gc,phases   ] GC(146) y: Concurrent Select Relocation Set 11.054ms
[1141.319s][info][gc,phases   ] GC(146) y: Pause Relocate Start 0.012ms
[1141.402s][info][gc,phases   ] GC(146) y: Concurrent Relocate 82.623ms
[1141.402s][info][gc,alloc    ] GC(146) y:                         Mark Start        Mark End      Relocate Start    Relocate End   
[1141.402s][info][gc,alloc    ] GC(146) y: Allocation Stalls:          0                0                0                0         
[1141.402s][info][gc,load     ] GC(146) y: Load: 0.00 (0%) / 0.00 (0%) / 0.00 (0%)
[1141.402s][info][gc,mmu      ] GC(146) y: MMU: 2ms/76.4%, 5ms/90.6%, 10ms/95.3%, 20ms/97.6%, 50ms/99.1%, 100ms/99.5%
[1141.402s][info][gc,marking  ] GC(146) y: Mark: 1 stripe(s), 2 proactive flush(es), 1 terminate flush(es), 0 completion(s), 0 continuation(s) 
[1141.402s][info][gc,marking  ] GC(146) y: Mark Stack Usage: 32M
[1141.402s][info][gc,nmethod  ] GC(146) y: NMethods: 6507 registered, 4857 unregistered
[1141.402s][info][gc,metaspace] GC(146) y: Metaspace: 131M used, 133M committed, 1152M reserved
[1141.402s][info][gc,reloc    ] GC(146) y:                        Candidates     Selected     In-Place         Size        Empty    Relocated 
[1141.402s][info][gc,reloc    ] GC(146) y: Small Pages:                 3376         2620            0        6752M        1390M          85M 
[1141.402s][info][gc,reloc    ] GC(146) y: Medium Pages:                   0            0            0           0M           0M           0M 
[1141.402s][info][gc,reloc    ] GC(146) y: Large Pages:                    0            0            0           0M           0M           0M 
[1141.402s][info][gc,reloc    ] GC(146) y: Forwarding Usage: 32M
[1141.402s][info][gc,reloc    ] GC(146) y: Age Table:
[1141.402s][info][gc,reloc    ] GC(146) y:                    Live             Garbage             Small              Medium             Large        
[1141.402s][info][gc,reloc    ] GC(146) y: Eden              78M (1%)         6515M (80%)       3297 / 2557           0 / 0              0 / 0        
[1141.402s][info][gc,reloc    ] GC(146) y: Survivor 1        23M (0%)           68M (1%)          46 / 34             0 / 0              0 / 0        
[1141.402s][info][gc,reloc    ] GC(146) y: Survivor 2         1M (0%)           32M (0%)          17 / 16             0 / 0              0 / 0        
[1141.402s][info][gc,reloc    ] GC(146) y: Survivor 3         0M (0%)           13M (0%)           7 / 7              0 / 0              0 / 0        
[1141.402s][info][gc,reloc    ] GC(146) y: Survivor 4         0M (0%)            7M (0%)           4 / 2              0 / 0              0 / 0        
[1141.402s][info][gc,reloc    ] GC(146) y: Survivor 5         0M (0%)            3M (0%)           2 / 2              0 / 0              0 / 0        
[1141.402s][info][gc,reloc    ] GC(146) y: Survivor 6         0M (0%)            5M (0%)           3 / 2              0 / 0              0 / 0        
[1141.402s][info][gc,heap     ] GC(146) y: Min Capacity: 8192M(100%)
[1141.402s][info][gc,heap     ] GC(146) y: Max Capacity: 8192M(100%)
[1141.402s][info][gc,heap     ] GC(146) y: Soft Max Capacity: 8192M(100%)
[1141.402s][info][gc,heap     ] GC(146) y: Heap Statistics:
[1141.402s][info][gc,heap     ] GC(146) y:                Mark Start          Mark End        Relocate Start      Relocate End           High               Low         
[1141.402s][info][gc,heap     ] GC(146) y:  Capacity:     8192M (100%)       8192M (100%)       8192M (100%)       8192M (100%)       8192M (100%)       8192M (100%)   
[1141.402s][info][gc,heap     ] GC(146) y:      Free:      886M (11%)         724M (9%)         2096M (26%)        7258M (89%)        7258M (89%)         724M (9%)     
[1141.402s][info][gc,heap     ] GC(146) y:      Used:     7306M (89%)        7468M (91%)        6096M (74%)         934M (11%)        7468M (91%)         934M (11%)    
[1141.402s][info][gc,heap     ] GC(146) y: Young Generation Statistics:
[1141.402s][info][gc,heap     ] GC(146) y:                Mark Start          Mark End        Relocate Start      Relocate End    
[1141.402s][info][gc,heap     ] GC(146) y:      Used:     6752M (82%)        6914M (84%)        5542M (68%)         376M (5%)     
[1141.402s][info][gc,heap     ] GC(146) y:      Live:         -               105M (1%)          105M (1%)          104M (1%)     
[1141.402s][info][gc,heap     ] GC(146) y:   Garbage:         -              6646M (81%)        5256M (64%)           1M (0%)     
[1141.402s][info][gc,heap     ] GC(146) y: Allocated:         -               162M (2%)          180M (2%)          269M (3%)     
[1141.402s][info][gc,heap     ] GC(146) y: Reclaimed:         -                  -              1390M (17%)        6645M (81%)    
[1141.402s][info][gc,heap     ] GC(146) y:  Promoted:         -                  -                 0M (0%)            0M (0%)     
[1141.402s][info][gc,heap     ] GC(146) y: Compacted:         -                  -                  -               102M (1%)     
[1141.402s][info][gc,phases   ] GC(146) y: Young Generation 7306M(89%)->934M(11%) 0.236s
[1141.402s][info][gc          ] GC(146) Minor Collection (Allocation Rate) 7306M(89%)->934M(11%) 0.237s
[1143.877s][info][gc          ] GC(147) Major Collection (Proactive)
[1143.877s][info][gc,task     ] GC(147) Using 1 Workers for Young Generation
[1143.877s][info][gc,task     ] GC(147) Using 1 Workers for Old Generation
[1143.877s][info][gc,phases   ] GC(147) Y: Young Generation
[1143.877s][info][gc,phases   ] GC(147) Y: Pause Mark Start (Major) 0.014ms
[1144.044s][info][gc,phases   ] GC(147) Y: Concurrent Mark 166.880ms
[1144.044s][info][gc,phases   ] GC(147) Y: Pause Mark End 0.008ms
[1144.044s][info][gc,phases   ] GC(147) Y: Concurrent Mark Free 0.000ms
[1144.045s][info][gc,phases   ] GC(147) Y: Concurrent Reset Relocation Set 0.182ms
[1144.047s][info][gc,reloc    ] GC(147) Y: Using tenuring threshold: 6 (Computed)
[1144.050s][info][gc,phases   ] GC(147) Y: Concurrent Select Relocation Set 4.993ms
[1144.050s][info][gc,phases   ] GC(147) Y: Pause Relocate Start 0.014ms
[1144.097s][info][gc,phases   ] GC(147) Y: Concurrent Relocate 46.837ms
[1144.097s][info][gc,alloc    ] GC(147) Y:                         Mark Start        Mark End      Relocate Start    Relocate End   
[1144.097s][info][gc,alloc    ] GC(147) Y: Allocation Stalls:          0                0                0                0         
[1144.097s][info][gc,load     ] GC(147) Y: Load: 0.00 (0%) / 0.00 (0%) / 0.00 (0%)
[1144.097s][info][gc,mmu      ] GC(147) Y: MMU: 2ms/76.4%, 5ms/90.6%, 10ms/95.3%, 20ms/97.6%, 50ms/99.1%, 100ms/99.5%
[1144.097s][info][gc,marking  ] GC(147) Y: Mark: 1 stripe(s), 2 proactive flush(es), 1 terminate flush(es), 0 completion(s), 0 continuation(s) 
[1144.097s][info][gc,marking  ] GC(147) Y: Mark Stack Usage: 32M
[1144.097s][info][gc,nmethod  ] GC(147) Y: NMethods: 6661 registered, 0 unregistered
[1144.097s][info][gc,metaspace] GC(147) Y: Metaspace: 131M used, 133M committed, 1152M reserved
[1144.097s][info][gc,reloc    ] GC(147) Y:                        Candidates     Selected     In-Place         Size        Empty    Relocated 
[1144.097s][info][gc,reloc    ] GC(147) Y: Small Pages:                 1006          843            0        2012M         204M          40M 
[1144.097s][info][gc,reloc    ] GC(147) Y: Medium Pages:                   0            0            0           0M           0M           0M 
[1144.097s][info][gc,reloc    ] GC(147) Y: Large Pages:                    0            0            0           0M           0M           0M 
[1144.097s][info][gc,reloc    ] GC(147) Y: Forwarding Usage: 18M
[1144.097s][info][gc,reloc    ] GC(147) Y: Age Table:
[1144.097s][info][gc,reloc    ] GC(147) Y:                    Live             Garbage             Small              Medium             Large        
[1144.097s][info][gc,reloc    ] GC(147) Y: Eden              33M (0%)         1828M (22%)        931 / 811            0 / 0              0 / 0        
[1144.097s][info][gc,reloc    ] GC(147) Y: Survivor 1        55M (1%)           32M (0%)          44 / 11             0 / 0              0 / 0        
[1144.097s][info][gc,reloc    ] GC(147) Y: Survivor 2        13M (0%)           22M (0%)          18 / 8              0 / 0              0 / 0        
[1144.097s][info][gc,reloc    ] GC(147) Y: Survivor 3         0M (0%)           11M (0%)           6 / 6              0 / 0              0 / 0        
[1144.097s][info][gc,reloc    ] GC(147) Y: Survivor 4         0M (0%)            9M (0%)           5 / 5              0 / 0              0 / 0        
[1144.097s][info][gc,reloc    ] GC(147) Y: Survivor 5         0M (0%)            3M (0%)           2 / 2              0 / 0              0 / 0        
[1144.097s][info][gc,heap     ] GC(147) Y: Min Capacity: 8192M(100%)
[1144.097s][info][gc,heap     ] GC(147) Y: Max Capacity: 8192M(100%)
[1144.097s][info][gc,heap     ] GC(147) Y: Soft Max Capacity: 8192M(100%)
[1144.097s][info][gc,heap     ] GC(147) Y: Heap Statistics:
[1144.097s][info][gc,heap     ] GC(147) Y:                Mark Start          Mark End        Relocate Start      Relocate End           High               Low         
[1144.097s][info][gc,heap     ] GC(147) Y:  Capacity:     8192M (100%)       8192M (100%)       8192M (100%)       8192M (100%)       8192M (100%)       8192M (100%)   
[1144.097s][info][gc,heap     ] GC(147) Y:      Free:     5622M (69%)        5506M (67%)        5710M (70%)        7338M (90%)        7340M (90%)        5506M (67%)    
[1144.097s][info][gc,heap     ] GC(147) Y:      Used:     2570M (31%)        2686M (33%)        2482M (30%)         854M (10%)        2686M (33%)         852M (10%)    
[1144.097s][info][gc,heap     ] GC(147) Y: Young Generation Statistics:
[1144.097s][info][gc,heap     ] GC(147) Y:                Mark Start          Mark End        Relocate Start      Relocate End    
[1144.097s][info][gc,heap     ] GC(147) Y:      Used:     2012M (25%)        2128M (26%)        1924M (23%)         296M (4%)     
[1144.097s][info][gc,heap     ] GC(147) Y:      Live:         -               103M (1%)          103M (1%)          103M (1%)     
[1144.097s][info][gc,heap     ] GC(147) Y:   Garbage:         -              1908M (23%)        1704M (21%)           9M (0%)     
[1144.097s][info][gc,heap     ] GC(147) Y: Allocated:         -               116M (1%)          116M (1%)          182M (2%)     
[1144.097s][info][gc,heap     ] GC(147) Y: Reclaimed:         -                  -               204M (2%)         1898M (23%)    
[1144.097s][info][gc,heap     ] GC(147) Y:  Promoted:         -                  -                 0M (0%)            0M (0%)     
[1144.097s][info][gc,heap     ] GC(147) Y: Compacted:         -                  -                  -                55M (1%)     
[1144.097s][info][gc,phases   ] GC(147) Y: Young Generation 2570M(31%)->854M(10%) 0.219s
[1144.097s][info][gc,phases   ] GC(147) O: Old Generation
[1144.830s][info][gc,phases   ] GC(147) O: Concurrent Mark 732.914ms
[1144.830s][info][gc,phases   ] GC(147) O: Pause Mark End 0.010ms
[1144.830s][info][gc,phases   ] GC(147) O: Concurrent Mark Free 0.000ms
[1144.844s][info][gc,phases   ] GC(147) O: Concurrent Process Non-Strong 14.270ms
[1144.844s][info][gc,phases   ] GC(147) O: Concurrent Reset Relocation Set 0.002ms
[1144.846s][info][gc,phases   ] GC(147) O: Concurrent Select Relocation Set 1.422ms
[1144.846s][info][gc,task     ] GC(147) O: Using 2 Workers for Old Generation
[1144.909s][info][gc,task     ] GC(147) O: Using 1 Workers for Old Generation
[1144.909s][info][gc,phases   ] GC(147) O: Concurrent Remap Roots 62.918ms
[1144.909s][info][gc,phases   ] GC(147) O: Pause Relocate Start 0.009ms
[1144.912s][info][gc,phases   ] GC(147) O: Concurrent Relocate 3.548ms
[1144.913s][info][gc,alloc    ] GC(147) O:                         Mark Start        Mark End      Relocate Start    Relocate End   
[1144.913s][info][gc,alloc    ] GC(147) O: Allocation Stalls:          0                0                0                0         
[1144.913s][info][gc,load     ] GC(147) O: Load: 0.00 (0%) / 0.00 (0%) / 0.00 (0%)
[1144.913s][info][gc,mmu      ] GC(147) O: MMU: 2ms/76.4%, 5ms/90.6%, 10ms/95.3%, 20ms/97.6%, 50ms/99.1%, 100ms/99.5%
[1144.913s][info][gc,marking  ] GC(147) O: Mark: 1 stripe(s), 2 proactive flush(es), 1 terminate flush(es), 0 completion(s), 0 continuation(s) 
[1144.913s][info][gc,marking  ] GC(147) O: Mark Stack Usage: 32M
[1144.913s][info][gc,nmethod  ] GC(147) O: NMethods: 6328 registered, 400 unregistered
[1144.913s][info][gc,metaspace] GC(147) O: Metaspace: 131M used, 133M committed, 1152M reserved
[1144.913s][info][gc,ref      ] GC(147) O:                       Encountered   Discovered     Enqueued 
[1144.913s][info][gc,ref      ] GC(147) O: Soft References:             6087            0            0 
[1144.913s][info][gc,ref      ] GC(147) O: Weak References:            23409        12615           10 
[1144.913s][info][gc,ref      ] GC(147) O: Final References:              34            0            0 
[1144.913s][info][gc,ref      ] GC(147) O: Phantom References:          1074          847            5 
[1144.913s][info][gc,reloc    ] GC(147) O:                        Candidates     Selected     In-Place         Size        Empty    Relocated 
[1144.913s][info][gc,reloc    ] GC(147) O: Small Pages:                  247           15            0         494M           0M           2M 
[1144.913s][info][gc,reloc    ] GC(147) O: Medium Pages:                   2            0            0          64M           0M           0M 
[1144.913s][info][gc,reloc    ] GC(147) O: Large Pages:                    0            0            0           0M           0M           0M 
[1144.913s][info][gc,reloc    ] GC(147) O: Forwarding Usage: 0M
[1144.913s][info][gc,heap     ] GC(147) O: Min Capacity: 8192M(100%)
[1144.913s][info][gc,heap     ] GC(147) O: Max Capacity: 8192M(100%)
[1144.913s][info][gc,heap     ] GC(147) O: Soft Max Capacity: 8192M(100%)
[1144.913s][info][gc,heap     ] GC(147) O: Heap Statistics:
[1144.913s][info][gc,heap     ] GC(147) O:                Mark Start          Mark End        Relocate Start      Relocate End           High               Low         
[1144.913s][info][gc,heap     ] GC(147) O:  Capacity:     8192M (100%)       8192M (100%)       8192M (100%)       8192M (100%)       8192M (100%)       8192M (100%)   
[1144.913s][info][gc,heap     ] GC(147) O:      Free:     5622M (69%)        6822M (83%)        6778M (83%)        6798M (83%)        7340M (90%)        5506M (67%)    
[1144.913s][info][gc,heap     ] GC(147) O:      Used:     2570M (31%)        1370M (17%)        1414M (17%)        1394M (17%)        2686M (33%)         852M (10%)    
[1144.913s][info][gc,heap     ] GC(147) O: Old Generation Statistics:
[1144.913s][info][gc,heap     ] GC(147) O:                Mark Start          Mark End        Relocate Start      Relocate End    
[1144.913s][info][gc,heap     ] GC(147) O:      Used:      558M (7%)          558M (7%)          558M (7%)          538M (7%)     
[1144.913s][info][gc,heap     ] GC(147) O:      Live:         -               479M (6%)          479M (6%)          479M (6%)     
[1144.913s][info][gc,heap     ] GC(147) O:   Garbage:         -                78M (1%)           78M (1%)           46M (1%)     
[1144.913s][info][gc,heap     ] GC(147) O: Allocated:         -                 0M (0%)            0M (0%)           11M (0%)     
[1144.913s][info][gc,heap     ] GC(147) O: Reclaimed:         -                  -                 0M (0%)           31M (0%)     
[1144.913s][info][gc,heap     ] GC(147) O: Compacted:         -                  -                  -                 2M (0%)     
[1144.913s][info][gc,phases   ] GC(147) O: Old Generation 854M(10%)->1394M(17%) 0.816s
[1144.913s][info][gc          ] GC(147) Major Collection (Proactive) 2570M(31%)->1394M(17%) 1.036s
[1149.778s][info][gc          ] GC(148) Minor Collection (Allocation Rate)
[1149.778s][info][gc,task     ] GC(148) Using 1 Workers for Young Generation
[1149.778s][info][gc,phases   ] GC(148) y: Young Generation
[1149.778s][info][gc,phases   ] GC(148) y: Pause Mark Start 0.013ms
[1149.955s][info][gc,phases   ] GC(148) y: Concurrent Mark 176.866ms
[1149.955s][info][gc,phases   ] GC(148) y: Pause Mark End 0.010ms
[1149.955s][info][gc,phases   ] GC(148) y: Concurrent Mark Free 0.000ms
[1149.955s][info][gc,phases   ] GC(148) y: Concurrent Reset Relocation Set 0.067ms
[1149.957s][info][gc,reloc    ] GC(148) y: Using tenuring threshold: 6 (Computed)
[1149.977s][info][gc,phases   ] GC(148) y: Concurrent Select Relocation Set 21.853ms
[1149.977s][info][gc,phases   ] GC(148) y: Pause Relocate Start 0.009ms
[1150.080s][info][gc,phases   ] GC(148) y: Concurrent Relocate 103.471ms
[1150.080s][info][gc,alloc    ] GC(148) y:                         Mark Start        Mark End      Relocate Start    Relocate End   
[1150.080s][info][gc,alloc    ] GC(148) y: Allocation Stalls:          0                0                0                0         
[1150.080s][info][gc,load     ] GC(148) y: Load: 0.00 (0%) / 0.00 (0%) / 0.00 (0%)
[1150.080s][info][gc,mmu      ] GC(148) y: MMU: 2ms/76.4%, 5ms/90.6%, 10ms/95.3%, 20ms/97.6%, 50ms/99.1%, 100ms/99.5%
[1150.080s][info][gc,marking  ] GC(148) y: Mark: 1 stripe(s), 2 proactive flush(es), 1 terminate flush(es), 0 completion(s), 0 continuation(s) 
[1150.080s][info][gc,marking  ] GC(148) y: Mark Stack Usage: 32M
[1150.080s][info][gc,nmethod  ] GC(148) y: NMethods: 6443 registered, 400 unregistered
[1150.080s][info][gc,metaspace] GC(148) y: Metaspace: 131M used, 133M committed, 1152M reserved
[1150.080s][info][gc,reloc    ] GC(148) y:                        Candidates     Selected     In-Place         Size        Empty    Relocated 
[1150.081s][info][gc,reloc    ] GC(148) y: Small Pages:                 3264         1632            0        6528M        3100M         122M 
[1150.081s][info][gc,reloc    ] GC(148) y: Medium Pages:                   0            0            0           0M           0M           0M 
[1150.081s][info][gc,reloc    ] GC(148) y: Large Pages:                    0            0            0           0M           0M           0M 
[1150.081s][info][gc,reloc    ] GC(148) y: Forwarding Usage: 42M
[1150.081s][info][gc,reloc    ] GC(148) y: Age Table:
[1150.081s][info][gc,reloc    ] GC(148) y:                    Live             Garbage             Small              Medium             Large        
[1150.081s][info][gc,reloc    ] GC(148) y: Eden             132M (2%)         6245M (76%)       3189 / 1570           0 / 0              0 / 0        
[1150.081s][info][gc,reloc    ] GC(148) y: Survivor 1         1M (0%)           42M (1%)          22 / 17             0 / 0              0 / 0        
[1150.081s][info][gc,reloc    ] GC(148) y: Survivor 2         2M (0%)           69M (1%)          36 / 34             0 / 0              0 / 0        
[1150.081s][info][gc,reloc    ] GC(148) y: Survivor 3         5M (0%)           18M (0%)          12 / 8              0 / 0              0 / 0        
[1150.081s][info][gc,reloc    ] GC(148) y: Survivor 4         0M (0%)            5M (0%)           3 / 1              0 / 0              0 / 0        
[1150.081s][info][gc,reloc    ] GC(148) y: Survivor 5         0M (0%)            1M (0%)           1 / 1              0 / 0              0 / 0        
[1150.081s][info][gc,reloc    ] GC(148) y: Survivor 6         0M (0%)            1M (0%)           1 / 1              0 / 0              0 / 0        
[1150.081s][info][gc,heap     ] GC(148) y: Min Capacity: 8192M(100%)
[1150.081s][info][gc,heap     ] GC(148) y: Max Capacity: 8192M(100%)
[1150.081s][info][gc,heap     ] GC(148) y: Soft Max Capacity: 8192M(100%)
[1150.081s][info][gc,heap     ] GC(148) y: Heap Statistics:
[1150.081s][info][gc,heap     ] GC(148) y:                Mark Start          Mark End        Relocate Start      Relocate End           High               Low         
[1150.081s][info][gc,heap     ] GC(148) y:  Capacity:     8192M (100%)       8192M (100%)       8192M (100%)       8192M (100%)       8192M (100%)       8192M (100%)   
[1150.081s][info][gc,heap     ] GC(148) y:      Free:     1126M (14%)         976M (12%)        4060M (50%)        7224M (88%)        7224M (88%)         976M (12%)    
[1150.081s][info][gc,heap     ] GC(148) y:      Used:     7066M (86%)        7216M (88%)        4132M (50%)         968M (12%)        7216M (88%)         968M (12%)    
[1150.081s][info][gc,heap     ] GC(148) y: Young Generation Statistics:
[1150.081s][info][gc,heap     ] GC(148) y:                Mark Start          Mark End        Relocate Start      Relocate End    
[1150.081s][info][gc,heap     ] GC(148) y:      Used:     6528M (80%)        6678M (82%)        3594M (44%)         428M (5%)     
[1150.081s][info][gc,heap     ] GC(148) y:      Live:         -               142M (2%)          142M (2%)          142M (2%)     
[1150.081s][info][gc,heap     ] GC(148) y:   Garbage:         -              6385M (78%)        3285M (40%)           1M (0%)     
[1150.081s][info][gc,heap     ] GC(148) y: Allocated:         -               150M (2%)          166M (2%)          284M (3%)     
[1150.081s][info][gc,heap     ] GC(148) y: Reclaimed:         -                  -              3100M (38%)        6384M (78%)    
[1150.081s][info][gc,heap     ] GC(148) y:  Promoted:         -                  -                 0M (0%)            0M (0%)     
[1150.081s][info][gc,heap     ] GC(148) y: Compacted:         -                  -                  -               139M (2%)     
[1150.081s][info][gc,phases   ] GC(148) y: Young Generation 7066M(86%)->968M(12%) 0.303s
[1150.081s][info][gc          ] GC(148) Minor Collection (Allocation Rate) 7066M(86%)->968M(12%) 0.303s
[1158.045s][info][gc          ] GC(149) Minor Collection (Allocation Rate)
[1158.045s][info][gc,task     ] GC(149) Using 1 Workers for Young Generation
[1158.045s][info][gc,phases   ] GC(149) y: Young Generation
[1158.045s][info][gc,phases   ] GC(149) y: Pause Mark Start 0.016ms
[1158.229s][info][gc,phases   ] GC(149) y: Concurrent Mark 184.193ms
[1158.229s][info][gc,phases   ] GC(149) y: Pause Mark End 0.009ms
[1158.229s][info][gc,phases   ] GC(149) y: Concurrent Mark Free 0.000ms
[1158.230s][info][gc,phases   ] GC(149) y: Concurrent Reset Relocation Set 0.177ms
[1158.231s][info][gc,reloc    ] GC(149) y: Using tenuring threshold: 1 (Computed)
[1158.254s][info][gc,phases   ] GC(149) y: Concurrent Select Relocation Set 24.442ms
[1158.254s][info][gc,phases   ] GC(149) y: Pause Relocate Start 0.012ms
[1158.396s][info][gc,phases   ] GC(149) y: Concurrent Relocate 141.623ms
[1158.396s][info][gc,alloc    ] GC(149) y:                         Mark Start        Mark End      Relocate Start    Relocate End   
[1158.396s][info][gc,alloc    ] GC(149) y: Allocation Stalls:          0                0                0                0         
[1158.396s][info][gc,load     ] GC(149) y: Load: 0.00 (0%) / 0.00 (0%) / 0.00 (0%)
[1158.396s][info][gc,mmu      ] GC(149) y: MMU: 2ms/76.4%, 5ms/90.6%, 10ms/95.3%, 20ms/97.6%, 50ms/99.1%, 100ms/99.5%
[1158.396s][info][gc,marking  ] GC(149) y: Mark: 1 stripe(s), 2 proactive flush(es), 1 terminate flush(es), 0 completion(s), 0 continuation(s) 
[1158.396s][info][gc,marking  ] GC(149) y: Mark Stack Usage: 32M
[1158.396s][info][gc,nmethod  ] GC(149) y: NMethods: 6546 registered, 400 unregistered
[1158.396s][info][gc,metaspace] GC(149) y: Metaspace: 131M used, 133M committed, 1152M reserved
[1158.396s][info][gc,reloc    ] GC(149) y:                        Candidates     Selected     In-Place         Size        Empty    Relocated 
[1158.396s][info][gc,reloc    ] GC(149) y: Small Pages:                 3252         2524            0        6504M        1294M          96M 
[1158.396s][info][gc,reloc    ] GC(149) y: Medium Pages:                   0            0            0           0M           0M           0M 
[1158.396s][info][gc,reloc    ] GC(149) y: Large Pages:                    0            0            0           0M           0M           0M 
[1158.396s][info][gc,reloc    ] GC(149) y: Forwarding Usage: 39M
[1158.396s][info][gc,reloc    ] GC(149) y: Age Table:
[1158.396s][info][gc,reloc    ] GC(149) y:                    Live             Garbage             Small              Medium             Large        
[1158.396s][info][gc,reloc    ] GC(149) y: Eden              86M (1%)         6229M (76%)       3158 / 2468           0 / 0              0 / 0        
[1158.396s][info][gc,reloc    ] GC(149) y: Survivor 1        48M (1%)           95M (1%)          72 / 43             0 / 0              0 / 0        
[1158.396s][info][gc,reloc    ] GC(149) y: Survivor 2         0M (0%)            7M (0%)           4 / 2              0 / 0              0 / 0        
[1158.396s][info][gc,reloc    ] GC(149) y: Survivor 3         0M (0%)            9M (0%)           5 / 3              0 / 0              0 / 0        
[1158.396s][info][gc,reloc    ] GC(149) y: Survivor 4         4M (0%)            9M (0%)           7 / 3              0 / 0              0 / 0        
[1158.396s][info][gc,reloc    ] GC(149) y: Survivor 5         0M (0%)            9M (0%)           5 / 4              0 / 0              0 / 0        
[1158.396s][info][gc,reloc    ] GC(149) y: Survivor 6         0M (0%)            1M (0%)           1 / 1              0 / 0              0 / 0        
[1158.396s][info][gc,heap     ] GC(149) y: Min Capacity: 8192M(100%)
[1158.396s][info][gc,heap     ] GC(149) y: Max Capacity: 8192M(100%)
[1158.396s][info][gc,heap     ] GC(149) y: Soft Max Capacity: 8192M(100%)
[1158.396s][info][gc,heap     ] GC(149) y: Heap Statistics:
[1158.396s][info][gc,heap     ] GC(149) y:                Mark Start          Mark End        Relocate Start      Relocate End           High               Low         
[1158.396s][info][gc,heap     ] GC(149) y:  Capacity:     8192M (100%)       8192M (100%)       8192M (100%)       8192M (100%)       8192M (100%)       8192M (100%)   
[1158.396s][info][gc,heap     ] GC(149) y:      Free:     1148M (14%)         956M (12%)        2244M (27%)        7200M (88%)        7236M (88%)         956M (12%)    
[1158.396s][info][gc,heap     ] GC(149) y:      Used:     7044M (86%)        7236M (88%)        5948M (73%)         992M (12%)        7236M (88%)         956M (12%)    
[1158.396s][info][gc,heap     ] GC(149) y: Young Generation Statistics:
[1158.396s][info][gc,heap     ] GC(149) y:                Mark Start          Mark End        Relocate Start      Relocate End    
[1158.396s][info][gc,heap     ] GC(149) y:      Used:     6504M (79%)        6696M (82%)        5394M (66%)         388M (5%)     
[1158.396s][info][gc,heap     ] GC(149) y:      Live:         -               139M (2%)          129M (2%)           86M (1%)     
[1158.396s][info][gc,heap     ] GC(149) y:   Garbage:         -              6364M (78%)        5066M (62%)           0M (0%)     
[1158.396s][info][gc,heap     ] GC(149) y: Allocated:         -               192M (2%)          198M (2%)          301M (4%)     
[1158.396s][info][gc,heap     ] GC(149) y: Reclaimed:         -                  -              1298M (16%)        6364M (78%)    
[1158.396s][info][gc,heap     ] GC(149) y:  Promoted:         -                  -                 9M (0%)           53M (1%)     
[1158.396s][info][gc,heap     ] GC(149) y: Compacted:         -                  -                  -                86M (1%)     
[1158.396s][info][gc,phases   ] GC(149) y: Young Generation 7044M(86%)->992M(12%) 0.351s
[1158.396s][info][gc          ] GC(149) Minor Collection (Allocation Rate) 7044M(86%)->992M(12%) 0.351s
[1165.557s][info][gc          ] GC(150) Minor Collection (Allocation Rate)
[1165.557s][info][gc,task     ] GC(150) Using 1 Workers for Young Generation
[1165.557s][info][gc,phases   ] GC(150) y: Young Generation
[1165.557s][info][gc,phases   ] GC(150) y: Pause Mark Start 0.012ms
[1165.752s][info][gc,phases   ] GC(150) y: Concurrent Mark 194.464ms
[1165.752s][info][gc,phases   ] GC(150) y: Pause Mark End 0.009ms
[1165.752s][info][gc,phases   ] GC(150) y: Concurrent Mark Free 0.000ms
[1165.752s][info][gc,phases   ] GC(150) y: Concurrent Reset Relocation Set 0.314ms
[1165.754s][info][gc,reloc    ] GC(150) y: Using tenuring threshold: 2 (Computed)
[1165.757s][info][gc,phases   ] GC(150) y: Concurrent Select Relocation Set 5.409ms
[1165.757s][info][gc,phases   ] GC(150) y: Pause Relocate Start 0.008ms
[1165.821s][info][gc,phases   ] GC(150) y: Concurrent Relocate 63.894ms
[1165.821s][info][gc,alloc    ] GC(150) y:                         Mark Start        Mark End      Relocate Start    Relocate End   
[1165.821s][info][gc,alloc    ] GC(150) y: Allocation Stalls:          0                0                0                0         
[1165.821s][info][gc,load     ] GC(150) y: Load: 0.00 (0%) / 0.00 (0%) / 0.00 (0%)
[1165.821s][info][gc,mmu      ] GC(150) y: MMU: 2ms/76.4%, 5ms/90.6%, 10ms/95.3%, 20ms/97.6%, 50ms/99.1%, 100ms/99.5%
[1165.822s][info][gc,marking  ] GC(150) y: Mark: 1 stripe(s), 2 proactive flush(es), 1 terminate flush(es), 0 completion(s), 0 continuation(s) 
[1165.822s][info][gc,marking  ] GC(150) y: Mark Stack Usage: 32M
[1165.822s][info][gc,nmethod  ] GC(150) y: NMethods: 6582 registered, 400 unregistered
[1165.822s][info][gc,metaspace] GC(150) y: Metaspace: 131M used, 133M committed, 1152M reserved
[1165.822s][info][gc,reloc    ] GC(150) y:                        Candidates     Selected     In-Place         Size        Empty    Relocated 
[1165.822s][info][gc,reloc    ] GC(150) y: Small Pages:                 3284         2464            0        6568M        1480M          72M 
[1165.822s][info][gc,reloc    ] GC(150) y: Medium Pages:                   0            0            0           0M           0M           0M 
[1165.822s][info][gc,reloc    ] GC(150) y: Large Pages:                    0            0            0           0M           0M           0M 
[1165.822s][info][gc,reloc    ] GC(150) y: Forwarding Usage: 24M
[1165.822s][info][gc,reloc    ] GC(150) y: Age Table:
[1165.822s][info][gc,reloc    ] GC(150) y:                    Live             Garbage             Small              Medium             Large        
[1165.822s][info][gc,reloc    ] GC(150) y: Eden              77M (1%)         6396M (78%)       3237 / 2452           0 / 0              0 / 0        
[1165.822s][info][gc,reloc    ] GC(150) y: Survivor 1        57M (1%)           36M (0%)          47 / 12             0 / 0              0 / 0        
[1165.822s][info][gc,heap     ] GC(150) y: Min Capacity: 8192M(100%)
[1165.822s][info][gc,heap     ] GC(150) y: Max Capacity: 8192M(100%)
[1165.822s][info][gc,heap     ] GC(150) y: Soft Max Capacity: 8192M(100%)
[1165.822s][info][gc,heap     ] GC(150) y: Heap Statistics:
[1165.822s][info][gc,heap     ] GC(150) y:                Mark Start          Mark End        Relocate Start      Relocate End           High               Low         
[1165.822s][info][gc,heap     ] GC(150) y:  Capacity:     8192M (100%)       8192M (100%)       8192M (100%)       8192M (100%)       8192M (100%)       8192M (100%)   
[1165.822s][info][gc,heap     ] GC(150) y:      Free:     1020M (12%)         842M (10%)        2318M (28%)        7198M (88%)        7198M (88%)         842M (10%)    
[1165.822s][info][gc,heap     ] GC(150) y:      Used:     7172M (88%)        7350M (90%)        5874M (72%)         994M (12%)        7350M (90%)         994M (12%)    
[1165.822s][info][gc,heap     ] GC(150) y: Young Generation Statistics:
[1165.822s][info][gc,heap     ] GC(150) y:                Mark Start          Mark End        Relocate Start      Relocate End    
[1165.822s][info][gc,heap     ] GC(150) y:      Used:     6568M (80%)        6746M (82%)        5270M (64%)         390M (5%)     
[1165.822s][info][gc,heap     ] GC(150) y:      Live:         -               135M (2%)          135M (2%)          135M (2%)     
[1165.822s][info][gc,heap     ] GC(150) y:   Garbage:         -              6432M (79%)        4952M (60%)          11M (0%)     
[1165.822s][info][gc,heap     ] GC(150) y: Allocated:         -               178M (2%)          182M (2%)          242M (3%)     
[1165.822s][info][gc,heap     ] GC(150) y: Reclaimed:         -                  -              1480M (18%)        6420M (78%)    
[1165.822s][info][gc,heap     ] GC(150) y:  Promoted:         -                  -                 0M (0%)            0M (0%)     
[1165.822s][info][gc,heap     ] GC(150) y: Compacted:         -                  -                  -                87M (1%)     
[1165.822s][info][gc,phases   ] GC(150) y: Young Generation 7172M(88%)->994M(12%) 0.265s
[1165.822s][info][gc          ] GC(150) Minor Collection (Allocation Rate) 7172M(88%)->996M(12%) 0.265s
[1171.297s][info][gc          ] GC(151) Minor Collection (Allocation Rate)
[1171.297s][info][gc,task     ] GC(151) Using 1 Workers for Young Generation
[1171.297s][info][gc,phases   ] GC(151) y: Young Generation
[1171.297s][info][gc,phases   ] GC(151) y: Pause Mark Start 0.013ms
[1171.535s][info][gc,phases   ] GC(151) y: Concurrent Mark 237.853ms
[1171.535s][info][gc,phases   ] GC(151) y: Pause Mark End 0.009ms
[1171.535s][info][gc,phases   ] GC(151) y: Concurrent Mark Free 0.000ms
[1171.535s][info][gc,phases   ] GC(151) y: Concurrent Reset Relocation Set 0.226ms
[1171.539s][info][gc,reloc    ] GC(151) y: Using tenuring threshold: 3 (Computed)
[1171.557s][info][gc,phases   ] GC(151) y: Concurrent Select Relocation Set 21.380ms
[1171.557s][info][gc,phases   ] GC(151) y: Pause Relocate Start 0.009ms
[1171.686s][info][gc,phases   ] GC(151) y: Concurrent Relocate 129.200ms
[1171.686s][info][gc,alloc    ] GC(151) y:                         Mark Start        Mark End      Relocate Start    Relocate End   
[1171.686s][info][gc,alloc    ] GC(151) y: Allocation Stalls:          0                0                0                0         
[1171.686s][info][gc,load     ] GC(151) y: Load: 0.00 (0%) / 0.00 (0%) / 0.00 (0%)
[1171.686s][info][gc,mmu      ] GC(151) y: MMU: 2ms/76.4%, 5ms/90.6%, 10ms/95.3%, 20ms/97.6%, 50ms/99.1%, 100ms/99.5%
[1171.686s][info][gc,marking  ] GC(151) y: Mark: 1 stripe(s), 2 proactive flush(es), 1 terminate flush(es), 0 completion(s), 0 continuation(s) 
[1171.686s][info][gc,marking  ] GC(151) y: Mark Stack Usage: 32M
[1171.686s][info][gc,nmethod  ] GC(151) y: NMethods: 6598 registered, 400 unregistered
[1171.686s][info][gc,metaspace] GC(151) y: Metaspace: 131M used, 133M committed, 1152M reserved
[1171.686s][info][gc,reloc    ] GC(151) y:                        Candidates     Selected     In-Place         Size        Empty    Relocated 
[1171.686s][info][gc,reloc    ] GC(151) y: Small Pages:                 3250         1663            0        6500M        2934M         143M 
[1171.686s][info][gc,reloc    ] GC(151) y: Medium Pages:                   0            0            0           0M           0M           0M 
[1171.686s][info][gc,reloc    ] GC(151) y: Large Pages:                    0            0            0           0M           0M           0M 
[1171.686s][info][gc,reloc    ] GC(151) y: Forwarding Usage: 50M
[1171.686s][info][gc,reloc    ] GC(151) y: Age Table:
[1171.686s][info][gc,reloc    ] GC(151) y:                    Live             Garbage             Small              Medium             Large        
[1171.686s][info][gc,reloc    ] GC(151) y: Eden             142M (2%)         6197M (76%)       3170 / 1625           0 / 0              0 / 0        
[1171.686s][info][gc,reloc    ] GC(151) y: Survivor 1        25M (0%)           58M (1%)          42 / 24             0 / 0              0 / 0        
[1171.686s][info][gc,reloc    ] GC(151) y: Survivor 2        38M (0%)           37M (0%)          38 / 14             0 / 0              0 / 0        
[1171.686s][info][gc,heap     ] GC(151) y: Min Capacity: 8192M(100%)
[1171.686s][info][gc,heap     ] GC(151) y: Max Capacity: 8192M(100%)
[1171.686s][info][gc,heap     ] GC(151) y: Soft Max Capacity: 8192M(100%)
[1171.686s][info][gc,heap     ] GC(151) y: Heap Statistics:
[1171.686s][info][gc,heap     ] GC(151) y:                Mark Start          Mark End        Relocate Start      Relocate End           High               Low         
[1171.686s][info][gc,heap     ] GC(151) y:  Capacity:     8192M (100%)       8192M (100%)       8192M (100%)       8192M (100%)       8192M (100%)       8192M (100%)   
[1171.686s][info][gc,heap     ] GC(151) y:      Free:     1088M (13%)         746M (9%)         3652M (45%)        6852M (84%)        6852M (84%)         746M (9%)     
[1171.686s][info][gc,heap     ] GC(151) y:      Used:     7104M (87%)        7446M (91%)        4540M (55%)        1340M (16%)        7446M (91%)        1340M (16%)    
[1171.686s][info][gc,heap     ] GC(151) y: Young Generation Statistics:
[1171.686s][info][gc,heap     ] GC(151) y:                Mark Start          Mark End        Relocate Start      Relocate End    
[1171.686s][info][gc,heap     ] GC(151) y:      Used:     6500M (79%)        6842M (84%)        3936M (48%)         736M (9%)     
[1171.686s][info][gc,heap     ] GC(151) y:      Live:         -               206M (3%)          206M (3%)          206M (3%)     
[1171.686s][info][gc,heap     ] GC(151) y:   Garbage:         -              6293M (77%)        3359M (41%)           8M (0%)     
[1171.686s][info][gc,heap     ] GC(151) y: Allocated:         -               342M (4%)          370M (5%)          521M (6%)     
[1171.686s][info][gc,heap     ] GC(151) y: Reclaimed:         -                  -              2934M (36%)        6285M (77%)    
[1171.686s][info][gc,heap     ] GC(151) y:  Promoted:         -                  -                 0M (0%)            0M (0%)     
[1171.686s][info][gc,heap     ] GC(151) y: Compacted:         -                  -                  -               180M (2%)     
[1171.686s][info][gc,phases   ] GC(151) y: Young Generation 7104M(87%)->1340M(16%) 0.389s
[1171.686s][info][gc          ] GC(151) Minor Collection (Allocation Rate) 7104M(87%)->1340M(16%) 0.390s
[1180.065s][info][gc          ] GC(152) Minor Collection (Allocation Rate)
[1180.065s][info][gc,task     ] GC(152) Using 1 Workers for Young Generation
[1180.065s][info][gc,phases   ] GC(152) y: Young Generation
[1180.065s][info][gc,phases   ] GC(152) y: Pause Mark Start 0.014ms
[1180.254s][info][gc,phases   ] GC(152) y: Concurrent Mark 188.823ms
[1180.254s][info][gc,phases   ] GC(152) y: Pause Mark End 0.009ms
[1180.254s][info][gc,phases   ] GC(152) y: Concurrent Mark Free 0.000ms
[1180.254s][info][gc,phases   ] GC(152) y: Concurrent Reset Relocation Set 0.158ms
[1180.256s][info][gc,reloc    ] GC(152) y: Using tenuring threshold: 2 (Computed)
[1180.270s][info][gc,phases   ] GC(152) y: Concurrent Select Relocation Set 15.969ms
[1180.270s][info][gc,phases   ] GC(152) y: Pause Relocate Start 0.008ms
[1180.405s][info][gc,phases   ] GC(152) y: Concurrent Relocate 134.864ms
[1180.405s][info][gc,alloc    ] GC(152) y:                         Mark Start        Mark End      Relocate Start    Relocate End   
[1180.405s][info][gc,alloc    ] GC(152) y: Allocation Stalls:          0                0                0                0         
[1180.405s][info][gc,load     ] GC(152) y: Load: 0.00 (0%) / 0.00 (0%) / 0.00 (0%)
[1180.405s][info][gc,mmu      ] GC(152) y: MMU: 2ms/76.4%, 5ms/90.6%, 10ms/95.3%, 20ms/97.6%, 50ms/99.1%, 100ms/99.5%
[1180.405s][info][gc,marking  ] GC(152) y: Mark: 1 stripe(s), 2 proactive flush(es), 1 terminate flush(es), 0 completion(s), 0 continuation(s) 
[1180.405s][info][gc,marking  ] GC(152) y: Mark Stack Usage: 32M
[1180.405s][info][gc,nmethod  ] GC(152) y: NMethods: 6611 registered, 400 unregistered
[1180.405s][info][gc,metaspace] GC(152) y: Metaspace: 131M used, 133M committed, 1152M reserved
[1180.405s][info][gc,reloc    ] GC(152) y:                        Candidates     Selected     In-Place         Size        Empty    Relocated 
[1180.405s][info][gc,reloc    ] GC(152) y: Small Pages:                 2968         2243            0        5936M        1270M         101M 
[1180.405s][info][gc,reloc    ] GC(152) y: Medium Pages:                   0            0            0           0M           0M           0M 
[1180.405s][info][gc,reloc    ] GC(152) y: Large Pages:                    0            0            0           0M           0M           0M 
[1180.405s][info][gc,reloc    ] GC(152) y: Forwarding Usage: 41M
[1180.405s][info][gc,reloc    ] GC(152) y: Age Table:
[1180.405s][info][gc,reloc    ] GC(152) y:                    Live             Garbage             Small              Medium             Large        
[1180.405s][info][gc,reloc    ] GC(152) y: Eden              85M (1%)         5602M (68%)       2844 / 2165           0 / 0              0 / 0        
[1180.405s][info][gc,reloc    ] GC(152) y: Survivor 1        37M (0%)          118M (1%)          78 / 58             0 / 0              0 / 0        
[1180.405s][info][gc,reloc    ] GC(152) y: Survivor 2         3M (0%)           32M (0%)          18 / 12             0 / 0              0 / 0        
[1180.405s][info][gc,reloc    ] GC(152) y: Survivor 3        29M (0%)           26M (0%)          28 / 8              0 / 0              0 / 0        
[1180.405s][info][gc,heap     ] GC(152) y: Min Capacity: 8192M(100%)
[1180.405s][info][gc,heap     ] GC(152) y: Max Capacity: 8192M(100%)
[1180.405s][info][gc,heap     ] GC(152) y: Soft Max Capacity: 8192M(100%)
[1180.405s][info][gc,heap     ] GC(152) y: Heap Statistics:
[1180.405s][info][gc,heap     ] GC(152) y:                Mark Start          Mark End        Relocate Start      Relocate End           High               Low         
[1180.405s][info][gc,heap     ] GC(152) y:  Capacity:     8192M (100%)       8192M (100%)       8192M (100%)       8192M (100%)       8192M (100%)       8192M (100%)   
[1180.405s][info][gc,heap     ] GC(152) y:      Free:     1652M (20%)        1494M (18%)        2756M (34%)        7162M (87%)        7186M (88%)        1494M (18%)    
[1180.405s][info][gc,heap     ] GC(152) y:      Used:     6540M (80%)        6698M (82%)        5436M (66%)        1030M (13%)        6698M (82%)        1006M (12%)    
[1180.405s][info][gc,heap     ] GC(152) y: Young Generation Statistics:
[1180.405s][info][gc,heap     ] GC(152) y:                Mark Start          Mark End        Relocate Start      Relocate End    
[1180.405s][info][gc,heap     ] GC(152) y:      Used:     5936M (72%)        6094M (74%)        4806M (59%)         386M (5%)     
[1180.405s][info][gc,heap     ] GC(152) y:      Live:         -               156M (2%)          134M (2%)          123M (2%)     
[1180.405s][info][gc,heap     ] GC(152) y:   Garbage:         -              5779M (71%)        4505M (55%)           0M (0%)     
[1180.405s][info][gc,heap     ] GC(152) y: Allocated:         -               158M (2%)          166M (2%)          262M (3%)     
[1180.405s][info][gc,heap     ] GC(152) y: Reclaimed:         -                  -              1274M (16%)        5779M (71%)    
[1180.405s][info][gc,heap     ] GC(152) y:  Promoted:         -                  -                21M (0%)           32M (0%)     
[1180.405s][info][gc,heap     ] GC(152) y: Compacted:         -                  -                  -               123M (2%)     
[1180.405s][info][gc,phases   ] GC(152) y: Young Generation 6540M(80%)->1030M(13%) 0.340s
[1180.405s][info][gc          ] GC(152) Minor Collection (Allocation Rate) 6540M(80%)->1030M(13%) 0.341s
[1188.194s][info][gc          ] GC(153) Minor Collection (Allocation Rate)
[1188.194s][info][gc,task     ] GC(153) Using 1 Workers for Young Generation
[1188.194s][info][gc,phases   ] GC(153) y: Young Generation
[1188.194s][info][gc,phases   ] GC(153) y: Pause Mark Start 0.010ms
[1188.388s][info][gc,phases   ] GC(153) y: Concurrent Mark 193.588ms
[1188.388s][info][gc,phases   ] GC(153) y: Pause Mark End 0.009ms
[1188.388s][info][gc,phases   ] GC(153) y: Concurrent Mark Free 0.000ms
[1188.389s][info][gc,phases   ] GC(153) y: Concurrent Reset Relocation Set 0.856ms
[1188.391s][info][gc,reloc    ] GC(153) y: Using tenuring threshold: 3 (Computed)
[1188.395s][info][gc,phases   ] GC(153) y: Concurrent Select Relocation Set 6.682ms
[1188.395s][info][gc,phases   ] GC(153) y: Pause Relocate Start 0.010ms
[1188.495s][info][gc,phases   ] GC(153) y: Concurrent Relocate 99.825ms
[1188.495s][info][gc,alloc    ] GC(153) y:                         Mark Start        Mark End      Relocate Start    Relocate End   
[1188.495s][info][gc,alloc    ] GC(153) y: Allocation Stalls:          0                0                0                0         
[1188.495s][info][gc,load     ] GC(153) y: Load: 0.00 (0%) / 0.00 (0%) / 0.00 (0%)
[1188.495s][info][gc,mmu      ] GC(153) y: MMU: 2ms/76.4%, 5ms/90.6%, 10ms/95.3%, 20ms/97.6%, 50ms/99.1%, 100ms/99.5%
[1188.495s][info][gc,marking  ] GC(153) y: Mark: 1 stripe(s), 2 proactive flush(es), 1 terminate flush(es), 0 completion(s), 0 continuation(s) 
[1188.495s][info][gc,marking  ] GC(153) y: Mark Stack Usage: 32M
[1188.495s][info][gc,nmethod  ] GC(153) y: NMethods: 6628 registered, 400 unregistered
[1188.495s][info][gc,metaspace] GC(153) y: Metaspace: 131M used, 133M committed, 1152M reserved
[1188.495s][info][gc,reloc    ] GC(153) y:                        Candidates     Selected     In-Place         Size        Empty    Relocated 
[1188.495s][info][gc,reloc    ] GC(153) y: Small Pages:                 3307         2446            0        6614M        1570M          91M 
[1188.495s][info][gc,reloc    ] GC(153) y: Medium Pages:                   0            0            0           0M           0M           0M 
[1188.495s][info][gc,reloc    ] GC(153) y: Large Pages:                    0            0            0           0M           0M           0M 
[1188.495s][info][gc,reloc    ] GC(153) y: Forwarding Usage: 32M
[1188.495s][info][gc,reloc    ] GC(153) y: Age Table:
[1188.495s][info][gc,reloc    ] GC(153) y:                    Live             Garbage             Small              Medium             Large        
[1188.495s][info][gc,reloc    ] GC(153) y: Eden              89M (1%)         6384M (78%)       3237 / 2404           0 / 0              0 / 0        
[1188.495s][info][gc,reloc    ] GC(153) y: Survivor 1        34M (0%)           61M (1%)          48 / 25             0 / 0              0 / 0        
[1188.495s][info][gc,reloc    ] GC(153) y: Survivor 2         7M (0%)           36M (0%)          22 / 17             0 / 0              0 / 0        
[1188.495s][info][gc,heap     ] GC(153) y: Min Capacity: 8192M(100%)
[1188.495s][info][gc,heap     ] GC(153) y: Max Capacity: 8192M(100%)
[1188.495s][info][gc,heap     ] GC(153) y: Soft Max Capacity: 8192M(100%)
[1188.496s][info][gc,heap     ] GC(153) y: Heap Statistics:
[1188.496s][info][gc,heap     ] GC(153) y:                Mark Start          Mark End        Relocate Start      Relocate End           High               Low         
[1188.496s][info][gc,heap     ] GC(153) y:  Capacity:     8192M (100%)       8192M (100%)       8192M (100%)       8192M (100%)       8192M (100%)       8192M (100%)   
[1188.496s][info][gc,heap     ] GC(153) y:      Free:      934M (11%)         790M (10%)        2358M (29%)        7180M (88%)        7180M (88%)         790M (10%)    
[1188.496s][info][gc,heap     ] GC(153) y:      Used:     7258M (89%)        7402M (90%)        5834M (71%)        1012M (12%)        7402M (90%)        1012M (12%)    
[1188.496s][info][gc,heap     ] GC(153) y: Young Generation Statistics:
[1188.496s][info][gc,heap     ] GC(153) y:                Mark Start          Mark End        Relocate Start      Relocate End    
[1188.496s][info][gc,heap     ] GC(153) y:      Used:     6614M (81%)        6758M (82%)        5190M (63%)         368M (4%)     
[1188.496s][info][gc,heap     ] GC(153) y:      Live:         -               131M (2%)          131M (2%)          131M (2%)     
[1188.496s][info][gc,heap     ] GC(153) y:   Garbage:         -              6482M (79%)        4912M (60%)           4M (0%)     
[1188.496s][info][gc,heap     ] GC(153) y: Allocated:         -               144M (2%)          146M (2%)          232M (3%)     
[1188.496s][info][gc,heap     ] GC(153) y: Reclaimed:         -                  -              1570M (19%)        6478M (79%)    
[1188.496s][info][gc,heap     ] GC(153) y:  Promoted:         -                  -                 0M (0%)            0M (0%)     
[1188.496s][info][gc,heap     ] GC(153) y: Compacted:         -                  -                  -               111M (1%)     
[1188.496s][info][gc,phases   ] GC(153) y: Young Generation 7258M(89%)->1012M(12%) 0.301s
[1188.496s][info][gc          ] GC(153) Minor Collection (Allocation Rate) 7258M(89%)->1012M(12%) 0.302s
[1194.096s][info][gc          ] GC(154) Minor Collection (Allocation Rate)
[1194.096s][info][gc,task     ] GC(154) Using 1 Workers for Young Generation
[1194.096s][info][gc,phases   ] GC(154) y: Young Generation
[1194.096s][info][gc,phases   ] GC(154) y: Pause Mark Start 0.017ms
[1194.257s][info][gc,phases   ] GC(154) y: Concurrent Mark 161.327ms
[1194.257s][info][gc,phases   ] GC(154) y: Pause Mark End 0.013ms
[1194.257s][info][gc,phases   ] GC(154) y: Concurrent Mark Free 0.000ms
[1194.258s][info][gc,phases   ] GC(154) y: Concurrent Reset Relocation Set 0.202ms
[1194.263s][info][gc,reloc    ] GC(154) y: Using tenuring threshold: 4 (Computed)
[1194.269s][info][gc,phases   ] GC(154) y: Concurrent Select Relocation Set 11.755ms
[1194.270s][info][gc,phases   ] GC(154) y: Pause Relocate Start 0.014ms
[1194.365s][info][gc,phases   ] GC(154) y: Concurrent Relocate 94.996ms
[1194.365s][info][gc,alloc    ] GC(154) y:                         Mark Start        Mark End      Relocate Start    Relocate End   
[1194.365s][info][gc,alloc    ] GC(154) y: Allocation Stalls:          0                0                0                0         
[1194.365s][info][gc,load     ] GC(154) y: Load: 0.00 (0%) / 0.00 (0%) / 0.00 (0%)
[1194.365s][info][gc,mmu      ] GC(154) y: MMU: 2ms/76.4%, 5ms/90.6%, 10ms/95.3%, 20ms/97.6%, 50ms/99.1%, 100ms/99.5%
[1194.365s][info][gc,marking  ] GC(154) y: Mark: 1 stripe(s), 2 proactive flush(es), 1 terminate flush(es), 0 completion(s), 0 continuation(s) 
[1194.365s][info][gc,marking  ] GC(154) y: Mark Stack Usage: 32M
[1194.365s][info][gc,nmethod  ] GC(154) y: NMethods: 6641 registered, 400 unregistered
[1194.365s][info][gc,metaspace] GC(154) y: Metaspace: 131M used, 133M committed, 1152M reserved
[1194.365s][info][gc,reloc    ] GC(154) y:                        Candidates     Selected     In-Place         Size        Empty    Relocated 
[1194.365s][info][gc,reloc    ] GC(154) y: Small Pages:                 3215         1530            0        6430M        3230M         108M 
[1194.365s][info][gc,reloc    ] GC(154) y: Medium Pages:                   0            0            0           0M           0M           0M 
[1194.365s][info][gc,reloc    ] GC(154) y: Large Pages:                    0            0            0           0M           0M           0M 
[1194.365s][info][gc,reloc    ] GC(154) y: Forwarding Usage: 32M
[1194.365s][info][gc,reloc    ] GC(154) y: Age Table:
[1194.365s][info][gc,reloc    ] GC(154) y:                    Live             Garbage             Small              Medium             Large        
[1194.365s][info][gc,reloc    ] GC(154) y: Eden             116M (1%)         6151M (75%)       3134 / 1453           0 / 0              0 / 0        
[1194.365s][info][gc,reloc    ] GC(154) y: Survivor 1         2M (0%)           95M (1%)          49 / 47             0 / 0              0 / 0        
[1194.365s][info][gc,reloc    ] GC(154) y: Survivor 2         2M (0%)           45M (1%)          24 / 23             0 / 0              0 / 0        
[1194.365s][info][gc,reloc    ] GC(154) y: Survivor 3         1M (0%)           14M (0%)           8 / 7              0 / 0              0 / 0        
[1194.365s][info][gc,heap     ] GC(154) y: Min Capacity: 8192M(100%)
[1194.365s][info][gc,heap     ] GC(154) y: Max Capacity: 8192M(100%)
[1194.365s][info][gc,heap     ] GC(154) y: Soft Max Capacity: 8192M(100%)
[1194.365s][info][gc,heap     ] GC(154) y: Heap Statistics:
[1194.365s][info][gc,heap     ] GC(154) y:                Mark Start          Mark End        Relocate Start      Relocate End           High               Low         
[1194.365s][info][gc,heap     ] GC(154) y:  Capacity:     8192M (100%)       8192M (100%)       8192M (100%)       8192M (100%)       8192M (100%)       8192M (100%)   
[1194.365s][info][gc,heap     ] GC(154) y:      Free:     1118M (14%)        1000M (12%)        4220M (52%)        7200M (88%)        7200M (88%)        1000M (12%)    
[1194.365s][info][gc,heap     ] GC(154) y:      Used:     7074M (86%)        7192M (88%)        3972M (48%)         992M (12%)        7192M (88%)         992M (12%)    
[1194.365s][info][gc,heap     ] GC(154) y: Young Generation Statistics:
[1194.365s][info][gc,heap     ] GC(154) y:                Mark Start          Mark End        Relocate Start      Relocate End    
[1194.365s][info][gc,heap     ] GC(154) y:      Used:     6430M (78%)        6548M (80%)        3328M (41%)         348M (4%)     
[1194.365s][info][gc,heap     ] GC(154) y:      Live:         -               122M (1%)          122M (1%)          122M (1%)     
[1194.365s][info][gc,heap     ] GC(154) y:   Garbage:         -              6307M (77%)        3077M (38%)           0M (0%)     
[1194.365s][info][gc,heap     ] GC(154) y: Allocated:         -               118M (1%)          128M (2%)          225M (3%)     
[1194.365s][info][gc,heap     ] GC(154) y: Reclaimed:         -                  -              3230M (39%)        6307M (77%)    
[1194.365s][info][gc,heap     ] GC(154) y:  Promoted:         -                  -                 0M (0%)            0M (0%)     
[1194.365s][info][gc,heap     ] GC(154) y: Compacted:         -                  -                  -               122M (1%)     
[1194.365s][info][gc,phases   ] GC(154) y: Young Generation 7074M(86%)->992M(12%) 0.269s
[1194.365s][info][gc          ] GC(154) Minor Collection (Allocation Rate) 7074M(86%)->992M(12%) 0.269s
[1203.927s][info][gc          ] GC(155) Minor Collection (Allocation Rate)
[1203.927s][info][gc,task     ] GC(155) Using 1 Workers for Young Generation
[1203.927s][info][gc,phases   ] GC(155) y: Young Generation
[1203.927s][info][gc,phases   ] GC(155) y: Pause Mark Start 0.013ms
[1204.068s][info][gc,phases   ] GC(155) y: Concurrent Mark 141.337ms
[1204.068s][info][gc,phases   ] GC(155) y: Pause Mark End 0.009ms
[1204.068s][info][gc,phases   ] GC(155) y: Concurrent Mark Free 0.000ms
[1204.068s][info][gc,phases   ] GC(155) y: Concurrent Reset Relocation Set 0.131ms
[1204.070s][info][gc,reloc    ] GC(155) y: Using tenuring threshold: 5 (Computed)
[1204.073s][info][gc,phases   ] GC(155) y: Concurrent Select Relocation Set 4.834ms
[1204.073s][info][gc,phases   ] GC(155) y: Pause Relocate Start 0.009ms
[1204.155s][info][gc,phases   ] GC(155) y: Concurrent Relocate 81.536ms
[1204.155s][info][gc,alloc    ] GC(155) y:                         Mark Start        Mark End      Relocate Start    Relocate End   
[1204.155s][info][gc,alloc    ] GC(155) y: Allocation Stalls:          0                0                0                0         
[1204.155s][info][gc,load     ] GC(155) y: Load: 0.00 (0%) / 0.00 (0%) / 0.00 (0%)
[1204.155s][info][gc,mmu      ] GC(155) y: MMU: 2ms/76.4%, 5ms/90.6%, 10ms/95.3%, 20ms/97.6%, 50ms/99.1%, 100ms/99.5%
[1204.155s][info][gc,marking  ] GC(155) y: Mark: 1 stripe(s), 2 proactive flush(es), 1 terminate flush(es), 0 completion(s), 0 continuation(s) 
[1204.155s][info][gc,marking  ] GC(155) y: Mark Stack Usage: 32M
[1204.155s][info][gc,nmethod  ] GC(155) y: NMethods: 6656 registered, 400 unregistered
[1204.155s][info][gc,metaspace] GC(155) y: Metaspace: 131M used, 133M committed, 1152M reserved
[1204.155s][info][gc,reloc    ] GC(155) y:                        Candidates     Selected     In-Place         Size        Empty    Relocated 
[1204.155s][info][gc,reloc    ] GC(155) y: Small Pages:                 3260         2676            0        6520M        1034M          93M 
[1204.155s][info][gc,reloc    ] GC(155) y: Medium Pages:                   0            0            0           0M           0M           0M 
[1204.155s][info][gc,reloc    ] GC(155) y: Large Pages:                    0            0            0           0M           0M           0M 
[1204.155s][info][gc,reloc    ] GC(155) y: Forwarding Usage: 31M
[1204.155s][info][gc,reloc    ] GC(155) y: Age Table:
[1204.155s][info][gc,reloc    ] GC(155) y:                    Live             Garbage             Small              Medium             Large        
[1204.155s][info][gc,reloc    ] GC(155) y: Eden              86M (1%)         6273M (77%)       3180 / 2616           0 / 0              0 / 0        
[1204.155s][info][gc,reloc    ] GC(155) y: Survivor 1        27M (0%)           96M (1%)          62 / 46             0 / 0              0 / 0        
[1204.155s][info][gc,reloc    ] GC(155) y: Survivor 2         0M (0%)           11M (0%)           6 / 3              0 / 0              0 / 0        
[1204.155s][info][gc,reloc    ] GC(155) y: Survivor 3         1M (0%)           12M (0%)           7 / 7              0 / 0              0 / 0        
[1204.155s][info][gc,reloc    ] GC(155) y: Survivor 4         1M (0%)            8M (0%)           5 / 4              0 / 0              0 / 0        
[1204.155s][info][gc,heap     ] GC(155) y: Min Capacity: 8192M(100%)
[1204.155s][info][gc,heap     ] GC(155) y: Max Capacity: 8192M(100%)
[1204.155s][info][gc,heap     ] GC(155) y: Soft Max Capacity: 8192M(100%)
[1204.155s][info][gc,heap     ] GC(155) y: Heap Statistics:
[1204.155s][info][gc,heap     ] GC(155) y:                Mark Start          Mark End        Relocate Start      Relocate End           High               Low         
[1204.155s][info][gc,heap     ] GC(155) y:  Capacity:     8192M (100%)       8192M (100%)       8192M (100%)       8192M (100%)       8192M (100%)       8192M (100%)   
[1204.155s][info][gc,heap     ] GC(155) y:      Free:     1028M (13%)         928M (11%)        1956M (24%)        7228M (88%)        7228M (88%)         926M (11%)    
[1204.155s][info][gc,heap     ] GC(155) y:      Used:     7164M (87%)        7264M (89%)        6236M (76%)         964M (12%)        7266M (89%)         964M (12%)    
[1204.155s][info][gc,heap     ] GC(155) y: Young Generation Statistics:
[1204.155s][info][gc,heap     ] GC(155) y:                Mark Start          Mark End        Relocate Start      Relocate End    
[1204.155s][info][gc,heap     ] GC(155) y:      Used:     6520M (80%)        6620M (81%)        5592M (68%)         320M (4%)     
[1204.155s][info][gc,heap     ] GC(155) y:      Live:         -               116M (1%)          116M (1%)          116M (1%)     
[1204.155s][info][gc,heap     ] GC(155) y:   Garbage:         -              6403M (78%)        5369M (66%)           0M (0%)     
[1204.155s][info][gc,heap     ] GC(155) y: Allocated:         -               100M (1%)          106M (1%)          202M (2%)     
[1204.155s][info][gc,heap     ] GC(155) y: Reclaimed:         -                  -              1034M (13%)        6402M (78%)    
[1204.155s][info][gc,heap     ] GC(155) y:  Promoted:         -                  -                 0M (0%)            0M (0%)     
[1204.155s][info][gc,heap     ] GC(155) y: Compacted:         -                  -                  -               115M (1%)     
[1204.155s][info][gc,phases   ] GC(155) y: Young Generation 7164M(87%)->964M(12%) 0.228s
[1204.155s][info][gc          ] GC(155) Minor Collection (Allocation Rate) 7164M(87%)->964M(12%) 0.229s
[1208.418s][info][gc          ] GC(156) Major Collection (Proactive)
[1208.418s][info][gc,task     ] GC(156) Using 1 Workers for Young Generation
[1208.418s][info][gc,task     ] GC(156) Using 1 Workers for Old Generation
[1208.418s][info][gc,phases   ] GC(156) Y: Young Generation
[1208.418s][info][gc,phases   ] GC(156) Y: Pause Mark Start (Major) 0.013ms
[1208.588s][info][gc,phases   ] GC(156) Y: Concurrent Mark 170.111ms
[1208.588s][info][gc,phases   ] GC(156) Y: Pause Mark End 0.008ms
[1208.588s][info][gc,phases   ] GC(156) Y: Concurrent Mark Free 0.000ms
[1208.588s][info][gc,phases   ] GC(156) Y: Concurrent Reset Relocation Set 0.195ms
[1208.591s][info][gc,reloc    ] GC(156) Y: Using tenuring threshold: 6 (Computed)
[1208.593s][info][gc,phases   ] GC(156) Y: Concurrent Select Relocation Set 4.511ms
[1208.593s][info][gc,phases   ] GC(156) Y: Pause Relocate Start 0.010ms
[1208.655s][info][gc,phases   ] GC(156) Y: Concurrent Relocate 61.873ms
[1208.655s][info][gc,alloc    ] GC(156) Y:                         Mark Start        Mark End      Relocate Start    Relocate End   
[1208.655s][info][gc,alloc    ] GC(156) Y: Allocation Stalls:          0                0                0                0         
[1208.655s][info][gc,load     ] GC(156) Y: Load: 0.00 (0%) / 0.00 (0%) / 0.00 (0%)
[1208.655s][info][gc,mmu      ] GC(156) Y: MMU: 2ms/76.4%, 5ms/90.6%, 10ms/95.3%, 20ms/97.6%, 50ms/99.1%, 100ms/99.5%
[1208.655s][info][gc,marking  ] GC(156) Y: Mark: 1 stripe(s), 2 proactive flush(es), 1 terminate flush(es), 0 completion(s), 0 continuation(s) 
[1208.655s][info][gc,marking  ] GC(156) Y: Mark Stack Usage: 32M
[1208.655s][info][gc,nmethod  ] GC(156) Y: NMethods: 6671 registered, 400 unregistered
[1208.655s][info][gc,metaspace] GC(156) Y: Metaspace: 131M used, 133M committed, 1152M reserved
[1208.655s][info][gc,reloc    ] GC(156) Y:                        Candidates     Selected     In-Place         Size        Empty    Relocated 
[1208.655s][info][gc,reloc    ] GC(156) Y: Small Pages:                 1957         1506            0        3914M         760M          57M 
[1208.655s][info][gc,reloc    ] GC(156) Y: Medium Pages:                   0            0            0           0M           0M           0M 
[1208.655s][info][gc,reloc    ] GC(156) Y: Large Pages:                    0            0            0           0M           0M           0M 
[1208.655s][info][gc,reloc    ] GC(156) Y: Forwarding Usage: 22M
[1208.655s][info][gc,reloc    ] GC(156) Y: Age Table:
[1208.655s][info][gc,reloc    ] GC(156) Y:                    Live             Garbage             Small              Medium             Large        
[1208.655s][info][gc,reloc    ] GC(156) Y: Eden              48M (1%)         3713M (45%)       1881 / 1474           0 / 0              0 / 0        
[1208.655s][info][gc,reloc    ] GC(156) Y: Survivor 1        55M (1%)           38M (0%)          47 / 13             0 / 0              0 / 0        
[1208.655s][info][gc,reloc    ] GC(156) Y: Survivor 2        13M (0%)           22M (0%)          18 / 11             0 / 0              0 / 0        
[1208.655s][info][gc,reloc    ] GC(156) Y: Survivor 3         0M (0%)            3M (0%)           2 / 1              0 / 0              0 / 0        
[1208.655s][info][gc,reloc    ] GC(156) Y: Survivor 4         1M (0%)            8M (0%)           5 / 4              0 / 0              0 / 0        
[1208.655s][info][gc,reloc    ] GC(156) Y: Survivor 5         1M (0%)            6M (0%)           4 / 3              0 / 0              0 / 0        
[1208.655s][info][gc,heap     ] GC(156) Y: Min Capacity: 8192M(100%)
[1208.655s][info][gc,heap     ] GC(156) Y: Max Capacity: 8192M(100%)
[1208.655s][info][gc,heap     ] GC(156) Y: Soft Max Capacity: 8192M(100%)
[1208.655s][info][gc,heap     ] GC(156) Y: Heap Statistics:
[1208.655s][info][gc,heap     ] GC(156) Y:                Mark Start          Mark End        Relocate Start      Relocate End           High               Low         
[1208.655s][info][gc,heap     ] GC(156) Y:  Capacity:     8192M (100%)       8192M (100%)       8192M (100%)       8192M (100%)       8192M (100%)       8192M (100%)   
[1208.655s][info][gc,heap     ] GC(156) Y:      Free:     3634M (44%)        3502M (43%)        4258M (52%)        7178M (88%)        7180M (88%)        3502M (43%)    
[1208.655s][info][gc,heap     ] GC(156) Y:      Used:     4558M (56%)        4690M (57%)        3934M (48%)        1014M (12%)        4690M (57%)        1012M (12%)    
[1208.655s][info][gc,heap     ] GC(156) Y: Young Generation Statistics:
[1208.655s][info][gc,heap     ] GC(156) Y:                Mark Start          Mark End        Relocate Start      Relocate End    
[1208.655s][info][gc,heap     ] GC(156) Y:      Used:     3914M (48%)        4046M (49%)        3290M (40%)         370M (5%)     
[1208.655s][info][gc,heap     ] GC(156) Y:      Live:         -               119M (1%)          119M (1%)          119M (1%)     
[1208.655s][info][gc,heap     ] GC(156) Y:   Garbage:         -              3794M (46%)        3034M (37%)          10M (0%)     
[1208.655s][info][gc,heap     ] GC(156) Y: Allocated:         -               132M (2%)          136M (2%)          239M (3%)     
[1208.655s][info][gc,heap     ] GC(156) Y: Reclaimed:         -                  -               760M (9%)         3783M (46%)    
[1208.655s][info][gc,heap     ] GC(156) Y:  Promoted:         -                  -                 0M (0%)            0M (0%)     
[1208.655s][info][gc,heap     ] GC(156) Y: Compacted:         -                  -                  -                80M (1%)     
[1208.655s][info][gc,phases   ] GC(156) Y: Young Generation 4558M(56%)->1014M(12%) 0.237s
[1208.655s][info][gc,phases   ] GC(156) O: Old Generation
[1209.376s][info][gc,phases   ] GC(156) O: Concurrent Mark 720.507ms
[1209.376s][info][gc,phases   ] GC(156) O: Pause Mark End 0.011ms
[1209.376s][info][gc,phases   ] GC(156) O: Concurrent Mark Free 0.000ms
[1209.390s][info][gc,phases   ] GC(156) O: Concurrent Process Non-Strong 13.733ms
[1209.390s][info][gc,phases   ] GC(156) O: Concurrent Reset Relocation Set 0.002ms
[1209.392s][info][gc,phases   ] GC(156) O: Concurrent Select Relocation Set 2.279ms
[1209.392s][info][gc,task     ] GC(156) O: Using 2 Workers for Old Generation
[1209.455s][info][gc,task     ] GC(156) O: Using 1 Workers for Old Generation
[1209.455s][info][gc,phases   ] GC(156) O: Concurrent Remap Roots 63.177ms
[1209.455s][info][gc,phases   ] GC(156) O: Pause Relocate Start 0.009ms
[1209.462s][info][gc,phases   ] GC(156) O: Concurrent Relocate 6.663ms
[1209.462s][info][gc,alloc    ] GC(156) O:                         Mark Start        Mark End      Relocate Start    Relocate End   
[1209.462s][info][gc,alloc    ] GC(156) O: Allocation Stalls:          0                0                0                0         
[1209.462s][info][gc,load     ] GC(156) O: Load: 0.00 (0%) / 0.00 (0%) / 0.00 (0%)
[1209.462s][info][gc,mmu      ] GC(156) O: MMU: 2ms/76.4%, 5ms/90.6%, 10ms/95.3%, 20ms/97.6%, 50ms/99.1%, 100ms/99.5%
[1209.462s][info][gc,marking  ] GC(156) O: Mark: 1 stripe(s), 2 proactive flush(es), 1 terminate flush(es), 0 completion(s), 0 continuation(s) 
[1209.462s][info][gc,marking  ] GC(156) O: Mark Stack Usage: 32M
[1209.462s][info][gc,nmethod  ] GC(156) O: NMethods: 6608 registered, 464 unregistered
[1209.462s][info][gc,metaspace] GC(156) O: Metaspace: 131M used, 133M committed, 1152M reserved
[1209.462s][info][gc,ref      ] GC(156) O:                       Encountered   Discovered     Enqueued 
[1209.462s][info][gc,ref      ] GC(156) O: Soft References:             6087            0            0 
[1209.462s][info][gc,ref      ] GC(156) O: Weak References:            23432        12614           21 
[1209.462s][info][gc,ref      ] GC(156) O: Final References:              34            0            0 
[1209.462s][info][gc,ref      ] GC(156) O: Phantom References:          1114          882           13 
[1209.462s][info][gc,reloc    ] GC(156) O:                        Candidates     Selected     In-Place         Size        Empty    Relocated 
[1209.462s][info][gc,reloc    ] GC(156) O: Small Pages:                  290           49            0         580M          12M           3M 
[1209.462s][info][gc,reloc    ] GC(156) O: Medium Pages:                   2            0            0          64M           0M           0M 
[1209.462s][info][gc,reloc    ] GC(156) O: Large Pages:                    0            0            0           0M           0M           0M 
[1209.462s][info][gc,reloc    ] GC(156) O: Forwarding Usage: 1M
[1209.462s][info][gc,heap     ] GC(156) O: Min Capacity: 8192M(100%)
[1209.462s][info][gc,heap     ] GC(156) O: Max Capacity: 8192M(100%)
[1209.462s][info][gc,heap     ] GC(156) O: Soft Max Capacity: 8192M(100%)
[1209.462s][info][gc,heap     ] GC(156) O: Heap Statistics:
[1209.462s][info][gc,heap     ] GC(156) O:                Mark Start          Mark End        Relocate Start      Relocate End           High               Low         
[1209.462s][info][gc,heap     ] GC(156) O:  Capacity:     8192M (100%)       8192M (100%)       8192M (100%)       8192M (100%)       8192M (100%)       8192M (100%)   
[1209.462s][info][gc,heap     ] GC(156) O:      Free:     3634M (44%)        6584M (80%)        6524M (80%)        6608M (81%)        7180M (88%)        3502M (43%)    
[1209.462s][info][gc,heap     ] GC(156) O:      Used:     4558M (56%)        1608M (20%)        1668M (20%)        1584M (19%)        4690M (57%)        1012M (12%)    
[1209.463s][info][gc,heap     ] GC(156) O: Old Generation Statistics:
[1209.463s][info][gc,heap     ] GC(156) O:                Mark Start          Mark End        Relocate Start      Relocate End    
[1209.463s][info][gc,heap     ] GC(156) O:      Used:      644M (8%)          644M (8%)          632M (8%)          542M (7%)     
[1209.463s][info][gc,heap     ] GC(156) O:      Live:         -               485M (6%)          485M (6%)          485M (6%)     
[1209.463s][info][gc,heap     ] GC(156) O:   Garbage:         -               158M (2%)          146M (2%)           47M (1%)     
[1209.463s][info][gc,heap     ] GC(156) O: Allocated:         -                 0M (0%)            0M (0%)            8M (0%)     
[1209.463s][info][gc,heap     ] GC(156) O: Reclaimed:         -                  -                12M (0%)          110M (1%)     
[1209.463s][info][gc,heap     ] GC(156) O: Compacted:         -                  -                  -                 5M (0%)     
[1209.463s][info][gc,phases   ] GC(156) O: Old Generation 1014M(12%)->1584M(19%) 0.807s
[1209.463s][info][gc          ] GC(156) Major Collection (Proactive) 4558M(56%)->1584M(19%) 1.045s
[1215.747s][info][gc          ] GC(157) Minor Collection (Allocation Rate)
[1215.747s][info][gc,task     ] GC(157) Using 1 Workers for Young Generation
[1215.747s][info][gc,phases   ] GC(157) y: Young Generation
[1215.747s][info][gc,phases   ] GC(157) y: Pause Mark Start 0.014ms
[1215.934s][info][gc,phases   ] GC(157) y: Concurrent Mark 187.023ms
[1215.935s][info][gc,phases   ] GC(157) y: Pause Mark End 0.008ms
[1215.935s][info][gc,phases   ] GC(157) y: Concurrent Mark Free 0.000ms
[1215.935s][info][gc,phases   ] GC(157) y: Concurrent Reset Relocation Set 0.124ms
[1215.939s][info][gc,reloc    ] GC(157) y: Using tenuring threshold: 5 (Computed)
[1215.970s][info][gc,phases   ] GC(157) y: Concurrent Select Relocation Set 35.235ms
[1215.970s][info][gc,phases   ] GC(157) y: Pause Relocate Start 0.017ms
[1216.088s][info][gc,phases   ] GC(157) y: Concurrent Relocate 118.062ms
[1216.088s][info][gc,alloc    ] GC(157) y:                         Mark Start        Mark End      Relocate Start    Relocate End   
[1216.088s][info][gc,alloc    ] GC(157) y: Allocation Stalls:          0                0                0                0         
[1216.088s][info][gc,load     ] GC(157) y: Load: 0.00 (0%) / 0.00 (0%) / 0.00 (0%)
[1216.088s][info][gc,mmu      ] GC(157) y: MMU: 2ms/76.4%, 5ms/90.6%, 10ms/95.3%, 20ms/97.6%, 50ms/99.1%, 100ms/99.5%
[1216.088s][info][gc,marking  ] GC(157) y: Mark: 1 stripe(s), 2 proactive flush(es), 1 terminate flush(es), 0 completion(s), 0 continuation(s) 
[1216.088s][info][gc,marking  ] GC(157) y: Mark Stack Usage: 32M
[1216.088s][info][gc,nmethod  ] GC(157) y: NMethods: 6652 registered, 464 unregistered
[1216.088s][info][gc,metaspace] GC(157) y: Metaspace: 131M used, 133M committed, 1152M reserved
[1216.088s][info][gc,reloc    ] GC(157) y:                        Candidates     Selected     In-Place         Size        Empty    Relocated 
[1216.088s][info][gc,reloc    ] GC(157) y: Small Pages:                 3506         1715            0        7012M        3410M         131M 
[1216.088s][info][gc,reloc    ] GC(157) y: Medium Pages:                   0            0            0           0M           0M           0M 
[1216.088s][info][gc,reloc    ] GC(157) y: Large Pages:                    0            0            0           0M           0M           0M 
[1216.088s][info][gc,reloc    ] GC(157) y: Forwarding Usage: 43M
[1216.088s][info][gc,reloc    ] GC(157) y: Age Table:
[1216.088s][info][gc,reloc    ] GC(157) y:                    Live             Garbage             Small              Medium             Large        
[1216.088s][info][gc,reloc    ] GC(157) y: Eden             135M (2%)         6696M (82%)       3416 / 1639           0 / 0              0 / 0        
[1216.088s][info][gc,reloc    ] GC(157) y: Survivor 1         8M (0%)           53M (1%)          31 / 27             0 / 0              0 / 0        
[1216.088s][info][gc,reloc    ] GC(157) y: Survivor 2         5M (0%)           68M (1%)          37 / 31             0 / 0              0 / 0        
[1216.088s][info][gc,reloc    ] GC(157) y: Survivor 3         0M (0%)           21M (0%)          11 / 10             0 / 0              0 / 0        
[1216.088s][info][gc,reloc    ] GC(157) y: Survivor 4         0M (0%)            5M (0%)           3 / 2              0 / 0              0 / 0        
[1216.089s][info][gc,reloc    ] GC(157) y: Survivor 5         0M (0%)           11M (0%)           6 / 4              0 / 0              0 / 0        
[1216.089s][info][gc,reloc    ] GC(157) y: Survivor 6         0M (0%)            3M (0%)           2 / 2              0 / 0              0 / 0        
[1216.089s][info][gc,heap     ] GC(157) y: Min Capacity: 8192M(100%)
[1216.089s][info][gc,heap     ] GC(157) y: Max Capacity: 8192M(100%)
[1216.089s][info][gc,heap     ] GC(157) y: Soft Max Capacity: 8192M(100%)
[1216.089s][info][gc,heap     ] GC(157) y: Heap Statistics:
[1216.089s][info][gc,heap     ] GC(157) y:                Mark Start          Mark End        Relocate Start      Relocate End           High               Low         
[1216.089s][info][gc,heap     ] GC(157) y:  Capacity:     8192M (100%)       8192M (100%)       8192M (100%)       8192M (100%)       8192M (100%)       8192M (100%)   
[1216.089s][info][gc,heap     ] GC(157) y:      Free:      638M (8%)          346M (4%)         3714M (45%)        7008M (86%)        7008M (86%)         346M (4%)     
[1216.089s][info][gc,heap     ] GC(157) y:      Used:     7554M (92%)        7846M (96%)        4478M (55%)        1184M (14%)        7846M (96%)        1184M (14%)    
[1216.089s][info][gc,heap     ] GC(157) y: Young Generation Statistics:
[1216.089s][info][gc,heap     ] GC(157) y:                Mark Start          Mark End        Relocate Start      Relocate End    
[1216.089s][info][gc,heap     ] GC(157) y:      Used:     7012M (86%)        7304M (89%)        3936M (48%)         638M (8%)     
[1216.089s][info][gc,heap     ] GC(157) y:      Live:         -               150M (2%)          150M (2%)          149M (2%)     
[1216.089s][info][gc,heap     ] GC(157) y:   Garbage:         -              6861M (84%)        3451M (42%)           0M (0%)     
[1216.089s][info][gc,heap     ] GC(157) y: Allocated:         -               292M (4%)          334M (4%)          488M (6%)     
[1216.089s][info][gc,heap     ] GC(157) y: Reclaimed:         -                  -              3410M (42%)        6861M (84%)    
[1216.089s][info][gc,heap     ] GC(157) y:  Promoted:         -                  -                 0M (0%)            0M (0%)     
[1216.089s][info][gc,heap     ] GC(157) y: Compacted:         -                  -                  -               149M (2%)     
[1216.089s][info][gc,phases   ] GC(157) y: Young Generation 7554M(92%)->1184M(14%) 0.341s
[1216.089s][info][gc          ] GC(157) Minor Collection (Allocation Rate) 7554M(92%)->1184M(14%) 0.342s
[1224.568s][info][gc          ] GC(158) Minor Collection (Allocation Rate)
[1224.568s][info][gc,task     ] GC(158) Using 1 Workers for Young Generation
[1224.568s][info][gc,phases   ] GC(158) y: Young Generation
[1224.568s][info][gc,phases   ] GC(158) y: Pause Mark Start 0.012ms
[1224.709s][info][gc,phases   ] GC(158) y: Concurrent Mark 140.624ms
[1224.709s][info][gc,phases   ] GC(158) y: Pause Mark End 0.014ms
[1224.709s][info][gc,phases   ] GC(158) y: Concurrent Mark Free 0.000ms
[1224.709s][info][gc,phases   ] GC(158) y: Concurrent Reset Relocation Set 0.151ms
[1224.712s][info][gc,reloc    ] GC(158) y: Using tenuring threshold: 3 (Computed)
[1224.716s][info][gc,phases   ] GC(158) y: Concurrent Select Relocation Set 6.689ms
[1224.716s][info][gc,phases   ] GC(158) y: Pause Relocate Start 0.009ms
[1224.794s][info][gc,phases   ] GC(158) y: Concurrent Relocate 77.552ms
[1224.794s][info][gc,alloc    ] GC(158) y:                         Mark Start        Mark End      Relocate Start    Relocate End   
[1224.794s][info][gc,alloc    ] GC(158) y: Allocation Stalls:          0                0                0                0         
[1224.794s][info][gc,load     ] GC(158) y: Load: 0.00 (0%) / 0.00 (0%) / 0.00 (0%)
[1224.794s][info][gc,mmu      ] GC(158) y: MMU: 2ms/76.4%, 5ms/90.6%, 10ms/95.3%, 20ms/97.6%, 50ms/99.1%, 100ms/99.5%
[1224.794s][info][gc,marking  ] GC(158) y: Mark: 1 stripe(s), 2 proactive flush(es), 1 terminate flush(es), 0 completion(s), 0 continuation(s) 
[1224.794s][info][gc,marking  ] GC(158) y: Mark Stack Usage: 32M
[1224.794s][info][gc,nmethod  ] GC(158) y: NMethods: 6696 registered, 464 unregistered
[1224.794s][info][gc,metaspace] GC(158) y: Metaspace: 131M used, 133M committed, 1152M reserved
[1224.794s][info][gc,reloc    ] GC(158) y:                        Candidates     Selected     In-Place         Size        Empty    Relocated 
[1224.794s][info][gc,reloc    ] GC(158) y: Small Pages:                 3222         2414            0        6444M        1482M          95M 
[1224.794s][info][gc,reloc    ] GC(158) y: Medium Pages:                   0            0            0           0M           0M           0M 
[1224.794s][info][gc,reloc    ] GC(158) y: Large Pages:                    0            0            0           0M           0M           0M 
[1224.794s][info][gc,reloc    ] GC(158) y: Forwarding Usage: 34M
[1224.794s][info][gc,reloc    ] GC(158) y: Age Table:
[1224.794s][info][gc,reloc    ] GC(158) y:                    Live             Garbage             Small              Medium             Large        
[1224.794s][info][gc,reloc    ] GC(158) y: Eden              89M (1%)         6160M (75%)       3125 / 2340           0 / 0              0 / 0        
[1224.794s][info][gc,reloc    ] GC(158) y: Survivor 1        24M (0%)          119M (1%)          72 / 55             0 / 0              0 / 0        
[1224.794s][info][gc,reloc    ] GC(158) y: Survivor 2         0M (0%)           21M (0%)          11 / 8              0 / 0              0 / 0        
[1224.794s][info][gc,reloc    ] GC(158) y: Survivor 3         0M (0%)           13M (0%)           7 / 6              0 / 0              0 / 0        
[1224.794s][info][gc,reloc    ] GC(158) y: Survivor 4         0M (0%)            7M (0%)           4 / 4              0 / 0              0 / 0        
[1224.794s][info][gc,reloc    ] GC(158) y: Survivor 5         0M (0%)            5M (0%)           3 / 1              0 / 0              0 / 0        
[1224.794s][info][gc,heap     ] GC(158) y: Min Capacity: 8192M(100%)
[1224.794s][info][gc,heap     ] GC(158) y: Max Capacity: 8192M(100%)
[1224.794s][info][gc,heap     ] GC(158) y: Soft Max Capacity: 8192M(100%)
[1224.794s][info][gc,heap     ] GC(158) y: Heap Statistics:
[1224.794s][info][gc,heap     ] GC(158) y:                Mark Start          Mark End        Relocate Start      Relocate End           High               Low         
[1224.794s][info][gc,heap     ] GC(158) y:  Capacity:     8192M (100%)       8192M (100%)       8192M (100%)       8192M (100%)       8192M (100%)       8192M (100%)   
[1224.794s][info][gc,heap     ] GC(158) y:      Free:     1202M (15%)        1150M (14%)        2630M (32%)        7452M (91%)        7452M (91%)        1150M (14%)    
[1224.794s][info][gc,heap     ] GC(158) y:      Used:     6990M (85%)        7042M (86%)        5562M (68%)         740M (9%)         7042M (86%)         740M (9%)     
[1224.794s][info][gc,heap     ] GC(158) y: Young Generation Statistics:
[1224.794s][info][gc,heap     ] GC(158) y:                Mark Start          Mark End        Relocate Start      Relocate End    
[1224.794s][info][gc,heap     ] GC(158) y:      Used:     6444M (79%)        6496M (79%)        5016M (61%)         190M (2%)     
[1224.794s][info][gc,heap     ] GC(158) y:      Live:         -               116M (1%)          116M (1%)          114M (1%)     
[1224.794s][info][gc,heap     ] GC(158) y:   Garbage:         -              6327M (77%)        4845M (59%)           1M (0%)     
[1224.794s][info][gc,heap     ] GC(158) y: Allocated:         -                52M (1%)           54M (1%)           73M (1%)     
[1224.794s][info][gc,heap     ] GC(158) y: Reclaimed:         -                  -              1482M (18%)        6326M (77%)    
[1224.794s][info][gc,heap     ] GC(158) y:  Promoted:         -                  -                 0M (0%)            1M (0%)     
[1224.794s][info][gc,heap     ] GC(158) y: Compacted:         -                  -                  -               112M (1%)     
[1224.794s][info][gc,phases   ] GC(158) y: Young Generation 6988M(85%)->740M(9%) 0.226s
[1224.794s][info][gc          ] GC(158) Minor Collection (Allocation Rate) 6988M(85%)->740M(9%) 0.226s
[1234.172s][info][gc          ] GC(159) Minor Collection (Allocation Rate)
[1234.172s][info][gc,task     ] GC(159) Using 1 Workers for Young Generation
[1234.172s][info][gc,phases   ] GC(159) y: Young Generation
[1234.172s][info][gc,phases   ] GC(159) y: Pause Mark Start 0.013ms
[1234.375s][info][gc,task     ] Adjusting Workers for Young Generation: 1 -> 2
[1234.395s][info][gc,phases   ] GC(159) y: Concurrent Mark 222.746ms
[1234.395s][info][gc,phases   ] GC(159) y: Pause Mark End 0.016ms
[1234.395s][info][gc,phases   ] GC(159) y: Concurrent Mark Free 0.000ms
[1234.396s][info][gc,phases   ] GC(159) y: Concurrent Reset Relocation Set 0.357ms
[1234.400s][info][gc,reloc    ] GC(159) y: Using tenuring threshold: 4 (Computed)
[1235.180s][info][gc,phases   ] GC(159) y: Concurrent Select Relocation Set 784.303ms
[1235.180s][info][gc,phases   ] GC(159) y: Pause Relocate Start 0.009ms
[1235.237s][info][gc,phases   ] GC(159) y: Concurrent Relocate 56.457ms
[1235.237s][info][gc,alloc    ] GC(159) y:                         Mark Start        Mark End      Relocate Start    Relocate End   
[1235.237s][info][gc,alloc    ] GC(159) y: Allocation Stalls:          0                0                0                0         
[1235.237s][info][gc,load     ] GC(159) y: Load: 0.00 (0%) / 0.00 (0%) / 0.00 (0%)
[1235.237s][info][gc,mmu      ] GC(159) y: MMU: 2ms/76.4%, 5ms/90.6%, 10ms/95.3%, 20ms/97.6%, 50ms/99.1%, 100ms/99.5%
[1235.237s][info][gc,marking  ] GC(159) y: Mark: 1 stripe(s), 10 proactive flush(es), 1 terminate flush(es), 0 completion(s), 0 continuation(s) 
[1235.237s][info][gc,marking  ] GC(159) y: Mark Stack Usage: 32M
[1235.237s][info][gc,nmethod  ] GC(159) y: NMethods: 6747 registered, 464 unregistered
[1235.237s][info][gc,metaspace] GC(159) y: Metaspace: 131M used, 133M committed, 1152M reserved
[1235.237s][info][gc,reloc    ] GC(159) y:                        Candidates     Selected     In-Place         Size        Empty    Relocated 
[1235.237s][info][gc,reloc    ] GC(159) y: Small Pages:                 3487         2660            0        6974M        1472M          93M 
[1235.237s][info][gc,reloc    ] GC(159) y: Medium Pages:                   0            0            0           0M           0M           0M 
[1235.237s][info][gc,reloc    ] GC(159) y: Large Pages:                    0            0            0           0M           0M           0M 
[1235.237s][info][gc,reloc    ] GC(159) y: Forwarding Usage: 34M
[1235.237s][info][gc,reloc    ] GC(159) y: Age Table:
[1235.237s][info][gc,reloc    ] GC(159) y:                    Live             Garbage             Small              Medium             Large        
[1235.237s][info][gc,reloc    ] GC(159) y: Eden             135M (2%)         6706M (82%)       3421 / 2608           0 / 0              0 / 0        
[1235.237s][info][gc,reloc    ] GC(159) y: Survivor 1        22M (0%)           77M (1%)          50 / 37             0 / 0              0 / 0        
[1235.237s][info][gc,reloc    ] GC(159) y: Survivor 2         1M (0%)           28M (0%)          15 / 14             0 / 0              0 / 0        
[1235.237s][info][gc,reloc    ] GC(159) y: Survivor 3         0M (0%)            1M (0%)           1 / 1              0 / 0              0 / 0        
[1235.237s][info][gc,heap     ] GC(159) y: Min Capacity: 8192M(100%)
[1235.237s][info][gc,heap     ] GC(159) y: Max Capacity: 8192M(100%)
[1235.237s][info][gc,heap     ] GC(159) y: Soft Max Capacity: 8192M(100%)
[1235.237s][info][gc,heap     ] GC(159) y: Heap Statistics:
[1235.237s][info][gc,heap     ] GC(159) y:                Mark Start          Mark End        Relocate Start      Relocate End           High               Low         
[1235.237s][info][gc,heap     ] GC(159) y:  Capacity:     8192M (100%)       8192M (100%)       8192M (100%)       8192M (100%)       8192M (100%)       8192M (100%)   
[1235.237s][info][gc,heap     ] GC(159) y:      Free:      668M (8%)          156M (2%)          454M (6%)         5700M (70%)        5700M (70%)         154M (2%)     
[1235.237s][info][gc,heap     ] GC(159) y:      Used:     7524M (92%)        8036M (98%)        7738M (94%)        2492M (30%)        8038M (98%)        2492M (30%)    
[1235.237s][info][gc,heap     ] GC(159) y: Young Generation Statistics:
[1235.237s][info][gc,heap     ] GC(159) y:                Mark Start          Mark End        Relocate Start      Relocate End    
[1235.237s][info][gc,heap     ] GC(159) y:      Used:     6974M (85%)        7486M (91%)        7188M (88%)        1942M (24%)    
[1235.237s][info][gc,heap     ] GC(159) y:      Live:         -               159M (2%)          159M (2%)          159M (2%)     
[1235.237s][info][gc,heap     ] GC(159) y:   Garbage:         -              6814M (83%)        5342M (65%)           6M (0%)     
[1235.237s][info][gc,heap     ] GC(159) y: Allocated:         -               512M (6%)         1686M (21%)        1776M (22%)    
[1235.237s][info][gc,heap     ] GC(159) y: Reclaimed:         -                  -              1472M (18%)        6808M (83%)    
[1235.237s][info][gc,heap     ] GC(159) y:  Promoted:         -                  -                 0M (0%)            0M (0%)     
[1235.237s][info][gc,heap     ] GC(159) y: Compacted:         -                  -                  -               111M (1%)     
[1235.237s][info][gc,phases   ] GC(159) y: Young Generation 7524M(92%)->2492M(30%) 1.065s
[1235.237s][info][gc          ] GC(159) Minor Collection (Allocation Rate) 7524M(92%)->2492M(30%) 1.065s
[1236.027s][info][gc          ] GC(160) Minor Collection (Allocation Rate)
[1236.027s][info][gc,task     ] GC(160) Using 1 Workers for Young Generation
[1236.029s][info][gc,phases   ] GC(160) y: Young Generation
[1236.029s][info][gc,phases   ] GC(160) y: Pause Mark Start 0.012ms
[1236.308s][info][gc,phases   ] GC(160) y: Concurrent Mark 279.068ms
[1236.308s][info][gc,phases   ] GC(160) y: Pause Mark End 0.009ms
[1236.308s][info][gc,phases   ] GC(160) y: Concurrent Mark Free 0.000ms
[1236.308s][info][gc,phases   ] GC(160) y: Concurrent Reset Relocation Set 0.239ms
[1236.311s][info][gc,reloc    ] GC(160) y: Using tenuring threshold: 5 (Computed)
[1236.335s][info][gc,phases   ] GC(160) y: Concurrent Select Relocation Set 26.438ms
[1236.335s][info][gc,phases   ] GC(160) y: Pause Relocate Start 0.013ms
[1236.456s][info][gc,phases   ] GC(160) y: Concurrent Relocate 120.732ms
[1236.456s][info][gc,alloc    ] GC(160) y:                         Mark Start        Mark End      Relocate Start    Relocate End   
[1236.456s][info][gc,alloc    ] GC(160) y: Allocation Stalls:          0                0                0                0         
[1236.456s][info][gc,load     ] GC(160) y: Load: 0.00 (0%) / 0.00 (0%) / 0.00 (0%)
[1236.456s][info][gc,mmu      ] GC(160) y: MMU: 2ms/76.4%, 5ms/90.6%, 10ms/95.3%, 20ms/97.6%, 50ms/99.1%, 100ms/99.5%
[1236.456s][info][gc,marking  ] GC(160) y: Mark: 1 stripe(s), 2 proactive flush(es), 1 terminate flush(es), 0 completion(s), 0 continuation(s) 
[1236.456s][info][gc,marking  ] GC(160) y: Mark Stack Usage: 32M
[1236.456s][info][gc,nmethod  ] GC(160) y: NMethods: 6749 registered, 464 unregistered
[1236.456s][info][gc,metaspace] GC(160) y: Metaspace: 131M used, 133M committed, 1152M reserved
[1236.456s][info][gc,reloc    ] GC(160) y:                        Candidates     Selected     In-Place         Size        Empty    Relocated 
[1236.456s][info][gc,reloc    ] GC(160) y: Small Pages:                 1305          875            0        2610M         624M         107M 
[1236.456s][info][gc,reloc    ] GC(160) y: Medium Pages:                   0            0            0           0M           0M           0M 
[1236.456s][info][gc,reloc    ] GC(160) y: Large Pages:                    0            0            0           0M           0M           0M 
[1236.456s][info][gc,reloc    ] GC(160) y: Forwarding Usage: 44M
[1236.456s][info][gc,reloc    ] GC(160) y: Age Table:
[1236.456s][info][gc,reloc    ] GC(160) y:                    Live             Garbage             Small              Medium             Large        
[1236.456s][info][gc,reloc    ] GC(160) y: Eden             110M (1%)         2305M (28%)       1208 / 853            0 / 0              0 / 0        
[1236.456s][info][gc,reloc    ] GC(160) y: Survivor 1        71M (1%)           74M (1%)          73 / 10             0 / 0              0 / 0        
[1236.456s][info][gc,reloc    ] GC(160) y: Survivor 2        15M (0%)           16M (0%)          16 / 5              0 / 0              0 / 0        
[1236.456s][info][gc,reloc    ] GC(160) y: Survivor 3         0M (0%)            9M (0%)           5 / 4              0 / 0              0 / 0        
[1236.456s][info][gc,reloc    ] GC(160) y: Survivor 4         0M (0%)            5M (0%)           3 / 3              0 / 0              0 / 0        
[1236.456s][info][gc,heap     ] GC(160) y: Min Capacity: 8192M(100%)
[1236.456s][info][gc,heap     ] GC(160) y: Max Capacity: 8192M(100%)
[1236.456s][info][gc,heap     ] GC(160) y: Soft Max Capacity: 8192M(100%)
[1236.456s][info][gc,heap     ] GC(160) y: Heap Statistics:
[1236.456s][info][gc,heap     ] GC(160) y:                Mark Start          Mark End        Relocate Start      Relocate End           High               Low         
[1236.456s][info][gc,heap     ] GC(160) y:  Capacity:     8192M (100%)       8192M (100%)       8192M (100%)       8192M (100%)       8192M (100%)       8192M (100%)   
[1236.456s][info][gc,heap     ] GC(160) y:      Free:     5032M (61%)        4592M (56%)        5188M (63%)        6764M (83%)        6774M (83%)        4592M (56%)    
[1236.456s][info][gc,heap     ] GC(160) y:      Used:     3160M (39%)        3600M (44%)        3004M (37%)        1428M (17%)        3600M (44%)        1418M (17%)    
[1236.456s][info][gc,heap     ] GC(160) y: Young Generation Statistics:
[1236.456s][info][gc,heap     ] GC(160) y:                Mark Start          Mark End        Relocate Start      Relocate End    
[1236.456s][info][gc,heap     ] GC(160) y:      Used:     2610M (32%)        3050M (37%)        2454M (30%)         878M (11%)    
[1236.456s][info][gc,heap     ] GC(160) y:      Live:         -               198M (2%)          198M (2%)          198M (2%)     
[1236.456s][info][gc,heap     ] GC(160) y:   Garbage:         -              2411M (29%)        1787M (22%)          15M (0%)     
[1236.456s][info][gc,heap     ] GC(160) y: Allocated:         -               440M (5%)          468M (6%)          664M (8%)     
[1236.456s][info][gc,heap     ] GC(160) y: Reclaimed:         -                  -               624M (8%)         2396M (29%)    
[1236.456s][info][gc,heap     ] GC(160) y:  Promoted:         -                  -                 0M (0%)            0M (0%)     
[1236.456s][info][gc,heap     ] GC(160) y: Compacted:         -                  -                  -               141M (2%)     
[1236.456s][info][gc,phases   ] GC(160) y: Young Generation 3160M(39%)->1428M(17%) 0.429s
[1236.456s][info][gc          ] GC(160) Minor Collection (Allocation Rate) 3160M(39%)->1428M(17%) 0.429s
[1237.911s][info][gc          ] GC(161) Minor Collection (Allocation Rate)
[1237.911s][info][gc,task     ] GC(161) Using 1 Workers for Young Generation
[1237.911s][info][gc,phases   ] GC(161) y: Young Generation
[1237.911s][info][gc,phases   ] GC(161) y: Pause Mark Start 0.014ms
[1238.099s][info][gc,phases   ] GC(161) y: Concurrent Mark 188.214ms
[1238.099s][info][gc,phases   ] GC(161) y: Pause Mark End 0.009ms
[1238.099s][info][gc,phases   ] GC(161) y: Concurrent Mark Free 0.000ms
[1238.099s][info][gc,phases   ] GC(161) y: Concurrent Reset Relocation Set 0.092ms
[1238.101s][info][gc,reloc    ] GC(161) y: Using tenuring threshold: 6 (Computed)
[1238.104s][info][gc,phases   ] GC(161) y: Concurrent Select Relocation Set 4.600ms
[1238.104s][info][gc,phases   ] GC(161) y: Pause Relocate Start 0.017ms
[1238.145s][info][gc,phases   ] GC(161) y: Concurrent Relocate 40.538ms
[1238.145s][info][gc,alloc    ] GC(161) y:                         Mark Start        Mark End      Relocate Start    Relocate End   
[1238.145s][info][gc,alloc    ] GC(161) y: Allocation Stalls:          0                0                0                0         
[1238.145s][info][gc,load     ] GC(161) y: Load: 0.00 (0%) / 0.00 (0%) / 0.00 (0%)
[1238.145s][info][gc,mmu      ] GC(161) y: MMU: 2ms/76.4%, 5ms/90.6%, 10ms/95.3%, 20ms/97.6%, 50ms/99.1%, 100ms/99.5%
[1238.145s][info][gc,marking  ] GC(161) y: Mark: 1 stripe(s), 2 proactive flush(es), 1 terminate flush(es), 0 completion(s), 0 continuation(s) 
[1238.145s][info][gc,marking  ] GC(161) y: Mark Stack Usage: 32M
[1238.145s][info][gc,nmethod  ] GC(161) y: NMethods: 6750 registered, 464 unregistered
[1238.145s][info][gc,metaspace] GC(161) y: Metaspace: 131M used, 133M committed, 1152M reserved
[1238.145s][info][gc,reloc    ] GC(161) y:                        Candidates     Selected     In-Place         Size        Empty    Relocated 
[1238.145s][info][gc,reloc    ] GC(161) y: Small Pages:                 1133          601            0        2266M         904M          42M 
[1238.145s][info][gc,reloc    ] GC(161) y: Medium Pages:                   0            0            0           0M           0M           0M 
[1238.145s][info][gc,reloc    ] GC(161) y: Large Pages:                    0            0            0           0M           0M           0M 
[1238.145s][info][gc,reloc    ] GC(161) y: Forwarding Usage: 17M
[1238.145s][info][gc,reloc    ] GC(161) y: Age Table:
[1238.145s][info][gc,reloc    ] GC(161) y:                    Live             Garbage             Small              Medium             Large        
[1238.145s][info][gc,reloc    ] GC(161) y: Eden              27M (0%)         1986M (24%)       1007 / 538            0 / 0              0 / 0        
[1238.145s][info][gc,reloc    ] GC(161) y: Survivor 1        83M (1%)           34M (0%)          59 / 6              0 / 0              0 / 0        
[1238.145s][info][gc,reloc    ] GC(161) y: Survivor 2        17M (0%)           74M (1%)          46 / 39             0 / 0              0 / 0        
[1238.145s][info][gc,reloc    ] GC(161) y: Survivor 3         4M (0%)           21M (0%)          13 / 10             0 / 0              0 / 0        
[1238.145s][info][gc,reloc    ] GC(161) y: Survivor 4         0M (0%)           13M (0%)           7 / 7              0 / 0              0 / 0        
[1238.145s][info][gc,reloc    ] GC(161) y: Survivor 5         0M (0%)            1M (0%)           1 / 1              0 / 0              0 / 0        
[1238.145s][info][gc,heap     ] GC(161) y: Min Capacity: 8192M(100%)
[1238.145s][info][gc,heap     ] GC(161) y: Max Capacity: 8192M(100%)
[1238.145s][info][gc,heap     ] GC(161) y: Soft Max Capacity: 8192M(100%)
[1238.145s][info][gc,heap     ] GC(161) y: Heap Statistics:
[1238.145s][info][gc,heap     ] GC(161) y:                Mark Start          Mark End        Relocate Start      Relocate End           High               Low         
[1238.145s][info][gc,heap     ] GC(161) y:  Capacity:     8192M (100%)       8192M (100%)       8192M (100%)       8192M (100%)       8192M (100%)       8192M (100%)   
[1238.145s][info][gc,heap     ] GC(161) y:      Free:     5376M (66%)        5190M (63%)        6092M (74%)        7238M (88%)        7240M (88%)        5190M (63%)    
[1238.145s][info][gc,heap     ] GC(161) y:      Used:     2816M (34%)        3002M (37%)        2100M (26%)         954M (12%)        3002M (37%)         952M (12%)    
[1238.145s][info][gc,heap     ] GC(161) y: Young Generation Statistics:
[1238.145s][info][gc,heap     ] GC(161) y:                Mark Start          Mark End        Relocate Start      Relocate End    
[1238.145s][info][gc,heap     ] GC(161) y:      Used:     2266M (28%)        2452M (30%)        1550M (19%)         404M (5%)     
[1238.145s][info][gc,heap     ] GC(161) y:      Live:         -               133M (2%)          133M (2%)          133M (2%)     
[1238.145s][info][gc,heap     ] GC(161) y:   Garbage:         -              2132M (26%)        1228M (15%)          18M (0%)     
[1238.145s][info][gc,heap     ] GC(161) y: Allocated:         -               186M (2%)          188M (2%)          252M (3%)     
[1238.145s][info][gc,heap     ] GC(161) y: Reclaimed:         -                  -               904M (11%)        2114M (26%)    
[1238.145s][info][gc,heap     ] GC(161) y:  Promoted:         -                  -                 0M (0%)            0M (0%)     
[1238.145s][info][gc,heap     ] GC(161) y: Compacted:         -                  -                  -                59M (1%)     
[1238.145s][info][gc,phases   ] GC(161) y: Young Generation 2816M(34%)->954M(12%) 0.234s
[1238.145s][info][gc          ] GC(161) Minor Collection (Allocation Rate) 2816M(34%)->954M(12%) 0.234s
[1244.449s][info][gc          ] GC(162) Minor Collection (Allocation Rate)
[1244.449s][info][gc,task     ] GC(162) Using 1 Workers for Young Generation
[1244.449s][info][gc,phases   ] GC(162) y: Young Generation
[1244.449s][info][gc,phases   ] GC(162) y: Pause Mark Start 0.012ms
[1244.600s][info][gc,phases   ] GC(162) y: Concurrent Mark 150.018ms
[1244.600s][info][gc,phases   ] GC(162) y: Pause Mark End 0.009ms
[1244.600s][info][gc,phases   ] GC(162) y: Concurrent Mark Free 0.000ms
[1244.600s][info][gc,phases   ] GC(162) y: Concurrent Reset Relocation Set 0.049ms
[1244.602s][info][gc,reloc    ] GC(162) y: Using tenuring threshold: 7 (Computed)
[1244.611s][info][gc,phases   ] GC(162) y: Concurrent Select Relocation Set 11.693ms
[1244.611s][info][gc,phases   ] GC(162) y: Pause Relocate Start 0.009ms
[1244.690s][info][gc,phases   ] GC(162) y: Concurrent Relocate 78.662ms
[1244.690s][info][gc,alloc    ] GC(162) y:                         Mark Start        Mark End      Relocate Start    Relocate End   
[1244.690s][info][gc,alloc    ] GC(162) y: Allocation Stalls:          0                0                0                0         
[1244.690s][info][gc,load     ] GC(162) y: Load: 0.00 (0%) / 0.00 (0%) / 0.00 (0%)
[1244.690s][info][gc,mmu      ] GC(162) y: MMU: 2ms/76.4%, 5ms/90.6%, 10ms/95.3%, 20ms/97.6%, 50ms/99.1%, 100ms/99.5%
[1244.690s][info][gc,marking  ] GC(162) y: Mark: 1 stripe(s), 2 proactive flush(es), 1 terminate flush(es), 0 completion(s), 0 continuation(s) 
[1244.690s][info][gc,marking  ] GC(162) y: Mark Stack Usage: 32M
[1244.690s][info][gc,nmethod  ] GC(162) y: NMethods: 6756 registered, 464 unregistered
[1244.690s][info][gc,metaspace] GC(162) y: Metaspace: 131M used, 133M committed, 1152M reserved
[1244.690s][info][gc,reloc    ] GC(162) y:                        Candidates     Selected     In-Place         Size        Empty    Relocated 
[1244.690s][info][gc,reloc    ] GC(162) y: Small Pages:                 2185         1675            0        4370M         880M          82M 
[1244.690s][info][gc,reloc    ] GC(162) y: Medium Pages:                   0            0            0           0M           0M           0M 
[1244.690s][info][gc,reloc    ] GC(162) y: Large Pages:                    0            0            0           0M           0M           0M 
[1244.690s][info][gc,reloc    ] GC(162) y: Forwarding Usage: 32M
[1244.690s][info][gc,reloc    ] GC(162) y: Age Table:
[1244.690s][info][gc,reloc    ] GC(162) y:                    Live             Garbage             Small              Medium             Large        
[1244.690s][info][gc,reloc    ] GC(162) y: Eden              71M (1%)         4100M (50%)       2086 / 1608           0 / 0              0 / 0        
[1244.690s][info][gc,reloc    ] GC(162) y: Survivor 1        15M (0%)           18M (0%)          17 / 8              0 / 0              0 / 0        
[1244.690s][info][gc,reloc    ] GC(162) y: Survivor 2        26M (0%)           81M (1%)          54 / 36             0 / 0              0 / 0        
[1244.690s][info][gc,reloc    ] GC(162) y: Survivor 3         3M (0%)           20M (0%)          12 / 10             0 / 0              0 / 0        
[1244.690s][info][gc,reloc    ] GC(162) y: Survivor 4         2M (0%)            9M (0%)           6 / 4              0 / 0              0 / 0        
[1244.690s][info][gc,reloc    ] GC(162) y: Survivor 5         0M (0%)           11M (0%)           6 / 6              0 / 0              0 / 0        
[1244.690s][info][gc,reloc    ] GC(162) y: Survivor 6         0M (0%)            7M (0%)           4 / 3              0 / 0              0 / 0        
[1244.690s][info][gc,heap     ] GC(162) y: Min Capacity: 8192M(100%)
[1244.690s][info][gc,heap     ] GC(162) y: Max Capacity: 8192M(100%)
[1244.690s][info][gc,heap     ] GC(162) y: Soft Max Capacity: 8192M(100%)
[1244.690s][info][gc,heap     ] GC(162) y: Heap Statistics:
[1244.691s][info][gc,heap     ] GC(162) y:                Mark Start          Mark End        Relocate Start      Relocate End           High               Low         
[1244.691s][info][gc,heap     ] GC(162) y:  Capacity:     8192M (100%)       8192M (100%)       8192M (100%)       8192M (100%)       8192M (100%)       8192M (100%)   
[1244.691s][info][gc,heap     ] GC(162) y:      Free:     3272M (40%)        3160M (39%)        4036M (49%)        7266M (89%)        7266M (89%)        3160M (39%)    
[1244.691s][info][gc,heap     ] GC(162) y:      Used:     4920M (60%)        5032M (61%)        4156M (51%)         926M (11%)        5032M (61%)         926M (11%)    
[1244.691s][info][gc,heap     ] GC(162) y: Young Generation Statistics:
[1244.691s][info][gc,heap     ] GC(162) y:                Mark Start          Mark End        Relocate Start      Relocate End    
[1244.691s][info][gc,heap     ] GC(162) y:      Used:     4370M (53%)        4482M (55%)        3606M (44%)         376M (5%)     
[1244.691s][info][gc,heap     ] GC(162) y:      Live:         -               120M (1%)          120M (1%)          120M (1%)     
[1244.691s][info][gc,heap     ] GC(162) y:   Garbage:         -              4249M (52%)        3369M (41%)           4M (0%)     
[1244.691s][info][gc,heap     ] GC(162) y: Allocated:         -               112M (1%)          116M (1%)          251M (3%)     
[1244.691s][info][gc,heap     ] GC(162) y: Reclaimed:         -                  -               880M (11%)        4245M (52%)    
[1244.691s][info][gc,heap     ] GC(162) y:  Promoted:         -                  -                 0M (0%)            0M (0%)     
[1244.691s][info][gc,heap     ] GC(162) y: Compacted:         -                  -                  -               104M (1%)     
[1244.691s][info][gc,phases   ] GC(162) y: Young Generation 4920M(60%)->926M(11%) 0.241s
[1244.691s][info][gc          ] GC(162) Minor Collection (Allocation Rate) 4920M(60%)->926M(11%) 0.241s
[1252.684s][info][gc          ] GC(163) Minor Collection (Allocation Rate)
[1252.684s][info][gc,task     ] GC(163) Using 1 Workers for Young Generation
[1252.684s][info][gc,phases   ] GC(163) y: Young Generation
[1252.684s][info][gc,phases   ] GC(163) y: Pause Mark Start 0.264ms
[1252.831s][info][gc,phases   ] GC(163) y: Concurrent Mark 146.935ms
[1252.831s][info][gc,phases   ] GC(163) y: Pause Mark End 0.008ms
[1252.831s][info][gc,phases   ] GC(163) y: Concurrent Mark Free 0.000ms
[1252.831s][info][gc,phases   ] GC(163) y: Concurrent Reset Relocation Set 0.128ms
[1252.833s][info][gc,reloc    ] GC(163) y: Using tenuring threshold: 8 (Computed)
[1252.836s][info][gc,phases   ] GC(163) y: Concurrent Select Relocation Set 5.071ms
[1252.837s][info][gc,phases   ] GC(163) y: Pause Relocate Start 0.010ms
[1252.909s][info][gc,phases   ] GC(163) y: Concurrent Relocate 72.737ms
[1252.909s][info][gc,alloc    ] GC(163) y:                         Mark Start        Mark End      Relocate Start    Relocate End   
[1252.909s][info][gc,alloc    ] GC(163) y: Allocation Stalls:          0                0                0                0         
[1252.909s][info][gc,load     ] GC(163) y: Load: 0.00 (0%) / 0.00 (0%) / 0.00 (0%)
[1252.909s][info][gc,mmu      ] GC(163) y: MMU: 2ms/76.4%, 5ms/90.6%, 10ms/95.3%, 20ms/97.6%, 50ms/99.1%, 100ms/99.5%
[1252.909s][info][gc,marking  ] GC(163) y: Mark: 1 stripe(s), 2 proactive flush(es), 1 terminate flush(es), 0 completion(s), 0 continuation(s) 
[1252.909s][info][gc,marking  ] GC(163) y: Mark Stack Usage: 32M
[1252.909s][info][gc,nmethod  ] GC(163) y: NMethods: 6777 registered, 464 unregistered
[1252.909s][info][gc,metaspace] GC(163) y: Metaspace: 131M used, 133M committed, 1152M reserved
[1252.909s][info][gc,reloc    ] GC(163) y:                        Candidates     Selected     In-Place         Size        Empty    Relocated 
[1252.909s][info][gc,reloc    ] GC(163) y: Small Pages:                 3173         2394            0        6346M        1424M          86M 
[1252.910s][info][gc,reloc    ] GC(163) y: Medium Pages:                   0            0            0           0M           0M           0M 
[1252.910s][info][gc,reloc    ] GC(163) y: Large Pages:                    0            0            0           0M           0M           0M 
[1252.910s][info][gc,reloc    ] GC(163) y: Forwarding Usage: 31M
[1252.910s][info][gc,reloc    ] GC(163) y: Age Table:
[1252.910s][info][gc,reloc    ] GC(163) y:                    Live             Garbage             Small              Medium             Large        
[1252.910s][info][gc,reloc    ] GC(163) y: Eden              85M (1%)         6084M (74%)       3085 / 2330           0 / 0              0 / 0        
[1252.910s][info][gc,reloc    ] GC(163) y: Survivor 1        22M (0%)           61M (1%)          42 / 27             0 / 0              0 / 0        
[1252.910s][info][gc,reloc    ] GC(163) y: Survivor 2         2M (0%)           23M (0%)          13 / 10             0 / 0              0 / 0        
[1252.910s][info][gc,reloc    ] GC(163) y: Survivor 3         0M (0%)           35M (0%)          18 / 16             0 / 0              0 / 0        
[1252.910s][info][gc,reloc    ] GC(163) y: Survivor 4         1M (0%)            8M (0%)           5 / 3              0 / 0              0 / 0        
[1252.910s][info][gc,reloc    ] GC(163) y: Survivor 5         2M (0%)            5M (0%)           4 / 3              0 / 0              0 / 0        
[1252.910s][info][gc,reloc    ] GC(163) y: Survivor 6         0M (0%)            9M (0%)           5 / 4              0 / 0              0 / 0        
[1252.910s][info][gc,reloc    ] GC(163) y: Survivor 7         0M (0%)            1M (0%)           1 / 1              0 / 0              0 / 0        
[1252.910s][info][gc,heap     ] GC(163) y: Min Capacity: 8192M(100%)
[1252.910s][info][gc,heap     ] GC(163) y: Max Capacity: 8192M(100%)
[1252.910s][info][gc,heap     ] GC(163) y: Soft Max Capacity: 8192M(100%)
[1252.910s][info][gc,heap     ] GC(163) y: Heap Statistics:
[1252.910s][info][gc,heap     ] GC(163) y:                Mark Start          Mark End        Relocate Start      Relocate End           High               Low         
[1252.910s][info][gc,heap     ] GC(163) y:  Capacity:     8192M (100%)       8192M (100%)       8192M (100%)       8192M (100%)       8192M (100%)       8192M (100%)   
[1252.910s][info][gc,heap     ] GC(163) y:      Free:     1296M (16%)        1184M (14%)        2604M (32%)        7308M (89%)        7308M (89%)        1184M (14%)    
[1252.910s][info][gc,heap     ] GC(163) y:      Used:     6896M (84%)        7008M (86%)        5588M (68%)         884M (11%)        7008M (86%)         884M (11%)    
[1252.910s][info][gc,heap     ] GC(163) y: Young Generation Statistics:
[1252.910s][info][gc,heap     ] GC(163) y:                Mark Start          Mark End        Relocate Start      Relocate End    
[1252.910s][info][gc,heap     ] GC(163) y:      Used:     6346M (77%)        6458M (79%)        5038M (61%)         334M (4%)     
[1252.910s][info][gc,heap     ] GC(163) y:      Live:         -               116M (1%)          116M (1%)          116M (1%)     
[1252.910s][info][gc,heap     ] GC(163) y:   Garbage:         -              6229M (76%)        4805M (59%)           2M (0%)     
[1252.910s][info][gc,heap     ] GC(163) y: Allocated:         -               112M (1%)          116M (1%)          214M (3%)     
[1252.910s][info][gc,heap     ] GC(163) y: Reclaimed:         -                  -              1424M (17%)        6226M (76%)    
[1252.910s][info][gc,heap     ] GC(163) y:  Promoted:         -                  -                 0M (0%)            0M (0%)     
[1252.910s][info][gc,heap     ] GC(163) y: Compacted:         -                  -                  -               103M (1%)     
[1252.910s][info][gc,phases   ] GC(163) y: Young Generation 6896M(84%)->884M(11%) 0.226s
[1252.910s][info][gc          ] GC(163) Minor Collection (Allocation Rate) 6896M(84%)->884M(11%) 0.226s
[1258.696s][info][gc          ] GC(164) Minor Collection (Allocation Rate)
[1258.696s][info][gc,task     ] GC(164) Using 1 Workers for Young Generation
[1258.696s][info][gc,phases   ] GC(164) y: Young Generation
[1258.696s][info][gc,phases   ] GC(164) y: Pause Mark Start 0.013ms
[1258.834s][info][gc,phases   ] GC(164) y: Concurrent Mark 138.015ms
[1258.834s][info][gc,phases   ] GC(164) y: Pause Mark End 0.009ms
[1258.834s][info][gc,phases   ] GC(164) y: Concurrent Mark Free 0.000ms
[1258.834s][info][gc,phases   ] GC(164) y: Concurrent Reset Relocation Set 0.220ms
[1258.837s][info][gc,reloc    ] GC(164) y: Using tenuring threshold: 7 (Computed)
[1258.850s][info][gc,phases   ] GC(164) y: Concurrent Select Relocation Set 16.072ms
[1258.851s][info][gc,phases   ] GC(164) y: Pause Relocate Start 0.009ms
[1258.941s][info][gc,phases   ] GC(164) y: Concurrent Relocate 90.159ms
[1258.941s][info][gc,alloc    ] GC(164) y:                         Mark Start        Mark End      Relocate Start    Relocate End   
[1258.941s][info][gc,alloc    ] GC(164) y: Allocation Stalls:          0                0                0                0         
[1258.941s][info][gc,load     ] GC(164) y: Load: 0.00 (0%) / 0.00 (0%) / 0.00 (0%)
[1258.941s][info][gc,mmu      ] GC(164) y: MMU: 2ms/76.4%, 5ms/90.6%, 10ms/95.3%, 20ms/97.6%, 50ms/99.1%, 100ms/99.5%
[1258.941s][info][gc,marking  ] GC(164) y: Mark: 1 stripe(s), 2 proactive flush(es), 1 terminate flush(es), 0 completion(s), 0 continuation(s) 
[1258.941s][info][gc,marking  ] GC(164) y: Mark Stack Usage: 32M
[1258.941s][info][gc,nmethod  ] GC(164) y: NMethods: 6813 registered, 464 unregistered
[1258.941s][info][gc,metaspace] GC(164) y: Metaspace: 131M used, 133M committed, 1152M reserved
[1258.941s][info][gc,reloc    ] GC(164) y:                        Candidates     Selected     In-Place         Size        Empty    Relocated 
[1258.941s][info][gc,reloc    ] GC(164) y: Small Pages:                 3068         1681            0        6136M        2644M          98M 
[1258.941s][info][gc,reloc    ] GC(164) y: Medium Pages:                   0            0            0           0M           0M           0M 
[1258.941s][info][gc,reloc    ] GC(164) y: Large Pages:                    0            0            0           0M           0M           0M 
[1258.941s][info][gc,reloc    ] GC(164) y: Forwarding Usage: 32M
[1258.941s][info][gc,reloc    ] GC(164) y: Age Table:
[1258.941s][info][gc,reloc    ] GC(164) y:                    Live             Garbage             Small              Medium             Large        
[1258.941s][info][gc,reloc    ] GC(164) y: Eden             103M (1%)         5860M (72%)       2982 / 1607           0 / 0              0 / 0        
[1258.941s][info][gc,reloc    ] GC(164) y: Survivor 1         3M (0%)           90M (1%)          47 / 42             0 / 0              0 / 0        
[1258.941s][info][gc,reloc    ] GC(164) y: Survivor 2         1M (0%)           30M (0%)          16 / 14             0 / 0              0 / 0        
[1258.941s][info][gc,reloc    ] GC(164) y: Survivor 3         0M (0%)            9M (0%)           5 / 4              0 / 0              0 / 0        
[1258.941s][info][gc,reloc    ] GC(164) y: Survivor 4         0M (0%)            3M (0%)           2 / 2              0 / 0              0 / 0        
[1258.941s][info][gc,reloc    ] GC(164) y: Survivor 5         0M (0%)            9M (0%)           5 / 4              0 / 0              0 / 0        
[1258.941s][info][gc,reloc    ] GC(164) y: Survivor 6         2M (0%)            5M (0%)           4 / 3              0 / 0              0 / 0        
[1258.941s][info][gc,reloc    ] GC(164) y: Survivor 7         0M (0%)            7M (0%)           4 / 2              0 / 0              0 / 0        
[1258.941s][info][gc,reloc    ] GC(164) y: Survivor 8         0M (0%)            5M (0%)           3 / 3              0 / 0              0 / 0        
[1258.941s][info][gc,heap     ] GC(164) y: Min Capacity: 8192M(100%)
[1258.941s][info][gc,heap     ] GC(164) y: Max Capacity: 8192M(100%)
[1258.941s][info][gc,heap     ] GC(164) y: Soft Max Capacity: 8192M(100%)
[1258.941s][info][gc,heap     ] GC(164) y: Heap Statistics:
[1258.941s][info][gc,heap     ] GC(164) y:                Mark Start          Mark End        Relocate Start      Relocate End           High               Low         
[1258.941s][info][gc,heap     ] GC(164) y:  Capacity:     8192M (100%)       8192M (100%)       8192M (100%)       8192M (100%)       8192M (100%)       8192M (100%)   
[1258.941s][info][gc,heap     ] GC(164) y:      Free:     1506M (18%)        1370M (17%)        4006M (49%)        7288M (89%)        7290M (89%)        1370M (17%)    
[1258.941s][info][gc,heap     ] GC(164) y:      Used:     6686M (82%)        6822M (83%)        4186M (51%)         904M (11%)        6822M (83%)         902M (11%)    
[1258.941s][info][gc,heap     ] GC(164) y: Young Generation Statistics:
[1258.941s][info][gc,heap     ] GC(164) y:                Mark Start          Mark End        Relocate Start      Relocate End    
[1258.941s][info][gc,heap     ] GC(164) y:      Used:     6136M (75%)        6272M (77%)        3636M (44%)         350M (4%)     
[1258.941s][info][gc,heap     ] GC(164) y:      Live:         -               113M (1%)          113M (1%)          112M (1%)     
[1258.941s][info][gc,heap     ] GC(164) y:   Garbage:         -              6022M (74%)        3378M (41%)           0M (0%)     
[1258.941s][info][gc,heap     ] GC(164) y: Allocated:         -               136M (2%)          144M (2%)          236M (3%)     
[1258.941s][info][gc,heap     ] GC(164) y: Reclaimed:         -                  -              2644M (32%)        6022M (74%)    
[1258.941s][info][gc,heap     ] GC(164) y:  Promoted:         -                  -                 0M (0%)            0M (0%)     
[1258.941s][info][gc,heap     ] GC(164) y: Compacted:         -                  -                  -               111M (1%)     
[1258.941s][info][gc,phases   ] GC(164) y: Young Generation 6686M(82%)->904M(11%) 0.245s
[1258.941s][info][gc          ] GC(164) Minor Collection (Allocation Rate) 6686M(82%)->904M(11%) 0.245s
[1269.917s][info][gc          ] GC(165) Minor Collection (Allocation Rate)
[1269.917s][info][gc,task     ] GC(165) Using 1 Workers for Young Generation
[1269.917s][info][gc,phases   ] GC(165) y: Young Generation
[1269.917s][info][gc,phases   ] GC(165) y: Pause Mark Start 0.012ms
[1270.060s][info][gc,phases   ] GC(165) y: Concurrent Mark 143.453ms
[1270.060s][info][gc,phases   ] GC(165) y: Pause Mark End 0.009ms
[1270.060s][info][gc,phases   ] GC(165) y: Concurrent Mark Free 0.000ms
[1270.061s][info][gc,phases   ] GC(165) y: Concurrent Reset Relocation Set 0.159ms
[1270.063s][info][gc,reloc    ] GC(165) y: Using tenuring threshold: 4 (Computed)
[1270.069s][info][gc,phases   ] GC(165) y: Concurrent Select Relocation Set 7.949ms
[1270.069s][info][gc,phases   ] GC(165) y: Pause Relocate Start 0.009ms
[1270.212s][info][gc,phases   ] GC(165) y: Concurrent Relocate 143.202ms
[1270.212s][info][gc,alloc    ] GC(165) y:                         Mark Start        Mark End      Relocate Start    Relocate End   
[1270.212s][info][gc,alloc    ] GC(165) y: Allocation Stalls:          0                0                0                0         
[1270.212s][info][gc,load     ] GC(165) y: Load: 0.00 (0%) / 0.00 (0%) / 0.00 (0%)
[1270.212s][info][gc,mmu      ] GC(165) y: MMU: 2ms/76.4%, 5ms/90.6%, 10ms/95.3%, 20ms/97.6%, 50ms/99.1%, 100ms/99.5%
[1270.212s][info][gc,marking  ] GC(165) y: Mark: 1 stripe(s), 2 proactive flush(es), 1 terminate flush(es), 0 completion(s), 0 continuation(s) 
[1270.212s][info][gc,marking  ] GC(165) y: Mark Stack Usage: 32M
[1270.212s][info][gc,nmethod  ] GC(165) y: NMethods: 6828 registered, 464 unregistered
[1270.212s][info][gc,metaspace] GC(165) y: Metaspace: 131M used, 133M committed, 1152M reserved
[1270.212s][info][gc,reloc    ] GC(165) y:                        Candidates     Selected     In-Place         Size        Empty    Relocated 
[1270.212s][info][gc,reloc    ] GC(165) y: Small Pages:                 3336         2127            0        6672M        2294M          85M 
[1270.212s][info][gc,reloc    ] GC(165) y: Medium Pages:                   0            0            0           0M           0M           0M 
[1270.212s][info][gc,reloc    ] GC(165) y: Large Pages:                    0            0            0           0M           0M           0M 
[1270.212s][info][gc,reloc    ] GC(165) y: Forwarding Usage: 32M
[1270.212s][info][gc,reloc    ] GC(165) y: Age Table:
[1270.212s][info][gc,reloc    ] GC(165) y:                    Live             Garbage             Small              Medium             Large        
[1270.212s][info][gc,reloc    ] GC(165) y: Eden              79M (1%)         6428M (78%)       3254 / 2065           0 / 0              0 / 0        
[1270.212s][info][gc,reloc    ] GC(165) y: Survivor 1        24M (0%)           85M (1%)          55 / 41             0 / 0              0 / 0        
[1270.212s][info][gc,reloc    ] GC(165) y: Survivor 2         0M (0%)           11M (0%)           6 / 4              0 / 0              0 / 0        
[1270.212s][info][gc,reloc    ] GC(165) y: Survivor 3         0M (0%)            7M (0%)           4 / 3              0 / 0              0 / 0        
[1270.212s][info][gc,reloc    ] GC(165) y: Survivor 4         0M (0%)            9M (0%)           5 / 4              0 / 0              0 / 0        
[1270.212s][info][gc,reloc    ] GC(165) y: Survivor 5         0M (0%)            7M (0%)           4 / 4              0 / 0              0 / 0        
[1270.212s][info][gc,reloc    ] GC(165) y: Survivor 6         0M (0%)            7M (0%)           4 / 3              0 / 0              0 / 0        
[1270.212s][info][gc,reloc    ] GC(165) y: Survivor 7         2M (0%)            5M (0%)           4 / 3              0 / 0              0 / 0        
[1270.212s][info][gc,heap     ] GC(165) y: Min Capacity: 8192M(100%)
[1270.212s][info][gc,heap     ] GC(165) y: Max Capacity: 8192M(100%)
[1270.212s][info][gc,heap     ] GC(165) y: Soft Max Capacity: 8192M(100%)
[1270.212s][info][gc,heap     ] GC(165) y: Heap Statistics:
[1270.212s][info][gc,heap     ] GC(165) y:                Mark Start          Mark End        Relocate Start      Relocate End           High               Low         
[1270.212s][info][gc,heap     ] GC(165) y:  Capacity:     8192M (100%)       8192M (100%)       8192M (100%)       8192M (100%)       8192M (100%)       8192M (100%)   
[1270.212s][info][gc,heap     ] GC(165) y:      Free:      966M (12%)         840M (10%)        3128M (38%)        7294M (89%)        7294M (89%)         838M (10%)    
[1270.212s][info][gc,heap     ] GC(165) y:      Used:     7226M (88%)        7352M (90%)        5064M (62%)         898M (11%)        7354M (90%)         898M (11%)    
[1270.212s][info][gc,heap     ] GC(165) y: Young Generation Statistics:
[1270.212s][info][gc,heap     ] GC(165) y:                Mark Start          Mark End        Relocate Start      Relocate End    
[1270.212s][info][gc,heap     ] GC(165) y:      Used:     6672M (81%)        6798M (83%)        4510M (55%)         338M (4%)     
[1270.212s][info][gc,heap     ] GC(165) y:      Live:         -               108M (1%)          108M (1%)          104M (1%)     
[1270.212s][info][gc,heap     ] GC(165) y:   Garbage:         -              6563M (80%)        4269M (52%)           0M (0%)     
[1270.212s][info][gc,heap     ] GC(165) y: Allocated:         -               126M (2%)          132M (2%)          233M (3%)     
[1270.212s][info][gc,heap     ] GC(165) y: Reclaimed:         -                  -              2294M (28%)        6563M (80%)    
[1270.212s][info][gc,heap     ] GC(165) y:  Promoted:         -                  -                 0M (0%)            3M (0%)     
[1270.213s][info][gc,heap     ] GC(165) y: Compacted:         -                  -                  -               102M (1%)     
[1270.213s][info][gc,phases   ] GC(165) y: Young Generation 7226M(88%)->898M(11%) 0.295s
[1270.213s][info][gc          ] GC(165) Minor Collection (Allocation Rate) 7226M(88%)->898M(11%) 0.296s
[1275.873s][info][gc          ] GC(166) Major Collection (Proactive)
[1275.873s][info][gc,task     ] GC(166) Using 1 Workers for Young Generation
[1275.873s][info][gc,task     ] GC(166) Using 1 Workers for Old Generation
[1275.873s][info][gc,phases   ] GC(166) Y: Young Generation
[1275.874s][info][gc,phases   ] GC(166) Y: Pause Mark Start (Major) 0.013ms
[1276.073s][info][gc,phases   ] GC(166) Y: Concurrent Mark 199.276ms
[1276.073s][info][gc,phases   ] GC(166) Y: Pause Mark End 0.009ms
[1276.073s][info][gc,phases   ] GC(166) Y: Concurrent Mark Free 0.000ms
[1276.073s][info][gc,phases   ] GC(166) Y: Concurrent Reset Relocation Set 0.247ms
[1276.075s][info][gc,reloc    ] GC(166) Y: Using tenuring threshold: 2 (Computed)
[1276.099s][info][gc,phases   ] GC(166) Y: Concurrent Select Relocation Set 25.778ms
[1276.099s][info][gc,phases   ] GC(166) Y: Pause Relocate Start 0.013ms
[1276.192s][info][gc,phases   ] GC(166) Y: Concurrent Relocate 92.952ms
[1276.192s][info][gc,alloc    ] GC(166) Y:                         Mark Start        Mark End      Relocate Start    Relocate End   
[1276.192s][info][gc,alloc    ] GC(166) Y: Allocation Stalls:          0                0                0                0         
[1276.192s][info][gc,load     ] GC(166) Y: Load: 0.00 (0%) / 0.00 (0%) / 0.00 (0%)
[1276.192s][info][gc,mmu      ] GC(166) Y: MMU: 2ms/76.4%, 5ms/90.6%, 10ms/95.3%, 20ms/97.6%, 50ms/99.1%, 100ms/99.5%
[1276.192s][info][gc,marking  ] GC(166) Y: Mark: 1 stripe(s), 2 proactive flush(es), 1 terminate flush(es), 0 completion(s), 0 continuation(s) 
[1276.192s][info][gc,marking  ] GC(166) Y: Mark Stack Usage: 32M
[1276.192s][info][gc,nmethod  ] GC(166) Y: NMethods: 6832 registered, 464 unregistered
[1276.192s][info][gc,metaspace] GC(166) Y: Metaspace: 131M used, 133M committed, 1152M reserved
[1276.192s][info][gc,reloc    ] GC(166) Y:                        Candidates     Selected     In-Place         Size        Empty    Relocated 
[1276.192s][info][gc,reloc    ] GC(166) Y: Small Pages:                 2504         1622            0        5008M        1598M          92M 
[1276.192s][info][gc,reloc    ] GC(166) Y: Medium Pages:                   0            0            0           0M           0M           0M 
[1276.192s][info][gc,reloc    ] GC(166) Y: Large Pages:                    0            0            0           0M           0M           0M 
[1276.192s][info][gc,reloc    ] GC(166) Y: Forwarding Usage: 35M
[1276.192s][info][gc,reloc    ] GC(166) Y: Age Table:
[1276.192s][info][gc,reloc    ] GC(166) Y:                    Live             Garbage             Small              Medium             Large        
[1276.192s][info][gc,reloc    ] GC(166) Y: Eden              99M (1%)         4774M (58%)       2437 / 1581           0 / 0              0 / 0        
[1276.192s][info][gc,reloc    ] GC(166) Y: Survivor 1        38M (0%)           53M (1%)          46 / 21             0 / 0              0 / 0        
[1276.192s][info][gc,reloc    ] GC(166) Y: Survivor 2         4M (0%)           27M (0%)          16 / 15             0 / 0              0 / 0        
[1276.192s][info][gc,reloc    ] GC(166) Y: Survivor 3         0M (0%)            1M (0%)           1 / 1              0 / 0              0 / 0        
[1276.192s][info][gc,reloc    ] GC(166) Y: Survivor 4         0M (0%)            7M (0%)           4 / 4              0 / 0              0 / 0        
[1276.192s][info][gc,heap     ] GC(166) Y: Min Capacity: 8192M(100%)
[1276.192s][info][gc,heap     ] GC(166) Y: Max Capacity: 8192M(100%)
[1276.192s][info][gc,heap     ] GC(166) Y: Soft Max Capacity: 8192M(100%)
[1276.192s][info][gc,heap     ] GC(166) Y: Heap Statistics:
[1276.192s][info][gc,heap     ] GC(166) Y:                Mark Start          Mark End        Relocate Start      Relocate End           High               Low         
[1276.192s][info][gc,heap     ] GC(166) Y:  Capacity:     8192M (100%)       8192M (100%)       8192M (100%)       8192M (100%)       8192M (100%)       8192M (100%)   
[1276.193s][info][gc,heap     ] GC(166) Y:      Free:     2624M (32%)        2428M (30%)        4016M (49%)        7192M (88%)        7194M (88%)        2428M (30%)    
[1276.193s][info][gc,heap     ] GC(166) Y:      Used:     5568M (68%)        5764M (70%)        4176M (51%)        1000M (12%)        5764M (70%)         998M (12%)    
[1276.193s][info][gc,heap     ] GC(166) Y: Young Generation Statistics:
[1276.193s][info][gc,heap     ] GC(166) Y:                Mark Start          Mark End        Relocate Start      Relocate End    
[1276.193s][info][gc,heap     ] GC(166) Y:      Used:     5008M (61%)        5204M (64%)        3616M (44%)         426M (5%)     
[1276.193s][info][gc,heap     ] GC(166) Y:      Live:         -               143M (2%)          143M (2%)          138M (2%)     
[1276.193s][info][gc,heap     ] GC(166) Y:   Garbage:         -              4864M (59%)        3266M (40%)           5M (0%)     
[1276.193s][info][gc,heap     ] GC(166) Y: Allocated:         -               196M (2%)          206M (3%)          281M (3%)     
[1276.193s][info][gc,heap     ] GC(166) Y: Reclaimed:         -                  -              1598M (20%)        4859M (59%)    
[1276.193s][info][gc,heap     ] GC(166) Y:  Promoted:         -                  -                 0M (0%)            4M (0%)     
[1276.193s][info][gc,heap     ] GC(166) Y: Compacted:         -                  -                  -               112M (1%)     
[1276.193s][info][gc,phases   ] GC(166) Y: Young Generation 5568M(68%)->1000M(12%) 0.319s
[1276.193s][info][gc,phases   ] GC(166) O: Old Generation
[1276.977s][info][gc,phases   ] GC(166) O: Concurrent Mark 784.027ms
[1276.977s][info][gc,phases   ] GC(166) O: Pause Mark End 0.011ms
[1276.977s][info][gc,phases   ] GC(166) O: Concurrent Mark Free 0.000ms
[1276.992s][info][gc,phases   ] GC(166) O: Concurrent Process Non-Strong 14.828ms
[1276.992s][info][gc,phases   ] GC(166) O: Concurrent Reset Relocation Set 0.005ms
[1276.994s][info][gc,phases   ] GC(166) O: Concurrent Select Relocation Set 2.261ms
[1276.994s][info][gc,task     ] GC(166) O: Using 2 Workers for Old Generation
[1277.060s][info][gc,task     ] GC(166) O: Using 1 Workers for Old Generation
[1277.060s][info][gc,phases   ] GC(166) O: Concurrent Remap Roots 65.756ms
[1277.060s][info][gc,phases   ] GC(166) O: Pause Relocate Start 0.011ms
[1277.063s][info][gc,phases   ] GC(166) O: Concurrent Relocate 2.999ms
[1277.063s][info][gc,alloc    ] GC(166) O:                         Mark Start        Mark End      Relocate Start    Relocate End   
[1277.063s][info][gc,alloc    ] GC(166) O: Allocation Stalls:          0                0                0                0         
[1277.063s][info][gc,load     ] GC(166) O: Load: 0.00 (0%) / 0.00 (0%) / 0.00 (0%)
[1277.063s][info][gc,mmu      ] GC(166) O: MMU: 2ms/76.4%, 5ms/90.6%, 10ms/95.3%, 20ms/97.6%, 50ms/99.1%, 100ms/99.5%
[1277.063s][info][gc,marking  ] GC(166) O: Mark: 1 stripe(s), 2 proactive flush(es), 1 terminate flush(es), 0 completion(s), 0 continuation(s) 
[1277.063s][info][gc,marking  ] GC(166) O: Mark Stack Usage: 32M
[1277.063s][info][gc,nmethod  ] GC(166) O: NMethods: 6570 registered, 727 unregistered
[1277.063s][info][gc,metaspace] GC(166) O: Metaspace: 131M used, 133M committed, 1152M reserved
[1277.063s][info][gc,ref      ] GC(166) O:                       Encountered   Discovered     Enqueued 
[1277.063s][info][gc,ref      ] GC(166) O: Soft References:             6087            0            0 
[1277.063s][info][gc,ref      ] GC(166) O: Weak References:            23426        12793            4 
[1277.063s][info][gc,ref      ] GC(166) O: Final References:              34            0            0 
[1277.063s][info][gc,ref      ] GC(166) O: Phantom References:          1126          904            0 
[1277.063s][info][gc,reloc    ] GC(166) O:                        Candidates     Selected     In-Place         Size        Empty    Relocated 
[1277.063s][info][gc,reloc    ] GC(166) O: Small Pages:                  248            9            0         496M           6M           1M 
[1277.063s][info][gc,reloc    ] GC(166) O: Medium Pages:                   2            0            0          64M           0M           0M 
[1277.063s][info][gc,reloc    ] GC(166) O: Large Pages:                    0            0            0           0M           0M           0M 
[1277.063s][info][gc,reloc    ] GC(166) O: Forwarding Usage: 0M
[1277.063s][info][gc,heap     ] GC(166) O: Min Capacity: 8192M(100%)
[1277.063s][info][gc,heap     ] GC(166) O: Max Capacity: 8192M(100%)
[1277.063s][info][gc,heap     ] GC(166) O: Soft Max Capacity: 8192M(100%)
[1277.063s][info][gc,heap     ] GC(166) O: Heap Statistics:
[1277.063s][info][gc,heap     ] GC(166) O:                Mark Start          Mark End        Relocate Start      Relocate End           High               Low         
[1277.063s][info][gc,heap     ] GC(166) O:  Capacity:     8192M (100%)       8192M (100%)       8192M (100%)       8192M (100%)       8192M (100%)       8192M (100%)   
[1277.063s][info][gc,heap     ] GC(166) O:      Free:     2624M (32%)        6382M (78%)        6258M (76%)        6268M (77%)        7194M (88%)        2428M (30%)    
[1277.063s][info][gc,heap     ] GC(166) O:      Used:     5568M (68%)        1810M (22%)        1934M (24%)        1924M (23%)        5764M (70%)         998M (12%)    
[1277.063s][info][gc,heap     ] GC(166) O: Old Generation Statistics:
[1277.063s][info][gc,heap     ] GC(166) O:                Mark Start          Mark End        Relocate Start      Relocate End    
[1277.063s][info][gc,heap     ] GC(166) O:      Used:      560M (7%)          574M (7%)          568M (7%)          552M (7%)     
[1277.063s][info][gc,heap     ] GC(166) O:      Live:         -               486M (6%)          486M (6%)          486M (6%)     
[1277.063s][info][gc,heap     ] GC(166) O:   Garbage:         -                73M (1%)           67M (1%)           49M (1%)     
[1277.063s][info][gc,heap     ] GC(166) O: Allocated:         -                14M (0%)           14M (0%)           16M (0%)     
[1277.063s][info][gc,heap     ] GC(166) O: Reclaimed:         -                  -                 6M (0%)           24M (0%)     
[1277.063s][info][gc,heap     ] GC(166) O: Compacted:         -                  -                  -                 1M (0%)     
[1277.063s][info][gc,phases   ] GC(166) O: Old Generation 1000M(12%)->1924M(23%) 0.870s
[1277.063s][info][gc          ] GC(166) Major Collection (Proactive) 5568M(68%)->1924M(23%) 1.190s
[1284.034s][info][gc          ] GC(167) Minor Collection (Allocation Rate)
[1284.034s][info][gc,task     ] GC(167) Using 1 Workers for Young Generation
[1284.034s][info][gc,phases   ] GC(167) y: Young Generation
[1284.034s][info][gc,phases   ] GC(167) y: Pause Mark Start 0.165ms
[1284.196s][info][gc,phases   ] GC(167) y: Concurrent Mark 160.985ms
[1284.196s][info][gc,phases   ] GC(167) y: Pause Mark End 0.009ms
[1284.196s][info][gc,phases   ] GC(167) y: Concurrent Mark Free 0.000ms
[1284.196s][info][gc,phases   ] GC(167) y: Concurrent Reset Relocation Set 0.374ms
[1284.201s][info][gc,reloc    ] GC(167) y: Using tenuring threshold: 3 (Computed)
[1284.207s][info][gc,phases   ] GC(167) y: Concurrent Select Relocation Set 10.961ms
[1284.207s][info][gc,phases   ] GC(167) y: Pause Relocate Start 0.010ms
[1284.298s][info][gc,phases   ] GC(167) y: Concurrent Relocate 90.834ms
[1284.298s][info][gc,alloc    ] GC(167) y:                         Mark Start        Mark End      Relocate Start    Relocate End   
[1284.298s][info][gc,alloc    ] GC(167) y: Allocation Stalls:          0                0                0                0         
[1284.298s][info][gc,load     ] GC(167) y: Load: 0.00 (0%) / 0.00 (0%) / 0.00 (0%)
[1284.298s][info][gc,mmu      ] GC(167) y: MMU: 2ms/76.4%, 5ms/90.6%, 10ms/95.3%, 20ms/97.6%, 50ms/99.1%, 100ms/99.5%
[1284.298s][info][gc,marking  ] GC(167) y: Mark: 1 stripe(s), 2 proactive flush(es), 1 terminate flush(es), 0 completion(s), 0 continuation(s) 
[1284.298s][info][gc,marking  ] GC(167) y: Mark Stack Usage: 32M
[1284.298s][info][gc,nmethod  ] GC(167) y: NMethods: 6620 registered, 727 unregistered
[1284.298s][info][gc,metaspace] GC(167) y: Metaspace: 131M used, 133M committed, 1152M reserved
[1284.298s][info][gc,reloc    ] GC(167) y:                        Candidates     Selected     In-Place         Size        Empty    Relocated 
[1284.298s][info][gc,reloc    ] GC(167) y: Small Pages:                 3364         1969            0        6728M        2664M          79M 
[1284.298s][info][gc,reloc    ] GC(167) y: Medium Pages:                   0            0            0           0M           0M           0M 
[1284.298s][info][gc,reloc    ] GC(167) y: Large Pages:                    0            0            0           0M           0M           0M 
[1284.298s][info][gc,reloc    ] GC(167) y: Forwarding Usage: 29M
[1284.298s][info][gc,reloc    ] GC(167) y: Age Table:
[1284.298s][info][gc,reloc    ] GC(167) y:                    Live             Garbage             Small              Medium             Large        
[1284.298s][info][gc,reloc    ] GC(167) y: Eden              75M (1%)         6488M (79%)       3282 / 1912           0 / 0              0 / 0        
[1284.298s][info][gc,reloc    ] GC(167) y: Survivor 1        30M (0%)           79M (1%)          55 / 34             0 / 0              0 / 0        
[1284.298s][info][gc,reloc    ] GC(167) y: Survivor 2         2M (0%)           51M (1%)          27 / 23             0 / 0              0 / 0        
[1284.298s][info][gc,heap     ] GC(167) y: Min Capacity: 8192M(100%)
[1284.298s][info][gc,heap     ] GC(167) y: Max Capacity: 8192M(100%)
[1284.298s][info][gc,heap     ] GC(167) y: Soft Max Capacity: 8192M(100%)
[1284.298s][info][gc,heap     ] GC(167) y: Heap Statistics:
[1284.298s][info][gc,heap     ] GC(167) y:                Mark Start          Mark End        Relocate Start      Relocate End           High               Low         
[1284.298s][info][gc,heap     ] GC(167) y:  Capacity:     8192M (100%)       8192M (100%)       8192M (100%)       8192M (100%)       8192M (100%)       8192M (100%)   
[1284.298s][info][gc,heap     ] GC(167) y:      Free:      912M (11%)         764M (9%)         3424M (42%)        7310M (89%)        7314M (89%)         764M (9%)     
[1284.298s][info][gc,heap     ] GC(167) y:      Used:     7280M (89%)        7428M (91%)        4768M (58%)         882M (11%)        7428M (91%)         878M (11%)    
[1284.298s][info][gc,heap     ] GC(167) y: Young Generation Statistics:
[1284.298s][info][gc,heap     ] GC(167) y:                Mark Start          Mark End        Relocate Start      Relocate End    
[1284.298s][info][gc,heap     ] GC(167) y:      Used:     6728M (82%)        6876M (84%)        4216M (51%)         330M (4%)     
[1284.298s][info][gc,heap     ] GC(167) y:      Live:         -               108M (1%)          108M (1%)          108M (1%)     
[1284.298s][info][gc,heap     ] GC(167) y:   Garbage:         -              6619M (81%)        3955M (48%)           2M (0%)     
[1284.298s][info][gc,heap     ] GC(167) y: Allocated:         -               148M (2%)          152M (2%)          218M (3%)     
[1284.298s][info][gc,heap     ] GC(167) y: Reclaimed:         -                  -              2664M (33%)        6616M (81%)    
[1284.298s][info][gc,heap     ] GC(167) y:  Promoted:         -                  -                 0M (0%)            0M (0%)     
[1284.298s][info][gc,heap     ] GC(167) y: Compacted:         -                  -                  -               101M (1%)     
[1284.298s][info][gc,phases   ] GC(167) y: Young Generation 7280M(89%)->882M(11%) 0.264s
[1284.298s][info][gc          ] GC(167) Minor Collection (Allocation Rate) 7280M(89%)->882M(11%) 0.265s
[1295.485s][info][gc          ] GC(168) Minor Collection (Allocation Rate)
[1295.485s][info][gc,task     ] GC(168) Using 1 Workers for Young Generation
[1295.485s][info][gc,phases   ] GC(168) y: Young Generation
[1295.485s][info][gc,phases   ] GC(168) y: Pause Mark Start 0.012ms
[1295.619s][info][gc,phases   ] GC(168) y: Concurrent Mark 133.692ms
[1295.619s][info][gc,phases   ] GC(168) y: Pause Mark End 0.009ms
[1295.619s][info][gc,phases   ] GC(168) y: Concurrent Mark Free 0.000ms
[1295.619s][info][gc,phases   ] GC(168) y: Concurrent Reset Relocation Set 0.197ms
[1295.622s][info][gc,reloc    ] GC(168) y: Using tenuring threshold: 4 (Computed)
[1295.625s][info][gc,phases   ] GC(168) y: Concurrent Select Relocation Set 5.614ms
[1295.625s][info][gc,phases   ] GC(168) y: Pause Relocate Start 0.010ms
[1295.721s][info][gc,phases   ] GC(168) y: Concurrent Relocate 95.994ms
[1295.721s][info][gc,alloc    ] GC(168) y:                         Mark Start        Mark End      Relocate Start    Relocate End   
[1295.721s][info][gc,alloc    ] GC(168) y: Allocation Stalls:          0                0                0                0         
[1295.721s][info][gc,load     ] GC(168) y: Load: 0.00 (0%) / 0.00 (0%) / 0.00 (0%)
[1295.721s][info][gc,mmu      ] GC(168) y: MMU: 2ms/76.4%, 5ms/90.6%, 10ms/95.3%, 20ms/97.6%, 50ms/99.1%, 100ms/99.5%
[1295.721s][info][gc,marking  ] GC(168) y: Mark: 1 stripe(s), 2 proactive flush(es), 1 terminate flush(es), 0 completion(s), 0 continuation(s) 
[1295.721s][info][gc,marking  ] GC(168) y: Mark Stack Usage: 32M
[1295.721s][info][gc,nmethod  ] GC(168) y: NMethods: 6642 registered, 727 unregistered
[1295.721s][info][gc,metaspace] GC(168) y: Metaspace: 131M used, 133M committed, 1152M reserved
[1295.721s][info][gc,reloc    ] GC(168) y:                        Candidates     Selected     In-Place         Size        Empty    Relocated 
[1295.721s][info][gc,reloc    ] GC(168) y: Small Pages:                 3524         2279            0        7048M        2370M          79M 
[1295.721s][info][gc,reloc    ] GC(168) y: Medium Pages:                   0            0            0           0M           0M           0M 
[1295.721s][info][gc,reloc    ] GC(168) y: Large Pages:                    0            0            0           0M           0M           0M 
[1295.721s][info][gc,reloc    ] GC(168) y: Forwarding Usage: 27M
[1295.721s][info][gc,reloc    ] GC(168) y: Age Table:
[1295.721s][info][gc,reloc    ] GC(168) y:                    Live             Garbage             Small              Medium             Large        
[1295.721s][info][gc,reloc    ] GC(168) y: Eden              82M (1%)         6833M (83%)       3458 / 2230           0 / 0              0 / 0        
[1295.721s][info][gc,reloc    ] GC(168) y: Survivor 1        16M (0%)           67M (1%)          42 / 29             0 / 0              0 / 0        
[1295.722s][info][gc,reloc    ] GC(168) y: Survivor 2         2M (0%)           37M (0%)          20 / 18             0 / 0              0 / 0        
[1295.722s][info][gc,reloc    ] GC(168) y: Survivor 3         2M (0%)            5M (0%)           4 / 2              0 / 0              0 / 0        
[1295.722s][info][gc,heap     ] GC(168) y: Min Capacity: 8192M(100%)
[1295.722s][info][gc,heap     ] GC(168) y: Max Capacity: 8192M(100%)
[1295.722s][info][gc,heap     ] GC(168) y: Soft Max Capacity: 8192M(100%)
[1295.722s][info][gc,heap     ] GC(168) y: Heap Statistics:
[1295.722s][info][gc,heap     ] GC(168) y:                Mark Start          Mark End        Relocate Start      Relocate End           High               Low         
[1295.722s][info][gc,heap     ] GC(168) y:  Capacity:     8192M (100%)       8192M (100%)       8192M (100%)       8192M (100%)       8192M (100%)       8192M (100%)   
[1295.722s][info][gc,heap     ] GC(168) y:      Free:      592M (7%)          510M (6%)         2876M (35%)        7312M (89%)        7314M (89%)         510M (6%)     
[1295.722s][info][gc,heap     ] GC(168) y:      Used:     7600M (93%)        7682M (94%)        5316M (65%)         880M (11%)        7682M (94%)         878M (11%)    
[1295.722s][info][gc,heap     ] GC(168) y: Young Generation Statistics:
[1295.722s][info][gc,heap     ] GC(168) y:                Mark Start          Mark End        Relocate Start      Relocate End    
[1295.722s][info][gc,heap     ] GC(168) y:      Used:     7048M (86%)        7130M (87%)        4764M (58%)         328M (4%)     
[1295.722s][info][gc,heap     ] GC(168) y:      Live:         -               103M (1%)          103M (1%)          103M (1%)     
[1295.722s][info][gc,heap     ] GC(168) y:   Garbage:         -              6944M (85%)        4574M (56%)           2M (0%)     
[1295.722s][info][gc,heap     ] GC(168) y: Allocated:         -                82M (1%)           86M (1%)          221M (3%)     
[1295.722s][info][gc,heap     ] GC(168) y: Reclaimed:         -                  -              2370M (29%)        6941M (85%)    
[1295.722s][info][gc,heap     ] GC(168) y:  Promoted:         -                  -                 0M (0%)            0M (0%)     
[1295.722s][info][gc,heap     ] GC(168) y: Compacted:         -                  -                  -                96M (1%)     
[1295.722s][info][gc,phases   ] GC(168) y: Young Generation 7600M(93%)->880M(11%) 0.236s
[1295.722s][info][gc          ] GC(168) Minor Collection (Allocation Rate) 7600M(93%)->880M(11%) 0.237s
[1304.110s][info][gc          ] GC(169) Minor Collection (Allocation Rate)
[1304.110s][info][gc,task     ] GC(169) Using 1 Workers for Young Generation
[1304.110s][info][gc,phases   ] GC(169) y: Young Generation
[1304.110s][info][gc,phases   ] GC(169) y: Pause Mark Start 0.013ms
[1304.219s][info][gc,phases   ] GC(169) y: Concurrent Mark 108.381ms
[1304.219s][info][gc,phases   ] GC(169) y: Pause Mark End 0.010ms
[1304.219s][info][gc,phases   ] GC(169) y: Concurrent Mark Free 0.000ms
[1304.219s][info][gc,phases   ] GC(169) y: Concurrent Reset Relocation Set 0.246ms
[1304.222s][info][gc,reloc    ] GC(169) y: Using tenuring threshold: 5 (Computed)
[1304.224s][info][gc,phases   ] GC(169) y: Concurrent Select Relocation Set 5.358ms
[1304.224s][info][gc,phases   ] GC(169) y: Pause Relocate Start 0.009ms
[1304.283s][info][gc,phases   ] GC(169) y: Concurrent Relocate 58.294ms
[1304.283s][info][gc,alloc    ] GC(169) y:                         Mark Start        Mark End      Relocate Start    Relocate End   
[1304.283s][info][gc,alloc    ] GC(169) y: Allocation Stalls:          0                0                0                0         
[1304.283s][info][gc,load     ] GC(169) y: Load: 0.00 (0%) / 0.00 (0%) / 0.00 (0%)
[1304.283s][info][gc,mmu      ] GC(169) y: MMU: 2ms/76.4%, 5ms/90.6%, 10ms/95.3%, 20ms/97.6%, 50ms/99.1%, 100ms/99.5%
[1304.283s][info][gc,marking  ] GC(169) y: Mark: 1 stripe(s), 2 proactive flush(es), 1 terminate flush(es), 0 completion(s), 0 continuation(s) 
[1304.283s][info][gc,marking  ] GC(169) y: Mark Stack Usage: 32M
[1304.283s][info][gc,nmethod  ] GC(169) y: NMethods: 6656 registered, 727 unregistered
[1304.283s][info][gc,metaspace] GC(169) y: Metaspace: 131M used, 133M committed, 1152M reserved
[1304.283s][info][gc,reloc    ] GC(169) y:                        Candidates     Selected     In-Place         Size        Empty    Relocated 
[1304.283s][info][gc,reloc    ] GC(169) y: Small Pages:                 3479         1715            0        6958M        3440M          63M 
[1304.283s][info][gc,reloc    ] GC(169) y: Medium Pages:                   0            0            0           0M           0M           0M 
[1304.283s][info][gc,reloc    ] GC(169) y: Large Pages:                    0            0            0           0M           0M           0M 
[1304.283s][info][gc,reloc    ] GC(169) y: Forwarding Usage: 23M
[1304.283s][info][gc,reloc    ] GC(169) y: Age Table:
[1304.283s][info][gc,reloc    ] GC(169) y:                    Live             Garbage             Small              Medium             Large        
[1304.283s][info][gc,reloc    ] GC(169) y: Eden              68M (1%)         6753M (82%)       3411 / 1655           0 / 0              0 / 0        
[1304.283s][info][gc,reloc    ] GC(169) y: Survivor 1         3M (0%)           88M (1%)          46 / 40             0 / 0              0 / 0        
[1304.283s][info][gc,reloc    ] GC(169) y: Survivor 2         2M (0%)           25M (0%)          14 / 13             0 / 0              0 / 0        
[1304.283s][info][gc,reloc    ] GC(169) y: Survivor 3         0M (0%)            7M (0%)           4 / 4              0 / 0              0 / 0        
[1304.283s][info][gc,reloc    ] GC(169) y: Survivor 4         2M (0%)            5M (0%)           4 / 3              0 / 0              0 / 0        
[1304.283s][info][gc,heap     ] GC(169) y: Min Capacity: 8192M(100%)
[1304.283s][info][gc,heap     ] GC(169) y: Max Capacity: 8192M(100%)
[1304.283s][info][gc,heap     ] GC(169) y: Soft Max Capacity: 8192M(100%)
[1304.283s][info][gc,heap     ] GC(169) y: Heap Statistics:
[1304.283s][info][gc,heap     ] GC(169) y:                Mark Start          Mark End        Relocate Start      Relocate End           High               Low         
[1304.283s][info][gc,heap     ] GC(169) y:  Capacity:     8192M (100%)       8192M (100%)       8192M (100%)       8192M (100%)       8192M (100%)       8192M (100%)   
[1304.283s][info][gc,heap     ] GC(169) y:      Free:      682M (8%)          586M (7%)         4026M (49%)        7414M (91%)        7414M (91%)         586M (7%)     
[1304.283s][info][gc,heap     ] GC(169) y:      Used:     7510M (92%)        7606M (93%)        4166M (51%)         778M (9%)         7606M (93%)         778M (9%)     
[1304.283s][info][gc,heap     ] GC(169) y: Young Generation Statistics:
[1304.283s][info][gc,heap     ] GC(169) y:                Mark Start          Mark End        Relocate Start      Relocate End    
[1304.283s][info][gc,heap     ] GC(169) y:      Used:     6958M (85%)        7054M (86%)        3614M (44%)         226M (3%)     
[1304.283s][info][gc,heap     ] GC(169) y:      Live:         -                76M (1%)           76M (1%)           76M (1%)     
[1304.283s][info][gc,heap     ] GC(169) y:   Garbage:         -              6881M (84%)        3441M (42%)           0M (0%)     
[1304.283s][info][gc,heap     ] GC(169) y: Allocated:         -                96M (1%)           96M (1%)          148M (2%)     
[1304.283s][info][gc,heap     ] GC(169) y: Reclaimed:         -                  -              3440M (42%)        6880M (84%)    
[1304.283s][info][gc,heap     ] GC(169) y:  Promoted:         -                  -                 0M (0%)            0M (0%)     
[1304.283s][info][gc,heap     ] GC(169) y: Compacted:         -                  -                  -                73M (1%)     
[1304.283s][info][gc,phases   ] GC(169) y: Young Generation 7510M(92%)->778M(9%) 0.173s
[1304.283s][info][gc          ] GC(169) Minor Collection (Allocation Rate) 7510M(92%)->778M(9%) 0.173s
[1311.721s][info][gc          ] GC(170) Minor Collection (Allocation Rate)
[1311.721s][info][gc,task     ] GC(170) Using 1 Workers for Young Generation
[1311.721s][info][gc,phases   ] GC(170) y: Young Generation
[1311.721s][info][gc,phases   ] GC(170) y: Pause Mark Start 0.013ms
[1311.885s][info][gc,phases   ] GC(170) y: Concurrent Mark 163.622ms
[1311.885s][info][gc,phases   ] GC(170) y: Pause Mark End 0.008ms
[1311.885s][info][gc,phases   ] GC(170) y: Concurrent Mark Free 0.000ms
[1311.885s][info][gc,phases   ] GC(170) y: Concurrent Reset Relocation Set 0.132ms
[1311.888s][info][gc,reloc    ] GC(170) y: Using tenuring threshold: 2 (Computed)
[1311.905s][info][gc,phases   ] GC(170) y: Concurrent Select Relocation Set 19.477ms
[1311.905s][info][gc,phases   ] GC(170) y: Pause Relocate Start 0.009ms
[1312.001s][info][gc,phases   ] GC(170) y: Concurrent Relocate 95.956ms
[1312.001s][info][gc,alloc    ] GC(170) y:                         Mark Start        Mark End      Relocate Start    Relocate End   
[1312.001s][info][gc,alloc    ] GC(170) y: Allocation Stalls:          0                0                0                0         
[1312.001s][info][gc,load     ] GC(170) y: Load: 0.00 (0%) / 0.00 (0%) / 0.00 (0%)
[1312.001s][info][gc,mmu      ] GC(170) y: MMU: 2ms/76.4%, 5ms/90.6%, 10ms/95.3%, 20ms/97.6%, 50ms/99.1%, 100ms/99.5%
[1312.001s][info][gc,marking  ] GC(170) y: Mark: 1 stripe(s), 2 proactive flush(es), 1 terminate flush(es), 0 completion(s), 0 continuation(s) 
[1312.001s][info][gc,marking  ] GC(170) y: Mark Stack Usage: 32M
[1312.001s][info][gc,nmethod  ] GC(170) y: NMethods: 6670 registered, 727 unregistered
[1312.001s][info][gc,metaspace] GC(170) y: Metaspace: 131M used, 133M committed, 1152M reserved
[1312.001s][info][gc,reloc    ] GC(170) y:                        Candidates     Selected     In-Place         Size        Empty    Relocated 
[1312.001s][info][gc,reloc    ] GC(170) y: Small Pages:                 3471         2296            0        6942M        2194M         109M 
[1312.001s][info][gc,reloc    ] GC(170) y: Medium Pages:                   0            0            0           0M           0M           0M 
[1312.001s][info][gc,reloc    ] GC(170) y: Large Pages:                    0            0            0           0M           0M           0M 
[1312.001s][info][gc,reloc    ] GC(170) y: Forwarding Usage: 38M
[1312.001s][info][gc,reloc    ] GC(170) y: Age Table:
[1312.001s][info][gc,reloc    ] GC(170) y:                    Live             Garbage             Small              Medium             Large        
[1312.001s][info][gc,reloc    ] GC(170) y: Eden             121M (1%)         6718M (82%)       3420 / 2256           0 / 0              0 / 0        
[1312.001s][info][gc,reloc    ] GC(170) y: Survivor 1         7M (0%)           68M (1%)          38 / 34             0 / 0              0 / 0        
[1312.001s][info][gc,reloc    ] GC(170) y: Survivor 2         0M (0%)            9M (0%)           5 / 3              0 / 0              0 / 0        
[1312.001s][info][gc,reloc    ] GC(170) y: Survivor 3         2M (0%)            5M (0%)           4 / 1              0 / 0              0 / 0        
[1312.001s][info][gc,reloc    ] GC(170) y: Survivor 4         0M (0%)            3M (0%)           2 / 1              0 / 0              0 / 0        
[1312.001s][info][gc,reloc    ] GC(170) y: Survivor 5         2M (0%)            1M (0%)           2 / 1              0 / 0              0 / 0        
[1312.001s][info][gc,heap     ] GC(170) y: Min Capacity: 8192M(100%)
[1312.001s][info][gc,heap     ] GC(170) y: Max Capacity: 8192M(100%)
[1312.001s][info][gc,heap     ] GC(170) y: Soft Max Capacity: 8192M(100%)
[1312.001s][info][gc,heap     ] GC(170) y: Heap Statistics:
[1312.001s][info][gc,heap     ] GC(170) y:                Mark Start          Mark End        Relocate Start      Relocate End           High               Low         
[1312.001s][info][gc,heap     ] GC(170) y:  Capacity:     8192M (100%)       8192M (100%)       8192M (100%)       8192M (100%)       8192M (100%)       8192M (100%)   
[1312.001s][info][gc,heap     ] GC(170) y:      Free:      698M (9%)          560M (7%)         2746M (34%)        7266M (89%)        7272M (89%)         560M (7%)     
[1312.001s][info][gc,heap     ] GC(170) y:      Used:     7494M (91%)        7632M (93%)        5446M (66%)         926M (11%)        7632M (93%)         920M (11%)    
[1312.001s][info][gc,heap     ] GC(170) y: Young Generation Statistics:
[1312.001s][info][gc,heap     ] GC(170) y:                Mark Start          Mark End        Relocate Start      Relocate End    
[1312.001s][info][gc,heap     ] GC(170) y:      Used:     6942M (85%)        7080M (86%)        4890M (60%)         362M (4%)     
[1312.001s][info][gc,heap     ] GC(170) y:      Live:         -               134M (2%)          130M (2%)          129M (2%)     
[1312.001s][info][gc,heap     ] GC(170) y:   Garbage:         -              6807M (83%)        4613M (56%)           2M (0%)     
[1312.001s][info][gc,heap     ] GC(170) y: Allocated:         -               138M (2%)          146M (2%)          229M (3%)     
[1312.001s][info][gc,heap     ] GC(170) y: Reclaimed:         -                  -              2194M (27%)        6804M (83%)    
[1312.001s][info][gc,heap     ] GC(170) y:  Promoted:         -                  -                 3M (0%)            5M (0%)     
[1312.001s][info][gc,heap     ] GC(170) y: Compacted:         -                  -                  -               124M (2%)     
[1312.001s][info][gc,phases   ] GC(170) y: Young Generation 7494M(91%)->926M(11%) 0.280s
[1312.001s][info][gc          ] GC(170) Minor Collection (Allocation Rate) 7494M(91%)->926M(11%) 0.280s
[1320.056s][info][gc          ] GC(171) Minor Collection (Allocation Rate)
[1320.056s][info][gc,task     ] GC(171) Using 1 Workers for Young Generation
[1320.056s][info][gc,phases   ] GC(171) y: Young Generation
[1320.056s][info][gc,phases   ] GC(171) y: Pause Mark Start 0.012ms
[1320.164s][info][gc,phases   ] GC(171) y: Concurrent Mark 108.368ms
[1320.164s][info][gc,phases   ] GC(171) y: Pause Mark End 0.009ms
[1320.164s][info][gc,phases   ] GC(171) y: Concurrent Mark Free 0.000ms
[1320.165s][info][gc,phases   ] GC(171) y: Concurrent Reset Relocation Set 0.350ms
[1320.168s][info][gc,reloc    ] GC(171) y: Using tenuring threshold: 3 (Computed)
[1320.171s][info][gc,phases   ] GC(171) y: Concurrent Select Relocation Set 5.690ms
[1320.171s][info][gc,phases   ] GC(171) y: Pause Relocate Start 0.009ms
[1320.242s][info][gc,phases   ] GC(171) y: Concurrent Relocate 71.074ms
[1320.242s][info][gc,alloc    ] GC(171) y:                         Mark Start        Mark End      Relocate Start    Relocate End   
[1320.242s][info][gc,alloc    ] GC(171) y: Allocation Stalls:          0                0                0                0         
[1320.242s][info][gc,load     ] GC(171) y: Load: 0.00 (0%) / 0.00 (0%) / 0.00 (0%)
[1320.242s][info][gc,mmu      ] GC(171) y: MMU: 2ms/76.4%, 5ms/90.6%, 10ms/95.3%, 20ms/97.6%, 50ms/99.1%, 100ms/99.5%
[1320.242s][info][gc,marking  ] GC(171) y: Mark: 1 stripe(s), 2 proactive flush(es), 1 terminate flush(es), 0 completion(s), 0 continuation(s) 
[1320.242s][info][gc,marking  ] GC(171) y: Mark Stack Usage: 32M
[1320.242s][info][gc,nmethod  ] GC(171) y: NMethods: 6672 registered, 727 unregistered
[1320.242s][info][gc,metaspace] GC(171) y: Metaspace: 131M used, 133M committed, 1152M reserved
[1320.242s][info][gc,reloc    ] GC(171) y:                        Candidates     Selected     In-Place         Size        Empty    Relocated 
[1320.242s][info][gc,reloc    ] GC(171) y: Small Pages:                 3363         1598            0        6726M        3434M          73M 
[1320.242s][info][gc,reloc    ] GC(171) y: Medium Pages:                   0            0            0           0M           0M           0M 
[1320.242s][info][gc,reloc    ] GC(171) y: Large Pages:                    0            0            0           0M           0M           0M 
[1320.242s][info][gc,reloc    ] GC(171) y: Forwarding Usage: 23M
[1320.242s][info][gc,reloc    ] GC(171) y: Age Table:
[1320.242s][info][gc,reloc    ] GC(171) y:                    Live             Garbage             Small              Medium             Large        
[1320.242s][info][gc,reloc    ] GC(171) y: Eden              72M (1%)         6499M (79%)       3286 / 1533           0 / 0              0 / 0        
[1320.242s][info][gc,reloc    ] GC(171) y: Survivor 1         9M (0%)          126M (2%)          68 / 58             0 / 0              0 / 0        
[1320.242s][info][gc,reloc    ] GC(171) y: Survivor 2         2M (0%)           15M (0%)           9 / 7              0 / 0              0 / 0        
[1320.242s][info][gc,heap     ] GC(171) y: Min Capacity: 8192M(100%)
[1320.242s][info][gc,heap     ] GC(171) y: Max Capacity: 8192M(100%)
[1320.242s][info][gc,heap     ] GC(171) y: Soft Max Capacity: 8192M(100%)
[1320.242s][info][gc,heap     ] GC(171) y: Heap Statistics:
[1320.242s][info][gc,heap     ] GC(171) y:                Mark Start          Mark End        Relocate Start      Relocate End           High               Low         
[1320.242s][info][gc,heap     ] GC(171) y:  Capacity:     8192M (100%)       8192M (100%)       8192M (100%)       8192M (100%)       8192M (100%)       8192M (100%)   
[1320.242s][info][gc,heap     ] GC(171) y:      Free:      902M (11%)         714M (9%)         4148M (51%)        7268M (89%)        7268M (89%)         714M (9%)     
[1320.242s][info][gc,heap     ] GC(171) y:      Used:     7290M (89%)        7478M (91%)        4044M (49%)         924M (11%)        7478M (91%)         924M (11%)    
[1320.242s][info][gc,heap     ] GC(171) y: Young Generation Statistics:
[1320.242s][info][gc,heap     ] GC(171) y:                Mark Start          Mark End        Relocate Start      Relocate End    
[1320.242s][info][gc,heap     ] GC(171) y:      Used:     6726M (82%)        6914M (84%)        3480M (42%)         360M (4%)     
[1320.242s][info][gc,heap     ] GC(171) y:      Live:         -                83M (1%)           83M (1%)           83M (1%)     
[1320.242s][info][gc,heap     ] GC(171) y:   Garbage:         -              6642M (81%)        3208M (39%)           0M (0%)     
[1320.242s][info][gc,heap     ] GC(171) y: Allocated:         -               188M (2%)          188M (2%)          276M (3%)     
[1320.242s][info][gc,heap     ] GC(171) y: Reclaimed:         -                  -              3434M (42%)        6642M (81%)    
[1320.242s][info][gc,heap     ] GC(171) y:  Promoted:         -                  -                 0M (0%)            0M (0%)     
[1320.242s][info][gc,heap     ] GC(171) y: Compacted:         -                  -                  -                83M (1%)     
[1320.242s][info][gc,phases   ] GC(171) y: Young Generation 7290M(89%)->924M(11%) 0.186s
[1320.242s][info][gc          ] GC(171) Minor Collection (Allocation Rate) 7290M(89%)->924M(11%) 0.186s
[1329.863s][info][gc          ] GC(172) Minor Collection (Allocation Rate)
[1329.863s][info][gc,task     ] GC(172) Using 1 Workers for Young Generation
[1329.863s][info][gc,phases   ] GC(172) y: Young Generation
[1329.864s][info][gc,phases   ] GC(172) y: Pause Mark Start 0.251ms
[1330.006s][info][gc,phases   ] GC(172) y: Concurrent Mark 142.098ms
[1330.006s][info][gc,phases   ] GC(172) y: Pause Mark End 0.010ms
[1330.006s][info][gc,phases   ] GC(172) y: Concurrent Mark Free 0.000ms
[1330.006s][info][gc,phases   ] GC(172) y: Concurrent Reset Relocation Set 0.142ms
[1330.008s][info][gc,reloc    ] GC(172) y: Using tenuring threshold: 4 (Computed)
[1330.021s][info][gc,phases   ] GC(172) y: Concurrent Select Relocation Set 15.329ms
[1330.021s][info][gc,phases   ] GC(172) y: Pause Relocate Start 0.010ms
[1330.101s][info][gc,phases   ] GC(172) y: Concurrent Relocate 79.366ms
[1330.101s][info][gc,alloc    ] GC(172) y:                         Mark Start        Mark End      Relocate Start    Relocate End   
[1330.101s][info][gc,alloc    ] GC(172) y: Allocation Stalls:          0                0                0                0         
[1330.101s][info][gc,load     ] GC(172) y: Load: 0.00 (0%) / 0.00 (0%) / 0.00 (0%)
[1330.101s][info][gc,mmu      ] GC(172) y: MMU: 2ms/76.4%, 5ms/90.6%, 10ms/95.3%, 20ms/97.6%, 50ms/99.1%, 100ms/99.5%
[1330.101s][info][gc,marking  ] GC(172) y: Mark: 1 stripe(s), 2 proactive flush(es), 1 terminate flush(es), 0 completion(s), 0 continuation(s) 
[1330.101s][info][gc,marking  ] GC(172) y: Mark Stack Usage: 32M
[1330.101s][info][gc,nmethod  ] GC(172) y: NMethods: 6688 registered, 727 unregistered
[1330.101s][info][gc,metaspace] GC(172) y: Metaspace: 131M used, 133M committed, 1152M reserved
[1330.101s][info][gc,reloc    ] GC(172) y:                        Candidates     Selected     In-Place         Size        Empty    Relocated 
[1330.101s][info][gc,reloc    ] GC(172) y: Small Pages:                 3483         2122            0        6966M        2612M          79M 
[1330.101s][info][gc,reloc    ] GC(172) y: Medium Pages:                   0            0            0           0M           0M           0M 
[1330.101s][info][gc,reloc    ] GC(172) y: Large Pages:                    0            0            0           0M           0M           0M 
[1330.101s][info][gc,reloc    ] GC(172) y: Forwarding Usage: 30M
[1330.101s][info][gc,reloc    ] GC(172) y: Age Table:
[1330.101s][info][gc,reloc    ] GC(172) y:                    Live             Garbage             Small              Medium             Large        
[1330.101s][info][gc,reloc    ] GC(172) y: Eden              94M (1%)         6761M (83%)       3428 / 2087           0 / 0              0 / 0        
[1330.101s][info][gc,reloc    ] GC(172) y: Survivor 1         0M (0%)           77M (1%)          39 / 20             0 / 0              0 / 0        
[1330.101s][info][gc,reloc    ] GC(172) y: Survivor 2         0M (0%)           19M (0%)          10 / 9              0 / 0              0 / 0        
[1330.101s][info][gc,reloc    ] GC(172) y: Survivor 3         0M (0%)           11M (0%)           6 / 6              0 / 0              0 / 0        
[1330.101s][info][gc,heap     ] GC(172) y: Min Capacity: 8192M(100%)
[1330.102s][info][gc,heap     ] GC(172) y: Max Capacity: 8192M(100%)
[1330.102s][info][gc,heap     ] GC(172) y: Soft Max Capacity: 8192M(100%)
[1330.102s][info][gc,heap     ] GC(172) y: Heap Statistics:
[1330.102s][info][gc,heap     ] GC(172) y:                Mark Start          Mark End        Relocate Start      Relocate End           High               Low         
[1330.102s][info][gc,heap     ] GC(172) y:  Capacity:     8192M (100%)       8192M (100%)       8192M (100%)       8192M (100%)       8192M (100%)       8192M (100%)   
[1330.102s][info][gc,heap     ] GC(172) y:      Free:      662M (8%)          544M (7%)         3144M (38%)        7324M (89%)        7326M (89%)         544M (7%)     
[1330.102s][info][gc,heap     ] GC(172) y:      Used:     7530M (92%)        7648M (93%)        5048M (62%)         868M (11%)        7648M (93%)         866M (11%)    
[1330.102s][info][gc,heap     ] GC(172) y: Young Generation Statistics:
[1330.102s][info][gc,heap     ] GC(172) y:                Mark Start          Mark End        Relocate Start      Relocate End    
[1330.102s][info][gc,heap     ] GC(172) y:      Used:     6966M (85%)        7084M (86%)        4484M (55%)         304M (4%)     
[1330.102s][info][gc,heap     ] GC(172) y:      Live:         -                95M (1%)           95M (1%)           95M (1%)     
[1330.102s][info][gc,heap     ] GC(172) y:   Garbage:         -              6870M (84%)        4258M (52%)           0M (0%)     
[1330.102s][info][gc,heap     ] GC(172) y: Allocated:         -               118M (1%)          130M (2%)          207M (3%)     
[1330.102s][info][gc,heap     ] GC(172) y: Reclaimed:         -                  -              2612M (32%)        6869M (84%)    
[1330.102s][info][gc,heap     ] GC(172) y:  Promoted:         -                  -                 0M (0%)            0M (0%)     
[1330.102s][info][gc,heap     ] GC(172) y: Compacted:         -                  -                  -                94M (1%)     
[1330.102s][info][gc,phases   ] GC(172) y: Young Generation 7530M(92%)->868M(11%) 0.238s
[1330.102s][info][gc          ] GC(172) Minor Collection (Allocation Rate) 7530M(92%)->868M(11%) 0.239s
[1336.453s][info][gc          ] GC(173) Minor Collection (Allocation Rate)
[1336.453s][info][gc,task     ] GC(173) Using 1 Workers for Young Generation
[1336.453s][info][gc,phases   ] GC(173) y: Young Generation
[1336.453s][info][gc,phases   ] GC(173) y: Pause Mark Start 0.012ms
[1336.662s][info][gc,phases   ] GC(173) y: Concurrent Mark 208.936ms
[1336.662s][info][gc,phases   ] GC(173) y: Pause Mark End 0.009ms
[1336.662s][info][gc,phases   ] GC(173) y: Concurrent Mark Free 0.000ms
[1336.662s][info][gc,phases   ] GC(173) y: Concurrent Reset Relocation Set 0.199ms
[1336.666s][info][gc,reloc    ] GC(173) y: Using tenuring threshold: 5 (Computed)
[1336.685s][info][gc,phases   ] GC(173) y: Concurrent Select Relocation Set 23.141ms
[1336.686s][info][gc,phases   ] GC(173) y: Pause Relocate Start 0.014ms
[1336.788s][info][gc,phases   ] GC(173) y: Concurrent Relocate 101.967ms
[1336.788s][info][gc,alloc    ] GC(173) y:                         Mark Start        Mark End      Relocate Start    Relocate End   
[1336.788s][info][gc,alloc    ] GC(173) y: Allocation Stalls:          0                0                0                0         
[1336.788s][info][gc,load     ] GC(173) y: Load: 0.00 (0%) / 0.00 (0%) / 0.00 (0%)
[1336.788s][info][gc,mmu      ] GC(173) y: MMU: 2ms/76.4%, 5ms/90.6%, 10ms/95.3%, 20ms/97.6%, 50ms/99.1%, 100ms/99.5%
[1336.788s][info][gc,marking  ] GC(173) y: Mark: 1 stripe(s), 2 proactive flush(es), 1 terminate flush(es), 0 completion(s), 0 continuation(s) 
[1336.788s][info][gc,marking  ] GC(173) y: Mark Stack Usage: 32M
[1336.788s][info][gc,nmethod  ] GC(173) y: NMethods: 6694 registered, 727 unregistered
[1336.788s][info][gc,metaspace] GC(173) y: Metaspace: 131M used, 133M committed, 1152M reserved
[1336.788s][info][gc,reloc    ] GC(173) y:                        Candidates     Selected     In-Place         Size        Empty    Relocated 
[1336.788s][info][gc,reloc    ] GC(173) y: Small Pages:                 3334         1755            0        6668M        3008M          98M 
[1336.788s][info][gc,reloc    ] GC(173) y: Medium Pages:                   0            0            0           0M           0M           0M 
[1336.788s][info][gc,reloc    ] GC(173) y: Large Pages:                    0            0            0           0M           0M           0M 
[1336.788s][info][gc,reloc    ] GC(173) y: Forwarding Usage: 36M
[1336.788s][info][gc,reloc    ] GC(173) y: Age Table:
[1336.788s][info][gc,reloc    ] GC(173) y:                    Live             Garbage             Small              Medium             Large        
[1336.788s][info][gc,reloc    ] GC(173) y: Eden             110M (1%)         6433M (79%)       3272 / 1705           0 / 0              0 / 0        
[1336.788s][info][gc,reloc    ] GC(173) y: Survivor 1        20M (0%)           83M (1%)          52 / 41             0 / 0              0 / 0        
[1336.788s][info][gc,reloc    ] GC(173) y: Survivor 2         0M (0%)            3M (0%)           2 / 2              0 / 0              0 / 0        
[1336.788s][info][gc,reloc    ] GC(173) y: Survivor 3         0M (0%)            5M (0%)           3 / 3              0 / 0              0 / 0        
[1336.788s][info][gc,reloc    ] GC(173) y: Survivor 4         0M (0%)            9M (0%)           5 / 4              0 / 0              0 / 0        
[1336.788s][info][gc,heap     ] GC(173) y: Min Capacity: 8192M(100%)
[1336.788s][info][gc,heap     ] GC(173) y: Max Capacity: 8192M(100%)
[1336.788s][info][gc,heap     ] GC(173) y: Soft Max Capacity: 8192M(100%)
[1336.788s][info][gc,heap     ] GC(173) y: Heap Statistics:
[1336.788s][info][gc,heap     ] GC(173) y:                Mark Start          Mark End        Relocate Start      Relocate End           High               Low         
[1336.788s][info][gc,heap     ] GC(173) y:  Capacity:     8192M (100%)       8192M (100%)       8192M (100%)       8192M (100%)       8192M (100%)       8192M (100%)   
[1336.788s][info][gc,heap     ] GC(173) y:      Free:      960M (12%)         716M (9%)         3706M (45%)        7106M (87%)        7116M (87%)         716M (9%)     
[1336.788s][info][gc,heap     ] GC(173) y:      Used:     7232M (88%)        7476M (91%)        4486M (55%)        1086M (13%)        7476M (91%)        1076M (13%)    
[1336.788s][info][gc,heap     ] GC(173) y: Young Generation Statistics:
[1336.788s][info][gc,heap     ] GC(173) y:                Mark Start          Mark End        Relocate Start      Relocate End    
[1336.788s][info][gc,heap     ] GC(173) y:      Used:     6668M (81%)        6912M (84%)        3922M (48%)         522M (6%)     
[1336.788s][info][gc,heap     ] GC(173) y:      Live:         -               131M (2%)          131M (2%)          131M (2%)     
[1336.788s][info][gc,heap     ] GC(173) y:   Garbage:         -              6536M (80%)        3528M (43%)           1M (0%)     
[1336.788s][info][gc,heap     ] GC(173) y: Allocated:         -               244M (3%)          262M (3%)          388M (5%)     
[1336.788s][info][gc,heap     ] GC(173) y: Reclaimed:         -                  -              3008M (37%)        6534M (80%)    
[1336.788s][info][gc,heap     ] GC(173) y:  Promoted:         -                  -                 0M (0%)            0M (0%)     
[1336.788s][info][gc,heap     ] GC(173) y: Compacted:         -                  -                  -               117M (1%)     
[1336.788s][info][gc,phases   ] GC(173) y: Young Generation 7232M(88%)->1086M(13%) 0.335s
[1336.788s][info][gc          ] GC(173) Minor Collection (Allocation Rate) 7232M(88%)->1088M(13%) 0.335s
[1342.907s][info][gc          ] GC(174) Minor Collection (Allocation Rate)
[1342.907s][info][gc,task     ] GC(174) Using 1 Workers for Young Generation
[1342.907s][info][gc,phases   ] GC(174) y: Young Generation
[1342.907s][info][gc,phases   ] GC(174) y: Pause Mark Start 0.012ms
[1343.073s][info][gc,phases   ] GC(174) y: Concurrent Mark 165.999ms
[1343.073s][info][gc,phases   ] GC(174) y: Pause Mark End 0.009ms
[1343.073s][info][gc,phases   ] GC(174) y: Concurrent Mark Free 0.000ms
[1343.074s][info][gc,phases   ] GC(174) y: Concurrent Reset Relocation Set 0.181ms
[1343.076s][info][gc,reloc    ] GC(174) y: Using tenuring threshold: 6 (Computed)
[1343.079s][info][gc,phases   ] GC(174) y: Concurrent Select Relocation Set 5.043ms
[1343.079s][info][gc,phases   ] GC(174) y: Pause Relocate Start 0.009ms
[1343.156s][info][gc,phases   ] GC(174) y: Concurrent Relocate 77.715ms
[1343.157s][info][gc,alloc    ] GC(174) y:                         Mark Start        Mark End      Relocate Start    Relocate End   
[1343.157s][info][gc,alloc    ] GC(174) y: Allocation Stalls:          0                0                0                0         
[1343.157s][info][gc,load     ] GC(174) y: Load: 0.00 (0%) / 0.00 (0%) / 0.00 (0%)
[1343.157s][info][gc,mmu      ] GC(174) y: MMU: 2ms/76.4%, 5ms/90.6%, 10ms/95.3%, 20ms/97.6%, 50ms/99.1%, 100ms/99.5%
[1343.157s][info][gc,marking  ] GC(174) y: Mark: 1 stripe(s), 2 proactive flush(es), 1 terminate flush(es), 0 completion(s), 0 continuation(s) 
[1343.157s][info][gc,marking  ] GC(174) y: Mark Stack Usage: 32M
[1343.157s][info][gc,nmethod  ] GC(174) y: NMethods: 6700 registered, 727 unregistered
[1343.157s][info][gc,metaspace] GC(174) y: Metaspace: 131M used, 133M committed, 1152M reserved
[1343.157s][info][gc,reloc    ] GC(174) y:                        Candidates     Selected     In-Place         Size        Empty    Relocated 
[1343.157s][info][gc,reloc    ] GC(174) y: Small Pages:                 3276         1524            0        6552M        3356M          90M 
[1343.157s][info][gc,reloc    ] GC(174) y: Medium Pages:                   0            0            0           0M           0M           0M 
[1343.157s][info][gc,reloc    ] GC(174) y: Large Pages:                    0            0            0           0M           0M           0M 
[1343.157s][info][gc,reloc    ] GC(174) y: Forwarding Usage: 30M
[1343.157s][info][gc,reloc    ] GC(174) y: Age Table:
[1343.157s][info][gc,reloc    ] GC(174) y:                    Live             Garbage             Small              Medium             Large        
[1343.157s][info][gc,reloc    ] GC(174) y: Eden             113M (1%)         6278M (77%)       3196 / 1462           0 / 0              0 / 0        
[1343.157s][info][gc,reloc    ] GC(174) y: Survivor 1         9M (0%)          112M (1%)          61 / 46             0 / 0              0 / 0        
[1343.157s][info][gc,reloc    ] GC(174) y: Survivor 2         5M (0%)           24M (0%)          15 / 12             0 / 0              0 / 0        
[1343.157s][info][gc,reloc    ] GC(174) y: Survivor 3         0M (0%)            1M (0%)           1 / 1              0 / 0              0 / 0        
[1343.157s][info][gc,reloc    ] GC(174) y: Survivor 4         0M (0%)            1M (0%)           1 / 1              0 / 0              0 / 0        
[1343.157s][info][gc,reloc    ] GC(174) y: Survivor 5         0M (0%)            3M (0%)           2 / 2              0 / 0              0 / 0        
[1343.157s][info][gc,heap     ] GC(174) y: Min Capacity: 8192M(100%)
[1343.157s][info][gc,heap     ] GC(174) y: Max Capacity: 8192M(100%)
[1343.157s][info][gc,heap     ] GC(174) y: Soft Max Capacity: 8192M(100%)
[1343.157s][info][gc,heap     ] GC(174) y: Heap Statistics:
[1343.157s][info][gc,heap     ] GC(174) y:                Mark Start          Mark End        Relocate Start      Relocate End           High               Low         
[1343.157s][info][gc,heap     ] GC(174) y:  Capacity:     8192M (100%)       8192M (100%)       8192M (100%)       8192M (100%)       8192M (100%)       8192M (100%)   
[1343.157s][info][gc,heap     ] GC(174) y:      Free:     1076M (13%)         874M (11%)        4230M (52%)        7198M (88%)        7198M (88%)         874M (11%)    
[1343.157s][info][gc,heap     ] GC(174) y:      Used:     7116M (87%)        7318M (89%)        3962M (48%)         994M (12%)        7318M (89%)         994M (12%)    
[1343.157s][info][gc,heap     ] GC(174) y: Young Generation Statistics:
[1343.157s][info][gc,heap     ] GC(174) y:                Mark Start          Mark End        Relocate Start      Relocate End    
[1343.157s][info][gc,heap     ] GC(174) y:      Used:     6552M (80%)        6754M (82%)        3398M (41%)         430M (5%)     
[1343.157s][info][gc,heap     ] GC(174) y:      Live:         -               128M (2%)          128M (2%)          128M (2%)     
[1343.157s][info][gc,heap     ] GC(174) y:   Garbage:         -              6423M (78%)        3067M (37%)           4M (0%)     
[1343.157s][info][gc,heap     ] GC(174) y: Allocated:         -               202M (2%)          202M (2%)          296M (4%)     
[1343.157s][info][gc,heap     ] GC(174) y: Reclaimed:         -                  -              3356M (41%)        6418M (78%)    
[1343.157s][info][gc,heap     ] GC(174) y:  Promoted:         -                  -                 0M (0%)            0M (0%)     
[1343.157s][info][gc,heap     ] GC(174) y: Compacted:         -                  -                  -               103M (1%)     
[1343.157s][info][gc,phases   ] GC(174) y: Young Generation 7114M(87%)->994M(12%) 0.249s
[1343.157s][info][gc          ] GC(174) Minor Collection (Allocation Rate) 7114M(87%)->994M(12%) 0.250s
[1345.813s][info][gc          ] GC(175) Major Collection (Proactive)
[1345.813s][info][gc,task     ] GC(175) Using 1 Workers for Young Generation
[1345.813s][info][gc,task     ] GC(175) Using 1 Workers for Old Generation
[1345.813s][info][gc,phases   ] GC(175) Y: Young Generation
[1345.813s][info][gc,phases   ] GC(175) Y: Pause Mark Start (Major) 0.014ms
[1345.889s][info][gc,phases   ] GC(175) Y: Concurrent Mark 75.572ms
[1345.889s][info][gc,phases   ] GC(175) Y: Pause Mark End 0.010ms
[1345.889s][info][gc,phases   ] GC(175) Y: Concurrent Mark Free 0.000ms
[1345.889s][info][gc,phases   ] GC(175) Y: Concurrent Reset Relocation Set 0.167ms
[1345.892s][info][gc,reloc    ] GC(175) Y: Using tenuring threshold: 6 (Computed)
[1345.894s][info][gc,phases   ] GC(175) Y: Concurrent Select Relocation Set 4.627ms
[1345.894s][info][gc,phases   ] GC(175) Y: Pause Relocate Start 0.007ms
[1345.925s][info][gc,phases   ] GC(175) Y: Concurrent Relocate 31.097ms
[1345.925s][info][gc,alloc    ] GC(175) Y:                         Mark Start        Mark End      Relocate Start    Relocate End   
[1345.925s][info][gc,alloc    ] GC(175) Y: Allocation Stalls:          0                0                0                0         
[1345.925s][info][gc,load     ] GC(175) Y: Load: 0.00 (0%) / 0.00 (0%) / 0.00 (0%)
[1345.925s][info][gc,mmu      ] GC(175) Y: MMU: 2ms/76.4%, 5ms/90.6%, 10ms/95.3%, 20ms/97.6%, 50ms/99.1%, 100ms/99.5%
[1345.925s][info][gc,marking  ] GC(175) Y: Mark: 1 stripe(s), 2 proactive flush(es), 1 terminate flush(es), 0 completion(s), 0 continuation(s) 
[1345.925s][info][gc,marking  ] GC(175) Y: Mark Stack Usage: 32M
[1345.925s][info][gc,nmethod  ] GC(175) Y: NMethods: 6701 registered, 727 unregistered
[1345.925s][info][gc,metaspace] GC(175) Y: Metaspace: 131M used, 133M committed, 1152M reserved
[1345.925s][info][gc,reloc    ] GC(175) Y:                        Candidates     Selected     In-Place         Size        Empty    Relocated 
[1345.925s][info][gc,reloc    ] GC(175) Y: Small Pages:                 1338          769            0        2676M        1078M          35M 
[1345.925s][info][gc,reloc    ] GC(175) Y: Medium Pages:                   0            0            0           0M           0M           0M 
[1345.925s][info][gc,reloc    ] GC(175) Y: Large Pages:                    0            0            0           0M           0M           0M 
[1345.925s][info][gc,reloc    ] GC(175) Y: Forwarding Usage: 12M
[1345.925s][info][gc,reloc    ] GC(175) Y: Age Table:
[1345.925s][info][gc,reloc    ] GC(175) Y:                    Live             Garbage             Small              Medium             Large        
[1345.925s][info][gc,reloc    ] GC(175) Y: Eden              45M (1%)         2456M (30%)       1251 / 702            0 / 0              0 / 0        
[1345.925s][info][gc,reloc    ] GC(175) Y: Survivor 1         2M (0%)          123M (2%)          63 / 46             0 / 0              0 / 0        
[1345.925s][info][gc,reloc    ] GC(175) Y: Survivor 2         0M (0%)           19M (0%)          10 / 9              0 / 0              0 / 0        
[1345.925s][info][gc,reloc    ] GC(175) Y: Survivor 3         1M (0%)           14M (0%)           8 / 6              0 / 0              0 / 0        
[1345.925s][info][gc,reloc    ] GC(175) Y: Survivor 4         0M (0%)            1M (0%)           1 / 1              0 / 0              0 / 0        
[1345.925s][info][gc,reloc    ] GC(175) Y: Survivor 5         0M (0%)            1M (0%)           1 / 1              0 / 0              0 / 0        
[1345.925s][info][gc,reloc    ] GC(175) Y: Survivor 6         0M (0%)            7M (0%)           4 / 4              0 / 0              0 / 0        
[1345.925s][info][gc,heap     ] GC(175) Y: Min Capacity: 8192M(100%)
[1345.926s][info][gc,heap     ] GC(175) Y: Max Capacity: 8192M(100%)
[1345.926s][info][gc,heap     ] GC(175) Y: Soft Max Capacity: 8192M(100%)
[1345.926s][info][gc,heap     ] GC(175) Y: Heap Statistics:
[1345.926s][info][gc,heap     ] GC(175) Y:                Mark Start          Mark End        Relocate Start      Relocate End           High               Low         
[1345.926s][info][gc,heap     ] GC(175) Y:  Capacity:     8192M (100%)       8192M (100%)       8192M (100%)       8192M (100%)       8192M (100%)       8192M (100%)   
[1345.926s][info][gc,heap     ] GC(175) Y:      Free:     4952M (60%)        4876M (60%)        5952M (73%)        7444M (91%)        7444M (91%)        4876M (60%)    
[1345.926s][info][gc,heap     ] GC(175) Y:      Used:     3240M (40%)        3316M (40%)        2240M (27%)         748M (9%)         3316M (40%)         748M (9%)     
[1345.926s][info][gc,heap     ] GC(175) Y: Young Generation Statistics:
[1345.926s][info][gc,heap     ] GC(175) Y:                Mark Start          Mark End        Relocate Start      Relocate End    
[1345.926s][info][gc,heap     ] GC(175) Y:      Used:     2676M (33%)        2752M (34%)        1676M (20%)         180M (2%)     
[1345.926s][info][gc,heap     ] GC(175) Y:      Live:         -                50M (1%)           50M (1%)           49M (1%)     
[1345.926s][info][gc,heap     ] GC(175) Y:   Garbage:         -              2625M (32%)        1547M (19%)           3M (0%)     
[1345.926s][info][gc,heap     ] GC(175) Y: Allocated:         -                76M (1%)           78M (1%)          126M (2%)     
[1345.926s][info][gc,heap     ] GC(175) Y: Reclaimed:         -                  -              1078M (13%)        2622M (32%)    
[1345.926s][info][gc,heap     ] GC(175) Y:  Promoted:         -                  -                 0M (0%)            0M (0%)     
[1345.926s][info][gc,heap     ] GC(175) Y: Compacted:         -                  -                  -                41M (1%)     
[1345.926s][info][gc,phases   ] GC(175) Y: Young Generation 3240M(40%)->748M(9%) 0.112s
[1345.926s][info][gc,phases   ] GC(175) O: Old Generation
[1346.646s][info][gc,phases   ] GC(175) O: Concurrent Mark 720.620ms
[1346.646s][info][gc,phases   ] GC(175) O: Pause Mark End 0.011ms
[1346.646s][info][gc,phases   ] GC(175) O: Concurrent Mark Free 0.000ms
[1346.660s][info][gc,phases   ] GC(175) O: Concurrent Process Non-Strong 13.801ms
[1346.660s][info][gc,phases   ] GC(175) O: Concurrent Reset Relocation Set 0.002ms
[1346.663s][info][gc,phases   ] GC(175) O: Concurrent Select Relocation Set 2.506ms
[1346.663s][info][gc,task     ] GC(175) O: Using 2 Workers for Old Generation
[1346.727s][info][gc,task     ] GC(175) O: Using 1 Workers for Old Generation
[1346.727s][info][gc,phases   ] GC(175) O: Concurrent Remap Roots 63.883ms
[1346.728s][info][gc,phases   ] GC(175) O: Pause Relocate Start 0.212ms
[1346.741s][info][gc,phases   ] GC(175) O: Concurrent Relocate 13.597ms
[1346.741s][info][gc,alloc    ] GC(175) O:                         Mark Start        Mark End      Relocate Start    Relocate End   
[1346.741s][info][gc,alloc    ] GC(175) O: Allocation Stalls:          0                0                0                0         
[1346.741s][info][gc,load     ] GC(175) O: Load: 0.00 (0%) / 0.00 (0%) / 0.00 (0%)
[1346.741s][info][gc,mmu      ] GC(175) O: MMU: 2ms/76.4%, 5ms/90.6%, 10ms/95.3%, 20ms/97.6%, 50ms/99.1%, 100ms/99.5%
[1346.741s][info][gc,marking  ] GC(175) O: Mark: 1 stripe(s), 2 proactive flush(es), 1 terminate flush(es), 0 completion(s), 0 continuation(s) 
[1346.741s][info][gc,marking  ] GC(175) O: Mark Stack Usage: 32M
[1346.741s][info][gc,nmethod  ] GC(175) O: NMethods: 6675 registered, 753 unregistered
[1346.741s][info][gc,metaspace] GC(175) O: Metaspace: 131M used, 133M committed, 1152M reserved
[1346.741s][info][gc,ref      ] GC(175) O:                       Encountered   Discovered     Enqueued 
[1346.741s][info][gc,ref      ] GC(175) O: Soft References:             6087            0            0 
[1346.741s][info][gc,ref      ] GC(175) O: Weak References:            23448        12850            8 
[1346.741s][info][gc,ref      ] GC(175) O: Final References:              34            0            0 
[1346.741s][info][gc,ref      ] GC(175) O: Phantom References:          1168          933            3 
[1346.741s][info][gc,reloc    ] GC(175) O:                        Candidates     Selected     In-Place         Size        Empty    Relocated 
[1346.741s][info][gc,reloc    ] GC(175) O: Small Pages:                  250           12            0         500M           4M           3M 
[1346.742s][info][gc,reloc    ] GC(175) O: Medium Pages:                   2            0            0          64M           0M           0M 
[1346.742s][info][gc,reloc    ] GC(175) O: Large Pages:                    0            0            0           0M           0M           0M 
[1346.742s][info][gc,reloc    ] GC(175) O: Forwarding Usage: 4M
[1346.742s][info][gc,heap     ] GC(175) O: Min Capacity: 8192M(100%)
[1346.742s][info][gc,heap     ] GC(175) O: Max Capacity: 8192M(100%)
[1346.742s][info][gc,heap     ] GC(175) O: Soft Max Capacity: 8192M(100%)
[1346.742s][info][gc,heap     ] GC(175) O: Heap Statistics:
[1346.742s][info][gc,heap     ] GC(175) O:                Mark Start          Mark End        Relocate Start      Relocate End           High               Low         
[1346.742s][info][gc,heap     ] GC(175) O:  Capacity:     8192M (100%)       8192M (100%)       8192M (100%)       8192M (100%)       8192M (100%)       8192M (100%)   
[1346.742s][info][gc,heap     ] GC(175) O:      Free:     4952M (60%)        6772M (83%)        6732M (82%)        6738M (82%)        7444M (91%)        4876M (60%)    
[1346.742s][info][gc,heap     ] GC(175) O:      Used:     3240M (40%)        1420M (17%)        1460M (18%)        1454M (18%)        3316M (40%)         748M (9%)     
[1346.742s][info][gc,heap     ] GC(175) O: Old Generation Statistics:
[1346.742s][info][gc,heap     ] GC(175) O:                Mark Start          Mark End        Relocate Start      Relocate End    
[1346.742s][info][gc,heap     ] GC(175) O:      Used:      564M (7%)          568M (7%)          564M (7%)          550M (7%)     
[1346.742s][info][gc,heap     ] GC(175) O:      Live:         -               487M (6%)          487M (6%)          487M (6%)     
[1346.742s][info][gc,heap     ] GC(175) O:   Garbage:         -                76M (1%)           72M (1%)           47M (1%)     
[1346.742s][info][gc,heap     ] GC(175) O: Allocated:         -                 4M (0%)            4M (0%)           15M (0%)     
[1346.742s][info][gc,heap     ] GC(175) O: Reclaimed:         -                  -                 4M (0%)           29M (0%)     
[1346.742s][info][gc,heap     ] GC(175) O: Compacted:         -                  -                  -                 8M (0%)     
[1346.742s][info][gc,phases   ] GC(175) O: Old Generation 750M(9%)->1454M(18%) 0.816s
[1346.742s][info][gc          ] GC(175) Major Collection (Proactive) 3240M(40%)->1454M(18%) 0.929s
[1353.901s][info][gc          ] GC(176) Minor Collection (Allocation Rate)
[1353.901s][info][gc,task     ] GC(176) Using 1 Workers for Young Generation
[1353.901s][info][gc,phases   ] GC(176) y: Young Generation
[1353.901s][info][gc,phases   ] GC(176) y: Pause Mark Start 0.013ms
[1354.054s][info][gc,phases   ] GC(176) y: Concurrent Mark 152.822ms
[1354.054s][info][gc,phases   ] GC(176) y: Pause Mark End 0.009ms
[1354.054s][info][gc,phases   ] GC(176) y: Concurrent Mark Free 0.000ms
[1354.054s][info][gc,phases   ] GC(176) y: Concurrent Reset Relocation Set 0.055ms
[1354.058s][info][gc,reloc    ] GC(176) y: Using tenuring threshold: 5 (Computed)
[1354.069s][info][gc,phases   ] GC(176) y: Concurrent Select Relocation Set 14.693ms
[1354.069s][info][gc,phases   ] GC(176) y: Pause Relocate Start 0.011ms
[1354.169s][info][gc,phases   ] GC(176) y: Concurrent Relocate 99.180ms
[1354.169s][info][gc,alloc    ] GC(176) y:                         Mark Start        Mark End      Relocate Start    Relocate End   
[1354.169s][info][gc,alloc    ] GC(176) y: Allocation Stalls:          0                0                0                0         
[1354.169s][info][gc,load     ] GC(176) y: Load: 0.00 (0%) / 0.00 (0%) / 0.00 (0%)
[1354.169s][info][gc,mmu      ] GC(176) y: MMU: 2ms/76.4%, 5ms/90.6%, 10ms/95.3%, 20ms/97.6%, 50ms/99.1%, 100ms/99.5%
[1354.169s][info][gc,marking  ] GC(176) y: Mark: 1 stripe(s), 2 proactive flush(es), 1 terminate flush(es), 0 completion(s), 0 continuation(s) 
[1354.169s][info][gc,marking  ] GC(176) y: Mark Stack Usage: 32M
[1354.169s][info][gc,nmethod  ] GC(176) y: NMethods: 6677 registered, 753 unregistered
[1354.169s][info][gc,metaspace] GC(176) y: Metaspace: 131M used, 133M committed, 1152M reserved
[1354.169s][info][gc,reloc    ] GC(176) y:                        Candidates     Selected     In-Place         Size        Empty    Relocated 
[1354.169s][info][gc,reloc    ] GC(176) y: Small Pages:                 3412         2127            0        6824M        2430M         103M 
[1354.169s][info][gc,reloc    ] GC(176) y: Medium Pages:                   0            0            0           0M           0M           0M 
[1354.169s][info][gc,reloc    ] GC(176) y: Large Pages:                    0            0            0           0M           0M           0M 
[1354.169s][info][gc,reloc    ] GC(176) y: Forwarding Usage: 35M
[1354.169s][info][gc,reloc    ] GC(176) y: Age Table:
[1354.169s][info][gc,reloc    ] GC(176) y:                    Live             Garbage             Small              Medium             Large        
[1354.169s][info][gc,reloc    ] GC(176) y: Eden             112M (1%)         6625M (81%)       3369 / 2091           0 / 0              0 / 0        
[1354.169s][info][gc,reloc    ] GC(176) y: Survivor 1         7M (0%)           50M (1%)          29 / 26             0 / 0              0 / 0        
[1354.169s][info][gc,reloc    ] GC(176) y: Survivor 2         0M (0%)            7M (0%)           4 / 3              0 / 0              0 / 0        
[1354.169s][info][gc,reloc    ] GC(176) y: Survivor 3         0M (0%)            5M (0%)           3 / 2              0 / 0              0 / 0        
[1354.169s][info][gc,reloc    ] GC(176) y: Survivor 4         0M (0%)            9M (0%)           5 / 3              0 / 0              0 / 0        
[1354.169s][info][gc,reloc    ] GC(176) y: Survivor 5         0M (0%)            1M (0%)           1 / 1              0 / 0              0 / 0        
[1354.169s][info][gc,reloc    ] GC(176) y: Survivor 6         0M (0%)            1M (0%)           1 / 1              0 / 0              0 / 0        
[1354.169s][info][gc,heap     ] GC(176) y: Min Capacity: 8192M(100%)
[1354.169s][info][gc,heap     ] GC(176) y: Max Capacity: 8192M(100%)
[1354.169s][info][gc,heap     ] GC(176) y: Soft Max Capacity: 8192M(100%)
[1354.169s][info][gc,heap     ] GC(176) y: Heap Statistics:
[1354.169s][info][gc,heap     ] GC(176) y:                Mark Start          Mark End        Relocate Start      Relocate End           High               Low         
[1354.169s][info][gc,heap     ] GC(176) y:  Capacity:     8192M (100%)       8192M (100%)       8192M (100%)       8192M (100%)       8192M (100%)       8192M (100%)   
[1354.169s][info][gc,heap     ] GC(176) y:      Free:      818M (10%)         692M (8%)         3112M (38%)        7276M (89%)        7276M (89%)         690M (8%)     
[1354.169s][info][gc,heap     ] GC(176) y:      Used:     7374M (90%)        7500M (92%)        5080M (62%)         916M (11%)        7502M (92%)         916M (11%)    
[1354.169s][info][gc,heap     ] GC(176) y: Young Generation Statistics:
[1354.169s][info][gc,heap     ] GC(176) y:                Mark Start          Mark End        Relocate Start      Relocate End    
[1354.169s][info][gc,heap     ] GC(176) y:      Used:     6824M (83%)        6950M (85%)        4530M (55%)         364M (4%)     
[1354.169s][info][gc,heap     ] GC(176) y:      Live:         -               120M (1%)          120M (1%)          120M (1%)     
[1354.169s][info][gc,heap     ] GC(176) y:   Garbage:         -              6703M (82%)        4273M (52%)           1M (0%)     
[1354.169s][info][gc,heap     ] GC(176) y: Allocated:         -               126M (2%)          136M (2%)          241M (3%)     
[1354.169s][info][gc,heap     ] GC(176) y: Reclaimed:         -                  -              2430M (30%)        6701M (82%)    
[1354.169s][info][gc,heap     ] GC(176) y:  Promoted:         -                  -                 0M (0%)            0M (0%)     
[1354.169s][info][gc,heap     ] GC(176) y: Compacted:         -                  -                  -               118M (1%)     
[1354.169s][info][gc,phases   ] GC(176) y: Young Generation 7374M(90%)->916M(11%) 0.267s
[1354.169s][info][gc          ] GC(176) Minor Collection (Allocation Rate) 7374M(90%)->916M(11%) 0.268s
[1359.906s][info][gc          ] GC(177) Minor Collection (Allocation Rate)
[1359.906s][info][gc,task     ] GC(177) Using 1 Workers for Young Generation
[1359.906s][info][gc,phases   ] GC(177) y: Young Generation
[1359.906s][info][gc,phases   ] GC(177) y: Pause Mark Start 0.013ms
[1360.108s][info][gc,phases   ] GC(177) y: Concurrent Mark 202.217ms
[1360.109s][info][gc,phases   ] GC(177) y: Pause Mark End 0.009ms
[1360.109s][info][gc,phases   ] GC(177) y: Concurrent Mark Free 0.000ms
[1360.109s][info][gc,phases   ] GC(177) y: Concurrent Reset Relocation Set 0.223ms
[1360.111s][info][gc,reloc    ] GC(177) y: Using tenuring threshold: 4 (Computed)
[1360.137s][info][gc,phases   ] GC(177) y: Concurrent Select Relocation Set 28.652ms
[1360.138s][info][gc,phases   ] GC(177) y: Pause Relocate Start 0.018ms
[1360.272s][info][gc,phases   ] GC(177) y: Concurrent Relocate 133.993ms
[1360.272s][info][gc,alloc    ] GC(177) y:                         Mark Start        Mark End      Relocate Start    Relocate End   
[1360.272s][info][gc,alloc    ] GC(177) y: Allocation Stalls:          0                0                0                0         
[1360.272s][info][gc,load     ] GC(177) y: Load: 0.00 (0%) / 0.00 (0%) / 0.00 (0%)
[1360.272s][info][gc,mmu      ] GC(177) y: MMU: 2ms/76.4%, 5ms/90.6%, 10ms/95.3%, 20ms/97.6%, 50ms/99.1%, 100ms/99.5%
[1360.272s][info][gc,marking  ] GC(177) y: Mark: 1 stripe(s), 2 proactive flush(es), 1 terminate flush(es), 0 completion(s), 0 continuation(s) 
[1360.272s][info][gc,marking  ] GC(177) y: Mark Stack Usage: 32M
[1360.272s][info][gc,nmethod  ] GC(177) y: NMethods: 6687 registered, 753 unregistered
[1360.272s][info][gc,metaspace] GC(177) y: Metaspace: 131M used, 133M committed, 1152M reserved
[1360.272s][info][gc,reloc    ] GC(177) y:                        Candidates     Selected     In-Place         Size        Empty    Relocated 
[1360.272s][info][gc,reloc    ] GC(177) y: Small Pages:                 3211         2028            0        6422M        2178M         138M 
[1360.272s][info][gc,reloc    ] GC(177) y: Medium Pages:                   0            0            0           0M           0M           0M 
[1360.272s][info][gc,reloc    ] GC(177) y: Large Pages:                    0            0            0           0M           0M           0M 
[1360.272s][info][gc,reloc    ] GC(177) y: Forwarding Usage: 49M
[1360.272s][info][gc,reloc    ] GC(177) y: Age Table:
[1360.272s][info][gc,reloc    ] GC(177) y:                    Live             Garbage             Small              Medium             Large        
[1360.272s][info][gc,reloc    ] GC(177) y: Eden             147M (2%)         6120M (75%)       3134 / 1965           0 / 0              0 / 0        
[1360.272s][info][gc,reloc    ] GC(177) y: Survivor 1        13M (0%)          108M (1%)          61 / 48             0 / 0              0 / 0        
[1360.272s][info][gc,reloc    ] GC(177) y: Survivor 2         1M (0%)           12M (0%)           7 / 7              0 / 0              0 / 0        
[1360.272s][info][gc,reloc    ] GC(177) y: Survivor 3         0M (0%)            3M (0%)           2 / 1              0 / 0              0 / 0        
[1360.272s][info][gc,reloc    ] GC(177) y: Survivor 4         0M (0%)            5M (0%)           3 / 3              0 / 0              0 / 0        
[1360.272s][info][gc,reloc    ] GC(177) y: Survivor 5         0M (0%)            7M (0%)           4 / 4              0 / 0              0 / 0        
[1360.272s][info][gc,heap     ] GC(177) y: Min Capacity: 8192M(100%)
[1360.272s][info][gc,heap     ] GC(177) y: Max Capacity: 8192M(100%)
[1360.272s][info][gc,heap     ] GC(177) y: Soft Max Capacity: 8192M(100%)
[1360.272s][info][gc,heap     ] GC(177) y: Heap Statistics:
[1360.272s][info][gc,heap     ] GC(177) y:                Mark Start          Mark End        Relocate Start      Relocate End           High               Low         
[1360.272s][info][gc,heap     ] GC(177) y:  Capacity:     8192M (100%)       8192M (100%)       8192M (100%)       8192M (100%)       8192M (100%)       8192M (100%)   
[1360.272s][info][gc,heap     ] GC(177) y:      Free:     1218M (15%)         990M (12%)        3128M (38%)        7024M (86%)        7038M (86%)         988M (12%)    
[1360.272s][info][gc,heap     ] GC(177) y:      Used:     6974M (85%)        7202M (88%)        5064M (62%)        1168M (14%)        7204M (88%)        1154M (14%)    
[1360.272s][info][gc,heap     ] GC(177) y: Young Generation Statistics:
[1360.272s][info][gc,heap     ] GC(177) y:                Mark Start          Mark End        Relocate Start      Relocate End    
[1360.272s][info][gc,heap     ] GC(177) y:      Used:     6422M (78%)        6650M (81%)        4512M (55%)         608M (7%)     
[1360.272s][info][gc,heap     ] GC(177) y:      Live:         -               163M (2%)          163M (2%)          163M (2%)     
[1360.272s][info][gc,heap     ] GC(177) y:   Garbage:         -              6258M (76%)        4080M (50%)           0M (0%)     
[1360.272s][info][gc,heap     ] GC(177) y: Allocated:         -               228M (3%)          268M (3%)          443M (5%)     
[1360.272s][info][gc,heap     ] GC(177) y: Reclaimed:         -                  -              2178M (27%)        6257M (76%)    
[1360.272s][info][gc,heap     ] GC(177) y:  Promoted:         -                  -                 0M (0%)            0M (0%)     
[1360.272s][info][gc,heap     ] GC(177) y: Compacted:         -                  -                  -               160M (2%)     
[1360.272s][info][gc,phases   ] GC(177) y: Young Generation 6974M(85%)->1168M(14%) 0.366s
[1360.272s][info][gc          ] GC(177) Minor Collection (Allocation Rate) 6974M(85%)->1170M(14%) 0.366s
[1366.436s][info][gc          ] GC(178) Minor Collection (Allocation Rate)
[1366.436s][info][gc,task     ] GC(178) Using 1 Workers for Young Generation
[1366.436s][info][gc,phases   ] GC(178) y: Young Generation
[1366.436s][info][gc,phases   ] GC(178) y: Pause Mark Start 0.014ms
[1366.596s][info][gc,phases   ] GC(178) y: Concurrent Mark 159.757ms
[1366.596s][info][gc,phases   ] GC(178) y: Pause Mark End 0.019ms
[1366.596s][info][gc,phases   ] GC(178) y: Concurrent Mark Free 0.000ms
[1366.596s][info][gc,phases   ] GC(178) y: Concurrent Reset Relocation Set 0.644ms
[1366.606s][info][gc,reloc    ] GC(178) y: Using tenuring threshold: 5 (Computed)
[1366.613s][info][gc,phases   ] GC(178) y: Concurrent Select Relocation Set 16.273ms
[1366.613s][info][gc,phases   ] GC(178) y: Pause Relocate Start 0.010ms
[1366.693s][info][gc,phases   ] GC(178) y: Concurrent Relocate 79.801ms
[1366.693s][info][gc,alloc    ] GC(178) y:                         Mark Start        Mark End      Relocate Start    Relocate End   
[1366.693s][info][gc,alloc    ] GC(178) y: Allocation Stalls:          0                0                0                0         
[1366.693s][info][gc,load     ] GC(178) y: Load: 0.00 (0%) / 0.00 (0%) / 0.00 (0%)
[1366.693s][info][gc,mmu      ] GC(178) y: MMU: 2ms/76.4%, 5ms/90.6%, 10ms/95.3%, 20ms/97.6%, 50ms/99.1%, 100ms/99.5%
[1366.693s][info][gc,marking  ] GC(178) y: Mark: 1 stripe(s), 2 proactive flush(es), 1 terminate flush(es), 0 completion(s), 0 continuation(s) 
[1366.693s][info][gc,marking  ] GC(178) y: Mark Stack Usage: 32M
[1366.693s][info][gc,nmethod  ] GC(178) y: NMethods: 6705 registered, 753 unregistered
[1366.693s][info][gc,metaspace] GC(178) y: Metaspace: 131M used, 133M committed, 1152M reserved
[1366.693s][info][gc,reloc    ] GC(178) y:                        Candidates     Selected     In-Place         Size        Empty    Relocated 
[1366.693s][info][gc,reloc    ] GC(178) y: Small Pages:                 3134         1444            0        6268M        3270M          66M 
[1366.693s][info][gc,reloc    ] GC(178) y: Medium Pages:                   0            0            0           0M           0M           0M 
[1366.693s][info][gc,reloc    ] GC(178) y: Large Pages:                    0            0            0           0M           0M           0M 
[1366.693s][info][gc,reloc    ] GC(178) y: Forwarding Usage: 26M
[1366.693s][info][gc,reloc    ] GC(178) y: Age Table:
[1366.693s][info][gc,reloc    ] GC(178) y:                    Live             Garbage             Small              Medium             Large        
[1366.693s][info][gc,reloc    ] GC(178) y: Eden              83M (1%)         5984M (73%)       3034 / 1358           0 / 0              0 / 0        
[1366.693s][info][gc,reloc    ] GC(178) y: Survivor 1        11M (0%)          148M (2%)          80 / 68             0 / 0              0 / 0        
[1366.693s][info][gc,reloc    ] GC(178) y: Survivor 2         0M (0%)           25M (0%)          13 / 12             0 / 0              0 / 0        
[1366.693s][info][gc,reloc    ] GC(178) y: Survivor 3         0M (0%)            9M (0%)           5 / 4              0 / 0              0 / 0        
[1366.693s][info][gc,reloc    ] GC(178) y: Survivor 4         0M (0%)            3M (0%)           2 / 2              0 / 0              0 / 0        
[1366.693s][info][gc,heap     ] GC(178) y: Min Capacity: 8192M(100%)
[1366.693s][info][gc,heap     ] GC(178) y: Max Capacity: 8192M(100%)
[1366.693s][info][gc,heap     ] GC(178) y: Soft Max Capacity: 8192M(100%)
[1366.693s][info][gc,heap     ] GC(178) y: Heap Statistics:
[1366.693s][info][gc,heap     ] GC(178) y:                Mark Start          Mark End        Relocate Start      Relocate End           High               Low         
[1366.693s][info][gc,heap     ] GC(178) y:  Capacity:     8192M (100%)       8192M (100%)       8192M (100%)       8192M (100%)       8192M (100%)       8192M (100%)   
[1366.693s][info][gc,heap     ] GC(178) y:      Free:     1364M (17%)        1142M (14%)        4370M (53%)        7134M (87%)        7140M (87%)        1140M (14%)    
[1366.693s][info][gc,heap     ] GC(178) y:      Used:     6828M (83%)        7050M (86%)        3822M (47%)        1058M (13%)        7052M (86%)        1052M (13%)    
[1366.693s][info][gc,heap     ] GC(178) y: Young Generation Statistics:
[1366.693s][info][gc,heap     ] GC(178) y:                Mark Start          Mark End        Relocate Start      Relocate End    
[1366.693s][info][gc,heap     ] GC(178) y:      Used:     6268M (77%)        6490M (79%)        3262M (40%)         498M (6%)     
[1366.693s][info][gc,heap     ] GC(178) y:      Live:         -                95M (1%)           95M (1%)           95M (1%)     
[1366.693s][info][gc,heap     ] GC(178) y:   Garbage:         -              6172M (75%)        2902M (35%)           2M (0%)     
[1366.693s][info][gc,heap     ] GC(178) y: Allocated:         -               222M (3%)          264M (3%)          399M (5%)     
[1366.693s][info][gc,heap     ] GC(178) y: Reclaimed:         -                  -              3270M (40%)        6169M (75%)    
[1366.693s][info][gc,heap     ] GC(178) y:  Promoted:         -                  -                 0M (0%)            0M (0%)     
[1366.693s][info][gc,heap     ] GC(178) y: Compacted:         -                  -                  -                78M (1%)     
[1366.693s][info][gc,phases   ] GC(178) y: Young Generation 6828M(83%)->1058M(13%) 0.257s
[1366.693s][info][gc          ] GC(178) Minor Collection (Allocation Rate) 6826M(83%)->1058M(13%) 0.258s
[1376.494s][info][gc          ] GC(179) Minor Collection (Allocation Rate)
[1376.494s][info][gc,task     ] GC(179) Using 1 Workers for Young Generation
[1376.494s][info][gc,phases   ] GC(179) y: Young Generation
[1376.494s][info][gc,phases   ] GC(179) y: Pause Mark Start 0.015ms
[1376.640s][info][gc,phases   ] GC(179) y: Concurrent Mark 145.897ms
[1376.640s][info][gc,phases   ] GC(179) y: Pause Mark End 0.011ms
[1376.640s][info][gc,phases   ] GC(179) y: Concurrent Mark Free 0.000ms
[1376.640s][info][gc,phases   ] GC(179) y: Concurrent Reset Relocation Set 0.168ms
[1376.645s][info][gc,reloc    ] GC(179) y: Using tenuring threshold: 6 (Computed)
[1376.668s][info][gc,phases   ] GC(179) y: Concurrent Select Relocation Set 27.706ms
[1376.668s][info][gc,phases   ] GC(179) y: Pause Relocate Start 0.009ms
[1376.778s][info][gc,phases   ] GC(179) y: Concurrent Relocate 110.505ms
[1376.779s][info][gc,alloc    ] GC(179) y:                         Mark Start        Mark End      Relocate Start    Relocate End   
[1376.779s][info][gc,alloc    ] GC(179) y: Allocation Stalls:          0                0                0                0         
[1376.779s][info][gc,load     ] GC(179) y: Load: 0.00 (0%) / 0.00 (0%) / 0.00 (0%)
[1376.779s][info][gc,mmu      ] GC(179) y: MMU: 2ms/76.4%, 5ms/90.6%, 10ms/95.3%, 20ms/97.6%, 50ms/99.1%, 100ms/99.5%
[1376.779s][info][gc,marking  ] GC(179) y: Mark: 1 stripe(s), 2 proactive flush(es), 1 terminate flush(es), 0 completion(s), 0 continuation(s) 
[1376.779s][info][gc,marking  ] GC(179) y: Mark Stack Usage: 32M
[1376.779s][info][gc,nmethod  ] GC(179) y: NMethods: 6750 registered, 753 unregistered
[1376.779s][info][gc,metaspace] GC(179) y: Metaspace: 131M used, 133M committed, 1152M reserved
[1376.779s][info][gc,reloc    ] GC(179) y:                        Candidates     Selected     In-Place         Size        Empty    Relocated 
[1376.779s][info][gc,reloc    ] GC(179) y: Small Pages:                 3297         2194            0        6594M        2084M          83M 
[1376.779s][info][gc,reloc    ] GC(179) y: Medium Pages:                   0            0            0           0M           0M           0M 
[1376.779s][info][gc,reloc    ] GC(179) y: Large Pages:                    0            0            0           0M           0M           0M 
[1376.779s][info][gc,reloc    ] GC(179) y: Forwarding Usage: 32M
[1376.779s][info][gc,reloc    ] GC(179) y: Age Table:
[1376.779s][info][gc,reloc    ] GC(179) y:                    Live             Garbage             Small              Medium             Large        
[1376.779s][info][gc,reloc    ] GC(179) y: Eden              94M (1%)         6361M (78%)       3228 / 2146           0 / 0              0 / 0        
[1376.779s][info][gc,reloc    ] GC(179) y: Survivor 1        12M (0%)           83M (1%)          48 / 35             0 / 0              0 / 0        
[1376.779s][info][gc,reloc    ] GC(179) y: Survivor 2         0M (0%)           21M (0%)          11 / 7              0 / 0              0 / 0        
[1376.779s][info][gc,reloc    ] GC(179) y: Survivor 3         0M (0%)            9M (0%)           5 / 3              0 / 0              0 / 0        
[1376.779s][info][gc,reloc    ] GC(179) y: Survivor 4         0M (0%)            5M (0%)           3 / 2              0 / 0              0 / 0        
[1376.779s][info][gc,reloc    ] GC(179) y: Survivor 5         0M (0%)            3M (0%)           2 / 1              0 / 0              0 / 0        
[1376.779s][info][gc,heap     ] GC(179) y: Min Capacity: 8192M(100%)
[1376.779s][info][gc,heap     ] GC(179) y: Max Capacity: 8192M(100%)
[1376.779s][info][gc,heap     ] GC(179) y: Soft Max Capacity: 8192M(100%)
[1376.779s][info][gc,heap     ] GC(179) y: Heap Statistics:
[1376.779s][info][gc,heap     ] GC(179) y:                Mark Start          Mark End        Relocate Start      Relocate End           High               Low         
[1376.779s][info][gc,heap     ] GC(179) y:  Capacity:     8192M (100%)       8192M (100%)       8192M (100%)       8192M (100%)       8192M (100%)       8192M (100%)   
[1376.779s][info][gc,heap     ] GC(179) y:      Free:     1038M (13%)         846M (10%)        2894M (35%)        7026M (86%)        7036M (86%)         846M (10%)    
[1376.779s][info][gc,heap     ] GC(179) y:      Used:     7154M (87%)        7346M (90%)        5298M (65%)        1166M (14%)        7346M (90%)        1156M (14%)    
[1376.779s][info][gc,heap     ] GC(179) y: Young Generation Statistics:
[1376.779s][info][gc,heap     ] GC(179) y:                Mark Start          Mark End        Relocate Start      Relocate End    
[1376.779s][info][gc,heap     ] GC(179) y:      Used:     6594M (80%)        6786M (83%)        4738M (58%)         606M (7%)     
[1376.779s][info][gc,heap     ] GC(179) y:      Live:         -               106M (1%)          106M (1%)          106M (1%)     
[1376.779s][info][gc,heap     ] GC(179) y:   Garbage:         -              6487M (79%)        4403M (54%)           0M (0%)     
[1376.779s][info][gc,heap     ] GC(179) y: Allocated:         -               192M (2%)          228M (3%)          498M (6%)     
[1376.779s][info][gc,heap     ] GC(179) y: Reclaimed:         -                  -              2084M (25%)        6486M (79%)    
[1376.779s][info][gc,heap     ] GC(179) y:  Promoted:         -                  -                 0M (0%)            0M (0%)     
[1376.779s][info][gc,heap     ] GC(179) y: Compacted:         -                  -                  -                99M (1%)     
[1376.779s][info][gc,phases   ] GC(179) y: Young Generation 7154M(87%)->1166M(14%) 0.285s
[1376.779s][info][gc          ] GC(179) Minor Collection (Allocation Rate) 7154M(87%)->1166M(14%) 0.286s
[1383.115s][info][gc          ] GC(180) Minor Collection (Allocation Rate)
[1383.115s][info][gc,task     ] GC(180) Using 1 Workers for Young Generation
[1383.115s][info][gc,phases   ] GC(180) y: Young Generation
[1383.115s][info][gc,phases   ] GC(180) y: Pause Mark Start 0.013ms
[1383.304s][info][gc,phases   ] GC(180) y: Concurrent Mark 189.120ms
[1383.304s][info][gc,phases   ] GC(180) y: Pause Mark End 0.008ms
[1383.304s][info][gc,phases   ] GC(180) y: Concurrent Mark Free 0.000ms
[1383.305s][info][gc,phases   ] GC(180) y: Concurrent Reset Relocation Set 0.192ms
[1383.307s][info][gc,reloc    ] GC(180) y: Using tenuring threshold: 7 (Computed)
[1383.334s][info][gc,phases   ] GC(180) y: Concurrent Select Relocation Set 29.755ms
[1383.335s][info][gc,phases   ] GC(180) y: Pause Relocate Start 0.149ms
[1383.445s][info][gc,phases   ] GC(180) y: Concurrent Relocate 110.031ms
[1383.445s][info][gc,alloc    ] GC(180) y:                         Mark Start        Mark End      Relocate Start    Relocate End   
[1383.445s][info][gc,alloc    ] GC(180) y: Allocation Stalls:          0                0                0                0         
[1383.445s][info][gc,load     ] GC(180) y: Load: 0.00 (0%) / 0.00 (0%) / 0.00 (0%)
[1383.445s][info][gc,mmu      ] GC(180) y: MMU: 2ms/76.4%, 5ms/90.6%, 10ms/95.3%, 20ms/97.6%, 50ms/99.1%, 100ms/99.5%
[1383.445s][info][gc,marking  ] GC(180) y: Mark: 1 stripe(s), 2 proactive flush(es), 1 terminate flush(es), 0 completion(s), 0 continuation(s) 
[1383.445s][info][gc,marking  ] GC(180) y: Mark Stack Usage: 32M
[1383.445s][info][gc,nmethod  ] GC(180) y: NMethods: 6808 registered, 753 unregistered
[1383.445s][info][gc,metaspace] GC(180) y: Metaspace: 131M used, 133M committed, 1152M reserved
[1383.445s][info][gc,reloc    ] GC(180) y:                        Candidates     Selected     In-Place         Size        Empty    Relocated 
[1383.445s][info][gc,reloc    ] GC(180) y: Small Pages:                 3243         1931            0        6486M        2460M         116M 
[1383.445s][info][gc,reloc    ] GC(180) y: Medium Pages:                   0            0            0           0M           0M           0M 
[1383.445s][info][gc,reloc    ] GC(180) y: Large Pages:                    0            0            0           0M           0M           0M 
[1383.445s][info][gc,reloc    ] GC(180) y: Forwarding Usage: 40M
[1383.445s][info][gc,reloc    ] GC(180) y: Age Table:
[1383.445s][info][gc,reloc    ] GC(180) y:                    Live             Garbage             Small              Medium             Large        
[1383.445s][info][gc,reloc    ] GC(180) y: Eden             121M (1%)         6220M (76%)       3171 / 1875           0 / 0              0 / 0        
[1383.445s][info][gc,reloc    ] GC(180) y: Survivor 1        19M (0%)           84M (1%)          52 / 36             0 / 0              0 / 0        
[1383.445s][info][gc,reloc    ] GC(180) y: Survivor 2         2M (0%)           21M (0%)          12 / 12             0 / 0              0 / 0        
[1383.445s][info][gc,reloc    ] GC(180) y: Survivor 3         0M (0%)            5M (0%)           3 / 3              0 / 0              0 / 0        
[1383.445s][info][gc,reloc    ] GC(180) y: Survivor 4         0M (0%)            3M (0%)           2 / 2              0 / 0              0 / 0        
[1383.446s][info][gc,reloc    ] GC(180) y: Survivor 5         0M (0%)            1M (0%)           1 / 1              0 / 0              0 / 0        
[1383.446s][info][gc,reloc    ] GC(180) y: Survivor 6         0M (0%)            3M (0%)           2 / 2              0 / 0              0 / 0        
[1383.446s][info][gc,heap     ] GC(180) y: Min Capacity: 8192M(100%)
[1383.446s][info][gc,heap     ] GC(180) y: Max Capacity: 8192M(100%)
[1383.446s][info][gc,heap     ] GC(180) y: Soft Max Capacity: 8192M(100%)
[1383.446s][info][gc,heap     ] GC(180) y: Heap Statistics:
[1383.446s][info][gc,heap     ] GC(180) y:                Mark Start          Mark End        Relocate Start      Relocate End           High               Low         
[1383.446s][info][gc,heap     ] GC(180) y:  Capacity:     8192M (100%)       8192M (100%)       8192M (100%)       8192M (100%)       8192M (100%)       8192M (100%)   
[1383.446s][info][gc,heap     ] GC(180) y:      Free:     1146M (14%)         884M (11%)        3316M (40%)        7054M (86%)        7054M (86%)         884M (11%)    
[1383.446s][info][gc,heap     ] GC(180) y:      Used:     7046M (86%)        7308M (89%)        4876M (60%)        1138M (14%)        7308M (89%)        1138M (14%)    
[1383.446s][info][gc,heap     ] GC(180) y: Young Generation Statistics:
[1383.446s][info][gc,heap     ] GC(180) y:                Mark Start          Mark End        Relocate Start      Relocate End    
[1383.446s][info][gc,heap     ] GC(180) y:      Used:     6486M (79%)        6748M (82%)        4316M (53%)         578M (7%)     
[1383.446s][info][gc,heap     ] GC(180) y:      Live:         -               143M (2%)          143M (2%)          143M (2%)     
[1383.446s][info][gc,heap     ] GC(180) y:   Garbage:         -              6342M (77%)        3882M (47%)           1M (0%)     
[1383.446s][info][gc,heap     ] GC(180) y: Allocated:         -               262M (3%)          290M (4%)          433M (5%)     
[1383.446s][info][gc,heap     ] GC(180) y: Reclaimed:         -                  -              2460M (30%)        6341M (77%)    
[1383.446s][info][gc,heap     ] GC(180) y:  Promoted:         -                  -                 0M (0%)            0M (0%)     
[1383.446s][info][gc,heap     ] GC(180) y: Compacted:         -                  -                  -               136M (2%)     
[1383.446s][info][gc,phases   ] GC(180) y: Young Generation 7046M(86%)->1138M(14%) 0.330s
[1383.446s][info][gc          ] GC(180) Minor Collection (Allocation Rate) 7046M(86%)->1138M(14%) 0.331s
[1389.746s][info][gc          ] GC(181) Minor Collection (Allocation Rate)
[1389.746s][info][gc,task     ] GC(181) Using 1 Workers for Young Generation
[1389.746s][info][gc,phases   ] GC(181) y: Young Generation
[1389.746s][info][gc,phases   ] GC(181) y: Pause Mark Start 0.018ms
[1389.872s][info][gc,phases   ] GC(181) y: Concurrent Mark 125.765ms
[1389.872s][info][gc,phases   ] GC(181) y: Pause Mark End 0.015ms
[1389.872s][info][gc,phases   ] GC(181) y: Concurrent Mark Free 0.000ms
[1389.872s][info][gc,phases   ] GC(181) y: Concurrent Reset Relocation Set 0.203ms
[1389.875s][info][gc,reloc    ] GC(181) y: Using tenuring threshold: 8 (Computed)
[1389.877s][info][gc,phases   ] GC(181) y: Concurrent Select Relocation Set 5.501ms
[1389.878s][info][gc,phases   ] GC(181) y: Pause Relocate Start 0.008ms
[1389.960s][info][gc,phases   ] GC(181) y: Concurrent Relocate 82.757ms
[1389.961s][info][gc,alloc    ] GC(181) y:                         Mark Start        Mark End      Relocate Start    Relocate End   
[1389.961s][info][gc,alloc    ] GC(181) y: Allocation Stalls:          0                0                0                0         
[1389.961s][info][gc,load     ] GC(181) y: Load: 0.00 (0%) / 0.00 (0%) / 0.00 (0%)
[1389.961s][info][gc,mmu      ] GC(181) y: MMU: 2ms/76.4%, 5ms/90.6%, 10ms/95.3%, 20ms/97.6%, 50ms/99.1%, 100ms/99.5%
[1389.961s][info][gc,marking  ] GC(181) y: Mark: 1 stripe(s), 2 proactive flush(es), 1 terminate flush(es), 0 completion(s), 0 continuation(s) 
[1389.961s][info][gc,marking  ] GC(181) y: Mark Stack Usage: 32M
[1389.961s][info][gc,nmethod  ] GC(181) y: NMethods: 6825 registered, 753 unregistered
[1389.961s][info][gc,metaspace] GC(181) y: Metaspace: 131M used, 133M committed, 1152M reserved
[1389.961s][info][gc,reloc    ] GC(181) y:                        Candidates     Selected     In-Place         Size        Empty    Relocated 
[1389.961s][info][gc,reloc    ] GC(181) y: Small Pages:                 3340         1426            0        6680M        3732M          62M 
[1389.961s][info][gc,reloc    ] GC(181) y: Medium Pages:                   0            0            0           0M           0M           0M 
[1389.961s][info][gc,reloc    ] GC(181) y: Large Pages:                    0            0            0           0M           0M           0M 
[1389.961s][info][gc,reloc    ] GC(181) y: Forwarding Usage: 23M
[1389.961s][info][gc,reloc    ] GC(181) y: Age Table:
[1389.961s][info][gc,reloc    ] GC(181) y:                    Live             Garbage             Small              Medium             Large        
[1389.961s][info][gc,reloc    ] GC(181) y: Eden              78M (1%)         6419M (78%)       3249 / 1354           0 / 0              0 / 0        
[1389.961s][info][gc,reloc    ] GC(181) y: Survivor 1         1M (0%)          128M (2%)          65 / 49             0 / 0              0 / 0        
[1389.961s][info][gc,reloc    ] GC(181) y: Survivor 2         0M (0%)           29M (0%)          15 / 12             0 / 0              0 / 0        
[1389.961s][info][gc,reloc    ] GC(181) y: Survivor 3         0M (0%)            9M (0%)           5 / 5              0 / 0              0 / 0        
[1389.961s][info][gc,reloc    ] GC(181) y: Survivor 4         0M (0%)            3M (0%)           2 / 2              0 / 0              0 / 0        
[1389.961s][info][gc,reloc    ] GC(181) y: Survivor 5         0M (0%)            3M (0%)           2 / 2              0 / 0              0 / 0        
[1389.961s][info][gc,reloc    ] GC(181) y: Survivor 6         0M (0%)            1M (0%)           1 / 1              0 / 0              0 / 0        
[1389.961s][info][gc,reloc    ] GC(181) y: Survivor 7         0M (0%)            1M (0%)           1 / 1              0 / 0              0 / 0        
[1389.961s][info][gc,heap     ] GC(181) y: Min Capacity: 8192M(100%)
[1389.961s][info][gc,heap     ] GC(181) y: Max Capacity: 8192M(100%)
[1389.961s][info][gc,heap     ] GC(181) y: Soft Max Capacity: 8192M(100%)
[1389.961s][info][gc,heap     ] GC(181) y: Heap Statistics:
[1389.961s][info][gc,heap     ] GC(181) y:                Mark Start          Mark End        Relocate Start      Relocate End           High               Low         
[1389.961s][info][gc,heap     ] GC(181) y:  Capacity:     8192M (100%)       8192M (100%)       8192M (100%)       8192M (100%)       8192M (100%)       8192M (100%)   
[1389.961s][info][gc,heap     ] GC(181) y:      Free:      952M (12%)         828M (10%)        4558M (56%)        7346M (90%)        7352M (90%)         828M (10%)    
[1389.961s][info][gc,heap     ] GC(181) y:      Used:     7240M (88%)        7364M (90%)        3634M (44%)         846M (10%)        7364M (90%)         840M (10%)    
[1389.961s][info][gc,heap     ] GC(181) y: Young Generation Statistics:
[1389.961s][info][gc,heap     ] GC(181) y:                Mark Start          Mark End        Relocate Start      Relocate End    
[1389.961s][info][gc,heap     ] GC(181) y:      Used:     6680M (82%)        6804M (83%)        3074M (38%)         286M (3%)     
[1389.961s][info][gc,heap     ] GC(181) y:      Live:         -                82M (1%)           82M (1%)           82M (1%)     
[1389.961s][info][gc,heap     ] GC(181) y:   Garbage:         -              6597M (81%)        2865M (35%)           3M (0%)     
[1389.961s][info][gc,heap     ] GC(181) y: Allocated:         -               124M (2%)          126M (2%)          200M (2%)     
[1389.961s][info][gc,heap     ] GC(181) y: Reclaimed:         -                  -              3732M (46%)        6594M (80%)    
[1389.961s][info][gc,heap     ] GC(181) y:  Promoted:         -                  -                 0M (0%)            0M (0%)     
[1389.961s][info][gc,heap     ] GC(181) y: Compacted:         -                  -                  -                71M (1%)     
[1389.961s][info][gc,phases   ] GC(181) y: Young Generation 7240M(88%)->846M(10%) 0.215s
[1389.961s][info][gc          ] GC(181) Minor Collection (Allocation Rate) 7240M(88%)->848M(10%) 0.216s
[1399.373s][info][gc          ] GC(182) Minor Collection (Allocation Rate)
[1399.373s][info][gc,task     ] GC(182) Using 1 Workers for Young Generation
[1399.373s][info][gc,phases   ] GC(182) y: Young Generation
[1399.374s][info][gc,phases   ] GC(182) y: Pause Mark Start 0.013ms
[1399.544s][info][gc,phases   ] GC(182) y: Concurrent Mark 170.189ms
[1399.544s][info][gc,phases   ] GC(182) y: Pause Mark End 0.027ms
[1399.544s][info][gc,phases   ] GC(182) y: Concurrent Mark Free 0.001ms
[1399.544s][info][gc,phases   ] GC(182) y: Concurrent Reset Relocation Set 0.309ms
[1399.550s][info][gc,reloc    ] GC(182) y: Using tenuring threshold: 6 (Computed)
[1399.570s][info][gc,phases   ] GC(182) y: Concurrent Select Relocation Set 25.963ms
[1399.570s][info][gc,phases   ] GC(182) y: Pause Relocate Start 0.008ms
[1399.660s][info][gc,phases   ] GC(182) y: Concurrent Relocate 89.658ms
[1399.660s][info][gc,alloc    ] GC(182) y:                         Mark Start        Mark End      Relocate Start    Relocate End   
[1399.660s][info][gc,alloc    ] GC(182) y: Allocation Stalls:          0                0                0                0         
[1399.660s][info][gc,load     ] GC(182) y: Load: 0.00 (0%) / 0.00 (0%) / 0.00 (0%)
[1399.660s][info][gc,mmu      ] GC(182) y: MMU: 2ms/76.4%, 5ms/90.6%, 10ms/95.3%, 20ms/97.6%, 50ms/99.1%, 100ms/99.5%
[1399.660s][info][gc,marking  ] GC(182) y: Mark: 1 stripe(s), 2 proactive flush(es), 1 terminate flush(es), 0 completion(s), 0 continuation(s) 
[1399.660s][info][gc,marking  ] GC(182) y: Mark Stack Usage: 32M
[1399.660s][info][gc,nmethod  ] GC(182) y: NMethods: 6836 registered, 753 unregistered
[1399.660s][info][gc,metaspace] GC(182) y: Metaspace: 131M used, 133M committed, 1152M reserved
[1399.660s][info][gc,reloc    ] GC(182) y:                        Candidates     Selected     In-Place         Size        Empty    Relocated 
[1399.660s][info][gc,reloc    ] GC(182) y: Small Pages:                 3395         2127            0        6790M        2408M          92M 
[1399.660s][info][gc,reloc    ] GC(182) y: Medium Pages:                   0            0            0           0M           0M           0M 
[1399.660s][info][gc,reloc    ] GC(182) y: Large Pages:                    0            0            0           0M           0M           0M 
[1399.660s][info][gc,reloc    ] GC(182) y: Forwarding Usage: 33M
[1399.660s][info][gc,reloc    ] GC(182) y: Age Table:
[1399.660s][info][gc,reloc    ] GC(182) y:                    Live             Garbage             Small              Medium             Large        
[1399.660s][info][gc,reloc    ] GC(182) y: Eden              99M (1%)         6576M (80%)       3338 / 2083           0 / 0              0 / 0        
[1399.660s][info][gc,reloc    ] GC(182) y: Survivor 1        11M (0%)           80M (1%)          46 / 36             0 / 0              0 / 0        
[1399.660s][info][gc,reloc    ] GC(182) y: Survivor 2         0M (0%)            5M (0%)           3 / 1              0 / 0              0 / 0        
[1399.660s][info][gc,reloc    ] GC(182) y: Survivor 3         0M (0%)            3M (0%)           2 / 2              0 / 0              0 / 0        
[1399.660s][info][gc,reloc    ] GC(182) y: Survivor 4         0M (0%)            3M (0%)           2 / 1              0 / 0              0 / 0        
[1399.660s][info][gc,reloc    ] GC(182) y: Survivor 5         0M (0%)            1M (0%)           1 / 1              0 / 0              0 / 0        
[1399.660s][info][gc,reloc    ] GC(182) y: Survivor 6         0M (0%)            1M (0%)           1 / 1              0 / 0              0 / 0        
[1399.660s][info][gc,reloc    ] GC(182) y: Survivor 7         0M (0%)            1M (0%)           1 / 1              0 / 0              0 / 0        
[1399.660s][info][gc,reloc    ] GC(182) y: Survivor 8         0M (0%)            1M (0%)           1 / 1              0 / 0              0 / 0        
[1399.660s][info][gc,heap     ] GC(182) y: Min Capacity: 8192M(100%)
[1399.660s][info][gc,heap     ] GC(182) y: Max Capacity: 8192M(100%)
[1399.660s][info][gc,heap     ] GC(182) y: Soft Max Capacity: 8192M(100%)
[1399.660s][info][gc,heap     ] GC(182) y: Heap Statistics:
[1399.660s][info][gc,heap     ] GC(182) y:                Mark Start          Mark End        Relocate Start      Relocate End           High               Low         
[1399.660s][info][gc,heap     ] GC(182) y:  Capacity:     8192M (100%)       8192M (100%)       8192M (100%)       8192M (100%)       8192M (100%)       8192M (100%)   
[1399.661s][info][gc,heap     ] GC(182) y:      Free:      842M (10%)         568M (7%)         2932M (36%)        7092M (87%)        7092M (87%)         566M (7%)     
[1399.661s][info][gc,heap     ] GC(182) y:      Used:     7350M (90%)        7624M (93%)        5260M (64%)        1100M (13%)        7626M (93%)        1100M (13%)    
[1399.661s][info][gc,heap     ] GC(182) y: Young Generation Statistics:
[1399.661s][info][gc,heap     ] GC(182) y:                Mark Start          Mark End        Relocate Start      Relocate End    
[1399.661s][info][gc,heap     ] GC(182) y:      Used:     6790M (83%)        7064M (86%)        4700M (57%)         538M (7%)     
[1399.661s][info][gc,heap     ] GC(182) y:      Live:         -               111M (1%)          111M (1%)          111M (1%)     
[1399.661s][info][gc,heap     ] GC(182) y:   Garbage:         -              6678M (82%)        4270M (52%)           0M (0%)     
[1399.661s][info][gc,heap     ] GC(182) y: Allocated:         -               274M (3%)          318M (4%)          426M (5%)     
[1399.661s][info][gc,heap     ] GC(182) y: Reclaimed:         -                  -              2408M (29%)        6677M (82%)    
[1399.661s][info][gc,heap     ] GC(182) y:  Promoted:         -                  -                 0M (0%)            0M (0%)     
[1399.661s][info][gc,heap     ] GC(182) y: Compacted:         -                  -                  -               109M (1%)     
[1399.661s][info][gc,phases   ] GC(182) y: Young Generation 7350M(90%)->1100M(13%) 0.287s
[1399.661s][info][gc          ] GC(182) Minor Collection (Allocation Rate) 7350M(90%)->1100M(13%) 0.287s
[1406.233s][info][gc          ] GC(183) Minor Collection (Allocation Rate)
[1406.233s][info][gc,task     ] GC(183) Using 1 Workers for Young Generation
[1406.233s][info][gc,phases   ] GC(183) y: Young Generation
[1406.233s][info][gc,phases   ] GC(183) y: Pause Mark Start 0.014ms
[1406.464s][info][gc,phases   ] GC(183) y: Concurrent Mark 230.300ms
[1406.464s][info][gc,phases   ] GC(183) y: Pause Mark End 0.008ms
[1406.464s][info][gc,phases   ] GC(183) y: Concurrent Mark Free 0.000ms
[1406.464s][info][gc,phases   ] GC(183) y: Concurrent Reset Relocation Set 0.199ms
[1406.469s][info][gc,reloc    ] GC(183) y: Using tenuring threshold: 7 (Computed)
[1406.494s][info][gc,phases   ] GC(183) y: Concurrent Select Relocation Set 29.653ms
[1406.494s][info][gc,phases   ] GC(183) y: Pause Relocate Start 0.009ms
[1406.650s][info][gc,phases   ] GC(183) y: Concurrent Relocate 155.757ms
[1406.650s][info][gc,alloc    ] GC(183) y:                         Mark Start        Mark End      Relocate Start    Relocate End   
[1406.650s][info][gc,alloc    ] GC(183) y: Allocation Stalls:          0                0                0                0         
[1406.650s][info][gc,load     ] GC(183) y: Load: 0.00 (0%) / 0.00 (0%) / 0.00 (0%)
[1406.651s][info][gc,mmu      ] GC(183) y: MMU: 2ms/76.4%, 5ms/90.6%, 10ms/95.3%, 20ms/97.6%, 50ms/99.1%, 100ms/99.5%
[1406.651s][info][gc,marking  ] GC(183) y: Mark: 1 stripe(s), 2 proactive flush(es), 1 terminate flush(es), 0 completion(s), 0 continuation(s) 
[1406.651s][info][gc,marking  ] GC(183) y: Mark Stack Usage: 32M
[1406.651s][info][gc,nmethod  ] GC(183) y: NMethods: 6873 registered, 753 unregistered
[1406.651s][info][gc,metaspace] GC(183) y: Metaspace: 131M used, 133M committed, 1152M reserved
[1406.651s][info][gc,reloc    ] GC(183) y:                        Candidates     Selected     In-Place         Size        Empty    Relocated 
[1406.651s][info][gc,reloc    ] GC(183) y: Small Pages:                 3335         2064            0        6670M        2338M         130M 
[1406.651s][info][gc,reloc    ] GC(183) y: Medium Pages:                   0            0            0           0M           0M           0M 
[1406.651s][info][gc,reloc    ] GC(183) y: Large Pages:                    0            0            0           0M           0M           0M 
[1406.651s][info][gc,reloc    ] GC(183) y: Forwarding Usage: 45M
[1406.651s][info][gc,reloc    ] GC(183) y: Age Table:
[1406.651s][info][gc,reloc    ] GC(183) y:                    Live             Garbage             Small              Medium             Large        
[1406.651s][info][gc,reloc    ] GC(183) y: Eden             156M (2%)         6367M (78%)       3262 / 2006           0 / 0              0 / 0        
[1406.651s][info][gc,reloc    ] GC(183) y: Survivor 1        19M (0%)           92M (1%)          56 / 43             0 / 0              0 / 0        
[1406.651s][info][gc,reloc    ] GC(183) y: Survivor 2         2M (0%)           19M (0%)          11 / 10             0 / 0              0 / 0        
[1406.651s][info][gc,reloc    ] GC(183) y: Survivor 3         0M (0%)            1M (0%)           1 / 1              0 / 0              0 / 0        
[1406.651s][info][gc,reloc    ] GC(183) y: Survivor 4         0M (0%)            3M (0%)           2 / 1              0 / 0              0 / 0        
[1406.651s][info][gc,reloc    ] GC(183) y: Survivor 5         0M (0%)            1M (0%)           1 / 1              0 / 0              0 / 0        
[1406.651s][info][gc,reloc    ] GC(183) y: Survivor 6         0M (0%)            3M (0%)           2 / 2              0 / 0              0 / 0        
[1406.651s][info][gc,heap     ] GC(183) y: Min Capacity: 8192M(100%)
[1406.651s][info][gc,heap     ] GC(183) y: Max Capacity: 8192M(100%)
[1406.651s][info][gc,heap     ] GC(183) y: Soft Max Capacity: 8192M(100%)
[1406.651s][info][gc,heap     ] GC(183) y: Heap Statistics:
[1406.651s][info][gc,heap     ] GC(183) y:                Mark Start          Mark End        Relocate Start      Relocate End           High               Low         
[1406.651s][info][gc,heap     ] GC(183) y:  Capacity:     8192M (100%)       8192M (100%)       8192M (100%)       8192M (100%)       8192M (100%)       8192M (100%)   
[1406.651s][info][gc,heap     ] GC(183) y:      Free:      960M (12%)         686M (8%)         3004M (37%)        6980M (85%)        6986M (85%)         686M (8%)     
[1406.651s][info][gc,heap     ] GC(183) y:      Used:     7232M (88%)        7506M (92%)        5188M (63%)        1212M (15%)        7506M (92%)        1206M (15%)    
[1406.651s][info][gc,heap     ] GC(183) y: Young Generation Statistics:
[1406.651s][info][gc,heap     ] GC(183) y:                Mark Start          Mark End        Relocate Start      Relocate End    
[1406.651s][info][gc,heap     ] GC(183) y:      Used:     6670M (81%)        6944M (85%)        4626M (56%)         650M (8%)     
[1406.651s][info][gc,heap     ] GC(183) y:      Live:         -               179M (2%)          179M (2%)          179M (2%)     
[1406.651s][info][gc,heap     ] GC(183) y:   Garbage:         -              6490M (79%)        4152M (51%)           2M (0%)     
[1406.651s][info][gc,heap     ] GC(183) y: Allocated:         -               274M (3%)          294M (4%)          468M (6%)     
[1406.651s][info][gc,heap     ] GC(183) y: Reclaimed:         -                  -              2338M (29%)        6488M (79%)    
[1406.651s][info][gc,heap     ] GC(183) y:  Promoted:         -                  -                 0M (0%)            0M (0%)     
[1406.651s][info][gc,heap     ] GC(183) y: Compacted:         -                  -                  -               153M (2%)     
[1406.651s][info][gc,phases   ] GC(183) y: Young Generation 7232M(88%)->1212M(15%) 0.416s
[1406.651s][info][gc          ] GC(183) Minor Collection (Allocation Rate) 7232M(88%)->1216M(15%) 0.418s
[1413.312s][info][gc          ] GC(184) Minor Collection (Allocation Rate)
[1413.312s][info][gc,task     ] GC(184) Using 1 Workers for Young Generation
[1413.312s][info][gc,phases   ] GC(184) y: Young Generation
[1413.312s][info][gc,phases   ] GC(184) y: Pause Mark Start 0.014ms
[1413.488s][info][gc,phases   ] GC(184) y: Concurrent Mark 175.696ms
[1413.488s][info][gc,phases   ] GC(184) y: Pause Mark End 0.008ms
[1413.488s][info][gc,phases   ] GC(184) y: Concurrent Mark Free 0.000ms
[1413.489s][info][gc,phases   ] GC(184) y: Concurrent Reset Relocation Set 0.184ms
[1413.491s][info][gc,reloc    ] GC(184) y: Using tenuring threshold: 8 (Computed)
[1413.494s][info][gc,phases   ] GC(184) y: Concurrent Select Relocation Set 5.804ms
[1413.494s][info][gc,phases   ] GC(184) y: Pause Relocate Start 0.009ms
[1413.591s][info][gc,phases   ] GC(184) y: Concurrent Relocate 96.834ms
[1413.591s][info][gc,alloc    ] GC(184) y:                         Mark Start        Mark End      Relocate Start    Relocate End   
[1413.591s][info][gc,alloc    ] GC(184) y: Allocation Stalls:          0                0                0                0         
[1413.591s][info][gc,load     ] GC(184) y: Load: 0.00 (0%) / 0.00 (0%) / 0.00 (0%)
[1413.591s][info][gc,mmu      ] GC(184) y: MMU: 2ms/76.4%, 5ms/90.6%, 10ms/95.3%, 20ms/97.6%, 50ms/99.1%, 100ms/99.5%
[1413.591s][info][gc,marking  ] GC(184) y: Mark: 1 stripe(s), 2 proactive flush(es), 1 terminate flush(es), 0 completion(s), 0 continuation(s) 
[1413.591s][info][gc,marking  ] GC(184) y: Mark Stack Usage: 32M
[1413.591s][info][gc,nmethod  ] GC(184) y: NMethods: 6884 registered, 753 unregistered
[1413.591s][info][gc,metaspace] GC(184) y: Metaspace: 131M used, 133M committed, 1152M reserved
[1413.592s][info][gc,reloc    ] GC(184) y:                        Candidates     Selected     In-Place         Size        Empty    Relocated 
[1413.592s][info][gc,reloc    ] GC(184) y: Small Pages:                 3146         1771            0        6292M        2608M          95M 
[1413.592s][info][gc,reloc    ] GC(184) y: Medium Pages:                   0            0            0           0M           0M           0M 
[1413.592s][info][gc,reloc    ] GC(184) y: Large Pages:                    0            0            0           0M           0M           0M 
[1413.592s][info][gc,reloc    ] GC(184) y: Forwarding Usage: 36M
[1413.592s][info][gc,reloc    ] GC(184) y: Age Table:
[1413.592s][info][gc,reloc    ] GC(184) y:                    Live             Garbage             Small              Medium             Large        
[1413.592s][info][gc,reloc    ] GC(184) y: Eden             110M (1%)         5953M (73%)       3032 / 1683           0 / 0              0 / 0        
[1413.592s][info][gc,reloc    ] GC(184) y: Survivor 1         8M (0%)          159M (2%)          84 / 62             0 / 0              0 / 0        
[1413.592s][info][gc,reloc    ] GC(184) y: Survivor 2         2M (0%)           27M (0%)          15 / 14             0 / 0              0 / 0        
[1413.592s][info][gc,reloc    ] GC(184) y: Survivor 3         0M (0%)           17M (0%)           9 / 6              0 / 0              0 / 0        
[1413.592s][info][gc,reloc    ] GC(184) y: Survivor 4         0M (0%)            3M (0%)           2 / 2              0 / 0              0 / 0        
[1413.592s][info][gc,reloc    ] GC(184) y: Survivor 5         0M (0%)            3M (0%)           2 / 2              0 / 0              0 / 0        
[1413.592s][info][gc,reloc    ] GC(184) y: Survivor 6         0M (0%)            1M (0%)           1 / 1              0 / 0              0 / 0        
[1413.592s][info][gc,reloc    ] GC(184) y: Survivor 7         0M (0%)            1M (0%)           1 / 1              0 / 0              0 / 0        
[1413.592s][info][gc,heap     ] GC(184) y: Min Capacity: 8192M(100%)
[1413.592s][info][gc,heap     ] GC(184) y: Max Capacity: 8192M(100%)
[1413.592s][info][gc,heap     ] GC(184) y: Soft Max Capacity: 8192M(100%)
[1413.592s][info][gc,heap     ] GC(184) y: Heap Statistics:
[1413.592s][info][gc,heap     ] GC(184) y:                Mark Start          Mark End        Relocate Start      Relocate End           High               Low         
[1413.592s][info][gc,heap     ] GC(184) y:  Capacity:     8192M (100%)       8192M (100%)       8192M (100%)       8192M (100%)       8192M (100%)       8192M (100%)   
[1413.592s][info][gc,heap     ] GC(184) y:      Free:     1338M (16%)        1240M (15%)        3848M (47%)        7354M (90%)        7354M (90%)        1240M (15%)    
[1413.592s][info][gc,heap     ] GC(184) y:      Used:     6854M (84%)        6952M (85%)        4344M (53%)         838M (10%)        6952M (85%)         838M (10%)    
[1413.592s][info][gc,heap     ] GC(184) y: Young Generation Statistics:
[1413.592s][info][gc,heap     ] GC(184) y:                Mark Start          Mark End        Relocate Start      Relocate End    
[1413.592s][info][gc,heap     ] GC(184) y:      Used:     6292M (77%)        6390M (78%)        3782M (46%)         276M (3%)     
[1413.592s][info][gc,heap     ] GC(184) y:      Live:         -               122M (1%)          122M (1%)          122M (1%)     
[1413.592s][info][gc,heap     ] GC(184) y:   Garbage:         -              6169M (75%)        3561M (43%)           2M (0%)     
[1413.592s][info][gc,heap     ] GC(184) y: Allocated:         -                98M (1%)           98M (1%)          150M (2%)     
[1413.592s][info][gc,heap     ] GC(184) y: Reclaimed:         -                  -              2608M (32%)        6166M (75%)    
[1413.592s][info][gc,heap     ] GC(184) y:  Promoted:         -                  -                 0M (0%)            0M (0%)     
[1413.592s][info][gc,heap     ] GC(184) y: Compacted:         -                  -                  -               113M (1%)     
[1413.592s][info][gc,phases   ] GC(184) y: Young Generation 6854M(84%)->838M(10%) 0.279s
[1413.592s][info][gc          ] GC(184) Minor Collection (Allocation Rate) 6854M(84%)->838M(10%) 0.279s
[1418.714s][info][gc          ] GC(185) Major Collection (Proactive)
[1418.714s][info][gc,task     ] GC(185) Using 1 Workers for Young Generation
[1418.714s][info][gc,task     ] GC(185) Using 1 Workers for Old Generation
[1418.715s][info][gc,phases   ] GC(185) Y: Young Generation
[1418.715s][info][gc,phases   ] GC(185) Y: Pause Mark Start (Major) 0.013ms
[1418.827s][info][gc,phases   ] GC(185) Y: Concurrent Mark 112.088ms
[1418.827s][info][gc,phases   ] GC(185) Y: Pause Mark End 0.009ms
[1418.827s][info][gc,phases   ] GC(185) Y: Concurrent Mark Free 0.000ms
[1418.827s][info][gc,phases   ] GC(185) Y: Concurrent Reset Relocation Set 0.152ms
[1418.829s][info][gc,reloc    ] GC(185) Y: Using tenuring threshold: 6 (Computed)
[1418.832s][info][gc,phases   ] GC(185) Y: Concurrent Select Relocation Set 5.112ms
[1418.832s][info][gc,phases   ] GC(185) Y: Pause Relocate Start 0.009ms
[1418.883s][info][gc,phases   ] GC(185) Y: Concurrent Relocate 50.977ms
[1418.883s][info][gc,alloc    ] GC(185) Y:                         Mark Start        Mark End      Relocate Start    Relocate End   
[1418.883s][info][gc,alloc    ] GC(185) Y: Allocation Stalls:          0                0                0                0         
[1418.883s][info][gc,load     ] GC(185) Y: Load: 0.00 (0%) / 0.00 (0%) / 0.00 (0%)
[1418.883s][info][gc,mmu      ] GC(185) Y: MMU: 2ms/76.4%, 5ms/90.6%, 10ms/95.3%, 20ms/97.6%, 50ms/99.1%, 100ms/99.5%
[1418.883s][info][gc,marking  ] GC(185) Y: Mark: 1 stripe(s), 2 proactive flush(es), 1 terminate flush(es), 0 completion(s), 0 continuation(s) 
[1418.883s][info][gc,marking  ] GC(185) Y: Mark Stack Usage: 32M
[1418.883s][info][gc,nmethod  ] GC(185) Y: NMethods: 6898 registered, 753 unregistered
[1418.883s][info][gc,metaspace] GC(185) Y: Metaspace: 131M used, 133M committed, 1152M reserved
[1418.883s][info][gc,reloc    ] GC(185) Y:                        Candidates     Selected     In-Place         Size        Empty    Relocated 
[1418.883s][info][gc,reloc    ] GC(185) Y: Small Pages:                 1870         1160            0        3740M        1338M          55M 
[1418.883s][info][gc,reloc    ] GC(185) Y: Medium Pages:                   0            0            0           0M           0M           0M 
[1418.883s][info][gc,reloc    ] GC(185) Y: Large Pages:                    0            0            0           0M           0M           0M 
[1418.883s][info][gc,reloc    ] GC(185) Y: Forwarding Usage: 21M
[1418.883s][info][gc,reloc    ] GC(185) Y: Age Table:
[1418.883s][info][gc,reloc    ] GC(185) Y:                    Live             Garbage             Small              Medium             Large        
[1418.883s][info][gc,reloc    ] GC(185) Y: Eden              51M (1%)         3526M (43%)       1789 / 1091           0 / 0              0 / 0        
[1418.884s][info][gc,reloc    ] GC(185) Y: Survivor 1        16M (0%)          107M (1%)          62 / 53             0 / 0              0 / 0        
[1418.884s][info][gc,reloc    ] GC(185) Y: Survivor 2         0M (0%)            9M (0%)           5 / 5              0 / 0              0 / 0        
[1418.884s][info][gc,reloc    ] GC(185) Y: Survivor 3         0M (0%)            7M (0%)           4 / 3              0 / 0              0 / 0        
[1418.884s][info][gc,reloc    ] GC(185) Y: Survivor 4         0M (0%)            9M (0%)           5 / 4              0 / 0              0 / 0        
[1418.884s][info][gc,reloc    ] GC(185) Y: Survivor 5         0M (0%)            1M (0%)           1 / 1              0 / 0              0 / 0        
[1418.884s][info][gc,reloc    ] GC(185) Y: Survivor 6         0M (0%)            1M (0%)           1 / 1              0 / 0              0 / 0        
[1418.884s][info][gc,reloc    ] GC(185) Y: Survivor 7         0M (0%)            1M (0%)           1 / 1              0 / 0              0 / 0        
[1418.884s][info][gc,reloc    ] GC(185) Y: Survivor 8         0M (0%)            3M (0%)           2 / 1              0 / 0              0 / 0        
[1418.884s][info][gc,heap     ] GC(185) Y: Min Capacity: 8192M(100%)
[1418.884s][info][gc,heap     ] GC(185) Y: Max Capacity: 8192M(100%)
[1418.884s][info][gc,heap     ] GC(185) Y: Soft Max Capacity: 8192M(100%)
[1418.884s][info][gc,heap     ] GC(185) Y: Heap Statistics:
[1418.884s][info][gc,heap     ] GC(185) Y:                Mark Start          Mark End        Relocate Start      Relocate End           High               Low         
[1418.884s][info][gc,heap     ] GC(185) Y:  Capacity:     8192M (100%)       8192M (100%)       8192M (100%)       8192M (100%)       8192M (100%)       8192M (100%)   
[1418.884s][info][gc,heap     ] GC(185) Y:      Free:     3890M (47%)        3802M (46%)        5136M (63%)        7396M (90%)        7396M (90%)        3802M (46%)    
[1418.884s][info][gc,heap     ] GC(185) Y:      Used:     4302M (53%)        4390M (54%)        3056M (37%)         796M (10%)        4390M (54%)         796M (10%)    
[1418.884s][info][gc,heap     ] GC(185) Y: Young Generation Statistics:
[1418.884s][info][gc,heap     ] GC(185) Y:                Mark Start          Mark End        Relocate Start      Relocate End    
[1418.884s][info][gc,heap     ] GC(185) Y:      Used:     3740M (46%)        3828M (47%)        2494M (30%)         232M (3%)     
[1418.884s][info][gc,heap     ] GC(185) Y:      Live:         -                70M (1%)           70M (1%)           69M (1%)     
[1418.884s][info][gc,heap     ] GC(185) Y:   Garbage:         -              3669M (45%)        2331M (28%)           1M (0%)     
[1418.884s][info][gc,heap     ] GC(185) Y: Allocated:         -                88M (1%)           92M (1%)          160M (2%)     
[1418.884s][info][gc,heap     ] GC(185) Y: Reclaimed:         -                  -              1338M (16%)        3667M (45%)    
[1418.884s][info][gc,heap     ] GC(185) Y:  Promoted:         -                  -                 0M (0%)            0M (0%)     
[1418.884s][info][gc,heap     ] GC(185) Y: Compacted:         -                  -                  -                65M (1%)     
[1418.884s][info][gc,phases   ] GC(185) Y: Young Generation 4302M(53%)->796M(10%) 0.169s
[1418.884s][info][gc,phases   ] GC(185) O: Old Generation
[1419.631s][info][gc,phases   ] GC(185) O: Concurrent Mark 747.044ms
[1419.631s][info][gc,phases   ] GC(185) O: Pause Mark End 0.010ms
[1419.631s][info][gc,phases   ] GC(185) O: Concurrent Mark Free 0.000ms
[1419.646s][info][gc,phases   ] GC(185) O: Concurrent Process Non-Strong 15.361ms
[1419.646s][info][gc,phases   ] GC(185) O: Concurrent Reset Relocation Set 0.003ms
[1419.648s][info][gc,phases   ] GC(185) O: Concurrent Select Relocation Set 1.998ms
[1419.648s][info][gc,task     ] GC(185) O: Using 2 Workers for Old Generation
[1419.712s][info][gc,task     ] GC(185) O: Using 1 Workers for Old Generation
[1419.712s][info][gc,phases   ] GC(185) O: Concurrent Remap Roots 63.173ms
[1419.712s][info][gc,phases   ] GC(185) O: Pause Relocate Start 0.008ms
[1419.714s][info][gc,phases   ] GC(185) O: Concurrent Relocate 2.650ms
[1419.714s][info][gc,alloc    ] GC(185) O:                         Mark Start        Mark End      Relocate Start    Relocate End   
[1419.714s][info][gc,alloc    ] GC(185) O: Allocation Stalls:          0                0                0                0         
[1419.715s][info][gc,load     ] GC(185) O: Load: 0.00 (0%) / 0.00 (0%) / 0.00 (0%)
[1419.715s][info][gc,mmu      ] GC(185) O: MMU: 2ms/76.4%, 5ms/90.6%, 10ms/95.3%, 20ms/97.6%, 50ms/99.1%, 100ms/99.5%
[1419.715s][info][gc,marking  ] GC(185) O: Mark: 1 stripe(s), 2 proactive flush(es), 1 terminate flush(es), 0 completion(s), 0 continuation(s) 
[1419.715s][info][gc,marking  ] GC(185) O: Mark Stack Usage: 32M
[1419.715s][info][gc,nmethod  ] GC(185) O: NMethods: 6852 registered, 799 unregistered
[1419.715s][info][gc,metaspace] GC(185) O: Metaspace: 131M used, 133M committed, 1152M reserved
[1419.715s][info][gc,ref      ] GC(185) O:                       Encountered   Discovered     Enqueued 
[1419.715s][info][gc,ref      ] GC(185) O: Soft References:             6087            0            0 
[1419.715s][info][gc,ref      ] GC(185) O: Weak References:            23455        13005            9 
[1419.715s][info][gc,ref      ] GC(185) O: Final References:              34            0            0 
[1419.715s][info][gc,ref      ] GC(185) O: Phantom References:          1195          957            4 
[1419.715s][info][gc,reloc    ] GC(185) O:                        Candidates     Selected     In-Place         Size        Empty    Relocated 
[1419.715s][info][gc,reloc    ] GC(185) O: Small Pages:                  249           11            0         498M           4M           1M 
[1419.715s][info][gc,reloc    ] GC(185) O: Medium Pages:                   2            0            0          64M           0M           0M 
[1419.715s][info][gc,reloc    ] GC(185) O: Large Pages:                    0            0            0           0M           0M           0M 
[1419.715s][info][gc,reloc    ] GC(185) O: Forwarding Usage: 0M
[1419.715s][info][gc,heap     ] GC(185) O: Min Capacity: 8192M(100%)
[1419.715s][info][gc,heap     ] GC(185) O: Max Capacity: 8192M(100%)
[1419.715s][info][gc,heap     ] GC(185) O: Soft Max Capacity: 8192M(100%)
[1419.715s][info][gc,heap     ] GC(185) O: Heap Statistics:
[1419.715s][info][gc,heap     ] GC(185) O:                Mark Start          Mark End        Relocate Start      Relocate End           High               Low         
[1419.715s][info][gc,heap     ] GC(185) O:  Capacity:     8192M (100%)       8192M (100%)       8192M (100%)       8192M (100%)       8192M (100%)       8192M (100%)   
[1419.715s][info][gc,heap     ] GC(185) O:      Free:     3890M (47%)        6836M (83%)        6780M (83%)        6792M (83%)        7396M (90%)        3802M (46%)    
[1419.715s][info][gc,heap     ] GC(185) O:      Used:     4302M (53%)        1356M (17%)        1412M (17%)        1400M (17%)        4390M (54%)         796M (10%)    
[1419.715s][info][gc,heap     ] GC(185) O: Old Generation Statistics:
[1419.715s][info][gc,heap     ] GC(185) O:                Mark Start          Mark End        Relocate Start      Relocate End    
[1419.715s][info][gc,heap     ] GC(185) O:      Used:      562M (7%)          564M (7%)          560M (7%)          548M (7%)     
[1419.715s][info][gc,heap     ] GC(185) O:      Live:         -               487M (6%)          487M (6%)          487M (6%)     
[1419.715s][info][gc,heap     ] GC(185) O:   Garbage:         -                74M (1%)           70M (1%)           47M (1%)     
[1419.715s][info][gc,heap     ] GC(185) O: Allocated:         -                 2M (0%)            2M (0%)           12M (0%)     
[1419.715s][info][gc,heap     ] GC(185) O: Reclaimed:         -                  -                 4M (0%)           26M (0%)     
[1419.715s][info][gc,heap     ] GC(185) O: Compacted:         -                  -                  -                 1M (0%)     
[1419.715s][info][gc,phases   ] GC(185) O: Old Generation 796M(10%)->1400M(17%) 0.831s
[1419.715s][info][gc          ] GC(185) Major Collection (Proactive) 4302M(53%)->1400M(17%) 1.001s
[1426.794s][info][gc          ] GC(186) Minor Collection (Allocation Rate)
[1426.794s][info][gc,task     ] GC(186) Using 1 Workers for Young Generation
[1426.794s][info][gc,phases   ] GC(186) y: Young Generation
[1426.794s][info][gc,phases   ] GC(186) y: Pause Mark Start 0.013ms
[1426.947s][info][gc,phases   ] GC(186) y: Concurrent Mark 152.274ms
[1426.947s][info][gc,phases   ] GC(186) y: Pause Mark End 0.008ms
[1426.947s][info][gc,phases   ] GC(186) y: Concurrent Mark Free 0.000ms
[1426.947s][info][gc,phases   ] GC(186) y: Concurrent Reset Relocation Set 0.099ms
[1426.949s][info][gc,reloc    ] GC(186) y: Using tenuring threshold: 5 (Computed)
[1426.963s][info][gc,phases   ] GC(186) y: Concurrent Select Relocation Set 15.723ms
[1426.963s][info][gc,phases   ] GC(186) y: Pause Relocate Start 0.009ms
[1427.056s][info][gc,phases   ] GC(186) y: Concurrent Relocate 93.098ms
[1427.056s][info][gc,alloc    ] GC(186) y:                         Mark Start        Mark End      Relocate Start    Relocate End   
[1427.056s][info][gc,alloc    ] GC(186) y: Allocation Stalls:          0                0                0                0         
[1427.056s][info][gc,load     ] GC(186) y: Load: 0.00 (0%) / 0.00 (0%) / 0.00 (0%)
[1427.056s][info][gc,mmu      ] GC(186) y: MMU: 2ms/76.4%, 5ms/90.6%, 10ms/95.3%, 20ms/97.6%, 50ms/99.1%, 100ms/99.5%
[1427.056s][info][gc,marking  ] GC(186) y: Mark: 1 stripe(s), 2 proactive flush(es), 1 terminate flush(es), 0 completion(s), 0 continuation(s) 
[1427.056s][info][gc,marking  ] GC(186) y: Mark Stack Usage: 32M
[1427.056s][info][gc,nmethod  ] GC(186) y: NMethods: 6862 registered, 799 unregistered
[1427.056s][info][gc,metaspace] GC(186) y: Metaspace: 131M used, 133M committed, 1152M reserved
[1427.056s][info][gc,reloc    ] GC(186) y:                        Candidates     Selected     In-Place         Size        Empty    Relocated 
[1427.056s][info][gc,reloc    ] GC(186) y: Small Pages:                 3370         2135            0        6740M        2326M         108M 
[1427.056s][info][gc,reloc    ] GC(186) y: Medium Pages:                   0            0            0           0M           0M           0M 
[1427.056s][info][gc,reloc    ] GC(186) y: Large Pages:                    0            0            0           0M           0M           0M 
[1427.056s][info][gc,reloc    ] GC(186) y: Forwarding Usage: 34M
[1427.056s][info][gc,reloc    ] GC(186) y: Age Table:
[1427.056s][info][gc,reloc    ] GC(186) y:                    Live             Garbage             Small              Medium             Large        
[1427.056s][info][gc,reloc    ] GC(186) y: Eden             118M (1%)         6519M (80%)       3319 / 2090           0 / 0              0 / 0        
[1427.056s][info][gc,reloc    ] GC(186) y: Survivor 1         3M (0%)           58M (1%)          31 / 28             0 / 0              0 / 0        
[1427.056s][info][gc,reloc    ] GC(186) y: Survivor 2         3M (0%)           22M (0%)          13 / 11             0 / 0              0 / 0        
[1427.056s][info][gc,reloc    ] GC(186) y: Survivor 3         0M (0%)            1M (0%)           1 / 1              0 / 0              0 / 0        
[1427.056s][info][gc,reloc    ] GC(186) y: Survivor 4         0M (0%)            5M (0%)           3 / 2              0 / 0              0 / 0        
[1427.056s][info][gc,reloc    ] GC(186) y: Survivor 5         0M (0%)            3M (0%)           2 / 2              0 / 0              0 / 0        
[1427.056s][info][gc,reloc    ] GC(186) y: Survivor 6         0M (0%)            1M (0%)           1 / 1              0 / 0              0 / 0        
[1427.056s][info][gc,heap     ] GC(186) y: Min Capacity: 8192M(100%)
[1427.056s][info][gc,heap     ] GC(186) y: Max Capacity: 8192M(100%)
[1427.056s][info][gc,heap     ] GC(186) y: Soft Max Capacity: 8192M(100%)
[1427.056s][info][gc,heap     ] GC(186) y: Heap Statistics:
[1427.056s][info][gc,heap     ] GC(186) y:                Mark Start          Mark End        Relocate Start      Relocate End           High               Low         
[1427.056s][info][gc,heap     ] GC(186) y:  Capacity:     8192M (100%)       8192M (100%)       8192M (100%)       8192M (100%)       8192M (100%)       8192M (100%)   
[1427.056s][info][gc,heap     ] GC(186) y:      Free:      904M (11%)         736M (9%)         3056M (37%)        7232M (88%)        7232M (88%)         736M (9%)     
[1427.056s][info][gc,heap     ] GC(186) y:      Used:     7288M (89%)        7456M (91%)        5136M (63%)         960M (12%)        7456M (91%)         960M (12%)    
[1427.056s][info][gc,heap     ] GC(186) y: Young Generation Statistics:
[1427.056s][info][gc,heap     ] GC(186) y:                Mark Start          Mark End        Relocate Start      Relocate End    
[1427.056s][info][gc,heap     ] GC(186) y:      Used:     6740M (82%)        6908M (84%)        4588M (56%)         404M (5%)     
[1427.056s][info][gc,heap     ] GC(186) y:      Live:         -               125M (2%)          125M (2%)          124M (2%)     
[1427.056s][info][gc,heap     ] GC(186) y:   Garbage:         -              6614M (81%)        4288M (52%)           0M (0%)     
[1427.056s][info][gc,heap     ] GC(186) y: Allocated:         -               168M (2%)          174M (2%)          278M (3%)     
[1427.056s][info][gc,heap     ] GC(186) y: Reclaimed:         -                  -              2326M (28%)        6613M (81%)    
[1427.056s][info][gc,heap     ] GC(186) y:  Promoted:         -                  -                 0M (0%)            0M (0%)     
[1427.056s][info][gc,heap     ] GC(186) y: Compacted:         -                  -                  -               123M (2%)     
[1427.056s][info][gc,phases   ] GC(186) y: Young Generation 7288M(89%)->960M(12%) 0.262s
[1427.056s][info][gc          ] GC(186) Minor Collection (Allocation Rate) 7288M(89%)->960M(12%) 0.262s
[1434.183s][info][gc          ] GC(187) Minor Collection (Allocation Rate)
[1434.183s][info][gc,task     ] GC(187) Using 1 Workers for Young Generation
[1434.183s][info][gc,phases   ] GC(187) y: Young Generation
[1434.183s][info][gc,phases   ] GC(187) y: Pause Mark Start 0.013ms
[1434.323s][info][gc,phases   ] GC(187) y: Concurrent Mark 139.686ms
[1434.323s][info][gc,phases   ] GC(187) y: Pause Mark End 0.010ms
[1434.323s][info][gc,phases   ] GC(187) y: Concurrent Mark Free 0.001ms
[1434.323s][info][gc,phases   ] GC(187) y: Concurrent Reset Relocation Set 0.254ms
[1434.327s][info][gc,reloc    ] GC(187) y: Using tenuring threshold: 6 (Computed)
[1434.330s][info][gc,phases   ] GC(187) y: Concurrent Select Relocation Set 6.640ms
[1434.330s][info][gc,phases   ] GC(187) y: Pause Relocate Start 0.009ms
[1434.412s][info][gc,phases   ] GC(187) y: Concurrent Relocate 82.230ms
[1434.412s][info][gc,alloc    ] GC(187) y:                         Mark Start        Mark End      Relocate Start    Relocate End   
[1434.412s][info][gc,alloc    ] GC(187) y: Allocation Stalls:          0                0                0                0         
[1434.412s][info][gc,load     ] GC(187) y: Load: 0.00 (0%) / 0.00 (0%) / 0.00 (0%)
[1434.412s][info][gc,mmu      ] GC(187) y: MMU: 2ms/76.4%, 5ms/90.6%, 10ms/95.3%, 20ms/97.6%, 50ms/99.1%, 100ms/99.5%
[1434.412s][info][gc,marking  ] GC(187) y: Mark: 1 stripe(s), 2 proactive flush(es), 1 terminate flush(es), 0 completion(s), 0 continuation(s) 
[1434.412s][info][gc,marking  ] GC(187) y: Mark Stack Usage: 32M
[1434.412s][info][gc,nmethod  ] GC(187) y: NMethods: 6922 registered, 799 unregistered
[1434.412s][info][gc,metaspace] GC(187) y: Metaspace: 131M used, 133M committed, 1152M reserved
[1434.412s][info][gc,reloc    ] GC(187) y:                        Candidates     Selected     In-Place         Size        Empty    Relocated 
[1434.412s][info][gc,reloc    ] GC(187) y: Small Pages:                 3369         1686            0        6738M        3240M          92M 
[1434.413s][info][gc,reloc    ] GC(187) y: Medium Pages:                   0            0            0           0M           0M           0M 
[1434.413s][info][gc,reloc    ] GC(187) y: Large Pages:                    0            0            0           0M           0M           0M 
[1434.413s][info][gc,reloc    ] GC(187) y: Forwarding Usage: 31M
[1434.413s][info][gc,reloc    ] GC(187) y: Age Table:
[1434.413s][info][gc,reloc    ] GC(187) y:                    Live             Garbage             Small              Medium             Large        
[1434.413s][info][gc,reloc    ] GC(187) y: Eden              98M (1%)         6479M (79%)       3289 / 1615           0 / 0              0 / 0        
[1434.413s][info][gc,reloc    ] GC(187) y: Survivor 1         8M (0%)          119M (1%)          64 / 57             0 / 0              0 / 0        
[1434.413s][info][gc,reloc    ] GC(187) y: Survivor 2         1M (0%)           10M (0%)           6 / 5              0 / 0              0 / 0        
[1434.413s][info][gc,reloc    ] GC(187) y: Survivor 3         0M (0%)           11M (0%)           6 / 5              0 / 0              0 / 0        
[1434.413s][info][gc,reloc    ] GC(187) y: Survivor 4         0M (0%)            3M (0%)           2 / 2              0 / 0              0 / 0        
[1434.413s][info][gc,reloc    ] GC(187) y: Survivor 5         0M (0%)            3M (0%)           2 / 2              0 / 0              0 / 0        
[1434.413s][info][gc,heap     ] GC(187) y: Min Capacity: 8192M(100%)
[1434.413s][info][gc,heap     ] GC(187) y: Max Capacity: 8192M(100%)
[1434.413s][info][gc,heap     ] GC(187) y: Soft Max Capacity: 8192M(100%)
[1434.413s][info][gc,heap     ] GC(187) y: Heap Statistics:
[1434.413s][info][gc,heap     ] GC(187) y:                Mark Start          Mark End        Relocate Start      Relocate End           High               Low         
[1434.413s][info][gc,heap     ] GC(187) y:  Capacity:     8192M (100%)       8192M (100%)       8192M (100%)       8192M (100%)       8192M (100%)       8192M (100%)   
[1434.413s][info][gc,heap     ] GC(187) y:      Free:      898M (11%)         732M (9%)         3970M (48%)        7260M (89%)        7260M (89%)         732M (9%)     
[1434.413s][info][gc,heap     ] GC(187) y:      Used:     7294M (89%)        7460M (91%)        4222M (52%)         932M (11%)        7460M (91%)         932M (11%)    
[1434.413s][info][gc,heap     ] GC(187) y: Young Generation Statistics:
[1434.413s][info][gc,heap     ] GC(187) y:                Mark Start          Mark End        Relocate Start      Relocate End    
[1434.413s][info][gc,heap     ] GC(187) y:      Used:     6738M (82%)        6904M (84%)        3666M (45%)         376M (5%)     
[1434.413s][info][gc,heap     ] GC(187) y:      Live:         -               109M (1%)          109M (1%)          109M (1%)     
[1434.413s][info][gc,heap     ] GC(187) y:   Garbage:         -              6628M (81%)        3388M (41%)           0M (0%)     
[1434.413s][info][gc,heap     ] GC(187) y: Allocated:         -               166M (2%)          168M (2%)          265M (3%)     
[1434.413s][info][gc,heap     ] GC(187) y: Reclaimed:         -                  -              3240M (40%)        6627M (81%)    
[1434.413s][info][gc,heap     ] GC(187) y:  Promoted:         -                  -                 0M (0%)            0M (0%)     
[1434.413s][info][gc,heap     ] GC(187) y: Compacted:         -                  -                  -               106M (1%)     
[1434.413s][info][gc,phases   ] GC(187) y: Young Generation 7292M(89%)->932M(11%) 0.229s
[1434.413s][info][gc          ] GC(187) Minor Collection (Allocation Rate) 7292M(89%)->932M(11%) 0.230s
[1443.729s][info][gc          ] GC(188) Minor Collection (Allocation Rate)
[1443.729s][info][gc,task     ] GC(188) Using 1 Workers for Young Generation
[1443.730s][info][gc,phases   ] GC(188) y: Young Generation
[1443.730s][info][gc,phases   ] GC(188) y: Pause Mark Start 0.015ms
[1443.833s][info][gc,phases   ] GC(188) y: Concurrent Mark 103.375ms
[1443.833s][info][gc,phases   ] GC(188) y: Pause Mark End 0.009ms
[1443.833s][info][gc,phases   ] GC(188) y: Concurrent Mark Free 0.000ms
[1443.834s][info][gc,phases   ] GC(188) y: Concurrent Reset Relocation Set 0.158ms
[1443.837s][info][gc,reloc    ] GC(188) y: Using tenuring threshold: 7 (Computed)
[1443.840s][info][gc,phases   ] GC(188) y: Concurrent Select Relocation Set 6.564ms
[1443.840s][info][gc,phases   ] GC(188) y: Pause Relocate Start 0.009ms
[1443.898s][info][gc,phases   ] GC(188) y: Concurrent Relocate 57.956ms
[1443.898s][info][gc,alloc    ] GC(188) y:                         Mark Start        Mark End      Relocate Start    Relocate End   
[1443.898s][info][gc,alloc    ] GC(188) y: Allocation Stalls:          0                0                0                0         
[1443.898s][info][gc,load     ] GC(188) y: Load: 0.00 (0%) / 0.00 (0%) / 0.00 (0%)
[1443.898s][info][gc,mmu      ] GC(188) y: MMU: 2ms/76.4%, 5ms/90.6%, 10ms/95.3%, 20ms/97.6%, 50ms/99.1%, 100ms/99.5%
[1443.898s][info][gc,marking  ] GC(188) y: Mark: 1 stripe(s), 2 proactive flush(es), 1 terminate flush(es), 0 completion(s), 0 continuation(s) 
[1443.898s][info][gc,marking  ] GC(188) y: Mark Stack Usage: 32M
[1443.898s][info][gc,nmethod  ] GC(188) y: NMethods: 6941 registered, 799 unregistered
[1443.898s][info][gc,metaspace] GC(188) y: Metaspace: 131M used, 133M committed, 1152M reserved
[1443.898s][info][gc,reloc    ] GC(188) y:                        Candidates     Selected     In-Place         Size        Empty    Relocated 
[1443.898s][info][gc,reloc    ] GC(188) y: Small Pages:                 3432         1916            0        6864M        2940M          66M 
[1443.898s][info][gc,reloc    ] GC(188) y: Medium Pages:                   0            0            0           0M           0M           0M 
[1443.898s][info][gc,reloc    ] GC(188) y: Large Pages:                    0            0            0           0M           0M           0M 
[1443.898s][info][gc,reloc    ] GC(188) y: Forwarding Usage: 22M
[1443.898s][info][gc,reloc    ] GC(188) y: Age Table:
[1443.898s][info][gc,reloc    ] GC(188) y:                    Live             Garbage             Small              Medium             Large        
[1443.898s][info][gc,reloc    ] GC(188) y: Eden              78M (1%)         6633M (81%)       3356 / 1870           0 / 0              0 / 0        
[1443.898s][info][gc,reloc    ] GC(188) y: Survivor 1         0M (0%)          107M (1%)          54 / 29             0 / 0              0 / 0        
[1443.898s][info][gc,reloc    ] GC(188) y: Survivor 2         0M (0%)           19M (0%)          10 / 9              0 / 0              0 / 0        
[1443.898s][info][gc,reloc    ] GC(188) y: Survivor 3         0M (0%)           11M (0%)           6 / 3              0 / 0              0 / 0        
[1443.898s][info][gc,reloc    ] GC(188) y: Survivor 4         0M (0%)            5M (0%)           3 / 3              0 / 0              0 / 0        
[1443.898s][info][gc,reloc    ] GC(188) y: Survivor 5         0M (0%)            3M (0%)           2 / 1              0 / 0              0 / 0        
[1443.898s][info][gc,reloc    ] GC(188) y: Survivor 6         0M (0%)            1M (0%)           1 / 1              0 / 0              0 / 0        
[1443.899s][info][gc,heap     ] GC(188) y: Min Capacity: 8192M(100%)
[1443.899s][info][gc,heap     ] GC(188) y: Max Capacity: 8192M(100%)
[1443.899s][info][gc,heap     ] GC(188) y: Soft Max Capacity: 8192M(100%)
[1443.899s][info][gc,heap     ] GC(188) y: Heap Statistics:
[1443.899s][info][gc,heap     ] GC(188) y:                Mark Start          Mark End        Relocate Start      Relocate End           High               Low         
[1443.899s][info][gc,heap     ] GC(188) y:  Capacity:     8192M (100%)       8192M (100%)       8192M (100%)       8192M (100%)       8192M (100%)       8192M (100%)   
[1443.899s][info][gc,heap     ] GC(188) y:      Free:      772M (9%)          660M (8%)         3596M (44%)        7382M (90%)        7382M (90%)         660M (8%)     
[1443.899s][info][gc,heap     ] GC(188) y:      Used:     7420M (91%)        7532M (92%)        4596M (56%)         810M (10%)        7532M (92%)         810M (10%)    
[1443.899s][info][gc,heap     ] GC(188) y: Young Generation Statistics:
[1443.899s][info][gc,heap     ] GC(188) y:                Mark Start          Mark End        Relocate Start      Relocate End    
[1443.899s][info][gc,heap     ] GC(188) y:      Used:     6864M (84%)        6976M (85%)        4040M (49%)         254M (3%)     
[1443.899s][info][gc,heap     ] GC(188) y:      Live:         -                79M (1%)           79M (1%)           79M (1%)     
[1443.899s][info][gc,heap     ] GC(188) y:   Garbage:         -              6784M (83%)        3844M (47%)           2M (0%)     
[1443.899s][info][gc,heap     ] GC(188) y: Allocated:         -               112M (1%)          116M (1%)          172M (2%)     
[1443.899s][info][gc,heap     ] GC(188) y: Reclaimed:         -                  -              2940M (36%)        6782M (83%)    
[1443.899s][info][gc,heap     ] GC(188) y:  Promoted:         -                  -                 0M (0%)            0M (0%)     
[1443.899s][info][gc,heap     ] GC(188) y: Compacted:         -                  -                  -                75M (1%)     
[1443.899s][info][gc,phases   ] GC(188) y: Young Generation 7420M(91%)->810M(10%) 0.169s
[1443.899s][info][gc          ] GC(188) Minor Collection (Allocation Rate) 7420M(91%)->810M(10%) 0.169s
[1451.608s][info][gc          ] GC(189) Minor Collection (Allocation Rate)
[1451.608s][info][gc,task     ] GC(189) Using 1 Workers for Young Generation
[1451.608s][info][gc,phases   ] GC(189) y: Young Generation
[1451.608s][info][gc,phases   ] GC(189) y: Pause Mark Start 0.013ms
[1451.728s][info][gc,phases   ] GC(189) y: Concurrent Mark 119.741ms
[1451.728s][info][gc,phases   ] GC(189) y: Pause Mark End 0.009ms
[1451.728s][info][gc,phases   ] GC(189) y: Concurrent Mark Free 0.000ms
[1451.728s][info][gc,phases   ] GC(189) y: Concurrent Reset Relocation Set 0.150ms
[1451.730s][info][gc,reloc    ] GC(189) y: Using tenuring threshold: 7 (Computed)
[1451.743s][info][gc,phases   ] GC(189) y: Concurrent Select Relocation Set 14.478ms
[1451.743s][info][gc,phases   ] GC(189) y: Pause Relocate Start 0.009ms
[1451.823s][info][gc,phases   ] GC(189) y: Concurrent Relocate 79.813ms
[1451.823s][info][gc,alloc    ] GC(189) y:                         Mark Start        Mark End      Relocate Start    Relocate End   
[1451.823s][info][gc,alloc    ] GC(189) y: Allocation Stalls:          0                0                0                0         
[1451.823s][info][gc,load     ] GC(189) y: Load: 0.00 (0%) / 0.00 (0%) / 0.00 (0%)
[1451.823s][info][gc,mmu      ] GC(189) y: MMU: 2ms/76.4%, 5ms/90.6%, 10ms/95.3%, 20ms/97.6%, 50ms/99.1%, 100ms/99.5%
[1451.823s][info][gc,marking  ] GC(189) y: Mark: 1 stripe(s), 2 proactive flush(es), 1 terminate flush(es), 0 completion(s), 0 continuation(s) 
[1451.823s][info][gc,marking  ] GC(189) y: Mark Stack Usage: 32M
[1451.823s][info][gc,nmethod  ] GC(189) y: NMethods: 6954 registered, 799 unregistered
[1451.823s][info][gc,metaspace] GC(189) y: Metaspace: 131M used, 133M committed, 1152M reserved
[1451.823s][info][gc,reloc    ] GC(189) y:                        Candidates     Selected     In-Place         Size        Empty    Relocated 
[1451.823s][info][gc,reloc    ] GC(189) y: Small Pages:                 3452         1891            0        6904M        3006M          88M 
[1451.823s][info][gc,reloc    ] GC(189) y: Medium Pages:                   0            0            0           0M           0M           0M 
[1451.823s][info][gc,reloc    ] GC(189) y: Large Pages:                    0            0            0           0M           0M           0M 
[1451.823s][info][gc,reloc    ] GC(189) y: Forwarding Usage: 26M
[1451.823s][info][gc,reloc    ] GC(189) y: Age Table:
[1451.823s][info][gc,reloc    ] GC(189) y:                    Live             Garbage             Small              Medium             Large        
[1451.823s][info][gc,reloc    ] GC(189) y: Eden              90M (1%)         6703M (82%)       3397 / 1847           0 / 0              0 / 0        
[1451.823s][info][gc,reloc    ] GC(189) y: Survivor 1         9M (0%)           78M (1%)          44 / 34             0 / 0              0 / 0        
[1451.823s][info][gc,reloc    ] GC(189) y: Survivor 2         0M (0%)            3M (0%)           2 / 2              0 / 0              0 / 0        
[1451.823s][info][gc,reloc    ] GC(189) y: Survivor 3         0M (0%)            1M (0%)           1 / 1              0 / 0              0 / 0        
[1451.823s][info][gc,reloc    ] GC(189) y: Survivor 4         0M (0%)            5M (0%)           3 / 3              0 / 0              0 / 0        
[1451.823s][info][gc,reloc    ] GC(189) y: Survivor 5         0M (0%)            3M (0%)           2 / 1              0 / 0              0 / 0        
[1451.823s][info][gc,reloc    ] GC(189) y: Survivor 6         0M (0%)            1M (0%)           1 / 1              0 / 0              0 / 0        
[1451.823s][info][gc,reloc    ] GC(189) y: Survivor 7         0M (0%)            3M (0%)           2 / 2              0 / 0              0 / 0        
[1451.823s][info][gc,heap     ] GC(189) y: Min Capacity: 8192M(100%)
[1451.823s][info][gc,heap     ] GC(189) y: Max Capacity: 8192M(100%)
[1451.823s][info][gc,heap     ] GC(189) y: Soft Max Capacity: 8192M(100%)
[1451.823s][info][gc,heap     ] GC(189) y: Heap Statistics:
[1451.823s][info][gc,heap     ] GC(189) y:                Mark Start          Mark End        Relocate Start      Relocate End           High               Low         
[1451.823s][info][gc,heap     ] GC(189) y:  Capacity:     8192M (100%)       8192M (100%)       8192M (100%)       8192M (100%)       8192M (100%)       8192M (100%)   
[1451.823s][info][gc,heap     ] GC(189) y:      Free:      732M (9%)          530M (6%)         3530M (43%)        7224M (88%)        7224M (88%)         530M (6%)     
[1451.823s][info][gc,heap     ] GC(189) y:      Used:     7460M (91%)        7662M (94%)        4662M (57%)         968M (12%)        7662M (94%)         968M (12%)    
[1451.823s][info][gc,heap     ] GC(189) y: Young Generation Statistics:
[1451.823s][info][gc,heap     ] GC(189) y:                Mark Start          Mark End        Relocate Start      Relocate End    
[1451.823s][info][gc,heap     ] GC(189) y:      Used:     6904M (84%)        7106M (87%)        4106M (50%)         408M (5%)     
[1451.823s][info][gc,heap     ] GC(189) y:      Live:         -               101M (1%)          101M (1%)          101M (1%)     
[1451.823s][info][gc,heap     ] GC(189) y:   Garbage:         -              6802M (83%)        3796M (46%)           0M (0%)     
[1451.823s][info][gc,heap     ] GC(189) y: Allocated:         -               202M (2%)          208M (3%)          306M (4%)     
[1451.823s][info][gc,heap     ] GC(189) y: Reclaimed:         -                  -              3006M (37%)        6802M (83%)    
[1451.823s][info][gc,heap     ] GC(189) y:  Promoted:         -                  -                 0M (0%)            0M (0%)     
[1451.823s][info][gc,heap     ] GC(189) y: Compacted:         -                  -                  -               101M (1%)     
[1451.823s][info][gc,phases   ] GC(189) y: Young Generation 7460M(91%)->968M(12%) 0.215s
[1451.823s][info][gc          ] GC(189) Minor Collection (Allocation Rate) 7460M(91%)->968M(12%) 0.215s
[1459.318s][info][gc          ] GC(190) Minor Collection (Allocation Rate)
[1459.318s][info][gc,task     ] GC(190) Using 1 Workers for Young Generation
[1459.318s][info][gc,phases   ] GC(190) y: Young Generation
[1459.318s][info][gc,phases   ] GC(190) y: Pause Mark Start 0.014ms
[1459.424s][info][gc,phases   ] GC(190) y: Concurrent Mark 106.209ms
[1459.424s][info][gc,phases   ] GC(190) y: Pause Mark End 0.015ms
[1459.424s][info][gc,phases   ] GC(190) y: Concurrent Mark Free 0.000ms
[1459.425s][info][gc,phases   ] GC(190) y: Concurrent Reset Relocation Set 0.300ms
[1459.430s][info][gc,reloc    ] GC(190) y: Using tenuring threshold: 8 (Computed)
[1459.435s][info][gc,phases   ] GC(190) y: Concurrent Select Relocation Set 10.678ms
[1459.435s][info][gc,phases   ] GC(190) y: Pause Relocate Start 0.009ms
[1459.500s][info][gc,phases   ] GC(190) y: Concurrent Relocate 64.026ms
[1459.500s][info][gc,alloc    ] GC(190) y:                         Mark Start        Mark End      Relocate Start    Relocate End   
[1459.500s][info][gc,alloc    ] GC(190) y: Allocation Stalls:          0                0                0                0         
[1459.500s][info][gc,load     ] GC(190) y: Load: 0.00 (0%) / 0.00 (0%) / 0.00 (0%)
[1459.500s][info][gc,mmu      ] GC(190) y: MMU: 2ms/76.4%, 5ms/90.6%, 10ms/95.3%, 20ms/97.6%, 50ms/99.1%, 100ms/99.5%
[1459.500s][info][gc,marking  ] GC(190) y: Mark: 1 stripe(s), 2 proactive flush(es), 1 terminate flush(es), 0 completion(s), 0 continuation(s) 
[1459.500s][info][gc,marking  ] GC(190) y: Mark Stack Usage: 32M
[1459.500s][info][gc,nmethod  ] GC(190) y: NMethods: 6969 registered, 799 unregistered
[1459.500s][info][gc,metaspace] GC(190) y: Metaspace: 132M used, 133M committed, 1152M reserved
[1459.500s][info][gc,reloc    ] GC(190) y:                        Candidates     Selected     In-Place         Size        Empty    Relocated 
[1459.500s][info][gc,reloc    ] GC(190) y: Small Pages:                 3516         1407            0        7032M        4120M          63M 
[1459.500s][info][gc,reloc    ] GC(190) y: Medium Pages:                   0            0            0           0M           0M           0M 
[1459.500s][info][gc,reloc    ] GC(190) y: Large Pages:                    0            0            0           0M           0M           0M 
[1459.500s][info][gc,reloc    ] GC(190) y: Forwarding Usage: 20M
[1459.500s][info][gc,reloc    ] GC(190) y: Age Table:
[1459.500s][info][gc,reloc    ] GC(190) y:                    Live             Garbage             Small              Medium             Large        
[1459.500s][info][gc,reloc    ] GC(190) y: Eden              78M (1%)         6819M (83%)       3449 / 1345           0 / 0              0 / 0        
[1459.500s][info][gc,reloc    ] GC(190) y: Survivor 1         3M (0%)           96M (1%)          50 / 48             0 / 0              0 / 0        
[1459.500s][info][gc,reloc    ] GC(190) y: Survivor 2         1M (0%)           16M (0%)           9 / 7              0 / 0              0 / 0        
[1459.500s][info][gc,reloc    ] GC(190) y: Survivor 3         0M (0%)            3M (0%)           2 / 1              0 / 0              0 / 0        
[1459.500s][info][gc,reloc    ] GC(190) y: Survivor 4         0M (0%)            3M (0%)           2 / 2              0 / 0              0 / 0        
[1459.500s][info][gc,reloc    ] GC(190) y: Survivor 5         0M (0%)            3M (0%)           2 / 2              0 / 0              0 / 0        
[1459.500s][info][gc,reloc    ] GC(190) y: Survivor 6         0M (0%)            1M (0%)           1 / 1              0 / 0              0 / 0        
[1459.500s][info][gc,reloc    ] GC(190) y: Survivor 7         0M (0%)            1M (0%)           1 / 1              0 / 0              0 / 0        
[1459.500s][info][gc,heap     ] GC(190) y: Min Capacity: 8192M(100%)
[1459.500s][info][gc,heap     ] GC(190) y: Max Capacity: 8192M(100%)
[1459.500s][info][gc,heap     ] GC(190) y: Soft Max Capacity: 8192M(100%)
[1459.500s][info][gc,heap     ] GC(190) y: Heap Statistics:
[1459.500s][info][gc,heap     ] GC(190) y:                Mark Start          Mark End        Relocate Start      Relocate End           High               Low         
[1459.500s][info][gc,heap     ] GC(190) y:  Capacity:     8192M (100%)       8192M (100%)       8192M (100%)       8192M (100%)       8192M (100%)       8192M (100%)   
[1459.500s][info][gc,heap     ] GC(190) y:      Free:      600M (7%)          440M (5%)         4544M (55%)        7236M (88%)        7250M (89%)         440M (5%)     
[1459.500s][info][gc,heap     ] GC(190) y:      Used:     7592M (93%)        7752M (95%)        3648M (45%)         956M (12%)        7752M (95%)         942M (11%)    
[1459.500s][info][gc,heap     ] GC(190) y: Young Generation Statistics:
[1459.500s][info][gc,heap     ] GC(190) y:                Mark Start          Mark End        Relocate Start      Relocate End    
[1459.500s][info][gc,heap     ] GC(190) y:      Used:     7032M (86%)        7192M (88%)        3088M (38%)         396M (5%)     
[1459.500s][info][gc,heap     ] GC(190) y:      Live:         -                84M (1%)           84M (1%)           84M (1%)     
[1459.500s][info][gc,heap     ] GC(190) y:   Garbage:         -              6947M (85%)        2827M (35%)           2M (0%)     
[1459.500s][info][gc,heap     ] GC(190) y: Allocated:         -               160M (2%)          176M (2%)          308M (4%)     
[1459.500s][info][gc,heap     ] GC(190) y: Reclaimed:         -                  -              4120M (50%)        6944M (85%)    
[1459.500s][info][gc,heap     ] GC(190) y:  Promoted:         -                  -                 0M (0%)            0M (0%)     
[1459.500s][info][gc,heap     ] GC(190) y: Compacted:         -                  -                  -                73M (1%)     
[1459.500s][info][gc,phases   ] GC(190) y: Young Generation 7592M(93%)->956M(12%) 0.182s
[1459.500s][info][gc          ] GC(190) Minor Collection (Allocation Rate) 7592M(93%)->956M(12%) 0.182s
[1469.623s][info][gc          ] GC(191) Minor Collection (Allocation Rate)
[1469.623s][info][gc,task     ] GC(191) Using 1 Workers for Young Generation
[1469.623s][info][gc,phases   ] GC(191) y: Young Generation
[1469.623s][info][gc,phases   ] GC(191) y: Pause Mark Start 0.013ms
[1469.727s][info][gc,phases   ] GC(191) y: Concurrent Mark 103.661ms
[1469.727s][info][gc,phases   ] GC(191) y: Pause Mark End 0.009ms
[1469.727s][info][gc,phases   ] GC(191) y: Concurrent Mark Free 0.000ms
[1469.727s][info][gc,phases   ] GC(191) y: Concurrent Reset Relocation Set 0.110ms
[1469.729s][info][gc,reloc    ] GC(191) y: Using tenuring threshold: 7 (Computed)
[1469.741s][info][gc,phases   ] GC(191) y: Concurrent Select Relocation Set 13.881ms
[1469.741s][info][gc,phases   ] GC(191) y: Pause Relocate Start 0.009ms
[1469.798s][info][gc,phases   ] GC(191) y: Concurrent Relocate 57.001ms
[1469.798s][info][gc,alloc    ] GC(191) y:                         Mark Start        Mark End      Relocate Start    Relocate End   
[1469.798s][info][gc,alloc    ] GC(191) y: Allocation Stalls:          0                0                0                0         
[1469.798s][info][gc,load     ] GC(191) y: Load: 0.00 (0%) / 0.00 (0%) / 0.00 (0%)
[1469.798s][info][gc,mmu      ] GC(191) y: MMU: 2ms/76.4%, 5ms/90.6%, 10ms/95.3%, 20ms/97.6%, 50ms/99.1%, 100ms/99.5%
[1469.798s][info][gc,marking  ] GC(191) y: Mark: 1 stripe(s), 2 proactive flush(es), 1 terminate flush(es), 0 completion(s), 0 continuation(s) 
[1469.798s][info][gc,marking  ] GC(191) y: Mark Stack Usage: 32M
[1469.798s][info][gc,nmethod  ] GC(191) y: NMethods: 6977 registered, 799 unregistered
[1469.798s][info][gc,metaspace] GC(191) y: Metaspace: 132M used, 133M committed, 1152M reserved
[1469.798s][info][gc,reloc    ] GC(191) y:                        Candidates     Selected     In-Place         Size        Empty    Relocated 
[1469.798s][info][gc,reloc    ] GC(191) y: Small Pages:                 3565         1819            0        7130M        3408M          62M 
[1469.798s][info][gc,reloc    ] GC(191) y: Medium Pages:                   0            0            0           0M           0M           0M 
[1469.798s][info][gc,reloc    ] GC(191) y: Large Pages:                    0            0            0           0M           0M           0M 
[1469.798s][info][gc,reloc    ] GC(191) y: Forwarding Usage: 24M
[1469.798s][info][gc,reloc    ] GC(191) y: Age Table:
[1469.798s][info][gc,reloc    ] GC(191) y:                    Live             Garbage             Small              Medium             Large        
[1469.798s][info][gc,reloc    ] GC(191) y: Eden              66M (1%)         6939M (85%)       3503 / 1771           0 / 0              0 / 0        
[1469.798s][info][gc,reloc    ] GC(191) y: Survivor 1         5M (0%)           86M (1%)          46 / 35             0 / 0              0 / 0        
[1469.798s][info][gc,reloc    ] GC(191) y: Survivor 2         0M (0%)            9M (0%)           5 / 4              0 / 0              0 / 0        
[1469.798s][info][gc,reloc    ] GC(191) y: Survivor 3         0M (0%)            7M (0%)           4 / 2              0 / 0              0 / 0        
[1469.798s][info][gc,reloc    ] GC(191) y: Survivor 4         0M (0%)            3M (0%)           2 / 2              0 / 0              0 / 0        
[1469.798s][info][gc,reloc    ] GC(191) y: Survivor 5         0M (0%)            1M (0%)           1 / 1              0 / 0              0 / 0        
[1469.798s][info][gc,reloc    ] GC(191) y: Survivor 6         0M (0%)            3M (0%)           2 / 2              0 / 0              0 / 0        
[1469.798s][info][gc,reloc    ] GC(191) y: Survivor 7         0M (0%)            1M (0%)           1 / 1              0 / 0              0 / 0        
[1469.798s][info][gc,reloc    ] GC(191) y: Survivor 8         0M (0%)            1M (0%)           1 / 1              0 / 0              0 / 0        
[1469.798s][info][gc,heap     ] GC(191) y: Min Capacity: 8192M(100%)
[1469.798s][info][gc,heap     ] GC(191) y: Max Capacity: 8192M(100%)
[1469.798s][info][gc,heap     ] GC(191) y: Soft Max Capacity: 8192M(100%)
[1469.798s][info][gc,heap     ] GC(191) y: Heap Statistics:
[1469.798s][info][gc,heap     ] GC(191) y:                Mark Start          Mark End        Relocate Start      Relocate End           High               Low         
[1469.798s][info][gc,heap     ] GC(191) y:  Capacity:     8192M (100%)       8192M (100%)       8192M (100%)       8192M (100%)       8192M (100%)       8192M (100%)   
[1469.798s][info][gc,heap     ] GC(191) y:      Free:      502M (6%)          428M (5%)         3832M (47%)        7426M (91%)        7426M (91%)         428M (5%)     
[1469.798s][info][gc,heap     ] GC(191) y:      Used:     7690M (94%)        7764M (95%)        4360M (53%)         766M (9%)         7764M (95%)         766M (9%)     
[1469.798s][info][gc,heap     ] GC(191) y: Young Generation Statistics:
[1469.798s][info][gc,heap     ] GC(191) y:                Mark Start          Mark End        Relocate Start      Relocate End    
[1469.798s][info][gc,heap     ] GC(191) y:      Used:     7130M (87%)        7204M (88%)        3800M (46%)         202M (2%)     
[1469.798s][info][gc,heap     ] GC(191) y:      Live:         -                73M (1%)           73M (1%)           72M (1%)     
[1469.798s][info][gc,heap     ] GC(191) y:   Garbage:         -              7056M (86%)        3648M (45%)           0M (0%)     
[1469.798s][info][gc,heap     ] GC(191) y: Allocated:         -                74M (1%)           78M (1%)          128M (2%)     
[1469.798s][info][gc,heap     ] GC(191) y: Reclaimed:         -                  -              3408M (42%)        7056M (86%)    
[1469.798s][info][gc,heap     ] GC(191) y:  Promoted:         -                  -                 0M (0%)            0M (0%)     
[1469.798s][info][gc,heap     ] GC(191) y: Compacted:         -                  -                  -                71M (1%)     
[1469.798s][info][gc,phases   ] GC(191) y: Young Generation 7690M(94%)->766M(9%) 0.175s
[1469.799s][info][gc          ] GC(191) Minor Collection (Allocation Rate) 7690M(94%)->766M(9%) 0.176s
[1476.669s][info][gc          ] GC(192) Major Collection (Proactive)
[1476.669s][info][gc,task     ] GC(192) Using 1 Workers for Young Generation
[1476.669s][info][gc,task     ] GC(192) Using 1 Workers for Old Generation
[1476.669s][info][gc,phases   ] GC(192) Y: Young Generation
[1476.669s][info][gc,phases   ] GC(192) Y: Pause Mark Start (Major) 0.013ms
[1476.829s][info][gc,phases   ] GC(192) Y: Concurrent Mark 159.798ms
[1476.829s][info][gc,phases   ] GC(192) Y: Pause Mark End 0.009ms
[1476.829s][info][gc,phases   ] GC(192) Y: Concurrent Mark Free 0.000ms
[1476.829s][info][gc,phases   ] GC(192) Y: Concurrent Reset Relocation Set 0.127ms
[1476.831s][info][gc,reloc    ] GC(192) Y: Using tenuring threshold: 8 (Computed)
[1476.862s][info][gc,phases   ] GC(192) Y: Concurrent Select Relocation Set 32.782ms
[1476.862s][info][gc,phases   ] GC(192) Y: Pause Relocate Start 0.008ms
[1476.952s][info][gc,phases   ] GC(192) Y: Concurrent Relocate 89.987ms
[1476.952s][info][gc,alloc    ] GC(192) Y:                         Mark Start        Mark End      Relocate Start    Relocate End   
[1476.952s][info][gc,alloc    ] GC(192) Y: Allocation Stalls:          0                0                0                0         
[1476.952s][info][gc,load     ] GC(192) Y: Load: 0.00 (0%) / 0.00 (0%) / 0.00 (0%)
[1476.952s][info][gc,mmu      ] GC(192) Y: MMU: 2ms/76.4%, 5ms/90.6%, 10ms/95.3%, 20ms/97.6%, 50ms/99.1%, 100ms/99.5%
[1476.952s][info][gc,marking  ] GC(192) Y: Mark: 1 stripe(s), 2 proactive flush(es), 1 terminate flush(es), 0 completion(s), 0 continuation(s) 
[1476.952s][info][gc,marking  ] GC(192) Y: Mark Stack Usage: 32M
[1476.952s][info][gc,nmethod  ] GC(192) Y: NMethods: 6992 registered, 799 unregistered
[1476.952s][info][gc,metaspace] GC(192) Y: Metaspace: 132M used, 133M committed, 1152M reserved
[1476.952s][info][gc,reloc    ] GC(192) Y:                        Candidates     Selected     In-Place         Size        Empty    Relocated 
[1476.952s][info][gc,reloc    ] GC(192) Y: Small Pages:                 2701         1777            0        5402M        1722M          90M 
[1476.952s][info][gc,reloc    ] GC(192) Y: Medium Pages:                   0            0            0           0M           0M           0M 
[1476.952s][info][gc,reloc    ] GC(192) Y: Large Pages:                    0            0            0           0M           0M           0M 
[1476.952s][info][gc,reloc    ] GC(192) Y: Forwarding Usage: 33M
[1476.952s][info][gc,reloc    ] GC(192) Y: Age Table:
[1476.952s][info][gc,reloc    ] GC(192) Y:                    Live             Garbage             Small              Medium             Large        
[1476.952s][info][gc,reloc    ] GC(192) Y: Eden              92M (1%)         5205M (64%)       2649 / 1736           0 / 0              0 / 0        
[1476.952s][info][gc,reloc    ] GC(192) Y: Survivor 1        13M (0%)           60M (1%)          37 / 27             0 / 0              0 / 0        
[1476.952s][info][gc,reloc    ] GC(192) Y: Survivor 2         1M (0%)           10M (0%)           6 / 6              0 / 0              0 / 0        
[1476.952s][info][gc,reloc    ] GC(192) Y: Survivor 3         0M (0%)            3M (0%)           2 / 2              0 / 0              0 / 0        
[1476.952s][info][gc,reloc    ] GC(192) Y: Survivor 4         0M (0%)            1M (0%)           1 / 1              0 / 0              0 / 0        
[1476.952s][info][gc,reloc    ] GC(192) Y: Survivor 5         0M (0%)            1M (0%)           1 / 1              0 / 0              0 / 0        
[1476.952s][info][gc,reloc    ] GC(192) Y: Survivor 6         0M (0%)            3M (0%)           2 / 2              0 / 0              0 / 0        
[1476.952s][info][gc,reloc    ] GC(192) Y: Survivor 7         0M (0%)            5M (0%)           3 / 2              0 / 0              0 / 0        
[1476.952s][info][gc,heap     ] GC(192) Y: Min Capacity: 8192M(100%)
[1476.952s][info][gc,heap     ] GC(192) Y: Max Capacity: 8192M(100%)
[1476.952s][info][gc,heap     ] GC(192) Y: Soft Max Capacity: 8192M(100%)
[1476.952s][info][gc,heap     ] GC(192) Y: Heap Statistics:
[1476.952s][info][gc,heap     ] GC(192) Y:                Mark Start          Mark End        Relocate Start      Relocate End           High               Low         
[1476.952s][info][gc,heap     ] GC(192) Y:  Capacity:     8192M (100%)       8192M (100%)       8192M (100%)       8192M (100%)       8192M (100%)       8192M (100%)   
[1476.952s][info][gc,heap     ] GC(192) Y:      Free:     2226M (27%)        2128M (26%)        3816M (47%)        7260M (89%)        7262M (89%)        2128M (26%)    
[1476.953s][info][gc,heap     ] GC(192) Y:      Used:     5966M (73%)        6064M (74%)        4376M (53%)         932M (11%)        6064M (74%)         930M (11%)    
[1476.953s][info][gc,heap     ] GC(192) Y: Young Generation Statistics:
[1476.953s][info][gc,heap     ] GC(192) Y:                Mark Start          Mark End        Relocate Start      Relocate End    
[1476.953s][info][gc,heap     ] GC(192) Y:      Used:     5402M (66%)        5500M (67%)        3812M (47%)         368M (4%)     
[1476.953s][info][gc,heap     ] GC(192) Y:      Live:         -               108M (1%)          108M (1%)          108M (1%)     
[1476.953s][info][gc,heap     ] GC(192) Y:   Garbage:         -              5293M (65%)        3571M (44%)           1M (0%)     
[1476.953s][info][gc,heap     ] GC(192) Y: Allocated:         -                98M (1%)          132M (2%)          257M (3%)     
[1476.953s][info][gc,heap     ] GC(192) Y: Reclaimed:         -                  -              1722M (21%)        5291M (65%)    
[1476.953s][info][gc,heap     ] GC(192) Y:  Promoted:         -                  -                 0M (0%)            0M (0%)     
[1476.953s][info][gc,heap     ] GC(192) Y: Compacted:         -                  -                  -               106M (1%)     
[1476.953s][info][gc,phases   ] GC(192) Y: Young Generation 5966M(73%)->932M(11%) 0.283s
[1476.953s][info][gc,phases   ] GC(192) O: Old Generation
[1477.716s][info][gc,phases   ] GC(192) O: Concurrent Mark 763.379ms
[1477.716s][info][gc,phases   ] GC(192) O: Pause Mark End 0.017ms
[1477.716s][info][gc,phases   ] GC(192) O: Concurrent Mark Free 0.000ms
[1477.734s][info][gc,phases   ] GC(192) O: Concurrent Process Non-Strong 17.343ms
[1477.734s][info][gc,phases   ] GC(192) O: Concurrent Reset Relocation Set 0.001ms
[1477.735s][info][gc,phases   ] GC(192) O: Concurrent Select Relocation Set 1.743ms
[1477.735s][info][gc,task     ] GC(192) O: Using 2 Workers for Old Generation
[1477.804s][info][gc,task     ] GC(192) O: Using 1 Workers for Old Generation
[1477.804s][info][gc,phases   ] GC(192) O: Concurrent Remap Roots 68.962ms
[1477.804s][info][gc,phases   ] GC(192) O: Pause Relocate Start 0.009ms
[1477.808s][info][gc,phases   ] GC(192) O: Concurrent Relocate 3.663ms
[1477.808s][info][gc,alloc    ] GC(192) O:                         Mark Start        Mark End      Relocate Start    Relocate End   
[1477.808s][info][gc,alloc    ] GC(192) O: Allocation Stalls:          0                0                0                0         
[1477.808s][info][gc,load     ] GC(192) O: Load: 0.00 (0%) / 0.00 (0%) / 0.00 (0%)
[1477.808s][info][gc,mmu      ] GC(192) O: MMU: 2ms/76.4%, 5ms/90.6%, 10ms/95.3%, 20ms/97.6%, 50ms/99.1%, 100ms/99.5%
[1477.808s][info][gc,marking  ] GC(192) O: Mark: 1 stripe(s), 2 proactive flush(es), 1 terminate flush(es), 0 completion(s), 0 continuation(s) 
[1477.808s][info][gc,marking  ] GC(192) O: Mark Stack Usage: 32M
[1477.808s][info][gc,nmethod  ] GC(192) O: NMethods: 6972 registered, 819 unregistered
[1477.808s][info][gc,metaspace] GC(192) O: Metaspace: 132M used, 133M committed, 1152M reserved
[1477.808s][info][gc,ref      ] GC(192) O:                       Encountered   Discovered     Enqueued 
[1477.808s][info][gc,ref      ] GC(192) O: Soft References:             6089            0            0 
[1477.808s][info][gc,ref      ] GC(192) O: Weak References:            23502        12779            3 
[1477.808s][info][gc,ref      ] GC(192) O: Final References:              34            0            0 
[1477.808s][info][gc,ref      ] GC(192) O: Phantom References:          1242          978            0 
[1477.808s][info][gc,reloc    ] GC(192) O:                        Candidates     Selected     In-Place         Size        Empty    Relocated 
[1477.808s][info][gc,reloc    ] GC(192) O: Small Pages:                  250           11            0         500M           4M           1M 
[1477.808s][info][gc,reloc    ] GC(192) O: Medium Pages:                   2            0            0          64M           0M           0M 
[1477.808s][info][gc,reloc    ] GC(192) O: Large Pages:                    0            0            0           0M           0M           0M 
[1477.808s][info][gc,reloc    ] GC(192) O: Forwarding Usage: 0M
[1477.808s][info][gc,heap     ] GC(192) O: Min Capacity: 8192M(100%)
[1477.808s][info][gc,heap     ] GC(192) O: Max Capacity: 8192M(100%)
[1477.808s][info][gc,heap     ] GC(192) O: Soft Max Capacity: 8192M(100%)
[1477.808s][info][gc,heap     ] GC(192) O: Heap Statistics:
[1477.809s][info][gc,heap     ] GC(192) O:                Mark Start          Mark End        Relocate Start      Relocate End           High               Low         
[1477.809s][info][gc,heap     ] GC(192) O:  Capacity:     8192M (100%)       8192M (100%)       8192M (100%)       8192M (100%)       8192M (100%)       8192M (100%)   
[1477.809s][info][gc,heap     ] GC(192) O:      Free:     2226M (27%)        6682M (82%)        6580M (80%)        6592M (80%)        7262M (89%)        2128M (26%)    
[1477.809s][info][gc,heap     ] GC(192) O:      Used:     5966M (73%)        1510M (18%)        1612M (20%)        1600M (20%)        6064M (74%)         930M (11%)    
[1477.809s][info][gc,heap     ] GC(192) O: Old Generation Statistics:
[1477.809s][info][gc,heap     ] GC(192) O:                Mark Start          Mark End        Relocate Start      Relocate End    
[1477.809s][info][gc,heap     ] GC(192) O:      Used:      564M (7%)          564M (7%)          560M (7%)          546M (7%)     
[1477.809s][info][gc,heap     ] GC(192) O:      Live:         -               488M (6%)          488M (6%)          488M (6%)     
[1477.809s][info][gc,heap     ] GC(192) O:   Garbage:         -                75M (1%)           71M (1%)           49M (1%)     
[1477.809s][info][gc,heap     ] GC(192) O: Allocated:         -                 0M (0%)            0M (0%)            8M (0%)     
[1477.809s][info][gc,heap     ] GC(192) O: Reclaimed:         -                  -                 4M (0%)           26M (0%)     
[1477.809s][info][gc,heap     ] GC(192) O: Compacted:         -                  -                  -                 1M (0%)     
[1477.809s][info][gc,phases   ] GC(192) O: Old Generation 932M(11%)->1600M(20%) 0.856s
[1477.809s][info][gc          ] GC(192) Major Collection (Proactive) 5966M(73%)->1600M(20%) 1.140s
[1483.644s][info][gc          ] GC(193) Minor Collection (Allocation Rate)
[1483.644s][info][gc,task     ] GC(193) Using 1 Workers for Young Generation
[1483.644s][info][gc,phases   ] GC(193) y: Young Generation
[1483.644s][info][gc,phases   ] GC(193) y: Pause Mark Start 0.013ms
[1483.869s][info][gc,phases   ] GC(193) y: Concurrent Mark 224.799ms
[1483.869s][info][gc,phases   ] GC(193) y: Pause Mark End 0.025ms
[1483.869s][info][gc,phases   ] GC(193) y: Concurrent Mark Free 0.000ms
[1483.869s][info][gc,phases   ] GC(193) y: Concurrent Reset Relocation Set 0.311ms
[1483.872s][info][gc,reloc    ] GC(193) y: Using tenuring threshold: 8 (Computed)
[1483.904s][info][gc,phases   ] GC(193) y: Concurrent Select Relocation Set 34.958ms
[1483.904s][info][gc,phases   ] GC(193) y: Pause Relocate Start 0.013ms
[1484.023s][info][gc,phases   ] GC(193) y: Concurrent Relocate 119.058ms
[1484.023s][info][gc,alloc    ] GC(193) y:                         Mark Start        Mark End      Relocate Start    Relocate End   
[1484.023s][info][gc,alloc    ] GC(193) y: Allocation Stalls:          0                0                0                0         
[1484.023s][info][gc,load     ] GC(193) y: Load: 0.00 (0%) / 0.00 (0%) / 0.00 (0%)
[1484.023s][info][gc,mmu      ] GC(193) y: MMU: 2ms/76.4%, 5ms/90.6%, 10ms/95.3%, 20ms/97.6%, 50ms/99.1%, 100ms/99.5%
[1484.023s][info][gc,marking  ] GC(193) y: Mark: 1 stripe(s), 2 proactive flush(es), 1 terminate flush(es), 0 completion(s), 0 continuation(s) 
[1484.023s][info][gc,marking  ] GC(193) y: Mark Stack Usage: 32M
[1484.024s][info][gc,nmethod  ] GC(193) y: NMethods: 6976 registered, 819 unregistered
[1484.024s][info][gc,metaspace] GC(193) y: Metaspace: 132M used, 133M committed, 1152M reserved
[1484.024s][info][gc,reloc    ] GC(193) y:                        Candidates     Selected     In-Place         Size        Empty    Relocated 
[1484.024s][info][gc,reloc    ] GC(193) y: Small Pages:                 3296         1693            0        6592M        3036M         120M 
[1484.024s][info][gc,reloc    ] GC(193) y: Medium Pages:                   0            0            0           0M           0M           0M 
[1484.024s][info][gc,reloc    ] GC(193) y: Large Pages:                    0            0            0           0M           0M           0M 
[1484.024s][info][gc,reloc    ] GC(193) y: Forwarding Usage: 43M
[1484.024s][info][gc,reloc    ] GC(193) y: Age Table:
[1484.024s][info][gc,reloc    ] GC(193) y:                    Live             Garbage             Small              Medium             Large        
[1484.024s][info][gc,reloc    ] GC(193) y: Eden             133M (2%)         6300M (77%)       3217 / 1627           0 / 0              0 / 0        
[1484.024s][info][gc,reloc    ] GC(193) y: Survivor 1        10M (0%)           93M (1%)          52 / 44             0 / 0              0 / 0        
[1484.024s][info][gc,reloc    ] GC(193) y: Survivor 2         3M (0%)           18M (0%)          11 / 7              0 / 0              0 / 0        
[1484.024s][info][gc,reloc    ] GC(193) y: Survivor 3         0M (0%)            9M (0%)           5 / 4              0 / 0              0 / 0        
[1484.024s][info][gc,reloc    ] GC(193) y: Survivor 4         0M (0%)            7M (0%)           4 / 4              0 / 0              0 / 0        
[1484.024s][info][gc,reloc    ] GC(193) y: Survivor 5         0M (0%)            3M (0%)           2 / 2              0 / 0              0 / 0        
[1484.024s][info][gc,reloc    ] GC(193) y: Survivor 6         0M (0%)            3M (0%)           2 / 2              0 / 0              0 / 0        
[1484.024s][info][gc,reloc    ] GC(193) y: Survivor 7         0M (0%)            1M (0%)           1 / 1              0 / 0              0 / 0        
[1484.024s][info][gc,reloc    ] GC(193) y: Survivor 8         0M (0%)            3M (0%)           2 / 2              0 / 0              0 / 0        
[1484.024s][info][gc,heap     ] GC(193) y: Min Capacity: 8192M(100%)
[1484.024s][info][gc,heap     ] GC(193) y: Max Capacity: 8192M(100%)
[1484.024s][info][gc,heap     ] GC(193) y: Soft Max Capacity: 8192M(100%)
[1484.024s][info][gc,heap     ] GC(193) y: Heap Statistics:
[1484.024s][info][gc,heap     ] GC(193) y:                Mark Start          Mark End        Relocate Start      Relocate End           High               Low         
[1484.024s][info][gc,heap     ] GC(193) y:  Capacity:     8192M (100%)       8192M (100%)       8192M (100%)       8192M (100%)       8192M (100%)       8192M (100%)   
[1484.024s][info][gc,heap     ] GC(193) y:      Free:     1054M (13%)         862M (11%)        3882M (47%)        7136M (87%)        7136M (87%)         862M (11%)    
[1484.024s][info][gc,heap     ] GC(193) y:      Used:     7138M (87%)        7330M (89%)        4310M (53%)        1056M (13%)        7330M (89%)        1056M (13%)    
[1484.024s][info][gc,heap     ] GC(193) y: Young Generation Statistics:
[1484.024s][info][gc,heap     ] GC(193) y:                Mark Start          Mark End        Relocate Start      Relocate End    
[1484.024s][info][gc,heap     ] GC(193) y:      Used:     6592M (80%)        6784M (83%)        3764M (46%)         506M (6%)     
[1484.024s][info][gc,heap     ] GC(193) y:      Live:         -               148M (2%)          148M (2%)          147M (2%)     
[1484.024s][info][gc,heap     ] GC(193) y:   Garbage:         -              6443M (79%)        3407M (42%)           1M (0%)     
[1484.024s][info][gc,heap     ] GC(193) y: Allocated:         -               192M (2%)          208M (3%)          356M (4%)     
[1484.024s][info][gc,heap     ] GC(193) y: Reclaimed:         -                  -              3036M (37%)        6442M (79%)    
[1484.024s][info][gc,heap     ] GC(193) y:  Promoted:         -                  -                 0M (0%)            0M (0%)     
[1484.024s][info][gc,heap     ] GC(193) y: Compacted:         -                  -                  -               139M (2%)     
[1484.024s][info][gc,phases   ] GC(193) y: Young Generation 7138M(87%)->1056M(13%) 0.380s
[1484.024s][info][gc          ] GC(193) Minor Collection (Allocation Rate) 7138M(87%)->1056M(13%) 0.380s
[1491.377s][info][gc          ] GC(194) Minor Collection (Allocation Rate)
[1491.377s][info][gc,task     ] GC(194) Using 1 Workers for Young Generation
[1491.377s][info][gc,phases   ] GC(194) y: Young Generation
[1491.377s][info][gc,phases   ] GC(194) y: Pause Mark Start 0.025ms
[1491.513s][info][gc,phases   ] GC(194) y: Concurrent Mark 135.762ms
[1491.513s][info][gc,phases   ] GC(194) y: Pause Mark End 0.015ms
[1491.513s][info][gc,phases   ] GC(194) y: Concurrent Mark Free 0.000ms
[1491.513s][info][gc,phases   ] GC(194) y: Concurrent Reset Relocation Set 0.282ms
[1491.516s][info][gc,reloc    ] GC(194) y: Using tenuring threshold: 9 (Computed)
[1491.521s][info][gc,phases   ] GC(194) y: Concurrent Select Relocation Set 8.111ms
[1491.521s][info][gc,phases   ] GC(194) y: Pause Relocate Start 0.010ms
[1491.612s][info][gc,phases   ] GC(194) y: Concurrent Relocate 90.177ms
[1491.612s][info][gc,alloc    ] GC(194) y:                         Mark Start        Mark End      Relocate Start    Relocate End   
[1491.612s][info][gc,alloc    ] GC(194) y: Allocation Stalls:          0                0                0                0         
[1491.612s][info][gc,load     ] GC(194) y: Load: 0.00 (0%) / 0.00 (0%) / 0.00 (0%)
[1491.612s][info][gc,mmu      ] GC(194) y: MMU: 2ms/76.4%, 5ms/90.6%, 10ms/95.3%, 20ms/97.6%, 50ms/99.1%, 100ms/99.5%
[1491.612s][info][gc,marking  ] GC(194) y: Mark: 1 stripe(s), 2 proactive flush(es), 1 terminate flush(es), 0 completion(s), 0 continuation(s) 
[1491.612s][info][gc,marking  ] GC(194) y: Mark Stack Usage: 32M
[1491.612s][info][gc,nmethod  ] GC(194) y: NMethods: 6979 registered, 819 unregistered
[1491.612s][info][gc,metaspace] GC(194) y: Metaspace: 132M used, 133M committed, 1152M reserved
[1491.612s][info][gc,reloc    ] GC(194) y:                        Candidates     Selected     In-Place         Size        Empty    Relocated 
[1491.612s][info][gc,reloc    ] GC(194) y: Small Pages:                 3196         2093            0        6392M        2108M          72M 
[1491.612s][info][gc,reloc    ] GC(194) y: Medium Pages:                   0            0            0           0M           0M           0M 
[1491.612s][info][gc,reloc    ] GC(194) y: Large Pages:                    0            0            0           0M           0M           0M 
[1491.612s][info][gc,reloc    ] GC(194) y: Forwarding Usage: 28M
[1491.612s][info][gc,reloc    ] GC(194) y: Age Table:
[1491.612s][info][gc,reloc    ] GC(194) y:                    Live             Garbage             Small              Medium             Large        
[1491.612s][info][gc,reloc    ] GC(194) y: Eden              79M (1%)         6114M (75%)       3097 / 2012           0 / 0              0 / 0        
[1491.612s][info][gc,reloc    ] GC(194) y: Survivor 1         4M (0%)          141M (2%)          73 / 63             0 / 0              0 / 0        
[1491.612s][info][gc,reloc    ] GC(194) y: Survivor 2         0M (0%)           19M (0%)          10 / 8              0 / 0              0 / 0        
[1491.612s][info][gc,reloc    ] GC(194) y: Survivor 3         0M (0%)           11M (0%)           6 / 5              0 / 0              0 / 0        
[1491.612s][info][gc,reloc    ] GC(194) y: Survivor 4         0M (0%)            9M (0%)           5 / 1              0 / 0              0 / 0        
[1491.612s][info][gc,reloc    ] GC(194) y: Survivor 5         0M (0%)            3M (0%)           2 / 2              0 / 0              0 / 0        
[1491.612s][info][gc,reloc    ] GC(194) y: Survivor 6         0M (0%)            1M (0%)           1 / 1              0 / 0              0 / 0        
[1491.612s][info][gc,reloc    ] GC(194) y: Survivor 7         0M (0%)            1M (0%)           1 / 0              0 / 0              0 / 0        
[1491.612s][info][gc,reloc    ] GC(194) y: Survivor 8         0M (0%)            1M (0%)           1 / 1              0 / 0              0 / 0        
[1491.612s][info][gc,heap     ] GC(194) y: Min Capacity: 8192M(100%)
[1491.612s][info][gc,heap     ] GC(194) y: Max Capacity: 8192M(100%)
[1491.612s][info][gc,heap     ] GC(194) y: Soft Max Capacity: 8192M(100%)
[1491.612s][info][gc,heap     ] GC(194) y: Heap Statistics:
[1491.612s][info][gc,heap     ] GC(194) y:                Mark Start          Mark End        Relocate Start      Relocate End           High               Low         
[1491.612s][info][gc,heap     ] GC(194) y:  Capacity:     8192M (100%)       8192M (100%)       8192M (100%)       8192M (100%)       8192M (100%)       8192M (100%)   
[1491.612s][info][gc,heap     ] GC(194) y:      Free:     1250M (15%)        1124M (14%)        3226M (39%)        7298M (89%)        7300M (89%)        1124M (14%)    
[1491.612s][info][gc,heap     ] GC(194) y:      Used:     6942M (85%)        7068M (86%)        4966M (61%)         894M (11%)        7068M (86%)         892M (11%)    
[1491.612s][info][gc,heap     ] GC(194) y: Young Generation Statistics:
[1491.612s][info][gc,heap     ] GC(194) y:                Mark Start          Mark End        Relocate Start      Relocate End    
[1491.612s][info][gc,heap     ] GC(194) y:      Used:     6392M (78%)        6518M (80%)        4416M (54%)         344M (4%)     
[1491.612s][info][gc,heap     ] GC(194) y:      Live:         -                85M (1%)           85M (1%)           85M (1%)     
[1491.612s][info][gc,heap     ] GC(194) y:   Garbage:         -              6306M (77%)        4198M (51%)           0M (0%)     
[1491.612s][info][gc,heap     ] GC(194) y: Allocated:         -               126M (2%)          132M (2%)          258M (3%)     
[1491.612s][info][gc,heap     ] GC(194) y: Reclaimed:         -                  -              2108M (26%)        6306M (77%)    
[1491.612s][info][gc,heap     ] GC(194) y:  Promoted:         -                  -                 0M (0%)            0M (0%)     
[1491.612s][info][gc,heap     ] GC(194) y: Compacted:         -                  -                  -                85M (1%)     
[1491.612s][info][gc,phases   ] GC(194) y: Young Generation 6942M(85%)->894M(11%) 0.235s
[1491.612s][info][gc          ] GC(194) Minor Collection (Allocation Rate) 6942M(85%)->896M(11%) 0.235s
[1499.670s][info][gc          ] GC(195) Minor Collection (Allocation Rate)
[1499.670s][info][gc,task     ] GC(195) Using 1 Workers for Young Generation
[1499.671s][info][gc,phases   ] GC(195) y: Young Generation
[1499.671s][info][gc,phases   ] GC(195) y: Pause Mark Start 0.017ms
[1499.797s][info][gc,phases   ] GC(195) y: Concurrent Mark 126.478ms
[1499.797s][info][gc,phases   ] GC(195) y: Pause Mark End 0.012ms
[1499.797s][info][gc,phases   ] GC(195) y: Concurrent Mark Free 0.000ms
[1499.798s][info][gc,phases   ] GC(195) y: Concurrent Reset Relocation Set 0.183ms
[1499.801s][info][gc,reloc    ] GC(195) y: Using tenuring threshold: 9 (Computed)
[1499.804s][info][gc,phases   ] GC(195) y: Concurrent Select Relocation Set 6.401ms
[1499.804s][info][gc,phases   ] GC(195) y: Pause Relocate Start 0.008ms
[1499.874s][info][gc,phases   ] GC(195) y: Concurrent Relocate 69.645ms
[1499.874s][info][gc,alloc    ] GC(195) y:                         Mark Start        Mark End      Relocate Start    Relocate End   
[1499.874s][info][gc,alloc    ] GC(195) y: Allocation Stalls:          0                0                0                0         
[1499.874s][info][gc,load     ] GC(195) y: Load: 0.00 (0%) / 0.00 (0%) / 0.00 (0%)
[1499.874s][info][gc,mmu      ] GC(195) y: MMU: 2ms/76.4%, 5ms/90.6%, 10ms/95.3%, 20ms/97.6%, 50ms/99.1%, 100ms/99.5%
[1499.874s][info][gc,marking  ] GC(195) y: Mark: 1 stripe(s), 2 proactive flush(es), 1 terminate flush(es), 0 completion(s), 0 continuation(s) 
[1499.874s][info][gc,marking  ] GC(195) y: Mark Stack Usage: 32M
[1499.874s][info][gc,nmethod  ] GC(195) y: NMethods: 6988 registered, 819 unregistered
[1499.874s][info][gc,metaspace] GC(195) y: Metaspace: 132M used, 133M committed, 1152M reserved
[1499.874s][info][gc,reloc    ] GC(195) y:                        Candidates     Selected     In-Place         Size        Empty    Relocated 
[1499.874s][info][gc,reloc    ] GC(195) y: Small Pages:                 3399         2136            0        6798M        2416M          84M 
[1499.874s][info][gc,reloc    ] GC(195) y: Medium Pages:                   0            0            0           0M           0M           0M 
[1499.874s][info][gc,reloc    ] GC(195) y: Large Pages:                    0            0            0           0M           0M           0M 
[1499.874s][info][gc,reloc    ] GC(195) y: Forwarding Usage: 25M
[1499.874s][info][gc,reloc    ] GC(195) y: Age Table:
[1499.874s][info][gc,reloc    ] GC(195) y:                    Live             Garbage             Small              Medium             Large        
[1499.874s][info][gc,reloc    ] GC(195) y: Eden              83M (1%)         6568M (80%)       3326 / 2077           0 / 0              0 / 0        
[1499.874s][info][gc,reloc    ] GC(195) y: Survivor 1        11M (0%)           76M (1%)          44 / 34             0 / 0              0 / 0        
[1499.874s][info][gc,reloc    ] GC(195) y: Survivor 2         0M (0%)           15M (0%)           8 / 8              0 / 0              0 / 0        
[1499.874s][info][gc,reloc    ] GC(195) y: Survivor 3         0M (0%)            9M (0%)           5 / 3              0 / 0              0 / 0        
[1499.874s][info][gc,reloc    ] GC(195) y: Survivor 4         0M (0%)            7M (0%)           4 / 2              0 / 0              0 / 0        
[1499.874s][info][gc,reloc    ] GC(195) y: Survivor 5         0M (0%)            3M (0%)           2 / 2              0 / 0              0 / 0        
[1499.874s][info][gc,reloc    ] GC(195) y: Survivor 6         0M (0%)            7M (0%)           4 / 4              0 / 0              0 / 0        
[1499.874s][info][gc,reloc    ] GC(195) y: Survivor 7         0M (0%)            3M (0%)           2 / 2              0 / 0              0 / 0        
[1499.874s][info][gc,reloc    ] GC(195) y: Survivor 8         0M (0%)            5M (0%)           3 / 3              0 / 0              0 / 0        
[1499.874s][info][gc,reloc    ] GC(195) y: Survivor 9         0M (0%)            1M (0%)           1 / 1              0 / 0              0 / 0        
[1499.874s][info][gc,heap     ] GC(195) y: Min Capacity: 8192M(100%)
[1499.874s][info][gc,heap     ] GC(195) y: Max Capacity: 8192M(100%)
[1499.874s][info][gc,heap     ] GC(195) y: Soft Max Capacity: 8192M(100%)
[1499.874s][info][gc,heap     ] GC(195) y: Heap Statistics:
[1499.874s][info][gc,heap     ] GC(195) y:                Mark Start          Mark End        Relocate Start      Relocate End           High               Low         
[1499.874s][info][gc,heap     ] GC(195) y:  Capacity:     8192M (100%)       8192M (100%)       8192M (100%)       8192M (100%)       8192M (100%)       8192M (100%)   
[1499.874s][info][gc,heap     ] GC(195) y:      Free:      844M (10%)         716M (9%)         3128M (38%)        7328M (89%)        7328M (89%)         716M (9%)     
[1499.874s][info][gc,heap     ] GC(195) y:      Used:     7348M (90%)        7476M (91%)        5064M (62%)         864M (11%)        7476M (91%)         864M (11%)    
[1499.874s][info][gc,heap     ] GC(195) y: Young Generation Statistics:
[1499.874s][info][gc,heap     ] GC(195) y:                Mark Start          Mark End        Relocate Start      Relocate End    
[1499.874s][info][gc,heap     ] GC(195) y:      Used:     6798M (83%)        6926M (85%)        4514M (55%)         312M (4%)     
[1499.874s][info][gc,heap     ] GC(195) y:      Live:         -                95M (1%)           95M (1%)           95M (1%)     
[1499.874s][info][gc,heap     ] GC(195) y:   Garbage:         -              6702M (82%)        4286M (52%)           0M (0%)     
[1499.874s][info][gc,heap     ] GC(195) y: Allocated:         -               128M (2%)          132M (2%)          216M (3%)     
[1499.874s][info][gc,heap     ] GC(195) y: Reclaimed:         -                  -              2416M (29%)        6702M (82%)    
[1499.874s][info][gc,heap     ] GC(195) y:  Promoted:         -                  -                 0M (0%)            0M (0%)     
[1499.874s][info][gc,heap     ] GC(195) y: Compacted:         -                  -                  -                95M (1%)     
[1499.874s][info][gc,phases   ] GC(195) y: Young Generation 7348M(90%)->864M(11%) 0.203s
[1499.874s][info][gc          ] GC(195) Minor Collection (Allocation Rate) 7348M(90%)->864M(11%) 0.204s
[1506.188s][info][gc          ] GC(196) Minor Collection (Allocation Rate)
[1506.188s][info][gc,task     ] GC(196) Using 1 Workers for Young Generation
[1506.188s][info][gc,phases   ] GC(196) y: Young Generation
[1506.188s][info][gc,phases   ] GC(196) y: Pause Mark Start 0.019ms
[1506.292s][info][gc,phases   ] GC(196) y: Concurrent Mark 103.348ms
[1506.292s][info][gc,phases   ] GC(196) y: Pause Mark End 0.011ms
[1506.292s][info][gc,phases   ] GC(196) y: Concurrent Mark Free 0.000ms
[1506.292s][info][gc,phases   ] GC(196) y: Concurrent Reset Relocation Set 0.241ms
[1506.295s][info][gc,reloc    ] GC(196) y: Using tenuring threshold: 6 (Computed)
[1506.298s][info][gc,phases   ] GC(196) y: Concurrent Select Relocation Set 5.970ms
[1506.298s][info][gc,phases   ] GC(196) y: Pause Relocate Start 0.008ms
[1506.355s][info][gc,phases   ] GC(196) y: Concurrent Relocate 56.591ms
[1506.355s][info][gc,alloc    ] GC(196) y:                         Mark Start        Mark End      Relocate Start    Relocate End   
[1506.355s][info][gc,alloc    ] GC(196) y: Allocation Stalls:          0                0                0                0         
[1506.355s][info][gc,load     ] GC(196) y: Load: 0.00 (0%) / 0.00 (0%) / 0.00 (0%)
[1506.355s][info][gc,mmu      ] GC(196) y: MMU: 2ms/76.4%, 5ms/90.6%, 10ms/95.3%, 20ms/97.6%, 50ms/99.1%, 100ms/99.5%
[1506.355s][info][gc,marking  ] GC(196) y: Mark: 1 stripe(s), 2 proactive flush(es), 1 terminate flush(es), 0 completion(s), 0 continuation(s) 
[1506.355s][info][gc,marking  ] GC(196) y: Mark Stack Usage: 32M
[1506.355s][info][gc,nmethod  ] GC(196) y: NMethods: 6991 registered, 819 unregistered
[1506.355s][info][gc,metaspace] GC(196) y: Metaspace: 132M used, 133M committed, 1152M reserved
[1506.355s][info][gc,reloc    ] GC(196) y:                        Candidates     Selected     In-Place         Size        Empty    Relocated 
[1506.355s][info][gc,reloc    ] GC(196) y: Small Pages:                 3308         1008            0        6616M        4516M          63M 
[1506.355s][info][gc,reloc    ] GC(196) y: Medium Pages:                   0            0            0           0M           0M           0M 
[1506.355s][info][gc,reloc    ] GC(196) y: Large Pages:                    0            0            0           0M           0M           0M 
[1506.355s][info][gc,reloc    ] GC(196) y: Forwarding Usage: 22M
[1506.355s][info][gc,reloc    ] GC(196) y: Age Table:
[1506.355s][info][gc,reloc    ] GC(196) y:                    Live             Garbage             Small              Medium             Large        
[1506.355s][info][gc,reloc    ] GC(196) y: Eden              68M (1%)         6411M (78%)       3240 / 948            0 / 0              0 / 0        
[1506.355s][info][gc,reloc    ] GC(196) y: Survivor 1         1M (0%)           90M (1%)          46 / 42             0 / 0              0 / 0        
[1506.355s][info][gc,reloc    ] GC(196) y: Survivor 2         1M (0%)           16M (0%)           9 / 8              0 / 0              0 / 0        
[1506.355s][info][gc,reloc    ] GC(196) y: Survivor 3         0M (0%)            7M (0%)           4 / 2              0 / 0              0 / 0        
[1506.355s][info][gc,reloc    ] GC(196) y: Survivor 4         0M (0%)            3M (0%)           2 / 2              0 / 0              0 / 0        
[1506.355s][info][gc,reloc    ] GC(196) y: Survivor 5         0M (0%)            3M (0%)           2 / 1              0 / 0              0 / 0        
[1506.355s][info][gc,reloc    ] GC(196) y: Survivor 6         0M (0%)            1M (0%)           1 / 1              0 / 0              0 / 0        
[1506.355s][info][gc,reloc    ] GC(196) y: Survivor 7         0M (0%)            1M (0%)           1 / 1              0 / 0              0 / 0        
[1506.355s][info][gc,reloc    ] GC(196) y: Survivor 8         0M (0%)            3M (0%)           2 / 2              0 / 0              0 / 0        
[1506.355s][info][gc,reloc    ] GC(196) y: Survivor 9         0M (0%)            1M (0%)           1 / 1              0 / 0              0 / 0        
[1506.355s][info][gc,heap     ] GC(196) y: Min Capacity: 8192M(100%)
[1506.355s][info][gc,heap     ] GC(196) y: Max Capacity: 8192M(100%)
[1506.355s][info][gc,heap     ] GC(196) y: Soft Max Capacity: 8192M(100%)
[1506.355s][info][gc,heap     ] GC(196) y: Heap Statistics:
[1506.355s][info][gc,heap     ] GC(196) y:                Mark Start          Mark End        Relocate Start      Relocate End           High               Low         
[1506.355s][info][gc,heap     ] GC(196) y:  Capacity:     8192M (100%)       8192M (100%)       8192M (100%)       8192M (100%)       8192M (100%)       8192M (100%)   
[1506.355s][info][gc,heap     ] GC(196) y:      Free:     1024M (12%)         914M (11%)        5424M (66%)        7388M (90%)        7388M (90%)         914M (11%)    
[1506.355s][info][gc,heap     ] GC(196) y:      Used:     7168M (88%)        7278M (89%)        2768M (34%)         804M (10%)        7278M (89%)         804M (10%)    
[1506.355s][info][gc,heap     ] GC(196) y: Young Generation Statistics:
[1506.355s][info][gc,heap     ] GC(196) y:                Mark Start          Mark End        Relocate Start      Relocate End    
[1506.355s][info][gc,heap     ] GC(196) y:      Used:     6616M (81%)        6726M (82%)        2216M (27%)         248M (3%)     
[1506.355s][info][gc,heap     ] GC(196) y:      Live:         -                72M (1%)           72M (1%)           72M (1%)     
[1506.355s][info][gc,heap     ] GC(196) y:   Garbage:         -              6543M (80%)        2027M (25%)           0M (0%)     
[1506.355s][info][gc,heap     ] GC(196) y: Allocated:         -               110M (1%)          116M (1%)          174M (2%)     
[1506.355s][info][gc,heap     ] GC(196) y: Reclaimed:         -                  -              4516M (55%)        6542M (80%)    
[1506.355s][info][gc,heap     ] GC(196) y:  Promoted:         -                  -                 0M (0%)            0M (0%)     
[1506.355s][info][gc,heap     ] GC(196) y: Compacted:         -                  -                  -                71M (1%)     
[1506.355s][info][gc,phases   ] GC(196) y: Young Generation 7168M(88%)->804M(10%) 0.167s
[1506.355s][info][gc          ] GC(196) Minor Collection (Allocation Rate) 7168M(88%)->804M(10%) 0.167s
[1517.939s][info][gc          ] GC(197) Minor Collection (Allocation Rate)
[1517.939s][info][gc,task     ] GC(197) Using 1 Workers for Young Generation
[1517.939s][info][gc,phases   ] GC(197) y: Young Generation
[1517.939s][info][gc,phases   ] GC(197) y: Pause Mark Start 0.015ms
[1518.044s][info][gc,phases   ] GC(197) y: Concurrent Mark 104.529ms
[1518.044s][info][gc,phases   ] GC(197) y: Pause Mark End 0.010ms
[1518.044s][info][gc,phases   ] GC(197) y: Concurrent Mark Free 0.000ms
[1518.044s][info][gc,phases   ] GC(197) y: Concurrent Reset Relocation Set 0.107ms
[1518.047s][info][gc,reloc    ] GC(197) y: Using tenuring threshold: 7 (Computed)
[1518.060s][info][gc,phases   ] GC(197) y: Concurrent Select Relocation Set 15.841ms
[1518.060s][info][gc,phases   ] GC(197) y: Pause Relocate Start 0.009ms
[1518.118s][info][gc,phases   ] GC(197) y: Concurrent Relocate 57.866ms
[1518.118s][info][gc,alloc    ] GC(197) y:                         Mark Start        Mark End      Relocate Start    Relocate End   
[1518.118s][info][gc,alloc    ] GC(197) y: Allocation Stalls:          0                0                0                0         
[1518.118s][info][gc,load     ] GC(197) y: Load: 0.00 (0%) / 0.00 (0%) / 0.00 (0%)
[1518.118s][info][gc,mmu      ] GC(197) y: MMU: 2ms/76.4%, 5ms/90.6%, 10ms/95.3%, 20ms/97.6%, 50ms/99.1%, 100ms/99.5%
[1518.118s][info][gc,marking  ] GC(197) y: Mark: 1 stripe(s), 2 proactive flush(es), 1 terminate flush(es), 0 completion(s), 0 continuation(s) 
[1518.118s][info][gc,marking  ] GC(197) y: Mark Stack Usage: 32M
[1518.118s][info][gc,nmethod  ] GC(197) y: NMethods: 7029 registered, 819 unregistered
[1518.118s][info][gc,metaspace] GC(197) y: Metaspace: 132M used, 133M committed, 1152M reserved
[1518.118s][info][gc,reloc    ] GC(197) y:                        Candidates     Selected     In-Place         Size        Empty    Relocated 
[1518.118s][info][gc,reloc    ] GC(197) y: Small Pages:                 3430         1974            0        6860M        2826M          64M 
[1518.118s][info][gc,reloc    ] GC(197) y: Medium Pages:                   0            0            0           0M           0M           0M 
[1518.118s][info][gc,reloc    ] GC(197) y: Large Pages:                    0            0            0           0M           0M           0M 
[1518.118s][info][gc,reloc    ] GC(197) y: Forwarding Usage: 23M
[1518.118s][info][gc,reloc    ] GC(197) y: Age Table:
[1518.118s][info][gc,reloc    ] GC(197) y:                    Live             Garbage             Small              Medium             Large        
[1518.118s][info][gc,reloc    ] GC(197) y: Eden              69M (1%)         6686M (82%)       3378 / 1930           0 / 0              0 / 0        
[1518.118s][info][gc,reloc    ] GC(197) y: Survivor 1         3M (0%)           72M (1%)          38 / 33             0 / 0              0 / 0        
[1518.118s][info][gc,reloc    ] GC(197) y: Survivor 2         0M (0%)            7M (0%)           4 / 3              0 / 0              0 / 0        
[1518.118s][info][gc,reloc    ] GC(197) y: Survivor 3         0M (0%)            9M (0%)           5 / 4              0 / 0              0 / 0        
[1518.118s][info][gc,reloc    ] GC(197) y: Survivor 4         0M (0%)            3M (0%)           2 / 2              0 / 0              0 / 0        
[1518.118s][info][gc,reloc    ] GC(197) y: Survivor 5         0M (0%)            3M (0%)           2 / 1              0 / 0              0 / 0        
[1518.118s][info][gc,reloc    ] GC(197) y: Survivor 6         0M (0%)            1M (0%)           1 / 1              0 / 0              0 / 0        
[1518.118s][info][gc,heap     ] GC(197) y: Min Capacity: 8192M(100%)
[1518.118s][info][gc,heap     ] GC(197) y: Max Capacity: 8192M(100%)
[1518.118s][info][gc,heap     ] GC(197) y: Soft Max Capacity: 8192M(100%)
[1518.118s][info][gc,heap     ] GC(197) y: Heap Statistics:
[1518.118s][info][gc,heap     ] GC(197) y:                Mark Start          Mark End        Relocate Start      Relocate End           High               Low         
[1518.118s][info][gc,heap     ] GC(197) y:  Capacity:     8192M (100%)       8192M (100%)       8192M (100%)       8192M (100%)       8192M (100%)       8192M (100%)   
[1518.118s][info][gc,heap     ] GC(197) y:      Free:      776M (9%)          670M (8%)         3484M (43%)        7364M (90%)        7364M (90%)         668M (8%)     
[1518.118s][info][gc,heap     ] GC(197) y:      Used:     7416M (91%)        7522M (92%)        4708M (57%)         828M (10%)        7524M (92%)         828M (10%)    
[1518.118s][info][gc,heap     ] GC(197) y: Young Generation Statistics:
[1518.118s][info][gc,heap     ] GC(197) y:                Mark Start          Mark End        Relocate Start      Relocate End    
[1518.118s][info][gc,heap     ] GC(197) y:      Used:     6860M (84%)        6966M (85%)        4152M (51%)         272M (3%)     
[1518.118s][info][gc,heap     ] GC(197) y:      Live:         -                73M (1%)           73M (1%)           73M (1%)     
[1518.118s][info][gc,heap     ] GC(197) y:   Garbage:         -              6786M (83%)        3960M (48%)           2M (0%)     
[1518.118s][info][gc,heap     ] GC(197) y: Allocated:         -               106M (1%)          118M (1%)          196M (2%)     
[1518.118s][info][gc,heap     ] GC(197) y: Reclaimed:         -                  -              2826M (34%)        6784M (83%)    
[1518.118s][info][gc,heap     ] GC(197) y:  Promoted:         -                  -                 0M (0%)            0M (0%)     
[1518.118s][info][gc,heap     ] GC(197) y: Compacted:         -                  -                  -                71M (1%)     
[1518.118s][info][gc,phases   ] GC(197) y: Young Generation 7416M(91%)->828M(10%) 0.179s
[1518.118s][info][gc          ] GC(197) Minor Collection (Allocation Rate) 7416M(91%)->828M(10%) 0.180s
[1525.569s][info][gc          ] GC(198) Minor Collection (Allocation Rate)
[1525.569s][info][gc,task     ] GC(198) Using 1 Workers for Young Generation
[1525.569s][info][gc,phases   ] GC(198) y: Young Generation
[1525.569s][info][gc,phases   ] GC(198) y: Pause Mark Start 0.013ms
[1525.756s][info][gc,phases   ] GC(198) y: Concurrent Mark 187.051ms
[1525.757s][info][gc,phases   ] GC(198) y: Pause Mark End 0.009ms
[1525.757s][info][gc,phases   ] GC(198) y: Concurrent Mark Free 0.000ms
[1525.757s][info][gc,phases   ] GC(198) y: Concurrent Reset Relocation Set 0.149ms
[1525.759s][info][gc,reloc    ] GC(198) y: Using tenuring threshold: 8 (Computed)
[1525.778s][info][gc,phases   ] GC(198) y: Concurrent Select Relocation Set 20.923ms
[1525.778s][info][gc,phases   ] GC(198) y: Pause Relocate Start 0.013ms
[1525.899s][info][gc,phases   ] GC(198) y: Concurrent Relocate 120.664ms
[1525.899s][info][gc,alloc    ] GC(198) y:                         Mark Start        Mark End      Relocate Start    Relocate End   
[1525.899s][info][gc,alloc    ] GC(198) y: Allocation Stalls:          0                0                0                0         
[1525.899s][info][gc,load     ] GC(198) y: Load: 0.00 (0%) / 0.00 (0%) / 0.00 (0%)
[1525.899s][info][gc,mmu      ] GC(198) y: MMU: 2ms/76.4%, 5ms/90.6%, 10ms/95.3%, 20ms/97.6%, 50ms/99.1%, 100ms/99.5%
[1525.899s][info][gc,marking  ] GC(198) y: Mark: 1 stripe(s), 2 proactive flush(es), 1 terminate flush(es), 0 completion(s), 0 continuation(s) 
[1525.899s][info][gc,marking  ] GC(198) y: Mark Stack Usage: 32M
[1525.899s][info][gc,nmethod  ] GC(198) y: NMethods: 7049 registered, 819 unregistered
[1525.899s][info][gc,metaspace] GC(198) y: Metaspace: 132M used, 133M committed, 1152M reserved
[1525.899s][info][gc,reloc    ] GC(198) y:                        Candidates     Selected     In-Place         Size        Empty    Relocated 
[1525.899s][info][gc,reloc    ] GC(198) y: Small Pages:                 3486         2302            0        6972M        2194M         120M 
[1525.899s][info][gc,reloc    ] GC(198) y: Medium Pages:                   0            0            0           0M           0M           0M 
[1525.899s][info][gc,reloc    ] GC(198) y: Large Pages:                    0            0            0           0M           0M           0M 
[1525.899s][info][gc,reloc    ] GC(198) y: Forwarding Usage: 41M
[1525.899s][info][gc,reloc    ] GC(198) y: Age Table:
[1525.899s][info][gc,reloc    ] GC(198) y:                    Live             Garbage             Small              Medium             Large        
[1525.899s][info][gc,reloc    ] GC(198) y: Eden             141M (2%)         6712M (82%)       3427 / 2248           0 / 0              0 / 0        
[1525.899s][info][gc,reloc    ] GC(198) y: Survivor 1         7M (0%)           76M (1%)          42 / 40             0 / 0              0 / 0        
[1525.899s][info][gc,reloc    ] GC(198) y: Survivor 2         1M (0%)           10M (0%)           6 / 5              0 / 0              0 / 0        
[1525.899s][info][gc,reloc    ] GC(198) y: Survivor 3         0M (0%)            7M (0%)           4 / 3              0 / 0              0 / 0        
[1525.899s][info][gc,reloc    ] GC(198) y: Survivor 4         0M (0%)            5M (0%)           3 / 2              0 / 0              0 / 0        
[1525.899s][info][gc,reloc    ] GC(198) y: Survivor 5         0M (0%)            1M (0%)           1 / 1              0 / 0              0 / 0        
[1525.899s][info][gc,reloc    ] GC(198) y: Survivor 6         0M (0%)            3M (0%)           2 / 2              0 / 0              0 / 0        
[1525.899s][info][gc,reloc    ] GC(198) y: Survivor 7         0M (0%)            1M (0%)           1 / 1              0 / 0              0 / 0        
[1525.899s][info][gc,heap     ] GC(198) y: Min Capacity: 8192M(100%)
[1525.899s][info][gc,heap     ] GC(198) y: Max Capacity: 8192M(100%)
[1525.899s][info][gc,heap     ] GC(198) y: Soft Max Capacity: 8192M(100%)
[1525.899s][info][gc,heap     ] GC(198) y: Heap Statistics:
[1525.899s][info][gc,heap     ] GC(198) y:                Mark Start          Mark End        Relocate Start      Relocate End           High               Low         
[1525.899s][info][gc,heap     ] GC(198) y:  Capacity:     8192M (100%)       8192M (100%)       8192M (100%)       8192M (100%)       8192M (100%)       8192M (100%)   
[1525.899s][info][gc,heap     ] GC(198) y:      Free:      664M (8%)          296M (4%)         2478M (30%)        6918M (84%)        6924M (85%)         296M (4%)     
[1525.899s][info][gc,heap     ] GC(198) y:      Used:     7528M (92%)        7896M (96%)        5714M (70%)        1274M (16%)        7896M (96%)        1268M (15%)    
[1525.899s][info][gc,heap     ] GC(198) y: Young Generation Statistics:
[1525.899s][info][gc,heap     ] GC(198) y:                Mark Start          Mark End        Relocate Start      Relocate End    
[1525.899s][info][gc,heap     ] GC(198) y:      Used:     6972M (85%)        7340M (90%)        5158M (63%)         718M (9%)     
[1525.899s][info][gc,heap     ] GC(198) y:      Live:         -               150M (2%)          150M (2%)          150M (2%)     
[1525.899s][info][gc,heap     ] GC(198) y:   Garbage:         -              6821M (83%)        4627M (56%)           3M (0%)     
[1525.899s][info][gc,heap     ] GC(198) y: Allocated:         -               368M (4%)          380M (5%)          563M (7%)     
[1525.899s][info][gc,heap     ] GC(198) y: Reclaimed:         -                  -              2194M (27%)        6817M (83%)    
[1525.899s][info][gc,heap     ] GC(198) y:  Promoted:         -                  -                 0M (0%)            0M (0%)     
[1525.899s][info][gc,heap     ] GC(198) y: Compacted:         -                  -                  -               138M (2%)     
[1525.899s][info][gc,phases   ] GC(198) y: Young Generation 7528M(92%)->1274M(16%) 0.329s
[1525.899s][info][gc          ] GC(198) Minor Collection (Allocation Rate) 7528M(92%)->1274M(16%) 0.330s
[1532.735s][info][gc          ] GC(199) Minor Collection (Allocation Rate)
[1532.735s][info][gc,task     ] GC(199) Using 1 Workers for Young Generation
[1532.735s][info][gc,phases   ] GC(199) y: Young Generation
[1532.735s][info][gc,phases   ] GC(199) y: Pause Mark Start 0.014ms
[1532.842s][info][gc,phases   ] GC(199) y: Concurrent Mark 107.323ms
[1532.842s][info][gc,phases   ] GC(199) y: Pause Mark End 0.008ms
[1532.842s][info][gc,phases   ] GC(199) y: Concurrent Mark Free 0.000ms
[1532.843s][info][gc,phases   ] GC(199) y: Concurrent Reset Relocation Set 0.201ms
[1532.845s][info][gc,reloc    ] GC(199) y: Using tenuring threshold: 9 (Computed)
[1532.848s][info][gc,phases   ] GC(199) y: Concurrent Select Relocation Set 4.944ms
[1532.848s][info][gc,phases   ] GC(199) y: Pause Relocate Start 0.010ms
[1532.915s][info][gc,phases   ] GC(199) y: Concurrent Relocate 67.618ms
[1532.915s][info][gc,alloc    ] GC(199) y:                         Mark Start        Mark End      Relocate Start    Relocate End   
[1532.915s][info][gc,alloc    ] GC(199) y: Allocation Stalls:          0                0                0                0         
[1532.915s][info][gc,load     ] GC(199) y: Load: 0.00 (0%) / 0.00 (0%) / 0.00 (0%)
[1532.915s][info][gc,mmu      ] GC(199) y: MMU: 2ms/76.4%, 5ms/90.6%, 10ms/95.3%, 20ms/97.6%, 50ms/99.1%, 100ms/99.5%
[1532.915s][info][gc,marking  ] GC(199) y: Mark: 1 stripe(s), 2 proactive flush(es), 1 terminate flush(es), 0 completion(s), 0 continuation(s) 
[1532.915s][info][gc,marking  ] GC(199) y: Mark Stack Usage: 32M
[1532.916s][info][gc,nmethod  ] GC(199) y: NMethods: 7052 registered, 819 unregistered
[1532.916s][info][gc,metaspace] GC(199) y: Metaspace: 132M used, 133M committed, 1152M reserved
[1532.916s][info][gc,reloc    ] GC(199) y:                        Candidates     Selected     In-Place         Size        Empty    Relocated 
[1532.916s][info][gc,reloc    ] GC(199) y: Small Pages:                 3260         1547            0        6520M        3334M          68M 
[1532.916s][info][gc,reloc    ] GC(199) y: Medium Pages:                   0            0            0           0M           0M           0M 
[1532.916s][info][gc,reloc    ] GC(199) y: Large Pages:                    0            0            0           0M           0M           0M 
[1532.916s][info][gc,reloc    ] GC(199) y: Forwarding Usage: 23M
[1532.916s][info][gc,reloc    ] GC(199) y: Age Table:
[1532.916s][info][gc,reloc    ] GC(199) y:                    Live             Garbage             Small              Medium             Large        
[1532.916s][info][gc,reloc    ] GC(199) y: Eden              75M (1%)         6236M (76%)       3156 / 1455           0 / 0              0 / 0        
[1532.916s][info][gc,reloc    ] GC(199) y: Survivor 1         1M (0%)          154M (2%)          78 / 66             0 / 0              0 / 0        
[1532.916s][info][gc,reloc    ] GC(199) y: Survivor 2         1M (0%)           24M (0%)          13 / 13             0 / 0              0 / 0        
[1532.916s][info][gc,reloc    ] GC(199) y: Survivor 3         0M (0%)            7M (0%)           4 / 4              0 / 0              0 / 0        
[1532.916s][info][gc,reloc    ] GC(199) y: Survivor 4         0M (0%)            3M (0%)           2 / 2              0 / 0              0 / 0        
[1532.916s][info][gc,reloc    ] GC(199) y: Survivor 5         0M (0%)            3M (0%)           2 / 2              0 / 0              0 / 0        
[1532.916s][info][gc,reloc    ] GC(199) y: Survivor 6         0M (0%)            3M (0%)           2 / 2              0 / 0              0 / 0        
[1532.916s][info][gc,reloc    ] GC(199) y: Survivor 7         0M (0%)            1M (0%)           1 / 1              0 / 0              0 / 0        
[1532.916s][info][gc,reloc    ] GC(199) y: Survivor 8         0M (0%)            3M (0%)           2 / 2              0 / 0              0 / 0        
[1532.916s][info][gc,heap     ] GC(199) y: Min Capacity: 8192M(100%)
[1532.916s][info][gc,heap     ] GC(199) y: Max Capacity: 8192M(100%)
[1532.916s][info][gc,heap     ] GC(199) y: Soft Max Capacity: 8192M(100%)
[1532.916s][info][gc,heap     ] GC(199) y: Heap Statistics:
[1532.916s][info][gc,heap     ] GC(199) y:                Mark Start          Mark End        Relocate Start      Relocate End           High               Low         
[1532.916s][info][gc,heap     ] GC(199) y:  Capacity:     8192M (100%)       8192M (100%)       8192M (100%)       8192M (100%)       8192M (100%)       8192M (100%)   
[1532.916s][info][gc,heap     ] GC(199) y:      Free:     1116M (14%)        1012M (12%)        4346M (53%)        7344M (90%)        7344M (90%)        1012M (12%)    
[1532.916s][info][gc,heap     ] GC(199) y:      Used:     7076M (86%)        7180M (88%)        3846M (47%)         848M (10%)        7180M (88%)         848M (10%)    
[1532.916s][info][gc,heap     ] GC(199) y: Young Generation Statistics:
[1532.916s][info][gc,heap     ] GC(199) y:                Mark Start          Mark End        Relocate Start      Relocate End    
[1532.916s][info][gc,heap     ] GC(199) y:      Used:     6520M (80%)        6624M (81%)        3290M (40%)         292M (4%)     
[1532.916s][info][gc,heap     ] GC(199) y:      Live:         -                78M (1%)           78M (1%)           78M (1%)     
[1532.916s][info][gc,heap     ] GC(199) y:   Garbage:         -              6441M (79%)        3107M (38%)           1M (0%)     
[1532.916s][info][gc,heap     ] GC(199) y: Allocated:         -               104M (1%)          104M (1%)          211M (3%)     
[1532.916s][info][gc,heap     ] GC(199) y: Reclaimed:         -                  -              3334M (41%)        6439M (79%)    
[1532.916s][info][gc,heap     ] GC(199) y:  Promoted:         -                  -                 0M (0%)            0M (0%)     
[1532.916s][info][gc,heap     ] GC(199) y: Compacted:         -                  -                  -                76M (1%)     
[1532.916s][info][gc,phases   ] GC(199) y: Young Generation 7076M(86%)->848M(10%) 0.180s
[1532.916s][info][gc          ] GC(199) Minor Collection (Allocation Rate) 7076M(86%)->850M(10%) 0.181s
[1541.400s][info][gc          ] GC(200) Minor Collection (Allocation Rate)
[1541.400s][info][gc,task     ] GC(200) Using 1 Workers for Young Generation
[1541.400s][info][gc,phases   ] GC(200) y: Young Generation
[1541.400s][info][gc,phases   ] GC(200) y: Pause Mark Start 0.014ms
[1541.523s][info][gc,phases   ] GC(200) y: Concurrent Mark 123.010ms
[1541.523s][info][gc,phases   ] GC(200) y: Pause Mark End 0.009ms
[1541.523s][info][gc,phases   ] GC(200) y: Concurrent Mark Free 0.000ms
[1541.523s][info][gc,phases   ] GC(200) y: Concurrent Reset Relocation Set 0.136ms
[1541.526s][info][gc,reloc    ] GC(200) y: Using tenuring threshold: 6 (Computed)
[1541.529s][info][gc,phases   ] GC(200) y: Concurrent Select Relocation Set 5.545ms
[1541.529s][info][gc,phases   ] GC(200) y: Pause Relocate Start 0.008ms
[1541.591s][info][gc,phases   ] GC(200) y: Concurrent Relocate 62.358ms
[1541.592s][info][gc,alloc    ] GC(200) y:                         Mark Start        Mark End      Relocate Start    Relocate End   
[1541.592s][info][gc,alloc    ] GC(200) y: Allocation Stalls:          0                0                0                0         
[1541.592s][info][gc,load     ] GC(200) y: Load: 0.00 (0%) / 0.00 (0%) / 0.00 (0%)
[1541.592s][info][gc,mmu      ] GC(200) y: MMU: 2ms/76.4%, 5ms/90.6%, 10ms/95.3%, 20ms/97.6%, 50ms/99.1%, 100ms/99.5%
[1541.592s][info][gc,marking  ] GC(200) y: Mark: 1 stripe(s), 2 proactive flush(es), 1 terminate flush(es), 0 completion(s), 0 continuation(s) 
[1541.592s][info][gc,marking  ] GC(200) y: Mark Stack Usage: 32M
[1541.592s][info][gc,nmethod  ] GC(200) y: NMethods: 7061 registered, 819 unregistered
[1541.592s][info][gc,metaspace] GC(200) y: Metaspace: 132M used, 133M committed, 1152M reserved
[1541.592s][info][gc,reloc    ] GC(200) y:                        Candidates     Selected     In-Place         Size        Empty    Relocated 
[1541.592s][info][gc,reloc    ] GC(200) y: Small Pages:                 3419         1839            0        6838M        3060M          68M 
[1541.592s][info][gc,reloc    ] GC(200) y: Medium Pages:                   0            0            0           0M           0M           0M 
[1541.592s][info][gc,reloc    ] GC(200) y: Large Pages:                    0            0            0           0M           0M           0M 
[1541.592s][info][gc,reloc    ] GC(200) y: Forwarding Usage: 22M
[1541.592s][info][gc,reloc    ] GC(200) y: Age Table:
[1541.592s][info][gc,reloc    ] GC(200) y:                    Live             Garbage             Small              Medium             Large        
[1541.592s][info][gc,reloc    ] GC(200) y: Eden              77M (1%)         6632M (81%)       3355 / 1783           0 / 0              0 / 0        
[1541.592s][info][gc,reloc    ] GC(200) y: Survivor 1         8M (0%)           77M (1%)          43 / 38             0 / 0              0 / 0        
[1541.592s][info][gc,reloc    ] GC(200) y: Survivor 2         0M (0%)            7M (0%)           4 / 3              0 / 0              0 / 0        
[1541.592s][info][gc,reloc    ] GC(200) y: Survivor 3         0M (0%)           11M (0%)           6 / 6              0 / 0              0 / 0        
[1541.592s][info][gc,reloc    ] GC(200) y: Survivor 4         0M (0%)            7M (0%)           4 / 2              0 / 0              0 / 0        
[1541.592s][info][gc,reloc    ] GC(200) y: Survivor 5         0M (0%)            3M (0%)           2 / 2              0 / 0              0 / 0        
[1541.592s][info][gc,reloc    ] GC(200) y: Survivor 6         0M (0%)            1M (0%)           1 / 1              0 / 0              0 / 0        
[1541.592s][info][gc,reloc    ] GC(200) y: Survivor 7         0M (0%)            1M (0%)           1 / 1              0 / 0              0 / 0        
[1541.592s][info][gc,reloc    ] GC(200) y: Survivor 8         0M (0%)            3M (0%)           2 / 2              0 / 0              0 / 0        
[1541.592s][info][gc,reloc    ] GC(200) y: Survivor 9         0M (0%)            1M (0%)           1 / 1              0 / 0              0 / 0        
[1541.592s][info][gc,heap     ] GC(200) y: Min Capacity: 8192M(100%)
[1541.592s][info][gc,heap     ] GC(200) y: Max Capacity: 8192M(100%)
[1541.592s][info][gc,heap     ] GC(200) y: Soft Max Capacity: 8192M(100%)
[1541.592s][info][gc,heap     ] GC(200) y: Heap Statistics:
[1541.592s][info][gc,heap     ] GC(200) y:                Mark Start          Mark End        Relocate Start      Relocate End           High               Low         
[1541.592s][info][gc,heap     ] GC(200) y:  Capacity:     8192M (100%)       8192M (100%)       8192M (100%)       8192M (100%)       8192M (100%)       8192M (100%)   
[1541.592s][info][gc,heap     ] GC(200) y:      Free:      798M (10%)         654M (8%)         3710M (45%)        7296M (89%)        7296M (89%)         654M (8%)     
[1541.592s][info][gc,heap     ] GC(200) y:      Used:     7394M (90%)        7538M (92%)        4482M (55%)         896M (11%)        7538M (92%)         896M (11%)    
[1541.592s][info][gc,heap     ] GC(200) y: Young Generation Statistics:
[1541.592s][info][gc,heap     ] GC(200) y:                Mark Start          Mark End        Relocate Start      Relocate End    
[1541.592s][info][gc,heap     ] GC(200) y:      Used:     6838M (83%)        6982M (85%)        3926M (48%)         338M (4%)     
[1541.592s][info][gc,heap     ] GC(200) y:      Live:         -                86M (1%)           86M (1%)           86M (1%)     
[1541.592s][info][gc,heap     ] GC(200) y:   Garbage:         -              6751M (82%)        3691M (45%)           1M (0%)     
[1541.592s][info][gc,heap     ] GC(200) y: Allocated:         -               144M (2%)          148M (2%)          249M (3%)     
[1541.592s][info][gc,heap     ] GC(200) y: Reclaimed:         -                  -              3060M (37%)        6749M (82%)    
[1541.592s][info][gc,heap     ] GC(200) y:  Promoted:         -                  -                 0M (0%)            0M (0%)     
[1541.592s][info][gc,heap     ] GC(200) y: Compacted:         -                  -                  -                78M (1%)     
[1541.592s][info][gc,phases   ] GC(200) y: Young Generation 7394M(90%)->896M(11%) 0.192s
[1541.592s][info][gc          ] GC(200) Minor Collection (Allocation Rate) 7394M(90%)->898M(11%) 0.192s
[1543.432s][info][gc          ] GC(201) Major Collection (Proactive)
[1543.432s][info][gc,task     ] GC(201) Using 1 Workers for Young Generation
[1543.432s][info][gc,task     ] GC(201) Using 1 Workers for Old Generation
[1543.432s][info][gc,phases   ] GC(201) Y: Young Generation
[1543.432s][info][gc,phases   ] GC(201) Y: Pause Mark Start (Major) 0.016ms
[1543.621s][info][gc,phases   ] GC(201) Y: Concurrent Mark 189.033ms
[1543.621s][info][gc,phases   ] GC(201) Y: Pause Mark End 0.009ms
[1543.622s][info][gc,phases   ] GC(201) Y: Concurrent Mark Free 0.000ms
[1543.622s][info][gc,phases   ] GC(201) Y: Concurrent Reset Relocation Set 0.140ms
[1543.624s][info][gc,reloc    ] GC(201) Y: Using tenuring threshold: 7 (Computed)
[1543.626s][info][gc,phases   ] GC(201) Y: Concurrent Select Relocation Set 3.845ms
[1543.626s][info][gc,phases   ] GC(201) Y: Pause Relocate Start 0.009ms
[1543.685s][info][gc,phases   ] GC(201) Y: Concurrent Relocate 59.054ms
[1543.685s][info][gc,alloc    ] GC(201) Y:                         Mark Start        Mark End      Relocate Start    Relocate End   
[1543.685s][info][gc,alloc    ] GC(201) Y: Allocation Stalls:          0                0                0                0         
[1543.685s][info][gc,load     ] GC(201) Y: Load: 0.00 (0%) / 0.00 (0%) / 0.00 (0%)
[1543.685s][info][gc,mmu      ] GC(201) Y: MMU: 2ms/76.4%, 5ms/90.6%, 10ms/95.3%, 20ms/97.6%, 50ms/99.1%, 100ms/99.5%
[1543.685s][info][gc,marking  ] GC(201) Y: Mark: 1 stripe(s), 2 proactive flush(es), 1 terminate flush(es), 0 completion(s), 0 continuation(s) 
[1543.685s][info][gc,marking  ] GC(201) Y: Mark Stack Usage: 32M
[1543.685s][info][gc,nmethod  ] GC(201) Y: NMethods: 7061 registered, 819 unregistered
[1543.685s][info][gc,metaspace] GC(201) Y: Metaspace: 132M used, 133M committed, 1152M reserved
[1543.685s][info][gc,reloc    ] GC(201) Y:                        Candidates     Selected     In-Place         Size        Empty    Relocated 
[1543.685s][info][gc,reloc    ] GC(201) Y: Small Pages:                  936          696            0        1872M         356M          48M 
[1543.685s][info][gc,reloc    ] GC(201) Y: Medium Pages:                   0            0            0           0M           0M           0M 
[1543.685s][info][gc,reloc    ] GC(201) Y: Large Pages:                    0            0            0           0M           0M           0M 
[1543.685s][info][gc,reloc    ] GC(201) Y: Forwarding Usage: 21M
[1543.685s][info][gc,reloc    ] GC(201) Y: Age Table:
[1543.685s][info][gc,reloc    ] GC(201) Y:                    Live             Garbage             Small              Medium             Large        
[1543.685s][info][gc,reloc    ] GC(201) Y: Eden              54M (1%)         1685M (21%)        870 / 664            0 / 0              0 / 0        
[1543.685s][info][gc,reloc    ] GC(201) Y: Survivor 1        43M (1%)           46M (1%)          45 / 15             0 / 0              0 / 0        
[1543.685s][info][gc,reloc    ] GC(201) Y: Survivor 2         6M (0%)            9M (0%)           8 / 4              0 / 0              0 / 0        
[1543.685s][info][gc,reloc    ] GC(201) Y: Survivor 3         0M (0%)            5M (0%)           3 / 3              0 / 0              0 / 0        
[1543.685s][info][gc,reloc    ] GC(201) Y: Survivor 4         0M (0%)           13M (0%)           7 / 7              0 / 0              0 / 0        
[1543.685s][info][gc,reloc    ] GC(201) Y: Survivor 5         0M (0%)            1M (0%)           1 / 1              0 / 0              0 / 0        
[1543.685s][info][gc,reloc    ] GC(201) Y: Survivor 6         0M (0%)            3M (0%)           2 / 2              0 / 0              0 / 0        
[1543.685s][info][gc,heap     ] GC(201) Y: Min Capacity: 8192M(100%)
[1543.685s][info][gc,heap     ] GC(201) Y: Max Capacity: 8192M(100%)
[1543.685s][info][gc,heap     ] GC(201) Y: Soft Max Capacity: 8192M(100%)
[1543.685s][info][gc,heap     ] GC(201) Y: Heap Statistics:
[1543.685s][info][gc,heap     ] GC(201) Y:                Mark Start          Mark End        Relocate Start      Relocate End           High               Low         
[1543.685s][info][gc,heap     ] GC(201) Y:  Capacity:     8192M (100%)       8192M (100%)       8192M (100%)       8192M (100%)       8192M (100%)       8192M (100%)   
[1543.685s][info][gc,heap     ] GC(201) Y:      Free:     5762M (70%)        5546M (68%)        5902M (72%)        7232M (88%)        7232M (88%)        5546M (68%)    
[1543.685s][info][gc,heap     ] GC(201) Y:      Used:     2430M (30%)        2646M (32%)        2290M (28%)         960M (12%)        2646M (32%)         960M (12%)    
[1543.685s][info][gc,heap     ] GC(201) Y: Young Generation Statistics:
[1543.685s][info][gc,heap     ] GC(201) Y:                Mark Start          Mark End        Relocate Start      Relocate End    
[1543.685s][info][gc,heap     ] GC(201) Y:      Used:     1872M (23%)        2088M (25%)        1732M (21%)         402M (5%)     
[1543.685s][info][gc,heap     ] GC(201) Y:      Live:         -               105M (1%)          105M (1%)          105M (1%)     
[1543.685s][info][gc,heap     ] GC(201) Y:   Garbage:         -              1766M (22%)        1410M (17%)           6M (0%)     
[1543.685s][info][gc,heap     ] GC(201) Y: Allocated:         -               216M (3%)          216M (3%)          289M (4%)     
[1543.685s][info][gc,heap     ] GC(201) Y: Reclaimed:         -                  -               356M (4%)         1759M (21%)    
[1543.685s][info][gc,heap     ] GC(201) Y:  Promoted:         -                  -                 0M (0%)            0M (0%)     
[1543.685s][info][gc,heap     ] GC(201) Y: Compacted:         -                  -                  -                68M (1%)     
[1543.685s][info][gc,phases   ] GC(201) Y: Young Generation 2430M(30%)->960M(12%) 0.253s
[1543.685s][info][gc,phases   ] GC(201) O: Old Generation
[1544.445s][info][gc,phases   ] GC(201) O: Concurrent Mark 759.265ms
[1544.445s][info][gc,phases   ] GC(201) O: Pause Mark End 0.010ms
[1544.445s][info][gc,phases   ] GC(201) O: Concurrent Mark Free 0.000ms
[1544.459s][info][gc,phases   ] GC(201) O: Concurrent Process Non-Strong 14.277ms
[1544.459s][info][gc,phases   ] GC(201) O: Concurrent Reset Relocation Set 0.001ms
[1544.461s][info][gc,phases   ] GC(201) O: Concurrent Select Relocation Set 1.739ms
[1544.461s][info][gc,task     ] GC(201) O: Using 2 Workers for Old Generation
[1544.524s][info][gc,task     ] GC(201) O: Using 1 Workers for Old Generation
[1544.524s][info][gc,phases   ] GC(201) O: Concurrent Remap Roots 63.061ms
[1544.524s][info][gc,phases   ] GC(201) O: Pause Relocate Start 0.010ms
[1544.529s][info][gc,phases   ] GC(201) O: Concurrent Relocate 4.774ms
[1544.529s][info][gc,alloc    ] GC(201) O:                         Mark Start        Mark End      Relocate Start    Relocate End   
[1544.529s][info][gc,alloc    ] GC(201) O: Allocation Stalls:          0                0                0                0         
[1544.529s][info][gc,load     ] GC(201) O: Load: 0.00 (0%) / 0.00 (0%) / 0.00 (0%)
[1544.529s][info][gc,mmu      ] GC(201) O: MMU: 2ms/76.4%, 5ms/90.6%, 10ms/95.3%, 20ms/97.6%, 50ms/99.1%, 100ms/99.5%
[1544.529s][info][gc,marking  ] GC(201) O: Mark: 1 stripe(s), 2 proactive flush(es), 1 terminate flush(es), 0 completion(s), 0 continuation(s) 
[1544.529s][info][gc,marking  ] GC(201) O: Mark Stack Usage: 32M
[1544.529s][info][gc,nmethod  ] GC(201) O: NMethods: 7043 registered, 837 unregistered
[1544.529s][info][gc,metaspace] GC(201) O: Metaspace: 132M used, 133M committed, 1152M reserved
[1544.529s][info][gc,ref      ] GC(201) O:                       Encountered   Discovered     Enqueued 
[1544.529s][info][gc,ref      ] GC(201) O: Soft References:             6089            0            0 
[1544.529s][info][gc,ref      ] GC(201) O: Weak References:            23510        12864           27 
[1544.529s][info][gc,ref      ] GC(201) O: Final References:              34            0            0 
[1544.529s][info][gc,ref      ] GC(201) O: Phantom References:          1266         1104           21 
[1544.529s][info][gc,reloc    ] GC(201) O:                        Candidates     Selected     In-Place         Size        Empty    Relocated 
[1544.529s][info][gc,reloc    ] GC(201) O: Small Pages:                  247            9            0         494M           2M           1M 
[1544.529s][info][gc,reloc    ] GC(201) O: Medium Pages:                   2            0            0          64M           0M           0M 
[1544.529s][info][gc,reloc    ] GC(201) O: Large Pages:                    0            0            0           0M           0M           0M 
[1544.529s][info][gc,reloc    ] GC(201) O: Forwarding Usage: 1M
[1544.529s][info][gc,heap     ] GC(201) O: Min Capacity: 8192M(100%)
[1544.529s][info][gc,heap     ] GC(201) O: Max Capacity: 8192M(100%)
[1544.529s][info][gc,heap     ] GC(201) O: Soft Max Capacity: 8192M(100%)
[1544.529s][info][gc,heap     ] GC(201) O: Heap Statistics:
[1544.529s][info][gc,heap     ] GC(201) O:                Mark Start          Mark End        Relocate Start      Relocate End           High               Low         
[1544.529s][info][gc,heap     ] GC(201) O:  Capacity:     8192M (100%)       8192M (100%)       8192M (100%)       8192M (100%)       8192M (100%)       8192M (100%)   
[1544.529s][info][gc,heap     ] GC(201) O:      Free:     5762M (70%)        6428M (78%)        6368M (78%)        6370M (78%)        7232M (88%)        5546M (68%)    
[1544.529s][info][gc,heap     ] GC(201) O:      Used:     2430M (30%)        1764M (22%)        1824M (22%)        1822M (22%)        2646M (32%)         960M (12%)    
[1544.529s][info][gc,heap     ] GC(201) O: Old Generation Statistics:
[1544.529s][info][gc,heap     ] GC(201) O:                Mark Start          Mark End        Relocate Start      Relocate End    
[1544.529s][info][gc,heap     ] GC(201) O:      Used:      558M (7%)          558M (7%)          556M (7%)          552M (7%)     
[1544.529s][info][gc,heap     ] GC(201) O:      Live:         -               488M (6%)          488M (6%)          488M (6%)     
[1544.529s][info][gc,heap     ] GC(201) O:   Garbage:         -                69M (1%)           67M (1%)           48M (1%)     
[1544.529s][info][gc,heap     ] GC(201) O: Allocated:         -                 0M (0%)            0M (0%)           15M (0%)     
[1544.529s][info][gc,heap     ] GC(201) O: Reclaimed:         -                  -                 2M (0%)           21M (0%)     
[1544.529s][info][gc,heap     ] GC(201) O: Compacted:         -                  -                  -                 2M (0%)     
[1544.529s][info][gc,phases   ] GC(201) O: Old Generation 960M(12%)->1822M(22%) 0.844s
[1544.529s][info][gc          ] GC(201) Major Collection (Proactive) 2430M(30%)->1822M(22%) 1.097s
[1549.066s][info][gc          ] GC(202) Minor Collection (Allocation Rate)
[1549.066s][info][gc,task     ] GC(202) Using 1 Workers for Young Generation
[1549.066s][info][gc,phases   ] GC(202) y: Young Generation
[1549.066s][info][gc,phases   ] GC(202) y: Pause Mark Start 0.013ms
[1549.202s][info][gc,phases   ] GC(202) y: Concurrent Mark 135.565ms
[1549.202s][info][gc,phases   ] GC(202) y: Pause Mark End 0.009ms
[1549.202s][info][gc,phases   ] GC(202) y: Concurrent Mark Free 0.000ms
[1549.202s][info][gc,phases   ] GC(202) y: Concurrent Reset Relocation Set 0.069ms
[1549.205s][info][gc,reloc    ] GC(202) y: Using tenuring threshold: 7 (Computed)
[1549.218s][info][gc,phases   ] GC(202) y: Concurrent Select Relocation Set 15.618ms
[1549.218s][info][gc,phases   ] GC(202) y: Pause Relocate Start 0.015ms
[1549.308s][info][gc,phases   ] GC(202) y: Concurrent Relocate 90.178ms
[1549.308s][info][gc,alloc    ] GC(202) y:                         Mark Start        Mark End      Relocate Start    Relocate End   
[1549.308s][info][gc,alloc    ] GC(202) y: Allocation Stalls:          0                0                0                0         
[1549.308s][info][gc,load     ] GC(202) y: Load: 0.00 (0%) / 0.00 (0%) / 0.00 (0%)
[1549.308s][info][gc,mmu      ] GC(202) y: MMU: 2ms/76.4%, 5ms/90.6%, 10ms/95.3%, 20ms/97.6%, 50ms/99.1%, 100ms/99.5%
[1549.308s][info][gc,marking  ] GC(202) y: Mark: 1 stripe(s), 2 proactive flush(es), 1 terminate flush(es), 0 completion(s), 0 continuation(s) 
[1549.308s][info][gc,marking  ] GC(202) y: Mark Stack Usage: 32M
[1549.308s][info][gc,nmethod  ] GC(202) y: NMethods: 7044 registered, 837 unregistered
[1549.308s][info][gc,metaspace] GC(202) y: Metaspace: 132M used, 133M committed, 1152M reserved
[1549.308s][info][gc,reloc    ] GC(202) y:                        Candidates     Selected     In-Place         Size        Empty    Relocated 
[1549.308s][info][gc,reloc    ] GC(202) y: Small Pages:                 3275         1373            0        6550M        3684M          90M 
[1549.308s][info][gc,reloc    ] GC(202) y: Medium Pages:                   0            0            0           0M           0M           0M 
[1549.308s][info][gc,reloc    ] GC(202) y: Large Pages:                    0            0            0           0M           0M           0M 
[1549.308s][info][gc,reloc    ] GC(202) y: Forwarding Usage: 31M
[1549.308s][info][gc,reloc    ] GC(202) y: Age Table:
[1549.308s][info][gc,reloc    ] GC(202) y:                    Live             Garbage             Small              Medium             Large        
[1549.308s][info][gc,reloc    ] GC(202) y: Eden              94M (1%)         6303M (77%)       3199 / 1310           0 / 0              0 / 0        
[1549.308s][info][gc,reloc    ] GC(202) y: Survivor 1         2M (0%)           63M (1%)          33 / 25             0 / 0              0 / 0        
[1549.308s][info][gc,reloc    ] GC(202) y: Survivor 2         4M (0%)           49M (1%)          27 / 22             0 / 0              0 / 0        
[1549.309s][info][gc,reloc    ] GC(202) y: Survivor 3         2M (0%)           13M (0%)           8 / 8              0 / 0              0 / 0        
[1549.309s][info][gc,reloc    ] GC(202) y: Survivor 4         0M (0%)            5M (0%)           3 / 3              0 / 0              0 / 0        
[1549.309s][info][gc,reloc    ] GC(202) y: Survivor 5         0M (0%)            3M (0%)           2 / 2              0 / 0              0 / 0        
[1549.309s][info][gc,reloc    ] GC(202) y: Survivor 6         0M (0%)            1M (0%)           1 / 1              0 / 0              0 / 0        
[1549.309s][info][gc,reloc    ] GC(202) y: Survivor 7         0M (0%)            3M (0%)           2 / 2              0 / 0              0 / 0        
[1549.309s][info][gc,heap     ] GC(202) y: Min Capacity: 8192M(100%)
[1549.309s][info][gc,heap     ] GC(202) y: Max Capacity: 8192M(100%)
[1549.309s][info][gc,heap     ] GC(202) y: Soft Max Capacity: 8192M(100%)
[1549.309s][info][gc,heap     ] GC(202) y: Heap Statistics:
[1549.309s][info][gc,heap     ] GC(202) y:                Mark Start          Mark End        Relocate Start      Relocate End           High               Low         
[1549.309s][info][gc,heap     ] GC(202) y:  Capacity:     8192M (100%)       8192M (100%)       8192M (100%)       8192M (100%)       8192M (100%)       8192M (100%)   
[1549.309s][info][gc,heap     ] GC(202) y:      Free:     1090M (13%)         932M (11%)        4604M (56%)        7194M (88%)        7198M (88%)         932M (11%)    
[1549.309s][info][gc,heap     ] GC(202) y:      Used:     7102M (87%)        7260M (89%)        3588M (44%)         998M (12%)        7260M (89%)         994M (12%)    
[1549.309s][info][gc,heap     ] GC(202) y: Young Generation Statistics:
[1549.309s][info][gc,heap     ] GC(202) y:                Mark Start          Mark End        Relocate Start      Relocate End    
[1549.309s][info][gc,heap     ] GC(202) y:      Used:     6550M (80%)        6708M (82%)        3036M (37%)         442M (5%)     
[1549.309s][info][gc,heap     ] GC(202) y:      Live:         -               104M (1%)          104M (1%)          104M (1%)     
[1549.309s][info][gc,heap     ] GC(202) y:   Garbage:         -              6445M (79%)        2761M (34%)           0M (0%)     
[1549.309s][info][gc,heap     ] GC(202) y: Allocated:         -               158M (2%)          170M (2%)          336M (4%)     
[1549.309s][info][gc,heap     ] GC(202) y: Reclaimed:         -                  -              3684M (45%)        6444M (79%)    
[1549.309s][info][gc,heap     ] GC(202) y:  Promoted:         -                  -                 0M (0%)            0M (0%)     
[1549.309s][info][gc,heap     ] GC(202) y: Compacted:         -                  -                  -               103M (1%)     
[1549.309s][info][gc,phases   ] GC(202) y: Young Generation 7102M(87%)->998M(12%) 0.242s
[1549.309s][info][gc          ] GC(202) Minor Collection (Allocation Rate) 7102M(87%)->1000M(12%) 0.243s
[1557.814s][info][gc          ] GC(203) Minor Collection (Allocation Rate)
[1557.814s][info][gc,task     ] GC(203) Using 1 Workers for Young Generation
[1557.814s][info][gc,phases   ] GC(203) y: Young Generation
[1557.814s][info][gc,phases   ] GC(203) y: Pause Mark Start 0.013ms
[1557.918s][info][gc,phases   ] GC(203) y: Concurrent Mark 104.255ms
[1557.918s][info][gc,phases   ] GC(203) y: Pause Mark End 0.009ms
[1557.918s][info][gc,phases   ] GC(203) y: Concurrent Mark Free 0.000ms
[1557.918s][info][gc,phases   ] GC(203) y: Concurrent Reset Relocation Set 0.120ms
[1557.920s][info][gc,reloc    ] GC(203) y: Using tenuring threshold: 1 (Computed)
[1557.926s][info][gc,phases   ] GC(203) y: Concurrent Select Relocation Set 7.923ms
[1557.926s][info][gc,phases   ] GC(203) y: Pause Relocate Start 0.009ms
[1557.991s][info][gc,phases   ] GC(203) y: Concurrent Relocate 64.340ms
[1557.991s][info][gc,alloc    ] GC(203) y:                         Mark Start        Mark End      Relocate Start    Relocate End   
[1557.991s][info][gc,alloc    ] GC(203) y: Allocation Stalls:          0                0                0                0         
[1557.992s][info][gc,load     ] GC(203) y: Load: 0.00 (0%) / 0.00 (0%) / 0.00 (0%)
[1557.992s][info][gc,mmu      ] GC(203) y: MMU: 2ms/76.4%, 5ms/90.6%, 10ms/95.3%, 20ms/97.6%, 50ms/99.1%, 100ms/99.5%
[1557.992s][info][gc,marking  ] GC(203) y: Mark: 1 stripe(s), 2 proactive flush(es), 1 terminate flush(es), 0 completion(s), 0 continuation(s) 
[1557.992s][info][gc,marking  ] GC(203) y: Mark Stack Usage: 32M
[1557.992s][info][gc,nmethod  ] GC(203) y: NMethods: 7051 registered, 837 unregistered
[1557.992s][info][gc,metaspace] GC(203) y: Metaspace: 132M used, 133M committed, 1152M reserved
[1557.992s][info][gc,reloc    ] GC(203) y:                        Candidates     Selected     In-Place         Size        Empty    Relocated 
[1557.992s][info][gc,reloc    ] GC(203) y: Small Pages:                 3382         1867            0        6764M        2946M          64M 
[1557.992s][info][gc,reloc    ] GC(203) y: Medium Pages:                   0            0            0           0M           0M           0M 
[1557.992s][info][gc,reloc    ] GC(203) y: Large Pages:                    0            0            0           0M           0M           0M 
[1557.992s][info][gc,reloc    ] GC(203) y: Forwarding Usage: 24M
[1557.992s][info][gc,reloc    ] GC(203) y: Age Table:
[1557.992s][info][gc,reloc    ] GC(203) y:                    Live             Garbage             Small              Medium             Large        
[1557.992s][info][gc,reloc    ] GC(203) y: Eden              68M (1%)         6533M (80%)       3301 / 1795           0 / 0              0 / 0        
[1557.992s][info][gc,reloc    ] GC(203) y: Survivor 1         3M (0%)          100M (1%)          52 / 52             0 / 0              0 / 0        
[1557.992s][info][gc,reloc    ] GC(203) y: Survivor 2         0M (0%)            9M (0%)           5 / 3              0 / 0              0 / 0        
[1557.992s][info][gc,reloc    ] GC(203) y: Survivor 3         0M (0%)           17M (0%)           9 / 6              0 / 0              0 / 0        
[1557.992s][info][gc,reloc    ] GC(203) y: Survivor 4         0M (0%)            9M (0%)           5 / 2              0 / 0              0 / 0        
[1557.992s][info][gc,reloc    ] GC(203) y: Survivor 5         0M (0%)            5M (0%)           3 / 3              0 / 0              0 / 0        
[1557.992s][info][gc,reloc    ] GC(203) y: Survivor 6         0M (0%)           11M (0%)           6 / 5              0 / 0              0 / 0        
[1557.992s][info][gc,reloc    ] GC(203) y: Survivor 7         0M (0%)            1M (0%)           1 / 1              0 / 0              0 / 0        
[1557.992s][info][gc,heap     ] GC(203) y: Min Capacity: 8192M(100%)
[1557.992s][info][gc,heap     ] GC(203) y: Max Capacity: 8192M(100%)
[1557.992s][info][gc,heap     ] GC(203) y: Soft Max Capacity: 8192M(100%)
[1557.992s][info][gc,heap     ] GC(203) y: Heap Statistics:
[1557.992s][info][gc,heap     ] GC(203) y:                Mark Start          Mark End        Relocate Start      Relocate End           High               Low         
[1557.992s][info][gc,heap     ] GC(203) y:  Capacity:     8192M (100%)       8192M (100%)       8192M (100%)       8192M (100%)       8192M (100%)       8192M (100%)   
[1557.992s][info][gc,heap     ] GC(203) y:      Free:      872M (11%)         782M (10%)        3724M (45%)        7428M (91%)        7428M (91%)         782M (10%)    
[1557.992s][info][gc,heap     ] GC(203) y:      Used:     7320M (89%)        7410M (90%)        4468M (55%)         764M (9%)         7410M (90%)         764M (9%)     
[1557.992s][info][gc,heap     ] GC(203) y: Young Generation Statistics:
[1557.992s][info][gc,heap     ] GC(203) y:                Mark Start          Mark End        Relocate Start      Relocate End    
[1557.992s][info][gc,heap     ] GC(203) y:      Used:     6764M (83%)        6854M (84%)        3912M (48%)         200M (2%)     
[1557.992s][info][gc,heap     ] GC(203) y:      Live:         -                73M (1%)           73M (1%)           68M (1%)     
[1557.992s][info][gc,heap     ] GC(203) y:   Garbage:         -              6690M (82%)        3744M (46%)           0M (0%)     
[1557.992s][info][gc,heap     ] GC(203) y: Allocated:         -                90M (1%)           94M (1%)          131M (2%)     
[1557.992s][info][gc,heap     ] GC(203) y: Reclaimed:         -                  -              2946M (36%)        6690M (82%)    
[1557.992s][info][gc,heap     ] GC(203) y:  Promoted:         -                  -                 0M (0%)            5M (0%)     
[1557.992s][info][gc,heap     ] GC(203) y: Compacted:         -                  -                  -                68M (1%)     
[1557.992s][info][gc,phases   ] GC(203) y: Young Generation 7320M(89%)->764M(9%) 0.177s
[1557.992s][info][gc          ] GC(203) Minor Collection (Allocation Rate) 7320M(89%)->768M(9%) 0.178s
[1565.381s][info][gc          ] GC(204) Minor Collection (Allocation Rate)
[1565.381s][info][gc,task     ] GC(204) Using 1 Workers for Young Generation
[1565.381s][info][gc,phases   ] GC(204) y: Young Generation
[1565.381s][info][gc,phases   ] GC(204) y: Pause Mark Start 0.014ms
[1565.565s][info][gc,phases   ] GC(204) y: Concurrent Mark 184.168ms
[1565.565s][info][gc,phases   ] GC(204) y: Pause Mark End 0.009ms
[1565.565s][info][gc,phases   ] GC(204) y: Concurrent Mark Free 0.000ms
[1565.566s][info][gc,phases   ] GC(204) y: Concurrent Reset Relocation Set 0.153ms
[1565.568s][info][gc,reloc    ] GC(204) y: Using tenuring threshold: 2 (Computed)
[1565.580s][info][gc,phases   ] GC(204) y: Concurrent Select Relocation Set 14.496ms
[1565.580s][info][gc,phases   ] GC(204) y: Pause Relocate Start 0.016ms
[1565.689s][info][gc,phases   ] GC(204) y: Concurrent Relocate 108.876ms
[1565.689s][info][gc,alloc    ] GC(204) y:                         Mark Start        Mark End      Relocate Start    Relocate End   
[1565.689s][info][gc,alloc    ] GC(204) y: Allocation Stalls:          0                0                0                0         
[1565.689s][info][gc,load     ] GC(204) y: Load: 0.00 (0%) / 0.00 (0%) / 0.00 (0%)
[1565.689s][info][gc,mmu      ] GC(204) y: MMU: 2ms/76.4%, 5ms/90.6%, 10ms/95.3%, 20ms/97.6%, 50ms/99.1%, 100ms/99.5%
[1565.689s][info][gc,marking  ] GC(204) y: Mark: 1 stripe(s), 2 proactive flush(es), 1 terminate flush(es), 0 completion(s), 0 continuation(s) 
[1565.689s][info][gc,marking  ] GC(204) y: Mark Stack Usage: 32M
[1565.689s][info][gc,nmethod  ] GC(204) y: NMethods: 7053 registered, 837 unregistered
[1565.689s][info][gc,metaspace] GC(204) y: Metaspace: 132M used, 133M committed, 1152M reserved
[1565.689s][info][gc,reloc    ] GC(204) y:                        Candidates     Selected     In-Place         Size        Empty    Relocated 
[1565.689s][info][gc,reloc    ] GC(204) y: Small Pages:                 3488         2244            0        6976M        2318M         114M 
[1565.689s][info][gc,reloc    ] GC(204) y: Medium Pages:                   0            0            0           0M           0M           0M 
[1565.689s][info][gc,reloc    ] GC(204) y: Large Pages:                    0            0            0           0M           0M           0M 
[1565.689s][info][gc,reloc    ] GC(204) y: Forwarding Usage: 37M
[1565.689s][info][gc,reloc    ] GC(204) y: Age Table:
[1565.689s][info][gc,reloc    ] GC(204) y:                    Live             Garbage             Small              Medium             Large        
[1565.689s][info][gc,reloc    ] GC(204) y: Eden             134M (2%)         6767M (83%)       3451 / 2217           0 / 0              0 / 0        
[1565.689s][info][gc,reloc    ] GC(204) y: Survivor 1        14M (0%)           59M (1%)          37 / 27             0 / 0              0 / 0        
[1565.689s][info][gc,heap     ] GC(204) y: Min Capacity: 8192M(100%)
[1565.689s][info][gc,heap     ] GC(204) y: Max Capacity: 8192M(100%)
[1565.689s][info][gc,heap     ] GC(204) y: Soft Max Capacity: 8192M(100%)
[1565.690s][info][gc,heap     ] GC(204) y: Heap Statistics:
[1565.690s][info][gc,heap     ] GC(204) y:                Mark Start          Mark End        Relocate Start      Relocate End           High               Low         
[1565.690s][info][gc,heap     ] GC(204) y:  Capacity:     8192M (100%)       8192M (100%)       8192M (100%)       8192M (100%)       8192M (100%)       8192M (100%)   
[1565.690s][info][gc,heap     ] GC(204) y:      Free:      652M (8%)          366M (4%)         2674M (33%)        7028M (86%)        7044M (86%)         366M (4%)     
[1565.690s][info][gc,heap     ] GC(204) y:      Used:     7540M (92%)        7826M (96%)        5518M (67%)        1164M (14%)        7826M (96%)        1148M (14%)    
[1565.690s][info][gc,heap     ] GC(204) y: Young Generation Statistics:
[1565.690s][info][gc,heap     ] GC(204) y:                Mark Start          Mark End        Relocate Start      Relocate End    
[1565.690s][info][gc,heap     ] GC(204) y:      Used:     6976M (85%)        7262M (89%)        4954M (60%)         600M (7%)     
[1565.690s][info][gc,heap     ] GC(204) y:      Live:         -               148M (2%)          148M (2%)          148M (2%)     
[1565.690s][info][gc,heap     ] GC(204) y:   Garbage:         -              6827M (83%)        4509M (55%)           2M (0%)     
[1565.690s][info][gc,heap     ] GC(204) y: Allocated:         -               286M (3%)          296M (4%)          449M (5%)     
[1565.690s][info][gc,heap     ] GC(204) y: Reclaimed:         -                  -              2318M (28%)        6825M (83%)    
[1565.690s][info][gc,heap     ] GC(204) y:  Promoted:         -                  -                 0M (0%)            0M (0%)     
[1565.690s][info][gc,heap     ] GC(204) y: Compacted:         -                  -                  -               132M (2%)     
[1565.690s][info][gc,phases   ] GC(204) y: Young Generation 7540M(92%)->1164M(14%) 0.308s
[1565.690s][info][gc          ] GC(204) Minor Collection (Allocation Rate) 7538M(92%)->1164M(14%) 0.309s
[1572.558s][info][gc          ] GC(205) Minor Collection (Allocation Rate)
[1572.559s][info][gc,task     ] GC(205) Using 1 Workers for Young Generation
[1572.559s][info][gc,phases   ] GC(205) y: Young Generation
[1572.559s][info][gc,phases   ] GC(205) y: Pause Mark Start 0.014ms
[1572.674s][info][gc,phases   ] GC(205) y: Concurrent Mark 114.997ms
[1572.674s][info][gc,phases   ] GC(205) y: Pause Mark End 0.009ms
[1572.674s][info][gc,phases   ] GC(205) y: Concurrent Mark Free 0.000ms
[1572.674s][info][gc,phases   ] GC(205) y: Concurrent Reset Relocation Set 0.235ms
[1572.677s][info][gc,reloc    ] GC(205) y: Using tenuring threshold: 3 (Computed)
[1572.680s][info][gc,phases   ] GC(205) y: Concurrent Select Relocation Set 5.894ms
[1572.680s][info][gc,phases   ] GC(205) y: Pause Relocate Start 0.007ms
[1572.742s][info][gc,phases   ] GC(205) y: Concurrent Relocate 62.385ms
[1572.743s][info][gc,alloc    ] GC(205) y:                         Mark Start        Mark End      Relocate Start    Relocate End   
[1572.743s][info][gc,alloc    ] GC(205) y: Allocation Stalls:          0                0                0                0         
[1572.743s][info][gc,load     ] GC(205) y: Load: 0.00 (0%) / 0.00 (0%) / 0.00 (0%)
[1572.743s][info][gc,mmu      ] GC(205) y: MMU: 2ms/76.4%, 5ms/90.6%, 10ms/95.3%, 20ms/97.6%, 50ms/99.1%, 100ms/99.5%
[1572.743s][info][gc,marking  ] GC(205) y: Mark: 1 stripe(s), 2 proactive flush(es), 1 terminate flush(es), 0 completion(s), 0 continuation(s) 
[1572.743s][info][gc,marking  ] GC(205) y: Mark Stack Usage: 32M
[1572.743s][info][gc,nmethod  ] GC(205) y: NMethods: 7066 registered, 837 unregistered
[1572.743s][info][gc,metaspace] GC(205) y: Metaspace: 132M used, 133M committed, 1152M reserved
[1572.743s][info][gc,reloc    ] GC(205) y:                        Candidates     Selected     In-Place         Size        Empty    Relocated 
[1572.743s][info][gc,reloc    ] GC(205) y: Small Pages:                 3253         1619            0        6506M        3172M          65M 
[1572.743s][info][gc,reloc    ] GC(205) y: Medium Pages:                   0            0            0           0M           0M           0M 
[1572.743s][info][gc,reloc    ] GC(205) y: Large Pages:                    0            0            0           0M           0M           0M 
[1572.743s][info][gc,reloc    ] GC(205) y: Forwarding Usage: 23M
[1572.743s][info][gc,reloc    ] GC(205) y: Age Table:
[1572.743s][info][gc,reloc    ] GC(205) y:                    Live             Garbage             Small              Medium             Large        
[1572.743s][info][gc,reloc    ] GC(205) y: Eden              70M (1%)         6265M (76%)       3168 / 1555           0 / 0              0 / 0        
[1572.743s][info][gc,reloc    ] GC(205) y: Survivor 1         1M (0%)          144M (2%)          73 / 58             0 / 0              0 / 0        
[1572.743s][info][gc,reloc    ] GC(205) y: Survivor 2        10M (0%)           13M (0%)          12 / 6              0 / 0              0 / 0        
[1572.743s][info][gc,heap     ] GC(205) y: Min Capacity: 8192M(100%)
[1572.743s][info][gc,heap     ] GC(205) y: Max Capacity: 8192M(100%)
[1572.743s][info][gc,heap     ] GC(205) y: Soft Max Capacity: 8192M(100%)
[1572.743s][info][gc,heap     ] GC(205) y: Heap Statistics:
[1572.743s][info][gc,heap     ] GC(205) y:                Mark Start          Mark End        Relocate Start      Relocate End           High               Low         
[1572.743s][info][gc,heap     ] GC(205) y:  Capacity:     8192M (100%)       8192M (100%)       8192M (100%)       8192M (100%)       8192M (100%)       8192M (100%)   
[1572.743s][info][gc,heap     ] GC(205) y:      Free:     1122M (14%)        1022M (12%)        4190M (51%)        7380M (90%)        7380M (90%)        1020M (12%)    
[1572.743s][info][gc,heap     ] GC(205) y:      Used:     7070M (86%)        7170M (88%)        4002M (49%)         812M (10%)        7172M (88%)         812M (10%)    
[1572.743s][info][gc,heap     ] GC(205) y: Young Generation Statistics:
[1572.743s][info][gc,heap     ] GC(205) y:                Mark Start          Mark End        Relocate Start      Relocate End    
[1572.743s][info][gc,heap     ] GC(205) y:      Used:     6506M (79%)        6606M (81%)        3438M (42%)         248M (3%)     
[1572.743s][info][gc,heap     ] GC(205) y:      Live:         -                82M (1%)           82M (1%)           82M (1%)     
[1572.743s][info][gc,heap     ] GC(205) y:   Garbage:         -              6423M (78%)        3251M (40%)           1M (0%)     
[1572.743s][info][gc,heap     ] GC(205) y: Allocated:         -               100M (1%)          104M (1%)          163M (2%)     
[1572.743s][info][gc,heap     ] GC(205) y: Reclaimed:         -                  -              3172M (39%)        6421M (78%)    
[1572.743s][info][gc,heap     ] GC(205) y:  Promoted:         -                  -                 0M (0%)            0M (0%)     
[1572.743s][info][gc,heap     ] GC(205) y: Compacted:         -                  -                  -                76M (1%)     
[1572.743s][info][gc,phases   ] GC(205) y: Young Generation 7070M(86%)->812M(10%) 0.184s
[1572.743s][info][gc          ] GC(205) Minor Collection (Allocation Rate) 7070M(86%)->812M(10%) 0.185s
[1580.681s][info][gc          ] GC(206) Minor Collection (Allocation Rate)
[1580.681s][info][gc,task     ] GC(206) Using 1 Workers for Young Generation
[1580.681s][info][gc,phases   ] GC(206) y: Young Generation
[1580.681s][info][gc,phases   ] GC(206) y: Pause Mark Start 0.012ms
[1580.798s][info][gc,phases   ] GC(206) y: Concurrent Mark 117.282ms
[1580.798s][info][gc,phases   ] GC(206) y: Pause Mark End 0.009ms
[1580.798s][info][gc,phases   ] GC(206) y: Concurrent Mark Free 0.000ms
[1580.799s][info][gc,phases   ] GC(206) y: Concurrent Reset Relocation Set 0.144ms
[1580.801s][info][gc,reloc    ] GC(206) y: Using tenuring threshold: 3 (Computed)
[1580.814s][info][gc,phases   ] GC(206) y: Concurrent Select Relocation Set 15.106ms
[1580.814s][info][gc,phases   ] GC(206) y: Pause Relocate Start 0.009ms
[1580.887s][info][gc,phases   ] GC(206) y: Concurrent Relocate 72.646ms
[1580.887s][info][gc,alloc    ] GC(206) y:                         Mark Start        Mark End      Relocate Start    Relocate End   
[1580.887s][info][gc,alloc    ] GC(206) y: Allocation Stalls:          0                0                0                0         
[1580.887s][info][gc,load     ] GC(206) y: Load: 0.00 (0%) / 0.00 (0%) / 0.00 (0%)
[1580.887s][info][gc,mmu      ] GC(206) y: MMU: 2ms/76.4%, 5ms/90.6%, 10ms/95.3%, 20ms/97.6%, 50ms/99.1%, 100ms/99.5%
[1580.887s][info][gc,marking  ] GC(206) y: Mark: 1 stripe(s), 2 proactive flush(es), 1 terminate flush(es), 0 completion(s), 0 continuation(s) 
[1580.887s][info][gc,marking  ] GC(206) y: Mark Stack Usage: 32M
[1580.887s][info][gc,nmethod  ] GC(206) y: NMethods: 7074 registered, 837 unregistered
[1580.887s][info][gc,metaspace] GC(206) y: Metaspace: 132M used, 133M committed, 1152M reserved
[1580.887s][info][gc,reloc    ] GC(206) y:                        Candidates     Selected     In-Place         Size        Empty    Relocated 
[1580.887s][info][gc,reloc    ] GC(206) y: Small Pages:                 3445         1818            0        6890M        3142M          75M 
[1580.887s][info][gc,reloc    ] GC(206) y: Medium Pages:                   0            0            0           0M           0M           0M 
[1580.887s][info][gc,reloc    ] GC(206) y: Large Pages:                    0            0            0           0M           0M           0M 
[1580.887s][info][gc,reloc    ] GC(206) y: Forwarding Usage: 24M
[1580.887s][info][gc,reloc    ] GC(206) y: Age Table:
[1580.887s][info][gc,reloc    ] GC(206) y:                    Live             Garbage             Small              Medium             Large        
[1580.887s][info][gc,reloc    ] GC(206) y: Eden              76M (1%)         6701M (82%)       3389 / 1776           0 / 0              0 / 0        
[1580.887s][info][gc,reloc    ] GC(206) y: Survivor 1         9M (0%)           76M (1%)          43 / 37             0 / 0              0 / 0        
[1580.887s][info][gc,reloc    ] GC(206) y: Survivor 2         1M (0%)            6M (0%)           4 / 2              0 / 0              0 / 0        
[1580.887s][info][gc,reloc    ] GC(206) y: Survivor 3         9M (0%)            8M (0%)           9 / 3              0 / 0              0 / 0        
[1580.887s][info][gc,heap     ] GC(206) y: Min Capacity: 8192M(100%)
[1580.887s][info][gc,heap     ] GC(206) y: Max Capacity: 8192M(100%)
[1580.887s][info][gc,heap     ] GC(206) y: Soft Max Capacity: 8192M(100%)
[1580.887s][info][gc,heap     ] GC(206) y: Heap Statistics:
[1580.887s][info][gc,heap     ] GC(206) y:                Mark Start          Mark End        Relocate Start      Relocate End           High               Low         
[1580.887s][info][gc,heap     ] GC(206) y:  Capacity:     8192M (100%)       8192M (100%)       8192M (100%)       8192M (100%)       8192M (100%)       8192M (100%)   
[1580.887s][info][gc,heap     ] GC(206) y:      Free:      738M (9%)          630M (8%)         3764M (46%)        7334M (90%)        7338M (90%)         630M (8%)     
[1580.887s][info][gc,heap     ] GC(206) y:      Used:     7454M (91%)        7562M (92%)        4428M (54%)         858M (10%)        7562M (92%)         854M (10%)    
[1580.887s][info][gc,heap     ] GC(206) y: Young Generation Statistics:
[1580.887s][info][gc,heap     ] GC(206) y:                Mark Start          Mark End        Relocate Start      Relocate End    
[1580.887s][info][gc,heap     ] GC(206) y:      Used:     6890M (84%)        6998M (85%)        3854M (47%)         282M (3%)     
[1580.887s][info][gc,heap     ] GC(206) y:      Live:         -                96M (1%)           88M (1%)           87M (1%)     
[1580.887s][info][gc,heap     ] GC(206) y:   Garbage:         -              6793M (83%)        3649M (45%)           0M (0%)     
[1580.887s][info][gc,heap     ] GC(206) y: Allocated:         -               108M (1%)          116M (1%)          194M (2%)     
[1580.887s][info][gc,heap     ] GC(206) y: Reclaimed:         -                  -              3143M (38%)        6792M (83%)    
[1580.887s][info][gc,heap     ] GC(206) y:  Promoted:         -                  -                 8M (0%)            9M (0%)     
[1580.887s][info][gc,heap     ] GC(206) y: Compacted:         -                  -                  -                85M (1%)     
[1580.887s][info][gc,phases   ] GC(206) y: Young Generation 7454M(91%)->858M(10%) 0.206s
[1580.887s][info][gc          ] GC(206) Minor Collection (Allocation Rate) 7454M(91%)->858M(10%) 0.206s
[1588.169s][info][gc          ] GC(207) Minor Collection (Allocation Rate)
[1588.169s][info][gc,task     ] GC(207) Using 1 Workers for Young Generation
[1588.169s][info][gc,phases   ] GC(207) y: Young Generation
[1588.169s][info][gc,phases   ] GC(207) y: Pause Mark Start 0.013ms
[1588.244s][info][gc,phases   ] GC(207) y: Concurrent Mark 74.185ms
[1588.244s][info][gc,phases   ] GC(207) y: Pause Mark End 0.009ms
[1588.244s][info][gc,phases   ] GC(207) y: Concurrent Mark Free 0.000ms
[1588.244s][info][gc,phases   ] GC(207) y: Concurrent Reset Relocation Set 0.293ms
[1588.247s][info][gc,reloc    ] GC(207) y: Using tenuring threshold: 4 (Computed)
[1588.249s][info][gc,phases   ] GC(207) y: Concurrent Select Relocation Set 4.747ms
[1588.249s][info][gc,phases   ] GC(207) y: Pause Relocate Start 0.011ms
[1588.296s][info][gc,phases   ] GC(207) y: Concurrent Relocate 46.983ms
[1588.296s][info][gc,alloc    ] GC(207) y:                         Mark Start        Mark End      Relocate Start    Relocate End   
[1588.296s][info][gc,alloc    ] GC(207) y: Allocation Stalls:          0                0                0                0         
[1588.296s][info][gc,load     ] GC(207) y: Load: 0.00 (0%) / 0.00 (0%) / 0.00 (0%)
[1588.296s][info][gc,mmu      ] GC(207) y: MMU: 2ms/76.4%, 5ms/90.6%, 10ms/95.3%, 20ms/97.6%, 50ms/99.1%, 100ms/99.5%
[1588.296s][info][gc,marking  ] GC(207) y: Mark: 1 stripe(s), 2 proactive flush(es), 1 terminate flush(es), 0 completion(s), 0 continuation(s) 
[1588.296s][info][gc,marking  ] GC(207) y: Mark Stack Usage: 32M
[1588.296s][info][gc,nmethod  ] GC(207) y: NMethods: 7076 registered, 837 unregistered
[1588.296s][info][gc,metaspace] GC(207) y: Metaspace: 132M used, 133M committed, 1152M reserved
[1588.296s][info][gc,reloc    ] GC(207) y:                        Candidates     Selected     In-Place         Size        Empty    Relocated 
[1588.296s][info][gc,reloc    ] GC(207) y: Small Pages:                 3411          795            0        6822M        5170M          44M 
[1588.296s][info][gc,reloc    ] GC(207) y: Medium Pages:                   0            0            0           0M           0M           0M 
[1588.296s][info][gc,reloc    ] GC(207) y: Large Pages:                    0            0            0           0M           0M           0M 
[1588.296s][info][gc,reloc    ] GC(207) y: Forwarding Usage: 15M
[1588.296s][info][gc,reloc    ] GC(207) y: Age Table:
[1588.296s][info][gc,reloc    ] GC(207) y:                    Live             Garbage             Small              Medium             Large        
[1588.296s][info][gc,reloc    ] GC(207) y: Eden              48M (1%)         6661M (81%)       3355 / 743            0 / 0              0 / 0        
[1588.296s][info][gc,reloc    ] GC(207) y: Survivor 1         2M (0%)           81M (1%)          42 / 40             0 / 0              0 / 0        
[1588.296s][info][gc,reloc    ] GC(207) y: Survivor 2         1M (0%)           22M (0%)          12 / 11             0 / 0              0 / 0        
[1588.296s][info][gc,reloc    ] GC(207) y: Survivor 3         1M (0%)            2M (0%)           2 / 1              0 / 0              0 / 0        
[1588.296s][info][gc,heap     ] GC(207) y: Min Capacity: 8192M(100%)
[1588.296s][info][gc,heap     ] GC(207) y: Max Capacity: 8192M(100%)
[1588.296s][info][gc,heap     ] GC(207) y: Soft Max Capacity: 8192M(100%)
[1588.296s][info][gc,heap     ] GC(207) y: Heap Statistics:
[1588.296s][info][gc,heap     ] GC(207) y:                Mark Start          Mark End        Relocate Start      Relocate End           High               Low         
[1588.296s][info][gc,heap     ] GC(207) y:  Capacity:     8192M (100%)       8192M (100%)       8192M (100%)       8192M (100%)       8192M (100%)       8192M (100%)   
[1588.296s][info][gc,heap     ] GC(207) y:      Free:      794M (10%)         662M (8%)         5826M (71%)        7348M (90%)        7348M (90%)         660M (8%)     
[1588.296s][info][gc,heap     ] GC(207) y:      Used:     7398M (90%)        7530M (92%)        2366M (29%)         844M (10%)        7532M (92%)         844M (10%)    
[1588.296s][info][gc,heap     ] GC(207) y: Young Generation Statistics:
[1588.296s][info][gc,heap     ] GC(207) y:                Mark Start          Mark End        Relocate Start      Relocate End    
[1588.296s][info][gc,heap     ] GC(207) y:      Used:     6822M (83%)        6954M (85%)        1790M (22%)         268M (3%)     
[1588.296s][info][gc,heap     ] GC(207) y:      Live:         -                53M (1%)           53M (1%)           53M (1%)     
[1588.296s][info][gc,heap     ] GC(207) y:   Garbage:         -              6768M (83%)        1598M (20%)           1M (0%)     
[1588.296s][info][gc,heap     ] GC(207) y: Allocated:         -               132M (2%)          138M (2%)          213M (3%)     
[1588.296s][info][gc,heap     ] GC(207) y: Reclaimed:         -                  -              5170M (63%)        6767M (83%)    
[1588.296s][info][gc,heap     ] GC(207) y:  Promoted:         -                  -                 0M (0%)            0M (0%)     
[1588.296s][info][gc,heap     ] GC(207) y: Compacted:         -                  -                  -                50M (1%)     
[1588.297s][info][gc,phases   ] GC(207) y: Young Generation 7398M(90%)->844M(10%) 0.127s
[1588.297s][info][gc          ] GC(207) Minor Collection (Allocation Rate) 7398M(90%)->846M(10%) 0.127s
[1597.719s][info][gc          ] GC(208) Minor Collection (Allocation Rate)
[1597.719s][info][gc,task     ] GC(208) Using 1 Workers for Young Generation
[1597.719s][info][gc,phases   ] GC(208) y: Young Generation
[1597.719s][info][gc,phases   ] GC(208) y: Pause Mark Start 0.013ms
[1597.827s][info][gc,phases   ] GC(208) y: Concurrent Mark 107.545ms
[1597.827s][info][gc,phases   ] GC(208) y: Pause Mark End 0.012ms
[1597.827s][info][gc,phases   ] GC(208) y: Concurrent Mark Free 0.000ms
[1597.827s][info][gc,phases   ] GC(208) y: Concurrent Reset Relocation Set 0.092ms
[1597.833s][info][gc,reloc    ] GC(208) y: Using tenuring threshold: 5 (Computed)
[1597.847s][info][gc,phases   ] GC(208) y: Concurrent Select Relocation Set 20.585ms
[1597.848s][info][gc,phases   ] GC(208) y: Pause Relocate Start 0.009ms
[1597.910s][info][gc,phases   ] GC(208) y: Concurrent Relocate 62.592ms
[1597.910s][info][gc,alloc    ] GC(208) y:                         Mark Start        Mark End      Relocate Start    Relocate End   
[1597.910s][info][gc,alloc    ] GC(208) y: Allocation Stalls:          0                0                0                0         
[1597.910s][info][gc,load     ] GC(208) y: Load: 0.00 (0%) / 0.00 (0%) / 0.00 (0%)
[1597.910s][info][gc,mmu      ] GC(208) y: MMU: 2ms/76.4%, 5ms/90.6%, 10ms/95.3%, 20ms/97.6%, 50ms/99.1%, 100ms/99.5%
[1597.910s][info][gc,marking  ] GC(208) y: Mark: 1 stripe(s), 2 proactive flush(es), 1 terminate flush(es), 0 completion(s), 0 continuation(s) 
[1597.910s][info][gc,marking  ] GC(208) y: Mark Stack Usage: 32M
[1597.910s][info][gc,nmethod  ] GC(208) y: NMethods: 7083 registered, 837 unregistered
[1597.910s][info][gc,metaspace] GC(208) y: Metaspace: 132M used, 133M committed, 1152M reserved
[1597.910s][info][gc,reloc    ] GC(208) y:                        Candidates     Selected     In-Place         Size        Empty    Relocated 
[1597.910s][info][gc,reloc    ] GC(208) y: Small Pages:                 3514         1907            0        7028M        3122M          65M 
[1597.910s][info][gc,reloc    ] GC(208) y: Medium Pages:                   0            0            0           0M           0M           0M 
[1597.910s][info][gc,reloc    ] GC(208) y: Large Pages:                    0            0            0           0M           0M           0M 
[1597.910s][info][gc,reloc    ] GC(208) y: Forwarding Usage: 25M
[1597.910s][info][gc,reloc    ] GC(208) y: Age Table:
[1597.910s][info][gc,reloc    ] GC(208) y:                    Live             Garbage             Small              Medium             Large        
[1597.910s][info][gc,reloc    ] GC(208) y: Eden              73M (1%)         6864M (84%)       3469 / 1869           0 / 0              0 / 0        
[1597.910s][info][gc,reloc    ] GC(208) y: Survivor 1         3M (0%)           56M (1%)          30 / 26             0 / 0              0 / 0        
[1597.910s][info][gc,reloc    ] GC(208) y: Survivor 2         1M (0%)           12M (0%)           7 / 6              0 / 0              0 / 0        
[1597.910s][info][gc,reloc    ] GC(208) y: Survivor 3         0M (0%)           11M (0%)           6 / 5              0 / 0              0 / 0        
[1597.910s][info][gc,reloc    ] GC(208) y: Survivor 4         1M (0%)            2M (0%)           2 / 1              0 / 0              0 / 0        
[1597.910s][info][gc,heap     ] GC(208) y: Min Capacity: 8192M(100%)
[1597.910s][info][gc,heap     ] GC(208) y: Max Capacity: 8192M(100%)
[1597.910s][info][gc,heap     ] GC(208) y: Soft Max Capacity: 8192M(100%)
[1597.910s][info][gc,heap     ] GC(208) y: Heap Statistics:
[1597.911s][info][gc,heap     ] GC(208) y:                Mark Start          Mark End        Relocate Start      Relocate End           High               Low         
[1597.911s][info][gc,heap     ] GC(208) y:  Capacity:     8192M (100%)       8192M (100%)       8192M (100%)       8192M (100%)       8192M (100%)       8192M (100%)   
[1597.911s][info][gc,heap     ] GC(208) y:      Free:      588M (7%)          482M (6%)         3580M (44%)        7344M (90%)        7344M (90%)         482M (6%)     
[1597.911s][info][gc,heap     ] GC(208) y:      Used:     7604M (93%)        7710M (94%)        4612M (56%)         848M (10%)        7710M (94%)         848M (10%)    
[1597.911s][info][gc,heap     ] GC(208) y: Young Generation Statistics:
[1597.911s][info][gc,heap     ] GC(208) y:                Mark Start          Mark End        Relocate Start      Relocate End    
[1597.911s][info][gc,heap     ] GC(208) y:      Used:     7028M (86%)        7134M (87%)        4036M (49%)         272M (3%)     
[1597.911s][info][gc,heap     ] GC(208) y:      Live:         -                79M (1%)           79M (1%)           79M (1%)     
[1597.911s][info][gc,heap     ] GC(208) y:   Garbage:         -              6948M (85%)        3826M (47%)           0M (0%)     
[1597.911s][info][gc,heap     ] GC(208) y: Allocated:         -               106M (1%)          130M (2%)          191M (2%)     
[1597.911s][info][gc,heap     ] GC(208) y: Reclaimed:         -                  -              3122M (38%)        6947M (85%)    
[1597.911s][info][gc,heap     ] GC(208) y:  Promoted:         -                  -                 0M (0%)            0M (0%)     
[1597.911s][info][gc,heap     ] GC(208) y: Compacted:         -                  -                  -                78M (1%)     
[1597.911s][info][gc,phases   ] GC(208) y: Young Generation 7604M(93%)->848M(10%) 0.191s
[1597.911s][info][gc          ] GC(208) Minor Collection (Allocation Rate) 7604M(93%)->848M(10%) 0.192s
[1604.300s][info][gc          ] GC(209) Major Collection (Proactive)
[1604.300s][info][gc,task     ] GC(209) Using 1 Workers for Young Generation
[1604.300s][info][gc,task     ] GC(209) Using 1 Workers for Old Generation
[1604.300s][info][gc,phases   ] GC(209) Y: Young Generation
[1604.300s][info][gc,phases   ] GC(209) Y: Pause Mark Start (Major) 0.022ms
[1604.452s][info][gc,phases   ] GC(209) Y: Concurrent Mark 151.962ms
[1604.452s][info][gc,phases   ] GC(209) Y: Pause Mark End 0.011ms
[1604.452s][info][gc,phases   ] GC(209) Y: Concurrent Mark Free 0.000ms
[1604.452s][info][gc,phases   ] GC(209) Y: Concurrent Reset Relocation Set 0.150ms
[1604.455s][info][gc,reloc    ] GC(209) Y: Using tenuring threshold: 6 (Computed)
[1604.467s][info][gc,phases   ] GC(209) Y: Concurrent Select Relocation Set 15.197ms
[1604.468s][info][gc,phases   ] GC(209) Y: Pause Relocate Start 0.009ms
[1604.550s][info][gc,phases   ] GC(209) Y: Concurrent Relocate 82.192ms
[1604.550s][info][gc,alloc    ] GC(209) Y:                         Mark Start        Mark End      Relocate Start    Relocate End   
[1604.550s][info][gc,alloc    ] GC(209) Y: Allocation Stalls:          0                0                0                0         
[1604.550s][info][gc,load     ] GC(209) Y: Load: 0.00 (0%) / 0.00 (0%) / 0.00 (0%)
[1604.550s][info][gc,mmu      ] GC(209) Y: MMU: 2ms/76.4%, 5ms/90.6%, 10ms/95.3%, 20ms/97.6%, 50ms/99.1%, 100ms/99.5%
[1604.550s][info][gc,marking  ] GC(209) Y: Mark: 1 stripe(s), 2 proactive flush(es), 1 terminate flush(es), 0 completion(s), 0 continuation(s) 
[1604.550s][info][gc,marking  ] GC(209) Y: Mark Stack Usage: 32M
[1604.550s][info][gc,nmethod  ] GC(209) Y: NMethods: 7084 registered, 837 unregistered
[1604.550s][info][gc,metaspace] GC(209) Y: Metaspace: 132M used, 133M committed, 1152M reserved
[1604.550s][info][gc,reloc    ] GC(209) Y:                        Candidates     Selected     In-Place         Size        Empty    Relocated 
[1604.550s][info][gc,reloc    ] GC(209) Y: Small Pages:                 2875         1979            0        5750M        1664M          93M 
[1604.550s][info][gc,reloc    ] GC(209) Y: Medium Pages:                   0            0            0           0M           0M           0M 
[1604.550s][info][gc,reloc    ] GC(209) Y: Large Pages:                    0            0            0           0M           0M           0M 
[1604.550s][info][gc,reloc    ] GC(209) Y: Forwarding Usage: 30M
[1604.550s][info][gc,reloc    ] GC(209) Y: Age Table:
[1604.550s][info][gc,reloc    ] GC(209) Y:                    Live             Garbage             Small              Medium             Large        
[1604.550s][info][gc,reloc    ] GC(209) Y: Eden              95M (1%)         5544M (68%)       2820 / 1938           0 / 0              0 / 0        
[1604.550s][info][gc,reloc    ] GC(209) Y: Survivor 1        11M (0%)           72M (1%)          42 / 30             0 / 0              0 / 0        
[1604.550s][info][gc,reloc    ] GC(209) Y: Survivor 2         1M (0%)            8M (0%)           5 / 4              0 / 0              0 / 0        
[1604.550s][info][gc,reloc    ] GC(209) Y: Survivor 3         0M (0%)            5M (0%)           3 / 3              0 / 0              0 / 0        
[1604.550s][info][gc,reloc    ] GC(209) Y: Survivor 4         0M (0%)            5M (0%)           3 / 3              0 / 0              0 / 0        
[1604.550s][info][gc,reloc    ] GC(209) Y: Survivor 5         1M (0%)            2M (0%)           2 / 1              0 / 0              0 / 0        
[1604.550s][info][gc,heap     ] GC(209) Y: Min Capacity: 8192M(100%)
[1604.550s][info][gc,heap     ] GC(209) Y: Max Capacity: 8192M(100%)
[1604.550s][info][gc,heap     ] GC(209) Y: Soft Max Capacity: 8192M(100%)
[1604.550s][info][gc,heap     ] GC(209) Y: Heap Statistics:
[1604.550s][info][gc,heap     ] GC(209) Y:                Mark Start          Mark End        Relocate Start      Relocate End           High               Low         
[1604.550s][info][gc,heap     ] GC(209) Y:  Capacity:     8192M (100%)       8192M (100%)       8192M (100%)       8192M (100%)       8192M (100%)       8192M (100%)   
[1604.550s][info][gc,heap     ] GC(209) Y:      Free:     1866M (23%)        1768M (22%)        3416M (42%)        7246M (88%)        7250M (89%)        1768M (22%)    
[1604.550s][info][gc,heap     ] GC(209) Y:      Used:     6326M (77%)        6424M (78%)        4776M (58%)         946M (12%)        6424M (78%)         942M (11%)    
[1604.550s][info][gc,heap     ] GC(209) Y: Young Generation Statistics:
[1604.550s][info][gc,heap     ] GC(209) Y:                Mark Start          Mark End        Relocate Start      Relocate End    
[1604.550s][info][gc,heap     ] GC(209) Y:      Used:     5750M (70%)        5848M (71%)        4200M (51%)         370M (5%)     
[1604.550s][info][gc,heap     ] GC(209) Y:      Live:         -               110M (1%)          110M (1%)          110M (1%)     
[1604.550s][info][gc,heap     ] GC(209) Y:   Garbage:         -              5639M (69%)        3975M (49%)           1M (0%)     
[1604.550s][info][gc,heap     ] GC(209) Y: Allocated:         -                98M (1%)          114M (1%)          258M (3%)     
[1604.550s][info][gc,heap     ] GC(209) Y: Reclaimed:         -                  -              1664M (20%)        5638M (69%)    
[1604.550s][info][gc,heap     ] GC(209) Y:  Promoted:         -                  -                 0M (0%)            0M (0%)     
[1604.550s][info][gc,heap     ] GC(209) Y: Compacted:         -                  -                  -               107M (1%)     
[1604.551s][info][gc,phases   ] GC(209) Y: Young Generation 6326M(77%)->946M(12%) 0.250s
[1604.551s][info][gc,phases   ] GC(209) O: Old Generation
[1605.313s][info][gc,phases   ] GC(209) O: Concurrent Mark 762.367ms
[1605.313s][info][gc,phases   ] GC(209) O: Pause Mark End 0.012ms
[1605.313s][info][gc,phases   ] GC(209) O: Concurrent Mark Free 0.000ms
[1605.329s][info][gc,phases   ] GC(209) O: Concurrent Process Non-Strong 16.189ms
[1605.329s][info][gc,phases   ] GC(209) O: Concurrent Reset Relocation Set 0.002ms
[1605.333s][info][gc,phases   ] GC(209) O: Concurrent Select Relocation Set 3.557ms
[1605.333s][info][gc,task     ] GC(209) O: Using 2 Workers for Old Generation
[1605.397s][info][gc,task     ] GC(209) O: Using 1 Workers for Old Generation
[1605.397s][info][gc,phases   ] GC(209) O: Concurrent Remap Roots 63.966ms
[1605.397s][info][gc,phases   ] GC(209) O: Pause Relocate Start 0.009ms
[1605.409s][info][gc,phases   ] GC(209) O: Concurrent Relocate 12.028ms
[1605.409s][info][gc,alloc    ] GC(209) O:                         Mark Start        Mark End      Relocate Start    Relocate End   
[1605.409s][info][gc,alloc    ] GC(209) O: Allocation Stalls:          0                0                0                0         
[1605.409s][info][gc,load     ] GC(209) O: Load: 0.00 (0%) / 0.00 (0%) / 0.00 (0%)
[1605.409s][info][gc,mmu      ] GC(209) O: MMU: 2ms/76.4%, 5ms/90.6%, 10ms/95.3%, 20ms/97.6%, 50ms/99.1%, 100ms/99.5%
[1605.409s][info][gc,marking  ] GC(209) O: Mark: 1 stripe(s), 2 proactive flush(es), 1 terminate flush(es), 0 completion(s), 0 continuation(s) 
[1605.409s][info][gc,marking  ] GC(209) O: Mark Stack Usage: 32M
[1605.409s][info][gc,nmethod  ] GC(209) O: NMethods: 7069 registered, 852 unregistered
[1605.409s][info][gc,metaspace] GC(209) O: Metaspace: 132M used, 133M committed, 1152M reserved
[1605.409s][info][gc,ref      ] GC(209) O:                       Encountered   Discovered     Enqueued 
[1605.409s][info][gc,ref      ] GC(209) O: Soft References:             6089            0            0 
[1605.409s][info][gc,ref      ] GC(209) O: Weak References:            23502        13058            4 
[1605.409s][info][gc,ref      ] GC(209) O: Final References:              34           33            0 
[1605.409s][info][gc,ref      ] GC(209) O: Phantom References:          1279         1039            0 
[1605.409s][info][gc,reloc    ] GC(209) O:                        Candidates     Selected     In-Place         Size        Empty    Relocated 
[1605.409s][info][gc,reloc    ] GC(209) O: Small Pages:                  256           14            0         512M           2M           5M 
[1605.409s][info][gc,reloc    ] GC(209) O: Medium Pages:                   2            0            0          64M           0M           0M 
[1605.409s][info][gc,reloc    ] GC(209) O: Large Pages:                    0            0            0           0M           0M           0M 
[1605.409s][info][gc,reloc    ] GC(209) O: Forwarding Usage: 4M
[1605.409s][info][gc,heap     ] GC(209) O: Min Capacity: 8192M(100%)
[1605.409s][info][gc,heap     ] GC(209) O: Max Capacity: 8192M(100%)
[1605.409s][info][gc,heap     ] GC(209) O: Soft Max Capacity: 8192M(100%)
[1605.409s][info][gc,heap     ] GC(209) O: Heap Statistics:
[1605.409s][info][gc,heap     ] GC(209) O:                Mark Start          Mark End        Relocate Start      Relocate End           High               Low         
[1605.409s][info][gc,heap     ] GC(209) O:  Capacity:     8192M (100%)       8192M (100%)       8192M (100%)       8192M (100%)       8192M (100%)       8192M (100%)   
[1605.409s][info][gc,heap     ] GC(209) O:      Free:     1866M (23%)        6436M (79%)        6350M (78%)        6350M (78%)        7250M (89%)        1768M (22%)    
[1605.409s][info][gc,heap     ] GC(209) O:      Used:     6326M (77%)        1756M (21%)        1842M (22%)        1842M (22%)        6424M (78%)         942M (11%)    
[1605.409s][info][gc,heap     ] GC(209) O: Old Generation Statistics:
[1605.409s][info][gc,heap     ] GC(209) O:                Mark Start          Mark End        Relocate Start      Relocate End    
[1605.409s][info][gc,heap     ] GC(209) O:      Used:      576M (7%)          576M (7%)          574M (7%)          556M (7%)     
[1605.409s][info][gc,heap     ] GC(209) O:      Live:         -               496M (6%)          496M (6%)          496M (6%)     
[1605.409s][info][gc,heap     ] GC(209) O:   Garbage:         -                79M (1%)           77M (1%)           48M (1%)     
[1605.410s][info][gc,heap     ] GC(209) O: Allocated:         -                 0M (0%)            0M (0%)           11M (0%)     
[1605.410s][info][gc,heap     ] GC(209) O: Reclaimed:         -                  -                 2M (0%)           31M (0%)     
[1605.410s][info][gc,heap     ] GC(209) O: Compacted:         -                  -                  -                10M (0%)     
[1605.410s][info][gc,phases   ] GC(209) O: Old Generation 946M(12%)->1842M(22%) 0.859s
[1605.410s][info][gc          ] GC(209) Major Collection (Proactive) 6324M(77%)->1844M(23%) 1.110s
[1610.673s][info][gc          ] GC(210) Minor Collection (Allocation Rate)
[1610.673s][info][gc,task     ] GC(210) Using 1 Workers for Young Generation
[1610.673s][info][gc,phases   ] GC(210) y: Young Generation
[1610.673s][info][gc,phases   ] GC(210) y: Pause Mark Start 0.013ms
[1610.792s][info][gc,phases   ] GC(210) y: Concurrent Mark 118.801ms
[1610.792s][info][gc,phases   ] GC(210) y: Pause Mark End 0.009ms
[1610.792s][info][gc,phases   ] GC(210) y: Concurrent Mark Free 0.000ms
[1610.792s][info][gc,phases   ] GC(210) y: Concurrent Reset Relocation Set 0.179ms
[1610.795s][info][gc,reloc    ] GC(210) y: Using tenuring threshold: 6 (Computed)
[1610.798s][info][gc,phases   ] GC(210) y: Concurrent Select Relocation Set 6.211ms
[1610.798s][info][gc,phases   ] GC(210) y: Pause Relocate Start 0.012ms
[1610.867s][info][gc,phases   ] GC(210) y: Concurrent Relocate 68.378ms
[1610.867s][info][gc,alloc    ] GC(210) y:                         Mark Start        Mark End      Relocate Start    Relocate End   
[1610.867s][info][gc,alloc    ] GC(210) y: Allocation Stalls:          0                0                0                0         
[1610.867s][info][gc,load     ] GC(210) y: Load: 0.00 (0%) / 0.00 (0%) / 0.00 (0%)
[1610.867s][info][gc,mmu      ] GC(210) y: MMU: 2ms/76.4%, 5ms/90.6%, 10ms/95.3%, 20ms/97.6%, 50ms/99.1%, 100ms/99.5%
[1610.867s][info][gc,marking  ] GC(210) y: Mark: 1 stripe(s), 2 proactive flush(es), 1 terminate flush(es), 0 completion(s), 0 continuation(s) 
[1610.867s][info][gc,marking  ] GC(210) y: Mark Stack Usage: 32M
[1610.867s][info][gc,nmethod  ] GC(210) y: NMethods: 7072 registered, 852 unregistered
[1610.867s][info][gc,metaspace] GC(210) y: Metaspace: 132M used, 133M committed, 1152M reserved
[1610.867s][info][gc,reloc    ] GC(210) y:                        Candidates     Selected     In-Place         Size        Empty    Relocated 
[1610.867s][info][gc,reloc    ] GC(210) y: Small Pages:                 3304         1304            0        6608M        3902M          73M 
[1610.867s][info][gc,reloc    ] GC(210) y: Medium Pages:                   0            0            0           0M           0M           0M 
[1610.867s][info][gc,reloc    ] GC(210) y: Large Pages:                    0            0            0           0M           0M           0M 
[1610.867s][info][gc,reloc    ] GC(210) y: Forwarding Usage: 27M
[1610.867s][info][gc,reloc    ] GC(210) y: Age Table:
[1610.867s][info][gc,reloc    ] GC(210) y:                    Live             Garbage             Small              Medium             Large        
[1610.867s][info][gc,reloc    ] GC(210) y: Eden              81M (1%)         6358M (78%)       3220 / 1230           0 / 0              0 / 0        
[1610.867s][info][gc,reloc    ] GC(210) y: Survivor 1         0M (0%)          103M (1%)          52 / 45             0 / 0              0 / 0        
[1610.867s][info][gc,reloc    ] GC(210) y: Survivor 2         1M (0%)           22M (0%)          12 / 11             0 / 0              0 / 0        
[1610.867s][info][gc,reloc    ] GC(210) y: Survivor 3         0M (0%)           11M (0%)           6 / 5              0 / 0              0 / 0        
[1610.867s][info][gc,reloc    ] GC(210) y: Survivor 4         0M (0%)           11M (0%)           6 / 5              0 / 0              0 / 0        
[1610.867s][info][gc,reloc    ] GC(210) y: Survivor 5         0M (0%)           11M (0%)           6 / 6              0 / 0              0 / 0        
[1610.867s][info][gc,reloc    ] GC(210) y: Survivor 6         0M (0%)            3M (0%)           2 / 2              0 / 0              0 / 0        
[1610.867s][info][gc,heap     ] GC(210) y: Min Capacity: 8192M(100%)
[1610.867s][info][gc,heap     ] GC(210) y: Max Capacity: 8192M(100%)
[1610.867s][info][gc,heap     ] GC(210) y: Soft Max Capacity: 8192M(100%)
[1610.867s][info][gc,heap     ] GC(210) y: Heap Statistics:
[1610.867s][info][gc,heap     ] GC(210) y:                Mark Start          Mark End        Relocate Start      Relocate End           High               Low         
[1610.867s][info][gc,heap     ] GC(210) y:  Capacity:     8192M (100%)       8192M (100%)       8192M (100%)       8192M (100%)       8192M (100%)       8192M (100%)   
[1610.867s][info][gc,heap     ] GC(210) y:      Free:     1028M (13%)         940M (11%)        4836M (59%)        7376M (90%)        7378M (90%)         940M (11%)    
[1610.867s][info][gc,heap     ] GC(210) y:      Used:     7164M (87%)        7252M (89%)        3356M (41%)         816M (10%)        7252M (89%)         814M (10%)    
[1610.867s][info][gc,heap     ] GC(210) y: Young Generation Statistics:
[1610.867s][info][gc,heap     ] GC(210) y:                Mark Start          Mark End        Relocate Start      Relocate End    
[1610.867s][info][gc,heap     ] GC(210) y:      Used:     6608M (81%)        6696M (82%)        2800M (34%)         258M (3%)     
[1610.867s][info][gc,heap     ] GC(210) y:      Live:         -                85M (1%)           85M (1%)           84M (1%)     
[1610.867s][info][gc,heap     ] GC(210) y:   Garbage:         -              6522M (80%)        2620M (32%)           0M (0%)     
[1610.867s][info][gc,heap     ] GC(210) y: Allocated:         -                88M (1%)           94M (1%)          172M (2%)     
[1610.867s][info][gc,heap     ] GC(210) y: Reclaimed:         -                  -              3902M (48%)        6522M (80%)    
[1610.867s][info][gc,heap     ] GC(210) y:  Promoted:         -                  -                 0M (0%)            0M (0%)     
[1610.867s][info][gc,heap     ] GC(210) y: Compacted:         -                  -                  -                83M (1%)     
[1610.867s][info][gc,phases   ] GC(210) y: Young Generation 7164M(87%)->816M(10%) 0.194s
[1610.867s][info][gc          ] GC(210) Minor Collection (Allocation Rate) 7164M(87%)->816M(10%) 0.195s
[1621.109s][info][gc          ] GC(211) Minor Collection (Allocation Rate)
[1621.109s][info][gc,task     ] GC(211) Using 1 Workers for Young Generation
[1621.109s][info][gc,phases   ] GC(211) y: Young Generation
[1621.109s][info][gc,phases   ] GC(211) y: Pause Mark Start 0.013ms
[1621.223s][info][gc,phases   ] GC(211) y: Concurrent Mark 113.522ms
[1621.223s][info][gc,phases   ] GC(211) y: Pause Mark End 0.009ms
[1621.223s][info][gc,phases   ] GC(211) y: Concurrent Mark Free 0.000ms
[1621.223s][info][gc,phases   ] GC(211) y: Concurrent Reset Relocation Set 0.102ms
[1621.225s][info][gc,reloc    ] GC(211) y: Using tenuring threshold: 4 (Computed)
[1621.229s][info][gc,phases   ] GC(211) y: Concurrent Select Relocation Set 5.348ms
[1621.229s][info][gc,phases   ] GC(211) y: Pause Relocate Start 0.009ms
[1621.300s][info][gc,phases   ] GC(211) y: Concurrent Relocate 71.637ms
[1621.300s][info][gc,alloc    ] GC(211) y:                         Mark Start        Mark End      Relocate Start    Relocate End   
[1621.300s][info][gc,alloc    ] GC(211) y: Allocation Stalls:          0                0                0                0         
[1621.300s][info][gc,load     ] GC(211) y: Load: 0.00 (0%) / 0.00 (0%) / 0.00 (0%)
[1621.300s][info][gc,mmu      ] GC(211) y: MMU: 2ms/76.4%, 5ms/90.6%, 10ms/95.3%, 20ms/97.6%, 50ms/99.1%, 100ms/99.5%
[1621.300s][info][gc,marking  ] GC(211) y: Mark: 1 stripe(s), 2 proactive flush(es), 1 terminate flush(es), 0 completion(s), 0 continuation(s) 
[1621.300s][info][gc,marking  ] GC(211) y: Mark Stack Usage: 32M
[1621.300s][info][gc,nmethod  ] GC(211) y: NMethods: 7085 registered, 852 unregistered
[1621.300s][info][gc,metaspace] GC(211) y: Metaspace: 132M used, 133M committed, 1152M reserved
[1621.300s][info][gc,reloc    ] GC(211) y:                        Candidates     Selected     In-Place         Size        Empty    Relocated 
[1621.300s][info][gc,reloc    ] GC(211) y: Small Pages:                 3448         2301            0        6896M        2200M          73M 
[1621.300s][info][gc,reloc    ] GC(211) y: Medium Pages:                   0            0            0           0M           0M           0M 
[1621.300s][info][gc,reloc    ] GC(211) y: Large Pages:                    0            0            0           0M           0M           0M 
[1621.300s][info][gc,reloc    ] GC(211) y: Forwarding Usage: 24M
[1621.300s][info][gc,reloc    ] GC(211) y: Age Table:
[1621.301s][info][gc,reloc    ] GC(211) y:                    Live             Garbage             Small              Medium             Large        
[1621.301s][info][gc,reloc    ] GC(211) y: Eden              77M (1%)         6700M (82%)       3389 / 2248           0 / 0              0 / 0        
[1621.301s][info][gc,reloc    ] GC(211) y: Survivor 1         4M (0%)           83M (1%)          44 / 41             0 / 0              0 / 0        
[1621.301s][info][gc,reloc    ] GC(211) y: Survivor 2         0M (0%)            5M (0%)           3 / 2              0 / 0              0 / 0        
[1621.301s][info][gc,reloc    ] GC(211) y: Survivor 3         0M (0%)            5M (0%)           3 / 3              0 / 0              0 / 0        
[1621.301s][info][gc,reloc    ] GC(211) y: Survivor 4         0M (0%)            3M (0%)           2 / 1              0 / 0              0 / 0        
[1621.301s][info][gc,reloc    ] GC(211) y: Survivor 5         0M (0%)            5M (0%)           3 / 2              0 / 0              0 / 0        
[1621.301s][info][gc,reloc    ] GC(211) y: Survivor 6         0M (0%)            7M (0%)           4 / 4              0 / 0              0 / 0        
[1621.301s][info][gc,heap     ] GC(211) y: Min Capacity: 8192M(100%)
[1621.301s][info][gc,heap     ] GC(211) y: Max Capacity: 8192M(100%)
[1621.301s][info][gc,heap     ] GC(211) y: Soft Max Capacity: 8192M(100%)
[1621.301s][info][gc,heap     ] GC(211) y: Heap Statistics:
[1621.301s][info][gc,heap     ] GC(211) y:                Mark Start          Mark End        Relocate Start      Relocate End           High               Low         
[1621.301s][info][gc,heap     ] GC(211) y:  Capacity:     8192M (100%)       8192M (100%)       8192M (100%)       8192M (100%)       8192M (100%)       8192M (100%)   
[1621.301s][info][gc,heap     ] GC(211) y:      Free:      738M (9%)          642M (8%)         2840M (35%)        7368M (90%)        7368M (90%)         642M (8%)     
[1621.301s][info][gc,heap     ] GC(211) y:      Used:     7454M (91%)        7550M (92%)        5352M (65%)         824M (10%)        7550M (92%)         824M (10%)    
[1621.301s][info][gc,heap     ] GC(211) y: Young Generation Statistics:
[1621.301s][info][gc,heap     ] GC(211) y:                Mark Start          Mark End        Relocate Start      Relocate End    
[1621.301s][info][gc,heap     ] GC(211) y:      Used:     6896M (84%)        6992M (85%)        4794M (59%)         260M (3%)     
[1621.301s][info][gc,heap     ] GC(211) y:      Live:         -                81M (1%)           81M (1%)           81M (1%)     
[1621.301s][info][gc,heap     ] GC(211) y:   Garbage:         -              6814M (83%)        4614M (56%)           0M (0%)     
[1621.301s][info][gc,heap     ] GC(211) y: Allocated:         -                96M (1%)           98M (1%)          178M (2%)     
[1621.301s][info][gc,heap     ] GC(211) y: Reclaimed:         -                  -              2200M (27%)        6814M (83%)    
[1621.301s][info][gc,heap     ] GC(211) y:  Promoted:         -                  -                 0M (0%)            0M (0%)     
[1621.301s][info][gc,heap     ] GC(211) y: Compacted:         -                  -                  -                81M (1%)     
[1621.301s][info][gc,phases   ] GC(211) y: Young Generation 7454M(91%)->824M(10%) 0.191s
[1621.301s][info][gc          ] GC(211) Minor Collection (Allocation Rate) 7454M(91%)->824M(10%) 0.191s
[1628.364s][info][gc          ] GC(212) Minor Collection (Allocation Rate)
[1628.364s][info][gc,task     ] GC(212) Using 1 Workers for Young Generation
[1628.364s][info][gc,phases   ] GC(212) y: Young Generation
[1628.364s][info][gc,phases   ] GC(212) y: Pause Mark Start 0.013ms
[1628.496s][info][gc,phases   ] GC(212) y: Concurrent Mark 132.005ms
[1628.496s][info][gc,phases   ] GC(212) y: Pause Mark End 0.009ms
[1628.496s][info][gc,phases   ] GC(212) y: Concurrent Mark Free 0.000ms
[1628.496s][info][gc,phases   ] GC(212) y: Concurrent Reset Relocation Set 0.190ms
[1628.499s][info][gc,reloc    ] GC(212) y: Using tenuring threshold: 5 (Computed)
[1628.513s][info][gc,phases   ] GC(212) y: Concurrent Select Relocation Set 16.409ms
[1628.513s][info][gc,phases   ] GC(212) y: Pause Relocate Start 0.010ms
[1628.596s][info][gc,phases   ] GC(212) y: Concurrent Relocate 83.400ms
[1628.596s][info][gc,alloc    ] GC(212) y:                         Mark Start        Mark End      Relocate Start    Relocate End   
[1628.596s][info][gc,alloc    ] GC(212) y: Allocation Stalls:          0                0                0                0         
[1628.596s][info][gc,load     ] GC(212) y: Load: 0.00 (0%) / 0.00 (0%) / 0.00 (0%)
[1628.596s][info][gc,mmu      ] GC(212) y: MMU: 2ms/76.4%, 5ms/90.6%, 10ms/95.3%, 20ms/97.6%, 50ms/99.1%, 100ms/99.5%
[1628.596s][info][gc,marking  ] GC(212) y: Mark: 1 stripe(s), 2 proactive flush(es), 1 terminate flush(es), 0 completion(s), 0 continuation(s) 
[1628.596s][info][gc,marking  ] GC(212) y: Mark Stack Usage: 32M
[1628.596s][info][gc,nmethod  ] GC(212) y: NMethods: 7090 registered, 852 unregistered
[1628.596s][info][gc,metaspace] GC(212) y: Metaspace: 132M used, 133M committed, 1152M reserved
[1628.596s][info][gc,reloc    ] GC(212) y:                        Candidates     Selected     In-Place         Size        Empty    Relocated 
[1628.596s][info][gc,reloc    ] GC(212) y: Small Pages:                 3461         1928            0        6922M        2934M         100M 
[1628.597s][info][gc,reloc    ] GC(212) y: Medium Pages:                   0            0            0           0M           0M           0M 
[1628.597s][info][gc,reloc    ] GC(212) y: Large Pages:                    0            0            0           0M           0M           0M 
[1628.597s][info][gc,reloc    ] GC(212) y: Forwarding Usage: 30M
[1628.597s][info][gc,reloc    ] GC(212) y: Age Table:
[1628.597s][info][gc,reloc    ] GC(212) y:                    Live             Garbage             Small              Medium             Large        
[1628.597s][info][gc,reloc    ] GC(212) y: Eden             107M (1%)         6706M (82%)       3407 / 1881           0 / 0              0 / 0        
[1628.597s][info][gc,reloc    ] GC(212) y: Survivor 1         6M (0%)           79M (1%)          43 / 37             0 / 0              0 / 0        
[1628.597s][info][gc,reloc    ] GC(212) y: Survivor 2         1M (0%)            8M (0%)           5 / 5              0 / 0              0 / 0        
[1628.597s][info][gc,reloc    ] GC(212) y: Survivor 3         0M (0%)            1M (0%)           1 / 1              0 / 0              0 / 0        
[1628.597s][info][gc,reloc    ] GC(212) y: Survivor 4         0M (0%)            9M (0%)           5 / 4              0 / 0              0 / 0        
[1628.597s][info][gc,heap     ] GC(212) y: Min Capacity: 8192M(100%)
[1628.597s][info][gc,heap     ] GC(212) y: Max Capacity: 8192M(100%)
[1628.597s][info][gc,heap     ] GC(212) y: Soft Max Capacity: 8192M(100%)
[1628.597s][info][gc,heap     ] GC(212) y: Heap Statistics:
[1628.597s][info][gc,heap     ] GC(212) y:                Mark Start          Mark End        Relocate Start      Relocate End           High               Low         
[1628.597s][info][gc,heap     ] GC(212) y:  Capacity:     8192M (100%)       8192M (100%)       8192M (100%)       8192M (100%)       8192M (100%)       8192M (100%)   
[1628.597s][info][gc,heap     ] GC(212) y:      Free:      706M (9%)          520M (6%)         3436M (42%)        7184M (88%)        7186M (88%)         520M (6%)     
[1628.597s][info][gc,heap     ] GC(212) y:      Used:     7486M (91%)        7672M (94%)        4756M (58%)        1008M (12%)        7672M (94%)        1006M (12%)    
[1628.597s][info][gc,heap     ] GC(212) y: Young Generation Statistics:
[1628.597s][info][gc,heap     ] GC(212) y:                Mark Start          Mark End        Relocate Start      Relocate End    
[1628.597s][info][gc,heap     ] GC(212) y:      Used:     6922M (84%)        7108M (87%)        4192M (51%)         444M (5%)     
[1628.597s][info][gc,heap     ] GC(212) y:      Live:         -               114M (1%)          114M (1%)          114M (1%)     
[1628.597s][info][gc,heap     ] GC(212) y:   Garbage:         -              6807M (83%)        3873M (47%)           0M (0%)     
[1628.597s][info][gc,heap     ] GC(212) y: Allocated:         -               186M (2%)          204M (2%)          328M (4%)     
[1628.597s][info][gc,heap     ] GC(212) y: Reclaimed:         -                  -              2934M (36%)        6806M (83%)    
[1628.597s][info][gc,heap     ] GC(212) y:  Promoted:         -                  -                 0M (0%)            0M (0%)     
[1628.597s][info][gc,heap     ] GC(212) y: Compacted:         -                  -                  -               113M (1%)     
[1628.597s][info][gc,phases   ] GC(212) y: Young Generation 7486M(91%)->1008M(12%) 0.233s
[1628.597s][info][gc          ] GC(212) Minor Collection (Allocation Rate) 7486M(91%)->1008M(12%) 0.233s
[1637.584s][info][gc          ] GC(213) Minor Collection (Allocation Rate)
[1637.584s][info][gc,task     ] GC(213) Using 1 Workers for Young Generation
[1637.584s][info][gc,phases   ] GC(213) y: Young Generation
[1637.585s][info][gc,phases   ] GC(213) y: Pause Mark Start 0.013ms
[1637.715s][info][gc,phases   ] GC(213) y: Concurrent Mark 130.460ms
[1637.715s][info][gc,phases   ] GC(213) y: Pause Mark End 0.010ms
[1637.715s][info][gc,phases   ] GC(213) y: Concurrent Mark Free 0.000ms
[1637.715s][info][gc,phases   ] GC(213) y: Concurrent Reset Relocation Set 0.165ms
[1637.718s][info][gc,reloc    ] GC(213) y: Using tenuring threshold: 6 (Computed)
[1637.721s][info][gc,phases   ] GC(213) y: Concurrent Select Relocation Set 5.168ms
[1637.721s][info][gc,phases   ] GC(213) y: Pause Relocate Start 0.009ms
[1637.793s][info][gc,phases   ] GC(213) y: Concurrent Relocate 72.135ms
[1637.793s][info][gc,alloc    ] GC(213) y:                         Mark Start        Mark End      Relocate Start    Relocate End   
[1637.793s][info][gc,alloc    ] GC(213) y: Allocation Stalls:          0                0                0                0         
[1637.793s][info][gc,load     ] GC(213) y: Load: 0.00 (0%) / 0.00 (0%) / 0.00 (0%)
[1637.793s][info][gc,mmu      ] GC(213) y: MMU: 2ms/76.4%, 5ms/90.6%, 10ms/95.3%, 20ms/97.6%, 50ms/99.1%, 100ms/99.5%
[1637.793s][info][gc,marking  ] GC(213) y: Mark: 1 stripe(s), 2 proactive flush(es), 1 terminate flush(es), 0 completion(s), 0 continuation(s) 
[1637.793s][info][gc,marking  ] GC(213) y: Mark Stack Usage: 32M
[1637.793s][info][gc,nmethod  ] GC(213) y: NMethods: 7094 registered, 852 unregistered
[1637.793s][info][gc,metaspace] GC(213) y: Metaspace: 132M used, 133M committed, 1152M reserved
[1637.793s][info][gc,reloc    ] GC(213) y:                        Candidates     Selected     In-Place         Size        Empty    Relocated 
[1637.793s][info][gc,reloc    ] GC(213) y: Small Pages:                 3431         2002            0        6862M        2742M          81M 
[1637.793s][info][gc,reloc    ] GC(213) y: Medium Pages:                   0            0            0           0M           0M           0M 
[1637.793s][info][gc,reloc    ] GC(213) y: Large Pages:                    0            0            0           0M           0M           0M 
[1637.793s][info][gc,reloc    ] GC(213) y: Forwarding Usage: 28M
[1637.793s][info][gc,reloc    ] GC(213) y: Age Table:
[1637.793s][info][gc,reloc    ] GC(213) y:                    Live             Garbage             Small              Medium             Large        
[1637.793s][info][gc,reloc    ] GC(213) y: Eden              95M (1%)         6620M (81%)       3358 / 1958           0 / 0              0 / 0        
[1637.793s][info][gc,reloc    ] GC(213) y: Survivor 1         3M (0%)          114M (1%)          59 / 34             0 / 0              0 / 0        
[1637.793s][info][gc,reloc    ] GC(213) y: Survivor 2         0M (0%)           13M (0%)           7 / 6              0 / 0              0 / 0        
[1637.793s][info][gc,reloc    ] GC(213) y: Survivor 3         0M (0%)            7M (0%)           4 / 2              0 / 0              0 / 0        
[1637.793s][info][gc,reloc    ] GC(213) y: Survivor 4         0M (0%)            1M (0%)           1 / 1              0 / 0              0 / 0        
[1637.793s][info][gc,reloc    ] GC(213) y: Survivor 5         0M (0%)            3M (0%)           2 / 1              0 / 0              0 / 0        
[1637.793s][info][gc,heap     ] GC(213) y: Min Capacity: 8192M(100%)
[1637.793s][info][gc,heap     ] GC(213) y: Max Capacity: 8192M(100%)
[1637.793s][info][gc,heap     ] GC(213) y: Soft Max Capacity: 8192M(100%)
[1637.793s][info][gc,heap     ] GC(213) y: Heap Statistics:
[1637.793s][info][gc,heap     ] GC(213) y:                Mark Start          Mark End        Relocate Start      Relocate End           High               Low         
[1637.793s][info][gc,heap     ] GC(213) y:  Capacity:     8192M (100%)       8192M (100%)       8192M (100%)       8192M (100%)       8192M (100%)       8192M (100%)   
[1637.793s][info][gc,heap     ] GC(213) y:      Free:      766M (9%)          620M (8%)         3358M (41%)        7282M (89%)        7284M (89%)         620M (8%)     
[1637.793s][info][gc,heap     ] GC(213) y:      Used:     7426M (91%)        7572M (92%)        4834M (59%)         910M (11%)        7572M (92%)         908M (11%)    
[1637.793s][info][gc,heap     ] GC(213) y: Young Generation Statistics:
[1637.793s][info][gc,heap     ] GC(213) y:                Mark Start          Mark End        Relocate Start      Relocate End    
[1637.793s][info][gc,heap     ] GC(213) y:      Used:     6862M (84%)        7008M (86%)        4270M (52%)         346M (4%)     
[1637.793s][info][gc,heap     ] GC(213) y:      Live:         -               100M (1%)          100M (1%)          100M (1%)     
[1637.793s][info][gc,heap     ] GC(213) y:   Garbage:         -              6761M (83%)        4019M (49%)           2M (0%)     
[1637.793s][info][gc,heap     ] GC(213) y: Allocated:         -               146M (2%)          150M (2%)          243M (3%)     
[1637.793s][info][gc,heap     ] GC(213) y: Reclaimed:         -                  -              2742M (33%)        6759M (83%)    
[1637.793s][info][gc,heap     ] GC(213) y:  Promoted:         -                  -                 0M (0%)            0M (0%)     
[1637.793s][info][gc,heap     ] GC(213) y: Compacted:         -                  -                  -                94M (1%)     
[1637.793s][info][gc,phases   ] GC(213) y: Young Generation 7426M(91%)->910M(11%) 0.208s
[1637.793s][info][gc          ] GC(213) Minor Collection (Allocation Rate) 7426M(91%)->910M(11%) 0.209s
[1647.268s][info][gc          ] GC(214) Minor Collection (Allocation Rate)
[1647.268s][info][gc,task     ] GC(214) Using 1 Workers for Young Generation
[1647.269s][info][gc,phases   ] GC(214) y: Young Generation
[1647.269s][info][gc,phases   ] GC(214) y: Pause Mark Start 0.012ms
[1647.412s][info][gc,phases   ] GC(214) y: Concurrent Mark 142.863ms
[1647.412s][info][gc,phases   ] GC(214) y: Pause Mark End 0.009ms
[1647.412s][info][gc,phases   ] GC(214) y: Concurrent Mark Free 0.000ms
[1647.412s][info][gc,phases   ] GC(214) y: Concurrent Reset Relocation Set 0.171ms
[1647.416s][info][gc,reloc    ] GC(214) y: Using tenuring threshold: 7 (Computed)
[1647.434s][info][gc,phases   ] GC(214) y: Concurrent Select Relocation Set 21.683ms
[1647.434s][info][gc,phases   ] GC(214) y: Pause Relocate Start 0.009ms
[1647.521s][info][gc,phases   ] GC(214) y: Concurrent Relocate 86.693ms
[1647.521s][info][gc,alloc    ] GC(214) y:                         Mark Start        Mark End      Relocate Start    Relocate End   
[1647.521s][info][gc,alloc    ] GC(214) y: Allocation Stalls:          0                0                0                0         
[1647.521s][info][gc,load     ] GC(214) y: Load: 0.00 (0%) / 0.00 (0%) / 0.00 (0%)
[1647.521s][info][gc,mmu      ] GC(214) y: MMU: 2ms/76.4%, 5ms/90.6%, 10ms/95.3%, 20ms/97.6%, 50ms/99.1%, 100ms/99.5%
[1647.521s][info][gc,marking  ] GC(214) y: Mark: 1 stripe(s), 2 proactive flush(es), 1 terminate flush(es), 0 completion(s), 0 continuation(s) 
[1647.521s][info][gc,marking  ] GC(214) y: Mark Stack Usage: 32M
[1647.521s][info][gc,nmethod  ] GC(214) y: NMethods: 7108 registered, 852 unregistered
[1647.521s][info][gc,metaspace] GC(214) y: Metaspace: 132M used, 133M committed, 1152M reserved
[1647.521s][info][gc,reloc    ] GC(214) y:                        Candidates     Selected     In-Place         Size        Empty    Relocated 
[1647.521s][info][gc,reloc    ] GC(214) y: Small Pages:                 3570         2736            0        7140M        1530M          96M 
[1647.521s][info][gc,reloc    ] GC(214) y: Medium Pages:                   0            0            0           0M           0M           0M 
[1647.521s][info][gc,reloc    ] GC(214) y: Large Pages:                    0            0            0           0M           0M           0M 
[1647.521s][info][gc,reloc    ] GC(214) y: Forwarding Usage: 33M
[1647.521s][info][gc,reloc    ] GC(214) y: Age Table:
[1647.521s][info][gc,reloc    ] GC(214) y:                    Live             Garbage             Small              Medium             Large        
[1647.521s][info][gc,reloc    ] GC(214) y: Eden              99M (1%)         6906M (84%)       3503 / 2682           0 / 0              0 / 0        
[1647.521s][info][gc,reloc    ] GC(214) y: Survivor 1        16M (0%)           87M (1%)          52 / 41             0 / 0              0 / 0        
[1647.521s][info][gc,reloc    ] GC(214) y: Survivor 2         1M (0%)            8M (0%)           5 / 4              0 / 0              0 / 0        
[1647.521s][info][gc,reloc    ] GC(214) y: Survivor 3         0M (0%)            7M (0%)           4 / 3              0 / 0              0 / 0        
[1647.521s][info][gc,reloc    ] GC(214) y: Survivor 4         0M (0%)            5M (0%)           3 / 3              0 / 0              0 / 0        
[1647.521s][info][gc,reloc    ] GC(214) y: Survivor 5         0M (0%)            1M (0%)           1 / 1              0 / 0              0 / 0        
[1647.521s][info][gc,reloc    ] GC(214) y: Survivor 6         0M (0%)            3M (0%)           2 / 2              0 / 0              0 / 0        
[1647.521s][info][gc,heap     ] GC(214) y: Min Capacity: 8192M(100%)
[1647.521s][info][gc,heap     ] GC(214) y: Max Capacity: 8192M(100%)
[1647.521s][info][gc,heap     ] GC(214) y: Soft Max Capacity: 8192M(100%)
[1647.521s][info][gc,heap     ] GC(214) y: Heap Statistics:
[1647.521s][info][gc,heap     ] GC(214) y:                Mark Start          Mark End        Relocate Start      Relocate End           High               Low         
[1647.521s][info][gc,heap     ] GC(214) y:  Capacity:     8192M (100%)       8192M (100%)       8192M (100%)       8192M (100%)       8192M (100%)       8192M (100%)   
[1647.521s][info][gc,heap     ] GC(214) y:      Free:      488M (6%)          390M (5%)         1896M (23%)        7288M (89%)        7288M (89%)         390M (5%)     
[1647.521s][info][gc,heap     ] GC(214) y:      Used:     7704M (94%)        7802M (95%)        6296M (77%)         904M (11%)        7802M (95%)         904M (11%)    
[1647.521s][info][gc,heap     ] GC(214) y: Young Generation Statistics:
[1647.521s][info][gc,heap     ] GC(214) y:                Mark Start          Mark End        Relocate Start      Relocate End    
[1647.521s][info][gc,heap     ] GC(214) y:      Used:     7140M (87%)        7238M (88%)        5732M (70%)         340M (4%)     
[1647.521s][info][gc,heap     ] GC(214) y:      Live:         -               119M (1%)          119M (1%)          119M (1%)     
[1647.521s][info][gc,heap     ] GC(214) y:   Garbage:         -              7020M (86%)        5490M (67%)           1M (0%)     
[1647.521s][info][gc,heap     ] GC(214) y: Allocated:         -                98M (1%)          122M (1%)          219M (3%)     
[1647.521s][info][gc,heap     ] GC(214) y: Reclaimed:         -                  -              1530M (19%)        7019M (86%)    
[1647.521s][info][gc,heap     ] GC(214) y:  Promoted:         -                  -                 0M (0%)            0M (0%)     
[1647.521s][info][gc,heap     ] GC(214) y: Compacted:         -                  -                  -               116M (1%)     
[1647.521s][info][gc,phases   ] GC(214) y: Young Generation 7704M(94%)->904M(11%) 0.252s
[1647.521s][info][gc          ] GC(214) Minor Collection (Allocation Rate) 7704M(94%)->904M(11%) 0.253s
[1656.354s][info][gc          ] GC(215) Minor Collection (Allocation Rate)
[1656.354s][info][gc,task     ] GC(215) Using 1 Workers for Young Generation
[1656.354s][info][gc,phases   ] GC(215) y: Young Generation
[1656.354s][info][gc,phases   ] GC(215) y: Pause Mark Start 0.013ms
[1656.495s][info][gc,phases   ] GC(215) y: Concurrent Mark 140.978ms
[1656.495s][info][gc,phases   ] GC(215) y: Pause Mark End 0.009ms
[1656.495s][info][gc,phases   ] GC(215) y: Concurrent Mark Free 0.000ms
[1656.495s][info][gc,phases   ] GC(215) y: Concurrent Reset Relocation Set 0.268ms
[1656.499s][info][gc,reloc    ] GC(215) y: Using tenuring threshold: 8 (Computed)
[1656.516s][info][gc,phases   ] GC(215) y: Concurrent Select Relocation Set 20.741ms
[1656.516s][info][gc,phases   ] GC(215) y: Pause Relocate Start 0.009ms
[1656.600s][info][gc,phases   ] GC(215) y: Concurrent Relocate 83.262ms
[1656.600s][info][gc,alloc    ] GC(215) y:                         Mark Start        Mark End      Relocate Start    Relocate End   
[1656.600s][info][gc,alloc    ] GC(215) y: Allocation Stalls:          0                0                0                0         
[1656.600s][info][gc,load     ] GC(215) y: Load: 0.00 (0%) / 0.00 (0%) / 0.00 (0%)
[1656.600s][info][gc,mmu      ] GC(215) y: MMU: 2ms/76.4%, 5ms/90.6%, 10ms/95.3%, 20ms/97.6%, 50ms/99.1%, 100ms/99.5%
[1656.600s][info][gc,marking  ] GC(215) y: Mark: 1 stripe(s), 2 proactive flush(es), 1 terminate flush(es), 0 completion(s), 0 continuation(s) 
[1656.600s][info][gc,marking  ] GC(215) y: Mark Stack Usage: 32M
[1656.600s][info][gc,nmethod  ] GC(215) y: NMethods: 7110 registered, 852 unregistered
[1656.600s][info][gc,metaspace] GC(215) y: Metaspace: 132M used, 133M committed, 1152M reserved
[1656.600s][info][gc,reloc    ] GC(215) y:                        Candidates     Selected     In-Place         Size        Empty    Relocated 
[1656.600s][info][gc,reloc    ] GC(215) y: Small Pages:                 3540         2502            0        7080M        1942M          96M 
[1656.600s][info][gc,reloc    ] GC(215) y: Medium Pages:                   0            0            0           0M           0M           0M 
[1656.600s][info][gc,reloc    ] GC(215) y: Large Pages:                    0            0            0           0M           0M           0M 
[1656.600s][info][gc,reloc    ] GC(215) y: Forwarding Usage: 34M
[1656.600s][info][gc,reloc    ] GC(215) y: Age Table:
[1656.600s][info][gc,reloc    ] GC(215) y:                    Live             Garbage             Small              Medium             Large        
[1656.600s][info][gc,reloc    ] GC(215) y: Eden              97M (1%)         6826M (83%)       3462 / 2435           0 / 0              0 / 0        
[1656.600s][info][gc,reloc    ] GC(215) y: Survivor 1        17M (0%)           88M (1%)          53 / 46             0 / 0              0 / 0        
[1656.600s][info][gc,reloc    ] GC(215) y: Survivor 2         0M (0%)           27M (0%)          14 / 12             0 / 0              0 / 0        
[1656.600s][info][gc,reloc    ] GC(215) y: Survivor 3         0M (0%)            7M (0%)           4 / 4              0 / 0              0 / 0        
[1656.600s][info][gc,reloc    ] GC(215) y: Survivor 4         0M (0%)            7M (0%)           4 / 2              0 / 0              0 / 0        
[1656.600s][info][gc,reloc    ] GC(215) y: Survivor 5         0M (0%)            1M (0%)           1 / 1              0 / 0              0 / 0        
[1656.600s][info][gc,reloc    ] GC(215) y: Survivor 6         0M (0%)            1M (0%)           1 / 1              0 / 0              0 / 0        
[1656.600s][info][gc,reloc    ] GC(215) y: Survivor 7         0M (0%)            1M (0%)           1 / 1              0 / 0              0 / 0        
[1656.600s][info][gc,heap     ] GC(215) y: Min Capacity: 8192M(100%)
[1656.600s][info][gc,heap     ] GC(215) y: Max Capacity: 8192M(100%)
[1656.600s][info][gc,heap     ] GC(215) y: Soft Max Capacity: 8192M(100%)
[1656.600s][info][gc,heap     ] GC(215) y: Heap Statistics:
[1656.600s][info][gc,heap     ] GC(215) y:                Mark Start          Mark End        Relocate Start      Relocate End           High               Low         
[1656.600s][info][gc,heap     ] GC(215) y:  Capacity:     8192M (100%)       8192M (100%)       8192M (100%)       8192M (100%)       8192M (100%)       8192M (100%)   
[1656.600s][info][gc,heap     ] GC(215) y:      Free:      548M (7%)          428M (5%)         2360M (29%)        7266M (89%)        7268M (89%)         428M (5%)     
[1656.600s][info][gc,heap     ] GC(215) y:      Used:     7644M (93%)        7764M (95%)        5832M (71%)         926M (11%)        7764M (95%)         924M (11%)    
[1656.600s][info][gc,heap     ] GC(215) y: Young Generation Statistics:
[1656.600s][info][gc,heap     ] GC(215) y:                Mark Start          Mark End        Relocate Start      Relocate End    
[1656.600s][info][gc,heap     ] GC(215) y:      Used:     7080M (86%)        7200M (88%)        5268M (64%)         362M (4%)     
[1656.600s][info][gc,heap     ] GC(215) y:      Live:         -               116M (1%)          116M (1%)          116M (1%)     
[1656.600s][info][gc,heap     ] GC(215) y:   Garbage:         -              6963M (85%)        5021M (61%)           0M (0%)     
[1656.600s][info][gc,heap     ] GC(215) y: Allocated:         -               120M (1%)          130M (2%)          244M (3%)     
[1656.600s][info][gc,heap     ] GC(215) y: Reclaimed:         -                  -              1942M (24%)        6962M (85%)    
[1656.600s][info][gc,heap     ] GC(215) y:  Promoted:         -                  -                 0M (0%)            0M (0%)     
[1656.600s][info][gc,heap     ] GC(215) y: Compacted:         -                  -                  -               115M (1%)     
[1656.600s][info][gc,phases   ] GC(215) y: Young Generation 7644M(93%)->926M(11%) 0.246s
[1656.600s][info][gc          ] GC(215) Minor Collection (Allocation Rate) 7644M(93%)->926M(11%) 0.246s
[1665.586s][info][gc          ] GC(216) Major Collection (Proactive)
[1665.586s][info][gc,task     ] GC(216) Using 1 Workers for Young Generation
[1665.586s][info][gc,task     ] GC(216) Using 1 Workers for Old Generation
[1665.586s][info][gc,phases   ] GC(216) Y: Young Generation
[1665.586s][info][gc,phases   ] GC(216) Y: Pause Mark Start (Major) 0.014ms
[1665.743s][info][gc,phases   ] GC(216) Y: Concurrent Mark 156.546ms
[1665.743s][info][gc,phases   ] GC(216) Y: Pause Mark End 0.010ms
[1665.743s][info][gc,phases   ] GC(216) Y: Concurrent Mark Free 0.000ms
[1665.743s][info][gc,phases   ] GC(216) Y: Concurrent Reset Relocation Set 0.233ms
[1665.747s][info][gc,reloc    ] GC(216) Y: Using tenuring threshold: 9 (Computed)
[1665.750s][info][gc,phases   ] GC(216) Y: Concurrent Select Relocation Set 6.976ms
[1665.751s][info][gc,phases   ] GC(216) Y: Pause Relocate Start 0.009ms
[1665.830s][info][gc,phases   ] GC(216) Y: Concurrent Relocate 79.153ms
[1665.830s][info][gc,alloc    ] GC(216) Y:                         Mark Start        Mark End      Relocate Start    Relocate End   
[1665.830s][info][gc,alloc    ] GC(216) Y: Allocation Stalls:          0                0                0                0         
[1665.830s][info][gc,load     ] GC(216) Y: Load: 0.00 (0%) / 0.00 (0%) / 0.00 (0%)
[1665.830s][info][gc,mmu      ] GC(216) Y: MMU: 2ms/76.4%, 5ms/90.6%, 10ms/95.3%, 20ms/97.6%, 50ms/99.1%, 100ms/99.5%
[1665.830s][info][gc,marking  ] GC(216) Y: Mark: 1 stripe(s), 2 proactive flush(es), 1 terminate flush(es), 0 completion(s), 0 continuation(s) 
[1665.830s][info][gc,marking  ] GC(216) Y: Mark Stack Usage: 32M
[1665.830s][info][gc,nmethod  ] GC(216) Y: NMethods: 7125 registered, 852 unregistered
[1665.830s][info][gc,metaspace] GC(216) Y: Metaspace: 132M used, 133M committed, 1152M reserved
[1665.830s][info][gc,reloc    ] GC(216) Y:                        Candidates     Selected     In-Place         Size        Empty    Relocated 
[1665.830s][info][gc,reloc    ] GC(216) Y: Small Pages:                 2930         2177            0        5860M        1378M          88M 
[1665.830s][info][gc,reloc    ] GC(216) Y: Medium Pages:                   0            0            0           0M           0M           0M 
[1665.830s][info][gc,reloc    ] GC(216) Y: Large Pages:                    0            0            0           0M           0M           0M 
[1665.830s][info][gc,reloc    ] GC(216) Y: Forwarding Usage: 33M
[1665.830s][info][gc,reloc    ] GC(216) Y: Age Table:
[1665.830s][info][gc,reloc    ] GC(216) Y:                    Live             Garbage             Small              Medium             Large        
[1665.830s][info][gc,reloc    ] GC(216) Y: Eden              85M (1%)         5606M (68%)       2846 / 2115           0 / 0              0 / 0        
[1665.830s][info][gc,reloc    ] GC(216) Y: Survivor 1        24M (0%)           81M (1%)          53 / 36             0 / 0              0 / 0        
[1665.830s][info][gc,reloc    ] GC(216) Y: Survivor 2         0M (0%)           27M (0%)          14 / 13             0 / 0              0 / 0        
[1665.830s][info][gc,reloc    ] GC(216) Y: Survivor 3         0M (0%)            9M (0%)           5 / 3              0 / 0              0 / 0        
[1665.830s][info][gc,reloc    ] GC(216) Y: Survivor 4         0M (0%)            7M (0%)           4 / 4              0 / 0              0 / 0        
[1665.830s][info][gc,reloc    ] GC(216) Y: Survivor 5         0M (0%)            3M (0%)           2 / 2              0 / 0              0 / 0        
[1665.830s][info][gc,reloc    ] GC(216) Y: Survivor 6         0M (0%)            3M (0%)           2 / 1              0 / 0              0 / 0        
[1665.830s][info][gc,reloc    ] GC(216) Y: Survivor 7         0M (0%)            1M (0%)           1 / 1              0 / 0              0 / 0        
[1665.830s][info][gc,reloc    ] GC(216) Y: Survivor 8         0M (0%)            5M (0%)           3 / 2              0 / 0              0 / 0        
[1665.830s][info][gc,heap     ] GC(216) Y: Min Capacity: 8192M(100%)
[1665.830s][info][gc,heap     ] GC(216) Y: Max Capacity: 8192M(100%)
[1665.830s][info][gc,heap     ] GC(216) Y: Soft Max Capacity: 8192M(100%)
[1665.830s][info][gc,heap     ] GC(216) Y: Heap Statistics:
[1665.830s][info][gc,heap     ] GC(216) Y:                Mark Start          Mark End        Relocate Start      Relocate End           High               Low         
[1665.830s][info][gc,heap     ] GC(216) Y:  Capacity:     8192M (100%)       8192M (100%)       8192M (100%)       8192M (100%)       8192M (100%)       8192M (100%)   
[1665.830s][info][gc,heap     ] GC(216) Y:      Free:     1768M (22%)        1616M (20%)        2990M (36%)        7288M (89%)        7288M (89%)        1616M (20%)    
[1665.830s][info][gc,heap     ] GC(216) Y:      Used:     6424M (78%)        6576M (80%)        5202M (64%)         904M (11%)        6576M (80%)         904M (11%)    
[1665.830s][info][gc,heap     ] GC(216) Y: Young Generation Statistics:
[1665.830s][info][gc,heap     ] GC(216) Y:                Mark Start          Mark End        Relocate Start      Relocate End    
[1665.830s][info][gc,heap     ] GC(216) Y:      Used:     5860M (72%)        6012M (73%)        4638M (57%)         340M (4%)     
[1665.830s][info][gc,heap     ] GC(216) Y:      Live:         -               111M (1%)          111M (1%)          111M (1%)     
[1665.830s][info][gc,heap     ] GC(216) Y:   Garbage:         -              5748M (70%)        4370M (53%)           1M (0%)     
[1665.830s][info][gc,heap     ] GC(216) Y: Allocated:         -               152M (2%)          156M (2%)          227M (3%)     
[1665.830s][info][gc,heap     ] GC(216) Y: Reclaimed:         -                  -              1378M (17%)        5747M (70%)    
[1665.830s][info][gc,heap     ] GC(216) Y:  Promoted:         -                  -                 0M (0%)            0M (0%)     
[1665.830s][info][gc,heap     ] GC(216) Y: Compacted:         -                  -                  -               108M (1%)     
[1665.830s][info][gc,phases   ] GC(216) Y: Young Generation 6424M(78%)->904M(11%) 0.243s
[1665.830s][info][gc,phases   ] GC(216) O: Old Generation
[1666.572s][info][gc,phases   ] GC(216) O: Concurrent Mark 741.689ms
[1666.572s][info][gc,phases   ] GC(216) O: Pause Mark End 0.010ms
[1666.572s][info][gc,phases   ] GC(216) O: Concurrent Mark Free 0.000ms
[1666.589s][info][gc,phases   ] GC(216) O: Concurrent Process Non-Strong 17.069ms
[1666.589s][info][gc,phases   ] GC(216) O: Concurrent Reset Relocation Set 0.002ms
[1666.591s][info][gc,phases   ] GC(216) O: Concurrent Select Relocation Set 1.613ms
[1666.591s][info][gc,task     ] GC(216) O: Using 2 Workers for Old Generation
[1666.655s][info][gc,task     ] GC(216) O: Using 1 Workers for Old Generation
[1666.655s][info][gc,phases   ] GC(216) O: Concurrent Remap Roots 63.747ms
[1666.655s][info][gc,phases   ] GC(216) O: Pause Relocate Start 0.010ms
[1666.658s][info][gc,phases   ] GC(216) O: Concurrent Relocate 3.246ms
[1666.658s][info][gc,alloc    ] GC(216) O:                         Mark Start        Mark End      Relocate Start    Relocate End   
[1666.658s][info][gc,alloc    ] GC(216) O: Allocation Stalls:          0                0                0                0         
[1666.658s][info][gc,load     ] GC(216) O: Load: 0.00 (0%) / 0.00 (0%) / 0.00 (0%)
[1666.658s][info][gc,mmu      ] GC(216) O: MMU: 2ms/76.4%, 5ms/90.6%, 10ms/95.3%, 20ms/97.6%, 50ms/99.1%, 100ms/99.5%
[1666.658s][info][gc,marking  ] GC(216) O: Mark: 1 stripe(s), 2 proactive flush(es), 1 terminate flush(es), 0 completion(s), 0 continuation(s) 
[1666.658s][info][gc,marking  ] GC(216) O: Mark Stack Usage: 32M
[1666.658s][info][gc,nmethod  ] GC(216) O: NMethods: 7096 registered, 882 unregistered
[1666.658s][info][gc,metaspace] GC(216) O: Metaspace: 132M used, 133M committed, 1152M reserved
[1666.658s][info][gc,ref      ] GC(216) O:                       Encountered   Discovered     Enqueued 
[1666.658s][info][gc,ref      ] GC(216) O: Soft References:             6089            0            0 
[1666.658s][info][gc,ref      ] GC(216) O: Weak References:            23512        12679            1 
[1666.658s][info][gc,ref      ] GC(216) O: Final References:              34            0            0 
[1666.658s][info][gc,ref      ] GC(216) O: Phantom References:          1309         1053            0 
[1666.658s][info][gc,reloc    ] GC(216) O:                        Candidates     Selected     In-Place         Size        Empty    Relocated 
[1666.658s][info][gc,reloc    ] GC(216) O: Small Pages:                  250           12            0         500M           0M           1M 
[1666.658s][info][gc,reloc    ] GC(216) O: Medium Pages:                   2            0            0          64M           0M           0M 
[1666.658s][info][gc,reloc    ] GC(216) O: Large Pages:                    0            0            0           0M           0M           0M 
[1666.658s][info][gc,reloc    ] GC(216) O: Forwarding Usage: 0M
[1666.658s][info][gc,heap     ] GC(216) O: Min Capacity: 8192M(100%)
[1666.658s][info][gc,heap     ] GC(216) O: Max Capacity: 8192M(100%)
[1666.658s][info][gc,heap     ] GC(216) O: Soft Max Capacity: 8192M(100%)
[1666.658s][info][gc,heap     ] GC(216) O: Heap Statistics:
[1666.658s][info][gc,heap     ] GC(216) O:                Mark Start          Mark End        Relocate Start      Relocate End           High               Low         
[1666.658s][info][gc,heap     ] GC(216) O:  Capacity:     8192M (100%)       8192M (100%)       8192M (100%)       8192M (100%)       8192M (100%)       8192M (100%)   
[1666.658s][info][gc,heap     ] GC(216) O:      Free:     1768M (22%)        6726M (82%)        6666M (81%)        6682M (82%)        7288M (89%)        1616M (20%)    
[1666.658s][info][gc,heap     ] GC(216) O:      Used:     6424M (78%)        1466M (18%)        1526M (19%)        1510M (18%)        6576M (80%)         904M (11%)    
[1666.658s][info][gc,heap     ] GC(216) O: Old Generation Statistics:
[1666.658s][info][gc,heap     ] GC(216) O:                Mark Start          Mark End        Relocate Start      Relocate End    
[1666.658s][info][gc,heap     ] GC(216) O:      Used:      564M (7%)          564M (7%)          564M (7%)          548M (7%)     
[1666.658s][info][gc,heap     ] GC(216) O:      Live:         -               489M (6%)          489M (6%)          489M (6%)     
[1666.658s][info][gc,heap     ] GC(216) O:   Garbage:         -                74M (1%)           74M (1%)           49M (1%)     
[1666.659s][info][gc,heap     ] GC(216) O: Allocated:         -                 0M (0%)            0M (0%)            8M (0%)     
[1666.659s][info][gc,heap     ] GC(216) O: Reclaimed:         -                  -                 0M (0%)           24M (0%)     
[1666.659s][info][gc,heap     ] GC(216) O: Compacted:         -                  -                  -                 1M (0%)     
[1666.659s][info][gc,phases   ] GC(216) O: Old Generation 904M(11%)->1510M(18%) 0.828s
[1666.659s][info][gc          ] GC(216) Major Collection (Proactive) 6424M(78%)->1510M(18%) 1.072s
[1674.754s][info][gc          ] GC(217) Minor Collection (Allocation Rate)
[1674.755s][info][gc,task     ] GC(217) Using 1 Workers for Young Generation
[1674.755s][info][gc,phases   ] GC(217) y: Young Generation
[1674.755s][info][gc,phases   ] GC(217) y: Pause Mark Start 0.012ms
[1674.883s][info][gc,phases   ] GC(217) y: Concurrent Mark 128.513ms
[1674.883s][info][gc,phases   ] GC(217) y: Pause Mark End 0.009ms
[1674.883s][info][gc,phases   ] GC(217) y: Concurrent Mark Free 0.000ms
[1674.883s][info][gc,phases   ] GC(217) y: Concurrent Reset Relocation Set 0.166ms
[1674.886s][info][gc,reloc    ] GC(217) y: Using tenuring threshold: 8 (Computed)
[1674.890s][info][gc,phases   ] GC(217) y: Concurrent Select Relocation Set 6.156ms
[1674.890s][info][gc,phases   ] GC(217) y: Pause Relocate Start 0.008ms
[1674.966s][info][gc,phases   ] GC(217) y: Concurrent Relocate 76.032ms
[1674.966s][info][gc,alloc    ] GC(217) y:                         Mark Start        Mark End      Relocate Start    Relocate End   
[1674.966s][info][gc,alloc    ] GC(217) y: Allocation Stalls:          0                0                0                0         
[1674.966s][info][gc,load     ] GC(217) y: Load: 0.00 (0%) / 0.00 (0%) / 0.00 (0%)
[1674.966s][info][gc,mmu      ] GC(217) y: MMU: 2ms/76.4%, 5ms/90.6%, 10ms/95.3%, 20ms/97.6%, 50ms/99.1%, 100ms/99.5%
[1674.966s][info][gc,marking  ] GC(217) y: Mark: 1 stripe(s), 2 proactive flush(es), 1 terminate flush(es), 0 completion(s), 0 continuation(s) 
[1674.966s][info][gc,marking  ] GC(217) y: Mark Stack Usage: 32M
[1674.966s][info][gc,nmethod  ] GC(217) y: NMethods: 7103 registered, 882 unregistered
[1674.966s][info][gc,metaspace] GC(217) y: Metaspace: 132M used, 133M committed, 1152M reserved
[1674.966s][info][gc,reloc    ] GC(217) y:                        Candidates     Selected     In-Place         Size        Empty    Relocated 
[1674.966s][info][gc,reloc    ] GC(217) y: Small Pages:                 3530         2551            0        7060M        1838M          84M 
[1674.966s][info][gc,reloc    ] GC(217) y: Medium Pages:                   0            0            0           0M           0M           0M 
[1674.966s][info][gc,reloc    ] GC(217) y: Large Pages:                    0            0            0           0M           0M           0M 
[1674.966s][info][gc,reloc    ] GC(217) y: Forwarding Usage: 29M
[1674.966s][info][gc,reloc    ] GC(217) y: Age Table:
[1674.966s][info][gc,reloc    ] GC(217) y:                    Live             Garbage             Small              Medium             Large        
[1674.966s][info][gc,reloc    ] GC(217) y: Eden              88M (1%)         6823M (83%)       3456 / 2490           0 / 0              0 / 0        
[1674.966s][info][gc,reloc    ] GC(217) y: Survivor 1        14M (0%)           79M (1%)          47 / 37             0 / 0              0 / 0        
[1674.966s][info][gc,reloc    ] GC(217) y: Survivor 2         0M (0%)           31M (0%)          16 / 16             0 / 0              0 / 0        
[1674.966s][info][gc,reloc    ] GC(217) y: Survivor 3         0M (0%)            3M (0%)           2 / 2              0 / 0              0 / 0        
[1674.966s][info][gc,reloc    ] GC(217) y: Survivor 4         0M (0%)            3M (0%)           2 / 1              0 / 0              0 / 0        
[1674.966s][info][gc,reloc    ] GC(217) y: Survivor 5         0M (0%)            3M (0%)           2 / 2              0 / 0              0 / 0        
[1674.966s][info][gc,reloc    ] GC(217) y: Survivor 6         0M (0%)            3M (0%)           2 / 1              0 / 0              0 / 0        
[1674.966s][info][gc,reloc    ] GC(217) y: Survivor 7         0M (0%)            1M (0%)           1 / 0              0 / 0              0 / 0        
[1674.966s][info][gc,reloc    ] GC(217) y: Survivor 8         0M (0%)            1M (0%)           1 / 1              0 / 0              0 / 0        
[1674.966s][info][gc,reloc    ] GC(217) y: Survivor 9         0M (0%)            1M (0%)           1 / 1              0 / 0              0 / 0        
[1674.966s][info][gc,heap     ] GC(217) y: Min Capacity: 8192M(100%)
[1674.966s][info][gc,heap     ] GC(217) y: Max Capacity: 8192M(100%)
[1674.966s][info][gc,heap     ] GC(217) y: Soft Max Capacity: 8192M(100%)
[1674.966s][info][gc,heap     ] GC(217) y: Heap Statistics:
[1674.966s][info][gc,heap     ] GC(217) y:                Mark Start          Mark End        Relocate Start      Relocate End           High               Low         
[1674.966s][info][gc,heap     ] GC(217) y:  Capacity:     8192M (100%)       8192M (100%)       8192M (100%)       8192M (100%)       8192M (100%)       8192M (100%)   
[1674.966s][info][gc,heap     ] GC(217) y:      Free:      584M (7%)          456M (6%)         2292M (28%)        7304M (89%)        7304M (89%)         456M (6%)     
[1674.966s][info][gc,heap     ] GC(217) y:      Used:     7608M (93%)        7736M (94%)        5900M (72%)         888M (11%)        7736M (94%)         888M (11%)    
[1674.966s][info][gc,heap     ] GC(217) y: Young Generation Statistics:
[1674.966s][info][gc,heap     ] GC(217) y:                Mark Start          Mark End        Relocate Start      Relocate End    
[1674.966s][info][gc,heap     ] GC(217) y:      Used:     7060M (86%)        7188M (88%)        5352M (65%)         338M (4%)     
[1674.966s][info][gc,heap     ] GC(217) y:      Live:         -               104M (1%)          104M (1%)          104M (1%)     
[1674.966s][info][gc,heap     ] GC(217) y:   Garbage:         -              6955M (85%)        5117M (62%)           1M (0%)     
[1674.966s][info][gc,heap     ] GC(217) y: Allocated:         -               128M (2%)          130M (2%)          232M (3%)     
[1674.966s][info][gc,heap     ] GC(217) y: Reclaimed:         -                  -              1838M (22%)        6954M (85%)    
[1674.966s][info][gc,heap     ] GC(217) y:  Promoted:         -                  -                 0M (0%)            0M (0%)     
[1674.966s][info][gc,heap     ] GC(217) y: Compacted:         -                  -                  -                99M (1%)     
[1674.966s][info][gc,phases   ] GC(217) y: Young Generation 7608M(93%)->888M(11%) 0.211s
[1674.966s][info][gc          ] GC(217) Minor Collection (Allocation Rate) 7606M(93%)->888M(11%) 0.212s
[1685.237s][info][gc          ] GC(218) Minor Collection (Allocation Rate)
[1685.237s][info][gc,task     ] GC(218) Using 1 Workers for Young Generation
[1685.238s][info][gc,phases   ] GC(218) y: Young Generation
[1685.238s][info][gc,phases   ] GC(218) y: Pause Mark Start 0.022ms
[1685.374s][info][gc,phases   ] GC(218) y: Concurrent Mark 136.026ms
[1685.374s][info][gc,phases   ] GC(218) y: Pause Mark End 0.009ms
[1685.374s][info][gc,phases   ] GC(218) y: Concurrent Mark Free 0.000ms
[1685.374s][info][gc,phases   ] GC(218) y: Concurrent Reset Relocation Set 0.309ms
[1685.378s][info][gc,reloc    ] GC(218) y: Using tenuring threshold: 7 (Computed)
[1685.391s][info][gc,phases   ] GC(218) y: Concurrent Select Relocation Set 16.814ms
[1685.391s][info][gc,phases   ] GC(218) y: Pause Relocate Start 0.010ms
[1685.467s][info][gc,phases   ] GC(218) y: Concurrent Relocate 76.375ms
[1685.468s][info][gc,alloc    ] GC(218) y:                         Mark Start        Mark End      Relocate Start    Relocate End   
[1685.468s][info][gc,alloc    ] GC(218) y: Allocation Stalls:          0                0                0                0         
[1685.468s][info][gc,load     ] GC(218) y: Load: 0.00 (0%) / 0.00 (0%) / 0.00 (0%)
[1685.468s][info][gc,mmu      ] GC(218) y: MMU: 2ms/76.4%, 5ms/90.6%, 10ms/95.3%, 20ms/97.6%, 50ms/99.1%, 100ms/99.5%
[1685.468s][info][gc,marking  ] GC(218) y: Mark: 1 stripe(s), 2 proactive flush(es), 1 terminate flush(es), 0 completion(s), 0 continuation(s) 
[1685.468s][info][gc,marking  ] GC(218) y: Mark Stack Usage: 32M
[1685.468s][info][gc,nmethod  ] GC(218) y: NMethods: 7107 registered, 882 unregistered
[1685.468s][info][gc,metaspace] GC(218) y: Metaspace: 132M used, 133M committed, 1152M reserved
[1685.468s][info][gc,reloc    ] GC(218) y:                        Candidates     Selected     In-Place         Size        Empty    Relocated 
[1685.468s][info][gc,reloc    ] GC(218) y: Small Pages:                 3556         2576            0        7112M        1840M          87M 
[1685.468s][info][gc,reloc    ] GC(218) y: Medium Pages:                   0            0            0           0M           0M           0M 
[1685.468s][info][gc,reloc    ] GC(218) y: Large Pages:                    0            0            0           0M           0M           0M 
[1685.468s][info][gc,reloc    ] GC(218) y: Forwarding Usage: 31M
[1685.468s][info][gc,reloc    ] GC(218) y: Age Table:
[1685.468s][info][gc,reloc    ] GC(218) y:                    Live             Garbage             Small              Medium             Large        
[1685.468s][info][gc,reloc    ] GC(218) y: Eden              88M (1%)         6871M (84%)       3480 / 2518           0 / 0              0 / 0        
[1685.468s][info][gc,reloc    ] GC(218) y: Survivor 1        15M (0%)           80M (1%)          48 / 38             0 / 0              0 / 0        
[1685.468s][info][gc,reloc    ] GC(218) y: Survivor 2         0M (0%)           23M (0%)          12 / 7              0 / 0              0 / 0        
[1685.468s][info][gc,reloc    ] GC(218) y: Survivor 3         0M (0%)            7M (0%)           4 / 2              0 / 0              0 / 0        
[1685.468s][info][gc,reloc    ] GC(218) y: Survivor 4         0M (0%)            3M (0%)           2 / 1              0 / 0              0 / 0        
[1685.468s][info][gc,reloc    ] GC(218) y: Survivor 5         0M (0%)            5M (0%)           3 / 3              0 / 0              0 / 0        
[1685.468s][info][gc,reloc    ] GC(218) y: Survivor 6         0M (0%)            7M (0%)           4 / 4              0 / 0              0 / 0        
[1685.468s][info][gc,reloc    ] GC(218) y: Survivor 7         0M (0%)            3M (0%)           2 / 2              0 / 0              0 / 0        
[1685.468s][info][gc,reloc    ] GC(218) y: Survivor 8         0M (0%)            1M (0%)           1 / 1              0 / 0              0 / 0        
[1685.468s][info][gc,heap     ] GC(218) y: Min Capacity: 8192M(100%)
[1685.468s][info][gc,heap     ] GC(218) y: Max Capacity: 8192M(100%)
[1685.468s][info][gc,heap     ] GC(218) y: Soft Max Capacity: 8192M(100%)
[1685.468s][info][gc,heap     ] GC(218) y: Heap Statistics:
[1685.468s][info][gc,heap     ] GC(218) y:                Mark Start          Mark End        Relocate Start      Relocate End           High               Low         
[1685.468s][info][gc,heap     ] GC(218) y:  Capacity:     8192M (100%)       8192M (100%)       8192M (100%)       8192M (100%)       8192M (100%)       8192M (100%)   
[1685.468s][info][gc,heap     ] GC(218) y:      Free:      530M (6%)          378M (5%)         2208M (27%)        7308M (89%)        7308M (89%)         378M (5%)     
[1685.468s][info][gc,heap     ] GC(218) y:      Used:     7662M (94%)        7814M (95%)        5984M (73%)         884M (11%)        7814M (95%)         884M (11%)    
[1685.468s][info][gc,heap     ] GC(218) y: Young Generation Statistics:
[1685.468s][info][gc,heap     ] GC(218) y:                Mark Start          Mark End        Relocate Start      Relocate End    
[1685.468s][info][gc,heap     ] GC(218) y:      Used:     7112M (87%)        7264M (89%)        5434M (66%)         332M (4%)     
[1685.468s][info][gc,heap     ] GC(218) y:      Live:         -               104M (1%)          104M (1%)          104M (1%)     
[1685.468s][info][gc,heap     ] GC(218) y:   Garbage:         -              7007M (86%)        5167M (63%)           0M (0%)     
[1685.468s][info][gc,heap     ] GC(218) y: Allocated:         -               152M (2%)          162M (2%)          227M (3%)     
[1685.468s][info][gc,heap     ] GC(218) y: Reclaimed:         -                  -              1840M (22%)        7007M (86%)    
[1685.468s][info][gc,heap     ] GC(218) y:  Promoted:         -                  -                 0M (0%)            0M (0%)     
[1685.468s][info][gc,heap     ] GC(218) y: Compacted:         -                  -                  -               102M (1%)     
[1685.468s][info][gc,phases   ] GC(218) y: Young Generation 7662M(94%)->884M(11%) 0.230s
[1685.468s][info][gc          ] GC(218) Minor Collection (Allocation Rate) 7662M(94%)->884M(11%) 0.231s
[1694.895s][info][gc          ] GC(219) Minor Collection (Allocation Rate)
[1694.895s][info][gc,task     ] GC(219) Using 1 Workers for Young Generation
[1694.895s][info][gc,phases   ] GC(219) y: Young Generation
[1694.895s][info][gc,phases   ] GC(219) y: Pause Mark Start 0.013ms
[1695.023s][info][gc,phases   ] GC(219) y: Concurrent Mark 128.160ms
[1695.023s][info][gc,phases   ] GC(219) y: Pause Mark End 0.010ms
[1695.023s][info][gc,phases   ] GC(219) y: Concurrent Mark Free 0.000ms
[1695.024s][info][gc,phases   ] GC(219) y: Concurrent Reset Relocation Set 0.218ms
[1695.027s][info][gc,reloc    ] GC(219) y: Using tenuring threshold: 8 (Computed)
[1695.030s][info][gc,phases   ] GC(219) y: Concurrent Select Relocation Set 5.830ms
[1695.030s][info][gc,phases   ] GC(219) y: Pause Relocate Start 0.009ms
[1695.108s][info][gc,phases   ] GC(219) y: Concurrent Relocate 78.547ms
[1695.108s][info][gc,alloc    ] GC(219) y:                         Mark Start        Mark End      Relocate Start    Relocate End   
[1695.108s][info][gc,alloc    ] GC(219) y: Allocation Stalls:          0                0                0                0         
[1695.108s][info][gc,load     ] GC(219) y: Load: 0.00 (0%) / 0.00 (0%) / 0.00 (0%)
[1695.108s][info][gc,mmu      ] GC(219) y: MMU: 2ms/76.4%, 5ms/90.6%, 10ms/95.3%, 20ms/97.6%, 50ms/99.1%, 100ms/99.5%
[1695.108s][info][gc,marking  ] GC(219) y: Mark: 1 stripe(s), 2 proactive flush(es), 1 terminate flush(es), 0 completion(s), 0 continuation(s) 
[1695.108s][info][gc,marking  ] GC(219) y: Mark Stack Usage: 32M
[1695.108s][info][gc,nmethod  ] GC(219) y: NMethods: 7112 registered, 882 unregistered
[1695.108s][info][gc,metaspace] GC(219) y: Metaspace: 132M used, 133M committed, 1152M reserved
[1695.108s][info][gc,reloc    ] GC(219) y:                        Candidates     Selected     In-Place         Size        Empty    Relocated 
[1695.108s][info][gc,reloc    ] GC(219) y: Small Pages:                 3576         2596            0        7152M        1842M          87M 
[1695.108s][info][gc,reloc    ] GC(219) y: Medium Pages:                   0            0            0           0M           0M           0M 
[1695.108s][info][gc,reloc    ] GC(219) y: Large Pages:                    0            0            0           0M           0M           0M 
[1695.108s][info][gc,reloc    ] GC(219) y: Forwarding Usage: 30M
[1695.108s][info][gc,reloc    ] GC(219) y: Age Table:
[1695.108s][info][gc,reloc    ] GC(219) y:                    Live             Garbage             Small              Medium             Large        
[1695.108s][info][gc,reloc    ] GC(219) y: Eden              87M (1%)         6932M (85%)       3510 / 2541           0 / 0              0 / 0        
[1695.108s][info][gc,reloc    ] GC(219) y: Survivor 1        14M (0%)           81M (1%)          48 / 42             0 / 0              0 / 0        
[1695.108s][info][gc,reloc    ] GC(219) y: Survivor 2         0M (0%)           23M (0%)          12 / 8              0 / 0              0 / 0        
[1695.108s][info][gc,reloc    ] GC(219) y: Survivor 3         0M (0%)            1M (0%)           1 / 1              0 / 0              0 / 0        
[1695.108s][info][gc,reloc    ] GC(219) y: Survivor 4         0M (0%)            3M (0%)           2 / 1              0 / 0              0 / 0        
[1695.108s][info][gc,reloc    ] GC(219) y: Survivor 5         0M (0%)            1M (0%)           1 / 1              0 / 0              0 / 0        
[1695.108s][info][gc,reloc    ] GC(219) y: Survivor 6         0M (0%)            1M (0%)           1 / 1              0 / 0              0 / 0        
[1695.108s][info][gc,reloc    ] GC(219) y: Survivor 7         0M (0%)            1M (0%)           1 / 1              0 / 0              0 / 0        
[1695.109s][info][gc,heap     ] GC(219) y: Min Capacity: 8192M(100%)
[1695.109s][info][gc,heap     ] GC(219) y: Max Capacity: 8192M(100%)
[1695.109s][info][gc,heap     ] GC(219) y: Soft Max Capacity: 8192M(100%)
[1695.109s][info][gc,heap     ] GC(219) y: Heap Statistics:
[1695.109s][info][gc,heap     ] GC(219) y:                Mark Start          Mark End        Relocate Start      Relocate End           High               Low         
[1695.109s][info][gc,heap     ] GC(219) y:  Capacity:     8192M (100%)       8192M (100%)       8192M (100%)       8192M (100%)       8192M (100%)       8192M (100%)   
[1695.109s][info][gc,heap     ] GC(219) y:      Free:      488M (6%)          370M (5%)         2208M (27%)        7310M (89%)        7312M (89%)         370M (5%)     
[1695.109s][info][gc,heap     ] GC(219) y:      Used:     7704M (94%)        7822M (95%)        5984M (73%)         882M (11%)        7822M (95%)         880M (11%)    
[1695.109s][info][gc,heap     ] GC(219) y: Young Generation Statistics:
[1695.109s][info][gc,heap     ] GC(219) y:                Mark Start          Mark End        Relocate Start      Relocate End    
[1695.109s][info][gc,heap     ] GC(219) y:      Used:     7152M (87%)        7270M (89%)        5432M (66%)         330M (4%)     
[1695.109s][info][gc,heap     ] GC(219) y:      Live:         -               103M (1%)          103M (1%)          103M (1%)     
[1695.109s][info][gc,heap     ] GC(219) y:   Garbage:         -              7048M (86%)        5206M (64%)           0M (0%)     
[1695.109s][info][gc,heap     ] GC(219) y: Allocated:         -               118M (1%)          122M (1%)          226M (3%)     
[1695.109s][info][gc,heap     ] GC(219) y: Reclaimed:         -                  -              1842M (22%)        7048M (86%)    
[1695.109s][info][gc,heap     ] GC(219) y:  Promoted:         -                  -                 0M (0%)            0M (0%)     
[1695.109s][info][gc,heap     ] GC(219) y: Compacted:         -                  -                  -               103M (1%)     
[1695.109s][info][gc,phases   ] GC(219) y: Young Generation 7704M(94%)->882M(11%) 0.213s
[1695.109s][info][gc          ] GC(219) Minor Collection (Allocation Rate) 7704M(94%)->884M(11%) 0.214s
[1705.414s][info][gc          ] GC(220) Minor Collection (Allocation Rate)
[1705.414s][info][gc,task     ] GC(220) Using 1 Workers for Young Generation
[1705.414s][info][gc,phases   ] GC(220) y: Young Generation
[1705.414s][info][gc,phases   ] GC(220) y: Pause Mark Start 0.015ms
[1705.535s][info][gc,phases   ] GC(220) y: Concurrent Mark 120.957ms
[1705.535s][info][gc,phases   ] GC(220) y: Pause Mark End 0.009ms
[1705.535s][info][gc,phases   ] GC(220) y: Concurrent Mark Free 0.000ms
[1705.535s][info][gc,phases   ] GC(220) y: Concurrent Reset Relocation Set 0.214ms
[1705.538s][info][gc,reloc    ] GC(220) y: Using tenuring threshold: 8 (Computed)
[1705.541s][info][gc,phases   ] GC(220) y: Concurrent Select Relocation Set 5.888ms
[1705.541s][info][gc,phases   ] GC(220) y: Pause Relocate Start 0.009ms
[1705.617s][info][gc,phases   ] GC(220) y: Concurrent Relocate 75.652ms
[1705.617s][info][gc,alloc    ] GC(220) y:                         Mark Start        Mark End      Relocate Start    Relocate End   
[1705.617s][info][gc,alloc    ] GC(220) y: Allocation Stalls:          0                0                0                0         
[1705.617s][info][gc,load     ] GC(220) y: Load: 0.00 (0%) / 0.00 (0%) / 0.00 (0%)
[1705.617s][info][gc,mmu      ] GC(220) y: MMU: 2ms/76.4%, 5ms/90.6%, 10ms/95.3%, 20ms/97.6%, 50ms/99.1%, 100ms/99.5%
[1705.617s][info][gc,marking  ] GC(220) y: Mark: 1 stripe(s), 2 proactive flush(es), 1 terminate flush(es), 0 completion(s), 0 continuation(s) 
[1705.617s][info][gc,marking  ] GC(220) y: Mark Stack Usage: 32M
[1705.617s][info][gc,nmethod  ] GC(220) y: NMethods: 7116 registered, 882 unregistered
[1705.617s][info][gc,metaspace] GC(220) y: Metaspace: 132M used, 133M committed, 1152M reserved
[1705.617s][info][gc,reloc    ] GC(220) y:                        Candidates     Selected     In-Place         Size        Empty    Relocated 
[1705.617s][info][gc,reloc    ] GC(220) y: Small Pages:                 3591         2403            0        7182M        2262M          81M 
[1705.617s][info][gc,reloc    ] GC(220) y: Medium Pages:                   0            0            0           0M           0M           0M 
[1705.617s][info][gc,reloc    ] GC(220) y: Large Pages:                    0            0            0           0M           0M           0M 
[1705.617s][info][gc,reloc    ] GC(220) y: Forwarding Usage: 29M
[1705.617s][info][gc,reloc    ] GC(220) y: Age Table:
[1705.617s][info][gc,reloc    ] GC(220) y:                    Live             Garbage             Small              Medium             Large        
[1705.617s][info][gc,reloc    ] GC(220) y: Eden              82M (1%)         6949M (85%)       3516 / 2347           0 / 0              0 / 0        
[1705.617s][info][gc,reloc    ] GC(220) y: Survivor 1        15M (0%)           84M (1%)          50 / 40             0 / 0              0 / 0        
[1705.617s][info][gc,reloc    ] GC(220) y: Survivor 2         0M (0%)           23M (0%)          12 / 6              0 / 0              0 / 0        
[1705.617s][info][gc,reloc    ] GC(220) y: Survivor 3         0M (0%)            7M (0%)           4 / 2              0 / 0              0 / 0        
[1705.617s][info][gc,reloc    ] GC(220) y: Survivor 4         0M (0%)            5M (0%)           3 / 2              0 / 0              0 / 0        
[1705.617s][info][gc,reloc    ] GC(220) y: Survivor 5         0M (0%)            1M (0%)           1 / 1              0 / 0              0 / 0        
[1705.617s][info][gc,reloc    ] GC(220) y: Survivor 6         0M (0%)            1M (0%)           1 / 1              0 / 0              0 / 0        
[1705.617s][info][gc,reloc    ] GC(220) y: Survivor 7         0M (0%)            3M (0%)           2 / 2              0 / 0              0 / 0        
[1705.617s][info][gc,reloc    ] GC(220) y: Survivor 8         0M (0%)            3M (0%)           2 / 2              0 / 0              0 / 0        
[1705.617s][info][gc,heap     ] GC(220) y: Min Capacity: 8192M(100%)
[1705.617s][info][gc,heap     ] GC(220) y: Max Capacity: 8192M(100%)
[1705.617s][info][gc,heap     ] GC(220) y: Soft Max Capacity: 8192M(100%)
[1705.617s][info][gc,heap     ] GC(220) y: Heap Statistics:
[1705.617s][info][gc,heap     ] GC(220) y:                Mark Start          Mark End        Relocate Start      Relocate End           High               Low         
[1705.617s][info][gc,heap     ] GC(220) y:  Capacity:     8192M (100%)       8192M (100%)       8192M (100%)       8192M (100%)       8192M (100%)       8192M (100%)   
[1705.617s][info][gc,heap     ] GC(220) y:      Free:      458M (6%)          354M (4%)         2610M (32%)        7320M (89%)        7320M (89%)         354M (4%)     
[1705.617s][info][gc,heap     ] GC(220) y:      Used:     7734M (94%)        7838M (96%)        5582M (68%)         872M (11%)        7838M (96%)         872M (11%)    
[1705.617s][info][gc,heap     ] GC(220) y: Young Generation Statistics:
[1705.617s][info][gc,heap     ] GC(220) y:                Mark Start          Mark End        Relocate Start      Relocate End    
[1705.617s][info][gc,heap     ] GC(220) y:      Used:     7182M (88%)        7286M (89%)        5030M (61%)         318M (4%)     
[1705.617s][info][gc,heap     ] GC(220) y:      Live:         -                98M (1%)           98M (1%)           98M (1%)     
[1705.617s][info][gc,heap     ] GC(220) y:   Garbage:         -              7083M (86%)        4821M (59%)           1M (0%)     
[1705.617s][info][gc,heap     ] GC(220) y: Allocated:         -               104M (1%)          110M (1%)          218M (3%)     
[1705.617s][info][gc,heap     ] GC(220) y: Reclaimed:         -                  -              2262M (28%)        7082M (86%)    
[1705.618s][info][gc,heap     ] GC(220) y:  Promoted:         -                  -                 0M (0%)            0M (0%)     
[1705.618s][info][gc,heap     ] GC(220) y: Compacted:         -                  -                  -                95M (1%)     
[1705.618s][info][gc,phases   ] GC(220) y: Young Generation 7734M(94%)->872M(11%) 0.203s
[1705.618s][info][gc          ] GC(220) Minor Collection (Allocation Rate) 7734M(94%)->872M(11%) 0.204s
[1716.295s][info][gc          ] GC(221) Minor Collection (High Usage)
[1716.295s][info][gc,task     ] GC(221) Using 1 Workers for Young Generation
[1716.295s][info][gc,phases   ] GC(221) y: Young Generation
[1716.295s][info][gc,phases   ] GC(221) y: Pause Mark Start 0.014ms
[1716.447s][info][gc,phases   ] GC(221) y: Concurrent Mark 151.486ms
[1716.447s][info][gc,phases   ] GC(221) y: Pause Mark End 0.010ms
[1716.447s][info][gc,phases   ] GC(221) y: Concurrent Mark Free 0.000ms
[1716.447s][info][gc,phases   ] GC(221) y: Concurrent Reset Relocation Set 0.228ms
[1716.450s][info][gc,reloc    ] GC(221) y: Using tenuring threshold: 8 (Computed)
[1716.466s][info][gc,phases   ] GC(221) y: Concurrent Select Relocation Set 18.703ms
[1716.466s][info][gc,phases   ] GC(221) y: Pause Relocate Start 0.009ms
[1716.553s][info][gc,phases   ] GC(221) y: Concurrent Relocate 87.003ms
[1716.553s][info][gc,alloc    ] GC(221) y:                         Mark Start        Mark End      Relocate Start    Relocate End   
[1716.553s][info][gc,alloc    ] GC(221) y: Allocation Stalls:          0                0                0                0         
[1716.553s][info][gc,load     ] GC(221) y: Load: 0.00 (0%) / 0.00 (0%) / 0.00 (0%)
[1716.553s][info][gc,mmu      ] GC(221) y: MMU: 2ms/76.4%, 5ms/90.6%, 10ms/95.3%, 20ms/97.6%, 50ms/99.1%, 100ms/99.5%
[1716.553s][info][gc,marking  ] GC(221) y: Mark: 1 stripe(s), 2 proactive flush(es), 1 terminate flush(es), 0 completion(s), 0 continuation(s) 
[1716.553s][info][gc,marking  ] GC(221) y: Mark Stack Usage: 32M
[1716.553s][info][gc,nmethod  ] GC(221) y: NMethods: 7124 registered, 882 unregistered
[1716.553s][info][gc,metaspace] GC(221) y: Metaspace: 132M used, 133M committed, 1152M reserved
[1716.553s][info][gc,reloc    ] GC(221) y:                        Candidates     Selected     In-Place         Size        Empty    Relocated 
[1716.553s][info][gc,reloc    ] GC(221) y: Small Pages:                 3597         2496            0        7194M        2066M          94M 
[1716.553s][info][gc,reloc    ] GC(221) y: Medium Pages:                   0            0            0           0M           0M           0M 
[1716.553s][info][gc,reloc    ] GC(221) y: Large Pages:                    0            0            0           0M           0M           0M 
[1716.553s][info][gc,reloc    ] GC(221) y: Forwarding Usage: 36M
[1716.553s][info][gc,reloc    ] GC(221) y: Age Table:
[1716.553s][info][gc,reloc    ] GC(221) y:                    Live             Garbage             Small              Medium             Large        
[1716.553s][info][gc,reloc    ] GC(221) y: Eden              98M (1%)         6953M (85%)       3526 / 2440           0 / 0              0 / 0        
[1716.553s][info][gc,reloc    ] GC(221) y: Survivor 1        18M (0%)           77M (1%)          48 / 39             0 / 0              0 / 0        
[1716.553s][info][gc,reloc    ] GC(221) y: Survivor 2         0M (0%)           27M (0%)          14 / 8              0 / 0              0 / 0        
[1716.553s][info][gc,reloc    ] GC(221) y: Survivor 3         0M (0%)            3M (0%)           2 / 2              0 / 0              0 / 0        
[1716.553s][info][gc,reloc    ] GC(221) y: Survivor 4         0M (0%)            3M (0%)           2 / 2              0 / 0              0 / 0        
[1716.553s][info][gc,reloc    ] GC(221) y: Survivor 5         0M (0%)            3M (0%)           2 / 2              0 / 0              0 / 0        
[1716.553s][info][gc,reloc    ] GC(221) y: Survivor 6         0M (0%)            1M (0%)           1 / 1              0 / 0              0 / 0        
[1716.553s][info][gc,reloc    ] GC(221) y: Survivor 7         0M (0%)            1M (0%)           1 / 1              0 / 0              0 / 0        
[1716.553s][info][gc,reloc    ] GC(221) y: Survivor 8         0M (0%)            1M (0%)           1 / 1              0 / 0              0 / 0        
[1716.553s][info][gc,heap     ] GC(221) y: Min Capacity: 8192M(100%)
[1716.553s][info][gc,heap     ] GC(221) y: Max Capacity: 8192M(100%)
[1716.553s][info][gc,heap     ] GC(221) y: Soft Max Capacity: 8192M(100%)
[1716.553s][info][gc,heap     ] GC(221) y: Heap Statistics:
[1716.553s][info][gc,heap     ] GC(221) y:                Mark Start          Mark End        Relocate Start      Relocate End           High               Low         
[1716.553s][info][gc,heap     ] GC(221) y:  Capacity:     8192M (100%)       8192M (100%)       8192M (100%)       8192M (100%)       8192M (100%)       8192M (100%)   
[1716.553s][info][gc,heap     ] GC(221) y:      Free:      444M (5%)          314M (4%)         2362M (29%)        7270M (89%)        7270M (89%)         314M (4%)     
[1716.553s][info][gc,heap     ] GC(221) y:      Used:     7748M (95%)        7878M (96%)        5830M (71%)         922M (11%)        7878M (96%)         922M (11%)    
[1716.553s][info][gc,heap     ] GC(221) y: Young Generation Statistics:
[1716.553s][info][gc,heap     ] GC(221) y:                Mark Start          Mark End        Relocate Start      Relocate End    
[1716.553s][info][gc,heap     ] GC(221) y:      Used:     7194M (88%)        7324M (89%)        5276M (64%)         366M (4%)     
[1716.553s][info][gc,heap     ] GC(221) y:      Live:         -               117M (1%)          117M (1%)          117M (1%)     
[1716.553s][info][gc,heap     ] GC(221) y:   Garbage:         -              7076M (86%)        5010M (61%)           1M (0%)     
[1716.553s][info][gc,heap     ] GC(221) y: Allocated:         -               130M (2%)          148M (2%)          246M (3%)     
[1716.553s][info][gc,heap     ] GC(221) y: Reclaimed:         -                  -              2066M (25%)        7074M (86%)    
[1716.554s][info][gc,heap     ] GC(221) y:  Promoted:         -                  -                 0M (0%)            0M (0%)     
[1716.554s][info][gc,heap     ] GC(221) y: Compacted:         -                  -                  -               115M (1%)     
[1716.554s][info][gc,phases   ] GC(221) y: Young Generation 7748M(95%)->922M(11%) 0.258s
[1716.554s][info][gc          ] GC(221) Minor Collection (High Usage) 7748M(95%)->922M(11%) 0.259s
[1724.751s][info][gc          ] GC(222) Minor Collection (Allocation Rate)
[1724.751s][info][gc,task     ] GC(222) Using 1 Workers for Young Generation
[1724.752s][info][gc,phases   ] GC(222) y: Young Generation
[1724.752s][info][gc,phases   ] GC(222) y: Pause Mark Start 0.013ms
[1724.904s][info][gc,phases   ] GC(222) y: Concurrent Mark 152.553ms
[1724.904s][info][gc,phases   ] GC(222) y: Pause Mark End 0.011ms
[1724.904s][info][gc,phases   ] GC(222) y: Concurrent Mark Free 0.000ms
[1724.905s][info][gc,phases   ] GC(222) y: Concurrent Reset Relocation Set 0.230ms
[1724.908s][info][gc,reloc    ] GC(222) y: Using tenuring threshold: 9 (Computed)
[1724.912s][info][gc,phases   ] GC(222) y: Concurrent Select Relocation Set 7.284ms
[1724.912s][info][gc,phases   ] GC(222) y: Pause Relocate Start 0.010ms
[1725.008s][info][gc,phases   ] GC(222) y: Concurrent Relocate 95.764ms
[1725.008s][info][gc,alloc    ] GC(222) y:                         Mark Start        Mark End      Relocate Start    Relocate End   
[1725.008s][info][gc,alloc    ] GC(222) y: Allocation Stalls:          0                0                0                0         
[1725.008s][info][gc,load     ] GC(222) y: Load: 0.00 (0%) / 0.00 (0%) / 0.00 (0%)
[1725.008s][info][gc,mmu      ] GC(222) y: MMU: 2ms/76.4%, 5ms/90.6%, 10ms/95.3%, 20ms/97.6%, 50ms/99.1%, 100ms/99.5%
[1725.008s][info][gc,marking  ] GC(222) y: Mark: 1 stripe(s), 2 proactive flush(es), 1 terminate flush(es), 0 completion(s), 0 continuation(s) 
[1725.008s][info][gc,marking  ] GC(222) y: Mark Stack Usage: 32M
[1725.008s][info][gc,nmethod  ] GC(222) y: NMethods: 7133 registered, 882 unregistered
[1725.008s][info][gc,metaspace] GC(222) y: Metaspace: 132M used, 133M committed, 1152M reserved
[1725.008s][info][gc,reloc    ] GC(222) y:                        Candidates     Selected     In-Place         Size        Empty    Relocated 
[1725.008s][info][gc,reloc    ] GC(222) y: Small Pages:                 3468         2518            0        6936M        1762M          99M 
[1725.008s][info][gc,reloc    ] GC(222) y: Medium Pages:                   0            0            0           0M           0M           0M 
[1725.008s][info][gc,reloc    ] GC(222) y: Large Pages:                    0            0            0           0M           0M           0M 
[1725.008s][info][gc,reloc    ] GC(222) y: Forwarding Usage: 36M
[1725.008s][info][gc,reloc    ] GC(222) y: Age Table:
[1725.008s][info][gc,reloc    ] GC(222) y:                    Live             Garbage             Small              Medium             Large        
[1725.008s][info][gc,reloc    ] GC(222) y: Eden              99M (1%)         6682M (82%)       3391 / 2454           0 / 0              0 / 0        
[1725.008s][info][gc,reloc    ] GC(222) y: Survivor 1        18M (0%)           87M (1%)          53 / 40             0 / 0              0 / 0        
[1725.008s][info][gc,reloc    ] GC(222) y: Survivor 2         0M (0%)           25M (0%)          13 / 13             0 / 0              0 / 0        
[1725.008s][info][gc,reloc    ] GC(222) y: Survivor 3         0M (0%)            7M (0%)           4 / 4              0 / 0              0 / 0        
[1725.008s][info][gc,reloc    ] GC(222) y: Survivor 4         0M (0%)            1M (0%)           1 / 1              0 / 0              0 / 0        
[1725.008s][info][gc,reloc    ] GC(222) y: Survivor 5         0M (0%)            3M (0%)           2 / 2              0 / 0              0 / 0        
[1725.008s][info][gc,reloc    ] GC(222) y: Survivor 6         0M (0%)            3M (0%)           2 / 2              0 / 0              0 / 0        
[1725.008s][info][gc,reloc    ] GC(222) y: Survivor 7         0M (0%)            1M (0%)           1 / 1              0 / 0              0 / 0        
[1725.008s][info][gc,reloc    ] GC(222) y: Survivor 8         0M (0%)            1M (0%)           1 / 1              0 / 0              0 / 0        
[1725.008s][info][gc,heap     ] GC(222) y: Min Capacity: 8192M(100%)
[1725.008s][info][gc,heap     ] GC(222) y: Max Capacity: 8192M(100%)
[1725.008s][info][gc,heap     ] GC(222) y: Soft Max Capacity: 8192M(100%)
[1725.008s][info][gc,heap     ] GC(222) y: Heap Statistics:
[1725.008s][info][gc,heap     ] GC(222) y:                Mark Start          Mark End        Relocate Start      Relocate End           High               Low         
[1725.008s][info][gc,heap     ] GC(222) y:  Capacity:     8192M (100%)       8192M (100%)       8192M (100%)       8192M (100%)       8192M (100%)       8192M (100%)   
[1725.008s][info][gc,heap     ] GC(222) y:      Free:      700M (9%)          554M (7%)         2308M (28%)        7228M (88%)        7230M (88%)         554M (7%)     
[1725.008s][info][gc,heap     ] GC(222) y:      Used:     7492M (91%)        7638M (93%)        5884M (72%)         964M (12%)        7638M (93%)         962M (12%)    
[1725.008s][info][gc,heap     ] GC(222) y: Young Generation Statistics:
[1725.008s][info][gc,heap     ] GC(222) y:                Mark Start          Mark End        Relocate Start      Relocate End    
[1725.008s][info][gc,heap     ] GC(222) y:      Used:     6936M (85%)        7082M (86%)        5328M (65%)         408M (5%)     
[1725.008s][info][gc,heap     ] GC(222) y:      Live:         -               119M (1%)          119M (1%)          119M (1%)     
[1725.008s][info][gc,heap     ] GC(222) y:   Garbage:         -              6816M (83%)        5054M (62%)           1M (0%)     
[1725.008s][info][gc,heap     ] GC(222) y: Allocated:         -               146M (2%)          154M (2%)          286M (3%)     
[1725.008s][info][gc,heap     ] GC(222) y: Reclaimed:         -                  -              1762M (22%)        6814M (83%)    
[1725.008s][info][gc,heap     ] GC(222) y:  Promoted:         -                  -                 0M (0%)            0M (0%)     
[1725.008s][info][gc,heap     ] GC(222) y: Compacted:         -                  -                  -               115M (1%)     
[1725.008s][info][gc,phases   ] GC(222) y: Young Generation 7492M(91%)->964M(12%) 0.256s
[1725.008s][info][gc          ] GC(222) Minor Collection (Allocation Rate) 7492M(91%)->964M(12%) 0.257s
[1728.152s][info][gc          ] GC(223) Major Collection (Proactive)
[1728.152s][info][gc,task     ] GC(223) Using 1 Workers for Young Generation
[1728.152s][info][gc,task     ] GC(223) Using 1 Workers for Old Generation
[1728.152s][info][gc,phases   ] GC(223) Y: Young Generation
[1728.152s][info][gc,phases   ] GC(223) Y: Pause Mark Start (Major) 0.018ms
[1728.349s][info][gc,phases   ] GC(223) Y: Concurrent Mark 197.368ms
[1728.349s][info][gc,phases   ] GC(223) Y: Pause Mark End 0.010ms
[1728.349s][info][gc,phases   ] GC(223) Y: Concurrent Mark Free 0.001ms
[1728.350s][info][gc,phases   ] GC(223) Y: Concurrent Reset Relocation Set 0.322ms
[1728.353s][info][gc,reloc    ] GC(223) Y: Using tenuring threshold: 5 (Computed)
[1728.357s][info][gc,phases   ] GC(223) Y: Concurrent Select Relocation Set 7.754ms
[1728.358s][info][gc,phases   ] GC(223) Y: Pause Relocate Start 0.014ms
[1728.418s][info][gc,phases   ] GC(223) Y: Concurrent Relocate 60.776ms
[1728.418s][info][gc,alloc    ] GC(223) Y:                         Mark Start        Mark End      Relocate Start    Relocate End   
[1728.419s][info][gc,alloc    ] GC(223) Y: Allocation Stalls:          0                0                0                0         
[1728.419s][info][gc,load     ] GC(223) Y: Load: 0.00 (0%) / 0.00 (0%) / 0.00 (0%)
[1728.419s][info][gc,mmu      ] GC(223) Y: MMU: 2ms/76.4%, 5ms/90.6%, 10ms/95.3%, 20ms/97.6%, 50ms/99.1%, 100ms/99.5%
[1728.419s][info][gc,marking  ] GC(223) Y: Mark: 1 stripe(s), 2 proactive flush(es), 1 terminate flush(es), 0 completion(s), 0 continuation(s) 
[1728.419s][info][gc,marking  ] GC(223) Y: Mark Stack Usage: 32M
[1728.419s][info][gc,nmethod  ] GC(223) Y: NMethods: 7133 registered, 882 unregistered
[1728.419s][info][gc,metaspace] GC(223) Y: Metaspace: 132M used, 133M committed, 1152M reserved
[1728.419s][info][gc,reloc    ] GC(223) Y:                        Candidates     Selected     In-Place         Size        Empty    Relocated 
[1728.419s][info][gc,reloc    ] GC(223) Y: Small Pages:                 1400         1061            0        2800M         530M          60M 
[1728.419s][info][gc,reloc    ] GC(223) Y: Medium Pages:                   0            0            0           0M           0M           0M 
[1728.419s][info][gc,reloc    ] GC(223) Y: Large Pages:                    0            0            0           0M           0M           0M 
[1728.419s][info][gc,reloc    ] GC(223) Y: Forwarding Usage: 25M
[1728.419s][info][gc,reloc    ] GC(223) Y: Age Table:
[1728.419s][info][gc,reloc    ] GC(223) Y:                    Live             Garbage             Small              Medium             Large        
[1728.419s][info][gc,reloc    ] GC(223) Y: Eden              53M (1%)         2578M (31%)       1316 / 1024           0 / 0              0 / 0        
[1728.419s][info][gc,reloc    ] GC(223) Y: Survivor 1        64M (1%)           43M (1%)          54 / 15             0 / 0              0 / 0        
[1728.419s][info][gc,reloc    ] GC(223) Y: Survivor 2         8M (0%)           19M (0%)          14 / 8              0 / 0              0 / 0        
[1728.419s][info][gc,reloc    ] GC(223) Y: Survivor 3         0M (0%)            7M (0%)           4 / 2              0 / 0              0 / 0        
[1728.419s][info][gc,reloc    ] GC(223) Y: Survivor 4         0M (0%)            9M (0%)           5 / 5              0 / 0              0 / 0        
[1728.419s][info][gc,reloc    ] GC(223) Y: Survivor 5         0M (0%)            1M (0%)           1 / 1              0 / 0              0 / 0        
[1728.419s][info][gc,reloc    ] GC(223) Y: Survivor 6         0M (0%)            3M (0%)           2 / 2              0 / 0              0 / 0        
[1728.419s][info][gc,reloc    ] GC(223) Y: Survivor 7         0M (0%)            3M (0%)           2 / 2              0 / 0              0 / 0        
[1728.419s][info][gc,reloc    ] GC(223) Y: Survivor 8         0M (0%)            1M (0%)           1 / 1              0 / 0              0 / 0        
[1728.419s][info][gc,reloc    ] GC(223) Y: Survivor 9         0M (0%)            1M (0%)           1 / 1              0 / 0              0 / 0        
[1728.419s][info][gc,heap     ] GC(223) Y: Min Capacity: 8192M(100%)
[1728.419s][info][gc,heap     ] GC(223) Y: Max Capacity: 8192M(100%)
[1728.419s][info][gc,heap     ] GC(223) Y: Soft Max Capacity: 8192M(100%)
[1728.419s][info][gc,heap     ] GC(223) Y: Heap Statistics:
[1728.419s][info][gc,heap     ] GC(223) Y:                Mark Start          Mark End        Relocate Start      Relocate End           High               Low         
[1728.419s][info][gc,heap     ] GC(223) Y:  Capacity:     8192M (100%)       8192M (100%)       8192M (100%)       8192M (100%)       8192M (100%)       8192M (100%)   
[1728.419s][info][gc,heap     ] GC(223) Y:      Free:     4836M (59%)        4632M (57%)        5156M (63%)        7202M (88%)        7202M (88%)        4632M (57%)    
[1728.419s][info][gc,heap     ] GC(223) Y:      Used:     3356M (41%)        3560M (43%)        3036M (37%)         990M (12%)        3560M (43%)         990M (12%)    
[1728.419s][info][gc,heap     ] GC(223) Y: Young Generation Statistics:
[1728.419s][info][gc,heap     ] GC(223) Y:                Mark Start          Mark End        Relocate Start      Relocate End    
[1728.419s][info][gc,heap     ] GC(223) Y:      Used:     2800M (34%)        3004M (37%)        2480M (30%)         432M (5%)     
[1728.419s][info][gc,heap     ] GC(223) Y:      Live:         -               126M (2%)          126M (2%)          126M (2%)     
[1728.419s][info][gc,heap     ] GC(223) Y:   Garbage:         -              2673M (33%)        2143M (26%)           9M (0%)     
[1728.419s][info][gc,heap     ] GC(223) Y: Allocated:         -               204M (2%)          210M (3%)          296M (4%)     
[1728.419s][info][gc,heap     ] GC(223) Y: Reclaimed:         -                  -               530M (6%)         2663M (33%)    
[1728.419s][info][gc,heap     ] GC(223) Y:  Promoted:         -                  -                 0M (0%)            0M (0%)     
[1728.419s][info][gc,heap     ] GC(223) Y: Compacted:         -                  -                  -                81M (1%)     
[1728.419s][info][gc,phases   ] GC(223) Y: Young Generation 3356M(41%)->990M(12%) 0.267s
[1728.419s][info][gc,phases   ] GC(223) O: Old Generation
[1729.141s][info][gc,phases   ] GC(223) O: Concurrent Mark 721.994ms
[1729.141s][info][gc,phases   ] GC(223) O: Pause Mark End 0.011ms
[1729.141s][info][gc,phases   ] GC(223) O: Concurrent Mark Free 0.000ms
[1729.154s][info][gc,phases   ] GC(223) O: Concurrent Process Non-Strong 12.778ms
[1729.154s][info][gc,phases   ] GC(223) O: Concurrent Reset Relocation Set 0.001ms
[1729.156s][info][gc,phases   ] GC(223) O: Concurrent Select Relocation Set 2.134ms
[1729.156s][info][gc,task     ] GC(223) O: Using 2 Workers for Old Generation
[1729.219s][info][gc,task     ] GC(223) O: Using 1 Workers for Old Generation
[1729.219s][info][gc,phases   ] GC(223) O: Concurrent Remap Roots 62.842ms
[1729.219s][info][gc,phases   ] GC(223) O: Pause Relocate Start 0.008ms
[1729.223s][info][gc,phases   ] GC(223) O: Concurrent Relocate 3.663ms
[1729.223s][info][gc,alloc    ] GC(223) O:                         Mark Start        Mark End      Relocate Start    Relocate End   
[1729.223s][info][gc,alloc    ] GC(223) O: Allocation Stalls:          0                0                0                0         
[1729.223s][info][gc,load     ] GC(223) O: Load: 0.00 (0%) / 0.00 (0%) / 0.00 (0%)
[1729.223s][info][gc,mmu      ] GC(223) O: MMU: 2ms/76.4%, 5ms/90.6%, 10ms/95.3%, 20ms/97.6%, 50ms/99.1%, 100ms/99.5%
[1729.223s][info][gc,marking  ] GC(223) O: Mark: 1 stripe(s), 2 proactive flush(es), 1 terminate flush(es), 0 completion(s), 0 continuation(s) 
[1729.223s][info][gc,marking  ] GC(223) O: Mark Stack Usage: 32M
[1729.223s][info][gc,nmethod  ] GC(223) O: NMethods: 7120 registered, 895 unregistered
[1729.223s][info][gc,metaspace] GC(223) O: Metaspace: 132M used, 133M committed, 1152M reserved
[1729.223s][info][gc,ref      ] GC(223) O:                       Encountered   Discovered     Enqueued 
[1729.223s][info][gc,ref      ] GC(223) O: Soft References:             6089            0            0 
[1729.223s][info][gc,ref      ] GC(223) O: Weak References:            23521        12676            5 
[1729.223s][info][gc,ref      ] GC(223) O: Final References:              34            0            0 
[1729.223s][info][gc,ref      ] GC(223) O: Phantom References:          1336         1084            1 
[1729.223s][info][gc,reloc    ] GC(223) O:                        Candidates     Selected     In-Place         Size        Empty    Relocated 
[1729.223s][info][gc,reloc    ] GC(223) O: Small Pages:                  246            7            0         492M           2M           1M 
[1729.223s][info][gc,reloc    ] GC(223) O: Medium Pages:                   2            0            0          64M           0M           0M 
[1729.223s][info][gc,reloc    ] GC(223) O: Large Pages:                    0            0            0           0M           0M           0M 
[1729.223s][info][gc,reloc    ] GC(223) O: Forwarding Usage: 0M
[1729.223s][info][gc,heap     ] GC(223) O: Min Capacity: 8192M(100%)
[1729.223s][info][gc,heap     ] GC(223) O: Max Capacity: 8192M(100%)
[1729.223s][info][gc,heap     ] GC(223) O: Soft Max Capacity: 8192M(100%)
[1729.223s][info][gc,heap     ] GC(223) O: Heap Statistics:
[1729.223s][info][gc,heap     ] GC(223) O:                Mark Start          Mark End        Relocate Start      Relocate End           High               Low         
[1729.223s][info][gc,heap     ] GC(223) O:  Capacity:     8192M (100%)       8192M (100%)       8192M (100%)       8192M (100%)       8192M (100%)       8192M (100%)   
[1729.223s][info][gc,heap     ] GC(223) O:      Free:     4836M (59%)        6662M (81%)        6606M (81%)        6606M (81%)        7202M (88%)        4632M (57%)    
[1729.223s][info][gc,heap     ] GC(223) O:      Used:     3356M (41%)        1530M (19%)        1586M (19%)        1586M (19%)        3560M (43%)         990M (12%)    
[1729.223s][info][gc,heap     ] GC(223) O: Old Generation Statistics:
[1729.223s][info][gc,heap     ] GC(223) O:                Mark Start          Mark End        Relocate Start      Relocate End    
[1729.223s][info][gc,heap     ] GC(223) O:      Used:      556M (7%)          558M (7%)          556M (7%)          554M (7%)     
[1729.223s][info][gc,heap     ] GC(223) O:      Live:         -               489M (6%)          489M (6%)          489M (6%)     
[1729.223s][info][gc,heap     ] GC(223) O:   Garbage:         -                66M (1%)           64M (1%)           49M (1%)     
[1729.223s][info][gc,heap     ] GC(223) O: Allocated:         -                 2M (0%)            2M (0%)           14M (0%)     
[1729.223s][info][gc,heap     ] GC(223) O: Reclaimed:         -                  -                 2M (0%)           16M (0%)     
[1729.223s][info][gc,heap     ] GC(223) O: Compacted:         -                  -                  -                 1M (0%)     
[1729.223s][info][gc,phases   ] GC(223) O: Old Generation 992M(12%)->1586M(19%) 0.804s
[1729.223s][info][gc          ] GC(223) Major Collection (Proactive) 3356M(41%)->1586M(19%) 1.072s
[1737.224s][info][gc          ] GC(224) Minor Collection (Allocation Rate)
[1737.224s][info][gc,task     ] GC(224) Using 1 Workers for Young Generation
[1737.224s][info][gc,phases   ] GC(224) y: Young Generation
[1737.224s][info][gc,phases   ] GC(224) y: Pause Mark Start 0.013ms
[1737.402s][info][gc,phases   ] GC(224) y: Concurrent Mark 177.874ms
[1737.402s][info][gc,phases   ] GC(224) y: Pause Mark End 0.009ms
[1737.402s][info][gc,phases   ] GC(224) y: Concurrent Mark Free 0.000ms
[1737.402s][info][gc,phases   ] GC(224) y: Concurrent Reset Relocation Set 0.098ms
[1737.406s][info][gc,reloc    ] GC(224) y: Using tenuring threshold: 4 (Computed)
[1737.421s][info][gc,phases   ] GC(224) y: Concurrent Select Relocation Set 18.853ms
[1737.421s][info][gc,phases   ] GC(224) y: Pause Relocate Start 0.010ms
[1737.521s][info][gc,phases   ] GC(224) y: Concurrent Relocate 100.051ms
[1737.521s][info][gc,alloc    ] GC(224) y:                         Mark Start        Mark End      Relocate Start    Relocate End   
[1737.521s][info][gc,alloc    ] GC(224) y: Allocation Stalls:          0                0                0                0         
[1737.521s][info][gc,load     ] GC(224) y: Load: 0.00 (0%) / 0.00 (0%) / 0.00 (0%)
[1737.521s][info][gc,mmu      ] GC(224) y: MMU: 2ms/76.4%, 5ms/90.6%, 10ms/95.3%, 20ms/97.6%, 50ms/99.1%, 100ms/99.5%
[1737.521s][info][gc,marking  ] GC(224) y: Mark: 1 stripe(s), 2 proactive flush(es), 1 terminate flush(es), 0 completion(s), 0 continuation(s) 
[1737.521s][info][gc,marking  ] GC(224) y: Mark Stack Usage: 32M
[1737.521s][info][gc,nmethod  ] GC(224) y: NMethods: 7121 registered, 895 unregistered
[1737.521s][info][gc,metaspace] GC(224) y: Metaspace: 132M used, 133M committed, 1152M reserved
[1737.521s][info][gc,reloc    ] GC(224) y:                        Candidates     Selected     In-Place         Size        Empty    Relocated 
[1737.521s][info][gc,reloc    ] GC(224) y: Small Pages:                 3539         2569            0        7078M        1784M         108M 
[1737.521s][info][gc,reloc    ] GC(224) y: Medium Pages:                   0            0            0           0M           0M           0M 
[1737.521s][info][gc,reloc    ] GC(224) y: Large Pages:                    0            0            0           0M           0M           0M 
[1737.521s][info][gc,reloc    ] GC(224) y: Forwarding Usage: 41M
[1737.522s][info][gc,reloc    ] GC(224) y: Age Table:
[1737.522s][info][gc,reloc    ] GC(224) y:                    Live             Garbage             Small              Medium             Large        
[1737.522s][info][gc,reloc    ] GC(224) y: Eden             111M (1%)         6790M (83%)       3451 / 2502           0 / 0              0 / 0        
[1737.522s][info][gc,reloc    ] GC(224) y: Survivor 1        13M (0%)           48M (1%)          31 / 20             0 / 0              0 / 0        
[1737.522s][info][gc,reloc    ] GC(224) y: Survivor 2        10M (0%)           73M (1%)          42 / 36             0 / 0              0 / 0        
[1737.522s][info][gc,reloc    ] GC(224) y: Survivor 3         0M (0%)           17M (0%)           9 / 5              0 / 0              0 / 0        
[1737.522s][info][gc,reloc    ] GC(224) y: Survivor 4         0M (0%)            1M (0%)           1 / 1              0 / 0              0 / 0        
[1737.522s][info][gc,reloc    ] GC(224) y: Survivor 5         0M (0%)            9M (0%)           5 / 5              0 / 0              0 / 0        
[1737.522s][info][gc,heap     ] GC(224) y: Min Capacity: 8192M(100%)
[1737.522s][info][gc,heap     ] GC(224) y: Max Capacity: 8192M(100%)
[1737.522s][info][gc,heap     ] GC(224) y: Soft Max Capacity: 8192M(100%)
[1737.522s][info][gc,heap     ] GC(224) y: Heap Statistics:
[1737.522s][info][gc,heap     ] GC(224) y:                Mark Start          Mark End        Relocate Start      Relocate End           High               Low         
[1737.522s][info][gc,heap     ] GC(224) y:  Capacity:     8192M (100%)       8192M (100%)       8192M (100%)       8192M (100%)       8192M (100%)       8192M (100%)   
[1737.522s][info][gc,heap     ] GC(224) y:      Free:      560M (7%)          422M (5%)         2184M (27%)        7224M (88%)        7224M (88%)         422M (5%)     
[1737.522s][info][gc,heap     ] GC(224) y:      Used:     7632M (93%)        7770M (95%)        6008M (73%)         968M (12%)        7770M (95%)         968M (12%)    
[1737.522s][info][gc,heap     ] GC(224) y: Young Generation Statistics:
[1737.522s][info][gc,heap     ] GC(224) y:                Mark Start          Mark End        Relocate Start      Relocate End    
[1737.522s][info][gc,heap     ] GC(224) y:      Used:     7078M (86%)        7216M (88%)        5454M (67%)         410M (5%)     
[1737.522s][info][gc,heap     ] GC(224) y:      Live:         -               135M (2%)          135M (2%)          135M (2%)     
[1737.522s][info][gc,heap     ] GC(224) y:   Garbage:         -              6942M (85%)        5158M (63%)           1M (0%)     
[1737.522s][info][gc,heap     ] GC(224) y: Allocated:         -               138M (2%)          160M (2%)          273M (3%)     
[1737.522s][info][gc,heap     ] GC(224) y: Reclaimed:         -                  -              1784M (22%)        6940M (85%)    
[1737.522s][info][gc,heap     ] GC(224) y:  Promoted:         -                  -                 0M (0%)            0M (0%)     
[1737.522s][info][gc,heap     ] GC(224) y: Compacted:         -                  -                  -               128M (2%)     
[1737.522s][info][gc,phases   ] GC(224) y: Young Generation 7632M(93%)->968M(12%) 0.297s
[1737.522s][info][gc          ] GC(224) Minor Collection (Allocation Rate) 7632M(93%)->970M(12%) 0.298s
[1747.794s][info][gc          ] GC(225) Minor Collection (Allocation Rate)
[1747.794s][info][gc,task     ] GC(225) Using 1 Workers for Young Generation
[1747.794s][info][gc,phases   ] GC(225) y: Young Generation
[1747.794s][info][gc,phases   ] GC(225) y: Pause Mark Start 0.012ms
[1747.925s][info][gc,phases   ] GC(225) y: Concurrent Mark 130.486ms
[1747.925s][info][gc,phases   ] GC(225) y: Pause Mark End 0.009ms
[1747.925s][info][gc,phases   ] GC(225) y: Concurrent Mark Free 0.000ms
[1747.925s][info][gc,phases   ] GC(225) y: Concurrent Reset Relocation Set 0.215ms
[1747.927s][info][gc,reloc    ] GC(225) y: Using tenuring threshold: 5 (Computed)
[1747.931s][info][gc,phases   ] GC(225) y: Concurrent Select Relocation Set 5.635ms
[1747.931s][info][gc,phases   ] GC(225) y: Pause Relocate Start 0.012ms
[1748.006s][info][gc,phases   ] GC(225) y: Concurrent Relocate 75.623ms
[1748.006s][info][gc,alloc    ] GC(225) y:                         Mark Start        Mark End      Relocate Start    Relocate End   
[1748.006s][info][gc,alloc    ] GC(225) y: Allocation Stalls:          0                0                0                0         
[1748.006s][info][gc,load     ] GC(225) y: Load: 0.00 (0%) / 0.00 (0%) / 0.00 (0%)
[1748.006s][info][gc,mmu      ] GC(225) y: MMU: 2ms/76.4%, 5ms/90.6%, 10ms/95.3%, 20ms/97.6%, 50ms/99.1%, 100ms/99.5%
[1748.006s][info][gc,marking  ] GC(225) y: Mark: 1 stripe(s), 2 proactive flush(es), 1 terminate flush(es), 0 completion(s), 0 continuation(s) 
[1748.006s][info][gc,marking  ] GC(225) y: Mark Stack Usage: 32M
[1748.006s][info][gc,nmethod  ] GC(225) y: NMethods: 7127 registered, 895 unregistered
[1748.007s][info][gc,metaspace] GC(225) y: Metaspace: 132M used, 133M committed, 1152M reserved
[1748.007s][info][gc,reloc    ] GC(225) y:                        Candidates     Selected     In-Place         Size        Empty    Relocated 
[1748.007s][info][gc,reloc    ] GC(225) y: Small Pages:                 3495         2406            0        6990M        2056M          88M 
[1748.007s][info][gc,reloc    ] GC(225) y: Medium Pages:                   0            0            0           0M           0M           0M 
[1748.007s][info][gc,reloc    ] GC(225) y: Large Pages:                    0            0            0           0M           0M           0M 
[1748.007s][info][gc,reloc    ] GC(225) y: Forwarding Usage: 31M
[1748.007s][info][gc,reloc    ] GC(225) y: Age Table:
[1748.007s][info][gc,reloc    ] GC(225) y:                    Live             Garbage             Small              Medium             Large        
[1748.007s][info][gc,reloc    ] GC(225) y: Eden              85M (1%)         6738M (82%)       3412 / 2338           0 / 0              0 / 0        
[1748.007s][info][gc,reloc    ] GC(225) y: Survivor 1        19M (0%)          100M (1%)          60 / 50             0 / 0              0 / 0        
[1748.007s][info][gc,reloc    ] GC(225) y: Survivor 2         0M (0%)           23M (0%)          12 / 10             0 / 0              0 / 0        
[1748.007s][info][gc,reloc    ] GC(225) y: Survivor 3         0M (0%)           17M (0%)           9 / 6              0 / 0              0 / 0        
[1748.007s][info][gc,reloc    ] GC(225) y: Survivor 4         0M (0%)            3M (0%)           2 / 2              0 / 0              0 / 0        
[1748.007s][info][gc,heap     ] GC(225) y: Min Capacity: 8192M(100%)
[1748.007s][info][gc,heap     ] GC(225) y: Max Capacity: 8192M(100%)
[1748.007s][info][gc,heap     ] GC(225) y: Soft Max Capacity: 8192M(100%)
[1748.007s][info][gc,heap     ] GC(225) y: Heap Statistics:
[1748.007s][info][gc,heap     ] GC(225) y:                Mark Start          Mark End        Relocate Start      Relocate End           High               Low         
[1748.007s][info][gc,heap     ] GC(225) y:  Capacity:     8192M (100%)       8192M (100%)       8192M (100%)       8192M (100%)       8192M (100%)       8192M (100%)   
[1748.007s][info][gc,heap     ] GC(225) y:      Free:      644M (8%)          534M (7%)         2586M (32%)        7360M (90%)        7360M (90%)         534M (7%)     
[1748.007s][info][gc,heap     ] GC(225) y:      Used:     7548M (92%)        7658M (93%)        5606M (68%)         832M (10%)        7658M (93%)         832M (10%)    
[1748.007s][info][gc,heap     ] GC(225) y: Young Generation Statistics:
[1748.007s][info][gc,heap     ] GC(225) y:                Mark Start          Mark End        Relocate Start      Relocate End    
[1748.007s][info][gc,heap     ] GC(225) y:      Used:     6990M (85%)        7100M (87%)        5048M (62%)         274M (3%)     
[1748.007s][info][gc,heap     ] GC(225) y:      Live:         -               105M (1%)          105M (1%)          105M (1%)     
[1748.007s][info][gc,heap     ] GC(225) y:   Garbage:         -              6884M (84%)        4828M (59%)           1M (0%)     
[1748.007s][info][gc,heap     ] GC(225) y: Allocated:         -               110M (1%)          114M (1%)          166M (2%)     
[1748.007s][info][gc,heap     ] GC(225) y: Reclaimed:         -                  -              2056M (25%)        6882M (84%)    
[1748.007s][info][gc,heap     ] GC(225) y:  Promoted:         -                  -                 0M (0%)            0M (0%)     
[1748.007s][info][gc,heap     ] GC(225) y: Compacted:         -                  -                  -               103M (1%)     
[1748.007s][info][gc,phases   ] GC(225) y: Young Generation 7548M(92%)->832M(10%) 0.212s
[1748.007s][info][gc          ] GC(225) Minor Collection (Allocation Rate) 7548M(92%)->832M(10%) 0.213s
[1756.712s][info][gc          ] GC(226) Minor Collection (Allocation Rate)
[1756.712s][info][gc,task     ] GC(226) Using 1 Workers for Young Generation
[1756.712s][info][gc,phases   ] GC(226) y: Young Generation
[1756.712s][info][gc,phases   ] GC(226) y: Pause Mark Start 0.013ms
[1756.842s][info][gc,phases   ] GC(226) y: Concurrent Mark 129.488ms
[1756.842s][info][gc,phases   ] GC(226) y: Pause Mark End 0.009ms
[1756.842s][info][gc,phases   ] GC(226) y: Concurrent Mark Free 0.000ms
[1756.842s][info][gc,phases   ] GC(226) y: Concurrent Reset Relocation Set 0.219ms
[1756.845s][info][gc,reloc    ] GC(226) y: Using tenuring threshold: 6 (Computed)
[1756.849s][info][gc,phases   ] GC(226) y: Concurrent Select Relocation Set 6.298ms
[1756.849s][info][gc,phases   ] GC(226) y: Pause Relocate Start 0.010ms
[1756.936s][info][gc,phases   ] GC(226) y: Concurrent Relocate 87.240ms
[1756.936s][info][gc,alloc    ] GC(226) y:                         Mark Start        Mark End      Relocate Start    Relocate End   
[1756.936s][info][gc,alloc    ] GC(226) y: Allocation Stalls:          0                0                0                0         
[1756.936s][info][gc,load     ] GC(226) y: Load: 0.00 (0%) / 0.00 (0%) / 0.00 (0%)
[1756.936s][info][gc,mmu      ] GC(226) y: MMU: 2ms/76.4%, 5ms/90.6%, 10ms/95.3%, 20ms/97.6%, 50ms/99.1%, 100ms/99.5%
[1756.936s][info][gc,marking  ] GC(226) y: Mark: 1 stripe(s), 2 proactive flush(es), 1 terminate flush(es), 0 completion(s), 0 continuation(s) 
[1756.936s][info][gc,marking  ] GC(226) y: Mark Stack Usage: 32M
[1756.936s][info][gc,nmethod  ] GC(226) y: NMethods: 7132 registered, 895 unregistered
[1756.936s][info][gc,metaspace] GC(226) y: Metaspace: 132M used, 133M committed, 1152M reserved
[1756.936s][info][gc,reloc    ] GC(226) y:                        Candidates     Selected     In-Place         Size        Empty    Relocated 
[1756.936s][info][gc,reloc    ] GC(226) y: Small Pages:                 3471         2368            0        6942M        2084M          87M 
[1756.936s][info][gc,reloc    ] GC(226) y: Medium Pages:                   0            0            0           0M           0M           0M 
[1756.936s][info][gc,reloc    ] GC(226) y: Large Pages:                    0            0            0           0M           0M           0M 
[1756.936s][info][gc,reloc    ] GC(226) y: Forwarding Usage: 31M
[1756.936s][info][gc,reloc    ] GC(226) y: Age Table:
[1756.936s][info][gc,reloc    ] GC(226) y:                    Live             Garbage             Small              Medium             Large        
[1756.936s][info][gc,reloc    ] GC(226) y: Eden              88M (1%)         6721M (82%)       3405 / 2314           0 / 0              0 / 0        
[1756.936s][info][gc,reloc    ] GC(226) y: Survivor 1        16M (0%)           77M (1%)          47 / 36             0 / 0              0 / 0        
[1756.936s][info][gc,reloc    ] GC(226) y: Survivor 2         0M (0%)           27M (0%)          14 / 14             0 / 0              0 / 0        
[1756.936s][info][gc,reloc    ] GC(226) y: Survivor 3         0M (0%)            3M (0%)           2 / 1              0 / 0              0 / 0        
[1756.936s][info][gc,reloc    ] GC(226) y: Survivor 4         0M (0%)            3M (0%)           2 / 2              0 / 0              0 / 0        
[1756.936s][info][gc,reloc    ] GC(226) y: Survivor 5         0M (0%)            1M (0%)           1 / 1              0 / 0              0 / 0        
[1756.936s][info][gc,heap     ] GC(226) y: Min Capacity: 8192M(100%)
[1756.936s][info][gc,heap     ] GC(226) y: Max Capacity: 8192M(100%)
[1756.936s][info][gc,heap     ] GC(226) y: Soft Max Capacity: 8192M(100%)
[1756.936s][info][gc,heap     ] GC(226) y: Heap Statistics:
[1756.936s][info][gc,heap     ] GC(226) y:                Mark Start          Mark End        Relocate Start      Relocate End           High               Low         
[1756.936s][info][gc,heap     ] GC(226) y:  Capacity:     8192M (100%)       8192M (100%)       8192M (100%)       8192M (100%)       8192M (100%)       8192M (100%)   
[1756.936s][info][gc,heap     ] GC(226) y:      Free:      692M (8%)          574M (7%)         2650M (32%)        7314M (89%)        7314M (89%)         574M (7%)     
[1756.936s][info][gc,heap     ] GC(226) y:      Used:     7500M (92%)        7618M (93%)        5542M (68%)         878M (11%)        7618M (93%)         878M (11%)    
[1756.936s][info][gc,heap     ] GC(226) y: Young Generation Statistics:
[1756.936s][info][gc,heap     ] GC(226) y:                Mark Start          Mark End        Relocate Start      Relocate End    
[1756.936s][info][gc,heap     ] GC(226) y:      Used:     6942M (85%)        7060M (86%)        4984M (61%)         320M (4%)     
[1756.936s][info][gc,heap     ] GC(226) y:      Live:         -               106M (1%)          106M (1%)          106M (1%)     
[1756.936s][info][gc,heap     ] GC(226) y:   Garbage:         -              6835M (83%)        4751M (58%)           0M (0%)     
[1756.936s][info][gc,heap     ] GC(226) y: Allocated:         -               118M (1%)          126M (2%)          213M (3%)     
[1756.936s][info][gc,heap     ] GC(226) y: Reclaimed:         -                  -              2084M (25%)        6835M (83%)    
[1756.936s][info][gc,heap     ] GC(226) y:  Promoted:         -                  -                 0M (0%)            0M (0%)     
[1756.936s][info][gc,heap     ] GC(226) y: Compacted:         -                  -                  -               104M (1%)     
[1756.936s][info][gc,phases   ] GC(226) y: Young Generation 7500M(92%)->878M(11%) 0.224s
[1756.936s][info][gc          ] GC(226) Minor Collection (Allocation Rate) 7500M(92%)->878M(11%) 0.224s
[1767.493s][info][gc          ] GC(227) Minor Collection (Allocation Rate)
[1767.493s][info][gc,task     ] GC(227) Using 1 Workers for Young Generation
[1767.493s][info][gc,phases   ] GC(227) y: Young Generation
[1767.494s][info][gc,phases   ] GC(227) y: Pause Mark Start 0.017ms
[1767.623s][info][gc,phases   ] GC(227) y: Concurrent Mark 129.438ms
[1767.623s][info][gc,phases   ] GC(227) y: Pause Mark End 0.009ms
[1767.623s][info][gc,phases   ] GC(227) y: Concurrent Mark Free 0.000ms
[1767.623s][info][gc,phases   ] GC(227) y: Concurrent Reset Relocation Set 0.185ms
[1767.626s][info][gc,reloc    ] GC(227) y: Using tenuring threshold: 7 (Computed)
[1767.629s][info][gc,phases   ] GC(227) y: Concurrent Select Relocation Set 5.562ms
[1767.629s][info][gc,phases   ] GC(227) y: Pause Relocate Start 0.010ms
[1767.705s][info][gc,phases   ] GC(227) y: Concurrent Relocate 75.534ms
[1767.705s][info][gc,alloc    ] GC(227) y:                         Mark Start        Mark End      Relocate Start    Relocate End   
[1767.705s][info][gc,alloc    ] GC(227) y: Allocation Stalls:          0                0                0                0         
[1767.705s][info][gc,load     ] GC(227) y: Load: 0.00 (0%) / 0.00 (0%) / 0.00 (0%)
[1767.705s][info][gc,mmu      ] GC(227) y: MMU: 2ms/76.4%, 5ms/90.6%, 10ms/95.3%, 20ms/97.6%, 50ms/99.1%, 100ms/99.5%
[1767.705s][info][gc,marking  ] GC(227) y: Mark: 1 stripe(s), 2 proactive flush(es), 1 terminate flush(es), 0 completion(s), 0 continuation(s) 
[1767.705s][info][gc,marking  ] GC(227) y: Mark Stack Usage: 32M
[1767.705s][info][gc,nmethod  ] GC(227) y: NMethods: 7136 registered, 895 unregistered
[1767.705s][info][gc,metaspace] GC(227) y: Metaspace: 132M used, 133M committed, 1152M reserved
[1767.705s][info][gc,reloc    ] GC(227) y:                        Candidates     Selected     In-Place         Size        Empty    Relocated 
[1767.705s][info][gc,reloc    ] GC(227) y: Small Pages:                 3545         2485            0        7090M        2002M          84M 
[1767.705s][info][gc,reloc    ] GC(227) y: Medium Pages:                   0            0            0           0M           0M           0M 
[1767.705s][info][gc,reloc    ] GC(227) y: Large Pages:                    0            0            0           0M           0M           0M 
[1767.705s][info][gc,reloc    ] GC(227) y: Forwarding Usage: 29M
[1767.705s][info][gc,reloc    ] GC(227) y: Age Table:
[1767.705s][info][gc,reloc    ] GC(227) y:                    Live             Garbage             Small              Medium             Large        
[1767.705s][info][gc,reloc    ] GC(227) y: Eden              84M (1%)         6865M (84%)       3475 / 2430           0 / 0              0 / 0        
[1767.705s][info][gc,reloc    ] GC(227) y: Survivor 1        16M (0%)           79M (1%)          48 / 38             0 / 0              0 / 0        
[1767.705s][info][gc,reloc    ] GC(227) y: Survivor 2         0M (0%)           25M (0%)          13 / 12             0 / 0              0 / 0        
[1767.705s][info][gc,reloc    ] GC(227) y: Survivor 3         0M (0%)            9M (0%)           5 / 2              0 / 0              0 / 0        
[1767.705s][info][gc,reloc    ] GC(227) y: Survivor 4         0M (0%)            3M (0%)           2 / 1              0 / 0              0 / 0        
[1767.705s][info][gc,reloc    ] GC(227) y: Survivor 5         0M (0%)            1M (0%)           1 / 1              0 / 0              0 / 0        
[1767.705s][info][gc,reloc    ] GC(227) y: Survivor 6         0M (0%)            1M (0%)           1 / 1              0 / 0              0 / 0        
[1767.705s][info][gc,heap     ] GC(227) y: Min Capacity: 8192M(100%)
[1767.705s][info][gc,heap     ] GC(227) y: Max Capacity: 8192M(100%)
[1767.705s][info][gc,heap     ] GC(227) y: Soft Max Capacity: 8192M(100%)
[1767.705s][info][gc,heap     ] GC(227) y: Heap Statistics:
[1767.705s][info][gc,heap     ] GC(227) y:                Mark Start          Mark End        Relocate Start      Relocate End           High               Low         
[1767.705s][info][gc,heap     ] GC(227) y:  Capacity:     8192M (100%)       8192M (100%)       8192M (100%)       8192M (100%)       8192M (100%)       8192M (100%)   
[1767.705s][info][gc,heap     ] GC(227) y:      Free:      544M (7%)          416M (5%)         2414M (29%)        7312M (89%)        7312M (89%)         416M (5%)     
[1767.705s][info][gc,heap     ] GC(227) y:      Used:     7648M (93%)        7776M (95%)        5778M (71%)         880M (11%)        7776M (95%)         880M (11%)    
[1767.705s][info][gc,heap     ] GC(227) y: Young Generation Statistics:
[1767.705s][info][gc,heap     ] GC(227) y:                Mark Start          Mark End        Relocate Start      Relocate End    
[1767.705s][info][gc,heap     ] GC(227) y:      Used:     7090M (87%)        7218M (88%)        5220M (64%)         322M (4%)     
[1767.705s][info][gc,heap     ] GC(227) y:      Live:         -               101M (1%)          101M (1%)          101M (1%)     
[1767.705s][info][gc,heap     ] GC(227) y:   Garbage:         -              6988M (85%)        4986M (61%)           2M (0%)     
[1767.705s][info][gc,heap     ] GC(227) y: Allocated:         -               128M (2%)          132M (2%)          218M (3%)     
[1767.705s][info][gc,heap     ] GC(227) y: Reclaimed:         -                  -              2002M (24%)        6986M (85%)    
[1767.705s][info][gc,heap     ] GC(227) y:  Promoted:         -                  -                 0M (0%)            0M (0%)     
[1767.705s][info][gc,heap     ] GC(227) y: Compacted:         -                  -                  -                97M (1%)     
[1767.705s][info][gc,phases   ] GC(227) y: Young Generation 7648M(93%)->880M(11%) 0.211s
[1767.705s][info][gc          ] GC(227) Minor Collection (Allocation Rate) 7648M(93%)->880M(11%) 0.212s
[1776.344s][info][gc          ] GC(228) Minor Collection (Allocation Rate)
[1776.344s][info][gc,task     ] GC(228) Using 1 Workers for Young Generation
[1776.344s][info][gc,phases   ] GC(228) y: Young Generation
[1776.344s][info][gc,phases   ] GC(228) y: Pause Mark Start 0.012ms
[1776.474s][info][gc,phases   ] GC(228) y: Concurrent Mark 130.156ms
[1776.474s][info][gc,phases   ] GC(228) y: Pause Mark End 0.009ms
[1776.474s][info][gc,phases   ] GC(228) y: Concurrent Mark Free 0.000ms
[1776.474s][info][gc,phases   ] GC(228) y: Concurrent Reset Relocation Set 0.207ms
[1776.477s][info][gc,reloc    ] GC(228) y: Using tenuring threshold: 7 (Computed)
[1776.493s][info][gc,phases   ] GC(228) y: Concurrent Select Relocation Set 18.944ms
[1776.494s][info][gc,phases   ] GC(228) y: Pause Relocate Start 0.016ms
[1776.574s][info][gc,phases   ] GC(228) y: Concurrent Relocate 80.477ms
[1776.574s][info][gc,alloc    ] GC(228) y:                         Mark Start        Mark End      Relocate Start    Relocate End   
[1776.574s][info][gc,alloc    ] GC(228) y: Allocation Stalls:          0                0                0                0         
[1776.574s][info][gc,load     ] GC(228) y: Load: 0.00 (0%) / 0.00 (0%) / 0.00 (0%)
[1776.574s][info][gc,mmu      ] GC(228) y: MMU: 2ms/76.4%, 5ms/90.6%, 10ms/95.3%, 20ms/97.6%, 50ms/99.1%, 100ms/99.5%
[1776.574s][info][gc,marking  ] GC(228) y: Mark: 1 stripe(s), 2 proactive flush(es), 1 terminate flush(es), 0 completion(s), 0 continuation(s) 
[1776.574s][info][gc,marking  ] GC(228) y: Mark Stack Usage: 32M
[1776.574s][info][gc,nmethod  ] GC(228) y: NMethods: 7138 registered, 895 unregistered
[1776.574s][info][gc,metaspace] GC(228) y: Metaspace: 132M used, 133M committed, 1152M reserved
[1776.574s][info][gc,reloc    ] GC(228) y:                        Candidates     Selected     In-Place         Size        Empty    Relocated 
[1776.574s][info][gc,reloc    ] GC(228) y: Small Pages:                 3532         2469            0        7064M        2004M          86M 
[1776.574s][info][gc,reloc    ] GC(228) y: Medium Pages:                   0            0            0           0M           0M           0M 
[1776.574s][info][gc,reloc    ] GC(228) y: Large Pages:                    0            0            0           0M           0M           0M 
[1776.574s][info][gc,reloc    ] GC(228) y: Forwarding Usage: 30M
[1776.574s][info][gc,reloc    ] GC(228) y: Age Table:
[1776.574s][info][gc,reloc    ] GC(228) y:                    Live             Garbage             Small              Medium             Large        
[1776.574s][info][gc,reloc    ] GC(228) y: Eden              87M (1%)         6822M (83%)       3455 / 2405           0 / 0              0 / 0        
[1776.574s][info][gc,reloc    ] GC(228) y: Survivor 1        17M (0%)           76M (1%)          47 / 39             0 / 0              0 / 0        
[1776.574s][info][gc,reloc    ] GC(228) y: Survivor 2         0M (0%)           33M (0%)          17 / 16             0 / 0              0 / 0        
[1776.574s][info][gc,reloc    ] GC(228) y: Survivor 3         0M (0%)            9M (0%)           5 / 2              0 / 0              0 / 0        
[1776.574s][info][gc,reloc    ] GC(228) y: Survivor 4         0M (0%)            3M (0%)           2 / 1              0 / 0              0 / 0        
[1776.574s][info][gc,reloc    ] GC(228) y: Survivor 5         0M (0%)            1M (0%)           1 / 1              0 / 0              0 / 0        
[1776.574s][info][gc,reloc    ] GC(228) y: Survivor 6         0M (0%)            3M (0%)           2 / 2              0 / 0              0 / 0        
[1776.574s][info][gc,reloc    ] GC(228) y: Survivor 7         0M (0%)            5M (0%)           3 / 3              0 / 0              0 / 0        
[1776.574s][info][gc,heap     ] GC(228) y: Min Capacity: 8192M(100%)
[1776.574s][info][gc,heap     ] GC(228) y: Max Capacity: 8192M(100%)
[1776.574s][info][gc,heap     ] GC(228) y: Soft Max Capacity: 8192M(100%)
[1776.574s][info][gc,heap     ] GC(228) y: Heap Statistics:
[1776.574s][info][gc,heap     ] GC(228) y:                Mark Start          Mark End        Relocate Start      Relocate End           High               Low         
[1776.574s][info][gc,heap     ] GC(228) y:  Capacity:     8192M (100%)       8192M (100%)       8192M (100%)       8192M (100%)       8192M (100%)       8192M (100%)   
[1776.574s][info][gc,heap     ] GC(228) y:      Free:      570M (7%)          448M (5%)         2438M (30%)        7280M (89%)        7282M (89%)         446M (5%)     
[1776.574s][info][gc,heap     ] GC(228) y:      Used:     7622M (93%)        7744M (95%)        5754M (70%)         912M (11%)        7746M (95%)         910M (11%)    
[1776.574s][info][gc,heap     ] GC(228) y: Young Generation Statistics:
[1776.574s][info][gc,heap     ] GC(228) y:                Mark Start          Mark End        Relocate Start      Relocate End    
[1776.574s][info][gc,heap     ] GC(228) y:      Used:     7064M (86%)        7186M (88%)        5196M (63%)         352M (4%)     
[1776.574s][info][gc,heap     ] GC(228) y:      Live:         -               105M (1%)          105M (1%)          105M (1%)     
[1776.575s][info][gc,heap     ] GC(228) y:   Garbage:         -              6958M (85%)        4954M (60%)           2M (0%)     
[1776.575s][info][gc,heap     ] GC(228) y: Allocated:         -               122M (1%)          136M (2%)          244M (3%)     
[1776.575s][info][gc,heap     ] GC(228) y: Reclaimed:         -                  -              2004M (24%)        6956M (85%)    
[1776.575s][info][gc,heap     ] GC(228) y:  Promoted:         -                  -                 0M (0%)            0M (0%)     
[1776.575s][info][gc,heap     ] GC(228) y: Compacted:         -                  -                  -               101M (1%)     
[1776.575s][info][gc,phases   ] GC(228) y: Young Generation 7622M(93%)->912M(11%) 0.230s
[1776.575s][info][gc          ] GC(228) Minor Collection (Allocation Rate) 7622M(93%)->912M(11%) 0.231s
[1786.941s][info][gc          ] GC(229) Minor Collection (Allocation Rate)
[1786.941s][info][gc,task     ] GC(229) Using 1 Workers for Young Generation
[1786.941s][info][gc,phases   ] GC(229) y: Young Generation
[1786.941s][info][gc,phases   ] GC(229) y: Pause Mark Start 0.014ms
[1787.071s][info][gc,phases   ] GC(229) y: Concurrent Mark 130.445ms
[1787.071s][info][gc,phases   ] GC(229) y: Pause Mark End 0.009ms
[1787.071s][info][gc,phases   ] GC(229) y: Concurrent Mark Free 0.000ms
[1787.072s][info][gc,phases   ] GC(229) y: Concurrent Reset Relocation Set 0.185ms
[1787.074s][info][gc,reloc    ] GC(229) y: Using tenuring threshold: 8 (Computed)
[1787.089s][info][gc,phases   ] GC(229) y: Concurrent Select Relocation Set 17.299ms
[1787.089s][info][gc,phases   ] GC(229) y: Pause Relocate Start 0.012ms
[1787.163s][info][gc,phases   ] GC(229) y: Concurrent Relocate 73.536ms
[1787.163s][info][gc,alloc    ] GC(229) y:                         Mark Start        Mark End      Relocate Start    Relocate End   
[1787.163s][info][gc,alloc    ] GC(229) y: Allocation Stalls:          0                0                0                0         
[1787.163s][info][gc,load     ] GC(229) y: Load: 0.00 (0%) / 0.00 (0%) / 0.00 (0%)
[1787.163s][info][gc,mmu      ] GC(229) y: MMU: 2ms/76.4%, 5ms/90.6%, 10ms/95.3%, 20ms/97.6%, 50ms/99.1%, 100ms/99.5%
[1787.163s][info][gc,marking  ] GC(229) y: Mark: 1 stripe(s), 2 proactive flush(es), 1 terminate flush(es), 0 completion(s), 0 continuation(s) 
[1787.163s][info][gc,marking  ] GC(229) y: Mark Stack Usage: 32M
[1787.163s][info][gc,nmethod  ] GC(229) y: NMethods: 7151 registered, 895 unregistered
[1787.163s][info][gc,metaspace] GC(229) y: Metaspace: 132M used, 133M committed, 1152M reserved
[1787.163s][info][gc,reloc    ] GC(229) y:                        Candidates     Selected     In-Place         Size        Empty    Relocated 
[1787.163s][info][gc,reloc    ] GC(229) y: Small Pages:                 3575         2605            0        7150M        1818M          86M 
[1787.163s][info][gc,reloc    ] GC(229) y: Medium Pages:                   0            0            0           0M           0M           0M 
[1787.163s][info][gc,reloc    ] GC(229) y: Large Pages:                    0            0            0           0M           0M           0M 
[1787.163s][info][gc,reloc    ] GC(229) y: Forwarding Usage: 31M
[1787.163s][info][gc,reloc    ] GC(229) y: Age Table:
[1787.163s][info][gc,reloc    ] GC(229) y:                    Live             Garbage             Small              Medium             Large        
[1787.163s][info][gc,reloc    ] GC(229) y: Eden              88M (1%)         6909M (84%)       3499 / 2543           0 / 0              0 / 0        
[1787.163s][info][gc,reloc    ] GC(229) y: Survivor 1        16M (0%)           79M (1%)          48 / 39             0 / 0              0 / 0        
[1787.163s][info][gc,reloc    ] GC(229) y: Survivor 2         0M (0%)           29M (0%)          15 / 13             0 / 0              0 / 0        
[1787.163s][info][gc,reloc    ] GC(229) y: Survivor 3         0M (0%)           11M (0%)           6 / 4              0 / 0              0 / 0        
[1787.163s][info][gc,reloc    ] GC(229) y: Survivor 4         0M (0%)            5M (0%)           3 / 2              0 / 0              0 / 0        
[1787.163s][info][gc,reloc    ] GC(229) y: Survivor 5         0M (0%)            3M (0%)           2 / 2              0 / 0              0 / 0        
[1787.163s][info][gc,reloc    ] GC(229) y: Survivor 6         0M (0%)            1M (0%)           1 / 1              0 / 0              0 / 0        
[1787.163s][info][gc,reloc    ] GC(229) y: Survivor 7         0M (0%)            1M (0%)           1 / 1              0 / 0              0 / 0        
[1787.163s][info][gc,heap     ] GC(229) y: Min Capacity: 8192M(100%)
[1787.163s][info][gc,heap     ] GC(229) y: Max Capacity: 8192M(100%)
[1787.163s][info][gc,heap     ] GC(229) y: Soft Max Capacity: 8192M(100%)
[1787.163s][info][gc,heap     ] GC(229) y: Heap Statistics:
[1787.163s][info][gc,heap     ] GC(229) y:                Mark Start          Mark End        Relocate Start      Relocate End           High               Low         
[1787.163s][info][gc,heap     ] GC(229) y:  Capacity:     8192M (100%)       8192M (100%)       8192M (100%)       8192M (100%)       8192M (100%)       8192M (100%)   
[1787.163s][info][gc,heap     ] GC(229) y:      Free:      482M (6%)          346M (4%)         2156M (26%)        7296M (89%)        7296M (89%)         346M (4%)     
[1787.163s][info][gc,heap     ] GC(229) y:      Used:     7710M (94%)        7846M (96%)        6036M (74%)         896M (11%)        7846M (96%)         896M (11%)    
[1787.163s][info][gc,heap     ] GC(229) y: Young Generation Statistics:
[1787.163s][info][gc,heap     ] GC(229) y:                Mark Start          Mark End        Relocate Start      Relocate End    
[1787.163s][info][gc,heap     ] GC(229) y:      Used:     7150M (87%)        7286M (89%)        5476M (67%)         336M (4%)     
[1787.163s][info][gc,heap     ] GC(229) y:      Live:         -               106M (1%)          106M (1%)          106M (1%)     
[1787.163s][info][gc,heap     ] GC(229) y:   Garbage:         -              7043M (86%)        5225M (64%)           1M (0%)     
[1787.163s][info][gc,heap     ] GC(229) y: Allocated:         -               136M (2%)          144M (2%)          228M (3%)     
[1787.163s][info][gc,heap     ] GC(229) y: Reclaimed:         -                  -              1818M (22%)        7042M (86%)    
[1787.163s][info][gc,heap     ] GC(229) y:  Promoted:         -                  -                 0M (0%)            0M (0%)     
[1787.163s][info][gc,heap     ] GC(229) y: Compacted:         -                  -                  -               103M (1%)     
[1787.163s][info][gc,phases   ] GC(229) y: Young Generation 7710M(94%)->896M(11%) 0.222s
[1787.163s][info][gc          ] GC(229) Minor Collection (Allocation Rate) 7710M(94%)->896M(11%) 0.223s
[1789.560s][info][gc          ] GC(230) Major Collection (Proactive)
[1789.560s][info][gc,task     ] GC(230) Using 1 Workers for Young Generation
[1789.560s][info][gc,task     ] GC(230) Using 1 Workers for Old Generation
[1789.560s][info][gc,phases   ] GC(230) Y: Young Generation
[1789.560s][info][gc,phases   ] GC(230) Y: Pause Mark Start (Major) 0.015ms
[1789.721s][info][gc,phases   ] GC(230) Y: Concurrent Mark 161.279ms
[1789.721s][info][gc,phases   ] GC(230) Y: Pause Mark End 0.009ms
[1789.721s][info][gc,phases   ] GC(230) Y: Concurrent Mark Free 0.000ms
[1789.721s][info][gc,phases   ] GC(230) Y: Concurrent Reset Relocation Set 0.206ms
[1789.724s][info][gc,reloc    ] GC(230) Y: Using tenuring threshold: 6 (Computed)
[1789.727s][info][gc,phases   ] GC(230) Y: Concurrent Select Relocation Set 5.169ms
[1789.727s][info][gc,phases   ] GC(230) Y: Pause Relocate Start 0.007ms
[1789.761s][info][gc,phases   ] GC(230) Y: Concurrent Relocate 34.087ms
[1789.761s][info][gc,alloc    ] GC(230) Y:                         Mark Start        Mark End      Relocate Start    Relocate End   
[1789.761s][info][gc,alloc    ] GC(230) Y: Allocation Stalls:          0                0                0                0         
[1789.761s][info][gc,load     ] GC(230) Y: Load: 0.00 (0%) / 0.00 (0%) / 0.00 (0%)
[1789.761s][info][gc,mmu      ] GC(230) Y: MMU: 2ms/76.4%, 5ms/90.6%, 10ms/95.3%, 20ms/97.6%, 50ms/99.1%, 100ms/99.5%
[1789.761s][info][gc,marking  ] GC(230) Y: Mark: 1 stripe(s), 2 proactive flush(es), 1 terminate flush(es), 0 completion(s), 0 continuation(s) 
[1789.761s][info][gc,marking  ] GC(230) Y: Mark Stack Usage: 32M
[1789.761s][info][gc,nmethod  ] GC(230) Y: NMethods: 7156 registered, 895 unregistered
[1789.761s][info][gc,metaspace] GC(230) Y: Metaspace: 132M used, 133M committed, 1152M reserved
[1789.761s][info][gc,reloc    ] GC(230) Y:                        Candidates     Selected     In-Place         Size        Empty    Relocated 
[1789.761s][info][gc,reloc    ] GC(230) Y: Small Pages:                  924          745            0        1848M         230M          37M 
[1789.761s][info][gc,reloc    ] GC(230) Y: Medium Pages:                   0            0            0           0M           0M           0M 
[1789.761s][info][gc,reloc    ] GC(230) Y: Large Pages:                    0            0            0           0M           0M           0M 
[1789.761s][info][gc,reloc    ] GC(230) Y: Forwarding Usage: 14M
[1789.761s][info][gc,reloc    ] GC(230) Y: Age Table:
[1789.761s][info][gc,reloc    ] GC(230) Y:                    Live             Garbage             Small              Medium             Large        
[1789.761s][info][gc,reloc    ] GC(230) Y: Eden              32M (0%)         1673M (20%)        853 / 721            0 / 0              0 / 0        
[1789.761s][info][gc,reloc    ] GC(230) Y: Survivor 1        64M (1%)           31M (0%)          48 / 11             0 / 0              0 / 0        
[1789.761s][info][gc,reloc    ] GC(230) Y: Survivor 2        10M (0%)           13M (0%)          12 / 5              0 / 0              0 / 0        
[1789.761s][info][gc,reloc    ] GC(230) Y: Survivor 3         0M (0%)            3M (0%)           2 / 1              0 / 0              0 / 0        
[1789.761s][info][gc,reloc    ] GC(230) Y: Survivor 4         0M (0%)            3M (0%)           2 / 2              0 / 0              0 / 0        
[1789.761s][info][gc,reloc    ] GC(230) Y: Survivor 5         0M (0%)            3M (0%)           2 / 1              0 / 0              0 / 0        
[1789.761s][info][gc,reloc    ] GC(230) Y: Survivor 6         0M (0%)            3M (0%)           2 / 1              0 / 0              0 / 0        
[1789.761s][info][gc,reloc    ] GC(230) Y: Survivor 7         0M (0%)            1M (0%)           1 / 1              0 / 0              0 / 0        
[1789.761s][info][gc,reloc    ] GC(230) Y: Survivor 8         0M (0%)            3M (0%)           2 / 2              0 / 0              0 / 0        
[1789.761s][info][gc,heap     ] GC(230) Y: Min Capacity: 8192M(100%)
[1789.761s][info][gc,heap     ] GC(230) Y: Max Capacity: 8192M(100%)
[1789.761s][info][gc,heap     ] GC(230) Y: Soft Max Capacity: 8192M(100%)
[1789.761s][info][gc,heap     ] GC(230) Y: Heap Statistics:
[1789.761s][info][gc,heap     ] GC(230) Y:                Mark Start          Mark End        Relocate Start      Relocate End           High               Low         
[1789.761s][info][gc,heap     ] GC(230) Y:  Capacity:     8192M (100%)       8192M (100%)       8192M (100%)       8192M (100%)       8192M (100%)       8192M (100%)   
[1789.761s][info][gc,heap     ] GC(230) Y:      Free:     5784M (71%)        5648M (69%)        5874M (72%)        7304M (89%)        7304M (89%)        5646M (69%)    
[1789.761s][info][gc,heap     ] GC(230) Y:      Used:     2408M (29%)        2544M (31%)        2318M (28%)         888M (11%)        2546M (31%)         888M (11%)    
[1789.761s][info][gc,heap     ] GC(230) Y: Young Generation Statistics:
[1789.761s][info][gc,heap     ] GC(230) Y:                Mark Start          Mark End        Relocate Start      Relocate End    
[1789.761s][info][gc,heap     ] GC(230) Y:      Used:     1848M (23%)        1984M (24%)        1758M (21%)         324M (4%)     
[1789.761s][info][gc,heap     ] GC(230) Y:      Live:         -               107M (1%)          107M (1%)          107M (1%)     
[1789.761s][info][gc,heap     ] GC(230) Y:   Garbage:         -              1740M (21%)        1510M (18%)          13M (0%)     
[1789.761s][info][gc,heap     ] GC(230) Y: Allocated:         -               136M (2%)          140M (2%)          202M (2%)     
[1789.761s][info][gc,heap     ] GC(230) Y: Reclaimed:         -                  -               230M (3%)         1726M (21%)    
[1789.761s][info][gc,heap     ] GC(230) Y:  Promoted:         -                  -                 0M (0%)            0M (0%)     
[1789.761s][info][gc,heap     ] GC(230) Y: Compacted:         -                  -                  -                47M (1%)     
[1789.761s][info][gc,phases   ] GC(230) Y: Young Generation 2408M(29%)->888M(11%) 0.201s
[1789.761s][info][gc,phases   ] GC(230) O: Old Generation
[1790.484s][info][gc,phases   ] GC(230) O: Concurrent Mark 722.794ms
[1790.484s][info][gc,phases   ] GC(230) O: Pause Mark End 0.011ms
[1790.484s][info][gc,phases   ] GC(230) O: Concurrent Mark Free 0.000ms
[1790.498s][info][gc,phases   ] GC(230) O: Concurrent Process Non-Strong 13.812ms
[1790.498s][info][gc,phases   ] GC(230) O: Concurrent Reset Relocation Set 0.001ms
[1790.500s][info][gc,phases   ] GC(230) O: Concurrent Select Relocation Set 2.053ms
[1790.500s][info][gc,task     ] GC(230) O: Using 2 Workers for Old Generation
[1790.563s][info][gc,task     ] GC(230) O: Using 1 Workers for Old Generation
[1790.563s][info][gc,phases   ] GC(230) O: Concurrent Remap Roots 63.149ms
[1790.563s][info][gc,phases   ] GC(230) O: Pause Relocate Start 0.012ms
[1790.570s][info][gc,phases   ] GC(230) O: Concurrent Relocate 6.846ms
[1790.570s][info][gc,alloc    ] GC(230) O:                         Mark Start        Mark End      Relocate Start    Relocate End   
[1790.570s][info][gc,alloc    ] GC(230) O: Allocation Stalls:          0                0                0                0         
[1790.570s][info][gc,load     ] GC(230) O: Load: 0.00 (0%) / 0.00 (0%) / 0.00 (0%)
[1790.570s][info][gc,mmu      ] GC(230) O: MMU: 2ms/76.4%, 5ms/90.6%, 10ms/95.3%, 20ms/97.6%, 50ms/99.1%, 100ms/99.5%
[1790.570s][info][gc,marking  ] GC(230) O: Mark: 1 stripe(s), 2 proactive flush(es), 1 terminate flush(es), 0 completion(s), 0 continuation(s) 
[1790.570s][info][gc,marking  ] GC(230) O: Mark Stack Usage: 32M
[1790.570s][info][gc,nmethod  ] GC(230) O: NMethods: 7144 registered, 908 unregistered
[1790.570s][info][gc,metaspace] GC(230) O: Metaspace: 132M used, 133M committed, 1152M reserved
[1790.571s][info][gc,ref      ] GC(230) O:                       Encountered   Discovered     Enqueued 
[1790.571s][info][gc,ref      ] GC(230) O: Soft References:             6089            0            0 
[1790.571s][info][gc,ref      ] GC(230) O: Weak References:            23529        12616            1 
[1790.571s][info][gc,ref      ] GC(230) O: Final References:              34            0            0 
[1790.571s][info][gc,ref      ] GC(230) O: Phantom References:          1362         1110            0 
[1790.571s][info][gc,reloc    ] GC(230) O:                        Candidates     Selected     In-Place         Size        Empty    Relocated 
[1790.571s][info][gc,reloc    ] GC(230) O: Small Pages:                  248           10            0         496M           0M           2M 
[1790.571s][info][gc,reloc    ] GC(230) O: Medium Pages:                   2            0            0          64M           0M           0M 
[1790.571s][info][gc,reloc    ] GC(230) O: Large Pages:                    0            0            0           0M           0M           0M 
[1790.571s][info][gc,reloc    ] GC(230) O: Forwarding Usage: 1M
[1790.571s][info][gc,heap     ] GC(230) O: Min Capacity: 8192M(100%)
[1790.571s][info][gc,heap     ] GC(230) O: Max Capacity: 8192M(100%)
[1790.571s][info][gc,heap     ] GC(230) O: Soft Max Capacity: 8192M(100%)
[1790.571s][info][gc,heap     ] GC(230) O: Heap Statistics:
[1790.571s][info][gc,heap     ] GC(230) O:                Mark Start          Mark End        Relocate Start      Relocate End           High               Low         
[1790.571s][info][gc,heap     ] GC(230) O:  Capacity:     8192M (100%)       8192M (100%)       8192M (100%)       8192M (100%)       8192M (100%)       8192M (100%)   
[1790.571s][info][gc,heap     ] GC(230) O:      Free:     5784M (71%)        6762M (83%)        6720M (82%)        6726M (82%)        7304M (89%)        5646M (69%)    
[1790.571s][info][gc,heap     ] GC(230) O:      Used:     2408M (29%)        1430M (17%)        1472M (18%)        1466M (18%)        2546M (31%)         888M (11%)    
[1790.571s][info][gc,heap     ] GC(230) O: Old Generation Statistics:
[1790.571s][info][gc,heap     ] GC(230) O:                Mark Start          Mark End        Relocate Start      Relocate End    
[1790.571s][info][gc,heap     ] GC(230) O:      Used:      560M (7%)          564M (7%)          564M (7%)          554M (7%)     
[1790.571s][info][gc,heap     ] GC(230) O:      Live:         -               490M (6%)          490M (6%)          490M (6%)     
[1790.571s][info][gc,heap     ] GC(230) O:   Garbage:         -                69M (1%)           69M (1%)           49M (1%)     
[1790.571s][info][gc,heap     ] GC(230) O: Allocated:         -                 4M (0%)            4M (0%)           14M (0%)     
[1790.571s][info][gc,heap     ] GC(230) O: Reclaimed:         -                  -                 0M (0%)           20M (0%)     
[1790.571s][info][gc,heap     ] GC(230) O: Compacted:         -                  -                  -                 3M (0%)     
[1790.571s][info][gc,phases   ] GC(230) O: Old Generation 888M(11%)->1466M(18%) 0.809s
[1790.571s][info][gc          ] GC(230) Major Collection (Proactive) 2408M(29%)->1466M(18%) 1.011s
[1798.540s][info][gc          ] GC(231) Minor Collection (Allocation Rate)
[1798.540s][info][gc,task     ] GC(231) Using 1 Workers for Young Generation
[1798.540s][info][gc,phases   ] GC(231) y: Young Generation
[1798.540s][info][gc,phases   ] GC(231) y: Pause Mark Start 0.012ms
[1798.661s][info][gc,phases   ] GC(231) y: Concurrent Mark 120.555ms
[1798.661s][info][gc,phases   ] GC(231) y: Pause Mark End 0.008ms
[1798.661s][info][gc,phases   ] GC(231) y: Concurrent Mark Free 0.000ms
[1798.661s][info][gc,phases   ] GC(231) y: Concurrent Reset Relocation Set 0.058ms
[1798.663s][info][gc,reloc    ] GC(231) y: Using tenuring threshold: 7 (Computed)
[1798.671s][info][gc,phases   ] GC(231) y: Concurrent Select Relocation Set 10.467ms
[1798.672s][info][gc,phases   ] GC(231) y: Pause Relocate Start 0.009ms
[1798.739s][info][gc,phases   ] GC(231) y: Concurrent Relocate 67.520ms
[1798.739s][info][gc,alloc    ] GC(231) y:                         Mark Start        Mark End      Relocate Start    Relocate End   
[1798.739s][info][gc,alloc    ] GC(231) y: Allocation Stalls:          0                0                0                0         
[1798.739s][info][gc,load     ] GC(231) y: Load: 0.00 (0%) / 0.00 (0%) / 0.00 (0%)
[1798.739s][info][gc,mmu      ] GC(231) y: MMU: 2ms/76.4%, 5ms/90.6%, 10ms/95.3%, 20ms/97.6%, 50ms/99.1%, 100ms/99.5%
[1798.739s][info][gc,marking  ] GC(231) y: Mark: 1 stripe(s), 2 proactive flush(es), 1 terminate flush(es), 0 completion(s), 0 continuation(s) 
[1798.739s][info][gc,marking  ] GC(231) y: Mark Stack Usage: 32M
[1798.739s][info][gc,nmethod  ] GC(231) y: NMethods: 7150 registered, 908 unregistered
[1798.739s][info][gc,metaspace] GC(231) y: Metaspace: 132M used, 133M committed, 1152M reserved
[1798.739s][info][gc,reloc    ] GC(231) y:                        Candidates     Selected     In-Place         Size        Empty    Relocated 
[1798.739s][info][gc,reloc    ] GC(231) y: Small Pages:                 3554         2576            0        7108M        1838M          83M 
[1798.739s][info][gc,reloc    ] GC(231) y: Medium Pages:                   0            0            0           0M           0M           0M 
[1798.739s][info][gc,reloc    ] GC(231) y: Large Pages:                    0            0            0           0M           0M           0M 
[1798.739s][info][gc,reloc    ] GC(231) y: Forwarding Usage: 28M
[1798.739s][info][gc,reloc    ] GC(231) y: Age Table:
[1798.739s][info][gc,reloc    ] GC(231) y:                    Live             Garbage             Small              Medium             Large        
[1798.739s][info][gc,reloc    ] GC(231) y: Eden              83M (1%)         6878M (84%)       3481 / 2519           0 / 0              0 / 0        
[1798.739s][info][gc,reloc    ] GC(231) y: Survivor 1         7M (0%)           34M (0%)          21 / 13             0 / 0              0 / 0        
[1798.739s][info][gc,reloc    ] GC(231) y: Survivor 2        10M (0%)           71M (1%)          41 / 36             0 / 0              0 / 0        
[1798.739s][info][gc,reloc    ] GC(231) y: Survivor 3         0M (0%)           15M (0%)           8 / 5              0 / 0              0 / 0        
[1798.739s][info][gc,reloc    ] GC(231) y: Survivor 4         0M (0%)            1M (0%)           1 / 1              0 / 0              0 / 0        
[1798.739s][info][gc,reloc    ] GC(231) y: Survivor 5         0M (0%)            1M (0%)           1 / 1              0 / 0              0 / 0        
[1798.739s][info][gc,reloc    ] GC(231) y: Survivor 6         0M (0%)            1M (0%)           1 / 1              0 / 0              0 / 0        
[1798.739s][info][gc,heap     ] GC(231) y: Min Capacity: 8192M(100%)
[1798.739s][info][gc,heap     ] GC(231) y: Max Capacity: 8192M(100%)
[1798.739s][info][gc,heap     ] GC(231) y: Soft Max Capacity: 8192M(100%)
[1798.739s][info][gc,heap     ] GC(231) y: Heap Statistics:
[1798.739s][info][gc,heap     ] GC(231) y:                Mark Start          Mark End        Relocate Start      Relocate End           High               Low         
[1798.739s][info][gc,heap     ] GC(231) y:  Capacity:     8192M (100%)       8192M (100%)       8192M (100%)       8192M (100%)       8192M (100%)       8192M (100%)   
[1798.740s][info][gc,heap     ] GC(231) y:      Free:      530M (6%)          468M (6%)         2306M (28%)        7382M (90%)        7382M (90%)         468M (6%)     
[1798.740s][info][gc,heap     ] GC(231) y:      Used:     7662M (94%)        7724M (94%)        5886M (72%)         810M (10%)        7724M (94%)         810M (10%)    
[1798.740s][info][gc,heap     ] GC(231) y: Young Generation Statistics:
[1798.740s][info][gc,heap     ] GC(231) y:                Mark Start          Mark End        Relocate Start      Relocate End    
[1798.740s][info][gc,heap     ] GC(231) y:      Used:     7108M (87%)        7170M (88%)        5332M (65%)         256M (3%)     
[1798.740s][info][gc,heap     ] GC(231) y:      Live:         -               102M (1%)          102M (1%)          102M (1%)     
[1798.740s][info][gc,heap     ] GC(231) y:   Garbage:         -              7005M (86%)        5167M (63%)           1M (0%)     
[1798.740s][info][gc,heap     ] GC(231) y: Allocated:         -                62M (1%)           62M (1%)          152M (2%)     
[1798.740s][info][gc,heap     ] GC(231) y: Reclaimed:         -                  -              1838M (22%)        7004M (85%)    
[1798.740s][info][gc,heap     ] GC(231) y:  Promoted:         -                  -                 0M (0%)            0M (0%)     
[1798.740s][info][gc,heap     ] GC(231) y: Compacted:         -                  -                  -                97M (1%)     
[1798.740s][info][gc,phases   ] GC(231) y: Young Generation 7662M(94%)->810M(10%) 0.199s
[1798.740s][info][gc          ] GC(231) Minor Collection (Allocation Rate) 7662M(94%)->810M(10%) 0.200s
[1808.664s][info][gc          ] GC(232) Minor Collection (High Usage)
[1808.664s][info][gc,task     ] GC(232) Using 1 Workers for Young Generation
[1808.664s][info][gc,phases   ] GC(232) y: Young Generation
[1808.664s][info][gc,phases   ] GC(232) y: Pause Mark Start 0.013ms
[1808.853s][info][gc,phases   ] GC(232) y: Concurrent Mark 188.666ms
[1808.853s][info][gc,phases   ] GC(232) y: Pause Mark End 0.009ms
[1808.853s][info][gc,phases   ] GC(232) y: Concurrent Mark Free 0.000ms
[1808.854s][info][gc,phases   ] GC(232) y: Concurrent Reset Relocation Set 0.225ms
[1808.858s][info][gc,reloc    ] GC(232) y: Using tenuring threshold: 8 (Computed)
[1808.877s][info][gc,phases   ] GC(232) y: Concurrent Select Relocation Set 23.403ms
[1808.877s][info][gc,phases   ] GC(232) y: Pause Relocate Start 0.010ms
[1808.983s][info][gc,phases   ] GC(232) y: Concurrent Relocate 105.644ms
[1808.983s][info][gc,alloc    ] GC(232) y:                         Mark Start        Mark End      Relocate Start    Relocate End   
[1808.983s][info][gc,alloc    ] GC(232) y: Allocation Stalls:          0                0                0                0         
[1808.983s][info][gc,load     ] GC(232) y: Load: 0.00 (0%) / 0.00 (0%) / 0.00 (0%)
[1808.983s][info][gc,mmu      ] GC(232) y: MMU: 2ms/76.4%, 5ms/90.6%, 10ms/95.3%, 20ms/97.6%, 50ms/99.1%, 100ms/99.5%
[1808.983s][info][gc,marking  ] GC(232) y: Mark: 1 stripe(s), 2 proactive flush(es), 1 terminate flush(es), 0 completion(s), 0 continuation(s) 
[1808.983s][info][gc,marking  ] GC(232) y: Mark Stack Usage: 32M
[1808.983s][info][gc,nmethod  ] GC(232) y: NMethods: 7172 registered, 908 unregistered
[1808.983s][info][gc,metaspace] GC(232) y: Metaspace: 132M used, 133M committed, 1152M reserved
[1808.983s][info][gc,reloc    ] GC(232) y:                        Candidates     Selected     In-Place         Size        Empty    Relocated 
[1808.983s][info][gc,reloc    ] GC(232) y: Small Pages:                 3609         2563            0        7218M        1914M          91M 
[1808.983s][info][gc,reloc    ] GC(232) y: Medium Pages:                   0            0            0           0M           0M           0M 
[1808.983s][info][gc,reloc    ] GC(232) y: Large Pages:                    0            0            0           0M           0M           0M 
[1808.983s][info][gc,reloc    ] GC(232) y: Forwarding Usage: 34M
[1808.983s][info][gc,reloc    ] GC(232) y: Age Table:
[1808.983s][info][gc,reloc    ] GC(232) y:                    Live             Garbage             Small              Medium             Large        
[1808.983s][info][gc,reloc    ] GC(232) y: Eden             137M (2%)         6926M (85%)       3532 / 2500           0 / 0              0 / 0        
[1808.983s][info][gc,reloc    ] GC(232) y: Survivor 1        17M (0%)           76M (1%)          47 / 38             0 / 0              0 / 0        
[1808.983s][info][gc,reloc    ] GC(232) y: Survivor 2         0M (0%)           17M (0%)           9 / 8              0 / 0              0 / 0        
[1808.983s][info][gc,reloc    ] GC(232) y: Survivor 3         0M (0%)           21M (0%)          11 / 7              0 / 0              0 / 0        
[1808.983s][info][gc,reloc    ] GC(232) y: Survivor 4         0M (0%)            1M (0%)           1 / 1              0 / 0              0 / 0        
[1808.983s][info][gc,reloc    ] GC(232) y: Survivor 5         0M (0%)            3M (0%)           2 / 2              0 / 0              0 / 0        
[1808.983s][info][gc,reloc    ] GC(232) y: Survivor 6         0M (0%)            5M (0%)           3 / 3              0 / 0              0 / 0        
[1808.983s][info][gc,reloc    ] GC(232) y: Survivor 7         0M (0%)            7M (0%)           4 / 4              0 / 0              0 / 0        
[1808.983s][info][gc,heap     ] GC(232) y: Min Capacity: 8192M(100%)
[1808.983s][info][gc,heap     ] GC(232) y: Max Capacity: 8192M(100%)
[1808.983s][info][gc,heap     ] GC(232) y: Soft Max Capacity: 8192M(100%)
[1808.983s][info][gc,heap     ] GC(232) y: Heap Statistics:
[1808.983s][info][gc,heap     ] GC(232) y:                Mark Start          Mark End        Relocate Start      Relocate End           High               Low         
[1808.983s][info][gc,heap     ] GC(232) y:  Capacity:     8192M (100%)       8192M (100%)       8192M (100%)       8192M (100%)       8192M (100%)       8192M (100%)   
[1808.983s][info][gc,heap     ] GC(232) y:      Free:      420M (5%)          136M (2%)         1994M (24%)        6892M (84%)        6906M (84%)         134M (2%)     
[1808.983s][info][gc,heap     ] GC(232) y:      Used:     7772M (95%)        8056M (98%)        6198M (76%)        1300M (16%)        8058M (98%)        1286M (16%)    
[1808.983s][info][gc,heap     ] GC(232) y: Young Generation Statistics:
[1808.983s][info][gc,heap     ] GC(232) y:                Mark Start          Mark End        Relocate Start      Relocate End    
[1808.983s][info][gc,heap     ] GC(232) y:      Used:     7218M (88%)        7502M (92%)        5644M (69%)         746M (9%)     
[1808.983s][info][gc,heap     ] GC(232) y:      Live:         -               155M (2%)          155M (2%)          155M (2%)     
[1808.983s][info][gc,heap     ] GC(232) y:   Garbage:         -              7062M (86%)        5148M (63%)           5M (0%)     
[1808.983s][info][gc,heap     ] GC(232) y: Allocated:         -               284M (3%)          340M (4%)          584M (7%)     
[1808.983s][info][gc,heap     ] GC(232) y: Reclaimed:         -                  -              1914M (23%)        7056M (86%)    
[1808.983s][info][gc,heap     ] GC(232) y:  Promoted:         -                  -                 0M (0%)            0M (0%)     
[1808.983s][info][gc,heap     ] GC(232) y: Compacted:         -                  -                  -               115M (1%)     
[1808.983s][info][gc,phases   ] GC(232) y: Young Generation 7772M(95%)->1300M(16%) 0.318s
[1808.983s][info][gc          ] GC(232) Minor Collection (High Usage) 7772M(95%)->1302M(16%) 0.319s
[1816.508s][info][gc          ] GC(233) Minor Collection (Allocation Rate)
[1816.509s][info][gc,task     ] GC(233) Using 1 Workers for Young Generation
[1816.509s][info][gc,phases   ] GC(233) y: Young Generation
[1816.509s][info][gc,phases   ] GC(233) y: Pause Mark Start 0.013ms
[1816.640s][info][gc,phases   ] GC(233) y: Concurrent Mark 131.067ms
[1816.640s][info][gc,phases   ] GC(233) y: Pause Mark End 0.031ms
[1816.640s][info][gc,phases   ] GC(233) y: Concurrent Mark Free 0.001ms
[1816.640s][info][gc,phases   ] GC(233) y: Concurrent Reset Relocation Set 0.505ms
[1816.644s][info][gc,reloc    ] GC(233) y: Using tenuring threshold: 5 (Computed)
[1816.647s][info][gc,phases   ] GC(233) y: Concurrent Select Relocation Set 6.762ms
[1816.647s][info][gc,phases   ] GC(233) y: Pause Relocate Start 0.009ms
[1816.716s][info][gc,phases   ] GC(233) y: Concurrent Relocate 69.036ms
[1816.716s][info][gc,alloc    ] GC(233) y:                         Mark Start        Mark End      Relocate Start    Relocate End   
[1816.716s][info][gc,alloc    ] GC(233) y: Allocation Stalls:          0                0                0                0         
[1816.716s][info][gc,load     ] GC(233) y: Load: 0.00 (0%) / 0.00 (0%) / 0.00 (0%)
[1816.716s][info][gc,mmu      ] GC(233) y: MMU: 2ms/76.4%, 5ms/90.6%, 10ms/95.3%, 20ms/97.6%, 50ms/99.1%, 100ms/99.5%
[1816.716s][info][gc,marking  ] GC(233) y: Mark: 1 stripe(s), 2 proactive flush(es), 1 terminate flush(es), 0 completion(s), 0 continuation(s) 
[1816.716s][info][gc,marking  ] GC(233) y: Mark Stack Usage: 32M
[1816.716s][info][gc,nmethod  ] GC(233) y: NMethods: 7380 registered, 908 unregistered
[1816.716s][info][gc,metaspace] GC(233) y: Metaspace: 132M used, 133M committed, 1152M reserved
[1816.716s][info][gc,reloc    ] GC(233) y:                        Candidates     Selected     In-Place         Size        Empty    Relocated 
[1816.716s][info][gc,reloc    ] GC(233) y: Small Pages:                 3243         2085            0        6486M        2200M          79M 
[1816.716s][info][gc,reloc    ] GC(233) y: Medium Pages:                   0            0            0           0M           0M           0M 
[1816.716s][info][gc,reloc    ] GC(233) y: Large Pages:                    0            0            0           0M           0M           0M 
[1816.717s][info][gc,reloc    ] GC(233) y: Forwarding Usage: 28M
[1816.717s][info][gc,reloc    ] GC(233) y: Age Table:
[1816.717s][info][gc,reloc    ] GC(233) y:                    Live             Garbage             Small              Medium             Large        
[1816.717s][info][gc,reloc    ] GC(233) y: Eden              79M (1%)         6216M (76%)       3148 / 2032           0 / 0              0 / 0        
[1816.717s][info][gc,reloc    ] GC(233) y: Survivor 1        19M (0%)          128M (2%)          74 / 41             0 / 0              0 / 0        
[1816.717s][info][gc,reloc    ] GC(233) y: Survivor 2         0M (0%)           23M (0%)          12 / 5              0 / 0              0 / 0        
[1816.717s][info][gc,reloc    ] GC(233) y: Survivor 3         0M (0%)            7M (0%)           4 / 2              0 / 0              0 / 0        
[1816.717s][info][gc,reloc    ] GC(233) y: Survivor 4         0M (0%)            1M (0%)           1 / 1              0 / 0              0 / 0        
[1816.717s][info][gc,reloc    ] GC(233) y: Survivor 5         0M (0%)            1M (0%)           1 / 1              0 / 0              0 / 0        
[1816.717s][info][gc,reloc    ] GC(233) y: Survivor 6         0M (0%)            1M (0%)           1 / 1              0 / 0              0 / 0        
[1816.717s][info][gc,reloc    ] GC(233) y: Survivor 7         0M (0%)            1M (0%)           1 / 1              0 / 0              0 / 0        
[1816.717s][info][gc,reloc    ] GC(233) y: Survivor 8         0M (0%)            1M (0%)           1 / 1              0 / 0              0 / 0        
[1816.717s][info][gc,heap     ] GC(233) y: Min Capacity: 8192M(100%)
[1816.717s][info][gc,heap     ] GC(233) y: Max Capacity: 8192M(100%)
[1816.717s][info][gc,heap     ] GC(233) y: Soft Max Capacity: 8192M(100%)
[1816.717s][info][gc,heap     ] GC(233) y: Heap Statistics:
[1816.717s][info][gc,heap     ] GC(233) y:                Mark Start          Mark End        Relocate Start      Relocate End           High               Low         
[1816.717s][info][gc,heap     ] GC(233) y:  Capacity:     8192M (100%)       8192M (100%)       8192M (100%)       8192M (100%)       8192M (100%)       8192M (100%)   
[1816.717s][info][gc,heap     ] GC(233) y:      Free:     1152M (14%)        1040M (13%)        3236M (40%)        7366M (90%)        7366M (90%)        1038M (13%)    
[1816.717s][info][gc,heap     ] GC(233) y:      Used:     7040M (86%)        7152M (87%)        4956M (60%)         826M (10%)        7154M (87%)         826M (10%)    
[1816.717s][info][gc,heap     ] GC(233) y: Young Generation Statistics:
[1816.717s][info][gc,heap     ] GC(233) y:                Mark Start          Mark End        Relocate Start      Relocate End    
[1816.717s][info][gc,heap     ] GC(233) y:      Used:     6486M (79%)        6598M (81%)        4402M (54%)         268M (3%)     
[1816.717s][info][gc,heap     ] GC(233) y:      Live:         -                99M (1%)           99M (1%)           99M (1%)     
[1816.717s][info][gc,heap     ] GC(233) y:   Garbage:         -              6386M (78%)        4186M (51%)           1M (0%)     
[1816.717s][info][gc,heap     ] GC(233) y: Allocated:         -               112M (1%)          116M (1%)          166M (2%)     
[1816.717s][info][gc,heap     ] GC(233) y: Reclaimed:         -                  -              2200M (27%)        6384M (78%)    
[1816.717s][info][gc,heap     ] GC(233) y:  Promoted:         -                  -                 0M (0%)            0M (0%)     
[1816.717s][info][gc,heap     ] GC(233) y: Compacted:         -                  -                  -                95M (1%)     
[1816.717s][info][gc,phases   ] GC(233) y: Young Generation 7040M(86%)->826M(10%) 0.208s
[1816.717s][info][gc          ] GC(233) Minor Collection (Allocation Rate) 7040M(86%)->826M(10%) 0.208s
[1826.536s][info][gc          ] GC(234) Minor Collection (Allocation Rate)
[1826.536s][info][gc,task     ] GC(234) Using 1 Workers for Young Generation
[1826.536s][info][gc,phases   ] GC(234) y: Young Generation
[1826.536s][info][gc,phases   ] GC(234) y: Pause Mark Start 0.013ms
[1826.662s][info][gc,phases   ] GC(234) y: Concurrent Mark 125.653ms
[1826.662s][info][gc,phases   ] GC(234) y: Pause Mark End 0.009ms
[1826.662s][info][gc,phases   ] GC(234) y: Concurrent Mark Free 0.000ms
[1826.662s][info][gc,phases   ] GC(234) y: Concurrent Reset Relocation Set 0.157ms
[1826.665s][info][gc,reloc    ] GC(234) y: Using tenuring threshold: 5 (Computed)
[1826.680s][info][gc,phases   ] GC(234) y: Concurrent Select Relocation Set 17.521ms
[1826.680s][info][gc,phases   ] GC(234) y: Pause Relocate Start 0.014ms
[1826.762s][info][gc,phases   ] GC(234) y: Concurrent Relocate 82.509ms
[1826.762s][info][gc,alloc    ] GC(234) y:                         Mark Start        Mark End      Relocate Start    Relocate End   
[1826.762s][info][gc,alloc    ] GC(234) y: Allocation Stalls:          0                0                0                0         
[1826.762s][info][gc,load     ] GC(234) y: Load: 0.00 (0%) / 0.00 (0%) / 0.00 (0%)
[1826.762s][info][gc,mmu      ] GC(234) y: MMU: 2ms/76.4%, 5ms/90.6%, 10ms/95.3%, 20ms/97.6%, 50ms/99.1%, 100ms/99.5%
[1826.762s][info][gc,marking  ] GC(234) y: Mark: 1 stripe(s), 2 proactive flush(es), 1 terminate flush(es), 0 completion(s), 0 continuation(s) 
[1826.762s][info][gc,marking  ] GC(234) y: Mark Stack Usage: 32M
[1826.762s][info][gc,nmethod  ] GC(234) y: NMethods: 7427 registered, 908 unregistered
[1826.762s][info][gc,metaspace] GC(234) y: Metaspace: 132M used, 133M committed, 1152M reserved
[1826.763s][info][gc,reloc    ] GC(234) y:                        Candidates     Selected     In-Place         Size        Empty    Relocated 
[1826.763s][info][gc,reloc    ] GC(234) y: Small Pages:                 3494         2437            0        6988M        1996M          83M 
[1826.763s][info][gc,reloc    ] GC(234) y: Medium Pages:                   0            0            0           0M           0M           0M 
[1826.763s][info][gc,reloc    ] GC(234) y: Large Pages:                    0            0            0           0M           0M           0M 
[1826.763s][info][gc,reloc    ] GC(234) y: Forwarding Usage: 31M
[1826.763s][info][gc,reloc    ] GC(234) y: Age Table:
[1826.763s][info][gc,reloc    ] GC(234) y:                    Live             Garbage             Small              Medium             Large        
[1826.763s][info][gc,reloc    ] GC(234) y: Eden              88M (1%)         6771M (83%)       3430 / 2381           0 / 0              0 / 0        
[1826.763s][info][gc,reloc    ] GC(234) y: Survivor 1        12M (0%)           75M (1%)          44 / 37             0 / 0              0 / 0        
[1826.763s][info][gc,reloc    ] GC(234) y: Survivor 2         1M (0%)           28M (0%)          15 / 15             0 / 0              0 / 0        
[1826.763s][info][gc,reloc    ] GC(234) y: Survivor 3         0M (0%)            1M (0%)           1 / 1              0 / 0              0 / 0        
[1826.763s][info][gc,reloc    ] GC(234) y: Survivor 4         0M (0%)            3M (0%)           2 / 1              0 / 0              0 / 0        
[1826.763s][info][gc,reloc    ] GC(234) y: Survivor 5         0M (0%)            3M (0%)           2 / 2              0 / 0              0 / 0        
[1826.763s][info][gc,heap     ] GC(234) y: Min Capacity: 8192M(100%)
[1826.763s][info][gc,heap     ] GC(234) y: Max Capacity: 8192M(100%)
[1826.763s][info][gc,heap     ] GC(234) y: Soft Max Capacity: 8192M(100%)
[1826.763s][info][gc,heap     ] GC(234) y: Heap Statistics:
[1826.763s][info][gc,heap     ] GC(234) y:                Mark Start          Mark End        Relocate Start      Relocate End           High               Low         
[1826.763s][info][gc,heap     ] GC(234) y:  Capacity:     8192M (100%)       8192M (100%)       8192M (100%)       8192M (100%)       8192M (100%)       8192M (100%)   
[1826.763s][info][gc,heap     ] GC(234) y:      Free:      646M (8%)          552M (7%)         2524M (31%)        7304M (89%)        7306M (89%)         552M (7%)     
[1826.763s][info][gc,heap     ] GC(234) y:      Used:     7546M (92%)        7640M (93%)        5668M (69%)         888M (11%)        7640M (93%)         886M (11%)    
[1826.763s][info][gc,heap     ] GC(234) y: Young Generation Statistics:
[1826.763s][info][gc,heap     ] GC(234) y:                Mark Start          Mark End        Relocate Start      Relocate End    
[1826.763s][info][gc,heap     ] GC(234) y:      Used:     6988M (85%)        7082M (86%)        5110M (62%)         328M (4%)     
[1826.763s][info][gc,heap     ] GC(234) y:      Live:         -               102M (1%)          102M (1%)          102M (1%)     
[1826.763s][info][gc,heap     ] GC(234) y:   Garbage:         -              6885M (84%)        4889M (60%)           0M (0%)     
[1826.763s][info][gc,heap     ] GC(234) y: Allocated:         -                94M (1%)          118M (1%)          224M (3%)     
[1826.763s][info][gc,heap     ] GC(234) y: Reclaimed:         -                  -              1996M (24%)        6884M (84%)    
[1826.763s][info][gc,heap     ] GC(234) y:  Promoted:         -                  -                 0M (0%)            0M (0%)     
[1826.763s][info][gc,heap     ] GC(234) y: Compacted:         -                  -                  -               101M (1%)     
[1826.763s][info][gc,phases   ] GC(234) y: Young Generation 7546M(92%)->888M(11%) 0.226s
[1826.763s][info][gc          ] GC(234) Minor Collection (Allocation Rate) 7546M(92%)->888M(11%) 0.227s
[1833.901s][info][gc          ] GC(235) Minor Collection (Allocation Rate)
[1833.901s][info][gc,task     ] GC(235) Using 1 Workers for Young Generation
[1833.901s][info][gc,phases   ] GC(235) y: Young Generation
[1833.901s][info][gc,phases   ] GC(235) y: Pause Mark Start 0.013ms
[1834.020s][info][gc,phases   ] GC(235) y: Concurrent Mark 119.520ms
[1834.021s][info][gc,phases   ] GC(235) y: Pause Mark End 0.009ms
[1834.021s][info][gc,phases   ] GC(235) y: Concurrent Mark Free 0.000ms
[1834.021s][info][gc,phases   ] GC(235) y: Concurrent Reset Relocation Set 0.189ms
[1834.023s][info][gc,reloc    ] GC(235) y: Using tenuring threshold: 6 (Computed)
[1834.027s][info][gc,phases   ] GC(235) y: Concurrent Select Relocation Set 6.099ms
[1834.027s][info][gc,phases   ] GC(235) y: Pause Relocate Start 0.008ms
[1834.098s][info][gc,phases   ] GC(235) y: Concurrent Relocate 71.078ms
[1834.098s][info][gc,alloc    ] GC(235) y:                         Mark Start        Mark End      Relocate Start    Relocate End   
[1834.098s][info][gc,alloc    ] GC(235) y: Allocation Stalls:          0                0                0                0         
[1834.098s][info][gc,load     ] GC(235) y: Load: 0.00 (0%) / 0.00 (0%) / 0.00 (0%)
[1834.098s][info][gc,mmu      ] GC(235) y: MMU: 2ms/76.4%, 5ms/90.6%, 10ms/95.3%, 20ms/97.6%, 50ms/99.1%, 100ms/99.5%
[1834.098s][info][gc,marking  ] GC(235) y: Mark: 1 stripe(s), 2 proactive flush(es), 1 terminate flush(es), 0 completion(s), 0 continuation(s) 
[1834.098s][info][gc,marking  ] GC(235) y: Mark Stack Usage: 32M
[1834.098s][info][gc,nmethod  ] GC(235) y: NMethods: 7430 registered, 908 unregistered
[1834.098s][info][gc,metaspace] GC(235) y: Metaspace: 132M used, 133M committed, 1152M reserved
[1834.098s][info][gc,reloc    ] GC(235) y:                        Candidates     Selected     In-Place         Size        Empty    Relocated 
[1834.098s][info][gc,reloc    ] GC(235) y: Small Pages:                 3402         1695            0        6804M        3300M          77M 
[1834.098s][info][gc,reloc    ] GC(235) y: Medium Pages:                   0            0            0           0M           0M           0M 
[1834.098s][info][gc,reloc    ] GC(235) y: Large Pages:                    0            0            0           0M           0M           0M 
[1834.098s][info][gc,reloc    ] GC(235) y: Forwarding Usage: 25M
[1834.098s][info][gc,reloc    ] GC(235) y: Age Table:
[1834.098s][info][gc,reloc    ] GC(235) y:                    Live             Garbage             Small              Medium             Large        
[1834.098s][info][gc,reloc    ] GC(235) y: Eden              92M (1%)         6571M (80%)       3332 / 1631           0 / 0              0 / 0        
[1834.098s][info][gc,reloc    ] GC(235) y: Survivor 1         3M (0%)           96M (1%)          50 / 47             0 / 0              0 / 0        
[1834.098s][info][gc,reloc    ] GC(235) y: Survivor 2         0M (0%)           21M (0%)          11 / 10             0 / 0              0 / 0        
[1834.098s][info][gc,reloc    ] GC(235) y: Survivor 3         0M (0%)           11M (0%)           6 / 4              0 / 0              0 / 0        
[1834.098s][info][gc,reloc    ] GC(235) y: Survivor 4         0M (0%)            1M (0%)           1 / 1              0 / 0              0 / 0        
[1834.098s][info][gc,reloc    ] GC(235) y: Survivor 5         0M (0%)            3M (0%)           2 / 2              0 / 0              0 / 0        
[1834.098s][info][gc,heap     ] GC(235) y: Min Capacity: 8192M(100%)
[1834.098s][info][gc,heap     ] GC(235) y: Max Capacity: 8192M(100%)
[1834.098s][info][gc,heap     ] GC(235) y: Soft Max Capacity: 8192M(100%)
[1834.098s][info][gc,heap     ] GC(235) y: Heap Statistics:
[1834.098s][info][gc,heap     ] GC(235) y:                Mark Start          Mark End        Relocate Start      Relocate End           High               Low         
[1834.098s][info][gc,heap     ] GC(235) y:  Capacity:     8192M (100%)       8192M (100%)       8192M (100%)       8192M (100%)       8192M (100%)       8192M (100%)   
[1834.098s][info][gc,heap     ] GC(235) y:      Free:      828M (10%)         758M (9%)         4054M (49%)        7390M (90%)        7390M (90%)         758M (9%)     
[1834.098s][info][gc,heap     ] GC(235) y:      Used:     7364M (90%)        7434M (91%)        4138M (51%)         802M (10%)        7434M (91%)         802M (10%)    
[1834.098s][info][gc,heap     ] GC(235) y: Young Generation Statistics:
[1834.098s][info][gc,heap     ] GC(235) y:                Mark Start          Mark End        Relocate Start      Relocate End    
[1834.098s][info][gc,heap     ] GC(235) y:      Used:     6804M (83%)        6874M (84%)        3578M (44%)         242M (3%)     
[1834.099s][info][gc,heap     ] GC(235) y:      Live:         -                97M (1%)           97M (1%)           97M (1%)     
[1834.099s][info][gc,heap     ] GC(235) y:   Garbage:         -              6706M (82%)        3406M (42%)           3M (0%)     
[1834.099s][info][gc,heap     ] GC(235) y: Allocated:         -                70M (1%)           74M (1%)          141M (2%)     
[1834.099s][info][gc,heap     ] GC(235) y: Reclaimed:         -                  -              3300M (40%)        6703M (82%)    
[1834.099s][info][gc,heap     ] GC(235) y:  Promoted:         -                  -                 0M (0%)            0M (0%)     
[1834.099s][info][gc,heap     ] GC(235) y: Compacted:         -                  -                  -                88M (1%)     
[1834.099s][info][gc,phases   ] GC(235) y: Young Generation 7364M(90%)->802M(10%) 0.197s
[1834.099s][info][gc          ] GC(235) Minor Collection (Allocation Rate) 7364M(90%)->802M(10%) 0.198s
[1843.170s][info][gc          ] GC(236) Minor Collection (Allocation Rate)
[1843.170s][info][gc,task     ] GC(236) Using 1 Workers for Young Generation
[1843.170s][info][gc,phases   ] GC(236) y: Young Generation
[1843.170s][info][gc,phases   ] GC(236) y: Pause Mark Start 0.012ms
[1843.296s][info][gc,phases   ] GC(236) y: Concurrent Mark 125.498ms
[1843.296s][info][gc,phases   ] GC(236) y: Pause Mark End 0.012ms
[1843.296s][info][gc,phases   ] GC(236) y: Concurrent Mark Free 0.000ms
[1843.296s][info][gc,phases   ] GC(236) y: Concurrent Reset Relocation Set 0.155ms
[1843.298s][info][gc,reloc    ] GC(236) y: Using tenuring threshold: 7 (Computed)
[1843.312s][info][gc,phases   ] GC(236) y: Concurrent Select Relocation Set 15.760ms
[1843.312s][info][gc,phases   ] GC(236) y: Pause Relocate Start 0.010ms
[1843.393s][info][gc,phases   ] GC(236) y: Concurrent Relocate 81.167ms
[1843.393s][info][gc,alloc    ] GC(236) y:                         Mark Start        Mark End      Relocate Start    Relocate End   
[1843.393s][info][gc,alloc    ] GC(236) y: Allocation Stalls:          0                0                0                0         
[1843.393s][info][gc,load     ] GC(236) y: Load: 0.00 (0%) / 0.00 (0%) / 0.00 (0%)
[1843.393s][info][gc,mmu      ] GC(236) y: MMU: 2ms/76.4%, 5ms/90.6%, 10ms/95.3%, 20ms/97.6%, 50ms/99.1%, 100ms/99.5%
[1843.393s][info][gc,marking  ] GC(236) y: Mark: 1 stripe(s), 2 proactive flush(es), 1 terminate flush(es), 0 completion(s), 0 continuation(s) 
[1843.393s][info][gc,marking  ] GC(236) y: Mark Stack Usage: 32M
[1843.393s][info][gc,nmethod  ] GC(236) y: NMethods: 7435 registered, 908 unregistered
[1843.393s][info][gc,metaspace] GC(236) y: Metaspace: 132M used, 133M committed, 1152M reserved
[1843.393s][info][gc,reloc    ] GC(236) y:                        Candidates     Selected     In-Place         Size        Empty    Relocated 
[1843.393s][info][gc,reloc    ] GC(236) y: Small Pages:                 3512         2407            0        7024M        2088M          91M 
[1843.393s][info][gc,reloc    ] GC(236) y: Medium Pages:                   0            0            0           0M           0M           0M 
[1843.393s][info][gc,reloc    ] GC(236) y: Large Pages:                    0            0            0           0M           0M           0M 
[1843.393s][info][gc,reloc    ] GC(236) y: Forwarding Usage: 30M
[1843.393s][info][gc,reloc    ] GC(236) y: Age Table:
[1843.393s][info][gc,reloc    ] GC(236) y:                    Live             Garbage             Small              Medium             Large        
[1843.393s][info][gc,reloc    ] GC(236) y: Eden              90M (1%)         6803M (83%)       3447 / 2355           0 / 0              0 / 0        
[1843.393s][info][gc,reloc    ] GC(236) y: Survivor 1        14M (0%)           89M (1%)          52 / 42             0 / 0              0 / 0        
[1843.393s][info][gc,reloc    ] GC(236) y: Survivor 2         0M (0%)           11M (0%)           6 / 4              0 / 0              0 / 0        
[1843.393s][info][gc,reloc    ] GC(236) y: Survivor 3         0M (0%)            3M (0%)           2 / 2              0 / 0              0 / 0        
[1843.393s][info][gc,reloc    ] GC(236) y: Survivor 4         0M (0%)            5M (0%)           3 / 2              0 / 0              0 / 0        
[1843.393s][info][gc,reloc    ] GC(236) y: Survivor 5         0M (0%)            1M (0%)           1 / 1              0 / 0              0 / 0        
[1843.393s][info][gc,reloc    ] GC(236) y: Survivor 6         0M (0%)            1M (0%)           1 / 1              0 / 0              0 / 0        
[1843.393s][info][gc,heap     ] GC(236) y: Min Capacity: 8192M(100%)
[1843.393s][info][gc,heap     ] GC(236) y: Max Capacity: 8192M(100%)
[1843.393s][info][gc,heap     ] GC(236) y: Soft Max Capacity: 8192M(100%)
[1843.393s][info][gc,heap     ] GC(236) y: Heap Statistics:
[1843.393s][info][gc,heap     ] GC(236) y:                Mark Start          Mark End        Relocate Start      Relocate End           High               Low         
[1843.393s][info][gc,heap     ] GC(236) y:  Capacity:     8192M (100%)       8192M (100%)       8192M (100%)       8192M (100%)       8192M (100%)       8192M (100%)   
[1843.393s][info][gc,heap     ] GC(236) y:      Free:      608M (7%)          538M (7%)         2612M (32%)        7324M (89%)        7324M (89%)         538M (7%)     
[1843.393s][info][gc,heap     ] GC(236) y:      Used:     7584M (93%)        7654M (93%)        5580M (68%)         868M (11%)        7654M (93%)         868M (11%)    
[1843.393s][info][gc,heap     ] GC(236) y: Young Generation Statistics:
[1843.393s][info][gc,heap     ] GC(236) y:                Mark Start          Mark End        Relocate Start      Relocate End    
[1843.393s][info][gc,heap     ] GC(236) y:      Used:     7024M (86%)        7094M (87%)        5020M (61%)         308M (4%)     
[1843.393s][info][gc,heap     ] GC(236) y:      Live:         -               106M (1%)          106M (1%)          106M (1%)     
[1843.393s][info][gc,heap     ] GC(236) y:   Garbage:         -              6917M (84%)        4829M (59%)           0M (0%)     
[1843.393s][info][gc,heap     ] GC(236) y: Allocated:         -                70M (1%)           84M (1%)          201M (2%)     
[1843.393s][info][gc,heap     ] GC(236) y: Reclaimed:         -                  -              2088M (25%)        6917M (84%)    
[1843.393s][info][gc,heap     ] GC(236) y:  Promoted:         -                  -                 0M (0%)            0M (0%)     
[1843.393s][info][gc,heap     ] GC(236) y: Compacted:         -                  -                  -               106M (1%)     
[1843.393s][info][gc,phases   ] GC(236) y: Young Generation 7584M(93%)->868M(11%) 0.223s
[1843.393s][info][gc          ] GC(236) Minor Collection (Allocation Rate) 7584M(93%)->868M(11%) 0.224s
[1847.799s][info][gc          ] GC(237) Major Collection (Proactive)
[1847.799s][info][gc,task     ] GC(237) Using 1 Workers for Young Generation
[1847.799s][info][gc,task     ] GC(237) Using 1 Workers for Old Generation
[1847.799s][info][gc,phases   ] GC(237) Y: Young Generation
[1847.799s][info][gc,phases   ] GC(237) Y: Pause Mark Start (Major) 0.016ms
[1848.054s][info][gc,phases   ] GC(237) Y: Concurrent Mark 254.867ms
[1848.054s][info][gc,phases   ] GC(237) Y: Pause Mark End 0.008ms
[1848.054s][info][gc,phases   ] GC(237) Y: Concurrent Mark Free 0.000ms
[1848.055s][info][gc,phases   ] GC(237) Y: Concurrent Reset Relocation Set 0.197ms
[1848.057s][info][gc,reloc    ] GC(237) Y: Using tenuring threshold: 8 (Computed)
[1848.073s][info][gc,phases   ] GC(237) Y: Concurrent Select Relocation Set 18.326ms
[1848.073s][info][gc,phases   ] GC(237) Y: Pause Relocate Start 0.009ms
[1848.187s][info][gc,phases   ] GC(237) Y: Concurrent Relocate 114.165ms
[1848.187s][info][gc,alloc    ] GC(237) Y:                         Mark Start        Mark End      Relocate Start    Relocate End   
[1848.187s][info][gc,alloc    ] GC(237) Y: Allocation Stalls:          0                0                0                0         
[1848.187s][info][gc,load     ] GC(237) Y: Load: 0.00 (0%) / 0.00 (0%) / 0.00 (0%)
[1848.187s][info][gc,mmu      ] GC(237) Y: MMU: 2ms/76.4%, 5ms/90.6%, 10ms/95.3%, 20ms/97.6%, 50ms/99.1%, 100ms/99.5%
[1848.187s][info][gc,marking  ] GC(237) Y: Mark: 1 stripe(s), 2 proactive flush(es), 1 terminate flush(es), 0 completion(s), 0 continuation(s) 
[1848.187s][info][gc,marking  ] GC(237) Y: Mark Stack Usage: 32M
[1848.187s][info][gc,nmethod  ] GC(237) Y: NMethods: 7437 registered, 908 unregistered
[1848.187s][info][gc,metaspace] GC(237) Y: Metaspace: 132M used, 133M committed, 1152M reserved
[1848.187s][info][gc,reloc    ] GC(237) Y:                        Candidates     Selected     In-Place         Size        Empty    Relocated 
[1848.187s][info][gc,reloc    ] GC(237) Y: Small Pages:                 2229         1536            0        4458M        1174M         117M 
[1848.188s][info][gc,reloc    ] GC(237) Y: Medium Pages:                   0            0            0           0M           0M           0M 
[1848.188s][info][gc,reloc    ] GC(237) Y: Large Pages:                    0            0            0           0M           0M           0M 
[1848.188s][info][gc,reloc    ] GC(237) Y: Forwarding Usage: 40M
[1848.188s][info][gc,reloc    ] GC(237) Y: Age Table:
[1848.188s][info][gc,reloc    ] GC(237) Y:                    Live             Garbage             Small              Medium             Large        
[1848.188s][info][gc,reloc    ] GC(237) Y: Eden             134M (2%)         4175M (51%)       2155 / 1492           0 / 0              0 / 0        
[1848.188s][info][gc,reloc    ] GC(237) Y: Survivor 1        45M (1%)           52M (1%)          49 / 22             0 / 0              0 / 0        
[1848.188s][info][gc,reloc    ] GC(237) Y: Survivor 2         1M (0%)           20M (0%)          11 / 10             0 / 0              0 / 0        
[1848.188s][info][gc,reloc    ] GC(237) Y: Survivor 3         0M (0%)            7M (0%)           4 / 3              0 / 0              0 / 0        
[1848.188s][info][gc,reloc    ] GC(237) Y: Survivor 4         0M (0%)            3M (0%)           2 / 2              0 / 0              0 / 0        
[1848.188s][info][gc,reloc    ] GC(237) Y: Survivor 5         0M (0%)            9M (0%)           5 / 4              0 / 0              0 / 0        
[1848.188s][info][gc,reloc    ] GC(237) Y: Survivor 6         0M (0%)            1M (0%)           1 / 1              0 / 0              0 / 0        
[1848.188s][info][gc,reloc    ] GC(237) Y: Survivor 7         0M (0%)            3M (0%)           2 / 2              0 / 0              0 / 0        
[1848.188s][info][gc,heap     ] GC(237) Y: Min Capacity: 8192M(100%)
[1848.188s][info][gc,heap     ] GC(237) Y: Max Capacity: 8192M(100%)
[1848.188s][info][gc,heap     ] GC(237) Y: Soft Max Capacity: 8192M(100%)
[1848.188s][info][gc,heap     ] GC(237) Y: Heap Statistics:
[1848.188s][info][gc,heap     ] GC(237) Y:                Mark Start          Mark End        Relocate Start      Relocate End           High               Low         
[1848.188s][info][gc,heap     ] GC(237) Y:  Capacity:     8192M (100%)       8192M (100%)       8192M (100%)       8192M (100%)       8192M (100%)       8192M (100%)   
[1848.188s][info][gc,heap     ] GC(237) Y:      Free:     3174M (39%)        2656M (32%)        3822M (47%)        6714M (82%)        6716M (82%)        2656M (32%)    
[1848.188s][info][gc,heap     ] GC(237) Y:      Used:     5018M (61%)        5536M (68%)        4370M (53%)        1478M (18%)        5536M (68%)        1476M (18%)    
[1848.188s][info][gc,heap     ] GC(237) Y: Young Generation Statistics:
[1848.188s][info][gc,heap     ] GC(237) Y:                Mark Start          Mark End        Relocate Start      Relocate End    
[1848.188s][info][gc,heap     ] GC(237) Y:      Used:     4458M (54%)        4976M (61%)        3810M (47%)         918M (11%)    
[1848.188s][info][gc,heap     ] GC(237) Y:      Live:         -               182M (2%)          182M (2%)          182M (2%)     
[1848.188s][info][gc,heap     ] GC(237) Y:   Garbage:         -              4275M (52%)        3101M (38%)           9M (0%)     
[1848.188s][info][gc,heap     ] GC(237) Y: Allocated:         -               518M (6%)          526M (6%)          726M (9%)     
[1848.188s][info][gc,heap     ] GC(237) Y: Reclaimed:         -                  -              1174M (14%)        4266M (52%)    
[1848.188s][info][gc,heap     ] GC(237) Y:  Promoted:         -                  -                 0M (0%)            0M (0%)     
[1848.188s][info][gc,heap     ] GC(237) Y: Compacted:         -                  -                  -               139M (2%)     
[1848.188s][info][gc,phases   ] GC(237) Y: Young Generation 5018M(61%)->1478M(18%) 0.388s
[1848.188s][info][gc,phases   ] GC(237) O: Old Generation
[1848.912s][info][gc,phases   ] GC(237) O: Concurrent Mark 723.876ms
[1848.912s][info][gc,phases   ] GC(237) O: Pause Mark End 0.010ms
[1848.912s][info][gc,phases   ] GC(237) O: Concurrent Mark Free 0.000ms
[1848.927s][info][gc,phases   ] GC(237) O: Concurrent Process Non-Strong 14.619ms
[1848.927s][info][gc,phases   ] GC(237) O: Concurrent Reset Relocation Set 0.001ms
[1848.928s][info][gc,phases   ] GC(237) O: Concurrent Select Relocation Set 1.535ms
[1848.928s][info][gc,task     ] GC(237) O: Using 2 Workers for Old Generation
[1848.991s][info][gc,task     ] GC(237) O: Using 1 Workers for Old Generation
[1848.991s][info][gc,phases   ] GC(237) O: Concurrent Remap Roots 63.146ms
[1848.991s][info][gc,phases   ] GC(237) O: Pause Relocate Start 0.009ms
[1848.995s][info][gc,phases   ] GC(237) O: Concurrent Relocate 3.744ms
[1848.995s][info][gc,alloc    ] GC(237) O:                         Mark Start        Mark End      Relocate Start    Relocate End   
[1848.995s][info][gc,alloc    ] GC(237) O: Allocation Stalls:          0                0                0                0         
[1848.995s][info][gc,load     ] GC(237) O: Load: 0.00 (0%) / 0.00 (0%) / 0.00 (0%)
[1848.995s][info][gc,mmu      ] GC(237) O: MMU: 2ms/76.4%, 5ms/90.6%, 10ms/95.3%, 20ms/97.6%, 50ms/99.1%, 100ms/99.5%
[1848.995s][info][gc,marking  ] GC(237) O: Mark: 1 stripe(s), 2 proactive flush(es), 1 terminate flush(es), 0 completion(s), 0 continuation(s) 
[1848.995s][info][gc,marking  ] GC(237) O: Mark Stack Usage: 32M
[1848.995s][info][gc,nmethod  ] GC(237) O: NMethods: 7402 registered, 944 unregistered
[1848.995s][info][gc,metaspace] GC(237) O: Metaspace: 132M used, 133M committed, 1152M reserved
[1848.995s][info][gc,ref      ] GC(237) O:                       Encountered   Discovered     Enqueued 
[1848.995s][info][gc,ref      ] GC(237) O: Soft References:             6090            0            0 
[1848.995s][info][gc,ref      ] GC(237) O: Weak References:            23546        12740            4 
[1848.995s][info][gc,ref      ] GC(237) O: Final References:              34            0            0 
[1848.995s][info][gc,ref      ] GC(237) O: Phantom References:          1398         1217            0 
[1848.996s][info][gc,reloc    ] GC(237) O:                        Candidates     Selected     In-Place         Size        Empty    Relocated 
[1848.996s][info][gc,reloc    ] GC(237) O: Small Pages:                  248            9            0         496M           2M           1M 
[1848.996s][info][gc,reloc    ] GC(237) O: Medium Pages:                   2            0            0          64M           0M           0M 
[1848.996s][info][gc,reloc    ] GC(237) O: Large Pages:                    0            0            0           0M           0M           0M 
[1848.996s][info][gc,reloc    ] GC(237) O: Forwarding Usage: 1M
[1848.996s][info][gc,heap     ] GC(237) O: Min Capacity: 8192M(100%)
[1848.996s][info][gc,heap     ] GC(237) O: Max Capacity: 8192M(100%)
[1848.996s][info][gc,heap     ] GC(237) O: Soft Max Capacity: 8192M(100%)
[1848.996s][info][gc,heap     ] GC(237) O: Heap Statistics:
[1848.996s][info][gc,heap     ] GC(237) O:                Mark Start          Mark End        Relocate Start      Relocate End           High               Low         
[1848.996s][info][gc,heap     ] GC(237) O:  Capacity:     8192M (100%)       8192M (100%)       8192M (100%)       8192M (100%)       8192M (100%)       8192M (100%)   
[1848.996s][info][gc,heap     ] GC(237) O:      Free:     3174M (39%)        6178M (75%)        6128M (75%)        6132M (75%)        6716M (82%)        2656M (32%)    
[1848.996s][info][gc,heap     ] GC(237) O:      Used:     5018M (61%)        2014M (25%)        2064M (25%)        2060M (25%)        5536M (68%)        1476M (18%)    
[1848.996s][info][gc,heap     ] GC(237) O: Old Generation Statistics:
[1848.996s][info][gc,heap     ] GC(237) O:                Mark Start          Mark End        Relocate Start      Relocate End    
[1848.996s][info][gc,heap     ] GC(237) O:      Used:      560M (7%)          560M (7%)          558M (7%)          550M (7%)     
[1848.996s][info][gc,heap     ] GC(237) O:      Live:         -               490M (6%)          490M (6%)          490M (6%)     
[1848.996s][info][gc,heap     ] GC(237) O:   Garbage:         -                69M (1%)           67M (1%)           49M (1%)     
[1848.996s][info][gc,heap     ] GC(237) O: Allocated:         -                 0M (0%)            0M (0%)           10M (0%)     
[1848.996s][info][gc,heap     ] GC(237) O: Reclaimed:         -                  -                 2M (0%)           20M (0%)     
[1848.996s][info][gc,heap     ] GC(237) O: Compacted:         -                  -                  -                 1M (0%)     
[1848.996s][info][gc,phases   ] GC(237) O: Old Generation 1478M(18%)->2060M(25%) 0.807s
[1848.996s][info][gc          ] GC(237) Major Collection (Proactive) 5018M(61%)->2060M(25%) 1.197s
[1855.522s][info][gc          ] GC(238) Minor Collection (Allocation Rate)
[1855.522s][info][gc,task     ] GC(238) Using 1 Workers for Young Generation
[1855.522s][info][gc,phases   ] GC(238) y: Young Generation
[1855.522s][info][gc,phases   ] GC(238) y: Pause Mark Start 0.014ms
[1855.673s][info][gc,phases   ] GC(238) y: Concurrent Mark 150.669ms
[1855.673s][info][gc,phases   ] GC(238) y: Pause Mark End 0.009ms
[1855.673s][info][gc,phases   ] GC(238) y: Concurrent Mark Free 0.000ms
[1855.673s][info][gc,phases   ] GC(238) y: Concurrent Reset Relocation Set 0.139ms
[1855.676s][info][gc,reloc    ] GC(238) y: Using tenuring threshold: 8 (Computed)
[1855.680s][info][gc,phases   ] GC(238) y: Concurrent Select Relocation Set 7.062ms
[1855.681s][info][gc,phases   ] GC(238) y: Pause Relocate Start 0.016ms
[1855.766s][info][gc,phases   ] GC(238) y: Concurrent Relocate 85.001ms
[1855.766s][info][gc,alloc    ] GC(238) y:                         Mark Start        Mark End      Relocate Start    Relocate End   
[1855.766s][info][gc,alloc    ] GC(238) y: Allocation Stalls:          0                0                0                0         
[1855.766s][info][gc,load     ] GC(238) y: Load: 0.00 (0%) / 0.00 (0%) / 0.00 (0%)
[1855.766s][info][gc,mmu      ] GC(238) y: MMU: 2ms/76.4%, 5ms/90.6%, 10ms/95.3%, 20ms/97.6%, 50ms/99.1%, 100ms/99.5%
[1855.766s][info][gc,marking  ] GC(238) y: Mark: 1 stripe(s), 2 proactive flush(es), 1 terminate flush(es), 0 completion(s), 0 continuation(s) 
[1855.766s][info][gc,marking  ] GC(238) y: Mark Stack Usage: 32M
[1855.766s][info][gc,nmethod  ] GC(238) y: NMethods: 7421 registered, 944 unregistered
[1855.766s][info][gc,metaspace] GC(238) y: Metaspace: 132M used, 133M committed, 1152M reserved
[1855.766s][info][gc,reloc    ] GC(238) y:                        Candidates     Selected     In-Place         Size        Empty    Relocated 
[1855.766s][info][gc,reloc    ] GC(238) y: Small Pages:                 3148         2318            0        6296M        1524M          88M 
[1855.766s][info][gc,reloc    ] GC(238) y: Medium Pages:                   0            0            0           0M           0M           0M 
[1855.766s][info][gc,reloc    ] GC(238) y: Large Pages:                    0            0            0           0M           0M           0M 
[1855.766s][info][gc,reloc    ] GC(238) y: Forwarding Usage: 33M
[1855.766s][info][gc,reloc    ] GC(238) y: Age Table:
[1855.766s][info][gc,reloc    ] GC(238) y:                    Live             Garbage             Small              Medium             Large        
[1855.766s][info][gc,reloc    ] GC(238) y: Eden              81M (1%)         5966M (73%)       3024 / 2232           0 / 0              0 / 0        
[1855.766s][info][gc,reloc    ] GC(238) y: Survivor 1        35M (0%)          114M (1%)          75 / 53             0 / 0              0 / 0        
[1855.766s][info][gc,reloc    ] GC(238) y: Survivor 2         0M (0%)           59M (1%)          30 / 18             0 / 0              0 / 0        
[1855.766s][info][gc,reloc    ] GC(238) y: Survivor 3         0M (0%)           11M (0%)           6 / 4              0 / 0              0 / 0        
[1855.766s][info][gc,reloc    ] GC(238) y: Survivor 4         0M (0%)            7M (0%)           4 / 3              0 / 0              0 / 0        
[1855.766s][info][gc,reloc    ] GC(238) y: Survivor 5         0M (0%)            3M (0%)           2 / 2              0 / 0              0 / 0        
[1855.766s][info][gc,reloc    ] GC(238) y: Survivor 6         0M (0%)            9M (0%)           5 / 4              0 / 0              0 / 0        
[1855.766s][info][gc,reloc    ] GC(238) y: Survivor 7         0M (0%)            1M (0%)           1 / 1              0 / 0              0 / 0        
[1855.766s][info][gc,reloc    ] GC(238) y: Survivor 8         0M (0%)            1M (0%)           1 / 1              0 / 0              0 / 0        
[1855.766s][info][gc,heap     ] GC(238) y: Min Capacity: 8192M(100%)
[1855.766s][info][gc,heap     ] GC(238) y: Max Capacity: 8192M(100%)
[1855.766s][info][gc,heap     ] GC(238) y: Soft Max Capacity: 8192M(100%)
[1855.766s][info][gc,heap     ] GC(238) y: Heap Statistics:
[1855.766s][info][gc,heap     ] GC(238) y:                Mark Start          Mark End        Relocate Start      Relocate End           High               Low         
[1855.766s][info][gc,heap     ] GC(238) y:  Capacity:     8192M (100%)       8192M (100%)       8192M (100%)       8192M (100%)       8192M (100%)       8192M (100%)   
[1855.766s][info][gc,heap     ] GC(238) y:      Free:     1346M (16%)        1244M (15%)        2766M (34%)        7302M (89%)        7302M (89%)        1244M (15%)    
[1855.766s][info][gc,heap     ] GC(238) y:      Used:     6846M (84%)        6948M (85%)        5426M (66%)         890M (11%)        6948M (85%)         890M (11%)    
[1855.766s][info][gc,heap     ] GC(238) y: Young Generation Statistics:
[1855.766s][info][gc,heap     ] GC(238) y:                Mark Start          Mark End        Relocate Start      Relocate End    
[1855.766s][info][gc,heap     ] GC(238) y:      Used:     6296M (77%)        6398M (78%)        4876M (60%)         338M (4%)     
[1855.766s][info][gc,heap     ] GC(238) y:      Live:         -               117M (1%)          117M (1%)          117M (1%)     
[1855.766s][info][gc,heap     ] GC(238) y:   Garbage:         -              6178M (75%)        4654M (57%)           2M (0%)     
[1855.766s][info][gc,heap     ] GC(238) y: Allocated:         -               102M (1%)          104M (1%)          218M (3%)     
[1855.766s][info][gc,heap     ] GC(238) y: Reclaimed:         -                  -              1524M (19%)        6176M (75%)    
[1855.766s][info][gc,heap     ] GC(238) y:  Promoted:         -                  -                 0M (0%)            0M (0%)     
[1855.766s][info][gc,heap     ] GC(238) y: Compacted:         -                  -                  -               109M (1%)     
[1855.766s][info][gc,phases   ] GC(238) y: Young Generation 6846M(84%)->890M(11%) 0.243s
[1855.766s][info][gc          ] GC(238) Minor Collection (Allocation Rate) 6846M(84%)->890M(11%) 0.244s
[1864.131s][info][gc          ] GC(239) Minor Collection (Allocation Rate)
[1864.131s][info][gc,task     ] GC(239) Using 1 Workers for Young Generation
[1864.131s][info][gc,phases   ] GC(239) y: Young Generation
[1864.131s][info][gc,phases   ] GC(239) y: Pause Mark Start 0.012ms
[1864.270s][info][gc,phases   ] GC(239) y: Concurrent Mark 139.128ms
[1864.270s][info][gc,phases   ] GC(239) y: Pause Mark End 0.013ms
[1864.270s][info][gc,phases   ] GC(239) y: Concurrent Mark Free 0.000ms
[1864.271s][info][gc,phases   ] GC(239) y: Concurrent Reset Relocation Set 0.268ms
[1864.273s][info][gc,reloc    ] GC(239) y: Using tenuring threshold: 8 (Computed)
[1864.276s][info][gc,phases   ] GC(239) y: Concurrent Select Relocation Set 5.603ms
[1864.276s][info][gc,phases   ] GC(239) y: Pause Relocate Start 0.010ms
[1864.356s][info][gc,phases   ] GC(239) y: Concurrent Relocate 79.594ms
[1864.356s][info][gc,alloc    ] GC(239) y:                         Mark Start        Mark End      Relocate Start    Relocate End   
[1864.356s][info][gc,alloc    ] GC(239) y: Allocation Stalls:          0                0                0                0         
[1864.356s][info][gc,load     ] GC(239) y: Load: 0.00 (0%) / 0.00 (0%) / 0.00 (0%)
[1864.356s][info][gc,mmu      ] GC(239) y: MMU: 2ms/76.4%, 5ms/90.6%, 10ms/95.3%, 20ms/97.6%, 50ms/99.1%, 100ms/99.5%
[1864.356s][info][gc,marking  ] GC(239) y: Mark: 1 stripe(s), 2 proactive flush(es), 1 terminate flush(es), 0 completion(s), 0 continuation(s) 
[1864.356s][info][gc,marking  ] GC(239) y: Mark Stack Usage: 32M
[1864.356s][info][gc,nmethod  ] GC(239) y: NMethods: 7424 registered, 944 unregistered
[1864.356s][info][gc,metaspace] GC(239) y: Metaspace: 132M used, 133M committed, 1152M reserved
[1864.356s][info][gc,reloc    ] GC(239) y:                        Candidates     Selected     In-Place         Size        Empty    Relocated 
[1864.356s][info][gc,reloc    ] GC(239) y: Small Pages:                 3407         2474            0        6814M        1730M          97M 
[1864.356s][info][gc,reloc    ] GC(239) y: Medium Pages:                   0            0            0           0M           0M           0M 
[1864.356s][info][gc,reloc    ] GC(239) y: Large Pages:                    0            0            0           0M           0M           0M 
[1864.356s][info][gc,reloc    ] GC(239) y: Forwarding Usage: 32M
[1864.356s][info][gc,reloc    ] GC(239) y: Age Table:
[1864.356s][info][gc,reloc    ] GC(239) y:                    Live             Garbage             Small              Medium             Large        
[1864.356s][info][gc,reloc    ] GC(239) y: Eden             100M (1%)         6555M (80%)       3328 / 2408           0 / 0              0 / 0        
[1864.356s][info][gc,reloc    ] GC(239) y: Survivor 1        16M (0%)           73M (1%)          45 / 32             0 / 0              0 / 0        
[1864.356s][info][gc,reloc    ] GC(239) y: Survivor 2         1M (0%)           44M (1%)          23 / 23             0 / 0              0 / 0        
[1864.356s][info][gc,reloc    ] GC(239) y: Survivor 3         0M (0%)            1M (0%)           1 / 1              0 / 0              0 / 0        
[1864.356s][info][gc,reloc    ] GC(239) y: Survivor 4         0M (0%)            1M (0%)           1 / 1              0 / 0              0 / 0        
[1864.356s][info][gc,reloc    ] GC(239) y: Survivor 5         0M (0%)            5M (0%)           3 / 3              0 / 0              0 / 0        
[1864.356s][info][gc,reloc    ] GC(239) y: Survivor 6         0M (0%)            3M (0%)           2 / 2              0 / 0              0 / 0        
[1864.356s][info][gc,reloc    ] GC(239) y: Survivor 7         0M (0%)            5M (0%)           3 / 3              0 / 0              0 / 0        
[1864.356s][info][gc,reloc    ] GC(239) y: Survivor 8         0M (0%)            1M (0%)           1 / 1              0 / 0              0 / 0        
[1864.356s][info][gc,heap     ] GC(239) y: Min Capacity: 8192M(100%)
[1864.356s][info][gc,heap     ] GC(239) y: Max Capacity: 8192M(100%)
[1864.356s][info][gc,heap     ] GC(239) y: Soft Max Capacity: 8192M(100%)
[1864.356s][info][gc,heap     ] GC(239) y: Heap Statistics:
[1864.356s][info][gc,heap     ] GC(239) y:                Mark Start          Mark End        Relocate Start      Relocate End           High               Low         
[1864.356s][info][gc,heap     ] GC(239) y:  Capacity:     8192M (100%)       8192M (100%)       8192M (100%)       8192M (100%)       8192M (100%)       8192M (100%)   
[1864.356s][info][gc,heap     ] GC(239) y:      Free:      826M (10%)         690M (8%)         2416M (29%)        7300M (89%)        7300M (89%)         690M (8%)     
[1864.356s][info][gc,heap     ] GC(239) y:      Used:     7366M (90%)        7502M (92%)        5776M (71%)         892M (11%)        7502M (92%)         892M (11%)    
[1864.356s][info][gc,heap     ] GC(239) y: Young Generation Statistics:
[1864.356s][info][gc,heap     ] GC(239) y:                Mark Start          Mark End        Relocate Start      Relocate End    
[1864.356s][info][gc,heap     ] GC(239) y:      Used:     6814M (83%)        6950M (85%)        5224M (64%)         338M (4%)     
[1864.356s][info][gc,heap     ] GC(239) y:      Live:         -               118M (1%)          118M (1%)          118M (1%)     
[1864.356s][info][gc,heap     ] GC(239) y:   Garbage:         -              6695M (82%)        4965M (61%)           0M (0%)     
[1864.356s][info][gc,heap     ] GC(239) y: Allocated:         -               136M (2%)          140M (2%)          218M (3%)     
[1864.356s][info][gc,heap     ] GC(239) y: Reclaimed:         -                  -              1730M (21%)        6694M (82%)    
[1864.356s][info][gc,heap     ] GC(239) y:  Promoted:         -                  -                 0M (0%)            0M (0%)     
[1864.356s][info][gc,heap     ] GC(239) y: Compacted:         -                  -                  -               115M (1%)     
[1864.356s][info][gc,phases   ] GC(239) y: Young Generation 7366M(90%)->892M(11%) 0.225s
[1864.356s][info][gc          ] GC(239) Minor Collection (Allocation Rate) 7366M(90%)->892M(11%) 0.226s
[1871.207s][info][gc          ] GC(240) Minor Collection (Allocation Rate)
[1871.207s][info][gc,task     ] GC(240) Using 1 Workers for Young Generation
[1871.207s][info][gc,phases   ] GC(240) y: Young Generation
[1871.207s][info][gc,phases   ] GC(240) y: Pause Mark Start 0.013ms
[1871.340s][info][gc,phases   ] GC(240) y: Concurrent Mark 132.782ms
[1871.340s][info][gc,phases   ] GC(240) y: Pause Mark End 0.009ms
[1871.340s][info][gc,phases   ] GC(240) y: Concurrent Mark Free 0.000ms
[1871.341s][info][gc,phases   ] GC(240) y: Concurrent Reset Relocation Set 0.203ms
[1871.343s][info][gc,reloc    ] GC(240) y: Using tenuring threshold: 7 (Computed)
[1871.346s][info][gc,phases   ] GC(240) y: Concurrent Select Relocation Set 5.629ms
[1871.346s][info][gc,phases   ] GC(240) y: Pause Relocate Start 0.009ms
[1871.426s][info][gc,phases   ] GC(240) y: Concurrent Relocate 79.407ms
[1871.426s][info][gc,alloc    ] GC(240) y:                         Mark Start        Mark End      Relocate Start    Relocate End   
[1871.426s][info][gc,alloc    ] GC(240) y: Allocation Stalls:          0                0                0                0         
[1871.426s][info][gc,load     ] GC(240) y: Load: 0.00 (0%) / 0.00 (0%) / 0.00 (0%)
[1871.426s][info][gc,mmu      ] GC(240) y: MMU: 2ms/76.4%, 5ms/90.6%, 10ms/95.3%, 20ms/97.6%, 50ms/99.1%, 100ms/99.5%
[1871.426s][info][gc,marking  ] GC(240) y: Mark: 1 stripe(s), 2 proactive flush(es), 1 terminate flush(es), 0 completion(s), 0 continuation(s) 
[1871.426s][info][gc,marking  ] GC(240) y: Mark Stack Usage: 32M
[1871.426s][info][gc,nmethod  ] GC(240) y: NMethods: 7434 registered, 944 unregistered
[1871.426s][info][gc,metaspace] GC(240) y: Metaspace: 132M used, 133M committed, 1152M reserved
[1871.426s][info][gc,reloc    ] GC(240) y:                        Candidates     Selected     In-Place         Size        Empty    Relocated 
[1871.426s][info][gc,reloc    ] GC(240) y: Small Pages:                 3318         1986            0        6636M        2544M          85M 
[1871.426s][info][gc,reloc    ] GC(240) y: Medium Pages:                   1            0            0          32M           0M           0M 
[1871.426s][info][gc,reloc    ] GC(240) y: Large Pages:                    0            0            0           0M           0M           0M 
[1871.426s][info][gc,reloc    ] GC(240) y: Forwarding Usage: 30M
[1871.426s][info][gc,reloc    ] GC(240) y: Age Table:
[1871.426s][info][gc,reloc    ] GC(240) y:                    Live             Garbage             Small              Medium             Large        
[1871.426s][info][gc,reloc    ] GC(240) y: Eden             108M (1%)         6407M (78%)       3242 / 1921           1 / 0              0 / 0        
[1871.426s][info][gc,reloc    ] GC(240) y: Survivor 1         0M (0%)          107M (1%)          54 / 46             0 / 0              0 / 0        
[1871.426s][info][gc,reloc    ] GC(240) y: Survivor 2         0M (0%)           23M (0%)          12 / 11             0 / 0              0 / 0        
[1871.426s][info][gc,reloc    ] GC(240) y: Survivor 3         0M (0%)            5M (0%)           3 / 1              0 / 0              0 / 0        
[1871.426s][info][gc,reloc    ] GC(240) y: Survivor 4         0M (0%)            3M (0%)           2 / 2              0 / 0              0 / 0        
[1871.426s][info][gc,reloc    ] GC(240) y: Survivor 5         0M (0%)            1M (0%)           1 / 1              0 / 0              0 / 0        
[1871.426s][info][gc,reloc    ] GC(240) y: Survivor 6         0M (0%)            3M (0%)           2 / 2              0 / 0              0 / 0        
[1871.426s][info][gc,reloc    ] GC(240) y: Survivor 7         0M (0%)            1M (0%)           1 / 1              0 / 0              0 / 0        
[1871.426s][info][gc,reloc    ] GC(240) y: Survivor 8         0M (0%)            1M (0%)           1 / 1              0 / 0              0 / 0        
[1871.426s][info][gc,heap     ] GC(240) y: Min Capacity: 8192M(100%)
[1871.426s][info][gc,heap     ] GC(240) y: Max Capacity: 8192M(100%)
[1871.426s][info][gc,heap     ] GC(240) y: Soft Max Capacity: 8192M(100%)
[1871.426s][info][gc,heap     ] GC(240) y: Heap Statistics:
[1871.426s][info][gc,heap     ] GC(240) y:                Mark Start          Mark End        Relocate Start      Relocate End           High               Low         
[1871.426s][info][gc,heap     ] GC(240) y:  Capacity:     8192M (100%)       8192M (100%)       8192M (100%)       8192M (100%)       8192M (100%)       8192M (100%)   
[1871.426s][info][gc,heap     ] GC(240) y:      Free:      970M (12%)         812M (10%)        3352M (41%)        7256M (89%)        7256M (89%)         812M (10%)    
[1871.426s][info][gc,heap     ] GC(240) y:      Used:     7222M (88%)        7380M (90%)        4840M (59%)         936M (11%)        7380M (90%)         936M (11%)    
[1871.426s][info][gc,heap     ] GC(240) y: Young Generation Statistics:
[1871.426s][info][gc,heap     ] GC(240) y:                Mark Start          Mark End        Relocate Start      Relocate End    
[1871.426s][info][gc,heap     ] GC(240) y:      Used:     6668M (81%)        6826M (83%)        4286M (52%)         378M (5%)     
[1871.426s][info][gc,heap     ] GC(240) y:      Live:         -               109M (1%)          109M (1%)          109M (1%)     
[1871.426s][info][gc,heap     ] GC(240) y:   Garbage:         -              6558M (80%)        4014M (49%)          27M (0%)     
[1871.426s][info][gc,heap     ] GC(240) y: Allocated:         -               158M (2%)          162M (2%)          241M (3%)     
[1871.426s][info][gc,heap     ] GC(240) y: Reclaimed:         -                  -              2544M (31%)        6530M (80%)    
[1871.426s][info][gc,heap     ] GC(240) y:  Promoted:         -                  -                 0M (0%)            0M (0%)     
[1871.426s][info][gc,heap     ] GC(240) y: Compacted:         -                  -                  -               100M (1%)     
[1871.426s][info][gc,phases   ] GC(240) y: Young Generation 7222M(88%)->936M(11%) 0.219s
[1871.427s][info][gc          ] GC(240) Minor Collection (Allocation Rate) 7222M(88%)->936M(11%) 0.219s
[1881.144s][info][gc          ] GC(241) Minor Collection (Allocation Rate)
[1881.144s][info][gc,task     ] GC(241) Using 1 Workers for Young Generation
[1881.144s][info][gc,phases   ] GC(241) y: Young Generation
[1881.144s][info][gc,phases   ] GC(241) y: Pause Mark Start 0.020ms
[1881.301s][info][gc,phases   ] GC(241) y: Concurrent Mark 157.364ms
[1881.302s][info][gc,phases   ] GC(241) y: Pause Mark End 0.012ms
[1881.302s][info][gc,phases   ] GC(241) y: Concurrent Mark Free 0.000ms
[1881.302s][info][gc,phases   ] GC(241) y: Concurrent Reset Relocation Set 0.192ms
[1881.304s][info][gc,reloc    ] GC(241) y: Using tenuring threshold: 6 (Computed)
[1881.320s][info][gc,phases   ] GC(241) y: Concurrent Select Relocation Set 18.243ms
[1881.320s][info][gc,phases   ] GC(241) y: Pause Relocate Start 0.015ms
[1881.406s][info][gc,phases   ] GC(241) y: Concurrent Relocate 85.728ms
[1881.406s][info][gc,alloc    ] GC(241) y:                         Mark Start        Mark End      Relocate Start    Relocate End   
[1881.406s][info][gc,alloc    ] GC(241) y: Allocation Stalls:          0                0                0                0         
[1881.406s][info][gc,load     ] GC(241) y: Load: 0.00 (0%) / 0.00 (0%) / 0.00 (0%)
[1881.406s][info][gc,mmu      ] GC(241) y: MMU: 2ms/76.4%, 5ms/90.6%, 10ms/95.3%, 20ms/97.6%, 50ms/99.1%, 100ms/99.5%
[1881.406s][info][gc,marking  ] GC(241) y: Mark: 1 stripe(s), 2 proactive flush(es), 1 terminate flush(es), 0 completion(s), 0 continuation(s) 
[1881.406s][info][gc,marking  ] GC(241) y: Mark Stack Usage: 32M
[1881.406s][info][gc,nmethod  ] GC(241) y: NMethods: 7438 registered, 944 unregistered
[1881.406s][info][gc,metaspace] GC(241) y: Metaspace: 132M used, 133M committed, 1152M reserved
[1881.406s][info][gc,reloc    ] GC(241) y:                        Candidates     Selected     In-Place         Size        Empty    Relocated 
[1881.406s][info][gc,reloc    ] GC(241) y: Small Pages:                 3487         2416            0        6974M        2004M         101M 
[1881.406s][info][gc,reloc    ] GC(241) y: Medium Pages:                   1            0            0          32M           0M           0M 
[1881.406s][info][gc,reloc    ] GC(241) y: Large Pages:                    0            0            0           0M           0M           0M 
[1881.406s][info][gc,reloc    ] GC(241) y: Forwarding Usage: 34M
[1881.406s][info][gc,reloc    ] GC(241) y: Age Table:
[1881.406s][info][gc,reloc    ] GC(241) y:                    Live             Garbage             Small              Medium             Large        
[1881.406s][info][gc,reloc    ] GC(241) y: Eden             100M (1%)         6731M (82%)       3416 / 2366           0 / 0              0 / 0        
[1881.406s][info][gc,reloc    ] GC(241) y: Survivor 1        24M (0%)          115M (1%)          54 / 38             1 / 0              0 / 0        
[1881.406s][info][gc,reloc    ] GC(241) y: Survivor 2         0M (0%)            5M (0%)           3 / 2              0 / 0              0 / 0        
[1881.406s][info][gc,reloc    ] GC(241) y: Survivor 3         0M (0%)            7M (0%)           4 / 3              0 / 0              0 / 0        
[1881.406s][info][gc,reloc    ] GC(241) y: Survivor 4         0M (0%)            5M (0%)           3 / 1              0 / 0              0 / 0        
[1881.406s][info][gc,reloc    ] GC(241) y: Survivor 5         0M (0%)            3M (0%)           2 / 1              0 / 0              0 / 0        
[1881.406s][info][gc,reloc    ] GC(241) y: Survivor 6         0M (0%)            3M (0%)           2 / 2              0 / 0              0 / 0        
[1881.406s][info][gc,reloc    ] GC(241) y: Survivor 7         0M (0%)            5M (0%)           3 / 3              0 / 0              0 / 0        
[1881.406s][info][gc,heap     ] GC(241) y: Min Capacity: 8192M(100%)
[1881.406s][info][gc,heap     ] GC(241) y: Max Capacity: 8192M(100%)
[1881.406s][info][gc,heap     ] GC(241) y: Soft Max Capacity: 8192M(100%)
[1881.406s][info][gc,heap     ] GC(241) y: Heap Statistics:
[1881.406s][info][gc,heap     ] GC(241) y:                Mark Start          Mark End        Relocate Start      Relocate End           High               Low         
[1881.406s][info][gc,heap     ] GC(241) y:  Capacity:     8192M (100%)       8192M (100%)       8192M (100%)       8192M (100%)       8192M (100%)       8192M (100%)   
[1881.406s][info][gc,heap     ] GC(241) y:      Free:      628M (8%)          422M (5%)         2418M (30%)        7176M (88%)        7178M (88%)         422M (5%)     
[1881.407s][info][gc,heap     ] GC(241) y:      Used:     7564M (92%)        7770M (95%)        5774M (70%)        1016M (12%)        7770M (95%)        1014M (12%)    
[1881.407s][info][gc,heap     ] GC(241) y: Young Generation Statistics:
[1881.407s][info][gc,heap     ] GC(241) y:                Mark Start          Mark End        Relocate Start      Relocate End    
[1881.407s][info][gc,heap     ] GC(241) y:      Used:     7006M (86%)        7212M (88%)        5216M (64%)         456M (6%)     
[1881.407s][info][gc,heap     ] GC(241) y:      Live:         -               126M (2%)          126M (2%)          125M (2%)     
[1881.407s][info][gc,heap     ] GC(241) y:   Garbage:         -              6879M (84%)        4875M (60%)          27M (0%)     
[1881.407s][info][gc,heap     ] GC(241) y: Allocated:         -               206M (3%)          214M (3%)          303M (4%)     
[1881.407s][info][gc,heap     ] GC(241) y: Reclaimed:         -                  -              2004M (24%)        6852M (84%)    
[1881.407s][info][gc,heap     ] GC(241) y:  Promoted:         -                  -                 0M (0%)            0M (0%)     
[1881.407s][info][gc,heap     ] GC(241) y: Compacted:         -                  -                  -               116M (1%)     
[1881.407s][info][gc,phases   ] GC(241) y: Young Generation 7564M(92%)->1016M(12%) 0.262s
[1881.407s][info][gc          ] GC(241) Minor Collection (Allocation Rate) 7564M(92%)->1018M(12%) 0.263s
[1887.329s][info][gc          ] GC(242) Minor Collection (Allocation Rate)
[1887.329s][info][gc,task     ] GC(242) Using 1 Workers for Young Generation
[1887.329s][info][gc,phases   ] GC(242) y: Young Generation
[1887.329s][info][gc,phases   ] GC(242) y: Pause Mark Start 0.014ms
[1887.468s][info][gc,phases   ] GC(242) y: Concurrent Mark 138.613ms
[1887.468s][info][gc,phases   ] GC(242) y: Pause Mark End 0.010ms
[1887.468s][info][gc,phases   ] GC(242) y: Concurrent Mark Free 0.000ms
[1887.468s][info][gc,phases   ] GC(242) y: Concurrent Reset Relocation Set 0.225ms
[1887.471s][info][gc,reloc    ] GC(242) y: Using tenuring threshold: 6 (Computed)
[1887.474s][info][gc,phases   ] GC(242) y: Concurrent Select Relocation Set 5.619ms
[1887.474s][info][gc,phases   ] GC(242) y: Pause Relocate Start 0.010ms
[1887.547s][info][gc,phases   ] GC(242) y: Concurrent Relocate 73.135ms
[1887.547s][info][gc,alloc    ] GC(242) y:                         Mark Start        Mark End      Relocate Start    Relocate End   
[1887.547s][info][gc,alloc    ] GC(242) y: Allocation Stalls:          0                0                0                0         
[1887.547s][info][gc,load     ] GC(242) y: Load: 0.00 (0%) / 0.00 (0%) / 0.00 (0%)
[1887.547s][info][gc,mmu      ] GC(242) y: MMU: 2ms/76.4%, 5ms/90.6%, 10ms/95.3%, 20ms/97.6%, 50ms/99.1%, 100ms/99.5%
[1887.547s][info][gc,marking  ] GC(242) y: Mark: 1 stripe(s), 2 proactive flush(es), 1 terminate flush(es), 0 completion(s), 0 continuation(s) 
[1887.547s][info][gc,marking  ] GC(242) y: Mark Stack Usage: 32M
[1887.547s][info][gc,nmethod  ] GC(242) y: NMethods: 7467 registered, 944 unregistered
[1887.547s][info][gc,metaspace] GC(242) y: Metaspace: 132M used, 133M committed, 1152M reserved
[1887.547s][info][gc,reloc    ] GC(242) y:                        Candidates     Selected     In-Place         Size        Empty    Relocated 
[1887.547s][info][gc,reloc    ] GC(242) y: Small Pages:                 3244         1414            0        6488M        3538M          75M 
[1887.547s][info][gc,reloc    ] GC(242) y: Medium Pages:                   1            0            0          32M           0M           0M 
[1887.547s][info][gc,reloc    ] GC(242) y: Large Pages:                    0            0            0           0M           0M           0M 
[1887.547s][info][gc,reloc    ] GC(242) y: Forwarding Usage: 26M
[1887.547s][info][gc,reloc    ] GC(242) y: Age Table:
[1887.547s][info][gc,reloc    ] GC(242) y:                    Live             Garbage             Small              Medium             Large        
[1887.547s][info][gc,reloc    ] GC(242) y: Eden             102M (1%)         6219M (76%)       3161 / 1340           0 / 0              0 / 0        
[1887.547s][info][gc,reloc    ] GC(242) y: Survivor 1         2M (0%)          111M (1%)          57 / 52             0 / 0              0 / 0        
[1887.547s][info][gc,reloc    ] GC(242) y: Survivor 2         7M (0%)           60M (1%)          18 / 15             1 / 0              0 / 0        
[1887.547s][info][gc,reloc    ] GC(242) y: Survivor 3         0M (0%)            3M (0%)           2 / 2              0 / 0              0 / 0        
[1887.547s][info][gc,reloc    ] GC(242) y: Survivor 4         0M (0%)            3M (0%)           2 / 1              0 / 0              0 / 0        
[1887.547s][info][gc,reloc    ] GC(242) y: Survivor 5         0M (0%)            1M (0%)           1 / 1              0 / 0              0 / 0        
[1887.547s][info][gc,reloc    ] GC(242) y: Survivor 6         0M (0%)            5M (0%)           3 / 3              0 / 0              0 / 0        
[1887.547s][info][gc,heap     ] GC(242) y: Min Capacity: 8192M(100%)
[1887.547s][info][gc,heap     ] GC(242) y: Max Capacity: 8192M(100%)
[1887.547s][info][gc,heap     ] GC(242) y: Soft Max Capacity: 8192M(100%)
[1887.547s][info][gc,heap     ] GC(242) y: Heap Statistics:
[1887.547s][info][gc,heap     ] GC(242) y:                Mark Start          Mark End        Relocate Start      Relocate End           High               Low         
[1887.547s][info][gc,heap     ] GC(242) y:  Capacity:     8192M (100%)       8192M (100%)       8192M (100%)       8192M (100%)       8192M (100%)       8192M (100%)   
[1887.547s][info][gc,heap     ] GC(242) y:      Free:     1112M (14%)         940M (11%)        4472M (55%)        7202M (88%)        7202M (88%)         940M (11%)    
[1887.547s][info][gc,heap     ] GC(242) y:      Used:     7080M (86%)        7252M (89%)        3720M (45%)         990M (12%)        7252M (89%)         990M (12%)    
[1887.547s][info][gc,heap     ] GC(242) y: Young Generation Statistics:
[1887.547s][info][gc,heap     ] GC(242) y:                Mark Start          Mark End        Relocate Start      Relocate End    
[1887.547s][info][gc,heap     ] GC(242) y:      Used:     6520M (80%)        6692M (82%)        3160M (39%)         426M (5%)     
[1887.547s][info][gc,heap     ] GC(242) y:      Live:         -               112M (1%)          112M (1%)          112M (1%)     
[1887.548s][info][gc,heap     ] GC(242) y:   Garbage:         -              6407M (78%)        2869M (35%)          28M (0%)     
[1887.548s][info][gc,heap     ] GC(242) y: Allocated:         -               172M (2%)          178M (2%)          285M (3%)     
[1887.548s][info][gc,heap     ] GC(242) y: Reclaimed:         -                  -              3538M (43%)        6379M (78%)    
[1887.548s][info][gc,heap     ] GC(242) y:  Promoted:         -                  -                 0M (0%)            0M (0%)     
[1887.548s][info][gc,heap     ] GC(242) y: Compacted:         -                  -                  -                86M (1%)     
[1887.548s][info][gc,phases   ] GC(242) y: Young Generation 7080M(86%)->990M(12%) 0.218s
[1887.548s][info][gc          ] GC(242) Minor Collection (Allocation Rate) 7080M(86%)->994M(12%) 0.219s
[1896.188s][info][gc          ] GC(243) Minor Collection (Allocation Rate)
[1896.188s][info][gc,task     ] GC(243) Using 1 Workers for Young Generation
[1896.188s][info][gc,phases   ] GC(243) y: Young Generation
[1896.188s][info][gc,phases   ] GC(243) y: Pause Mark Start 0.013ms
[1896.332s][info][gc,phases   ] GC(243) y: Concurrent Mark 144.054ms
[1896.332s][info][gc,phases   ] GC(243) y: Pause Mark End 0.011ms
[1896.332s][info][gc,phases   ] GC(243) y: Concurrent Mark Free 0.000ms
[1896.333s][info][gc,phases   ] GC(243) y: Concurrent Reset Relocation Set 0.103ms
[1896.335s][info][gc,reloc    ] GC(243) y: Using tenuring threshold: 1 (Computed)
[1896.354s][info][gc,phases   ] GC(243) y: Concurrent Select Relocation Set 21.672ms
[1896.354s][info][gc,phases   ] GC(243) y: Pause Relocate Start 0.008ms
[1896.450s][info][gc,phases   ] GC(243) y: Concurrent Relocate 95.612ms
[1896.450s][info][gc,alloc    ] GC(243) y:                         Mark Start        Mark End      Relocate Start    Relocate End   
[1896.450s][info][gc,alloc    ] GC(243) y: Allocation Stalls:          0                0                0                0         
[1896.450s][info][gc,load     ] GC(243) y: Load: 0.00 (0%) / 0.00 (0%) / 0.00 (0%)
[1896.450s][info][gc,mmu      ] GC(243) y: MMU: 2ms/76.4%, 5ms/90.6%, 10ms/95.3%, 20ms/97.6%, 50ms/99.1%, 100ms/99.5%
[1896.450s][info][gc,marking  ] GC(243) y: Mark: 1 stripe(s), 2 proactive flush(es), 1 terminate flush(es), 0 completion(s), 0 continuation(s) 
[1896.450s][info][gc,marking  ] GC(243) y: Mark Stack Usage: 32M
[1896.450s][info][gc,nmethod  ] GC(243) y: NMethods: 7520 registered, 944 unregistered
[1896.450s][info][gc,metaspace] GC(243) y: Metaspace: 132M used, 133M committed, 1152M reserved
[1896.450s][info][gc,reloc    ] GC(243) y:                        Candidates     Selected     In-Place         Size        Empty    Relocated 
[1896.450s][info][gc,reloc    ] GC(243) y: Small Pages:                 3427         2209            0        6854M        2314M          89M 
[1896.450s][info][gc,reloc    ] GC(243) y: Medium Pages:                   1            0            0          32M           0M           0M 
[1896.450s][info][gc,reloc    ] GC(243) y: Large Pages:                    0            0            0           0M           0M           0M 
[1896.450s][info][gc,reloc    ] GC(243) y: Forwarding Usage: 31M
[1896.450s][info][gc,reloc    ] GC(243) y: Age Table:
[1896.450s][info][gc,reloc    ] GC(243) y:                    Live             Garbage             Small              Medium             Large        
[1896.450s][info][gc,reloc    ] GC(243) y: Eden              88M (1%)         6619M (81%)       3354 / 2156           0 / 0              0 / 0        
[1896.450s][info][gc,reloc    ] GC(243) y: Survivor 1        17M (0%)           96M (1%)          57 / 39             0 / 0              0 / 0        
[1896.450s][info][gc,reloc    ] GC(243) y: Survivor 2         0M (0%)            9M (0%)           5 / 4              0 / 0              0 / 0        
[1896.450s][info][gc,reloc    ] GC(243) y: Survivor 3         6M (0%)           39M (0%)           7 / 6              1 / 0              0 / 0        
[1896.450s][info][gc,reloc    ] GC(243) y: Survivor 4         0M (0%)            1M (0%)           1 / 1              0 / 0              0 / 0        
[1896.450s][info][gc,reloc    ] GC(243) y: Survivor 5         0M (0%)            3M (0%)           2 / 2              0 / 0              0 / 0        
[1896.450s][info][gc,reloc    ] GC(243) y: Survivor 6         0M (0%)            1M (0%)           1 / 1              0 / 0              0 / 0        
[1896.450s][info][gc,heap     ] GC(243) y: Min Capacity: 8192M(100%)
[1896.450s][info][gc,heap     ] GC(243) y: Max Capacity: 8192M(100%)
[1896.450s][info][gc,heap     ] GC(243) y: Soft Max Capacity: 8192M(100%)
[1896.450s][info][gc,heap     ] GC(243) y: Heap Statistics:
[1896.450s][info][gc,heap     ] GC(243) y:                Mark Start          Mark End        Relocate Start      Relocate End           High               Low         
[1896.450s][info][gc,heap     ] GC(243) y:  Capacity:     8192M (100%)       8192M (100%)       8192M (100%)       8192M (100%)       8192M (100%)       8192M (100%)   
[1896.450s][info][gc,heap     ] GC(243) y:      Free:      742M (9%)          578M (7%)         2884M (35%)        7236M (88%)        7236M (88%)         578M (7%)     
[1896.450s][info][gc,heap     ] GC(243) y:      Used:     7450M (91%)        7614M (93%)        5308M (65%)         956M (12%)        7614M (93%)         956M (12%)    
[1896.450s][info][gc,heap     ] GC(243) y: Young Generation Statistics:
[1896.450s][info][gc,heap     ] GC(243) y:                Mark Start          Mark End        Relocate Start      Relocate End    
[1896.450s][info][gc,heap     ] GC(243) y:      Used:     6886M (84%)        7050M (86%)        4712M (58%)         338M (4%)     
[1896.450s][info][gc,heap     ] GC(243) y:      Live:         -               112M (1%)          106M (1%)           88M (1%)     
[1896.450s][info][gc,heap     ] GC(243) y:   Garbage:         -              6773M (83%)        4433M (54%)           0M (0%)     
[1896.450s][info][gc,heap     ] GC(243) y: Allocated:         -               164M (2%)          172M (2%)          249M (3%)     
[1896.450s][info][gc,heap     ] GC(243) y: Reclaimed:         -                  -              2339M (29%)        6773M (83%)    
[1896.450s][info][gc,heap     ] GC(243) y:  Promoted:         -                  -                 6M (0%)           23M (0%)     
[1896.450s][info][gc,heap     ] GC(243) y: Compacted:         -                  -                  -                88M (1%)     
[1896.450s][info][gc,phases   ] GC(243) y: Young Generation 7450M(91%)->956M(12%) 0.262s
[1896.451s][info][gc          ] GC(243) Minor Collection (Allocation Rate) 7450M(91%)->958M(12%) 0.262s
[1903.270s][info][gc          ] GC(244) Minor Collection (Allocation Rate)
[1903.270s][info][gc,task     ] GC(244) Using 1 Workers for Young Generation
[1903.270s][info][gc,phases   ] GC(244) y: Young Generation
[1903.270s][info][gc,phases   ] GC(244) y: Pause Mark Start 0.015ms
[1903.410s][info][gc,phases   ] GC(244) y: Concurrent Mark 139.977ms
[1903.410s][info][gc,phases   ] GC(244) y: Pause Mark End 0.009ms
[1903.410s][info][gc,phases   ] GC(244) y: Concurrent Mark Free 0.000ms
[1903.410s][info][gc,phases   ] GC(244) y: Concurrent Reset Relocation Set 0.347ms
[1903.413s][info][gc,reloc    ] GC(244) y: Using tenuring threshold: 2 (Computed)
[1903.418s][info][gc,phases   ] GC(244) y: Concurrent Select Relocation Set 8.207ms
[1903.419s][info][gc,phases   ] GC(244) y: Pause Relocate Start 0.020ms
[1903.490s][info][gc,phases   ] GC(244) y: Concurrent Relocate 71.470ms
[1903.490s][info][gc,alloc    ] GC(244) y:                         Mark Start        Mark End      Relocate Start    Relocate End   
[1903.490s][info][gc,alloc    ] GC(244) y: Allocation Stalls:          0                0                0                0         
[1903.490s][info][gc,load     ] GC(244) y: Load: 0.00 (0%) / 0.00 (0%) / 0.00 (0%)
[1903.490s][info][gc,mmu      ] GC(244) y: MMU: 2ms/76.4%, 5ms/90.6%, 10ms/95.3%, 20ms/97.6%, 50ms/99.1%, 100ms/99.5%
[1903.490s][info][gc,marking  ] GC(244) y: Mark: 1 stripe(s), 2 proactive flush(es), 1 terminate flush(es), 0 completion(s), 0 continuation(s) 
[1903.490s][info][gc,marking  ] GC(244) y: Mark Stack Usage: 32M
[1903.490s][info][gc,nmethod  ] GC(244) y: NMethods: 7532 registered, 944 unregistered
[1903.490s][info][gc,metaspace] GC(244) y: Metaspace: 132M used, 133M committed, 1152M reserved
[1903.490s][info][gc,reloc    ] GC(244) y:                        Candidates     Selected     In-Place         Size        Empty    Relocated 
[1903.490s][info][gc,reloc    ] GC(244) y: Small Pages:                 3404         1178            0        6808M        4334M          79M 
[1903.490s][info][gc,reloc    ] GC(244) y: Medium Pages:                   0            0            0           0M           0M           0M 
[1903.490s][info][gc,reloc    ] GC(244) y: Large Pages:                    0            0            0           0M           0M           0M 
[1903.490s][info][gc,reloc    ] GC(244) y: Forwarding Usage: 28M
[1903.490s][info][gc,reloc    ] GC(244) y: Age Table:
[1903.490s][info][gc,reloc    ] GC(244) y:                    Live             Garbage             Small              Medium             Large        
[1903.490s][info][gc,reloc    ] GC(244) y: Eden              83M (1%)         6628M (81%)       3356 / 1146           0 / 0              0 / 0        
[1903.490s][info][gc,reloc    ] GC(244) y: Survivor 1        19M (0%)           76M (1%)          48 / 32             0 / 0              0 / 0        
[1903.490s][info][gc,heap     ] GC(244) y: Min Capacity: 8192M(100%)
[1903.490s][info][gc,heap     ] GC(244) y: Max Capacity: 8192M(100%)
[1903.490s][info][gc,heap     ] GC(244) y: Soft Max Capacity: 8192M(100%)
[1903.490s][info][gc,heap     ] GC(244) y: Heap Statistics:
[1903.490s][info][gc,heap     ] GC(244) y:                Mark Start          Mark End        Relocate Start      Relocate End           High               Low         
[1903.490s][info][gc,heap     ] GC(244) y:  Capacity:     8192M (100%)       8192M (100%)       8192M (100%)       8192M (100%)       8192M (100%)       8192M (100%)   
[1903.490s][info][gc,heap     ] GC(244) y:      Free:      766M (9%)          644M (8%)         4974M (61%)        7266M (89%)        7266M (89%)         644M (8%)     
[1903.491s][info][gc,heap     ] GC(244) y:      Used:     7426M (91%)        7548M (92%)        3218M (39%)         926M (11%)        7548M (92%)         926M (11%)    
[1903.491s][info][gc,heap     ] GC(244) y: Young Generation Statistics:
[1903.491s][info][gc,heap     ] GC(244) y:                Mark Start          Mark End        Relocate Start      Relocate End    
[1903.491s][info][gc,heap     ] GC(244) y:      Used:     6808M (83%)        6930M (85%)        2600M (32%)         308M (4%)     
[1903.491s][info][gc,heap     ] GC(244) y:      Live:         -               102M (1%)          102M (1%)          102M (1%)     
[1903.491s][info][gc,heap     ] GC(244) y:   Garbage:         -              6705M (82%)        2371M (29%)           0M (0%)     
[1903.491s][info][gc,heap     ] GC(244) y: Allocated:         -               122M (1%)          126M (2%)          204M (2%)     
[1903.491s][info][gc,heap     ] GC(244) y: Reclaimed:         -                  -              4334M (53%)        6704M (82%)    
[1903.491s][info][gc,heap     ] GC(244) y:  Promoted:         -                  -                 0M (0%)            0M (0%)     
[1903.491s][info][gc,heap     ] GC(244) y: Compacted:         -                  -                  -                97M (1%)     
[1903.491s][info][gc,phases   ] GC(244) y: Young Generation 7426M(91%)->926M(11%) 0.221s
[1903.491s][info][gc          ] GC(244) Minor Collection (Allocation Rate) 7426M(91%)->926M(11%) 0.221s
[1906.680s][info][gc          ] GC(245) Major Collection (Proactive)
[1906.680s][info][gc,task     ] GC(245) Using 1 Workers for Young Generation
[1906.680s][info][gc,task     ] GC(245) Using 1 Workers for Old Generation
[1906.680s][info][gc,phases   ] GC(245) Y: Young Generation
[1906.681s][info][gc,phases   ] GC(245) Y: Pause Mark Start (Major) 0.015ms
[1906.863s][info][gc,phases   ] GC(245) Y: Concurrent Mark 182.429ms
[1906.863s][info][gc,phases   ] GC(245) Y: Pause Mark End 0.009ms
[1906.863s][info][gc,phases   ] GC(245) Y: Concurrent Mark Free 0.000ms
[1906.863s][info][gc,phases   ] GC(245) Y: Concurrent Reset Relocation Set 0.090ms
[1906.865s][info][gc,reloc    ] GC(245) Y: Using tenuring threshold: 3 (Computed)
[1906.868s][info][gc,phases   ] GC(245) Y: Concurrent Select Relocation Set 4.762ms
[1906.868s][info][gc,phases   ] GC(245) Y: Pause Relocate Start 0.009ms
[1906.934s][info][gc,phases   ] GC(245) Y: Concurrent Relocate 65.451ms
[1906.934s][info][gc,alloc    ] GC(245) Y:                         Mark Start        Mark End      Relocate Start    Relocate End   
[1906.934s][info][gc,alloc    ] GC(245) Y: Allocation Stalls:          0                0                0                0         
[1906.934s][info][gc,load     ] GC(245) Y: Load: 0.00 (0%) / 0.00 (0%) / 0.00 (0%)
[1906.934s][info][gc,mmu      ] GC(245) Y: MMU: 2ms/76.4%, 5ms/90.6%, 10ms/95.3%, 20ms/97.6%, 50ms/99.1%, 100ms/99.5%
[1906.934s][info][gc,marking  ] GC(245) Y: Mark: 1 stripe(s), 2 proactive flush(es), 1 terminate flush(es), 0 completion(s), 0 continuation(s) 
[1906.934s][info][gc,marking  ] GC(245) Y: Mark Stack Usage: 32M
[1906.934s][info][gc,nmethod  ] GC(245) Y: NMethods: 7532 registered, 944 unregistered
[1906.934s][info][gc,metaspace] GC(245) Y: Metaspace: 132M used, 133M committed, 1152M reserved
[1906.934s][info][gc,reloc    ] GC(245) Y:                        Candidates     Selected     In-Place         Size        Empty    Relocated 
[1906.934s][info][gc,reloc    ] GC(245) Y: Small Pages:                 1353         1074            0        2706M         414M          60M 
[1906.934s][info][gc,reloc    ] GC(245) Y: Medium Pages:                   0            0            0           0M           0M           0M 
[1906.934s][info][gc,reloc    ] GC(245) Y: Large Pages:                    0            0            0           0M           0M           0M 
[1906.934s][info][gc,reloc    ] GC(245) Y: Forwarding Usage: 25M
[1906.934s][info][gc,reloc    ] GC(245) Y: Age Table:
[1906.934s][info][gc,reloc    ] GC(245) Y:                    Live             Garbage             Small              Medium             Large        
[1906.934s][info][gc,reloc    ] GC(245) Y: Eden              57M (1%)         2526M (31%)       1292 / 1054           0 / 0              0 / 0        
[1906.934s][info][gc,reloc    ] GC(245) Y: Survivor 1        49M (1%)           44M (1%)          47 / 14             0 / 0              0 / 0        
[1906.934s][info][gc,reloc    ] GC(245) Y: Survivor 2        12M (0%)           15M (0%)          14 / 6              0 / 0              0 / 0        
[1906.934s][info][gc,heap     ] GC(245) Y: Min Capacity: 8192M(100%)
[1906.934s][info][gc,heap     ] GC(245) Y: Max Capacity: 8192M(100%)
[1906.934s][info][gc,heap     ] GC(245) Y: Soft Max Capacity: 8192M(100%)
[1906.934s][info][gc,heap     ] GC(245) Y: Heap Statistics:
[1906.934s][info][gc,heap     ] GC(245) Y:                Mark Start          Mark End        Relocate Start      Relocate End           High               Low         
[1906.934s][info][gc,heap     ] GC(245) Y:  Capacity:     8192M (100%)       8192M (100%)       8192M (100%)       8192M (100%)       8192M (100%)       8192M (100%)   
[1906.934s][info][gc,heap     ] GC(245) Y:      Free:     4868M (59%)        4678M (57%)        5088M (62%)        7184M (88%)        7186M (88%)        4678M (57%)    
[1906.934s][info][gc,heap     ] GC(245) Y:      Used:     3324M (41%)        3514M (43%)        3104M (38%)        1008M (12%)        3514M (43%)        1006M (12%)    
[1906.934s][info][gc,heap     ] GC(245) Y: Young Generation Statistics:
[1906.934s][info][gc,heap     ] GC(245) Y:                Mark Start          Mark End        Relocate Start      Relocate End    
[1906.934s][info][gc,heap     ] GC(245) Y:      Used:     2706M (33%)        2896M (35%)        2486M (30%)         390M (5%)     
[1906.934s][info][gc,heap     ] GC(245) Y:      Live:         -               119M (1%)          119M (1%)          119M (1%)     
[1906.934s][info][gc,heap     ] GC(245) Y:   Garbage:         -              2586M (32%)        2172M (27%)           9M (0%)     
[1906.934s][info][gc,heap     ] GC(245) Y: Allocated:         -               190M (2%)          194M (2%)          260M (3%)     
[1906.934s][info][gc,heap     ] GC(245) Y: Reclaimed:         -                  -               414M (5%)         2576M (31%)    
[1906.934s][info][gc,heap     ] GC(245) Y:  Promoted:         -                  -                 0M (0%)            0M (0%)     
[1906.934s][info][gc,heap     ] GC(245) Y: Compacted:         -                  -                  -                85M (1%)     
[1906.934s][info][gc,phases   ] GC(245) Y: Young Generation 3324M(41%)->1008M(12%) 0.253s
[1906.934s][info][gc,phases   ] GC(245) O: Old Generation
[1907.655s][info][gc,phases   ] GC(245) O: Concurrent Mark 720.592ms
[1907.655s][info][gc,phases   ] GC(245) O: Pause Mark End 0.010ms
[1907.655s][info][gc,phases   ] GC(245) O: Concurrent Mark Free 0.000ms
[1907.670s][info][gc,phases   ] GC(245) O: Concurrent Process Non-Strong 15.439ms
[1907.671s][info][gc,phases   ] GC(245) O: Concurrent Reset Relocation Set 0.004ms
[1907.673s][info][gc,phases   ] GC(245) O: Concurrent Select Relocation Set 2.616ms
[1907.673s][info][gc,task     ] GC(245) O: Using 2 Workers for Old Generation
[1907.739s][info][gc,task     ] GC(245) O: Using 1 Workers for Old Generation
[1907.739s][info][gc,phases   ] GC(245) O: Concurrent Remap Roots 65.989ms
[1907.739s][info][gc,phases   ] GC(245) O: Pause Relocate Start 0.009ms
[1907.745s][info][gc,phases   ] GC(245) O: Concurrent Relocate 5.445ms
[1907.745s][info][gc,alloc    ] GC(245) O:                         Mark Start        Mark End      Relocate Start    Relocate End   
[1907.745s][info][gc,alloc    ] GC(245) O: Allocation Stalls:          0                0                0                0         
[1907.745s][info][gc,load     ] GC(245) O: Load: 0.00 (0%) / 0.00 (0%) / 0.00 (0%)
[1907.745s][info][gc,mmu      ] GC(245) O: MMU: 2ms/76.4%, 5ms/90.6%, 10ms/95.3%, 20ms/97.6%, 50ms/99.1%, 100ms/99.5%
[1907.745s][info][gc,marking  ] GC(245) O: Mark: 1 stripe(s), 2 proactive flush(es), 1 terminate flush(es), 0 completion(s), 0 continuation(s) 
[1907.745s][info][gc,marking  ] GC(245) O: Mark Stack Usage: 32M
[1907.745s][info][gc,nmethod  ] GC(245) O: NMethods: 7496 registered, 980 unregistered
[1907.745s][info][gc,metaspace] GC(245) O: Metaspace: 132M used, 133M committed, 1152M reserved
[1907.745s][info][gc,ref      ] GC(245) O:                       Encountered   Discovered     Enqueued 
[1907.745s][info][gc,ref      ] GC(245) O: Soft References:             6090            0            0 
[1907.745s][info][gc,ref      ] GC(245) O: Weak References:            23556        12649            9 
[1907.745s][info][gc,ref      ] GC(245) O: Final References:              34            0            0 
[1907.745s][info][gc,ref      ] GC(245) O: Phantom References:          1428         1202            6 
[1907.745s][info][gc,reloc    ] GC(245) O:                        Candidates     Selected     In-Place         Size        Empty    Relocated 
[1907.745s][info][gc,reloc    ] GC(245) O: Small Pages:                  261           21            0         522M           2M           2M 
[1907.745s][info][gc,reloc    ] GC(245) O: Medium Pages:                   3            0            0          96M          32M           0M 
[1907.745s][info][gc,reloc    ] GC(245) O: Large Pages:                    0            0            0           0M           0M           0M 
[1907.745s][info][gc,reloc    ] GC(245) O: Forwarding Usage: 1M
[1907.745s][info][gc,heap     ] GC(245) O: Min Capacity: 8192M(100%)
[1907.745s][info][gc,heap     ] GC(245) O: Max Capacity: 8192M(100%)
[1907.745s][info][gc,heap     ] GC(245) O: Soft Max Capacity: 8192M(100%)
[1907.745s][info][gc,heap     ] GC(245) O: Heap Statistics:
[1907.745s][info][gc,heap     ] GC(245) O:                Mark Start          Mark End        Relocate Start      Relocate End           High               Low         
[1907.745s][info][gc,heap     ] GC(245) O:  Capacity:     8192M (100%)       8192M (100%)       8192M (100%)       8192M (100%)       8192M (100%)       8192M (100%)   
[1907.745s][info][gc,heap     ] GC(245) O:      Free:     4868M (59%)        6616M (81%)        6584M (80%)        6616M (81%)        7186M (88%)        4678M (57%)    
[1907.745s][info][gc,heap     ] GC(245) O:      Used:     3324M (41%)        1576M (19%)        1608M (20%)        1576M (19%)        3514M (43%)        1006M (12%)    
[1907.745s][info][gc,heap     ] GC(245) O: Old Generation Statistics:
[1907.745s][info][gc,heap     ] GC(245) O:                Mark Start          Mark End        Relocate Start      Relocate End    
[1907.745s][info][gc,heap     ] GC(245) O:      Used:      618M (8%)          618M (8%)          584M (7%)          552M (7%)     
[1907.745s][info][gc,heap     ] GC(245) O:      Live:         -               495M (6%)          495M (6%)          495M (6%)     
[1907.745s][info][gc,heap     ] GC(245) O:   Garbage:         -               122M (2%)           88M (1%)           46M (1%)     
[1907.745s][info][gc,heap     ] GC(245) O: Allocated:         -                 0M (0%)            0M (0%)           10M (0%)     
[1907.745s][info][gc,heap     ] GC(245) O: Reclaimed:         -                  -                34M (0%)           76M (1%)     
[1907.745s][info][gc,heap     ] GC(245) O: Compacted:         -                  -                  -                 3M (0%)     
[1907.745s][info][gc,phases   ] GC(245) O: Old Generation 1008M(12%)->1576M(19%) 0.811s
[1907.745s][info][gc          ] GC(245) Major Collection (Proactive) 3324M(41%)->1576M(19%) 1.065s
[1915.106s][info][gc          ] GC(246) Minor Collection (Allocation Rate)
[1915.106s][info][gc,task     ] GC(246) Using 1 Workers for Young Generation
[1915.106s][info][gc,phases   ] GC(246) y: Young Generation
[1915.106s][info][gc,phases   ] GC(246) y: Pause Mark Start 0.013ms
[1915.279s][info][gc,phases   ] GC(246) y: Concurrent Mark 172.351ms
[1915.279s][info][gc,phases   ] GC(246) y: Pause Mark End 0.012ms
[1915.279s][info][gc,phases   ] GC(246) y: Concurrent Mark Free 0.000ms
[1915.279s][info][gc,phases   ] GC(246) y: Concurrent Reset Relocation Set 0.141ms
[1915.284s][info][gc,reloc    ] GC(246) y: Using tenuring threshold: 4 (Computed)
[1915.304s][info][gc,phases   ] GC(246) y: Concurrent Select Relocation Set 25.090ms
[1915.304s][info][gc,phases   ] GC(246) y: Pause Relocate Start 0.011ms
[1915.395s][info][gc,phases   ] GC(246) y: Concurrent Relocate 90.671ms
[1915.395s][info][gc,alloc    ] GC(246) y:                         Mark Start        Mark End      Relocate Start    Relocate End   
[1915.395s][info][gc,alloc    ] GC(246) y: Allocation Stalls:          0                0                0                0         
[1915.395s][info][gc,load     ] GC(246) y: Load: 0.00 (0%) / 0.00 (0%) / 0.00 (0%)
[1915.395s][info][gc,mmu      ] GC(246) y: MMU: 2ms/76.4%, 5ms/90.6%, 10ms/95.3%, 20ms/97.6%, 50ms/99.1%, 100ms/99.5%
[1915.395s][info][gc,marking  ] GC(246) y: Mark: 1 stripe(s), 2 proactive flush(es), 1 terminate flush(es), 0 completion(s), 0 continuation(s) 
[1915.395s][info][gc,marking  ] GC(246) y: Mark Stack Usage: 32M
[1915.395s][info][gc,nmethod  ] GC(246) y: NMethods: 7502 registered, 980 unregistered
[1915.395s][info][gc,metaspace] GC(246) y: Metaspace: 132M used, 133M committed, 1152M reserved
[1915.395s][info][gc,reloc    ] GC(246) y:                        Candidates     Selected     In-Place         Size        Empty    Relocated 
[1915.395s][info][gc,reloc    ] GC(246) y: Small Pages:                 3507         2443            0        7014M        1972M         102M 
[1915.395s][info][gc,reloc    ] GC(246) y: Medium Pages:                   0            0            0           0M           0M           0M 
[1915.395s][info][gc,reloc    ] GC(246) y: Large Pages:                    0            0            0           0M           0M           0M 
[1915.395s][info][gc,reloc    ] GC(246) y: Forwarding Usage: 38M
[1915.395s][info][gc,reloc    ] GC(246) y: Age Table:
[1915.395s][info][gc,reloc    ] GC(246) y:                    Live             Garbage             Small              Medium             Large        
[1915.395s][info][gc,reloc    ] GC(246) y: Eden              97M (1%)         6758M (82%)       3428 / 2392           0 / 0              0 / 0        
[1915.395s][info][gc,reloc    ] GC(246) y: Survivor 1        17M (0%)           48M (1%)          33 / 22             0 / 0              0 / 0        
[1915.395s][info][gc,reloc    ] GC(246) y: Survivor 2        12M (0%)           55M (1%)          34 / 22             0 / 0              0 / 0        
[1915.395s][info][gc,reloc    ] GC(246) y: Survivor 3         7M (0%)           16M (0%)          12 / 7              0 / 0              0 / 0        
[1915.395s][info][gc,heap     ] GC(246) y: Min Capacity: 8192M(100%)
[1915.395s][info][gc,heap     ] GC(246) y: Max Capacity: 8192M(100%)
[1915.395s][info][gc,heap     ] GC(246) y: Soft Max Capacity: 8192M(100%)
[1915.395s][info][gc,heap     ] GC(246) y: Heap Statistics:
[1915.395s][info][gc,heap     ] GC(246) y:                Mark Start          Mark End        Relocate Start      Relocate End           High               Low         
[1915.395s][info][gc,heap     ] GC(246) y:  Capacity:     8192M (100%)       8192M (100%)       8192M (100%)       8192M (100%)       8192M (100%)       8192M (100%)   
[1915.395s][info][gc,heap     ] GC(246) y:      Free:      626M (8%)          398M (5%)         2352M (29%)        7192M (88%)        7192M (88%)         398M (5%)     
[1915.395s][info][gc,heap     ] GC(246) y:      Used:     7566M (92%)        7794M (95%)        5840M (71%)        1000M (12%)        7794M (95%)        1000M (12%)    
[1915.395s][info][gc,heap     ] GC(246) y: Young Generation Statistics:
[1915.395s][info][gc,heap     ] GC(246) y:                Mark Start          Mark End        Relocate Start      Relocate End    
[1915.395s][info][gc,heap     ] GC(246) y:      Used:     7014M (86%)        7242M (88%)        5288M (65%)         448M (5%)     
[1915.395s][info][gc,heap     ] GC(246) y:      Live:         -               135M (2%)          135M (2%)          135M (2%)     
[1915.395s][info][gc,heap     ] GC(246) y:   Garbage:         -              6878M (84%)        4906M (60%)           1M (0%)     
[1915.395s][info][gc,heap     ] GC(246) y: Allocated:         -               228M (3%)          246M (3%)          310M (4%)     
[1915.395s][info][gc,heap     ] GC(246) y: Reclaimed:         -                  -              1972M (24%)        6876M (84%)    
[1915.395s][info][gc,heap     ] GC(246) y:  Promoted:         -                  -                 0M (0%)            0M (0%)     
[1915.395s][info][gc,heap     ] GC(246) y: Compacted:         -                  -                  -               129M (2%)     
[1915.395s][info][gc,phases   ] GC(246) y: Young Generation 7566M(92%)->1000M(12%) 0.289s
[1915.395s][info][gc          ] GC(246) Minor Collection (Allocation Rate) 7566M(92%)->1002M(12%) 0.289s
[1922.218s][info][gc          ] GC(247) Minor Collection (Allocation Rate)
[1922.218s][info][gc,task     ] GC(247) Using 1 Workers for Young Generation
[1922.218s][info][gc,phases   ] GC(247) y: Young Generation
[1922.218s][info][gc,phases   ] GC(247) y: Pause Mark Start 0.012ms
[1922.413s][info][gc,phases   ] GC(247) y: Concurrent Mark 194.759ms
[1922.413s][info][gc,phases   ] GC(247) y: Pause Mark End 0.009ms
[1922.413s][info][gc,phases   ] GC(247) y: Concurrent Mark Free 0.000ms
[1922.413s][info][gc,phases   ] GC(247) y: Concurrent Reset Relocation Set 0.236ms
[1922.416s][info][gc,reloc    ] GC(247) y: Using tenuring threshold: 2 (Computed)
[1922.423s][info][gc,phases   ] GC(247) y: Concurrent Select Relocation Set 9.466ms
[1922.423s][info][gc,phases   ] GC(247) y: Pause Relocate Start 0.008ms
[1922.561s][info][gc,phases   ] GC(247) y: Concurrent Relocate 137.817ms
[1922.561s][info][gc,alloc    ] GC(247) y:                         Mark Start        Mark End      Relocate Start    Relocate End   
[1922.561s][info][gc,alloc    ] GC(247) y: Allocation Stalls:          0                0                0                0         
[1922.561s][info][gc,load     ] GC(247) y: Load: 0.00 (0%) / 0.00 (0%) / 0.00 (0%)
[1922.561s][info][gc,mmu      ] GC(247) y: MMU: 2ms/76.4%, 5ms/90.6%, 10ms/95.3%, 20ms/97.6%, 50ms/99.1%, 100ms/99.5%
[1922.561s][info][gc,marking  ] GC(247) y: Mark: 1 stripe(s), 2 proactive flush(es), 1 terminate flush(es), 0 completion(s), 0 continuation(s) 
[1922.561s][info][gc,marking  ] GC(247) y: Mark Stack Usage: 32M
[1922.561s][info][gc,nmethod  ] GC(247) y: NMethods: 7529 registered, 980 unregistered
[1922.561s][info][gc,metaspace] GC(247) y: Metaspace: 132M used, 133M committed, 1152M reserved
[1922.561s][info][gc,reloc    ] GC(247) y:                        Candidates     Selected     In-Place         Size        Empty    Relocated 
[1922.561s][info][gc,reloc    ] GC(247) y: Small Pages:                 3437         1258            0        6874M        4168M         113M 
[1922.561s][info][gc,reloc    ] GC(247) y: Medium Pages:                   0            0            0           0M           0M           0M 
[1922.561s][info][gc,reloc    ] GC(247) y: Large Pages:                    0            0            0           0M           0M           0M 
[1922.561s][info][gc,reloc    ] GC(247) y: Forwarding Usage: 37M
[1922.561s][info][gc,reloc    ] GC(247) y: Age Table:
[1922.561s][info][gc,reloc    ] GC(247) y:                    Live             Garbage             Small              Medium             Large        
[1922.561s][info][gc,reloc    ] GC(247) y: Eden             130M (2%)         6575M (80%)       3353 / 1192           0 / 0              0 / 0        
[1922.561s][info][gc,reloc    ] GC(247) y: Survivor 1        20M (0%)           87M (1%)          54 / 42             0 / 0              0 / 0        
[1922.561s][info][gc,reloc    ] GC(247) y: Survivor 2         2M (0%)           23M (0%)          13 / 11             0 / 0              0 / 0        
[1922.561s][info][gc,reloc    ] GC(247) y: Survivor 3         0M (0%)           21M (0%)          11 / 11             0 / 0              0 / 0        
[1922.561s][info][gc,reloc    ] GC(247) y: Survivor 4         7M (0%)            4M (0%)           6 / 2              0 / 0              0 / 0        
[1922.561s][info][gc,heap     ] GC(247) y: Min Capacity: 8192M(100%)
[1922.561s][info][gc,heap     ] GC(247) y: Max Capacity: 8192M(100%)
[1922.561s][info][gc,heap     ] GC(247) y: Soft Max Capacity: 8192M(100%)
[1922.561s][info][gc,heap     ] GC(247) y: Heap Statistics:
[1922.561s][info][gc,heap     ] GC(247) y:                Mark Start          Mark End        Relocate Start      Relocate End           High               Low         
[1922.561s][info][gc,heap     ] GC(247) y:  Capacity:     8192M (100%)       8192M (100%)       8192M (100%)       8192M (100%)       8192M (100%)       8192M (100%)   
[1922.561s][info][gc,heap     ] GC(247) y:      Free:      766M (9%)          652M (8%)         4812M (59%)        7192M (88%)        7194M (88%)         652M (8%)     
[1922.561s][info][gc,heap     ] GC(247) y:      Used:     7426M (91%)        7540M (92%)        3380M (41%)        1000M (12%)        7540M (92%)         998M (12%)    
[1922.561s][info][gc,heap     ] GC(247) y: Young Generation Statistics:
[1922.561s][info][gc,heap     ] GC(247) y:                Mark Start          Mark End        Relocate Start      Relocate End    
[1922.561s][info][gc,heap     ] GC(247) y:      Used:     6874M (84%)        6988M (85%)        2820M (34%)         432M (5%)     
[1922.561s][info][gc,heap     ] GC(247) y:      Live:         -               162M (2%)          155M (2%)          151M (2%)     
[1922.561s][info][gc,heap     ] GC(247) y:   Garbage:         -              6711M (82%)        2542M (31%)           8M (0%)     
[1922.561s][info][gc,heap     ] GC(247) y: Allocated:         -               114M (1%)          122M (1%)          272M (3%)     
[1922.561s][info][gc,heap     ] GC(247) y: Reclaimed:         -                  -              4168M (51%)        6703M (82%)    
[1922.561s][info][gc,heap     ] GC(247) y:  Promoted:         -                  -                 7M (0%)           10M (0%)     
[1922.561s][info][gc,heap     ] GC(247) y: Compacted:         -                  -                  -               127M (2%)     
[1922.561s][info][gc,phases   ] GC(247) y: Young Generation 7426M(91%)->1000M(12%) 0.343s
[1922.561s][info][gc          ] GC(247) Minor Collection (Allocation Rate) 7426M(91%)->1000M(12%) 0.343s
[1931.046s][info][gc          ] GC(248) Minor Collection (Allocation Rate)
[1931.046s][info][gc,task     ] GC(248) Using 1 Workers for Young Generation
[1931.046s][info][gc,phases   ] GC(248) y: Young Generation
[1931.046s][info][gc,phases   ] GC(248) y: Pause Mark Start 0.013ms
[1931.175s][info][gc,phases   ] GC(248) y: Concurrent Mark 128.889ms
[1931.175s][info][gc,phases   ] GC(248) y: Pause Mark End 0.010ms
[1931.175s][info][gc,phases   ] GC(248) y: Concurrent Mark Free 0.000ms
[1931.175s][info][gc,phases   ] GC(248) y: Concurrent Reset Relocation Set 0.244ms
[1931.178s][info][gc,reloc    ] GC(248) y: Using tenuring threshold: 3 (Computed)
[1931.181s][info][gc,phases   ] GC(248) y: Concurrent Select Relocation Set 5.648ms
[1931.181s][info][gc,phases   ] GC(248) y: Pause Relocate Start 0.009ms
[1931.268s][info][gc,phases   ] GC(248) y: Concurrent Relocate 86.535ms
[1931.268s][info][gc,alloc    ] GC(248) y:                         Mark Start        Mark End      Relocate Start    Relocate End   
[1931.268s][info][gc,alloc    ] GC(248) y: Allocation Stalls:          0                0                0                0         
[1931.268s][info][gc,load     ] GC(248) y: Load: 0.00 (0%) / 0.00 (0%) / 0.00 (0%)
[1931.268s][info][gc,mmu      ] GC(248) y: MMU: 2ms/76.4%, 5ms/90.6%, 10ms/95.3%, 20ms/97.6%, 50ms/99.1%, 100ms/99.5%
[1931.268s][info][gc,marking  ] GC(248) y: Mark: 1 stripe(s), 2 proactive flush(es), 1 terminate flush(es), 0 completion(s), 0 continuation(s) 
[1931.268s][info][gc,marking  ] GC(248) y: Mark Stack Usage: 32M
[1931.268s][info][gc,nmethod  ] GC(248) y: NMethods: 7534 registered, 980 unregistered
[1931.268s][info][gc,metaspace] GC(248) y: Metaspace: 132M used, 133M committed, 1152M reserved
[1931.268s][info][gc,reloc    ] GC(248) y:                        Candidates     Selected     In-Place         Size        Empty    Relocated 
[1931.268s][info][gc,reloc    ] GC(248) y: Small Pages:                 3302         2329            0        6604M        1822M          88M 
[1931.268s][info][gc,reloc    ] GC(248) y: Medium Pages:                   0            0            0           0M           0M           0M 
[1931.268s][info][gc,reloc    ] GC(248) y: Large Pages:                    0            0            0           0M           0M           0M 
[1931.268s][info][gc,reloc    ] GC(248) y: Forwarding Usage: 30M
[1931.268s][info][gc,reloc    ] GC(248) y: Age Table:
[1931.268s][info][gc,reloc    ] GC(248) y:                    Live             Garbage             Small              Medium             Large        
[1931.268s][info][gc,reloc    ] GC(248) y: Eden              87M (1%)         6342M (77%)       3215 / 2264           0 / 0              0 / 0        
[1931.268s][info][gc,reloc    ] GC(248) y: Survivor 1        20M (0%)          119M (1%)          70 / 55             0 / 0              0 / 0        
[1931.268s][info][gc,reloc    ] GC(248) y: Survivor 2         0M (0%)           33M (0%)          17 / 10             0 / 0              0 / 0        
[1931.268s][info][gc,heap     ] GC(248) y: Min Capacity: 8192M(100%)
[1931.268s][info][gc,heap     ] GC(248) y: Max Capacity: 8192M(100%)
[1931.268s][info][gc,heap     ] GC(248) y: Soft Max Capacity: 8192M(100%)
[1931.268s][info][gc,heap     ] GC(248) y: Heap Statistics:
[1931.268s][info][gc,heap     ] GC(248) y:                Mark Start          Mark End        Relocate Start      Relocate End           High               Low         
[1931.268s][info][gc,heap     ] GC(248) y:  Capacity:     8192M (100%)       8192M (100%)       8192M (100%)       8192M (100%)       8192M (100%)       8192M (100%)   
[1931.268s][info][gc,heap     ] GC(248) y:      Free:     1020M (12%)         920M (11%)        2738M (33%)        7290M (89%)        7290M (89%)         920M (11%)    
[1931.268s][info][gc,heap     ] GC(248) y:      Used:     7172M (88%)        7272M (89%)        5454M (67%)         902M (11%)        7272M (89%)         902M (11%)    
[1931.268s][info][gc,heap     ] GC(248) y: Young Generation Statistics:
[1931.268s][info][gc,heap     ] GC(248) y:                Mark Start          Mark End        Relocate Start      Relocate End    
[1931.268s][info][gc,heap     ] GC(248) y:      Used:     6604M (81%)        6704M (82%)        4886M (60%)         334M (4%)     
[1931.268s][info][gc,heap     ] GC(248) y:      Live:         -               107M (1%)          107M (1%)          107M (1%)     
[1931.268s][info][gc,heap     ] GC(248) y:   Garbage:         -              6496M (79%)        4674M (57%)           0M (0%)     
[1931.268s][info][gc,heap     ] GC(248) y: Allocated:         -               100M (1%)          104M (1%)          225M (3%)     
[1931.268s][info][gc,heap     ] GC(248) y: Reclaimed:         -                  -              1822M (22%)        6495M (79%)    
[1931.268s][info][gc,heap     ] GC(248) y:  Promoted:         -                  -                 0M (0%)            0M (0%)     
[1931.268s][info][gc,heap     ] GC(248) y: Compacted:         -                  -                  -               106M (1%)     
[1931.268s][info][gc,phases   ] GC(248) y: Young Generation 7172M(88%)->902M(11%) 0.222s
[1931.268s][info][gc          ] GC(248) Minor Collection (Allocation Rate) 7172M(88%)->904M(11%) 0.222s
[1938.600s][info][gc          ] GC(249) Minor Collection (Allocation Rate)
[1938.600s][info][gc,task     ] GC(249) Using 1 Workers for Young Generation
[1938.600s][info][gc,phases   ] GC(249) y: Young Generation
[1938.600s][info][gc,phases   ] GC(249) y: Pause Mark Start 0.015ms
[1938.859s][info][gc,phases   ] GC(249) y: Concurrent Mark 259.203ms
[1938.859s][info][gc,phases   ] GC(249) y: Pause Mark End 0.014ms
[1938.859s][info][gc,phases   ] GC(249) y: Concurrent Mark Free 0.000ms
[1938.859s][info][gc,phases   ] GC(249) y: Concurrent Reset Relocation Set 0.311ms
[1938.863s][info][gc,reloc    ] GC(249) y: Using tenuring threshold: 4 (Computed)
[1938.882s][info][gc,phases   ] GC(249) y: Concurrent Select Relocation Set 22.733ms
[1938.882s][info][gc,phases   ] GC(249) y: Pause Relocate Start 0.009ms
[1939.011s][info][gc,phases   ] GC(249) y: Concurrent Relocate 128.493ms
[1939.011s][info][gc,alloc    ] GC(249) y:                         Mark Start        Mark End      Relocate Start    Relocate End   
[1939.011s][info][gc,alloc    ] GC(249) y: Allocation Stalls:          0                0                0                0         
[1939.011s][info][gc,load     ] GC(249) y: Load: 0.00 (0%) / 0.00 (0%) / 0.00 (0%)
[1939.011s][info][gc,mmu      ] GC(249) y: MMU: 2ms/76.4%, 5ms/90.6%, 10ms/95.3%, 20ms/97.6%, 50ms/99.1%, 100ms/99.5%
[1939.011s][info][gc,marking  ] GC(249) y: Mark: 1 stripe(s), 2 proactive flush(es), 1 terminate flush(es), 0 completion(s), 0 continuation(s) 
[1939.011s][info][gc,marking  ] GC(249) y: Mark Stack Usage: 32M
[1939.011s][info][gc,nmethod  ] GC(249) y: NMethods: 7541 registered, 980 unregistered
[1939.011s][info][gc,metaspace] GC(249) y: Metaspace: 132M used, 133M committed, 1152M reserved
[1939.011s][info][gc,reloc    ] GC(249) y:                        Candidates     Selected     In-Place         Size        Empty    Relocated 
[1939.011s][info][gc,reloc    ] GC(249) y: Small Pages:                 3395         2328            0        6790M        1902M         120M 
[1939.011s][info][gc,reloc    ] GC(249) y: Medium Pages:                   0            0            0           0M           0M           0M 
[1939.011s][info][gc,reloc    ] GC(249) y: Large Pages:                    0            0            0           0M           0M           0M 
[1939.011s][info][gc,reloc    ] GC(249) y: Forwarding Usage: 44M
[1939.011s][info][gc,reloc    ] GC(249) y: Age Table:
[1939.011s][info][gc,reloc    ] GC(249) y:                    Live             Garbage             Small              Medium             Large        
[1939.011s][info][gc,reloc    ] GC(249) y: Eden             173M (2%)         6476M (79%)       3325 / 2276           0 / 0              0 / 0        
[1939.011s][info][gc,reloc    ] GC(249) y: Survivor 1        27M (0%)           72M (1%)          50 / 35             0 / 0              0 / 0        
[1939.011s][info][gc,reloc    ] GC(249) y: Survivor 2         1M (0%)           30M (0%)          16 / 14             0 / 0              0 / 0        
[1939.011s][info][gc,reloc    ] GC(249) y: Survivor 3         0M (0%)            7M (0%)           4 / 3              0 / 0              0 / 0        
[1939.011s][info][gc,heap     ] GC(249) y: Min Capacity: 8192M(100%)
[1939.011s][info][gc,heap     ] GC(249) y: Max Capacity: 8192M(100%)
[1939.011s][info][gc,heap     ] GC(249) y: Soft Max Capacity: 8192M(100%)
[1939.011s][info][gc,heap     ] GC(249) y: Heap Statistics:
[1939.011s][info][gc,heap     ] GC(249) y:                Mark Start          Mark End        Relocate Start      Relocate End           High               Low         
[1939.011s][info][gc,heap     ] GC(249) y:  Capacity:     8192M (100%)       8192M (100%)       8192M (100%)       8192M (100%)       8192M (100%)       8192M (100%)   
[1939.011s][info][gc,heap     ] GC(249) y:      Free:      834M (10%)         278M (3%)         2152M (26%)        6662M (81%)        6666M (81%)         278M (3%)     
[1939.011s][info][gc,heap     ] GC(249) y:      Used:     7358M (90%)        7914M (97%)        6040M (74%)        1530M (19%)        7914M (97%)        1526M (19%)    
[1939.011s][info][gc,heap     ] GC(249) y: Young Generation Statistics:
[1939.011s][info][gc,heap     ] GC(249) y:                Mark Start          Mark End        Relocate Start      Relocate End    
[1939.011s][info][gc,heap     ] GC(249) y:      Used:     6790M (83%)        7346M (90%)        5472M (67%)         962M (12%)    
[1939.011s][info][gc,heap     ] GC(249) y:      Live:         -               202M (2%)          202M (2%)          202M (2%)     
[1939.011s][info][gc,heap     ] GC(249) y:   Garbage:         -              6587M (80%)        4685M (57%)           6M (0%)     
[1939.011s][info][gc,heap     ] GC(249) y: Allocated:         -               556M (7%)          584M (7%)          753M (9%)     
[1939.011s][info][gc,heap     ] GC(249) y: Reclaimed:         -                  -              1902M (23%)        6581M (80%)    
[1939.011s][info][gc,heap     ] GC(249) y:  Promoted:         -                  -                 0M (0%)            0M (0%)     
[1939.011s][info][gc,heap     ] GC(249) y: Compacted:         -                  -                  -               150M (2%)     
[1939.011s][info][gc,phases   ] GC(249) y: Young Generation 7358M(90%)->1530M(19%) 0.411s
[1939.011s][info][gc          ] GC(249) Minor Collection (Allocation Rate) 7356M(90%)->1530M(19%) 0.412s
[1945.079s][info][gc          ] GC(250) Minor Collection (Allocation Rate)
[1945.079s][info][gc,task     ] GC(250) Using 1 Workers for Young Generation
[1945.079s][info][gc,phases   ] GC(250) y: Young Generation
[1945.079s][info][gc,phases   ] GC(250) y: Pause Mark Start 0.014ms
[1945.218s][info][gc,phases   ] GC(250) y: Concurrent Mark 139.188ms
[1945.218s][info][gc,phases   ] GC(250) y: Pause Mark End 0.009ms
[1945.219s][info][gc,phases   ] GC(250) y: Concurrent Mark Free 0.000ms
[1945.219s][info][gc,phases   ] GC(250) y: Concurrent Reset Relocation Set 0.244ms
[1945.221s][info][gc,reloc    ] GC(250) y: Using tenuring threshold: 5 (Computed)
[1945.224s][info][gc,phases   ] GC(250) y: Concurrent Select Relocation Set 5.406ms
[1945.224s][info][gc,phases   ] GC(250) y: Pause Relocate Start 0.010ms
[1945.306s][info][gc,phases   ] GC(250) y: Concurrent Relocate 81.612ms
[1945.306s][info][gc,alloc    ] GC(250) y:                         Mark Start        Mark End      Relocate Start    Relocate End   
[1945.306s][info][gc,alloc    ] GC(250) y: Allocation Stalls:          0                0                0                0         
[1945.306s][info][gc,load     ] GC(250) y: Load: 0.00 (0%) / 0.00 (0%) / 0.00 (0%)
[1945.306s][info][gc,mmu      ] GC(250) y: MMU: 2ms/76.4%, 5ms/90.6%, 10ms/95.3%, 20ms/97.6%, 50ms/99.1%, 100ms/99.5%
[1945.306s][info][gc,marking  ] GC(250) y: Mark: 1 stripe(s), 2 proactive flush(es), 1 terminate flush(es), 0 completion(s), 0 continuation(s) 
[1945.306s][info][gc,marking  ] GC(250) y: Mark Stack Usage: 32M
[1945.306s][info][gc,nmethod  ] GC(250) y: NMethods: 7549 registered, 980 unregistered
[1945.306s][info][gc,metaspace] GC(250) y: Metaspace: 132M used, 133M committed, 1152M reserved
[1945.306s][info][gc,reloc    ] GC(250) y:                        Candidates     Selected     In-Place         Size        Empty    Relocated 
[1945.306s][info][gc,reloc    ] GC(250) y: Small Pages:                 3027         2129            0        6054M        1670M          88M 
[1945.306s][info][gc,reloc    ] GC(250) y: Medium Pages:                   0            0            0           0M           0M           0M 
[1945.306s][info][gc,reloc    ] GC(250) y: Large Pages:                    0            0            0           0M           0M           0M 
[1945.306s][info][gc,reloc    ] GC(250) y: Forwarding Usage: 30M
[1945.306s][info][gc,reloc    ] GC(250) y: Age Table:
[1945.306s][info][gc,reloc    ] GC(250) y:                    Live             Garbage             Small              Medium             Large        
[1945.306s][info][gc,reloc    ] GC(250) y: Eden              84M (1%)         5735M (70%)       2910 / 2043           0 / 0              0 / 0        
[1945.306s][info][gc,reloc    ] GC(250) y: Survivor 1        24M (0%)          161M (2%)          93 / 66             0 / 0              0 / 0        
[1945.306s][info][gc,reloc    ] GC(250) y: Survivor 2         0M (0%)           39M (0%)          20 / 19             0 / 0              0 / 0        
[1945.306s][info][gc,reloc    ] GC(250) y: Survivor 3         0M (0%)            5M (0%)           3 / 0              0 / 0              0 / 0        
[1945.306s][info][gc,reloc    ] GC(250) y: Survivor 4         0M (0%)            1M (0%)           1 / 1              0 / 0              0 / 0        
[1945.306s][info][gc,heap     ] GC(250) y: Min Capacity: 8192M(100%)
[1945.306s][info][gc,heap     ] GC(250) y: Max Capacity: 8192M(100%)
[1945.306s][info][gc,heap     ] GC(250) y: Soft Max Capacity: 8192M(100%)
[1945.306s][info][gc,heap     ] GC(250) y: Heap Statistics:
[1945.306s][info][gc,heap     ] GC(250) y:                Mark Start          Mark End        Relocate Start      Relocate End           High               Low         
[1945.306s][info][gc,heap     ] GC(250) y:  Capacity:     8192M (100%)       8192M (100%)       8192M (100%)       8192M (100%)       8192M (100%)       8192M (100%)   
[1945.306s][info][gc,heap     ] GC(250) y:      Free:     1570M (19%)        1432M (17%)        3100M (38%)        7294M (89%)        7294M (89%)        1432M (17%)    
[1945.306s][info][gc,heap     ] GC(250) y:      Used:     6622M (81%)        6760M (83%)        5092M (62%)         898M (11%)        6760M (83%)         898M (11%)    
[1945.306s][info][gc,heap     ] GC(250) y: Young Generation Statistics:
[1945.306s][info][gc,heap     ] GC(250) y:                Mark Start          Mark End        Relocate Start      Relocate End    
[1945.306s][info][gc,heap     ] GC(250) y:      Used:     6054M (74%)        6192M (76%)        4524M (55%)         330M (4%)     
[1945.306s][info][gc,heap     ] GC(250) y:      Live:         -               109M (1%)          109M (1%)          109M (1%)     
[1945.306s][info][gc,heap     ] GC(250) y:   Garbage:         -              5944M (73%)        4274M (52%)           0M (0%)     
[1945.306s][info][gc,heap     ] GC(250) y: Allocated:         -               138M (2%)          140M (2%)          219M (3%)     
[1945.306s][info][gc,heap     ] GC(250) y: Reclaimed:         -                  -              1670M (20%)        5943M (73%)    
[1945.306s][info][gc,heap     ] GC(250) y:  Promoted:         -                  -                 0M (0%)            0M (0%)     
[1945.306s][info][gc,heap     ] GC(250) y: Compacted:         -                  -                  -               106M (1%)     
[1945.306s][info][gc,phases   ] GC(250) y: Young Generation 6622M(81%)->898M(11%) 0.227s
[1945.306s][info][gc          ] GC(250) Minor Collection (Allocation Rate) 6622M(81%)->900M(11%) 0.227s
[1953.376s][info][gc          ] GC(251) Minor Collection (Allocation Rate)
[1953.377s][info][gc,task     ] GC(251) Using 1 Workers for Young Generation
[1953.377s][info][gc,phases   ] GC(251) y: Young Generation
[1953.377s][info][gc,phases   ] GC(251) y: Pause Mark Start 0.013ms
[1953.502s][info][gc,phases   ] GC(251) y: Concurrent Mark 125.074ms
[1953.502s][info][gc,phases   ] GC(251) y: Pause Mark End 0.009ms
[1953.502s][info][gc,phases   ] GC(251) y: Concurrent Mark Free 0.000ms
[1953.502s][info][gc,phases   ] GC(251) y: Concurrent Reset Relocation Set 0.152ms
[1953.504s][info][gc,reloc    ] GC(251) y: Using tenuring threshold: 6 (Computed)
[1953.507s][info][gc,phases   ] GC(251) y: Concurrent Select Relocation Set 5.130ms
[1953.507s][info][gc,phases   ] GC(251) y: Pause Relocate Start 0.011ms
[1953.591s][info][gc,phases   ] GC(251) y: Concurrent Relocate 83.967ms
[1953.591s][info][gc,alloc    ] GC(251) y:                         Mark Start        Mark End      Relocate Start    Relocate End   
[1953.591s][info][gc,alloc    ] GC(251) y: Allocation Stalls:          0                0                0                0         
[1953.591s][info][gc,load     ] GC(251) y: Load: 0.00 (0%) / 0.00 (0%) / 0.00 (0%)
[1953.591s][info][gc,mmu      ] GC(251) y: MMU: 2ms/76.4%, 5ms/90.6%, 10ms/95.3%, 20ms/97.6%, 50ms/99.1%, 100ms/99.5%
[1953.591s][info][gc,marking  ] GC(251) y: Mark: 1 stripe(s), 2 proactive flush(es), 1 terminate flush(es), 0 completion(s), 0 continuation(s) 
[1953.591s][info][gc,marking  ] GC(251) y: Mark Stack Usage: 32M
[1953.591s][info][gc,nmethod  ] GC(251) y: NMethods: 7553 registered, 980 unregistered
[1953.591s][info][gc,metaspace] GC(251) y: Metaspace: 132M used, 133M committed, 1152M reserved
[1953.591s][info][gc,reloc    ] GC(251) y:                        Candidates     Selected     In-Place         Size        Empty    Relocated 
[1953.591s][info][gc,reloc    ] GC(251) y: Small Pages:                 3290         2540            0        6580M        1372M          89M 
[1953.591s][info][gc,reloc    ] GC(251) y: Medium Pages:                   0            0            0           0M           0M           0M 
[1953.591s][info][gc,reloc    ] GC(251) y: Large Pages:                    0            0            0           0M           0M           0M 
[1953.591s][info][gc,reloc    ] GC(251) y: Forwarding Usage: 27M
[1953.591s][info][gc,reloc    ] GC(251) y: Age Table:
[1953.591s][info][gc,reloc    ] GC(251) y:                    Live             Garbage             Small              Medium             Large        
[1953.591s][info][gc,reloc    ] GC(251) y: Eden              85M (1%)         6342M (77%)       3214 / 2479           0 / 0              0 / 0        
[1953.591s][info][gc,reloc    ] GC(251) y: Survivor 1        22M (0%)           69M (1%)          46 / 34             0 / 0              0 / 0        
[1953.592s][info][gc,reloc    ] GC(251) y: Survivor 2         2M (0%)           33M (0%)          18 / 16             0 / 0              0 / 0        
[1953.592s][info][gc,reloc    ] GC(251) y: Survivor 3         0M (0%)           13M (0%)           7 / 6              0 / 0              0 / 0        
[1953.592s][info][gc,reloc    ] GC(251) y: Survivor 4         0M (0%)            3M (0%)           2 / 2              0 / 0              0 / 0        
[1953.592s][info][gc,reloc    ] GC(251) y: Survivor 5         0M (0%)            5M (0%)           3 / 3              0 / 0              0 / 0        
[1953.592s][info][gc,heap     ] GC(251) y: Min Capacity: 8192M(100%)
[1953.592s][info][gc,heap     ] GC(251) y: Max Capacity: 8192M(100%)
[1953.592s][info][gc,heap     ] GC(251) y: Soft Max Capacity: 8192M(100%)
[1953.592s][info][gc,heap     ] GC(251) y: Heap Statistics:
[1953.592s][info][gc,heap     ] GC(251) y:                Mark Start          Mark End        Relocate Start      Relocate End           High               Low         
[1953.592s][info][gc,heap     ] GC(251) y:  Capacity:     8192M (100%)       8192M (100%)       8192M (100%)       8192M (100%)       8192M (100%)       8192M (100%)   
[1953.592s][info][gc,heap     ] GC(251) y:      Free:     1044M (13%)         924M (11%)        2294M (28%)        7280M (89%)        7292M (89%)         924M (11%)    
[1953.592s][info][gc,heap     ] GC(251) y:      Used:     7148M (87%)        7268M (89%)        5898M (72%)         912M (11%)        7268M (89%)         900M (11%)    
[1953.592s][info][gc,heap     ] GC(251) y: Young Generation Statistics:
[1953.592s][info][gc,heap     ] GC(251) y:                Mark Start          Mark End        Relocate Start      Relocate End    
[1953.592s][info][gc,heap     ] GC(251) y:      Used:     6580M (80%)        6700M (82%)        5330M (65%)         344M (4%)     
[1953.592s][info][gc,heap     ] GC(251) y:      Live:         -               111M (1%)          111M (1%)          111M (1%)     
[1953.592s][info][gc,heap     ] GC(251) y:   Garbage:         -              6468M (79%)        5096M (62%)           0M (0%)     
[1953.592s][info][gc,heap     ] GC(251) y: Allocated:         -               120M (1%)          122M (1%)          232M (3%)     
[1953.592s][info][gc,heap     ] GC(251) y: Reclaimed:         -                  -              1372M (17%)        6468M (79%)    
[1953.592s][info][gc,heap     ] GC(251) y:  Promoted:         -                  -                 0M (0%)            0M (0%)     
[1953.592s][info][gc,heap     ] GC(251) y: Compacted:         -                  -                  -               109M (1%)     
[1953.592s][info][gc,phases   ] GC(251) y: Young Generation 7148M(87%)->912M(11%) 0.215s
[1953.592s][info][gc          ] GC(251) Minor Collection (Allocation Rate) 7148M(87%)->914M(11%) 0.215s
[1961.402s][info][gc          ] GC(252) Minor Collection (Allocation Rate)
[1961.402s][info][gc,task     ] GC(252) Using 1 Workers for Young Generation
[1961.402s][info][gc,phases   ] GC(252) y: Young Generation
[1961.403s][info][gc,phases   ] GC(252) y: Pause Mark Start 0.019ms
[1961.518s][info][gc,phases   ] GC(252) y: Concurrent Mark 115.699ms
[1961.518s][info][gc,phases   ] GC(252) y: Pause Mark End 0.009ms
[1961.518s][info][gc,phases   ] GC(252) y: Concurrent Mark Free 0.000ms
[1961.519s][info][gc,phases   ] GC(252) y: Concurrent Reset Relocation Set 0.185ms
[1961.521s][info][gc,reloc    ] GC(252) y: Using tenuring threshold: 7 (Computed)
[1961.523s][info][gc,phases   ] GC(252) y: Concurrent Select Relocation Set 4.262ms
[1961.523s][info][gc,phases   ] GC(252) y: Pause Relocate Start 0.008ms
[1961.589s][info][gc,phases   ] GC(252) y: Concurrent Relocate 66.437ms
[1961.590s][info][gc,alloc    ] GC(252) y:                         Mark Start        Mark End      Relocate Start    Relocate End   
[1961.590s][info][gc,alloc    ] GC(252) y: Allocation Stalls:          0                0                0                0         
[1961.590s][info][gc,load     ] GC(252) y: Load: 0.00 (0%) / 0.00 (0%) / 0.00 (0%)
[1961.590s][info][gc,mmu      ] GC(252) y: MMU: 2ms/76.4%, 5ms/90.6%, 10ms/95.3%, 20ms/97.6%, 50ms/99.1%, 100ms/99.5%
[1961.590s][info][gc,marking  ] GC(252) y: Mark: 1 stripe(s), 2 proactive flush(es), 1 terminate flush(es), 0 completion(s), 0 continuation(s) 
[1961.590s][info][gc,marking  ] GC(252) y: Mark Stack Usage: 32M
[1961.590s][info][gc,nmethod  ] GC(252) y: NMethods: 7561 registered, 980 unregistered
[1961.590s][info][gc,metaspace] GC(252) y: Metaspace: 132M used, 133M committed, 1152M reserved
[1961.590s][info][gc,reloc    ] GC(252) y:                        Candidates     Selected     In-Place         Size        Empty    Relocated 
[1961.590s][info][gc,reloc    ] GC(252) y: Small Pages:                 3371         1372            0        6742M        3898M          67M 
[1961.590s][info][gc,reloc    ] GC(252) y: Medium Pages:                   0            0            0           0M           0M           0M 
[1961.590s][info][gc,reloc    ] GC(252) y: Large Pages:                    0            0            0           0M           0M           0M 
[1961.590s][info][gc,reloc    ] GC(252) y: Forwarding Usage: 24M
[1961.590s][info][gc,reloc    ] GC(252) y: Age Table:
[1961.590s][info][gc,reloc    ] GC(252) y:                    Live             Garbage             Small              Medium             Large        
[1961.590s][info][gc,reloc    ] GC(252) y: Eden              82M (1%)         6511M (79%)       3297 / 1307           0 / 0              0 / 0        
[1961.590s][info][gc,reloc    ] GC(252) y: Survivor 1         2M (0%)           91M (1%)          47 / 44             0 / 0              0 / 0        
[1961.590s][info][gc,reloc    ] GC(252) y: Survivor 2         1M (0%)           28M (0%)          15 / 15             0 / 0              0 / 0        
[1961.590s][info][gc,reloc    ] GC(252) y: Survivor 3         0M (0%)           11M (0%)           6 / 2              0 / 0              0 / 0        
[1961.590s][info][gc,reloc    ] GC(252) y: Survivor 4         0M (0%)            7M (0%)           4 / 2              0 / 0              0 / 0        
[1961.590s][info][gc,reloc    ] GC(252) y: Survivor 5         0M (0%)            1M (0%)           1 / 1              0 / 0              0 / 0        
[1961.590s][info][gc,reloc    ] GC(252) y: Survivor 6         0M (0%)            1M (0%)           1 / 1              0 / 0              0 / 0        
[1961.590s][info][gc,heap     ] GC(252) y: Min Capacity: 8192M(100%)
[1961.590s][info][gc,heap     ] GC(252) y: Max Capacity: 8192M(100%)
[1961.590s][info][gc,heap     ] GC(252) y: Soft Max Capacity: 8192M(100%)
[1961.590s][info][gc,heap     ] GC(252) y: Heap Statistics:
[1961.590s][info][gc,heap     ] GC(252) y:                Mark Start          Mark End        Relocate Start      Relocate End           High               Low         
[1961.590s][info][gc,heap     ] GC(252) y:  Capacity:     8192M (100%)       8192M (100%)       8192M (100%)       8192M (100%)       8192M (100%)       8192M (100%)   
[1961.590s][info][gc,heap     ] GC(252) y:      Free:      882M (11%)         826M (10%)        4724M (58%)        7444M (91%)        7444M (91%)         826M (10%)    
[1961.590s][info][gc,heap     ] GC(252) y:      Used:     7310M (89%)        7366M (90%)        3468M (42%)         748M (9%)         7366M (90%)         748M (9%)     
[1961.590s][info][gc,heap     ] GC(252) y: Young Generation Statistics:
[1961.590s][info][gc,heap     ] GC(252) y:                Mark Start          Mark End        Relocate Start      Relocate End    
[1961.590s][info][gc,heap     ] GC(252) y:      Used:     6742M (82%)        6798M (83%)        2900M (35%)         180M (2%)     
[1961.590s][info][gc,heap     ] GC(252) y:      Live:         -                86M (1%)           86M (1%)           86M (1%)     
[1961.590s][info][gc,heap     ] GC(252) y:   Garbage:         -              6655M (81%)        2757M (34%)           2M (0%)     
[1961.590s][info][gc,heap     ] GC(252) y: Allocated:         -                56M (1%)           56M (1%)           91M (1%)     
[1961.590s][info][gc,heap     ] GC(252) y: Reclaimed:         -                  -              3898M (48%)        6653M (81%)    
[1961.590s][info][gc,heap     ] GC(252) y:  Promoted:         -                  -                 0M (0%)            0M (0%)     
[1961.590s][info][gc,heap     ] GC(252) y: Compacted:         -                  -                  -                76M (1%)     
[1961.590s][info][gc,phases   ] GC(252) y: Young Generation 7310M(89%)->748M(9%) 0.187s
[1961.590s][info][gc          ] GC(252) Minor Collection (Allocation Rate) 7310M(89%)->748M(9%) 0.188s
[1966.434s][info][gc          ] GC(253) Major Collection (Proactive)
[1966.434s][info][gc,task     ] GC(253) Using 1 Workers for Young Generation
[1966.434s][info][gc,task     ] GC(253) Using 1 Workers for Old Generation
[1966.434s][info][gc,phases   ] GC(253) Y: Young Generation
[1966.434s][info][gc,phases   ] GC(253) Y: Pause Mark Start (Major) 0.013ms
[1966.604s][info][gc,phases   ] GC(253) Y: Concurrent Mark 169.846ms
[1966.604s][info][gc,phases   ] GC(253) Y: Pause Mark End 0.009ms
[1966.604s][info][gc,phases   ] GC(253) Y: Concurrent Mark Free 0.000ms
[1966.605s][info][gc,phases   ] GC(253) Y: Concurrent Reset Relocation Set 0.097ms
[1966.607s][info][gc,reloc    ] GC(253) Y: Using tenuring threshold: 4 (Computed)
[1966.609s][info][gc,phases   ] GC(253) Y: Concurrent Select Relocation Set 4.256ms
[1966.609s][info][gc,phases   ] GC(253) Y: Pause Relocate Start 0.008ms
[1966.655s][info][gc,phases   ] GC(253) Y: Concurrent Relocate 45.921ms
[1966.655s][info][gc,alloc    ] GC(253) Y:                         Mark Start        Mark End      Relocate Start    Relocate End   
[1966.655s][info][gc,alloc    ] GC(253) Y: Allocation Stalls:          0                0                0                0         
[1966.655s][info][gc,load     ] GC(253) Y: Load: 0.00 (0%) / 0.00 (0%) / 0.00 (0%)
[1966.655s][info][gc,mmu      ] GC(253) Y: MMU: 2ms/76.4%, 5ms/90.6%, 10ms/95.3%, 20ms/97.6%, 50ms/99.1%, 100ms/99.5%
[1966.655s][info][gc,marking  ] GC(253) Y: Mark: 1 stripe(s), 2 proactive flush(es), 1 terminate flush(es), 0 completion(s), 0 continuation(s) 
[1966.655s][info][gc,marking  ] GC(253) Y: Mark Stack Usage: 32M
[1966.655s][info][gc,nmethod  ] GC(253) Y: NMethods: 7562 registered, 980 unregistered
[1966.655s][info][gc,metaspace] GC(253) Y: Metaspace: 132M used, 133M committed, 1152M reserved
[1966.655s][info][gc,reloc    ] GC(253) Y:                        Candidates     Selected     In-Place         Size        Empty    Relocated 
[1966.655s][info][gc,reloc    ] GC(253) Y: Small Pages:                 1870         1325            0        3740M         958M          46M 
[1966.655s][info][gc,reloc    ] GC(253) Y: Medium Pages:                   0            0            0           0M           0M           0M 
[1966.655s][info][gc,reloc    ] GC(253) Y: Large Pages:                    0            0            0           0M           0M           0M 
[1966.655s][info][gc,reloc    ] GC(253) Y: Forwarding Usage: 18M
[1966.655s][info][gc,reloc    ] GC(253) Y: Age Table:
[1966.655s][info][gc,reloc    ] GC(253) Y:                    Live             Garbage             Small              Medium             Large        
[1966.655s][info][gc,reloc    ] GC(253) Y: Eden              49M (1%)         3566M (44%)       1808 / 1303           0 / 0              0 / 0        
[1966.655s][info][gc,reloc    ] GC(253) Y: Survivor 1        59M (1%)           36M (0%)          48 / 10             0 / 0              0 / 0        
[1966.655s][info][gc,reloc    ] GC(253) Y: Survivor 2         0M (0%)            5M (0%)           3 / 2              0 / 0              0 / 0        
[1966.655s][info][gc,reloc    ] GC(253) Y: Survivor 3         0M (0%)            3M (0%)           2 / 2              0 / 0              0 / 0        
[1966.655s][info][gc,reloc    ] GC(253) Y: Survivor 4         0M (0%)            1M (0%)           1 / 0              0 / 0              0 / 0        
[1966.655s][info][gc,reloc    ] GC(253) Y: Survivor 5         0M (0%)            9M (0%)           5 / 5              0 / 0              0 / 0        
[1966.655s][info][gc,reloc    ] GC(253) Y: Survivor 6         0M (0%)            1M (0%)           1 / 1              0 / 0              0 / 0        
[1966.655s][info][gc,reloc    ] GC(253) Y: Survivor 7         0M (0%)            3M (0%)           2 / 2              0 / 0              0 / 0        
[1966.655s][info][gc,heap     ] GC(253) Y: Min Capacity: 8192M(100%)
[1966.655s][info][gc,heap     ] GC(253) Y: Max Capacity: 8192M(100%)
[1966.655s][info][gc,heap     ] GC(253) Y: Soft Max Capacity: 8192M(100%)
[1966.655s][info][gc,heap     ] GC(253) Y: Heap Statistics:
[1966.655s][info][gc,heap     ] GC(253) Y:                Mark Start          Mark End        Relocate Start      Relocate End           High               Low         
[1966.655s][info][gc,heap     ] GC(253) Y:  Capacity:     8192M (100%)       8192M (100%)       8192M (100%)       8192M (100%)       8192M (100%)       8192M (100%)   
[1966.655s][info][gc,heap     ] GC(253) Y:      Free:     3884M (47%)        3740M (46%)        4694M (57%)        7308M (89%)        7308M (89%)        3740M (46%)    
[1966.655s][info][gc,heap     ] GC(253) Y:      Used:     4308M (53%)        4452M (54%)        3498M (43%)         884M (11%)        4452M (54%)         884M (11%)    
[1966.655s][info][gc,heap     ] GC(253) Y: Young Generation Statistics:
[1966.655s][info][gc,heap     ] GC(253) Y:                Mark Start          Mark End        Relocate Start      Relocate End    
[1966.655s][info][gc,heap     ] GC(253) Y:      Used:     3740M (46%)        3884M (47%)        2930M (36%)         310M (4%)     
[1966.655s][info][gc,heap     ] GC(253) Y:      Live:         -               109M (1%)          109M (1%)          109M (1%)     
[1966.655s][info][gc,heap     ] GC(253) Y:   Garbage:         -              3630M (44%)        2672M (33%)          13M (0%)     
[1966.655s][info][gc,heap     ] GC(253) Y: Allocated:         -               144M (2%)          148M (2%)          187M (2%)     
[1966.655s][info][gc,heap     ] GC(253) Y: Reclaimed:         -                  -               958M (12%)        3616M (44%)    
[1966.655s][info][gc,heap     ] GC(253) Y:  Promoted:         -                  -                 0M (0%)            0M (0%)     
[1966.655s][info][gc,heap     ] GC(253) Y: Compacted:         -                  -                  -                58M (1%)     
[1966.655s][info][gc,phases   ] GC(253) Y: Young Generation 4308M(53%)->884M(11%) 0.220s
[1966.655s][info][gc,phases   ] GC(253) O: Old Generation
[1967.409s][info][gc,phases   ] GC(253) O: Concurrent Mark 753.902ms
[1967.409s][info][gc,phases   ] GC(253) O: Pause Mark End 0.010ms
[1967.409s][info][gc,phases   ] GC(253) O: Concurrent Mark Free 0.000ms
[1967.425s][info][gc,phases   ] GC(253) O: Concurrent Process Non-Strong 15.165ms
[1967.425s][info][gc,phases   ] GC(253) O: Concurrent Reset Relocation Set 0.003ms
[1967.427s][info][gc,phases   ] GC(253) O: Concurrent Select Relocation Set 2.492ms
[1967.427s][info][gc,task     ] GC(253) O: Using 2 Workers for Old Generation
[1967.493s][info][gc,task     ] GC(253) O: Using 1 Workers for Old Generation
[1967.493s][info][gc,phases   ] GC(253) O: Concurrent Remap Roots 66.017ms
[1967.493s][info][gc,phases   ] GC(253) O: Pause Relocate Start 0.008ms
[1967.496s][info][gc,phases   ] GC(253) O: Concurrent Relocate 3.086ms
[1967.496s][info][gc,alloc    ] GC(253) O:                         Mark Start        Mark End      Relocate Start    Relocate End   
[1967.496s][info][gc,alloc    ] GC(253) O: Allocation Stalls:          0                0                0                0         
[1967.496s][info][gc,load     ] GC(253) O: Load: 0.00 (0%) / 0.00 (0%) / 0.00 (0%)
[1967.496s][info][gc,mmu      ] GC(253) O: MMU: 2ms/76.4%, 5ms/90.6%, 10ms/95.3%, 20ms/97.6%, 50ms/99.1%, 100ms/99.5%
[1967.496s][info][gc,marking  ] GC(253) O: Mark: 1 stripe(s), 2 proactive flush(es), 1 terminate flush(es), 0 completion(s), 0 continuation(s) 
[1967.496s][info][gc,marking  ] GC(253) O: Mark Stack Usage: 32M
[1967.497s][info][gc,nmethod  ] GC(253) O: NMethods: 7542 registered, 1000 unregistered
[1967.497s][info][gc,metaspace] GC(253) O: Metaspace: 132M used, 133M committed, 1152M reserved
[1967.497s][info][gc,ref      ] GC(253) O:                       Encountered   Discovered     Enqueued 
[1967.497s][info][gc,ref      ] GC(253) O: Soft References:             6090            0            0 
[1967.497s][info][gc,ref      ] GC(253) O: Weak References:            23558        12969            2 
[1967.497s][info][gc,ref      ] GC(253) O: Final References:              34            0            0 
[1967.497s][info][gc,ref      ] GC(253) O: Phantom References:          1446         1211            0 
[1967.497s][info][gc,reloc    ] GC(253) O:                        Candidates     Selected     In-Place         Size        Empty    Relocated 
[1967.497s][info][gc,reloc    ] GC(253) O: Small Pages:                  252           10            0         504M           6M           1M 
[1967.497s][info][gc,reloc    ] GC(253) O: Medium Pages:                   2            0            0          64M           0M           0M 
[1967.497s][info][gc,reloc    ] GC(253) O: Large Pages:                    0            0            0           0M           0M           0M 
[1967.497s][info][gc,reloc    ] GC(253) O: Forwarding Usage: 0M
[1967.497s][info][gc,heap     ] GC(253) O: Min Capacity: 8192M(100%)
[1967.497s][info][gc,heap     ] GC(253) O: Max Capacity: 8192M(100%)
[1967.497s][info][gc,heap     ] GC(253) O: Soft Max Capacity: 8192M(100%)
[1967.497s][info][gc,heap     ] GC(253) O: Heap Statistics:
[1967.497s][info][gc,heap     ] GC(253) O:                Mark Start          Mark End        Relocate Start      Relocate End           High               Low         
[1967.497s][info][gc,heap     ] GC(253) O:  Capacity:     8192M (100%)       8192M (100%)       8192M (100%)       8192M (100%)       8192M (100%)       8192M (100%)   
[1967.497s][info][gc,heap     ] GC(253) O:      Free:     3884M (47%)        6702M (82%)        6652M (81%)        6662M (81%)        7308M (89%)        3740M (46%)    
[1967.497s][info][gc,heap     ] GC(253) O:      Used:     4308M (53%)        1490M (18%)        1540M (19%)        1530M (19%)        4452M (54%)         884M (11%)    
[1967.497s][info][gc,heap     ] GC(253) O: Old Generation Statistics:
[1967.497s][info][gc,heap     ] GC(253) O:                Mark Start          Mark End        Relocate Start      Relocate End    
[1967.497s][info][gc,heap     ] GC(253) O:      Used:      568M (7%)          574M (7%)          568M (7%)          556M (7%)     
[1967.497s][info][gc,heap     ] GC(253) O:      Live:         -               494M (6%)          494M (6%)          494M (6%)     
[1967.497s][info][gc,heap     ] GC(253) O:   Garbage:         -                73M (1%)           67M (1%)           47M (1%)     
[1967.497s][info][gc,heap     ] GC(253) O: Allocated:         -                 6M (0%)            6M (0%)           14M (0%)     
[1967.497s][info][gc,heap     ] GC(253) O: Reclaimed:         -                  -                 6M (0%)           26M (0%)     
[1967.497s][info][gc,heap     ] GC(253) O: Compacted:         -                  -                  -                 1M (0%)     
[1967.497s][info][gc,phases   ] GC(253) O: Old Generation 884M(11%)->1530M(19%) 0.841s
[1967.497s][info][gc          ] GC(253) Major Collection (Proactive) 4308M(53%)->1530M(19%) 1.062s
[1975.662s][info][gc          ] GC(254) Minor Collection (Allocation Rate)
[1975.662s][info][gc,task     ] GC(254) Using 1 Workers for Young Generation
[1975.662s][info][gc,phases   ] GC(254) y: Young Generation
[1975.662s][info][gc,phases   ] GC(254) y: Pause Mark Start 0.012ms
[1975.822s][info][gc,phases   ] GC(254) y: Concurrent Mark 159.927ms
[1975.822s][info][gc,phases   ] GC(254) y: Pause Mark End 0.009ms
[1975.822s][info][gc,phases   ] GC(254) y: Concurrent Mark Free 0.000ms
[1975.823s][info][gc,phases   ] GC(254) y: Concurrent Reset Relocation Set 0.103ms
[1975.826s][info][gc,reloc    ] GC(254) y: Using tenuring threshold: 5 (Computed)
[1975.839s][info][gc,phases   ] GC(254) y: Concurrent Select Relocation Set 16.521ms
[1975.839s][info][gc,phases   ] GC(254) y: Pause Relocate Start 0.010ms
[1975.928s][info][gc,phases   ] GC(254) y: Concurrent Relocate 89.181ms
[1975.928s][info][gc,alloc    ] GC(254) y:                         Mark Start        Mark End      Relocate Start    Relocate End   
[1975.928s][info][gc,alloc    ] GC(254) y: Allocation Stalls:          0                0                0                0         
[1975.928s][info][gc,load     ] GC(254) y: Load: 0.00 (0%) / 0.00 (0%) / 0.00 (0%)
[1975.928s][info][gc,mmu      ] GC(254) y: MMU: 2ms/76.4%, 5ms/90.6%, 10ms/95.3%, 20ms/97.6%, 50ms/99.1%, 100ms/99.5%
[1975.928s][info][gc,marking  ] GC(254) y: Mark: 1 stripe(s), 2 proactive flush(es), 1 terminate flush(es), 0 completion(s), 0 continuation(s) 
[1975.928s][info][gc,marking  ] GC(254) y: Mark Stack Usage: 32M
[1975.929s][info][gc,nmethod  ] GC(254) y: NMethods: 7545 registered, 1000 unregistered
[1975.929s][info][gc,metaspace] GC(254) y: Metaspace: 132M used, 133M committed, 1152M reserved
[1975.929s][info][gc,reloc    ] GC(254) y:                        Candidates     Selected     In-Place         Size        Empty    Relocated 
[1975.929s][info][gc,reloc    ] GC(254) y: Small Pages:                 3553         2741            0        7106M        1478M         100M 
[1975.929s][info][gc,reloc    ] GC(254) y: Medium Pages:                   0            0            0           0M           0M           0M 
[1975.929s][info][gc,reloc    ] GC(254) y: Large Pages:                    0            0            0           0M           0M           0M 
[1975.929s][info][gc,reloc    ] GC(254) y: Forwarding Usage: 31M
[1975.929s][info][gc,reloc    ] GC(254) y: Age Table:
[1975.929s][info][gc,reloc    ] GC(254) y:                    Live             Garbage             Small              Medium             Large        
[1975.929s][info][gc,reloc    ] GC(254) y: Eden             104M (1%)         6859M (84%)       3482 / 2684           0 / 0              0 / 0        
[1975.929s][info][gc,reloc    ] GC(254) y: Survivor 1        15M (0%)           42M (1%)          29 / 22             0 / 0              0 / 0        
[1975.929s][info][gc,reloc    ] GC(254) y: Survivor 2         5M (0%)           74M (1%)          40 / 33             0 / 0              0 / 0        
[1975.929s][info][gc,reloc    ] GC(254) y: Survivor 3         0M (0%)            1M (0%)           1 / 1              0 / 0              0 / 0        
[1975.929s][info][gc,reloc    ] GC(254) y: Survivor 4         0M (0%)            1M (0%)           1 / 1              0 / 0              0 / 0        
[1975.929s][info][gc,heap     ] GC(254) y: Min Capacity: 8192M(100%)
[1975.929s][info][gc,heap     ] GC(254) y: Max Capacity: 8192M(100%)
[1975.929s][info][gc,heap     ] GC(254) y: Soft Max Capacity: 8192M(100%)
[1975.929s][info][gc,heap     ] GC(254) y: Heap Statistics:
[1975.929s][info][gc,heap     ] GC(254) y:                Mark Start          Mark End        Relocate Start      Relocate End           High               Low         
[1975.929s][info][gc,heap     ] GC(254) y:  Capacity:     8192M (100%)       8192M (100%)       8192M (100%)       8192M (100%)       8192M (100%)       8192M (100%)   
[1975.929s][info][gc,heap     ] GC(254) y:      Free:      530M (6%)          404M (5%)         1862M (23%)        7264M (89%)        7264M (89%)         404M (5%)     
[1975.929s][info][gc,heap     ] GC(254) y:      Used:     7662M (94%)        7788M (95%)        6330M (77%)         928M (11%)        7788M (95%)         928M (11%)    
[1975.929s][info][gc,heap     ] GC(254) y: Young Generation Statistics:
[1975.929s][info][gc,heap     ] GC(254) y:                Mark Start          Mark End        Relocate Start      Relocate End    
[1975.929s][info][gc,heap     ] GC(254) y:      Used:     7106M (87%)        7232M (88%)        5774M (70%)         372M (5%)     
[1975.929s][info][gc,heap     ] GC(254) y:      Live:         -               126M (2%)          126M (2%)          126M (2%)     
[1975.929s][info][gc,heap     ] GC(254) y:   Garbage:         -              6979M (85%)        5501M (67%)           3M (0%)     
[1975.929s][info][gc,heap     ] GC(254) y: Allocated:         -               126M (2%)          146M (2%)          242M (3%)     
[1975.929s][info][gc,heap     ] GC(254) y: Reclaimed:         -                  -              1478M (18%)        6976M (85%)    
[1975.929s][info][gc,heap     ] GC(254) y:  Promoted:         -                  -                 0M (0%)            0M (0%)     
[1975.929s][info][gc,heap     ] GC(254) y: Compacted:         -                  -                  -               115M (1%)     
[1975.929s][info][gc,phases   ] GC(254) y: Young Generation 7662M(94%)->928M(11%) 0.266s
[1975.929s][info][gc          ] GC(254) Minor Collection (Allocation Rate) 7662M(94%)->928M(11%) 0.267s
[1983.355s][info][gc          ] GC(255) Minor Collection (Allocation Rate)
[1983.355s][info][gc,task     ] GC(255) Using 1 Workers for Young Generation
[1983.355s][info][gc,phases   ] GC(255) y: Young Generation
[1983.355s][info][gc,phases   ] GC(255) y: Pause Mark Start 0.013ms
[1983.476s][info][gc,phases   ] GC(255) y: Concurrent Mark 121.045ms
[1983.476s][info][gc,phases   ] GC(255) y: Pause Mark End 0.009ms
[1983.476s][info][gc,phases   ] GC(255) y: Concurrent Mark Free 0.000ms
[1983.477s][info][gc,phases   ] GC(255) y: Concurrent Reset Relocation Set 0.243ms
[1983.479s][info][gc,reloc    ] GC(255) y: Using tenuring threshold: 6 (Computed)
[1983.483s][info][gc,phases   ] GC(255) y: Concurrent Select Relocation Set 5.900ms
[1983.483s][info][gc,phases   ] GC(255) y: Pause Relocate Start 0.013ms
[1983.539s][info][gc,phases   ] GC(255) y: Concurrent Relocate 56.732ms
[1983.540s][info][gc,alloc    ] GC(255) y:                         Mark Start        Mark End      Relocate Start    Relocate End   
[1983.540s][info][gc,alloc    ] GC(255) y: Allocation Stalls:          0                0                0                0         
[1983.540s][info][gc,load     ] GC(255) y: Load: 0.00 (0%) / 0.00 (0%) / 0.00 (0%)
[1983.540s][info][gc,mmu      ] GC(255) y: MMU: 2ms/76.4%, 5ms/90.6%, 10ms/95.3%, 20ms/97.6%, 50ms/99.1%, 100ms/99.5%
[1983.540s][info][gc,marking  ] GC(255) y: Mark: 1 stripe(s), 2 proactive flush(es), 1 terminate flush(es), 0 completion(s), 0 continuation(s) 
[1983.540s][info][gc,marking  ] GC(255) y: Mark Stack Usage: 32M
[1983.540s][info][gc,nmethod  ] GC(255) y: NMethods: 7548 registered, 1000 unregistered
[1983.540s][info][gc,metaspace] GC(255) y: Metaspace: 132M used, 133M committed, 1152M reserved
[1983.540s][info][gc,reloc    ] GC(255) y:                        Candidates     Selected     In-Place         Size        Empty    Relocated 
[1983.540s][info][gc,reloc    ] GC(255) y: Small Pages:                 3422         1693            0        6844M        3360M          61M 
[1983.540s][info][gc,reloc    ] GC(255) y: Medium Pages:                   0            0            0           0M           0M           0M 
[1983.540s][info][gc,reloc    ] GC(255) y: Large Pages:                    0            0            0           0M           0M           0M 
[1983.540s][info][gc,reloc    ] GC(255) y: Forwarding Usage: 21M
[1983.540s][info][gc,reloc    ] GC(255) y: Age Table:
[1983.540s][info][gc,reloc    ] GC(255) y:                    Live             Garbage             Small              Medium             Large        
[1983.540s][info][gc,reloc    ] GC(255) y: Eden              81M (1%)         6602M (81%)       3342 / 1617           0 / 0              0 / 0        
[1983.540s][info][gc,reloc    ] GC(255) y: Survivor 1         2M (0%)          109M (1%)          56 / 54             0 / 0              0 / 0        
[1983.540s][info][gc,reloc    ] GC(255) y: Survivor 2         0M (0%)           29M (0%)          15 / 15             0 / 0              0 / 0        
[1983.540s][info][gc,reloc    ] GC(255) y: Survivor 3         0M (0%)           13M (0%)           7 / 5              0 / 0              0 / 0        
[1983.540s][info][gc,reloc    ] GC(255) y: Survivor 4         0M (0%)            1M (0%)           1 / 1              0 / 0              0 / 0        
[1983.540s][info][gc,reloc    ] GC(255) y: Survivor 5         0M (0%)            1M (0%)           1 / 1              0 / 0              0 / 0        
[1983.540s][info][gc,heap     ] GC(255) y: Min Capacity: 8192M(100%)
[1983.540s][info][gc,heap     ] GC(255) y: Max Capacity: 8192M(100%)
[1983.540s][info][gc,heap     ] GC(255) y: Soft Max Capacity: 8192M(100%)
[1983.540s][info][gc,heap     ] GC(255) y: Heap Statistics:
[1983.540s][info][gc,heap     ] GC(255) y:                Mark Start          Mark End        Relocate Start      Relocate End           High               Low         
[1983.540s][info][gc,heap     ] GC(255) y:  Capacity:     8192M (100%)       8192M (100%)       8192M (100%)       8192M (100%)       8192M (100%)       8192M (100%)   
[1983.540s][info][gc,heap     ] GC(255) y:      Free:      792M (10%)         670M (8%)         4024M (49%)        7346M (90%)        7346M (90%)         670M (8%)     
[1983.540s][info][gc,heap     ] GC(255) y:      Used:     7400M (90%)        7522M (92%)        4168M (51%)         846M (10%)        7522M (92%)         846M (10%)    
[1983.540s][info][gc,heap     ] GC(255) y: Young Generation Statistics:
[1983.540s][info][gc,heap     ] GC(255) y:                Mark Start          Mark End        Relocate Start      Relocate End    
[1983.540s][info][gc,heap     ] GC(255) y:      Used:     6844M (84%)        6966M (85%)        3612M (44%)         290M (4%)     
[1983.540s][info][gc,heap     ] GC(255) y:      Live:         -                84M (1%)           84M (1%)           84M (1%)     
[1983.540s][info][gc,heap     ] GC(255) y:   Garbage:         -              6759M (83%)        3399M (41%)           2M (0%)     
[1983.540s][info][gc,heap     ] GC(255) y: Allocated:         -               122M (1%)          128M (2%)          202M (2%)     
[1983.540s][info][gc,heap     ] GC(255) y: Reclaimed:         -                  -              3360M (41%)        6756M (82%)    
[1983.540s][info][gc,heap     ] GC(255) y:  Promoted:         -                  -                 0M (0%)            0M (0%)     
[1983.540s][info][gc,heap     ] GC(255) y: Compacted:         -                  -                  -                73M (1%)     
[1983.540s][info][gc,phases   ] GC(255) y: Young Generation 7400M(90%)->846M(10%) 0.184s
[1983.540s][info][gc          ] GC(255) Minor Collection (Allocation Rate) 7400M(90%)->846M(10%) 0.185s
[1992.682s][info][gc          ] GC(256) Minor Collection (Allocation Rate)
[1992.682s][info][gc,task     ] GC(256) Using 1 Workers for Young Generation
[1992.682s][info][gc,phases   ] GC(256) y: Young Generation
[1992.683s][info][gc,phases   ] GC(256) y: Pause Mark Start 0.013ms
[1992.826s][info][gc,phases   ] GC(256) y: Concurrent Mark 142.995ms
[1992.826s][info][gc,phases   ] GC(256) y: Pause Mark End 0.013ms
[1992.826s][info][gc,phases   ] GC(256) y: Concurrent Mark Free 0.000ms
[1992.826s][info][gc,phases   ] GC(256) y: Concurrent Reset Relocation Set 0.136ms
[1992.829s][info][gc,reloc    ] GC(256) y: Using tenuring threshold: 7 (Computed)
[1992.839s][info][gc,phases   ] GC(256) y: Concurrent Select Relocation Set 13.387ms
[1992.839s][info][gc,phases   ] GC(256) y: Pause Relocate Start 0.009ms
[1992.915s][info][gc,phases   ] GC(256) y: Concurrent Relocate 75.036ms
[1992.915s][info][gc,alloc    ] GC(256) y:                         Mark Start        Mark End      Relocate Start    Relocate End   
[1992.915s][info][gc,alloc    ] GC(256) y: Allocation Stalls:          0                0                0                0         
[1992.915s][info][gc,load     ] GC(256) y: Load: 0.00 (0%) / 0.00 (0%) / 0.00 (0%)
[1992.915s][info][gc,mmu      ] GC(256) y: MMU: 2ms/76.4%, 5ms/90.6%, 10ms/95.3%, 20ms/97.6%, 50ms/99.1%, 100ms/99.5%
[1992.915s][info][gc,marking  ] GC(256) y: Mark: 1 stripe(s), 2 proactive flush(es), 1 terminate flush(es), 0 completion(s), 0 continuation(s) 
[1992.915s][info][gc,marking  ] GC(256) y: Mark Stack Usage: 32M
[1992.915s][info][gc,nmethod  ] GC(256) y: NMethods: 7555 registered, 1000 unregistered
[1992.915s][info][gc,metaspace] GC(256) y: Metaspace: 132M used, 133M committed, 1152M reserved
[1992.915s][info][gc,reloc    ] GC(256) y:                        Candidates     Selected     In-Place         Size        Empty    Relocated 
[1992.915s][info][gc,reloc    ] GC(256) y: Small Pages:                 3504         2681            0        7008M        1520M          89M 
[1992.915s][info][gc,reloc    ] GC(256) y: Medium Pages:                   0            0            0           0M           0M           0M 
[1992.915s][info][gc,reloc    ] GC(256) y: Large Pages:                    0            0            0           0M           0M           0M 
[1992.915s][info][gc,reloc    ] GC(256) y: Forwarding Usage: 31M
[1992.915s][info][gc,reloc    ] GC(256) y: Age Table:
[1992.915s][info][gc,reloc    ] GC(256) y:                    Live             Garbage             Small              Medium             Large        
[1992.915s][info][gc,reloc    ] GC(256) y: Eden              94M (1%)         6797M (83%)       3446 / 2639           0 / 0              0 / 0        
[1992.915s][info][gc,reloc    ] GC(256) y: Survivor 1        14M (0%)           77M (1%)          46 / 36             0 / 0              0 / 0        
[1992.915s][info][gc,reloc    ] GC(256) y: Survivor 2         0M (0%)            9M (0%)           5 / 1              0 / 0              0 / 0        
[1992.915s][info][gc,reloc    ] GC(256) y: Survivor 3         0M (0%)            7M (0%)           4 / 3              0 / 0              0 / 0        
[1992.915s][info][gc,reloc    ] GC(256) y: Survivor 4         0M (0%)            1M (0%)           1 / 1              0 / 0              0 / 0        
[1992.915s][info][gc,reloc    ] GC(256) y: Survivor 5         0M (0%)            1M (0%)           1 / 1              0 / 0              0 / 0        
[1992.915s][info][gc,reloc    ] GC(256) y: Survivor 6         0M (0%)            1M (0%)           1 / 0              0 / 0              0 / 0        
[1992.915s][info][gc,heap     ] GC(256) y: Min Capacity: 8192M(100%)
[1992.915s][info][gc,heap     ] GC(256) y: Max Capacity: 8192M(100%)
[1992.915s][info][gc,heap     ] GC(256) y: Soft Max Capacity: 8192M(100%)
[1992.915s][info][gc,heap     ] GC(256) y: Heap Statistics:
[1992.915s][info][gc,heap     ] GC(256) y:                Mark Start          Mark End        Relocate Start      Relocate End           High               Low         
[1992.915s][info][gc,heap     ] GC(256) y:  Capacity:     8192M (100%)       8192M (100%)       8192M (100%)       8192M (100%)       8192M (100%)       8192M (100%)   
[1992.915s][info][gc,heap     ] GC(256) y:      Free:      628M (8%)          498M (6%)         2012M (25%)        7320M (89%)        7322M (89%)         498M (6%)     
[1992.915s][info][gc,heap     ] GC(256) y:      Used:     7564M (92%)        7694M (94%)        6180M (75%)         872M (11%)        7694M (94%)         870M (11%)    
[1992.915s][info][gc,heap     ] GC(256) y: Young Generation Statistics:
[1992.915s][info][gc,heap     ] GC(256) y:                Mark Start          Mark End        Relocate Start      Relocate End    
[1992.915s][info][gc,heap     ] GC(256) y:      Used:     7008M (86%)        7138M (87%)        5624M (69%)         316M (4%)     
[1992.915s][info][gc,heap     ] GC(256) y:      Live:         -               109M (1%)          109M (1%)          109M (1%)     
[1992.915s][info][gc,heap     ] GC(256) y:   Garbage:         -              6898M (84%)        5378M (66%)           2M (0%)     
[1992.915s][info][gc,heap     ] GC(256) y: Allocated:         -               130M (2%)          136M (2%)          204M (2%)     
[1992.915s][info][gc,heap     ] GC(256) y: Reclaimed:         -                  -              1520M (19%)        6896M (84%)    
[1992.915s][info][gc,heap     ] GC(256) y:  Promoted:         -                  -                 0M (0%)            0M (0%)     
[1992.915s][info][gc,heap     ] GC(256) y: Compacted:         -                  -                  -               103M (1%)     
[1992.915s][info][gc,phases   ] GC(256) y: Young Generation 7564M(92%)->872M(11%) 0.232s
[1992.915s][info][gc          ] GC(256) Minor Collection (Allocation Rate) 7564M(92%)->872M(11%) 0.233s
[1999.661s][info][gc          ] GC(257) Minor Collection (Allocation Rate)
[1999.661s][info][gc,task     ] GC(257) Using 1 Workers for Young Generation
[1999.661s][info][gc,phases   ] GC(257) y: Young Generation
[1999.661s][info][gc,phases   ] GC(257) y: Pause Mark Start 0.023ms
[1999.780s][info][gc,phases   ] GC(257) y: Concurrent Mark 119.121ms
[1999.780s][info][gc,phases   ] GC(257) y: Pause Mark End 0.011ms
[1999.780s][info][gc,phases   ] GC(257) y: Concurrent Mark Free 0.000ms
[1999.781s][info][gc,phases   ] GC(257) y: Concurrent Reset Relocation Set 0.226ms
[1999.784s][info][gc,reloc    ] GC(257) y: Using tenuring threshold: 8 (Computed)
[1999.786s][info][gc,phases   ] GC(257) y: Concurrent Select Relocation Set 5.507ms
[1999.786s][info][gc,phases   ] GC(257) y: Pause Relocate Start 0.008ms
[1999.839s][info][gc,phases   ] GC(257) y: Concurrent Relocate 53.075ms
[1999.839s][info][gc,alloc    ] GC(257) y:                         Mark Start        Mark End      Relocate Start    Relocate End   
[1999.839s][info][gc,alloc    ] GC(257) y: Allocation Stalls:          0                0                0                0         
[1999.839s][info][gc,load     ] GC(257) y: Load: 0.00 (0%) / 0.00 (0%) / 0.00 (0%)
[1999.839s][info][gc,mmu      ] GC(257) y: MMU: 2ms/76.4%, 5ms/90.6%, 10ms/95.3%, 20ms/97.6%, 50ms/99.1%, 100ms/99.5%
[1999.839s][info][gc,marking  ] GC(257) y: Mark: 1 stripe(s), 2 proactive flush(es), 1 terminate flush(es), 0 completion(s), 0 continuation(s) 
[1999.839s][info][gc,marking  ] GC(257) y: Mark Stack Usage: 32M
[1999.839s][info][gc,nmethod  ] GC(257) y: NMethods: 7557 registered, 1000 unregistered
[1999.839s][info][gc,metaspace] GC(257) y: Metaspace: 132M used, 133M committed, 1152M reserved
[1999.839s][info][gc,reloc    ] GC(257) y:                        Candidates     Selected     In-Place         Size        Empty    Relocated 
[1999.839s][info][gc,reloc    ] GC(257) y: Small Pages:                 3403         1286            0        6806M        4142M          62M 
[1999.839s][info][gc,reloc    ] GC(257) y: Medium Pages:                   0            0            0           0M           0M           0M 
[1999.839s][info][gc,reloc    ] GC(257) y: Large Pages:                    0            0            0           0M           0M           0M 
[1999.839s][info][gc,reloc    ] GC(257) y: Forwarding Usage: 21M
[1999.839s][info][gc,reloc    ] GC(257) y: Age Table:
[1999.839s][info][gc,reloc    ] GC(257) y:                    Live             Garbage             Small              Medium             Large        
[1999.839s][info][gc,reloc    ] GC(257) y: Eden              70M (1%)         6593M (80%)       3332 / 1219           0 / 0              0 / 0        
[1999.839s][info][gc,reloc    ] GC(257) y: Survivor 1         5M (0%)          100M (1%)          53 / 49             0 / 0              0 / 0        
[1999.839s][info][gc,reloc    ] GC(257) y: Survivor 2         3M (0%)           18M (0%)          11 / 11             0 / 0              0 / 0        
[1999.840s][info][gc,reloc    ] GC(257) y: Survivor 3         0M (0%)            3M (0%)           2 / 2              0 / 0              0 / 0        
[1999.840s][info][gc,reloc    ] GC(257) y: Survivor 4         0M (0%)            1M (0%)           1 / 1              0 / 0              0 / 0        
[1999.840s][info][gc,reloc    ] GC(257) y: Survivor 5         0M (0%)            3M (0%)           2 / 2              0 / 0              0 / 0        
[1999.840s][info][gc,reloc    ] GC(257) y: Survivor 6         0M (0%)            1M (0%)           1 / 1              0 / 0              0 / 0        
[1999.840s][info][gc,reloc    ] GC(257) y: Survivor 7         0M (0%)            1M (0%)           1 / 1              0 / 0              0 / 0        
[1999.840s][info][gc,heap     ] GC(257) y: Min Capacity: 8192M(100%)
[1999.840s][info][gc,heap     ] GC(257) y: Max Capacity: 8192M(100%)
[1999.840s][info][gc,heap     ] GC(257) y: Soft Max Capacity: 8192M(100%)
[1999.840s][info][gc,heap     ] GC(257) y: Heap Statistics:
[1999.840s][info][gc,heap     ] GC(257) y:                Mark Start          Mark End        Relocate Start      Relocate End           High               Low         
[1999.840s][info][gc,heap     ] GC(257) y:  Capacity:     8192M (100%)       8192M (100%)       8192M (100%)       8192M (100%)       8192M (100%)       8192M (100%)   
[1999.840s][info][gc,heap     ] GC(257) y:      Free:      830M (10%)         702M (9%)         4840M (59%)        7358M (90%)        7358M (90%)         702M (9%)     
[1999.840s][info][gc,heap     ] GC(257) y:      Used:     7362M (90%)        7490M (91%)        3352M (41%)         834M (10%)        7490M (91%)         834M (10%)    
[1999.840s][info][gc,heap     ] GC(257) y: Young Generation Statistics:
[1999.840s][info][gc,heap     ] GC(257) y:                Mark Start          Mark End        Relocate Start      Relocate End    
[1999.840s][info][gc,heap     ] GC(257) y:      Used:     6806M (83%)        6934M (85%)        2796M (34%)         278M (3%)     
[1999.840s][info][gc,heap     ] GC(257) y:      Live:         -                79M (1%)           79M (1%)           79M (1%)     
[1999.840s][info][gc,heap     ] GC(257) y:   Garbage:         -              6726M (82%)        2584M (32%)           2M (0%)     
[1999.840s][info][gc,heap     ] GC(257) y: Allocated:         -               128M (2%)          132M (2%)          196M (2%)     
[1999.840s][info][gc,heap     ] GC(257) y: Reclaimed:         -                  -              4142M (51%)        6724M (82%)    
[1999.840s][info][gc,heap     ] GC(257) y:  Promoted:         -                  -                 0M (0%)            0M (0%)     
[1999.840s][info][gc,heap     ] GC(257) y: Compacted:         -                  -                  -                71M (1%)     
[1999.840s][info][gc,phases   ] GC(257) y: Young Generation 7362M(90%)->834M(10%) 0.178s
[1999.840s][info][gc          ] GC(257) Minor Collection (Allocation Rate) 7362M(90%)->834M(10%) 0.179s
[2008.858s][info][gc          ] GC(258) Minor Collection (Allocation Rate)
[2008.858s][info][gc,task     ] GC(258) Using 1 Workers for Young Generation
[2008.858s][info][gc,phases   ] GC(258) y: Young Generation
[2008.858s][info][gc,phases   ] GC(258) y: Pause Mark Start 0.017ms
[2009.020s][info][gc,phases   ] GC(258) y: Concurrent Mark 161.812ms
[2009.020s][info][gc,phases   ] GC(258) y: Pause Mark End 0.011ms
[2009.020s][info][gc,phases   ] GC(258) y: Concurrent Mark Free 0.000ms
[2009.020s][info][gc,phases   ] GC(258) y: Concurrent Reset Relocation Set 0.095ms
[2009.024s][info][gc,reloc    ] GC(258) y: Using tenuring threshold: 9 (Computed)
[2009.039s][info][gc,phases   ] GC(258) y: Concurrent Select Relocation Set 18.251ms
[2009.039s][info][gc,phases   ] GC(258) y: Pause Relocate Start 0.009ms
[2009.128s][info][gc,phases   ] GC(258) y: Concurrent Relocate 88.877ms
[2009.128s][info][gc,alloc    ] GC(258) y:                         Mark Start        Mark End      Relocate Start    Relocate End   
[2009.128s][info][gc,alloc    ] GC(258) y: Allocation Stalls:          0                0                0                0         
[2009.128s][info][gc,load     ] GC(258) y: Load: 0.00 (0%) / 0.00 (0%) / 0.00 (0%)
[2009.128s][info][gc,mmu      ] GC(258) y: MMU: 2ms/76.4%, 5ms/90.6%, 10ms/95.3%, 20ms/97.6%, 50ms/99.1%, 100ms/99.5%
[2009.128s][info][gc,marking  ] GC(258) y: Mark: 1 stripe(s), 2 proactive flush(es), 1 terminate flush(es), 0 completion(s), 0 continuation(s) 
[2009.128s][info][gc,marking  ] GC(258) y: Mark Stack Usage: 32M
[2009.128s][info][gc,nmethod  ] GC(258) y: NMethods: 7598 registered, 1000 unregistered
[2009.128s][info][gc,metaspace] GC(258) y: Metaspace: 132M used, 133M committed, 1152M reserved
[2009.128s][info][gc,reloc    ] GC(258) y:                        Candidates     Selected     In-Place         Size        Empty    Relocated 
[2009.128s][info][gc,reloc    ] GC(258) y: Small Pages:                 3490         2480            0        6980M        1876M          97M 
[2009.128s][info][gc,reloc    ] GC(258) y: Medium Pages:                   0            0            0           0M           0M           0M 
[2009.128s][info][gc,reloc    ] GC(258) y: Large Pages:                    0            0            0           0M           0M           0M 
[2009.128s][info][gc,reloc    ] GC(258) y: Forwarding Usage: 36M
[2009.128s][info][gc,reloc    ] GC(258) y: Age Table:
[2009.128s][info][gc,reloc    ] GC(258) y:                    Live             Garbage             Small              Medium             Large        
[2009.128s][info][gc,reloc    ] GC(258) y: Eden             101M (1%)         6756M (82%)       3429 / 2436           0 / 0              0 / 0        
[2009.128s][info][gc,reloc    ] GC(258) y: Survivor 1        18M (0%)           63M (1%)          41 / 25             0 / 0              0 / 0        
[2009.128s][info][gc,reloc    ] GC(258) y: Survivor 2         2M (0%)           13M (0%)           8 / 7              0 / 0              0 / 0        
[2009.128s][info][gc,reloc    ] GC(258) y: Survivor 3         1M (0%)            8M (0%)           5 / 5              0 / 0              0 / 0        
[2009.128s][info][gc,reloc    ] GC(258) y: Survivor 4         0M (0%)            3M (0%)           2 / 2              0 / 0              0 / 0        
[2009.128s][info][gc,reloc    ] GC(258) y: Survivor 5         0M (0%)            1M (0%)           1 / 1              0 / 0              0 / 0        
[2009.128s][info][gc,reloc    ] GC(258) y: Survivor 6         0M (0%)            3M (0%)           2 / 2              0 / 0              0 / 0        
[2009.128s][info][gc,reloc    ] GC(258) y: Survivor 7         0M (0%)            1M (0%)           1 / 1              0 / 0              0 / 0        
[2009.128s][info][gc,reloc    ] GC(258) y: Survivor 8         0M (0%)            1M (0%)           1 / 1              0 / 0              0 / 0        
[2009.128s][info][gc,heap     ] GC(258) y: Min Capacity: 8192M(100%)
[2009.128s][info][gc,heap     ] GC(258) y: Max Capacity: 8192M(100%)
[2009.128s][info][gc,heap     ] GC(258) y: Soft Max Capacity: 8192M(100%)
[2009.128s][info][gc,heap     ] GC(258) y: Heap Statistics:
[2009.128s][info][gc,heap     ] GC(258) y:                Mark Start          Mark End        Relocate Start      Relocate End           High               Low         
[2009.128s][info][gc,heap     ] GC(258) y:  Capacity:     8192M (100%)       8192M (100%)       8192M (100%)       8192M (100%)       8192M (100%)       8192M (100%)   
[2009.128s][info][gc,heap     ] GC(258) y:      Free:      656M (8%)          522M (6%)         2386M (29%)        7244M (88%)        7254M (89%)         522M (6%)     
[2009.128s][info][gc,heap     ] GC(258) y:      Used:     7536M (92%)        7670M (94%)        5806M (71%)         948M (12%)        7670M (94%)         938M (11%)    
[2009.128s][info][gc,heap     ] GC(258) y: Young Generation Statistics:
[2009.128s][info][gc,heap     ] GC(258) y:                Mark Start          Mark End        Relocate Start      Relocate End    
[2009.128s][info][gc,heap     ] GC(258) y:      Used:     6980M (85%)        7114M (87%)        5250M (64%)         392M (5%)     
[2009.128s][info][gc,heap     ] GC(258) y:      Live:         -               124M (2%)          124M (2%)          124M (2%)     
[2009.128s][info][gc,heap     ] GC(258) y:   Garbage:         -              6855M (84%)        4979M (61%)           1M (0%)     
[2009.128s][info][gc,heap     ] GC(258) y: Allocated:         -               134M (2%)          146M (2%)          265M (3%)     
[2009.128s][info][gc,heap     ] GC(258) y: Reclaimed:         -                  -              1876M (23%)        6853M (84%)    
[2009.128s][info][gc,heap     ] GC(258) y:  Promoted:         -                  -                 0M (0%)            0M (0%)     
[2009.128s][info][gc,heap     ] GC(258) y: Compacted:         -                  -                  -               122M (1%)     
[2009.128s][info][gc,phases   ] GC(258) y: Young Generation 7536M(92%)->948M(12%) 0.269s
[2009.128s][info][gc          ] GC(258) Minor Collection (Allocation Rate) 7536M(92%)->950M(12%) 0.270s
[2016.979s][info][gc          ] GC(259) Minor Collection (Allocation Rate)
[2016.979s][info][gc,task     ] GC(259) Using 1 Workers for Young Generation
[2016.979s][info][gc,phases   ] GC(259) y: Young Generation
[2016.979s][info][gc,phases   ] GC(259) y: Pause Mark Start 0.015ms
[2017.167s][info][gc,task     ] Adjusting Workers for Young Generation: 1 -> 2
[2017.206s][info][gc,phases   ] GC(259) y: Concurrent Mark 226.901ms
[2017.206s][info][gc,phases   ] GC(259) y: Pause Mark End 0.010ms
[2017.206s][info][gc,phases   ] GC(259) y: Concurrent Mark Free 0.000ms
[2017.207s][info][gc,phases   ] GC(259) y: Concurrent Reset Relocation Set 0.267ms
[2017.211s][info][gc,reloc    ] GC(259) y: Using tenuring threshold: 5 (Computed)
[2017.246s][info][gc,phases   ] GC(259) y: Concurrent Select Relocation Set 38.976ms
[2017.246s][info][gc,phases   ] GC(259) y: Pause Relocate Start 0.015ms
[2017.345s][info][gc,phases   ] GC(259) y: Concurrent Relocate 99.437ms
[2017.345s][info][gc,alloc    ] GC(259) y:                         Mark Start        Mark End      Relocate Start    Relocate End   
[2017.345s][info][gc,alloc    ] GC(259) y: Allocation Stalls:          0                0                0                0         
[2017.345s][info][gc,load     ] GC(259) y: Load: 0.00 (0%) / 0.00 (0%) / 0.00 (0%)
[2017.345s][info][gc,mmu      ] GC(259) y: MMU: 2ms/76.4%, 5ms/90.6%, 10ms/95.3%, 20ms/97.6%, 50ms/99.1%, 100ms/99.5%
[2017.345s][info][gc,marking  ] GC(259) y: Mark: 1 stripe(s), 10 proactive flush(es), 1 terminate flush(es), 0 completion(s), 0 continuation(s) 
[2017.345s][info][gc,marking  ] GC(259) y: Mark Stack Usage: 32M
[2017.345s][info][gc,nmethod  ] GC(259) y: NMethods: 7605 registered, 1000 unregistered
[2017.345s][info][gc,metaspace] GC(259) y: Metaspace: 132M used, 133M committed, 1152M reserved
[2017.345s][info][gc,reloc    ] GC(259) y:                        Candidates     Selected     In-Place         Size        Empty    Relocated 
[2017.345s][info][gc,reloc    ] GC(259) y: Small Pages:                 3467         2030            0        6934M        2658M         143M 
[2017.345s][info][gc,reloc    ] GC(259) y: Medium Pages:                   0            0            0           0M           0M           0M 
[2017.345s][info][gc,reloc    ] GC(259) y: Large Pages:                    0            0            0           0M           0M           0M 
[2017.345s][info][gc,reloc    ] GC(259) y: Forwarding Usage: 50M
[2017.345s][info][gc,reloc    ] GC(259) y: Age Table:
[2017.345s][info][gc,reloc    ] GC(259) y:                    Live             Garbage             Small              Medium             Large        
[2017.345s][info][gc,reloc    ] GC(259) y: Eden             174M (2%)         6593M (80%)       3384 / 1957           0 / 0              0 / 0        
[2017.345s][info][gc,reloc    ] GC(259) y: Survivor 1        11M (0%)           98M (1%)          55 / 48             0 / 0              0 / 0        
[2017.345s][info][gc,reloc    ] GC(259) y: Survivor 2         1M (0%)           24M (0%)          13 / 11             0 / 0              0 / 0        
[2017.345s][info][gc,reloc    ] GC(259) y: Survivor 3         0M (0%)           11M (0%)           6 / 6              0 / 0              0 / 0        
[2017.345s][info][gc,reloc    ] GC(259) y: Survivor 4         1M (0%)            6M (0%)           4 / 3              0 / 0              0 / 0        
[2017.345s][info][gc,reloc    ] GC(259) y: Survivor 5         0M (0%)            1M (0%)           1 / 1              0 / 0              0 / 0        
[2017.345s][info][gc,reloc    ] GC(259) y: Survivor 6         0M (0%)            1M (0%)           1 / 1              0 / 0              0 / 0        
[2017.345s][info][gc,reloc    ] GC(259) y: Survivor 7         0M (0%)            1M (0%)           1 / 1              0 / 0              0 / 0        
[2017.346s][info][gc,reloc    ] GC(259) y: Survivor 8         0M (0%)            1M (0%)           1 / 1              0 / 0              0 / 0        
[2017.346s][info][gc,reloc    ] GC(259) y: Survivor 9         0M (0%)            1M (0%)           1 / 1              0 / 0              0 / 0        
[2017.346s][info][gc,heap     ] GC(259) y: Min Capacity: 8192M(100%)
[2017.346s][info][gc,heap     ] GC(259) y: Max Capacity: 8192M(100%)
[2017.346s][info][gc,heap     ] GC(259) y: Soft Max Capacity: 8192M(100%)
[2017.346s][info][gc,heap     ] GC(259) y: Heap Statistics:
[2017.346s][info][gc,heap     ] GC(259) y:                Mark Start          Mark End        Relocate Start      Relocate End           High               Low         
[2017.346s][info][gc,heap     ] GC(259) y:  Capacity:     8192M (100%)       8192M (100%)       8192M (100%)       8192M (100%)       8192M (100%)       8192M (100%)   
[2017.346s][info][gc,heap     ] GC(259) y:      Free:      702M (9%)          122M (1%)         2728M (33%)        6646M (81%)        6646M (81%)         120M (1%)     
[2017.346s][info][gc,heap     ] GC(259) y:      Used:     7490M (91%)        8070M (99%)        5464M (67%)        1546M (19%)        8072M (99%)        1546M (19%)    
[2017.346s][info][gc,heap     ] GC(259) y: Young Generation Statistics:
[2017.346s][info][gc,heap     ] GC(259) y:                Mark Start          Mark End        Relocate Start      Relocate End    
[2017.346s][info][gc,heap     ] GC(259) y:      Used:     6934M (85%)        7514M (92%)        4908M (60%)         984M (12%)    
[2017.346s][info][gc,heap     ] GC(259) y:      Live:         -               188M (2%)          188M (2%)          188M (2%)     
[2017.346s][info][gc,heap     ] GC(259) y:   Garbage:         -              6745M (82%)        4087M (50%)           3M (0%)     
[2017.346s][info][gc,heap     ] GC(259) y: Allocated:         -               580M (7%)          632M (8%)          792M (10%)    
[2017.346s][info][gc,heap     ] GC(259) y: Reclaimed:         -                  -              2658M (32%)        6741M (82%)    
[2017.346s][info][gc,heap     ] GC(259) y:  Promoted:         -                  -                 0M (0%)            0M (0%)     
[2017.346s][info][gc,heap     ] GC(259) y: Compacted:         -                  -                  -               163M (2%)     
[2017.346s][info][gc,phases   ] GC(259) y: Young Generation 7490M(91%)->1546M(19%) 0.366s
[2017.346s][info][gc          ] GC(259) Minor Collection (Allocation Rate) 7490M(91%)->1546M(19%) 0.367s
[2024.471s][info][gc          ] GC(260) Minor Collection (Allocation Rate)
[2024.471s][info][gc,task     ] GC(260) Using 1 Workers for Young Generation
[2024.471s][info][gc,phases   ] GC(260) y: Young Generation
[2024.471s][info][gc,phases   ] GC(260) y: Pause Mark Start 0.015ms
[2024.661s][info][gc,phases   ] GC(260) y: Concurrent Mark 189.409ms
[2024.661s][info][gc,phases   ] GC(260) y: Pause Mark End 0.012ms
[2024.661s][info][gc,phases   ] GC(260) y: Concurrent Mark Free 0.000ms
[2024.661s][info][gc,phases   ] GC(260) y: Concurrent Reset Relocation Set 0.295ms
[2024.666s][info][gc,reloc    ] GC(260) y: Using tenuring threshold: 3 (Computed)
[2024.674s][info][gc,phases   ] GC(260) y: Concurrent Select Relocation Set 12.312ms
[2024.674s][info][gc,phases   ] GC(260) y: Pause Relocate Start 0.017ms
[2024.789s][info][gc,phases   ] GC(260) y: Concurrent Relocate 115.249ms
[2024.789s][info][gc,alloc    ] GC(260) y:                         Mark Start        Mark End      Relocate Start    Relocate End   
[2024.789s][info][gc,alloc    ] GC(260) y: Allocation Stalls:          0                0                0                0         
[2024.789s][info][gc,load     ] GC(260) y: Load: 0.00 (0%) / 0.00 (0%) / 0.00 (0%)
[2024.789s][info][gc,mmu      ] GC(260) y: MMU: 2ms/76.4%, 5ms/90.6%, 10ms/95.3%, 20ms/97.6%, 50ms/99.1%, 100ms/99.5%
[2024.789s][info][gc,marking  ] GC(260) y: Mark: 1 stripe(s), 2 proactive flush(es), 1 terminate flush(es), 0 completion(s), 0 continuation(s) 
[2024.789s][info][gc,marking  ] GC(260) y: Mark Stack Usage: 32M
[2024.789s][info][gc,nmethod  ] GC(260) y: NMethods: 7609 registered, 1000 unregistered
[2024.789s][info][gc,metaspace] GC(260) y: Metaspace: 132M used, 133M committed, 1152M reserved
[2024.789s][info][gc,reloc    ] GC(260) y:                        Candidates     Selected     In-Place         Size        Empty    Relocated 
[2024.789s][info][gc,reloc    ] GC(260) y: Small Pages:                 2972         2139            0        5944M        1526M          97M 
[2024.789s][info][gc,reloc    ] GC(260) y: Medium Pages:                   0            0            0           0M           0M           0M 
[2024.789s][info][gc,reloc    ] GC(260) y: Large Pages:                    0            0            0           0M           0M           0M 
[2024.789s][info][gc,reloc    ] GC(260) y: Forwarding Usage: 38M
[2024.789s][info][gc,reloc    ] GC(260) y: Age Table:
[2024.789s][info][gc,reloc    ] GC(260) y:                    Live             Garbage             Small              Medium             Large        
[2024.789s][info][gc,reloc    ] GC(260) y: Eden              84M (1%)         5617M (69%)       2851 / 2052           0 / 0              0 / 0        
[2024.789s][info][gc,reloc    ] GC(260) y: Survivor 1        32M (0%)          157M (2%)          95 / 66             0 / 0              0 / 0        
[2024.789s][info][gc,reloc    ] GC(260) y: Survivor 2         3M (0%)           18M (0%)          11 / 9              0 / 0              0 / 0        
[2024.789s][info][gc,reloc    ] GC(260) y: Survivor 3         0M (0%)           11M (0%)           6 / 5              0 / 0              0 / 0        
[2024.789s][info][gc,reloc    ] GC(260) y: Survivor 4         0M (0%)            7M (0%)           4 / 4              0 / 0              0 / 0        
[2024.789s][info][gc,reloc    ] GC(260) y: Survivor 5         0M (0%)            9M (0%)           5 / 3              0 / 0              0 / 0        
[2024.789s][info][gc,heap     ] GC(260) y: Min Capacity: 8192M(100%)
[2024.789s][info][gc,heap     ] GC(260) y: Max Capacity: 8192M(100%)
[2024.789s][info][gc,heap     ] GC(260) y: Soft Max Capacity: 8192M(100%)
[2024.789s][info][gc,heap     ] GC(260) y: Heap Statistics:
[2024.789s][info][gc,heap     ] GC(260) y:                Mark Start          Mark End        Relocate Start      Relocate End           High               Low         
[2024.789s][info][gc,heap     ] GC(260) y:  Capacity:     8192M (100%)       8192M (100%)       8192M (100%)       8192M (100%)       8192M (100%)       8192M (100%)   
[2024.789s][info][gc,heap     ] GC(260) y:      Free:     1686M (21%)        1532M (19%)        3052M (37%)        7230M (88%)        7230M (88%)        1532M (19%)    
[2024.789s][info][gc,heap     ] GC(260) y:      Used:     6506M (79%)        6660M (81%)        5140M (63%)         962M (12%)        6660M (81%)         962M (12%)    
[2024.789s][info][gc,heap     ] GC(260) y: Young Generation Statistics:
[2024.790s][info][gc,heap     ] GC(260) y:                Mark Start          Mark End        Relocate Start      Relocate End    
[2024.790s][info][gc,heap     ] GC(260) y:      Used:     5944M (73%)        6098M (74%)        4578M (56%)         390M (5%)     
[2024.790s][info][gc,heap     ] GC(260) y:      Live:         -               122M (1%)          122M (1%)          120M (1%)     
[2024.790s][info][gc,heap     ] GC(260) y:   Garbage:         -              5821M (71%)        4295M (52%)           0M (0%)     
[2024.790s][info][gc,heap     ] GC(260) y: Allocated:         -               154M (2%)          160M (2%)          269M (3%)     
[2024.790s][info][gc,heap     ] GC(260) y: Reclaimed:         -                  -              1526M (19%)        5821M (71%)    
[2024.790s][info][gc,heap     ] GC(260) y:  Promoted:         -                  -                 0M (0%)            1M (0%)     
[2024.790s][info][gc,heap     ] GC(260) y: Compacted:         -                  -                  -               118M (1%)     
[2024.790s][info][gc,phases   ] GC(260) y: Young Generation 6506M(79%)->962M(12%) 0.318s
[2024.790s][info][gc          ] GC(260) Minor Collection (Allocation Rate) 6504M(79%)->962M(12%) 0.318s
[2032.574s][info][gc          ] GC(261) Minor Collection (Allocation Rate)
[2032.575s][info][gc,task     ] GC(261) Using 1 Workers for Young Generation
[2032.575s][info][gc,phases   ] GC(261) y: Young Generation
[2032.575s][info][gc,phases   ] GC(261) y: Pause Mark Start 0.013ms
[2032.786s][info][gc,phases   ] GC(261) y: Concurrent Mark 211.680ms
[2032.786s][info][gc,phases   ] GC(261) y: Pause Mark End 0.009ms
[2032.786s][info][gc,phases   ] GC(261) y: Concurrent Mark Free 0.000ms
[2032.787s][info][gc,phases   ] GC(261) y: Concurrent Reset Relocation Set 0.224ms
[2032.790s][info][gc,reloc    ] GC(261) y: Using tenuring threshold: 4 (Computed)
[2032.810s][info][gc,phases   ] GC(261) y: Concurrent Select Relocation Set 23.150ms
[2032.810s][info][gc,phases   ] GC(261) y: Pause Relocate Start 0.009ms
[2032.918s][info][gc,phases   ] GC(261) y: Concurrent Relocate 108.479ms
[2032.918s][info][gc,alloc    ] GC(261) y:                         Mark Start        Mark End      Relocate Start    Relocate End   
[2032.918s][info][gc,alloc    ] GC(261) y: Allocation Stalls:          0                0                0                0         
[2032.918s][info][gc,load     ] GC(261) y: Load: 0.00 (0%) / 0.00 (0%) / 0.00 (0%)
[2032.919s][info][gc,mmu      ] GC(261) y: MMU: 2ms/76.4%, 5ms/90.6%, 10ms/95.3%, 20ms/97.6%, 50ms/99.1%, 100ms/99.5%
[2032.919s][info][gc,marking  ] GC(261) y: Mark: 1 stripe(s), 2 proactive flush(es), 1 terminate flush(es), 0 completion(s), 0 continuation(s) 
[2032.919s][info][gc,marking  ] GC(261) y: Mark Stack Usage: 32M
[2032.919s][info][gc,nmethod  ] GC(261) y: NMethods: 7617 registered, 1000 unregistered
[2032.919s][info][gc,metaspace] GC(261) y: Metaspace: 132M used, 133M committed, 1152M reserved
[2032.919s][info][gc,reloc    ] GC(261) y:                        Candidates     Selected     In-Place         Size        Empty    Relocated 
[2032.919s][info][gc,reloc    ] GC(261) y: Small Pages:                 3235         2436            0        6470M        1420M         117M 
[2032.919s][info][gc,reloc    ] GC(261) y: Medium Pages:                   0            0            0           0M           0M           0M 
[2032.919s][info][gc,reloc    ] GC(261) y: Large Pages:                    0            0            0           0M           0M           0M 
[2032.919s][info][gc,reloc    ] GC(261) y: Forwarding Usage: 41M
[2032.919s][info][gc,reloc    ] GC(261) y: Age Table:
[2032.919s][info][gc,reloc    ] GC(261) y:                    Live             Garbage             Small              Medium             Large        
[2032.919s][info][gc,reloc    ] GC(261) y: Eden             122M (1%)         6199M (76%)       3161 / 2377           0 / 0              0 / 0        
[2032.919s][info][gc,reloc    ] GC(261) y: Survivor 1        23M (0%)           68M (1%)          46 / 35             0 / 0              0 / 0        
[2032.919s][info][gc,reloc    ] GC(261) y: Survivor 2         3M (0%)           40M (0%)          22 / 20             0 / 0              0 / 0        
[2032.919s][info][gc,reloc    ] GC(261) y: Survivor 3         3M (0%)            8M (0%)           6 / 4              0 / 0              0 / 0        
[2032.919s][info][gc,heap     ] GC(261) y: Min Capacity: 8192M(100%)
[2032.919s][info][gc,heap     ] GC(261) y: Max Capacity: 8192M(100%)
[2032.919s][info][gc,heap     ] GC(261) y: Soft Max Capacity: 8192M(100%)
[2032.919s][info][gc,heap     ] GC(261) y: Heap Statistics:
[2032.919s][info][gc,heap     ] GC(261) y:                Mark Start          Mark End        Relocate Start      Relocate End           High               Low         
[2032.919s][info][gc,heap     ] GC(261) y:  Capacity:     8192M (100%)       8192M (100%)       8192M (100%)       8192M (100%)       8192M (100%)       8192M (100%)   
[2032.919s][info][gc,heap     ] GC(261) y:      Free:     1150M (14%)         946M (12%)        2348M (29%)        7140M (87%)        7140M (87%)         946M (12%)    
[2032.919s][info][gc,heap     ] GC(261) y:      Used:     7042M (86%)        7246M (88%)        5844M (71%)        1052M (13%)        7246M (88%)        1052M (13%)    
[2032.919s][info][gc,heap     ] GC(261) y: Young Generation Statistics:
[2032.919s][info][gc,heap     ] GC(261) y:                Mark Start          Mark End        Relocate Start      Relocate End    
[2032.919s][info][gc,heap     ] GC(261) y:      Used:     6470M (79%)        6674M (81%)        5272M (64%)         480M (6%)     
[2032.919s][info][gc,heap     ] GC(261) y:      Live:         -               152M (2%)          152M (2%)          152M (2%)     
[2032.919s][info][gc,heap     ] GC(261) y:   Garbage:         -              6317M (77%)        4897M (60%)           5M (0%)     
[2032.919s][info][gc,heap     ] GC(261) y: Allocated:         -               204M (2%)          222M (3%)          321M (4%)     
[2032.919s][info][gc,heap     ] GC(261) y: Reclaimed:         -                  -              1420M (17%)        6311M (77%)    
[2032.919s][info][gc,heap     ] GC(261) y:  Promoted:         -                  -                 0M (0%)            0M (0%)     
[2032.919s][info][gc,heap     ] GC(261) y: Compacted:         -                  -                  -               138M (2%)     
[2032.919s][info][gc,phases   ] GC(261) y: Young Generation 7042M(86%)->1052M(13%) 0.344s
[2032.919s][info][gc          ] GC(261) Minor Collection (Allocation Rate) 7042M(86%)->1052M(13%) 0.344s
[2038.988s][info][gc          ] GC(262) Major Collection (Proactive)
[2038.988s][info][gc,task     ] GC(262) Using 1 Workers for Young Generation
[2038.988s][info][gc,task     ] GC(262) Using 1 Workers for Old Generation
[2038.988s][info][gc,phases   ] GC(262) Y: Young Generation
[2038.988s][info][gc,phases   ] GC(262) Y: Pause Mark Start (Major) 0.018ms
[2039.134s][info][gc,phases   ] GC(262) Y: Concurrent Mark 146.475ms
[2039.134s][info][gc,phases   ] GC(262) Y: Pause Mark End 0.011ms
[2039.134s][info][gc,phases   ] GC(262) Y: Concurrent Mark Free 0.000ms
[2039.135s][info][gc,phases   ] GC(262) Y: Concurrent Reset Relocation Set 0.219ms
[2039.137s][info][gc,reloc    ] GC(262) Y: Using tenuring threshold: 5 (Computed)
[2039.141s][info][gc,phases   ] GC(262) Y: Concurrent Select Relocation Set 6.483ms
[2039.141s][info][gc,phases   ] GC(262) Y: Pause Relocate Start 0.010ms
[2039.216s][info][gc,phases   ] GC(262) Y: Concurrent Relocate 74.860ms
[2039.216s][info][gc,alloc    ] GC(262) Y:                         Mark Start        Mark End      Relocate Start    Relocate End   
[2039.216s][info][gc,alloc    ] GC(262) Y: Allocation Stalls:          0                0                0                0         
[2039.216s][info][gc,load     ] GC(262) Y: Load: 0.00 (0%) / 0.00 (0%) / 0.00 (0%)
[2039.216s][info][gc,mmu      ] GC(262) Y: MMU: 2ms/76.4%, 5ms/90.6%, 10ms/95.3%, 20ms/97.6%, 50ms/99.1%, 100ms/99.5%
[2039.216s][info][gc,marking  ] GC(262) Y: Mark: 1 stripe(s), 2 proactive flush(es), 1 terminate flush(es), 0 completion(s), 0 continuation(s) 
[2039.216s][info][gc,marking  ] GC(262) Y: Mark Stack Usage: 32M
[2039.216s][info][gc,nmethod  ] GC(262) Y: NMethods: 7621 registered, 1000 unregistered
[2039.216s][info][gc,metaspace] GC(262) Y: Metaspace: 132M used, 133M committed, 1152M reserved
[2039.216s][info][gc,reloc    ] GC(262) Y:                        Candidates     Selected     In-Place         Size        Empty    Relocated 
[2039.216s][info][gc,reloc    ] GC(262) Y: Small Pages:                 2720         1384            0        5440M        2562M          76M 
[2039.216s][info][gc,reloc    ] GC(262) Y: Medium Pages:                   0            0            0           0M           0M           0M 
[2039.216s][info][gc,reloc    ] GC(262) Y: Large Pages:                    0            0            0           0M           0M           0M 
[2039.216s][info][gc,reloc    ] GC(262) Y: Forwarding Usage: 27M
[2039.216s][info][gc,reloc    ] GC(262) Y: Age Table:
[2039.216s][info][gc,reloc    ] GC(262) Y:                    Live             Garbage             Small              Medium             Large        
[2039.216s][info][gc,reloc    ] GC(262) Y: Eden              86M (1%)         5165M (63%)       2626 / 1296           0 / 0              0 / 0        
[2039.216s][info][gc,reloc    ] GC(262) Y: Survivor 1         3M (0%)          126M (2%)          65 / 61             0 / 0              0 / 0        
[2039.217s][info][gc,reloc    ] GC(262) Y: Survivor 2         2M (0%)           33M (0%)          18 / 17             0 / 0              0 / 0        
[2039.217s][info][gc,reloc    ] GC(262) Y: Survivor 3         0M (0%)           11M (0%)           6 / 5              0 / 0              0 / 0        
[2039.217s][info][gc,reloc    ] GC(262) Y: Survivor 4         1M (0%)            8M (0%)           5 / 5              0 / 0              0 / 0        
[2039.217s][info][gc,heap     ] GC(262) Y: Min Capacity: 8192M(100%)
[2039.217s][info][gc,heap     ] GC(262) Y: Max Capacity: 8192M(100%)
[2039.217s][info][gc,heap     ] GC(262) Y: Soft Max Capacity: 8192M(100%)
[2039.217s][info][gc,heap     ] GC(262) Y: Heap Statistics:
[2039.217s][info][gc,heap     ] GC(262) Y:                Mark Start          Mark End        Relocate Start      Relocate End           High               Low         
[2039.217s][info][gc,heap     ] GC(262) Y:  Capacity:     8192M (100%)       8192M (100%)       8192M (100%)       8192M (100%)       8192M (100%)       8192M (100%)   
[2039.217s][info][gc,heap     ] GC(262) Y:      Free:     2180M (27%)        2066M (25%)        4618M (56%)        7292M (89%)        7292M (89%)        2064M (25%)    
[2039.217s][info][gc,heap     ] GC(262) Y:      Used:     6012M (73%)        6126M (75%)        3574M (44%)         900M (11%)        6128M (75%)         900M (11%)    
[2039.217s][info][gc,heap     ] GC(262) Y: Young Generation Statistics:
[2039.217s][info][gc,heap     ] GC(262) Y:                Mark Start          Mark End        Relocate Start      Relocate End    
[2039.217s][info][gc,heap     ] GC(262) Y:      Used:     5440M (66%)        5554M (68%)        3002M (37%)         328M (4%)     
[2039.217s][info][gc,heap     ] GC(262) Y:      Live:         -                95M (1%)           95M (1%)           95M (1%)     
[2039.217s][info][gc,heap     ] GC(262) Y:   Garbage:         -              5344M (65%)        2782M (34%)           1M (0%)     
[2039.217s][info][gc,heap     ] GC(262) Y: Allocated:         -               114M (1%)          124M (2%)          231M (3%)     
[2039.217s][info][gc,heap     ] GC(262) Y: Reclaimed:         -                  -              2562M (31%)        5343M (65%)    
[2039.217s][info][gc,heap     ] GC(262) Y:  Promoted:         -                  -                 0M (0%)            0M (0%)     
[2039.217s][info][gc,heap     ] GC(262) Y: Compacted:         -                  -                  -                88M (1%)     
[2039.217s][info][gc,phases   ] GC(262) Y: Young Generation 6012M(73%)->900M(11%) 0.229s
[2039.217s][info][gc,phases   ] GC(262) O: Old Generation
[2039.962s][info][gc,phases   ] GC(262) O: Concurrent Mark 745.319ms
[2039.962s][info][gc,phases   ] GC(262) O: Pause Mark End 0.013ms
[2039.962s][info][gc,phases   ] GC(262) O: Concurrent Mark Free 0.000ms
[2039.976s][info][gc,phases   ] GC(262) O: Concurrent Process Non-Strong 13.764ms
[2039.976s][info][gc,phases   ] GC(262) O: Concurrent Reset Relocation Set 0.002ms
[2039.979s][info][gc,phases   ] GC(262) O: Concurrent Select Relocation Set 2.913ms
[2039.979s][info][gc,task     ] GC(262) O: Using 2 Workers for Old Generation
[2040.042s][info][gc,task     ] GC(262) O: Using 1 Workers for Old Generation
[2040.042s][info][gc,phases   ] GC(262) O: Concurrent Remap Roots 63.424ms
[2040.043s][info][gc,phases   ] GC(262) O: Pause Relocate Start 0.009ms
[2040.050s][info][gc,phases   ] GC(262) O: Concurrent Relocate 7.575ms
[2040.050s][info][gc,alloc    ] GC(262) O:                         Mark Start        Mark End      Relocate Start    Relocate End   
[2040.050s][info][gc,alloc    ] GC(262) O: Allocation Stalls:          0                0                0                0         
[2040.050s][info][gc,load     ] GC(262) O: Load: 0.00 (0%) / 0.00 (0%) / 0.00 (0%)
[2040.050s][info][gc,mmu      ] GC(262) O: MMU: 2ms/76.4%, 5ms/90.6%, 10ms/95.3%, 20ms/97.6%, 50ms/99.1%, 100ms/99.5%
[2040.050s][info][gc,marking  ] GC(262) O: Mark: 1 stripe(s), 2 proactive flush(es), 1 terminate flush(es), 0 completion(s), 0 continuation(s) 
[2040.050s][info][gc,marking  ] GC(262) O: Mark Stack Usage: 32M
[2040.050s][info][gc,nmethod  ] GC(262) O: NMethods: 7606 registered, 1015 unregistered
[2040.050s][info][gc,metaspace] GC(262) O: Metaspace: 132M used, 133M committed, 1152M reserved
[2040.050s][info][gc,ref      ] GC(262) O:                       Encountered   Discovered     Enqueued 
[2040.050s][info][gc,ref      ] GC(262) O: Soft References:             6090            0            0 
[2040.050s][info][gc,ref      ] GC(262) O: Weak References:            23572        13206            7 
[2040.050s][info][gc,ref      ] GC(262) O: Final References:              34            0            0 
[2040.050s][info][gc,ref      ] GC(262) O: Phantom References:          1484         1259            2 
[2040.050s][info][gc,reloc    ] GC(262) O:                        Candidates     Selected     In-Place         Size        Empty    Relocated 
[2040.050s][info][gc,reloc    ] GC(262) O: Small Pages:                  254           12            0         508M           6M           2M 
[2040.050s][info][gc,reloc    ] GC(262) O: Medium Pages:                   2            0            0          64M           0M           0M 
[2040.050s][info][gc,reloc    ] GC(262) O: Large Pages:                    0            0            0           0M           0M           0M 
[2040.050s][info][gc,reloc    ] GC(262) O: Forwarding Usage: 2M
[2040.050s][info][gc,heap     ] GC(262) O: Min Capacity: 8192M(100%)
[2040.050s][info][gc,heap     ] GC(262) O: Max Capacity: 8192M(100%)
[2040.050s][info][gc,heap     ] GC(262) O: Soft Max Capacity: 8192M(100%)
[2040.050s][info][gc,heap     ] GC(262) O: Heap Statistics:
[2040.050s][info][gc,heap     ] GC(262) O:                Mark Start          Mark End        Relocate Start      Relocate End           High               Low         
[2040.051s][info][gc,heap     ] GC(262) O:  Capacity:     8192M (100%)       8192M (100%)       8192M (100%)       8192M (100%)       8192M (100%)       8192M (100%)   
[2040.051s][info][gc,heap     ] GC(262) O:      Free:     2180M (27%)        7020M (86%)        7022M (86%)        7034M (86%)        7292M (89%)        2064M (25%)    
[2040.051s][info][gc,heap     ] GC(262) O:      Used:     6012M (73%)        1172M (14%)        1170M (14%)        1158M (14%)        6128M (75%)         900M (11%)    
[2040.051s][info][gc,heap     ] GC(262) O: Old Generation Statistics:
[2040.051s][info][gc,heap     ] GC(262) O:                Mark Start          Mark End        Relocate Start      Relocate End    
[2040.051s][info][gc,heap     ] GC(262) O:      Used:      572M (7%)          572M (7%)          566M (7%)          554M (7%)     
[2040.051s][info][gc,heap     ] GC(262) O:      Live:         -               494M (6%)          494M (6%)          494M (6%)     
[2040.051s][info][gc,heap     ] GC(262) O:   Garbage:         -                77M (1%)           71M (1%)           46M (1%)     
[2040.051s][info][gc,heap     ] GC(262) O: Allocated:         -                 0M (0%)            0M (0%)           13M (0%)     
[2040.051s][info][gc,heap     ] GC(262) O: Reclaimed:         -                  -                 6M (0%)           31M (0%)     
[2040.051s][info][gc,heap     ] GC(262) O: Compacted:         -                  -                  -                 4M (0%)     
[2040.051s][info][gc,phases   ] GC(262) O: Old Generation 900M(11%)->1158M(14%) 0.834s
[2040.051s][info][gc          ] GC(262) Major Collection (Proactive) 6012M(73%)->1158M(14%) 1.063s
[2048.944s][info][gc          ] GC(263) Minor Collection (Allocation Rate)
[2048.944s][info][gc,task     ] GC(263) Using 1 Workers for Young Generation
[2048.944s][info][gc,phases   ] GC(263) y: Young Generation
[2048.944s][info][gc,phases   ] GC(263) y: Pause Mark Start 0.013ms
[2049.113s][info][gc,phases   ] GC(263) y: Concurrent Mark 168.669ms
[2049.113s][info][gc,phases   ] GC(263) y: Pause Mark End 0.009ms
[2049.113s][info][gc,phases   ] GC(263) y: Concurrent Mark Free 0.000ms
[2049.113s][info][gc,phases   ] GC(263) y: Concurrent Reset Relocation Set 0.106ms
[2049.116s][info][gc,reloc    ] GC(263) y: Using tenuring threshold: 6 (Computed)
[2049.130s][info][gc,phases   ] GC(263) y: Concurrent Select Relocation Set 17.055ms
[2049.130s][info][gc,phases   ] GC(263) y: Pause Relocate Start 0.010ms
[2049.230s][info][gc,phases   ] GC(263) y: Concurrent Relocate 99.894ms
[2049.230s][info][gc,alloc    ] GC(263) y:                         Mark Start        Mark End      Relocate Start    Relocate End   
[2049.230s][info][gc,alloc    ] GC(263) y: Allocation Stalls:          0                0                0                0         
[2049.230s][info][gc,load     ] GC(263) y: Load: 0.00 (0%) / 0.00 (0%) / 0.00 (0%)
[2049.230s][info][gc,mmu      ] GC(263) y: MMU: 2ms/76.4%, 5ms/90.6%, 10ms/95.3%, 20ms/97.6%, 50ms/99.1%, 100ms/99.5%
[2049.230s][info][gc,marking  ] GC(263) y: Mark: 1 stripe(s), 2 proactive flush(es), 1 terminate flush(es), 0 completion(s), 0 continuation(s) 
[2049.230s][info][gc,marking  ] GC(263) y: Mark Stack Usage: 32M
[2049.230s][info][gc,nmethod  ] GC(263) y: NMethods: 7607 registered, 1015 unregistered
[2049.230s][info][gc,metaspace] GC(263) y: Metaspace: 132M used, 133M committed, 1152M reserved
[2049.230s][info][gc,reloc    ] GC(263) y:                        Candidates     Selected     In-Place         Size        Empty    Relocated 
[2049.231s][info][gc,reloc    ] GC(263) y: Small Pages:                 3403         2438            0        6806M        1780M         100M 
[2049.231s][info][gc,reloc    ] GC(263) y: Medium Pages:                   0            0            0           0M           0M           0M 
[2049.231s][info][gc,reloc    ] GC(263) y: Large Pages:                    0            0            0           0M           0M           0M 
[2049.231s][info][gc,reloc    ] GC(263) y: Forwarding Usage: 38M
[2049.231s][info][gc,reloc    ] GC(263) y: Age Table:
[2049.231s][info][gc,reloc    ] GC(263) y:                    Live             Garbage             Small              Medium             Large        
[2049.231s][info][gc,reloc    ] GC(263) y: Eden             100M (1%)         6567M (80%)       3334 / 2389           0 / 0              0 / 0        
[2049.231s][info][gc,reloc    ] GC(263) y: Survivor 1        24M (0%)           71M (1%)          48 / 37             0 / 0              0 / 0        
[2049.231s][info][gc,reloc    ] GC(263) y: Survivor 2         2M (0%)            9M (0%)           6 / 2              0 / 0              0 / 0        
[2049.231s][info][gc,reloc    ] GC(263) y: Survivor 3         1M (0%)           10M (0%)           6 / 5              0 / 0              0 / 0        
[2049.231s][info][gc,reloc    ] GC(263) y: Survivor 4         0M (0%)           11M (0%)           6 / 4              0 / 0              0 / 0        
[2049.231s][info][gc,reloc    ] GC(263) y: Survivor 5         0M (0%)            5M (0%)           3 / 1              0 / 0              0 / 0        
[2049.231s][info][gc,heap     ] GC(263) y: Min Capacity: 8192M(100%)
[2049.231s][info][gc,heap     ] GC(263) y: Max Capacity: 8192M(100%)
[2049.231s][info][gc,heap     ] GC(263) y: Soft Max Capacity: 8192M(100%)
[2049.231s][info][gc,heap     ] GC(263) y: Heap Statistics:
[2049.231s][info][gc,heap     ] GC(263) y:                Mark Start          Mark End        Relocate Start      Relocate End           High               Low         
[2049.231s][info][gc,heap     ] GC(263) y:  Capacity:     8192M (100%)       8192M (100%)       8192M (100%)       8192M (100%)       8192M (100%)       8192M (100%)   
[2049.231s][info][gc,heap     ] GC(263) y:      Free:      832M (10%)         642M (8%)         2414M (29%)        7184M (88%)        7184M (88%)         642M (8%)     
[2049.231s][info][gc,heap     ] GC(263) y:      Used:     7360M (90%)        7550M (92%)        5778M (71%)        1008M (12%)        7550M (92%)        1008M (12%)    
[2049.231s][info][gc,heap     ] GC(263) y: Young Generation Statistics:
[2049.231s][info][gc,heap     ] GC(263) y:                Mark Start          Mark End        Relocate Start      Relocate End    
[2049.231s][info][gc,heap     ] GC(263) y:      Used:     6806M (83%)        6996M (85%)        5224M (64%)         454M (6%)     
[2049.231s][info][gc,heap     ] GC(263) y:      Live:         -               129M (2%)          129M (2%)          129M (2%)     
[2049.231s][info][gc,heap     ] GC(263) y:   Garbage:         -              6676M (81%)        4896M (60%)           2M (0%)     
[2049.231s][info][gc,heap     ] GC(263) y: Allocated:         -               190M (2%)          198M (2%)          322M (4%)     
[2049.231s][info][gc,heap     ] GC(263) y: Reclaimed:         -                  -              1780M (22%)        6674M (81%)    
[2049.231s][info][gc,heap     ] GC(263) y:  Promoted:         -                  -                 0M (0%)            0M (0%)     
[2049.231s][info][gc,heap     ] GC(263) y: Compacted:         -                  -                  -               125M (2%)     
[2049.231s][info][gc,phases   ] GC(263) y: Young Generation 7360M(90%)->1008M(12%) 0.286s
[2049.231s][info][gc          ] GC(263) Minor Collection (Allocation Rate) 7360M(90%)->1008M(12%) 0.287s
[2055.692s][info][gc          ] GC(264) Minor Collection (Allocation Rate)
[2055.692s][info][gc,task     ] GC(264) Using 1 Workers for Young Generation
[2055.692s][info][gc,phases   ] GC(264) y: Young Generation
[2055.692s][info][gc,phases   ] GC(264) y: Pause Mark Start 0.012ms
[2055.885s][info][gc,phases   ] GC(264) y: Concurrent Mark 192.834ms
[2055.885s][info][gc,phases   ] GC(264) y: Pause Mark End 0.009ms
[2055.885s][info][gc,phases   ] GC(264) y: Concurrent Mark Free 0.000ms
[2055.885s][info][gc,phases   ] GC(264) y: Concurrent Reset Relocation Set 0.192ms
[2055.888s][info][gc,reloc    ] GC(264) y: Using tenuring threshold: 5 (Computed)
[2055.902s][info][gc,phases   ] GC(264) y: Concurrent Select Relocation Set 16.976ms
[2055.902s][info][gc,phases   ] GC(264) y: Pause Relocate Start 0.009ms
[2056.014s][info][gc,phases   ] GC(264) y: Concurrent Relocate 111.598ms
[2056.014s][info][gc,alloc    ] GC(264) y:                         Mark Start        Mark End      Relocate Start    Relocate End   
[2056.014s][info][gc,alloc    ] GC(264) y: Allocation Stalls:          0                0                0                0         
[2056.014s][info][gc,load     ] GC(264) y: Load: 0.00 (0%) / 0.00 (0%) / 0.00 (0%)
[2056.014s][info][gc,mmu      ] GC(264) y: MMU: 2ms/76.4%, 5ms/90.6%, 10ms/95.3%, 20ms/97.6%, 50ms/99.1%, 100ms/99.5%
[2056.014s][info][gc,marking  ] GC(264) y: Mark: 1 stripe(s), 2 proactive flush(es), 1 terminate flush(es), 0 completion(s), 0 continuation(s) 
[2056.014s][info][gc,marking  ] GC(264) y: Mark Stack Usage: 32M
[2056.014s][info][gc,nmethod  ] GC(264) y: NMethods: 7633 registered, 1015 unregistered
[2056.014s][info][gc,metaspace] GC(264) y: Metaspace: 132M used, 133M committed, 1152M reserved
[2056.014s][info][gc,reloc    ] GC(264) y:                        Candidates     Selected     In-Place         Size        Empty    Relocated 
[2056.014s][info][gc,reloc    ] GC(264) y: Small Pages:                 3345         1354            0        6690M        3788M         122M 
[2056.014s][info][gc,reloc    ] GC(264) y: Medium Pages:                   0            0            0           0M           0M           0M 
[2056.014s][info][gc,reloc    ] GC(264) y: Large Pages:                    0            0            0           0M           0M           0M 
[2056.014s][info][gc,reloc    ] GC(264) y: Forwarding Usage: 44M
[2056.014s][info][gc,reloc    ] GC(264) y: Age Table:
[2056.014s][info][gc,reloc    ] GC(264) y:                    Live             Garbage             Small              Medium             Large        
[2056.014s][info][gc,reloc    ] GC(264) y: Eden             144M (2%)         6377M (78%)       3261 / 1290           0 / 0              0 / 0        
[2056.014s][info][gc,reloc    ] GC(264) y: Survivor 1        19M (0%)           90M (1%)          55 / 40             0 / 0              0 / 0        
[2056.014s][info][gc,reloc    ] GC(264) y: Survivor 2         1M (0%)           32M (0%)          17 / 14             0 / 0              0 / 0        
[2056.014s][info][gc,reloc    ] GC(264) y: Survivor 3         0M (0%)            5M (0%)           3 / 3              0 / 0              0 / 0        
[2056.014s][info][gc,reloc    ] GC(264) y: Survivor 4         0M (0%)            7M (0%)           4 / 3              0 / 0              0 / 0        
[2056.014s][info][gc,reloc    ] GC(264) y: Survivor 5         0M (0%)            7M (0%)           4 / 4              0 / 0              0 / 0        
[2056.014s][info][gc,reloc    ] GC(264) y: Survivor 6         0M (0%)            1M (0%)           1 / 0              0 / 0              0 / 0        
[2056.014s][info][gc,heap     ] GC(264) y: Min Capacity: 8192M(100%)
[2056.014s][info][gc,heap     ] GC(264) y: Max Capacity: 8192M(100%)
[2056.014s][info][gc,heap     ] GC(264) y: Soft Max Capacity: 8192M(100%)
[2056.014s][info][gc,heap     ] GC(264) y: Heap Statistics:
[2056.014s][info][gc,heap     ] GC(264) y:                Mark Start          Mark End        Relocate Start      Relocate End           High               Low         
[2056.014s][info][gc,heap     ] GC(264) y:  Capacity:     8192M (100%)       8192M (100%)       8192M (100%)       8192M (100%)       8192M (100%)       8192M (100%)   
[2056.014s][info][gc,heap     ] GC(264) y:      Free:      948M (12%)         898M (11%)        4684M (57%)        7334M (90%)        7334M (90%)         898M (11%)    
[2056.014s][info][gc,heap     ] GC(264) y:      Used:     7244M (88%)        7294M (89%)        3508M (43%)         858M (10%)        7294M (89%)         858M (10%)    
[2056.014s][info][gc,heap     ] GC(264) y: Young Generation Statistics:
[2056.014s][info][gc,heap     ] GC(264) y:                Mark Start          Mark End        Relocate Start      Relocate End    
[2056.014s][info][gc,heap     ] GC(264) y:      Used:     6690M (82%)        6740M (82%)        2954M (36%)         300M (4%)     
[2056.014s][info][gc,heap     ] GC(264) y:      Live:         -               168M (2%)          168M (2%)          166M (2%)     
[2056.014s][info][gc,heap     ] GC(264) y:   Garbage:         -              6521M (80%)        2733M (33%)           5M (0%)     
[2056.014s][info][gc,heap     ] GC(264) y: Allocated:         -                50M (1%)           52M (1%)          127M (2%)     
[2056.014s][info][gc,heap     ] GC(264) y: Reclaimed:         -                  -              3788M (46%)        6516M (80%)    
[2056.014s][info][gc,heap     ] GC(264) y:  Promoted:         -                  -                 0M (0%)            1M (0%)     
[2056.014s][info][gc,heap     ] GC(264) y: Compacted:         -                  -                  -               142M (2%)     
[2056.015s][info][gc,phases   ] GC(264) y: Young Generation 7244M(88%)->858M(10%) 0.322s
[2056.015s][info][gc          ] GC(264) Minor Collection (Allocation Rate) 7244M(88%)->858M(10%) 0.323s
[2065.574s][info][gc          ] GC(265) Minor Collection (Allocation Rate)
[2065.574s][info][gc,task     ] GC(265) Using 1 Workers for Young Generation
[2065.574s][info][gc,phases   ] GC(265) y: Young Generation
[2065.574s][info][gc,phases   ] GC(265) y: Pause Mark Start 0.012ms
[2065.709s][info][gc,phases   ] GC(265) y: Concurrent Mark 134.902ms
[2065.709s][info][gc,phases   ] GC(265) y: Pause Mark End 0.009ms
[2065.709s][info][gc,phases   ] GC(265) y: Concurrent Mark Free 0.000ms
[2065.710s][info][gc,phases   ] GC(265) y: Concurrent Reset Relocation Set 0.148ms
[2065.712s][info][gc,reloc    ] GC(265) y: Using tenuring threshold: 6 (Computed)
[2065.716s][info][gc,phases   ] GC(265) y: Concurrent Select Relocation Set 6.153ms
[2065.716s][info][gc,phases   ] GC(265) y: Pause Relocate Start 0.010ms
[2065.795s][info][gc,phases   ] GC(265) y: Concurrent Relocate 79.537ms
[2065.796s][info][gc,alloc    ] GC(265) y:                         Mark Start        Mark End      Relocate Start    Relocate End   
[2065.796s][info][gc,alloc    ] GC(265) y: Allocation Stalls:          0                0                0                0         
[2065.796s][info][gc,load     ] GC(265) y: Load: 0.00 (0%) / 0.00 (0%) / 0.00 (0%)
[2065.796s][info][gc,mmu      ] GC(265) y: MMU: 2ms/76.4%, 5ms/90.6%, 10ms/95.3%, 20ms/97.6%, 50ms/99.1%, 100ms/99.5%
[2065.796s][info][gc,marking  ] GC(265) y: Mark: 1 stripe(s), 2 proactive flush(es), 1 terminate flush(es), 0 completion(s), 0 continuation(s) 
[2065.796s][info][gc,marking  ] GC(265) y: Mark Stack Usage: 32M
[2065.796s][info][gc,nmethod  ] GC(265) y: NMethods: 7635 registered, 1015 unregistered
[2065.796s][info][gc,metaspace] GC(265) y: Metaspace: 132M used, 133M committed, 1152M reserved
[2065.796s][info][gc,reloc    ] GC(265) y:                        Candidates     Selected     In-Place         Size        Empty    Relocated 
[2065.796s][info][gc,reloc    ] GC(265) y: Small Pages:                 3382         2345            0        6764M        1950M          87M 
[2065.796s][info][gc,reloc    ] GC(265) y: Medium Pages:                   0            0            0           0M           0M           0M 
[2065.796s][info][gc,reloc    ] GC(265) y: Large Pages:                    0            0            0           0M           0M           0M 
[2065.796s][info][gc,reloc    ] GC(265) y: Forwarding Usage: 32M
[2065.796s][info][gc,reloc    ] GC(265) y: Age Table:
[2065.796s][info][gc,reloc    ] GC(265) y:                    Live             Garbage             Small              Medium             Large        
[2065.796s][info][gc,reloc    ] GC(265) y: Eden              85M (1%)         6466M (79%)       3276 / 2269           0 / 0              0 / 0        
[2065.796s][info][gc,reloc    ] GC(265) y: Survivor 1        17M (0%)          140M (2%)          79 / 60             0 / 0              0 / 0        
[2065.796s][info][gc,reloc    ] GC(265) y: Survivor 2         1M (0%)           32M (0%)          17 / 11             0 / 0              0 / 0        
[2065.796s][info][gc,reloc    ] GC(265) y: Survivor 3         1M (0%)            6M (0%)           4 / 2              0 / 0              0 / 0        
[2065.796s][info][gc,reloc    ] GC(265) y: Survivor 4         0M (0%)            5M (0%)           3 / 1              0 / 0              0 / 0        
[2065.796s][info][gc,reloc    ] GC(265) y: Survivor 5         0M (0%)            5M (0%)           3 / 2              0 / 0              0 / 0        
[2065.796s][info][gc,heap     ] GC(265) y: Min Capacity: 8192M(100%)
[2065.796s][info][gc,heap     ] GC(265) y: Max Capacity: 8192M(100%)
[2065.796s][info][gc,heap     ] GC(265) y: Soft Max Capacity: 8192M(100%)
[2065.796s][info][gc,heap     ] GC(265) y: Heap Statistics:
[2065.796s][info][gc,heap     ] GC(265) y:                Mark Start          Mark End        Relocate Start      Relocate End           High               Low         
[2065.796s][info][gc,heap     ] GC(265) y:  Capacity:     8192M (100%)       8192M (100%)       8192M (100%)       8192M (100%)       8192M (100%)       8192M (100%)   
[2065.796s][info][gc,heap     ] GC(265) y:      Free:      870M (11%)         750M (9%)         2696M (33%)        7302M (89%)        7302M (89%)         750M (9%)     
[2065.796s][info][gc,heap     ] GC(265) y:      Used:     7322M (89%)        7442M (91%)        5496M (67%)         890M (11%)        7442M (91%)         890M (11%)    
[2065.796s][info][gc,heap     ] GC(265) y: Young Generation Statistics:
[2065.796s][info][gc,heap     ] GC(265) y:                Mark Start          Mark End        Relocate Start      Relocate End    
[2065.796s][info][gc,heap     ] GC(265) y:      Used:     6764M (83%)        6884M (84%)        4938M (60%)         332M (4%)     
[2065.796s][info][gc,heap     ] GC(265) y:      Live:         -               107M (1%)          107M (1%)          107M (1%)     
[2065.796s][info][gc,heap     ] GC(265) y:   Garbage:         -              6656M (81%)        4706M (57%)           1M (0%)     
[2065.796s][info][gc,heap     ] GC(265) y: Allocated:         -               120M (1%)          124M (2%)          223M (3%)     
[2065.796s][info][gc,heap     ] GC(265) y: Reclaimed:         -                  -              1950M (24%)        6655M (81%)    
[2065.796s][info][gc,heap     ] GC(265) y:  Promoted:         -                  -                 0M (0%)            0M (0%)     
[2065.796s][info][gc,heap     ] GC(265) y: Compacted:         -                  -                  -               104M (1%)     
[2065.796s][info][gc,phases   ] GC(265) y: Young Generation 7322M(89%)->890M(11%) 0.221s
[2065.796s][info][gc          ] GC(265) Minor Collection (Allocation Rate) 7322M(89%)->890M(11%) 0.222s
[2073.517s][info][gc          ] GC(266) Minor Collection (Allocation Rate)
[2073.517s][info][gc,task     ] GC(266) Using 1 Workers for Young Generation
[2073.517s][info][gc,phases   ] GC(266) y: Young Generation
[2073.517s][info][gc,phases   ] GC(266) y: Pause Mark Start 0.015ms
[2073.729s][info][gc,phases   ] GC(266) y: Concurrent Mark 211.442ms
[2073.729s][info][gc,phases   ] GC(266) y: Pause Mark End 0.009ms
[2073.729s][info][gc,phases   ] GC(266) y: Concurrent Mark Free 0.000ms
[2073.729s][info][gc,phases   ] GC(266) y: Concurrent Reset Relocation Set 0.200ms
[2073.731s][info][gc,reloc    ] GC(266) y: Using tenuring threshold: 7 (Computed)
[2073.757s][info][gc,phases   ] GC(266) y: Concurrent Select Relocation Set 28.301ms
[2073.758s][info][gc,phases   ] GC(266) y: Pause Relocate Start 0.010ms
[2073.876s][info][gc,phases   ] GC(266) y: Concurrent Relocate 118.805ms
[2073.876s][info][gc,alloc    ] GC(266) y:                         Mark Start        Mark End      Relocate Start    Relocate End   
[2073.876s][info][gc,alloc    ] GC(266) y: Allocation Stalls:          0                0                0                0         
[2073.876s][info][gc,load     ] GC(266) y: Load: 0.00 (0%) / 0.00 (0%) / 0.00 (0%)
[2073.877s][info][gc,mmu      ] GC(266) y: MMU: 2ms/76.4%, 5ms/90.6%, 10ms/95.3%, 20ms/97.6%, 50ms/99.1%, 100ms/99.5%
[2073.877s][info][gc,marking  ] GC(266) y: Mark: 1 stripe(s), 2 proactive flush(es), 1 terminate flush(es), 0 completion(s), 0 continuation(s) 
[2073.877s][info][gc,marking  ] GC(266) y: Mark Stack Usage: 32M
[2073.877s][info][gc,nmethod  ] GC(266) y: NMethods: 7645 registered, 1015 unregistered
[2073.877s][info][gc,metaspace] GC(266) y: Metaspace: 132M used, 133M committed, 1152M reserved
[2073.877s][info][gc,reloc    ] GC(266) y:                        Candidates     Selected     In-Place         Size        Empty    Relocated 
[2073.877s][info][gc,reloc    ] GC(266) y: Small Pages:                 3422         2038            0        6844M        2584M         128M 
[2073.877s][info][gc,reloc    ] GC(266) y: Medium Pages:                   0            0            0           0M           0M           0M 
[2073.877s][info][gc,reloc    ] GC(266) y: Large Pages:                    0            0            0           0M           0M           0M 
[2073.877s][info][gc,reloc    ] GC(266) y: Forwarding Usage: 45M
[2073.877s][info][gc,reloc    ] GC(266) y: Age Table:
[2073.877s][info][gc,reloc    ] GC(266) y:                    Live             Garbage             Small              Medium             Large        
[2073.877s][info][gc,reloc    ] GC(266) y: Eden             141M (2%)         6558M (80%)       3350 / 1975           0 / 0              0 / 0        
[2073.877s][info][gc,reloc    ] GC(266) y: Survivor 1        15M (0%)           78M (1%)          47 / 40             0 / 0              0 / 0        
[2073.877s][info][gc,reloc    ] GC(266) y: Survivor 2         1M (0%)           26M (0%)          14 / 12             0 / 0              0 / 0        
[2073.877s][info][gc,reloc    ] GC(266) y: Survivor 3         0M (0%)            7M (0%)           4 / 4              0 / 0              0 / 0        
[2073.877s][info][gc,reloc    ] GC(266) y: Survivor 4         0M (0%)            7M (0%)           4 / 4              0 / 0              0 / 0        
[2073.877s][info][gc,reloc    ] GC(266) y: Survivor 5         0M (0%)            1M (0%)           1 / 1              0 / 0              0 / 0        
[2073.877s][info][gc,reloc    ] GC(266) y: Survivor 6         0M (0%)            3M (0%)           2 / 2              0 / 0              0 / 0        
[2073.877s][info][gc,heap     ] GC(266) y: Min Capacity: 8192M(100%)
[2073.877s][info][gc,heap     ] GC(266) y: Max Capacity: 8192M(100%)
[2073.877s][info][gc,heap     ] GC(266) y: Soft Max Capacity: 8192M(100%)
[2073.877s][info][gc,heap     ] GC(266) y: Heap Statistics:
[2073.877s][info][gc,heap     ] GC(266) y:                Mark Start          Mark End        Relocate Start      Relocate End           High               Low         
[2073.877s][info][gc,heap     ] GC(266) y:  Capacity:     8192M (100%)       8192M (100%)       8192M (100%)       8192M (100%)       8192M (100%)       8192M (100%)   
[2073.877s][info][gc,heap     ] GC(266) y:      Free:      790M (10%)         510M (6%)         3052M (37%)        6986M (85%)        6988M (85%)         510M (6%)     
[2073.877s][info][gc,heap     ] GC(266) y:      Used:     7402M (90%)        7682M (94%)        5140M (63%)        1206M (15%)        7682M (94%)        1204M (15%)    
[2073.877s][info][gc,heap     ] GC(266) y: Young Generation Statistics:
[2073.877s][info][gc,heap     ] GC(266) y:                Mark Start          Mark End        Relocate Start      Relocate End    
[2073.877s][info][gc,heap     ] GC(266) y:      Used:     6844M (84%)        7124M (87%)        4582M (56%)         648M (8%)     
[2073.877s][info][gc,heap     ] GC(266) y:      Live:         -               160M (2%)          160M (2%)          160M (2%)     
[2073.877s][info][gc,heap     ] GC(266) y:   Garbage:         -              6683M (82%)        4099M (50%)           1M (0%)     
[2073.877s][info][gc,heap     ] GC(266) y: Allocated:         -               280M (3%)          322M (4%)          485M (6%)     
[2073.877s][info][gc,heap     ] GC(266) y: Reclaimed:         -                  -              2584M (32%)        6681M (82%)    
[2073.877s][info][gc,heap     ] GC(266) y:  Promoted:         -                  -                 0M (0%)            0M (0%)     
[2073.877s][info][gc,heap     ] GC(266) y: Compacted:         -                  -                  -               150M (2%)     
[2073.877s][info][gc,phases   ] GC(266) y: Young Generation 7402M(90%)->1206M(15%) 0.359s
[2073.877s][info][gc          ] GC(266) Minor Collection (Allocation Rate) 7402M(90%)->1206M(15%) 0.360s
[2081.980s][info][gc          ] GC(267) Minor Collection (Allocation Rate)
[2081.980s][info][gc,task     ] GC(267) Using 1 Workers for Young Generation
[2081.980s][info][gc,phases   ] GC(267) y: Young Generation
[2081.980s][info][gc,phases   ] GC(267) y: Pause Mark Start 0.013ms
[2082.153s][info][gc,phases   ] GC(267) y: Concurrent Mark 172.840ms
[2082.153s][info][gc,phases   ] GC(267) y: Pause Mark End 0.009ms
[2082.153s][info][gc,phases   ] GC(267) y: Concurrent Mark Free 0.001ms
[2082.153s][info][gc,phases   ] GC(267) y: Concurrent Reset Relocation Set 0.233ms
[2082.156s][info][gc,reloc    ] GC(267) y: Using tenuring threshold: 6 (Computed)
[2082.160s][info][gc,phases   ] GC(267) y: Concurrent Select Relocation Set 7.005ms
[2082.160s][info][gc,phases   ] GC(267) y: Pause Relocate Start 0.009ms
[2082.243s][info][gc,phases   ] GC(267) y: Concurrent Relocate 82.465ms
[2082.243s][info][gc,alloc    ] GC(267) y:                         Mark Start        Mark End      Relocate Start    Relocate End   
[2082.243s][info][gc,alloc    ] GC(267) y: Allocation Stalls:          0                0                0                0         
[2082.243s][info][gc,load     ] GC(267) y: Load: 0.00 (0%) / 0.00 (0%) / 0.00 (0%)
[2082.243s][info][gc,mmu      ] GC(267) y: MMU: 2ms/76.4%, 5ms/90.6%, 10ms/95.3%, 20ms/97.6%, 50ms/99.1%, 100ms/99.5%
[2082.243s][info][gc,marking  ] GC(267) y: Mark: 1 stripe(s), 2 proactive flush(es), 1 terminate flush(es), 0 completion(s), 0 continuation(s) 
[2082.243s][info][gc,marking  ] GC(267) y: Mark Stack Usage: 32M
[2082.243s][info][gc,nmethod  ] GC(267) y: NMethods: 7649 registered, 1015 unregistered
[2082.243s][info][gc,metaspace] GC(267) y: Metaspace: 132M used, 133M committed, 1152M reserved
[2082.243s][info][gc,reloc    ] GC(267) y:                        Candidates     Selected     In-Place         Size        Empty    Relocated 
[2082.243s][info][gc,reloc    ] GC(267) y: Small Pages:                 3286         2106            0        6572M        2230M          89M 
[2082.243s][info][gc,reloc    ] GC(267) y: Medium Pages:                   0            0            0           0M           0M           0M 
[2082.243s][info][gc,reloc    ] GC(267) y: Large Pages:                    0            0            0           0M           0M           0M 
[2082.243s][info][gc,reloc    ] GC(267) y: Forwarding Usage: 33M
[2082.243s][info][gc,reloc    ] GC(267) y: Age Table:
[2082.243s][info][gc,reloc    ] GC(267) y:                    Live             Garbage             Small              Medium             Large        
[2082.243s][info][gc,reloc    ] GC(267) y: Eden              80M (1%)         6289M (77%)       3185 / 2028           0 / 0              0 / 0        
[2082.243s][info][gc,reloc    ] GC(267) y: Survivor 1        26M (0%)          127M (2%)          77 / 56             0 / 0              0 / 0        
[2082.243s][info][gc,reloc    ] GC(267) y: Survivor 2         3M (0%)           20M (0%)          12 / 11             0 / 0              0 / 0        
[2082.243s][info][gc,reloc    ] GC(267) y: Survivor 3         0M (0%)            5M (0%)           3 / 3              0 / 0              0 / 0        
[2082.243s][info][gc,reloc    ] GC(267) y: Survivor 4         0M (0%)            7M (0%)           4 / 4              0 / 0              0 / 0        
[2082.243s][info][gc,reloc    ] GC(267) y: Survivor 5         0M (0%)            3M (0%)           2 / 1              0 / 0              0 / 0        
[2082.243s][info][gc,reloc    ] GC(267) y: Survivor 6         0M (0%)            1M (0%)           1 / 1              0 / 0              0 / 0        
[2082.243s][info][gc,reloc    ] GC(267) y: Survivor 7         0M (0%)            3M (0%)           2 / 2              0 / 0              0 / 0        
[2082.243s][info][gc,heap     ] GC(267) y: Min Capacity: 8192M(100%)
[2082.243s][info][gc,heap     ] GC(267) y: Max Capacity: 8192M(100%)
[2082.243s][info][gc,heap     ] GC(267) y: Soft Max Capacity: 8192M(100%)
[2082.243s][info][gc,heap     ] GC(267) y: Heap Statistics:
[2082.243s][info][gc,heap     ] GC(267) y:                Mark Start          Mark End        Relocate Start      Relocate End           High               Low         
[2082.243s][info][gc,heap     ] GC(267) y:  Capacity:     8192M (100%)       8192M (100%)       8192M (100%)       8192M (100%)       8192M (100%)       8192M (100%)   
[2082.243s][info][gc,heap     ] GC(267) y:      Free:     1062M (13%)         912M (11%)        3134M (38%)        7258M (89%)        7262M (89%)         912M (11%)    
[2082.243s][info][gc,heap     ] GC(267) y:      Used:     7130M (87%)        7280M (89%)        5058M (62%)         934M (11%)        7280M (89%)         930M (11%)    
[2082.243s][info][gc,heap     ] GC(267) y: Young Generation Statistics:
[2082.243s][info][gc,heap     ] GC(267) y:                Mark Start          Mark End        Relocate Start      Relocate End    
[2082.243s][info][gc,heap     ] GC(267) y:      Used:     6572M (80%)        6722M (82%)        4500M (55%)         374M (5%)     
[2082.243s][info][gc,heap     ] GC(267) y:      Live:         -               112M (1%)          112M (1%)          111M (1%)     
[2082.243s][info][gc,heap     ] GC(267) y:   Garbage:         -              6459M (79%)        4229M (52%)           2M (0%)     
[2082.243s][info][gc,heap     ] GC(267) y: Allocated:         -               150M (2%)          158M (2%)          260M (3%)     
[2082.243s][info][gc,heap     ] GC(267) y: Reclaimed:         -                  -              2230M (27%)        6457M (79%)    
[2082.243s][info][gc,heap     ] GC(267) y:  Promoted:         -                  -                 0M (0%)            0M (0%)     
[2082.243s][info][gc,heap     ] GC(267) y: Compacted:         -                  -                  -               107M (1%)     
[2082.243s][info][gc,phases   ] GC(267) y: Young Generation 7130M(87%)->934M(11%) 0.263s
[2082.243s][info][gc          ] GC(267) Minor Collection (Allocation Rate) 7130M(87%)->936M(11%) 0.263s
[2091.645s][info][gc          ] GC(268) Minor Collection (Allocation Rate)
[2091.645s][info][gc,task     ] GC(268) Using 1 Workers for Young Generation
[2091.645s][info][gc,phases   ] GC(268) y: Young Generation
[2091.645s][info][gc,phases   ] GC(268) y: Pause Mark Start 0.013ms
[2091.850s][info][gc,phases   ] GC(268) y: Concurrent Mark 205.311ms
[2091.850s][info][gc,phases   ] GC(268) y: Pause Mark End 0.015ms
[2091.850s][info][gc,phases   ] GC(268) y: Concurrent Mark Free 0.000ms
[2091.851s][info][gc,phases   ] GC(268) y: Concurrent Reset Relocation Set 0.513ms
[2091.860s][info][gc,reloc    ] GC(268) y: Using tenuring threshold: 7 (Computed)
[2091.894s][info][gc,phases   ] GC(268) y: Concurrent Select Relocation Set 43.079ms
[2091.894s][info][gc,phases   ] GC(268) y: Pause Relocate Start 0.009ms
[2092.033s][info][gc,phases   ] GC(268) y: Concurrent Relocate 138.537ms
[2092.033s][info][gc,alloc    ] GC(268) y:                         Mark Start        Mark End      Relocate Start    Relocate End   
[2092.033s][info][gc,alloc    ] GC(268) y: Allocation Stalls:          0                0                0                0         
[2092.033s][info][gc,load     ] GC(268) y: Load: 0.00 (0%) / 0.00 (0%) / 0.00 (0%)
[2092.033s][info][gc,mmu      ] GC(268) y: MMU: 2ms/76.4%, 5ms/90.6%, 10ms/95.3%, 20ms/97.6%, 50ms/99.1%, 100ms/99.5%
[2092.033s][info][gc,marking  ] GC(268) y: Mark: 1 stripe(s), 2 proactive flush(es), 1 terminate flush(es), 0 completion(s), 0 continuation(s) 
[2092.033s][info][gc,marking  ] GC(268) y: Mark Stack Usage: 32M
[2092.033s][info][gc,nmethod  ] GC(268) y: NMethods: 7652 registered, 1015 unregistered
[2092.033s][info][gc,metaspace] GC(268) y: Metaspace: 132M used, 133M committed, 1152M reserved
[2092.033s][info][gc,reloc    ] GC(268) y:                        Candidates     Selected     In-Place         Size        Empty    Relocated 
[2092.033s][info][gc,reloc    ] GC(268) y: Small Pages:                 3449         2536            0        6898M        1624M         130M 
[2092.033s][info][gc,reloc    ] GC(268) y: Medium Pages:                   0            0            0           0M           0M           0M 
[2092.033s][info][gc,reloc    ] GC(268) y: Large Pages:                    0            0            0           0M           0M           0M 
[2092.033s][info][gc,reloc    ] GC(268) y: Forwarding Usage: 45M
[2092.033s][info][gc,reloc    ] GC(268) y: Age Table:
[2092.033s][info][gc,reloc    ] GC(268) y:                    Live             Garbage             Small              Medium             Large        
[2092.033s][info][gc,reloc    ] GC(268) y: Eden             147M (2%)         6598M (81%)       3373 / 2482           0 / 0              0 / 0        
[2092.033s][info][gc,reloc    ] GC(268) y: Survivor 1        24M (0%)           63M (1%)          44 / 27             0 / 0              0 / 0        
[2092.033s][info][gc,reloc    ] GC(268) y: Survivor 2         1M (0%)           38M (0%)          20 / 16             0 / 0              0 / 0        
[2092.033s][info][gc,reloc    ] GC(268) y: Survivor 3         0M (0%)            9M (0%)           5 / 4              0 / 0              0 / 0        
[2092.033s][info][gc,reloc    ] GC(268) y: Survivor 4         0M (0%)            9M (0%)           5 / 5              0 / 0              0 / 0        
[2092.033s][info][gc,reloc    ] GC(268) y: Survivor 5         0M (0%)            1M (0%)           1 / 1              0 / 0              0 / 0        
[2092.033s][info][gc,reloc    ] GC(268) y: Survivor 6         0M (0%)            1M (0%)           1 / 1              0 / 0              0 / 0        
[2092.033s][info][gc,heap     ] GC(268) y: Min Capacity: 8192M(100%)
[2092.033s][info][gc,heap     ] GC(268) y: Max Capacity: 8192M(100%)
[2092.033s][info][gc,heap     ] GC(268) y: Soft Max Capacity: 8192M(100%)
[2092.033s][info][gc,heap     ] GC(268) y: Heap Statistics:
[2092.033s][info][gc,heap     ] GC(268) y:                Mark Start          Mark End        Relocate Start      Relocate End           High               Low         
[2092.033s][info][gc,heap     ] GC(268) y:  Capacity:     8192M (100%)       8192M (100%)       8192M (100%)       8192M (100%)       8192M (100%)       8192M (100%)   
[2092.033s][info][gc,heap     ] GC(268) y:      Free:      734M (9%)          574M (7%)         2124M (26%)        6950M (85%)        6950M (85%)         572M (7%)     
[2092.033s][info][gc,heap     ] GC(268) y:      Used:     7458M (91%)        7618M (93%)        6068M (74%)        1242M (15%)        7620M (93%)        1242M (15%)    
[2092.033s][info][gc,heap     ] GC(268) y: Young Generation Statistics:
[2092.033s][info][gc,heap     ] GC(268) y:                Mark Start          Mark End        Relocate Start      Relocate End    
[2092.033s][info][gc,heap     ] GC(268) y:      Used:     6898M (84%)        7058M (86%)        5508M (67%)         682M (8%)     
[2092.033s][info][gc,heap     ] GC(268) y:      Live:         -               174M (2%)          174M (2%)          174M (2%)     
[2092.033s][info][gc,heap     ] GC(268) y:   Garbage:         -              6723M (82%)        5099M (62%)           4M (0%)     
[2092.033s][info][gc,heap     ] GC(268) y: Allocated:         -               160M (2%)          234M (3%)          502M (6%)     
[2092.033s][info][gc,heap     ] GC(268) y: Reclaimed:         -                  -              1624M (20%)        6718M (82%)    
[2092.033s][info][gc,heap     ] GC(268) y:  Promoted:         -                  -                 0M (0%)            0M (0%)     
[2092.033s][info][gc,heap     ] GC(268) y: Compacted:         -                  -                  -               157M (2%)     
[2092.033s][info][gc,phases   ] GC(268) y: Young Generation 7458M(91%)->1242M(15%) 0.388s
[2092.033s][info][gc          ] GC(268) Minor Collection (Allocation Rate) 7458M(91%)->1242M(15%) 0.388s
[2099.281s][info][gc          ] GC(269) Minor Collection (Allocation Rate)
[2099.281s][info][gc,task     ] GC(269) Using 1 Workers for Young Generation
[2099.281s][info][gc,phases   ] GC(269) y: Young Generation
[2099.281s][info][gc,phases   ] GC(269) y: Pause Mark Start 0.012ms
[2099.448s][info][gc,phases   ] GC(269) y: Concurrent Mark 166.636ms
[2099.448s][info][gc,phases   ] GC(269) y: Pause Mark End 0.009ms
[2099.448s][info][gc,phases   ] GC(269) y: Concurrent Mark Free 0.000ms
[2099.448s][info][gc,phases   ] GC(269) y: Concurrent Reset Relocation Set 0.263ms
[2099.451s][info][gc,reloc    ] GC(269) y: Using tenuring threshold: 8 (Computed)
[2099.455s][info][gc,phases   ] GC(269) y: Concurrent Select Relocation Set 6.687ms
[2099.455s][info][gc,phases   ] GC(269) y: Pause Relocate Start 0.009ms
[2099.540s][info][gc,phases   ] GC(269) y: Concurrent Relocate 84.929ms
[2099.540s][info][gc,alloc    ] GC(269) y:                         Mark Start        Mark End      Relocate Start    Relocate End   
[2099.540s][info][gc,alloc    ] GC(269) y: Allocation Stalls:          0                0                0                0         
[2099.540s][info][gc,load     ] GC(269) y: Load: 0.00 (0%) / 0.00 (0%) / 0.00 (0%)
[2099.540s][info][gc,mmu      ] GC(269) y: MMU: 2ms/76.4%, 5ms/90.6%, 10ms/95.3%, 20ms/97.6%, 50ms/99.1%, 100ms/99.5%
[2099.540s][info][gc,marking  ] GC(269) y: Mark: 1 stripe(s), 2 proactive flush(es), 1 terminate flush(es), 0 completion(s), 0 continuation(s) 
[2099.540s][info][gc,marking  ] GC(269) y: Mark Stack Usage: 32M
[2099.540s][info][gc,nmethod  ] GC(269) y: NMethods: 7655 registered, 1015 unregistered
[2099.540s][info][gc,metaspace] GC(269) y: Metaspace: 132M used, 133M committed, 1152M reserved
[2099.540s][info][gc,reloc    ] GC(269) y:                        Candidates     Selected     In-Place         Size        Empty    Relocated 
[2099.540s][info][gc,reloc    ] GC(269) y: Small Pages:                 3176         2107            0        6352M        2010M          89M 
[2099.540s][info][gc,reloc    ] GC(269) y: Medium Pages:                   0            0            0           0M           0M           0M 
[2099.540s][info][gc,reloc    ] GC(269) y: Large Pages:                    0            0            0           0M           0M           0M 
[2099.540s][info][gc,reloc    ] GC(269) y: Forwarding Usage: 31M
[2099.540s][info][gc,reloc    ] GC(269) y: Age Table:
[2099.540s][info][gc,reloc    ] GC(269) y:                    Live             Garbage             Small              Medium             Large        
[2099.540s][info][gc,reloc    ] GC(269) y: Eden              79M (1%)         6034M (74%)       3057 / 2015           0 / 0              0 / 0        
[2099.540s][info][gc,reloc    ] GC(269) y: Survivor 1        26M (0%)          133M (2%)          80 / 60             0 / 0              0 / 0        
[2099.540s][info][gc,reloc    ] GC(269) y: Survivor 2         2M (0%)           39M (0%)          21 / 18             0 / 0              0 / 0        
[2099.540s][info][gc,reloc    ] GC(269) y: Survivor 3         0M (0%)            9M (0%)           5 / 5              0 / 0              0 / 0        
[2099.540s][info][gc,reloc    ] GC(269) y: Survivor 4         0M (0%)            7M (0%)           4 / 2              0 / 0              0 / 0        
[2099.540s][info][gc,reloc    ] GC(269) y: Survivor 5         0M (0%)            9M (0%)           5 / 3              0 / 0              0 / 0        
[2099.540s][info][gc,reloc    ] GC(269) y: Survivor 6         0M (0%)            5M (0%)           3 / 3              0 / 0              0 / 0        
[2099.540s][info][gc,reloc    ] GC(269) y: Survivor 7         0M (0%)            1M (0%)           1 / 1              0 / 0              0 / 0        
[2099.540s][info][gc,heap     ] GC(269) y: Min Capacity: 8192M(100%)
[2099.540s][info][gc,heap     ] GC(269) y: Max Capacity: 8192M(100%)
[2099.540s][info][gc,heap     ] GC(269) y: Soft Max Capacity: 8192M(100%)
[2099.540s][info][gc,heap     ] GC(269) y: Heap Statistics:
[2099.540s][info][gc,heap     ] GC(269) y:                Mark Start          Mark End        Relocate Start      Relocate End           High               Low         
[2099.540s][info][gc,heap     ] GC(269) y:  Capacity:     8192M (100%)       8192M (100%)       8192M (100%)       8192M (100%)       8192M (100%)       8192M (100%)   
[2099.540s][info][gc,heap     ] GC(269) y:      Free:     1280M (16%)        1120M (14%)        3124M (38%)        7268M (89%)        7268M (89%)        1120M (14%)    
[2099.540s][info][gc,heap     ] GC(269) y:      Used:     6912M (84%)        7072M (86%)        5068M (62%)         924M (11%)        7072M (86%)         924M (11%)    
[2099.540s][info][gc,heap     ] GC(269) y: Young Generation Statistics:
[2099.540s][info][gc,heap     ] GC(269) y:                Mark Start          Mark End        Relocate Start      Relocate End    
[2099.540s][info][gc,heap     ] GC(269) y:      Used:     6352M (78%)        6512M (79%)        4508M (55%)         364M (4%)     
[2099.540s][info][gc,heap     ] GC(269) y:      Live:         -               110M (1%)          110M (1%)          110M (1%)     
[2099.540s][info][gc,heap     ] GC(269) y:   Garbage:         -              6241M (76%)        4231M (52%)           2M (0%)     
[2099.540s][info][gc,heap     ] GC(269) y: Allocated:         -               160M (2%)          166M (2%)          251M (3%)     
[2099.540s][info][gc,heap     ] GC(269) y: Reclaimed:         -                  -              2010M (25%)        6239M (76%)    
[2099.540s][info][gc,heap     ] GC(269) y:  Promoted:         -                  -                 0M (0%)            0M (0%)     
[2099.540s][info][gc,heap     ] GC(269) y: Compacted:         -                  -                  -               106M (1%)     
[2099.540s][info][gc,phases   ] GC(269) y: Young Generation 6912M(84%)->924M(11%) 0.259s
[2099.540s][info][gc          ] GC(269) Minor Collection (Allocation Rate) 6912M(84%)->924M(11%) 0.259s
[2108.120s][info][gc          ] GC(270) Major Collection (Proactive)
[2108.120s][info][gc,task     ] GC(270) Using 1 Workers for Young Generation
[2108.120s][info][gc,task     ] GC(270) Using 1 Workers for Old Generation
[2108.120s][info][gc,phases   ] GC(270) Y: Young Generation
[2108.120s][info][gc,phases   ] GC(270) Y: Pause Mark Start (Major) 0.014ms
[2108.264s][info][gc,phases   ] GC(270) Y: Concurrent Mark 143.845ms
[2108.264s][info][gc,phases   ] GC(270) Y: Pause Mark End 0.009ms
[2108.264s][info][gc,phases   ] GC(270) Y: Concurrent Mark Free 0.000ms
[2108.264s][info][gc,phases   ] GC(270) Y: Concurrent Reset Relocation Set 0.173ms
[2108.266s][info][gc,reloc    ] GC(270) Y: Using tenuring threshold: 9 (Computed)
[2108.271s][info][gc,phases   ] GC(270) Y: Concurrent Select Relocation Set 7.186ms
[2108.271s][info][gc,phases   ] GC(270) Y: Pause Relocate Start 0.010ms
[2108.363s][info][gc,phases   ] GC(270) Y: Concurrent Relocate 91.639ms
[2108.363s][info][gc,alloc    ] GC(270) Y:                         Mark Start        Mark End      Relocate Start    Relocate End   
[2108.363s][info][gc,alloc    ] GC(270) Y: Allocation Stalls:          0                0                0                0         
[2108.363s][info][gc,load     ] GC(270) Y: Load: 0.00 (0%) / 0.00 (0%) / 0.00 (0%)
[2108.363s][info][gc,mmu      ] GC(270) Y: MMU: 2ms/76.4%, 5ms/90.6%, 10ms/95.3%, 20ms/97.6%, 50ms/99.1%, 100ms/99.5%
[2108.363s][info][gc,marking  ] GC(270) Y: Mark: 1 stripe(s), 2 proactive flush(es), 1 terminate flush(es), 0 completion(s), 0 continuation(s) 
[2108.363s][info][gc,marking  ] GC(270) Y: Mark Stack Usage: 32M
[2108.363s][info][gc,nmethod  ] GC(270) Y: NMethods: 7659 registered, 1015 unregistered
[2108.363s][info][gc,metaspace] GC(270) Y: Metaspace: 132M used, 133M committed, 1152M reserved
[2108.363s][info][gc,reloc    ] GC(270) Y:                        Candidates     Selected     In-Place         Size        Empty    Relocated 
[2108.363s][info][gc,reloc    ] GC(270) Y: Small Pages:                 2927         2091            0        5854M        1538M          92M 
[2108.363s][info][gc,reloc    ] GC(270) Y: Medium Pages:                   0            0            0           0M           0M           0M 
[2108.363s][info][gc,reloc    ] GC(270) Y: Large Pages:                    0            0            0           0M           0M           0M 
[2108.363s][info][gc,reloc    ] GC(270) Y: Forwarding Usage: 28M
[2108.363s][info][gc,reloc    ] GC(270) Y: Age Table:
[2108.363s][info][gc,reloc    ] GC(270) Y:                    Live             Garbage             Small              Medium             Large        
[2108.363s][info][gc,reloc    ] GC(270) Y: Eden              90M (1%)         5613M (69%)       2852 / 2033           0 / 0              0 / 0        
[2108.363s][info][gc,reloc    ] GC(270) Y: Survivor 1        20M (0%)           65M (1%)          43 / 29             0 / 0              0 / 0        
[2108.363s][info][gc,reloc    ] GC(270) Y: Survivor 2         1M (0%)           32M (0%)          17 / 17             0 / 0              0 / 0        
[2108.363s][info][gc,reloc    ] GC(270) Y: Survivor 3         1M (0%)            8M (0%)           5 / 3              0 / 0              0 / 0        
[2108.363s][info][gc,reloc    ] GC(270) Y: Survivor 4         0M (0%)            9M (0%)           5 / 4              0 / 0              0 / 0        
[2108.363s][info][gc,reloc    ] GC(270) Y: Survivor 5         0M (0%)            3M (0%)           2 / 2              0 / 0              0 / 0        
[2108.363s][info][gc,reloc    ] GC(270) Y: Survivor 6         0M (0%)            1M (0%)           1 / 1              0 / 0              0 / 0        
[2108.363s][info][gc,reloc    ] GC(270) Y: Survivor 7         0M (0%)            1M (0%)           1 / 1              0 / 0              0 / 0        
[2108.363s][info][gc,reloc    ] GC(270) Y: Survivor 8         0M (0%)            1M (0%)           1 / 1              0 / 0              0 / 0        
[2108.363s][info][gc,heap     ] GC(270) Y: Min Capacity: 8192M(100%)
[2108.363s][info][gc,heap     ] GC(270) Y: Max Capacity: 8192M(100%)
[2108.363s][info][gc,heap     ] GC(270) Y: Soft Max Capacity: 8192M(100%)
[2108.363s][info][gc,heap     ] GC(270) Y: Heap Statistics:
[2108.363s][info][gc,heap     ] GC(270) Y:                Mark Start          Mark End        Relocate Start      Relocate End           High               Low         
[2108.363s][info][gc,heap     ] GC(270) Y:  Capacity:     8192M (100%)       8192M (100%)       8192M (100%)       8192M (100%)       8192M (100%)       8192M (100%)   
[2108.363s][info][gc,heap     ] GC(270) Y:      Free:     1778M (22%)        1664M (20%)        3198M (39%)        7264M (89%)        7264M (89%)        1664M (20%)    
[2108.363s][info][gc,heap     ] GC(270) Y:      Used:     6414M (78%)        6528M (80%)        4994M (61%)         928M (11%)        6528M (80%)         928M (11%)    
[2108.363s][info][gc,heap     ] GC(270) Y: Young Generation Statistics:
[2108.363s][info][gc,heap     ] GC(270) Y:                Mark Start          Mark End        Relocate Start      Relocate End    
[2108.363s][info][gc,heap     ] GC(270) Y:      Used:     5854M (71%)        5968M (73%)        4434M (54%)         368M (4%)     
[2108.363s][info][gc,heap     ] GC(270) Y:      Live:         -               115M (1%)          115M (1%)          115M (1%)     
[2108.363s][info][gc,heap     ] GC(270) Y:   Garbage:         -              5738M (70%)        4200M (51%)           3M (0%)     
[2108.363s][info][gc,heap     ] GC(270) Y: Allocated:         -               114M (1%)          118M (1%)          249M (3%)     
[2108.363s][info][gc,heap     ] GC(270) Y: Reclaimed:         -                  -              1538M (19%)        5735M (70%)    
[2108.363s][info][gc,heap     ] GC(270) Y:  Promoted:         -                  -                 0M (0%)            0M (0%)     
[2108.363s][info][gc,heap     ] GC(270) Y: Compacted:         -                  -                  -               106M (1%)     
[2108.363s][info][gc,phases   ] GC(270) Y: Young Generation 6414M(78%)->928M(11%) 0.243s
[2108.363s][info][gc,phases   ] GC(270) O: Old Generation
[2109.138s][info][gc,phases   ] GC(270) O: Concurrent Mark 774.675ms
[2109.138s][info][gc,phases   ] GC(270) O: Pause Mark End 0.010ms
[2109.138s][info][gc,phases   ] GC(270) O: Concurrent Mark Free 0.000ms
[2109.152s][info][gc,phases   ] GC(270) O: Concurrent Process Non-Strong 13.854ms
[2109.152s][info][gc,phases   ] GC(270) O: Concurrent Reset Relocation Set 0.002ms
[2109.155s][info][gc,phases   ] GC(270) O: Concurrent Select Relocation Set 3.176ms
[2109.155s][info][gc,task     ] GC(270) O: Using 2 Workers for Old Generation
[2109.219s][info][gc,task     ] GC(270) O: Using 1 Workers for Old Generation
[2109.219s][info][gc,phases   ] GC(270) O: Concurrent Remap Roots 63.919ms
[2109.219s][info][gc,phases   ] GC(270) O: Pause Relocate Start 0.009ms
[2109.222s][info][gc,phases   ] GC(270) O: Concurrent Relocate 2.779ms
[2109.222s][info][gc,alloc    ] GC(270) O:                         Mark Start        Mark End      Relocate Start    Relocate End   
[2109.222s][info][gc,alloc    ] GC(270) O: Allocation Stalls:          0                0                0                0         
[2109.222s][info][gc,load     ] GC(270) O: Load: 0.00 (0%) / 0.00 (0%) / 0.00 (0%)
[2109.222s][info][gc,mmu      ] GC(270) O: MMU: 2ms/76.4%, 5ms/90.6%, 10ms/95.3%, 20ms/97.6%, 50ms/99.1%, 100ms/99.5%
[2109.222s][info][gc,marking  ] GC(270) O: Mark: 1 stripe(s), 2 proactive flush(es), 1 terminate flush(es), 0 completion(s), 0 continuation(s) 
[2109.222s][info][gc,marking  ] GC(270) O: Mark Stack Usage: 32M
[2109.222s][info][gc,nmethod  ] GC(270) O: NMethods: 7650 registered, 1025 unregistered
[2109.222s][info][gc,metaspace] GC(270) O: Metaspace: 132M used, 133M committed, 1152M reserved
[2109.222s][info][gc,ref      ] GC(270) O:                       Encountered   Discovered     Enqueued 
[2109.222s][info][gc,ref      ] GC(270) O: Soft References:             6090            0            0 
[2109.222s][info][gc,ref      ] GC(270) O: Weak References:            23580        12748            0 
[2109.222s][info][gc,ref      ] GC(270) O: Final References:              34            0            0 
[2109.222s][info][gc,ref      ] GC(270) O: Phantom References:          1512         1267            0 
[2109.222s][info][gc,reloc    ] GC(270) O:                        Candidates     Selected     In-Place         Size        Empty    Relocated 
[2109.222s][info][gc,reloc    ] GC(270) O: Small Pages:                  248            7            0         496M           4M           1M 
[2109.222s][info][gc,reloc    ] GC(270) O: Medium Pages:                   2            0            0          64M           0M           0M 
[2109.222s][info][gc,reloc    ] GC(270) O: Large Pages:                    0            0            0           0M           0M           0M 
[2109.223s][info][gc,reloc    ] GC(270) O: Forwarding Usage: 0M
[2109.223s][info][gc,heap     ] GC(270) O: Min Capacity: 8192M(100%)
[2109.223s][info][gc,heap     ] GC(270) O: Max Capacity: 8192M(100%)
[2109.223s][info][gc,heap     ] GC(270) O: Soft Max Capacity: 8192M(100%)
[2109.223s][info][gc,heap     ] GC(270) O: Heap Statistics:
[2109.223s][info][gc,heap     ] GC(270) O:                Mark Start          Mark End        Relocate Start      Relocate End           High               Low         
[2109.223s][info][gc,heap     ] GC(270) O:  Capacity:     8192M (100%)       8192M (100%)       8192M (100%)       8192M (100%)       8192M (100%)       8192M (100%)   
[2109.223s][info][gc,heap     ] GC(270) O:      Free:     1778M (22%)        6218M (76%)        6136M (75%)        6140M (75%)        7264M (89%)        1664M (20%)    
[2109.223s][info][gc,heap     ] GC(270) O:      Used:     6414M (78%)        1974M (24%)        2056M (25%)        2052M (25%)        6528M (80%)         928M (11%)    
[2109.223s][info][gc,heap     ] GC(270) O: Old Generation Statistics:
[2109.223s][info][gc,heap     ] GC(270) O:                Mark Start          Mark End        Relocate Start      Relocate End    
[2109.223s][info][gc,heap     ] GC(270) O:      Used:      560M (7%)          560M (7%)          556M (7%)          552M (7%)     
[2109.223s][info][gc,heap     ] GC(270) O:      Live:         -               494M (6%)          494M (6%)          494M (6%)     
[2109.223s][info][gc,heap     ] GC(270) O:   Garbage:         -                65M (1%)           61M (1%)           46M (1%)     
[2109.223s][info][gc,heap     ] GC(270) O: Allocated:         -                 0M (0%)            0M (0%)           10M (0%)     
[2109.223s][info][gc,heap     ] GC(270) O: Reclaimed:         -                  -                 4M (0%)           18M (0%)     
[2109.223s][info][gc,heap     ] GC(270) O: Compacted:         -                  -                  -                 1M (0%)     
[2109.223s][info][gc,phases   ] GC(270) O: Old Generation 928M(11%)->2052M(25%) 0.859s
[2109.223s][info][gc          ] GC(270) Major Collection (Proactive) 6414M(78%)->2052M(25%) 1.103s
[2115.712s][info][gc          ] GC(271) Minor Collection (Allocation Rate)
[2115.713s][info][gc,task     ] GC(271) Using 1 Workers for Young Generation
[2115.713s][info][gc,phases   ] GC(271) y: Young Generation
[2115.713s][info][gc,phases   ] GC(271) y: Pause Mark Start 0.017ms
[2115.865s][info][gc,phases   ] GC(271) y: Concurrent Mark 152.016ms
[2115.865s][info][gc,phases   ] GC(271) y: Pause Mark End 0.009ms
[2115.865s][info][gc,phases   ] GC(271) y: Concurrent Mark Free 0.000ms
[2115.865s][info][gc,phases   ] GC(271) y: Concurrent Reset Relocation Set 0.164ms
[2115.869s][info][gc,reloc    ] GC(271) y: Using tenuring threshold: 7 (Computed)
[2115.889s][info][gc,phases   ] GC(271) y: Concurrent Select Relocation Set 23.575ms
[2115.889s][info][gc,phases   ] GC(271) y: Pause Relocate Start 0.014ms
[2115.972s][info][gc,phases   ] GC(271) y: Concurrent Relocate 82.885ms
[2115.972s][info][gc,alloc    ] GC(271) y:                         Mark Start        Mark End      Relocate Start    Relocate End   
[2115.972s][info][gc,alloc    ] GC(271) y: Allocation Stalls:          0                0                0                0         
[2115.972s][info][gc,load     ] GC(271) y: Load: 0.00 (0%) / 0.00 (0%) / 0.00 (0%)
[2115.972s][info][gc,mmu      ] GC(271) y: MMU: 2ms/76.4%, 5ms/90.6%, 10ms/95.3%, 20ms/97.6%, 50ms/99.1%, 100ms/99.5%
[2115.972s][info][gc,marking  ] GC(271) y: Mark: 1 stripe(s), 2 proactive flush(es), 1 terminate flush(es), 0 completion(s), 0 continuation(s) 
[2115.972s][info][gc,marking  ] GC(271) y: Mark Stack Usage: 32M
[2115.972s][info][gc,nmethod  ] GC(271) y: NMethods: 7651 registered, 1025 unregistered
[2115.972s][info][gc,metaspace] GC(271) y: Metaspace: 132M used, 133M committed, 1152M reserved
[2115.972s][info][gc,reloc    ] GC(271) y:                        Candidates     Selected     In-Place         Size        Empty    Relocated 
[2115.972s][info][gc,reloc    ] GC(271) y: Small Pages:                 3393         2048            0        6786M        2560M          90M 
[2115.972s][info][gc,reloc    ] GC(271) y: Medium Pages:                   0            0            0           0M           0M           0M 
[2115.972s][info][gc,reloc    ] GC(271) y: Large Pages:                    0            0            0           0M           0M           0M 
[2115.972s][info][gc,reloc    ] GC(271) y: Forwarding Usage: 33M
[2115.972s][info][gc,reloc    ] GC(271) y: Age Table:
[2115.972s][info][gc,reloc    ] GC(271) y:                    Live             Garbage             Small              Medium             Large        
[2115.972s][info][gc,reloc    ] GC(271) y: Eden             106M (1%)         6511M (79%)       3309 / 1984           0 / 0              0 / 0        
[2115.972s][info][gc,reloc    ] GC(271) y: Survivor 1         1M (0%)           98M (1%)          50 / 41             0 / 0              0 / 0        
[2115.972s][info][gc,reloc    ] GC(271) y: Survivor 2         2M (0%)           27M (0%)          15 / 11             0 / 0              0 / 0        
[2115.972s][info][gc,reloc    ] GC(271) y: Survivor 3         0M (0%)           11M (0%)           6 / 3              0 / 0              0 / 0        
[2115.972s][info][gc,reloc    ] GC(271) y: Survivor 4         0M (0%)            7M (0%)           4 / 2              0 / 0              0 / 0        
[2115.972s][info][gc,reloc    ] GC(271) y: Survivor 5         0M (0%)            5M (0%)           3 / 1              0 / 0              0 / 0        
[2115.972s][info][gc,reloc    ] GC(271) y: Survivor 6         0M (0%)            3M (0%)           2 / 2              0 / 0              0 / 0        
[2115.972s][info][gc,reloc    ] GC(271) y: Survivor 7         0M (0%)            1M (0%)           1 / 1              0 / 0              0 / 0        
[2115.972s][info][gc,reloc    ] GC(271) y: Survivor 8         0M (0%)            3M (0%)           2 / 2              0 / 0              0 / 0        
[2115.972s][info][gc,reloc    ] GC(271) y: Survivor 9         0M (0%)            1M (0%)           1 / 1              0 / 0              0 / 0        
[2115.972s][info][gc,heap     ] GC(271) y: Min Capacity: 8192M(100%)
[2115.972s][info][gc,heap     ] GC(271) y: Max Capacity: 8192M(100%)
[2115.972s][info][gc,heap     ] GC(271) y: Soft Max Capacity: 8192M(100%)
[2115.972s][info][gc,heap     ] GC(271) y: Heap Statistics:
[2115.972s][info][gc,heap     ] GC(271) y:                Mark Start          Mark End        Relocate Start      Relocate End           High               Low         
[2115.972s][info][gc,heap     ] GC(271) y:  Capacity:     8192M (100%)       8192M (100%)       8192M (100%)       8192M (100%)       8192M (100%)       8192M (100%)   
[2115.972s][info][gc,heap     ] GC(271) y:      Free:      854M (10%)         734M (9%)         3280M (40%)        7284M (89%)        7284M (89%)         734M (9%)     
[2115.972s][info][gc,heap     ] GC(271) y:      Used:     7338M (90%)        7458M (91%)        4912M (60%)         908M (11%)        7458M (91%)         908M (11%)    
[2115.972s][info][gc,heap     ] GC(271) y: Young Generation Statistics:
[2115.972s][info][gc,heap     ] GC(271) y:                Mark Start          Mark End        Relocate Start      Relocate End    
[2115.972s][info][gc,heap     ] GC(271) y:      Used:     6786M (83%)        6906M (84%)        4360M (53%)         354M (4%)     
[2115.972s][info][gc,heap     ] GC(271) y:      Live:         -               111M (1%)          111M (1%)          111M (1%)     
[2115.972s][info][gc,heap     ] GC(271) y:   Garbage:         -              6674M (81%)        4114M (50%)           2M (0%)     
[2115.972s][info][gc,heap     ] GC(271) y: Allocated:         -               120M (1%)          134M (2%)          239M (3%)     
[2115.972s][info][gc,heap     ] GC(271) y: Reclaimed:         -                  -              2560M (31%)        6671M (81%)    
[2115.972s][info][gc,heap     ] GC(271) y:  Promoted:         -                  -                 0M (0%)            0M (0%)     
[2115.972s][info][gc,heap     ] GC(271) y: Compacted:         -                  -                  -               104M (1%)     
[2115.972s][info][gc,phases   ] GC(271) y: Young Generation 7338M(90%)->908M(11%) 0.259s
[2115.972s][info][gc          ] GC(271) Minor Collection (Allocation Rate) 7338M(90%)->908M(11%) 0.260s
[2124.836s][info][gc          ] GC(272) Minor Collection (Allocation Rate)
[2124.836s][info][gc,task     ] GC(272) Using 1 Workers for Young Generation
[2124.836s][info][gc,phases   ] GC(272) y: Young Generation
[2124.837s][info][gc,phases   ] GC(272) y: Pause Mark Start 0.012ms
[2125.003s][info][gc,phases   ] GC(272) y: Concurrent Mark 166.420ms
[2125.003s][info][gc,phases   ] GC(272) y: Pause Mark End 0.009ms
[2125.003s][info][gc,phases   ] GC(272) y: Concurrent Mark Free 0.000ms
[2125.003s][info][gc,phases   ] GC(272) y: Concurrent Reset Relocation Set 0.154ms
[2125.006s][info][gc,reloc    ] GC(272) y: Using tenuring threshold: 8 (Computed)
[2125.020s][info][gc,phases   ] GC(272) y: Concurrent Select Relocation Set 16.559ms
[2125.020s][info][gc,phases   ] GC(272) y: Pause Relocate Start 0.010ms
[2125.128s][info][gc,phases   ] GC(272) y: Concurrent Relocate 108.127ms
[2125.128s][info][gc,alloc    ] GC(272) y:                         Mark Start        Mark End      Relocate Start    Relocate End   
[2125.128s][info][gc,alloc    ] GC(272) y: Allocation Stalls:          0                0                0                0         
[2125.128s][info][gc,load     ] GC(272) y: Load: 0.00 (0%) / 0.00 (0%) / 0.00 (0%)
[2125.128s][info][gc,mmu      ] GC(272) y: MMU: 2ms/76.4%, 5ms/90.6%, 10ms/95.3%, 20ms/97.6%, 50ms/99.1%, 100ms/99.5%
[2125.128s][info][gc,marking  ] GC(272) y: Mark: 1 stripe(s), 2 proactive flush(es), 1 terminate flush(es), 0 completion(s), 0 continuation(s) 
[2125.128s][info][gc,marking  ] GC(272) y: Mark Stack Usage: 32M
[2125.128s][info][gc,nmethod  ] GC(272) y: NMethods: 7665 registered, 1025 unregistered
[2125.128s][info][gc,metaspace] GC(272) y: Metaspace: 132M used, 133M committed, 1152M reserved
[2125.128s][info][gc,reloc    ] GC(272) y:                        Candidates     Selected     In-Place         Size        Empty    Relocated 
[2125.128s][info][gc,reloc    ] GC(272) y: Small Pages:                 3505         2678            0        7010M        1500M         110M 
[2125.128s][info][gc,reloc    ] GC(272) y: Medium Pages:                   0            0            0           0M           0M           0M 
[2125.128s][info][gc,reloc    ] GC(272) y: Large Pages:                    0            0            0           0M           0M           0M 
[2125.128s][info][gc,reloc    ] GC(272) y: Forwarding Usage: 37M
[2125.128s][info][gc,reloc    ] GC(272) y: Age Table:
[2125.128s][info][gc,reloc    ] GC(272) y:                    Live             Garbage             Small              Medium             Large        
[2125.129s][info][gc,reloc    ] GC(272) y: Eden             112M (1%)         6743M (82%)       3428 / 2618           0 / 0              0 / 0        
[2125.129s][info][gc,reloc    ] GC(272) y: Survivor 1        18M (0%)           99M (1%)          59 / 45             0 / 0              0 / 0        
[2125.129s][info][gc,reloc    ] GC(272) y: Survivor 2         1M (0%)            8M (0%)           5 / 3              0 / 0              0 / 0        
[2125.129s][info][gc,reloc    ] GC(272) y: Survivor 3         1M (0%)            8M (0%)           5 / 5              0 / 0              0 / 0        
[2125.129s][info][gc,reloc    ] GC(272) y: Survivor 4         0M (0%)            7M (0%)           4 / 3              0 / 0              0 / 0        
[2125.129s][info][gc,reloc    ] GC(272) y: Survivor 5         0M (0%)            3M (0%)           2 / 2              0 / 0              0 / 0        
[2125.129s][info][gc,reloc    ] GC(272) y: Survivor 6         0M (0%)            1M (0%)           1 / 1              0 / 0              0 / 0        
[2125.129s][info][gc,reloc    ] GC(272) y: Survivor 7         0M (0%)            1M (0%)           1 / 1              0 / 0              0 / 0        
[2125.129s][info][gc,heap     ] GC(272) y: Min Capacity: 8192M(100%)
[2125.129s][info][gc,heap     ] GC(272) y: Max Capacity: 8192M(100%)
[2125.129s][info][gc,heap     ] GC(272) y: Soft Max Capacity: 8192M(100%)
[2125.129s][info][gc,heap     ] GC(272) y: Heap Statistics:
[2125.129s][info][gc,heap     ] GC(272) y:                Mark Start          Mark End        Relocate Start      Relocate End           High               Low         
[2125.129s][info][gc,heap     ] GC(272) y:  Capacity:     8192M (100%)       8192M (100%)       8192M (100%)       8192M (100%)       8192M (100%)       8192M (100%)   
[2125.129s][info][gc,heap     ] GC(272) y:      Free:      628M (8%)          454M (6%)         1946M (24%)        7178M (88%)        7178M (88%)         454M (6%)     
[2125.129s][info][gc,heap     ] GC(272) y:      Used:     7564M (92%)        7738M (94%)        6246M (76%)        1014M (12%)        7738M (94%)        1014M (12%)    
[2125.129s][info][gc,heap     ] GC(272) y: Young Generation Statistics:
[2125.129s][info][gc,heap     ] GC(272) y:                Mark Start          Mark End        Relocate Start      Relocate End    
[2125.129s][info][gc,heap     ] GC(272) y:      Used:     7010M (86%)        7184M (88%)        5692M (69%)         460M (6%)     
[2125.129s][info][gc,heap     ] GC(272) y:      Live:         -               134M (2%)          134M (2%)          134M (2%)     
[2125.129s][info][gc,heap     ] GC(272) y:   Garbage:         -              6875M (84%)        5375M (66%)           0M (0%)     
[2125.129s][info][gc,heap     ] GC(272) y: Allocated:         -               174M (2%)          182M (2%)          324M (4%)     
[2125.129s][info][gc,heap     ] GC(272) y: Reclaimed:         -                  -              1500M (18%)        6874M (84%)    
[2125.129s][info][gc,heap     ] GC(272) y:  Promoted:         -                  -                 0M (0%)            0M (0%)     
[2125.129s][info][gc,heap     ] GC(272) y: Compacted:         -                  -                  -               131M (2%)     
[2125.129s][info][gc,phases   ] GC(272) y: Young Generation 7564M(92%)->1014M(12%) 0.292s
[2125.129s][info][gc          ] GC(272) Minor Collection (Allocation Rate) 7564M(92%)->1014M(12%) 0.292s
[2133.452s][info][gc          ] GC(273) Minor Collection (Allocation Rate)
[2133.452s][info][gc,task     ] GC(273) Using 1 Workers for Young Generation
[2133.452s][info][gc,phases   ] GC(273) y: Young Generation
[2133.452s][info][gc,phases   ] GC(273) y: Pause Mark Start 0.013ms
[2133.585s][info][gc,phases   ] GC(273) y: Concurrent Mark 132.853ms
[2133.585s][info][gc,phases   ] GC(273) y: Pause Mark End 0.009ms
[2133.585s][info][gc,phases   ] GC(273) y: Concurrent Mark Free 0.000ms
[2133.585s][info][gc,phases   ] GC(273) y: Concurrent Reset Relocation Set 0.229ms
[2133.588s][info][gc,reloc    ] GC(273) y: Using tenuring threshold: 6 (Computed)
[2133.592s][info][gc,phases   ] GC(273) y: Concurrent Select Relocation Set 6.319ms
[2133.592s][info][gc,phases   ] GC(273) y: Pause Relocate Start 0.010ms
[2133.674s][info][gc,phases   ] GC(273) y: Concurrent Relocate 82.374ms
[2133.674s][info][gc,alloc    ] GC(273) y:                         Mark Start        Mark End      Relocate Start    Relocate End   
[2133.674s][info][gc,alloc    ] GC(273) y: Allocation Stalls:          0                0                0                0         
[2133.674s][info][gc,load     ] GC(273) y: Load: 0.00 (0%) / 0.00 (0%) / 0.00 (0%)
[2133.674s][info][gc,mmu      ] GC(273) y: MMU: 2ms/76.4%, 5ms/90.6%, 10ms/95.3%, 20ms/97.6%, 50ms/99.1%, 100ms/99.5%
[2133.674s][info][gc,marking  ] GC(273) y: Mark: 1 stripe(s), 2 proactive flush(es), 1 terminate flush(es), 0 completion(s), 0 continuation(s) 
[2133.674s][info][gc,marking  ] GC(273) y: Mark Stack Usage: 32M
[2133.674s][info][gc,nmethod  ] GC(273) y: NMethods: 7679 registered, 1025 unregistered
[2133.674s][info][gc,metaspace] GC(273) y: Metaspace: 132M used, 133M committed, 1152M reserved
[2133.675s][info][gc,reloc    ] GC(273) y:                        Candidates     Selected     In-Place         Size        Empty    Relocated 
[2133.675s][info][gc,reloc    ] GC(273) y: Small Pages:                 3458         1680            0        6916M        3440M          82M 
[2133.675s][info][gc,reloc    ] GC(273) y: Medium Pages:                   0            0            0           0M           0M           0M 
[2133.675s][info][gc,reloc    ] GC(273) y: Large Pages:                    0            0            0           0M           0M           0M 
[2133.675s][info][gc,reloc    ] GC(273) y: Forwarding Usage: 29M
[2133.675s][info][gc,reloc    ] GC(273) y: Age Table:
[2133.675s][info][gc,reloc    ] GC(273) y:                    Live             Garbage             Small              Medium             Large        
[2133.675s][info][gc,reloc    ] GC(273) y: Eden              93M (1%)         6628M (81%)       3361 / 1593           0 / 0              0 / 0        
[2133.675s][info][gc,reloc    ] GC(273) y: Survivor 1         4M (0%)          117M (1%)          61 / 56             0 / 0              0 / 0        
[2133.675s][info][gc,reloc    ] GC(273) y: Survivor 2         1M (0%)           28M (0%)          15 / 12             0 / 0              0 / 0        
[2133.675s][info][gc,reloc    ] GC(273) y: Survivor 3         0M (0%)            9M (0%)           5 / 5              0 / 0              0 / 0        
[2133.675s][info][gc,reloc    ] GC(273) y: Survivor 4         0M (0%)            9M (0%)           5 / 5              0 / 0              0 / 0        
[2133.675s][info][gc,reloc    ] GC(273) y: Survivor 5         0M (0%)            9M (0%)           5 / 3              0 / 0              0 / 0        
[2133.675s][info][gc,reloc    ] GC(273) y: Survivor 6         0M (0%)            3M (0%)           2 / 2              0 / 0              0 / 0        
[2133.675s][info][gc,reloc    ] GC(273) y: Survivor 7         0M (0%)            1M (0%)           1 / 1              0 / 0              0 / 0        
[2133.675s][info][gc,reloc    ] GC(273) y: Survivor 8         0M (0%)            5M (0%)           3 / 3              0 / 0              0 / 0        
[2133.675s][info][gc,heap     ] GC(273) y: Min Capacity: 8192M(100%)
[2133.675s][info][gc,heap     ] GC(273) y: Max Capacity: 8192M(100%)
[2133.675s][info][gc,heap     ] GC(273) y: Soft Max Capacity: 8192M(100%)
[2133.675s][info][gc,heap     ] GC(273) y: Heap Statistics:
[2133.675s][info][gc,heap     ] GC(273) y:                Mark Start          Mark End        Relocate Start      Relocate End           High               Low         
[2133.675s][info][gc,heap     ] GC(273) y:  Capacity:     8192M (100%)       8192M (100%)       8192M (100%)       8192M (100%)       8192M (100%)       8192M (100%)   
[2133.675s][info][gc,heap     ] GC(273) y:      Free:      722M (9%)          556M (7%)         3992M (49%)        7276M (89%)        7276M (89%)         556M (7%)     
[2133.675s][info][gc,heap     ] GC(273) y:      Used:     7470M (91%)        7636M (93%)        4200M (51%)         916M (11%)        7636M (93%)         916M (11%)    
[2133.675s][info][gc,heap     ] GC(273) y: Young Generation Statistics:
[2133.675s][info][gc,heap     ] GC(273) y:                Mark Start          Mark End        Relocate Start      Relocate End    
[2133.675s][info][gc,heap     ] GC(273) y:      Used:     6916M (84%)        7082M (86%)        3646M (45%)         360M (4%)     
[2133.675s][info][gc,heap     ] GC(273) y:      Live:         -               100M (1%)          100M (1%)          100M (1%)     
[2133.675s][info][gc,heap     ] GC(273) y:   Garbage:         -              6815M (83%)        3375M (41%)           1M (0%)     
[2133.675s][info][gc,heap     ] GC(273) y: Allocated:         -               166M (2%)          170M (2%)          258M (3%)     
[2133.675s][info][gc,heap     ] GC(273) y: Reclaimed:         -                  -              3440M (42%)        6814M (83%)    
[2133.675s][info][gc,heap     ] GC(273) y:  Promoted:         -                  -                 0M (0%)            0M (0%)     
[2133.675s][info][gc,heap     ] GC(273) y: Compacted:         -                  -                  -                95M (1%)     
[2133.675s][info][gc,phases   ] GC(273) y: Young Generation 7470M(91%)->916M(11%) 0.222s
[2133.675s][info][gc          ] GC(273) Minor Collection (Allocation Rate) 7470M(91%)->916M(11%) 0.223s
[2142.524s][info][gc          ] GC(274) Minor Collection (Allocation Rate)
[2142.524s][info][gc,task     ] GC(274) Using 1 Workers for Young Generation
[2142.524s][info][gc,phases   ] GC(274) y: Young Generation
[2142.524s][info][gc,phases   ] GC(274) y: Pause Mark Start 0.016ms
[2142.690s][info][gc,phases   ] GC(274) y: Concurrent Mark 165.800ms
[2142.690s][info][gc,phases   ] GC(274) y: Pause Mark End 0.010ms
[2142.690s][info][gc,phases   ] GC(274) y: Concurrent Mark Free 0.000ms
[2142.691s][info][gc,phases   ] GC(274) y: Concurrent Reset Relocation Set 0.177ms
[2142.693s][info][gc,reloc    ] GC(274) y: Using tenuring threshold: 6 (Computed)
[2142.709s][info][gc,phases   ] GC(274) y: Concurrent Select Relocation Set 18.136ms
[2142.709s][info][gc,phases   ] GC(274) y: Pause Relocate Start 0.009ms
[2142.799s][info][gc,phases   ] GC(274) y: Concurrent Relocate 90.545ms
[2142.799s][info][gc,alloc    ] GC(274) y:                         Mark Start        Mark End      Relocate Start    Relocate End   
[2142.799s][info][gc,alloc    ] GC(274) y: Allocation Stalls:          0                0                0                0         
[2142.799s][info][gc,load     ] GC(274) y: Load: 0.00 (0%) / 0.00 (0%) / 0.00 (0%)
[2142.799s][info][gc,mmu      ] GC(274) y: MMU: 2ms/76.4%, 5ms/90.6%, 10ms/95.3%, 20ms/97.6%, 50ms/99.1%, 100ms/99.5%
[2142.800s][info][gc,marking  ] GC(274) y: Mark: 1 stripe(s), 2 proactive flush(es), 1 terminate flush(es), 0 completion(s), 0 continuation(s) 
[2142.800s][info][gc,marking  ] GC(274) y: Mark Stack Usage: 32M
[2142.800s][info][gc,nmethod  ] GC(274) y: NMethods: 7687 registered, 1025 unregistered
[2142.800s][info][gc,metaspace] GC(274) y: Metaspace: 132M used, 133M committed, 1152M reserved
[2142.800s][info][gc,reloc    ] GC(274) y:                        Candidates     Selected     In-Place         Size        Empty    Relocated 
[2142.800s][info][gc,reloc    ] GC(274) y: Small Pages:                 3512         2645            0        7024M        1584M         102M 
[2142.800s][info][gc,reloc    ] GC(274) y: Medium Pages:                   0            0            0           0M           0M           0M 
[2142.800s][info][gc,reloc    ] GC(274) y: Large Pages:                    0            0            0           0M           0M           0M 
[2142.800s][info][gc,reloc    ] GC(274) y: Forwarding Usage: 36M
[2142.800s][info][gc,reloc    ] GC(274) y: Age Table:
[2142.800s][info][gc,reloc    ] GC(274) y:                    Live             Garbage             Small              Medium             Large        
[2142.800s][info][gc,reloc    ] GC(274) y: Eden             106M (1%)         6783M (83%)       3445 / 2592           0 / 0              0 / 0        
[2142.800s][info][gc,reloc    ] GC(274) y: Survivor 1        19M (0%)           82M (1%)          51 / 40             0 / 0              0 / 0        
[2142.800s][info][gc,reloc    ] GC(274) y: Survivor 2         1M (0%)           10M (0%)           6 / 4              0 / 0              0 / 0        
[2142.800s][info][gc,reloc    ] GC(274) y: Survivor 3         1M (0%)            8M (0%)           5 / 4              0 / 0              0 / 0        
[2142.800s][info][gc,reloc    ] GC(274) y: Survivor 4         0M (0%)            3M (0%)           2 / 2              0 / 0              0 / 0        
[2142.800s][info][gc,reloc    ] GC(274) y: Survivor 5         0M (0%)            3M (0%)           2 / 2              0 / 0              0 / 0        
[2142.800s][info][gc,reloc    ] GC(274) y: Survivor 6         0M (0%)            1M (0%)           1 / 1              0 / 0              0 / 0        
[2142.800s][info][gc,heap     ] GC(274) y: Min Capacity: 8192M(100%)
[2142.800s][info][gc,heap     ] GC(274) y: Max Capacity: 8192M(100%)
[2142.800s][info][gc,heap     ] GC(274) y: Soft Max Capacity: 8192M(100%)
[2142.800s][info][gc,heap     ] GC(274) y: Heap Statistics:
[2142.800s][info][gc,heap     ] GC(274) y:                Mark Start          Mark End        Relocate Start      Relocate End           High               Low         
[2142.800s][info][gc,heap     ] GC(274) y:  Capacity:     8192M (100%)       8192M (100%)       8192M (100%)       8192M (100%)       8192M (100%)       8192M (100%)   
[2142.800s][info][gc,heap     ] GC(274) y:      Free:      612M (7%)          432M (5%)         1996M (24%)        7208M (88%)        7208M (88%)         432M (5%)     
[2142.800s][info][gc,heap     ] GC(274) y:      Used:     7580M (93%)        7760M (95%)        6196M (76%)         984M (12%)        7760M (95%)         984M (12%)    
[2142.800s][info][gc,heap     ] GC(274) y: Young Generation Statistics:
[2142.800s][info][gc,heap     ] GC(274) y:                Mark Start          Mark End        Relocate Start      Relocate End    
[2142.800s][info][gc,heap     ] GC(274) y:      Used:     7024M (86%)        7204M (88%)        5640M (69%)         424M (5%)     
[2142.800s][info][gc,heap     ] GC(274) y:      Live:         -               129M (2%)          129M (2%)          129M (2%)     
[2142.800s][info][gc,heap     ] GC(274) y:   Garbage:         -              6894M (84%)        5310M (65%)           2M (0%)     
[2142.800s][info][gc,heap     ] GC(274) y: Allocated:         -               180M (2%)          200M (2%)          291M (4%)     
[2142.800s][info][gc,heap     ] GC(274) y: Reclaimed:         -                  -              1584M (19%)        6891M (84%)    
[2142.800s][info][gc,heap     ] GC(274) y:  Promoted:         -                  -                 0M (0%)            0M (0%)     
[2142.800s][info][gc,heap     ] GC(274) y: Compacted:         -                  -                  -               122M (1%)     
[2142.800s][info][gc,phases   ] GC(274) y: Young Generation 7580M(93%)->984M(12%) 0.275s
[2142.800s][info][gc          ] GC(274) Minor Collection (Allocation Rate) 7580M(93%)->984M(12%) 0.276s
[2150.426s][info][gc          ] GC(275) Minor Collection (Allocation Rate)
[2150.426s][info][gc,task     ] GC(275) Using 1 Workers for Young Generation
[2150.426s][info][gc,phases   ] GC(275) y: Young Generation
[2150.426s][info][gc,phases   ] GC(275) y: Pause Mark Start 0.013ms
[2150.528s][info][gc,phases   ] GC(275) y: Concurrent Mark 101.859ms
[2150.528s][info][gc,phases   ] GC(275) y: Pause Mark End 0.009ms
[2150.528s][info][gc,phases   ] GC(275) y: Concurrent Mark Free 0.000ms
[2150.528s][info][gc,phases   ] GC(275) y: Concurrent Reset Relocation Set 0.213ms
[2150.531s][info][gc,reloc    ] GC(275) y: Using tenuring threshold: 6 (Computed)
[2150.533s][info][gc,phases   ] GC(275) y: Concurrent Select Relocation Set 5.005ms
[2150.533s][info][gc,phases   ] GC(275) y: Pause Relocate Start 0.008ms
[2150.582s][info][gc,phases   ] GC(275) y: Concurrent Relocate 48.382ms
[2150.582s][info][gc,alloc    ] GC(275) y:                         Mark Start        Mark End      Relocate Start    Relocate End   
[2150.582s][info][gc,alloc    ] GC(275) y: Allocation Stalls:          0                0                0                0         
[2150.582s][info][gc,load     ] GC(275) y: Load: 0.00 (0%) / 0.00 (0%) / 0.00 (0%)
[2150.582s][info][gc,mmu      ] GC(275) y: MMU: 2ms/76.4%, 5ms/90.6%, 10ms/95.3%, 20ms/97.6%, 50ms/99.1%, 100ms/99.5%
[2150.582s][info][gc,marking  ] GC(275) y: Mark: 1 stripe(s), 2 proactive flush(es), 1 terminate flush(es), 0 completion(s), 0 continuation(s) 
[2150.582s][info][gc,marking  ] GC(275) y: Mark Stack Usage: 32M
[2150.582s][info][gc,nmethod  ] GC(275) y: NMethods: 7691 registered, 1025 unregistered
[2150.582s][info][gc,metaspace] GC(275) y: Metaspace: 132M used, 133M committed, 1152M reserved
[2150.582s][info][gc,reloc    ] GC(275) y:                        Candidates     Selected     In-Place         Size        Empty    Relocated 
[2150.582s][info][gc,reloc    ] GC(275) y: Small Pages:                 3388         1142            0        6776M        4408M          55M 
[2150.582s][info][gc,reloc    ] GC(275) y: Medium Pages:                   0            0            0           0M           0M           0M 
[2150.582s][info][gc,reloc    ] GC(275) y: Large Pages:                    0            0            0           0M           0M           0M 
[2150.582s][info][gc,reloc    ] GC(275) y: Forwarding Usage: 20M
[2150.582s][info][gc,reloc    ] GC(275) y: Age Table:
[2150.582s][info][gc,reloc    ] GC(275) y:                    Live             Garbage             Small              Medium             Large        
[2150.582s][info][gc,reloc    ] GC(275) y: Eden              64M (1%)         6541M (80%)       3303 / 1066           0 / 0              0 / 0        
[2150.582s][info][gc,reloc    ] GC(275) y: Survivor 1         5M (0%)          110M (1%)          58 / 52             0 / 0              0 / 0        
[2150.582s][info][gc,reloc    ] GC(275) y: Survivor 2         1M (0%)           26M (0%)          14 / 11             0 / 0              0 / 0        
[2150.582s][info][gc,reloc    ] GC(275) y: Survivor 3         0M (0%)            5M (0%)           3 / 3              0 / 0              0 / 0        
[2150.582s][info][gc,reloc    ] GC(275) y: Survivor 4         0M (0%)            9M (0%)           5 / 5              0 / 0              0 / 0        
[2150.582s][info][gc,reloc    ] GC(275) y: Survivor 5         0M (0%)            5M (0%)           3 / 3              0 / 0              0 / 0        
[2150.582s][info][gc,reloc    ] GC(275) y: Survivor 6         0M (0%)            3M (0%)           2 / 2              0 / 0              0 / 0        
[2150.582s][info][gc,heap     ] GC(275) y: Min Capacity: 8192M(100%)
[2150.582s][info][gc,heap     ] GC(275) y: Max Capacity: 8192M(100%)
[2150.582s][info][gc,heap     ] GC(275) y: Soft Max Capacity: 8192M(100%)
[2150.582s][info][gc,heap     ] GC(275) y: Heap Statistics:
[2150.582s][info][gc,heap     ] GC(275) y:                Mark Start          Mark End        Relocate Start      Relocate End           High               Low         
[2150.582s][info][gc,heap     ] GC(275) y:  Capacity:     8192M (100%)       8192M (100%)       8192M (100%)       8192M (100%)       8192M (100%)       8192M (100%)   
[2150.582s][info][gc,heap     ] GC(275) y:      Free:      856M (10%)         786M (10%)        5192M (63%)        7432M (91%)        7432M (91%)         786M (10%)    
[2150.582s][info][gc,heap     ] GC(275) y:      Used:     7336M (90%)        7406M (90%)        3000M (37%)         760M (9%)         7406M (90%)         760M (9%)     
[2150.582s][info][gc,heap     ] GC(275) y: Young Generation Statistics:
[2150.582s][info][gc,heap     ] GC(275) y:                Mark Start          Mark End        Relocate Start      Relocate End    
[2150.582s][info][gc,heap     ] GC(275) y:      Used:     6776M (83%)        6846M (84%)        2440M (30%)         198M (2%)     
[2150.582s][info][gc,heap     ] GC(275) y:      Live:         -                72M (1%)           72M (1%)           71M (1%)     
[2150.582s][info][gc,heap     ] GC(275) y:   Garbage:         -              6703M (82%)        2295M (28%)           2M (0%)     
[2150.582s][info][gc,heap     ] GC(275) y: Allocated:         -                70M (1%)           72M (1%)          123M (2%)     
[2150.582s][info][gc,heap     ] GC(275) y: Reclaimed:         -                  -              4408M (54%)        6701M (82%)    
[2150.582s][info][gc,heap     ] GC(275) y:  Promoted:         -                  -                 0M (0%)            0M (0%)     
[2150.582s][info][gc,heap     ] GC(275) y: Compacted:         -                  -                  -                62M (1%)     
[2150.582s][info][gc,phases   ] GC(275) y: Young Generation 7336M(90%)->760M(9%) 0.156s
[2150.582s][info][gc          ] GC(275) Minor Collection (Allocation Rate) 7336M(90%)->760M(9%) 0.156s
[2159.786s][info][gc          ] GC(276) Minor Collection (Allocation Rate)
[2159.786s][info][gc,task     ] GC(276) Using 1 Workers for Young Generation
[2159.786s][info][gc,phases   ] GC(276) y: Young Generation
[2159.786s][info][gc,phases   ] GC(276) y: Pause Mark Start 0.013ms
[2159.954s][info][gc,phases   ] GC(276) y: Concurrent Mark 167.815ms
[2159.954s][info][gc,phases   ] GC(276) y: Pause Mark End 0.010ms
[2159.954s][info][gc,phases   ] GC(276) y: Concurrent Mark Free 0.000ms
[2159.954s][info][gc,phases   ] GC(276) y: Concurrent Reset Relocation Set 0.085ms
[2159.956s][info][gc,reloc    ] GC(276) y: Using tenuring threshold: 7 (Computed)
[2159.970s][info][gc,phases   ] GC(276) y: Concurrent Select Relocation Set 16.666ms
[2159.971s][info][gc,phases   ] GC(276) y: Pause Relocate Start 0.013ms
[2160.078s][info][gc,phases   ] GC(276) y: Concurrent Relocate 107.674ms
[2160.078s][info][gc,alloc    ] GC(276) y:                         Mark Start        Mark End      Relocate Start    Relocate End   
[2160.078s][info][gc,alloc    ] GC(276) y: Allocation Stalls:          0                0                0                0         
[2160.078s][info][gc,load     ] GC(276) y: Load: 0.00 (0%) / 0.00 (0%) / 0.00 (0%)
[2160.078s][info][gc,mmu      ] GC(276) y: MMU: 2ms/76.4%, 5ms/90.6%, 10ms/95.3%, 20ms/97.6%, 50ms/99.1%, 100ms/99.5%
[2160.078s][info][gc,marking  ] GC(276) y: Mark: 1 stripe(s), 2 proactive flush(es), 1 terminate flush(es), 0 completion(s), 0 continuation(s) 
[2160.078s][info][gc,marking  ] GC(276) y: Mark Stack Usage: 32M
[2160.078s][info][gc,nmethod  ] GC(276) y: NMethods: 7700 registered, 1025 unregistered
[2160.078s][info][gc,metaspace] GC(276) y: Metaspace: 132M used, 133M committed, 1152M reserved
[2160.078s][info][gc,reloc    ] GC(276) y:                        Candidates     Selected     In-Place         Size        Empty    Relocated 
[2160.079s][info][gc,reloc    ] GC(276) y: Small Pages:                 3476         2364            0        6952M        2072M         100M 
[2160.079s][info][gc,reloc    ] GC(276) y: Medium Pages:                   0            0            0           0M           0M           0M 
[2160.079s][info][gc,reloc    ] GC(276) y: Large Pages:                    0            0            0           0M           0M           0M 
[2160.079s][info][gc,reloc    ] GC(276) y: Forwarding Usage: 42M
[2160.079s][info][gc,reloc    ] GC(276) y: Age Table:
[2160.079s][info][gc,reloc    ] GC(276) y:                    Live             Garbage             Small              Medium             Large        
[2160.079s][info][gc,reloc    ] GC(276) y: Eden             109M (1%)         6732M (82%)       3421 / 2322           0 / 0              0 / 0        
[2160.079s][info][gc,reloc    ] GC(276) y: Survivor 1        17M (0%)           58M (1%)          38 / 28             0 / 0              0 / 0        
[2160.079s][info][gc,reloc    ] GC(276) y: Survivor 2         1M (0%)           10M (0%)           6 / 5              0 / 0              0 / 0        
[2160.079s][info][gc,reloc    ] GC(276) y: Survivor 3         1M (0%)            6M (0%)           4 / 3              0 / 0              0 / 0        
[2160.079s][info][gc,reloc    ] GC(276) y: Survivor 4         0M (0%)            3M (0%)           2 / 2              0 / 0              0 / 0        
[2160.079s][info][gc,reloc    ] GC(276) y: Survivor 5         0M (0%)            3M (0%)           2 / 1              0 / 0              0 / 0        
[2160.079s][info][gc,reloc    ] GC(276) y: Survivor 6         0M (0%)            5M (0%)           3 / 3              0 / 0              0 / 0        
[2160.079s][info][gc,heap     ] GC(276) y: Min Capacity: 8192M(100%)
[2160.079s][info][gc,heap     ] GC(276) y: Max Capacity: 8192M(100%)
[2160.079s][info][gc,heap     ] GC(276) y: Soft Max Capacity: 8192M(100%)
[2160.079s][info][gc,heap     ] GC(276) y: Heap Statistics:
[2160.079s][info][gc,heap     ] GC(276) y:                Mark Start          Mark End        Relocate Start      Relocate End           High               Low         
[2160.079s][info][gc,heap     ] GC(276) y:  Capacity:     8192M (100%)       8192M (100%)       8192M (100%)       8192M (100%)       8192M (100%)       8192M (100%)   
[2160.079s][info][gc,heap     ] GC(276) y:      Free:      678M (8%)          534M (7%)         2588M (32%)        7216M (88%)        7218M (88%)         534M (7%)     
[2160.079s][info][gc,heap     ] GC(276) y:      Used:     7514M (92%)        7658M (93%)        5604M (68%)         976M (12%)        7658M (93%)         974M (12%)    
[2160.079s][info][gc,heap     ] GC(276) y: Young Generation Statistics:
[2160.079s][info][gc,heap     ] GC(276) y:                Mark Start          Mark End        Relocate Start      Relocate End    
[2160.079s][info][gc,heap     ] GC(276) y:      Used:     6952M (85%)        7096M (87%)        5042M (62%)         414M (5%)     
[2160.079s][info][gc,heap     ] GC(276) y:      Live:         -               130M (2%)          130M (2%)          130M (2%)     
[2160.079s][info][gc,heap     ] GC(276) y:   Garbage:         -              6821M (83%)        4749M (58%)           0M (0%)     
[2160.079s][info][gc,heap     ] GC(276) y: Allocated:         -               144M (2%)          162M (2%)          282M (3%)     
[2160.079s][info][gc,heap     ] GC(276) y: Reclaimed:         -                  -              2072M (25%)        6820M (83%)    
[2160.079s][info][gc,heap     ] GC(276) y:  Promoted:         -                  -                 0M (0%)            0M (0%)     
[2160.079s][info][gc,heap     ] GC(276) y: Compacted:         -                  -                  -               129M (2%)     
[2160.079s][info][gc,phases   ] GC(276) y: Young Generation 7514M(92%)->976M(12%) 0.293s
[2160.079s][info][gc          ] GC(276) Minor Collection (Allocation Rate) 7514M(92%)->978M(12%) 0.293s
[2173.959s][info][gc          ] GC(277) Minor Collection (Allocation Rate)
[2173.959s][info][gc,task     ] GC(277) Using 1 Workers for Young Generation
[2173.959s][info][gc,phases   ] GC(277) y: Young Generation
[2173.959s][info][gc,phases   ] GC(277) y: Pause Mark Start 0.017ms
[2174.067s][info][gc,phases   ] GC(277) y: Concurrent Mark 107.624ms
[2174.067s][info][gc,phases   ] GC(277) y: Pause Mark End 0.013ms
[2174.067s][info][gc,phases   ] GC(277) y: Concurrent Mark Free 0.000ms
[2174.068s][info][gc,phases   ] GC(277) y: Concurrent Reset Relocation Set 0.410ms
[2174.071s][info][gc,reloc    ] GC(277) y: Using tenuring threshold: 6 (Computed)
[2174.074s][info][gc,phases   ] GC(277) y: Concurrent Select Relocation Set 6.750ms
[2174.075s][info][gc,phases   ] GC(277) y: Pause Relocate Start 0.010ms
[2174.102s][info][gc,phases   ] GC(277) y: Concurrent Relocate 27.700ms
[2174.102s][info][gc,alloc    ] GC(277) y:                         Mark Start        Mark End      Relocate Start    Relocate End   
[2174.102s][info][gc,alloc    ] GC(277) y: Allocation Stalls:          0                0                0                0         
[2174.102s][info][gc,load     ] GC(277) y: Load: 0.00 (0%) / 0.00 (0%) / 0.00 (0%)
[2174.102s][info][gc,mmu      ] GC(277) y: MMU: 2ms/76.4%, 5ms/90.6%, 10ms/95.3%, 20ms/97.6%, 50ms/99.1%, 100ms/99.5%
[2174.102s][info][gc,marking  ] GC(277) y: Mark: 1 stripe(s), 2 proactive flush(es), 1 terminate flush(es), 0 completion(s), 0 continuation(s) 
[2174.102s][info][gc,marking  ] GC(277) y: Mark Stack Usage: 32M
[2174.102s][info][gc,nmethod  ] GC(277) y: NMethods: 9494 registered, 1025 unregistered
[2174.102s][info][gc,metaspace] GC(277) y: Metaspace: 134M used, 135M committed, 1152M reserved
[2174.102s][info][gc,reloc    ] GC(277) y:                        Candidates     Selected     In-Place         Size        Empty    Relocated 
[2174.102s][info][gc,reloc    ] GC(277) y: Small Pages:                 3338          208            0        6676M        6164M          20M 
[2174.102s][info][gc,reloc    ] GC(277) y: Medium Pages:                   1            0            0          32M           0M           0M 
[2174.102s][info][gc,reloc    ] GC(277) y: Large Pages:                    0            0            0           0M           0M           0M 
[2174.102s][info][gc,reloc    ] GC(277) y: Forwarding Usage: 14M
[2174.103s][info][gc,reloc    ] GC(277) y: Age Table:
[2174.103s][info][gc,reloc    ] GC(277) y:                    Live             Garbage             Small              Medium             Large        
[2174.103s][info][gc,reloc    ] GC(277) y: Eden              73M (1%)         6452M (79%)       3247 / 168            1 / 0              0 / 0        
[2174.103s][info][gc,reloc    ] GC(277) y: Survivor 1         0M (0%)          119M (1%)          60 / 19             0 / 0              0 / 0        
[2174.103s][info][gc,reloc    ] GC(277) y: Survivor 2         0M (0%)           27M (0%)          14 / 9              0 / 0              0 / 0        
[2174.103s][info][gc,reloc    ] GC(277) y: Survivor 3         0M (0%)           11M (0%)           6 / 4              0 / 0              0 / 0        
[2174.103s][info][gc,reloc    ] GC(277) y: Survivor 4         0M (0%)            7M (0%)           4 / 2              0 / 0              0 / 0        
[2174.103s][info][gc,reloc    ] GC(277) y: Survivor 5         0M (0%)            3M (0%)           2 / 2              0 / 0              0 / 0        
[2174.103s][info][gc,reloc    ] GC(277) y: Survivor 6         0M (0%)            3M (0%)           2 / 1              0 / 0              0 / 0        
[2174.103s][info][gc,reloc    ] GC(277) y: Survivor 7         0M (0%)            5M (0%)           3 / 3              0 / 0              0 / 0        
[2174.103s][info][gc,heap     ] GC(277) y: Min Capacity: 8192M(100%)
[2174.103s][info][gc,heap     ] GC(277) y: Max Capacity: 8192M(100%)
[2174.103s][info][gc,heap     ] GC(277) y: Soft Max Capacity: 8192M(100%)
[2174.103s][info][gc,heap     ] GC(277) y: Heap Statistics:
[2174.103s][info][gc,heap     ] GC(277) y:                Mark Start          Mark End        Relocate Start      Relocate End           High               Low         
[2174.103s][info][gc,heap     ] GC(277) y:  Capacity:     8192M (100%)       8192M (100%)       8192M (100%)       8192M (100%)       8192M (100%)       8192M (100%)   
[2174.103s][info][gc,heap     ] GC(277) y:      Free:      922M (11%)         910M (11%)        7074M (86%)        7476M (91%)        7476M (91%)         910M (11%)    
[2174.103s][info][gc,heap     ] GC(277) y:      Used:     7270M (89%)        7282M (89%)        1118M (14%)         716M (9%)         7282M (89%)         716M (9%)     
[2174.103s][info][gc,heap     ] GC(277) y: Young Generation Statistics:
[2174.103s][info][gc,heap     ] GC(277) y:                Mark Start          Mark End        Relocate Start      Relocate End    
[2174.103s][info][gc,heap     ] GC(277) y:      Used:     6708M (82%)        6720M (82%)         556M (7%)          150M (2%)     
[2174.103s][info][gc,heap     ] GC(277) y:      Live:         -                74M (1%)           74M (1%)           74M (1%)     
[2174.103s][info][gc,heap     ] GC(277) y:   Garbage:         -              6633M (81%)         469M (6%)           48M (1%)     
[2174.103s][info][gc,heap     ] GC(277) y: Allocated:         -                12M (0%)           12M (0%)           26M (0%)     
[2174.103s][info][gc,heap     ] GC(277) y: Reclaimed:         -                  -              6164M (75%)        6584M (80%)    
[2174.103s][info][gc,heap     ] GC(277) y:  Promoted:         -                  -                 0M (0%)            0M (0%)     
[2174.103s][info][gc,heap     ] GC(277) y: Compacted:         -                  -                  -                31M (0%)     
[2174.103s][info][gc,phases   ] GC(277) y: Young Generation 7270M(89%)->716M(9%) 0.143s
[2174.103s][info][gc          ] GC(277) Minor Collection (Allocation Rate) 7270M(89%)->716M(9%) 0.144s
