OpenJDK 64-Bit Server VM (25.412-b1) for windows-amd64 JRE (1.8.0_412-b1), built on Apr 23 2024 12:00:37 by "Administrator" with MS VC++ 10.0 (VS2010)
Memory: 4k page, physical 16485540k(5646788k free), swap 27297060k(11766592k free)
CommandLine flags: -XX:ActiveProcessorCount=8 -XX:InitialHeapSize=8589934592 -XX:MaxHeapSize=8589934592 -XX:+PrintGC -XX:+PrintGCDetails -XX:+PrintGCTimeStamps -XX:+UseCompressedClassPointers -XX:+UseCompressedOops -XX:-UseLargePagesIndividualAllocation -XX:+UseSerialGC 
11.923: [Full GC (Metadata GC Threshold) 11.923: [Tenured: 0K->10531K(5592448K), 0.0260043 secs] 1193789K->10531K(8108992K), [Metaspace: 20645K->20645K(1069056K)], 0.0262533 secs] [Times: user=0.02 sys=0.00, real=0.03 secs] 
12.678: [Full GC (Metadata GC Threshold) 12.681: [Tenured: 10531K->48200K(5592448K), 0.1151094 secs] 361597K->48200K(8108992K), [Metaspace: 33572K->33530K(1081344K)], 0.1188630 secs] [Times: user=0.11 sys=0.02, real=0.12 secs] 
13.838: [GC (Allocation Failure) 13.838: [DefNew: 2236928K->49403K(2516544K), 0.1884203 secs] 2285128K->97604K(8108992K), 0.1885123 secs] [Times: user=0.38 sys=0.01, real=0.19 secs] 
14.486: [GC (Allocation Failure) 14.486: [DefNew: 2286331K->44009K(2516544K), 0.0637031 secs] 2334532K->92210K(8108992K), 0.0637935 secs] [Times: user=0.05 sys=0.02, real=0.06 secs] 
14.994: [GC (Allocation Failure) 14.994: [DefNew: 2280937K->43325K(2516544K), 0.0587689 secs] 2329138K->91526K(8108992K), 0.0588464 secs] [Times: user=0.11 sys=0.00, real=0.06 secs] 
15.509: [GC (Allocation Failure) 15.509: [DefNew: 2280253K->44069K(2516544K), 0.0612685 secs] 2328454K->92270K(8108992K), 0.0613598 secs] [Times: user=0.09 sys=0.00, real=0.06 secs] 
16.037: [GC (Allocation Failure) 16.037: [DefNew: 2280997K->48065K(2516544K), 0.0861753 secs] 2329198K->96265K(8108992K), 0.0862864 secs] [Times: user=0.25 sys=0.02, real=0.09 secs] 
17.132: [Full GC (Metadata GC Threshold) 17.132: [Tenured: 48200K->130156K(5592448K), 0.3978028 secs] 1098261K->130156K(8108992K), [Metaspace: 55462K->55381K(1099776K)], 0.3979317 secs] [Times: user=0.39 sys=0.02, real=0.40 secs] 
30.577: [GC (Allocation Failure) 30.577: [DefNew: 2236928K->138198K(2516544K), 0.1096163 secs] 2367084K->268354K(8108992K), 0.1096848 secs] [Times: user=0.09 sys=0.02, real=0.11 secs] 
43.573: [GC (Allocation Failure) 43.573: [DefNew: 2375126K->230932K(2516544K), 0.1548213 secs] 2505282K->361089K(8108992K), 0.1548893 secs] [Times: user=0.13 sys=0.03, real=0.15 secs] 
56.865: [GC (Allocation Failure) 56.865: [DefNew: 2467860K->209402K(2516544K), 0.1974645 secs] 2598017K->459964K(8108992K), 0.1975197 secs] [Times: user=0.17 sys=0.03, real=0.20 secs] 
70.761: [GC (Allocation Failure) 70.761: [DefNew: 2446330K->212706K(2516544K), 0.1589432 secs] 2696892K->555321K(8108992K), 0.1589860 secs] [Times: user=0.14 sys=0.03, real=0.16 secs] 
84.132: [GC (Allocation Failure) 84.132: [DefNew: 2449634K->198195K(2516544K), 0.1654378 secs] 2792249K->642002K(8108992K), 0.1655163 secs] [Times: user=0.14 sys=0.03, real=0.17 secs] 
97.642: [GC (Allocation Failure) 97.642: [DefNew: 2435123K->191761K(2516544K), 0.1585402 secs] 2878930K->729841K(8108992K), 0.1585985 secs] [Times: user=0.14 sys=0.02, real=0.16 secs] 
111.312: [GC (Allocation Failure) 111.312: [DefNew: 2428689K->194995K(2516544K), 0.1536856 secs] 2966769K->819145K(8108992K), 0.1537527 secs] [Times: user=0.11 sys=0.03, real=0.15 secs] 
124.515: [GC (Allocation Failure) 124.515: [DefNew: 2431923K->190015K(2516544K), 0.1567790 secs] 3056073K->901873K(8108992K), 0.1568357 secs] [Times: user=0.16 sys=0.00, real=0.16 secs] 
139.868: [GC (Allocation Failure) 139.868: [DefNew: 2426943K->193256K(2516544K), 0.1637388 secs] 3138801K->993573K(8108992K), 0.1638111 secs] [Times: user=0.17 sys=0.00, real=0.16 secs] 
153.757: [GC (Allocation Failure) 153.757: [DefNew: 2430184K->195637K(2516544K), 0.1439804 secs] 3230501K->1079603K(8108992K), 0.1440547 secs] [Times: user=0.14 sys=0.00, real=0.14 secs] 
167.915: [GC (Allocation Failure) 167.915: [DefNew: 2432565K->190579K(2516544K), 0.1485566 secs] 3316531K->1167228K(8108992K), 0.1486109 secs] [Times: user=0.16 sys=0.00, real=0.15 secs] 
182.102: [GC (Allocation Failure) 182.102: [DefNew: 2427507K->188128K(2516544K), 0.1534028 secs] 3404156K->1249517K(8108992K), 0.1534695 secs] [Times: user=0.16 sys=0.00, real=0.15 secs] 
201.046: [GC (Allocation Failure) 201.046: [DefNew: 2425056K->207739K(2516544K), 0.2128924 secs] 3486445K->1356428K(8108992K), 0.2129508 secs] [Times: user=0.19 sys=0.02, real=0.21 secs] 
220.283: [GC (Allocation Failure) 220.283: [DefNew: 2444667K->240793K(2516544K), 0.1716477 secs] 3593356K->1473294K(8108992K), 0.1717085 secs] [Times: user=0.14 sys=0.03, real=0.17 secs] 
239.337: [GC (Allocation Failure) 239.337: [DefNew: 2477721K->245156K(2516544K), 0.1919316 secs] 3710222K->1588341K(8108992K), 0.1920041 secs] [Times: user=0.19 sys=0.00, real=0.19 secs] 
258.471: [GC (Allocation Failure) 258.471: [DefNew: 2482084K->246145K(2516544K), 0.1919238 secs] 3825269K->1705304K(8108992K), 0.1919694 secs] [Times: user=0.17 sys=0.02, real=0.19 secs] 
277.135: [GC (Allocation Failure) 277.135: [DefNew: 2483073K->248646K(2516544K), 0.1938818 secs] 3942232K->1823263K(8108992K), 0.1939424 secs] [Times: user=0.20 sys=0.00, real=0.19 secs] 
295.907: [GC (Allocation Failure) 295.907: [DefNew: 2485574K->246926K(2516544K), 0.1918649 secs] 4060191K->1938665K(8108992K), 0.1919212 secs] [Times: user=0.16 sys=0.03, real=0.19 secs] 
314.819: [GC (Allocation Failure) 314.819: [DefNew: 2483854K->247377K(2516544K), 0.1881849 secs] 4175593K->2055531K(8108992K), 0.1882448 secs] [Times: user=0.16 sys=0.03, real=0.19 secs] 
332.445: [GC (Allocation Failure) 332.445: [DefNew: 2484305K->238707K(2516544K), 0.4689849 secs] 4292459K->2162489K(8108992K), 0.4690501 secs] [Times: user=0.13 sys=0.34, real=0.47 secs] 
352.554: [GC (Allocation Failure) 352.554: [DefNew: 2475635K->238301K(2516544K), 0.5611759 secs] 4399417K->2277858K(8108992K), 0.5612346 secs] [Times: user=0.20 sys=0.36, real=0.56 secs] 
372.507: [GC (Allocation Failure) 372.507: [DefNew: 2475229K->248599K(2516544K), 0.4649572 secs] 4514786K->2397026K(8108992K), 0.4650184 secs] [Times: user=0.20 sys=0.27, real=0.46 secs] 
393.865: [GC (Allocation Failure) 393.865: [DefNew: 2485527K->239937K(2516544K), 0.4738338 secs] 4633954K->2504428K(8108992K), 0.4738929 secs] [Times: user=0.16 sys=0.33, real=0.47 secs] 
414.187: [GC (Allocation Failure) 414.187: [DefNew: 2476865K->244572K(2516544K), 0.5127539 secs] 4741356K->2626636K(8108992K), 0.5128338 secs] [Times: user=0.17 sys=0.33, real=0.51 secs] 
434.259: [GC (Allocation Failure) 434.259: [DefNew: 2481500K->247657K(2516544K), 0.1937720 secs] 4863564K->2740054K(8108992K), 0.1938321 secs] [Times: user=0.17 sys=0.03, real=0.19 secs] 
453.723: [GC (Allocation Failure) 453.723: [DefNew: 2484585K->239464K(2516544K), 0.2033631 secs] 4976982K->2851479K(8108992K), 0.2034299 secs] [Times: user=0.17 sys=0.03, real=0.20 secs] 
472.954: [GC (Allocation Failure) 472.954: [DefNew: 2476392K->237134K(2516544K), 0.3094432 secs] 5088407K->2962492K(8108992K), 0.3094908 secs] [Times: user=0.19 sys=0.13, real=0.31 secs] 
492.419: [GC (Allocation Failure) 492.419: [DefNew: 2474062K->236506K(2516544K), 0.2277345 secs] 5199420K->3072886K(8108992K), 0.2278009 secs] [Times: user=0.20 sys=0.03, real=0.23 secs] 
512.115: [GC (GCLocker Initiated GC) 512.116: [DefNew: 2473435K->235006K(2516544K), 0.1837271 secs] 5309814K->3182039K(8108992K), 0.1837754 secs] [Times: user=0.17 sys=0.02, real=0.18 secs] 
531.739: [GC (Allocation Failure) 531.739: [DefNew: 2471934K->231343K(2516544K), 0.1837800 secs] 5418967K->3289838K(8108992K), 0.1838498 secs] [Times: user=0.17 sys=0.01, real=0.18 secs] 
551.359: [GC (Allocation Failure) 551.359: [DefNew: 2468271K->229549K(2516544K), 0.1761658 secs] 5526766K->3396696K(8108992K), 0.1762287 secs] [Times: user=0.14 sys=0.03, real=0.18 secs] 
570.720: [GC (Allocation Failure) 570.720: [DefNew: 2466477K->231670K(2516544K), 0.2081474 secs] 5633624K->3506646K(8108992K), 0.2082033 secs] [Times: user=0.14 sys=0.06, real=0.21 secs] 
590.118: [GC (Allocation Failure) 590.118: [DefNew: 2468598K->234628K(2516544K), 0.1809847 secs] 5743574K->3616986K(8108992K), 0.1810400 secs] [Times: user=0.16 sys=0.03, real=0.18 secs] 
609.521: [GC (Allocation Failure) 609.521: [DefNew: 2471556K->236007K(2516544K), 0.1744574 secs] 5853914K->3727591K(8108992K), 0.1745180 secs] [Times: user=0.17 sys=0.00, real=0.17 secs] 
628.690: [GC (Allocation Failure) 628.690: [DefNew: 2472935K->233642K(2516544K), 0.1848597 secs] 5964519K->3836018K(8108992K), 0.1849151 secs] [Times: user=0.17 sys=0.02, real=0.19 secs] 
647.807: [GC (Allocation Failure) 647.807: [DefNew: 2470570K->229338K(2516544K), 0.2341229 secs] 6072946K->3941939K(8108992K), 0.2341820 secs] [Times: user=0.16 sys=0.08, real=0.23 secs] 
667.619: [GC (Allocation Failure) 667.619: [DefNew: 2466266K->232295K(2516544K), 0.1816111 secs] 6178867K->4053169K(8108992K), 0.1816680 secs] [Times: user=0.16 sys=0.00, real=0.18 secs] 
687.555: [GC (Allocation Failure) 687.555: [DefNew: 2469223K->236330K(2516544K), 0.2608400 secs] 6290097K->4163204K(8108992K), 0.2609008 secs] [Times: user=0.19 sys=0.02, real=0.26 secs] 
707.486: [GC (Allocation Failure) 707.486: [DefNew: 2473258K->237132K(2516544K), 0.2266290 secs] 6400132K->4274641K(8108992K), 0.2266897 secs] [Times: user=0.17 sys=0.05, real=0.23 secs] 
726.718: [GC (Allocation Failure) 726.718: [DefNew: 2474060K->231992K(2516544K), 0.1823320 secs] 6511569K->4380484K(8108992K), 0.1823925 secs] [Times: user=0.16 sys=0.01, real=0.18 secs] 
746.755: [GC (Allocation Failure) 746.755: [DefNew: 2468920K->227230K(2516544K), 0.1762927 secs] 6617412K->4486437K(8108992K), 0.1763444 secs] [Times: user=0.16 sys=0.02, real=0.18 secs] 
766.735: [GC (Allocation Failure) 766.735: [DefNew: 2464158K->226705K(2516544K), 0.2153204 secs] 6723365K->4591998K(8108992K), 0.2153713 secs] [Times: user=0.17 sys=0.05, real=0.22 secs] 
786.896: [GC (Allocation Failure) 786.896: [DefNew: 2463633K->228596K(2516544K), 0.1991765 secs] 6828926K->4700574K(8108992K), 0.1992372 secs] [Times: user=0.19 sys=0.01, real=0.20 secs] 
807.003: [GC (Allocation Failure) 807.003: [DefNew: 2465524K->228295K(2516544K), 0.2291141 secs] 6937502K->4805970K(8108992K), 0.2291789 secs] [Times: user=0.20 sys=0.02, real=0.23 secs] 
826.167: [GC (Allocation Failure) 826.167: [DefNew: 2465223K->221407K(2516544K), 0.1776067 secs] 7042898K->4907790K(8108992K), 0.1776635 secs] [Times: user=0.16 sys=0.00, real=0.18 secs] 
845.199: [GC (Allocation Failure) 845.199: [DefNew: 2458335K->220146K(2516544K), 0.1753462 secs] 7144718K->5011518K(8108992K), 0.1753997 secs] [Times: user=0.16 sys=0.02, real=0.17 secs] 
864.825: [GC (Allocation Failure) 864.825: [DefNew: 2457074K->220078K(2516544K), 0.1703393 secs] 7248446K->5113287K(8108992K), 0.1703979 secs] [Times: user=0.16 sys=0.02, real=0.17 secs] 
884.417: [GC (Allocation Failure) 884.417: [DefNew: 2457006K->221963K(2516544K), 0.1796790 secs] 7350215K->5218944K(8108992K), 0.1797484 secs] [Times: user=0.14 sys=0.02, real=0.18 secs] 
904.078: [GC (Allocation Failure) 904.078: [DefNew: 2458891K->228217K(2516544K), 0.1944624 secs] 7455872K->5327480K(8108992K), 0.1945488 secs] [Times: user=0.17 sys=0.01, real=0.20 secs] 
923.424: [GC (Allocation Failure) 923.424: [DefNew: 2465145K->228106K(2516544K), 0.2068069 secs] 7564408K->5431907K(8108992K), 0.2068625 secs] [Times: user=0.14 sys=0.06, real=0.21 secs] 
944.561: [GC (Allocation Failure) 944.561: [DefNew: 2465034K->225008K(2516544K), 0.1677824 secs] 7668835K->5536887K(8108992K), 0.1678409 secs] [Times: user=0.14 sys=0.01, real=0.17 secs] 
966.554: [GC (Allocation Failure) 966.554: [DefNew: 2461936K->226107K(2516544K), 0.1683308 secs] 7773815K->5643411K(8108992K), 0.1683908 secs] [Times: user=0.16 sys=0.02, real=0.17 secs] 
988.597: [GC (Allocation Failure) 988.598: [DefNew: 2463035K->225039K(2516544K), 0.1758109 secs] 7880339K->5748711K(8108992K), 0.1758748 secs] [Times: user=0.14 sys=0.03, real=0.18 secs] 
1010.598: [GC (Allocation Failure) 1010.599: [DefNew: 2461967K->2461967K(2516544K), 0.0000119 secs]1010.599: [Tenured: 5523672K->866540K(5592448K), 12.0046667 secs] 7985639K->866540K(8108992K), [Metaspace: 71521K->71521K(1114112K)], 12.0047494 secs] [Times: user=1.53 sys=0.77, real=12.00 secs] 
1044.915: [GC (Allocation Failure) 1044.915: [DefNew: 2236928K->116881K(2516544K), 0.0880410 secs] 3103468K->983421K(8108992K), 0.0881030 secs] [Times: user=0.09 sys=0.00, real=0.09 secs] 
