OpenJDK 64-Bit Server VM (25.345-b01) for windows-amd64 JRE (1.8.0_345-b01), built on Aug  3 2022 09:57:30 by "build" with MS VC++ 10.0 (VS2010)
Memory: 4k page, physical 16485540k(7412764k free), swap 28358524k(12494928k free)
CommandLine flags: -XX:ActiveProcessorCount=8 -XX:InitialHeapSize=8589934592 -XX:MaxHeapSize=8589934592 -XX:+PrintGC -XX:+PrintGCDetails -XX:+PrintGCTimeStamps -XX:+UseCompressedClassPointers -XX:+UseCompressedOops -XX:-UseLargePagesIndividualAllocation -XX:+UseSerialGC 
10.131: [Full GC (Metadata GC Threshold) 10.131: [Tenured: 0K->10302K(5592448K), 0.0252206 secs] 1195556K->10302K(8108992K), [Metaspace: 20634K->20634K(1069056K)], 0.0254043 secs] [Times: user=0.03 sys=0.00, real=0.03 secs] 
10.949: [Full GC (Metadata GC Threshold) 10.949: [Tenured: 10302K->48162K(5592448K), 0.1445838 secs] 361447K->48162K(8108992K), [Metaspace: 33720K->33720K(1081344K)], 0.1448045 secs] [Times: user=0.16 sys=0.02, real=0.14 secs] 
12.080: [GC (Allocation Failure) 12.080: [DefNew: 2236928K->49863K(2516544K), 0.1566299 secs] 2285090K->98025K(8108992K), 0.1566889 secs] [Times: user=0.13 sys=0.03, real=0.16 secs] 
12.752: [GC (Allocation Failure) 12.752: [DefNew: 2286791K->44085K(2516544K), 0.0877399 secs] 2334953K->92247K(8108992K), 0.0878182 secs] [Times: user=0.23 sys=0.00, real=0.09 secs] 
13.344: [GC (Allocation Failure) 13.344: [DefNew: 2281013K->43250K(2516544K), 0.0653922 secs] 2329175K->91412K(8108992K), 0.0655027 secs] [Times: user=0.08 sys=0.00, real=0.07 secs] 
13.858: [GC (Allocation Failure) 13.858: [DefNew: 2280178K->44126K(2516544K), 0.0649015 secs] 2328340K->92289K(8108992K), 0.0650572 secs] [Times: user=0.16 sys=0.00, real=0.06 secs] 
14.347: [GC (Allocation Failure) 14.347: [DefNew: 2281054K->48369K(2516544K), 0.0726956 secs] 2329217K->96532K(8108992K), 0.0727713 secs] [Times: user=0.09 sys=0.00, real=0.07 secs] 
15.314: [Full GC (Metadata GC Threshold) 15.314: [Tenured: 48162K->130065K(5592448K), 0.3201743 secs] 753879K->130065K(8108992K), [Metaspace: 55451K->55451K(1099776K)], 0.3202948 secs] [Times: user=0.31 sys=0.00, real=0.32 secs] 
31.030: [GC (Allocation Failure) 31.030: [DefNew: 2236928K->151926K(2516544K), 0.1313156 secs] 2366993K->281992K(8108992K), 0.1313875 secs] [Times: user=0.14 sys=0.00, real=0.13 secs] 
45.246: [GC (Allocation Failure) 45.247: [DefNew: 2388854K->114895K(2516544K), 0.1564919 secs] 2518920K->359243K(8108992K), 0.1565530 secs] [Times: user=0.13 sys=0.03, real=0.16 secs] 
60.635: [GC (Allocation Failure) 60.635: [DefNew: 2351823K->220045K(2516544K), 0.1243945 secs] 2596171K->464393K(8108992K), 0.1244552 secs] [Times: user=0.13 sys=0.00, real=0.12 secs] 
75.928: [GC (Allocation Failure) 75.928: [DefNew: 2456973K->204233K(2516544K), 0.1613932 secs] 2701321K->521211K(8108992K), 0.1614464 secs] [Times: user=0.14 sys=0.02, real=0.16 secs] 
91.774: [GC (Allocation Failure) 91.774: [DefNew: 2441161K->221203K(2516544K), 0.1616389 secs] 2758139K->628066K(8108992K), 0.1616963 secs] [Times: user=0.13 sys=0.03, real=0.16 secs] 
107.657: [GC (Allocation Failure) 107.657: [DefNew: 2458131K->225083K(2516544K), 0.1772928 secs] 2864994K->731239K(8108992K), 0.1773545 secs] [Times: user=0.16 sys=0.01, real=0.18 secs] 
123.174: [GC (Allocation Failure) 123.174: [DefNew: 2462011K->217850K(2516544K), 0.1687800 secs] 2968167K->829093K(8108992K), 0.1688576 secs] [Times: user=0.17 sys=0.00, real=0.17 secs] 
137.694: [GC (Allocation Failure) 137.694: [DefNew: 2454778K->205743K(2516544K), 0.1618337 secs] 3066021K->918773K(8108992K), 0.1618869 secs] [Times: user=0.14 sys=0.02, real=0.16 secs] 
153.158: [GC (Allocation Failure) 153.158: [DefNew: 2442671K->205731K(2516544K), 0.1661450 secs] 3155701K->1015385K(8108992K), 0.1662096 secs] [Times: user=0.16 sys=0.00, real=0.17 secs] 
168.656: [GC (Allocation Failure) 168.656: [DefNew: 2442659K->209991K(2516544K), 0.1522774 secs] 3252313K->1110902K(8108992K), 0.1523373 secs] [Times: user=0.14 sys=0.00, real=0.15 secs] 
188.087: [GC (Allocation Failure) 188.087: [DefNew: 2446919K->233103K(2516544K), 0.1705647 secs] 3347830K->1229737K(8108992K), 0.1706227 secs] [Times: user=0.16 sys=0.01, real=0.17 secs] 
209.328: [GC (Allocation Failure) 209.328: [DefNew: 2470031K->264979K(2516544K), 0.1926616 secs] 3466665K->1357327K(8108992K), 0.1927304 secs] [Times: user=0.19 sys=0.00, real=0.19 secs] 
232.548: [GC (Allocation Failure) 232.548: [DefNew: 2501907K->156965K(2516544K), 0.2332639 secs] 3594255K->1500425K(8108992K), 0.2333257 secs] [Times: user=0.20 sys=0.03, real=0.23 secs] 
256.659: [GC (Allocation Failure) 256.659: [DefNew: 2393893K->160711K(2516544K), 0.1764630 secs] 3737353K->1648075K(8108992K), 0.1765107 secs] [Times: user=0.17 sys=0.00, real=0.18 secs] 
279.508: [GC (Allocation Failure) 279.508: [DefNew: 2397639K->155728K(2516544K), 0.1682909 secs] 3885003K->1789194K(8108992K), 0.1683359 secs] [Times: user=0.14 sys=0.03, real=0.17 secs] 
301.753: [GC (Allocation Failure) 301.753: [DefNew: 2392656K->157182K(2516544K), 0.1723306 secs] 4026122K->1932205K(8108992K), 0.1723951 secs] [Times: user=0.13 sys=0.05, real=0.17 secs] 
323.496: [GC (Allocation Failure) 323.496: [DefNew: 2394110K->149212K(2516544K), 0.1701974 secs] 4169133K->2066237K(8108992K), 0.1702532 secs] [Times: user=0.13 sys=0.05, real=0.17 secs] 
346.684: [GC (Allocation Failure) 346.684: [DefNew: 2386140K->165189K(2516544K), 0.1790282 secs] 4303165K->2216506K(8108992K), 0.1790869 secs] [Times: user=0.16 sys=0.03, real=0.18 secs] 
370.082: [GC (Allocation Failure) 370.082: [DefNew: 2402117K->166830K(2516544K), 0.1889120 secs] 4453434K->2368730K(8108992K), 0.1889829 secs] [Times: user=0.19 sys=0.00, real=0.19 secs] 
393.566: [GC (Allocation Failure) 393.566: [DefNew: 2403758K->163356K(2516544K), 0.1937086 secs] 4605658K->2515293K(8108992K), 0.1937702 secs] [Times: user=0.14 sys=0.05, real=0.19 secs] 
417.823: [GC (Allocation Failure) 417.823: [DefNew: 2400284K->164945K(2516544K), 0.1881406 secs] 4752221K->2664173K(8108992K), 0.1881915 secs] [Times: user=0.17 sys=0.02, real=0.19 secs] 
442.409: [GC (Allocation Failure) 442.409: [DefNew: 2401873K->171087K(2516544K), 0.1876612 secs] 4901101K->2819998K(8108992K), 0.1877283 secs] [Times: user=0.14 sys=0.05, real=0.19 secs] 
466.237: [GC (Allocation Failure) 466.237: [DefNew: 2408015K->173412K(2516544K), 0.1944175 secs] 5056926K->2977224K(8108992K), 0.1944686 secs] [Times: user=0.14 sys=0.05, real=0.19 secs] 
489.911: [GC (Allocation Failure) 489.911: [DefNew: 2410340K->169709K(2516544K), 0.1942943 secs] 5214152K->3130455K(8108992K), 0.1943597 secs] [Times: user=0.14 sys=0.05, real=0.19 secs] 
513.371: [GC (Allocation Failure) 513.371: [DefNew: 2406637K->168969K(2516544K), 0.1923574 secs] 5367383K->3283036K(8108992K), 0.1924126 secs] [Times: user=0.16 sys=0.05, real=0.19 secs] 
537.189: [GC (Allocation Failure) 537.189: [DefNew: 2405897K->170696K(2516544K), 0.1950730 secs] 5519964K->3437321K(8108992K), 0.1951255 secs] [Times: user=0.14 sys=0.05, real=0.20 secs] 
561.081: [GC (Allocation Failure) 561.081: [DefNew: 2407624K->171645K(2516544K), 0.1989091 secs] 5674249K->3593186K(8108992K), 0.1989617 secs] [Times: user=0.17 sys=0.03, real=0.20 secs] 
585.061: [GC (Allocation Failure) 585.061: [DefNew: 2408573K->172445K(2516544K), 0.1950874 secs] 5830114K->3749642K(8108992K), 0.1951439 secs] [Times: user=0.20 sys=0.00, real=0.19 secs] 
608.808: [GC (Allocation Failure) 608.808: [DefNew: 2409373K->173246K(2516544K), 0.3243827 secs] 5986570K->3907096K(8108992K), 0.3244454 secs] [Times: user=0.14 sys=0.19, real=0.32 secs] 
632.237: [GC (Allocation Failure) 632.237: [DefNew: 2410174K->171163K(2516544K), 0.6279210 secs] 6144024K->4061026K(8108992K), 0.6279713 secs] [Times: user=0.16 sys=0.47, real=0.63 secs] 
656.201: [GC (Allocation Failure) 656.201: [DefNew: 2408091K->171064K(2516544K), 0.6861764 secs] 6297954K->4215470K(8108992K), 0.6862342 secs] [Times: user=0.16 sys=0.53, real=0.69 secs] 
682.684: [GC (Allocation Failure) 682.685: [DefNew: 2407992K->167140K(2516544K), 0.9394180 secs] 6452398K->4366330K(8108992K), 0.9419658 secs] [Times: user=0.17 sys=0.78, real=0.94 secs] 
715.262: [GC (Allocation Failure) 715.263: [DefNew: 2404068K->161587K(2516544K), 1.2487415 secs] 6603258K->4512392K(8108992K), 1.2626330 secs] [Times: user=0.14 sys=0.95, real=1.27 secs] 
747.142: [GC (Allocation Failure) 747.142: [DefNew: 2398515K->174352K(2516544K), 1.1107585 secs] 6749320K->4673561K(8108992K), 1.1108463 secs] [Times: user=0.23 sys=0.72, real=1.11 secs] 
774.128: [GC (Allocation Failure) 774.128: [DefNew: 2411280K->169567K(2516544K), 0.6026938 secs] 6910489K->4828000K(8108992K), 0.6027438 secs] [Times: user=0.19 sys=0.41, real=0.60 secs] 
800.362: [GC (Allocation Failure) 800.362: [DefNew: 2406495K->170606K(2516544K), 0.2348483 secs] 7064928K->4983179K(8108992K), 0.2348967 secs] [Times: user=0.20 sys=0.03, real=0.23 secs] 
825.980: [GC (Allocation Failure) 825.980: [DefNew: 2407534K->168260K(2516544K), 0.2083951 secs] 7220107K->5135729K(8108992K), 0.2084394 secs] [Times: user=0.20 sys=0.02, real=0.21 secs] 
851.370: [GC (Allocation Failure) 851.370: [DefNew: 2405188K->168605K(2516544K), 0.2848187 secs] 7372657K->5288616K(8108992K), 0.2848647 secs] [Times: user=0.19 sys=0.11, real=0.28 secs] 
877.081: [GC (Allocation Failure) 877.081: [DefNew: 2405533K->168958K(2516544K), 0.2123814 secs] 7525544K->5442209K(8108992K), 0.2124276 secs] [Times: user=0.19 sys=0.01, real=0.21 secs] 
902.649: [GC (Allocation Failure) 902.649: [DefNew: 2405886K->171487K(2516544K), 0.3217134 secs] 7679137K->5598788K(8108992K), 0.3217564 secs] [Times: user=0.23 sys=0.00, real=0.32 secs] 
928.009: [GC (Allocation Failure) 928.009: [DefNew: 2408415K->2408415K(2516544K), 0.0000108 secs]928.009: [Tenured: 5427301K->921897K(5592448K), 14.1408677 secs] 7835716K->921897K(8108992K), [Metaspace: 71405K->71405K(1114112K)], 14.1410783 secs] [Times: user=1.53 sys=2.30, real=14.14 secs] 
958.124: [GC (Allocation Failure) 958.124: [DefNew: 2236928K->279616K(2516544K), 1.0316156 secs] 3158825K->1292998K(8108992K), 1.0316613 secs] [Times: user=0.31 sys=0.39, real=1.03 secs] 
980.508: [GC (Allocation Failure) 980.508: [DefNew: 2516544K->265655K(2516544K), 0.7956401 secs] 3529926K->1553559K(8108992K), 0.7956847 secs] [Times: user=0.28 sys=0.06, real=0.80 secs] 
1004.593: [GC (Allocation Failure) 1004.593: [DefNew: 2502583K->232197K(2516544K), 0.5549304 secs] 3790487K->1770499K(8108992K), 0.5549752 secs] [Times: user=0.28 sys=0.00, real=0.56 secs] 
1028.120: [GC (Allocation Failure) 1028.120: [DefNew: 2469125K->229494K(2516544K), 0.3923654 secs] 4007427K->1985005K(8108992K), 0.3924097 secs] [Times: user=0.25 sys=0.02, real=0.39 secs] 
1050.892: [GC (Allocation Failure) 1050.892: [DefNew: 2466422K->221884K(2516544K), 0.3554731 secs] 4221933K->2193591K(8108992K), 0.3555170 secs] [Times: user=0.23 sys=0.05, real=0.36 secs] 
1076.442: [GC (Allocation Failure) 1076.442: [DefNew: 2458812K->246404K(2516544K), 0.4397168 secs] 4430519K->2426506K(8108992K), 0.4397611 secs] [Times: user=0.28 sys=0.03, real=0.44 secs] 
