OpenJDK 64-Bit Server VM (25.412-b1) for windows-amd64 JRE (1.8.0_412-b1), built on Apr 23 2024 12:00:37 by "Administrator" with MS VC++ 10.0 (VS2010)
Memory: 4k page, physical 16485540k(8184048k free), swap 28358524k(13831584k free)
CommandLine flags: -XX:ActiveProcessorCount=8 -XX:InitialHeapSize=8589934592 -XX:MaxHeapSize=8589934592 -XX:+PrintGC -XX:+PrintGCDetails -XX:+PrintGCTimeStamps -XX:+UseCompressedClassPointers -XX:+UseCompressedOops -XX:+UseG1GC -XX:-UseLargePagesIndividualAllocation 
1.379: [GC pause (Metadata GC Threshold) (young) (initial-mark), 0.0199432 secs]
   [Parallel Time: 15.6 ms, GC Workers: 8]
      [GC Worker Start (ms): Min: 1379.7, Avg: 1379.8, Max: 1379.8, Diff: 0.2]
      [Ext Root Scanning (ms): Min: 13.8, Avg: 13.9, Max: 14.3, Diff: 0.5, Sum: 111.5]
      [Update RS (ms): Min: 0.0, Avg: 0.0, Max: 0.0, Diff: 0.0, Sum: 0.0]
         [Processed Buffers: Min: 0, Avg: 0.0, Max: 0, Diff: 0, Sum: 0]
      [Scan RS (ms): Min: 0.0, Avg: 0.0, Max: 0.0, Diff: 0.0, Sum: 0.0]
      [Code Root Scanning (ms): Min: 0.0, Avg: 0.2, Max: 0.7, Diff: 0.6, Sum: 1.5]
      [Object Copy (ms): Min: 0.3, Avg: 0.5, Max: 0.8, Diff: 0.5, Sum: 4.4]
      [Termination (ms): Min: 0.3, Avg: 0.6, Max: 0.7, Diff: 0.4, Sum: 4.5]
         [Termination Attempts: Min: 12, Avg: 20.4, Max: 38, Diff: 26, Sum: 163]
      [GC Worker Other (ms): Min: 0.0, Avg: 0.0, Max: 0.0, Diff: 0.0, Sum: 0.1]
      [GC Worker Total (ms): Min: 15.1, Avg: 15.3, Max: 15.4, Diff: 0.3, Sum: 122.0]
      [GC Worker End (ms): Min: 1394.9, Avg: 1395.0, Max: 1395.1, Diff: 0.2]
   [Code Root Fixup: 0.0 ms]
   [Code Root Purge: 0.0 ms]
   [Clear CT: 0.1 ms]
   [Other: 4.2 ms]
      [Choose CSet: 0.0 ms]
      [Ref Proc: 3.2 ms]
      [Ref Enq: 0.0 ms]
      [Redirty Cards: 0.1 ms]
      [Humongous Register: 0.0 ms]
      [Humongous Reclaim: 0.1 ms]
      [Free CSet: 0.3 ms]
   [Eden: 77824.0K(408.0M)->0.0B(388.0M) Survivors: 0.0B->20480.0K Heap: 249.2M(8192.0M)->17410.5K(8192.0M)]
 [Times: user=0.02 sys=0.00, real=0.02 secs] 
1.400: [GC concurrent-root-region-scan-start]
1.405: [GC concurrent-root-region-scan-end, 0.0043918 secs]
1.405: [GC concurrent-mark-start]
1.405: [GC concurrent-mark-end, 0.0004622 secs]
1.405: [GC remark 1.405: [Finalize Marking, 0.0003096 secs] 1.406: [GC ref-proc, 0.0000722 secs] 1.406: [Unloading, 0.0020257 secs], 0.0026123 secs]
 [Times: user=0.00 sys=0.00, real=0.00 secs] 
1.408: [GC cleanup 21508K->21508K(8192M), 0.0009688 secs]
 [Times: user=0.00 sys=0.00, real=0.00 secs] 
2.198: [GC pause (Metadata GC Threshold) (young) (initial-mark), 0.0707719 secs]
   [Parallel Time: 65.9 ms, GC Workers: 8]
      [GC Worker Start (ms): Min: 2197.9, Avg: 2198.0, Max: 2198.0, Diff: 0.1]
      [Ext Root Scanning (ms): Min: 58.0, Avg: 58.5, Max: 60.0, Diff: 2.0, Sum: 467.9]
      [Update RS (ms): Min: 0.0, Avg: 0.0, Max: 0.0, Diff: 0.0, Sum: 0.0]
         [Processed Buffers: Min: 0, Avg: 0.0, Max: 0, Diff: 0, Sum: 0]
      [Scan RS (ms): Min: 0.0, Avg: 0.0, Max: 0.0, Diff: 0.0, Sum: 0.1]
      [Code Root Scanning (ms): Min: 0.0, Avg: 0.6, Max: 1.6, Diff: 1.6, Sum: 4.8]
      [Object Copy (ms): Min: 5.3, Avg: 6.2, Max: 7.4, Diff: 2.0, Sum: 49.9]
      [Termination (ms): Min: 0.1, Avg: 0.2, Max: 0.3, Diff: 0.2, Sum: 1.3]
         [Termination Attempts: Min: 1, Avg: 1.0, Max: 1, Diff: 0, Sum: 8]
      [GC Worker Other (ms): Min: 0.0, Avg: 0.0, Max: 0.0, Diff: 0.0, Sum: 0.0]
      [GC Worker Total (ms): Min: 65.4, Avg: 65.5, Max: 65.6, Diff: 0.2, Sum: 524.0]
      [GC Worker End (ms): Min: 2263.4, Avg: 2263.5, Max: 2263.6, Diff: 0.2]
   [Code Root Fixup: 0.2 ms]
   [Code Root Purge: 0.0 ms]
   [Clear CT: 0.5 ms]
   [Other: 4.2 ms]
      [Choose CSet: 0.0 ms]
      [Ref Proc: 3.2 ms]
      [Ref Enq: 0.0 ms]
      [Redirty Cards: 0.3 ms]
      [Humongous Register: 0.0 ms]
      [Humongous Reclaim: 0.0 ms]
      [Free CSet: 0.4 ms]
   [Eden: 240.0M(388.0M)->0.0B(356.0M) Survivors: 20480.0K->53248.0K Heap: 255.0M(8192.0M)->50226.8K(8192.0M)]
 [Times: user=0.42 sys=0.00, real=0.07 secs] 
2.269: [GC concurrent-root-region-scan-start]
2.302: [GC concurrent-root-region-scan-end, 0.0332122 secs]
2.302: [GC concurrent-mark-start]
2.302: [GC concurrent-mark-end, 0.0002955 secs]
2.302: [GC remark 2.302: [Finalize Marking, 0.0005478 secs] 2.303: [GC ref-proc, 0.0001209 secs] 2.303: [Unloading, 0.0042770 secs], 0.0054902 secs]
 [Times: user=0.00 sys=0.00, real=0.01 secs] 
2.308: [GC cleanup 82198K->82198K(8192M), 0.0012361 secs]
 [Times: user=0.03 sys=0.02, real=0.00 secs] 
2.581: [GC pause (G1 Evacuation Pause) (young) (initial-mark), 0.0773351 secs]
   [Parallel Time: 73.4 ms, GC Workers: 8]
      [GC Worker Start (ms): Min: 2580.9, Avg: 2581.0, Max: 2581.0, Diff: 0.0]
      [Ext Root Scanning (ms): Min: 48.4, Avg: 48.8, Max: 49.6, Diff: 1.2, Sum: 390.2]
      [Update RS (ms): Min: 0.0, Avg: 0.0, Max: 0.0, Diff: 0.0, Sum: 0.0]
         [Processed Buffers: Min: 0, Avg: 0.0, Max: 0, Diff: 0, Sum: 0]
      [Scan RS (ms): Min: 0.0, Avg: 0.0, Max: 0.0, Diff: 0.0, Sum: 0.1]
      [Code Root Scanning (ms): Min: 0.0, Avg: 0.4, Max: 2.3, Diff: 2.3, Sum: 3.3]
      [Object Copy (ms): Min: 21.3, Avg: 23.7, Max: 24.5, Diff: 3.2, Sum: 189.9]
      [Termination (ms): Min: 0.1, Avg: 0.1, Max: 0.2, Diff: 0.1, Sum: 1.0]
         [Termination Attempts: Min: 1, Avg: 1.0, Max: 1, Diff: 0, Sum: 8]
      [GC Worker Other (ms): Min: 0.0, Avg: 0.0, Max: 0.0, Diff: 0.0, Sum: 0.0]
      [GC Worker Total (ms): Min: 73.0, Avg: 73.1, Max: 73.1, Diff: 0.1, Sum: 584.5]
      [GC Worker End (ms): Min: 2654.0, Avg: 2654.0, Max: 2654.1, Diff: 0.1]
   [Code Root Fixup: 0.2 ms]
   [Code Root Purge: 0.0 ms]
   [Clear CT: 0.1 ms]
   [Other: 3.6 ms]
      [Choose CSet: 0.0 ms]
      [Ref Proc: 2.8 ms]
      [Ref Enq: 0.0 ms]
      [Redirty Cards: 0.2 ms]
      [Humongous Register: 0.0 ms]
      [Humongous Reclaim: 0.0 ms]
      [Free CSet: 0.3 ms]
   [Eden: 356.0M(356.0M)->0.0B(368.0M) Survivors: 53248.0K->40960.0K Heap: 405.0M(8192.0M)->84219.7K(8192.0M)]
 [Times: user=0.33 sys=0.00, real=0.08 secs] 
2.658: [GC concurrent-root-region-scan-start]
2.695: [GC concurrent-root-region-scan-end, 0.0370888 secs]
2.695: [GC concurrent-mark-start]
2.772: [GC concurrent-mark-end, 0.0765836 secs]
2.772: [GC remark 2.772: [Finalize Marking, 0.0001646 secs] 2.772: [GC ref-proc, 0.0002248 secs] 2.773: [Unloading, 0.0059433 secs], 0.0066824 secs]
 [Times: user=0.16 sys=0.00, real=0.01 secs] 
2.779: [GC cleanup 343M->343M(8192M), 0.0014779 secs]
 [Times: user=0.00 sys=0.00, real=0.00 secs] 
2.891: [GC pause (G1 Evacuation Pause) (young), 0.0197530 secs]
   [Parallel Time: 17.8 ms, GC Workers: 8]
      [GC Worker Start (ms): Min: 2891.5, Avg: 2891.5, Max: 2891.5, Diff: 0.0]
      [Ext Root Scanning (ms): Min: 0.3, Avg: 1.1, Max: 6.0, Diff: 5.6, Sum: 8.6]
      [Update RS (ms): Min: 0.0, Avg: 1.5, Max: 3.2, Diff: 3.2, Sum: 11.8]
         [Processed Buffers: Min: 0, Avg: 2.6, Max: 13, Diff: 13, Sum: 21]
      [Scan RS (ms): Min: 0.5, Avg: 2.5, Max: 3.4, Diff: 2.9, Sum: 19.8]
      [Code Root Scanning (ms): Min: 0.0, Avg: 0.0, Max: 0.1, Diff: 0.1, Sum: 0.2]
      [Object Copy (ms): Min: 11.2, Avg: 12.7, Max: 16.0, Diff: 4.8, Sum: 101.4]
      [Termination (ms): Min: 0.0, Avg: 0.0, Max: 0.0, Diff: 0.0, Sum: 0.3]
         [Termination Attempts: Min: 1, Avg: 1.0, Max: 1, Diff: 0, Sum: 8]
      [GC Worker Other (ms): Min: 0.0, Avg: 0.0, Max: 0.0, Diff: 0.0, Sum: 0.0]
      [GC Worker Total (ms): Min: 17.8, Avg: 17.8, Max: 17.8, Diff: 0.0, Sum: 142.2]
      [GC Worker End (ms): Min: 2909.3, Avg: 2909.3, Max: 2909.3, Diff: 0.0]
   [Code Root Fixup: 0.0 ms]
   [Code Root Purge: 0.0 ms]
   [Clear CT: 0.1 ms]
   [Other: 1.8 ms]
      [Choose CSet: 0.0 ms]
      [Ref Proc: 1.2 ms]
      [Ref Enq: 0.0 ms]
      [Redirty Cards: 0.1 ms]
      [Humongous Register: 0.1 ms]
      [Humongous Reclaim: 0.0 ms]
      [Free CSet: 0.3 ms]
   [Eden: 368.0M(368.0M)->0.0B(388.0M) Survivors: 40960.0K->20480.0K Heap: 450.2M(8192.0M)->90299.5K(8192.0M)]
 [Times: user=0.17 sys=0.00, real=0.02 secs] 
3.170: [GC pause (G1 Evacuation Pause) (young), 0.0042646 secs]
   [Parallel Time: 3.2 ms, GC Workers: 8]
      [GC Worker Start (ms): Min: 3170.1, Avg: 3170.2, Max: 3170.2, Diff: 0.1]
      [Ext Root Scanning (ms): Min: 0.3, Avg: 0.6, Max: 2.5, Diff: 2.2, Sum: 5.0]
      [Update RS (ms): Min: 0.0, Avg: 0.9, Max: 2.0, Diff: 2.0, Sum: 7.0]
         [Processed Buffers: Min: 0, Avg: 2.4, Max: 6, Diff: 6, Sum: 19]
      [Scan RS (ms): Min: 0.5, Avg: 1.3, Max: 2.1, Diff: 1.6, Sum: 10.4]
      [Code Root Scanning (ms): Min: 0.0, Avg: 0.0, Max: 0.1, Diff: 0.1, Sum: 0.2]
      [Object Copy (ms): Min: 0.1, Avg: 0.3, Max: 0.9, Diff: 0.9, Sum: 2.2]
      [Termination (ms): Min: 0.0, Avg: 0.0, Max: 0.0, Diff: 0.0, Sum: 0.2]
         [Termination Attempts: Min: 1, Avg: 1.3, Max: 2, Diff: 1, Sum: 10]
      [GC Worker Other (ms): Min: 0.0, Avg: 0.0, Max: 0.0, Diff: 0.0, Sum: 0.0]
      [GC Worker Total (ms): Min: 3.1, Avg: 3.1, Max: 3.2, Diff: 0.1, Sum: 25.1]
      [GC Worker End (ms): Min: 3173.3, Avg: 3173.3, Max: 3173.3, Diff: 0.0]
   [Code Root Fixup: 0.0 ms]
   [Code Root Purge: 0.0 ms]
   [Clear CT: 0.2 ms]
   [Other: 0.8 ms]
      [Choose CSet: 0.0 ms]
      [Ref Proc: 0.3 ms]
      [Ref Enq: 0.0 ms]
      [Redirty Cards: 0.1 ms]
      [Humongous Register: 0.1 ms]
      [Humongous Reclaim: 0.0 ms]
      [Free CSet: 0.3 ms]
   [Eden: 388.0M(388.0M)->0.0B(392.0M) Survivors: 20480.0K->16384.0K Heap: 476.2M(8192.0M)->88251.5K(8192.0M)]
 [Times: user=0.00 sys=0.00, real=0.00 secs] 
3.450: [GC pause (G1 Evacuation Pause) (young), 0.0061311 secs]
   [Parallel Time: 4.2 ms, GC Workers: 8]
      [GC Worker Start (ms): Min: 3450.2, Avg: 3450.2, Max: 3450.2, Diff: 0.1]
      [Ext Root Scanning (ms): Min: 0.4, Avg: 0.9, Max: 4.1, Diff: 3.8, Sum: 7.0]
      [Update RS (ms): Min: 0.0, Avg: 1.3, Max: 2.4, Diff: 2.4, Sum: 10.4]
         [Processed Buffers: Min: 0, Avg: 2.5, Max: 7, Diff: 7, Sum: 20]
      [Scan RS (ms): Min: 0.0, Avg: 1.2, Max: 1.8, Diff: 1.8, Sum: 9.8]
      [Code Root Scanning (ms): Min: 0.0, Avg: 0.0, Max: 0.1, Diff: 0.1, Sum: 0.2]
      [Object Copy (ms): Min: 0.0, Avg: 0.3, Max: 0.6, Diff: 0.6, Sum: 2.8]
      [Termination (ms): Min: 0.0, Avg: 0.3, Max: 0.4, Diff: 0.4, Sum: 2.7]
         [Termination Attempts: Min: 1, Avg: 1.5, Max: 2, Diff: 1, Sum: 12]
      [GC Worker Other (ms): Min: 0.0, Avg: 0.0, Max: 0.0, Diff: 0.0, Sum: 0.0]
      [GC Worker Total (ms): Min: 4.1, Avg: 4.1, Max: 4.1, Diff: 0.0, Sum: 33.0]
      [GC Worker End (ms): Min: 3454.3, Avg: 3454.3, Max: 3454.3, Diff: 0.0]
   [Code Root Fixup: 0.0 ms]
   [Code Root Purge: 0.0 ms]
   [Clear CT: 0.2 ms]
   [Other: 1.7 ms]
      [Choose CSet: 0.0 ms]
      [Ref Proc: 0.9 ms]
      [Ref Enq: 0.0 ms]
      [Redirty Cards: 0.1 ms]
      [Humongous Register: 0.1 ms]
      [Humongous Reclaim: 0.0 ms]
      [Free CSet: 0.5 ms]
   [Eden: 392.0M(392.0M)->0.0B(4900.0M) Survivors: 16384.0K->12288.0K Heap: 478.2M(8192.0M)->83568.9K(8192.0M)]
 [Times: user=0.00 sys=0.00, real=0.01 secs] 
4.879: [GC pause (G1 Evacuation Pause) (young), 0.0087932 secs]
   [Parallel Time: 6.2 ms, GC Workers: 8]
      [GC Worker Start (ms): Min: 4879.5, Avg: 4879.5, Max: 4879.5, Diff: 0.1]
      [Ext Root Scanning (ms): Min: 0.4, Avg: 1.0, Max: 4.7, Diff: 4.3, Sum: 8.1]
      [Update RS (ms): Min: 0.0, Avg: 2.5, Max: 4.5, Diff: 4.5, Sum: 20.2]
         [Processed Buffers: Min: 0, Avg: 3.1, Max: 6, Diff: 6, Sum: 25]
      [Scan RS (ms): Min: 0.7, Avg: 1.6, Max: 2.3, Diff: 1.6, Sum: 13.0]
      [Code Root Scanning (ms): Min: 0.0, Avg: 0.1, Max: 0.5, Diff: 0.5, Sum: 1.0]
      [Object Copy (ms): Min: 0.0, Avg: 0.8, Max: 4.2, Diff: 4.1, Sum: 6.3]
      [Termination (ms): Min: 0.0, Avg: 0.0, Max: 0.0, Diff: 0.0, Sum: 0.2]
         [Termination Attempts: Min: 1, Avg: 1.0, Max: 1, Diff: 0, Sum: 8]
      [GC Worker Other (ms): Min: 0.0, Avg: 0.0, Max: 0.0, Diff: 0.0, Sum: 0.0]
      [GC Worker Total (ms): Min: 6.1, Avg: 6.1, Max: 6.1, Diff: 0.1, Sum: 48.8]
      [GC Worker End (ms): Min: 4885.6, Avg: 4885.6, Max: 4885.6, Diff: 0.0]
   [Code Root Fixup: 0.0 ms]
   [Code Root Purge: 0.0 ms]
   [Clear CT: 1.1 ms]
   [Other: 1.4 ms]
      [Choose CSet: 0.0 ms]
      [Ref Proc: 0.6 ms]
      [Ref Enq: 0.0 ms]
      [Redirty Cards: 0.0 ms]
      [Humongous Register: 0.1 ms]
      [Humongous Reclaim: 0.0 ms]
      [Free CSet: 0.5 ms]
   [Eden: 4900.0M(4900.0M)->0.0B(4900.0M) Survivors: 12288.0K->12288.0K Heap: 4981.6M(8192.0M)->82594.5K(8192.0M)]
 [Times: user=0.14 sys=0.00, real=0.01 secs] 
12.543: [GC pause (G1 Evacuation Pause) (young), 0.0673194 secs]
   [Parallel Time: 54.2 ms, GC Workers: 8]
      [GC Worker Start (ms): Min: 12542.7, Avg: 12542.8, Max: 12542.8, Diff: 0.1]
      [Ext Root Scanning (ms): Min: 0.2, Avg: 5.7, Max: 42.8, Diff: 42.6, Sum: 45.3]
      [Update RS (ms): Min: 0.0, Avg: 16.8, Max: 43.0, Diff: 43.0, Sum: 134.5]
         [Processed Buffers: Min: 0, Avg: 3.5, Max: 20, Diff: 20, Sum: 28]
      [Scan RS (ms): Min: 0.0, Avg: 6.9, Max: 22.9, Diff: 22.9, Sum: 55.2]
      [Code Root Scanning (ms): Min: 0.0, Avg: 0.4, Max: 2.2, Diff: 2.2, Sum: 3.4]
      [Object Copy (ms): Min: 10.6, Avg: 24.2, Max: 53.5, Diff: 42.9, Sum: 193.4]
      [Termination (ms): Min: 0.0, Avg: 0.1, Max: 0.1, Diff: 0.1, Sum: 0.4]
         [Termination Attempts: Min: 1, Avg: 1.9, Max: 3, Diff: 2, Sum: 15]
      [GC Worker Other (ms): Min: 0.0, Avg: 0.0, Max: 0.0, Diff: 0.0, Sum: 0.0]
      [GC Worker Total (ms): Min: 54.0, Avg: 54.0, Max: 54.1, Diff: 0.2, Sum: 432.2]
      [GC Worker End (ms): Min: 12596.8, Avg: 12596.8, Max: 12596.8, Diff: 0.1]
   [Code Root Fixup: 0.1 ms]
   [Code Root Purge: 0.2 ms]
   [Clear CT: 1.6 ms]
   [Other: 11.2 ms]
      [Choose CSet: 0.0 ms]
      [Ref Proc: 9.2 ms]
      [Ref Enq: 0.2 ms]
      [Redirty Cards: 0.1 ms]
      [Humongous Register: 0.0 ms]
      [Humongous Reclaim: 0.0 ms]
      [Free CSet: 1.5 ms]
   [Eden: 4900.0M(4900.0M)->0.0B(404.0M) Survivors: 12288.0K->132.0M Heap: 5001.6M(8192.0M)->220.4M(8192.0M)]
 [Times: user=0.36 sys=0.03, real=0.07 secs] 
15.143: [GC pause (G1 Evacuation Pause) (young), 0.0570431 secs]
   [Parallel Time: 54.7 ms, GC Workers: 8]
      [GC Worker Start (ms): Min: 15143.2, Avg: 15143.3, Max: 15143.3, Diff: 0.1]
      [Ext Root Scanning (ms): Min: 0.2, Avg: 4.4, Max: 32.2, Diff: 31.9, Sum: 35.2]
      [Update RS (ms): Min: 0.0, Avg: 9.8, Max: 28.4, Diff: 28.4, Sum: 78.1]
         [Processed Buffers: Min: 0, Avg: 3.9, Max: 16, Diff: 16, Sum: 31]
      [Scan RS (ms): Min: 0.0, Avg: 6.7, Max: 13.4, Diff: 13.4, Sum: 53.7]
      [Code Root Scanning (ms): Min: 0.0, Avg: 1.1, Max: 5.8, Diff: 5.8, Sum: 8.7]
      [Object Copy (ms): Min: 22.4, Avg: 32.6, Max: 54.3, Diff: 31.9, Sum: 260.5]
      [Termination (ms): Min: 0.0, Avg: 0.0, Max: 0.0, Diff: 0.0, Sum: 0.3]
         [Termination Attempts: Min: 1, Avg: 1.0, Max: 1, Diff: 0, Sum: 8]
      [GC Worker Other (ms): Min: 0.0, Avg: 0.0, Max: 0.0, Diff: 0.0, Sum: 0.1]
      [GC Worker Total (ms): Min: 54.5, Avg: 54.6, Max: 54.6, Diff: 0.1, Sum: 436.6]
      [GC Worker End (ms): Min: 15197.8, Avg: 15197.8, Max: 15197.9, Diff: 0.0]
   [Code Root Fixup: 0.2 ms]
   [Code Root Purge: 0.1 ms]
   [Clear CT: 0.3 ms]
   [Other: 1.6 ms]
      [Choose CSet: 0.0 ms]
      [Ref Proc: 0.6 ms]
      [Ref Enq: 0.0 ms]
      [Redirty Cards: 0.4 ms]
      [Humongous Register: 0.1 ms]
      [Humongous Reclaim: 0.1 ms]
      [Free CSet: 0.5 ms]
   [Eden: 296.0M(296.0M)->0.0B(680.0M) Survivors: 132.0M->49152.0K Heap: 516.4M(8192.0M)->230.4M(8192.0M)]
 [Times: user=0.39 sys=0.00, real=0.06 secs] 
20.137: [GC pause (G1 Evacuation Pause) (young), 0.0242595 secs]
   [Parallel Time: 22.5 ms, GC Workers: 8]
      [GC Worker Start (ms): Min: 20137.2, Avg: 20137.3, Max: 20137.3, Diff: 0.1]
      [Ext Root Scanning (ms): Min: 0.3, Avg: 0.7, Max: 3.2, Diff: 3.0, Sum: 5.5]
      [Update RS (ms): Min: 7.2, Avg: 11.0, Max: 20.8, Diff: 13.6, Sum: 88.4]
         [Processed Buffers: Min: 2, Avg: 4.0, Max: 15, Diff: 13, Sum: 32]
      [Scan RS (ms): Min: 0.9, Avg: 10.3, Max: 14.2, Diff: 13.3, Sum: 82.3]
      [Code Root Scanning (ms): Min: 0.0, Avg: 0.0, Max: 0.1, Diff: 0.1, Sum: 0.2]
      [Object Copy (ms): Min: 0.0, Avg: 0.1, Max: 0.1, Diff: 0.1, Sum: 0.7]
      [Termination (ms): Min: 0.0, Avg: 0.1, Max: 0.2, Diff: 0.1, Sum: 0.9]
         [Termination Attempts: Min: 1, Avg: 1.8, Max: 7, Diff: 6, Sum: 14]
      [GC Worker Other (ms): Min: 0.0, Avg: 0.0, Max: 0.0, Diff: 0.0, Sum: 0.0]
      [GC Worker Total (ms): Min: 22.1, Avg: 22.3, Max: 22.3, Diff: 0.2, Sum: 178.1]
      [GC Worker End (ms): Min: 20159.4, Avg: 20159.5, Max: 20159.6, Diff: 0.1]
   [Code Root Fixup: 0.0 ms]
   [Code Root Purge: 0.0 ms]
   [Clear CT: 0.3 ms]
   [Other: 1.4 ms]
      [Choose CSet: 0.0 ms]
      [Ref Proc: 0.6 ms]
      [Ref Enq: 0.0 ms]
      [Redirty Cards: 0.2 ms]
      [Humongous Register: 0.0 ms]
      [Humongous Reclaim: 0.0 ms]
      [Free CSet: 0.4 ms]
   [Eden: 532.0M(528.0M)->0.0B(852.0M) Survivors: 49152.0K->73728.0K Heap: 762.4M(8192.0M)->261.3M(8192.0M)]
 [Times: user=0.14 sys=0.00, real=0.02 secs] 
27.391: [GC pause (G1 Evacuation Pause) (young), 0.0400217 secs]
   [Parallel Time: 38.2 ms, GC Workers: 8]
      [GC Worker Start (ms): Min: 27391.4, Avg: 27391.4, Max: 27391.5, Diff: 0.1]
      [Ext Root Scanning (ms): Min: 0.3, Avg: 0.8, Max: 3.9, Diff: 3.6, Sum: 6.2]
      [Update RS (ms): Min: 15.8, Avg: 22.0, Max: 30.1, Diff: 14.3, Sum: 176.1]
         [Processed Buffers: Min: 2, Avg: 4.0, Max: 10, Diff: 8, Sum: 32]
      [Scan RS (ms): Min: 7.1, Avg: 13.6, Max: 20.5, Diff: 13.4, Sum: 108.7]
      [Code Root Scanning (ms): Min: 0.0, Avg: 0.1, Max: 0.5, Diff: 0.5, Sum: 1.2]
      [Object Copy (ms): Min: 0.0, Avg: 1.2, Max: 9.0, Diff: 9.0, Sum: 9.7]
      [Termination (ms): Min: 0.0, Avg: 0.1, Max: 0.3, Diff: 0.3, Sum: 1.1]
         [Termination Attempts: Min: 1, Avg: 4.6, Max: 24, Diff: 23, Sum: 37]
      [GC Worker Other (ms): Min: 0.0, Avg: 0.0, Max: 0.0, Diff: 0.0, Sum: 0.1]
      [GC Worker Total (ms): Min: 37.8, Avg: 37.9, Max: 38.0, Diff: 0.2, Sum: 303.1]
      [GC Worker End (ms): Min: 27429.2, Avg: 27429.3, Max: 27429.4, Diff: 0.2]
   [Code Root Fixup: 0.0 ms]
   [Code Root Purge: 0.0 ms]
   [Clear CT: 0.5 ms]
   [Other: 1.3 ms]
      [Choose CSet: 0.0 ms]
      [Ref Proc: 0.7 ms]
      [Ref Enq: 0.0 ms]
      [Redirty Cards: 0.1 ms]
      [Humongous Register: 0.0 ms]
      [Humongous Reclaim: 0.0 ms]
      [Free CSet: 0.3 ms]
   [Eden: 852.0M(852.0M)->0.0B(772.0M) Survivors: 73728.0K->100.0M Heap: 1113.3M(8192.0M)->328.0M(8192.0M)]
 [Times: user=0.25 sys=0.00, real=0.04 secs] 
32.905: [GC pause (G1 Evacuation Pause) (young), 0.0369192 secs]
   [Parallel Time: 34.6 ms, GC Workers: 8]
      [GC Worker Start (ms): Min: 32905.1, Avg: 32905.2, Max: 32905.3, Diff: 0.2]
      [Ext Root Scanning (ms): Min: 0.2, Avg: 0.6, Max: 2.6, Diff: 2.4, Sum: 4.5]
      [Update RS (ms): Min: 2.5, Avg: 14.0, Max: 31.7, Diff: 29.2, Sum: 111.8]
         [Processed Buffers: Min: 1, Avg: 3.8, Max: 8, Diff: 7, Sum: 30]
      [Scan RS (ms): Min: 1.9, Avg: 18.2, Max: 23.8, Diff: 21.9, Sum: 145.6]
      [Code Root Scanning (ms): Min: 0.0, Avg: 0.1, Max: 0.5, Diff: 0.5, Sum: 1.2]
      [Object Copy (ms): Min: 0.2, Avg: 1.4, Max: 7.7, Diff: 7.5, Sum: 10.8]
      [Termination (ms): Min: 0.0, Avg: 0.1, Max: 0.2, Diff: 0.2, Sum: 0.9]
         [Termination Attempts: Min: 1, Avg: 1.0, Max: 1, Diff: 0, Sum: 8]
      [GC Worker Other (ms): Min: 0.0, Avg: 0.0, Max: 0.0, Diff: 0.0, Sum: 0.1]
      [GC Worker Total (ms): Min: 34.2, Avg: 34.4, Max: 34.5, Diff: 0.3, Sum: 274.8]
      [GC Worker End (ms): Min: 32939.5, Avg: 32939.6, Max: 32939.7, Diff: 0.2]
   [Code Root Fixup: 0.0 ms]
   [Code Root Purge: 0.0 ms]
   [Clear CT: 0.5 ms]
   [Other: 1.8 ms]
      [Choose CSet: 0.0 ms]
      [Ref Proc: 0.7 ms]
      [Ref Enq: 0.0 ms]
      [Redirty Cards: 0.3 ms]
      [Humongous Register: 0.0 ms]
      [Humongous Reclaim: 0.0 ms]
      [Free CSet: 0.6 ms]
   [Eden: 772.0M(772.0M)->0.0B(1540.0M) Survivors: 100.0M->100.0M Heap: 1100.0M(8192.0M)->368.0M(8192.0M)]
 [Times: user=0.25 sys=0.00, real=0.04 secs] 
43.539: [GC pause (G1 Evacuation Pause) (young), 0.0436871 secs]
   [Parallel Time: 41.5 ms, GC Workers: 8]
      [GC Worker Start (ms): Min: 43539.0, Avg: 43539.0, Max: 43539.1, Diff: 0.1]
      [Ext Root Scanning (ms): Min: 0.2, Avg: 0.6, Max: 2.4, Diff: 2.2, Sum: 4.8]
      [Update RS (ms): Min: 26.3, Avg: 30.5, Max: 38.5, Diff: 12.1, Sum: 243.9]
         [Processed Buffers: Min: 1, Avg: 4.4, Max: 11, Diff: 10, Sum: 35]
      [Scan RS (ms): Min: 1.8, Avg: 9.5, Max: 12.4, Diff: 10.6, Sum: 76.1]
      [Code Root Scanning (ms): Min: 0.0, Avg: 0.1, Max: 0.2, Diff: 0.2, Sum: 0.6]
      [Object Copy (ms): Min: 0.2, Avg: 0.5, Max: 0.6, Diff: 0.4, Sum: 3.8]
      [Termination (ms): Min: 0.1, Avg: 0.1, Max: 0.2, Diff: 0.1, Sum: 1.1]
         [Termination Attempts: Min: 1, Avg: 1.0, Max: 1, Diff: 0, Sum: 8]
      [GC Worker Other (ms): Min: 0.0, Avg: 0.0, Max: 0.0, Diff: 0.0, Sum: 0.0]
      [GC Worker Total (ms): Min: 41.2, Avg: 41.3, Max: 41.3, Diff: 0.2, Sum: 330.1]
      [GC Worker End (ms): Min: 43580.2, Avg: 43580.3, Max: 43580.3, Diff: 0.1]
   [Code Root Fixup: 0.0 ms]
   [Code Root Purge: 0.0 ms]
   [Clear CT: 0.6 ms]
   [Other: 1.6 ms]
      [Choose CSet: 0.0 ms]
      [Ref Proc: 1.1 ms]
      [Ref Enq: 0.0 ms]
      [Redirty Cards: 0.1 ms]
      [Humongous Register: 0.0 ms]
      [Humongous Reclaim: 0.0 ms]
      [Free CSet: 0.3 ms]
   [Eden: 1540.0M(1540.0M)->0.0B(1876.0M) Survivors: 100.0M->172.0M Heap: 1908.0M(8192.0M)->442.0M(8192.0M)]
 [Times: user=0.38 sys=0.00, real=0.04 secs] 
57.394: [GC pause (G1 Evacuation Pause) (young), 0.0696333 secs]
   [Parallel Time: 66.9 ms, GC Workers: 8]
      [GC Worker Start (ms): Min: 57393.7, Avg: 57393.8, Max: 57393.9, Diff: 0.2]
      [Ext Root Scanning (ms): Min: 0.2, Avg: 0.6, Max: 2.4, Diff: 2.2, Sum: 5.0]
      [Update RS (ms): Min: 41.9, Avg: 49.3, Max: 65.2, Diff: 23.3, Sum: 394.2]
         [Processed Buffers: Min: 0, Avg: 3.8, Max: 19, Diff: 19, Sum: 30]
      [Scan RS (ms): Min: 0.0, Avg: 12.8, Max: 16.4, Diff: 16.4, Sum: 102.5]
      [Code Root Scanning (ms): Min: 0.0, Avg: 0.1, Max: 0.2, Diff: 0.2, Sum: 0.5]
      [Object Copy (ms): Min: 0.9, Avg: 3.6, Max: 12.9, Diff: 12.0, Sum: 28.7]
      [Termination (ms): Min: 0.0, Avg: 0.1, Max: 0.2, Diff: 0.2, Sum: 1.1]
         [Termination Attempts: Min: 1, Avg: 1.0, Max: 1, Diff: 0, Sum: 8]
      [GC Worker Other (ms): Min: 0.0, Avg: 0.0, Max: 0.1, Diff: 0.1, Sum: 0.1]
      [GC Worker Total (ms): Min: 66.4, Avg: 66.5, Max: 66.6, Diff: 0.2, Sum: 532.1]
      [GC Worker End (ms): Min: 57460.2, Avg: 57460.3, Max: 57460.4, Diff: 0.2]
   [Code Root Fixup: 0.0 ms]
   [Code Root Purge: 0.0 ms]
   [Clear CT: 0.8 ms]
   [Other: 1.9 ms]
      [Choose CSet: 0.0 ms]
      [Ref Proc: 1.0 ms]
      [Ref Enq: 0.0 ms]
      [Redirty Cards: 0.3 ms]
      [Humongous Register: 0.0 ms]
      [Humongous Reclaim: 0.0 ms]
      [Free CSet: 0.4 ms]
   [Eden: 1876.0M(1876.0M)->0.0B(1556.0M) Survivors: 172.0M->208.0M Heap: 2318.0M(8192.0M)->536.0M(8192.0M)]
 [Times: user=0.55 sys=0.02, real=0.07 secs] 
68.123: [GC pause (G1 Evacuation Pause) (young), 0.0678995 secs]
   [Parallel Time: 65.6 ms, GC Workers: 8]
      [GC Worker Start (ms): Min: 68123.1, Avg: 68123.2, Max: 68123.3, Diff: 0.2]
      [Ext Root Scanning (ms): Min: 0.2, Avg: 0.7, Max: 3.8, Diff: 3.6, Sum: 5.9]
      [Update RS (ms): Min: 26.9, Avg: 43.6, Max: 64.3, Diff: 37.4, Sum: 349.2]
         [Processed Buffers: Min: 1, Avg: 3.5, Max: 8, Diff: 7, Sum: 28]
      [Scan RS (ms): Min: 0.0, Avg: 17.3, Max: 24.0, Diff: 24.0, Sum: 138.4]
      [Code Root Scanning (ms): Min: 0.0, Avg: 0.0, Max: 0.1, Diff: 0.1, Sum: 0.4]
      [Object Copy (ms): Min: 0.4, Avg: 3.3, Max: 13.9, Diff: 13.5, Sum: 26.1]
      [Termination (ms): Min: 0.1, Avg: 0.2, Max: 0.3, Diff: 0.2, Sum: 1.3]
         [Termination Attempts: Min: 1, Avg: 1.0, Max: 1, Diff: 0, Sum: 8]
      [GC Worker Other (ms): Min: 0.0, Avg: 0.0, Max: 0.1, Diff: 0.1, Sum: 0.1]
      [GC Worker Total (ms): Min: 65.0, Avg: 65.2, Max: 65.3, Diff: 0.3, Sum: 521.3]
      [GC Worker End (ms): Min: 68188.2, Avg: 68188.3, Max: 68188.4, Diff: 0.2]
   [Code Root Fixup: 0.0 ms]
   [Code Root Purge: 0.0 ms]
   [Clear CT: 0.5 ms]
   [Other: 1.8 ms]
      [Choose CSet: 0.0 ms]
      [Ref Proc: 0.8 ms]
      [Ref Enq: 0.0 ms]
      [Redirty Cards: 0.3 ms]
      [Humongous Register: 0.0 ms]
      [Humongous Reclaim: 0.0 ms]
      [Free CSet: 0.5 ms]
   [Eden: 1556.0M(1556.0M)->0.0B(2596.0M) Survivors: 208.0M->164.0M Heap: 2092.0M(8192.0M)->601.0M(8192.0M)]
 [Times: user=0.47 sys=0.03, real=0.07 secs] 
79.101: [GC pause (G1 Evacuation Pause) (young), 0.0618861 secs]
   [Parallel Time: 59.7 ms, GC Workers: 8]
      [GC Worker Start (ms): Min: 79101.5, Avg: 79101.5, Max: 79101.6, Diff: 0.1]
      [Ext Root Scanning (ms): Min: 0.2, Avg: 0.6, Max: 2.8, Diff: 2.6, Sum: 4.9]
      [Update RS (ms): Min: 29.4, Avg: 31.9, Max: 42.0, Diff: 12.6, Sum: 255.2]
         [Processed Buffers: Min: 1, Avg: 3.6, Max: 9, Diff: 8, Sum: 29]
      [Scan RS (ms): Min: 16.3, Avg: 26.4, Max: 29.4, Diff: 13.1, Sum: 211.2]
      [Code Root Scanning (ms): Min: 0.0, Avg: 0.0, Max: 0.0, Diff: 0.0, Sum: 0.2]
      [Object Copy (ms): Min: 0.2, Avg: 0.4, Max: 0.7, Diff: 0.5, Sum: 3.4]
      [Termination (ms): Min: 0.0, Avg: 0.1, Max: 0.3, Diff: 0.2, Sum: 1.1]
         [Termination Attempts: Min: 1, Avg: 1.0, Max: 1, Diff: 0, Sum: 8]
      [GC Worker Other (ms): Min: 0.0, Avg: 0.0, Max: 0.0, Diff: 0.0, Sum: 0.0]
      [GC Worker Total (ms): Min: 59.3, Avg: 59.5, Max: 59.6, Diff: 0.3, Sum: 475.9]
      [GC Worker End (ms): Min: 79160.9, Avg: 79161.0, Max: 79161.1, Diff: 0.2]
   [Code Root Fixup: 0.0 ms]
   [Code Root Purge: 0.0 ms]
   [Clear CT: 0.6 ms]
   [Other: 1.6 ms]
      [Choose CSet: 0.0 ms]
      [Ref Proc: 0.6 ms]
      [Ref Enq: 0.0 ms]
      [Redirty Cards: 0.2 ms]
      [Humongous Register: 0.0 ms]
      [Humongous Reclaim: 0.0 ms]
      [Free CSet: 0.5 ms]
   [Eden: 1484.0M(1312.0M)->0.0B(4756.0M) Survivors: 164.0M->140.0M Heap: 2085.0M(8192.0M)->672.0M(8192.0M)]
 [Times: user=0.44 sys=0.06, real=0.06 secs] 
88.456: [GC pause (G1 Evacuation Pause) (young), 0.0485088 secs]
   [Parallel Time: 45.9 ms, GC Workers: 8]
      [GC Worker Start (ms): Min: 88456.4, Avg: 88456.4, Max: 88456.5, Diff: 0.1]
      [Ext Root Scanning (ms): Min: 0.2, Avg: 0.5, Max: 1.9, Diff: 1.7, Sum: 3.8]
      [Update RS (ms): Min: 12.6, Avg: 17.5, Max: 32.1, Diff: 19.4, Sum: 140.2]
         [Processed Buffers: Min: 0, Avg: 3.4, Max: 9, Diff: 9, Sum: 27]
      [Scan RS (ms): Min: 12.9, Avg: 27.0, Max: 32.1, Diff: 19.2, Sum: 215.9]
      [Code Root Scanning (ms): Min: 0.0, Avg: 0.0, Max: 0.0, Diff: 0.0, Sum: 0.2]
      [Object Copy (ms): Min: 0.1, Avg: 0.5, Max: 0.8, Diff: 0.7, Sum: 3.8]
      [Termination (ms): Min: 0.1, Avg: 0.2, Max: 0.3, Diff: 0.2, Sum: 1.3]
         [Termination Attempts: Min: 1, Avg: 1.0, Max: 1, Diff: 0, Sum: 8]
      [GC Worker Other (ms): Min: 0.0, Avg: 0.0, Max: 0.0, Diff: 0.0, Sum: 0.0]
      [GC Worker Total (ms): Min: 45.5, Avg: 45.6, Max: 45.8, Diff: 0.3, Sum: 365.2]
      [GC Worker End (ms): Min: 88502.0, Avg: 88502.1, Max: 88502.2, Diff: 0.2]
   [Code Root Fixup: 0.0 ms]
   [Code Root Purge: 0.0 ms]
   [Clear CT: 0.7 ms]
   [Other: 1.9 ms]
      [Choose CSet: 0.0 ms]
      [Ref Proc: 0.9 ms]
      [Ref Enq: 0.0 ms]
      [Redirty Cards: 0.3 ms]
      [Humongous Register: 0.0 ms]
      [Humongous Reclaim: 0.0 ms]
      [Free CSet: 0.4 ms]
   [Eden: 1380.0M(1380.0M)->0.0B(4780.0M) Survivors: 140.0M->132.0M Heap: 2052.0M(8192.0M)->728.0M(8192.0M)]
 [Times: user=0.36 sys=0.02, real=0.05 secs] 
103.131: [GC pause (G1 Evacuation Pause) (young), 0.0647372 secs]
   [Parallel Time: 61.6 ms, GC Workers: 8]
      [GC Worker Start (ms): Min: 103130.9, Avg: 103131.0, Max: 103131.0, Diff: 0.1]
      [Ext Root Scanning (ms): Min: 0.2, Avg: 0.5, Max: 2.0, Diff: 1.7, Sum: 4.1]
      [Update RS (ms): Min: 13.2, Avg: 23.3, Max: 41.4, Diff: 28.3, Sum: 186.7]
         [Processed Buffers: Min: 1, Avg: 3.8, Max: 13, Diff: 12, Sum: 30]
      [Scan RS (ms): Min: 19.0, Avg: 37.1, Max: 45.8, Diff: 26.8, Sum: 296.4]
      [Code Root Scanning (ms): Min: 0.0, Avg: 0.0, Max: 0.1, Diff: 0.1, Sum: 0.2]
      [Object Copy (ms): Min: 0.1, Avg: 0.3, Max: 0.4, Diff: 0.3, Sum: 2.0]
      [Termination (ms): Min: 0.1, Avg: 0.2, Max: 0.3, Diff: 0.2, Sum: 1.4]
         [Termination Attempts: Min: 1, Avg: 1.0, Max: 1, Diff: 0, Sum: 8]
      [GC Worker Other (ms): Min: 0.0, Avg: 0.0, Max: 0.0, Diff: 0.0, Sum: 0.1]
      [GC Worker Total (ms): Min: 61.3, Avg: 61.4, Max: 61.5, Diff: 0.2, Sum: 490.9]
      [GC Worker End (ms): Min: 103192.2, Avg: 103192.3, Max: 103192.4, Diff: 0.2]
   [Code Root Fixup: 0.0 ms]
   [Code Root Purge: 0.0 ms]
   [Clear CT: 0.8 ms]
   [Other: 2.4 ms]
      [Choose CSet: 0.0 ms]
      [Ref Proc: 1.0 ms]
      [Ref Enq: 0.1 ms]
      [Redirty Cards: 0.3 ms]
      [Humongous Register: 0.0 ms]
      [Humongous Reclaim: 0.0 ms]
      [Free CSet: 0.7 ms]
   [Eden: 2136.0M(2024.0M)->0.0B(4696.0M) Survivors: 132.0M->216.0M Heap: 2864.0M(8192.0M)->812.0M(8192.0M)]
 [Times: user=0.50 sys=0.00, real=0.07 secs] 
131.561: [GC pause (G1 Evacuation Pause) (young), 0.1071413 secs]
   [Parallel Time: 102.2 ms, GC Workers: 8]
      [GC Worker Start (ms): Min: 131561.2, Avg: 131561.4, Max: 131561.4, Diff: 0.2]
      [Ext Root Scanning (ms): Min: 0.2, Avg: 0.6, Max: 2.4, Diff: 2.2, Sum: 4.7]
      [Update RS (ms): Min: 46.6, Avg: 57.5, Max: 72.5, Diff: 25.9, Sum: 460.1]
         [Processed Buffers: Min: 1, Avg: 3.6, Max: 10, Diff: 9, Sum: 29]
      [Scan RS (ms): Min: 28.5, Avg: 43.2, Max: 54.5, Diff: 26.0, Sum: 345.5]
      [Code Root Scanning (ms): Min: 0.0, Avg: 0.0, Max: 0.1, Diff: 0.1, Sum: 0.2]
      [Object Copy (ms): Min: 0.2, Avg: 0.3, Max: 0.4, Diff: 0.2, Sum: 2.6]
      [Termination (ms): Min: 0.1, Avg: 0.2, Max: 0.3, Diff: 0.2, Sum: 1.7]
         [Termination Attempts: Min: 1, Avg: 1.0, Max: 1, Diff: 0, Sum: 8]
      [GC Worker Other (ms): Min: 0.0, Avg: 0.0, Max: 0.1, Diff: 0.0, Sum: 0.1]
      [GC Worker Total (ms): Min: 101.7, Avg: 101.9, Max: 102.0, Diff: 0.3, Sum: 814.9]
      [GC Worker End (ms): Min: 131663.1, Avg: 131663.2, Max: 131663.3, Diff: 0.2]
   [Code Root Fixup: 0.0 ms]
   [Code Root Purge: 0.0 ms]
   [Clear CT: 1.4 ms]
   [Other: 3.5 ms]
      [Choose CSet: 0.0 ms]
      [Ref Proc: 2.2 ms]
      [Ref Enq: 0.1 ms]
      [Redirty Cards: 0.3 ms]
      [Humongous Register: 0.0 ms]
      [Humongous Reclaim: 0.0 ms]
      [Free CSet: 0.7 ms]
   [Eden: 3076.0M(3076.0M)->0.0B(4624.0M) Survivors: 216.0M->288.0M Heap: 3888.0M(8192.0M)->954.0M(8192.0M)]
 [Times: user=0.86 sys=0.03, real=0.11 secs] 
152.997: [GC pause (G1 Evacuation Pause) (young), 0.1207006 secs]
   [Parallel Time: 117.2 ms, GC Workers: 8]
      [GC Worker Start (ms): Min: 152996.9, Avg: 152997.0, Max: 152997.0, Diff: 0.1]
      [Ext Root Scanning (ms): Min: 0.2, Avg: 0.6, Max: 2.9, Diff: 2.6, Sum: 4.8]
      [Update RS (ms): Min: 46.9, Avg: 61.3, Max: 75.9, Diff: 29.0, Sum: 490.6]
         [Processed Buffers: Min: 1, Avg: 3.3, Max: 14, Diff: 13, Sum: 26]
      [Scan RS (ms): Min: 40.3, Avg: 54.7, Max: 69.7, Diff: 29.4, Sum: 437.3]
      [Code Root Scanning (ms): Min: 0.0, Avg: 0.0, Max: 0.1, Diff: 0.1, Sum: 0.2]
      [Object Copy (ms): Min: 0.1, Avg: 0.5, Max: 0.8, Diff: 0.8, Sum: 4.1]
      [Termination (ms): Min: 0.0, Avg: 0.0, Max: 0.0, Diff: 0.0, Sum: 0.3]
         [Termination Attempts: Min: 1, Avg: 1.0, Max: 1, Diff: 0, Sum: 8]
      [GC Worker Other (ms): Min: 0.0, Avg: 0.0, Max: 0.0, Diff: 0.0, Sum: 0.1]
      [GC Worker Total (ms): Min: 117.1, Avg: 117.2, Max: 117.2, Diff: 0.1, Sum: 937.3]
      [GC Worker End (ms): Min: 153114.1, Avg: 153114.1, Max: 153114.1, Diff: 0.0]
   [Code Root Fixup: 0.0 ms]
   [Code Root Purge: 0.0 ms]
   [Clear CT: 0.9 ms]
   [Other: 2.5 ms]
      [Choose CSet: 0.0 ms]
      [Ref Proc: 1.3 ms]
      [Ref Enq: 0.0 ms]
      [Redirty Cards: 0.4 ms]
      [Humongous Register: 0.0 ms]
      [Humongous Reclaim: 0.0 ms]
      [Free CSet: 0.6 ms]
   [Eden: 2820.0M(2440.0M)->0.0B(4628.0M) Survivors: 288.0M->284.0M Heap: 3774.0M(8192.0M)->1090.0M(8192.0M)]
 [Times: user=0.81 sys=0.05, real=0.12 secs] 
167.735: [GC pause (G1 Evacuation Pause) (young), 0.1140582 secs]
   [Parallel Time: 109.7 ms, GC Workers: 8]
      [GC Worker Start (ms): Min: 167735.7, Avg: 167735.8, Max: 167735.8, Diff: 0.1]
      [Ext Root Scanning (ms): Min: 0.3, Avg: 0.7, Max: 2.8, Diff: 2.5, Sum: 5.7]
      [Update RS (ms): Min: 31.6, Avg: 51.9, Max: 75.0, Diff: 43.4, Sum: 415.3]
         [Processed Buffers: Min: 1, Avg: 3.0, Max: 9, Diff: 8, Sum: 24]
      [Scan RS (ms): Min: 33.0, Avg: 56.1, Max: 76.2, Diff: 43.2, Sum: 448.6]
      [Code Root Scanning (ms): Min: 0.0, Avg: 0.0, Max: 0.2, Diff: 0.2, Sum: 0.2]
      [Object Copy (ms): Min: 0.2, Avg: 0.7, Max: 1.1, Diff: 0.9, Sum: 5.5]
      [Termination (ms): Min: 0.0, Avg: 0.1, Max: 0.2, Diff: 0.2, Sum: 0.8]
         [Termination Attempts: Min: 1, Avg: 1.0, Max: 1, Diff: 0, Sum: 8]
      [GC Worker Other (ms): Min: 0.0, Avg: 0.0, Max: 0.0, Diff: 0.0, Sum: 0.1]
      [GC Worker Total (ms): Min: 109.5, Avg: 109.5, Max: 109.6, Diff: 0.1, Sum: 876.2]
      [GC Worker End (ms): Min: 167845.2, Avg: 167845.3, Max: 167845.4, Diff: 0.2]
   [Code Root Fixup: 0.0 ms]
   [Code Root Purge: 0.0 ms]
   [Clear CT: 1.0 ms]
   [Other: 3.3 ms]
      [Choose CSet: 0.0 ms]
      [Ref Proc: 1.7 ms]
      [Ref Enq: 0.0 ms]
      [Redirty Cards: 0.6 ms]
      [Humongous Register: 0.1 ms]
      [Humongous Reclaim: 0.0 ms]
      [Free CSet: 0.7 ms]
   [Eden: 1892.0M(124.0M)->0.0B(4860.0M) Survivors: 284.0M->53248.0K Heap: 2982.0M(8192.0M)->1172.0M(8192.0M)]
 [Times: user=0.72 sys=0.16, real=0.11 secs] 
182.975: [GC pause (GCLocker Initiated GC) (young), 0.0509372 secs]
   [Parallel Time: 47.1 ms, GC Workers: 8]
      [GC Worker Start (ms): Min: 182975.6, Avg: 182975.7, Max: 182975.7, Diff: 0.1]
      [Ext Root Scanning (ms): Min: 0.3, Avg: 0.7, Max: 2.8, Diff: 2.4, Sum: 5.6]
      [Update RS (ms): Min: 5.2, Avg: 9.0, Max: 15.8, Diff: 10.7, Sum: 72.1]
         [Processed Buffers: Min: 1, Avg: 2.9, Max: 9, Diff: 8, Sum: 23]
      [Scan RS (ms): Min: 30.4, Avg: 37.0, Max: 39.6, Diff: 9.2, Sum: 295.8]
      [Code Root Scanning (ms): Min: 0.0, Avg: 0.0, Max: 0.0, Diff: 0.0, Sum: 0.1]
      [Object Copy (ms): Min: 0.1, Avg: 0.1, Max: 0.1, Diff: 0.1, Sum: 0.9]
      [Termination (ms): Min: 0.0, Avg: 0.1, Max: 0.2, Diff: 0.1, Sum: 0.7]
         [Termination Attempts: Min: 1, Avg: 1.0, Max: 1, Diff: 0, Sum: 8]
      [GC Worker Other (ms): Min: 0.0, Avg: 0.0, Max: 0.0, Diff: 0.0, Sum: 0.0]
      [GC Worker Total (ms): Min: 46.8, Avg: 46.9, Max: 47.1, Diff: 0.3, Sum: 375.4]
      [GC Worker End (ms): Min: 183022.5, Avg: 183022.6, Max: 183022.7, Diff: 0.1]
   [Code Root Fixup: 0.0 ms]
   [Code Root Purge: 0.0 ms]
   [Clear CT: 1.0 ms]
   [Other: 2.9 ms]
      [Choose CSet: 0.0 ms]
      [Ref Proc: 1.3 ms]
      [Ref Enq: 0.0 ms]
      [Redirty Cards: 0.2 ms]
      [Humongous Register: 0.1 ms]
      [Humongous Reclaim: 0.0 ms]
      [Free CSet: 0.7 ms]
   [Eden: 1512.0M(1508.0M)->0.0B(4760.0M) Survivors: 53248.0K->152.0M Heap: 2682.0M(8192.0M)->1272.0M(8192.0M)]
 [Times: user=0.38 sys=0.00, real=0.05 secs] 
195.971: [GC pause (G1 Evacuation Pause) (young), 0.0595090 secs]
   [Parallel Time: 56.9 ms, GC Workers: 8]
      [GC Worker Start (ms): Min: 195971.1, Avg: 195971.2, Max: 195971.3, Diff: 0.2]
      [Ext Root Scanning (ms): Min: 0.2, Avg: 0.4, Max: 1.7, Diff: 1.5, Sum: 3.5]
      [Update RS (ms): Min: 7.7, Avg: 12.9, Max: 31.1, Diff: 23.4, Sum: 103.4]
         [Processed Buffers: Min: 1, Avg: 3.0, Max: 10, Diff: 9, Sum: 24]
      [Scan RS (ms): Min: 23.6, Avg: 42.9, Max: 48.2, Diff: 24.7, Sum: 343.2]
      [Code Root Scanning (ms): Min: 0.0, Avg: 0.0, Max: 0.0, Diff: 0.0, Sum: 0.1]
      [Object Copy (ms): Min: 0.1, Avg: 0.2, Max: 0.2, Diff: 0.1, Sum: 1.4]
      [Termination (ms): Min: 0.1, Avg: 0.2, Max: 0.3, Diff: 0.1, Sum: 1.6]
         [Termination Attempts: Min: 1, Avg: 1.0, Max: 1, Diff: 0, Sum: 8]
      [GC Worker Other (ms): Min: 0.0, Avg: 0.0, Max: 0.0, Diff: 0.0, Sum: 0.0]
      [GC Worker Total (ms): Min: 56.5, Avg: 56.6, Max: 56.8, Diff: 0.3, Sum: 453.2]
      [GC Worker End (ms): Min: 196027.8, Avg: 196027.8, Max: 196027.9, Diff: 0.1]
   [Code Root Fixup: 0.0 ms]
   [Code Root Purge: 0.0 ms]
   [Clear CT: 0.6 ms]
   [Other: 2.0 ms]
      [Choose CSet: 0.0 ms]
      [Ref Proc: 1.0 ms]
      [Ref Enq: 0.0 ms]
      [Redirty Cards: 0.3 ms]
      [Humongous Register: 0.0 ms]
      [Humongous Reclaim: 0.0 ms]
      [Free CSet: 0.4 ms]
   [Eden: 1280.0M(724.0M)->0.0B(4824.0M) Survivors: 152.0M->90112.0K Heap: 2552.0M(8192.0M)->1344.0M(8192.0M)]
 [Times: user=0.45 sys=0.05, real=0.06 secs] 
225.384: [GC pause (G1 Evacuation Pause) (young), 0.0646298 secs]
   [Parallel Time: 60.8 ms, GC Workers: 8]
      [GC Worker Start (ms): Min: 225383.9, Avg: 225384.0, Max: 225384.0, Diff: 0.1]
      [Ext Root Scanning (ms): Min: 0.2, Avg: 0.5, Max: 2.3, Diff: 2.1, Sum: 4.4]
      [Update RS (ms): Min: 9.7, Avg: 16.6, Max: 34.3, Diff: 24.5, Sum: 132.8]
         [Processed Buffers: Min: 1, Avg: 3.4, Max: 10, Diff: 9, Sum: 27]
      [Scan RS (ms): Min: 25.8, Avg: 43.2, Max: 50.3, Diff: 24.5, Sum: 345.3]
      [Code Root Scanning (ms): Min: 0.0, Avg: 0.0, Max: 0.0, Diff: 0.0, Sum: 0.1]
      [Object Copy (ms): Min: 0.0, Avg: 0.1, Max: 0.1, Diff: 0.1, Sum: 0.8]
      [Termination (ms): Min: 0.0, Avg: 0.0, Max: 0.1, Diff: 0.1, Sum: 0.3]
         [Termination Attempts: Min: 1, Avg: 1.0, Max: 1, Diff: 0, Sum: 8]
      [GC Worker Other (ms): Min: 0.0, Avg: 0.0, Max: 0.0, Diff: 0.0, Sum: 0.0]
      [GC Worker Total (ms): Min: 60.4, Avg: 60.5, Max: 60.5, Diff: 0.1, Sum: 483.7]
      [GC Worker End (ms): Min: 225444.4, Avg: 225444.4, Max: 225444.5, Diff: 0.1]
   [Code Root Fixup: 0.0 ms]
   [Code Root Purge: 0.0 ms]
   [Clear CT: 0.7 ms]
   [Other: 3.1 ms]
      [Choose CSet: 0.0 ms]
      [Ref Proc: 1.6 ms]
      [Ref Enq: 0.0 ms]
      [Redirty Cards: 0.4 ms]
      [Humongous Register: 0.0 ms]
      [Humongous Reclaim: 0.0 ms]
      [Free CSet: 0.7 ms]
   [Eden: 2908.0M(1740.0M)->0.0B(4680.0M) Survivors: 90112.0K->232.0M Heap: 4252.0M(8192.0M)->1506.0M(8192.0M)]
 [Times: user=0.50 sys=0.00, real=0.07 secs] 
270.801: [GC pause (G1 Evacuation Pause) (young), 0.1327723 secs]
   [Parallel Time: 127.9 ms, GC Workers: 8]
      [GC Worker Start (ms): Min: 270800.8, Avg: 270800.9, Max: 270801.0, Diff: 0.2]
      [Ext Root Scanning (ms): Min: 0.2, Avg: 0.4, Max: 1.5, Diff: 1.3, Sum: 3.5]
      [Update RS (ms): Min: 42.5, Avg: 64.6, Max: 80.1, Diff: 37.5, Sum: 516.6]
         [Processed Buffers: Min: 1, Avg: 3.6, Max: 13, Diff: 12, Sum: 29]
      [Scan RS (ms): Min: 46.9, Avg: 62.3, Max: 83.3, Diff: 36.4, Sum: 498.0]
      [Code Root Scanning (ms): Min: 0.0, Avg: 0.0, Max: 0.1, Diff: 0.1, Sum: 0.2]
      [Object Copy (ms): Min: 0.1, Avg: 0.2, Max: 0.2, Diff: 0.1, Sum: 1.3]
      [Termination (ms): Min: 0.0, Avg: 0.1, Max: 0.2, Diff: 0.1, Sum: 0.7]
         [Termination Attempts: Min: 1, Avg: 1.0, Max: 1, Diff: 0, Sum: 8]
      [GC Worker Other (ms): Min: 0.0, Avg: 0.0, Max: 0.0, Diff: 0.0, Sum: 0.1]
      [GC Worker Total (ms): Min: 127.4, Avg: 127.6, Max: 127.7, Diff: 0.2, Sum: 1020.4]
      [GC Worker End (ms): Min: 270928.4, Avg: 270928.4, Max: 270928.5, Diff: 0.1]
   [Code Root Fixup: 0.0 ms]
   [Code Root Purge: 0.0 ms]
   [Clear CT: 1.5 ms]
   [Other: 3.4 ms]
      [Choose CSet: 0.0 ms]
      [Ref Proc: 2.1 ms]
      [Ref Enq: 0.0 ms]
      [Redirty Cards: 0.3 ms]
      [Humongous Register: 0.0 ms]
      [Humongous Reclaim: 0.0 ms]
      [Free CSet: 0.7 ms]
   [Eden: 4680.0M(4680.0M)->0.0B(4424.0M) Survivors: 232.0M->488.0M Heap: 6186.0M(8192.0M)->1760.0M(8192.0M)]
 [Times: user=0.89 sys=0.11, real=0.13 secs] 
303.021: [GC pause (Metadata GC Threshold) (young) (initial-mark), 0.2041337 secs]
   [Parallel Time: 199.8 ms, GC Workers: 8]
      [GC Worker Start (ms): Min: 303021.7, Avg: 303021.7, Max: 303021.8, Diff: 0.0]
      [Ext Root Scanning (ms): Min: 1.4, Avg: 1.5, Max: 1.6, Diff: 0.1, Sum: 12.2]
      [Update RS (ms): Min: 75.0, Avg: 102.9, Max: 162.0, Diff: 87.1, Sum: 823.3]
         [Processed Buffers: Min: 1, Avg: 3.1, Max: 12, Diff: 11, Sum: 25]
      [Scan RS (ms): Min: 33.7, Avg: 92.9, Max: 121.0, Diff: 87.3, Sum: 743.1]
      [Code Root Scanning (ms): Min: 0.0, Avg: 0.0, Max: 0.1, Diff: 0.1, Sum: 0.2]
      [Object Copy (ms): Min: 0.6, Avg: 1.2, Max: 2.1, Diff: 1.5, Sum: 9.7]
      [Termination (ms): Min: 0.3, Avg: 1.0, Max: 1.4, Diff: 1.1, Sum: 7.7]
         [Termination Attempts: Min: 1, Avg: 2.6, Max: 4, Diff: 3, Sum: 21]
      [GC Worker Other (ms): Min: 0.0, Avg: 0.0, Max: 0.0, Diff: 0.0, Sum: 0.1]
      [GC Worker Total (ms): Min: 199.5, Avg: 199.5, Max: 199.6, Diff: 0.1, Sum: 1596.3]
      [GC Worker End (ms): Min: 303221.3, Avg: 303221.3, Max: 303221.3, Diff: 0.1]
   [Code Root Fixup: 0.0 ms]
   [Code Root Purge: 0.0 ms]
   [Clear CT: 1.1 ms]
   [Other: 3.2 ms]
      [Choose CSet: 0.0 ms]
      [Ref Proc: 1.3 ms]
      [Ref Enq: 0.0 ms]
      [Redirty Cards: 0.3 ms]
      [Humongous Register: 0.0 ms]
      [Humongous Reclaim: 0.0 ms]
      [Free CSet: 1.1 ms]
   [Eden: 3468.0M(4424.0M)->0.0B(4096.0K) Survivors: 488.0M->404.0M Heap: 5226.0M(8192.0M)->1880.0M(8192.0M)]
 [Times: user=1.25 sys=0.36, real=0.20 secs] 
303.226: [GC concurrent-root-region-scan-start]
303.241: [GC pause (G1 Evacuation Pause) (young)303.267: [GC concurrent-root-region-scan-end, 0.0414458 secs]
303.267: [GC concurrent-mark-start]
, 0.2350627 secs]
   [Root Region Scan Waiting: 25.8 ms]
   [Parallel Time: 208.2 ms, GC Workers: 8]
      [GC Worker Start (ms): Min: 303267.2, Avg: 303267.2, Max: 303267.2, Diff: 0.0]
      [Ext Root Scanning (ms): Min: 0.3, Avg: 0.5, Max: 1.3, Diff: 1.1, Sum: 3.9]
      [Update RS (ms): Min: 196.2, Avg: 199.6, Max: 206.8, Diff: 10.6, Sum: 1596.5]
         [Processed Buffers: Min: 11, Avg: 57.6, Max: 90, Diff: 79, Sum: 461]
      [Scan RS (ms): Min: 0.0, Avg: 0.1, Max: 0.3, Diff: 0.3, Sum: 0.4]
      [Code Root Scanning (ms): Min: 0.0, Avg: 0.0, Max: 0.0, Diff: 0.0, Sum: 0.1]
      [Object Copy (ms): Min: 0.5, Avg: 7.2, Max: 9.7, Diff: 9.2, Sum: 57.5]
      [Termination (ms): Min: 0.4, Avg: 0.8, Max: 1.2, Diff: 0.7, Sum: 6.1]
         [Termination Attempts: Min: 1, Avg: 2.6, Max: 4, Diff: 3, Sum: 21]
      [GC Worker Other (ms): Min: 0.0, Avg: 0.0, Max: 0.0, Diff: 0.0, Sum: 0.0]
      [GC Worker Total (ms): Min: 208.0, Avg: 208.1, Max: 208.1, Diff: 0.1, Sum: 1664.6]
      [GC Worker End (ms): Min: 303475.2, Avg: 303475.3, Max: 303475.3, Diff: 0.0]
   [Code Root Fixup: 0.0 ms]
   [Code Root Purge: 0.0 ms]
   [Clear CT: 0.1 ms]
   [Other: 1.0 ms]
      [Choose CSet: 0.0 ms]
      [Ref Proc: 0.3 ms]
      [Ref Enq: 0.0 ms]
      [Redirty Cards: 0.4 ms]
      [Humongous Register: 0.0 ms]
      [Humongous Reclaim: 0.0 ms]
      [Free CSet: 0.2 ms]
   [Eden: 4096.0K(4096.0K)->0.0B(392.0M) Survivors: 404.0M->16384.0K Heap: 1884.0M(8192.0M)->1903.9M(8192.0M)]
 [Times: user=0.48 sys=1.20, real=0.23 secs] 
303.658: [GC concurrent-mark-end, 0.3910880 secs]
303.658: [GC remark 303.658: [Finalize Marking, 0.0001950 secs] 303.659: [GC ref-proc, 0.0002246 secs] 303.659: [Unloading, 0.0081881 secs], 0.0093169 secs]
 [Times: user=0.00 sys=0.00, real=0.01 secs] 
303.668: [GC cleanup 1929M->1661M(8192M), 0.0029191 secs]
 [Times: user=0.00 sys=0.00, real=0.00 secs] 
303.671: [GC concurrent-cleanup-start]
303.671: [GC concurrent-cleanup-end, 0.0001968 secs]303.671:  [free physical memory: 0 KB, 0 regions, 0.0000000 secs]

308.113: [GC pause (G1 Evacuation Pause) (young) (initial-mark), 0.0151051 secs]
   [Parallel Time: 13.5 ms, GC Workers: 8]
      [GC Worker Start (ms): Min: 308113.4, Avg: 308113.4, Max: 308113.4, Diff: 0.1]
      [Ext Root Scanning (ms): Min: 3.4, Avg: 3.5, Max: 3.7, Diff: 0.3, Sum: 28.0]
      [Update RS (ms): Min: 1.8, Avg: 2.3, Max: 2.9, Diff: 1.2, Sum: 18.2]
         [Processed Buffers: Min: 0, Avg: 3.0, Max: 7, Diff: 7, Sum: 24]
      [Scan RS (ms): Min: 6.5, Avg: 7.2, Max: 7.7, Diff: 1.2, Sum: 57.2]
      [Code Root Scanning (ms): Min: 0.0, Avg: 0.0, Max: 0.2, Diff: 0.2, Sum: 0.2]
      [Object Copy (ms): Min: 0.1, Avg: 0.2, Max: 0.3, Diff: 0.2, Sum: 1.8]
      [Termination (ms): Min: 0.0, Avg: 0.0, Max: 0.1, Diff: 0.1, Sum: 0.4]
         [Termination Attempts: Min: 1, Avg: 1.0, Max: 1, Diff: 0, Sum: 8]
      [GC Worker Other (ms): Min: 0.0, Avg: 0.0, Max: 0.0, Diff: 0.0, Sum: 0.1]
      [GC Worker Total (ms): Min: 13.2, Avg: 13.2, Max: 13.3, Diff: 0.1, Sum: 105.9]
      [GC Worker End (ms): Min: 308126.6, Avg: 308126.6, Max: 308126.7, Diff: 0.1]
   [Code Root Fixup: 0.0 ms]
   [Code Root Purge: 0.0 ms]
   [Clear CT: 0.2 ms]
   [Other: 1.3 ms]
      [Choose CSet: 0.0 ms]
      [Ref Proc: 0.3 ms]
      [Ref Enq: 0.0 ms]
      [Redirty Cards: 0.1 ms]
      [Humongous Register: 0.0 ms]
      [Humongous Reclaim: 0.0 ms]
      [Free CSet: 0.4 ms]
   [Eden: 392.0M(392.0M)->0.0B(368.0M) Survivors: 16384.0K->40960.0K Heap: 2027.9M(8192.0M)->1657.9M(8192.0M)]
 [Times: user=0.13 sys=0.00, real=0.02 secs] 
308.128: [GC concurrent-root-region-scan-start]
308.140: [GC concurrent-root-region-scan-end, 0.0122409 secs]
308.140: [GC concurrent-mark-start]
308.362: [GC concurrent-mark-end, 0.2221362 secs]
308.362: [GC remark 308.363: [Finalize Marking, 0.0003060 secs] 308.363: [GC ref-proc, 0.0002317 secs] 308.363: [Unloading, 0.0079728 secs], 0.0094409 secs]
 [Times: user=0.05 sys=0.00, real=0.01 secs] 
308.372: [GC cleanup 1679M->1579M(8192M), 0.0023906 secs]
 [Times: user=0.00 sys=0.00, real=0.00 secs] 
308.375: [GC concurrent-cleanup-start]
308.375: [GC concurrent-cleanup-end, 0.0001122 secs]308.375:  [free physical memory: 0 KB, 0 regions, 0.0000000 secs]

311.143: [GC pause (G1 Evacuation Pause) (young), 0.0161591 secs]
   [Parallel Time: 14.1 ms, GC Workers: 8]
      [GC Worker Start (ms): Min: 311143.0, Avg: 311143.1, Max: 311143.2, Diff: 0.1]
      [Ext Root Scanning (ms): Min: 0.2, Avg: 0.9, Max: 5.0, Diff: 4.7, Sum: 6.9]
      [Update RS (ms): Min: 0.0, Avg: 2.5, Max: 3.4, Diff: 3.4, Sum: 20.0]
         [Processed Buffers: Min: 0, Avg: 2.8, Max: 10, Diff: 10, Sum: 22]
      [Scan RS (ms): Min: 8.7, Avg: 10.1, Max: 10.7, Diff: 2.0, Sum: 80.9]
      [Code Root Scanning (ms): Min: 0.0, Avg: 0.0, Max: 0.1, Diff: 0.1, Sum: 0.2]
      [Object Copy (ms): Min: 0.0, Avg: 0.2, Max: 0.3, Diff: 0.3, Sum: 1.4]
      [Termination (ms): Min: 0.1, Avg: 0.2, Max: 0.3, Diff: 0.2, Sum: 1.3]
         [Termination Attempts: Min: 1, Avg: 1.0, Max: 1, Diff: 0, Sum: 8]
      [GC Worker Other (ms): Min: 0.0, Avg: 0.0, Max: 0.0, Diff: 0.0, Sum: 0.0]
      [GC Worker Total (ms): Min: 13.7, Avg: 13.8, Max: 14.0, Diff: 0.3, Sum: 110.7]
      [GC Worker End (ms): Min: 311156.8, Avg: 311156.9, Max: 311157.0, Diff: 0.2]
   [Code Root Fixup: 0.0 ms]
   [Code Root Purge: 0.0 ms]
   [Clear CT: 0.4 ms]
   [Other: 1.6 ms]
      [Choose CSet: 0.0 ms]
      [Ref Proc: 0.8 ms]
      [Ref Enq: 0.0 ms]
      [Redirty Cards: 0.4 ms]
      [Humongous Register: 0.0 ms]
      [Humongous Reclaim: 0.0 ms]
      [Free CSet: 0.3 ms]
   [Eden: 368.0M(368.0M)->0.0B(380.0M) Survivors: 40960.0K->28672.0K Heap: 1925.9M(8192.0M)->1582.0M(8192.0M)]
 [Times: user=0.13 sys=0.00, real=0.02 secs] 
313.809: [GC pause (G1 Evacuation Pause) (mixed), 0.0189935 secs]
   [Parallel Time: 15.4 ms, GC Workers: 8]
      [GC Worker Start (ms): Min: 313809.6, Avg: 313809.6, Max: 313809.7, Diff: 0.1]
      [Ext Root Scanning (ms): Min: 0.3, Avg: 0.6, Max: 2.3, Diff: 2.0, Sum: 4.8]
      [Update RS (ms): Min: 0.8, Avg: 2.4, Max: 4.0, Diff: 3.2, Sum: 19.5]
         [Processed Buffers: Min: 0, Avg: 3.0, Max: 10, Diff: 10, Sum: 24]
      [Scan RS (ms): Min: 10.1, Avg: 11.6, Max: 12.2, Diff: 2.1, Sum: 92.8]
      [Code Root Scanning (ms): Min: 0.0, Avg: 0.0, Max: 0.0, Diff: 0.0, Sum: 0.1]
      [Object Copy (ms): Min: 0.2, Avg: 0.4, Max: 0.5, Diff: 0.3, Sum: 3.1]
      [Termination (ms): Min: 0.0, Avg: 0.1, Max: 0.2, Diff: 0.2, Sum: 0.8]
         [Termination Attempts: Min: 1, Avg: 1.0, Max: 1, Diff: 0, Sum: 8]
      [GC Worker Other (ms): Min: 0.0, Avg: 0.0, Max: 0.0, Diff: 0.0, Sum: 0.0]
      [GC Worker Total (ms): Min: 15.0, Avg: 15.1, Max: 15.3, Diff: 0.3, Sum: 121.1]
      [GC Worker End (ms): Min: 313824.7, Avg: 313824.8, Max: 313824.9, Diff: 0.2]
   [Code Root Fixup: 0.0 ms]
   [Code Root Purge: 0.0 ms]
   [Clear CT: 0.9 ms]
   [Other: 2.6 ms]
      [Choose CSet: 0.1 ms]
      [Ref Proc: 0.9 ms]
      [Ref Enq: 0.0 ms]
      [Redirty Cards: 0.4 ms]
      [Humongous Register: 0.0 ms]
      [Humongous Reclaim: 0.0 ms]
      [Free CSet: 1.0 ms]
   [Eden: 380.0M(380.0M)->0.0B(360.0M) Survivors: 28672.0K->49152.0K Heap: 1962.0M(8192.0M)->1066.0M(8192.0M)]
 [Times: user=0.13 sys=0.00, real=0.02 secs] 
317.185: [GC pause (G1 Evacuation Pause) (young), 0.0231938 secs]
   [Parallel Time: 21.0 ms, GC Workers: 8]
      [GC Worker Start (ms): Min: 317185.2, Avg: 317185.3, Max: 317185.4, Diff: 0.2]
      [Ext Root Scanning (ms): Min: 0.3, Avg: 0.8, Max: 3.3, Diff: 3.0, Sum: 6.7]
      [Update RS (ms): Min: 2.8, Avg: 5.1, Max: 6.5, Diff: 3.7, Sum: 40.6]
         [Processed Buffers: Min: 1, Avg: 3.1, Max: 8, Diff: 7, Sum: 25]
      [Scan RS (ms): Min: 13.5, Avg: 14.5, Max: 15.0, Diff: 1.5, Sum: 116.1]
      [Code Root Scanning (ms): Min: 0.0, Avg: 0.0, Max: 0.0, Diff: 0.0, Sum: 0.0]
      [Object Copy (ms): Min: 0.1, Avg: 0.1, Max: 0.2, Diff: 0.1, Sum: 1.1]
      [Termination (ms): Min: 0.1, Avg: 0.2, Max: 0.3, Diff: 0.2, Sum: 1.3]
         [Termination Attempts: Min: 1, Avg: 1.8, Max: 3, Diff: 2, Sum: 14]
      [GC Worker Other (ms): Min: 0.0, Avg: 0.0, Max: 0.0, Diff: 0.0, Sum: 0.0]
      [GC Worker Total (ms): Min: 20.6, Avg: 20.7, Max: 21.0, Diff: 0.4, Sum: 165.9]
      [GC Worker End (ms): Min: 317205.9, Avg: 317206.0, Max: 317206.2, Diff: 0.2]
   [Code Root Fixup: 0.0 ms]
   [Code Root Purge: 0.0 ms]
   [Clear CT: 0.5 ms]
   [Other: 1.6 ms]
      [Choose CSet: 0.0 ms]
      [Ref Proc: 0.7 ms]
      [Ref Enq: 0.0 ms]
      [Redirty Cards: 0.3 ms]
      [Humongous Register: 0.1 ms]
      [Humongous Reclaim: 0.0 ms]
      [Free CSet: 0.4 ms]
   [Eden: 360.0M(360.0M)->0.0B(360.0M) Survivors: 49152.0K->49152.0K Heap: 1426.0M(8192.0M)->1094.0M(8192.0M)]
 [Times: user=0.13 sys=0.00, real=0.02 secs] 
319.708: [GC pause (G1 Evacuation Pause) (young), 0.0166407 secs]
   [Parallel Time: 14.7 ms, GC Workers: 8]
      [GC Worker Start (ms): Min: 319708.4, Avg: 319708.4, Max: 319708.5, Diff: 0.1]
      [Ext Root Scanning (ms): Min: 0.2, Avg: 0.5, Max: 2.1, Diff: 1.9, Sum: 4.1]
      [Update RS (ms): Min: 1.7, Avg: 3.2, Max: 5.6, Diff: 3.9, Sum: 25.8]
         [Processed Buffers: Min: 1, Avg: 3.8, Max: 9, Diff: 8, Sum: 30]
      [Scan RS (ms): Min: 8.2, Avg: 10.3, Max: 10.8, Diff: 2.6, Sum: 82.0]
      [Code Root Scanning (ms): Min: 0.0, Avg: 0.0, Max: 0.0, Diff: 0.0, Sum: 0.0]
      [Object Copy (ms): Min: 0.1, Avg: 0.1, Max: 0.2, Diff: 0.1, Sum: 1.2]
      [Termination (ms): Min: 0.1, Avg: 0.1, Max: 0.3, Diff: 0.2, Sum: 1.2]
         [Termination Attempts: Min: 1, Avg: 1.0, Max: 1, Diff: 0, Sum: 8]
      [GC Worker Other (ms): Min: 0.0, Avg: 0.0, Max: 0.0, Diff: 0.0, Sum: 0.0]
      [GC Worker Total (ms): Min: 14.2, Avg: 14.3, Max: 14.5, Diff: 0.3, Sum: 114.3]
      [GC Worker End (ms): Min: 319722.6, Avg: 319722.7, Max: 319722.8, Diff: 0.2]
   [Code Root Fixup: 0.0 ms]
   [Code Root Purge: 0.0 ms]
   [Clear CT: 0.5 ms]
   [Other: 1.5 ms]
      [Choose CSet: 0.0 ms]
      [Ref Proc: 0.6 ms]
      [Ref Enq: 0.0 ms]
      [Redirty Cards: 0.4 ms]
      [Humongous Register: 0.0 ms]
      [Humongous Reclaim: 0.0 ms]
      [Free CSet: 0.3 ms]
   [Eden: 360.0M(360.0M)->0.0B(4868.0M) Survivors: 49152.0K->45056.0K Heap: 1454.0M(8192.0M)->1116.9M(8192.0M)]
 [Times: user=0.13 sys=0.00, real=0.02 secs] 
330.790: [GC pause (G1 Evacuation Pause) (young), 0.0316222 secs]
   [Parallel Time: 29.3 ms, GC Workers: 8]
      [GC Worker Start (ms): Min: 330789.7, Avg: 330789.8, Max: 330789.8, Diff: 0.1]
      [Ext Root Scanning (ms): Min: 0.2, Avg: 0.5, Max: 1.9, Diff: 1.7, Sum: 4.0]
      [Update RS (ms): Min: 5.0, Avg: 6.0, Max: 8.8, Diff: 3.9, Sum: 48.3]
         [Processed Buffers: Min: 1, Avg: 3.9, Max: 10, Diff: 9, Sum: 31]
      [Scan RS (ms): Min: 18.1, Avg: 22.2, Max: 23.5, Diff: 5.4, Sum: 177.5]
      [Code Root Scanning (ms): Min: 0.0, Avg: 0.0, Max: 0.0, Diff: 0.0, Sum: 0.1]
      [Object Copy (ms): Min: 0.1, Avg: 0.1, Max: 0.2, Diff: 0.1, Sum: 1.2]
      [Termination (ms): Min: 0.0, Avg: 0.1, Max: 0.1, Diff: 0.1, Sum: 0.5]
         [Termination Attempts: Min: 1, Avg: 1.0, Max: 1, Diff: 0, Sum: 8]
      [GC Worker Other (ms): Min: 0.0, Avg: 0.0, Max: 0.0, Diff: 0.0, Sum: 0.0]
      [GC Worker Total (ms): Min: 28.9, Avg: 28.9, Max: 29.0, Diff: 0.2, Sum: 231.6]
      [GC Worker End (ms): Min: 330818.7, Avg: 330818.7, Max: 330818.8, Diff: 0.1]
   [Code Root Fixup: 0.0 ms]
   [Code Root Purge: 0.0 ms]
   [Clear CT: 0.7 ms]
   [Other: 1.7 ms]
      [Choose CSet: 0.0 ms]
      [Ref Proc: 0.7 ms]
      [Ref Enq: 0.0 ms]
      [Redirty Cards: 0.2 ms]
      [Humongous Register: 0.0 ms]
      [Humongous Reclaim: 0.0 ms]
      [Free CSet: 0.6 ms]
   [Eden: 1204.0M(364.0M)->0.0B(4860.0M) Survivors: 45056.0K->53248.0K Heap: 2320.9M(8192.0M)->1186.0M(8192.0M)]
 [Times: user=0.25 sys=0.00, real=0.03 secs] 
365.667: [GC pause (G1 Evacuation Pause) (young), 0.0658175 secs]
   [Parallel Time: 60.1 ms, GC Workers: 8]
      [GC Worker Start (ms): Min: 365667.3, Avg: 365667.4, Max: 365667.4, Diff: 0.1]
      [Ext Root Scanning (ms): Min: 0.2, Avg: 0.5, Max: 1.9, Diff: 1.7, Sum: 4.1]
      [Update RS (ms): Min: 8.3, Avg: 11.0, Max: 18.1, Diff: 9.8, Sum: 87.9]
         [Processed Buffers: Min: 2, Avg: 3.9, Max: 7, Diff: 5, Sum: 31]
      [Scan RS (ms): Min: 41.3, Avg: 48.1, Max: 50.9, Diff: 9.6, Sum: 384.7]
      [Code Root Scanning (ms): Min: 0.0, Avg: 0.0, Max: 0.0, Diff: 0.0, Sum: 0.2]
      [Object Copy (ms): Min: 0.1, Avg: 0.2, Max: 0.3, Diff: 0.2, Sum: 1.8]
      [Termination (ms): Min: 0.0, Avg: 0.1, Max: 0.2, Diff: 0.2, Sum: 0.8]
         [Termination Attempts: Min: 1, Avg: 1.0, Max: 1, Diff: 0, Sum: 8]
      [GC Worker Other (ms): Min: 0.0, Avg: 0.0, Max: 0.0, Diff: 0.0, Sum: 0.0]
      [GC Worker Total (ms): Min: 59.9, Avg: 59.9, Max: 60.0, Diff: 0.2, Sum: 479.4]
      [GC Worker End (ms): Min: 365727.2, Avg: 365727.3, Max: 365727.4, Diff: 0.2]
   [Code Root Fixup: 0.0 ms]
   [Code Root Purge: 0.0 ms]
   [Clear CT: 1.3 ms]
   [Other: 4.4 ms]
      [Choose CSet: 0.0 ms]
      [Ref Proc: 1.8 ms]
      [Ref Enq: 0.0 ms]
      [Redirty Cards: 0.7 ms]
      [Humongous Register: 0.0 ms]
      [Humongous Reclaim: 0.0 ms]
      [Free CSet: 1.4 ms]
   [Eden: 3940.0M(356.0M)->0.0B(4860.0M) Survivors: 53248.0K->53248.0K Heap: 5126.0M(8192.0M)->1374.0M(8192.0M)]
 [Times: user=0.59 sys=0.03, real=0.07 secs] 
408.046: [GC pause (G1 Evacuation Pause) (young), 0.0776381 secs]
   [Parallel Time: 72.5 ms, GC Workers: 8]
      [GC Worker Start (ms): Min: 408046.4, Avg: 408046.4, Max: 408046.5, Diff: 0.1]
      [Ext Root Scanning (ms): Min: 0.2, Avg: 0.5, Max: 1.9, Diff: 1.7, Sum: 3.9]
      [Update RS (ms): Min: 12.5, Avg: 24.6, Max: 47.0, Diff: 34.4, Sum: 196.5]
         [Processed Buffers: Min: 1, Avg: 4.1, Max: 11, Diff: 10, Sum: 33]
      [Scan RS (ms): Min: 24.4, Avg: 46.8, Max: 57.6, Diff: 33.1, Sum: 374.2]
      [Code Root Scanning (ms): Min: 0.0, Avg: 0.0, Max: 0.1, Diff: 0.1, Sum: 0.2]
      [Object Copy (ms): Min: 0.1, Avg: 0.1, Max: 0.2, Diff: 0.2, Sum: 1.1]
      [Termination (ms): Min: 0.1, Avg: 0.2, Max: 0.3, Diff: 0.2, Sum: 1.4]
         [Termination Attempts: Min: 1, Avg: 1.0, Max: 1, Diff: 0, Sum: 8]
      [GC Worker Other (ms): Min: 0.0, Avg: 0.0, Max: 0.0, Diff: 0.0, Sum: 0.1]
      [GC Worker Total (ms): Min: 72.1, Avg: 72.2, Max: 72.3, Diff: 0.2, Sum: 577.4]
      [GC Worker End (ms): Min: 408118.5, Avg: 408118.6, Max: 408118.7, Diff: 0.2]
   [Code Root Fixup: 0.0 ms]
   [Code Root Purge: 0.0 ms]
   [Clear CT: 1.7 ms]
   [Other: 3.4 ms]
      [Choose CSet: 0.0 ms]
      [Ref Proc: 1.8 ms]
      [Ref Enq: 0.0 ms]
      [Redirty Cards: 0.3 ms]
      [Humongous Register: 0.0 ms]
      [Humongous Reclaim: 0.0 ms]
      [Free CSet: 0.8 ms]
   [Eden: 4860.0M(4860.0M)->0.0B(4624.0M) Survivors: 53248.0K->288.0M Heap: 6234.0M(8192.0M)->1608.0M(8192.0M)]
 [Times: user=0.58 sys=0.00, real=0.08 secs] 
446.525: [GC pause (G1 Evacuation Pause) (young), 0.1416897 secs]
   [Parallel Time: 137.2 ms, GC Workers: 8]
      [GC Worker Start (ms): Min: 446525.0, Avg: 446525.0, Max: 446525.1, Diff: 0.1]
      [Ext Root Scanning (ms): Min: 0.3, Avg: 0.5, Max: 1.5, Diff: 1.2, Sum: 3.8]
      [Update RS (ms): Min: 8.2, Avg: 14.4, Max: 30.9, Diff: 22.7, Sum: 114.8]
         [Processed Buffers: Min: 1, Avg: 4.1, Max: 11, Diff: 10, Sum: 33]
      [Scan RS (ms): Min: 104.1, Avg: 120.4, Max: 125.8, Diff: 21.7, Sum: 963.0]
      [Code Root Scanning (ms): Min: 0.0, Avg: 0.0, Max: 0.1, Diff: 0.1, Sum: 0.2]
      [Object Copy (ms): Min: 1.6, Avg: 1.8, Max: 1.9, Diff: 0.3, Sum: 14.4]
      [Termination (ms): Min: 0.0, Avg: 0.1, Max: 0.1, Diff: 0.1, Sum: 0.8]
         [Termination Attempts: Min: 1, Avg: 1.0, Max: 1, Diff: 0, Sum: 8]
      [GC Worker Other (ms): Min: 0.0, Avg: 0.0, Max: 0.0, Diff: 0.0, Sum: 0.1]
      [GC Worker Total (ms): Min: 137.0, Avg: 137.1, Max: 137.2, Diff: 0.2, Sum: 1097.0]
      [GC Worker End (ms): Min: 446662.1, Avg: 446662.2, Max: 446662.2, Diff: 0.1]
   [Code Root Fixup: 0.0 ms]
   [Code Root Purge: 0.0 ms]
   [Clear CT: 1.4 ms]
   [Other: 3.1 ms]
      [Choose CSet: 0.0 ms]
      [Ref Proc: 1.8 ms]
      [Ref Enq: 0.0 ms]
      [Redirty Cards: 0.2 ms]
      [Humongous Register: 0.0 ms]
      [Humongous Reclaim: 0.0 ms]
      [Free CSet: 0.7 ms]
   [Eden: 4624.0M(4624.0M)->0.0B(4428.0M) Survivors: 288.0M->484.0M Heap: 6232.0M(8192.0M)->1804.0M(8192.0M)]
 [Times: user=1.13 sys=0.00, real=0.14 secs] 
484.975: [GC pause (G1 Evacuation Pause) (young), 0.1590862 secs]
   [Parallel Time: 154.5 ms, GC Workers: 8]
      [GC Worker Start (ms): Min: 484974.9, Avg: 484975.0, Max: 484975.0, Diff: 0.1]
      [Ext Root Scanning (ms): Min: 0.2, Avg: 0.5, Max: 1.5, Diff: 1.4, Sum: 3.9]
      [Update RS (ms): Min: 9.7, Avg: 14.4, Max: 21.5, Diff: 11.8, Sum: 115.2]
         [Processed Buffers: Min: 1, Avg: 4.3, Max: 10, Diff: 9, Sum: 34]
      [Scan RS (ms): Min: 125.5, Avg: 132.5, Max: 136.5, Diff: 11.0, Sum: 1059.9]
      [Code Root Scanning (ms): Min: 0.0, Avg: 0.0, Max: 0.0, Diff: 0.0, Sum: 0.1]
      [Object Copy (ms): Min: 6.8, Avg: 7.0, Max: 7.2, Diff: 0.4, Sum: 56.0]
      [Termination (ms): Min: 0.0, Avg: 0.0, Max: 0.0, Diff: 0.0, Sum: 0.2]
         [Termination Attempts: Min: 1, Avg: 1.0, Max: 1, Diff: 0, Sum: 8]
      [GC Worker Other (ms): Min: 0.0, Avg: 0.0, Max: 0.1, Diff: 0.1, Sum: 0.2]
      [GC Worker Total (ms): Min: 154.4, Avg: 154.4, Max: 154.5, Diff: 0.2, Sum: 1235.5]
      [GC Worker End (ms): Min: 485129.4, Avg: 485129.4, Max: 485129.4, Diff: 0.1]
   [Code Root Fixup: 0.0 ms]
   [Code Root Purge: 0.0 ms]
   [Clear CT: 1.4 ms]
   [Other: 3.1 ms]
      [Choose CSet: 0.0 ms]
      [Ref Proc: 1.5 ms]
      [Ref Enq: 0.0 ms]
      [Redirty Cards: 0.6 ms]
      [Humongous Register: 0.0 ms]
      [Humongous Reclaim: 0.0 ms]
      [Free CSet: 0.8 ms]
   [Eden: 4428.0M(4428.0M)->0.0B(4096.0K) Survivors: 484.0M->408.0M Heap: 6232.0M(8192.0M)->2002.0M(8192.0M)]
 [Times: user=1.25 sys=0.00, real=0.16 secs] 
485.158: [GC pause (G1 Evacuation Pause) (young), 0.1795988 secs]
   [Parallel Time: 177.4 ms, GC Workers: 8]
      [GC Worker Start (ms): Min: 485157.7, Avg: 485157.7, Max: 485157.8, Diff: 0.1]
      [Ext Root Scanning (ms): Min: 0.3, Avg: 0.6, Max: 2.6, Diff: 2.3, Sum: 4.6]
      [Update RS (ms): Min: 0.0, Avg: 1.2, Max: 2.5, Diff: 2.5, Sum: 10.0]
         [Processed Buffers: Min: 0, Avg: 2.8, Max: 11, Diff: 11, Sum: 22]
      [Scan RS (ms): Min: 159.4, Avg: 160.5, Max: 161.9, Diff: 2.5, Sum: 1284.0]
      [Code Root Scanning (ms): Min: 0.0, Avg: 0.0, Max: 0.0, Diff: 0.0, Sum: 0.1]
      [Object Copy (ms): Min: 12.3, Avg: 14.5, Max: 15.4, Diff: 3.1, Sum: 115.7]
      [Termination (ms): Min: 0.0, Avg: 0.5, Max: 0.8, Diff: 0.8, Sum: 3.8]
         [Termination Attempts: Min: 1, Avg: 1.0, Max: 1, Diff: 0, Sum: 8]
      [GC Worker Other (ms): Min: 0.0, Avg: 0.0, Max: 0.0, Diff: 0.0, Sum: 0.0]
      [GC Worker Total (ms): Min: 177.2, Avg: 177.3, Max: 177.3, Diff: 0.1, Sum: 1418.2]
      [GC Worker End (ms): Min: 485335.0, Avg: 485335.0, Max: 485335.0, Diff: 0.0]
   [Code Root Fixup: 0.0 ms]
   [Code Root Purge: 0.0 ms]
   [Clear CT: 0.3 ms]
   [Other: 1.9 ms]
      [Choose CSet: 0.0 ms]
      [Ref Proc: 0.2 ms]
      [Ref Enq: 0.0 ms]
      [Redirty Cards: 0.5 ms]
      [Humongous Register: 0.0 ms]
      [Humongous Reclaim: 0.0 ms]
      [Free CSet: 0.4 ms]
   [Eden: 4096.0K(4096.0K)->0.0B(392.0M) Survivors: 408.0M->16384.0K Heap: 2006.0M(8192.0M)->2085.1M(8192.0M)]
 [Times: user=0.70 sys=0.66, real=0.18 secs] 
489.607: [GC pause (G1 Evacuation Pause) (young), 0.0111390 secs]
   [Parallel Time: 9.2 ms, GC Workers: 8]
      [GC Worker Start (ms): Min: 489606.9, Avg: 489606.9, Max: 489606.9, Diff: 0.0]
      [Ext Root Scanning (ms): Min: 0.3, Avg: 0.5, Max: 1.4, Diff: 1.1, Sum: 3.8]
      [Update RS (ms): Min: 1.6, Avg: 2.5, Max: 2.7, Diff: 1.1, Sum: 19.8]
         [Processed Buffers: Min: 2, Avg: 4.1, Max: 9, Diff: 7, Sum: 33]
      [Scan RS (ms): Min: 5.6, Avg: 5.7, Max: 5.9, Diff: 0.4, Sum: 45.6]
      [Code Root Scanning (ms): Min: 0.0, Avg: 0.0, Max: 0.0, Diff: 0.0, Sum: 0.0]
      [Object Copy (ms): Min: 0.2, Avg: 0.3, Max: 0.4, Diff: 0.2, Sum: 2.2]
      [Termination (ms): Min: 0.1, Avg: 0.2, Max: 0.2, Diff: 0.1, Sum: 1.3]
         [Termination Attempts: Min: 1, Avg: 1.0, Max: 1, Diff: 0, Sum: 8]
      [GC Worker Other (ms): Min: 0.0, Avg: 0.0, Max: 0.0, Diff: 0.0, Sum: 0.0]
      [GC Worker Total (ms): Min: 9.0, Avg: 9.1, Max: 9.2, Diff: 0.1, Sum: 72.8]
      [GC Worker End (ms): Min: 489615.9, Avg: 489616.0, Max: 489616.0, Diff: 0.1]
   [Code Root Fixup: 0.0 ms]
   [Code Root Purge: 0.0 ms]
   [Clear CT: 0.6 ms]
   [Other: 1.4 ms]
      [Choose CSet: 0.0 ms]
      [Ref Proc: 0.6 ms]
      [Ref Enq: 0.0 ms]
      [Redirty Cards: 0.3 ms]
      [Humongous Register: 0.0 ms]
      [Humongous Reclaim: 0.0 ms]
      [Free CSet: 0.3 ms]
   [Eden: 392.0M(392.0M)->0.0B(4872.0M) Survivors: 16384.0K->40960.0K Heap: 2477.1M(8192.0M)->2107.1M(8192.0M)]
 [Times: user=0.00 sys=0.00, real=0.01 secs] 
505.873: [GC pause (G1 Evacuation Pause) (young), 0.0425208 secs]
   [Parallel Time: 39.6 ms, GC Workers: 8]
      [GC Worker Start (ms): Min: 505874.0, Avg: 505874.0, Max: 505874.1, Diff: 0.1]
      [Ext Root Scanning (ms): Min: 0.2, Avg: 0.5, Max: 1.7, Diff: 1.5, Sum: 4.0]
      [Update RS (ms): Min: 6.6, Avg: 7.8, Max: 10.8, Diff: 4.2, Sum: 62.7]
         [Processed Buffers: Min: 1, Avg: 4.1, Max: 7, Diff: 6, Sum: 33]
      [Scan RS (ms): Min: 27.3, Avg: 30.8, Max: 32.3, Diff: 5.0, Sum: 246.4]
      [Code Root Scanning (ms): Min: 0.0, Avg: 0.0, Max: 0.0, Diff: 0.0, Sum: 0.1]
      [Object Copy (ms): Min: 0.1, Avg: 0.1, Max: 0.2, Diff: 0.1, Sum: 0.9]
      [Termination (ms): Min: 0.0, Avg: 0.1, Max: 0.2, Diff: 0.2, Sum: 0.7]
         [Termination Attempts: Min: 1, Avg: 1.1, Max: 2, Diff: 1, Sum: 9]
      [GC Worker Other (ms): Min: 0.0, Avg: 0.0, Max: 0.0, Diff: 0.0, Sum: 0.0]
      [GC Worker Total (ms): Min: 39.3, Avg: 39.3, Max: 39.4, Diff: 0.1, Sum: 314.8]
      [GC Worker End (ms): Min: 505913.3, Avg: 505913.4, Max: 505913.4, Diff: 0.1]
   [Code Root Fixup: 0.0 ms]
   [Code Root Purge: 0.0 ms]
   [Clear CT: 0.6 ms]
   [Other: 2.3 ms]
      [Choose CSet: 0.0 ms]
      [Ref Proc: 0.9 ms]
      [Ref Enq: 0.0 ms]
      [Redirty Cards: 0.4 ms]
      [Humongous Register: 0.0 ms]
      [Humongous Reclaim: 0.0 ms]
      [Free CSet: 0.4 ms]
   [Eden: 1800.0M(368.0M)->0.0B(4860.0M) Survivors: 40960.0K->53248.0K Heap: 3907.1M(8192.0M)->2196.0M(8192.0M)]
 [Times: user=0.17 sys=0.08, real=0.04 secs] 
521.819: [GC pause (G1 Evacuation Pause) (young), 0.0577187 secs]
   [Parallel Time: 54.8 ms, GC Workers: 8]
      [GC Worker Start (ms): Min: 521819.1, Avg: 521819.2, Max: 521819.2, Diff: 0.1]
      [Ext Root Scanning (ms): Min: 0.2, Avg: 0.4, Max: 1.2, Diff: 1.0, Sum: 3.1]
      [Update RS (ms): Min: 6.6, Avg: 9.2, Max: 14.9, Diff: 8.3, Sum: 73.7]
         [Processed Buffers: Min: 1, Avg: 4.4, Max: 7, Diff: 6, Sum: 35]
      [Scan RS (ms): Min: 34.4, Avg: 40.1, Max: 42.9, Diff: 8.5, Sum: 320.9]
      [Code Root Scanning (ms): Min: 0.0, Avg: 0.0, Max: 0.0, Diff: 0.0, Sum: 0.1]
      [Object Copy (ms): Min: 4.1, Avg: 4.9, Max: 5.1, Diff: 1.0, Sum: 38.9]
      [Termination (ms): Min: 0.1, Avg: 0.1, Max: 0.1, Diff: 0.1, Sum: 0.9]
         [Termination Attempts: Min: 1, Avg: 1.0, Max: 1, Diff: 0, Sum: 8]
      [GC Worker Other (ms): Min: 0.0, Avg: 0.0, Max: 0.0, Diff: 0.0, Sum: 0.1]
      [GC Worker Total (ms): Min: 54.6, Avg: 54.7, Max: 54.8, Diff: 0.1, Sum: 437.7]
      [GC Worker End (ms): Min: 521873.8, Avg: 521873.9, Max: 521873.9, Diff: 0.1]
   [Code Root Fixup: 0.0 ms]
   [Code Root Purge: 0.0 ms]
   [Clear CT: 0.9 ms]
   [Other: 2.0 ms]
      [Choose CSet: 0.0 ms]
      [Ref Proc: 0.9 ms]
      [Ref Enq: 0.0 ms]
      [Redirty Cards: 0.4 ms]
      [Humongous Register: 0.0 ms]
      [Humongous Reclaim: 0.0 ms]
      [Free CSet: 0.4 ms]
   [Eden: 1644.0M(356.0M)->0.0B(4860.0M) Survivors: 53248.0K->53248.0K Heap: 3840.0M(8192.0M)->2292.0M(8192.0M)]
 [Times: user=0.44 sys=0.06, real=0.06 secs] 
548.823: [GC pause (G1 Evacuation Pause) (young), 0.0906933 secs]
   [Parallel Time: 84.7 ms, GC Workers: 8]
      [GC Worker Start (ms): Min: 548823.1, Avg: 548823.1, Max: 548823.2, Diff: 0.1]
      [Ext Root Scanning (ms): Min: 0.2, Avg: 0.5, Max: 1.4, Diff: 1.1, Sum: 4.2]
      [Update RS (ms): Min: 11.3, Avg: 13.3, Max: 20.8, Diff: 9.5, Sum: 106.6]
         [Processed Buffers: Min: 2, Avg: 4.8, Max: 9, Diff: 7, Sum: 38]
      [Scan RS (ms): Min: 62.9, Avg: 70.3, Max: 72.2, Diff: 9.3, Sum: 562.0]
      [Code Root Scanning (ms): Min: 0.0, Avg: 0.0, Max: 0.1, Diff: 0.1, Sum: 0.2]
      [Object Copy (ms): Min: 0.0, Avg: 0.2, Max: 0.4, Diff: 0.4, Sum: 1.9]
      [Termination (ms): Min: 0.1, Avg: 0.1, Max: 0.1, Diff: 0.1, Sum: 0.7]
         [Termination Attempts: Min: 1, Avg: 1.0, Max: 1, Diff: 0, Sum: 8]
      [GC Worker Other (ms): Min: 0.0, Avg: 0.0, Max: 0.0, Diff: 0.0, Sum: 0.1]
      [GC Worker Total (ms): Min: 84.4, Avg: 84.5, Max: 84.5, Diff: 0.2, Sum: 675.7]
      [GC Worker End (ms): Min: 548907.6, Avg: 548907.6, Max: 548907.6, Diff: 0.1]
   [Code Root Fixup: 0.0 ms]
   [Code Root Purge: 0.0 ms]
   [Clear CT: 1.5 ms]
   [Other: 4.5 ms]
      [Choose CSet: 0.0 ms]
      [Ref Proc: 2.8 ms]
      [Ref Enq: 0.0 ms]
      [Redirty Cards: 0.4 ms]
      [Humongous Register: 0.0 ms]
      [Humongous Reclaim: 0.0 ms]
      [Free CSet: 0.8 ms]
   [Eden: 2872.0M(356.0M)->0.0B(4696.0M) Survivors: 53248.0K->53248.0K Heap: 5164.0M(8192.0M)->2446.0M(8192.0M)]
 [Times: user=0.66 sys=0.09, real=0.09 secs] 
577.981: [GC pause (G1 Evacuation Pause) (young), 0.0898081 secs]
   [Parallel Time: 84.7 ms, GC Workers: 8]
      [GC Worker Start (ms): Min: 577981.7, Avg: 577981.8, Max: 577981.9, Diff: 0.2]
      [Ext Root Scanning (ms): Min: 0.2, Avg: 0.6, Max: 2.6, Diff: 2.5, Sum: 4.8]
      [Update RS (ms): Min: 12.5, Avg: 15.2, Max: 21.1, Diff: 8.6, Sum: 121.6]
         [Processed Buffers: Min: 2, Avg: 4.4, Max: 11, Diff: 9, Sum: 35]
      [Scan RS (ms): Min: 60.5, Avg: 67.7, Max: 70.6, Diff: 10.0, Sum: 542.0]
      [Code Root Scanning (ms): Min: 0.0, Avg: 0.0, Max: 0.1, Diff: 0.0, Sum: 0.2]
      [Object Copy (ms): Min: 0.1, Avg: 0.7, Max: 1.0, Diff: 0.9, Sum: 5.8]
      [Termination (ms): Min: 0.1, Avg: 0.1, Max: 0.1, Diff: 0.1, Sum: 0.6]
         [Termination Attempts: Min: 1, Avg: 1.0, Max: 1, Diff: 0, Sum: 8]
      [GC Worker Other (ms): Min: 0.0, Avg: 0.0, Max: 0.1, Diff: 0.1, Sum: 0.1]
      [GC Worker Total (ms): Min: 84.3, Avg: 84.4, Max: 84.5, Diff: 0.2, Sum: 675.2]
      [GC Worker End (ms): Min: 578066.2, Avg: 578066.2, Max: 578066.2, Diff: 0.1]
   [Code Root Fixup: 0.0 ms]
   [Code Root Purge: 0.0 ms]
   [Clear CT: 1.4 ms]
   [Other: 3.8 ms]
      [Choose CSet: 0.0 ms]
      [Ref Proc: 1.6 ms]
      [Ref Enq: 0.1 ms]
      [Redirty Cards: 0.5 ms]
      [Humongous Register: 0.1 ms]
      [Humongous Reclaim: 0.0 ms]
      [Free CSet: 0.9 ms]
   [Eden: 3044.0M(356.0M)->0.0B(4512.0M) Survivors: 53248.0K->53248.0K Heap: 5490.0M(8192.0M)->2618.0M(8192.0M)]
 [Times: user=0.50 sys=0.09, real=0.09 secs] 
615.824: [GC pause (G1 Evacuation Pause) (young), 2.5426945 secs]
   [Parallel Time: 2533.5 ms, GC Workers: 8]
      [GC Worker Start (ms): Min: 615824.2, Avg: 615824.3, Max: 615824.4, Diff: 0.2]
      [Ext Root Scanning (ms): Min: 0.2, Avg: 0.6, Max: 2.6, Diff: 2.5, Sum: 4.4]
      [Update RS (ms): Min: 16.8, Avg: 24.7, Max: 37.1, Diff: 20.4, Sum: 197.9]
         [Processed Buffers: Min: 2, Avg: 4.9, Max: 9, Diff: 7, Sum: 39]
      [Scan RS (ms): Min: 2317.1, Avg: 2456.6, Max: 2513.7, Diff: 196.6, Sum: 19652.4]
      [Code Root Scanning (ms): Min: 0.0, Avg: 0.0, Max: 0.0, Diff: 0.0, Sum: 0.2]
      [Object Copy (ms): Min: 0.0, Avg: 0.6, Max: 2.0, Diff: 2.0, Sum: 4.7]
      [Termination (ms): Min: 0.3, Avg: 50.9, Max: 194.2, Diff: 194.0, Sum: 407.1]
         [Termination Attempts: Min: 1, Avg: 2.5, Max: 7, Diff: 6, Sum: 20]
      [GC Worker Other (ms): Min: 0.0, Avg: 0.0, Max: 0.0, Diff: 0.0, Sum: 0.1]
      [GC Worker Total (ms): Min: 2533.3, Avg: 2533.4, Max: 2533.4, Diff: 0.2, Sum: 20266.8]
      [GC Worker End (ms): Min: 618357.7, Avg: 618357.7, Max: 618357.7, Diff: 0.0]
   [Code Root Fixup: 0.1 ms]
   [Code Root Purge: 0.0 ms]
   [Clear CT: 1.4 ms]
   [Other: 7.7 ms]
      [Choose CSet: 0.0 ms]
      [Ref Proc: 4.2 ms]
      [Ref Enq: 0.2 ms]
      [Redirty Cards: 0.3 ms]
      [Humongous Register: 0.0 ms]
      [Humongous Reclaim: 0.0 ms]
      [Free CSet: 2.5 ms]
   [Eden: 4148.0M(356.0M)->0.0B(356.0M) Survivors: 53248.0K->53248.0K Heap: 6766.0M(8192.0M)->2846.0M(8192.0M)]
 [Times: user=0.64 sys=19.31, real=2.54 secs] 
621.737: [GC pause (G1 Evacuation Pause) (young), 0.0250836 secs]
   [Parallel Time: 23.2 ms, GC Workers: 8]
      [GC Worker Start (ms): Min: 621737.0, Avg: 621737.1, Max: 621737.2, Diff: 0.1]
      [Ext Root Scanning (ms): Min: 0.1, Avg: 0.5, Max: 1.8, Diff: 1.6, Sum: 4.1]
      [Update RS (ms): Min: 4.8, Avg: 6.4, Max: 11.9, Diff: 7.1, Sum: 50.9]
         [Processed Buffers: Min: 2, Avg: 4.6, Max: 10, Diff: 8, Sum: 37]
      [Scan RS (ms): Min: 10.1, Avg: 15.6, Max: 16.8, Diff: 6.7, Sum: 124.5]
      [Code Root Scanning (ms): Min: 0.0, Avg: 0.0, Max: 0.0, Diff: 0.0, Sum: 0.0]
      [Object Copy (ms): Min: 0.1, Avg: 0.3, Max: 0.6, Diff: 0.5, Sum: 2.6]
      [Termination (ms): Min: 0.0, Avg: 0.1, Max: 0.2, Diff: 0.2, Sum: 1.1]
         [Termination Attempts: Min: 1, Avg: 1.1, Max: 2, Diff: 1, Sum: 9]
      [GC Worker Other (ms): Min: 0.0, Avg: 0.0, Max: 0.0, Diff: 0.0, Sum: 0.1]
      [GC Worker Total (ms): Min: 22.8, Avg: 22.9, Max: 23.0, Diff: 0.3, Sum: 183.2]
      [GC Worker End (ms): Min: 621759.9, Avg: 621760.0, Max: 621760.1, Diff: 0.2]
   [Code Root Fixup: 0.0 ms]
   [Code Root Purge: 0.0 ms]
   [Clear CT: 0.4 ms]
   [Other: 1.4 ms]
      [Choose CSet: 0.0 ms]
      [Ref Proc: 0.7 ms]
      [Ref Enq: 0.0 ms]
      [Redirty Cards: 0.2 ms]
      [Humongous Register: 0.0 ms]
      [Humongous Reclaim: 0.0 ms]
      [Free CSet: 0.3 ms]
   [Eden: 356.0M(356.0M)->0.0B(376.0M) Survivors: 53248.0K->32768.0K Heap: 3202.0M(8192.0M)->2884.0M(8192.0M)]
 [Times: user=0.16 sys=0.00, real=0.03 secs] 
623.932: [GC pause (G1 Evacuation Pause) (young), 0.0115260 secs]
   [Parallel Time: 9.8 ms, GC Workers: 8]
      [GC Worker Start (ms): Min: 623932.1, Avg: 623932.1, Max: 623932.2, Diff: 0.2]
      [Ext Root Scanning (ms): Min: 0.2, Avg: 0.5, Max: 1.8, Diff: 1.6, Sum: 3.9]
      [Update RS (ms): Min: 1.5, Avg: 2.6, Max: 2.9, Diff: 1.4, Sum: 20.5]
         [Processed Buffers: Min: 2, Avg: 4.3, Max: 9, Diff: 7, Sum: 34]
      [Scan RS (ms): Min: 6.0, Avg: 6.2, Max: 6.4, Diff: 0.5, Sum: 49.7]
      [Code Root Scanning (ms): Min: 0.0, Avg: 0.0, Max: 0.0, Diff: 0.0, Sum: 0.0]
      [Object Copy (ms): Min: 0.1, Avg: 0.2, Max: 0.2, Diff: 0.1, Sum: 1.4]
      [Termination (ms): Min: 0.1, Avg: 0.2, Max: 0.2, Diff: 0.1, Sum: 1.3]
         [Termination Attempts: Min: 1, Avg: 1.0, Max: 1, Diff: 0, Sum: 8]
      [GC Worker Other (ms): Min: 0.0, Avg: 0.0, Max: 0.0, Diff: 0.0, Sum: 0.0]
      [GC Worker Total (ms): Min: 9.5, Avg: 9.6, Max: 9.7, Diff: 0.2, Sum: 76.9]
      [GC Worker End (ms): Min: 623941.7, Avg: 623941.7, Max: 623941.8, Diff: 0.1]
   [Code Root Fixup: 0.0 ms]
   [Code Root Purge: 0.0 ms]
   [Clear CT: 0.4 ms]
   [Other: 1.4 ms]
      [Choose CSet: 0.0 ms]
      [Ref Proc: 0.7 ms]
      [Ref Enq: 0.0 ms]
      [Redirty Cards: 0.2 ms]
      [Humongous Register: 0.0 ms]
      [Humongous Reclaim: 0.0 ms]
      [Free CSet: 0.4 ms]
   [Eden: 376.0M(376.0M)->0.0B(364.0M) Survivors: 32768.0K->45056.0K Heap: 3260.0M(8192.0M)->2898.0M(8192.0M)]
 [Times: user=0.13 sys=0.00, real=0.01 secs] 
628.595: [GC pause (G1 Evacuation Pause) (young), 0.0213071 secs]
   [Parallel Time: 19.3 ms, GC Workers: 8]
      [GC Worker Start (ms): Min: 628595.3, Avg: 628595.4, Max: 628595.4, Diff: 0.1]
      [Ext Root Scanning (ms): Min: 0.2, Avg: 0.6, Max: 2.1, Diff: 1.9, Sum: 4.6]
      [Update RS (ms): Min: 1.3, Avg: 4.7, Max: 14.4, Diff: 13.1, Sum: 37.5]
         [Processed Buffers: Min: 1, Avg: 4.5, Max: 7, Diff: 6, Sum: 36]
      [Scan RS (ms): Min: 3.8, Avg: 13.2, Max: 15.5, Diff: 11.7, Sum: 105.5]
      [Code Root Scanning (ms): Min: 0.0, Avg: 0.0, Max: 0.0, Diff: 0.0, Sum: 0.0]
      [Object Copy (ms): Min: 0.1, Avg: 0.2, Max: 0.3, Diff: 0.2, Sum: 1.6]
      [Termination (ms): Min: 0.1, Avg: 0.2, Max: 0.4, Diff: 0.2, Sum: 1.8]
         [Termination Attempts: Min: 1, Avg: 1.0, Max: 1, Diff: 0, Sum: 8]
      [GC Worker Other (ms): Min: 0.0, Avg: 0.0, Max: 0.0, Diff: 0.0, Sum: 0.0]
      [GC Worker Total (ms): Min: 18.8, Avg: 18.9, Max: 19.0, Diff: 0.2, Sum: 151.0]
      [GC Worker End (ms): Min: 628614.1, Avg: 628614.2, Max: 628614.4, Diff: 0.2]
   [Code Root Fixup: 0.0 ms]
   [Code Root Purge: 0.0 ms]
   [Clear CT: 0.6 ms]
   [Other: 1.4 ms]
      [Choose CSet: 0.0 ms]
      [Ref Proc: 0.7 ms]
      [Ref Enq: 0.0 ms]
      [Redirty Cards: 0.3 ms]
      [Humongous Register: 0.0 ms]
      [Humongous Reclaim: 0.0 ms]
      [Free CSet: 0.3 ms]
   [Eden: 364.0M(364.0M)->0.0B(356.0M) Survivors: 45056.0K->53248.0K Heap: 3262.0M(8192.0M)->2938.0M(8192.0M)]
 [Times: user=0.13 sys=0.00, real=0.02 secs] 
632.297: [GC pause (G1 Evacuation Pause) (young), 0.0240263 secs]
   [Parallel Time: 22.2 ms, GC Workers: 8]
      [GC Worker Start (ms): Min: 632297.0, Avg: 632297.0, Max: 632297.1, Diff: 0.1]
      [Ext Root Scanning (ms): Min: 0.4, Avg: 0.8, Max: 2.8, Diff: 2.3, Sum: 6.2]
      [Update RS (ms): Min: 2.7, Avg: 5.5, Max: 8.3, Diff: 5.6, Sum: 43.9]
         [Processed Buffers: Min: 0, Avg: 4.5, Max: 9, Diff: 9, Sum: 36]
      [Scan RS (ms): Min: 12.4, Avg: 15.0, Max: 15.8, Diff: 3.4, Sum: 120.2]
      [Code Root Scanning (ms): Min: 0.0, Avg: 0.0, Max: 0.0, Diff: 0.0, Sum: 0.0]
      [Object Copy (ms): Min: 0.2, Avg: 0.3, Max: 0.4, Diff: 0.3, Sum: 2.5]
      [Termination (ms): Min: 0.1, Avg: 0.2, Max: 0.3, Diff: 0.2, Sum: 1.5]
         [Termination Attempts: Min: 1, Avg: 1.0, Max: 1, Diff: 0, Sum: 8]
      [GC Worker Other (ms): Min: 0.0, Avg: 0.0, Max: 0.0, Diff: 0.0, Sum: 0.0]
      [GC Worker Total (ms): Min: 21.7, Avg: 21.8, Max: 21.9, Diff: 0.2, Sum: 174.5]
      [GC Worker End (ms): Min: 632318.8, Avg: 632318.8, Max: 632319.0, Diff: 0.2]
   [Code Root Fixup: 0.0 ms]
   [Code Root Purge: 0.0 ms]
   [Clear CT: 0.3 ms]
   [Other: 1.5 ms]
      [Choose CSet: 0.0 ms]
      [Ref Proc: 0.6 ms]
      [Ref Enq: 0.0 ms]
      [Redirty Cards: 0.4 ms]
      [Humongous Register: 0.1 ms]
      [Humongous Reclaim: 0.0 ms]
      [Free CSet: 0.3 ms]
   [Eden: 356.0M(356.0M)->0.0B(376.0M) Survivors: 53248.0K->32768.0K Heap: 3294.0M(8192.0M)->2972.0M(8192.0M)]
 [Times: user=0.13 sys=0.00, real=0.02 secs] 
634.899: [GC pause (G1 Evacuation Pause) (young), 0.0131630 secs]
   [Parallel Time: 11.3 ms, GC Workers: 8]
      [GC Worker Start (ms): Min: 634898.7, Avg: 634898.8, Max: 634898.9, Diff: 0.2]
      [Ext Root Scanning (ms): Min: 0.3, Avg: 0.6, Max: 1.6, Diff: 1.3, Sum: 4.5]
      [Update RS (ms): Min: 3.6, Avg: 3.8, Max: 4.1, Diff: 0.4, Sum: 30.5]
         [Processed Buffers: Min: 3, Avg: 5.3, Max: 14, Diff: 11, Sum: 42]
      [Scan RS (ms): Min: 5.2, Avg: 6.1, Max: 6.4, Diff: 1.3, Sum: 48.9]
      [Code Root Scanning (ms): Min: 0.0, Avg: 0.0, Max: 0.0, Diff: 0.0, Sum: 0.0]
      [Object Copy (ms): Min: 0.1, Avg: 0.2, Max: 0.3, Diff: 0.2, Sum: 1.5]
      [Termination (ms): Min: 0.0, Avg: 0.2, Max: 0.3, Diff: 0.2, Sum: 1.2]
         [Termination Attempts: Min: 1, Avg: 1.0, Max: 1, Diff: 0, Sum: 8]
      [GC Worker Other (ms): Min: 0.0, Avg: 0.0, Max: 0.0, Diff: 0.0, Sum: 0.0]
      [GC Worker Total (ms): Min: 10.7, Avg: 10.8, Max: 10.9, Diff: 0.2, Sum: 86.6]
      [GC Worker End (ms): Min: 634909.5, Avg: 634909.7, Max: 634909.8, Diff: 0.2]
   [Code Root Fixup: 0.0 ms]
   [Code Root Purge: 0.0 ms]
   [Clear CT: 0.5 ms]
   [Other: 1.4 ms]
      [Choose CSet: 0.0 ms]
      [Ref Proc: 0.6 ms]
      [Ref Enq: 0.0 ms]
      [Redirty Cards: 0.3 ms]
      [Humongous Register: 0.0 ms]
      [Humongous Reclaim: 0.0 ms]
      [Free CSet: 0.3 ms]
   [Eden: 376.0M(376.0M)->0.0B(360.0M) Survivors: 32768.0K->49152.0K Heap: 3348.0M(8192.0M)->2986.0M(8192.0M)]
 [Times: user=0.13 sys=0.00, real=0.01 secs] 
638.944: [GC pause (G1 Evacuation Pause) (young), 0.0222327 secs]
   [Parallel Time: 20.4 ms, GC Workers: 8]
      [GC Worker Start (ms): Min: 638944.3, Avg: 638944.3, Max: 638944.4, Diff: 0.1]
      [Ext Root Scanning (ms): Min: 0.2, Avg: 0.4, Max: 1.5, Diff: 1.3, Sum: 3.5]
      [Update RS (ms): Min: 3.4, Avg: 5.4, Max: 7.0, Diff: 3.6, Sum: 42.8]
         [Processed Buffers: Min: 1, Avg: 5.5, Max: 12, Diff: 11, Sum: 44]
      [Scan RS (ms): Min: 12.6, Avg: 14.1, Max: 15.4, Diff: 2.8, Sum: 112.8]
      [Code Root Scanning (ms): Min: 0.0, Avg: 0.0, Max: 0.0, Diff: 0.0, Sum: 0.0]
      [Object Copy (ms): Min: 0.1, Avg: 0.2, Max: 0.3, Diff: 0.2, Sum: 1.6]
      [Termination (ms): Min: 0.1, Avg: 0.1, Max: 0.2, Diff: 0.1, Sum: 1.1]
         [Termination Attempts: Min: 1, Avg: 1.0, Max: 1, Diff: 0, Sum: 8]
      [GC Worker Other (ms): Min: 0.0, Avg: 0.0, Max: 0.0, Diff: 0.0, Sum: 0.0]
      [GC Worker Total (ms): Min: 20.2, Avg: 20.2, Max: 20.3, Diff: 0.1, Sum: 161.8]
      [GC Worker End (ms): Min: 638964.5, Avg: 638964.6, Max: 638964.6, Diff: 0.1]
   [Code Root Fixup: 0.0 ms]
   [Code Root Purge: 0.0 ms]
   [Clear CT: 0.5 ms]
   [Other: 1.3 ms]
      [Choose CSet: 0.0 ms]
      [Ref Proc: 0.6 ms]
      [Ref Enq: 0.0 ms]
      [Redirty Cards: 0.3 ms]
      [Humongous Register: 0.0 ms]
      [Humongous Reclaim: 0.0 ms]
      [Free CSet: 0.3 ms]
   [Eden: 360.0M(360.0M)->0.0B(360.0M) Survivors: 49152.0K->49152.0K Heap: 3346.0M(8192.0M)->3020.0M(8192.0M)]
 [Times: user=0.11 sys=0.00, real=0.02 secs] 
642.751: [GC pause (G1 Evacuation Pause) (young), 0.0210739 secs]
   [Parallel Time: 20.1 ms, GC Workers: 8]
      [GC Worker Start (ms): Min: 642751.4, Avg: 642751.5, Max: 642751.6, Diff: 0.2]
      [Ext Root Scanning (ms): Min: 0.2, Avg: 0.5, Max: 1.7, Diff: 1.5, Sum: 3.9]
      [Update RS (ms): Min: 4.0, Avg: 4.6, Max: 7.4, Diff: 3.5, Sum: 37.2]
         [Processed Buffers: Min: 3, Avg: 4.6, Max: 8, Diff: 5, Sum: 37]
      [Scan RS (ms): Min: 10.6, Avg: 14.5, Max: 15.4, Diff: 4.8, Sum: 116.4]
      [Code Root Scanning (ms): Min: 0.0, Avg: 0.0, Max: 0.0, Diff: 0.0, Sum: 0.0]
      [Object Copy (ms): Min: 0.1, Avg: 0.2, Max: 0.2, Diff: 0.1, Sum: 1.3]
      [Termination (ms): Min: 0.0, Avg: 0.0, Max: 0.0, Diff: 0.0, Sum: 0.2]
         [Termination Attempts: Min: 1, Avg: 1.0, Max: 1, Diff: 0, Sum: 8]
      [GC Worker Other (ms): Min: 0.0, Avg: 0.0, Max: 0.0, Diff: 0.0, Sum: 0.0]
      [GC Worker Total (ms): Min: 19.8, Avg: 19.9, Max: 20.0, Diff: 0.2, Sum: 159.0]
      [GC Worker End (ms): Min: 642771.4, Avg: 642771.4, Max: 642771.4, Diff: 0.0]
   [Code Root Fixup: 0.0 ms]
   [Code Root Purge: 0.0 ms]
   [Clear CT: 0.3 ms]
   [Other: 0.8 ms]
      [Choose CSet: 0.0 ms]
      [Ref Proc: 0.3 ms]
      [Ref Enq: 0.0 ms]
      [Redirty Cards: 0.1 ms]
      [Humongous Register: 0.0 ms]
      [Humongous Reclaim: 0.0 ms]
      [Free CSet: 0.3 ms]
   [Eden: 360.0M(360.0M)->0.0B(372.0M) Survivors: 49152.0K->36864.0K Heap: 3380.0M(8192.0M)->3059.5M(8192.0M)]
 [Times: user=0.13 sys=0.00, real=0.02 secs] 
645.106: [GC pause (G1 Evacuation Pause) (young), 0.0135689 secs]
   [Parallel Time: 11.7 ms, GC Workers: 8]
      [GC Worker Start (ms): Min: 645105.9, Avg: 645105.9, Max: 645105.9, Diff: 0.1]
      [Ext Root Scanning (ms): Min: 0.3, Avg: 0.5, Max: 1.5, Diff: 1.2, Sum: 3.7]
      [Update RS (ms): Min: 3.8, Avg: 4.7, Max: 5.2, Diff: 1.4, Sum: 37.8]
         [Processed Buffers: Min: 3, Avg: 6.1, Max: 11, Diff: 8, Sum: 49]
      [Scan RS (ms): Min: 5.5, Avg: 5.7, Max: 6.0, Diff: 0.5, Sum: 45.6]
      [Code Root Scanning (ms): Min: 0.0, Avg: 0.0, Max: 0.0, Diff: 0.0, Sum: 0.0]
      [Object Copy (ms): Min: 0.2, Avg: 0.2, Max: 0.3, Diff: 0.2, Sum: 1.9]
      [Termination (ms): Min: 0.1, Avg: 0.2, Max: 0.3, Diff: 0.2, Sum: 1.4]
         [Termination Attempts: Min: 1, Avg: 1.0, Max: 1, Diff: 0, Sum: 8]
      [GC Worker Other (ms): Min: 0.0, Avg: 0.0, Max: 0.0, Diff: 0.0, Sum: 0.0]
      [GC Worker Total (ms): Min: 11.2, Avg: 11.3, Max: 11.4, Diff: 0.2, Sum: 90.5]
      [GC Worker End (ms): Min: 645117.1, Avg: 645117.2, Max: 645117.3, Diff: 0.2]
   [Code Root Fixup: 0.0 ms]
   [Code Root Purge: 0.0 ms]
   [Clear CT: 0.5 ms]
   [Other: 1.4 ms]
      [Choose CSet: 0.0 ms]
      [Ref Proc: 0.6 ms]
      [Ref Enq: 0.0 ms]
      [Redirty Cards: 0.3 ms]
      [Humongous Register: 0.0 ms]
      [Humongous Reclaim: 0.0 ms]
      [Free CSet: 0.2 ms]
   [Eden: 372.0M(372.0M)->0.0B(4068.0M) Survivors: 36864.0K->16384.0K Heap: 3431.5M(8192.0M)->3072.0M(8192.0M)]
 [Times: user=0.00 sys=0.00, real=0.01 secs] 
656.564: [GC pause (G1 Evacuation Pause) (young), 0.0273296 secs]
   [Parallel Time: 25.3 ms, GC Workers: 8]
      [GC Worker Start (ms): Min: 656564.2, Avg: 656564.3, Max: 656564.4, Diff: 0.2]
      [Ext Root Scanning (ms): Min: 0.2, Avg: 0.5, Max: 1.4, Diff: 1.2, Sum: 3.8]
      [Update RS (ms): Min: 6.3, Avg: 8.1, Max: 10.8, Diff: 4.5, Sum: 64.5]
         [Processed Buffers: Min: 2, Avg: 6.1, Max: 12, Diff: 10, Sum: 49]
      [Scan RS (ms): Min: 12.9, Avg: 15.7, Max: 16.7, Diff: 3.8, Sum: 125.7]
      [Code Root Scanning (ms): Min: 0.0, Avg: 0.0, Max: 0.0, Diff: 0.0, Sum: 0.0]
      [Object Copy (ms): Min: 0.1, Avg: 0.1, Max: 0.2, Diff: 0.1, Sum: 1.0]
      [Termination (ms): Min: 0.2, Avg: 0.3, Max: 0.4, Diff: 0.2, Sum: 2.0]
         [Termination Attempts: Min: 1, Avg: 1.0, Max: 1, Diff: 0, Sum: 8]
      [GC Worker Other (ms): Min: 0.0, Avg: 0.0, Max: 0.0, Diff: 0.0, Sum: 0.0]
      [GC Worker Total (ms): Min: 24.5, Avg: 24.6, Max: 24.9, Diff: 0.4, Sum: 197.1]
      [GC Worker End (ms): Min: 656588.9, Avg: 656589.0, Max: 656589.1, Diff: 0.2]
   [Code Root Fixup: 0.0 ms]
   [Code Root Purge: 0.0 ms]
   [Clear CT: 0.4 ms]
   [Other: 1.6 ms]
      [Choose CSet: 0.0 ms]
      [Ref Proc: 0.9 ms]
      [Ref Enq: 0.0 ms]
      [Redirty Cards: 0.2 ms]
      [Humongous Register: 0.0 ms]
      [Humongous Reclaim: 0.0 ms]
      [Free CSet: 0.3 ms]
   [Eden: 1188.0M(392.0M)->0.0B(3984.0M) Survivors: 16384.0K->53248.0K Heap: 4260.0M(8192.0M)->3146.0M(8192.0M)]
 [Times: user=0.13 sys=0.00, real=0.03 secs] 
663.163: [GC pause (G1 Evacuation Pause) (young), 0.0301308 secs]
   [Parallel Time: 27.9 ms, GC Workers: 8]
      [GC Worker Start (ms): Min: 663163.8, Avg: 663163.9, Max: 663163.9, Diff: 0.1]
      [Ext Root Scanning (ms): Min: 0.3, Avg: 0.5, Max: 1.5, Diff: 1.2, Sum: 3.9]
      [Update RS (ms): Min: 4.7, Avg: 7.7, Max: 12.2, Diff: 7.5, Sum: 61.9]
         [Processed Buffers: Min: 1, Avg: 6.6, Max: 11, Diff: 10, Sum: 53]
      [Scan RS (ms): Min: 14.6, Avg: 18.9, Max: 20.9, Diff: 6.3, Sum: 151.4]
      [Code Root Scanning (ms): Min: 0.0, Avg: 0.0, Max: 0.0, Diff: 0.0, Sum: 0.0]
      [Object Copy (ms): Min: 0.2, Avg: 0.3, Max: 0.5, Diff: 0.3, Sum: 2.6]
      [Termination (ms): Min: 0.0, Avg: 0.1, Max: 0.3, Diff: 0.2, Sum: 1.1]
         [Termination Attempts: Min: 1, Avg: 1.0, Max: 1, Diff: 0, Sum: 8]
      [GC Worker Other (ms): Min: 0.0, Avg: 0.0, Max: 0.0, Diff: 0.0, Sum: 0.0]
      [GC Worker Total (ms): Min: 27.5, Avg: 27.6, Max: 27.7, Diff: 0.3, Sum: 220.8]
      [GC Worker End (ms): Min: 663191.4, Avg: 663191.5, Max: 663191.6, Diff: 0.2]
   [Code Root Fixup: 0.0 ms]
   [Code Root Purge: 0.0 ms]
   [Clear CT: 0.6 ms]
   [Other: 1.6 ms]
      [Choose CSet: 0.0 ms]
      [Ref Proc: 0.5 ms]
      [Ref Enq: 0.0 ms]
      [Redirty Cards: 0.2 ms]
      [Humongous Register: 0.0 ms]
      [Humongous Reclaim: 0.0 ms]
      [Free CSet: 0.4 ms]
   [Eden: 592.0M(356.0M)->0.0B(3876.0M) Survivors: 53248.0K->53248.0K Heap: 3738.0M(8192.0M)->3212.0M(8192.0M)]
 [Times: user=0.25 sys=0.00, real=0.03 secs] 
677.534: [GC pause (G1 Evacuation Pause) (young), 0.0348317 secs]
   [Parallel Time: 32.1 ms, GC Workers: 8]
      [GC Worker Start (ms): Min: 677534.6, Avg: 677534.6, Max: 677534.7, Diff: 0.1]
      [Ext Root Scanning (ms): Min: 0.2, Avg: 0.5, Max: 2.0, Diff: 1.8, Sum: 4.0]
      [Update RS (ms): Min: 9.6, Avg: 10.5, Max: 11.9, Diff: 2.3, Sum: 83.9]
         [Processed Buffers: Min: 3, Avg: 6.9, Max: 11, Diff: 8, Sum: 55]
      [Scan RS (ms): Min: 17.7, Avg: 20.6, Max: 21.7, Diff: 4.0, Sum: 164.5]
      [Code Root Scanning (ms): Min: 0.0, Avg: 0.0, Max: 0.0, Diff: 0.0, Sum: 0.0]
      [Object Copy (ms): Min: 0.0, Avg: 0.1, Max: 0.2, Diff: 0.1, Sum: 0.8]
      [Termination (ms): Min: 0.0, Avg: 0.1, Max: 0.2, Diff: 0.2, Sum: 0.8]
         [Termination Attempts: Min: 1, Avg: 1.0, Max: 1, Diff: 0, Sum: 8]
      [GC Worker Other (ms): Min: 0.0, Avg: 0.0, Max: 0.0, Diff: 0.0, Sum: 0.0]
      [GC Worker Total (ms): Min: 31.7, Avg: 31.8, Max: 31.9, Diff: 0.2, Sum: 254.1]
      [GC Worker End (ms): Min: 677566.3, Avg: 677566.4, Max: 677566.5, Diff: 0.2]
   [Code Root Fixup: 0.0 ms]
   [Code Root Purge: 0.0 ms]
   [Clear CT: 0.7 ms]
   [Other: 2.0 ms]
      [Choose CSet: 0.0 ms]
      [Ref Proc: 1.0 ms]
      [Ref Enq: 0.0 ms]
      [Redirty Cards: 0.2 ms]
      [Humongous Register: 0.0 ms]
      [Humongous Reclaim: 0.0 ms]
      [Free CSet: 0.5 ms]
   [Eden: 1648.0M(1540.0M)->0.0B(3824.0M) Survivors: 53248.0K->120.0M Heap: 4860.0M(8192.0M)->3280.0M(8192.0M)]
 [Times: user=0.25 sys=0.00, real=0.04 secs] 
684.780: [GC pause (G1 Evacuation Pause) (young), 0.0437389 secs]
   [Parallel Time: 41.4 ms, GC Workers: 8]
      [GC Worker Start (ms): Min: 684780.8, Avg: 684780.8, Max: 684780.9, Diff: 0.1]
      [Ext Root Scanning (ms): Min: 0.2, Avg: 0.5, Max: 2.3, Diff: 2.1, Sum: 4.3]
      [Update RS (ms): Min: 10.6, Avg: 12.8, Max: 19.7, Diff: 9.1, Sum: 102.2]
         [Processed Buffers: Min: 2, Avg: 7.1, Max: 12, Diff: 10, Sum: 57]
      [Scan RS (ms): Min: 20.3, Avg: 27.0, Max: 29.2, Diff: 8.9, Sum: 215.7]
      [Code Root Scanning (ms): Min: 0.0, Avg: 0.0, Max: 0.0, Diff: 0.0, Sum: 0.0]
      [Object Copy (ms): Min: 0.1, Avg: 0.1, Max: 0.2, Diff: 0.2, Sum: 1.1]
      [Termination (ms): Min: 0.1, Avg: 0.2, Max: 0.2, Diff: 0.2, Sum: 1.3]
         [Termination Attempts: Min: 1, Avg: 1.0, Max: 1, Diff: 0, Sum: 8]
      [GC Worker Other (ms): Min: 0.0, Avg: 0.0, Max: 0.0, Diff: 0.0, Sum: 0.0]
      [GC Worker Total (ms): Min: 40.4, Avg: 40.6, Max: 40.7, Diff: 0.3, Sum: 324.7]
      [GC Worker End (ms): Min: 684821.4, Avg: 684821.4, Max: 684821.5, Diff: 0.2]
   [Code Root Fixup: 0.0 ms]
   [Code Root Purge: 0.0 ms]
   [Clear CT: 0.5 ms]
   [Other: 1.8 ms]
      [Choose CSet: 0.0 ms]
      [Ref Proc: 0.8 ms]
      [Ref Enq: 0.0 ms]
      [Redirty Cards: 0.5 ms]
      [Humongous Register: 0.0 ms]
      [Humongous Reclaim: 0.0 ms]
      [Free CSet: 0.4 ms]
   [Eden: 660.0M(288.0M)->0.0B(3760.0M) Survivors: 120.0M->53248.0K Heap: 3940.0M(8192.0M)->3326.0M(8192.0M)]
 [Times: user=0.25 sys=0.00, real=0.04 secs] 
708.185: [GC pause (G1 Evacuation Pause) (young), 0.0638416 secs]
   [Parallel Time: 59.3 ms, GC Workers: 8]
      [GC Worker Start (ms): Min: 708185.6, Avg: 708185.6, Max: 708185.7, Diff: 0.1]
      [Ext Root Scanning (ms): Min: 0.2, Avg: 0.5, Max: 1.9, Diff: 1.7, Sum: 4.0]
      [Update RS (ms): Min: 17.2, Avg: 20.1, Max: 23.6, Diff: 6.5, Sum: 161.0]
         [Processed Buffers: Min: 5, Avg: 7.8, Max: 10, Diff: 5, Sum: 62]
      [Scan RS (ms): Min: 34.8, Avg: 38.1, Max: 39.7, Diff: 4.9, Sum: 304.8]
      [Code Root Scanning (ms): Min: 0.0, Avg: 0.0, Max: 0.0, Diff: 0.0, Sum: 0.1]
      [Object Copy (ms): Min: 0.0, Avg: 0.1, Max: 0.2, Diff: 0.1, Sum: 1.1]
      [Termination (ms): Min: 0.1, Avg: 0.1, Max: 0.2, Diff: 0.2, Sum: 1.0]
         [Termination Attempts: Min: 1, Avg: 1.0, Max: 1, Diff: 0, Sum: 8]
      [GC Worker Other (ms): Min: 0.0, Avg: 0.0, Max: 0.0, Diff: 0.0, Sum: 0.0]
      [GC Worker Total (ms): Min: 58.9, Avg: 59.0, Max: 59.1, Diff: 0.2, Sum: 471.9]
      [GC Worker End (ms): Min: 708244.6, Avg: 708244.6, Max: 708244.7, Diff: 0.1]
   [Code Root Fixup: 0.0 ms]
   [Code Root Purge: 0.0 ms]
   [Clear CT: 1.5 ms]
   [Other: 3.0 ms]
      [Choose CSet: 0.0 ms]
      [Ref Proc: 1.7 ms]
      [Ref Enq: 0.0 ms]
      [Redirty Cards: 0.3 ms]
      [Humongous Register: 0.0 ms]
      [Humongous Reclaim: 0.0 ms]
      [Free CSet: 0.7 ms]
   [Eden: 2504.0M(356.0M)->0.0B(3616.0M) Survivors: 53248.0K->53248.0K Heap: 5830.0M(8192.0M)->3489.6M(8192.0M)]
 [Times: user=0.39 sys=0.00, real=0.06 secs] 
734.916: [GC pause (G1 Evacuation Pause) (young), 0.0756469 secs]
   [Parallel Time: 69.4 ms, GC Workers: 8]
      [GC Worker Start (ms): Min: 734917.9, Avg: 734917.9, Max: 734918.0, Diff: 0.0]
      [Ext Root Scanning (ms): Min: 0.2, Avg: 0.5, Max: 1.8, Diff: 1.6, Sum: 4.2]
      [Update RS (ms): Min: 19.6, Avg: 20.9, Max: 26.5, Diff: 6.9, Sum: 167.1]
         [Processed Buffers: Min: 3, Avg: 6.8, Max: 11, Diff: 8, Sum: 54]
      [Scan RS (ms): Min: 41.8, Avg: 47.3, Max: 48.7, Diff: 6.9, Sum: 378.0]
      [Code Root Scanning (ms): Min: 0.0, Avg: 0.0, Max: 0.0, Diff: 0.0, Sum: 0.1]
      [Object Copy (ms): Min: 0.2, Avg: 0.3, Max: 0.4, Diff: 0.3, Sum: 2.2]
      [Termination (ms): Min: 0.0, Avg: 0.1, Max: 0.1, Diff: 0.0, Sum: 0.4]
         [Termination Attempts: Min: 1, Avg: 1.0, Max: 1, Diff: 0, Sum: 8]
      [GC Worker Other (ms): Min: 0.0, Avg: 0.1, Max: 0.1, Diff: 0.1, Sum: 0.4]
      [GC Worker Total (ms): Min: 69.0, Avg: 69.1, Max: 69.1, Diff: 0.1, Sum: 552.5]
      [GC Worker End (ms): Min: 734987.0, Avg: 734987.0, Max: 734987.1, Diff: 0.1]
   [Code Root Fixup: 0.0 ms]
   [Code Root Purge: 0.0 ms]
   [Clear CT: 1.4 ms]
   [Other: 4.8 ms]
      [Choose CSet: 0.0 ms]
      [Ref Proc: 1.8 ms]
      [Ref Enq: 0.1 ms]
      [Redirty Cards: 0.3 ms]
      [Humongous Register: 0.1 ms]
      [Humongous Reclaim: 0.0 ms]
      [Free CSet: 1.1 ms]
   [Eden: 2868.0M(356.0M)->0.0B(3484.0M) Survivors: 53248.0K->53248.0K Heap: 6357.6M(8192.0M)->3648.0M(8192.0M)]
 [Times: user=0.63 sys=0.00, real=0.08 secs] 
766.154: [GC pause (G1 Evacuation Pause) (young), 0.0679555 secs]
   [Parallel Time: 61.9 ms, GC Workers: 8]
      [GC Worker Start (ms): Min: 766154.7, Avg: 766154.8, Max: 766154.9, Diff: 0.1]
      [Ext Root Scanning (ms): Min: 0.1, Avg: 0.4, Max: 1.6, Diff: 1.4, Sum: 3.4]
      [Update RS (ms): Min: 14.2, Avg: 15.8, Max: 21.5, Diff: 7.3, Sum: 126.1]
         [Processed Buffers: Min: 3, Avg: 6.8, Max: 15, Diff: 12, Sum: 54]
      [Scan RS (ms): Min: 39.5, Avg: 45.0, Max: 46.4, Diff: 6.9, Sum: 360.1]
      [Code Root Scanning (ms): Min: 0.0, Avg: 0.0, Max: 0.0, Diff: 0.0, Sum: 0.1]
      [Object Copy (ms): Min: 0.1, Avg: 0.2, Max: 0.4, Diff: 0.3, Sum: 1.7]
      [Termination (ms): Min: 0.1, Avg: 0.1, Max: 0.2, Diff: 0.2, Sum: 1.0]
         [Termination Attempts: Min: 1, Avg: 1.0, Max: 1, Diff: 0, Sum: 8]
      [GC Worker Other (ms): Min: 0.0, Avg: 0.0, Max: 0.0, Diff: 0.0, Sum: 0.0]
      [GC Worker Total (ms): Min: 61.4, Avg: 61.6, Max: 61.7, Diff: 0.2, Sum: 492.5]
      [GC Worker End (ms): Min: 766216.3, Avg: 766216.3, Max: 766216.4, Diff: 0.2]
   [Code Root Fixup: 0.0 ms]
   [Code Root Purge: 0.0 ms]
   [Clear CT: 1.3 ms]
   [Other: 4.7 ms]
      [Choose CSet: 0.0 ms]
      [Ref Proc: 1.6 ms]
      [Ref Enq: 0.0 ms]
      [Redirty Cards: 0.4 ms]
      [Humongous Register: 0.0 ms]
      [Humongous Reclaim: 0.0 ms]
      [Free CSet: 1.6 ms]
   [Eden: 3256.0M(356.0M)->0.0B(3304.0M) Survivors: 53248.0K->53248.0K Heap: 6904.0M(8192.0M)->3834.0M(8192.0M)]
 [Times: user=0.50 sys=0.00, real=0.07 secs] 
798.292: [GC pause (G1 Evacuation Pause) (young) (initial-mark), 0.0994857 secs]
   [Parallel Time: 90.5 ms, GC Workers: 8]
      [GC Worker Start (ms): Min: 798296.3, Avg: 798296.3, Max: 798296.4, Diff: 0.1]
      [Ext Root Scanning (ms): Min: 5.1, Avg: 5.2, Max: 5.3, Diff: 0.1, Sum: 41.7]
      [Update RS (ms): Min: 29.1, Avg: 30.9, Max: 38.5, Diff: 9.4, Sum: 247.6]
         [Processed Buffers: Min: 3, Avg: 6.8, Max: 11, Diff: 8, Sum: 54]
      [Scan RS (ms): Min: 45.9, Avg: 53.3, Max: 55.0, Diff: 9.0, Sum: 426.4]
      [Code Root Scanning (ms): Min: 0.0, Avg: 0.0, Max: 0.0, Diff: 0.0, Sum: 0.1]
      [Object Copy (ms): Min: 0.2, Avg: 0.3, Max: 0.5, Diff: 0.3, Sum: 2.2]
      [Termination (ms): Min: 0.1, Avg: 0.2, Max: 0.3, Diff: 0.2, Sum: 1.3]
         [Termination Attempts: Min: 1, Avg: 1.0, Max: 1, Diff: 0, Sum: 8]
      [GC Worker Other (ms): Min: 0.0, Avg: 0.0, Max: 0.0, Diff: 0.0, Sum: 0.1]
      [GC Worker Total (ms): Min: 89.8, Avg: 89.9, Max: 90.1, Diff: 0.2, Sum: 719.4]
      [GC Worker End (ms): Min: 798386.2, Avg: 798386.3, Max: 798386.4, Diff: 0.2]
   [Code Root Fixup: 0.0 ms]
   [Code Root Purge: 0.0 ms]
   [Clear CT: 1.4 ms]
   [Other: 7.6 ms]
      [Choose CSet: 0.0 ms]
      [Ref Proc: 2.4 ms]
      [Ref Enq: 0.1 ms]
      [Redirty Cards: 0.3 ms]
      [Humongous Register: 0.1 ms]
      [Humongous Reclaim: 0.0 ms]
      [Free CSet: 1.1 ms]
   [Eden: 3304.0M(3304.0M)->0.0B(3084.0M) Survivors: 53248.0K->252.0M Heap: 7138.0M(8192.0M)->4032.0M(8192.0M)]
 [Times: user=0.63 sys=0.02, real=0.10 secs] 
798.393: [GC concurrent-root-region-scan-start]
798.429: [GC concurrent-root-region-scan-end, 0.0362063 secs]
798.429: [GC concurrent-mark-start]
798.733: [GC concurrent-mark-end, 0.3040499 secs]
798.733: [GC remark 798.733: [Finalize Marking, 0.0003811 secs] 798.734: [GC ref-proc, 0.0004183 secs] 798.734: [Unloading, 0.1186297 secs], 0.1231030 secs]
 [Times: user=0.05 sys=0.28, real=0.12 secs] 
798.857: [GC cleanup 4092M->3132M(8192M), 0.0234853 secs]
 [Times: user=0.00 sys=0.08, real=0.02 secs] 
798.880: [GC concurrent-cleanup-start]
798.978: [GC concurrent-cleanup-end, 0.0974970 secs]798.978:  [free physical memory: 0 KB, 0 regions, 0.0000000 secs]

827.417: [GC pause (G1 Evacuation Pause) (young), 0.1581061 secs]
   [Parallel Time: 153.6 ms, GC Workers: 8]
      [GC Worker Start (ms): Min: 827417.6, Avg: 827417.7, Max: 827417.7, Diff: 0.2]
      [Ext Root Scanning (ms): Min: 0.1, Avg: 0.4, Max: 1.1, Diff: 1.1, Sum: 2.9]
      [Update RS (ms): Min: 82.7, Avg: 84.6, Max: 92.3, Diff: 9.6, Sum: 676.9]
         [Processed Buffers: Min: 3, Avg: 7.3, Max: 14, Diff: 11, Sum: 58]
      [Scan RS (ms): Min: 59.8, Avg: 67.4, Max: 69.2, Diff: 9.4, Sum: 539.1]
      [Code Root Scanning (ms): Min: 0.0, Avg: 0.0, Max: 0.0, Diff: 0.0, Sum: 0.1]
      [Object Copy (ms): Min: 0.1, Avg: 0.9, Max: 1.6, Diff: 1.5, Sum: 7.2]
      [Termination (ms): Min: 0.0, Avg: 0.1, Max: 0.1, Diff: 0.1, Sum: 1.0]
         [Termination Attempts: Min: 1, Avg: 1.0, Max: 1, Diff: 0, Sum: 8]
      [GC Worker Other (ms): Min: 0.0, Avg: 0.0, Max: 0.0, Diff: 0.0, Sum: 0.0]
      [GC Worker Total (ms): Min: 153.3, Avg: 153.4, Max: 153.5, Diff: 0.2, Sum: 1227.2]
      [GC Worker End (ms): Min: 827571.1, Avg: 827571.1, Max: 827571.1, Diff: 0.0]
   [Code Root Fixup: 0.0 ms]
   [Code Root Purge: 0.0 ms]
   [Clear CT: 1.0 ms]
   [Other: 3.5 ms]
      [Choose CSet: 0.0 ms]
      [Ref Proc: 1.4 ms]
      [Ref Enq: 0.0 ms]
      [Redirty Cards: 0.4 ms]
      [Humongous Register: 0.0 ms]
      [Humongous Reclaim: 0.0 ms]
      [Free CSet: 0.8 ms]
   [Eden: 3064.0M(156.0M)->0.0B(356.0M) Survivors: 252.0M->53248.0K Heap: 6136.0M(8192.0M)->3230.0M(8192.0M)]
 [Times: user=0.51 sys=0.09, real=0.16 secs] 
831.660: [GC pause (G1 Evacuation Pause) (mixed), 0.1152800 secs]
   [Parallel Time: 110.6 ms, GC Workers: 8]
      [GC Worker Start (ms): Min: 831660.7, Avg: 831660.7, Max: 831660.8, Diff: 0.1]
      [Ext Root Scanning (ms): Min: 0.1, Avg: 0.4, Max: 1.7, Diff: 1.6, Sum: 3.3]
      [Update RS (ms): Min: 6.4, Avg: 7.5, Max: 10.4, Diff: 4.0, Sum: 60.2]
         [Processed Buffers: Min: 4, Avg: 6.9, Max: 14, Diff: 10, Sum: 55]
      [Scan RS (ms): Min: 92.5, Avg: 96.3, Max: 101.9, Diff: 9.4, Sum: 770.1]
      [Code Root Scanning (ms): Min: 0.0, Avg: 0.1, Max: 0.3, Diff: 0.3, Sum: 0.5]
      [Object Copy (ms): Min: 0.3, Avg: 1.0, Max: 1.8, Diff: 1.5, Sum: 8.0]
      [Termination (ms): Min: 0.0, Avg: 5.3, Max: 6.2, Diff: 6.2, Sum: 42.3]
         [Termination Attempts: Min: 1, Avg: 1.0, Max: 1, Diff: 0, Sum: 8]
      [GC Worker Other (ms): Min: 0.0, Avg: 0.0, Max: 0.0, Diff: 0.0, Sum: 0.0]
      [GC Worker Total (ms): Min: 110.5, Avg: 110.6, Max: 110.6, Diff: 0.1, Sum: 884.4]
      [GC Worker End (ms): Min: 831771.3, Avg: 831771.3, Max: 831771.3, Diff: 0.0]
   [Code Root Fixup: 0.0 ms]
   [Code Root Purge: 0.0 ms]
   [Clear CT: 1.2 ms]
   [Other: 3.4 ms]
      [Choose CSet: 0.1 ms]
      [Ref Proc: 0.3 ms]
      [Ref Enq: 0.0 ms]
      [Redirty Cards: 0.2 ms]
      [Humongous Register: 0.0 ms]
      [Humongous Reclaim: 0.0 ms]
      [Free CSet: 2.7 ms]
   [Eden: 356.0M(356.0M)->0.0B(368.0M) Survivors: 53248.0K->40960.0K Heap: 3586.0M(8192.0M)->2622.0M(8192.0M)]
 [Times: user=0.20 sys=0.06, real=0.12 secs] 
834.211: [GC pause (G1 Evacuation Pause) (mixed), 0.0601059 secs]
   [Parallel Time: 57.3 ms, GC Workers: 8]
      [GC Worker Start (ms): Min: 834211.8, Avg: 834211.9, Max: 834211.9, Diff: 0.1]
      [Ext Root Scanning (ms): Min: 0.1, Avg: 0.4, Max: 1.4, Diff: 1.3, Sum: 3.0]
      [Update RS (ms): Min: 6.5, Avg: 7.4, Max: 8.4, Diff: 1.9, Sum: 59.4]
         [Processed Buffers: Min: 1, Avg: 7.1, Max: 16, Diff: 15, Sum: 57]
      [Scan RS (ms): Min: 46.6, Avg: 47.8, Max: 48.6, Diff: 2.0, Sum: 382.2]
      [Code Root Scanning (ms): Min: 0.0, Avg: 0.0, Max: 0.1, Diff: 0.1, Sum: 0.1]
      [Object Copy (ms): Min: 0.9, Avg: 1.5, Max: 2.0, Diff: 1.1, Sum: 11.7]
      [Termination (ms): Min: 0.0, Avg: 0.1, Max: 0.3, Diff: 0.3, Sum: 1.1]
         [Termination Attempts: Min: 1, Avg: 1.0, Max: 1, Diff: 0, Sum: 8]
      [GC Worker Other (ms): Min: 0.0, Avg: 0.0, Max: 0.0, Diff: 0.0, Sum: 0.0]
      [GC Worker Total (ms): Min: 57.1, Avg: 57.2, Max: 57.2, Diff: 0.1, Sum: 457.6]
      [GC Worker End (ms): Min: 834269.1, Avg: 834269.1, Max: 834269.1, Diff: 0.0]
   [Code Root Fixup: 0.0 ms]
   [Code Root Purge: 0.0 ms]
   [Clear CT: 0.9 ms]
   [Other: 1.9 ms]
      [Choose CSet: 0.1 ms]
      [Ref Proc: 0.2 ms]
      [Ref Enq: 0.0 ms]
      [Redirty Cards: 0.2 ms]
      [Humongous Register: 0.1 ms]
      [Humongous Reclaim: 0.0 ms]
      [Free CSet: 0.7 ms]
   [Eden: 368.0M(368.0M)->0.0B(388.0M) Survivors: 40960.0K->20480.0K Heap: 2990.0M(8192.0M)->2326.0M(8192.0M)]
 [Times: user=0.09 sys=0.00, real=0.06 secs] 
838.244: [GC pause (G1 Evacuation Pause) (mixed), 0.0305479 secs]
   [Parallel Time: 28.2 ms, GC Workers: 8]
      [GC Worker Start (ms): Min: 838244.3, Avg: 838244.4, Max: 838244.4, Diff: 0.1]
      [Ext Root Scanning (ms): Min: 0.1, Avg: 0.5, Max: 1.4, Diff: 1.2, Sum: 3.7]
      [Update RS (ms): Min: 4.5, Avg: 5.5, Max: 8.0, Diff: 3.5, Sum: 44.1]
         [Processed Buffers: Min: 3, Avg: 7.3, Max: 13, Diff: 10, Sum: 58]
      [Scan RS (ms): Min: 17.6, Avg: 20.3, Max: 21.0, Diff: 3.4, Sum: 162.7]
      [Code Root Scanning (ms): Min: 0.0, Avg: 0.1, Max: 0.4, Diff: 0.4, Sum: 0.6]
      [Object Copy (ms): Min: 1.1, Avg: 1.5, Max: 2.1, Diff: 1.0, Sum: 11.9]
      [Termination (ms): Min: 0.0, Avg: 0.3, Max: 0.4, Diff: 0.4, Sum: 2.3]
         [Termination Attempts: Min: 1, Avg: 1.0, Max: 1, Diff: 0, Sum: 8]
      [GC Worker Other (ms): Min: 0.0, Avg: 0.0, Max: 0.0, Diff: 0.0, Sum: 0.0]
      [GC Worker Total (ms): Min: 28.1, Avg: 28.2, Max: 28.2, Diff: 0.1, Sum: 225.3]
      [GC Worker End (ms): Min: 838272.5, Avg: 838272.5, Max: 838272.5, Diff: 0.0]
   [Code Root Fixup: 0.0 ms]
   [Code Root Purge: 0.0 ms]
   [Clear CT: 0.8 ms]
   [Other: 1.5 ms]
      [Choose CSet: 0.1 ms]
      [Ref Proc: 0.3 ms]
      [Ref Enq: 0.0 ms]
      [Redirty Cards: 0.1 ms]
      [Humongous Register: 0.0 ms]
      [Humongous Reclaim: 0.0 ms]
      [Free CSet: 0.8 ms]
   [Eden: 388.0M(388.0M)->0.0B(356.0M) Survivors: 20480.0K->53248.0K Heap: 2714.0M(8192.0M)->1968.0M(8192.0M)]
 [Times: user=0.14 sys=0.00, real=0.03 secs] 
842.340: [GC pause (G1 Evacuation Pause) (mixed), 0.0812809 secs]
   [Parallel Time: 75.7 ms, GC Workers: 8]
      [GC Worker Start (ms): Min: 842340.2, Avg: 842340.2, Max: 842340.3, Diff: 0.1]
      [Ext Root Scanning (ms): Min: 0.1, Avg: 0.5, Max: 1.7, Diff: 1.6, Sum: 4.1]
      [Update RS (ms): Min: 10.0, Avg: 10.7, Max: 12.5, Diff: 2.5, Sum: 85.6]
         [Processed Buffers: Min: 3, Avg: 7.9, Max: 13, Diff: 10, Sum: 63]
      [Scan RS (ms): Min: 61.4, Avg: 63.0, Max: 63.9, Diff: 2.5, Sum: 504.4]
      [Code Root Scanning (ms): Min: 0.0, Avg: 0.1, Max: 0.3, Diff: 0.3, Sum: 0.7]
      [Object Copy (ms): Min: 0.3, Avg: 1.1, Max: 1.6, Diff: 1.4, Sum: 8.5]
      [Termination (ms): Min: 0.0, Avg: 0.2, Max: 0.4, Diff: 0.4, Sum: 1.7]
         [Termination Attempts: Min: 1, Avg: 1.0, Max: 1, Diff: 0, Sum: 8]
      [GC Worker Other (ms): Min: 0.0, Avg: 0.0, Max: 0.0, Diff: 0.0, Sum: 0.0]
      [GC Worker Total (ms): Min: 75.6, Avg: 75.6, Max: 75.7, Diff: 0.1, Sum: 605.1]
      [GC Worker End (ms): Min: 842415.9, Avg: 842415.9, Max: 842415.9, Diff: 0.0]
   [Code Root Fixup: 0.0 ms]
   [Code Root Purge: 0.0 ms]
   [Clear CT: 1.1 ms]
   [Other: 4.5 ms]
      [Choose CSet: 0.2 ms]
      [Ref Proc: 0.3 ms]
      [Ref Enq: 0.0 ms]
      [Redirty Cards: 0.2 ms]
      [Humongous Register: 0.0 ms]
      [Humongous Reclaim: 0.0 ms]
      [Free CSet: 3.6 ms]
   [Eden: 356.0M(356.0M)->0.0B(4876.0M) Survivors: 53248.0K->36864.0K Heap: 2324.0M(8192.0M)->1541.8M(8192.0M)]
 [Times: user=0.13 sys=0.09, real=0.08 secs] 
890.249: [GC pause (G1 Evacuation Pause) (young), 0.0946106 secs]
   [Parallel Time: 88.3 ms, GC Workers: 8]
      [GC Worker Start (ms): Min: 890250.0, Avg: 890250.0, Max: 890250.1, Diff: 0.1]
      [Ext Root Scanning (ms): Min: 0.2, Avg: 0.5, Max: 1.8, Diff: 1.6, Sum: 4.1]
      [Update RS (ms): Min: 34.5, Avg: 36.4, Max: 44.0, Diff: 9.5, Sum: 291.3]
         [Processed Buffers: Min: 6, Avg: 8.8, Max: 17, Diff: 11, Sum: 70]
      [Scan RS (ms): Min: 42.9, Avg: 50.3, Max: 52.4, Diff: 9.5, Sum: 402.5]
      [Code Root Scanning (ms): Min: 0.0, Avg: 0.0, Max: 0.0, Diff: 0.0, Sum: 0.1]
      [Object Copy (ms): Min: 0.0, Avg: 0.1, Max: 0.2, Diff: 0.2, Sum: 0.9]
      [Termination (ms): Min: 0.1, Avg: 0.2, Max: 0.3, Diff: 0.2, Sum: 1.5]
         [Termination Attempts: Min: 1, Avg: 1.5, Max: 4, Diff: 3, Sum: 12]
      [GC Worker Other (ms): Min: 0.0, Avg: 0.0, Max: 0.0, Diff: 0.0, Sum: 0.0]
      [GC Worker Total (ms): Min: 87.5, Avg: 87.6, Max: 87.7, Diff: 0.2, Sum: 700.6]
      [GC Worker End (ms): Min: 890337.5, Avg: 890337.6, Max: 890337.7, Diff: 0.2]
   [Code Root Fixup: 0.0 ms]
   [Code Root Purge: 0.0 ms]
   [Clear CT: 1.4 ms]
   [Other: 4.9 ms]
      [Choose CSet: 0.0 ms]
      [Ref Proc: 2.5 ms]
      [Ref Enq: 0.1 ms]
      [Redirty Cards: 0.4 ms]
      [Humongous Register: 0.0 ms]
      [Humongous Reclaim: 0.0 ms]
      [Free CSet: 1.1 ms]
   [Eden: 4876.0M(4876.0M)->0.0B(4600.0M) Survivors: 36864.0K->312.0M Heap: 6417.8M(8192.0M)->1818.0M(8192.0M)]
 [Times: user=0.63 sys=0.02, real=0.10 secs] 
923.297: [GC pause (G1 Evacuation Pause) (young), 1.5704157 secs]
   [Parallel Time: 1493.5 ms, GC Workers: 8]
      [GC Worker Start (ms): Min: 923297.7, Avg: 923297.8, Max: 923297.9, Diff: 0.2]
      [Ext Root Scanning (ms): Min: 0.1, Avg: 0.3, Max: 1.0, Diff: 1.0, Sum: 2.6]
      [Update RS (ms): Min: 77.7, Avg: 85.3, Max: 121.4, Diff: 43.7, Sum: 682.5]
         [Processed Buffers: Min: 4, Avg: 7.9, Max: 14, Diff: 10, Sum: 63]
      [Scan RS (ms): Min: 1365.3, Avg: 1399.6, Max: 1409.0, Diff: 43.7, Sum: 11197.2]
      [Code Root Scanning (ms): Min: 0.0, Avg: 0.0, Max: 0.0, Diff: 0.0, Sum: 0.1]
      [Object Copy (ms): Min: 1.0, Avg: 4.7, Max: 9.9, Diff: 8.8, Sum: 37.5]
      [Termination (ms): Min: 0.0, Avg: 3.4, Max: 5.5, Diff: 5.5, Sum: 26.9]
         [Termination Attempts: Min: 1, Avg: 1.0, Max: 1, Diff: 0, Sum: 8]
      [GC Worker Other (ms): Min: 0.0, Avg: 0.0, Max: 0.0, Diff: 0.0, Sum: 0.0]
      [GC Worker Total (ms): Min: 1493.2, Avg: 1493.3, Max: 1493.4, Diff: 0.2, Sum: 11946.7]
      [GC Worker End (ms): Min: 924791.1, Avg: 924791.2, Max: 924791.2, Diff: 0.0]
   [Code Root Fixup: 0.0 ms]
   [Code Root Purge: 0.0 ms]
   [Clear CT: 1.2 ms]
   [Other: 75.7 ms]
      [Choose CSet: 0.0 ms]
      [Ref Proc: 49.8 ms]
      [Ref Enq: 0.1 ms]
      [Redirty Cards: 0.5 ms]
      [Humongous Register: 0.0 ms]
      [Humongous Reclaim: 0.0 ms]
      [Free CSet: 7.6 ms]
   [Eden: 3416.0M(98304.0K)->0.0B(356.0M) Survivors: 312.0M->53248.0K Heap: 5234.0M(8192.0M)->2006.0M(8192.0M)]
 [Times: user=0.58 sys=6.55, real=1.57 secs] 
928.412: [GC pause (G1 Evacuation Pause) (young), 0.0794989 secs]
   [Parallel Time: 77.5 ms, GC Workers: 8]
      [GC Worker Start (ms): Min: 928412.1, Avg: 928412.2, Max: 928412.3, Diff: 0.1]
      [Ext Root Scanning (ms): Min: 0.1, Avg: 0.5, Max: 2.1, Diff: 2.0, Sum: 3.9]
      [Update RS (ms): Min: 21.8, Avg: 22.6, Max: 24.1, Diff: 2.3, Sum: 180.5]
         [Processed Buffers: Min: 3, Avg: 6.6, Max: 10, Diff: 7, Sum: 53]
      [Scan RS (ms): Min: 49.3, Avg: 51.3, Max: 52.4, Diff: 3.1, Sum: 410.7]
      [Code Root Scanning (ms): Min: 0.0, Avg: 0.0, Max: 0.0, Diff: 0.0, Sum: 0.0]
      [Object Copy (ms): Min: 1.6, Avg: 2.5, Max: 3.4, Diff: 1.8, Sum: 19.7]
      [Termination (ms): Min: 0.0, Avg: 0.5, Max: 0.9, Diff: 0.9, Sum: 4.1]
         [Termination Attempts: Min: 1, Avg: 1.0, Max: 1, Diff: 0, Sum: 8]
      [GC Worker Other (ms): Min: 0.0, Avg: 0.0, Max: 0.0, Diff: 0.0, Sum: 0.0]
      [GC Worker Total (ms): Min: 77.3, Avg: 77.4, Max: 77.4, Diff: 0.1, Sum: 619.0]
      [GC Worker End (ms): Min: 928489.5, Avg: 928489.5, Max: 928489.6, Diff: 0.0]
   [Code Root Fixup: 0.0 ms]
   [Code Root Purge: 0.0 ms]
   [Clear CT: 0.2 ms]
   [Other: 1.8 ms]
      [Choose CSet: 0.0 ms]
      [Ref Proc: 0.3 ms]
      [Ref Enq: 0.0 ms]
      [Redirty Cards: 0.1 ms]
      [Humongous Register: 0.0 ms]
      [Humongous Reclaim: 0.0 ms]
      [Free CSet: 0.3 ms]
   [Eden: 356.0M(356.0M)->0.0B(372.0M) Survivors: 53248.0K->36864.0K Heap: 2362.0M(8192.0M)->2051.8M(8192.0M)]
 [Times: user=0.13 sys=0.36, real=0.08 secs] 
931.216: [GC pause (G1 Evacuation Pause) (young), 0.0432747 secs]
   [Parallel Time: 42.0 ms, GC Workers: 8]
      [GC Worker Start (ms): Min: 931216.6, Avg: 931216.6, Max: 931216.7, Diff: 0.2]
      [Ext Root Scanning (ms): Min: 0.1, Avg: 0.4, Max: 1.1, Diff: 0.9, Sum: 3.0]
      [Update RS (ms): Min: 7.7, Avg: 10.7, Max: 13.3, Diff: 5.6, Sum: 85.3]
         [Processed Buffers: Min: 0, Avg: 5.0, Max: 25, Diff: 25, Sum: 40]
      [Scan RS (ms): Min: 24.2, Avg: 27.6, Max: 31.3, Diff: 7.2, Sum: 220.9]
      [Code Root Scanning (ms): Min: 0.0, Avg: 0.0, Max: 0.0, Diff: 0.0, Sum: 0.0]
      [Object Copy (ms): Min: 0.7, Avg: 2.2, Max: 3.8, Diff: 3.1, Sum: 17.7]
      [Termination (ms): Min: 0.0, Avg: 1.0, Max: 1.8, Diff: 1.8, Sum: 7.8]
         [Termination Attempts: Min: 1, Avg: 1.6, Max: 2, Diff: 1, Sum: 13]
      [GC Worker Other (ms): Min: 0.0, Avg: 0.0, Max: 0.0, Diff: 0.0, Sum: 0.0]
      [GC Worker Total (ms): Min: 41.8, Avg: 41.8, Max: 41.9, Diff: 0.2, Sum: 334.8]
      [GC Worker End (ms): Min: 931258.5, Avg: 931258.5, Max: 931258.5, Diff: 0.0]
   [Code Root Fixup: 0.0 ms]
   [Code Root Purge: 0.0 ms]
   [Clear CT: 0.3 ms]
   [Other: 1.0 ms]
      [Choose CSet: 0.0 ms]
      [Ref Proc: 0.2 ms]
      [Ref Enq: 0.0 ms]
      [Redirty Cards: 0.1 ms]
      [Humongous Register: 0.0 ms]
      [Humongous Reclaim: 0.0 ms]
      [Free CSet: 0.3 ms]
   [Eden: 372.0M(372.0M)->0.0B(384.0M) Survivors: 36864.0K->24576.0K Heap: 2423.8M(8192.0M)->2070.0M(8192.0M)]
 [Times: user=0.08 sys=0.09, real=0.04 secs] 
935.877: [GC pause (G1 Evacuation Pause) (young), 0.0182925 secs]
   [Parallel Time: 16.2 ms, GC Workers: 8]
      [GC Worker Start (ms): Min: 935876.9, Avg: 935876.9, Max: 935877.0, Diff: 0.1]
      [Ext Root Scanning (ms): Min: 0.2, Avg: 0.5, Max: 1.6, Diff: 1.4, Sum: 3.7]
      [Update RS (ms): Min: 4.2, Avg: 5.3, Max: 8.2, Diff: 4.0, Sum: 42.1]
         [Processed Buffers: Min: 1, Avg: 6.8, Max: 13, Diff: 12, Sum: 54]
      [Scan RS (ms): Min: 7.0, Avg: 9.7, Max: 10.6, Diff: 3.6, Sum: 77.7]
      [Code Root Scanning (ms): Min: 0.0, Avg: 0.0, Max: 0.0, Diff: 0.0, Sum: 0.0]
      [Object Copy (ms): Min: 0.1, Avg: 0.3, Max: 0.4, Diff: 0.3, Sum: 2.2]
      [Termination (ms): Min: 0.0, Avg: 0.2, Max: 0.3, Diff: 0.3, Sum: 1.8]
         [Termination Attempts: Min: 1, Avg: 1.0, Max: 1, Diff: 0, Sum: 8]
      [GC Worker Other (ms): Min: 0.0, Avg: 0.0, Max: 0.0, Diff: 0.0, Sum: 0.1]
      [GC Worker Total (ms): Min: 15.9, Avg: 16.0, Max: 16.0, Diff: 0.2, Sum: 127.6]
      [GC Worker End (ms): Min: 935892.8, Avg: 935892.9, Max: 935892.9, Diff: 0.1]
   [Code Root Fixup: 0.0 ms]
   [Code Root Purge: 0.0 ms]
   [Clear CT: 0.3 ms]
   [Other: 1.8 ms]
      [Choose CSet: 0.0 ms]
      [Ref Proc: 0.4 ms]
      [Ref Enq: 0.0 ms]
      [Redirty Cards: 0.4 ms]
      [Humongous Register: 0.0 ms]
      [Humongous Reclaim: 0.0 ms]
      [Free CSet: 0.6 ms]
   [Eden: 384.0M(384.0M)->0.0B(356.0M) Survivors: 24576.0K->53248.0K Heap: 2454.0M(8192.0M)->2104.0M(8192.0M)]
 [Times: user=0.13 sys=0.00, real=0.02 secs] 
940.064: [GC pause (G1 Evacuation Pause) (young), 0.0754378 secs]
   [Parallel Time: 73.9 ms, GC Workers: 8]
      [GC Worker Start (ms): Min: 940064.2, Avg: 940064.2, Max: 940064.3, Diff: 0.1]
      [Ext Root Scanning (ms): Min: 0.2, Avg: 0.4, Max: 1.1, Diff: 0.9, Sum: 3.3]
      [Update RS (ms): Min: 15.3, Avg: 20.1, Max: 28.9, Diff: 13.6, Sum: 160.7]
         [Processed Buffers: Min: 0, Avg: 7.1, Max: 17, Diff: 17, Sum: 57]
      [Scan RS (ms): Min: 42.9, Avg: 51.3, Max: 55.5, Diff: 12.6, Sum: 410.7]
      [Code Root Scanning (ms): Min: 0.0, Avg: 0.0, Max: 0.0, Diff: 0.0, Sum: 0.0]
      [Object Copy (ms): Min: 0.2, Avg: 1.4, Max: 2.4, Diff: 2.2, Sum: 11.5]
      [Termination (ms): Min: 0.0, Avg: 0.5, Max: 0.8, Diff: 0.8, Sum: 4.1]
         [Termination Attempts: Min: 1, Avg: 1.0, Max: 1, Diff: 0, Sum: 8]
      [GC Worker Other (ms): Min: 0.0, Avg: 0.0, Max: 0.0, Diff: 0.0, Sum: 0.0]
      [GC Worker Total (ms): Min: 73.7, Avg: 73.8, Max: 73.8, Diff: 0.1, Sum: 590.5]
      [GC Worker End (ms): Min: 940138.0, Avg: 940138.0, Max: 940138.0, Diff: 0.0]
   [Code Root Fixup: 0.0 ms]
   [Code Root Purge: 0.0 ms]
   [Clear CT: 0.2 ms]
   [Other: 1.3 ms]
      [Choose CSet: 0.0 ms]
      [Ref Proc: 0.3 ms]
      [Ref Enq: 0.0 ms]
      [Redirty Cards: 0.1 ms]
      [Humongous Register: 0.0 ms]
      [Humongous Reclaim: 0.0 ms]
      [Free CSet: 0.5 ms]
   [Eden: 356.0M(356.0M)->0.0B(368.0M) Survivors: 53248.0K->40960.0K Heap: 2460.0M(8192.0M)->2142.0M(8192.0M)]
 [Times: user=0.05 sys=0.38, real=0.08 secs] 
943.024: [GC pause (G1 Evacuation Pause) (young), 0.0488699 secs]
   [Parallel Time: 47.8 ms, GC Workers: 8]
      [GC Worker Start (ms): Min: 943024.0, Avg: 943024.1, Max: 943024.2, Diff: 0.1]
      [Ext Root Scanning (ms): Min: 0.1, Avg: 0.4, Max: 1.4, Diff: 1.3, Sum: 3.1]
      [Update RS (ms): Min: 10.4, Avg: 11.9, Max: 14.6, Diff: 4.3, Sum: 95.4]
         [Processed Buffers: Min: 1, Avg: 5.9, Max: 15, Diff: 14, Sum: 47]
      [Scan RS (ms): Min: 29.1, Avg: 32.7, Max: 35.4, Diff: 6.3, Sum: 262.0]
      [Code Root Scanning (ms): Min: 0.0, Avg: 0.0, Max: 0.0, Diff: 0.0, Sum: 0.0]
      [Object Copy (ms): Min: 1.4, Avg: 2.2, Max: 3.7, Diff: 2.3, Sum: 17.4]
      [Termination (ms): Min: 0.0, Avg: 0.5, Max: 0.7, Diff: 0.7, Sum: 3.6]
         [Termination Attempts: Min: 1, Avg: 1.0, Max: 1, Diff: 0, Sum: 8]
      [GC Worker Other (ms): Min: 0.0, Avg: 0.0, Max: 0.0, Diff: 0.0, Sum: 0.1]
      [GC Worker Total (ms): Min: 47.6, Avg: 47.7, Max: 47.7, Diff: 0.1, Sum: 381.7]
      [GC Worker End (ms): Min: 943071.8, Avg: 943071.8, Max: 943071.8, Diff: 0.0]
   [Code Root Fixup: 0.0 ms]
   [Code Root Purge: 0.0 ms]
   [Clear CT: 0.2 ms]
   [Other: 0.8 ms]
      [Choose CSet: 0.0 ms]
      [Ref Proc: 0.2 ms]
      [Ref Enq: 0.0 ms]
      [Redirty Cards: 0.1 ms]
      [Humongous Register: 0.0 ms]
      [Humongous Reclaim: 0.0 ms]
      [Free CSet: 0.3 ms]
   [Eden: 368.0M(368.0M)->0.0B(380.0M) Survivors: 40960.0K->28672.0K Heap: 2510.0M(8192.0M)->2177.2M(8192.0M)]
 [Times: user=0.09 sys=0.20, real=0.05 secs] 
947.116: [GC pause (G1 Evacuation Pause) (young), 0.0163120 secs]
   [Parallel Time: 14.4 ms, GC Workers: 8]
      [GC Worker Start (ms): Min: 947116.0, Avg: 947116.0, Max: 947116.1, Diff: 0.1]
      [Ext Root Scanning (ms): Min: 0.2, Avg: 0.5, Max: 1.6, Diff: 1.4, Sum: 3.6]
      [Update RS (ms): Min: 4.1, Avg: 5.4, Max: 6.3, Diff: 2.2, Sum: 43.5]
         [Processed Buffers: Min: 5, Avg: 7.1, Max: 11, Diff: 6, Sum: 57]
      [Scan RS (ms): Min: 7.4, Avg: 8.2, Max: 8.5, Diff: 1.0, Sum: 65.3]
      [Code Root Scanning (ms): Min: 0.0, Avg: 0.0, Max: 0.0, Diff: 0.0, Sum: 0.0]
      [Object Copy (ms): Min: 0.0, Avg: 0.1, Max: 0.2, Diff: 0.1, Sum: 0.9]
      [Termination (ms): Min: 0.0, Avg: 0.1, Max: 0.2, Diff: 0.2, Sum: 0.5]
         [Termination Attempts: Min: 1, Avg: 1.0, Max: 1, Diff: 0, Sum: 8]
      [GC Worker Other (ms): Min: 0.0, Avg: 0.0, Max: 0.0, Diff: 0.0, Sum: 0.0]
      [GC Worker Total (ms): Min: 14.1, Avg: 14.2, Max: 14.4, Diff: 0.2, Sum: 113.8]
      [GC Worker End (ms): Min: 947130.2, Avg: 947130.3, Max: 947130.4, Diff: 0.2]
   [Code Root Fixup: 0.0 ms]
   [Code Root Purge: 0.0 ms]
   [Clear CT: 0.4 ms]
   [Other: 1.4 ms]
      [Choose CSet: 0.0 ms]
      [Ref Proc: 0.4 ms]
      [Ref Enq: 0.0 ms]
      [Redirty Cards: 0.4 ms]
      [Humongous Register: 0.0 ms]
      [Humongous Reclaim: 0.0 ms]
      [Free CSet: 0.5 ms]
   [Eden: 380.0M(380.0M)->0.0B(4804.0M) Survivors: 28672.0K->53248.0K Heap: 2557.2M(8192.0M)->2203.2M(8192.0M)]
 [Times: user=0.13 sys=0.00, real=0.02 secs] 
957.047: [GC pause (G1 Evacuation Pause) (young), 0.1101773 secs]
   [Parallel Time: 108.1 ms, GC Workers: 8]
      [GC Worker Start (ms): Min: 957049.1, Avg: 957049.2, Max: 957049.2, Diff: 0.1]
      [Ext Root Scanning (ms): Min: 0.2, Avg: 0.5, Max: 1.6, Diff: 1.4, Sum: 4.1]
      [Update RS (ms): Min: 21.9, Avg: 23.5, Max: 25.7, Diff: 3.8, Sum: 187.8]
         [Processed Buffers: Min: 2, Avg: 6.9, Max: 12, Diff: 10, Sum: 55]
      [Scan RS (ms): Min: 77.0, Avg: 79.4, Max: 81.5, Diff: 4.6, Sum: 635.0]
      [Code Root Scanning (ms): Min: 0.0, Avg: 0.0, Max: 0.0, Diff: 0.0, Sum: 0.0]
      [Object Copy (ms): Min: 0.8, Avg: 1.8, Max: 2.5, Diff: 1.7, Sum: 14.4]
      [Termination (ms): Min: 0.0, Avg: 0.4, Max: 0.8, Diff: 0.8, Sum: 3.5]
         [Termination Attempts: Min: 1, Avg: 1.0, Max: 1, Diff: 0, Sum: 8]
      [GC Worker Other (ms): Min: 0.0, Avg: 0.0, Max: 0.0, Diff: 0.0, Sum: 0.0]
      [GC Worker Total (ms): Min: 105.6, Avg: 105.6, Max: 105.6, Diff: 0.1, Sum: 844.9]
      [GC Worker End (ms): Min: 957154.8, Avg: 957154.8, Max: 957154.8, Diff: 0.0]
   [Code Root Fixup: 0.0 ms]
   [Code Root Purge: 0.0 ms]
   [Clear CT: 0.3 ms]
   [Other: 1.7 ms]
      [Choose CSet: 0.0 ms]
      [Ref Proc: 0.5 ms]
      [Ref Enq: 0.0 ms]
      [Redirty Cards: 0.1 ms]
      [Humongous Register: 0.0 ms]
      [Humongous Reclaim: 0.0 ms]
      [Free CSet: 0.3 ms]
   [Eden: 988.0M(356.0M)->0.0B(4732.0M) Survivors: 53248.0K->53248.0K Heap: 3191.2M(8192.0M)->2274.0M(8192.0M)]
 [Times: user=0.20 sys=0.52, real=0.11 secs] 
969.372: [GC pause (G1 Evacuation Pause) (young), 0.1277619 secs]
   [Parallel Time: 113.6 ms, GC Workers: 8]
      [GC Worker Start (ms): Min: 969383.3, Avg: 969383.3, Max: 969383.3, Diff: 0.1]
      [Ext Root Scanning (ms): Min: 0.3, Avg: 0.8, Max: 4.0, Diff: 3.7, Sum: 6.7]
      [Update RS (ms): Min: 24.8, Avg: 26.7, Max: 30.3, Diff: 5.4, Sum: 213.8]
         [Processed Buffers: Min: 2, Avg: 5.8, Max: 10, Diff: 8, Sum: 46]
      [Scan RS (ms): Min: 80.5, Avg: 82.1, Max: 83.2, Diff: 2.7, Sum: 656.6]
      [Code Root Scanning (ms): Min: 0.0, Avg: 0.0, Max: 0.0, Diff: 0.0, Sum: 0.1]
      [Object Copy (ms): Min: 0.4, Avg: 3.0, Max: 5.8, Diff: 5.4, Sum: 24.4]
      [Termination (ms): Min: 0.0, Avg: 0.6, Max: 0.8, Diff: 0.8, Sum: 4.9]
         [Termination Attempts: Min: 1, Avg: 1.3, Max: 3, Diff: 2, Sum: 10]
      [GC Worker Other (ms): Min: 0.0, Avg: 0.0, Max: 0.0, Diff: 0.0, Sum: 0.1]
      [GC Worker Total (ms): Min: 113.3, Avg: 113.3, Max: 113.3, Diff: 0.1, Sum: 906.5]
      [GC Worker End (ms): Min: 969496.6, Avg: 969496.6, Max: 969496.6, Diff: 0.0]
   [Code Root Fixup: 0.0 ms]
   [Code Root Purge: 0.0 ms]
   [Clear CT: 0.4 ms]
   [Other: 13.7 ms]
      [Choose CSet: 0.0 ms]
      [Ref Proc: 2.3 ms]
      [Ref Enq: 0.0 ms]
      [Redirty Cards: 0.1 ms]
      [Humongous Register: 0.0 ms]
      [Humongous Reclaim: 0.0 ms]
      [Free CSet: 0.5 ms]
   [Eden: 1208.0M(356.0M)->0.0B(4692.0M) Survivors: 53248.0K->53248.0K Heap: 3482.0M(8192.0M)->2363.0M(8192.0M)]
 [Times: user=0.23 sys=0.48, real=0.13 secs] 
982.262: [GC pause (G1 Evacuation Pause) (young), 0.1275523 secs]
   [Parallel Time: 123.4 ms, GC Workers: 8]
      [GC Worker Start (ms): Min: 982263.1, Avg: 982263.2, Max: 982263.2, Diff: 0.1]
      [Ext Root Scanning (ms): Min: 0.2, Avg: 0.8, Max: 4.2, Diff: 3.9, Sum: 6.4]
      [Update RS (ms): Min: 11.9, Avg: 18.6, Max: 28.1, Diff: 16.2, Sum: 149.1]
         [Processed Buffers: Min: 1, Avg: 5.9, Max: 12, Diff: 11, Sum: 47]
      [Scan RS (ms): Min: 92.6, Avg: 98.9, Max: 102.0, Diff: 9.4, Sum: 791.4]
      [Code Root Scanning (ms): Min: 0.0, Avg: 0.0, Max: 0.0, Diff: 0.0, Sum: 0.1]
      [Object Copy (ms): Min: 1.0, Avg: 4.1, Max: 8.8, Diff: 7.8, Sum: 32.8]
      [Termination (ms): Min: 0.0, Avg: 0.7, Max: 1.1, Diff: 1.1, Sum: 5.6]
         [Termination Attempts: Min: 1, Avg: 1.0, Max: 1, Diff: 0, Sum: 8]
      [GC Worker Other (ms): Min: 0.0, Avg: 0.0, Max: 0.0, Diff: 0.0, Sum: 0.1]
      [GC Worker Total (ms): Min: 123.1, Avg: 123.2, Max: 123.2, Diff: 0.1, Sum: 985.3]
      [GC Worker End (ms): Min: 982386.3, Avg: 982386.3, Max: 982386.3, Diff: 0.0]
   [Code Root Fixup: 0.0 ms]
   [Code Root Purge: 0.0 ms]
   [Clear CT: 0.5 ms]
   [Other: 3.6 ms]
      [Choose CSet: 0.0 ms]
      [Ref Proc: 2.0 ms]
      [Ref Enq: 0.0 ms]
      [Redirty Cards: 0.2 ms]
      [Humongous Register: 0.0 ms]
      [Humongous Reclaim: 0.0 ms]
      [Free CSet: 0.5 ms]
   [Eden: 1256.0M(356.0M)->0.0B(4628.0M) Survivors: 53248.0K->53248.0K Heap: 3619.0M(8192.0M)->2446.0M(8192.0M)]
 [Times: user=0.23 sys=0.41, real=0.13 secs] 
996.096: [GC pause (G1 Evacuation Pause) (young), 0.1323669 secs]
   [Parallel Time: 130.0 ms, GC Workers: 8]
      [GC Worker Start (ms): Min: 996096.4, Avg: 996096.4, Max: 996096.5, Diff: 0.1]
      [Ext Root Scanning (ms): Min: 0.2, Avg: 0.5, Max: 1.8, Diff: 1.6, Sum: 3.9]
      [Update RS (ms): Min: 23.4, Avg: 26.3, Max: 35.5, Diff: 12.1, Sum: 210.1]
         [Processed Buffers: Min: 2, Avg: 6.6, Max: 11, Diff: 9, Sum: 53]
      [Scan RS (ms): Min: 92.1, Avg: 101.4, Max: 103.7, Diff: 11.5, Sum: 810.9]
      [Code Root Scanning (ms): Min: 0.0, Avg: 0.0, Max: 0.0, Diff: 0.0, Sum: 0.0]
      [Object Copy (ms): Min: 0.0, Avg: 1.2, Max: 2.7, Diff: 2.7, Sum: 9.3]
      [Termination (ms): Min: 0.0, Avg: 0.7, Max: 1.0, Diff: 1.0, Sum: 5.3]
         [Termination Attempts: Min: 1, Avg: 1.5, Max: 3, Diff: 2, Sum: 12]
      [GC Worker Other (ms): Min: 0.0, Avg: 0.0, Max: 0.0, Diff: 0.0, Sum: 0.0]
      [GC Worker Total (ms): Min: 129.9, Avg: 130.0, Max: 130.0, Diff: 0.1, Sum: 1039.7]
      [GC Worker End (ms): Min: 996226.4, Avg: 996226.4, Max: 996226.4, Diff: 0.0]
   [Code Root Fixup: 0.0 ms]
   [Code Root Purge: 0.0 ms]
   [Clear CT: 0.4 ms]
   [Other: 1.9 ms]
      [Choose CSet: 0.0 ms]
      [Ref Proc: 1.1 ms]
      [Ref Enq: 0.0 ms]
      [Redirty Cards: 0.1 ms]
      [Humongous Register: 0.0 ms]
      [Humongous Reclaim: 0.0 ms]
      [Free CSet: 0.3 ms]
   [Eden: 1316.0M(356.0M)->0.0B(4540.0M) Survivors: 53248.0K->53248.0K Heap: 3762.0M(8192.0M)->2536.0M(8192.0M)]
 [Times: user=0.17 sys=0.61, real=0.13 secs] 
1010.194: [GC pause (G1 Evacuation Pause) (young), 0.1226652 secs]
   [Parallel Time: 118.9 ms, GC Workers: 8]
      [GC Worker Start (ms): Min: 1010193.8, Avg: 1010193.8, Max: 1010193.9, Diff: 0.2]
      [Ext Root Scanning (ms): Min: 0.1, Avg: 0.4, Max: 1.2, Diff: 1.1, Sum: 3.3]
      [Update RS (ms): Min: 14.7, Avg: 15.8, Max: 19.4, Diff: 4.7, Sum: 126.5]
         [Processed Buffers: Min: 2, Avg: 5.6, Max: 11, Diff: 9, Sum: 45]
      [Scan RS (ms): Min: 97.5, Avg: 101.0, Max: 102.7, Diff: 5.3, Sum: 808.2]
      [Code Root Scanning (ms): Min: 0.0, Avg: 0.0, Max: 0.0, Diff: 0.0, Sum: 0.0]
      [Object Copy (ms): Min: 0.3, Avg: 0.8, Max: 1.4, Diff: 1.1, Sum: 6.7]
      [Termination (ms): Min: 0.1, Avg: 0.7, Max: 0.9, Diff: 0.8, Sum: 5.4]
         [Termination Attempts: Min: 1, Avg: 1.8, Max: 2, Diff: 1, Sum: 14]
      [GC Worker Other (ms): Min: 0.0, Avg: 0.0, Max: 0.0, Diff: 0.0, Sum: 0.0]
      [GC Worker Total (ms): Min: 118.7, Avg: 118.8, Max: 118.8, Diff: 0.2, Sum: 950.2]
      [GC Worker End (ms): Min: 1010312.6, Avg: 1010312.6, Max: 1010312.6, Diff: 0.0]
   [Code Root Fixup: 0.0 ms]
   [Code Root Purge: 0.0 ms]
   [Clear CT: 0.5 ms]
   [Other: 3.3 ms]
      [Choose CSet: 0.0 ms]
      [Ref Proc: 2.0 ms]
      [Ref Enq: 0.0 ms]
      [Redirty Cards: 0.1 ms]
      [Humongous Register: 0.0 ms]
      [Humongous Reclaim: 0.0 ms]
      [Free CSet: 0.3 ms]
   [Eden: 1316.0M(356.0M)->0.0B(4448.0M) Survivors: 53248.0K->53248.0K Heap: 3852.0M(8192.0M)->2630.0M(8192.0M)]
 [Times: user=0.20 sys=0.55, real=0.12 secs] 
1024.632: [GC pause (G1 Evacuation Pause) (young), 0.1164726 secs]
   [Parallel Time: 112.8 ms, GC Workers: 8]
      [GC Worker Start (ms): Min: 1024632.7, Avg: 1024632.8, Max: 1024632.9, Diff: 0.2]
      [Ext Root Scanning (ms): Min: 0.2, Avg: 0.4, Max: 1.3, Diff: 1.1, Sum: 3.3]
      [Update RS (ms): Min: 14.2, Avg: 16.4, Max: 18.1, Diff: 3.9, Sum: 131.1]
         [Processed Buffers: Min: 3, Avg: 5.4, Max: 9, Diff: 6, Sum: 43]
      [Scan RS (ms): Min: 91.5, Avg: 93.7, Max: 96.2, Diff: 4.7, Sum: 749.5]
      [Code Root Scanning (ms): Min: 0.0, Avg: 0.0, Max: 0.0, Diff: 0.0, Sum: 0.0]
      [Object Copy (ms): Min: 0.2, Avg: 1.1, Max: 1.9, Diff: 1.7, Sum: 9.1]
      [Termination (ms): Min: 0.7, Avg: 1.0, Max: 1.7, Diff: 1.1, Sum: 8.3]
         [Termination Attempts: Min: 1, Avg: 2.4, Max: 5, Diff: 4, Sum: 19]
      [GC Worker Other (ms): Min: 0.0, Avg: 0.0, Max: 0.0, Diff: 0.0, Sum: 0.0]
      [GC Worker Total (ms): Min: 112.6, Avg: 112.7, Max: 112.7, Diff: 0.1, Sum: 901.4]
      [GC Worker End (ms): Min: 1024745.5, Avg: 1024745.5, Max: 1024745.5, Diff: 0.0]
   [Code Root Fixup: 0.0 ms]
   [Code Root Purge: 0.0 ms]
   [Clear CT: 0.5 ms]
   [Other: 3.1 ms]
      [Choose CSet: 0.0 ms]
      [Ref Proc: 2.4 ms]
      [Ref Enq: 0.0 ms]
      [Redirty Cards: 0.1 ms]
      [Humongous Register: 0.0 ms]
      [Humongous Reclaim: 0.0 ms]
      [Free CSet: 0.3 ms]
   [Eden: 1384.0M(356.0M)->0.0B(4360.0M) Survivors: 53248.0K->53248.0K Heap: 4014.0M(8192.0M)->2720.0M(8192.0M)]
 [Times: user=0.19 sys=0.50, real=0.12 secs] 
1039.941: [GC pause (G1 Evacuation Pause) (young), 0.1247954 secs]
   [Parallel Time: 121.7 ms, GC Workers: 8]
      [GC Worker Start (ms): Min: 1039941.0, Avg: 1039941.0, Max: 1039941.1, Diff: 0.1]
      [Ext Root Scanning (ms): Min: 0.2, Avg: 0.4, Max: 1.2, Diff: 1.0, Sum: 3.3]
      [Update RS (ms): Min: 21.4, Avg: 23.0, Max: 25.8, Diff: 4.4, Sum: 183.6]
         [Processed Buffers: Min: 2, Avg: 6.3, Max: 10, Diff: 8, Sum: 50]
      [Scan RS (ms): Min: 93.6, Avg: 96.3, Max: 97.4, Diff: 3.8, Sum: 770.2]
      [Code Root Scanning (ms): Min: 0.0, Avg: 0.0, Max: 0.0, Diff: 0.0, Sum: 0.0]
      [Object Copy (ms): Min: 0.3, Avg: 1.3, Max: 1.9, Diff: 1.6, Sum: 10.3]
      [Termination (ms): Min: 0.0, Avg: 0.7, Max: 1.0, Diff: 1.0, Sum: 5.4]
         [Termination Attempts: Min: 1, Avg: 1.1, Max: 2, Diff: 1, Sum: 9]
      [GC Worker Other (ms): Min: 0.0, Avg: 0.0, Max: 0.0, Diff: 0.0, Sum: 0.1]
      [GC Worker Total (ms): Min: 121.5, Avg: 121.6, Max: 121.7, Diff: 0.1, Sum: 973.0]
      [GC Worker End (ms): Min: 1040062.6, Avg: 1040062.6, Max: 1040062.6, Diff: 0.0]
   [Code Root Fixup: 0.0 ms]
   [Code Root Purge: 0.0 ms]
   [Clear CT: 0.6 ms]
   [Other: 2.4 ms]
      [Choose CSet: 0.0 ms]
      [Ref Proc: 1.4 ms]
      [Ref Enq: 0.0 ms]
      [Redirty Cards: 0.2 ms]
      [Humongous Register: 0.0 ms]
      [Humongous Reclaim: 0.0 ms]
      [Free CSet: 0.4 ms]
   [Eden: 1468.0M(356.0M)->0.0B(4264.0M) Survivors: 53248.0K->53248.0K Heap: 4188.0M(8192.0M)->2820.0M(8192.0M)]
 [Times: user=0.14 sys=0.64, real=0.13 secs] 
1055.548: [GC pause (G1 Evacuation Pause) (young), 0.1229223 secs]
   [Parallel Time: 118.8 ms, GC Workers: 8]
      [GC Worker Start (ms): Min: 1055548.7, Avg: 1055548.7, Max: 1055548.8, Diff: 0.1]
      [Ext Root Scanning (ms): Min: 0.2, Avg: 0.4, Max: 1.3, Diff: 1.1, Sum: 3.4]
      [Update RS (ms): Min: 15.5, Avg: 18.2, Max: 23.4, Diff: 7.8, Sum: 145.7]
         [Processed Buffers: Min: 2, Avg: 6.4, Max: 16, Diff: 14, Sum: 51]
      [Scan RS (ms): Min: 93.2, Avg: 98.3, Max: 101.1, Diff: 7.9, Sum: 786.4]
      [Code Root Scanning (ms): Min: 0.0, Avg: 0.0, Max: 0.0, Diff: 0.0, Sum: 0.0]
      [Object Copy (ms): Min: 0.2, Avg: 1.2, Max: 1.9, Diff: 1.7, Sum: 9.8]
      [Termination (ms): Min: 0.0, Avg: 0.6, Max: 0.9, Diff: 0.9, Sum: 4.8]
         [Termination Attempts: Min: 1, Avg: 1.0, Max: 1, Diff: 0, Sum: 8]
      [GC Worker Other (ms): Min: 0.0, Avg: 0.0, Max: 0.0, Diff: 0.0, Sum: 0.1]
      [GC Worker Total (ms): Min: 118.7, Avg: 118.8, Max: 118.8, Diff: 0.1, Sum: 950.2]
      [GC Worker End (ms): Min: 1055667.5, Avg: 1055667.5, Max: 1055667.5, Diff: 0.0]
   [Code Root Fixup: 0.0 ms]
   [Code Root Purge: 0.0 ms]
   [Clear CT: 0.6 ms]
   [Other: 3.5 ms]
      [Choose CSet: 0.0 ms]
      [Ref Proc: 2.3 ms]
      [Ref Enq: 0.0 ms]
      [Redirty Cards: 0.1 ms]
      [Humongous Register: 0.0 ms]
      [Humongous Reclaim: 0.0 ms]
      [Free CSet: 0.4 ms]
   [Eden: 1628.0M(356.0M)->0.0B(4200.0M) Survivors: 53248.0K->53248.0K Heap: 4448.0M(8192.0M)->2914.0M(8192.0M)]
 [Times: user=0.22 sys=0.41, real=0.12 secs] 
1070.284: [GC pause (G1 Evacuation Pause) (young), 0.2510091 secs]
   [Parallel Time: 216.0 ms, GC Workers: 8]
      [GC Worker Start (ms): Min: 1070284.8, Avg: 1070284.8, Max: 1070284.9, Diff: 0.1]
      [Ext Root Scanning (ms): Min: 0.1, Avg: 0.4, Max: 1.1, Diff: 1.0, Sum: 2.8]
      [Update RS (ms): Min: 11.2, Avg: 13.3, Max: 22.0, Diff: 10.8, Sum: 106.6]
         [Processed Buffers: Min: 2, Avg: 5.6, Max: 11, Diff: 9, Sum: 45]
      [Scan RS (ms): Min: 188.5, Avg: 196.0, Max: 199.7, Diff: 11.2, Sum: 1568.3]
      [Code Root Scanning (ms): Min: 0.0, Avg: 0.0, Max: 0.0, Diff: 0.0, Sum: 0.1]
      [Object Copy (ms): Min: 0.6, Avg: 3.2, Max: 6.5, Diff: 5.8, Sum: 25.4]
      [Termination (ms): Min: 0.0, Avg: 2.8, Max: 3.9, Diff: 3.9, Sum: 22.8]
         [Termination Attempts: Min: 1, Avg: 1.0, Max: 1, Diff: 0, Sum: 8]
      [GC Worker Other (ms): Min: 0.0, Avg: 0.0, Max: 0.0, Diff: 0.0, Sum: 0.1]
      [GC Worker Total (ms): Min: 215.7, Avg: 215.8, Max: 215.8, Diff: 0.1, Sum: 1726.1]
      [GC Worker End (ms): Min: 1070500.6, Avg: 1070500.6, Max: 1070500.6, Diff: 0.0]
   [Code Root Fixup: 3.0 ms]
   [Code Root Purge: 0.0 ms]
   [Clear CT: 13.6 ms]
   [Other: 18.3 ms]
      [Choose CSet: 0.0 ms]
      [Ref Proc: 4.1 ms]
      [Ref Enq: 1.1 ms]
      [Redirty Cards: 3.2 ms]
      [Humongous Register: 0.0 ms]
      [Humongous Reclaim: 0.0 ms]
      [Free CSet: 8.8 ms]
   [Eden: 1420.0M(356.0M)->0.0B(1996.0M) Survivors: 53248.0K->53248.0K Heap: 4334.0M(8192.0M)->3010.0M(8192.0M)]
 [Times: user=0.20 sys=1.44, real=0.26 secs] 
1087.432: [GC pause (G1 Evacuation Pause) (young), 0.0670091 secs]
   [Parallel Time: 58.9 ms, GC Workers: 8]
      [GC Worker Start (ms): Min: 1087432.5, Avg: 1087432.5, Max: 1087432.6, Diff: 0.2]
      [Ext Root Scanning (ms): Min: 0.0, Avg: 0.5, Max: 1.2, Diff: 1.2, Sum: 4.0]
      [Update RS (ms): Min: 16.8, Avg: 18.5, Max: 20.9, Diff: 4.0, Sum: 147.8]
         [Processed Buffers: Min: 1, Avg: 6.9, Max: 15, Diff: 14, Sum: 55]
      [Scan RS (ms): Min: 36.4, Avg: 38.4, Max: 40.1, Diff: 3.7, Sum: 307.5]
      [Code Root Scanning (ms): Min: 0.0, Avg: 0.0, Max: 0.0, Diff: 0.0, Sum: 0.0]
      [Object Copy (ms): Min: 0.2, Avg: 0.3, Max: 0.6, Diff: 0.4, Sum: 2.7]
      [Termination (ms): Min: 0.1, Avg: 0.2, Max: 0.3, Diff: 0.2, Sum: 1.6]
         [Termination Attempts: Min: 1, Avg: 1.0, Max: 1, Diff: 0, Sum: 8]
      [GC Worker Other (ms): Min: 0.0, Avg: 0.5, Max: 4.1, Diff: 4.1, Sum: 4.2]
      [GC Worker Total (ms): Min: 58.3, Avg: 58.5, Max: 58.6, Diff: 0.3, Sum: 467.8]
      [GC Worker End (ms): Min: 1087490.9, Avg: 1087491.0, Max: 1087491.1, Diff: 0.2]
   [Code Root Fixup: 0.0 ms]
   [Code Root Purge: 0.0 ms]
   [Clear CT: 4.8 ms]
   [Other: 3.2 ms]
      [Choose CSet: 0.0 ms]
      [Ref Proc: 0.9 ms]
      [Ref Enq: 0.0 ms]
      [Redirty Cards: 0.4 ms]
      [Humongous Register: 0.0 ms]
      [Humongous Reclaim: 0.0 ms]
      [Free CSet: 1.7 ms]
   [Eden: 1576.0M(356.0M)->0.0B(3980.0M) Survivors: 53248.0K->53248.0K Heap: 4586.0M(8192.0M)->3118.0M(8192.0M)]
 [Times: user=0.28 sys=0.20, real=0.07 secs] 
1103.625: [GC pause (G1 Evacuation Pause) (young), 0.0531644 secs]
   [Parallel Time: 50.2 ms, GC Workers: 8]
      [GC Worker Start (ms): Min: 1103624.8, Avg: 1103624.9, Max: 1103625.0, Diff: 0.2]
      [Ext Root Scanning (ms): Min: 0.3, Avg: 0.5, Max: 1.5, Diff: 1.2, Sum: 4.1]
      [Update RS (ms): Min: 8.5, Avg: 10.8, Max: 21.0, Diff: 12.6, Sum: 86.2]
         [Processed Buffers: Min: 1, Avg: 6.1, Max: 11, Diff: 10, Sum: 49]
      [Scan RS (ms): Min: 28.2, Avg: 38.2, Max: 40.6, Diff: 12.5, Sum: 305.6]
      [Code Root Scanning (ms): Min: 0.0, Avg: 0.0, Max: 0.0, Diff: 0.0, Sum: 0.1]
      [Object Copy (ms): Min: 0.1, Avg: 0.2, Max: 0.3, Diff: 0.2, Sum: 1.7]
      [Termination (ms): Min: 0.1, Avg: 0.2, Max: 0.3, Diff: 0.2, Sum: 1.5]
         [Termination Attempts: Min: 1, Avg: 1.1, Max: 2, Diff: 1, Sum: 9]
      [GC Worker Other (ms): Min: 0.0, Avg: 0.0, Max: 0.0, Diff: 0.0, Sum: 0.0]
      [GC Worker Total (ms): Min: 49.7, Avg: 49.9, Max: 50.0, Diff: 0.3, Sum: 399.1]
      [GC Worker End (ms): Min: 1103674.7, Avg: 1103674.8, Max: 1103675.0, Diff: 0.2]
   [Code Root Fixup: 0.0 ms]
   [Code Root Purge: 0.0 ms]
   [Clear CT: 0.7 ms]
   [Other: 2.2 ms]
      [Choose CSet: 0.0 ms]
      [Ref Proc: 1.3 ms]
      [Ref Enq: 0.0 ms]
      [Redirty Cards: 0.2 ms]
      [Humongous Register: 0.0 ms]
      [Humongous Reclaim: 0.0 ms]
      [Free CSet: 0.4 ms]
   [Eden: 1496.0M(356.0M)->0.0B(3888.0M) Survivors: 53248.0K->53248.0K Heap: 4614.0M(8192.0M)->3222.0M(8192.0M)]
 [Times: user=0.27 sys=0.02, real=0.05 secs] 
1124.318: [GC pause (G1 Evacuation Pause) (young), 0.0582308 secs]
   [Parallel Time: 50.1 ms, GC Workers: 8]
      [GC Worker Start (ms): Min: 1124318.4, Avg: 1124318.4, Max: 1124318.5, Diff: 0.1]
      [Ext Root Scanning (ms): Min: 0.3, Avg: 0.5, Max: 1.5, Diff: 1.2, Sum: 4.0]
      [Update RS (ms): Min: 8.3, Avg: 11.3, Max: 15.3, Diff: 7.0, Sum: 90.5]
         [Processed Buffers: Min: 2, Avg: 7.1, Max: 14, Diff: 12, Sum: 57]
      [Scan RS (ms): Min: 29.1, Avg: 33.7, Max: 39.7, Diff: 10.6, Sum: 269.4]
      [Code Root Scanning (ms): Min: 0.0, Avg: 0.0, Max: 0.0, Diff: 0.0, Sum: 0.1]
      [Object Copy (ms): Min: 0.0, Avg: 0.2, Max: 0.3, Diff: 0.3, Sum: 1.5]
      [Termination (ms): Min: 0.0, Avg: 4.3, Max: 4.9, Diff: 4.9, Sum: 34.2]
         [Termination Attempts: Min: 1, Avg: 1.0, Max: 1, Diff: 0, Sum: 8]
      [GC Worker Other (ms): Min: 0.0, Avg: 0.0, Max: 0.0, Diff: 0.0, Sum: 0.0]
      [GC Worker Total (ms): Min: 49.9, Avg: 50.0, Max: 50.1, Diff: 0.2, Sum: 399.7]
      [GC Worker End (ms): Min: 1124368.4, Avg: 1124368.4, Max: 1124368.5, Diff: 0.1]
   [Code Root Fixup: 0.0 ms]
   [Code Root Purge: 0.0 ms]
   [Clear CT: 3.4 ms]
   [Other: 4.7 ms]
      [Choose CSet: 0.0 ms]
      [Ref Proc: 1.1 ms]
      [Ref Enq: 0.0 ms]
      [Redirty Cards: 0.3 ms]
      [Humongous Register: 0.0 ms]
      [Humongous Reclaim: 0.0 ms]
      [Free CSet: 3.0 ms]
   [Eden: 2012.0M(356.0M)->0.0B(3784.0M) Survivors: 53248.0K->53248.0K Heap: 5234.0M(8192.0M)->3350.0M(8192.0M)]
 [Times: user=0.34 sys=0.05, real=0.06 secs] 
1152.251: [GC pause (G1 Evacuation Pause) (young), 0.0919574 secs]
   [Parallel Time: 82.9 ms, GC Workers: 8]
      [GC Worker Start (ms): Min: 1152253.0, Avg: 1152253.1, Max: 1152253.1, Diff: 0.1]
      [Ext Root Scanning (ms): Min: 0.4, Avg: 0.9, Max: 3.1, Diff: 2.7, Sum: 6.8]
      [Update RS (ms): Min: 0.0, Avg: 9.9, Max: 38.0, Diff: 38.0, Sum: 79.5]
         [Processed Buffers: Min: 0, Avg: 6.5, Max: 17, Diff: 17, Sum: 52]
      [Scan RS (ms): Min: 0.0, Avg: 59.4, Max: 73.9, Diff: 73.9, Sum: 475.4]
      [Code Root Scanning (ms): Min: 0.0, Avg: 0.0, Max: 0.2, Diff: 0.2, Sum: 0.3]
      [Object Copy (ms): Min: 1.7, Avg: 12.2, Max: 81.9, Diff: 80.1, Sum: 97.8]
      [Termination (ms): Min: 0.0, Avg: 0.0, Max: 0.1, Diff: 0.0, Sum: 0.4]
         [Termination Attempts: Min: 1, Avg: 1.0, Max: 1, Diff: 0, Sum: 8]
      [GC Worker Other (ms): Min: 0.0, Avg: 0.0, Max: 0.0, Diff: 0.0, Sum: 0.1]
      [GC Worker Total (ms): Min: 82.5, Avg: 82.5, Max: 82.6, Diff: 0.1, Sum: 660.2]
      [GC Worker End (ms): Min: 1152335.6, Avg: 1152335.6, Max: 1152335.6, Diff: 0.0]
   [Code Root Fixup: 0.0 ms]
   [Code Root Purge: 0.0 ms]
   [Clear CT: 1.0 ms]
   [Other: 8.0 ms]
      [Choose CSet: 0.0 ms]
      [Ref Proc: 2.6 ms]
      [Ref Enq: 0.1 ms]
      [Redirty Cards: 0.3 ms]
      [Humongous Register: 0.1 ms]
      [Humongous Reclaim: 0.0 ms]
      [Free CSet: 3.4 ms]
   [Eden: 2344.0M(356.0M)->0.0B(3624.0M) Survivors: 53248.0K->53248.0K Heap: 5694.0M(8192.0M)->3508.0M(8192.0M)]
 [Times: user=0.88 sys=0.05, real=0.09 secs] 
