[0.026s][info][gc,init] CardTable entry size: 512
[0.029s][info][gc     ] Using G1
[0.048s][info][gc,init] Version: 22.0.2+9 (release)
[0.048s][info][gc,init] CPUs: 16 total, 8 available
[0.048s][info][gc,init] Memory: 16099M
[0.048s][info][gc,init] Large Page Support: Disabled
[0.048s][info][gc,init] NUMA Support: Disabled
[0.048s][info][gc,init] Compressed Oops: Enabled (Zero based)
[0.048s][info][gc,init] Heap Region Size: 4M
[0.048s][info][gc,init] Heap Min Capacity: 8G
[0.048s][info][gc,init] Heap Initial Capacity: 8G
[0.048s][info][gc,init] Heap Max Capacity: 8G
[0.048s][info][gc,init] Pre-touch: Disabled
[0.048s][info][gc,init] Parallel Workers: 8
[0.048s][info][gc,init] Concurrent Workers: 2
[0.048s][info][gc,init] Concurrent Refinement Workers: 8
[0.048s][info][gc,init] Periodic GC: Disabled
[0.070s][info][gc,metaspace] CDS archive(s) mapped at: [0x0000013a3a000000-0x0000013a3ac60000-0x0000013a3ac60000), size 12976128, SharedBaseAddress: 0x0000013a3a000000, ArchiveRelocationMode: 1.
[0.070s][info][gc,metaspace] Compressed class space mapped at: 0x0000013a3b000000-0x0000013a7b000000, reserved size: 1073741824
[0.070s][info][gc,metaspace] Narrow klass base: 0x0000013a3a000000, Narrow klass shift: 0, Narrow klass range: 0x41000000
[2.227s][info][gc,start    ] GC(0) Pause Young (Concurrent Start) (Metadata GC Threshold)
[2.227s][info][gc,task     ] GC(0) Using 8 workers of 8 for evacuation
[2.234s][info][gc,phases   ] GC(0)   Pre Evacuate Collection Set: 0.28ms
[2.234s][info][gc,phases   ] GC(0)   Merge Heap Roots: 0.12ms
[2.234s][info][gc,phases   ] GC(0)   Evacuate Collection Set: 4.74ms
[2.234s][info][gc,phases   ] GC(0)   Post Evacuate Collection Set: 1.08ms
[2.234s][info][gc,phases   ] GC(0)   Other: 0.23ms
[2.234s][info][gc,heap     ] GC(0) Eden regions: 46->0(98)
[2.234s][info][gc,heap     ] GC(0) Survivor regions: 0->4(13)
[2.234s][info][gc,heap     ] GC(0) Old regions: 0->0
[2.234s][info][gc,heap     ] GC(0) Humongous regions: 140->0
[2.234s][info][gc,metaspace] GC(0) Metaspace: 20980K(21504K)->20980K(21504K) NonClass: 18533K(18816K)->18533K(18816K) Class: 2447K(2688K)->2447K(2688K)
[2.234s][info][gc          ] GC(0) Pause Young (Concurrent Start) (Metadata GC Threshold) 744M->15M(8192M) 6.935ms
[2.234s][info][gc,cpu      ] GC(0) User=0.00s Sys=0.00s Real=0.01s
[2.234s][info][gc          ] GC(1) Concurrent Mark Cycle
[2.234s][info][gc,marking  ] GC(1) Concurrent Scan Root Regions
[2.237s][info][gc,marking  ] GC(1) Concurrent Scan Root Regions 3.108ms
[2.237s][info][gc,marking  ] GC(1) Concurrent Mark
[2.237s][info][gc,marking  ] GC(1) Concurrent Mark From Roots
[2.237s][info][gc,task     ] GC(1) Using 2 workers of 2 for marking
[2.237s][info][gc,marking  ] GC(1) Concurrent Mark From Roots 0.246ms
[2.237s][info][gc,marking  ] GC(1) Concurrent Preclean
[2.237s][info][gc,marking  ] GC(1) Concurrent Preclean 0.013ms
[2.237s][info][gc,start    ] GC(1) Pause Remark
[2.239s][info][gc          ] GC(1) Pause Remark 23M->23M(8192M) 1.246ms
[2.239s][info][gc,cpu      ] GC(1) User=0.00s Sys=0.00s Real=0.00s
[2.239s][info][gc,marking  ] GC(1) Concurrent Mark 1.798ms
[2.239s][info][gc,marking  ] GC(1) Concurrent Rebuild Remembered Sets and Scrub Regions
[2.239s][info][gc,marking  ] GC(1) Concurrent Rebuild Remembered Sets and Scrub Regions 0.036ms
[2.239s][info][gc,start    ] GC(1) Pause Cleanup
[2.239s][info][gc          ] GC(1) Pause Cleanup 23M->23M(8192M) 0.025ms
[2.239s][info][gc,cpu      ] GC(1) User=0.00s Sys=0.00s Real=0.00s
[2.239s][info][gc,marking  ] GC(1) Concurrent Clear Claimed Marks
[2.239s][info][gc,marking  ] GC(1) Concurrent Clear Claimed Marks 0.030ms
[2.239s][info][gc,marking  ] GC(1) Concurrent Cleanup for Next Mark
[2.262s][info][gc,marking  ] GC(1) Concurrent Cleanup for Next Mark 22.477ms
[2.262s][info][gc          ] GC(1) Concurrent Mark Cycle 28.268ms
[3.001s][info][gc,start    ] GC(2) Pause Young (Concurrent Start) (Metadata GC Threshold)
[3.001s][info][gc,task     ] GC(2) Using 8 workers of 8 for evacuation
[3.027s][info][gc,phases   ] GC(2)   Pre Evacuate Collection Set: 0.27ms
[3.027s][info][gc,phases   ] GC(2)   Merge Heap Roots: 0.09ms
[3.027s][info][gc,phases   ] GC(2)   Evacuate Collection Set: 24.19ms
[3.027s][info][gc,phases   ] GC(2)   Post Evacuate Collection Set: 1.30ms
[3.027s][info][gc,phases   ] GC(2)   Other: 0.10ms
[3.027s][info][gc,heap     ] GC(2) Eden regions: 66->0(89)
[3.027s][info][gc,heap     ] GC(2) Survivor regions: 4->13(13)
[3.027s][info][gc,heap     ] GC(2) Old regions: 0->2
[3.027s][info][gc,heap     ] GC(2) Humongous regions: 0->0
[3.027s][info][gc,metaspace] GC(2) Metaspace: 35517K(36096K)->35517K(36096K) NonClass: 31295K(31616K)->31295K(31616K) Class: 4222K(4480K)->4222K(4480K)
[3.027s][info][gc          ] GC(2) Pause Young (Concurrent Start) (Metadata GC Threshold) 279M->56M(8192M) 26.188ms
[3.027s][info][gc          ] GC(3) Concurrent Mark Cycle
[3.027s][info][gc,cpu      ] GC(2) User=0.23s Sys=0.02s Real=0.03s
[3.027s][info][gc,marking  ] GC(3) Concurrent Scan Root Regions
[3.036s][info][gc,marking  ] GC(3) Concurrent Scan Root Regions 9.125ms
[3.036s][info][gc,marking  ] GC(3) Concurrent Mark
[3.036s][info][gc,marking  ] GC(3) Concurrent Mark From Roots
[3.036s][info][gc,task     ] GC(3) Using 2 workers of 2 for marking
[3.036s][info][gc,marking  ] GC(3) Concurrent Mark From Roots 0.278ms
[3.036s][info][gc,marking  ] GC(3) Concurrent Preclean
[3.036s][info][gc,marking  ] GC(3) Concurrent Preclean 0.012ms
[3.036s][info][gc,start    ] GC(3) Pause Remark
[3.039s][info][gc          ] GC(3) Pause Remark 60M->60M(8192M) 2.200ms
[3.039s][info][gc,cpu      ] GC(3) User=0.00s Sys=0.00s Real=0.00s
[3.039s][info][gc,marking  ] GC(3) Concurrent Mark 2.654ms
[3.039s][info][gc,marking  ] GC(3) Concurrent Rebuild Remembered Sets and Scrub Regions
[3.041s][info][gc,marking  ] GC(3) Concurrent Rebuild Remembered Sets and Scrub Regions 2.452ms
[3.041s][info][gc,start    ] GC(3) Pause Cleanup
[3.041s][info][gc          ] GC(3) Pause Cleanup 60M->60M(8192M) 0.186ms
[3.041s][info][gc,cpu      ] GC(3) User=0.00s Sys=0.00s Real=0.00s
[3.041s][info][gc,marking  ] GC(3) Concurrent Clear Claimed Marks
[3.042s][info][gc,marking  ] GC(3) Concurrent Clear Claimed Marks 0.040ms
[3.042s][info][gc,marking  ] GC(3) Concurrent Cleanup for Next Mark
[3.064s][info][gc,marking  ] GC(3) Concurrent Cleanup for Next Mark 21.965ms
[3.064s][info][gc          ] GC(3) Concurrent Mark Cycle 36.714ms
[3.749s][info][gc,start    ] GC(4) Pause Young (Normal) (G1 Evacuation Pause)
[3.749s][info][gc,task     ] GC(4) Using 8 workers of 8 for evacuation
[3.800s][info][gc,phases   ] GC(4)   Pre Evacuate Collection Set: 0.29ms
[3.800s][info][gc,phases   ] GC(4)   Merge Heap Roots: 0.11ms
[3.800s][info][gc,phases   ] GC(4)   Evacuate Collection Set: 49.35ms
[3.800s][info][gc,phases   ] GC(4)   Post Evacuate Collection Set: 1.38ms
[3.800s][info][gc,phases   ] GC(4)   Other: 0.06ms
[3.800s][info][gc,heap     ] GC(4) Eden regions: 89->0(89)
[3.800s][info][gc,heap     ] GC(4) Survivor regions: 13->13(13)
[3.800s][info][gc,heap     ] GC(4) Old regions: 2->17
[3.800s][info][gc,heap     ] GC(4) Humongous regions: 0->0
[3.800s][info][gc,metaspace] GC(4) Metaspace: 39133K(39744K)->39133K(39744K) NonClass: 34194K(34560K)->34194K(34560K) Class: 4939K(5184K)->4939K(5184K)
[3.800s][info][gc          ] GC(4) Pause Young (Normal) (G1 Evacuation Pause) 412M->116M(8192M) 51.399ms
[3.800s][info][gc,cpu      ] GC(4) User=0.38s Sys=0.00s Real=0.05s
[5.185s][info][gc,start    ] GC(5) Pause Young (Concurrent Start) (Metadata GC Threshold)
[5.185s][info][gc,task     ] GC(5) Using 8 workers of 8 for evacuation
[5.231s][info][gc,phases   ] GC(5)   Pre Evacuate Collection Set: 0.31ms
[5.231s][info][gc,phases   ] GC(5)   Merge Heap Roots: 0.11ms
[5.231s][info][gc,phases   ] GC(5)   Evacuate Collection Set: 44.01ms
[5.231s][info][gc,phases   ] GC(5)   Post Evacuate Collection Set: 1.26ms
[5.231s][info][gc,phases   ] GC(5)   Other: 0.09ms
[5.231s][info][gc,heap     ] GC(5) Eden regions: 76->0(89)
[5.231s][info][gc,heap     ] GC(5) Survivor regions: 13->13(13)
[5.231s][info][gc,heap     ] GC(5) Old regions: 17->33
[5.231s][info][gc,heap     ] GC(5) Humongous regions: 0->0
[5.231s][info][gc,metaspace] GC(5) Metaspace: 59516K(60288K)->59516K(60288K) NonClass: 50946K(51392K)->50946K(51392K) Class: 8570K(8896K)->8570K(8896K)
[5.231s][info][gc          ] GC(5) Pause Young (Concurrent Start) (Metadata GC Threshold) 420M->183M(8192M) 46.021ms
[5.231s][info][gc,cpu      ] GC(5) User=0.38s Sys=0.00s Real=0.05s
[5.231s][info][gc          ] GC(6) Concurrent Mark Cycle
[5.231s][info][gc,marking  ] GC(6) Concurrent Scan Root Regions
[5.257s][info][gc,marking  ] GC(6) Concurrent Scan Root Regions 25.706ms
[5.257s][info][gc,marking  ] GC(6) Concurrent Mark
[5.257s][info][gc,marking  ] GC(6) Concurrent Mark From Roots
[5.257s][info][gc,task     ] GC(6) Using 2 workers of 2 for marking
[5.287s][info][gc,marking  ] GC(6) Concurrent Mark From Roots 30.515ms
[5.287s][info][gc,marking  ] GC(6) Concurrent Preclean
[5.287s][info][gc,marking  ] GC(6) Concurrent Preclean 0.119ms
[5.288s][info][gc,start    ] GC(6) Pause Remark
[5.291s][info][gc          ] GC(6) Pause Remark 191M->191M(8192M) 3.002ms
[5.291s][info][gc,cpu      ] GC(6) User=0.12s Sys=0.00s Real=0.00s
[5.291s][info][gc,marking  ] GC(6) Concurrent Mark 33.873ms
[5.291s][info][gc,marking  ] GC(6) Concurrent Rebuild Remembered Sets and Scrub Regions
[5.335s][info][gc,marking  ] GC(6) Concurrent Rebuild Remembered Sets and Scrub Regions 43.961ms
[5.335s][info][gc,start    ] GC(6) Pause Cleanup
[5.335s][info][gc          ] GC(6) Pause Cleanup 195M->195M(8192M) 0.222ms
[5.335s][info][gc,cpu      ] GC(6) User=0.00s Sys=0.00s Real=0.00s
[5.335s][info][gc,marking  ] GC(6) Concurrent Clear Claimed Marks
[5.335s][info][gc,marking  ] GC(6) Concurrent Clear Claimed Marks 0.050ms
[5.335s][info][gc,marking  ] GC(6) Concurrent Cleanup for Next Mark
[5.353s][info][gc,marking  ] GC(6) Concurrent Cleanup for Next Mark 17.861ms
[5.353s][info][gc          ] GC(6) Concurrent Mark Cycle 121.971ms
[6.601s][info][gc,start    ] GC(7) Pause Young (Prepare Mixed) (G1 Evacuation Pause)
[6.601s][info][gc,task     ] GC(7) Using 8 workers of 8 for evacuation
[6.643s][info][gc,phases   ] GC(7)   Pre Evacuate Collection Set: 0.25ms
[6.643s][info][gc,phases   ] GC(7)   Merge Heap Roots: 0.23ms
[6.643s][info][gc,phases   ] GC(7)   Evacuate Collection Set: 39.74ms
[6.643s][info][gc,phases   ] GC(7)   Post Evacuate Collection Set: 1.35ms
[6.643s][info][gc,phases   ] GC(7)   Other: 0.06ms
[6.643s][info][gc,heap     ] GC(7) Eden regions: 89->0(93)
[6.643s][info][gc,heap     ] GC(7) Survivor regions: 13->9(13)
[6.643s][info][gc,heap     ] GC(7) Old regions: 33->47
[6.643s][info][gc,heap     ] GC(7) Humongous regions: 0->0
[6.643s][info][gc,metaspace] GC(7) Metaspace: 79677K(80640K)->79677K(80640K) NonClass: 67561K(68096K)->67561K(68096K) Class: 12116K(12544K)->12116K(12544K)
[6.643s][info][gc          ] GC(7) Pause Young (Prepare Mixed) (G1 Evacuation Pause) 539M->221M(8192M) 41.852ms
[6.643s][info][gc,cpu      ] GC(7) User=0.45s Sys=0.00s Real=0.04s
[7.896s][info][gc,start    ] GC(8) Pause Young (Mixed) (G1 Evacuation Pause)
[7.896s][info][gc,task     ] GC(8) Using 8 workers of 8 for evacuation
[7.945s][info][gc,phases   ] GC(8)   Pre Evacuate Collection Set: 0.32ms
[7.945s][info][gc,phases   ] GC(8)   Merge Heap Roots: 0.11ms
[7.945s][info][gc,phases   ] GC(8)   Evacuate Collection Set: 46.97ms
[7.945s][info][gc,phases   ] GC(8)   Post Evacuate Collection Set: 1.23ms
[7.945s][info][gc,phases   ] GC(8)   Other: 0.07ms
[7.945s][info][gc,heap     ] GC(8) Eden regions: 93->0(89)
[7.945s][info][gc,heap     ] GC(8) Survivor regions: 9->13(13)
[7.945s][info][gc,heap     ] GC(8) Old regions: 47->54
[7.945s][info][gc,heap     ] GC(8) Humongous regions: 0->0
[7.945s][info][gc,metaspace] GC(8) Metaspace: 94935K(95872K)->94935K(95872K) NonClass: 81939K(82496K)->81939K(82496K) Class: 12996K(13376K)->12996K(13376K)
[7.945s][info][gc          ] GC(8) Pause Young (Mixed) (G1 Evacuation Pause) 593M->267M(8192M) 48.918ms
[7.945s][info][gc,cpu      ] GC(8) User=0.42s Sys=0.05s Real=0.05s
[8.697s][info][gc,start    ] GC(9) Pause Young (Concurrent Start) (Metadata GC Threshold)
[8.697s][info][gc,task     ] GC(9) Using 8 workers of 8 for evacuation
[8.735s][info][gc,phases   ] GC(9)   Pre Evacuate Collection Set: 0.27ms
[8.735s][info][gc,phases   ] GC(9)   Merge Heap Roots: 0.14ms
[8.735s][info][gc,phases   ] GC(9)   Evacuate Collection Set: 36.16ms
[8.735s][info][gc,phases   ] GC(9)   Post Evacuate Collection Set: 0.87ms
[8.735s][info][gc,phases   ] GC(9)   Other: 0.06ms
[8.735s][info][gc,heap     ] GC(9) Eden regions: 69->0(96)
[8.735s][info][gc,heap     ] GC(9) Survivor regions: 13->6(13)
[8.735s][info][gc,heap     ] GC(9) Old regions: 54->67
[8.735s][info][gc,heap     ] GC(9) Humongous regions: 0->0
[8.735s][info][gc,metaspace] GC(9) Metaspace: 101733K(102720K)->101733K(102720K) NonClass: 87703K(88256K)->87703K(88256K) Class: 14030K(14464K)->14030K(14464K)
[8.735s][info][gc          ] GC(9) Pause Young (Concurrent Start) (Metadata GC Threshold) 542M->290M(8192M) 37.711ms
[8.735s][info][gc,cpu      ] GC(9) User=0.28s Sys=0.00s Real=0.04s
[8.735s][info][gc          ] GC(10) Concurrent Mark Cycle
[8.735s][info][gc,marking  ] GC(10) Concurrent Scan Root Regions
[8.751s][info][gc,marking  ] GC(10) Concurrent Scan Root Regions 15.489ms
[8.751s][info][gc,marking  ] GC(10) Concurrent Mark
[8.751s][info][gc,marking  ] GC(10) Concurrent Mark From Roots
[8.751s][info][gc,task     ] GC(10) Using 2 workers of 2 for marking
[8.869s][info][gc,marking  ] GC(10) Concurrent Mark From Roots 118.143ms
[8.869s][info][gc,marking  ] GC(10) Concurrent Preclean
[8.869s][info][gc,marking  ] GC(10) Concurrent Preclean 0.297ms
[8.869s][info][gc,start    ] GC(10) Pause Remark
[8.875s][info][gc          ] GC(10) Pause Remark 304M->304M(8192M) 5.480ms
[8.875s][info][gc,cpu      ] GC(10) User=0.00s Sys=0.00s Real=0.01s
[8.875s][info][gc,marking  ] GC(10) Concurrent Mark 124.145ms
[8.875s][info][gc,marking  ] GC(10) Concurrent Rebuild Remembered Sets and Scrub Regions
[8.952s][info][gc,marking  ] GC(10) Concurrent Rebuild Remembered Sets and Scrub Regions 77.674ms
[8.953s][info][gc,start    ] GC(10) Pause Cleanup
[8.953s][info][gc          ] GC(10) Pause Cleanup 308M->308M(8192M) 0.157ms
[8.953s][info][gc,cpu      ] GC(10) User=0.00s Sys=0.00s Real=0.00s
[8.953s][info][gc,marking  ] GC(10) Concurrent Clear Claimed Marks
[8.953s][info][gc,marking  ] GC(10) Concurrent Clear Claimed Marks 0.074ms
[8.953s][info][gc,marking  ] GC(10) Concurrent Cleanup for Next Mark
[8.973s][info][gc,marking  ] GC(10) Concurrent Cleanup for Next Mark 19.557ms
[8.973s][info][gc          ] GC(10) Concurrent Mark Cycle 238.057ms
[12.818s][info][gc,start    ] GC(11) Pause Young (Prepare Mixed) (G1 Evacuation Pause)
[12.818s][info][gc,task     ] GC(11) Using 8 workers of 8 for evacuation
[12.844s][info][gc,phases   ] GC(11)   Pre Evacuate Collection Set: 0.25ms
[12.844s][info][gc,phases   ] GC(11)   Merge Heap Roots: 0.21ms
[12.844s][info][gc,phases   ] GC(11)   Evacuate Collection Set: 24.61ms
[12.844s][info][gc,phases   ] GC(11)   Post Evacuate Collection Set: 0.91ms
[12.844s][info][gc,phases   ] GC(11)   Other: 0.06ms
[12.844s][info][gc,heap     ] GC(11) Eden regions: 96->0(89)
[12.844s][info][gc,heap     ] GC(11) Survivor regions: 6->13(13)
[12.844s][info][gc,heap     ] GC(11) Old regions: 67->69
[12.844s][info][gc,heap     ] GC(11) Humongous regions: 0->0
[12.844s][info][gc,metaspace] GC(11) Metaspace: 114978K(116096K)->114978K(116096K) NonClass: 99307K(99968K)->99307K(99968K) Class: 15671K(16128K)->15671K(16128K)
[12.844s][info][gc          ] GC(11) Pause Young (Prepare Mixed) (G1 Evacuation Pause) 674M->328M(8192M) 26.298ms
[12.844s][info][gc,cpu      ] GC(11) User=0.28s Sys=0.00s Real=0.03s
[14.111s][info][gc,start    ] GC(12) Pause Young (Mixed) (G1 Evacuation Pause)
[14.111s][info][gc,task     ] GC(12) Using 8 workers of 8 for evacuation
[14.152s][info][gc,phases   ] GC(12)   Pre Evacuate Collection Set: 0.36ms
[14.152s][info][gc,phases   ] GC(12)   Merge Heap Roots: 0.25ms
[14.152s][info][gc,phases   ] GC(12)   Evacuate Collection Set: 38.78ms
[14.152s][info][gc,phases   ] GC(12)   Post Evacuate Collection Set: 1.02ms
[14.152s][info][gc,phases   ] GC(12)   Other: 0.06ms
[14.152s][info][gc,heap     ] GC(12) Eden regions: 89->0(92)
[14.152s][info][gc,heap     ] GC(12) Survivor regions: 13->10(13)
[14.152s][info][gc,heap     ] GC(12) Old regions: 69->82
[14.152s][info][gc,heap     ] GC(12) Humongous regions: 0->0
[14.152s][info][gc,metaspace] GC(12) Metaspace: 117376K(118464K)->117376K(118464K) NonClass: 101391K(102016K)->101391K(102016K) Class: 15984K(16448K)->15984K(16448K)
[14.152s][info][gc          ] GC(12) Pause Young (Mixed) (G1 Evacuation Pause) 684M->367M(8192M) 40.802ms
[14.152s][info][gc,cpu      ] GC(12) User=0.41s Sys=0.00s Real=0.04s
[14.830s][info][gc,start    ] GC(13) Pause Young (Mixed) (G1 Evacuation Pause)
[14.830s][info][gc,task     ] GC(13) Using 8 workers of 8 for evacuation
[14.844s][info][gc,phases   ] GC(13)   Pre Evacuate Collection Set: 0.31ms
[14.844s][info][gc,phases   ] GC(13)   Merge Heap Roots: 0.06ms
[14.844s][info][gc,phases   ] GC(13)   Evacuate Collection Set: 13.16ms
[14.844s][info][gc,phases   ] GC(13)   Post Evacuate Collection Set: 0.48ms
[14.844s][info][gc,phases   ] GC(13)   Other: 0.06ms
[14.844s][info][gc,heap     ] GC(13) Eden regions: 92->0(98)
[14.844s][info][gc,heap     ] GC(13) Survivor regions: 10->4(13)
[14.844s][info][gc,heap     ] GC(13) Old regions: 82->92
[14.844s][info][gc,heap     ] GC(13) Humongous regions: 0->0
[14.844s][info][gc,metaspace] GC(13) Metaspace: 117480K(118656K)->117480K(118656K) NonClass: 101494K(102208K)->101494K(102208K) Class: 15985K(16448K)->15985K(16448K)
[14.844s][info][gc          ] GC(13) Pause Young (Mixed) (G1 Evacuation Pause) 735M->380M(8192M) 14.305ms
[14.844s][info][gc,cpu      ] GC(13) User=0.12s Sys=0.00s Real=0.01s
[15.514s][info][gc,start    ] GC(14) Pause Young (Normal) (G1 Evacuation Pause)
[15.514s][info][gc,task     ] GC(14) Using 8 workers of 8 for evacuation
[15.528s][info][gc,phases   ] GC(14)   Pre Evacuate Collection Set: 0.35ms
[15.528s][info][gc,phases   ] GC(14)   Merge Heap Roots: 0.09ms
[15.528s][info][gc,phases   ] GC(14)   Evacuate Collection Set: 12.42ms
[15.528s][info][gc,phases   ] GC(14)   Post Evacuate Collection Set: 0.62ms
[15.528s][info][gc,phases   ] GC(14)   Other: 0.06ms
[15.528s][info][gc,heap     ] GC(14) Eden regions: 98->0(95)
[15.528s][info][gc,heap     ] GC(14) Survivor regions: 4->7(13)
[15.528s][info][gc,heap     ] GC(14) Old regions: 92->92
[15.528s][info][gc,heap     ] GC(14) Humongous regions: 0->0
[15.528s][info][gc,metaspace] GC(14) Metaspace: 119196K(120448K)->119196K(120448K) NonClass: 102761K(103488K)->102761K(103488K) Class: 16434K(16960K)->16434K(16960K)
[15.528s][info][gc          ] GC(14) Pause Young (Normal) (G1 Evacuation Pause) 772M->392M(8192M) 13.774ms
[15.528s][info][gc,cpu      ] GC(14) User=0.14s Sys=0.00s Real=0.01s
[16.151s][info][gc,start    ] GC(15) Pause Young (Normal) (G1 Evacuation Pause)
[16.151s][info][gc,task     ] GC(15) Using 8 workers of 8 for evacuation
[16.165s][info][gc,phases   ] GC(15)   Pre Evacuate Collection Set: 0.26ms
[16.165s][info][gc,phases   ] GC(15)   Merge Heap Roots: 0.11ms
[16.165s][info][gc,phases   ] GC(15)   Evacuate Collection Set: 12.93ms
[16.165s][info][gc,phases   ] GC(15)   Post Evacuate Collection Set: 0.61ms
[16.165s][info][gc,phases   ] GC(15)   Other: 0.05ms
[16.165s][info][gc,heap     ] GC(15) Eden regions: 95->0(149)
[16.165s][info][gc,heap     ] GC(15) Survivor regions: 7->10(13)
[16.165s][info][gc,heap     ] GC(15) Old regions: 92->92
[16.165s][info][gc,heap     ] GC(15) Humongous regions: 0->0
[16.165s][info][gc,metaspace] GC(15) Metaspace: 119328K(120512K)->119328K(120512K) NonClass: 102887K(103552K)->102887K(103552K) Class: 16440K(16960K)->16440K(16960K)
[16.165s][info][gc          ] GC(15) Pause Young (Normal) (G1 Evacuation Pause) 772M->401M(8192M) 14.189ms
[16.165s][info][gc,cpu      ] GC(15) User=0.03s Sys=0.00s Real=0.02s
[17.383s][info][gc,start    ] GC(16) Pause Young (Normal) (G1 Evacuation Pause)
[17.383s][info][gc,task     ] GC(16) Using 8 workers of 8 for evacuation
[17.411s][info][gc,phases   ] GC(16)   Pre Evacuate Collection Set: 0.23ms
[17.411s][info][gc,phases   ] GC(16)   Merge Heap Roots: 0.13ms
[17.411s][info][gc,phases   ] GC(16)   Evacuate Collection Set: 26.46ms
[17.411s][info][gc,phases   ] GC(16)   Post Evacuate Collection Set: 0.92ms
[17.411s][info][gc,phases   ] GC(16)   Other: 0.08ms
[17.411s][info][gc,heap     ] GC(16) Eden regions: 162->0(179)
[17.411s][info][gc,heap     ] GC(16) Survivor regions: 10->17(22)
[17.411s][info][gc,heap     ] GC(16) Old regions: 92->92
[17.411s][info][gc,heap     ] GC(16) Humongous regions: 0->0
[17.411s][info][gc,metaspace] GC(16) Metaspace: 126944K(128128K)->126944K(128128K) NonClass: 106893K(107584K)->106893K(107584K) Class: 20050K(20544K)->20050K(20544K)
[17.411s][info][gc          ] GC(16) Pause Young (Normal) (G1 Evacuation Pause) 1049M->432M(8192M) 28.082ms
[17.411s][info][gc,cpu      ] GC(16) User=0.12s Sys=0.03s Real=0.03s
[18.723s][info][gc,start    ] GC(17) Pause Young (Normal) (G1 Evacuation Pause)
[18.723s][info][gc,task     ] GC(17) Using 8 workers of 8 for evacuation
[18.765s][info][gc,phases   ] GC(17)   Pre Evacuate Collection Set: 0.30ms
[18.765s][info][gc,phases   ] GC(17)   Merge Heap Roots: 0.14ms
[18.765s][info][gc,phases   ] GC(17)   Evacuate Collection Set: 40.46ms
[18.765s][info][gc,phases   ] GC(17)   Post Evacuate Collection Set: 1.19ms
[18.765s][info][gc,phases   ] GC(17)   Other: 0.07ms
[18.765s][info][gc,heap     ] GC(17) Eden regions: 186->0(220)
[18.765s][info][gc,heap     ] GC(17) Survivor regions: 17->20(26)
[18.765s][info][gc,heap     ] GC(17) Old regions: 92->95
[18.765s][info][gc,heap     ] GC(17) Humongous regions: 0->0
[18.765s][info][gc,metaspace] GC(17) Metaspace: 129138K(130880K)->129138K(130880K) NonClass: 108639K(109696K)->108639K(109696K) Class: 20498K(21184K)->20498K(21184K)
[18.765s][info][gc          ] GC(17) Pause Young (Normal) (G1 Evacuation Pause) 1176M->457M(8192M) 42.414ms
[18.766s][info][gc,cpu      ] GC(17) User=0.38s Sys=0.05s Real=0.04s
[20.315s][info][gc,start    ] GC(18) Pause Young (Normal) (G1 Evacuation Pause)
[20.315s][info][gc,task     ] GC(18) Using 8 workers of 8 for evacuation
[20.351s][info][gc,phases   ] GC(18)   Pre Evacuate Collection Set: 0.29ms
[20.351s][info][gc,phases   ] GC(18)   Merge Heap Roots: 0.18ms
[20.351s][info][gc,phases   ] GC(18)   Evacuate Collection Set: 33.62ms
[20.351s][info][gc,phases   ] GC(18)   Post Evacuate Collection Set: 1.43ms
[20.351s][info][gc,phases   ] GC(18)   Other: 0.09ms
[20.351s][info][gc,heap     ] GC(18) Eden regions: 227->0(370)
[20.351s][info][gc,heap     ] GC(18) Survivor regions: 20->20(31)
[20.351s][info][gc,heap     ] GC(18) Old regions: 95->98
[20.351s][info][gc,heap     ] GC(18) Humongous regions: 0->0
[20.351s][info][gc,metaspace] GC(18) Metaspace: 129431K(131136K)->129431K(131136K) NonClass: 108913K(109952K)->108913K(109952K) Class: 20517K(21184K)->20517K(21184K)
[20.351s][info][gc          ] GC(18) Pause Young (Normal) (G1 Evacuation Pause) 1365M->469M(8192M) 35.881ms
[20.351s][info][gc,cpu      ] GC(18) User=0.23s Sys=0.02s Real=0.04s
[22.894s][info][gc,start    ] GC(19) Pause Young (Normal) (G1 Evacuation Pause)
[22.894s][info][gc,task     ] GC(19) Using 8 workers of 8 for evacuation
[22.937s][info][gc,phases   ] GC(19)   Pre Evacuate Collection Set: 0.33ms
[22.937s][info][gc,phases   ] GC(19)   Merge Heap Roots: 0.13ms
[22.937s][info][gc,phases   ] GC(19)   Evacuate Collection Set: 40.25ms
[22.937s][info][gc,phases   ] GC(19)   Post Evacuate Collection Set: 1.48ms
[22.937s][info][gc,phases   ] GC(19)   Other: 0.15ms
[22.937s][info][gc,heap     ] GC(19) Eden regions: 426->0(853)
[22.937s][info][gc,heap     ] GC(19) Survivor regions: 20->27(56)
[22.937s][info][gc,heap     ] GC(19) Old regions: 98->98
[22.937s][info][gc,heap     ] GC(19) Humongous regions: 0->0
[22.937s][info][gc,metaspace] GC(19) Metaspace: 130075K(131776K)->130075K(131776K) NonClass: 109518K(110528K)->109518K(110528K) Class: 20557K(21248K)->20557K(21248K)
[22.937s][info][gc          ] GC(19) Pause Young (Normal) (G1 Evacuation Pause) 2173M->499M(8192M) 42.642ms
[22.937s][info][gc,cpu      ] GC(19) User=0.38s Sys=0.05s Real=0.04s
[23.484s][info][gc,start    ] GC(20) Pause Young (Concurrent Start) (CodeCache GC Threshold)
[23.484s][info][gc,task     ] GC(20) Using 8 workers of 8 for evacuation
[23.516s][info][gc,phases   ] GC(20)   Pre Evacuate Collection Set: 0.44ms
[23.516s][info][gc,phases   ] GC(20)   Merge Heap Roots: 0.10ms
[23.516s][info][gc,phases   ] GC(20)   Evacuate Collection Set: 31.02ms
[23.516s][info][gc,phases   ] GC(20)   Post Evacuate Collection Set: 0.73ms
[23.516s][info][gc,phases   ] GC(20)   Other: 0.09ms
[23.516s][info][gc,heap     ] GC(20) Eden regions: 89->0(1200)
[23.516s][info][gc,heap     ] GC(20) Survivor regions: 27->28(124)
[23.516s][info][gc,heap     ] GC(20) Old regions: 98->98
[23.516s][info][gc,heap     ] GC(20) Humongous regions: 0->0
[23.516s][info][gc,metaspace] GC(20) Metaspace: 130199K(131904K)->130199K(131904K) NonClass: 109624K(110656K)->109624K(110656K) Class: 20574K(21248K)->20574K(21248K)
[23.516s][info][gc          ] GC(20) Pause Young (Concurrent Start) (CodeCache GC Threshold) 855M->503M(8192M) 32.636ms
[23.516s][info][gc,cpu      ] GC(20) User=0.28s Sys=0.00s Real=0.03s
[23.516s][info][gc          ] GC(21) Concurrent Mark Cycle
[23.516s][info][gc,marking  ] GC(21) Concurrent Scan Root Regions
[23.540s][info][gc,marking  ] GC(21) Concurrent Scan Root Regions 23.117ms
[23.540s][info][gc,marking  ] GC(21) Concurrent Mark
[23.540s][info][gc,marking  ] GC(21) Concurrent Mark From Roots
[23.540s][info][gc,task     ] GC(21) Using 2 workers of 2 for marking
[23.699s][info][gc,marking  ] GC(21) Concurrent Mark From Roots 159.580ms
[23.699s][info][gc,marking  ] GC(21) Concurrent Preclean
[23.700s][info][gc,marking  ] GC(21) Concurrent Preclean 0.387ms
[23.700s][info][gc,start    ] GC(21) Pause Remark
[23.714s][info][gc          ] GC(21) Pause Remark 641M->605M(8192M) 14.446ms
[23.714s][info][gc,cpu      ] GC(21) User=0.14s Sys=0.00s Real=0.02s
[23.714s][info][gc,marking  ] GC(21) Concurrent Mark 174.685ms
[23.714s][info][gc,marking  ] GC(21) Concurrent Rebuild Remembered Sets and Scrub Regions
[23.826s][info][gc,marking  ] GC(21) Concurrent Rebuild Remembered Sets and Scrub Regions 111.244ms
[23.826s][info][gc,start    ] GC(21) Pause Cleanup
[23.826s][info][gc          ] GC(21) Pause Cleanup 681M->681M(8192M) 0.210ms
[23.826s][info][gc,cpu      ] GC(21) User=0.00s Sys=0.00s Real=0.00s
[23.826s][info][gc,marking  ] GC(21) Concurrent Clear Claimed Marks
[23.826s][info][gc,marking  ] GC(21) Concurrent Clear Claimed Marks 0.094ms
[23.826s][info][gc,marking  ] GC(21) Concurrent Cleanup for Next Mark
[23.846s][info][gc,marking  ] GC(21) Concurrent Cleanup for Next Mark 20.043ms
[23.846s][info][gc          ] GC(21) Concurrent Mark Cycle 329.755ms
[32.824s][info][gc,start    ] GC(22) Pause Young (Prepare Mixed) (G1 Evacuation Pause)
[32.824s][info][gc,task     ] GC(22) Using 8 workers of 8 for evacuation
[32.874s][info][gc,phases   ] GC(22)   Pre Evacuate Collection Set: 0.35ms
[32.874s][info][gc,phases   ] GC(22)   Merge Heap Roots: 0.21ms
[32.874s][info][gc,phases   ] GC(22)   Evacuate Collection Set: 47.24ms
[32.874s][info][gc,phases   ] GC(22)   Post Evacuate Collection Set: 2.31ms
[32.874s][info][gc,phases   ] GC(22)   Other: 0.22ms
[32.874s][info][gc,heap     ] GC(22) Eden regions: 1200->0(1193)
[32.874s][info][gc,heap     ] GC(22) Survivor regions: 28->35(154)
[32.874s][info][gc,heap     ] GC(22) Old regions: 89->89
[32.874s][info][gc,heap     ] GC(22) Humongous regions: 0->0
[32.874s][info][gc,metaspace] GC(22) Metaspace: 131144K(132992K)->131144K(132992K) NonClass: 110477K(111552K)->110477K(111552K) Class: 20666K(21440K)->20666K(21440K)
[32.874s][info][gc          ] GC(22) Pause Young (Prepare Mixed) (G1 Evacuation Pause) 5267M->495M(8192M) 50.578ms
[32.874s][info][gc,cpu      ] GC(22) User=0.33s Sys=0.06s Real=0.05s
[39.838s][info][gc,start    ] GC(23) Pause Young (Mixed) (G1 Evacuation Pause)
[39.839s][info][gc,task     ] GC(23) Using 8 workers of 8 for evacuation
[39.884s][info][gc,phases   ] GC(23)   Pre Evacuate Collection Set: 0.31ms
[39.885s][info][gc,phases   ] GC(23)   Merge Heap Roots: 0.16ms
[39.885s][info][gc,phases   ] GC(23)   Evacuate Collection Set: 42.86ms
[39.885s][info][gc,phases   ] GC(23)   Post Evacuate Collection Set: 2.49ms
[39.885s][info][gc,phases   ] GC(23)   Other: 0.09ms
[39.885s][info][gc,heap     ] GC(23) Eden regions: 1193->0(1191)
[39.885s][info][gc,heap     ] GC(23) Survivor regions: 35->37(154)
[39.885s][info][gc,heap     ] GC(23) Old regions: 89->84
[39.885s][info][gc,heap     ] GC(23) Humongous regions: 0->0
[39.885s][info][gc,metaspace] GC(23) Metaspace: 131686K(133440K)->131686K(133440K) NonClass: 110955K(111936K)->110955K(111936K) Class: 20730K(21504K)->20730K(21504K)
[39.885s][info][gc          ] GC(23) Pause Young (Mixed) (G1 Evacuation Pause) 5267M->483M(8192M) 46.147ms
[39.885s][info][gc,cpu      ] GC(23) User=0.34s Sys=0.00s Real=0.05s
[46.265s][info][gc,start    ] GC(24) Pause Young (Normal) (G1 Evacuation Pause)
[46.265s][info][gc,task     ] GC(24) Using 8 workers of 8 for evacuation
[46.320s][info][gc,phases   ] GC(24)   Pre Evacuate Collection Set: 0.45ms
[46.320s][info][gc,phases   ] GC(24)   Merge Heap Roots: 0.21ms
[46.320s][info][gc,phases   ] GC(24)   Evacuate Collection Set: 52.03ms
[46.320s][info][gc,phases   ] GC(24)   Post Evacuate Collection Set: 2.26ms
[46.320s][info][gc,phases   ] GC(24)   Other: 0.09ms
[46.320s][info][gc,heap     ] GC(24) Eden regions: 1191->0(1183)
[46.320s][info][gc,heap     ] GC(24) Survivor regions: 37->45(154)
[46.320s][info][gc,heap     ] GC(24) Old regions: 84->84
[46.320s][info][gc,heap     ] GC(24) Humongous regions: 0->0
[46.320s][info][gc,metaspace] GC(24) Metaspace: 132921K(134848K)->132921K(134848K) NonClass: 111991K(113152K)->111991K(113152K) Class: 20930K(21696K)->20930K(21696K)
[46.320s][info][gc          ] GC(24) Pause Young (Normal) (G1 Evacuation Pause) 5247M->515M(8192M) 55.256ms
[46.320s][info][gc,cpu      ] GC(24) User=0.36s Sys=0.00s Real=0.06s
[54.260s][info][gc,start    ] GC(25) Pause Young (Normal) (G1 Evacuation Pause)
[54.260s][info][gc,task     ] GC(25) Using 8 workers of 8 for evacuation
[54.328s][info][gc,phases   ] GC(25)   Pre Evacuate Collection Set: 0.30ms
[54.329s][info][gc,phases   ] GC(25)   Merge Heap Roots: 0.20ms
[54.329s][info][gc,phases   ] GC(25)   Evacuate Collection Set: 65.16ms
[54.329s][info][gc,phases   ] GC(25)   Post Evacuate Collection Set: 2.68ms
[54.329s][info][gc,phases   ] GC(25)   Other: 0.09ms
[54.329s][info][gc,heap     ] GC(25) Eden regions: 1183->0(1173)
[54.329s][info][gc,heap     ] GC(25) Survivor regions: 45->55(154)
[54.329s][info][gc,heap     ] GC(25) Old regions: 84->84
[54.329s][info][gc,heap     ] GC(25) Humongous regions: 0->0
[54.329s][info][gc,metaspace] GC(25) Metaspace: 133107K(134976K)->133107K(134976K) NonClass: 112166K(113280K)->112166K(113280K) Class: 20941K(21696K)->20941K(21696K)
[54.329s][info][gc          ] GC(25) Pause Young (Normal) (G1 Evacuation Pause) 5247M->555M(8192M) 68.651ms
[54.329s][info][gc,cpu      ] GC(25) User=0.48s Sys=0.02s Real=0.07s
[61.265s][info][gc,start    ] GC(26) Pause Young (Normal) (G1 Evacuation Pause)
[61.265s][info][gc,task     ] GC(26) Using 8 workers of 8 for evacuation
[61.342s][info][gc,phases   ] GC(26)   Pre Evacuate Collection Set: 0.27ms
[61.342s][info][gc,phases   ] GC(26)   Merge Heap Roots: 0.17ms
[61.342s][info][gc,phases   ] GC(26)   Evacuate Collection Set: 74.31ms
[61.342s][info][gc,phases   ] GC(26)   Post Evacuate Collection Set: 2.16ms
[61.342s][info][gc,phases   ] GC(26)   Other: 0.08ms
[61.342s][info][gc,heap     ] GC(26) Eden regions: 1173->0(1169)
[61.342s][info][gc,heap     ] GC(26) Survivor regions: 55->59(154)
[61.342s][info][gc,heap     ] GC(26) Old regions: 84->84
[61.342s][info][gc,heap     ] GC(26) Humongous regions: 0->0
[61.342s][info][gc,metaspace] GC(26) Metaspace: 133276K(135168K)->133276K(135168K) NonClass: 112324K(113408K)->112324K(113408K) Class: 20952K(21760K)->20952K(21760K)
[61.342s][info][gc          ] GC(26) Pause Young (Normal) (G1 Evacuation Pause) 5247M->571M(8192M) 77.260ms
[61.342s][info][gc,cpu      ] GC(26) User=0.61s Sys=0.02s Real=0.08s
[67.249s][info][gc,start    ] GC(27) Pause Young (Normal) (G1 Evacuation Pause)
[67.249s][info][gc,task     ] GC(27) Using 8 workers of 8 for evacuation
[67.325s][info][gc,phases   ] GC(27)   Pre Evacuate Collection Set: 0.33ms
[67.325s][info][gc,phases   ] GC(27)   Merge Heap Roots: 0.19ms
[67.325s][info][gc,phases   ] GC(27)   Evacuate Collection Set: 71.98ms
[67.325s][info][gc,phases   ] GC(27)   Post Evacuate Collection Set: 2.56ms
[67.325s][info][gc,phases   ] GC(27)   Other: 0.13ms
[67.325s][info][gc,heap     ] GC(27) Eden regions: 1169->0(1169)
[67.325s][info][gc,heap     ] GC(27) Survivor regions: 59->59(154)
[67.325s][info][gc,heap     ] GC(27) Old regions: 84->84
[67.325s][info][gc,heap     ] GC(27) Humongous regions: 0->0
[67.325s][info][gc,metaspace] GC(27) Metaspace: 133353K(135232K)->133353K(135232K) NonClass: 112400K(113472K)->112400K(113472K) Class: 20953K(21760K)->20953K(21760K)
[67.325s][info][gc          ] GC(27) Pause Young (Normal) (G1 Evacuation Pause) 5247M->571M(8192M) 75.505ms
[67.325s][info][gc,cpu      ] GC(27) User=0.61s Sys=0.00s Real=0.08s
[73.305s][info][gc,start    ] GC(28) Pause Young (Normal) (G1 Evacuation Pause)
[73.305s][info][gc,task     ] GC(28) Using 8 workers of 8 for evacuation
[73.371s][info][gc,phases   ] GC(28)   Pre Evacuate Collection Set: 0.27ms
[73.372s][info][gc,phases   ] GC(28)   Merge Heap Roots: 0.17ms
[73.372s][info][gc,phases   ] GC(28)   Evacuate Collection Set: 64.02ms
[73.372s][info][gc,phases   ] GC(28)   Post Evacuate Collection Set: 2.19ms
[73.372s][info][gc,phases   ] GC(28)   Other: 0.09ms
[73.372s][info][gc,heap     ] GC(28) Eden regions: 1169->0(1171)
[73.372s][info][gc,heap     ] GC(28) Survivor regions: 59->57(154)
[73.372s][info][gc,heap     ] GC(28) Old regions: 84->84
[73.372s][info][gc,heap     ] GC(28) Humongous regions: 0->0
[73.372s][info][gc,metaspace] GC(28) Metaspace: 133449K(135360K)->133449K(135360K) NonClass: 112494K(113600K)->112494K(113600K) Class: 20954K(21760K)->20954K(21760K)
[73.372s][info][gc          ] GC(28) Pause Young (Normal) (G1 Evacuation Pause) 5247M->563M(8192M) 66.972ms
[73.372s][info][gc,cpu      ] GC(28) User=0.61s Sys=0.00s Real=0.07s
[80.637s][info][gc,start    ] GC(29) Pause Young (Normal) (G1 Evacuation Pause)
[80.638s][info][gc,task     ] GC(29) Using 8 workers of 8 for evacuation
[80.738s][info][gc,phases   ] GC(29)   Pre Evacuate Collection Set: 0.57ms
[80.738s][info][gc,phases   ] GC(29)   Merge Heap Roots: 0.32ms
[80.738s][info][gc,phases   ] GC(29)   Evacuate Collection Set: 96.71ms
[80.738s][info][gc,phases   ] GC(29)   Post Evacuate Collection Set: 2.71ms
[80.738s][info][gc,phases   ] GC(29)   Other: 0.13ms
[80.738s][info][gc,heap     ] GC(29) Eden regions: 1171->0(1163)
[80.738s][info][gc,heap     ] GC(29) Survivor regions: 57->65(154)
[80.738s][info][gc,heap     ] GC(29) Old regions: 84->84
[80.738s][info][gc,heap     ] GC(29) Humongous regions: 0->0
[80.738s][info][gc,metaspace] GC(29) Metaspace: 133481K(135360K)->133481K(135360K) NonClass: 112526K(113600K)->112526K(113600K) Class: 20954K(21760K)->20954K(21760K)
[80.738s][info][gc          ] GC(29) Pause Young (Normal) (G1 Evacuation Pause) 5247M->593M(8192M) 100.734ms
[80.738s][info][gc,cpu      ] GC(29) User=0.75s Sys=0.02s Real=0.10s
[86.692s][info][gc,start    ] GC(30) Pause Young (Normal) (G1 Evacuation Pause)
[86.692s][info][gc,task     ] GC(30) Using 8 workers of 8 for evacuation
[86.769s][info][gc,phases   ] GC(30)   Pre Evacuate Collection Set: 0.34ms
[86.769s][info][gc,phases   ] GC(30)   Merge Heap Roots: 0.19ms
[86.769s][info][gc,phases   ] GC(30)   Evacuate Collection Set: 73.82ms
[86.769s][info][gc,phases   ] GC(30)   Post Evacuate Collection Set: 2.30ms
[86.769s][info][gc,phases   ] GC(30)   Other: 0.10ms
[86.769s][info][gc,heap     ] GC(30) Eden regions: 1163->0(1161)
[86.769s][info][gc,heap     ] GC(30) Survivor regions: 65->67(154)
[86.769s][info][gc,heap     ] GC(30) Old regions: 84->84
[86.769s][info][gc,heap     ] GC(30) Humongous regions: 0->0
[86.769s][info][gc,metaspace] GC(30) Metaspace: 133507K(135424K)->133507K(135424K) NonClass: 112552K(113664K)->112552K(113664K) Class: 20955K(21760K)->20955K(21760K)
[86.769s][info][gc          ] GC(30) Pause Young (Normal) (G1 Evacuation Pause) 5245M->603M(8192M) 76.991ms
[86.769s][info][gc,cpu      ] GC(30) User=0.62s Sys=0.00s Real=0.08s
[93.546s][info][gc,start    ] GC(31) Pause Young (Normal) (G1 Evacuation Pause)
[93.546s][info][gc,task     ] GC(31) Using 8 workers of 8 for evacuation
[93.616s][info][gc,phases   ] GC(31)   Pre Evacuate Collection Set: 0.31ms
[93.616s][info][gc,phases   ] GC(31)   Merge Heap Roots: 0.19ms
[93.616s][info][gc,phases   ] GC(31)   Evacuate Collection Set: 67.10ms
[93.616s][info][gc,phases   ] GC(31)   Post Evacuate Collection Set: 2.10ms
[93.616s][info][gc,phases   ] GC(31)   Other: 0.09ms
[93.616s][info][gc,heap     ] GC(31) Eden regions: 1161->0(1166)
[93.616s][info][gc,heap     ] GC(31) Survivor regions: 67->62(154)
[93.616s][info][gc,heap     ] GC(31) Old regions: 84->86
[93.616s][info][gc,heap     ] GC(31) Humongous regions: 0->0
[93.616s][info][gc,metaspace] GC(31) Metaspace: 133560K(135488K)->133560K(135488K) NonClass: 112601K(113728K)->112601K(113728K) Class: 20959K(21760K)->20959K(21760K)
[93.616s][info][gc          ] GC(31) Pause Young (Normal) (G1 Evacuation Pause) 5247M->589M(8192M) 70.015ms
[93.616s][info][gc,cpu      ] GC(31) User=0.50s Sys=0.00s Real=0.07s
[99.673s][info][gc,start    ] GC(32) Pause Young (Normal) (G1 Evacuation Pause)
[99.673s][info][gc,task     ] GC(32) Using 8 workers of 8 for evacuation
[99.744s][info][gc,phases   ] GC(32)   Pre Evacuate Collection Set: 0.32ms
[99.744s][info][gc,phases   ] GC(32)   Merge Heap Roots: 0.16ms
[99.744s][info][gc,phases   ] GC(32)   Evacuate Collection Set: 67.29ms
[99.744s][info][gc,phases   ] GC(32)   Post Evacuate Collection Set: 2.36ms
[99.744s][info][gc,phases   ] GC(32)   Other: 0.09ms
[99.744s][info][gc,heap     ] GC(32) Eden regions: 1166->0(1171)
[99.744s][info][gc,heap     ] GC(32) Survivor regions: 62->57(154)
[99.744s][info][gc,heap     ] GC(32) Old regions: 86->94
[99.744s][info][gc,heap     ] GC(32) Humongous regions: 0->0
[99.744s][info][gc,metaspace] GC(32) Metaspace: 133602K(135552K)->133602K(135552K) NonClass: 112643K(113792K)->112643K(113792K) Class: 20959K(21760K)->20959K(21760K)
[99.744s][info][gc          ] GC(32) Pause Young (Normal) (G1 Evacuation Pause) 5253M->599M(8192M) 70.437ms
[99.744s][info][gc,cpu      ] GC(32) User=0.62s Sys=0.00s Real=0.07s
[105.651s][info][gc,start    ] GC(33) Pause Young (Normal) (G1 Evacuation Pause)
[105.651s][info][gc,task     ] GC(33) Using 8 workers of 8 for evacuation
[105.717s][info][gc,phases   ] GC(33)   Pre Evacuate Collection Set: 0.32ms
[105.717s][info][gc,phases   ] GC(33)   Merge Heap Roots: 0.17ms
[105.717s][info][gc,phases   ] GC(33)   Evacuate Collection Set: 62.56ms
[105.717s][info][gc,phases   ] GC(33)   Post Evacuate Collection Set: 2.24ms
[105.717s][info][gc,phases   ] GC(33)   Other: 0.08ms
[105.717s][info][gc,heap     ] GC(33) Eden regions: 1171->0(1171)
[105.717s][info][gc,heap     ] GC(33) Survivor regions: 57->57(154)
[105.717s][info][gc,heap     ] GC(33) Old regions: 94->96
[105.717s][info][gc,heap     ] GC(33) Humongous regions: 0->0
[105.717s][info][gc,metaspace] GC(33) Metaspace: 133629K(135552K)->133629K(135552K) NonClass: 112670K(113792K)->112670K(113792K) Class: 20959K(21760K)->20959K(21760K)
[105.717s][info][gc          ] GC(33) Pause Young (Normal) (G1 Evacuation Pause) (Evacuation Failure: Pinned) 5283M->611M(8192M) 65.588ms
[105.717s][info][gc,cpu      ] GC(33) User=0.50s Sys=0.00s Real=0.07s
[111.540s][info][gc,start    ] GC(34) Pause Young (Normal) (G1 Evacuation Pause)
[111.541s][info][gc,task     ] GC(34) Using 8 workers of 8 for evacuation
[111.604s][info][gc,phases   ] GC(34)   Pre Evacuate Collection Set: 0.34ms
[111.604s][info][gc,phases   ] GC(34)   Merge Heap Roots: 0.18ms
[111.604s][info][gc,phases   ] GC(34)   Evacuate Collection Set: 60.67ms
[111.604s][info][gc,phases   ] GC(34)   Post Evacuate Collection Set: 2.02ms
[111.604s][info][gc,phases   ] GC(34)   Other: 0.08ms
[111.604s][info][gc,heap     ] GC(34) Eden regions: 1171->0(1171)
[111.604s][info][gc,heap     ] GC(34) Survivor regions: 57->57(154)
[111.604s][info][gc,heap     ] GC(34) Old regions: 96->96
[111.604s][info][gc,heap     ] GC(34) Humongous regions: 0->0
[111.604s][info][gc,metaspace] GC(34) Metaspace: 133672K(135616K)->133672K(135616K) NonClass: 112713K(113856K)->112713K(113856K) Class: 20959K(21760K)->20959K(21760K)
[111.604s][info][gc          ] GC(34) Pause Young (Normal) (G1 Evacuation Pause) 5295M->609M(8192M) 63.508ms
[111.604s][info][gc,cpu      ] GC(34) User=0.50s Sys=0.00s Real=0.06s
[119.897s][info][gc,start    ] GC(35) Pause Young (Normal) (G1 Evacuation Pause)
[119.897s][info][gc,task     ] GC(35) Using 8 workers of 8 for evacuation
[119.967s][info][gc,phases   ] GC(35)   Pre Evacuate Collection Set: 0.32ms
[119.967s][info][gc,phases   ] GC(35)   Merge Heap Roots: 0.18ms
[119.967s][info][gc,phases   ] GC(35)   Evacuate Collection Set: 67.69ms
[119.967s][info][gc,phases   ] GC(35)   Post Evacuate Collection Set: 2.40ms
[119.967s][info][gc,phases   ] GC(35)   Other: 0.09ms
[119.967s][info][gc,heap     ] GC(35) Eden regions: 1171->0(1174)
[119.967s][info][gc,heap     ] GC(35) Survivor regions: 57->54(154)
[119.967s][info][gc,heap     ] GC(35) Old regions: 96->103
[119.967s][info][gc,heap     ] GC(35) Humongous regions: 0->0
[119.967s][info][gc,metaspace] GC(35) Metaspace: 133712K(135616K)->133712K(135616K) NonClass: 112753K(113856K)->112753K(113856K) Class: 20959K(21760K)->20959K(21760K)
[119.967s][info][gc          ] GC(35) Pause Young (Normal) (G1 Evacuation Pause) 5293M->623M(8192M) 70.905ms
[119.967s][info][gc,cpu      ] GC(35) User=0.61s Sys=0.02s Real=0.07s
[125.890s][info][gc,start    ] GC(36) Pause Young (Normal) (G1 Evacuation Pause)
[125.890s][info][gc,task     ] GC(36) Using 8 workers of 8 for evacuation
[125.960s][info][gc,phases   ] GC(36)   Pre Evacuate Collection Set: 0.32ms
[125.960s][info][gc,phases   ] GC(36)   Merge Heap Roots: 0.16ms
[125.960s][info][gc,phases   ] GC(36)   Evacuate Collection Set: 67.37ms
[125.960s][info][gc,phases   ] GC(36)   Post Evacuate Collection Set: 2.01ms
[125.960s][info][gc,phases   ] GC(36)   Other: 0.24ms
[125.960s][info][gc,heap     ] GC(36) Eden regions: 1174->0(1172)
[125.960s][info][gc,heap     ] GC(36) Survivor regions: 54->56(154)
[125.960s][info][gc,heap     ] GC(36) Old regions: 103->105
[125.960s][info][gc,heap     ] GC(36) Humongous regions: 0->0
[125.960s][info][gc,metaspace] GC(36) Metaspace: 133750K(135680K)->133750K(135680K) NonClass: 112791K(113920K)->112791K(113920K) Class: 20959K(21760K)->20959K(21760K)
[125.960s][info][gc          ] GC(36) Pause Young (Normal) (G1 Evacuation Pause) (Evacuation Failure: Pinned) 5319M->641M(8192M) 70.342ms
[125.960s][info][gc,cpu      ] GC(36) User=0.50s Sys=0.00s Real=0.07s
[131.305s][info][gc,start    ] GC(37) Pause Young (Normal) (G1 Evacuation Pause)
[131.305s][info][gc,task     ] GC(37) Using 8 workers of 8 for evacuation
[131.387s][info][gc,phases   ] GC(37)   Pre Evacuate Collection Set: 0.38ms
[131.387s][info][gc,phases   ] GC(37)   Merge Heap Roots: 0.17ms
[131.387s][info][gc,phases   ] GC(37)   Evacuate Collection Set: 79.46ms
[131.387s][info][gc,phases   ] GC(37)   Post Evacuate Collection Set: 2.20ms
[131.387s][info][gc,phases   ] GC(37)   Other: 0.10ms
[131.387s][info][gc,heap     ] GC(37) Eden regions: 1172->0(1171)
[131.387s][info][gc,heap     ] GC(37) Survivor regions: 56->57(154)
[131.387s][info][gc,heap     ] GC(37) Old regions: 105->106
[131.387s][info][gc,heap     ] GC(37) Humongous regions: 0->0
[131.387s][info][gc,metaspace] GC(37) Metaspace: 133768K(135680K)->133768K(135680K) NonClass: 112807K(113920K)->112807K(113920K) Class: 20961K(21760K)->20961K(21760K)
[131.387s][info][gc          ] GC(37) Pause Young (Normal) (G1 Evacuation Pause) 5329M->647M(8192M) 82.571ms
[131.388s][info][gc,cpu      ] GC(37) User=0.62s Sys=0.00s Real=0.08s
[137.870s][info][gc,start    ] GC(38) Pause Young (Normal) (G1 Evacuation Pause)
[137.871s][info][gc,task     ] GC(38) Using 8 workers of 8 for evacuation
[137.927s][info][gc,phases   ] GC(38)   Pre Evacuate Collection Set: 0.28ms
[137.927s][info][gc,phases   ] GC(38)   Merge Heap Roots: 0.17ms
[137.927s][info][gc,phases   ] GC(38)   Evacuate Collection Set: 53.60ms
[137.927s][info][gc,phases   ] GC(38)   Post Evacuate Collection Set: 2.23ms
[137.927s][info][gc,phases   ] GC(38)   Other: 0.09ms
[137.927s][info][gc,heap     ] GC(38) Eden regions: 1171->0(1183)
[137.927s][info][gc,heap     ] GC(38) Survivor regions: 57->45(154)
[137.927s][info][gc,heap     ] GC(38) Old regions: 106->110
[137.927s][info][gc,heap     ] GC(38) Humongous regions: 0->0
[137.927s][info][gc,metaspace] GC(38) Metaspace: 133871K(135744K)->133871K(135744K) NonClass: 112895K(113984K)->112895K(113984K) Class: 20976K(21760K)->20976K(21760K)
[137.927s][info][gc          ] GC(38) Pause Young (Normal) (G1 Evacuation Pause) 5331M->616M(8192M) 56.591ms
[137.927s][info][gc,cpu      ] GC(38) User=0.38s Sys=0.00s Real=0.06s
[145.029s][info][gc,start    ] GC(39) Pause Young (Normal) (G1 Evacuation Pause)
[145.029s][info][gc,task     ] GC(39) Using 8 workers of 8 for evacuation
[145.095s][info][gc,phases   ] GC(39)   Pre Evacuate Collection Set: 0.34ms
[145.095s][info][gc,phases   ] GC(39)   Merge Heap Roots: 0.15ms
[145.095s][info][gc,phases   ] GC(39)   Evacuate Collection Set: 62.37ms
[145.095s][info][gc,phases   ] GC(39)   Post Evacuate Collection Set: 2.55ms
[145.095s][info][gc,phases   ] GC(39)   Other: 0.09ms
[145.095s][info][gc,heap     ] GC(39) Eden regions: 1183->0(1190)
[145.095s][info][gc,heap     ] GC(39) Survivor regions: 45->38(154)
[145.095s][info][gc,heap     ] GC(39) Old regions: 110->122
[145.095s][info][gc,heap     ] GC(39) Humongous regions: 0->0
[145.095s][info][gc,metaspace] GC(39) Metaspace: 133907K(135808K)->133907K(135808K) NonClass: 112928K(114048K)->112928K(114048K) Class: 20978K(21760K)->20978K(21760K)
[145.095s][info][gc          ] GC(39) Pause Young (Normal) (G1 Evacuation Pause) 5348M->639M(8192M) 65.755ms
[145.095s][info][gc,cpu      ] GC(39) User=0.56s Sys=0.00s Real=0.07s
[150.869s][info][gc,start    ] GC(40) Pause Young (Normal) (G1 Evacuation Pause)
[150.869s][info][gc,task     ] GC(40) Using 8 workers of 8 for evacuation
[150.918s][info][gc,phases   ] GC(40)   Pre Evacuate Collection Set: 0.27ms
[150.918s][info][gc,phases   ] GC(40)   Merge Heap Roots: 0.15ms
[150.918s][info][gc,phases   ] GC(40)   Evacuate Collection Set: 45.19ms
[150.918s][info][gc,phases   ] GC(40)   Post Evacuate Collection Set: 2.82ms
[150.918s][info][gc,phases   ] GC(40)   Other: 0.11ms
[150.918s][info][gc,heap     ] GC(40) Eden regions: 1190->0(1187)
[150.918s][info][gc,heap     ] GC(40) Survivor regions: 38->41(154)
[150.918s][info][gc,heap     ] GC(40) Old regions: 122->127
[150.918s][info][gc,heap     ] GC(40) Humongous regions: 0->0
[150.918s][info][gc,metaspace] GC(40) Metaspace: 133937K(135872K)->133937K(135872K) NonClass: 112958K(114112K)->112958K(114112K) Class: 20979K(21760K)->20979K(21760K)
[150.918s][info][gc          ] GC(40) Pause Young (Normal) (G1 Evacuation Pause) 5399M->666M(8192M) 48.807ms
[150.918s][info][gc,cpu      ] GC(40) User=0.38s Sys=0.00s Real=0.05s
[156.414s][info][gc,start    ] GC(41) Pause Young (Normal) (G1 Evacuation Pause)
[156.414s][info][gc,task     ] GC(41) Using 8 workers of 8 for evacuation
[156.452s][info][gc,phases   ] GC(41)   Pre Evacuate Collection Set: 0.31ms
[156.452s][info][gc,phases   ] GC(41)   Merge Heap Roots: 0.15ms
[156.452s][info][gc,phases   ] GC(41)   Evacuate Collection Set: 35.69ms
[156.452s][info][gc,phases   ] GC(41)   Post Evacuate Collection Set: 1.88ms
[156.452s][info][gc,phases   ] GC(41)   Other: 0.09ms
[156.452s][info][gc,heap     ] GC(41) Eden regions: 1187->0(1196)
[156.452s][info][gc,heap     ] GC(41) Survivor regions: 41->32(154)
[156.452s][info][gc,heap     ] GC(41) Old regions: 127->127
[156.452s][info][gc,heap     ] GC(41) Humongous regions: 0->0
[156.452s][info][gc,metaspace] GC(41) Metaspace: 133956K(135872K)->133956K(135872K) NonClass: 112977K(114112K)->112977K(114112K) Class: 20979K(21760K)->20979K(21760K)
[156.452s][info][gc          ] GC(41) Pause Young (Normal) (G1 Evacuation Pause) 5414M->636M(8192M) 38.352ms
[156.452s][info][gc,cpu      ] GC(41) User=0.36s Sys=0.00s Real=0.04s
[164.956s][info][gc,start    ] GC(42) Pause Young (Normal) (G1 Evacuation Pause)
[164.956s][info][gc,task     ] GC(42) Using 8 workers of 8 for evacuation
[164.991s][info][gc,phases   ] GC(42)   Pre Evacuate Collection Set: 0.31ms
[164.991s][info][gc,phases   ] GC(42)   Merge Heap Roots: 0.16ms
[164.991s][info][gc,phases   ] GC(42)   Evacuate Collection Set: 33.20ms
[164.991s][info][gc,phases   ] GC(42)   Post Evacuate Collection Set: 1.88ms
[164.991s][info][gc,phases   ] GC(42)   Other: 0.08ms
[164.991s][info][gc,heap     ] GC(42) Eden regions: 1196->0(1197)
[164.991s][info][gc,heap     ] GC(42) Survivor regions: 32->31(154)
[164.991s][info][gc,heap     ] GC(42) Old regions: 127->128
[164.991s][info][gc,heap     ] GC(42) Humongous regions: 0->0
[164.992s][info][gc,metaspace] GC(42) Metaspace: 133969K(135872K)->133969K(135872K) NonClass: 112990K(114112K)->112990K(114112K) Class: 20979K(21760K)->20979K(21760K)
[164.992s][info][gc          ] GC(42) Pause Young (Normal) (G1 Evacuation Pause) 5420M->631M(8192M) 35.868ms
[164.992s][info][gc,cpu      ] GC(42) User=0.25s Sys=0.00s Real=0.04s
[171.631s][info][gc,start    ] GC(43) Pause Young (Normal) (G1 Evacuation Pause)
[171.631s][info][gc,task     ] GC(43) Using 8 workers of 8 for evacuation
[171.668s][info][gc,phases   ] GC(43)   Pre Evacuate Collection Set: 0.27ms
[171.668s][info][gc,phases   ] GC(43)   Merge Heap Roots: 0.13ms
[171.668s][info][gc,phases   ] GC(43)   Evacuate Collection Set: 34.80ms
[171.669s][info][gc,phases   ] GC(43)   Post Evacuate Collection Set: 1.92ms
[171.669s][info][gc,phases   ] GC(43)   Other: 0.09ms
[171.669s][info][gc,heap     ] GC(43) Eden regions: 1197->0(1195)
[171.669s][info][gc,heap     ] GC(43) Survivor regions: 31->33(154)
[171.669s][info][gc,heap     ] GC(43) Old regions: 128->128
[171.669s][info][gc,heap     ] GC(43) Humongous regions: 0->0
[171.669s][info][gc,metaspace] GC(43) Metaspace: 133972K(135872K)->133972K(135872K) NonClass: 112993K(114112K)->112993K(114112K) Class: 20979K(21760K)->20979K(21760K)
[171.669s][info][gc          ] GC(43) Pause Young (Normal) (G1 Evacuation Pause) 5419M->639M(8192M) 37.428ms
[171.669s][info][gc,cpu      ] GC(43) User=0.38s Sys=0.00s Real=0.04s
[177.409s][info][gc,start    ] GC(44) Pause Young (Normal) (G1 Evacuation Pause)
[177.409s][info][gc,task     ] GC(44) Using 8 workers of 8 for evacuation
[177.451s][info][gc,phases   ] GC(44)   Pre Evacuate Collection Set: 0.31ms
[177.451s][info][gc,phases   ] GC(44)   Merge Heap Roots: 0.14ms
[177.451s][info][gc,phases   ] GC(44)   Evacuate Collection Set: 39.32ms
[177.451s][info][gc,phases   ] GC(44)   Post Evacuate Collection Set: 2.16ms
[177.451s][info][gc,phases   ] GC(44)   Other: 0.10ms
[177.451s][info][gc,heap     ] GC(44) Eden regions: 1195->0(1198)
[177.451s][info][gc,heap     ] GC(44) Survivor regions: 33->30(154)
[177.451s][info][gc,heap     ] GC(44) Old regions: 128->133
[177.451s][info][gc,heap     ] GC(44) Humongous regions: 0->0
[177.451s][info][gc,metaspace] GC(44) Metaspace: 133976K(135872K)->133976K(135872K) NonClass: 112997K(114112K)->112997K(114112K) Class: 20979K(21760K)->20979K(21760K)
[177.452s][info][gc          ] GC(44) Pause Young (Normal) (G1 Evacuation Pause) 5419M->649M(8192M) 42.311ms
[177.452s][info][gc,cpu      ] GC(44) User=0.38s Sys=0.00s Real=0.04s
[179.798s][info][gc,start    ] GC(45) Pause Young (Concurrent Start) (CodeCache GC Threshold)
[179.798s][info][gc,task     ] GC(45) Using 8 workers of 8 for evacuation
[179.830s][info][gc,phases   ] GC(45)   Pre Evacuate Collection Set: 0.27ms
[179.831s][info][gc,phases   ] GC(45)   Merge Heap Roots: 0.07ms
[179.831s][info][gc,phases   ] GC(45)   Evacuate Collection Set: 31.64ms
[179.831s][info][gc,phases   ] GC(45)   Post Evacuate Collection Set: 0.85ms
[179.831s][info][gc,phases   ] GC(45)   Other: 0.06ms
[179.831s][info][gc,heap     ] GC(45) Eden regions: 145->0(1203)
[179.831s][info][gc,heap     ] GC(45) Survivor regions: 30->25(154)
[179.831s][info][gc,heap     ] GC(45) Old regions: 133->134
[179.831s][info][gc,heap     ] GC(45) Humongous regions: 0->0
[179.831s][info][gc,metaspace] GC(45) Metaspace: 133981K(135872K)->133981K(135872K) NonClass: 113002K(114112K)->113002K(114112K) Class: 20979K(21760K)->20979K(21760K)
[179.831s][info][gc          ] GC(45) Pause Young (Concurrent Start) (CodeCache GC Threshold) 1229M->634M(8192M) 33.147ms
[179.831s][info][gc,cpu      ] GC(45) User=0.25s Sys=0.00s Real=0.03s
[179.831s][info][gc          ] GC(46) Concurrent Mark Cycle
[179.831s][info][gc,marking  ] GC(46) Concurrent Scan Root Regions
[179.848s][info][gc,marking  ] GC(46) Concurrent Scan Root Regions 17.269ms
[179.848s][info][gc,marking  ] GC(46) Concurrent Mark
[179.848s][info][gc,marking  ] GC(46) Concurrent Mark From Roots
[179.848s][info][gc,task     ] GC(46) Using 2 workers of 2 for marking
[180.041s][info][gc,marking  ] GC(46) Concurrent Mark From Roots 192.836ms
[180.041s][info][gc,marking  ] GC(46) Concurrent Preclean
[180.041s][info][gc,marking  ] GC(46) Concurrent Preclean 0.143ms
[180.041s][info][gc,start    ] GC(46) Pause Remark
[180.062s][info][gc          ] GC(46) Pause Remark 734M->734M(8192M) 20.714ms
[180.062s][info][gc,cpu      ] GC(46) User=0.02s Sys=0.00s Real=0.02s
[180.062s][info][gc,marking  ] GC(46) Concurrent Mark 213.923ms
[180.062s][info][gc,marking  ] GC(46) Concurrent Rebuild Remembered Sets and Scrub Regions
[180.200s][info][gc,marking  ] GC(46) Concurrent Rebuild Remembered Sets and Scrub Regions 138.111ms
[180.200s][info][gc,start    ] GC(46) Pause Cleanup
[180.201s][info][gc          ] GC(46) Pause Cleanup 764M->764M(8192M) 0.264ms
[180.201s][info][gc,cpu      ] GC(46) User=0.00s Sys=0.00s Real=0.00s
[180.201s][info][gc,marking  ] GC(46) Concurrent Clear Claimed Marks
[180.201s][info][gc,marking  ] GC(46) Concurrent Clear Claimed Marks 0.089ms
[180.201s][info][gc,marking  ] GC(46) Concurrent Cleanup for Next Mark
[180.220s][info][gc,marking  ] GC(46) Concurrent Cleanup for Next Mark 19.217ms
[180.220s][info][gc          ] GC(46) Concurrent Mark Cycle 389.238ms
[186.563s][info][gc,start    ] GC(47) Pause Young (Prepare Mixed) (G1 Evacuation Pause)
[186.563s][info][gc,task     ] GC(47) Using 8 workers of 8 for evacuation
[186.606s][info][gc,phases   ] GC(47)   Pre Evacuate Collection Set: 0.40ms
[186.606s][info][gc,phases   ] GC(47)   Merge Heap Roots: 0.19ms
[186.606s][info][gc,phases   ] GC(47)   Evacuate Collection Set: 40.04ms
[186.606s][info][gc,phases   ] GC(47)   Post Evacuate Collection Set: 2.52ms
[186.606s][info][gc,phases   ] GC(47)   Other: 0.25ms
[186.606s][info][gc,heap     ] GC(47) Eden regions: 1203->0(1201)
[186.606s][info][gc,heap     ] GC(47) Survivor regions: 25->27(154)
[186.606s][info][gc,heap     ] GC(47) Old regions: 134->135
[186.606s][info][gc,heap     ] GC(47) Humongous regions: 0->0
[186.606s][info][gc,metaspace] GC(47) Metaspace: 133363K(135808K)->133363K(135808K) NonClass: 112576K(114048K)->112576K(114048K) Class: 20786K(21760K)->20786K(21760K)
[186.606s][info][gc          ] GC(47) Pause Young (Prepare Mixed) (G1 Evacuation Pause) 5446M->645M(8192M) 43.640ms
[186.606s][info][gc,cpu      ] GC(47) User=0.38s Sys=0.00s Real=0.04s
[193.627s][info][gc,start    ] GC(48) Pause Young (Mixed) (G1 Evacuation Pause)
[193.627s][info][gc,task     ] GC(48) Using 8 workers of 8 for evacuation
[193.677s][info][gc,phases   ] GC(48)   Pre Evacuate Collection Set: 0.33ms
[193.677s][info][gc,phases   ] GC(48)   Merge Heap Roots: 0.18ms
[193.677s][info][gc,phases   ] GC(48)   Evacuate Collection Set: 47.28ms
[193.677s][info][gc,phases   ] GC(48)   Post Evacuate Collection Set: 2.48ms
[193.677s][info][gc,phases   ] GC(48)   Other: 0.16ms
[193.677s][info][gc,heap     ] GC(48) Eden regions: 1201->0(1199)
[193.677s][info][gc,heap     ] GC(48) Survivor regions: 27->29(154)
[193.677s][info][gc,heap     ] GC(48) Old regions: 135->127
[193.677s][info][gc,heap     ] GC(48) Humongous regions: 0->0
[193.677s][info][gc,metaspace] GC(48) Metaspace: 133372K(135808K)->133372K(135808K) NonClass: 112585K(114048K)->112585K(114048K) Class: 20786K(21760K)->20786K(21760K)
[193.678s][info][gc          ] GC(48) Pause Young (Mixed) (G1 Evacuation Pause) 5449M->622M(8192M) 50.988ms
[193.678s][info][gc,cpu      ] GC(48) User=0.38s Sys=0.00s Real=0.05s
[199.561s][info][gc,start    ] GC(49) Pause Young (Normal) (G1 Evacuation Pause)
[199.561s][info][gc,task     ] GC(49) Using 8 workers of 8 for evacuation
[199.602s][info][gc,phases   ] GC(49)   Pre Evacuate Collection Set: 0.29ms
[199.602s][info][gc,phases   ] GC(49)   Merge Heap Roots: 0.13ms
[199.602s][info][gc,phases   ] GC(49)   Evacuate Collection Set: 37.34ms
[199.602s][info][gc,phases   ] GC(49)   Post Evacuate Collection Set: 2.55ms
[199.602s][info][gc,phases   ] GC(49)   Other: 0.10ms
[199.602s][info][gc,heap     ] GC(49) Eden regions: 1199->0(1201)
[199.602s][info][gc,heap     ] GC(49) Survivor regions: 29->27(154)
[199.602s][info][gc,heap     ] GC(49) Old regions: 127->134
[199.602s][info][gc,heap     ] GC(49) Humongous regions: 0->0
[199.602s][info][gc,metaspace] GC(49) Metaspace: 133386K(135808K)->133386K(135808K) NonClass: 112597K(114048K)->112597K(114048K) Class: 20788K(21760K)->20788K(21760K)
[199.602s][info][gc          ] GC(49) Pause Young (Normal) (G1 Evacuation Pause) 5418M->640M(8192M) 40.674ms
[199.602s][info][gc,cpu      ] GC(49) User=0.25s Sys=0.02s Real=0.04s
[206.148s][info][gc,start    ] GC(50) Pause Young (Normal) (G1 Evacuation Pause)
[206.148s][info][gc,task     ] GC(50) Using 8 workers of 8 for evacuation
[206.177s][info][gc,phases   ] GC(50)   Pre Evacuate Collection Set: 0.34ms
[206.177s][info][gc,phases   ] GC(50)   Merge Heap Roots: 0.15ms
[206.177s][info][gc,phases   ] GC(50)   Evacuate Collection Set: 26.65ms
[206.177s][info][gc,phases   ] GC(50)   Post Evacuate Collection Set: 1.85ms
[206.177s][info][gc,phases   ] GC(50)   Other: 0.09ms
[206.177s][info][gc,heap     ] GC(50) Eden regions: 1201->0(1207)
[206.177s][info][gc,heap     ] GC(50) Survivor regions: 27->21(154)
[206.177s][info][gc,heap     ] GC(50) Old regions: 134->135
[206.177s][info][gc,heap     ] GC(50) Humongous regions: 0->0
[206.177s][info][gc,metaspace] GC(50) Metaspace: 133394K(135808K)->133394K(135808K) NonClass: 112606K(114048K)->112606K(114048K) Class: 20788K(21760K)->20788K(21760K)
[206.177s][info][gc          ] GC(50) Pause Young (Normal) (G1 Evacuation Pause) 5444M->622M(8192M) 29.288ms
[206.177s][info][gc,cpu      ] GC(50) User=0.20s Sys=0.00s Real=0.03s
[212.979s][info][gc,start    ] GC(51) Pause Young (Normal) (G1 Evacuation Pause)
[212.979s][info][gc,task     ] GC(51) Using 8 workers of 8 for evacuation
[213.009s][info][gc,phases   ] GC(51)   Pre Evacuate Collection Set: 0.31ms
[213.009s][info][gc,phases   ] GC(51)   Merge Heap Roots: 0.13ms
[213.009s][info][gc,phases   ] GC(51)   Evacuate Collection Set: 26.69ms
[213.009s][info][gc,phases   ] GC(51)   Post Evacuate Collection Set: 2.27ms
[213.009s][info][gc,phases   ] GC(51)   Other: 0.12ms
[213.009s][info][gc,heap     ] GC(51) Eden regions: 1207->0(1209)
[213.009s][info][gc,heap     ] GC(51) Survivor regions: 21->19(154)
[213.009s][info][gc,heap     ] GC(51) Old regions: 135->136
[213.009s][info][gc,heap     ] GC(51) Humongous regions: 0->0
[213.009s][info][gc,metaspace] GC(51) Metaspace: 133405K(135808K)->133405K(135808K) NonClass: 112617K(114048K)->112617K(114048K) Class: 20788K(21760K)->20788K(21760K)
[213.009s][info][gc          ] GC(51) Pause Young (Normal) (G1 Evacuation Pause) 5450M->616M(8192M) 29.817ms
[213.009s][info][gc,cpu      ] GC(51) User=0.25s Sys=0.00s Real=0.03s
[219.160s][info][gc,start    ] GC(52) Pause Young (Normal) (G1 Evacuation Pause)
[219.160s][info][gc,task     ] GC(52) Using 8 workers of 8 for evacuation
[219.190s][info][gc,phases   ] GC(52)   Pre Evacuate Collection Set: 0.29ms
[219.190s][info][gc,phases   ] GC(52)   Merge Heap Roots: 0.13ms
[219.190s][info][gc,phases   ] GC(52)   Evacuate Collection Set: 26.88ms
[219.190s][info][gc,phases   ] GC(52)   Post Evacuate Collection Set: 2.24ms
[219.190s][info][gc,phases   ] GC(52)   Other: 0.10ms
[219.190s][info][gc,heap     ] GC(52) Eden regions: 1209->0(1206)
[219.190s][info][gc,heap     ] GC(52) Survivor regions: 19->22(154)
[219.190s][info][gc,heap     ] GC(52) Old regions: 136->136
[219.190s][info][gc,heap     ] GC(52) Humongous regions: 0->0
[219.190s][info][gc,metaspace] GC(52) Metaspace: 133421K(135808K)->133421K(135808K) NonClass: 112632K(114048K)->112632K(114048K) Class: 20788K(21760K)->20788K(21760K)
[219.190s][info][gc          ] GC(52) Pause Young (Normal) (G1 Evacuation Pause) 5452M->629M(8192M) 29.897ms
[219.190s][info][gc,cpu      ] GC(52) User=0.25s Sys=0.00s Real=0.03s
[225.595s][info][gc,start    ] GC(53) Pause Young (Normal) (G1 Evacuation Pause)
[225.595s][info][gc,task     ] GC(53) Using 8 workers of 8 for evacuation
[225.628s][info][gc,phases   ] GC(53)   Pre Evacuate Collection Set: 0.31ms
[225.628s][info][gc,phases   ] GC(53)   Merge Heap Roots: 0.13ms
[225.628s][info][gc,phases   ] GC(53)   Evacuate Collection Set: 29.77ms
[225.628s][info][gc,phases   ] GC(53)   Post Evacuate Collection Set: 2.13ms
[225.628s][info][gc,phases   ] GC(53)   Other: 0.09ms
[225.628s][info][gc,heap     ] GC(53) Eden regions: 1206->0(1202)
[225.628s][info][gc,heap     ] GC(53) Survivor regions: 22->26(154)
[225.628s][info][gc,heap     ] GC(53) Old regions: 136->137
[225.628s][info][gc,heap     ] GC(53) Humongous regions: 0->0
[225.628s][info][gc,metaspace] GC(53) Metaspace: 133454K(135808K)->133454K(135808K) NonClass: 112662K(114048K)->112662K(114048K) Class: 20791K(21760K)->20791K(21760K)
[225.628s][info][gc          ] GC(53) Pause Young (Normal) (G1 Evacuation Pause) (Evacuation Failure: Pinned) 5453M->649M(8192M) 32.682ms
[225.628s][info][gc,cpu      ] GC(53) User=0.25s Sys=0.00s Real=0.03s
[234.198s][info][gc,start    ] GC(54) Pause Young (Normal) (G1 Evacuation Pause)
[234.198s][info][gc,task     ] GC(54) Using 8 workers of 8 for evacuation
[234.223s][info][gc,phases   ] GC(54)   Pre Evacuate Collection Set: 0.28ms
[234.223s][info][gc,phases   ] GC(54)   Merge Heap Roots: 0.12ms
[234.223s][info][gc,phases   ] GC(54)   Evacuate Collection Set: 22.73ms
[234.223s][info][gc,phases   ] GC(54)   Post Evacuate Collection Set: 2.16ms
[234.224s][info][gc,phases   ] GC(54)   Other: 0.09ms
[234.224s][info][gc,heap     ] GC(54) Eden regions: 1202->0(1207)
[234.224s][info][gc,heap     ] GC(54) Survivor regions: 26->21(154)
[234.224s][info][gc,heap     ] GC(54) Old regions: 137->136
[234.224s][info][gc,heap     ] GC(54) Humongous regions: 0->0
[234.224s][info][gc,metaspace] GC(54) Metaspace: 133528K(135808K)->133528K(135808K) NonClass: 112727K(114048K)->112727K(114048K) Class: 20800K(21760K)->20800K(21760K)
[234.224s][info][gc          ] GC(54) Pause Young (Normal) (G1 Evacuation Pause) 5457M->623M(8192M) 25.608ms
[234.224s][info][gc,cpu      ] GC(54) User=0.12s Sys=0.00s Real=0.02s
[240.270s][info][gc,start    ] GC(55) Pause Young (Normal) (G1 Evacuation Pause)
[240.270s][info][gc,task     ] GC(55) Using 8 workers of 8 for evacuation
[240.299s][info][gc,phases   ] GC(55)   Pre Evacuate Collection Set: 0.29ms
[240.299s][info][gc,phases   ] GC(55)   Merge Heap Roots: 0.13ms
[240.299s][info][gc,phases   ] GC(55)   Evacuate Collection Set: 25.98ms
[240.299s][info][gc,phases   ] GC(55)   Post Evacuate Collection Set: 1.86ms
[240.299s][info][gc,phases   ] GC(55)   Other: 0.09ms
[240.299s][info][gc,heap     ] GC(55) Eden regions: 1207->0(1204)
[240.299s][info][gc,heap     ] GC(55) Survivor regions: 21->24(154)
[240.299s][info][gc,heap     ] GC(55) Old regions: 136->136
[240.299s][info][gc,heap     ] GC(55) Humongous regions: 0->0
[240.299s][info][gc,metaspace] GC(55) Metaspace: 133566K(135808K)->133566K(135808K) NonClass: 112758K(114048K)->112758K(114048K) Class: 20807K(21760K)->20807K(21760K)
[240.299s][info][gc          ] GC(55) Pause Young (Normal) (G1 Evacuation Pause) 5451M->636M(8192M) 28.616ms
[240.299s][info][gc,cpu      ] GC(55) User=0.25s Sys=0.00s Real=0.03s
[245.837s][info][gc,start    ] GC(56) Pause Young (Normal) (G1 Evacuation Pause)
[245.837s][info][gc,task     ] GC(56) Using 8 workers of 8 for evacuation
[245.863s][info][gc,phases   ] GC(56)   Pre Evacuate Collection Set: 0.41ms
[245.863s][info][gc,phases   ] GC(56)   Merge Heap Roots: 0.14ms
[245.863s][info][gc,phases   ] GC(56)   Evacuate Collection Set: 23.69ms
[245.863s][info][gc,phases   ] GC(56)   Post Evacuate Collection Set: 1.89ms
[245.863s][info][gc,phases   ] GC(56)   Other: 0.09ms
[245.863s][info][gc,heap     ] GC(56) Eden regions: 1204->0(1210)
[245.863s][info][gc,heap     ] GC(56) Survivor regions: 24->18(154)
[245.863s][info][gc,heap     ] GC(56) Old regions: 136->136
[245.863s][info][gc,heap     ] GC(56) Humongous regions: 0->0
[245.863s][info][gc,metaspace] GC(56) Metaspace: 133573K(135808K)->133573K(135808K) NonClass: 112765K(114048K)->112765K(114048K) Class: 20807K(21760K)->20807K(21760K)
[245.863s][info][gc          ] GC(56) Pause Young (Normal) (G1 Evacuation Pause) 5452M->614M(8192M) 26.476ms
[245.863s][info][gc,cpu      ] GC(56) User=0.12s Sys=0.00s Real=0.03s
[253.036s][info][gc,start    ] GC(57) Pause Young (Normal) (G1 Evacuation Pause)
[253.036s][info][gc,task     ] GC(57) Using 8 workers of 8 for evacuation
[253.079s][info][gc,phases   ] GC(57)   Pre Evacuate Collection Set: 0.30ms
[253.079s][info][gc,phases   ] GC(57)   Merge Heap Roots: 0.12ms
[253.079s][info][gc,phases   ] GC(57)   Evacuate Collection Set: 40.18ms
[253.079s][info][gc,phases   ] GC(57)   Post Evacuate Collection Set: 2.42ms
[253.079s][info][gc,phases   ] GC(57)   Other: 0.10ms
[253.079s][info][gc,heap     ] GC(57) Eden regions: 1210->0(1195)
[253.079s][info][gc,heap     ] GC(57) Survivor regions: 18->33(154)
[253.079s][info][gc,heap     ] GC(57) Old regions: 136->136
[253.079s][info][gc,heap     ] GC(57) Humongous regions: 0->0
[253.079s][info][gc,metaspace] GC(57) Metaspace: 133579K(135808K)->133579K(135808K) NonClass: 112772K(114048K)->112772K(114048K) Class: 20807K(21760K)->20807K(21760K)
[253.079s][info][gc          ] GC(57) Pause Young (Normal) (G1 Evacuation Pause) 5454M->672M(8192M) 43.352ms
[253.079s][info][gc,cpu      ] GC(57) User=0.38s Sys=0.00s Real=0.04s
[260.002s][info][gc,start    ] GC(58) Pause Young (Normal) (G1 Evacuation Pause)
[260.002s][info][gc,task     ] GC(58) Using 8 workers of 8 for evacuation
[260.027s][info][gc,phases   ] GC(58)   Pre Evacuate Collection Set: 0.29ms
[260.027s][info][gc,phases   ] GC(58)   Merge Heap Roots: 0.12ms
[260.027s][info][gc,phases   ] GC(58)   Evacuate Collection Set: 22.35ms
[260.027s][info][gc,phases   ] GC(58)   Post Evacuate Collection Set: 2.03ms
[260.027s][info][gc,phases   ] GC(58)   Other: 0.09ms
[260.027s][info][gc,heap     ] GC(58) Eden regions: 1195->0(1207)
[260.027s][info][gc,heap     ] GC(58) Survivor regions: 33->21(154)
[260.027s][info][gc,heap     ] GC(58) Old regions: 136->136
[260.027s][info][gc,heap     ] GC(58) Humongous regions: 0->0
[260.027s][info][gc,metaspace] GC(58) Metaspace: 133606K(135872K)->133606K(135872K) NonClass: 112794K(114112K)->112794K(114112K) Class: 20811K(21760K)->20811K(21760K)
[260.027s][info][gc          ] GC(58) Pause Young (Normal) (G1 Evacuation Pause) 5452M->624M(8192M) 25.109ms
[260.027s][info][gc,cpu      ] GC(58) User=0.25s Sys=0.00s Real=0.03s
[266.370s][info][gc,start    ] GC(59) Pause Young (Normal) (G1 Evacuation Pause)
[266.370s][info][gc,task     ] GC(59) Using 8 workers of 8 for evacuation
[266.406s][info][gc,phases   ] GC(59)   Pre Evacuate Collection Set: 0.28ms
[266.406s][info][gc,phases   ] GC(59)   Merge Heap Roots: 0.13ms
[266.406s][info][gc,phases   ] GC(59)   Evacuate Collection Set: 33.42ms
[266.406s][info][gc,phases   ] GC(59)   Post Evacuate Collection Set: 2.47ms
[266.406s][info][gc,phases   ] GC(59)   Other: 0.09ms
[266.406s][info][gc,heap     ] GC(59) Eden regions: 1207->0(1201)
[266.406s][info][gc,heap     ] GC(59) Survivor regions: 21->27(154)
[266.406s][info][gc,heap     ] GC(59) Old regions: 136->136
[266.406s][info][gc,heap     ] GC(59) Humongous regions: 0->0
[266.406s][info][gc,metaspace] GC(59) Metaspace: 133651K(135872K)->133651K(135872K) NonClass: 112838K(114112K)->112838K(114112K) Class: 20812K(21760K)->20812K(21760K)
[266.407s][info][gc          ] GC(59) Pause Young (Normal) (G1 Evacuation Pause) 5452M->651M(8192M) 36.683ms
[266.407s][info][gc,cpu      ] GC(59) User=0.25s Sys=0.00s Real=0.04s
[274.140s][info][gc,start    ] GC(60) Pause Young (Normal) (G1 Evacuation Pause)
[274.141s][info][gc,task     ] GC(60) Using 8 workers of 8 for evacuation
[274.175s][info][gc,phases   ] GC(60)   Pre Evacuate Collection Set: 0.31ms
[274.175s][info][gc,phases   ] GC(60)   Merge Heap Roots: 0.12ms
[274.175s][info][gc,phases   ] GC(60)   Evacuate Collection Set: 31.67ms
[274.175s][info][gc,phases   ] GC(60)   Post Evacuate Collection Set: 1.95ms
[274.175s][info][gc,phases   ] GC(60)   Other: 0.08ms
[274.175s][info][gc,heap     ] GC(60) Eden regions: 1201->0(1201)
[274.175s][info][gc,heap     ] GC(60) Survivor regions: 27->27(154)
[274.175s][info][gc,heap     ] GC(60) Old regions: 136->136
[274.175s][info][gc,heap     ] GC(60) Humongous regions: 0->0
[274.175s][info][gc,metaspace] GC(60) Metaspace: 133687K(135872K)->133687K(135872K) NonClass: 112874K(114112K)->112874K(114112K) Class: 20812K(21760K)->20812K(21760K)
[274.175s][info][gc          ] GC(60) Pause Young (Normal) (G1 Evacuation Pause) 5455M->649M(8192M) 34.351ms
[274.175s][info][gc,cpu      ] GC(60) User=0.25s Sys=0.00s Real=0.04s
[280.070s][info][gc,start    ] GC(61) Pause Young (Normal) (G1 Evacuation Pause)
[280.070s][info][gc,task     ] GC(61) Using 8 workers of 8 for evacuation
[280.108s][info][gc,phases   ] GC(61)   Pre Evacuate Collection Set: 0.30ms
[280.108s][info][gc,phases   ] GC(61)   Merge Heap Roots: 0.14ms
[280.108s][info][gc,phases   ] GC(61)   Evacuate Collection Set: 36.10ms
[280.108s][info][gc,phases   ] GC(61)   Post Evacuate Collection Set: 1.96ms
[280.108s][info][gc,phases   ] GC(61)   Other: 0.09ms
[280.108s][info][gc,heap     ] GC(61) Eden regions: 1201->0(1202)
[280.108s][info][gc,heap     ] GC(61) Survivor regions: 27->26(154)
[280.108s][info][gc,heap     ] GC(61) Old regions: 136->136
[280.108s][info][gc,heap     ] GC(61) Humongous regions: 0->0
[280.108s][info][gc,metaspace] GC(61) Metaspace: 133698K(135872K)->133698K(135872K) NonClass: 112885K(114112K)->112885K(114112K) Class: 20812K(21760K)->20812K(21760K)
[280.108s][info][gc          ] GC(61) Pause Young (Normal) (G1 Evacuation Pause) 5453M->645M(8192M) 38.821ms
[280.108s][info][gc,cpu      ] GC(61) User=0.38s Sys=0.00s Real=0.04s
[286.241s][info][gc,start    ] GC(62) Pause Young (Normal) (G1 Evacuation Pause)
[286.241s][info][gc,task     ] GC(62) Using 8 workers of 8 for evacuation
[286.267s][info][gc,phases   ] GC(62)   Pre Evacuate Collection Set: 0.32ms
[286.267s][info][gc,phases   ] GC(62)   Merge Heap Roots: 0.15ms
[286.267s][info][gc,phases   ] GC(62)   Evacuate Collection Set: 23.23ms
[286.267s][info][gc,phases   ] GC(62)   Post Evacuate Collection Set: 1.78ms
[286.267s][info][gc,phases   ] GC(62)   Other: 0.09ms
[286.267s][info][gc,heap     ] GC(62) Eden regions: 1202->0(1207)
[286.267s][info][gc,heap     ] GC(62) Survivor regions: 26->21(154)
[286.267s][info][gc,heap     ] GC(62) Old regions: 136->137
[286.267s][info][gc,heap     ] GC(62) Humongous regions: 0->0
[286.267s][info][gc,metaspace] GC(62) Metaspace: 133710K(135872K)->133710K(135872K) NonClass: 112897K(114112K)->112897K(114112K) Class: 20812K(21760K)->20812K(21760K)
[286.267s][info][gc          ] GC(62) Pause Young (Normal) (G1 Evacuation Pause) 5453M->626M(8192M) 25.789ms
[286.267s][info][gc,cpu      ] GC(62) User=0.25s Sys=0.00s Real=0.03s
[293.765s][info][gc,start    ] GC(63) Pause Young (Normal) (G1 Evacuation Pause)
[293.765s][info][gc,task     ] GC(63) Using 8 workers of 8 for evacuation
[293.792s][info][gc,phases   ] GC(63)   Pre Evacuate Collection Set: 0.29ms
[293.792s][info][gc,phases   ] GC(63)   Merge Heap Roots: 0.12ms
[293.792s][info][gc,phases   ] GC(63)   Evacuate Collection Set: 23.67ms
[293.792s][info][gc,phases   ] GC(63)   Post Evacuate Collection Set: 2.21ms
[293.792s][info][gc,phases   ] GC(63)   Other: 0.09ms
[293.792s][info][gc,heap     ] GC(63) Eden regions: 1207->0(1210)
[293.792s][info][gc,heap     ] GC(63) Survivor regions: 21->18(154)
[293.792s][info][gc,heap     ] GC(63) Old regions: 137->137
[293.792s][info][gc,heap     ] GC(63) Humongous regions: 0->0
[293.792s][info][gc,metaspace] GC(63) Metaspace: 133733K(135872K)->133733K(135872K) NonClass: 112920K(114112K)->112920K(114112K) Class: 20812K(21760K)->20812K(21760K)
[293.792s][info][gc          ] GC(63) Pause Young (Normal) (G1 Evacuation Pause) 5454M->614M(8192M) 26.640ms
[293.792s][info][gc,cpu      ] GC(63) User=0.25s Sys=0.00s Real=0.03s
[300.376s][info][gc,start    ] GC(64) Pause Young (Normal) (G1 Evacuation Pause)
[300.376s][info][gc,task     ] GC(64) Using 8 workers of 8 for evacuation
[300.407s][info][gc,phases   ] GC(64)   Pre Evacuate Collection Set: 0.29ms
[300.407s][info][gc,phases   ] GC(64)   Merge Heap Roots: 0.14ms
[300.407s][info][gc,phases   ] GC(64)   Evacuate Collection Set: 28.52ms
[300.407s][info][gc,phases   ] GC(64)   Post Evacuate Collection Set: 1.91ms
[300.407s][info][gc,phases   ] GC(64)   Other: 0.14ms
[300.407s][info][gc,heap     ] GC(64) Eden regions: 1210->0(1204)
[300.407s][info][gc,heap     ] GC(64) Survivor regions: 18->24(154)
[300.407s][info][gc,heap     ] GC(64) Old regions: 137->137
[300.407s][info][gc,heap     ] GC(64) Humongous regions: 0->0
[300.407s][info][gc,metaspace] GC(64) Metaspace: 133760K(135872K)->133760K(135872K) NonClass: 112947K(114112K)->112947K(114112K) Class: 20812K(21760K)->20812K(21760K)
[300.407s][info][gc          ] GC(64) Pause Young (Normal) (G1 Evacuation Pause) 5454M->640M(8192M) 31.312ms
[300.407s][info][gc,cpu      ] GC(64) User=0.25s Sys=0.00s Real=0.03s
[306.748s][info][gc,start    ] GC(65) Pause Young (Normal) (G1 Evacuation Pause)
[306.748s][info][gc,task     ] GC(65) Using 8 workers of 8 for evacuation
[306.775s][info][gc,phases   ] GC(65)   Pre Evacuate Collection Set: 0.34ms
[306.775s][info][gc,phases   ] GC(65)   Merge Heap Roots: 0.17ms
[306.775s][info][gc,phases   ] GC(65)   Evacuate Collection Set: 24.36ms
[306.775s][info][gc,phases   ] GC(65)   Post Evacuate Collection Set: 2.08ms
[306.775s][info][gc,phases   ] GC(65)   Other: 0.09ms
[306.775s][info][gc,heap     ] GC(65) Eden regions: 1204->0(1205)
[306.775s][info][gc,heap     ] GC(65) Survivor regions: 24->23(154)
[306.775s][info][gc,heap     ] GC(65) Old regions: 137->137
[306.775s][info][gc,heap     ] GC(65) Humongous regions: 0->0
[306.775s][info][gc,metaspace] GC(65) Metaspace: 133767K(135872K)->133767K(135872K) NonClass: 112954K(114112K)->112954K(114112K) Class: 20813K(21760K)->20813K(21760K)
[306.775s][info][gc          ] GC(65) Pause Young (Normal) (G1 Evacuation Pause) 5456M->634M(8192M) 27.274ms
[306.775s][info][gc,cpu      ] GC(65) User=0.25s Sys=0.00s Real=0.03s
[313.301s][info][gc,start    ] GC(66) Pause Young (Normal) (G1 Evacuation Pause)
[313.301s][info][gc,task     ] GC(66) Using 8 workers of 8 for evacuation
[313.323s][info][gc,phases   ] GC(66)   Pre Evacuate Collection Set: 0.25ms
[313.323s][info][gc,phases   ] GC(66)   Merge Heap Roots: 0.12ms
[313.323s][info][gc,phases   ] GC(66)   Evacuate Collection Set: 19.25ms
[313.323s][info][gc,phases   ] GC(66)   Post Evacuate Collection Set: 2.00ms
[313.323s][info][gc,phases   ] GC(66)   Other: 0.08ms
[313.323s][info][gc,heap     ] GC(66) Eden regions: 1205->0(1212)
[313.323s][info][gc,heap     ] GC(66) Survivor regions: 23->16(154)
[313.323s][info][gc,heap     ] GC(66) Old regions: 137->137
[313.323s][info][gc,heap     ] GC(66) Humongous regions: 0->0
[313.323s][info][gc,metaspace] GC(66) Metaspace: 133770K(135872K)->133770K(135872K) NonClass: 112957K(114112K)->112957K(114112K) Class: 20813K(21760K)->20813K(21760K)
[313.323s][info][gc          ] GC(66) Pause Young (Normal) (G1 Evacuation Pause) 5454M->608M(8192M) 21.917ms
[313.323s][info][gc,cpu      ] GC(66) User=0.25s Sys=0.00s Real=0.02s
[320.512s][info][gc,start    ] GC(67) Pause Young (Normal) (G1 Evacuation Pause)
[320.512s][info][gc,task     ] GC(67) Using 8 workers of 8 for evacuation
[320.552s][info][gc,phases   ] GC(67)   Pre Evacuate Collection Set: 0.28ms
[320.552s][info][gc,phases   ] GC(67)   Merge Heap Roots: 0.13ms
[320.552s][info][gc,phases   ] GC(67)   Evacuate Collection Set: 37.52ms
[320.552s][info][gc,phases   ] GC(67)   Post Evacuate Collection Set: 2.25ms
[320.552s][info][gc,phases   ] GC(67)   Other: 0.09ms
[320.552s][info][gc,heap     ] GC(67) Eden regions: 1212->0(1202)
[320.552s][info][gc,heap     ] GC(67) Survivor regions: 16->26(154)
[320.552s][info][gc,heap     ] GC(67) Old regions: 137->137
[320.552s][info][gc,heap     ] GC(67) Humongous regions: 0->0
[320.552s][info][gc,metaspace] GC(67) Metaspace: 133871K(135872K)->133871K(135872K) NonClass: 113039K(114112K)->113039K(114112K) Class: 20832K(21760K)->20832K(21760K)
[320.552s][info][gc          ] GC(67) Pause Young (Normal) (G1 Evacuation Pause) 5456M->648M(8192M) 40.498ms
[320.552s][info][gc,cpu      ] GC(67) User=0.25s Sys=0.00s Real=0.04s
[327.076s][info][gc,start    ] GC(68) Pause Young (Normal) (G1 Evacuation Pause)
[327.076s][info][gc,task     ] GC(68) Using 8 workers of 8 for evacuation
[327.129s][info][gc,phases   ] GC(68)   Pre Evacuate Collection Set: 0.46ms
[327.129s][info][gc,phases   ] GC(68)   Merge Heap Roots: 0.17ms
[327.129s][info][gc,phases   ] GC(68)   Evacuate Collection Set: 49.60ms
[327.129s][info][gc,phases   ] GC(68)   Post Evacuate Collection Set: 2.69ms
[327.129s][info][gc,phases   ] GC(68)   Other: 0.13ms
[327.129s][info][gc,heap     ] GC(68) Eden regions: 1202->0(1196)
[327.129s][info][gc,heap     ] GC(68) Survivor regions: 26->32(154)
[327.129s][info][gc,heap     ] GC(68) Old regions: 137->137
[327.129s][info][gc,heap     ] GC(68) Humongous regions: 0->0
[327.129s][info][gc,metaspace] GC(68) Metaspace: 133993K(136000K)->133993K(136000K) NonClass: 113145K(114240K)->113145K(114240K) Class: 20847K(21760K)->20847K(21760K)
[327.129s][info][gc          ] GC(68) Pause Young (Normal) (G1 Evacuation Pause) 5456M->670M(8192M) 53.341ms
[327.129s][info][gc,cpu      ] GC(68) User=0.38s Sys=0.00s Real=0.05s
[332.980s][info][gc,start    ] GC(69) Pause Young (Normal) (G1 Evacuation Pause)
[332.980s][info][gc,task     ] GC(69) Using 8 workers of 8 for evacuation
[332.998s][info][gc,phases   ] GC(69)   Pre Evacuate Collection Set: 0.27ms
[332.998s][info][gc,phases   ] GC(69)   Merge Heap Roots: 0.15ms
[332.998s][info][gc,phases   ] GC(69)   Evacuate Collection Set: 15.94ms
[332.998s][info][gc,phases   ] GC(69)   Post Evacuate Collection Set: 1.93ms
[332.998s][info][gc,phases   ] GC(69)   Other: 0.08ms
[332.998s][info][gc,heap     ] GC(69) Eden regions: 1196->0(1213)
[332.998s][info][gc,heap     ] GC(69) Survivor regions: 32->15(154)
[332.999s][info][gc,heap     ] GC(69) Old regions: 137->137
[332.999s][info][gc,heap     ] GC(69) Humongous regions: 0->0
[332.999s][info][gc,metaspace] GC(69) Metaspace: 133994K(136000K)->133994K(136000K) NonClass: 113146K(114240K)->113146K(114240K) Class: 20847K(21760K)->20847K(21760K)
[332.999s][info][gc          ] GC(69) Pause Young (Normal) (G1 Evacuation Pause) 5454M->603M(8192M) 18.591ms
[332.999s][info][gc,cpu      ] GC(69) User=0.12s Sys=0.00s Real=0.02s
[340.160s][info][gc,start    ] GC(70) Pause Young (Normal) (G1 Evacuation Pause)
[340.160s][info][gc,task     ] GC(70) Using 8 workers of 8 for evacuation
[340.192s][info][gc,phases   ] GC(70)   Pre Evacuate Collection Set: 0.35ms
[340.192s][info][gc,phases   ] GC(70)   Merge Heap Roots: 0.14ms
[340.192s][info][gc,phases   ] GC(70)   Evacuate Collection Set: 29.31ms
[340.192s][info][gc,phases   ] GC(70)   Post Evacuate Collection Set: 2.09ms
[340.192s][info][gc,phases   ] GC(70)   Other: 0.10ms
[340.192s][info][gc,heap     ] GC(70) Eden regions: 1213->0(1207)
[340.192s][info][gc,heap     ] GC(70) Survivor regions: 15->21(154)
[340.192s][info][gc,heap     ] GC(70) Old regions: 137->137
[340.192s][info][gc,heap     ] GC(70) Humongous regions: 0->0
[340.192s][info][gc,metaspace] GC(70) Metaspace: 134008K(136000K)->134008K(136000K) NonClass: 113160K(114240K)->113160K(114240K) Class: 20847K(21760K)->20847K(21760K)
[340.192s][info][gc          ] GC(70) Pause Young (Normal) (G1 Evacuation Pause) 5455M->628M(8192M) 32.258ms
[340.192s][info][gc,cpu      ] GC(70) User=0.25s Sys=0.00s Real=0.03s
[346.194s][info][gc,start    ] GC(71) Pause Young (Normal) (G1 Evacuation Pause)
[346.194s][info][gc,task     ] GC(71) Using 8 workers of 8 for evacuation
[346.227s][info][gc,phases   ] GC(71)   Pre Evacuate Collection Set: 0.36ms
[346.227s][info][gc,phases   ] GC(71)   Merge Heap Roots: 0.15ms
[346.227s][info][gc,phases   ] GC(71)   Evacuate Collection Set: 29.76ms
[346.227s][info][gc,phases   ] GC(71)   Post Evacuate Collection Set: 2.49ms
[346.227s][info][gc,phases   ] GC(71)   Other: 0.12ms
[346.227s][info][gc,heap     ] GC(71) Eden regions: 1207->0(1200)
[346.227s][info][gc,heap     ] GC(71) Survivor regions: 21->28(154)
[346.227s][info][gc,heap     ] GC(71) Old regions: 137->137
[346.227s][info][gc,heap     ] GC(71) Humongous regions: 0->0
[346.227s][info][gc,metaspace] GC(71) Metaspace: 134152K(136064K)->134152K(136064K) NonClass: 113284K(114304K)->113284K(114304K) Class: 20867K(21760K)->20867K(21760K)
[346.227s][info][gc          ] GC(71) Pause Young (Normal) (G1 Evacuation Pause) 5456M->658M(8192M) 33.155ms
[346.227s][info][gc,cpu      ] GC(71) User=0.38s Sys=0.00s Real=0.03s
[353.094s][info][gc,start    ] GC(72) Pause Young (Normal) (G1 Evacuation Pause)
[353.094s][info][gc,task     ] GC(72) Using 8 workers of 8 for evacuation
[353.137s][info][gc,phases   ] GC(72)   Pre Evacuate Collection Set: 0.44ms
[353.137s][info][gc,phases   ] GC(72)   Merge Heap Roots: 0.17ms
[353.137s][info][gc,phases   ] GC(72)   Evacuate Collection Set: 40.06ms
[353.137s][info][gc,phases   ] GC(72)   Post Evacuate Collection Set: 2.22ms
[353.137s][info][gc,phases   ] GC(72)   Other: 0.13ms
[353.137s][info][gc,heap     ] GC(72) Eden regions: 1200->0(1203)
[353.137s][info][gc,heap     ] GC(72) Survivor regions: 28->25(154)
[353.137s][info][gc,heap     ] GC(72) Old regions: 137->137
[353.137s][info][gc,heap     ] GC(72) Humongous regions: 0->0
[353.137s][info][gc,metaspace] GC(72) Metaspace: 134184K(136064K)->134184K(136064K) NonClass: 113316K(114304K)->113316K(114304K) Class: 20867K(21760K)->20867K(21760K)
[353.137s][info][gc          ] GC(72) Pause Young (Normal) (G1 Evacuation Pause) 5458M->646M(8192M) 43.317ms
[353.137s][info][gc,cpu      ] GC(72) User=0.38s Sys=0.00s Real=0.04s
[361.015s][info][gc,start    ] GC(73) Pause Young (Normal) (G1 Evacuation Pause)
[361.015s][info][gc,task     ] GC(73) Using 8 workers of 8 for evacuation
[361.040s][info][gc,phases   ] GC(73)   Pre Evacuate Collection Set: 0.30ms
[361.040s][info][gc,phases   ] GC(73)   Merge Heap Roots: 0.15ms
[361.040s][info][gc,phases   ] GC(73)   Evacuate Collection Set: 22.74ms
[361.040s][info][gc,phases   ] GC(73)   Post Evacuate Collection Set: 2.05ms
[361.040s][info][gc,phases   ] GC(73)   Other: 0.08ms
[361.040s][info][gc,heap     ] GC(73) Eden regions: 1203->0(1211)
[361.040s][info][gc,heap     ] GC(73) Survivor regions: 25->17(154)
[361.040s][info][gc,heap     ] GC(73) Old regions: 137->137
[361.040s][info][gc,heap     ] GC(73) Humongous regions: 0->0
[361.040s][info][gc,metaspace] GC(73) Metaspace: 134205K(136064K)->134205K(136064K) NonClass: 113336K(114304K)->113336K(114304K) Class: 20869K(21760K)->20869K(21760K)
[361.040s][info][gc          ] GC(73) Pause Young (Normal) (G1 Evacuation Pause) 5458M->615M(8192M) 25.532ms
[361.040s][info][gc,cpu      ] GC(73) User=0.19s Sys=0.00s Real=0.02s
[367.229s][info][gc,start    ] GC(74) Pause Young (Normal) (G1 Evacuation Pause)
[367.229s][info][gc,task     ] GC(74) Using 8 workers of 8 for evacuation
[367.272s][info][gc,phases   ] GC(74)   Pre Evacuate Collection Set: 0.28ms
[367.272s][info][gc,phases   ] GC(74)   Merge Heap Roots: 0.14ms
[367.272s][info][gc,phases   ] GC(74)   Evacuate Collection Set: 39.89ms
[367.272s][info][gc,phases   ] GC(74)   Post Evacuate Collection Set: 2.48ms
[367.272s][info][gc,phases   ] GC(74)   Other: 0.13ms
[367.272s][info][gc,heap     ] GC(74) Eden regions: 1211->0(1200)
[367.272s][info][gc,heap     ] GC(74) Survivor regions: 17->28(154)
[367.272s][info][gc,heap     ] GC(74) Old regions: 137->137
[367.272s][info][gc,heap     ] GC(74) Humongous regions: 0->0
[367.272s][info][gc,metaspace] GC(74) Metaspace: 134210K(136064K)->134210K(136064K) NonClass: 113341K(114304K)->113341K(114304K) Class: 20869K(21760K)->20869K(21760K)
[367.272s][info][gc          ] GC(74) Pause Young (Normal) (G1 Evacuation Pause) 5459M->659M(8192M) 43.270ms
[367.272s][info][gc,cpu      ] GC(74) User=0.25s Sys=0.00s Real=0.04s
[373.701s][info][gc,start    ] GC(75) Pause Young (Normal) (G1 Evacuation Pause)
[373.701s][info][gc,task     ] GC(75) Using 8 workers of 8 for evacuation
[373.733s][info][gc,phases   ] GC(75)   Pre Evacuate Collection Set: 0.40ms
[373.733s][info][gc,phases   ] GC(75)   Merge Heap Roots: 0.14ms
[373.733s][info][gc,phases   ] GC(75)   Evacuate Collection Set: 29.99ms
[373.733s][info][gc,phases   ] GC(75)   Post Evacuate Collection Set: 1.89ms
[373.733s][info][gc,phases   ] GC(75)   Other: 0.09ms
[373.733s][info][gc,heap     ] GC(75) Eden regions: 1200->0(1207)
[373.733s][info][gc,heap     ] GC(75) Survivor regions: 28->21(154)
[373.733s][info][gc,heap     ] GC(75) Old regions: 137->137
[373.733s][info][gc,heap     ] GC(75) Humongous regions: 0->0
[373.733s][info][gc,metaspace] GC(75) Metaspace: 134261K(136064K)->134261K(136064K) NonClass: 113391K(114304K)->113391K(114304K) Class: 20870K(21760K)->20870K(21760K)
[373.733s][info][gc          ] GC(75) Pause Young (Normal) (G1 Evacuation Pause) 5459M->631M(8192M) 32.733ms
[373.734s][info][gc,cpu      ] GC(75) User=0.25s Sys=0.00s Real=0.03s
[380.136s][info][gc,start    ] GC(76) Pause Young (Normal) (G1 Evacuation Pause)
[380.136s][info][gc,task     ] GC(76) Using 8 workers of 8 for evacuation
[380.157s][info][gc,phases   ] GC(76)   Pre Evacuate Collection Set: 0.35ms
[380.157s][info][gc,phases   ] GC(76)   Merge Heap Roots: 0.13ms
[380.157s][info][gc,phases   ] GC(76)   Evacuate Collection Set: 18.85ms
[380.157s][info][gc,phases   ] GC(76)   Post Evacuate Collection Set: 1.98ms
[380.157s][info][gc,phases   ] GC(76)   Other: 0.09ms
[380.157s][info][gc,heap     ] GC(76) Eden regions: 1207->0(1211)
[380.157s][info][gc,heap     ] GC(76) Survivor regions: 21->17(154)
[380.157s][info][gc,heap     ] GC(76) Old regions: 137->137
[380.157s][info][gc,heap     ] GC(76) Humongous regions: 0->0
[380.157s][info][gc,metaspace] GC(76) Metaspace: 134293K(136064K)->134293K(136064K) NonClass: 113420K(114304K)->113420K(114304K) Class: 20872K(21760K)->20872K(21760K)
[380.157s][info][gc          ] GC(76) Pause Young (Normal) (G1 Evacuation Pause) 5459M->613M(8192M) 21.625ms
[380.157s][info][gc,cpu      ] GC(76) User=0.12s Sys=0.00s Real=0.02s
[388.251s][info][gc,start    ] GC(77) Pause Young (Normal) (G1 Evacuation Pause)
[388.251s][info][gc,task     ] GC(77) Using 8 workers of 8 for evacuation
[388.275s][info][gc,phases   ] GC(77)   Pre Evacuate Collection Set: 0.36ms
[388.275s][info][gc,phases   ] GC(77)   Merge Heap Roots: 0.14ms
[388.275s][info][gc,phases   ] GC(77)   Evacuate Collection Set: 20.69ms
[388.275s][info][gc,phases   ] GC(77)   Post Evacuate Collection Set: 2.42ms
[388.275s][info][gc,phases   ] GC(77)   Other: 0.08ms
[388.275s][info][gc,heap     ] GC(77) Eden regions: 1211->0(1211)
[388.275s][info][gc,heap     ] GC(77) Survivor regions: 17->17(154)
[388.275s][info][gc,heap     ] GC(77) Old regions: 137->137
[388.275s][info][gc,heap     ] GC(77) Humongous regions: 0->0
[388.275s][info][gc,metaspace] GC(77) Metaspace: 134298K(136064K)->134298K(136064K) NonClass: 113425K(114304K)->113425K(114304K) Class: 20872K(21760K)->20872K(21760K)
[388.275s][info][gc          ] GC(77) Pause Young (Normal) (G1 Evacuation Pause) 5457M->615M(8192M) 23.916ms
[388.275s][info][gc,cpu      ] GC(77) User=0.20s Sys=0.00s Real=0.02s
[394.892s][info][gc,start    ] GC(78) Pause Young (Normal) (G1 Evacuation Pause)
[394.892s][info][gc,task     ] GC(78) Using 8 workers of 8 for evacuation
[394.927s][info][gc,phases   ] GC(78)   Pre Evacuate Collection Set: 0.29ms
[394.927s][info][gc,phases   ] GC(78)   Merge Heap Roots: 0.15ms
[394.927s][info][gc,phases   ] GC(78)   Evacuate Collection Set: 32.53ms
[394.927s][info][gc,phases   ] GC(78)   Post Evacuate Collection Set: 1.93ms
[394.927s][info][gc,phases   ] GC(78)   Other: 0.08ms
[394.927s][info][gc,heap     ] GC(78) Eden regions: 1211->0(1200)
[394.927s][info][gc,heap     ] GC(78) Survivor regions: 17->28(154)
[394.927s][info][gc,heap     ] GC(78) Old regions: 137->138
[394.927s][info][gc,heap     ] GC(78) Humongous regions: 0->0
[394.927s][info][gc,metaspace] GC(78) Metaspace: 134298K(136064K)->134298K(136064K) NonClass: 113426K(114304K)->113426K(114304K) Class: 20872K(21760K)->20872K(21760K)
[394.927s][info][gc          ] GC(78) Pause Young (Normal) (G1 Evacuation Pause) 5459M->660M(8192M) 35.186ms
[394.927s][info][gc,cpu      ] GC(78) User=0.25s Sys=0.00s Real=0.04s
[400.414s][info][gc,start    ] GC(79) Pause Young (Normal) (G1 Evacuation Pause)
[400.414s][info][gc,task     ] GC(79) Using 8 workers of 8 for evacuation
[400.441s][info][gc,phases   ] GC(79)   Pre Evacuate Collection Set: 0.33ms
[400.441s][info][gc,phases   ] GC(79)   Merge Heap Roots: 0.14ms
[400.441s][info][gc,phases   ] GC(79)   Evacuate Collection Set: 24.36ms
[400.441s][info][gc,phases   ] GC(79)   Post Evacuate Collection Set: 2.10ms
[400.441s][info][gc,phases   ] GC(79)   Other: 0.09ms
[400.441s][info][gc,heap     ] GC(79) Eden regions: 1200->0(1208)
[400.441s][info][gc,heap     ] GC(79) Survivor regions: 28->20(154)
[400.441s][info][gc,heap     ] GC(79) Old regions: 138->138
[400.441s][info][gc,heap     ] GC(79) Humongous regions: 0->0
[400.441s][info][gc,metaspace] GC(79) Metaspace: 134305K(136064K)->134305K(136064K) NonClass: 113432K(114304K)->113432K(114304K) Class: 20872K(21760K)->20872K(21760K)
[400.441s][info][gc          ] GC(79) Pause Young (Normal) (G1 Evacuation Pause) 5460M->626M(8192M) 27.227ms
[400.441s][info][gc,cpu      ] GC(79) User=0.25s Sys=0.00s Real=0.03s
[407.724s][info][gc,start    ] GC(80) Pause Young (Normal) (G1 Evacuation Pause)
[407.724s][info][gc,task     ] GC(80) Using 8 workers of 8 for evacuation
[407.747s][info][gc,phases   ] GC(80)   Pre Evacuate Collection Set: 0.31ms
[407.747s][info][gc,phases   ] GC(80)   Merge Heap Roots: 0.14ms
[407.747s][info][gc,phases   ] GC(80)   Evacuate Collection Set: 20.22ms
[407.747s][info][gc,phases   ] GC(80)   Post Evacuate Collection Set: 1.86ms
[407.747s][info][gc,phases   ] GC(80)   Other: 0.08ms
[407.747s][info][gc,heap     ] GC(80) Eden regions: 1208->0(1211)
[407.747s][info][gc,heap     ] GC(80) Survivor regions: 20->17(154)
[407.747s][info][gc,heap     ] GC(80) Old regions: 138->138
[407.747s][info][gc,heap     ] GC(80) Humongous regions: 0->0
[407.747s][info][gc,metaspace] GC(80) Metaspace: 134307K(136064K)->134307K(136064K) NonClass: 113435K(114304K)->113435K(114304K) Class: 20872K(21760K)->20872K(21760K)
[407.747s][info][gc          ] GC(80) Pause Young (Normal) (G1 Evacuation Pause) 5458M->616M(8192M) 22.846ms
[407.747s][info][gc,cpu      ] GC(80) User=0.25s Sys=0.00s Real=0.02s
[413.688s][info][gc,start    ] GC(81) Pause Young (Normal) (G1 Evacuation Pause)
[413.688s][info][gc,task     ] GC(81) Using 8 workers of 8 for evacuation
[413.716s][info][gc,phases   ] GC(81)   Pre Evacuate Collection Set: 0.43ms
[413.716s][info][gc,phases   ] GC(81)   Merge Heap Roots: 0.15ms
[413.716s][info][gc,phases   ] GC(81)   Evacuate Collection Set: 25.62ms
[413.716s][info][gc,phases   ] GC(81)   Post Evacuate Collection Set: 1.94ms
[413.716s][info][gc,phases   ] GC(81)   Other: 0.10ms
[413.716s][info][gc,heap     ] GC(81) Eden regions: 1211->0(1206)
[413.716s][info][gc,heap     ] GC(81) Survivor regions: 17->22(154)
[413.716s][info][gc,heap     ] GC(81) Old regions: 138->138
[413.716s][info][gc,heap     ] GC(81) Humongous regions: 0->0
[413.716s][info][gc,metaspace] GC(81) Metaspace: 134311K(136064K)->134311K(136064K) NonClass: 113438K(114304K)->113438K(114304K) Class: 20872K(21760K)->20872K(21760K)
[413.716s][info][gc          ] GC(81) Pause Young (Normal) (G1 Evacuation Pause) 5460M->636M(8192M) 28.465ms
[413.716s][info][gc,cpu      ] GC(81) User=0.25s Sys=0.00s Real=0.03s
[418.700s][info][gc,start    ] GC(82) Pause Young (Normal) (G1 Evacuation Pause)
[418.700s][info][gc,task     ] GC(82) Using 8 workers of 8 for evacuation
[418.740s][info][gc,phases   ] GC(82)   Pre Evacuate Collection Set: 0.31ms
[418.740s][info][gc,phases   ] GC(82)   Merge Heap Roots: 0.14ms
[418.740s][info][gc,phases   ] GC(82)   Evacuate Collection Set: 37.84ms
[418.740s][info][gc,phases   ] GC(82)   Post Evacuate Collection Set: 1.90ms
[418.740s][info][gc,phases   ] GC(82)   Other: 0.08ms
[418.740s][info][gc,heap     ] GC(82) Eden regions: 1206->0(1195)
[418.740s][info][gc,heap     ] GC(82) Survivor regions: 22->33(154)
[418.740s][info][gc,heap     ] GC(82) Old regions: 138->138
[418.740s][info][gc,heap     ] GC(82) Humongous regions: 0->0
[418.740s][info][gc,metaspace] GC(82) Metaspace: 134319K(136064K)->134319K(136064K) NonClass: 113447K(114304K)->113447K(114304K) Class: 20872K(21760K)->20872K(21760K)
[418.740s][info][gc          ] GC(82) Pause Young (Normal) (G1 Evacuation Pause) 5460M->678M(8192M) 40.498ms
[418.740s][info][gc,cpu      ] GC(82) User=0.25s Sys=0.00s Real=0.04s
[427.454s][info][gc,start    ] GC(83) Pause Young (Normal) (G1 Evacuation Pause)
[427.454s][info][gc,task     ] GC(83) Using 8 workers of 8 for evacuation
[427.478s][info][gc,phases   ] GC(83)   Pre Evacuate Collection Set: 0.32ms
[427.478s][info][gc,phases   ] GC(83)   Merge Heap Roots: 0.14ms
[427.478s][info][gc,phases   ] GC(83)   Evacuate Collection Set: 21.99ms
[427.478s][info][gc,phases   ] GC(83)   Post Evacuate Collection Set: 1.92ms
[427.478s][info][gc,phases   ] GC(83)   Other: 0.08ms
[427.478s][info][gc,heap     ] GC(83) Eden regions: 1195->0(1209)
[427.478s][info][gc,heap     ] GC(83) Survivor regions: 33->19(154)
[427.478s][info][gc,heap     ] GC(83) Old regions: 138->139
[427.478s][info][gc,heap     ] GC(83) Humongous regions: 0->0
[427.478s][info][gc,metaspace] GC(83) Metaspace: 134331K(136064K)->134331K(136064K) NonClass: 113458K(114304K)->113458K(114304K) Class: 20872K(21760K)->20872K(21760K)
[427.478s][info][gc          ] GC(83) Pause Young (Normal) (G1 Evacuation Pause) (Evacuation Failure: Pinned) 5458M->625M(8192M) 24.671ms
[427.478s][info][gc,cpu      ] GC(83) User=0.25s Sys=0.00s Real=0.02s
[433.832s][info][gc,start    ] GC(84) Pause Young (Normal) (G1 Evacuation Pause)
[433.832s][info][gc,task     ] GC(84) Using 8 workers of 8 for evacuation
[433.860s][info][gc,phases   ] GC(84)   Pre Evacuate Collection Set: 0.30ms
[433.860s][info][gc,phases   ] GC(84)   Merge Heap Roots: 0.13ms
[433.860s][info][gc,phases   ] GC(84)   Evacuate Collection Set: 25.29ms
[433.860s][info][gc,phases   ] GC(84)   Post Evacuate Collection Set: 1.82ms
[433.860s][info][gc,phases   ] GC(84)   Other: 0.09ms
[433.860s][info][gc,heap     ] GC(84) Eden regions: 1209->0(1205)
[433.860s][info][gc,heap     ] GC(84) Survivor regions: 19->23(154)
[433.860s][info][gc,heap     ] GC(84) Old regions: 139->138
[433.860s][info][gc,heap     ] GC(84) Humongous regions: 0->0
[433.860s][info][gc,metaspace] GC(84) Metaspace: 134338K(136064K)->134338K(136064K) NonClass: 113465K(114304K)->113465K(114304K) Class: 20872K(21760K)->20872K(21760K)
[433.860s][info][gc          ] GC(84) Pause Young (Normal) (G1 Evacuation Pause) 5461M->639M(8192M) 27.860ms
[433.860s][info][gc,cpu      ] GC(84) User=0.25s Sys=0.00s Real=0.03s
[439.137s][info][gc,start    ] GC(85) Pause Young (Normal) (G1 Evacuation Pause)
[439.137s][info][gc,task     ] GC(85) Using 8 workers of 8 for evacuation
[439.171s][info][gc,phases   ] GC(85)   Pre Evacuate Collection Set: 0.33ms
[439.171s][info][gc,phases   ] GC(85)   Merge Heap Roots: 0.17ms
[439.171s][info][gc,phases   ] GC(85)   Evacuate Collection Set: 31.08ms
[439.171s][info][gc,phases   ] GC(85)   Post Evacuate Collection Set: 2.23ms
[439.171s][info][gc,phases   ] GC(85)   Other: 0.09ms
[439.171s][info][gc,heap     ] GC(85) Eden regions: 1205->0(1199)
[439.171s][info][gc,heap     ] GC(85) Survivor regions: 23->29(154)
[439.171s][info][gc,heap     ] GC(85) Old regions: 138->138
[439.171s][info][gc,heap     ] GC(85) Humongous regions: 0->0
[439.171s][info][gc,metaspace] GC(85) Metaspace: 134343K(136064K)->134343K(136064K) NonClass: 113470K(114304K)->113470K(114304K) Class: 20872K(21760K)->20872K(21760K)
[439.171s][info][gc          ] GC(85) Pause Young (Normal) (G1 Evacuation Pause) 5459M->663M(8192M) 34.123ms
[439.171s][info][gc,cpu      ] GC(85) User=0.25s Sys=0.00s Real=0.03s
[447.168s][info][gc,start    ] GC(86) Pause Young (Normal) (G1 Evacuation Pause)
[447.168s][info][gc,task     ] GC(86) Using 8 workers of 8 for evacuation
[447.192s][info][gc,phases   ] GC(86)   Pre Evacuate Collection Set: 0.33ms
[447.192s][info][gc,phases   ] GC(86)   Merge Heap Roots: 0.15ms
[447.192s][info][gc,phases   ] GC(86)   Evacuate Collection Set: 21.87ms
[447.192s][info][gc,phases   ] GC(86)   Post Evacuate Collection Set: 1.81ms
[447.192s][info][gc,phases   ] GC(86)   Other: 0.10ms
[447.193s][info][gc,heap     ] GC(86) Eden regions: 1199->0(1209)
[447.193s][info][gc,heap     ] GC(86) Survivor regions: 29->19(154)
[447.193s][info][gc,heap     ] GC(86) Old regions: 138->138
[447.193s][info][gc,heap     ] GC(86) Humongous regions: 0->0
[447.193s][info][gc,metaspace] GC(86) Metaspace: 134343K(136064K)->134343K(136064K) NonClass: 113471K(114304K)->113471K(114304K) Class: 20872K(21760K)->20872K(21760K)
[447.193s][info][gc          ] GC(86) Pause Young (Normal) (G1 Evacuation Pause) 5459M->623M(8192M) 24.502ms
[447.193s][info][gc,cpu      ] GC(86) User=0.12s Sys=0.00s Real=0.02s
[453.661s][info][gc,start    ] GC(87) Pause Young (Normal) (G1 Evacuation Pause)
[453.661s][info][gc,task     ] GC(87) Using 8 workers of 8 for evacuation
[453.689s][info][gc,phases   ] GC(87)   Pre Evacuate Collection Set: 0.29ms
[453.689s][info][gc,phases   ] GC(87)   Merge Heap Roots: 0.12ms
[453.689s][info][gc,phases   ] GC(87)   Evacuate Collection Set: 25.05ms
[453.689s][info][gc,phases   ] GC(87)   Post Evacuate Collection Set: 1.87ms
[453.689s][info][gc,phases   ] GC(87)   Other: 0.08ms
[453.689s][info][gc,heap     ] GC(87) Eden regions: 1209->0(1205)
[453.689s][info][gc,heap     ] GC(87) Survivor regions: 19->23(154)
[453.689s][info][gc,heap     ] GC(87) Old regions: 138->138
[453.689s][info][gc,heap     ] GC(87) Humongous regions: 0->0
[453.689s][info][gc,metaspace] GC(87) Metaspace: 134351K(136064K)->134351K(136064K) NonClass: 113479K(114304K)->113479K(114304K) Class: 20872K(21760K)->20872K(21760K)
[453.689s][info][gc          ] GC(87) Pause Young (Normal) (G1 Evacuation Pause) 5459M->639M(8192M) 27.627ms
[453.689s][info][gc,cpu      ] GC(87) User=0.25s Sys=0.00s Real=0.03s
[460.021s][info][gc,start    ] GC(88) Pause Young (Normal) (G1 Evacuation Pause)
[460.021s][info][gc,task     ] GC(88) Using 8 workers of 8 for evacuation
[460.059s][info][gc,phases   ] GC(88)   Pre Evacuate Collection Set: 0.31ms
[460.059s][info][gc,phases   ] GC(88)   Merge Heap Roots: 0.13ms
[460.060s][info][gc,phases   ] GC(88)   Evacuate Collection Set: 35.61ms
[460.060s][info][gc,phases   ] GC(88)   Post Evacuate Collection Set: 1.96ms
[460.060s][info][gc,phases   ] GC(88)   Other: 0.09ms
[460.060s][info][gc,heap     ] GC(88) Eden regions: 1205->0(1199)
[460.060s][info][gc,heap     ] GC(88) Survivor regions: 23->29(154)
[460.060s][info][gc,heap     ] GC(88) Old regions: 138->138
[460.060s][info][gc,heap     ] GC(88) Humongous regions: 0->0
[460.060s][info][gc,metaspace] GC(88) Metaspace: 134356K(136064K)->134356K(136064K) NonClass: 113484K(114304K)->113484K(114304K) Class: 20872K(21760K)->20872K(21760K)
[460.060s][info][gc          ] GC(88) Pause Young (Normal) (G1 Evacuation Pause) 5459M->666M(8192M) 38.337ms
[460.060s][info][gc,cpu      ] GC(88) User=0.38s Sys=0.00s Real=0.04s
[468.577s][info][gc,start    ] GC(89) Pause Young (Normal) (G1 Evacuation Pause)
[468.577s][info][gc,task     ] GC(89) Using 8 workers of 8 for evacuation
[468.603s][info][gc,phases   ] GC(89)   Pre Evacuate Collection Set: 0.41ms
[468.603s][info][gc,phases   ] GC(89)   Merge Heap Roots: 0.15ms
[468.603s][info][gc,phases   ] GC(89)   Evacuate Collection Set: 23.62ms
[468.603s][info][gc,phases   ] GC(89)   Post Evacuate Collection Set: 1.85ms
[468.603s][info][gc,phases   ] GC(89)   Other: 0.10ms
[468.603s][info][gc,heap     ] GC(89) Eden regions: 1199->0(1208)
[468.603s][info][gc,heap     ] GC(89) Survivor regions: 29->20(154)
[468.603s][info][gc,heap     ] GC(89) Old regions: 138->138
[468.603s][info][gc,heap     ] GC(89) Humongous regions: 0->0
[468.603s][info][gc,metaspace] GC(89) Metaspace: 134365K(136064K)->134365K(136064K) NonClass: 113492K(114304K)->113492K(114304K) Class: 20872K(21760K)->20872K(21760K)
[468.603s][info][gc          ] GC(89) Pause Young (Normal) (G1 Evacuation Pause) 5462M->630M(8192M) 26.391ms
[468.603s][info][gc,cpu      ] GC(89) User=0.25s Sys=0.00s Real=0.03s
[475.346s][info][gc,start    ] GC(90) Pause Young (Normal) (G1 Evacuation Pause)
[475.346s][info][gc,task     ] GC(90) Using 8 workers of 8 for evacuation
[475.371s][info][gc,phases   ] GC(90)   Pre Evacuate Collection Set: 0.32ms
[475.371s][info][gc,phases   ] GC(90)   Merge Heap Roots: 0.14ms
[475.371s][info][gc,phases   ] GC(90)   Evacuate Collection Set: 22.92ms
[475.371s][info][gc,phases   ] GC(90)   Post Evacuate Collection Set: 1.87ms
[475.371s][info][gc,phases   ] GC(90)   Other: 0.08ms
[475.371s][info][gc,heap     ] GC(90) Eden regions: 1208->0(1208)
[475.371s][info][gc,heap     ] GC(90) Survivor regions: 20->20(154)
[475.371s][info][gc,heap     ] GC(90) Old regions: 138->138
[475.371s][info][gc,heap     ] GC(90) Humongous regions: 0->0
[475.371s][info][gc,metaspace] GC(90) Metaspace: 134366K(136064K)->134366K(136064K) NonClass: 113493K(114304K)->113493K(114304K) Class: 20872K(21760K)->20872K(21760K)
[475.371s][info][gc          ] GC(90) Pause Young (Normal) (G1 Evacuation Pause) 5462M->630M(8192M) 25.567ms
[475.371s][info][gc,cpu      ] GC(90) User=0.25s Sys=0.00s Real=0.03s
[481.261s][info][gc,start    ] GC(91) Pause Young (Normal) (G1 Evacuation Pause)
[481.261s][info][gc,task     ] GC(91) Using 8 workers of 8 for evacuation
[481.294s][info][gc,phases   ] GC(91)   Pre Evacuate Collection Set: 0.31ms
[481.294s][info][gc,phases   ] GC(91)   Merge Heap Roots: 0.14ms
[481.294s][info][gc,phases   ] GC(91)   Evacuate Collection Set: 30.66ms
[481.294s][info][gc,phases   ] GC(91)   Post Evacuate Collection Set: 1.87ms
[481.294s][info][gc,phases   ] GC(91)   Other: 0.08ms
[481.294s][info][gc,heap     ] GC(91) Eden regions: 1208->0(1200)
[481.294s][info][gc,heap     ] GC(91) Survivor regions: 20->28(154)
[481.294s][info][gc,heap     ] GC(91) Old regions: 138->138
[481.294s][info][gc,heap     ] GC(91) Humongous regions: 0->0
[481.294s][info][gc,metaspace] GC(91) Metaspace: 134373K(136064K)->134373K(136064K) NonClass: 113501K(114304K)->113501K(114304K) Class: 20872K(21760K)->20872K(21760K)
[481.294s][info][gc          ] GC(91) Pause Young (Normal) (G1 Evacuation Pause) 5462M->662M(8192M) 33.292ms
[481.294s][info][gc,cpu      ] GC(91) User=0.25s Sys=0.00s Real=0.03s
[489.265s][info][gc,start    ] GC(92) Pause Young (Normal) (G1 Evacuation Pause)
[489.265s][info][gc,task     ] GC(92) Using 8 workers of 8 for evacuation
[489.293s][info][gc,phases   ] GC(92)   Pre Evacuate Collection Set: 0.33ms
[489.293s][info][gc,phases   ] GC(92)   Merge Heap Roots: 0.13ms
[489.293s][info][gc,phases   ] GC(92)   Evacuate Collection Set: 24.85ms
[489.293s][info][gc,phases   ] GC(92)   Post Evacuate Collection Set: 2.03ms
[489.293s][info][gc,phases   ] GC(92)   Other: 0.08ms
[489.293s][info][gc,heap     ] GC(92) Eden regions: 1200->0(1205)
[489.293s][info][gc,heap     ] GC(92) Survivor regions: 28->23(154)
[489.293s][info][gc,heap     ] GC(92) Old regions: 138->139
[489.293s][info][gc,heap     ] GC(92) Humongous regions: 0->0
[489.293s][info][gc,metaspace] GC(92) Metaspace: 134379K(136064K)->134379K(136064K) NonClass: 113506K(114304K)->113506K(114304K) Class: 20872K(21760K)->20872K(21760K)
[489.293s][info][gc          ] GC(92) Pause Young (Normal) (G1 Evacuation Pause) (Evacuation Failure: Pinned) 5462M->644M(8192M) 27.644ms
[489.293s][info][gc,cpu      ] GC(92) User=0.25s Sys=0.00s Real=0.03s
[495.903s][info][gc,start    ] GC(93) Pause Young (Normal) (G1 Evacuation Pause)
[495.903s][info][gc,task     ] GC(93) Using 8 workers of 8 for evacuation
[495.928s][info][gc,phases   ] GC(93)   Pre Evacuate Collection Set: 0.31ms
[495.928s][info][gc,phases   ] GC(93)   Merge Heap Roots: 0.15ms
[495.928s][info][gc,phases   ] GC(93)   Evacuate Collection Set: 21.47ms
[495.928s][info][gc,phases   ] GC(93)   Post Evacuate Collection Set: 2.19ms
[495.928s][info][gc,phases   ] GC(93)   Other: 0.11ms
[495.928s][info][gc,heap     ] GC(93) Eden regions: 1205->0(1208)
[495.928s][info][gc,heap     ] GC(93) Survivor regions: 23->20(154)
[495.928s][info][gc,heap     ] GC(93) Old regions: 139->139
[495.928s][info][gc,heap     ] GC(93) Humongous regions: 0->0
[495.928s][info][gc,metaspace] GC(93) Metaspace: 134381K(136064K)->134381K(136064K) NonClass: 113509K(114304K)->113509K(114304K) Class: 20872K(21760K)->20872K(21760K)
[495.928s][info][gc          ] GC(93) Pause Young (Normal) (G1 Evacuation Pause) (Evacuation Failure: Pinned) 5464M->632M(8192M) 24.523ms
[495.928s][info][gc,cpu      ] GC(93) User=0.11s Sys=0.00s Real=0.02s
[502.397s][info][gc,start    ] GC(94) Pause Young (Normal) (G1 Evacuation Pause)
[502.397s][info][gc,task     ] GC(94) Using 8 workers of 8 for evacuation
[502.433s][info][gc,phases   ] GC(94)   Pre Evacuate Collection Set: 0.34ms
[502.433s][info][gc,phases   ] GC(94)   Merge Heap Roots: 0.15ms
[502.433s][info][gc,phases   ] GC(94)   Evacuate Collection Set: 33.07ms
[502.433s][info][gc,phases   ] GC(94)   Post Evacuate Collection Set: 2.25ms
[502.433s][info][gc,phases   ] GC(94)   Other: 0.09ms
[502.433s][info][gc,heap     ] GC(94) Eden regions: 1208->0(1201)
[502.433s][info][gc,heap     ] GC(94) Survivor regions: 20->27(154)
[502.433s][info][gc,heap     ] GC(94) Old regions: 139->138
[502.433s][info][gc,heap     ] GC(94) Humongous regions: 0->0
[502.433s][info][gc,metaspace] GC(94) Metaspace: 134386K(136064K)->134386K(136064K) NonClass: 113514K(114304K)->113514K(114304K) Class: 20872K(21760K)->20872K(21760K)
[502.434s][info][gc          ] GC(94) Pause Young (Normal) (G1 Evacuation Pause) 5464M->658M(8192M) 36.198ms
[502.434s][info][gc,cpu      ] GC(94) User=0.38s Sys=0.00s Real=0.04s
[509.125s][info][gc,start    ] GC(95) Pause Young (Normal) (G1 Evacuation Pause)
[509.125s][info][gc,task     ] GC(95) Using 8 workers of 8 for evacuation
[509.152s][info][gc,phases   ] GC(95)   Pre Evacuate Collection Set: 0.28ms
[509.152s][info][gc,phases   ] GC(95)   Merge Heap Roots: 0.12ms
[509.152s][info][gc,phases   ] GC(95)   Evacuate Collection Set: 24.05ms
[509.152s][info][gc,phases   ] GC(95)   Post Evacuate Collection Set: 1.95ms
[509.152s][info][gc,phases   ] GC(95)   Other: 0.09ms
[509.152s][info][gc,heap     ] GC(95) Eden regions: 1201->0(1208)
[509.152s][info][gc,heap     ] GC(95) Survivor regions: 27->20(154)
[509.152s][info][gc,heap     ] GC(95) Old regions: 138->139
[509.152s][info][gc,heap     ] GC(95) Humongous regions: 0->0
[509.152s][info][gc,metaspace] GC(95) Metaspace: 134464K(136064K)->134464K(136064K) NonClass: 113592K(114304K)->113592K(114304K) Class: 20872K(21760K)->20872K(21760K)
[509.152s][info][gc          ] GC(95) Pause Young (Normal) (G1 Evacuation Pause) 5462M->632M(8192M) 26.788ms
[509.152s][info][gc,cpu      ] GC(95) User=0.25s Sys=0.00s Real=0.03s
[515.989s][info][gc,start    ] GC(96) Pause Young (Normal) (G1 Evacuation Pause)
[515.989s][info][gc,task     ] GC(96) Using 8 workers of 8 for evacuation
[516.013s][info][gc,phases   ] GC(96)   Pre Evacuate Collection Set: 0.38ms
[516.013s][info][gc,phases   ] GC(96)   Merge Heap Roots: 0.18ms
[516.013s][info][gc,phases   ] GC(96)   Evacuate Collection Set: 21.19ms
[516.013s][info][gc,phases   ] GC(96)   Post Evacuate Collection Set: 2.06ms
[516.013s][info][gc,phases   ] GC(96)   Other: 0.10ms
[516.013s][info][gc,heap     ] GC(96) Eden regions: 1208->0(1209)
[516.013s][info][gc,heap     ] GC(96) Survivor regions: 20->19(154)
[516.013s][info][gc,heap     ] GC(96) Old regions: 139->139
[516.013s][info][gc,heap     ] GC(96) Humongous regions: 0->0
[516.013s][info][gc,metaspace] GC(96) Metaspace: 134470K(136128K)->134470K(136128K) NonClass: 113597K(114368K)->113597K(114368K) Class: 20872K(21760K)->20872K(21760K)
[516.013s][info][gc          ] GC(96) Pause Young (Normal) (G1 Evacuation Pause) 5464M->628M(8192M) 24.127ms
[516.013s][info][gc,cpu      ] GC(96) User=0.25s Sys=0.00s Real=0.02s
[521.664s][info][gc,start    ] GC(97) Pause Young (Normal) (G1 Evacuation Pause)
[521.664s][info][gc,task     ] GC(97) Using 8 workers of 8 for evacuation
[521.704s][info][gc,phases   ] GC(97)   Pre Evacuate Collection Set: 0.31ms
[521.704s][info][gc,phases   ] GC(97)   Merge Heap Roots: 0.14ms
[521.704s][info][gc,phases   ] GC(97)   Evacuate Collection Set: 37.44ms
[521.704s][info][gc,phases   ] GC(97)   Post Evacuate Collection Set: 1.93ms
[521.704s][info][gc,phases   ] GC(97)   Other: 0.08ms
[521.704s][info][gc,heap     ] GC(97) Eden regions: 1209->0(1198)
[521.704s][info][gc,heap     ] GC(97) Survivor regions: 19->30(154)
[521.704s][info][gc,heap     ] GC(97) Old regions: 139->140
[521.704s][info][gc,heap     ] GC(97) Humongous regions: 0->0
[521.704s][info][gc,metaspace] GC(97) Metaspace: 134479K(136128K)->134479K(136128K) NonClass: 113607K(114368K)->113607K(114368K) Class: 20872K(21760K)->20872K(21760K)
[521.704s][info][gc          ] GC(97) Pause Young (Normal) (G1 Evacuation Pause) (Evacuation Failure: Pinned) 5464M->676M(8192M) 40.100ms
[521.704s][info][gc,cpu      ] GC(97) User=0.31s Sys=0.00s Real=0.04s
[529.104s][info][gc,start    ] GC(98) Pause Young (Normal) (G1 Evacuation Pause)
[529.104s][info][gc,task     ] GC(98) Using 8 workers of 8 for evacuation
[529.142s][info][gc,phases   ] GC(98)   Pre Evacuate Collection Set: 0.30ms
[529.142s][info][gc,phases   ] GC(98)   Merge Heap Roots: 0.14ms
[529.142s][info][gc,phases   ] GC(98)   Evacuate Collection Set: 35.60ms
[529.142s][info][gc,phases   ] GC(98)   Post Evacuate Collection Set: 2.19ms
[529.142s][info][gc,phases   ] GC(98)   Other: 0.09ms
[529.142s][info][gc,heap     ] GC(98) Eden regions: 1198->0(1197)
[529.142s][info][gc,heap     ] GC(98) Survivor regions: 30->31(154)
[529.142s][info][gc,heap     ] GC(98) Old regions: 140->139
[529.142s][info][gc,heap     ] GC(98) Humongous regions: 0->0
[529.142s][info][gc,metaspace] GC(98) Metaspace: 134489K(136128K)->134489K(136128K) NonClass: 113616K(114368K)->113616K(114368K) Class: 20872K(21760K)->20872K(21760K)
[529.142s][info][gc          ] GC(98) Pause Young (Normal) (G1 Evacuation Pause) 5468M->674M(8192M) 38.528ms
[529.142s][info][gc,cpu      ] GC(98) User=0.25s Sys=0.00s Real=0.04s
[535.478s][info][gc,start    ] GC(99) Pause Young (Normal) (G1 Evacuation Pause)
[535.478s][info][gc,task     ] GC(99) Using 8 workers of 8 for evacuation
[535.508s][info][gc,phases   ] GC(99)   Pre Evacuate Collection Set: 0.40ms
[535.508s][info][gc,phases   ] GC(99)   Merge Heap Roots: 0.16ms
[535.508s][info][gc,phases   ] GC(99)   Evacuate Collection Set: 27.64ms
[535.508s][info][gc,phases   ] GC(99)   Post Evacuate Collection Set: 2.08ms
[535.508s][info][gc,phases   ] GC(99)   Other: 0.09ms
[535.508s][info][gc,heap     ] GC(99) Eden regions: 1197->0(1205)
[535.508s][info][gc,heap     ] GC(99) Survivor regions: 31->23(154)
[535.508s][info][gc,heap     ] GC(99) Old regions: 139->139
[535.508s][info][gc,heap     ] GC(99) Humongous regions: 0->0
[535.508s][info][gc,metaspace] GC(99) Metaspace: 134494K(136192K)->134494K(136192K) NonClass: 113622K(114432K)->113622K(114432K) Class: 20872K(21760K)->20872K(21760K)
[535.509s][info][gc          ] GC(99) Pause Young (Normal) (G1 Evacuation Pause) 5462M->643M(8192M) 30.587ms
[535.509s][info][gc,cpu      ] GC(99) User=0.25s Sys=0.00s Real=0.03s
[541.646s][info][gc,start    ] GC(100) Pause Young (Normal) (G1 Evacuation Pause)
[541.646s][info][gc,task     ] GC(100) Using 8 workers of 8 for evacuation
[541.682s][info][gc,phases   ] GC(100)   Pre Evacuate Collection Set: 0.45ms
[541.682s][info][gc,phases   ] GC(100)   Merge Heap Roots: 0.15ms
[541.682s][info][gc,phases   ] GC(100)   Evacuate Collection Set: 32.94ms
[541.682s][info][gc,phases   ] GC(100)   Post Evacuate Collection Set: 2.26ms
[541.682s][info][gc,phases   ] GC(100)   Other: 0.09ms
[541.682s][info][gc,heap     ] GC(100) Eden regions: 1205->0(1199)
[541.682s][info][gc,heap     ] GC(100) Survivor regions: 23->29(154)
[541.682s][info][gc,heap     ] GC(100) Old regions: 139->140
[541.682s][info][gc,heap     ] GC(100) Humongous regions: 0->0
[541.682s][info][gc,metaspace] GC(100) Metaspace: 134494K(136192K)->134494K(136192K) NonClass: 113622K(114432K)->113622K(114432K) Class: 20872K(21760K)->20872K(21760K)
[541.682s][info][gc          ] GC(100) Pause Young (Normal) (G1 Evacuation Pause) (Evacuation Failure: Pinned) 5463M->671M(8192M) 36.140ms
[541.682s][info][gc,cpu      ] GC(100) User=0.38s Sys=0.00s Real=0.04s
[547.374s][info][gc,start    ] GC(101) Pause Young (Normal) (G1 Evacuation Pause)
[547.375s][info][gc,task     ] GC(101) Using 8 workers of 8 for evacuation
[547.401s][info][gc,phases   ] GC(101)   Pre Evacuate Collection Set: 0.27ms
[547.401s][info][gc,phases   ] GC(101)   Merge Heap Roots: 0.12ms
[547.401s][info][gc,phases   ] GC(101)   Evacuate Collection Set: 24.05ms
[547.401s][info][gc,phases   ] GC(101)   Post Evacuate Collection Set: 1.97ms
[547.401s][info][gc,phases   ] GC(101)   Other: 0.09ms
[547.401s][info][gc,heap     ] GC(101) Eden regions: 1199->0(1207)
[547.401s][info][gc,heap     ] GC(101) Survivor regions: 29->21(154)
[547.401s][info][gc,heap     ] GC(101) Old regions: 140->139
[547.401s][info][gc,heap     ] GC(101) Humongous regions: 0->0
[547.401s][info][gc,metaspace] GC(101) Metaspace: 134498K(136192K)->134498K(136192K) NonClass: 113626K(114432K)->113626K(114432K) Class: 20872K(21760K)->20872K(21760K)
[547.401s][info][gc          ] GC(101) Pause Young (Normal) (G1 Evacuation Pause) 5467M->637M(8192M) 26.733ms
[547.401s][info][gc,cpu      ] GC(101) User=0.25s Sys=0.00s Real=0.03s
[553.675s][info][gc,start    ] GC(102) Pause Young (Normal) (G1 Evacuation Pause)
[553.675s][info][gc,task     ] GC(102) Using 8 workers of 8 for evacuation
[553.703s][info][gc,phases   ] GC(102)   Pre Evacuate Collection Set: 0.27ms
[553.703s][info][gc,phases   ] GC(102)   Merge Heap Roots: 0.13ms
[553.703s][info][gc,phases   ] GC(102)   Evacuate Collection Set: 25.54ms
[553.703s][info][gc,phases   ] GC(102)   Post Evacuate Collection Set: 1.86ms
[553.703s][info][gc,phases   ] GC(102)   Other: 0.08ms
[553.703s][info][gc,heap     ] GC(102) Eden regions: 1207->0(1206)
[553.703s][info][gc,heap     ] GC(102) Survivor regions: 21->22(154)
[553.703s][info][gc,heap     ] GC(102) Old regions: 139->139
[553.703s][info][gc,heap     ] GC(102) Humongous regions: 0->0
[553.703s][info][gc,metaspace] GC(102) Metaspace: 134511K(136192K)->134511K(136192K) NonClass: 113638K(114432K)->113638K(114432K) Class: 20872K(21760K)->20872K(21760K)
[553.703s][info][gc          ] GC(102) Pause Young (Normal) (G1 Evacuation Pause) 5465M->641M(8192M) 28.112ms
[553.703s][info][gc,cpu      ] GC(102) User=0.25s Sys=0.00s Real=0.03s
[561.177s][info][gc,start    ] GC(103) Pause Young (Normal) (G1 Evacuation Pause)
[561.177s][info][gc,task     ] GC(103) Using 8 workers of 8 for evacuation
[561.207s][info][gc,phases   ] GC(103)   Pre Evacuate Collection Set: 0.34ms
[561.207s][info][gc,phases   ] GC(103)   Merge Heap Roots: 0.14ms
[561.207s][info][gc,phases   ] GC(103)   Evacuate Collection Set: 27.19ms
[561.207s][info][gc,phases   ] GC(103)   Post Evacuate Collection Set: 1.89ms
[561.207s][info][gc,phases   ] GC(103)   Other: 0.08ms
[561.207s][info][gc,heap     ] GC(103) Eden regions: 1206->0(1205)
[561.207s][info][gc,heap     ] GC(103) Survivor regions: 22->23(154)
[561.207s][info][gc,heap     ] GC(103) Old regions: 139->139
[561.207s][info][gc,heap     ] GC(103) Humongous regions: 0->0
[561.207s][info][gc,metaspace] GC(103) Metaspace: 134520K(136192K)->134520K(136192K) NonClass: 113648K(114432K)->113648K(114432K) Class: 20872K(21760K)->20872K(21760K)
[561.207s][info][gc          ] GC(103) Pause Young (Normal) (G1 Evacuation Pause) 5465M->643M(8192M) 29.877ms
[561.207s][info][gc,cpu      ] GC(103) User=0.25s Sys=0.00s Real=0.03s
[566.951s][info][gc,start    ] GC(104) Pause Young (Normal) (G1 Evacuation Pause)
[566.951s][info][gc,task     ] GC(104) Using 8 workers of 8 for evacuation
[566.976s][info][gc,phases   ] GC(104)   Pre Evacuate Collection Set: 0.32ms
[566.976s][info][gc,phases   ] GC(104)   Merge Heap Roots: 0.13ms
[566.976s][info][gc,phases   ] GC(104)   Evacuate Collection Set: 22.50ms
[566.976s][info][gc,phases   ] GC(104)   Post Evacuate Collection Set: 1.82ms
[566.976s][info][gc,phases   ] GC(104)   Other: 0.08ms
[566.976s][info][gc,heap     ] GC(104) Eden regions: 1205->0(1209)
[566.976s][info][gc,heap     ] GC(104) Survivor regions: 23->19(154)
[566.976s][info][gc,heap     ] GC(104) Old regions: 139->139
[566.976s][info][gc,heap     ] GC(104) Humongous regions: 0->0
[566.976s][info][gc,metaspace] GC(104) Metaspace: 134526K(136192K)->134526K(136192K) NonClass: 113653K(114432K)->113653K(114432K) Class: 20873K(21760K)->20873K(21760K)
[566.976s][info][gc          ] GC(104) Pause Young (Normal) (G1 Evacuation Pause) 5463M->627M(8192M) 25.058ms
[566.976s][info][gc,cpu      ] GC(104) User=0.12s Sys=0.00s Real=0.03s
[573.580s][info][gc,start    ] GC(105) Pause Young (Normal) (G1 Evacuation Pause)
[573.580s][info][gc,task     ] GC(105) Using 8 workers of 8 for evacuation
[573.611s][info][gc,phases   ] GC(105)   Pre Evacuate Collection Set: 0.34ms
[573.611s][info][gc,phases   ] GC(105)   Merge Heap Roots: 0.12ms
[573.611s][info][gc,phases   ] GC(105)   Evacuate Collection Set: 27.79ms
[573.611s][info][gc,phases   ] GC(105)   Post Evacuate Collection Set: 2.45ms
[573.611s][info][gc,phases   ] GC(105)   Other: 0.10ms
[573.611s][info][gc,heap     ] GC(105) Eden regions: 1209->0(1204)
[573.611s][info][gc,heap     ] GC(105) Survivor regions: 19->24(154)
[573.611s][info][gc,heap     ] GC(105) Old regions: 139->139
[573.611s][info][gc,heap     ] GC(105) Humongous regions: 0->0
[573.611s][info][gc,metaspace] GC(105) Metaspace: 134539K(136192K)->134539K(136192K) NonClass: 113666K(114432K)->113666K(114432K) Class: 20873K(21760K)->20873K(21760K)
[573.611s][info][gc          ] GC(105) Pause Young (Normal) (G1 Evacuation Pause) 5463M->649M(8192M) 31.074ms
[573.611s][info][gc,cpu      ] GC(105) User=0.25s Sys=0.00s Real=0.03s
[581.850s][info][gc,start    ] GC(106) Pause Young (Normal) (G1 Evacuation Pause)
[581.850s][info][gc,task     ] GC(106) Using 8 workers of 8 for evacuation
[581.880s][info][gc,phases   ] GC(106)   Pre Evacuate Collection Set: 0.41ms
[581.880s][info][gc,phases   ] GC(106)   Merge Heap Roots: 0.16ms
[581.880s][info][gc,phases   ] GC(106)   Evacuate Collection Set: 26.44ms
[581.880s][info][gc,phases   ] GC(106)   Post Evacuate Collection Set: 1.97ms
[581.880s][info][gc,phases   ] GC(106)   Other: 0.11ms
[581.880s][info][gc,heap     ] GC(106) Eden regions: 1204->0(1207)
[581.880s][info][gc,heap     ] GC(106) Survivor regions: 24->21(154)
[581.880s][info][gc,heap     ] GC(106) Old regions: 139->139
[581.880s][info][gc,heap     ] GC(106) Humongous regions: 0->0
[581.880s][info][gc,metaspace] GC(106) Metaspace: 134674K(136320K)->134674K(136320K) NonClass: 113786K(114560K)->113786K(114560K) Class: 20888K(21760K)->20888K(21760K)
[581.880s][info][gc          ] GC(106) Pause Young (Normal) (G1 Evacuation Pause) 5465M->635M(8192M) 29.335ms
[581.880s][info][gc,cpu      ] GC(106) User=0.28s Sys=0.00s Real=0.03s
[587.667s][info][gc,start    ] GC(107) Pause Young (Normal) (G1 Evacuation Pause)
[587.667s][info][gc,task     ] GC(107) Using 8 workers of 8 for evacuation
[587.697s][info][gc,phases   ] GC(107)   Pre Evacuate Collection Set: 0.33ms
[587.697s][info][gc,phases   ] GC(107)   Merge Heap Roots: 0.15ms
[587.697s][info][gc,phases   ] GC(107)   Evacuate Collection Set: 26.96ms
[587.697s][info][gc,phases   ] GC(107)   Post Evacuate Collection Set: 2.22ms
[587.697s][info][gc,phases   ] GC(107)   Other: 0.08ms
[587.697s][info][gc,heap     ] GC(107) Eden regions: 1207->0(1204)
[587.697s][info][gc,heap     ] GC(107) Survivor regions: 21->24(154)
[587.697s][info][gc,heap     ] GC(107) Old regions: 139->139
[587.697s][info][gc,heap     ] GC(107) Humongous regions: 0->0
[587.697s][info][gc,metaspace] GC(107) Metaspace: 134799K(136384K)->134799K(136384K) NonClass: 113885K(114624K)->113885K(114624K) Class: 20913K(21760K)->20913K(21760K)
[587.697s][info][gc          ] GC(107) Pause Young (Normal) (G1 Evacuation Pause) 5463M->649M(8192M) 29.964ms
[587.697s][info][gc,cpu      ] GC(107) User=0.25s Sys=0.00s Real=0.03s
[593.505s][info][gc,start    ] GC(108) Pause Young (Normal) (G1 Evacuation Pause)
[593.505s][info][gc,task     ] GC(108) Using 8 workers of 8 for evacuation
[593.526s][info][gc,phases   ] GC(108)   Pre Evacuate Collection Set: 0.30ms
[593.526s][info][gc,phases   ] GC(108)   Merge Heap Roots: 0.11ms
[593.526s][info][gc,phases   ] GC(108)   Evacuate Collection Set: 18.66ms
[593.526s][info][gc,phases   ] GC(108)   Post Evacuate Collection Set: 2.23ms
[593.526s][info][gc,phases   ] GC(108)   Other: 0.10ms
[593.526s][info][gc,heap     ] GC(108) Eden regions: 1204->0(1212)
[593.526s][info][gc,heap     ] GC(108) Survivor regions: 24->16(154)
[593.526s][info][gc,heap     ] GC(108) Old regions: 139->139
[593.526s][info][gc,heap     ] GC(108) Humongous regions: 0->0
[593.526s][info][gc,metaspace] GC(108) Metaspace: 134799K(136384K)->134799K(136384K) NonClass: 113885K(114624K)->113885K(114624K) Class: 20913K(21760K)->20913K(21760K)
[593.526s][info][gc          ] GC(108) Pause Young (Normal) (G1 Evacuation Pause) 5465M->618M(8192M) 21.657ms
[593.526s][info][gc,cpu      ] GC(108) User=0.25s Sys=0.00s Real=0.02s
[601.274s][info][gc,start    ] GC(109) Pause Young (Normal) (G1 Evacuation Pause)
[601.274s][info][gc,task     ] GC(109) Using 8 workers of 8 for evacuation
[601.301s][info][gc,phases   ] GC(109)   Pre Evacuate Collection Set: 0.35ms
[601.301s][info][gc,phases   ] GC(109)   Merge Heap Roots: 0.15ms
[601.301s][info][gc,phases   ] GC(109)   Evacuate Collection Set: 24.97ms
[601.302s][info][gc,phases   ] GC(109)   Post Evacuate Collection Set: 2.16ms
[601.302s][info][gc,phases   ] GC(109)   Other: 0.09ms
[601.302s][info][gc,heap     ] GC(109) Eden regions: 1212->0(1206)
[601.302s][info][gc,heap     ] GC(109) Survivor regions: 16->22(154)
[601.302s][info][gc,heap     ] GC(109) Old regions: 139->139
[601.302s][info][gc,heap     ] GC(109) Humongous regions: 0->0
[601.302s][info][gc,metaspace] GC(109) Metaspace: 134806K(136384K)->134806K(136384K) NonClass: 113891K(114624K)->113891K(114624K) Class: 20915K(21760K)->20915K(21760K)
[601.302s][info][gc          ] GC(109) Pause Young (Normal) (G1 Evacuation Pause) 5466M->642M(8192M) 27.938ms
[601.302s][info][gc,cpu      ] GC(109) User=0.12s Sys=0.00s Real=0.03s
[607.442s][info][gc,start    ] GC(110) Pause Young (Normal) (G1 Evacuation Pause)
[607.442s][info][gc,task     ] GC(110) Using 8 workers of 8 for evacuation
[607.468s][info][gc,phases   ] GC(110)   Pre Evacuate Collection Set: 0.27ms
[607.468s][info][gc,phases   ] GC(110)   Merge Heap Roots: 0.13ms
[607.468s][info][gc,phases   ] GC(110)   Evacuate Collection Set: 23.65ms
[607.468s][info][gc,phases   ] GC(110)   Post Evacuate Collection Set: 2.00ms
[607.468s][info][gc,phases   ] GC(110)   Other: 0.08ms
[607.468s][info][gc,heap     ] GC(110) Eden regions: 1206->0(1208)
[607.468s][info][gc,heap     ] GC(110) Survivor regions: 22->20(154)
[607.468s][info][gc,heap     ] GC(110) Old regions: 139->139
[607.468s][info][gc,heap     ] GC(110) Humongous regions: 0->0
[607.468s][info][gc,metaspace] GC(110) Metaspace: 134808K(136384K)->134808K(136384K) NonClass: 113893K(114624K)->113893K(114624K) Class: 20915K(21760K)->20915K(21760K)
[607.468s][info][gc          ] GC(110) Pause Young (Normal) (G1 Evacuation Pause) 5466M->634M(8192M) 26.378ms
[607.468s][info][gc,cpu      ] GC(110) User=0.25s Sys=0.00s Real=0.03s
[613.104s][info][gc,start    ] GC(111) Pause Young (Normal) (G1 Evacuation Pause)
[613.104s][info][gc,task     ] GC(111) Using 8 workers of 8 for evacuation
[613.134s][info][gc,phases   ] GC(111)   Pre Evacuate Collection Set: 0.32ms
[613.134s][info][gc,phases   ] GC(111)   Merge Heap Roots: 0.14ms
[613.134s][info][gc,phases   ] GC(111)   Evacuate Collection Set: 27.27ms
[613.134s][info][gc,phases   ] GC(111)   Post Evacuate Collection Set: 2.26ms
[613.134s][info][gc,phases   ] GC(111)   Other: 0.10ms
[613.134s][info][gc,heap     ] GC(111) Eden regions: 1208->0(1211)
[613.134s][info][gc,heap     ] GC(111) Survivor regions: 20->17(154)
[613.134s][info][gc,heap     ] GC(111) Old regions: 139->139
[613.134s][info][gc,heap     ] GC(111) Humongous regions: 0->0
[613.134s][info][gc,metaspace] GC(111) Metaspace: 134809K(136384K)->134809K(136384K) NonClass: 113894K(114624K)->113894K(114624K) Class: 20915K(21760K)->20915K(21760K)
[613.134s][info][gc          ] GC(111) Pause Young (Normal) (G1 Evacuation Pause) 5466M->622M(8192M) 30.354ms
[613.134s][info][gc,cpu      ] GC(111) User=0.19s Sys=0.00s Real=0.03s
[619.364s][info][gc,start    ] GC(112) Pause Young (Normal) (G1 Evacuation Pause)
[619.364s][info][gc,task     ] GC(112) Using 8 workers of 8 for evacuation
[619.398s][info][gc,phases   ] GC(112)   Pre Evacuate Collection Set: 0.33ms
[619.398s][info][gc,phases   ] GC(112)   Merge Heap Roots: 0.14ms
[619.398s][info][gc,phases   ] GC(112)   Evacuate Collection Set: 31.73ms
[619.398s][info][gc,phases   ] GC(112)   Post Evacuate Collection Set: 2.05ms
[619.398s][info][gc,phases   ] GC(112)   Other: 0.10ms
[619.398s][info][gc,heap     ] GC(112) Eden regions: 1211->0(1201)
[619.398s][info][gc,heap     ] GC(112) Survivor regions: 17->27(154)
[619.398s][info][gc,heap     ] GC(112) Old regions: 139->139
[619.398s][info][gc,heap     ] GC(112) Humongous regions: 0->0
[619.398s][info][gc,metaspace] GC(112) Metaspace: 134825K(136448K)->134825K(136448K) NonClass: 113910K(114688K)->113910K(114688K) Class: 20915K(21760K)->20915K(21760K)
[619.399s][info][gc          ] GC(112) Pause Young (Normal) (G1 Evacuation Pause) 5466M->662M(8192M) 34.599ms
[619.399s][info][gc,cpu      ] GC(112) User=0.23s Sys=0.00s Real=0.03s
[626.039s][info][gc,start    ] GC(113) Pause Young (Normal) (G1 Evacuation Pause)
[626.039s][info][gc,task     ] GC(113) Using 8 workers of 8 for evacuation
[626.064s][info][gc,phases   ] GC(113)   Pre Evacuate Collection Set: 0.36ms
[626.064s][info][gc,phases   ] GC(113)   Merge Heap Roots: 0.14ms
[626.064s][info][gc,phases   ] GC(113)   Evacuate Collection Set: 22.35ms
[626.064s][info][gc,phases   ] GC(113)   Post Evacuate Collection Set: 1.90ms
[626.064s][info][gc,phases   ] GC(113)   Other: 0.08ms
[626.064s][info][gc,heap     ] GC(113) Eden regions: 1201->0(1209)
[626.064s][info][gc,heap     ] GC(113) Survivor regions: 27->19(154)
[626.064s][info][gc,heap     ] GC(113) Old regions: 139->139
[626.064s][info][gc,heap     ] GC(113) Humongous regions: 0->0
[626.064s][info][gc,metaspace] GC(113) Metaspace: 134827K(136448K)->134827K(136448K) NonClass: 113912K(114688K)->113912K(114688K) Class: 20915K(21760K)->20915K(21760K)
[626.064s][info][gc          ] GC(113) Pause Young (Normal) (G1 Evacuation Pause) 5466M->630M(8192M) 25.055ms
[626.064s][info][gc,cpu      ] GC(113) User=0.25s Sys=0.00s Real=0.02s
[633.473s][info][gc,start    ] GC(114) Pause Young (Normal) (G1 Evacuation Pause)
[633.473s][info][gc,task     ] GC(114) Using 8 workers of 8 for evacuation
[633.508s][info][gc,phases   ] GC(114)   Pre Evacuate Collection Set: 0.40ms
[633.508s][info][gc,phases   ] GC(114)   Merge Heap Roots: 0.17ms
[633.508s][info][gc,phases   ] GC(114)   Evacuate Collection Set: 31.99ms
[633.508s][info][gc,phases   ] GC(114)   Post Evacuate Collection Set: 2.10ms
[633.508s][info][gc,phases   ] GC(114)   Other: 0.08ms
[633.508s][info][gc,heap     ] GC(114) Eden regions: 1209->0(1204)
[633.508s][info][gc,heap     ] GC(114) Survivor regions: 19->24(154)
[633.508s][info][gc,heap     ] GC(114) Old regions: 139->139
[633.508s][info][gc,heap     ] GC(114) Humongous regions: 0->0
[633.508s][info][gc,metaspace] GC(114) Metaspace: 134876K(136448K)->134876K(136448K) NonClass: 113956K(114688K)->113956K(114688K) Class: 20919K(21760K)->20919K(21760K)
[633.508s][info][gc          ] GC(114) Pause Young (Normal) (G1 Evacuation Pause) 5466M->650M(8192M) 34.973ms
[633.508s][info][gc,cpu      ] GC(114) User=0.38s Sys=0.00s Real=0.03s
[640.558s][info][gc,start    ] GC(115) Pause Young (Normal) (G1 Evacuation Pause)
[640.558s][info][gc,task     ] GC(115) Using 8 workers of 8 for evacuation
[640.594s][info][gc,phases   ] GC(115)   Pre Evacuate Collection Set: 0.33ms
[640.594s][info][gc,phases   ] GC(115)   Merge Heap Roots: 0.13ms
[640.594s][info][gc,phases   ] GC(115)   Evacuate Collection Set: 33.10ms
[640.594s][info][gc,phases   ] GC(115)   Post Evacuate Collection Set: 1.95ms
[640.594s][info][gc,phases   ] GC(115)   Other: 0.08ms
[640.594s][info][gc,heap     ] GC(115) Eden regions: 1204->0(1199)
[640.594s][info][gc,heap     ] GC(115) Survivor regions: 24->29(154)
[640.594s][info][gc,heap     ] GC(115) Old regions: 139->139
[640.594s][info][gc,heap     ] GC(115) Humongous regions: 0->0
[640.594s][info][gc,metaspace] GC(115) Metaspace: 134880K(136448K)->134880K(136448K) NonClass: 113960K(114688K)->113960K(114688K) Class: 20919K(21760K)->20919K(21760K)
[640.594s][info][gc          ] GC(115) Pause Young (Normal) (G1 Evacuation Pause) 5466M->670M(8192M) 35.816ms
[640.594s][info][gc,cpu      ] GC(115) User=0.25s Sys=0.00s Real=0.04s
[647.236s][info][gc,start    ] GC(116) Pause Young (Normal) (G1 Evacuation Pause)
[647.236s][info][gc,task     ] GC(116) Using 8 workers of 8 for evacuation
[647.265s][info][gc,phases   ] GC(116)   Pre Evacuate Collection Set: 0.29ms
[647.265s][info][gc,phases   ] GC(116)   Merge Heap Roots: 0.14ms
[647.265s][info][gc,phases   ] GC(116)   Evacuate Collection Set: 26.16ms
[647.265s][info][gc,phases   ] GC(116)   Post Evacuate Collection Set: 2.37ms
[647.265s][info][gc,phases   ] GC(116)   Other: 0.10ms
[647.266s][info][gc,heap     ] GC(116) Eden regions: 1199->0(1207)
[647.266s][info][gc,heap     ] GC(116) Survivor regions: 29->21(154)
[647.266s][info][gc,heap     ] GC(116) Old regions: 139->139
[647.266s][info][gc,heap     ] GC(116) Humongous regions: 0->0
[647.266s][info][gc,metaspace] GC(116) Metaspace: 134889K(136448K)->134889K(136448K) NonClass: 113969K(114688K)->113969K(114688K) Class: 20919K(21760K)->20919K(21760K)
[647.266s][info][gc          ] GC(116) Pause Young (Normal) (G1 Evacuation Pause) 5466M->637M(8192M) 29.347ms
[647.266s][info][gc,cpu      ] GC(116) User=0.25s Sys=0.00s Real=0.03s
[653.887s][info][gc,start    ] GC(117) Pause Young (Normal) (G1 Evacuation Pause)
[653.887s][info][gc,task     ] GC(117) Using 8 workers of 8 for evacuation
[653.921s][info][gc,phases   ] GC(117)   Pre Evacuate Collection Set: 0.31ms
[653.921s][info][gc,phases   ] GC(117)   Merge Heap Roots: 0.12ms
[653.921s][info][gc,phases   ] GC(117)   Evacuate Collection Set: 31.08ms
[653.921s][info][gc,phases   ] GC(117)   Post Evacuate Collection Set: 1.85ms
[653.921s][info][gc,phases   ] GC(117)   Other: 0.09ms
[653.921s][info][gc,heap     ] GC(117) Eden regions: 1207->0(1202)
[653.921s][info][gc,heap     ] GC(117) Survivor regions: 21->26(154)
[653.921s][info][gc,heap     ] GC(117) Old regions: 139->139
[653.921s][info][gc,heap     ] GC(117) Humongous regions: 0->0
[653.921s][info][gc,metaspace] GC(117) Metaspace: 134898K(136448K)->134898K(136448K) NonClass: 113979K(114688K)->113979K(114688K) Class: 20919K(21760K)->20919K(21760K)
[653.921s][info][gc          ] GC(117) Pause Young (Normal) (G1 Evacuation Pause) 5465M->657M(8192M) 33.724ms
[653.921s][info][gc,cpu      ] GC(117) User=0.25s Sys=0.00s Real=0.03s
[660.889s][info][gc,start    ] GC(118) Pause Young (Normal) (G1 Evacuation Pause)
[660.889s][info][gc,task     ] GC(118) Using 8 workers of 8 for evacuation
[660.922s][info][gc,phases   ] GC(118)   Pre Evacuate Collection Set: 0.36ms
[660.923s][info][gc,phases   ] GC(118)   Merge Heap Roots: 0.15ms
[660.923s][info][gc,phases   ] GC(118)   Evacuate Collection Set: 30.93ms
[660.923s][info][gc,phases   ] GC(118)   Post Evacuate Collection Set: 1.89ms
[660.923s][info][gc,phases   ] GC(118)   Other: 0.09ms
[660.923s][info][gc,heap     ] GC(118) Eden regions: 1202->0(1201)
[660.923s][info][gc,heap     ] GC(118) Survivor regions: 26->27(154)
[660.923s][info][gc,heap     ] GC(118) Old regions: 139->139
[660.923s][info][gc,heap     ] GC(118) Humongous regions: 0->0
[660.923s][info][gc,metaspace] GC(118) Metaspace: 134903K(136448K)->134903K(136448K) NonClass: 113983K(114688K)->113983K(114688K) Class: 20919K(21760K)->20919K(21760K)
[660.923s][info][gc          ] GC(118) Pause Young (Normal) (G1 Evacuation Pause) 5465M->663M(8192M) 33.680ms
[660.923s][info][gc,cpu      ] GC(118) User=0.25s Sys=0.00s Real=0.03s
[667.247s][info][gc,start    ] GC(119) Pause Young (Normal) (G1 Evacuation Pause)
[667.247s][info][gc,task     ] GC(119) Using 8 workers of 8 for evacuation
[667.276s][info][gc,phases   ] GC(119)   Pre Evacuate Collection Set: 0.32ms
[667.276s][info][gc,phases   ] GC(119)   Merge Heap Roots: 0.12ms
[667.276s][info][gc,phases   ] GC(119)   Evacuate Collection Set: 26.44ms
[667.276s][info][gc,phases   ] GC(119)   Post Evacuate Collection Set: 1.89ms
[667.276s][info][gc,phases   ] GC(119)   Other: 0.08ms
[667.276s][info][gc,heap     ] GC(119) Eden regions: 1201->0(1206)
[667.276s][info][gc,heap     ] GC(119) Survivor regions: 27->22(154)
[667.276s][info][gc,heap     ] GC(119) Old regions: 139->140
[667.276s][info][gc,heap     ] GC(119) Humongous regions: 0->0
[667.276s][info][gc,metaspace] GC(119) Metaspace: 134905K(136448K)->134905K(136448K) NonClass: 113986K(114688K)->113986K(114688K) Class: 20919K(21760K)->20919K(21760K)
[667.276s][info][gc          ] GC(119) Pause Young (Normal) (G1 Evacuation Pause) (Evacuation Failure: Pinned) 5467M->647M(8192M) 29.074ms
[667.276s][info][gc,cpu      ] GC(119) User=0.19s Sys=0.00s Real=0.03s
[674.295s][info][gc,start    ] GC(120) Pause Young (Normal) (G1 Evacuation Pause)
[674.295s][info][gc,task     ] GC(120) Using 8 workers of 8 for evacuation
[674.324s][info][gc,phases   ] GC(120)   Pre Evacuate Collection Set: 0.34ms
[674.324s][info][gc,phases   ] GC(120)   Merge Heap Roots: 0.14ms
[674.324s][info][gc,phases   ] GC(120)   Evacuate Collection Set: 25.93ms
[674.324s][info][gc,phases   ] GC(120)   Post Evacuate Collection Set: 1.99ms
[674.324s][info][gc,phases   ] GC(120)   Other: 0.09ms
[674.324s][info][gc,heap     ] GC(120) Eden regions: 1206->0(1209)
[674.324s][info][gc,heap     ] GC(120) Survivor regions: 22->19(154)
[674.324s][info][gc,heap     ] GC(120) Old regions: 140->140
[674.324s][info][gc,heap     ] GC(120) Humongous regions: 0->0
[674.324s][info][gc,metaspace] GC(120) Metaspace: 134907K(136512K)->134907K(136512K) NonClass: 113988K(114752K)->113988K(114752K) Class: 20919K(21760K)->20919K(21760K)
[674.324s][info][gc          ] GC(120) Pause Young (Normal) (G1 Evacuation Pause) (Evacuation Failure: Pinned) 5471M->635M(8192M) 28.701ms
[674.324s][info][gc,cpu      ] GC(120) User=0.25s Sys=0.00s Real=0.03s
[681.991s][info][gc,start    ] GC(121) Pause Young (Normal) (G1 Evacuation Pause)
[681.991s][info][gc,task     ] GC(121) Using 8 workers of 8 for evacuation
[682.018s][info][gc,phases   ] GC(121)   Pre Evacuate Collection Set: 0.29ms
[682.018s][info][gc,phases   ] GC(121)   Merge Heap Roots: 0.10ms
[682.019s][info][gc,phases   ] GC(121)   Evacuate Collection Set: 24.92ms
[682.019s][info][gc,phases   ] GC(121)   Post Evacuate Collection Set: 2.30ms
[682.019s][info][gc,phases   ] GC(121)   Other: 0.09ms
[682.019s][info][gc,heap     ] GC(121) Eden regions: 1209->0(1209)
[682.019s][info][gc,heap     ] GC(121) Survivor regions: 19->19(154)
[682.019s][info][gc,heap     ] GC(121) Old regions: 140->140
[682.019s][info][gc,heap     ] GC(121) Humongous regions: 0->0
[682.019s][info][gc,metaspace] GC(121) Metaspace: 134913K(136512K)->134913K(136512K) NonClass: 113993K(114752K)->113993K(114752K) Class: 20919K(21760K)->20919K(21760K)
[682.019s][info][gc          ] GC(121) Pause Young (Normal) (G1 Evacuation Pause) 5471M->632M(8192M) 27.930ms
[682.019s][info][gc,cpu      ] GC(121) User=0.25s Sys=0.00s Real=0.03s
[687.899s][info][gc,start    ] GC(122) Pause Young (Normal) (G1 Evacuation Pause)
[687.899s][info][gc,task     ] GC(122) Using 8 workers of 8 for evacuation
[687.927s][info][gc,phases   ] GC(122)   Pre Evacuate Collection Set: 0.31ms
[687.927s][info][gc,phases   ] GC(122)   Merge Heap Roots: 0.13ms
[687.927s][info][gc,phases   ] GC(122)   Evacuate Collection Set: 25.78ms
[687.927s][info][gc,phases   ] GC(122)   Post Evacuate Collection Set: 2.06ms
[687.927s][info][gc,phases   ] GC(122)   Other: 0.08ms
[687.927s][info][gc,heap     ] GC(122) Eden regions: 1209->0(1206)
[687.927s][info][gc,heap     ] GC(122) Survivor regions: 19->22(154)
[687.927s][info][gc,heap     ] GC(122) Old regions: 140->140
[687.927s][info][gc,heap     ] GC(122) Humongous regions: 0->0
[687.927s][info][gc,metaspace] GC(122) Metaspace: 134913K(136512K)->134913K(136512K) NonClass: 113993K(114752K)->113993K(114752K) Class: 20919K(21760K)->20919K(21760K)
[687.928s][info][gc          ] GC(122) Pause Young (Normal) (G1 Evacuation Pause) 5468M->643M(8192M) 28.592ms
[687.928s][info][gc,cpu      ] GC(122) User=0.12s Sys=0.00s Real=0.03s
[694.588s][info][gc,start    ] GC(123) Pause Young (Normal) (G1 Evacuation Pause)
[694.588s][info][gc,task     ] GC(123) Using 8 workers of 8 for evacuation
[694.616s][info][gc,phases   ] GC(123)   Pre Evacuate Collection Set: 0.30ms
[694.616s][info][gc,phases   ] GC(123)   Merge Heap Roots: 0.12ms
[694.616s][info][gc,phases   ] GC(123)   Evacuate Collection Set: 24.63ms
[694.616s][info][gc,phases   ] GC(123)   Post Evacuate Collection Set: 2.27ms
[694.616s][info][gc,phases   ] GC(123)   Other: 0.10ms
[694.616s][info][gc,heap     ] GC(123) Eden regions: 1206->0(1207)
[694.616s][info][gc,heap     ] GC(123) Survivor regions: 22->21(154)
[694.616s][info][gc,heap     ] GC(123) Old regions: 140->141
[694.616s][info][gc,heap     ] GC(123) Humongous regions: 0->0
[694.616s][info][gc,metaspace] GC(123) Metaspace: 134927K(136512K)->134927K(136512K) NonClass: 114007K(114752K)->114007K(114752K) Class: 20919K(21760K)->20919K(21760K)
[694.616s][info][gc          ] GC(123) Pause Young (Normal) (G1 Evacuation Pause) (Evacuation Failure: Pinned) 5467M->644M(8192M) 27.712ms
[694.616s][info][gc,cpu      ] GC(123) User=0.12s Sys=0.00s Real=0.03s
[701.326s][info][gc,start    ] GC(124) Pause Young (Normal) (G1 Evacuation Pause)
[701.326s][info][gc,task     ] GC(124) Using 8 workers of 8 for evacuation
[701.349s][info][gc,phases   ] GC(124)   Pre Evacuate Collection Set: 0.31ms
[701.349s][info][gc,phases   ] GC(124)   Merge Heap Roots: 0.14ms
[701.349s][info][gc,phases   ] GC(124)   Evacuate Collection Set: 20.87ms
[701.349s][info][gc,phases   ] GC(124)   Post Evacuate Collection Set: 2.04ms
[701.349s][info][gc,phases   ] GC(124)   Other: 0.09ms
[701.349s][info][gc,heap     ] GC(124) Eden regions: 1207->0(1211)
[701.349s][info][gc,heap     ] GC(124) Survivor regions: 21->17(154)
[701.349s][info][gc,heap     ] GC(124) Old regions: 141->140
[701.349s][info][gc,heap     ] GC(124) Humongous regions: 0->0
[701.349s][info][gc,metaspace] GC(124) Metaspace: 134944K(136512K)->134944K(136512K) NonClass: 114022K(114752K)->114022K(114752K) Class: 20921K(21760K)->20921K(21760K)
[701.349s][info][gc          ] GC(124) Pause Young (Normal) (G1 Evacuation Pause) 5472M->624M(8192M) 23.703ms
[701.349s][info][gc,cpu      ] GC(124) User=0.12s Sys=0.00s Real=0.02s
[707.642s][info][gc,start    ] GC(125) Pause Young (Normal) (G1 Evacuation Pause)
[707.642s][info][gc,task     ] GC(125) Using 8 workers of 8 for evacuation
[707.673s][info][gc,phases   ] GC(125)   Pre Evacuate Collection Set: 0.34ms
[707.673s][info][gc,phases   ] GC(125)   Merge Heap Roots: 0.13ms
[707.673s][info][gc,phases   ] GC(125)   Evacuate Collection Set: 27.58ms
[707.673s][info][gc,phases   ] GC(125)   Post Evacuate Collection Set: 2.21ms
[707.673s][info][gc,phases   ] GC(125)   Other: 0.10ms
[707.673s][info][gc,heap     ] GC(125) Eden regions: 1211->0(1206)
[707.673s][info][gc,heap     ] GC(125) Survivor regions: 17->22(154)
[707.673s][info][gc,heap     ] GC(125) Old regions: 140->140
[707.673s][info][gc,heap     ] GC(125) Humongous regions: 0->0
[707.673s][info][gc,metaspace] GC(125) Metaspace: 134944K(136512K)->134944K(136512K) NonClass: 114022K(114752K)->114022K(114752K) Class: 20921K(21760K)->20921K(21760K)
[707.673s][info][gc          ] GC(125) Pause Young (Normal) (G1 Evacuation Pause) 5468M->644M(8192M) 30.689ms
[707.673s][info][gc,cpu      ] GC(125) User=0.25s Sys=0.00s Real=0.03s
[713.538s][info][gc,start    ] GC(126) Pause Young (Normal) (G1 Evacuation Pause)
[713.538s][info][gc,task     ] GC(126) Using 8 workers of 8 for evacuation
[713.569s][info][gc,phases   ] GC(126)   Pre Evacuate Collection Set: 0.28ms
[713.569s][info][gc,phases   ] GC(126)   Merge Heap Roots: 0.12ms
[713.569s][info][gc,phases   ] GC(126)   Evacuate Collection Set: 28.43ms
[713.569s][info][gc,phases   ] GC(126)   Post Evacuate Collection Set: 1.97ms
[713.569s][info][gc,phases   ] GC(126)   Other: 0.09ms
[713.569s][info][gc,heap     ] GC(126) Eden regions: 1206->0(1204)
[713.569s][info][gc,heap     ] GC(126) Survivor regions: 22->24(154)
[713.569s][info][gc,heap     ] GC(126) Old regions: 140->140
[713.569s][info][gc,heap     ] GC(126) Humongous regions: 0->0
[713.569s][info][gc,metaspace] GC(126) Metaspace: 134945K(136512K)->134945K(136512K) NonClass: 114024K(114752K)->114024K(114752K) Class: 20921K(21760K)->20921K(21760K)
[713.569s][info][gc          ] GC(126) Pause Young (Normal) (G1 Evacuation Pause) 5468M->652M(8192M) 31.119ms
[713.569s][info][gc,cpu      ] GC(126) User=0.25s Sys=0.00s Real=0.03s
[721.301s][info][gc,start    ] GC(127) Pause Young (Normal) (G1 Evacuation Pause)
[721.301s][info][gc,task     ] GC(127) Using 8 workers of 8 for evacuation
[721.321s][info][gc,phases   ] GC(127)   Pre Evacuate Collection Set: 0.28ms
[721.321s][info][gc,phases   ] GC(127)   Merge Heap Roots: 0.17ms
[721.321s][info][gc,phases   ] GC(127)   Evacuate Collection Set: 18.27ms
[721.321s][info][gc,phases   ] GC(127)   Post Evacuate Collection Set: 1.86ms
[721.321s][info][gc,phases   ] GC(127)   Other: 0.08ms
[721.321s][info][gc,heap     ] GC(127) Eden regions: 1204->0(1212)
[721.321s][info][gc,heap     ] GC(127) Survivor regions: 24->16(154)
[721.321s][info][gc,heap     ] GC(127) Old regions: 140->140
[721.321s][info][gc,heap     ] GC(127) Humongous regions: 0->0
[721.321s][info][gc,metaspace] GC(127) Metaspace: 134961K(136512K)->134961K(136512K) NonClass: 114040K(114752K)->114040K(114752K) Class: 20921K(21760K)->20921K(21760K)
[721.321s][info][gc          ] GC(127) Pause Young (Normal) (G1 Evacuation Pause) 5468M->620M(8192M) 20.883ms
[721.321s][info][gc,cpu      ] GC(127) User=0.25s Sys=0.00s Real=0.02s
[728.359s][info][gc,start    ] GC(128) Pause Young (Normal) (G1 Evacuation Pause)
[728.359s][info][gc,task     ] GC(128) Using 8 workers of 8 for evacuation
[728.395s][info][gc,phases   ] GC(128)   Pre Evacuate Collection Set: 0.39ms
[728.395s][info][gc,phases   ] GC(128)   Merge Heap Roots: 0.14ms
[728.395s][info][gc,phases   ] GC(128)   Evacuate Collection Set: 32.80ms
[728.395s][info][gc,phases   ] GC(128)   Post Evacuate Collection Set: 1.86ms
[728.395s][info][gc,phases   ] GC(128)   Other: 0.09ms
[728.395s][info][gc,heap     ] GC(128) Eden regions: 1212->0(1202)
[728.395s][info][gc,heap     ] GC(128) Survivor regions: 16->26(154)
[728.395s][info][gc,heap     ] GC(128) Old regions: 140->140
[728.395s][info][gc,heap     ] GC(128) Humongous regions: 0->0
[728.395s][info][gc,metaspace] GC(128) Metaspace: 134968K(136512K)->134968K(136512K) NonClass: 114047K(114752K)->114047K(114752K) Class: 20921K(21760K)->20921K(21760K)
[728.395s][info][gc          ] GC(128) Pause Young (Normal) (G1 Evacuation Pause) 5468M->660M(8192M) 35.526ms
[728.395s][info][gc,cpu      ] GC(128) User=0.25s Sys=0.00s Real=0.04s
[734.081s][info][gc,start    ] GC(129) Pause Young (Normal) (G1 Evacuation Pause)
[734.081s][info][gc,task     ] GC(129) Using 8 workers of 8 for evacuation
[734.115s][info][gc,phases   ] GC(129)   Pre Evacuate Collection Set: 0.34ms
[734.115s][info][gc,phases   ] GC(129)   Merge Heap Roots: 0.13ms
[734.115s][info][gc,phases   ] GC(129)   Evacuate Collection Set: 31.41ms
[734.115s][info][gc,phases   ] GC(129)   Post Evacuate Collection Set: 2.20ms
[734.115s][info][gc,phases   ] GC(129)   Other: 0.09ms
[734.115s][info][gc,heap     ] GC(129) Eden regions: 1202->0(1199)
[734.115s][info][gc,heap     ] GC(129) Survivor regions: 26->29(154)
[734.115s][info][gc,heap     ] GC(129) Old regions: 140->140
[734.115s][info][gc,heap     ] GC(129) Humongous regions: 0->0
[734.115s][info][gc,metaspace] GC(129) Metaspace: 134971K(136512K)->134971K(136512K) NonClass: 114050K(114752K)->114050K(114752K) Class: 20921K(21760K)->20921K(21760K)
[734.115s][info][gc          ] GC(129) Pause Young (Normal) (G1 Evacuation Pause) 5468M->670M(8192M) 34.398ms
[734.115s][info][gc,cpu      ] GC(129) User=0.25s Sys=0.00s Real=0.03s
[739.829s][info][gc,start    ] GC(130) Pause Young (Normal) (G1 Evacuation Pause)
[739.829s][info][gc,task     ] GC(130) Using 8 workers of 8 for evacuation
[739.845s][info][gc,phases   ] GC(130)   Pre Evacuate Collection Set: 0.32ms
[739.845s][info][gc,phases   ] GC(130)   Merge Heap Roots: 0.13ms
[739.845s][info][gc,phases   ] GC(130)   Evacuate Collection Set: 13.97ms
[739.845s][info][gc,phases   ] GC(130)   Post Evacuate Collection Set: 1.87ms
[739.845s][info][gc,phases   ] GC(130)   Other: 0.08ms
[739.845s][info][gc,heap     ] GC(130) Eden regions: 1199->0(1215)
[739.845s][info][gc,heap     ] GC(130) Survivor regions: 29->13(154)
[739.845s][info][gc,heap     ] GC(130) Old regions: 140->140
[739.845s][info][gc,heap     ] GC(130) Humongous regions: 0->0
[739.845s][info][gc,metaspace] GC(130) Metaspace: 134972K(136512K)->134972K(136512K) NonClass: 114051K(114752K)->114051K(114752K) Class: 20921K(21760K)->20921K(21760K)
[739.845s][info][gc          ] GC(130) Pause Young (Normal) (G1 Evacuation Pause) 5466M->608M(8192M) 16.601ms
[739.845s][info][gc,cpu      ] GC(130) User=0.12s Sys=0.00s Real=0.02s
[747.956s][info][gc,start    ] GC(131) Pause Young (Normal) (G1 Evacuation Pause)
[747.956s][info][gc,task     ] GC(131) Using 8 workers of 8 for evacuation
[747.989s][info][gc,phases   ] GC(131)   Pre Evacuate Collection Set: 0.33ms
[747.989s][info][gc,phases   ] GC(131)   Merge Heap Roots: 0.15ms
[747.989s][info][gc,phases   ] GC(131)   Evacuate Collection Set: 30.06ms
[747.989s][info][gc,phases   ] GC(131)   Post Evacuate Collection Set: 2.04ms
[747.989s][info][gc,phases   ] GC(131)   Other: 0.14ms
[747.989s][info][gc,heap     ] GC(131) Eden regions: 1215->0(1204)
[747.989s][info][gc,heap     ] GC(131) Survivor regions: 13->24(154)
[747.989s][info][gc,heap     ] GC(131) Old regions: 140->141
[747.989s][info][gc,heap     ] GC(131) Humongous regions: 0->0
[747.989s][info][gc,metaspace] GC(131) Metaspace: 134983K(136512K)->134983K(136512K) NonClass: 114059K(114752K)->114059K(114752K) Class: 20924K(21760K)->20924K(21760K)
[747.989s][info][gc          ] GC(131) Pause Young (Normal) (G1 Evacuation Pause) (Evacuation Failure: Pinned) 5468M->655M(8192M) 32.996ms
[747.989s][info][gc,cpu      ] GC(131) User=0.25s Sys=0.00s Real=0.03s
[753.770s][info][gc,start    ] GC(132) Pause Young (Normal) (G1 Evacuation Pause)
[753.770s][info][gc,task     ] GC(132) Using 8 workers of 8 for evacuation
[753.819s][info][gc,phases   ] GC(132)   Pre Evacuate Collection Set: 0.33ms
[753.819s][info][gc,phases   ] GC(132)   Merge Heap Roots: 0.12ms
[753.819s][info][gc,phases   ] GC(132)   Evacuate Collection Set: 46.16ms
[753.819s][info][gc,phases   ] GC(132)   Post Evacuate Collection Set: 2.13ms
[753.819s][info][gc,phases   ] GC(132)   Other: 0.09ms
[753.819s][info][gc,heap     ] GC(132) Eden regions: 1204->0(1192)
[753.819s][info][gc,heap     ] GC(132) Survivor regions: 24->36(154)
[753.819s][info][gc,heap     ] GC(132) Old regions: 141->140
[753.819s][info][gc,heap     ] GC(132) Humongous regions: 0->0
[753.819s][info][gc,metaspace] GC(132) Metaspace: 134985K(136576K)->134985K(136576K) NonClass: 114061K(114816K)->114061K(114816K) Class: 20924K(21760K)->20924K(21760K)
[753.819s][info][gc          ] GC(132) Pause Young (Normal) (G1 Evacuation Pause) 5471M->700M(8192M) 49.048ms
[753.819s][info][gc,cpu      ] GC(132) User=0.38s Sys=0.00s Real=0.05s
[759.405s][info][gc,start    ] GC(133) Pause Young (Normal) (G1 Evacuation Pause)
[759.405s][info][gc,task     ] GC(133) Using 8 workers of 8 for evacuation
[759.443s][info][gc,phases   ] GC(133)   Pre Evacuate Collection Set: 0.36ms
[759.443s][info][gc,phases   ] GC(133)   Merge Heap Roots: 0.19ms
[759.443s][info][gc,phases   ] GC(133)   Evacuate Collection Set: 34.90ms
[759.443s][info][gc,phases   ] GC(133)   Post Evacuate Collection Set: 2.02ms
[759.443s][info][gc,phases   ] GC(133)   Other: 0.09ms
[759.443s][info][gc,heap     ] GC(133) Eden regions: 1192->0(1200)
[759.443s][info][gc,heap     ] GC(133) Survivor regions: 36->28(154)
[759.443s][info][gc,heap     ] GC(133) Old regions: 140->140
[759.443s][info][gc,heap     ] GC(133) Humongous regions: 0->0
[759.443s][info][gc,metaspace] GC(133) Metaspace: 134990K(136576K)->134990K(136576K) NonClass: 114066K(114816K)->114066K(114816K) Class: 20924K(21760K)->20924K(21760K)
[759.443s][info][gc          ] GC(133) Pause Young (Normal) (G1 Evacuation Pause) 5468M->667M(8192M) 37.783ms
[759.443s][info][gc,cpu      ] GC(133) User=0.25s Sys=0.00s Real=0.04s
[767.201s][info][gc,start    ] GC(134) Pause Young (Normal) (G1 Evacuation Pause)
[767.201s][info][gc,task     ] GC(134) Using 8 workers of 8 for evacuation
[767.228s][info][gc,phases   ] GC(134)   Pre Evacuate Collection Set: 0.33ms
[767.228s][info][gc,phases   ] GC(134)   Merge Heap Roots: 0.13ms
[767.228s][info][gc,phases   ] GC(134)   Evacuate Collection Set: 24.61ms
[767.228s][info][gc,phases   ] GC(134)   Post Evacuate Collection Set: 1.88ms
[767.228s][info][gc,phases   ] GC(134)   Other: 0.08ms
[767.228s][info][gc,heap     ] GC(134) Eden regions: 1200->0(1208)
[767.228s][info][gc,heap     ] GC(134) Survivor regions: 28->20(154)
[767.228s][info][gc,heap     ] GC(134) Old regions: 140->140
[767.228s][info][gc,heap     ] GC(134) Humongous regions: 0->0
[767.228s][info][gc,metaspace] GC(134) Metaspace: 134991K(136576K)->134991K(136576K) NonClass: 114067K(114816K)->114067K(114816K) Class: 20924K(21760K)->20924K(21760K)
[767.228s][info][gc          ] GC(134) Pause Young (Normal) (G1 Evacuation Pause) 5467M->635M(8192M) 27.255ms
[767.228s][info][gc,cpu      ] GC(134) User=0.19s Sys=0.00s Real=0.03s
[773.323s][info][gc,start    ] GC(135) Pause Young (Normal) (G1 Evacuation Pause)
[773.323s][info][gc,task     ] GC(135) Using 8 workers of 8 for evacuation
[773.351s][info][gc,phases   ] GC(135)   Pre Evacuate Collection Set: 0.33ms
[773.351s][info][gc,phases   ] GC(135)   Merge Heap Roots: 0.12ms
[773.351s][info][gc,phases   ] GC(135)   Evacuate Collection Set: 25.55ms
[773.351s][info][gc,phases   ] GC(135)   Post Evacuate Collection Set: 1.88ms
[773.351s][info][gc,phases   ] GC(135)   Other: 0.08ms
[773.351s][info][gc,heap     ] GC(135) Eden regions: 1208->0(1204)
[773.351s][info][gc,heap     ] GC(135) Survivor regions: 20->24(154)
[773.351s][info][gc,heap     ] GC(135) Old regions: 140->140
[773.351s][info][gc,heap     ] GC(135) Humongous regions: 0->0
[773.351s][info][gc,metaspace] GC(135) Metaspace: 135001K(136576K)->135001K(136576K) NonClass: 114077K(114816K)->114077K(114816K) Class: 20924K(21760K)->20924K(21760K)
[773.351s][info][gc          ] GC(135) Pause Young (Normal) (G1 Evacuation Pause) 5467M->651M(8192M) 28.197ms
[773.351s][info][gc,cpu      ] GC(135) User=0.12s Sys=0.00s Real=0.03s
[778.862s][info][gc,start    ] GC(136) Pause Young (Normal) (G1 Evacuation Pause)
[778.863s][info][gc,task     ] GC(136) Using 8 workers of 8 for evacuation
[778.894s][info][gc,phases   ] GC(136)   Pre Evacuate Collection Set: 0.38ms
[778.894s][info][gc,phases   ] GC(136)   Merge Heap Roots: 0.18ms
[778.894s][info][gc,phases   ] GC(136)   Evacuate Collection Set: 28.59ms
[778.894s][info][gc,phases   ] GC(136)   Post Evacuate Collection Set: 1.92ms
[778.894s][info][gc,phases   ] GC(136)   Other: 0.08ms
[778.894s][info][gc,heap     ] GC(136) Eden regions: 1204->0(1204)
[778.894s][info][gc,heap     ] GC(136) Survivor regions: 24->24(154)
[778.894s][info][gc,heap     ] GC(136) Old regions: 140->140
[778.894s][info][gc,heap     ] GC(136) Humongous regions: 0->0
[778.894s][info][gc,metaspace] GC(136) Metaspace: 135002K(136576K)->135002K(136576K) NonClass: 114078K(114816K)->114078K(114816K) Class: 20924K(21760K)->20924K(21760K)
[778.894s][info][gc          ] GC(136) Pause Young (Normal) (G1 Evacuation Pause) 5467M->653M(8192M) 31.376ms
[778.894s][info][gc,cpu      ] GC(136) User=0.25s Sys=0.00s Real=0.03s
[785.257s][info][gc,start    ] GC(137) Pause Young (Normal) (G1 Evacuation Pause)
[785.257s][info][gc,task     ] GC(137) Using 8 workers of 8 for evacuation
[785.283s][info][gc,phases   ] GC(137)   Pre Evacuate Collection Set: 0.39ms
[785.283s][info][gc,phases   ] GC(137)   Merge Heap Roots: 0.12ms
[785.283s][info][gc,phases   ] GC(137)   Evacuate Collection Set: 22.69ms
[785.283s][info][gc,phases   ] GC(137)   Post Evacuate Collection Set: 2.06ms
[785.283s][info][gc,phases   ] GC(137)   Other: 0.09ms
[785.283s][info][gc,heap     ] GC(137) Eden regions: 1204->0(1209)
[785.283s][info][gc,heap     ] GC(137) Survivor regions: 24->19(154)
[785.283s][info][gc,heap     ] GC(137) Old regions: 140->140
[785.283s][info][gc,heap     ] GC(137) Humongous regions: 0->0
[785.283s][info][gc,metaspace] GC(137) Metaspace: 135017K(136576K)->135017K(136576K) NonClass: 114092K(114816K)->114092K(114816K) Class: 20924K(21760K)->20924K(21760K)
[785.283s][info][gc          ] GC(137) Pause Young (Normal) (G1 Evacuation Pause) 5469M->631M(8192M) 25.608ms
[785.283s][info][gc,cpu      ] GC(137) User=0.25s Sys=0.00s Real=0.02s
[791.327s][info][gc,start    ] GC(138) Pause Young (Normal) (G1 Evacuation Pause)
[791.327s][info][gc,task     ] GC(138) Using 8 workers of 8 for evacuation
[791.359s][info][gc,phases   ] GC(138)   Pre Evacuate Collection Set: 0.31ms
[791.359s][info][gc,phases   ] GC(138)   Merge Heap Roots: 0.14ms
[791.359s][info][gc,phases   ] GC(138)   Evacuate Collection Set: 28.44ms
[791.359s][info][gc,phases   ] GC(138)   Post Evacuate Collection Set: 2.57ms
[791.359s][info][gc,phases   ] GC(138)   Other: 0.11ms
[791.359s][info][gc,heap     ] GC(138) Eden regions: 1209->0(1203)
[791.359s][info][gc,heap     ] GC(138) Survivor regions: 19->25(154)
[791.359s][info][gc,heap     ] GC(138) Old regions: 140->140
[791.359s][info][gc,heap     ] GC(138) Humongous regions: 0->0
[791.359s][info][gc,metaspace] GC(138) Metaspace: 135017K(136576K)->135017K(136576K) NonClass: 114092K(114816K)->114092K(114816K) Class: 20924K(21760K)->20924K(21760K)
[791.359s][info][gc          ] GC(138) Pause Young (Normal) (G1 Evacuation Pause) 5467M->655M(8192M) 31.913ms
[791.359s][info][gc,cpu      ] GC(138) User=0.25s Sys=0.00s Real=0.03s
[796.907s][info][gc,start    ] GC(139) Pause Young (Normal) (G1 Evacuation Pause)
[796.907s][info][gc,task     ] GC(139) Using 8 workers of 8 for evacuation
[796.936s][info][gc,phases   ] GC(139)   Pre Evacuate Collection Set: 0.31ms
[796.936s][info][gc,phases   ] GC(139)   Merge Heap Roots: 0.14ms
[796.936s][info][gc,phases   ] GC(139)   Evacuate Collection Set: 25.86ms
[796.936s][info][gc,phases   ] GC(139)   Post Evacuate Collection Set: 1.82ms
[796.936s][info][gc,phases   ] GC(139)   Other: 0.08ms
[796.936s][info][gc,heap     ] GC(139) Eden regions: 1203->0(1205)
[796.936s][info][gc,heap     ] GC(139) Survivor regions: 25->23(154)
[796.936s][info][gc,heap     ] GC(139) Old regions: 140->140
[796.936s][info][gc,heap     ] GC(139) Humongous regions: 0->0
[796.936s][info][gc,metaspace] GC(139) Metaspace: 135019K(136576K)->135019K(136576K) NonClass: 114094K(114816K)->114094K(114816K) Class: 20924K(21760K)->20924K(21760K)
[796.936s][info][gc          ] GC(139) Pause Young (Normal) (G1 Evacuation Pause) 5467M->649M(8192M) 28.444ms
[796.936s][info][gc,cpu      ] GC(139) User=0.25s Sys=0.00s Real=0.03s
[803.208s][info][gc,start    ] GC(140) Pause Young (Normal) (G1 Evacuation Pause)
[803.208s][info][gc,task     ] GC(140) Using 8 workers of 8 for evacuation
[803.233s][info][gc,phases   ] GC(140)   Pre Evacuate Collection Set: 0.28ms
[803.233s][info][gc,phases   ] GC(140)   Merge Heap Roots: 0.12ms
[803.233s][info][gc,phases   ] GC(140)   Evacuate Collection Set: 22.48ms
[803.233s][info][gc,phases   ] GC(140)   Post Evacuate Collection Set: 2.00ms
[803.233s][info][gc,phases   ] GC(140)   Other: 0.08ms
[803.233s][info][gc,heap     ] GC(140) Eden regions: 1205->0(1210)
[803.233s][info][gc,heap     ] GC(140) Survivor regions: 23->18(154)
[803.233s][info][gc,heap     ] GC(140) Old regions: 140->140
[803.233s][info][gc,heap     ] GC(140) Humongous regions: 0->0
[803.233s][info][gc,metaspace] GC(140) Metaspace: 135019K(136576K)->135019K(136576K) NonClass: 114094K(114816K)->114094K(114816K) Class: 20924K(21760K)->20924K(21760K)
[803.233s][info][gc          ] GC(140) Pause Young (Normal) (G1 Evacuation Pause) 5469M->627M(8192M) 25.229ms
[803.233s][info][gc,cpu      ] GC(140) User=0.25s Sys=0.00s Real=0.03s
[810.095s][info][gc,start    ] GC(141) Pause Young (Normal) (G1 Evacuation Pause)
[810.095s][info][gc,task     ] GC(141) Using 8 workers of 8 for evacuation
[810.128s][info][gc,phases   ] GC(141)   Pre Evacuate Collection Set: 0.54ms
[810.128s][info][gc,phases   ] GC(141)   Merge Heap Roots: 0.19ms
[810.128s][info][gc,phases   ] GC(141)   Evacuate Collection Set: 29.55ms
[810.128s][info][gc,phases   ] GC(141)   Post Evacuate Collection Set: 2.06ms
[810.128s][info][gc,phases   ] GC(141)   Other: 0.12ms
[810.128s][info][gc,heap     ] GC(141) Eden regions: 1210->0(1209)
[810.128s][info][gc,heap     ] GC(141) Survivor regions: 18->19(154)
[810.128s][info][gc,heap     ] GC(141) Old regions: 140->140
[810.128s][info][gc,heap     ] GC(141) Humongous regions: 0->0
[810.128s][info][gc,metaspace] GC(141) Metaspace: 135019K(136576K)->135019K(136576K) NonClass: 114094K(114816K)->114094K(114816K) Class: 20924K(21760K)->20924K(21760K)
[810.128s][info][gc          ] GC(141) Pause Young (Normal) (G1 Evacuation Pause) 5467M->633M(8192M) 32.747ms
[810.128s][info][gc,cpu      ] GC(141) User=0.25s Sys=0.00s Real=0.03s
[816.032s][info][gc,start    ] GC(142) Pause Young (Normal) (G1 Evacuation Pause)
[816.032s][info][gc,task     ] GC(142) Using 8 workers of 8 for evacuation
[816.065s][info][gc,phases   ] GC(142)   Pre Evacuate Collection Set: 0.34ms
[816.065s][info][gc,phases   ] GC(142)   Merge Heap Roots: 0.13ms
[816.065s][info][gc,phases   ] GC(142)   Evacuate Collection Set: 30.90ms
[816.065s][info][gc,phases   ] GC(142)   Post Evacuate Collection Set: 1.97ms
[816.065s][info][gc,phases   ] GC(142)   Other: 0.08ms
[816.065s][info][gc,heap     ] GC(142) Eden regions: 1209->0(1202)
[816.065s][info][gc,heap     ] GC(142) Survivor regions: 19->26(154)
[816.065s][info][gc,heap     ] GC(142) Old regions: 140->140
[816.065s][info][gc,heap     ] GC(142) Humongous regions: 0->0
[816.065s][info][gc,metaspace] GC(142) Metaspace: 135019K(136576K)->135019K(136576K) NonClass: 114094K(114816K)->114094K(114816K) Class: 20924K(21760K)->20924K(21760K)
[816.065s][info][gc          ] GC(142) Pause Young (Normal) (G1 Evacuation Pause) 5469M->660M(8192M) 33.647ms
[816.065s][info][gc,cpu      ] GC(142) User=0.25s Sys=0.00s Real=0.03s
[821.599s][info][gc,start    ] GC(143) Pause Young (Normal) (G1 Evacuation Pause)
[821.599s][info][gc,task     ] GC(143) Using 8 workers of 8 for evacuation
[821.626s][info][gc,phases   ] GC(143)   Pre Evacuate Collection Set: 0.33ms
[821.626s][info][gc,phases   ] GC(143)   Merge Heap Roots: 0.14ms
[821.626s][info][gc,phases   ] GC(143)   Evacuate Collection Set: 24.49ms
[821.626s][info][gc,phases   ] GC(143)   Post Evacuate Collection Set: 2.20ms
[821.626s][info][gc,phases   ] GC(143)   Other: 0.08ms
[821.626s][info][gc,heap     ] GC(143) Eden regions: 1202->0(1208)
[821.626s][info][gc,heap     ] GC(143) Survivor regions: 26->20(154)
[821.626s][info][gc,heap     ] GC(143) Old regions: 140->140
[821.626s][info][gc,heap     ] GC(143) Humongous regions: 0->0
[821.626s][info][gc,metaspace] GC(143) Metaspace: 135022K(136576K)->135022K(136576K) NonClass: 114097K(114816K)->114097K(114816K) Class: 20924K(21760K)->20924K(21760K)
[821.626s][info][gc          ] GC(143) Pause Young (Normal) (G1 Evacuation Pause) 5468M->637M(8192M) 27.447ms
[821.626s][info][gc,cpu      ] GC(143) User=0.25s Sys=0.00s Real=0.03s
[829.364s][info][gc,start    ] GC(144) Pause Young (Normal) (G1 Evacuation Pause)
[829.364s][info][gc,task     ] GC(144) Using 8 workers of 8 for evacuation
[829.385s][info][gc,phases   ] GC(144)   Pre Evacuate Collection Set: 0.30ms
[829.385s][info][gc,phases   ] GC(144)   Merge Heap Roots: 0.14ms
[829.385s][info][gc,phases   ] GC(144)   Evacuate Collection Set: 18.17ms
[829.385s][info][gc,phases   ] GC(144)   Post Evacuate Collection Set: 2.10ms
[829.385s][info][gc,phases   ] GC(144)   Other: 0.09ms
[829.385s][info][gc,heap     ] GC(144) Eden regions: 1208->0(1213)
[829.385s][info][gc,heap     ] GC(144) Survivor regions: 20->15(154)
[829.385s][info][gc,heap     ] GC(144) Old regions: 140->140
[829.385s][info][gc,heap     ] GC(144) Humongous regions: 0->0
[829.385s][info][gc,metaspace] GC(144) Metaspace: 135024K(136576K)->135024K(136576K) NonClass: 114099K(114816K)->114099K(114816K) Class: 20924K(21760K)->20924K(21760K)
[829.385s][info][gc          ] GC(144) Pause Young (Normal) (G1 Evacuation Pause) 5469M->619M(8192M) 21.023ms
[829.385s][info][gc,cpu      ] GC(144) User=0.19s Sys=0.00s Real=0.02s
[835.627s][info][gc,start    ] GC(145) Pause Young (Normal) (G1 Evacuation Pause)
[835.627s][info][gc,task     ] GC(145) Using 8 workers of 8 for evacuation
[835.659s][info][gc,phases   ] GC(145)   Pre Evacuate Collection Set: 0.31ms
[835.659s][info][gc,phases   ] GC(145)   Merge Heap Roots: 0.12ms
[835.659s][info][gc,phases   ] GC(145)   Evacuate Collection Set: 29.41ms
[835.659s][info][gc,phases   ] GC(145)   Post Evacuate Collection Set: 1.92ms
[835.659s][info][gc,phases   ] GC(145)   Other: 0.09ms
[835.659s][info][gc,heap     ] GC(145) Eden regions: 1213->0(1203)
[835.659s][info][gc,heap     ] GC(145) Survivor regions: 15->25(154)
[835.659s][info][gc,heap     ] GC(145) Old regions: 140->140
[835.659s][info][gc,heap     ] GC(145) Humongous regions: 0->0
[835.659s][info][gc,metaspace] GC(145) Metaspace: 135026K(136576K)->135026K(136576K) NonClass: 114102K(114816K)->114102K(114816K) Class: 20924K(21760K)->20924K(21760K)
[835.659s][info][gc          ] GC(145) Pause Young (Normal) (G1 Evacuation Pause) 5471M->657M(8192M) 32.066ms
[835.659s][info][gc,cpu      ] GC(145) User=0.25s Sys=0.00s Real=0.03s
[840.787s][info][gc,start    ] GC(146) Pause Young (Normal) (G1 Evacuation Pause)
[840.787s][info][gc,task     ] GC(146) Using 8 workers of 8 for evacuation
[840.817s][info][gc,phases   ] GC(146)   Pre Evacuate Collection Set: 0.29ms
[840.817s][info][gc,phases   ] GC(146)   Merge Heap Roots: 0.12ms
[840.817s][info][gc,phases   ] GC(146)   Evacuate Collection Set: 27.09ms
[840.818s][info][gc,phases   ] GC(146)   Post Evacuate Collection Set: 2.38ms
[840.818s][info][gc,phases   ] GC(146)   Other: 0.11ms
[840.818s][info][gc,heap     ] GC(146) Eden regions: 1203->0(1206)
[840.818s][info][gc,heap     ] GC(146) Survivor regions: 25->22(154)
[840.818s][info][gc,heap     ] GC(146) Old regions: 140->140
[840.818s][info][gc,heap     ] GC(146) Humongous regions: 0->0
[840.818s][info][gc,metaspace] GC(146) Metaspace: 135034K(136576K)->135034K(136576K) NonClass: 114107K(114816K)->114107K(114816K) Class: 20926K(21760K)->20926K(21760K)
[840.818s][info][gc          ] GC(146) Pause Young (Normal) (G1 Evacuation Pause) 5469M->645M(8192M) 30.308ms
[840.818s][info][gc,cpu      ] GC(146) User=0.25s Sys=0.00s Real=0.03s
[847.870s][info][gc,start    ] GC(147) Pause Young (Normal) (G1 Evacuation Pause)
[847.871s][info][gc,task     ] GC(147) Using 8 workers of 8 for evacuation
[847.896s][info][gc,phases   ] GC(147)   Pre Evacuate Collection Set: 0.28ms
[847.896s][info][gc,phases   ] GC(147)   Merge Heap Roots: 0.12ms
[847.896s][info][gc,phases   ] GC(147)   Evacuate Collection Set: 23.05ms
[847.896s][info][gc,phases   ] GC(147)   Post Evacuate Collection Set: 1.81ms
[847.896s][info][gc,phases   ] GC(147)   Other: 0.09ms
[847.896s][info][gc,heap     ] GC(147) Eden regions: 1206->0(1209)
[847.896s][info][gc,heap     ] GC(147) Survivor regions: 22->19(154)
[847.896s][info][gc,heap     ] GC(147) Old regions: 140->140
[847.896s][info][gc,heap     ] GC(147) Humongous regions: 0->0
[847.896s][info][gc,metaspace] GC(147) Metaspace: 135035K(136576K)->135035K(136576K) NonClass: 114108K(114816K)->114108K(114816K) Class: 20926K(21760K)->20926K(21760K)
[847.896s][info][gc          ] GC(147) Pause Young (Normal) (G1 Evacuation Pause) 5469M->633M(8192M) 25.581ms
[847.896s][info][gc,cpu      ] GC(147) User=0.12s Sys=0.00s Real=0.03s
[855.144s][info][gc,start    ] GC(148) Pause Young (Normal) (G1 Evacuation Pause)
[855.144s][info][gc,task     ] GC(148) Using 8 workers of 8 for evacuation
[855.178s][info][gc,phases   ] GC(148)   Pre Evacuate Collection Set: 0.34ms
[855.178s][info][gc,phases   ] GC(148)   Merge Heap Roots: 0.13ms
[855.178s][info][gc,phases   ] GC(148)   Evacuate Collection Set: 31.41ms
[855.178s][info][gc,phases   ] GC(148)   Post Evacuate Collection Set: 2.29ms
[855.178s][info][gc,phases   ] GC(148)   Other: 0.12ms
[855.178s][info][gc,heap     ] GC(148) Eden regions: 1209->0(1204)
[855.178s][info][gc,heap     ] GC(148) Survivor regions: 19->24(154)
[855.178s][info][gc,heap     ] GC(148) Old regions: 140->140
[855.178s][info][gc,heap     ] GC(148) Humongous regions: 0->0
[855.178s][info][gc,metaspace] GC(148) Metaspace: 135035K(136576K)->135035K(136576K) NonClass: 114109K(114816K)->114109K(114816K) Class: 20926K(21760K)->20926K(21760K)
[855.178s][info][gc          ] GC(148) Pause Young (Normal) (G1 Evacuation Pause) 5469M->655M(8192M) 34.605ms
[855.178s][info][gc,cpu      ] GC(148) User=0.25s Sys=0.00s Real=0.03s
[861.255s][info][gc,start    ] GC(149) Pause Young (Normal) (G1 Evacuation Pause)
[861.255s][info][gc,task     ] GC(149) Using 8 workers of 8 for evacuation
[861.272s][info][gc,phases   ] GC(149)   Pre Evacuate Collection Set: 0.35ms
[861.272s][info][gc,phases   ] GC(149)   Merge Heap Roots: 0.13ms
[861.272s][info][gc,phases   ] GC(149)   Evacuate Collection Set: 15.09ms
[861.272s][info][gc,phases   ] GC(149)   Post Evacuate Collection Set: 1.77ms
[861.272s][info][gc,phases   ] GC(149)   Other: 0.08ms
[861.272s][info][gc,heap     ] GC(149) Eden regions: 1204->0(1215)
[861.272s][info][gc,heap     ] GC(149) Survivor regions: 24->13(154)
[861.272s][info][gc,heap     ] GC(149) Old regions: 140->140
[861.272s][info][gc,heap     ] GC(149) Humongous regions: 0->0
[861.272s][info][gc,metaspace] GC(149) Metaspace: 135035K(136576K)->135035K(136576K) NonClass: 114109K(114816K)->114109K(114816K) Class: 20926K(21760K)->20926K(21760K)
[861.272s][info][gc          ] GC(149) Pause Young (Normal) (G1 Evacuation Pause) 5471M->611M(8192M) 17.652ms
[861.272s][info][gc,cpu      ] GC(149) User=0.12s Sys=0.00s Real=0.02s
[868.145s][info][gc,start    ] GC(150) Pause Young (Normal) (G1 Evacuation Pause)
[868.145s][info][gc,task     ] GC(150) Using 8 workers of 8 for evacuation
[868.167s][info][gc,phases   ] GC(150)   Pre Evacuate Collection Set: 0.31ms
[868.167s][info][gc,phases   ] GC(150)   Merge Heap Roots: 0.14ms
[868.167s][info][gc,phases   ] GC(150)   Evacuate Collection Set: 19.52ms
[868.167s][info][gc,phases   ] GC(150)   Post Evacuate Collection Set: 1.86ms
[868.167s][info][gc,phases   ] GC(150)   Other: 0.09ms
[868.167s][info][gc,heap     ] GC(150) Eden regions: 1215->0(1211)
[868.167s][info][gc,heap     ] GC(150) Survivor regions: 13->17(154)
[868.167s][info][gc,heap     ] GC(150) Old regions: 140->141
[868.167s][info][gc,heap     ] GC(150) Humongous regions: 0->0
[868.167s][info][gc,metaspace] GC(150) Metaspace: 135036K(136576K)->135036K(136576K) NonClass: 114110K(114816K)->114110K(114816K) Class: 20926K(21760K)->20926K(21760K)
[868.167s][info][gc          ] GC(150) Pause Young (Normal) (G1 Evacuation Pause) 5471M->627M(8192M) 22.151ms
[868.167s][info][gc,cpu      ] GC(150) User=0.25s Sys=0.00s Real=0.02s
[874.494s][info][gc,start    ] GC(151) Pause Young (Normal) (G1 Evacuation Pause)
[874.494s][info][gc,task     ] GC(151) Using 8 workers of 8 for evacuation
[874.521s][info][gc,phases   ] GC(151)   Pre Evacuate Collection Set: 0.30ms
[874.521s][info][gc,phases   ] GC(151)   Merge Heap Roots: 0.11ms
[874.521s][info][gc,phases   ] GC(151)   Evacuate Collection Set: 23.69ms
[874.521s][info][gc,phases   ] GC(151)   Post Evacuate Collection Set: 1.92ms
[874.521s][info][gc,phases   ] GC(151)   Other: 0.09ms
[874.521s][info][gc,heap     ] GC(151) Eden regions: 1211->0(1207)
[874.521s][info][gc,heap     ] GC(151) Survivor regions: 17->21(154)
[874.521s][info][gc,heap     ] GC(151) Old regions: 141->141
[874.521s][info][gc,heap     ] GC(151) Humongous regions: 0->0
[874.521s][info][gc,metaspace] GC(151) Metaspace: 135036K(136576K)->135036K(136576K) NonClass: 114110K(114816K)->114110K(114816K) Class: 20926K(21760K)->20926K(21760K)
[874.521s][info][gc          ] GC(151) Pause Young (Normal) (G1 Evacuation Pause) 5471M->643M(8192M) 26.325ms
[874.521s][info][gc,cpu      ] GC(151) User=0.12s Sys=0.00s Real=0.03s
[879.526s][info][gc,start    ] GC(152) Pause Young (Normal) (G1 Evacuation Pause)
[879.526s][info][gc,task     ] GC(152) Using 8 workers of 8 for evacuation
[879.562s][info][gc,phases   ] GC(152)   Pre Evacuate Collection Set: 0.33ms
[879.562s][info][gc,phases   ] GC(152)   Merge Heap Roots: 0.12ms
[879.562s][info][gc,phases   ] GC(152)   Evacuate Collection Set: 33.54ms
[879.562s][info][gc,phases   ] GC(152)   Post Evacuate Collection Set: 2.16ms
[879.562s][info][gc,phases   ] GC(152)   Other: 0.09ms
[879.562s][info][gc,heap     ] GC(152) Eden regions: 1207->0(1199)
[879.562s][info][gc,heap     ] GC(152) Survivor regions: 21->29(154)
[879.562s][info][gc,heap     ] GC(152) Old regions: 141->142
[879.562s][info][gc,heap     ] GC(152) Humongous regions: 0->0
[879.562s][info][gc,metaspace] GC(152) Metaspace: 135045K(136576K)->135045K(136576K) NonClass: 114119K(114816K)->114119K(114816K) Class: 20926K(21760K)->20926K(21760K)
[879.562s][info][gc          ] GC(152) Pause Young (Normal) (G1 Evacuation Pause) (Evacuation Failure: Pinned) 5471M->680M(8192M) 36.448ms
[879.562s][info][gc,cpu      ] GC(152) User=0.25s Sys=0.00s Real=0.04s
[886.168s][info][gc,start    ] GC(153) Pause Young (Normal) (G1 Evacuation Pause)
[886.168s][info][gc,task     ] GC(153) Using 8 workers of 8 for evacuation
[886.192s][info][gc,phases   ] GC(153)   Pre Evacuate Collection Set: 0.32ms
[886.192s][info][gc,phases   ] GC(153)   Merge Heap Roots: 0.14ms
[886.192s][info][gc,phases   ] GC(153)   Evacuate Collection Set: 22.32ms
[886.192s][info][gc,phases   ] GC(153)   Post Evacuate Collection Set: 1.94ms
[886.192s][info][gc,phases   ] GC(153)   Other: 0.08ms
[886.193s][info][gc,heap     ] GC(153) Eden regions: 1199->0(1208)
[886.193s][info][gc,heap     ] GC(153) Survivor regions: 29->20(154)
[886.193s][info][gc,heap     ] GC(153) Old regions: 142->141
[886.193s][info][gc,heap     ] GC(153) Humongous regions: 0->0
[886.193s][info][gc,metaspace] GC(153) Metaspace: 135046K(136576K)->135046K(136576K) NonClass: 114119K(114816K)->114119K(114816K) Class: 20926K(21760K)->20926K(21760K)
[886.193s][info][gc          ] GC(153) Pause Young (Normal) (G1 Evacuation Pause) 5476M->638M(8192M) 25.041ms
[886.193s][info][gc,cpu      ] GC(153) User=0.12s Sys=0.00s Real=0.03s
[893.962s][info][gc,start    ] GC(154) Pause Young (Normal) (G1 Evacuation Pause)
[893.962s][info][gc,task     ] GC(154) Using 8 workers of 8 for evacuation
[893.988s][info][gc,phases   ] GC(154)   Pre Evacuate Collection Set: 0.32ms
[893.988s][info][gc,phases   ] GC(154)   Merge Heap Roots: 0.13ms
[893.988s][info][gc,phases   ] GC(154)   Evacuate Collection Set: 23.88ms
[893.988s][info][gc,phases   ] GC(154)   Post Evacuate Collection Set: 1.84ms
[893.988s][info][gc,phases   ] GC(154)   Other: 0.08ms
[893.988s][info][gc,heap     ] GC(154) Eden regions: 1208->0(1207)
[893.988s][info][gc,heap     ] GC(154) Survivor regions: 20->21(154)
[893.988s][info][gc,heap     ] GC(154) Old regions: 141->141
[893.988s][info][gc,heap     ] GC(154) Humongous regions: 0->0
[893.988s][info][gc,metaspace] GC(154) Metaspace: 135046K(136576K)->135046K(136576K) NonClass: 114120K(114816K)->114120K(114816K) Class: 20926K(21760K)->20926K(21760K)
[893.988s][info][gc          ] GC(154) Pause Young (Normal) (G1 Evacuation Pause) 5470M->644M(8192M) 26.486ms
[893.988s][info][gc,cpu      ] GC(154) User=0.11s Sys=0.00s Real=0.03s
[899.067s][info][gc,start    ] GC(155) Pause Young (Normal) (G1 Evacuation Pause)
[899.068s][info][gc,task     ] GC(155) Using 8 workers of 8 for evacuation
[899.116s][info][gc,phases   ] GC(155)   Pre Evacuate Collection Set: 0.34ms
[899.116s][info][gc,phases   ] GC(155)   Merge Heap Roots: 0.14ms
[899.116s][info][gc,phases   ] GC(155)   Evacuate Collection Set: 45.40ms
[899.116s][info][gc,phases   ] GC(155)   Post Evacuate Collection Set: 2.25ms
[899.116s][info][gc,phases   ] GC(155)   Other: 0.08ms
[899.116s][info][gc,heap     ] GC(155) Eden regions: 1207->0(1193)
[899.116s][info][gc,heap     ] GC(155) Survivor regions: 21->35(154)
[899.116s][info][gc,heap     ] GC(155) Old regions: 141->141
[899.116s][info][gc,heap     ] GC(155) Humongous regions: 0->0
[899.116s][info][gc,metaspace] GC(155) Metaspace: 135053K(136576K)->135053K(136576K) NonClass: 114127K(114816K)->114127K(114816K) Class: 20926K(21760K)->20926K(21760K)
[899.116s][info][gc          ] GC(155) Pause Young (Normal) (G1 Evacuation Pause) 5472M->698M(8192M) 48.443ms
[899.116s][info][gc,cpu      ] GC(155) User=0.38s Sys=0.00s Real=0.05s
[907.704s][info][gc,start    ] GC(156) Pause Young (Normal) (G1 Evacuation Pause)
[907.704s][info][gc,task     ] GC(156) Using 8 workers of 8 for evacuation
[907.729s][info][gc,phases   ] GC(156)   Pre Evacuate Collection Set: 0.32ms
[907.729s][info][gc,phases   ] GC(156)   Merge Heap Roots: 0.13ms
[907.729s][info][gc,phases   ] GC(156)   Evacuate Collection Set: 23.07ms
[907.729s][info][gc,phases   ] GC(156)   Post Evacuate Collection Set: 1.99ms
[907.729s][info][gc,phases   ] GC(156)   Other: 0.08ms
[907.729s][info][gc,heap     ] GC(156) Eden regions: 1193->0(1209)
[907.729s][info][gc,heap     ] GC(156) Survivor regions: 35->19(154)
[907.729s][info][gc,heap     ] GC(156) Old regions: 141->141
[907.729s][info][gc,heap     ] GC(156) Humongous regions: 0->0
[907.729s][info][gc,metaspace] GC(156) Metaspace: 135056K(136576K)->135056K(136576K) NonClass: 114129K(114816K)->114129K(114816K) Class: 20926K(21760K)->20926K(21760K)
[907.729s][info][gc          ] GC(156) Pause Young (Normal) (G1 Evacuation Pause) 5470M->636M(8192M) 25.827ms
[907.729s][info][gc,cpu      ] GC(156) User=0.25s Sys=0.00s Real=0.03s
[913.841s][info][gc,start    ] GC(157) Pause Young (Normal) (G1 Evacuation Pause)
[913.841s][info][gc,task     ] GC(157) Using 8 workers of 8 for evacuation
[913.867s][info][gc,phases   ] GC(157)   Pre Evacuate Collection Set: 0.31ms
[913.867s][info][gc,phases   ] GC(157)   Merge Heap Roots: 0.12ms
[913.867s][info][gc,phases   ] GC(157)   Evacuate Collection Set: 23.36ms
[913.867s][info][gc,phases   ] GC(157)   Post Evacuate Collection Set: 2.31ms
[913.867s][info][gc,phases   ] GC(157)   Other: 0.08ms
[913.867s][info][gc,heap     ] GC(157) Eden regions: 1209->0(1206)
[913.867s][info][gc,heap     ] GC(157) Survivor regions: 19->22(154)
[913.867s][info][gc,heap     ] GC(157) Old regions: 141->141
[913.867s][info][gc,heap     ] GC(157) Humongous regions: 0->0
[913.867s][info][gc,metaspace] GC(157) Metaspace: 135057K(136576K)->135057K(136576K) NonClass: 114131K(114816K)->114131K(114816K) Class: 20926K(21760K)->20926K(21760K)
[913.867s][info][gc          ] GC(157) Pause Young (Normal) (G1 Evacuation Pause) 5472M->646M(8192M) 26.400ms
[913.867s][info][gc,cpu      ] GC(157) User=0.12s Sys=0.00s Real=0.03s
[919.310s][info][gc,start    ] GC(158) Pause Young (Normal) (G1 Evacuation Pause)
[919.310s][info][gc,task     ] GC(158) Using 8 workers of 8 for evacuation
[919.345s][info][gc,phases   ] GC(158)   Pre Evacuate Collection Set: 0.34ms
[919.345s][info][gc,phases   ] GC(158)   Merge Heap Roots: 0.13ms
[919.345s][info][gc,phases   ] GC(158)   Evacuate Collection Set: 32.34ms
[919.345s][info][gc,phases   ] GC(158)   Post Evacuate Collection Set: 1.91ms
[919.345s][info][gc,phases   ] GC(158)   Other: 0.09ms
[919.345s][info][gc,heap     ] GC(158) Eden regions: 1206->0(1197)
[919.345s][info][gc,heap     ] GC(158) Survivor regions: 22->31(154)
[919.345s][info][gc,heap     ] GC(158) Old regions: 141->141
[919.345s][info][gc,heap     ] GC(158) Humongous regions: 0->0
[919.345s][info][gc,metaspace] GC(158) Metaspace: 135064K(136576K)->135064K(136576K) NonClass: 114137K(114816K)->114137K(114816K) Class: 20926K(21760K)->20926K(21760K)
[919.345s][info][gc          ] GC(158) Pause Young (Normal) (G1 Evacuation Pause) 5470M->682M(8192M) 35.055ms
[919.345s][info][gc,cpu      ] GC(158) User=0.25s Sys=0.00s Real=0.04s
[927.193s][info][gc,start    ] GC(159) Pause Young (Normal) (G1 Evacuation Pause)
[927.193s][info][gc,task     ] GC(159) Using 8 workers of 8 for evacuation
[927.221s][info][gc,phases   ] GC(159)   Pre Evacuate Collection Set: 0.31ms
[927.221s][info][gc,phases   ] GC(159)   Merge Heap Roots: 0.14ms
[927.221s][info][gc,phases   ] GC(159)   Evacuate Collection Set: 24.72ms
[927.221s][info][gc,phases   ] GC(159)   Post Evacuate Collection Set: 1.85ms
[927.221s][info][gc,phases   ] GC(159)   Other: 0.08ms
[927.221s][info][gc,heap     ] GC(159) Eden regions: 1197->0(1208)
[927.221s][info][gc,heap     ] GC(159) Survivor regions: 31->20(154)
[927.221s][info][gc,heap     ] GC(159) Old regions: 141->141
[927.221s][info][gc,heap     ] GC(159) Humongous regions: 0->0
[927.221s][info][gc,metaspace] GC(159) Metaspace: 135070K(136640K)->135070K(136640K) NonClass: 114141K(114880K)->114141K(114880K) Class: 20928K(21760K)->20928K(21760K)
[927.221s][info][gc          ] GC(159) Pause Young (Normal) (G1 Evacuation Pause) 5470M->640M(8192M) 27.327ms
[927.221s][info][gc,cpu      ] GC(159) User=0.25s Sys=0.00s Real=0.03s
[933.782s][info][gc,start    ] GC(160) Pause Young (Normal) (G1 Evacuation Pause)
[933.782s][info][gc,task     ] GC(160) Using 8 workers of 8 for evacuation
[933.816s][info][gc,phases   ] GC(160)   Pre Evacuate Collection Set: 0.28ms
[933.816s][info][gc,phases   ] GC(160)   Merge Heap Roots: 0.14ms
[933.816s][info][gc,phases   ] GC(160)   Evacuate Collection Set: 31.77ms
[933.816s][info][gc,phases   ] GC(160)   Post Evacuate Collection Set: 1.91ms
[933.816s][info][gc,phases   ] GC(160)   Other: 0.09ms
[933.816s][info][gc,heap     ] GC(160) Eden regions: 1208->0(1203)
[933.816s][info][gc,heap     ] GC(160) Survivor regions: 20->25(154)
[933.816s][info][gc,heap     ] GC(160) Old regions: 141->141
[933.816s][info][gc,heap     ] GC(160) Humongous regions: 0->0
[933.816s][info][gc,metaspace] GC(160) Metaspace: 135079K(136640K)->135079K(136640K) NonClass: 114149K(114880K)->114149K(114880K) Class: 20929K(21760K)->20929K(21760K)
[933.816s][info][gc          ] GC(160) Pause Young (Normal) (G1 Evacuation Pause) 5472M->660M(8192M) 34.410ms
[933.816s][info][gc,cpu      ] GC(160) User=0.25s Sys=0.00s Real=0.04s
[940.471s][info][gc,start    ] GC(161) Pause Young (Normal) (G1 Evacuation Pause)
[940.471s][info][gc,task     ] GC(161) Using 8 workers of 8 for evacuation
[940.501s][info][gc,phases   ] GC(161)   Pre Evacuate Collection Set: 0.35ms
[940.501s][info][gc,phases   ] GC(161)   Merge Heap Roots: 0.16ms
[940.501s][info][gc,phases   ] GC(161)   Evacuate Collection Set: 28.16ms
[940.501s][info][gc,phases   ] GC(161)   Post Evacuate Collection Set: 1.94ms
[940.502s][info][gc,phases   ] GC(161)   Other: 0.08ms
[940.502s][info][gc,heap     ] GC(161) Eden regions: 1203->0(1204)
[940.502s][info][gc,heap     ] GC(161) Survivor regions: 25->24(154)
[940.502s][info][gc,heap     ] GC(161) Old regions: 141->141
[940.502s][info][gc,heap     ] GC(161) Humongous regions: 0->0
[940.502s][info][gc,metaspace] GC(161) Metaspace: 135092K(136640K)->135092K(136640K) NonClass: 114160K(114880K)->114160K(114880K) Class: 20931K(21760K)->20931K(21760K)
[940.502s][info][gc          ] GC(161) Pause Young (Normal) (G1 Evacuation Pause) 5472M->654M(8192M) 30.910ms
[940.502s][info][gc,cpu      ] GC(161) User=0.25s Sys=0.00s Real=0.03s
[945.659s][info][gc,start    ] GC(162) Pause Young (Normal) (G1 Evacuation Pause)
[945.659s][info][gc,task     ] GC(162) Using 8 workers of 8 for evacuation
[945.692s][info][gc,phases   ] GC(162)   Pre Evacuate Collection Set: 0.32ms
[945.692s][info][gc,phases   ] GC(162)   Merge Heap Roots: 0.14ms
[945.692s][info][gc,phases   ] GC(162)   Evacuate Collection Set: 30.51ms
[945.692s][info][gc,phases   ] GC(162)   Post Evacuate Collection Set: 1.86ms
[945.692s][info][gc,phases   ] GC(162)   Other: 0.07ms
[945.692s][info][gc,heap     ] GC(162) Eden regions: 1204->0(1201)
[945.692s][info][gc,heap     ] GC(162) Survivor regions: 24->27(154)
[945.692s][info][gc,heap     ] GC(162) Old regions: 141->141
[945.692s][info][gc,heap     ] GC(162) Humongous regions: 0->0
[945.692s][info][gc,metaspace] GC(162) Metaspace: 135092K(136640K)->135092K(136640K) NonClass: 114160K(114880K)->114160K(114880K) Class: 20931K(21760K)->20931K(21760K)
[945.692s][info][gc          ] GC(162) Pause Young (Normal) (G1 Evacuation Pause) 5470M->669M(8192M) 33.135ms
[945.692s][info][gc,cpu      ] GC(162) User=0.25s Sys=0.00s Real=0.03s
[952.222s][info][gc,start    ] GC(163) Pause Young (Normal) (G1 Evacuation Pause)
[952.222s][info][gc,task     ] GC(163) Using 8 workers of 8 for evacuation
[952.264s][info][gc,phases   ] GC(163)   Pre Evacuate Collection Set: 0.29ms
[952.264s][info][gc,phases   ] GC(163)   Merge Heap Roots: 0.13ms
[952.264s][info][gc,phases   ] GC(163)   Evacuate Collection Set: 39.82ms
[952.264s][info][gc,phases   ] GC(163)   Post Evacuate Collection Set: 2.06ms
[952.264s][info][gc,phases   ] GC(163)   Other: 0.09ms
[952.264s][info][gc,heap     ] GC(163) Eden regions: 1201->0(1203)
[952.264s][info][gc,heap     ] GC(163) Survivor regions: 27->25(154)
[952.264s][info][gc,heap     ] GC(163) Old regions: 141->141
[952.264s][info][gc,heap     ] GC(163) Humongous regions: 0->0
[952.264s][info][gc,metaspace] GC(163) Metaspace: 135167K(136704K)->135167K(136704K) NonClass: 114235K(114944K)->114235K(114944K) Class: 20932K(21760K)->20932K(21760K)
[952.265s][info][gc          ] GC(163) Pause Young (Normal) (G1 Evacuation Pause) 5473M->663M(8192M) 42.637ms
[952.265s][info][gc,cpu      ] GC(163) User=0.38s Sys=0.00s Real=0.04s
[960.377s][info][gc,start    ] GC(164) Pause Young (Normal) (G1 Evacuation Pause)
[960.377s][info][gc,task     ] GC(164) Using 8 workers of 8 for evacuation
[960.402s][info][gc,phases   ] GC(164)   Pre Evacuate Collection Set: 0.33ms
[960.402s][info][gc,phases   ] GC(164)   Merge Heap Roots: 0.18ms
[960.402s][info][gc,phases   ] GC(164)   Evacuate Collection Set: 22.98ms
[960.402s][info][gc,phases   ] GC(164)   Post Evacuate Collection Set: 2.11ms
[960.402s][info][gc,phases   ] GC(164)   Other: 0.08ms
[960.402s][info][gc,heap     ] GC(164) Eden regions: 1203->0(1208)
[960.402s][info][gc,heap     ] GC(164) Survivor regions: 25->20(154)
[960.402s][info][gc,heap     ] GC(164) Old regions: 141->141
[960.402s][info][gc,heap     ] GC(164) Humongous regions: 0->0
[960.402s][info][gc,metaspace] GC(164) Metaspace: 135177K(136704K)->135177K(136704K) NonClass: 114245K(114944K)->114245K(114944K) Class: 20932K(21760K)->20932K(21760K)
[960.403s][info][gc          ] GC(164) Pause Young (Normal) (G1 Evacuation Pause) 5475M->643M(8192M) 25.928ms
[960.403s][info][gc,cpu      ] GC(164) User=0.25s Sys=0.00s Real=0.02s
[967.556s][info][gc,start    ] GC(165) Pause Young (Normal) (G1 Evacuation Pause)
[967.556s][info][gc,task     ] GC(165) Using 8 workers of 8 for evacuation
[967.593s][info][gc,phases   ] GC(165)   Pre Evacuate Collection Set: 0.32ms
[967.593s][info][gc,phases   ] GC(165)   Merge Heap Roots: 0.15ms
[967.593s][info][gc,phases   ] GC(165)   Evacuate Collection Set: 34.59ms
[967.593s][info][gc,phases   ] GC(165)   Post Evacuate Collection Set: 2.10ms
[967.593s][info][gc,phases   ] GC(165)   Other: 0.08ms
[967.593s][info][gc,heap     ] GC(165) Eden regions: 1208->0(1197)
[967.593s][info][gc,heap     ] GC(165) Survivor regions: 20->31(154)
[967.593s][info][gc,heap     ] GC(165) Old regions: 141->142
[967.593s][info][gc,heap     ] GC(165) Humongous regions: 0->0
[967.593s][info][gc,metaspace] GC(165) Metaspace: 135177K(136704K)->135177K(136704K) NonClass: 114245K(114944K)->114245K(114944K) Class: 20932K(21760K)->20932K(21760K)
[967.593s][info][gc          ] GC(165) Pause Young (Normal) (G1 Evacuation Pause) (Evacuation Failure: Pinned) 5475M->689M(8192M) 37.472ms
[967.593s][info][gc,cpu      ] GC(165) User=0.25s Sys=0.00s Real=0.04s
[973.828s][info][gc,start    ] GC(166) Pause Young (Normal) (G1 Evacuation Pause)
[973.828s][info][gc,task     ] GC(166) Using 8 workers of 8 for evacuation
[973.858s][info][gc,phases   ] GC(166)   Pre Evacuate Collection Set: 0.38ms
[973.858s][info][gc,phases   ] GC(166)   Merge Heap Roots: 0.20ms
[973.858s][info][gc,phases   ] GC(166)   Evacuate Collection Set: 27.07ms
[973.858s][info][gc,phases   ] GC(166)   Post Evacuate Collection Set: 1.90ms
[973.858s][info][gc,phases   ] GC(166)   Other: 0.08ms
[973.858s][info][gc,heap     ] GC(166) Eden regions: 1197->0(1204)
[973.858s][info][gc,heap     ] GC(166) Survivor regions: 31->24(154)
[973.858s][info][gc,heap     ] GC(166) Old regions: 142->141
[973.858s][info][gc,heap     ] GC(166) Humongous regions: 0->0
[973.858s][info][gc,metaspace] GC(166) Metaspace: 135177K(136704K)->135177K(136704K) NonClass: 114245K(114944K)->114245K(114944K) Class: 20932K(21760K)->20932K(21760K)
[973.858s][info][gc          ] GC(166) Pause Young (Normal) (G1 Evacuation Pause) 5477M->657M(8192M) 29.847ms
[973.858s][info][gc,cpu      ] GC(166) User=0.25s Sys=0.00s Real=0.03s
[980.864s][info][gc,start    ] GC(167) Pause Young (Normal) (G1 Evacuation Pause)
[980.864s][info][gc,task     ] GC(167) Using 8 workers of 8 for evacuation
[980.888s][info][gc,phases   ] GC(167)   Pre Evacuate Collection Set: 0.32ms
[980.888s][info][gc,phases   ] GC(167)   Merge Heap Roots: 0.15ms
[980.888s][info][gc,phases   ] GC(167)   Evacuate Collection Set: 21.51ms
[980.888s][info][gc,phases   ] GC(167)   Post Evacuate Collection Set: 1.99ms
[980.888s][info][gc,phases   ] GC(167)   Other: 0.08ms
[980.888s][info][gc,heap     ] GC(167) Eden regions: 1204->0(1209)
[980.888s][info][gc,heap     ] GC(167) Survivor regions: 24->19(154)
[980.888s][info][gc,heap     ] GC(167) Old regions: 141->141
[980.888s][info][gc,heap     ] GC(167) Humongous regions: 0->0
[980.889s][info][gc,metaspace] GC(167) Metaspace: 135177K(136704K)->135177K(136704K) NonClass: 114245K(114944K)->114245K(114944K) Class: 20932K(21760K)->20932K(21760K)
[980.889s][info][gc          ] GC(167) Pause Young (Normal) (G1 Evacuation Pause) 5473M->639M(8192M) 24.287ms
[980.889s][info][gc,cpu      ] GC(167) User=0.25s Sys=0.00s Real=0.03s
[986.808s][info][gc,start    ] GC(168) Pause Young (Normal) (G1 Evacuation Pause)
[986.808s][info][gc,task     ] GC(168) Using 8 workers of 8 for evacuation
[986.841s][info][gc,phases   ] GC(168)   Pre Evacuate Collection Set: 0.35ms
[986.841s][info][gc,phases   ] GC(168)   Merge Heap Roots: 0.15ms
[986.841s][info][gc,phases   ] GC(168)   Evacuate Collection Set: 30.51ms
[986.841s][info][gc,phases   ] GC(168)   Post Evacuate Collection Set: 1.88ms
[986.841s][info][gc,phases   ] GC(168)   Other: 0.09ms
[986.841s][info][gc,heap     ] GC(168) Eden regions: 1209->0(1199)
[986.841s][info][gc,heap     ] GC(168) Survivor regions: 19->29(154)
[986.841s][info][gc,heap     ] GC(168) Old regions: 141->141
[986.841s][info][gc,heap     ] GC(168) Humongous regions: 0->0
[986.841s][info][gc,metaspace] GC(168) Metaspace: 135177K(136704K)->135177K(136704K) NonClass: 114245K(114944K)->114245K(114944K) Class: 20932K(21760K)->20932K(21760K)
[986.841s][info][gc          ] GC(168) Pause Young (Normal) (G1 Evacuation Pause) 5475M->679M(8192M) 33.199ms
[986.841s][info][gc,cpu      ] GC(168) User=0.25s Sys=0.00s Real=0.03s
[993.339s][info][gc,start    ] GC(169) Pause Young (Normal) (G1 Evacuation Pause)
[993.339s][info][gc,task     ] GC(169) Using 8 workers of 8 for evacuation
[993.369s][info][gc,phases   ] GC(169)   Pre Evacuate Collection Set: 0.34ms
[993.369s][info][gc,phases   ] GC(169)   Merge Heap Roots: 0.16ms
[993.369s][info][gc,phases   ] GC(169)   Evacuate Collection Set: 27.50ms
[993.369s][info][gc,phases   ] GC(169)   Post Evacuate Collection Set: 1.97ms
[993.369s][info][gc,phases   ] GC(169)   Other: 0.08ms
[993.369s][info][gc,heap     ] GC(169) Eden regions: 1199->0(1205)
[993.369s][info][gc,heap     ] GC(169) Survivor regions: 29->23(154)
[993.369s][info][gc,heap     ] GC(169) Old regions: 141->142
[993.369s][info][gc,heap     ] GC(169) Humongous regions: 0->0
[993.369s][info][gc,metaspace] GC(169) Metaspace: 135177K(136704K)->135177K(136704K) NonClass: 114245K(114944K)->114245K(114944K) Class: 20932K(21760K)->20932K(21760K)
[993.369s][info][gc          ] GC(169) Pause Young (Normal) (G1 Evacuation Pause) (Evacuation Failure: Pinned) 5475M->659M(8192M) 30.283ms
[993.369s][info][gc,cpu      ] GC(169) User=0.25s Sys=0.00s Real=0.03s
[999.984s][info][gc,start    ] GC(170) Pause Young (Normal) (G1 Evacuation Pause)
[999.984s][info][gc,task     ] GC(170) Using 8 workers of 8 for evacuation
[1000.009s][info][gc,phases   ] GC(170)   Pre Evacuate Collection Set: 0.40ms
[1000.009s][info][gc,phases   ] GC(170)   Merge Heap Roots: 0.15ms
[1000.009s][info][gc,phases   ] GC(170)   Evacuate Collection Set: 22.49ms
[1000.009s][info][gc,phases   ] GC(170)   Post Evacuate Collection Set: 1.91ms
[1000.009s][info][gc,phases   ] GC(170)   Other: 0.08ms
[1000.009s][info][gc,heap     ] GC(170) Eden regions: 1205->0(1208)
[1000.009s][info][gc,heap     ] GC(170) Survivor regions: 23->20(154)
[1000.009s][info][gc,heap     ] GC(170) Old regions: 142->141
[1000.009s][info][gc,heap     ] GC(170) Humongous regions: 0->0
[1000.009s][info][gc,metaspace] GC(170) Metaspace: 135185K(136704K)->135185K(136704K) NonClass: 114253K(114944K)->114253K(114944K) Class: 20932K(21760K)->20932K(21760K)
[1000.009s][info][gc          ] GC(170) Pause Young (Normal) (G1 Evacuation Pause) 5479M->641M(8192M) 25.250ms
[1000.009s][info][gc,cpu      ] GC(170) User=0.19s Sys=0.00s Real=0.02s
[1007.365s][info][gc,start    ] GC(171) Pause Young (Normal) (G1 Evacuation Pause)
[1007.365s][info][gc,task     ] GC(171) Using 8 workers of 8 for evacuation
[1007.396s][info][gc,phases   ] GC(171)   Pre Evacuate Collection Set: 0.25ms
[1007.396s][info][gc,phases   ] GC(171)   Merge Heap Roots: 0.13ms
[1007.396s][info][gc,phases   ] GC(171)   Evacuate Collection Set: 28.92ms
[1007.396s][info][gc,phases   ] GC(171)   Post Evacuate Collection Set: 1.88ms
[1007.396s][info][gc,phases   ] GC(171)   Other: 0.08ms
[1007.396s][info][gc,heap     ] GC(171) Eden regions: 1208->0(1203)
[1007.396s][info][gc,heap     ] GC(171) Survivor regions: 20->25(154)
[1007.396s][info][gc,heap     ] GC(171) Old regions: 141->141
[1007.396s][info][gc,heap     ] GC(171) Humongous regions: 0->0
[1007.396s][info][gc,metaspace] GC(171) Metaspace: 135185K(136704K)->135185K(136704K) NonClass: 114253K(114944K)->114253K(114944K) Class: 20932K(21760K)->20932K(21760K)
[1007.396s][info][gc          ] GC(171) Pause Young (Normal) (G1 Evacuation Pause) 5473M->661M(8192M) 31.498ms
[1007.396s][info][gc,cpu      ] GC(171) User=0.25s Sys=0.00s Real=0.03s
[1013.473s][info][gc,start    ] GC(172) Pause Young (Normal) (G1 Evacuation Pause)
[1013.473s][info][gc,task     ] GC(172) Using 8 workers of 8 for evacuation
[1013.507s][info][gc,phases   ] GC(172)   Pre Evacuate Collection Set: 0.34ms
[1013.507s][info][gc,phases   ] GC(172)   Merge Heap Roots: 0.15ms
[1013.507s][info][gc,phases   ] GC(172)   Evacuate Collection Set: 31.26ms
[1013.507s][info][gc,phases   ] GC(172)   Post Evacuate Collection Set: 1.85ms
[1013.507s][info][gc,phases   ] GC(172)   Other: 0.08ms
[1013.507s][info][gc,heap     ] GC(172) Eden regions: 1203->0(1200)
[1013.507s][info][gc,heap     ] GC(172) Survivor regions: 25->28(154)
[1013.507s][info][gc,heap     ] GC(172) Old regions: 141->141
[1013.507s][info][gc,heap     ] GC(172) Humongous regions: 0->0
[1013.507s][info][gc,metaspace] GC(172) Metaspace: 135187K(136704K)->135187K(136704K) NonClass: 114254K(114944K)->114254K(114944K) Class: 20932K(21760K)->20932K(21760K)
[1013.507s][info][gc          ] GC(172) Pause Young (Normal) (G1 Evacuation Pause) 5473M->675M(8192M) 33.929ms
[1013.507s][info][gc,cpu      ] GC(172) User=0.25s Sys=0.00s Real=0.03s
[1021.296s][info][gc,start    ] GC(173) Pause Young (Normal) (G1 Evacuation Pause)
[1021.296s][info][gc,task     ] GC(173) Using 8 workers of 8 for evacuation
[1021.324s][info][gc,phases   ] GC(173)   Pre Evacuate Collection Set: 0.32ms
[1021.324s][info][gc,phases   ] GC(173)   Merge Heap Roots: 0.13ms
[1021.324s][info][gc,phases   ] GC(173)   Evacuate Collection Set: 25.19ms
[1021.324s][info][gc,phases   ] GC(173)   Post Evacuate Collection Set: 1.80ms
[1021.324s][info][gc,phases   ] GC(173)   Other: 0.09ms
[1021.324s][info][gc,heap     ] GC(173) Eden regions: 1200->0(1206)
[1021.324s][info][gc,heap     ] GC(173) Survivor regions: 28->22(154)
[1021.324s][info][gc,heap     ] GC(173) Old regions: 141->141
[1021.324s][info][gc,heap     ] GC(173) Humongous regions: 0->0
[1021.324s][info][gc,metaspace] GC(173) Metaspace: 135193K(136768K)->135193K(136768K) NonClass: 114260K(115008K)->114260K(115008K) Class: 20932K(21760K)->20932K(21760K)
[1021.324s][info][gc          ] GC(173) Pause Young (Normal) (G1 Evacuation Pause) 5475M->651M(8192M) 27.769ms
[1021.324s][info][gc,cpu      ] GC(173) User=0.25s Sys=0.00s Real=0.03s
[1027.356s][info][gc,start    ] GC(174) Pause Young (Normal) (G1 Evacuation Pause)
[1027.356s][info][gc,task     ] GC(174) Using 8 workers of 8 for evacuation
[1027.391s][info][gc,phases   ] GC(174)   Pre Evacuate Collection Set: 0.30ms
[1027.391s][info][gc,phases   ] GC(174)   Merge Heap Roots: 0.14ms
[1027.391s][info][gc,phases   ] GC(174)   Evacuate Collection Set: 33.10ms
[1027.391s][info][gc,phases   ] GC(174)   Post Evacuate Collection Set: 2.09ms
[1027.391s][info][gc,phases   ] GC(174)   Other: 0.08ms
[1027.391s][info][gc,heap     ] GC(174) Eden regions: 1206->0(1200)
[1027.391s][info][gc,heap     ] GC(174) Survivor regions: 22->28(154)
[1027.391s][info][gc,heap     ] GC(174) Old regions: 141->142
[1027.391s][info][gc,heap     ] GC(174) Humongous regions: 0->0
[1027.391s][info][gc,metaspace] GC(174) Metaspace: 135194K(136768K)->135194K(136768K) NonClass: 114261K(115008K)->114261K(115008K) Class: 20932K(21760K)->20932K(21760K)
[1027.391s][info][gc          ] GC(174) Pause Young (Normal) (G1 Evacuation Pause) 5475M->676M(8192M) 35.954ms
[1027.391s][info][gc,cpu      ] GC(174) User=0.25s Sys=0.00s Real=0.04s
[1033.482s][info][gc,start    ] GC(175) Pause Young (Normal) (G1 Evacuation Pause)
[1033.482s][info][gc,task     ] GC(175) Using 8 workers of 8 for evacuation
[1033.508s][info][gc,phases   ] GC(175)   Pre Evacuate Collection Set: 0.30ms
[1033.508s][info][gc,phases   ] GC(175)   Merge Heap Roots: 0.13ms
[1033.508s][info][gc,phases   ] GC(175)   Evacuate Collection Set: 23.57ms
[1033.508s][info][gc,phases   ] GC(175)   Post Evacuate Collection Set: 1.82ms
[1033.508s][info][gc,phases   ] GC(175)   Other: 0.08ms
[1033.508s][info][gc,heap     ] GC(175) Eden regions: 1200->0(1207)
[1033.508s][info][gc,heap     ] GC(175) Survivor regions: 28->21(154)
[1033.508s][info][gc,heap     ] GC(175) Old regions: 142->142
[1033.508s][info][gc,heap     ] GC(175) Humongous regions: 0->0
[1033.508s][info][gc,metaspace] GC(175) Metaspace: 135194K(136768K)->135194K(136768K) NonClass: 114261K(115008K)->114261K(115008K) Class: 20932K(21760K)->20932K(21760K)
[1033.508s][info][gc          ] GC(175) Pause Young (Normal) (G1 Evacuation Pause) 5476M->647M(8192M) 26.149ms
[1033.508s][info][gc,cpu      ] GC(175) User=0.12s Sys=0.00s Real=0.03s
[1040.348s][info][gc,start    ] GC(176) Pause Young (Normal) (G1 Evacuation Pause)
[1040.348s][info][gc,task     ] GC(176) Using 8 workers of 8 for evacuation
[1040.376s][info][gc,phases   ] GC(176)   Pre Evacuate Collection Set: 0.32ms
[1040.376s][info][gc,phases   ] GC(176)   Merge Heap Roots: 0.17ms
[1040.376s][info][gc,phases   ] GC(176)   Evacuate Collection Set: 24.94ms
[1040.376s][info][gc,phases   ] GC(176)   Post Evacuate Collection Set: 1.87ms
[1040.376s][info][gc,phases   ] GC(176)   Other: 0.08ms
[1040.376s][info][gc,heap     ] GC(176) Eden regions: 1207->0(1207)
[1040.376s][info][gc,heap     ] GC(176) Survivor regions: 21->21(154)
[1040.376s][info][gc,heap     ] GC(176) Old regions: 142->142
[1040.376s][info][gc,heap     ] GC(176) Humongous regions: 0->0
[1040.376s][info][gc,metaspace] GC(176) Metaspace: 135194K(136768K)->135194K(136768K) NonClass: 114261K(115008K)->114261K(115008K) Class: 20932K(21760K)->20932K(21760K)
[1040.376s][info][gc          ] GC(176) Pause Young (Normal) (G1 Evacuation Pause) 5475M->649M(8192M) 27.623ms
[1040.376s][info][gc,cpu      ] GC(176) User=0.25s Sys=0.00s Real=0.03s
[1047.355s][info][gc,start    ] GC(177) Pause Young (Normal) (G1 Evacuation Pause)
[1047.355s][info][gc,task     ] GC(177) Using 8 workers of 8 for evacuation
[1047.384s][info][gc,phases   ] GC(177)   Pre Evacuate Collection Set: 0.30ms
[1047.384s][info][gc,phases   ] GC(177)   Merge Heap Roots: 0.14ms
[1047.384s][info][gc,phases   ] GC(177)   Evacuate Collection Set: 25.75ms
[1047.384s][info][gc,phases   ] GC(177)   Post Evacuate Collection Set: 1.85ms
[1047.384s][info][gc,phases   ] GC(177)   Other: 0.09ms
[1047.384s][info][gc,heap     ] GC(177) Eden regions: 1207->0(1207)
[1047.384s][info][gc,heap     ] GC(177) Survivor regions: 21->21(154)
[1047.384s][info][gc,heap     ] GC(177) Old regions: 142->142
[1047.384s][info][gc,heap     ] GC(177) Humongous regions: 0->0
[1047.384s][info][gc,metaspace] GC(177) Metaspace: 135203K(136768K)->135203K(136768K) NonClass: 114270K(115008K)->114270K(115008K) Class: 20932K(21760K)->20932K(21760K)
[1047.384s][info][gc          ] GC(177) Pause Young (Normal) (G1 Evacuation Pause) 5477M->649M(8192M) 28.381ms
[1047.384s][info][gc,cpu      ] GC(177) User=0.16s Sys=0.00s Real=0.03s
[1052.466s][info][gc,start    ] GC(178) Pause Young (Normal) (G1 Evacuation Pause)
[1052.466s][info][gc,task     ] GC(178) Using 8 workers of 8 for evacuation
[1052.503s][info][gc,phases   ] GC(178)   Pre Evacuate Collection Set: 0.29ms
[1052.503s][info][gc,phases   ] GC(178)   Merge Heap Roots: 0.13ms
[1052.503s][info][gc,phases   ] GC(178)   Evacuate Collection Set: 34.44ms
[1052.503s][info][gc,phases   ] GC(178)   Post Evacuate Collection Set: 1.87ms
[1052.503s][info][gc,phases   ] GC(178)   Other: 0.08ms
[1052.503s][info][gc,heap     ] GC(178) Eden regions: 1207->0(1198)
[1052.503s][info][gc,heap     ] GC(178) Survivor regions: 21->30(154)
[1052.503s][info][gc,heap     ] GC(178) Old regions: 142->142
[1052.503s][info][gc,heap     ] GC(178) Humongous regions: 0->0
[1052.503s][info][gc,metaspace] GC(178) Metaspace: 135206K(136768K)->135206K(136768K) NonClass: 114274K(115008K)->114274K(115008K) Class: 20932K(21760K)->20932K(21760K)
[1052.503s][info][gc          ] GC(178) Pause Young (Normal) (G1 Evacuation Pause) 5477M->685M(8192M) 37.046ms
[1052.503s][info][gc,cpu      ] GC(178) User=0.25s Sys=0.00s Real=0.04s
[1058.244s][info][gc,start    ] GC(179) Pause Young (Normal) (G1 Evacuation Pause)
[1058.244s][info][gc,task     ] GC(179) Using 8 workers of 8 for evacuation
[1058.279s][info][gc,phases   ] GC(179)   Pre Evacuate Collection Set: 0.35ms
[1058.280s][info][gc,phases   ] GC(179)   Merge Heap Roots: 0.15ms
[1058.280s][info][gc,phases   ] GC(179)   Evacuate Collection Set: 32.93ms
[1058.280s][info][gc,phases   ] GC(179)   Post Evacuate Collection Set: 2.17ms
[1058.280s][info][gc,phases   ] GC(179)   Other: 0.08ms
[1058.280s][info][gc,heap     ] GC(179) Eden regions: 1198->0(1202)
[1058.280s][info][gc,heap     ] GC(179) Survivor regions: 30->26(154)
[1058.280s][info][gc,heap     ] GC(179) Old regions: 142->143
[1058.280s][info][gc,heap     ] GC(179) Humongous regions: 0->0
[1058.280s][info][gc,metaspace] GC(179) Metaspace: 135211K(136832K)->135211K(136832K) NonClass: 114278K(115072K)->114278K(115072K) Class: 20932K(21760K)->20932K(21760K)
[1058.280s][info][gc          ] GC(179) Pause Young (Normal) (G1 Evacuation Pause) (Evacuation Failure: Pinned) 5477M->673M(8192M) 35.920ms
[1058.280s][info][gc,cpu      ] GC(179) User=0.25s Sys=0.00s Real=0.04s
[1064.155s][info][gc,start    ] GC(180) Pause Young (Normal) (G1 Evacuation Pause)
[1064.155s][info][gc,task     ] GC(180) Using 8 workers of 8 for evacuation
[1064.185s][info][gc,phases   ] GC(180)   Pre Evacuate Collection Set: 0.38ms
[1064.185s][info][gc,phases   ] GC(180)   Merge Heap Roots: 0.22ms
[1064.185s][info][gc,phases   ] GC(180)   Evacuate Collection Set: 27.25ms
[1064.185s][info][gc,phases   ] GC(180)   Post Evacuate Collection Set: 1.83ms
[1064.185s][info][gc,phases   ] GC(180)   Other: 0.11ms
[1064.185s][info][gc,heap     ] GC(180) Eden regions: 1202->0(1204)
[1064.185s][info][gc,heap     ] GC(180) Survivor regions: 26->24(154)
[1064.185s][info][gc,heap     ] GC(180) Old regions: 143->142
[1064.185s][info][gc,heap     ] GC(180) Humongous regions: 0->0
[1064.185s][info][gc,metaspace] GC(180) Metaspace: 135217K(136832K)->135217K(136832K) NonClass: 114284K(115072K)->114284K(115072K) Class: 20932K(21760K)->20932K(21760K)
[1064.185s][info][gc          ] GC(180) Pause Young (Normal) (G1 Evacuation Pause) 5481M->661M(8192M) 30.006ms
[1064.185s][info][gc,cpu      ] GC(180) User=0.25s Sys=0.00s Real=0.03s
[1070.125s][info][gc,start    ] GC(181) Pause Young (Normal) (G1 Evacuation Pause)
[1070.125s][info][gc,task     ] GC(181) Using 8 workers of 8 for evacuation
[1070.154s][info][gc,phases   ] GC(181)   Pre Evacuate Collection Set: 0.31ms
[1070.154s][info][gc,phases   ] GC(181)   Merge Heap Roots: 0.14ms
[1070.154s][info][gc,phases   ] GC(181)   Evacuate Collection Set: 27.15ms
[1070.154s][info][gc,phases   ] GC(181)   Post Evacuate Collection Set: 1.82ms
[1070.154s][info][gc,phases   ] GC(181)   Other: 0.08ms
[1070.154s][info][gc,heap     ] GC(181) Eden regions: 1204->0(1203)
[1070.154s][info][gc,heap     ] GC(181) Survivor regions: 24->25(154)
[1070.154s][info][gc,heap     ] GC(181) Old regions: 142->142
[1070.154s][info][gc,heap     ] GC(181) Humongous regions: 0->0
[1070.154s][info][gc,metaspace] GC(181) Metaspace: 135223K(136832K)->135223K(136832K) NonClass: 114290K(115072K)->114290K(115072K) Class: 20932K(21760K)->20932K(21760K)
[1070.154s][info][gc          ] GC(181) Pause Young (Normal) (G1 Evacuation Pause) 5477M->665M(8192M) 29.731ms
[1070.154s][info][gc,cpu      ] GC(181) User=0.25s Sys=0.00s Real=0.03s
[1074.705s][info][gc,start    ] GC(182) Pause Young (Normal) (G1 Evacuation Pause)
[1074.705s][info][gc,task     ] GC(182) Using 8 workers of 8 for evacuation
[1074.744s][info][gc,phases   ] GC(182)   Pre Evacuate Collection Set: 0.29ms
[1074.744s][info][gc,phases   ] GC(182)   Merge Heap Roots: 0.14ms
[1074.744s][info][gc,phases   ] GC(182)   Evacuate Collection Set: 36.52ms
[1074.744s][info][gc,phases   ] GC(182)   Post Evacuate Collection Set: 1.81ms
[1074.744s][info][gc,phases   ] GC(182)   Other: 0.08ms
[1074.744s][info][gc,heap     ] GC(182) Eden regions: 1203->0(1197)
[1074.744s][info][gc,heap     ] GC(182) Survivor regions: 25->31(154)
[1074.744s][info][gc,heap     ] GC(182) Old regions: 142->142
[1074.744s][info][gc,heap     ] GC(182) Humongous regions: 0->0
[1074.744s][info][gc,metaspace] GC(182) Metaspace: 135408K(136960K)->135408K(136960K) NonClass: 114447K(115200K)->114447K(115200K) Class: 20961K(21760K)->20961K(21760K)
[1074.744s][info][gc          ] GC(182) Pause Young (Normal) (G1 Evacuation Pause) 5477M->689M(8192M) 39.068ms
[1074.744s][info][gc,cpu      ] GC(182) User=0.30s Sys=0.00s Real=0.04s
[1081.292s][info][gc,start    ] GC(183) Pause Young (Normal) (G1 Evacuation Pause)
[1081.292s][info][gc,task     ] GC(183) Using 8 workers of 8 for evacuation
[1081.327s][info][gc,phases   ] GC(183)   Pre Evacuate Collection Set: 0.31ms
[1081.327s][info][gc,phases   ] GC(183)   Merge Heap Roots: 0.14ms
[1081.327s][info][gc,phases   ] GC(183)   Evacuate Collection Set: 32.00ms
[1081.327s][info][gc,phases   ] GC(183)   Post Evacuate Collection Set: 2.48ms
[1081.327s][info][gc,phases   ] GC(183)   Other: 0.09ms
[1081.327s][info][gc,heap     ] GC(183) Eden regions: 1197->0(1202)
[1081.327s][info][gc,heap     ] GC(183) Survivor regions: 31->26(154)
[1081.327s][info][gc,heap     ] GC(183) Old regions: 142->143
[1081.327s][info][gc,heap     ] GC(183) Humongous regions: 0->0
[1081.327s][info][gc,metaspace] GC(183) Metaspace: 135424K(136960K)->135424K(136960K) NonClass: 114462K(115200K)->114462K(115200K) Class: 20962K(21760K)->20962K(21760K)
[1081.327s][info][gc          ] GC(183) Pause Young (Normal) (G1 Evacuation Pause) (Evacuation Failure: Pinned) 5477M->671M(8192M) 35.257ms
[1081.327s][info][gc,cpu      ] GC(183) User=0.25s Sys=0.00s Real=0.03s
[1088.172s][info][gc,start    ] GC(184) Pause Young (Normal) (G1 Evacuation Pause)
[1088.172s][info][gc,task     ] GC(184) Using 8 workers of 8 for evacuation
[1088.201s][info][gc,phases   ] GC(184)   Pre Evacuate Collection Set: 0.30ms
[1088.201s][info][gc,phases   ] GC(184)   Merge Heap Roots: 0.12ms
[1088.201s][info][gc,phases   ] GC(184)   Evacuate Collection Set: 26.09ms
[1088.201s][info][gc,phases   ] GC(184)   Post Evacuate Collection Set: 2.23ms
[1088.201s][info][gc,phases   ] GC(184)   Other: 0.08ms
[1088.201s][info][gc,heap     ] GC(184) Eden regions: 1202->0(1202)
[1088.201s][info][gc,heap     ] GC(184) Survivor regions: 26->26(154)
[1088.201s][info][gc,heap     ] GC(184) Old regions: 143->142
[1088.201s][info][gc,heap     ] GC(184) Humongous regions: 0->0
[1088.201s][info][gc,metaspace] GC(184) Metaspace: 135459K(137024K)->135459K(137024K) NonClass: 114492K(115264K)->114492K(115264K) Class: 20966K(21760K)->20966K(21760K)
[1088.201s][info][gc          ] GC(184) Pause Young (Normal) (G1 Evacuation Pause) 5479M->667M(8192M) 29.054ms
[1088.201s][info][gc,cpu      ] GC(184) User=0.25s Sys=0.00s Real=0.03s
[1096.485s][info][gc,start    ] GC(185) Pause Young (Normal) (G1 Evacuation Pause)
[1096.485s][info][gc,task     ] GC(185) Using 8 workers of 8 for evacuation
[1096.514s][info][gc,phases   ] GC(185)   Pre Evacuate Collection Set: 0.29ms
[1096.514s][info][gc,phases   ] GC(185)   Merge Heap Roots: 0.13ms
[1096.514s][info][gc,phases   ] GC(185)   Evacuate Collection Set: 25.82ms
[1096.514s][info][gc,phases   ] GC(185)   Post Evacuate Collection Set: 2.09ms
[1096.514s][info][gc,phases   ] GC(185)   Other: 0.08ms
[1096.514s][info][gc,heap     ] GC(185) Eden regions: 1202->0(1204)
[1096.514s][info][gc,heap     ] GC(185) Survivor regions: 26->24(154)
[1096.514s][info][gc,heap     ] GC(185) Old regions: 142->142
[1096.514s][info][gc,heap     ] GC(185) Humongous regions: 0->0
[1096.514s][info][gc,metaspace] GC(185) Metaspace: 135461K(137024K)->135461K(137024K) NonClass: 114495K(115264K)->114495K(115264K) Class: 20966K(21760K)->20966K(21760K)
[1096.514s][info][gc          ] GC(185) Pause Young (Normal) (G1 Evacuation Pause) 5475M->661M(8192M) 28.640ms
[1096.514s][info][gc,cpu      ] GC(185) User=0.25s Sys=0.00s Real=0.03s
[1100.936s][info][gc,start    ] GC(186) Pause Young (Normal) (G1 Evacuation Pause)
[1100.936s][info][gc,task     ] GC(186) Using 8 workers of 8 for evacuation
[1100.975s][info][gc,phases   ] GC(186)   Pre Evacuate Collection Set: 0.35ms
[1100.975s][info][gc,phases   ] GC(186)   Merge Heap Roots: 0.15ms
[1100.975s][info][gc,phases   ] GC(186)   Evacuate Collection Set: 36.07ms
[1100.975s][info][gc,phases   ] GC(186)   Post Evacuate Collection Set: 2.26ms
[1100.975s][info][gc,phases   ] GC(186)   Other: 0.10ms
[1100.975s][info][gc,heap     ] GC(186) Eden regions: 1204->0(1199)
[1100.975s][info][gc,heap     ] GC(186) Survivor regions: 24->29(154)
[1100.975s][info][gc,heap     ] GC(186) Old regions: 142->142
[1100.975s][info][gc,heap     ] GC(186) Humongous regions: 0->0
[1100.975s][info][gc,metaspace] GC(186) Metaspace: 135461K(137024K)->135461K(137024K) NonClass: 114495K(115264K)->114495K(115264K) Class: 20966K(21760K)->20966K(21760K)
[1100.976s][info][gc          ] GC(186) Pause Young (Normal) (G1 Evacuation Pause) 5477M->681M(8192M) 39.189ms
[1100.976s][info][gc,cpu      ] GC(186) User=0.25s Sys=0.00s Real=0.04s
[1107.348s][info][gc,start    ] GC(187) Pause Young (Normal) (G1 Evacuation Pause)
[1107.348s][info][gc,task     ] GC(187) Using 8 workers of 8 for evacuation
[1107.378s][info][gc,phases   ] GC(187)   Pre Evacuate Collection Set: 0.31ms
[1107.378s][info][gc,phases   ] GC(187)   Merge Heap Roots: 0.12ms
[1107.378s][info][gc,phases   ] GC(187)   Evacuate Collection Set: 27.68ms
[1107.378s][info][gc,phases   ] GC(187)   Post Evacuate Collection Set: 1.93ms
[1107.378s][info][gc,phases   ] GC(187)   Other: 0.08ms
[1107.378s][info][gc,heap     ] GC(187) Eden regions: 1199->0(1201)
[1107.378s][info][gc,heap     ] GC(187) Survivor regions: 29->27(154)
[1107.378s][info][gc,heap     ] GC(187) Old regions: 142->142
[1107.378s][info][gc,heap     ] GC(187) Humongous regions: 0->0
[1107.378s][info][gc,metaspace] GC(187) Metaspace: 135466K(137024K)->135466K(137024K) NonClass: 114500K(115264K)->114500K(115264K) Class: 20966K(21760K)->20966K(21760K)
[1107.378s][info][gc          ] GC(187) Pause Young (Normal) (G1 Evacuation Pause) 5477M->673M(8192M) 30.354ms
[1107.378s][info][gc,cpu      ] GC(187) User=0.25s Sys=0.00s Real=0.03s
[1114.534s][info][gc,start    ] GC(188) Pause Young (Normal) (G1 Evacuation Pause)
[1114.535s][info][gc,task     ] GC(188) Using 8 workers of 8 for evacuation
[1114.565s][info][gc,phases   ] GC(188)   Pre Evacuate Collection Set: 0.34ms
[1114.565s][info][gc,phases   ] GC(188)   Merge Heap Roots: 0.15ms
[1114.565s][info][gc,phases   ] GC(188)   Evacuate Collection Set: 27.88ms
[1114.565s][info][gc,phases   ] GC(188)   Post Evacuate Collection Set: 1.82ms
[1114.565s][info][gc,phases   ] GC(188)   Other: 0.09ms
[1114.565s][info][gc,heap     ] GC(188) Eden regions: 1201->0(1202)
[1114.565s][info][gc,heap     ] GC(188) Survivor regions: 27->26(154)
[1114.565s][info][gc,heap     ] GC(188) Old regions: 142->143
[1114.565s][info][gc,heap     ] GC(188) Humongous regions: 0->0
[1114.565s][info][gc,metaspace] GC(188) Metaspace: 135471K(137024K)->135471K(137024K) NonClass: 114504K(115264K)->114504K(115264K) Class: 20966K(21760K)->20966K(21760K)
[1114.565s][info][gc          ] GC(188) Pause Young (Normal) (G1 Evacuation Pause) (Evacuation Failure: Pinned) 5477M->671M(8192M) 30.494ms
[1114.565s][info][gc,cpu      ] GC(188) User=0.25s Sys=0.00s Real=0.03s
[1119.540s][info][gc,start    ] GC(189) Pause Young (Normal) (G1 Evacuation Pause)
[1119.540s][info][gc,task     ] GC(189) Using 8 workers of 8 for evacuation
[1119.584s][info][gc,phases   ] GC(189)   Pre Evacuate Collection Set: 0.32ms
[1119.584s][info][gc,phases   ] GC(189)   Merge Heap Roots: 0.13ms
[1119.584s][info][gc,phases   ] GC(189)   Evacuate Collection Set: 41.04ms
[1119.584s][info][gc,phases   ] GC(189)   Post Evacuate Collection Set: 2.39ms
[1119.584s][info][gc,phases   ] GC(189)   Other: 0.08ms
[1119.584s][info][gc,heap     ] GC(189) Eden regions: 1202->0(1193)
[1119.584s][info][gc,heap     ] GC(189) Survivor regions: 26->35(154)
[1119.584s][info][gc,heap     ] GC(189) Old regions: 143->143
[1119.584s][info][gc,heap     ] GC(189) Humongous regions: 0->0
[1119.584s][info][gc,metaspace] GC(189) Metaspace: 135475K(137024K)->135475K(137024K) NonClass: 114509K(115264K)->114509K(115264K) Class: 20966K(21760K)->20966K(21760K)
[1119.584s][info][gc          ] GC(189) Pause Young (Normal) (G1 Evacuation Pause) (Evacuation Failure: Pinned) 5479M->707M(8192M) 44.184ms
[1119.584s][info][gc,cpu      ] GC(189) User=0.25s Sys=0.00s Real=0.04s
[1126.169s][info][gc,start    ] GC(190) Pause Young (Normal) (G1 Evacuation Pause)
[1126.169s][info][gc,task     ] GC(190) Using 8 workers of 8 for evacuation
[1126.204s][info][gc,phases   ] GC(190)   Pre Evacuate Collection Set: 0.30ms
[1126.204s][info][gc,phases   ] GC(190)   Merge Heap Roots: 0.13ms
[1126.204s][info][gc,phases   ] GC(190)   Evacuate Collection Set: 31.87ms
[1126.204s][info][gc,phases   ] GC(190)   Post Evacuate Collection Set: 2.34ms
[1126.204s][info][gc,phases   ] GC(190)   Other: 0.12ms
[1126.204s][info][gc,heap     ] GC(190) Eden regions: 1193->0(1201)
[1126.204s][info][gc,heap     ] GC(190) Survivor regions: 35->27(154)
[1126.204s][info][gc,heap     ] GC(190) Old regions: 143->142
[1126.204s][info][gc,heap     ] GC(190) Humongous regions: 0->0
[1126.204s][info][gc,metaspace] GC(190) Metaspace: 135475K(137024K)->135475K(137024K) NonClass: 114509K(115264K)->114509K(115264K) Class: 20966K(21760K)->20966K(21760K)
[1126.204s][info][gc          ] GC(190) Pause Young (Normal) (G1 Evacuation Pause) 5479M->673M(8192M) 35.074ms
[1126.204s][info][gc,cpu      ] GC(190) User=0.25s Sys=0.00s Real=0.04s
[1134.446s][info][gc,start    ] GC(191) Pause Young (Normal) (G1 Evacuation Pause)
[1134.446s][info][gc,task     ] GC(191) Using 8 workers of 8 for evacuation
[1134.482s][info][gc,phases   ] GC(191)   Pre Evacuate Collection Set: 0.30ms
[1134.482s][info][gc,phases   ] GC(191)   Merge Heap Roots: 0.13ms
[1134.482s][info][gc,phases   ] GC(191)   Evacuate Collection Set: 32.90ms
[1134.482s][info][gc,phases   ] GC(191)   Post Evacuate Collection Set: 2.50ms
[1134.482s][info][gc,phases   ] GC(191)   Other: 0.12ms
[1134.482s][info][gc,heap     ] GC(191) Eden regions: 1201->0(1200)
[1134.482s][info][gc,heap     ] GC(191) Survivor regions: 27->28(154)
[1134.482s][info][gc,heap     ] GC(191) Old regions: 142->142
[1134.482s][info][gc,heap     ] GC(191) Humongous regions: 0->0
[1134.482s][info][gc,metaspace] GC(191) Metaspace: 135475K(137024K)->135475K(137024K) NonClass: 114509K(115264K)->114509K(115264K) Class: 20966K(21760K)->20966K(21760K)
[1134.482s][info][gc          ] GC(191) Pause Young (Normal) (G1 Evacuation Pause) 5477M->675M(8192M) 36.280ms
[1134.482s][info][gc,cpu      ] GC(191) User=0.25s Sys=0.00s Real=0.04s
[1139.383s][info][gc,start    ] GC(192) Pause Young (Normal) (G1 Evacuation Pause)
[1139.383s][info][gc,task     ] GC(192) Using 8 workers of 8 for evacuation
[1139.422s][info][gc,phases   ] GC(192)   Pre Evacuate Collection Set: 0.30ms
[1139.422s][info][gc,phases   ] GC(192)   Merge Heap Roots: 0.18ms
[1139.422s][info][gc,phases   ] GC(192)   Evacuate Collection Set: 36.24ms
[1139.422s][info][gc,phases   ] GC(192)   Post Evacuate Collection Set: 2.45ms
[1139.422s][info][gc,phases   ] GC(192)   Other: 0.10ms
[1139.422s][info][gc,heap     ] GC(192) Eden regions: 1200->0(1200)
[1139.422s][info][gc,heap     ] GC(192) Survivor regions: 28->28(154)
[1139.422s][info][gc,heap     ] GC(192) Old regions: 142->142
[1139.422s][info][gc,heap     ] GC(192) Humongous regions: 0->0
[1139.422s][info][gc,metaspace] GC(192) Metaspace: 135476K(137024K)->135476K(137024K) NonClass: 114509K(115264K)->114509K(115264K) Class: 20966K(21760K)->20966K(21760K)
[1139.422s][info][gc          ] GC(192) Pause Young (Normal) (G1 Evacuation Pause) 5475M->675M(8192M) 39.576ms
[1139.422s][info][gc,cpu      ] GC(192) User=0.31s Sys=0.00s Real=0.04s
[1146.685s][info][gc,start    ] GC(193) Pause Young (Normal) (G1 Evacuation Pause)
[1146.685s][info][gc,task     ] GC(193) Using 8 workers of 8 for evacuation
[1146.718s][info][gc,phases   ] GC(193)   Pre Evacuate Collection Set: 0.34ms
[1146.718s][info][gc,phases   ] GC(193)   Merge Heap Roots: 0.15ms
[1146.718s][info][gc,phases   ] GC(193)   Evacuate Collection Set: 31.00ms
[1146.718s][info][gc,phases   ] GC(193)   Post Evacuate Collection Set: 1.93ms
[1146.718s][info][gc,phases   ] GC(193)   Other: 0.09ms
[1146.718s][info][gc,heap     ] GC(193) Eden regions: 1200->0(1200)
[1146.718s][info][gc,heap     ] GC(193) Survivor regions: 28->28(154)
[1146.718s][info][gc,heap     ] GC(193) Old regions: 142->142
[1146.718s][info][gc,heap     ] GC(193) Humongous regions: 0->0
[1146.718s][info][gc,metaspace] GC(193) Metaspace: 135476K(137024K)->135476K(137024K) NonClass: 114509K(115264K)->114509K(115264K) Class: 20966K(21760K)->20966K(21760K)
[1146.718s][info][gc          ] GC(193) Pause Young (Normal) (G1 Evacuation Pause) 5475M->675M(8192M) 33.752ms
[1146.718s][info][gc,cpu      ] GC(193) User=0.25s Sys=0.00s Real=0.03s
[1154.677s][info][gc,start    ] GC(194) Pause Young (Normal) (G1 Evacuation Pause)
[1154.677s][info][gc,task     ] GC(194) Using 8 workers of 8 for evacuation
[1154.710s][info][gc,phases   ] GC(194)   Pre Evacuate Collection Set: 0.29ms
[1154.710s][info][gc,phases   ] GC(194)   Merge Heap Roots: 0.18ms
[1154.710s][info][gc,phases   ] GC(194)   Evacuate Collection Set: 31.09ms
[1154.710s][info][gc,phases   ] GC(194)   Post Evacuate Collection Set: 1.94ms
[1154.710s][info][gc,phases   ] GC(194)   Other: 0.08ms
[1154.710s][info][gc,heap     ] GC(194) Eden regions: 1200->0(1202)
[1154.710s][info][gc,heap     ] GC(194) Survivor regions: 28->26(154)
[1154.710s][info][gc,heap     ] GC(194) Old regions: 142->142
[1154.710s][info][gc,heap     ] GC(194) Humongous regions: 0->0
[1154.710s][info][gc,metaspace] GC(194) Metaspace: 135476K(137024K)->135476K(137024K) NonClass: 114510K(115264K)->114510K(115264K) Class: 20966K(21760K)->20966K(21760K)
[1154.710s][info][gc          ] GC(194) Pause Young (Normal) (G1 Evacuation Pause) 5475M->669M(8192M) 33.813ms
[1154.711s][info][gc,cpu      ] GC(194) User=0.25s Sys=0.00s Real=0.03s
[1160.218s][info][gc,start    ] GC(195) Pause Young (Normal) (G1 Evacuation Pause)
[1160.218s][info][gc,task     ] GC(195) Using 8 workers of 8 for evacuation
[1160.251s][info][gc,phases   ] GC(195)   Pre Evacuate Collection Set: 0.30ms
[1160.251s][info][gc,phases   ] GC(195)   Merge Heap Roots: 0.13ms
[1160.251s][info][gc,phases   ] GC(195)   Evacuate Collection Set: 30.52ms
[1160.251s][info][gc,phases   ] GC(195)   Post Evacuate Collection Set: 1.99ms
[1160.251s][info][gc,phases   ] GC(195)   Other: 0.10ms
[1160.251s][info][gc,heap     ] GC(195) Eden regions: 1202->0(1203)
[1160.251s][info][gc,heap     ] GC(195) Survivor regions: 26->25(154)
[1160.251s][info][gc,heap     ] GC(195) Old regions: 142->142
[1160.252s][info][gc,heap     ] GC(195) Humongous regions: 0->0
[1160.252s][info][gc,metaspace] GC(195) Metaspace: 135477K(137024K)->135477K(137024K) NonClass: 114510K(115264K)->114510K(115264K) Class: 20966K(21760K)->20966K(21760K)
[1160.252s][info][gc          ] GC(195) Pause Young (Normal) (G1 Evacuation Pause) 5477M->666M(8192M) 33.299ms
[1160.252s][info][gc,cpu      ] GC(195) User=0.25s Sys=0.00s Real=0.03s
[1169.033s][info][gc,start    ] GC(196) Pause Young (Normal) (G1 Evacuation Pause)
[1169.033s][info][gc,task     ] GC(196) Using 8 workers of 8 for evacuation
[1169.063s][info][gc,phases   ] GC(196)   Pre Evacuate Collection Set: 0.32ms
[1169.063s][info][gc,phases   ] GC(196)   Merge Heap Roots: 0.15ms
[1169.063s][info][gc,phases   ] GC(196)   Evacuate Collection Set: 27.57ms
[1169.063s][info][gc,phases   ] GC(196)   Post Evacuate Collection Set: 1.86ms
[1169.063s][info][gc,phases   ] GC(196)   Other: 0.08ms
[1169.063s][info][gc,heap     ] GC(196) Eden regions: 1203->0(1203)
[1169.063s][info][gc,heap     ] GC(196) Survivor regions: 25->25(154)
[1169.063s][info][gc,heap     ] GC(196) Old regions: 142->142
[1169.063s][info][gc,heap     ] GC(196) Humongous regions: 0->0
[1169.063s][info][gc,metaspace] GC(196) Metaspace: 135478K(137024K)->135478K(137024K) NonClass: 114511K(115264K)->114511K(115264K) Class: 20966K(21760K)->20966K(21760K)
[1169.063s][info][gc          ] GC(196) Pause Young (Normal) (G1 Evacuation Pause) 5478M->664M(8192M) 30.218ms
[1169.063s][info][gc,cpu      ] GC(196) User=0.25s Sys=0.00s Real=0.03s
[1175.233s][info][gc,start    ] GC(197) Pause Young (Normal) (G1 Evacuation Pause)
[1175.233s][info][gc,task     ] GC(197) Using 8 workers of 8 for evacuation
[1175.281s][info][gc,phases   ] GC(197)   Pre Evacuate Collection Set: 0.34ms
[1175.281s][info][gc,phases   ] GC(197)   Merge Heap Roots: 0.14ms
[1175.281s][info][gc,phases   ] GC(197)   Evacuate Collection Set: 45.80ms
[1175.281s][info][gc,phases   ] GC(197)   Post Evacuate Collection Set: 1.84ms
[1175.281s][info][gc,phases   ] GC(197)   Other: 0.08ms
[1175.281s][info][gc,heap     ] GC(197) Eden regions: 1203->0(1188)
[1175.281s][info][gc,heap     ] GC(197) Survivor regions: 25->40(154)
[1175.281s][info][gc,heap     ] GC(197) Old regions: 142->142
[1175.281s][info][gc,heap     ] GC(197) Humongous regions: 0->0
[1175.281s][info][gc,metaspace] GC(197) Metaspace: 135479K(137024K)->135479K(137024K) NonClass: 114513K(115264K)->114513K(115264K) Class: 20966K(21760K)->20966K(21760K)
[1175.281s][info][gc          ] GC(197) Pause Young (Normal) (G1 Evacuation Pause) 5476M->726M(8192M) 48.447ms
[1175.281s][info][gc,cpu      ] GC(197) User=0.38s Sys=0.00s Real=0.05s
[1181.517s][info][gc,start    ] GC(198) Pause Young (Normal) (G1 Evacuation Pause)
[1181.517s][info][gc,task     ] GC(198) Using 8 workers of 8 for evacuation
[1181.546s][info][gc,phases   ] GC(198)   Pre Evacuate Collection Set: 0.28ms
[1181.546s][info][gc,phases   ] GC(198)   Merge Heap Roots: 0.15ms
[1181.546s][info][gc,phases   ] GC(198)   Evacuate Collection Set: 26.54ms
[1181.546s][info][gc,phases   ] GC(198)   Post Evacuate Collection Set: 1.85ms
[1181.546s][info][gc,phases   ] GC(198)   Other: 0.08ms
[1181.546s][info][gc,heap     ] GC(198) Eden regions: 1188->0(1203)
[1181.546s][info][gc,heap     ] GC(198) Survivor regions: 40->25(154)
[1181.546s][info][gc,heap     ] GC(198) Old regions: 142->143
[1181.546s][info][gc,heap     ] GC(198) Humongous regions: 0->0
[1181.546s][info][gc,metaspace] GC(198) Metaspace: 135481K(137024K)->135481K(137024K) NonClass: 114514K(115264K)->114514K(115264K) Class: 20966K(21760K)->20966K(21760K)
[1181.546s][info][gc          ] GC(198) Pause Young (Normal) (G1 Evacuation Pause) 5478M->666M(8192M) 29.138ms
[1181.546s][info][gc,cpu      ] GC(198) User=0.25s Sys=0.00s Real=0.03s
[1189.269s][info][gc,start    ] GC(199) Pause Young (Normal) (G1 Evacuation Pause)
[1189.269s][info][gc,task     ] GC(199) Using 8 workers of 8 for evacuation
[1189.295s][info][gc,phases   ] GC(199)   Pre Evacuate Collection Set: 0.29ms
[1189.295s][info][gc,phases   ] GC(199)   Merge Heap Roots: 0.15ms
[1189.295s][info][gc,phases   ] GC(199)   Evacuate Collection Set: 23.96ms
[1189.295s][info][gc,phases   ] GC(199)   Post Evacuate Collection Set: 1.85ms
[1189.295s][info][gc,phases   ] GC(199)   Other: 0.08ms
[1189.295s][info][gc,heap     ] GC(199) Eden regions: 1203->0(1206)
[1189.295s][info][gc,heap     ] GC(199) Survivor regions: 25->22(154)
[1189.295s][info][gc,heap     ] GC(199) Old regions: 143->143
[1189.295s][info][gc,heap     ] GC(199) Humongous regions: 0->0
[1189.295s][info][gc,metaspace] GC(199) Metaspace: 135482K(137024K)->135482K(137024K) NonClass: 114515K(115264K)->114515K(115264K) Class: 20966K(21760K)->20966K(21760K)
[1189.295s][info][gc          ] GC(199) Pause Young (Normal) (G1 Evacuation Pause) 5478M->655M(8192M) 26.538ms
[1189.295s][info][gc,cpu      ] GC(199) User=0.25s Sys=0.00s Real=0.03s
[1195.445s][info][gc,start    ] GC(200) Pause Young (Normal) (G1 Evacuation Pause)
[1195.445s][info][gc,task     ] GC(200) Using 8 workers of 8 for evacuation
[1195.473s][info][gc,phases   ] GC(200)   Pre Evacuate Collection Set: 0.30ms
[1195.473s][info][gc,phases   ] GC(200)   Merge Heap Roots: 0.13ms
[1195.473s][info][gc,phases   ] GC(200)   Evacuate Collection Set: 25.80ms
[1195.473s][info][gc,phases   ] GC(200)   Post Evacuate Collection Set: 1.87ms
[1195.473s][info][gc,phases   ] GC(200)   Other: 0.09ms
[1195.473s][info][gc,heap     ] GC(200) Eden regions: 1206->0(1205)
[1195.473s][info][gc,heap     ] GC(200) Survivor regions: 22->23(154)
[1195.473s][info][gc,heap     ] GC(200) Old regions: 143->143
[1195.473s][info][gc,heap     ] GC(200) Humongous regions: 0->0
[1195.473s][info][gc,metaspace] GC(200) Metaspace: 135482K(137024K)->135482K(137024K) NonClass: 114515K(115264K)->114515K(115264K) Class: 20966K(21760K)->20966K(21760K)
[1195.473s][info][gc          ] GC(200) Pause Young (Normal) (G1 Evacuation Pause) 5479M->661M(8192M) 28.441ms
[1195.473s][info][gc,cpu      ] GC(200) User=0.25s Sys=0.00s Real=0.03s
[1202.422s][info][gc,start    ] GC(201) Pause Young (Normal) (G1 Evacuation Pause)
[1202.422s][info][gc,task     ] GC(201) Using 8 workers of 8 for evacuation
[1202.454s][info][gc,phases   ] GC(201)   Pre Evacuate Collection Set: 0.29ms
[1202.454s][info][gc,phases   ] GC(201)   Merge Heap Roots: 0.15ms
[1202.454s][info][gc,phases   ] GC(201)   Evacuate Collection Set: 29.08ms
[1202.454s][info][gc,phases   ] GC(201)   Post Evacuate Collection Set: 2.18ms
[1202.454s][info][gc,phases   ] GC(201)   Other: 0.08ms
[1202.454s][info][gc,heap     ] GC(201) Eden regions: 1205->0(1205)
[1202.454s][info][gc,heap     ] GC(201) Survivor regions: 23->23(154)
[1202.454s][info][gc,heap     ] GC(201) Old regions: 143->143
[1202.454s][info][gc,heap     ] GC(201) Humongous regions: 0->0
[1202.454s][info][gc,metaspace] GC(201) Metaspace: 135505K(137024K)->135505K(137024K) NonClass: 114538K(115264K)->114538K(115264K) Class: 20966K(21760K)->20966K(21760K)
[1202.454s][info][gc          ] GC(201) Pause Young (Normal) (G1 Evacuation Pause) 5481M->661M(8192M) 32.007ms
[1202.454s][info][gc,cpu      ] GC(201) User=0.25s Sys=0.00s Real=0.03s
[1211.057s][info][gc,start    ] GC(202) Pause Young (Normal) (G1 Evacuation Pause)
[1211.057s][info][gc,task     ] GC(202) Using 8 workers of 8 for evacuation
[1211.099s][info][gc,phases   ] GC(202)   Pre Evacuate Collection Set: 0.34ms
[1211.099s][info][gc,phases   ] GC(202)   Merge Heap Roots: 0.14ms
[1211.099s][info][gc,phases   ] GC(202)   Evacuate Collection Set: 39.07ms
[1211.099s][info][gc,phases   ] GC(202)   Post Evacuate Collection Set: 2.42ms
[1211.099s][info][gc,phases   ] GC(202)   Other: 0.09ms
[1211.099s][info][gc,heap     ] GC(202) Eden regions: 1205->0(1198)
[1211.099s][info][gc,heap     ] GC(202) Survivor regions: 23->30(154)
[1211.099s][info][gc,heap     ] GC(202) Old regions: 143->143
[1211.099s][info][gc,heap     ] GC(202) Humongous regions: 0->0
[1211.099s][info][gc,metaspace] GC(202) Metaspace: 135506K(137024K)->135506K(137024K) NonClass: 114540K(115264K)->114540K(115264K) Class: 20966K(21760K)->20966K(21760K)
[1211.099s][info][gc          ] GC(202) Pause Young (Normal) (G1 Evacuation Pause) 5481M->689M(8192M) 42.303ms
[1211.099s][info][gc,cpu      ] GC(202) User=0.25s Sys=0.00s Real=0.04s
[1217.997s][info][gc,start    ] GC(203) Pause Young (Normal) (G1 Evacuation Pause)
[1217.997s][info][gc,task     ] GC(203) Using 8 workers of 8 for evacuation
[1218.025s][info][gc,phases   ] GC(203)   Pre Evacuate Collection Set: 0.32ms
[1218.025s][info][gc,phases   ] GC(203)   Merge Heap Roots: 0.13ms
[1218.025s][info][gc,phases   ] GC(203)   Evacuate Collection Set: 25.58ms
[1218.025s][info][gc,phases   ] GC(203)   Post Evacuate Collection Set: 1.88ms
[1218.025s][info][gc,phases   ] GC(203)   Other: 0.08ms
[1218.025s][info][gc,heap     ] GC(203) Eden regions: 1198->0(1205)
[1218.025s][info][gc,heap     ] GC(203) Survivor regions: 30->23(154)
[1218.025s][info][gc,heap     ] GC(203) Old regions: 143->143
[1218.025s][info][gc,heap     ] GC(203) Humongous regions: 0->0
[1218.025s][info][gc,metaspace] GC(203) Metaspace: 135507K(137024K)->135507K(137024K) NonClass: 114541K(115264K)->114541K(115264K) Class: 20966K(21760K)->20966K(21760K)
[1218.025s][info][gc          ] GC(203) Pause Young (Normal) (G1 Evacuation Pause) 5481M->661M(8192M) 28.246ms
[1218.025s][info][gc,cpu      ] GC(203) User=0.25s Sys=0.00s Real=0.03s
[1226.441s][info][gc,start    ] GC(204) Pause Young (Normal) (G1 Evacuation Pause)
[1226.441s][info][gc,task     ] GC(204) Using 8 workers of 8 for evacuation
[1226.469s][info][gc,phases   ] GC(204)   Pre Evacuate Collection Set: 0.30ms
[1226.469s][info][gc,phases   ] GC(204)   Merge Heap Roots: 0.15ms
[1226.469s][info][gc,phases   ] GC(204)   Evacuate Collection Set: 25.16ms
[1226.469s][info][gc,phases   ] GC(204)   Post Evacuate Collection Set: 1.82ms
[1226.469s][info][gc,phases   ] GC(204)   Other: 0.08ms
[1226.469s][info][gc,heap     ] GC(204) Eden regions: 1205->0(1204)
[1226.469s][info][gc,heap     ] GC(204) Survivor regions: 23->24(154)
[1226.469s][info][gc,heap     ] GC(204) Old regions: 143->143
[1226.469s][info][gc,heap     ] GC(204) Humongous regions: 0->0
[1226.469s][info][gc,metaspace] GC(204) Metaspace: 135510K(137024K)->135510K(137024K) NonClass: 114543K(115264K)->114543K(115264K) Class: 20966K(21760K)->20966K(21760K)
[1226.469s][info][gc          ] GC(204) Pause Young (Normal) (G1 Evacuation Pause) 5481M->663M(8192M) 27.748ms
[1226.469s][info][gc,cpu      ] GC(204) User=0.25s Sys=0.00s Real=0.03s
[1233.149s][info][gc,start    ] GC(205) Pause Young (Normal) (G1 Evacuation Pause)
[1233.149s][info][gc,task     ] GC(205) Using 8 workers of 8 for evacuation
[1233.173s][info][gc,phases   ] GC(205)   Pre Evacuate Collection Set: 0.32ms
[1233.173s][info][gc,phases   ] GC(205)   Merge Heap Roots: 0.15ms
[1233.173s][info][gc,phases   ] GC(205)   Evacuate Collection Set: 21.30ms
[1233.173s][info][gc,phases   ] GC(205)   Post Evacuate Collection Set: 2.31ms
[1233.173s][info][gc,phases   ] GC(205)   Other: 0.10ms
[1233.173s][info][gc,heap     ] GC(205) Eden regions: 1204->0(1208)
[1233.173s][info][gc,heap     ] GC(205) Survivor regions: 24->20(154)
[1233.173s][info][gc,heap     ] GC(205) Old regions: 143->143
[1233.173s][info][gc,heap     ] GC(205) Humongous regions: 0->0
[1233.173s][info][gc,metaspace] GC(205) Metaspace: 135519K(137088K)->135519K(137088K) NonClass: 114553K(115328K)->114553K(115328K) Class: 20966K(21760K)->20966K(21760K)
[1233.173s][info][gc          ] GC(205) Pause Young (Normal) (G1 Evacuation Pause) 5479M->647M(8192M) 24.402ms
[1233.173s][info][gc,cpu      ] GC(205) User=0.14s Sys=0.00s Real=0.02s
[1241.146s][info][gc,start    ] GC(206) Pause Young (Normal) (G1 Evacuation Pause)
[1241.146s][info][gc,task     ] GC(206) Using 8 workers of 8 for evacuation
[1241.177s][info][gc,phases   ] GC(206)   Pre Evacuate Collection Set: 0.32ms
[1241.177s][info][gc,phases   ] GC(206)   Merge Heap Roots: 0.15ms
[1241.177s][info][gc,phases   ] GC(206)   Evacuate Collection Set: 28.21ms
[1241.177s][info][gc,phases   ] GC(206)   Post Evacuate Collection Set: 2.40ms
[1241.177s][info][gc,phases   ] GC(206)   Other: 0.09ms
[1241.177s][info][gc,heap     ] GC(206) Eden regions: 1208->0(1207)
[1241.177s][info][gc,heap     ] GC(206) Survivor regions: 20->21(154)
[1241.177s][info][gc,heap     ] GC(206) Old regions: 143->143
[1241.177s][info][gc,heap     ] GC(206) Humongous regions: 0->0
[1241.177s][info][gc,metaspace] GC(206) Metaspace: 135521K(137088K)->135521K(137088K) NonClass: 114554K(115328K)->114554K(115328K) Class: 20966K(21760K)->20966K(21760K)
[1241.177s][info][gc          ] GC(206) Pause Young (Normal) (G1 Evacuation Pause) 5479M->651M(8192M) 31.455ms
[1241.177s][info][gc,cpu      ] GC(206) User=0.25s Sys=0.00s Real=0.03s
[1246.829s][info][gc,start    ] GC(207) Pause Young (Normal) (G1 Evacuation Pause)
[1246.829s][info][gc,task     ] GC(207) Using 8 workers of 8 for evacuation
[1246.861s][info][gc,phases   ] GC(207)   Pre Evacuate Collection Set: 0.30ms
[1246.861s][info][gc,phases   ] GC(207)   Merge Heap Roots: 0.19ms
[1246.861s][info][gc,phases   ] GC(207)   Evacuate Collection Set: 29.42ms
[1246.861s][info][gc,phases   ] GC(207)   Post Evacuate Collection Set: 1.84ms
[1246.861s][info][gc,phases   ] GC(207)   Other: 0.08ms
[1246.861s][info][gc,heap     ] GC(207) Eden regions: 1207->0(1202)
[1246.861s][info][gc,heap     ] GC(207) Survivor regions: 21->26(154)
[1246.861s][info][gc,heap     ] GC(207) Old regions: 143->143
[1246.861s][info][gc,heap     ] GC(207) Humongous regions: 0->0
[1246.861s][info][gc,metaspace] GC(207) Metaspace: 135522K(137088K)->135522K(137088K) NonClass: 114556K(115328K)->114556K(115328K) Class: 20966K(21760K)->20966K(21760K)
[1246.861s][info][gc          ] GC(207) Pause Young (Normal) (G1 Evacuation Pause) 5479M->673M(8192M) 32.071ms
[1246.861s][info][gc,cpu      ] GC(207) User=0.25s Sys=0.00s Real=0.03s
[1252.382s][info][gc,start    ] GC(208) Pause Young (Normal) (G1 Evacuation Pause)
[1252.382s][info][gc,task     ] GC(208) Using 8 workers of 8 for evacuation
[1252.411s][info][gc,phases   ] GC(208)   Pre Evacuate Collection Set: 0.30ms
[1252.411s][info][gc,phases   ] GC(208)   Merge Heap Roots: 0.13ms
[1252.411s][info][gc,phases   ] GC(208)   Evacuate Collection Set: 26.46ms
[1252.411s][info][gc,phases   ] GC(208)   Post Evacuate Collection Set: 2.00ms
[1252.411s][info][gc,phases   ] GC(208)   Other: 0.08ms
[1252.411s][info][gc,heap     ] GC(208) Eden regions: 1202->0(1204)
[1252.411s][info][gc,heap     ] GC(208) Survivor regions: 26->24(154)
[1252.411s][info][gc,heap     ] GC(208) Old regions: 143->143
[1252.411s][info][gc,heap     ] GC(208) Humongous regions: 0->0
[1252.411s][info][gc,metaspace] GC(208) Metaspace: 135522K(137088K)->135522K(137088K) NonClass: 114556K(115328K)->114556K(115328K) Class: 20966K(21760K)->20966K(21760K)
[1252.411s][info][gc          ] GC(208) Pause Young (Normal) (G1 Evacuation Pause) 5481M->665M(8192M) 29.203ms
[1252.411s][info][gc,cpu      ] GC(208) User=0.25s Sys=0.00s Real=0.03s
[1260.787s][info][gc,start    ] GC(209) Pause Young (Normal) (G1 Evacuation Pause)
[1260.787s][info][gc,task     ] GC(209) Using 8 workers of 8 for evacuation
[1260.821s][info][gc,phases   ] GC(209)   Pre Evacuate Collection Set: 0.34ms
[1260.821s][info][gc,phases   ] GC(209)   Merge Heap Roots: 0.17ms
[1260.821s][info][gc,phases   ] GC(209)   Evacuate Collection Set: 30.67ms
[1260.821s][info][gc,phases   ] GC(209)   Post Evacuate Collection Set: 2.66ms
[1260.821s][info][gc,phases   ] GC(209)   Other: 0.09ms
[1260.821s][info][gc,heap     ] GC(209) Eden regions: 1204->0(1208)
[1260.821s][info][gc,heap     ] GC(209) Survivor regions: 24->20(154)
[1260.821s][info][gc,heap     ] GC(209) Old regions: 143->143
[1260.821s][info][gc,heap     ] GC(209) Humongous regions: 0->0
[1260.821s][info][gc,metaspace] GC(209) Metaspace: 135522K(137088K)->135522K(137088K) NonClass: 114556K(115328K)->114556K(115328K) Class: 20966K(21760K)->20966K(21760K)
[1260.821s][info][gc          ] GC(209) Pause Young (Normal) (G1 Evacuation Pause) 5481M->649M(8192M) 34.168ms
[1260.821s][info][gc,cpu      ] GC(209) User=0.38s Sys=0.00s Real=0.03s
[1266.648s][info][gc,start    ] GC(210) Pause Young (Normal) (G1 Evacuation Pause)
[1266.648s][info][gc,task     ] GC(210) Using 8 workers of 8 for evacuation
[1266.683s][info][gc,phases   ] GC(210)   Pre Evacuate Collection Set: 0.40ms
[1266.683s][info][gc,phases   ] GC(210)   Merge Heap Roots: 0.15ms
[1266.683s][info][gc,phases   ] GC(210)   Evacuate Collection Set: 32.87ms
[1266.683s][info][gc,phases   ] GC(210)   Post Evacuate Collection Set: 1.96ms
[1266.683s][info][gc,phases   ] GC(210)   Other: 0.10ms
[1266.683s][info][gc,heap     ] GC(210) Eden regions: 1208->0(1201)
[1266.683s][info][gc,heap     ] GC(210) Survivor regions: 20->27(154)
[1266.683s][info][gc,heap     ] GC(210) Old regions: 143->143
[1266.683s][info][gc,heap     ] GC(210) Humongous regions: 0->0
[1266.683s][info][gc,metaspace] GC(210) Metaspace: 135522K(137088K)->135522K(137088K) NonClass: 114556K(115328K)->114556K(115328K) Class: 20966K(21760K)->20966K(21760K)
[1266.683s][info][gc          ] GC(210) Pause Young (Normal) (G1 Evacuation Pause) 5481M->677M(8192M) 35.720ms
[1266.683s][info][gc,cpu      ] GC(210) User=0.38s Sys=0.00s Real=0.04s
[1272.856s][info][gc,start    ] GC(211) Pause Young (Normal) (G1 Evacuation Pause)
[1272.856s][info][gc,task     ] GC(211) Using 8 workers of 8 for evacuation
[1272.892s][info][gc,phases   ] GC(211)   Pre Evacuate Collection Set: 0.30ms
[1272.892s][info][gc,phases   ] GC(211)   Merge Heap Roots: 0.12ms
[1272.892s][info][gc,phases   ] GC(211)   Evacuate Collection Set: 33.70ms
[1272.892s][info][gc,phases   ] GC(211)   Post Evacuate Collection Set: 1.87ms
[1272.892s][info][gc,phases   ] GC(211)   Other: 0.08ms
[1272.892s][info][gc,heap     ] GC(211) Eden regions: 1201->0(1199)
[1272.892s][info][gc,heap     ] GC(211) Survivor regions: 27->29(154)
[1272.892s][info][gc,heap     ] GC(211) Old regions: 143->143
[1272.892s][info][gc,heap     ] GC(211) Humongous regions: 0->0
[1272.892s][info][gc,metaspace] GC(211) Metaspace: 135522K(137088K)->135522K(137088K) NonClass: 114556K(115328K)->114556K(115328K) Class: 20966K(21760K)->20966K(21760K)
[1272.892s][info][gc          ] GC(211) Pause Young (Normal) (G1 Evacuation Pause) 5481M->684M(8192M) 36.305ms
[1272.892s][info][gc,cpu      ] GC(211) User=0.25s Sys=0.00s Real=0.04s
[1278.981s][info][gc,start    ] GC(212) Pause Young (Normal) (G1 Evacuation Pause)
[1278.981s][info][gc,task     ] GC(212) Using 8 workers of 8 for evacuation
[1279.001s][info][gc,phases   ] GC(212)   Pre Evacuate Collection Set: 0.32ms
[1279.001s][info][gc,phases   ] GC(212)   Merge Heap Roots: 0.15ms
[1279.002s][info][gc,phases   ] GC(212)   Evacuate Collection Set: 17.61ms
[1279.002s][info][gc,phases   ] GC(212)   Post Evacuate Collection Set: 1.86ms
[1279.002s][info][gc,phases   ] GC(212)   Other: 0.09ms
[1279.002s][info][gc,heap     ] GC(212) Eden regions: 1199->0(1213)
[1279.002s][info][gc,heap     ] GC(212) Survivor regions: 29->15(154)
[1279.002s][info][gc,heap     ] GC(212) Old regions: 143->143
[1279.002s][info][gc,heap     ] GC(212) Humongous regions: 0->0
[1279.002s][info][gc,metaspace] GC(212) Metaspace: 135524K(137088K)->135524K(137088K) NonClass: 114557K(115328K)->114557K(115328K) Class: 20966K(21760K)->20966K(21760K)
[1279.002s][info][gc          ] GC(212) Pause Young (Normal) (G1 Evacuation Pause) 5480M->630M(8192M) 20.289ms
[1279.002s][info][gc,cpu      ] GC(212) User=0.12s Sys=0.00s Real=0.02s
[1285.120s][info][gc,start    ] GC(213) Pause Young (Normal) (G1 Evacuation Pause)
[1285.120s][info][gc,task     ] GC(213) Using 8 workers of 8 for evacuation
[1285.155s][info][gc,phases   ] GC(213)   Pre Evacuate Collection Set: 0.31ms
[1285.155s][info][gc,phases   ] GC(213)   Merge Heap Roots: 0.14ms
[1285.155s][info][gc,phases   ] GC(213)   Evacuate Collection Set: 32.83ms
[1285.155s][info][gc,phases   ] GC(213)   Post Evacuate Collection Set: 2.16ms
[1285.155s][info][gc,phases   ] GC(213)   Other: 0.08ms
[1285.155s][info][gc,heap     ] GC(213) Eden regions: 1213->0(1202)
[1285.155s][info][gc,heap     ] GC(213) Survivor regions: 15->26(154)
[1285.155s][info][gc,heap     ] GC(213) Old regions: 143->143
[1285.155s][info][gc,heap     ] GC(213) Humongous regions: 0->0
[1285.155s][info][gc,metaspace] GC(213) Metaspace: 135524K(137088K)->135524K(137088K) NonClass: 114558K(115328K)->114558K(115328K) Class: 20966K(21760K)->20966K(21760K)
[1285.155s][info][gc          ] GC(213) Pause Young (Normal) (G1 Evacuation Pause) 5482M->674M(8192M) 35.739ms
[1285.155s][info][gc,cpu      ] GC(213) User=0.25s Sys=0.00s Real=0.04s
[1290.671s][info][gc,start    ] GC(214) Pause Young (Normal) (G1 Evacuation Pause)
[1290.671s][info][gc,task     ] GC(214) Using 8 workers of 8 for evacuation
[1290.714s][info][gc,phases   ] GC(214)   Pre Evacuate Collection Set: 0.34ms
[1290.714s][info][gc,phases   ] GC(214)   Merge Heap Roots: 0.13ms
[1290.714s][info][gc,phases   ] GC(214)   Evacuate Collection Set: 40.18ms
[1290.714s][info][gc,phases   ] GC(214)   Post Evacuate Collection Set: 1.88ms
[1290.714s][info][gc,phases   ] GC(214)   Other: 0.08ms
[1290.714s][info][gc,heap     ] GC(214) Eden regions: 1202->0(1193)
[1290.714s][info][gc,heap     ] GC(214) Survivor regions: 26->35(154)
[1290.714s][info][gc,heap     ] GC(214) Old regions: 143->143
[1290.714s][info][gc,heap     ] GC(214) Humongous regions: 0->0
[1290.714s][info][gc,metaspace] GC(214) Metaspace: 135536K(137088K)->135536K(137088K) NonClass: 114570K(115328K)->114570K(115328K) Class: 20966K(21760K)->20966K(21760K)
[1290.714s][info][gc          ] GC(214) Pause Young (Normal) (G1 Evacuation Pause) 5482M->708M(8192M) 42.856ms
[1290.714s][info][gc,cpu      ] GC(214) User=0.38s Sys=0.00s Real=0.04s
[1296.039s][info][gc,start    ] GC(215) Pause Young (Normal) (G1 Evacuation Pause)
[1296.039s][info][gc,task     ] GC(215) Using 8 workers of 8 for evacuation
[1296.077s][info][gc,phases   ] GC(215)   Pre Evacuate Collection Set: 0.31ms
[1296.077s][info][gc,phases   ] GC(215)   Merge Heap Roots: 0.14ms
[1296.077s][info][gc,phases   ] GC(215)   Evacuate Collection Set: 35.04ms
[1296.077s][info][gc,phases   ] GC(215)   Post Evacuate Collection Set: 2.92ms
[1296.077s][info][gc,phases   ] GC(215)   Other: 0.13ms
[1296.077s][info][gc,heap     ] GC(215) Eden regions: 1193->0(1200)
[1296.077s][info][gc,heap     ] GC(215) Survivor regions: 35->28(154)
[1296.077s][info][gc,heap     ] GC(215) Old regions: 143->143
[1296.077s][info][gc,heap     ] GC(215) Humongous regions: 0->0
[1296.077s][info][gc,metaspace] GC(215) Metaspace: 135539K(137088K)->135539K(137088K) NonClass: 114572K(115328K)->114572K(115328K) Class: 20966K(21760K)->20966K(21760K)
[1296.078s][info][gc          ] GC(215) Pause Young (Normal) (G1 Evacuation Pause) 5480M->680M(8192M) 38.902ms
[1296.078s][info][gc,cpu      ] GC(215) User=0.33s Sys=0.00s Real=0.04s
[1303.283s][info][gc,start    ] GC(216) Pause Young (Normal) (G1 Evacuation Pause)
[1303.283s][info][gc,task     ] GC(216) Using 8 workers of 8 for evacuation
[1303.311s][info][gc,phases   ] GC(216)   Pre Evacuate Collection Set: 0.34ms
[1303.311s][info][gc,phases   ] GC(216)   Merge Heap Roots: 0.18ms
[1303.311s][info][gc,phases   ] GC(216)   Evacuate Collection Set: 24.83ms
[1303.311s][info][gc,phases   ] GC(216)   Post Evacuate Collection Set: 1.87ms
[1303.311s][info][gc,phases   ] GC(216)   Other: 0.08ms
[1303.311s][info][gc,heap     ] GC(216) Eden regions: 1200->0(1208)
[1303.311s][info][gc,heap     ] GC(216) Survivor regions: 28->20(154)
[1303.311s][info][gc,heap     ] GC(216) Old regions: 143->143
[1303.311s][info][gc,heap     ] GC(216) Humongous regions: 0->0
[1303.311s][info][gc,metaspace] GC(216) Metaspace: 135539K(137088K)->135539K(137088K) NonClass: 114572K(115328K)->114572K(115328K) Class: 20966K(21760K)->20966K(21760K)
[1303.311s][info][gc          ] GC(216) Pause Young (Normal) (G1 Evacuation Pause) 5480M->648M(8192M) 27.517ms
[1303.311s][info][gc,cpu      ] GC(216) User=0.25s Sys=0.00s Real=0.03s
[1308.834s][info][gc,start    ] GC(217) Pause Young (Normal) (G1 Evacuation Pause)
[1308.834s][info][gc,task     ] GC(217) Using 8 workers of 8 for evacuation
[1308.871s][info][gc,phases   ] GC(217)   Pre Evacuate Collection Set: 0.37ms
[1308.871s][info][gc,phases   ] GC(217)   Merge Heap Roots: 0.16ms
[1308.871s][info][gc,phases   ] GC(217)   Evacuate Collection Set: 34.61ms
[1308.871s][info][gc,phases   ] GC(217)   Post Evacuate Collection Set: 1.86ms
[1308.871s][info][gc,phases   ] GC(217)   Other: 0.09ms
[1308.872s][info][gc,heap     ] GC(217) Eden regions: 1208->0(1199)
[1308.872s][info][gc,heap     ] GC(217) Survivor regions: 20->29(154)
[1308.872s][info][gc,heap     ] GC(217) Old regions: 143->143
[1308.872s][info][gc,heap     ] GC(217) Humongous regions: 0->0
[1308.872s][info][gc,metaspace] GC(217) Metaspace: 135539K(137088K)->135539K(137088K) NonClass: 114572K(115328K)->114572K(115328K) Class: 20966K(21760K)->20966K(21760K)
[1308.872s][info][gc          ] GC(217) Pause Young (Normal) (G1 Evacuation Pause) 5480M->686M(8192M) 37.298ms
[1308.872s][info][gc,cpu      ] GC(217) User=0.38s Sys=0.00s Real=0.04s
[1313.837s][info][gc,start    ] GC(218) Pause Young (Normal) (G1 Evacuation Pause)
[1313.837s][info][gc,task     ] GC(218) Using 8 workers of 8 for evacuation
[1313.881s][info][gc,phases   ] GC(218)   Pre Evacuate Collection Set: 0.34ms
[1313.881s][info][gc,phases   ] GC(218)   Merge Heap Roots: 0.13ms
[1313.881s][info][gc,phases   ] GC(218)   Evacuate Collection Set: 40.89ms
[1313.881s][info][gc,phases   ] GC(218)   Post Evacuate Collection Set: 2.26ms
[1313.881s][info][gc,phases   ] GC(218)   Other: 0.09ms
[1313.881s][info][gc,heap     ] GC(218) Eden regions: 1199->0(1198)
[1313.881s][info][gc,heap     ] GC(218) Survivor regions: 29->30(154)
[1313.881s][info][gc,heap     ] GC(218) Old regions: 143->143
[1313.881s][info][gc,heap     ] GC(218) Humongous regions: 0->0
[1313.881s][info][gc,metaspace] GC(218) Metaspace: 135539K(137088K)->135539K(137088K) NonClass: 114572K(115328K)->114572K(115328K) Class: 20966K(21760K)->20966K(21760K)
[1313.881s][info][gc          ] GC(218) Pause Young (Normal) (G1 Evacuation Pause) 5482M->688M(8192M) 43.956ms
[1313.881s][info][gc,cpu      ] GC(218) User=0.25s Sys=0.00s Real=0.04s
[1320.049s][info][gc,start    ] GC(219) Pause Young (Normal) (G1 Evacuation Pause)
[1320.049s][info][gc,task     ] GC(219) Using 8 workers of 8 for evacuation
[1320.071s][info][gc,phases   ] GC(219)   Pre Evacuate Collection Set: 0.29ms
[1320.071s][info][gc,phases   ] GC(219)   Merge Heap Roots: 0.14ms
[1320.071s][info][gc,phases   ] GC(219)   Evacuate Collection Set: 19.57ms
[1320.071s][info][gc,phases   ] GC(219)   Post Evacuate Collection Set: 1.86ms
[1320.071s][info][gc,phases   ] GC(219)   Other: 0.09ms
[1320.071s][info][gc,heap     ] GC(219) Eden regions: 1198->0(1210)
[1320.071s][info][gc,heap     ] GC(219) Survivor regions: 30->18(154)
[1320.071s][info][gc,heap     ] GC(219) Old regions: 143->143
[1320.071s][info][gc,heap     ] GC(219) Humongous regions: 0->0
[1320.071s][info][gc,metaspace] GC(219) Metaspace: 135541K(137088K)->135541K(137088K) NonClass: 114575K(115328K)->114575K(115328K) Class: 20966K(21760K)->20966K(21760K)
[1320.071s][info][gc          ] GC(219) Pause Young (Normal) (G1 Evacuation Pause) 5480M->640M(8192M) 22.198ms
[1320.071s][info][gc,cpu      ] GC(219) User=0.25s Sys=0.00s Real=0.02s
[1326.036s][info][gc,start    ] GC(220) Pause Young (Normal) (G1 Evacuation Pause)
[1326.037s][info][gc,task     ] GC(220) Using 8 workers of 8 for evacuation
[1326.072s][info][gc,phases   ] GC(220)   Pre Evacuate Collection Set: 0.31ms
[1326.072s][info][gc,phases   ] GC(220)   Merge Heap Roots: 0.14ms
[1326.072s][info][gc,phases   ] GC(220)   Evacuate Collection Set: 32.34ms
[1326.072s][info][gc,phases   ] GC(220)   Post Evacuate Collection Set: 2.13ms
[1326.072s][info][gc,phases   ] GC(220)   Other: 0.09ms
[1326.072s][info][gc,heap     ] GC(220) Eden regions: 1210->0(1201)
[1326.072s][info][gc,heap     ] GC(220) Survivor regions: 18->27(154)
[1326.072s][info][gc,heap     ] GC(220) Old regions: 143->143
[1326.072s][info][gc,heap     ] GC(220) Humongous regions: 0->0
[1326.072s][info][gc,metaspace] GC(220) Metaspace: 135544K(137088K)->135544K(137088K) NonClass: 114577K(115328K)->114577K(115328K) Class: 20966K(21760K)->20966K(21760K)
[1326.072s][info][gc          ] GC(220) Pause Young (Normal) (G1 Evacuation Pause) 5480M->678M(8192M) 35.253ms
[1326.072s][info][gc,cpu      ] GC(220) User=0.31s Sys=0.00s Real=0.04s
[1331.376s][info][gc,start    ] GC(221) Pause Young (Normal) (G1 Evacuation Pause)
[1331.376s][info][gc,task     ] GC(221) Using 8 workers of 8 for evacuation
[1331.414s][info][gc,phases   ] GC(221)   Pre Evacuate Collection Set: 0.30ms
[1331.414s][info][gc,phases   ] GC(221)   Merge Heap Roots: 0.16ms
[1331.414s][info][gc,phases   ] GC(221)   Evacuate Collection Set: 35.86ms
[1331.414s][info][gc,phases   ] GC(221)   Post Evacuate Collection Set: 2.15ms
[1331.414s][info][gc,phases   ] GC(221)   Other: 0.08ms
[1331.414s][info][gc,heap     ] GC(221) Eden regions: 1201->0(1197)
[1331.414s][info][gc,heap     ] GC(221) Survivor regions: 27->31(154)
[1331.414s][info][gc,heap     ] GC(221) Old regions: 143->143
[1331.414s][info][gc,heap     ] GC(221) Humongous regions: 0->0
[1331.414s][info][gc,metaspace] GC(221) Metaspace: 135544K(137088K)->135544K(137088K) NonClass: 114577K(115328K)->114577K(115328K) Class: 20966K(21760K)->20966K(21760K)
[1331.414s][info][gc          ] GC(221) Pause Young (Normal) (G1 Evacuation Pause) 5482M->694M(8192M) 38.765ms
[1331.414s][info][gc,cpu      ] GC(221) User=0.25s Sys=0.00s Real=0.04s
[1337.297s][info][gc,start    ] GC(222) Pause Young (Normal) (G1 Evacuation Pause)
[1337.297s][info][gc,task     ] GC(222) Using 8 workers of 8 for evacuation
[1337.318s][info][gc,phases   ] GC(222)   Pre Evacuate Collection Set: 0.31ms
[1337.318s][info][gc,phases   ] GC(222)   Merge Heap Roots: 0.13ms
[1337.318s][info][gc,phases   ] GC(222)   Evacuate Collection Set: 18.88ms
[1337.318s][info][gc,phases   ] GC(222)   Post Evacuate Collection Set: 1.81ms
[1337.318s][info][gc,phases   ] GC(222)   Other: 0.08ms
[1337.318s][info][gc,heap     ] GC(222) Eden regions: 1197->0(1211)
[1337.318s][info][gc,heap     ] GC(222) Survivor regions: 31->17(154)
[1337.318s][info][gc,heap     ] GC(222) Old regions: 143->144
[1337.319s][info][gc,heap     ] GC(222) Humongous regions: 0->0
[1337.319s][info][gc,metaspace] GC(222) Metaspace: 135546K(137088K)->135546K(137088K) NonClass: 114580K(115328K)->114580K(115328K) Class: 20966K(21760K)->20966K(21760K)
[1337.319s][info][gc          ] GC(222) Pause Young (Normal) (G1 Evacuation Pause) (Evacuation Failure: Pinned) 5482M->643M(8192M) 21.444ms
[1337.319s][info][gc,cpu      ] GC(222) User=0.12s Sys=0.00s Real=0.02s
[1344.234s][info][gc,start    ] GC(223) Pause Young (Normal) (G1 Evacuation Pause)
[1344.234s][info][gc,task     ] GC(223) Using 8 workers of 8 for evacuation
[1344.263s][info][gc,phases   ] GC(223)   Pre Evacuate Collection Set: 0.31ms
[1344.264s][info][gc,phases   ] GC(223)   Merge Heap Roots: 0.13ms
[1344.264s][info][gc,phases   ] GC(223)   Evacuate Collection Set: 26.83ms
[1344.264s][info][gc,phases   ] GC(223)   Post Evacuate Collection Set: 1.84ms
[1344.264s][info][gc,phases   ] GC(223)   Other: 0.11ms
[1344.264s][info][gc,heap     ] GC(223) Eden regions: 1211->0(1206)
[1344.264s][info][gc,heap     ] GC(223) Survivor regions: 17->22(154)
[1344.264s][info][gc,heap     ] GC(223) Old regions: 144->143
[1344.264s][info][gc,heap     ] GC(223) Humongous regions: 0->0
[1344.264s][info][gc,metaspace] GC(223) Metaspace: 135567K(137088K)->135567K(137088K) NonClass: 114598K(115328K)->114598K(115328K) Class: 20968K(21760K)->20968K(21760K)
[1344.264s][info][gc          ] GC(223) Pause Young (Normal) (G1 Evacuation Pause) 5487M->659M(8192M) 29.475ms
[1344.264s][info][gc,cpu      ] GC(223) User=0.25s Sys=0.00s Real=0.03s
[1350.981s][info][gc,start    ] GC(224) Pause Young (Normal) (G1 Evacuation Pause)
[1350.981s][info][gc,task     ] GC(224) Using 8 workers of 8 for evacuation
[1351.012s][info][gc,phases   ] GC(224)   Pre Evacuate Collection Set: 0.28ms
[1351.012s][info][gc,phases   ] GC(224)   Merge Heap Roots: 0.13ms
[1351.012s][info][gc,phases   ] GC(224)   Evacuate Collection Set: 29.43ms
[1351.012s][info][gc,phases   ] GC(224)   Post Evacuate Collection Set: 1.84ms
[1351.012s][info][gc,phases   ] GC(224)   Other: 0.08ms
[1351.012s][info][gc,heap     ] GC(224) Eden regions: 1206->0(1202)
[1351.012s][info][gc,heap     ] GC(224) Survivor regions: 22->26(154)
[1351.012s][info][gc,heap     ] GC(224) Old regions: 143->143
[1351.012s][info][gc,heap     ] GC(224) Humongous regions: 0->0
[1351.012s][info][gc,metaspace] GC(224) Metaspace: 135568K(137088K)->135568K(137088K) NonClass: 114600K(115328K)->114600K(115328K) Class: 20968K(21760K)->20968K(21760K)
[1351.012s][info][gc          ] GC(224) Pause Young (Normal) (G1 Evacuation Pause) 5483M->673M(8192M) 31.982ms
[1351.013s][info][gc,cpu      ] GC(224) User=0.25s Sys=0.00s Real=0.03s
[1356.497s][info][gc,start    ] GC(225) Pause Young (Normal) (G1 Evacuation Pause)
[1356.497s][info][gc,task     ] GC(225) Using 8 workers of 8 for evacuation
[1356.533s][info][gc,phases   ] GC(225)   Pre Evacuate Collection Set: 0.36ms
[1356.533s][info][gc,phases   ] GC(225)   Merge Heap Roots: 0.14ms
[1356.533s][info][gc,phases   ] GC(225)   Evacuate Collection Set: 33.32ms
[1356.533s][info][gc,phases   ] GC(225)   Post Evacuate Collection Set: 2.33ms
[1356.533s][info][gc,phases   ] GC(225)   Other: 0.09ms
[1356.533s][info][gc,heap     ] GC(225) Eden regions: 1202->0(1200)
[1356.533s][info][gc,heap     ] GC(225) Survivor regions: 26->28(154)
[1356.533s][info][gc,heap     ] GC(225) Old regions: 143->143
[1356.533s][info][gc,heap     ] GC(225) Humongous regions: 0->0
[1356.533s][info][gc,metaspace] GC(225) Metaspace: 135573K(137088K)->135573K(137088K) NonClass: 114604K(115328K)->114604K(115328K) Class: 20968K(21760K)->20968K(21760K)
[1356.533s][info][gc          ] GC(225) Pause Young (Normal) (G1 Evacuation Pause) 5481M->681M(8192M) 36.499ms
[1356.533s][info][gc,cpu      ] GC(225) User=0.25s Sys=0.00s Real=0.04s
[1362.174s][info][gc,start    ] GC(226) Pause Young (Normal) (G1 Evacuation Pause)
[1362.174s][info][gc,task     ] GC(226) Using 8 workers of 8 for evacuation
[1362.194s][info][gc,phases   ] GC(226)   Pre Evacuate Collection Set: 0.38ms
[1362.194s][info][gc,phases   ] GC(226)   Merge Heap Roots: 0.14ms
[1362.194s][info][gc,phases   ] GC(226)   Evacuate Collection Set: 17.20ms
[1362.194s][info][gc,phases   ] GC(226)   Post Evacuate Collection Set: 2.24ms
[1362.194s][info][gc,phases   ] GC(226)   Other: 0.09ms
[1362.194s][info][gc,heap     ] GC(226) Eden regions: 1200->0(1213)
[1362.194s][info][gc,heap     ] GC(226) Survivor regions: 28->15(154)
[1362.194s][info][gc,heap     ] GC(226) Old regions: 143->143
[1362.194s][info][gc,heap     ] GC(226) Humongous regions: 0->0
[1362.195s][info][gc,metaspace] GC(226) Metaspace: 135573K(137088K)->135573K(137088K) NonClass: 114604K(115328K)->114604K(115328K) Class: 20968K(21760K)->20968K(21760K)
[1362.195s][info][gc          ] GC(226) Pause Young (Normal) (G1 Evacuation Pause) 5481M->631M(8192M) 20.285ms
[1362.195s][info][gc,cpu      ] GC(226) User=0.12s Sys=0.00s Real=0.02s
[1368.369s][info][gc,start    ] GC(227) Pause Young (Normal) (G1 Evacuation Pause)
[1368.369s][info][gc,task     ] GC(227) Using 8 workers of 8 for evacuation
[1368.396s][info][gc,phases   ] GC(227)   Pre Evacuate Collection Set: 0.48ms
[1368.396s][info][gc,phases   ] GC(227)   Merge Heap Roots: 0.17ms
[1368.396s][info][gc,phases   ] GC(227)   Evacuate Collection Set: 24.53ms
[1368.396s][info][gc,phases   ] GC(227)   Post Evacuate Collection Set: 1.94ms
[1368.396s][info][gc,phases   ] GC(227)   Other: 0.22ms
[1368.396s][info][gc,heap     ] GC(227) Eden regions: 1213->0(1208)
[1368.396s][info][gc,heap     ] GC(227) Survivor regions: 15->20(154)
[1368.396s][info][gc,heap     ] GC(227) Old regions: 143->143
[1368.396s][info][gc,heap     ] GC(227) Humongous regions: 0->0
[1368.396s][info][gc,metaspace] GC(227) Metaspace: 135573K(137088K)->135573K(137088K) NonClass: 114604K(115328K)->114604K(115328K) Class: 20968K(21760K)->20968K(21760K)
[1368.396s][info][gc          ] GC(227) Pause Young (Normal) (G1 Evacuation Pause) 5483M->650M(8192M) 27.592ms
[1368.396s][info][gc,cpu      ] GC(227) User=0.12s Sys=0.00s Real=0.03s
[1373.892s][info][gc,start    ] GC(228) Pause Young (Normal) (G1 Evacuation Pause)
[1373.892s][info][gc,task     ] GC(228) Using 8 workers of 8 for evacuation
[1373.928s][info][gc,phases   ] GC(228)   Pre Evacuate Collection Set: 0.37ms
[1373.928s][info][gc,phases   ] GC(228)   Merge Heap Roots: 0.14ms
[1373.928s][info][gc,phases   ] GC(228)   Evacuate Collection Set: 32.83ms
[1373.928s][info][gc,phases   ] GC(228)   Post Evacuate Collection Set: 1.99ms
[1373.928s][info][gc,phases   ] GC(228)   Other: 0.10ms
[1373.928s][info][gc,heap     ] GC(228) Eden regions: 1208->0(1199)
[1373.928s][info][gc,heap     ] GC(228) Survivor regions: 20->29(154)
[1373.928s][info][gc,heap     ] GC(228) Old regions: 143->143
[1373.928s][info][gc,heap     ] GC(228) Humongous regions: 0->0
[1373.928s][info][gc,metaspace] GC(228) Metaspace: 135573K(137088K)->135573K(137088K) NonClass: 114604K(115328K)->114604K(115328K) Class: 20968K(21760K)->20968K(21760K)
[1373.928s][info][gc          ] GC(228) Pause Young (Normal) (G1 Evacuation Pause) 5482M->687M(8192M) 35.655ms
[1373.928s][info][gc,cpu      ] GC(228) User=0.25s Sys=0.00s Real=0.04s
[1379.494s][info][gc,start    ] GC(229) Pause Young (Normal) (G1 Evacuation Pause)
[1379.494s][info][gc,task     ] GC(229) Using 8 workers of 8 for evacuation
[1379.509s][info][gc,phases   ] GC(229)   Pre Evacuate Collection Set: 0.30ms
[1379.509s][info][gc,phases   ] GC(229)   Merge Heap Roots: 0.15ms
[1379.509s][info][gc,phases   ] GC(229)   Evacuate Collection Set: 12.90ms
[1379.509s][info][gc,phases   ] GC(229)   Post Evacuate Collection Set: 1.99ms
[1379.509s][info][gc,phases   ] GC(229)   Other: 0.09ms
[1379.510s][info][gc,heap     ] GC(229) Eden regions: 1199->0(1215)
[1379.510s][info][gc,heap     ] GC(229) Survivor regions: 29->13(154)
[1379.510s][info][gc,heap     ] GC(229) Old regions: 143->143
[1379.510s][info][gc,heap     ] GC(229) Humongous regions: 0->0
[1379.510s][info][gc,metaspace] GC(229) Metaspace: 135577K(137152K)->135577K(137152K) NonClass: 114608K(115392K)->114608K(115392K) Class: 20968K(21760K)->20968K(21760K)
[1379.510s][info][gc          ] GC(229) Pause Young (Normal) (G1 Evacuation Pause) 5483M->621M(8192M) 15.668ms
[1379.510s][info][gc,cpu      ] GC(229) User=0.12s Sys=0.00s Real=0.01s
[1386.706s][info][gc,start    ] GC(230) Pause Young (Normal) (G1 Evacuation Pause)
[1386.706s][info][gc,task     ] GC(230) Using 8 workers of 8 for evacuation
[1386.730s][info][gc,phases   ] GC(230)   Pre Evacuate Collection Set: 0.36ms
[1386.730s][info][gc,phases   ] GC(230)   Merge Heap Roots: 0.14ms
[1386.730s][info][gc,phases   ] GC(230)   Evacuate Collection Set: 21.70ms
[1386.730s][info][gc,phases   ] GC(230)   Post Evacuate Collection Set: 1.79ms
[1386.730s][info][gc,phases   ] GC(230)   Other: 0.08ms
[1386.730s][info][gc,heap     ] GC(230) Eden regions: 1215->0(1209)
[1386.730s][info][gc,heap     ] GC(230) Survivor regions: 13->19(154)
[1386.730s][info][gc,heap     ] GC(230) Old regions: 143->143
[1386.730s][info][gc,heap     ] GC(230) Humongous regions: 0->0
[1386.730s][info][gc,metaspace] GC(230) Metaspace: 135578K(137152K)->135578K(137152K) NonClass: 114610K(115392K)->114610K(115392K) Class: 20968K(21760K)->20968K(21760K)
[1386.730s][info][gc          ] GC(230) Pause Young (Normal) (G1 Evacuation Pause) 5481M->647M(8192M) 24.312ms
[1386.730s][info][gc,cpu      ] GC(230) User=0.25s Sys=0.00s Real=0.02s
[1394.744s][info][gc,start    ] GC(231) Pause Young (Normal) (G1 Evacuation Pause)
[1394.744s][info][gc,task     ] GC(231) Using 8 workers of 8 for evacuation
[1394.771s][info][gc,phases   ] GC(231)   Pre Evacuate Collection Set: 0.35ms
[1394.771s][info][gc,phases   ] GC(231)   Merge Heap Roots: 0.14ms
[1394.771s][info][gc,phases   ] GC(231)   Evacuate Collection Set: 24.41ms
[1394.771s][info][gc,phases   ] GC(231)   Post Evacuate Collection Set: 1.90ms
[1394.771s][info][gc,phases   ] GC(231)   Other: 0.09ms
[1394.771s][info][gc,heap     ] GC(231) Eden regions: 1209->0(1206)
[1394.771s][info][gc,heap     ] GC(231) Survivor regions: 19->22(154)
[1394.771s][info][gc,heap     ] GC(231) Old regions: 143->144
[1394.771s][info][gc,heap     ] GC(231) Humongous regions: 0->0
[1394.771s][info][gc,metaspace] GC(231) Metaspace: 135583K(137152K)->135583K(137152K) NonClass: 114614K(115392K)->114614K(115392K) Class: 20968K(21760K)->20968K(21760K)
[1394.771s][info][gc          ] GC(231) Pause Young (Normal) (G1 Evacuation Pause) 5483M->658M(8192M) 27.125ms
[1394.771s][info][gc,cpu      ] GC(231) User=0.12s Sys=0.00s Real=0.03s
[1400.285s][info][gc,start    ] GC(232) Pause Young (Normal) (G1 Evacuation Pause)
[1400.285s][info][gc,task     ] GC(232) Using 8 workers of 8 for evacuation
[1400.316s][info][gc,phases   ] GC(232)   Pre Evacuate Collection Set: 0.30ms
[1400.316s][info][gc,phases   ] GC(232)   Merge Heap Roots: 0.13ms
[1400.316s][info][gc,phases   ] GC(232)   Evacuate Collection Set: 28.32ms
[1400.316s][info][gc,phases   ] GC(232)   Post Evacuate Collection Set: 1.96ms
[1400.316s][info][gc,phases   ] GC(232)   Other: 0.09ms
[1400.316s][info][gc,heap     ] GC(232) Eden regions: 1206->0(1202)
[1400.316s][info][gc,heap     ] GC(232) Survivor regions: 22->26(154)
[1400.316s][info][gc,heap     ] GC(232) Old regions: 144->145
[1400.316s][info][gc,heap     ] GC(232) Humongous regions: 0->0
[1400.316s][info][gc,metaspace] GC(232) Metaspace: 135586K(137152K)->135586K(137152K) NonClass: 114618K(115392K)->114618K(115392K) Class: 20968K(21760K)->20968K(21760K)
[1400.316s][info][gc          ] GC(232) Pause Young (Normal) (G1 Evacuation Pause) (Evacuation Failure: Pinned) 5482M->678M(8192M) 31.076ms
[1400.316s][info][gc,cpu      ] GC(232) User=0.25s Sys=0.00s Real=0.03s
[1406.341s][info][gc,start    ] GC(233) Pause Young (Normal) (G1 Evacuation Pause)
[1406.341s][info][gc,task     ] GC(233) Using 8 workers of 8 for evacuation
[1406.364s][info][gc,phases   ] GC(233)   Pre Evacuate Collection Set: 0.33ms
[1406.364s][info][gc,phases   ] GC(233)   Merge Heap Roots: 0.12ms
[1406.364s][info][gc,phases   ] GC(233)   Evacuate Collection Set: 20.02ms
[1406.364s][info][gc,phases   ] GC(233)   Post Evacuate Collection Set: 1.98ms
[1406.364s][info][gc,phases   ] GC(233)   Other: 0.08ms
[1406.364s][info][gc,heap     ] GC(233) Eden regions: 1202->0(1210)
[1406.364s][info][gc,heap     ] GC(233) Survivor regions: 26->18(154)
[1406.364s][info][gc,heap     ] GC(233) Old regions: 145->144
[1406.364s][info][gc,heap     ] GC(233) Humongous regions: 0->0
[1406.364s][info][gc,metaspace] GC(233) Metaspace: 135589K(137152K)->135589K(137152K) NonClass: 114621K(115392K)->114621K(115392K) Class: 20968K(21760K)->20968K(21760K)
[1406.364s][info][gc          ] GC(233) Pause Young (Normal) (G1 Evacuation Pause) 5486M->642M(8192M) 22.748ms
[1406.364s][info][gc,cpu      ] GC(233) User=0.12s Sys=0.00s Real=0.02s
[1413.108s][info][gc,start    ] GC(234) Pause Young (Normal) (G1 Evacuation Pause)
[1413.108s][info][gc,task     ] GC(234) Using 8 workers of 8 for evacuation
[1413.135s][info][gc,phases   ] GC(234)   Pre Evacuate Collection Set: 0.36ms
[1413.135s][info][gc,phases   ] GC(234)   Merge Heap Roots: 0.13ms
[1413.135s][info][gc,phases   ] GC(234)   Evacuate Collection Set: 24.92ms
[1413.135s][info][gc,phases   ] GC(234)   Post Evacuate Collection Set: 1.86ms
[1413.135s][info][gc,phases   ] GC(234)   Other: 0.08ms
[1413.135s][info][gc,heap     ] GC(234) Eden regions: 1210->0(1207)
[1413.135s][info][gc,heap     ] GC(234) Survivor regions: 18->21(154)
[1413.135s][info][gc,heap     ] GC(234) Old regions: 144->144
[1413.135s][info][gc,heap     ] GC(234) Humongous regions: 0->0
[1413.135s][info][gc,metaspace] GC(234) Metaspace: 135589K(137152K)->135589K(137152K) NonClass: 114621K(115392K)->114621K(115392K) Class: 20968K(21760K)->20968K(21760K)
[1413.135s][info][gc          ] GC(234) Pause Young (Normal) (G1 Evacuation Pause) 5482M->656M(8192M) 27.584ms
[1413.135s][info][gc,cpu      ] GC(234) User=0.25s Sys=0.00s Real=0.03s
[1419.792s][info][gc,start    ] GC(235) Pause Young (Normal) (G1 Evacuation Pause)
[1419.792s][info][gc,task     ] GC(235) Using 8 workers of 8 for evacuation
[1419.822s][info][gc,phases   ] GC(235)   Pre Evacuate Collection Set: 0.34ms
[1419.822s][info][gc,phases   ] GC(235)   Merge Heap Roots: 0.14ms
[1419.822s][info][gc,phases   ] GC(235)   Evacuate Collection Set: 28.01ms
[1419.822s][info][gc,phases   ] GC(235)   Post Evacuate Collection Set: 1.97ms
[1419.822s][info][gc,phases   ] GC(235)   Other: 0.08ms
[1419.822s][info][gc,heap     ] GC(235) Eden regions: 1207->0(1203)
[1419.822s][info][gc,heap     ] GC(235) Survivor regions: 21->25(154)
[1419.822s][info][gc,heap     ] GC(235) Old regions: 144->144
[1419.822s][info][gc,heap     ] GC(235) Humongous regions: 0->0
[1419.822s][info][gc,metaspace] GC(235) Metaspace: 135589K(137152K)->135589K(137152K) NonClass: 114621K(115392K)->114621K(115392K) Class: 20968K(21760K)->20968K(21760K)
[1419.823s][info][gc          ] GC(235) Pause Young (Normal) (G1 Evacuation Pause) 5484M->670M(8192M) 30.767ms
[1419.823s][info][gc,cpu      ] GC(235) User=0.25s Sys=0.00s Real=0.03s
[1427.022s][info][gc,start    ] GC(236) Pause Young (Normal) (G1 Evacuation Pause)
[1427.022s][info][gc,task     ] GC(236) Using 8 workers of 8 for evacuation
[1427.046s][info][gc,phases   ] GC(236)   Pre Evacuate Collection Set: 0.42ms
[1427.046s][info][gc,phases   ] GC(236)   Merge Heap Roots: 0.14ms
[1427.046s][info][gc,phases   ] GC(236)   Evacuate Collection Set: 21.68ms
[1427.046s][info][gc,phases   ] GC(236)   Post Evacuate Collection Set: 1.81ms
[1427.046s][info][gc,phases   ] GC(236)   Other: 0.09ms
[1427.047s][info][gc,heap     ] GC(236) Eden regions: 1203->0(1211)
[1427.047s][info][gc,heap     ] GC(236) Survivor regions: 25->17(154)
[1427.047s][info][gc,heap     ] GC(236) Old regions: 144->144
[1427.047s][info][gc,heap     ] GC(236) Humongous regions: 0->0
[1427.047s][info][gc,metaspace] GC(236) Metaspace: 135594K(137152K)->135594K(137152K) NonClass: 114625K(115392K)->114625K(115392K) Class: 20968K(21760K)->20968K(21760K)
[1427.047s][info][gc          ] GC(236) Pause Young (Normal) (G1 Evacuation Pause) 5482M->640M(8192M) 24.379ms
[1427.047s][info][gc,cpu      ] GC(236) User=0.25s Sys=0.00s Real=0.02s
[1434.941s][info][gc,start    ] GC(237) Pause Young (Normal) (G1 Evacuation Pause)
[1434.941s][info][gc,task     ] GC(237) Using 8 workers of 8 for evacuation
[1434.965s][info][gc,phases   ] GC(237)   Pre Evacuate Collection Set: 0.32ms
[1434.965s][info][gc,phases   ] GC(237)   Merge Heap Roots: 0.14ms
[1434.965s][info][gc,phases   ] GC(237)   Evacuate Collection Set: 20.94ms
[1434.965s][info][gc,phases   ] GC(237)   Post Evacuate Collection Set: 2.04ms
[1434.965s][info][gc,phases   ] GC(237)   Other: 0.08ms
[1434.965s][info][gc,heap     ] GC(237) Eden regions: 1211->0(1210)
[1434.965s][info][gc,heap     ] GC(237) Survivor regions: 17->18(154)
[1434.965s][info][gc,heap     ] GC(237) Old regions: 144->144
[1434.965s][info][gc,heap     ] GC(237) Humongous regions: 0->0
[1434.965s][info][gc,metaspace] GC(237) Metaspace: 135599K(137152K)->135599K(137152K) NonClass: 114630K(115392K)->114630K(115392K) Class: 20968K(21760K)->20968K(21760K)
[1434.965s][info][gc          ] GC(237) Pause Young (Normal) (G1 Evacuation Pause) 5484M->643M(8192M) 23.748ms
[1434.965s][info][gc,cpu      ] GC(237) User=0.25s Sys=0.00s Real=0.02s
[1440.530s][info][gc,start    ] GC(238) Pause Young (Normal) (G1 Evacuation Pause)
[1440.530s][info][gc,task     ] GC(238) Using 8 workers of 8 for evacuation
[1440.571s][info][gc,phases   ] GC(238)   Pre Evacuate Collection Set: 0.39ms
[1440.571s][info][gc,phases   ] GC(238)   Merge Heap Roots: 0.14ms
[1440.571s][info][gc,phases   ] GC(238)   Evacuate Collection Set: 37.81ms
[1440.571s][info][gc,phases   ] GC(238)   Post Evacuate Collection Set: 1.82ms
[1440.571s][info][gc,phases   ] GC(238)   Other: 0.10ms
[1440.571s][info][gc,heap     ] GC(238) Eden regions: 1210->0(1197)
[1440.571s][info][gc,heap     ] GC(238) Survivor regions: 18->31(154)
[1440.571s][info][gc,heap     ] GC(238) Old regions: 144->144
[1440.571s][info][gc,heap     ] GC(238) Humongous regions: 0->0
[1440.571s][info][gc,metaspace] GC(238) Metaspace: 135600K(137152K)->135600K(137152K) NonClass: 114631K(115392K)->114631K(115392K) Class: 20968K(21760K)->20968K(21760K)
[1440.571s][info][gc          ] GC(238) Pause Young (Normal) (G1 Evacuation Pause) 5483M->694M(8192M) 40.536ms
[1440.571s][info][gc,cpu      ] GC(238) User=0.38s Sys=0.00s Real=0.04s
[1445.169s][info][gc,start    ] GC(239) Pause Young (Normal) (G1 Evacuation Pause)
[1445.169s][info][gc,task     ] GC(239) Using 8 workers of 8 for evacuation
[1445.194s][info][gc,phases   ] GC(239)   Pre Evacuate Collection Set: 0.27ms
[1445.194s][info][gc,phases   ] GC(239)   Merge Heap Roots: 0.13ms
[1445.194s][info][gc,phases   ] GC(239)   Evacuate Collection Set: 23.14ms
[1445.194s][info][gc,phases   ] GC(239)   Post Evacuate Collection Set: 1.80ms
[1445.194s][info][gc,phases   ] GC(239)   Other: 0.08ms
[1445.194s][info][gc,heap     ] GC(239) Eden regions: 1197->0(1209)
[1445.195s][info][gc,heap     ] GC(239) Survivor regions: 31->19(154)
[1445.195s][info][gc,heap     ] GC(239) Old regions: 144->144
[1445.195s][info][gc,heap     ] GC(239) Humongous regions: 0->0
[1445.195s][info][gc,metaspace] GC(239) Metaspace: 135605K(137152K)->135605K(137152K) NonClass: 114636K(115392K)->114636K(115392K) Class: 20968K(21760K)->20968K(21760K)
[1445.195s][info][gc          ] GC(239) Pause Young (Normal) (G1 Evacuation Pause) 5482M->646M(8192M) 25.656ms
[1445.195s][info][gc,cpu      ] GC(239) User=0.12s Sys=0.00s Real=0.02s
[1452.604s][info][gc,start    ] GC(240) Pause Young (Normal) (G1 Evacuation Pause)
[1452.604s][info][gc,task     ] GC(240) Using 8 workers of 8 for evacuation
[1452.627s][info][gc,phases   ] GC(240)   Pre Evacuate Collection Set: 0.29ms
[1452.627s][info][gc,phases   ] GC(240)   Merge Heap Roots: 0.13ms
[1452.627s][info][gc,phases   ] GC(240)   Evacuate Collection Set: 20.80ms
[1452.627s][info][gc,phases   ] GC(240)   Post Evacuate Collection Set: 2.09ms
[1452.627s][info][gc,phases   ] GC(240)   Other: 0.08ms
[1452.627s][info][gc,heap     ] GC(240) Eden regions: 1209->0(1210)
[1452.627s][info][gc,heap     ] GC(240) Survivor regions: 19->18(154)
[1452.627s][info][gc,heap     ] GC(240) Old regions: 144->144
[1452.627s][info][gc,heap     ] GC(240) Humongous regions: 0->0
[1452.627s][info][gc,metaspace] GC(240) Metaspace: 135612K(137152K)->135612K(137152K) NonClass: 114643K(115392K)->114643K(115392K) Class: 20968K(21760K)->20968K(21760K)
[1452.627s][info][gc          ] GC(240) Pause Young (Normal) (G1 Evacuation Pause) 5482M->644M(8192M) 23.624ms
[1452.627s][info][gc,cpu      ] GC(240) User=0.12s Sys=0.00s Real=0.02s
[1458.836s][info][gc,start    ] GC(241) Pause Young (Normal) (G1 Evacuation Pause)
[1458.836s][info][gc,task     ] GC(241) Using 8 workers of 8 for evacuation
[1458.868s][info][gc,phases   ] GC(241)   Pre Evacuate Collection Set: 0.34ms
[1458.868s][info][gc,phases   ] GC(241)   Merge Heap Roots: 0.14ms
[1458.868s][info][gc,phases   ] GC(241)   Evacuate Collection Set: 29.16ms
[1458.868s][info][gc,phases   ] GC(241)   Post Evacuate Collection Set: 1.91ms
[1458.868s][info][gc,phases   ] GC(241)   Other: 0.09ms
[1458.868s][info][gc,heap     ] GC(241) Eden regions: 1210->0(1202)
[1458.868s][info][gc,heap     ] GC(241) Survivor regions: 18->26(154)
[1458.868s][info][gc,heap     ] GC(241) Old regions: 144->144
[1458.868s][info][gc,heap     ] GC(241) Humongous regions: 0->0
[1458.868s][info][gc,metaspace] GC(241) Metaspace: 135614K(137152K)->135614K(137152K) NonClass: 114645K(115392K)->114645K(115392K) Class: 20968K(21760K)->20968K(21760K)
[1458.868s][info][gc          ] GC(241) Pause Young (Normal) (G1 Evacuation Pause) 5484M->674M(8192M) 31.844ms
[1458.868s][info][gc,cpu      ] GC(241) User=0.27s Sys=0.00s Real=0.03s
[1463.626s][info][gc,start    ] GC(242) Pause Young (Normal) (G1 Evacuation Pause)
[1463.626s][info][gc,task     ] GC(242) Using 8 workers of 8 for evacuation
[1463.671s][info][gc,phases   ] GC(242)   Pre Evacuate Collection Set: 0.36ms
[1463.671s][info][gc,phases   ] GC(242)   Merge Heap Roots: 0.16ms
[1463.671s][info][gc,phases   ] GC(242)   Evacuate Collection Set: 42.06ms
[1463.671s][info][gc,phases   ] GC(242)   Post Evacuate Collection Set: 2.04ms
[1463.671s][info][gc,phases   ] GC(242)   Other: 0.09ms
[1463.671s][info][gc,heap     ] GC(242) Eden regions: 1202->0(1192)
[1463.671s][info][gc,heap     ] GC(242) Survivor regions: 26->36(154)
[1463.671s][info][gc,heap     ] GC(242) Old regions: 144->144
[1463.671s][info][gc,heap     ] GC(242) Humongous regions: 0->0
[1463.671s][info][gc,metaspace] GC(242) Metaspace: 135614K(137152K)->135614K(137152K) NonClass: 114645K(115392K)->114645K(115392K) Class: 20968K(21760K)->20968K(21760K)
[1463.671s][info][gc          ] GC(242) Pause Young (Normal) (G1 Evacuation Pause) 5482M->714M(8192M) 44.941ms
[1463.671s][info][gc,cpu      ] GC(242) User=0.38s Sys=0.00s Real=0.05s
[1470.529s][info][gc,start    ] GC(243) Pause Young (Normal) (G1 Evacuation Pause)
[1470.530s][info][gc,task     ] GC(243) Using 8 workers of 8 for evacuation
[1470.556s][info][gc,phases   ] GC(243)   Pre Evacuate Collection Set: 0.41ms
[1470.556s][info][gc,phases   ] GC(243)   Merge Heap Roots: 0.15ms
[1470.556s][info][gc,phases   ] GC(243)   Evacuate Collection Set: 24.38ms
[1470.556s][info][gc,phases   ] GC(243)   Post Evacuate Collection Set: 1.84ms
[1470.557s][info][gc,phases   ] GC(243)   Other: 0.10ms
[1470.557s][info][gc,heap     ] GC(243) Eden regions: 1192->0(1209)
[1470.557s][info][gc,heap     ] GC(243) Survivor regions: 36->19(154)
[1470.557s][info][gc,heap     ] GC(243) Old regions: 144->144
[1470.557s][info][gc,heap     ] GC(243) Humongous regions: 0->0
[1470.557s][info][gc,metaspace] GC(243) Metaspace: 135615K(137152K)->135615K(137152K) NonClass: 114646K(115392K)->114646K(115392K) Class: 20968K(21760K)->20968K(21760K)
[1470.557s][info][gc          ] GC(243) Pause Young (Normal) (G1 Evacuation Pause) 5482M->648M(8192M) 27.149ms
[1470.557s][info][gc,cpu      ] GC(243) User=0.25s Sys=0.00s Real=0.03s
[1476.755s][info][gc,start    ] GC(244) Pause Young (Normal) (G1 Evacuation Pause)
[1476.755s][info][gc,task     ] GC(244) Using 8 workers of 8 for evacuation
[1476.785s][info][gc,phases   ] GC(244)   Pre Evacuate Collection Set: 0.36ms
[1476.785s][info][gc,phases   ] GC(244)   Merge Heap Roots: 0.15ms
[1476.785s][info][gc,phases   ] GC(244)   Evacuate Collection Set: 26.94ms
[1476.785s][info][gc,phases   ] GC(244)   Post Evacuate Collection Set: 2.19ms
[1476.785s][info][gc,phases   ] GC(244)   Other: 0.08ms
[1476.785s][info][gc,heap     ] GC(244) Eden regions: 1209->0(1204)
[1476.785s][info][gc,heap     ] GC(244) Survivor regions: 19->24(154)
[1476.785s][info][gc,heap     ] GC(244) Old regions: 144->144
[1476.785s][info][gc,heap     ] GC(244) Humongous regions: 0->0
[1476.785s][info][gc,metaspace] GC(244) Metaspace: 135615K(137152K)->135615K(137152K) NonClass: 114646K(115392K)->114646K(115392K) Class: 20968K(21760K)->20968K(21760K)
[1476.785s][info][gc          ] GC(244) Pause Young (Normal) (G1 Evacuation Pause) 5484M->666M(8192M) 29.953ms
[1476.785s][info][gc,cpu      ] GC(244) User=0.25s Sys=0.00s Real=0.03s
[1481.573s][info][gc,start    ] GC(245) Pause Young (Normal) (G1 Evacuation Pause)
[1481.573s][info][gc,task     ] GC(245) Using 8 workers of 8 for evacuation
[1481.619s][info][gc,phases   ] GC(245)   Pre Evacuate Collection Set: 0.38ms
[1481.619s][info][gc,phases   ] GC(245)   Merge Heap Roots: 0.17ms
[1481.619s][info][gc,phases   ] GC(245)   Evacuate Collection Set: 42.89ms
[1481.619s][info][gc,phases   ] GC(245)   Post Evacuate Collection Set: 2.17ms
[1481.619s][info][gc,phases   ] GC(245)   Other: 0.09ms
[1481.619s][info][gc,heap     ] GC(245) Eden regions: 1204->0(1192)
[1481.619s][info][gc,heap     ] GC(245) Survivor regions: 24->36(154)
[1481.619s][info][gc,heap     ] GC(245) Old regions: 144->145
[1481.619s][info][gc,heap     ] GC(245) Humongous regions: 0->0
[1481.619s][info][gc,metaspace] GC(245) Metaspace: 135617K(137152K)->135617K(137152K) NonClass: 114648K(115392K)->114648K(115392K) Class: 20968K(21760K)->20968K(21760K)
[1481.619s][info][gc          ] GC(245) Pause Young (Normal) (G1 Evacuation Pause) (Evacuation Failure: Pinned) 5482M->718M(8192M) 45.919ms
[1481.619s][info][gc,cpu      ] GC(245) User=0.38s Sys=0.00s Real=0.05s
[1488.294s][info][gc,start    ] GC(246) Pause Young (Normal) (G1 Evacuation Pause)
[1488.294s][info][gc,task     ] GC(246) Using 8 workers of 8 for evacuation
[1488.317s][info][gc,phases   ] GC(246)   Pre Evacuate Collection Set: 0.33ms
[1488.317s][info][gc,phases   ] GC(246)   Merge Heap Roots: 0.14ms
[1488.317s][info][gc,phases   ] GC(246)   Evacuate Collection Set: 20.19ms
[1488.317s][info][gc,phases   ] GC(246)   Post Evacuate Collection Set: 1.84ms
[1488.317s][info][gc,phases   ] GC(246)   Other: 0.08ms
[1488.317s][info][gc,heap     ] GC(246) Eden regions: 1192->0(1210)
[1488.317s][info][gc,heap     ] GC(246) Survivor regions: 36->18(154)
[1488.317s][info][gc,heap     ] GC(246) Old regions: 145->144
[1488.317s][info][gc,heap     ] GC(246) Humongous regions: 0->0
[1488.317s][info][gc,metaspace] GC(246) Metaspace: 135617K(137152K)->135617K(137152K) NonClass: 114648K(115392K)->114648K(115392K) Class: 20968K(21760K)->20968K(21760K)
[1488.317s][info][gc          ] GC(246) Pause Young (Normal) (G1 Evacuation Pause) 5486M->644M(8192M) 22.809ms
[1488.317s][info][gc,cpu      ] GC(246) User=0.12s Sys=0.00s Real=0.02s
[1495.448s][info][gc,start    ] GC(247) Pause Young (Normal) (G1 Evacuation Pause)
[1495.448s][info][gc,task     ] GC(247) Using 8 workers of 8 for evacuation
[1495.479s][info][gc,phases   ] GC(247)   Pre Evacuate Collection Set: 0.35ms
[1495.480s][info][gc,phases   ] GC(247)   Merge Heap Roots: 0.16ms
[1495.480s][info][gc,phases   ] GC(247)   Evacuate Collection Set: 28.41ms
[1495.480s][info][gc,phases   ] GC(247)   Post Evacuate Collection Set: 2.35ms
[1495.480s][info][gc,phases   ] GC(247)   Other: 0.11ms
[1495.480s][info][gc,heap     ] GC(247) Eden regions: 1210->0(1206)
[1495.480s][info][gc,heap     ] GC(247) Survivor regions: 18->22(154)
[1495.480s][info][gc,heap     ] GC(247) Old regions: 144->145
[1495.480s][info][gc,heap     ] GC(247) Humongous regions: 0->0
[1495.480s][info][gc,metaspace] GC(247) Metaspace: 135625K(137152K)->135625K(137152K) NonClass: 114656K(115392K)->114656K(115392K) Class: 20968K(21760K)->20968K(21760K)
[1495.480s][info][gc          ] GC(247) Pause Young (Normal) (G1 Evacuation Pause) (Evacuation Failure: Pinned) 5484M->662M(8192M) 31.667ms
[1495.480s][info][gc,cpu      ] GC(247) User=0.25s Sys=0.00s Real=0.03s
[1500.878s][info][gc,start    ] GC(248) Pause Young (Normal) (G1 Evacuation Pause)
[1500.878s][info][gc,task     ] GC(248) Using 8 workers of 8 for evacuation
[1500.925s][info][gc,phases   ] GC(248)   Pre Evacuate Collection Set: 0.44ms
[1500.925s][info][gc,phases   ] GC(248)   Merge Heap Roots: 0.14ms
[1500.925s][info][gc,phases   ] GC(248)   Evacuate Collection Set: 44.05ms
[1500.925s][info][gc,phases   ] GC(248)   Post Evacuate Collection Set: 2.03ms
[1500.925s][info][gc,phases   ] GC(248)   Other: 0.09ms
[1500.925s][info][gc,heap     ] GC(248) Eden regions: 1206->0(1191)
[1500.925s][info][gc,heap     ] GC(248) Survivor regions: 22->37(154)
[1500.925s][info][gc,heap     ] GC(248) Old regions: 145->144
[1500.925s][info][gc,heap     ] GC(248) Humongous regions: 0->0
[1500.925s][info][gc,metaspace] GC(248) Metaspace: 135626K(137152K)->135626K(137152K) NonClass: 114657K(115392K)->114657K(115392K) Class: 20968K(21760K)->20968K(21760K)
[1500.925s][info][gc          ] GC(248) Pause Young (Normal) (G1 Evacuation Pause) 5486M->718M(8192M) 46.997ms
[1500.925s][info][gc,cpu      ] GC(248) User=0.38s Sys=0.00s Real=0.05s
[1506.773s][info][gc,start    ] GC(249) Pause Young (Normal) (G1 Evacuation Pause)
[1506.773s][info][gc,task     ] GC(249) Using 8 workers of 8 for evacuation
[1506.796s][info][gc,phases   ] GC(249)   Pre Evacuate Collection Set: 0.32ms
[1506.796s][info][gc,phases   ] GC(249)   Merge Heap Roots: 0.14ms
[1506.796s][info][gc,phases   ] GC(249)   Evacuate Collection Set: 20.59ms
[1506.796s][info][gc,phases   ] GC(249)   Post Evacuate Collection Set: 2.02ms
[1506.796s][info][gc,phases   ] GC(249)   Other: 0.08ms
[1506.796s][info][gc,heap     ] GC(249) Eden regions: 1191->0(1210)
[1506.796s][info][gc,heap     ] GC(249) Survivor regions: 37->18(154)
[1506.796s][info][gc,heap     ] GC(249) Old regions: 144->144
[1506.796s][info][gc,heap     ] GC(249) Humongous regions: 0->0
[1506.797s][info][gc,metaspace] GC(249) Metaspace: 135630K(137152K)->135630K(137152K) NonClass: 114661K(115392K)->114661K(115392K) Class: 20968K(21760K)->20968K(21760K)
[1506.797s][info][gc          ] GC(249) Pause Young (Normal) (G1 Evacuation Pause) 5482M->644M(8192M) 23.378ms
[1506.797s][info][gc,cpu      ] GC(249) User=0.20s Sys=0.00s Real=0.02s
[1514.797s][info][gc,start    ] GC(250) Pause Young (Normal) (G1 Evacuation Pause)
[1514.797s][info][gc,task     ] GC(250) Using 8 workers of 8 for evacuation
[1514.827s][info][gc,phases   ] GC(250)   Pre Evacuate Collection Set: 0.31ms
[1514.827s][info][gc,phases   ] GC(250)   Merge Heap Roots: 0.13ms
[1514.827s][info][gc,phases   ] GC(250)   Evacuate Collection Set: 27.36ms
[1514.827s][info][gc,phases   ] GC(250)   Post Evacuate Collection Set: 1.99ms
[1514.827s][info][gc,phases   ] GC(250)   Other: 0.08ms
[1514.827s][info][gc,heap     ] GC(250) Eden regions: 1210->0(1204)
[1514.827s][info][gc,heap     ] GC(250) Survivor regions: 18->24(154)
[1514.827s][info][gc,heap     ] GC(250) Old regions: 144->144
[1514.827s][info][gc,heap     ] GC(250) Humongous regions: 0->0
[1514.827s][info][gc,metaspace] GC(250) Metaspace: 135630K(137152K)->135630K(137152K) NonClass: 114661K(115392K)->114661K(115392K) Class: 20968K(21760K)->20968K(21760K)
[1514.827s][info][gc          ] GC(250) Pause Young (Normal) (G1 Evacuation Pause) 5484M->666M(8192M) 30.107ms
[1514.827s][info][gc,cpu      ] GC(250) User=0.25s Sys=0.00s Real=0.03s
[1520.131s][info][gc,start    ] GC(251) Pause Young (Normal) (G1 Evacuation Pause)
[1520.131s][info][gc,task     ] GC(251) Using 8 workers of 8 for evacuation
[1520.161s][info][gc,phases   ] GC(251)   Pre Evacuate Collection Set: 0.31ms
[1520.161s][info][gc,phases   ] GC(251)   Merge Heap Roots: 0.12ms
[1520.161s][info][gc,phases   ] GC(251)   Evacuate Collection Set: 27.38ms
[1520.161s][info][gc,phases   ] GC(251)   Post Evacuate Collection Set: 1.84ms
[1520.161s][info][gc,phases   ] GC(251)   Other: 0.08ms
[1520.161s][info][gc,heap     ] GC(251) Eden regions: 1204->0(1202)
[1520.161s][info][gc,heap     ] GC(251) Survivor regions: 24->26(154)
[1520.161s][info][gc,heap     ] GC(251) Old regions: 144->144
[1520.161s][info][gc,heap     ] GC(251) Humongous regions: 0->0
[1520.161s][info][gc,metaspace] GC(251) Metaspace: 135635K(137152K)->135635K(137152K) NonClass: 114666K(115392K)->114666K(115392K) Class: 20968K(21760K)->20968K(21760K)
[1520.161s][info][gc          ] GC(251) Pause Young (Normal) (G1 Evacuation Pause) 5482M->677M(8192M) 29.976ms
[1520.161s][info][gc,cpu      ] GC(251) User=0.25s Sys=0.00s Real=0.03s
[1525.882s][info][gc,start    ] GC(252) Pause Young (Normal) (G1 Evacuation Pause)
[1525.882s][info][gc,task     ] GC(252) Using 8 workers of 8 for evacuation
[1525.907s][info][gc,phases   ] GC(252)   Pre Evacuate Collection Set: 0.36ms
[1525.907s][info][gc,phases   ] GC(252)   Merge Heap Roots: 0.16ms
[1525.907s][info][gc,phases   ] GC(252)   Evacuate Collection Set: 21.46ms
[1525.907s][info][gc,phases   ] GC(252)   Post Evacuate Collection Set: 2.25ms
[1525.907s][info][gc,phases   ] GC(252)   Other: 0.08ms
[1525.907s][info][gc,heap     ] GC(252) Eden regions: 1202->0(1210)
[1525.907s][info][gc,heap     ] GC(252) Survivor regions: 26->18(154)
[1525.907s][info][gc,heap     ] GC(252) Old regions: 144->144
[1525.907s][info][gc,heap     ] GC(252) Humongous regions: 0->0
[1525.907s][info][gc,metaspace] GC(252) Metaspace: 135635K(137152K)->135635K(137152K) NonClass: 114666K(115392K)->114666K(115392K) Class: 20968K(21760K)->20968K(21760K)
[1525.907s][info][gc          ] GC(252) Pause Young (Normal) (G1 Evacuation Pause) 5485M->645M(8192M) 24.553ms
[1525.907s][info][gc,cpu      ] GC(252) User=0.23s Sys=0.00s Real=0.02s
[1532.692s][info][gc,start    ] GC(253) Pause Young (Normal) (G1 Evacuation Pause)
[1532.692s][info][gc,task     ] GC(253) Using 8 workers of 8 for evacuation
[1532.718s][info][gc,phases   ] GC(253)   Pre Evacuate Collection Set: 0.43ms
[1532.718s][info][gc,phases   ] GC(253)   Merge Heap Roots: 0.15ms
[1532.718s][info][gc,phases   ] GC(253)   Evacuate Collection Set: 23.80ms
[1532.718s][info][gc,phases   ] GC(253)   Post Evacuate Collection Set: 1.97ms
[1532.718s][info][gc,phases   ] GC(253)   Other: 0.10ms
[1532.718s][info][gc,heap     ] GC(253) Eden regions: 1210->0(1207)
[1532.718s][info][gc,heap     ] GC(253) Survivor regions: 18->21(154)
[1532.718s][info][gc,heap     ] GC(253) Old regions: 144->144
[1532.718s][info][gc,heap     ] GC(253) Humongous regions: 0->0
[1532.718s][info][gc,metaspace] GC(253) Metaspace: 135635K(137152K)->135635K(137152K) NonClass: 114666K(115392K)->114666K(115392K) Class: 20968K(21760K)->20968K(21760K)
[1532.718s][info][gc          ] GC(253) Pause Young (Normal) (G1 Evacuation Pause) 5485M->655M(8192M) 26.673ms
[1532.718s][info][gc,cpu      ] GC(253) User=0.25s Sys=0.00s Real=0.03s
[1538.290s][info][gc,start    ] GC(254) Pause Young (Normal) (G1 Evacuation Pause)
[1538.290s][info][gc,task     ] GC(254) Using 8 workers of 8 for evacuation
[1538.333s][info][gc,phases   ] GC(254)   Pre Evacuate Collection Set: 0.36ms
[1538.334s][info][gc,phases   ] GC(254)   Merge Heap Roots: 0.15ms
[1538.334s][info][gc,phases   ] GC(254)   Evacuate Collection Set: 41.27ms
[1538.334s][info][gc,phases   ] GC(254)   Post Evacuate Collection Set: 1.91ms
[1538.334s][info][gc,phases   ] GC(254)   Other: 0.09ms
[1538.334s][info][gc,heap     ] GC(254) Eden regions: 1207->0(1193)
[1538.334s][info][gc,heap     ] GC(254) Survivor regions: 21->35(154)
[1538.334s][info][gc,heap     ] GC(254) Old regions: 144->145
[1538.334s][info][gc,heap     ] GC(254) Humongous regions: 0->0
[1538.334s][info][gc,metaspace] GC(254) Metaspace: 135641K(137152K)->135641K(137152K) NonClass: 114672K(115392K)->114672K(115392K) Class: 20968K(21760K)->20968K(21760K)
[1538.334s][info][gc          ] GC(254) Pause Young (Normal) (G1 Evacuation Pause) (Evacuation Failure: Pinned) 5483M->717M(8192M) 43.998ms
[1538.334s][info][gc,cpu      ] GC(254) User=0.25s Sys=0.00s Real=0.04s
[1544.773s][info][gc,start    ] GC(255) Pause Young (Normal) (G1 Evacuation Pause)
[1544.773s][info][gc,task     ] GC(255) Using 8 workers of 8 for evacuation
[1544.799s][info][gc,phases   ] GC(255)   Pre Evacuate Collection Set: 0.35ms
[1544.799s][info][gc,phases   ] GC(255)   Merge Heap Roots: 0.15ms
[1544.799s][info][gc,phases   ] GC(255)   Evacuate Collection Set: 23.79ms
[1544.799s][info][gc,phases   ] GC(255)   Post Evacuate Collection Set: 1.82ms
[1544.799s][info][gc,phases   ] GC(255)   Other: 0.08ms
[1544.799s][info][gc,heap     ] GC(255) Eden regions: 1193->0(1208)
[1544.799s][info][gc,heap     ] GC(255) Survivor regions: 35->20(154)
[1544.799s][info][gc,heap     ] GC(255) Old regions: 145->144
[1544.799s][info][gc,heap     ] GC(255) Humongous regions: 0->0
[1544.799s][info][gc,metaspace] GC(255) Metaspace: 135642K(137152K)->135642K(137152K) NonClass: 114673K(115392K)->114673K(115392K) Class: 20968K(21760K)->20968K(21760K)
[1544.799s][info][gc          ] GC(255) Pause Young (Normal) (G1 Evacuation Pause) 5489M->651M(8192M) 26.427ms
[1544.799s][info][gc,cpu      ] GC(255) User=0.25s Sys=0.00s Real=0.03s
[1551.505s][info][gc,start    ] GC(256) Pause Young (Normal) (G1 Evacuation Pause)
[1551.505s][info][gc,task     ] GC(256) Using 8 workers of 8 for evacuation
[1551.541s][info][gc,phases   ] GC(256)   Pre Evacuate Collection Set: 0.32ms
[1551.541s][info][gc,phases   ] GC(256)   Merge Heap Roots: 0.15ms
[1551.541s][info][gc,phases   ] GC(256)   Evacuate Collection Set: 32.84ms
[1551.541s][info][gc,phases   ] GC(256)   Post Evacuate Collection Set: 1.91ms
[1551.541s][info][gc,phases   ] GC(256)   Other: 0.08ms
[1551.541s][info][gc,heap     ] GC(256) Eden regions: 1208->0(1200)
[1551.541s][info][gc,heap     ] GC(256) Survivor regions: 20->28(154)
[1551.541s][info][gc,heap     ] GC(256) Old regions: 144->144
[1551.541s][info][gc,heap     ] GC(256) Humongous regions: 0->0
[1551.541s][info][gc,metaspace] GC(256) Metaspace: 135645K(137152K)->135645K(137152K) NonClass: 114676K(115392K)->114676K(115392K) Class: 20968K(21760K)->20968K(21760K)
[1551.541s][info][gc          ] GC(256) Pause Young (Normal) (G1 Evacuation Pause) 5483M->685M(8192M) 35.531ms
[1551.541s][info][gc,cpu      ] GC(256) User=0.38s Sys=0.00s Real=0.04s
[1558.058s][info][gc,start    ] GC(257) Pause Young (Normal) (G1 Evacuation Pause)
[1558.059s][info][gc,task     ] GC(257) Using 8 workers of 8 for evacuation
[1558.107s][info][gc,phases   ] GC(257)   Pre Evacuate Collection Set: 0.30ms
[1558.107s][info][gc,phases   ] GC(257)   Merge Heap Roots: 0.15ms
[1558.107s][info][gc,phases   ] GC(257)   Evacuate Collection Set: 45.25ms
[1558.107s][info][gc,phases   ] GC(257)   Post Evacuate Collection Set: 2.84ms
[1558.107s][info][gc,phases   ] GC(257)   Other: 0.11ms
[1558.107s][info][gc,heap     ] GC(257) Eden regions: 1200->0(1198)
[1558.107s][info][gc,heap     ] GC(257) Survivor regions: 28->30(154)
[1558.107s][info][gc,heap     ] GC(257) Old regions: 144->144
[1558.107s][info][gc,heap     ] GC(257) Humongous regions: 0->0
[1558.107s][info][gc,metaspace] GC(257) Metaspace: 135645K(137152K)->135645K(137152K) NonClass: 114676K(115392K)->114676K(115392K) Class: 20968K(21760K)->20968K(21760K)
[1558.107s][info][gc          ] GC(257) Pause Young (Normal) (G1 Evacuation Pause) 5485M->693M(8192M) 48.987ms
[1558.107s][info][gc,cpu      ] GC(257) User=0.38s Sys=0.00s Real=0.05s
[1567.289s][info][gc,start    ] GC(258) Pause Young (Normal) (G1 Evacuation Pause)
[1567.289s][info][gc,task     ] GC(258) Using 8 workers of 8 for evacuation
[1567.332s][info][gc,phases   ] GC(258)   Pre Evacuate Collection Set: 0.34ms
[1567.332s][info][gc,phases   ] GC(258)   Merge Heap Roots: 0.14ms
[1567.333s][info][gc,phases   ] GC(258)   Evacuate Collection Set: 41.01ms
[1567.333s][info][gc,phases   ] GC(258)   Post Evacuate Collection Set: 2.17ms
[1567.333s][info][gc,phases   ] GC(258)   Other: 0.08ms
[1567.333s][info][gc,heap     ] GC(258) Eden regions: 1198->0(1198)
[1567.333s][info][gc,heap     ] GC(258) Survivor regions: 30->30(154)
[1567.333s][info][gc,heap     ] GC(258) Old regions: 144->144
[1567.333s][info][gc,heap     ] GC(258) Humongous regions: 0->0
[1567.333s][info][gc,metaspace] GC(258) Metaspace: 135645K(137152K)->135645K(137152K) NonClass: 114676K(115392K)->114676K(115392K) Class: 20968K(21760K)->20968K(21760K)
[1567.333s][info][gc          ] GC(258) Pause Young (Normal) (G1 Evacuation Pause) 5485M->691M(8192M) 43.975ms
[1567.333s][info][gc,cpu      ] GC(258) User=0.25s Sys=0.03s Real=0.04s
[1574.289s][info][gc,start    ] GC(259) Pause Young (Normal) (G1 Evacuation Pause)
[1574.289s][info][gc,task     ] GC(259) Using 8 workers of 8 for evacuation
[1574.326s][info][gc,phases   ] GC(259)   Pre Evacuate Collection Set: 0.32ms
[1574.326s][info][gc,phases   ] GC(259)   Merge Heap Roots: 0.13ms
[1574.326s][info][gc,phases   ] GC(259)   Evacuate Collection Set: 34.66ms
[1574.326s][info][gc,phases   ] GC(259)   Post Evacuate Collection Set: 2.11ms
[1574.326s][info][gc,phases   ] GC(259)   Other: 0.08ms
[1574.326s][info][gc,heap     ] GC(259) Eden regions: 1198->0(1198)
[1574.326s][info][gc,heap     ] GC(259) Survivor regions: 30->30(154)
[1574.326s][info][gc,heap     ] GC(259) Old regions: 144->145
[1574.326s][info][gc,heap     ] GC(259) Humongous regions: 0->0
[1574.326s][info][gc,metaspace] GC(259) Metaspace: 135645K(137152K)->135645K(137152K) NonClass: 114676K(115392K)->114676K(115392K) Class: 20968K(21760K)->20968K(21760K)
[1574.326s][info][gc          ] GC(259) Pause Young (Normal) (G1 Evacuation Pause) (Evacuation Failure: Pinned) 5483M->695M(8192M) 37.531ms
[1574.326s][info][gc,cpu      ] GC(259) User=0.38s Sys=0.00s Real=0.04s
[1581.174s][info][gc,start    ] GC(260) Pause Young (Normal) (G1 Evacuation Pause)
[1581.174s][info][gc,task     ] GC(260) Using 8 workers of 8 for evacuation
[1581.210s][info][gc,phases   ] GC(260)   Pre Evacuate Collection Set: 0.33ms
[1581.210s][info][gc,phases   ] GC(260)   Merge Heap Roots: 0.15ms
[1581.210s][info][gc,phases   ] GC(260)   Evacuate Collection Set: 33.40ms
[1581.210s][info][gc,phases   ] GC(260)   Post Evacuate Collection Set: 2.02ms
[1581.210s][info][gc,phases   ] GC(260)   Other: 0.09ms
[1581.210s][info][gc,heap     ] GC(260) Eden regions: 1198->0(1199)
[1581.210s][info][gc,heap     ] GC(260) Survivor regions: 30->29(154)
[1581.210s][info][gc,heap     ] GC(260) Old regions: 145->144
[1581.210s][info][gc,heap     ] GC(260) Humongous regions: 0->0
[1581.210s][info][gc,metaspace] GC(260) Metaspace: 135646K(137152K)->135646K(137152K) NonClass: 114677K(115392K)->114677K(115392K) Class: 20968K(21760K)->20968K(21760K)
[1581.210s][info][gc          ] GC(260) Pause Young (Normal) (G1 Evacuation Pause) 5487M->689M(8192M) 36.222ms
[1581.210s][info][gc,cpu      ] GC(260) User=0.25s Sys=0.00s Real=0.04s
[1589.210s][info][gc,start    ] GC(261) Pause Young (Normal) (G1 Evacuation Pause)
[1589.210s][info][gc,task     ] GC(261) Using 8 workers of 8 for evacuation
[1589.246s][info][gc,phases   ] GC(261)   Pre Evacuate Collection Set: 0.31ms
[1589.246s][info][gc,phases   ] GC(261)   Merge Heap Roots: 0.14ms
[1589.246s][info][gc,phases   ] GC(261)   Evacuate Collection Set: 32.73ms
[1589.246s][info][gc,phases   ] GC(261)   Post Evacuate Collection Set: 1.92ms
[1589.246s][info][gc,phases   ] GC(261)   Other: 0.09ms
[1589.246s][info][gc,heap     ] GC(261) Eden regions: 1199->0(1198)
[1589.246s][info][gc,heap     ] GC(261) Survivor regions: 29->30(154)
[1589.246s][info][gc,heap     ] GC(261) Old regions: 144->144
[1589.246s][info][gc,heap     ] GC(261) Humongous regions: 0->0
[1589.246s][info][gc,metaspace] GC(261) Metaspace: 135646K(137152K)->135646K(137152K) NonClass: 114677K(115392K)->114677K(115392K) Class: 20968K(21760K)->20968K(21760K)
[1589.246s][info][gc          ] GC(261) Pause Young (Normal) (G1 Evacuation Pause) 5485M->691M(8192M) 35.428ms
[1589.246s][info][gc,cpu      ] GC(261) User=0.38s Sys=0.00s Real=0.04s
[1595.892s][info][gc,start    ] GC(262) Pause Young (Normal) (G1 Evacuation Pause)
[1595.892s][info][gc,task     ] GC(262) Using 8 workers of 8 for evacuation
[1595.928s][info][gc,phases   ] GC(262)   Pre Evacuate Collection Set: 0.31ms
[1595.928s][info][gc,phases   ] GC(262)   Merge Heap Roots: 0.12ms
[1595.928s][info][gc,phases   ] GC(262)   Evacuate Collection Set: 32.74ms
[1595.928s][info][gc,phases   ] GC(262)   Post Evacuate Collection Set: 2.25ms
[1595.928s][info][gc,phases   ] GC(262)   Other: 0.10ms
[1595.928s][info][gc,heap     ] GC(262) Eden regions: 1198->0(1199)
[1595.928s][info][gc,heap     ] GC(262) Survivor regions: 30->29(154)
[1595.928s][info][gc,heap     ] GC(262) Old regions: 144->144
[1595.928s][info][gc,heap     ] GC(262) Humongous regions: 0->0
[1595.928s][info][gc,metaspace] GC(262) Metaspace: 135647K(137152K)->135647K(137152K) NonClass: 114678K(115392K)->114678K(115392K) Class: 20968K(21760K)->20968K(21760K)
[1595.928s][info][gc          ] GC(262) Pause Young (Normal) (G1 Evacuation Pause) 5483M->689M(8192M) 35.767ms
[1595.928s][info][gc,cpu      ] GC(262) User=0.25s Sys=0.00s Real=0.04s
[1604.370s][info][gc,start    ] GC(263) Pause Young (Normal) (G1 Evacuation Pause)
[1604.370s][info][gc,task     ] GC(263) Using 8 workers of 8 for evacuation
[1604.405s][info][gc,phases   ] GC(263)   Pre Evacuate Collection Set: 0.34ms
[1604.405s][info][gc,phases   ] GC(263)   Merge Heap Roots: 0.13ms
[1604.405s][info][gc,phases   ] GC(263)   Evacuate Collection Set: 31.60ms
[1604.405s][info][gc,phases   ] GC(263)   Post Evacuate Collection Set: 1.94ms
[1604.405s][info][gc,phases   ] GC(263)   Other: 0.09ms
[1604.405s][info][gc,heap     ] GC(263) Eden regions: 1199->0(1201)
[1604.405s][info][gc,heap     ] GC(263) Survivor regions: 29->27(154)
[1604.405s][info][gc,heap     ] GC(263) Old regions: 144->144
[1604.405s][info][gc,heap     ] GC(263) Humongous regions: 0->0
[1604.405s][info][gc,metaspace] GC(263) Metaspace: 135647K(137152K)->135647K(137152K) NonClass: 114678K(115392K)->114678K(115392K) Class: 20968K(21760K)->20968K(21760K)
[1604.405s][info][gc          ] GC(263) Pause Young (Normal) (G1 Evacuation Pause) 5485M->679M(8192M) 34.368ms
[1604.405s][info][gc,cpu      ] GC(263) User=0.25s Sys=0.00s Real=0.03s
[1611.538s][info][gc,start    ] GC(264) Pause Young (Normal) (G1 Evacuation Pause)
[1611.538s][info][gc,task     ] GC(264) Using 8 workers of 8 for evacuation
[1611.570s][info][gc,phases   ] GC(264)   Pre Evacuate Collection Set: 0.28ms
[1611.570s][info][gc,phases   ] GC(264)   Merge Heap Roots: 0.11ms
[1611.570s][info][gc,phases   ] GC(264)   Evacuate Collection Set: 30.12ms
[1611.570s][info][gc,phases   ] GC(264)   Post Evacuate Collection Set: 1.91ms
[1611.570s][info][gc,phases   ] GC(264)   Other: 0.08ms
[1611.571s][info][gc,heap     ] GC(264) Eden regions: 1201->0(1200)
[1611.571s][info][gc,heap     ] GC(264) Survivor regions: 27->28(154)
[1611.571s][info][gc,heap     ] GC(264) Old regions: 144->145
[1611.571s][info][gc,heap     ] GC(264) Humongous regions: 0->0
[1611.571s][info][gc,metaspace] GC(264) Metaspace: 135647K(137152K)->135647K(137152K) NonClass: 114678K(115392K)->114678K(115392K) Class: 20968K(21760K)->20968K(21760K)
[1611.571s][info][gc          ] GC(264) Pause Young (Normal) (G1 Evacuation Pause) (Evacuation Failure: Pinned) 5483M->689M(8192M) 32.733ms
[1611.571s][info][gc,cpu      ] GC(264) User=0.27s Sys=0.00s Real=0.03s
[1618.681s][info][gc,start    ] GC(265) Pause Young (Normal) (G1 Evacuation Pause)
[1618.681s][info][gc,task     ] GC(265) Using 8 workers of 8 for evacuation
[1618.711s][info][gc,phases   ] GC(265)   Pre Evacuate Collection Set: 0.34ms
[1618.711s][info][gc,phases   ] GC(265)   Merge Heap Roots: 0.14ms
[1618.711s][info][gc,phases   ] GC(265)   Evacuate Collection Set: 28.02ms
[1618.711s][info][gc,phases   ] GC(265)   Post Evacuate Collection Set: 1.88ms
[1618.711s][info][gc,phases   ] GC(265)   Other: 0.08ms
[1618.711s][info][gc,heap     ] GC(265) Eden regions: 1200->0(1202)
[1618.711s][info][gc,heap     ] GC(265) Survivor regions: 28->26(154)
[1618.711s][info][gc,heap     ] GC(265) Old regions: 145->144
[1618.711s][info][gc,heap     ] GC(265) Humongous regions: 0->0
[1618.711s][info][gc,metaspace] GC(265) Metaspace: 135647K(137152K)->135647K(137152K) NonClass: 114678K(115392K)->114678K(115392K) Class: 20968K(21760K)->20968K(21760K)
[1618.711s][info][gc          ] GC(265) Pause Young (Normal) (G1 Evacuation Pause) 5489M->675M(8192M) 30.693ms
[1618.711s][info][gc,cpu      ] GC(265) User=0.25s Sys=0.00s Real=0.03s
[1625.668s][info][gc,start    ] GC(266) Pause Young (Normal) (G1 Evacuation Pause)
[1625.668s][info][gc,task     ] GC(266) Using 8 workers of 8 for evacuation
[1625.698s][info][gc,phases   ] GC(266)   Pre Evacuate Collection Set: 0.35ms
[1625.698s][info][gc,phases   ] GC(266)   Merge Heap Roots: 0.14ms
[1625.698s][info][gc,phases   ] GC(266)   Evacuate Collection Set: 27.41ms
[1625.698s][info][gc,phases   ] GC(266)   Post Evacuate Collection Set: 1.82ms
[1625.698s][info][gc,phases   ] GC(266)   Other: 0.09ms
[1625.698s][info][gc,heap     ] GC(266) Eden regions: 1202->0(1203)
[1625.698s][info][gc,heap     ] GC(266) Survivor regions: 26->25(154)
[1625.698s][info][gc,heap     ] GC(266) Old regions: 144->144
[1625.698s][info][gc,heap     ] GC(266) Humongous regions: 0->0
[1625.698s][info][gc,metaspace] GC(266) Metaspace: 135647K(137152K)->135647K(137152K) NonClass: 114678K(115392K)->114678K(115392K) Class: 20968K(21760K)->20968K(21760K)
[1625.698s][info][gc          ] GC(266) Pause Young (Normal) (G1 Evacuation Pause) 5483M->672M(8192M) 30.046ms
[1625.698s][info][gc,cpu      ] GC(266) User=0.25s Sys=0.00s Real=0.03s
[1633.968s][info][gc,start    ] GC(267) Pause Young (Normal) (G1 Evacuation Pause)
[1633.968s][info][gc,task     ] GC(267) Using 8 workers of 8 for evacuation
[1633.999s][info][gc,phases   ] GC(267)   Pre Evacuate Collection Set: 0.32ms
[1633.999s][info][gc,phases   ] GC(267)   Merge Heap Roots: 0.14ms
[1633.999s][info][gc,phases   ] GC(267)   Evacuate Collection Set: 28.33ms
[1633.999s][info][gc,phases   ] GC(267)   Post Evacuate Collection Set: 1.84ms
[1633.999s][info][gc,phases   ] GC(267)   Other: 0.08ms
[1633.999s][info][gc,heap     ] GC(267) Eden regions: 1203->0(1202)
[1633.999s][info][gc,heap     ] GC(267) Survivor regions: 25->26(154)
[1633.999s][info][gc,heap     ] GC(267) Old regions: 144->144
[1633.999s][info][gc,heap     ] GC(267) Humongous regions: 0->0
[1633.999s][info][gc,metaspace] GC(267) Metaspace: 135648K(137152K)->135648K(137152K) NonClass: 114679K(115392K)->114679K(115392K) Class: 20968K(21760K)->20968K(21760K)
[1633.999s][info][gc          ] GC(267) Pause Young (Normal) (G1 Evacuation Pause) 5484M->678M(8192M) 30.949ms
[1633.999s][info][gc,cpu      ] GC(267) User=0.25s Sys=0.00s Real=0.03s
[1640.922s][info][gc,start    ] GC(268) Pause Young (Normal) (G1 Evacuation Pause)
[1640.922s][info][gc,task     ] GC(268) Using 8 workers of 8 for evacuation
[1640.957s][info][gc,phases   ] GC(268)   Pre Evacuate Collection Set: 0.30ms
[1640.957s][info][gc,phases   ] GC(268)   Merge Heap Roots: 0.17ms
[1640.957s][info][gc,phases   ] GC(268)   Evacuate Collection Set: 32.36ms
[1640.957s][info][gc,phases   ] GC(268)   Post Evacuate Collection Set: 1.84ms
[1640.957s][info][gc,phases   ] GC(268)   Other: 0.08ms
[1640.957s][info][gc,heap     ] GC(268) Eden regions: 1202->0(1199)
[1640.957s][info][gc,heap     ] GC(268) Survivor regions: 26->29(154)
[1640.957s][info][gc,heap     ] GC(268) Old regions: 144->144
[1640.957s][info][gc,heap     ] GC(268) Humongous regions: 0->0
[1640.957s][info][gc,metaspace] GC(268) Metaspace: 135648K(137152K)->135648K(137152K) NonClass: 114679K(115392K)->114679K(115392K) Class: 20968K(21760K)->20968K(21760K)
[1640.957s][info][gc          ] GC(268) Pause Young (Normal) (G1 Evacuation Pause) 5486M->688M(8192M) 34.996ms
[1640.957s][info][gc,cpu      ] GC(268) User=0.25s Sys=0.00s Real=0.04s
[1649.044s][info][gc,start    ] GC(269) Pause Young (Normal) (G1 Evacuation Pause)
[1649.045s][info][gc,task     ] GC(269) Using 8 workers of 8 for evacuation
[1649.082s][info][gc,phases   ] GC(269)   Pre Evacuate Collection Set: 0.30ms
[1649.082s][info][gc,phases   ] GC(269)   Merge Heap Roots: 0.14ms
[1649.082s][info][gc,phases   ] GC(269)   Evacuate Collection Set: 34.18ms
[1649.082s][info][gc,phases   ] GC(269)   Post Evacuate Collection Set: 2.37ms
[1649.082s][info][gc,phases   ] GC(269)   Other: 0.09ms
[1649.082s][info][gc,heap     ] GC(269) Eden regions: 1199->0(1200)
[1649.082s][info][gc,heap     ] GC(269) Survivor regions: 29->28(154)
[1649.082s][info][gc,heap     ] GC(269) Old regions: 144->144
[1649.082s][info][gc,heap     ] GC(269) Humongous regions: 0->0
[1649.082s][info][gc,metaspace] GC(269) Metaspace: 135652K(137152K)->135652K(137152K) NonClass: 114683K(115392K)->114683K(115392K) Class: 20968K(21760K)->20968K(21760K)
[1649.082s][info][gc          ] GC(269) Pause Young (Normal) (G1 Evacuation Pause) 5484M->686M(8192M) 37.341ms
[1649.082s][info][gc,cpu      ] GC(269) User=0.25s Sys=0.00s Real=0.04s
[1656.033s][info][gc,start    ] GC(270) Pause Young (Normal) (G1 Evacuation Pause)
[1656.033s][info][gc,task     ] GC(270) Using 8 workers of 8 for evacuation
[1656.067s][info][gc,phases   ] GC(270)   Pre Evacuate Collection Set: 0.29ms
[1656.067s][info][gc,phases   ] GC(270)   Merge Heap Roots: 0.15ms
[1656.067s][info][gc,phases   ] GC(270)   Evacuate Collection Set: 31.96ms
[1656.067s][info][gc,phases   ] GC(270)   Post Evacuate Collection Set: 1.89ms
[1656.068s][info][gc,phases   ] GC(270)   Other: 0.08ms
[1656.068s][info][gc,heap     ] GC(270) Eden regions: 1200->0(1200)
[1656.068s][info][gc,heap     ] GC(270) Survivor regions: 28->28(154)
[1656.068s][info][gc,heap     ] GC(270) Old regions: 144->144
[1656.068s][info][gc,heap     ] GC(270) Humongous regions: 0->0
[1656.068s][info][gc,metaspace] GC(270) Metaspace: 135653K(137152K)->135653K(137152K) NonClass: 114684K(115392K)->114684K(115392K) Class: 20968K(21760K)->20968K(21760K)
[1656.068s][info][gc          ] GC(270) Pause Young (Normal) (G1 Evacuation Pause) 5486M->686M(8192M) 34.615ms
[1656.068s][info][gc,cpu      ] GC(270) User=0.25s Sys=0.00s Real=0.03s
[1663.623s][info][gc,start    ] GC(271) Pause Young (Normal) (G1 Evacuation Pause)
[1663.624s][info][gc,task     ] GC(271) Using 8 workers of 8 for evacuation
[1663.659s][info][gc,phases   ] GC(271)   Pre Evacuate Collection Set: 0.32ms
[1663.659s][info][gc,phases   ] GC(271)   Merge Heap Roots: 0.13ms
[1663.660s][info][gc,phases   ] GC(271)   Evacuate Collection Set: 33.40ms
[1663.660s][info][gc,phases   ] GC(271)   Post Evacuate Collection Set: 2.00ms
[1663.660s][info][gc,phases   ] GC(271)   Other: 0.09ms
[1663.660s][info][gc,heap     ] GC(271) Eden regions: 1200->0(1199)
[1663.660s][info][gc,heap     ] GC(271) Survivor regions: 28->29(154)
[1663.660s][info][gc,heap     ] GC(271) Old regions: 144->144
[1663.660s][info][gc,heap     ] GC(271) Humongous regions: 0->0
[1663.660s][info][gc,metaspace] GC(271) Metaspace: 135658K(137152K)->135658K(137152K) NonClass: 114689K(115392K)->114689K(115392K) Class: 20968K(21760K)->20968K(21760K)
[1663.660s][info][gc          ] GC(271) Pause Young (Normal) (G1 Evacuation Pause) 5486M->690M(8192M) 36.173ms
[1663.660s][info][gc,cpu      ] GC(271) User=0.25s Sys=0.00s Real=0.04s
[1670.727s][info][gc,start    ] GC(272) Pause Young (Normal) (G1 Evacuation Pause)
[1670.727s][info][gc,task     ] GC(272) Using 8 workers of 8 for evacuation
[1670.764s][info][gc,phases   ] GC(272)   Pre Evacuate Collection Set: 0.31ms
[1670.764s][info][gc,phases   ] GC(272)   Merge Heap Roots: 0.13ms
[1670.764s][info][gc,phases   ] GC(272)   Evacuate Collection Set: 34.90ms
[1670.764s][info][gc,phases   ] GC(272)   Post Evacuate Collection Set: 1.92ms
[1670.764s][info][gc,phases   ] GC(272)   Other: 0.08ms
[1670.764s][info][gc,heap     ] GC(272) Eden regions: 1199->0(1198)
[1670.764s][info][gc,heap     ] GC(272) Survivor regions: 29->30(154)
[1670.764s][info][gc,heap     ] GC(272) Old regions: 144->145
[1670.764s][info][gc,heap     ] GC(272) Humongous regions: 0->0
[1670.764s][info][gc,metaspace] GC(272) Metaspace: 135660K(137152K)->135660K(137152K) NonClass: 114691K(115392K)->114691K(115392K) Class: 20968K(21760K)->20968K(21760K)
[1670.764s][info][gc          ] GC(272) Pause Young (Normal) (G1 Evacuation Pause) (Evacuation Failure: Pinned) 5486M->698M(8192M) 37.565ms
[1670.764s][info][gc,cpu      ] GC(272) User=0.25s Sys=0.00s Real=0.04s
[1678.782s][info][gc,start    ] GC(273) Pause Young (Normal) (G1 Evacuation Pause)
[1678.782s][info][gc,task     ] GC(273) Using 8 workers of 8 for evacuation
[1678.819s][info][gc,phases   ] GC(273)   Pre Evacuate Collection Set: 0.30ms
[1678.819s][info][gc,phases   ] GC(273)   Merge Heap Roots: 0.13ms
[1678.819s][info][gc,phases   ] GC(273)   Evacuate Collection Set: 34.80ms
[1678.819s][info][gc,phases   ] GC(273)   Post Evacuate Collection Set: 1.90ms
[1678.819s][info][gc,phases   ] GC(273)   Other: 0.08ms
[1678.820s][info][gc,heap     ] GC(273) Eden regions: 1198->0(1198)
[1678.820s][info][gc,heap     ] GC(273) Survivor regions: 30->30(154)
[1678.820s][info][gc,heap     ] GC(273) Old regions: 145->144
[1678.820s][info][gc,heap     ] GC(273) Humongous regions: 0->0
[1678.820s][info][gc,metaspace] GC(273) Metaspace: 135660K(137152K)->135660K(137152K) NonClass: 114691K(115392K)->114691K(115392K) Class: 20968K(21760K)->20968K(21760K)
[1678.820s][info][gc          ] GC(273) Pause Young (Normal) (G1 Evacuation Pause) 5490M->694M(8192M) 37.449ms
[1678.820s][info][gc,cpu      ] GC(273) User=0.25s Sys=0.00s Real=0.04s
[1685.335s][info][gc,start    ] GC(274) Pause Young (Normal) (G1 Evacuation Pause)
[1685.335s][info][gc,task     ] GC(274) Using 8 workers of 8 for evacuation
[1685.380s][info][gc,phases   ] GC(274)   Pre Evacuate Collection Set: 0.35ms
[1685.380s][info][gc,phases   ] GC(274)   Merge Heap Roots: 0.14ms
[1685.380s][info][gc,phases   ] GC(274)   Evacuate Collection Set: 42.08ms
[1685.380s][info][gc,phases   ] GC(274)   Post Evacuate Collection Set: 2.45ms
[1685.380s][info][gc,phases   ] GC(274)   Other: 0.11ms
[1685.380s][info][gc,heap     ] GC(274) Eden regions: 1198->0(1196)
[1685.380s][info][gc,heap     ] GC(274) Survivor regions: 30->32(154)
[1685.380s][info][gc,heap     ] GC(274) Old regions: 144->145
[1685.380s][info][gc,heap     ] GC(274) Humongous regions: 0->0
[1685.380s][info][gc,metaspace] GC(274) Metaspace: 135660K(137152K)->135660K(137152K) NonClass: 114691K(115392K)->114691K(115392K) Class: 20968K(21760K)->20968K(21760K)
[1685.380s][info][gc          ] GC(274) Pause Young (Normal) (G1 Evacuation Pause) (Evacuation Failure: Pinned) 5486M->704M(8192M) 45.369ms
[1685.380s][info][gc,cpu      ] GC(274) User=0.38s Sys=0.00s Real=0.04s
[1691.923s][info][gc,start    ] GC(275) Pause Young (Normal) (G1 Evacuation Pause)
[1691.923s][info][gc,task     ] GC(275) Using 8 workers of 8 for evacuation
[1691.967s][info][gc,phases   ] GC(275)   Pre Evacuate Collection Set: 0.30ms
[1691.967s][info][gc,phases   ] GC(275)   Merge Heap Roots: 0.14ms
[1691.967s][info][gc,phases   ] GC(275)   Evacuate Collection Set: 41.65ms
[1691.967s][info][gc,phases   ] GC(275)   Post Evacuate Collection Set: 2.01ms
[1691.967s][info][gc,phases   ] GC(275)   Other: 0.09ms
[1691.967s][info][gc,heap     ] GC(275) Eden regions: 1196->0(1194)
[1691.967s][info][gc,heap     ] GC(275) Survivor regions: 32->34(154)
[1691.967s][info][gc,heap     ] GC(275) Old regions: 145->144
[1691.967s][info][gc,heap     ] GC(275) Humongous regions: 0->0
[1691.967s][info][gc,metaspace] GC(275) Metaspace: 135664K(137216K)->135664K(137216K) NonClass: 114696K(115456K)->114696K(115456K) Class: 20968K(21760K)->20968K(21760K)
[1691.967s][info][gc          ] GC(275) Pause Young (Normal) (G1 Evacuation Pause) 5488M->710M(8192M) 44.432ms
[1691.967s][info][gc,cpu      ] GC(275) User=0.38s Sys=0.00s Real=0.05s
[1700.086s][info][gc,start    ] GC(276) Pause Young (Normal) (G1 Evacuation Pause)
[1700.086s][info][gc,task     ] GC(276) Using 8 workers of 8 for evacuation
[1700.135s][info][gc,phases   ] GC(276)   Pre Evacuate Collection Set: 0.35ms
[1700.135s][info][gc,phases   ] GC(276)   Merge Heap Roots: 0.14ms
[1700.135s][info][gc,phases   ] GC(276)   Evacuate Collection Set: 46.56ms
[1700.135s][info][gc,phases   ] GC(276)   Post Evacuate Collection Set: 2.18ms
[1700.135s][info][gc,phases   ] GC(276)   Other: 0.09ms
[1700.135s][info][gc,heap     ] GC(276) Eden regions: 1194->0(1194)
[1700.135s][info][gc,heap     ] GC(276) Survivor regions: 34->34(154)
[1700.135s][info][gc,heap     ] GC(276) Old regions: 144->144
[1700.135s][info][gc,heap     ] GC(276) Humongous regions: 0->0
[1700.135s][info][gc,metaspace] GC(276) Metaspace: 135664K(137216K)->135664K(137216K) NonClass: 114696K(115456K)->114696K(115456K) Class: 20968K(21760K)->20968K(21760K)
[1700.135s][info][gc          ] GC(276) Pause Young (Normal) (G1 Evacuation Pause) 5486M->708M(8192M) 49.535ms
[1700.135s][info][gc,cpu      ] GC(276) User=0.34s Sys=0.00s Real=0.05s
[1706.627s][info][gc,start    ] GC(277) Pause Young (Normal) (G1 Evacuation Pause)
[1706.627s][info][gc,task     ] GC(277) Using 8 workers of 8 for evacuation
[1706.665s][info][gc,phases   ] GC(277)   Pre Evacuate Collection Set: 0.31ms
[1706.665s][info][gc,phases   ] GC(277)   Merge Heap Roots: 0.15ms
[1706.665s][info][gc,phases   ] GC(277)   Evacuate Collection Set: 34.84ms
[1706.665s][info][gc,phases   ] GC(277)   Post Evacuate Collection Set: 1.86ms
[1706.665s][info][gc,phases   ] GC(277)   Other: 0.08ms
[1706.665s][info][gc,heap     ] GC(277) Eden regions: 1194->0(1197)
[1706.665s][info][gc,heap     ] GC(277) Survivor regions: 34->31(154)
[1706.665s][info][gc,heap     ] GC(277) Old regions: 144->144
[1706.665s][info][gc,heap     ] GC(277) Humongous regions: 0->0
[1706.665s][info][gc,metaspace] GC(277) Metaspace: 135664K(137216K)->135664K(137216K) NonClass: 114696K(115456K)->114696K(115456K) Class: 20968K(21760K)->20968K(21760K)
[1706.665s][info][gc          ] GC(277) Pause Young (Normal) (G1 Evacuation Pause) 5484M->696M(8192M) 37.477ms
[1706.665s][info][gc,cpu      ] GC(277) User=0.30s Sys=0.00s Real=0.04s
[1714.170s][info][gc,start    ] GC(278) Pause Young (Normal) (G1 Evacuation Pause)
[1714.170s][info][gc,task     ] GC(278) Using 8 workers of 8 for evacuation
[1714.201s][info][gc,phases   ] GC(278)   Pre Evacuate Collection Set: 0.34ms
[1714.201s][info][gc,phases   ] GC(278)   Merge Heap Roots: 0.13ms
[1714.201s][info][gc,phases   ] GC(278)   Evacuate Collection Set: 29.37ms
[1714.201s][info][gc,phases   ] GC(278)   Post Evacuate Collection Set: 1.85ms
[1714.201s][info][gc,phases   ] GC(278)   Other: 0.08ms
[1714.201s][info][gc,heap     ] GC(278) Eden regions: 1197->0(1202)
[1714.201s][info][gc,heap     ] GC(278) Survivor regions: 31->26(154)
[1714.201s][info][gc,heap     ] GC(278) Old regions: 144->144
[1714.201s][info][gc,heap     ] GC(278) Humongous regions: 0->0
[1714.202s][info][gc,metaspace] GC(278) Metaspace: 135665K(137216K)->135665K(137216K) NonClass: 114696K(115456K)->114696K(115456K) Class: 20968K(21760K)->20968K(21760K)
[1714.202s][info][gc          ] GC(278) Pause Young (Normal) (G1 Evacuation Pause) 5484M->678M(8192M) 32.007ms
[1714.202s][info][gc,cpu      ] GC(278) User=0.25s Sys=0.00s Real=0.03s
[1721.584s][info][gc,start    ] GC(279) Pause Young (Normal) (G1 Evacuation Pause)
[1721.584s][info][gc,task     ] GC(279) Using 8 workers of 8 for evacuation
[1721.629s][info][gc,phases   ] GC(279)   Pre Evacuate Collection Set: 0.31ms
[1721.629s][info][gc,phases   ] GC(279)   Merge Heap Roots: 0.14ms
[1721.629s][info][gc,phases   ] GC(279)   Evacuate Collection Set: 41.47ms
[1721.629s][info][gc,phases   ] GC(279)   Post Evacuate Collection Set: 2.57ms
[1721.629s][info][gc,phases   ] GC(279)   Other: 0.09ms
[1721.629s][info][gc,heap     ] GC(279) Eden regions: 1202->0(1196)
[1721.629s][info][gc,heap     ] GC(279) Survivor regions: 26->32(154)
[1721.629s][info][gc,heap     ] GC(279) Old regions: 144->144
[1721.629s][info][gc,heap     ] GC(279) Humongous regions: 0->0
[1721.629s][info][gc,metaspace] GC(279) Metaspace: 135665K(137216K)->135665K(137216K) NonClass: 114696K(115456K)->114696K(115456K) Class: 20968K(21760K)->20968K(21760K)
[1721.629s][info][gc          ] GC(279) Pause Young (Normal) (G1 Evacuation Pause) 5486M->700M(8192M) 44.850ms
[1721.629s][info][gc,cpu      ] GC(279) User=0.38s Sys=0.00s Real=0.05s
[1727.973s][info][gc,start    ] GC(280) Pause Young (Normal) (G1 Evacuation Pause)
[1727.973s][info][gc,task     ] GC(280) Using 8 workers of 8 for evacuation
[1728.005s][info][gc,phases   ] GC(280)   Pre Evacuate Collection Set: 0.39ms
[1728.005s][info][gc,phases   ] GC(280)   Merge Heap Roots: 0.14ms
[1728.005s][info][gc,phases   ] GC(280)   Evacuate Collection Set: 29.38ms
[1728.005s][info][gc,phases   ] GC(280)   Post Evacuate Collection Set: 2.26ms
[1728.005s][info][gc,phases   ] GC(280)   Other: 0.11ms
[1728.005s][info][gc,heap     ] GC(280) Eden regions: 1196->0(1204)
[1728.005s][info][gc,heap     ] GC(280) Survivor regions: 32->24(154)
[1728.005s][info][gc,heap     ] GC(280) Old regions: 144->144
[1728.005s][info][gc,heap     ] GC(280) Humongous regions: 0->0
[1728.005s][info][gc,metaspace] GC(280) Metaspace: 135665K(137216K)->135665K(137216K) NonClass: 114696K(115456K)->114696K(115456K) Class: 20968K(21760K)->20968K(21760K)
[1728.005s][info][gc          ] GC(280) Pause Young (Normal) (G1 Evacuation Pause) 5484M->670M(8192M) 32.542ms
[1728.005s][info][gc,cpu      ] GC(280) User=0.25s Sys=0.00s Real=0.03s
[1734.997s][info][gc,start    ] GC(281) Pause Young (Normal) (G1 Evacuation Pause)
[1734.997s][info][gc,task     ] GC(281) Using 8 workers of 8 for evacuation
[1735.022s][info][gc,phases   ] GC(281)   Pre Evacuate Collection Set: 0.37ms
[1735.022s][info][gc,phases   ] GC(281)   Merge Heap Roots: 0.15ms
[1735.022s][info][gc,phases   ] GC(281)   Evacuate Collection Set: 22.87ms
[1735.022s][info][gc,phases   ] GC(281)   Post Evacuate Collection Set: 2.04ms
[1735.022s][info][gc,phases   ] GC(281)   Other: 0.09ms
[1735.022s][info][gc,heap     ] GC(281) Eden regions: 1204->0(1207)
[1735.022s][info][gc,heap     ] GC(281) Survivor regions: 24->21(154)
[1735.022s][info][gc,heap     ] GC(281) Old regions: 144->144
[1735.022s][info][gc,heap     ] GC(281) Humongous regions: 0->0
[1735.022s][info][gc,metaspace] GC(281) Metaspace: 135673K(137216K)->135673K(137216K) NonClass: 114704K(115456K)->114704K(115456K) Class: 20968K(21760K)->20968K(21760K)
[1735.022s][info][gc          ] GC(281) Pause Young (Normal) (G1 Evacuation Pause) 5486M->658M(8192M) 25.736ms
[1735.023s][info][gc,cpu      ] GC(281) User=0.12s Sys=0.00s Real=0.03s
[1740.810s][info][gc,start    ] GC(282) Pause Young (Normal) (G1 Evacuation Pause)
[1740.810s][info][gc,task     ] GC(282) Using 8 workers of 8 for evacuation
[1740.840s][info][gc,phases   ] GC(282)   Pre Evacuate Collection Set: 0.34ms
[1740.840s][info][gc,phases   ] GC(282)   Merge Heap Roots: 0.14ms
[1740.840s][info][gc,phases   ] GC(282)   Evacuate Collection Set: 27.36ms
[1740.840s][info][gc,phases   ] GC(282)   Post Evacuate Collection Set: 1.98ms
[1740.840s][info][gc,phases   ] GC(282)   Other: 0.08ms
[1740.840s][info][gc,heap     ] GC(282) Eden regions: 1207->0(1206)
[1740.840s][info][gc,heap     ] GC(282) Survivor regions: 21->22(154)
[1740.840s][info][gc,heap     ] GC(282) Old regions: 144->144
[1740.840s][info][gc,heap     ] GC(282) Humongous regions: 0->0
[1740.840s][info][gc,metaspace] GC(282) Metaspace: 135673K(137216K)->135673K(137216K) NonClass: 114704K(115456K)->114704K(115456K) Class: 20968K(21760K)->20968K(21760K)
[1740.841s][info][gc          ] GC(282) Pause Young (Normal) (G1 Evacuation Pause) 5486M->663M(8192M) 30.123ms
[1740.841s][info][gc,cpu      ] GC(282) User=0.25s Sys=0.00s Real=0.03s
[1748.129s][info][gc,start    ] GC(283) Pause Young (Normal) (G1 Evacuation Pause)
[1748.129s][info][gc,task     ] GC(283) Using 8 workers of 8 for evacuation
[1748.159s][info][gc,phases   ] GC(283)   Pre Evacuate Collection Set: 0.32ms
[1748.159s][info][gc,phases   ] GC(283)   Merge Heap Roots: 0.15ms
[1748.159s][info][gc,phases   ] GC(283)   Evacuate Collection Set: 26.75ms
[1748.159s][info][gc,phases   ] GC(283)   Post Evacuate Collection Set: 1.98ms
[1748.159s][info][gc,phases   ] GC(283)   Other: 0.08ms
[1748.159s][info][gc,heap     ] GC(283) Eden regions: 1206->0(1204)
[1748.159s][info][gc,heap     ] GC(283) Survivor regions: 22->24(154)
[1748.159s][info][gc,heap     ] GC(283) Old regions: 144->144
[1748.159s][info][gc,heap     ] GC(283) Humongous regions: 0->0
[1748.159s][info][gc,metaspace] GC(283) Metaspace: 135674K(137216K)->135674K(137216K) NonClass: 114705K(115456K)->114705K(115456K) Class: 20968K(21760K)->20968K(21760K)
[1748.159s][info][gc          ] GC(283) Pause Young (Normal) (G1 Evacuation Pause) 5487M->669M(8192M) 29.509ms
[1748.159s][info][gc,cpu      ] GC(283) User=0.25s Sys=0.00s Real=0.03s
[1754.416s][info][gc,start    ] GC(284) Pause Young (Normal) (G1 Evacuation Pause)
[1754.416s][info][gc,task     ] GC(284) Using 8 workers of 8 for evacuation
[1754.454s][info][gc,phases   ] GC(284)   Pre Evacuate Collection Set: 0.36ms
[1754.454s][info][gc,phases   ] GC(284)   Merge Heap Roots: 0.14ms
[1754.454s][info][gc,phases   ] GC(284)   Evacuate Collection Set: 35.35ms
[1754.454s][info][gc,phases   ] GC(284)   Post Evacuate Collection Set: 2.27ms
[1754.454s][info][gc,phases   ] GC(284)   Other: 0.08ms
[1754.454s][info][gc,heap     ] GC(284) Eden regions: 1204->0(1195)
[1754.454s][info][gc,heap     ] GC(284) Survivor regions: 24->33(154)
[1754.454s][info][gc,heap     ] GC(284) Old regions: 144->145
[1754.454s][info][gc,heap     ] GC(284) Humongous regions: 0->0
[1754.454s][info][gc,metaspace] GC(284) Metaspace: 135674K(137216K)->135674K(137216K) NonClass: 114705K(115456K)->114705K(115456K) Class: 20968K(21760K)->20968K(21760K)
[1754.454s][info][gc          ] GC(284) Pause Young (Normal) (G1 Evacuation Pause) (Evacuation Failure: Pinned) 5485M->709M(8192M) 38.417ms
[1754.454s][info][gc,cpu      ] GC(284) User=0.25s Sys=0.00s Real=0.04s
[1760.037s][info][gc,start    ] GC(285) Pause Young (Normal) (G1 Evacuation Pause)
[1760.037s][info][gc,task     ] GC(285) Using 8 workers of 8 for evacuation
[1760.071s][info][gc,phases   ] GC(285)   Pre Evacuate Collection Set: 0.32ms
[1760.071s][info][gc,phases   ] GC(285)   Merge Heap Roots: 0.15ms
[1760.071s][info][gc,phases   ] GC(285)   Evacuate Collection Set: 31.93ms
[1760.071s][info][gc,phases   ] GC(285)   Post Evacuate Collection Set: 2.06ms
[1760.071s][info][gc,phases   ] GC(285)   Other: 0.09ms
[1760.071s][info][gc,heap     ] GC(285) Eden regions: 1195->0(1201)
[1760.071s][info][gc,heap     ] GC(285) Survivor regions: 33->27(154)
[1760.071s][info][gc,heap     ] GC(285) Old regions: 145->144
[1760.071s][info][gc,heap     ] GC(285) Humongous regions: 0->0
[1760.071s][info][gc,metaspace] GC(285) Metaspace: 135674K(137216K)->135674K(137216K) NonClass: 114705K(115456K)->114705K(115456K) Class: 20968K(21760K)->20968K(21760K)
[1760.071s][info][gc          ] GC(285) Pause Young (Normal) (G1 Evacuation Pause) 5489M->683M(8192M) 34.807ms
[1760.071s][info][gc,cpu      ] GC(285) User=0.30s Sys=0.00s Real=0.03s
[1769.617s][info][gc,start    ] GC(286) Pause Young (Normal) (G1 Evacuation Pause)
[1769.617s][info][gc,task     ] GC(286) Using 8 workers of 8 for evacuation
[1769.653s][info][gc,phases   ] GC(286)   Pre Evacuate Collection Set: 0.33ms
[1769.653s][info][gc,phases   ] GC(286)   Merge Heap Roots: 0.14ms
[1769.653s][info][gc,phases   ] GC(286)   Evacuate Collection Set: 33.52ms
[1769.653s][info][gc,phases   ] GC(286)   Post Evacuate Collection Set: 2.19ms
[1769.653s][info][gc,phases   ] GC(286)   Other: 0.08ms
[1769.653s][info][gc,heap     ] GC(286) Eden regions: 1201->0(1200)
[1769.653s][info][gc,heap     ] GC(286) Survivor regions: 27->28(154)
[1769.653s][info][gc,heap     ] GC(286) Old regions: 144->144
[1769.653s][info][gc,heap     ] GC(286) Humongous regions: 0->0
[1769.653s][info][gc,metaspace] GC(286) Metaspace: 135675K(137216K)->135675K(137216K) NonClass: 114706K(115456K)->114706K(115456K) Class: 20968K(21760K)->20968K(21760K)
[1769.653s][info][gc          ] GC(286) Pause Young (Normal) (G1 Evacuation Pause) 5487M->687M(8192M) 36.509ms
[1769.653s][info][gc,cpu      ] GC(286) User=0.38s Sys=0.00s Real=0.04s
[1775.416s][info][gc,start    ] GC(287) Pause Young (Normal) (G1 Evacuation Pause)
[1775.416s][info][gc,task     ] GC(287) Using 8 workers of 8 for evacuation
[1775.477s][info][gc,phases   ] GC(287)   Pre Evacuate Collection Set: 0.34ms
[1775.477s][info][gc,phases   ] GC(287)   Merge Heap Roots: 0.13ms
[1775.477s][info][gc,phases   ] GC(287)   Evacuate Collection Set: 57.97ms
[1775.477s][info][gc,phases   ] GC(287)   Post Evacuate Collection Set: 2.19ms
[1775.477s][info][gc,phases   ] GC(287)   Other: 0.09ms
[1775.477s][info][gc,heap     ] GC(287) Eden regions: 1200->0(1180)
[1775.477s][info][gc,heap     ] GC(287) Survivor regions: 28->48(154)
[1775.477s][info][gc,heap     ] GC(287) Old regions: 144->144
[1775.477s][info][gc,heap     ] GC(287) Humongous regions: 2->2
[1775.477s][info][gc,metaspace] GC(287) Metaspace: 135675K(137216K)->135675K(137216K) NonClass: 114706K(115456K)->114706K(115456K) Class: 20968K(21760K)->20968K(21760K)
[1775.477s][info][gc          ] GC(287) Pause Young (Normal) (G1 Evacuation Pause) 5495M->775M(8192M) 60.968ms
[1775.477s][info][gc,cpu      ] GC(287) User=0.50s Sys=0.00s Real=0.06s
[1783.324s][info][gc,start    ] GC(288) Pause Young (Normal) (G1 Evacuation Pause)
[1783.324s][info][gc,task     ] GC(288) Using 8 workers of 8 for evacuation
[1783.354s][info][gc,phases   ] GC(288)   Pre Evacuate Collection Set: 0.32ms
[1783.354s][info][gc,phases   ] GC(288)   Merge Heap Roots: 0.13ms
[1783.354s][info][gc,phases   ] GC(288)   Evacuate Collection Set: 27.21ms
[1783.354s][info][gc,phases   ] GC(288)   Post Evacuate Collection Set: 2.09ms
[1783.354s][info][gc,phases   ] GC(288)   Other: 0.09ms
[1783.354s][info][gc,heap     ] GC(288) Eden regions: 1180->0(1204)
[1783.354s][info][gc,heap     ] GC(288) Survivor regions: 48->24(154)
[1783.354s][info][gc,heap     ] GC(288) Old regions: 144->144
[1783.354s][info][gc,heap     ] GC(288) Humongous regions: 2->2
[1783.354s][info][gc,metaspace] GC(288) Metaspace: 135675K(137216K)->135675K(137216K) NonClass: 114706K(115456K)->114706K(115456K) Class: 20968K(21760K)->20968K(21760K)
[1783.354s][info][gc          ] GC(288) Pause Young (Normal) (G1 Evacuation Pause) 5495M->679M(8192M) 30.096ms
[1783.354s][info][gc,cpu      ] GC(288) User=0.25s Sys=0.00s Real=0.03s
[1791.105s][info][gc,start    ] GC(289) Pause Young (Normal) (G1 Evacuation Pause)
[1791.105s][info][gc,task     ] GC(289) Using 8 workers of 8 for evacuation
[1791.138s][info][gc,phases   ] GC(289)   Pre Evacuate Collection Set: 0.32ms
[1791.138s][info][gc,phases   ] GC(289)   Merge Heap Roots: 0.13ms
[1791.138s][info][gc,phases   ] GC(289)   Evacuate Collection Set: 30.33ms
[1791.138s][info][gc,phases   ] GC(289)   Post Evacuate Collection Set: 2.00ms
[1791.138s][info][gc,phases   ] GC(289)   Other: 0.09ms
[1791.138s][info][gc,heap     ] GC(289) Eden regions: 1204->0(1202)
[1791.138s][info][gc,heap     ] GC(289) Survivor regions: 24->26(154)
[1791.138s][info][gc,heap     ] GC(289) Old regions: 144->145
[1791.138s][info][gc,heap     ] GC(289) Humongous regions: 2->2
[1791.138s][info][gc,metaspace] GC(289) Metaspace: 135677K(137216K)->135677K(137216K) NonClass: 114708K(115456K)->114708K(115456K) Class: 20968K(21760K)->20968K(21760K)
[1791.138s][info][gc          ] GC(289) Pause Young (Normal) (G1 Evacuation Pause) (Evacuation Failure: Pinned) 5495M->691M(8192M) 33.104ms
[1791.138s][info][gc,cpu      ] GC(289) User=0.25s Sys=0.00s Real=0.03s
[1796.654s][info][gc,start    ] GC(290) Pause Young (Normal) (G1 Evacuation Pause)
[1796.654s][info][gc,task     ] GC(290) Using 8 workers of 8 for evacuation
[1796.722s][info][gc,phases   ] GC(290)   Pre Evacuate Collection Set: 0.34ms
[1796.722s][info][gc,phases   ] GC(290)   Merge Heap Roots: 0.13ms
[1796.722s][info][gc,phases   ] GC(290)   Evacuate Collection Set: 65.45ms
[1796.722s][info][gc,phases   ] GC(290)   Post Evacuate Collection Set: 2.01ms
[1796.722s][info][gc,phases   ] GC(290)   Other: 0.08ms
[1796.722s][info][gc,heap     ] GC(290) Eden regions: 1202->0(1177)
[1796.722s][info][gc,heap     ] GC(290) Survivor regions: 26->51(154)
[1796.722s][info][gc,heap     ] GC(290) Old regions: 145->145
[1796.722s][info][gc,heap     ] GC(290) Humongous regions: 2->2
[1796.722s][info][gc,metaspace] GC(290) Metaspace: 135677K(137216K)->135677K(137216K) NonClass: 114708K(115456K)->114708K(115456K) Class: 20968K(21760K)->20968K(21760K)
[1796.722s][info][gc          ] GC(290) Pause Young (Normal) (G1 Evacuation Pause) (Evacuation Failure: Pinned) 5499M->789M(8192M) 68.223ms
[1796.722s][info][gc,cpu      ] GC(290) User=0.50s Sys=0.00s Real=0.07s
[1802.773s][info][gc,start    ] GC(291) Pause Young (Normal) (G1 Evacuation Pause)
[1802.773s][info][gc,task     ] GC(291) Using 8 workers of 8 for evacuation
[1802.808s][info][gc,phases   ] GC(291)   Pre Evacuate Collection Set: 0.32ms
[1802.808s][info][gc,phases   ] GC(291)   Merge Heap Roots: 0.15ms
[1802.808s][info][gc,phases   ] GC(291)   Evacuate Collection Set: 32.57ms
[1802.808s][info][gc,phases   ] GC(291)   Post Evacuate Collection Set: 1.87ms
[1802.808s][info][gc,phases   ] GC(291)   Other: 0.08ms
[1802.808s][info][gc,heap     ] GC(291) Eden regions: 1177->0(1200)
[1802.808s][info][gc,heap     ] GC(291) Survivor regions: 51->28(154)
[1802.808s][info][gc,heap     ] GC(291) Old regions: 145->144
[1802.808s][info][gc,heap     ] GC(291) Humongous regions: 2->2
[1802.808s][info][gc,metaspace] GC(291) Metaspace: 135677K(137216K)->135677K(137216K) NonClass: 114708K(115456K)->114708K(115456K) Class: 20968K(21760K)->20968K(21760K)
[1802.808s][info][gc          ] GC(291) Pause Young (Normal) (G1 Evacuation Pause) 5497M->693M(8192M) 35.223ms
[1802.808s][info][gc,cpu      ] GC(291) User=0.38s Sys=0.00s Real=0.03s
[1809.272s][info][gc,start    ] GC(292) Pause Young (Normal) (G1 Evacuation Pause)
[1809.272s][info][gc,task     ] GC(292) Using 8 workers of 8 for evacuation
[1809.309s][info][gc,phases   ] GC(292)   Pre Evacuate Collection Set: 0.32ms
[1809.309s][info][gc,phases   ] GC(292)   Merge Heap Roots: 0.12ms
[1809.309s][info][gc,phases   ] GC(292)   Evacuate Collection Set: 34.24ms
[1809.309s][info][gc,phases   ] GC(292)   Post Evacuate Collection Set: 1.98ms
[1809.309s][info][gc,phases   ] GC(292)   Other: 0.09ms
[1809.309s][info][gc,heap     ] GC(292) Eden regions: 1200->0(1198)
[1809.309s][info][gc,heap     ] GC(292) Survivor regions: 28->30(154)
[1809.309s][info][gc,heap     ] GC(292) Old regions: 144->144
[1809.309s][info][gc,heap     ] GC(292) Humongous regions: 2->2
[1809.309s][info][gc,metaspace] GC(292) Metaspace: 135677K(137216K)->135677K(137216K) NonClass: 114708K(115456K)->114708K(115456K) Class: 20968K(21760K)->20968K(21760K)
[1809.309s][info][gc          ] GC(292) Pause Young (Normal) (G1 Evacuation Pause) 5493M->701M(8192M) 36.988ms
[1809.309s][info][gc,cpu      ] GC(292) User=0.38s Sys=0.00s Real=0.04s
[1814.981s][info][gc,start    ] GC(293) Pause Young (Normal) (G1 Evacuation Pause)
[1814.981s][info][gc,task     ] GC(293) Using 8 workers of 8 for evacuation
[1815.033s][info][gc,phases   ] GC(293)   Pre Evacuate Collection Set: 0.30ms
[1815.033s][info][gc,phases   ] GC(293)   Merge Heap Roots: 0.14ms
[1815.033s][info][gc,phases   ] GC(293)   Evacuate Collection Set: 49.22ms
[1815.033s][info][gc,phases   ] GC(293)   Post Evacuate Collection Set: 2.08ms
[1815.033s][info][gc,phases   ] GC(293)   Other: 0.08ms
[1815.033s][info][gc,heap     ] GC(293) Eden regions: 1198->0(1184)
[1815.033s][info][gc,heap     ] GC(293) Survivor regions: 30->44(154)
[1815.033s][info][gc,heap     ] GC(293) Old regions: 144->145
[1815.033s][info][gc,heap     ] GC(293) Humongous regions: 2->2
[1815.033s][info][gc,metaspace] GC(293) Metaspace: 135677K(137216K)->135677K(137216K) NonClass: 114708K(115456K)->114708K(115456K) Class: 20968K(21760K)->20968K(21760K)
[1815.033s][info][gc          ] GC(293) Pause Young (Normal) (G1 Evacuation Pause) (Evacuation Failure: Pinned) 5493M->763M(8192M) 52.044ms
[1815.033s][info][gc,cpu      ] GC(293) User=0.38s Sys=0.00s Real=0.05s
[1822.166s][info][gc,start    ] GC(294) Pause Young (Normal) (G1 Evacuation Pause)
[1822.166s][info][gc,task     ] GC(294) Using 8 workers of 8 for evacuation
[1822.201s][info][gc,phases   ] GC(294)   Pre Evacuate Collection Set: 0.32ms
[1822.201s][info][gc,phases   ] GC(294)   Merge Heap Roots: 0.16ms
[1822.201s][info][gc,phases   ] GC(294)   Evacuate Collection Set: 31.81ms
[1822.201s][info][gc,phases   ] GC(294)   Post Evacuate Collection Set: 2.10ms
[1822.201s][info][gc,phases   ] GC(294)   Other: 0.09ms
[1822.201s][info][gc,heap     ] GC(294) Eden regions: 1184->0(1200)
[1822.201s][info][gc,heap     ] GC(294) Survivor regions: 44->28(154)
[1822.201s][info][gc,heap     ] GC(294) Old regions: 145->144
[1822.201s][info][gc,heap     ] GC(294) Humongous regions: 2->2
[1822.201s][info][gc,metaspace] GC(294) Metaspace: 135680K(137216K)->135680K(137216K) NonClass: 114711K(115456K)->114711K(115456K) Class: 20968K(21760K)->20968K(21760K)
[1822.201s][info][gc          ] GC(294) Pause Young (Normal) (G1 Evacuation Pause) 5499M->693M(8192M) 34.746ms
[1822.201s][info][gc,cpu      ] GC(294) User=0.25s Sys=0.00s Real=0.04s
[1828.764s][info][gc,start    ] GC(295) Pause Young (Normal) (G1 Evacuation Pause)
[1828.765s][info][gc,task     ] GC(295) Using 8 workers of 8 for evacuation
[1828.804s][info][gc,phases   ] GC(295)   Pre Evacuate Collection Set: 0.31ms
[1828.804s][info][gc,phases   ] GC(295)   Merge Heap Roots: 0.12ms
[1828.804s][info][gc,phases   ] GC(295)   Evacuate Collection Set: 36.63ms
[1828.804s][info][gc,phases   ] GC(295)   Post Evacuate Collection Set: 1.94ms
[1828.804s][info][gc,phases   ] GC(295)   Other: 0.08ms
[1828.804s][info][gc,heap     ] GC(295) Eden regions: 1200->0(1197)
[1828.804s][info][gc,heap     ] GC(295) Survivor regions: 28->31(154)
[1828.804s][info][gc,heap     ] GC(295) Old regions: 144->144
[1828.804s][info][gc,heap     ] GC(295) Humongous regions: 2->2
[1828.804s][info][gc,metaspace] GC(295) Metaspace: 135681K(137216K)->135681K(137216K) NonClass: 114713K(115456K)->114713K(115456K) Class: 20968K(21760K)->20968K(21760K)
[1828.804s][info][gc          ] GC(295) Pause Young (Normal) (G1 Evacuation Pause) 5493M->707M(8192M) 39.306ms
[1828.804s][info][gc,cpu      ] GC(295) User=0.25s Sys=0.00s Real=0.04s
[1834.146s][info][gc,start    ] GC(296) Pause Young (Normal) (G1 Evacuation Pause)
[1834.146s][info][gc,task     ] GC(296) Using 8 workers of 8 for evacuation
[1834.221s][info][gc,phases   ] GC(296)   Pre Evacuate Collection Set: 0.35ms
[1834.221s][info][gc,phases   ] GC(296)   Merge Heap Roots: 0.13ms
[1834.221s][info][gc,phases   ] GC(296)   Evacuate Collection Set: 71.58ms
[1834.221s][info][gc,phases   ] GC(296)   Post Evacuate Collection Set: 2.54ms
[1834.221s][info][gc,phases   ] GC(296)   Other: 0.08ms
[1834.221s][info][gc,heap     ] GC(296) Eden regions: 1197->0(1174)
[1834.221s][info][gc,heap     ] GC(296) Survivor regions: 31->54(154)
[1834.221s][info][gc,heap     ] GC(296) Old regions: 144->145
[1834.221s][info][gc,heap     ] GC(296) Humongous regions: 2->2
[1834.221s][info][gc,metaspace] GC(296) Metaspace: 135681K(137216K)->135681K(137216K) NonClass: 114713K(115456K)->114713K(115456K) Class: 20968K(21760K)->20968K(21760K)
[1834.221s][info][gc          ] GC(296) Pause Young (Normal) (G1 Evacuation Pause) 5495M->800M(8192M) 74.912ms
[1834.221s][info][gc,cpu      ] GC(296) User=0.62s Sys=0.00s Real=0.08s
[1840.334s][info][gc,start    ] GC(297) Pause Young (Normal) (G1 Evacuation Pause)
[1840.334s][info][gc,task     ] GC(297) Using 8 workers of 8 for evacuation
[1840.368s][info][gc,phases   ] GC(297)   Pre Evacuate Collection Set: 0.32ms
[1840.368s][info][gc,phases   ] GC(297)   Merge Heap Roots: 0.15ms
[1840.368s][info][gc,phases   ] GC(297)   Evacuate Collection Set: 31.10ms
[1840.368s][info][gc,phases   ] GC(297)   Post Evacuate Collection Set: 2.15ms
[1840.368s][info][gc,phases   ] GC(297)   Other: 0.08ms
[1840.368s][info][gc,heap     ] GC(297) Eden regions: 1174->0(1202)
[1840.368s][info][gc,heap     ] GC(297) Survivor regions: 54->26(154)
[1840.368s][info][gc,heap     ] GC(297) Old regions: 145->145
[1840.368s][info][gc,heap     ] GC(297) Humongous regions: 2->2
[1840.368s][info][gc,metaspace] GC(297) Metaspace: 135682K(137216K)->135682K(137216K) NonClass: 114713K(115456K)->114713K(115456K) Class: 20968K(21760K)->20968K(21760K)
[1840.368s][info][gc          ] GC(297) Pause Young (Normal) (G1 Evacuation Pause) 5496M->686M(8192M) 34.018ms
[1840.368s][info][gc,cpu      ] GC(297) User=0.38s Sys=0.00s Real=0.03s
[1847.843s][info][gc,start    ] GC(298) Pause Young (Normal) (G1 Evacuation Pause)
[1847.843s][info][gc,task     ] GC(298) Using 8 workers of 8 for evacuation
[1847.879s][info][gc,phases   ] GC(298)   Pre Evacuate Collection Set: 0.31ms
[1847.879s][info][gc,phases   ] GC(298)   Merge Heap Roots: 0.13ms
[1847.879s][info][gc,phases   ] GC(298)   Evacuate Collection Set: 32.98ms
[1847.879s][info][gc,phases   ] GC(298)   Post Evacuate Collection Set: 1.86ms
[1847.879s][info][gc,phases   ] GC(298)   Other: 0.08ms
[1847.879s][info][gc,heap     ] GC(298) Eden regions: 1202->0(1198)
[1847.879s][info][gc,heap     ] GC(298) Survivor regions: 26->30(154)
[1847.879s][info][gc,heap     ] GC(298) Old regions: 145->145
[1847.879s][info][gc,heap     ] GC(298) Humongous regions: 2->2
[1847.879s][info][gc,metaspace] GC(298) Metaspace: 135714K(137216K)->135714K(137216K) NonClass: 114744K(115456K)->114744K(115456K) Class: 20970K(21760K)->20970K(21760K)
[1847.879s][info][gc          ] GC(298) Pause Young (Normal) (G1 Evacuation Pause) 5494M->702M(8192M) 35.581ms
[1847.879s][info][gc,cpu      ] GC(298) User=0.25s Sys=0.00s Real=0.04s
[1853.548s][info][gc,start    ] GC(299) Pause Young (Normal) (G1 Evacuation Pause)
[1853.548s][info][gc,task     ] GC(299) Using 8 workers of 8 for evacuation
[1853.615s][info][gc,phases   ] GC(299)   Pre Evacuate Collection Set: 0.40ms
[1853.615s][info][gc,phases   ] GC(299)   Merge Heap Roots: 0.14ms
[1853.615s][info][gc,phases   ] GC(299)   Evacuate Collection Set: 64.09ms
[1853.615s][info][gc,phases   ] GC(299)   Post Evacuate Collection Set: 2.22ms
[1853.615s][info][gc,phases   ] GC(299)   Other: 0.10ms
[1853.615s][info][gc,heap     ] GC(299) Eden regions: 1198->0(1174)
[1853.615s][info][gc,heap     ] GC(299) Survivor regions: 30->54(154)
[1853.615s][info][gc,heap     ] GC(299) Old regions: 145->146
[1853.615s][info][gc,heap     ] GC(299) Humongous regions: 2->2
[1853.615s][info][gc,metaspace] GC(299) Metaspace: 135715K(137216K)->135715K(137216K) NonClass: 114745K(115456K)->114745K(115456K) Class: 20970K(21760K)->20970K(21760K)
[1853.615s][info][gc          ] GC(299) Pause Young (Normal) (G1 Evacuation Pause) (Evacuation Failure: Pinned) 5494M->802M(8192M) 67.238ms
[1853.615s][info][gc,cpu      ] GC(299) User=0.50s Sys=0.00s Real=0.07s
[1860.612s][info][gc,start    ] GC(300) Pause Young (Normal) (G1 Evacuation Pause)
[1860.612s][info][gc,task     ] GC(300) Using 8 workers of 8 for evacuation
[1860.641s][info][gc,phases   ] GC(300)   Pre Evacuate Collection Set: 0.33ms
[1860.641s][info][gc,phases   ] GC(300)   Merge Heap Roots: 0.14ms
[1860.641s][info][gc,phases   ] GC(300)   Evacuate Collection Set: 26.15ms
[1860.641s][info][gc,phases   ] GC(300)   Post Evacuate Collection Set: 1.79ms
[1860.641s][info][gc,phases   ] GC(300)   Other: 0.08ms
[1860.641s][info][gc,heap     ] GC(300) Eden regions: 1174->0(1205)
[1860.641s][info][gc,heap     ] GC(300) Survivor regions: 54->23(154)
[1860.641s][info][gc,heap     ] GC(300) Old regions: 146->145
[1860.641s][info][gc,heap     ] GC(300) Humongous regions: 2->2
[1860.641s][info][gc,metaspace] GC(300) Metaspace: 135716K(137216K)->135716K(137216K) NonClass: 114746K(115456K)->114746K(115456K) Class: 20970K(21760K)->20970K(21760K)
[1860.641s][info][gc          ] GC(300) Pause Young (Normal) (G1 Evacuation Pause) 5498M->676M(8192M) 28.722ms
[1860.641s][info][gc,cpu      ] GC(300) User=0.25s Sys=0.00s Real=0.03s
[1868.985s][info][gc,start    ] GC(301) Pause Young (Normal) (G1 Evacuation Pause)
[1868.985s][info][gc,task     ] GC(301) Using 8 workers of 8 for evacuation
[1869.015s][info][gc,phases   ] GC(301)   Pre Evacuate Collection Set: 0.35ms
[1869.015s][info][gc,phases   ] GC(301)   Merge Heap Roots: 0.18ms
[1869.015s][info][gc,phases   ] GC(301)   Evacuate Collection Set: 27.36ms
[1869.015s][info][gc,phases   ] GC(301)   Post Evacuate Collection Set: 2.01ms
[1869.015s][info][gc,phases   ] GC(301)   Other: 0.08ms
[1869.015s][info][gc,heap     ] GC(301) Eden regions: 1205->0(1202)
[1869.015s][info][gc,heap     ] GC(301) Survivor regions: 23->26(154)
[1869.015s][info][gc,heap     ] GC(301) Old regions: 145->145
[1869.015s][info][gc,heap     ] GC(301) Humongous regions: 2->2
[1869.015s][info][gc,metaspace] GC(301) Metaspace: 135717K(137216K)->135717K(137216K) NonClass: 114747K(115456K)->114747K(115456K) Class: 20970K(21760K)->20970K(21760K)
[1869.015s][info][gc          ] GC(301) Pause Young (Normal) (G1 Evacuation Pause) 5496M->686M(8192M) 30.202ms
[1869.015s][info][gc,cpu      ] GC(301) User=0.25s Sys=0.00s Real=0.03s
[1875.099s][info][gc,start    ] GC(302) Pause Young (Normal) (G1 Evacuation Pause)
[1875.099s][info][gc,task     ] GC(302) Using 8 workers of 8 for evacuation
[1875.138s][info][gc,phases   ] GC(302)   Pre Evacuate Collection Set: 0.45ms
[1875.138s][info][gc,phases   ] GC(302)   Merge Heap Roots: 0.15ms
[1875.138s][info][gc,phases   ] GC(302)   Evacuate Collection Set: 36.28ms
[1875.138s][info][gc,phases   ] GC(302)   Post Evacuate Collection Set: 1.83ms
[1875.138s][info][gc,phases   ] GC(302)   Other: 0.09ms
[1875.138s][info][gc,heap     ] GC(302) Eden regions: 1202->0(1195)
[1875.138s][info][gc,heap     ] GC(302) Survivor regions: 26->33(154)
[1875.138s][info][gc,heap     ] GC(302) Old regions: 145->145
[1875.138s][info][gc,heap     ] GC(302) Humongous regions: 2->2
[1875.138s][info][gc,metaspace] GC(302) Metaspace: 135765K(137280K)->135765K(137280K) NonClass: 114786K(115520K)->114786K(115520K) Class: 20978K(21760K)->20978K(21760K)
[1875.138s][info][gc          ] GC(302) Pause Young (Normal) (G1 Evacuation Pause) 5494M->717M(8192M) 39.031ms
[1875.138s][info][gc,cpu      ] GC(302) User=0.38s Sys=0.00s Real=0.04s
[1881.444s][info][gc,start    ] GC(303) Pause Young (Normal) (G1 Evacuation Pause)
[1881.444s][info][gc,task     ] GC(303) Using 8 workers of 8 for evacuation
[1881.473s][info][gc,phases   ] GC(303)   Pre Evacuate Collection Set: 0.32ms
[1881.473s][info][gc,phases   ] GC(303)   Merge Heap Roots: 0.14ms
[1881.473s][info][gc,phases   ] GC(303)   Evacuate Collection Set: 26.44ms
[1881.473s][info][gc,phases   ] GC(303)   Post Evacuate Collection Set: 1.87ms
[1881.473s][info][gc,phases   ] GC(303)   Other: 0.08ms
[1881.473s][info][gc,heap     ] GC(303) Eden regions: 1195->0(1206)
[1881.473s][info][gc,heap     ] GC(303) Survivor regions: 33->22(154)
[1881.473s][info][gc,heap     ] GC(303) Old regions: 145->145
[1881.473s][info][gc,heap     ] GC(303) Humongous regions: 2->2
[1881.473s][info][gc,metaspace] GC(303) Metaspace: 135766K(137280K)->135766K(137280K) NonClass: 114787K(115520K)->114787K(115520K) Class: 20978K(21760K)->20978K(21760K)
[1881.473s][info][gc          ] GC(303) Pause Young (Normal) (G1 Evacuation Pause) 5497M->673M(8192M) 29.094ms
[1881.473s][info][gc,cpu      ] GC(303) User=0.25s Sys=0.00s Real=0.03s
[1888.504s][info][gc,start    ] GC(304) Pause Young (Normal) (G1 Evacuation Pause)
[1888.504s][info][gc,task     ] GC(304) Using 8 workers of 8 for evacuation
[1888.534s][info][gc,phases   ] GC(304)   Pre Evacuate Collection Set: 0.33ms
[1888.534s][info][gc,phases   ] GC(304)   Merge Heap Roots: 0.13ms
[1888.534s][info][gc,phases   ] GC(304)   Evacuate Collection Set: 28.10ms
[1888.534s][info][gc,phases   ] GC(304)   Post Evacuate Collection Set: 1.87ms
[1888.534s][info][gc,phases   ] GC(304)   Other: 0.08ms
[1888.534s][info][gc,heap     ] GC(304) Eden regions: 1206->0(1202)
[1888.534s][info][gc,heap     ] GC(304) Survivor regions: 22->26(154)
[1888.534s][info][gc,heap     ] GC(304) Old regions: 145->145
[1888.534s][info][gc,heap     ] GC(304) Humongous regions: 2->2
[1888.534s][info][gc,metaspace] GC(304) Metaspace: 135772K(137280K)->135772K(137280K) NonClass: 114793K(115520K)->114793K(115520K) Class: 20979K(21760K)->20979K(21760K)
[1888.534s][info][gc          ] GC(304) Pause Young (Normal) (G1 Evacuation Pause) 5497M->689M(8192M) 30.736ms
[1888.534s][info][gc,cpu      ] GC(304) User=0.25s Sys=0.00s Real=0.03s
[1894.450s][info][gc,start    ] GC(305) Pause Young (Normal) (G1 Evacuation Pause)
[1894.450s][info][gc,task     ] GC(305) Using 8 workers of 8 for evacuation
[1894.497s][info][gc,phases   ] GC(305)   Pre Evacuate Collection Set: 0.36ms
[1894.497s][info][gc,phases   ] GC(305)   Merge Heap Roots: 0.15ms
[1894.497s][info][gc,phases   ] GC(305)   Evacuate Collection Set: 44.12ms
[1894.497s][info][gc,phases   ] GC(305)   Post Evacuate Collection Set: 2.34ms
[1894.497s][info][gc,phases   ] GC(305)   Other: 0.08ms
[1894.497s][info][gc,heap     ] GC(305) Eden regions: 1202->0(1193)
[1894.497s][info][gc,heap     ] GC(305) Survivor regions: 26->35(154)
[1894.497s][info][gc,heap     ] GC(305) Old regions: 145->146
[1894.497s][info][gc,heap     ] GC(305) Humongous regions: 2->2
[1894.497s][info][gc,metaspace] GC(305) Metaspace: 135772K(137280K)->135772K(137280K) NonClass: 114793K(115520K)->114793K(115520K) Class: 20979K(21760K)->20979K(21760K)
[1894.497s][info][gc          ] GC(305) Pause Young (Normal) (G1 Evacuation Pause) (Evacuation Failure: Pinned) 5497M->729M(8192M) 47.307ms
[1894.497s][info][gc,cpu      ] GC(305) User=0.38s Sys=0.00s Real=0.05s
[1901.116s][info][gc,start    ] GC(306) Pause Young (Normal) (G1 Evacuation Pause)
[1901.116s][info][gc,task     ] GC(306) Using 8 workers of 8 for evacuation
[1901.147s][info][gc,phases   ] GC(306)   Pre Evacuate Collection Set: 0.32ms
[1901.147s][info][gc,phases   ] GC(306)   Merge Heap Roots: 0.13ms
[1901.147s][info][gc,phases   ] GC(306)   Evacuate Collection Set: 29.34ms
[1901.147s][info][gc,phases   ] GC(306)   Post Evacuate Collection Set: 1.87ms
[1901.147s][info][gc,phases   ] GC(306)   Other: 0.08ms
[1901.147s][info][gc,heap     ] GC(306) Eden regions: 1193->0(1207)
[1901.147s][info][gc,heap     ] GC(306) Survivor regions: 35->21(154)
[1901.147s][info][gc,heap     ] GC(306) Old regions: 146->145
[1901.147s][info][gc,heap     ] GC(306) Humongous regions: 2->2
[1901.147s][info][gc,metaspace] GC(306) Metaspace: 135790K(137280K)->135790K(137280K) NonClass: 114807K(115520K)->114807K(115520K) Class: 20982K(21760K)->20982K(21760K)
[1901.147s][info][gc          ] GC(306) Pause Young (Normal) (G1 Evacuation Pause) 5501M->669M(8192M) 31.980ms
[1901.148s][info][gc,cpu      ] GC(306) User=0.25s Sys=0.00s Real=0.03s
[1907.953s][info][gc,start    ] GC(307) Pause Young (Normal) (G1 Evacuation Pause)
[1907.953s][info][gc,task     ] GC(307) Using 8 workers of 8 for evacuation
[1907.984s][info][gc,phases   ] GC(307)   Pre Evacuate Collection Set: 0.32ms
[1907.984s][info][gc,phases   ] GC(307)   Merge Heap Roots: 0.14ms
[1907.984s][info][gc,phases   ] GC(307)   Evacuate Collection Set: 27.95ms
[1907.984s][info][gc,phases   ] GC(307)   Post Evacuate Collection Set: 2.08ms
[1907.984s][info][gc,phases   ] GC(307)   Other: 0.09ms
[1907.984s][info][gc,heap     ] GC(307) Eden regions: 1207->0(1204)
[1907.984s][info][gc,heap     ] GC(307) Survivor regions: 21->24(154)
[1907.984s][info][gc,heap     ] GC(307) Old regions: 145->146
[1907.984s][info][gc,heap     ] GC(307) Humongous regions: 2->2
[1907.984s][info][gc,metaspace] GC(307) Metaspace: 135790K(137280K)->135790K(137280K) NonClass: 114807K(115520K)->114807K(115520K) Class: 20982K(21760K)->20982K(21760K)
[1907.984s][info][gc          ] GC(307) Pause Young (Normal) (G1 Evacuation Pause) (Evacuation Failure: Pinned) 5497M->685M(8192M) 30.812ms
[1907.984s][info][gc,cpu      ] GC(307) User=0.25s Sys=0.00s Real=0.03s
[1915.019s][info][gc,start    ] GC(308) Pause Young (Normal) (G1 Evacuation Pause)
[1915.019s][info][gc,task     ] GC(308) Using 8 workers of 8 for evacuation
[1915.042s][info][gc,phases   ] GC(308)   Pre Evacuate Collection Set: 0.34ms
[1915.043s][info][gc,phases   ] GC(308)   Merge Heap Roots: 0.15ms
[1915.043s][info][gc,phases   ] GC(308)   Evacuate Collection Set: 21.10ms
[1915.043s][info][gc,phases   ] GC(308)   Post Evacuate Collection Set: 1.88ms
[1915.043s][info][gc,phases   ] GC(308)   Other: 0.09ms
[1915.043s][info][gc,heap     ] GC(308) Eden regions: 1204->0(1210)
[1915.043s][info][gc,heap     ] GC(308) Survivor regions: 24->18(154)
[1915.043s][info][gc,heap     ] GC(308) Old regions: 146->145
[1915.043s][info][gc,heap     ] GC(308) Humongous regions: 2->2
[1915.043s][info][gc,metaspace] GC(308) Metaspace: 135790K(137280K)->135790K(137280K) NonClass: 114808K(115520K)->114808K(115520K) Class: 20982K(21760K)->20982K(21760K)
[1915.043s][info][gc          ] GC(308) Pause Young (Normal) (G1 Evacuation Pause) 5501M->655M(8192M) 23.793ms
[1915.043s][info][gc,cpu      ] GC(308) User=0.25s Sys=0.00s Real=0.02s
[1922.555s][info][gc,start    ] GC(309) Pause Young (Normal) (G1 Evacuation Pause)
[1922.555s][info][gc,task     ] GC(309) Using 8 workers of 8 for evacuation
[1922.593s][info][gc,phases   ] GC(309)   Pre Evacuate Collection Set: 0.32ms
[1922.593s][info][gc,phases   ] GC(309)   Merge Heap Roots: 0.14ms
[1922.593s][info][gc,phases   ] GC(309)   Evacuate Collection Set: 35.07ms
[1922.593s][info][gc,phases   ] GC(309)   Post Evacuate Collection Set: 2.25ms
[1922.593s][info][gc,phases   ] GC(309)   Other: 0.10ms
[1922.593s][info][gc,heap     ] GC(309) Eden regions: 1210->0(1200)
[1922.593s][info][gc,heap     ] GC(309) Survivor regions: 18->28(154)
[1922.593s][info][gc,heap     ] GC(309) Old regions: 145->145
[1922.593s][info][gc,heap     ] GC(309) Humongous regions: 2->2
[1922.593s][info][gc,metaspace] GC(309) Metaspace: 135790K(137280K)->135790K(137280K) NonClass: 114808K(115520K)->114808K(115520K) Class: 20982K(21760K)->20982K(21760K)
[1922.593s][info][gc          ] GC(309) Pause Young (Normal) (G1 Evacuation Pause) 5495M->697M(8192M) 38.154ms
[1922.593s][info][gc,cpu      ] GC(309) User=0.38s Sys=0.00s Real=0.04s
[1929.582s][info][gc,start    ] GC(310) Pause Young (Normal) (G1 Evacuation Pause)
[1929.582s][info][gc,task     ] GC(310) Using 8 workers of 8 for evacuation
[1929.617s][info][gc,phases   ] GC(310)   Pre Evacuate Collection Set: 0.31ms
[1929.617s][info][gc,phases   ] GC(310)   Merge Heap Roots: 0.15ms
[1929.617s][info][gc,phases   ] GC(310)   Evacuate Collection Set: 31.99ms
[1929.617s][info][gc,phases   ] GC(310)   Post Evacuate Collection Set: 1.82ms
[1929.617s][info][gc,phases   ] GC(310)   Other: 0.08ms
[1929.617s][info][gc,heap     ] GC(310) Eden regions: 1200->0(1198)
[1929.617s][info][gc,heap     ] GC(310) Survivor regions: 28->30(154)
[1929.617s][info][gc,heap     ] GC(310) Old regions: 145->145
[1929.617s][info][gc,heap     ] GC(310) Humongous regions: 2->2
[1929.617s][info][gc,metaspace] GC(310) Metaspace: 135790K(137280K)->135790K(137280K) NonClass: 114808K(115520K)->114808K(115520K) Class: 20982K(21760K)->20982K(21760K)
[1929.617s][info][gc          ] GC(310) Pause Young (Normal) (G1 Evacuation Pause) 5497M->704M(8192M) 34.576ms
[1929.617s][info][gc,cpu      ] GC(310) User=0.25s Sys=0.00s Real=0.04s
[1936.341s][info][gc,start    ] GC(311) Pause Young (Normal) (G1 Evacuation Pause)
[1936.341s][info][gc,task     ] GC(311) Using 8 workers of 8 for evacuation
[1936.369s][info][gc,phases   ] GC(311)   Pre Evacuate Collection Set: 0.34ms
[1936.369s][info][gc,phases   ] GC(311)   Merge Heap Roots: 0.13ms
[1936.369s][info][gc,phases   ] GC(311)   Evacuate Collection Set: 25.67ms
[1936.369s][info][gc,phases   ] GC(311)   Post Evacuate Collection Set: 1.84ms
[1936.369s][info][gc,phases   ] GC(311)   Other: 0.09ms
[1936.369s][info][gc,heap     ] GC(311) Eden regions: 1198->0(1208)
[1936.369s][info][gc,heap     ] GC(311) Survivor regions: 30->20(154)
[1936.369s][info][gc,heap     ] GC(311) Old regions: 145->145
[1936.369s][info][gc,heap     ] GC(311) Humongous regions: 2->2
[1936.369s][info][gc,metaspace] GC(311) Metaspace: 135790K(137280K)->135790K(137280K) NonClass: 114808K(115520K)->114808K(115520K) Class: 20982K(21760K)->20982K(21760K)
[1936.369s][info][gc          ] GC(311) Pause Young (Normal) (G1 Evacuation Pause) 5496M->666M(8192M) 28.296ms
[1936.369s][info][gc,cpu      ] GC(311) User=0.25s Sys=0.00s Real=0.03s
[1944.581s][info][gc,start    ] GC(312) Pause Young (Normal) (G1 Evacuation Pause)
[1944.581s][info][gc,task     ] GC(312) Using 8 workers of 8 for evacuation
[1944.618s][info][gc,phases   ] GC(312)   Pre Evacuate Collection Set: 0.31ms
[1944.618s][info][gc,phases   ] GC(312)   Merge Heap Roots: 0.13ms
[1944.618s][info][gc,phases   ] GC(312)   Evacuate Collection Set: 34.05ms
[1944.618s][info][gc,phases   ] GC(312)   Post Evacuate Collection Set: 2.04ms
[1944.618s][info][gc,phases   ] GC(312)   Other: 0.08ms
[1944.618s][info][gc,heap     ] GC(312) Eden regions: 1208->0(1198)
[1944.618s][info][gc,heap     ] GC(312) Survivor regions: 20->30(154)
[1944.618s][info][gc,heap     ] GC(312) Old regions: 145->145
[1944.618s][info][gc,heap     ] GC(312) Humongous regions: 2->2
[1944.618s][info][gc,metaspace] GC(312) Metaspace: 135793K(137280K)->135793K(137280K) NonClass: 114810K(115520K)->114810K(115520K) Class: 20982K(21760K)->20982K(21760K)
[1944.618s][info][gc          ] GC(312) Pause Young (Normal) (G1 Evacuation Pause) 5498M->704M(8192M) 36.847ms
[1944.618s][info][gc,cpu      ] GC(312) User=0.30s Sys=0.00s Real=0.04s
[1951.166s][info][gc,start    ] GC(313) Pause Young (Normal) (G1 Evacuation Pause)
[1951.166s][info][gc,task     ] GC(313) Using 8 workers of 8 for evacuation
[1951.203s][info][gc,phases   ] GC(313)   Pre Evacuate Collection Set: 0.30ms
[1951.203s][info][gc,phases   ] GC(313)   Merge Heap Roots: 0.12ms
[1951.203s][info][gc,phases   ] GC(313)   Evacuate Collection Set: 34.40ms
[1951.203s][info][gc,phases   ] GC(313)   Post Evacuate Collection Set: 1.87ms
[1951.203s][info][gc,phases   ] GC(313)   Other: 0.08ms
[1951.203s][info][gc,heap     ] GC(313) Eden regions: 1198->0(1197)
[1951.203s][info][gc,heap     ] GC(313) Survivor regions: 30->31(154)
[1951.203s][info][gc,heap     ] GC(313) Old regions: 145->145
[1951.203s][info][gc,heap     ] GC(313) Humongous regions: 2->2
[1951.203s][info][gc,metaspace] GC(313) Metaspace: 135793K(137280K)->135793K(137280K) NonClass: 114810K(115520K)->114810K(115520K) Class: 20982K(21760K)->20982K(21760K)
[1951.203s][info][gc          ] GC(313) Pause Young (Normal) (G1 Evacuation Pause) 5496M->708M(8192M) 36.987ms
[1951.203s][info][gc,cpu      ] GC(313) User=0.25s Sys=0.00s Real=0.04s
[1958.297s][info][gc,start    ] GC(314) Pause Young (Normal) (G1 Evacuation Pause)
[1958.297s][info][gc,task     ] GC(314) Using 8 workers of 8 for evacuation
[1958.328s][info][gc,phases   ] GC(314)   Pre Evacuate Collection Set: 0.29ms
[1958.328s][info][gc,phases   ] GC(314)   Merge Heap Roots: 0.15ms
[1958.328s][info][gc,phases   ] GC(314)   Evacuate Collection Set: 28.75ms
[1958.328s][info][gc,phases   ] GC(314)   Post Evacuate Collection Set: 2.00ms
[1958.328s][info][gc,phases   ] GC(314)   Other: 0.08ms
[1958.328s][info][gc,heap     ] GC(314) Eden regions: 1197->0(1203)
[1958.328s][info][gc,heap     ] GC(314) Survivor regions: 31->25(154)
[1958.328s][info][gc,heap     ] GC(314) Old regions: 145->145
[1958.328s][info][gc,heap     ] GC(314) Humongous regions: 2->2
[1958.328s][info][gc,metaspace] GC(314) Metaspace: 135793K(137280K)->135793K(137280K) NonClass: 114810K(115520K)->114810K(115520K) Class: 20982K(21760K)->20982K(21760K)
[1958.328s][info][gc          ] GC(314) Pause Young (Normal) (G1 Evacuation Pause) 5496M->686M(8192M) 31.506ms
[1958.328s][info][gc,cpu      ] GC(314) User=0.25s Sys=0.00s Real=0.03s
[1965.272s][info][gc,start    ] GC(315) Pause Young (Normal) (G1 Evacuation Pause)
[1965.272s][info][gc,task     ] GC(315) Using 8 workers of 8 for evacuation
[1965.305s][info][gc,phases   ] GC(315)   Pre Evacuate Collection Set: 0.30ms
[1965.305s][info][gc,phases   ] GC(315)   Merge Heap Roots: 0.14ms
[1965.305s][info][gc,phases   ] GC(315)   Evacuate Collection Set: 30.37ms
[1965.305s][info][gc,phases   ] GC(315)   Post Evacuate Collection Set: 2.05ms
[1965.305s][info][gc,phases   ] GC(315)   Other: 0.08ms
[1965.305s][info][gc,heap     ] GC(315) Eden regions: 1203->0(1200)
[1965.305s][info][gc,heap     ] GC(315) Survivor regions: 25->28(154)
[1965.305s][info][gc,heap     ] GC(315) Old regions: 145->145
[1965.305s][info][gc,heap     ] GC(315) Humongous regions: 2->2
[1965.305s][info][gc,metaspace] GC(315) Metaspace: 135793K(137280K)->135793K(137280K) NonClass: 114810K(115520K)->114810K(115520K) Class: 20982K(21760K)->20982K(21760K)
[1965.305s][info][gc          ] GC(315) Pause Young (Normal) (G1 Evacuation Pause) 5498M->698M(8192M) 33.252ms
[1965.305s][info][gc,cpu      ] GC(315) User=0.28s Sys=0.02s Real=0.03s
[1970.899s][info][gc,start    ] GC(316) Pause Young (Normal) (G1 Evacuation Pause)
[1970.899s][info][gc,task     ] GC(316) Using 8 workers of 8 for evacuation
[1970.947s][info][gc,phases   ] GC(316)   Pre Evacuate Collection Set: 0.34ms
[1970.947s][info][gc,phases   ] GC(316)   Merge Heap Roots: 0.14ms
[1970.947s][info][gc,phases   ] GC(316)   Evacuate Collection Set: 45.93ms
[1970.947s][info][gc,phases   ] GC(316)   Post Evacuate Collection Set: 1.89ms
[1970.947s][info][gc,phases   ] GC(316)   Other: 0.08ms
[1970.947s][info][gc,heap     ] GC(316) Eden regions: 1200->0(1188)
[1970.947s][info][gc,heap     ] GC(316) Survivor regions: 28->40(154)
[1970.947s][info][gc,heap     ] GC(316) Old regions: 145->146
[1970.947s][info][gc,heap     ] GC(316) Humongous regions: 2->2
[1970.947s][info][gc,metaspace] GC(316) Metaspace: 135793K(137280K)->135793K(137280K) NonClass: 114810K(115520K)->114810K(115520K) Class: 20982K(21760K)->20982K(21760K)
[1970.947s][info][gc          ] GC(316) Pause Young (Normal) (G1 Evacuation Pause) (Evacuation Failure: Pinned) 5498M->748M(8192M) 48.593ms
[1970.947s][info][gc,cpu      ] GC(316) User=0.39s Sys=0.00s Real=0.05s
[1977.601s][info][gc,start    ] GC(317) Pause Young (Normal) (G1 Evacuation Pause)
[1977.601s][info][gc,task     ] GC(317) Using 8 workers of 8 for evacuation
[1977.639s][info][gc,phases   ] GC(317)   Pre Evacuate Collection Set: 0.31ms
[1977.639s][info][gc,phases   ] GC(317)   Merge Heap Roots: 0.12ms
[1977.639s][info][gc,phases   ] GC(317)   Evacuate Collection Set: 35.45ms
[1977.639s][info][gc,phases   ] GC(317)   Post Evacuate Collection Set: 2.50ms
[1977.640s][info][gc,phases   ] GC(317)   Other: 0.08ms
[1977.640s][info][gc,heap     ] GC(317) Eden regions: 1188->0(1202)
[1977.640s][info][gc,heap     ] GC(317) Survivor regions: 40->26(154)
[1977.640s][info][gc,heap     ] GC(317) Old regions: 146->145
[1977.640s][info][gc,heap     ] GC(317) Humongous regions: 2->2
[1977.640s][info][gc,metaspace] GC(317) Metaspace: 135793K(137280K)->135793K(137280K) NonClass: 114811K(115520K)->114811K(115520K) Class: 20982K(21760K)->20982K(21760K)
[1977.640s][info][gc          ] GC(317) Pause Young (Normal) (G1 Evacuation Pause) 5500M->688M(8192M) 38.689ms
[1977.640s][info][gc,cpu      ] GC(317) User=0.38s Sys=0.00s Real=0.04s
[1984.535s][info][gc,start    ] GC(318) Pause Young (Normal) (G1 Evacuation Pause)
[1984.535s][info][gc,task     ] GC(318) Using 8 workers of 8 for evacuation
[1984.568s][info][gc,phases   ] GC(318)   Pre Evacuate Collection Set: 0.29ms
[1984.568s][info][gc,phases   ] GC(318)   Merge Heap Roots: 0.14ms
[1984.568s][info][gc,phases   ] GC(318)   Evacuate Collection Set: 30.55ms
[1984.568s][info][gc,phases   ] GC(318)   Post Evacuate Collection Set: 1.86ms
[1984.568s][info][gc,phases   ] GC(318)   Other: 0.08ms
[1984.568s][info][gc,heap     ] GC(318) Eden regions: 1202->0(1200)
[1984.568s][info][gc,heap     ] GC(318) Survivor regions: 26->28(154)
[1984.568s][info][gc,heap     ] GC(318) Old regions: 145->145
[1984.568s][info][gc,heap     ] GC(318) Humongous regions: 2->2
[1984.568s][info][gc,metaspace] GC(318) Metaspace: 135793K(137280K)->135793K(137280K) NonClass: 114811K(115520K)->114811K(115520K) Class: 20982K(21760K)->20982K(21760K)
[1984.568s][info][gc          ] GC(318) Pause Young (Normal) (G1 Evacuation Pause) 5496M->699M(8192M) 33.161ms
[1984.568s][info][gc,cpu      ] GC(318) User=0.25s Sys=0.00s Real=0.03s
[1992.881s][info][gc,start    ] GC(319) Pause Young (Normal) (G1 Evacuation Pause)
[1992.881s][info][gc,task     ] GC(319) Using 8 workers of 8 for evacuation
[1992.907s][info][gc,phases   ] GC(319)   Pre Evacuate Collection Set: 0.30ms
[1992.907s][info][gc,phases   ] GC(319)   Merge Heap Roots: 0.12ms
[1992.907s][info][gc,phases   ] GC(319)   Evacuate Collection Set: 22.81ms
[1992.907s][info][gc,phases   ] GC(319)   Post Evacuate Collection Set: 2.15ms
[1992.907s][info][gc,phases   ] GC(319)   Other: 0.08ms
[1992.907s][info][gc,heap     ] GC(319) Eden regions: 1200->0(1207)
[1992.907s][info][gc,heap     ] GC(319) Survivor regions: 28->21(154)
[1992.907s][info][gc,heap     ] GC(319) Old regions: 145->145
[1992.907s][info][gc,heap     ] GC(319) Humongous regions: 2->2
[1992.907s][info][gc,metaspace] GC(319) Metaspace: 135793K(137280K)->135793K(137280K) NonClass: 114811K(115520K)->114811K(115520K) Class: 20982K(21760K)->20982K(21760K)
[1992.907s][info][gc          ] GC(319) Pause Young (Normal) (G1 Evacuation Pause) 5499M->669M(8192M) 25.699ms
[1992.907s][info][gc,cpu      ] GC(319) User=0.25s Sys=0.00s Real=0.02s
[2000.113s][info][gc,start    ] GC(320) Pause Young (Normal) (G1 Evacuation Pause)
[2000.113s][info][gc,task     ] GC(320) Using 8 workers of 8 for evacuation
[2000.142s][info][gc,phases   ] GC(320)   Pre Evacuate Collection Set: 0.33ms
[2000.143s][info][gc,phases   ] GC(320)   Merge Heap Roots: 0.14ms
[2000.143s][info][gc,phases   ] GC(320)   Evacuate Collection Set: 27.19ms
[2000.143s][info][gc,phases   ] GC(320)   Post Evacuate Collection Set: 1.88ms
[2000.143s][info][gc,phases   ] GC(320)   Other: 0.08ms
[2000.143s][info][gc,heap     ] GC(320) Eden regions: 1207->0(1204)
[2000.143s][info][gc,heap     ] GC(320) Survivor regions: 21->24(154)
[2000.143s][info][gc,heap     ] GC(320) Old regions: 145->147
[2000.143s][info][gc,heap     ] GC(320) Humongous regions: 2->2
[2000.143s][info][gc,metaspace] GC(320) Metaspace: 135793K(137280K)->135793K(137280K) NonClass: 114811K(115520K)->114811K(115520K) Class: 20982K(21760K)->20982K(21760K)
[2000.143s][info][gc          ] GC(320) Pause Young (Normal) (G1 Evacuation Pause) (Evacuation Failure: Pinned) 5497M->688M(8192M) 29.834ms
[2000.143s][info][gc,cpu      ] GC(320) User=0.25s Sys=0.00s Real=0.03s
[2007.545s][info][gc,start    ] GC(321) Pause Young (Normal) (G1 Evacuation Pause)
[2007.545s][info][gc,task     ] GC(321) Using 8 workers of 8 for evacuation
[2007.591s][info][gc,phases   ] GC(321)   Pre Evacuate Collection Set: 0.30ms
[2007.591s][info][gc,phases   ] GC(321)   Merge Heap Roots: 0.13ms
[2007.591s][info][gc,phases   ] GC(321)   Evacuate Collection Set: 42.87ms
[2007.591s][info][gc,phases   ] GC(321)   Post Evacuate Collection Set: 2.16ms
[2007.591s][info][gc,phases   ] GC(321)   Other: 0.09ms
[2007.591s][info][gc,heap     ] GC(321) Eden regions: 1204->0(1189)
[2007.591s][info][gc,heap     ] GC(321) Survivor regions: 24->39(154)
[2007.591s][info][gc,heap     ] GC(321) Old regions: 147->147
[2007.591s][info][gc,heap     ] GC(321) Humongous regions: 2->2
[2007.591s][info][gc,metaspace] GC(321) Metaspace: 135795K(137280K)->135795K(137280K) NonClass: 114813K(115520K)->114813K(115520K) Class: 20982K(21760K)->20982K(21760K)
[2007.591s][info][gc          ] GC(321) Pause Young (Normal) (G1 Evacuation Pause) (Evacuation Failure: Pinned) 5504M->749M(8192M) 45.765ms
[2007.591s][info][gc,cpu      ] GC(321) User=0.38s Sys=0.00s Real=0.05s
[2015.987s][info][gc,start    ] GC(322) Pause Young (Normal) (G1 Evacuation Pause)
[2015.987s][info][gc,task     ] GC(322) Using 8 workers of 8 for evacuation
[2016.015s][info][gc,phases   ] GC(322)   Pre Evacuate Collection Set: 0.32ms
[2016.015s][info][gc,phases   ] GC(322)   Merge Heap Roots: 0.13ms
[2016.015s][info][gc,phases   ] GC(322)   Evacuate Collection Set: 25.63ms
[2016.015s][info][gc,phases   ] GC(322)   Post Evacuate Collection Set: 2.00ms
[2016.015s][info][gc,phases   ] GC(322)   Other: 0.11ms
[2016.015s][info][gc,heap     ] GC(322) Eden regions: 1189->0(1205)
[2016.015s][info][gc,heap     ] GC(322) Survivor regions: 39->23(154)
[2016.015s][info][gc,heap     ] GC(322) Old regions: 147->146
[2016.015s][info][gc,heap     ] GC(322) Humongous regions: 2->2
[2016.015s][info][gc,metaspace] GC(322) Metaspace: 135795K(137280K)->135795K(137280K) NonClass: 114813K(115520K)->114813K(115520K) Class: 20982K(21760K)->20982K(21760K)
[2016.015s][info][gc          ] GC(322) Pause Young (Normal) (G1 Evacuation Pause) 5505M->679M(8192M) 28.453ms
[2016.015s][info][gc,cpu      ] GC(322) User=0.25s Sys=0.00s Real=0.03s
[2022.719s][info][gc,start    ] GC(323) Pause Young (Normal) (G1 Evacuation Pause)
[2022.719s][info][gc,task     ] GC(323) Using 8 workers of 8 for evacuation
[2022.753s][info][gc,phases   ] GC(323)   Pre Evacuate Collection Set: 0.32ms
[2022.753s][info][gc,phases   ] GC(323)   Merge Heap Roots: 0.14ms
[2022.753s][info][gc,phases   ] GC(323)   Evacuate Collection Set: 31.79ms
[2022.753s][info][gc,phases   ] GC(323)   Post Evacuate Collection Set: 2.01ms
[2022.753s][info][gc,phases   ] GC(323)   Other: 0.09ms
[2022.753s][info][gc,heap     ] GC(323) Eden regions: 1205->0(1201)
[2022.753s][info][gc,heap     ] GC(323) Survivor regions: 23->27(154)
[2022.753s][info][gc,heap     ] GC(323) Old regions: 146->146
[2022.753s][info][gc,heap     ] GC(323) Humongous regions: 2->2
[2022.753s][info][gc,metaspace] GC(323) Metaspace: 135799K(137280K)->135799K(137280K) NonClass: 114817K(115520K)->114817K(115520K) Class: 20982K(21760K)->20982K(21760K)
[2022.753s][info][gc          ] GC(323) Pause Young (Normal) (G1 Evacuation Pause) 5499M->697M(8192M) 34.611ms
[2022.753s][info][gc,cpu      ] GC(323) User=0.25s Sys=0.00s Real=0.03s
[2029.152s][info][gc,start    ] GC(324) Pause Young (Normal) (G1 Evacuation Pause)
[2029.152s][info][gc,task     ] GC(324) Using 8 workers of 8 for evacuation
[2029.183s][info][gc,phases   ] GC(324)   Pre Evacuate Collection Set: 0.43ms
[2029.183s][info][gc,phases   ] GC(324)   Merge Heap Roots: 0.16ms
[2029.183s][info][gc,phases   ] GC(324)   Evacuate Collection Set: 28.34ms
[2029.183s][info][gc,phases   ] GC(324)   Post Evacuate Collection Set: 2.05ms
[2029.183s][info][gc,phases   ] GC(324)   Other: 0.10ms
[2029.183s][info][gc,heap     ] GC(324) Eden regions: 1201->0(1209)
[2029.183s][info][gc,heap     ] GC(324) Survivor regions: 27->19(154)
[2029.183s][info][gc,heap     ] GC(324) Old regions: 146->146
[2029.183s][info][gc,heap     ] GC(324) Humongous regions: 2->2
[2029.183s][info][gc,metaspace] GC(324) Metaspace: 135799K(137280K)->135799K(137280K) NonClass: 114817K(115520K)->114817K(115520K) Class: 20982K(21760K)->20982K(21760K)
[2029.183s][info][gc          ] GC(324) Pause Young (Normal) (G1 Evacuation Pause) 5501M->663M(8192M) 31.336ms
[2029.183s][info][gc,cpu      ] GC(324) User=0.25s Sys=0.00s Real=0.03s
[2036.303s][info][gc,start    ] GC(325) Pause Young (Normal) (G1 Evacuation Pause)
[2036.303s][info][gc,task     ] GC(325) Using 8 workers of 8 for evacuation
[2036.334s][info][gc,phases   ] GC(325)   Pre Evacuate Collection Set: 0.34ms
[2036.334s][info][gc,phases   ] GC(325)   Merge Heap Roots: 0.17ms
[2036.334s][info][gc,phases   ] GC(325)   Evacuate Collection Set: 29.30ms
[2036.334s][info][gc,phases   ] GC(325)   Post Evacuate Collection Set: 1.90ms
[2036.335s][info][gc,phases   ] GC(325)   Other: 0.09ms
[2036.335s][info][gc,heap     ] GC(325) Eden regions: 1209->0(1201)
[2036.335s][info][gc,heap     ] GC(325) Survivor regions: 19->27(154)
[2036.335s][info][gc,heap     ] GC(325) Old regions: 146->146
[2036.335s][info][gc,heap     ] GC(325) Humongous regions: 2->2
[2036.335s][info][gc,metaspace] GC(325) Metaspace: 135799K(137280K)->135799K(137280K) NonClass: 114817K(115520K)->114817K(115520K) Class: 20982K(21760K)->20982K(21760K)
[2036.335s][info][gc          ] GC(325) Pause Young (Normal) (G1 Evacuation Pause) 5499M->697M(8192M) 32.034ms
[2036.335s][info][gc,cpu      ] GC(325) User=0.25s Sys=0.00s Real=0.03s
[2042.839s][info][gc,start    ] GC(326) Pause Young (Normal) (G1 Evacuation Pause)
[2042.839s][info][gc,task     ] GC(326) Using 8 workers of 8 for evacuation
[2042.875s][info][gc,phases   ] GC(326)   Pre Evacuate Collection Set: 0.30ms
[2042.875s][info][gc,phases   ] GC(326)   Merge Heap Roots: 0.13ms
[2042.875s][info][gc,phases   ] GC(326)   Evacuate Collection Set: 33.13ms
[2042.875s][info][gc,phases   ] GC(326)   Post Evacuate Collection Set: 2.08ms
[2042.875s][info][gc,phases   ] GC(326)   Other: 0.09ms
[2042.875s][info][gc,heap     ] GC(326) Eden regions: 1201->0(1197)
[2042.875s][info][gc,heap     ] GC(326) Survivor regions: 27->31(154)
[2042.875s][info][gc,heap     ] GC(326) Old regions: 146->146
[2042.875s][info][gc,heap     ] GC(326) Humongous regions: 2->2
[2042.875s][info][gc,metaspace] GC(326) Metaspace: 135802K(137280K)->135802K(137280K) NonClass: 114819K(115520K)->114819K(115520K) Class: 20982K(21760K)->20982K(21760K)
[2042.875s][info][gc          ] GC(326) Pause Young (Normal) (G1 Evacuation Pause) 5501M->711M(8192M) 35.974ms
[2042.875s][info][gc,cpu      ] GC(326) User=0.25s Sys=0.00s Real=0.04s
[2048.737s][info][gc,start    ] GC(327) Pause Young (Normal) (G1 Evacuation Pause)
[2048.737s][info][gc,task     ] GC(327) Using 8 workers of 8 for evacuation
[2048.767s][info][gc,phases   ] GC(327)   Pre Evacuate Collection Set: 0.32ms
[2048.767s][info][gc,phases   ] GC(327)   Merge Heap Roots: 0.14ms
[2048.767s][info][gc,phases   ] GC(327)   Evacuate Collection Set: 27.21ms
[2048.767s][info][gc,phases   ] GC(327)   Post Evacuate Collection Set: 1.93ms
[2048.767s][info][gc,phases   ] GC(327)   Other: 0.08ms
[2048.767s][info][gc,heap     ] GC(327) Eden regions: 1197->0(1204)
[2048.767s][info][gc,heap     ] GC(327) Survivor regions: 31->24(154)
[2048.767s][info][gc,heap     ] GC(327) Old regions: 146->146
[2048.767s][info][gc,heap     ] GC(327) Humongous regions: 2->2
[2048.767s][info][gc,metaspace] GC(327) Metaspace: 135942K(137408K)->135942K(137408K) NonClass: 114930K(115648K)->114930K(115648K) Class: 21012K(21760K)->21012K(21760K)
[2048.767s][info][gc          ] GC(327) Pause Young (Normal) (G1 Evacuation Pause) 5499M->684M(8192M) 29.914ms
[2048.767s][info][gc,cpu      ] GC(327) User=0.25s Sys=0.00s Real=0.03s
[2055.623s][info][gc,start    ] GC(328) Pause Young (Normal) (G1 Evacuation Pause)
[2055.623s][info][gc,task     ] GC(328) Using 8 workers of 8 for evacuation
[2055.656s][info][gc,phases   ] GC(328)   Pre Evacuate Collection Set: 0.34ms
[2055.657s][info][gc,phases   ] GC(328)   Merge Heap Roots: 0.15ms
[2055.657s][info][gc,phases   ] GC(328)   Evacuate Collection Set: 30.59ms
[2055.657s][info][gc,phases   ] GC(328)   Post Evacuate Collection Set: 1.83ms
[2055.657s][info][gc,phases   ] GC(328)   Other: 0.16ms
[2055.657s][info][gc,heap     ] GC(328) Eden regions: 1204->0(1201)
[2055.657s][info][gc,heap     ] GC(328) Survivor regions: 24->27(154)
[2055.657s][info][gc,heap     ] GC(328) Old regions: 146->146
[2055.657s][info][gc,heap     ] GC(328) Humongous regions: 2->2
[2055.657s][info][gc,metaspace] GC(328) Metaspace: 135944K(137408K)->135944K(137408K) NonClass: 114932K(115648K)->114932K(115648K) Class: 21012K(21760K)->21012K(21760K)
[2055.657s][info][gc          ] GC(328) Pause Young (Normal) (G1 Evacuation Pause) 5500M->698M(8192M) 33.314ms
[2055.657s][info][gc,cpu      ] GC(328) User=0.25s Sys=0.00s Real=0.03s
[2063.189s][info][gc,start    ] GC(329) Pause Young (Normal) (G1 Evacuation Pause)
[2063.189s][info][gc,task     ] GC(329) Using 8 workers of 8 for evacuation
[2063.235s][info][gc,phases   ] GC(329)   Pre Evacuate Collection Set: 0.32ms
[2063.235s][info][gc,phases   ] GC(329)   Merge Heap Roots: 0.14ms
[2063.235s][info][gc,phases   ] GC(329)   Evacuate Collection Set: 43.33ms
[2063.235s][info][gc,phases   ] GC(329)   Post Evacuate Collection Set: 2.24ms
[2063.235s][info][gc,phases   ] GC(329)   Other: 0.09ms
[2063.235s][info][gc,heap     ] GC(329) Eden regions: 1201->0(1189)
[2063.235s][info][gc,heap     ] GC(329) Survivor regions: 27->39(154)
[2063.235s][info][gc,heap     ] GC(329) Old regions: 146->147
[2063.235s][info][gc,heap     ] GC(329) Humongous regions: 2->2
[2063.235s][info][gc,metaspace] GC(329) Metaspace: 135944K(137408K)->135944K(137408K) NonClass: 114932K(115648K)->114932K(115648K) Class: 21012K(21760K)->21012K(21760K)
[2063.235s][info][gc          ] GC(329) Pause Young (Normal) (G1 Evacuation Pause) (Evacuation Failure: Pinned) 5502M->750M(8192M) 46.329ms
[2063.235s][info][gc,cpu      ] GC(329) User=0.38s Sys=0.00s Real=0.05s
[2069.789s][info][gc,start    ] GC(330) Pause Young (Normal) (G1 Evacuation Pause)
[2069.789s][info][gc,task     ] GC(330) Using 8 workers of 8 for evacuation
[2069.824s][info][gc,phases   ] GC(330)   Pre Evacuate Collection Set: 0.28ms
[2069.824s][info][gc,phases   ] GC(330)   Merge Heap Roots: 0.12ms
[2069.824s][info][gc,phases   ] GC(330)   Evacuate Collection Set: 32.38ms
[2069.824s][info][gc,phases   ] GC(330)   Post Evacuate Collection Set: 1.93ms
[2069.824s][info][gc,phases   ] GC(330)   Other: 0.09ms
[2069.824s][info][gc,heap     ] GC(330) Eden regions: 1189->0(1202)
[2069.824s][info][gc,heap     ] GC(330) Survivor regions: 39->26(154)
[2069.824s][info][gc,heap     ] GC(330) Old regions: 147->146
[2069.824s][info][gc,heap     ] GC(330) Humongous regions: 2->2
[2069.824s][info][gc,metaspace] GC(330) Metaspace: 135951K(137408K)->135951K(137408K) NonClass: 114939K(115648K)->114939K(115648K) Class: 21012K(21760K)->21012K(21760K)
[2069.824s][info][gc          ] GC(330) Pause Young (Normal) (G1 Evacuation Pause) 5506M->694M(8192M) 35.082ms
[2069.824s][info][gc,cpu      ] GC(330) User=0.27s Sys=0.00s Real=0.04s
[2076.529s][info][gc,start    ] GC(331) Pause Young (Normal) (G1 Evacuation Pause)
[2076.529s][info][gc,task     ] GC(331) Using 8 workers of 8 for evacuation
[2076.565s][info][gc,phases   ] GC(331)   Pre Evacuate Collection Set: 0.42ms
[2076.565s][info][gc,phases   ] GC(331)   Merge Heap Roots: 0.14ms
[2076.565s][info][gc,phases   ] GC(331)   Evacuate Collection Set: 33.55ms
[2076.565s][info][gc,phases   ] GC(331)   Post Evacuate Collection Set: 1.92ms
[2076.565s][info][gc,phases   ] GC(331)   Other: 0.10ms
[2076.565s][info][gc,heap     ] GC(331) Eden regions: 1202->0(1198)
[2076.565s][info][gc,heap     ] GC(331) Survivor regions: 26->30(154)
[2076.565s][info][gc,heap     ] GC(331) Old regions: 146->146
[2076.565s][info][gc,heap     ] GC(331) Humongous regions: 2->2
[2076.565s][info][gc,metaspace] GC(331) Metaspace: 135951K(137408K)->135951K(137408K) NonClass: 114939K(115648K)->114939K(115648K) Class: 21012K(21760K)->21012K(21760K)
[2076.565s][info][gc          ] GC(331) Pause Young (Normal) (G1 Evacuation Pause) 5502M->708M(8192M) 36.365ms
[2076.565s][info][gc,cpu      ] GC(331) User=0.25s Sys=0.00s Real=0.04s
[2086.959s][info][gc,start    ] GC(332) Pause Young (Concurrent Start) (CodeCache GC Threshold)
[2086.959s][info][gc,task     ] GC(332) Using 8 workers of 8 for evacuation
[2086.983s][info][gc,phases   ] GC(332)   Pre Evacuate Collection Set: 0.40ms
[2086.983s][info][gc,phases   ] GC(332)   Merge Heap Roots: 0.14ms
[2086.983s][info][gc,phases   ] GC(332)   Evacuate Collection Set: 21.68ms
[2086.983s][info][gc,phases   ] GC(332)   Post Evacuate Collection Set: 1.55ms
[2086.983s][info][gc,phases   ] GC(332)   Other: 0.12ms
[2086.983s][info][gc,heap     ] GC(332) Eden regions: 725->0(1212)
[2086.983s][info][gc,heap     ] GC(332) Survivor regions: 30->16(154)
[2086.983s][info][gc,heap     ] GC(332) Old regions: 146->147
[2086.983s][info][gc,heap     ] GC(332) Humongous regions: 2->2
[2086.983s][info][gc,metaspace] GC(332) Metaspace: 138347K(139712K)->138347K(139712K) NonClass: 117105K(117888K)->117105K(117888K) Class: 21242K(21824K)->21242K(21824K)
[2086.983s][info][gc          ] GC(332) Pause Young (Concurrent Start) (CodeCache GC Threshold) (Evacuation Failure: Pinned) 3608M->656M(8192M) 24.129ms
[2086.983s][info][gc,cpu      ] GC(332) User=0.25s Sys=0.00s Real=0.03s
[2086.983s][info][gc          ] GC(333) Concurrent Mark Cycle
[2086.983s][info][gc,marking  ] GC(333) Concurrent Scan Root Regions
[2086.994s][info][gc,marking  ] GC(333) Concurrent Scan Root Regions 11.284ms
[2086.994s][info][gc,marking  ] GC(333) Concurrent Mark
[2086.994s][info][gc,marking  ] GC(333) Concurrent Mark From Roots
[2086.994s][info][gc,task     ] GC(333) Using 2 workers of 2 for marking
[2087.191s][info][gc,marking  ] GC(333) Concurrent Mark From Roots 196.565ms
[2087.191s][info][gc,marking  ] GC(333) Concurrent Preclean
[2087.191s][info][gc,marking  ] GC(333) Concurrent Preclean 0.145ms
[2087.191s][info][gc,start    ] GC(333) Pause Remark
[2087.210s][info][gc          ] GC(333) Pause Remark 660M->660M(8192M) 18.411ms
[2087.210s][info][gc,cpu      ] GC(333) User=0.02s Sys=0.00s Real=0.02s
[2087.210s][info][gc,marking  ] GC(333) Concurrent Mark 215.329ms
[2087.210s][info][gc,marking  ] GC(333) Concurrent Rebuild Remembered Sets and Scrub Regions
[2087.352s][info][gc,marking  ] GC(333) Concurrent Rebuild Remembered Sets and Scrub Regions 141.956ms
[2087.352s][info][gc,start    ] GC(333) Pause Cleanup
[2087.352s][info][gc          ] GC(333) Pause Cleanup 660M->660M(8192M) 0.237ms
[2087.352s][info][gc,cpu      ] GC(333) User=0.02s Sys=0.02s Real=0.00s
[2087.352s][info][gc,marking  ] GC(333) Concurrent Clear Claimed Marks
[2087.352s][info][gc,marking  ] GC(333) Concurrent Clear Claimed Marks 0.100ms
[2087.352s][info][gc,marking  ] GC(333) Concurrent Cleanup for Next Mark
[2087.370s][info][gc,marking  ] GC(333) Concurrent Cleanup for Next Mark 17.272ms
[2087.370s][info][gc          ] GC(333) Concurrent Mark Cycle 386.548ms
