[0.009s][info][gc,init] CardTable entry size: 512
[0.009s][info][gc     ] Using Parallel
[0.024s][info][gc,init] Version: 22.0.2+9 (release)
[0.024s][info][gc,init] CPUs: 16 total, 8 available
[0.024s][info][gc,init] Memory: 16099M
[0.024s][info][gc,init] Large Page Support: Disabled
[0.024s][info][gc,init] NUMA Support: Disabled
[0.024s][info][gc,init] Compressed Oops: Enabled (Zero based)
[0.024s][info][gc,init] Alignments: Space 512K, Generation 512K, Heap 2M
[0.024s][info][gc,init] Heap Min Capacity: 8G
[0.024s][info][gc,init] Heap Initial Capacity: 8G
[0.024s][info][gc,init] Heap Max Capacity: 8G
[0.024s][info][gc,init] Pre-touch: Disabled
[0.024s][info][gc,init] Parallel Workers: 8
[0.043s][info][gc,metaspace] CDS archive(s) mapped at: [0x000001b944000000-0x000001b944c60000-0x000001b944c60000), size 12976128, SharedBaseAddress: 0x000001b944000000, ArchiveRelocationMode: 1.
[0.044s][info][gc,metaspace] Compressed class space mapped at: 0x000001b945000000-0x000001b985000000, reserved size: 1073741824
[0.044s][info][gc,metaspace] Narrow klass base: 0x000001b944000000, Narrow klass shift: 0, Narrow klass range: 0x41000000
[1.909s][info][gc,start    ] GC(0) Pause Young (Metadata GC Threshold)
[1.915s][info][gc,heap     ] GC(0) PSYoungGen: 969852K(2446848K)->13987K(2446848K) Eden: 969852K(2097664K)->0K(2097664K) From: 0K(349184K)->13987K(349184K)
[1.915s][info][gc,heap     ] GC(0) ParOldGen: 0K(5592576K)->104K(5592576K)
[1.915s][info][gc,metaspace] GC(0) Metaspace: 20984K(21504K)->20984K(21504K) NonClass: 18536K(18816K)->18536K(18816K) Class: 2447K(2688K)->2447K(2688K)
[1.915s][info][gc          ] GC(0) Pause Young (Metadata GC Threshold) 947M->13M(7851M) 6.191ms
[1.915s][info][gc,cpu      ] GC(0) User=0.09s Sys=0.03s Real=0.01s
[1.915s][info][gc,start    ] GC(1) Pause Full (Metadata GC Threshold)
[1.915s][info][gc,phases,start] GC(1) Marking Phase
[1.920s][info][gc,phases      ] GC(1) Marking Phase 5.285ms
[1.920s][info][gc,phases,start] GC(1) Summary Phase
[1.920s][info][gc,phases      ] GC(1) Summary Phase 0.013ms
[1.920s][info][gc,phases,start] GC(1) Adjust Roots
[1.922s][info][gc,phases      ] GC(1) Adjust Roots 2.212ms
[1.922s][info][gc,phases,start] GC(1) Compaction Phase
[1.926s][info][gc,phases      ] GC(1) Compaction Phase 3.789ms
[1.926s][info][gc,phases,start] GC(1) Post Compact
[1.927s][info][gc,phases      ] GC(1) Post Compact 0.863ms
[1.927s][info][gc,heap        ] GC(1) PSYoungGen: 13987K(2446848K)->0K(2446848K) Eden: 0K(2097664K)->0K(2097664K) From: 13987K(349184K)->0K(349184K)
[1.927s][info][gc,heap        ] GC(1) ParOldGen: 104K(5592576K)->13888K(5592576K)
[1.927s][info][gc,metaspace   ] GC(1) Metaspace: 20984K(21504K)->20984K(21504K) NonClass: 18536K(18816K)->18536K(18816K) Class: 2447K(2688K)->2447K(2688K)
[1.927s][info][gc             ] GC(1) Pause Full (Metadata GC Threshold) 13M->13M(7851M) 12.335ms
[1.927s][info][gc,cpu         ] GC(1) User=0.00s Sys=0.00s Real=0.01s
[2.624s][info][gc,start       ] GC(2) Pause Young (Metadata GC Threshold)
[2.641s][info][gc,heap        ] GC(2) PSYoungGen: 495207K(2446848K)->43456K(2446848K) Eden: 495207K(2097664K)->0K(2097664K) From: 0K(349184K)->43456K(349184K)
[2.641s][info][gc,heap        ] GC(2) ParOldGen: 13888K(5592576K)->13896K(5592576K)
[2.641s][info][gc,metaspace   ] GC(2) Metaspace: 35317K(35840K)->35317K(35840K) NonClass: 31116K(31424K)->31116K(31424K) Class: 4200K(4416K)->4200K(4416K)
[2.641s][info][gc             ] GC(2) Pause Young (Metadata GC Threshold) 497M->56M(7851M) 16.655ms
[2.641s][info][gc,cpu         ] GC(2) User=0.08s Sys=0.05s Real=0.02s
[2.641s][info][gc,start       ] GC(3) Pause Full (Metadata GC Threshold)
[2.641s][info][gc,phases,start] GC(3) Marking Phase
[2.654s][info][gc,phases      ] GC(3) Marking Phase 13.216ms
[2.654s][info][gc,phases,start] GC(3) Summary Phase
[2.654s][info][gc,phases      ] GC(3) Summary Phase 0.017ms
[2.654s][info][gc,phases,start] GC(3) Adjust Roots
[2.657s][info][gc,phases      ] GC(3) Adjust Roots 2.629ms
[2.657s][info][gc,phases,start] GC(3) Compaction Phase
[2.676s][info][gc,phases      ] GC(3) Compaction Phase 18.940ms
[2.676s][info][gc,phases,start] GC(3) Post Compact
[2.677s][info][gc,phases      ] GC(3) Post Compact 1.292ms
[2.677s][info][gc,heap        ] GC(3) PSYoungGen: 43456K(2446848K)->0K(2446848K) Eden: 0K(2097664K)->0K(2097664K) From: 43456K(349184K)->0K(349184K)
[2.677s][info][gc,heap        ] GC(3) ParOldGen: 13896K(5592576K)->56525K(5592576K)
[2.677s][info][gc,metaspace   ] GC(3) Metaspace: 35317K(35840K)->35317K(35840K) NonClass: 31116K(31424K)->31116K(31424K) Class: 4200K(4416K)->4200K(4416K)
[2.677s][info][gc             ] GC(3) Pause Full (Metadata GC Threshold) 56M->55M(7851M) 36.316ms
[2.677s][info][gc,cpu         ] GC(3) User=0.23s Sys=0.02s Real=0.04s
[4.450s][info][gc,start       ] GC(4) Pause Young (Metadata GC Threshold)
[4.509s][info][gc,heap        ] GC(4) PSYoungGen: 805503K(2446848K)->118504K(2446848K) Eden: 805503K(2097664K)->0K(2097664K) From: 0K(349184K)->118504K(349184K)
[4.509s][info][gc,heap        ] GC(4) ParOldGen: 56525K(5592576K)->56541K(5592576K)
[4.509s][info][gc,metaspace   ] GC(4) Metaspace: 59107K(59776K)->59107K(59776K) NonClass: 50628K(51008K)->50628K(51008K) Class: 8479K(8768K)->8479K(8768K)
[4.509s][info][gc             ] GC(4) Pause Young (Metadata GC Threshold) 841M->170M(7851M) 58.545ms
[4.509s][info][gc,cpu         ] GC(4) User=0.48s Sys=0.02s Real=0.06s
[4.509s][info][gc,start       ] GC(5) Pause Full (Metadata GC Threshold)
[4.509s][info][gc,phases,start] GC(5) Marking Phase
[4.549s][info][gc,phases      ] GC(5) Marking Phase 40.661ms
[4.549s][info][gc,phases,start] GC(5) Summary Phase
[4.550s][info][gc,phases      ] GC(5) Summary Phase 0.020ms
[4.550s][info][gc,phases,start] GC(5) Adjust Roots
[4.556s][info][gc,phases      ] GC(5) Adjust Roots 6.300ms
[4.556s][info][gc,phases,start] GC(5) Compaction Phase
[4.646s][info][gc,phases      ] GC(5) Compaction Phase 89.634ms
[4.646s][info][gc,phases,start] GC(5) Post Compact
[4.647s][info][gc,phases      ] GC(5) Post Compact 1.112ms
[4.647s][info][gc,heap        ] GC(5) PSYoungGen: 118504K(2446848K)->0K(2446848K) Eden: 0K(2097664K)->0K(2097664K) From: 118504K(349184K)->0K(349184K)
[4.647s][info][gc,heap        ] GC(5) ParOldGen: 56541K(5592576K)->174353K(5592576K)
[4.647s][info][gc,metaspace   ] GC(5) Metaspace: 59107K(59776K)->59107K(59776K) NonClass: 50628K(51008K)->50628K(51008K) Class: 8479K(8768K)->8479K(8768K)
[4.647s][info][gc             ] GC(5) Pause Full (Metadata GC Threshold) 170M->170M(7851M) 137.966ms
[4.647s][info][gc,cpu         ] GC(5) User=0.88s Sys=0.03s Real=0.14s
[7.715s][info][gc,start       ] GC(6) Pause Young (Metadata GC Threshold)
[7.743s][info][gc,heap        ] GC(6) PSYoungGen: 1166997K(2446848K)->45071K(2446848K) Eden: 1166997K(2097664K)->0K(2097664K) From: 0K(349184K)->45071K(349184K)
[7.743s][info][gc,heap        ] GC(6) ParOldGen: 174353K(5592576K)->174377K(5592576K)
[7.743s][info][gc,metaspace   ] GC(6) Metaspace: 98602K(99648K)->98602K(99648K) NonClass: 85013K(85568K)->85013K(85568K) Class: 13589K(14080K)->13589K(14080K)
[7.743s][info][gc             ] GC(6) Pause Young (Metadata GC Threshold) 1309M->214M(7851M) 28.007ms
[7.743s][info][gc,cpu         ] GC(6) User=0.28s Sys=0.00s Real=0.03s
[7.743s][info][gc,start       ] GC(7) Pause Full (Metadata GC Threshold)
[7.743s][info][gc,phases,start] GC(7) Marking Phase
[7.798s][info][gc,phases      ] GC(7) Marking Phase 55.062ms
[7.798s][info][gc,phases,start] GC(7) Summary Phase
[7.798s][info][gc,phases      ] GC(7) Summary Phase 0.022ms
[7.798s][info][gc,phases,start] GC(7) Adjust Roots
[7.807s][info][gc,phases      ] GC(7) Adjust Roots 8.971ms
[7.807s][info][gc,phases,start] GC(7) Compaction Phase
[7.899s][info][gc,phases      ] GC(7) Compaction Phase 91.853ms
[7.899s][info][gc,phases,start] GC(7) Post Compact
[7.901s][info][gc,phases      ] GC(7) Post Compact 2.018ms
[7.901s][info][gc,heap        ] GC(7) PSYoungGen: 45071K(2446848K)->0K(2446848K) Eden: 0K(2097664K)->0K(2097664K) From: 45071K(349184K)->0K(349184K)
[7.901s][info][gc,heap        ] GC(7) ParOldGen: 174377K(5592576K)->214271K(5592576K)
[7.902s][info][gc,metaspace   ] GC(7) Metaspace: 98602K(99648K)->98602K(99648K) NonClass: 85013K(85568K)->85013K(85568K) Class: 13589K(14080K)->13589K(14080K)
[7.902s][info][gc             ] GC(7) Pause Full (Metadata GC Threshold) 214M->209M(7851M) 158.205ms
[7.902s][info][gc,cpu         ] GC(7) User=0.95s Sys=0.00s Real=0.16s
[15.001s][info][gc,start       ] GC(8) Pause Young (Allocation Failure)
[15.043s][info][gc,heap        ] GC(8) PSYoungGen: 2097664K(2446848K)->106094K(2446848K) Eden: 2097664K(2097664K)->0K(2097664K) From: 0K(349184K)->106094K(349184K)
[15.043s][info][gc,heap        ] GC(8) ParOldGen: 214271K(5592576K)->214319K(5592576K)
[15.043s][info][gc,metaspace   ] GC(8) Metaspace: 123048K(124224K)->123048K(124224K) NonClass: 103681K(104384K)->103681K(104384K) Class: 19367K(19840K)->19367K(19840K)
[15.043s][info][gc             ] GC(8) Pause Young (Allocation Failure) 2257M->312M(7851M) 41.769ms
[15.043s][info][gc,cpu         ] GC(8) User=0.38s Sys=0.00s Real=0.04s
[18.595s][info][gc,start       ] GC(9) Pause Young (Allocation Failure)
[18.646s][info][gc,heap        ] GC(9) PSYoungGen: 2203758K(2446848K)->140791K(2575360K) Eden: 2097664K(2097664K)->0K(2434560K) From: 106094K(349184K)->140791K(140800K)
[18.646s][info][gc,heap        ] GC(9) ParOldGen: 214319K(5592576K)->231704K(5592576K)
[18.646s][info][gc,metaspace   ] GC(9) Metaspace: 127846K(129152K)->127846K(129152K) NonClass: 107706K(108480K)->107706K(108480K) Class: 20139K(20672K)->20139K(20672K)
[18.647s][info][gc             ] GC(9) Pause Young (Allocation Failure) 2361M->363M(7976M) 51.078ms
[18.647s][info][gc,cpu         ] GC(9) User=0.47s Sys=0.03s Real=0.05s
[22.657s][info][gc,start       ] GC(10) Pause Young (CodeCache GC Threshold)
[22.708s][info][gc,heap        ] GC(10) PSYoungGen: 1950096K(2575360K)->164369K(2599424K) Eden: 1809304K(2434560K)->0K(2434560K) From: 140791K(140800K)->164369K(164864K)
[22.708s][info][gc,heap        ] GC(10) ParOldGen: 231704K(5592576K)->231712K(5592576K)
[22.708s][info][gc,metaspace   ] GC(10) Metaspace: 129042K(130368K)->129042K(130368K) NonClass: 108776K(109568K)->108776K(109568K) Class: 20266K(20800K)->20266K(20800K)
[22.708s][info][gc             ] GC(10) Pause Young (CodeCache GC Threshold) 2130M->386M(8000M) 50.958ms
[22.708s][info][gc,cpu         ] GC(10) User=0.17s Sys=0.20s Real=0.05s
[22.708s][info][gc,start       ] GC(11) Pause Full (CodeCache GC Threshold)
[22.709s][info][gc,phases,start] GC(11) Marking Phase
[22.797s][info][gc,phases      ] GC(11) Marking Phase 88.171ms
[22.797s][info][gc,phases,start] GC(11) Summary Phase
[22.797s][info][gc,phases      ] GC(11) Summary Phase 0.022ms
[22.797s][info][gc,phases,start] GC(11) Adjust Roots
[22.811s][info][gc,phases      ] GC(11) Adjust Roots 13.954ms
[22.811s][info][gc,phases,start] GC(11) Compaction Phase
[22.924s][info][gc,phases      ] GC(11) Compaction Phase 113.151ms
[22.924s][info][gc,phases,start] GC(11) Post Compact
[22.927s][info][gc,phases      ] GC(11) Post Compact 2.663ms
[22.927s][info][gc,heap        ] GC(11) PSYoungGen: 164369K(2599424K)->0K(2599424K) Eden: 0K(2434560K)->0K(2434560K) From: 164369K(164864K)->0K(164864K)
[22.927s][info][gc,heap        ] GC(11) ParOldGen: 231712K(5592576K)->359527K(5592576K)
[22.927s][info][gc,metaspace   ] GC(11) Metaspace: 129042K(130368K)->128897K(130368K) NonClass: 108776K(109568K)->108671K(109568K) Class: 20266K(20800K)->20225K(20800K)
[22.927s][info][gc             ] GC(11) Pause Full (CodeCache GC Threshold) 386M->351M(8000M) 218.221ms
[22.927s][info][gc,cpu         ] GC(11) User=1.31s Sys=0.11s Real=0.22s
[26.574s][info][gc,start       ] GC(12) Pause Young (Allocation Failure)
[26.592s][info][gc,heap        ] GC(12) PSYoungGen: 2434560K(2599424K)->47376K(2585088K) Eden: 2434560K(2434560K)->0K(2388480K) From: 0K(164864K)->47376K(196608K)
[26.592s][info][gc,heap        ] GC(12) ParOldGen: 359527K(5592576K)->359535K(5592576K)
[26.592s][info][gc,metaspace   ] GC(12) Metaspace: 129382K(130624K)->129382K(130624K) NonClass: 109133K(109824K)->109133K(109824K) Class: 20249K(20800K)->20249K(20800K)
[26.592s][info][gc             ] GC(12) Pause Young (Allocation Failure) 2728M->397M(7986M) 17.647ms
[26.592s][info][gc,cpu         ] GC(12) User=0.09s Sys=0.03s Real=0.02s
[30.216s][info][gc,start       ] GC(13) Pause Young (Allocation Failure)
[30.242s][info][gc,heap        ] GC(13) PSYoungGen: 2435856K(2585088K)->87194K(2592256K) Eden: 2388480K(2388480K)->0K(2388480K) From: 47376K(196608K)->87194K(203776K)
[30.242s][info][gc,heap        ] GC(13) ParOldGen: 359535K(5592576K)->359543K(5592576K)
[30.242s][info][gc,metaspace   ] GC(13) Metaspace: 130413K(131648K)->130413K(131648K) NonClass: 110027K(110720K)->110027K(110720K) Class: 20386K(20928K)->20386K(20928K)
[30.242s][info][gc             ] GC(13) Pause Young (Allocation Failure) 2729M->436M(7993M) 25.731ms
[30.242s][info][gc,cpu         ] GC(13) User=0.25s Sys=0.00s Real=0.03s
[33.433s][info][gc,start       ] GC(14) Pause Young (Allocation Failure)
[33.465s][info][gc,heap        ] GC(14) PSYoungGen: 2475674K(2592256K)->66634K(2611712K) Eden: 2388480K(2388480K)->0K(2420736K) From: 87194K(203776K)->66634K(190976K)
[33.465s][info][gc,heap        ] GC(14) ParOldGen: 359543K(5592576K)->399698K(5592576K)
[33.465s][info][gc,metaspace   ] GC(14) Metaspace: 130920K(132096K)->130920K(132096K) NonClass: 110475K(111168K)->110475K(111168K) Class: 20444K(20928K)->20444K(20928K)
[33.465s][info][gc             ] GC(14) Pause Young (Allocation Failure) 2768M->455M(8012M) 32.658ms
[33.465s][info][gc,cpu         ] GC(14) User=0.25s Sys=0.00s Real=0.03s
[37.034s][info][gc,start       ] GC(15) Pause Young (Allocation Failure)
[37.063s][info][gc,heap        ] GC(15) PSYoungGen: 2487370K(2611712K)->40224K(2605056K) Eden: 2420736K(2420736K)->0K(2420736K) From: 66634K(190976K)->40224K(184320K)
[37.063s][info][gc,heap        ] GC(15) ParOldGen: 399698K(5592576K)->448502K(5592576K)
[37.063s][info][gc,metaspace   ] GC(15) Metaspace: 131439K(132608K)->131439K(132608K) NonClass: 110922K(111616K)->110922K(111616K) Class: 20516K(20992K)->20516K(20992K)
[37.063s][info][gc             ] GC(15) Pause Young (Allocation Failure) 2819M->477M(8005M) 28.785ms
[37.063s][info][gc,cpu         ] GC(15) User=0.25s Sys=0.00s Real=0.03s
[40.146s][info][gc,start       ] GC(16) Pause Young (Allocation Failure)
[40.176s][info][gc,heap        ] GC(16) PSYoungGen: 2460960K(2605056K)->47584K(2618880K) Eden: 2420736K(2420736K)->0K(2437120K) From: 40224K(184320K)->47584K(181760K)
[40.176s][info][gc,heap        ] GC(16) ParOldGen: 448502K(5592576K)->481028K(5592576K)
[40.176s][info][gc,metaspace   ] GC(16) Metaspace: 131495K(132672K)->131495K(132672K) NonClass: 110978K(111680K)->110978K(111680K) Class: 20517K(20992K)->20517K(20992K)
[40.176s][info][gc             ] GC(16) Pause Young (Allocation Failure) 2841M->516M(8019M) 30.577ms
[40.176s][info][gc,cpu         ] GC(16) User=0.27s Sys=0.00s Real=0.03s
[43.485s][info][gc,start       ] GC(17) Pause Young (Allocation Failure)
[43.506s][info][gc,heap        ] GC(17) PSYoungGen: 2484704K(2618880K)->39984K(2614272K) Eden: 2437120K(2437120K)->0K(2437120K) From: 47584K(181760K)->39984K(177152K)
[43.506s][info][gc,heap        ] GC(17) ParOldGen: 481028K(5592576K)->510238K(5592576K)
[43.506s][info][gc,metaspace   ] GC(17) Metaspace: 131596K(132800K)->131596K(132800K) NonClass: 111075K(111808K)->111075K(111808K) Class: 20521K(20992K)->20521K(20992K)
[43.506s][info][gc             ] GC(17) Pause Young (Allocation Failure) 2896M->537M(8014M) 20.663ms
[43.506s][info][gc,cpu         ] GC(17) User=0.14s Sys=0.00s Real=0.02s
[46.781s][info][gc,start       ] GC(18) Pause Young (Allocation Failure)
[46.804s][info][gc,heap        ] GC(18) PSYoungGen: 2477104K(2614272K)->42986K(2627584K) Eden: 2437120K(2437120K)->0K(2454016K) From: 39984K(177152K)->42986K(173568K)
[46.804s][info][gc,heap        ] GC(18) ParOldGen: 510238K(5592576K)->541945K(5592576K)
[46.804s][info][gc,metaspace   ] GC(18) Metaspace: 131674K(132864K)->131674K(132864K) NonClass: 111148K(111872K)->111148K(111872K) Class: 20525K(20992K)->20525K(20992K)
[46.804s][info][gc             ] GC(18) Pause Young (Allocation Failure) 2917M->571M(8027M) 22.980ms
[46.804s][info][gc,cpu         ] GC(18) User=0.25s Sys=0.00s Real=0.02s
[49.635s][info][gc,start       ] GC(19) Pause Young (Allocation Failure)
[49.671s][info][gc,heap        ] GC(19) PSYoungGen: 2497002K(2627584K)->66272K(2622464K) Eden: 2454016K(2454016K)->0K(2454016K) From: 42986K(173568K)->66272K(168448K)
[49.671s][info][gc,heap        ] GC(19) ParOldGen: 541945K(5592576K)->576841K(5592576K)
[49.671s][info][gc,metaspace   ] GC(19) Metaspace: 131837K(133056K)->131837K(133056K) NonClass: 111282K(112000K)->111282K(112000K) Class: 20554K(21056K)->20554K(21056K)
[49.671s][info][gc             ] GC(19) Pause Young (Allocation Failure) 2967M->628M(8022M) 35.951ms
[49.671s][info][gc,cpu         ] GC(19) User=0.25s Sys=0.03s Real=0.04s
[52.785s][info][gc,start       ] GC(20) Pause Young (Allocation Failure)
[52.813s][info][gc,heap        ] GC(20) PSYoungGen: 2520288K(2622464K)->45504K(2641408K) Eden: 2454016K(2454016K)->0K(2482176K) From: 66272K(168448K)->45504K(159232K)
[52.813s][info][gc,heap        ] GC(20) ParOldGen: 576841K(5592576K)->611559K(5592576K)
[52.813s][info][gc,metaspace   ] GC(20) Metaspace: 131890K(133056K)->131890K(133056K) NonClass: 111328K(112000K)->111328K(112000K) Class: 20561K(21056K)->20561K(21056K)
[52.813s][info][gc             ] GC(20) Pause Young (Allocation Failure) 3024M->641M(8041M) 27.994ms
[52.813s][info][gc,cpu         ] GC(20) User=0.22s Sys=0.03s Real=0.03s
[56.837s][info][gc,start       ] GC(21) Pause Young (GCLocker Initiated GC)
[56.864s][info][gc,heap        ] GC(21) PSYoungGen: 2527680K(2641408K)->41424K(2636800K) Eden: 2482176K(2482176K)->0K(2482176K) From: 45504K(159232K)->41424K(154624K)
[56.864s][info][gc,heap        ] GC(21) ParOldGen: 611575K(5592576K)->641764K(5592576K)
[56.864s][info][gc,metaspace   ] GC(21) Metaspace: 131910K(133120K)->131910K(133120K) NonClass: 111348K(112064K)->111348K(112064K) Class: 20561K(21056K)->20561K(21056K)
[56.864s][info][gc             ] GC(21) Pause Young (GCLocker Initiated GC) 3065M->667M(8036M) 27.429ms
[56.864s][info][gc,cpu         ] GC(21) User=0.11s Sys=0.02s Real=0.03s
[60.175s][info][gc,start       ] GC(22) Pause Young (GCLocker Initiated GC)
[60.199s][info][gc,heap        ] GC(22) PSYoungGen: 2523600K(2636800K)->44160K(2650624K) Eden: 2482176K(2482176K)->0K(2500096K) From: 41424K(154624K)->44160K(150528K)
[60.199s][info][gc,heap        ] GC(22) ParOldGen: 641766K(5592576K)->672449K(5592576K)
[60.199s][info][gc,metaspace   ] GC(22) Metaspace: 131945K(133120K)->131945K(133120K) NonClass: 111383K(112064K)->111383K(112064K) Class: 20561K(21056K)->20561K(21056K)
[60.199s][info][gc             ] GC(22) Pause Young (GCLocker Initiated GC) 3091M->699M(8050M) 24.239ms
[60.200s][info][gc,cpu         ] GC(22) User=0.25s Sys=0.00s Real=0.02s
[64.381s][info][gc,start       ] GC(23) Pause Young (GCLocker Initiated GC)
[64.411s][info][gc,heap        ] GC(23) PSYoungGen: 2544256K(2650624K)->59808K(2645504K) Eden: 2500096K(2500096K)->0K(2500096K) From: 44160K(150528K)->59808K(145408K)
[64.411s][info][gc,heap        ] GC(23) ParOldGen: 672460K(5592576K)->705832K(5592576K)
[64.411s][info][gc,metaspace   ] GC(23) Metaspace: 131976K(133120K)->131976K(133120K) NonClass: 111411K(112064K)->111411K(112064K) Class: 20565K(21056K)->20565K(21056K)
[64.411s][info][gc             ] GC(23) Pause Young (GCLocker Initiated GC) 3141M->747M(8045M) 29.836ms
[64.411s][info][gc,cpu         ] GC(23) User=0.12s Sys=0.00s Real=0.03s
[69.957s][info][gc,start       ] GC(24) Pause Young (Allocation Failure)
[69.990s][info][gc,heap        ] GC(24) PSYoungGen: 2559904K(2645504K)->56336K(2664960K) Eden: 2500096K(2500096K)->0K(2527232K) From: 59808K(145408K)->56336K(137728K)
[69.990s][info][gc,heap        ] GC(24) ParOldGen: 705834K(5592576K)->737170K(5592576K)
[69.990s][info][gc,metaspace   ] GC(24) Metaspace: 132095K(133312K)->132095K(133312K) NonClass: 111507K(112192K)->111507K(112192K) Class: 20587K(21120K)->20587K(21120K)
[69.990s][info][gc             ] GC(24) Pause Young (Allocation Failure) 3189M->774M(8064M) 32.889ms
[69.990s][info][gc,cpu         ] GC(24) User=0.25s Sys=0.02s Real=0.03s
[73.252s][info][gc,start       ] GC(25) Pause Young (Allocation Failure)
[73.279s][info][gc,heap        ] GC(25) PSYoungGen: 2583568K(2664960K)->40320K(2658304K) Eden: 2527232K(2527232K)->0K(2527232K) From: 56336K(137728K)->40320K(131072K)
[73.279s][info][gc,heap        ] GC(25) ParOldGen: 737170K(5592576K)->776618K(5592576K)
[73.279s][info][gc,metaspace   ] GC(25) Metaspace: 132118K(133312K)->132118K(133312K) NonClass: 111530K(112192K)->111530K(112192K) Class: 20587K(21120K)->20587K(21120K)
[73.279s][info][gc             ] GC(25) Pause Young (Allocation Failure) 3242M->797M(8057M) 26.999ms
[73.279s][info][gc,cpu         ] GC(25) User=0.23s Sys=0.02s Real=0.03s
[76.732s][info][gc,start       ] GC(26) Pause Young (Allocation Failure)
[76.760s][info][gc,heap        ] GC(26) PSYoungGen: 2567552K(2658304K)->55920K(2674176K) Eden: 2527232K(2527232K)->0K(2546176K) From: 40320K(131072K)->55920K(128000K)
[76.760s][info][gc,heap        ] GC(26) ParOldGen: 776618K(5592576K)->808920K(5592576K)
[76.760s][info][gc,metaspace   ] GC(26) Metaspace: 132127K(133376K)->132127K(133376K) NonClass: 111540K(112256K)->111540K(112256K) Class: 20587K(21120K)->20587K(21120K)
[76.760s][info][gc             ] GC(26) Pause Young (Allocation Failure) 3265M->844M(8073M) 27.773ms
[76.760s][info][gc,cpu         ] GC(26) User=0.25s Sys=0.00s Real=0.03s
[79.456s][info][gc,start       ] GC(27) Pause Young (Allocation Failure)
[79.496s][info][gc,heap        ] GC(27) PSYoungGen: 2602096K(2674176K)->72384K(2668032K) Eden: 2546176K(2546176K)->0K(2546176K) From: 55920K(128000K)->72384K(121856K)
[79.496s][info][gc,heap        ] GC(27) ParOldGen: 808920K(5592576K)->859611K(5592576K)
[79.496s][info][gc,metaspace   ] GC(27) Metaspace: 132150K(133440K)->132150K(133440K) NonClass: 111562K(112320K)->111562K(112320K) Class: 20587K(21120K)->20587K(21120K)
[79.496s][info][gc             ] GC(27) Pause Young (Allocation Failure) 3331M->910M(8067M) 39.600ms
[79.496s][info][gc,cpu         ] GC(27) User=0.38s Sys=0.00s Real=0.04s
[82.543s][info][gc,start       ] GC(28) Pause Young (Allocation Failure)
[82.587s][info][gc,heap        ] GC(28) PSYoungGen: 2618560K(2668032K)->72208K(2677248K) Eden: 2546176K(2546176K)->0K(2556928K) From: 72384K(121856K)->72208K(120320K)
[82.587s][info][gc,heap        ] GC(28) ParOldGen: 859611K(5592576K)->901204K(5592576K)
[82.587s][info][gc,metaspace   ] GC(28) Metaspace: 132225K(133504K)->132225K(133504K) NonClass: 111637K(112384K)->111637K(112384K) Class: 20588K(21120K)->20588K(21120K)
[82.587s][info][gc             ] GC(28) Pause Young (Allocation Failure) 3396M->950M(8076M) 44.484ms
[82.587s][info][gc,cpu         ] GC(28) User=0.38s Sys=0.00s Real=0.05s
[86.032s][info][gc,start       ] GC(29) Pause Young (Allocation Failure)
[86.058s][info][gc,heap        ] GC(29) PSYoungGen: 2629136K(2677248K)->44192K(2675712K) Eden: 2556928K(2556928K)->0K(2556928K) From: 72208K(120320K)->44192K(118784K)
[86.058s][info][gc,heap        ] GC(29) ParOldGen: 901204K(5592576K)->936801K(5592576K)
[86.058s][info][gc,metaspace   ] GC(29) Metaspace: 132251K(133504K)->132251K(133504K) NonClass: 111660K(112384K)->111660K(112384K) Class: 20590K(21120K)->20590K(21120K)
[86.058s][info][gc             ] GC(29) Pause Young (Allocation Failure) 3447M->958M(8074M) 26.635ms
[86.058s][info][gc,cpu         ] GC(29) User=0.25s Sys=0.00s Real=0.03s
[88.864s][info][gc,start       ] GC(30) Pause Young (GCLocker Initiated GC)
[88.893s][info][gc,heap        ] GC(30) PSYoungGen: 2601120K(2675712K)->57872K(2685440K) Eden: 2556928K(2556928K)->0K(2569216K) From: 44192K(118784K)->57872K(116224K)
[88.893s][info][gc,heap        ] GC(30) ParOldGen: 936803K(5592576K)->969419K(5592576K)
[88.893s][info][gc,metaspace   ] GC(30) Metaspace: 132271K(133504K)->132271K(133504K) NonClass: 111680K(112384K)->111680K(112384K) Class: 20590K(21120K)->20590K(21120K)
[88.893s][info][gc             ] GC(30) Pause Young (GCLocker Initiated GC) 3455M->1003M(8084M) 28.619ms
[88.893s][info][gc,cpu         ] GC(30) User=0.23s Sys=0.02s Real=0.03s
[92.357s][info][gc,start       ] GC(31) Pause Young (Allocation Failure)
[92.384s][info][gc,heap        ] GC(31) PSYoungGen: 2627088K(2685440K)->54444K(2679808K) Eden: 2569216K(2569216K)->0K(2569216K) From: 57872K(116224K)->54444K(110592K)
[92.384s][info][gc,heap        ] GC(31) ParOldGen: 969421K(5592576K)->996287K(5592576K)
[92.384s][info][gc,metaspace   ] GC(31) Metaspace: 132291K(133504K)->132291K(133504K) NonClass: 111700K(112384K)->111700K(112384K) Class: 20590K(21120K)->20590K(21120K)
[92.384s][info][gc             ] GC(31) Pause Young (Allocation Failure) 3512M->1026M(8078M) 26.866ms
[92.384s][info][gc,cpu         ] GC(31) User=0.22s Sys=0.03s Real=0.03s
[95.760s][info][gc,start       ] GC(32) Pause Young (Allocation Failure)
[95.784s][info][gc,heap        ] GC(32) PSYoungGen: 2623660K(2679808K)->35760K(2690048K) Eden: 2569216K(2569216K)->0K(2583552K) From: 54444K(110592K)->35760K(106496K)
[95.784s][info][gc,heap        ] GC(32) ParOldGen: 996287K(5592576K)->1035395K(5592576K)
[95.784s][info][gc,metaspace   ] GC(32) Metaspace: 132296K(133504K)->132296K(133504K) NonClass: 111705K(112384K)->111705K(112384K) Class: 20590K(21120K)->20590K(21120K)
[95.784s][info][gc             ] GC(32) Pause Young (Allocation Failure) 3535M->1046M(8088M) 24.436ms
[95.784s][info][gc,cpu         ] GC(32) User=0.12s Sys=0.00s Real=0.03s
[100.111s][info][gc,start       ] GC(33) Pause Young (Allocation Failure)
[100.138s][info][gc,heap        ] GC(33) PSYoungGen: 2619312K(2690048K)->46752K(2689536K) Eden: 2583552K(2583552K)->0K(2583552K) From: 35760K(106496K)->46752K(105984K)
[100.138s][info][gc,heap        ] GC(33) ParOldGen: 1035395K(5592576K)->1065520K(5592576K)
[100.138s][info][gc,metaspace   ] GC(33) Metaspace: 132302K(133504K)->132302K(133504K) NonClass: 111711K(112384K)->111711K(112384K) Class: 20590K(21120K)->20590K(21120K)
[100.138s][info][gc             ] GC(33) Pause Young (Allocation Failure) 3569M->1086M(8088M) 26.730ms
[100.138s][info][gc,cpu         ] GC(33) User=0.22s Sys=0.03s Real=0.03s
[103.222s][info][gc,start       ] GC(34) Pause Young (Allocation Failure)
[103.259s][info][gc,heap        ] GC(34) PSYoungGen: 2630304K(2689536K)->64256K(2694656K) Eden: 2583552K(2583552K)->0K(2591744K) From: 46752K(105984K)->64256K(102912K)
[103.259s][info][gc,heap        ] GC(34) ParOldGen: 1065520K(5592576K)->1108456K(5592576K)
[103.259s][info][gc,metaspace   ] GC(34) Metaspace: 132307K(133504K)->132307K(133504K) NonClass: 111716K(112384K)->111716K(112384K) Class: 20590K(21120K)->20590K(21120K)
[103.259s][info][gc             ] GC(34) Pause Young (Allocation Failure) 3609M->1145M(8093M) 36.758ms
[103.259s][info][gc,cpu         ] GC(34) User=0.36s Sys=0.02s Real=0.04s
[106.116s][info][gc,start       ] GC(35) Pause Young (Allocation Failure)
[106.158s][info][gc,heap        ] GC(35) PSYoungGen: 2656000K(2694656K)->81024K(2673152K) Eden: 2591744K(2591744K)->0K(2591744K) From: 64256K(102912K)->81024K(81408K)
[106.158s][info][gc,heap        ] GC(35) ParOldGen: 1108456K(5592576K)->1165549K(5592576K)
[106.158s][info][gc,metaspace   ] GC(35) Metaspace: 132310K(133504K)->132310K(133504K) NonClass: 111719K(112384K)->111719K(112384K) Class: 20590K(21120K)->20590K(21120K)
[106.158s][info][gc             ] GC(35) Pause Young (Allocation Failure) 3676M->1217M(8072M) 41.830ms
[106.158s][info][gc,cpu         ] GC(35) User=0.23s Sys=0.02s Real=0.04s
[109.528s][info][gc,start       ] GC(36) Pause Young (GCLocker Initiated GC)
[109.569s][info][gc,heap        ] GC(36) PSYoungGen: 2672768K(2673152K)->77440K(2685952K) Eden: 2591744K(2591744K)->0K(2579968K) From: 81024K(81408K)->77440K(105984K)
[109.569s][info][gc,heap        ] GC(36) ParOldGen: 1165558K(5592576K)->1198283K(5592576K)
[109.569s][info][gc,metaspace   ] GC(36) Metaspace: 132320K(133568K)->132320K(133568K) NonClass: 111729K(112448K)->111729K(112448K) Class: 20590K(21120K)->20590K(21120K)
[109.569s][info][gc             ] GC(36) Pause Young (GCLocker Initiated GC) 3748M->1245M(8084M) 40.724ms
[109.569s][info][gc,cpu         ] GC(36) User=0.36s Sys=0.02s Real=0.04s
[112.945s][info][gc,start       ] GC(37) Pause Young (Allocation Failure)
[112.963s][info][gc,heap        ] GC(37) PSYoungGen: 2657408K(2685952K)->32928K(2688000K) Eden: 2579968K(2579968K)->0K(2579968K) From: 77440K(105984K)->32928K(108032K)
[112.963s][info][gc,heap        ] GC(37) ParOldGen: 1198286K(5592576K)->1221100K(5592576K)
[112.963s][info][gc,metaspace   ] GC(37) Metaspace: 132333K(133568K)->132333K(133568K) NonClass: 111740K(112448K)->111740K(112448K) Class: 20593K(21120K)->20593K(21120K)
[112.963s][info][gc             ] GC(37) Pause Young (Allocation Failure) 3765M->1224M(8086M) 18.733ms
[112.963s][info][gc,cpu         ] GC(37) User=0.12s Sys=0.00s Real=0.02s
[117.096s][info][gc,start       ] GC(38) Pause Young (Allocation Failure)
[117.116s][info][gc,heap        ] GC(38) PSYoungGen: 2612896K(2688000K)->41272K(2690048K) Eden: 2579968K(2579968K)->0K(2582016K) From: 32928K(108032K)->41272K(108032K)
[117.116s][info][gc,heap        ] GC(38) ParOldGen: 1221100K(5592576K)->1239281K(5592576K)
[117.116s][info][gc,metaspace   ] GC(38) Metaspace: 132361K(133568K)->132361K(133568K) NonClass: 111764K(112448K)->111764K(112448K) Class: 20597K(21120K)->20597K(21120K)
[117.116s][info][gc             ] GC(38) Pause Young (Allocation Failure) 3744M->1250M(8088M) 20.708ms
[117.116s][info][gc,cpu         ] GC(38) User=0.23s Sys=0.02s Real=0.02s
[121.208s][info][gc,start       ] GC(39) Pause Young (Allocation Failure)
[121.242s][info][gc,heap        ] GC(39) PSYoungGen: 2623288K(2690048K)->44672K(2688000K) Eden: 2582016K(2582016K)->0K(2582016K) From: 41272K(108032K)->44672K(105984K)
[121.242s][info][gc,heap        ] GC(39) ParOldGen: 1239281K(5592576K)->1272862K(5592576K)
[121.242s][info][gc,metaspace   ] GC(39) Metaspace: 133184K(134592K)->133184K(134592K) NonClass: 112436K(113216K)->112436K(113216K) Class: 20747K(21376K)->20747K(21376K)
[121.242s][info][gc             ] GC(39) Pause Young (Allocation Failure) 3772M->1286M(8086M) 33.793ms
[121.242s][info][gc,cpu         ] GC(39) User=0.38s Sys=0.00s Real=0.03s
[124.752s][info][gc,start       ] GC(40) Pause Young (Allocation Failure)
[124.775s][info][gc,heap        ] GC(40) PSYoungGen: 2626688K(2688000K)->32384K(2693632K) Eden: 2582016K(2582016K)->0K(2590720K) From: 44672K(105984K)->32384K(102912K)
[124.775s][info][gc,heap        ] GC(40) ParOldGen: 1272862K(5592576K)->1310078K(5592576K)
[124.775s][info][gc,metaspace   ] GC(40) Metaspace: 133223K(134592K)->133223K(134592K) NonClass: 112473K(113216K)->112473K(113216K) Class: 20749K(21376K)->20749K(21376K)
[124.775s][info][gc             ] GC(40) Pause Young (Allocation Failure) 3808M->1310M(8092M) 23.250ms
[124.775s][info][gc,cpu         ] GC(40) User=0.20s Sys=0.03s Real=0.02s
[128.072s][info][gc,start       ] GC(41) Pause Young (Allocation Failure)
[128.107s][info][gc,heap        ] GC(41) PSYoungGen: 2623104K(2693632K)->51312K(2693120K) Eden: 2590720K(2590720K)->0K(2590720K) From: 32384K(102912K)->51312K(102400K)
[128.107s][info][gc,heap        ] GC(41) ParOldGen: 1310078K(5592576K)->1338574K(5592576K)
[128.107s][info][gc,metaspace   ] GC(41) Metaspace: 133257K(134656K)->133257K(134656K) NonClass: 112505K(113280K)->112505K(113280K) Class: 20751K(21376K)->20751K(21376K)
[128.107s][info][gc             ] GC(41) Pause Young (Allocation Failure) 3840M->1357M(8091M) 35.172ms
[128.107s][info][gc,cpu         ] GC(41) User=0.28s Sys=0.00s Real=0.03s
[130.931s][info][gc,start       ] GC(42) Pause Young (Allocation Failure)
[130.967s][info][gc,heap        ] GC(42) PSYoungGen: 2642032K(2693120K)->73216K(2692096K) Eden: 2590720K(2590720K)->0K(2594304K) From: 51312K(102400K)->73216K(97792K)
[130.967s][info][gc,heap        ] GC(42) ParOldGen: 1338574K(5592576K)->1378575K(5592576K)
[130.967s][info][gc,metaspace   ] GC(42) Metaspace: 133260K(134656K)->133260K(134656K) NonClass: 112508K(113280K)->112508K(113280K) Class: 20751K(21376K)->20751K(21376K)
[130.967s][info][gc             ] GC(42) Pause Young (Allocation Failure) 3887M->1417M(8090M) 35.698ms
[130.967s][info][gc,cpu         ] GC(42) User=0.23s Sys=0.00s Real=0.04s
[134.378s][info][gc,start       ] GC(43) Pause Young (Allocation Failure)
[134.414s][info][gc,heap        ] GC(43) PSYoungGen: 2667520K(2692096K)->63328K(2695168K) Eden: 2594304K(2594304K)->0K(2594304K) From: 73216K(97792K)->63328K(100864K)
[134.414s][info][gc,heap        ] GC(43) ParOldGen: 1378575K(5592576K)->1427135K(5592576K)
[134.414s][info][gc,metaspace   ] GC(43) Metaspace: 133270K(134656K)->133270K(134656K) NonClass: 112517K(113280K)->112517K(113280K) Class: 20753K(21376K)->20753K(21376K)
[134.414s][info][gc             ] GC(43) Pause Young (Allocation Failure) 3951M->1455M(8093M) 36.080ms
[134.414s][info][gc,cpu         ] GC(43) User=0.36s Sys=0.00s Real=0.04s
[138.688s][info][gc,start       ] GC(44) Pause Young (Allocation Failure)
[138.710s][info][gc,heap        ] GC(44) PSYoungGen: 2657632K(2695168K)->33488K(2697216K) Eden: 2594304K(2594304K)->0K(2597888K) From: 63328K(100864K)->33488K(99328K)
[138.710s][info][gc,heap        ] GC(44) ParOldGen: 1427135K(5592576K)->1455610K(5592576K)
[138.710s][info][gc,metaspace   ] GC(44) Metaspace: 133286K(134656K)->133286K(134656K) NonClass: 112533K(113280K)->112533K(113280K) Class: 20753K(21376K)->20753K(21376K)
[138.710s][info][gc             ] GC(44) Pause Young (Allocation Failure) 3989M->1454M(8095M) 22.579ms
[138.711s][info][gc,cpu         ] GC(44) User=0.25s Sys=0.00s Real=0.02s
[142.832s][info][gc,start       ] GC(45) Pause Young (Allocation Failure)
[142.857s][info][gc,heap        ] GC(45) PSYoungGen: 2631376K(2697216K)->48096K(2696704K) Eden: 2597888K(2597888K)->0K(2597888K) From: 33488K(99328K)->48096K(98816K)
[142.857s][info][gc,heap        ] GC(45) ParOldGen: 1455610K(5592576K)->1479663K(5592576K)
[142.857s][info][gc,metaspace   ] GC(45) Metaspace: 133307K(134656K)->133307K(134656K) NonClass: 112553K(113280K)->112553K(113280K) Class: 20754K(21376K)->20754K(21376K)
[142.857s][info][gc             ] GC(45) Pause Young (Allocation Failure) 3991M->1491M(8095M) 24.292ms
[142.857s][info][gc,cpu         ] GC(45) User=0.25s Sys=0.00s Real=0.02s
[146.256s][info][gc,start       ] GC(46) Pause Young (Allocation Failure)
[146.283s][info][gc,heap        ] GC(46) PSYoungGen: 2645984K(2696704K)->50592K(2704896K) Eden: 2597888K(2597888K)->0K(2609664K) From: 48096K(98816K)->50592K(95232K)
[146.283s][info][gc,heap        ] GC(46) ParOldGen: 1479663K(5592576K)->1517046K(5592576K)
[146.283s][info][gc,metaspace   ] GC(46) Metaspace: 133330K(134720K)->133330K(134720K) NonClass: 112574K(113344K)->112574K(113344K) Class: 20755K(21376K)->20755K(21376K)
[146.283s][info][gc             ] GC(46) Pause Young (Allocation Failure) 4028M->1530M(8103M) 27.106ms
[146.283s][info][gc,cpu         ] GC(46) User=0.11s Sys=0.02s Real=0.03s
[149.574s][info][gc,start       ] GC(47) Pause Young (Allocation Failure)
[149.602s][info][gc,heap        ] GC(47) PSYoungGen: 2660256K(2704896K)->51264K(2700800K) Eden: 2609664K(2609664K)->0K(2609664K) From: 50592K(95232K)->51264K(91136K)
[149.602s][info][gc,heap        ] GC(47) ParOldGen: 1517046K(5592576K)->1551548K(5592576K)
[149.602s][info][gc,metaspace   ] GC(47) Metaspace: 133344K(134784K)->133344K(134784K) NonClass: 112588K(113408K)->112588K(113408K) Class: 20755K(21376K)->20755K(21376K)
[149.602s][info][gc             ] GC(47) Pause Young (Allocation Failure) 4079M->1565M(8099M) 28.052ms
[149.602s][info][gc,cpu         ] GC(47) User=0.25s Sys=0.00s Real=0.03s
[152.464s][info][gc,start       ] GC(48) Pause Young (Allocation Failure)
[152.495s][info][gc,heap        ] GC(48) PSYoungGen: 2660928K(2700800K)->63408K(2707456K) Eden: 2609664K(2609664K)->0K(2619904K) From: 51264K(91136K)->63408K(87552K)
[152.495s][info][gc,heap        ] GC(48) ParOldGen: 1551548K(5592576K)->1584796K(5592576K)
[152.495s][info][gc,metaspace   ] GC(48) Metaspace: 133349K(134784K)->133349K(134784K) NonClass: 112593K(113408K)->112593K(113408K) Class: 20755K(21376K)->20755K(21376K)
[152.495s][info][gc             ] GC(48) Pause Young (Allocation Failure) 4113M->1609M(8105M) 30.890ms
[152.495s][info][gc,cpu         ] GC(48) User=0.22s Sys=0.03s Real=0.03s
[155.419s][info][gc,start       ] GC(49) Pause Young (Allocation Failure)
[155.451s][info][gc,heap        ] GC(49) PSYoungGen: 2683312K(2707456K)->62320K(2707968K) Eden: 2619904K(2619904K)->0K(2619904K) From: 63408K(87552K)->62320K(88064K)
[155.451s][info][gc,heap        ] GC(49) ParOldGen: 1584796K(5592576K)->1620165K(5592576K)
[155.451s][info][gc,metaspace   ] GC(49) Metaspace: 133349K(134784K)->133349K(134784K) NonClass: 112594K(113408K)->112594K(113408K) Class: 20755K(21376K)->20755K(21376K)
[155.451s][info][gc             ] GC(49) Pause Young (Allocation Failure) 4168M->1643M(8106M) 31.452ms
[155.451s][info][gc,cpu         ] GC(49) User=0.17s Sys=0.08s Real=0.03s
[159.895s][info][gc,start       ] GC(50) Pause Young (CodeCache GC Threshold)
[159.916s][info][gc,heap        ] GC(50) PSYoungGen: 2149968K(2707968K)->34352K(2707968K) Eden: 2087648K(2619904K)->0K(2619904K) From: 62320K(88064K)->34352K(88064K)
[159.916s][info][gc,heap        ] GC(50) ParOldGen: 1620165K(5592576K)->1654978K(5592576K)
[159.916s][info][gc,metaspace   ] GC(50) Metaspace: 133497K(134912K)->133497K(134912K) NonClass: 112726K(113536K)->112726K(113536K) Class: 20771K(21376K)->20771K(21376K)
[159.916s][info][gc             ] GC(50) Pause Young (CodeCache GC Threshold) 3681M->1649M(8106M) 21.818ms
[159.916s][info][gc,cpu         ] GC(50) User=0.22s Sys=0.03s Real=0.02s
[159.916s][info][gc,start       ] GC(51) Pause Full (CodeCache GC Threshold)
[159.916s][info][gc,phases,start] GC(51) Marking Phase
[160.013s][info][gc,phases      ] GC(51) Marking Phase 96.627ms
[160.013s][info][gc,phases,start] GC(51) Summary Phase
[160.013s][info][gc,phases      ] GC(51) Summary Phase 0.043ms
[160.013s][info][gc,phases,start] GC(51) Adjust Roots
[160.028s][info][gc,phases      ] GC(51) Adjust Roots 14.569ms
[160.028s][info][gc,phases,start] GC(51) Compaction Phase
[160.095s][info][gc,phases      ] GC(51) Compaction Phase 67.440ms
[160.095s][info][gc,phases,start] GC(51) Post Compact
[160.105s][info][gc,phases      ] GC(51) Post Compact 9.255ms
[160.105s][info][gc,heap        ] GC(51) PSYoungGen: 34352K(2707968K)->0K(2707968K) Eden: 0K(2619904K)->0K(2619904K) From: 34352K(88064K)->0K(88064K)
[160.105s][info][gc,heap        ] GC(51) ParOldGen: 1654978K(5592576K)->474934K(5592576K)
[160.105s][info][gc,metaspace   ] GC(51) Metaspace: 133497K(134912K)->133497K(134912K) NonClass: 112726K(113536K)->112726K(113536K) Class: 20771K(21376K)->20771K(21376K)
[160.105s][info][gc             ] GC(51) Pause Full (CodeCache GC Threshold) 1649M->463M(8106M) 188.306ms
[160.105s][info][gc,cpu         ] GC(51) User=1.03s Sys=0.03s Real=0.19s
[163.652s][info][gc,start       ] GC(52) Pause Young (Allocation Failure)
[163.669s][info][gc,heap        ] GC(52) PSYoungGen: 2619904K(2707968K)->50464K(2707968K) Eden: 2619904K(2619904K)->0K(2619904K) From: 0K(88064K)->50464K(88064K)
[163.669s][info][gc,heap        ] GC(52) ParOldGen: 474934K(5592576K)->474934K(5592576K)
[163.669s][info][gc,metaspace   ] GC(52) Metaspace: 133511K(134912K)->133511K(134912K) NonClass: 112740K(113536K)->112740K(113536K) Class: 20771K(21376K)->20771K(21376K)
[163.669s][info][gc             ] GC(52) Pause Young (Allocation Failure) 3022M->513M(8106M) 17.213ms
[163.669s][info][gc,cpu         ] GC(52) User=0.12s Sys=0.00s Real=0.02s
[167.162s][info][gc,start       ] GC(53) Pause Young (Allocation Failure)
[167.193s][info][gc,heap        ] GC(53) PSYoungGen: 2670368K(2707968K)->56000K(2713088K) Eden: 2619904K(2619904K)->0K(2628096K) From: 50464K(88064K)->56000K(84992K)
[167.193s][info][gc,heap        ] GC(53) ParOldGen: 474934K(5592576K)->517360K(5592576K)
[167.193s][info][gc,metaspace   ] GC(53) Metaspace: 133527K(134912K)->133527K(134912K) NonClass: 112755K(113536K)->112755K(113536K) Class: 20772K(21376K)->20772K(21376K)
[167.193s][info][gc             ] GC(53) Pause Young (Allocation Failure) 3071M->559M(8111M) 31.315ms
[167.193s][info][gc,cpu         ] GC(53) User=0.25s Sys=0.00s Real=0.03s
[170.780s][info][gc,start       ] GC(54) Pause Young (Allocation Failure)
[170.804s][info][gc,heap        ] GC(54) PSYoungGen: 2684096K(2713088K)->42848K(2711040K) Eden: 2628096K(2628096K)->0K(2628096K) From: 56000K(84992K)->42848K(82944K)
[170.804s][info][gc,heap        ] GC(54) ParOldGen: 517360K(5592576K)->560590K(5592576K)
[170.804s][info][gc,metaspace   ] GC(54) Metaspace: 133537K(134912K)->133537K(134912K) NonClass: 112763K(113536K)->112763K(113536K) Class: 20774K(21376K)->20774K(21376K)
[170.804s][info][gc             ] GC(54) Pause Young (Allocation Failure) 3126M->589M(8109M) 24.469ms
[170.804s][info][gc,cpu         ] GC(54) User=0.25s Sys=0.00s Real=0.03s
[174.104s][info][gc,start       ] GC(55) Pause Young (Allocation Failure)
[174.131s][info][gc,heap        ] GC(55) PSYoungGen: 2670944K(2711040K)->47483K(2716672K) Eden: 2628096K(2628096K)->0K(2634752K) From: 42848K(82944K)->47483K(81920K)
[174.131s][info][gc,heap        ] GC(55) ParOldGen: 560590K(5592576K)->598997K(5592576K)
[174.131s][info][gc,metaspace   ] GC(55) Metaspace: 133658K(135040K)->133658K(135040K) NonClass: 112858K(113664K)->112858K(113664K) Class: 20800K(21376K)->20800K(21376K)
[174.131s][info][gc             ] GC(55) Pause Young (Allocation Failure) 3155M->631M(8114M) 27.690ms
[174.131s][info][gc,cpu         ] GC(55) User=0.22s Sys=0.00s Real=0.03s
[177.080s][info][gc,start       ] GC(56) Pause Young (Allocation Failure)
[177.111s][info][gc,heap        ] GC(56) PSYoungGen: 2682235K(2716672K)->66272K(2701312K) Eden: 2634752K(2634752K)->0K(2634752K) From: 47483K(81920K)->66272K(66560K)
[177.111s][info][gc,heap        ] GC(56) ParOldGen: 598997K(5592576K)->640961K(5592576K)
[177.111s][info][gc,metaspace   ] GC(56) Metaspace: 133669K(135040K)->133669K(135040K) NonClass: 112869K(113664K)->112869K(113664K) Class: 20800K(21376K)->20800K(21376K)
[177.111s][info][gc             ] GC(56) Pause Young (Allocation Failure) 3204M->690M(8099M) 31.627ms
[177.111s][info][gc,cpu         ] GC(56) User=0.25s Sys=0.00s Real=0.03s
[179.739s][info][gc,start       ] GC(57) Pause Young (GCLocker Initiated GC)
[179.784s][info][gc,heap        ] GC(57) PSYoungGen: 2701024K(2701312K)->82416K(2665472K) Eden: 2634752K(2634752K)->0K(2583040K) From: 66272K(66560K)->82416K(82432K)
[179.785s][info][gc,heap        ] GC(57) ParOldGen: 641005K(5592576K)->684865K(5592576K)
[179.785s][info][gc,metaspace   ] GC(57) Metaspace: 133677K(135040K)->133677K(135040K) NonClass: 112877K(113664K)->112877K(113664K) Class: 20800K(21376K)->20800K(21376K)
[179.785s][info][gc             ] GC(57) Pause Young (GCLocker Initiated GC) 3263M->749M(8064M) 45.459ms
[179.785s][info][gc,cpu         ] GC(57) User=0.38s Sys=0.00s Real=0.05s
[183.368s][info][gc,start       ] GC(58) Pause Young (Allocation Failure)
[183.402s][info][gc,heap        ] GC(58) PSYoungGen: 2665456K(2665472K)->71840K(2689536K) Eden: 2583040K(2583040K)->0K(2583040K) From: 82416K(82432K)->71840K(106496K)
[183.402s][info][gc,heap        ] GC(58) ParOldGen: 684866K(5592576K)->719012K(5592576K)
[183.402s][info][gc,metaspace   ] GC(58) Metaspace: 133686K(135040K)->133686K(135040K) NonClass: 112886K(113664K)->112886K(113664K) Class: 20800K(21376K)->20800K(21376K)
[183.402s][info][gc             ] GC(58) Pause Young (Allocation Failure) 3271M->772M(8088M) 34.224ms
[183.402s][info][gc,cpu         ] GC(58) User=0.25s Sys=0.00s Real=0.03s
[186.404s][info][gc,start       ] GC(59) Pause Young (Allocation Failure)
[186.437s][info][gc,heap        ] GC(59) PSYoungGen: 2654880K(2689536K)->57088K(2693632K) Eden: 2583040K(2583040K)->0K(2587648K) From: 71840K(106496K)->57088K(105984K)
[186.437s][info][gc,heap        ] GC(59) ParOldGen: 719012K(5592576K)->765306K(5592576K)
[186.437s][info][gc,metaspace   ] GC(59) Metaspace: 133709K(135040K)->133709K(135040K) NonClass: 112906K(113664K)->112906K(113664K) Class: 20803K(21376K)->20803K(21376K)
[186.437s][info][gc             ] GC(59) Pause Young (Allocation Failure) 3294M->803M(8092M) 33.429ms
[186.437s][info][gc,cpu         ] GC(59) User=0.25s Sys=0.00s Real=0.03s
[189.763s][info][gc,start       ] GC(60) Pause Young (Allocation Failure)
[189.794s][info][gc,heap        ] GC(60) PSYoungGen: 2644736K(2693632K)->61792K(2690048K) Eden: 2587648K(2587648K)->0K(2587648K) From: 57088K(105984K)->61792K(102400K)
[189.794s][info][gc,heap        ] GC(60) ParOldGen: 765306K(5592576K)->799592K(5592576K)
[189.794s][info][gc,metaspace   ] GC(60) Metaspace: 133718K(135040K)->133718K(135040K) NonClass: 112915K(113664K)->112915K(113664K) Class: 20803K(21376K)->20803K(21376K)
[189.794s][info][gc             ] GC(60) Pause Young (Allocation Failure) 3330M->841M(8088M) 31.088ms
[189.794s][info][gc,cpu         ] GC(60) User=0.25s Sys=0.00s Real=0.03s
[193.238s][info][gc,start       ] GC(61) Pause Young (Allocation Failure)
[193.266s][info][gc,heap        ] GC(61) PSYoungGen: 2649440K(2690048K)->46304K(2698752K) Eden: 2587648K(2587648K)->0K(2599936K) From: 61792K(102400K)->46304K(98816K)
[193.266s][info][gc,heap        ] GC(61) ParOldGen: 799592K(5592576K)->837319K(5592576K)
[193.266s][info][gc,metaspace   ] GC(61) Metaspace: 133733K(135040K)->133733K(135040K) NonClass: 112929K(113664K)->112929K(113664K) Class: 20803K(21376K)->20803K(21376K)
[193.266s][info][gc             ] GC(61) Pause Young (Allocation Failure) 3368M->862M(8097M) 28.072ms
[193.266s][info][gc,cpu         ] GC(61) User=0.25s Sys=0.00s Real=0.03s
[196.774s][info][gc,start       ] GC(62) Pause Young (GCLocker Initiated GC)
[196.804s][info][gc,heap        ] GC(62) PSYoungGen: 2646240K(2698752K)->51424K(2697216K) Eden: 2599936K(2599936K)->0K(2599936K) From: 46304K(98816K)->51424K(97280K)
[196.804s][info][gc,heap        ] GC(62) ParOldGen: 837338K(5592576K)->874826K(5592576K)
[196.804s][info][gc,metaspace   ] GC(62) Metaspace: 133741K(135104K)->133741K(135104K) NonClass: 112938K(113728K)->112938K(113728K) Class: 20803K(21376K)->20803K(21376K)
[196.804s][info][gc             ] GC(62) Pause Young (GCLocker Initiated GC) 3401M->904M(8095M) 29.649ms
[196.804s][info][gc,cpu         ] GC(62) User=0.25s Sys=0.00s Real=0.03s
[199.344s][info][gc,start       ] GC(63) Pause Young (Allocation Failure)
[199.383s][info][gc,heap        ] GC(63) PSYoungGen: 2651360K(2697216K)->81424K(2691584K) Eden: 2599936K(2599936K)->0K(2596352K) From: 51424K(97280K)->81424K(95232K)
[199.383s][info][gc,heap        ] GC(63) ParOldGen: 874828K(5592576K)->918126K(5592576K)
[199.383s][info][gc,metaspace   ] GC(63) Metaspace: 133744K(135104K)->133744K(135104K) NonClass: 112940K(113728K)->112940K(113728K) Class: 20803K(21376K)->20803K(21376K)
[199.383s][info][gc             ] GC(63) Pause Young (Allocation Failure) 3443M->976M(8090M) 38.840ms
[199.383s][info][gc,cpu         ] GC(63) User=0.36s Sys=0.00s Real=0.04s
[203.052s][info][gc,start       ] GC(64) Pause Young (Allocation Failure)
[203.078s][info][gc,heap        ] GC(64) PSYoungGen: 2677776K(2691584K)->57584K(2696192K) Eden: 2596352K(2596352K)->0K(2596352K) From: 81424K(95232K)->57584K(99840K)
[203.078s][info][gc,heap        ] GC(64) ParOldGen: 918126K(5592576K)->940000K(5592576K)
[203.078s][info][gc,metaspace   ] GC(64) Metaspace: 133748K(135104K)->133748K(135104K) NonClass: 112944K(113728K)->112944K(113728K) Class: 20803K(21376K)->20803K(21376K)
[203.078s][info][gc             ] GC(64) Pause Young (Allocation Failure) 3511M->974M(8094M) 25.303ms
[203.078s][info][gc,cpu         ] GC(64) User=0.25s Sys=0.00s Real=0.03s
[207.828s][info][gc,start       ] GC(65) Pause Young (Allocation Failure)
[207.858s][info][gc,heap        ] GC(65) PSYoungGen: 2653936K(2696192K)->66960K(2700800K) Eden: 2596352K(2596352K)->0K(2604032K) From: 57584K(99840K)->66960K(96768K)
[207.858s][info][gc,heap        ] GC(65) ParOldGen: 940000K(5592576K)->970408K(5592576K)
[207.858s][info][gc,metaspace   ] GC(65) Metaspace: 133753K(135104K)->133753K(135104K) NonClass: 112950K(113728K)->112950K(113728K) Class: 20803K(21376K)->20803K(21376K)
[207.858s][info][gc             ] GC(65) Pause Young (Allocation Failure) 3509M->1013M(8099M) 30.110ms
[207.858s][info][gc,cpu         ] GC(65) User=0.25s Sys=0.00s Real=0.03s
[211.496s][info][gc,start       ] GC(66) Pause Young (Allocation Failure)
[211.518s][info][gc,heap        ] GC(66) PSYoungGen: 2670992K(2700800K)->42080K(2699264K) Eden: 2604032K(2604032K)->0K(2604032K) From: 66960K(96768K)->42080K(95232K)
[211.518s][info][gc,heap        ] GC(66) ParOldGen: 970408K(5592576K)->1000436K(5592576K)
[211.518s][info][gc,metaspace   ] GC(66) Metaspace: 133773K(135104K)->133773K(135104K) NonClass: 112970K(113728K)->112970K(113728K) Class: 20803K(21376K)->20803K(21376K)
[211.518s][info][gc             ] GC(66) Pause Young (Allocation Failure) 3556M->1018M(8097M) 22.100ms
[211.518s][info][gc,cpu         ] GC(66) User=0.12s Sys=0.00s Real=0.02s
[215.076s][info][gc,start       ] GC(67) Pause Young (Allocation Failure)
[215.097s][info][gc,heap        ] GC(67) PSYoungGen: 2646112K(2699264K)->40576K(2701312K) Eden: 2604032K(2604032K)->0K(2606080K) From: 42080K(95232K)->40576K(95232K)
[215.097s][info][gc,heap        ] GC(67) ParOldGen: 1000436K(5592576K)->1027349K(5592576K)
[215.097s][info][gc,metaspace   ] GC(67) Metaspace: 133787K(135168K)->133787K(135168K) NonClass: 112983K(113792K)->112983K(113792K) Class: 20803K(21376K)->20803K(21376K)
[215.097s][info][gc             ] GC(67) Pause Young (Allocation Failure) 3561M->1042M(8099M) 21.351ms
[215.097s][info][gc,cpu         ] GC(67) User=0.12s Sys=0.00s Real=0.02s
[218.446s][info][gc,start       ] GC(68) Pause Young (Allocation Failure)
[218.477s][info][gc,heap        ] GC(68) PSYoungGen: 2646656K(2701312K)->41680K(2700800K) Eden: 2606080K(2606080K)->0K(2606080K) From: 40576K(95232K)->41680K(94720K)
[218.477s][info][gc,heap        ] GC(68) ParOldGen: 1027349K(5592576K)->1057584K(5592576K)
[218.477s][info][gc,metaspace   ] GC(68) Metaspace: 133795K(135168K)->133795K(135168K) NonClass: 112992K(113792K)->112992K(113792K) Class: 20803K(21376K)->20803K(21376K)
[218.477s][info][gc             ] GC(68) Pause Young (Allocation Failure) 3587M->1073M(8099M) 30.560ms
[218.477s][info][gc,cpu         ] GC(68) User=0.25s Sys=0.00s Real=0.03s
[221.752s][info][gc,start       ] GC(69) Pause Young (Allocation Failure)
[221.781s][info][gc,heap        ] GC(69) PSYoungGen: 2647760K(2700800K)->62304K(2703872K) Eden: 2606080K(2606080K)->0K(2610176K) From: 41680K(94720K)->62304K(93696K)
[221.781s][info][gc,heap        ] GC(69) ParOldGen: 1057584K(5592576K)->1086870K(5592576K)
[221.781s][info][gc,metaspace   ] GC(69) Metaspace: 133804K(135168K)->133804K(135168K) NonClass: 113001K(113792K)->113001K(113792K) Class: 20803K(21376K)->20803K(21376K)
[221.781s][info][gc             ] GC(69) Pause Young (Allocation Failure) 3618M->1122M(8102M) 28.852ms
[221.781s][info][gc,cpu         ] GC(69) User=0.25s Sys=0.00s Real=0.03s
[225.192s][info][gc,start       ] GC(70) Pause Young (Allocation Failure)
[225.211s][info][gc,heap        ] GC(70) PSYoungGen: 2672480K(2703872K)->37504K(2702336K) Eden: 2610176K(2610176K)->0K(2610176K) From: 62304K(93696K)->37504K(92160K)
[225.211s][info][gc,heap        ] GC(70) ParOldGen: 1086870K(5592576K)->1110443K(5592576K)
[225.211s][info][gc,metaspace   ] GC(70) Metaspace: 133816K(135168K)->133816K(135168K) NonClass: 113012K(113792K)->113012K(113792K) Class: 20803K(21376K)->20803K(21376K)
[225.212s][info][gc             ] GC(70) Pause Young (Allocation Failure) 3671M->1121M(8100M) 19.541ms
[225.212s][info][gc,cpu         ] GC(70) User=0.22s Sys=0.03s Real=0.02s
[228.431s][info][gc,start       ] GC(71) Pause Young (Allocation Failure)
[228.460s][info][gc,heap        ] GC(71) PSYoungGen: 2647680K(2702336K)->68864K(2700800K) Eden: 2610176K(2610176K)->0K(2608640K) From: 37504K(92160K)->68864K(92160K)
[228.461s][info][gc,heap        ] GC(71) ParOldGen: 1110443K(5592576K)->1140417K(5592576K)
[228.461s][info][gc,metaspace   ] GC(71) Metaspace: 133822K(135168K)->133822K(135168K) NonClass: 113019K(113792K)->113019K(113792K) Class: 20803K(21376K)->20803K(21376K)
[228.461s][info][gc             ] GC(71) Pause Young (Allocation Failure) 3670M->1180M(8099M) 29.883ms
[228.461s][info][gc,cpu         ] GC(71) User=0.25s Sys=0.00s Real=0.03s
[231.855s][info][gc,start       ] GC(72) Pause Young (Allocation Failure)
[231.882s][info][gc,heap        ] GC(72) PSYoungGen: 2677504K(2700800K)->47856K(2702336K) Eden: 2608640K(2608640K)->0K(2608640K) From: 68864K(92160K)->47856K(93696K)
[231.882s][info][gc,heap        ] GC(72) ParOldGen: 1140417K(5592576K)->1175930K(5592576K)
[231.882s][info][gc,metaspace   ] GC(72) Metaspace: 133844K(135168K)->133844K(135168K) NonClass: 113041K(113792K)->113041K(113792K) Class: 20803K(21376K)->20803K(21376K)
[231.882s][info][gc             ] GC(72) Pause Young (Allocation Failure) 3728M->1195M(8100M) 26.292ms
[231.882s][info][gc,cpu         ] GC(72) User=0.25s Sys=0.00s Real=0.03s
[235.466s][info][gc,start       ] GC(73) Pause Young (GCLocker Initiated GC)
[235.487s][info][gc,heap        ] GC(73) PSYoungGen: 2656496K(2702336K)->42816K(2706432K) Eden: 2608640K(2608640K)->0K(2615296K) From: 47856K(93696K)->42816K(91136K)
[235.487s][info][gc,heap        ] GC(73) ParOldGen: 1175960K(5592576K)->1202017K(5592576K)
[235.487s][info][gc,metaspace   ] GC(73) Metaspace: 133956K(135360K)->133956K(135360K) NonClass: 113137K(113920K)->113137K(113920K) Class: 20818K(21440K)->20818K(21440K)
[235.488s][info][gc             ] GC(73) Pause Young (GCLocker Initiated GC) 3742M->1215M(8104M) 21.760ms
[235.488s][info][gc,cpu         ] GC(73) User=0.12s Sys=0.00s Real=0.02s
[238.666s][info][gc,start       ] GC(74) Pause Young (Allocation Failure)
[238.688s][info][gc,heap        ] GC(74) PSYoungGen: 2658112K(2706432K)->39312K(2704896K) Eden: 2615296K(2615296K)->0K(2615296K) From: 42816K(91136K)->39312K(89600K)
[238.688s][info][gc,heap        ] GC(74) ParOldGen: 1202019K(5592576K)->1233068K(5592576K)
[238.688s][info][gc,metaspace   ] GC(74) Metaspace: 133982K(135360K)->133982K(135360K) NonClass: 113158K(113920K)->113158K(113920K) Class: 20823K(21440K)->20823K(21440K)
[238.688s][info][gc             ] GC(74) Pause Young (Allocation Failure) 3769M->1242M(8103M) 22.468ms
[238.688s][info][gc,cpu         ] GC(74) User=0.12s Sys=0.00s Real=0.02s
[243.116s][info][gc,start       ] GC(75) Pause Young (Allocation Failure)
[243.138s][info][gc,heap        ] GC(75) PSYoungGen: 2654608K(2704896K)->45856K(2709504K) Eden: 2615296K(2615296K)->0K(2620928K) From: 39312K(89600K)->45856K(88576K)
[243.138s][info][gc,heap        ] GC(75) ParOldGen: 1233068K(5592576K)->1258224K(5592576K)
[243.138s][info][gc,metaspace   ] GC(75) Metaspace: 133984K(135360K)->133984K(135360K) NonClass: 113161K(113920K)->113161K(113920K) Class: 20823K(21440K)->20823K(21440K)
[243.138s][info][gc             ] GC(75) Pause Young (Allocation Failure) 3796M->1273M(8107M) 22.410ms
[243.138s][info][gc,cpu         ] GC(75) User=0.12s Sys=0.00s Real=0.02s
[246.092s][info][gc,start       ] GC(76) Pause Young (Allocation Failure)
[246.124s][info][gc,heap        ] GC(76) PSYoungGen: 2666784K(2709504K)->76144K(2697216K) Eden: 2620928K(2620928K)->0K(2620928K) From: 45856K(88576K)->76144K(76288K)
[246.124s][info][gc,heap        ] GC(76) ParOldGen: 1258224K(5592576K)->1286100K(5592576K)
[246.124s][info][gc,metaspace   ] GC(76) Metaspace: 133985K(135360K)->133985K(135360K) NonClass: 113161K(113920K)->113161K(113920K) Class: 20823K(21440K)->20823K(21440K)
[246.124s][info][gc             ] GC(76) Pause Young (Allocation Failure) 3833M->1330M(8095M) 32.131ms
[246.124s][info][gc,cpu         ] GC(76) User=0.25s Sys=0.00s Real=0.03s
[251.194s][info][gc,start       ] GC(77) Pause Young (Allocation Failure)
[251.221s][info][gc,heap        ] GC(77) PSYoungGen: 2697072K(2697216K)->47888K(2706944K) Eden: 2620928K(2620928K)->0K(2615296K) From: 76144K(76288K)->47888K(91648K)
[251.221s][info][gc,heap        ] GC(77) ParOldGen: 1286100K(5592576K)->1325078K(5592576K)
[251.221s][info][gc,metaspace   ] GC(77) Metaspace: 133986K(135360K)->133986K(135360K) NonClass: 113162K(113920K)->113162K(113920K) Class: 20823K(21440K)->20823K(21440K)
[251.221s][info][gc             ] GC(77) Pause Young (Allocation Failure) 3889M->1340M(8105M) 26.190ms
[251.221s][info][gc,cpu         ] GC(77) User=0.12s Sys=0.00s Real=0.03s
[253.767s][info][gc,start       ] GC(78) Pause Young (Allocation Failure)
[253.801s][info][gc,heap        ] GC(78) PSYoungGen: 2663184K(2706944K)->73312K(2689024K) Eden: 2615296K(2615296K)->0K(2615296K) From: 47888K(91648K)->73312K(73728K)
[253.801s][info][gc,heap        ] GC(78) ParOldGen: 1325078K(5592576K)->1361374K(5592576K)
[253.801s][info][gc,metaspace   ] GC(78) Metaspace: 133992K(135360K)->133992K(135360K) NonClass: 113168K(113920K)->113168K(113920K) Class: 20823K(21440K)->20823K(21440K)
[253.801s][info][gc             ] GC(78) Pause Young (Allocation Failure) 3894M->1401M(8087M) 33.987ms
[253.801s][info][gc,cpu         ] GC(78) User=0.25s Sys=0.00s Real=0.03s
[256.979s][info][gc,start       ] GC(79) Pause Young (Allocation Failure)
[257.009s][info][gc,heap        ] GC(79) PSYoungGen: 2688608K(2689024K)->71680K(2698752K) Eden: 2615296K(2615296K)->0K(2605568K) From: 73312K(73728K)->71680K(93184K)
[257.009s][info][gc,heap        ] GC(79) ParOldGen: 1361374K(5592576K)->1389415K(5592576K)
[257.009s][info][gc,metaspace   ] GC(79) Metaspace: 133992K(135360K)->133992K(135360K) NonClass: 113168K(113920K)->113168K(113920K) Class: 20823K(21440K)->20823K(21440K)
[257.009s][info][gc             ] GC(79) Pause Young (Allocation Failure) 3955M->1426M(8097M) 30.424ms
[257.009s][info][gc,cpu         ] GC(79) User=0.25s Sys=0.00s Real=0.03s
[260.523s][info][gc,start       ] GC(80) Pause Young (Allocation Failure)
[260.547s][info][gc,heap        ] GC(80) PSYoungGen: 2677248K(2698752K)->43984K(2700800K) Eden: 2605568K(2605568K)->0K(2605568K) From: 71680K(93184K)->43984K(95232K)
[260.547s][info][gc,heap        ] GC(80) ParOldGen: 1389415K(5592576K)->1425775K(5592576K)
[260.547s][info][gc,metaspace   ] GC(80) Metaspace: 133996K(135360K)->133996K(135360K) NonClass: 113172K(113920K)->113172K(113920K) Class: 20823K(21440K)->20823K(21440K)
[260.547s][info][gc             ] GC(80) Pause Young (Allocation Failure) 3971M->1435M(8099M) 23.413ms
[260.547s][info][gc,cpu         ] GC(80) User=0.12s Sys=0.00s Real=0.02s
[263.536s][info][gc,start       ] GC(81) Pause Young (Allocation Failure)
[263.569s][info][gc,heap        ] GC(81) PSYoungGen: 2649552K(2700800K)->62240K(2703872K) Eden: 2605568K(2605568K)->0K(2610176K) From: 43984K(95232K)->62240K(93696K)
[263.569s][info][gc,heap        ] GC(81) ParOldGen: 1425775K(5592576K)->1458219K(5592576K)
[263.569s][info][gc,metaspace   ] GC(81) Metaspace: 133996K(135360K)->133996K(135360K) NonClass: 113173K(113920K)->113173K(113920K) Class: 20823K(21440K)->20823K(21440K)
[263.569s][info][gc             ] GC(81) Pause Young (Allocation Failure) 3979M->1484M(8102M) 32.901ms
[263.569s][info][gc,cpu         ] GC(81) User=0.38s Sys=0.00s Real=0.03s
[267.116s][info][gc,start       ] GC(82) Pause Young (Allocation Failure)
[267.147s][info][gc,heap        ] GC(82) PSYoungGen: 2672416K(2703872K)->67760K(2702336K) Eden: 2610176K(2610176K)->0K(2610176K) From: 62240K(93696K)->67760K(92160K)
[267.147s][info][gc,heap        ] GC(82) ParOldGen: 1458219K(5592576K)->1492393K(5592576K)
[267.147s][info][gc,metaspace   ] GC(82) Metaspace: 134003K(135360K)->134003K(135360K) NonClass: 113179K(113920K)->113179K(113920K) Class: 20823K(21440K)->20823K(21440K)
[267.147s][info][gc             ] GC(82) Pause Young (Allocation Failure) 4033M->1523M(8100M) 31.002ms
[267.147s][info][gc,cpu         ] GC(82) User=0.25s Sys=0.00s Real=0.03s
[270.576s][info][gc,start       ] GC(83) Pause Young (Allocation Failure)
[270.600s][info][gc,heap        ] GC(83) PSYoungGen: 2677936K(2702336K)->36560K(2702336K) Eden: 2610176K(2610176K)->0K(2609664K) From: 67760K(92160K)->36560K(92672K)
[270.600s][info][gc,heap        ] GC(83) ParOldGen: 1492393K(5592576K)->1532747K(5592576K)
[270.600s][info][gc,metaspace   ] GC(83) Metaspace: 134003K(135360K)->134003K(135360K) NonClass: 113179K(113920K)->113179K(113920K) Class: 20823K(21440K)->20823K(21440K)
[270.600s][info][gc             ] GC(83) Pause Young (Allocation Failure) 4072M->1532M(8100M) 23.713ms
[270.600s][info][gc,cpu         ] GC(83) User=0.25s Sys=0.00s Real=0.02s
[273.122s][info][gc,start       ] GC(84) Pause Young (Allocation Failure)
[273.159s][info][gc,heap        ] GC(84) PSYoungGen: 2646224K(2702336K)->88576K(2698752K) Eden: 2609664K(2609664K)->0K(2609664K) From: 36560K(92672K)->88576K(89088K)
[273.159s][info][gc,heap        ] GC(84) ParOldGen: 1532747K(5592576K)->1564102K(5592576K)
[273.159s][info][gc,metaspace   ] GC(84) Metaspace: 134022K(135360K)->134022K(135360K) NonClass: 113198K(113920K)->113198K(113920K) Class: 20823K(21440K)->20823K(21440K)
[273.159s][info][gc             ] GC(84) Pause Young (Allocation Failure) 4081M->1613M(8097M) 36.890ms
[273.159s][info][gc,cpu         ] GC(84) User=0.25s Sys=0.00s Real=0.04s
[276.600s][info][gc,start       ] GC(85) Pause Young (Allocation Failure)
[276.631s][info][gc,heap        ] GC(85) PSYoungGen: 2698240K(2698752K)->61824K(2696704K) Eden: 2609664K(2609664K)->0K(2599424K) From: 88576K(89088K)->61824K(97280K)
[276.631s][info][gc,heap        ] GC(85) ParOldGen: 1564102K(5592576K)->1595141K(5592576K)
[276.631s][info][gc,metaspace   ] GC(85) Metaspace: 134030K(135360K)->134030K(135360K) NonClass: 113206K(113920K)->113206K(113920K) Class: 20824K(21440K)->20824K(21440K)
[276.631s][info][gc             ] GC(85) Pause Young (Allocation Failure) 4162M->1618M(8095M) 31.124ms
[276.631s][info][gc,cpu         ] GC(85) User=0.25s Sys=0.00s Real=0.03s
[280.060s][info][gc,start       ] GC(86) Pause Young (Allocation Failure)
[280.087s][info][gc,heap        ] GC(86) PSYoungGen: 2661248K(2696704K)->47776K(2697728K) Eden: 2599424K(2599424K)->0K(2599424K) From: 61824K(97280K)->47776K(98304K)
[280.087s][info][gc,heap        ] GC(86) ParOldGen: 1595141K(5592576K)->1630328K(5592576K)
[280.087s][info][gc,metaspace   ] GC(86) Metaspace: 134051K(135424K)->134051K(135424K) NonClass: 113223K(113984K)->113223K(113984K) Class: 20828K(21440K)->20828K(21440K)
[280.087s][info][gc             ] GC(86) Pause Young (Allocation Failure) 4156M->1638M(8096M) 26.871ms
[280.087s][info][gc,cpu         ] GC(86) User=0.25s Sys=0.00s Real=0.03s
[283.244s][info][gc,start       ] GC(87) Pause Young (Allocation Failure)
[283.273s][info][gc,heap        ] GC(87) PSYoungGen: 2647200K(2697728K)->58320K(2703360K) Eden: 2599424K(2599424K)->0K(2607104K) From: 47776K(98304K)->58320K(96256K)
[283.273s][info][gc,heap        ] GC(87) ParOldGen: 1630328K(5592576K)->1659706K(5592576K)
[283.273s][info][gc,metaspace   ] GC(87) Metaspace: 134051K(135424K)->134051K(135424K) NonClass: 113223K(113984K)->113223K(113984K) Class: 20828K(21440K)->20828K(21440K)
[283.273s][info][gc             ] GC(87) Pause Young (Allocation Failure) 4177M->1677M(8101M) 28.799ms
[283.273s][info][gc,cpu         ] GC(87) User=0.22s Sys=0.03s Real=0.03s
[286.743s][info][gc,start       ] GC(88) Pause Young (Allocation Failure)
[286.776s][info][gc,heap        ] GC(88) PSYoungGen: 2665424K(2703360K)->53664K(2699776K) Eden: 2607104K(2607104K)->0K(2607104K) From: 58320K(96256K)->53664K(92672K)
[286.776s][info][gc,heap        ] GC(88) ParOldGen: 1659706K(5592576K)->1691975K(5592576K)
[286.776s][info][gc,metaspace   ] GC(88) Metaspace: 134052K(135424K)->134052K(135424K) NonClass: 113224K(113984K)->113224K(113984K) Class: 20828K(21440K)->20828K(21440K)
[286.776s][info][gc             ] GC(88) Pause Young (Allocation Failure) 4223M->1704M(8098M) 33.382ms
[286.776s][info][gc,cpu         ] GC(88) User=0.25s Sys=0.00s Real=0.03s
[290.049s][info][gc,start       ] GC(89) Pause Young (Allocation Failure)
[290.074s][info][gc,heap        ] GC(89) PSYoungGen: 2660768K(2699776K)->36192K(2704896K) Eden: 2607104K(2607104K)->0K(2614784K) From: 53664K(92672K)->36192K(90112K)
[290.074s][info][gc,heap        ] GC(89) ParOldGen: 1691975K(5592576K)->1730241K(5592576K)
[290.074s][info][gc,metaspace   ] GC(89) Metaspace: 134078K(135424K)->134078K(135424K) NonClass: 113248K(113984K)->113248K(113984K) Class: 20829K(21440K)->20829K(21440K)
[290.074s][info][gc             ] GC(89) Pause Young (Allocation Failure) 4250M->1725M(8103M) 25.134ms
[290.074s][info][gc,cpu         ] GC(89) User=0.25s Sys=0.00s Real=0.02s
[293.774s][info][gc,start       ] GC(90) Pause Young (Allocation Failure)
[293.802s][info][gc,heap        ] GC(90) PSYoungGen: 2650976K(2704896K)->56704K(2705408K) Eden: 2614784K(2614784K)->0K(2614784K) From: 36192K(90112K)->56704K(90624K)
[293.802s][info][gc,heap        ] GC(90) ParOldGen: 1730241K(5592576K)->1760367K(5592576K)
[293.802s][info][gc,metaspace   ] GC(90) Metaspace: 134082K(135424K)->134082K(135424K) NonClass: 113252K(113984K)->113252K(113984K) Class: 20829K(21440K)->20829K(21440K)
[293.802s][info][gc             ] GC(90) Pause Young (Allocation Failure) 4278M->1774M(8103M) 27.511ms
[293.802s][info][gc,cpu         ] GC(90) User=0.11s Sys=0.02s Real=0.03s
[297.208s][info][gc,start       ] GC(91) Pause Young (Allocation Failure)
[297.240s][info][gc,heap        ] GC(91) PSYoungGen: 2671488K(2705408K)->61600K(2709504K) Eden: 2614784K(2614784K)->0K(2621952K) From: 56704K(90624K)->61600K(87552K)
[297.240s][info][gc,heap        ] GC(91) ParOldGen: 1760367K(5592576K)->1805431K(5592576K)
[297.240s][info][gc,metaspace   ] GC(91) Metaspace: 134084K(135424K)->134084K(135424K) NonClass: 113254K(113984K)->113254K(113984K) Class: 20829K(21440K)->20829K(21440K)
[297.240s][info][gc             ] GC(91) Pause Young (Allocation Failure) 4327M->1823M(8107M) 32.070ms
[297.240s][info][gc,cpu         ] GC(91) User=0.16s Sys=0.09s Real=0.03s
[301.106s][info][gc,start       ] GC(92) Pause Young (Allocation Failure)
[301.136s][info][gc,heap        ] GC(92) PSYoungGen: 2683552K(2709504K)->61856K(2708480K) Eden: 2621952K(2621952K)->0K(2621952K) From: 61600K(87552K)->61856K(86528K)
[301.136s][info][gc,heap        ] GC(92) ParOldGen: 1805431K(5592576K)->1838093K(5592576K)
[301.136s][info][gc,metaspace   ] GC(92) Metaspace: 134086K(135424K)->134086K(135424K) NonClass: 113256K(113984K)->113256K(113984K) Class: 20829K(21440K)->20829K(21440K)
[301.136s][info][gc             ] GC(92) Pause Young (Allocation Failure) 4383M->1855M(8106M) 30.339ms
[301.136s][info][gc,cpu         ] GC(92) User=0.23s Sys=0.02s Real=0.03s
[304.348s][info][gc,start       ] GC(93) Pause Young (Allocation Failure)
[304.377s][info][gc,heap        ] GC(93) PSYoungGen: 2683808K(2708480K)->58272K(2712576K) Eden: 2621952K(2621952K)->0K(2627072K) From: 61856K(86528K)->58272K(85504K)
[304.378s][info][gc,heap        ] GC(93) ParOldGen: 1838093K(5592576K)->1871275K(5592576K)
[304.378s][info][gc,metaspace   ] GC(93) Metaspace: 134086K(135424K)->134086K(135424K) NonClass: 113256K(113984K)->113256K(113984K) Class: 20829K(21440K)->20829K(21440K)
[304.378s][info][gc             ] GC(93) Pause Young (Allocation Failure) 4415M->1884M(8110M) 29.535ms
[304.378s][info][gc,cpu         ] GC(93) User=0.23s Sys=0.02s Real=0.03s
[309.276s][info][gc,start       ] GC(94) Pause Young (Allocation Failure)
[309.307s][info][gc,heap        ] GC(94) PSYoungGen: 2685344K(2712576K)->53376K(2710528K) Eden: 2627072K(2627072K)->0K(2627072K) From: 58272K(85504K)->53376K(83456K)
[309.307s][info][gc,heap        ] GC(94) ParOldGen: 1871275K(5592576K)->1912199K(5592576K)
[309.307s][info][gc,metaspace   ] GC(94) Metaspace: 134126K(135488K)->134126K(135488K) NonClass: 113291K(114048K)->113291K(114048K) Class: 20834K(21440K)->20834K(21440K)
[309.307s][info][gc             ] GC(94) Pause Young (Allocation Failure) 4449M->1919M(8108M) 30.785ms
[309.307s][info][gc,cpu         ] GC(94) User=0.25s Sys=0.00s Real=0.03s
[312.568s][info][gc,start       ] GC(95) Pause Young (Allocation Failure)
[312.604s][info][gc,heap        ] GC(95) PSYoungGen: 2680448K(2710528K)->57768K(2716672K) Eden: 2627072K(2627072K)->0K(2635264K) From: 53376K(83456K)->57768K(81408K)
[312.604s][info][gc,heap        ] GC(95) ParOldGen: 1912199K(5592576K)->1949720K(5592576K)
[312.604s][info][gc,metaspace   ] GC(95) Metaspace: 134130K(135488K)->134130K(135488K) NonClass: 113296K(114048K)->113296K(114048K) Class: 20834K(21440K)->20834K(21440K)
[312.604s][info][gc             ] GC(95) Pause Young (Allocation Failure) 4485M->1960M(8114M) 36.438ms
[312.604s][info][gc,cpu         ] GC(95) User=0.38s Sys=0.00s Real=0.04s
[315.972s][info][gc,start       ] GC(96) Pause Young (Allocation Failure)
[315.998s][info][gc,heap        ] GC(96) PSYoungGen: 2693032K(2716672K)->38880K(2714624K) Eden: 2635264K(2635264K)->0K(2635264K) From: 57768K(81408K)->38880K(79360K)
[315.998s][info][gc,heap        ] GC(96) ParOldGen: 1949720K(5592576K)->1986841K(5592576K)
[315.998s][info][gc,metaspace   ] GC(96) Metaspace: 134130K(135488K)->134130K(135488K) NonClass: 113296K(114048K)->113296K(114048K) Class: 20834K(21440K)->20834K(21440K)
[315.998s][info][gc             ] GC(96) Pause Young (Allocation Failure) 4533M->1978M(8112M) 25.588ms
[315.998s][info][gc,cpu         ] GC(96) User=0.20s Sys=0.05s Real=0.03s
[318.980s][info][gc,start       ] GC(97) Pause Young (Allocation Failure)
[319.016s][info][gc,heap        ] GC(97) PSYoungGen: 2674144K(2714624K)->70048K(2710016K) Eden: 2635264K(2635264K)->0K(2630144K) From: 38880K(79360K)->70048K(79872K)
[319.016s][info][gc,heap        ] GC(97) ParOldGen: 1986841K(5592576K)->2021136K(5592576K)
[319.016s][info][gc,metaspace   ] GC(97) Metaspace: 134223K(135616K)->134223K(135616K) NonClass: 113368K(114176K)->113368K(114176K) Class: 20854K(21440K)->20854K(21440K)
[319.016s][info][gc             ] GC(97) Pause Young (Allocation Failure) 4551M->2042M(8108M) 35.269ms
[319.016s][info][gc,cpu         ] GC(97) User=0.25s Sys=0.00s Real=0.04s
[322.188s][info][gc,start       ] GC(98) Pause Young (Allocation Failure)
[322.219s][info][gc,heap        ] GC(98) PSYoungGen: 2700192K(2710016K)->57440K(2713088K) Eden: 2630144K(2630144K)->0K(2630144K) From: 70048K(79872K)->57440K(82944K)
[322.219s][info][gc,heap        ] GC(98) ParOldGen: 2021138K(5592576K)->2064410K(5592576K)
[322.219s][info][gc,metaspace   ] GC(98) Metaspace: 134226K(135616K)->134226K(135616K) NonClass: 113372K(114176K)->113372K(114176K) Class: 20854K(21440K)->20854K(21440K)
[322.219s][info][gc             ] GC(98) Pause Young (Allocation Failure) 4610M->2072M(8111M) 30.694ms
[322.219s][info][gc,cpu         ] GC(98) User=0.22s Sys=0.03s Real=0.03s
[324.848s][info][gc,start       ] GC(99) Pause Young (Allocation Failure)
[324.881s][info][gc,heap        ] GC(99) PSYoungGen: 2687584K(2713088K)->73968K(2706944K) Eden: 2630144K(2630144K)->0K(2626048K) From: 57440K(82944K)->73968K(80896K)
[324.881s][info][gc,heap        ] GC(99) ParOldGen: 2064410K(5592576K)->2101005K(5592576K)
[324.881s][info][gc,metaspace   ] GC(99) Metaspace: 134233K(135616K)->134233K(135616K) NonClass: 113379K(114176K)->113379K(114176K) Class: 20854K(21440K)->20854K(21440K)
[324.881s][info][gc             ] GC(99) Pause Young (Allocation Failure) 4640M->2123M(8105M) 33.412ms
[324.881s][info][gc,cpu         ] GC(99) User=0.27s Sys=0.00s Real=0.03s
[329.067s][info][gc,start       ] GC(100) Pause Young (Allocation Failure)
[329.095s][info][gc,heap        ] GC(100) PSYoungGen: 2700016K(2706944K)->62592K(2711040K) Eden: 2626048K(2626048K)->0K(2626048K) From: 73968K(80896K)->62592K(84992K)
[329.095s][info][gc,heap        ] GC(100) ParOldGen: 2101005K(5592576K)->2123079K(5592576K)
[329.095s][info][gc,metaspace   ] GC(100) Metaspace: 134239K(135616K)->134239K(135616K) NonClass: 113383K(114176K)->113383K(114176K) Class: 20856K(21440K)->20856K(21440K)
[329.095s][info][gc             ] GC(100) Pause Young (Allocation Failure) 4688M->2134M(8109M) 27.678ms
[329.095s][info][gc,cpu         ] GC(100) User=0.25s Sys=0.00s Real=0.03s
[332.996s][info][gc,start       ] GC(101) Pause Young (Allocation Failure)
[333.019s][info][gc,heap        ] GC(101) PSYoungGen: 2688640K(2711040K)->46824K(2712576K) Eden: 2626048K(2626048K)->0K(2628608K) From: 62592K(84992K)->46824K(83968K)
[333.019s][info][gc,heap        ] GC(101) ParOldGen: 2123079K(5592576K)->2142699K(5592576K)
[333.019s][info][gc,metaspace   ] GC(101) Metaspace: 134449K(135872K)->134449K(135872K) NonClass: 113553K(114368K)->113553K(114368K) Class: 20895K(21504K)->20895K(21504K)
[333.019s][info][gc             ] GC(101) Pause Young (Allocation Failure) 4698M->2138M(8110M) 23.191ms
[333.019s][info][gc,cpu         ] GC(101) User=0.12s Sys=0.00s Real=0.02s
[336.812s][info][gc,start       ] GC(102) Pause Young (Allocation Failure)
[336.842s][info][gc,heap        ] GC(102) PSYoungGen: 2675432K(2712576K)->40384K(2712064K) Eden: 2628608K(2628608K)->0K(2628608K) From: 46824K(83968K)->40384K(83456K)
[336.842s][info][gc,heap        ] GC(102) ParOldGen: 2142699K(5592576K)->2173041K(5592576K)
[336.842s][info][gc,metaspace   ] GC(102) Metaspace: 134451K(135872K)->134451K(135872K) NonClass: 113555K(114368K)->113555K(114368K) Class: 20895K(21504K)->20895K(21504K)
[336.842s][info][gc             ] GC(102) Pause Young (Allocation Failure) 4705M->2161M(8110M) 30.486ms
[336.842s][info][gc,cpu         ] GC(102) User=0.20s Sys=0.05s Real=0.03s
[339.870s][info][gc,start       ] GC(103) Pause Young (Allocation Failure)
[339.907s][info][gc,heap        ] GC(103) PSYoungGen: 2668992K(2712064K)->66064K(2710016K) Eden: 2628608K(2628608K)->0K(2626048K) From: 40384K(83456K)->66064K(83968K)
[339.907s][info][gc,heap        ] GC(103) ParOldGen: 2173041K(5592576K)->2206437K(5592576K)
[339.907s][info][gc,metaspace   ] GC(103) Metaspace: 134458K(135872K)->134458K(135872K) NonClass: 113563K(114368K)->113563K(114368K) Class: 20895K(21504K)->20895K(21504K)
[339.907s][info][gc             ] GC(103) Pause Young (Allocation Failure) 4728M->2219M(8108M) 36.684ms
[339.907s][info][gc,cpu         ] GC(103) User=0.23s Sys=0.02s Real=0.04s
[343.280s][info][gc,start       ] GC(104) Pause Young (Allocation Failure)
[343.315s][info][gc,heap        ] GC(104) PSYoungGen: 2692112K(2710016K)->57296K(2711040K) Eden: 2626048K(2626048K)->0K(2626048K) From: 66064K(83968K)->57296K(84992K)
[343.315s][info][gc,heap        ] GC(104) ParOldGen: 2206437K(5592576K)->2236776K(5592576K)
[343.315s][info][gc,metaspace   ] GC(104) Metaspace: 134462K(135872K)->134462K(135872K) NonClass: 113566K(114368K)->113566K(114368K) Class: 20895K(21504K)->20895K(21504K)
[343.315s][info][gc             ] GC(104) Pause Young (Allocation Failure) 4783M->2240M(8109M) 35.393ms
[343.315s][info][gc,cpu         ] GC(104) User=0.25s Sys=0.00s Real=0.04s
[346.186s][info][gc,start       ] GC(105) Pause Young (Allocation Failure)
[346.229s][info][gc,heap        ] GC(105) PSYoungGen: 2683344K(2711040K)->79296K(2702336K) Eden: 2626048K(2626048K)->0K(2619904K) From: 57296K(84992K)->79296K(82432K)
[346.229s][info][gc,heap        ] GC(105) ParOldGen: 2236776K(5592576K)->2273225K(5592576K)
[346.229s][info][gc,metaspace   ] GC(105) Metaspace: 134465K(135872K)->134465K(135872K) NonClass: 113570K(114368K)->113570K(114368K) Class: 20895K(21504K)->20895K(21504K)
[346.229s][info][gc             ] GC(105) Pause Young (Allocation Failure) 4804M->2297M(8100M) 43.099ms
[346.229s][info][gc,cpu         ] GC(105) User=0.34s Sys=0.03s Real=0.04s
[351.340s][info][gc,start       ] GC(106) Pause Young (Allocation Failure)
[351.371s][info][gc,heap        ] GC(106) PSYoungGen: 2699200K(2702336K)->52192K(2707968K) Eden: 2619904K(2619904K)->0K(2619904K) From: 79296K(82432K)->52192K(88064K)
[351.371s][info][gc,heap        ] GC(106) ParOldGen: 2273225K(5592576K)->2297056K(5592576K)
[351.371s][info][gc,metaspace   ] GC(106) Metaspace: 134474K(135872K)->134474K(135872K) NonClass: 113578K(114368K)->113578K(114368K) Class: 20895K(21504K)->20895K(21504K)
[351.372s][info][gc             ] GC(106) Pause Young (Allocation Failure) 4855M->2294M(8106M) 31.910ms
[351.372s][info][gc,cpu         ] GC(106) User=0.22s Sys=0.03s Real=0.03s
[356.258s][info][gc,start       ] GC(107) Pause Young (Allocation Failure)
[356.284s][info][gc,heap        ] GC(107) PSYoungGen: 2672096K(2707968K)->46803K(2710528K) Eden: 2619904K(2619904K)->0K(2624000K) From: 52192K(88064K)->46803K(86528K)
[356.284s][info][gc,heap        ] GC(107) ParOldGen: 2297056K(5592576K)->2317091K(5592576K)
[356.284s][info][gc,metaspace   ] GC(107) Metaspace: 134583K(135936K)->134583K(135936K) NonClass: 113664K(114432K)->113664K(114432K) Class: 20919K(21504K)->20919K(21504K)
[356.284s][info][gc             ] GC(107) Pause Young (Allocation Failure) 4852M->2308M(8108M) 25.971ms
[356.284s][info][gc,cpu         ] GC(107) User=0.12s Sys=0.00s Real=0.03s
[360.440s][info][gc,start       ] GC(108) Pause Young (Allocation Failure)
[360.480s][info][gc,heap        ] GC(108) PSYoungGen: 2670803K(2710528K)->42624K(2709504K) Eden: 2624000K(2624000K)->0K(2624000K) From: 46803K(86528K)->42624K(85504K)
[360.480s][info][gc,heap        ] GC(108) ParOldGen: 2317091K(5592576K)->2348169K(5592576K)
[360.480s][info][gc,metaspace   ] GC(108) Metaspace: 134589K(135936K)->134589K(135936K) NonClass: 113670K(114432K)->113670K(114432K) Class: 20919K(21504K)->20919K(21504K)
[360.480s][info][gc             ] GC(108) Pause Young (Allocation Failure) 4870M->2334M(8107M) 40.777ms
[360.480s][info][gc,cpu         ] GC(108) User=0.16s Sys=0.22s Real=0.04s
[364.575s][info][gc,start       ] GC(109) Pause Young (Allocation Failure)
[364.622s][info][gc,heap        ] GC(109) PSYoungGen: 2666624K(2709504K)->54384K(2713600K) Eden: 2624000K(2624000K)->0K(2628608K) From: 42624K(85504K)->54384K(84992K)
[364.622s][info][gc,heap        ] GC(109) ParOldGen: 2348169K(5592576K)->2380788K(5592576K)
[364.622s][info][gc,metaspace   ] GC(109) Metaspace: 134752K(136064K)->134752K(136064K) NonClass: 113809K(114560K)->113809K(114560K) Class: 20943K(21504K)->20943K(21504K)
[364.622s][info][gc             ] GC(109) Pause Young (Allocation Failure) 4897M->2378M(8111M) 46.959ms
[364.622s][info][gc,cpu         ] GC(109) User=0.02s Sys=0.36s Real=0.05s
[368.307s][info][gc,start       ] GC(110) Pause Young (Allocation Failure)
[368.339s][info][gc,heap        ] GC(110) PSYoungGen: 2682992K(2713600K)->61792K(2711040K) Eden: 2628608K(2628608K)->0K(2628608K) From: 54384K(84992K)->61792K(82432K)
[368.339s][info][gc,heap        ] GC(110) ParOldGen: 2380788K(5592576K)->2420412K(5592576K)
[368.339s][info][gc,metaspace   ] GC(110) Metaspace: 134773K(136128K)->134773K(136128K) NonClass: 113828K(114624K)->113828K(114624K) Class: 20944K(21504K)->20944K(21504K)
[368.339s][info][gc             ] GC(110) Pause Young (Allocation Failure) 4945M->2424M(8109M) 32.152ms
[368.339s][info][gc,cpu         ] GC(110) User=0.19s Sys=0.06s Real=0.03s
[371.033s][info][gc,start       ] GC(111) Pause Young (Allocation Failure)
[371.072s][info][gc,heap        ] GC(111) PSYoungGen: 2690400K(2711040K)->77520K(2702848K) Eden: 2628608K(2628608K)->0K(2620928K) From: 61792K(82432K)->77520K(81920K)
[371.072s][info][gc,heap        ] GC(111) ParOldGen: 2420412K(5592576K)->2458368K(5592576K)
[371.072s][info][gc,metaspace   ] GC(111) Metaspace: 134773K(136128K)->134773K(136128K) NonClass: 113829K(114624K)->113829K(114624K) Class: 20944K(21504K)->20944K(21504K)
[371.072s][info][gc             ] GC(111) Pause Young (Allocation Failure) 4991M->2476M(8101M) 39.376ms
[371.072s][info][gc,cpu         ] GC(111) User=0.34s Sys=0.03s Real=0.04s
[374.228s][info][gc,start       ] GC(112) Pause Young (Allocation Failure)
[374.274s][info][gc,heap        ] GC(112) PSYoungGen: 2698448K(2702848K)->82976K(2704384K) Eden: 2620928K(2620928K)->0K(2620928K) From: 77520K(81920K)->82976K(83456K)
[374.274s][info][gc,heap        ] GC(112) ParOldGen: 2458368K(5592576K)->2482490K(5592576K)
[374.274s][info][gc,metaspace   ] GC(112) Metaspace: 134774K(136128K)->134774K(136128K) NonClass: 113830K(114624K)->113830K(114624K) Class: 20944K(21504K)->20944K(21504K)
[374.274s][info][gc             ] GC(112) Pause Young (Allocation Failure) 5035M->2505M(8102M) 45.713ms
[374.274s][info][gc,cpu         ] GC(112) User=0.38s Sys=0.00s Real=0.05s
[378.940s][info][gc,start       ] GC(113) Pause Young (Allocation Failure)
[378.964s][info][gc,heap        ] GC(113) PSYoungGen: 2703904K(2704384K)->39008K(2699264K) Eden: 2620928K(2620928K)->0K(2607616K) From: 82976K(83456K)->39008K(91648K)
[378.964s][info][gc,heap        ] GC(113) ParOldGen: 2482490K(5592576K)->2504887K(5592576K)
[378.964s][info][gc,metaspace   ] GC(113) Metaspace: 134789K(136128K)->134789K(136128K) NonClass: 113842K(114624K)->113842K(114624K) Class: 20947K(21504K)->20947K(21504K)
[378.964s][info][gc             ] GC(113) Pause Young (Allocation Failure) 5064M->2484M(8097M) 23.744ms
[378.964s][info][gc,cpu         ] GC(113) User=0.23s Sys=0.02s Real=0.02s
[383.228s][info][gc,start       ] GC(114) Pause Young (Allocation Failure)
[383.254s][info][gc,heap        ] GC(114) PSYoungGen: 2646624K(2699264K)->40240K(2701824K) Eden: 2607616K(2607616K)->0K(2607616K) From: 39008K(91648K)->40240K(94208K)
[383.254s][info][gc,heap        ] GC(114) ParOldGen: 2504887K(5592576K)->2528993K(5592576K)
[383.254s][info][gc,metaspace   ] GC(114) Metaspace: 134842K(136256K)->134842K(136256K) NonClass: 113889K(114688K)->113889K(114688K) Class: 20953K(21568K)->20953K(21568K)
[383.254s][info][gc             ] GC(114) Pause Young (Allocation Failure) 5030M->2509M(8100M) 26.171ms
[383.254s][info][gc,cpu         ] GC(114) User=0.12s Sys=0.00s Real=0.03s
[386.634s][info][gc,start       ] GC(115) Pause Young (Allocation Failure)
[386.676s][info][gc,heap        ] GC(115) PSYoungGen: 2647856K(2701824K)->46336K(2704384K) Eden: 2607616K(2607616K)->0K(2610688K) From: 40240K(94208K)->46336K(93696K)
[386.676s][info][gc,heap        ] GC(115) ParOldGen: 2528993K(5592576K)->2563495K(5592576K)
[386.676s][info][gc,metaspace   ] GC(115) Metaspace: 134846K(136256K)->134846K(136256K) NonClass: 113892K(114688K)->113892K(114688K) Class: 20953K(21568K)->20953K(21568K)
[386.676s][info][gc             ] GC(115) Pause Young (Allocation Failure) 5055M->2548M(8102M) 41.958ms
[386.676s][info][gc,cpu         ] GC(115) User=0.19s Sys=0.06s Real=0.04s
[391.452s][info][gc,start       ] GC(116) Pause Young (Allocation Failure)
[391.502s][info][gc,heap        ] GC(116) PSYoungGen: 2657024K(2704384K)->45088K(2702336K) Eden: 2610688K(2610688K)->0K(2610688K) From: 46336K(93696K)->45088K(91648K)
[391.502s][info][gc,heap        ] GC(116) ParOldGen: 2563495K(5592576K)->2601532K(5592576K)
[391.502s][info][gc,metaspace   ] GC(116) Metaspace: 134851K(136256K)->134851K(136256K) NonClass: 113897K(114688K)->113897K(114688K) Class: 20953K(21568K)->20953K(21568K)
[391.502s][info][gc             ] GC(116) Pause Young (Allocation Failure) 5098M->2584M(8100M) 49.410ms
[391.502s][info][gc,cpu         ] GC(116) User=0.16s Sys=0.22s Real=0.05s
[394.721s][info][gc,start       ] GC(117) Pause Young (Allocation Failure)
[394.774s][info][gc,heap        ] GC(117) PSYoungGen: 2655776K(2702336K)->65152K(2704896K) Eden: 2610688K(2610688K)->0K(2614784K) From: 45088K(91648K)->65152K(90112K)
[394.774s][info][gc,heap        ] GC(117) ParOldGen: 2601532K(5592576K)->2640337K(5592576K)
[394.774s][info][gc,metaspace   ] GC(117) Metaspace: 134854K(136256K)->134854K(136256K) NonClass: 113900K(114688K)->113900K(114688K) Class: 20953K(21568K)->20953K(21568K)
[394.774s][info][gc             ] GC(117) Pause Young (Allocation Failure) 5134M->2642M(8103M) 53.305ms
[394.774s][info][gc,cpu         ] GC(117) User=0.22s Sys=0.22s Real=0.05s
[397.732s][info][gc,start       ] GC(118) Pause Young (Allocation Failure)
[397.793s][info][gc,heap        ] GC(118) PSYoungGen: 2679936K(2704896K)->68560K(2683392K) Eden: 2614784K(2614784K)->0K(2614784K) From: 65152K(90112K)->68560K(68608K)
[397.793s][info][gc,heap        ] GC(118) ParOldGen: 2640337K(5592576K)->2683791K(5592576K)
[397.793s][info][gc,metaspace   ] GC(118) Metaspace: 134856K(136256K)->134856K(136256K) NonClass: 113902K(114688K)->113902K(114688K) Class: 20953K(21568K)->20953K(21568K)
[397.793s][info][gc             ] GC(118) Pause Young (Allocation Failure) 5195M->2687M(8082M) 61.728ms
[397.793s][info][gc,cpu         ] GC(118) User=0.22s Sys=0.28s Real=0.06s
[400.945s][info][gc,start       ] GC(119) Pause Young (Allocation Failure)
[401.013s][info][gc,heap        ] GC(119) PSYoungGen: 2683344K(2683392K)->89600K(2686976K) Eden: 2614784K(2614784K)->0K(2595328K) From: 68560K(68608K)->89600K(91648K)
[401.013s][info][gc,heap        ] GC(119) ParOldGen: 2683791K(5592576K)->2721627K(5592576K)
[401.013s][info][gc,metaspace   ] GC(119) Metaspace: 134868K(136256K)->134868K(136256K) NonClass: 113914K(114688K)->113914K(114688K) Class: 20953K(21568K)->20953K(21568K)
[401.013s][info][gc             ] GC(119) Pause Young (Allocation Failure) 5241M->2745M(8085M) 68.098ms
[401.013s][info][gc,cpu         ] GC(119) User=0.17s Sys=0.33s Real=0.07s
[403.760s][info][gc,start       ] GC(120) Pause Young (Allocation Failure)
[403.803s][info][gc,heap        ] GC(120) PSYoungGen: 2684928K(2686976K)->63072K(2695680K) Eden: 2595328K(2595328K)->0K(2595328K) From: 89600K(91648K)->63072K(100352K)
[403.803s][info][gc,heap        ] GC(120) ParOldGen: 2721627K(5592576K)->2749835K(5592576K)
[403.803s][info][gc,metaspace   ] GC(120) Metaspace: 134869K(136256K)->134869K(136256K) NonClass: 113915K(114688K)->113915K(114688K) Class: 20953K(21568K)->20953K(21568K)
[403.803s][info][gc             ] GC(120) Pause Young (Allocation Failure) 5279M->2746M(8094M) 42.820ms
[403.803s][info][gc,cpu         ] GC(120) User=0.14s Sys=0.12s Real=0.04s
[407.532s][info][gc,start       ] GC(121) Pause Young (Allocation Failure)
[407.576s][info][gc,heap        ] GC(121) PSYoungGen: 2658400K(2695680K)->48256K(2700288K) Eden: 2595328K(2595328K)->0K(2603008K) From: 63072K(100352K)->48256K(97280K)
[407.576s][info][gc,heap        ] GC(121) ParOldGen: 2749835K(5592576K)->2782100K(5592576K)
[407.576s][info][gc,metaspace   ] GC(121) Metaspace: 134871K(136256K)->134871K(136256K) NonClass: 113917K(114688K)->113917K(114688K) Class: 20953K(21568K)->20953K(21568K)
[407.576s][info][gc             ] GC(121) Pause Young (Allocation Failure) 5281M->2764M(8098M) 44.024ms
[407.576s][info][gc,cpu         ] GC(121) User=0.12s Sys=0.25s Real=0.04s
[410.976s][info][gc,start       ] GC(122) Pause Young (Allocation Failure)
[411.000s][info][gc,heap        ] GC(122) PSYoungGen: 2651264K(2700288K)->36704K(2698752K) Eden: 2603008K(2603008K)->0K(2603008K) From: 48256K(97280K)->36704K(95744K)
[411.000s][info][gc,heap        ] GC(122) ParOldGen: 2782100K(5592576K)->2819258K(5592576K)
[411.000s][info][gc,metaspace   ] GC(122) Metaspace: 134874K(136256K)->134874K(136256K) NonClass: 113920K(114688K)->113920K(114688K) Class: 20953K(21568K)->20953K(21568K)
[411.000s][info][gc             ] GC(122) Pause Young (Allocation Failure) 5306M->2789M(8097M) 24.649ms
[411.000s][info][gc,cpu         ] GC(122) User=0.11s Sys=0.02s Real=0.02s
[414.294s][info][gc,start       ] GC(123) Pause Young (Allocation Failure)
[414.334s][info][gc,heap        ] GC(123) PSYoungGen: 2639712K(2698752K)->67200K(2700288K) Eden: 2603008K(2603008K)->0K(2604032K) From: 36704K(95744K)->67200K(96256K)
[414.334s][info][gc,heap        ] GC(123) ParOldGen: 2819258K(5592576K)->2850319K(5592576K)
[414.334s][info][gc,metaspace   ] GC(123) Metaspace: 134875K(136256K)->134875K(136256K) NonClass: 113921K(114688K)->113921K(114688K) Class: 20953K(21568K)->20953K(21568K)
[414.334s][info][gc             ] GC(123) Pause Young (Allocation Failure) 5331M->2849M(8098M) 39.431ms
[414.334s][info][gc,cpu         ] GC(123) User=0.25s Sys=0.00s Real=0.04s
[417.220s][info][gc,start       ] GC(124) Pause Young (Allocation Failure)
[417.273s][info][gc,heap        ] GC(124) PSYoungGen: 2671232K(2700288K)->55200K(2699776K) Eden: 2604032K(2604032K)->0K(2604032K) From: 67200K(96256K)->55200K(95744K)
[417.273s][info][gc,heap        ] GC(124) ParOldGen: 2850319K(5592576K)->2891651K(5592576K)
[417.273s][info][gc,metaspace   ] GC(124) Metaspace: 134894K(136256K)->134894K(136256K) NonClass: 113940K(114688K)->113940K(114688K) Class: 20953K(21568K)->20953K(21568K)
[417.273s][info][gc             ] GC(124) Pause Young (Allocation Failure) 5392M->2877M(8098M) 53.048ms
[417.273s][info][gc,cpu         ] GC(124) User=0.16s Sys=0.25s Real=0.05s
[419.636s][info][gc,start       ] GC(125) Pause Young (Allocation Failure)
[419.693s][info][gc,heap        ] GC(125) PSYoungGen: 2659232K(2699776K)->88016K(2688000K) Eden: 2604032K(2604032K)->0K(2595328K) From: 55200K(95744K)->88016K(92672K)
[419.693s][info][gc,heap        ] GC(125) ParOldGen: 2891651K(5592576K)->2928643K(5592576K)
[419.693s][info][gc,metaspace   ] GC(125) Metaspace: 134897K(136256K)->134897K(136256K) NonClass: 113943K(114688K)->113943K(114688K) Class: 20953K(21568K)->20953K(21568K)
[419.693s][info][gc             ] GC(125) Pause Young (Allocation Failure) 5420M->2945M(8086M) 57.396ms
[419.693s][info][gc,cpu         ] GC(125) User=0.20s Sys=0.17s Real=0.06s
[422.520s][info][gc,start       ] GC(126) Pause Young (GCLocker Initiated GC)
[422.582s][info][gc,heap        ] GC(126) PSYoungGen: 2683344K(2688000K)->74080K(2669568K) Eden: 2595328K(2595328K)->0K(2595328K) From: 88016K(92672K)->74080K(74240K)
[422.582s][info][gc,heap        ] GC(126) ParOldGen: 2928645K(5592576K)->2968980K(5592576K)
[422.582s][info][gc,metaspace   ] GC(126) Metaspace: 134899K(136256K)->134899K(136256K) NonClass: 113945K(114688K)->113945K(114688K) Class: 20953K(21568K)->20953K(21568K)
[422.582s][info][gc             ] GC(126) Pause Young (GCLocker Initiated GC) 5480M->2971M(8068M) 61.991ms
[422.582s][info][gc,cpu         ] GC(126) User=0.33s Sys=0.17s Real=0.06s
[426.476s][info][gc,start       ] GC(127) Pause Young (Allocation Failure)
[426.511s][info][gc,heap        ] GC(127) PSYoungGen: 2669408K(2669568K)->41280K(2695168K) Eden: 2595328K(2595328K)->0K(2593792K) From: 74080K(74240K)->41280K(101376K)
[426.511s][info][gc,heap        ] GC(127) ParOldGen: 2968983K(5592576K)->2994039K(5592576K)
[426.511s][info][gc,metaspace   ] GC(127) Metaspace: 134913K(136256K)->134913K(136256K) NonClass: 113959K(114688K)->113959K(114688K) Class: 20954K(21568K)->20954K(21568K)
[426.511s][info][gc             ] GC(127) Pause Young (Allocation Failure) 5506M->2964M(8093M) 34.644ms
[426.511s][info][gc,cpu         ] GC(127) User=0.14s Sys=0.11s Real=0.03s
[429.908s][info][gc,start       ] GC(128) Pause Young (Allocation Failure)
[429.952s][info][gc,heap        ] GC(128) PSYoungGen: 2635072K(2695168K)->46336K(2694656K) Eden: 2593792K(2593792K)->0K(2593792K) From: 41280K(101376K)->46336K(100864K)
[429.952s][info][gc,heap        ] GC(128) ParOldGen: 2994039K(5592576K)->3023486K(5592576K)
[429.952s][info][gc,metaspace   ] GC(128) Metaspace: 134914K(136256K)->134914K(136256K) NonClass: 113959K(114688K)->113959K(114688K) Class: 20954K(21568K)->20954K(21568K)
[429.952s][info][gc             ] GC(128) Pause Young (Allocation Failure) 5497M->2997M(8093M) 43.968ms
[429.952s][info][gc,cpu         ] GC(128) User=0.19s Sys=0.19s Real=0.04s
[433.272s][info][gc,start       ] GC(129) Pause Young (Allocation Failure)
[433.317s][info][gc,heap        ] GC(129) PSYoungGen: 2640128K(2694656K)->40192K(2697728K) Eden: 2593792K(2593792K)->0K(2598400K) From: 46336K(100864K)->40192K(99328K)
[433.317s][info][gc,heap        ] GC(129) ParOldGen: 3023486K(5592576K)->3060118K(5592576K)
[433.317s][info][gc,metaspace   ] GC(129) Metaspace: 134916K(136320K)->134916K(136320K) NonClass: 113961K(114752K)->113961K(114752K) Class: 20954K(21568K)->20954K(21568K)
[433.318s][info][gc             ] GC(129) Pause Young (Allocation Failure) 5530M->3027M(8096M) 45.495ms
[433.318s][info][gc,cpu         ] GC(129) User=0.06s Sys=0.19s Real=0.05s
[436.667s][info][gc,start       ] GC(130) Pause Young (Allocation Failure)
[436.721s][info][gc,heap        ] GC(130) PSYoungGen: 2638592K(2697728K)->56544K(2696704K) Eden: 2598400K(2598400K)->0K(2598400K) From: 40192K(99328K)->56544K(98304K)
[436.721s][info][gc,heap        ] GC(130) ParOldGen: 3060118K(5592576K)->3095186K(5592576K)
[436.721s][info][gc,metaspace   ] GC(130) Metaspace: 134916K(136320K)->134916K(136320K) NonClass: 113961K(114752K)->113961K(114752K) Class: 20954K(21568K)->20954K(21568K)
[436.721s][info][gc             ] GC(130) Pause Young (Allocation Failure) 5565M->3077M(8095M) 53.265ms
[436.721s][info][gc,cpu         ] GC(130) User=0.12s Sys=0.25s Real=0.05s
[439.647s][info][gc,start       ] GC(131) Pause Young (GCLocker Initiated GC)
[439.695s][info][gc,heap        ] GC(131) PSYoungGen: 2654944K(2696704K)->82464K(2690560K) Eden: 2598400K(2598400K)->0K(2596352K) From: 56544K(98304K)->82464K(94208K)
[439.695s][info][gc,heap        ] GC(131) ParOldGen: 3095188K(5592576K)->3139843K(5592576K)
[439.695s][info][gc,metaspace   ] GC(131) Metaspace: 134916K(136320K)->134916K(136320K) NonClass: 113962K(114752K)->113962K(114752K) Class: 20954K(21568K)->20954K(21568K)
[439.695s][info][gc             ] GC(131) Pause Young (GCLocker Initiated GC) 5615M->3146M(8089M) 48.144ms
[439.695s][info][gc,cpu         ] GC(131) User=0.16s Sys=0.17s Real=0.05s
[442.158s][info][gc,start       ] GC(132) Pause Young (Allocation Failure)
[442.229s][info][gc,heap        ] GC(132) PSYoungGen: 2678816K(2690560K)->85792K(2682368K) Eden: 2596352K(2596352K)->0K(2596352K) From: 82464K(94208K)->85792K(86016K)
[442.229s][info][gc,heap        ] GC(132) ParOldGen: 3139846K(5592576K)->3189087K(5592576K)
[442.229s][info][gc,metaspace   ] GC(132) Metaspace: 134916K(136320K)->134916K(136320K) NonClass: 113962K(114752K)->113962K(114752K) Class: 20954K(21568K)->20954K(21568K)
[442.229s][info][gc             ] GC(132) Pause Young (Allocation Failure) 5682M->3198M(8081M) 71.383ms
[442.229s][info][gc,cpu         ] GC(132) User=0.23s Sys=0.33s Real=0.07s
[445.524s][info][gc,start       ] GC(133) Pause Young (Allocation Failure)
[445.564s][info][gc,heap        ] GC(133) PSYoungGen: 2682144K(2682368K)->46144K(2692096K) Eden: 2596352K(2596352K)->0K(2586112K) From: 85792K(86016K)->46144K(105984K)
[445.564s][info][gc,heap        ] GC(133) ParOldGen: 3189087K(5592576K)->3214849K(5592576K)
[445.564s][info][gc,metaspace   ] GC(133) Metaspace: 134919K(136320K)->134919K(136320K) NonClass: 113964K(114752K)->113964K(114752K) Class: 20954K(21568K)->20954K(21568K)
[445.564s][info][gc             ] GC(133) Pause Young (Allocation Failure) 5733M->3184M(8090M) 39.360ms
[445.564s][info][gc,cpu         ] GC(133) User=0.14s Sys=0.11s Real=0.04s
[449.580s][info][gc,start       ] GC(134) Pause Young (Allocation Failure)
[449.620s][info][gc,heap        ] GC(134) PSYoungGen: 2632256K(2692096K)->43840K(2690048K) Eden: 2586112K(2586112K)->0K(2586112K) From: 46144K(105984K)->43840K(103936K)
[449.620s][info][gc,heap        ] GC(134) ParOldGen: 3214849K(5592576K)->3242536K(5592576K)
[449.620s][info][gc,metaspace   ] GC(134) Metaspace: 134922K(136320K)->134922K(136320K) NonClass: 113968K(114752K)->113968K(114752K) Class: 20954K(21568K)->20954K(21568K)
[449.620s][info][gc             ] GC(134) Pause Young (Allocation Failure) 5710M->3209M(8088M) 40.166ms
[449.620s][info][gc,cpu         ] GC(134) User=0.17s Sys=0.20s Real=0.04s
[453.132s][info][gc,start       ] GC(135) Pause Young (GCLocker Initiated GC)
[453.187s][info][gc,heap        ] GC(135) PSYoungGen: 2629952K(2690048K)->37920K(2694144K) Eden: 2586112K(2586112K)->0K(2591744K) From: 43840K(103936K)->37920K(102400K)
[453.187s][info][gc,heap        ] GC(135) ParOldGen: 3242536K(5592576K)->3282650K(5592576K)
[453.187s][info][gc,metaspace   ] GC(135) Metaspace: 134940K(136320K)->134940K(136320K) NonClass: 113985K(114752K)->113985K(114752K) Class: 20954K(21568K)->20954K(21568K)
[453.187s][info][gc             ] GC(135) Pause Young (GCLocker Initiated GC) 5734M->3242M(8092M) 55.320ms
[453.187s][info][gc,cpu         ] GC(135) User=0.11s Sys=0.27s Real=0.06s
[456.332s][info][gc,start       ] GC(136) Pause Young (Allocation Failure)
[456.384s][info][gc,heap        ] GC(136) PSYoungGen: 2629664K(2694144K)->67232K(2693632K) Eden: 2591744K(2591744K)->0K(2591744K) From: 37920K(102400K)->67232K(101888K)
[456.384s][info][gc,heap        ] GC(136) ParOldGen: 3282690K(5592576K)->3315811K(5592576K)
[456.384s][info][gc,metaspace   ] GC(136) Metaspace: 135001K(136384K)->135001K(136384K) NonClass: 114038K(114816K)->114038K(114816K) Class: 20962K(21568K)->20962K(21568K)
[456.384s][info][gc             ] GC(136) Pause Young (Allocation Failure) 5773M->3303M(8092M) 52.078ms
[456.384s][info][gc,cpu         ] GC(136) User=0.30s Sys=0.20s Real=0.05s
[459.459s][info][gc,start       ] GC(137) Pause Young (Allocation Failure)
[459.535s][info][gc,heap        ] GC(137) PSYoungGen: 2658976K(2693632K)->60304K(2698240K) Eden: 2591744K(2591744K)->0K(2596864K) From: 67232K(101888K)->60304K(101376K)
[459.535s][info][gc,heap        ] GC(137) ParOldGen: 3315811K(5592576K)->3359461K(5592576K)
[459.535s][info][gc,metaspace   ] GC(137) Metaspace: 135007K(136384K)->135007K(136384K) NonClass: 114044K(114816K)->114044K(114816K) Class: 20962K(21568K)->20962K(21568K)
[459.535s][info][gc             ] GC(137) Pause Young (Allocation Failure) 5834M->3339M(8096M) 76.259ms
[459.535s][info][gc,cpu         ] GC(137) User=0.28s Sys=0.22s Real=0.08s
[462.231s][info][gc,start       ] GC(138) Pause Young (Allocation Failure)
[462.291s][info][gc,heap        ] GC(138) PSYoungGen: 2657168K(2698240K)->77760K(2694656K) Eden: 2596864K(2596864K)->0K(2596864K) From: 60304K(101376K)->77760K(97792K)
[462.291s][info][gc,heap        ] GC(138) ParOldGen: 3359461K(5592576K)->3399413K(5592576K)
[462.291s][info][gc,metaspace   ] GC(138) Metaspace: 135011K(136384K)->135011K(136384K) NonClass: 114049K(114816K)->114049K(114816K) Class: 20962K(21568K)->20962K(21568K)
[462.291s][info][gc             ] GC(138) Pause Young (Allocation Failure) 5875M->3395M(8093M) 59.316ms
[462.291s][info][gc,cpu         ] GC(138) User=0.25s Sys=0.16s Real=0.06s
[464.840s][info][gc,start       ] GC(139) Pause Young (GCLocker Initiated GC)
[464.906s][info][gc,heap        ] GC(139) PSYoungGen: 2674624K(2694656K)->81984K(2686464K) Eden: 2596864K(2596864K)->0K(2585088K) From: 77760K(97792K)->81984K(101376K)
[464.906s][info][gc,heap        ] GC(139) ParOldGen: 3399413K(5592576K)->3431500K(5592576K)
[464.906s][info][gc,metaspace   ] GC(139) Metaspace: 135015K(136384K)->135015K(136384K) NonClass: 114052K(114816K)->114052K(114816K) Class: 20962K(21568K)->20962K(21568K)
[464.906s][info][gc             ] GC(139) Pause Young (GCLocker Initiated GC) 5931M->3431M(8085M) 66.506ms
[464.906s][info][gc,cpu         ] GC(139) User=0.19s Sys=0.31s Real=0.07s
[468.336s][info][gc,start       ] GC(140) Pause Young (Allocation Failure)
[468.386s][info][gc,heap        ] GC(140) PSYoungGen: 2667072K(2686464K)->46456K(2690560K) Eden: 2585088K(2585088K)->0K(2585088K) From: 81984K(101376K)->46456K(105472K)
[468.386s][info][gc,heap        ] GC(140) ParOldGen: 3431502K(5592576K)->3465149K(5592576K)
[468.386s][info][gc,metaspace   ] GC(140) Metaspace: 135016K(136384K)->135016K(136384K) NonClass: 114053K(114816K)->114053K(114816K) Class: 20962K(21568K)->20962K(21568K)
[468.386s][info][gc             ] GC(140) Pause Young (Allocation Failure) 5955M->3429M(8089M) 49.836ms
[468.386s][info][gc,cpu         ] GC(140) User=0.08s Sys=0.25s Real=0.05s
[472.351s][info][gc,start       ] GC(141) Pause Young (GCLocker Initiated GC)
[472.407s][info][gc,heap        ] GC(141) PSYoungGen: 2631544K(2690560K)->49728K(2694656K) Eden: 2585088K(2585088K)->0K(2591232K) From: 46456K(105472K)->49728K(103424K)
[472.407s][info][gc,heap        ] GC(141) ParOldGen: 3465168K(5592576K)->3495813K(5592576K)
[472.407s][info][gc,metaspace   ] GC(141) Metaspace: 135016K(136384K)->135016K(136384K) NonClass: 114054K(114816K)->114054K(114816K) Class: 20962K(21568K)->20962K(21568K)
[472.407s][info][gc             ] GC(141) Pause Young (GCLocker Initiated GC) 5953M->3462M(8093M) 55.693ms
[472.407s][info][gc,cpu         ] GC(141) User=0.14s Sys=0.23s Real=0.06s
[477.439s][info][gc,start       ] GC(142) Pause Young (Allocation Failure)
[477.507s][info][gc,heap        ] GC(142) PSYoungGen: 2640960K(2694656K)->49600K(2692608K) Eden: 2591232K(2591232K)->0K(2591232K) From: 49728K(103424K)->49600K(101376K)
[477.507s][info][gc,heap        ] GC(142) ParOldGen: 3495815K(5592576K)->3535549K(5592576K)
[477.508s][info][gc,metaspace   ] GC(142) Metaspace: 135022K(136384K)->135022K(136384K) NonClass: 114059K(114816K)->114059K(114816K) Class: 20962K(21568K)->20962K(21568K)
[477.510s][info][gc             ] GC(142) Pause Young (Allocation Failure) 5992M->3501M(8091M) 70.582ms
[477.510s][info][gc,cpu         ] GC(142) User=0.23s Sys=0.25s Real=0.07s
[481.077s][info][gc,start       ] GC(143) Pause Young (GCLocker Initiated GC)
[481.133s][info][gc,heap        ] GC(143) PSYoungGen: 2640832K(2692608K)->43520K(2698752K) Eden: 2591232K(2591232K)->0K(2599936K) From: 49600K(101376K)->43520K(98816K)
[481.133s][info][gc,heap        ] GC(143) ParOldGen: 3535565K(5592576K)->3571975K(5592576K)
[481.133s][info][gc,metaspace   ] GC(143) Metaspace: 135025K(136384K)->135025K(136384K) NonClass: 114062K(114816K)->114062K(114816K) Class: 20962K(21568K)->20962K(21568K)
[481.133s][info][gc             ] GC(143) Pause Young (GCLocker Initiated GC) 6031M->3530M(8097M) 55.733ms
[481.133s][info][gc,cpu         ] GC(143) User=0.12s Sys=0.27s Real=0.06s
[484.515s][info][gc,start       ] GC(144) Pause Young (Allocation Failure)
[484.564s][info][gc,heap        ] GC(144) PSYoungGen: 2643456K(2698752K)->47072K(2697216K) Eden: 2599936K(2599936K)->0K(2599936K) From: 43520K(98816K)->47072K(97280K)
[484.564s][info][gc,heap        ] GC(144) ParOldGen: 3571976K(5592576K)->3603994K(5592576K)
[484.564s][info][gc,metaspace   ] GC(144) Metaspace: 135029K(136384K)->135029K(136384K) NonClass: 114065K(114816K)->114065K(114816K) Class: 20963K(21568K)->20963K(21568K)
[484.564s][info][gc             ] GC(144) Pause Young (Allocation Failure) 6069M->3565M(8095M) 49.304ms
[484.564s][info][gc,cpu         ] GC(144) User=0.09s Sys=0.28s Real=0.05s
[487.932s][info][gc,start       ] GC(145) Pause Young (Allocation Failure)
[487.991s][info][gc,heap        ] GC(145) PSYoungGen: 2647008K(2697216K)->90800K(2683392K) Eden: 2599936K(2599936K)->0K(2588160K) From: 47072K(97280K)->90800K(95232K)
[487.991s][info][gc,heap        ] GC(145) ParOldGen: 3603994K(5592576K)->3641206K(5592576K)
[487.991s][info][gc,metaspace   ] GC(145) Metaspace: 135035K(136384K)->135035K(136384K) NonClass: 114071K(114816K)->114071K(114816K) Class: 20963K(21568K)->20963K(21568K)
[487.991s][info][gc             ] GC(145) Pause Young (Allocation Failure) 6104M->3644M(8082M) 59.805ms
[487.991s][info][gc,cpu         ] GC(145) User=0.27s Sys=0.23s Real=0.06s
[491.591s][info][gc,start       ] GC(146) Pause Young (Allocation Failure)
[491.639s][info][gc,heap        ] GC(146) PSYoungGen: 2678960K(2683392K)->70688K(2692096K) Eden: 2588160K(2588160K)->0K(2588160K) From: 90800K(95232K)->70688K(103936K)
[491.639s][info][gc,heap        ] GC(146) ParOldGen: 3641206K(5592576K)->3669909K(5592576K)
[491.639s][info][gc,metaspace   ] GC(146) Metaspace: 135037K(136384K)->135037K(136384K) NonClass: 114074K(114816K)->114074K(114816K) Class: 20963K(21568K)->20963K(21568K)
[491.639s][info][gc             ] GC(146) Pause Young (Allocation Failure) 6172M->3652M(8090M) 47.991ms
[491.639s][info][gc,cpu         ] GC(146) User=0.17s Sys=0.20s Real=0.05s
[495.088s][info][gc,start       ] GC(147) Pause Young (Allocation Failure)
[495.149s][info][gc,heap        ] GC(147) PSYoungGen: 2658848K(2692096K)->67280K(2694144K) Eden: 2588160K(2588160K)->0K(2590208K) From: 70688K(103936K)->67280K(103936K)
[495.149s][info][gc,heap        ] GC(147) ParOldGen: 3669909K(5592576K)->3707696K(5592576K)
[495.150s][info][gc,metaspace   ] GC(147) Metaspace: 135037K(136384K)->135037K(136384K) NonClass: 114074K(114816K)->114074K(114816K) Class: 20963K(21568K)->20963K(21568K)
[495.150s][info][gc             ] GC(147) Pause Young (Allocation Failure) 6180M->3686M(8092M) 61.216ms
[495.150s][info][gc,cpu         ] GC(147) User=0.11s Sys=0.39s Real=0.06s
[498.492s][info][gc,start       ] GC(148) Pause Young (Allocation Failure)
[498.541s][info][gc,heap        ] GC(148) PSYoungGen: 2657488K(2694144K)->48112K(2692096K) Eden: 2590208K(2590208K)->0K(2590208K) From: 67280K(103936K)->48112K(101888K)
[498.541s][info][gc,heap        ] GC(148) ParOldGen: 3707696K(5592576K)->3742002K(5592576K)
[498.541s][info][gc,metaspace   ] GC(148) Metaspace: 135044K(136384K)->135044K(136384K) NonClass: 114080K(114816K)->114080K(114816K) Class: 20963K(21568K)->20963K(21568K)
[498.541s][info][gc             ] GC(148) Pause Young (Allocation Failure) 6216M->3701M(8090M) 49.641ms
[498.541s][info][gc,cpu         ] GC(148) User=0.09s Sys=0.28s Real=0.05s
[502.268s][info][gc,start       ] GC(149) Pause Young (Allocation Failure)
[502.313s][info][gc,heap        ] GC(149) PSYoungGen: 2638320K(2692096K)->45440K(2697216K) Eden: 2590208K(2590208K)->0K(2597376K) From: 48112K(101888K)->45440K(99840K)
[502.313s][info][gc,heap        ] GC(149) ParOldGen: 3742002K(5592576K)->3771432K(5592576K)
[502.313s][info][gc,metaspace   ] GC(149) Metaspace: 135044K(136384K)->135044K(136384K) NonClass: 114080K(114816K)->114080K(114816K) Class: 20963K(21568K)->20963K(21568K)
[502.313s][info][gc             ] GC(149) Pause Young (Allocation Failure) 6230M->3727M(8095M) 44.846ms
[502.313s][info][gc,cpu         ] GC(149) User=0.17s Sys=0.20s Real=0.04s
[505.564s][info][gc,start       ] GC(150) Pause Young (Allocation Failure)
[505.618s][info][gc,heap        ] GC(150) PSYoungGen: 2642816K(2697216K)->49760K(2696192K) Eden: 2597376K(2597376K)->0K(2597376K) From: 45440K(99840K)->49760K(98816K)
[505.618s][info][gc,heap        ] GC(150) ParOldGen: 3771432K(5592576K)->3806768K(5592576K)
[505.618s][info][gc,metaspace   ] GC(150) Metaspace: 135099K(136512K)->135099K(136512K) NonClass: 114135K(114944K)->114135K(114944K) Class: 20963K(21568K)->20963K(21568K)
[505.618s][info][gc             ] GC(150) Pause Young (Allocation Failure) 6263M->3766M(8094M) 53.730ms
[505.618s][info][gc,cpu         ] GC(150) User=0.23s Sys=0.27s Real=0.05s
[508.322s][info][gc,start       ] GC(151) Pause Young (Allocation Failure)
[508.390s][info][gc,heap        ] GC(151) PSYoungGen: 2647136K(2696192K)->81312K(2690560K) Eden: 2597376K(2597376K)->0K(2594304K) From: 49760K(98816K)->81312K(96256K)
[508.390s][info][gc,heap        ] GC(151) ParOldGen: 3806768K(5592576K)->3849887K(5592576K)
[508.390s][info][gc,metaspace   ] GC(151) Metaspace: 135099K(136512K)->135099K(136512K) NonClass: 114136K(114944K)->114136K(114944K) Class: 20963K(21568K)->20963K(21568K)
[508.390s][info][gc             ] GC(151) Pause Young (Allocation Failure) 6302M->3839M(8089M) 67.831ms
[508.390s][info][gc,cpu         ] GC(151) User=0.20s Sys=0.30s Real=0.07s
[510.872s][info][gc,start       ] GC(152) Pause Young (GCLocker Initiated GC)
[510.934s][info][gc,heap        ] GC(152) PSYoungGen: 2675616K(2690560K)->84064K(2678784K) Eden: 2594304K(2594304K)->0K(2594304K) From: 81312K(96256K)->84064K(84480K)
[510.934s][info][gc,heap        ] GC(152) ParOldGen: 3849888K(5592576K)->3887620K(5592576K)
[510.934s][info][gc,metaspace   ] GC(152) Metaspace: 135099K(136512K)->135099K(136512K) NonClass: 114136K(114944K)->114136K(114944K) Class: 20963K(21568K)->20963K(21568K)
[510.935s][info][gc             ] GC(152) Pause Young (GCLocker Initiated GC) 6372M->3878M(8077M) 62.793ms
[510.935s][info][gc,cpu         ] GC(152) User=0.25s Sys=0.25s Real=0.06s
[514.356s][info][gc,start       ] GC(153) Pause Young (Allocation Failure)
[514.420s][info][gc,heap        ] GC(153) PSYoungGen: 2678368K(2678784K)->41440K(2691072K) Eden: 2594304K(2594304K)->0K(2585088K) From: 84064K(84480K)->41440K(105984K)
[514.420s][info][gc,heap        ] GC(153) ParOldGen: 3887621K(5592576K)->3936563K(5592576K)
[514.420s][info][gc,metaspace   ] GC(153) Metaspace: 135099K(136512K)->135099K(136512K) NonClass: 114136K(114944K)->114136K(114944K) Class: 20963K(21568K)->20963K(21568K)
[514.420s][info][gc             ] GC(153) Pause Young (Allocation Failure) 6412M->3884M(8089M) 63.184ms
[514.420s][info][gc,cpu         ] GC(153) User=0.05s Sys=0.45s Real=0.06s
[517.751s][info][gc,start       ] GC(154) Pause Young (GCLocker Initiated GC)
[517.812s][info][gc,heap        ] GC(154) PSYoungGen: 2626528K(2691072K)->69408K(2690048K) Eden: 2585088K(2585088K)->0K(2585088K) From: 41440K(105984K)->69408K(104960K)
[517.812s][info][gc,heap        ] GC(154) ParOldGen: 3936570K(5592576K)->3972542K(5592576K)
[517.812s][info][gc,metaspace   ] GC(154) Metaspace: 135106K(136512K)->135106K(136512K) NonClass: 114142K(114944K)->114142K(114944K) Class: 20964K(21568K)->20964K(21568K)
[517.812s][info][gc             ] GC(154) Pause Young (GCLocker Initiated GC) 6409M->3947M(8088M) 61.294ms
[517.812s][info][gc,cpu         ] GC(154) User=0.31s Sys=0.19s Real=0.06s
[522.054s][info][gc,start       ] GC(155) Pause Young (Allocation Failure)
[522.108s][info][gc,heap        ] GC(155) PSYoungGen: 2654496K(2690048K)->46016K(2693632K) Eden: 2585088K(2585088K)->0K(2589696K) From: 69408K(104960K)->46016K(103936K)
[522.108s][info][gc,heap        ] GC(155) ParOldGen: 3972544K(5592576K)->4007058K(5592576K)
[522.108s][info][gc,metaspace   ] GC(155) Metaspace: 135108K(136512K)->135108K(136512K) NonClass: 114144K(114944K)->114144K(114944K) Class: 20964K(21568K)->20964K(21568K)
[522.108s][info][gc             ] GC(155) Pause Young (Allocation Failure) 6471M->3958M(8092M) 53.980ms
[522.108s][info][gc,cpu         ] GC(155) User=0.12s Sys=0.25s Real=0.05s
[526.112s][info][gc,start       ] GC(156) Pause Young (Allocation Failure)
[526.168s][info][gc,heap        ] GC(156) PSYoungGen: 2635712K(2693632K)->52096K(2692096K) Eden: 2589696K(2589696K)->0K(2589696K) From: 46016K(103936K)->52096K(102400K)
[526.168s][info][gc,heap        ] GC(156) ParOldGen: 4007058K(5592576K)->4043731K(5592576K)
[526.168s][info][gc,metaspace   ] GC(156) Metaspace: 135111K(136512K)->135111K(136512K) NonClass: 114146K(114944K)->114146K(114944K) Class: 20964K(21568K)->20964K(21568K)
[526.168s][info][gc             ] GC(156) Pause Young (Allocation Failure) 6487M->3999M(8090M) 56.414ms
[526.168s][info][gc,cpu         ] GC(156) User=0.30s Sys=0.20s Real=0.06s
[529.764s][info][gc,start       ] GC(157) Pause Young (Allocation Failure)
[529.804s][info][gc,heap        ] GC(157) PSYoungGen: 2641792K(2692096K)->54400K(2699776K) Eden: 2589696K(2589696K)->0K(2600448K) From: 52096K(102400K)->54400K(99328K)
[529.804s][info][gc,heap        ] GC(157) ParOldGen: 4043731K(5592576K)->4078458K(5592576K)
[529.804s][info][gc,metaspace   ] GC(157) Metaspace: 135115K(136512K)->135115K(136512K) NonClass: 114151K(114944K)->114151K(114944K) Class: 20964K(21568K)->20964K(21568K)
[529.804s][info][gc             ] GC(157) Pause Young (Allocation Failure) 6528M->4035M(8098M) 40.078ms
[529.804s][info][gc,cpu         ] GC(157) User=0.33s Sys=0.05s Real=0.04s
[532.785s][info][gc,start       ] GC(158) Pause Young (Allocation Failure)
[532.847s][info][gc,heap        ] GC(158) PSYoungGen: 2654848K(2699776K)->96240K(2696704K) Eden: 2600448K(2600448K)->0K(2600448K) From: 54400K(99328K)->96240K(96256K)
[532.847s][info][gc,heap        ] GC(158) ParOldGen: 4078458K(5592576K)->4127564K(5592576K)
[532.847s][info][gc,metaspace   ] GC(158) Metaspace: 135117K(136512K)->135117K(136512K) NonClass: 114153K(114944K)->114153K(114944K) Class: 20964K(21568K)->20964K(21568K)
[532.847s][info][gc             ] GC(158) Pause Young (Allocation Failure) 6575M->4124M(8095M) 61.303ms
[532.847s][info][gc,cpu         ] GC(158) User=0.50s Sys=0.00s Real=0.06s
[535.413s][info][gc,start       ] GC(159) Pause Young (Allocation Failure)
[535.476s][info][gc,heap        ] GC(159) PSYoungGen: 2696688K(2696704K)->78080K(2649600K) Eden: 2600448K(2600448K)->0K(2550272K) From: 96240K(96256K)->78080K(99328K)
[535.476s][info][gc,heap        ] GC(159) ParOldGen: 4127564K(5592576K)->4188336K(5592576K)
[535.476s][info][gc,metaspace   ] GC(159) Metaspace: 135118K(136512K)->135118K(136512K) NonClass: 114154K(114944K)->114154K(114944K) Class: 20964K(21568K)->20964K(21568K)
[535.476s][info][gc             ] GC(159) Pause Young (Allocation Failure) 6664M->4166M(8049M) 63.205ms
[535.476s][info][gc,cpu         ] GC(159) User=0.45s Sys=0.05s Real=0.06s
[540.280s][info][gc,start       ] GC(160) Pause Young (Allocation Failure)
[540.314s][info][gc,heap        ] GC(160) PSYoungGen: 2628352K(2649600K)->47040K(2673152K) Eden: 2550272K(2550272K)->0K(2550272K) From: 78080K(99328K)->47040K(122880K)
[540.314s][info][gc,heap        ] GC(160) ParOldGen: 4188336K(5592576K)->4216646K(5592576K)
[540.314s][info][gc,metaspace   ] GC(160) Metaspace: 135164K(136576K)->135164K(136576K) NonClass: 114194K(115008K)->114194K(115008K) Class: 20969K(21568K)->20969K(21568K)
[540.314s][info][gc             ] GC(160) Pause Young (Allocation Failure) 6656M->4163M(8072M) 33.222ms
[540.314s][info][gc,cpu         ] GC(160) User=0.20s Sys=0.05s Real=0.03s
[543.760s][info][gc,start       ] GC(161) Pause Young (Allocation Failure)
[543.801s][info][gc,heap        ] GC(161) PSYoungGen: 2597312K(2673152K)->71536K(2678272K) Eden: 2550272K(2550272K)->0K(2557440K) From: 47040K(122880K)->71536K(120832K)
[543.801s][info][gc,heap        ] GC(161) ParOldGen: 4216646K(5592576K)->4245065K(5592576K)
[543.801s][info][gc,metaspace   ] GC(161) Metaspace: 135174K(136576K)->135174K(136576K) NonClass: 114204K(115008K)->114204K(115008K) Class: 20969K(21568K)->20969K(21568K)
[543.801s][info][gc             ] GC(161) Pause Young (Allocation Failure) 6654M->4215M(8077M) 41.584ms
[543.801s][info][gc,cpu         ] GC(161) User=0.23s Sys=0.02s Real=0.04s
[547.540s][info][gc,start       ] GC(162) Pause Young (Allocation Failure)
[547.577s][info][gc,heap        ] GC(162) PSYoungGen: 2628976K(2678272K)->51600K(2675200K) Eden: 2557440K(2557440K)->0K(2557440K) From: 71536K(120832K)->51600K(117760K)
[547.577s][info][gc,heap        ] GC(162) ParOldGen: 4245065K(5592576K)->4279613K(5592576K)
[547.577s][info][gc,metaspace   ] GC(162) Metaspace: 135176K(136576K)->135176K(136576K) NonClass: 114207K(115008K)->114207K(115008K) Class: 20969K(21568K)->20969K(21568K)
[547.577s][info][gc             ] GC(162) Pause Young (Allocation Failure) 6712M->4229M(8074M) 36.481ms
[547.577s][info][gc,cpu         ] GC(162) User=0.23s Sys=0.02s Real=0.04s
[551.437s][info][gc,start       ] GC(163) Pause Young (Allocation Failure)
[551.468s][info][gc,heap        ] GC(163) PSYoungGen: 2609040K(2675200K)->38592K(2681344K) Eden: 2557440K(2557440K)->0K(2566144K) From: 51600K(117760K)->38592K(115200K)
[551.468s][info][gc,heap        ] GC(163) ParOldGen: 4279613K(5592576K)->4309420K(5592576K)
[551.468s][info][gc,metaspace   ] GC(163) Metaspace: 135180K(136576K)->135180K(136576K) NonClass: 114211K(115008K)->114211K(115008K) Class: 20969K(21568K)->20969K(21568K)
[551.468s][info][gc             ] GC(163) Pause Young (Allocation Failure) 6727M->4246M(8080M) 30.668ms
[551.468s][info][gc,cpu         ] GC(163) User=0.22s Sys=0.03s Real=0.03s
[554.903s][info][gc,start       ] GC(164) Pause Young (Allocation Failure)
[554.940s][info][gc,heap        ] GC(164) PSYoungGen: 2604736K(2681344K)->53696K(2680832K) Eden: 2566144K(2566144K)->0K(2566144K) From: 38592K(115200K)->53696K(114688K)
[554.940s][info][gc,heap        ] GC(164) ParOldGen: 4309420K(5592576K)->4339055K(5592576K)
[554.940s][info][gc,metaspace   ] GC(164) Metaspace: 135191K(136576K)->135191K(136576K) NonClass: 114222K(115008K)->114222K(115008K) Class: 20969K(21568K)->20969K(21568K)
[554.940s][info][gc             ] GC(164) Pause Young (Allocation Failure) 6752M->4289M(8079M) 37.254ms
[554.940s][info][gc,cpu         ] GC(164) User=0.23s Sys=0.02s Real=0.04s
[557.750s][info][gc,start       ] GC(165) Pause Young (Allocation Failure)
[557.788s][info][gc,heap        ] GC(165) PSYoungGen: 2619840K(2680832K)->56656K(2689024K) Eden: 2566144K(2566144K)->0K(2577920K) From: 53696K(114688K)->56656K(111104K)
[557.788s][info][gc,heap        ] GC(165) ParOldGen: 4339055K(5592576K)->4378612K(5592576K)
[557.788s][info][gc,metaspace   ] GC(165) Metaspace: 135191K(136576K)->135191K(136576K) NonClass: 114222K(115008K)->114222K(115008K) Class: 20969K(21568K)->20969K(21568K)
[557.788s][info][gc             ] GC(165) Pause Young (Allocation Failure) 6795M->4331M(8087M) 37.803ms
[557.788s][info][gc,cpu         ] GC(165) User=0.20s Sys=0.14s Real=0.04s
[561.144s][info][gc,start       ] GC(166) Pause Young (Allocation Failure)
[561.171s][info][gc,heap        ] GC(166) PSYoungGen: 2634576K(2689024K)->45808K(2684928K) Eden: 2577920K(2577920K)->0K(2577920K) From: 56656K(111104K)->45808K(107008K)
[561.171s][info][gc,heap        ] GC(166) ParOldGen: 4378612K(5592576K)->4399640K(5592576K)
[561.171s][info][gc,metaspace   ] GC(166) Metaspace: 135192K(136576K)->135192K(136576K) NonClass: 114222K(115008K)->114222K(115008K) Class: 20969K(21568K)->20969K(21568K)
[561.171s][info][gc             ] GC(166) Pause Young (Allocation Failure) 6848M->4341M(8083M) 27.668ms
[561.171s][info][gc,cpu         ] GC(166) User=0.16s Sys=0.09s Real=0.03s
[564.509s][info][gc,start       ] GC(167) Pause Young (Allocation Failure)
[564.542s][info][gc,heap        ] GC(167) PSYoungGen: 2623728K(2684928K)->52720K(2694656K) Eden: 2577920K(2577920K)->0K(2589696K) From: 45808K(107008K)->52720K(104960K)
[564.542s][info][gc,heap        ] GC(167) ParOldGen: 4399640K(5592576K)->4429519K(5592576K)
[564.542s][info][gc,metaspace   ] GC(167) Metaspace: 135198K(136576K)->135198K(136576K) NonClass: 114229K(115008K)->114229K(115008K) Class: 20969K(21568K)->20969K(21568K)
[564.542s][info][gc             ] GC(167) Pause Young (Allocation Failure) 6858M->4377M(8093M) 33.014ms
[564.542s][info][gc,cpu         ] GC(167) User=0.25s Sys=0.00s Real=0.03s
[568.888s][info][gc,start       ] GC(168) Pause Young (Allocation Failure)
[568.920s][info][gc,heap        ] GC(168) PSYoungGen: 2642416K(2694656K)->55904K(2691072K) Eden: 2589696K(2589696K)->0K(2589696K) From: 52720K(104960K)->55904K(101376K)
[568.920s][info][gc,heap        ] GC(168) ParOldGen: 4429519K(5592576K)->4452339K(5592576K)
[568.920s][info][gc,metaspace   ] GC(168) Metaspace: 135215K(136640K)->135215K(136640K) NonClass: 114244K(115072K)->114244K(115072K) Class: 20971K(21568K)->20971K(21568K)
[568.920s][info][gc             ] GC(168) Pause Young (Allocation Failure) 6906M->4402M(8089M) 32.501ms
[568.920s][info][gc,cpu         ] GC(168) User=0.22s Sys=0.03s Real=0.03s
[573.488s][info][gc,start       ] GC(169) Pause Young (Allocation Failure)
[573.526s][info][gc,heap        ] GC(169) PSYoungGen: 2645600K(2691072K)->45816K(2699776K) Eden: 2589696K(2589696K)->0K(2601984K) From: 55904K(101376K)->45816K(97792K)
[573.526s][info][gc,heap        ] GC(169) ParOldGen: 4452339K(5592576K)->4486503K(5592576K)
[573.526s][info][gc,metaspace   ] GC(169) Metaspace: 135217K(136640K)->135217K(136640K) NonClass: 114246K(115072K)->114246K(115072K) Class: 20971K(21568K)->20971K(21568K)
[573.526s][info][gc             ] GC(169) Pause Young (Allocation Failure) 6931M->4426M(8098M) 37.812ms
[573.526s][info][gc,cpu         ] GC(169) User=0.28s Sys=0.09s Real=0.04s
[576.565s][info][gc,start       ] GC(170) Pause Young (Allocation Failure)
[576.606s][info][gc,heap        ] GC(170) PSYoungGen: 2647800K(2699776K)->78240K(2680320K) Eden: 2601984K(2601984K)->0K(2601984K) From: 45816K(97792K)->78240K(78336K)
[576.606s][info][gc,heap        ] GC(170) ParOldGen: 4486503K(5592576K)->4525447K(5592576K)
[576.606s][info][gc,metaspace   ] GC(170) Metaspace: 135217K(136640K)->135217K(136640K) NonClass: 114246K(115072K)->114246K(115072K) Class: 20971K(21568K)->20971K(21568K)
[576.606s][info][gc             ] GC(170) Pause Young (Allocation Failure) 6967M->4495M(8079M) 40.455ms
[576.606s][info][gc,cpu         ] GC(170) User=0.28s Sys=0.09s Real=0.04s
[580.152s][info][gc,start       ] GC(171) Pause Young (Allocation Failure)
[580.181s][info][gc,heap        ] GC(171) PSYoungGen: 2680224K(2680320K)->43736K(2697216K) Eden: 2601984K(2601984K)->0K(2597376K) From: 78240K(78336K)->43736K(99840K)
[580.181s][info][gc,heap        ] GC(171) ParOldGen: 4525447K(5592576K)->4553817K(5592576K)
[580.181s][info][gc,metaspace   ] GC(171) Metaspace: 135236K(136640K)->135236K(136640K) NonClass: 114265K(115072K)->114265K(115072K) Class: 20971K(21568K)->20971K(21568K)
[580.181s][info][gc             ] GC(171) Pause Young (Allocation Failure) 7036M->4489M(8095M) 28.971ms
[580.181s][info][gc,cpu         ] GC(171) User=0.20s Sys=0.05s Real=0.03s
[583.956s][info][gc,start       ] GC(172) Pause Young (Allocation Failure)
[583.991s][info][gc,heap        ] GC(172) PSYoungGen: 2641112K(2697216K)->61456K(2696192K) Eden: 2597376K(2597376K)->0K(2597376K) From: 43736K(99840K)->61456K(98816K)
[583.991s][info][gc,heap        ] GC(172) ParOldGen: 4553817K(5592576K)->4580809K(5592576K)
[583.991s][info][gc,metaspace   ] GC(172) Metaspace: 135236K(136640K)->135236K(136640K) NonClass: 114265K(115072K)->114265K(115072K) Class: 20971K(21568K)->20971K(21568K)
[583.991s][info][gc             ] GC(172) Pause Young (Allocation Failure) 7026M->4533M(8094M) 34.534ms
[583.991s][info][gc,cpu         ] GC(172) User=0.20s Sys=0.06s Real=0.03s
[587.736s][info][gc,start       ] GC(173) Pause Young (Allocation Failure)
[587.767s][info][gc,heap        ] GC(173) PSYoungGen: 2658832K(2696192K)->43104K(2701312K) Eden: 2597376K(2597376K)->0K(2605568K) From: 61456K(98816K)->43104K(95744K)
[587.767s][info][gc,heap        ] GC(173) ParOldGen: 4580809K(5592576K)->4614084K(5592576K)
[587.767s][info][gc,metaspace   ] GC(173) Metaspace: 135243K(136640K)->135243K(136640K) NonClass: 114272K(115072K)->114272K(115072K) Class: 20971K(21568K)->20971K(21568K)
[587.767s][info][gc             ] GC(173) Pause Young (Allocation Failure) 7069M->4548M(8099M) 30.723ms
[587.767s][info][gc,cpu         ] GC(173) User=0.23s Sys=0.02s Real=0.03s
[592.669s][info][gc,start       ] GC(174) Pause Young (GCLocker Initiated GC)
[592.697s][info][gc,heap        ] GC(174) PSYoungGen: 2648672K(2701312K)->43360K(2700288K) Eden: 2605568K(2605568K)->0K(2605568K) From: 43104K(95744K)->43360K(94720K)
[592.697s][info][gc,heap        ] GC(174) ParOldGen: 4614086K(5592576K)->4643893K(5592576K)
[592.697s][info][gc,metaspace   ] GC(174) Metaspace: 135250K(136640K)->135250K(136640K) NonClass: 114279K(115072K)->114279K(115072K) Class: 20971K(21568K)->20971K(21568K)
[592.697s][info][gc             ] GC(174) Pause Young (GCLocker Initiated GC) 7092M->4577M(8098M) 28.232ms
[592.697s][info][gc,cpu         ] GC(174) User=0.17s Sys=0.08s Real=0.03s
[596.524s][info][gc,start       ] GC(175) Pause Young (Allocation Failure)
[596.557s][info][gc,heap        ] GC(175) PSYoungGen: 2648928K(2700288K)->40128K(2703872K) Eden: 2605568K(2605568K)->0K(2610688K) From: 43360K(94720K)->40128K(93184K)
[596.557s][info][gc,heap        ] GC(175) ParOldGen: 4643894K(5592576K)->4677239K(5592576K)
[596.557s][info][gc,metaspace   ] GC(175) Metaspace: 135252K(136640K)->135252K(136640K) NonClass: 114281K(115072K)->114281K(115072K) Class: 20971K(21568K)->20971K(21568K)
[596.557s][info][gc             ] GC(175) Pause Young (Allocation Failure) 7121M->4606M(8102M) 32.216ms
[596.557s][info][gc,cpu         ] GC(175) User=0.20s Sys=0.05s Real=0.03s
[600.089s][info][gc,start       ] GC(176) Pause Young (Allocation Failure)
[600.131s][info][gc,heap        ] GC(176) PSYoungGen: 2650816K(2703872K)->60992K(2702848K) Eden: 2610688K(2610688K)->0K(2610688K) From: 40128K(93184K)->60992K(92160K)
[600.131s][info][gc,heap        ] GC(176) ParOldGen: 4677239K(5592576K)->4704394K(5592576K)
[600.131s][info][gc,metaspace   ] GC(176) Metaspace: 135254K(136640K)->135254K(136640K) NonClass: 114283K(115072K)->114283K(115072K) Class: 20971K(21568K)->20971K(21568K)
[600.131s][info][gc             ] GC(176) Pause Young (Allocation Failure) 7156M->4653M(8101M) 41.691ms
[600.131s][info][gc,cpu         ] GC(176) User=0.36s Sys=0.00s Real=0.04s
[603.317s][info][gc,start       ] GC(177) Pause Young (Allocation Failure)
[603.349s][info][gc,heap        ] GC(177) PSYoungGen: 2671680K(2702848K)->53232K(2708480K) Eden: 2610688K(2610688K)->0K(2617344K) From: 60992K(92160K)->53232K(91136K)
[603.349s][info][gc,heap        ] GC(177) ParOldGen: 4704394K(5592576K)->4732822K(5592576K)
[603.349s][info][gc,metaspace   ] GC(177) Metaspace: 135256K(136640K)->135256K(136640K) NonClass: 114285K(115072K)->114285K(115072K) Class: 20971K(21568K)->20971K(21568K)
[603.349s][info][gc             ] GC(177) Pause Young (Allocation Failure) 7203M->4673M(8106M) 32.303ms
[603.349s][info][gc,cpu         ] GC(177) User=0.25s Sys=0.00s Real=0.03s
[608.633s][info][gc,start       ] GC(178) Pause Young (Allocation Failure)
[608.673s][info][gc,heap        ] GC(178) PSYoungGen: 2670576K(2708480K)->58245K(2704896K) Eden: 2617344K(2617344K)->0K(2617344K) From: 53232K(91136K)->58245K(87552K)
[608.673s][info][gc,heap        ] GC(178) ParOldGen: 4732822K(5592576K)->4760266K(5592576K)
[608.673s][info][gc,metaspace   ] GC(178) Metaspace: 135257K(136640K)->135257K(136640K) NonClass: 114286K(115072K)->114286K(115072K) Class: 20971K(21568K)->20971K(21568K)
[608.673s][info][gc             ] GC(178) Pause Young (Allocation Failure) 7229M->4705M(8103M) 39.622ms
[608.673s][info][gc,cpu         ] GC(178) User=0.23s Sys=0.02s Real=0.04s
[611.764s][info][gc,start       ] GC(179) Pause Young (Allocation Failure)
[611.797s][info][gc,heap        ] GC(179) PSYoungGen: 2675589K(2704896K)->57536K(2712576K) Eden: 2617344K(2617344K)->0K(2627072K) From: 58245K(87552K)->57536K(85504K)
[611.797s][info][gc,heap        ] GC(179) ParOldGen: 4760266K(5592576K)->4790398K(5592576K)
[611.797s][info][gc,metaspace   ] GC(179) Metaspace: 135259K(136640K)->135259K(136640K) NonClass: 114287K(115072K)->114287K(115072K) Class: 20971K(21568K)->20971K(21568K)
[611.797s][info][gc             ] GC(179) Pause Young (Allocation Failure) 7261M->4734M(8110M) 33.465ms
[611.797s][info][gc,cpu         ] GC(179) User=0.23s Sys=0.02s Real=0.03s
[615.396s][info][gc,start       ] GC(180) Pause Young (Allocation Failure)
[615.431s][info][gc,heap        ] GC(180) PSYoungGen: 2684608K(2712576K)->55856K(2710528K) Eden: 2627072K(2627072K)->0K(2627072K) From: 57536K(85504K)->55856K(83456K)
[615.431s][info][gc,heap        ] GC(180) ParOldGen: 4790398K(5592576K)->4819810K(5592576K)
[615.431s][info][gc,metaspace   ] GC(180) Metaspace: 135261K(136640K)->135261K(136640K) NonClass: 114290K(115072K)->114290K(115072K) Class: 20971K(21568K)->20971K(21568K)
[615.431s][info][gc             ] GC(180) Pause Young (Allocation Failure) 7299M->4761M(8108M) 34.467ms
[615.431s][info][gc,cpu         ] GC(180) User=0.22s Sys=0.03s Real=0.03s
[618.940s][info][gc,start       ] GC(181) Pause Young (Allocation Failure)
[618.971s][info][gc,heap        ] GC(181) PSYoungGen: 2682928K(2710528K)->54944K(2717696K) Eden: 2627072K(2627072K)->0K(2636800K) From: 55856K(83456K)->54944K(80896K)
[618.971s][info][gc,heap        ] GC(181) ParOldGen: 4819810K(5592576K)->4846130K(5592576K)
[618.971s][info][gc,metaspace   ] GC(181) Metaspace: 135262K(136640K)->135262K(136640K) NonClass: 114291K(115072K)->114291K(115072K) Class: 20971K(21568K)->20971K(21568K)
[618.971s][info][gc             ] GC(181) Pause Young (Allocation Failure) 7326M->4786M(8115M) 31.071ms
[618.971s][info][gc,cpu         ] GC(181) User=0.19s Sys=0.06s Real=0.03s
[621.868s][info][gc,start       ] GC(182) Pause Young (Allocation Failure)
[621.913s][info][gc,heap        ] GC(182) PSYoungGen: 2691744K(2717696K)->78320K(2715136K) Eden: 2636800K(2636800K)->0K(2636800K) From: 54944K(80896K)->78320K(78336K)
[621.913s][info][gc,heap        ] GC(182) ParOldGen: 4846130K(5592576K)->4882103K(5592576K)
[621.913s][info][gc,metaspace   ] GC(182) Metaspace: 135262K(136640K)->135262K(136640K) NonClass: 114291K(115072K)->114291K(115072K) Class: 20971K(21568K)->20971K(21568K)
[621.913s][info][gc             ] GC(182) Pause Young (Allocation Failure) 7361M->4844M(8113M) 45.098ms
[621.914s][info][gc,cpu         ] GC(182) User=0.27s Sys=0.11s Real=0.05s
[626.236s][info][gc,start       ] GC(183) Pause Young (Allocation Failure)
[626.269s][info][gc,heap        ] GC(183) PSYoungGen: 2715120K(2715136K)->35760K(2679296K) Eden: 2636800K(2636800K)->0K(2598400K) From: 78320K(78336K)->35760K(80896K)
[626.269s][info][gc,heap        ] GC(183) ParOldGen: 4882103K(5592576K)->4925030K(5592576K)
[626.269s][info][gc,metaspace   ] GC(183) Metaspace: 135262K(136640K)->135262K(136640K) NonClass: 114291K(115072K)->114291K(115072K) Class: 20971K(21568K)->20971K(21568K)
[626.269s][info][gc             ] GC(183) Pause Young (Allocation Failure) 7419M->4844M(8078M) 32.836ms
[626.269s][info][gc,cpu         ] GC(183) User=0.22s Sys=0.03s Real=0.03s
[629.712s][info][gc,start       ] GC(184) Pause Young (Allocation Failure)
[629.749s][info][gc,heap        ] GC(184) PSYoungGen: 2634160K(2679296K)->74720K(2673152K) Eden: 2598400K(2598400K)->0K(2598400K) From: 35760K(80896K)->74720K(74752K)
[629.749s][info][gc,heap        ] GC(184) ParOldGen: 4925030K(5592576K)->4955892K(5592576K)
[629.749s][info][gc,metaspace   ] GC(184) Metaspace: 135263K(136640K)->135263K(136640K) NonClass: 114292K(115072K)->114292K(115072K) Class: 20971K(21568K)->20971K(21568K)
[629.749s][info][gc             ] GC(184) Pause Young (Allocation Failure) 7382M->4912M(8072M) 37.090ms
[629.749s][info][gc,cpu         ] GC(184) User=0.25s Sys=0.00s Real=0.04s
[632.568s][info][gc,start       ] GC(185) Pause Young (Allocation Failure)
[632.612s][info][gc,heap        ] GC(185) PSYoungGen: 2673120K(2673152K)->54464K(2698240K) Eden: 2598400K(2598400K)->0K(2597376K) From: 74720K(74752K)->54464K(100864K)
[632.612s][info][gc,heap        ] GC(185) ParOldGen: 4955892K(5592576K)->5000305K(5592576K)
[632.612s][info][gc,metaspace   ] GC(185) Metaspace: 135265K(136640K)->135265K(136640K) NonClass: 114294K(115072K)->114294K(115072K) Class: 20971K(21568K)->20971K(21568K)
[632.612s][info][gc             ] GC(185) Pause Young (Allocation Failure) 7450M->4936M(8096M) 44.099ms
[632.612s][info][gc,cpu         ] GC(185) User=0.36s Sys=0.02s Real=0.04s
[635.906s][info][gc,start       ] GC(186) Pause Young (Allocation Failure)
[635.943s][info][gc,heap        ] GC(186) PSYoungGen: 2651840K(2698240K)->64112K(2695168K) Eden: 2597376K(2597376K)->0K(2597376K) From: 54464K(100864K)->64112K(97792K)
[635.943s][info][gc,heap        ] GC(186) ParOldGen: 5000305K(5592576K)->5031382K(5592576K)
[635.943s][info][gc,metaspace   ] GC(186) Metaspace: 135265K(136640K)->135265K(136640K) NonClass: 114294K(115072K)->114294K(115072K) Class: 20971K(21568K)->20971K(21568K)
[635.943s][info][gc             ] GC(186) Pause Young (Allocation Failure) 7472M->4976M(8093M) 36.530ms
[635.943s][info][gc,cpu         ] GC(186) User=0.25s Sys=0.00s Real=0.04s
[639.242s][info][gc,start       ] GC(187) Pause Young (Allocation Failure)
[639.276s][info][gc,heap        ] GC(187) PSYoungGen: 2661488K(2695168K)->58304K(2703872K) Eden: 2597376K(2597376K)->0K(2608128K) From: 64112K(97792K)->58304K(95744K)
[639.276s][info][gc,heap        ] GC(187) ParOldGen: 5031382K(5592576K)->5061485K(5592576K)
[639.276s][info][gc,metaspace   ] GC(187) Metaspace: 135266K(136640K)->135266K(136640K) NonClass: 114295K(115072K)->114295K(115072K) Class: 20971K(21568K)->20971K(21568K)
[639.277s][info][gc             ] GC(187) Pause Young (Allocation Failure) 7512M->4999M(8102M) 34.447ms
[639.277s][info][gc,cpu         ] GC(187) User=0.22s Sys=0.03s Real=0.03s
[642.530s][info][gc,start       ] GC(188) Pause Young (Allocation Failure)
[642.586s][info][gc,heap        ] GC(188) PSYoungGen: 2666432K(2703872K)->92144K(2700288K) Eden: 2608128K(2608128K)->0K(2608128K) From: 58304K(95744K)->92144K(92160K)
[642.586s][info][gc,heap        ] GC(188) ParOldGen: 5061485K(5592576K)->5113617K(5592576K)
[642.586s][info][gc,metaspace   ] GC(188) Metaspace: 135274K(136640K)->135274K(136640K) NonClass: 114303K(115072K)->114303K(115072K) Class: 20971K(21568K)->20971K(21568K)
[642.586s][info][gc             ] GC(188) Pause Young (Allocation Failure) 7546M->5083M(8098M) 55.907ms
[642.586s][info][gc,cpu         ] GC(188) User=0.48s Sys=0.02s Real=0.06s
[645.492s][info][gc,start       ] GC(189) Pause Young (Allocation Failure)
[645.533s][info][gc,heap        ] GC(189) PSYoungGen: 2700272K(2700288K)->56896K(2657280K) Eden: 2608128K(2608128K)->0K(2561536K) From: 92144K(92160K)->56896K(95744K)
[645.533s][info][gc,heap        ] GC(189) ParOldGen: 5113617K(5592576K)->5151789K(5592576K)
[645.533s][info][gc,metaspace   ] GC(189) Metaspace: 135280K(136704K)->135280K(136704K) NonClass: 114309K(115136K)->114309K(115136K) Class: 20971K(21568K)->20971K(21568K)
[645.533s][info][gc             ] GC(189) Pause Young (Allocation Failure) 7630M->5086M(8056M) 41.266ms
[645.533s][info][gc,cpu         ] GC(189) User=0.22s Sys=0.03s Real=0.04s
[648.780s][info][gc,start       ] GC(190) Pause Young (Allocation Failure)
[648.815s][info][gc,heap        ] GC(190) PSYoungGen: 2618432K(2657280K)->52880K(2678784K) Eden: 2561536K(2561536K)->0K(2561536K) From: 56896K(95744K)->52880K(117248K)
[648.815s][info][gc,heap        ] GC(190) ParOldGen: 5151789K(5592576K)->5187164K(5592576K)
[648.815s][info][gc,metaspace   ] GC(190) Metaspace: 135280K(136704K)->135280K(136704K) NonClass: 114309K(115136K)->114309K(115136K) Class: 20971K(21568K)->20971K(21568K)
[648.815s][info][gc             ] GC(190) Pause Young (Allocation Failure) 7588M->5117M(8077M) 35.055ms
[648.815s][info][gc,cpu         ] GC(190) User=0.23s Sys=0.02s Real=0.04s
[651.372s][info][gc,start       ] GC(191) Pause Young (Allocation Failure)
[651.420s][info][gc,heap        ] GC(191) PSYoungGen: 2614416K(2678784K)->81056K(2680320K) Eden: 2561536K(2561536K)->0K(2565632K) From: 52880K(117248K)->81056K(114688K)
[651.420s][info][gc,heap        ] GC(191) ParOldGen: 5187164K(5592576K)->5227666K(5592576K)
[651.420s][info][gc,metaspace   ] GC(191) Metaspace: 135282K(136704K)->135282K(136704K) NonClass: 114311K(115136K)->114311K(115136K) Class: 20971K(21568K)->20971K(21568K)
[651.420s][info][gc             ] GC(191) Pause Young (Allocation Failure) 7618M->5184M(8079M) 47.435ms
[651.420s][info][gc,cpu         ] GC(191) User=0.34s Sys=0.03s Real=0.05s
[655.742s][info][gc,start       ] GC(192) Pause Young (Allocation Failure)
[655.790s][info][gc,heap        ] GC(192) PSYoungGen: 2646688K(2680320K)->88416K(2654208K) Eden: 2565632K(2565632K)->0K(2565632K) From: 81056K(114688K)->88416K(88576K)
[655.790s][info][gc,heap        ] GC(192) ParOldGen: 5227666K(5592576K)->5253518K(5592576K)
[655.790s][info][gc,metaspace   ] GC(192) Metaspace: 135283K(136704K)->135283K(136704K) NonClass: 114312K(115136K)->114312K(115136K) Class: 20971K(21568K)->20971K(21568K)
[655.790s][info][gc             ] GC(192) Pause Young (Allocation Failure) 7689M->5216M(8053M) 47.837ms
[655.790s][info][gc,cpu         ] GC(192) User=0.36s Sys=0.02s Real=0.05s
[659.336s][info][gc,start       ] GC(193) Pause Young (Allocation Failure)
[659.376s][info][gc,heap        ] GC(193) PSYoungGen: 2654048K(2654208K)->48368K(2678784K) Eden: 2565632K(2565632K)->0K(2560512K) From: 88416K(88576K)->48368K(118272K)
[659.376s][info][gc,heap        ] GC(193) ParOldGen: 5253518K(5592576K)->5292015K(5592576K)
[659.376s][info][gc,metaspace   ] GC(193) Metaspace: 135284K(136704K)->135284K(136704K) NonClass: 114313K(115136K)->114313K(115136K) Class: 20971K(21568K)->20971K(21568K)
[659.376s][info][gc             ] GC(193) Pause Young (Allocation Failure) 7722M->5215M(8077M) 40.363ms
[659.376s][info][gc,cpu         ] GC(193) User=0.23s Sys=0.02s Real=0.04s
[662.687s][info][gc,start       ] GC(194) Pause Young (Allocation Failure)
[662.727s][info][gc,heap        ] GC(194) PSYoungGen: 2608880K(2678784K)->62928K(2677760K) Eden: 2560512K(2560512K)->0K(2560512K) From: 48368K(118272K)->62928K(117248K)
[662.727s][info][gc,heap        ] GC(194) ParOldGen: 5292015K(5592576K)->5326843K(5592576K)
[662.727s][info][gc,metaspace   ] GC(194) Metaspace: 135284K(136704K)->135284K(136704K) NonClass: 114313K(115136K)->114313K(115136K) Class: 20971K(21568K)->20971K(21568K)
[662.727s][info][gc             ] GC(194) Pause Young (Allocation Failure) 7715M->5263M(8076M) 39.460ms
[662.727s][info][gc,cpu         ] GC(194) User=0.36s Sys=0.02s Real=0.04s
[665.752s][info][gc,start       ] GC(195) Pause Young (Allocation Failure)
[665.801s][info][gc,heap        ] GC(195) PSYoungGen: 2623440K(2677760K)->79024K(2683392K) Eden: 2560512K(2560512K)->0K(2570752K) From: 62928K(117248K)->79024K(112640K)
[665.801s][info][gc,heap        ] GC(195) ParOldGen: 5326843K(5592576K)->5362712K(5592576K)
[665.801s][info][gc,metaspace   ] GC(195) Metaspace: 135286K(136704K)->135286K(136704K) NonClass: 114315K(115136K)->114315K(115136K) Class: 20971K(21568K)->20971K(21568K)
[665.801s][info][gc             ] GC(195) Pause Young (Allocation Failure) 7763M->5314M(8082M) 48.252ms
[665.801s][info][gc,cpu         ] GC(195) User=0.33s Sys=0.05s Real=0.05s
[670.520s][info][gc,start       ] GC(196) Pause Young (Allocation Failure)
[670.558s][info][gc,heap        ] GC(196) PSYoungGen: 2649776K(2683392K)->40352K(2611200K) Eden: 2570752K(2570752K)->0K(2570752K) From: 79024K(112640K)->40352K(40448K)
[670.558s][info][gc,heap        ] GC(196) ParOldGen: 5362712K(5592576K)->5405633K(5592576K)
[670.558s][info][gc,metaspace   ] GC(196) Metaspace: 135288K(136704K)->135288K(136704K) NonClass: 114317K(115136K)->114317K(115136K) Class: 20971K(21568K)->20971K(21568K)
[670.558s][info][gc             ] GC(196) Pause Young (Allocation Failure) 7824M->5318M(8011M) 37.993ms
[670.558s][info][gc,cpu         ] GC(196) User=0.30s Sys=0.08s Real=0.04s
[673.316s][info][gc,start       ] GC(197) Pause Young (Allocation Failure)
[673.371s][info][gc,heap        ] GC(197) PSYoungGen: 2611104K(2611200K)->99632K(2667520K) Eden: 2570752K(2570752K)->0K(2554368K) From: 40352K(40448K)->99632K(113152K)
[673.371s][info][gc,heap        ] GC(197) ParOldGen: 5405633K(5592576K)->5441908K(5592576K)
[673.372s][info][gc,metaspace   ] GC(197) Metaspace: 135288K(136704K)->135288K(136704K) NonClass: 114317K(115136K)->114317K(115136K) Class: 20971K(21568K)->20971K(21568K)
[673.372s][info][gc             ] GC(197) Pause Young (Allocation Failure) 7828M->5411M(8066M) 55.567ms
[673.372s][info][gc,cpu         ] GC(197) User=0.48s Sys=0.02s Real=0.06s
[676.308s][info][gc,start       ] GC(198) Pause Young (Allocation Failure)
[676.362s][info][gc,heap        ] GC(198) PSYoungGen: 2654000K(2667520K)->68064K(2675200K) Eden: 2554368K(2554368K)->0K(2554368K) From: 99632K(113152K)->68064K(120832K)
[676.362s][info][gc,heap        ] GC(198) ParOldGen: 5441908K(5592576K)->5490462K(5592576K)
[676.362s][info][gc,metaspace   ] GC(198) Metaspace: 135288K(136704K)->135288K(136704K) NonClass: 114317K(115136K)->114317K(115136K) Class: 20971K(21568K)->20971K(21568K)
[676.362s][info][gc             ] GC(198) Pause Young (Allocation Failure) 7906M->5428M(8074M) 54.258ms
[676.362s][info][gc,cpu         ] GC(198) User=0.27s Sys=0.11s Real=0.05s
[679.720s][info][gc,start       ] GC(199) Pause Young (Allocation Failure)
[679.763s][info][gc,heap        ] GC(199) PSYoungGen: 2622432K(2675200K)->57520K(2682880K) Eden: 2554368K(2554368K)->0K(2567168K) From: 68064K(120832K)->57520K(115712K)
[679.763s][info][gc,heap        ] GC(199) ParOldGen: 5490462K(5592576K)->5531162K(5592576K)
[679.763s][info][gc,metaspace   ] GC(199) Metaspace: 135288K(136704K)->135288K(136704K) NonClass: 114317K(115136K)->114317K(115136K) Class: 20971K(21568K)->20971K(21568K)
[679.764s][info][gc             ] GC(199) Pause Young (Allocation Failure) 7922M->5457M(8081M) 43.176ms
[679.764s][info][gc,cpu         ] GC(199) User=0.23s Sys=0.14s Real=0.04s
[683.048s][info][gc,start       ] GC(200) Pause Young (Allocation Failure)
[683.088s][info][gc,heap        ] GC(200) PSYoungGen: 2624688K(2682880K)->69328K(2680320K) Eden: 2567168K(2567168K)->0K(2567168K) From: 57520K(115712K)->69328K(113152K)
[683.088s][info][gc,heap        ] GC(200) ParOldGen: 5531162K(5592576K)->5562915K(5592576K)
[683.088s][info][gc,metaspace   ] GC(200) Metaspace: 135291K(136704K)->135291K(136704K) NonClass: 114320K(115136K)->114320K(115136K) Class: 20971K(21568K)->20971K(21568K)
[683.088s][info][gc             ] GC(200) Pause Young (Allocation Failure) 7964M->5500M(8079M) 39.343ms
[683.088s][info][gc,cpu         ] GC(200) User=0.30s Sys=0.08s Real=0.04s
[686.186s][info][gc,start       ] GC(201) Pause Full (Ergonomics)
[686.186s][info][gc,phases,start] GC(201) Marking Phase
[689.545s][info][gc,phases      ] GC(201) Marking Phase 3359.197ms
[689.545s][info][gc,phases,start] GC(201) Summary Phase
[689.545s][info][gc,phases      ] GC(201) Summary Phase 0.150ms
[689.545s][info][gc,phases,start] GC(201) Adjust Roots
[689.563s][info][gc,phases      ] GC(201) Adjust Roots 17.939ms
[689.563s][info][gc,phases,start] GC(201) Compaction Phase
[689.675s][info][gc,phases      ] GC(201) Compaction Phase 112.190ms
[689.675s][info][gc,phases,start] GC(201) Post Compact
[689.740s][info][gc,phases      ] GC(201) Post Compact 64.247ms
[689.740s][info][gc,heap        ] GC(201) PSYoungGen: 2636496K(2680320K)->0K(2686976K) Eden: 2567168K(2567168K)->0K(2577920K) From: 69328K(113152K)->0K(109056K)
[689.740s][info][gc,heap        ] GC(201) ParOldGen: 5562915K(5592576K)->521006K(5592576K)
[689.740s][info][gc,metaspace   ] GC(201) Metaspace: 135292K(136704K)->135292K(136704K) NonClass: 114321K(115136K)->114321K(115136K) Class: 20971K(21568K)->20971K(21568K)
[689.741s][info][gc             ] GC(201) Pause Full (Ergonomics) 8007M->508M(8085M) 3554.956ms
[689.741s][info][gc,cpu         ] GC(201) User=0.97s Sys=0.80s Real=3.56s
[693.203s][info][gc,start       ] GC(202) Pause Young (Allocation Failure)
[693.219s][info][gc,heap        ] GC(202) PSYoungGen: 2577920K(2686976K)->42176K(2620416K) Eden: 2577920K(2577920K)->0K(2577920K) From: 0K(109056K)->42176K(42496K)
[693.219s][info][gc,heap        ] GC(202) ParOldGen: 521006K(5592576K)->521006K(5592576K)
[693.219s][info][gc,metaspace   ] GC(202) Metaspace: 135294K(136704K)->135294K(136704K) NonClass: 114323K(115136K)->114323K(115136K) Class: 20971K(21568K)->20971K(21568K)
[693.219s][info][gc             ] GC(202) Pause Young (Allocation Failure) 3026M->549M(8020M) 15.214ms
[693.219s][info][gc,cpu         ] GC(202) User=0.12s Sys=0.00s Real=0.02s
[698.068s][info][gc,start       ] GC(203) Pause Young (Allocation Failure)
[698.147s][info][gc,heap        ] GC(203) PSYoungGen: 2620096K(2620416K)->50016K(2688512K) Eden: 2577920K(2577920K)->0K(2578944K) From: 42176K(42496K)->50016K(109568K)
[698.147s][info][gc,heap        ] GC(203) ParOldGen: 521006K(5592576K)->553572K(5592576K)
[698.147s][info][gc,metaspace   ] GC(203) Metaspace: 135321K(136704K)->135321K(136704K) NonClass: 114349K(115136K)->114349K(115136K) Class: 20971K(21568K)->20971K(21568K)
[698.147s][info][gc             ] GC(203) Pause Young (Allocation Failure) 3067M->589M(8087M) 79.473ms
[698.147s][info][gc,cpu         ] GC(203) User=0.17s Sys=0.12s Real=0.08s
[701.891s][info][gc,start       ] GC(204) Pause Young (GCLocker Initiated GC)
[701.994s][info][gc,heap        ] GC(204) PSYoungGen: 2628960K(2688512K)->79872K(2686464K) Eden: 2578944K(2578944K)->0K(2578944K) From: 50016K(109568K)->79872K(107520K)
[701.994s][info][gc,heap        ] GC(204) ParOldGen: 553572K(5592576K)->595907K(5592576K)
[701.994s][info][gc,metaspace   ] GC(204) Metaspace: 135322K(136704K)->135322K(136704K) NonClass: 114351K(115136K)->114351K(115136K) Class: 20971K(21568K)->20971K(21568K)
[701.994s][info][gc             ] GC(204) Pause Young (GCLocker Initiated GC) 3107M->659M(8085M) 102.898ms
[701.994s][info][gc,cpu         ] GC(204) User=0.09s Sys=0.00s Real=0.10s
[704.927s][info][gc,start       ] GC(205) Pause Young (Allocation Failure)
[705.114s][info][gc,heap        ] GC(205) PSYoungGen: 2658816K(2686464K)->64800K(2691072K) Eden: 2578944K(2578944K)->0K(2582016K) From: 79872K(107520K)->64800K(109056K)
[705.114s][info][gc,heap        ] GC(205) ParOldGen: 595909K(5592576K)->650500K(5592576K)
[705.114s][info][gc,metaspace   ] GC(205) Metaspace: 135323K(136704K)->135323K(136704K) NonClass: 114351K(115136K)->114351K(115136K) Class: 20971K(21568K)->20971K(21568K)
[705.114s][info][gc             ] GC(205) Pause Young (Allocation Failure) 3178M->698M(8089M) 186.224ms
[705.114s][info][gc,cpu         ] GC(205) User=0.17s Sys=0.02s Real=0.19s
[708.556s][info][gc,start       ] GC(206) Pause Young (Allocation Failure)
[708.642s][info][gc,heap        ] GC(206) PSYoungGen: 2646816K(2691072K)->57024K(2686976K) Eden: 2582016K(2582016K)->0K(2582016K) From: 64800K(109056K)->57024K(104960K)
[708.642s][info][gc,heap        ] GC(206) ParOldGen: 650500K(5592576K)->686728K(5592576K)
[708.642s][info][gc,metaspace   ] GC(206) Metaspace: 135323K(136704K)->135323K(136704K) NonClass: 114351K(115136K)->114351K(115136K) Class: 20971K(21568K)->20971K(21568K)
[708.642s][info][gc             ] GC(206) Pause Young (Allocation Failure) 3220M->726M(8085M) 85.490ms
[708.642s][info][gc,cpu         ] GC(206) User=0.12s Sys=0.02s Real=0.09s
[711.976s][info][gc,start       ] GC(207) Pause Young (GCLocker Initiated GC)
[712.039s][info][gc,heap        ] GC(207) PSYoungGen: 2639040K(2686976K)->63936K(2697216K) Eden: 2582016K(2582016K)->0K(2594816K) From: 57024K(104960K)->63936K(102400K)
[712.039s][info][gc,heap        ] GC(207) ParOldGen: 686728K(5592576K)->713645K(5592576K)
[712.039s][info][gc,metaspace   ] GC(207) Metaspace: 135328K(136704K)->135328K(136704K) NonClass: 114357K(115136K)->114357K(115136K) Class: 20971K(21568K)->20971K(21568K)
[712.039s][info][gc             ] GC(207) Pause Young (GCLocker Initiated GC) 3247M->759M(8095M) 62.982ms
[712.039s][info][gc,cpu         ] GC(207) User=0.09s Sys=0.00s Real=0.06s
[715.724s][info][gc,start       ] GC(208) Pause Young (Allocation Failure)
[715.792s][info][gc,heap        ] GC(208) PSYoungGen: 2658752K(2697216K)->51392K(2693632K) Eden: 2594816K(2594816K)->0K(2594816K) From: 63936K(102400K)->51392K(98816K)
[715.792s][info][gc,heap        ] GC(208) ParOldGen: 713648K(5592576K)->738388K(5592576K)
[715.792s][info][gc,metaspace   ] GC(208) Metaspace: 135331K(136704K)->135331K(136704K) NonClass: 114359K(115136K)->114359K(115136K) Class: 20971K(21568K)->20971K(21568K)
[715.792s][info][gc             ] GC(208) Pause Young (Allocation Failure) 3293M->771M(8092M) 67.671ms
[715.792s][info][gc,cpu         ] GC(208) User=0.17s Sys=0.02s Real=0.07s
[719.044s][info][gc,start       ] GC(209) Pause Young (Allocation Failure)
[719.113s][info][gc,heap        ] GC(209) PSYoungGen: 2646208K(2693632K)->39824K(2696704K) Eden: 2594816K(2594816K)->0K(2599424K) From: 51392K(98816K)->39824K(97280K)
[719.113s][info][gc,heap        ] GC(209) ParOldGen: 738388K(5592576K)->768499K(5592576K)
[719.113s][info][gc,metaspace   ] GC(209) Metaspace: 135337K(136704K)->135337K(136704K) NonClass: 114366K(115136K)->114366K(115136K) Class: 20971K(21568K)->20971K(21568K)
[719.113s][info][gc             ] GC(209) Pause Young (Allocation Failure) 3305M->789M(8095M) 69.338ms
[719.113s][info][gc,cpu         ] GC(209) User=0.12s Sys=0.06s Real=0.07s
[722.496s][info][gc,start       ] GC(210) Pause Young (Allocation Failure)
[722.571s][info][gc,heap        ] GC(210) PSYoungGen: 2639248K(2696704K)->53600K(2697728K) Eden: 2599424K(2599424K)->0K(2599424K) From: 39824K(97280K)->53600K(98304K)
[722.571s][info][gc,heap        ] GC(210) ParOldGen: 768499K(5592576K)->799925K(5592576K)
[722.571s][info][gc,metaspace   ] GC(210) Metaspace: 135339K(136704K)->135339K(136704K) NonClass: 114367K(115136K)->114367K(115136K) Class: 20971K(21568K)->20971K(21568K)
[722.571s][info][gc             ] GC(210) Pause Young (Allocation Failure) 3327M->833M(8096M) 74.720ms
[722.571s][info][gc,cpu         ] GC(210) User=0.12s Sys=0.12s Real=0.08s
[725.300s][info][gc,start       ] GC(211) Pause Young (Allocation Failure)
[725.403s][info][gc,heap        ] GC(211) PSYoungGen: 2653024K(2697728K)->67328K(2701312K) Eden: 2599424K(2599424K)->0K(2605568K) From: 53600K(98304K)->67328K(95744K)
[725.403s][info][gc,heap        ] GC(211) ParOldGen: 799925K(5592576K)->843679K(5592576K)
[725.403s][info][gc,metaspace   ] GC(211) Metaspace: 135341K(136704K)->135341K(136704K) NonClass: 114369K(115136K)->114369K(115136K) Class: 20971K(21568K)->20971K(21568K)
[725.403s][info][gc             ] GC(211) Pause Young (Allocation Failure) 3372M->889M(8099M) 103.329ms
[725.403s][info][gc,cpu         ] GC(211) User=0.14s Sys=0.16s Real=0.10s
[728.488s][info][gc,start       ] GC(212) Pause Young (Allocation Failure)
[728.580s][info][gc,heap        ] GC(212) PSYoungGen: 2672896K(2701312K)->79952K(2685952K) Eden: 2605568K(2605568K)->0K(2605568K) From: 67328K(95744K)->79952K(80384K)
[728.580s][info][gc,heap        ] GC(212) ParOldGen: 843679K(5592576K)->882103K(5592576K)
[728.580s][info][gc,metaspace   ] GC(212) Metaspace: 135346K(136704K)->135346K(136704K) NonClass: 114374K(115136K)->114374K(115136K) Class: 20971K(21568K)->20971K(21568K)
[728.580s][info][gc             ] GC(212) Pause Young (Allocation Failure) 3434M->939M(8084M) 91.797ms
[728.580s][info][gc,cpu         ] GC(212) User=0.14s Sys=0.19s Real=0.09s
[732.205s][info][gc,start       ] GC(213) Pause Young (Allocation Failure)
[732.297s][info][gc,heap        ] GC(213) PSYoungGen: 2685520K(2685952K)->66752K(2699776K) Eden: 2605568K(2605568K)->0K(2601472K) From: 79952K(80384K)->66752K(98304K)
[732.297s][info][gc,heap        ] GC(213) ParOldGen: 882103K(5592576K)->921057K(5592576K)
[732.297s][info][gc,metaspace   ] GC(213) Metaspace: 135346K(136704K)->135346K(136704K) NonClass: 114374K(115136K)->114374K(115136K) Class: 20971K(21568K)->20971K(21568K)
[732.297s][info][gc             ] GC(213) Pause Young (Allocation Failure) 3484M->964M(8098M) 91.976ms
[732.297s][info][gc,cpu         ] GC(213) User=0.17s Sys=0.06s Real=0.09s
[736.612s][info][gc,start       ] GC(214) Pause Young (Allocation Failure)
[736.703s][info][gc,heap        ] GC(214) PSYoungGen: 2668224K(2699776K)->63200K(2697728K) Eden: 2601472K(2601472K)->0K(2601472K) From: 66752K(98304K)->63200K(96256K)
[736.703s][info][gc,heap        ] GC(214) ParOldGen: 921057K(5592576K)->958593K(5592576K)
[736.703s][info][gc,metaspace   ] GC(214) Metaspace: 135347K(136704K)->135347K(136704K) NonClass: 114375K(115136K)->114375K(115136K) Class: 20971K(21568K)->20971K(21568K)
[736.703s][info][gc             ] GC(214) Pause Young (Allocation Failure) 3505M->997M(8096M) 91.387ms
[736.703s][info][gc,cpu         ] GC(214) User=0.14s Sys=0.09s Real=0.09s
[739.795s][info][gc,start       ] GC(215) Pause Young (Allocation Failure)
[739.880s][info][gc,heap        ] GC(215) PSYoungGen: 2664672K(2697728K)->34336K(2698752K) Eden: 2601472K(2601472K)->0K(2605568K) From: 63200K(96256K)->34336K(93184K)
[739.880s][info][gc,heap        ] GC(215) ParOldGen: 958593K(5592576K)->986353K(5592576K)
[739.880s][info][gc,metaspace   ] GC(215) Metaspace: 135348K(136704K)->135348K(136704K) NonClass: 114376K(115136K)->114376K(115136K) Class: 20971K(21568K)->20971K(21568K)
[739.880s][info][gc             ] GC(215) Pause Young (Allocation Failure) 3538M->996M(8097M) 85.118ms
[739.880s][info][gc,cpu         ] GC(215) User=0.09s Sys=0.00s Real=0.08s
[743.691s][info][gc,start       ] GC(216) Pause Young (Allocation Failure)
[743.762s][info][gc,heap        ] GC(216) PSYoungGen: 2639904K(2698752K)->59104K(2700800K) Eden: 2605568K(2605568K)->0K(2605568K) From: 34336K(93184K)->59104K(95232K)
[743.762s][info][gc,heap        ] GC(216) ParOldGen: 986353K(5592576K)->1015463K(5592576K)
[743.762s][info][gc,metaspace   ] GC(216) Metaspace: 135350K(136704K)->135350K(136704K) NonClass: 114378K(115136K)->114378K(115136K) Class: 20971K(21568K)->20971K(21568K)
[743.762s][info][gc             ] GC(216) Pause Young (Allocation Failure) 3541M->1049M(8099M) 71.330ms
[743.762s][info][gc,cpu         ] GC(216) User=0.09s Sys=0.00s Real=0.07s
[746.936s][info][gc,start       ] GC(217) Pause Young (Allocation Failure)
[747.080s][info][gc,heap        ] GC(217) PSYoungGen: 2664672K(2700800K)->59760K(2707456K) Eden: 2605568K(2605568K)->0K(2615808K) From: 59104K(95232K)->59760K(91648K)
[747.080s][info][gc,heap        ] GC(217) ParOldGen: 1015463K(5592576K)->1062661K(5592576K)
[747.080s][info][gc,metaspace   ] GC(217) Metaspace: 135350K(136704K)->135350K(136704K) NonClass: 114378K(115136K)->114378K(115136K) Class: 20971K(21568K)->20971K(21568K)
[747.080s][info][gc             ] GC(217) Pause Young (Allocation Failure) 3593M->1096M(8105M) 143.869ms
[747.080s][info][gc,cpu         ] GC(217) User=0.27s Sys=0.09s Real=0.14s
[750.479s][info][gc,start       ] GC(218) Pause Young (Allocation Failure)
[750.575s][info][gc,heap        ] GC(218) PSYoungGen: 2675568K(2707456K)->71312K(2704384K) Eden: 2615808K(2615808K)->0K(2615808K) From: 59760K(91648K)->71312K(88576K)
[750.575s][info][gc,heap        ] GC(218) ParOldGen: 1062661K(5592576K)->1099068K(5592576K)
[750.575s][info][gc,metaspace   ] GC(218) Metaspace: 135352K(136768K)->135352K(136768K) NonClass: 114381K(115200K)->114381K(115200K) Class: 20971K(21568K)->20971K(21568K)
[750.575s][info][gc             ] GC(218) Pause Young (Allocation Failure) 3650M->1142M(8102M) 95.538ms
[750.575s][info][gc,cpu         ] GC(218) User=0.08s Sys=0.00s Real=0.10s
[753.608s][info][gc,start       ] GC(219) Pause Young (Allocation Failure)
[753.695s][info][gc,heap        ] GC(219) PSYoungGen: 2687120K(2704384K)->62592K(2708480K) Eden: 2615808K(2615808K)->0K(2618368K) From: 71312K(88576K)->62592K(90112K)
[753.695s][info][gc,heap        ] GC(219) ParOldGen: 1099068K(5592576K)->1129726K(5592576K)
[753.695s][info][gc,metaspace   ] GC(219) Metaspace: 135355K(136768K)->135355K(136768K) NonClass: 114384K(115200K)->114384K(115200K) Class: 20971K(21568K)->20971K(21568K)
[753.695s][info][gc             ] GC(219) Pause Young (Allocation Failure) 3697M->1164M(8106M) 87.616ms
[753.695s][info][gc,cpu         ] GC(219) User=0.11s Sys=0.06s Real=0.09s
[756.720s][info][gc,start       ] GC(220) Pause Young (Allocation Failure)
[756.801s][info][gc,heap        ] GC(220) PSYoungGen: 2680960K(2708480K)->37072K(2705920K) Eden: 2618368K(2618368K)->0K(2618368K) From: 62592K(90112K)->37072K(87552K)
[756.801s][info][gc,heap        ] GC(220) ParOldGen: 1129726K(5592576K)->1146739K(5592576K)
[756.801s][info][gc,metaspace   ] GC(220) Metaspace: 135361K(136768K)->135361K(136768K) NonClass: 114389K(115200K)->114389K(115200K) Class: 20971K(21568K)->20971K(21568K)
[756.801s][info][gc             ] GC(220) Pause Young (Allocation Failure) 3721M->1156M(8104M) 80.928ms
[756.801s][info][gc,cpu         ] GC(220) User=0.08s Sys=0.00s Real=0.08s
[761.917s][info][gc,start       ] GC(221) Pause Young (Allocation Failure)
[761.990s][info][gc,heap        ] GC(221) PSYoungGen: 2655440K(2705920K)->40144K(2705920K) Eden: 2618368K(2618368K)->0K(2616832K) From: 37072K(87552K)->40144K(89088K)
[761.990s][info][gc,heap        ] GC(221) ParOldGen: 1146739K(5592576K)->1165058K(5592576K)
[761.990s][info][gc,metaspace   ] GC(221) Metaspace: 135361K(136768K)->135361K(136768K) NonClass: 114390K(115200K)->114390K(115200K) Class: 20971K(21568K)->20971K(21568K)
[761.990s][info][gc             ] GC(221) Pause Young (Allocation Failure) 3713M->1176M(8104M) 73.311ms
[761.990s][info][gc,cpu         ] GC(221) User=0.14s Sys=0.00s Real=0.07s
[765.631s][info][gc,start       ] GC(222) Pause Young (Allocation Failure)
[765.730s][info][gc,heap        ] GC(222) PSYoungGen: 2656976K(2705920K)->56880K(2706432K) Eden: 2616832K(2616832K)->0K(2616832K) From: 40144K(89088K)->56880K(89600K)
[765.730s][info][gc,heap        ] GC(222) ParOldGen: 1165058K(5592576K)->1199567K(5592576K)
[765.730s][info][gc,metaspace   ] GC(222) Metaspace: 135361K(136768K)->135361K(136768K) NonClass: 114390K(115200K)->114390K(115200K) Class: 20971K(21568K)->20971K(21568K)
[765.730s][info][gc             ] GC(222) Pause Young (Allocation Failure) 3732M->1226M(8104M) 99.938ms
[765.731s][info][gc,cpu         ] GC(222) User=0.19s Sys=0.09s Real=0.10s
[768.704s][info][gc,start       ] GC(223) Pause Young (Allocation Failure)
[768.839s][info][gc,heap        ] GC(223) PSYoungGen: 2673712K(2706432K)->55872K(2712576K) Eden: 2616832K(2616832K)->0K(2626560K) From: 56880K(89600K)->55872K(86016K)
[768.839s][info][gc,heap        ] GC(223) ParOldGen: 1199567K(5592576K)->1245642K(5592576K)
[768.839s][info][gc,metaspace   ] GC(223) Metaspace: 135362K(136768K)->135362K(136768K) NonClass: 114390K(115200K)->114390K(115200K) Class: 20971K(21568K)->20971K(21568K)
[768.839s][info][gc             ] GC(223) Pause Young (Allocation Failure) 3782M->1271M(8110M) 135.755ms
[768.840s][info][gc,cpu         ] GC(223) User=0.11s Sys=0.00s Real=0.14s
[771.956s][info][gc,start       ] GC(224) Pause Young (Allocation Failure)
[772.047s][info][gc,heap        ] GC(224) PSYoungGen: 2682432K(2712576K)->70592K(2710016K) Eden: 2626560K(2626560K)->0K(2626560K) From: 55872K(86016K)->70592K(83456K)
[772.047s][info][gc,heap        ] GC(224) ParOldGen: 1245642K(5592576K)->1281770K(5592576K)
[772.047s][info][gc,metaspace   ] GC(224) Metaspace: 135375K(136768K)->135375K(136768K) NonClass: 114403K(115200K)->114403K(115200K) Class: 20971K(21568K)->20971K(21568K)
[772.047s][info][gc             ] GC(224) Pause Young (Allocation Failure) 3836M->1320M(8108M) 90.825ms
[772.047s][info][gc,cpu         ] GC(224) User=0.09s Sys=0.08s Real=0.09s
[775.260s][info][gc,start       ] GC(225) Pause Young (Allocation Failure)
[775.329s][info][gc,heap        ] GC(225) PSYoungGen: 2697152K(2710016K)->64400K(2710528K) Eden: 2626560K(2626560K)->0K(2624512K) From: 70592K(83456K)->64400K(86016K)
[775.329s][info][gc,heap        ] GC(225) ParOldGen: 1281770K(5592576K)->1308656K(5592576K)
[775.329s][info][gc,metaspace   ] GC(225) Metaspace: 135376K(136768K)->135376K(136768K) NonClass: 114405K(115200K)->114405K(115200K) Class: 20971K(21568K)->20971K(21568K)
[775.329s][info][gc             ] GC(225) Pause Young (Allocation Failure) 3885M->1340M(8108M) 69.073ms
[775.329s][info][gc,cpu         ] GC(225) User=0.22s Sys=0.06s Real=0.07s
[778.296s][info][gc,start       ] GC(226) Pause Young (Allocation Failure)
[778.328s][info][gc,heap        ] GC(226) PSYoungGen: 2688912K(2710528K)->35872K(2660864K) Eden: 2624512K(2624512K)->0K(2624512K) From: 64400K(86016K)->35872K(36352K)
[778.328s][info][gc,heap        ] GC(226) ParOldGen: 1308656K(5592576K)->1319486K(5592576K)
[778.328s][info][gc,metaspace   ] GC(226) Metaspace: 135376K(136768K)->135376K(136768K) NonClass: 114405K(115200K)->114405K(115200K) Class: 20971K(21568K)->20971K(21568K)
[778.328s][info][gc             ] GC(226) Pause Young (Allocation Failure) 3903M->1323M(8060M) 32.132ms
[778.328s][info][gc,cpu         ] GC(226) User=0.08s Sys=0.02s Real=0.03s
[783.168s][info][gc,start       ] GC(227) Pause Young (Allocation Failure)
[783.217s][info][gc,heap        ] GC(227) PSYoungGen: 2660384K(2660864K)->40064K(2709504K) Eden: 2624512K(2624512K)->0K(2622976K) From: 35872K(36352K)->40064K(86528K)
[783.217s][info][gc,heap        ] GC(227) ParOldGen: 1319486K(5592576K)->1338256K(5592576K)
[783.217s][info][gc,metaspace   ] GC(227) Metaspace: 135381K(136768K)->135381K(136768K) NonClass: 114409K(115200K)->114409K(115200K) Class: 20971K(21568K)->20971K(21568K)
[783.217s][info][gc             ] GC(227) Pause Young (Allocation Failure) 3886M->1346M(8107M) 48.787ms
[783.217s][info][gc,cpu         ] GC(227) User=0.02s Sys=0.06s Real=0.05s
[786.954s][info][gc,start       ] GC(228) Pause Young (Allocation Failure)
[787.042s][info][gc,heap        ] GC(228) PSYoungGen: 2663040K(2709504K)->74832K(2698240K) Eden: 2622976K(2622976K)->0K(2622976K) From: 40064K(86528K)->74832K(75264K)
[787.042s][info][gc,heap        ] GC(228) ParOldGen: 1338256K(5592576K)->1373390K(5592576K)
[787.042s][info][gc,metaspace   ] GC(228) Metaspace: 135384K(136768K)->135384K(136768K) NonClass: 114412K(115200K)->114412K(115200K) Class: 20971K(21568K)->20971K(21568K)
[787.042s][info][gc             ] GC(228) Pause Young (Allocation Failure) 3907M->1414M(8096M) 87.332ms
[787.042s][info][gc,cpu         ] GC(228) User=0.05s Sys=0.02s Real=0.09s
[790.176s][info][gc,start       ] GC(229) Pause Young (Allocation Failure)
[790.296s][info][gc,heap        ] GC(229) PSYoungGen: 2697808K(2698240K)->67424K(2704384K) Eden: 2622976K(2622976K)->0K(2613760K) From: 74832K(75264K)->67424K(90624K)
[790.296s][info][gc,heap        ] GC(229) ParOldGen: 1373390K(5592576K)->1422159K(5592576K)
[790.296s][info][gc,metaspace   ] GC(229) Metaspace: 135387K(136768K)->135387K(136768K) NonClass: 114415K(115200K)->114415K(115200K) Class: 20971K(21568K)->20971K(21568K)
[790.296s][info][gc             ] GC(229) Pause Young (Allocation Failure) 3975M->1454M(8102M) 120.762ms
[790.296s][info][gc,cpu         ] GC(229) User=0.14s Sys=0.00s Real=0.12s
[793.200s][info][gc,start       ] GC(230) Pause Young (Allocation Failure)
[793.327s][info][gc,heap        ] GC(230) PSYoungGen: 2681184K(2704384K)->78528K(2692608K) Eden: 2613760K(2613760K)->0K(2613760K) From: 67424K(90624K)->78528K(78848K)
[793.327s][info][gc,heap        ] GC(230) ParOldGen: 1422159K(5592576K)->1473258K(5592576K)
[793.327s][info][gc,metaspace   ] GC(230) Metaspace: 135397K(136768K)->135397K(136768K) NonClass: 114426K(115200K)->114426K(115200K) Class: 20971K(21568K)->20971K(21568K)
[793.327s][info][gc             ] GC(230) Pause Young (Allocation Failure) 4007M->1515M(8091M) 126.488ms
[793.327s][info][gc,cpu         ] GC(230) User=0.09s Sys=0.03s Real=0.13s
[796.432s][info][gc,start       ] GC(231) Pause Young (Allocation Failure)
[796.516s][info][gc,heap        ] GC(231) PSYoungGen: 2692288K(2692608K)->74176K(2697216K) Eden: 2613760K(2613760K)->0K(2601472K) From: 78528K(78848K)->74176K(95744K)
[796.516s][info][gc,heap        ] GC(231) ParOldGen: 1473258K(5592576K)->1506499K(5592576K)
[796.516s][info][gc,metaspace   ] GC(231) Metaspace: 135397K(136768K)->135397K(136768K) NonClass: 114426K(115200K)->114426K(115200K) Class: 20971K(21568K)->20971K(21568K)
[796.516s][info][gc             ] GC(231) Pause Young (Allocation Failure) 4067M->1543M(8095M) 83.956ms
[796.516s][info][gc,cpu         ] GC(231) User=0.02s Sys=0.02s Real=0.08s
[799.664s][info][gc,start       ] GC(232) Pause Young (Allocation Failure)
[799.755s][info][gc,heap        ] GC(232) PSYoungGen: 2675648K(2697216K)->37984K(2639872K) Eden: 2601472K(2601472K)->0K(2601472K) From: 74176K(95744K)->37984K(38400K)
[799.755s][info][gc,heap        ] GC(232) ParOldGen: 1506499K(5592576K)->1541431K(5592576K)
[799.755s][info][gc,metaspace   ] GC(232) Metaspace: 135399K(136768K)->135399K(136768K) NonClass: 114427K(115200K)->114427K(115200K) Class: 20971K(21568K)->20971K(21568K)
[799.755s][info][gc             ] GC(232) Pause Young (Allocation Failure) 4084M->1542M(8039M) 90.940ms
[799.755s][info][gc,cpu         ] GC(232) User=0.00s Sys=0.00s Real=0.09s
[803.406s][info][gc,start       ] GC(233) Pause Young (Allocation Failure)
[803.462s][info][gc,heap        ] GC(233) PSYoungGen: 2639456K(2639872K)->37216K(2698240K) Eden: 2601472K(2601472K)->0K(2600448K) From: 37984K(38400K)->37216K(97792K)
[803.462s][info][gc,heap        ] GC(233) ParOldGen: 1541431K(5592576K)->1560839K(5592576K)
[803.462s][info][gc,metaspace   ] GC(233) Metaspace: 135402K(136768K)->135402K(136768K) NonClass: 114430K(115200K)->114430K(115200K) Class: 20971K(21568K)->20971K(21568K)
[803.462s][info][gc             ] GC(233) Pause Young (Allocation Failure) 4082M->1560M(8096M) 56.001ms
[803.462s][info][gc,cpu         ] GC(233) User=0.11s Sys=0.02s Real=0.05s
[807.916s][info][gc,start       ] GC(234) Pause Young (Allocation Failure)
[807.995s][info][gc,heap        ] GC(234) PSYoungGen: 2637664K(2698240K)->45600K(2698240K) Eden: 2600448K(2600448K)->0K(2600448K) From: 37216K(97792K)->45600K(97792K)
[807.995s][info][gc,heap        ] GC(234) ParOldGen: 1560839K(5592576K)->1591274K(5592576K)
[807.995s][info][gc,metaspace   ] GC(234) Metaspace: 135403K(136768K)->135403K(136768K) NonClass: 114432K(115200K)->114432K(115200K) Class: 20971K(21568K)->20971K(21568K)
[807.995s][info][gc             ] GC(234) Pause Young (Allocation Failure) 4100M->1598M(8096M) 78.545ms
[807.995s][info][gc,cpu         ] GC(234) User=0.12s Sys=0.02s Real=0.08s
[811.124s][info][gc,start       ] GC(235) Pause Young (Allocation Failure)
[811.219s][info][gc,heap        ] GC(235) PSYoungGen: 2646048K(2698240K)->53696K(2703872K) Eden: 2600448K(2600448K)->0K(2608128K) From: 45600K(97792K)->53696K(95744K)
[811.219s][info][gc,heap        ] GC(235) ParOldGen: 1591274K(5592576K)->1629801K(5592576K)
[811.219s][info][gc,metaspace   ] GC(235) Metaspace: 135416K(136768K)->135416K(136768K) NonClass: 114443K(115200K)->114443K(115200K) Class: 20973K(21568K)->20973K(21568K)
[811.219s][info][gc             ] GC(235) Pause Young (Allocation Failure) 4138M->1644M(8102M) 95.111ms
[811.219s][info][gc,cpu         ] GC(235) User=0.05s Sys=0.08s Real=0.10s
[814.655s][info][gc,start       ] GC(236) Pause Young (Allocation Failure)
[814.742s][info][gc,heap        ] GC(236) PSYoungGen: 2661824K(2703872K)->78320K(2686464K) Eden: 2608128K(2608128K)->0K(2608128K) From: 53696K(95744K)->78320K(78336K)
[814.742s][info][gc,heap        ] GC(236) ParOldGen: 1629801K(5592576K)->1661448K(5592576K)
[814.742s][info][gc,metaspace   ] GC(236) Metaspace: 135429K(136768K)->135429K(136768K) NonClass: 114456K(115200K)->114456K(115200K) Class: 20973K(21568K)->20973K(21568K)
[814.742s][info][gc             ] GC(236) Pause Young (Allocation Failure) 4191M->1698M(8085M) 86.627ms
[814.742s][info][gc,cpu         ] GC(236) User=0.17s Sys=0.00s Real=0.09s
[817.801s][info][gc,start       ] GC(237) Pause Young (Allocation Failure)
[817.884s][info][gc,heap        ] GC(237) PSYoungGen: 2686448K(2686464K)->58400K(2702848K) Eden: 2608128K(2608128K)->0K(2606080K) From: 78320K(78336K)->58400K(96768K)
[817.885s][info][gc,heap        ] GC(237) ParOldGen: 1661448K(5592576K)->1694423K(5592576K)
[817.885s][info][gc,metaspace   ] GC(237) Metaspace: 135467K(136832K)->135467K(136832K) NonClass: 114489K(115264K)->114489K(115264K) Class: 20978K(21568K)->20978K(21568K)
[817.885s][info][gc             ] GC(237) Pause Young (Allocation Failure) 4245M->1711M(8101M) 83.930ms
[817.885s][info][gc,cpu         ] GC(237) User=0.17s Sys=0.03s Real=0.08s
[821.240s][info][gc,start       ] GC(238) Pause Young (Allocation Failure)
[821.307s][info][gc,heap        ] GC(238) PSYoungGen: 2664480K(2702848K)->48544K(2699264K) Eden: 2606080K(2606080K)->0K(2606080K) From: 58400K(96768K)->48544K(93184K)
[821.307s][info][gc,heap        ] GC(238) ParOldGen: 1694423K(5592576K)->1719913K(5592576K)
[821.307s][info][gc,metaspace   ] GC(238) Metaspace: 135510K(136832K)->135510K(136832K) NonClass: 114524K(115264K)->114524K(115264K) Class: 20985K(21568K)->20985K(21568K)
[821.307s][info][gc             ] GC(238) Pause Young (Allocation Failure) 4256M->1727M(8097M) 67.135ms
[821.307s][info][gc,cpu         ] GC(238) User=0.00s Sys=0.00s Real=0.07s
[825.139s][info][gc,start       ] GC(239) Pause Young (Allocation Failure)
[825.202s][info][gc,heap        ] GC(239) PSYoungGen: 2654624K(2699264K)->36816K(2704896K) Eden: 2606080K(2606080K)->0K(2613760K) From: 48544K(93184K)->36816K(91136K)
[825.202s][info][gc,heap        ] GC(239) ParOldGen: 1719913K(5592576K)->1744380K(5592576K)
[825.202s][info][gc,metaspace   ] GC(239) Metaspace: 135510K(136832K)->135510K(136832K) NonClass: 114525K(115264K)->114525K(115264K) Class: 20985K(21568K)->20985K(21568K)
[825.202s][info][gc             ] GC(239) Pause Young (Allocation Failure) 4272M->1739M(8103M) 63.028ms
[825.203s][info][gc,cpu         ] GC(239) User=0.16s Sys=0.00s Real=0.06s
[828.556s][info][gc,start       ] GC(240) Pause Young (Allocation Failure)
[828.630s][info][gc,heap        ] GC(240) PSYoungGen: 2650576K(2704896K)->41312K(2704896K) Eden: 2613760K(2613760K)->0K(2613760K) From: 36816K(91136K)->41312K(91136K)
[828.630s][info][gc,heap        ] GC(240) ParOldGen: 1744380K(5592576K)->1774230K(5592576K)
[828.630s][info][gc,metaspace   ] GC(240) Metaspace: 135514K(136896K)->135514K(136896K) NonClass: 114529K(115328K)->114529K(115328K) Class: 20985K(21568K)->20985K(21568K)
[828.630s][info][gc             ] GC(240) Pause Young (Allocation Failure) 4291M->1772M(8103M) 73.520ms
[828.630s][info][gc,cpu         ] GC(240) User=0.03s Sys=0.00s Real=0.07s
[833.784s][info][gc,start       ] GC(241) Pause Young (Allocation Failure)
[833.871s][info][gc,heap        ] GC(241) PSYoungGen: 2655072K(2704896K)->36128K(2706944K) Eden: 2613760K(2613760K)->0K(2616832K) From: 41312K(91136K)->36128K(90112K)
[833.871s][info][gc,heap        ] GC(241) ParOldGen: 1774230K(5592576K)->1809598K(5592576K)
[833.871s][info][gc,metaspace   ] GC(241) Metaspace: 135518K(136896K)->135518K(136896K) NonClass: 114533K(115328K)->114533K(115328K) Class: 20985K(21568K)->20985K(21568K)
[833.871s][info][gc             ] GC(241) Pause Young (Allocation Failure) 4325M->1802M(8105M) 86.860ms
[833.871s][info][gc,cpu         ] GC(241) User=0.08s Sys=0.08s Real=0.09s
[837.092s][info][gc,start       ] GC(242) Pause Young (Allocation Failure)
[837.160s][info][gc,heap        ] GC(242) PSYoungGen: 2652960K(2706944K)->53936K(2705920K) Eden: 2616832K(2616832K)->0K(2616832K) From: 36128K(90112K)->53936K(89088K)
[837.160s][info][gc,heap        ] GC(242) ParOldGen: 1809598K(5592576K)->1835331K(5592576K)
[837.160s][info][gc,metaspace   ] GC(242) Metaspace: 135522K(136896K)->135522K(136896K) NonClass: 114536K(115328K)->114536K(115328K) Class: 20985K(21568K)->20985K(21568K)
[837.160s][info][gc             ] GC(242) Pause Young (Allocation Failure) 4357M->1844M(8104M) 68.257ms
[837.160s][info][gc,cpu         ] GC(242) User=0.17s Sys=0.06s Real=0.07s
[840.427s][info][gc,start       ] GC(243) Pause Young (GCLocker Initiated GC)
[840.524s][info][gc,heap        ] GC(243) PSYoungGen: 2670768K(2705920K)->66736K(2705408K) Eden: 2616832K(2616832K)->0K(2618880K) From: 53936K(89088K)->66736K(86528K)
[840.524s][info][gc,heap        ] GC(243) ParOldGen: 1835331K(5592576K)->1873292K(5592576K)
[840.524s][info][gc,metaspace   ] GC(243) Metaspace: 135526K(136896K)->135526K(136896K) NonClass: 114540K(115328K)->114540K(115328K) Class: 20985K(21568K)->20985K(21568K)
[840.524s][info][gc             ] GC(243) Pause Young (GCLocker Initiated GC) 4400M->1894M(8103M) 96.437ms
[840.524s][info][gc,cpu         ] GC(243) User=0.22s Sys=0.06s Real=0.10s
[843.588s][info][gc,start       ] GC(244) Pause Young (Allocation Failure)
[843.692s][info][gc,heap        ] GC(244) PSYoungGen: 2685616K(2705408K)->49504K(2707456K) Eden: 2618880K(2618880K)->0K(2618880K) From: 66736K(86528K)->49504K(88576K)
[843.692s][info][gc,heap        ] GC(244) ParOldGen: 1873294K(5592576K)->1906825K(5592576K)
[843.692s][info][gc,metaspace   ] GC(244) Metaspace: 135527K(136896K)->135527K(136896K) NonClass: 114541K(115328K)->114541K(115328K) Class: 20985K(21568K)->20985K(21568K)
[843.692s][info][gc             ] GC(244) Pause Young (Allocation Failure) 4452M->1910M(8105M) 104.663ms
[843.692s][info][gc,cpu         ] GC(244) User=0.03s Sys=0.03s Real=0.11s
[846.632s][info][gc,start       ] GC(245) Pause Young (Allocation Failure)
[846.683s][info][gc,heap        ] GC(245) PSYoungGen: 2668384K(2707456K)->56384K(2712576K) Eden: 2618880K(2618880K)->0K(2627072K) From: 49504K(88576K)->56384K(85504K)
[846.683s][info][gc,heap        ] GC(245) ParOldGen: 1906825K(5592576K)->1925201K(5592576K)
[846.683s][info][gc,metaspace   ] GC(245) Metaspace: 135528K(136896K)->135528K(136896K) NonClass: 114542K(115328K)->114542K(115328K) Class: 20985K(21568K)->20985K(21568K)
[846.683s][info][gc             ] GC(245) Pause Young (Allocation Failure) 4467M->1935M(8110M) 50.558ms
[846.683s][info][gc,cpu         ] GC(245) User=0.08s Sys=0.02s Real=0.05s
[850.572s][info][gc,start       ] GC(246) Pause Young (Allocation Failure)
[850.638s][info][gc,heap        ] GC(246) PSYoungGen: 2683456K(2712576K)->41856K(2710528K) Eden: 2627072K(2627072K)->0K(2627072K) From: 56384K(85504K)->41856K(83456K)
[850.638s][info][gc,heap        ] GC(246) ParOldGen: 1925201K(5592576K)->1950406K(5592576K)
[850.638s][info][gc,metaspace   ] GC(246) Metaspace: 135538K(136896K)->135538K(136896K) NonClass: 114553K(115328K)->114553K(115328K) Class: 20985K(21568K)->20985K(21568K)
[850.638s][info][gc             ] GC(246) Pause Young (Allocation Failure) 4500M->1945M(8108M) 65.596ms
[850.638s][info][gc,cpu         ] GC(246) User=0.08s Sys=0.03s Real=0.07s
[854.068s][info][gc,start       ] GC(247) Pause Young (Allocation Failure)
[854.145s][info][gc,heap        ] GC(247) PSYoungGen: 2668928K(2710528K)->37888K(2714112K) Eden: 2627072K(2627072K)->0K(2631680K) From: 41856K(83456K)->37888K(82432K)
[854.145s][info][gc,heap        ] GC(247) ParOldGen: 1950406K(5592576K)->1982268K(5592576K)
[854.145s][info][gc,metaspace   ] GC(247) Metaspace: 135541K(136896K)->135541K(136896K) NonClass: 114555K(115328K)->114555K(115328K) Class: 20985K(21568K)->20985K(21568K)
[854.145s][info][gc             ] GC(247) Pause Young (Allocation Failure) 4511M->1972M(8112M) 77.038ms
[854.145s][info][gc,cpu         ] GC(247) User=0.31s Sys=0.06s Real=0.08s
[857.320s][info][gc,start       ] GC(248) Pause Young (GCLocker Initiated GC)
[857.396s][info][gc,heap        ] GC(248) PSYoungGen: 2669568K(2714112K)->63968K(2694144K) Eden: 2631680K(2631680K)->0K(2630144K) From: 37888K(82432K)->63968K(64000K)
[857.396s][info][gc,heap        ] GC(248) ParOldGen: 1982286K(5592576K)->2011676K(5592576K)
[857.396s][info][gc,metaspace   ] GC(248) Metaspace: 135541K(136896K)->135541K(136896K) NonClass: 114555K(115328K)->114555K(115328K) Class: 20985K(21568K)->20985K(21568K)
[857.396s][info][gc             ] GC(248) Pause Young (GCLocker Initiated GC) 4542M->2026M(8092M) 75.879ms
[857.396s][info][gc,cpu         ] GC(248) User=0.08s Sys=0.00s Real=0.07s
[860.205s][info][gc,start       ] GC(249) Pause Young (Allocation Failure)
[860.315s][info][gc,heap        ] GC(249) PSYoungGen: 2694112K(2694144K)->78928K(2698752K) Eden: 2630144K(2630144K)->0K(2614784K) From: 63968K(64000K)->78928K(83968K)
[860.315s][info][gc,heap        ] GC(249) ParOldGen: 2011690K(5592576K)->2055760K(5592576K)
[860.315s][info][gc,metaspace   ] GC(249) Metaspace: 135541K(136896K)->135541K(136896K) NonClass: 114555K(115328K)->114555K(115328K) Class: 20985K(21568K)->20985K(21568K)
[860.315s][info][gc             ] GC(249) Pause Young (Allocation Failure) 4595M->2084M(8097M) 110.333ms
[860.315s][info][gc,cpu         ] GC(249) User=0.08s Sys=0.06s Real=0.11s
[862.912s][info][gc,start       ] GC(250) Pause Young (Allocation Failure)
[863.008s][info][gc,heap        ] GC(250) PSYoungGen: 2693712K(2698752K)->74832K(2690048K) Eden: 2614784K(2614784K)->0K(2614784K) From: 78928K(83968K)->74832K(75264K)
[863.008s][info][gc,heap        ] GC(250) ParOldGen: 2055760K(5592576K)->2095115K(5592576K)
[863.008s][info][gc,metaspace   ] GC(250) Metaspace: 135541K(136896K)->135541K(136896K) NonClass: 114555K(115328K)->114555K(115328K) Class: 20985K(21568K)->20985K(21568K)
[863.008s][info][gc             ] GC(250) Pause Young (Allocation Failure) 4638M->2119M(8088M) 96.648ms
[863.008s][info][gc,cpu         ] GC(250) User=0.09s Sys=0.00s Real=0.10s
[867.711s][info][gc,start       ] GC(251) Pause Young (Allocation Failure)
[867.768s][info][gc,heap        ] GC(251) PSYoungGen: 2689616K(2690048K)->54976K(2704896K) Eden: 2614784K(2614784K)->0K(2610688K) From: 74832K(75264K)->54976K(94208K)
[867.768s][info][gc,heap        ] GC(251) ParOldGen: 2095115K(5592576K)->2113670K(5592576K)
[867.768s][info][gc,metaspace   ] GC(251) Metaspace: 135543K(136896K)->135543K(136896K) NonClass: 114557K(115328K)->114557K(115328K) Class: 20985K(21568K)->20985K(21568K)
[867.768s][info][gc             ] GC(251) Pause Young (Allocation Failure) 4672M->2117M(8103M) 56.306ms
[867.768s][info][gc,cpu         ] GC(251) User=0.17s Sys=0.03s Real=0.06s
[871.683s][info][gc,start       ] GC(252) Pause Young (Allocation Failure)
[871.746s][info][gc,heap        ] GC(252) PSYoungGen: 2665664K(2704896K)->40608K(2701824K) Eden: 2610688K(2610688K)->0K(2610688K) From: 54976K(94208K)->40608K(91136K)
[871.746s][info][gc,heap        ] GC(252) ParOldGen: 2113670K(5592576K)->2137190K(5592576K)
[871.746s][info][gc,metaspace   ] GC(252) Metaspace: 135543K(136896K)->135543K(136896K) NonClass: 114557K(115328K)->114557K(115328K) Class: 20985K(21568K)->20985K(21568K)
[871.746s][info][gc             ] GC(252) Pause Young (Allocation Failure) 4667M->2126M(8100M) 62.765ms
[871.746s][info][gc,cpu         ] GC(252) User=0.05s Sys=0.00s Real=0.06s
[875.441s][info][gc,start       ] GC(253) Pause Young (Allocation Failure)
[875.515s][info][gc,heap        ] GC(253) PSYoungGen: 2651296K(2701824K)->39456K(2706432K) Eden: 2610688K(2610688K)->0K(2616320K) From: 40608K(91136K)->39456K(90112K)
[875.515s][info][gc,heap        ] GC(253) ParOldGen: 2137190K(5592576K)->2167436K(5592576K)
[875.515s][info][gc,metaspace   ] GC(253) Metaspace: 135547K(136896K)->135547K(136896K) NonClass: 114561K(115328K)->114561K(115328K) Class: 20985K(21568K)->20985K(21568K)
[875.515s][info][gc             ] GC(253) Pause Young (Allocation Failure) 4676M->2155M(8104M) 74.339ms
[875.515s][info][gc,cpu         ] GC(253) User=0.16s Sys=0.19s Real=0.07s
[878.819s][info][gc,start       ] GC(254) Pause Young (Allocation Failure)
[878.886s][info][gc,heap        ] GC(254) PSYoungGen: 2655776K(2706432K)->58992K(2705920K) Eden: 2616320K(2616320K)->0K(2616320K) From: 39456K(90112K)->58992K(89600K)
[878.886s][info][gc,heap        ] GC(254) ParOldGen: 2167436K(5592576K)->2195593K(5592576K)
[878.886s][info][gc,metaspace   ] GC(254) Metaspace: 135547K(136896K)->135547K(136896K) NonClass: 114561K(115328K)->114561K(115328K) Class: 20985K(21568K)->20985K(21568K)
[878.886s][info][gc             ] GC(254) Pause Young (Allocation Failure) 4710M->2201M(8104M) 67.256ms
[878.886s][info][gc,cpu         ] GC(254) User=0.05s Sys=0.00s Real=0.07s
[881.952s][info][gc,start       ] GC(255) Pause Young (Allocation Failure)
[882.046s][info][gc,heap        ] GC(255) PSYoungGen: 2675312K(2705920K)->72336K(2701824K) Eden: 2616320K(2616320K)->0K(2613760K) From: 58992K(89600K)->72336K(88064K)
[882.046s][info][gc,heap        ] GC(255) ParOldGen: 2195593K(5592576K)->2235073K(5592576K)
[882.046s][info][gc,metaspace   ] GC(255) Metaspace: 135547K(136896K)->135547K(136896K) NonClass: 114561K(115328K)->114561K(115328K) Class: 20985K(21568K)->20985K(21568K)
[882.046s][info][gc             ] GC(255) Pause Young (Allocation Failure) 4756M->2253M(8100M) 94.339ms
[882.046s][info][gc,cpu         ] GC(255) User=0.09s Sys=0.11s Real=0.10s
[884.628s][info][gc,start       ] GC(256) Pause Young (Allocation Failure)
[884.743s][info][gc,heap        ] GC(256) PSYoungGen: 2686096K(2701824K)->91120K(2704896K) Eden: 2613760K(2613760K)->0K(2613760K) From: 72336K(88064K)->91120K(91136K)
[884.744s][info][gc,heap        ] GC(256) ParOldGen: 2235073K(5592576K)->2281149K(5592576K)
[884.744s][info][gc,metaspace   ] GC(256) Metaspace: 135547K(136896K)->135547K(136896K) NonClass: 114561K(115328K)->114561K(115328K) Class: 20985K(21568K)->20985K(21568K)
[884.744s][info][gc             ] GC(256) Pause Young (Allocation Failure) 4805M->2316M(8103M) 115.250ms
[884.744s][info][gc,cpu         ] GC(256) User=0.12s Sys=0.02s Real=0.12s
[887.260s][info][gc,start       ] GC(257) Pause Young (Allocation Failure)
[887.314s][info][gc,heap        ] GC(257) PSYoungGen: 2704880K(2704896K)->71008K(2656768K) Eden: 2613760K(2613760K)->0K(2565632K) From: 91120K(91136K)->71008K(91136K)
[887.314s][info][gc,heap        ] GC(257) ParOldGen: 2281149K(5592576K)->2299664K(5592576K)
[887.314s][info][gc,metaspace   ] GC(257) Metaspace: 135548K(136896K)->135548K(136896K) NonClass: 114562K(115328K)->114562K(115328K) Class: 20985K(21568K)->20985K(21568K)
[887.314s][info][gc             ] GC(257) Pause Young (Allocation Failure) 4869M->2315M(8056M) 54.032ms
[887.314s][info][gc,cpu         ] GC(257) User=0.14s Sys=0.00s Real=0.05s
[891.008s][info][gc,start       ] GC(258) Pause Young (Allocation Failure)
[891.073s][info][gc,heap        ] GC(258) PSYoungGen: 2636640K(2656768K)->36160K(2680832K) Eden: 2565632K(2565632K)->0K(2565632K) From: 71008K(91136K)->36160K(115200K)
[891.073s][info][gc,heap        ] GC(258) ParOldGen: 2299664K(5592576K)->2325617K(5592576K)
[891.073s][info][gc,metaspace   ] GC(258) Metaspace: 135548K(136896K)->135548K(136896K) NonClass: 114562K(115328K)->114562K(115328K) Class: 20985K(21568K)->20985K(21568K)
[891.073s][info][gc             ] GC(258) Pause Young (Allocation Failure) 4820M->2306M(8079M) 64.820ms
[891.073s][info][gc,cpu         ] GC(258) User=0.17s Sys=0.09s Real=0.07s
[895.548s][info][gc,start       ] GC(259) Pause Young (Allocation Failure)
[895.618s][info][gc,heap        ] GC(259) PSYoungGen: 2601792K(2680832K)->35360K(2681856K) Eden: 2565632K(2565632K)->0K(2566656K) From: 36160K(115200K)->35360K(115200K)
[895.618s][info][gc,heap        ] GC(259) ParOldGen: 2325617K(5592576K)->2353793K(5592576K)
[895.618s][info][gc,metaspace   ] GC(259) Metaspace: 135548K(136896K)->135548K(136896K) NonClass: 114562K(115328K)->114562K(115328K) Class: 20985K(21568K)->20985K(21568K)
[895.618s][info][gc             ] GC(259) Pause Young (Allocation Failure) 4811M->2333M(8080M) 69.775ms
[895.618s][info][gc,cpu         ] GC(259) User=0.08s Sys=0.02s Real=0.07s
[899.636s][info][gc,start       ] GC(260) Pause Young (Allocation Failure)
[899.707s][info][gc,heap        ] GC(260) PSYoungGen: 2602016K(2681856K)->45696K(2680832K) Eden: 2566656K(2566656K)->0K(2566656K) From: 35360K(115200K)->45696K(114176K)
[899.707s][info][gc,heap        ] GC(260) ParOldGen: 2353793K(5592576K)->2382656K(5592576K)
[899.707s][info][gc,metaspace   ] GC(260) Metaspace: 135549K(136896K)->135549K(136896K) NonClass: 114563K(115328K)->114563K(115328K) Class: 20985K(21568K)->20985K(21568K)
[899.707s][info][gc             ] GC(260) Pause Young (Allocation Failure) 4839M->2371M(8079M) 70.735ms
[899.707s][info][gc,cpu         ] GC(260) User=0.03s Sys=0.00s Real=0.07s
[902.990s][info][gc,start       ] GC(261) Pause Young (Allocation Failure)
[903.072s][info][gc,heap        ] GC(261) PSYoungGen: 2612352K(2680832K)->51136K(2689024K) Eden: 2566656K(2566656K)->0K(2577920K) From: 45696K(114176K)->51136K(111104K)
[903.072s][info][gc,heap        ] GC(261) ParOldGen: 2382656K(5592576K)->2416433K(5592576K)
[903.072s][info][gc,metaspace   ] GC(261) Metaspace: 135549K(136896K)->135549K(136896K) NonClass: 114563K(115328K)->114563K(115328K) Class: 20985K(21568K)->20985K(21568K)
[903.072s][info][gc             ] GC(261) Pause Young (Allocation Failure) 4877M->2409M(8087M) 82.245ms
[903.072s][info][gc,cpu         ] GC(261) User=0.23s Sys=0.05s Real=0.08s
[906.084s][info][gc,start       ] GC(262) Pause Young (Allocation Failure)
[906.181s][info][gc,heap        ] GC(262) PSYoungGen: 2629056K(2689024K)->60160K(2684928K) Eden: 2577920K(2577920K)->0K(2577920K) From: 51136K(111104K)->60160K(107008K)
[906.181s][info][gc,heap        ] GC(262) ParOldGen: 2416433K(5592576K)->2456208K(5592576K)
[906.181s][info][gc,metaspace   ] GC(262) Metaspace: 135555K(136896K)->135555K(136896K) NonClass: 114569K(115328K)->114569K(115328K) Class: 20985K(21568K)->20985K(21568K)
[906.181s][info][gc             ] GC(262) Pause Young (Allocation Failure) 4927M->2457M(8083M) 96.329ms
[906.181s][info][gc,cpu         ] GC(262) User=0.09s Sys=0.22s Real=0.10s
[909.154s][info][gc,start       ] GC(263) Pause Young (Allocation Failure)
[909.240s][info][gc,heap        ] GC(263) PSYoungGen: 2638080K(2684928K)->89440K(2678784K) Eden: 2577920K(2577920K)->0K(2575872K) From: 60160K(107008K)->89440K(102912K)
[909.240s][info][gc,heap        ] GC(263) ParOldGen: 2456208K(5592576K)->2491791K(5592576K)
[909.240s][info][gc,metaspace   ] GC(263) Metaspace: 135557K(136896K)->135557K(136896K) NonClass: 114571K(115328K)->114571K(115328K) Class: 20985K(21568K)->20985K(21568K)
[909.240s][info][gc             ] GC(263) Pause Young (Allocation Failure) 4974M->2520M(8077M) 86.916ms
[909.240s][info][gc,cpu         ] GC(263) User=0.11s Sys=0.08s Real=0.09s
[912.747s][info][gc,start       ] GC(264) Pause Young (Allocation Failure)
[912.826s][info][gc,heap        ] GC(264) PSYoungGen: 2665312K(2678784K)->37008K(2685952K) Eden: 2575872K(2575872K)->0K(2575872K) From: 89440K(102912K)->37008K(110080K)
[912.826s][info][gc,heap        ] GC(264) ParOldGen: 2491791K(5592576K)->2526092K(5592576K)
[912.826s][info][gc,metaspace   ] GC(264) Metaspace: 135559K(136896K)->135559K(136896K) NonClass: 114573K(115328K)->114573K(115328K) Class: 20985K(21568K)->20985K(21568K)
[912.826s][info][gc             ] GC(264) Pause Young (Allocation Failure) 5036M->2503M(8084M) 79.063ms
[912.826s][info][gc,cpu         ] GC(264) User=0.03s Sys=0.00s Real=0.08s
[916.188s][info][gc,start       ] GC(265) Pause Young (Allocation Failure)
[916.255s][info][gc,heap        ] GC(265) PSYoungGen: 2612880K(2685952K)->43072K(2689024K) Eden: 2575872K(2575872K)->0K(2579456K) From: 37008K(110080K)->43072K(109568K)
[916.255s][info][gc,heap        ] GC(265) ParOldGen: 2526092K(5592576K)->2554300K(5592576K)
[916.255s][info][gc,metaspace   ] GC(265) Metaspace: 135562K(136896K)->135562K(136896K) NonClass: 114576K(115328K)->114576K(115328K) Class: 20985K(21568K)->20985K(21568K)
[916.255s][info][gc             ] GC(265) Pause Young (Allocation Failure) 5018M->2536M(8087M) 66.614ms
[916.255s][info][gc,cpu         ] GC(265) User=0.05s Sys=0.02s Real=0.07s
[919.568s][info][gc,start       ] GC(266) Pause Young (Allocation Failure)
[919.662s][info][gc,heap        ] GC(266) PSYoungGen: 2622528K(2689024K)->37056K(2686464K) Eden: 2579456K(2579456K)->0K(2579456K) From: 43072K(109568K)->37056K(107008K)
[919.662s][info][gc,heap        ] GC(266) ParOldGen: 2554300K(5592576K)->2594126K(5592576K)
[919.662s][info][gc,metaspace   ] GC(266) Metaspace: 135588K(136896K)->135588K(136896K) NonClass: 114602K(115328K)->114602K(115328K) Class: 20985K(21568K)->20985K(21568K)
[919.662s][info][gc             ] GC(266) Pause Young (Allocation Failure) 5055M->2569M(8085M) 93.785ms
[919.662s][info][gc,cpu         ] GC(266) User=0.03s Sys=0.00s Real=0.09s
[922.920s][info][gc,start       ] GC(267) Pause Young (Allocation Failure)
[923.000s][info][gc,heap        ] GC(267) PSYoungGen: 2616512K(2686464K)->40464K(2693120K) Eden: 2579456K(2579456K)->0K(2587648K) From: 37056K(107008K)->40464K(105472K)
[923.000s][info][gc,heap        ] GC(267) ParOldGen: 2594126K(5592576K)->2625451K(5592576K)
[923.000s][info][gc,metaspace   ] GC(267) Metaspace: 135592K(136896K)->135592K(136896K) NonClass: 114606K(115328K)->114606K(115328K) Class: 20986K(21568K)->20986K(21568K)
[923.000s][info][gc             ] GC(267) Pause Young (Allocation Failure) 5088M->2603M(8091M) 80.345ms
[923.000s][info][gc,cpu         ] GC(267) User=0.08s Sys=0.00s Real=0.08s
[926.024s][info][gc,start       ] GC(268) Pause Young (Allocation Failure)
[926.110s][info][gc,heap        ] GC(268) PSYoungGen: 2628112K(2693120K)->54000K(2690560K) Eden: 2587648K(2587648K)->0K(2587648K) From: 40464K(105472K)->54000K(102912K)
[926.110s][info][gc,heap        ] GC(268) ParOldGen: 2625451K(5592576K)->2660890K(5592576K)
[926.110s][info][gc,metaspace   ] GC(268) Metaspace: 135597K(136960K)->135597K(136960K) NonClass: 114611K(115392K)->114611K(115392K) Class: 20986K(21568K)->20986K(21568K)
[926.110s][info][gc             ] GC(268) Pause Young (Allocation Failure) 5130M->2651M(8089M) 86.264ms
[926.110s][info][gc,cpu         ] GC(268) User=0.06s Sys=0.06s Real=0.09s
[929.010s][info][gc,start       ] GC(269) Pause Young (Allocation Failure)
[929.117s][info][gc,heap        ] GC(269) PSYoungGen: 2641648K(2690560K)->73504K(2692096K) Eden: 2587648K(2587648K)->0K(2594304K) From: 54000K(102912K)->73504K(97792K)
[929.117s][info][gc,heap        ] GC(269) ParOldGen: 2660890K(5592576K)->2705922K(5592576K)
[929.117s][info][gc,metaspace   ] GC(269) Metaspace: 135598K(136960K)->135598K(136960K) NonClass: 114611K(115392K)->114611K(115392K) Class: 20986K(21568K)->20986K(21568K)
[929.117s][info][gc             ] GC(269) Pause Young (Allocation Failure) 5178M->2714M(8090M) 107.127ms
[929.118s][info][gc,cpu         ] GC(269) User=0.12s Sys=0.09s Real=0.11s
[931.568s][info][gc,start       ] GC(270) Pause Young (Allocation Failure)
[931.669s][info][gc,heap        ] GC(270) PSYoungGen: 2667808K(2692096K)->78688K(2673152K) Eden: 2594304K(2594304K)->0K(2594304K) From: 73504K(97792K)->78688K(78848K)
[931.669s][info][gc,heap        ] GC(270) ParOldGen: 2705922K(5592576K)->2745369K(5592576K)
[931.669s][info][gc,metaspace   ] GC(270) Metaspace: 135598K(136960K)->135598K(136960K) NonClass: 114611K(115392K)->114611K(115392K) Class: 20986K(21568K)->20986K(21568K)
[931.669s][info][gc             ] GC(270) Pause Young (Allocation Failure) 5247M->2757M(8072M) 101.106ms
[931.669s][info][gc,cpu         ] GC(270) User=0.14s Sys=0.03s Real=0.10s
[934.071s][info][gc,start       ] GC(271) Pause Young (Allocation Failure)
[934.120s][info][gc,heap        ] GC(271) PSYoungGen: 2672992K(2673152K)->63888K(2693632K) Eden: 2594304K(2594304K)->0K(2588672K) From: 78688K(78848K)->63888K(104960K)
[934.120s][info][gc,heap        ] GC(271) ParOldGen: 2745369K(5592576K)->2761165K(5592576K)
[934.120s][info][gc,metaspace   ] GC(271) Metaspace: 135598K(136960K)->135598K(136960K) NonClass: 114612K(115392K)->114612K(115392K) Class: 20986K(21568K)->20986K(21568K)
[934.120s][info][gc             ] GC(271) Pause Young (Allocation Failure) 5291M->2758M(8092M) 48.262ms
[934.120s][info][gc,cpu         ] GC(271) User=0.08s Sys=0.11s Real=0.05s
[937.552s][info][gc,start       ] GC(272) Pause Young (Allocation Failure)
[937.629s][info][gc,heap        ] GC(272) PSYoungGen: 2652560K(2693632K)->36192K(2691072K) Eden: 2588672K(2588672K)->0K(2588672K) From: 63888K(104960K)->36192K(102400K)
[937.629s][info][gc,heap        ] GC(272) ParOldGen: 2761165K(5592576K)->2792168K(5592576K)
[937.629s][info][gc,metaspace   ] GC(272) Metaspace: 135598K(136960K)->135598K(136960K) NonClass: 114612K(115392K)->114612K(115392K) Class: 20986K(21568K)->20986K(21568K)
[937.629s][info][gc             ] GC(272) Pause Young (Allocation Failure) 5286M->2762M(8089M) 77.352ms
[937.629s][info][gc,cpu         ] GC(272) User=0.14s Sys=0.00s Real=0.08s
[941.424s][info][gc,start       ] GC(273) Pause Young (Allocation Failure)
[941.492s][info][gc,heap        ] GC(273) PSYoungGen: 2624864K(2691072K)->44288K(2696704K) Eden: 2588672K(2588672K)->0K(2594816K) From: 36192K(102400K)->44288K(101888K)
[941.492s][info][gc,heap        ] GC(273) ParOldGen: 2792168K(5592576K)->2820588K(5592576K)
[941.492s][info][gc,metaspace   ] GC(273) Metaspace: 135598K(136960K)->135598K(136960K) NonClass: 114612K(115392K)->114612K(115392K) Class: 20986K(21568K)->20986K(21568K)
[941.492s][info][gc             ] GC(273) Pause Young (Allocation Failure) 5290M->2797M(8095M) 67.658ms
[941.492s][info][gc,cpu         ] GC(273) User=0.06s Sys=0.00s Real=0.07s
[944.924s][info][gc,start       ] GC(274) Pause Young (Allocation Failure)
[945.007s][info][gc,heap        ] GC(274) PSYoungGen: 2639104K(2696704K)->60192K(2694144K) Eden: 2594816K(2594816K)->0K(2594816K) From: 44288K(101888K)->60192K(99328K)
[945.007s][info][gc,heap        ] GC(274) ParOldGen: 2820588K(5592576K)->2854175K(5592576K)
[945.007s][info][gc,metaspace   ] GC(274) Metaspace: 135603K(136960K)->135603K(136960K) NonClass: 114616K(115392K)->114616K(115392K) Class: 20986K(21568K)->20986K(21568K)
[945.007s][info][gc             ] GC(274) Pause Young (Allocation Failure) 5331M->2846M(8092M) 83.233ms
[945.007s][info][gc,cpu         ] GC(274) User=0.19s Sys=0.00s Real=0.08s
[948.180s][info][gc,start       ] GC(275) Pause Young (GCLocker Initiated GC)
[948.273s][info][gc,heap        ] GC(275) PSYoungGen: 2655008K(2694144K)->50384K(2702336K) Eden: 2594816K(2594816K)->0K(2605568K) From: 60192K(99328K)->50384K(96768K)
[948.273s][info][gc,heap        ] GC(275) ParOldGen: 2854177K(5592576K)->2891758K(5592576K)
[948.273s][info][gc,metaspace   ] GC(275) Metaspace: 135605K(136960K)->135605K(136960K) NonClass: 114618K(115392K)->114618K(115392K) Class: 20986K(21568K)->20986K(21568K)
[948.273s][info][gc             ] GC(275) Pause Young (GCLocker Initiated GC) 5380M->2873M(8100M) 93.254ms
[948.273s][info][gc,cpu         ] GC(275) User=0.12s Sys=0.14s Real=0.09s
[950.729s][info][gc,start       ] GC(276) Pause Young (GCLocker Initiated GC)
[950.834s][info][gc,heap        ] GC(276) PSYoungGen: 2655952K(2702336K)->91216K(2686464K) Eden: 2605568K(2605568K)->0K(2594816K) From: 50384K(96768K)->91216K(91648K)
[950.835s][info][gc,heap        ] GC(276) ParOldGen: 2891789K(5592576K)->2935573K(5592576K)
[950.835s][info][gc,metaspace   ] GC(276) Metaspace: 135605K(136960K)->135605K(136960K) NonClass: 114618K(115392K)->114618K(115392K) Class: 20986K(21568K)->20986K(21568K)
[950.835s][info][gc             ] GC(276) Pause Young (GCLocker Initiated GC) 5417M->2955M(8085M) 105.558ms
[950.835s][info][gc,cpu         ] GC(276) User=0.08s Sys=0.02s Real=0.11s
[953.232s][info][gc,start       ] GC(277) Pause Young (Allocation Failure)
[953.382s][info][gc,heap        ] GC(277) PSYoungGen: 2686032K(2686464K)->88272K(2675712K) Eden: 2594816K(2594816K)->0K(2576896K) From: 91216K(91648K)->88272K(98816K)
[953.382s][info][gc,heap        ] GC(277) ParOldGen: 2935575K(5592576K)->2998073K(5592576K)
[953.382s][info][gc,metaspace   ] GC(277) Metaspace: 135605K(136960K)->135605K(136960K) NonClass: 114619K(115392K)->114619K(115392K) Class: 20986K(21568K)->20986K(21568K)
[953.382s][info][gc             ] GC(277) Pause Young (Allocation Failure) 5489M->3014M(8074M) 149.594ms
[953.382s][info][gc,cpu         ] GC(277) User=0.05s Sys=0.05s Real=0.15s
[956.464s][info][gc,start       ] GC(278) Pause Young (GCLocker Initiated GC)
[956.509s][info][gc,heap        ] GC(278) PSYoungGen: 2665168K(2675712K)->60448K(2686464K) Eden: 2576896K(2576896K)->0K(2576896K) From: 88272K(98816K)->60448K(109568K)
[956.509s][info][gc,heap        ] GC(278) ParOldGen: 2998074K(5592576K)->3014302K(5592576K)
[956.509s][info][gc,metaspace   ] GC(278) Metaspace: 135605K(136960K)->135605K(136960K) NonClass: 114619K(115392K)->114619K(115392K) Class: 20986K(21568K)->20986K(21568K)
[956.509s][info][gc             ] GC(278) Pause Young (GCLocker Initiated GC) 5530M->3002M(8085M) 44.807ms
[956.509s][info][gc,cpu         ] GC(278) User=0.14s Sys=0.11s Real=0.05s
[960.159s][info][gc,start       ] GC(279) Pause Young (Allocation Failure)
[960.221s][info][gc,heap        ] GC(279) PSYoungGen: 2637344K(2686464K)->39360K(2691584K) Eden: 2576896K(2576896K)->0K(2586624K) From: 60448K(109568K)->39360K(104960K)
[960.221s][info][gc,heap        ] GC(279) ParOldGen: 3014304K(5592576K)->3039401K(5592576K)
[960.221s][info][gc,metaspace   ] GC(279) Metaspace: 135605K(136960K)->135605K(136960K) NonClass: 114619K(115392K)->114619K(115392K) Class: 20986K(21568K)->20986K(21568K)
[960.221s][info][gc             ] GC(279) Pause Young (Allocation Failure) 5519M->3006M(8090M) 61.635ms
[960.221s][info][gc,cpu         ] GC(279) User=0.12s Sys=0.00s Real=0.06s
[964.891s][info][gc,start       ] GC(280) Pause Young (Allocation Failure)
[964.965s][info][gc,heap        ] GC(280) PSYoungGen: 2625984K(2691584K)->37120K(2691072K) Eden: 2586624K(2586624K)->0K(2586624K) From: 39360K(104960K)->37120K(104448K)
[964.965s][info][gc,heap        ] GC(280) ParOldGen: 3039401K(5592576K)->3069566K(5592576K)
[964.965s][info][gc,metaspace   ] GC(280) Metaspace: 135605K(136960K)->135605K(136960K) NonClass: 114619K(115392K)->114619K(115392K) Class: 20986K(21568K)->20986K(21568K)
[964.965s][info][gc             ] GC(280) Pause Young (Allocation Failure) 5532M->3033M(8089M) 73.529ms
[964.965s][info][gc,cpu         ] GC(280) User=0.16s Sys=0.08s Real=0.07s
[968.624s][info][gc,start       ] GC(281) Pause Young (Allocation Failure)
[968.701s][info][gc,heap        ] GC(281) PSYoungGen: 2623744K(2691072K)->51424K(2695680K) Eden: 2586624K(2586624K)->0K(2591744K) From: 37120K(104448K)->51424K(103936K)
[968.701s][info][gc,heap        ] GC(281) ParOldGen: 3069566K(5592576K)->3097498K(5592576K)
[968.701s][info][gc,metaspace   ] GC(281) Metaspace: 135605K(136960K)->135605K(136960K) NonClass: 114619K(115392K)->114619K(115392K) Class: 20986K(21568K)->20986K(21568K)
[968.701s][info][gc             ] GC(281) Pause Young (Allocation Failure) 5559M->3075M(8094M) 76.740ms
[968.701s][info][gc,cpu         ] GC(281) User=0.17s Sys=0.16s Real=0.08s
[972.612s][info][gc,start       ] GC(282) Pause Young (Allocation Failure)
[972.699s][info][gc,heap        ] GC(282) PSYoungGen: 2643168K(2695680K)->49168K(2692096K) Eden: 2591744K(2591744K)->0K(2591744K) From: 51424K(103936K)->49168K(100352K)
[972.699s][info][gc,heap        ] GC(282) ParOldGen: 3097498K(5592576K)->3132300K(5592576K)
[972.699s][info][gc,metaspace   ] GC(282) Metaspace: 135606K(136960K)->135606K(136960K) NonClass: 114620K(115392K)->114620K(115392K) Class: 20986K(21568K)->20986K(21568K)
[972.699s][info][gc             ] GC(282) Pause Young (Allocation Failure) 5606M->3106M(8090M) 86.984ms
[972.699s][info][gc,cpu         ] GC(282) User=0.27s Sys=0.02s Real=0.09s
[975.480s][info][gc,start       ] GC(283) Pause Young (Allocation Failure)
[975.585s][info][gc,heap        ] GC(283) PSYoungGen: 2640912K(2692096K)->85424K(2685440K) Eden: 2591744K(2591744K)->0K(2588160K) From: 49168K(100352K)->85424K(97280K)
[975.585s][info][gc,heap        ] GC(283) ParOldGen: 3132300K(5592576K)->3174592K(5592576K)
[975.585s][info][gc,metaspace   ] GC(283) Metaspace: 135607K(136960K)->135607K(136960K) NonClass: 114621K(115392K)->114621K(115392K) Class: 20986K(21568K)->20986K(21568K)
[975.585s][info][gc             ] GC(283) Pause Young (Allocation Failure) 5637M->3183M(8084M) 105.072ms
[975.585s][info][gc,cpu         ] GC(283) User=0.09s Sys=0.03s Real=0.11s
[980.300s][info][gc,start       ] GC(284) Pause Young (Allocation Failure)
[980.369s][info][gc,heap        ] GC(284) PSYoungGen: 2673584K(2685440K)->63872K(2692096K) Eden: 2588160K(2588160K)->0K(2588160K) From: 85424K(97280K)->63872K(103936K)
[980.369s][info][gc,heap        ] GC(284) ParOldGen: 3174592K(5592576K)->3200257K(5592576K)
[980.369s][info][gc,metaspace   ] GC(284) Metaspace: 135608K(136960K)->135608K(136960K) NonClass: 114622K(115392K)->114622K(115392K) Class: 20986K(21568K)->20986K(21568K)
[980.369s][info][gc             ] GC(284) Pause Young (Allocation Failure) 5711M->3187M(8090M) 68.636ms
[980.369s][info][gc,cpu         ] GC(284) User=0.19s Sys=0.09s Real=0.07s
[983.963s][info][gc,start       ] GC(285) Pause Young (GCLocker Initiated GC)
[984.046s][info][gc,heap        ] GC(285) PSYoungGen: 2652032K(2692096K)->64144K(2697216K) Eden: 2588160K(2588160K)->0K(2595840K) From: 63872K(103936K)->64144K(101376K)
[984.046s][info][gc,heap        ] GC(285) ParOldGen: 3200296K(5592576K)->3232728K(5592576K)
[984.046s][info][gc,metaspace   ] GC(285) Metaspace: 135609K(136960K)->135609K(136960K) NonClass: 114623K(115392K)->114623K(115392K) Class: 20986K(21568K)->20986K(21568K)
[984.046s][info][gc             ] GC(285) Pause Young (GCLocker Initiated GC) 5715M->3219M(8095M) 83.001ms
[984.046s][info][gc,cpu         ] GC(285) User=0.14s Sys=0.08s Real=0.08s
[987.399s][info][gc,start       ] GC(286) Pause Young (Allocation Failure)
[987.477s][info][gc,heap        ] GC(286) PSYoungGen: 2659984K(2697216K)->44736K(2694656K) Eden: 2595840K(2595840K)->0K(2595840K) From: 64144K(101376K)->44736K(98816K)
[987.477s][info][gc,heap        ] GC(286) ParOldGen: 3232731K(5592576K)->3263139K(5592576K)
[987.477s][info][gc,metaspace   ] GC(286) Metaspace: 135609K(136960K)->135609K(136960K) NonClass: 114623K(115392K)->114623K(115392K) Class: 20986K(21568K)->20986K(21568K)
[987.477s][info][gc             ] GC(286) Pause Young (Allocation Failure) 5754M->3230M(8093M) 77.576ms
[987.477s][info][gc,cpu         ] GC(286) User=0.08s Sys=0.00s Real=0.08s
[991.008s][info][gc,start       ] GC(287) Pause Young (Allocation Failure)
[991.078s][info][gc,heap        ] GC(287) PSYoungGen: 2640576K(2694656K)->40896K(2699264K) Eden: 2595840K(2595840K)->0K(2601472K) From: 44736K(98816K)->40896K(97792K)
[991.078s][info][gc,heap        ] GC(287) ParOldGen: 3263139K(5592576K)->3289372K(5592576K)
[991.078s][info][gc,metaspace   ] GC(287) Metaspace: 135609K(136960K)->135609K(136960K) NonClass: 114623K(115392K)->114623K(115392K) Class: 20986K(21568K)->20986K(21568K)
[991.078s][info][gc             ] GC(287) Pause Young (Allocation Failure) 5765M->3252M(8097M) 70.741ms
[991.078s][info][gc,cpu         ] GC(287) User=0.08s Sys=0.00s Real=0.07s
[994.211s][info][gc,start       ] GC(288) Pause Young (Allocation Failure)
[994.286s][info][gc,heap        ] GC(288) PSYoungGen: 2642368K(2699264K)->58144K(2698240K) Eden: 2601472K(2601472K)->0K(2601472K) From: 40896K(97792K)->58144K(96768K)
[994.286s][info][gc,heap        ] GC(288) ParOldGen: 3289372K(5592576K)->3317672K(5592576K)
[994.286s][info][gc,metaspace   ] GC(288) Metaspace: 135616K(136960K)->135616K(136960K) NonClass: 114630K(115392K)->114630K(115392K) Class: 20986K(21568K)->20986K(21568K)
[994.286s][info][gc             ] GC(288) Pause Young (Allocation Failure) 5792M->3296M(8096M) 74.424ms
[994.286s][info][gc,cpu         ] GC(288) User=0.14s Sys=0.05s Real=0.08s
[997.280s][info][gc,start       ] GC(289) Pause Young (Allocation Failure)
[997.354s][info][gc,heap        ] GC(289) PSYoungGen: 2659616K(2698240K)->48352K(2704896K) Eden: 2601472K(2601472K)->0K(2611712K) From: 58144K(96768K)->48352K(93184K)
[997.354s][info][gc,heap        ] GC(289) ParOldGen: 3317672K(5592576K)->3348746K(5592576K)
[997.354s][info][gc,metaspace   ] GC(289) Metaspace: 135616K(136960K)->135616K(136960K) NonClass: 114630K(115392K)->114630K(115392K) Class: 20986K(21568K)->20986K(21568K)
[997.354s][info][gc             ] GC(289) Pause Young (Allocation Failure) 5837M->3317M(8103M) 74.721ms
[997.355s][info][gc,cpu         ] GC(289) User=0.11s Sys=0.03s Real=0.08s
[1001.047s][info][gc,start       ] GC(290) Pause Young (Allocation Failure)
[1001.095s][info][gc,heap        ] GC(290) PSYoungGen: 2660064K(2704896K)->45920K(2702848K) Eden: 2611712K(2611712K)->0K(2611712K) From: 48352K(93184K)->45920K(91136K)
[1001.095s][info][gc,heap        ] GC(290) ParOldGen: 3348746K(5592576K)->3366920K(5592576K)
[1001.095s][info][gc,metaspace   ] GC(290) Metaspace: 135616K(136960K)->135616K(136960K) NonClass: 114630K(115392K)->114630K(115392K) Class: 20986K(21568K)->20986K(21568K)
[1001.095s][info][gc             ] GC(290) Pause Young (Allocation Failure) 5867M->3332M(8101M) 47.952ms
[1001.095s][info][gc,cpu         ] GC(290) User=0.14s Sys=0.03s Real=0.05s
[1004.481s][info][gc,start       ] GC(291) Pause Young (GCLocker Initiated GC)
[1004.558s][info][gc,heap        ] GC(291) PSYoungGen: 2657632K(2702848K)->44528K(2708480K) Eden: 2611712K(2611712K)->0K(2619392K) From: 45920K(91136K)->44528K(89088K)
[1004.558s][info][gc,heap        ] GC(291) ParOldGen: 3366920K(5592576K)->3396521K(5592576K)
[1004.558s][info][gc,metaspace   ] GC(291) Metaspace: 135616K(136960K)->135616K(136960K) NonClass: 114630K(115392K)->114630K(115392K) Class: 20986K(21568K)->20986K(21568K)
[1004.558s][info][gc             ] GC(291) Pause Young (GCLocker Initiated GC) 5883M->3360M(8106M) 76.628ms
[1004.558s][info][gc,cpu         ] GC(291) User=0.25s Sys=0.16s Real=0.08s
[1008.068s][info][gc,start       ] GC(292) Pause Young (Allocation Failure)
[1008.128s][info][gc,heap        ] GC(292) PSYoungGen: 2663920K(2708480K)->54080K(2706944K) Eden: 2619392K(2619392K)->0K(2619392K) From: 44528K(89088K)->54080K(87552K)
[1008.128s][info][gc,heap        ] GC(292) ParOldGen: 3396523K(5592576K)->3419095K(5592576K)
[1008.128s][info][gc,metaspace   ] GC(292) Metaspace: 135617K(136960K)->135617K(136960K) NonClass: 114631K(115392K)->114631K(115392K) Class: 20986K(21568K)->20986K(21568K)
[1008.128s][info][gc             ] GC(292) Pause Young (Allocation Failure) 5918M->3391M(8105M) 60.249ms
[1008.128s][info][gc,cpu         ] GC(292) User=0.05s Sys=0.00s Real=0.06s
[1011.820s][info][gc,start       ] GC(293) Pause Young (Allocation Failure)
[1011.907s][info][gc,heap        ] GC(293) PSYoungGen: 2673472K(2706944K)->43264K(2713088K) Eden: 2619392K(2619392K)->0K(2628608K) From: 54080K(87552K)->43264K(84480K)
[1011.907s][info][gc,heap        ] GC(293) ParOldGen: 3419095K(5592576K)->3455551K(5592576K)
[1011.907s][info][gc,metaspace   ] GC(293) Metaspace: 135617K(136960K)->135617K(136960K) NonClass: 114631K(115392K)->114631K(115392K) Class: 20986K(21568K)->20986K(21568K)
[1011.907s][info][gc             ] GC(293) Pause Young (Allocation Failure) 5949M->3416M(8111M) 87.299ms
[1011.907s][info][gc,cpu         ] GC(293) User=0.09s Sys=0.05s Real=0.09s
[1016.273s][info][gc,start       ] GC(294) Pause Young (GCLocker Initiated GC)
[1016.350s][info][gc,heap        ] GC(294) PSYoungGen: 2671872K(2713088K)->59200K(2711552K) Eden: 2628608K(2628608K)->0K(2628608K) From: 43264K(84480K)->59200K(82944K)
[1016.350s][info][gc,heap        ] GC(294) ParOldGen: 3455567K(5592576K)->3490176K(5592576K)
[1016.350s][info][gc,metaspace   ] GC(294) Metaspace: 135617K(136960K)->135617K(136960K) NonClass: 114631K(115392K)->114631K(115392K) Class: 20986K(21568K)->20986K(21568K)
[1016.350s][info][gc             ] GC(294) Pause Young (GCLocker Initiated GC) 5983M->3466M(8109M) 76.906ms
[1016.350s][info][gc,cpu         ] GC(294) User=0.36s Sys=0.08s Real=0.08s
[1019.350s][info][gc,start       ] GC(295) Pause Young (Allocation Failure)
[1019.419s][info][gc,heap        ] GC(295) PSYoungGen: 2687808K(2711552K)->74496K(2703360K) Eden: 2628608K(2628608K)->0K(2620928K) From: 59200K(82944K)->74496K(82432K)
[1019.419s][info][gc,heap        ] GC(295) ParOldGen: 3490178K(5592576K)->3519546K(5592576K)
[1019.419s][info][gc,metaspace   ] GC(295) Metaspace: 135617K(136960K)->135617K(136960K) NonClass: 114631K(115392K)->114631K(115392K) Class: 20986K(21568K)->20986K(21568K)
[1019.419s][info][gc             ] GC(295) Pause Young (Allocation Failure) 6033M->3509M(8101M) 69.476ms
[1019.419s][info][gc,cpu         ] GC(295) User=0.11s Sys=0.06s Real=0.07s
[1024.298s][info][gc,start       ] GC(296) Pause Young (Allocation Failure)
[1024.363s][info][gc,heap        ] GC(296) PSYoungGen: 2695424K(2703360K)->61760K(2708480K) Eden: 2620928K(2620928K)->0K(2620928K) From: 74496K(82432K)->61760K(87552K)
[1024.363s][info][gc,heap        ] GC(296) ParOldGen: 3519546K(5592576K)->3546304K(5592576K)
[1024.363s][info][gc,metaspace   ] GC(296) Metaspace: 135617K(136960K)->135617K(136960K) NonClass: 114631K(115392K)->114631K(115392K) Class: 20986K(21568K)->20986K(21568K)
[1024.363s][info][gc             ] GC(296) Pause Young (Allocation Failure) 6069M->3523M(8106M) 64.976ms
[1024.363s][info][gc,cpu         ] GC(296) User=0.11s Sys=0.08s Real=0.07s
[1027.816s][info][gc,start       ] GC(297) Pause Young (Allocation Failure)
[1027.888s][info][gc,heap        ] GC(297) PSYoungGen: 2682688K(2708480K)->45728K(2710528K) Eden: 2620928K(2620928K)->0K(2624000K) From: 61760K(87552K)->45728K(86528K)
[1027.888s][info][gc,heap        ] GC(297) ParOldGen: 3546304K(5592576K)->3574274K(5592576K)
[1027.888s][info][gc,metaspace   ] GC(297) Metaspace: 135618K(136960K)->135618K(136960K) NonClass: 114632K(115392K)->114632K(115392K) Class: 20986K(21568K)->20986K(21568K)
[1027.888s][info][gc             ] GC(297) Pause Young (Allocation Failure) 6083M->3535M(8108M) 71.431ms
[1027.888s][info][gc,cpu         ] GC(297) User=0.12s Sys=0.02s Real=0.07s
[1031.397s][info][gc,start       ] GC(298) Pause Young (Allocation Failure)
[1031.487s][info][gc,heap        ] GC(298) PSYoungGen: 2669728K(2710528K)->41248K(2709504K) Eden: 2624000K(2624000K)->0K(2624000K) From: 45728K(86528K)->41248K(85504K)
[1031.487s][info][gc,heap        ] GC(298) ParOldGen: 3574274K(5592576K)->3609434K(5592576K)
[1031.487s][info][gc,metaspace   ] GC(298) Metaspace: 135619K(136960K)->135619K(136960K) NonClass: 114632K(115392K)->114632K(115392K) Class: 20986K(21568K)->20986K(21568K)
[1031.487s][info][gc             ] GC(298) Pause Young (Allocation Failure) 6097M->3565M(8107M) 89.813ms
[1031.487s][info][gc,cpu         ] GC(298) User=0.05s Sys=0.00s Real=0.09s
[1035.587s][info][gc,start       ] GC(299) Pause Young (Allocation Failure)
[1035.665s][info][gc,heap        ] GC(299) PSYoungGen: 2665248K(2709504K)->43136K(2712576K) Eden: 2624000K(2624000K)->0K(2628096K) From: 41248K(85504K)->43136K(84480K)
[1035.665s][info][gc,heap        ] GC(299) ParOldGen: 3609434K(5592576K)->3639364K(5592576K)
[1035.665s][info][gc,metaspace   ] GC(299) Metaspace: 135619K(136960K)->135619K(136960K) NonClass: 114632K(115392K)->114632K(115392K) Class: 20986K(21568K)->20986K(21568K)
[1035.665s][info][gc             ] GC(299) Pause Young (Allocation Failure) 6127M->3596M(8110M) 77.529ms
[1035.665s][info][gc,cpu         ] GC(299) User=0.09s Sys=0.16s Real=0.08s
[1038.327s][info][gc,start       ] GC(300) Pause Young (Allocation Failure)
[1038.409s][info][gc,heap        ] GC(300) PSYoungGen: 2671232K(2712576K)->80224K(2708480K) Eden: 2628096K(2628096K)->0K(2628096K) From: 43136K(84480K)->80224K(80384K)
[1038.409s][info][gc,heap        ] GC(300) ParOldGen: 3639364K(5592576K)->3672534K(5592576K)
[1038.409s][info][gc,metaspace   ] GC(300) Metaspace: 135619K(136960K)->135619K(136960K) NonClass: 114632K(115392K)->114632K(115392K) Class: 20986K(21568K)->20986K(21568K)
[1038.409s][info][gc             ] GC(300) Pause Young (Allocation Failure) 6162M->3664M(8106M) 82.405ms
[1038.409s][info][gc,cpu         ] GC(300) User=0.09s Sys=0.03s Real=0.08s
[1042.011s][info][gc,start       ] GC(301) Pause Young (Allocation Failure)
[1042.069s][info][gc,heap        ] GC(301) PSYoungGen: 2708320K(2708480K)->53024K(2708480K) Eden: 2628096K(2628096K)->0K(2620928K) From: 80224K(80384K)->53024K(87552K)
[1042.069s][info][gc,heap        ] GC(301) ParOldGen: 3672534K(5592576K)->3693060K(5592576K)
[1042.069s][info][gc,metaspace   ] GC(301) Metaspace: 135619K(136960K)->135619K(136960K) NonClass: 114632K(115392K)->114632K(115392K) Class: 20986K(21568K)->20986K(21568K)
[1042.069s][info][gc             ] GC(301) Pause Young (Allocation Failure) 6231M->3658M(8106M) 57.278ms
[1042.069s][info][gc,cpu         ] GC(301) User=0.17s Sys=0.14s Real=0.06s
[1046.159s][info][gc,start       ] GC(302) Pause Young (Allocation Failure)
[1046.229s][info][gc,heap        ] GC(302) PSYoungGen: 2673952K(2708480K)->59072K(2708480K) Eden: 2620928K(2620928K)->0K(2620928K) From: 53024K(87552K)->59072K(87552K)
[1046.229s][info][gc,heap        ] GC(302) ParOldGen: 3693060K(5592576K)->3720802K(5592576K)
[1046.229s][info][gc,metaspace   ] GC(302) Metaspace: 135619K(136960K)->135619K(136960K) NonClass: 114632K(115392K)->114632K(115392K) Class: 20986K(21568K)->20986K(21568K)
[1046.230s][info][gc             ] GC(302) Pause Young (Allocation Failure) 6217M->3691M(8106M) 70.359ms
[1046.230s][info][gc,cpu         ] GC(302) User=0.11s Sys=0.06s Real=0.07s
[1049.872s][info][gc,start       ] GC(303) Pause Young (Allocation Failure)
[1049.954s][info][gc,heap        ] GC(303) PSYoungGen: 2680000K(2708480K)->53824K(2713088K) Eden: 2620928K(2620928K)->0K(2627584K) From: 59072K(87552K)->53824K(85504K)
[1049.954s][info][gc,heap        ] GC(303) ParOldGen: 3720802K(5592576K)->3753695K(5592576K)
[1049.954s][info][gc,metaspace   ] GC(303) Metaspace: 135619K(136960K)->135619K(136960K) NonClass: 114632K(115392K)->114632K(115392K) Class: 20986K(21568K)->20986K(21568K)
[1049.954s][info][gc             ] GC(303) Pause Young (Allocation Failure) 6250M->3718M(8111M) 82.818ms
[1049.954s][info][gc,cpu         ] GC(303) User=0.06s Sys=0.02s Real=0.08s
[1053.563s][info][gc,start       ] GC(304) Pause Young (Allocation Failure)
[1053.645s][info][gc,heap        ] GC(304) PSYoungGen: 2681408K(2713088K)->40928K(2710528K) Eden: 2627584K(2627584K)->0K(2627584K) From: 53824K(85504K)->40928K(82944K)
[1053.645s][info][gc,heap        ] GC(304) ParOldGen: 3753695K(5592576K)->3784098K(5592576K)
[1053.645s][info][gc,metaspace   ] GC(304) Metaspace: 135620K(136960K)->135620K(136960K) NonClass: 114634K(115392K)->114634K(115392K) Class: 20986K(21568K)->20986K(21568K)
[1053.645s][info][gc             ] GC(304) Pause Young (Allocation Failure) 6284M->3735M(8108M) 82.782ms
[1053.645s][info][gc,cpu         ] GC(304) User=0.16s Sys=0.00s Real=0.08s
[1056.811s][info][gc,start       ] GC(305) Pause Young (Allocation Failure)
[1056.891s][info][gc,heap        ] GC(305) PSYoungGen: 2668512K(2710528K)->63344K(2712064K) Eden: 2627584K(2627584K)->0K(2629120K) From: 40928K(82944K)->63344K(82944K)
[1056.891s][info][gc,heap        ] GC(305) ParOldGen: 3784098K(5592576K)->3816699K(5592576K)
[1056.891s][info][gc,metaspace   ] GC(305) Metaspace: 135627K(136960K)->135627K(136960K) NonClass: 114641K(115392K)->114641K(115392K) Class: 20986K(21568K)->20986K(21568K)
[1056.891s][info][gc             ] GC(305) Pause Young (Allocation Failure) 6301M->3789M(8110M) 79.886ms
[1056.891s][info][gc,cpu         ] GC(305) User=0.05s Sys=0.03s Real=0.08s
[1059.813s][info][gc,start       ] GC(306) Pause Young (Allocation Failure)
[1059.899s][info][gc,heap        ] GC(306) PSYoungGen: 2692464K(2712064K)->62336K(2712576K) Eden: 2629120K(2629120K)->0K(2629120K) From: 63344K(82944K)->62336K(83456K)
[1059.899s][info][gc,heap        ] GC(306) ParOldGen: 3816699K(5592576K)->3851658K(5592576K)
[1059.899s][info][gc,metaspace   ] GC(306) Metaspace: 135628K(136960K)->135628K(136960K) NonClass: 114642K(115392K)->114642K(115392K) Class: 20986K(21568K)->20986K(21568K)
[1059.899s][info][gc             ] GC(306) Pause Young (Allocation Failure) 6356M->3822M(8110M) 86.386ms
[1059.899s][info][gc,cpu         ] GC(306) User=0.09s Sys=0.08s Real=0.09s
[1063.275s][info][gc,start       ] GC(307) Pause Young (Allocation Failure)
[1063.350s][info][gc,heap        ] GC(307) PSYoungGen: 2691456K(2712576K)->49024K(2714112K) Eden: 2629120K(2629120K)->0K(2630656K) From: 62336K(83456K)->49024K(83456K)
[1063.350s][info][gc,heap        ] GC(307) ParOldGen: 3851658K(5592576K)->3873951K(5592576K)
[1063.350s][info][gc,metaspace   ] GC(307) Metaspace: 135629K(136960K)->135629K(136960K) NonClass: 114643K(115392K)->114643K(115392K) Class: 20986K(21568K)->20986K(21568K)
[1063.350s][info][gc             ] GC(307) Pause Young (Allocation Failure) 6389M->3831M(8112M) 74.839ms
[1063.350s][info][gc,cpu         ] GC(307) User=0.12s Sys=0.03s Real=0.08s
[1066.864s][info][gc,start       ] GC(308) Pause Young (Allocation Failure)
[1066.934s][info][gc,heap        ] GC(308) PSYoungGen: 2679680K(2714112K)->45728K(2712576K) Eden: 2630656K(2630656K)->0K(2630656K) From: 49024K(83456K)->45728K(81920K)
[1066.934s][info][gc,heap        ] GC(308) ParOldGen: 3873951K(5592576K)->3902025K(5592576K)
[1066.934s][info][gc,metaspace   ] GC(308) Metaspace: 135629K(136960K)->135629K(136960K) NonClass: 114643K(115392K)->114643K(115392K) Class: 20986K(21568K)->20986K(21568K)
[1066.934s][info][gc             ] GC(308) Pause Young (Allocation Failure) 6400M->3855M(8110M) 70.063ms
[1066.934s][info][gc,cpu         ] GC(308) User=0.31s Sys=0.02s Real=0.07s
[1072.364s][info][gc,start       ] GC(309) Pause Young (Allocation Failure)
[1072.422s][info][gc,heap        ] GC(309) PSYoungGen: 2676384K(2712576K)->53104K(2717696K) Eden: 2630656K(2630656K)->0K(2637312K) From: 45728K(81920K)->53104K(80384K)
[1072.422s][info][gc,heap        ] GC(309) ParOldGen: 3902025K(5592576K)->3925545K(5592576K)
[1072.422s][info][gc,metaspace   ] GC(309) Metaspace: 135629K(136960K)->135629K(136960K) NonClass: 114643K(115392K)->114643K(115392K) Class: 20986K(21568K)->20986K(21568K)
[1072.422s][info][gc             ] GC(309) Pause Young (Allocation Failure) 6424M->3885M(8115M) 58.304ms
[1072.422s][info][gc,cpu         ] GC(309) User=0.27s Sys=0.05s Real=0.06s
[1076.080s][info][gc,start       ] GC(310) Pause Young (Allocation Failure)
[1076.177s][info][gc,heap        ] GC(310) PSYoungGen: 2690416K(2717696K)->45728K(2715648K) Eden: 2637312K(2637312K)->0K(2637312K) From: 53104K(80384K)->45728K(78336K)
[1076.178s][info][gc,heap        ] GC(310) ParOldGen: 3925545K(5592576K)->3961968K(5592576K)
[1076.178s][info][gc,metaspace   ] GC(310) Metaspace: 135629K(136960K)->135629K(136960K) NonClass: 114643K(115392K)->114643K(115392K) Class: 20986K(21568K)->20986K(21568K)
[1076.178s][info][gc             ] GC(310) Pause Young (Allocation Failure) 6460M->3913M(8113M) 97.692ms
[1076.178s][info][gc,cpu         ] GC(310) User=0.28s Sys=0.05s Real=0.10s
[1079.136s][info][gc,start       ] GC(311) Pause Young (Allocation Failure)
[1079.235s][info][gc,heap        ] GC(311) PSYoungGen: 2683040K(2715648K)->70864K(2710528K) Eden: 2637312K(2637312K)->0K(2633216K) From: 45728K(78336K)->70864K(77312K)
[1079.235s][info][gc,heap        ] GC(311) ParOldGen: 3961968K(5592576K)->4000323K(5592576K)
[1079.235s][info][gc,metaspace   ] GC(311) Metaspace: 135629K(136960K)->135629K(136960K) NonClass: 114643K(115392K)->114643K(115392K) Class: 20986K(21568K)->20986K(21568K)
[1079.235s][info][gc             ] GC(311) Pause Young (Allocation Failure) 6489M->3975M(8108M) 99.335ms
[1079.235s][info][gc,cpu         ] GC(311) User=0.08s Sys=0.02s Real=0.10s
[1082.556s][info][gc,start       ] GC(312) Pause Young (GCLocker Initiated GC)
[1082.627s][info][gc,heap        ] GC(312) PSYoungGen: 2704080K(2710528K)->62224K(2714624K) Eden: 2633216K(2633216K)->0K(2633216K) From: 70864K(77312K)->62224K(81408K)
[1082.627s][info][gc,heap        ] GC(312) ParOldGen: 4000323K(5592576K)->4025233K(5592576K)
[1082.627s][info][gc,metaspace   ] GC(312) Metaspace: 135629K(136960K)->135629K(136960K) NonClass: 114643K(115392K)->114643K(115392K) Class: 20986K(21568K)->20986K(21568K)
[1082.627s][info][gc             ] GC(312) Pause Young (GCLocker Initiated GC) 6547M->3991M(8112M) 71.410ms
[1082.627s][info][gc,cpu         ] GC(312) User=0.16s Sys=0.00s Real=0.07s
[1085.557s][info][gc,start       ] GC(313) Pause Young (Allocation Failure)
[1085.639s][info][gc,heap        ] GC(313) PSYoungGen: 2695440K(2714624K)->56896K(2716672K) Eden: 2633216K(2633216K)->0K(2635264K) From: 62224K(81408K)->56896K(81408K)
[1085.639s][info][gc,heap        ] GC(313) ParOldGen: 4025235K(5592576K)->4055246K(5592576K)
[1085.639s][info][gc,metaspace   ] GC(313) Metaspace: 135645K(136960K)->135645K(136960K) NonClass: 114659K(115392K)->114659K(115392K) Class: 20986K(21568K)->20986K(21568K)
[1085.639s][info][gc             ] GC(313) Pause Young (Allocation Failure) 6563M->4015M(8114M) 82.255ms
[1085.639s][info][gc,cpu         ] GC(313) User=0.16s Sys=0.02s Real=0.08s
[1089.684s][info][gc,start       ] GC(314) Pause Young (Allocation Failure)
[1089.760s][info][gc,heap        ] GC(314) PSYoungGen: 2692160K(2716672K)->51328K(2714624K) Eden: 2635264K(2635264K)->0K(2635264K) From: 56896K(81408K)->51328K(79360K)
[1089.760s][info][gc,heap        ] GC(314) ParOldGen: 4055246K(5592576K)->4084309K(5592576K)
[1089.760s][info][gc,metaspace   ] GC(314) Metaspace: 135646K(136960K)->135646K(136960K) NonClass: 114659K(115392K)->114659K(115392K) Class: 20986K(21568K)->20986K(21568K)
[1089.760s][info][gc             ] GC(314) Pause Young (Allocation Failure) 6589M->4038M(8112M) 76.568ms
[1089.760s][info][gc,cpu         ] GC(314) User=0.08s Sys=0.00s Real=0.08s
[1094.807s][info][gc,start       ] GC(315) Pause Young (Allocation Failure)
[1094.874s][info][gc,heap        ] GC(315) PSYoungGen: 2686592K(2714624K)->37040K(2716160K) Eden: 2635264K(2635264K)->0K(2638336K) From: 51328K(79360K)->37040K(77824K)
[1094.874s][info][gc,heap        ] GC(315) ParOldGen: 4084309K(5592576K)->4113592K(5592576K)
[1094.874s][info][gc,metaspace   ] GC(315) Metaspace: 135648K(136960K)->135648K(136960K) NonClass: 114662K(115392K)->114662K(115392K) Class: 20986K(21568K)->20986K(21568K)
[1094.874s][info][gc             ] GC(315) Pause Young (Allocation Failure) 6612M->4053M(8114M) 67.454ms
[1094.874s][info][gc,cpu         ] GC(315) User=0.02s Sys=0.00s Real=0.07s
[1098.268s][info][gc,start       ] GC(316) Pause Young (Allocation Failure)
[1098.331s][info][gc,heap        ] GC(316) PSYoungGen: 2675376K(2716160K)->56032K(2717184K) Eden: 2638336K(2638336K)->0K(2638336K) From: 37040K(77824K)->56032K(78848K)
[1098.331s][info][gc,heap        ] GC(316) ParOldGen: 4113592K(5592576K)->4143491K(5592576K)
[1098.331s][info][gc,metaspace   ] GC(316) Metaspace: 135648K(136960K)->135648K(136960K) NonClass: 114662K(115392K)->114662K(115392K) Class: 20986K(21568K)->20986K(21568K)
[1098.331s][info][gc             ] GC(316) Pause Young (Allocation Failure) 6629M->4101M(8115M) 63.458ms
[1098.332s][info][gc,cpu         ] GC(316) User=0.22s Sys=0.06s Real=0.06s
[1101.168s][info][gc,start       ] GC(317) Pause Young (Allocation Failure)
[1101.246s][info][gc,heap        ] GC(317) PSYoungGen: 2694368K(2717184K)->54912K(2720768K) Eden: 2638336K(2638336K)->0K(2643456K) From: 56032K(78848K)->54912K(77312K)
[1101.246s][info][gc,heap        ] GC(317) ParOldGen: 4143491K(5592576K)->4182572K(5592576K)
[1101.246s][info][gc,metaspace   ] GC(317) Metaspace: 135648K(136960K)->135648K(136960K) NonClass: 114662K(115392K)->114662K(115392K) Class: 20986K(21568K)->20986K(21568K)
[1101.246s][info][gc             ] GC(317) Pause Young (Allocation Failure) 6677M->4138M(8118M) 77.814ms
[1101.246s][info][gc,cpu         ] GC(317) User=0.09s Sys=0.20s Real=0.08s
[1105.408s][info][gc,start       ] GC(318) Pause Young (Allocation Failure)
[1105.446s][info][gc,heap        ] GC(318) PSYoungGen: 2698368K(2720768K)->45776K(2718720K) Eden: 2643456K(2643456K)->0K(2643456K) From: 54912K(77312K)->45776K(75264K)
[1105.446s][info][gc,heap        ] GC(318) ParOldGen: 4182572K(5592576K)->4214893K(5592576K)
[1105.446s][info][gc,metaspace   ] GC(318) Metaspace: 135648K(136960K)->135648K(136960K) NonClass: 114662K(115392K)->114662K(115392K) Class: 20986K(21568K)->20986K(21568K)
[1105.446s][info][gc             ] GC(318) Pause Young (Allocation Failure) 6719M->4160M(8116M) 37.824ms
[1105.446s][info][gc,cpu         ] GC(318) User=0.33s Sys=0.00s Real=0.04s
[1111.028s][info][gc,start       ] GC(319) Pause Young (Allocation Failure)
[1111.110s][info][gc,heap        ] GC(319) PSYoungGen: 2689232K(2718720K)->48336K(2722816K) Eden: 2643456K(2643456K)->0K(2648576K) From: 45776K(75264K)->48336K(74240K)
[1111.110s][info][gc,heap        ] GC(319) ParOldGen: 4214893K(5592576K)->4260238K(5592576K)
[1111.110s][info][gc,metaspace   ] GC(319) Metaspace: 135648K(136960K)->135648K(136960K) NonClass: 114662K(115392K)->114662K(115392K) Class: 20986K(21568K)->20986K(21568K)
[1111.110s][info][gc             ] GC(319) Pause Young (Allocation Failure) 6742M->4207M(8120M) 82.337ms
[1111.110s][info][gc,cpu         ] GC(319) User=0.16s Sys=0.09s Real=0.08s
[1115.444s][info][gc,start       ] GC(320) Pause Young (Allocation Failure)
[1115.552s][info][gc,heap        ] GC(320) PSYoungGen: 2696912K(2722816K)->49648K(2721792K) Eden: 2648576K(2648576K)->0K(2648576K) From: 48336K(74240K)->49648K(73216K)
[1115.552s][info][gc,heap        ] GC(320) ParOldGen: 4260238K(5592576K)->4308243K(5592576K)
[1115.552s][info][gc,metaspace   ] GC(320) Metaspace: 135649K(136960K)->135649K(136960K) NonClass: 114663K(115392K)->114663K(115392K) Class: 20986K(21568K)->20986K(21568K)
[1115.552s][info][gc             ] GC(320) Pause Young (Allocation Failure) 6794M->4255M(8119M) 107.761ms
[1115.552s][info][gc,cpu         ] GC(320) User=0.16s Sys=0.00s Real=0.11s
[1119.484s][info][gc,start       ] GC(321) Pause Young (Allocation Failure)
[1119.598s][info][gc,heap        ] GC(321) PSYoungGen: 2698224K(2721792K)->52688K(2726400K) Eden: 2648576K(2648576K)->0K(2654720K) From: 49648K(73216K)->52688K(71680K)
[1119.598s][info][gc,heap        ] GC(321) ParOldGen: 4308243K(5592576K)->4357529K(5592576K)
[1119.598s][info][gc,metaspace   ] GC(321) Metaspace: 135650K(136960K)->135650K(136960K) NonClass: 114664K(115392K)->114664K(115392K) Class: 20986K(21568K)->20986K(21568K)
[1119.598s][info][gc             ] GC(321) Pause Young (Allocation Failure) 6842M->4306M(8124M) 114.708ms
[1119.598s][info][gc,cpu         ] GC(321) User=0.20s Sys=0.03s Real=0.12s
[1123.164s][info][gc,start       ] GC(322) Pause Young (Allocation Failure)
[1123.286s][info][gc,heap        ] GC(322) PSYoungGen: 2707408K(2726400K)->68800K(2723840K) Eden: 2654720K(2654720K)->0K(2654720K) From: 52688K(71680K)->68800K(69120K)
[1123.286s][info][gc,heap        ] GC(322) ParOldGen: 4357529K(5592576K)->4410000K(5592576K)
[1123.286s][info][gc,metaspace   ] GC(322) Metaspace: 135653K(136960K)->135653K(136960K) NonClass: 114667K(115392K)->114667K(115392K) Class: 20986K(21568K)->20986K(21568K)
[1123.286s][info][gc             ] GC(322) Pause Young (Allocation Failure) 6899M->4373M(8121M) 121.669ms
[1123.286s][info][gc,cpu         ] GC(322) User=0.05s Sys=0.02s Real=0.12s
[1125.507s][info][gc,start       ] GC(323) Pause Young (GCLocker Initiated GC)
[1125.668s][info][gc,heap        ] GC(323) PSYoungGen: 2723520K(2723840K)->72160K(2661376K) Eden: 2654720K(2654720K)->0K(2589184K) From: 68800K(69120K)->72160K(72192K)
[1125.668s][info][gc,heap        ] GC(323) ParOldGen: 4410000K(5592576K)->4475552K(5592576K)
[1125.668s][info][gc,metaspace   ] GC(323) Metaspace: 135653K(136960K)->135653K(136960K) NonClass: 114667K(115392K)->114667K(115392K) Class: 20986K(21568K)->20986K(21568K)
[1125.668s][info][gc             ] GC(323) Pause Young (GCLocker Initiated GC) 6966M->4441M(8060M) 161.075ms
[1125.668s][info][gc,cpu         ] GC(323) User=0.20s Sys=0.09s Real=0.16s
[1129.144s][info][gc,start       ] GC(324) Pause Young (Allocation Failure)
[1129.250s][info][gc,heap        ] GC(324) PSYoungGen: 2661344K(2661376K)->41552K(2692608K) Eden: 2589184K(2589184K)->0K(2589184K) From: 72160K(72192K)->41552K(103424K)
[1129.250s][info][gc,heap        ] GC(324) ParOldGen: 4475554K(5592576K)->4522437K(5592576K)
[1129.250s][info][gc,metaspace   ] GC(324) Metaspace: 135662K(136960K)->135662K(136960K) NonClass: 114675K(115392K)->114675K(115392K) Class: 20986K(21568K)->20986K(21568K)
[1129.250s][info][gc             ] GC(324) Pause Young (Allocation Failure) 6969M->4457M(8091M) 105.804ms
[1129.250s][info][gc,cpu         ] GC(324) User=0.22s Sys=0.08s Real=0.11s
[1134.624s][info][gc,start       ] GC(325) Pause Young (Allocation Failure)
[1134.727s][info][gc,heap        ] GC(325) PSYoungGen: 2630736K(2692608K)->51040K(2696192K) Eden: 2589184K(2589184K)->0K(2593280K) From: 41552K(103424K)->51040K(102912K)
[1134.727s][info][gc,heap        ] GC(325) ParOldGen: 4522437K(5592576K)->4562697K(5592576K)
[1134.727s][info][gc,metaspace   ] GC(325) Metaspace: 135662K(136960K)->135662K(136960K) NonClass: 114675K(115392K)->114675K(115392K) Class: 20986K(21568K)->20986K(21568K)
[1134.727s][info][gc             ] GC(325) Pause Young (Allocation Failure) 6985M->4505M(8094M) 102.803ms
[1134.727s][info][gc,cpu         ] GC(325) User=0.20s Sys=0.12s Real=0.10s
[1138.808s][info][gc,start       ] GC(326) Pause Young (Allocation Failure)
[1138.922s][info][gc,heap        ] GC(326) PSYoungGen: 2644320K(2696192K)->44432K(2693120K) Eden: 2593280K(2593280K)->0K(2593280K) From: 51040K(102912K)->44432K(99840K)
[1138.922s][info][gc,heap        ] GC(326) ParOldGen: 4562697K(5592576K)->4613695K(5592576K)
[1138.922s][info][gc,metaspace   ] GC(326) Metaspace: 135668K(137024K)->135668K(137024K) NonClass: 114682K(115456K)->114682K(115456K) Class: 20986K(21568K)->20986K(21568K)
[1138.922s][info][gc             ] GC(326) Pause Young (Allocation Failure) 7038M->4548M(8091M) 113.852ms
[1138.922s][info][gc,cpu         ] GC(326) User=0.08s Sys=0.12s Real=0.11s
[1142.940s][info][gc,start       ] GC(327) Pause Young (Allocation Failure)
[1143.039s][info][gc,heap        ] GC(327) PSYoungGen: 2637712K(2693120K)->47712K(2699776K) Eden: 2593280K(2593280K)->0K(2601472K) From: 44432K(99840K)->47712K(98304K)
[1143.039s][info][gc,heap        ] GC(327) ParOldGen: 4613695K(5592576K)->4657790K(5592576K)
[1143.039s][info][gc,metaspace   ] GC(327) Metaspace: 135677K(137024K)->135677K(137024K) NonClass: 114690K(115456K)->114690K(115456K) Class: 20986K(21568K)->20986K(21568K)
[1143.039s][info][gc             ] GC(327) Pause Young (Allocation Failure) 7081M->4595M(8098M) 99.677ms
[1143.039s][info][gc,cpu         ] GC(327) User=0.17s Sys=0.06s Real=0.10s
[1145.327s][info][gc,start       ] GC(328) Pause Young (GCLocker Initiated GC)
[1145.461s][info][gc,heap        ] GC(328) PSYoungGen: 2649184K(2699776K)->96240K(2694144K) Eden: 2601472K(2601472K)->0K(2597888K) From: 47712K(98304K)->96240K(96256K)
[1145.461s][info][gc,heap        ] GC(328) ParOldGen: 4657806K(5592576K)->4715073K(5592576K)
[1145.461s][info][gc,metaspace   ] GC(328) Metaspace: 135679K(137024K)->135679K(137024K) NonClass: 114693K(115456K)->114693K(115456K) Class: 20986K(21568K)->20986K(21568K)
[1145.461s][info][gc             ] GC(328) Pause Young (GCLocker Initiated GC) 7135M->4698M(8092M) 133.541ms
[1145.461s][info][gc,cpu         ] GC(328) User=0.28s Sys=0.00s Real=0.13s
[1148.456s][info][gc,start       ] GC(329) Pause Young (Allocation Failure)
[1148.596s][info][gc,heap        ] GC(329) PSYoungGen: 2694128K(2694144K)->34400K(2639360K) Eden: 2597888K(2597888K)->0K(2541056K) From: 96240K(96256K)->34400K(98304K)
[1148.596s][info][gc,heap        ] GC(329) ParOldGen: 4715075K(5592576K)->4779981K(5592576K)
[1148.597s][info][gc,metaspace   ] GC(329) Metaspace: 135679K(137024K)->135679K(137024K) NonClass: 114693K(115456K)->114693K(115456K) Class: 20986K(21568K)->20986K(21568K)
[1148.597s][info][gc             ] GC(329) Pause Young (Allocation Failure) 7235M->4701M(8039M) 140.245ms
[1148.597s][info][gc,cpu         ] GC(329) User=0.22s Sys=0.22s Real=0.14s
[1153.950s][info][gc,start       ] GC(330) Pause Young (Allocation Failure)
[1154.114s][info][gc,heap        ] GC(330) PSYoungGen: 2575456K(2639360K)->56263K(2668544K) Eden: 2541056K(2541056K)->0K(2541056K) From: 34400K(98304K)->56263K(127488K)
[1154.114s][info][gc,heap        ] GC(330) ParOldGen: 4779981K(5592576K)->4814463K(5592576K)
[1154.114s][info][gc,metaspace   ] GC(330) Metaspace: 135682K(137024K)->135682K(137024K) NonClass: 114696K(115456K)->114696K(115456K) Class: 20986K(21568K)->20986K(21568K)
[1154.114s][info][gc             ] GC(330) Pause Young (Allocation Failure) 7183M->4756M(8067M) 164.596ms
[1154.114s][info][gc,cpu         ] GC(330) User=0.19s Sys=0.03s Real=0.16s
[1158.104s][info][gc,start       ] GC(331) Pause Young (Allocation Failure)
[1158.222s][info][gc,heap        ] GC(331) PSYoungGen: 2597319K(2668544K)->49056K(2677248K) Eden: 2541056K(2541056K)->0K(2554880K) From: 56263K(127488K)->49056K(122368K)
[1158.222s][info][gc,heap        ] GC(331) ParOldGen: 4814463K(5592576K)->4869376K(5592576K)
[1158.222s][info][gc,metaspace   ] GC(331) Metaspace: 135686K(137024K)->135686K(137024K) NonClass: 114700K(115456K)->114700K(115456K) Class: 20986K(21568K)->20986K(21568K)
[1158.222s][info][gc             ] GC(331) Pause Young (Allocation Failure) 7238M->4803M(8076M) 117.875ms
[1158.222s][info][gc,cpu         ] GC(331) User=0.05s Sys=0.03s Real=0.12s
[1162.264s][info][gc,start       ] GC(332) Pause Young (Allocation Failure)
[1162.376s][info][gc,heap        ] GC(332) PSYoungGen: 2603936K(2677248K)->46080K(2673664K) Eden: 2554880K(2554880K)->0K(2554880K) From: 49056K(122368K)->46080K(118784K)
[1162.376s][info][gc,heap        ] GC(332) ParOldGen: 4869376K(5592576K)->4917117K(5592576K)
[1162.376s][info][gc,metaspace   ] GC(332) Metaspace: 135693K(137024K)->135693K(137024K) NonClass: 114707K(115456K)->114707K(115456K) Class: 20986K(21568K)->20986K(21568K)
[1162.376s][info][gc             ] GC(332) Pause Young (Allocation Failure) 7298M->4846M(8072M) 112.434ms
[1162.376s][info][gc,cpu         ] GC(332) User=0.05s Sys=0.14s Real=0.11s
[1164.916s][info][gc,start       ] GC(333) Pause Young (Allocation Failure)
[1165.030s][info][gc,heap        ] GC(333) PSYoungGen: 2600960K(2673664K)->113968K(2651136K) Eden: 2554880K(2554880K)->0K(2535936K) From: 46080K(118784K)->113968K(115200K)
[1165.031s][info][gc,heap        ] GC(333) ParOldGen: 4917117K(5592576K)->4962737K(5592576K)
[1165.031s][info][gc,metaspace   ] GC(333) Metaspace: 135694K(137024K)->135694K(137024K) NonClass: 114708K(115456K)->114708K(115456K) Class: 20986K(21568K)->20986K(21568K)
[1165.031s][info][gc             ] GC(333) Pause Young (Allocation Failure) 7341M->4957M(8050M) 114.291ms
[1165.031s][info][gc,cpu         ] GC(333) User=0.27s Sys=0.08s Real=0.11s
[1167.760s][info][gc,start       ] GC(334) Pause Young (Allocation Failure)
[1167.954s][info][gc,heap        ] GC(334) PSYoungGen: 2649904K(2651136K)->37216K(2665984K) Eden: 2535936K(2535936K)->0K(2535936K) From: 113968K(115200K)->37216K(130048K)
[1167.954s][info][gc,heap        ] GC(334) ParOldGen: 4962737K(5592576K)->5051978K(5592576K)
[1167.954s][info][gc,metaspace   ] GC(334) Metaspace: 135694K(137024K)->135694K(137024K) NonClass: 114708K(115456K)->114708K(115456K) Class: 20986K(21568K)->20986K(21568K)
[1167.954s][info][gc             ] GC(334) Pause Young (Allocation Failure) 7434M->4969M(8065M) 194.200ms
[1167.954s][info][gc,cpu         ] GC(334) User=0.27s Sys=0.02s Real=0.19s
[1172.334s][info][gc,start       ] GC(335) Pause Young (Allocation Failure)
[1172.417s][info][gc,heap        ] GC(335) PSYoungGen: 2573152K(2665984K)->57824K(2673664K) Eden: 2535936K(2535936K)->0K(2545152K) From: 37216K(130048K)->57824K(128512K)
[1172.417s][info][gc,heap        ] GC(335) ParOldGen: 5051978K(5592576K)->5087811K(5592576K)
[1172.417s][info][gc,metaspace   ] GC(335) Metaspace: 135700K(137024K)->135700K(137024K) NonClass: 114714K(115456K)->114714K(115456K) Class: 20986K(21568K)->20986K(21568K)
[1172.417s][info][gc             ] GC(335) Pause Young (Allocation Failure) 7446M->5025M(8072M) 83.778ms
[1172.417s][info][gc,cpu         ] GC(335) User=0.23s Sys=0.08s Real=0.08s
[1177.429s][info][gc,start       ] GC(336) Pause Young (Allocation Failure)
[1177.548s][info][gc,heap        ] GC(336) PSYoungGen: 2602976K(2673664K)->49696K(2667520K) Eden: 2545152K(2545152K)->0K(2545152K) From: 57824K(128512K)->49696K(122368K)
[1177.549s][info][gc,heap        ] GC(336) ParOldGen: 5087811K(5592576K)->5145149K(5592576K)
[1177.549s][info][gc,metaspace   ] GC(336) Metaspace: 135706K(137024K)->135706K(137024K) NonClass: 114720K(115456K)->114720K(115456K) Class: 20986K(21568K)->20986K(21568K)
[1177.549s][info][gc             ] GC(336) Pause Young (Allocation Failure) 7510M->5073M(8066M) 119.870ms
[1177.549s][info][gc,cpu         ] GC(336) User=0.08s Sys=0.03s Real=0.12s
[1181.384s][info][gc,start       ] GC(337) Pause Young (Allocation Failure)
[1181.474s][info][gc,heap        ] GC(337) PSYoungGen: 2594848K(2667520K)->53248K(2681856K) Eden: 2545152K(2545152K)->0K(2563584K) From: 49696K(122368K)->53248K(118272K)
[1181.474s][info][gc,heap        ] GC(337) ParOldGen: 5145149K(5592576K)->5193943K(5592576K)
[1181.474s][info][gc,metaspace   ] GC(337) Metaspace: 135706K(137024K)->135706K(137024K) NonClass: 114720K(115456K)->114720K(115456K) Class: 20986K(21568K)->20986K(21568K)
[1181.474s][info][gc             ] GC(337) Pause Young (Allocation Failure) 7558M->5124M(8080M) 90.215ms
[1181.474s][info][gc,cpu         ] GC(337) User=0.09s Sys=0.06s Real=0.09s
[1184.299s][info][gc,start       ] GC(338) Pause Young (Allocation Failure)
[1184.373s][info][gc,heap        ] GC(338) PSYoungGen: 2616832K(2681856K)->91376K(2655232K) Eden: 2563584K(2563584K)->0K(2563584K) From: 53248K(118272K)->91376K(91648K)
[1184.373s][info][gc,heap        ] GC(338) ParOldGen: 5193943K(5592576K)->5246830K(5592576K)
[1184.373s][info][gc,metaspace   ] GC(338) Metaspace: 135706K(137024K)->135706K(137024K) NonClass: 114720K(115456K)->114720K(115456K) Class: 20986K(21568K)->20986K(21568K)
[1184.374s][info][gc             ] GC(338) Pause Young (Allocation Failure) 7627M->5213M(8054M) 74.448ms
[1184.374s][info][gc,cpu         ] GC(338) User=0.34s Sys=0.03s Real=0.08s
[1186.815s][info][gc,start       ] GC(339) Pause Young (Allocation Failure)
[1186.860s][info][gc,heap        ] GC(339) PSYoungGen: 2654960K(2655232K)->59648K(2680832K) Eden: 2563584K(2563584K)->0K(2560512K) From: 91376K(91648K)->59648K(120320K)
[1186.860s][info][gc,heap        ] GC(339) ParOldGen: 5246830K(5592576K)->5324218K(5592576K)
[1186.860s][info][gc,metaspace   ] GC(339) Metaspace: 135706K(137024K)->135706K(137024K) NonClass: 114720K(115456K)->114720K(115456K) Class: 20986K(21568K)->20986K(21568K)
[1186.860s][info][gc             ] GC(339) Pause Young (Allocation Failure) 7716M->5257M(8079M) 44.596ms
[1186.860s][info][gc,cpu         ] GC(339) User=0.38s Sys=0.00s Real=0.04s
[1191.032s][info][gc,start       ] GC(340) Pause Young (Allocation Failure)
[1191.072s][info][gc,heap        ] GC(340) PSYoungGen: 2620160K(2680832K)->60192K(2675712K) Eden: 2560512K(2560512K)->0K(2560512K) From: 59648K(120320K)->60192K(115200K)
[1191.072s][info][gc,heap        ] GC(340) ParOldGen: 5324218K(5592576K)->5375246K(5592576K)
[1191.072s][info][gc,metaspace   ] GC(340) Metaspace: 135707K(137024K)->135707K(137024K) NonClass: 114721K(115456K)->114721K(115456K) Class: 20986K(21568K)->20986K(21568K)
[1191.072s][info][gc             ] GC(340) Pause Young (Allocation Failure) 7758M->5308M(8074M) 39.952ms
[1191.072s][info][gc,cpu         ] GC(340) User=0.38s Sys=0.00s Real=0.04s
[1195.944s][info][gc,start       ] GC(341) Pause Young (Allocation Failure)
[1195.983s][info][gc,heap        ] GC(341) PSYoungGen: 2620704K(2675712K)->54784K(2689024K) Eden: 2560512K(2560512K)->0K(2578432K) From: 60192K(115200K)->54784K(110592K)
[1195.983s][info][gc,heap        ] GC(341) ParOldGen: 5375246K(5592576K)->5435346K(5592576K)
[1195.983s][info][gc,metaspace   ] GC(341) Metaspace: 135710K(137024K)->135710K(137024K) NonClass: 114724K(115456K)->114724K(115456K) Class: 20986K(21568K)->20986K(21568K)
[1195.983s][info][gc             ] GC(341) Pause Young (Allocation Failure) 7808M->5361M(8087M) 38.811ms
[1195.983s][info][gc,cpu         ] GC(341) User=0.25s Sys=0.00s Real=0.04s
[1199.780s][info][gc,start       ] GC(342) Pause Young (Allocation Failure)
[1199.816s][info][gc,heap        ] GC(342) PSYoungGen: 2633216K(2689024K)->51552K(2685440K) Eden: 2578432K(2578432K)->0K(2578432K) From: 54784K(110592K)->51552K(107008K)
[1199.816s][info][gc,heap        ] GC(342) ParOldGen: 5435346K(5592576K)->5490155K(5592576K)
[1199.816s][info][gc,metaspace   ] GC(342) Metaspace: 135710K(137024K)->135710K(137024K) NonClass: 114724K(115456K)->114724K(115456K) Class: 20986K(21568K)->20986K(21568K)
[1199.816s][info][gc             ] GC(342) Pause Young (Allocation Failure) 7879M->5411M(8084M) 36.393ms
[1199.816s][info][gc,cpu         ] GC(342) User=0.25s Sys=0.00s Real=0.04s
[1203.560s][info][gc,start       ] GC(343) Pause Young (Allocation Failure)
[1203.612s][info][gc,heap        ] GC(343) PSYoungGen: 2629984K(2685440K)->64672K(2694656K) Eden: 2578432K(2578432K)->0K(2590720K) From: 51552K(107008K)->64672K(103936K)
[1203.612s][info][gc,heap        ] GC(343) ParOldGen: 5490155K(5592576K)->5541427K(5592576K)
[1203.613s][info][gc,metaspace   ] GC(343) Metaspace: 135717K(137024K)->135717K(137024K) NonClass: 114731K(115456K)->114731K(115456K) Class: 20986K(21568K)->20986K(21568K)
[1203.613s][info][gc             ] GC(343) Pause Young (Allocation Failure) 7929M->5474M(8093M) 52.240ms
[1203.613s][info][gc,cpu         ] GC(343) User=0.38s Sys=0.00s Real=0.05s
[1205.545s][info][gc,start       ] GC(344) Pause Full (Ergonomics)
[1205.545s][info][gc,phases,start] GC(344) Marking Phase
[1205.929s][info][gc,phases      ] GC(344) Marking Phase 383.389ms
[1205.929s][info][gc,phases,start] GC(344) Summary Phase
[1205.929s][info][gc,phases      ] GC(344) Summary Phase 0.128ms
[1205.929s][info][gc,phases,start] GC(344) Adjust Roots
[1205.940s][info][gc,phases      ] GC(344) Adjust Roots 10.840ms
[1205.940s][info][gc,phases,start] GC(344) Compaction Phase
[1206.082s][info][gc,phases      ] GC(344) Compaction Phase 142.043ms
[1206.082s][info][gc,phases,start] GC(344) Post Compact
[1206.105s][info][gc,phases      ] GC(344) Post Compact 23.401ms
[1206.106s][info][gc,heap        ] GC(344) PSYoungGen: 2655392K(2694656K)->0K(2692096K) Eden: 2590720K(2590720K)->0K(2590720K) From: 64672K(103936K)->0K(101376K)
[1206.106s][info][gc,heap        ] GC(344) ParOldGen: 5541428K(5592576K)->592010K(5592576K)
[1206.106s][info][gc,metaspace   ] GC(344) Metaspace: 135717K(137024K)->135717K(137024K) NonClass: 114731K(115456K)->114731K(115456K) Class: 20986K(21568K)->20986K(21568K)
[1206.106s][info][gc             ] GC(344) Pause Full (Ergonomics) 8004M->578M(8090M) 560.608ms
[1206.106s][info][gc,cpu         ] GC(344) User=1.23s Sys=0.22s Real=0.56s
[1209.543s][info][gc,start       ] GC(345) Pause Young (Allocation Failure)
[1209.562s][info][gc,heap        ] GC(345) PSYoungGen: 2590720K(2692096K)->52864K(2697216K) Eden: 2590720K(2590720K)->0K(2595840K) From: 0K(101376K)->52864K(101376K)
[1209.562s][info][gc,heap        ] GC(345) ParOldGen: 592011K(5592576K)->592011K(5592576K)
[1209.562s][info][gc,metaspace   ] GC(345) Metaspace: 135720K(137024K)->135720K(137024K) NonClass: 114734K(115456K)->114734K(115456K) Class: 20986K(21568K)->20986K(21568K)
[1209.562s][info][gc             ] GC(345) Pause Young (Allocation Failure) 3108M->629M(8095M) 18.963ms
[1209.562s][info][gc,cpu         ] GC(345) User=0.12s Sys=0.00s Real=0.02s
[1213.406s][info][gc,start       ] GC(346) Pause Young (Allocation Failure)
[1213.538s][info][gc,heap        ] GC(346) PSYoungGen: 2648704K(2697216K)->60176K(2694656K) Eden: 2595840K(2595840K)->0K(2595840K) From: 52864K(101376K)->60176K(98816K)
[1213.538s][info][gc,heap        ] GC(346) ParOldGen: 592011K(5592576K)->644768K(5592576K)
[1213.538s][info][gc,metaspace   ] GC(346) Metaspace: 135720K(137024K)->135720K(137024K) NonClass: 114734K(115456K)->114734K(115456K) Class: 20986K(21568K)->20986K(21568K)
[1213.538s][info][gc             ] GC(346) Pause Young (Allocation Failure) 3164M->688M(8093M) 132.557ms
[1213.538s][info][gc,cpu         ] GC(346) User=0.02s Sys=0.02s Real=0.13s
[1218.352s][info][gc,start       ] GC(347) Pause Young (Allocation Failure)
[1218.488s][info][gc,heap        ] GC(347) PSYoungGen: 2656016K(2694656K)->52608K(2703360K) Eden: 2595840K(2595840K)->0K(2608640K) From: 60176K(98816K)->52608K(94720K)
[1218.488s][info][gc,heap        ] GC(347) ParOldGen: 644768K(5592576K)->704228K(5592576K)
[1218.488s][info][gc,metaspace   ] GC(347) Metaspace: 135723K(137024K)->135723K(137024K) NonClass: 114737K(115456K)->114737K(115456K) Class: 20986K(21568K)->20986K(21568K)
[1218.488s][info][gc             ] GC(347) Pause Young (Allocation Failure) 3223M->739M(8101M) 135.676ms
[1218.488s][info][gc,cpu         ] GC(347) User=0.05s Sys=0.03s Real=0.14s
[1222.408s][info][gc,start       ] GC(348) Pause Young (Allocation Failure)
[1222.530s][info][gc,heap        ] GC(348) PSYoungGen: 2661248K(2703360K)->47872K(2701312K) Eden: 2608640K(2608640K)->0K(2608640K) From: 52608K(94720K)->47872K(92672K)
[1222.531s][info][gc,heap        ] GC(348) ParOldGen: 704228K(5592576K)->756337K(5592576K)
[1222.531s][info][gc,metaspace   ] GC(348) Metaspace: 135726K(137024K)->135726K(137024K) NonClass: 114739K(115456K)->114739K(115456K) Class: 20986K(21568K)->20986K(21568K)
[1222.531s][info][gc             ] GC(348) Pause Young (Allocation Failure) 3286M->785M(8099M) 122.152ms
[1222.531s][info][gc,cpu         ] GC(348) User=0.30s Sys=0.16s Real=0.12s
[1225.172s][info][gc,start       ] GC(349) Pause Young (Allocation Failure)
[1225.309s][info][gc,heap        ] GC(349) PSYoungGen: 2656512K(2701312K)->91616K(2647040K) Eden: 2608640K(2608640K)->0K(2555392K) From: 47872K(92672K)->91616K(91648K)
[1225.309s][info][gc,heap        ] GC(349) ParOldGen: 756337K(5592576K)->810146K(5592576K)
[1225.309s][info][gc,metaspace   ] GC(349) Metaspace: 135726K(137024K)->135726K(137024K) NonClass: 114739K(115456K)->114739K(115456K) Class: 20986K(21568K)->20986K(21568K)
[1225.309s][info][gc             ] GC(349) Pause Young (Allocation Failure) 3332M->880M(8046M) 136.301ms
[1225.309s][info][gc,cpu         ] GC(349) User=0.27s Sys=0.02s Real=0.14s
[1228.104s][info][gc,start       ] GC(350) Pause Young (Allocation Failure)
[1228.250s][info][gc,heap        ] GC(350) PSYoungGen: 2647008K(2647040K)->37872K(2675712K) Eden: 2555392K(2555392K)->0K(2555392K) From: 91616K(91648K)->37872K(120320K)
[1228.250s][info][gc,heap        ] GC(350) ParOldGen: 810146K(5592576K)->876550K(5592576K)
[1228.250s][info][gc,metaspace   ] GC(350) Metaspace: 135726K(137024K)->135726K(137024K) NonClass: 114739K(115456K)->114739K(115456K) Class: 20986K(21568K)->20986K(21568K)
[1228.250s][info][gc             ] GC(350) Pause Young (Allocation Failure) 3376M->892M(8074M) 145.726ms
[1228.250s][info][gc,cpu         ] GC(350) User=0.08s Sys=0.23s Real=0.14s
[1233.143s][info][gc,start       ] GC(351) Pause Young (Allocation Failure)
[1233.231s][info][gc,heap        ] GC(351) PSYoungGen: 2593264K(2675712K)->58440K(2680832K) Eden: 2555392K(2555392K)->0K(2561024K) From: 37872K(120320K)->58440K(119808K)
[1233.231s][info][gc,heap        ] GC(351) ParOldGen: 876550K(5592576K)->913911K(5592576K)
[1233.231s][info][gc,metaspace   ] GC(351) Metaspace: 135726K(137024K)->135726K(137024K) NonClass: 114739K(115456K)->114739K(115456K) Class: 20986K(21568K)->20986K(21568K)
[1233.231s][info][gc             ] GC(351) Pause Young (Allocation Failure) 3388M->949M(8079M) 88.456ms
[1233.231s][info][gc,cpu         ] GC(351) User=0.14s Sys=0.00s Real=0.09s
[1237.521s][info][gc,start       ] GC(352) Pause Young (GCLocker Initiated GC)
[1237.645s][info][gc,heap        ] GC(352) PSYoungGen: 2619464K(2680832K)->46016K(2676224K) Eden: 2561024K(2561024K)->0K(2561024K) From: 58440K(119808K)->46016K(115200K)
[1237.645s][info][gc,heap        ] GC(352) ParOldGen: 913930K(5592576K)->970301K(5592576K)
[1237.645s][info][gc,metaspace   ] GC(352) Metaspace: 135726K(137024K)->135726K(137024K) NonClass: 114739K(115456K)->114739K(115456K) Class: 20986K(21568K)->20986K(21568K)
[1237.645s][info][gc             ] GC(352) Pause Young (GCLocker Initiated GC) 3450M->992M(8075M) 124.443ms
[1237.645s][info][gc,cpu         ] GC(352) User=0.14s Sys=0.00s Real=0.12s
[1241.407s][info][gc,start       ] GC(353) Pause Young (Allocation Failure)
[1241.511s][info][gc,heap        ] GC(353) PSYoungGen: 2607040K(2676224K)->46944K(2685440K) Eden: 2561024K(2561024K)->0K(2572288K) From: 46016K(115200K)->46944K(113152K)
[1241.511s][info][gc,heap        ] GC(353) ParOldGen: 970303K(5592576K)->1014338K(5592576K)
[1241.511s][info][gc,metaspace   ] GC(353) Metaspace: 135726K(137024K)->135726K(137024K) NonClass: 114740K(115456K)->114740K(115456K) Class: 20986K(21568K)->20986K(21568K)
[1241.511s][info][gc             ] GC(353) Pause Young (Allocation Failure) 3493M->1036M(8084M) 104.121ms
[1241.511s][info][gc,cpu         ] GC(353) User=0.08s Sys=0.16s Real=0.10s
[1244.564s][info][gc,start       ] GC(354) Pause Young (Allocation Failure)
[1244.668s][info][gc,heap        ] GC(354) PSYoungGen: 2619232K(2685440K)->77120K(2682880K) Eden: 2572288K(2572288K)->0K(2572288K) From: 46944K(113152K)->77120K(110592K)
[1244.668s][info][gc,heap        ] GC(354) ParOldGen: 1014338K(5592576K)->1058002K(5592576K)
[1244.668s][info][gc,metaspace   ] GC(354) Metaspace: 135727K(137024K)->135727K(137024K) NonClass: 114741K(115456K)->114741K(115456K) Class: 20986K(21568K)->20986K(21568K)
[1244.668s][info][gc             ] GC(354) Pause Young (Allocation Failure) 3548M->1108M(8081M) 103.745ms
[1244.668s][info][gc,cpu         ] GC(354) User=0.17s Sys=0.12s Real=0.10s
[1247.939s][info][gc,start       ] GC(355) Pause Young (Allocation Failure)
[1248.060s][info][gc,heap        ] GC(355) PSYoungGen: 2649408K(2682880K)->40912K(2685440K) Eden: 2572288K(2572288K)->0K(2573824K) From: 77120K(110592K)->40912K(111616K)
[1248.060s][info][gc,heap        ] GC(355) ParOldGen: 1058002K(5592576K)->1119079K(5592576K)
[1248.060s][info][gc,metaspace   ] GC(355) Metaspace: 135727K(137024K)->135727K(137024K) NonClass: 114741K(115456K)->114741K(115456K) Class: 20986K(21568K)->20986K(21568K)
[1248.060s][info][gc             ] GC(355) Pause Young (Allocation Failure) 3620M->1132M(8084M) 121.203ms
[1248.060s][info][gc,cpu         ] GC(355) User=0.08s Sys=0.03s Real=0.12s
[1251.448s][info][gc,start       ] GC(356) Pause Young (Allocation Failure)
[1251.474s][info][gc,heap        ] GC(356) PSYoungGen: 2614736K(2685440K)->48464K(2684416K) Eden: 2573824K(2573824K)->0K(2573824K) From: 40912K(111616K)->48464K(110592K)
[1251.474s][info][gc,heap        ] GC(356) ParOldGen: 1119079K(5592576K)->1159510K(5592576K)
[1251.474s][info][gc,metaspace   ] GC(356) Metaspace: 135727K(137024K)->135727K(137024K) NonClass: 114741K(115456K)->114741K(115456K) Class: 20986K(21568K)->20986K(21568K)
[1251.475s][info][gc             ] GC(356) Pause Young (Allocation Failure) 3646M->1179M(8083M) 26.939ms
[1251.475s][info][gc,cpu         ] GC(356) User=0.20s Sys=0.03s Real=0.03s
[1255.484s][info][gc,start       ] GC(357) Pause Young (Allocation Failure)
[1255.514s][info][gc,heap        ] GC(357) PSYoungGen: 2622288K(2684416K)->53040K(2692608K) Eden: 2573824K(2573824K)->0K(2585088K) From: 48464K(110592K)->53040K(107520K)
[1255.514s][info][gc,heap        ] GC(357) ParOldGen: 1159510K(5592576K)->1207772K(5592576K)
[1255.514s][info][gc,metaspace   ] GC(357) Metaspace: 135751K(137088K)->135751K(137088K) NonClass: 114765K(115520K)->114765K(115520K) Class: 20986K(21568K)->20986K(21568K)
[1255.514s][info][gc             ] GC(357) Pause Young (Allocation Failure) 3693M->1231M(8091M) 30.308ms
[1255.514s][info][gc,cpu         ] GC(357) User=0.23s Sys=0.02s Real=0.03s
[1261.296s][info][gc,start       ] GC(358) Pause Young (Allocation Failure)
[1261.326s][info][gc,heap        ] GC(358) PSYoungGen: 2638128K(2692608K)->52160K(2688512K) Eden: 2585088K(2585088K)->0K(2585088K) From: 53040K(107520K)->52160K(103424K)
[1261.326s][info][gc,heap        ] GC(358) ParOldGen: 1207772K(5592576K)->1259615K(5592576K)
[1261.326s][info][gc,metaspace   ] GC(358) Metaspace: 135755K(137088K)->135755K(137088K) NonClass: 114769K(115520K)->114769K(115520K) Class: 20986K(21568K)->20986K(21568K)
[1261.326s][info][gc             ] GC(358) Pause Young (Allocation Failure) 3755M->1281M(8087M) 29.773ms
[1261.326s][info][gc,cpu         ] GC(358) User=0.23s Sys=0.02s Real=0.03s
[1265.707s][info][gc,start       ] GC(359) Pause Young (Allocation Failure)
[1265.736s][info][gc,heap        ] GC(359) PSYoungGen: 2637248K(2688512K)->45280K(2698240K) Eden: 2585088K(2585088K)->0K(2598400K) From: 52160K(103424K)->45280K(99840K)
[1265.736s][info][gc,heap        ] GC(359) ParOldGen: 1259615K(5592576K)->1310829K(5592576K)
[1265.736s][info][gc,metaspace   ] GC(359) Metaspace: 135756K(137088K)->135756K(137088K) NonClass: 114770K(115520K)->114770K(115520K) Class: 20986K(21568K)->20986K(21568K)
[1265.736s][info][gc             ] GC(359) Pause Young (Allocation Failure) 3805M->1324M(8096M) 29.093ms
[1265.736s][info][gc,cpu         ] GC(359) User=0.23s Sys=0.02s Real=0.03s
[1268.753s][info][gc,start       ] GC(360) Pause Young (Allocation Failure)
[1268.781s][info][gc,heap        ] GC(360) PSYoungGen: 2643680K(2698240K)->47072K(2696192K) Eden: 2598400K(2598400K)->0K(2598400K) From: 45280K(99840K)->47072K(97792K)
[1268.781s][info][gc,heap        ] GC(360) ParOldGen: 1310829K(5592576K)->1346860K(5592576K)
[1268.781s][info][gc,metaspace   ] GC(360) Metaspace: 135757K(137088K)->135757K(137088K) NonClass: 114771K(115520K)->114771K(115520K) Class: 20986K(21568K)->20986K(21568K)
[1268.781s][info][gc             ] GC(360) Pause Young (Allocation Failure) 3861M->1361M(8094M) 27.511ms
[1268.781s][info][gc,cpu         ] GC(360) User=0.25s Sys=0.00s Real=0.03s
[1273.811s][info][gc,start       ] GC(361) Pause Young (Allocation Failure)
[1273.835s][info][gc,heap        ] GC(361) PSYoungGen: 2645472K(2696192K)->42528K(2702336K) Eden: 2598400K(2598400K)->0K(2607104K) From: 47072K(97792K)->42528K(95232K)
[1273.835s][info][gc,heap        ] GC(361) ParOldGen: 1346860K(5592576K)->1379213K(5592576K)
[1273.835s][info][gc,metaspace   ] GC(361) Metaspace: 135758K(137088K)->135758K(137088K) NonClass: 114772K(115520K)->114772K(115520K) Class: 20986K(21568K)->20986K(21568K)
[1273.835s][info][gc             ] GC(361) Pause Young (Allocation Failure) 3898M->1388M(8100M) 23.729ms
[1273.835s][info][gc,cpu         ] GC(361) User=0.25s Sys=0.00s Real=0.02s
[1277.189s][info][gc,start       ] GC(362) Pause Young (Allocation Failure)
[1277.221s][info][gc,heap        ] GC(362) PSYoungGen: 2649632K(2702336K)->66512K(2700800K) Eden: 2607104K(2607104K)->0K(2607104K) From: 42528K(95232K)->66512K(93696K)
[1277.221s][info][gc,heap        ] GC(362) ParOldGen: 1379213K(5592576K)->1415277K(5592576K)
[1277.221s][info][gc,metaspace   ] GC(362) Metaspace: 135762K(137088K)->135762K(137088K) NonClass: 114776K(115520K)->114776K(115520K) Class: 20986K(21568K)->20986K(21568K)
[1277.221s][info][gc             ] GC(362) Pause Young (Allocation Failure) 3934M->1447M(8099M) 31.563ms
[1277.221s][info][gc,cpu         ] GC(362) User=0.25s Sys=0.00s Real=0.03s
[1280.276s][info][gc,start       ] GC(363) Pause Young (Allocation Failure)
[1280.308s][info][gc,heap        ] GC(363) PSYoungGen: 2673616K(2700800K)->58864K(2704384K) Eden: 2607104K(2607104K)->0K(2610176K) From: 66512K(93696K)->58864K(94208K)
[1280.308s][info][gc,heap        ] GC(363) ParOldGen: 1415277K(5592576K)->1465204K(5592576K)
[1280.308s][info][gc,metaspace   ] GC(363) Metaspace: 135763K(137088K)->135763K(137088K) NonClass: 114776K(115520K)->114776K(115520K) Class: 20986K(21568K)->20986K(21568K)
[1280.308s][info][gc             ] GC(363) Pause Young (Allocation Failure) 3993M->1488M(8102M) 31.631ms
[1280.308s][info][gc,cpu         ] GC(363) User=0.23s Sys=0.02s Real=0.03s
[1283.400s][info][gc,start       ] GC(364) Pause Young (Allocation Failure)
[1283.435s][info][gc,heap        ] GC(364) PSYoungGen: 2669040K(2704384K)->73232K(2683904K) Eden: 2610176K(2610176K)->0K(2610176K) From: 58864K(94208K)->73232K(73728K)
[1283.435s][info][gc,heap        ] GC(364) ParOldGen: 1465204K(5592576K)->1505170K(5592576K)
[1283.435s][info][gc,metaspace   ] GC(364) Metaspace: 135763K(137088K)->135763K(137088K) NonClass: 114776K(115520K)->114776K(115520K) Class: 20986K(21568K)->20986K(21568K)
[1283.435s][info][gc             ] GC(364) Pause Young (Allocation Failure) 4037M->1541M(8082M) 34.942ms
[1283.435s][info][gc,cpu         ] GC(364) User=0.25s Sys=0.00s Real=0.03s
[1286.306s][info][gc,start       ] GC(365) Pause Young (Allocation Failure)
[1286.340s][info][gc,heap        ] GC(365) PSYoungGen: 2683408K(2683904K)->73216K(2697216K) Eden: 2610176K(2610176K)->0K(2602496K) From: 73232K(73728K)->73216K(94720K)
[1286.340s][info][gc,heap        ] GC(365) ParOldGen: 1505170K(5592576K)->1537816K(5592576K)
[1286.340s][info][gc,metaspace   ] GC(365) Metaspace: 135768K(137088K)->135768K(137088K) NonClass: 114782K(115520K)->114782K(115520K) Class: 20986K(21568K)->20986K(21568K)
[1286.340s][info][gc             ] GC(365) Pause Young (Allocation Failure) 4090M->1573M(8095M) 33.570ms
[1286.340s][info][gc,cpu         ] GC(365) User=0.25s Sys=0.00s Real=0.03s
[1289.520s][info][gc,start       ] GC(366) Pause Young (Allocation Failure)
[1289.539s][info][gc,heap        ] GC(366) PSYoungGen: 2675712K(2697216K)->36992K(2699264K) Eden: 2602496K(2602496K)->0K(2602496K) From: 73216K(94720K)->36992K(96768K)
[1289.539s][info][gc,heap        ] GC(366) ParOldGen: 1537816K(5592576K)->1551741K(5592576K)
[1289.539s][info][gc,metaspace   ] GC(366) Metaspace: 135769K(137088K)->135769K(137088K) NonClass: 114782K(115520K)->114782K(115520K) Class: 20986K(21568K)->20986K(21568K)
[1289.539s][info][gc             ] GC(366) Pause Young (Allocation Failure) 4114M->1551M(8097M) 19.244ms
[1289.539s][info][gc,cpu         ] GC(366) User=0.17s Sys=0.08s Real=0.02s
[1294.264s][info][gc,start       ] GC(367) Pause Young (Allocation Failure)
[1294.288s][info][gc,heap        ] GC(367) PSYoungGen: 2639488K(2699264K)->39904K(2700288K) Eden: 2602496K(2602496K)->0K(2603520K) From: 36992K(96768K)->39904K(96768K)
[1294.288s][info][gc,heap        ] GC(367) ParOldGen: 1551741K(5592576K)->1572963K(5592576K)
[1294.288s][info][gc,metaspace   ] GC(367) Metaspace: 135769K(137088K)->135769K(137088K) NonClass: 114782K(115520K)->114782K(115520K) Class: 20986K(21568K)->20986K(21568K)
[1294.288s][info][gc             ] GC(367) Pause Young (Allocation Failure) 4092M->1575M(8098M) 23.244ms
[1294.288s][info][gc,cpu         ] GC(367) User=0.17s Sys=0.00s Real=0.02s
[1297.455s][info][gc,start       ] GC(368) Pause Young (Allocation Failure)
[1297.487s][info][gc,heap        ] GC(368) PSYoungGen: 2643424K(2700288K)->65824K(2699264K) Eden: 2603520K(2603520K)->0K(2603520K) From: 39904K(96768K)->65824K(95744K)
[1297.487s][info][gc,heap        ] GC(368) ParOldGen: 1572963K(5592576K)->1606864K(5592576K)
[1297.487s][info][gc,metaspace   ] GC(368) Metaspace: 135773K(137088K)->135773K(137088K) NonClass: 114786K(115520K)->114786K(115520K) Class: 20986K(21568K)->20986K(21568K)
[1297.487s][info][gc             ] GC(368) Pause Young (Allocation Failure) 4117M->1633M(8097M) 31.563ms
[1297.487s][info][gc,cpu         ] GC(368) User=0.23s Sys=0.02s Real=0.03s
[1300.804s][info][gc,start       ] GC(369) Pause Young (Allocation Failure)
[1300.835s][info][gc,heap        ] GC(369) PSYoungGen: 2669344K(2699264K)->57520K(2703872K) Eden: 2603520K(2603520K)->0K(2608128K) From: 65824K(95744K)->57520K(95744K)
[1300.835s][info][gc,heap        ] GC(369) ParOldGen: 1606864K(5592576K)->1652256K(5592576K)
[1300.835s][info][gc,metaspace   ] GC(369) Metaspace: 135780K(137088K)->135780K(137088K) NonClass: 114794K(115520K)->114794K(115520K) Class: 20986K(21568K)->20986K(21568K)
[1300.835s][info][gc             ] GC(369) Pause Young (Allocation Failure) 4175M->1669M(8102M) 31.136ms
[1300.835s][info][gc,cpu         ] GC(369) User=0.25s Sys=0.00s Real=0.03s
[1303.632s][info][gc,start       ] GC(370) Pause Young (Allocation Failure)
[1303.665s][info][gc,heap        ] GC(370) PSYoungGen: 2665648K(2703872K)->75328K(2700288K) Eden: 2608128K(2608128K)->0K(2608128K) From: 57520K(95744K)->75328K(92160K)
[1303.665s][info][gc,heap        ] GC(370) ParOldGen: 1652256K(5592576K)->1689752K(5592576K)
[1303.665s][info][gc,metaspace   ] GC(370) Metaspace: 135781K(137088K)->135781K(137088K) NonClass: 114794K(115520K)->114794K(115520K) Class: 20986K(21568K)->20986K(21568K)
[1303.665s][info][gc             ] GC(370) Pause Young (Allocation Failure) 4216M->1723M(8098M) 33.097ms
[1303.665s][info][gc,cpu         ] GC(370) User=0.25s Sys=0.00s Real=0.03s
[1307.148s][info][gc,start       ] GC(371) Pause Young (Allocation Failure)
[1307.175s][info][gc,heap        ] GC(371) PSYoungGen: 2683456K(2700288K)->63168K(2702336K) Eden: 2608128K(2608128K)->0K(2606592K) From: 75328K(92160K)->63168K(95744K)
[1307.175s][info][gc,heap        ] GC(371) ParOldGen: 1689752K(5592576K)->1711650K(5592576K)
[1307.175s][info][gc,metaspace   ] GC(371) Metaspace: 135782K(137088K)->135782K(137088K) NonClass: 114795K(115520K)->114795K(115520K) Class: 20986K(21568K)->20986K(21568K)
[1307.175s][info][gc             ] GC(371) Pause Young (Allocation Failure) 4270M->1733M(8100M) 27.165ms
[1307.175s][info][gc,cpu         ] GC(371) User=0.12s Sys=0.00s Real=0.03s
[1310.276s][info][gc,start       ] GC(372) Pause Young (Allocation Failure)
[1310.296s][info][gc,heap        ] GC(372) PSYoungGen: 2669760K(2702336K)->40416K(2700288K) Eden: 2606592K(2606592K)->0K(2606592K) From: 63168K(95744K)->40416K(93696K)
[1310.296s][info][gc,heap        ] GC(372) ParOldGen: 1711650K(5592576K)->1731434K(5592576K)
[1310.296s][info][gc,metaspace   ] GC(372) Metaspace: 135782K(137088K)->135782K(137088K) NonClass: 114795K(115520K)->114795K(115520K) Class: 20986K(21568K)->20986K(21568K)
[1310.296s][info][gc             ] GC(372) Pause Young (Allocation Failure) 4278M->1730M(8098M) 19.753ms
[1310.296s][info][gc,cpu         ] GC(372) User=0.12s Sys=0.00s Real=0.02s
[1313.788s][info][gc,start       ] GC(373) Pause Young (Allocation Failure)
[1313.809s][info][gc,heap        ] GC(373) PSYoungGen: 2647008K(2700288K)->37504K(2702848K) Eden: 2606592K(2606592K)->0K(2609664K) From: 40416K(93696K)->37504K(93184K)
[1313.809s][info][gc,heap        ] GC(373) ParOldGen: 1731434K(5592576K)->1756876K(5592576K)
[1313.809s][info][gc,metaspace   ] GC(373) Metaspace: 135782K(137088K)->135782K(137088K) NonClass: 114795K(115520K)->114795K(115520K) Class: 20986K(21568K)->20986K(21568K)
[1313.809s][info][gc             ] GC(373) Pause Young (Allocation Failure) 4275M->1752M(8101M) 21.180ms
[1313.809s][info][gc,cpu         ] GC(373) User=0.12s Sys=0.00s Real=0.02s
[1316.988s][info][gc,start       ] GC(374) Pause Young (Allocation Failure)
[1317.023s][info][gc,heap        ] GC(374) PSYoungGen: 2647168K(2702848K)->61792K(2702848K) Eden: 2609664K(2609664K)->0K(2609664K) From: 37504K(93184K)->61792K(93184K)
[1317.023s][info][gc,heap        ] GC(374) ParOldGen: 1756876K(5592576K)->1788226K(5592576K)
[1317.023s][info][gc,metaspace   ] GC(374) Metaspace: 135785K(137088K)->135785K(137088K) NonClass: 114799K(115520K)->114799K(115520K) Class: 20986K(21568K)->20986K(21568K)
[1317.023s][info][gc             ] GC(374) Pause Young (Allocation Failure) 4300M->1806M(8101M) 35.268ms
[1317.023s][info][gc,cpu         ] GC(374) User=0.38s Sys=0.00s Real=0.04s
[1321.187s][info][gc,start       ] GC(375) Pause Young (Allocation Failure)
[1321.290s][info][gc,heap        ] GC(375) PSYoungGen: 2671456K(2702848K)->64736K(2704384K) Eden: 2609664K(2609664K)->0K(2612736K) From: 61792K(93184K)->64736K(91648K)
[1321.290s][info][gc,heap        ] GC(375) ParOldGen: 1788226K(5592576K)->1826802K(5592576K)
[1321.290s][info][gc,metaspace   ] GC(375) Metaspace: 135794K(137088K)->135794K(137088K) NonClass: 114808K(115520K)->114808K(115520K) Class: 20986K(21568K)->20986K(21568K)
[1321.290s][info][gc             ] GC(375) Pause Young (Allocation Failure) 4355M->1847M(8102M) 102.456ms
[1321.290s][info][gc,cpu         ] GC(375) User=0.14s Sys=0.09s Real=0.10s
[1324.980s][info][gc,start       ] GC(376) Pause Young (GCLocker Initiated GC)
[1325.056s][info][gc,heap        ] GC(376) PSYoungGen: 2677472K(2704384K)->72784K(2684416K) Eden: 2612736K(2612736K)->0K(2611200K) From: 64736K(91648K)->72784K(73216K)
[1325.056s][info][gc,heap        ] GC(376) ParOldGen: 1826802K(5592576K)->1858769K(5592576K)
[1325.056s][info][gc,metaspace   ] GC(376) Metaspace: 135797K(137088K)->135797K(137088K) NonClass: 114810K(115520K)->114810K(115520K) Class: 20986K(21568K)->20986K(21568K)
[1325.056s][info][gc             ] GC(376) Pause Young (GCLocker Initiated GC) 4398M->1886M(8083M) 76.036ms
[1325.056s][info][gc,cpu         ] GC(376) User=0.19s Sys=0.00s Real=0.08s
[1328.348s][info][gc,start       ] GC(377) Pause Young (Allocation Failure)
[1328.409s][info][gc,heap        ] GC(377) PSYoungGen: 2683984K(2684416K)->59232K(2704896K) Eden: 2611200K(2611200K)->0K(2610688K) From: 72784K(73216K)->59232K(94208K)
[1328.409s][info][gc,heap        ] GC(377) ParOldGen: 1858771K(5592576K)->1882676K(5592576K)
[1328.409s][info][gc,metaspace   ] GC(377) Metaspace: 135797K(137088K)->135797K(137088K) NonClass: 114810K(115520K)->114810K(115520K) Class: 20986K(21568K)->20986K(21568K)
[1328.409s][info][gc             ] GC(377) Pause Young (Allocation Failure) 4436M->1896M(8103M) 60.846ms
[1328.409s][info][gc,cpu         ] GC(377) User=0.22s Sys=0.05s Real=0.06s
[1333.060s][info][gc,start       ] GC(378) Pause Young (Allocation Failure)
[1333.116s][info][gc,heap        ] GC(378) PSYoungGen: 2669920K(2704896K)->44512K(2701824K) Eden: 2610688K(2610688K)->0K(2610688K) From: 59232K(94208K)->44512K(91136K)
[1333.116s][info][gc,heap        ] GC(378) ParOldGen: 1882676K(5592576K)->1905890K(5592576K)
[1333.116s][info][gc,metaspace   ] GC(378) Metaspace: 135797K(137088K)->135797K(137088K) NonClass: 114810K(115520K)->114810K(115520K) Class: 20986K(21568K)->20986K(21568K)
[1333.116s][info][gc             ] GC(378) Pause Young (Allocation Failure) 4445M->1904M(8100M) 55.916ms
[1333.116s][info][gc,cpu         ] GC(378) User=0.08s Sys=0.00s Real=0.06s
[1337.184s][info][gc,start       ] GC(379) Pause Young (Allocation Failure)
[1337.250s][info][gc,heap        ] GC(379) PSYoungGen: 2655200K(2701824K)->44224K(2706944K) Eden: 2610688K(2610688K)->0K(2616832K) From: 44512K(91136K)->44224K(90112K)
[1337.250s][info][gc,heap        ] GC(379) ParOldGen: 1905890K(5592576K)->1934243K(5592576K)
[1337.250s][info][gc,metaspace   ] GC(379) Metaspace: 135797K(137088K)->135797K(137088K) NonClass: 114810K(115520K)->114810K(115520K) Class: 20986K(21568K)->20986K(21568K)
[1337.250s][info][gc             ] GC(379) Pause Young (Allocation Failure) 4454M->1932M(8105M) 66.055ms
[1337.250s][info][gc,cpu         ] GC(379) User=0.03s Sys=0.02s Real=0.07s
[1340.432s][info][gc,start       ] GC(380) Pause Young (Allocation Failure)
[1340.526s][info][gc,heap        ] GC(380) PSYoungGen: 2661056K(2706944K)->68128K(2705920K) Eden: 2616832K(2616832K)->0K(2616832K) From: 44224K(90112K)->68128K(89088K)
[1340.526s][info][gc,heap        ] GC(380) ParOldGen: 1934243K(5592576K)->1970372K(5592576K)
[1340.526s][info][gc,metaspace   ] GC(380) Metaspace: 135797K(137088K)->135797K(137088K) NonClass: 114810K(115520K)->114810K(115520K) Class: 20986K(21568K)->20986K(21568K)
[1340.526s][info][gc             ] GC(380) Pause Young (Allocation Failure) 4487M->1990M(8104M) 93.710ms
[1340.526s][info][gc,cpu         ] GC(380) User=0.11s Sys=0.14s Real=0.09s
[1343.872s][info][gc,start       ] GC(381) Pause Young (Allocation Failure)
[1343.970s][info][gc,heap        ] GC(381) PSYoungGen: 2684960K(2705920K)->63120K(2706944K) Eden: 2616832K(2616832K)->0K(2616832K) From: 68128K(89088K)->63120K(90112K)
[1343.970s][info][gc,heap        ] GC(381) ParOldGen: 1970372K(5592576K)->2010338K(5592576K)
[1343.970s][info][gc,metaspace   ] GC(381) Metaspace: 135802K(137088K)->135802K(137088K) NonClass: 114815K(115520K)->114815K(115520K) Class: 20986K(21568K)->20986K(21568K)
[1343.970s][info][gc             ] GC(381) Pause Young (Allocation Failure) 4546M->2024M(8105M) 97.551ms
[1343.970s][info][gc,cpu         ] GC(381) User=0.08s Sys=0.19s Real=0.10s
[1346.812s][info][gc,start       ] GC(382) Pause Young (Allocation Failure)
[1346.881s][info][gc,heap        ] GC(382) PSYoungGen: 2679952K(2706944K)->60496K(2705920K) Eden: 2616832K(2616832K)->0K(2616832K) From: 63120K(90112K)->60496K(89088K)
[1346.881s][info][gc,heap        ] GC(382) ParOldGen: 2010338K(5592576K)->2049118K(5592576K)
[1346.881s][info][gc,metaspace   ] GC(382) Metaspace: 135802K(137088K)->135802K(137088K) NonClass: 114815K(115520K)->114815K(115520K) Class: 20986K(21568K)->20986K(21568K)
[1346.881s][info][gc             ] GC(382) Pause Young (Allocation Failure) 4580M->2060M(8104M) 68.822ms
[1346.881s][info][gc,cpu         ] GC(382) User=0.19s Sys=0.05s Real=0.07s
[1350.081s][info][gc,start       ] GC(383) Pause Young (Allocation Failure)
[1350.119s][info][gc,heap        ] GC(383) PSYoungGen: 2677328K(2705920K)->70960K(2704896K) Eden: 2616832K(2616832K)->0K(2617856K) From: 60496K(89088K)->70960K(87040K)
[1350.119s][info][gc,heap        ] GC(383) ParOldGen: 2049118K(5592576K)->2075852K(5592576K)
[1350.119s][info][gc,metaspace   ] GC(383) Metaspace: 135802K(137088K)->135802K(137088K) NonClass: 114815K(115520K)->114815K(115520K) Class: 20986K(21568K)->20986K(21568K)
[1350.119s][info][gc             ] GC(383) Pause Young (Allocation Failure) 4615M->2096M(8103M) 38.860ms
[1350.119s][info][gc,cpu         ] GC(383) User=0.25s Sys=0.00s Real=0.04s
[1353.584s][info][gc,start       ] GC(384) Pause Young (Allocation Failure)
[1353.607s][info][gc,heap        ] GC(384) PSYoungGen: 2688816K(2704896K)->42752K(2706944K) Eden: 2617856K(2617856K)->0K(2617856K) From: 70960K(87040K)->42752K(89088K)
[1353.607s][info][gc,heap        ] GC(384) ParOldGen: 2075852K(5592576K)->2101263K(5592576K)
[1353.607s][info][gc,metaspace   ] GC(384) Metaspace: 135802K(137088K)->135802K(137088K) NonClass: 114815K(115520K)->114815K(115520K) Class: 20986K(21568K)->20986K(21568K)
[1353.607s][info][gc             ] GC(384) Pause Young (Allocation Failure) 4652M->2093M(8105M) 22.776ms
[1353.607s][info][gc,cpu         ] GC(384) User=0.12s Sys=0.00s Real=0.02s
[1357.347s][info][gc,start       ] GC(385) Pause Young (Allocation Failure)
[1357.373s][info][gc,heap        ] GC(385) PSYoungGen: 2660608K(2706944K)->46816K(2708480K) Eden: 2617856K(2617856K)->0K(2619392K) From: 42752K(89088K)->46816K(89088K)
[1357.373s][info][gc,heap        ] GC(385) ParOldGen: 2101263K(5592576K)->2136602K(5592576K)
[1357.373s][info][gc,metaspace   ] GC(385) Metaspace: 135806K(137152K)->135806K(137152K) NonClass: 114820K(115584K)->114820K(115584K) Class: 20986K(21568K)->20986K(21568K)
[1357.373s][info][gc             ] GC(385) Pause Young (Allocation Failure) 4650M->2132M(8106M) 25.817ms
[1357.373s][info][gc,cpu         ] GC(385) User=0.25s Sys=0.00s Real=0.02s
[1360.460s][info][gc,start       ] GC(386) Pause Young (Allocation Failure)
[1360.490s][info][gc,heap        ] GC(386) PSYoungGen: 2666208K(2708480K)->62112K(2706944K) Eden: 2619392K(2619392K)->0K(2619392K) From: 46816K(89088K)->62112K(87552K)
[1360.490s][info][gc,heap        ] GC(386) ParOldGen: 2136602K(5592576K)->2176977K(5592576K)
[1360.490s][info][gc,metaspace   ] GC(386) Metaspace: 135806K(137152K)->135806K(137152K) NonClass: 114820K(115584K)->114820K(115584K) Class: 20986K(21568K)->20986K(21568K)
[1360.490s][info][gc             ] GC(386) Pause Young (Allocation Failure) 4690M->2186M(8105M) 30.339ms
[1360.490s][info][gc,cpu         ] GC(386) User=0.12s Sys=0.02s Real=0.03s
[1363.560s][info][gc,start       ] GC(387) Pause Young (Allocation Failure)
[1363.593s][info][gc,heap        ] GC(387) PSYoungGen: 2681504K(2706944K)->71056K(2704384K) Eden: 2619392K(2619392K)->0K(2617856K) From: 62112K(87552K)->71056K(86528K)
[1363.593s][info][gc,heap        ] GC(387) ParOldGen: 2176977K(5592576K)->2205981K(5592576K)
[1363.593s][info][gc,metaspace   ] GC(387) Metaspace: 135807K(137152K)->135807K(137152K) NonClass: 114820K(115584K)->114820K(115584K) Class: 20986K(21568K)->20986K(21568K)
[1363.593s][info][gc             ] GC(387) Pause Young (Allocation Failure) 4744M->2223M(8102M) 32.641ms
[1363.593s][info][gc,cpu         ] GC(387) User=0.25s Sys=0.00s Real=0.03s
[1366.432s][info][gc,start       ] GC(388) Pause Young (Allocation Failure)
[1366.474s][info][gc,heap        ] GC(388) PSYoungGen: 2688912K(2704384K)->74192K(2692096K) Eden: 2617856K(2617856K)->0K(2617856K) From: 71056K(86528K)->74192K(74240K)
[1366.474s][info][gc,heap        ] GC(388) ParOldGen: 2205981K(5592576K)->2245107K(5592576K)
[1366.474s][info][gc,metaspace   ] GC(388) Metaspace: 135829K(137216K)->135829K(137216K) NonClass: 114837K(115648K)->114837K(115648K) Class: 20991K(21568K)->20991K(21568K)
[1366.474s][info][gc             ] GC(388) Pause Young (Allocation Failure) 4780M->2264M(8090M) 42.259ms
[1366.474s][info][gc,cpu         ] GC(388) User=0.25s Sys=0.00s Real=0.04s
[1369.818s][info][gc,start       ] GC(389) Pause Young (GCLocker Initiated GC)
[1369.857s][info][gc,heap        ] GC(389) PSYoungGen: 2692048K(2692096K)->63904K(2705920K) Eden: 2617856K(2617856K)->0K(2614272K) From: 74192K(74240K)->63904K(91648K)
[1369.857s][info][gc,heap        ] GC(389) ParOldGen: 2245149K(5592576K)->2282177K(5592576K)
[1369.857s][info][gc,metaspace   ] GC(389) Metaspace: 135831K(137216K)->135831K(137216K) NonClass: 114839K(115648K)->114839K(115648K) Class: 20991K(21568K)->20991K(21568K)
[1369.857s][info][gc             ] GC(389) Pause Young (GCLocker Initiated GC) 4821M->2291M(8104M) 38.649ms
[1369.857s][info][gc,cpu         ] GC(389) User=0.27s Sys=0.02s Real=0.04s
[1374.388s][info][gc,start       ] GC(390) Pause Young (Allocation Failure)
[1374.414s][info][gc,heap        ] GC(390) PSYoungGen: 2678176K(2705920K)->46272K(2704384K) Eden: 2614272K(2614272K)->0K(2614272K) From: 63904K(91648K)->46272K(90112K)
[1374.414s][info][gc,heap        ] GC(390) ParOldGen: 2282179K(5592576K)->2307931K(5592576K)
[1374.414s][info][gc,metaspace   ] GC(390) Metaspace: 135832K(137216K)->135832K(137216K) NonClass: 114840K(115648K)->114840K(115648K) Class: 20991K(21568K)->20991K(21568K)
[1374.414s][info][gc             ] GC(390) Pause Young (Allocation Failure) 4844M->2299M(8102M) 25.793ms
[1374.414s][info][gc,cpu         ] GC(390) User=0.17s Sys=0.00s Real=0.03s
[1378.077s][info][gc,start       ] GC(391) Pause Young (Allocation Failure)
[1378.112s][info][gc,heap        ] GC(391) PSYoungGen: 2660544K(2704384K)->60064K(2708992K) Eden: 2614272K(2614272K)->0K(2619392K) From: 46272K(90112K)->60064K(89600K)
[1378.112s][info][gc,heap        ] GC(391) ParOldGen: 2307931K(5592576K)->2350904K(5592576K)
[1378.112s][info][gc,metaspace   ] GC(391) Metaspace: 135841K(137216K)->135841K(137216K) NonClass: 114849K(115648K)->114849K(115648K) Class: 20991K(21568K)->20991K(21568K)
[1378.112s][info][gc             ] GC(391) Pause Young (Allocation Failure) 4852M->2354M(8107M) 35.171ms
[1378.112s][info][gc,cpu         ] GC(391) User=0.25s Sys=0.00s Real=0.04s
[1380.960s][info][gc,start       ] GC(392) Pause Young (Allocation Failure)
[1380.997s][info][gc,heap        ] GC(392) PSYoungGen: 2679456K(2708992K)->55760K(2706432K) Eden: 2619392K(2619392K)->0K(2619392K) From: 60064K(89600K)->55760K(87040K)
[1380.997s][info][gc,heap        ] GC(392) ParOldGen: 2350904K(5592576K)->2401838K(5592576K)
[1380.997s][info][gc,metaspace   ] GC(392) Metaspace: 135842K(137216K)->135842K(137216K) NonClass: 114850K(115648K)->114850K(115648K) Class: 20991K(21568K)->20991K(21568K)
[1380.997s][info][gc             ] GC(392) Pause Young (Allocation Failure) 4912M->2399M(8104M) 36.828ms
[1380.997s][info][gc,cpu         ] GC(392) User=0.25s Sys=0.00s Real=0.04s
[1384.016s][info][gc,start       ] GC(393) Pause Young (Allocation Failure)
[1384.052s][info][gc,heap        ] GC(393) PSYoungGen: 2675152K(2706432K)->67792K(2709504K) Eden: 2619392K(2619392K)->0K(2625024K) From: 55760K(87040K)->67792K(84480K)
[1384.052s][info][gc,heap        ] GC(393) ParOldGen: 2401838K(5592576K)->2433882K(5592576K)
[1384.052s][info][gc,metaspace   ] GC(393) Metaspace: 135842K(137216K)->135842K(137216K) NonClass: 114850K(115648K)->114850K(115648K) Class: 20991K(21568K)->20991K(21568K)
[1384.052s][info][gc             ] GC(393) Pause Young (Allocation Failure) 4957M->2443M(8107M) 35.604ms
[1384.052s][info][gc,cpu         ] GC(393) User=0.25s Sys=0.02s Real=0.04s
[1386.976s][info][gc,start       ] GC(394) Pause Young (Allocation Failure)
[1387.014s][info][gc,heap        ] GC(394) PSYoungGen: 2692816K(2709504K)->63136K(2710528K) Eden: 2625024K(2625024K)->0K(2625024K) From: 67792K(84480K)->63136K(85504K)
[1387.014s][info][gc,heap        ] GC(394) ParOldGen: 2433882K(5592576K)->2473142K(5592576K)
[1387.014s][info][gc,metaspace   ] GC(394) Metaspace: 135842K(137216K)->135842K(137216K) NonClass: 114850K(115648K)->114850K(115648K) Class: 20991K(21568K)->20991K(21568K)
[1387.014s][info][gc             ] GC(394) Pause Young (Allocation Failure) 5006M->2476M(8108M) 38.039ms
[1387.014s][info][gc,cpu         ] GC(394) User=0.25s Sys=0.00s Real=0.04s
[1390.272s][info][gc,start       ] GC(395) Pause Young (Allocation Failure)
[1390.306s][info][gc,heap        ] GC(395) PSYoungGen: 2688160K(2710528K)->71328K(2707968K) Eden: 2625024K(2625024K)->0K(2624000K) From: 63136K(85504K)->71328K(83968K)
[1390.306s][info][gc,heap        ] GC(395) ParOldGen: 2473142K(5592576K)->2507450K(5592576K)
[1390.306s][info][gc,metaspace   ] GC(395) Metaspace: 135842K(137216K)->135842K(137216K) NonClass: 114850K(115648K)->114850K(115648K) Class: 20991K(21568K)->20991K(21568K)
[1390.306s][info][gc             ] GC(395) Pause Young (Allocation Failure) 5040M->2518M(8106M) 34.399ms
[1390.306s][info][gc,cpu         ] GC(395) User=0.25s Sys=0.00s Real=0.03s
[1393.750s][info][gc,start       ] GC(396) Pause Young (Allocation Failure)
[1393.772s][info][gc,heap        ] GC(396) PSYoungGen: 2695328K(2707968K)->42672K(2667008K) Eden: 2624000K(2624000K)->0K(2624000K) From: 71328K(83968K)->42672K(43008K)
[1393.772s][info][gc,heap        ] GC(396) ParOldGen: 2507450K(5592576K)->2528813K(5592576K)
[1393.772s][info][gc,metaspace   ] GC(396) Metaspace: 135844K(137216K)->135844K(137216K) NonClass: 114852K(115648K)->114852K(115648K) Class: 20991K(21568K)->20991K(21568K)
[1393.772s][info][gc             ] GC(396) Pause Young (Allocation Failure) 5080M->2511M(8066M) 21.777ms
[1393.772s][info][gc,cpu         ] GC(396) User=0.25s Sys=0.00s Real=0.02s
[1397.771s][info][gc,start       ] GC(397) Pause Young (Allocation Failure)
[1397.811s][info][gc,heap        ] GC(397) PSYoungGen: 2666672K(2667008K)->57392K(2711552K) Eden: 2624000K(2624000K)->0K(2625024K) From: 42672K(43008K)->57392K(86528K)
[1397.811s][info][gc,heap        ] GC(397) ParOldGen: 2528813K(5592576K)->2557414K(5592576K)
[1397.811s][info][gc,metaspace   ] GC(397) Metaspace: 135846K(137216K)->135846K(137216K) NonClass: 114854K(115648K)->114854K(115648K) Class: 20991K(21568K)->20991K(21568K)
[1397.811s][info][gc             ] GC(397) Pause Young (Allocation Failure) 5073M->2553M(8109M) 39.514ms
[1397.811s][info][gc,cpu         ] GC(397) User=0.34s Sys=0.00s Real=0.04s
[1401.448s][info][gc,start       ] GC(398) Pause Young (Allocation Failure)
[1401.494s][info][gc,heap        ] GC(398) PSYoungGen: 2682416K(2711552K)->69696K(2709504K) Eden: 2625024K(2625024K)->0K(2625024K) From: 57392K(86528K)->69696K(84480K)
[1401.494s][info][gc,heap        ] GC(398) ParOldGen: 2557414K(5592576K)->2606761K(5592576K)
[1401.494s][info][gc,metaspace   ] GC(398) Metaspace: 135852K(137216K)->135852K(137216K) NonClass: 114860K(115648K)->114860K(115648K) Class: 20991K(21568K)->20991K(21568K)
[1401.494s][info][gc             ] GC(398) Pause Young (Allocation Failure) 5117M->2613M(8107M) 46.031ms
[1401.494s][info][gc,cpu         ] GC(398) User=0.38s Sys=0.00s Real=0.05s
[1404.324s][info][gc,start       ] GC(399) Pause Young (Allocation Failure)
[1404.362s][info][gc,heap        ] GC(399) PSYoungGen: 2694720K(2709504K)->62816K(2712064K) Eden: 2625024K(2625024K)->0K(2626560K) From: 69696K(84480K)->62816K(85504K)
[1404.362s][info][gc,heap        ] GC(399) ParOldGen: 2606761K(5592576K)->2668294K(5592576K)
[1404.362s][info][gc,metaspace   ] GC(399) Metaspace: 135852K(137216K)->135852K(137216K) NonClass: 114860K(115648K)->114860K(115648K) Class: 20991K(21568K)->20991K(21568K)
[1404.362s][info][gc             ] GC(399) Pause Young (Allocation Failure) 5177M->2667M(8110M) 38.280ms
[1404.362s][info][gc,cpu         ] GC(399) User=0.25s Sys=0.00s Real=0.04s
[1407.435s][info][gc,start       ] GC(400) Pause Young (Allocation Failure)
[1407.474s][info][gc,heap        ] GC(400) PSYoungGen: 2689376K(2712064K)->78976K(2705920K) Eden: 2626560K(2626560K)->0K(2626560K) From: 62816K(85504K)->78976K(79360K)
[1407.474s][info][gc,heap        ] GC(400) ParOldGen: 2668294K(5592576K)->2714757K(5592576K)
[1407.474s][info][gc,metaspace   ] GC(400) Metaspace: 135852K(137216K)->135852K(137216K) NonClass: 114860K(115648K)->114860K(115648K) Class: 20991K(21568K)->20991K(21568K)
[1407.475s][info][gc             ] GC(400) Pause Young (Allocation Failure) 5232M->2728M(8104M) 39.038ms
[1407.475s][info][gc,cpu         ] GC(400) User=0.27s Sys=0.00s Real=0.04s
[1409.878s][info][gc,start       ] GC(401) Pause Young (Allocation Failure)
[1409.924s][info][gc,heap        ] GC(401) PSYoungGen: 2705536K(2705920K)->88544K(2657280K) Eden: 2626560K(2626560K)->0K(2568704K) From: 78976K(79360K)->88544K(88576K)
[1409.924s][info][gc,heap        ] GC(401) ParOldGen: 2714757K(5592576K)->2762698K(5592576K)
[1409.924s][info][gc,metaspace   ] GC(401) Metaspace: 135853K(137216K)->135853K(137216K) NonClass: 114861K(115648K)->114861K(115648K) Class: 20991K(21568K)->20991K(21568K)
[1409.924s][info][gc             ] GC(401) Pause Young (Allocation Failure) 5293M->2784M(8056M) 45.965ms
[1409.924s][info][gc,cpu         ] GC(401) User=0.38s Sys=0.00s Real=0.05s
[1413.392s][info][gc,start       ] GC(402) Pause Young (Allocation Failure)
[1413.434s][info][gc,heap        ] GC(402) PSYoungGen: 2657248K(2657280K)->72352K(2682368K) Eden: 2568704K(2568704K)->0K(2568704K) From: 88544K(88576K)->72352K(113664K)
[1413.434s][info][gc,heap        ] GC(402) ParOldGen: 2762698K(5592576K)->2821092K(5592576K)
[1413.434s][info][gc,metaspace   ] GC(402) Metaspace: 135854K(137216K)->135854K(137216K) NonClass: 114862K(115648K)->114862K(115648K) Class: 20991K(21568K)->20991K(21568K)
[1413.434s][info][gc             ] GC(402) Pause Young (Allocation Failure) 5292M->2825M(8081M) 42.367ms
[1413.434s][info][gc,cpu         ] GC(402) User=0.38s Sys=0.00s Real=0.04s
[1417.844s][info][gc,start       ] GC(403) Pause Young (Allocation Failure)
[1417.872s][info][gc,heap        ] GC(403) PSYoungGen: 2641056K(2682368K)->45712K(2685952K) Eden: 2568704K(2568704K)->0K(2575872K) From: 72352K(113664K)->45712K(110080K)
[1417.872s][info][gc,heap        ] GC(403) ParOldGen: 2821092K(5592576K)->2852753K(5592576K)
[1417.872s][info][gc,metaspace   ] GC(403) Metaspace: 135858K(137216K)->135858K(137216K) NonClass: 114866K(115648K)->114866K(115648K) Class: 20991K(21568K)->20991K(21568K)
[1417.872s][info][gc             ] GC(403) Pause Young (Allocation Failure) 5334M->2830M(8084M) 28.286ms
[1417.872s][info][gc,cpu         ] GC(403) User=0.25s Sys=0.00s Real=0.03s
[1421.951s][info][gc,start       ] GC(404) Pause Young (Allocation Failure)
[1421.989s][info][gc,heap        ] GC(404) PSYoungGen: 2621584K(2685952K)->66304K(2685952K) Eden: 2575872K(2575872K)->0K(2575872K) From: 45712K(110080K)->66304K(110080K)
[1421.989s][info][gc,heap        ] GC(404) ParOldGen: 2852753K(5592576K)->2893483K(5592576K)
[1421.989s][info][gc,metaspace   ] GC(404) Metaspace: 135866K(137216K)->135866K(137216K) NonClass: 114874K(115648K)->114874K(115648K) Class: 20991K(21568K)->20991K(21568K)
[1421.989s][info][gc             ] GC(404) Pause Young (Allocation Failure) 5346M->2890M(8084M) 37.735ms
[1421.989s][info][gc,cpu         ] GC(404) User=0.25s Sys=0.00s Real=0.04s
[1425.736s][info][gc,start       ] GC(405) Pause Young (Allocation Failure)
[1425.770s][info][gc,heap        ] GC(405) PSYoungGen: 2642176K(2685952K)->47680K(2690048K) Eden: 2575872K(2575872K)->0K(2584064K) From: 66304K(110080K)->47680K(105984K)
[1425.770s][info][gc,heap        ] GC(405) ParOldGen: 2893483K(5592576K)->2948860K(5592576K)
[1425.770s][info][gc,metaspace   ] GC(405) Metaspace: 135866K(137216K)->135866K(137216K) NonClass: 114874K(115648K)->114874K(115648K) Class: 20991K(21568K)->20991K(21568K)
[1425.770s][info][gc             ] GC(405) Pause Young (Allocation Failure) 5405M->2926M(8088M) 33.825ms
[1425.770s][info][gc,cpu         ] GC(405) User=0.25s Sys=0.00s Real=0.03s
[1428.892s][info][gc,start       ] GC(406) Pause Young (Allocation Failure)
[1428.933s][info][gc,heap        ] GC(406) PSYoungGen: 2631744K(2690048K)->65184K(2690048K) Eden: 2584064K(2584064K)->0K(2584064K) From: 47680K(105984K)->65184K(105984K)
[1428.933s][info][gc,heap        ] GC(406) ParOldGen: 2948860K(5592576K)->2989330K(5592576K)
[1428.933s][info][gc,metaspace   ] GC(406) Metaspace: 135866K(137216K)->135866K(137216K) NonClass: 114874K(115648K)->114874K(115648K) Class: 20991K(21568K)->20991K(21568K)
[1428.933s][info][gc             ] GC(406) Pause Young (Allocation Failure) 5449M->2982M(8088M) 41.061ms
[1428.933s][info][gc,cpu         ] GC(406) User=0.38s Sys=0.00s Real=0.04s
[1432.085s][info][gc,start       ] GC(407) Pause Young (Allocation Failure)
[1432.126s][info][gc,heap        ] GC(407) PSYoungGen: 2649248K(2690048K)->62544K(2697216K) Eden: 2584064K(2584064K)->0K(2595328K) From: 65184K(105984K)->62544K(101888K)
[1432.127s][info][gc,heap        ] GC(407) ParOldGen: 2989330K(5592576K)->3036792K(5592576K)
[1432.127s][info][gc,metaspace   ] GC(407) Metaspace: 135867K(137216K)->135867K(137216K) NonClass: 114875K(115648K)->114875K(115648K) Class: 20991K(21568K)->20991K(21568K)
[1432.127s][info][gc             ] GC(407) Pause Young (Allocation Failure) 5506M->3026M(8095M) 41.331ms
[1432.127s][info][gc,cpu         ] GC(407) User=0.25s Sys=0.00s Real=0.04s
[1435.949s][info][gc,start       ] GC(408) Pause Young (GCLocker Initiated GC)
[1435.997s][info][gc,heap        ] GC(408) PSYoungGen: 2657872K(2697216K)->83216K(2694144K) Eden: 2595328K(2595328K)->0K(2595328K) From: 62544K(101888K)->83216K(98816K)
[1435.997s][info][gc,heap        ] GC(408) ParOldGen: 3036792K(5592576K)->3087593K(5592576K)
[1435.997s][info][gc,metaspace   ] GC(408) Metaspace: 135873K(137216K)->135873K(137216K) NonClass: 114881K(115648K)->114881K(115648K) Class: 20991K(21568K)->20991K(21568K)
[1435.997s][info][gc             ] GC(408) Pause Young (GCLocker Initiated GC) 5561M->3096M(8092M) 48.215ms
[1435.997s][info][gc,cpu         ] GC(408) User=0.38s Sys=0.00s Real=0.05s
[1440.363s][info][gc,start       ] GC(409) Pause Young (Allocation Failure)
[1440.406s][info][gc,heap        ] GC(409) PSYoungGen: 2678544K(2694144K)->76912K(2693120K) Eden: 2595328K(2595328K)->0K(2591232K) From: 83216K(98816K)->76912K(101888K)
[1440.406s][info][gc,heap        ] GC(409) ParOldGen: 3087597K(5592576K)->3130639K(5592576K)
[1440.406s][info][gc,metaspace   ] GC(409) Metaspace: 135876K(137216K)->135876K(137216K) NonClass: 114884K(115648K)->114884K(115648K) Class: 20991K(21568K)->20991K(21568K)
[1440.406s][info][gc             ] GC(409) Pause Young (Allocation Failure) 5630M->3132M(8091M) 42.682ms
[1440.406s][info][gc,cpu         ] GC(409) User=0.38s Sys=0.00s Real=0.04s
[1442.775s][info][gc,start       ] GC(410) Pause Young (GCLocker Initiated GC)
[1442.813s][info][gc,heap        ] GC(410) PSYoungGen: 2668144K(2693120K)->79712K(2671104K) Eden: 2591232K(2591232K)->0K(2591232K) From: 76912K(101888K)->79712K(79872K)
[1442.813s][info][gc,heap        ] GC(410) ParOldGen: 3130644K(5592576K)->3161565K(5592576K)
[1442.813s][info][gc,metaspace   ] GC(410) Metaspace: 135877K(137216K)->135877K(137216K) NonClass: 114885K(115648K)->114885K(115648K) Class: 20991K(21568K)->20991K(21568K)
[1442.813s][info][gc             ] GC(410) Pause Young (GCLocker Initiated GC) 5662M->3165M(8070M) 37.654ms
[1442.813s][info][gc,cpu         ] GC(410) User=0.25s Sys=0.00s Real=0.04s
[1446.832s][info][gc,start       ] GC(411) Pause Young (Allocation Failure)
[1446.865s][info][gc,heap        ] GC(411) PSYoungGen: 2670944K(2671104K)->36672K(2688512K) Eden: 2591232K(2591232K)->0K(2585088K) From: 79712K(79872K)->36672K(103424K)
[1446.865s][info][gc,heap        ] GC(411) ParOldGen: 3161566K(5592576K)->3195436K(5592576K)
[1446.865s][info][gc,metaspace   ] GC(411) Metaspace: 135878K(137216K)->135878K(137216K) NonClass: 114886K(115648K)->114886K(115648K) Class: 20991K(21568K)->20991K(21568K)
[1446.865s][info][gc             ] GC(411) Pause Young (Allocation Failure) 5695M->3156M(8087M) 33.328ms
[1446.865s][info][gc,cpu         ] GC(411) User=0.19s Sys=0.00s Real=0.03s
[1451.547s][info][gc,start       ] GC(412) Pause Young (Allocation Failure)
[1451.582s][info][gc,heap        ] GC(412) PSYoungGen: 2621760K(2688512K)->45920K(2690560K) Eden: 2585088K(2585088K)->0K(2585088K) From: 36672K(103424K)->45920K(105472K)
[1451.582s][info][gc,heap        ] GC(412) ParOldGen: 3195436K(5592576K)->3224308K(5592576K)
[1451.582s][info][gc,metaspace   ] GC(412) Metaspace: 135878K(137216K)->135878K(137216K) NonClass: 114886K(115648K)->114886K(115648K) Class: 20991K(21568K)->20991K(21568K)
[1451.583s][info][gc             ] GC(412) Pause Young (Allocation Failure) 5680M->3193M(8089M) 35.105ms
[1451.583s][info][gc,cpu         ] GC(412) User=0.25s Sys=0.00s Real=0.03s
[1455.260s][info][gc,start       ] GC(413) Pause Young (Allocation Failure)
[1455.290s][info][gc,heap        ] GC(413) PSYoungGen: 2631008K(2690560K)->50208K(2693120K) Eden: 2585088K(2585088K)->0K(2588160K) From: 45920K(105472K)->50208K(104960K)
[1455.290s][info][gc,heap        ] GC(413) ParOldGen: 3224308K(5592576K)->3261830K(5592576K)
[1455.290s][info][gc,metaspace   ] GC(413) Metaspace: 135883K(137216K)->135883K(137216K) NonClass: 114891K(115648K)->114891K(115648K) Class: 20991K(21568K)->20991K(21568K)
[1455.290s][info][gc             ] GC(413) Pause Young (Allocation Failure) 5718M->3234M(8091M) 30.338ms
[1455.290s][info][gc,cpu         ] GC(413) User=0.25s Sys=0.00s Real=0.03s
[1458.572s][info][gc,start       ] GC(414) Pause Young (Allocation Failure)
[1458.608s][info][gc,heap        ] GC(414) PSYoungGen: 2638368K(2693120K)->52768K(2691072K) Eden: 2588160K(2588160K)->0K(2588160K) From: 50208K(104960K)->52768K(102912K)
[1458.608s][info][gc,heap        ] GC(414) ParOldGen: 3261830K(5592576K)->3304229K(5592576K)
[1458.608s][info][gc,metaspace   ] GC(414) Metaspace: 135884K(137216K)->135884K(137216K) NonClass: 114892K(115648K)->114892K(115648K) Class: 20991K(21568K)->20991K(21568K)
[1458.608s][info][gc             ] GC(414) Pause Young (Allocation Failure) 5761M->3278M(8089M) 36.218ms
[1458.608s][info][gc,cpu         ] GC(414) User=0.25s Sys=0.00s Real=0.04s
[1461.523s][info][gc,start       ] GC(415) Pause Young (Allocation Failure)
[1461.559s][info][gc,heap        ] GC(415) PSYoungGen: 2640928K(2691072K)->66944K(2697216K) Eden: 2588160K(2588160K)->0K(2596352K) From: 52768K(102912K)->66944K(100864K)
[1461.559s][info][gc,heap        ] GC(415) ParOldGen: 3304229K(5592576K)->3344566K(5592576K)
[1461.559s][info][gc,metaspace   ] GC(415) Metaspace: 135885K(137216K)->135885K(137216K) NonClass: 114893K(115648K)->114893K(115648K) Class: 20991K(21568K)->20991K(21568K)
[1461.559s][info][gc             ] GC(415) Pause Young (Allocation Failure) 5805M->3331M(8095M) 36.427ms
[1461.559s][info][gc,cpu         ] GC(415) User=0.25s Sys=0.00s Real=0.04s
[1464.210s][info][gc,start       ] GC(416) Pause Young (Allocation Failure)
[1464.254s][info][gc,heap        ] GC(416) PSYoungGen: 2663296K(2697216K)->91952K(2688512K) Eden: 2596352K(2596352K)->0K(2596352K) From: 66944K(100864K)->91952K(92160K)
[1464.254s][info][gc,heap        ] GC(416) ParOldGen: 3344566K(5592576K)->3383527K(5592576K)
[1464.254s][info][gc,metaspace   ] GC(416) Metaspace: 135885K(137216K)->135885K(137216K) NonClass: 114893K(115648K)->114893K(115648K) Class: 20991K(21568K)->20991K(21568K)
[1464.254s][info][gc             ] GC(416) Pause Young (Allocation Failure) 5867M->3394M(8087M) 43.959ms
[1464.254s][info][gc,cpu         ] GC(416) User=0.25s Sys=0.00s Real=0.04s
[1467.232s][info][gc,start       ] GC(417) Pause Young (Allocation Failure)
[1467.265s][info][gc,heap        ] GC(417) PSYoungGen: 2688304K(2688512K)->59840K(2693120K) Eden: 2596352K(2596352K)->0K(2587136K) From: 91952K(92160K)->59840K(105984K)
[1467.265s][info][gc,heap        ] GC(417) ParOldGen: 3383527K(5592576K)->3401542K(5592576K)
[1467.265s][info][gc,metaspace   ] GC(417) Metaspace: 135886K(137216K)->135886K(137216K) NonClass: 114894K(115648K)->114894K(115648K) Class: 20991K(21568K)->20991K(21568K)
[1467.265s][info][gc             ] GC(417) Pause Young (Allocation Failure) 5929M->3380M(8091M) 33.465ms
[1467.265s][info][gc,cpu         ] GC(417) User=0.25s Sys=0.00s Real=0.03s
[1472.208s][info][gc,start       ] GC(418) Pause Young (Allocation Failure)
[1472.236s][info][gc,heap        ] GC(418) PSYoungGen: 2646976K(2693120K)->47104K(2690048K) Eden: 2587136K(2587136K)->0K(2587136K) From: 59840K(105984K)->47104K(102912K)
[1472.236s][info][gc,heap        ] GC(418) ParOldGen: 3401542K(5592576K)->3426183K(5592576K)
[1472.236s][info][gc,metaspace   ] GC(418) Metaspace: 135886K(137216K)->135886K(137216K) NonClass: 114894K(115648K)->114894K(115648K) Class: 20991K(21568K)->20991K(21568K)
[1472.236s][info][gc             ] GC(418) Pause Young (Allocation Failure) 5906M->3391M(8088M) 28.042ms
[1472.237s][info][gc,cpu         ] GC(418) User=0.25s Sys=0.00s Real=0.03s
[1475.761s][info][gc,start       ] GC(419) Pause Young (Allocation Failure)
[1475.788s][info][gc,heap        ] GC(419) PSYoungGen: 2634240K(2690048K)->44000K(2694656K) Eden: 2587136K(2587136K)->0K(2592768K) From: 47104K(102912K)->44000K(101888K)
[1475.788s][info][gc,heap        ] GC(419) ParOldGen: 3426183K(5592576K)->3463319K(5592576K)
[1475.788s][info][gc,metaspace   ] GC(419) Metaspace: 135907K(137280K)->135907K(137280K) NonClass: 114911K(115712K)->114911K(115712K) Class: 20995K(21568K)->20995K(21568K)
[1475.788s][info][gc             ] GC(419) Pause Young (Allocation Failure) 5918M->3425M(8093M) 27.824ms
[1475.788s][info][gc,cpu         ] GC(419) User=0.25s Sys=0.00s Real=0.03s
[1478.999s][info][gc,start       ] GC(420) Pause Young (Allocation Failure)
[1479.039s][info][gc,heap        ] GC(420) PSYoungGen: 2636768K(2694656K)->63328K(2694144K) Eden: 2592768K(2592768K)->0K(2592768K) From: 44000K(101888K)->63328K(101376K)
[1479.039s][info][gc,heap        ] GC(420) ParOldGen: 3463319K(5592576K)->3497091K(5592576K)
[1479.039s][info][gc,metaspace   ] GC(420) Metaspace: 135908K(137280K)->135908K(137280K) NonClass: 114912K(115712K)->114912K(115712K) Class: 20995K(21568K)->20995K(21568K)
[1479.039s][info][gc             ] GC(420) Pause Young (Allocation Failure) 5957M->3476M(8092M) 40.460ms
[1479.039s][info][gc,cpu         ] GC(420) User=0.38s Sys=0.00s Real=0.04s
[1482.140s][info][gc,start       ] GC(421) Pause Young (Allocation Failure)
[1482.174s][info][gc,heap        ] GC(421) PSYoungGen: 2656096K(2694144K)->62928K(2700800K) Eden: 2592768K(2592768K)->0K(2602496K) From: 63328K(101376K)->62928K(98304K)
[1482.174s][info][gc,heap        ] GC(421) ParOldGen: 3497091K(5592576K)->3538496K(5592576K)
[1482.174s][info][gc,metaspace   ] GC(421) Metaspace: 135908K(137280K)->135908K(137280K) NonClass: 114912K(115712K)->114912K(115712K) Class: 20995K(21568K)->20995K(21568K)
[1482.174s][info][gc             ] GC(421) Pause Young (Allocation Failure) 6008M->3517M(8099M) 34.198ms
[1482.174s][info][gc,cpu         ] GC(421) User=0.25s Sys=0.00s Real=0.03s
[1484.744s][info][gc,start       ] GC(422) Pause Young (Allocation Failure)
[1484.786s][info][gc,heap        ] GC(422) PSYoungGen: 2665424K(2700800K)->82976K(2685952K) Eden: 2602496K(2602496K)->0K(2602496K) From: 62928K(98304K)->82976K(83456K)
[1484.786s][info][gc,heap        ] GC(422) ParOldGen: 3538496K(5592576K)->3579612K(5592576K)
[1484.786s][info][gc,metaspace   ] GC(422) Metaspace: 135908K(137280K)->135908K(137280K) NonClass: 114912K(115712K)->114912K(115712K) Class: 20995K(21568K)->20995K(21568K)
[1484.786s][info][gc             ] GC(422) Pause Young (Allocation Failure) 6058M->3576M(8084M) 41.681ms
[1484.786s][info][gc,cpu         ] GC(422) User=0.25s Sys=0.00s Real=0.04s
[1487.176s][info][gc,start       ] GC(423) Pause Young (GCLocker Initiated GC)
[1487.228s][info][gc,heap        ] GC(423) PSYoungGen: 2685472K(2685952K)->74304K(2695168K) Eden: 2602496K(2602496K)->0K(2595328K) From: 82976K(83456K)->74304K(99840K)
[1487.228s][info][gc,heap        ] GC(423) ParOldGen: 3579612K(5592576K)->3625361K(5592576K)
[1487.228s][info][gc,metaspace   ] GC(423) Metaspace: 135908K(137280K)->135908K(137280K) NonClass: 114912K(115712K)->114912K(115712K) Class: 20995K(21568K)->20995K(21568K)
[1487.228s][info][gc             ] GC(423) Pause Young (GCLocker Initiated GC) 6118M->3612M(8093M) 52.653ms
[1487.228s][info][gc,cpu         ] GC(423) User=0.50s Sys=0.00s Real=0.05s
[1490.524s][info][gc,start       ] GC(424) Pause Young (Allocation Failure)
[1490.552s][info][gc,heap        ] GC(424) PSYoungGen: 2669632K(2695168K)->52608K(2695680K) Eden: 2595328K(2595328K)->0K(2595328K) From: 74304K(99840K)->52608K(100352K)
[1490.552s][info][gc,heap        ] GC(424) ParOldGen: 3625362K(5592576K)->3653441K(5592576K)
[1490.552s][info][gc,metaspace   ] GC(424) Metaspace: 135908K(137280K)->135908K(137280K) NonClass: 114912K(115712K)->114912K(115712K) Class: 20995K(21568K)->20995K(21568K)
[1490.552s][info][gc             ] GC(424) Pause Young (Allocation Failure) 6147M->3619M(8094M) 27.398ms
[1490.552s][info][gc,cpu         ] GC(424) User=0.12s Sys=0.00s Real=0.03s
[1494.095s][info][gc,start       ] GC(425) Pause Young (Allocation Failure)
[1494.126s][info][gc,heap        ] GC(425) PSYoungGen: 2647936K(2695680K)->53664K(2699264K) Eden: 2595328K(2595328K)->0K(2600448K) From: 52608K(100352K)->53664K(98816K)
[1494.126s][info][gc,heap        ] GC(425) ParOldGen: 3653441K(5592576K)->3689283K(5592576K)
[1494.126s][info][gc,metaspace   ] GC(425) Metaspace: 135918K(137280K)->135918K(137280K) NonClass: 114922K(115712K)->114922K(115712K) Class: 20995K(21568K)->20995K(21568K)
[1494.126s][info][gc             ] GC(425) Pause Young (Allocation Failure) 6153M->3655M(8097M) 30.938ms
[1494.126s][info][gc,cpu         ] GC(425) User=0.25s Sys=0.00s Real=0.03s
[1498.019s][info][gc,start       ] GC(426) Pause Young (GCLocker Initiated GC)
[1498.047s][info][gc,heap        ] GC(426) PSYoungGen: 2654112K(2699264K)->37488K(2697216K) Eden: 2600448K(2600448K)->0K(2600448K) From: 53664K(98816K)->37488K(96768K)
[1498.047s][info][gc,heap        ] GC(426) ParOldGen: 3689285K(5592576K)->3735512K(5592576K)
[1498.047s][info][gc,metaspace   ] GC(426) Metaspace: 135918K(137280K)->135918K(137280K) NonClass: 114922K(115712K)->114922K(115712K) Class: 20995K(21568K)->20995K(21568K)
[1498.047s][info][gc             ] GC(426) Pause Young (GCLocker Initiated GC) 6194M->3684M(8095M) 28.622ms
[1498.047s][info][gc,cpu         ] GC(426) User=0.25s Sys=0.00s Real=0.03s
[1501.117s][info][gc,start       ] GC(427) Pause Young (GCLocker Initiated GC)
[1501.153s][info][gc,heap        ] GC(427) PSYoungGen: 2637936K(2697216K)->73264K(2696192K) Eden: 2600448K(2600448K)->0K(2598400K) From: 37488K(96768K)->73264K(97792K)
[1501.153s][info][gc,heap        ] GC(427) ParOldGen: 3735515K(5592576K)->3767923K(5592576K)
[1501.153s][info][gc,metaspace   ] GC(427) Metaspace: 135920K(137280K)->135920K(137280K) NonClass: 114924K(115712K)->114924K(115712K) Class: 20995K(21568K)->20995K(21568K)
[1501.153s][info][gc             ] GC(427) Pause Young (GCLocker Initiated GC) 6224M->3751M(8094M) 36.810ms
[1501.154s][info][gc,cpu         ] GC(427) User=0.25s Sys=0.00s Real=0.04s
[1504.639s][info][gc,start       ] GC(428) Pause Young (Allocation Failure)
[1504.679s][info][gc,heap        ] GC(428) PSYoungGen: 2671664K(2696192K)->55712K(2697216K) Eden: 2598400K(2598400K)->0K(2598400K) From: 73264K(97792K)->55712K(98816K)
[1504.679s][info][gc,heap        ] GC(428) ParOldGen: 3767941K(5592576K)->3807452K(5592576K)
[1504.679s][info][gc,metaspace   ] GC(428) Metaspace: 135920K(137280K)->135920K(137280K) NonClass: 114924K(115712K)->114924K(115712K) Class: 20995K(21568K)->20995K(21568K)
[1504.679s][info][gc             ] GC(428) Pause Young (Allocation Failure) 6288M->3772M(8095M) 40.677ms
[1504.679s][info][gc,cpu         ] GC(428) User=0.38s Sys=0.00s Real=0.04s
[1507.132s][info][gc,start       ] GC(429) Pause Young (Allocation Failure)
[1507.172s][info][gc,heap        ] GC(429) PSYoungGen: 2654112K(2697216K)->84192K(2689536K) Eden: 2598400K(2598400K)->0K(2593280K) From: 55712K(98816K)->84192K(96256K)
[1507.172s][info][gc,heap        ] GC(429) ParOldGen: 3807452K(5592576K)->3845556K(5592576K)
[1507.172s][info][gc,metaspace   ] GC(429) Metaspace: 135920K(137280K)->135920K(137280K) NonClass: 114924K(115712K)->114924K(115712K) Class: 20995K(21568K)->20995K(21568K)
[1507.172s][info][gc             ] GC(429) Pause Young (Allocation Failure) 6310M->3837M(8088M) 39.951ms
[1507.172s][info][gc,cpu         ] GC(429) User=0.25s Sys=0.00s Real=0.04s
[1509.765s][info][gc,start       ] GC(430) Pause Young (Allocation Failure)
[1509.805s][info][gc,heap        ] GC(430) PSYoungGen: 2677472K(2689536K)->82624K(2676224K) Eden: 2593280K(2593280K)->0K(2593280K) From: 84192K(96256K)->82624K(82944K)
[1509.805s][info][gc,heap        ] GC(430) ParOldGen: 3845556K(5592576K)->3893279K(5592576K)
[1509.805s][info][gc,metaspace   ] GC(430) Metaspace: 135924K(137280K)->135924K(137280K) NonClass: 114928K(115712K)->114928K(115712K) Class: 20995K(21568K)->20995K(21568K)
[1509.805s][info][gc             ] GC(430) Pause Young (Allocation Failure) 6370M->3882M(8075M) 40.080ms
[1509.805s][info][gc,cpu         ] GC(430) User=0.34s Sys=0.00s Real=0.04s
[1512.824s][info][gc,start       ] GC(431) Pause Young (Allocation Failure)
[1512.852s][info][gc,heap        ] GC(431) PSYoungGen: 2675904K(2676224K)->48576K(2692608K) Eden: 2593280K(2593280K)->0K(2587648K) From: 82624K(82944K)->48576K(104960K)
[1512.853s][info][gc,heap        ] GC(431) ParOldGen: 3893279K(5592576K)->3926551K(5592576K)
[1512.853s][info][gc,metaspace   ] GC(431) Metaspace: 135924K(137280K)->135924K(137280K) NonClass: 114928K(115712K)->114928K(115712K) Class: 20995K(21568K)->20995K(21568K)
[1512.853s][info][gc             ] GC(431) Pause Young (Allocation Failure) 6415M->3881M(8091M) 28.096ms
[1512.853s][info][gc,cpu         ] GC(431) User=0.25s Sys=0.00s Real=0.03s
[1516.560s][info][gc,start       ] GC(432) Pause Young (Allocation Failure)
[1516.593s][info][gc,heap        ] GC(432) PSYoungGen: 2636224K(2692608K)->47488K(2691072K) Eden: 2587648K(2587648K)->0K(2587648K) From: 48576K(104960K)->47488K(103424K)
[1516.593s][info][gc,heap        ] GC(432) ParOldGen: 3926551K(5592576K)->3957661K(5592576K)
[1516.593s][info][gc,metaspace   ] GC(432) Metaspace: 135924K(137280K)->135924K(137280K) NonClass: 114928K(115712K)->114928K(115712K) Class: 20995K(21568K)->20995K(21568K)
[1516.593s][info][gc             ] GC(432) Pause Young (Allocation Failure) 6408M->3911M(8089M) 32.790ms
[1516.593s][info][gc,cpu         ] GC(432) User=0.25s Sys=0.00s Real=0.03s
[1519.864s][info][gc,start       ] GC(433) Pause Young (Allocation Failure)
[1519.892s][info][gc,heap        ] GC(433) PSYoungGen: 2635136K(2691072K)->37344K(2693632K) Eden: 2587648K(2587648K)->0K(2591232K) From: 47488K(103424K)->37344K(102400K)
[1519.892s][info][gc,heap        ] GC(433) ParOldGen: 3957661K(5592576K)->3997152K(5592576K)
[1519.892s][info][gc,metaspace   ] GC(433) Metaspace: 135925K(137280K)->135925K(137280K) NonClass: 114929K(115712K)->114929K(115712K) Class: 20995K(21568K)->20995K(21568K)
[1519.892s][info][gc             ] GC(433) Pause Young (Allocation Failure) 6438M->3939M(8092M) 28.121ms
[1519.892s][info][gc,cpu         ] GC(433) User=0.25s Sys=0.00s Real=0.03s
[1522.996s][info][gc,start       ] GC(434) Pause Young (Allocation Failure)
[1523.025s][info][gc,heap        ] GC(434) PSYoungGen: 2628576K(2693632K)->55648K(2693632K) Eden: 2591232K(2591232K)->0K(2591232K) From: 37344K(102400K)->55648K(102400K)
[1523.025s][info][gc,heap        ] GC(434) ParOldGen: 3997152K(5592576K)->4027875K(5592576K)
[1523.025s][info][gc,metaspace   ] GC(434) Metaspace: 135926K(137280K)->135926K(137280K) NonClass: 114930K(115712K)->114930K(115712K) Class: 20995K(21568K)->20995K(21568K)
[1523.025s][info][gc             ] GC(434) Pause Young (Allocation Failure) 6470M->3987M(8092M) 29.662ms
[1523.025s][info][gc,cpu         ] GC(434) User=0.25s Sys=0.00s Real=0.03s
[1527.063s][info][gc,start       ] GC(435) Pause Young (Allocation Failure)
[1527.098s][info][gc,heap        ] GC(435) PSYoungGen: 2646880K(2693632K)->55440K(2700800K) Eden: 2591232K(2591232K)->0K(2601984K) From: 55648K(102400K)->55440K(98816K)
[1527.098s][info][gc,heap        ] GC(435) ParOldGen: 4027875K(5592576K)->4065836K(5592576K)
[1527.098s][info][gc,metaspace   ] GC(435) Metaspace: 135926K(137280K)->135926K(137280K) NonClass: 114930K(115712K)->114930K(115712K) Class: 20995K(21568K)->20995K(21568K)
[1527.098s][info][gc             ] GC(435) Pause Young (Allocation Failure) 6518M->4024M(8099M) 34.916ms
[1527.098s][info][gc,cpu         ] GC(435) User=0.25s Sys=0.00s Real=0.04s
[1529.739s][info][gc,start       ] GC(436) Pause Young (Allocation Failure)
[1529.777s][info][gc,heap        ] GC(436) PSYoungGen: 2657424K(2700800K)->87536K(2689536K) Eden: 2601984K(2601984K)->0K(2601984K) From: 55440K(98816K)->87536K(87552K)
[1529.777s][info][gc,heap        ] GC(436) ParOldGen: 4065836K(5592576K)->4100702K(5592576K)
[1529.777s][info][gc,metaspace   ] GC(436) Metaspace: 135926K(137280K)->135926K(137280K) NonClass: 114930K(115712K)->114930K(115712K) Class: 20995K(21568K)->20995K(21568K)
[1529.777s][info][gc             ] GC(436) Pause Young (Allocation Failure) 6565M->4090M(8088M) 38.304ms
[1529.777s][info][gc,cpu         ] GC(436) User=0.38s Sys=0.00s Real=0.04s
[1532.632s][info][gc,start       ] GC(437) Pause Young (Allocation Failure)
[1532.659s][info][gc,heap        ] GC(437) PSYoungGen: 2689520K(2689536K)->63760K(2696704K) Eden: 2601984K(2601984K)->0K(2594304K) From: 87536K(87552K)->63760K(102400K)
[1532.660s][info][gc,heap        ] GC(437) ParOldGen: 4100702K(5592576K)->4114001K(5592576K)
[1532.660s][info][gc,metaspace   ] GC(437) Metaspace: 135926K(137280K)->135926K(137280K) NonClass: 114930K(115712K)->114930K(115712K) Class: 20995K(21568K)->20995K(21568K)
[1532.660s][info][gc             ] GC(437) Pause Young (Allocation Failure) 6631M->4079M(8095M) 27.326ms
[1532.660s][info][gc,cpu         ] GC(437) User=0.12s Sys=0.00s Real=0.03s
[1536.353s][info][gc,start       ] GC(438) Pause Young (Allocation Failure)
[1536.377s][info][gc,heap        ] GC(438) PSYoungGen: 2658064K(2696704K)->41440K(2693632K) Eden: 2594304K(2594304K)->0K(2594304K) From: 63760K(102400K)->41440K(99328K)
[1536.377s][info][gc,heap        ] GC(438) ParOldGen: 4114001K(5592576K)->4144300K(5592576K)
[1536.377s][info][gc,metaspace   ] GC(438) Metaspace: 135926K(137280K)->135926K(137280K) NonClass: 114930K(115712K)->114930K(115712K) Class: 20995K(21568K)->20995K(21568K)
[1536.377s][info][gc             ] GC(438) Pause Young (Allocation Failure) 6613M->4087M(8092M) 24.548ms
[1536.377s][info][gc,cpu         ] GC(438) User=0.12s Sys=0.00s Real=0.03s
[1539.764s][info][gc,start       ] GC(439) Pause Young (Allocation Failure)
[1539.788s][info][gc,heap        ] GC(439) PSYoungGen: 2635744K(2693632K)->35328K(2696192K) Eden: 2594304K(2594304K)->0K(2597376K) From: 41440K(99328K)->35328K(98816K)
[1539.788s][info][gc,heap        ] GC(439) ParOldGen: 4144300K(5592576K)->4175399K(5592576K)
[1539.788s][info][gc,metaspace   ] GC(439) Metaspace: 135927K(137280K)->135927K(137280K) NonClass: 114931K(115712K)->114931K(115712K) Class: 20995K(21568K)->20995K(21568K)
[1539.788s][info][gc             ] GC(439) Pause Young (Allocation Failure) 6621M->4112M(8094M) 24.175ms
[1539.789s][info][gc,cpu         ] GC(439) User=0.25s Sys=0.00s Real=0.02s
[1543.115s][info][gc,start       ] GC(440) Pause Young (GCLocker Initiated GC)
[1543.145s][info][gc,heap        ] GC(440) PSYoungGen: 2632704K(2696192K)->59248K(2696704K) Eden: 2597376K(2597376K)->0K(2597376K) From: 35328K(98816K)->59248K(99328K)
[1543.146s][info][gc,heap        ] GC(440) ParOldGen: 4175399K(5592576K)->4202732K(5592576K)
[1543.146s][info][gc,metaspace   ] GC(440) Metaspace: 135930K(137280K)->135930K(137280K) NonClass: 114934K(115712K)->114934K(115712K) Class: 20995K(21568K)->20995K(21568K)
[1543.146s][info][gc             ] GC(440) Pause Young (GCLocker Initiated GC) 6648M->4162M(8095M) 30.096ms
[1543.146s][info][gc,cpu         ] GC(440) User=0.12s Sys=0.00s Real=0.03s
[1545.937s][info][gc,start       ] GC(441) Pause Young (Allocation Failure)
[1545.968s][info][gc,heap        ] GC(441) PSYoungGen: 2656624K(2696704K)->56224K(2703872K) Eden: 2597376K(2597376K)->0K(2608128K) From: 59248K(99328K)->56224K(95744K)
[1545.968s][info][gc,heap        ] GC(441) ParOldGen: 4202734K(5592576K)->4244166K(5592576K)
[1545.968s][info][gc,metaspace   ] GC(441) Metaspace: 135930K(137280K)->135930K(137280K) NonClass: 114934K(115712K)->114934K(115712K) Class: 20995K(21568K)->20995K(21568K)
[1545.968s][info][gc             ] GC(441) Pause Young (Allocation Failure) 6698M->4199M(8102M) 31.951ms
[1545.968s][info][gc,cpu         ] GC(441) User=0.25s Sys=0.00s Real=0.03s
[1548.356s][info][gc,start       ] GC(442) Pause Young (GCLocker Initiated GC)
[1548.392s][info][gc,heap        ] GC(442) PSYoungGen: 2664352K(2703872K)->74576K(2700288K) Eden: 2608128K(2608128K)->0K(2608128K) From: 56224K(95744K)->74576K(92160K)
[1548.392s][info][gc,heap        ] GC(442) ParOldGen: 4244168K(5592576K)->4287491K(5592576K)
[1548.392s][info][gc,metaspace   ] GC(442) Metaspace: 135937K(137280K)->135937K(137280K) NonClass: 114941K(115712K)->114941K(115712K) Class: 20995K(21568K)->20995K(21568K)
[1548.392s][info][gc             ] GC(442) Pause Young (GCLocker Initiated GC) 6746M->4259M(8098M) 35.999ms
[1548.392s][info][gc,cpu         ] GC(442) User=0.25s Sys=0.00s Real=0.04s
[1550.809s][info][gc,start       ] GC(443) Pause Young (Allocation Failure)
[1550.855s][info][gc,heap        ] GC(443) PSYoungGen: 2682704K(2700288K)->95200K(2639360K) Eden: 2608128K(2608128K)->0K(2544128K) From: 74576K(92160K)->95200K(95232K)
[1550.855s][info][gc,heap        ] GC(443) ParOldGen: 4287494K(5592576K)->4344130K(5592576K)
[1550.855s][info][gc,metaspace   ] GC(443) Metaspace: 135937K(137280K)->135937K(137280K) NonClass: 114942K(115712K)->114942K(115712K) Class: 20995K(21568K)->20995K(21568K)
[1550.855s][info][gc             ] GC(443) Pause Young (Allocation Failure) 6806M->4335M(8039M) 46.432ms
[1550.855s][info][gc,cpu         ] GC(443) User=0.38s Sys=0.00s Real=0.05s
[1554.916s][info][gc,start       ] GC(444) Pause Young (Allocation Failure)
[1554.944s][info][gc,heap        ] GC(444) PSYoungGen: 2639328K(2639360K)->55941K(2670080K) Eden: 2544128K(2544128K)->0K(2544128K) From: 95200K(95232K)->55941K(125952K)
[1554.944s][info][gc,heap        ] GC(444) ParOldGen: 4344130K(5592576K)->4365402K(5592576K)
[1554.944s][info][gc,metaspace   ] GC(444) Metaspace: 135937K(137280K)->135937K(137280K) NonClass: 114942K(115712K)->114942K(115712K) Class: 20995K(21568K)->20995K(21568K)
[1554.944s][info][gc             ] GC(444) Pause Young (Allocation Failure) 6819M->4317M(8069M) 28.066ms
[1554.944s][info][gc,cpu         ] GC(444) User=0.25s Sys=0.00s Real=0.03s
[1558.756s][info][gc,start       ] GC(445) Pause Young (Allocation Failure)
[1558.783s][info][gc,heap        ] GC(445) PSYoungGen: 2600069K(2670080K)->45216K(2675712K) Eden: 2544128K(2544128K)->0K(2553344K) From: 55941K(125952K)->45216K(122368K)
[1558.783s][info][gc,heap        ] GC(445) ParOldGen: 4365402K(5592576K)->4395658K(5592576K)
[1558.783s][info][gc,metaspace   ] GC(445) Metaspace: 135937K(137280K)->135937K(137280K) NonClass: 114942K(115712K)->114942K(115712K) Class: 20995K(21568K)->20995K(21568K)
[1558.783s][info][gc             ] GC(445) Pause Young (Allocation Failure) 6802M->4336M(8074M) 26.551ms
[1558.783s][info][gc,cpu         ] GC(445) User=0.12s Sys=0.00s Real=0.03s
[1562.224s][info][gc,start       ] GC(446) Pause Young (Allocation Failure)
[1562.251s][info][gc,heap        ] GC(446) PSYoungGen: 2598560K(2675712K)->37760K(2673664K) Eden: 2553344K(2553344K)->0K(2553344K) From: 45216K(122368K)->37760K(120320K)
[1562.251s][info][gc,heap        ] GC(446) ParOldGen: 4395658K(5592576K)->4433081K(5592576K)
[1562.251s][info][gc,metaspace   ] GC(446) Metaspace: 135937K(137280K)->135937K(137280K) NonClass: 114942K(115712K)->114942K(115712K) Class: 20995K(21568K)->20995K(21568K)
[1562.251s][info][gc             ] GC(446) Pause Young (Allocation Failure) 6830M->4366M(8072M) 26.387ms
[1562.251s][info][gc,cpu         ] GC(446) User=0.12s Sys=0.00s Real=0.03s
[1565.496s][info][gc,start       ] GC(447) Pause Young (Allocation Failure)
[1565.532s][info][gc,heap        ] GC(447) PSYoungGen: 2591104K(2673664K)->69600K(2679296K) Eden: 2553344K(2553344K)->0K(2560000K) From: 37760K(120320K)->69600K(119296K)
[1565.532s][info][gc,heap        ] GC(447) ParOldGen: 4433081K(5592576K)->4466096K(5592576K)
[1565.532s][info][gc,metaspace   ] GC(447) Metaspace: 135937K(137280K)->135937K(137280K) NonClass: 114942K(115712K)->114942K(115712K) Class: 20995K(21568K)->20995K(21568K)
[1565.532s][info][gc             ] GC(447) Pause Young (Allocation Failure) 6859M->4429M(8078M) 35.639ms
[1565.532s][info][gc,cpu         ] GC(447) User=0.25s Sys=0.00s Real=0.04s
[1568.502s][info][gc,start       ] GC(448) Pause Young (Allocation Failure)
[1568.536s][info][gc,heap        ] GC(448) PSYoungGen: 2629600K(2679296K)->62496K(2676736K) Eden: 2560000K(2560000K)->0K(2560000K) From: 69600K(119296K)->62496K(116736K)
[1568.536s][info][gc,heap        ] GC(448) ParOldGen: 4466096K(5592576K)->4509121K(5592576K)
[1568.536s][info][gc,metaspace   ] GC(448) Metaspace: 135937K(137280K)->135937K(137280K) NonClass: 114942K(115712K)->114942K(115712K) Class: 20995K(21568K)->20995K(21568K)
[1568.536s][info][gc             ] GC(448) Pause Young (Allocation Failure) 6929M->4464M(8075M) 34.438ms
[1568.536s][info][gc,cpu         ] GC(448) User=0.25s Sys=0.00s Real=0.03s
[1572.139s][info][gc,start       ] GC(449) Pause Young (Allocation Failure)
[1572.179s][info][gc,heap        ] GC(449) PSYoungGen: 2622496K(2676736K)->84480K(2677760K) Eden: 2560000K(2560000K)->0K(2566656K) From: 62496K(116736K)->84480K(111104K)
[1572.179s][info][gc,heap        ] GC(449) ParOldGen: 4509121K(5592576K)->4546736K(5592576K)
[1572.179s][info][gc,metaspace   ] GC(449) Metaspace: 135937K(137280K)->135937K(137280K) NonClass: 114942K(115712K)->114942K(115712K) Class: 20995K(21568K)->20995K(21568K)
[1572.179s][info][gc             ] GC(449) Pause Young (Allocation Failure) 6964M->4522M(8076M) 39.661ms
[1572.179s][info][gc,cpu         ] GC(449) User=0.38s Sys=0.00s Real=0.04s
[1574.459s][info][gc,start       ] GC(450) Pause Young (Allocation Failure)
[1574.509s][info][gc,heap        ] GC(450) PSYoungGen: 2651136K(2677760K)->94656K(2661376K) Eden: 2566656K(2566656K)->0K(2566656K) From: 84480K(111104K)->94656K(94720K)
[1574.509s][info][gc,heap        ] GC(450) ParOldGen: 4546736K(5592576K)->4606797K(5592576K)
[1574.509s][info][gc,metaspace   ] GC(450) Metaspace: 135937K(137280K)->135937K(137280K) NonClass: 114942K(115712K)->114942K(115712K) Class: 20995K(21568K)->20995K(21568K)
[1574.509s][info][gc             ] GC(450) Pause Young (Allocation Failure) 7029M->4591M(8060M) 49.566ms
[1574.509s][info][gc,cpu         ] GC(450) User=0.38s Sys=0.00s Real=0.05s
[1578.444s][info][gc,start       ] GC(451) Pause Young (Allocation Failure)
[1578.474s][info][gc,heap        ] GC(451) PSYoungGen: 2661312K(2661376K)->45408K(2676736K) Eden: 2566656K(2566656K)->0K(2556416K) From: 94656K(94720K)->45408K(120320K)
[1578.474s][info][gc,heap        ] GC(451) ParOldGen: 4606797K(5592576K)->4637295K(5592576K)
[1578.474s][info][gc,metaspace   ] GC(451) Metaspace: 135940K(137280K)->135940K(137280K) NonClass: 114944K(115712K)->114944K(115712K) Class: 20995K(21568K)->20995K(21568K)
[1578.474s][info][gc             ] GC(451) Pause Young (Allocation Failure) 7097M->4572M(8075M) 29.798ms
[1578.474s][info][gc,cpu         ] GC(451) User=0.12s Sys=0.00s Real=0.03s
[1584.101s][info][gc,start       ] GC(452) Pause Young (Allocation Failure)
[1584.130s][info][gc,heap        ] GC(452) PSYoungGen: 2601824K(2676736K)->47680K(2675712K) Eden: 2556416K(2556416K)->0K(2556416K) From: 45408K(120320K)->47680K(119296K)
[1584.130s][info][gc,heap        ] GC(452) ParOldGen: 4637295K(5592576K)->4667090K(5592576K)
[1584.130s][info][gc,metaspace   ] GC(452) Metaspace: 135940K(137280K)->135940K(137280K) NonClass: 114944K(115712K)->114944K(115712K) Class: 20995K(21568K)->20995K(21568K)
[1584.130s][info][gc             ] GC(452) Pause Young (Allocation Failure) 7069M->4604M(8074M) 29.283ms
[1584.130s][info][gc,cpu         ] GC(452) User=0.12s Sys=0.00s Real=0.03s
[1587.612s][info][gc,start       ] GC(453) Pause Young (Allocation Failure)
[1587.642s][info][gc,heap        ] GC(453) PSYoungGen: 2604096K(2675712K)->39680K(2680320K) Eden: 2556416K(2556416K)->0K(2563584K) From: 47680K(119296K)->39680K(116736K)
[1587.642s][info][gc,heap        ] GC(453) ParOldGen: 4667090K(5592576K)->4706135K(5592576K)
[1587.643s][info][gc,metaspace   ] GC(453) Metaspace: 135940K(137280K)->135940K(137280K) NonClass: 114944K(115712K)->114944K(115712K) Class: 20995K(21568K)->20995K(21568K)
[1587.643s][info][gc             ] GC(453) Pause Young (Allocation Failure) 7100M->4634M(8079M) 30.189ms
[1587.643s][info][gc,cpu         ] GC(453) User=0.25s Sys=0.00s Real=0.03s
[1590.896s][info][gc,start       ] GC(454) Pause Young (Allocation Failure)
[1590.926s][info][gc,heap        ] GC(454) PSYoungGen: 2603264K(2680320K)->54704K(2679296K) Eden: 2563584K(2563584K)->0K(2563584K) From: 39680K(116736K)->54704K(115712K)
[1590.926s][info][gc,heap        ] GC(454) ParOldGen: 4706135K(5592576K)->4738893K(5592576K)
[1590.926s][info][gc,metaspace   ] GC(454) Metaspace: 135940K(137280K)->135940K(137280K) NonClass: 114944K(115712K)->114944K(115712K) Class: 20995K(21568K)->20995K(21568K)
[1590.926s][info][gc             ] GC(454) Pause Young (Allocation Failure) 7138M->4681M(8078M) 29.298ms
[1590.926s][info][gc,cpu         ] GC(454) User=0.12s Sys=0.00s Real=0.03s
[1593.645s][info][gc,start       ] GC(455) Pause Young (Allocation Failure)
[1593.680s][info][gc,heap        ] GC(455) PSYoungGen: 2618288K(2679296K)->70560K(2685952K) Eden: 2563584K(2563584K)->0K(2574336K) From: 54704K(115712K)->70560K(111616K)
[1593.680s][info][gc,heap        ] GC(455) ParOldGen: 4738893K(5592576K)->4778423K(5592576K)
[1593.680s][info][gc,metaspace   ] GC(455) Metaspace: 135940K(137280K)->135940K(137280K) NonClass: 114944K(115712K)->114944K(115712K) Class: 20995K(21568K)->20995K(21568K)
[1593.680s][info][gc             ] GC(455) Pause Young (Allocation Failure) 7184M->4735M(8084M) 35.443ms
[1593.680s][info][gc,cpu         ] GC(455) User=0.36s Sys=0.00s Real=0.04s
[1595.892s][info][gc,start       ] GC(456) Pause Young (Allocation Failure)
[1595.933s][info][gc,heap        ] GC(456) PSYoungGen: 2644896K(2685952K)->87056K(2661888K) Eden: 2574336K(2574336K)->0K(2574336K) From: 70560K(111616K)->87056K(87552K)
[1595.933s][info][gc,heap        ] GC(456) ParOldGen: 4778423K(5592576K)->4822548K(5592576K)
[1595.933s][info][gc,metaspace   ] GC(456) Metaspace: 135940K(137280K)->135940K(137280K) NonClass: 114944K(115712K)->114944K(115712K) Class: 20995K(21568K)->20995K(21568K)
[1595.933s][info][gc             ] GC(456) Pause Young (Allocation Failure) 7249M->4794M(8061M) 41.153ms
[1595.933s][info][gc,cpu         ] GC(456) User=0.38s Sys=0.00s Real=0.04s
[1599.356s][info][gc,start       ] GC(457) Pause Young (Allocation Failure)
[1599.384s][info][gc,heap        ] GC(457) PSYoungGen: 2661392K(2661888K)->45600K(2683392K) Eden: 2574336K(2574336K)->0K(2568704K) From: 87056K(87552K)->45600K(114688K)
[1599.384s][info][gc,heap        ] GC(457) ParOldGen: 4822548K(5592576K)->4848287K(5592576K)
[1599.384s][info][gc,metaspace   ] GC(457) Metaspace: 135940K(137280K)->135940K(137280K) NonClass: 114944K(115712K)->114944K(115712K) Class: 20995K(21568K)->20995K(21568K)
[1599.384s][info][gc             ] GC(457) Pause Young (Allocation Failure) 7308M->4779M(8082M) 27.488ms
[1599.384s][info][gc,cpu         ] GC(457) User=0.25s Sys=0.00s Real=0.03s
[1604.720s][info][gc,start       ] GC(458) Pause Young (Allocation Failure)
[1604.757s][info][gc,heap        ] GC(458) PSYoungGen: 2614304K(2683392K)->48640K(2681344K) Eden: 2568704K(2568704K)->0K(2568704K) From: 45600K(114688K)->48640K(112640K)
[1604.758s][info][gc,heap        ] GC(458) ParOldGen: 4848287K(5592576K)->4886024K(5592576K)
[1604.758s][info][gc,metaspace   ] GC(458) Metaspace: 135940K(137280K)->135940K(137280K) NonClass: 114944K(115712K)->114944K(115712K) Class: 20995K(21568K)->20995K(21568K)
[1604.758s][info][gc             ] GC(458) Pause Young (Allocation Failure) 7287M->4819M(8080M) 37.373ms
[1604.758s][info][gc,cpu         ] GC(458) User=0.38s Sys=0.00s Real=0.04s
[1608.706s][info][gc,start       ] GC(459) Pause Young (Allocation Failure)
[1608.738s][info][gc,heap        ] GC(459) PSYoungGen: 2617344K(2681344K)->49184K(2688512K) Eden: 2568704K(2568704K)->0K(2578432K) From: 48640K(112640K)->49184K(110080K)
[1608.738s][info][gc,heap        ] GC(459) ParOldGen: 4886024K(5592576K)->4933459K(5592576K)
[1608.738s][info][gc,metaspace   ] GC(459) Metaspace: 135940K(137280K)->135940K(137280K) NonClass: 114944K(115712K)->114944K(115712K) Class: 20995K(21568K)->20995K(21568K)
[1608.738s][info][gc             ] GC(459) Pause Young (Allocation Failure) 7327M->4865M(8087M) 31.831ms
[1608.738s][info][gc,cpu         ] GC(459) User=0.25s Sys=0.00s Real=0.03s
[1612.671s][info][gc,start       ] GC(460) Pause Young (Allocation Failure)
[1612.709s][info][gc,heap        ] GC(460) PSYoungGen: 2627616K(2688512K)->50384K(2685952K) Eden: 2578432K(2578432K)->0K(2578432K) From: 49184K(110080K)->50384K(107520K)
[1612.709s][info][gc,heap        ] GC(460) ParOldGen: 4933459K(5592576K)->4981208K(5592576K)
[1612.709s][info][gc,metaspace   ] GC(460) Metaspace: 135940K(137280K)->135940K(137280K) NonClass: 114944K(115712K)->114944K(115712K) Class: 20995K(21568K)->20995K(21568K)
[1612.709s][info][gc             ] GC(460) Pause Young (Allocation Failure) 7383M->4913M(8084M) 38.343ms
[1612.709s][info][gc,cpu         ] GC(460) User=0.38s Sys=0.00s Real=0.04s
[1616.520s][info][gc,start       ] GC(461) Pause Young (Allocation Failure)
[1616.555s][info][gc,heap        ] GC(461) PSYoungGen: 2628816K(2685952K)->48608K(2694656K) Eden: 2578432K(2578432K)->0K(2590720K) From: 50384K(107520K)->48608K(103936K)
[1616.555s][info][gc,heap        ] GC(461) ParOldGen: 4981208K(5592576K)->5030024K(5592576K)
[1616.555s][info][gc,metaspace   ] GC(461) Metaspace: 135940K(137280K)->135940K(137280K) NonClass: 114944K(115712K)->114944K(115712K) Class: 20995K(21568K)->20995K(21568K)
[1616.555s][info][gc             ] GC(461) Pause Young (Allocation Failure) 7431M->4959M(8093M) 34.568ms
[1616.555s][info][gc,cpu         ] GC(461) User=0.38s Sys=0.00s Real=0.03s
[1621.592s][info][gc,start       ] GC(462) Pause Young (Allocation Failure)
[1621.624s][info][gc,heap        ] GC(462) PSYoungGen: 2639328K(2694656K)->50400K(2692096K) Eden: 2590720K(2590720K)->0K(2590720K) From: 48608K(103936K)->50400K(101376K)
[1621.624s][info][gc,heap        ] GC(462) ParOldGen: 5030024K(5592576K)->5077579K(5592576K)
[1621.624s][info][gc,metaspace   ] GC(462) Metaspace: 135940K(137280K)->135940K(137280K) NonClass: 114944K(115712K)->114944K(115712K) Class: 20995K(21568K)->20995K(21568K)
[1621.624s][info][gc             ] GC(462) Pause Young (Allocation Failure) 7489M->5007M(8090M) 31.978ms
[1621.624s][info][gc,cpu         ] GC(462) User=0.23s Sys=0.00s Real=0.03s
[1625.927s][info][gc,start       ] GC(463) Pause Young (Allocation Failure)
[1625.962s][info][gc,heap        ] GC(463) PSYoungGen: 2641120K(2692096K)->50784K(2700800K) Eden: 2590720K(2590720K)->0K(2602496K) From: 50400K(101376K)->50784K(98304K)
[1625.962s][info][gc,heap        ] GC(463) ParOldGen: 5077579K(5592576K)->5126918K(5592576K)
[1625.962s][info][gc,metaspace   ] GC(463) Metaspace: 135940K(137280K)->135940K(137280K) NonClass: 114944K(115712K)->114944K(115712K) Class: 20995K(21568K)->20995K(21568K)
[1625.962s][info][gc             ] GC(463) Pause Young (Allocation Failure) 7537M->5056M(8099M) 34.993ms
[1625.963s][info][gc,cpu         ] GC(463) User=0.25s Sys=0.00s Real=0.04s
[1629.847s][info][gc,start       ] GC(464) Pause Young (Allocation Failure)
[1629.883s][info][gc,heap        ] GC(464) PSYoungGen: 2653280K(2700800K)->54192K(2697728K) Eden: 2602496K(2602496K)->0K(2602496K) From: 50784K(98304K)->54192K(95232K)
[1629.883s][info][gc,heap        ] GC(464) ParOldGen: 5126918K(5592576K)->5172825K(5592576K)
[1629.883s][info][gc,metaspace   ] GC(464) Metaspace: 135942K(137280K)->135942K(137280K) NonClass: 114946K(115712K)->114946K(115712K) Class: 20995K(21568K)->20995K(21568K)
[1629.883s][info][gc             ] GC(464) Pause Young (Allocation Failure) 7597M->5104M(8096M) 35.785ms
[1629.883s][info][gc,cpu         ] GC(464) User=0.38s Sys=0.00s Real=0.04s
[1633.813s][info][gc,start       ] GC(465) Pause Young (Allocation Failure)
[1633.850s][info][gc,heap        ] GC(465) PSYoungGen: 2656688K(2697728K)->48640K(2706432K) Eden: 2602496K(2602496K)->0K(2614272K) From: 54192K(95232K)->48640K(92160K)
[1633.850s][info][gc,heap        ] GC(465) ParOldGen: 5172825K(5592576K)->5225583K(5592576K)
[1633.850s][info][gc,metaspace   ] GC(465) Metaspace: 135942K(137280K)->135942K(137280K) NonClass: 114946K(115712K)->114946K(115712K) Class: 20995K(21568K)->20995K(21568K)
[1633.850s][info][gc             ] GC(465) Pause Young (Allocation Failure) 7646M->5150M(8104M) 36.718ms
[1633.850s][info][gc,cpu         ] GC(465) User=0.25s Sys=0.00s Real=0.04s
[1637.424s][info][gc,start       ] GC(466) Pause Young (Allocation Failure)
[1637.461s][info][gc,heap        ] GC(466) PSYoungGen: 2662912K(2706432K)->48816K(2703872K) Eden: 2614272K(2614272K)->0K(2614272K) From: 48640K(92160K)->48816K(89600K)
[1637.461s][info][gc,heap        ] GC(466) ParOldGen: 5225583K(5592576K)->5273015K(5592576K)
[1637.461s][info][gc,metaspace   ] GC(466) Metaspace: 135945K(137280K)->135945K(137280K) NonClass: 114949K(115712K)->114949K(115712K) Class: 20995K(21568K)->20995K(21568K)
[1637.461s][info][gc             ] GC(466) Pause Young (Allocation Failure) 7703M->5197M(8102M) 37.120ms
[1637.461s][info][gc,cpu         ] GC(466) User=0.36s Sys=0.02s Real=0.04s
[1641.175s][info][gc,start       ] GC(467) Pause Young (Allocation Failure)
[1641.213s][info][gc,heap        ] GC(467) PSYoungGen: 2663088K(2703872K)->48528K(2710528K) Eden: 2614272K(2614272K)->0K(2622976K) From: 48816K(89600K)->48528K(87552K)
[1641.213s][info][gc,heap        ] GC(467) ParOldGen: 5273015K(5592576K)->5321109K(5592576K)
[1641.213s][info][gc,metaspace   ] GC(467) Metaspace: 135946K(137280K)->135946K(137280K) NonClass: 114950K(115712K)->114950K(115712K) Class: 20995K(21568K)->20995K(21568K)
[1641.213s][info][gc             ] GC(467) Pause Young (Allocation Failure) 7750M->5243M(8108M) 37.779ms
[1641.213s][info][gc,cpu         ] GC(467) User=0.38s Sys=0.00s Real=0.04s
[1646.752s][info][gc,start       ] GC(468) Pause Young (Allocation Failure)
[1646.797s][info][gc,heap        ] GC(468) PSYoungGen: 2671504K(2710528K)->50707K(2708480K) Eden: 2622976K(2622976K)->0K(2622976K) From: 48528K(87552K)->50707K(85504K)
[1646.797s][info][gc,heap        ] GC(468) ParOldGen: 5321109K(5592576K)->5368144K(5592576K)
[1646.797s][info][gc,metaspace   ] GC(468) Metaspace: 135946K(137280K)->135946K(137280K) NonClass: 114950K(115712K)->114950K(115712K) Class: 20995K(21568K)->20995K(21568K)
[1646.797s][info][gc             ] GC(468) Pause Young (Allocation Failure) 7805M->5291M(8106M) 45.351ms
[1646.797s][info][gc,cpu         ] GC(468) User=0.38s Sys=0.00s Real=0.05s
[1650.704s][info][gc,start       ] GC(469) Pause Young (Allocation Failure)
[1650.739s][info][gc,heap        ] GC(469) PSYoungGen: 2673683K(2708480K)->51904K(2715648K) Eden: 2622976K(2622976K)->0K(2632704K) From: 50707K(85504K)->51904K(82944K)
[1650.739s][info][gc,heap        ] GC(469) ParOldGen: 5368144K(5592576K)->5416210K(5592576K)
[1650.739s][info][gc,metaspace   ] GC(469) Metaspace: 135946K(137280K)->135946K(137280K) NonClass: 114950K(115712K)->114950K(115712K) Class: 20995K(21568K)->20995K(21568K)
[1650.739s][info][gc             ] GC(469) Pause Young (Allocation Failure) 7853M->5339M(8113M) 35.875ms
[1650.739s][info][gc,cpu         ] GC(469) User=0.25s Sys=0.00s Real=0.04s
[1654.439s][info][gc,start       ] GC(470) Pause Young (Allocation Failure)
[1654.472s][info][gc,heap        ] GC(470) PSYoungGen: 2684608K(2715648K)->46592K(2713088K) Eden: 2632704K(2632704K)->0K(2632704K) From: 51904K(82944K)->46592K(80384K)
[1654.472s][info][gc,heap        ] GC(470) ParOldGen: 5416210K(5592576K)->5466318K(5592576K)
[1654.472s][info][gc,metaspace   ] GC(470) Metaspace: 135946K(137280K)->135946K(137280K) NonClass: 114950K(115712K)->114950K(115712K) Class: 20995K(21568K)->20995K(21568K)
[1654.472s][info][gc             ] GC(470) Pause Young (Allocation Failure) 7910M->5383M(8111M) 32.190ms
[1654.472s][info][gc,cpu         ] GC(470) User=0.20s Sys=0.03s Real=0.03s
[1659.241s][info][gc,start       ] GC(471) Pause Young (Allocation Failure)
[1659.287s][info][gc,heap        ] GC(471) PSYoungGen: 2679296K(2713088K)->49376K(2719232K) Eden: 2632704K(2632704K)->0K(2640384K) From: 46592K(80384K)->49376K(78848K)
[1659.287s][info][gc,heap        ] GC(471) ParOldGen: 5466318K(5592576K)->5510502K(5592576K)
[1659.287s][info][gc,metaspace   ] GC(471) Metaspace: 135947K(137280K)->135947K(137280K) NonClass: 114951K(115712K)->114951K(115712K) Class: 20995K(21568K)->20995K(21568K)
[1659.287s][info][gc             ] GC(471) Pause Young (Allocation Failure) 7954M->5429M(8117M) 46.163ms
[1659.287s][info][gc,cpu         ] GC(471) User=0.25s Sys=0.00s Real=0.05s
[1663.282s][info][gc,start       ] GC(472) Pause Young (Allocation Failure)
[1663.316s][info][gc,heap        ] GC(472) PSYoungGen: 2689760K(2719232K)->49104K(2717184K) Eden: 2640384K(2640384K)->0K(2640384K) From: 49376K(78848K)->49104K(76800K)
[1663.316s][info][gc,heap        ] GC(472) ParOldGen: 5510502K(5592576K)->5558099K(5592576K)
[1663.316s][info][gc,metaspace   ] GC(472) Metaspace: 135947K(137280K)->135947K(137280K) NonClass: 114951K(115712K)->114951K(115712K) Class: 20995K(21568K)->20995K(21568K)
[1663.316s][info][gc             ] GC(472) Pause Young (Allocation Failure) 8008M->5475M(8115M) 33.430ms
[1663.316s][info][gc,cpu         ] GC(472) User=0.25s Sys=0.00s Real=0.03s
[1667.108s][info][gc,start       ] GC(473) Pause Full (Ergonomics)
[1667.108s][info][gc,phases,start] GC(473) Marking Phase
[1667.206s][info][gc,phases      ] GC(473) Marking Phase 97.426ms
[1667.206s][info][gc,phases,start] GC(473) Summary Phase
[1667.206s][info][gc,phases      ] GC(473) Summary Phase 0.149ms
[1667.206s][info][gc,phases,start] GC(473) Adjust Roots
[1667.217s][info][gc,phases      ] GC(473) Adjust Roots 10.864ms
[1667.217s][info][gc,phases,start] GC(473) Compaction Phase
[1667.281s][info][gc,phases      ] GC(473) Compaction Phase 63.788ms
[1667.281s][info][gc,phases,start] GC(473) Post Compact
[1667.300s][info][gc,phases      ] GC(473) Post Compact 18.755ms
[1667.300s][info][gc,heap        ] GC(473) PSYoungGen: 2689488K(2717184K)->0K(2720768K) Eden: 2640384K(2640384K)->0K(2645504K) From: 49104K(76800K)->0K(75264K)
[1667.300s][info][gc,heap        ] GC(473) ParOldGen: 5558099K(5592576K)->529039K(5592576K)
[1667.300s][info][gc,metaspace   ] GC(473) Metaspace: 135947K(137280K)->135947K(137280K) NonClass: 114951K(115712K)->114951K(115712K) Class: 20995K(21568K)->20995K(21568K)
[1667.300s][info][gc             ] GC(473) Pause Full (Ergonomics) 8054M->516M(8118M) 191.286ms
[1667.300s][info][gc,cpu         ] GC(473) User=1.17s Sys=0.00s Real=0.19s
[1671.003s][info][gc,start       ] GC(474) Pause Young (Allocation Failure)
[1671.020s][info][gc,heap        ] GC(474) PSYoungGen: 2645504K(2720768K)->53408K(2720768K) Eden: 2645504K(2645504K)->0K(2645504K) From: 0K(75264K)->53408K(75264K)
[1671.020s][info][gc,heap        ] GC(474) ParOldGen: 529039K(5592576K)->529039K(5592576K)
[1671.020s][info][gc,metaspace   ] GC(474) Metaspace: 135947K(137280K)->135947K(137280K) NonClass: 114951K(115712K)->114951K(115712K) Class: 20995K(21568K)->20995K(21568K)
[1671.020s][info][gc             ] GC(474) Pause Young (Allocation Failure) 3100M->568M(8118M) 16.820ms
[1671.020s][info][gc,cpu         ] GC(474) User=0.12s Sys=0.00s Real=0.02s
[1674.857s][info][gc,start       ] GC(475) Pause Young (Allocation Failure)
[1674.886s][info][gc,heap        ] GC(475) PSYoungGen: 2698912K(2720768K)->49760K(2724352K) Eden: 2645504K(2645504K)->0K(2651136K) From: 53408K(75264K)->49760K(73216K)
[1674.886s][info][gc,heap        ] GC(475) ParOldGen: 529039K(5592576K)->580740K(5592576K)
[1674.886s][info][gc,metaspace   ] GC(475) Metaspace: 135947K(137280K)->135947K(137280K) NonClass: 114951K(115712K)->114951K(115712K) Class: 20995K(21568K)->20995K(21568K)
[1674.886s][info][gc             ] GC(475) Pause Young (Allocation Failure) 3152M->615M(8122M) 29.125ms
[1674.886s][info][gc,cpu         ] GC(475) User=0.25s Sys=0.00s Real=0.03s
[1678.476s][info][gc,start       ] GC(476) Pause Young (Allocation Failure)
[1678.503s][info][gc,heap        ] GC(476) PSYoungGen: 2700896K(2724352K)->45728K(2722816K) Eden: 2651136K(2651136K)->0K(2651136K) From: 49760K(73216K)->45728K(71680K)
[1678.503s][info][gc,heap        ] GC(476) ParOldGen: 580740K(5592576K)->629710K(5592576K)
[1678.503s][info][gc,metaspace   ] GC(476) Metaspace: 135947K(137280K)->135947K(137280K) NonClass: 114951K(115712K)->114951K(115712K) Class: 20995K(21568K)->20995K(21568K)
[1678.503s][info][gc             ] GC(476) Pause Young (Allocation Failure) 3204M->659M(8120M) 26.933ms
[1678.503s][info][gc,cpu         ] GC(476) User=0.12s Sys=0.00s Real=0.03s
[1683.745s][info][gc,start       ] GC(477) Pause Young (Allocation Failure)
[1683.774s][info][gc,heap        ] GC(477) PSYoungGen: 2696864K(2722816K)->51904K(2726912K) Eden: 2651136K(2651136K)->0K(2656256K) From: 45728K(71680K)->51904K(70656K)
[1683.774s][info][gc,heap        ] GC(477) ParOldGen: 629710K(5592576K)->674707K(5592576K)
[1683.774s][info][gc,metaspace   ] GC(477) Metaspace: 135947K(137280K)->135947K(137280K) NonClass: 114951K(115712K)->114951K(115712K) Class: 20995K(21568K)->20995K(21568K)
[1683.774s][info][gc             ] GC(477) Pause Young (Allocation Failure) 3248M->709M(8124M) 29.552ms
[1683.774s][info][gc,cpu         ] GC(477) User=0.25s Sys=0.00s Real=0.03s
[1687.737s][info][gc,start       ] GC(478) Pause Young (Allocation Failure)
[1687.769s][info][gc,heap        ] GC(478) PSYoungGen: 2708160K(2726912K)->49504K(2725376K) Eden: 2656256K(2656256K)->0K(2656256K) From: 51904K(70656K)->49504K(69120K)
[1687.770s][info][gc,heap        ] GC(478) ParOldGen: 674707K(5592576K)->725120K(5592576K)
[1687.770s][info][gc,metaspace   ] GC(478) Metaspace: 135947K(137280K)->135947K(137280K) NonClass: 114951K(115712K)->114951K(115712K) Class: 20995K(21568K)->20995K(21568K)
[1687.770s][info][gc             ] GC(478) Pause Young (Allocation Failure) 3303M->756M(8123M) 32.909ms
[1687.770s][info][gc,cpu         ] GC(478) User=0.25s Sys=0.00s Real=0.03s
[1691.562s][info][gc,start       ] GC(479) Pause Young (Allocation Failure)
[1691.596s][info][gc,heap        ] GC(479) PSYoungGen: 2705760K(2725376K)->48512K(2729472K) Eden: 2656256K(2656256K)->0K(2661888K) From: 49504K(69120K)->48512K(67584K)
[1691.596s][info][gc,heap        ] GC(479) ParOldGen: 725120K(5592576K)->772587K(5592576K)
[1691.596s][info][gc,metaspace   ] GC(479) Metaspace: 135947K(137280K)->135947K(137280K) NonClass: 114951K(115712K)->114951K(115712K) Class: 20995K(21568K)->20995K(21568K)
[1691.596s][info][gc             ] GC(479) Pause Young (Allocation Failure) 3350M->801M(8127M) 33.683ms
[1691.596s][info][gc,cpu         ] GC(479) User=0.25s Sys=0.00s Real=0.03s
[1695.445s][info][gc,start       ] GC(480) Pause Young (Allocation Failure)
[1695.472s][info][gc,heap        ] GC(480) PSYoungGen: 2710400K(2729472K)->48592K(2728448K) Eden: 2661888K(2661888K)->0K(2661888K) From: 48512K(67584K)->48592K(66560K)
[1695.472s][info][gc,heap        ] GC(480) ParOldGen: 772587K(5592576K)->819266K(5592576K)
[1695.472s][info][gc,metaspace   ] GC(480) Metaspace: 135947K(137280K)->135947K(137280K) NonClass: 114951K(115712K)->114951K(115712K) Class: 20995K(21568K)->20995K(21568K)
[1695.472s][info][gc             ] GC(480) Pause Young (Allocation Failure) 3401M->847M(8126M) 26.924ms
[1695.472s][info][gc,cpu         ] GC(480) User=0.12s Sys=0.00s Real=0.03s
[1698.975s][info][gc,start       ] GC(481) Pause Young (Allocation Failure)
[1699.001s][info][gc,heap        ] GC(481) PSYoungGen: 2710480K(2728448K)->46912K(2731520K) Eden: 2661888K(2661888K)->0K(2665984K) From: 48592K(66560K)->46912K(65536K)
[1699.001s][info][gc,heap        ] GC(481) ParOldGen: 819266K(5592576K)->865707K(5592576K)
[1699.001s][info][gc,metaspace   ] GC(481) Metaspace: 135947K(137280K)->135947K(137280K) NonClass: 114951K(115712K)->114951K(115712K) Class: 20995K(21568K)->20995K(21568K)
[1699.001s][info][gc             ] GC(481) Pause Young (Allocation Failure) 3447M->891M(8129M) 26.172ms
[1699.001s][info][gc,cpu         ] GC(481) User=0.12s Sys=0.00s Real=0.03s
[1704.240s][info][gc,start       ] GC(482) Pause Young (Allocation Failure)
[1704.267s][info][gc,heap        ] GC(482) PSYoungGen: 2712896K(2731520K)->51168K(2730496K) Eden: 2665984K(2665984K)->0K(2665984K) From: 46912K(65536K)->51168K(64512K)
[1704.267s][info][gc,heap        ] GC(482) ParOldGen: 865707K(5592576K)->911048K(5592576K)
[1704.267s][info][gc,metaspace   ] GC(482) Metaspace: 135947K(137280K)->135947K(137280K) NonClass: 114951K(115712K)->114951K(115712K) Class: 20995K(21568K)->20995K(21568K)
[1704.267s][info][gc             ] GC(482) Pause Young (Allocation Failure) 3494M->939M(8128M) 27.449ms
[1704.268s][info][gc,cpu         ] GC(482) User=0.12s Sys=0.00s Real=0.03s
[1708.044s][info][gc,start       ] GC(483) Pause Young (Allocation Failure)
[1708.073s][info][gc,heap        ] GC(483) PSYoungGen: 2717152K(2730496K)->52896K(2733056K) Eden: 2665984K(2665984K)->0K(2669568K) From: 51168K(64512K)->52896K(63488K)
[1708.073s][info][gc,heap        ] GC(483) ParOldGen: 911048K(5592576K)->959014K(5592576K)
[1708.073s][info][gc,metaspace   ] GC(483) Metaspace: 135947K(137280K)->135947K(137280K) NonClass: 114951K(115712K)->114951K(115712K) Class: 20995K(21568K)->20995K(21568K)
[1708.073s][info][gc             ] GC(483) Pause Young (Allocation Failure) 3543M->988M(8130M) 28.791ms
[1708.073s][info][gc,cpu         ] GC(483) User=0.25s Sys=0.00s Real=0.03s
[1711.715s][info][gc,start       ] GC(484) Pause Young (Allocation Failure)
[1711.744s][info][gc,heap        ] GC(484) PSYoungGen: 2722464K(2733056K)->51392K(2732544K) Eden: 2669568K(2669568K)->0K(2669568K) From: 52896K(63488K)->51392K(62976K)
[1711.744s][info][gc,heap        ] GC(484) ParOldGen: 959014K(5592576K)->1010720K(5592576K)
[1711.744s][info][gc,metaspace   ] GC(484) Metaspace: 135947K(137280K)->135947K(137280K) NonClass: 114951K(115712K)->114951K(115712K) Class: 20995K(21568K)->20995K(21568K)
[1711.744s][info][gc             ] GC(484) Pause Young (Allocation Failure) 3595M->1037M(8130M) 29.160ms
[1711.744s][info][gc,cpu         ] GC(484) User=0.25s Sys=0.00s Real=0.03s
[1715.510s][info][gc,start       ] GC(485) Pause Young (GCLocker Initiated GC)
[1715.546s][info][gc,heap        ] GC(485) PSYoungGen: 2720960K(2732544K)->54784K(2733056K) Eden: 2669568K(2669568K)->0K(2671104K) From: 51392K(62976K)->54784K(61952K)
[1715.546s][info][gc,heap        ] GC(485) ParOldGen: 1010722K(5592576K)->1060951K(5592576K)
[1715.546s][info][gc,metaspace   ] GC(485) Metaspace: 135949K(137280K)->135949K(137280K) NonClass: 114953K(115712K)->114953K(115712K) Class: 20995K(21568K)->20995K(21568K)
[1715.546s][info][gc             ] GC(485) Pause Young (GCLocker Initiated GC) 3644M->1089M(8130M) 36.568ms
[1715.547s][info][gc,cpu         ] GC(485) User=0.25s Sys=0.00s Real=0.04s
[1719.141s][info][gc,start       ] GC(486) Pause Young (Allocation Failure)
[1719.170s][info][gc,heap        ] GC(486) PSYoungGen: 2725888K(2733056K)->49104K(2733568K) Eden: 2671104K(2671104K)->0K(2671104K) From: 54784K(61952K)->49104K(62464K)
[1719.170s][info][gc,heap        ] GC(486) ParOldGen: 1060953K(5592576K)->1113897K(5592576K)
[1719.170s][info][gc,metaspace   ] GC(486) Metaspace: 135949K(137280K)->135949K(137280K) NonClass: 114953K(115712K)->114953K(115712K) Class: 20995K(21568K)->20995K(21568K)
[1719.170s][info][gc             ] GC(486) Pause Young (Allocation Failure) 3698M->1135M(8131M) 28.994ms
[1719.170s][info][gc,cpu         ] GC(486) User=0.25s Sys=0.00s Real=0.03s
[1724.508s][info][gc,start       ] GC(487) Pause Young (Allocation Failure)
[1724.535s][info][gc,heap        ] GC(487) PSYoungGen: 2720208K(2733568K)->50064K(2735104K) Eden: 2671104K(2671104K)->0K(2673152K) From: 49104K(62464K)->50064K(61952K)
[1724.535s][info][gc,heap        ] GC(487) ParOldGen: 1113897K(5592576K)->1162176K(5592576K)
[1724.535s][info][gc,metaspace   ] GC(487) Metaspace: 135949K(137280K)->135949K(137280K) NonClass: 114953K(115712K)->114953K(115712K) Class: 20995K(21568K)->20995K(21568K)
[1724.535s][info][gc             ] GC(487) Pause Young (Allocation Failure) 3744M->1183M(8132M) 27.139ms
[1724.535s][info][gc,cpu         ] GC(487) User=0.12s Sys=0.00s Real=0.03s
[1728.228s][info][gc,start       ] GC(488) Pause Young (Allocation Failure)
[1728.256s][info][gc,heap        ] GC(488) PSYoungGen: 2723216K(2735104K)->50832K(2734080K) Eden: 2673152K(2673152K)->0K(2673152K) From: 50064K(61952K)->50832K(60928K)
[1728.256s][info][gc,heap        ] GC(488) ParOldGen: 1162176K(5592576K)->1210857K(5592576K)
[1728.256s][info][gc,metaspace   ] GC(488) Metaspace: 135950K(137280K)->135950K(137280K) NonClass: 114954K(115712K)->114954K(115712K) Class: 20995K(21568K)->20995K(21568K)
[1728.256s][info][gc             ] GC(488) Pause Young (Allocation Failure) 3794M->1232M(8131M) 27.809ms
[1728.256s][info][gc,cpu         ] GC(488) User=0.25s Sys=0.00s Real=0.03s
[1732.014s][info][gc,start       ] GC(489) Pause Young (Allocation Failure)
[1732.042s][info][gc,heap        ] GC(489) PSYoungGen: 2723984K(2734080K)->47872K(2736640K) Eden: 2673152K(2673152K)->0K(2676736K) From: 50832K(60928K)->47872K(59904K)
[1732.042s][info][gc,heap        ] GC(489) ParOldGen: 1210857K(5592576K)->1259971K(5592576K)
[1732.042s][info][gc,metaspace   ] GC(489) Metaspace: 135953K(137280K)->135953K(137280K) NonClass: 114957K(115712K)->114957K(115712K) Class: 20995K(21568K)->20995K(21568K)
[1732.042s][info][gc             ] GC(489) Pause Young (Allocation Failure) 3842M->1277M(8134M) 27.419ms
[1732.042s][info][gc,cpu         ] GC(489) User=0.25s Sys=0.00s Real=0.03s
[1735.844s][info][gc,start       ] GC(490) Pause Young (Allocation Failure)
[1735.871s][info][gc,heap        ] GC(490) PSYoungGen: 2724608K(2736640K)->49472K(2736128K) Eden: 2676736K(2676736K)->0K(2676736K) From: 47872K(59904K)->49472K(59392K)
[1735.871s][info][gc,heap        ] GC(490) ParOldGen: 1259971K(5592576K)->1306124K(5592576K)
[1735.871s][info][gc,metaspace   ] GC(490) Metaspace: 135953K(137280K)->135953K(137280K) NonClass: 114957K(115712K)->114957K(115712K) Class: 20995K(21568K)->20995K(21568K)
[1735.871s][info][gc             ] GC(490) Pause Young (Allocation Failure) 3891M->1323M(8133M) 27.149ms
[1735.871s][info][gc,cpu         ] GC(490) User=0.25s Sys=0.00s Real=0.03s
[1739.590s][info][gc,start       ] GC(491) Pause Young (Allocation Failure)
[1739.618s][info][gc,heap        ] GC(491) PSYoungGen: 2726208K(2736128K)->48240K(2737664K) Eden: 2676736K(2676736K)->0K(2678784K) From: 49472K(59392K)->48240K(58880K)
[1739.618s][info][gc,heap        ] GC(491) ParOldGen: 1306124K(5592576K)->1354121K(5592576K)
[1739.618s][info][gc,metaspace   ] GC(491) Metaspace: 135954K(137280K)->135954K(137280K) NonClass: 114958K(115712K)->114958K(115712K) Class: 20995K(21568K)->20995K(21568K)
[1739.618s][info][gc             ] GC(491) Pause Young (Allocation Failure) 3937M->1369M(8135M) 28.662ms
[1739.618s][info][gc,cpu         ] GC(491) User=0.22s Sys=0.00s Real=0.03s
[1744.983s][info][gc,start       ] GC(492) Pause Young (Allocation Failure)
[1745.013s][info][gc,heap        ] GC(492) PSYoungGen: 2727024K(2737664K)->52304K(2737152K) Eden: 2678784K(2678784K)->0K(2678784K) From: 48240K(58880K)->52304K(58368K)
[1745.013s][info][gc,heap        ] GC(492) ParOldGen: 1354121K(5592576K)->1401249K(5592576K)
[1745.013s][info][gc,metaspace   ] GC(492) Metaspace: 135954K(137280K)->135954K(137280K) NonClass: 114958K(115712K)->114958K(115712K) Class: 20995K(21568K)->20995K(21568K)
[1745.013s][info][gc             ] GC(492) Pause Young (Allocation Failure) 3985M->1419M(8134M) 30.089ms
[1745.013s][info][gc,cpu         ] GC(492) User=0.25s Sys=0.00s Real=0.03s
[1748.988s][info][gc,start       ] GC(493) Pause Young (Allocation Failure)
[1749.017s][info][gc,heap        ] GC(493) PSYoungGen: 2731088K(2737152K)->49136K(2738176K) Eden: 2678784K(2678784K)->0K(2679808K) From: 52304K(58368K)->49136K(58368K)
[1749.017s][info][gc,heap        ] GC(493) ParOldGen: 1401249K(5592576K)->1452223K(5592576K)
[1749.017s][info][gc,metaspace   ] GC(493) Metaspace: 135954K(137280K)->135954K(137280K) NonClass: 114958K(115712K)->114958K(115712K) Class: 20995K(21568K)->20995K(21568K)
[1749.017s][info][gc             ] GC(493) Pause Young (Allocation Failure) 4035M->1466M(8135M) 28.949ms
[1749.017s][info][gc,cpu         ] GC(493) User=0.25s Sys=0.00s Real=0.03s
[1752.464s][info][gc,start       ] GC(494) Pause Young (Allocation Failure)
[1752.492s][info][gc,heap        ] GC(494) PSYoungGen: 2728944K(2738176K)->45856K(2737664K) Eden: 2679808K(2679808K)->0K(2679808K) From: 49136K(58368K)->45856K(57856K)
[1752.492s][info][gc,heap        ] GC(494) ParOldGen: 1452223K(5592576K)->1500772K(5592576K)
[1752.492s][info][gc,metaspace   ] GC(494) Metaspace: 135954K(137280K)->135954K(137280K) NonClass: 114958K(115712K)->114958K(115712K) Class: 20995K(21568K)->20995K(21568K)
[1752.492s][info][gc             ] GC(494) Pause Young (Allocation Failure) 4083M->1510M(8135M) 28.003ms
[1752.492s][info][gc,cpu         ] GC(494) User=0.25s Sys=0.00s Real=0.03s
[1756.255s][info][gc,start       ] GC(495) Pause Young (Allocation Failure)
[1756.287s][info][gc,heap        ] GC(495) PSYoungGen: 2725664K(2737664K)->57840K(2699264K) Eden: 2679808K(2679808K)->0K(2641408K) From: 45856K(57856K)->57840K(57856K)
[1756.287s][info][gc,heap        ] GC(495) ParOldGen: 1500772K(5592576K)->1547266K(5592576K)
[1756.287s][info][gc,metaspace   ] GC(495) Metaspace: 135955K(137280K)->135955K(137280K) NonClass: 114959K(115712K)->114959K(115712K) Class: 20995K(21568K)->20995K(21568K)
[1756.287s][info][gc             ] GC(495) Pause Young (Allocation Failure) 4127M->1567M(8097M) 31.595ms
[1756.287s][info][gc,cpu         ] GC(495) User=0.25s Sys=0.02s Real=0.03s
[1761.696s][info][gc,start       ] GC(496) Pause Young (Allocation Failure)
[1761.727s][info][gc,heap        ] GC(496) PSYoungGen: 2699248K(2699264K)->50464K(2718720K) Eden: 2641408K(2641408K)->0K(2641408K) From: 57840K(57856K)->50464K(77312K)
[1761.727s][info][gc,heap        ] GC(496) ParOldGen: 1547266K(5592576K)->1601967K(5592576K)
[1761.727s][info][gc,metaspace   ] GC(496) Metaspace: 135955K(137280K)->135955K(137280K) NonClass: 114959K(115712K)->114959K(115712K) Class: 20995K(21568K)->20995K(21568K)
[1761.727s][info][gc             ] GC(496) Pause Young (Allocation Failure) 4146M->1613M(8116M) 31.430ms
[1761.727s][info][gc,cpu         ] GC(496) User=0.25s Sys=0.00s Real=0.03s
[1765.436s][info][gc,start       ] GC(497) Pause Young (Allocation Failure)
[1765.468s][info][gc,heap        ] GC(497) PSYoungGen: 2691872K(2718720K)->56224K(2721792K) Eden: 2641408K(2641408K)->0K(2646016K) From: 50464K(77312K)->56224K(75776K)
[1765.468s][info][gc,heap        ] GC(497) ParOldGen: 1601967K(5592576K)->1651902K(5592576K)
[1765.468s][info][gc,metaspace   ] GC(497) Metaspace: 135955K(137280K)->135955K(137280K) NonClass: 114959K(115712K)->114959K(115712K) Class: 20995K(21568K)->20995K(21568K)
[1765.468s][info][gc             ] GC(497) Pause Young (Allocation Failure) 4193M->1668M(8119M) 32.839ms
[1765.468s][info][gc,cpu         ] GC(497) User=0.25s Sys=0.00s Real=0.03s
[1768.268s][info][gc,start       ] GC(498) Pause Young (Allocation Failure)
[1768.310s][info][gc,heap        ] GC(498) PSYoungGen: 2702240K(2721792K)->74208K(2720256K) Eden: 2646016K(2646016K)->0K(2646016K) From: 56224K(75776K)->74208K(74240K)
[1768.310s][info][gc,heap        ] GC(498) ParOldGen: 1651902K(5592576K)->1707441K(5592576K)
[1768.310s][info][gc,metaspace   ] GC(498) Metaspace: 135955K(137280K)->135955K(137280K) NonClass: 114959K(115712K)->114959K(115712K) Class: 20995K(21568K)->20995K(21568K)
[1768.310s][info][gc             ] GC(498) Pause Young (Allocation Failure) 4252M->1739M(8118M) 41.886ms
[1768.310s][info][gc,cpu         ] GC(498) User=0.38s Sys=0.00s Real=0.04s
[1771.683s][info][gc,start       ] GC(499) Pause Young (Allocation Failure)
[1771.710s][info][gc,heap        ] GC(499) PSYoungGen: 2720224K(2720256K)->40512K(2672128K) Eden: 2646016K(2646016K)->0K(2596352K) From: 74208K(74240K)->40512K(75776K)
[1771.710s][info][gc,heap        ] GC(499) ParOldGen: 1707441K(5592576K)->1758396K(5592576K)
[1771.710s][info][gc,metaspace   ] GC(499) Metaspace: 135955K(137280K)->135955K(137280K) NonClass: 114959K(115712K)->114959K(115712K) Class: 20995K(21568K)->20995K(21568K)
[1771.710s][info][gc             ] GC(499) Pause Young (Allocation Failure) 4323M->1756M(8071M) 27.343ms
[1771.710s][info][gc,cpu         ] GC(499) User=0.25s Sys=0.00s Real=0.03s
[1775.266s][info][gc,start       ] GC(500) Pause Young (Allocation Failure)
[1775.293s][info][gc,heap        ] GC(500) PSYoungGen: 2636864K(2672128K)->49792K(2696192K) Eden: 2596352K(2596352K)->0K(2596352K) From: 40512K(75776K)->49792K(99840K)
[1775.293s][info][gc,heap        ] GC(500) ParOldGen: 1758396K(5592576K)->1798198K(5592576K)
[1775.293s][info][gc,metaspace   ] GC(500) Metaspace: 135955K(137280K)->135955K(137280K) NonClass: 114959K(115712K)->114959K(115712K) Class: 20995K(21568K)->20995K(21568K)
[1775.293s][info][gc             ] GC(500) Pause Young (Allocation Failure) 4292M->1804M(8094M) 27.514ms
[1775.293s][info][gc,cpu         ] GC(500) User=0.25s Sys=0.00s Real=0.03s
[1779.156s][info][gc,start       ] GC(501) Pause Young (Allocation Failure)
[1779.192s][info][gc,heap        ] GC(501) PSYoungGen: 2646144K(2696192K)->48944K(2700288K) Eden: 2596352K(2596352K)->0K(2602496K) From: 49792K(99840K)->48944K(97792K)
[1779.192s][info][gc,heap        ] GC(501) ParOldGen: 1798198K(5592576K)->1846691K(5592576K)
[1779.192s][info][gc,metaspace   ] GC(501) Metaspace: 135971K(137344K)->135971K(137344K) NonClass: 114975K(115776K)->114975K(115776K) Class: 20995K(21568K)->20995K(21568K)
[1779.192s][info][gc             ] GC(501) Pause Young (Allocation Failure) 4340M->1851M(8098M) 35.506ms
[1779.192s][info][gc,cpu         ] GC(501) User=0.25s Sys=0.00s Real=0.03s
[1783.029s][info][gc,start       ] GC(502) Pause Young (Allocation Failure)
[1783.058s][info][gc,heap        ] GC(502) PSYoungGen: 2651440K(2700288K)->42944K(2698240K) Eden: 2602496K(2602496K)->0K(2602496K) From: 48944K(97792K)->42944K(95744K)
[1783.058s][info][gc,heap        ] GC(502) ParOldGen: 1846691K(5592576K)->1891838K(5592576K)
[1783.058s][info][gc,metaspace   ] GC(502) Metaspace: 135974K(137344K)->135974K(137344K) NonClass: 114978K(115776K)->114978K(115776K) Class: 20995K(21568K)->20995K(21568K)
[1783.058s][info][gc             ] GC(502) Pause Young (Allocation Failure) 4392M->1889M(8096M) 29.811ms
[1783.058s][info][gc,cpu         ] GC(502) User=0.25s Sys=0.00s Real=0.03s
[1785.973s][info][gc,start       ] GC(503) Pause Young (Allocation Failure)
[1786.011s][info][gc,heap        ] GC(503) PSYoungGen: 2645440K(2698240K)->78352K(2693120K) Eden: 2602496K(2602496K)->0K(2598400K) From: 42944K(95744K)->78352K(94720K)
[1786.011s][info][gc,heap        ] GC(503) ParOldGen: 1891838K(5592576K)->1928745K(5592576K)
[1786.011s][info][gc,metaspace   ] GC(503) Metaspace: 135974K(137344K)->135974K(137344K) NonClass: 114978K(115776K)->114978K(115776K) Class: 20995K(21568K)->20995K(21568K)
[1786.011s][info][gc             ] GC(503) Pause Young (Allocation Failure) 4430M->1960M(8091M) 37.670ms
[1786.011s][info][gc,cpu         ] GC(503) User=0.38s Sys=0.00s Real=0.04s
[1789.412s][info][gc,start       ] GC(504) Pause Young (Allocation Failure)
[1789.444s][info][gc,heap        ] GC(504) PSYoungGen: 2676752K(2693120K)->48160K(2697216K) Eden: 2598400K(2598400K)->0K(2598400K) From: 78352K(94720K)->48160K(98816K)
[1789.444s][info][gc,heap        ] GC(504) ParOldGen: 1928745K(5592576K)->1987412K(5592576K)
[1789.444s][info][gc,metaspace   ] GC(504) Metaspace: 135974K(137344K)->135974K(137344K) NonClass: 114978K(115776K)->114978K(115776K) Class: 20995K(21568K)->20995K(21568K)
[1789.444s][info][gc             ] GC(504) Pause Young (Allocation Failure) 4497M->1987M(8095M) 32.153ms
[1789.444s][info][gc,cpu         ] GC(504) User=0.25s Sys=0.02s Real=0.03s
[1793.128s][info][gc,start       ] GC(505) Pause Young (Allocation Failure)
[1793.158s][info][gc,heap        ] GC(505) PSYoungGen: 2646560K(2697216K)->57376K(2702848K) Eden: 2598400K(2598400K)->0K(2606080K) From: 48160K(98816K)->57376K(96768K)
[1793.158s][info][gc,heap        ] GC(505) ParOldGen: 1987412K(5592576K)->2029966K(5592576K)
[1793.158s][info][gc,metaspace   ] GC(505) Metaspace: 135974K(137344K)->135974K(137344K) NonClass: 114978K(115776K)->114978K(115776K) Class: 20995K(21568K)->20995K(21568K)
[1793.158s][info][gc             ] GC(505) Pause Young (Allocation Failure) 4525M->2038M(8101M) 30.234ms
[1793.158s][info][gc,cpu         ] GC(505) User=0.25s Sys=0.00s Real=0.03s
[1796.681s][info][gc,start       ] GC(506) Pause Young (Allocation Failure)
[1796.712s][info][gc,heap        ] GC(506) PSYoungGen: 2663456K(2702848K)->47648K(2699264K) Eden: 2606080K(2606080K)->0K(2606080K) From: 57376K(96768K)->47648K(93184K)
[1796.712s][info][gc,heap        ] GC(506) ParOldGen: 2029966K(5592576K)->2086453K(5592576K)
[1796.712s][info][gc,metaspace   ] GC(506) Metaspace: 135977K(137344K)->135977K(137344K) NonClass: 114981K(115776K)->114981K(115776K) Class: 20995K(21568K)->20995K(21568K)
[1796.712s][info][gc             ] GC(506) Pause Young (Allocation Failure) 4583M->2084M(8097M) 31.263ms
[1796.712s][info][gc,cpu         ] GC(506) User=0.25s Sys=0.00s Real=0.03s
[1800.200s][info][gc,start       ] GC(507) Pause Young (Allocation Failure)
[1800.235s][info][gc,heap        ] GC(507) PSYoungGen: 2653728K(2699264K)->58944K(2707456K) Eden: 2606080K(2606080K)->0K(2616320K) From: 47648K(93184K)->58944K(91136K)
[1800.235s][info][gc,heap        ] GC(507) ParOldGen: 2086453K(5592576K)->2133197K(5592576K)
[1800.235s][info][gc,metaspace   ] GC(507) Metaspace: 135977K(137344K)->135977K(137344K) NonClass: 114981K(115776K)->114981K(115776K) Class: 20995K(21568K)->20995K(21568K)
[1800.235s][info][gc             ] GC(507) Pause Young (Allocation Failure) 4629M->2140M(8105M) 35.023ms
[1800.235s][info][gc,cpu         ] GC(507) User=0.25s Sys=0.00s Real=0.04s
[1802.877s][info][gc,start       ] GC(508) Pause Young (GCLocker Initiated GC)
[1802.923s][info][gc,heap        ] GC(508) PSYoungGen: 2675264K(2707456K)->88560K(2700288K) Eden: 2616320K(2616320K)->0K(2611712K) From: 58944K(91136K)->88560K(88576K)
[1802.923s][info][gc,heap        ] GC(508) ParOldGen: 2133198K(5592576K)->2193080K(5592576K)
[1802.923s][info][gc,metaspace   ] GC(508) Metaspace: 135977K(137344K)->135977K(137344K) NonClass: 114981K(115776K)->114981K(115776K) Class: 20995K(21568K)->20995K(21568K)
[1802.923s][info][gc             ] GC(508) Pause Young (GCLocker Initiated GC) 4695M->2228M(8098M) 45.789ms
[1802.923s][info][gc,cpu         ] GC(508) User=0.38s Sys=0.00s Real=0.05s
[1806.576s][info][gc,start       ] GC(509) Pause Young (Allocation Failure)
[1806.606s][info][gc,heap        ] GC(509) PSYoungGen: 2700272K(2700288K)->42592K(2651648K) Eden: 2611712K(2611712K)->0K(2560512K) From: 88560K(88576K)->42592K(91136K)
[1806.606s][info][gc,heap        ] GC(509) ParOldGen: 2193082K(5592576K)->2242301K(5592576K)
[1806.606s][info][gc,metaspace   ] GC(509) Metaspace: 135978K(137344K)->135978K(137344K) NonClass: 114982K(115776K)->114982K(115776K) Class: 20995K(21568K)->20995K(21568K)
[1806.606s][info][gc             ] GC(509) Pause Young (Allocation Failure) 4778M->2231M(8051M) 29.552ms
[1806.606s][info][gc,cpu         ] GC(509) User=0.25s Sys=0.00s Real=0.03s
[1810.372s][info][gc,start       ] GC(510) Pause Young (Allocation Failure)
[1810.402s][info][gc,heap        ] GC(510) PSYoungGen: 2603104K(2651648K)->49920K(2678272K) Eden: 2560512K(2560512K)->0K(2560512K) From: 42592K(91136K)->49920K(117760K)
[1810.402s][info][gc,heap        ] GC(510) ParOldGen: 2242301K(5592576K)->2284381K(5592576K)
[1810.402s][info][gc,metaspace   ] GC(510) Metaspace: 135979K(137344K)->135979K(137344K) NonClass: 114983K(115776K)->114983K(115776K) Class: 20995K(21568K)->20995K(21568K)
[1810.402s][info][gc             ] GC(510) Pause Young (Allocation Failure) 4731M->2279M(8077M) 29.739ms
[1810.402s][info][gc,cpu         ] GC(510) User=0.25s Sys=0.00s Real=0.03s
[1816.014s][info][gc,start       ] GC(511) Pause Young (Allocation Failure)
[1816.048s][info][gc,heap        ] GC(511) PSYoungGen: 2610432K(2678272K)->52288K(2684416K) Eden: 2560512K(2560512K)->0K(2569728K) From: 49920K(117760K)->52288K(114688K)
[1816.048s][info][gc,heap        ] GC(511) ParOldGen: 2284381K(5592576K)->2333440K(5592576K)
[1816.048s][info][gc,metaspace   ] GC(511) Metaspace: 135980K(137344K)->135980K(137344K) NonClass: 114984K(115776K)->114984K(115776K) Class: 20995K(21568K)->20995K(21568K)
[1816.048s][info][gc             ] GC(511) Pause Young (Allocation Failure) 4780M->2329M(8083M) 33.232ms
[1816.048s][info][gc,cpu         ] GC(511) User=0.25s Sys=0.00s Real=0.03s
[1819.515s][info][gc,start       ] GC(512) Pause Young (Allocation Failure)
[1819.552s][info][gc,heap        ] GC(512) PSYoungGen: 2622016K(2684416K)->65712K(2681344K) Eden: 2569728K(2569728K)->0K(2569728K) From: 52288K(114688K)->65712K(111616K)
[1819.552s][info][gc,heap        ] GC(512) ParOldGen: 2333440K(5592576K)->2385457K(5592576K)
[1819.552s][info][gc,metaspace   ] GC(512) Metaspace: 135980K(137344K)->135980K(137344K) NonClass: 114984K(115776K)->114984K(115776K) Class: 20995K(21568K)->20995K(21568K)
[1819.553s][info][gc             ] GC(512) Pause Young (Allocation Failure) 4839M->2393M(8080M) 37.114ms
[1819.553s][info][gc,cpu         ] GC(512) User=0.23s Sys=0.00s Real=0.04s
[1822.256s][info][gc,start       ] GC(513) Pause Young (Allocation Failure)
[1822.308s][info][gc,heap        ] GC(513) PSYoungGen: 2635440K(2681344K)->100800K(2668544K) Eden: 2569728K(2569728K)->0K(2560512K) From: 65712K(111616K)->100800K(108032K)
[1822.308s][info][gc,heap        ] GC(513) ParOldGen: 2385457K(5592576K)->2450353K(5592576K)
[1822.308s][info][gc,metaspace   ] GC(513) Metaspace: 135981K(137344K)->135981K(137344K) NonClass: 114985K(115776K)->114985K(115776K) Class: 20995K(21568K)->20995K(21568K)
[1822.308s][info][gc             ] GC(513) Pause Young (Allocation Failure) 4903M->2491M(8067M) 51.835ms
[1822.308s][info][gc,cpu         ] GC(513) User=0.38s Sys=0.00s Real=0.05s
[1825.596s][info][gc,start       ] GC(514) Pause Young (Allocation Failure)
[1825.630s][info][gc,heap        ] GC(514) PSYoungGen: 2661312K(2668544K)->42288K(2678272K) Eden: 2560512K(2560512K)->0K(2560512K) From: 100800K(108032K)->42288K(117760K)
[1825.630s][info][gc,heap        ] GC(514) ParOldGen: 2450353K(5592576K)->2508959K(5592576K)
[1825.630s][info][gc,metaspace   ] GC(514) Metaspace: 135982K(137344K)->135982K(137344K) NonClass: 114986K(115776K)->114986K(115776K) Class: 20995K(21568K)->20995K(21568K)
[1825.630s][info][gc             ] GC(514) Pause Young (Allocation Failure) 4991M->2491M(8077M) 33.292ms
[1825.630s][info][gc,cpu         ] GC(514) User=0.25s Sys=0.00s Real=0.03s
[1829.122s][info][gc,start       ] GC(515) Pause Young (Allocation Failure)
[1829.158s][info][gc,heap        ] GC(515) PSYoungGen: 2602800K(2678272K)->53312K(2682880K) Eden: 2560512K(2560512K)->0K(2566144K) From: 42288K(117760K)->53312K(116736K)
[1829.158s][info][gc,heap        ] GC(515) ParOldGen: 2508959K(5592576K)->2549171K(5592576K)
[1829.158s][info][gc,metaspace   ] GC(515) Metaspace: 135982K(137344K)->135982K(137344K) NonClass: 114986K(115776K)->114986K(115776K) Class: 20995K(21568K)->20995K(21568K)
[1829.158s][info][gc             ] GC(515) Pause Young (Allocation Failure) 4991M->2541M(8081M) 36.050ms
[1829.158s][info][gc,cpu         ] GC(515) User=0.25s Sys=0.00s Real=0.04s
[1834.252s][info][gc,start       ] GC(516) Pause Young (Allocation Failure)
[1834.286s][info][gc,heap        ] GC(516) PSYoungGen: 2619456K(2682880K)->50848K(2679296K) Eden: 2566144K(2566144K)->0K(2566144K) From: 53312K(116736K)->50848K(113152K)
[1834.286s][info][gc,heap        ] GC(516) ParOldGen: 2549171K(5592576K)->2600787K(5592576K)
[1834.286s][info][gc,metaspace   ] GC(516) Metaspace: 135982K(137344K)->135982K(137344K) NonClass: 114986K(115776K)->114986K(115776K) Class: 20995K(21568K)->20995K(21568K)
[1834.286s][info][gc             ] GC(516) Pause Young (Allocation Failure) 5047M->2589M(8078M) 33.833ms
[1834.286s][info][gc,cpu         ] GC(516) User=0.25s Sys=0.00s Real=0.03s
[1839.248s][info][gc,start       ] GC(517) Pause Young (Allocation Failure)
[1839.286s][info][gc,heap        ] GC(517) PSYoungGen: 2616992K(2679296K)->60064K(2690560K) Eden: 2566144K(2566144K)->0K(2580480K) From: 50848K(113152K)->60064K(110080K)
[1839.286s][info][gc,heap        ] GC(517) ParOldGen: 2600787K(5592576K)->2651342K(5592576K)
[1839.286s][info][gc,metaspace   ] GC(517) Metaspace: 135982K(137344K)->135982K(137344K) NonClass: 114986K(115776K)->114986K(115776K) Class: 20995K(21568K)->20995K(21568K)
[1839.286s][info][gc             ] GC(517) Pause Young (Allocation Failure) 5095M->2647M(8089M) 37.756ms
[1839.286s][info][gc,cpu         ] GC(517) User=0.25s Sys=0.00s Real=0.04s
[1842.509s][info][gc,start       ] GC(518) Pause Young (Allocation Failure)
[1842.549s][info][gc,heap        ] GC(518) PSYoungGen: 2640544K(2690560K)->72288K(2685952K) Eden: 2580480K(2580480K)->0K(2580480K) From: 60064K(110080K)->72288K(105472K)
[1842.549s][info][gc,heap        ] GC(518) ParOldGen: 2651342K(5592576K)->2710785K(5592576K)
[1842.549s][info][gc,metaspace   ] GC(518) Metaspace: 135982K(137344K)->135982K(137344K) NonClass: 114986K(115776K)->114986K(115776K) Class: 20995K(21568K)->20995K(21568K)
[1842.549s][info][gc             ] GC(518) Pause Young (Allocation Failure) 5167M->2717M(8084M) 39.561ms
[1842.549s][info][gc,cpu         ] GC(518) User=0.25s Sys=0.00s Real=0.04s
[1845.240s][info][gc,start       ] GC(519) Pause Young (Allocation Failure)
[1845.270s][info][gc,heap        ] GC(519) PSYoungGen: 2652768K(2685952K)->60032K(2694656K) Eden: 2580480K(2580480K)->0K(2589696K) From: 72288K(105472K)->60032K(104960K)
[1845.270s][info][gc,heap        ] GC(519) ParOldGen: 2710785K(5592576K)->2742312K(5592576K)
[1845.270s][info][gc,metaspace   ] GC(519) Metaspace: 135983K(137344K)->135983K(137344K) NonClass: 114987K(115776K)->114987K(115776K) Class: 20995K(21568K)->20995K(21568K)
[1845.270s][info][gc             ] GC(519) Pause Young (Allocation Failure) 5237M->2736M(8093M) 29.361ms
[1845.270s][info][gc,cpu         ] GC(519) User=0.12s Sys=0.00s Real=0.03s
[1850.219s][info][gc,start       ] GC(520) Pause Young (Allocation Failure)
[1850.247s][info][gc,heap        ] GC(520) PSYoungGen: 2649728K(2694656K)->49072K(2691072K) Eden: 2589696K(2589696K)->0K(2589696K) From: 60032K(104960K)->49072K(101376K)
[1850.247s][info][gc,heap        ] GC(520) ParOldGen: 2742312K(5592576K)->2782446K(5592576K)
[1850.247s][info][gc,metaspace   ] GC(520) Metaspace: 135983K(137344K)->135983K(137344K) NonClass: 114987K(115776K)->114987K(115776K) Class: 20995K(21568K)->20995K(21568K)
[1850.247s][info][gc             ] GC(520) Pause Young (Allocation Failure) 5265M->2765M(8089M) 28.490ms
[1850.247s][info][gc,cpu         ] GC(520) User=0.25s Sys=0.00s Real=0.03s
[1854.280s][info][gc,start       ] GC(521) Pause Young (Allocation Failure)
[1854.319s][info][gc,heap        ] GC(521) PSYoungGen: 2638768K(2691072K)->60608K(2700288K) Eden: 2589696K(2589696K)->0K(2600960K) From: 49072K(101376K)->60608K(99328K)
[1854.319s][info][gc,heap        ] GC(521) ParOldGen: 2782446K(5592576K)->2829677K(5592576K)
[1854.319s][info][gc,metaspace   ] GC(521) Metaspace: 135983K(137344K)->135983K(137344K) NonClass: 114987K(115776K)->114987K(115776K) Class: 20995K(21568K)->20995K(21568K)
[1854.319s][info][gc             ] GC(521) Pause Young (Allocation Failure) 5294M->2822M(8098M) 38.779ms
[1854.319s][info][gc,cpu         ] GC(521) User=0.38s Sys=0.00s Real=0.04s
[1858.067s][info][gc,start       ] GC(522) Pause Young (Allocation Failure)
[1858.102s][info][gc,heap        ] GC(522) PSYoungGen: 2661568K(2700288K)->56528K(2696704K) Eden: 2600960K(2600960K)->0K(2600960K) From: 60608K(99328K)->56528K(95744K)
[1858.102s][info][gc,heap        ] GC(522) ParOldGen: 2829677K(5592576K)->2888865K(5592576K)
[1858.102s][info][gc,metaspace   ] GC(522) Metaspace: 135983K(137344K)->135983K(137344K) NonClass: 114987K(115776K)->114987K(115776K) Class: 20995K(21568K)->20995K(21568K)
[1858.102s][info][gc             ] GC(522) Pause Young (Allocation Failure) 5362M->2876M(8095M) 34.996ms
[1858.102s][info][gc,cpu         ] GC(522) User=0.38s Sys=0.00s Real=0.04s
[1861.496s][info][gc,start       ] GC(523) Pause Young (Allocation Failure)
[1861.532s][info][gc,heap        ] GC(523) PSYoungGen: 2657488K(2696704K)->61824K(2705920K) Eden: 2600960K(2600960K)->0K(2613248K) From: 56528K(95744K)->61824K(92672K)
[1861.532s][info][gc,heap        ] GC(523) ParOldGen: 2888865K(5592576K)->2945622K(5592576K)
[1861.532s][info][gc,metaspace   ] GC(523) Metaspace: 135983K(137344K)->135983K(137344K) NonClass: 114987K(115776K)->114987K(115776K) Class: 20995K(21568K)->20995K(21568K)
[1861.532s][info][gc             ] GC(523) Pause Young (Allocation Failure) 5416M->2936M(8104M) 36.144ms
[1861.532s][info][gc,cpu         ] GC(523) User=0.25s Sys=0.00s Real=0.04s
[1863.942s][info][gc,start       ] GC(524) Pause Young (Allocation Failure)
[1863.977s][info][gc,heap        ] GC(524) PSYoungGen: 2675072K(2705920K)->75056K(2703360K) Eden: 2613248K(2613248K)->0K(2613248K) From: 61824K(92672K)->75056K(90112K)
[1863.977s][info][gc,heap        ] GC(524) ParOldGen: 2945622K(5592576K)->2977271K(5592576K)
[1863.977s][info][gc,metaspace   ] GC(524) Metaspace: 135983K(137344K)->135983K(137344K) NonClass: 114987K(115776K)->114987K(115776K) Class: 20995K(21568K)->20995K(21568K)
[1863.977s][info][gc             ] GC(524) Pause Young (Allocation Failure) 5488M->2980M(8101M) 34.782ms
[1863.977s][info][gc,cpu         ] GC(524) User=0.38s Sys=0.00s Real=0.04s
[1868.862s][info][gc,start       ] GC(525) Pause Young (Allocation Failure)
[1868.893s][info][gc,heap        ] GC(525) PSYoungGen: 2688304K(2703360K)->45424K(2703360K) Eden: 2613248K(2613248K)->0K(2610688K) From: 75056K(90112K)->45424K(92672K)
[1868.893s][info][gc,heap        ] GC(525) ParOldGen: 2977271K(5592576K)->3025957K(5592576K)
[1868.893s][info][gc,metaspace   ] GC(525) Metaspace: 135983K(137344K)->135983K(137344K) NonClass: 114987K(115776K)->114987K(115776K) Class: 20995K(21568K)->20995K(21568K)
[1868.894s][info][gc             ] GC(525) Pause Young (Allocation Failure) 5532M->2999M(8101M) 31.636ms
[1868.894s][info][gc,cpu         ] GC(525) User=0.25s Sys=0.00s Real=0.03s
[1873.184s][info][gc,start       ] GC(526) Pause Young (Allocation Failure)
[1873.214s][info][gc,heap        ] GC(526) PSYoungGen: 2656112K(2703360K)->52160K(2703360K) Eden: 2610688K(2610688K)->0K(2610688K) From: 45424K(92672K)->52160K(92672K)
[1873.214s][info][gc,heap        ] GC(526) ParOldGen: 3025957K(5592576K)->3068870K(5592576K)
[1873.214s][info][gc,metaspace   ] GC(526) Metaspace: 135983K(137344K)->135983K(137344K) NonClass: 114987K(115776K)->114987K(115776K) Class: 20995K(21568K)->20995K(21568K)
[1873.214s][info][gc             ] GC(526) Pause Young (Allocation Failure) 5548M->3047M(8101M) 29.861ms
[1873.214s][info][gc,cpu         ] GC(526) User=0.25s Sys=0.00s Real=0.03s
[1877.821s][info][gc,start       ] GC(527) Pause Young (Allocation Failure)
[1877.851s][info][gc,heap        ] GC(527) PSYoungGen: 2662848K(2703360K)->45824K(2706432K) Eden: 2610688K(2610688K)->0K(2615808K) From: 52160K(92672K)->45824K(90624K)
[1877.851s][info][gc,heap        ] GC(527) ParOldGen: 3068870K(5592576K)->3119362K(5592576K)
[1877.851s][info][gc,metaspace   ] GC(527) Metaspace: 135983K(137344K)->135983K(137344K) NonClass: 114987K(115776K)->114987K(115776K) Class: 20995K(21568K)->20995K(21568K)
[1877.851s][info][gc             ] GC(527) Pause Young (Allocation Failure) 5597M->3091M(8104M) 30.433ms
[1877.851s][info][gc,cpu         ] GC(527) User=0.25s Sys=0.00s Real=0.03s
[1881.292s][info][gc,start       ] GC(528) Pause Young (Allocation Failure)
[1881.323s][info][gc,heap        ] GC(528) PSYoungGen: 2661632K(2706432K)->56384K(2705408K) Eden: 2615808K(2615808K)->0K(2615808K) From: 45824K(90624K)->56384K(89600K)
[1881.323s][info][gc,heap        ] GC(528) ParOldGen: 3119362K(5592576K)->3164613K(5592576K)
[1881.323s][info][gc,metaspace   ] GC(528) Metaspace: 135984K(137344K)->135984K(137344K) NonClass: 114988K(115776K)->114988K(115776K) Class: 20995K(21568K)->20995K(21568K)
[1881.323s][info][gc             ] GC(528) Pause Young (Allocation Failure) 5645M->3145M(8103M) 30.759ms
[1881.323s][info][gc,cpu         ] GC(528) User=0.25s Sys=0.00s Real=0.03s
[1883.437s][info][gc,start       ] GC(529) Pause Young (Allocation Failure)
[1883.490s][info][gc,heap        ] GC(529) PSYoungGen: 2672192K(2705408K)->87008K(2645504K) Eden: 2615808K(2615808K)->0K(2558464K) From: 56384K(89600K)->87008K(87040K)
[1883.490s][info][gc,heap        ] GC(529) ParOldGen: 3164613K(5592576K)->3229017K(5592576K)
[1883.490s][info][gc,metaspace   ] GC(529) Metaspace: 135987K(137344K)->135987K(137344K) NonClass: 114991K(115776K)->114991K(115776K) Class: 20995K(21568K)->20995K(21568K)
[1883.490s][info][gc             ] GC(529) Pause Young (Allocation Failure) 5700M->3238M(8045M) 53.175ms
[1883.490s][info][gc,cpu         ] GC(529) User=0.38s Sys=0.00s Real=0.05s
[1887.135s][info][gc,start       ] GC(530) Pause Young (Allocation Failure)
[1887.175s][info][gc,heap        ] GC(530) PSYoungGen: 2645472K(2645504K)->56384K(2677248K) Eden: 2558464K(2558464K)->0K(2558464K) From: 87008K(87040K)->56384K(118784K)
[1887.175s][info][gc,heap        ] GC(530) ParOldGen: 3229017K(5592576K)->3284357K(5592576K)
[1887.175s][info][gc,metaspace   ] GC(530) Metaspace: 135988K(137344K)->135988K(137344K) NonClass: 114992K(115776K)->114992K(115776K) Class: 20995K(21568K)->20995K(21568K)
[1887.175s][info][gc             ] GC(530) Pause Young (Allocation Failure) 5736M->3262M(8076M) 39.879ms
[1887.175s][info][gc,cpu         ] GC(530) User=0.25s Sys=0.00s Real=0.04s
[1890.784s][info][gc,start       ] GC(531) Pause Young (Allocation Failure)
[1890.820s][info][gc,heap        ] GC(531) PSYoungGen: 2614848K(2677248K)->60256K(2684416K) Eden: 2558464K(2558464K)->0K(2569216K) From: 56384K(118784K)->60256K(115200K)
[1890.820s][info][gc,heap        ] GC(531) ParOldGen: 3284357K(5592576K)->3338232K(5592576K)
[1890.820s][info][gc,metaspace   ] GC(531) Metaspace: 135988K(137344K)->135988K(137344K) NonClass: 114992K(115776K)->114992K(115776K) Class: 20995K(21568K)->20995K(21568K)
[1890.820s][info][gc             ] GC(531) Pause Young (Allocation Failure) 5760M->3318M(8083M) 36.218ms
[1890.820s][info][gc,cpu         ] GC(531) User=0.38s Sys=0.00s Real=0.04s
[1894.328s][info][gc,start       ] GC(532) Pause Young (Allocation Failure)
[1894.363s][info][gc,heap        ] GC(532) PSYoungGen: 2629472K(2684416K)->51744K(2680832K) Eden: 2569216K(2569216K)->0K(2569216K) From: 60256K(115200K)->51744K(111616K)
[1894.363s][info][gc,heap        ] GC(532) ParOldGen: 3338232K(5592576K)->3398271K(5592576K)
[1894.363s][info][gc,metaspace   ] GC(532) Metaspace: 135990K(137344K)->135990K(137344K) NonClass: 114994K(115776K)->114994K(115776K) Class: 20995K(21568K)->20995K(21568K)
[1894.363s][info][gc             ] GC(532) Pause Young (Allocation Failure) 5827M->3369M(8079M) 35.370ms
[1894.363s][info][gc,cpu         ] GC(532) User=0.25s Sys=0.00s Real=0.04s
[1897.632s][info][gc,start       ] GC(533) Pause Young (Allocation Failure)
[1897.668s][info][gc,heap        ] GC(533) PSYoungGen: 2620960K(2680832K)->62144K(2691072K) Eden: 2569216K(2569216K)->0K(2582016K) From: 51744K(111616K)->62144K(109056K)
[1897.668s][info][gc,heap        ] GC(533) ParOldGen: 3398271K(5592576K)->3449738K(5592576K)
[1897.668s][info][gc,metaspace   ] GC(533) Metaspace: 135990K(137344K)->135990K(137344K) NonClass: 114994K(115776K)->114994K(115776K) Class: 20995K(21568K)->20995K(21568K)
[1897.668s][info][gc             ] GC(533) Pause Young (Allocation Failure) 5878M->3429M(8089M) 35.701ms
[1897.668s][info][gc,cpu         ] GC(533) User=0.25s Sys=0.00s Real=0.04s
[1900.244s][info][gc,start       ] GC(534) Pause Young (Allocation Failure)
[1900.298s][info][gc,heap        ] GC(534) PSYoungGen: 2644160K(2691072K)->104928K(2686976K) Eden: 2582016K(2582016K)->0K(2582016K) From: 62144K(109056K)->104928K(104960K)
[1900.298s][info][gc,heap        ] GC(534) ParOldGen: 3449738K(5592576K)->3517095K(5592576K)
[1900.298s][info][gc,metaspace   ] GC(534) Metaspace: 135991K(137344K)->135991K(137344K) NonClass: 114995K(115776K)->114995K(115776K) Class: 20995K(21568K)->20995K(21568K)
[1900.298s][info][gc             ] GC(534) Pause Young (Allocation Failure) 5951M->3537M(8085M) 54.113ms
[1900.298s][info][gc,cpu         ] GC(534) User=0.38s Sys=0.00s Real=0.05s
[1903.360s][info][gc,start       ] GC(535) Pause Young (Allocation Failure)
[1903.400s][info][gc,heap        ] GC(535) PSYoungGen: 2686944K(2686976K)->43872K(2625536K) Eden: 2582016K(2582016K)->0K(2516480K) From: 104928K(104960K)->43872K(109056K)
[1903.400s][info][gc,heap        ] GC(535) ParOldGen: 3517095K(5592576K)->3585975K(5592576K)
[1903.400s][info][gc,metaspace   ] GC(535) Metaspace: 135991K(137344K)->135991K(137344K) NonClass: 114995K(115776K)->114995K(115776K) Class: 20995K(21568K)->20995K(21568K)
[1903.400s][info][gc             ] GC(535) Pause Young (Allocation Failure) 6058M->3544M(8025M) 39.360ms
[1903.400s][info][gc,cpu         ] GC(535) User=0.38s Sys=0.00s Real=0.04s
[1908.619s][info][gc,start       ] GC(536) Pause Young (Allocation Failure)
[1908.657s][info][gc,heap        ] GC(536) PSYoungGen: 2560352K(2625536K)->59488K(2656256K) Eden: 2516480K(2516480K)->0K(2516480K) From: 43872K(109056K)->59488K(139776K)
[1908.657s][info][gc,heap        ] GC(536) ParOldGen: 3585975K(5592576K)->3627599K(5592576K)
[1908.657s][info][gc,metaspace   ] GC(536) Metaspace: 136001K(137344K)->136001K(137344K) NonClass: 115004K(115776K)->115004K(115776K) Class: 20997K(21568K)->20997K(21568K)
[1908.657s][info][gc             ] GC(536) Pause Young (Allocation Failure) 6002M->3600M(8055M) 37.572ms
[1908.657s][info][gc,cpu         ] GC(536) User=0.25s Sys=0.00s Real=0.04s
[1912.100s][info][gc,start       ] GC(537) Pause Young (Allocation Failure)
[1912.139s][info][gc,heap        ] GC(537) PSYoungGen: 2575968K(2656256K)->52256K(2664448K) Eden: 2516480K(2516480K)->0K(2529280K) From: 59488K(139776K)->52256K(135168K)
[1912.139s][info][gc,heap        ] GC(537) ParOldGen: 3627599K(5592576K)->3686625K(5592576K)
[1912.139s][info][gc,metaspace   ] GC(537) Metaspace: 136001K(137344K)->136001K(137344K) NonClass: 115004K(115776K)->115004K(115776K) Class: 20997K(21568K)->20997K(21568K)
[1912.139s][info][gc             ] GC(537) Pause Young (Allocation Failure) 6058M->3651M(8063M) 38.726ms
[1912.139s][info][gc,cpu         ] GC(537) User=0.25s Sys=0.00s Real=0.04s
[1915.504s][info][gc,start       ] GC(538) Pause Young (Allocation Failure)
[1915.549s][info][gc,heap        ] GC(538) PSYoungGen: 2581536K(2664448K)->70624K(2660864K) Eden: 2529280K(2529280K)->0K(2529280K) From: 52256K(135168K)->70624K(131584K)
[1915.549s][info][gc,heap        ] GC(538) ParOldGen: 3686625K(5592576K)->3738781K(5592576K)
[1915.549s][info][gc,metaspace   ] GC(538) Metaspace: 136016K(137344K)->136016K(137344K) NonClass: 115019K(115776K)->115019K(115776K) Class: 20997K(21568K)->20997K(21568K)
[1915.549s][info][gc             ] GC(538) Pause Young (Allocation Failure) 6121M->3720M(8060M) 44.632ms
[1915.549s][info][gc,cpu         ] GC(538) User=0.38s Sys=0.00s Real=0.04s
[1918.592s][info][gc,start       ] GC(539) Pause Young (Allocation Failure)
[1918.636s][info][gc,heap        ] GC(539) PSYoungGen: 2599904K(2660864K)->75568K(2673152K) Eden: 2529280K(2529280K)->0K(2547200K) From: 70624K(131584K)->75568K(125952K)
[1918.636s][info][gc,heap        ] GC(539) ParOldGen: 3738781K(5592576K)->3803365K(5592576K)
[1918.636s][info][gc,metaspace   ] GC(539) Metaspace: 136016K(137344K)->136016K(137344K) NonClass: 115019K(115776K)->115019K(115776K) Class: 20997K(21568K)->20997K(21568K)
[1918.636s][info][gc             ] GC(539) Pause Young (Allocation Failure) 6190M->3788M(8072M) 43.629ms
[1918.636s][info][gc,cpu         ] GC(539) User=0.36s Sys=0.00s Real=0.04s
[1920.716s][info][gc,start       ] GC(540) Pause Young (Allocation Failure)
[1920.757s][info][gc,heap        ] GC(540) PSYoungGen: 2622768K(2673152K)->73024K(2670080K) Eden: 2547200K(2547200K)->0K(2547200K) From: 75568K(125952K)->73024K(122880K)
[1920.757s][info][gc,heap        ] GC(540) ParOldGen: 3803365K(5592576K)->3845684K(5592576K)
[1920.757s][info][gc,metaspace   ] GC(540) Metaspace: 136016K(137344K)->136016K(137344K) NonClass: 115019K(115776K)->115019K(115776K) Class: 20997K(21568K)->20997K(21568K)
[1920.757s][info][gc             ] GC(540) Pause Young (Allocation Failure) 6275M->3826M(8069M) 40.673ms
[1920.757s][info][gc,cpu         ] GC(540) User=0.38s Sys=0.00s Real=0.04s
[1924.792s][info][gc,start       ] GC(541) Pause Young (Allocation Failure)
[1924.829s][info][gc,heap        ] GC(541) PSYoungGen: 2620224K(2670080K)->54304K(2679296K) Eden: 2547200K(2547200K)->0K(2560512K) From: 73024K(122880K)->54304K(118784K)
[1924.829s][info][gc,heap        ] GC(541) ParOldGen: 3845684K(5592576K)->3897547K(5592576K)
[1924.829s][info][gc,metaspace   ] GC(541) Metaspace: 136016K(137344K)->136016K(137344K) NonClass: 115019K(115776K)->115019K(115776K) Class: 20997K(21568K)->20997K(21568K)
[1924.829s][info][gc             ] GC(541) Pause Young (Allocation Failure) 6314M->3859M(8078M) 36.560ms
[1924.829s][info][gc,cpu         ] GC(541) User=0.25s Sys=0.00s Real=0.04s
[1929.767s][info][gc,start       ] GC(542) Pause Young (Allocation Failure)
[1929.810s][info][gc,heap        ] GC(542) PSYoungGen: 2614816K(2679296K)->60096K(2677248K) Eden: 2560512K(2560512K)->0K(2560512K) From: 54304K(118784K)->60096K(116736K)
[1929.810s][info][gc,heap        ] GC(542) ParOldGen: 3897547K(5592576K)->3951571K(5592576K)
[1929.810s][info][gc,metaspace   ] GC(542) Metaspace: 136017K(137344K)->136017K(137344K) NonClass: 115020K(115776K)->115020K(115776K) Class: 20997K(21568K)->20997K(21568K)
[1929.810s][info][gc             ] GC(542) Pause Young (Allocation Failure) 6359M->3917M(8076M) 42.857ms
[1929.810s][info][gc,cpu         ] GC(542) User=0.38s Sys=0.00s Real=0.04s
[1933.428s][info][gc,start       ] GC(543) Pause Young (Allocation Failure)
[1933.471s][info][gc,heap        ] GC(543) PSYoungGen: 2620608K(2677248K)->67280K(2687488K) Eden: 2560512K(2560512K)->0K(2574336K) From: 60096K(116736K)->67280K(113152K)
[1933.471s][info][gc,heap        ] GC(543) ParOldGen: 3951571K(5592576K)->4011170K(5592576K)
[1933.471s][info][gc,metaspace   ] GC(543) Metaspace: 136021K(137344K)->136021K(137344K) NonClass: 115024K(115776K)->115024K(115776K) Class: 20997K(21568K)->20997K(21568K)
[1933.471s][info][gc             ] GC(543) Pause Young (Allocation Failure) 6418M->3982M(8086M) 43.099ms
[1933.471s][info][gc,cpu         ] GC(543) User=0.25s Sys=0.00s Real=0.04s
[1936.684s][info][gc,start       ] GC(544) Pause Young (Allocation Failure)
[1936.728s][info][gc,heap        ] GC(544) PSYoungGen: 2641616K(2687488K)->68288K(2682880K) Eden: 2574336K(2574336K)->0K(2574336K) From: 67280K(113152K)->68288K(108544K)
[1936.728s][info][gc,heap        ] GC(544) ParOldGen: 4011170K(5592576K)->4077988K(5592576K)
[1936.728s][info][gc,metaspace   ] GC(544) Metaspace: 136021K(137344K)->136021K(137344K) NonClass: 115024K(115776K)->115024K(115776K) Class: 20997K(21568K)->20997K(21568K)
[1936.728s][info][gc             ] GC(544) Pause Young (Allocation Failure) 6496M->4049M(8081M) 43.924ms
[1936.728s][info][gc,cpu         ] GC(544) User=0.38s Sys=0.00s Real=0.04s
[1939.369s][info][gc,start       ] GC(545) Pause Young (Allocation Failure)
[1939.417s][info][gc,heap        ] GC(545) PSYoungGen: 2642624K(2682880K)->85616K(2684928K) Eden: 2574336K(2574336K)->0K(2579968K) From: 68288K(108544K)->85616K(104960K)
[1939.417s][info][gc,heap        ] GC(545) ParOldGen: 4077988K(5592576K)->4146102K(5592576K)
[1939.417s][info][gc,metaspace   ] GC(545) Metaspace: 136024K(137344K)->136024K(137344K) NonClass: 115027K(115776K)->115027K(115776K) Class: 20997K(21568K)->20997K(21568K)
[1939.417s][info][gc             ] GC(545) Pause Young (Allocation Failure) 6563M->4132M(8083M) 48.078ms
[1939.417s][info][gc,cpu         ] GC(545) User=0.38s Sys=0.00s Real=0.05s
[1942.744s][info][gc,start       ] GC(546) Pause Young (Allocation Failure)
[1942.772s][info][gc,heap        ] GC(546) PSYoungGen: 2665584K(2684928K)->38432K(2618880K) Eden: 2579968K(2579968K)->0K(2579968K) From: 85616K(104960K)->38432K(38912K)
[1942.772s][info][gc,heap        ] GC(546) ParOldGen: 4146102K(5592576K)->4187623K(5592576K)
[1942.772s][info][gc,metaspace   ] GC(546) Metaspace: 136025K(137344K)->136025K(137344K) NonClass: 115028K(115776K)->115028K(115776K) Class: 20997K(21568K)->20997K(21568K)
[1942.772s][info][gc             ] GC(546) Pause Young (Allocation Failure) 6652M->4127M(8019M) 28.057ms
[1942.772s][info][gc,cpu         ] GC(546) User=0.25s Sys=0.00s Real=0.03s
[1947.004s][info][gc,start       ] GC(547) Pause Young (Allocation Failure)
[1947.041s][info][gc,heap        ] GC(547) PSYoungGen: 2618400K(2618880K)->48064K(2688000K) Eden: 2579968K(2579968K)->0K(2578432K) From: 38432K(38912K)->48064K(109568K)
[1947.041s][info][gc,heap        ] GC(547) ParOldGen: 4187623K(5592576K)->4223430K(5592576K)
[1947.041s][info][gc,metaspace   ] GC(547) Metaspace: 136025K(137344K)->136025K(137344K) NonClass: 115028K(115776K)->115028K(115776K) Class: 20997K(21568K)->20997K(21568K)
[1947.041s][info][gc             ] GC(547) Pause Young (Allocation Failure) 6646M->4171M(8086M) 36.886ms
[1947.041s][info][gc,cpu         ] GC(547) User=0.38s Sys=0.00s Real=0.04s
[1950.852s][info][gc,start       ] GC(548) Pause Young (Allocation Failure)
[1950.887s][info][gc,heap        ] GC(548) PSYoungGen: 2626496K(2688000K)->45744K(2686464K) Eden: 2578432K(2578432K)->0K(2578432K) From: 48064K(109568K)->45744K(108032K)
[1950.887s][info][gc,heap        ] GC(548) ParOldGen: 4223430K(5592576K)->4270537K(5592576K)
[1950.887s][info][gc,metaspace   ] GC(548) Metaspace: 136025K(137344K)->136025K(137344K) NonClass: 115028K(115776K)->115028K(115776K) Class: 20997K(21568K)->20997K(21568K)
[1950.887s][info][gc             ] GC(548) Pause Young (Allocation Failure) 6689M->4215M(8085M) 35.213ms
[1950.887s][info][gc,cpu         ] GC(548) User=0.25s Sys=0.00s Real=0.04s
[1954.388s][info][gc,start       ] GC(549) Pause Young (Allocation Failure)
[1954.425s][info][gc,heap        ] GC(549) PSYoungGen: 2624176K(2686464K)->59280K(2693120K) Eden: 2578432K(2578432K)->0K(2586112K) From: 45744K(108032K)->59280K(107008K)
[1954.425s][info][gc,heap        ] GC(549) ParOldGen: 4270537K(5592576K)->4314218K(5592576K)
[1954.425s][info][gc,metaspace   ] GC(549) Metaspace: 136025K(137344K)->136025K(137344K) NonClass: 115028K(115776K)->115028K(115776K) Class: 20997K(21568K)->20997K(21568K)
[1954.425s][info][gc             ] GC(549) Pause Young (Allocation Failure) 6733M->4270M(8091M) 37.211ms
[1954.425s][info][gc,cpu         ] GC(549) User=0.25s Sys=0.00s Real=0.04s
[1957.257s][info][gc,start       ] GC(550) Pause Young (Allocation Failure)
[1957.306s][info][gc,heap        ] GC(550) PSYoungGen: 2645392K(2693120K)->89264K(2675712K) Eden: 2586112K(2586112K)->0K(2586112K) From: 59280K(107008K)->89264K(89600K)
[1957.306s][info][gc,heap        ] GC(550) ParOldGen: 4314218K(5592576K)->4373765K(5592576K)
[1957.306s][info][gc,metaspace   ] GC(550) Metaspace: 136034K(137408K)->136034K(137408K) NonClass: 115037K(115840K)->115037K(115840K) Class: 20997K(21568K)->20997K(21568K)
[1957.306s][info][gc             ] GC(550) Pause Young (Allocation Failure) 6796M->4358M(8074M) 48.304ms
[1957.306s][info][gc,cpu         ] GC(550) User=0.38s Sys=0.00s Real=0.05s
[1960.589s][info][gc,start       ] GC(551) Pause Young (Allocation Failure)
[1960.622s][info][gc,heap        ] GC(551) PSYoungGen: 2675376K(2675712K)->33760K(2684928K) Eden: 2586112K(2586112K)->0K(2575872K) From: 89264K(89600K)->33760K(109056K)
[1960.622s][info][gc,heap        ] GC(551) ParOldGen: 4373765K(5592576K)->4420413K(5592576K)
[1960.622s][info][gc,metaspace   ] GC(551) Metaspace: 136048K(137408K)->136048K(137408K) NonClass: 115050K(115840K)->115050K(115840K) Class: 20998K(21568K)->20998K(21568K)
[1960.622s][info][gc             ] GC(551) Pause Young (Allocation Failure) 6883M->4349M(8083M) 33.738ms
[1960.622s][info][gc,cpu         ] GC(551) User=0.25s Sys=0.00s Real=0.03s
[1965.772s][info][gc,start       ] GC(552) Pause Young (Allocation Failure)
[1965.801s][info][gc,heap        ] GC(552) PSYoungGen: 2609632K(2684928K)->48672K(2685952K) Eden: 2575872K(2575872K)->0K(2575872K) From: 33760K(109056K)->48672K(110080K)
[1965.801s][info][gc,heap        ] GC(552) ParOldGen: 4420413K(5592576K)->4452189K(5592576K)
[1965.801s][info][gc,metaspace   ] GC(552) Metaspace: 136051K(137408K)->136051K(137408K) NonClass: 115053K(115840K)->115053K(115840K) Class: 20998K(21568K)->20998K(21568K)
[1965.801s][info][gc             ] GC(552) Pause Young (Allocation Failure) 6865M->4395M(8084M) 28.676ms
[1965.801s][info][gc,cpu         ] GC(552) User=0.12s Sys=0.00s Real=0.03s
[1969.480s][info][gc,start       ] GC(553) Pause Young (Allocation Failure)
[1969.512s][info][gc,heap        ] GC(553) PSYoungGen: 2624544K(2685952K)->47504K(2691072K) Eden: 2575872K(2575872K)->0K(2583552K) From: 48672K(110080K)->47504K(107520K)
[1969.512s][info][gc,heap        ] GC(553) ParOldGen: 4452189K(5592576K)->4500245K(5592576K)
[1969.512s][info][gc,metaspace   ] GC(553) Metaspace: 136051K(137408K)->136051K(137408K) NonClass: 115053K(115840K)->115053K(115840K) Class: 20998K(21568K)->20998K(21568K)
[1969.512s][info][gc             ] GC(553) Pause Young (Allocation Failure) 6910M->4441M(8089M) 31.934ms
[1969.512s][info][gc,cpu         ] GC(553) User=0.25s Sys=0.00s Real=0.03s
[1972.811s][info][gc,start       ] GC(554) Pause Young (Allocation Failure)
[1972.849s][info][gc,heap        ] GC(554) PSYoungGen: 2631056K(2691072K)->67200K(2688512K) Eden: 2583552K(2583552K)->0K(2583552K) From: 47504K(107520K)->67200K(104960K)
[1972.849s][info][gc,heap        ] GC(554) ParOldGen: 4500245K(5592576K)->4547638K(5592576K)
[1972.849s][info][gc,metaspace   ] GC(554) Metaspace: 136052K(137408K)->136052K(137408K) NonClass: 115053K(115840K)->115053K(115840K) Class: 20998K(21568K)->20998K(21568K)
[1972.849s][info][gc             ] GC(554) Pause Young (Allocation Failure) 6964M->4506M(8087M) 37.743ms
[1972.849s][info][gc,cpu         ] GC(554) User=0.25s Sys=0.00s Real=0.04s
[1976.027s][info][gc,start       ] GC(555) Pause Young (Allocation Failure)
[1976.076s][info][gc,heap        ] GC(555) PSYoungGen: 2650752K(2688512K)->83360K(2684416K) Eden: 2583552K(2583552K)->0K(2580992K) From: 67200K(104960K)->83360K(103424K)
[1976.076s][info][gc,heap        ] GC(555) ParOldGen: 4547638K(5592576K)->4614398K(5592576K)
[1976.076s][info][gc,metaspace   ] GC(555) Metaspace: 136052K(137408K)->136052K(137408K) NonClass: 115053K(115840K)->115053K(115840K) Class: 20998K(21568K)->20998K(21568K)
[1976.076s][info][gc             ] GC(555) Pause Young (Allocation Failure) 7029M->4587M(8083M) 49.661ms
[1976.076s][info][gc,cpu         ] GC(555) User=0.38s Sys=0.00s Real=0.05s
[1978.517s][info][gc,start       ] GC(556) Pause Young (Allocation Failure)
[1978.548s][info][gc,heap        ] GC(556) PSYoungGen: 2664352K(2684416K)->56512K(2688512K) Eden: 2580992K(2580992K)->0K(2580992K) From: 83360K(103424K)->56512K(107520K)
[1978.548s][info][gc,heap        ] GC(556) ParOldGen: 4614398K(5592576K)->4646992K(5592576K)
[1978.548s][info][gc,metaspace   ] GC(556) Metaspace: 136052K(137408K)->136052K(137408K) NonClass: 115054K(115840K)->115054K(115840K) Class: 20998K(21568K)->20998K(21568K)
[1978.548s][info][gc             ] GC(556) Pause Young (Allocation Failure) 7108M->4593M(8087M) 31.111ms
[1978.548s][info][gc,cpu         ] GC(556) User=0.25s Sys=0.00s Real=0.03s
[1982.289s][info][gc,start       ] GC(557) Pause Young (Allocation Failure)
[1982.317s][info][gc,heap        ] GC(557) PSYoungGen: 2637504K(2688512K)->42368K(2692608K) Eden: 2580992K(2580992K)->0K(2588160K) From: 56512K(107520K)->42368K(104448K)
[1982.317s][info][gc,heap        ] GC(557) ParOldGen: 4646992K(5592576K)->4686121K(5592576K)
[1982.317s][info][gc,metaspace   ] GC(557) Metaspace: 136052K(137408K)->136052K(137408K) NonClass: 115054K(115840K)->115054K(115840K) Class: 20998K(21568K)->20998K(21568K)
[1982.317s][info][gc             ] GC(557) Pause Young (Allocation Failure) 7113M->4617M(8091M) 28.121ms
[1982.317s][info][gc,cpu         ] GC(557) User=0.12s Sys=0.00s Real=0.03s
[1986.055s][info][gc,start       ] GC(558) Pause Young (Allocation Failure)
[1986.087s][info][gc,heap        ] GC(558) PSYoungGen: 2630528K(2692608K)->50880K(2691584K) Eden: 2588160K(2588160K)->0K(2588160K) From: 42368K(104448K)->50880K(103424K)
[1986.087s][info][gc,heap        ] GC(558) ParOldGen: 4686121K(5592576K)->4728023K(5592576K)
[1986.087s][info][gc,metaspace   ] GC(558) Metaspace: 136052K(137408K)->136052K(137408K) NonClass: 115054K(115840K)->115054K(115840K) Class: 20998K(21568K)->20998K(21568K)
[1986.087s][info][gc             ] GC(558) Pause Young (Allocation Failure) 7145M->4666M(8090M) 31.733ms
[1986.087s][info][gc,cpu         ] GC(558) User=0.25s Sys=0.00s Real=0.03s
[1989.677s][info][gc,start       ] GC(559) Pause Young (Allocation Failure)
[1989.712s][info][gc,heap        ] GC(559) PSYoungGen: 2639040K(2691584K)->56096K(2699264K) Eden: 2588160K(2588160K)->0K(2598912K) From: 50880K(103424K)->56096K(100352K)
[1989.712s][info][gc,heap        ] GC(559) ParOldGen: 4728023K(5592576K)->4778867K(5592576K)
[1989.712s][info][gc,metaspace   ] GC(559) Metaspace: 136052K(137408K)->136052K(137408K) NonClass: 115054K(115840K)->115054K(115840K) Class: 20998K(21568K)->20998K(21568K)
[1989.712s][info][gc             ] GC(559) Pause Young (Allocation Failure) 7194M->4721M(8097M) 35.046ms
[1989.712s][info][gc,cpu         ] GC(559) User=0.38s Sys=0.00s Real=0.03s
[1993.164s][info][gc,start       ] GC(560) Pause Young (Allocation Failure)
[1993.206s][info][gc,heap        ] GC(560) PSYoungGen: 2655008K(2699264K)->62480K(2695680K) Eden: 2598912K(2598912K)->0K(2598912K) From: 56096K(100352K)->62480K(96768K)
[1993.206s][info][gc,heap        ] GC(560) ParOldGen: 4778867K(5592576K)->4834345K(5592576K)
[1993.206s][info][gc,metaspace   ] GC(560) Metaspace: 136052K(137408K)->136052K(137408K) NonClass: 115054K(115840K)->115054K(115840K) Class: 20998K(21568K)->20998K(21568K)
[1993.206s][info][gc             ] GC(560) Pause Young (Allocation Failure) 7259M->4782M(8094M) 41.900ms
[1993.206s][info][gc,cpu         ] GC(560) User=0.23s Sys=0.00s Real=0.04s
[1995.340s][info][gc,start       ] GC(561) Pause Young (GCLocker Initiated GC)
[1995.385s][info][gc,heap        ] GC(561) PSYoungGen: 2661392K(2695680K)->76560K(2695680K) Eden: 2598912K(2598912K)->0K(2601472K) From: 62480K(96768K)->76560K(94208K)
[1995.385s][info][gc,heap        ] GC(561) ParOldGen: 4834361K(5592576K)->4894993K(5592576K)
[1995.385s][info][gc,metaspace   ] GC(561) Metaspace: 136052K(137408K)->136052K(137408K) NonClass: 115054K(115840K)->115054K(115840K) Class: 20998K(21568K)->20998K(21568K)
[1995.385s][info][gc             ] GC(561) Pause Young (GCLocker Initiated GC) 7320M->4855M(8094M) 44.414ms
[1995.385s][info][gc,cpu         ] GC(561) User=0.38s Sys=0.00s Real=0.04s
[1999.247s][info][gc,start       ] GC(562) Pause Young (Allocation Failure)
[1999.275s][info][gc,heap        ] GC(562) PSYoungGen: 2678032K(2695680K)->40624K(2698752K) Eden: 2601472K(2601472K)->0K(2601472K) From: 76560K(94208K)->40624K(97280K)
[1999.275s][info][gc,heap        ] GC(562) ParOldGen: 4894995K(5592576K)->4935451K(5592576K)
[1999.275s][info][gc,metaspace   ] GC(562) Metaspace: 136053K(137408K)->136053K(137408K) NonClass: 115055K(115840K)->115055K(115840K) Class: 20998K(21568K)->20998K(21568K)
[1999.275s][info][gc             ] GC(562) Pause Young (Allocation Failure) 7395M->4859M(8097M) 27.857ms
[1999.275s][info][gc,cpu         ] GC(562) User=0.25s Sys=0.00s Real=0.03s
[2002.980s][info][gc,start       ] GC(563) Pause Young (Allocation Failure)
[2003.011s][info][gc,heap        ] GC(563) PSYoungGen: 2642096K(2698752K)->50688K(2701312K) Eden: 2601472K(2601472K)->0K(2604032K) From: 40624K(97280K)->50688K(97280K)
[2003.011s][info][gc,heap        ] GC(563) ParOldGen: 4935451K(5592576K)->4975714K(5592576K)
[2003.011s][info][gc,metaspace   ] GC(563) Metaspace: 136053K(137408K)->136053K(137408K) NonClass: 115055K(115840K)->115055K(115840K) Class: 20998K(21568K)->20998K(21568K)
[2003.011s][info][gc             ] GC(563) Pause Young (Allocation Failure) 7399M->4908M(8099M) 30.728ms
[2003.011s][info][gc,cpu         ] GC(563) User=0.25s Sys=0.00s Real=0.03s
[2006.609s][info][gc,start       ] GC(564) Pause Young (GCLocker Initiated GC)
[2006.643s][info][gc,heap        ] GC(564) PSYoungGen: 2654720K(2701312K)->53680K(2698752K) Eden: 2604032K(2604032K)->0K(2604032K) From: 50688K(97280K)->53680K(94720K)
[2006.643s][info][gc,heap        ] GC(564) ParOldGen: 4975715K(5592576K)->5026084K(5592576K)
[2006.643s][info][gc,metaspace   ] GC(564) Metaspace: 136054K(137408K)->136054K(137408K) NonClass: 115055K(115840K)->115055K(115840K) Class: 20998K(21568K)->20998K(21568K)
[2006.643s][info][gc             ] GC(564) Pause Young (GCLocker Initiated GC) 7451M->4960M(8097M) 34.698ms
[2006.643s][info][gc,cpu         ] GC(564) User=0.25s Sys=0.00s Real=0.03s
[2010.116s][info][gc,start       ] GC(565) Pause Young (Allocation Failure)
[2010.156s][info][gc,heap        ] GC(565) PSYoungGen: 2657712K(2698752K)->69648K(2702336K) Eden: 2604032K(2604032K)->0K(2610688K) From: 53680K(94720K)->69648K(91648K)
[2010.156s][info][gc,heap        ] GC(565) ParOldGen: 5026087K(5592576K)->5079183K(5592576K)
[2010.156s][info][gc,metaspace   ] GC(565) Metaspace: 136054K(137408K)->136054K(137408K) NonClass: 115055K(115840K)->115055K(115840K) Class: 20998K(21568K)->20998K(21568K)
[2010.156s][info][gc             ] GC(565) Pause Young (Allocation Failure) 7503M->5028M(8100M) 39.726ms
[2010.156s][info][gc,cpu         ] GC(565) User=0.25s Sys=0.00s Real=0.04s
[2013.212s][info][gc,start       ] GC(566) Pause Young (Allocation Failure)
[2013.288s][info][gc,heap        ] GC(566) PSYoungGen: 2680336K(2702336K)->92640K(2703360K) Eden: 2610688K(2610688K)->0K(2610688K) From: 69648K(91648K)->92640K(92672K)
[2013.288s][info][gc,heap        ] GC(566) ParOldGen: 5079183K(5592576K)->5162379K(5592576K)
[2013.288s][info][gc,metaspace   ] GC(566) Metaspace: 136054K(137408K)->136054K(137408K) NonClass: 115056K(115840K)->115056K(115840K) Class: 20998K(21568K)->20998K(21568K)
[2013.288s][info][gc             ] GC(566) Pause Young (Allocation Failure) 7577M->5131M(8101M) 75.778ms
[2013.288s][info][gc,cpu         ] GC(566) User=0.61s Sys=0.00s Real=0.07s
[2016.521s][info][gc,start       ] GC(567) Pause Young (Allocation Failure)
[2016.554s][info][gc,heap        ] GC(567) PSYoungGen: 2703328K(2703360K)->42352K(2625536K) Eden: 2610688K(2610688K)->0K(2532864K) From: 92640K(92672K)->42352K(92672K)
[2016.554s][info][gc,heap        ] GC(567) ParOldGen: 5162379K(5592576K)->5215780K(5592576K)
[2016.554s][info][gc,metaspace   ] GC(567) Metaspace: 136057K(137408K)->136057K(137408K) NonClass: 115059K(115840K)->115059K(115840K) Class: 20998K(21568K)->20998K(21568K)
[2016.554s][info][gc             ] GC(567) Pause Young (Allocation Failure) 7681M->5134M(8025M) 33.974ms
[2016.555s][info][gc,cpu         ] GC(567) User=0.38s Sys=0.00s Real=0.03s
[2020.126s][info][gc,start       ] GC(568) Pause Young (Allocation Failure)
[2020.166s][info][gc,heap        ] GC(568) PSYoungGen: 2575216K(2625536K)->66192K(2664448K) Eden: 2532864K(2532864K)->0K(2532864K) From: 42352K(92672K)->66192K(131584K)
[2020.166s][info][gc,heap        ] GC(568) ParOldGen: 5215780K(5592576K)->5256458K(5592576K)
[2020.166s][info][gc,metaspace   ] GC(568) Metaspace: 136062K(137408K)->136062K(137408K) NonClass: 115064K(115840K)->115064K(115840K) Class: 20998K(21568K)->20998K(21568K)
[2020.166s][info][gc             ] GC(568) Pause Young (Allocation Failure) 7608M->5197M(8063M) 39.554ms
[2020.166s][info][gc,cpu         ] GC(568) User=0.38s Sys=0.00s Real=0.04s
[2023.760s][info][gc,start       ] GC(569) Pause Young (Allocation Failure)
[2023.805s][info][gc,heap        ] GC(569) PSYoungGen: 2599056K(2664448K)->60832K(2675200K) Eden: 2532864K(2532864K)->0K(2549760K) From: 66192K(131584K)->60832K(125440K)
[2023.805s][info][gc,heap        ] GC(569) ParOldGen: 5256458K(5592576K)->5318657K(5592576K)
[2023.805s][info][gc,metaspace   ] GC(569) Metaspace: 136062K(137408K)->136062K(137408K) NonClass: 115064K(115840K)->115064K(115840K) Class: 20998K(21568K)->20998K(21568K)
[2023.805s][info][gc             ] GC(569) Pause Young (Allocation Failure) 7671M->5253M(8074M) 44.214ms
[2023.805s][info][gc,cpu         ] GC(569) User=0.38s Sys=0.00s Real=0.04s
[2027.048s][info][gc,start       ] GC(570) Pause Young (Allocation Failure)
[2027.100s][info][gc,heap        ] GC(570) PSYoungGen: 2610592K(2675200K)->64176K(2670592K) Eden: 2549760K(2549760K)->0K(2549760K) From: 60832K(125440K)->64176K(120832K)
[2027.100s][info][gc,heap        ] GC(570) ParOldGen: 5318657K(5592576K)->5379728K(5592576K)
[2027.100s][info][gc,metaspace   ] GC(570) Metaspace: 136063K(137408K)->136063K(137408K) NonClass: 115065K(115840K)->115065K(115840K) Class: 20998K(21568K)->20998K(21568K)
[2027.100s][info][gc             ] GC(570) Pause Young (Allocation Failure) 7743M->5316M(8069M) 51.449ms
[2027.100s][info][gc,cpu         ] GC(570) User=0.44s Sys=0.00s Real=0.05s
[2031.988s][info][gc,start       ] GC(571) Pause Young (Allocation Failure)
[2032.041s][info][gc,heap        ] GC(571) PSYoungGen: 2613936K(2670592K)->62576K(2684416K) Eden: 2549760K(2549760K)->0K(2568704K) From: 64176K(120832K)->62576K(115712K)
[2032.041s][info][gc,heap        ] GC(571) ParOldGen: 5379728K(5592576K)->5444663K(5592576K)
[2032.041s][info][gc,metaspace   ] GC(571) Metaspace: 136063K(137408K)->136063K(137408K) NonClass: 115065K(115840K)->115065K(115840K) Class: 20998K(21568K)->20998K(21568K)
[2032.041s][info][gc             ] GC(571) Pause Young (Allocation Failure) 7806M->5378M(8083M) 52.984ms
[2032.042s][info][gc,cpu         ] GC(571) User=0.48s Sys=0.00s Real=0.05s
[2034.275s][info][gc,start       ] GC(572) Pause Young (GCLocker Initiated GC)
[2034.335s][info][gc,heap        ] GC(572) PSYoungGen: 2631280K(2684416K)->109104K(2669056K) Eden: 2568704K(2568704K)->0K(2559488K) From: 62576K(115712K)->109104K(109568K)
[2034.335s][info][gc,heap        ] GC(572) ParOldGen: 5444683K(5592576K)->5506835K(5592576K)
[2034.335s][info][gc,metaspace   ] GC(572) Metaspace: 136063K(137408K)->136063K(137408K) NonClass: 115065K(115840K)->115065K(115840K) Class: 20998K(21568K)->20998K(21568K)
[2034.335s][info][gc             ] GC(572) Pause Young (GCLocker Initiated GC) 7886M->5484M(8068M) 60.725ms
[2034.335s][info][gc,cpu         ] GC(572) User=0.50s Sys=0.00s Real=0.06s
[2038.148s][info][gc,start       ] GC(573) Pause Young (Allocation Failure)
[2038.190s][info][gc,heap        ] GC(573) PSYoungGen: 2668592K(2669056K)->42032K(2669056K) Eden: 2559488K(2559488K)->0K(2551296K) From: 109104K(109568K)->42032K(117760K)
[2038.190s][info][gc,heap        ] GC(573) ParOldGen: 5506837K(5592576K)->5559535K(5592576K)
[2038.190s][info][gc,metaspace   ] GC(573) Metaspace: 136063K(137408K)->136063K(137408K) NonClass: 115065K(115840K)->115065K(115840K) Class: 20998K(21568K)->20998K(21568K)
[2038.190s][info][gc             ] GC(573) Pause Young (Allocation Failure) 7983M->5470M(8068M) 41.634ms
[2038.190s][info][gc,cpu         ] GC(573) User=0.23s Sys=0.00s Real=0.04s
[2043.023s][info][gc,start       ] GC(574) Pause Full (Ergonomics)
[2043.023s][info][gc,phases,start] GC(574) Marking Phase
[2043.189s][info][gc,phases      ] GC(574) Marking Phase 165.124ms
[2043.189s][info][gc,phases,start] GC(574) Summary Phase
[2043.189s][info][gc,phases      ] GC(574) Summary Phase 0.122ms
[2043.189s][info][gc,phases,start] GC(574) Adjust Roots
[2043.195s][info][gc,phases      ] GC(574) Adjust Roots 6.624ms
[2043.195s][info][gc,phases,start] GC(574) Compaction Phase
[2043.254s][info][gc,phases      ] GC(574) Compaction Phase 58.201ms
[2043.254s][info][gc,phases,start] GC(574) Post Compact
[2043.279s][info][gc,phases      ] GC(574) Post Compact 25.429ms
[2043.279s][info][gc,heap        ] GC(574) PSYoungGen: 2593328K(2669056K)->0K(2673664K) Eden: 2551296K(2551296K)->0K(2551296K) From: 42032K(117760K)->0K(122368K)
[2043.279s][info][gc,heap        ] GC(574) ParOldGen: 5559535K(5592576K)->552648K(5592576K)
[2043.279s][info][gc,metaspace   ] GC(574) Metaspace: 136063K(137408K)->136063K(137408K) NonClass: 115065K(115840K)->115065K(115840K) Class: 20998K(21568K)->20998K(21568K)
[2043.279s][info][gc             ] GC(574) Pause Full (Ergonomics) 7961M->539M(8072M) 255.820ms
[2043.279s][info][gc,cpu         ] GC(574) User=1.06s Sys=0.02s Real=0.26s
[2046.946s][info][gc,start       ] GC(575) Pause Young (Allocation Failure)
[2046.964s][info][gc,heap        ] GC(575) PSYoungGen: 2551296K(2673664K)->53552K(2676736K) Eden: 2551296K(2551296K)->0K(2554368K) From: 0K(122368K)->53552K(122368K)
[2046.964s][info][gc,heap        ] GC(575) ParOldGen: 552648K(5592576K)->552648K(5592576K)
[2046.964s][info][gc,metaspace   ] GC(575) Metaspace: 136063K(137408K)->136063K(137408K) NonClass: 115065K(115840K)->115065K(115840K) Class: 20998K(21568K)->20998K(21568K)
[2046.964s][info][gc             ] GC(575) Pause Young (Allocation Failure) 3031M->591M(8075M) 17.873ms
[2046.964s][info][gc,cpu         ] GC(575) User=0.12s Sys=0.00s Real=0.02s
[2051.668s][info][gc,start       ] GC(576) Pause Young (Allocation Failure)
[2051.701s][info][gc,heap        ] GC(576) PSYoungGen: 2607920K(2676736K)->64577K(2673664K) Eden: 2554368K(2554368K)->0K(2554368K) From: 53552K(122368K)->64577K(119296K)
[2051.701s][info][gc,heap        ] GC(576) ParOldGen: 552648K(5592576K)->606132K(5592576K)
[2051.701s][info][gc,metaspace   ] GC(576) Metaspace: 136063K(137408K)->136063K(137408K) NonClass: 115065K(115840K)->115065K(115840K) Class: 20998K(21568K)->20998K(21568K)
[2051.701s][info][gc             ] GC(576) Pause Young (Allocation Failure) 3086M->654M(8072M) 32.894ms
[2051.701s][info][gc,cpu         ] GC(576) User=0.25s Sys=0.00s Real=0.03s
[2054.693s][info][gc,start       ] GC(577) Pause Young (Allocation Failure)
[2054.735s][info][gc,heap        ] GC(577) PSYoungGen: 2618945K(2673664K)->70512K(2684928K) Eden: 2554368K(2554368K)->0K(2570240K) From: 64577K(119296K)->70512K(114688K)
[2054.735s][info][gc,heap        ] GC(577) ParOldGen: 606132K(5592576K)->670791K(5592576K)
[2054.735s][info][gc,metaspace   ] GC(577) Metaspace: 136070K(137408K)->136070K(137408K) NonClass: 115072K(115840K)->115072K(115840K) Class: 20998K(21568K)->20998K(21568K)
[2054.735s][info][gc             ] GC(577) Pause Young (Allocation Failure) 3149M->723M(8083M) 41.984ms
[2054.736s][info][gc,cpu         ] GC(577) User=0.25s Sys=0.00s Real=0.04s
[2057.356s][info][gc,start       ] GC(578) Pause Young (Allocation Failure)
[2057.383s][info][gc,heap        ] GC(578) PSYoungGen: 2640752K(2684928K)->61904K(2681344K) Eden: 2570240K(2570240K)->0K(2570240K) From: 70512K(114688K)->61904K(111104K)
[2057.383s][info][gc,heap        ] GC(578) ParOldGen: 670791K(5592576K)->700241K(5592576K)
[2057.383s][info][gc,metaspace   ] GC(578) Metaspace: 136070K(137408K)->136070K(137408K) NonClass: 115072K(115840K)->115072K(115840K) Class: 20998K(21568K)->20998K(21568K)
[2057.383s][info][gc             ] GC(578) Pause Young (Allocation Failure) 3233M->744M(8080M) 27.080ms
[2057.383s][info][gc,cpu         ] GC(578) User=0.23s Sys=0.00s Real=0.03s
[2061.237s][info][gc,start       ] GC(579) Pause Young (Allocation Failure)
[2061.262s][info][gc,heap        ] GC(579) PSYoungGen: 2632144K(2681344K)->47408K(2689536K) Eden: 2570240K(2570240K)->0K(2582016K) From: 61904K(111104K)->47408K(107520K)
[2061.262s][info][gc,heap        ] GC(579) ParOldGen: 700241K(5592576K)->744128K(5592576K)
[2061.262s][info][gc,metaspace   ] GC(579) Metaspace: 136078K(137408K)->136078K(137408K) NonClass: 115080K(115840K)->115080K(115840K) Class: 20998K(21568K)->20998K(21568K)
[2061.263s][info][gc             ] GC(579) Pause Young (Allocation Failure) 3254M->772M(8088M) 25.974ms
[2061.263s][info][gc,cpu         ] GC(579) User=0.25s Sys=0.00s Real=0.03s
[2064.940s][info][gc,start       ] GC(580) Pause Young (Allocation Failure)
[2064.971s][info][gc,heap        ] GC(580) PSYoungGen: 2629424K(2689536K)->54448K(2688512K) Eden: 2582016K(2582016K)->0K(2582016K) From: 47408K(107520K)->54448K(106496K)
[2064.971s][info][gc,heap        ] GC(580) ParOldGen: 744128K(5592576K)->791052K(5592576K)
[2064.971s][info][gc,metaspace   ] GC(580) Metaspace: 136078K(137408K)->136078K(137408K) NonClass: 115080K(115840K)->115080K(115840K) Class: 20998K(21568K)->20998K(21568K)
[2064.971s][info][gc             ] GC(580) Pause Young (Allocation Failure) 3294M->825M(8087M) 30.526ms
[2064.971s][info][gc,cpu         ] GC(580) User=0.25s Sys=0.00s Real=0.03s
[2069.207s][info][gc,start       ] GC(581) Pause Young (Allocation Failure)
[2069.239s][info][gc,heap        ] GC(581) PSYoungGen: 2636464K(2688512K)->58096K(2695168K) Eden: 2582016K(2582016K)->0K(2591232K) From: 54448K(106496K)->58096K(103936K)
[2069.239s][info][gc,heap        ] GC(581) ParOldGen: 791052K(5592576K)->844995K(5592576K)
[2069.239s][info][gc,metaspace   ] GC(581) Metaspace: 136078K(137408K)->136078K(137408K) NonClass: 115080K(115840K)->115080K(115840K) Class: 20998K(21568K)->20998K(21568K)
[2069.239s][info][gc             ] GC(581) Pause Young (Allocation Failure) 3347M->881M(8093M) 32.668ms
[2069.239s][info][gc,cpu         ] GC(581) User=0.25s Sys=0.00s Real=0.03s
[2073.679s][info][gc,start       ] GC(582) Pause Young (Allocation Failure)
[2073.714s][info][gc,heap        ] GC(582) PSYoungGen: 2649328K(2695168K)->62048K(2692096K) Eden: 2591232K(2591232K)->0K(2591232K) From: 58096K(103936K)->62048K(100864K)
[2073.714s][info][gc,heap        ] GC(582) ParOldGen: 844995K(5592576K)->903215K(5592576K)
[2073.714s][info][gc,metaspace   ] GC(582) Metaspace: 136078K(137408K)->136078K(137408K) NonClass: 115080K(115840K)->115080K(115840K) Class: 20998K(21568K)->20998K(21568K)
[2073.714s][info][gc             ] GC(582) Pause Young (Allocation Failure) 3412M->942M(8090M) 34.839ms
[2073.714s][info][gc,cpu         ] GC(582) User=0.25s Sys=0.00s Real=0.04s
[2076.120s][info][gc,start       ] GC(583) Pause Young (GCLocker Initiated GC)
[2076.168s][info][gc,heap        ] GC(583) PSYoungGen: 2653280K(2692096K)->97264K(2631168K) Eden: 2591232K(2591232K)->0K(2533888K) From: 62048K(100864K)->97264K(97280K)
[2076.168s][info][gc,heap        ] GC(583) ParOldGen: 903217K(5592576K)->970035K(5592576K)
[2076.168s][info][gc,metaspace   ] GC(583) Metaspace: 136078K(137408K)->136078K(137408K) NonClass: 115080K(115840K)->115080K(115840K) Class: 20998K(21568K)->20998K(21568K)
[2076.168s][info][gc             ] GC(583) Pause Young (GCLocker Initiated GC) 3473M->1042M(8031M) 48.144ms
[2076.168s][info][gc,cpu         ] GC(583) User=0.36s Sys=0.00s Real=0.05s
[2079.883s][info][gc,start       ] GC(584) Pause Young (GCLocker Initiated GC)
[2079.910s][info][gc,heap        ] GC(584) PSYoungGen: 2631152K(2631168K)->44688K(2664960K) Eden: 2533888K(2533888K)->0K(2533888K) From: 97264K(97280K)->44688K(131072K)
[2079.910s][info][gc,heap        ] GC(584) ParOldGen: 970037K(5592576K)->1019105K(5592576K)
[2079.910s][info][gc,metaspace   ] GC(584) Metaspace: 136078K(137408K)->136078K(137408K) NonClass: 115080K(115840K)->115080K(115840K) Class: 20998K(21568K)->20998K(21568K)
[2079.910s][info][gc             ] GC(584) Pause Young (GCLocker Initiated GC) 3516M->1038M(8064M) 27.530ms
[2079.910s][info][gc,cpu         ] GC(584) User=0.12s Sys=0.00s Real=0.03s
[2083.592s][info][gc,start       ] GC(585) Pause Young (Allocation Failure)
[2083.623s][info][gc,heap        ] GC(585) PSYoungGen: 2578576K(2664960K)->56272K(2669568K) Eden: 2533888K(2533888K)->0K(2539520K) From: 44688K(131072K)->56272K(130048K)
[2083.623s][info][gc,heap        ] GC(585) ParOldGen: 1019107K(5592576K)->1060794K(5592576K)
[2083.623s][info][gc,metaspace   ] GC(585) Metaspace: 136078K(137408K)->136078K(137408K) NonClass: 115080K(115840K)->115080K(115840K) Class: 20998K(21568K)->20998K(21568K)
[2083.623s][info][gc             ] GC(585) Pause Young (Allocation Failure) 3513M->1090M(8068M) 30.497ms
[2083.623s][info][gc,cpu         ] GC(585) User=0.25s Sys=0.00s Real=0.03s
[2087.069s][info][gc,start       ] GC(586) Pause Young (Allocation Failure)
[2087.098s][info][gc,heap        ] GC(586) PSYoungGen: 2595792K(2669568K)->51424K(2665984K) Eden: 2539520K(2539520K)->0K(2539520K) From: 56272K(130048K)->51424K(126464K)
[2087.098s][info][gc,heap        ] GC(586) ParOldGen: 1060794K(5592576K)->1116343K(5592576K)
[2087.098s][info][gc,metaspace   ] GC(586) Metaspace: 136078K(137408K)->136078K(137408K) NonClass: 115080K(115840K)->115080K(115840K) Class: 20998K(21568K)->20998K(21568K)
[2087.098s][info][gc             ] GC(586) Pause Young (Allocation Failure) 3570M->1140M(8065M) 29.381ms
[2087.098s][info][gc,cpu         ] GC(586) User=0.12s Sys=0.00s Real=0.03s
[2090.318s][info][gc,start       ] GC(587) Pause Young (Allocation Failure)
[2090.351s][info][gc,heap        ] GC(587) PSYoungGen: 2590944K(2665984K)->65504K(2677760K) Eden: 2539520K(2539520K)->0K(2553856K) From: 51424K(126464K)->65504K(123904K)
[2090.351s][info][gc,heap        ] GC(587) ParOldGen: 1116343K(5592576K)->1167485K(5592576K)
[2090.351s][info][gc,metaspace   ] GC(587) Metaspace: 136078K(137408K)->136078K(137408K) NonClass: 115080K(115840K)->115080K(115840K) Class: 20998K(21568K)->20998K(21568K)
[2090.351s][info][gc             ] GC(587) Pause Young (Allocation Failure) 3620M->1204M(8076M) 32.634ms
[2090.351s][info][gc,cpu         ] GC(587) User=0.25s Sys=0.00s Real=0.03s
[2092.975s][info][gc,start       ] GC(588) Pause Young (Allocation Failure)
[2093.020s][info][gc,heap        ] GC(588) PSYoungGen: 2619360K(2677760K)->92976K(2672128K) Eden: 2553856K(2553856K)->0K(2553856K) From: 65504K(123904K)->92976K(118272K)
[2093.020s][info][gc,heap        ] GC(588) ParOldGen: 1167485K(5592576K)->1229585K(5592576K)
[2093.020s][info][gc,metaspace   ] GC(588) Metaspace: 136078K(137408K)->136078K(137408K) NonClass: 115080K(115840K)->115080K(115840K) Class: 20998K(21568K)->20998K(21568K)
[2093.020s][info][gc             ] GC(588) Pause Young (Allocation Failure) 3698M->1291M(8071M) 44.902ms
[2093.020s][info][gc,cpu         ] GC(588) User=0.25s Sys=0.00s Real=0.05s
[2097.120s][info][gc,start       ] GC(589) Pause Young (Allocation Failure)
[2097.146s][info][gc,heap        ] GC(589) PSYoungGen: 2646832K(2672128K)->43552K(2674176K) Eden: 2553856K(2553856K)->0K(2551296K) From: 92976K(118272K)->43552K(122880K)
[2097.146s][info][gc,heap        ] GC(589) ParOldGen: 1229585K(5592576K)->1274936K(5592576K)
[2097.146s][info][gc,metaspace   ] GC(589) Metaspace: 136078K(137408K)->136078K(137408K) NonClass: 115080K(115840K)->115080K(115840K) Class: 20998K(21568K)->20998K(21568K)
[2097.146s][info][gc             ] GC(589) Pause Young (Allocation Failure) 3785M->1287M(8073M) 25.956ms
[2097.146s][info][gc,cpu         ] GC(589) User=0.12s Sys=0.00s Real=0.02s
[2100.668s][info][gc,start       ] GC(590) Pause Young (Allocation Failure)
[2100.705s][info][gc,heap        ] GC(590) PSYoungGen: 2594848K(2674176K)->53488K(2673152K) Eden: 2551296K(2551296K)->0K(2551296K) From: 43552K(122880K)->53488K(121856K)
[2100.705s][info][gc,heap        ] GC(590) ParOldGen: 1274936K(5592576K)->1317932K(5592576K)
[2100.705s][info][gc,metaspace   ] GC(590) Metaspace: 136078K(137408K)->136078K(137408K) NonClass: 115080K(115840K)->115080K(115840K) Class: 20998K(21568K)->20998K(21568K)
[2100.705s][info][gc             ] GC(590) Pause Young (Allocation Failure) 3779M->1339M(8072M) 36.999ms
[2100.705s][info][gc,cpu         ] GC(590) User=0.25s Sys=0.00s Real=0.04s
[2104.319s][info][gc,start       ] GC(591) Pause Young (Allocation Failure)
[2104.352s][info][gc,heap        ] GC(591) PSYoungGen: 2604784K(2673152K)->58912K(2681344K) Eden: 2551296K(2551296K)->0K(2562560K) From: 53488K(121856K)->58912K(118784K)
[2104.352s][info][gc,heap        ] GC(591) ParOldGen: 1317932K(5592576K)->1370494K(5592576K)
[2104.352s][info][gc,metaspace   ] GC(591) Metaspace: 136078K(137408K)->136078K(137408K) NonClass: 115080K(115840K)->115080K(115840K) Class: 20998K(21568K)->20998K(21568K)
[2104.352s][info][gc             ] GC(591) Pause Young (Allocation Failure) 3830M->1395M(8080M) 33.716ms
[2104.353s][info][gc,cpu         ] GC(591) User=0.23s Sys=0.00s Real=0.03s
[2107.652s][info][gc,start       ] GC(592) Pause Young (GCLocker Initiated GC)
[2107.686s][info][gc,heap        ] GC(592) PSYoungGen: 2621472K(2681344K)->66624K(2677248K) Eden: 2562560K(2562560K)->0K(2562560K) From: 58912K(118784K)->66624K(114688K)
[2107.686s][info][gc,heap        ] GC(592) ParOldGen: 1370496K(5592576K)->1425192K(5592576K)
[2107.686s][info][gc,metaspace   ] GC(592) Metaspace: 136078K(137408K)->136078K(137408K) NonClass: 115080K(115840K)->115080K(115840K) Class: 20998K(21568K)->20998K(21568K)
[2107.687s][info][gc             ] GC(592) Pause Young (GCLocker Initiated GC) 3898M->1456M(8076M) 34.095ms
[2107.687s][info][gc,cpu         ] GC(592) User=0.25s Sys=0.00s Real=0.03s
[2110.165s][info][gc,start       ] GC(593) Pause Young (Allocation Failure)
[2110.208s][info][gc,heap        ] GC(593) PSYoungGen: 2629184K(2677248K)->86400K(2678784K) Eden: 2562560K(2562560K)->0K(2568704K) From: 66624K(114688K)->86400K(110080K)
[2110.208s][info][gc,heap        ] GC(593) ParOldGen: 1425194K(5592576K)->1489504K(5592576K)
[2110.208s][info][gc,metaspace   ] GC(593) Metaspace: 136078K(137408K)->136078K(137408K) NonClass: 115080K(115840K)->115080K(115840K) Class: 20998K(21568K)->20998K(21568K)
[2110.208s][info][gc             ] GC(593) Pause Young (Allocation Failure) 3959M->1538M(8077M) 43.250ms
[2110.208s][info][gc,cpu         ] GC(593) User=0.25s Sys=0.00s Real=0.04s
[2113.529s][info][gc,start       ] GC(594) Pause Young (Allocation Failure)
[2113.555s][info][gc,heap        ] GC(594) PSYoungGen: 2655104K(2678784K)->39776K(2682368K) Eden: 2568704K(2568704K)->0K(2568704K) From: 86400K(110080K)->39776K(113664K)
[2113.555s][info][gc,heap        ] GC(594) ParOldGen: 1489504K(5592576K)->1536629K(5592576K)
[2113.555s][info][gc,metaspace   ] GC(594) Metaspace: 136078K(137408K)->136078K(137408K) NonClass: 115080K(115840K)->115080K(115840K) Class: 20998K(21568K)->20998K(21568K)
[2113.555s][info][gc             ] GC(594) Pause Young (Allocation Failure) 4047M->1539M(8081M) 26.364ms
[2113.555s][info][gc,cpu         ] GC(594) User=0.25s Sys=0.00s Real=0.03s
[2117.320s][info][gc,start       ] GC(595) Pause Young (Allocation Failure)
[2117.352s][info][gc,heap        ] GC(595) PSYoungGen: 2608480K(2682368K)->54432K(2685440K) Eden: 2568704K(2568704K)->0K(2571776K) From: 39776K(113664K)->54432K(113664K)
[2117.352s][info][gc,heap        ] GC(595) ParOldGen: 1536629K(5592576K)->1575742K(5592576K)
[2117.352s][info][gc,metaspace   ] GC(595) Metaspace: 136079K(137408K)->136079K(137408K) NonClass: 115080K(115840K)->115080K(115840K) Class: 20998K(21568K)->20998K(21568K)
[2117.352s][info][gc             ] GC(595) Pause Young (Allocation Failure) 4047M->1591M(8084M) 31.551ms
[2117.352s][info][gc,cpu         ] GC(595) User=0.25s Sys=0.00s Real=0.03s
[2120.907s][info][gc,start       ] GC(596) Pause Young (Allocation Failure)
[2120.937s][info][gc,heap        ] GC(596) PSYoungGen: 2626208K(2685440K)->53920K(2682368K) Eden: 2571776K(2571776K)->0K(2571776K) From: 54432K(113664K)->53920K(110592K)
[2120.937s][info][gc,heap        ] GC(596) ParOldGen: 1575742K(5592576K)->1628814K(5592576K)
[2120.937s][info][gc,metaspace   ] GC(596) Metaspace: 136079K(137408K)->136079K(137408K) NonClass: 115080K(115840K)->115080K(115840K) Class: 20998K(21568K)->20998K(21568K)
[2120.937s][info][gc             ] GC(596) Pause Young (Allocation Failure) 4103M->1643M(8081M) 30.099ms
[2120.937s][info][gc,cpu         ] GC(596) User=0.25s Sys=0.00s Real=0.03s
[2124.364s][info][gc,start       ] GC(597) Pause Young (Allocation Failure)
[2124.398s][info][gc,heap        ] GC(597) PSYoungGen: 2625696K(2682368K)->56672K(2692096K) Eden: 2571776K(2571776K)->0K(2584576K) From: 53920K(110592K)->56672K(107520K)
[2124.398s][info][gc,heap        ] GC(597) ParOldGen: 1628814K(5592576K)->1682038K(5592576K)
[2124.398s][info][gc,metaspace   ] GC(597) Metaspace: 136079K(137408K)->136079K(137408K) NonClass: 115080K(115840K)->115080K(115840K) Class: 20998K(21568K)->20998K(21568K)
[2124.398s][info][gc             ] GC(597) Pause Young (Allocation Failure) 4154M->1697M(8090M) 34.007ms
[2124.398s][info][gc,cpu         ] GC(597) User=0.38s Sys=0.00s Real=0.03s
