OpenJDK 64-Bit Server VM (25.345-b01) for windows-amd64 JRE (1.8.0_345-b01), built on Aug  3 2022 09:57:30 by "build" with MS VC++ 10.0 (VS2010)
Memory: 4k page, physical 16485540k(8700644k free), swap 30637876k(12674904k free)
CommandLine flags: -XX:ActiveProcessorCount=8 -XX:InitialHeapSize=8589934592 -XX:MaxHeapSize=8589934592 -XX:+PrintGC -XX:+PrintGCDetails -XX:+PrintGCTimeStamps -XX:+UseCompressedClassPointers -XX:+UseCompressedOops -XX:+UseG1GC -XX:-UseLargePagesIndividualAllocation 
1.282: [GC pause (Metadata GC Threshold) (young) (initial-mark), 0.0107378 secs]
   [Parallel Time: 5.8 ms, GC Workers: 8]
      [GC Worker Start (ms): Min: 1281.7, Avg: 1281.7, Max: 1281.7, Diff: 0.1]
      [Ext Root Scanning (ms): Min: 1.1, Avg: 1.2, Max: 1.5, Diff: 0.4, Sum: 9.8]
      [Update RS (ms): Min: 0.0, Avg: 0.0, Max: 0.0, Diff: 0.0, Sum: 0.0]
         [Processed Buffers: Min: 0, Avg: 0.0, Max: 0, Diff: 0, Sum: 0]
      [Scan RS (ms): Min: 0.0, Avg: 0.0, Max: 0.0, Diff: 0.0, Sum: 0.0]
      [Code Root Scanning (ms): Min: 0.0, Avg: 0.2, Max: 0.8, Diff: 0.8, Sum: 1.4]
      [Object Copy (ms): Min: 3.4, Avg: 3.9, Max: 4.2, Diff: 0.8, Sum: 31.6]
      [Termination (ms): Min: 0.0, Avg: 0.0, Max: 0.0, Diff: 0.0, Sum: 0.0]
         [Termination Attempts: Min: 1, Avg: 23.0, Max: 32, Diff: 31, Sum: 184]
      [GC Worker Other (ms): Min: 0.0, Avg: 0.0, Max: 0.0, Diff: 0.0, Sum: 0.2]
      [GC Worker Total (ms): Min: 5.3, Avg: 5.4, Max: 5.4, Diff: 0.1, Sum: 43.0]
      [GC Worker End (ms): Min: 1287.1, Avg: 1287.1, Max: 1287.1, Diff: 0.0]
   [Code Root Fixup: 0.0 ms]
   [Code Root Purge: 0.0 ms]
   [Clear CT: 0.4 ms]
   [Other: 4.6 ms]
      [Choose CSet: 0.0 ms]
      [Ref Proc: 3.7 ms]
      [Ref Enq: 0.0 ms]
      [Redirty Cards: 0.4 ms]
      [Humongous Register: 0.0 ms]
      [Humongous Reclaim: 0.1 ms]
      [Free CSet: 0.1 ms]
   [Eden: 65536.0K(408.0M)->0.0B(392.0M) Survivors: 0.0B->16384.0K Heap: 237.2M(8192.0M)->16251.4K(8192.0M)]
 [Times: user=0.00 sys=0.00, real=0.01 secs] 
1.294: [GC concurrent-root-region-scan-start]
1.299: [GC concurrent-root-region-scan-end, 0.0052029 secs]
1.299: [GC concurrent-mark-start]
1.299: [GC concurrent-mark-end, 0.0003012 secs]
1.299: [GC remark 1.300: [Finalize Marking, 0.0000957 secs] 1.300: [GC ref-proc, 0.0000764 secs] 1.300: [Unloading, 0.0021775 secs], 0.0025895 secs]
 [Times: user=0.00 sys=0.00, real=0.00 secs] 
1.302: [GC cleanup 22317K->22317K(8192M), 0.0012879 secs]
 [Times: user=0.00 sys=0.00, real=0.00 secs] 
2.285: [GC pause (Metadata GC Threshold) (young) (initial-mark), 0.0348389 secs]
   [Parallel Time: 30.6 ms, GC Workers: 8]
      [GC Worker Start (ms): Min: 2285.6, Avg: 2285.6, Max: 2285.6, Diff: 0.0]
      [Ext Root Scanning (ms): Min: 0.8, Avg: 1.0, Max: 1.4, Diff: 0.6, Sum: 8.1]
      [Update RS (ms): Min: 0.0, Avg: 0.0, Max: 0.0, Diff: 0.0, Sum: 0.0]
         [Processed Buffers: Min: 0, Avg: 0.0, Max: 0, Diff: 0, Sum: 0]
      [Scan RS (ms): Min: 0.0, Avg: 0.0, Max: 0.0, Diff: 0.0, Sum: 0.1]
      [Code Root Scanning (ms): Min: 0.1, Avg: 0.6, Max: 3.4, Diff: 3.3, Sum: 4.8]
      [Object Copy (ms): Min: 25.7, Avg: 28.8, Max: 29.4, Diff: 3.7, Sum: 230.4]
      [Termination (ms): Min: 0.0, Avg: 0.0, Max: 0.0, Diff: 0.0, Sum: 0.0]
         [Termination Attempts: Min: 1, Avg: 1.6, Max: 4, Diff: 3, Sum: 13]
      [GC Worker Other (ms): Min: 0.0, Avg: 0.0, Max: 0.0, Diff: 0.0, Sum: 0.1]
      [GC Worker Total (ms): Min: 30.4, Avg: 30.4, Max: 30.4, Diff: 0.0, Sum: 243.4]
      [GC Worker End (ms): Min: 2316.0, Avg: 2316.0, Max: 2316.0, Diff: 0.0]
   [Code Root Fixup: 0.2 ms]
   [Code Root Purge: 0.1 ms]
   [Clear CT: 0.1 ms]
   [Other: 3.9 ms]
      [Choose CSet: 0.0 ms]
      [Ref Proc: 3.3 ms]
      [Ref Enq: 0.1 ms]
      [Redirty Cards: 0.1 ms]
      [Humongous Register: 0.0 ms]
      [Humongous Reclaim: 0.0 ms]
      [Free CSet: 0.1 ms]
   [Eden: 252.0M(392.0M)->0.0B(356.0M) Survivors: 16384.0K->53248.0K Heap: 267.8M(8192.0M)->64690.5K(8192.0M)]
 [Times: user=0.28 sys=0.03, real=0.03 secs] 
2.320: [GC concurrent-root-region-scan-start]
2.345: [GC concurrent-root-region-scan-end, 0.0244855 secs]
2.345: [GC concurrent-mark-start]
2.356: [GC concurrent-mark-end, 0.0112917 secs]
2.356: [GC remark 2.356: [Finalize Marking, 0.0002152 secs] 2.357: [GC ref-proc, 0.0001288 secs] 2.357: [Unloading, 0.0042874 secs], 0.0048969 secs]
 [Times: user=0.17 sys=0.00, real=0.01 secs] 
2.362: [GC cleanup 90343K->90343K(8192M), 0.0010702 secs]
 [Times: user=0.00 sys=0.00, real=0.00 secs] 
2.699: [GC pause (G1 Evacuation Pause) (young) (initial-mark), 0.0535404 secs]
   [Parallel Time: 51.0 ms, GC Workers: 8]
      [GC Worker Start (ms): Min: 2699.6, Avg: 2699.7, Max: 2699.7, Diff: 0.1]
      [Ext Root Scanning (ms): Min: 1.6, Avg: 1.8, Max: 2.1, Diff: 0.5, Sum: 14.1]
      [Update RS (ms): Min: 0.1, Avg: 0.3, Max: 1.0, Diff: 0.9, Sum: 2.2]
         [Processed Buffers: Min: 1, Avg: 1.1, Max: 2, Diff: 1, Sum: 9]
      [Scan RS (ms): Min: 0.9, Avg: 1.3, Max: 1.7, Diff: 0.8, Sum: 10.5]
      [Code Root Scanning (ms): Min: 0.0, Avg: 0.6, Max: 2.0, Diff: 2.0, Sum: 5.0]
      [Object Copy (ms): Min: 45.9, Avg: 46.7, Max: 47.2, Diff: 1.3, Sum: 373.9]
      [Termination (ms): Min: 0.0, Avg: 0.0, Max: 0.0, Diff: 0.0, Sum: 0.0]
         [Termination Attempts: Min: 1, Avg: 1.0, Max: 1, Diff: 0, Sum: 8]
      [GC Worker Other (ms): Min: 0.0, Avg: 0.0, Max: 0.0, Diff: 0.0, Sum: 0.1]
      [GC Worker Total (ms): Min: 50.7, Avg: 50.7, Max: 50.7, Diff: 0.1, Sum: 405.7]
      [GC Worker End (ms): Min: 2750.4, Avg: 2750.4, Max: 2750.4, Diff: 0.0]
   [Code Root Fixup: 0.2 ms]
   [Code Root Purge: 0.0 ms]
   [Clear CT: 0.1 ms]
   [Other: 2.3 ms]
      [Choose CSet: 0.0 ms]
      [Ref Proc: 1.7 ms]
      [Ref Enq: 0.0 ms]
      [Redirty Cards: 0.1 ms]
      [Humongous Register: 0.0 ms]
      [Humongous Reclaim: 0.0 ms]
      [Free CSet: 0.2 ms]
   [Eden: 356.0M(356.0M)->0.0B(372.0M) Survivors: 53248.0K->36864.0K Heap: 419.2M(8192.0M)->89658.5K(8192.0M)]
 [Times: user=0.52 sys=0.02, real=0.05 secs] 
2.753: [GC concurrent-root-region-scan-start]
2.803: [GC concurrent-root-region-scan-end, 0.0503001 secs]
2.803: [GC concurrent-mark-start]
2.882: [GC concurrent-mark-end, 0.0786561 secs]
2.882: [GC remark 2.882: [Finalize Marking, 0.0001383 secs] 2.882: [GC ref-proc, 0.0002739 secs] 2.883: [Unloading, 0.0057416 secs], 0.0065104 secs]
 [Times: user=0.00 sys=0.00, real=0.01 secs] 
2.889: [GC cleanup 379M->379M(8192M), 0.0012811 secs]
 [Times: user=0.16 sys=0.00, real=0.00 secs] 
2.923: [GC pause (G1 Evacuation Pause) (young), 0.0184361 secs]
   [Parallel Time: 17.1 ms, GC Workers: 8]
      [GC Worker Start (ms): Min: 2923.2, Avg: 2923.3, Max: 2923.3, Diff: 0.1]
      [Ext Root Scanning (ms): Min: 0.5, Avg: 0.9, Max: 3.7, Diff: 3.2, Sum: 7.5]
      [Update RS (ms): Min: 0.0, Avg: 0.8, Max: 1.7, Diff: 1.7, Sum: 6.2]
         [Processed Buffers: Min: 0, Avg: 2.6, Max: 4, Diff: 4, Sum: 21]
      [Scan RS (ms): Min: 0.0, Avg: 1.5, Max: 2.0, Diff: 2.0, Sum: 11.7]
      [Code Root Scanning (ms): Min: 0.0, Avg: 0.0, Max: 0.1, Diff: 0.1, Sum: 0.2]
      [Object Copy (ms): Min: 13.4, Avg: 13.8, Max: 14.0, Diff: 0.6, Sum: 110.6]
      [Termination (ms): Min: 0.0, Avg: 0.0, Max: 0.0, Diff: 0.0, Sum: 0.0]
         [Termination Attempts: Min: 1, Avg: 1.3, Max: 2, Diff: 1, Sum: 10]
      [GC Worker Other (ms): Min: 0.0, Avg: 0.0, Max: 0.1, Diff: 0.0, Sum: 0.2]
      [GC Worker Total (ms): Min: 17.0, Avg: 17.1, Max: 17.1, Diff: 0.0, Sum: 136.5]
      [GC Worker End (ms): Min: 2940.3, Avg: 2940.3, Max: 2940.4, Diff: 0.0]
   [Code Root Fixup: 0.0 ms]
   [Code Root Purge: 0.0 ms]
   [Clear CT: 0.1 ms]
   [Other: 1.2 ms]
      [Choose CSet: 0.0 ms]
      [Ref Proc: 0.6 ms]
      [Ref Enq: 0.0 ms]
      [Redirty Cards: 0.1 ms]
      [Humongous Register: 0.1 ms]
      [Humongous Reclaim: 0.0 ms]
      [Free CSet: 0.1 ms]
   [Eden: 372.0M(372.0M)->0.0B(388.0M) Survivors: 36864.0K->20480.0K Heap: 459.6M(8192.0M)->106.0M(8192.0M)]
 [Times: user=0.13 sys=0.00, real=0.02 secs] 
3.381: [GC pause (G1 Evacuation Pause) (young), 0.0073039 secs]
   [Parallel Time: 5.7 ms, GC Workers: 8]
      [GC Worker Start (ms): Min: 3381.1, Avg: 3381.2, Max: 3381.2, Diff: 0.1]
      [Ext Root Scanning (ms): Min: 0.6, Avg: 0.9, Max: 2.1, Diff: 1.5, Sum: 6.9]
      [Update RS (ms): Min: 0.0, Avg: 0.7, Max: 0.9, Diff: 0.9, Sum: 5.3]
         [Processed Buffers: Min: 0, Avg: 2.6, Max: 6, Diff: 6, Sum: 21]
      [Scan RS (ms): Min: 0.3, Avg: 0.6, Max: 0.7, Diff: 0.4, Sum: 5.0]
      [Code Root Scanning (ms): Min: 0.0, Avg: 0.0, Max: 0.1, Diff: 0.1, Sum: 0.2]
      [Object Copy (ms): Min: 3.2, Avg: 3.3, Max: 3.7, Diff: 0.5, Sum: 26.8]
      [Termination (ms): Min: 0.0, Avg: 0.0, Max: 0.0, Diff: 0.0, Sum: 0.0]
         [Termination Attempts: Min: 1, Avg: 5.3, Max: 9, Diff: 8, Sum: 42]
      [GC Worker Other (ms): Min: 0.0, Avg: 0.1, Max: 0.4, Diff: 0.4, Sum: 0.5]
      [GC Worker Total (ms): Min: 5.5, Avg: 5.6, Max: 5.6, Diff: 0.1, Sum: 44.7]
      [GC Worker End (ms): Min: 3386.7, Avg: 3386.7, Max: 3386.8, Diff: 0.0]
   [Code Root Fixup: 0.0 ms]
   [Code Root Purge: 0.0 ms]
   [Clear CT: 0.1 ms]
   [Other: 1.5 ms]
      [Choose CSet: 0.0 ms]
      [Ref Proc: 0.9 ms]
      [Ref Enq: 0.0 ms]
      [Redirty Cards: 0.0 ms]
      [Humongous Register: 0.1 ms]
      [Humongous Reclaim: 0.0 ms]
      [Free CSet: 0.1 ms]
   [Eden: 388.0M(388.0M)->0.0B(392.0M) Survivors: 20480.0K->16384.0K Heap: 494.0M(8192.0M)->101.1M(8192.0M)]
 [Times: user=0.00 sys=0.00, real=0.01 secs] 
3.598: [GC pause (G1 Evacuation Pause) (young), 0.0067486 secs]
   [Parallel Time: 5.1 ms, GC Workers: 8]
      [GC Worker Start (ms): Min: 3598.4, Avg: 3598.4, Max: 3598.4, Diff: 0.1]
      [Ext Root Scanning (ms): Min: 0.4, Avg: 0.7, Max: 2.0, Diff: 1.6, Sum: 5.6]
      [Update RS (ms): Min: 0.0, Avg: 0.6, Max: 0.9, Diff: 0.9, Sum: 5.0]
         [Processed Buffers: Min: 0, Avg: 2.4, Max: 6, Diff: 6, Sum: 19]
      [Scan RS (ms): Min: 0.0, Avg: 0.5, Max: 0.6, Diff: 0.6, Sum: 3.6]
      [Code Root Scanning (ms): Min: 0.0, Avg: 0.0, Max: 0.2, Diff: 0.2, Sum: 0.3]
      [Object Copy (ms): Min: 3.0, Avg: 3.2, Max: 3.3, Diff: 0.3, Sum: 25.5]
      [Termination (ms): Min: 0.0, Avg: 0.0, Max: 0.0, Diff: 0.0, Sum: 0.0]
         [Termination Attempts: Min: 1, Avg: 1.3, Max: 2, Diff: 1, Sum: 10]
      [GC Worker Other (ms): Min: 0.0, Avg: 0.0, Max: 0.0, Diff: 0.0, Sum: 0.1]
      [GC Worker Total (ms): Min: 5.0, Avg: 5.0, Max: 5.1, Diff: 0.1, Sum: 40.2]
      [GC Worker End (ms): Min: 3603.4, Avg: 3603.4, Max: 3603.4, Diff: 0.0]
   [Code Root Fixup: 0.0 ms]
   [Code Root Purge: 0.0 ms]
   [Clear CT: 0.2 ms]
   [Other: 1.5 ms]
      [Choose CSet: 0.0 ms]
      [Ref Proc: 0.7 ms]
      [Ref Enq: 0.0 ms]
      [Redirty Cards: 0.0 ms]
      [Humongous Register: 0.1 ms]
      [Humongous Reclaim: 0.0 ms]
      [Free CSet: 0.2 ms]
   [Eden: 392.0M(392.0M)->0.0B(1924.0M) Survivors: 16384.0K->12288.0K Heap: 493.1M(8192.0M)->100600.3K(8192.0M)]
 [Times: user=0.00 sys=0.00, real=0.01 secs] 
4.475: [GC pause (G1 Evacuation Pause) (young), 0.0107384 secs]
   [Parallel Time: 7.7 ms, GC Workers: 8]
      [GC Worker Start (ms): Min: 4475.0, Avg: 4475.1, Max: 4475.1, Diff: 0.1]
      [Ext Root Scanning (ms): Min: 0.8, Avg: 1.3, Max: 3.7, Diff: 3.0, Sum: 10.1]
      [Update RS (ms): Min: 0.0, Avg: 1.2, Max: 1.7, Diff: 1.7, Sum: 9.8]
         [Processed Buffers: Min: 0, Avg: 3.1, Max: 7, Diff: 7, Sum: 25]
      [Scan RS (ms): Min: 0.0, Avg: 0.5, Max: 0.8, Diff: 0.8, Sum: 4.1]
      [Code Root Scanning (ms): Min: 0.0, Avg: 0.0, Max: 0.3, Diff: 0.3, Sum: 0.4]
      [Object Copy (ms): Min: 3.8, Avg: 4.5, Max: 4.8, Diff: 0.9, Sum: 35.9]
      [Termination (ms): Min: 0.0, Avg: 0.0, Max: 0.0, Diff: 0.0, Sum: 0.0]
         [Termination Attempts: Min: 1, Avg: 1.0, Max: 1, Diff: 0, Sum: 8]
      [GC Worker Other (ms): Min: 0.0, Avg: 0.0, Max: 0.1, Diff: 0.0, Sum: 0.4]
      [GC Worker Total (ms): Min: 7.5, Avg: 7.6, Max: 7.6, Diff: 0.1, Sum: 60.6]
      [GC Worker End (ms): Min: 4482.6, Avg: 4482.6, Max: 4482.6, Diff: 0.0]
   [Code Root Fixup: 0.0 ms]
   [Code Root Purge: 0.0 ms]
   [Clear CT: 0.6 ms]
   [Other: 2.5 ms]
      [Choose CSet: 0.0 ms]
      [Ref Proc: 1.3 ms]
      [Ref Enq: 0.0 ms]
      [Redirty Cards: 0.0 ms]
      [Humongous Register: 0.1 ms]
      [Humongous Reclaim: 0.0 ms]
      [Free CSet: 0.5 ms]
   [Eden: 1924.0M(1924.0M)->0.0B(4900.0M) Survivors: 12288.0K->12288.0K Heap: 2022.2M(8192.0M)->100848.0K(8192.0M)]
 [Times: user=0.05 sys=0.00, real=0.01 secs] 
5.811: [GC pause (G1 Evacuation Pause) (young), 0.0101800 secs]
   [Parallel Time: 7.5 ms, GC Workers: 8]
      [GC Worker Start (ms): Min: 5811.8, Avg: 5811.9, Max: 5811.9, Diff: 0.1]
      [Ext Root Scanning (ms): Min: 0.4, Avg: 0.7, Max: 2.2, Diff: 1.8, Sum: 5.5]
      [Update RS (ms): Min: 0.0, Avg: 0.7, Max: 0.9, Diff: 0.8, Sum: 5.4]
         [Processed Buffers: Min: 0, Avg: 3.0, Max: 7, Diff: 7, Sum: 24]
      [Scan RS (ms): Min: 0.1, Avg: 0.8, Max: 1.0, Diff: 0.9, Sum: 6.2]
      [Code Root Scanning (ms): Min: 0.0, Avg: 0.2, Max: 0.8, Diff: 0.8, Sum: 1.3]
      [Object Copy (ms): Min: 4.2, Avg: 5.0, Max: 5.2, Diff: 1.0, Sum: 40.0]
      [Termination (ms): Min: 0.0, Avg: 0.0, Max: 0.0, Diff: 0.0, Sum: 0.0]
         [Termination Attempts: Min: 2, Avg: 2.8, Max: 4, Diff: 2, Sum: 22]
      [GC Worker Other (ms): Min: 0.0, Avg: 0.1, Max: 0.1, Diff: 0.1, Sum: 0.5]
      [GC Worker Total (ms): Min: 7.3, Avg: 7.4, Max: 7.4, Diff: 0.1, Sum: 58.9]
      [GC Worker End (ms): Min: 5819.2, Avg: 5819.2, Max: 5819.3, Diff: 0.1]
   [Code Root Fixup: 0.0 ms]
   [Code Root Purge: 0.0 ms]
   [Clear CT: 1.3 ms]
   [Other: 1.4 ms]
      [Choose CSet: 0.0 ms]
      [Ref Proc: 0.1 ms]
      [Ref Enq: 0.0 ms]
      [Redirty Cards: 0.2 ms]
      [Humongous Register: 0.1 ms]
      [Humongous Reclaim: 0.0 ms]
      [Free CSet: 0.7 ms]
   [Eden: 4900.0M(4900.0M)->0.0B(4896.0M) Survivors: 12288.0K->16384.0K Heap: 4998.5M(8192.0M)->103.4M(8192.0M)]
 [Times: user=0.00 sys=0.00, real=0.01 secs] 
21.018: [GC pause (G1 Evacuation Pause) (young), 0.0643488 secs]
   [Parallel Time: 55.0 ms, GC Workers: 8]
      [GC Worker Start (ms): Min: 21018.1, Avg: 21018.2, Max: 21018.3, Diff: 0.2]
      [Ext Root Scanning (ms): Min: 0.2, Avg: 0.6, Max: 3.1, Diff: 2.9, Sum: 5.1]
      [Update RS (ms): Min: 0.0, Avg: 0.9, Max: 1.2, Diff: 1.2, Sum: 7.4]
         [Processed Buffers: Min: 0, Avg: 4.3, Max: 11, Diff: 11, Sum: 34]
      [Scan RS (ms): Min: 1.5, Avg: 2.6, Max: 3.3, Diff: 1.8, Sum: 21.0]
      [Code Root Scanning (ms): Min: 0.0, Avg: 0.4, Max: 1.0, Diff: 1.0, Sum: 3.5]
      [Object Copy (ms): Min: 49.4, Avg: 49.8, Max: 50.1, Diff: 0.6, Sum: 398.8]
      [Termination (ms): Min: 0.0, Avg: 0.1, Max: 0.1, Diff: 0.1, Sum: 0.5]
         [Termination Attempts: Min: 1, Avg: 489.3, Max: 646, Diff: 645, Sum: 3914]
      [GC Worker Other (ms): Min: 0.0, Avg: 0.1, Max: 0.1, Diff: 0.1, Sum: 0.5]
      [GC Worker Total (ms): Min: 54.5, Avg: 54.6, Max: 54.7, Diff: 0.2, Sum: 436.8]
      [GC Worker End (ms): Min: 21072.7, Avg: 21072.8, Max: 21072.9, Diff: 0.1]
   [Code Root Fixup: 0.1 ms]
   [Code Root Purge: 0.2 ms]
   [Clear CT: 1.1 ms]
   [Other: 8.0 ms]
      [Choose CSet: 0.0 ms]
      [Ref Proc: 6.5 ms]
      [Ref Enq: 0.1 ms]
      [Redirty Cards: 0.3 ms]
      [Humongous Register: 0.0 ms]
      [Humongous Reclaim: 0.0 ms]
      [Free CSet: 0.8 ms]
   [Eden: 4896.0M(4896.0M)->0.0B(1240.0M) Survivors: 16384.0K->204.0M Heap: 5020.3M(8192.0M)->312.0M(8192.0M)]
 [Times: user=0.31 sys=0.09, real=0.06 secs] 
26.849: [GC pause (G1 Evacuation Pause) (young), 0.0650775 secs]
   [Parallel Time: 62.9 ms, GC Workers: 8]
      [GC Worker Start (ms): Min: 26849.3, Avg: 26849.3, Max: 26849.3, Diff: 0.1]
      [Ext Root Scanning (ms): Min: 0.4, Avg: 0.9, Max: 3.6, Diff: 3.3, Sum: 7.0]
      [Update RS (ms): Min: 0.0, Avg: 0.7, Max: 1.0, Diff: 1.0, Sum: 5.6]
         [Processed Buffers: Min: 0, Avg: 2.9, Max: 7, Diff: 7, Sum: 23]
      [Scan RS (ms): Min: 1.4, Avg: 3.1, Max: 3.6, Diff: 2.2, Sum: 24.5]
      [Code Root Scanning (ms): Min: 0.0, Avg: 0.7, Max: 2.6, Diff: 2.6, Sum: 5.8]
      [Object Copy (ms): Min: 55.7, Avg: 57.1, Max: 57.7, Diff: 2.0, Sum: 457.1]
      [Termination (ms): Min: 0.0, Avg: 0.0, Max: 0.0, Diff: 0.0, Sum: 0.3]
         [Termination Attempts: Min: 1, Avg: 227.9, Max: 312, Diff: 311, Sum: 1823]
      [GC Worker Other (ms): Min: 0.0, Avg: 0.0, Max: 0.0, Diff: 0.0, Sum: 0.2]
      [GC Worker Total (ms): Min: 62.5, Avg: 62.6, Max: 62.6, Diff: 0.1, Sum: 500.4]
      [GC Worker End (ms): Min: 26911.8, Avg: 26911.8, Max: 26911.9, Diff: 0.0]
   [Code Root Fixup: 0.1 ms]
   [Code Root Purge: 0.0 ms]
   [Clear CT: 0.5 ms]
   [Other: 1.6 ms]
      [Choose CSet: 0.0 ms]
      [Ref Proc: 0.6 ms]
      [Ref Enq: 0.0 ms]
      [Redirty Cards: 0.3 ms]
      [Humongous Register: 0.1 ms]
      [Humongous Reclaim: 0.0 ms]
      [Free CSet: 0.3 ms]
   [Eden: 824.0M(824.0M)->0.0B(2196.0M) Survivors: 204.0M->57344.0K Heap: 1136.0M(8192.0M)->277.9M(8192.0M)]
 [Times: user=0.48 sys=0.02, real=0.07 secs] 
41.968: [GC pause (G1 Evacuation Pause) (young), 0.0393882 secs]
   [Parallel Time: 36.5 ms, GC Workers: 8]
      [GC Worker Start (ms): Min: 41968.6, Avg: 41968.7, Max: 41968.7, Diff: 0.1]
      [Ext Root Scanning (ms): Min: 0.2, Avg: 0.4, Max: 1.4, Diff: 1.1, Sum: 3.6]
      [Update RS (ms): Min: 0.3, Avg: 1.1, Max: 1.3, Diff: 1.1, Sum: 8.6]
         [Processed Buffers: Min: 2, Avg: 4.9, Max: 9, Diff: 7, Sum: 39]
      [Scan RS (ms): Min: 0.8, Avg: 0.9, Max: 1.0, Diff: 0.2, Sum: 6.9]
      [Code Root Scanning (ms): Min: 0.0, Avg: 0.0, Max: 0.1, Diff: 0.1, Sum: 0.4]
      [Object Copy (ms): Min: 33.6, Avg: 33.7, Max: 33.7, Diff: 0.1, Sum: 269.5]
      [Termination (ms): Min: 0.0, Avg: 0.0, Max: 0.0, Diff: 0.0, Sum: 0.0]
         [Termination Attempts: Min: 1, Avg: 1.0, Max: 1, Diff: 0, Sum: 8]
      [GC Worker Other (ms): Min: 0.0, Avg: 0.0, Max: 0.1, Diff: 0.1, Sum: 0.2]
      [GC Worker Total (ms): Min: 36.1, Avg: 36.2, Max: 36.2, Diff: 0.1, Sum: 289.2]
      [GC Worker End (ms): Min: 42004.8, Avg: 42004.8, Max: 42004.8, Diff: 0.1]
   [Code Root Fixup: 0.0 ms]
   [Code Root Purge: 0.0 ms]
   [Clear CT: 0.6 ms]
   [Other: 2.3 ms]
      [Choose CSet: 0.0 ms]
      [Ref Proc: 1.4 ms]
      [Ref Enq: 0.0 ms]
      [Redirty Cards: 0.3 ms]
      [Humongous Register: 0.0 ms]
      [Humongous Reclaim: 0.0 ms]
      [Free CSet: 0.4 ms]
   [Eden: 2196.0M(2196.0M)->0.0B(612.0M) Survivors: 57344.0K->148.0M Heap: 2473.9M(8192.0M)->369.9M(8192.0M)]
 [Times: user=0.25 sys=0.00, real=0.04 secs] 
46.141: [GC pause (G1 Evacuation Pause) (young), 0.0475008 secs]
   [Parallel Time: 45.5 ms, GC Workers: 8]
      [GC Worker Start (ms): Min: 46140.9, Avg: 46141.0, Max: 46141.1, Diff: 0.2]
      [Ext Root Scanning (ms): Min: 0.1, Avg: 0.4, Max: 1.3, Diff: 1.1, Sum: 2.9]
      [Update RS (ms): Min: 0.0, Avg: 0.7, Max: 0.9, Diff: 0.9, Sum: 5.9]
         [Processed Buffers: Min: 0, Avg: 4.3, Max: 10, Diff: 10, Sum: 34]
      [Scan RS (ms): Min: 0.5, Avg: 0.6, Max: 0.7, Diff: 0.2, Sum: 5.0]
      [Code Root Scanning (ms): Min: 0.0, Avg: 0.1, Max: 0.1, Diff: 0.1, Sum: 0.4]
      [Object Copy (ms): Min: 43.5, Avg: 43.5, Max: 43.6, Diff: 0.1, Sum: 348.3]
      [Termination (ms): Min: 0.0, Avg: 0.0, Max: 0.0, Diff: 0.0, Sum: 0.0]
         [Termination Attempts: Min: 1, Avg: 22.4, Max: 33, Diff: 32, Sum: 179]
      [GC Worker Other (ms): Min: 0.0, Avg: 0.0, Max: 0.0, Diff: 0.0, Sum: 0.2]
      [GC Worker Total (ms): Min: 45.2, Avg: 45.3, Max: 45.4, Diff: 0.2, Sum: 362.7]
      [GC Worker End (ms): Min: 46186.3, Avg: 46186.3, Max: 46186.3, Diff: 0.0]
   [Code Root Fixup: 0.0 ms]
   [Code Root Purge: 0.0 ms]
   [Clear CT: 0.3 ms]
   [Other: 1.7 ms]
      [Choose CSet: 0.0 ms]
      [Ref Proc: 0.7 ms]
      [Ref Enq: 0.0 ms]
      [Redirty Cards: 0.3 ms]
      [Humongous Register: 0.0 ms]
      [Humongous Reclaim: 0.0 ms]
      [Free CSet: 0.3 ms]
   [Eden: 612.0M(612.0M)->0.0B(3524.0M) Survivors: 148.0M->40960.0K Heap: 981.9M(8192.0M)->465.3M(8192.0M)]
 [Times: user=0.33 sys=0.05, real=0.05 secs] 
68.157: [GC pause (GCLocker Initiated GC) (young), 0.0512096 secs]
   [Parallel Time: 47.4 ms, GC Workers: 8]
      [GC Worker Start (ms): Min: 68157.5, Avg: 68157.6, Max: 68157.7, Diff: 0.2]
      [Ext Root Scanning (ms): Min: 0.2, Avg: 0.4, Max: 1.2, Diff: 1.1, Sum: 3.0]
      [Update RS (ms): Min: 1.1, Avg: 1.7, Max: 1.9, Diff: 0.8, Sum: 13.8]
         [Processed Buffers: Min: 2, Avg: 5.9, Max: 14, Diff: 12, Sum: 47]
      [Scan RS (ms): Min: 1.1, Avg: 1.2, Max: 1.3, Diff: 0.2, Sum: 9.6]
      [Code Root Scanning (ms): Min: 0.0, Avg: 0.0, Max: 0.0, Diff: 0.0, Sum: 0.0]
      [Object Copy (ms): Min: 43.6, Avg: 43.7, Max: 43.7, Diff: 0.1, Sum: 349.3]
      [Termination (ms): Min: 0.0, Avg: 0.0, Max: 0.0, Diff: 0.0, Sum: 0.0]
         [Termination Attempts: Min: 1, Avg: 2.5, Max: 6, Diff: 5, Sum: 20]
      [GC Worker Other (ms): Min: 0.0, Avg: 0.1, Max: 0.2, Diff: 0.2, Sum: 0.6]
      [GC Worker Total (ms): Min: 46.9, Avg: 47.0, Max: 47.2, Diff: 0.3, Sum: 376.3]
      [GC Worker End (ms): Min: 68204.6, Avg: 68204.6, Max: 68204.7, Diff: 0.2]
   [Code Root Fixup: 0.0 ms]
   [Code Root Purge: 0.0 ms]
   [Clear CT: 0.9 ms]
   [Other: 2.9 ms]
      [Choose CSet: 0.0 ms]
      [Ref Proc: 1.3 ms]
      [Ref Enq: 0.0 ms]
      [Redirty Cards: 0.6 ms]
      [Humongous Register: 0.0 ms]
      [Humongous Reclaim: 0.0 ms]
      [Free CSet: 0.6 ms]
   [Eden: 3336.0M(3332.0M)->0.0B(2248.0M) Survivors: 40960.0K->180.0M Heap: 3799.3M(8192.0M)->605.3M(8192.0M)]
 [Times: user=0.38 sys=0.00, real=0.05 secs] 
83.395: [GC pause (G1 Evacuation Pause) (young), 0.0759467 secs]
   [Parallel Time: 73.0 ms, GC Workers: 8]
      [GC Worker Start (ms): Min: 83395.2, Avg: 83395.2, Max: 83395.3, Diff: 0.2]
      [Ext Root Scanning (ms): Min: 0.2, Avg: 0.4, Max: 1.4, Diff: 1.2, Sum: 3.2]
      [Update RS (ms): Min: 0.0, Avg: 1.0, Max: 1.4, Diff: 1.3, Sum: 8.0]
         [Processed Buffers: Min: 2, Avg: 4.5, Max: 8, Diff: 6, Sum: 36]
      [Scan RS (ms): Min: 0.8, Avg: 1.0, Max: 1.1, Diff: 0.3, Sum: 8.2]
      [Code Root Scanning (ms): Min: 0.0, Avg: 0.0, Max: 0.0, Diff: 0.0, Sum: 0.0]
      [Object Copy (ms): Min: 70.2, Avg: 70.2, Max: 70.2, Diff: 0.1, Sum: 561.6]
      [Termination (ms): Min: 0.0, Avg: 0.0, Max: 0.0, Diff: 0.0, Sum: 0.0]
         [Termination Attempts: Min: 1, Avg: 1.0, Max: 1, Diff: 0, Sum: 8]
      [GC Worker Other (ms): Min: 0.0, Avg: 0.0, Max: 0.1, Diff: 0.1, Sum: 0.3]
      [GC Worker Total (ms): Min: 72.6, Avg: 72.7, Max: 72.8, Diff: 0.3, Sum: 581.4]
      [GC Worker End (ms): Min: 83467.9, Avg: 83467.9, Max: 83468.0, Diff: 0.1]
   [Code Root Fixup: 0.0 ms]
   [Code Root Purge: 0.0 ms]
   [Clear CT: 0.8 ms]
   [Other: 2.1 ms]
      [Choose CSet: 0.0 ms]
      [Ref Proc: 1.0 ms]
      [Ref Enq: 0.0 ms]
      [Redirty Cards: 0.5 ms]
      [Humongous Register: 0.0 ms]
      [Humongous Reclaim: 0.0 ms]
      [Free CSet: 0.3 ms]
   [Eden: 2248.0M(2248.0M)->0.0B(2408.0M) Survivors: 180.0M->248.0M Heap: 2853.3M(8192.0M)->708.0M(8192.0M)]
 [Times: user=0.61 sys=0.01, real=0.08 secs] 
100.494: [GC pause (G1 Evacuation Pause) (young), 0.0890093 secs]
   [Parallel Time: 85.9 ms, GC Workers: 8]
      [GC Worker Start (ms): Min: 100494.4, Avg: 100494.5, Max: 100494.5, Diff: 0.1]
      [Ext Root Scanning (ms): Min: 0.2, Avg: 0.4, Max: 1.2, Diff: 1.0, Sum: 3.0]
      [Update RS (ms): Min: 0.3, Avg: 1.1, Max: 1.3, Diff: 1.0, Sum: 8.4]
         [Processed Buffers: Min: 1, Avg: 5.0, Max: 11, Diff: 10, Sum: 40]
      [Scan RS (ms): Min: 0.8, Avg: 1.0, Max: 1.1, Diff: 0.2, Sum: 7.7]
      [Code Root Scanning (ms): Min: 0.0, Avg: 0.0, Max: 0.0, Diff: 0.0, Sum: 0.0]
      [Object Copy (ms): Min: 83.1, Avg: 83.1, Max: 83.2, Diff: 0.1, Sum: 665.1]
      [Termination (ms): Min: 0.0, Avg: 0.0, Max: 0.0, Diff: 0.0, Sum: 0.0]
         [Termination Attempts: Min: 1, Avg: 1.0, Max: 1, Diff: 0, Sum: 8]
      [GC Worker Other (ms): Min: 0.0, Avg: 0.0, Max: 0.1, Diff: 0.1, Sum: 0.3]
      [GC Worker Total (ms): Min: 85.5, Avg: 85.6, Max: 85.6, Diff: 0.2, Sum: 684.6]
      [GC Worker End (ms): Min: 100580.0, Avg: 100580.0, Max: 100580.1, Diff: 0.1]
   [Code Root Fixup: 0.0 ms]
   [Code Root Purge: 0.1 ms]
   [Clear CT: 0.8 ms]
   [Other: 2.2 ms]
      [Choose CSet: 0.0 ms]
      [Ref Proc: 1.1 ms]
      [Ref Enq: 0.0 ms]
      [Redirty Cards: 0.3 ms]
      [Humongous Register: 0.0 ms]
      [Humongous Reclaim: 0.0 ms]
      [Free CSet: 0.4 ms]
   [Eden: 2408.0M(2408.0M)->0.0B(2240.0M) Survivors: 248.0M->220.0M Heap: 3116.0M(8192.0M)->816.0M(8192.0M)]
 [Times: user=0.70 sys=0.05, real=0.09 secs] 
116.261: [GC pause (G1 Evacuation Pause) (young), 0.0799017 secs]
   [Parallel Time: 76.8 ms, GC Workers: 8]
      [GC Worker Start (ms): Min: 116260.7, Avg: 116260.8, Max: 116260.9, Diff: 0.2]
      [Ext Root Scanning (ms): Min: 0.2, Avg: 0.4, Max: 1.1, Diff: 1.0, Sum: 2.8]
      [Update RS (ms): Min: 0.7, Avg: 1.4, Max: 1.6, Diff: 0.9, Sum: 10.9]
         [Processed Buffers: Min: 3, Avg: 6.3, Max: 12, Diff: 9, Sum: 50]
      [Scan RS (ms): Min: 0.7, Avg: 0.8, Max: 0.9, Diff: 0.2, Sum: 6.6]
      [Code Root Scanning (ms): Min: 0.0, Avg: 0.0, Max: 0.0, Diff: 0.0, Sum: 0.0]
      [Object Copy (ms): Min: 73.8, Avg: 73.8, Max: 73.9, Diff: 0.1, Sum: 590.8]
      [Termination (ms): Min: 0.0, Avg: 0.0, Max: 0.0, Diff: 0.0, Sum: 0.0]
         [Termination Attempts: Min: 1, Avg: 1.3, Max: 3, Diff: 2, Sum: 10]
      [GC Worker Other (ms): Min: 0.0, Avg: 0.0, Max: 0.1, Diff: 0.1, Sum: 0.3]
      [GC Worker Total (ms): Min: 76.4, Avg: 76.4, Max: 76.5, Diff: 0.2, Sum: 611.5]
      [GC Worker End (ms): Min: 116337.2, Avg: 116337.2, Max: 116337.3, Diff: 0.1]
   [Code Root Fixup: 0.0 ms]
   [Code Root Purge: 0.0 ms]
   [Clear CT: 0.9 ms]
   [Other: 2.2 ms]
      [Choose CSet: 0.0 ms]
      [Ref Proc: 1.1 ms]
      [Ref Enq: 0.0 ms]
      [Redirty Cards: 0.4 ms]
      [Humongous Register: 0.0 ms]
      [Humongous Reclaim: 0.0 ms]
      [Free CSet: 0.3 ms]
   [Eden: 2240.0M(2240.0M)->0.0B(2604.0M) Survivors: 220.0M->228.0M Heap: 3056.0M(8192.0M)->924.0M(8192.0M)]
 [Times: user=0.59 sys=0.03, real=0.08 secs] 
135.295: [GC pause (G1 Evacuation Pause) (young), 0.0891628 secs]
   [Parallel Time: 86.0 ms, GC Workers: 8]
      [GC Worker Start (ms): Min: 135295.3, Avg: 135295.3, Max: 135295.4, Diff: 0.1]
      [Ext Root Scanning (ms): Min: 0.3, Avg: 0.6, Max: 2.0, Diff: 1.7, Sum: 4.5]
      [Update RS (ms): Min: 0.8, Avg: 2.3, Max: 2.8, Diff: 2.0, Sum: 18.3]
         [Processed Buffers: Min: 4, Avg: 6.4, Max: 11, Diff: 7, Sum: 51]
      [Scan RS (ms): Min: 0.9, Avg: 1.3, Max: 1.4, Diff: 0.5, Sum: 10.1]
      [Code Root Scanning (ms): Min: 0.0, Avg: 0.0, Max: 0.0, Diff: 0.0, Sum: 0.1]
      [Object Copy (ms): Min: 81.5, Avg: 81.5, Max: 81.6, Diff: 0.1, Sum: 652.3]
      [Termination (ms): Min: 0.0, Avg: 0.0, Max: 0.0, Diff: 0.0, Sum: 0.0]
         [Termination Attempts: Min: 1, Avg: 1.0, Max: 1, Diff: 0, Sum: 8]
      [GC Worker Other (ms): Min: 0.0, Avg: 0.0, Max: 0.1, Diff: 0.1, Sum: 0.3]
      [GC Worker Total (ms): Min: 85.6, Avg: 85.7, Max: 85.7, Diff: 0.1, Sum: 685.6]
      [GC Worker End (ms): Min: 135381.0, Avg: 135381.0, Max: 135381.1, Diff: 0.1]
   [Code Root Fixup: 0.0 ms]
   [Code Root Purge: 0.0 ms]
   [Clear CT: 0.8 ms]
   [Other: 2.3 ms]
      [Choose CSet: 0.0 ms]
      [Ref Proc: 1.2 ms]
      [Ref Enq: 0.0 ms]
      [Redirty Cards: 0.2 ms]
      [Humongous Register: 0.1 ms]
      [Humongous Reclaim: 0.0 ms]
      [Free CSet: 0.6 ms]
   [Eden: 2604.0M(2604.0M)->0.0B(3368.0M) Survivors: 228.0M->240.0M Heap: 3528.0M(8192.0M)->1046.0M(8192.0M)]
 [Times: user=0.66 sys=0.09, real=0.09 secs] 
157.870: [GC pause (G1 Evacuation Pause) (young), 0.1141017 secs]
   [Parallel Time: 109.9 ms, GC Workers: 8]
      [GC Worker Start (ms): Min: 157870.3, Avg: 157870.3, Max: 157870.3, Diff: 0.1]
      [Ext Root Scanning (ms): Min: 0.2, Avg: 0.4, Max: 1.4, Diff: 1.1, Sum: 3.4]
      [Update RS (ms): Min: 1.1, Avg: 2.0, Max: 2.6, Diff: 1.6, Sum: 16.0]
         [Processed Buffers: Min: 3, Avg: 6.8, Max: 12, Diff: 9, Sum: 54]
      [Scan RS (ms): Min: 0.5, Avg: 1.0, Max: 1.2, Diff: 0.7, Sum: 8.3]
      [Code Root Scanning (ms): Min: 0.0, Avg: 0.0, Max: 0.0, Diff: 0.0, Sum: 0.1]
      [Object Copy (ms): Min: 106.1, Avg: 106.1, Max: 106.2, Diff: 0.1, Sum: 848.9]
      [Termination (ms): Min: 0.0, Avg: 0.0, Max: 0.0, Diff: 0.0, Sum: 0.0]
         [Termination Attempts: Min: 1, Avg: 1.0, Max: 1, Diff: 0, Sum: 8]
      [GC Worker Other (ms): Min: 0.0, Avg: 0.1, Max: 0.2, Diff: 0.1, Sum: 0.7]
      [GC Worker Total (ms): Min: 109.6, Avg: 109.7, Max: 109.8, Diff: 0.2, Sum: 877.4]
      [GC Worker End (ms): Min: 157979.9, Avg: 157980.0, Max: 157980.1, Diff: 0.1]
   [Code Root Fixup: 0.0 ms]
   [Code Root Purge: 0.0 ms]
   [Clear CT: 1.3 ms]
   [Other: 2.9 ms]
      [Choose CSet: 0.0 ms]
      [Ref Proc: 1.8 ms]
      [Ref Enq: 0.0 ms]
      [Redirty Cards: 0.2 ms]
      [Humongous Register: 0.1 ms]
      [Humongous Reclaim: 0.0 ms]
      [Free CSet: 0.6 ms]
   [Eden: 3368.0M(3368.0M)->0.0B(3856.0M) Survivors: 240.0M->280.0M Heap: 4414.0M(8192.0M)->1192.0M(8192.0M)]
 [Times: user=0.81 sys=0.03, real=0.11 secs] 
188.486: [GC pause (G1 Evacuation Pause) (young), 0.1163982 secs]
   [Parallel Time: 111.4 ms, GC Workers: 8]
      [GC Worker Start (ms): Min: 188485.7, Avg: 188485.8, Max: 188485.9, Diff: 0.1]
      [Ext Root Scanning (ms): Min: 0.2, Avg: 0.4, Max: 1.2, Diff: 1.1, Sum: 3.0]
      [Update RS (ms): Min: 0.8, Avg: 1.7, Max: 2.0, Diff: 1.2, Sum: 13.4]
         [Processed Buffers: Min: 4, Avg: 6.4, Max: 12, Diff: 8, Sum: 51]
      [Scan RS (ms): Min: 0.8, Avg: 1.0, Max: 1.1, Diff: 0.3, Sum: 8.0]
      [Code Root Scanning (ms): Min: 0.0, Avg: 0.0, Max: 0.0, Diff: 0.0, Sum: 0.1]
      [Object Copy (ms): Min: 108.0, Avg: 108.1, Max: 108.1, Diff: 0.1, Sum: 864.5]
      [Termination (ms): Min: 0.0, Avg: 0.0, Max: 0.0, Diff: 0.0, Sum: 0.0]
         [Termination Attempts: Min: 1, Avg: 1.0, Max: 1, Diff: 0, Sum: 8]
      [GC Worker Other (ms): Min: 0.0, Avg: 0.1, Max: 0.1, Diff: 0.1, Sum: 0.7]
      [GC Worker Total (ms): Min: 111.1, Avg: 111.2, Max: 111.3, Diff: 0.1, Sum: 889.7]
      [GC Worker End (ms): Min: 188596.9, Avg: 188597.0, Max: 188597.0, Diff: 0.1]
   [Code Root Fixup: 0.0 ms]
   [Code Root Purge: 0.0 ms]
   [Clear CT: 1.2 ms]
   [Other: 3.7 ms]
      [Choose CSet: 0.0 ms]
      [Ref Proc: 1.9 ms]
      [Ref Enq: 0.0 ms]
      [Redirty Cards: 0.6 ms]
      [Humongous Register: 0.0 ms]
      [Humongous Reclaim: 0.0 ms]
      [Free CSet: 0.9 ms]
   [Eden: 3660.0M(3660.0M)->0.0B(3728.0M) Survivors: 280.0M->340.0M Heap: 4852.0M(8192.0M)->1376.0M(8192.0M)]
 [Times: user=0.83 sys=0.05, real=0.12 secs] 
221.612: [GC pause (G1 Evacuation Pause) (young), 0.1453933 secs]
   [Parallel Time: 140.7 ms, GC Workers: 8]
      [GC Worker Start (ms): Min: 221612.2, Avg: 221612.2, Max: 221612.3, Diff: 0.1]
      [Ext Root Scanning (ms): Min: 0.2, Avg: 0.4, Max: 1.3, Diff: 1.1, Sum: 3.1]
      [Update RS (ms): Min: 0.9, Avg: 1.8, Max: 2.1, Diff: 1.2, Sum: 14.8]
         [Processed Buffers: Min: 5, Avg: 7.5, Max: 12, Diff: 7, Sum: 60]
      [Scan RS (ms): Min: 0.9, Avg: 1.1, Max: 1.2, Diff: 0.3, Sum: 8.5]
      [Code Root Scanning (ms): Min: 0.0, Avg: 0.0, Max: 0.0, Diff: 0.0, Sum: 0.1]
      [Object Copy (ms): Min: 137.1, Avg: 137.1, Max: 137.1, Diff: 0.1, Sum: 1096.7]
      [Termination (ms): Min: 0.0, Avg: 0.0, Max: 0.0, Diff: 0.0, Sum: 0.0]
         [Termination Attempts: Min: 1, Avg: 1.4, Max: 2, Diff: 1, Sum: 11]
      [GC Worker Other (ms): Min: 0.0, Avg: 0.1, Max: 0.1, Diff: 0.1, Sum: 0.6]
      [GC Worker Total (ms): Min: 140.4, Avg: 140.5, Max: 140.6, Diff: 0.2, Sum: 1123.7]
      [GC Worker End (ms): Min: 221752.6, Avg: 221752.7, Max: 221752.7, Diff: 0.1]
   [Code Root Fixup: 0.0 ms]
   [Code Root Purge: 0.0 ms]
   [Clear CT: 1.2 ms]
   [Other: 3.5 ms]
      [Choose CSet: 0.0 ms]
      [Ref Proc: 1.8 ms]
      [Ref Enq: 0.1 ms]
      [Redirty Cards: 0.3 ms]
      [Humongous Register: 0.0 ms]
      [Humongous Reclaim: 0.0 ms]
      [Free CSet: 1.0 ms]
   [Eden: 3556.0M(3556.0M)->0.0B(2624.0M) Survivors: 340.0M->404.0M Heap: 4932.0M(8192.0M)->1586.0M(8192.0M)]
 [Times: user=1.05 sys=0.08, real=0.14 secs] 
241.433: [GC pause (Metadata GC Threshold) (young) (initial-mark), 0.1435001 secs]
   [Parallel Time: 140.0 ms, GC Workers: 8]
      [GC Worker Start (ms): Min: 241433.4, Avg: 241433.5, Max: 241433.6, Diff: 0.1]
      [Ext Root Scanning (ms): Min: 1.1, Avg: 1.2, Max: 1.3, Diff: 0.2, Sum: 9.3]
      [Update RS (ms): Min: 1.3, Avg: 1.5, Max: 1.6, Diff: 0.3, Sum: 11.7]
         [Processed Buffers: Min: 4, Avg: 7.0, Max: 11, Diff: 7, Sum: 56]
      [Scan RS (ms): Min: 1.2, Avg: 1.3, Max: 1.5, Diff: 0.3, Sum: 10.7]
      [Code Root Scanning (ms): Min: 0.0, Avg: 0.0, Max: 0.0, Diff: 0.0, Sum: 0.0]
      [Object Copy (ms): Min: 135.7, Avg: 135.8, Max: 135.9, Diff: 0.2, Sum: 1086.4]
      [Termination (ms): Min: 0.0, Avg: 0.0, Max: 0.0, Diff: 0.0, Sum: 0.0]
         [Termination Attempts: Min: 1, Avg: 1.0, Max: 1, Diff: 0, Sum: 8]
      [GC Worker Other (ms): Min: 0.0, Avg: 0.0, Max: 0.1, Diff: 0.0, Sum: 0.3]
      [GC Worker Total (ms): Min: 139.7, Avg: 139.8, Max: 139.9, Diff: 0.1, Sum: 1118.5]
      [GC Worker End (ms): Min: 241573.3, Avg: 241573.3, Max: 241573.3, Diff: 0.0]
   [Code Root Fixup: 0.0 ms]
   [Code Root Purge: 0.0 ms]
   [Clear CT: 0.8 ms]
   [Other: 2.7 ms]
      [Choose CSet: 0.0 ms]
      [Ref Proc: 1.3 ms]
      [Ref Enq: 0.1 ms]
      [Redirty Cards: 0.5 ms]
      [Humongous Register: 0.0 ms]
      [Humongous Reclaim: 0.0 ms]
      [Free CSet: 0.5 ms]
   [Eden: 2088.0M(2484.0M)->0.0B(4768.0M) Survivors: 404.0M->144.0M Heap: 3670.5M(8192.0M)->1714.0M(8192.0M)]
 [Times: user=0.97 sys=0.16, real=0.14 secs] 
241.577: [GC concurrent-root-region-scan-start]
241.603: [GC concurrent-root-region-scan-end, 0.0259521 secs]
241.603: [GC concurrent-mark-start]
241.777: [GC concurrent-mark-end, 0.1742886 secs]
241.777: [GC remark 241.777: [Finalize Marking, 0.0001060 secs] 241.777: [GC ref-proc, 0.0002910 secs] 241.778: [Unloading, 0.0081396 secs], 0.0094454 secs]
 [Times: user=0.13 sys=0.00, real=0.01 secs] 
241.787: [GC cleanup 1741M->1469M(8192M), 0.0034157 secs]
 [Times: user=0.00 sys=0.00, real=0.00 secs] 
241.790: [GC concurrent-cleanup-start]
241.790: [GC concurrent-cleanup-end, 0.0002829 secs]
287.143: [GC pause (G1 Evacuation Pause) (young) (initial-mark), 1.3305982 secs]
   [Parallel Time: 1319.9 ms, GC Workers: 8]
      [GC Worker Start (ms): Min: 287143.6, Avg: 287143.7, Max: 287143.7, Diff: 0.1]
      [Ext Root Scanning (ms): Min: 1.3, Avg: 1.4, Max: 1.5, Diff: 0.2, Sum: 11.3]
      [Update RS (ms): Min: 3.3, Avg: 3.4, Max: 3.6, Diff: 0.3, Sum: 27.3]
         [Processed Buffers: Min: 7, Avg: 8.9, Max: 13, Diff: 6, Sum: 71]
      [Scan RS (ms): Min: 2.3, Avg: 2.5, Max: 2.6, Diff: 0.4, Sum: 20.0]
      [Code Root Scanning (ms): Min: 0.0, Avg: 0.0, Max: 0.2, Diff: 0.2, Sum: 0.4]
      [Object Copy (ms): Min: 1311.1, Avg: 1311.4, Max: 1312.2, Diff: 1.1, Sum: 10491.6]
      [Termination (ms): Min: 0.0, Avg: 0.7, Max: 1.0, Diff: 1.0, Sum: 5.4]
         [Termination Attempts: Min: 1, Avg: 1.5, Max: 4, Diff: 3, Sum: 12]
      [GC Worker Other (ms): Min: 0.0, Avg: 0.0, Max: 0.1, Diff: 0.0, Sum: 0.4]
      [GC Worker Total (ms): Min: 1319.5, Avg: 1319.5, Max: 1319.6, Diff: 0.1, Sum: 10556.3]
      [GC Worker End (ms): Min: 288463.2, Avg: 288463.2, Max: 288463.2, Diff: 0.0]
   [Code Root Fixup: 0.0 ms]
   [Code Root Purge: 0.0 ms]
   [Clear CT: 1.4 ms]
   [Other: 9.3 ms]
      [Choose CSet: 0.0 ms]
      [Ref Proc: 7.1 ms]
      [Ref Enq: 0.1 ms]
      [Redirty Cards: 0.1 ms]
      [Humongous Register: 0.0 ms]
      [Humongous Reclaim: 0.0 ms]
      [Free CSet: 1.4 ms]
   [Eden: 4768.0M(4768.0M)->0.0B(4096.0K) Survivors: 144.0M->412.0M Heap: 6210.0M(8192.0M)->1710.0M(8192.0M)]
 [Times: user=0.59 sys=9.92, real=1.33 secs] 
288.474: [GC concurrent-root-region-scan-start]
288.521: [GC concurrent-root-region-scan-end, 0.0468069 secs]
288.521: [GC concurrent-mark-start]
288.539: [GC pause (G1 Evacuation Pause) (young), 0.1910354 secs]
   [Parallel Time: 189.8 ms, GC Workers: 8]
      [GC Worker Start (ms): Min: 288538.7, Avg: 288538.7, Max: 288538.7, Diff: 0.0]
      [Ext Root Scanning (ms): Min: 0.3, Avg: 0.4, Max: 1.5, Diff: 1.3, Sum: 3.5]
      [Update RS (ms): Min: 2.4, Avg: 4.1, Max: 8.5, Diff: 6.1, Sum: 32.7]
         [Processed Buffers: Min: 10, Avg: 12.4, Max: 15, Diff: 5, Sum: 99]
      [Scan RS (ms): Min: 0.0, Avg: 0.2, Max: 0.2, Diff: 0.2, Sum: 1.3]
      [Code Root Scanning (ms): Min: 0.0, Avg: 0.0, Max: 0.1, Diff: 0.1, Sum: 0.2]
      [Object Copy (ms): Min: 180.6, Avg: 184.3, Max: 185.7, Diff: 5.1, Sum: 1474.7]
      [Termination (ms): Min: 0.0, Avg: 0.7, Max: 1.4, Diff: 1.4, Sum: 5.8]
         [Termination Attempts: Min: 1, Avg: 1.6, Max: 2, Diff: 1, Sum: 13]
      [GC Worker Other (ms): Min: 0.0, Avg: 0.0, Max: 0.0, Diff: 0.0, Sum: 0.1]
      [GC Worker Total (ms): Min: 189.8, Avg: 189.8, Max: 189.8, Diff: 0.0, Sum: 1518.4]
      [GC Worker End (ms): Min: 288728.5, Avg: 288728.5, Max: 288728.5, Diff: 0.0]
   [Code Root Fixup: 0.0 ms]
   [Code Root Purge: 0.0 ms]
   [Clear CT: 0.1 ms]
   [Other: 1.0 ms]
      [Choose CSet: 0.0 ms]
      [Ref Proc: 0.3 ms]
      [Ref Enq: 0.0 ms]
      [Redirty Cards: 0.4 ms]
      [Humongous Register: 0.0 ms]
      [Humongous Reclaim: 0.0 ms]
      [Free CSet: 0.1 ms]
   [Eden: 4096.0K(4096.0K)->0.0B(1104.0M) Survivors: 412.0M->20480.0K Heap: 1714.0M(8192.0M)->1726.0M(8192.0M)]
 [Times: user=0.63 sys=0.88, real=0.19 secs] 
288.982: [GC concurrent-mark-end, 0.4611698 secs]
288.982: [GC remark 288.982: [Finalize Marking, 0.0002945 secs] 288.982: [GC ref-proc, 0.0003001 secs] 288.983: [Unloading, 0.0396422 secs], 0.0410066 secs]
 [Times: user=0.14 sys=0.23, real=0.04 secs] 
289.023: [GC cleanup 1788M->1760M(8192M), 0.0027277 secs]
 [Times: user=0.00 sys=0.00, real=0.00 secs] 
289.026: [GC concurrent-cleanup-start]
289.026: [GC concurrent-cleanup-end, 0.0000346 secs]
299.938: [GC pause (G1 Evacuation Pause) (young), 0.0360147 secs]
   [Parallel Time: 26.2 ms, GC Workers: 8]
      [GC Worker Start (ms): Min: 299938.4, Avg: 299938.5, Max: 299938.6, Diff: 0.2]
      [Ext Root Scanning (ms): Min: 0.0, Avg: 0.4, Max: 1.4, Diff: 1.4, Sum: 3.5]
      [Update RS (ms): Min: 0.0, Avg: 3.7, Max: 7.9, Diff: 7.9, Sum: 29.4]
         [Processed Buffers: Min: 0, Avg: 9.8, Max: 15, Diff: 15, Sum: 78]
      [Scan RS (ms): Min: 0.0, Avg: 1.9, Max: 5.6, Diff: 5.6, Sum: 15.3]
      [Code Root Scanning (ms): Min: 0.0, Avg: 0.0, Max: 0.0, Diff: 0.0, Sum: 0.0]
      [Object Copy (ms): Min: 16.4, Avg: 19.3, Max: 20.1, Diff: 3.7, Sum: 154.2]
      [Termination (ms): Min: 0.0, Avg: 0.0, Max: 0.0, Diff: 0.0, Sum: 0.0]
         [Termination Attempts: Min: 1, Avg: 10.3, Max: 16, Diff: 15, Sum: 82]
      [GC Worker Other (ms): Min: 0.0, Avg: 0.5, Max: 3.7, Diff: 3.7, Sum: 4.0]
      [GC Worker Total (ms): Min: 25.7, Avg: 25.8, Max: 25.9, Diff: 0.2, Sum: 206.5]
      [GC Worker End (ms): Min: 299964.3, Avg: 299964.4, Max: 299964.4, Diff: 0.1]
   [Code Root Fixup: 0.0 ms]
   [Code Root Purge: 0.0 ms]
   [Clear CT: 2.7 ms]
   [Other: 7.2 ms]
      [Choose CSet: 0.0 ms]
      [Ref Proc: 0.7 ms]
      [Ref Enq: 0.0 ms]
      [Redirty Cards: 0.6 ms]
      [Humongous Register: 0.1 ms]
      [Humongous Reclaim: 0.0 ms]
      [Free CSet: 5.4 ms]
   [Eden: 1104.0M(1104.0M)->0.0B(320.0M) Survivors: 20480.0K->90112.0K Heap: 2802.0M(8192.0M)->1768.0M(8192.0M)]
 [Times: user=0.13 sys=0.02, real=0.04 secs] 
303.185: [GC pause (G1 Evacuation Pause) (mixed), 0.1354315 secs]
   [Parallel Time: 123.8 ms, GC Workers: 8]
      [GC Worker Start (ms): Min: 303185.4, Avg: 303185.5, Max: 303185.6, Diff: 0.2]
      [Ext Root Scanning (ms): Min: 0.2, Avg: 0.4, Max: 1.3, Diff: 1.1, Sum: 3.3]
      [Update RS (ms): Min: 1.7, Avg: 2.4, Max: 2.6, Diff: 0.9, Sum: 19.2]
         [Processed Buffers: Min: 7, Avg: 10.0, Max: 17, Diff: 10, Sum: 80]
      [Scan RS (ms): Min: 4.2, Avg: 5.7, Max: 6.3, Diff: 2.1, Sum: 45.5]
      [Code Root Scanning (ms): Min: 0.0, Avg: 0.0, Max: 0.0, Diff: 0.0, Sum: 0.1]
      [Object Copy (ms): Min: 111.9, Avg: 113.5, Max: 116.5, Diff: 4.7, Sum: 907.7]
      [Termination (ms): Min: 0.0, Avg: 1.6, Max: 2.7, Diff: 2.7, Sum: 12.7]
         [Termination Attempts: Min: 1, Avg: 1.3, Max: 3, Diff: 2, Sum: 10]
      [GC Worker Other (ms): Min: 0.0, Avg: 0.0, Max: 0.0, Diff: 0.0, Sum: 0.3]
      [GC Worker Total (ms): Min: 123.5, Avg: 123.6, Max: 123.7, Diff: 0.2, Sum: 988.7]
      [GC Worker End (ms): Min: 303309.1, Avg: 303309.1, Max: 303309.1, Diff: 0.0]
   [Code Root Fixup: 0.0 ms]
   [Code Root Purge: 0.0 ms]
   [Clear CT: 4.8 ms]
   [Other: 6.8 ms]
      [Choose CSet: 0.1 ms]
      [Ref Proc: 0.7 ms]
      [Ref Enq: 0.0 ms]
      [Redirty Cards: 0.4 ms]
      [Humongous Register: 0.0 ms]
      [Humongous Reclaim: 0.0 ms]
      [Free CSet: 5.3 ms]
   [Eden: 320.0M(320.0M)->0.0B(372.0M) Survivors: 90112.0K->36864.0K Heap: 2088.0M(8192.0M)->1478.0M(8192.0M)]
 [Times: user=0.30 sys=0.72, real=0.14 secs] 
306.828: [GC pause (G1 Evacuation Pause) (mixed), 0.0220413 secs]
   [Parallel Time: 19.6 ms, GC Workers: 8]
      [GC Worker Start (ms): Min: 306828.6, Avg: 306828.7, Max: 306828.8, Diff: 0.2]
      [Ext Root Scanning (ms): Min: 0.2, Avg: 0.9, Max: 4.7, Diff: 4.5, Sum: 6.9]
      [Update RS (ms): Min: 0.0, Avg: 2.9, Max: 3.4, Diff: 3.4, Sum: 23.0]
         [Processed Buffers: Min: 0, Avg: 10.3, Max: 22, Diff: 22, Sum: 82]
      [Scan RS (ms): Min: 1.0, Avg: 1.8, Max: 2.0, Diff: 1.0, Sum: 14.6]
      [Code Root Scanning (ms): Min: 0.0, Avg: 0.1, Max: 0.3, Diff: 0.3, Sum: 0.6]
      [Object Copy (ms): Min: 13.6, Avg: 13.7, Max: 13.8, Diff: 0.2, Sum: 109.6]
      [Termination (ms): Min: 0.0, Avg: 0.1, Max: 0.1, Diff: 0.1, Sum: 0.5]
         [Termination Attempts: Min: 1, Avg: 8.6, Max: 14, Diff: 13, Sum: 69]
      [GC Worker Other (ms): Min: 0.0, Avg: 0.0, Max: 0.0, Diff: 0.0, Sum: 0.1]
      [GC Worker Total (ms): Min: 19.3, Avg: 19.4, Max: 19.5, Diff: 0.2, Sum: 155.3]
      [GC Worker End (ms): Min: 306848.1, Avg: 306848.1, Max: 306848.1, Diff: 0.0]
   [Code Root Fixup: 0.0 ms]
   [Code Root Purge: 0.0 ms]
   [Clear CT: 0.7 ms]
   [Other: 1.7 ms]
      [Choose CSet: 0.1 ms]
      [Ref Proc: 0.6 ms]
      [Ref Enq: 0.0 ms]
      [Redirty Cards: 0.2 ms]
      [Humongous Register: 0.0 ms]
      [Humongous Reclaim: 0.0 ms]
      [Free CSet: 0.5 ms]
   [Eden: 372.0M(372.0M)->0.0B(1788.0M) Survivors: 36864.0K->53248.0K Heap: 1850.0M(8192.0M)->1220.0M(8192.0M)]
 [Times: user=0.11 sys=0.01, real=0.02 secs] 
321.561: [GC pause (G1 Evacuation Pause) (young), 0.0518872 secs]
   [Parallel Time: 48.7 ms, GC Workers: 8]
      [GC Worker Start (ms): Min: 321561.0, Avg: 321561.0, Max: 321561.1, Diff: 0.2]
      [Ext Root Scanning (ms): Min: 0.2, Avg: 0.4, Max: 1.2, Diff: 1.1, Sum: 3.1]
      [Update RS (ms): Min: 2.5, Avg: 3.4, Max: 3.6, Diff: 1.2, Sum: 26.9]
         [Processed Buffers: Min: 8, Avg: 11.6, Max: 16, Diff: 8, Sum: 93]
      [Scan RS (ms): Min: 2.3, Avg: 2.4, Max: 2.6, Diff: 0.3, Sum: 19.6]
      [Code Root Scanning (ms): Min: 0.0, Avg: 0.0, Max: 0.0, Diff: 0.0, Sum: 0.0]
      [Object Copy (ms): Min: 42.0, Avg: 42.1, Max: 42.1, Diff: 0.1, Sum: 336.5]
      [Termination (ms): Min: 0.0, Avg: 0.0, Max: 0.0, Diff: 0.0, Sum: 0.0]
         [Termination Attempts: Min: 1, Avg: 1.0, Max: 1, Diff: 0, Sum: 8]
      [GC Worker Other (ms): Min: 0.0, Avg: 0.1, Max: 0.1, Diff: 0.1, Sum: 0.6]
      [GC Worker Total (ms): Min: 48.2, Avg: 48.3, Max: 48.4, Diff: 0.2, Sum: 386.6]
      [GC Worker End (ms): Min: 321609.3, Avg: 321609.4, Max: 321609.4, Diff: 0.1]
   [Code Root Fixup: 0.0 ms]
   [Code Root Purge: 0.0 ms]
   [Clear CT: 0.5 ms]
   [Other: 2.6 ms]
      [Choose CSet: 0.0 ms]
      [Ref Proc: 1.5 ms]
      [Ref Enq: 0.0 ms]
      [Redirty Cards: 0.1 ms]
      [Humongous Register: 0.0 ms]
      [Humongous Reclaim: 0.0 ms]
      [Free CSet: 0.6 ms]
   [Eden: 1736.0M(1736.0M)->0.0B(1240.0M) Survivors: 53248.0K->152.0M Heap: 2956.0M(8192.0M)->1318.0M(8192.0M)]
 [Times: user=0.50 sys=0.00, real=0.05 secs] 
333.194: [GC pause (G1 Evacuation Pause) (young), 0.0611565 secs]
   [Parallel Time: 58.9 ms, GC Workers: 8]
      [GC Worker Start (ms): Min: 333193.9, Avg: 333194.0, Max: 333194.2, Diff: 0.2]
      [Ext Root Scanning (ms): Min: 0.1, Avg: 0.4, Max: 1.3, Diff: 1.2, Sum: 3.0]
      [Update RS (ms): Min: 2.8, Avg: 3.6, Max: 4.0, Diff: 1.2, Sum: 29.2]
         [Processed Buffers: Min: 8, Avg: 11.6, Max: 15, Diff: 7, Sum: 93]
      [Scan RS (ms): Min: 1.5, Avg: 1.7, Max: 1.8, Diff: 0.4, Sum: 13.7]
      [Code Root Scanning (ms): Min: 0.0, Avg: 0.0, Max: 0.0, Diff: 0.0, Sum: 0.0]
      [Object Copy (ms): Min: 52.8, Avg: 52.9, Max: 52.9, Diff: 0.1, Sum: 423.0]
      [Termination (ms): Min: 0.0, Avg: 0.0, Max: 0.0, Diff: 0.0, Sum: 0.0]
         [Termination Attempts: Min: 1, Avg: 6.4, Max: 10, Diff: 9, Sum: 51]
      [GC Worker Other (ms): Min: 0.0, Avg: 0.0, Max: 0.1, Diff: 0.1, Sum: 0.4]
      [GC Worker Total (ms): Min: 58.5, Avg: 58.7, Max: 58.8, Diff: 0.2, Sum: 469.4]
      [GC Worker End (ms): Min: 333252.7, Avg: 333252.7, Max: 333252.8, Diff: 0.1]
   [Code Root Fixup: 0.0 ms]
   [Code Root Purge: 0.0 ms]
   [Clear CT: 0.5 ms]
   [Other: 1.8 ms]
      [Choose CSet: 0.0 ms]
      [Ref Proc: 0.7 ms]
      [Ref Enq: 0.0 ms]
      [Redirty Cards: 0.4 ms]
      [Humongous Register: 0.0 ms]
      [Humongous Reclaim: 0.0 ms]
      [Free CSet: 0.4 ms]
   [Eden: 1240.0M(1240.0M)->0.0B(2568.0M) Survivors: 152.0M->98304.0K Heap: 2558.0M(8192.0M)->1404.6M(8192.0M)]
 [Times: user=0.48 sys=0.02, real=0.06 secs] 
357.011: [GC pause (G1 Evacuation Pause) (young), 0.0855171 secs]
   [Parallel Time: 81.4 ms, GC Workers: 8]
      [GC Worker Start (ms): Min: 357011.5, Avg: 357011.5, Max: 357011.6, Diff: 0.1]
      [Ext Root Scanning (ms): Min: 0.3, Avg: 0.6, Max: 1.8, Diff: 1.5, Sum: 4.9]
      [Update RS (ms): Min: 5.0, Avg: 6.1, Max: 6.5, Diff: 1.5, Sum: 48.5]
         [Processed Buffers: Min: 10, Avg: 14.1, Max: 20, Diff: 10, Sum: 113]
      [Scan RS (ms): Min: 2.5, Avg: 2.6, Max: 2.8, Diff: 0.3, Sum: 21.0]
      [Code Root Scanning (ms): Min: 0.0, Avg: 0.0, Max: 0.0, Diff: 0.0, Sum: 0.1]
      [Object Copy (ms): Min: 71.8, Avg: 71.8, Max: 71.9, Diff: 0.1, Sum: 574.8]
      [Termination (ms): Min: 0.0, Avg: 0.0, Max: 0.0, Diff: 0.0, Sum: 0.1]
         [Termination Attempts: Min: 1, Avg: 1.3, Max: 2, Diff: 1, Sum: 10]
      [GC Worker Other (ms): Min: 0.0, Avg: 0.1, Max: 0.1, Diff: 0.1, Sum: 0.5]
      [GC Worker Total (ms): Min: 81.2, Avg: 81.2, Max: 81.3, Diff: 0.1, Sum: 649.8]
      [GC Worker End (ms): Min: 357092.7, Avg: 357092.8, Max: 357092.8, Diff: 0.1]
   [Code Root Fixup: 0.0 ms]
   [Code Root Purge: 0.0 ms]
   [Clear CT: 0.9 ms]
   [Other: 3.2 ms]
      [Choose CSet: 0.0 ms]
      [Ref Proc: 1.5 ms]
      [Ref Enq: 0.0 ms]
      [Redirty Cards: 0.2 ms]
      [Humongous Register: 0.1 ms]
      [Humongous Reclaim: 0.0 ms]
      [Free CSet: 1.0 ms]
   [Eden: 2568.0M(2568.0M)->0.0B(1876.0M) Survivors: 98304.0K->244.0M Heap: 3972.6M(8192.0M)->1552.6M(8192.0M)]
 [Times: user=0.75 sys=0.00, real=0.09 secs] 
375.200: [GC pause (G1 Evacuation Pause) (young), 0.1078486 secs]
   [Parallel Time: 103.2 ms, GC Workers: 8]
      [GC Worker Start (ms): Min: 375199.8, Avg: 375199.9, Max: 375200.0, Diff: 0.1]
      [Ext Root Scanning (ms): Min: 0.2, Avg: 0.4, Max: 1.6, Diff: 1.4, Sum: 3.5]
      [Update RS (ms): Min: 3.8, Avg: 5.0, Max: 5.3, Diff: 1.5, Sum: 39.9]
         [Processed Buffers: Min: 10, Avg: 13.9, Max: 19, Diff: 9, Sum: 111]
      [Scan RS (ms): Min: 0.4, Avg: 2.0, Max: 12.7, Diff: 12.3, Sum: 16.3]
      [Code Root Scanning (ms): Min: 0.0, Avg: 0.0, Max: 0.0, Diff: 0.0, Sum: 0.0]
      [Object Copy (ms): Min: 83.9, Avg: 94.8, Max: 97.0, Diff: 13.1, Sum: 758.8]
      [Termination (ms): Min: 0.0, Avg: 0.6, Max: 0.9, Diff: 0.9, Sum: 4.8]
         [Termination Attempts: Min: 1, Avg: 1.1, Max: 2, Diff: 1, Sum: 9]
      [GC Worker Other (ms): Min: 0.0, Avg: 0.0, Max: 0.0, Diff: 0.0, Sum: 0.2]
      [GC Worker Total (ms): Min: 102.9, Avg: 102.9, Max: 103.0, Diff: 0.1, Sum: 823.6]
      [GC Worker End (ms): Min: 375302.8, Avg: 375302.8, Max: 375302.9, Diff: 0.0]
   [Code Root Fixup: 0.0 ms]
   [Code Root Purge: 0.0 ms]
   [Clear CT: 0.6 ms]
   [Other: 4.0 ms]
      [Choose CSet: 0.0 ms]
      [Ref Proc: 1.1 ms]
      [Ref Enq: 0.0 ms]
      [Redirty Cards: 0.3 ms]
      [Humongous Register: 0.1 ms]
      [Humongous Reclaim: 0.0 ms]
      [Free CSet: 2.3 ms]
   [Eden: 1876.0M(1876.0M)->0.0B(3392.0M) Survivors: 244.0M->132.0M Heap: 3428.6M(8192.0M)->1672.0M(8192.0M)]
 [Times: user=0.64 sys=0.23, real=0.11 secs] 
407.816: [GC pause (G1 Evacuation Pause) (young), 0.0924837 secs]
   [Parallel Time: 84.0 ms, GC Workers: 8]
      [GC Worker Start (ms): Min: 407816.6, Avg: 407816.6, Max: 407816.7, Diff: 0.1]
      [Ext Root Scanning (ms): Min: 0.2, Avg: 0.4, Max: 1.5, Diff: 1.3, Sum: 3.4]
      [Update RS (ms): Min: 5.4, Avg: 7.0, Max: 11.0, Diff: 5.6, Sum: 55.8]
         [Processed Buffers: Min: 11, Avg: 17.0, Max: 21, Diff: 10, Sum: 136]
      [Scan RS (ms): Min: 0.0, Avg: 2.7, Max: 7.3, Diff: 7.2, Sum: 21.6]
      [Code Root Scanning (ms): Min: 0.0, Avg: 0.0, Max: 0.0, Diff: 0.0, Sum: 0.0]
      [Object Copy (ms): Min: 69.4, Avg: 73.5, Max: 74.9, Diff: 5.6, Sum: 587.9]
      [Termination (ms): Min: 0.0, Avg: 0.0, Max: 0.0, Diff: 0.0, Sum: 0.1]
         [Termination Attempts: Min: 1, Avg: 54.0, Max: 65, Diff: 64, Sum: 432]
      [GC Worker Other (ms): Min: 0.0, Avg: 0.1, Max: 0.2, Diff: 0.1, Sum: 0.6]
      [GC Worker Total (ms): Min: 83.6, Avg: 83.7, Max: 83.8, Diff: 0.2, Sum: 669.5]
      [GC Worker End (ms): Min: 407900.2, Avg: 407900.3, Max: 407900.4, Diff: 0.1]
   [Code Root Fixup: 0.0 ms]
   [Code Root Purge: 0.0 ms]
   [Clear CT: 1.2 ms]
   [Other: 7.3 ms]
      [Choose CSet: 0.0 ms]
      [Ref Proc: 1.6 ms]
      [Ref Enq: 0.0 ms]
      [Redirty Cards: 0.3 ms]
      [Humongous Register: 0.0 ms]
      [Humongous Reclaim: 0.0 ms]
      [Free CSet: 5.0 ms]
   [Eden: 3392.0M(3392.0M)->0.0B(2508.0M) Survivors: 132.0M->316.0M Heap: 5064.0M(8192.0M)->1856.0M(8192.0M)]
 [Times: user=0.55 sys=0.09, real=0.09 secs] 
433.740: [GC pause (G1 Evacuation Pause) (young), 0.1595855 secs]
   [Parallel Time: 154.1 ms, GC Workers: 8]
      [GC Worker Start (ms): Min: 433740.3, Avg: 433740.3, Max: 433740.4, Diff: 0.1]
      [Ext Root Scanning (ms): Min: 0.2, Avg: 0.4, Max: 1.5, Diff: 1.2, Sum: 3.5]
      [Update RS (ms): Min: 4.9, Avg: 5.6, Max: 5.8, Diff: 0.9, Sum: 45.0]
         [Processed Buffers: Min: 10, Avg: 16.9, Max: 22, Diff: 12, Sum: 135]
      [Scan RS (ms): Min: 0.0, Avg: 0.0, Max: 0.1, Diff: 0.1, Sum: 0.4]
      [Code Root Scanning (ms): Min: 0.0, Avg: 0.0, Max: 0.0, Diff: 0.0, Sum: 0.0]
      [Object Copy (ms): Min: 146.3, Avg: 147.0, Max: 147.8, Diff: 1.5, Sum: 1175.7]
      [Termination (ms): Min: 0.0, Avg: 0.8, Max: 1.4, Diff: 1.4, Sum: 6.4]
         [Termination Attempts: Min: 1, Avg: 6.0, Max: 10, Diff: 9, Sum: 48]
      [GC Worker Other (ms): Min: 0.0, Avg: 0.0, Max: 0.0, Diff: 0.0, Sum: 0.2]
      [GC Worker Total (ms): Min: 153.8, Avg: 153.9, Max: 153.9, Diff: 0.1, Sum: 1231.2]
      [GC Worker End (ms): Min: 433894.2, Avg: 433894.2, Max: 433894.2, Diff: 0.0]
   [Code Root Fixup: 0.0 ms]
   [Code Root Purge: 0.0 ms]
   [Clear CT: 0.9 ms]
   [Other: 4.6 ms]
      [Choose CSet: 0.0 ms]
      [Ref Proc: 1.1 ms]
      [Ref Enq: 0.0 ms]
      [Redirty Cards: 0.5 ms]
      [Humongous Register: 0.1 ms]
      [Humongous Reclaim: 0.0 ms]
      [Free CSet: 2.7 ms]
   [Eden: 2508.0M(2508.0M)->0.0B(3188.0M) Survivors: 316.0M->168.0M Heap: 4364.0M(8192.0M)->2010.0M(8192.0M)]
 [Times: user=0.73 sys=0.52, real=0.16 secs] 
455.075: [GC pause (G1 Evacuation Pause) (young), 0.0875589 secs]
   [Parallel Time: 84.3 ms, GC Workers: 8]
      [GC Worker Start (ms): Min: 455075.5, Avg: 455075.5, Max: 455075.6, Diff: 0.2]
      [Ext Root Scanning (ms): Min: 0.2, Avg: 0.4, Max: 1.2, Diff: 1.0, Sum: 3.2]
      [Update RS (ms): Min: 5.8, Avg: 6.4, Max: 6.7, Diff: 0.9, Sum: 51.2]
         [Processed Buffers: Min: 13, Avg: 19.4, Max: 26, Diff: 13, Sum: 155]
      [Scan RS (ms): Min: 1.8, Avg: 2.0, Max: 2.1, Diff: 0.3, Sum: 15.9]
      [Code Root Scanning (ms): Min: 0.0, Avg: 0.0, Max: 0.0, Diff: 0.0, Sum: 0.0]
      [Object Copy (ms): Min: 75.0, Avg: 75.1, Max: 75.1, Diff: 0.1, Sum: 600.4]
      [Termination (ms): Min: 0.0, Avg: 0.0, Max: 0.0, Diff: 0.0, Sum: 0.0]
         [Termination Attempts: Min: 1, Avg: 5.4, Max: 8, Diff: 7, Sum: 43]
      [GC Worker Other (ms): Min: 0.0, Avg: 0.1, Max: 0.2, Diff: 0.1, Sum: 0.6]
      [GC Worker Total (ms): Min: 83.8, Avg: 83.9, Max: 84.0, Diff: 0.1, Sum: 671.3]
      [GC Worker End (ms): Min: 455159.4, Avg: 455159.5, Max: 455159.6, Diff: 0.1]
   [Code Root Fixup: 0.0 ms]
   [Code Root Purge: 0.0 ms]
   [Clear CT: 0.7 ms]
   [Other: 2.5 ms]
      [Choose CSet: 0.0 ms]
      [Ref Proc: 1.2 ms]
      [Ref Enq: 0.0 ms]
      [Redirty Cards: 0.6 ms]
      [Humongous Register: 0.0 ms]
      [Humongous Reclaim: 0.0 ms]
      [Free CSet: 0.4 ms]
   [Eden: 2272.0M(2272.0M)->0.0B(2884.0M) Survivors: 168.0M->288.0M Heap: 4282.0M(8192.0M)->2132.0M(8192.0M)]
 [Times: user=0.75 sys=0.00, real=0.09 secs] 
482.384: [GC pause (G1 Evacuation Pause) (young), 0.1260916 secs]
   [Parallel Time: 122.6 ms, GC Workers: 8]
      [GC Worker Start (ms): Min: 482384.0, Avg: 482384.1, Max: 482384.2, Diff: 0.2]
      [Ext Root Scanning (ms): Min: 0.2, Avg: 0.4, Max: 1.2, Diff: 1.0, Sum: 3.0]
      [Update RS (ms): Min: 6.5, Avg: 7.2, Max: 7.5, Diff: 0.9, Sum: 57.4]
         [Processed Buffers: Min: 15, Avg: 18.1, Max: 24, Diff: 9, Sum: 145]
      [Scan RS (ms): Min: 0.0, Avg: 0.1, Max: 0.1, Diff: 0.1, Sum: 0.5]
      [Code Root Scanning (ms): Min: 0.0, Avg: 0.0, Max: 0.0, Diff: 0.0, Sum: 0.0]
      [Object Copy (ms): Min: 114.5, Avg: 114.7, Max: 115.1, Diff: 0.5, Sum: 918.0]
      [Termination (ms): Min: 0.0, Avg: 0.0, Max: 0.0, Diff: 0.0, Sum: 0.0]
         [Termination Attempts: Min: 1, Avg: 7.3, Max: 12, Diff: 11, Sum: 58]
      [GC Worker Other (ms): Min: 0.0, Avg: 0.1, Max: 0.1, Diff: 0.1, Sum: 0.6]
      [GC Worker Total (ms): Min: 122.3, Avg: 122.4, Max: 122.6, Diff: 0.3, Sum: 979.5]
      [GC Worker End (ms): Min: 482506.4, Avg: 482506.5, Max: 482506.6, Diff: 0.1]
   [Code Root Fixup: 0.0 ms]
   [Code Root Purge: 0.0 ms]
   [Clear CT: 0.7 ms]
   [Other: 2.7 ms]
      [Choose CSet: 0.0 ms]
      [Ref Proc: 1.7 ms]
      [Ref Enq: 0.0 ms]
      [Redirty Cards: 0.3 ms]
      [Humongous Register: 0.0 ms]
      [Humongous Reclaim: 0.0 ms]
      [Free CSet: 0.4 ms]
   [Eden: 2884.0M(2884.0M)->0.0B(3276.0M) Survivors: 288.0M->296.0M Heap: 5016.0M(8192.0M)->2288.0M(8192.0M)]
 [Times: user=0.91 sys=0.09, real=0.13 secs] 
504.053: [GC pause (G1 Evacuation Pause) (young), 0.1223593 secs]
   [Parallel Time: 119.4 ms, GC Workers: 8]
      [GC Worker Start (ms): Min: 504053.7, Avg: 504053.8, Max: 504053.9, Diff: 0.2]
      [Ext Root Scanning (ms): Min: 0.2, Avg: 0.5, Max: 1.6, Diff: 1.4, Sum: 3.9]
      [Update RS (ms): Min: 7.4, Avg: 8.4, Max: 8.8, Diff: 1.4, Sum: 67.3]
         [Processed Buffers: Min: 16, Avg: 22.3, Max: 29, Diff: 13, Sum: 178]
      [Scan RS (ms): Min: 1.3, Avg: 1.5, Max: 1.7, Diff: 0.4, Sum: 12.1]
      [Code Root Scanning (ms): Min: 0.0, Avg: 0.0, Max: 0.0, Diff: 0.0, Sum: 0.0]
      [Object Copy (ms): Min: 108.5, Avg: 108.5, Max: 108.6, Diff: 0.1, Sum: 868.4]
      [Termination (ms): Min: 0.0, Avg: 0.0, Max: 0.0, Diff: 0.0, Sum: 0.0]
         [Termination Attempts: Min: 1, Avg: 1.1, Max: 2, Diff: 1, Sum: 9]
      [GC Worker Other (ms): Min: 0.0, Avg: 0.0, Max: 0.1, Diff: 0.1, Sum: 0.2]
      [GC Worker Total (ms): Min: 118.9, Avg: 119.0, Max: 119.1, Diff: 0.2, Sum: 952.0]
      [GC Worker End (ms): Min: 504172.8, Avg: 504172.8, Max: 504172.8, Diff: 0.1]
   [Code Root Fixup: 0.0 ms]
   [Code Root Purge: 0.0 ms]
   [Clear CT: 0.8 ms]
   [Other: 2.2 ms]
      [Choose CSet: 0.0 ms]
      [Ref Proc: 1.0 ms]
      [Ref Enq: 0.0 ms]
      [Redirty Cards: 0.5 ms]
      [Humongous Register: 0.0 ms]
      [Humongous Reclaim: 0.0 ms]
      [Free CSet: 0.5 ms]
   [Eden: 2324.0M(2324.0M)->0.0B(4696.0M) Survivors: 296.0M->144.0M Heap: 4612.0M(8192.0M)->2418.0M(8192.0M)]
 [Times: user=0.92 sys=0.08, real=0.12 secs] 
547.042: [GC pause (G1 Evacuation Pause) (young), 0.1065492 secs]
   [Parallel Time: 101.3 ms, GC Workers: 8]
      [GC Worker Start (ms): Min: 547042.5, Avg: 547042.5, Max: 547042.6, Diff: 0.1]
      [Ext Root Scanning (ms): Min: 0.2, Avg: 0.5, Max: 1.8, Diff: 1.6, Sum: 3.8]
      [Update RS (ms): Min: 7.8, Avg: 9.2, Max: 9.6, Diff: 1.8, Sum: 73.7]
         [Processed Buffers: Min: 20, Avg: 25.3, Max: 29, Diff: 9, Sum: 202]
      [Scan RS (ms): Min: 1.3, Avg: 1.5, Max: 1.6, Diff: 0.3, Sum: 12.0]
      [Code Root Scanning (ms): Min: 0.0, Avg: 0.0, Max: 0.0, Diff: 0.0, Sum: 0.0]
      [Object Copy (ms): Min: 89.8, Avg: 89.9, Max: 89.9, Diff: 0.0, Sum: 718.8]
      [Termination (ms): Min: 0.0, Avg: 0.0, Max: 0.0, Diff: 0.0, Sum: 0.1]
         [Termination Attempts: Min: 1, Avg: 102.0, Max: 140, Diff: 139, Sum: 816]
      [GC Worker Other (ms): Min: 0.0, Avg: 0.1, Max: 0.1, Diff: 0.1, Sum: 0.6]
      [GC Worker Total (ms): Min: 101.0, Avg: 101.1, Max: 101.2, Diff: 0.2, Sum: 809.0]
      [GC Worker End (ms): Min: 547143.6, Avg: 547143.7, Max: 547143.7, Diff: 0.1]
   [Code Root Fixup: 0.0 ms]
   [Code Root Purge: 0.0 ms]
   [Clear CT: 1.6 ms]
   [Other: 3.6 ms]
      [Choose CSet: 0.0 ms]
      [Ref Proc: 1.9 ms]
      [Ref Enq: 0.1 ms]
      [Redirty Cards: 0.3 ms]
      [Humongous Register: 0.1 ms]
      [Humongous Reclaim: 0.0 ms]
      [Free CSet: 1.0 ms]
   [Eden: 4696.0M(4696.0M)->0.0B(4336.0M) Survivors: 144.0M->380.0M Heap: 7114.0M(8192.0M)->2656.0M(8192.0M)]
 [Times: user=0.88 sys=0.00, real=0.11 secs] 
586.747: [GC pause (G1 Evacuation Pause) (young), 0.1636842 secs]
   [Parallel Time: 159.2 ms, GC Workers: 8]
      [GC Worker Start (ms): Min: 586747.6, Avg: 586747.7, Max: 586747.8, Diff: 0.1]
      [Ext Root Scanning (ms): Min: 0.2, Avg: 0.4, Max: 1.4, Diff: 1.2, Sum: 3.4]
      [Update RS (ms): Min: 6.6, Avg: 7.6, Max: 7.9, Diff: 1.4, Sum: 61.1]
         [Processed Buffers: Min: 14, Avg: 18.3, Max: 25, Diff: 11, Sum: 146]
      [Scan RS (ms): Min: 0.0, Avg: 0.1, Max: 0.2, Diff: 0.1, Sum: 0.6]
      [Code Root Scanning (ms): Min: 0.0, Avg: 0.0, Max: 0.0, Diff: 0.0, Sum: 0.0]
      [Object Copy (ms): Min: 150.5, Avg: 150.6, Max: 150.7, Diff: 0.2, Sum: 1205.0]
      [Termination (ms): Min: 0.0, Avg: 0.0, Max: 0.0, Diff: 0.0, Sum: 0.0]
         [Termination Attempts: Min: 1, Avg: 1.5, Max: 4, Diff: 3, Sum: 12]
      [GC Worker Other (ms): Min: 0.0, Avg: 0.1, Max: 0.2, Diff: 0.2, Sum: 0.6]
      [GC Worker Total (ms): Min: 158.7, Avg: 158.8, Max: 159.0, Diff: 0.2, Sum: 1270.7]
      [GC Worker End (ms): Min: 586906.5, Avg: 586906.5, Max: 586906.6, Diff: 0.2]
   [Code Root Fixup: 0.0 ms]
   [Code Root Purge: 0.0 ms]
   [Clear CT: 1.1 ms]
   [Other: 3.4 ms]
      [Choose CSet: 0.0 ms]
      [Ref Proc: 1.8 ms]
      [Ref Enq: 0.0 ms]
      [Redirty Cards: 0.5 ms]
      [Humongous Register: 0.1 ms]
      [Humongous Reclaim: 0.0 ms]
      [Free CSet: 0.8 ms]
   [Eden: 4336.0M(4336.0M)->0.0B(4008.0M) Survivors: 380.0M->480.0M Heap: 6992.0M(8192.0M)->2882.0M(8192.0M)]
 [Times: user=1.33 sys=0.05, real=0.16 secs] 
615.908: [GC pause (G1 Evacuation Pause) (young), 0.2116973 secs]
   [Parallel Time: 207.7 ms, GC Workers: 8]
      [GC Worker Start (ms): Min: 615908.6, Avg: 615908.6, Max: 615908.6, Diff: 0.0]
      [Ext Root Scanning (ms): Min: 0.3, Avg: 0.6, Max: 1.9, Diff: 1.6, Sum: 4.4]
      [Update RS (ms): Min: 7.1, Avg: 8.4, Max: 8.9, Diff: 1.8, Sum: 67.6]
         [Processed Buffers: Min: 24, Avg: 28.9, Max: 35, Diff: 11, Sum: 231]
      [Scan RS (ms): Min: 1.4, Avg: 1.6, Max: 1.7, Diff: 0.3, Sum: 12.8]
      [Code Root Scanning (ms): Min: 0.0, Avg: 0.0, Max: 0.0, Diff: 0.0, Sum: 0.0]
      [Object Copy (ms): Min: 196.7, Avg: 196.8, Max: 197.1, Diff: 0.4, Sum: 1574.3]
      [Termination (ms): Min: 0.0, Avg: 0.1, Max: 0.1, Diff: 0.1, Sum: 0.6]
         [Termination Attempts: Min: 1, Avg: 1.1, Max: 2, Diff: 1, Sum: 9]
      [GC Worker Other (ms): Min: 0.0, Avg: 0.1, Max: 0.1, Diff: 0.1, Sum: 0.6]
      [GC Worker Total (ms): Min: 207.5, Avg: 207.5, Max: 207.6, Diff: 0.1, Sum: 1660.4]
      [GC Worker End (ms): Min: 616116.1, Avg: 616116.1, Max: 616116.2, Diff: 0.1]
   [Code Root Fixup: 0.0 ms]
   [Code Root Purge: 0.0 ms]
   [Clear CT: 1.1 ms]
   [Other: 2.9 ms]
      [Choose CSet: 0.0 ms]
      [Ref Proc: 1.3 ms]
      [Ref Enq: 0.1 ms]
      [Redirty Cards: 0.5 ms]
      [Humongous Register: 0.1 ms]
      [Humongous Reclaim: 0.0 ms]
      [Free CSet: 0.7 ms]
   [Eden: 3272.0M(3272.0M)->0.0B(3168.0M) Survivors: 480.0M->404.0M Heap: 6154.0M(8192.0M)->3048.0M(8192.0M)]
 [Times: user=1.19 sys=0.44, real=0.21 secs] 
639.487: [GC pause (G1 Evacuation Pause) (young), 0.2110548 secs]
   [Parallel Time: 203.9 ms, GC Workers: 8]
      [GC Worker Start (ms): Min: 639487.7, Avg: 639487.7, Max: 639487.8, Diff: 0.1]
      [Ext Root Scanning (ms): Min: 0.4, Avg: 0.7, Max: 2.5, Diff: 2.1, Sum: 5.9]
      [Update RS (ms): Min: 9.6, Avg: 11.4, Max: 12.1, Diff: 2.4, Sum: 90.8]
         [Processed Buffers: Min: 24, Avg: 31.5, Max: 41, Diff: 17, Sum: 252]
      [Scan RS (ms): Min: 1.7, Avg: 2.1, Max: 2.3, Diff: 0.6, Sum: 17.0]
      [Code Root Scanning (ms): Min: 0.0, Avg: 0.0, Max: 0.0, Diff: 0.0, Sum: 0.0]
      [Object Copy (ms): Min: 188.6, Avg: 188.9, Max: 189.7, Diff: 1.2, Sum: 1510.9]
      [Termination (ms): Min: 0.0, Avg: 0.7, Max: 0.9, Diff: 0.9, Sum: 5.4]
         [Termination Attempts: Min: 1, Avg: 4.8, Max: 9, Diff: 8, Sum: 38]
      [GC Worker Other (ms): Min: 0.0, Avg: 0.1, Max: 0.1, Diff: 0.1, Sum: 0.4]
      [GC Worker Total (ms): Min: 203.8, Avg: 203.8, Max: 203.8, Diff: 0.1, Sum: 1630.4]
      [GC Worker End (ms): Min: 639691.5, Avg: 639691.5, Max: 639691.6, Diff: 0.0]
   [Code Root Fixup: 0.0 ms]
   [Code Root Purge: 0.0 ms]
   [Clear CT: 1.3 ms]
   [Other: 5.9 ms]
      [Choose CSet: 0.0 ms]
      [Ref Proc: 3.5 ms]
      [Ref Enq: 0.1 ms]
      [Redirty Cards: 0.4 ms]
      [Humongous Register: 0.1 ms]
      [Humongous Reclaim: 0.0 ms]
      [Free CSet: 1.2 ms]
   [Eden: 2608.0M(2608.0M)->0.0B(3212.0M) Survivors: 404.0M->320.0M Heap: 5656.0M(8192.0M)->3190.0M(8192.0M)]
 [Times: user=1.39 sys=0.17, real=0.21 secs] 
663.031: [GC pause (G1 Evacuation Pause) (young), 0.1275773 secs]
   [Parallel Time: 124.3 ms, GC Workers: 8]
      [GC Worker Start (ms): Min: 663031.1, Avg: 663031.2, Max: 663031.3, Diff: 0.1]
      [Ext Root Scanning (ms): Min: 0.2, Avg: 0.4, Max: 1.2, Diff: 1.0, Sum: 3.5]
      [Update RS (ms): Min: 7.3, Avg: 7.9, Max: 8.2, Diff: 0.9, Sum: 63.2]
         [Processed Buffers: Min: 26, Avg: 31.5, Max: 35, Diff: 9, Sum: 252]
      [Scan RS (ms): Min: 2.3, Avg: 2.5, Max: 2.6, Diff: 0.3, Sum: 19.8]
      [Code Root Scanning (ms): Min: 0.0, Avg: 0.0, Max: 0.0, Diff: 0.0, Sum: 0.0]
      [Object Copy (ms): Min: 113.0, Avg: 113.1, Max: 113.4, Diff: 0.3, Sum: 904.8]
      [Termination (ms): Min: 0.0, Avg: 0.0, Max: 0.0, Diff: 0.0, Sum: 0.0]
         [Termination Attempts: Min: 1, Avg: 1.1, Max: 2, Diff: 1, Sum: 9]
      [GC Worker Other (ms): Min: 0.0, Avg: 0.1, Max: 0.1, Diff: 0.1, Sum: 0.5]
      [GC Worker Total (ms): Min: 123.9, Avg: 124.0, Max: 124.1, Diff: 0.1, Sum: 991.8]
      [GC Worker End (ms): Min: 663155.1, Avg: 663155.1, Max: 663155.2, Diff: 0.1]
   [Code Root Fixup: 0.0 ms]
   [Code Root Purge: 0.0 ms]
   [Clear CT: 1.2 ms]
   [Other: 2.1 ms]
      [Choose CSet: 0.0 ms]
      [Ref Proc: 1.1 ms]
      [Ref Enq: 0.0 ms]
      [Redirty Cards: 0.4 ms]
      [Humongous Register: 0.0 ms]
      [Humongous Reclaim: 0.0 ms]
      [Free CSet: 0.4 ms]
   [Eden: 2520.0M(2520.0M)->0.0B(3760.0M) Survivors: 320.0M->284.0M Heap: 5710.0M(8192.0M)->3326.0M(8192.0M)]
 [Times: user=1.00 sys=0.00, real=0.13 secs] 
696.576: [GC pause (G1 Evacuation Pause) (young), 0.1342532 secs]
   [Parallel Time: 130.4 ms, GC Workers: 8]
      [GC Worker Start (ms): Min: 696576.5, Avg: 696576.6, Max: 696576.6, Diff: 0.1]
      [Ext Root Scanning (ms): Min: 0.2, Avg: 0.4, Max: 1.3, Diff: 1.1, Sum: 3.1]
      [Update RS (ms): Min: 10.6, Avg: 11.4, Max: 12.0, Diff: 1.5, Sum: 91.5]
         [Processed Buffers: Min: 31, Avg: 39.0, Max: 49, Diff: 18, Sum: 312]
      [Scan RS (ms): Min: 0.4, Avg: 1.0, Max: 1.2, Diff: 0.8, Sum: 7.9]
      [Code Root Scanning (ms): Min: 0.0, Avg: 0.0, Max: 0.0, Diff: 0.0, Sum: 0.0]
      [Object Copy (ms): Min: 117.4, Avg: 117.4, Max: 117.4, Diff: 0.0, Sum: 939.0]
      [Termination (ms): Min: 0.0, Avg: 0.0, Max: 0.0, Diff: 0.0, Sum: 0.0]
         [Termination Attempts: Min: 1, Avg: 3.5, Max: 5, Diff: 4, Sum: 28]
      [GC Worker Other (ms): Min: 0.0, Avg: 0.0, Max: 0.1, Diff: 0.1, Sum: 0.3]
      [GC Worker Total (ms): Min: 130.1, Avg: 130.2, Max: 130.3, Diff: 0.2, Sum: 1041.8]
      [GC Worker End (ms): Min: 696706.8, Avg: 696706.8, Max: 696706.8, Diff: 0.1]
   [Code Root Fixup: 0.0 ms]
   [Code Root Purge: 0.0 ms]
   [Clear CT: 1.2 ms]
   [Other: 2.6 ms]
      [Choose CSet: 0.0 ms]
      [Ref Proc: 1.5 ms]
      [Ref Enq: 0.0 ms]
      [Redirty Cards: 0.3 ms]
      [Humongous Register: 0.0 ms]
      [Humongous Reclaim: 0.0 ms]
      [Free CSet: 0.6 ms]
   [Eden: 3760.0M(3760.0M)->0.0B(3504.0M) Survivors: 284.0M->344.0M Heap: 7086.0M(8192.0M)->3520.0M(8192.0M)]
 [Times: user=1.11 sys=0.00, real=0.13 secs] 
728.057: [GC pause (G1 Evacuation Pause) (young), 0.1483791 secs]
   [Parallel Time: 144.7 ms, GC Workers: 8]
      [GC Worker Start (ms): Min: 728056.8, Avg: 728056.8, Max: 728056.9, Diff: 0.1]
      [Ext Root Scanning (ms): Min: 0.2, Avg: 0.4, Max: 1.3, Diff: 1.1, Sum: 3.1]
      [Update RS (ms): Min: 10.3, Avg: 11.6, Max: 12.3, Diff: 1.9, Sum: 92.7]
         [Processed Buffers: Min: 36, Avg: 39.5, Max: 43, Diff: 7, Sum: 316]
      [Scan RS (ms): Min: 0.1, Avg: 0.6, Max: 1.0, Diff: 0.9, Sum: 5.2]
      [Code Root Scanning (ms): Min: 0.0, Avg: 0.0, Max: 0.0, Diff: 0.0, Sum: 0.0]
      [Object Copy (ms): Min: 131.9, Avg: 131.9, Max: 132.0, Diff: 0.0, Sum: 1055.5]
      [Termination (ms): Min: 0.0, Avg: 0.0, Max: 0.0, Diff: 0.0, Sum: 0.0]
         [Termination Attempts: Min: 1, Avg: 1.3, Max: 2, Diff: 1, Sum: 10]
      [GC Worker Other (ms): Min: 0.0, Avg: 0.0, Max: 0.1, Diff: 0.1, Sum: 0.4]
      [GC Worker Total (ms): Min: 144.5, Avg: 144.6, Max: 144.7, Diff: 0.1, Sum: 1156.9]
      [GC Worker End (ms): Min: 728201.4, Avg: 728201.4, Max: 728201.5, Diff: 0.1]
   [Code Root Fixup: 0.0 ms]
   [Code Root Purge: 0.0 ms]
   [Clear CT: 1.2 ms]
   [Other: 2.5 ms]
      [Choose CSet: 0.0 ms]
      [Ref Proc: 1.5 ms]
      [Ref Enq: 0.0 ms]
      [Redirty Cards: 0.3 ms]
      [Humongous Register: 0.0 ms]
      [Humongous Reclaim: 0.0 ms]
      [Free CSet: 0.5 ms]
   [Eden: 3504.0M(3504.0M)->0.0B(3268.0M) Survivors: 344.0M->396.0M Heap: 7024.0M(8192.0M)->3706.0M(8192.0M)]
 [Times: user=1.14 sys=0.00, real=0.15 secs] 
757.612: [GC pause (G1 Evacuation Pause) (young), 0.1475295 secs]
   [Parallel Time: 144.1 ms, GC Workers: 8]
      [GC Worker Start (ms): Min: 757612.6, Avg: 757612.7, Max: 757612.8, Diff: 0.2]
      [Ext Root Scanning (ms): Min: 0.2, Avg: 0.5, Max: 1.5, Diff: 1.2, Sum: 3.6]
      [Update RS (ms): Min: 15.0, Avg: 15.9, Max: 16.3, Diff: 1.3, Sum: 127.2]
         [Processed Buffers: Min: 39, Avg: 45.3, Max: 50, Diff: 11, Sum: 362]
      [Scan RS (ms): Min: 0.4, Avg: 0.7, Max: 0.9, Diff: 0.4, Sum: 5.6]
      [Code Root Scanning (ms): Min: 0.0, Avg: 0.0, Max: 0.0, Diff: 0.0, Sum: 0.0]
      [Object Copy (ms): Min: 126.7, Avg: 126.8, Max: 126.8, Diff: 0.1, Sum: 1014.3]
      [Termination (ms): Min: 0.0, Avg: 0.0, Max: 0.0, Diff: 0.0, Sum: 0.0]
         [Termination Attempts: Min: 1, Avg: 5.0, Max: 8, Diff: 7, Sum: 40]
      [GC Worker Other (ms): Min: 0.0, Avg: 0.1, Max: 0.1, Diff: 0.1, Sum: 0.5]
      [GC Worker Total (ms): Min: 143.8, Avg: 143.9, Max: 144.0, Diff: 0.2, Sum: 1151.2]
      [GC Worker End (ms): Min: 757756.5, Avg: 757756.6, Max: 757756.6, Diff: 0.1]
   [Code Root Fixup: 0.0 ms]
   [Code Root Purge: 0.0 ms]
   [Clear CT: 0.9 ms]
   [Other: 2.5 ms]
      [Choose CSet: 0.0 ms]
      [Ref Proc: 1.5 ms]
      [Ref Enq: 0.0 ms]
      [Redirty Cards: 0.3 ms]
      [Humongous Register: 0.0 ms]
      [Humongous Reclaim: 0.0 ms]
      [Free CSet: 0.4 ms]
   [Eden: 3268.0M(3268.0M)->0.0B(3128.0M) Survivors: 396.0M->368.0M Heap: 6974.0M(8192.0M)->3876.0M(8192.0M)]
 [Times: user=1.13 sys=0.00, real=0.15 secs] 
785.618: [GC pause (G1 Evacuation Pause) (young), 0.1371700 secs]
   [Parallel Time: 133.9 ms, GC Workers: 8]
      [GC Worker Start (ms): Min: 785618.0, Avg: 785618.1, Max: 785618.2, Diff: 0.2]
      [Ext Root Scanning (ms): Min: 0.2, Avg: 0.4, Max: 1.4, Diff: 1.2, Sum: 3.3]
      [Update RS (ms): Min: 11.9, Avg: 12.7, Max: 13.0, Diff: 1.1, Sum: 101.5]
         [Processed Buffers: Min: 40, Avg: 47.5, Max: 56, Diff: 16, Sum: 380]
      [Scan RS (ms): Min: 1.0, Avg: 1.2, Max: 1.4, Diff: 0.4, Sum: 9.4]
      [Code Root Scanning (ms): Min: 0.0, Avg: 0.0, Max: 0.0, Diff: 0.0, Sum: 0.0]
      [Object Copy (ms): Min: 119.4, Avg: 119.4, Max: 119.5, Diff: 0.1, Sum: 955.4]
      [Termination (ms): Min: 0.0, Avg: 0.0, Max: 0.0, Diff: 0.0, Sum: 0.0]
         [Termination Attempts: Min: 1, Avg: 3.9, Max: 7, Diff: 6, Sum: 31]
      [GC Worker Other (ms): Min: 0.0, Avg: 0.0, Max: 0.1, Diff: 0.0, Sum: 0.3]
      [GC Worker Total (ms): Min: 133.7, Avg: 133.7, Max: 133.8, Diff: 0.1, Sum: 1070.0]
      [GC Worker End (ms): Min: 785751.8, Avg: 785751.8, Max: 785751.8, Diff: 0.0]
   [Code Root Fixup: 0.0 ms]
   [Code Root Purge: 0.0 ms]
   [Clear CT: 1.0 ms]
   [Other: 2.3 ms]
      [Choose CSet: 0.0 ms]
      [Ref Proc: 1.3 ms]
      [Ref Enq: 0.0 ms]
      [Redirty Cards: 0.3 ms]
      [Humongous Register: 0.0 ms]
      [Humongous Reclaim: 0.0 ms]
      [Free CSet: 0.5 ms]
   [Eden: 3128.0M(3128.0M)->0.0B(2972.0M) Survivors: 368.0M->352.0M Heap: 7004.0M(8192.0M)->4044.0M(8192.0M)]
 [Times: user=1.13 sys=0.00, real=0.14 secs] 
813.096: [GC pause (G1 Evacuation Pause) (young) (initial-mark), 0.1455518 secs]
   [Parallel Time: 141.3 ms, GC Workers: 8]
      [GC Worker Start (ms): Min: 813096.3, Avg: 813096.4, Max: 813096.4, Diff: 0.1]
      [Ext Root Scanning (ms): Min: 1.4, Avg: 1.4, Max: 1.5, Diff: 0.1, Sum: 11.3]
      [Update RS (ms): Min: 14.0, Avg: 14.2, Max: 14.3, Diff: 0.3, Sum: 113.8]
         [Processed Buffers: Min: 48, Avg: 53.6, Max: 61, Diff: 13, Sum: 429]
      [Scan RS (ms): Min: 0.5, Avg: 0.6, Max: 0.7, Diff: 0.2, Sum: 4.9]
      [Code Root Scanning (ms): Min: 0.0, Avg: 0.0, Max: 0.0, Diff: 0.0, Sum: 0.0]
      [Object Copy (ms): Min: 124.3, Avg: 124.4, Max: 124.4, Diff: 0.1, Sum: 995.1]
      [Termination (ms): Min: 0.0, Avg: 0.0, Max: 0.0, Diff: 0.0, Sum: 0.0]
         [Termination Attempts: Min: 1, Avg: 1.6, Max: 3, Diff: 2, Sum: 13]
      [GC Worker Other (ms): Min: 0.0, Avg: 0.1, Max: 0.2, Diff: 0.2, Sum: 0.6]
      [GC Worker Total (ms): Min: 140.7, Avg: 140.7, Max: 140.8, Diff: 0.1, Sum: 1125.7]
      [GC Worker End (ms): Min: 813237.0, Avg: 813237.1, Max: 813237.2, Diff: 0.2]
   [Code Root Fixup: 0.0 ms]
   [Code Root Purge: 0.0 ms]
   [Clear CT: 1.1 ms]
   [Other: 3.1 ms]
      [Choose CSet: 0.0 ms]
      [Ref Proc: 1.4 ms]
      [Ref Enq: 0.0 ms]
      [Redirty Cards: 0.5 ms]
      [Humongous Register: 0.0 ms]
      [Humongous Reclaim: 0.0 ms]
      [Free CSet: 0.7 ms]
   [Eden: 2972.0M(2972.0M)->0.0B(2832.0M) Survivors: 352.0M->336.0M Heap: 7016.0M(8192.0M)->4202.0M(8192.0M)]
 [Times: user=1.11 sys=0.00, real=0.15 secs] 
813.242: [GC concurrent-root-region-scan-start]
813.287: [GC concurrent-root-region-scan-end, 0.0450404 secs]
813.287: [GC concurrent-mark-start]
813.504: [GC concurrent-mark-end, 0.2172364 secs]
813.505: [GC remark 813.505: [Finalize Marking, 0.0005361 secs] 813.505: [GC ref-proc, 0.0002828 secs] 813.505: [Unloading, 0.0187505 secs], 0.0209671 secs]
 [Times: user=0.13 sys=0.00, real=0.02 secs] 
813.526: [GC cleanup 4232M->3144M(8192M), 0.0086735 secs]
 [Times: user=0.13 sys=0.00, real=0.01 secs] 
813.535: [GC concurrent-cleanup-start]
813.539: [GC concurrent-cleanup-end, 0.0048563 secs]
839.827: [GC pause (G1 Evacuation Pause) (young), 0.1587503 secs]
   [Parallel Time: 155.8 ms, GC Workers: 8]
      [GC Worker Start (ms): Min: 839827.7, Avg: 839827.8, Max: 839827.8, Diff: 0.1]
      [Ext Root Scanning (ms): Min: 0.3, Avg: 0.7, Max: 2.2, Diff: 1.9, Sum: 5.4]
      [Update RS (ms): Min: 18.8, Avg: 20.3, Max: 20.9, Diff: 2.2, Sum: 162.6]
         [Processed Buffers: Min: 52, Avg: 59.6, Max: 68, Diff: 16, Sum: 477]
      [Scan RS (ms): Min: 0.0, Avg: 0.3, Max: 0.5, Diff: 0.5, Sum: 2.5]
      [Code Root Scanning (ms): Min: 0.0, Avg: 0.0, Max: 0.0, Diff: 0.0, Sum: 0.1]
      [Object Copy (ms): Min: 134.3, Avg: 134.4, Max: 134.4, Diff: 0.1, Sum: 1074.8]
      [Termination (ms): Min: 0.0, Avg: 0.0, Max: 0.0, Diff: 0.0, Sum: 0.0]
         [Termination Attempts: Min: 1, Avg: 1.5, Max: 2, Diff: 1, Sum: 12]
      [GC Worker Other (ms): Min: 0.0, Avg: 0.0, Max: 0.0, Diff: 0.0, Sum: 0.3]
      [GC Worker Total (ms): Min: 155.6, Avg: 155.7, Max: 155.8, Diff: 0.1, Sum: 1245.7]
      [GC Worker End (ms): Min: 839983.5, Avg: 839983.5, Max: 839983.5, Diff: 0.0]
   [Code Root Fixup: 0.0 ms]
   [Code Root Purge: 0.0 ms]
   [Clear CT: 0.8 ms]
   [Other: 2.1 ms]
      [Choose CSet: 0.0 ms]
      [Ref Proc: 1.1 ms]
      [Ref Enq: 0.0 ms]
      [Redirty Cards: 0.3 ms]
      [Humongous Register: 0.1 ms]
      [Humongous Reclaim: 0.0 ms]
      [Free CSet: 0.4 ms]
   [Eden: 2832.0M(2832.0M)->0.0B(90112.0K) Survivors: 336.0M->320.0M Heap: 5946.0M(8192.0M)->3266.0M(8192.0M)]
 [Times: user=1.24 sys=0.02, real=0.16 secs] 
840.783: [GC pause (G1 Evacuation Pause) (mixed), 0.1013981 secs]
   [Parallel Time: 93.0 ms, GC Workers: 8]
      [GC Worker Start (ms): Min: 840783.7, Avg: 840783.8, Max: 840783.8, Diff: 0.1]
      [Ext Root Scanning (ms): Min: 0.2, Avg: 0.4, Max: 1.3, Diff: 1.1, Sum: 3.2]
      [Update RS (ms): Min: 11.1, Avg: 11.9, Max: 12.2, Diff: 1.0, Sum: 95.3]
         [Processed Buffers: Min: 48, Avg: 54.3, Max: 64, Diff: 16, Sum: 434]
      [Scan RS (ms): Min: 7.7, Avg: 8.1, Max: 8.3, Diff: 0.6, Sum: 64.5]
      [Code Root Scanning (ms): Min: 0.0, Avg: 0.0, Max: 0.3, Diff: 0.3, Sum: 0.3]
      [Object Copy (ms): Min: 71.8, Avg: 72.0, Max: 72.1, Diff: 0.3, Sum: 576.3]
      [Termination (ms): Min: 0.0, Avg: 0.0, Max: 0.0, Diff: 0.0, Sum: 0.0]
         [Termination Attempts: Min: 1, Avg: 2.0, Max: 4, Diff: 3, Sum: 16]
      [GC Worker Other (ms): Min: 0.0, Avg: 0.0, Max: 0.0, Diff: 0.0, Sum: 0.1]
      [GC Worker Total (ms): Min: 92.4, Avg: 92.5, Max: 92.5, Diff: 0.1, Sum: 739.6]
      [GC Worker End (ms): Min: 840876.2, Avg: 840876.2, Max: 840876.2, Diff: 0.0]
   [Code Root Fixup: 0.0 ms]
   [Code Root Purge: 0.0 ms]
   [Clear CT: 1.1 ms]
   [Other: 7.3 ms]
      [Choose CSet: 0.1 ms]
      [Ref Proc: 0.7 ms]
      [Ref Enq: 0.0 ms]
      [Redirty Cards: 0.4 ms]
      [Humongous Register: 0.0 ms]
      [Humongous Reclaim: 0.0 ms]
      [Free CSet: 5.8 ms]
   [Eden: 90112.0K(90112.0K)->0.0B(388.0M) Survivors: 320.0M->20480.0K Heap: 3354.0M(8192.0M)->2462.0M(8192.0M)]
 [Times: user=0.75 sys=0.00, real=0.10 secs] 
844.056: [GC pause (G1 Evacuation Pause) (mixed), 0.0374823 secs]
   [Parallel Time: 31.3 ms, GC Workers: 8]
      [GC Worker Start (ms): Min: 844056.1, Avg: 844056.1, Max: 844056.2, Diff: 0.1]
      [Ext Root Scanning (ms): Min: 0.2, Avg: 0.4, Max: 1.3, Diff: 1.1, Sum: 3.2]
      [Update RS (ms): Min: 11.3, Avg: 12.2, Max: 12.6, Diff: 1.2, Sum: 97.6]
         [Processed Buffers: Min: 44, Avg: 57.6, Max: 66, Diff: 22, Sum: 461]
      [Scan RS (ms): Min: 7.3, Avg: 7.5, Max: 7.6, Diff: 0.3, Sum: 59.7]
      [Code Root Scanning (ms): Min: 0.0, Avg: 0.0, Max: 0.1, Diff: 0.0, Sum: 0.1]
      [Object Copy (ms): Min: 10.7, Avg: 10.7, Max: 10.8, Diff: 0.1, Sum: 85.8]
      [Termination (ms): Min: 0.0, Avg: 0.0, Max: 0.0, Diff: 0.0, Sum: 0.0]
         [Termination Attempts: Min: 1, Avg: 2.5, Max: 4, Diff: 3, Sum: 20]
      [GC Worker Other (ms): Min: 0.0, Avg: 0.0, Max: 0.0, Diff: 0.0, Sum: 0.1]
      [GC Worker Total (ms): Min: 30.7, Avg: 30.8, Max: 30.9, Diff: 0.1, Sum: 246.6]
      [GC Worker End (ms): Min: 844086.9, Avg: 844086.9, Max: 844086.9, Diff: 0.0]
   [Code Root Fixup: 0.0 ms]
   [Code Root Purge: 0.0 ms]
   [Clear CT: 1.0 ms]
   [Other: 5.2 ms]
      [Choose CSet: 0.2 ms]
      [Ref Proc: 0.4 ms]
      [Ref Enq: 0.0 ms]
      [Redirty Cards: 0.6 ms]
      [Humongous Register: 0.0 ms]
      [Humongous Reclaim: 0.0 ms]
      [Free CSet: 3.7 ms]
   [Eden: 388.0M(388.0M)->0.0B(372.0M) Survivors: 20480.0K->36864.0K Heap: 2850.0M(8192.0M)->1676.0M(8192.0M)]
 [Times: user=0.25 sys=0.00, real=0.04 secs] 
847.730: [GC pause (G1 Evacuation Pause) (mixed), 0.0289204 secs]
   [Parallel Time: 25.4 ms, GC Workers: 8]
      [GC Worker Start (ms): Min: 847730.0, Avg: 847730.1, Max: 847730.1, Diff: 0.1]
      [Ext Root Scanning (ms): Min: 0.2, Avg: 0.4, Max: 1.4, Diff: 1.2, Sum: 3.3]
      [Update RS (ms): Min: 7.2, Avg: 8.0, Max: 8.3, Diff: 1.1, Sum: 64.1]
         [Processed Buffers: Min: 29, Avg: 33.8, Max: 42, Diff: 13, Sum: 270]
      [Scan RS (ms): Min: 1.9, Avg: 2.0, Max: 2.1, Diff: 0.2, Sum: 16.1]
      [Code Root Scanning (ms): Min: 0.0, Avg: 0.0, Max: 0.0, Diff: 0.0, Sum: 0.0]
      [Object Copy (ms): Min: 14.7, Avg: 14.8, Max: 14.8, Diff: 0.1, Sum: 118.1]
      [Termination (ms): Min: 0.0, Avg: 0.0, Max: 0.0, Diff: 0.0, Sum: 0.0]
         [Termination Attempts: Min: 1, Avg: 1.0, Max: 1, Diff: 0, Sum: 8]
      [GC Worker Other (ms): Min: 0.0, Avg: 0.0, Max: 0.0, Diff: 0.0, Sum: 0.1]
      [GC Worker Total (ms): Min: 25.1, Avg: 25.2, Max: 25.3, Diff: 0.1, Sum: 201.7]
      [GC Worker End (ms): Min: 847755.3, Avg: 847755.3, Max: 847755.3, Diff: 0.0]
   [Code Root Fixup: 0.0 ms]
   [Code Root Purge: 0.0 ms]
   [Clear CT: 1.2 ms]
   [Other: 2.3 ms]
      [Choose CSet: 0.1 ms]
      [Ref Proc: 0.4 ms]
      [Ref Enq: 0.0 ms]
      [Redirty Cards: 0.4 ms]
      [Humongous Register: 0.0 ms]
      [Humongous Reclaim: 0.0 ms]
      [Free CSet: 1.0 ms]
   [Eden: 372.0M(372.0M)->0.0B(4860.0M) Survivors: 36864.0K->53248.0K Heap: 2048.0M(8192.0M)->1478.0M(8192.0M)]
 [Times: user=0.25 sys=0.00, real=0.03 secs] 
893.112: [GC pause (G1 Evacuation Pause) (young), 0.0961775 secs]
   [Parallel Time: 91.3 ms, GC Workers: 8]
      [GC Worker Start (ms): Min: 893112.5, Avg: 893112.6, Max: 893112.7, Diff: 0.2]
      [Ext Root Scanning (ms): Min: 0.0, Avg: 0.4, Max: 1.3, Diff: 1.3, Sum: 3.0]
      [Update RS (ms): Min: 13.0, Avg: 13.8, Max: 14.0, Diff: 1.1, Sum: 110.1]
         [Processed Buffers: Min: 40, Avg: 45.6, Max: 56, Diff: 16, Sum: 365]
      [Scan RS (ms): Min: 0.0, Avg: 0.1, Max: 0.2, Diff: 0.1, Sum: 0.7]
      [Code Root Scanning (ms): Min: 0.0, Avg: 0.0, Max: 0.0, Diff: 0.0, Sum: 0.0]
      [Object Copy (ms): Min: 76.5, Avg: 76.6, Max: 76.6, Diff: 0.2, Sum: 612.6]
      [Termination (ms): Min: 0.0, Avg: 0.0, Max: 0.0, Diff: 0.0, Sum: 0.0]
         [Termination Attempts: Min: 3, Avg: 11.0, Max: 15, Diff: 12, Sum: 88]
      [GC Worker Other (ms): Min: 0.0, Avg: 0.2, Max: 0.6, Diff: 0.6, Sum: 1.8]
      [GC Worker Total (ms): Min: 90.9, Avg: 91.0, Max: 91.2, Diff: 0.3, Sum: 728.2]
      [GC Worker End (ms): Min: 893203.5, Avg: 893203.6, Max: 893203.7, Diff: 0.2]
   [Code Root Fixup: 0.0 ms]
   [Code Root Purge: 0.0 ms]
   [Clear CT: 1.1 ms]
   [Other: 3.7 ms]
      [Choose CSet: 0.0 ms]
      [Ref Proc: 2.6 ms]
      [Ref Enq: 0.0 ms]
      [Redirty Cards: 0.4 ms]
      [Humongous Register: 0.0 ms]
      [Humongous Reclaim: 0.0 ms]
      [Free CSet: 0.6 ms]
   [Eden: 4860.0M(4860.0M)->0.0B(4600.0M) Survivors: 53248.0K->312.0M Heap: 6338.0M(8192.0M)->1738.0M(8192.0M)]
 [Times: user=0.75 sys=0.00, real=0.10 secs] 
935.039: [GC pause (G1 Evacuation Pause) (young), 0.2164471 secs]
   [Parallel Time: 205.4 ms, GC Workers: 8]
      [GC Worker Start (ms): Min: 935039.5, Avg: 935039.5, Max: 935039.5, Diff: 0.0]
      [Ext Root Scanning (ms): Min: 0.3, Avg: 0.5, Max: 1.7, Diff: 1.4, Sum: 3.8]
      [Update RS (ms): Min: 12.1, Avg: 12.3, Max: 12.7, Diff: 0.6, Sum: 98.2]
         [Processed Buffers: Min: 23, Avg: 25.8, Max: 31, Diff: 8, Sum: 206]
      [Scan RS (ms): Min: 0.0, Avg: 0.2, Max: 0.3, Diff: 0.2, Sum: 1.2]
      [Code Root Scanning (ms): Min: 0.0, Avg: 0.0, Max: 0.0, Diff: 0.0, Sum: 0.0]
      [Object Copy (ms): Min: 191.5, Avg: 192.3, Max: 192.5, Diff: 1.0, Sum: 1538.6]
      [Termination (ms): Min: 0.0, Avg: 0.0, Max: 0.0, Diff: 0.0, Sum: 0.1]
         [Termination Attempts: Min: 1, Avg: 2.5, Max: 4, Diff: 3, Sum: 20]
      [GC Worker Other (ms): Min: 0.0, Avg: 0.1, Max: 0.1, Diff: 0.1, Sum: 0.7]
      [GC Worker Total (ms): Min: 205.2, Avg: 205.3, Max: 205.4, Diff: 0.1, Sum: 1642.5]
      [GC Worker End (ms): Min: 935244.7, Avg: 935244.8, Max: 935244.8, Diff: 0.1]
   [Code Root Fixup: 0.0 ms]
   [Code Root Purge: 0.0 ms]
   [Clear CT: 1.8 ms]
   [Other: 9.2 ms]
      [Choose CSet: 0.0 ms]
      [Ref Proc: 6.1 ms]
      [Ref Enq: 0.3 ms]
      [Redirty Cards: 0.2 ms]
      [Humongous Register: 0.0 ms]
      [Humongous Reclaim: 0.0 ms]
      [Free CSet: 1.8 ms]
   [Eden: 4600.0M(4600.0M)->0.0B(3024.0M) Survivors: 312.0M->540.0M Heap: 6338.0M(8192.0M)->1966.0M(8192.0M)]
 [Times: user=1.59 sys=0.02, real=0.22 secs] 
962.658: [GC pause (G1 Evacuation Pause) (young), 1.4196762 secs]
   [Parallel Time: 1413.5 ms, GC Workers: 8]
      [GC Worker Start (ms): Min: 962658.5, Avg: 962658.6, Max: 962658.7, Diff: 0.1]
      [Ext Root Scanning (ms): Min: 0.0, Avg: 0.4, Max: 1.6, Diff: 1.6, Sum: 3.3]
      [Update RS (ms): Min: 8.2, Avg: 9.3, Max: 9.7, Diff: 1.5, Sum: 74.0]
         [Processed Buffers: Min: 19, Avg: 24.5, Max: 33, Diff: 14, Sum: 196]
      [Scan RS (ms): Min: 0.0, Avg: 0.1, Max: 0.2, Diff: 0.1, Sum: 0.5]
      [Code Root Scanning (ms): Min: 0.0, Avg: 0.0, Max: 0.0, Diff: 0.0, Sum: 0.0]
      [Object Copy (ms): Min: 1402.8, Avg: 1403.1, Max: 1403.4, Diff: 0.7, Sum: 11224.6]
      [Termination (ms): Min: 0.0, Avg: 0.4, Max: 0.7, Diff: 0.7, Sum: 3.5]
         [Termination Attempts: Min: 1, Avg: 4.0, Max: 8, Diff: 7, Sum: 32]
      [GC Worker Other (ms): Min: 0.0, Avg: 0.2, Max: 0.4, Diff: 0.4, Sum: 1.3]
      [GC Worker Total (ms): Min: 1413.3, Avg: 1413.4, Max: 1413.5, Diff: 0.1, Sum: 11307.2]
      [GC Worker End (ms): Min: 964072.0, Avg: 964072.0, Max: 964072.0, Diff: 0.0]
   [Code Root Fixup: 0.0 ms]
   [Code Root Purge: 0.0 ms]
   [Clear CT: 1.0 ms]
   [Other: 5.2 ms]
      [Choose CSet: 0.0 ms]
      [Ref Proc: 2.8 ms]
      [Ref Enq: 0.1 ms]
      [Redirty Cards: 0.8 ms]
      [Humongous Register: 0.0 ms]
      [Humongous Reclaim: 0.0 ms]
      [Free CSet: 0.8 ms]
   [Eden: 3024.0M(3024.0M)->0.0B(228.0M) Survivors: 540.0M->180.0M Heap: 4990.0M(8192.0M)->2127.7M(8192.0M)]
 [Times: user=0.56 sys=6.99, real=1.42 secs] 
965.839: [GC pause (G1 Evacuation Pause) (young), 0.1179090 secs]
   [Parallel Time: 116.5 ms, GC Workers: 8]
      [GC Worker Start (ms): Min: 965839.3, Avg: 965839.3, Max: 965839.4, Diff: 0.1]
      [Ext Root Scanning (ms): Min: 0.1, Avg: 0.3, Max: 1.0, Diff: 0.9, Sum: 2.6]
      [Update RS (ms): Min: 14.0, Avg: 14.2, Max: 14.5, Diff: 0.5, Sum: 113.9]
         [Processed Buffers: Min: 63, Avg: 66.9, Max: 72, Diff: 9, Sum: 535]
      [Scan RS (ms): Min: 1.2, Avg: 1.5, Max: 1.6, Diff: 0.4, Sum: 11.7]
      [Code Root Scanning (ms): Min: 0.0, Avg: 0.0, Max: 0.0, Diff: 0.0, Sum: 0.0]
      [Object Copy (ms): Min: 99.4, Avg: 100.2, Max: 100.6, Diff: 1.2, Sum: 801.5]
      [Termination (ms): Min: 0.0, Avg: 0.1, Max: 0.1, Diff: 0.1, Sum: 0.8]
         [Termination Attempts: Min: 1, Avg: 2.3, Max: 4, Diff: 3, Sum: 18]
      [GC Worker Other (ms): Min: 0.0, Avg: 0.0, Max: 0.0, Diff: 0.0, Sum: 0.1]
      [GC Worker Total (ms): Min: 116.2, Avg: 116.3, Max: 116.4, Diff: 0.1, Sum: 930.5]
      [GC Worker End (ms): Min: 965955.6, Avg: 965955.6, Max: 965955.6, Diff: 0.0]
   [Code Root Fixup: 0.0 ms]
   [Code Root Purge: 0.0 ms]
   [Clear CT: 0.2 ms]
   [Other: 1.2 ms]
      [Choose CSet: 0.0 ms]
      [Ref Proc: 0.3 ms]
      [Ref Enq: 0.0 ms]
      [Redirty Cards: 0.2 ms]
      [Humongous Register: 0.0 ms]
      [Humongous Reclaim: 0.0 ms]
      [Free CSet: 0.2 ms]
   [Eden: 228.0M(228.0M)->0.0B(2556.0M) Survivors: 180.0M->20480.0K Heap: 2355.7M(8192.0M)->2140.0M(8192.0M)]
 [Times: user=0.22 sys=0.11, real=0.12 secs] 
990.423: [GC pause (G1 Evacuation Pause) (young), 0.0706346 secs]
   [Parallel Time: 66.0 ms, GC Workers: 8]
      [GC Worker Start (ms): Min: 990422.9, Avg: 990422.9, Max: 990423.0, Diff: 0.1]
      [Ext Root Scanning (ms): Min: 0.2, Avg: 0.4, Max: 1.2, Diff: 1.0, Sum: 3.0]
      [Update RS (ms): Min: 19.2, Avg: 19.6, Max: 19.9, Diff: 0.7, Sum: 156.9]
         [Processed Buffers: Min: 61, Avg: 70.0, Max: 75, Diff: 14, Sum: 560]
      [Scan RS (ms): Min: 0.0, Avg: 0.1, Max: 0.2, Diff: 0.1, Sum: 0.4]
      [Code Root Scanning (ms): Min: 0.0, Avg: 0.0, Max: 0.0, Diff: 0.0, Sum: 0.0]
      [Object Copy (ms): Min: 44.9, Avg: 45.2, Max: 45.3, Diff: 0.4, Sum: 361.5]
      [Termination (ms): Min: 0.0, Avg: 0.0, Max: 0.0, Diff: 0.0, Sum: 0.0]
         [Termination Attempts: Min: 1, Avg: 1.0, Max: 1, Diff: 0, Sum: 8]
      [GC Worker Other (ms): Min: 0.2, Avg: 0.4, Max: 0.5, Diff: 0.3, Sum: 3.2]
      [GC Worker Total (ms): Min: 65.5, Avg: 65.6, Max: 65.8, Diff: 0.4, Sum: 525.0]
      [GC Worker End (ms): Min: 990488.4, Avg: 990488.6, Max: 990488.7, Diff: 0.3]
   [Code Root Fixup: 0.0 ms]
   [Code Root Purge: 0.0 ms]
   [Clear CT: 0.7 ms]
   [Other: 3.9 ms]
      [Choose CSet: 0.0 ms]
      [Ref Proc: 2.4 ms]
      [Ref Enq: 0.0 ms]
      [Redirty Cards: 0.5 ms]
      [Humongous Register: 0.0 ms]
      [Humongous Reclaim: 0.0 ms]
      [Free CSet: 0.6 ms]
   [Eden: 2556.0M(2556.0M)->0.0B(1000.0M) Survivors: 20480.0K->168.0M Heap: 4696.0M(8192.0M)->2288.0M(8192.0M)]
 [Times: user=0.39 sys=0.00, real=0.07 secs] 
999.760: [GC pause (G1 Evacuation Pause) (young), 0.1081563 secs]
   [Parallel Time: 106.3 ms, GC Workers: 8]
      [GC Worker Start (ms): Min: 999760.5, Avg: 999760.5, Max: 999760.6, Diff: 0.1]
      [Ext Root Scanning (ms): Min: 0.2, Avg: 0.3, Max: 1.0, Diff: 0.9, Sum: 2.8]
      [Update RS (ms): Min: 7.4, Avg: 7.9, Max: 8.5, Diff: 1.1, Sum: 63.0]
         [Processed Buffers: Min: 19, Avg: 25.3, Max: 33, Diff: 14, Sum: 202]
      [Scan RS (ms): Min: 0.0, Avg: 0.0, Max: 0.1, Diff: 0.0, Sum: 0.1]
      [Code Root Scanning (ms): Min: 0.0, Avg: 0.0, Max: 0.0, Diff: 0.0, Sum: 0.0]
      [Object Copy (ms): Min: 96.9, Avg: 97.9, Max: 98.4, Diff: 1.5, Sum: 782.8]
      [Termination (ms): Min: 0.0, Avg: 0.1, Max: 0.1, Diff: 0.1, Sum: 0.8]
         [Termination Attempts: Min: 1, Avg: 7.0, Max: 14, Diff: 13, Sum: 56]
      [GC Worker Other (ms): Min: 0.0, Avg: 0.0, Max: 0.0, Diff: 0.0, Sum: 0.1]
      [GC Worker Total (ms): Min: 106.1, Avg: 106.2, Max: 106.3, Diff: 0.1, Sum: 849.7]
      [GC Worker End (ms): Min: 999866.7, Avg: 999866.7, Max: 999866.7, Diff: 0.0]
   [Code Root Fixup: 0.0 ms]
   [Code Root Purge: 0.0 ms]
   [Clear CT: 0.2 ms]
   [Other: 1.6 ms]
      [Choose CSet: 0.0 ms]
      [Ref Proc: 0.4 ms]
      [Ref Enq: 0.0 ms]
      [Redirty Cards: 0.2 ms]
      [Humongous Register: 0.0 ms]
      [Humongous Reclaim: 0.0 ms]
      [Free CSet: 0.2 ms]
   [Eden: 1000.0M(1000.0M)->0.0B(2756.0M) Survivors: 168.0M->73728.0K Heap: 3288.0M(8192.0M)->2346.0M(8192.0M)]
 [Times: user=0.30 sys=0.06, real=0.11 secs] 
1025.095: [GC pause (G1 Evacuation Pause) (young), 0.0710246 secs]
   [Parallel Time: 67.7 ms, GC Workers: 8]
      [GC Worker Start (ms): Min: 1025095.0, Avg: 1025095.0, Max: 1025095.1, Diff: 0.2]
      [Ext Root Scanning (ms): Min: 0.2, Avg: 0.4, Max: 1.3, Diff: 1.1, Sum: 3.4]
      [Update RS (ms): Min: 18.0, Avg: 18.7, Max: 19.0, Diff: 1.0, Sum: 149.5]
         [Processed Buffers: Min: 61, Avg: 63.5, Max: 70, Diff: 9, Sum: 508]
      [Scan RS (ms): Min: 0.0, Avg: 0.1, Max: 0.1, Diff: 0.1, Sum: 0.4]
      [Code Root Scanning (ms): Min: 0.0, Avg: 0.0, Max: 0.0, Diff: 0.0, Sum: 0.0]
      [Object Copy (ms): Min: 48.0, Avg: 48.1, Max: 48.2, Diff: 0.2, Sum: 385.0]
      [Termination (ms): Min: 0.0, Avg: 0.0, Max: 0.0, Diff: 0.0, Sum: 0.0]
         [Termination Attempts: Min: 1, Avg: 1.3, Max: 2, Diff: 1, Sum: 10]
      [GC Worker Other (ms): Min: 0.0, Avg: 0.1, Max: 0.2, Diff: 0.2, Sum: 0.8]
      [GC Worker Total (ms): Min: 67.3, Avg: 67.4, Max: 67.5, Diff: 0.3, Sum: 539.1]
      [GC Worker End (ms): Min: 1025162.3, Avg: 1025162.4, Max: 1025162.5, Diff: 0.2]
   [Code Root Fixup: 0.0 ms]
   [Code Root Purge: 0.0 ms]
   [Clear CT: 0.9 ms]
   [Other: 2.5 ms]
      [Choose CSet: 0.0 ms]
      [Ref Proc: 1.4 ms]
      [Ref Enq: 0.0 ms]
      [Redirty Cards: 0.5 ms]
      [Humongous Register: 0.1 ms]
      [Humongous Reclaim: 0.0 ms]
      [Free CSet: 0.3 ms]
   [Eden: 2756.0M(2756.0M)->0.0B(2112.0M) Survivors: 73728.0K->208.0M Heap: 5102.0M(8192.0M)->2482.0M(8192.0M)]
 [Times: user=0.50 sys=0.00, real=0.07 secs] 
1044.551: [GC pause (G1 Evacuation Pause) (young), 0.1550305 secs]
   [Parallel Time: 151.9 ms, GC Workers: 8]
      [GC Worker Start (ms): Min: 1044551.0, Avg: 1044551.2, Max: 1044551.2, Diff: 0.2]
      [Ext Root Scanning (ms): Min: 0.1, Avg: 0.5, Max: 1.7, Diff: 1.6, Sum: 4.1]
      [Update RS (ms): Min: 9.9, Avg: 10.3, Max: 10.6, Diff: 0.7, Sum: 82.7]
         [Processed Buffers: Min: 20, Avg: 25.5, Max: 33, Diff: 13, Sum: 204]
      [Scan RS (ms): Min: 0.0, Avg: 0.0, Max: 0.1, Diff: 0.1, Sum: 0.3]
      [Code Root Scanning (ms): Min: 0.0, Avg: 0.0, Max: 0.0, Diff: 0.0, Sum: 0.0]
      [Object Copy (ms): Min: 139.8, Avg: 140.6, Max: 141.3, Diff: 1.5, Sum: 1124.8]
      [Termination (ms): Min: 0.0, Avg: 0.2, Max: 0.4, Diff: 0.4, Sum: 1.7]
         [Termination Attempts: Min: 1, Avg: 2.3, Max: 4, Diff: 3, Sum: 18]
      [GC Worker Other (ms): Min: 0.0, Avg: 0.0, Max: 0.0, Diff: 0.0, Sum: 0.1]
      [GC Worker Total (ms): Min: 151.6, Avg: 151.7, Max: 151.8, Diff: 0.2, Sum: 1213.6]
      [GC Worker End (ms): Min: 1044702.9, Avg: 1044702.9, Max: 1044702.9, Diff: 0.0]
   [Code Root Fixup: 0.0 ms]
   [Code Root Purge: 0.0 ms]
   [Clear CT: 0.6 ms]
   [Other: 2.5 ms]
      [Choose CSet: 0.0 ms]
      [Ref Proc: 1.2 ms]
      [Ref Enq: 0.0 ms]
      [Redirty Cards: 0.4 ms]
      [Humongous Register: 0.0 ms]
      [Humongous Reclaim: 0.0 ms]
      [Free CSet: 0.5 ms]
   [Eden: 2112.0M(2112.0M)->0.0B(2912.0M) Survivors: 208.0M->132.0M Heap: 4594.0M(8192.0M)->2608.0M(8192.0M)]
 [Times: user=0.39 sys=0.08, real=0.16 secs] 
1071.172: [GC pause (G1 Evacuation Pause) (young), 0.0877090 secs]
   [Parallel Time: 84.2 ms, GC Workers: 8]
      [GC Worker Start (ms): Min: 1071172.2, Avg: 1071172.2, Max: 1071172.3, Diff: 0.1]
      [Ext Root Scanning (ms): Min: 0.2, Avg: 0.4, Max: 1.2, Diff: 1.0, Sum: 3.2]
      [Update RS (ms): Min: 18.2, Avg: 18.9, Max: 19.2, Diff: 1.0, Sum: 150.9]
         [Processed Buffers: Min: 63, Avg: 71.3, Max: 78, Diff: 15, Sum: 570]
      [Scan RS (ms): Min: 0.0, Avg: 0.1, Max: 0.1, Diff: 0.1, Sum: 0.5]
      [Code Root Scanning (ms): Min: 0.0, Avg: 0.0, Max: 0.0, Diff: 0.0, Sum: 0.0]
      [Object Copy (ms): Min: 64.3, Avg: 64.4, Max: 64.4, Diff: 0.2, Sum: 515.2]
      [Termination (ms): Min: 0.0, Avg: 0.0, Max: 0.0, Diff: 0.0, Sum: 0.0]
         [Termination Attempts: Min: 1, Avg: 1.0, Max: 1, Diff: 0, Sum: 8]
      [GC Worker Other (ms): Min: 0.0, Avg: 0.1, Max: 0.1, Diff: 0.1, Sum: 0.4]
      [GC Worker Total (ms): Min: 83.7, Avg: 83.8, Max: 83.9, Diff: 0.2, Sum: 670.2]
      [GC Worker End (ms): Min: 1071256.0, Avg: 1071256.0, Max: 1071256.1, Diff: 0.1]
   [Code Root Fixup: 0.0 ms]
   [Code Root Purge: 0.0 ms]
   [Clear CT: 1.1 ms]
   [Other: 2.4 ms]
      [Choose CSet: 0.0 ms]
      [Ref Proc: 1.4 ms]
      [Ref Enq: 0.0 ms]
      [Redirty Cards: 0.5 ms]
      [Humongous Register: 0.0 ms]
      [Humongous Reclaim: 0.0 ms]
      [Free CSet: 0.4 ms]
   [Eden: 2912.0M(2912.0M)->0.0B(2588.0M) Survivors: 132.0M->280.0M Heap: 5520.0M(8192.0M)->2756.0M(8192.0M)]
 [Times: user=0.63 sys=0.00, real=0.09 secs] 
