OpenJDK 64-Bit Server VM (25.412-b1) for windows-amd64 JRE (1.8.0_412-b1), built on Apr 23 2024 12:00:37 by "Administrator" with MS VC++ 10.0 (VS2010)
Memory: 4k page, physical 16485540k(9295452k free), swap 28358524k(13188384k free)
CommandLine flags: -XX:ActiveProcessorCount=8 -XX:+G1ParallelFullGC -XX:+G1RebuildRemSet -XX:InitialHeapSize=8589934592 -XX:MaxHeapSize=8589934592 -XX:+PrintGC -XX:+PrintGCDetails -XX:+PrintGCTimeStamps -XX:+UseCompressedClassPointers -XX:+UseCompressedOops -XX:+UseG1GC -XX:-UseLargePagesIndividualAllocation 
1.198: [GC pause (Metadata GC Threshold) (young) (initial-mark), 0.0188158 secs]
   [Parallel Time: 15.4 ms, GC Workers: 8]
      [GC Worker Start (ms): Min: 1198.4, Avg: 1198.5, Max: 1198.6, Diff: 0.2]
      [Ext Root Scanning (ms): Min: 13.2, Avg: 13.5, Max: 13.9, Diff: 0.6, Sum: 107.9]
      [Update RS (ms): Min: 0.0, Avg: 0.0, Max: 0.0, Diff: 0.0, Sum: 0.0]
         [Processed Buffers: Min: 0, Avg: 0.0, Max: 0, Diff: 0, Sum: 0]
      [Scan RS (ms): Min: 0.0, Avg: 0.0, Max: 0.0, Diff: 0.0, Sum: 0.1]
      [Code Root Scanning (ms): Min: 0.1, Avg: 0.2, Max: 0.7, Diff: 0.6, Sum: 1.9]
      [Object Copy (ms): Min: 0.1, Avg: 0.8, Max: 1.1, Diff: 1.0, Sum: 6.6]
      [Termination (ms): Min: 0.5, Avg: 0.6, Max: 0.6, Diff: 0.1, Sum: 4.6]
         [Termination Attempts: Min: 36, Avg: 44.5, Max: 54, Diff: 18, Sum: 356]
      [GC Worker Other (ms): Min: 0.0, Avg: 0.0, Max: 0.0, Diff: 0.0, Sum: 0.1]
      [GC Worker Total (ms): Min: 15.0, Avg: 15.2, Max: 15.3, Diff: 0.2, Sum: 121.3]
      [GC Worker End (ms): Min: 1213.7, Avg: 1213.7, Max: 1213.7, Diff: 0.0]
   [Code Root Fixup: 0.0 ms]
   [Code Root Purge: 0.0 ms]
   [Clear CT: 0.0 ms]
   [Other: 3.4 ms]
      [Choose CSet: 0.0 ms]
      [Ref Proc: 2.9 ms]
      [Ref Enq: 0.0 ms]
      [Redirty Cards: 0.0 ms]
      [Humongous Register: 0.0 ms]
      [Humongous Reclaim: 0.1 ms]
      [Free CSet: 0.1 ms]
   [Eden: 77824.0K(408.0M)->0.0B(388.0M) Survivors: 0.0B->20480.0K Heap: 249.2M(8192.0M)->17391.8K(8192.0M)]
 [Times: user=0.05 sys=0.00, real=0.02 secs] 
1.218: [GC concurrent-root-region-scan-start]
1.223: [GC concurrent-root-region-scan-end, 0.0056122 secs]
1.223: [GC concurrent-mark-start]
1.224: [GC concurrent-mark-end, 0.0003388 secs]
1.224: [GC remark 1.224: [Finalize Marking, 0.0003909 secs] 1.224: [GC ref-proc, 0.0000835 secs] 1.224: [Unloading, 0.0022690 secs], 0.0029793 secs]
 [Times: user=0.00 sys=0.00, real=0.00 secs] 
1.227: [GC concurrent-remset-rebuild-start]
1.227: [GC concurrent-remset-rebuild-end, 0.0001051 secs]
1.227: [GC cleanup 21489K->21489K(8192M), 0.0003707 secs]
 [Times: user=0.00 sys=0.00, real=0.00 secs] 
1.974: [GC pause (Metadata GC Threshold) (young) (initial-mark), 0.0703944 secs]
   [Parallel Time: 64.1 ms, GC Workers: 8]
      [GC Worker Start (ms): Min: 1974.4, Avg: 1974.5, Max: 1974.5, Diff: 0.1]
      [Ext Root Scanning (ms): Min: 55.2, Avg: 55.8, Max: 57.7, Diff: 2.6, Sum: 446.2]
      [Update RS (ms): Min: 0.0, Avg: 0.0, Max: 0.0, Diff: 0.0, Sum: 0.0]
         [Processed Buffers: Min: 0, Avg: 0.0, Max: 0, Diff: 0, Sum: 0]
      [Scan RS (ms): Min: 0.0, Avg: 0.0, Max: 0.0, Diff: 0.0, Sum: 0.1]
      [Code Root Scanning (ms): Min: 0.0, Avg: 0.7, Max: 2.1, Diff: 2.1, Sum: 5.5]
      [Object Copy (ms): Min: 4.8, Avg: 7.1, Max: 8.2, Diff: 3.5, Sum: 56.6]
      [Termination (ms): Min: 0.1, Avg: 0.2, Max: 0.3, Diff: 0.2, Sum: 1.7]
         [Termination Attempts: Min: 1, Avg: 1.0, Max: 1, Diff: 0, Sum: 8]
      [GC Worker Other (ms): Min: 0.0, Avg: 0.0, Max: 0.1, Diff: 0.1, Sum: 0.1]
      [GC Worker Total (ms): Min: 63.7, Avg: 63.8, Max: 63.9, Diff: 0.2, Sum: 510.2]
      [GC Worker End (ms): Min: 2038.2, Avg: 2038.2, Max: 2038.3, Diff: 0.2]
   [Code Root Fixup: 0.4 ms]
   [Code Root Purge: 0.0 ms]
   [Clear CT: 0.4 ms]
   [Other: 5.4 ms]
      [Choose CSet: 0.0 ms]
      [Ref Proc: 4.4 ms]
      [Ref Enq: 0.0 ms]
      [Redirty Cards: 0.3 ms]
      [Humongous Register: 0.0 ms]
      [Humongous Reclaim: 0.0 ms]
      [Free CSet: 0.4 ms]
   [Eden: 224.0M(388.0M)->0.0B(360.0M) Survivors: 20480.0K->49152.0K Heap: 239.0M(8192.0M)->48426.1K(8192.0M)]
 [Times: user=0.09 sys=0.00, real=0.07 secs] 
2.045: [GC concurrent-root-region-scan-start]
2.075: [GC concurrent-root-region-scan-end, 0.0300731 secs]
2.075: [GC concurrent-mark-start]
2.075: [GC concurrent-mark-end, 0.0004067 secs]
2.076: [GC remark 2.076: [Finalize Marking, 0.0005536 secs] 2.076: [GC ref-proc, 0.0001145 secs] 2.076: [Unloading, 0.0042654 secs], 0.0052663 secs]
 [Times: user=0.03 sys=0.00, real=0.00 secs] 
2.081: [GC concurrent-remset-rebuild-start]
2.081: [GC concurrent-remset-rebuild-end, 0.0001238 secs]
2.081: [GC cleanup 73002K->73002K(8192M), 0.0004643 secs]
 [Times: user=0.00 sys=0.00, real=0.00 secs] 
2.324: [GC pause (G1 Evacuation Pause) (young) (initial-mark), 0.0856592 secs]
   [Parallel Time: 82.2 ms, GC Workers: 8]
      [GC Worker Start (ms): Min: 2324.5, Avg: 2324.5, Max: 2324.6, Diff: 0.1]
      [Ext Root Scanning (ms): Min: 55.6, Avg: 56.2, Max: 58.1, Diff: 2.5, Sum: 449.6]
      [Update RS (ms): Min: 0.0, Avg: 0.0, Max: 0.0, Diff: 0.0, Sum: 0.0]
         [Processed Buffers: Min: 0, Avg: 0.0, Max: 0, Diff: 0, Sum: 0]
      [Scan RS (ms): Min: 0.0, Avg: 0.0, Max: 0.1, Diff: 0.1, Sum: 0.1]
      [Code Root Scanning (ms): Min: 0.0, Avg: 0.5, Max: 2.8, Diff: 2.8, Sum: 4.0]
      [Object Copy (ms): Min: 23.5, Avg: 25.1, Max: 26.2, Diff: 2.8, Sum: 201.2]
      [Termination (ms): Min: 0.0, Avg: 0.0, Max: 0.1, Diff: 0.1, Sum: 0.4]
         [Termination Attempts: Min: 1, Avg: 1.0, Max: 1, Diff: 0, Sum: 8]
      [GC Worker Other (ms): Min: 0.0, Avg: 0.0, Max: 0.0, Diff: 0.0, Sum: 0.0]
      [GC Worker Total (ms): Min: 81.8, Avg: 81.9, Max: 82.0, Diff: 0.1, Sum: 655.4]
      [GC Worker End (ms): Min: 2406.4, Avg: 2406.5, Max: 2406.5, Diff: 0.1]
   [Code Root Fixup: 0.2 ms]
   [Code Root Purge: 0.0 ms]
   [Clear CT: 0.2 ms]
   [Other: 3.0 ms]
      [Choose CSet: 0.0 ms]
      [Ref Proc: 2.2 ms]
      [Ref Enq: 0.0 ms]
      [Redirty Cards: 0.2 ms]
      [Humongous Register: 0.0 ms]
      [Humongous Reclaim: 0.0 ms]
      [Free CSet: 0.3 ms]
   [Eden: 360.0M(360.0M)->0.0B(368.0M) Survivors: 49152.0K->40960.0K Heap: 407.3M(8192.0M)->82444.6K(8192.0M)]
 [Times: user=0.48 sys=0.00, real=0.09 secs] 
2.410: [GC concurrent-root-region-scan-start]
2.444: [GC concurrent-root-region-scan-end, 0.0340052 secs]
2.444: [GC concurrent-mark-start]
2.544: [GC concurrent-mark-end, 0.0996734 secs]
2.545: [GC remark 2.545: [Finalize Marking, 0.0001242 secs] 2.545: [GC ref-proc, 0.0001951 secs] 2.545: [Unloading, 0.0046847 secs], 0.0054285 secs]
 [Times: user=0.05 sys=0.02, real=0.01 secs] 
2.550: [GC concurrent-remset-rebuild-start]
2.579: [GC concurrent-remset-rebuild-end, 0.0283507 secs]
2.579: [GC cleanup 359M->359M(8192M), 0.0004150 secs]
 [Times: user=0.00 sys=0.00, real=0.00 secs] 
2.698: [GC pause (G1 Evacuation Pause) (young), 0.0200775 secs]
   [Parallel Time: 18.1 ms, GC Workers: 8]
      [GC Worker Start (ms): Min: 2697.6, Avg: 2697.7, Max: 2697.7, Diff: 0.0]
      [Ext Root Scanning (ms): Min: 0.4, Avg: 1.1, Max: 5.7, Diff: 5.2, Sum: 9.0]
      [Update RS (ms): Min: 0.0, Avg: 2.5, Max: 6.8, Diff: 6.8, Sum: 19.8]
         [Processed Buffers: Min: 0, Avg: 3.0, Max: 7, Diff: 7, Sum: 24]
      [Scan RS (ms): Min: 0.0, Avg: 2.0, Max: 2.9, Diff: 2.9, Sum: 16.2]
      [Code Root Scanning (ms): Min: 0.0, Avg: 0.0, Max: 0.0, Diff: 0.0, Sum: 0.2]
      [Object Copy (ms): Min: 10.5, Avg: 12.4, Max: 14.4, Diff: 3.9, Sum: 99.1]
      [Termination (ms): Min: 0.0, Avg: 0.0, Max: 0.1, Diff: 0.0, Sum: 0.3]
         [Termination Attempts: Min: 1, Avg: 1.0, Max: 1, Diff: 0, Sum: 8]
      [GC Worker Other (ms): Min: 0.0, Avg: 0.0, Max: 0.0, Diff: 0.0, Sum: 0.0]
      [GC Worker Total (ms): Min: 18.1, Avg: 18.1, Max: 18.1, Diff: 0.0, Sum: 144.7]
      [GC Worker End (ms): Min: 2715.7, Avg: 2715.7, Max: 2715.8, Diff: 0.0]
   [Code Root Fixup: 0.0 ms]
   [Code Root Purge: 0.0 ms]
   [Clear CT: 0.1 ms]
   [Other: 1.8 ms]
      [Choose CSet: 0.0 ms]
      [Ref Proc: 1.2 ms]
      [Ref Enq: 0.0 ms]
      [Redirty Cards: 0.0 ms]
      [Humongous Register: 0.1 ms]
      [Humongous Reclaim: 0.0 ms]
      [Free CSet: 0.4 ms]
   [Eden: 368.0M(368.0M)->0.0B(388.0M) Survivors: 40960.0K->20480.0K Heap: 448.5M(8192.0M)->89308.0K(8192.0M)]
 [Times: user=0.20 sys=0.00, real=0.02 secs] 
3.142: [GC pause (G1 Evacuation Pause) (young), 0.0076885 secs]
   [Parallel Time: 6.1 ms, GC Workers: 8]
      [GC Worker Start (ms): Min: 3142.2, Avg: 3142.3, Max: 3142.3, Diff: 0.1]
      [Ext Root Scanning (ms): Min: 0.5, Avg: 1.1, Max: 5.0, Diff: 4.5, Sum: 9.0]
      [Update RS (ms): Min: 0.0, Avg: 2.9, Max: 3.9, Diff: 3.9, Sum: 23.5]
         [Processed Buffers: Min: 0, Avg: 2.8, Max: 6, Diff: 6, Sum: 22]
      [Scan RS (ms): Min: 1.0, Avg: 1.2, Max: 1.5, Diff: 0.5, Sum: 10.0]
      [Code Root Scanning (ms): Min: 0.0, Avg: 0.0, Max: 0.1, Diff: 0.1, Sum: 0.3]
      [Object Copy (ms): Min: 0.1, Avg: 0.7, Max: 1.9, Diff: 1.8, Sum: 5.4]
      [Termination (ms): Min: 0.0, Avg: 0.0, Max: 0.0, Diff: 0.0, Sum: 0.3]
         [Termination Attempts: Min: 1, Avg: 1.0, Max: 1, Diff: 0, Sum: 8]
      [GC Worker Other (ms): Min: 0.0, Avg: 0.0, Max: 0.0, Diff: 0.0, Sum: 0.0]
      [GC Worker Total (ms): Min: 6.0, Avg: 6.1, Max: 6.1, Diff: 0.0, Sum: 48.5]
      [GC Worker End (ms): Min: 3148.3, Avg: 3148.3, Max: 3148.3, Diff: 0.0]
   [Code Root Fixup: 0.0 ms]
   [Code Root Purge: 0.0 ms]
   [Clear CT: 0.1 ms]
   [Other: 1.4 ms]
      [Choose CSet: 0.0 ms]
      [Ref Proc: 0.5 ms]
      [Ref Enq: 0.0 ms]
      [Redirty Cards: 0.1 ms]
      [Humongous Register: 0.1 ms]
      [Humongous Reclaim: 0.0 ms]
      [Free CSet: 0.6 ms]
   [Eden: 388.0M(388.0M)->0.0B(392.0M) Survivors: 20480.0K->16384.0K Heap: 475.2M(8192.0M)->87260.0K(8192.0M)]
 [Times: user=0.00 sys=0.00, real=0.01 secs] 
3.266: [GC pause (G1 Evacuation Pause) (young), 0.0054122 secs]
   [Parallel Time: 4.3 ms, GC Workers: 8]
      [GC Worker Start (ms): Min: 3266.6, Avg: 3266.6, Max: 3266.6, Diff: 0.1]
      [Ext Root Scanning (ms): Min: 0.3, Avg: 0.8, Max: 3.7, Diff: 3.3, Sum: 6.6]
      [Update RS (ms): Min: 0.0, Avg: 1.2, Max: 2.0, Diff: 2.0, Sum: 9.7]
         [Processed Buffers: Min: 0, Avg: 2.4, Max: 6, Diff: 6, Sum: 19]
      [Scan RS (ms): Min: 0.4, Avg: 1.7, Max: 2.2, Diff: 1.8, Sum: 13.4]
      [Code Root Scanning (ms): Min: 0.0, Avg: 0.0, Max: 0.1, Diff: 0.1, Sum: 0.2]
      [Object Copy (ms): Min: 0.1, Avg: 0.4, Max: 1.1, Diff: 1.1, Sum: 3.4]
      [Termination (ms): Min: 0.0, Avg: 0.0, Max: 0.0, Diff: 0.0, Sum: 0.3]
         [Termination Attempts: Min: 1, Avg: 1.0, Max: 1, Diff: 0, Sum: 8]
      [GC Worker Other (ms): Min: 0.0, Avg: 0.0, Max: 0.0, Diff: 0.0, Sum: 0.0]
      [GC Worker Total (ms): Min: 4.2, Avg: 4.2, Max: 4.2, Diff: 0.1, Sum: 33.6]
      [GC Worker End (ms): Min: 3270.8, Avg: 3270.8, Max: 3270.8, Diff: 0.0]
   [Code Root Fixup: 0.0 ms]
   [Code Root Purge: 0.0 ms]
   [Clear CT: 0.2 ms]
   [Other: 0.9 ms]
      [Choose CSet: 0.0 ms]
      [Ref Proc: 0.4 ms]
      [Ref Enq: 0.0 ms]
      [Redirty Cards: 0.0 ms]
      [Humongous Register: 0.1 ms]
      [Humongous Reclaim: 0.0 ms]
      [Free CSet: 0.3 ms]
   [Eden: 392.0M(392.0M)->0.0B(832.0M) Survivors: 16384.0K->12288.0K Heap: 477.2M(8192.0M)->82672.3K(8192.0M)]
 [Times: user=0.00 sys=0.00, real=0.01 secs] 
3.502: [GC pause (G1 Evacuation Pause) (young), 0.0062232 secs]
   [Parallel Time: 4.6 ms, GC Workers: 8]
      [GC Worker Start (ms): Min: 3502.6, Avg: 3502.7, Max: 3502.7, Diff: 0.1]
      [Ext Root Scanning (ms): Min: 0.4, Avg: 1.1, Max: 4.5, Diff: 4.1, Sum: 8.8]
      [Update RS (ms): Min: 0.0, Avg: 1.6, Max: 2.1, Diff: 2.1, Sum: 12.5]
         [Processed Buffers: Min: 0, Avg: 2.9, Max: 6, Diff: 6, Sum: 23]
      [Scan RS (ms): Min: 0.0, Avg: 1.0, Max: 1.5, Diff: 1.5, Sum: 8.2]
      [Code Root Scanning (ms): Min: 0.0, Avg: 0.0, Max: 0.1, Diff: 0.1, Sum: 0.2]
      [Object Copy (ms): Min: 0.0, Avg: 0.5, Max: 1.2, Diff: 1.2, Sum: 4.2]
      [Termination (ms): Min: 0.0, Avg: 0.2, Max: 0.3, Diff: 0.3, Sum: 1.9]
         [Termination Attempts: Min: 1, Avg: 1.0, Max: 1, Diff: 0, Sum: 8]
      [GC Worker Other (ms): Min: 0.0, Avg: 0.0, Max: 0.0, Diff: 0.0, Sum: 0.0]
      [GC Worker Total (ms): Min: 4.5, Avg: 4.5, Max: 4.5, Diff: 0.0, Sum: 35.9]
      [GC Worker End (ms): Min: 3507.1, Avg: 3507.1, Max: 3507.2, Diff: 0.0]
   [Code Root Fixup: 0.0 ms]
   [Code Root Purge: 0.0 ms]
   [Clear CT: 0.2 ms]
   [Other: 1.5 ms]
      [Choose CSet: 0.0 ms]
      [Ref Proc: 0.7 ms]
      [Ref Enq: 0.0 ms]
      [Redirty Cards: 0.0 ms]
      [Humongous Register: 0.1 ms]
      [Humongous Reclaim: 0.0 ms]
      [Free CSet: 0.5 ms]
   [Eden: 832.0M(832.0M)->0.0B(4900.0M) Survivors: 12288.0K->12288.0K Heap: 912.7M(8192.0M)->80457.1K(8192.0M)]
 [Times: user=0.00 sys=0.00, real=0.01 secs] 
4.977: [GC pause (G1 Evacuation Pause) (young), 0.0101819 secs]
   [Parallel Time: 7.2 ms, GC Workers: 8]
      [GC Worker Start (ms): Min: 4977.7, Avg: 4977.8, Max: 4977.8, Diff: 0.1]
      [Ext Root Scanning (ms): Min: 0.4, Avg: 1.0, Max: 4.3, Diff: 3.8, Sum: 7.9]
      [Update RS (ms): Min: 0.0, Avg: 2.6, Max: 4.2, Diff: 4.2, Sum: 21.1]
         [Processed Buffers: Min: 0, Avg: 2.6, Max: 6, Diff: 6, Sum: 21]
      [Scan RS (ms): Min: 0.8, Avg: 2.0, Max: 2.7, Diff: 2.0, Sum: 16.0]
      [Code Root Scanning (ms): Min: 0.0, Avg: 0.1, Max: 0.4, Diff: 0.4, Sum: 1.2]
      [Object Copy (ms): Min: 0.1, Avg: 1.2, Max: 5.6, Diff: 5.5, Sum: 9.6]
      [Termination (ms): Min: 0.0, Avg: 0.0, Max: 0.1, Diff: 0.1, Sum: 0.4]
         [Termination Attempts: Min: 1, Avg: 1.1, Max: 2, Diff: 1, Sum: 9]
      [GC Worker Other (ms): Min: 0.0, Avg: 0.0, Max: 0.0, Diff: 0.0, Sum: 0.1]
      [GC Worker Total (ms): Min: 7.0, Avg: 7.0, Max: 7.1, Diff: 0.1, Sum: 56.2]
      [GC Worker End (ms): Min: 4984.8, Avg: 4984.8, Max: 4984.8, Diff: 0.0]
   [Code Root Fixup: 0.0 ms]
   [Code Root Purge: 0.0 ms]
   [Clear CT: 1.2 ms]
   [Other: 1.8 ms]
      [Choose CSet: 0.0 ms]
      [Ref Proc: 0.3 ms]
      [Ref Enq: 0.0 ms]
      [Redirty Cards: 0.0 ms]
      [Humongous Register: 0.2 ms]
      [Humongous Reclaim: 0.0 ms]
      [Free CSet: 0.7 ms]
   [Eden: 4900.0M(4900.0M)->0.0B(4900.0M) Survivors: 12288.0K->12288.0K Heap: 4978.6M(8192.0M)->81821.6K(8192.0M)]
 [Times: user=0.16 sys=0.02, real=0.01 secs] 
9.354: [GC pause (G1 Evacuation Pause) (young), 0.0237165 secs]
   [Parallel Time: 17.2 ms, GC Workers: 8]
      [GC Worker Start (ms): Min: 9353.9, Avg: 9354.0, Max: 9354.1, Diff: 0.2]
      [Ext Root Scanning (ms): Min: 0.2, Avg: 1.7, Max: 10.9, Diff: 10.7, Sum: 13.2]
      [Update RS (ms): Min: 0.0, Avg: 4.0, Max: 12.0, Diff: 12.0, Sum: 31.7]
         [Processed Buffers: Min: 0, Avg: 2.8, Max: 8, Diff: 8, Sum: 22]
      [Scan RS (ms): Min: 0.1, Avg: 6.1, Max: 9.0, Diff: 8.9, Sum: 49.1]
      [Code Root Scanning (ms): Min: 0.0, Avg: 0.2, Max: 1.2, Diff: 1.2, Sum: 1.9]
      [Object Copy (ms): Min: 3.5, Avg: 4.6, Max: 7.0, Diff: 3.5, Sum: 36.9]
      [Termination (ms): Min: 0.1, Avg: 0.2, Max: 0.3, Diff: 0.2, Sum: 1.2]
         [Termination Attempts: Min: 1, Avg: 1.0, Max: 1, Diff: 0, Sum: 8]
      [GC Worker Other (ms): Min: 0.0, Avg: 0.0, Max: 0.0, Diff: 0.0, Sum: 0.1]
      [GC Worker Total (ms): Min: 16.7, Avg: 16.8, Max: 16.9, Diff: 0.2, Sum: 134.2]
      [GC Worker End (ms): Min: 9370.6, Avg: 9370.7, Max: 9370.8, Diff: 0.2]
   [Code Root Fixup: 0.0 ms]
   [Code Root Purge: 0.0 ms]
   [Clear CT: 1.1 ms]
   [Other: 5.3 ms]
      [Choose CSet: 0.0 ms]
      [Ref Proc: 3.9 ms]
      [Ref Enq: 0.1 ms]
      [Redirty Cards: 0.2 ms]
      [Humongous Register: 0.1 ms]
      [Humongous Reclaim: 0.0 ms]
      [Free CSet: 0.9 ms]
   [Eden: 4900.0M(4900.0M)->0.0B(4872.0M) Survivors: 12288.0K->40960.0K Heap: 5000.8M(8192.0M)->128.9M(8192.0M)]
 [Times: user=0.14 sys=0.00, real=0.02 secs] 
47.362: [GC pause (G1 Evacuation Pause) (young), 0.1097933 secs]
   [Parallel Time: 102.5 ms, GC Workers: 8]
      [GC Worker Start (ms): Min: 47361.7, Avg: 47361.7, Max: 47361.8, Diff: 0.1]
      [Ext Root Scanning (ms): Min: 0.3, Avg: 3.0, Max: 22.1, Diff: 21.8, Sum: 24.1]
      [Update RS (ms): Min: 0.0, Avg: 10.2, Max: 31.1, Diff: 31.1, Sum: 81.6]
         [Processed Buffers: Min: 0, Avg: 4.1, Max: 20, Diff: 20, Sum: 33]
      [Scan RS (ms): Min: 0.0, Avg: 6.9, Max: 16.1, Diff: 16.0, Sum: 55.5]
      [Code Root Scanning (ms): Min: 0.0, Avg: 0.6, Max: 2.8, Diff: 2.8, Sum: 4.9]
      [Object Copy (ms): Min: 70.5, Avg: 81.2, Max: 101.7, Diff: 31.2, Sum: 649.7]
      [Termination (ms): Min: 0.1, Avg: 0.1, Max: 0.2, Diff: 0.2, Sum: 1.1]
         [Termination Attempts: Min: 1, Avg: 1.0, Max: 1, Diff: 0, Sum: 8]
      [GC Worker Other (ms): Min: 0.0, Avg: 0.0, Max: 0.0, Diff: 0.0, Sum: 0.0]
      [GC Worker Total (ms): Min: 102.0, Avg: 102.1, Max: 102.2, Diff: 0.2, Sum: 816.9]
      [GC Worker End (ms): Min: 47463.8, Avg: 47463.9, Max: 47463.9, Diff: 0.2]
   [Code Root Fixup: 0.2 ms]
   [Code Root Purge: 0.1 ms]
   [Clear CT: 1.2 ms]
   [Other: 5.8 ms]
      [Choose CSet: 0.0 ms]
      [Ref Proc: 4.7 ms]
      [Ref Enq: 0.1 ms]
      [Redirty Cards: 0.2 ms]
      [Humongous Register: 0.0 ms]
      [Humongous Reclaim: 0.0 ms]
      [Free CSet: 0.7 ms]
   [Eden: 4872.0M(4872.0M)->0.0B(1428.0M) Survivors: 40960.0K->360.0M Heap: 5000.9M(8192.0M)->428.1M(8192.0M)]
 [Times: user=0.67 sys=0.09, real=0.11 secs] 
59.589: [GC pause (G1 Evacuation Pause) (young), 0.1166336 secs]
   [Parallel Time: 113.9 ms, GC Workers: 8]
      [GC Worker Start (ms): Min: 59589.3, Avg: 59589.4, Max: 59589.4, Diff: 0.1]
      [Ext Root Scanning (ms): Min: 0.2, Avg: 3.9, Max: 28.5, Diff: 28.3, Sum: 30.9]
      [Update RS (ms): Min: 0.0, Avg: 14.2, Max: 28.0, Diff: 28.0, Sum: 113.9]
         [Processed Buffers: Min: 0, Avg: 12.1, Max: 34, Diff: 34, Sum: 97]
      [Scan RS (ms): Min: 0.0, Avg: 0.5, Max: 1.7, Diff: 1.7, Sum: 4.3]
      [Code Root Scanning (ms): Min: 0.0, Avg: 0.8, Max: 2.5, Diff: 2.5, Sum: 6.1]
      [Object Copy (ms): Min: 85.2, Avg: 94.2, Max: 113.4, Diff: 28.2, Sum: 753.5]
      [Termination (ms): Min: 0.0, Avg: 0.1, Max: 0.1, Diff: 0.0, Sum: 0.5]
         [Termination Attempts: Min: 1, Avg: 1.0, Max: 1, Diff: 0, Sum: 8]
      [GC Worker Other (ms): Min: 0.0, Avg: 0.0, Max: 0.0, Diff: 0.0, Sum: 0.0]
      [GC Worker Total (ms): Min: 113.6, Avg: 113.6, Max: 113.7, Diff: 0.1, Sum: 909.2]
      [GC Worker End (ms): Min: 59703.0, Avg: 59703.0, Max: 59703.0, Diff: 0.0]
   [Code Root Fixup: 0.2 ms]
   [Code Root Purge: 0.0 ms]
   [Clear CT: 0.5 ms]
   [Other: 2.0 ms]
      [Choose CSet: 0.0 ms]
      [Ref Proc: 1.2 ms]
      [Ref Enq: 0.0 ms]
      [Redirty Cards: 0.2 ms]
      [Humongous Register: 0.0 ms]
      [Humongous Reclaim: 0.0 ms]
      [Free CSet: 0.5 ms]
   [Eden: 1428.0M(1428.0M)->0.0B(940.0M) Survivors: 360.0M->108.0M Heap: 1856.1M(8192.0M)->487.8M(8192.0M)]
 [Times: user=0.89 sys=0.11, real=0.12 secs] 
64.976: [GC pause (G1 Evacuation Pause) (young), 0.0377924 secs]
   [Parallel Time: 35.8 ms, GC Workers: 8]
      [GC Worker Start (ms): Min: 64976.5, Avg: 64976.6, Max: 64976.7, Diff: 0.2]
      [Ext Root Scanning (ms): Min: 0.2, Avg: 0.5, Max: 2.0, Diff: 1.9, Sum: 3.9]
      [Update RS (ms): Min: 10.4, Avg: 16.5, Max: 34.9, Diff: 24.5, Sum: 132.3]
         [Processed Buffers: Min: 1, Avg: 4.4, Max: 10, Diff: 9, Sum: 35]
      [Scan RS (ms): Min: 0.0, Avg: 17.9, Max: 24.1, Diff: 24.1, Sum: 143.3]
      [Code Root Scanning (ms): Min: 0.0, Avg: 0.0, Max: 0.0, Diff: 0.0, Sum: 0.0]
      [Object Copy (ms): Min: 0.1, Avg: 0.3, Max: 0.4, Diff: 0.3, Sum: 2.2]
      [Termination (ms): Min: 0.1, Avg: 0.2, Max: 0.3, Diff: 0.3, Sum: 1.9]
         [Termination Attempts: Min: 1, Avg: 3.4, Max: 7, Diff: 6, Sum: 27]
      [GC Worker Other (ms): Min: 0.0, Avg: 0.0, Max: 0.0, Diff: 0.0, Sum: 0.0]
      [GC Worker Total (ms): Min: 35.4, Avg: 35.5, Max: 35.6, Diff: 0.2, Sum: 283.7]
      [GC Worker End (ms): Min: 65011.9, Avg: 65012.0, Max: 65012.1, Diff: 0.2]
   [Code Root Fixup: 0.0 ms]
   [Code Root Purge: 0.0 ms]
   [Clear CT: 0.4 ms]
   [Other: 1.6 ms]
      [Choose CSet: 0.0 ms]
      [Ref Proc: 0.9 ms]
      [Ref Enq: 0.0 ms]
      [Redirty Cards: 0.2 ms]
      [Humongous Register: 0.0 ms]
      [Humongous Reclaim: 0.0 ms]
      [Free CSet: 0.4 ms]
   [Eden: 652.0M(652.0M)->0.0B(4140.0M) Survivors: 108.0M->53248.0K Heap: 1139.8M(8192.0M)->521.9M(8192.0M)]
 [Times: user=0.13 sys=0.14, real=0.04 secs] 
81.554: [GC pause (G1 Evacuation Pause) (young), 0.0539773 secs]
   [Parallel Time: 51.1 ms, GC Workers: 8]
      [GC Worker Start (ms): Min: 81553.9, Avg: 81553.9, Max: 81553.9, Diff: 0.1]
      [Ext Root Scanning (ms): Min: 0.3, Avg: 0.5, Max: 2.0, Diff: 1.7, Sum: 4.1]
      [Update RS (ms): Min: 23.3, Avg: 30.5, Max: 42.4, Diff: 19.1, Sum: 243.6]
         [Processed Buffers: Min: 1, Avg: 5.0, Max: 15, Diff: 14, Sum: 40]
      [Scan RS (ms): Min: 6.4, Avg: 19.8, Max: 27.1, Diff: 20.7, Sum: 158.0]
      [Code Root Scanning (ms): Min: 0.0, Avg: 0.0, Max: 0.1, Diff: 0.1, Sum: 0.1]
      [Object Copy (ms): Min: 0.0, Avg: 0.1, Max: 0.2, Diff: 0.1, Sum: 0.7]
      [Termination (ms): Min: 0.1, Avg: 0.1, Max: 0.2, Diff: 0.1, Sum: 1.2]
         [Termination Attempts: Min: 1, Avg: 1.0, Max: 1, Diff: 0, Sum: 8]
      [GC Worker Other (ms): Min: 0.0, Avg: 0.0, Max: 0.0, Diff: 0.0, Sum: 0.1]
      [GC Worker Total (ms): Min: 50.9, Avg: 51.0, Max: 51.1, Diff: 0.2, Sum: 407.8]
      [GC Worker End (ms): Min: 81604.8, Avg: 81604.9, Max: 81604.9, Diff: 0.1]
   [Code Root Fixup: 0.0 ms]
   [Code Root Purge: 0.0 ms]
   [Clear CT: 0.6 ms]
   [Other: 2.2 ms]
      [Choose CSet: 0.0 ms]
      [Ref Proc: 1.1 ms]
      [Ref Enq: 0.0 ms]
      [Redirty Cards: 0.4 ms]
      [Humongous Register: 0.0 ms]
      [Humongous Reclaim: 0.0 ms]
      [Free CSet: 0.5 ms]
   [Eden: 1996.0M(1996.0M)->0.0B(652.0M) Survivors: 53248.0K->172.0M Heap: 2517.9M(8192.0M)->639.9M(8192.0M)]
 [Times: user=0.47 sys=0.00, real=0.05 secs] 
86.561: [GC pause (G1 Evacuation Pause) (young), 0.0548380 secs]
   [Parallel Time: 52.8 ms, GC Workers: 8]
      [GC Worker Start (ms): Min: 86561.0, Avg: 86561.0, Max: 86561.1, Diff: 0.1]
      [Ext Root Scanning (ms): Min: 0.2, Avg: 0.5, Max: 2.3, Diff: 2.1, Sum: 4.3]
      [Update RS (ms): Min: 20.1, Avg: 31.8, Max: 51.8, Diff: 31.7, Sum: 254.2]
         [Processed Buffers: Min: 1, Avg: 4.6, Max: 13, Diff: 12, Sum: 37]
      [Scan RS (ms): Min: 0.0, Avg: 19.5, Max: 31.4, Diff: 31.4, Sum: 156.0]
      [Code Root Scanning (ms): Min: 0.0, Avg: 0.0, Max: 0.1, Diff: 0.1, Sum: 0.2]
      [Object Copy (ms): Min: 0.2, Avg: 0.4, Max: 0.5, Diff: 0.3, Sum: 3.3]
      [Termination (ms): Min: 0.0, Avg: 0.2, Max: 0.3, Diff: 0.2, Sum: 1.3]
         [Termination Attempts: Min: 1, Avg: 1.0, Max: 1, Diff: 0, Sum: 8]
      [GC Worker Other (ms): Min: 0.0, Avg: 0.0, Max: 0.0, Diff: 0.0, Sum: 0.0]
      [GC Worker Total (ms): Min: 52.3, Avg: 52.4, Max: 52.5, Diff: 0.2, Sum: 419.2]
      [GC Worker End (ms): Min: 86613.3, Avg: 86613.4, Max: 86613.5, Diff: 0.2]
   [Code Root Fixup: 0.0 ms]
   [Code Root Purge: 0.0 ms]
   [Clear CT: 0.5 ms]
   [Other: 1.5 ms]
      [Choose CSet: 0.0 ms]
      [Ref Proc: 0.8 ms]
      [Ref Enq: 0.0 ms]
      [Redirty Cards: 0.2 ms]
      [Humongous Register: 0.0 ms]
      [Humongous Reclaim: 0.0 ms]
      [Free CSet: 0.3 ms]
   [Eden: 652.0M(652.0M)->0.0B(3344.0M) Survivors: 172.0M->57344.0K Heap: 1291.9M(8192.0M)->684.0M(8192.0M)]
 [Times: user=0.28 sys=0.09, real=0.06 secs] 
100.960: [GC pause (G1 Evacuation Pause) (young), 0.0437867 secs]
   [Parallel Time: 41.1 ms, GC Workers: 8]
      [GC Worker Start (ms): Min: 100960.4, Avg: 100960.4, Max: 100960.5, Diff: 0.1]
      [Ext Root Scanning (ms): Min: 0.2, Avg: 0.5, Max: 2.0, Diff: 1.8, Sum: 4.0]
      [Update RS (ms): Min: 11.5, Avg: 14.3, Max: 23.4, Diff: 11.9, Sum: 114.5]
         [Processed Buffers: Min: 1, Avg: 4.1, Max: 7, Diff: 6, Sum: 33]
      [Scan RS (ms): Min: 16.2, Avg: 25.3, Max: 28.3, Diff: 12.1, Sum: 202.2]
      [Code Root Scanning (ms): Min: 0.0, Avg: 0.0, Max: 0.1, Diff: 0.1, Sum: 0.2]
      [Object Copy (ms): Min: 0.6, Avg: 0.7, Max: 0.7, Diff: 0.2, Sum: 5.4]
      [Termination (ms): Min: 0.0, Avg: 0.1, Max: 0.1, Diff: 0.1, Sum: 0.5]
         [Termination Attempts: Min: 1, Avg: 1.0, Max: 1, Diff: 0, Sum: 8]
      [GC Worker Other (ms): Min: 0.0, Avg: 0.0, Max: 0.0, Diff: 0.0, Sum: 0.0]
      [GC Worker Total (ms): Min: 40.7, Avg: 40.8, Max: 41.0, Diff: 0.2, Sum: 326.7]
      [GC Worker End (ms): Min: 101001.2, Avg: 101001.3, Max: 101001.3, Diff: 0.1]
   [Code Root Fixup: 0.0 ms]
   [Code Root Purge: 0.0 ms]
   [Clear CT: 0.4 ms]
   [Other: 2.2 ms]
      [Choose CSet: 0.0 ms]
      [Ref Proc: 1.3 ms]
      [Ref Enq: 0.0 ms]
      [Redirty Cards: 0.1 ms]
      [Humongous Register: 0.0 ms]
      [Humongous Reclaim: 0.0 ms]
      [Free CSet: 0.5 ms]
   [Eden: 1752.0M(1632.0M)->0.0B(3048.0M) Survivors: 57344.0K->164.0M Heap: 2436.0M(8192.0M)->794.0M(8192.0M)]
 [Times: user=0.38 sys=0.00, real=0.04 secs] 
112.059: [GC pause (G1 Evacuation Pause) (young), 0.0637300 secs]
   [Parallel Time: 60.7 ms, GC Workers: 8]
      [GC Worker Start (ms): Min: 112058.9, Avg: 112059.0, Max: 112059.1, Diff: 0.2]
      [Ext Root Scanning (ms): Min: 0.2, Avg: 0.5, Max: 1.9, Diff: 1.7, Sum: 3.8]
      [Update RS (ms): Min: 18.9, Avg: 25.6, Max: 39.7, Diff: 20.8, Sum: 204.7]
         [Processed Buffers: Min: 1, Avg: 4.3, Max: 11, Diff: 10, Sum: 34]
      [Scan RS (ms): Min: 20.2, Avg: 34.0, Max: 40.5, Diff: 20.4, Sum: 271.9]
      [Code Root Scanning (ms): Min: 0.0, Avg: 0.0, Max: 0.1, Diff: 0.1, Sum: 0.3]
      [Object Copy (ms): Min: 0.1, Avg: 0.2, Max: 0.3, Diff: 0.2, Sum: 1.5]
      [Termination (ms): Min: 0.0, Avg: 0.2, Max: 0.3, Diff: 0.2, Sum: 1.3]
         [Termination Attempts: Min: 1, Avg: 1.0, Max: 1, Diff: 0, Sum: 8]
      [GC Worker Other (ms): Min: 0.0, Avg: 0.0, Max: 0.0, Diff: 0.0, Sum: 0.0]
      [GC Worker Total (ms): Min: 60.3, Avg: 60.4, Max: 60.5, Diff: 0.2, Sum: 483.5]
      [GC Worker End (ms): Min: 112119.3, Avg: 112119.4, Max: 112119.5, Diff: 0.2]
   [Code Root Fixup: 0.0 ms]
   [Code Root Purge: 0.0 ms]
   [Clear CT: 0.7 ms]
   [Other: 2.3 ms]
      [Choose CSet: 0.0 ms]
      [Ref Proc: 1.2 ms]
      [Ref Enq: 0.0 ms]
      [Redirty Cards: 0.4 ms]
      [Humongous Register: 0.0 ms]
      [Humongous Reclaim: 0.0 ms]
      [Free CSet: 0.5 ms]
   [Eden: 1420.0M(1420.0M)->0.0B(4620.0M) Survivors: 164.0M->104.0M Heap: 2214.0M(8192.0M)->878.0M(8192.0M)]
 [Times: user=0.47 sys=0.03, real=0.06 secs] 
130.999: [GC pause (G1 Evacuation Pause) (young), 0.0647180 secs]
   [Parallel Time: 59.0 ms, GC Workers: 8]
      [GC Worker Start (ms): Min: 130999.6, Avg: 130999.7, Max: 130999.7, Diff: 0.1]
      [Ext Root Scanning (ms): Min: 0.2, Avg: 0.5, Max: 1.8, Diff: 1.6, Sum: 3.7]
      [Update RS (ms): Min: 18.6, Avg: 25.2, Max: 43.1, Diff: 24.5, Sum: 201.4]
         [Processed Buffers: Min: 1, Avg: 4.3, Max: 9, Diff: 8, Sum: 34]
      [Scan RS (ms): Min: 15.1, Avg: 32.9, Max: 39.7, Diff: 24.6, Sum: 263.5]
      [Code Root Scanning (ms): Min: 0.0, Avg: 0.0, Max: 0.0, Diff: 0.0, Sum: 0.1]
      [Object Copy (ms): Min: 0.1, Avg: 0.2, Max: 0.3, Diff: 0.2, Sum: 1.7]
      [Termination (ms): Min: 0.0, Avg: 0.0, Max: 0.0, Diff: 0.0, Sum: 0.3]
         [Termination Attempts: Min: 1, Avg: 1.0, Max: 1, Diff: 0, Sum: 8]
      [GC Worker Other (ms): Min: 0.0, Avg: 0.0, Max: 0.0, Diff: 0.0, Sum: 0.1]
      [GC Worker Total (ms): Min: 58.8, Avg: 58.9, Max: 58.9, Diff: 0.1, Sum: 470.8]
      [GC Worker End (ms): Min: 131058.5, Avg: 131058.5, Max: 131058.5, Diff: 0.0]
   [Code Root Fixup: 0.0 ms]
   [Code Root Purge: 0.0 ms]
   [Clear CT: 0.9 ms]
   [Other: 4.9 ms]
      [Choose CSet: 0.0 ms]
      [Ref Proc: 3.1 ms]
      [Ref Enq: 0.2 ms]
      [Redirty Cards: 0.1 ms]
      [Humongous Register: 0.0 ms]
      [Humongous Reclaim: 0.0 ms]
      [Free CSet: 1.0 ms]
   [Eden: 2336.0M(2336.0M)->0.0B(4684.0M) Survivors: 104.0M->228.0M Heap: 3214.0M(8192.0M)->1004.0M(8192.0M)]
 [Times: user=0.39 sys=0.00, real=0.07 secs] 
153.199: [GC pause (G1 Evacuation Pause) (young), 0.1033731 secs]
   [Parallel Time: 99.8 ms, GC Workers: 8]
      [GC Worker Start (ms): Min: 153199.1, Avg: 153199.2, Max: 153199.3, Diff: 0.2]
      [Ext Root Scanning (ms): Min: 0.2, Avg: 0.5, Max: 1.9, Diff: 1.7, Sum: 3.9]
      [Update RS (ms): Min: 31.7, Avg: 45.5, Max: 77.4, Diff: 45.7, Sum: 364.3]
         [Processed Buffers: Min: 1, Avg: 3.6, Max: 11, Diff: 10, Sum: 29]
      [Scan RS (ms): Min: 21.2, Avg: 53.0, Max: 65.5, Diff: 44.3, Sum: 423.8]
      [Code Root Scanning (ms): Min: 0.0, Avg: 0.0, Max: 0.1, Diff: 0.1, Sum: 0.2]
      [Object Copy (ms): Min: 0.1, Avg: 0.1, Max: 0.2, Diff: 0.1, Sum: 0.9]
      [Termination (ms): Min: 0.1, Avg: 0.2, Max: 0.3, Diff: 0.2, Sum: 1.3]
         [Termination Attempts: Min: 1, Avg: 1.0, Max: 1, Diff: 0, Sum: 8]
      [GC Worker Other (ms): Min: 0.0, Avg: 0.0, Max: 0.0, Diff: 0.0, Sum: 0.1]
      [GC Worker Total (ms): Min: 99.1, Avg: 99.3, Max: 99.5, Diff: 0.3, Sum: 794.4]
      [GC Worker End (ms): Min: 153298.4, Avg: 153298.5, Max: 153298.6, Diff: 0.2]
   [Code Root Fixup: 0.0 ms]
   [Code Root Purge: 0.0 ms]
   [Clear CT: 0.8 ms]
   [Other: 2.8 ms]
      [Choose CSet: 0.0 ms]
      [Ref Proc: 1.4 ms]
      [Ref Enq: 0.1 ms]
      [Redirty Cards: 0.1 ms]
      [Humongous Register: 0.0 ms]
      [Humongous Reclaim: 0.0 ms]
      [Free CSet: 0.8 ms]
   [Eden: 2772.0M(2656.0M)->0.0B(2940.0M) Survivors: 228.0M->296.0M Heap: 3776.0M(8192.0M)->1152.0M(8192.0M)]
 [Times: user=0.83 sys=0.05, real=0.10 secs] 
178.119: [GC pause (G1 Evacuation Pause) (young), 0.1106877 secs]
   [Parallel Time: 106.7 ms, GC Workers: 8]
      [GC Worker Start (ms): Min: 178119.1, Avg: 178119.1, Max: 178119.2, Diff: 0.2]
      [Ext Root Scanning (ms): Min: 0.2, Avg: 0.5, Max: 2.3, Diff: 2.2, Sum: 4.3]
      [Update RS (ms): Min: 38.8, Avg: 54.2, Max: 81.2, Diff: 42.4, Sum: 433.7]
         [Processed Buffers: Min: 1, Avg: 3.6, Max: 12, Diff: 11, Sum: 29]
      [Scan RS (ms): Min: 24.0, Avg: 50.8, Max: 66.5, Diff: 42.5, Sum: 406.5]
      [Code Root Scanning (ms): Min: 0.0, Avg: 0.0, Max: 0.1, Diff: 0.1, Sum: 0.2]
      [Object Copy (ms): Min: 0.1, Avg: 0.4, Max: 0.5, Diff: 0.4, Sum: 2.8]
      [Termination (ms): Min: 0.2, Avg: 0.3, Max: 0.4, Diff: 0.3, Sum: 2.2]
         [Termination Attempts: Min: 1, Avg: 1.0, Max: 1, Diff: 0, Sum: 8]
      [GC Worker Other (ms): Min: 0.0, Avg: 0.0, Max: 0.0, Diff: 0.0, Sum: 0.0]
      [GC Worker Total (ms): Min: 106.1, Avg: 106.2, Max: 106.4, Diff: 0.3, Sum: 849.7]
      [GC Worker End (ms): Min: 178225.2, Avg: 178225.3, Max: 178225.5, Diff: 0.3]
   [Code Root Fixup: 0.0 ms]
   [Code Root Purge: 0.0 ms]
   [Clear CT: 0.8 ms]
   [Other: 3.2 ms]
      [Choose CSet: 0.0 ms]
      [Ref Proc: 2.0 ms]
      [Ref Enq: 0.0 ms]
      [Redirty Cards: 0.2 ms]
      [Humongous Register: 0.0 ms]
      [Humongous Reclaim: 0.0 ms]
      [Free CSet: 0.6 ms]
   [Eden: 2940.0M(2940.0M)->0.0B(1800.0M) Survivors: 296.0M->332.0M Heap: 4092.0M(8192.0M)->1316.0M(8192.0M)]
 [Times: user=0.84 sys=0.03, real=0.11 secs] 
198.375: [GC pause (G1 Evacuation Pause) (young), 0.1142913 secs]
   [Parallel Time: 110.9 ms, GC Workers: 8]
      [GC Worker Start (ms): Min: 198375.7, Avg: 198375.8, Max: 198375.9, Diff: 0.2]
      [Ext Root Scanning (ms): Min: 0.2, Avg: 0.5, Max: 2.0, Diff: 1.8, Sum: 3.9]
      [Update RS (ms): Min: 31.9, Avg: 47.8, Max: 84.8, Diff: 52.9, Sum: 382.0]
         [Processed Buffers: Min: 1, Avg: 3.5, Max: 11, Diff: 10, Sum: 28]
      [Scan RS (ms): Min: 25.2, Avg: 62.0, Max: 78.1, Diff: 52.9, Sum: 496.0]
      [Code Root Scanning (ms): Min: 0.0, Avg: 0.0, Max: 0.0, Diff: 0.0, Sum: 0.1]
      [Object Copy (ms): Min: 0.1, Avg: 0.2, Max: 0.3, Diff: 0.2, Sum: 1.5]
      [Termination (ms): Min: 0.1, Avg: 0.2, Max: 0.3, Diff: 0.2, Sum: 1.6]
         [Termination Attempts: Min: 1, Avg: 1.0, Max: 1, Diff: 0, Sum: 8]
      [GC Worker Other (ms): Min: 0.0, Avg: 0.0, Max: 0.0, Diff: 0.0, Sum: 0.0]
      [GC Worker Total (ms): Min: 110.5, Avg: 110.7, Max: 110.8, Diff: 0.3, Sum: 885.2]
      [GC Worker End (ms): Min: 198486.3, Avg: 198486.4, Max: 198486.5, Diff: 0.2]
   [Code Root Fixup: 0.0 ms]
   [Code Root Purge: 0.0 ms]
   [Clear CT: 0.7 ms]
   [Other: 2.6 ms]
      [Choose CSet: 0.0 ms]
      [Ref Proc: 1.6 ms]
      [Ref Enq: 0.0 ms]
      [Redirty Cards: 0.1 ms]
      [Humongous Register: 0.0 ms]
      [Humongous Reclaim: 0.0 ms]
      [Free CSet: 0.6 ms]
   [Eden: 1800.0M(1800.0M)->0.0B(4060.0M) Survivors: 332.0M->156.0M Heap: 3116.0M(8192.0M)->1450.0M(8192.0M)]
 [Times: user=0.73 sys=0.14, real=0.11 secs] 
210.582: [GC pause (GCLocker Initiated GC) (young), 0.0607622 secs]
   [Parallel Time: 58.2 ms, GC Workers: 8]
      [GC Worker Start (ms): Min: 210581.9, Avg: 210581.9, Max: 210582.0, Diff: 0.1]
      [Ext Root Scanning (ms): Min: 0.3, Avg: 0.6, Max: 2.2, Diff: 1.9, Sum: 4.6]
      [Update RS (ms): Min: 9.3, Avg: 13.8, Max: 27.0, Diff: 17.7, Sum: 110.5]
         [Processed Buffers: Min: 0, Avg: 3.5, Max: 11, Diff: 11, Sum: 28]
      [Scan RS (ms): Min: 30.1, Avg: 43.0, Max: 46.0, Diff: 15.9, Sum: 344.4]
      [Code Root Scanning (ms): Min: 0.0, Avg: 0.0, Max: 0.1, Diff: 0.1, Sum: 0.1]
      [Object Copy (ms): Min: 0.1, Avg: 0.2, Max: 0.3, Diff: 0.2, Sum: 1.9]
      [Termination (ms): Min: 0.1, Avg: 0.1, Max: 0.3, Diff: 0.2, Sum: 1.1]
         [Termination Attempts: Min: 1, Avg: 1.0, Max: 1, Diff: 0, Sum: 8]
      [GC Worker Other (ms): Min: 0.0, Avg: 0.0, Max: 0.0, Diff: 0.0, Sum: 0.0]
      [GC Worker Total (ms): Min: 57.7, Avg: 57.8, Max: 57.9, Diff: 0.2, Sum: 462.6]
      [GC Worker End (ms): Min: 210639.7, Avg: 210639.8, Max: 210639.9, Diff: 0.2]
   [Code Root Fixup: 0.0 ms]
   [Code Root Purge: 0.0 ms]
   [Clear CT: 0.3 ms]
   [Other: 2.2 ms]
      [Choose CSet: 0.0 ms]
      [Ref Proc: 1.0 ms]
      [Ref Enq: 0.0 ms]
      [Redirty Cards: 0.4 ms]
      [Humongous Register: 0.0 ms]
      [Humongous Reclaim: 0.0 ms]
      [Free CSet: 0.5 ms]
   [Eden: 1048.0M(252.0M)->0.0B(4860.0M) Survivors: 156.0M->53248.0K Heap: 2498.0M(8192.0M)->1526.0M(8192.0M)]
 [Times: user=0.45 sys=0.05, real=0.06 secs] 
237.292: [GC pause (G1 Evacuation Pause) (young), 0.0753639 secs]
   [Parallel Time: 71.5 ms, GC Workers: 8]
      [GC Worker Start (ms): Min: 237292.7, Avg: 237292.7, Max: 237292.7, Diff: 0.0]
      [Ext Root Scanning (ms): Min: 0.3, Avg: 0.6, Max: 2.4, Diff: 2.0, Sum: 4.7]
      [Update RS (ms): Min: 9.3, Avg: 17.8, Max: 39.8, Diff: 30.5, Sum: 142.5]
         [Processed Buffers: Min: 1, Avg: 3.4, Max: 8, Diff: 7, Sum: 27]
      [Scan RS (ms): Min: 30.9, Avg: 52.7, Max: 60.0, Diff: 29.1, Sum: 421.3]
      [Code Root Scanning (ms): Min: 0.0, Avg: 0.0, Max: 0.1, Diff: 0.1, Sum: 0.2]
      [Object Copy (ms): Min: 0.1, Avg: 0.1, Max: 0.2, Diff: 0.1, Sum: 1.1]
      [Termination (ms): Min: 0.1, Avg: 0.1, Max: 0.1, Diff: 0.0, Sum: 1.0]
         [Termination Attempts: Min: 1, Avg: 1.0, Max: 1, Diff: 0, Sum: 8]
      [GC Worker Other (ms): Min: 0.0, Avg: 0.0, Max: 0.0, Diff: 0.0, Sum: 0.1]
      [GC Worker Total (ms): Min: 71.3, Avg: 71.4, Max: 71.4, Diff: 0.1, Sum: 570.9]
      [GC Worker End (ms): Min: 237364.0, Avg: 237364.1, Max: 237364.1, Diff: 0.0]
   [Code Root Fixup: 0.0 ms]
   [Code Root Purge: 0.0 ms]
   [Clear CT: 0.7 ms]
   [Other: 3.1 ms]
      [Choose CSet: 0.0 ms]
      [Ref Proc: 1.8 ms]
      [Ref Enq: 0.1 ms]
      [Redirty Cards: 0.1 ms]
      [Humongous Register: 0.1 ms]
      [Humongous Reclaim: 0.0 ms]
      [Free CSet: 0.7 ms]
   [Eden: 2280.0M(1340.0M)->0.0B(4736.0M) Survivors: 53248.0K->176.0M Heap: 3806.0M(8192.0M)->1704.0M(8192.0M)]
 [Times: user=0.56 sys=0.06, real=0.08 secs] 
272.697: [GC pause (G1 Evacuation Pause) (young), 0.1037749 secs]
   [Parallel Time: 99.1 ms, GC Workers: 8]
      [GC Worker Start (ms): Min: 272697.5, Avg: 272697.5, Max: 272697.6, Diff: 0.1]
      [Ext Root Scanning (ms): Min: 0.3, Avg: 0.7, Max: 2.7, Diff: 2.4, Sum: 5.3]
      [Update RS (ms): Min: 36.1, Avg: 48.4, Max: 78.6, Diff: 42.4, Sum: 387.3]
         [Processed Buffers: Min: 1, Avg: 3.6, Max: 11, Diff: 10, Sum: 29]
      [Scan RS (ms): Min: 19.6, Avg: 49.4, Max: 60.6, Diff: 41.0, Sum: 395.3]
      [Code Root Scanning (ms): Min: 0.0, Avg: 0.0, Max: 0.1, Diff: 0.1, Sum: 0.2]
      [Object Copy (ms): Min: 0.1, Avg: 0.1, Max: 0.1, Diff: 0.0, Sum: 0.9]
      [Termination (ms): Min: 0.2, Avg: 0.3, Max: 0.4, Diff: 0.2, Sum: 2.2]
         [Termination Attempts: Min: 1, Avg: 1.5, Max: 2, Diff: 1, Sum: 12]
      [GC Worker Other (ms): Min: 0.0, Avg: 0.0, Max: 0.0, Diff: 0.0, Sum: 0.0]
      [GC Worker Total (ms): Min: 98.8, Avg: 98.9, Max: 99.1, Diff: 0.3, Sum: 791.3]
      [GC Worker End (ms): Min: 272796.3, Avg: 272796.4, Max: 272796.5, Diff: 0.2]
   [Code Root Fixup: 0.0 ms]
   [Code Root Purge: 0.0 ms]
   [Clear CT: 1.2 ms]
   [Other: 3.4 ms]
      [Choose CSet: 0.0 ms]
      [Ref Proc: 1.7 ms]
      [Ref Enq: 0.0 ms]
      [Redirty Cards: 0.5 ms]
      [Humongous Register: 0.0 ms]
      [Humongous Reclaim: 0.0 ms]
      [Free CSet: 0.8 ms]
   [Eden: 3044.0M(2108.0M)->0.0B(4660.0M) Survivors: 176.0M->252.0M Heap: 4748.0M(8192.0M)->1952.0M(8192.0M)]
 [Times: user=0.75 sys=0.13, real=0.10 secs] 
291.663: [GC pause (G1 Evacuation Pause) (young), 0.1070653 secs]
   [Parallel Time: 103.4 ms, GC Workers: 8]
      [GC Worker Start (ms): Min: 291663.0, Avg: 291663.1, Max: 291663.2, Diff: 0.1]
      [Ext Root Scanning (ms): Min: 0.3, Avg: 0.8, Max: 3.7, Diff: 3.3, Sum: 6.6]
      [Update RS (ms): Min: 23.1, Avg: 30.8, Max: 49.9, Diff: 26.7, Sum: 246.2]
         [Processed Buffers: Min: 1, Avg: 3.4, Max: 10, Diff: 9, Sum: 27]
      [Scan RS (ms): Min: 52.3, Avg: 70.9, Max: 79.0, Diff: 26.7, Sum: 567.3]
      [Code Root Scanning (ms): Min: 0.0, Avg: 0.0, Max: 0.1, Diff: 0.1, Sum: 0.3]
      [Object Copy (ms): Min: 0.2, Avg: 0.3, Max: 0.4, Diff: 0.2, Sum: 2.3]
      [Termination (ms): Min: 0.0, Avg: 0.1, Max: 0.2, Diff: 0.2, Sum: 1.0]
         [Termination Attempts: Min: 1, Avg: 1.0, Max: 1, Diff: 0, Sum: 8]
      [GC Worker Other (ms): Min: 0.0, Avg: 0.0, Max: 0.0, Diff: 0.0, Sum: 0.0]
      [GC Worker Total (ms): Min: 102.8, Avg: 103.0, Max: 103.1, Diff: 0.2, Sum: 823.7]
      [GC Worker End (ms): Min: 291765.9, Avg: 291766.0, Max: 291766.2, Diff: 0.2]
   [Code Root Fixup: 0.0 ms]
   [Code Root Purge: 0.0 ms]
   [Clear CT: 0.6 ms]
   [Other: 3.0 ms]
      [Choose CSet: 0.0 ms]
      [Ref Proc: 1.4 ms]
      [Ref Enq: 0.0 ms]
      [Redirty Cards: 0.6 ms]
      [Humongous Register: 0.1 ms]
      [Humongous Reclaim: 0.0 ms]
      [Free CSet: 0.6 ms]
   [Eden: 1616.0M(1384.0M)->0.0B(4768.0M) Survivors: 252.0M->144.0M Heap: 3568.0M(8192.0M)->2080.0M(8192.0M)]
 [Times: user=0.80 sys=0.08, real=0.11 secs] 
302.858: [GC pause (Metadata GC Threshold) (young) (initial-mark), 0.0573991 secs]
   [Parallel Time: 54.9 ms, GC Workers: 8]
      [GC Worker Start (ms): Min: 302858.1, Avg: 302858.1, Max: 302858.2, Diff: 0.2]
      [Ext Root Scanning (ms): Min: 1.4, Avg: 1.5, Max: 1.6, Diff: 0.2, Sum: 12.2]
      [Update RS (ms): Min: 10.8, Avg: 13.8, Max: 27.7, Diff: 16.9, Sum: 110.3]
         [Processed Buffers: Min: 1, Avg: 3.9, Max: 12, Diff: 11, Sum: 31]
      [Scan RS (ms): Min: 24.8, Avg: 38.7, Max: 41.6, Diff: 16.8, Sum: 309.6]
      [Code Root Scanning (ms): Min: 0.0, Avg: 0.0, Max: 0.0, Diff: 0.0, Sum: 0.1]
      [Object Copy (ms): Min: 0.1, Avg: 0.2, Max: 0.3, Diff: 0.2, Sum: 1.5]
      [Termination (ms): Min: 0.1, Avg: 0.2, Max: 0.3, Diff: 0.2, Sum: 1.3]
         [Termination Attempts: Min: 1, Avg: 1.1, Max: 2, Diff: 1, Sum: 9]
      [GC Worker Other (ms): Min: 0.0, Avg: 0.0, Max: 0.0, Diff: 0.0, Sum: 0.1]
      [GC Worker Total (ms): Min: 54.3, Avg: 54.4, Max: 54.5, Diff: 0.3, Sum: 435.1]
      [GC Worker End (ms): Min: 302912.4, Avg: 302912.5, Max: 302912.7, Diff: 0.2]
   [Code Root Fixup: 0.0 ms]
   [Code Root Purge: 0.0 ms]
   [Clear CT: 0.6 ms]
   [Other: 2.0 ms]
      [Choose CSet: 0.0 ms]
      [Ref Proc: 1.1 ms]
      [Ref Enq: 0.0 ms]
      [Redirty Cards: 0.3 ms]
      [Humongous Register: 0.0 ms]
      [Humongous Reclaim: 0.0 ms]
      [Free CSet: 0.3 ms]
   [Eden: 960.0M(4768.0M)->0.0B(4696.0M) Survivors: 144.0M->216.0M Heap: 3038.0M(8192.0M)->2150.0M(8192.0M)]
 [Times: user=0.39 sys=0.00, real=0.06 secs] 
302.915: [GC concurrent-root-region-scan-start]
302.940: [GC concurrent-root-region-scan-end, 0.0247881 secs]
302.940: [GC concurrent-mark-start]
303.127: [GC concurrent-mark-end, 0.1865632 secs]
303.127: [GC remark 303.127: [Finalize Marking, 0.0001924 secs] 303.127: [GC ref-proc, 0.0003111 secs] 303.127: [Unloading, 0.0074054 secs], 0.0088916 secs]
 [Times: user=0.00 sys=0.00, real=0.01 secs] 
303.136: [GC concurrent-remset-rebuild-start]
303.214: [GC concurrent-remset-rebuild-end, 0.0778188 secs]
303.214: [GC cleanup 2181M->1797M(8192M), 0.0009048 secs]
 [Times: user=0.00 sys=0.00, real=0.00 secs] 
303.215: [GC concurrent-cleanup-start]
303.215: [GC concurrent-cleanup-end, 0.0001133 secs]303.215:  [free physical memory: 0 KB, 0 regions, 0.0000000 secs]

327.064: [GC pause (G1 Evacuation Pause) (young) (initial-mark), 0.1068721 secs]
   [Parallel Time: 102.4 ms, GC Workers: 8]
      [GC Worker Start (ms): Min: 327064.6, Avg: 327064.7, Max: 327064.7, Diff: 0.1]
      [Ext Root Scanning (ms): Min: 3.0, Avg: 3.1, Max: 3.2, Diff: 0.3, Sum: 25.0]
      [Update RS (ms): Min: 13.0, Avg: 23.4, Max: 55.7, Diff: 42.8, Sum: 187.0]
         [Processed Buffers: Min: 1, Avg: 3.5, Max: 14, Diff: 13, Sum: 28]
      [Scan RS (ms): Min: 43.0, Avg: 75.2, Max: 85.7, Diff: 42.7, Sum: 601.8]
      [Code Root Scanning (ms): Min: 0.0, Avg: 0.1, Max: 0.3, Diff: 0.2, Sum: 0.6]
      [Object Copy (ms): Min: 0.1, Avg: 0.2, Max: 0.3, Diff: 0.2, Sum: 1.5]
      [Termination (ms): Min: 0.0, Avg: 0.1, Max: 0.2, Diff: 0.2, Sum: 0.9]
         [Termination Attempts: Min: 1, Avg: 1.0, Max: 1, Diff: 0, Sum: 8]
      [GC Worker Other (ms): Min: 0.0, Avg: 0.0, Max: 0.0, Diff: 0.0, Sum: 0.1]
      [GC Worker Total (ms): Min: 102.0, Avg: 102.1, Max: 102.2, Diff: 0.2, Sum: 816.8]
      [GC Worker End (ms): Min: 327166.7, Avg: 327166.8, Max: 327166.8, Diff: 0.2]
   [Code Root Fixup: 0.0 ms]
   [Code Root Purge: 0.0 ms]
   [Clear CT: 0.9 ms]
   [Other: 3.6 ms]
      [Choose CSet: 0.0 ms]
      [Ref Proc: 2.2 ms]
      [Ref Enq: 0.0 ms]
      [Redirty Cards: 0.1 ms]
      [Humongous Register: 0.0 ms]
      [Humongous Reclaim: 0.0 ms]
      [Free CSet: 0.7 ms]
   [Eden: 2280.0M(1300.0M)->0.0B(4720.0M) Survivors: 216.0M->192.0M Heap: 4046.0M(8192.0M)->1934.0M(8192.0M)]
 [Times: user=0.81 sys=0.00, real=0.11 secs] 
327.171: [GC concurrent-root-region-scan-start]
327.198: [GC concurrent-root-region-scan-end, 0.0273011 secs]
327.198: [GC concurrent-mark-start]
327.386: [GC concurrent-mark-end, 0.1873400 secs]
327.386: [GC remark 327.386: [Finalize Marking, 0.0001246 secs] 327.386: [GC ref-proc, 0.0003028 secs] 327.386: [Unloading, 0.0068505 secs], 0.0080735 secs]
 [Times: user=0.13 sys=0.00, real=0.01 secs] 
327.394: [GC concurrent-remset-rebuild-start]
327.468: [GC concurrent-remset-rebuild-end, 0.0733712 secs]
327.468: [GC cleanup 1966M->1906M(8192M), 0.0007717 secs]
 [Times: user=0.00 sys=0.00, real=0.00 secs] 
327.468: [GC concurrent-cleanup-start]
327.468: [GC concurrent-cleanup-end, 0.0000207 secs]327.468:  [free physical memory: 0 KB, 0 regions, 0.0000000 secs]

380.523: [GC pause (G1 Evacuation Pause) (young), 0.1574090 secs]
   [Parallel Time: 150.5 ms, GC Workers: 8]
      [GC Worker Start (ms): Min: 380523.0, Avg: 380523.1, Max: 380523.3, Diff: 0.2]
      [Ext Root Scanning (ms): Min: 0.2, Avg: 1.0, Max: 6.1, Diff: 5.9, Sum: 8.0]
      [Update RS (ms): Min: 5.9, Avg: 31.8, Max: 149.0, Diff: 143.0, Sum: 254.1]
         [Processed Buffers: Min: 0, Avg: 3.8, Max: 12, Diff: 12, Sum: 30]
      [Scan RS (ms): Min: 0.0, Avg: 115.7, Max: 138.0, Diff: 137.9, Sum: 925.6]
      [Code Root Scanning (ms): Min: 0.0, Avg: 0.1, Max: 0.3, Diff: 0.3, Sum: 0.7]
      [Object Copy (ms): Min: 0.9, Avg: 1.6, Max: 5.6, Diff: 4.7, Sum: 12.8]
      [Termination (ms): Min: 0.1, Avg: 0.1, Max: 0.1, Diff: 0.0, Sum: 0.5]
         [Termination Attempts: Min: 1, Avg: 1.0, Max: 1, Diff: 0, Sum: 8]
      [GC Worker Other (ms): Min: 0.0, Avg: 0.0, Max: 0.1, Diff: 0.1, Sum: 0.2]
      [GC Worker Total (ms): Min: 150.1, Avg: 150.2, Max: 150.4, Diff: 0.2, Sum: 1201.9]
      [GC Worker End (ms): Min: 380673.3, Avg: 380673.4, Max: 380673.4, Diff: 0.1]
   [Code Root Fixup: 0.0 ms]
   [Code Root Purge: 0.0 ms]
   [Clear CT: 1.7 ms]
   [Other: 5.2 ms]
      [Choose CSet: 0.0 ms]
      [Ref Proc: 3.6 ms]
      [Ref Enq: 0.1 ms]
      [Redirty Cards: 0.2 ms]
      [Humongous Register: 0.0 ms]
      [Humongous Reclaim: 0.0 ms]
      [Free CSet: 0.9 ms]
   [Eden: 4680.0M(896.0M)->0.0B(272.0M) Survivors: 192.0M->136.0M Heap: 6554.0M(8192.0M)->2220.0M(8192.0M)]
 [Times: user=1.13 sys=0.11, real=0.16 secs] 
383.693: [GC pause (G1 Evacuation Pause) (mixed), 0.0622471 secs]
   [Parallel Time: 59.7 ms, GC Workers: 8]
      [GC Worker Start (ms): Min: 383693.6, Avg: 383693.7, Max: 383693.8, Diff: 0.2]
      [Ext Root Scanning (ms): Min: 0.2, Avg: 0.6, Max: 2.7, Diff: 2.5, Sum: 4.8]
      [Update RS (ms): Min: 7.9, Avg: 13.9, Max: 28.3, Diff: 20.4, Sum: 111.5]
         [Processed Buffers: Min: 0, Avg: 3.4, Max: 11, Diff: 11, Sum: 27]
      [Scan RS (ms): Min: 28.3, Avg: 44.6, Max: 50.8, Diff: 22.6, Sum: 356.5]
      [Code Root Scanning (ms): Min: 0.0, Avg: 0.0, Max: 0.1, Diff: 0.1, Sum: 0.4]
      [Object Copy (ms): Min: 0.1, Avg: 0.1, Max: 0.2, Diff: 0.1, Sum: 0.9]
      [Termination (ms): Min: 0.0, Avg: 0.1, Max: 0.1, Diff: 0.1, Sum: 0.5]
         [Termination Attempts: Min: 1, Avg: 1.0, Max: 1, Diff: 0, Sum: 8]
      [GC Worker Other (ms): Min: 0.0, Avg: 0.0, Max: 0.0, Diff: 0.0, Sum: 0.0]
      [GC Worker Total (ms): Min: 59.2, Avg: 59.3, Max: 59.4, Diff: 0.2, Sum: 474.6]
      [GC Worker End (ms): Min: 383753.0, Avg: 383753.0, Max: 383753.1, Diff: 0.1]
   [Code Root Fixup: 0.0 ms]
   [Code Root Purge: 0.0 ms]
   [Clear CT: 0.7 ms]
   [Other: 1.9 ms]
      [Choose CSet: 0.1 ms]
      [Ref Proc: 0.5 ms]
      [Ref Enq: 0.0 ms]
      [Redirty Cards: 0.3 ms]
      [Humongous Register: 0.0 ms]
      [Humongous Reclaim: 0.0 ms]
      [Free CSet: 0.8 ms]
   [Eden: 272.0M(272.0M)->0.0B(376.0M) Survivors: 136.0M->32768.0K Heap: 2492.0M(8192.0M)->1466.0M(8192.0M)]
 [Times: user=0.39 sys=0.11, real=0.06 secs] 
388.159: [GC pause (G1 Evacuation Pause) (mixed), 0.0197321 secs]
   [Parallel Time: 17.2 ms, GC Workers: 8]
      [GC Worker Start (ms): Min: 388159.6, Avg: 388159.7, Max: 388159.8, Diff: 0.2]
      [Ext Root Scanning (ms): Min: 0.2, Avg: 0.5, Max: 2.2, Diff: 2.1, Sum: 4.4]
      [Update RS (ms): Min: 0.4, Avg: 2.5, Max: 4.8, Diff: 4.4, Sum: 20.3]
         [Processed Buffers: Min: 0, Avg: 3.3, Max: 10, Diff: 10, Sum: 26]
      [Scan RS (ms): Min: 11.5, Avg: 13.4, Max: 14.0, Diff: 2.5, Sum: 107.5]
      [Code Root Scanning (ms): Min: 0.0, Avg: 0.0, Max: 0.0, Diff: 0.0, Sum: 0.1]
      [Object Copy (ms): Min: 0.1, Avg: 0.2, Max: 0.3, Diff: 0.2, Sum: 1.6]
      [Termination (ms): Min: 0.0, Avg: 0.1, Max: 0.2, Diff: 0.2, Sum: 1.0]
         [Termination Attempts: Min: 1, Avg: 1.0, Max: 1, Diff: 0, Sum: 8]
      [GC Worker Other (ms): Min: 0.0, Avg: 0.0, Max: 0.0, Diff: 0.0, Sum: 0.0]
      [GC Worker Total (ms): Min: 16.7, Avg: 16.9, Max: 17.0, Diff: 0.3, Sum: 134.8]
      [GC Worker End (ms): Min: 388176.4, Avg: 388176.5, Max: 388176.6, Diff: 0.2]
   [Code Root Fixup: 0.0 ms]
   [Code Root Purge: 0.0 ms]
   [Clear CT: 0.5 ms]
   [Other: 2.0 ms]
      [Choose CSet: 0.0 ms]
      [Ref Proc: 0.8 ms]
      [Ref Enq: 0.0 ms]
      [Redirty Cards: 0.3 ms]
      [Humongous Register: 0.1 ms]
      [Humongous Reclaim: 0.0 ms]
      [Free CSet: 0.4 ms]
   [Eden: 376.0M(376.0M)->0.0B(4860.0M) Survivors: 32768.0K->53248.0K Heap: 1842.0M(8192.0M)->1450.0M(8192.0M)]
 [Times: user=0.13 sys=0.00, real=0.02 secs] 
416.278: [GC pause (G1 Evacuation Pause) (young), 0.0656852 secs]
   [Parallel Time: 62.2 ms, GC Workers: 8]
      [GC Worker Start (ms): Min: 416278.7, Avg: 416278.7, Max: 416278.8, Diff: 0.1]
      [Ext Root Scanning (ms): Min: 0.2, Avg: 0.5, Max: 1.9, Diff: 1.7, Sum: 4.0]
      [Update RS (ms): Min: 3.4, Avg: 6.9, Max: 15.4, Diff: 11.9, Sum: 55.2]
         [Processed Buffers: Min: 1, Avg: 3.5, Max: 11, Diff: 10, Sum: 28]
      [Scan RS (ms): Min: 46.2, Avg: 54.4, Max: 57.7, Diff: 11.4, Sum: 435.6]
      [Code Root Scanning (ms): Min: 0.0, Avg: 0.0, Max: 0.1, Diff: 0.1, Sum: 0.2]
      [Object Copy (ms): Min: 0.0, Avg: 0.1, Max: 0.1, Diff: 0.1, Sum: 0.6]
      [Termination (ms): Min: 0.0, Avg: 0.1, Max: 0.2, Diff: 0.1, Sum: 0.7]
         [Termination Attempts: Min: 1, Avg: 1.0, Max: 1, Diff: 0, Sum: 8]
      [GC Worker Other (ms): Min: 0.0, Avg: 0.0, Max: 0.0, Diff: 0.0, Sum: 0.0]
      [GC Worker Total (ms): Min: 61.9, Avg: 62.0, Max: 62.1, Diff: 0.2, Sum: 496.3]
      [GC Worker End (ms): Min: 416340.7, Avg: 416340.8, Max: 416340.9, Diff: 0.1]
   [Code Root Fixup: 0.0 ms]
   [Code Root Purge: 0.0 ms]
   [Clear CT: 0.7 ms]
   [Other: 2.8 ms]
      [Choose CSet: 0.0 ms]
      [Ref Proc: 1.7 ms]
      [Ref Enq: 0.1 ms]
      [Redirty Cards: 0.2 ms]
      [Humongous Register: 0.0 ms]
      [Humongous Reclaim: 0.0 ms]
      [Free CSet: 0.6 ms]
   [Eden: 2452.0M(356.0M)->0.0B(4860.0M) Survivors: 53248.0K->53248.0K Heap: 3902.0M(8192.0M)->1636.0M(8192.0M)]
 [Times: user=0.52 sys=0.00, real=0.07 secs] 
461.035: [GC pause (G1 Evacuation Pause) (young), 0.0882056 secs]
   [Parallel Time: 82.9 ms, GC Workers: 8]
      [GC Worker Start (ms): Min: 461035.1, Avg: 461035.1, Max: 461035.2, Diff: 0.2]
      [Ext Root Scanning (ms): Min: 0.2, Avg: 0.5, Max: 2.2, Diff: 2.0, Sum: 4.2]
      [Update RS (ms): Min: 19.0, Avg: 24.2, Max: 34.4, Diff: 15.4, Sum: 193.2]
         [Processed Buffers: Min: 1, Avg: 3.5, Max: 9, Diff: 8, Sum: 28]
      [Scan RS (ms): Min: 47.6, Avg: 57.7, Max: 61.6, Diff: 14.0, Sum: 461.4]
      [Code Root Scanning (ms): Min: 0.0, Avg: 0.0, Max: 0.0, Diff: 0.0, Sum: 0.1]
      [Object Copy (ms): Min: 0.0, Avg: 0.2, Max: 0.2, Diff: 0.2, Sum: 1.3]
      [Termination (ms): Min: 0.1, Avg: 0.2, Max: 0.3, Diff: 0.2, Sum: 1.3]
         [Termination Attempts: Min: 1, Avg: 1.0, Max: 1, Diff: 0, Sum: 8]
      [GC Worker Other (ms): Min: 0.0, Avg: 0.0, Max: 0.0, Diff: 0.0, Sum: 0.0]
      [GC Worker Total (ms): Min: 82.6, Avg: 82.7, Max: 82.8, Diff: 0.2, Sum: 661.5]
      [GC Worker End (ms): Min: 461117.8, Avg: 461117.8, Max: 461117.9, Diff: 0.2]
   [Code Root Fixup: 0.0 ms]
   [Code Root Purge: 0.0 ms]
   [Clear CT: 1.1 ms]
   [Other: 4.2 ms]
      [Choose CSet: 0.0 ms]
      [Ref Proc: 2.4 ms]
      [Ref Enq: 0.1 ms]
      [Redirty Cards: 0.5 ms]
      [Humongous Register: 0.0 ms]
      [Humongous Reclaim: 0.0 ms]
      [Free CSet: 0.9 ms]
   [Eden: 3900.0M(356.0M)->0.0B(4860.0M) Survivors: 53248.0K->53248.0K Heap: 5536.0M(8192.0M)->1924.0M(8192.0M)]
 [Times: user=0.61 sys=0.02, real=0.09 secs] 
516.202: [GC pause (G1 Evacuation Pause) (young), 0.1212330 secs]
   [Parallel Time: 115.1 ms, GC Workers: 8]
      [GC Worker Start (ms): Min: 516202.6, Avg: 516202.6, Max: 516202.7, Diff: 0.1]
      [Ext Root Scanning (ms): Min: 0.2, Avg: 0.5, Max: 1.9, Diff: 1.6, Sum: 4.1]
      [Update RS (ms): Min: 25.9, Avg: 31.8, Max: 40.1, Diff: 14.2, Sum: 254.8]
         [Processed Buffers: Min: 1, Avg: 3.9, Max: 12, Diff: 11, Sum: 31]
      [Scan RS (ms): Min: 74.1, Avg: 82.3, Max: 88.3, Diff: 14.2, Sum: 658.1]
      [Code Root Scanning (ms): Min: 0.0, Avg: 0.0, Max: 0.1, Diff: 0.1, Sum: 0.2]
      [Object Copy (ms): Min: 0.1, Avg: 0.1, Max: 0.2, Diff: 0.1, Sum: 1.1]
      [Termination (ms): Min: 0.0, Avg: 0.1, Max: 0.2, Diff: 0.1, Sum: 0.8]
         [Termination Attempts: Min: 1, Avg: 1.0, Max: 1, Diff: 0, Sum: 8]
      [GC Worker Other (ms): Min: 0.0, Avg: 0.0, Max: 0.0, Diff: 0.0, Sum: 0.0]
      [GC Worker Total (ms): Min: 114.8, Avg: 114.9, Max: 115.0, Diff: 0.2, Sum: 919.0]
      [GC Worker End (ms): Min: 516317.5, Avg: 516317.5, Max: 516317.6, Diff: 0.1]
   [Code Root Fixup: 0.0 ms]
   [Code Root Purge: 0.0 ms]
   [Clear CT: 1.7 ms]
   [Other: 4.4 ms]
      [Choose CSet: 0.0 ms]
      [Ref Proc: 2.9 ms]
      [Ref Enq: 0.1 ms]
      [Redirty Cards: 0.2 ms]
      [Humongous Register: 0.0 ms]
      [Humongous Reclaim: 0.0 ms]
      [Free CSet: 0.8 ms]
   [Eden: 4860.0M(4860.0M)->0.0B(4500.0M) Survivors: 53248.0K->412.0M Heap: 6784.0M(8192.0M)->2282.0M(8192.0M)]
 [Times: user=0.81 sys=0.06, real=0.12 secs] 
566.333: [GC pause (G1 Evacuation Pause) (young), 0.1848848 secs]
   [Parallel Time: 179.6 ms, GC Workers: 8]
      [GC Worker Start (ms): Min: 566332.9, Avg: 566333.0, Max: 566333.1, Diff: 0.1]
      [Ext Root Scanning (ms): Min: 0.3, Avg: 0.6, Max: 2.6, Diff: 2.4, Sum: 4.9]
      [Update RS (ms): Min: 45.3, Avg: 67.0, Max: 95.7, Diff: 50.4, Sum: 536.3]
         [Processed Buffers: Min: 1, Avg: 3.3, Max: 11, Diff: 10, Sum: 26]
      [Scan RS (ms): Min: 82.8, Avg: 111.3, Max: 133.2, Diff: 50.4, Sum: 890.1]
      [Code Root Scanning (ms): Min: 0.0, Avg: 0.0, Max: 0.0, Diff: 0.0, Sum: 0.2]
      [Object Copy (ms): Min: 0.1, Avg: 0.1, Max: 0.2, Diff: 0.1, Sum: 1.1]
      [Termination (ms): Min: 0.1, Avg: 0.2, Max: 0.3, Diff: 0.2, Sum: 1.4]
         [Termination Attempts: Min: 1, Avg: 1.0, Max: 1, Diff: 0, Sum: 8]
      [GC Worker Other (ms): Min: 0.0, Avg: 0.0, Max: 0.0, Diff: 0.0, Sum: 0.0]
      [GC Worker Total (ms): Min: 179.1, Avg: 179.3, Max: 179.4, Diff: 0.3, Sum: 1434.1]
      [GC Worker End (ms): Min: 566512.2, Avg: 566512.3, Max: 566512.4, Diff: 0.2]
   [Code Root Fixup: 0.0 ms]
   [Code Root Purge: 0.0 ms]
   [Clear CT: 1.4 ms]
   [Other: 3.9 ms]
      [Choose CSet: 0.0 ms]
      [Ref Proc: 2.4 ms]
      [Ref Enq: 0.0 ms]
      [Redirty Cards: 0.2 ms]
      [Humongous Register: 0.0 ms]
      [Humongous Reclaim: 0.0 ms]
      [Free CSet: 0.8 ms]
   [Eden: 4500.0M(4500.0M)->0.0B(4428.0M) Survivors: 412.0M->328.0M Heap: 6782.0M(8192.0M)->2586.0M(8192.0M)]
 [Times: user=1.38 sys=0.02, real=0.19 secs] 
611.883: [GC pause (G1 Evacuation Pause) (young), 0.2096541 secs]
   [Parallel Time: 205.1 ms, GC Workers: 8]
      [GC Worker Start (ms): Min: 611883.4, Avg: 611883.5, Max: 611883.5, Diff: 0.1]
      [Ext Root Scanning (ms): Min: 0.3, Avg: 0.5, Max: 2.0, Diff: 1.7, Sum: 4.2]
      [Update RS (ms): Min: 17.6, Avg: 31.3, Max: 48.7, Diff: 31.1, Sum: 250.5]
         [Processed Buffers: Min: 1, Avg: 3.0, Max: 17, Diff: 16, Sum: 24]
      [Scan RS (ms): Min: 155.5, Avg: 172.7, Max: 186.7, Diff: 31.2, Sum: 1381.4]
      [Code Root Scanning (ms): Min: 0.0, Avg: 0.0, Max: 0.0, Diff: 0.0, Sum: 0.2]
      [Object Copy (ms): Min: 0.3, Avg: 0.3, Max: 0.4, Diff: 0.2, Sum: 2.8]
      [Termination (ms): Min: 0.0, Avg: 0.0, Max: 0.0, Diff: 0.0, Sum: 0.3]
         [Termination Attempts: Min: 1, Avg: 1.0, Max: 1, Diff: 0, Sum: 8]
      [GC Worker Other (ms): Min: 0.0, Avg: 0.0, Max: 0.0, Diff: 0.0, Sum: 0.1]
      [GC Worker Total (ms): Min: 204.9, Avg: 204.9, Max: 205.0, Diff: 0.1, Sum: 1639.5]
      [GC Worker End (ms): Min: 612088.4, Avg: 612088.4, Max: 612088.4, Diff: 0.0]
   [Code Root Fixup: 0.0 ms]
   [Code Root Purge: 0.0 ms]
   [Clear CT: 1.2 ms]
   [Other: 3.4 ms]
      [Choose CSet: 0.0 ms]
      [Ref Proc: 2.0 ms]
      [Ref Enq: 0.1 ms]
      [Redirty Cards: 0.0 ms]
      [Humongous Register: 0.0 ms]
      [Humongous Reclaim: 0.0 ms]
      [Free CSet: 0.9 ms]
   [Eden: 4060.0M(81920.0K)->0.0B(356.0M) Survivors: 328.0M->53248.0K Heap: 6646.0M(8192.0M)->2854.0M(8192.0M)]
 [Times: user=1.45 sys=0.28, real=0.21 secs] 
615.756: [GC pause (G1 Evacuation Pause) (young), 0.0282522 secs]
   [Parallel Time: 26.1 ms, GC Workers: 8]
      [GC Worker Start (ms): Min: 615756.6, Avg: 615756.7, Max: 615756.8, Diff: 0.2]
      [Ext Root Scanning (ms): Min: 0.2, Avg: 0.6, Max: 2.5, Diff: 2.3, Sum: 4.8]
      [Update RS (ms): Min: 3.4, Avg: 4.0, Max: 5.9, Diff: 2.5, Sum: 32.1]
         [Processed Buffers: Min: 0, Avg: 3.1, Max: 11, Diff: 11, Sum: 25]
      [Scan RS (ms): Min: 18.8, Avg: 20.5, Max: 21.5, Diff: 2.7, Sum: 164.3]
      [Code Root Scanning (ms): Min: 0.0, Avg: 0.0, Max: 0.0, Diff: 0.0, Sum: 0.0]
      [Object Copy (ms): Min: 0.1, Avg: 0.4, Max: 0.6, Diff: 0.5, Sum: 3.3]
      [Termination (ms): Min: 0.0, Avg: 0.1, Max: 0.2, Diff: 0.2, Sum: 0.9]
         [Termination Attempts: Min: 1, Avg: 1.0, Max: 1, Diff: 0, Sum: 8]
      [GC Worker Other (ms): Min: 0.0, Avg: 0.0, Max: 0.0, Diff: 0.0, Sum: 0.0]
      [GC Worker Total (ms): Min: 25.6, Avg: 25.7, Max: 25.9, Diff: 0.3, Sum: 205.5]
      [GC Worker End (ms): Min: 615782.4, Avg: 615782.4, Max: 615782.5, Diff: 0.2]
   [Code Root Fixup: 0.0 ms]
   [Code Root Purge: 0.0 ms]
   [Clear CT: 0.5 ms]
   [Other: 1.7 ms]
      [Choose CSet: 0.0 ms]
      [Ref Proc: 0.6 ms]
      [Ref Enq: 0.0 ms]
      [Redirty Cards: 0.5 ms]
      [Humongous Register: 0.1 ms]
      [Humongous Reclaim: 0.0 ms]
      [Free CSet: 0.4 ms]
   [Eden: 356.0M(356.0M)->0.0B(4128.0M) Survivors: 53248.0K->36864.0K Heap: 3210.0M(8192.0M)->2896.0M(8192.0M)]
 [Times: user=0.23 sys=0.02, real=0.03 secs] 
646.196: [GC pause (G1 Evacuation Pause) (young), 0.0633847 secs]
   [Parallel Time: 59.6 ms, GC Workers: 8]
      [GC Worker Start (ms): Min: 646196.2, Avg: 646196.3, Max: 646196.4, Diff: 0.2]
      [Ext Root Scanning (ms): Min: 0.2, Avg: 0.5, Max: 2.1, Diff: 1.9, Sum: 4.1]
      [Update RS (ms): Min: 4.6, Avg: 7.7, Max: 14.5, Diff: 10.0, Sum: 61.4]
         [Processed Buffers: Min: 1, Avg: 3.9, Max: 16, Diff: 15, Sum: 31]
      [Scan RS (ms): Min: 44.0, Avg: 50.7, Max: 52.4, Diff: 8.3, Sum: 405.7]
      [Code Root Scanning (ms): Min: 0.0, Avg: 0.0, Max: 0.0, Diff: 0.0, Sum: 0.1]
      [Object Copy (ms): Min: 0.1, Avg: 0.1, Max: 0.2, Diff: 0.2, Sum: 1.2]
      [Termination (ms): Min: 0.0, Avg: 0.1, Max: 0.2, Diff: 0.2, Sum: 0.7]
         [Termination Attempts: Min: 1, Avg: 1.0, Max: 1, Diff: 0, Sum: 8]
      [GC Worker Other (ms): Min: 0.0, Avg: 0.0, Max: 0.0, Diff: 0.0, Sum: 0.0]
      [GC Worker Total (ms): Min: 59.0, Avg: 59.2, Max: 59.4, Diff: 0.4, Sum: 473.3]
      [GC Worker End (ms): Min: 646255.4, Avg: 646255.4, Max: 646255.5, Diff: 0.2]
   [Code Root Fixup: 0.0 ms]
   [Code Root Purge: 0.0 ms]
   [Clear CT: 0.8 ms]
   [Other: 3.0 ms]
      [Choose CSet: 0.0 ms]
      [Ref Proc: 1.6 ms]
      [Ref Enq: 0.0 ms]
      [Redirty Cards: 0.4 ms]
      [Humongous Register: 0.0 ms]
      [Humongous Reclaim: 0.0 ms]
      [Free CSet: 0.6 ms]
   [Eden: 2652.0M(372.0M)->0.0B(3960.0M) Survivors: 36864.0K->53248.0K Heap: 5548.0M(8192.0M)->3090.0M(8192.0M)]
 [Times: user=0.50 sys=0.00, real=0.06 secs] 
680.083: [GC pause (GCLocker Initiated GC) (young), 0.0714693 secs]
   [Parallel Time: 67.3 ms, GC Workers: 8]
      [GC Worker Start (ms): Min: 680083.3, Avg: 680083.4, Max: 680083.5, Diff: 0.2]
      [Ext Root Scanning (ms): Min: 0.2, Avg: 0.5, Max: 1.8, Diff: 1.6, Sum: 3.9]
      [Update RS (ms): Min: 7.7, Avg: 11.8, Max: 20.4, Diff: 12.7, Sum: 94.3]
         [Processed Buffers: Min: 1, Avg: 4.1, Max: 12, Diff: 11, Sum: 33]
      [Scan RS (ms): Min: 45.9, Avg: 54.4, Max: 58.6, Diff: 12.6, Sum: 435.2]
      [Code Root Scanning (ms): Min: 0.0, Avg: 0.0, Max: 0.0, Diff: 0.0, Sum: 0.1]
      [Object Copy (ms): Min: 0.0, Avg: 0.1, Max: 0.2, Diff: 0.1, Sum: 1.0]
      [Termination (ms): Min: 0.1, Avg: 0.2, Max: 0.3, Diff: 0.2, Sum: 1.3]
         [Termination Attempts: Min: 1, Avg: 1.0, Max: 1, Diff: 0, Sum: 8]
      [GC Worker Other (ms): Min: 0.0, Avg: 0.0, Max: 0.0, Diff: 0.0, Sum: 0.0]
      [GC Worker Total (ms): Min: 66.9, Avg: 67.0, Max: 67.1, Diff: 0.3, Sum: 536.0]
      [GC Worker End (ms): Min: 680150.3, Avg: 680150.4, Max: 680150.5, Diff: 0.2]
   [Code Root Fixup: 0.0 ms]
   [Code Root Purge: 0.0 ms]
   [Clear CT: 0.9 ms]
   [Other: 3.2 ms]
      [Choose CSet: 0.0 ms]
      [Ref Proc: 1.7 ms]
      [Ref Enq: 0.1 ms]
      [Redirty Cards: 0.4 ms]
      [Humongous Register: 0.0 ms]
      [Humongous Reclaim: 0.0 ms]
      [Free CSet: 0.7 ms]
   [Eden: 2940.0M(356.0M)->0.0B(3748.0M) Survivors: 53248.0K->53248.0K Heap: 6030.0M(8192.0M)->3310.0M(8192.0M)]
 [Times: user=0.50 sys=0.00, real=0.07 secs] 
723.693: [GC pause (GCLocker Initiated GC) (young), 0.0937608 secs]
   [Parallel Time: 88.9 ms, GC Workers: 8]
      [GC Worker Start (ms): Min: 723693.0, Avg: 723693.1, Max: 723693.2, Diff: 0.2]
      [Ext Root Scanning (ms): Min: 0.2, Avg: 0.6, Max: 2.9, Diff: 2.6, Sum: 5.1]
      [Update RS (ms): Min: 13.4, Avg: 20.2, Max: 41.7, Diff: 28.4, Sum: 161.2]
         [Processed Buffers: Min: 1, Avg: 3.8, Max: 11, Diff: 10, Sum: 30]
      [Scan RS (ms): Min: 46.2, Avg: 67.6, Max: 72.3, Diff: 26.1, Sum: 540.6]
      [Code Root Scanning (ms): Min: 0.0, Avg: 0.0, Max: 0.0, Diff: 0.0, Sum: 0.2]
      [Object Copy (ms): Min: 0.1, Avg: 0.2, Max: 0.2, Diff: 0.1, Sum: 1.3]
      [Termination (ms): Min: 0.1, Avg: 0.1, Max: 0.2, Diff: 0.1, Sum: 0.8]
         [Termination Attempts: Min: 1, Avg: 1.0, Max: 1, Diff: 0, Sum: 8]
      [GC Worker Other (ms): Min: 0.0, Avg: 0.0, Max: 0.0, Diff: 0.0, Sum: 0.1]
      [GC Worker Total (ms): Min: 88.5, Avg: 88.7, Max: 88.8, Diff: 0.3, Sum: 709.3]
      [GC Worker End (ms): Min: 723781.7, Avg: 723781.7, Max: 723781.8, Diff: 0.1]
   [Code Root Fixup: 0.0 ms]
   [Code Root Purge: 0.0 ms]
   [Clear CT: 1.1 ms]
   [Other: 3.7 ms]
      [Choose CSet: 0.0 ms]
      [Ref Proc: 2.1 ms]
      [Ref Enq: 0.1 ms]
      [Redirty Cards: 0.3 ms]
      [Humongous Register: 0.0 ms]
      [Humongous Reclaim: 0.0 ms]
      [Free CSet: 0.8 ms]
   [Eden: 3752.0M(3748.0M)->0.0B(3448.0M) Survivors: 53248.0K->332.0M Heap: 7060.0M(8192.0M)->3588.0M(8192.0M)]
 [Times: user=0.75 sys=0.00, real=0.09 secs] 
763.336: [GC pause (G1 Evacuation Pause) (young), 0.1390896 secs]
   [Parallel Time: 134.5 ms, GC Workers: 8]
      [GC Worker Start (ms): Min: 763335.9, Avg: 763335.9, Max: 763336.0, Diff: 0.1]
      [Ext Root Scanning (ms): Min: 0.2, Avg: 0.5, Max: 1.7, Diff: 1.5, Sum: 3.9]
      [Update RS (ms): Min: 27.7, Avg: 36.4, Max: 55.0, Diff: 27.3, Sum: 291.4]
         [Processed Buffers: Min: 1, Avg: 3.0, Max: 10, Diff: 9, Sum: 24]
      [Scan RS (ms): Min: 78.4, Avg: 96.8, Max: 105.8, Diff: 27.4, Sum: 774.8]
      [Code Root Scanning (ms): Min: 0.0, Avg: 0.0, Max: 0.0, Diff: 0.0, Sum: 0.2]
      [Object Copy (ms): Min: 0.1, Avg: 0.1, Max: 0.2, Diff: 0.1, Sum: 1.2]
      [Termination (ms): Min: 0.0, Avg: 0.1, Max: 0.3, Diff: 0.2, Sum: 1.0]
         [Termination Attempts: Min: 1, Avg: 1.0, Max: 1, Diff: 0, Sum: 8]
      [GC Worker Other (ms): Min: 0.0, Avg: 0.0, Max: 0.0, Diff: 0.0, Sum: 0.1]
      [GC Worker Total (ms): Min: 134.0, Avg: 134.1, Max: 134.2, Diff: 0.2, Sum: 1072.5]
      [GC Worker End (ms): Min: 763469.9, Avg: 763469.9, Max: 763470.1, Diff: 0.2]
   [Code Root Fixup: 0.0 ms]
   [Code Root Purge: 0.0 ms]
   [Clear CT: 1.1 ms]
   [Other: 3.5 ms]
      [Choose CSet: 0.0 ms]
      [Ref Proc: 2.2 ms]
      [Ref Enq: 0.0 ms]
      [Redirty Cards: 0.2 ms]
      [Humongous Register: 0.0 ms]
      [Humongous Reclaim: 0.0 ms]
      [Free CSet: 0.7 ms]
   [Eden: 3448.0M(3448.0M)->0.0B(3260.0M) Survivors: 332.0M->264.0M Heap: 7036.0M(8192.0M)->3836.0M(8192.0M)]
 [Times: user=1.13 sys=0.00, real=0.14 secs] 
793.012: [GC pause (G1 Evacuation Pause) (young), 0.1130475 secs]
   [Parallel Time: 109.0 ms, GC Workers: 8]
      [GC Worker Start (ms): Min: 793011.9, Avg: 793011.9, Max: 793012.1, Diff: 0.2]
      [Ext Root Scanning (ms): Min: 0.2, Avg: 0.5, Max: 1.7, Diff: 1.6, Sum: 3.8]
      [Update RS (ms): Min: 9.5, Avg: 13.0, Max: 26.7, Diff: 17.2, Sum: 104.3]
         [Processed Buffers: Min: 1, Avg: 3.1, Max: 14, Diff: 13, Sum: 25]
      [Scan RS (ms): Min: 80.0, Avg: 94.7, Max: 98.4, Diff: 18.4, Sum: 757.3]
      [Code Root Scanning (ms): Min: 0.0, Avg: 0.0, Max: 0.1, Diff: 0.0, Sum: 0.2]
      [Object Copy (ms): Min: 0.0, Avg: 0.1, Max: 0.1, Diff: 0.1, Sum: 0.6]
      [Termination (ms): Min: 0.1, Avg: 0.2, Max: 0.3, Diff: 0.2, Sum: 1.5]
         [Termination Attempts: Min: 1, Avg: 1.0, Max: 1, Diff: 0, Sum: 8]
      [GC Worker Other (ms): Min: 0.0, Avg: 0.0, Max: 0.0, Diff: 0.0, Sum: 0.0]
      [GC Worker Total (ms): Min: 108.3, Avg: 108.5, Max: 108.6, Diff: 0.3, Sum: 867.8]
      [GC Worker End (ms): Min: 793120.3, Avg: 793120.4, Max: 793120.5, Diff: 0.2]
   [Code Root Fixup: 0.0 ms]
   [Code Root Purge: 0.0 ms]
   [Clear CT: 0.8 ms]
   [Other: 3.2 ms]
      [Choose CSet: 0.0 ms]
      [Ref Proc: 1.5 ms]
      [Ref Enq: 0.0 ms]
      [Redirty Cards: 0.5 ms]
      [Humongous Register: 0.0 ms]
      [Humongous Reclaim: 0.0 ms]
      [Free CSet: 0.9 ms]
   [Eden: 2560.0M(144.0M)->0.0B(3100.0M) Survivors: 264.0M->53248.0K Heap: 6396.0M(8192.0M)->4010.0M(8192.0M)]
 [Times: user=1.00 sys=0.00, real=0.11 secs] 
830.017: [GC pause (G1 Evacuation Pause) (young) (initial-mark), 0.0974270 secs]
   [Parallel Time: 92.3 ms, GC Workers: 8]
      [GC Worker Start (ms): Min: 830018.0, Avg: 830018.0, Max: 830018.1, Diff: 0.1]
      [Ext Root Scanning (ms): Min: 1.5, Avg: 1.6, Max: 1.6, Diff: 0.1, Sum: 12.7]
      [Update RS (ms): Min: 5.8, Avg: 9.6, Max: 22.7, Diff: 16.8, Sum: 76.6]
         [Processed Buffers: Min: 1, Avg: 3.0, Max: 8, Diff: 7, Sum: 24]
      [Scan RS (ms): Min: 67.2, Avg: 80.3, Max: 84.1, Diff: 16.9, Sum: 642.2]
      [Code Root Scanning (ms): Min: 0.0, Avg: 0.0, Max: 0.1, Diff: 0.1, Sum: 0.3]
      [Object Copy (ms): Min: 0.1, Avg: 0.2, Max: 0.2, Diff: 0.1, Sum: 1.5]
      [Termination (ms): Min: 0.0, Avg: 0.0, Max: 0.1, Diff: 0.0, Sum: 0.4]
         [Termination Attempts: Min: 1, Avg: 1.0, Max: 1, Diff: 0, Sum: 8]
      [GC Worker Other (ms): Min: 0.0, Avg: 0.0, Max: 0.1, Diff: 0.1, Sum: 0.3]
      [GC Worker Total (ms): Min: 91.7, Avg: 91.7, Max: 91.9, Diff: 0.2, Sum: 733.9]
      [GC Worker End (ms): Min: 830109.7, Avg: 830109.8, Max: 830109.9, Diff: 0.1]
   [Code Root Fixup: 0.0 ms]
   [Code Root Purge: 0.0 ms]
   [Clear CT: 1.5 ms]
   [Other: 3.6 ms]
      [Choose CSet: 0.0 ms]
      [Ref Proc: 2.1 ms]
      [Ref Enq: 0.1 ms]
      [Redirty Cards: 0.3 ms]
      [Humongous Register: 0.1 ms]
      [Humongous Reclaim: 0.0 ms]
      [Free CSet: 0.6 ms]
   [Eden: 3100.0M(3100.0M)->0.0B(2844.0M) Survivors: 53248.0K->284.0M Heap: 7110.0M(8192.0M)->4240.0M(8192.0M)]
 [Times: user=0.75 sys=0.00, real=0.10 secs] 
830.115: [GC concurrent-root-region-scan-start]
830.158: [GC concurrent-root-region-scan-end, 0.0428256 secs]
830.158: [GC concurrent-mark-start]
830.420: [GC concurrent-mark-end, 0.2625517 secs]
830.420: [GC remark 830.420: [Finalize Marking, 0.0001879 secs] 830.421: [GC ref-proc, 0.0003113 secs] 830.421: [Unloading, 0.0101569 secs], 0.0122185 secs]
 [Times: user=0.00 sys=0.00, real=0.01 secs] 
830.433: [GC concurrent-remset-rebuild-start]
830.555: [GC concurrent-remset-rebuild-end, 0.1221764 secs]
830.555: [GC cleanup 4280M->3012M(8192M), 0.0009713 secs]
 [Times: user=0.00 sys=0.00, real=0.00 secs] 
830.556: [GC concurrent-cleanup-start]
830.557: [GC concurrent-cleanup-end, 0.0006297 secs]830.557:  [free physical memory: 0 KB, 0 regions, 0.0000000 secs]

862.391: [GC pause (GCLocker Initiated GC) (young), 0.1225281 secs]
   [Parallel Time: 118.2 ms, GC Workers: 8]
      [GC Worker Start (ms): Min: 862391.4, Avg: 862391.4, Max: 862391.5, Diff: 0.1]
      [Ext Root Scanning (ms): Min: 0.2, Avg: 0.6, Max: 2.8, Diff: 2.6, Sum: 4.9]
      [Update RS (ms): Min: 17.6, Avg: 25.6, Max: 37.8, Diff: 20.3, Sum: 205.0]
         [Processed Buffers: Min: 1, Avg: 3.3, Max: 9, Diff: 8, Sum: 26]
      [Scan RS (ms): Min: 79.4, Avg: 91.3, Max: 99.7, Diff: 20.3, Sum: 730.8]
      [Code Root Scanning (ms): Min: 0.0, Avg: 0.0, Max: 0.0, Diff: 0.0, Sum: 0.2]
      [Object Copy (ms): Min: 0.0, Avg: 0.1, Max: 0.1, Diff: 0.1, Sum: 0.8]
      [Termination (ms): Min: 0.0, Avg: 0.1, Max: 0.2, Diff: 0.2, Sum: 0.8]
         [Termination Attempts: Min: 1, Avg: 1.0, Max: 1, Diff: 0, Sum: 8]
      [GC Worker Other (ms): Min: 0.0, Avg: 0.0, Max: 0.0, Diff: 0.0, Sum: 0.0]
      [GC Worker Total (ms): Min: 117.7, Avg: 117.8, Max: 117.9, Diff: 0.2, Sum: 942.5]
      [GC Worker End (ms): Min: 862509.1, Avg: 862509.2, Max: 862509.3, Diff: 0.2]
   [Code Root Fixup: 0.0 ms]
   [Code Root Purge: 0.0 ms]
   [Clear CT: 1.1 ms]
   [Other: 3.3 ms]
      [Choose CSet: 0.0 ms]
      [Ref Proc: 1.9 ms]
      [Ref Enq: 0.1 ms]
      [Redirty Cards: 0.1 ms]
      [Humongous Register: 0.0 ms]
      [Humongous Reclaim: 0.0 ms]
      [Free CSet: 0.7 ms]
   [Eden: 2848.0M(2844.0M)->0.0B(188.0M) Survivors: 284.0M->220.0M Heap: 5816.0M(8192.0M)->3174.0M(8192.0M)]
 [Times: user=0.88 sys=0.00, real=0.12 secs] 
864.673: [GC pause (G1 Evacuation Pause) (mixed), 0.0571177 secs]
   [Parallel Time: 54.7 ms, GC Workers: 8]
      [GC Worker Start (ms): Min: 864673.6, Avg: 864673.7, Max: 864673.7, Diff: 0.2]
      [Ext Root Scanning (ms): Min: 0.2, Avg: 0.6, Max: 2.7, Diff: 2.4, Sum: 4.9]
      [Update RS (ms): Min: 1.8, Avg: 6.1, Max: 11.8, Diff: 10.0, Sum: 49.2]
         [Processed Buffers: Min: 0, Avg: 3.0, Max: 12, Diff: 12, Sum: 24]
      [Scan RS (ms): Min: 42.2, Avg: 47.6, Max: 50.0, Diff: 7.8, Sum: 380.9]
      [Code Root Scanning (ms): Min: 0.0, Avg: 0.0, Max: 0.0, Diff: 0.0, Sum: 0.1]
      [Object Copy (ms): Min: 0.1, Avg: 0.1, Max: 0.2, Diff: 0.1, Sum: 1.2]
      [Termination (ms): Min: 0.0, Avg: 0.0, Max: 0.0, Diff: 0.0, Sum: 0.3]
         [Termination Attempts: Min: 1, Avg: 1.0, Max: 1, Diff: 0, Sum: 8]
      [GC Worker Other (ms): Min: 0.0, Avg: 0.0, Max: 0.0, Diff: 0.0, Sum: 0.0]
      [GC Worker Total (ms): Min: 54.5, Avg: 54.5, Max: 54.6, Diff: 0.2, Sum: 436.4]
      [GC Worker End (ms): Min: 864728.2, Avg: 864728.2, Max: 864728.2, Diff: 0.0]
   [Code Root Fixup: 0.0 ms]
   [Code Root Purge: 0.0 ms]
   [Clear CT: 0.8 ms]
   [Other: 1.6 ms]
      [Choose CSet: 0.1 ms]
      [Ref Proc: 0.4 ms]
      [Ref Enq: 0.0 ms]
      [Redirty Cards: 0.3 ms]
      [Humongous Register: 0.0 ms]
      [Humongous Reclaim: 0.0 ms]
      [Free CSet: 0.6 ms]
   [Eden: 188.0M(188.0M)->0.0B(384.0M) Survivors: 220.0M->24576.0K Heap: 3362.0M(8192.0M)->2374.0M(8192.0M)]
 [Times: user=0.38 sys=0.00, real=0.06 secs] 
869.087: [GC pause (GCLocker Initiated GC) (mixed), 0.0203930 secs]
   [Parallel Time: 18.3 ms, GC Workers: 8]
      [GC Worker Start (ms): Min: 869087.2, Avg: 869087.3, Max: 869087.3, Diff: 0.1]
      [Ext Root Scanning (ms): Min: 0.2, Avg: 0.5, Max: 2.1, Diff: 1.9, Sum: 4.4]
      [Update RS (ms): Min: 2.2, Avg: 3.2, Max: 5.7, Diff: 3.5, Sum: 25.9]
         [Processed Buffers: Min: 1, Avg: 3.5, Max: 11, Diff: 10, Sum: 28]
      [Scan RS (ms): Min: 11.7, Avg: 13.9, Max: 14.8, Diff: 3.2, Sum: 110.9]
      [Code Root Scanning (ms): Min: 0.0, Avg: 0.0, Max: 0.2, Diff: 0.2, Sum: 0.4]
      [Object Copy (ms): Min: 0.1, Avg: 0.2, Max: 0.2, Diff: 0.2, Sum: 1.2]
      [Termination (ms): Min: 0.1, Avg: 0.2, Max: 0.3, Diff: 0.2, Sum: 1.3]
         [Termination Attempts: Min: 1, Avg: 1.0, Max: 1, Diff: 0, Sum: 8]
      [GC Worker Other (ms): Min: 0.0, Avg: 0.0, Max: 0.0, Diff: 0.0, Sum: 0.0]
      [GC Worker Total (ms): Min: 17.8, Avg: 18.0, Max: 18.2, Diff: 0.3, Sum: 144.1]
      [GC Worker End (ms): Min: 869105.2, Avg: 869105.3, Max: 869105.4, Diff: 0.2]
   [Code Root Fixup: 0.0 ms]
   [Code Root Purge: 0.0 ms]
   [Clear CT: 0.6 ms]
   [Other: 1.4 ms]
      [Choose CSet: 0.1 ms]
      [Ref Proc: 0.4 ms]
      [Ref Enq: 0.0 ms]
      [Redirty Cards: 0.2 ms]
      [Humongous Register: 0.0 ms]
      [Humongous Reclaim: 0.0 ms]
      [Free CSet: 0.6 ms]
   [Eden: 388.0M(384.0M)->0.0B(356.0M) Survivors: 24576.0K->53248.0K Heap: 2758.3M(8192.0M)->1614.0M(8192.0M)]
 [Times: user=0.13 sys=0.00, real=0.02 secs] 
873.215: [GC pause (G1 Evacuation Pause) (mixed), 0.0245551 secs]
   [Parallel Time: 22.7 ms, GC Workers: 8]
      [GC Worker Start (ms): Min: 873215.3, Avg: 873215.3, Max: 873215.4, Diff: 0.2]
      [Ext Root Scanning (ms): Min: 0.2, Avg: 0.5, Max: 2.1, Diff: 1.9, Sum: 4.1]
      [Update RS (ms): Min: 0.3, Avg: 3.5, Max: 8.1, Diff: 7.8, Sum: 28.0]
         [Processed Buffers: Min: 0, Avg: 3.4, Max: 8, Diff: 8, Sum: 27]
      [Scan RS (ms): Min: 13.4, Avg: 17.9, Max: 19.6, Diff: 6.1, Sum: 143.1]
      [Code Root Scanning (ms): Min: 0.0, Avg: 0.0, Max: 0.1, Diff: 0.1, Sum: 0.1]
      [Object Copy (ms): Min: 0.0, Avg: 0.2, Max: 0.3, Diff: 0.2, Sum: 1.4]
      [Termination (ms): Min: 0.0, Avg: 0.1, Max: 0.2, Diff: 0.2, Sum: 0.9]
         [Termination Attempts: Min: 1, Avg: 1.0, Max: 1, Diff: 0, Sum: 8]
      [GC Worker Other (ms): Min: 0.0, Avg: 0.0, Max: 0.0, Diff: 0.0, Sum: 0.0]
      [GC Worker Total (ms): Min: 22.1, Avg: 22.2, Max: 22.3, Diff: 0.3, Sum: 177.5]
      [GC Worker End (ms): Min: 873237.4, Avg: 873237.5, Max: 873237.6, Diff: 0.2]
   [Code Root Fixup: 0.0 ms]
   [Code Root Purge: 0.0 ms]
   [Clear CT: 0.4 ms]
   [Other: 1.5 ms]
      [Choose CSet: 0.0 ms]
      [Ref Proc: 0.6 ms]
      [Ref Enq: 0.0 ms]
      [Redirty Cards: 0.1 ms]
      [Humongous Register: 0.0 ms]
      [Humongous Reclaim: 0.0 ms]
      [Free CSet: 0.3 ms]
   [Eden: 356.0M(356.0M)->0.0B(4876.0M) Survivors: 53248.0K->36864.0K Heap: 1970.0M(8192.0M)->1598.0M(8192.0M)]
 [Times: user=0.25 sys=0.00, real=0.02 secs] 
931.212: [GC pause (G1 Evacuation Pause) (young), 0.1101516 secs]
   [Parallel Time: 103.9 ms, GC Workers: 8]
      [GC Worker Start (ms): Min: 931212.6, Avg: 931212.7, Max: 931212.8, Diff: 0.2]
      [Ext Root Scanning (ms): Min: 0.2, Avg: 0.5, Max: 2.3, Diff: 2.0, Sum: 4.3]
      [Update RS (ms): Min: 12.8, Avg: 17.9, Max: 31.4, Diff: 18.6, Sum: 143.0]
         [Processed Buffers: Min: 2, Avg: 4.0, Max: 8, Diff: 6, Sum: 32]
      [Scan RS (ms): Min: 71.5, Avg: 84.8, Max: 88.7, Diff: 17.2, Sum: 678.2]
      [Code Root Scanning (ms): Min: 0.0, Avg: 0.0, Max: 0.1, Diff: 0.0, Sum: 0.2]
      [Object Copy (ms): Min: 0.1, Avg: 0.1, Max: 0.2, Diff: 0.1, Sum: 1.1]
      [Termination (ms): Min: 0.0, Avg: 0.1, Max: 0.2, Diff: 0.2, Sum: 0.5]
         [Termination Attempts: Min: 1, Avg: 1.0, Max: 1, Diff: 0, Sum: 8]
      [GC Worker Other (ms): Min: 0.0, Avg: 0.0, Max: 0.0, Diff: 0.0, Sum: 0.0]
      [GC Worker Total (ms): Min: 103.3, Avg: 103.4, Max: 103.6, Diff: 0.3, Sum: 827.4]
      [GC Worker End (ms): Min: 931316.0, Avg: 931316.1, Max: 931316.2, Diff: 0.1]
   [Code Root Fixup: 0.0 ms]
   [Code Root Purge: 0.0 ms]
   [Clear CT: 1.5 ms]
   [Other: 4.7 ms]
      [Choose CSet: 0.0 ms]
      [Ref Proc: 2.9 ms]
      [Ref Enq: 0.1 ms]
      [Redirty Cards: 0.3 ms]
      [Humongous Register: 0.0 ms]
      [Humongous Reclaim: 0.0 ms]
      [Free CSet: 0.9 ms]
   [Eden: 4876.0M(4876.0M)->0.0B(4520.0M) Survivors: 36864.0K->392.0M Heap: 6474.0M(8192.0M)->1954.0M(8192.0M)]
 [Times: user=0.88 sys=0.00, real=0.11 secs] 
972.013: [GC pause (G1 Evacuation Pause) (young), 0.1563157 secs]
   [Parallel Time: 151.8 ms, GC Workers: 8]
      [GC Worker Start (ms): Min: 972013.8, Avg: 972013.9, Max: 972014.0, Diff: 0.2]
      [Ext Root Scanning (ms): Min: 0.2, Avg: 0.5, Max: 2.2, Diff: 2.0, Sum: 4.2]
      [Update RS (ms): Min: 26.1, Avg: 34.0, Max: 51.5, Diff: 25.4, Sum: 272.0]
         [Processed Buffers: Min: 1, Avg: 4.0, Max: 16, Diff: 15, Sum: 32]
      [Scan RS (ms): Min: 99.6, Avg: 116.9, Max: 125.0, Diff: 25.4, Sum: 934.8]
      [Code Root Scanning (ms): Min: 0.0, Avg: 0.0, Max: 0.0, Diff: 0.0, Sum: 0.2]
      [Object Copy (ms): Min: 0.1, Avg: 0.1, Max: 0.1, Diff: 0.1, Sum: 0.7]
      [Termination (ms): Min: 0.1, Avg: 0.1, Max: 0.2, Diff: 0.1, Sum: 0.9]
         [Termination Attempts: Min: 1, Avg: 1.0, Max: 1, Diff: 0, Sum: 8]
      [GC Worker Other (ms): Min: 0.0, Avg: 0.0, Max: 0.0, Diff: 0.0, Sum: 0.1]
      [GC Worker Total (ms): Min: 151.5, Avg: 151.6, Max: 151.7, Diff: 0.2, Sum: 1213.0]
      [GC Worker End (ms): Min: 972165.5, Avg: 972165.5, Max: 972165.6, Diff: 0.1]
   [Code Root Fixup: 0.0 ms]
   [Code Root Purge: 0.0 ms]
   [Clear CT: 1.1 ms]
   [Other: 3.4 ms]
      [Choose CSet: 0.0 ms]
      [Ref Proc: 1.9 ms]
      [Ref Enq: 0.1 ms]
      [Redirty Cards: 0.2 ms]
      [Humongous Register: 0.0 ms]
      [Humongous Reclaim: 0.0 ms]
      [Free CSet: 0.8 ms]
   [Eden: 3496.0M(16384.0K)->0.0B(4804.0M) Survivors: 392.0M->53248.0K Heap: 5450.0M(8192.0M)->2202.0M(8192.0M)]
 [Times: user=1.20 sys=0.02, real=0.16 secs] 
