[0.025s][info][gc,init] Initializing The Z Garbage Collector
[0.026s][info][gc,init] Version: 22.0.2+9 (release)
[0.026s][info][gc,init] Using legacy single-generation mode
[0.026s][info][gc,init] NUMA Support: Disabled
[0.026s][info][gc,init] CPUs: 16 total, 8 available
[0.026s][info][gc,init] Memory: 16099M
[0.026s][info][gc,init] Large Page Support: Disabled
[0.026s][info][gc,init] GC Workers: 2 (dynamic)
[0.026s][info][gc,init] Address Space Type: Contiguous/Unrestricted/Complete
[0.026s][info][gc,init] Address Space Size: 131072M x 3 = 393216M
[0.027s][info][gc,init] Min Capacity: 8192M
[0.027s][info][gc,init] Initial Capacity: 8192M
[0.027s][info][gc,init] Max Capacity: 8192M
[0.027s][info][gc,init] Medium Page Size: 32M
[0.027s][info][gc,init] Pre-touch: Disabled
[0.027s][info][gc,init] Uncommit: Implicitly Disabled (-Xms equals -Xmx)
[0.224s][info][gc,init] Runtime Workers: 5
[0.225s][info][gc     ] Using The Z Garbage Collector
[0.248s][info][gc,metaspace] CDS archive(s) mapped at: [0x0000024080000000-0x0000024080c60000-0x0000024080c60000), size 12976128, SharedBaseAddress: 0x0000024080000000, ArchiveRelocationMode: 1.
[0.248s][info][gc,metaspace] Compressed class space mapped at: 0x0000024081000000-0x00000240c1000000, reserved size: 1073741824
[0.248s][info][gc,metaspace] Narrow klass base: 0x0000024080000000, Narrow klass shift: 0, Narrow klass range: 0x41000000
[2.407s][info][gc,start    ] GC(0) Garbage Collection (Metadata GC Threshold)
[2.407s][info][gc,task     ] GC(0) Using 2 workers
[2.407s][info][gc,phases   ] GC(0) Pause Mark Start 0.007ms
[2.425s][info][gc,phases   ] GC(0) Concurrent Mark 17.565ms
[2.425s][info][gc,phases   ] GC(0) Pause Mark End 0.016ms
[2.425s][info][gc,phases   ] GC(0) Concurrent Mark Free 0.001ms
[2.428s][info][gc,phases   ] GC(0) Concurrent Process Non-Strong References 2.541ms
[2.428s][info][gc,phases   ] GC(0) Concurrent Reset Relocation Set 0.000ms
[2.432s][info][gc,phases   ] GC(0) Concurrent Select Relocation Set 4.805ms
[2.433s][info][gc,phases   ] GC(0) Pause Relocate Start 0.007ms
[2.437s][info][gc,phases   ] GC(0) Concurrent Relocate 4.059ms
[2.437s][info][gc,load     ] GC(0) Load: 0.00/0.00/0.00
[2.437s][info][gc,mmu      ] GC(0) MMU: 2ms/99.2%, 5ms/99.7%, 10ms/99.8%, 20ms/99.9%, 50ms/99.9%, 100ms/100.0%
[2.437s][info][gc,marking  ] GC(0) Mark: 2 stripe(s), 2 proactive flush(es), 1 terminate flush(es), 0 completion(s), 0 continuation(s) 
[2.437s][info][gc,marking  ] GC(0) Mark Stack Usage: 32M
[2.437s][info][gc,nmethod  ] GC(0) NMethods: 2475 registered, 0 unregistered
[2.437s][info][gc,metaspace] GC(0) Metaspace: 21M used, 21M committed, 1088M reserved
[2.437s][info][gc,ref      ] GC(0) Soft: 4260 encountered, 0 discovered, 0 enqueued
[2.437s][info][gc,ref      ] GC(0) Weak: 4515 encountered, 2499 discovered, 2124 enqueued
[2.437s][info][gc,ref      ] GC(0) Final: 35 encountered, 2 discovered, 2 enqueued
[2.437s][info][gc,ref      ] GC(0) Phantom: 1726 encountered, 1529 discovered, 1304 enqueued
[2.437s][info][gc,reloc    ] GC(0) Small Pages: 56 / 112M, Empty: 0M, Relocated: 10M, In-Place: 0
[2.437s][info][gc,reloc    ] GC(0) Medium Pages: 4 / 128M, Empty: 96M, Relocated: 0M, In-Place: 0
[2.437s][info][gc,reloc    ] GC(0) Large Pages: 24 / 442M, Empty: 442M, Relocated: 0M, In-Place: 0
[2.437s][info][gc,reloc    ] GC(0) Forwarding Usage: 3M
[2.437s][info][gc,heap     ] GC(0) Min Capacity: 8192M(100%)
[2.437s][info][gc,heap     ] GC(0) Max Capacity: 8192M(100%)
[2.437s][info][gc,heap     ] GC(0) Soft Max Capacity: 8192M(100%)
[2.437s][info][gc,heap     ] GC(0)                Mark Start          Mark End        Relocate Start      Relocate End           High               Low         
[2.437s][info][gc,heap     ] GC(0)  Capacity:     8192M (100%)       8192M (100%)       8192M (100%)       8192M (100%)       8192M (100%)       8192M (100%)   
[2.437s][info][gc,heap     ] GC(0)      Free:     7510M (92%)        7506M (92%)        8038M (98%)        8132M (99%)        8132M (99%)        7500M (92%)    
[2.437s][info][gc,heap     ] GC(0)      Used:      682M (8%)          686M (8%)          154M (2%)           60M (1%)          692M (8%)           60M (1%)     
[2.437s][info][gc,heap     ] GC(0)      Live:         -                15M (0%)           15M (0%)           15M (0%)             -                  -          
[2.437s][info][gc,heap     ] GC(0) Allocated:         -                 4M (0%)           10M (0%)           11M (0%)             -                  -          
[2.437s][info][gc,heap     ] GC(0)   Garbage:         -               666M (8%)          128M (2%)           32M (0%)             -                  -          
[2.437s][info][gc,heap     ] GC(0) Reclaimed:         -                  -               538M (7%)          633M (8%)             -                  -          
[2.437s][info][gc          ] GC(0) Garbage Collection (Metadata GC Threshold) 682M(8%)->60M(1%)
[3.276s][info][gc,start    ] GC(1) Garbage Collection (Metadata GC Threshold)
[3.276s][info][gc,task     ] GC(1) Using 2 workers
[3.276s][info][gc,phases   ] GC(1) Pause Mark Start 0.004ms
[3.362s][info][gc,phases   ] GC(1) Concurrent Mark 85.802ms
[3.362s][info][gc,phases   ] GC(1) Pause Mark End 0.017ms
[3.362s][info][gc,phases   ] GC(1) Concurrent Mark Free 0.001ms
[3.372s][info][gc,phases   ] GC(1) Concurrent Process Non-Strong References 10.211ms
[3.372s][info][gc,phases   ] GC(1) Concurrent Reset Relocation Set 0.004ms
[3.380s][info][gc,phases   ] GC(1) Concurrent Select Relocation Set 7.660ms
[3.380s][info][gc,phases   ] GC(1) Pause Relocate Start 0.009ms
[3.418s][info][gc,phases   ] GC(1) Concurrent Relocate 37.785ms
[3.418s][info][gc,load     ] GC(1) Load: 0.00/0.00/0.00
[3.418s][info][gc,mmu      ] GC(1) MMU: 2ms/99.1%, 5ms/99.7%, 10ms/99.8%, 20ms/99.9%, 50ms/99.9%, 100ms/100.0%
[3.418s][info][gc,marking  ] GC(1) Mark: 2 stripe(s), 2 proactive flush(es), 1 terminate flush(es), 0 completion(s), 0 continuation(s) 
[3.418s][info][gc,marking  ] GC(1) Mark Stack Usage: 32M
[3.418s][info][gc,nmethod  ] GC(1) NMethods: 3615 registered, 369 unregistered
[3.418s][info][gc,metaspace] GC(1) Metaspace: 36M used, 36M committed, 1088M reserved
[3.418s][info][gc,ref      ] GC(1) Soft: 4461 encountered, 0 discovered, 0 enqueued
[3.418s][info][gc,ref      ] GC(1) Weak: 5638 encountered, 2986 discovered, 557 enqueued
[3.418s][info][gc,ref      ] GC(1) Final: 33 encountered, 0 discovered, 0 enqueued
[3.418s][info][gc,ref      ] GC(1) Phantom: 853 encountered, 765 discovered, 422 enqueued
[3.418s][info][gc,reloc    ] GC(1) Small Pages: 199 / 398M, Empty: 104M, Relocated: 48M, In-Place: 0
[3.418s][info][gc,reloc    ] GC(1) Medium Pages: 2 / 64M, Empty: 0M, Relocated: 3M, In-Place: 0
[3.418s][info][gc,reloc    ] GC(1) Large Pages: 0 / 0M, Empty: 0M, Relocated: 0M, In-Place: 0
[3.418s][info][gc,reloc    ] GC(1) Forwarding Usage: 23M
[3.418s][info][gc,heap     ] GC(1) Min Capacity: 8192M(100%)
[3.418s][info][gc,heap     ] GC(1) Max Capacity: 8192M(100%)
[3.418s][info][gc,heap     ] GC(1) Soft Max Capacity: 8192M(100%)
[3.418s][info][gc,heap     ] GC(1)                Mark Start          Mark End        Relocate Start      Relocate End           High               Low         
[3.418s][info][gc,heap     ] GC(1)  Capacity:     8192M (100%)       8192M (100%)       8192M (100%)       8192M (100%)       8192M (100%)       8192M (100%)   
[3.418s][info][gc,heap     ] GC(1)      Free:     7730M (94%)        7694M (94%)        7780M (95%)        8008M (98%)        8008M (98%)        7680M (94%)    
[3.418s][info][gc,heap     ] GC(1)      Used:      462M (6%)          498M (6%)          412M (5%)          184M (2%)          512M (6%)          184M (2%)     
[3.418s][info][gc,heap     ] GC(1)      Live:         -                81M (1%)           81M (1%)           81M (1%)             -                  -          
[3.418s][info][gc,heap     ] GC(1) Allocated:         -                36M (0%)           54M (1%)           65M (1%)             -                  -          
[3.418s][info][gc,heap     ] GC(1)   Garbage:         -               380M (5%)          276M (3%)           37M (0%)             -                  -          
[3.418s][info][gc,heap     ] GC(1) Reclaimed:         -                  -               104M (1%)          343M (4%)             -                  -          
[3.418s][info][gc          ] GC(1) Garbage Collection (Metadata GC Threshold) 462M(6%)->184M(2%)
[4.969s][info][gc,start    ] GC(2) Garbage Collection (Warmup)
[4.969s][info][gc,task     ] GC(2) Using 2 workers
[4.969s][info][gc,phases   ] GC(2) Pause Mark Start 0.005ms
[5.274s][info][gc,phases   ] GC(2) Concurrent Mark 304.516ms
[5.274s][info][gc,phases   ] GC(2) Pause Mark End 0.009ms
[5.274s][info][gc,phases   ] GC(2) Concurrent Mark Free 0.000ms
[5.281s][info][gc,phases   ] GC(2) Concurrent Process Non-Strong References 6.681ms
[5.281s][info][gc,phases   ] GC(2) Concurrent Reset Relocation Set 0.015ms
[5.301s][info][gc,phases   ] GC(2) Concurrent Select Relocation Set 20.119ms
[5.301s][info][gc,phases   ] GC(2) Pause Relocate Start 0.005ms
[5.381s][info][gc,phases   ] GC(2) Concurrent Relocate 79.853ms
[5.381s][info][gc,load     ] GC(2) Load: 0.00/0.00/0.00
[5.381s][info][gc,mmu      ] GC(2) MMU: 2ms/99.1%, 5ms/99.7%, 10ms/99.8%, 20ms/99.9%, 50ms/99.9%, 100ms/100.0%
[5.381s][info][gc,marking  ] GC(2) Mark: 2 stripe(s), 2 proactive flush(es), 1 terminate flush(es), 0 completion(s), 0 continuation(s) 
[5.381s][info][gc,marking  ] GC(2) Mark Stack Usage: 32M
[5.381s][info][gc,nmethod  ] GC(2) NMethods: 4987 registered, 738 unregistered
[5.381s][info][gc,metaspace] GC(2) Metaspace: 60M used, 61M committed, 1088M reserved
[5.381s][info][gc,ref      ] GC(2) Soft: 4668 encountered, 0 discovered, 0 enqueued
[5.381s][info][gc,ref      ] GC(2) Weak: 12784 encountered, 2929 discovered, 2169 enqueued
[5.381s][info][gc,ref      ] GC(2) Final: 33 encountered, 0 discovered, 0 enqueued
[5.381s][info][gc,ref      ] GC(2) Phantom: 2627 encountered, 2606 discovered, 2196 enqueued
[5.381s][info][gc,reloc    ] GC(2) Small Pages: 390 / 780M, Empty: 2M, Relocated: 136M, In-Place: 0
[5.381s][info][gc,reloc    ] GC(2) Medium Pages: 2 / 64M, Empty: 0M, Relocated: 4M, In-Place: 0
[5.381s][info][gc,reloc    ] GC(2) Large Pages: 0 / 0M, Empty: 0M, Relocated: 0M, In-Place: 0
[5.381s][info][gc,reloc    ] GC(2) Forwarding Usage: 62M
[5.381s][info][gc,heap     ] GC(2) Min Capacity: 8192M(100%)
[5.381s][info][gc,heap     ] GC(2) Max Capacity: 8192M(100%)
[5.381s][info][gc,heap     ] GC(2) Soft Max Capacity: 8192M(100%)
[5.381s][info][gc,heap     ] GC(2)                Mark Start          Mark End        Relocate Start      Relocate End           High               Low         
[5.381s][info][gc,heap     ] GC(2)  Capacity:     8192M (100%)       8192M (100%)       8192M (100%)       8192M (100%)       8192M (100%)       8192M (100%)   
[5.381s][info][gc,heap     ] GC(2)      Free:     7348M (90%)        7294M (89%)        7290M (89%)        7858M (96%)        7858M (96%)        7258M (89%)    
[5.381s][info][gc,heap     ] GC(2)      Used:      844M (10%)         898M (11%)         902M (11%)         334M (4%)          934M (11%)         334M (4%)     
[5.381s][info][gc,heap     ] GC(2)      Live:         -               221M (3%)          221M (3%)          221M (3%)             -                  -          
[5.381s][info][gc,heap     ] GC(2) Allocated:         -                54M (1%)           60M (1%)           73M (1%)             -                  -          
[5.381s][info][gc,heap     ] GC(2)   Garbage:         -               622M (8%)          620M (8%)           39M (0%)             -                  -          
[5.381s][info][gc,heap     ] GC(2) Reclaimed:         -                  -                 2M (0%)          583M (7%)             -                  -          
[5.381s][info][gc          ] GC(2) Garbage Collection (Warmup) 844M(10%)->334M(4%)
[8.714s][info][gc,start    ] GC(3) Garbage Collection (Metadata GC Threshold)
[8.714s][info][gc,task     ] GC(3) Using 2 workers
[8.714s][info][gc,phases   ] GC(3) Pause Mark Start 0.004ms
[9.046s][info][gc,phases   ] GC(3) Concurrent Mark 331.140ms
[9.046s][info][gc,phases   ] GC(3) Pause Mark End 0.006ms
[9.046s][info][gc,phases   ] GC(3) Concurrent Mark Free 0.001ms
[9.064s][info][gc,phases   ] GC(3) Concurrent Process Non-Strong References 17.848ms
[9.064s][info][gc,phases   ] GC(3) Concurrent Reset Relocation Set 0.044ms
[9.071s][info][gc,phases   ] GC(3) Concurrent Select Relocation Set 7.740ms
[9.072s][info][gc,phases   ] GC(3) Pause Relocate Start 0.008ms
[9.119s][info][gc,phases   ] GC(3) Concurrent Relocate 47.453ms
[9.119s][info][gc,load     ] GC(3) Load: 0.00/0.00/0.00
[9.119s][info][gc,mmu      ] GC(3) MMU: 2ms/99.1%, 5ms/99.7%, 10ms/99.8%, 20ms/99.9%, 50ms/99.9%, 100ms/100.0%
[9.119s][info][gc,marking  ] GC(3) Mark: 2 stripe(s), 2 proactive flush(es), 1 terminate flush(es), 0 completion(s), 0 continuation(s) 
[9.119s][info][gc,marking  ] GC(3) Mark Stack Usage: 32M
[9.119s][info][gc,nmethod  ] GC(3) NMethods: 8605 registered, 2037 unregistered
[9.119s][info][gc,metaspace] GC(3) Metaspace: 105M used, 106M committed, 1152M reserved
[9.119s][info][gc,ref      ] GC(3) Soft: 5536 encountered, 0 discovered, 0 enqueued
[9.119s][info][gc,ref      ] GC(3) Weak: 25176 encountered, 7939 discovered, 5725 enqueued
[9.119s][info][gc,ref      ] GC(3) Final: 34 encountered, 0 discovered, 0 enqueued
[9.119s][info][gc,ref      ] GC(3) Phantom: 5524 encountered, 5380 discovered, 5079 enqueued
[9.119s][info][gc,reloc    ] GC(3) Small Pages: 714 / 1428M, Empty: 206M, Relocated: 67M, In-Place: 0
[9.119s][info][gc,reloc    ] GC(3) Medium Pages: 2 / 64M, Empty: 0M, Relocated: 6M, In-Place: 0
[9.119s][info][gc,reloc    ] GC(3) Large Pages: 0 / 0M, Empty: 0M, Relocated: 0M, In-Place: 0
[9.119s][info][gc,reloc    ] GC(3) Forwarding Usage: 25M
[9.119s][info][gc,heap     ] GC(3) Min Capacity: 8192M(100%)
[9.119s][info][gc,heap     ] GC(3) Max Capacity: 8192M(100%)
[9.119s][info][gc,heap     ] GC(3) Soft Max Capacity: 8192M(100%)
[9.119s][info][gc,heap     ] GC(3)                Mark Start          Mark End        Relocate Start      Relocate End           High               Low         
[9.119s][info][gc,heap     ] GC(3)  Capacity:     8192M (100%)       8192M (100%)       8192M (100%)       8192M (100%)       8192M (100%)       8192M (100%)   
[9.119s][info][gc,heap     ] GC(3)      Free:     6700M (82%)        6660M (81%)        6860M (84%)        7782M (95%)        7784M (95%)        6658M (81%)    
[9.119s][info][gc,heap     ] GC(3)      Used:     1492M (18%)        1532M (19%)        1332M (16%)         410M (5%)         1534M (19%)         408M (5%)     
[9.119s][info][gc,heap     ] GC(3)      Live:         -               285M (3%)          285M (3%)          285M (3%)             -                  -          
[9.119s][info][gc,heap     ] GC(3) Allocated:         -                40M (0%)           46M (1%)           83M (1%)             -                  -          
[9.119s][info][gc,heap     ] GC(3)   Garbage:         -              1206M (15%)        1000M (12%)          41M (1%)             -                  -          
[9.119s][info][gc,heap     ] GC(3) Reclaimed:         -                  -               206M (3%)         1165M (14%)            -                  -          
[9.119s][info][gc          ] GC(3) Garbage Collection (Metadata GC Threshold) 1492M(18%)->410M(5%)
[10.268s][info][gc,stats    ] === Garbage Collection Statistics =======================================================================================================================
[10.268s][info][gc,stats    ]                                                              Last 10s              Last 10m              Last 10h                Total
[10.268s][info][gc,stats    ]                                                              Avg / Max             Avg / Max             Avg / Max             Avg / Max
[10.268s][info][gc,stats    ]   Collector: Garbage Collection Cycle                    247.367 / 412.098     247.367 / 412.098     247.367 / 412.098     247.367 / 412.098     ms
[10.268s][info][gc,stats    ]  Contention: Mark Segment Reset Contention                     0 / 0                 0 / 0                 0 / 0                 0 / 0           ops/s
[10.268s][info][gc,stats    ]  Contention: Mark SeqNum Reset Contention                      0 / 1                 0 / 1                 0 / 1                 0 / 1           ops/s
[10.268s][info][gc,stats    ]    Critical: Allocation Stall                                  0 / 0                 0 / 0                 0 / 0                 0 / 0           ops/s
[10.268s][info][gc,stats    ]    Critical: Allocation Stall                              0.000 / 0.000         0.000 / 0.000         0.000 / 0.000         0.000 / 0.000       ms
[10.268s][info][gc,stats    ]    Critical: GC Locker Stall                                   0 / 0                 0 / 0                 0 / 0                 0 / 0           ops/s
[10.268s][info][gc,stats    ]    Critical: GC Locker Stall                               0.000 / 0.000         0.000 / 0.000         0.000 / 0.000         0.000 / 0.000       ms
[10.268s][info][gc,stats    ]    Critical: Relocation Stall                                  0 / 0                 0 / 0                 0 / 0                 0 / 0           ops/s
[10.268s][info][gc,stats    ]    Critical: Relocation Stall                              0.000 / 0.000         0.000 / 0.000         0.000 / 0.000         0.000 / 0.000       ms
[10.268s][info][gc,stats    ]      Memory: Allocation Rate                                 317 / 614             317 / 614             317 / 614             317 / 614         MB/s
[10.268s][info][gc,stats    ]      Memory: Defragment                                        0 / 0                 0 / 0                 0 / 0                 0 / 0           ops/s
[10.268s][info][gc,stats    ]      Memory: Out Of Memory                                     0 / 0                 0 / 0                 0 / 0                 0 / 0           ops/s
[10.268s][info][gc,stats    ]      Memory: Page Cache Flush                                  0 / 0                 0 / 0                 0 / 0                 0 / 0           MB/s
[10.268s][info][gc,stats    ]      Memory: Page Cache Hit L1                                66 / 217              66 / 217              66 / 217              66 / 217         ops/s
[10.268s][info][gc,stats    ]      Memory: Page Cache Hit L2                                 0 / 0                 0 / 0                 0 / 0                 0 / 0           ops/s
[10.268s][info][gc,stats    ]      Memory: Page Cache Hit L3                                74 / 133              74 / 133              74 / 133              74 / 133         ops/s
[10.268s][info][gc,stats    ]      Memory: Page Cache Miss                                   0 / 1                 0 / 1                 0 / 1                 0 / 1           ops/s
[10.268s][info][gc,stats    ]      Memory: Uncommit                                          0 / 0                 0 / 0                 0 / 0                 0 / 0           MB/s
[10.268s][info][gc,stats    ]      Memory: Undo Object Allocation Failed                     0 / 0                 0 / 0                 0 / 0                 0 / 0           ops/s
[10.268s][info][gc,stats    ]      Memory: Undo Object Allocation Succeeded                  0 / 1                 0 / 1                 0 / 1                 0 / 1           ops/s
[10.268s][info][gc,stats    ]      Memory: Undo Page Allocation                              0 / 0                 0 / 0                 0 / 0                 0 / 0           ops/s
[10.268s][info][gc,stats    ]       Phase: Concurrent Mark                             184.756 / 331.140     184.756 / 331.140     184.756 / 331.140     184.756 / 331.140     ms
[10.268s][info][gc,stats    ]       Phase: Concurrent Mark Continue                      0.000 / 0.000         0.000 / 0.000         0.000 / 0.000         0.000 / 0.000       ms
[10.268s][info][gc,stats    ]       Phase: Concurrent Mark Free                          0.001 / 0.001         0.001 / 0.001         0.001 / 0.001         0.001 / 0.001       ms
[10.268s][info][gc,stats    ]       Phase: Concurrent Process Non-Strong References      9.320 / 17.848        9.320 / 17.848        9.320 / 17.848        9.320 / 17.848      ms
[10.268s][info][gc,stats    ]       Phase: Concurrent Relocate                          42.287 / 79.853       42.287 / 79.853       42.287 / 79.853       42.287 / 79.853      ms
[10.268s][info][gc,stats    ]       Phase: Concurrent Reset Relocation Set               0.016 / 0.044         0.016 / 0.044         0.016 / 0.044         0.016 / 0.044       ms
[10.268s][info][gc,stats    ]       Phase: Concurrent Select Relocation Set             10.081 / 20.119       10.081 / 20.119       10.081 / 20.119       10.081 / 20.119      ms
[10.268s][info][gc,stats    ]       Phase: Pause Mark End                                0.012 / 0.017         0.012 / 0.017         0.012 / 0.017         0.012 / 0.017       ms
[10.268s][info][gc,stats    ]       Phase: Pause Mark Start                              0.005 / 0.007         0.005 / 0.007         0.005 / 0.007         0.005 / 0.007       ms
[10.268s][info][gc,stats    ]       Phase: Pause Relocate Start                          0.007 / 0.009         0.007 / 0.009         0.007 / 0.009         0.007 / 0.009       ms
[10.268s][info][gc,stats    ]    Subphase: Concurrent Classes Purge                      0.992 / 2.450         0.992 / 2.450         0.992 / 2.450         0.992 / 2.450       ms
[10.268s][info][gc,stats    ]    Subphase: Concurrent Classes Unlink                     6.232 / 11.454        6.232 / 11.454        6.232 / 11.454        6.232 / 11.454      ms
[10.268s][info][gc,stats    ]    Subphase: Concurrent Mark                             181.385 / 330.091     181.385 / 330.091     181.385 / 330.091     181.385 / 330.091     ms
[10.268s][info][gc,stats    ]    Subphase: Concurrent Mark Try Flush                     0.425 / 3.431         0.425 / 3.431         0.425 / 3.431         0.425 / 3.431       ms
[10.268s][info][gc,stats    ]    Subphase: Concurrent Mark Try Terminate                 1.752 / 12.169        1.752 / 12.169        1.752 / 12.169        1.752 / 12.169      ms
[10.268s][info][gc,stats    ]    Subphase: Concurrent References Enqueue                 0.002 / 0.002         0.002 / 0.002         0.002 / 0.002         0.002 / 0.002       ms
[10.269s][info][gc,stats    ]    Subphase: Concurrent References Process                 0.776 / 1.562         0.776 / 1.562         0.776 / 1.562         0.776 / 1.562       ms
[10.269s][info][gc,stats    ]    Subphase: Concurrent Roots ClassLoaderDataGraph         0.151 / 0.359         0.151 / 0.359         0.151 / 0.359         0.151 / 0.359       ms
[10.269s][info][gc,stats    ]    Subphase: Concurrent Roots CodeCache                    0.000 / 0.000         0.000 / 0.000         0.000 / 0.000         0.000 / 0.000       ms
[10.269s][info][gc,stats    ]    Subphase: Concurrent Roots JavaThreads                  0.714 / 1.786         0.714 / 1.786         0.714 / 1.786         0.714 / 1.786       ms
[10.269s][info][gc,stats    ]    Subphase: Concurrent Roots OopStorageSet                0.069 / 0.198         0.069 / 0.198         0.069 / 0.198         0.069 / 0.198       ms
[10.269s][info][gc,stats    ]    Subphase: Concurrent Weak Roots OopStorageSet           1.172 / 2.225         1.172 / 2.225         1.172 / 2.225         1.172 / 2.225       ms
[10.269s][info][gc,stats    ]    Subphase: Pause Mark Try Complete                       0.000 / 0.000         0.000 / 0.000         0.000 / 0.000         0.000 / 0.000       ms
[10.269s][info][gc,stats    ]      System: Java Threads                                     20 / 33               20 / 33               20 / 33               20 / 33          threads
[10.269s][info][gc,stats    ] =========================================================================================================================================================
[14.468s][info][gc,start    ] GC(4) Garbage Collection (Warmup)
[14.468s][info][gc,task     ] GC(4) Using 2 workers
[14.468s][info][gc,phases   ] GC(4) Pause Mark Start 0.004ms
[14.774s][info][gc,phases   ] GC(4) Concurrent Mark 305.448ms
[14.774s][info][gc,phases   ] GC(4) Pause Mark End 0.009ms
[14.774s][info][gc,phases   ] GC(4) Concurrent Mark Free 0.000ms
[14.803s][info][gc,phases   ] GC(4) Concurrent Process Non-Strong References 29.642ms
[14.804s][info][gc,phases   ] GC(4) Concurrent Reset Relocation Set 0.117ms
[14.809s][info][gc,phases   ] GC(4) Concurrent Select Relocation Set 5.359ms
[14.809s][info][gc,phases   ] GC(4) Pause Relocate Start 0.006ms
[14.866s][info][gc,phases   ] GC(4) Concurrent Relocate 56.359ms
[14.866s][info][gc,load     ] GC(4) Load: 0.00/0.00/0.00
[14.866s][info][gc,mmu      ] GC(4) MMU: 2ms/99.1%, 5ms/99.7%, 10ms/99.8%, 20ms/99.9%, 50ms/99.9%, 100ms/100.0%
[14.866s][info][gc,marking  ] GC(4) Mark: 2 stripe(s), 4 proactive flush(es), 1 terminate flush(es), 0 completion(s), 0 continuation(s) 
[14.866s][info][gc,marking  ] GC(4) Mark Stack Usage: 32M
[14.866s][info][gc,nmethod  ] GC(4) NMethods: 11212 registered, 1323 unregistered
[14.866s][info][gc,metaspace] GC(4) Metaspace: 120M used, 121M committed, 1152M reserved
[14.866s][info][gc,ref      ] GC(4) Soft: 5741 encountered, 0 discovered, 0 enqueued
[14.866s][info][gc,ref      ] GC(4) Weak: 21928 encountered, 5480 discovered, 1007 enqueued
[14.866s][info][gc,ref      ] GC(4) Final: 34 encountered, 1 discovered, 0 enqueued
[14.866s][info][gc,ref      ] GC(4) Phantom: 1538 encountered, 1469 discovered, 1076 enqueued
[14.866s][info][gc,reloc    ] GC(4) Small Pages: 802 / 1604M, Empty: 118M, Relocated: 62M, In-Place: 0
[14.866s][info][gc,reloc    ] GC(4) Medium Pages: 2 / 64M, Empty: 0M, Relocated: 25M, In-Place: 0
[14.866s][info][gc,reloc    ] GC(4) Large Pages: 0 / 0M, Empty: 0M, Relocated: 0M, In-Place: 0
[14.866s][info][gc,reloc    ] GC(4) Forwarding Usage: 22M
[14.866s][info][gc,heap     ] GC(4) Min Capacity: 8192M(100%)
[14.866s][info][gc,heap     ] GC(4) Max Capacity: 8192M(100%)
[14.866s][info][gc,heap     ] GC(4) Soft Max Capacity: 8192M(100%)
[14.866s][info][gc,heap     ] GC(4)                Mark Start          Mark End        Relocate Start      Relocate End           High               Low         
[14.866s][info][gc,heap     ] GC(4)  Capacity:     8192M (100%)       8192M (100%)       8192M (100%)       8192M (100%)       8192M (100%)       8192M (100%)   
[14.866s][info][gc,heap     ] GC(4)      Free:     6524M (80%)        6376M (78%)        6464M (79%)        7522M (92%)        7522M (92%)        6346M (77%)    
[14.866s][info][gc,heap     ] GC(4)      Used:     1668M (20%)        1816M (22%)        1728M (21%)         670M (8%)         1846M (23%)         670M (8%)     
[14.866s][info][gc,heap     ] GC(4)      Live:         -               388M (5%)          388M (5%)          388M (5%)             -                  -          
[14.866s][info][gc,heap     ] GC(4) Allocated:         -               148M (2%)          178M (2%)          250M (3%)             -                  -          
[14.866s][info][gc,heap     ] GC(4)   Garbage:         -              1279M (16%)        1161M (14%)          30M (0%)             -                  -          
[14.866s][info][gc,heap     ] GC(4) Reclaimed:         -                  -               118M (1%)         1248M (15%)            -                  -          
[14.866s][info][gc          ] GC(4) Garbage Collection (Warmup) 1668M(20%)->670M(8%)
[17.668s][info][gc,start    ] GC(5) Garbage Collection (Warmup)
[17.668s][info][gc,task     ] GC(5) Using 2 workers
[17.668s][info][gc,phases   ] GC(5) Pause Mark Start 0.008ms
[18.029s][info][gc,phases   ] GC(5) Concurrent Mark 361.183ms
[18.029s][info][gc,phases   ] GC(5) Pause Mark End 0.009ms
[18.029s][info][gc,phases   ] GC(5) Concurrent Mark Free 0.001ms
[18.055s][info][gc,phases   ] GC(5) Concurrent Process Non-Strong References 26.014ms
[18.056s][info][gc,phases   ] GC(5) Concurrent Reset Relocation Set 0.085ms
[18.069s][info][gc,phases   ] GC(5) Concurrent Select Relocation Set 13.293ms
[18.069s][info][gc,phases   ] GC(5) Pause Relocate Start 0.007ms
[18.110s][info][gc,phases   ] GC(5) Concurrent Relocate 41.307ms
[18.110s][info][gc,load     ] GC(5) Load: 0.00/0.00/0.00
[18.110s][info][gc,mmu      ] GC(5) MMU: 2ms/99.1%, 5ms/99.7%, 10ms/99.8%, 20ms/99.9%, 50ms/99.9%, 100ms/100.0%
[18.110s][info][gc,marking  ] GC(5) Mark: 2 stripe(s), 2 proactive flush(es), 1 terminate flush(es), 0 completion(s), 0 continuation(s) 
[18.110s][info][gc,marking  ] GC(5) Mark Stack Usage: 32M
[18.110s][info][gc,nmethod  ] GC(5) NMethods: 12455 registered, 1980 unregistered
[18.110s][info][gc,metaspace] GC(5) Metaspace: 124M used, 126M committed, 1152M reserved
[18.110s][info][gc,ref      ] GC(5) Soft: 5914 encountered, 0 discovered, 0 enqueued
[18.111s][info][gc,ref      ] GC(5) Weak: 22573 encountered, 9479 discovered, 584 enqueued
[18.111s][info][gc,ref      ] GC(5) Final: 34 encountered, 0 discovered, 0 enqueued
[18.111s][info][gc,ref      ] GC(5) Phantom: 1013 encountered, 866 discovered, 546 enqueued
[18.111s][info][gc,reloc    ] GC(5) Small Pages: 1205 / 2410M, Empty: 316M, Relocated: 97M, In-Place: 0
[18.111s][info][gc,reloc    ] GC(5) Medium Pages: 2 / 64M, Empty: 0M, Relocated: 0M, In-Place: 0
[18.111s][info][gc,reloc    ] GC(5) Large Pages: 0 / 0M, Empty: 0M, Relocated: 0M, In-Place: 0
[18.111s][info][gc,reloc    ] GC(5) Forwarding Usage: 36M
[18.111s][info][gc,heap     ] GC(5) Min Capacity: 8192M(100%)
[18.111s][info][gc,heap     ] GC(5) Max Capacity: 8192M(100%)
[18.111s][info][gc,heap     ] GC(5) Soft Max Capacity: 8192M(100%)
[18.111s][info][gc,heap     ] GC(5)                Mark Start          Mark End        Relocate Start      Relocate End           High               Low         
[18.111s][info][gc,heap     ] GC(5)  Capacity:     8192M (100%)       8192M (100%)       8192M (100%)       8192M (100%)       8192M (100%)       8192M (100%)   
[18.111s][info][gc,heap     ] GC(5)      Free:     5718M (70%)        5506M (67%)        5796M (71%)        7446M (91%)        7448M (91%)        5488M (67%)    
[18.111s][info][gc,heap     ] GC(5)      Used:     2474M (30%)        2686M (33%)        2396M (29%)         746M (9%)         2704M (33%)         744M (9%)     
[18.111s][info][gc,heap     ] GC(5)      Live:         -               422M (5%)          422M (5%)          422M (5%)             -                  -          
[18.111s][info][gc,heap     ] GC(5) Allocated:         -               212M (3%)          238M (3%)          259M (3%)             -                  -          
[18.111s][info][gc,heap     ] GC(5)   Garbage:         -              2051M (25%)        1735M (21%)          64M (1%)             -                  -          
[18.111s][info][gc,heap     ] GC(5) Reclaimed:         -                  -               316M (4%)         1987M (24%)            -                  -          
[18.111s][info][gc          ] GC(5) Garbage Collection (Warmup) 2474M(30%)->746M(9%)
[20.267s][info][gc,stats    ] === Garbage Collection Statistics =======================================================================================================================
[20.267s][info][gc,stats    ]                                                              Last 10s              Last 10m              Last 10h                Total
[20.267s][info][gc,stats    ]                                                              Avg / Max             Avg / Max             Avg / Max             Avg / Max
[20.267s][info][gc,stats    ]   Collector: Garbage Collection Cycle                    420.389 / 442.570     305.041 / 442.570     305.041 / 442.570     305.041 / 442.570     ms
[20.267s][info][gc,stats    ]  Contention: Mark Segment Reset Contention                     0 / 2                 0 / 2                 0 / 2                 0 / 2           ops/s
[20.267s][info][gc,stats    ]  Contention: Mark SeqNum Reset Contention                      0 / 0                 0 / 1                 0 / 1                 0 / 1           ops/s
[20.268s][info][gc,stats    ]    Critical: Allocation Stall                                  0 / 0                 0 / 0                 0 / 0                 0 / 0           ops/s
[20.268s][info][gc,stats    ]    Critical: Allocation Stall                              0.000 / 0.000         0.000 / 0.000         0.000 / 0.000         0.000 / 0.000       ms
[20.268s][info][gc,stats    ]    Critical: GC Locker Stall                                   0 / 0                 0 / 0                 0 / 0                 0 / 0           ops/s
[20.268s][info][gc,stats    ]    Critical: GC Locker Stall                               0.000 / 0.000         0.000 / 0.000         0.000 / 0.000         0.000 / 0.000       ms
[20.268s][info][gc,stats    ]    Critical: Relocation Stall                                  0 / 0                 0 / 0                 0 / 0                 0 / 0           ops/s
[20.268s][info][gc,stats    ]    Critical: Relocation Stall                              0.000 / 0.000         0.000 / 0.000         0.000 / 0.000         0.000 / 0.000       ms
[20.268s][info][gc,stats    ]      Memory: Allocation Rate                                 491 / 736             404 / 736             404 / 736             404 / 736         MB/s
[20.268s][info][gc,stats    ]      Memory: Defragment                                        0 / 0                 0 / 0                 0 / 0                 0 / 0           ops/s
[20.268s][info][gc,stats    ]      Memory: Out Of Memory                                     0 / 0                 0 / 0                 0 / 0                 0 / 0           ops/s
[20.268s][info][gc,stats    ]      Memory: Page Cache Flush                                  0 / 0                 0 / 0                 0 / 0                 0 / 0           MB/s
[20.268s][info][gc,stats    ]      Memory: Page Cache Hit L1                               193 / 330             130 / 330             130 / 330             130 / 330         ops/s
[20.268s][info][gc,stats    ]      Memory: Page Cache Hit L2                                 0 / 0                 0 / 0                 0 / 0                 0 / 0           ops/s
[20.268s][info][gc,stats    ]      Memory: Page Cache Hit L3                                58 / 309              66 / 309              66 / 309              66 / 309         ops/s
[20.268s][info][gc,stats    ]      Memory: Page Cache Miss                                   0 / 0                 0 / 1                 0 / 1                 0 / 1           ops/s
[20.268s][info][gc,stats    ]      Memory: Uncommit                                          0 / 0                 0 / 0                 0 / 0                 0 / 0           MB/s
[20.268s][info][gc,stats    ]      Memory: Undo Object Allocation Failed                     0 / 0                 0 / 0                 0 / 0                 0 / 0           ops/s
[20.268s][info][gc,stats    ]      Memory: Undo Object Allocation Succeeded                 21 / 209              10 / 209              10 / 209              10 / 209         ops/s
[20.268s][info][gc,stats    ]      Memory: Undo Page Allocation                              0 / 0                 0 / 0                 0 / 0                 0 / 0           ops/s
[20.268s][info][gc,stats    ]       Phase: Concurrent Mark                             333.316 / 361.183     234.276 / 361.183     234.276 / 361.183     234.276 / 361.183     ms
[20.268s][info][gc,stats    ]       Phase: Concurrent Mark Continue                      0.000 / 0.000         0.000 / 0.000         0.000 / 0.000         0.000 / 0.000       ms
[20.268s][info][gc,stats    ]       Phase: Concurrent Mark Free                          0.001 / 0.001         0.001 / 0.001         0.001 / 0.001         0.001 / 0.001       ms
[20.268s][info][gc,stats    ]       Phase: Concurrent Process Non-Strong References     27.828 / 29.642       15.489 / 29.642       15.489 / 29.642       15.489 / 29.642      ms
[20.268s][info][gc,stats    ]       Phase: Concurrent Relocate                          48.833 / 56.359       44.469 / 79.853       44.469 / 79.853       44.469 / 79.853      ms
[20.268s][info][gc,stats    ]       Phase: Concurrent Reset Relocation Set               0.101 / 0.117         0.044 / 0.117         0.044 / 0.117         0.044 / 0.117       ms
[20.268s][info][gc,stats    ]       Phase: Concurrent Select Relocation Set              9.326 / 13.293        9.829 / 20.119        9.829 / 20.119        9.829 / 20.119      ms
[20.268s][info][gc,stats    ]       Phase: Pause Mark End                                0.009 / 0.009         0.011 / 0.017         0.011 / 0.017         0.011 / 0.017       ms
[20.268s][info][gc,stats    ]       Phase: Pause Mark Start                              0.005 / 0.008         0.005 / 0.008         0.005 / 0.008         0.005 / 0.008       ms
[20.268s][info][gc,stats    ]       Phase: Pause Relocate Start                          0.007 / 0.007         0.007 / 0.009         0.007 / 0.009         0.007 / 0.009       ms
[20.268s][info][gc,stats    ]    Subphase: Concurrent Classes Purge                      1.345 / 1.671         1.110 / 2.450         1.110 / 2.450         1.110 / 2.450       ms
[20.268s][info][gc,stats    ]    Subphase: Concurrent Classes Unlink                    23.494 / 24.764       11.986 / 24.764       11.986 / 24.764       11.986 / 24.764      ms
[20.268s][info][gc,stats    ]    Subphase: Concurrent Mark                             330.626 / 358.168     231.132 / 358.168     231.132 / 358.168     231.132 / 358.168     ms
[20.268s][info][gc,stats    ]    Subphase: Concurrent Mark Try Flush                     0.044 / 0.074         0.273 / 3.431         0.273 / 3.431         0.273 / 3.431       ms
[20.268s][info][gc,stats    ]    Subphase: Concurrent Mark Try Terminate                 0.455 / 1.454         1.381 / 12.169        1.381 / 12.169        1.381 / 12.169      ms
[20.268s][info][gc,stats    ]    Subphase: Concurrent References Enqueue                 0.002 / 0.003         0.002 / 0.003         0.002 / 0.003         0.002 / 0.003       ms
[20.268s][info][gc,stats    ]    Subphase: Concurrent References Process                 0.822 / 0.989         0.791 / 1.562         0.791 / 1.562         0.791 / 1.562       ms
[20.268s][info][gc,stats    ]    Subphase: Concurrent Roots ClassLoaderDataGraph         0.297 / 0.671         0.200 / 0.671         0.200 / 0.671         0.200 / 0.671       ms
[20.268s][info][gc,stats    ]    Subphase: Concurrent Roots CodeCache                    0.000 / 0.000         0.000 / 0.000         0.000 / 0.000         0.000 / 0.000       ms
[20.268s][info][gc,stats    ]    Subphase: Concurrent Roots JavaThreads                  1.664 / 2.650         1.031 / 2.650         1.031 / 2.650         1.031 / 2.650       ms
[20.268s][info][gc,stats    ]    Subphase: Concurrent Roots OopStorageSet                0.082 / 0.110         0.073 / 0.198         0.073 / 0.198         0.073 / 0.198       ms
[20.268s][info][gc,stats    ]    Subphase: Concurrent Weak Roots OopStorageSet           1.917 / 2.366         1.420 / 2.366         1.420 / 2.366         1.420 / 2.366       ms
[20.268s][info][gc,stats    ]    Subphase: Pause Mark Try Complete                       0.000 / 0.000         0.000 / 0.000         0.000 / 0.000         0.000 / 0.000       ms
[20.268s][info][gc,stats    ]      System: Java Threads                                     56 / 80               32 / 80               32 / 80               32 / 80          threads
[20.268s][info][gc,stats    ] =========================================================================================================================================================
[29.268s][info][gc,start    ] GC(6) Garbage Collection (Allocation Rate)
[29.268s][info][gc,task     ] GC(6) Using 1 workers
[29.268s][info][gc,phases   ] GC(6) Pause Mark Start 0.004ms
[30.268s][info][gc,stats    ] === Garbage Collection Statistics =======================================================================================================================
[30.268s][info][gc,stats    ]                                                              Last 10s              Last 10m              Last 10h                Total
[30.268s][info][gc,stats    ]                                                              Avg / Max             Avg / Max             Avg / Max             Avg / Max
[30.268s][info][gc,stats    ]   Collector: Garbage Collection Cycle                      0.000 / 0.000       305.041 / 442.570     305.041 / 442.570     305.041 / 442.570     ms
[30.268s][info][gc,stats    ]  Contention: Mark Segment Reset Contention                     0 / 0                 0 / 2                 0 / 2                 0 / 2           ops/s
[30.268s][info][gc,stats    ]  Contention: Mark SeqNum Reset Contention                      0 / 0                 0 / 1                 0 / 1                 0 / 1           ops/s
[30.268s][info][gc,stats    ]    Critical: Allocation Stall                                  0 / 0                 0 / 0                 0 / 0                 0 / 0           ops/s
[30.268s][info][gc,stats    ]    Critical: Allocation Stall                              0.000 / 0.000         0.000 / 0.000         0.000 / 0.000         0.000 / 0.000       ms
[30.268s][info][gc,stats    ]    Critical: GC Locker Stall                                   0 / 0                 0 / 0                 0 / 0                 0 / 0           ops/s
[30.268s][info][gc,stats    ]    Critical: GC Locker Stall                               0.000 / 0.000         0.000 / 0.000         0.000 / 0.000         0.000 / 0.000       ms
[30.268s][info][gc,stats    ]    Critical: Relocation Stall                                  0 / 0                 0 / 0                 0 / 0                 0 / 0           ops/s
[30.268s][info][gc,stats    ]    Critical: Relocation Stall                              0.000 / 0.000         0.000 / 0.000         0.000 / 0.000         0.000 / 0.000       ms
[30.268s][info][gc,stats    ]      Memory: Allocation Rate                                 532 / 794             446 / 794             446 / 794             446 / 794         MB/s
[30.268s][info][gc,stats    ]      Memory: Defragment                                        0 / 0                 0 / 0                 0 / 0                 0 / 0           ops/s
[30.268s][info][gc,stats    ]      Memory: Out Of Memory                                     0 / 0                 0 / 0                 0 / 0                 0 / 0           ops/s
[30.268s][info][gc,stats    ]      Memory: Page Cache Flush                                  0 / 0                 0 / 0                 0 / 0                 0 / 0           MB/s
[30.268s][info][gc,stats    ]      Memory: Page Cache Hit L1                                29 / 292              96 / 330              96 / 330              96 / 330         ops/s
[30.269s][info][gc,stats    ]      Memory: Page Cache Hit L2                                 0 / 0                 0 / 0                 0 / 0                 0 / 0           ops/s
[30.269s][info][gc,stats    ]      Memory: Page Cache Hit L3                               237 / 397             123 / 397             123 / 397             123 / 397         ops/s
[30.269s][info][gc,stats    ]      Memory: Page Cache Miss                                   0 / 0                 0 / 1                 0 / 1                 0 / 1           ops/s
[30.269s][info][gc,stats    ]      Memory: Uncommit                                          0 / 0                 0 / 0                 0 / 0                 0 / 0           MB/s
[30.269s][info][gc,stats    ]      Memory: Undo Object Allocation Failed                     0 / 0                 0 / 0                 0 / 0                 0 / 0           ops/s
[30.269s][info][gc,stats    ]      Memory: Undo Object Allocation Succeeded                  0 / 0                 7 / 209               7 / 209               7 / 209         ops/s
[30.269s][info][gc,stats    ]      Memory: Undo Page Allocation                              0 / 0                 0 / 0                 0 / 0                 0 / 0           ops/s
[30.269s][info][gc,stats    ]       Phase: Concurrent Mark                               0.000 / 0.000       234.276 / 361.183     234.276 / 361.183     234.276 / 361.183     ms
[30.269s][info][gc,stats    ]       Phase: Concurrent Mark Continue                      0.000 / 0.000         0.000 / 0.000         0.000 / 0.000         0.000 / 0.000       ms
[30.269s][info][gc,stats    ]       Phase: Concurrent Mark Free                          0.000 / 0.000         0.001 / 0.001         0.001 / 0.001         0.001 / 0.001       ms
[30.269s][info][gc,stats    ]       Phase: Concurrent Process Non-Strong References      0.000 / 0.000        15.489 / 29.642       15.489 / 29.642       15.489 / 29.642      ms
[30.269s][info][gc,stats    ]       Phase: Concurrent Relocate                           0.000 / 0.000        44.469 / 79.853       44.469 / 79.853       44.469 / 79.853      ms
[30.269s][info][gc,stats    ]       Phase: Concurrent Reset Relocation Set               0.000 / 0.000         0.044 / 0.117         0.044 / 0.117         0.044 / 0.117       ms
[30.269s][info][gc,stats    ]       Phase: Concurrent Select Relocation Set              0.000 / 0.000         9.829 / 20.119        9.829 / 20.119        9.829 / 20.119      ms
[30.269s][info][gc,stats    ]       Phase: Pause Mark End                                0.000 / 0.000         0.011 / 0.017         0.011 / 0.017         0.011 / 0.017       ms
[30.269s][info][gc,stats    ]       Phase: Pause Mark Start                              0.004 / 0.004         0.005 / 0.008         0.005 / 0.008         0.005 / 0.008       ms
[30.269s][info][gc,stats    ]       Phase: Pause Relocate Start                          0.000 / 0.000         0.007 / 0.009         0.007 / 0.009         0.007 / 0.009       ms
[30.269s][info][gc,stats    ]    Subphase: Concurrent Classes Purge                      0.000 / 0.000         1.110 / 2.450         1.110 / 2.450         1.110 / 2.450       ms
[30.269s][info][gc,stats    ]    Subphase: Concurrent Classes Unlink                     0.000 / 0.000        11.986 / 24.764       11.986 / 24.764       11.986 / 24.764      ms
[30.269s][info][gc,stats    ]    Subphase: Concurrent Mark                               0.000 / 0.000       231.132 / 358.168     231.132 / 358.168     231.132 / 358.168     ms
[30.269s][info][gc,stats    ]    Subphase: Concurrent Mark Try Flush                     0.000 / 0.000         0.273 / 3.431         0.273 / 3.431         0.273 / 3.431       ms
[30.269s][info][gc,stats    ]    Subphase: Concurrent Mark Try Terminate                 0.000 / 0.000         1.381 / 12.169        1.381 / 12.169        1.381 / 12.169      ms
[30.269s][info][gc,stats    ]    Subphase: Concurrent References Enqueue                 0.000 / 0.000         0.002 / 0.003         0.002 / 0.003         0.002 / 0.003       ms
[30.269s][info][gc,stats    ]    Subphase: Concurrent References Process                 0.000 / 0.000         0.791 / 1.562         0.791 / 1.562         0.791 / 1.562       ms
[30.269s][info][gc,stats    ]    Subphase: Concurrent Roots ClassLoaderDataGraph         0.332 / 0.332         0.210 / 0.671         0.210 / 0.671         0.210 / 0.671       ms
[30.269s][info][gc,stats    ]    Subphase: Concurrent Roots CodeCache                    0.000 / 0.000         0.000 / 0.000         0.000 / 0.000         0.000 / 0.000       ms
[30.269s][info][gc,stats    ]    Subphase: Concurrent Roots JavaThreads                  2.915 / 2.915         1.175 / 2.915         1.175 / 2.915         1.175 / 2.915       ms
[30.269s][info][gc,stats    ]    Subphase: Concurrent Roots OopStorageSet                0.093 / 0.093         0.075 / 0.198         0.075 / 0.198         0.075 / 0.198       ms
[30.269s][info][gc,stats    ]    Subphase: Concurrent Weak Roots OopStorageSet           0.000 / 0.000         1.420 / 2.366         1.420 / 2.366         1.420 / 2.366       ms
[30.269s][info][gc,stats    ]    Subphase: Pause Mark Try Complete                       0.000 / 0.000         0.000 / 0.000         0.000 / 0.000         0.000 / 0.000       ms
[30.269s][info][gc,stats    ]      System: Java Threads                                     79 / 79               34 / 80               34 / 80               34 / 80          threads
[30.269s][info][gc,stats    ] =========================================================================================================================================================
[31.548s][info][gc,phases   ] GC(6) Concurrent Mark 2279.879ms
[31.548s][info][gc,phases   ] GC(6) Pause Mark End 0.015ms
[31.548s][info][gc,phases   ] GC(6) Concurrent Mark Free 0.001ms
[31.583s][info][gc,phases   ] GC(6) Concurrent Process Non-Strong References 34.962ms
[31.583s][info][gc,phases   ] GC(6) Concurrent Reset Relocation Set 0.077ms
[31.589s][info][gc,phases   ] GC(6) Concurrent Select Relocation Set 5.533ms
[31.589s][info][gc,phases   ] GC(6) Pause Relocate Start 0.011ms
[31.715s][info][gc,phases   ] GC(6) Concurrent Relocate 125.721ms
[31.715s][info][gc,load     ] GC(6) Load: 0.00/0.00/0.00
[31.715s][info][gc,mmu      ] GC(6) MMU: 2ms/99.1%, 5ms/99.7%, 10ms/99.8%, 20ms/99.9%, 50ms/99.9%, 100ms/100.0%
[31.715s][info][gc,marking  ] GC(6) Mark: 1 stripe(s), 2 proactive flush(es), 1 terminate flush(es), 0 completion(s), 0 continuation(s) 
[31.715s][info][gc,marking  ] GC(6) Mark Stack Usage: 32M
[31.715s][info][gc,nmethod  ] GC(6) NMethods: 12794 registered, 4114 unregistered
[31.715s][info][gc,metaspace] GC(6) Metaspace: 126M used, 127M committed, 1152M reserved
[31.715s][info][gc,ref      ] GC(6) Soft: 5928 encountered, 0 discovered, 0 enqueued
[31.715s][info][gc,ref      ] GC(6) Weak: 22441 encountered, 1106 discovered, 202 enqueued
[31.715s][info][gc,ref      ] GC(6) Final: 34 encountered, 0 discovered, 0 enqueued
[31.715s][info][gc,ref      ] GC(6) Phantom: 633 encountered, 552 discovered, 155 enqueued
[31.715s][info][gc,reloc    ] GC(6) Small Pages: 3487 / 6974M, Empty: 2298M, Relocated: 89M, In-Place: 0
[31.715s][info][gc,reloc    ] GC(6) Medium Pages: 2 / 64M, Empty: 0M, Relocated: 0M, In-Place: 0
[31.715s][info][gc,reloc    ] GC(6) Large Pages: 0 / 0M, Empty: 0M, Relocated: 0M, In-Place: 0
[31.715s][info][gc,reloc    ] GC(6) Forwarding Usage: 29M
[31.715s][info][gc,heap     ] GC(6) Min Capacity: 8192M(100%)
[31.715s][info][gc,heap     ] GC(6) Max Capacity: 8192M(100%)
[31.715s][info][gc,heap     ] GC(6) Soft Max Capacity: 8192M(100%)
[31.715s][info][gc,heap     ] GC(6)                Mark Start          Mark End        Relocate Start      Relocate End           High               Low         
[31.715s][info][gc,heap     ] GC(6)  Capacity:     8192M (100%)       8192M (100%)       8192M (100%)       8192M (100%)       8192M (100%)       8192M (100%)   
[31.715s][info][gc,heap     ] GC(6)      Free:     1154M (14%)         566M (7%)         2860M (35%)        7004M (85%)        7004M (85%)         562M (7%)     
[31.715s][info][gc,heap     ] GC(6)      Used:     7038M (86%)        7626M (93%)        5332M (65%)        1188M (15%)        7630M (93%)        1188M (15%)    
[31.715s][info][gc,heap     ] GC(6)      Live:         -               491M (6%)          491M (6%)          491M (6%)             -                  -          
[31.715s][info][gc,heap     ] GC(6) Allocated:         -               588M (7%)          592M (7%)          629M (8%)             -                  -          
[31.715s][info][gc,heap     ] GC(6)   Garbage:         -              6546M (80%)        4248M (52%)          67M (1%)             -                  -          
[31.715s][info][gc,heap     ] GC(6) Reclaimed:         -                  -              2298M (28%)        6479M (79%)            -                  -          
[31.715s][info][gc          ] GC(6) Garbage Collection (Allocation Rate) 7038M(86%)->1188M(15%)
[36.368s][info][gc,start    ] GC(7) Garbage Collection (Allocation Rate)
[36.368s][info][gc,task     ] GC(7) Using 1 workers
[36.369s][info][gc,phases   ] GC(7) Pause Mark Start 0.006ms
[39.047s][info][gc,phases   ] GC(7) Concurrent Mark 2678.454ms
[39.048s][info][gc,phases   ] GC(7) Pause Mark End 0.010ms
[39.048s][info][gc,phases   ] GC(7) Concurrent Mark Free 0.001ms
[39.074s][info][gc,phases   ] GC(7) Concurrent Process Non-Strong References 26.701ms
[39.075s][info][gc,phases   ] GC(7) Concurrent Reset Relocation Set 0.149ms
[39.078s][info][gc,phases   ] GC(7) Concurrent Select Relocation Set 3.273ms
[39.078s][info][gc,phases   ] GC(7) Pause Relocate Start 0.008ms
[39.229s][info][gc,phases   ] GC(7) Concurrent Relocate 150.389ms
[39.229s][info][gc,load     ] GC(7) Load: 0.00/0.00/0.00
[39.229s][info][gc,mmu      ] GC(7) MMU: 2ms/99.1%, 5ms/99.7%, 10ms/99.8%, 20ms/99.9%, 50ms/99.9%, 100ms/100.0%
[39.229s][info][gc,marking  ] GC(7) Mark: 1 stripe(s), 2 proactive flush(es), 1 terminate flush(es), 0 completion(s), 0 continuation(s) 
[39.229s][info][gc,marking  ] GC(7) Mark Stack Usage: 32M
[39.229s][info][gc,nmethod  ] GC(7) NMethods: 13233 registered, 4394 unregistered
[39.229s][info][gc,metaspace] GC(7) Metaspace: 127M used, 128M committed, 1152M reserved
[39.229s][info][gc,ref      ] GC(7) Soft: 5947 encountered, 0 discovered, 0 enqueued
[39.229s][info][gc,ref      ] GC(7) Weak: 22370 encountered, 955 discovered, 60 enqueued
[39.229s][info][gc,ref      ] GC(7) Final: 34 encountered, 0 discovered, 0 enqueued
[39.229s][info][gc,ref      ] GC(7) Phantom: 534 encountered, 449 discovered, 44 enqueued
[39.229s][info][gc,reloc    ] GC(7) Small Pages: 1922 / 3844M, Empty: 1110M, Relocated: 82M, In-Place: 0
[39.229s][info][gc,reloc    ] GC(7) Medium Pages: 2 / 64M, Empty: 0M, Relocated: 0M, In-Place: 0
[39.229s][info][gc,reloc    ] GC(7) Large Pages: 0 / 0M, Empty: 0M, Relocated: 0M, In-Place: 0
[39.229s][info][gc,reloc    ] GC(7) Forwarding Usage: 26M
[39.229s][info][gc,heap     ] GC(7) Min Capacity: 8192M(100%)
[39.229s][info][gc,heap     ] GC(7) Max Capacity: 8192M(100%)
[39.229s][info][gc,heap     ] GC(7) Soft Max Capacity: 8192M(100%)
[39.229s][info][gc,heap     ] GC(7)                Mark Start          Mark End        Relocate Start      Relocate End           High               Low         
[39.229s][info][gc,heap     ] GC(7)  Capacity:     8192M (100%)       8192M (100%)       8192M (100%)       8192M (100%)       8192M (100%)       8192M (100%)   
[39.229s][info][gc,heap     ] GC(7)      Free:     4284M (52%)        3850M (47%)        4952M (60%)        7108M (87%)        7110M (87%)        3842M (47%)    
[39.229s][info][gc,heap     ] GC(7)      Used:     3908M (48%)        4342M (53%)        3240M (40%)        1084M (13%)        4350M (53%)        1082M (13%)    
[39.229s][info][gc,heap     ] GC(7)      Live:         -               495M (6%)          495M (6%)          495M (6%)             -                  -          
[39.229s][info][gc,heap     ] GC(7) Allocated:         -               434M (5%)          442M (5%)          518M (6%)             -                  -          
[39.229s][info][gc,heap     ] GC(7)   Garbage:         -              3412M (42%)        2302M (28%)          70M (1%)             -                  -          
[39.229s][info][gc,heap     ] GC(7) Reclaimed:         -                  -              1110M (14%)        3342M (41%)            -                  -          
[39.229s][info][gc          ] GC(7) Garbage Collection (Allocation Rate) 3908M(48%)->1084M(13%)
[40.268s][info][gc,stats    ] === Garbage Collection Statistics =======================================================================================================================
[40.268s][info][gc,stats    ]                                                              Last 10s              Last 10m              Last 10h                Total
[40.268s][info][gc,stats    ]                                                              Avg / Max             Avg / Max             Avg / Max             Avg / Max
[40.268s][info][gc,stats    ]   Collector: Garbage Collection Cycle                   2654.118 / 2860.740    892.310 / 2860.740    892.310 / 2860.740    892.310 / 2860.740    ms
[40.268s][info][gc,stats    ]  Contention: Mark Segment Reset Contention                     0 / 0                 0 / 2                 0 / 2                 0 / 2           ops/s
[40.268s][info][gc,stats    ]  Contention: Mark SeqNum Reset Contention                      0 / 0                 0 / 1                 0 / 1                 0 / 1           ops/s
[40.268s][info][gc,stats    ]    Critical: Allocation Stall                                  0 / 0                 0 / 0                 0 / 0                 0 / 0           ops/s
[40.268s][info][gc,stats    ]    Critical: Allocation Stall                              0.000 / 0.000         0.000 / 0.000         0.000 / 0.000         0.000 / 0.000       ms
[40.268s][info][gc,stats    ]    Critical: GC Locker Stall                                   0 / 0                 0 / 0                 0 / 0                 0 / 0           ops/s
[40.268s][info][gc,stats    ]    Critical: GC Locker Stall                               0.000 / 0.000         0.000 / 0.000         0.000 / 0.000         0.000 / 0.000       ms
[40.268s][info][gc,stats    ]    Critical: Relocation Stall                                  0 / 0                 0 / 0                 0 / 0                 0 / 0           ops/s
[40.268s][info][gc,stats    ]    Critical: Relocation Stall                              0.000 / 0.000         0.000 / 0.000         0.000 / 0.000         0.000 / 0.000       ms
[40.268s][info][gc,stats    ]      Memory: Allocation Rate                                 405 / 710             436 / 794             436 / 794             436 / 794         MB/s
[40.268s][info][gc,stats    ]      Memory: Defragment                                        0 / 0                 0 / 0                 0 / 0                 0 / 0           ops/s
[40.268s][info][gc,stats    ]      Memory: Out Of Memory                                     0 / 0                 0 / 0                 0 / 0                 0 / 0           ops/s
[40.268s][info][gc,stats    ]      Memory: Page Cache Flush                                  0 / 0                 0 / 0                 0 / 0                 0 / 0           MB/s
[40.268s][info][gc,stats    ]      Memory: Page Cache Hit L1                               201 / 355             122 / 355             122 / 355             122 / 355         ops/s
[40.268s][info][gc,stats    ]      Memory: Page Cache Hit L2                                 0 / 0                 0 / 0                 0 / 0                 0 / 0           ops/s
[40.268s][info][gc,stats    ]      Memory: Page Cache Hit L3                                 9 / 72               94 / 397              94 / 397              94 / 397         ops/s
[40.268s][info][gc,stats    ]      Memory: Page Cache Miss                                   0 / 0                 0 / 1                 0 / 1                 0 / 1           ops/s
[40.268s][info][gc,stats    ]      Memory: Uncommit                                          0 / 0                 0 / 0                 0 / 0                 0 / 0           MB/s
[40.268s][info][gc,stats    ]      Memory: Undo Object Allocation Failed                     0 / 0                 0 / 0                 0 / 0                 0 / 0           ops/s
[40.268s][info][gc,stats    ]      Memory: Undo Object Allocation Succeeded                  0 / 1                 5 / 209               5 / 209               5 / 209         ops/s
[40.268s][info][gc,stats    ]      Memory: Undo Page Allocation                              0 / 0                 0 / 0                 0 / 0                 0 / 0           ops/s
[40.268s][info][gc,stats    ]       Phase: Concurrent Mark                            2479.166 / 2678.454    795.498 / 2678.454    795.498 / 2678.454    795.498 / 2678.454    ms
[40.268s][info][gc,stats    ]       Phase: Concurrent Mark Continue                      0.000 / 0.000         0.000 / 0.000         0.000 / 0.000         0.000 / 0.000       ms
[40.268s][info][gc,stats    ]       Phase: Concurrent Mark Free                          0.001 / 0.001         0.001 / 0.001         0.001 / 0.001         0.001 / 0.001       ms
[40.268s][info][gc,stats    ]       Phase: Concurrent Process Non-Strong References     30.832 / 34.962       19.325 / 34.962       19.325 / 34.962       19.325 / 34.962      ms
[40.268s][info][gc,stats    ]       Phase: Concurrent Relocate                         138.055 / 150.389      67.866 / 150.389      67.866 / 150.389      67.866 / 150.389     ms
[40.268s][info][gc,stats    ]       Phase: Concurrent Reset Relocation Set               0.113 / 0.149         0.061 / 0.149         0.061 / 0.149         0.061 / 0.149       ms
[40.268s][info][gc,stats    ]       Phase: Concurrent Select Relocation Set              4.403 / 5.533         8.473 / 20.119        8.473 / 20.119        8.473 / 20.119      ms
[40.268s][info][gc,stats    ]       Phase: Pause Mark End                                0.012 / 0.015         0.011 / 0.017         0.011 / 0.017         0.011 / 0.017       ms
[40.268s][info][gc,stats    ]       Phase: Pause Mark Start                              0.006 / 0.006         0.005 / 0.008         0.005 / 0.008         0.005 / 0.008       ms
[40.268s][info][gc,stats    ]       Phase: Pause Relocate Start                          0.010 / 0.011         0.008 / 0.011         0.008 / 0.011         0.008 / 0.011       ms
[40.268s][info][gc,stats    ]    Subphase: Concurrent Classes Purge                      2.366 / 4.157         1.424 / 4.157         1.424 / 4.157         1.424 / 4.157       ms
[40.268s][info][gc,stats    ]    Subphase: Concurrent Classes Unlink                    23.373 / 24.067       14.833 / 24.764       14.833 / 24.764       14.833 / 24.764      ms
[40.268s][info][gc,stats    ]    Subphase: Concurrent Mark                            2475.389 / 2674.386    551.740 / 2674.386    551.740 / 2674.386    551.740 / 2674.386    ms
[40.268s][info][gc,stats    ]    Subphase: Concurrent Mark Try Flush                     0.746 / 2.563         0.382 / 3.431         0.382 / 3.431         0.382 / 3.431       ms
[40.268s][info][gc,stats    ]    Subphase: Concurrent Mark Try Terminate                 0.655 / 2.565         1.265 / 12.169        1.265 / 12.169        1.265 / 12.169      ms
[40.268s][info][gc,stats    ]    Subphase: Concurrent References Enqueue                 0.002 / 0.002         0.002 / 0.003         0.002 / 0.003         0.002 / 0.003       ms
[40.268s][info][gc,stats    ]    Subphase: Concurrent References Process                 0.274 / 0.338         0.662 / 1.562         0.662 / 1.562         0.662 / 1.562       ms
[40.268s][info][gc,stats    ]    Subphase: Concurrent Roots ClassLoaderDataGraph         0.348 / 0.348         0.220 / 0.671         0.220 / 0.671         0.220 / 0.671       ms
[40.268s][info][gc,stats    ]    Subphase: Concurrent Roots CodeCache                    0.000 / 0.000         0.000 / 0.000         0.000 / 0.000         0.000 / 0.000       ms
[40.268s][info][gc,stats    ]    Subphase: Concurrent Roots JavaThreads                  3.537 / 3.537         1.344 / 3.537         1.344 / 3.537         1.344 / 3.537       ms
[40.268s][info][gc,stats    ]    Subphase: Concurrent Roots OopStorageSet                0.088 / 0.088         0.076 / 0.198         0.076 / 0.198         0.076 / 0.198       ms
[40.268s][info][gc,stats    ]    Subphase: Concurrent Weak Roots OopStorageSet           3.094 / 3.412         1.659 / 3.412         1.659 / 3.412         1.659 / 3.412       ms
[40.268s][info][gc,stats    ]    Subphase: Pause Mark Try Complete                       0.000 / 0.000         0.000 / 0.000         0.000 / 0.000         0.000 / 0.000       ms
[40.268s][info][gc,stats    ]      System: Java Threads                                     77 / 78               43 / 80               43 / 80               43 / 80          threads
[40.268s][info][gc,stats    ] =========================================================================================================================================================
[46.568s][info][gc,start    ] GC(8) Garbage Collection (Allocation Rate)
[46.568s][info][gc,task     ] GC(8) Using 1 workers
[46.568s][info][gc,phases   ] GC(8) Pause Mark Start 0.005ms
[48.599s][info][gc,phases   ] GC(8) Concurrent Mark 2031.236ms
[48.600s][info][gc,phases   ] GC(8) Pause Mark End 0.087ms
[48.600s][info][gc,phases   ] GC(8) Concurrent Mark Free 0.000ms
[48.629s][info][gc,phases   ] GC(8) Concurrent Process Non-Strong References 28.927ms
[48.629s][info][gc,phases   ] GC(8) Concurrent Reset Relocation Set 0.096ms
[48.632s][info][gc,phases   ] GC(8) Concurrent Select Relocation Set 3.545ms
[48.637s][info][gc,phases   ] GC(8) Pause Relocate Start 0.012ms
[48.710s][info][gc,phases   ] GC(8) Concurrent Relocate 73.665ms
[48.710s][info][gc,load     ] GC(8) Load: 0.00/0.00/0.00
[48.710s][info][gc,mmu      ] GC(8) MMU: 2ms/95.7%, 5ms/98.3%, 10ms/99.1%, 20ms/99.6%, 50ms/99.8%, 100ms/99.9%
[48.710s][info][gc,marking  ] GC(8) Mark: 1 stripe(s), 2 proactive flush(es), 1 terminate flush(es), 1 completion(s), 0 continuation(s) 
[48.710s][info][gc,marking  ] GC(8) Mark Stack Usage: 32M
[48.710s][info][gc,nmethod  ] GC(8) NMethods: 13375 registered, 4592 unregistered
[48.710s][info][gc,metaspace] GC(8) Metaspace: 127M used, 128M committed, 1152M reserved
[48.710s][info][gc,ref      ] GC(8) Soft: 5948 encountered, 0 discovered, 0 enqueued
[48.710s][info][gc,ref      ] GC(8) Weak: 22336 encountered, 912 discovered, 13 enqueued
[48.711s][info][gc,ref      ] GC(8) Final: 34 encountered, 0 discovered, 0 enqueued
[48.711s][info][gc,ref      ] GC(8) Phantom: 503 encountered, 417 discovered, 10 enqueued
[48.711s][info][gc,reloc    ] GC(8) Small Pages: 1899 / 3798M, Empty: 854M, Relocated: 76M, In-Place: 0
[48.711s][info][gc,reloc    ] GC(8) Medium Pages: 2 / 64M, Empty: 0M, Relocated: 0M, In-Place: 0
[48.711s][info][gc,reloc    ] GC(8) Large Pages: 0 / 0M, Empty: 0M, Relocated: 0M, In-Place: 0
[48.711s][info][gc,reloc    ] GC(8) Forwarding Usage: 24M
[48.711s][info][gc,heap     ] GC(8) Min Capacity: 8192M(100%)
[48.711s][info][gc,heap     ] GC(8) Max Capacity: 8192M(100%)
[48.711s][info][gc,heap     ] GC(8) Soft Max Capacity: 8192M(100%)
[48.711s][info][gc,heap     ] GC(8)                Mark Start          Mark End        Relocate Start      Relocate End           High               Low         
[48.711s][info][gc,heap     ] GC(8)  Capacity:     8192M (100%)       8192M (100%)       8192M (100%)       8192M (100%)       8192M (100%)       8192M (100%)   
[48.711s][info][gc,heap     ] GC(8)      Free:     4330M (53%)        4030M (49%)        4880M (60%)        7184M (88%)        7184M (88%)        4026M (49%)    
[48.711s][info][gc,heap     ] GC(8)      Used:     3862M (47%)        4162M (51%)        3312M (40%)        1008M (12%)        4166M (51%)        1008M (12%)    
[48.711s][info][gc,heap     ] GC(8)      Live:         -               504M (6%)          504M (6%)          504M (6%)             -                  -          
[48.711s][info][gc,heap     ] GC(8) Allocated:         -               300M (4%)          304M (4%)          428M (5%)             -                  -          
[48.711s][info][gc,heap     ] GC(8)   Garbage:         -              3357M (41%)        2503M (31%)          74M (1%)             -                  -          
[48.711s][info][gc,heap     ] GC(8) Reclaimed:         -                  -               854M (10%)        3282M (40%)            -                  -          
[48.711s][info][gc          ] GC(8) Garbage Collection (Allocation Rate) 3862M(47%)->1008M(12%)
[50.267s][info][gc,stats    ] === Garbage Collection Statistics =======================================================================================================================
[50.268s][info][gc,stats    ]                                                              Last 10s              Last 10m              Last 10h                Total
[50.268s][info][gc,stats    ]                                                              Avg / Max             Avg / Max             Avg / Max             Avg / Max
[50.268s][info][gc,stats    ]   Collector: Garbage Collection Cycle                   2142.584 / 2142.584   1031.230 / 2860.740   1031.230 / 2860.740   1031.230 / 2860.740    ms
[50.268s][info][gc,stats    ]  Contention: Mark Segment Reset Contention                     0 / 0                 0 / 2                 0 / 2                 0 / 2           ops/s
[50.268s][info][gc,stats    ]  Contention: Mark SeqNum Reset Contention                      0 / 0                 0 / 1                 0 / 1                 0 / 1           ops/s
[50.268s][info][gc,stats    ]    Critical: Allocation Stall                                  0 / 0                 0 / 0                 0 / 0                 0 / 0           ops/s
[50.268s][info][gc,stats    ]    Critical: Allocation Stall                              0.000 / 0.000         0.000 / 0.000         0.000 / 0.000         0.000 / 0.000       ms
[50.268s][info][gc,stats    ]    Critical: GC Locker Stall                                   0 / 0                 0 / 0                 0 / 0                 0 / 0           ops/s
[50.268s][info][gc,stats    ]    Critical: GC Locker Stall                               0.000 / 0.000         0.000 / 0.000         0.000 / 0.000         0.000 / 0.000       ms
[50.268s][info][gc,stats    ]    Critical: Relocation Stall                                  0 / 0                 0 / 0                 0 / 0                 0 / 0           ops/s
[50.268s][info][gc,stats    ]    Critical: Relocation Stall                              0.000 / 0.000         0.000 / 0.000         0.000 / 0.000         0.000 / 0.000       ms
[50.268s][info][gc,stats    ]      Memory: Allocation Rate                                 383 / 836             425 / 836             425 / 836             425 / 836         MB/s
[50.268s][info][gc,stats    ]      Memory: Defragment                                        0 / 0                 0 / 0                 0 / 0                 0 / 0           ops/s
[50.268s][info][gc,stats    ]      Memory: Out Of Memory                                     0 / 0                 0 / 0                 0 / 0                 0 / 0           ops/s
[50.268s][info][gc,stats    ]      Memory: Page Cache Flush                                  0 / 0                 0 / 0                 0 / 0                 0 / 0           MB/s
[50.268s][info][gc,stats    ]      Memory: Page Cache Hit L1                               195 / 418             137 / 418             137 / 418             137 / 418         ops/s
[50.268s][info][gc,stats    ]      Memory: Page Cache Hit L2                                 0 / 0                 0 / 0                 0 / 0                 0 / 0           ops/s
[50.268s][info][gc,stats    ]      Memory: Page Cache Hit L3                                 0 / 0                75 / 397              75 / 397              75 / 397         ops/s
[50.268s][info][gc,stats    ]      Memory: Page Cache Miss                                   0 / 0                 0 / 1                 0 / 1                 0 / 1           ops/s
[50.268s][info][gc,stats    ]      Memory: Uncommit                                          0 / 0                 0 / 0                 0 / 0                 0 / 0           MB/s
[50.268s][info][gc,stats    ]      Memory: Undo Object Allocation Failed                     0 / 0                 0 / 0                 0 / 0                 0 / 0           ops/s
[50.268s][info][gc,stats    ]      Memory: Undo Object Allocation Succeeded                  0 / 3                 4 / 209               4 / 209               4 / 209         ops/s
[50.268s][info][gc,stats    ]      Memory: Undo Page Allocation                              0 / 0                 0 / 0                 0 / 0                 0 / 0           ops/s
[50.268s][info][gc,stats    ]       Phase: Concurrent Mark                            2031.236 / 2031.236    932.802 / 2678.454    932.802 / 2678.454    932.802 / 2678.454    ms
[50.268s][info][gc,stats    ]       Phase: Concurrent Mark Continue                      0.000 / 0.000         0.000 / 0.000         0.000 / 0.000         0.000 / 0.000       ms
[50.268s][info][gc,stats    ]       Phase: Concurrent Mark Free                          0.000 / 0.000         0.001 / 0.001         0.001 / 0.001         0.001 / 0.001       ms
[50.268s][info][gc,stats    ]       Phase: Concurrent Process Non-Strong References     28.927 / 28.927       20.392 / 34.962       20.392 / 34.962       20.392 / 34.962      ms
[50.268s][info][gc,stats    ]       Phase: Concurrent Relocate                          73.665 / 73.665       68.510 / 150.389      68.510 / 150.389      68.510 / 150.389     ms
[50.268s][info][gc,stats    ]       Phase: Concurrent Reset Relocation Set               0.096 / 0.096         0.065 / 0.149         0.065 / 0.149         0.065 / 0.149       ms
[50.268s][info][gc,stats    ]       Phase: Concurrent Select Relocation Set              3.545 / 3.545         7.925 / 20.119        7.925 / 20.119        7.925 / 20.119      ms
[50.268s][info][gc,stats    ]       Phase: Pause Mark End                                0.087 / 0.087         0.020 / 0.087         0.020 / 0.087         0.020 / 0.087       ms
[50.268s][info][gc,stats    ]       Phase: Pause Mark Start                              0.005 / 0.005         0.005 / 0.008         0.005 / 0.008         0.005 / 0.008       ms
[50.268s][info][gc,stats    ]       Phase: Pause Relocate Start                          0.012 / 0.012         0.008 / 0.012         0.008 / 0.012         0.008 / 0.012       ms
[50.268s][info][gc,stats    ]    Subphase: Concurrent Classes Purge                      0.553 / 0.553         1.327 / 4.157         1.327 / 4.157         1.327 / 4.157       ms
[50.268s][info][gc,stats    ]    Subphase: Concurrent Classes Unlink                    21.441 / 21.441       15.567 / 24.764       15.567 / 24.764       15.567 / 24.764      ms
[50.268s][info][gc,stats    ]    Subphase: Concurrent Mark                            2027.402 / 2027.402    650.118 / 2674.386    650.118 / 2674.386    650.118 / 2674.386    ms
[50.268s][info][gc,stats    ]    Subphase: Concurrent Mark Try Flush                     1.802 / 2.747         0.529 / 3.431         0.529 / 3.431         0.529 / 3.431       ms
[50.268s][info][gc,stats    ]    Subphase: Concurrent Mark Try Terminate                 0.024 / 0.048         1.173 / 12.169        1.173 / 12.169        1.173 / 12.169      ms
[50.268s][info][gc,stats    ]    Subphase: Concurrent References Enqueue                 0.002 / 0.002         0.002 / 0.003         0.002 / 0.003         0.002 / 0.003       ms
[50.268s][info][gc,stats    ]    Subphase: Concurrent References Process                 0.190 / 0.190         0.610 / 1.562         0.610 / 1.562         0.610 / 1.562       ms
[50.268s][info][gc,stats    ]    Subphase: Concurrent Roots ClassLoaderDataGraph         0.363 / 0.363         0.229 / 0.671         0.229 / 0.671         0.229 / 0.671       ms
[50.268s][info][gc,stats    ]    Subphase: Concurrent Roots CodeCache                    0.000 / 0.000         0.000 / 0.000         0.000 / 0.000         0.000 / 0.000       ms
[50.268s][info][gc,stats    ]    Subphase: Concurrent Roots JavaThreads                  3.175 / 3.175         1.466 / 3.537         1.466 / 3.537         1.466 / 3.537       ms
[50.268s][info][gc,stats    ]    Subphase: Concurrent Roots OopStorageSet                0.077 / 0.077         0.076 / 0.198         0.076 / 0.198         0.076 / 0.198       ms
[50.268s][info][gc,stats    ]    Subphase: Concurrent Weak Roots OopStorageSet           2.735 / 2.735         1.731 / 3.412         1.731 / 3.412         1.731 / 3.412       ms
[50.268s][info][gc,stats    ]    Subphase: Pause Mark Try Complete                       0.001 / 0.001         0.001 / 0.001         0.001 / 0.001         0.001 / 0.001       ms
[50.268s][info][gc,stats    ]      System: Java Threads                                     77 / 77               47 / 80               47 / 80               47 / 80          threads
[50.268s][info][gc,stats    ] =========================================================================================================================================================
[52.368s][info][gc,start    ] GC(9) Garbage Collection (Allocation Rate)
[52.368s][info][gc,task     ] GC(9) Using 2 workers
[52.368s][info][gc,phases   ] GC(9) Pause Mark Start 0.006ms
[53.666s][info][gc,phases   ] GC(9) Concurrent Mark 1298.137ms
[53.669s][info][gc,phases   ] GC(9) Pause Mark End 0.018ms
[53.669s][info][gc,phases   ] GC(9) Concurrent Mark Free 0.000ms
[53.691s][info][gc,phases   ] GC(9) Concurrent Process Non-Strong References 22.172ms
[53.691s][info][gc,phases   ] GC(9) Concurrent Reset Relocation Set 0.101ms
[53.957s][info][gc,phases   ] GC(9) Concurrent Select Relocation Set 265.903ms
[53.960s][info][gc,phases   ] GC(9) Pause Relocate Start 0.011ms
[53.996s][info][gc,phases   ] GC(9) Concurrent Relocate 36.383ms
[53.996s][info][gc,load     ] GC(9) Load: 0.00/0.00/0.00
[53.996s][info][gc,mmu      ] GC(9) MMU: 2ms/95.7%, 5ms/98.3%, 10ms/99.1%, 20ms/99.6%, 50ms/99.8%, 100ms/99.9%
[53.996s][info][gc,marking  ] GC(9) Mark: 2 stripe(s), 3 proactive flush(es), 1 terminate flush(es), 0 completion(s), 0 continuation(s) 
[53.996s][info][gc,marking  ] GC(9) Mark Stack Usage: 32M
[53.996s][info][gc,nmethod  ] GC(9) NMethods: 9351 registered, 0 unregistered
[53.996s][info][gc,metaspace] GC(9) Metaspace: 127M used, 128M committed, 1152M reserved
[53.996s][info][gc,ref      ] GC(9) Soft: 5954 encountered, 0 discovered, 0 enqueued
[53.996s][info][gc,ref      ] GC(9) Weak: 22349 encountered, 1445 discovered, 9 enqueued
[53.996s][info][gc,ref      ] GC(9) Final: 34 encountered, 0 discovered, 0 enqueued
[53.996s][info][gc,ref      ] GC(9) Phantom: 501 encountered, 351 discovered, 2 enqueued
[53.996s][info][gc,reloc    ] GC(9) Small Pages: 1894 / 3788M, Empty: 920M, Relocated: 87M, In-Place: 0
[53.996s][info][gc,reloc    ] GC(9) Medium Pages: 2 / 64M, Empty: 0M, Relocated: 0M, In-Place: 0
[53.996s][info][gc,reloc    ] GC(9) Large Pages: 0 / 0M, Empty: 0M, Relocated: 0M, In-Place: 0
[53.996s][info][gc,reloc    ] GC(9) Forwarding Usage: 26M
[53.996s][info][gc,heap     ] GC(9) Min Capacity: 8192M(100%)
[53.996s][info][gc,heap     ] GC(9) Max Capacity: 8192M(100%)
[53.996s][info][gc,heap     ] GC(9) Soft Max Capacity: 8192M(100%)
[53.996s][info][gc,heap     ] GC(9)                Mark Start          Mark End        Relocate Start      Relocate End           High               Low         
[53.996s][info][gc,heap     ] GC(9)  Capacity:     8192M (100%)       8192M (100%)       8192M (100%)       8192M (100%)       8192M (100%)       8192M (100%)   
[53.996s][info][gc,heap     ] GC(9)      Free:     4340M (53%)        4116M (50%)        4996M (61%)        7320M (89%)        7320M (89%)        4108M (50%)    
[53.996s][info][gc,heap     ] GC(9)      Used:     3852M (47%)        4076M (50%)        3196M (39%)         872M (11%)        4084M (50%)         872M (11%)    
[53.996s][info][gc,heap     ] GC(9)      Live:         -               506M (6%)          506M (6%)          506M (6%)             -                  -          
[53.996s][info][gc,heap     ] GC(9) Allocated:         -               224M (3%)          264M (3%)          292M (4%)             -                  -          
[53.996s][info][gc,heap     ] GC(9)   Garbage:         -              3345M (41%)        2425M (30%)          73M (1%)             -                  -          
[53.996s][info][gc,heap     ] GC(9) Reclaimed:         -                  -               920M (11%)        3272M (40%)            -                  -          
[53.996s][info][gc          ] GC(9) Garbage Collection (Allocation Rate) 3852M(47%)->872M(11%)
[59.568s][info][gc,start    ] GC(10) Garbage Collection (Allocation Rate)
[59.568s][info][gc,task     ] GC(10) Using 1 workers
[59.568s][info][gc,phases   ] GC(10) Pause Mark Start 0.005ms
[60.268s][info][gc,stats    ] === Garbage Collection Statistics =======================================================================================================================
[60.268s][info][gc,stats    ]                                                              Last 10s              Last 10m              Last 10h                Total
[60.268s][info][gc,stats    ]                                                              Avg / Max             Avg / Max             Avg / Max             Avg / Max
[60.268s][info][gc,stats    ]   Collector: Garbage Collection Cycle                   1628.548 / 1628.548   1090.961 / 2860.740   1090.961 / 2860.740   1090.961 / 2860.740    ms
[60.268s][info][gc,stats    ]  Contention: Mark Segment Reset Contention                     0 / 0                 0 / 2                 0 / 2                 0 / 2           ops/s
[60.268s][info][gc,stats    ]  Contention: Mark SeqNum Reset Contention                      0 / 0                 0 / 1                 0 / 1                 0 / 1           ops/s
[60.268s][info][gc,stats    ]    Critical: Allocation Stall                                  0 / 0                 0 / 0                 0 / 0                 0 / 0           ops/s
[60.268s][info][gc,stats    ]    Critical: Allocation Stall                              0.000 / 0.000         0.000 / 0.000         0.000 / 0.000         0.000 / 0.000       ms
[60.268s][info][gc,stats    ]    Critical: GC Locker Stall                                   0 / 1                 0 / 1                 0 / 1                 0 / 1           ops/s
[60.268s][info][gc,stats    ]    Critical: GC Locker Stall                               0.122 / 0.122         0.122 / 0.122         0.122 / 0.122         0.122 / 0.122       ms
[60.268s][info][gc,stats    ]    Critical: Relocation Stall                                  0 / 0                 0 / 0                 0 / 0                 0 / 0           ops/s
[60.268s][info][gc,stats    ]    Critical: Relocation Stall                              0.000 / 0.000         0.000 / 0.000         0.000 / 0.000         0.000 / 0.000       ms
[60.268s][info][gc,stats    ]      Memory: Allocation Rate                                 617 / 998             457 / 998             457 / 998             457 / 998         MB/s
[60.268s][info][gc,stats    ]      Memory: Defragment                                        0 / 0                 0 / 0                 0 / 0                 0 / 0           ops/s
[60.268s][info][gc,stats    ]      Memory: Out Of Memory                                     0 / 0                 0 / 0                 0 / 0                 0 / 0           ops/s
[60.268s][info][gc,stats    ]      Memory: Page Cache Flush                                  0 / 0                 0 / 0                 0 / 0                 0 / 0           MB/s
[60.268s][info][gc,stats    ]      Memory: Page Cache Hit L1                               313 / 499             166 / 499             166 / 499             166 / 499         ops/s
[60.268s][info][gc,stats    ]      Memory: Page Cache Hit L2                                 0 / 0                 0 / 0                 0 / 0                 0 / 0           ops/s
[60.268s][info][gc,stats    ]      Memory: Page Cache Hit L3                                 0 / 0                63 / 397              63 / 397              63 / 397         ops/s
[60.268s][info][gc,stats    ]      Memory: Page Cache Miss                                   0 / 0                 0 / 1                 0 / 1                 0 / 1           ops/s
[60.268s][info][gc,stats    ]      Memory: Uncommit                                          0 / 0                 0 / 0                 0 / 0                 0 / 0           MB/s
[60.268s][info][gc,stats    ]      Memory: Undo Object Allocation Failed                     0 / 0                 0 / 0                 0 / 0                 0 / 0           ops/s
[60.268s][info][gc,stats    ]      Memory: Undo Object Allocation Succeeded                  1 / 10                3 / 209               3 / 209               3 / 209         ops/s
[60.268s][info][gc,stats    ]      Memory: Undo Page Allocation                              0 / 0                 0 / 0                 0 / 0                 0 / 0           ops/s
[60.268s][info][gc,stats    ]       Phase: Concurrent Mark                            1298.137 / 1298.137    969.336 / 2678.454    969.336 / 2678.454    969.336 / 2678.454    ms
[60.268s][info][gc,stats    ]       Phase: Concurrent Mark Continue                      0.000 / 0.000         0.000 / 0.000         0.000 / 0.000         0.000 / 0.000       ms
[60.268s][info][gc,stats    ]       Phase: Concurrent Mark Free                          0.000 / 0.000         0.001 / 0.001         0.001 / 0.001         0.001 / 0.001       ms
[60.268s][info][gc,stats    ]       Phase: Concurrent Process Non-Strong References     22.172 / 22.172       20.570 / 34.962       20.570 / 34.962       20.570 / 34.962      ms
[60.268s][info][gc,stats    ]       Phase: Concurrent Relocate                          36.383 / 36.383       65.297 / 150.389      65.297 / 150.389      65.297 / 150.389     ms
[60.268s][info][gc,stats    ]       Phase: Concurrent Reset Relocation Set               0.101 / 0.101         0.069 / 0.149         0.069 / 0.149         0.069 / 0.149       ms
[60.268s][info][gc,stats    ]       Phase: Concurrent Select Relocation Set            265.903 / 265.903      33.723 / 265.903      33.723 / 265.903      33.723 / 265.903     ms
[60.268s][info][gc,stats    ]       Phase: Pause Mark End                                0.018 / 0.018         0.020 / 0.087         0.020 / 0.087         0.020 / 0.087       ms
[60.268s][info][gc,stats    ]       Phase: Pause Mark Start                              0.005 / 0.006         0.005 / 0.008         0.005 / 0.008         0.005 / 0.008       ms
[60.268s][info][gc,stats    ]       Phase: Pause Relocate Start                          0.011 / 0.011         0.009 / 0.012         0.009 / 0.012         0.009 / 0.012       ms
[60.268s][info][gc,stats    ]    Subphase: Concurrent Classes Purge                      4.891 / 4.891         1.683 / 4.891         1.683 / 4.891         1.683 / 4.891       ms
[60.268s][info][gc,stats    ]    Subphase: Concurrent Classes Unlink                    12.661 / 12.661       15.276 / 24.764       15.276 / 24.764       15.276 / 24.764      ms
[60.268s][info][gc,stats    ]    Subphase: Concurrent Mark                            1295.986 / 1296.172    726.102 / 2674.386    726.102 / 2674.386    726.102 / 2674.386    ms
[60.268s][info][gc,stats    ]    Subphase: Concurrent Mark Try Flush                     1.641 / 2.449         0.664 / 3.431         0.664 / 3.431         0.664 / 3.431       ms
[60.268s][info][gc,stats    ]    Subphase: Concurrent Mark Try Terminate                 1.281 / 2.449         1.216 / 12.169        1.216 / 12.169        1.216 / 12.169      ms
[60.268s][info][gc,stats    ]    Subphase: Concurrent References Enqueue                 0.003 / 0.003         0.002 / 0.003         0.002 / 0.003         0.002 / 0.003       ms
[60.268s][info][gc,stats    ]    Subphase: Concurrent References Process                 0.229 / 0.229         0.572 / 1.562         0.572 / 1.562         0.572 / 1.562       ms
[60.268s][info][gc,stats    ]    Subphase: Concurrent Roots ClassLoaderDataGraph         0.257 / 0.357         0.234 / 0.671         0.234 / 0.671         0.234 / 0.671       ms
[60.268s][info][gc,stats    ]    Subphase: Concurrent Roots CodeCache                    0.000 / 0.000         0.000 / 0.000         0.000 / 0.000         0.000 / 0.000       ms
[60.268s][info][gc,stats    ]    Subphase: Concurrent Roots JavaThreads                  1.995 / 2.844         1.554 / 3.537         1.554 / 3.537         1.554 / 3.537       ms
[60.268s][info][gc,stats    ]    Subphase: Concurrent Roots OopStorageSet                0.058 / 0.081         0.073 / 0.198         0.073 / 0.198         0.073 / 0.198       ms
[60.268s][info][gc,stats    ]    Subphase: Concurrent Weak Roots OopStorageSet           1.430 / 1.431         1.696 / 3.412         1.696 / 3.412         1.696 / 3.412       ms
[60.268s][info][gc,stats    ]    Subphase: Pause Mark Try Complete                       0.000 / 0.000         0.001 / 0.001         0.001 / 0.001         0.001 / 0.001       ms
[60.268s][info][gc,stats    ]      System: Java Threads                                     77 / 77               51 / 80               51 / 80               51 / 80          threads
[60.268s][info][gc,stats    ] =========================================================================================================================================================
[62.267s][info][gc,phases   ] GC(10) Concurrent Mark 2698.907ms
[62.269s][info][gc,phases   ] GC(10) Pause Mark End 0.015ms
[62.269s][info][gc,phases   ] GC(10) Concurrent Mark Free 0.001ms
[62.290s][info][gc,phases   ] GC(10) Concurrent Process Non-Strong References 21.072ms
[62.291s][info][gc,phases   ] GC(10) Concurrent Reset Relocation Set 0.108ms
[62.624s][info][gc,phases   ] GC(10) Concurrent Select Relocation Set 333.496ms
[62.627s][info][gc,phases   ] GC(10) Pause Relocate Start 0.066ms
[62.686s][info][gc,phases   ] GC(10) Concurrent Relocate 59.325ms
[62.686s][info][gc,load     ] GC(10) Load: 0.00/0.00/0.00
[62.686s][info][gc,mmu      ] GC(10) MMU: 2ms/95.7%, 5ms/98.3%, 10ms/99.1%, 20ms/99.6%, 50ms/99.8%, 100ms/99.9%
[62.686s][info][gc,marking  ] GC(10) Mark: 1 stripe(s), 2 proactive flush(es), 1 terminate flush(es), 0 completion(s), 0 continuation(s) 
[62.686s][info][gc,marking  ] GC(10) Mark Stack Usage: 32M
[62.686s][info][gc,nmethod  ] GC(10) NMethods: 9591 registered, 144 unregistered
[62.686s][info][gc,metaspace] GC(10) Metaspace: 127M used, 128M committed, 1152M reserved
[62.686s][info][gc,ref      ] GC(10) Soft: 5954 encountered, 0 discovered, 0 enqueued
[62.686s][info][gc,ref      ] GC(10) Weak: 22379 encountered, 11714 discovered, 18 enqueued
[62.686s][info][gc,ref      ] GC(10) Final: 34 encountered, 34 discovered, 0 enqueued
[62.686s][info][gc,ref      ] GC(10) Phantom: 516 encountered, 417 discovered, 0 enqueued
[62.686s][info][gc,reloc    ] GC(10) Small Pages: 2484 / 4968M, Empty: 1342M, Relocated: 89M, In-Place: 0
[62.686s][info][gc,reloc    ] GC(10) Medium Pages: 2 / 64M, Empty: 0M, Relocated: 0M, In-Place: 0
[62.686s][info][gc,reloc    ] GC(10) Large Pages: 0 / 0M, Empty: 0M, Relocated: 0M, In-Place: 0
[62.686s][info][gc,reloc    ] GC(10) Forwarding Usage: 29M
[62.686s][info][gc,heap     ] GC(10) Min Capacity: 8192M(100%)
[62.686s][info][gc,heap     ] GC(10) Max Capacity: 8192M(100%)
[62.686s][info][gc,heap     ] GC(10) Soft Max Capacity: 8192M(100%)
[62.686s][info][gc,heap     ] GC(10)                Mark Start          Mark End        Relocate Start      Relocate End           High               Low         
[62.686s][info][gc,heap     ] GC(10)  Capacity:     8192M (100%)       8192M (100%)       8192M (100%)       8192M (100%)       8192M (100%)       8192M (100%)   
[62.686s][info][gc,heap     ] GC(10)      Free:     3160M (39%)        2746M (34%)        3878M (47%)        6958M (85%)        6958M (85%)        2746M (34%)    
[62.686s][info][gc,heap     ] GC(10)      Used:     5032M (61%)        5446M (66%)        4314M (53%)        1234M (15%)        5446M (66%)        1234M (15%)    
[62.686s][info][gc,heap     ] GC(10)      Live:         -               508M (6%)          508M (6%)          508M (6%)             -                  -          
[62.686s][info][gc,heap     ] GC(10) Allocated:         -               414M (5%)          624M (8%)          653M (8%)             -                  -          
[62.686s][info][gc,heap     ] GC(10)   Garbage:         -              4523M (55%)        3181M (39%)          71M (1%)             -                  -          
[62.686s][info][gc,heap     ] GC(10) Reclaimed:         -                  -              1342M (16%)        4451M (54%)            -                  -          
[62.686s][info][gc          ] GC(10) Garbage Collection (Allocation Rate) 5032M(61%)->1234M(15%)
[63.068s][info][gc,start    ] GC(11) Garbage Collection (Allocation Rate)
[63.068s][info][gc,task     ] GC(11) Using 1 workers
[63.068s][info][gc,phases   ] GC(11) Pause Mark Start 0.005ms
[64.707s][info][gc,phases   ] GC(11) Concurrent Mark 1639.537ms
[64.707s][info][gc,phases   ] GC(11) Pause Mark End 0.014ms
[64.708s][info][gc,phases   ] GC(11) Concurrent Mark Free 0.000ms
[64.726s][info][gc,phases   ] GC(11) Concurrent Process Non-Strong References 18.620ms
[64.726s][info][gc,phases   ] GC(11) Concurrent Reset Relocation Set 0.112ms
[64.730s][info][gc,phases   ] GC(11) Concurrent Select Relocation Set 3.243ms
[64.730s][info][gc,phases   ] GC(11) Pause Relocate Start 0.009ms
[64.763s][info][gc,phases   ] GC(11) Concurrent Relocate 32.973ms
[64.763s][info][gc,load     ] GC(11) Load: 0.00/0.00/0.00
[64.763s][info][gc,mmu      ] GC(11) MMU: 2ms/95.7%, 5ms/98.3%, 10ms/99.1%, 20ms/99.6%, 50ms/99.8%, 100ms/99.9%
[64.763s][info][gc,marking  ] GC(11) Mark: 1 stripe(s), 2 proactive flush(es), 1 terminate flush(es), 0 completion(s), 0 continuation(s) 
[64.763s][info][gc,marking  ] GC(11) Mark Stack Usage: 32M
[64.763s][info][gc,nmethod  ] GC(11) NMethods: 9597 registered, 182 unregistered
[64.763s][info][gc,metaspace] GC(11) Metaspace: 127M used, 128M committed, 1152M reserved
[64.763s][info][gc,ref      ] GC(11) Soft: 5954 encountered, 0 discovered, 0 enqueued
[64.763s][info][gc,ref      ] GC(11) Weak: 22363 encountered, 11701 discovered, 2 enqueued
[64.763s][info][gc,ref      ] GC(11) Final: 34 encountered, 34 discovered, 0 enqueued
[64.763s][info][gc,ref      ] GC(11) Phantom: 516 encountered, 417 discovered, 0 enqueued
[64.763s][info][gc,reloc    ] GC(11) Small Pages: 768 / 1536M, Empty: 196M, Relocated: 33M, In-Place: 0
[64.763s][info][gc,reloc    ] GC(11) Medium Pages: 2 / 64M, Empty: 0M, Relocated: 0M, In-Place: 0
[64.763s][info][gc,reloc    ] GC(11) Large Pages: 0 / 0M, Empty: 0M, Relocated: 0M, In-Place: 0
[64.763s][info][gc,reloc    ] GC(11) Forwarding Usage: 10M
[64.763s][info][gc,heap     ] GC(11) Min Capacity: 8192M(100%)
[64.763s][info][gc,heap     ] GC(11) Max Capacity: 8192M(100%)
[64.763s][info][gc,heap     ] GC(11) Soft Max Capacity: 8192M(100%)
[64.763s][info][gc,heap     ] GC(11)                Mark Start          Mark End        Relocate Start      Relocate End           High               Low         
[64.763s][info][gc,heap     ] GC(11)  Capacity:     8192M (100%)       8192M (100%)       8192M (100%)       8192M (100%)       8192M (100%)       8192M (100%)   
[64.763s][info][gc,heap     ] GC(11)      Free:     6592M (80%)        6244M (76%)        6436M (79%)        7210M (88%)        7212M (88%)        6240M (76%)    
[64.763s][info][gc,heap     ] GC(11)      Used:     1600M (20%)        1948M (24%)        1756M (21%)         982M (12%)        1952M (24%)         980M (12%)    
[64.763s][info][gc,heap     ] GC(11)      Live:         -               519M (6%)          519M (6%)          519M (6%)             -                  -          
[64.763s][info][gc,heap     ] GC(11) Allocated:         -               348M (4%)          352M (4%)          381M (5%)             -                  -          
[64.763s][info][gc,heap     ] GC(11)   Garbage:         -              1080M (13%)         884M (11%)          80M (1%)             -                  -          
[64.763s][info][gc,heap     ] GC(11) Reclaimed:         -                  -               196M (2%)          999M (12%)            -                  -          
[64.763s][info][gc          ] GC(11) Garbage Collection (Allocation Rate) 1600M(20%)->982M(12%)
[65.268s][info][gc,start    ] GC(12) Garbage Collection (Allocation Rate)
[65.268s][info][gc,task     ] GC(12) Using 2 workers
[65.268s][info][gc,phases   ] GC(12) Pause Mark Start 0.011ms
[66.093s][info][gc,phases   ] GC(12) Concurrent Mark 824.890ms
[66.093s][info][gc,phases   ] GC(12) Pause Mark End 0.044ms
[66.093s][info][gc,phases   ] GC(12) Concurrent Mark Free 0.000ms
[66.109s][info][gc,phases   ] GC(12) Concurrent Process Non-Strong References 15.097ms
[66.109s][info][gc,phases   ] GC(12) Concurrent Reset Relocation Set 0.037ms
[66.292s][info][gc,phases   ] GC(12) Concurrent Select Relocation Set 183.351ms
[66.295s][info][gc,phases   ] GC(12) Pause Relocate Start 0.035ms
[66.322s][info][gc,phases   ] GC(12) Concurrent Relocate 27.195ms
[66.322s][info][gc,load     ] GC(12) Load: 0.00/0.00/0.00
[66.322s][info][gc,mmu      ] GC(12) MMU: 2ms/95.7%, 5ms/98.3%, 10ms/99.1%, 20ms/99.6%, 50ms/99.8%, 100ms/99.9%
[66.322s][info][gc,marking  ] GC(12) Mark: 2 stripe(s), 2 proactive flush(es), 1 terminate flush(es), 1 completion(s), 0 continuation(s) 
[66.322s][info][gc,marking  ] GC(12) Mark Stack Usage: 32M
[66.322s][info][gc,nmethod  ] GC(12) NMethods: 8333 registered, 1569 unregistered
[66.322s][info][gc,metaspace] GC(12) Metaspace: 127M used, 128M committed, 1152M reserved
[66.322s][info][gc,ref      ] GC(12) Soft: 5954 encountered, 0 discovered, 0 enqueued
[66.322s][info][gc,ref      ] GC(12) Weak: 22361 encountered, 8246 discovered, 0 enqueued
[66.322s][info][gc,ref      ] GC(12) Final: 34 encountered, 0 discovered, 0 enqueued
[66.322s][info][gc,ref      ] GC(12) Phantom: 516 encountered, 390 discovered, 17 enqueued
[66.322s][info][gc,reloc    ] GC(12) Small Pages: 676 / 1352M, Empty: 108M, Relocated: 45M, In-Place: 0
[66.322s][info][gc,reloc    ] GC(12) Medium Pages: 2 / 64M, Empty: 0M, Relocated: 0M, In-Place: 0
[66.322s][info][gc,reloc    ] GC(12) Large Pages: 0 / 0M, Empty: 0M, Relocated: 0M, In-Place: 0
[66.322s][info][gc,reloc    ] GC(12) Forwarding Usage: 14M
[66.322s][info][gc,heap     ] GC(12) Min Capacity: 8192M(100%)
[66.322s][info][gc,heap     ] GC(12) Max Capacity: 8192M(100%)
[66.322s][info][gc,heap     ] GC(12) Soft Max Capacity: 8192M(100%)
[66.322s][info][gc,heap     ] GC(12)                Mark Start          Mark End        Relocate Start      Relocate End           High               Low         
[66.322s][info][gc,heap     ] GC(12)  Capacity:     8192M (100%)       8192M (100%)       8192M (100%)       8192M (100%)       8192M (100%)       8192M (100%)   
[66.322s][info][gc,heap     ] GC(12)      Free:     6776M (83%)        6496M (79%)        6534M (80%)        7164M (87%)        7176M (88%)        6490M (79%)    
[66.322s][info][gc,heap     ] GC(12)      Used:     1416M (17%)        1696M (21%)        1658M (20%)        1028M (13%)        1702M (21%)        1016M (12%)    
[66.322s][info][gc,heap     ] GC(12)      Live:         -               535M (7%)          535M (7%)          535M (7%)             -                  -          
[66.322s][info][gc,heap     ] GC(12) Allocated:         -               280M (3%)          350M (4%)          409M (5%)             -                  -          
[66.322s][info][gc,heap     ] GC(12)   Garbage:         -               880M (11%)         772M (9%)           82M (1%)             -                  -          
[66.322s][info][gc,heap     ] GC(12) Reclaimed:         -                  -               108M (1%)          797M (10%)            -                  -          
[66.322s][info][gc          ] GC(12) Garbage Collection (Allocation Rate) 1416M(17%)->1028M(13%)
[70.267s][info][gc,stats    ] === Garbage Collection Statistics =======================================================================================================================
[70.267s][info][gc,stats    ]                                                              Last 10s              Last 10m              Last 10h                Total
[70.267s][info][gc,stats    ]                                                              Avg / Max             Avg / Max             Avg / Max             Avg / Max
[70.267s][info][gc,stats    ]   Collector: Garbage Collection Cycle                   1955.913 / 3118.493   1290.566 / 3118.493   1290.566 / 3118.493   1290.566 / 3118.493    ms
[70.267s][info][gc,stats    ]  Contention: Mark Segment Reset Contention                     0 / 1                 0 / 2                 0 / 2                 0 / 2           ops/s
[70.267s][info][gc,stats    ]  Contention: Mark SeqNum Reset Contention                      0 / 0                 0 / 1                 0 / 1                 0 / 1           ops/s
[70.267s][info][gc,stats    ]    Critical: Allocation Stall                                  0 / 0                 0 / 0                 0 / 0                 0 / 0           ops/s
[70.267s][info][gc,stats    ]    Critical: Allocation Stall                              0.000 / 0.000         0.000 / 0.000         0.000 / 0.000         0.000 / 0.000       ms
[70.267s][info][gc,stats    ]    Critical: GC Locker Stall                                   0 / 0                 0 / 1                 0 / 1                 0 / 1           ops/s
[70.268s][info][gc,stats    ]    Critical: GC Locker Stall                               0.000 / 0.000         0.122 / 0.122         0.122 / 0.122         0.122 / 0.122       ms
[70.268s][info][gc,stats    ]    Critical: Relocation Stall                                  0 / 0                 0 / 0                 0 / 0                 0 / 0           ops/s
[70.268s][info][gc,stats    ]    Critical: Relocation Stall                              0.000 / 0.000         0.000 / 0.000         0.000 / 0.000         0.000 / 0.000       ms
[70.268s][info][gc,stats    ]      Memory: Allocation Rate                                 523 / 858             467 / 998             467 / 998             467 / 998         MB/s
[70.268s][info][gc,stats    ]      Memory: Defragment                                        0 / 0                 0 / 0                 0 / 0                 0 / 0           ops/s
[70.268s][info][gc,stats    ]      Memory: Out Of Memory                                     0 / 0                 0 / 0                 0 / 0                 0 / 0           ops/s
[70.268s][info][gc,stats    ]      Memory: Page Cache Flush                                  0 / 0                 0 / 0                 0 / 0                 0 / 0           MB/s
[70.268s][info][gc,stats    ]      Memory: Page Cache Hit L1                               270 / 452             181 / 499             181 / 499             181 / 499         ops/s
[70.268s][info][gc,stats    ]      Memory: Page Cache Hit L2                                 0 / 0                 0 / 0                 0 / 0                 0 / 0           ops/s
[70.268s][info][gc,stats    ]      Memory: Page Cache Hit L3                                 0 / 0                54 / 397              54 / 397              54 / 397         ops/s
[70.268s][info][gc,stats    ]      Memory: Page Cache Miss                                   0 / 0                 0 / 1                 0 / 1                 0 / 1           ops/s
[70.268s][info][gc,stats    ]      Memory: Uncommit                                          0 / 0                 0 / 0                 0 / 0                 0 / 0           MB/s
[70.268s][info][gc,stats    ]      Memory: Undo Object Allocation Failed                     0 / 0                 0 / 0                 0 / 0                 0 / 0           ops/s
[70.268s][info][gc,stats    ]      Memory: Undo Object Allocation Succeeded                  0 / 4                 3 / 209               3 / 209               3 / 209         ops/s
[70.268s][info][gc,stats    ]      Memory: Undo Page Allocation                              0 / 0                 0 / 0                 0 / 0                 0 / 0           ops/s
[70.268s][info][gc,stats    ]       Phase: Concurrent Mark                            1721.111 / 2698.907   1142.822 / 2698.907   1142.822 / 2698.907   1142.822 / 2698.907    ms
[70.268s][info][gc,stats    ]       Phase: Concurrent Mark Continue                      0.000 / 0.000         0.000 / 0.000         0.000 / 0.000         0.000 / 0.000       ms
[70.268s][info][gc,stats    ]       Phase: Concurrent Mark Free                          0.000 / 0.001         0.000 / 0.001         0.000 / 0.001         0.000 / 0.001       ms
[70.268s][info][gc,stats    ]       Phase: Concurrent Process Non-Strong References     18.263 / 21.072       20.038 / 34.962       20.038 / 34.962       20.038 / 34.962      ms
[70.268s][info][gc,stats    ]       Phase: Concurrent Relocate                          39.831 / 59.325       59.420 / 150.389      59.420 / 150.389      59.420 / 150.389     ms
[70.268s][info][gc,stats    ]       Phase: Concurrent Reset Relocation Set               0.086 / 0.112         0.073 / 0.149         0.073 / 0.149         0.073 / 0.149       ms
[70.268s][info][gc,stats    ]       Phase: Concurrent Select Relocation Set            173.363 / 333.496      65.948 / 333.496      65.948 / 333.496      65.948 / 333.496     ms
[70.268s][info][gc,stats    ]       Phase: Pause Mark End                                0.024 / 0.044         0.021 / 0.087         0.021 / 0.087         0.021 / 0.087       ms
[70.268s][info][gc,stats    ]       Phase: Pause Mark Start                              0.008 / 0.011         0.006 / 0.011         0.006 / 0.011         0.006 / 0.011       ms
[70.268s][info][gc,stats    ]       Phase: Pause Relocate Start                          0.036 / 0.066         0.015 / 0.066         0.015 / 0.066         0.015 / 0.066       ms
[70.268s][info][gc,stats    ]    Subphase: Concurrent Classes Purge                      1.016 / 2.344         1.529 / 4.891         1.529 / 4.891         1.529 / 4.891       ms
[70.268s][info][gc,stats    ]    Subphase: Concurrent Classes Unlink                    11.848 / 15.255       14.485 / 24.764       14.485 / 24.764       14.485 / 24.764      ms
[70.268s][info][gc,stats    ]    Subphase: Concurrent Mark                            1494.030 / 2695.469    872.374 / 2695.469    872.374 / 2695.469    872.374 / 2695.469    ms
[70.268s][info][gc,stats    ]    Subphase: Concurrent Mark Try Flush                     1.086 / 2.619         0.754 / 3.431         0.754 / 3.431         0.754 / 3.431       ms
[70.268s][info][gc,stats    ]    Subphase: Concurrent Mark Try Terminate                 0.749 / 2.413         1.118 / 12.169        1.118 / 12.169        1.118 / 12.169      ms
[70.268s][info][gc,stats    ]    Subphase: Concurrent References Enqueue                 0.002 / 0.003         0.002 / 0.003         0.002 / 0.003         0.002 / 0.003       ms
[70.268s][info][gc,stats    ]    Subphase: Concurrent References Process                 1.168 / 1.628         0.709 / 1.628         0.709 / 1.628         0.709 / 1.628       ms
[70.268s][info][gc,stats    ]    Subphase: Concurrent Roots ClassLoaderDataGraph         0.478 / 0.882         0.269 / 0.882         0.269 / 0.882         0.269 / 0.882       ms
[70.268s][info][gc,stats    ]    Subphase: Concurrent Roots CodeCache                    0.000 / 0.000         0.000 / 0.000         0.000 / 0.000         0.000 / 0.000       ms
[70.268s][info][gc,stats    ]    Subphase: Concurrent Roots JavaThreads                  2.193 / 2.826         1.646 / 3.537         1.646 / 3.537         1.646 / 3.537       ms
[70.268s][info][gc,stats    ]    Subphase: Concurrent Roots OopStorageSet                0.096 / 0.096         0.076 / 0.198         0.076 / 0.198         0.076 / 0.198       ms
[70.268s][info][gc,stats    ]    Subphase: Concurrent Weak Roots OopStorageSet           1.856 / 2.534         1.726 / 3.412         1.726 / 3.412         1.726 / 3.412       ms
[70.268s][info][gc,stats    ]    Subphase: Pause Mark Try Complete                       0.000 / 0.001         0.001 / 0.001         0.001 / 0.001         0.001 / 0.001       ms
[70.268s][info][gc,stats    ]      System: Java Threads                                     77 / 78               56 / 80               56 / 80               56 / 80          threads
[70.268s][info][gc,stats    ] =========================================================================================================================================================
[70.967s][info][gc,start    ] GC(13) Garbage Collection (Allocation Rate)
[70.968s][info][gc,task     ] GC(13) Using 1 workers
[70.968s][info][gc,phases   ] GC(13) Pause Mark Start 0.008ms
[73.581s][info][gc,phases   ] GC(13) Concurrent Mark 2613.864ms
[73.582s][info][gc,phases   ] GC(13) Pause Mark End 0.014ms
[73.582s][info][gc,phases   ] GC(13) Concurrent Mark Free 0.000ms
[73.606s][info][gc,phases   ] GC(13) Concurrent Process Non-Strong References 24.254ms
[73.606s][info][gc,phases   ] GC(13) Concurrent Reset Relocation Set 0.031ms
[73.918s][info][gc,phases   ] GC(13) Concurrent Select Relocation Set 311.634ms
[73.921s][info][gc,phases   ] GC(13) Pause Relocate Start 0.011ms
[74.017s][info][gc,phases   ] GC(13) Concurrent Relocate 95.470ms
[74.017s][info][gc,load     ] GC(13) Load: 0.00/0.00/0.00
[74.017s][info][gc,mmu      ] GC(13) MMU: 2ms/95.7%, 5ms/98.3%, 10ms/99.1%, 20ms/99.6%, 50ms/99.8%, 100ms/99.9%
[74.017s][info][gc,marking  ] GC(13) Mark: 1 stripe(s), 2 proactive flush(es), 1 terminate flush(es), 0 completion(s), 0 continuation(s) 
[74.017s][info][gc,marking  ] GC(13) Mark Stack Usage: 32M
[74.017s][info][gc,nmethod  ] GC(13) NMethods: 8613 registered, 1789 unregistered
[74.017s][info][gc,metaspace] GC(13) Metaspace: 128M used, 129M committed, 1152M reserved
[74.017s][info][gc,ref      ] GC(13) Soft: 5957 encountered, 0 discovered, 0 enqueued
[74.017s][info][gc,ref      ] GC(13) Weak: 22479 encountered, 11825 discovered, 51 enqueued
[74.017s][info][gc,ref      ] GC(13) Final: 34 encountered, 0 discovered, 0 enqueued
[74.017s][info][gc,ref      ] GC(13) Phantom: 551 encountered, 452 discovered, 46 enqueued
[74.017s][info][gc,reloc    ] GC(13) Small Pages: 2324 / 4648M, Empty: 1124M, Relocated: 95M, In-Place: 0
[74.017s][info][gc,reloc    ] GC(13) Medium Pages: 2 / 64M, Empty: 0M, Relocated: 0M, In-Place: 0
[74.017s][info][gc,reloc    ] GC(13) Large Pages: 0 / 0M, Empty: 0M, Relocated: 0M, In-Place: 0
[74.017s][info][gc,reloc    ] GC(13) Forwarding Usage: 29M
[74.017s][info][gc,heap     ] GC(13) Min Capacity: 8192M(100%)
[74.017s][info][gc,heap     ] GC(13) Max Capacity: 8192M(100%)
[74.017s][info][gc,heap     ] GC(13) Soft Max Capacity: 8192M(100%)
[74.017s][info][gc,heap     ] GC(13)                Mark Start          Mark End        Relocate Start      Relocate End           High               Low         
[74.017s][info][gc,heap     ] GC(13)  Capacity:     8192M (100%)       8192M (100%)       8192M (100%)       8192M (100%)       8192M (100%)       8192M (100%)   
[74.017s][info][gc,heap     ] GC(13)      Free:     3480M (42%)        3014M (37%)        4078M (50%)        6924M (85%)        6926M (85%)        3006M (37%)    
[74.017s][info][gc,heap     ] GC(13)      Used:     4712M (58%)        5178M (63%)        4114M (50%)        1268M (15%)        5186M (63%)        1266M (15%)    
[74.017s][info][gc,heap     ] GC(13)      Live:         -               524M (6%)          524M (6%)          524M (6%)             -                  -          
[74.017s][info][gc,heap     ] GC(13) Allocated:         -               466M (6%)          526M (6%)          671M (8%)             -                  -          
[74.017s][info][gc,heap     ] GC(13)   Garbage:         -              4187M (51%)        3063M (37%)          72M (1%)             -                  -          
[74.017s][info][gc,heap     ] GC(13) Reclaimed:         -                  -              1124M (14%)        4115M (50%)            -                  -          
[74.017s][info][gc          ] GC(13) Garbage Collection (Allocation Rate) 4712M(58%)->1268M(15%)
[74.568s][info][gc,start    ] GC(14) Garbage Collection (Allocation Rate)
[74.568s][info][gc,task     ] GC(14) Using 2 workers
[74.568s][info][gc,phases   ] GC(14) Pause Mark Start 0.005ms
[75.312s][info][gc,phases   ] GC(14) Concurrent Mark 743.425ms
[75.314s][info][gc,phases   ] GC(14) Pause Mark End 0.023ms
[75.314s][info][gc,phases   ] GC(14) Concurrent Mark Free 0.001ms
[75.327s][info][gc,phases   ] GC(14) Concurrent Process Non-Strong References 12.490ms
[75.327s][info][gc,phases   ] GC(14) Concurrent Reset Relocation Set 0.114ms
[75.330s][info][gc,phases   ] GC(14) Concurrent Select Relocation Set 2.745ms
[75.330s][info][gc,phases   ] GC(14) Pause Relocate Start 0.009ms
[75.362s][info][gc,phases   ] GC(14) Concurrent Relocate 31.492ms
[75.362s][info][gc,load     ] GC(14) Load: 0.00/0.00/0.00
[75.362s][info][gc,mmu      ] GC(14) MMU: 2ms/95.7%, 5ms/98.3%, 10ms/99.1%, 20ms/99.6%, 50ms/99.8%, 100ms/99.9%
[75.362s][info][gc,marking  ] GC(14) Mark: 2 stripe(s), 2 proactive flush(es), 1 terminate flush(es), 0 completion(s), 0 continuation(s) 
[75.362s][info][gc,marking  ] GC(14) Mark Stack Usage: 32M
[75.362s][info][gc,nmethod  ] GC(14) NMethods: 8590 registered, 1819 unregistered
[75.362s][info][gc,metaspace] GC(14) Metaspace: 128M used, 129M committed, 1152M reserved
[75.362s][info][gc,ref      ] GC(14) Soft: 5957 encountered, 0 discovered, 0 enqueued
[75.362s][info][gc,ref      ] GC(14) Weak: 22428 encountered, 4368 discovered, 0 enqueued
[75.362s][info][gc,ref      ] GC(14) Final: 34 encountered, 0 discovered, 0 enqueued
[75.362s][info][gc,ref      ] GC(14) Phantom: 505 encountered, 351 discovered, 0 enqueued
[75.362s][info][gc,reloc    ] GC(14) Small Pages: 800 / 1600M, Empty: 222M, Relocated: 41M, In-Place: 0
[75.362s][info][gc,reloc    ] GC(14) Medium Pages: 2 / 64M, Empty: 0M, Relocated: 0M, In-Place: 0
[75.362s][info][gc,reloc    ] GC(14) Large Pages: 0 / 0M, Empty: 0M, Relocated: 0M, In-Place: 0
[75.362s][info][gc,reloc    ] GC(14) Forwarding Usage: 14M
[75.362s][info][gc,heap     ] GC(14) Min Capacity: 8192M(100%)
[75.362s][info][gc,heap     ] GC(14) Max Capacity: 8192M(100%)
[75.362s][info][gc,heap     ] GC(14) Soft Max Capacity: 8192M(100%)
[75.362s][info][gc,heap     ] GC(14)                Mark Start          Mark End        Relocate Start      Relocate End           High               Low         
[75.362s][info][gc,heap     ] GC(14)  Capacity:     8192M (100%)       8192M (100%)       8192M (100%)       8192M (100%)       8192M (100%)       8192M (100%)   
[75.362s][info][gc,heap     ] GC(14)      Free:     6528M (80%)        6414M (78%)        6634M (81%)        7414M (91%)        7420M (91%)        6412M (78%)    
[75.362s][info][gc,heap     ] GC(14)      Used:     1664M (20%)        1778M (22%)        1558M (19%)         778M (9%)         1780M (22%)         772M (9%)     
[75.362s][info][gc,heap     ] GC(14)      Live:         -               514M (6%)          514M (6%)          514M (6%)             -                  -          
[75.362s][info][gc,heap     ] GC(14) Allocated:         -               114M (1%)          116M (1%)          179M (2%)             -                  -          
[75.362s][info][gc,heap     ] GC(14)   Garbage:         -              1149M (14%)         927M (11%)          84M (1%)             -                  -          
[75.362s][info][gc,heap     ] GC(14) Reclaimed:         -                  -               222M (3%)         1065M (13%)            -                  -          
[75.362s][info][gc          ] GC(14) Garbage Collection (Allocation Rate) 1664M(20%)->778M(9%)
[80.268s][info][gc,stats    ] === Garbage Collection Statistics =======================================================================================================================
[80.268s][info][gc,stats    ]                                                              Last 10s              Last 10m              Last 10h                Total
[80.268s][info][gc,stats    ]                                                              Avg / Max             Avg / Max             Avg / Max             Avg / Max
[80.268s][info][gc,stats    ]   Collector: Garbage Collection Cycle                   1921.436 / 3049.174   1374.682 / 3118.493   1374.682 / 3118.493   1374.682 / 3118.493    ms
[80.268s][info][gc,stats    ]  Contention: Mark Segment Reset Contention                     0 / 0                 0 / 2                 0 / 2                 0 / 2           ops/s
[80.268s][info][gc,stats    ]  Contention: Mark SeqNum Reset Contention                      0 / 0                 0 / 1                 0 / 1                 0 / 1           ops/s
[80.268s][info][gc,stats    ]    Critical: Allocation Stall                                  0 / 0                 0 / 0                 0 / 0                 0 / 0           ops/s
[80.268s][info][gc,stats    ]    Critical: Allocation Stall                              0.000 / 0.000         0.000 / 0.000         0.000 / 0.000         0.000 / 0.000       ms
[80.268s][info][gc,stats    ]    Critical: GC Locker Stall                                   0 / 0                 0 / 1                 0 / 1                 0 / 1           ops/s
[80.268s][info][gc,stats    ]    Critical: GC Locker Stall                               0.000 / 0.000         0.122 / 0.122         0.122 / 0.122         0.122 / 0.122       ms
[80.268s][info][gc,stats    ]    Critical: Relocation Stall                                  0 / 0                 0 / 0                 0 / 0                 0 / 0           ops/s
[80.268s][info][gc,stats    ]    Critical: Relocation Stall                              0.000 / 0.000         0.000 / 0.000         0.000 / 0.000         0.000 / 0.000       ms
[80.268s][info][gc,stats    ]      Memory: Allocation Rate                                 593 / 958             482 / 998             482 / 998             482 / 998         MB/s
[80.268s][info][gc,stats    ]      Memory: Defragment                                        0 / 0                 0 / 0                 0 / 0                 0 / 0           ops/s
[80.268s][info][gc,stats    ]      Memory: Out Of Memory                                     0 / 0                 0 / 0                 0 / 0                 0 / 0           ops/s
[80.268s][info][gc,stats    ]      Memory: Page Cache Flush                                  0 / 0                 0 / 0                 0 / 0                 0 / 0           MB/s
[80.269s][info][gc,stats    ]      Memory: Page Cache Hit L1                               303 / 479             196 / 499             196 / 499             196 / 499         ops/s
[80.269s][info][gc,stats    ]      Memory: Page Cache Hit L2                                 0 / 0                 0 / 0                 0 / 0                 0 / 0           ops/s
[80.269s][info][gc,stats    ]      Memory: Page Cache Hit L3                                 0 / 0                47 / 397              47 / 397              47 / 397         ops/s
[80.269s][info][gc,stats    ]      Memory: Page Cache Miss                                   0 / 0                 0 / 1                 0 / 1                 0 / 1           ops/s
[80.269s][info][gc,stats    ]      Memory: Uncommit                                          0 / 0                 0 / 0                 0 / 0                 0 / 0           MB/s
[80.269s][info][gc,stats    ]      Memory: Undo Object Allocation Failed                     0 / 0                 0 / 0                 0 / 0                 0 / 0           ops/s
[80.269s][info][gc,stats    ]      Memory: Undo Object Allocation Succeeded                  1 / 13                3 / 209               3 / 209               3 / 209         ops/s
[80.269s][info][gc,stats    ]      Memory: Undo Page Allocation                              0 / 0                 0 / 0                 0 / 0                 0 / 0           ops/s
[80.269s][info][gc,stats    ]       Phase: Concurrent Mark                            1678.645 / 2613.864   1214.265 / 2698.907   1214.265 / 2698.907   1214.265 / 2698.907    ms
[80.269s][info][gc,stats    ]       Phase: Concurrent Mark Continue                      0.000 / 0.000         0.000 / 0.000         0.000 / 0.000         0.000 / 0.000       ms
[80.269s][info][gc,stats    ]       Phase: Concurrent Mark Free                          0.000 / 0.001         0.000 / 0.001         0.000 / 0.001         0.000 / 0.001       ms
[80.269s][info][gc,stats    ]       Phase: Concurrent Process Non-Strong References     18.372 / 24.254       19.816 / 34.962       19.816 / 34.962       19.816 / 34.962      ms
[80.269s][info][gc,stats    ]       Phase: Concurrent Relocate                          63.481 / 95.470       59.962 / 150.389      59.962 / 150.389      59.962 / 150.389     ms
[80.269s][info][gc,stats    ]       Phase: Concurrent Reset Relocation Set               0.072 / 0.114         0.072 / 0.149         0.072 / 0.149         0.072 / 0.149       ms
[80.269s][info][gc,stats    ]       Phase: Concurrent Select Relocation Set            157.189 / 311.634      78.113 / 333.496      78.113 / 333.496      78.113 / 333.496     ms
[80.269s][info][gc,stats    ]       Phase: Pause Mark End                                0.018 / 0.023         0.020 / 0.087         0.020 / 0.087         0.020 / 0.087       ms
[80.269s][info][gc,stats    ]       Phase: Pause Mark Start                              0.006 / 0.008         0.006 / 0.011         0.006 / 0.011         0.006 / 0.011       ms
[80.269s][info][gc,stats    ]       Phase: Pause Relocate Start                          0.010 / 0.011         0.014 / 0.066         0.014 / 0.066         0.014 / 0.066       ms
[80.269s][info][gc,stats    ]    Subphase: Concurrent Classes Purge                      0.436 / 0.629         1.383 / 4.891         1.383 / 4.891         1.383 / 4.891       ms
[80.269s][info][gc,stats    ]    Subphase: Concurrent Classes Unlink                    10.231 / 13.803       13.918 / 24.764       13.918 / 24.764       13.918 / 24.764      ms
[80.269s][info][gc,stats    ]    Subphase: Concurrent Mark                            1363.819 / 2610.236    933.805 / 2695.469    933.805 / 2695.469    933.805 / 2695.469    ms
[80.269s][info][gc,stats    ]    Subphase: Concurrent Mark Try Flush                     2.331 / 4.921         0.951 / 4.921         0.951 / 4.921         0.951 / 4.921       ms
[80.269s][info][gc,stats    ]    Subphase: Concurrent Mark Try Terminate                 0.744 / 1.170         1.053 / 12.169        1.053 / 12.169        1.053 / 12.169      ms
[80.269s][info][gc,stats    ]    Subphase: Concurrent References Enqueue                 0.001 / 0.002         0.002 / 0.003         0.002 / 0.003         0.002 / 0.003       ms
[80.269s][info][gc,stats    ]    Subphase: Concurrent References Process                 0.941 / 1.464         0.740 / 1.628         0.740 / 1.628         0.740 / 1.628       ms
[80.269s][info][gc,stats    ]    Subphase: Concurrent Roots ClassLoaderDataGraph         0.276 / 0.366         0.270 / 0.882         0.270 / 0.882         0.270 / 0.882       ms
[80.269s][info][gc,stats    ]    Subphase: Concurrent Roots CodeCache                    0.000 / 0.000         0.000 / 0.000         0.000 / 0.000         0.000 / 0.000       ms
[80.269s][info][gc,stats    ]    Subphase: Concurrent Roots JavaThreads                  2.501 / 3.004         1.752 / 3.537         1.752 / 3.537         1.752 / 3.537       ms
[80.269s][info][gc,stats    ]    Subphase: Concurrent Roots OopStorageSet                0.072 / 0.092         0.076 / 0.198         0.076 / 0.198         0.076 / 0.198       ms
[80.269s][info][gc,stats    ]    Subphase: Concurrent Weak Roots OopStorageSet           1.706 / 2.483         1.724 / 3.412         1.724 / 3.412         1.724 / 3.412       ms
[80.269s][info][gc,stats    ]    Subphase: Pause Mark Try Complete                       0.000 / 0.000         0.001 / 0.001         0.001 / 0.001         0.001 / 0.001       ms
[80.269s][info][gc,stats    ]      System: Java Threads                                     77 / 77               59 / 80               59 / 80               59 / 80          threads
[80.269s][info][gc,stats    ] =========================================================================================================================================================
[81.767s][info][gc,start    ] GC(15) Garbage Collection (Allocation Rate)
[81.767s][info][gc,task     ] GC(15) Using 2 workers
[81.767s][info][gc,phases   ] GC(15) Pause Mark Start 0.005ms
[83.165s][info][gc,phases   ] GC(15) Concurrent Mark 1397.053ms
[83.170s][info][gc,phases   ] GC(15) Pause Mark End 0.098ms
[83.170s][info][gc,phases   ] GC(15) Concurrent Mark Free 0.001ms
[83.186s][info][gc,phases   ] GC(15) Concurrent Process Non-Strong References 15.851ms
[83.186s][info][gc,phases   ] GC(15) Concurrent Reset Relocation Set 0.032ms
[83.465s][info][gc,phases   ] GC(15) Concurrent Select Relocation Set 279.790ms
[83.471s][info][gc,phases   ] GC(15) Pause Relocate Start 0.036ms
[83.523s][info][gc,phases   ] GC(15) Concurrent Relocate 52.261ms
[83.523s][info][gc,load     ] GC(15) Load: 0.00/0.00/0.00
[83.523s][info][gc,mmu      ] GC(15) MMU: 2ms/95.1%, 5ms/98.0%, 10ms/99.0%, 20ms/99.5%, 50ms/99.8%, 100ms/99.9%
[83.523s][info][gc,marking  ] GC(15) Mark: 2 stripe(s), 2 proactive flush(es), 1 terminate flush(es), 1 completion(s), 0 continuation(s) 
[83.523s][info][gc,marking  ] GC(15) Mark Stack Usage: 32M
[83.523s][info][gc,nmethod  ] GC(15) NMethods: 6788 registered, 3968 unregistered
[83.523s][info][gc,metaspace] GC(15) Metaspace: 128M used, 129M committed, 1152M reserved
[83.523s][info][gc,ref      ] GC(15) Soft: 5974 encountered, 0 discovered, 0 enqueued
[83.523s][info][gc,ref      ] GC(15) Weak: 22669 encountered, 1559 discovered, 113 enqueued
[83.523s][info][gc,ref      ] GC(15) Final: 34 encountered, 0 discovered, 0 enqueued
[83.523s][info][gc,ref      ] GC(15) Phantom: 604 encountered, 450 discovered, 93 enqueued
[83.524s][info][gc,reloc    ] GC(15) Small Pages: 3029 / 6058M, Empty: 1652M, Relocated: 97M, In-Place: 0
[83.524s][info][gc,reloc    ] GC(15) Medium Pages: 2 / 64M, Empty: 0M, Relocated: 0M, In-Place: 0
[83.524s][info][gc,reloc    ] GC(15) Large Pages: 0 / 0M, Empty: 0M, Relocated: 0M, In-Place: 0
[83.524s][info][gc,reloc    ] GC(15) Forwarding Usage: 30M
[83.524s][info][gc,heap     ] GC(15) Min Capacity: 8192M(100%)
[83.524s][info][gc,heap     ] GC(15) Max Capacity: 8192M(100%)
[83.524s][info][gc,heap     ] GC(15) Soft Max Capacity: 8192M(100%)
[83.524s][info][gc,heap     ] GC(15)                Mark Start          Mark End        Relocate Start      Relocate End           High               Low         
[83.524s][info][gc,heap     ] GC(15)  Capacity:     8192M (100%)       8192M (100%)       8192M (100%)       8192M (100%)       8192M (100%)       8192M (100%)   
[83.524s][info][gc,heap     ] GC(15)      Free:     2070M (25%)        1926M (24%)        3512M (43%)        7308M (89%)        7308M (89%)        1924M (23%)    
[83.524s][info][gc,heap     ] GC(15)      Used:     6122M (75%)        6266M (76%)        4680M (57%)         884M (11%)        6268M (77%)         884M (11%)    
[83.524s][info][gc,heap     ] GC(15)      Live:         -               522M (6%)          522M (6%)          522M (6%)             -                  -          
[83.524s][info][gc,heap     ] GC(15) Allocated:         -               144M (2%)          210M (3%)          290M (4%)             -                  -          
[83.524s][info][gc,heap     ] GC(15)   Garbage:         -              5599M (68%)        3947M (48%)          71M (1%)             -                  -          
[83.524s][info][gc,heap     ] GC(15) Reclaimed:         -                  -              1652M (20%)        5528M (67%)            -                  -          
[83.524s][info][gc          ] GC(15) Garbage Collection (Allocation Rate) 6122M(75%)->884M(11%)
[84.068s][info][gc,start    ] GC(16) Garbage Collection (Allocation Rate)
[84.068s][info][gc,task     ] GC(16) Using 2 workers
[84.068s][info][gc,phases   ] GC(16) Pause Mark Start 0.005ms
[85.015s][info][gc,phases   ] GC(16) Concurrent Mark 947.726ms
[85.020s][info][gc,phases   ] GC(16) Pause Mark End 0.019ms
[85.020s][info][gc,phases   ] GC(16) Concurrent Mark Free 0.001ms
[85.034s][info][gc,phases   ] GC(16) Concurrent Process Non-Strong References 13.881ms
[85.034s][info][gc,phases   ] GC(16) Concurrent Reset Relocation Set 0.145ms
[85.037s][info][gc,phases   ] GC(16) Concurrent Select Relocation Set 2.889ms
[85.044s][info][gc,phases   ] GC(16) Pause Relocate Start 0.009ms
[85.064s][info][gc,phases   ] GC(16) Concurrent Relocate 20.011ms
[85.064s][info][gc,load     ] GC(16) Load: 0.00/0.00/0.00
[85.064s][info][gc,mmu      ] GC(16) MMU: 2ms/95.1%, 5ms/98.0%, 10ms/99.0%, 20ms/99.5%, 50ms/99.8%, 100ms/99.9%
[85.064s][info][gc,marking  ] GC(16) Mark: 2 stripe(s), 2 proactive flush(es), 1 terminate flush(es), 0 completion(s), 0 continuation(s) 
[85.064s][info][gc,marking  ] GC(16) Mark Stack Usage: 32M
[85.064s][info][gc,nmethod  ] GC(16) NMethods: 6807 registered, 4006 unregistered
[85.064s][info][gc,metaspace] GC(16) Metaspace: 128M used, 129M committed, 1152M reserved
[85.064s][info][gc,ref      ] GC(16) Soft: 5974 encountered, 0 discovered, 0 enqueued
[85.064s][info][gc,ref      ] GC(16) Weak: 22552 encountered, 7838 discovered, 2 enqueued
[85.064s][info][gc,ref      ] GC(16) Final: 34 encountered, 0 discovered, 0 enqueued
[85.064s][info][gc,ref      ] GC(16) Phantom: 513 encountered, 353 discovered, 2 enqueued
[85.064s][info][gc,reloc    ] GC(16) Small Pages: 685 / 1370M, Empty: 124M, Relocated: 32M, In-Place: 0
[85.064s][info][gc,reloc    ] GC(16) Medium Pages: 2 / 64M, Empty: 0M, Relocated: 0M, In-Place: 0
[85.064s][info][gc,reloc    ] GC(16) Large Pages: 0 / 0M, Empty: 0M, Relocated: 0M, In-Place: 0
[85.064s][info][gc,reloc    ] GC(16) Forwarding Usage: 9M
[85.064s][info][gc,heap     ] GC(16) Min Capacity: 8192M(100%)
[85.064s][info][gc,heap     ] GC(16) Max Capacity: 8192M(100%)
[85.064s][info][gc,heap     ] GC(16) Soft Max Capacity: 8192M(100%)
[85.064s][info][gc,heap     ] GC(16)                Mark Start          Mark End        Relocate Start      Relocate End           High               Low         
[85.064s][info][gc,heap     ] GC(16)  Capacity:     8192M (100%)       8192M (100%)       8192M (100%)       8192M (100%)       8192M (100%)       8192M (100%)   
[85.064s][info][gc,heap     ] GC(16)      Free:     6758M (82%)        6620M (81%)        6742M (82%)        7404M (90%)        7410M (90%)        6618M (81%)    
[85.064s][info][gc,heap     ] GC(16)      Used:     1434M (18%)        1572M (19%)        1450M (18%)         788M (10%)        1574M (19%)         782M (10%)    
[85.064s][info][gc,heap     ] GC(16)      Live:         -               525M (6%)          525M (6%)          525M (6%)             -                  -          
[85.064s][info][gc,heap     ] GC(16) Allocated:         -               138M (2%)          140M (2%)          173M (2%)             -                  -          
[85.064s][info][gc,heap     ] GC(16)   Garbage:         -               908M (11%)         784M (10%)          89M (1%)             -                  -          
[85.064s][info][gc,heap     ] GC(16) Reclaimed:         -                  -               124M (2%)          819M (10%)            -                  -          
[85.064s][info][gc          ] GC(16) Garbage Collection (Allocation Rate) 1434M(18%)->788M(10%)
[90.267s][info][gc,stats    ] === Garbage Collection Statistics =======================================================================================================================
[90.267s][info][gc,stats    ]                                                              Last 10s              Last 10m              Last 10h                Total
[90.267s][info][gc,stats    ]                                                              Avg / Max             Avg / Max             Avg / Max             Avg / Max
[90.267s][info][gc,stats    ]   Collector: Garbage Collection Cycle                   1376.170 / 1756.071   1374.857 / 3118.493   1374.857 / 3118.493   1374.857 / 3118.493    ms
[90.267s][info][gc,stats    ]  Contention: Mark Segment Reset Contention                     0 / 1                 0 / 2                 0 / 2                 0 / 2           ops/s
[90.267s][info][gc,stats    ]  Contention: Mark SeqNum Reset Contention                      0 / 0                 0 / 1                 0 / 1                 0 / 1           ops/s
[90.267s][info][gc,stats    ]    Critical: Allocation Stall                                  0 / 0                 0 / 0                 0 / 0                 0 / 0           ops/s
[90.268s][info][gc,stats    ]    Critical: Allocation Stall                              0.000 / 0.000         0.000 / 0.000         0.000 / 0.000         0.000 / 0.000       ms
[90.268s][info][gc,stats    ]    Critical: GC Locker Stall                                   0 / 1                 0 / 1                 0 / 1                 0 / 1           ops/s
[90.268s][info][gc,stats    ]    Critical: GC Locker Stall                               0.151 / 0.151         0.137 / 0.151         0.137 / 0.151         0.137 / 0.151       ms
[90.268s][info][gc,stats    ]    Critical: Relocation Stall                                  0 / 0                 0 / 0                 0 / 0                 0 / 0           ops/s
[90.268s][info][gc,stats    ]    Critical: Relocation Stall                              0.000 / 0.000         0.000 / 0.000         0.000 / 0.000         0.000 / 0.000       ms
[90.268s][info][gc,stats    ]      Memory: Allocation Rate                                 571 / 974             492 / 998             492 / 998             492 / 998         MB/s
[90.268s][info][gc,stats    ]      Memory: Defragment                                        0 / 0                 0 / 0                 0 / 0                 0 / 0           ops/s
[90.268s][info][gc,stats    ]      Memory: Out Of Memory                                     0 / 0                 0 / 0                 0 / 0                 0 / 0           ops/s
[90.268s][info][gc,stats    ]      Memory: Page Cache Flush                                  0 / 0                 0 / 0                 0 / 0                 0 / 0           MB/s
[90.268s][info][gc,stats    ]      Memory: Page Cache Hit L1                               292 / 487             207 / 499             207 / 499             207 / 499         ops/s
[90.268s][info][gc,stats    ]      Memory: Page Cache Hit L2                                 0 / 0                 0 / 0                 0 / 0                 0 / 0           ops/s
[90.268s][info][gc,stats    ]      Memory: Page Cache Hit L3                                 0 / 0                42 / 397              42 / 397              42 / 397         ops/s
[90.268s][info][gc,stats    ]      Memory: Page Cache Miss                                   0 / 0                 0 / 1                 0 / 1                 0 / 1           ops/s
[90.268s][info][gc,stats    ]      Memory: Uncommit                                          0 / 0                 0 / 0                 0 / 0                 0 / 0           MB/s
[90.268s][info][gc,stats    ]      Memory: Undo Object Allocation Failed                     0 / 0                 0 / 0                 0 / 0                 0 / 0           ops/s
[90.268s][info][gc,stats    ]      Memory: Undo Object Allocation Succeeded                  2 / 29                3 / 209               3 / 209               3 / 209         ops/s
[90.268s][info][gc,stats    ]      Memory: Undo Page Allocation                              0 / 0                 0 / 0                 0 / 0                 0 / 0           ops/s
[90.268s][info][gc,stats    ]       Phase: Concurrent Mark                            1172.389 / 1397.053   1209.339 / 2698.907   1209.339 / 2698.907   1209.339 / 2698.907    ms
[90.268s][info][gc,stats    ]       Phase: Concurrent Mark Continue                      0.000 / 0.000         0.000 / 0.000         0.000 / 0.000         0.000 / 0.000       ms
[90.268s][info][gc,stats    ]       Phase: Concurrent Mark Free                          0.001 / 0.001         0.000 / 0.001         0.000 / 0.001         0.000 / 0.001       ms
[90.268s][info][gc,stats    ]       Phase: Concurrent Process Non-Strong References     14.866 / 15.851       19.233 / 34.962       19.233 / 34.962       19.233 / 34.962      ms
[90.268s][info][gc,stats    ]       Phase: Concurrent Relocate                          36.136 / 52.261       57.159 / 150.389      57.159 / 150.389      57.159 / 150.389     ms
[90.268s][info][gc,stats    ]       Phase: Concurrent Reset Relocation Set               0.088 / 0.145         0.074 / 0.149         0.074 / 0.149         0.074 / 0.149       ms
[90.268s][info][gc,stats    ]       Phase: Concurrent Select Relocation Set            141.339 / 279.790      85.552 / 333.496      85.552 / 333.496      85.552 / 333.496     ms
[90.268s][info][gc,stats    ]       Phase: Pause Mark End                                0.058 / 0.098         0.025 / 0.098         0.025 / 0.098         0.025 / 0.098       ms
[90.268s][info][gc,stats    ]       Phase: Pause Mark Start                              0.005 / 0.005         0.006 / 0.011         0.006 / 0.011         0.006 / 0.011       ms
[90.268s][info][gc,stats    ]       Phase: Pause Relocate Start                          0.022 / 0.036         0.015 / 0.066         0.015 / 0.066         0.015 / 0.066       ms
[90.268s][info][gc,stats    ]    Subphase: Concurrent Classes Purge                      1.622 / 3.049         1.412 / 4.891         1.412 / 4.891         1.412 / 4.891       ms
[90.268s][info][gc,stats    ]    Subphase: Concurrent Classes Unlink                     8.055 / 8.815        13.228 / 24.764       13.228 / 24.764       13.228 / 24.764      ms
[90.268s][info][gc,stats    ]    Subphase: Concurrent Mark                            1166.243 / 1394.983    967.010 / 2695.469    967.010 / 2695.469    967.010 / 2695.469    ms
[90.268s][info][gc,stats    ]    Subphase: Concurrent Mark Try Flush                     2.968 / 6.707         1.175 / 6.707         1.175 / 6.707         1.175 / 6.707       ms
[90.268s][info][gc,stats    ]    Subphase: Concurrent Mark Try Terminate                 1.122 / 4.277         1.069 / 12.169        1.069 / 12.169        1.069 / 12.169      ms
[90.268s][info][gc,stats    ]    Subphase: Concurrent References Enqueue                 0.003 / 0.003         0.002 / 0.003         0.002 / 0.003         0.002 / 0.003       ms
[90.268s][info][gc,stats    ]    Subphase: Concurrent References Process                 0.442 / 0.700         0.705 / 1.628         0.705 / 1.628         0.705 / 1.628       ms
[90.268s][info][gc,stats    ]    Subphase: Concurrent Roots ClassLoaderDataGraph         0.231 / 0.372         0.264 / 0.882         0.264 / 0.882         0.264 / 0.882       ms
[90.268s][info][gc,stats    ]    Subphase: Concurrent Roots CodeCache                    0.000 / 0.000         0.000 / 0.000         0.000 / 0.000         0.000 / 0.000       ms
[90.268s][info][gc,stats    ]    Subphase: Concurrent Roots JavaThreads                  3.552 / 9.075         2.010 / 9.075         2.010 / 9.075         2.010 / 9.075       ms
[90.268s][info][gc,stats    ]    Subphase: Concurrent Roots OopStorageSet                0.056 / 0.059         0.073 / 0.198         0.073 / 0.198         0.073 / 0.198       ms
[90.268s][info][gc,stats    ]    Subphase: Concurrent Weak Roots OopStorageSet           1.535 / 1.595         1.697 / 3.412         1.697 / 3.412         1.697 / 3.412       ms
[90.268s][info][gc,stats    ]    Subphase: Pause Mark Try Complete                       0.001 / 0.001         0.001 / 0.001         0.001 / 0.001         0.001 / 0.001       ms
[90.268s][info][gc,stats    ]      System: Java Threads                                     76 / 77               61 / 80               61 / 80               61 / 80          threads
[90.268s][info][gc,stats    ] =========================================================================================================================================================
[90.667s][info][gc,start    ] GC(17) Garbage Collection (Allocation Rate)
[90.667s][info][gc,task     ] GC(17) Using 2 workers
[90.668s][info][gc,phases   ] GC(17) Pause Mark Start 0.005ms
[91.922s][info][gc,phases   ] GC(17) Concurrent Mark 1254.267ms
[91.925s][info][gc,phases   ] GC(17) Pause Mark End 0.016ms
[91.925s][info][gc,phases   ] GC(17) Concurrent Mark Free 0.001ms
[91.941s][info][gc,phases   ] GC(17) Concurrent Process Non-Strong References 15.404ms
[91.941s][info][gc,phases   ] GC(17) Concurrent Reset Relocation Set 0.039ms
[92.262s][info][gc,phases   ] GC(17) Concurrent Select Relocation Set 321.198ms
[92.266s][info][gc,phases   ] GC(17) Pause Relocate Start 0.009ms
[92.311s][info][gc,phases   ] GC(17) Concurrent Relocate 45.401ms
[92.311s][info][gc,load     ] GC(17) Load: 0.00/0.00/0.00
[92.311s][info][gc,mmu      ] GC(17) MMU: 2ms/95.1%, 5ms/98.0%, 10ms/99.0%, 20ms/99.5%, 50ms/99.8%, 100ms/99.9%
[92.311s][info][gc,marking  ] GC(17) Mark: 2 stripe(s), 4 proactive flush(es), 1 terminate flush(es), 0 completion(s), 0 continuation(s) 
[92.311s][info][gc,marking  ] GC(17) Mark Stack Usage: 32M
[92.311s][info][gc,nmethod  ] GC(17) NMethods: 6819 registered, 4322 unregistered
[92.311s][info][gc,metaspace] GC(17) Metaspace: 128M used, 130M committed, 1152M reserved
[92.311s][info][gc,ref      ] GC(17) Soft: 5979 encountered, 0 discovered, 0 enqueued
[92.311s][info][gc,ref      ] GC(17) Weak: 22602 encountered, 11930 discovered, 21 enqueued
[92.311s][info][gc,ref      ] GC(17) Final: 34 encountered, 0 discovered, 0 enqueued
[92.311s][info][gc,ref      ] GC(17) Phantom: 531 encountered, 482 discovered, 17 enqueued
[92.311s][info][gc,reloc    ] GC(17) Small Pages: 2237 / 4474M, Empty: 1370M, Relocated: 101M, In-Place: 0
[92.311s][info][gc,reloc    ] GC(17) Medium Pages: 2 / 64M, Empty: 0M, Relocated: 0M, In-Place: 0
[92.311s][info][gc,reloc    ] GC(17) Large Pages: 0 / 0M, Empty: 0M, Relocated: 0M, In-Place: 0
[92.311s][info][gc,reloc    ] GC(17) Forwarding Usage: 33M
[92.311s][info][gc,heap     ] GC(17) Min Capacity: 8192M(100%)
[92.311s][info][gc,heap     ] GC(17) Max Capacity: 8192M(100%)
[92.311s][info][gc,heap     ] GC(17) Soft Max Capacity: 8192M(100%)
[92.311s][info][gc,heap     ] GC(17)                Mark Start          Mark End        Relocate Start      Relocate End           High               Low         
[92.311s][info][gc,heap     ] GC(17)  Capacity:     8192M (100%)       8192M (100%)       8192M (100%)       8192M (100%)       8192M (100%)       8192M (100%)   
[92.311s][info][gc,heap     ] GC(17)      Free:     3654M (45%)        3422M (42%)        4728M (58%)        7268M (89%)        7268M (89%)        3422M (42%)    
[92.312s][info][gc,heap     ] GC(17)      Used:     4538M (55%)        4770M (58%)        3464M (42%)         924M (11%)        4770M (58%)         924M (11%)    
[92.312s][info][gc,heap     ] GC(17)      Live:         -               534M (7%)          534M (7%)          534M (7%)             -                  -          
[92.312s][info][gc,heap     ] GC(17) Allocated:         -               232M (3%)          296M (4%)          317M (4%)             -                  -          
[92.312s][info][gc,heap     ] GC(17)   Garbage:         -              4003M (49%)        2633M (32%)          72M (1%)             -                  -          
[92.312s][info][gc,heap     ] GC(17) Reclaimed:         -                  -              1370M (17%)        3931M (48%)            -                  -          
[92.312s][info][gc          ] GC(17) Garbage Collection (Allocation Rate) 4538M(55%)->924M(11%)
[95.868s][info][gc,start    ] GC(18) Garbage Collection (Allocation Rate)
[95.868s][info][gc,task     ] GC(18) Using 2 workers
[95.868s][info][gc,phases   ] GC(18) Pause Mark Start 0.005ms
[96.895s][info][gc,phases   ] GC(18) Concurrent Mark 1026.732ms
[96.899s][info][gc,phases   ] GC(18) Pause Mark End 0.016ms
[96.900s][info][gc,phases   ] GC(18) Concurrent Mark Free 0.001ms
[96.919s][info][gc,phases   ] GC(18) Concurrent Process Non-Strong References 19.624ms
[96.919s][info][gc,phases   ] GC(18) Concurrent Reset Relocation Set 0.134ms
[96.923s][info][gc,phases   ] GC(18) Concurrent Select Relocation Set 3.910ms
[96.924s][info][gc,phases   ] GC(18) Pause Relocate Start 0.008ms
[96.959s][info][gc,phases   ] GC(18) Concurrent Relocate 34.884ms
[96.959s][info][gc,load     ] GC(18) Load: 0.00/0.00/0.00
[96.959s][info][gc,mmu      ] GC(18) MMU: 2ms/95.1%, 5ms/98.0%, 10ms/99.0%, 20ms/99.5%, 50ms/99.8%, 100ms/99.9%
[96.959s][info][gc,marking  ] GC(18) Mark: 2 stripe(s), 2 proactive flush(es), 1 terminate flush(es), 0 completion(s), 0 continuation(s) 
[96.959s][info][gc,marking  ] GC(18) Mark Stack Usage: 32M
[96.959s][info][gc,nmethod  ] GC(18) NMethods: 6965 registered, 4382 unregistered
[96.959s][info][gc,metaspace] GC(18) Metaspace: 128M used, 130M committed, 1152M reserved
[96.959s][info][gc,ref      ] GC(18) Soft: 5979 encountered, 0 discovered, 0 enqueued
[96.959s][info][gc,ref      ] GC(18) Weak: 22593 encountered, 5313 discovered, 6 enqueued
[96.959s][info][gc,ref      ] GC(18) Final: 34 encountered, 0 discovered, 0 enqueued
[96.959s][info][gc,ref      ] GC(18) Phantom: 519 encountered, 357 discovered, 2 enqueued
[96.959s][info][gc,reloc    ] GC(18) Small Pages: 1951 / 3902M, Empty: 1092M, Relocated: 73M, In-Place: 0
[96.959s][info][gc,reloc    ] GC(18) Medium Pages: 3 / 96M, Empty: 0M, Relocated: 2M, In-Place: 0
[96.959s][info][gc,reloc    ] GC(18) Large Pages: 0 / 0M, Empty: 0M, Relocated: 0M, In-Place: 0
[96.959s][info][gc,reloc    ] GC(18) Forwarding Usage: 24M
[96.959s][info][gc,heap     ] GC(18) Min Capacity: 8192M(100%)
[96.959s][info][gc,heap     ] GC(18) Max Capacity: 8192M(100%)
[96.959s][info][gc,heap     ] GC(18) Soft Max Capacity: 8192M(100%)
[96.959s][info][gc,heap     ] GC(18)                Mark Start          Mark End        Relocate Start      Relocate End           High               Low         
[96.959s][info][gc,heap     ] GC(18)  Capacity:     8192M (100%)       8192M (100%)       8192M (100%)       8192M (100%)       8192M (100%)       8192M (100%)   
[96.959s][info][gc,heap     ] GC(18)      Free:     4194M (51%)        4046M (49%)        5138M (63%)        7454M (91%)        7454M (91%)        4046M (49%)    
[96.959s][info][gc,heap     ] GC(18)      Used:     3998M (49%)        4146M (51%)        3054M (37%)         738M (9%)         4146M (51%)         738M (9%)     
[96.959s][info][gc,heap     ] GC(18)      Live:         -               503M (6%)          503M (6%)          503M (6%)             -                  -          
[96.959s][info][gc,heap     ] GC(18) Allocated:         -               148M (2%)          148M (2%)          161M (2%)             -                  -          
[96.959s][info][gc,heap     ] GC(18)   Garbage:         -              3494M (43%)        2402M (29%)          73M (1%)             -                  -          
[96.959s][info][gc,heap     ] GC(18) Reclaimed:         -                  -              1092M (13%)        3421M (42%)            -                  -          
[96.959s][info][gc          ] GC(18) Garbage Collection (Allocation Rate) 3998M(49%)->738M(9%)
[100.268s][info][gc,stats    ] === Garbage Collection Statistics =======================================================================================================================
[100.268s][info][gc,stats    ]                                                              Last 10s              Last 10m              Last 10h                Total
[100.268s][info][gc,stats    ]                                                              Avg / Max             Avg / Max             Avg / Max             Avg / Max
[100.268s][info][gc,stats    ]   Collector: Garbage Collection Cycle                   1367.610 / 1643.893   1374.094 / 3118.493   1374.094 / 3118.493   1374.094 / 3118.493    ms
[100.268s][info][gc,stats    ]  Contention: Mark Segment Reset Contention                     0 / 2                 0 / 2                 0 / 2                 0 / 2           ops/s
[100.268s][info][gc,stats    ]  Contention: Mark SeqNum Reset Contention                      0 / 0                 0 / 1                 0 / 1                 0 / 1           ops/s
[100.268s][info][gc,stats    ]    Critical: Allocation Stall                                  0 / 0                 0 / 0                 0 / 0                 0 / 0           ops/s
[100.268s][info][gc,stats    ]    Critical: Allocation Stall                              0.000 / 0.000         0.000 / 0.000         0.000 / 0.000         0.000 / 0.000       ms
[100.268s][info][gc,stats    ]    Critical: GC Locker Stall                                   0 / 0                 0 / 1                 0 / 1                 0 / 1           ops/s
[100.268s][info][gc,stats    ]    Critical: GC Locker Stall                               0.000 / 0.000         0.137 / 0.151         0.137 / 0.151         0.137 / 0.151       ms
[100.268s][info][gc,stats    ]    Critical: Relocation Stall                                  0 / 0                 0 / 0                 0 / 0                 0 / 0           ops/s
[100.268s][info][gc,stats    ]    Critical: Relocation Stall                              0.000 / 0.000         0.000 / 0.000         0.000 / 0.000         0.000 / 0.000       ms
[100.268s][info][gc,stats    ]      Memory: Allocation Rate                                 559 / 1104            499 / 1104            499 / 1104            499 / 1104        MB/s
[100.268s][info][gc,stats    ]      Memory: Defragment                                        0 / 0                 0 / 0                 0 / 0                 0 / 0           ops/s
[100.268s][info][gc,stats    ]      Memory: Out Of Memory                                     0 / 0                 0 / 0                 0 / 0                 0 / 0           ops/s
[100.268s][info][gc,stats    ]      Memory: Page Cache Flush                                  0 / 0                 0 / 0                 0 / 0                 0 / 0           MB/s
[100.268s][info][gc,stats    ]      Memory: Page Cache Hit L1                               287 / 552             215 / 552             215 / 552             215 / 552         ops/s
[100.268s][info][gc,stats    ]      Memory: Page Cache Hit L2                                 0 / 0                 0 / 0                 0 / 0                 0 / 0           ops/s
[100.268s][info][gc,stats    ]      Memory: Page Cache Hit L3                                 0 / 0                37 / 397              37 / 397              37 / 397         ops/s
[100.268s][info][gc,stats    ]      Memory: Page Cache Miss                                   0 / 0                 0 / 1                 0 / 1                 0 / 1           ops/s
[100.268s][info][gc,stats    ]      Memory: Uncommit                                          0 / 0                 0 / 0                 0 / 0                 0 / 0           MB/s
[100.268s][info][gc,stats    ]      Memory: Undo Object Allocation Failed                     0 / 0                 0 / 0                 0 / 0                 0 / 0           ops/s
[100.268s][info][gc,stats    ]      Memory: Undo Object Allocation Succeeded                  1 / 19                2 / 209               2 / 209               2 / 209         ops/s
[100.268s][info][gc,stats    ]      Memory: Undo Page Allocation                              0 / 0                 0 / 0                 0 / 0                 0 / 0           ops/s
[100.268s][info][gc,stats    ]       Phase: Concurrent Mark                            1140.499 / 1254.267   1202.093 / 2698.907   1202.093 / 2698.907   1202.093 / 2698.907    ms
[100.268s][info][gc,stats    ]       Phase: Concurrent Mark Continue                      0.000 / 0.000         0.000 / 0.000         0.000 / 0.000         0.000 / 0.000       ms
[100.268s][info][gc,stats    ]       Phase: Concurrent Mark Free                          0.001 / 0.001         0.000 / 0.001         0.000 / 0.001         0.000 / 0.001       ms
[100.268s][info][gc,stats    ]       Phase: Concurrent Process Non-Strong References     17.514 / 19.624       19.052 / 34.962       19.052 / 34.962       19.052 / 34.962      ms
[100.268s][info][gc,stats    ]       Phase: Concurrent Relocate                          40.142 / 45.401       55.367 / 150.389      55.367 / 150.389      55.367 / 150.389     ms
[100.268s][info][gc,stats    ]       Phase: Concurrent Reset Relocation Set               0.087 / 0.134         0.076 / 0.149         0.076 / 0.149         0.076 / 0.149       ms
[100.268s][info][gc,stats    ]       Phase: Concurrent Select Relocation Set            162.554 / 321.198      93.657 / 333.496      93.657 / 333.496      93.657 / 333.496     ms
[100.268s][info][gc,stats    ]       Phase: Pause Mark End                                0.016 / 0.016         0.024 / 0.098         0.024 / 0.098         0.024 / 0.098       ms
[100.268s][info][gc,stats    ]       Phase: Pause Mark Start                              0.005 / 0.005         0.005 / 0.011         0.005 / 0.011         0.005 / 0.011       ms
[100.268s][info][gc,stats    ]       Phase: Pause Relocate Start                          0.008 / 0.009         0.014 / 0.066         0.014 / 0.066         0.014 / 0.066       ms
[100.268s][info][gc,stats    ]    Subphase: Concurrent Classes Purge                      2.713 / 4.593         1.549 / 4.891         1.549 / 4.891         1.549 / 4.891       ms
[100.268s][info][gc,stats    ]    Subphase: Concurrent Classes Unlink                     7.651 / 8.457        12.641 / 24.764       12.641 / 24.764       12.641 / 24.764      ms
[100.268s][info][gc,stats    ]    Subphase: Concurrent Mark                            1138.278 / 1252.236    988.419 / 2695.469    988.419 / 2695.469    988.419 / 2695.469    ms
[100.268s][info][gc,stats    ]    Subphase: Concurrent Mark Try Flush                     2.977 / 8.548         1.408 / 8.548         1.408 / 8.548         1.408 / 8.548       ms
[100.268s][info][gc,stats    ]    Subphase: Concurrent Mark Try Terminate                 1.255 / 4.528         1.107 / 12.169        1.107 / 12.169        1.107 / 12.169      ms
[100.268s][info][gc,stats    ]    Subphase: Concurrent References Enqueue                 0.002 / 0.003         0.002 / 0.003         0.002 / 0.003         0.002 / 0.003       ms
[100.268s][info][gc,stats    ]    Subphase: Concurrent References Process                 0.875 / 0.958         0.723 / 1.628         0.723 / 1.628         0.723 / 1.628       ms
[100.268s][info][gc,stats    ]    Subphase: Concurrent Roots ClassLoaderDataGraph         0.241 / 0.401         0.261 / 0.882         0.261 / 0.882         0.261 / 0.882       ms
[100.268s][info][gc,stats    ]    Subphase: Concurrent Roots CodeCache                    0.000 / 0.000         0.000 / 0.000         0.000 / 0.000         0.000 / 0.000       ms
[100.268s][info][gc,stats    ]    Subphase: Concurrent Roots JavaThreads                  1.531 / 1.689         1.950 / 9.075         1.950 / 9.075         1.950 / 9.075       ms
[100.268s][info][gc,stats    ]    Subphase: Concurrent Roots OopStorageSet                0.056 / 0.061         0.071 / 0.198         0.071 / 0.198         0.071 / 0.198       ms
[100.268s][info][gc,stats    ]    Subphase: Concurrent Weak Roots OopStorageSet           1.448 / 1.527         1.666 / 3.412         1.666 / 3.412         1.666 / 3.412       ms
[100.268s][info][gc,stats    ]    Subphase: Pause Mark Try Complete                       0.000 / 0.000         0.001 / 0.001         0.001 / 0.001         0.001 / 0.001       ms
[100.269s][info][gc,stats    ]      System: Java Threads                                     76 / 76               62 / 80               62 / 80               62 / 80          threads
[100.269s][info][gc,stats    ] =========================================================================================================================================================
[103.768s][info][gc,start    ] GC(19) Garbage Collection (Allocation Rate)
[103.768s][info][gc,task     ] GC(19) Using 2 workers
[103.768s][info][gc,phases   ] GC(19) Pause Mark Start 0.006ms
[105.706s][info][gc,phases   ] GC(19) Concurrent Mark 1938.215ms
[105.709s][info][gc,phases   ] GC(19) Pause Mark End 0.022ms
[105.709s][info][gc,phases   ] GC(19) Concurrent Mark Free 0.001ms
[105.723s][info][gc,phases   ] GC(19) Concurrent Process Non-Strong References 13.648ms
[105.723s][info][gc,phases   ] GC(19) Concurrent Reset Relocation Set 0.106ms
[106.186s][info][gc,phases   ] GC(19) Concurrent Select Relocation Set 462.927ms
[106.187s][info][gc,phases   ] GC(19) Pause Relocate Start 0.013ms
[106.241s][info][gc,phases   ] GC(19) Concurrent Relocate 53.275ms
[106.241s][info][gc,load     ] GC(19) Load: 0.00/0.00/0.00
[106.241s][info][gc,mmu      ] GC(19) MMU: 2ms/95.1%, 5ms/98.0%, 10ms/99.0%, 20ms/99.5%, 50ms/99.8%, 100ms/99.9%
[106.241s][info][gc,marking  ] GC(19) Mark: 2 stripe(s), 2 proactive flush(es), 1 terminate flush(es), 0 completion(s), 0 continuation(s) 
[106.241s][info][gc,marking  ] GC(19) Mark Stack Usage: 32M
[106.241s][info][gc,nmethod  ] GC(19) NMethods: 6937 registered, 230 unregistered
[106.241s][info][gc,metaspace] GC(19) Metaspace: 128M used, 130M committed, 1152M reserved
[106.241s][info][gc,ref      ] GC(19) Soft: 5979 encountered, 0 discovered, 0 enqueued
[106.241s][info][gc,ref      ] GC(19) Weak: 22594 encountered, 1864 discovered, 3 enqueued
[106.241s][info][gc,ref      ] GC(19) Final: 34 encountered, 32 discovered, 0 enqueued
[106.241s][info][gc,ref      ] GC(19) Phantom: 524 encountered, 380 discovered, 1 enqueued
[106.241s][info][gc,reloc    ] GC(19) Small Pages: 2768 / 5536M, Empty: 1302M, Relocated: 125M, In-Place: 0
[106.241s][info][gc,reloc    ] GC(19) Medium Pages: 2 / 64M, Empty: 0M, Relocated: 0M, In-Place: 0
[106.241s][info][gc,reloc    ] GC(19) Large Pages: 0 / 0M, Empty: 0M, Relocated: 0M, In-Place: 0
[106.241s][info][gc,reloc    ] GC(19) Forwarding Usage: 38M
[106.241s][info][gc,heap     ] GC(19) Min Capacity: 8192M(100%)
[106.241s][info][gc,heap     ] GC(19) Max Capacity: 8192M(100%)
[106.241s][info][gc,heap     ] GC(19) Soft Max Capacity: 8192M(100%)
[106.241s][info][gc,heap     ] GC(19)                Mark Start          Mark End        Relocate Start      Relocate End           High               Low         
[106.241s][info][gc,heap     ] GC(19)  Capacity:     8192M (100%)       8192M (100%)       8192M (100%)       8192M (100%)       8192M (100%)       8192M (100%)   
[106.241s][info][gc,heap     ] GC(19)      Free:     2592M (32%)        2302M (28%)        3502M (43%)        7138M (87%)        7138M (87%)        2298M (28%)    
[106.241s][info][gc,heap     ] GC(19)      Used:     5600M (68%)        5890M (72%)        4690M (57%)        1054M (13%)        5894M (72%)        1054M (13%)    
[106.241s][info][gc,heap     ] GC(19)      Live:         -               558M (7%)          558M (7%)          558M (7%)             -                  -          
[106.241s][info][gc,heap     ] GC(19) Allocated:         -               290M (4%)          392M (5%)          418M (5%)             -                  -          
[106.241s][info][gc,heap     ] GC(19)   Garbage:         -              5041M (62%)        3739M (46%)          76M (1%)             -                  -          
[106.241s][info][gc,heap     ] GC(19) Reclaimed:         -                  -              1302M (16%)        4964M (61%)            -                  -          
[106.241s][info][gc          ] GC(19) Garbage Collection (Allocation Rate) 5600M(68%)->1054M(13%)
[106.867s][info][gc,start    ] GC(20) Garbage Collection (Allocation Rate)
[106.867s][info][gc,task     ] GC(20) Using 2 workers
[106.867s][info][gc,phases   ] GC(20) Pause Mark Start 0.005ms
[107.742s][info][gc,phases   ] GC(20) Concurrent Mark 874.926ms
[107.749s][info][gc,phases   ] GC(20) Pause Mark End 0.022ms
[107.749s][info][gc,phases   ] GC(20) Concurrent Mark Free 0.001ms
[107.760s][info][gc,phases   ] GC(20) Concurrent Process Non-Strong References 10.869ms
[107.760s][info][gc,phases   ] GC(20) Concurrent Reset Relocation Set 0.168ms
[107.764s][info][gc,phases   ] GC(20) Concurrent Select Relocation Set 3.767ms
[107.765s][info][gc,phases   ] GC(20) Pause Relocate Start 0.009ms
[107.781s][info][gc,phases   ] GC(20) Concurrent Relocate 15.631ms
[107.781s][info][gc,load     ] GC(20) Load: 0.00/0.00/0.00
[107.781s][info][gc,mmu      ] GC(20) MMU: 2ms/95.1%, 5ms/98.0%, 10ms/99.0%, 20ms/99.5%, 50ms/99.8%, 100ms/99.9%
[107.781s][info][gc,marking  ] GC(20) Mark: 2 stripe(s), 2 proactive flush(es), 1 terminate flush(es), 0 completion(s), 0 continuation(s) 
[107.781s][info][gc,marking  ] GC(20) Mark Stack Usage: 32M
[107.781s][info][gc,nmethod  ] GC(20) NMethods: 6954 registered, 244 unregistered
[107.781s][info][gc,metaspace] GC(20) Metaspace: 128M used, 130M committed, 1152M reserved
[107.781s][info][gc,ref      ] GC(20) Soft: 5979 encountered, 0 discovered, 0 enqueued
[107.781s][info][gc,ref      ] GC(20) Weak: 22591 encountered, 8593 discovered, 0 enqueued
[107.781s][info][gc,ref      ] GC(20) Final: 34 encountered, 0 discovered, 0 enqueued
[107.781s][info][gc,ref      ] GC(20) Phantom: 523 encountered, 366 discovered, 0 enqueued
[107.781s][info][gc,reloc    ] GC(20) Small Pages: 752 / 1504M, Empty: 268M, Relocated: 34M, In-Place: 0
[107.781s][info][gc,reloc    ] GC(20) Medium Pages: 2 / 64M, Empty: 0M, Relocated: 0M, In-Place: 0
[107.781s][info][gc,reloc    ] GC(20) Large Pages: 0 / 0M, Empty: 0M, Relocated: 0M, In-Place: 0
[107.781s][info][gc,reloc    ] GC(20) Forwarding Usage: 10M
[107.781s][info][gc,heap     ] GC(20) Min Capacity: 8192M(100%)
[107.781s][info][gc,heap     ] GC(20) Max Capacity: 8192M(100%)
[107.781s][info][gc,heap     ] GC(20) Soft Max Capacity: 8192M(100%)
[107.781s][info][gc,heap     ] GC(20)                Mark Start          Mark End        Relocate Start      Relocate End           High               Low         
[107.781s][info][gc,heap     ] GC(20)  Capacity:     8192M (100%)       8192M (100%)       8192M (100%)       8192M (100%)       8192M (100%)       8192M (100%)   
[107.781s][info][gc,heap     ] GC(20)      Free:     6624M (81%)        6488M (79%)        6752M (82%)        7416M (91%)        7416M (91%)        6484M (79%)    
[107.781s][info][gc,heap     ] GC(20)      Used:     1568M (19%)        1704M (21%)        1440M (18%)         776M (9%)         1708M (21%)         776M (9%)     
[107.781s][info][gc,heap     ] GC(20)      Live:         -               543M (7%)          543M (7%)          543M (7%)             -                  -          
[107.781s][info][gc,heap     ] GC(20) Allocated:         -               136M (2%)          140M (2%)          147M (2%)             -                  -          
[107.781s][info][gc,heap     ] GC(20)   Garbage:         -              1024M (13%)         756M (9%)           85M (1%)             -                  -          
[107.781s][info][gc,heap     ] GC(20) Reclaimed:         -                  -               268M (3%)          939M (11%)            -                  -          
[107.781s][info][gc          ] GC(20) Garbage Collection (Allocation Rate) 1568M(19%)->776M(9%)
[108.468s][info][gc,start    ] GC(21) Garbage Collection (Allocation Rate)
[108.468s][info][gc,task     ] GC(21) Using 2 workers
[108.468s][info][gc,phases   ] GC(21) Pause Mark Start 0.005ms
[109.284s][info][gc,phases   ] GC(21) Concurrent Mark 815.198ms
[109.287s][info][gc,phases   ] GC(21) Pause Mark End 0.074ms
[109.287s][info][gc,phases   ] GC(21) Concurrent Mark Free 0.000ms
[109.307s][info][gc,phases   ] GC(21) Concurrent Process Non-Strong References 19.390ms
[109.307s][info][gc,phases   ] GC(21) Concurrent Reset Relocation Set 0.028ms
[109.519s][info][gc,phases   ] GC(21) Concurrent Select Relocation Set 212.222ms
[109.524s][info][gc,phases   ] GC(21) Pause Relocate Start 0.012ms
[109.554s][info][gc,phases   ] GC(21) Concurrent Relocate 30.092ms
[109.554s][info][gc,load     ] GC(21) Load: 0.00/0.00/0.00
[109.554s][info][gc,mmu      ] GC(21) MMU: 2ms/95.1%, 5ms/98.0%, 10ms/99.0%, 20ms/99.5%, 50ms/99.8%, 100ms/99.9%
[109.554s][info][gc,marking  ] GC(21) Mark: 2 stripe(s), 2 proactive flush(es), 1 terminate flush(es), 1 completion(s), 0 continuation(s) 
[109.554s][info][gc,marking  ] GC(21) Mark Stack Usage: 32M
[109.554s][info][gc,nmethod  ] GC(21) NMethods: 7000 registered, 257 unregistered
[109.554s][info][gc,metaspace] GC(21) Metaspace: 128M used, 130M committed, 1152M reserved
[109.554s][info][gc,ref      ] GC(21) Soft: 5979 encountered, 0 discovered, 0 enqueued
[109.554s][info][gc,ref      ] GC(21) Weak: 22593 encountered, 7900 discovered, 1 enqueued
[109.554s][info][gc,ref      ] GC(21) Final: 34 encountered, 0 discovered, 0 enqueued
[109.554s][info][gc,ref      ] GC(21) Phantom: 526 encountered, 366 discovered, 0 enqueued
[109.554s][info][gc,reloc    ] GC(21) Small Pages: 713 / 1426M, Empty: 182M, Relocated: 50M, In-Place: 0
[109.554s][info][gc,reloc    ] GC(21) Medium Pages: 2 / 64M, Empty: 0M, Relocated: 0M, In-Place: 0
[109.554s][info][gc,reloc    ] GC(21) Large Pages: 0 / 0M, Empty: 0M, Relocated: 0M, In-Place: 0
[109.554s][info][gc,reloc    ] GC(21) Forwarding Usage: 16M
[109.554s][info][gc,heap     ] GC(21) Min Capacity: 8192M(100%)
[109.554s][info][gc,heap     ] GC(21) Max Capacity: 8192M(100%)
[109.554s][info][gc,heap     ] GC(21) Soft Max Capacity: 8192M(100%)
[109.554s][info][gc,heap     ] GC(21)                Mark Start          Mark End        Relocate Start      Relocate End           High               Low         
[109.554s][info][gc,heap     ] GC(21)  Capacity:     8192M (100%)       8192M (100%)       8192M (100%)       8192M (100%)       8192M (100%)       8192M (100%)   
[109.554s][info][gc,heap     ] GC(21)      Free:     6702M (82%)        6424M (78%)        6548M (80%)        7176M (88%)        7178M (88%)        6422M (78%)    
[109.554s][info][gc,heap     ] GC(21)      Used:     1490M (18%)        1768M (22%)        1644M (20%)        1016M (12%)        1770M (22%)        1014M (12%)    
[109.554s][info][gc,heap     ] GC(21)      Live:         -               544M (7%)          544M (7%)          544M (7%)             -                  -          
[109.554s][info][gc,heap     ] GC(21) Allocated:         -               278M (3%)          336M (4%)          381M (5%)             -                  -          
[109.554s][info][gc,heap     ] GC(21)   Garbage:         -               945M (12%)         763M (9%)           89M (1%)             -                  -          
[109.554s][info][gc,heap     ] GC(21) Reclaimed:         -                  -               182M (2%)          855M (10%)            -                  -          
[109.554s][info][gc          ] GC(21) Garbage Collection (Allocation Rate) 1490M(18%)->1016M(12%)
[110.268s][info][gc,stats    ] === Garbage Collection Statistics =======================================================================================================================
[110.268s][info][gc,stats    ]                                                              Last 10s              Last 10m              Last 10h                Total
[110.268s][info][gc,stats    ]                                                              Avg / Max             Avg / Max             Avg / Max             Avg / Max
[110.268s][info][gc,stats    ]   Collector: Garbage Collection Cycle                   1490.733 / 2472.882   1389.999 / 3118.493   1389.999 / 3118.493   1389.999 / 3118.493    ms
[110.268s][info][gc,stats    ]  Contention: Mark Segment Reset Contention                     0 / 2                 0 / 2                 0 / 2                 0 / 2           ops/s
[110.268s][info][gc,stats    ]  Contention: Mark SeqNum Reset Contention                      0 / 0                 0 / 1                 0 / 1                 0 / 1           ops/s
[110.268s][info][gc,stats    ]    Critical: Allocation Stall                                  0 / 0                 0 / 0                 0 / 0                 0 / 0           ops/s
[110.268s][info][gc,stats    ]    Critical: Allocation Stall                              0.000 / 0.000         0.000 / 0.000         0.000 / 0.000         0.000 / 0.000       ms
[110.268s][info][gc,stats    ]    Critical: GC Locker Stall                                   0 / 0                 0 / 1                 0 / 1                 0 / 1           ops/s
[110.268s][info][gc,stats    ]    Critical: GC Locker Stall                               0.000 / 0.000         0.137 / 0.151         0.137 / 0.151         0.137 / 0.151       ms
[110.268s][info][gc,stats    ]    Critical: Relocation Stall                                  0 / 0                 0 / 0                 0 / 0                 0 / 0           ops/s
[110.268s][info][gc,stats    ]    Critical: Relocation Stall                              0.000 / 0.000         0.000 / 0.000         0.000 / 0.000         0.000 / 0.000       ms
[110.268s][info][gc,stats    ]      Memory: Allocation Rate                                 607 / 1028            509 / 1104            509 / 1104            509 / 1104        MB/s
[110.268s][info][gc,stats    ]      Memory: Defragment                                        0 / 0                 0 / 0                 0 / 0                 0 / 0           ops/s
[110.268s][info][gc,stats    ]      Memory: Out Of Memory                                     0 / 0                 0 / 0                 0 / 0                 0 / 0           ops/s
[110.268s][info][gc,stats    ]      Memory: Page Cache Flush                                  0 / 0                 0 / 0                 0 / 0                 0 / 0           MB/s
[110.268s][info][gc,stats    ]      Memory: Page Cache Hit L1                               314 / 514             224 / 552             224 / 552             224 / 552         ops/s
[110.268s][info][gc,stats    ]      Memory: Page Cache Hit L2                                 0 / 0                 0 / 0                 0 / 0                 0 / 0           ops/s
[110.268s][info][gc,stats    ]      Memory: Page Cache Hit L3                                 0 / 0                34 / 397              34 / 397              34 / 397         ops/s
[110.268s][info][gc,stats    ]      Memory: Page Cache Miss                                   0 / 0                 0 / 1                 0 / 1                 0 / 1           ops/s
[110.268s][info][gc,stats    ]      Memory: Uncommit                                          0 / 0                 0 / 0                 0 / 0                 0 / 0           MB/s
[110.268s][info][gc,stats    ]      Memory: Undo Object Allocation Failed                     0 / 0                 0 / 0                 0 / 0                 0 / 0           ops/s
[110.268s][info][gc,stats    ]      Memory: Undo Object Allocation Succeeded                  8 / 82                3 / 209               3 / 209               3 / 209         ops/s
[110.268s][info][gc,stats    ]      Memory: Undo Page Allocation                              0 / 0                 0 / 0                 0 / 0                 0 / 0           ops/s
[110.268s][info][gc,stats    ]       Phase: Concurrent Mark                            1209.446 / 1938.215   1203.095 / 2698.907   1203.095 / 2698.907   1203.095 / 2698.907    ms
[110.268s][info][gc,stats    ]       Phase: Concurrent Mark Continue                      0.000 / 0.000         0.000 / 0.000         0.000 / 0.000         0.000 / 0.000       ms
[110.268s][info][gc,stats    ]       Phase: Concurrent Mark Free                          0.001 / 0.001         0.001 / 0.001         0.001 / 0.001         0.001 / 0.001       ms
[110.268s][info][gc,stats    ]       Phase: Concurrent Process Non-Strong References     14.635 / 19.390       18.450 / 34.962       18.450 / 34.962       18.450 / 34.962      ms
[110.268s][info][gc,stats    ]       Phase: Concurrent Relocate                          33.000 / 53.275       52.317 / 150.389      52.317 / 150.389      52.317 / 150.389     ms
[110.268s][info][gc,stats    ]       Phase: Concurrent Reset Relocation Set               0.101 / 0.168         0.079 / 0.168         0.079 / 0.168         0.079 / 0.168       ms
[110.268s][info][gc,stats    ]       Phase: Concurrent Select Relocation Set            226.305 / 462.927     111.745 / 462.927     111.745 / 462.927     111.745 / 462.927     ms
[110.268s][info][gc,stats    ]       Phase: Pause Mark End                                0.039 / 0.074         0.026 / 0.098         0.026 / 0.098         0.026 / 0.098       ms
[110.268s][info][gc,stats    ]       Phase: Pause Mark Start                              0.005 / 0.006         0.005 / 0.011         0.005 / 0.011         0.005 / 0.011       ms
[110.268s][info][gc,stats    ]       Phase: Pause Relocate Start                          0.011 / 0.013         0.014 / 0.066         0.014 / 0.066         0.014 / 0.066       ms
[110.268s][info][gc,stats    ]    Subphase: Concurrent Classes Purge                      0.327 / 0.647         1.382 / 4.891         1.382 / 4.891         1.382 / 4.891       ms
[110.268s][info][gc,stats    ]    Subphase: Concurrent Classes Unlink                     8.515 / 12.007       12.078 / 24.764       12.078 / 24.764       12.078 / 24.764      ms
[110.268s][info][gc,stats    ]    Subphase: Concurrent Mark                            1206.799 / 1935.887   1022.900 / 2695.469   1022.900 / 2695.469   1022.900 / 2695.469    ms
[110.268s][info][gc,stats    ]    Subphase: Concurrent Mark Try Flush                     3.443 / 6.249         1.666 / 8.548         1.666 / 8.548         1.666 / 8.548       ms
[110.268s][info][gc,stats    ]    Subphase: Concurrent Mark Try Terminate                 1.252 / 6.250         1.141 / 12.169        1.141 / 12.169        1.141 / 12.169      ms
[110.269s][info][gc,stats    ]    Subphase: Concurrent References Enqueue                 0.002 / 0.003         0.002 / 0.003         0.002 / 0.003         0.002 / 0.003       ms
[110.269s][info][gc,stats    ]    Subphase: Concurrent References Process                 0.505 / 0.678         0.693 / 1.628         0.693 / 1.628         0.693 / 1.628       ms
[110.269s][info][gc,stats    ]    Subphase: Concurrent Roots ClassLoaderDataGraph         0.268 / 0.489         0.262 / 0.882         0.262 / 0.882         0.262 / 0.882       ms
[110.269s][info][gc,stats    ]    Subphase: Concurrent Roots CodeCache                    0.000 / 0.000         0.000 / 0.000         0.000 / 0.000         0.000 / 0.000       ms
[110.269s][info][gc,stats    ]    Subphase: Concurrent Roots JavaThreads                  1.795 / 2.142         1.925 / 9.075         1.925 / 9.075         1.925 / 9.075       ms
[110.269s][info][gc,stats    ]    Subphase: Concurrent Roots OopStorageSet                0.064 / 0.081         0.070 / 0.198         0.070 / 0.198         0.070 / 0.198       ms
[110.269s][info][gc,stats    ]    Subphase: Concurrent Weak Roots OopStorageSet           1.396 / 1.490         1.623 / 3.412         1.623 / 3.412         1.623 / 3.412       ms
[110.269s][info][gc,stats    ]    Subphase: Pause Mark Try Complete                       0.001 / 0.002         0.001 / 0.002         0.001 / 0.002         0.001 / 0.002       ms
[110.269s][info][gc,stats    ]      System: Java Threads                                     76 / 77               64 / 80               64 / 80               64 / 80          threads
[110.269s][info][gc,stats    ] =========================================================================================================================================================
[114.168s][info][gc,start    ] GC(22) Garbage Collection (Allocation Rate)
[114.168s][info][gc,task     ] GC(22) Using 2 workers
[114.168s][info][gc,phases   ] GC(22) Pause Mark Start 0.005ms
[115.589s][info][gc,phases   ] GC(22) Concurrent Mark 1420.194ms
[115.592s][info][gc,phases   ] GC(22) Pause Mark End 0.102ms
[115.592s][info][gc,phases   ] GC(22) Concurrent Mark Free 0.001ms
[115.603s][info][gc,phases   ] GC(22) Concurrent Process Non-Strong References 11.518ms
[115.603s][info][gc,phases   ] GC(22) Concurrent Reset Relocation Set 0.041ms
[116.002s][info][gc,phases   ] GC(22) Concurrent Select Relocation Set 398.406ms
[116.002s][info][gc,phases   ] GC(22) Pause Relocate Start 0.009ms
[116.048s][info][gc,phases   ] GC(22) Concurrent Relocate 45.696ms
[116.048s][info][gc,load     ] GC(22) Load: 0.00/0.00/0.00
[116.048s][info][gc,mmu      ] GC(22) MMU: 2ms/94.9%, 5ms/98.0%, 10ms/99.0%, 20ms/99.5%, 50ms/99.8%, 100ms/99.9%
[116.048s][info][gc,marking  ] GC(22) Mark: 2 stripe(s), 2 proactive flush(es), 1 terminate flush(es), 1 completion(s), 0 continuation(s) 
[116.048s][info][gc,marking  ] GC(22) Mark Stack Usage: 32M
[116.048s][info][gc,nmethod  ] GC(22) NMethods: 7073 registered, 322 unregistered
[116.048s][info][gc,metaspace] GC(22) Metaspace: 128M used, 130M committed, 1152M reserved
[116.048s][info][gc,ref      ] GC(22) Soft: 5979 encountered, 0 discovered, 0 enqueued
[116.048s][info][gc,ref      ] GC(22) Weak: 22600 encountered, 662 discovered, 6 enqueued
[116.048s][info][gc,ref      ] GC(22) Final: 34 encountered, 0 discovered, 0 enqueued
[116.048s][info][gc,ref      ] GC(22) Phantom: 530 encountered, 365 discovered, 4 enqueued
[116.048s][info][gc,reloc    ] GC(22) Small Pages: 2588 / 5176M, Empty: 1454M, Relocated: 104M, In-Place: 0
[116.048s][info][gc,reloc    ] GC(22) Medium Pages: 2 / 64M, Empty: 0M, Relocated: 0M, In-Place: 0
[116.048s][info][gc,reloc    ] GC(22) Large Pages: 0 / 0M, Empty: 0M, Relocated: 0M, In-Place: 0
[116.048s][info][gc,reloc    ] GC(22) Forwarding Usage: 31M
[116.048s][info][gc,heap     ] GC(22) Min Capacity: 8192M(100%)
[116.048s][info][gc,heap     ] GC(22) Max Capacity: 8192M(100%)
[116.048s][info][gc,heap     ] GC(22) Soft Max Capacity: 8192M(100%)
[116.048s][info][gc,heap     ] GC(22)                Mark Start          Mark End        Relocate Start      Relocate End           High               Low         
[116.048s][info][gc,heap     ] GC(22)  Capacity:     8192M (100%)       8192M (100%)       8192M (100%)       8192M (100%)       8192M (100%)       8192M (100%)   
[116.048s][info][gc,heap     ] GC(22)      Free:     2952M (36%)        2726M (33%)        3960M (48%)        7094M (87%)        7096M (87%)        2724M (33%)    
[116.048s][info][gc,heap     ] GC(22)      Used:     5240M (64%)        5466M (67%)        4232M (52%)        1098M (13%)        5468M (67%)        1096M (13%)    
[116.048s][info][gc,heap     ] GC(22)      Live:         -               532M (6%)          532M (6%)          532M (6%)             -                  -          
[116.048s][info][gc,heap     ] GC(22) Allocated:         -               226M (3%)          446M (5%)          492M (6%)             -                  -          
[116.048s][info][gc,heap     ] GC(22)   Garbage:         -              4707M (57%)        3253M (40%)          73M (1%)             -                  -          
[116.048s][info][gc,heap     ] GC(22) Reclaimed:         -                  -              1454M (18%)        4634M (57%)            -                  -          
[116.048s][info][gc          ] GC(22) Garbage Collection (Allocation Rate) 5240M(64%)->1098M(13%)
[118.567s][info][gc,start    ] GC(23) Garbage Collection (Allocation Rate)
[118.567s][info][gc,task     ] GC(23) Using 2 workers
[118.567s][info][gc,phases   ] GC(23) Pause Mark Start 0.005ms
[119.762s][info][gc,phases   ] GC(23) Concurrent Mark 1194.965ms
[119.765s][info][gc,phases   ] GC(23) Pause Mark End 0.023ms
[119.765s][info][gc,phases   ] GC(23) Concurrent Mark Free 0.001ms
[119.776s][info][gc,phases   ] GC(23) Concurrent Process Non-Strong References 10.763ms
[119.776s][info][gc,phases   ] GC(23) Concurrent Reset Relocation Set 0.135ms
[120.264s][info][gc,phases   ] GC(23) Concurrent Select Relocation Set 488.079ms
[120.265s][info][gc,phases   ] GC(23) Pause Relocate Start 0.009ms
[120.268s][info][gc,stats    ] === Garbage Collection Statistics =======================================================================================================================
[120.268s][info][gc,stats    ]                                                              Last 10s              Last 10m              Last 10h                Total
[120.268s][info][gc,stats    ]                                                              Avg / Max             Avg / Max             Avg / Max             Avg / Max
[120.268s][info][gc,stats    ]   Collector: Garbage Collection Cycle                   1879.491 / 1879.491   1411.282 / 3118.493   1411.282 / 3118.493   1411.282 / 3118.493    ms
[120.268s][info][gc,stats    ]  Contention: Mark Segment Reset Contention                     0 / 1                 0 / 2                 0 / 2                 0 / 2           ops/s
[120.268s][info][gc,stats    ]  Contention: Mark SeqNum Reset Contention                      0 / 0                 0 / 1                 0 / 1                 0 / 1           ops/s
[120.268s][info][gc,stats    ]    Critical: Allocation Stall                                  0 / 0                 0 / 0                 0 / 0                 0 / 0           ops/s
[120.268s][info][gc,stats    ]    Critical: Allocation Stall                              0.000 / 0.000         0.000 / 0.000         0.000 / 0.000         0.000 / 0.000       ms
[120.268s][info][gc,stats    ]    Critical: GC Locker Stall                                   0 / 0                 0 / 1                 0 / 1                 0 / 1           ops/s
[120.268s][info][gc,stats    ]    Critical: GC Locker Stall                               0.000 / 0.000         0.137 / 0.151         0.137 / 0.151         0.137 / 0.151       ms
[120.268s][info][gc,stats    ]    Critical: Relocation Stall                                  0 / 0                 0 / 0                 0 / 0                 0 / 0           ops/s
[120.268s][info][gc,stats    ]    Critical: Relocation Stall                              0.000 / 0.000         0.000 / 0.000         0.000 / 0.000         0.000 / 0.000       ms
[120.268s][info][gc,stats    ]      Memory: Allocation Rate                                 657 / 1066            521 / 1104            521 / 1104            521 / 1104        MB/s
[120.268s][info][gc,stats    ]      Memory: Defragment                                        0 / 0                 0 / 0                 0 / 0                 0 / 0           ops/s
[120.268s][info][gc,stats    ]      Memory: Out Of Memory                                     0 / 0                 0 / 0                 0 / 0                 0 / 0           ops/s
[120.268s][info][gc,stats    ]      Memory: Page Cache Flush                                  0 / 0                 0 / 0                 0 / 0                 0 / 0           MB/s
[120.268s][info][gc,stats    ]      Memory: Page Cache Hit L1                               334 / 533             233 / 552             233 / 552             233 / 552         ops/s
[120.268s][info][gc,stats    ]      Memory: Page Cache Hit L2                                 0 / 0                 0 / 0                 0 / 0                 0 / 0           ops/s
[120.268s][info][gc,stats    ]      Memory: Page Cache Hit L3                                 0 / 0                31 / 397              31 / 397              31 / 397         ops/s
[120.268s][info][gc,stats    ]      Memory: Page Cache Miss                                   0 / 0                 0 / 1                 0 / 1                 0 / 1           ops/s
[120.268s][info][gc,stats    ]      Memory: Uncommit                                          0 / 0                 0 / 0                 0 / 0                 0 / 0           MB/s
[120.268s][info][gc,stats    ]      Memory: Undo Object Allocation Failed                     0 / 0                 0 / 0                 0 / 0                 0 / 0           ops/s
[120.268s][info][gc,stats    ]      Memory: Undo Object Allocation Succeeded                  0 / 3                 3 / 209               3 / 209               3 / 209         ops/s
[120.268s][info][gc,stats    ]      Memory: Undo Page Allocation                              0 / 0                 0 / 0                 0 / 0                 0 / 0           ops/s
[120.268s][info][gc,stats    ]       Phase: Concurrent Mark                            1307.579 / 1420.194   1211.802 / 2698.907   1211.802 / 2698.907   1211.802 / 2698.907    ms
[120.268s][info][gc,stats    ]       Phase: Concurrent Mark Continue                      0.000 / 0.000         0.000 / 0.000         0.000 / 0.000         0.000 / 0.000       ms
[120.268s][info][gc,stats    ]       Phase: Concurrent Mark Free                          0.001 / 0.001         0.001 / 0.001         0.001 / 0.001         0.001 / 0.001       ms
[120.268s][info][gc,stats    ]       Phase: Concurrent Process Non-Strong References     11.140 / 11.518       17.841 / 34.962       17.841 / 34.962       17.841 / 34.962      ms
[120.268s][info][gc,stats    ]       Phase: Concurrent Relocate                          45.696 / 45.696       52.029 / 150.389      52.029 / 150.389      52.029 / 150.389     ms
[120.268s][info][gc,stats    ]       Phase: Concurrent Reset Relocation Set               0.088 / 0.135         0.080 / 0.168         0.080 / 0.168         0.080 / 0.168       ms
[120.268s][info][gc,stats    ]       Phase: Concurrent Select Relocation Set            443.242 / 488.079     139.370 / 488.079     139.370 / 488.079     139.370 / 488.079     ms
[120.268s][info][gc,stats    ]       Phase: Pause Mark End                                0.062 / 0.102         0.029 / 0.102         0.029 / 0.102         0.029 / 0.102       ms
[120.268s][info][gc,stats    ]       Phase: Pause Mark Start                              0.005 / 0.005         0.005 / 0.011         0.005 / 0.011         0.005 / 0.011       ms
[120.268s][info][gc,stats    ]       Phase: Pause Relocate Start                          0.009 / 0.009         0.014 / 0.066         0.014 / 0.066         0.014 / 0.066       ms
[120.268s][info][gc,stats    ]    Subphase: Concurrent Classes Purge                      0.231 / 0.309         1.286 / 4.891         1.286 / 4.891         1.286 / 4.891       ms
[120.268s][info][gc,stats    ]    Subphase: Concurrent Classes Unlink                     6.012 / 6.123        11.573 / 24.764       11.573 / 24.764       11.573 / 24.764      ms
[120.268s][info][gc,stats    ]    Subphase: Concurrent Mark                            1305.217 / 1418.075   1049.787 / 2695.469   1049.787 / 2695.469   1049.787 / 2695.469    ms
[120.268s][info][gc,stats    ]    Subphase: Concurrent Mark Try Flush                     1.945 / 5.412         1.688 / 8.548         1.688 / 8.548         1.688 / 8.548       ms
[120.268s][info][gc,stats    ]    Subphase: Concurrent Mark Try Terminate                 0.963 / 2.408         1.128 / 12.169        1.128 / 12.169        1.128 / 12.169      ms
[120.268s][info][gc,stats    ]    Subphase: Concurrent References Enqueue                 0.002 / 0.002         0.002 / 0.003         0.002 / 0.003         0.002 / 0.003       ms
[120.268s][info][gc,stats    ]    Subphase: Concurrent References Process                 0.510 / 0.859         0.678 / 1.628         0.678 / 1.628         0.678 / 1.628       ms
[120.268s][info][gc,stats    ]    Subphase: Concurrent Roots ClassLoaderDataGraph         0.263 / 0.442         0.262 / 0.882         0.262 / 0.882         0.262 / 0.882       ms
[120.268s][info][gc,stats    ]    Subphase: Concurrent Roots CodeCache                    0.000 / 0.000         0.000 / 0.000         0.000 / 0.000         0.000 / 0.000       ms
[120.268s][info][gc,stats    ]    Subphase: Concurrent Roots JavaThreads                  1.565 / 1.766         1.891 / 9.075         1.891 / 9.075         1.891 / 9.075       ms
[120.268s][info][gc,stats    ]    Subphase: Concurrent Roots OopStorageSet                0.075 / 0.084         0.070 / 0.198         0.070 / 0.198         0.070 / 0.198       ms
[120.268s][info][gc,stats    ]    Subphase: Concurrent Weak Roots OopStorageSet           1.407 / 1.445         1.602 / 3.412         1.602 / 3.412         1.602 / 3.412       ms
[120.268s][info][gc,stats    ]    Subphase: Pause Mark Try Complete                       0.001 / 0.001         0.001 / 0.002         0.001 / 0.002         0.001 / 0.002       ms
[120.268s][info][gc,stats    ]      System: Java Threads                                     76 / 77               65 / 80               65 / 80               65 / 80          threads
[120.268s][info][gc,stats    ] =========================================================================================================================================================
[120.308s][info][gc,phases   ] GC(23) Concurrent Relocate 42.993ms
[120.308s][info][gc,load     ] GC(23) Load: 0.00/0.00/0.00
[120.308s][info][gc,mmu      ] GC(23) MMU: 2ms/94.9%, 5ms/98.0%, 10ms/99.0%, 20ms/99.5%, 50ms/99.8%, 100ms/99.9%
[120.308s][info][gc,marking  ] GC(23) Mark: 2 stripe(s), 2 proactive flush(es), 1 terminate flush(es), 0 completion(s), 0 continuation(s) 
[120.308s][info][gc,marking  ] GC(23) Mark Stack Usage: 32M
[120.308s][info][gc,nmethod  ] GC(23) NMethods: 7099 registered, 347 unregistered
[120.308s][info][gc,metaspace] GC(23) Metaspace: 128M used, 130M committed, 1152M reserved
[120.308s][info][gc,ref      ] GC(23) Soft: 5979 encountered, 0 discovered, 0 enqueued
[120.308s][info][gc,ref      ] GC(23) Weak: 22604 encountered, 12720 discovered, 4 enqueued
[120.308s][info][gc,ref      ] GC(23) Final: 34 encountered, 0 discovered, 0 enqueued
[120.308s][info][gc,ref      ] GC(23) Phantom: 530 encountered, 473 discovered, 4 enqueued
[120.308s][info][gc,reloc    ] GC(23) Small Pages: 1636 / 3272M, Empty: 568M, Relocated: 104M, In-Place: 0
[120.308s][info][gc,reloc    ] GC(23) Medium Pages: 2 / 64M, Empty: 0M, Relocated: 0M, In-Place: 0
[120.308s][info][gc,reloc    ] GC(23) Large Pages: 0 / 0M, Empty: 0M, Relocated: 0M, In-Place: 0
[120.308s][info][gc,reloc    ] GC(23) Forwarding Usage: 32M
[120.308s][info][gc,heap     ] GC(23) Min Capacity: 8192M(100%)
[120.308s][info][gc,heap     ] GC(23) Max Capacity: 8192M(100%)
[120.308s][info][gc,heap     ] GC(23) Soft Max Capacity: 8192M(100%)
[120.308s][info][gc,heap     ] GC(23)                Mark Start          Mark End        Relocate Start      Relocate End           High               Low         
[120.308s][info][gc,heap     ] GC(23)  Capacity:     8192M (100%)       8192M (100%)       8192M (100%)       8192M (100%)       8192M (100%)       8192M (100%)   
[120.308s][info][gc,heap     ] GC(23)      Free:     4856M (59%)        4622M (56%)        5060M (62%)        7168M (88%)        7168M (88%)        4618M (56%)    
[120.308s][info][gc,heap     ] GC(23)      Used:     3336M (41%)        3570M (44%)        3132M (38%)        1024M (12%)        3574M (44%)        1024M (12%)    
[120.308s][info][gc,heap     ] GC(23)      Live:         -               556M (7%)          556M (7%)          556M (7%)             -                  -          
[120.308s][info][gc,heap     ] GC(23) Allocated:         -               234M (3%)          364M (4%)          390M (5%)             -                  -          
[120.308s][info][gc,heap     ] GC(23)   Garbage:         -              2779M (34%)        2211M (27%)          77M (1%)             -                  -          
[120.308s][info][gc,heap     ] GC(23) Reclaimed:         -                  -               568M (7%)         2702M (33%)            -                  -          
[120.308s][info][gc          ] GC(23) Garbage Collection (Allocation Rate) 3336M(41%)->1024M(12%)
[123.567s][info][gc,start    ] GC(24) Garbage Collection (Allocation Rate)
[123.568s][info][gc,task     ] GC(24) Using 2 workers
[123.568s][info][gc,phases   ] GC(24) Pause Mark Start 0.005ms
[124.627s][info][gc,phases   ] GC(24) Concurrent Mark 1059.708ms
[124.630s][info][gc,phases   ] GC(24) Pause Mark End 0.016ms
[124.630s][info][gc,phases   ] GC(24) Concurrent Mark Free 0.000ms
[124.645s][info][gc,phases   ] GC(24) Concurrent Process Non-Strong References 14.983ms
[124.645s][info][gc,phases   ] GC(24) Concurrent Reset Relocation Set 0.093ms
[125.149s][info][gc,phases   ] GC(24) Concurrent Select Relocation Set 503.889ms
[125.149s][info][gc,phases   ] GC(24) Pause Relocate Start 0.013ms
[125.194s][info][gc,phases   ] GC(24) Concurrent Relocate 44.238ms
[125.194s][info][gc,load     ] GC(24) Load: 0.00/0.00/0.00
[125.194s][info][gc,mmu      ] GC(24) MMU: 2ms/94.9%, 5ms/98.0%, 10ms/99.0%, 20ms/99.5%, 50ms/99.8%, 100ms/99.9%
[125.194s][info][gc,marking  ] GC(24) Mark: 2 stripe(s), 2 proactive flush(es), 1 terminate flush(es), 0 completion(s), 0 continuation(s) 
[125.194s][info][gc,marking  ] GC(24) Mark Stack Usage: 32M
[125.194s][info][gc,nmethod  ] GC(24) NMethods: 7131 registered, 383 unregistered
[125.194s][info][gc,metaspace] GC(24) Metaspace: 128M used, 130M committed, 1152M reserved
[125.194s][info][gc,ref      ] GC(24) Soft: 5979 encountered, 0 discovered, 0 enqueued
[125.194s][info][gc,ref      ] GC(24) Weak: 22604 encountered, 5648 discovered, 3 enqueued
[125.194s][info][gc,ref      ] GC(24) Final: 34 encountered, 0 discovered, 0 enqueued
[125.194s][info][gc,ref      ] GC(24) Phantom: 529 encountered, 372 discovered, 0 enqueued
[125.194s][info][gc,reloc    ] GC(24) Small Pages: 1948 / 3896M, Empty: 1150M, Relocated: 101M, In-Place: 0
[125.194s][info][gc,reloc    ] GC(24) Medium Pages: 2 / 64M, Empty: 0M, Relocated: 0M, In-Place: 0
[125.194s][info][gc,reloc    ] GC(24) Large Pages: 0 / 0M, Empty: 0M, Relocated: 0M, In-Place: 0
[125.194s][info][gc,reloc    ] GC(24) Forwarding Usage: 32M
[125.194s][info][gc,heap     ] GC(24) Min Capacity: 8192M(100%)
[125.194s][info][gc,heap     ] GC(24) Max Capacity: 8192M(100%)
[125.194s][info][gc,heap     ] GC(24) Soft Max Capacity: 8192M(100%)
[125.194s][info][gc,heap     ] GC(24)                Mark Start          Mark End        Relocate Start      Relocate End           High               Low         
[125.194s][info][gc,heap     ] GC(24)  Capacity:     8192M (100%)       8192M (100%)       8192M (100%)       8192M (100%)       8192M (100%)       8192M (100%)   
[125.194s][info][gc,heap     ] GC(24)      Free:     4232M (52%)        4108M (50%)        5044M (62%)        7232M (88%)        7232M (88%)        4106M (50%)    
[125.194s][info][gc,heap     ] GC(24)      Used:     3960M (48%)        4084M (50%)        3148M (38%)         960M (12%)        4086M (50%)         960M (12%)    
[125.194s][info][gc,heap     ] GC(24)      Live:         -               542M (7%)          542M (7%)          542M (7%)             -                  -          
[125.194s][info][gc,heap     ] GC(24) Allocated:         -               124M (2%)          338M (4%)          339M (4%)             -                  -          
[125.194s][info][gc,heap     ] GC(24)   Garbage:         -              3417M (42%)        2267M (28%)          77M (1%)             -                  -          
[125.194s][info][gc,heap     ] GC(24) Reclaimed:         -                  -              1150M (14%)        3339M (41%)            -                  -          
[125.194s][info][gc          ] GC(24) Garbage Collection (Allocation Rate) 3960M(48%)->960M(12%)
[129.468s][info][gc,start    ] GC(25) Garbage Collection (Allocation Rate)
[129.468s][info][gc,task     ] GC(25) Using 2 workers
[129.468s][info][gc,phases   ] GC(25) Pause Mark Start 0.004ms
[130.268s][info][gc,stats    ] === Garbage Collection Statistics =======================================================================================================================
[130.268s][info][gc,stats    ]                                                              Last 10s              Last 10m              Last 10h                Total
[130.268s][info][gc,stats    ]                                                              Avg / Max             Avg / Max             Avg / Max             Avg / Max
[130.268s][info][gc,stats    ]   Collector: Garbage Collection Cycle                   1683.575 / 1740.910   1433.065 / 3118.493   1433.065 / 3118.493   1433.065 / 3118.493    ms
[130.268s][info][gc,stats    ]  Contention: Mark Segment Reset Contention                     0 / 0                 0 / 2                 0 / 2                 0 / 2           ops/s
[130.268s][info][gc,stats    ]  Contention: Mark SeqNum Reset Contention                      0 / 0                 0 / 1                 0 / 1                 0 / 1           ops/s
[130.268s][info][gc,stats    ]    Critical: Allocation Stall                                  0 / 0                 0 / 0                 0 / 0                 0 / 0           ops/s
[130.268s][info][gc,stats    ]    Critical: Allocation Stall                              0.000 / 0.000         0.000 / 0.000         0.000 / 0.000         0.000 / 0.000       ms
[130.268s][info][gc,stats    ]    Critical: GC Locker Stall                                   0 / 0                 0 / 1                 0 / 1                 0 / 1           ops/s
[130.268s][info][gc,stats    ]    Critical: GC Locker Stall                               0.000 / 0.000         0.137 / 0.151         0.137 / 0.151         0.137 / 0.151       ms
[130.268s][info][gc,stats    ]    Critical: Relocation Stall                                  0 / 0                 0 / 0                 0 / 0                 0 / 0           ops/s
[130.268s][info][gc,stats    ]    Critical: Relocation Stall                              0.000 / 0.000         0.000 / 0.000         0.000 / 0.000         0.000 / 0.000       ms
[130.268s][info][gc,stats    ]      Memory: Allocation Rate                                 618 / 1030            529 / 1104            529 / 1104            529 / 1104        MB/s
[130.268s][info][gc,stats    ]      Memory: Defragment                                        0 / 0                 0 / 0                 0 / 0                 0 / 0           ops/s
[130.268s][info][gc,stats    ]      Memory: Out Of Memory                                     0 / 0                 0 / 0                 0 / 0                 0 / 0           ops/s
[130.268s][info][gc,stats    ]      Memory: Page Cache Flush                                  0 / 0                 0 / 0                 0 / 0                 0 / 0           MB/s
[130.268s][info][gc,stats    ]      Memory: Page Cache Hit L1                               319 / 515             240 / 552             240 / 552             240 / 552         ops/s
[130.268s][info][gc,stats    ]      Memory: Page Cache Hit L2                                 0 / 0                 0 / 0                 0 / 0                 0 / 0           ops/s
[130.268s][info][gc,stats    ]      Memory: Page Cache Hit L3                                 0 / 0                29 / 397              29 / 397              29 / 397         ops/s
[130.268s][info][gc,stats    ]      Memory: Page Cache Miss                                   0 / 0                 0 / 1                 0 / 1                 0 / 1           ops/s
[130.268s][info][gc,stats    ]      Memory: Uncommit                                          0 / 0                 0 / 0                 0 / 0                 0 / 0           MB/s
[130.268s][info][gc,stats    ]      Memory: Undo Object Allocation Failed                     0 / 0                 0 / 0                 0 / 0                 0 / 0           ops/s
[130.268s][info][gc,stats    ]      Memory: Undo Object Allocation Succeeded                  0 / 3                 2 / 209               2 / 209               2 / 209         ops/s
[130.268s][info][gc,stats    ]      Memory: Undo Page Allocation                              0 / 0                 0 / 0                 0 / 0                 0 / 0           ops/s
[130.268s][info][gc,stats    ]       Phase: Concurrent Mark                            1059.708 / 1059.708   1205.718 / 2698.907   1205.718 / 2698.907   1205.718 / 2698.907    ms
[130.268s][info][gc,stats    ]       Phase: Concurrent Mark Continue                      0.000 / 0.000         0.000 / 0.000         0.000 / 0.000         0.000 / 0.000       ms
[130.268s][info][gc,stats    ]       Phase: Concurrent Mark Free                          0.000 / 0.000         0.001 / 0.001         0.001 / 0.001         0.001 / 0.001       ms
[130.268s][info][gc,stats    ]       Phase: Concurrent Process Non-Strong References     14.983 / 14.983       17.726 / 34.962       17.726 / 34.962       17.726 / 34.962      ms
[130.268s][info][gc,stats    ]       Phase: Concurrent Relocate                          43.616 / 44.238       51.356 / 150.389      51.356 / 150.389      51.356 / 150.389     ms
[130.268s][info][gc,stats    ]       Phase: Concurrent Reset Relocation Set               0.093 / 0.093         0.080 / 0.168         0.080 / 0.168         0.080 / 0.168       ms
[130.268s][info][gc,stats    ]       Phase: Concurrent Select Relocation Set            503.889 / 503.889     153.951 / 503.889     153.951 / 503.889     153.951 / 503.889     ms
[130.268s][info][gc,stats    ]       Phase: Pause Mark End                                0.016 / 0.016         0.028 / 0.102         0.028 / 0.102         0.028 / 0.102       ms
[130.268s][info][gc,stats    ]       Phase: Pause Mark Start                              0.005 / 0.005         0.005 / 0.011         0.005 / 0.011         0.005 / 0.011       ms
[130.268s][info][gc,stats    ]       Phase: Pause Relocate Start                          0.013 / 0.013         0.013 / 0.066         0.013 / 0.066         0.013 / 0.066       ms
[130.268s][info][gc,stats    ]    Subphase: Concurrent Classes Purge                      0.189 / 0.189         1.242 / 4.891         1.242 / 4.891         1.242 / 4.891       ms
[130.268s][info][gc,stats    ]    Subphase: Concurrent Classes Unlink                     5.730 / 5.730        11.339 / 24.764       11.339 / 24.764       11.339 / 24.764      ms
[130.268s][info][gc,stats    ]    Subphase: Concurrent Mark                            1057.120 / 1057.601   1050.120 / 2695.469   1050.120 / 2695.469   1050.120 / 2695.469    ms
[130.268s][info][gc,stats    ]    Subphase: Concurrent Mark Try Flush                     2.224 / 3.898         1.708 / 8.548         1.708 / 8.548         1.708 / 8.548       ms
[130.268s][info][gc,stats    ]    Subphase: Concurrent Mark Try Terminate                 0.903 / 1.535         1.117 / 12.169        1.117 / 12.169        1.117 / 12.169      ms
[130.268s][info][gc,stats    ]    Subphase: Concurrent References Enqueue                 0.002 / 0.002         0.002 / 0.003         0.002 / 0.003         0.002 / 0.003       ms
[130.268s][info][gc,stats    ]    Subphase: Concurrent References Process                 0.494 / 0.494         0.671 / 1.628         0.671 / 1.628         0.671 / 1.628       ms
[130.268s][info][gc,stats    ]    Subphase: Concurrent Roots ClassLoaderDataGraph         0.252 / 0.397         0.262 / 0.882         0.262 / 0.882         0.262 / 0.882       ms
[130.268s][info][gc,stats    ]    Subphase: Concurrent Roots CodeCache                    0.000 / 0.000         0.000 / 0.000         0.000 / 0.000         0.000 / 0.000       ms
[130.268s][info][gc,stats    ]    Subphase: Concurrent Roots JavaThreads                  1.636 / 1.821         1.869 / 9.075         1.869 / 9.075         1.869 / 9.075       ms
[130.268s][info][gc,stats    ]    Subphase: Concurrent Roots OopStorageSet                0.059 / 0.076         0.069 / 0.198         0.069 / 0.198         0.069 / 0.198       ms
[130.268s][info][gc,stats    ]    Subphase: Concurrent Weak Roots OopStorageSet           1.476 / 1.481         1.597 / 3.412         1.597 / 3.412         1.597 / 3.412       ms
[130.268s][info][gc,stats    ]    Subphase: Pause Mark Try Complete                       0.000 / 0.000         0.001 / 0.002         0.001 / 0.002         0.001 / 0.002       ms
[130.268s][info][gc,stats    ]      System: Java Threads                                     76 / 76               66 / 80               66 / 80               66 / 80          threads
[130.268s][info][gc,stats    ] =========================================================================================================================================================
[130.304s][info][gc,phases   ] GC(25) Concurrent Mark 835.619ms
[130.304s][info][gc,phases   ] GC(25) Pause Mark End 0.061ms
[130.304s][info][gc,phases   ] GC(25) Concurrent Mark Free 0.001ms
[130.312s][info][gc,phases   ] GC(25) Concurrent Process Non-Strong References 7.739ms
[130.312s][info][gc,phases   ] GC(25) Concurrent Reset Relocation Set 0.086ms
[130.316s][info][gc,phases   ] GC(25) Concurrent Select Relocation Set 3.922ms
[130.316s][info][gc,phases   ] GC(25) Pause Relocate Start 0.006ms
[130.353s][info][gc,phases   ] GC(25) Concurrent Relocate 37.131ms
[130.353s][info][gc,load     ] GC(25) Load: 0.00/0.00/0.00
[130.353s][info][gc,mmu      ] GC(25) MMU: 2ms/94.9%, 5ms/98.0%, 10ms/99.0%, 20ms/99.5%, 50ms/99.8%, 100ms/99.9%
[130.354s][info][gc,marking  ] GC(25) Mark: 2 stripe(s), 2 proactive flush(es), 1 terminate flush(es), 1 completion(s), 0 continuation(s) 
[130.354s][info][gc,marking  ] GC(25) Mark Stack Usage: 32M
[130.354s][info][gc,nmethod  ] GC(25) NMethods: 7152 registered, 409 unregistered
[130.354s][info][gc,metaspace] GC(25) Metaspace: 128M used, 130M committed, 1152M reserved
[130.354s][info][gc,ref      ] GC(25) Soft: 5979 encountered, 0 discovered, 0 enqueued
[130.354s][info][gc,ref      ] GC(25) Weak: 22603 encountered, 7903 discovered, 0 enqueued
[130.354s][info][gc,ref      ] GC(25) Final: 34 encountered, 0 discovered, 0 enqueued
[130.354s][info][gc,ref      ] GC(25) Phantom: 532 encountered, 454 discovered, 0 enqueued
[130.354s][info][gc,reloc    ] GC(25) Small Pages: 1817 / 3634M, Empty: 1074M, Relocated: 62M, In-Place: 0
[130.354s][info][gc,reloc    ] GC(25) Medium Pages: 2 / 64M, Empty: 0M, Relocated: 0M, In-Place: 0
[130.354s][info][gc,reloc    ] GC(25) Large Pages: 0 / 0M, Empty: 0M, Relocated: 0M, In-Place: 0
[130.354s][info][gc,reloc    ] GC(25) Forwarding Usage: 21M
[130.354s][info][gc,heap     ] GC(25) Min Capacity: 8192M(100%)
[130.354s][info][gc,heap     ] GC(25) Max Capacity: 8192M(100%)
[130.354s][info][gc,heap     ] GC(25) Soft Max Capacity: 8192M(100%)
[130.354s][info][gc,heap     ] GC(25)                Mark Start          Mark End        Relocate Start      Relocate End           High               Low         
[130.354s][info][gc,heap     ] GC(25)  Capacity:     8192M (100%)       8192M (100%)       8192M (100%)       8192M (100%)       8192M (100%)       8192M (100%)   
[130.354s][info][gc,heap     ] GC(25)      Free:     4494M (55%)        4322M (53%)        5390M (66%)        7422M (91%)        7422M (91%)        4318M (53%)    
[130.354s][info][gc,heap     ] GC(25)      Used:     3698M (45%)        3870M (47%)        2802M (34%)         770M (9%)         3874M (47%)         770M (9%)     
[130.354s][info][gc,heap     ] GC(25)      Live:         -               492M (6%)          492M (6%)          492M (6%)             -                  -          
[130.354s][info][gc,heap     ] GC(25) Allocated:         -               172M (2%)          178M (2%)          206M (3%)             -                  -          
[130.354s][info][gc,heap     ] GC(25)   Garbage:         -              3205M (39%)        2131M (26%)          70M (1%)             -                  -          
[130.354s][info][gc,heap     ] GC(25) Reclaimed:         -                  -              1074M (13%)        3134M (38%)            -                  -          
[130.354s][info][gc          ] GC(25) Garbage Collection (Allocation Rate) 3698M(45%)->770M(9%)
[136.768s][info][gc,start    ] GC(26) Garbage Collection (Allocation Rate)
[136.768s][info][gc,task     ] GC(26) Using 2 workers
[136.768s][info][gc,phases   ] GC(26) Pause Mark Start 0.006ms
[139.326s][info][gc,phases   ] GC(26) Concurrent Mark 2557.826ms
[139.327s][info][gc,phases   ] GC(26) Pause Mark End 0.018ms
[139.328s][info][gc,phases   ] GC(26) Concurrent Mark Free 0.000ms
[139.342s][info][gc,phases   ] GC(26) Concurrent Process Non-Strong References 14.280ms
[139.342s][info][gc,phases   ] GC(26) Concurrent Reset Relocation Set 0.085ms
[140.268s][info][gc,stats    ] === Garbage Collection Statistics =======================================================================================================================
[140.268s][info][gc,stats    ]                                                              Last 10s              Last 10m              Last 10h                Total
[140.268s][info][gc,stats    ]                                                              Avg / Max             Avg / Max             Avg / Max             Avg / Max
[140.268s][info][gc,stats    ]   Collector: Garbage Collection Cycle                    885.192 / 885.192    1411.993 / 3118.493   1411.993 / 3118.493   1411.993 / 3118.493    ms
[140.268s][info][gc,stats    ]  Contention: Mark Segment Reset Contention                     0 / 0                 0 / 2                 0 / 2                 0 / 2           ops/s
[140.268s][info][gc,stats    ]  Contention: Mark SeqNum Reset Contention                      0 / 0                 0 / 1                 0 / 1                 0 / 1           ops/s
[140.268s][info][gc,stats    ]    Critical: Allocation Stall                                  0 / 0                 0 / 0                 0 / 0                 0 / 0           ops/s
[140.268s][info][gc,stats    ]    Critical: Allocation Stall                              0.000 / 0.000         0.000 / 0.000         0.000 / 0.000         0.000 / 0.000       ms
[140.268s][info][gc,stats    ]    Critical: GC Locker Stall                                   0 / 1                 0 / 1                 0 / 1                 0 / 1           ops/s
[140.268s][info][gc,stats    ]    Critical: GC Locker Stall                               0.012 / 0.012         0.095 / 0.151         0.095 / 0.151         0.095 / 0.151       ms
[140.268s][info][gc,stats    ]    Critical: Relocation Stall                                  0 / 0                 0 / 0                 0 / 0                 0 / 0           ops/s
[140.268s][info][gc,stats    ]    Critical: Relocation Stall                              0.000 / 0.000         0.000 / 0.000         0.000 / 0.000         0.000 / 0.000       ms
[140.268s][info][gc,stats    ]      Memory: Allocation Rate                                 531 / 830             529 / 1104            529 / 1104            529 / 1104        MB/s
[140.268s][info][gc,stats    ]      Memory: Defragment                                        0 / 0                 0 / 0                 0 / 0                 0 / 0           ops/s
[140.268s][info][gc,stats    ]      Memory: Out Of Memory                                     0 / 0                 0 / 0                 0 / 0                 0 / 0           ops/s
[140.268s][info][gc,stats    ]      Memory: Page Cache Flush                                  0 / 0                 0 / 0                 0 / 0                 0 / 0           MB/s
[140.268s][info][gc,stats    ]      Memory: Page Cache Hit L1                               268 / 415             242 / 552             242 / 552             242 / 552         ops/s
[140.268s][info][gc,stats    ]      Memory: Page Cache Hit L2                                 0 / 0                 0 / 0                 0 / 0                 0 / 0           ops/s
[140.268s][info][gc,stats    ]      Memory: Page Cache Hit L3                                 0 / 0                27 / 397              27 / 397              27 / 397         ops/s
[140.268s][info][gc,stats    ]      Memory: Page Cache Miss                                   0 / 0                 0 / 1                 0 / 1                 0 / 1           ops/s
[140.268s][info][gc,stats    ]      Memory: Uncommit                                          0 / 0                 0 / 0                 0 / 0                 0 / 0           MB/s
[140.268s][info][gc,stats    ]      Memory: Undo Object Allocation Failed                     0 / 0                 0 / 0                 0 / 0                 0 / 0           ops/s
[140.268s][info][gc,stats    ]      Memory: Undo Object Allocation Succeeded                  0 / 0                 2 / 209               2 / 209               2 / 209         ops/s
[140.268s][info][gc,stats    ]      Memory: Undo Page Allocation                              0 / 0                 0 / 0                 0 / 0                 0 / 0           ops/s
[140.268s][info][gc,stats    ]       Phase: Concurrent Mark                            1696.722 / 2557.826   1242.089 / 2698.907   1242.089 / 2698.907   1242.089 / 2698.907    ms
[140.268s][info][gc,stats    ]       Phase: Concurrent Mark Continue                      0.000 / 0.000         0.000 / 0.000         0.000 / 0.000         0.000 / 0.000       ms
[140.268s][info][gc,stats    ]       Phase: Concurrent Mark Free                          0.000 / 0.001         0.001 / 0.001         0.001 / 0.001         0.001 / 0.001       ms
[140.268s][info][gc,stats    ]       Phase: Concurrent Process Non-Strong References     11.010 / 14.280       17.229 / 34.962       17.229 / 34.962       17.229 / 34.962      ms
[140.268s][info][gc,stats    ]       Phase: Concurrent Relocate                          37.131 / 37.131       50.809 / 150.389      50.809 / 150.389      50.809 / 150.389     ms
[140.268s][info][gc,stats    ]       Phase: Concurrent Reset Relocation Set               0.085 / 0.086         0.081 / 0.168         0.081 / 0.168         0.081 / 0.168       ms
[140.268s][info][gc,stats    ]       Phase: Concurrent Select Relocation Set              3.922 / 3.922       148.181 / 503.889     148.181 / 503.889     148.181 / 503.889     ms
[140.268s][info][gc,stats    ]       Phase: Pause Mark End                                0.040 / 0.061         0.029 / 0.102         0.029 / 0.102         0.029 / 0.102       ms
[140.268s][info][gc,stats    ]       Phase: Pause Mark Start                              0.006 / 0.006         0.005 / 0.011         0.005 / 0.011         0.005 / 0.011       ms
[140.268s][info][gc,stats    ]       Phase: Pause Relocate Start                          0.006 / 0.006         0.013 / 0.066         0.013 / 0.066         0.013 / 0.066       ms
[140.268s][info][gc,stats    ]    Subphase: Concurrent Classes Purge                      0.222 / 0.223         1.167 / 4.891         1.167 / 4.891         1.167 / 4.891       ms
[140.268s][info][gc,stats    ]    Subphase: Concurrent Classes Unlink                     6.782 / 8.250        11.002 / 24.764       11.002 / 24.764       11.002 / 24.764      ms
[140.268s][info][gc,stats    ]    Subphase: Concurrent Mark                            1694.442 / 2555.718   1103.814 / 2695.469   1103.814 / 2695.469   1103.814 / 2695.469    ms
[140.268s][info][gc,stats    ]    Subphase: Concurrent Mark Try Flush                     0.724 / 3.114         1.639 / 8.548         1.639 / 8.548         1.639 / 8.548       ms
[140.268s][info][gc,stats    ]    Subphase: Concurrent Mark Try Terminate                 0.760 / 1.540         1.095 / 12.169        1.095 / 12.169        1.095 / 12.169      ms
[140.268s][info][gc,stats    ]    Subphase: Concurrent References Enqueue                 0.001 / 0.002         0.002 / 0.003         0.002 / 0.003         0.002 / 0.003       ms
[140.268s][info][gc,stats    ]    Subphase: Concurrent References Process                 0.372 / 0.632         0.648 / 1.628         0.648 / 1.628         0.648 / 1.628       ms
[140.268s][info][gc,stats    ]    Subphase: Concurrent Roots ClassLoaderDataGraph         0.242 / 0.386         0.261 / 0.882         0.261 / 0.882         0.261 / 0.882       ms
[140.268s][info][gc,stats    ]    Subphase: Concurrent Roots CodeCache                    0.000 / 0.000         0.000 / 0.000         0.000 / 0.000         0.000 / 0.000       ms
[140.268s][info][gc,stats    ]    Subphase: Concurrent Roots JavaThreads                  1.677 / 1.830         1.861 / 9.075         1.861 / 9.075         1.861 / 9.075       ms
[140.268s][info][gc,stats    ]    Subphase: Concurrent Roots OopStorageSet                0.055 / 0.056         0.069 / 0.198         0.069 / 0.198         0.069 / 0.198       ms
[140.268s][info][gc,stats    ]    Subphase: Concurrent Weak Roots OopStorageSet           1.393 / 1.499         1.580 / 3.412         1.580 / 3.412         1.580 / 3.412       ms
[140.268s][info][gc,stats    ]    Subphase: Pause Mark Try Complete                       0.001 / 0.001         0.001 / 0.002         0.001 / 0.002         0.001 / 0.002       ms
[140.268s][info][gc,stats    ]      System: Java Threads                                     76 / 76               66 / 80               66 / 80               66 / 80          threads
[140.268s][info][gc,stats    ] =========================================================================================================================================================
[140.787s][info][gc,phases   ] GC(26) Concurrent Select Relocation Set 1444.809ms
[140.795s][info][gc,phases   ] GC(26) Pause Relocate Start 0.011ms
[140.838s][info][gc,phases   ] GC(26) Concurrent Relocate 42.408ms
[140.838s][info][gc,load     ] GC(26) Load: 0.00/0.00/0.00
[140.838s][info][gc,mmu      ] GC(26) MMU: 2ms/94.9%, 5ms/98.0%, 10ms/99.0%, 20ms/99.5%, 50ms/99.8%, 100ms/99.9%
[140.838s][info][gc,marking  ] GC(26) Mark: 2 stripe(s), 2 proactive flush(es), 1 terminate flush(es), 0 completion(s), 0 continuation(s) 
[140.838s][info][gc,marking  ] GC(26) Mark Stack Usage: 32M
[140.838s][info][gc,nmethod  ] GC(26) NMethods: 7254 registered, 438 unregistered
[140.838s][info][gc,metaspace] GC(26) Metaspace: 129M used, 130M committed, 1152M reserved
[140.838s][info][gc,ref      ] GC(26) Soft: 5979 encountered, 0 discovered, 0 enqueued
[140.838s][info][gc,ref      ] GC(26) Weak: 22608 encountered, 465 discovered, 2 enqueued
[140.838s][info][gc,ref      ] GC(26) Final: 34 encountered, 0 discovered, 0 enqueued
[140.838s][info][gc,ref      ] GC(26) Phantom: 542 encountered, 451 discovered, 0 enqueued
[140.838s][info][gc,reloc    ] GC(26) Small Pages: 2786 / 5572M, Empty: 1600M, Relocated: 82M, In-Place: 0
[140.838s][info][gc,reloc    ] GC(26) Medium Pages: 2 / 64M, Empty: 0M, Relocated: 0M, In-Place: 0
[140.838s][info][gc,reloc    ] GC(26) Large Pages: 0 / 0M, Empty: 0M, Relocated: 0M, In-Place: 0
[140.838s][info][gc,reloc    ] GC(26) Forwarding Usage: 24M
[140.838s][info][gc,heap     ] GC(26) Min Capacity: 8192M(100%)
[140.838s][info][gc,heap     ] GC(26) Max Capacity: 8192M(100%)
[140.838s][info][gc,heap     ] GC(26) Soft Max Capacity: 8192M(100%)
[140.838s][info][gc,heap     ] GC(26)                Mark Start          Mark End        Relocate Start      Relocate End           High               Low         
[140.838s][info][gc,heap     ] GC(26)  Capacity:     8192M (100%)       8192M (100%)       8192M (100%)       8192M (100%)       8192M (100%)       8192M (100%)   
[140.838s][info][gc,heap     ] GC(26)      Free:     2556M (31%)        2362M (29%)        3766M (46%)        7164M (87%)        7166M (87%)        2360M (29%)    
[140.838s][info][gc,heap     ] GC(26)      Used:     5636M (69%)        5830M (71%)        4426M (54%)        1028M (13%)        5832M (71%)        1026M (13%)    
[140.838s][info][gc,heap     ] GC(26)      Live:         -               508M (6%)          508M (6%)          508M (6%)             -                  -          
[140.838s][info][gc,heap     ] GC(26) Allocated:         -               194M (2%)          390M (5%)          446M (5%)             -                  -          
[140.838s][info][gc,heap     ] GC(26)   Garbage:         -              5127M (63%)        3527M (43%)          72M (1%)             -                  -          
[140.838s][info][gc,heap     ] GC(26) Reclaimed:         -                  -              1600M (20%)        5054M (62%)            -                  -          
[140.838s][info][gc          ] GC(26) Garbage Collection (Allocation Rate) 5636M(69%)->1028M(13%)
[141.268s][info][gc,start    ] GC(27) Garbage Collection (Allocation Rate)
[141.268s][info][gc,task     ] GC(27) Using 2 workers
[141.268s][info][gc,phases   ] GC(27) Pause Mark Start 0.005ms
[141.868s][info][gc,phases   ] GC(27) Concurrent Mark 599.346ms
[141.868s][info][gc,phases   ] GC(27) Pause Mark End 0.013ms
[141.868s][info][gc,phases   ] GC(27) Concurrent Mark Free 0.000ms
[141.881s][info][gc,phases   ] GC(27) Concurrent Process Non-Strong References 12.936ms
[141.881s][info][gc,phases   ] GC(27) Concurrent Reset Relocation Set 0.134ms
[141.884s][info][gc,phases   ] GC(27) Concurrent Select Relocation Set 2.551ms
[141.887s][info][gc,phases   ] GC(27) Pause Relocate Start 0.009ms
[141.909s][info][gc,phases   ] GC(27) Concurrent Relocate 21.588ms
[141.909s][info][gc,load     ] GC(27) Load: 0.00/0.00/0.00
[141.909s][info][gc,mmu      ] GC(27) MMU: 2ms/94.9%, 5ms/98.0%, 10ms/99.0%, 20ms/99.5%, 50ms/99.8%, 100ms/99.9%
[141.909s][info][gc,marking  ] GC(27) Mark: 2 stripe(s), 2 proactive flush(es), 1 terminate flush(es), 0 completion(s), 0 continuation(s) 
[141.909s][info][gc,marking  ] GC(27) Mark Stack Usage: 32M
[141.909s][info][gc,nmethod  ] GC(27) NMethods: 7248 registered, 447 unregistered
[141.909s][info][gc,metaspace] GC(27) Metaspace: 129M used, 130M committed, 1152M reserved
[141.909s][info][gc,ref      ] GC(27) Soft: 5979 encountered, 0 discovered, 0 enqueued
[141.909s][info][gc,ref      ] GC(27) Weak: 22607 encountered, 6901 discovered, 2 enqueued
[141.909s][info][gc,ref      ] GC(27) Final: 34 encountered, 0 discovered, 0 enqueued
[141.909s][info][gc,ref      ] GC(27) Phantom: 544 encountered, 493 discovered, 0 enqueued
[141.909s][info][gc,reloc    ] GC(27) Small Pages: 663 / 1326M, Empty: 236M, Relocated: 52M, In-Place: 0
[141.909s][info][gc,reloc    ] GC(27) Medium Pages: 2 / 64M, Empty: 0M, Relocated: 0M, In-Place: 0
[141.909s][info][gc,reloc    ] GC(27) Large Pages: 0 / 0M, Empty: 0M, Relocated: 0M, In-Place: 0
[141.909s][info][gc,reloc    ] GC(27) Forwarding Usage: 16M
[141.909s][info][gc,heap     ] GC(27) Min Capacity: 8192M(100%)
[141.909s][info][gc,heap     ] GC(27) Max Capacity: 8192M(100%)
[141.909s][info][gc,heap     ] GC(27) Soft Max Capacity: 8192M(100%)
[141.909s][info][gc,heap     ] GC(27)                Mark Start          Mark End        Relocate Start      Relocate End           High               Low         
[141.909s][info][gc,heap     ] GC(27)  Capacity:     8192M (100%)       8192M (100%)       8192M (100%)       8192M (100%)       8192M (100%)       8192M (100%)   
[141.909s][info][gc,heap     ] GC(27)      Free:     6802M (83%)        6676M (81%)        6910M (84%)        7482M (91%)        7482M (91%)        6674M (81%)    
[141.909s][info][gc,heap     ] GC(27)      Used:     1390M (17%)        1516M (19%)        1282M (16%)         710M (9%)         1518M (19%)         710M (9%)     
[141.909s][info][gc,heap     ] GC(27)      Live:         -               494M (6%)          494M (6%)          494M (6%)             -                  -          
[141.909s][info][gc,heap     ] GC(27) Allocated:         -               126M (2%)          128M (2%)          137M (2%)             -                  -          
[141.909s][info][gc,heap     ] GC(27)   Garbage:         -               895M (11%)         659M (8%)           78M (1%)             -                  -          
[141.909s][info][gc,heap     ] GC(27) Reclaimed:         -                  -               236M (3%)          817M (10%)            -                  -          
[141.909s][info][gc          ] GC(27) Garbage Collection (Allocation Rate) 1390M(17%)->710M(9%)
[142.667s][info][gc,start    ] GC(28) Garbage Collection (Allocation Rate)
[142.667s][info][gc,task     ] GC(28) Using 2 workers
[142.667s][info][gc,phases   ] GC(28) Pause Mark Start 0.005ms
[143.257s][info][gc,phases   ] GC(28) Concurrent Mark 589.559ms
[143.257s][info][gc,phases   ] GC(28) Pause Mark End 0.014ms
[143.257s][info][gc,phases   ] GC(28) Concurrent Mark Free 0.000ms
[143.271s][info][gc,phases   ] GC(28) Concurrent Process Non-Strong References 13.961ms
[143.271s][info][gc,phases   ] GC(28) Concurrent Reset Relocation Set 0.034ms
[143.273s][info][gc,phases   ] GC(28) Concurrent Select Relocation Set 2.250ms
[143.283s][info][gc,phases   ] GC(28) Pause Relocate Start 0.013ms
[143.299s][info][gc,phases   ] GC(28) Concurrent Relocate 16.218ms
[143.300s][info][gc,load     ] GC(28) Load: 0.00/0.00/0.00
[143.300s][info][gc,mmu      ] GC(28) MMU: 2ms/94.9%, 5ms/98.0%, 10ms/99.0%, 20ms/99.5%, 50ms/99.8%, 100ms/99.9%
[143.300s][info][gc,marking  ] GC(28) Mark: 2 stripe(s), 2 proactive flush(es), 1 terminate flush(es), 0 completion(s), 0 continuation(s) 
[143.300s][info][gc,marking  ] GC(28) Mark Stack Usage: 32M
[143.300s][info][gc,nmethod  ] GC(28) NMethods: 7258 registered, 453 unregistered
[143.300s][info][gc,metaspace] GC(28) Metaspace: 129M used, 130M committed, 1152M reserved
[143.300s][info][gc,ref      ] GC(28) Soft: 5979 encountered, 0 discovered, 0 enqueued
[143.300s][info][gc,ref      ] GC(28) Weak: 22606 encountered, 445 discovered, 0 enqueued
[143.300s][info][gc,ref      ] GC(28) Final: 34 encountered, 0 discovered, 0 enqueued
[143.300s][info][gc,ref      ] GC(28) Phantom: 544 encountered, 377 discovered, 0 enqueued
[143.300s][info][gc,reloc    ] GC(28) Small Pages: 674 / 1348M, Empty: 108M, Relocated: 36M, In-Place: 0
[143.300s][info][gc,reloc    ] GC(28) Medium Pages: 2 / 64M, Empty: 0M, Relocated: 0M, In-Place: 0
[143.300s][info][gc,reloc    ] GC(28) Large Pages: 0 / 0M, Empty: 0M, Relocated: 0M, In-Place: 0
[143.300s][info][gc,reloc    ] GC(28) Forwarding Usage: 11M
[143.300s][info][gc,heap     ] GC(28) Min Capacity: 8192M(100%)
[143.300s][info][gc,heap     ] GC(28) Max Capacity: 8192M(100%)
[143.300s][info][gc,heap     ] GC(28) Soft Max Capacity: 8192M(100%)
[143.300s][info][gc,heap     ] GC(28)                Mark Start          Mark End        Relocate Start      Relocate End           High               Low         
[143.300s][info][gc,heap     ] GC(28)  Capacity:     8192M (100%)       8192M (100%)       8192M (100%)       8192M (100%)       8192M (100%)       8192M (100%)   
[143.300s][info][gc,heap     ] GC(28)      Free:     6780M (83%)        6626M (81%)        6734M (82%)        7424M (91%)        7424M (91%)        6626M (81%)    
[143.300s][info][gc,heap     ] GC(28)      Used:     1412M (17%)        1566M (19%)        1458M (18%)         768M (9%)         1566M (19%)         768M (9%)     
[143.300s][info][gc,heap     ] GC(28)      Live:         -               522M (6%)          522M (6%)          522M (6%)             -                  -          
[143.300s][info][gc,heap     ] GC(28) Allocated:         -               154M (2%)          154M (2%)          163M (2%)             -                  -          
[143.300s][info][gc,heap     ] GC(28)   Garbage:         -               889M (11%)         781M (10%)          81M (1%)             -                  -          
[143.300s][info][gc,heap     ] GC(28) Reclaimed:         -                  -               108M (1%)          807M (10%)            -                  -          
[143.300s][info][gc          ] GC(28) Garbage Collection (Allocation Rate) 1412M(17%)->768M(9%)
[146.368s][info][gc,start    ] GC(29) Garbage Collection (Allocation Rate)
[146.368s][info][gc,task     ] GC(29) Using 2 workers
[146.368s][info][gc,phases   ] GC(29) Pause Mark Start 0.005ms
[147.320s][info][gc,phases   ] GC(29) Concurrent Mark 951.452ms
[147.321s][info][gc,phases   ] GC(29) Pause Mark End 0.065ms
[147.321s][info][gc,phases   ] GC(29) Concurrent Mark Free 0.001ms
[147.330s][info][gc,phases   ] GC(29) Concurrent Process Non-Strong References 8.705ms
[147.330s][info][gc,phases   ] GC(29) Concurrent Reset Relocation Set 0.038ms
[147.452s][info][gc,phases   ] GC(29) Concurrent Select Relocation Set 122.674ms
[147.453s][info][gc,phases   ] GC(29) Pause Relocate Start 0.008ms
[147.515s][info][gc,phases   ] GC(29) Concurrent Relocate 62.703ms
[147.515s][info][gc,load     ] GC(29) Load: 0.00/0.00/0.00
[147.515s][info][gc,mmu      ] GC(29) MMU: 2ms/94.9%, 5ms/98.0%, 10ms/99.0%, 20ms/99.5%, 50ms/99.8%, 100ms/99.9%
[147.515s][info][gc,marking  ] GC(29) Mark: 2 stripe(s), 2 proactive flush(es), 1 terminate flush(es), 1 completion(s), 0 continuation(s) 
[147.515s][info][gc,marking  ] GC(29) Mark Stack Usage: 32M
[147.515s][info][gc,nmethod  ] GC(29) NMethods: 7286 registered, 474 unregistered
[147.515s][info][gc,metaspace] GC(29) Metaspace: 129M used, 130M committed, 1152M reserved
[147.515s][info][gc,ref      ] GC(29) Soft: 5979 encountered, 0 discovered, 0 enqueued
[147.515s][info][gc,ref      ] GC(29) Weak: 22606 encountered, 7979 discovered, 0 enqueued
[147.515s][info][gc,ref      ] GC(29) Final: 34 encountered, 0 discovered, 0 enqueued
[147.516s][info][gc,ref      ] GC(29) Phantom: 544 encountered, 382 discovered, 0 enqueued
[147.516s][info][gc,reloc    ] GC(29) Small Pages: 1826 / 3652M, Empty: 648M, Relocated: 130M, In-Place: 0
[147.516s][info][gc,reloc    ] GC(29) Medium Pages: 2 / 64M, Empty: 0M, Relocated: 0M, In-Place: 0
[147.516s][info][gc,reloc    ] GC(29) Large Pages: 0 / 0M, Empty: 0M, Relocated: 0M, In-Place: 0
[147.516s][info][gc,reloc    ] GC(29) Forwarding Usage: 37M
[147.516s][info][gc,heap     ] GC(29) Min Capacity: 8192M(100%)
[147.516s][info][gc,heap     ] GC(29) Max Capacity: 8192M(100%)
[147.516s][info][gc,heap     ] GC(29) Soft Max Capacity: 8192M(100%)
[147.516s][info][gc,heap     ] GC(29)                Mark Start          Mark End        Relocate Start      Relocate End           High               Low         
[147.516s][info][gc,heap     ] GC(29)  Capacity:     8192M (100%)       8192M (100%)       8192M (100%)       8192M (100%)       8192M (100%)       8192M (100%)   
[147.516s][info][gc,heap     ] GC(29)      Free:     4476M (55%)        4194M (51%)        4712M (58%)        7050M (86%)        7050M (86%)        4190M (51%)    
[147.516s][info][gc,heap     ] GC(29)      Used:     3716M (45%)        3998M (49%)        3480M (42%)        1142M (14%)        4002M (49%)        1142M (14%)    
[147.516s][info][gc,heap     ] GC(29)      Live:         -               575M (7%)          575M (7%)          575M (7%)             -                  -          
[147.516s][info][gc,heap     ] GC(29) Allocated:         -               282M (3%)          412M (5%)          489M (6%)             -                  -          
[147.516s][info][gc,heap     ] GC(29)   Garbage:         -              3140M (38%)        2492M (30%)          76M (1%)             -                  -          
[147.516s][info][gc,heap     ] GC(29) Reclaimed:         -                  -               648M (8%)         3063M (37%)            -                  -          
[147.516s][info][gc          ] GC(29) Garbage Collection (Allocation Rate) 3716M(45%)->1142M(14%)
[148.168s][info][gc,start    ] GC(30) Garbage Collection (Allocation Rate)
[148.168s][info][gc,task     ] GC(30) Using 2 workers
[148.168s][info][gc,phases   ] GC(30) Pause Mark Start 0.004ms
[148.655s][info][gc,phases   ] GC(30) Concurrent Mark 486.703ms
[148.655s][info][gc,phases   ] GC(30) Pause Mark End 0.013ms
[148.655s][info][gc,phases   ] GC(30) Concurrent Mark Free 0.001ms
[148.662s][info][gc,phases   ] GC(30) Concurrent Process Non-Strong References 6.913ms
[148.662s][info][gc,phases   ] GC(30) Concurrent Reset Relocation Set 0.095ms
[148.665s][info][gc,phases   ] GC(30) Concurrent Select Relocation Set 3.170ms
[148.665s][info][gc,phases   ] GC(30) Pause Relocate Start 0.009ms
[148.692s][info][gc,phases   ] GC(30) Concurrent Relocate 26.628ms
[148.692s][info][gc,load     ] GC(30) Load: 0.00/0.00/0.00
[148.692s][info][gc,mmu      ] GC(30) MMU: 2ms/94.9%, 5ms/98.0%, 10ms/99.0%, 20ms/99.5%, 50ms/99.8%, 100ms/99.9%
[148.692s][info][gc,marking  ] GC(30) Mark: 2 stripe(s), 2 proactive flush(es), 1 terminate flush(es), 0 completion(s), 0 continuation(s) 
[148.692s][info][gc,marking  ] GC(30) Mark Stack Usage: 32M
[148.692s][info][gc,nmethod  ] GC(30) NMethods: 7300 registered, 483 unregistered
[148.692s][info][gc,metaspace] GC(30) Metaspace: 129M used, 130M committed, 1152M reserved
[148.692s][info][gc,ref      ] GC(30) Soft: 5979 encountered, 0 discovered, 0 enqueued
[148.692s][info][gc,ref      ] GC(30) Weak: 22606 encountered, 12519 discovered, 1 enqueued
[148.692s][info][gc,ref      ] GC(30) Final: 34 encountered, 0 discovered, 0 enqueued
[148.692s][info][gc,ref      ] GC(30) Phantom: 544 encountered, 389 discovered, 0 enqueued
[148.692s][info][gc,reloc    ] GC(30) Small Pages: 921 / 1842M, Empty: 306M, Relocated: 61M, In-Place: 0
[148.692s][info][gc,reloc    ] GC(30) Medium Pages: 2 / 64M, Empty: 0M, Relocated: 0M, In-Place: 0
[148.692s][info][gc,reloc    ] GC(30) Large Pages: 0 / 0M, Empty: 0M, Relocated: 0M, In-Place: 0
[148.692s][info][gc,reloc    ] GC(30) Forwarding Usage: 19M
[148.692s][info][gc,heap     ] GC(30) Min Capacity: 8192M(100%)
[148.692s][info][gc,heap     ] GC(30) Max Capacity: 8192M(100%)
[148.692s][info][gc,heap     ] GC(30) Soft Max Capacity: 8192M(100%)
[148.692s][info][gc,heap     ] GC(30)                Mark Start          Mark End        Relocate Start      Relocate End           High               Low         
[148.692s][info][gc,heap     ] GC(30)  Capacity:     8192M (100%)       8192M (100%)       8192M (100%)       8192M (100%)       8192M (100%)       8192M (100%)   
[148.692s][info][gc,heap     ] GC(30)      Free:     6286M (77%)        5946M (73%)        6246M (76%)        7154M (87%)        7154M (87%)        5944M (73%)    
[148.692s][info][gc,heap     ] GC(30)      Used:     1906M (23%)        2246M (27%)        1946M (24%)        1038M (13%)        2248M (27%)        1038M (13%)    
[148.692s][info][gc,heap     ] GC(30)      Live:         -               582M (7%)          582M (7%)          582M (7%)             -                  -          
[148.692s][info][gc,heap     ] GC(30) Allocated:         -               340M (4%)          346M (4%)          355M (4%)             -                  -          
[148.692s][info][gc,heap     ] GC(30)   Garbage:         -              1323M (16%)        1017M (12%)         100M (1%)             -                  -          
[148.692s][info][gc,heap     ] GC(30) Reclaimed:         -                  -               306M (4%)         1223M (15%)            -                  -          
[148.692s][info][gc          ] GC(30) Garbage Collection (Allocation Rate) 1906M(23%)->1038M(13%)
[150.268s][info][gc,stats    ] === Garbage Collection Statistics =======================================================================================================================
[150.268s][info][gc,stats    ]                                                              Last 10s              Last 10m              Last 10h                Total
[150.268s][info][gc,stats    ]                                                              Avg / Max             Avg / Max             Avg / Max             Avg / Max
[150.268s][info][gc,stats    ]   Collector: Garbage Collection Cycle                   1402.762 / 4070.124   1410.504 / 4070.124   1410.504 / 4070.124   1410.504 / 4070.124    ms
[150.268s][info][gc,stats    ]  Contention: Mark Segment Reset Contention                     0 / 1                 0 / 2                 0 / 2                 0 / 2           ops/s
[150.268s][info][gc,stats    ]  Contention: Mark SeqNum Reset Contention                      0 / 0                 0 / 1                 0 / 1                 0 / 1           ops/s
[150.268s][info][gc,stats    ]    Critical: Allocation Stall                                  0 / 0                 0 / 0                 0 / 0                 0 / 0           ops/s
[150.268s][info][gc,stats    ]    Critical: Allocation Stall                              0.000 / 0.000         0.000 / 0.000         0.000 / 0.000         0.000 / 0.000       ms
[150.268s][info][gc,stats    ]    Critical: GC Locker Stall                                   0 / 1                 0 / 1                 0 / 1                 0 / 1           ops/s
[150.268s][info][gc,stats    ]    Critical: GC Locker Stall                               0.058 / 0.058         0.086 / 0.151         0.086 / 0.151         0.086 / 0.151       ms
[150.268s][info][gc,stats    ]    Critical: Relocation Stall                                  0 / 0                 0 / 0                 0 / 0                 0 / 0           ops/s
[150.268s][info][gc,stats    ]    Critical: Relocation Stall                              0.000 / 0.000         0.000 / 0.000         0.000 / 0.000         0.000 / 0.000       ms
[150.268s][info][gc,stats    ]      Memory: Allocation Rate                                 746 / 1112            543 / 1112            543 / 1112            543 / 1112        MB/s
[150.268s][info][gc,stats    ]      Memory: Defragment                                        0 / 0                 0 / 0                 0 / 0                 0 / 0           ops/s
[150.268s][info][gc,stats    ]      Memory: Out Of Memory                                     0 / 0                 0 / 0                 0 / 0                 0 / 0           ops/s
[150.268s][info][gc,stats    ]      Memory: Page Cache Flush                                  0 / 0                 0 / 0                 0 / 0                 0 / 0           MB/s
[150.268s][info][gc,stats    ]      Memory: Page Cache Hit L1                               391 / 621             252 / 621             252 / 621             252 / 621         ops/s
[150.268s][info][gc,stats    ]      Memory: Page Cache Hit L2                                 0 / 0                 0 / 0                 0 / 0                 0 / 0           ops/s
[150.268s][info][gc,stats    ]      Memory: Page Cache Hit L3                                 0 / 0                25 / 397              25 / 397              25 / 397         ops/s
[150.268s][info][gc,stats    ]      Memory: Page Cache Miss                                   0 / 0                 0 / 1                 0 / 1                 0 / 1           ops/s
[150.268s][info][gc,stats    ]      Memory: Uncommit                                          0 / 0                 0 / 0                 0 / 0                 0 / 0           MB/s
[150.268s][info][gc,stats    ]      Memory: Undo Object Allocation Failed                     0 / 0                 0 / 0                 0 / 0                 0 / 0           ops/s
[150.268s][info][gc,stats    ]      Memory: Undo Object Allocation Succeeded                  7 / 50                3 / 209               3 / 209               3 / 209         ops/s
[150.268s][info][gc,stats    ]      Memory: Undo Page Allocation                              0 / 0                 0 / 0                 0 / 0                 0 / 0           ops/s
[150.268s][info][gc,stats    ]       Phase: Concurrent Mark                             656.765 / 951.452    1166.563 / 2698.907   1166.563 / 2698.907   1166.563 / 2698.907    ms
[150.268s][info][gc,stats    ]       Phase: Concurrent Mark Continue                      0.000 / 0.000         0.000 / 0.000         0.000 / 0.000         0.000 / 0.000       ms
[150.268s][info][gc,stats    ]       Phase: Concurrent Mark Free                          0.000 / 0.001         0.001 / 0.001         0.001 / 0.001         0.001 / 0.001       ms
[150.268s][info][gc,stats    ]       Phase: Concurrent Process Non-Strong References     10.629 / 13.961       16.377 / 34.962       16.377 / 34.962       16.377 / 34.962      ms
[150.268s][info][gc,stats    ]       Phase: Concurrent Relocate                          33.909 / 62.703       48.083 / 150.389      48.083 / 150.389      48.083 / 150.389     ms
[150.268s][info][gc,stats    ]       Phase: Concurrent Reset Relocation Set               0.075 / 0.134         0.080 / 0.168         0.080 / 0.168         0.080 / 0.168       ms
[150.268s][info][gc,stats    ]       Phase: Concurrent Select Relocation Set            315.091 / 1444.809    175.102 / 1444.809    175.102 / 1444.809    175.102 / 1444.809    ms
[150.268s][info][gc,stats    ]       Phase: Pause Mark End                                0.026 / 0.065         0.029 / 0.102         0.029 / 0.102         0.029 / 0.102       ms
[150.268s][info][gc,stats    ]       Phase: Pause Mark Start                              0.005 / 0.005         0.005 / 0.011         0.005 / 0.011         0.005 / 0.011       ms
[150.268s][info][gc,stats    ]       Phase: Pause Relocate Start                          0.010 / 0.013         0.013 / 0.066         0.013 / 0.066         0.013 / 0.066       ms
[150.268s][info][gc,stats    ]    Subphase: Concurrent Classes Purge                      0.101 / 0.165         1.029 / 4.891         1.029 / 4.891         1.029 / 4.891       ms
[150.268s][info][gc,stats    ]    Subphase: Concurrent Classes Unlink                     7.407 / 10.492       10.538 / 24.764       10.538 / 24.764       10.538 / 24.764      ms
[150.268s][info][gc,stats    ]    Subphase: Concurrent Mark                             654.682 / 949.513    1039.652 / 2695.469   1039.652 / 2695.469   1039.652 / 2695.469    ms
[150.268s][info][gc,stats    ]    Subphase: Concurrent Mark Try Flush                     1.406 / 4.483         1.611 / 8.548         1.611 / 8.548         1.611 / 8.548       ms
[150.268s][info][gc,stats    ]    Subphase: Concurrent Mark Try Terminate                 1.032 / 4.484         1.088 / 12.169        1.088 / 12.169        1.088 / 12.169      ms
[150.268s][info][gc,stats    ]    Subphase: Concurrent References Enqueue                 0.001 / 0.002         0.002 / 0.003         0.002 / 0.003         0.002 / 0.003       ms
[150.268s][info][gc,stats    ]    Subphase: Concurrent References Process                 0.461 / 0.728         0.624 / 1.628         0.624 / 1.628         0.624 / 1.628       ms
[150.269s][info][gc,stats    ]    Subphase: Concurrent Roots ClassLoaderDataGraph         0.239 / 0.399         0.258 / 0.882         0.258 / 0.882         0.258 / 0.882       ms
[150.269s][info][gc,stats    ]    Subphase: Concurrent Roots CodeCache                    0.000 / 0.000         0.000 / 0.000         0.000 / 0.000         0.000 / 0.000       ms
[150.269s][info][gc,stats    ]    Subphase: Concurrent Roots JavaThreads                  1.441 / 1.632         1.801 / 9.075         1.801 / 9.075         1.801 / 9.075       ms
[150.269s][info][gc,stats    ]    Subphase: Concurrent Roots OopStorageSet                0.058 / 0.071         0.067 / 0.198         0.067 / 0.198         0.067 / 0.198       ms
[150.269s][info][gc,stats    ]    Subphase: Concurrent Weak Roots OopStorageSet           1.298 / 1.386         1.539 / 3.412         1.539 / 3.412         1.539 / 3.412       ms
[150.269s][info][gc,stats    ]    Subphase: Pause Mark Try Complete                       0.001 / 0.001         0.001 / 0.002         0.001 / 0.002         0.001 / 0.002       ms
[150.269s][info][gc,stats    ]      System: Java Threads                                     76 / 76               67 / 80               67 / 80               67 / 80          threads
[150.269s][info][gc,stats    ] =========================================================================================================================================================
[153.868s][info][gc,start    ] GC(31) Garbage Collection (Allocation Rate)
[153.868s][info][gc,task     ] GC(31) Using 2 workers
[153.868s][info][gc,phases   ] GC(31) Pause Mark Start 0.005ms
[154.771s][info][gc,phases   ] GC(31) Concurrent Mark 902.635ms
[154.775s][info][gc,phases   ] GC(31) Pause Mark End 0.021ms
[154.775s][info][gc,phases   ] GC(31) Concurrent Mark Free 0.000ms
[154.788s][info][gc,phases   ] GC(31) Concurrent Process Non-Strong References 12.860ms
[154.788s][info][gc,phases   ] GC(31) Concurrent Reset Relocation Set 0.039ms
[157.230s][info][gc,phases   ] GC(31) Concurrent Select Relocation Set 2442.561ms
[157.231s][info][gc,phases   ] GC(31) Pause Relocate Start 0.011ms
[157.296s][info][gc,phases   ] GC(31) Concurrent Relocate 64.441ms
[157.296s][info][gc,load     ] GC(31) Load: 0.00/0.00/0.00
[157.296s][info][gc,mmu      ] GC(31) MMU: 2ms/94.9%, 5ms/98.0%, 10ms/99.0%, 20ms/99.5%, 50ms/99.8%, 100ms/99.9%
[157.296s][info][gc,marking  ] GC(31) Mark: 2 stripe(s), 2 proactive flush(es), 1 terminate flush(es), 0 completion(s), 0 continuation(s) 
[157.296s][info][gc,marking  ] GC(31) Mark Stack Usage: 32M
[157.296s][info][gc,nmethod  ] GC(31) NMethods: 7351 registered, 529 unregistered
[157.296s][info][gc,metaspace] GC(31) Metaspace: 129M used, 130M committed, 1152M reserved
[157.296s][info][gc,ref      ] GC(31) Soft: 5979 encountered, 0 discovered, 0 enqueued
[157.296s][info][gc,ref      ] GC(31) Weak: 22612 encountered, 2854 discovered, 6 enqueued
[157.296s][info][gc,ref      ] GC(31) Final: 34 encountered, 0 discovered, 0 enqueued
[157.296s][info][gc,ref      ] GC(31) Phantom: 548 encountered, 378 discovered, 4 enqueued
[157.296s][info][gc,reloc    ] GC(31) Small Pages: 2912 / 5824M, Empty: 2466M, Relocated: 89M, In-Place: 0
[157.296s][info][gc,reloc    ] GC(31) Medium Pages: 2 / 64M, Empty: 0M, Relocated: 0M, In-Place: 0
[157.296s][info][gc,reloc    ] GC(31) Large Pages: 0 / 0M, Empty: 0M, Relocated: 0M, In-Place: 0
[157.296s][info][gc,reloc    ] GC(31) Forwarding Usage: 28M
[157.296s][info][gc,heap     ] GC(31) Min Capacity: 8192M(100%)
[157.296s][info][gc,heap     ] GC(31) Max Capacity: 8192M(100%)
[157.296s][info][gc,heap     ] GC(31) Soft Max Capacity: 8192M(100%)
[157.296s][info][gc,heap     ] GC(31)                Mark Start          Mark End        Relocate Start      Relocate End           High               Low         
[157.296s][info][gc,heap     ] GC(31)  Capacity:     8192M (100%)       8192M (100%)       8192M (100%)       8192M (100%)       8192M (100%)       8192M (100%)   
[157.296s][info][gc,heap     ] GC(31)      Free:     2304M (28%)        2138M (26%)        4442M (54%)        7182M (88%)        7182M (88%)        2138M (26%)    
[157.296s][info][gc,heap     ] GC(31)      Used:     5888M (72%)        6054M (74%)        3750M (46%)        1010M (12%)        6054M (74%)        1010M (12%)    
[157.296s][info][gc,heap     ] GC(31)      Live:         -               526M (6%)          526M (6%)          526M (6%)             -                  -          
[157.296s][info][gc,heap     ] GC(31) Allocated:         -               166M (2%)          328M (4%)          406M (5%)             -                  -          
[157.296s][info][gc,heap     ] GC(31)   Garbage:         -              5361M (65%)        2895M (35%)          76M (1%)             -                  -          
[157.296s][info][gc,heap     ] GC(31) Reclaimed:         -                  -              2466M (30%)        5284M (65%)            -                  -          
[157.296s][info][gc          ] GC(31) Garbage Collection (Allocation Rate) 5888M(72%)->1010M(12%)
[157.568s][info][gc,start    ] GC(32) Garbage Collection (Allocation Rate)
[157.568s][info][gc,task     ] GC(32) Using 2 workers
[157.568s][info][gc,phases   ] GC(32) Pause Mark Start 0.005ms
[158.148s][info][gc,phases   ] GC(32) Concurrent Mark 580.042ms
[158.155s][info][gc,phases   ] GC(32) Pause Mark End 0.021ms
[158.155s][info][gc,phases   ] GC(32) Concurrent Mark Free 0.001ms
[158.180s][info][gc,phases   ] GC(32) Concurrent Process Non-Strong References 24.560ms
[158.180s][info][gc,phases   ] GC(32) Concurrent Reset Relocation Set 0.173ms
[158.185s][info][gc,phases   ] GC(32) Concurrent Select Relocation Set 4.500ms
[158.187s][info][gc,phases   ] GC(32) Pause Relocate Start 0.011ms
[158.207s][info][gc,phases   ] GC(32) Concurrent Relocate 19.334ms
[158.207s][info][gc,load     ] GC(32) Load: 0.00/0.00/0.00
[158.207s][info][gc,mmu      ] GC(32) MMU: 2ms/94.9%, 5ms/98.0%, 10ms/99.0%, 20ms/99.5%, 50ms/99.8%, 100ms/99.9%
[158.207s][info][gc,marking  ] GC(32) Mark: 2 stripe(s), 3 proactive flush(es), 1 terminate flush(es), 0 completion(s), 0 continuation(s) 
[158.207s][info][gc,marking  ] GC(32) Mark Stack Usage: 32M
[158.207s][info][gc,nmethod  ] GC(32) NMethods: 7348 registered, 535 unregistered
[158.207s][info][gc,metaspace] GC(32) Metaspace: 129M used, 130M committed, 1152M reserved
[158.207s][info][gc,ref      ] GC(32) Soft: 5979 encountered, 0 discovered, 0 enqueued
[158.207s][info][gc,ref      ] GC(32) Weak: 22613 encountered, 379 discovered, 3 enqueued
[158.207s][info][gc,ref      ] GC(32) Final: 34 encountered, 0 discovered, 0 enqueued
[158.207s][info][gc,ref      ] GC(32) Phantom: 547 encountered, 425 discovered, 3 enqueued
[158.207s][info][gc,reloc    ] GC(32) Small Pages: 564 / 1128M, Empty: 214M, Relocated: 31M, In-Place: 0
[158.207s][info][gc,reloc    ] GC(32) Medium Pages: 2 / 64M, Empty: 0M, Relocated: 0M, In-Place: 0
[158.207s][info][gc,reloc    ] GC(32) Large Pages: 0 / 0M, Empty: 0M, Relocated: 0M, In-Place: 0
[158.207s][info][gc,reloc    ] GC(32) Forwarding Usage: 10M
[158.207s][info][gc,heap     ] GC(32) Min Capacity: 8192M(100%)
[158.207s][info][gc,heap     ] GC(32) Max Capacity: 8192M(100%)
[158.207s][info][gc,heap     ] GC(32) Soft Max Capacity: 8192M(100%)
[158.207s][info][gc,heap     ] GC(32)                Mark Start          Mark End        Relocate Start      Relocate End           High               Low         
[158.207s][info][gc,heap     ] GC(32)  Capacity:     8192M (100%)       8192M (100%)       8192M (100%)       8192M (100%)       8192M (100%)       8192M (100%)   
[158.207s][info][gc,heap     ] GC(32)      Free:     7000M (85%)        6938M (85%)        7152M (87%)        7540M (92%)        7544M (92%)        6938M (85%)    
[158.207s][info][gc,heap     ] GC(32)      Used:     1192M (15%)        1254M (15%)        1040M (13%)         652M (8%)         1254M (15%)         648M (8%)     
[158.207s][info][gc,heap     ] GC(32)      Live:         -               489M (6%)          489M (6%)          489M (6%)             -                  -          
[158.207s][info][gc,heap     ] GC(32) Allocated:         -                62M (1%)           62M (1%)           79M (1%)             -                  -          
[158.207s][info][gc,heap     ] GC(32)   Garbage:         -               702M (9%)          488M (6%)           82M (1%)             -                  -          
[158.207s][info][gc,heap     ] GC(32) Reclaimed:         -                  -               214M (3%)          619M (8%)             -                  -          
[158.207s][info][gc          ] GC(32) Garbage Collection (Allocation Rate) 1192M(15%)->652M(8%)
[159.267s][info][gc,start    ] GC(33) Garbage Collection (Allocation Rate)
[159.267s][info][gc,task     ] GC(33) Using 2 workers
[159.267s][info][gc,phases   ] GC(33) Pause Mark Start 0.005ms
[159.712s][info][gc,phases   ] GC(33) Concurrent Mark 444.009ms
[159.715s][info][gc,phases   ] GC(33) Pause Mark End 0.062ms
[159.715s][info][gc,phases   ] GC(33) Concurrent Mark Free 0.001ms
[159.735s][info][gc,phases   ] GC(33) Concurrent Process Non-Strong References 19.681ms
[159.735s][info][gc,phases   ] GC(33) Concurrent Reset Relocation Set 0.023ms
[159.739s][info][gc,phases   ] GC(33) Concurrent Select Relocation Set 3.651ms
[159.744s][info][gc,phases   ] GC(33) Pause Relocate Start 0.008ms
[159.761s][info][gc,phases   ] GC(33) Concurrent Relocate 16.401ms
[159.761s][info][gc,load     ] GC(33) Load: 0.00/0.00/0.00
[159.761s][info][gc,mmu      ] GC(33) MMU: 2ms/94.9%, 5ms/98.0%, 10ms/99.0%, 20ms/99.5%, 50ms/99.8%, 100ms/99.9%
[159.761s][info][gc,marking  ] GC(33) Mark: 2 stripe(s), 2 proactive flush(es), 1 terminate flush(es), 1 completion(s), 0 continuation(s) 
[159.761s][info][gc,marking  ] GC(33) Mark Stack Usage: 32M
[159.761s][info][gc,nmethod  ] GC(33) NMethods: 7351 registered, 541 unregistered
[159.761s][info][gc,metaspace] GC(33) Metaspace: 129M used, 130M committed, 1152M reserved
[159.761s][info][gc,ref      ] GC(33) Soft: 5979 encountered, 0 discovered, 0 enqueued
[159.761s][info][gc,ref      ] GC(33) Weak: 22613 encountered, 5201 discovered, 2 enqueued
[159.761s][info][gc,ref      ] GC(33) Final: 34 encountered, 0 discovered, 0 enqueued
[159.761s][info][gc,ref      ] GC(33) Phantom: 548 encountered, 358 discovered, 1 enqueued
[159.761s][info][gc,reloc    ] GC(33) Small Pages: 635 / 1270M, Empty: 34M, Relocated: 20M, In-Place: 0
[159.761s][info][gc,reloc    ] GC(33) Medium Pages: 2 / 64M, Empty: 0M, Relocated: 0M, In-Place: 0
[159.761s][info][gc,reloc    ] GC(33) Large Pages: 0 / 0M, Empty: 0M, Relocated: 0M, In-Place: 0
[159.761s][info][gc,reloc    ] GC(33) Forwarding Usage: 7M
[159.761s][info][gc,heap     ] GC(33) Min Capacity: 8192M(100%)
[159.761s][info][gc,heap     ] GC(33) Max Capacity: 8192M(100%)
[159.761s][info][gc,heap     ] GC(33) Soft Max Capacity: 8192M(100%)
[159.761s][info][gc,heap     ] GC(33)                Mark Start          Mark End        Relocate Start      Relocate End           High               Low         
[159.761s][info][gc,heap     ] GC(33)  Capacity:     8192M (100%)       8192M (100%)       8192M (100%)       8192M (100%)       8192M (100%)       8192M (100%)   
[159.761s][info][gc,heap     ] GC(33)      Free:     6858M (84%)        6792M (83%)        6814M (83%)        7482M (91%)        7492M (91%)        6780M (83%)    
[159.761s][info][gc,heap     ] GC(33)      Used:     1334M (16%)        1400M (17%)        1378M (17%)         710M (9%)         1412M (17%)         700M (9%)     
[159.761s][info][gc,heap     ] GC(33)      Live:         -               498M (6%)          498M (6%)          498M (6%)             -                  -          
[159.761s][info][gc,heap     ] GC(33) Allocated:         -                66M (1%)           78M (1%)          121M (1%)             -                  -          
[159.761s][info][gc,heap     ] GC(33)   Garbage:         -               835M (10%)         801M (10%)          89M (1%)             -                  -          
[159.761s][info][gc,heap     ] GC(33) Reclaimed:         -                  -                34M (0%)          745M (9%)             -                  -          
[159.761s][info][gc          ] GC(33) Garbage Collection (Allocation Rate) 1334M(16%)->710M(9%)
[160.268s][info][gc,stats    ] === Garbage Collection Statistics =======================================================================================================================
[160.268s][info][gc,stats    ]                                                              Last 10s              Last 10m              Last 10h                Total
[160.268s][info][gc,stats    ]                                                              Avg / Max             Avg / Max             Avg / Max             Avg / Max
[160.268s][info][gc,stats    ]   Collector: Garbage Collection Cycle                   1520.050 / 3427.824   1420.170 / 4070.124   1420.170 / 4070.124   1420.170 / 4070.124    ms
[160.268s][info][gc,stats    ]  Contention: Mark Segment Reset Contention                     0 / 0                 0 / 2                 0 / 2                 0 / 2           ops/s
[160.268s][info][gc,stats    ]  Contention: Mark SeqNum Reset Contention                      0 / 0                 0 / 1                 0 / 1                 0 / 1           ops/s
[160.268s][info][gc,stats    ]    Critical: Allocation Stall                                  0 / 0                 0 / 0                 0 / 0                 0 / 0           ops/s
[160.268s][info][gc,stats    ]    Critical: Allocation Stall                              0.000 / 0.000         0.000 / 0.000         0.000 / 0.000         0.000 / 0.000       ms
[160.268s][info][gc,stats    ]    Critical: GC Locker Stall                                   0 / 1                 0 / 1                 0 / 1                 0 / 1           ops/s
[160.268s][info][gc,stats    ]    Critical: GC Locker Stall                               0.000 / 0.000         0.068 / 0.151         0.068 / 0.151         0.068 / 0.151       ms
[160.268s][info][gc,stats    ]    Critical: Relocation Stall                                  0 / 0                 0 / 0                 0 / 0                 0 / 0           ops/s
[160.268s][info][gc,stats    ]    Critical: Relocation Stall                              0.000 / 0.000         0.000 / 0.000         0.000 / 0.000         0.000 / 0.000       ms
[160.268s][info][gc,stats    ]      Memory: Allocation Rate                                 502 / 1036            541 / 1112            541 / 1112            541 / 1112        MB/s
[160.268s][info][gc,stats    ]      Memory: Defragment                                        0 / 0                 0 / 0                 0 / 0                 0 / 0           ops/s
[160.268s][info][gc,stats    ]      Memory: Out Of Memory                                     0 / 0                 0 / 0                 0 / 0                 0 / 0           ops/s
[160.268s][info][gc,stats    ]      Memory: Page Cache Flush                                  0 / 0                 0 / 0                 0 / 0                 0 / 0           MB/s
[160.268s][info][gc,stats    ]      Memory: Page Cache Hit L1                               258 / 518             252 / 621             252 / 621             252 / 621         ops/s
[160.268s][info][gc,stats    ]      Memory: Page Cache Hit L2                                 0 / 0                 0 / 0                 0 / 0                 0 / 0           ops/s
[160.268s][info][gc,stats    ]      Memory: Page Cache Hit L3                                 0 / 0                23 / 397              23 / 397              23 / 397         ops/s
[160.268s][info][gc,stats    ]      Memory: Page Cache Miss                                   0 / 0                 0 / 1                 0 / 1                 0 / 1           ops/s
[160.268s][info][gc,stats    ]      Memory: Uncommit                                          0 / 0                 0 / 0                 0 / 0                 0 / 0           MB/s
[160.268s][info][gc,stats    ]      Memory: Undo Object Allocation Failed                     0 / 0                 0 / 0                 0 / 0                 0 / 0           ops/s
[160.268s][info][gc,stats    ]      Memory: Undo Object Allocation Succeeded                  7 / 76                3 / 209               3 / 209               3 / 209         ops/s
[160.268s][info][gc,stats    ]      Memory: Undo Page Allocation                              0 / 0                 0 / 0                 0 / 0                 0 / 0           ops/s
[160.268s][info][gc,stats    ]       Phase: Concurrent Mark                             642.229 / 902.635    1120.299 / 2698.907   1120.299 / 2698.907   1120.299 / 2698.907    ms
[160.268s][info][gc,stats    ]       Phase: Concurrent Mark Continue                      0.000 / 0.000         0.000 / 0.000         0.000 / 0.000         0.000 / 0.000       ms
[160.269s][info][gc,stats    ]       Phase: Concurrent Mark Free                          0.001 / 0.001         0.001 / 0.001         0.001 / 0.001         0.001 / 0.001       ms
[160.269s][info][gc,stats    ]       Phase: Concurrent Process Non-Strong References     19.034 / 24.560       16.612 / 34.962       16.612 / 34.962       16.612 / 34.962      ms
[160.269s][info][gc,stats    ]       Phase: Concurrent Relocate                          33.392 / 64.441       46.787 / 150.389      46.787 / 150.389      46.787 / 150.389     ms
[160.269s][info][gc,stats    ]       Phase: Concurrent Reset Relocation Set               0.079 / 0.173         0.080 / 0.173         0.080 / 0.173         0.080 / 0.173       ms
[160.269s][info][gc,stats    ]       Phase: Concurrent Select Relocation Set            816.904 / 2442.561    231.731 / 2442.561    231.731 / 2442.561    231.731 / 2442.561    ms
[160.269s][info][gc,stats    ]       Phase: Pause Mark End                                0.035 / 0.062         0.029 / 0.102         0.029 / 0.102         0.029 / 0.102       ms
[160.269s][info][gc,stats    ]       Phase: Pause Mark Start                              0.005 / 0.005         0.005 / 0.011         0.005 / 0.011         0.005 / 0.011       ms
[160.269s][info][gc,stats    ]       Phase: Pause Relocate Start                          0.010 / 0.011         0.013 / 0.066         0.013 / 0.066         0.013 / 0.066       ms
[160.269s][info][gc,stats    ]    Subphase: Concurrent Classes Purge                      0.163 / 0.191         0.953 / 4.891         0.953 / 4.891         0.953 / 4.891       ms
[160.269s][info][gc,stats    ]    Subphase: Concurrent Classes Unlink                    10.821 / 15.198       10.563 / 24.764       10.563 / 24.764       10.563 / 24.764      ms
[160.269s][info][gc,stats    ]    Subphase: Concurrent Mark                             640.086 / 900.585    1000.984 / 2695.469   1000.984 / 2695.469   1000.984 / 2695.469    ms
[160.269s][info][gc,stats    ]    Subphase: Concurrent Mark Try Flush                     3.944 / 8.543         1.827 / 8.548         1.827 / 8.548         1.827 / 8.548       ms
[160.269s][info][gc,stats    ]    Subphase: Concurrent Mark Try Terminate                 1.225 / 5.729         1.111 / 12.169        1.111 / 12.169        1.111 / 12.169      ms
[160.269s][info][gc,stats    ]    Subphase: Concurrent References Enqueue                 0.004 / 0.006         0.002 / 0.006         0.002 / 0.006         0.002 / 0.006       ms
[160.269s][info][gc,stats    ]    Subphase: Concurrent References Process                 0.318 / 0.591         0.597 / 1.628         0.597 / 1.628         0.597 / 1.628       ms
[160.269s][info][gc,stats    ]    Subphase: Concurrent Roots ClassLoaderDataGraph         0.250 / 0.453         0.257 / 0.882         0.257 / 0.882         0.257 / 0.882       ms
[160.269s][info][gc,stats    ]    Subphase: Concurrent Roots CodeCache                    0.000 / 0.000         0.000 / 0.000         0.000 / 0.000         0.000 / 0.000       ms
[160.269s][info][gc,stats    ]    Subphase: Concurrent Roots JavaThreads                  1.485 / 1.699         1.770 / 9.075         1.770 / 9.075         1.770 / 9.075       ms
[160.269s][info][gc,stats    ]    Subphase: Concurrent Roots OopStorageSet                0.059 / 0.062         0.066 / 0.198         0.066 / 0.198         0.066 / 0.198       ms
[160.269s][info][gc,stats    ]    Subphase: Concurrent Weak Roots OopStorageSet           1.509 / 1.657         1.536 / 3.412         1.536 / 3.412         1.536 / 3.412       ms
[160.269s][info][gc,stats    ]    Subphase: Pause Mark Try Complete                       0.001 / 0.002         0.001 / 0.002         0.001 / 0.002         0.001 / 0.002       ms
[160.269s][info][gc,stats    ]      System: Java Threads                                     76 / 76               68 / 80               68 / 80               68 / 80          threads
[160.269s][info][gc,stats    ] =========================================================================================================================================================
[163.768s][info][gc,start    ] GC(34) Garbage Collection (Allocation Rate)
[163.768s][info][gc,task     ] GC(34) Using 2 workers
[163.768s][info][gc,phases   ] GC(34) Pause Mark Start 0.007ms
[164.692s][info][gc,phases   ] GC(34) Concurrent Mark 923.572ms
[164.694s][info][gc,phases   ] GC(34) Pause Mark End 0.024ms
[164.694s][info][gc,phases   ] GC(34) Concurrent Mark Free 0.000ms
[164.713s][info][gc,phases   ] GC(34) Concurrent Process Non-Strong References 18.611ms
[164.713s][info][gc,phases   ] GC(34) Concurrent Reset Relocation Set 0.034ms
[165.045s][info][gc,phases   ] GC(34) Concurrent Select Relocation Set 331.903ms
[165.046s][info][gc,phases   ] GC(34) Pause Relocate Start 0.010ms
[165.078s][info][gc,phases   ] GC(34) Concurrent Relocate 31.514ms
[165.078s][info][gc,load     ] GC(34) Load: 0.00/0.00/0.00
[165.078s][info][gc,mmu      ] GC(34) MMU: 2ms/94.9%, 5ms/98.0%, 10ms/99.0%, 20ms/99.5%, 50ms/99.8%, 100ms/99.9%
[165.078s][info][gc,marking  ] GC(34) Mark: 2 stripe(s), 2 proactive flush(es), 1 terminate flush(es), 0 completion(s), 0 continuation(s) 
[165.078s][info][gc,marking  ] GC(34) Mark Stack Usage: 32M
[165.078s][info][gc,nmethod  ] GC(34) NMethods: 7411 registered, 558 unregistered
[165.078s][info][gc,metaspace] GC(34) Metaspace: 129M used, 130M committed, 1152M reserved
[165.078s][info][gc,ref      ] GC(34) Soft: 5980 encountered, 0 discovered, 0 enqueued
[165.078s][info][gc,ref      ] GC(34) Weak: 22632 encountered, 1815 discovered, 8 enqueued
[165.078s][info][gc,ref      ] GC(34) Final: 34 encountered, 0 discovered, 0 enqueued
[165.078s][info][gc,ref      ] GC(34) Phantom: 556 encountered, 384 discovered, 6 enqueued
[165.078s][info][gc,reloc    ] GC(34) Small Pages: 1545 / 3090M, Empty: 666M, Relocated: 59M, In-Place: 0
[165.078s][info][gc,reloc    ] GC(34) Medium Pages: 2 / 64M, Empty: 0M, Relocated: 0M, In-Place: 0
[165.078s][info][gc,reloc    ] GC(34) Large Pages: 0 / 0M, Empty: 0M, Relocated: 0M, In-Place: 0
[165.078s][info][gc,reloc    ] GC(34) Forwarding Usage: 20M
[165.078s][info][gc,heap     ] GC(34) Min Capacity: 8192M(100%)
[165.078s][info][gc,heap     ] GC(34) Max Capacity: 8192M(100%)
[165.078s][info][gc,heap     ] GC(34) Soft Max Capacity: 8192M(100%)
[165.078s][info][gc,heap     ] GC(34)                Mark Start          Mark End        Relocate Start      Relocate End           High               Low         
[165.078s][info][gc,heap     ] GC(34)  Capacity:     8192M (100%)       8192M (100%)       8192M (100%)       8192M (100%)       8192M (100%)       8192M (100%)   
[165.078s][info][gc,heap     ] GC(34)      Free:     5038M (61%)        4878M (60%)        5428M (66%)        7288M (89%)        7290M (89%)        4876M (60%)    
[165.078s][info][gc,heap     ] GC(34)      Used:     3154M (39%)        3314M (40%)        2764M (34%)         904M (11%)        3316M (40%)         902M (11%)    
[165.078s][info][gc,heap     ] GC(34)      Live:         -               512M (6%)          512M (6%)          512M (6%)             -                  -          
[165.078s][info][gc,heap     ] GC(34) Allocated:         -               160M (2%)          276M (3%)          309M (4%)             -                  -          
[165.078s][info][gc,heap     ] GC(34)   Garbage:         -              2641M (32%)        1975M (24%)          82M (1%)             -                  -          
[165.078s][info][gc,heap     ] GC(34) Reclaimed:         -                  -               666M (8%)         2559M (31%)            -                  -          
[165.078s][info][gc          ] GC(34) Garbage Collection (Allocation Rate) 3154M(39%)->904M(11%)
[170.267s][info][gc,stats    ] === Garbage Collection Statistics =======================================================================================================================
[170.268s][info][gc,stats    ]                                                              Last 10s              Last 10m              Last 10h                Total
[170.268s][info][gc,stats    ]                                                              Avg / Max             Avg / Max             Avg / Max             Avg / Max
[170.268s][info][gc,stats    ]   Collector: Garbage Collection Cycle                   1309.660 / 1309.660   1417.013 / 4070.124   1417.013 / 4070.124   1417.013 / 4070.124    ms
[170.268s][info][gc,stats    ]  Contention: Mark Segment Reset Contention                     0 / 0                 0 / 2                 0 / 2                 0 / 2           ops/s
[170.268s][info][gc,stats    ]  Contention: Mark SeqNum Reset Contention                      0 / 0                 0 / 1                 0 / 1                 0 / 1           ops/s
[170.268s][info][gc,stats    ]    Critical: Allocation Stall                                  0 / 0                 0 / 0                 0 / 0                 0 / 0           ops/s
[170.268s][info][gc,stats    ]    Critical: Allocation Stall                              0.000 / 0.000         0.000 / 0.000         0.000 / 0.000         0.000 / 0.000       ms
[170.268s][info][gc,stats    ]    Critical: GC Locker Stall                                   0 / 0                 0 / 1                 0 / 1                 0 / 1           ops/s
[170.268s][info][gc,stats    ]    Critical: GC Locker Stall                               0.000 / 0.000         0.068 / 0.151         0.068 / 0.151         0.068 / 0.151       ms
[170.268s][info][gc,stats    ]    Critical: Relocation Stall                                  0 / 0                 0 / 0                 0 / 0                 0 / 0           ops/s
[170.268s][info][gc,stats    ]    Critical: Relocation Stall                              0.000 / 0.000         0.000 / 0.000         0.000 / 0.000         0.000 / 0.000       ms
[170.268s][info][gc,stats    ]      Memory: Allocation Rate                                 598 / 734             544 / 1112            544 / 1112            544 / 1112        MB/s
[170.268s][info][gc,stats    ]      Memory: Defragment                                        0 / 0                 0 / 0                 0 / 0                 0 / 0           ops/s
[170.268s][info][gc,stats    ]      Memory: Out Of Memory                                     0 / 0                 0 / 0                 0 / 0                 0 / 0           ops/s
[170.268s][info][gc,stats    ]      Memory: Page Cache Flush                                  0 / 0                 0 / 0                 0 / 0                 0 / 0           MB/s
[170.268s][info][gc,stats    ]      Memory: Page Cache Hit L1                               302 / 367             255 / 621             255 / 621             255 / 621         ops/s
[170.268s][info][gc,stats    ]      Memory: Page Cache Hit L2                                 0 / 0                 0 / 0                 0 / 0                 0 / 0           ops/s
[170.268s][info][gc,stats    ]      Memory: Page Cache Hit L3                                 0 / 0                22 / 397              22 / 397              22 / 397         ops/s
[170.268s][info][gc,stats    ]      Memory: Page Cache Miss                                   0 / 0                 0 / 1                 0 / 1                 0 / 1           ops/s
[170.268s][info][gc,stats    ]      Memory: Uncommit                                          0 / 0                 0 / 0                 0 / 0                 0 / 0           MB/s
[170.268s][info][gc,stats    ]      Memory: Undo Object Allocation Failed                     0 / 0                 0 / 0                 0 / 0                 0 / 0           ops/s
[170.268s][info][gc,stats    ]      Memory: Undo Object Allocation Succeeded                  0 / 1                 3 / 209               3 / 209               3 / 209         ops/s
[170.268s][info][gc,stats    ]      Memory: Undo Page Allocation                              0 / 0                 0 / 0                 0 / 0                 0 / 0           ops/s
[170.268s][info][gc,stats    ]       Phase: Concurrent Mark                             923.572 / 923.572    1114.678 / 2698.907   1114.678 / 2698.907   1114.678 / 2698.907    ms
[170.268s][info][gc,stats    ]       Phase: Concurrent Mark Continue                      0.000 / 0.000         0.000 / 0.000         0.000 / 0.000         0.000 / 0.000       ms
[170.268s][info][gc,stats    ]       Phase: Concurrent Mark Free                          0.000 / 0.000         0.001 / 0.001         0.001 / 0.001         0.001 / 0.001       ms
[170.268s][info][gc,stats    ]       Phase: Concurrent Process Non-Strong References     18.611 / 18.611       16.669 / 34.962       16.669 / 34.962       16.669 / 34.962      ms
[170.268s][info][gc,stats    ]       Phase: Concurrent Relocate                          31.514 / 31.514       46.351 / 150.389      46.351 / 150.389      46.351 / 150.389     ms
[170.268s][info][gc,stats    ]       Phase: Concurrent Reset Relocation Set               0.034 / 0.034         0.079 / 0.173         0.079 / 0.173         0.079 / 0.173       ms
[170.268s][info][gc,stats    ]       Phase: Concurrent Select Relocation Set            331.903 / 331.903     234.593 / 2442.561    234.593 / 2442.561    234.593 / 2442.561    ms
[170.268s][info][gc,stats    ]       Phase: Pause Mark End                                0.024 / 0.024         0.029 / 0.102         0.029 / 0.102         0.029 / 0.102       ms
[170.268s][info][gc,stats    ]       Phase: Pause Mark Start                              0.007 / 0.007         0.005 / 0.011         0.005 / 0.011         0.005 / 0.011       ms
[170.268s][info][gc,stats    ]       Phase: Pause Relocate Start                          0.010 / 0.010         0.012 / 0.066         0.012 / 0.066         0.012 / 0.066       ms
[170.268s][info][gc,stats    ]    Subphase: Concurrent Classes Purge                      0.190 / 0.190         0.931 / 4.891         0.931 / 4.891         0.931 / 4.891       ms
[170.268s][info][gc,stats    ]    Subphase: Concurrent Classes Unlink                     8.127 / 8.127        10.493 / 24.764       10.493 / 24.764       10.493 / 24.764      ms
[170.268s][info][gc,stats    ]    Subphase: Concurrent Mark                             920.904 / 921.526     998.482 / 2695.469    998.482 / 2695.469    998.482 / 2695.469    ms
[170.268s][info][gc,stats    ]    Subphase: Concurrent Mark Try Flush                     4.697 / 8.417         1.904 / 8.548         1.904 / 8.548         1.904 / 8.548       ms
[170.268s][info][gc,stats    ]    Subphase: Concurrent Mark Try Terminate                 0.870 / 1.557         1.103 / 12.169        1.103 / 12.169        1.103 / 12.169      ms
[170.268s][info][gc,stats    ]    Subphase: Concurrent References Enqueue                 0.002 / 0.002         0.002 / 0.006         0.002 / 0.006         0.002 / 0.006       ms
[170.268s][info][gc,stats    ]    Subphase: Concurrent References Process                 0.307 / 0.307         0.589 / 1.628         0.589 / 1.628         0.589 / 1.628       ms
[170.268s][info][gc,stats    ]    Subphase: Concurrent Roots ClassLoaderDataGraph         0.282 / 0.433         0.258 / 0.882         0.258 / 0.882         0.258 / 0.882       ms
[170.268s][info][gc,stats    ]    Subphase: Concurrent Roots CodeCache                    0.000 / 0.000         0.000 / 0.000         0.000 / 0.000         0.000 / 0.000       ms
[170.268s][info][gc,stats    ]    Subphase: Concurrent Roots JavaThreads                  1.514 / 1.670         1.762 / 9.075         1.762 / 9.075         1.762 / 9.075       ms
[170.268s][info][gc,stats    ]    Subphase: Concurrent Roots OopStorageSet                0.069 / 0.072         0.066 / 0.198         0.066 / 0.198         0.066 / 0.198       ms
[170.268s][info][gc,stats    ]    Subphase: Concurrent Weak Roots OopStorageSet           1.545 / 1.560         1.537 / 3.412         1.537 / 3.412         1.537 / 3.412       ms
[170.268s][info][gc,stats    ]    Subphase: Pause Mark Try Complete                       0.000 / 0.000         0.001 / 0.002         0.001 / 0.002         0.001 / 0.002       ms
[170.268s][info][gc,stats    ]      System: Java Threads                                     76 / 77               68 / 80               68 / 80               68 / 80          threads
[170.268s][info][gc,stats    ] =========================================================================================================================================================
[172.168s][info][gc,start    ] GC(35) Garbage Collection (Allocation Rate)
[172.168s][info][gc,task     ] GC(35) Using 2 workers
[172.168s][info][gc,phases   ] GC(35) Pause Mark Start 0.008ms
[173.024s][info][gc,phases   ] GC(35) Concurrent Mark 856.353ms
[173.035s][info][gc,phases   ] GC(35) Pause Mark End 0.037ms
[173.035s][info][gc,phases   ] GC(35) Concurrent Mark Free 0.002ms
[173.050s][info][gc,phases   ] GC(35) Concurrent Process Non-Strong References 15.110ms
[173.050s][info][gc,phases   ] GC(35) Concurrent Reset Relocation Set 0.069ms
[173.429s][info][gc,phases   ] GC(35) Concurrent Select Relocation Set 378.526ms
[173.432s][info][gc,phases   ] GC(35) Pause Relocate Start 0.010ms
[173.463s][info][gc,phases   ] GC(35) Concurrent Relocate 30.521ms
[173.463s][info][gc,load     ] GC(35) Load: 0.00/0.00/0.00
[173.463s][info][gc,mmu      ] GC(35) MMU: 2ms/94.9%, 5ms/98.0%, 10ms/99.0%, 20ms/99.5%, 50ms/99.8%, 100ms/99.9%
[173.463s][info][gc,marking  ] GC(35) Mark: 2 stripe(s), 2 proactive flush(es), 1 terminate flush(es), 0 completion(s), 0 continuation(s) 
[173.463s][info][gc,marking  ] GC(35) Mark Stack Usage: 32M
[173.463s][info][gc,nmethod  ] GC(35) NMethods: 7666 registered, 650 unregistered
[173.463s][info][gc,metaspace] GC(35) Metaspace: 130M used, 131M committed, 1152M reserved
[173.463s][info][gc,ref      ] GC(35) Soft: 6070 encountered, 0 discovered, 0 enqueued
[173.463s][info][gc,ref      ] GC(35) Weak: 23226 encountered, 1081 discovered, 207 enqueued
[173.463s][info][gc,ref      ] GC(35) Final: 34 encountered, 0 discovered, 0 enqueued
[173.463s][info][gc,ref      ] GC(35) Phantom: 686 encountered, 504 discovered, 127 enqueued
[173.463s][info][gc,reloc    ] GC(35) Small Pages: 2829 / 5658M, Empty: 1296M, Relocated: 74M, In-Place: 0
[173.463s][info][gc,reloc    ] GC(35) Medium Pages: 2 / 64M, Empty: 0M, Relocated: 0M, In-Place: 0
[173.463s][info][gc,reloc    ] GC(35) Large Pages: 0 / 0M, Empty: 0M, Relocated: 0M, In-Place: 0
[173.463s][info][gc,reloc    ] GC(35) Forwarding Usage: 21M
[173.463s][info][gc,heap     ] GC(35) Min Capacity: 8192M(100%)
[173.463s][info][gc,heap     ] GC(35) Max Capacity: 8192M(100%)
[173.463s][info][gc,heap     ] GC(35) Soft Max Capacity: 8192M(100%)
[173.463s][info][gc,heap     ] GC(35)                Mark Start          Mark End        Relocate Start      Relocate End           High               Low         
[173.463s][info][gc,heap     ] GC(35)  Capacity:     8192M (100%)       8192M (100%)       8192M (100%)       8192M (100%)       8192M (100%)       8192M (100%)   
[173.463s][info][gc,heap     ] GC(35)      Free:     2470M (30%)        2288M (28%)        3442M (42%)        7260M (89%)        7260M (89%)        2284M (28%)    
[173.463s][info][gc,heap     ] GC(35)      Used:     5722M (70%)        5904M (72%)        4750M (58%)         932M (11%)        5908M (72%)         932M (11%)    
[173.463s][info][gc,heap     ] GC(35)      Live:         -               514M (6%)          514M (6%)          514M (6%)             -                  -          
[173.463s][info][gc,heap     ] GC(35) Allocated:         -               182M (2%)          324M (4%)          339M (4%)             -                  -          
[173.463s][info][gc,heap     ] GC(35)   Garbage:         -              5207M (64%)        3911M (48%)          78M (1%)             -                  -          
[173.463s][info][gc,heap     ] GC(35) Reclaimed:         -                  -              1296M (16%)        5129M (63%)            -                  -          
[173.463s][info][gc          ] GC(35) Garbage Collection (Allocation Rate) 5722M(70%)->932M(11%)
[178.768s][info][gc,start    ] GC(36) Garbage Collection (Allocation Rate)
[178.768s][info][gc,task     ] GC(36) Using 2 workers
[178.768s][info][gc,phases   ] GC(36) Pause Mark Start 0.005ms
[179.989s][info][gc,phases   ] GC(36) Concurrent Mark 1221.617ms
[179.993s][info][gc,phases   ] GC(36) Pause Mark End 0.014ms
[179.993s][info][gc,phases   ] GC(36) Concurrent Mark Free 0.000ms
[180.011s][info][gc,phases   ] GC(36) Concurrent Process Non-Strong References 17.818ms
[180.011s][info][gc,phases   ] GC(36) Concurrent Reset Relocation Set 0.164ms
[180.268s][info][gc,stats    ] === Garbage Collection Statistics =======================================================================================================================
[180.268s][info][gc,stats    ]                                                              Last 10s              Last 10m              Last 10h                Total
[180.268s][info][gc,stats    ]                                                              Avg / Max             Avg / Max             Avg / Max             Avg / Max
[180.268s][info][gc,stats    ]   Collector: Garbage Collection Cycle                   1294.963 / 1294.963   1413.622 / 4070.124   1413.622 / 4070.124   1413.622 / 4070.124    ms
[180.268s][info][gc,stats    ]  Contention: Mark Segment Reset Contention                     0 / 1                 0 / 2                 0 / 2                 0 / 2           ops/s
[180.268s][info][gc,stats    ]  Contention: Mark SeqNum Reset Contention                      0 / 0                 0 / 1                 0 / 1                 0 / 1           ops/s
[180.268s][info][gc,stats    ]    Critical: Allocation Stall                                  0 / 0                 0 / 0                 0 / 0                 0 / 0           ops/s
[180.268s][info][gc,stats    ]    Critical: Allocation Stall                              0.000 / 0.000         0.000 / 0.000         0.000 / 0.000         0.000 / 0.000       ms
[180.268s][info][gc,stats    ]    Critical: GC Locker Stall                                   0 / 0                 0 / 1                 0 / 1                 0 / 1           ops/s
[180.268s][info][gc,stats    ]    Critical: GC Locker Stall                               0.000 / 0.000         0.068 / 0.151         0.068 / 0.151         0.068 / 0.151       ms
[180.268s][info][gc,stats    ]    Critical: Relocation Stall                                  0 / 0                 0 / 0                 0 / 0                 0 / 0           ops/s
[180.268s][info][gc,stats    ]    Critical: Relocation Stall                              0.000 / 0.000         0.000 / 0.000         0.000 / 0.000         0.000 / 0.000       ms
[180.268s][info][gc,stats    ]      Memory: Allocation Rate                                 662 / 970             551 / 1112            551 / 1112            551 / 1112        MB/s
[180.268s][info][gc,stats    ]      Memory: Defragment                                        0 / 0                 0 / 0                 0 / 0                 0 / 0           ops/s
[180.268s][info][gc,stats    ]      Memory: Out Of Memory                                     0 / 0                 0 / 0                 0 / 0                 0 / 0           ops/s
[180.268s][info][gc,stats    ]      Memory: Page Cache Flush                                  0 / 0                 0 / 0                 0 / 0                 0 / 0           MB/s
[180.268s][info][gc,stats    ]      Memory: Page Cache Hit L1                               335 / 485             259 / 621             259 / 621             259 / 621         ops/s
[180.268s][info][gc,stats    ]      Memory: Page Cache Hit L2                                 0 / 0                 0 / 0                 0 / 0                 0 / 0           ops/s
[180.268s][info][gc,stats    ]      Memory: Page Cache Hit L3                                 0 / 0                21 / 397              21 / 397              21 / 397         ops/s
[180.268s][info][gc,stats    ]      Memory: Page Cache Miss                                   0 / 0                 0 / 1                 0 / 1                 0 / 1           ops/s
[180.268s][info][gc,stats    ]      Memory: Uncommit                                          0 / 0                 0 / 0                 0 / 0                 0 / 0           MB/s
[180.268s][info][gc,stats    ]      Memory: Undo Object Allocation Failed                     0 / 0                 0 / 0                 0 / 0                 0 / 0           ops/s
[180.268s][info][gc,stats    ]      Memory: Undo Object Allocation Succeeded                  3 / 34                3 / 209               3 / 209               3 / 209         ops/s
[180.268s][info][gc,stats    ]      Memory: Undo Page Allocation                              0 / 0                 0 / 0                 0 / 0                 0 / 0           ops/s
[180.268s][info][gc,stats    ]       Phase: Concurrent Mark                            1038.985 / 1221.617   1110.586 / 2698.907   1110.586 / 2698.907   1110.586 / 2698.907    ms
[180.268s][info][gc,stats    ]       Phase: Concurrent Mark Continue                      0.000 / 0.000         0.000 / 0.000         0.000 / 0.000         0.000 / 0.000       ms
[180.268s][info][gc,stats    ]       Phase: Concurrent Mark Free                          0.001 / 0.002         0.001 / 0.002         0.001 / 0.002         0.001 / 0.002       ms
[180.268s][info][gc,stats    ]       Phase: Concurrent Process Non-Strong References     16.464 / 17.818       16.658 / 34.962       16.658 / 34.962       16.658 / 34.962      ms
[180.268s][info][gc,stats    ]       Phase: Concurrent Relocate                          30.521 / 30.521       45.911 / 150.389      45.911 / 150.389      45.911 / 150.389     ms
[180.268s][info][gc,stats    ]       Phase: Concurrent Reset Relocation Set               0.117 / 0.164         0.081 / 0.173         0.081 / 0.173         0.081 / 0.173       ms
[180.268s][info][gc,stats    ]       Phase: Concurrent Select Relocation Set            378.526 / 378.526     238.591 / 2442.561    238.591 / 2442.561    238.591 / 2442.561    ms
[180.268s][info][gc,stats    ]       Phase: Pause Mark End                                0.025 / 0.037         0.029 / 0.102         0.029 / 0.102         0.029 / 0.102       ms
[180.268s][info][gc,stats    ]       Phase: Pause Mark Start                              0.006 / 0.008         0.005 / 0.011         0.005 / 0.011         0.005 / 0.011       ms
[180.268s][info][gc,stats    ]       Phase: Pause Relocate Start                          0.010 / 0.010         0.012 / 0.066         0.012 / 0.066         0.012 / 0.066       ms
[180.268s][info][gc,stats    ]    Subphase: Concurrent Classes Purge                      0.256 / 0.357         0.894 / 4.891         0.894 / 4.891         0.894 / 4.891       ms
[180.268s][info][gc,stats    ]    Subphase: Concurrent Classes Unlink                     6.620 / 7.430        10.284 / 24.764       10.284 / 24.764       10.284 / 24.764      ms
[180.268s][info][gc,stats    ]    Subphase: Concurrent Mark                            1036.776 / 1219.631   1000.735 / 2695.469   1000.735 / 2695.469   1000.735 / 2695.469    ms
[180.268s][info][gc,stats    ]    Subphase: Concurrent Mark Try Flush                     1.562 / 4.515         1.884 / 8.548         1.884 / 8.548         1.884 / 8.548       ms
[180.268s][info][gc,stats    ]    Subphase: Concurrent Mark Try Terminate                 0.859 / 1.216         1.086 / 12.169        1.086 / 12.169        1.086 / 12.169      ms
[180.268s][info][gc,stats    ]    Subphase: Concurrent References Enqueue                 0.002 / 0.002         0.002 / 0.006         0.002 / 0.006         0.002 / 0.006       ms
[180.268s][info][gc,stats    ]    Subphase: Concurrent References Process                 0.718 / 1.065         0.596 / 1.628         0.596 / 1.628         0.596 / 1.628       ms
[180.268s][info][gc,stats    ]    Subphase: Concurrent Roots ClassLoaderDataGraph         0.300 / 0.515         0.260 / 0.882         0.260 / 0.882         0.260 / 0.882       ms
[180.268s][info][gc,stats    ]    Subphase: Concurrent Roots CodeCache                    0.000 / 0.000         0.000 / 0.000         0.000 / 0.000         0.000 / 0.000       ms
[180.268s][info][gc,stats    ]    Subphase: Concurrent Roots JavaThreads                  1.424 / 1.653         1.742 / 9.075         1.742 / 9.075         1.742 / 9.075       ms
[180.268s][info][gc,stats    ]    Subphase: Concurrent Roots OopStorageSet                0.088 / 0.121         0.068 / 0.198         0.068 / 0.198         0.068 / 0.198       ms
[180.268s][info][gc,stats    ]    Subphase: Concurrent Weak Roots OopStorageSet           1.595 / 1.847         1.540 / 3.412         1.540 / 3.412         1.540 / 3.412       ms
[180.268s][info][gc,stats    ]    Subphase: Pause Mark Try Complete                       0.000 / 0.000         0.001 / 0.002         0.001 / 0.002         0.001 / 0.002       ms
[180.268s][info][gc,stats    ]      System: Java Threads                                     76 / 76               69 / 80               69 / 80               69 / 80          threads
[180.268s][info][gc,stats    ] =========================================================================================================================================================
[180.693s][info][gc,phases   ] GC(36) Concurrent Select Relocation Set 682.416ms
[180.699s][info][gc,phases   ] GC(36) Pause Relocate Start 0.012ms
[180.792s][info][gc,phases   ] GC(36) Concurrent Relocate 92.910ms
[180.792s][info][gc,load     ] GC(36) Load: 0.00/0.00/0.00
[180.792s][info][gc,mmu      ] GC(36) MMU: 2ms/94.9%, 5ms/98.0%, 10ms/99.0%, 20ms/99.5%, 50ms/99.8%, 100ms/99.9%
[180.792s][info][gc,marking  ] GC(36) Mark: 2 stripe(s), 3 proactive flush(es), 1 terminate flush(es), 0 completion(s), 0 continuation(s) 
[180.792s][info][gc,marking  ] GC(36) Mark Stack Usage: 32M
[180.792s][info][gc,nmethod  ] GC(36) NMethods: 7729 registered, 690 unregistered
[180.792s][info][gc,metaspace] GC(36) Metaspace: 130M used, 131M committed, 1152M reserved
[180.792s][info][gc,ref      ] GC(36) Soft: 6070 encountered, 0 discovered, 0 enqueued
[180.792s][info][gc,ref      ] GC(36) Weak: 23021 encountered, 12712 discovered, 1 enqueued
[180.792s][info][gc,ref      ] GC(36) Final: 34 encountered, 0 discovered, 0 enqueued
[180.792s][info][gc,ref      ] GC(36) Phantom: 562 encountered, 393 discovered, 0 enqueued
[180.792s][info][gc,reloc    ] GC(36) Small Pages: 2685 / 5370M, Empty: 1388M, Relocated: 124M, In-Place: 0
[180.792s][info][gc,reloc    ] GC(36) Medium Pages: 2 / 64M, Empty: 0M, Relocated: 0M, In-Place: 0
[180.792s][info][gc,reloc    ] GC(36) Large Pages: 0 / 0M, Empty: 0M, Relocated: 0M, In-Place: 0
[180.792s][info][gc,reloc    ] GC(36) Forwarding Usage: 37M
[180.792s][info][gc,heap     ] GC(36) Min Capacity: 8192M(100%)
[180.792s][info][gc,heap     ] GC(36) Max Capacity: 8192M(100%)
[180.792s][info][gc,heap     ] GC(36) Soft Max Capacity: 8192M(100%)
[180.792s][info][gc,heap     ] GC(36)                Mark Start          Mark End        Relocate Start      Relocate End           High               Low         
[180.792s][info][gc,heap     ] GC(36)  Capacity:     8192M (100%)       8192M (100%)       8192M (100%)       8192M (100%)       8192M (100%)       8192M (100%)   
[180.792s][info][gc,heap     ] GC(36)      Free:     2758M (34%)        2576M (31%)        3702M (45%)        7068M (86%)        7068M (86%)        2572M (31%)    
[180.792s][info][gc,heap     ] GC(36)      Used:     5434M (66%)        5616M (69%)        4490M (55%)        1124M (14%)        5620M (69%)        1124M (14%)    
[180.792s][info][gc,heap     ] GC(36)      Live:         -               541M (7%)          541M (7%)          541M (7%)             -                  -          
[180.792s][info][gc,heap     ] GC(36) Allocated:         -               182M (2%)          444M (5%)          502M (6%)             -                  -          
[180.792s][info][gc,heap     ] GC(36)   Garbage:         -              4892M (60%)        3504M (43%)          80M (1%)             -                  -          
[180.792s][info][gc,heap     ] GC(36) Reclaimed:         -                  -              1388M (17%)        4812M (59%)            -                  -          
[180.792s][info][gc          ] GC(36) Garbage Collection (Allocation Rate) 5434M(66%)->1124M(14%)
[181.868s][info][gc,start    ] GC(37) Garbage Collection (Allocation Rate)
[181.868s][info][gc,task     ] GC(37) Using 2 workers
[181.868s][info][gc,phases   ] GC(37) Pause Mark Start 0.005ms
[182.805s][info][gc,phases   ] GC(37) Concurrent Mark 936.508ms
[182.809s][info][gc,phases   ] GC(37) Pause Mark End 0.019ms
[182.810s][info][gc,phases   ] GC(37) Concurrent Mark Free 0.001ms
[182.820s][info][gc,phases   ] GC(37) Concurrent Process Non-Strong References 10.540ms
[182.820s][info][gc,phases   ] GC(37) Concurrent Reset Relocation Set 0.153ms
[182.824s][info][gc,phases   ] GC(37) Concurrent Select Relocation Set 3.374ms
[182.827s][info][gc,phases   ] GC(37) Pause Relocate Start 0.009ms
[182.858s][info][gc,phases   ] GC(37) Concurrent Relocate 30.787ms
[182.858s][info][gc,load     ] GC(37) Load: 0.00/0.00/0.00
[182.858s][info][gc,mmu      ] GC(37) MMU: 2ms/94.9%, 5ms/98.0%, 10ms/99.0%, 20ms/99.5%, 50ms/99.8%, 100ms/99.9%
[182.858s][info][gc,marking  ] GC(37) Mark: 2 stripe(s), 2 proactive flush(es), 1 terminate flush(es), 0 completion(s), 0 continuation(s) 
[182.858s][info][gc,marking  ] GC(37) Mark Stack Usage: 32M
[182.858s][info][gc,nmethod  ] GC(37) NMethods: 7741 registered, 696 unregistered
[182.858s][info][gc,metaspace] GC(37) Metaspace: 130M used, 131M committed, 1152M reserved
[182.858s][info][gc,ref      ] GC(37) Soft: 6070 encountered, 0 discovered, 0 enqueued
[182.858s][info][gc,ref      ] GC(37) Weak: 23020 encountered, 593 discovered, 0 enqueued
[182.858s][info][gc,ref      ] GC(37) Final: 34 encountered, 0 discovered, 0 enqueued
[182.858s][info][gc,ref      ] GC(37) Phantom: 562 encountered, 385 discovered, 0 enqueued
[182.858s][info][gc,reloc    ] GC(37) Small Pages: 1005 / 2010M, Empty: 228M, Relocated: 62M, In-Place: 0
[182.858s][info][gc,reloc    ] GC(37) Medium Pages: 2 / 64M, Empty: 0M, Relocated: 0M, In-Place: 0
[182.858s][info][gc,reloc    ] GC(37) Large Pages: 0 / 0M, Empty: 0M, Relocated: 0M, In-Place: 0
[182.858s][info][gc,reloc    ] GC(37) Forwarding Usage: 19M
[182.858s][info][gc,heap     ] GC(37) Min Capacity: 8192M(100%)
[182.858s][info][gc,heap     ] GC(37) Max Capacity: 8192M(100%)
[182.858s][info][gc,heap     ] GC(37) Soft Max Capacity: 8192M(100%)
[182.858s][info][gc,heap     ] GC(37)                Mark Start          Mark End        Relocate Start      Relocate End           High               Low         
[182.858s][info][gc,heap     ] GC(37)  Capacity:     8192M (100%)       8192M (100%)       8192M (100%)       8192M (100%)       8192M (100%)       8192M (100%)   
[182.858s][info][gc,heap     ] GC(37)      Free:     6118M (75%)        5884M (72%)        6112M (75%)        7250M (89%)        7250M (89%)        5884M (72%)    
[182.858s][info][gc,heap     ] GC(37)      Used:     2074M (25%)        2308M (28%)        2080M (25%)         942M (11%)        2308M (28%)         942M (11%)    
[182.859s][info][gc,heap     ] GC(37)      Live:         -               573M (7%)          573M (7%)          573M (7%)             -                  -          
[182.859s][info][gc,heap     ] GC(37) Allocated:         -               234M (3%)          234M (3%)          271M (3%)             -                  -          
[182.859s][info][gc,heap     ] GC(37)   Garbage:         -              1500M (18%)        1272M (16%)          96M (1%)             -                  -          
[182.859s][info][gc,heap     ] GC(37) Reclaimed:         -                  -               228M (3%)         1403M (17%)            -                  -          
[182.859s][info][gc          ] GC(37) Garbage Collection (Allocation Rate) 2074M(25%)->942M(11%)
[184.568s][info][gc,start    ] GC(38) Garbage Collection (Allocation Rate)
[184.568s][info][gc,task     ] GC(38) Using 2 workers
[184.568s][info][gc,phases   ] GC(38) Pause Mark Start 0.007ms
[185.857s][info][gc,phases   ] GC(38) Concurrent Mark 1288.911ms
[185.863s][info][gc,phases   ] GC(38) Pause Mark End 0.079ms
[185.863s][info][gc,phases   ] GC(38) Concurrent Mark Free 0.001ms
[185.883s][info][gc,phases   ] GC(38) Concurrent Process Non-Strong References 19.799ms
[185.883s][info][gc,phases   ] GC(38) Concurrent Reset Relocation Set 0.050ms
[186.518s][info][gc,phases   ] GC(38) Concurrent Select Relocation Set 635.176ms
[186.524s][info][gc,phases   ] GC(38) Pause Relocate Start 0.034ms
[186.556s][info][gc,phases   ] GC(38) Concurrent Relocate 32.357ms
[186.556s][info][gc,load     ] GC(38) Load: 0.00/0.00/0.00
[186.556s][info][gc,mmu      ] GC(38) MMU: 2ms/94.9%, 5ms/98.0%, 10ms/99.0%, 20ms/99.5%, 50ms/99.8%, 100ms/99.9%
[186.556s][info][gc,marking  ] GC(38) Mark: 2 stripe(s), 2 proactive flush(es), 1 terminate flush(es), 0 completion(s), 0 continuation(s) 
[186.556s][info][gc,marking  ] GC(38) Mark Stack Usage: 32M
[186.556s][info][gc,nmethod  ] GC(38) NMethods: 7766 registered, 713 unregistered
[186.556s][info][gc,metaspace] GC(38) Metaspace: 130M used, 131M committed, 1152M reserved
[186.556s][info][gc,ref      ] GC(38) Soft: 6070 encountered, 0 discovered, 0 enqueued
[186.556s][info][gc,ref      ] GC(38) Weak: 23022 encountered, 5656 discovered, 2 enqueued
[186.556s][info][gc,ref      ] GC(38) Final: 34 encountered, 0 discovered, 0 enqueued
[186.556s][info][gc,ref      ] GC(38) Phantom: 562 encountered, 382 discovered, 0 enqueued
[186.556s][info][gc,reloc    ] GC(38) Small Pages: 1317 / 2634M, Empty: 790M, Relocated: 78M, In-Place: 0
[186.556s][info][gc,reloc    ] GC(38) Medium Pages: 2 / 64M, Empty: 0M, Relocated: 0M, In-Place: 0
[186.556s][info][gc,reloc    ] GC(38) Large Pages: 0 / 0M, Empty: 0M, Relocated: 0M, In-Place: 0
[186.556s][info][gc,reloc    ] GC(38) Forwarding Usage: 23M
[186.556s][info][gc,heap     ] GC(38) Min Capacity: 8192M(100%)
[186.556s][info][gc,heap     ] GC(38) Max Capacity: 8192M(100%)
[186.556s][info][gc,heap     ] GC(38) Soft Max Capacity: 8192M(100%)
[186.556s][info][gc,heap     ] GC(38)                Mark Start          Mark End        Relocate Start      Relocate End           High               Low         
[186.556s][info][gc,heap     ] GC(38)  Capacity:     8192M (100%)       8192M (100%)       8192M (100%)       8192M (100%)       8192M (100%)       8192M (100%)   
[186.557s][info][gc,heap     ] GC(38)      Free:     5494M (67%)        5330M (65%)        5926M (72%)        7202M (88%)        7202M (88%)        5330M (65%)    
[186.557s][info][gc,heap     ] GC(38)      Used:     2698M (33%)        2862M (35%)        2266M (28%)         990M (12%)        2862M (35%)         990M (12%)    
[186.557s][info][gc,heap     ] GC(38)      Live:         -               521M (6%)          521M (6%)          521M (6%)             -                  -          
[186.557s][info][gc,heap     ] GC(38) Allocated:         -               164M (2%)          358M (4%)          383M (5%)             -                  -          
[186.557s][info][gc,heap     ] GC(38)   Garbage:         -              2176M (27%)        1386M (17%)          85M (1%)             -                  -          
[186.557s][info][gc,heap     ] GC(38) Reclaimed:         -                  -               790M (10%)        2091M (26%)            -                  -          
[186.557s][info][gc          ] GC(38) Garbage Collection (Allocation Rate) 2698M(33%)->990M(12%)
[190.267s][info][gc,stats    ] === Garbage Collection Statistics =======================================================================================================================
[190.267s][info][gc,stats    ]                                                              Last 10s              Last 10m              Last 10h                Total
[190.267s][info][gc,stats    ]                                                              Avg / Max             Avg / Max             Avg / Max             Avg / Max
[190.267s][info][gc,stats    ]   Collector: Garbage Collection Cycle                   1667.800 / 2024.411   1433.174 / 4070.124   1433.174 / 4070.124   1433.174 / 4070.124    ms
[190.267s][info][gc,stats    ]  Contention: Mark Segment Reset Contention                     0 / 2                 0 / 2                 0 / 2                 0 / 2           ops/s
[190.267s][info][gc,stats    ]  Contention: Mark SeqNum Reset Contention                      0 / 0                 0 / 1                 0 / 1                 0 / 1           ops/s
[190.268s][info][gc,stats    ]    Critical: Allocation Stall                                  0 / 0                 0 / 0                 0 / 0                 0 / 0           ops/s
[190.268s][info][gc,stats    ]    Critical: Allocation Stall                              0.000 / 0.000         0.000 / 0.000         0.000 / 0.000         0.000 / 0.000       ms
[190.268s][info][gc,stats    ]    Critical: GC Locker Stall                                   0 / 0                 0 / 1                 0 / 1                 0 / 1           ops/s
[190.268s][info][gc,stats    ]    Critical: GC Locker Stall                               0.000 / 0.000         0.068 / 0.151         0.068 / 0.151         0.068 / 0.151       ms
[190.268s][info][gc,stats    ]    Critical: Relocation Stall                                  0 / 0                 0 / 0                 0 / 0                 0 / 0           ops/s
[190.268s][info][gc,stats    ]    Critical: Relocation Stall                              0.000 / 0.000         0.000 / 0.000         0.000 / 0.000         0.000 / 0.000       ms
[190.268s][info][gc,stats    ]      Memory: Allocation Rate                                 570 / 888             552 / 1112            552 / 1112            552 / 1112        MB/s
[190.268s][info][gc,stats    ]      Memory: Defragment                                        0 / 0                 0 / 0                 0 / 0                 0 / 0           ops/s
[190.268s][info][gc,stats    ]      Memory: Out Of Memory                                     0 / 0                 0 / 0                 0 / 0                 0 / 0           ops/s
[190.268s][info][gc,stats    ]      Memory: Page Cache Flush                                  0 / 0                 0 / 0                 0 / 0                 0 / 0           MB/s
[190.268s][info][gc,stats    ]      Memory: Page Cache Hit L1                               298 / 444             261 / 621             261 / 621             261 / 621         ops/s
[190.268s][info][gc,stats    ]      Memory: Page Cache Hit L2                                 0 / 0                 0 / 0                 0 / 0                 0 / 0           ops/s
[190.268s][info][gc,stats    ]      Memory: Page Cache Hit L3                                 0 / 0                19 / 397              19 / 397              19 / 397         ops/s
[190.268s][info][gc,stats    ]      Memory: Page Cache Miss                                   0 / 0                 0 / 1                 0 / 1                 0 / 1           ops/s
[190.268s][info][gc,stats    ]      Memory: Uncommit                                          0 / 0                 0 / 0                 0 / 0                 0 / 0           MB/s
[190.268s][info][gc,stats    ]      Memory: Undo Object Allocation Failed                     0 / 0                 0 / 0                 0 / 0                 0 / 0           ops/s
[190.268s][info][gc,stats    ]      Memory: Undo Object Allocation Succeeded                  5 / 52                3 / 209               3 / 209               3 / 209         ops/s
[190.268s][info][gc,stats    ]      Memory: Undo Page Allocation                              0 / 0                 0 / 0                 0 / 0                 0 / 0           ops/s
[190.268s][info][gc,stats    ]       Phase: Concurrent Mark                            1112.710 / 1288.911   1110.695 / 2698.907   1110.695 / 2698.907   1110.695 / 2698.907    ms
[190.268s][info][gc,stats    ]       Phase: Concurrent Mark Continue                      0.000 / 0.000         0.000 / 0.000         0.000 / 0.000         0.000 / 0.000       ms
[190.268s][info][gc,stats    ]       Phase: Concurrent Mark Free                          0.001 / 0.001         0.001 / 0.002         0.001 / 0.002         0.001 / 0.002       ms
[190.268s][info][gc,stats    ]       Phase: Concurrent Process Non-Strong References     15.170 / 19.799       16.581 / 34.962       16.581 / 34.962       16.581 / 34.962      ms
[190.268s][info][gc,stats    ]       Phase: Concurrent Relocate                          52.018 / 92.910       46.381 / 150.389      46.381 / 150.389      46.381 / 150.389     ms
[190.268s][info][gc,stats    ]       Phase: Concurrent Reset Relocation Set               0.101 / 0.153         0.082 / 0.173         0.082 / 0.173         0.082 / 0.173       ms
[190.268s][info][gc,stats    ]       Phase: Concurrent Select Relocation Set            440.322 / 682.416     254.109 / 2442.561    254.109 / 2442.561    254.109 / 2442.561    ms
[190.268s][info][gc,stats    ]       Phase: Pause Mark End                                0.049 / 0.079         0.030 / 0.102         0.030 / 0.102         0.030 / 0.102       ms
[190.268s][info][gc,stats    ]       Phase: Pause Mark Start                              0.006 / 0.007         0.005 / 0.011         0.005 / 0.011         0.005 / 0.011       ms
[190.268s][info][gc,stats    ]       Phase: Pause Relocate Start                          0.018 / 0.034         0.013 / 0.066         0.013 / 0.066         0.013 / 0.066       ms
[190.268s][info][gc,stats    ]    Subphase: Concurrent Classes Purge                      2.951 / 5.775         1.000 / 5.775         1.000 / 5.775         1.000 / 5.775       ms
[190.268s][info][gc,stats    ]    Subphase: Concurrent Classes Unlink                     7.144 / 8.152        10.123 / 24.764       10.123 / 24.764       10.123 / 24.764      ms
[190.268s][info][gc,stats    ]    Subphase: Concurrent Mark                            1110.315 / 1286.868   1006.822 / 2695.469   1006.822 / 2695.469   1006.822 / 2695.469    ms
[190.268s][info][gc,stats    ]    Subphase: Concurrent Mark Try Flush                     5.228 / 14.930        2.046 / 14.930        2.046 / 14.930        2.046 / 14.930      ms
[190.268s][info][gc,stats    ]    Subphase: Concurrent Mark Try Terminate                 0.967 / 2.591         1.079 / 12.169        1.079 / 12.169        1.079 / 12.169      ms
[190.268s][info][gc,stats    ]    Subphase: Concurrent References Enqueue                 0.001 / 0.003         0.002 / 0.006         0.002 / 0.006         0.002 / 0.006       ms
[190.268s][info][gc,stats    ]    Subphase: Concurrent References Process                 0.352 / 0.594         0.583 / 1.628         0.583 / 1.628         0.583 / 1.628       ms
[190.268s][info][gc,stats    ]    Subphase: Concurrent Roots ClassLoaderDataGraph         0.316 / 0.495         0.263 / 0.882         0.263 / 0.882         0.263 / 0.882       ms
[190.268s][info][gc,stats    ]    Subphase: Concurrent Roots CodeCache                    0.000 / 0.000         0.000 / 0.000         0.000 / 0.000         0.000 / 0.000       ms
[190.268s][info][gc,stats    ]    Subphase: Concurrent Roots JavaThreads                  1.501 / 1.691         1.729 / 9.075         1.729 / 9.075         1.729 / 9.075       ms
[190.268s][info][gc,stats    ]    Subphase: Concurrent Roots OopStorageSet                0.076 / 0.081         0.068 / 0.198         0.068 / 0.198         0.068 / 0.198       ms
[190.268s][info][gc,stats    ]    Subphase: Concurrent Weak Roots OopStorageSet           1.365 / 1.391         1.530 / 3.412         1.530 / 3.412         1.530 / 3.412       ms
[190.268s][info][gc,stats    ]    Subphase: Pause Mark Try Complete                       0.000 / 0.000         0.001 / 0.002         0.001 / 0.002         0.001 / 0.002       ms
[190.268s][info][gc,stats    ]      System: Java Threads                                     76 / 76               69 / 80               69 / 80               69 / 80          threads
[190.268s][info][gc,stats    ] =========================================================================================================================================================
[192.667s][info][gc,start    ] GC(39) Garbage Collection (Allocation Rate)
[192.667s][info][gc,task     ] GC(39) Using 2 workers
[192.668s][info][gc,phases   ] GC(39) Pause Mark Start 0.008ms
[193.347s][info][gc,phases   ] GC(39) Concurrent Mark 679.098ms
[193.347s][info][gc,phases   ] GC(39) Pause Mark End 0.015ms
[193.347s][info][gc,phases   ] GC(39) Concurrent Mark Free 0.000ms
[193.355s][info][gc,phases   ] GC(39) Concurrent Process Non-Strong References 7.777ms
[193.355s][info][gc,phases   ] GC(39) Concurrent Reset Relocation Set 0.063ms
[193.424s][info][gc,phases   ] GC(39) Concurrent Select Relocation Set 69.038ms
[193.424s][info][gc,phases   ] GC(39) Pause Relocate Start 0.009ms
[193.470s][info][gc,phases   ] GC(39) Concurrent Relocate 46.118ms
[193.470s][info][gc,load     ] GC(39) Load: 0.00/0.00/0.00
[193.470s][info][gc,mmu      ] GC(39) MMU: 2ms/94.9%, 5ms/98.0%, 10ms/99.0%, 20ms/99.5%, 50ms/99.8%, 100ms/99.9%
[193.470s][info][gc,marking  ] GC(39) Mark: 2 stripe(s), 2 proactive flush(es), 1 terminate flush(es), 0 completion(s), 0 continuation(s) 
[193.470s][info][gc,marking  ] GC(39) Mark Stack Usage: 32M
[193.470s][info][gc,nmethod  ] GC(39) NMethods: 7839 registered, 788 unregistered
[193.470s][info][gc,metaspace] GC(39) Metaspace: 130M used, 131M committed, 1152M reserved
[193.470s][info][gc,ref      ] GC(39) Soft: 6070 encountered, 0 discovered, 0 enqueued
[193.470s][info][gc,ref      ] GC(39) Weak: 23024 encountered, 1923 discovered, 2 enqueued
[193.470s][info][gc,ref      ] GC(39) Final: 34 encountered, 0 discovered, 0 enqueued
[193.470s][info][gc,ref      ] GC(39) Phantom: 564 encountered, 463 discovered, 2 enqueued
[193.470s][info][gc,reloc    ] GC(39) Small Pages: 2361 / 4722M, Empty: 1146M, Relocated: 87M, In-Place: 0
[193.470s][info][gc,reloc    ] GC(39) Medium Pages: 2 / 64M, Empty: 0M, Relocated: 0M, In-Place: 0
[193.470s][info][gc,reloc    ] GC(39) Large Pages: 0 / 0M, Empty: 0M, Relocated: 0M, In-Place: 0
[193.470s][info][gc,reloc    ] GC(39) Forwarding Usage: 27M
[193.470s][info][gc,heap     ] GC(39) Min Capacity: 8192M(100%)
[193.471s][info][gc,heap     ] GC(39) Max Capacity: 8192M(100%)
[193.471s][info][gc,heap     ] GC(39) Soft Max Capacity: 8192M(100%)
[193.471s][info][gc,heap     ] GC(39)                Mark Start          Mark End        Relocate Start      Relocate End           High               Low         
[193.471s][info][gc,heap     ] GC(39)  Capacity:     8192M (100%)       8192M (100%)       8192M (100%)       8192M (100%)       8192M (100%)       8192M (100%)   
[193.471s][info][gc,heap     ] GC(39)      Free:     3406M (42%)        3154M (39%)        4254M (52%)        7228M (88%)        7230M (88%)        3152M (38%)    
[193.471s][info][gc,heap     ] GC(39)      Used:     4786M (58%)        5038M (61%)        3938M (48%)         964M (12%)        5040M (62%)         962M (12%)    
[193.471s][info][gc,heap     ] GC(39)      Live:         -               535M (7%)          535M (7%)          535M (7%)             -                  -          
[193.471s][info][gc,heap     ] GC(39) Allocated:         -               252M (3%)          298M (4%)          340M (4%)             -                  -          
[193.471s][info][gc,heap     ] GC(39)   Garbage:         -              4250M (52%)        3104M (38%)          87M (1%)             -                  -          
[193.471s][info][gc,heap     ] GC(39) Reclaimed:         -                  -              1146M (14%)        4162M (51%)            -                  -          
[193.471s][info][gc          ] GC(39) Garbage Collection (Allocation Rate) 4786M(58%)->964M(12%)
[199.169s][info][gc,start    ] GC(40) Garbage Collection (Allocation Rate)
[199.169s][info][gc,task     ] GC(40) Using 2 workers
[199.169s][info][gc,phases   ] GC(40) Pause Mark Start 0.006ms
[200.042s][info][gc,phases   ] GC(40) Concurrent Mark 872.889ms
[200.042s][info][gc,phases   ] GC(40) Pause Mark End 0.055ms
[200.042s][info][gc,phases   ] GC(40) Concurrent Mark Free 0.000ms
[200.055s][info][gc,phases   ] GC(40) Concurrent Process Non-Strong References 13.609ms
[200.056s][info][gc,phases   ] GC(40) Concurrent Reset Relocation Set 0.116ms
[200.059s][info][gc,phases   ] GC(40) Concurrent Select Relocation Set 3.778ms
[200.063s][info][gc,phases   ] GC(40) Pause Relocate Start 0.009ms
[200.097s][info][gc,phases   ] GC(40) Concurrent Relocate 33.502ms
[200.097s][info][gc,load     ] GC(40) Load: 0.00/0.00/0.00
[200.097s][info][gc,mmu      ] GC(40) MMU: 2ms/94.9%, 5ms/98.0%, 10ms/99.0%, 20ms/99.5%, 50ms/99.8%, 100ms/99.9%
[200.097s][info][gc,marking  ] GC(40) Mark: 2 stripe(s), 2 proactive flush(es), 1 terminate flush(es), 1 completion(s), 0 continuation(s) 
[200.097s][info][gc,marking  ] GC(40) Mark Stack Usage: 32M
[200.097s][info][gc,nmethod  ] GC(40) NMethods: 7879 registered, 824 unregistered
[200.097s][info][gc,metaspace] GC(40) Metaspace: 130M used, 131M committed, 1152M reserved
[200.097s][info][gc,ref      ] GC(40) Soft: 6070 encountered, 0 discovered, 0 enqueued
[200.097s][info][gc,ref      ] GC(40) Weak: 23028 encountered, 11898 discovered, 3 enqueued
[200.097s][info][gc,ref      ] GC(40) Final: 34 encountered, 0 discovered, 0 enqueued
[200.097s][info][gc,ref      ] GC(40) Phantom: 571 encountered, 402 discovered, 0 enqueued
[200.097s][info][gc,reloc    ] GC(40) Small Pages: 2455 / 4910M, Empty: 1560M, Relocated: 87M, In-Place: 0
[200.097s][info][gc,reloc    ] GC(40) Medium Pages: 2 / 64M, Empty: 0M, Relocated: 0M, In-Place: 0
[200.097s][info][gc,reloc    ] GC(40) Large Pages: 0 / 0M, Empty: 0M, Relocated: 0M, In-Place: 0
[200.097s][info][gc,reloc    ] GC(40) Forwarding Usage: 24M
[200.097s][info][gc,heap     ] GC(40) Min Capacity: 8192M(100%)
[200.097s][info][gc,heap     ] GC(40) Max Capacity: 8192M(100%)
[200.097s][info][gc,heap     ] GC(40) Soft Max Capacity: 8192M(100%)
[200.097s][info][gc,heap     ] GC(40)                Mark Start          Mark End        Relocate Start      Relocate End           High               Low         
[200.097s][info][gc,heap     ] GC(40)  Capacity:     8192M (100%)       8192M (100%)       8192M (100%)       8192M (100%)       8192M (100%)       8192M (100%)   
[200.097s][info][gc,heap     ] GC(40)      Free:     3218M (39%)        3008M (37%)        4564M (56%)        7336M (90%)        7336M (90%)        3004M (37%)    
[200.097s][info][gc,heap     ] GC(40)      Used:     4974M (61%)        5184M (63%)        3628M (44%)         856M (10%)        5188M (63%)         856M (10%)    
[200.097s][info][gc,heap     ] GC(40)      Live:         -               541M (7%)          541M (7%)          541M (7%)             -                  -          
[200.097s][info][gc,heap     ] GC(40) Allocated:         -               210M (3%)          214M (3%)          227M (3%)             -                  -          
[200.097s][info][gc,heap     ] GC(40)   Garbage:         -              4432M (54%)        2872M (35%)          87M (1%)             -                  -          
[200.097s][info][gc,heap     ] GC(40) Reclaimed:         -                  -              1560M (19%)        4345M (53%)            -                  -          
[200.097s][info][gc          ] GC(40) Garbage Collection (Allocation Rate) 4974M(61%)->856M(10%)
[200.268s][info][gc,stats    ] === Garbage Collection Statistics =======================================================================================================================
[200.268s][info][gc,stats    ]                                                              Last 10s              Last 10m              Last 10h                Total
[200.268s][info][gc,stats    ]                                                              Avg / Max             Avg / Max             Avg / Max             Avg / Max
[200.268s][info][gc,stats    ]   Collector: Garbage Collection Cycle                    865.657 / 928.326    1405.491 / 4070.124   1405.491 / 4070.124   1405.491 / 4070.124    ms
[200.268s][info][gc,stats    ]  Contention: Mark Segment Reset Contention                     0 / 1                 0 / 2                 0 / 2                 0 / 2           ops/s
[200.268s][info][gc,stats    ]  Contention: Mark SeqNum Reset Contention                      0 / 0                 0 / 1                 0 / 1                 0 / 1           ops/s
[200.268s][info][gc,stats    ]    Critical: Allocation Stall                                  0 / 0                 0 / 0                 0 / 0                 0 / 0           ops/s
[200.268s][info][gc,stats    ]    Critical: Allocation Stall                              0.000 / 0.000         0.000 / 0.000         0.000 / 0.000         0.000 / 0.000       ms
[200.268s][info][gc,stats    ]    Critical: GC Locker Stall                                   0 / 1                 0 / 1                 0 / 1                 0 / 1           ops/s
[200.268s][info][gc,stats    ]    Critical: GC Locker Stall                               0.055 / 0.055         0.066 / 0.151         0.066 / 0.151         0.066 / 0.151       ms
[200.268s][info][gc,stats    ]    Critical: Relocation Stall                                  0 / 0                 0 / 0                 0 / 0                 0 / 0           ops/s
[200.268s][info][gc,stats    ]    Critical: Relocation Stall                              0.000 / 0.000         0.000 / 0.000         0.000 / 0.000         0.000 / 0.000       ms
[200.268s][info][gc,stats    ]      Memory: Allocation Rate                                 630 / 862             555 / 1112            555 / 1112            555 / 1112        MB/s
[200.268s][info][gc,stats    ]      Memory: Defragment                                        0 / 0                 0 / 0                 0 / 0                 0 / 0           ops/s
[200.268s][info][gc,stats    ]      Memory: Out Of Memory                                     0 / 0                 0 / 0                 0 / 0                 0 / 0           ops/s
[200.268s][info][gc,stats    ]      Memory: Page Cache Flush                                  0 / 0                 0 / 0                 0 / 0                 0 / 0           MB/s
[200.268s][info][gc,stats    ]      Memory: Page Cache Hit L1                               323 / 431             265 / 621             265 / 621             265 / 621         ops/s
[200.268s][info][gc,stats    ]      Memory: Page Cache Hit L2                                 0 / 0                 0 / 0                 0 / 0                 0 / 0           ops/s
[200.268s][info][gc,stats    ]      Memory: Page Cache Hit L3                                 0 / 0                18 / 397              18 / 397              18 / 397         ops/s
[200.268s][info][gc,stats    ]      Memory: Page Cache Miss                                   0 / 0                 0 / 1                 0 / 1                 0 / 1           ops/s
[200.268s][info][gc,stats    ]      Memory: Uncommit                                          0 / 0                 0 / 0                 0 / 0                 0 / 0           MB/s
[200.268s][info][gc,stats    ]      Memory: Undo Object Allocation Failed                     0 / 0                 0 / 0                 0 / 0                 0 / 0           ops/s
[200.268s][info][gc,stats    ]      Memory: Undo Object Allocation Succeeded                  0 / 2                 3 / 209               3 / 209               3 / 209         ops/s
[200.268s][info][gc,stats    ]      Memory: Undo Page Allocation                              0 / 0                 0 / 0                 0 / 0                 0 / 0           ops/s
[200.268s][info][gc,stats    ]       Phase: Concurrent Mark                             775.994 / 872.889    1094.368 / 2698.907   1094.368 / 2698.907   1094.368 / 2698.907    ms
[200.268s][info][gc,stats    ]       Phase: Concurrent Mark Continue                      0.000 / 0.000         0.000 / 0.000         0.000 / 0.000         0.000 / 0.000       ms
[200.269s][info][gc,stats    ]       Phase: Concurrent Mark Free                          0.000 / 0.000         0.001 / 0.002         0.001 / 0.002         0.001 / 0.002       ms
[200.269s][info][gc,stats    ]       Phase: Concurrent Process Non-Strong References     10.693 / 13.609       16.294 / 34.962       16.294 / 34.962       16.294 / 34.962      ms
[200.269s][info][gc,stats    ]       Phase: Concurrent Relocate                          39.810 / 46.118       46.060 / 150.389      46.060 / 150.389      46.060 / 150.389     ms
[200.269s][info][gc,stats    ]       Phase: Concurrent Reset Relocation Set               0.090 / 0.116         0.082 / 0.173         0.082 / 0.173         0.082 / 0.173       ms
[200.269s][info][gc,stats    ]       Phase: Concurrent Select Relocation Set             36.408 / 69.038      243.489 / 2442.561    243.489 / 2442.561    243.489 / 2442.561    ms
[200.269s][info][gc,stats    ]       Phase: Pause Mark End                                0.035 / 0.055         0.030 / 0.102         0.030 / 0.102         0.030 / 0.102       ms
[200.269s][info][gc,stats    ]       Phase: Pause Mark Start                              0.007 / 0.008         0.005 / 0.011         0.005 / 0.011         0.005 / 0.011       ms
[200.269s][info][gc,stats    ]       Phase: Pause Relocate Start                          0.009 / 0.009         0.013 / 0.066         0.013 / 0.066         0.013 / 0.066       ms
[200.269s][info][gc,stats    ]    Subphase: Concurrent Classes Purge                      0.190 / 0.255         0.960 / 5.775         0.960 / 5.775         0.960 / 5.775       ms
[200.269s][info][gc,stats    ]    Subphase: Concurrent Classes Unlink                     5.756 / 5.824         9.910 / 24.764        9.910 / 24.764        9.910 / 24.764      ms
[200.269s][info][gc,stats    ]    Subphase: Concurrent Mark                             766.218 / 856.078     994.159 / 2695.469    994.159 / 2695.469    994.159 / 2695.469    ms
[200.269s][info][gc,stats    ]    Subphase: Concurrent Mark Try Flush                     1.338 / 4.209         2.013 / 14.930        2.013 / 14.930        2.013 / 14.930      ms
[200.269s][info][gc,stats    ]    Subphase: Concurrent Mark Try Terminate                 0.807 / 1.516         1.067 / 12.169        1.067 / 12.169        1.067 / 12.169      ms
[200.269s][info][gc,stats    ]    Subphase: Concurrent References Enqueue                 0.002 / 0.002         0.002 / 0.006         0.002 / 0.006         0.002 / 0.006       ms
[200.269s][info][gc,stats    ]    Subphase: Concurrent References Process                 0.525 / 0.865         0.581 / 1.628         0.581 / 1.628         0.581 / 1.628       ms
[200.269s][info][gc,stats    ]    Subphase: Concurrent Roots ClassLoaderDataGraph         0.275 / 0.425         0.264 / 0.882         0.264 / 0.882         0.264 / 0.882       ms
[200.269s][info][gc,stats    ]    Subphase: Concurrent Roots CodeCache                    0.000 / 0.000         0.000 / 0.000         0.000 / 0.000         0.000 / 0.000       ms
[200.269s][info][gc,stats    ]    Subphase: Concurrent Roots JavaThreads                  5.223 / 16.473        1.913 / 16.473        1.913 / 16.473        1.913 / 16.473      ms
[200.269s][info][gc,stats    ]    Subphase: Concurrent Roots OopStorageSet                0.067 / 0.077         0.068 / 0.198         0.068 / 0.198         0.068 / 0.198       ms
[200.269s][info][gc,stats    ]    Subphase: Concurrent Weak Roots OopStorageSet           1.243 / 1.265         1.515 / 3.412         1.515 / 3.412         1.515 / 3.412       ms
[200.269s][info][gc,stats    ]    Subphase: Pause Mark Try Complete                       0.000 / 0.001         0.001 / 0.002         0.001 / 0.002         0.001 / 0.002       ms
[200.269s][info][gc,stats    ]      System: Java Threads                                     76 / 76               69 / 80               69 / 80               69 / 80          threads
[200.269s][info][gc,stats    ] =========================================================================================================================================================
[204.068s][info][gc,start    ] GC(41) Garbage Collection (Allocation Rate)
[204.068s][info][gc,task     ] GC(41) Using 2 workers
[204.068s][info][gc,phases   ] GC(41) Pause Mark Start 0.005ms
[204.896s][info][gc,phases   ] GC(41) Concurrent Mark 827.918ms
[204.905s][info][gc,phases   ] GC(41) Pause Mark End 0.040ms
[204.905s][info][gc,phases   ] GC(41) Concurrent Mark Free 0.001ms
[204.920s][info][gc,phases   ] GC(41) Concurrent Process Non-Strong References 14.699ms
[204.920s][info][gc,phases   ] GC(41) Concurrent Reset Relocation Set 0.203ms
[204.926s][info][gc,phases   ] GC(41) Concurrent Select Relocation Set 6.061ms
[204.933s][info][gc,phases   ] GC(41) Pause Relocate Start 0.013ms
[205.005s][info][gc,phases   ] GC(41) Concurrent Relocate 72.215ms
[205.006s][info][gc,load     ] GC(41) Load: 0.00/0.00/0.00
[205.006s][info][gc,mmu      ] GC(41) MMU: 2ms/94.9%, 5ms/98.0%, 10ms/99.0%, 20ms/99.5%, 50ms/99.8%, 100ms/99.9%
[205.006s][info][gc,marking  ] GC(41) Mark: 2 stripe(s), 2 proactive flush(es), 1 terminate flush(es), 0 completion(s), 0 continuation(s) 
[205.006s][info][gc,marking  ] GC(41) Mark Stack Usage: 32M
[205.006s][info][gc,nmethod  ] GC(41) NMethods: 7898 registered, 844 unregistered
[205.006s][info][gc,metaspace] GC(41) Metaspace: 130M used, 131M committed, 1152M reserved
[205.006s][info][gc,ref      ] GC(41) Soft: 6070 encountered, 0 discovered, 0 enqueued
[205.006s][info][gc,ref      ] GC(41) Weak: 23025 encountered, 13112 discovered, 1 enqueued
[205.006s][info][gc,ref      ] GC(41) Final: 34 encountered, 0 discovered, 0 enqueued
[205.006s][info][gc,ref      ] GC(41) Phantom: 571 encountered, 522 discovered, 0 enqueued
[205.006s][info][gc,reloc    ] GC(41) Small Pages: 2113 / 4226M, Empty: 1370M, Relocated: 90M, In-Place: 0
[205.006s][info][gc,reloc    ] GC(41) Medium Pages: 2 / 64M, Empty: 0M, Relocated: 0M, In-Place: 0
[205.006s][info][gc,reloc    ] GC(41) Large Pages: 0 / 0M, Empty: 0M, Relocated: 0M, In-Place: 0
[205.006s][info][gc,reloc    ] GC(41) Forwarding Usage: 23M
[205.006s][info][gc,heap     ] GC(41) Min Capacity: 8192M(100%)
[205.006s][info][gc,heap     ] GC(41) Max Capacity: 8192M(100%)
[205.006s][info][gc,heap     ] GC(41) Soft Max Capacity: 8192M(100%)
[205.006s][info][gc,heap     ] GC(41)                Mark Start          Mark End        Relocate Start      Relocate End           High               Low         
[205.006s][info][gc,heap     ] GC(41)  Capacity:     8192M (100%)       8192M (100%)       8192M (100%)       8192M (100%)       8192M (100%)       8192M (100%)   
[205.006s][info][gc,heap     ] GC(41)      Free:     3902M (48%)        3764M (46%)        5132M (63%)        7348M (90%)        7348M (90%)        3762M (46%)    
[205.006s][info][gc,heap     ] GC(41)      Used:     4290M (52%)        4428M (54%)        3060M (37%)         844M (10%)        4430M (54%)         844M (10%)    
[205.006s][info][gc,heap     ] GC(41)      Live:         -               549M (7%)          549M (7%)          549M (7%)             -                  -          
[205.006s][info][gc,heap     ] GC(41) Allocated:         -               138M (2%)          140M (2%)          202M (2%)             -                  -          
[205.006s][info][gc,heap     ] GC(41)   Garbage:         -              3740M (46%)        2370M (29%)          91M (1%)             -                  -          
[205.006s][info][gc,heap     ] GC(41) Reclaimed:         -                  -              1370M (17%)        3648M (45%)            -                  -          
[205.006s][info][gc          ] GC(41) Garbage Collection (Allocation Rate) 4290M(52%)->844M(10%)
[210.268s][info][gc,stats    ] === Garbage Collection Statistics =======================================================================================================================
[210.268s][info][gc,stats    ]                                                              Last 10s              Last 10m              Last 10h                Total
[210.268s][info][gc,stats    ]                                                              Avg / Max             Avg / Max             Avg / Max             Avg / Max
[210.268s][info][gc,stats    ]   Collector: Garbage Collection Cycle                    937.863 / 937.863    1394.357 / 4070.124   1394.357 / 4070.124   1394.357 / 4070.124    ms
[210.268s][info][gc,stats    ]  Contention: Mark Segment Reset Contention                     0 / 0                 0 / 2                 0 / 2                 0 / 2           ops/s
[210.269s][info][gc,stats    ]  Contention: Mark SeqNum Reset Contention                      0 / 0                 0 / 1                 0 / 1                 0 / 1           ops/s
[210.269s][info][gc,stats    ]    Critical: Allocation Stall                                  0 / 0                 0 / 0                 0 / 0                 0 / 0           ops/s
[210.269s][info][gc,stats    ]    Critical: Allocation Stall                              0.000 / 0.000         0.000 / 0.000         0.000 / 0.000         0.000 / 0.000       ms
[210.269s][info][gc,stats    ]    Critical: GC Locker Stall                                   0 / 0                 0 / 1                 0 / 1                 0 / 1           ops/s
[210.269s][info][gc,stats    ]    Critical: GC Locker Stall                               0.000 / 0.000         0.066 / 0.151         0.066 / 0.151         0.066 / 0.151       ms
[210.269s][info][gc,stats    ]    Critical: Relocation Stall                                  0 / 0                 0 / 0                 0 / 0                 0 / 0           ops/s
[210.269s][info][gc,stats    ]    Critical: Relocation Stall                              0.000 / 0.000         0.000 / 0.000         0.000 / 0.000         0.000 / 0.000       ms
[210.269s][info][gc,stats    ]      Memory: Allocation Rate                                 724 / 1014            563 / 1112            563 / 1112            563 / 1112        MB/s
[210.269s][info][gc,stats    ]      Memory: Defragment                                        0 / 0                 0 / 0                 0 / 0                 0 / 0           ops/s
[210.269s][info][gc,stats    ]      Memory: Out Of Memory                                     0 / 0                 0 / 0                 0 / 0                 0 / 0           ops/s
[210.269s][info][gc,stats    ]      Memory: Page Cache Flush                                  0 / 0                 0 / 0                 0 / 0                 0 / 0           MB/s
[210.269s][info][gc,stats    ]      Memory: Page Cache Hit L1                               367 / 507             269 / 621             269 / 621             269 / 621         ops/s
[210.269s][info][gc,stats    ]      Memory: Page Cache Hit L2                                 0 / 0                 0 / 0                 0 / 0                 0 / 0           ops/s
[210.269s][info][gc,stats    ]      Memory: Page Cache Hit L3                                 0 / 0                18 / 397              18 / 397              18 / 397         ops/s
[210.269s][info][gc,stats    ]      Memory: Page Cache Miss                                   0 / 0                 0 / 1                 0 / 1                 0 / 1           ops/s
[210.269s][info][gc,stats    ]      Memory: Uncommit                                          0 / 0                 0 / 0                 0 / 0                 0 / 0           MB/s
[210.269s][info][gc,stats    ]      Memory: Undo Object Allocation Failed                     0 / 0                 0 / 0                 0 / 0                 0 / 0           ops/s
[210.269s][info][gc,stats    ]      Memory: Undo Object Allocation Succeeded                  0 / 1                 2 / 209               2 / 209               2 / 209         ops/s
[210.269s][info][gc,stats    ]      Memory: Undo Page Allocation                              0 / 0                 0 / 0                 0 / 0                 0 / 0           ops/s
[210.269s][info][gc,stats    ]       Phase: Concurrent Mark                             827.918 / 827.918    1088.024 / 2698.907   1088.024 / 2698.907   1088.024 / 2698.907    ms
[210.269s][info][gc,stats    ]       Phase: Concurrent Mark Continue                      0.000 / 0.000         0.000 / 0.000         0.000 / 0.000         0.000 / 0.000       ms
[210.269s][info][gc,stats    ]       Phase: Concurrent Mark Free                          0.001 / 0.001         0.001 / 0.002         0.001 / 0.002         0.001 / 0.002       ms
[210.269s][info][gc,stats    ]       Phase: Concurrent Process Non-Strong References     14.699 / 14.699       16.256 / 34.962       16.256 / 34.962       16.256 / 34.962      ms
[210.269s][info][gc,stats    ]       Phase: Concurrent Relocate                          72.215 / 72.215       46.683 / 150.389      46.683 / 150.389      46.683 / 150.389     ms
[210.269s][info][gc,stats    ]       Phase: Concurrent Reset Relocation Set               0.203 / 0.203         0.085 / 0.203         0.085 / 0.203         0.085 / 0.203       ms
[210.269s][info][gc,stats    ]       Phase: Concurrent Select Relocation Set              6.061 / 6.061       237.837 / 2442.561    237.837 / 2442.561    237.837 / 2442.561    ms
[210.269s][info][gc,stats    ]       Phase: Pause Mark End                                0.040 / 0.040         0.030 / 0.102         0.030 / 0.102         0.030 / 0.102       ms
[210.269s][info][gc,stats    ]       Phase: Pause Mark Start                              0.005 / 0.005         0.005 / 0.011         0.005 / 0.011         0.005 / 0.011       ms
[210.269s][info][gc,stats    ]       Phase: Pause Relocate Start                          0.013 / 0.013         0.013 / 0.066         0.013 / 0.066         0.013 / 0.066       ms
[210.269s][info][gc,stats    ]    Subphase: Concurrent Classes Purge                      0.193 / 0.193         0.942 / 5.775         0.942 / 5.775         0.942 / 5.775       ms
[210.269s][info][gc,stats    ]    Subphase: Concurrent Classes Unlink                     7.503 / 7.503         9.853 / 24.764        9.853 / 24.764        9.853 / 24.764      ms
[210.269s][info][gc,stats    ]    Subphase: Concurrent Mark                             825.836 / 826.243     989.843 / 2695.469    989.843 / 2695.469    989.843 / 2695.469    ms
[210.269s][info][gc,stats    ]    Subphase: Concurrent Mark Try Flush                     2.118 / 5.406         2.015 / 14.930        2.015 / 14.930        2.015 / 14.930      ms
[210.269s][info][gc,stats    ]    Subphase: Concurrent Mark Try Terminate                 0.927 / 1.516         1.062 / 12.169        1.062 / 12.169        1.062 / 12.169      ms
[210.269s][info][gc,stats    ]    Subphase: Concurrent References Enqueue                 0.003 / 0.003         0.002 / 0.006         0.002 / 0.006         0.002 / 0.006       ms
[210.269s][info][gc,stats    ]    Subphase: Concurrent References Process                 1.183 / 1.183         0.595 / 1.628         0.595 / 1.628         0.595 / 1.628       ms
[210.269s][info][gc,stats    ]    Subphase: Concurrent Roots ClassLoaderDataGraph         0.234 / 0.355         0.263 / 0.882         0.263 / 0.882         0.263 / 0.882       ms
[210.269s][info][gc,stats    ]    Subphase: Concurrent Roots CodeCache                    0.000 / 0.000         0.000 / 0.000         0.000 / 0.000         0.000 / 0.000       ms
[210.269s][info][gc,stats    ]    Subphase: Concurrent Roots JavaThreads                  1.227 / 1.348         1.895 / 16.473        1.895 / 16.473        1.895 / 16.473      ms
[210.269s][info][gc,stats    ]    Subphase: Concurrent Roots OopStorageSet                0.053 / 0.060         0.068 / 0.198         0.068 / 0.198         0.068 / 0.198       ms
[210.269s][info][gc,stats    ]    Subphase: Concurrent Weak Roots OopStorageSet           1.246 / 1.248         1.508 / 3.412         1.508 / 3.412         1.508 / 3.412       ms
[210.269s][info][gc,stats    ]    Subphase: Pause Mark Try Complete                       0.000 / 0.000         0.001 / 0.002         0.001 / 0.002         0.001 / 0.002       ms
[210.269s][info][gc,stats    ]      System: Java Threads                                     76 / 76               70 / 80               70 / 80               70 / 80          threads
[210.269s][info][gc,stats    ] =========================================================================================================================================================
[211.567s][info][gc,start    ] GC(42) Garbage Collection (Allocation Rate)
[211.567s][info][gc,task     ] GC(42) Using 1 workers
[211.567s][info][gc,phases   ] GC(42) Pause Mark Start 0.005ms
[216.832s][info][gc,phases   ] GC(42) Concurrent Mark 5264.294ms
[216.832s][info][gc,phases   ] GC(42) Pause Mark End 0.021ms
[216.832s][info][gc,phases   ] GC(42) Concurrent Mark Free 0.001ms
[216.895s][info][gc,phases   ] GC(42) Concurrent Process Non-Strong References 63.100ms
[216.895s][info][gc,phases   ] GC(42) Concurrent Reset Relocation Set 0.095ms
[219.282s][info][gc,phases   ] GC(42) Concurrent Select Relocation Set 2386.901ms
[219.288s][info][gc,phases   ] GC(42) Pause Relocate Start 0.010ms
[219.377s][info][gc,phases   ] GC(42) Concurrent Relocate 89.132ms
[219.377s][info][gc,load     ] GC(42) Load: 0.00/0.00/0.00
[219.377s][info][gc,mmu      ] GC(42) MMU: 2ms/94.9%, 5ms/98.0%, 10ms/99.0%, 20ms/99.5%, 50ms/99.8%, 100ms/99.9%
[219.377s][info][gc,marking  ] GC(42) Mark: 1 stripe(s), 2 proactive flush(es), 1 terminate flush(es), 0 completion(s), 0 continuation(s) 
[219.377s][info][gc,marking  ] GC(42) Mark Stack Usage: 32M
[219.377s][info][gc,nmethod  ] GC(42) NMethods: 7969 registered, 876 unregistered
[219.377s][info][gc,metaspace] GC(42) Metaspace: 130M used, 131M committed, 1152M reserved
[219.377s][info][gc,ref      ] GC(42) Soft: 6070 encountered, 0 discovered, 0 enqueued
[219.377s][info][gc,ref      ] GC(42) Weak: 23025 encountered, 907 discovered, 0 enqueued
[219.377s][info][gc,ref      ] GC(42) Final: 34 encountered, 0 discovered, 0 enqueued
[219.377s][info][gc,ref      ] GC(42) Phantom: 571 encountered, 466 discovered, 0 enqueued
[219.377s][info][gc,reloc    ] GC(42) Small Pages: 2746 / 5492M, Empty: 1558M, Relocated: 108M, In-Place: 0
[219.377s][info][gc,reloc    ] GC(42) Medium Pages: 2 / 64M, Empty: 0M, Relocated: 0M, In-Place: 0
[219.377s][info][gc,reloc    ] GC(42) Large Pages: 0 / 0M, Empty: 0M, Relocated: 0M, In-Place: 0
[219.377s][info][gc,reloc    ] GC(42) Forwarding Usage: 32M
[219.377s][info][gc,heap     ] GC(42) Min Capacity: 8192M(100%)
[219.384s][info][gc,heap     ] GC(42) Max Capacity: 8192M(100%)
[219.384s][info][gc,heap     ] GC(42) Soft Max Capacity: 8192M(100%)
[219.384s][info][gc,heap     ] GC(42)                Mark Start          Mark End        Relocate Start      Relocate End           High               Low         
[219.384s][info][gc,heap     ] GC(42)  Capacity:     8192M (100%)       8192M (100%)       8192M (100%)       8192M (100%)       8192M (100%)       8192M (100%)   
[219.384s][info][gc,heap     ] GC(42)      Free:     2636M (32%)        2334M (28%)        3620M (44%)        6992M (85%)        6992M (85%)        2320M (28%)    
[219.384s][info][gc,heap     ] GC(42)      Used:     5556M (68%)        5858M (72%)        4572M (56%)        1200M (15%)        5872M (72%)        1200M (15%)    
[219.384s][info][gc,heap     ] GC(42)      Live:         -               538M (7%)          538M (7%)          538M (7%)             -                  -          
[219.384s][info][gc,heap     ] GC(42) Allocated:         -               302M (4%)          574M (7%)          575M (7%)             -                  -          
[219.384s][info][gc,heap     ] GC(42)   Garbage:         -              5017M (61%)        3459M (42%)          85M (1%)             -                  -          
[219.384s][info][gc,heap     ] GC(42) Reclaimed:         -                  -              1558M (19%)        4931M (60%)            -                  -          
[219.384s][info][gc          ] GC(42) Garbage Collection (Allocation Rate) 5556M(68%)->1200M(15%)
[219.468s][info][gc,start    ] GC(43) Garbage Collection (Allocation Rate)
[219.468s][info][gc,task     ] GC(43) Using 2 workers
[219.881s][info][gc,phases   ] GC(43) Pause Mark Start 7.250ms
[220.268s][info][gc,stats    ] === Garbage Collection Statistics =======================================================================================================================
[220.268s][info][gc,stats    ]                                                              Last 10s              Last 10m              Last 10h                Total
[220.268s][info][gc,stats    ]                                                              Avg / Max             Avg / Max             Avg / Max             Avg / Max
[220.268s][info][gc,stats    ]   Collector: Garbage Collection Cycle                   7809.708 / 7809.708   1543.551 / 7809.708   1543.551 / 7809.708   1543.551 / 7809.708    ms
[220.268s][info][gc,stats    ]  Contention: Mark Segment Reset Contention                     0 / 1                 0 / 2                 0 / 2                 0 / 2           ops/s
[220.268s][info][gc,stats    ]  Contention: Mark SeqNum Reset Contention                      0 / 0                 0 / 1                 0 / 1                 0 / 1           ops/s
[220.268s][info][gc,stats    ]    Critical: Allocation Stall                                  0 / 0                 0 / 0                 0 / 0                 0 / 0           ops/s
[220.268s][info][gc,stats    ]    Critical: Allocation Stall                              0.000 / 0.000         0.000 / 0.000         0.000 / 0.000         0.000 / 0.000       ms
[220.268s][info][gc,stats    ]    Critical: GC Locker Stall                                   0 / 0                 0 / 1                 0 / 1                 0 / 1           ops/s
[220.268s][info][gc,stats    ]    Critical: GC Locker Stall                               0.000 / 0.000         0.066 / 0.151         0.066 / 0.151         0.066 / 0.151       ms
[220.268s][info][gc,stats    ]    Critical: Relocation Stall                                  0 / 0                 0 / 0                 0 / 0                 0 / 0           ops/s
[220.268s][info][gc,stats    ]    Critical: Relocation Stall                              0.000 / 0.000         0.000 / 0.000         0.000 / 0.000         0.000 / 0.000       ms
[220.268s][info][gc,stats    ]      Memory: Allocation Rate                                 163 / 766             545 / 1112            545 / 1112            545 / 1112        MB/s
[220.268s][info][gc,stats    ]      Memory: Defragment                                        0 / 0                 0 / 0                 0 / 0                 0 / 0           ops/s
[220.268s][info][gc,stats    ]      Memory: Out Of Memory                                     0 / 0                 0 / 0                 0 / 0                 0 / 0           ops/s
[220.268s][info][gc,stats    ]      Memory: Page Cache Flush                                  0 / 0                 0 / 0                 0 / 0                 0 / 0           MB/s
[220.268s][info][gc,stats    ]      Memory: Page Cache Hit L1                                87 / 383             261 / 621             261 / 621             261 / 621         ops/s
[220.268s][info][gc,stats    ]      Memory: Page Cache Hit L2                                 0 / 0                 0 / 0                 0 / 0                 0 / 0           ops/s
[220.268s][info][gc,stats    ]      Memory: Page Cache Hit L3                                 0 / 0                17 / 397              17 / 397              17 / 397         ops/s
[220.268s][info][gc,stats    ]      Memory: Page Cache Miss                                   0 / 0                 0 / 1                 0 / 1                 0 / 1           ops/s
[220.268s][info][gc,stats    ]      Memory: Uncommit                                          0 / 0                 0 / 0                 0 / 0                 0 / 0           MB/s
[220.268s][info][gc,stats    ]      Memory: Undo Object Allocation Failed                     0 / 0                 0 / 0                 0 / 0                 0 / 0           ops/s
[220.268s][info][gc,stats    ]      Memory: Undo Object Allocation Succeeded                  0 / 1                 2 / 209               2 / 209               2 / 209         ops/s
[220.268s][info][gc,stats    ]      Memory: Undo Page Allocation                              0 / 0                 0 / 0                 0 / 0                 0 / 0           ops/s
[220.268s][info][gc,stats    ]       Phase: Concurrent Mark                            5264.294 / 5264.294   1185.147 / 5264.294   1185.147 / 5264.294   1185.147 / 5264.294    ms
[220.268s][info][gc,stats    ]       Phase: Concurrent Mark Continue                      0.000 / 0.000         0.000 / 0.000         0.000 / 0.000         0.000 / 0.000       ms
[220.268s][info][gc,stats    ]       Phase: Concurrent Mark Free                          0.001 / 0.001         0.001 / 0.002         0.001 / 0.002         0.001 / 0.002       ms
[220.268s][info][gc,stats    ]       Phase: Concurrent Process Non-Strong References     63.100 / 63.100       17.346 / 63.100       17.346 / 63.100       17.346 / 63.100      ms
[220.268s][info][gc,stats    ]       Phase: Concurrent Relocate                          89.132 / 89.132       47.670 / 150.389      47.670 / 150.389      47.670 / 150.389     ms
[220.268s][info][gc,stats    ]       Phase: Concurrent Reset Relocation Set               0.095 / 0.095         0.085 / 0.203         0.085 / 0.203         0.085 / 0.203       ms
[220.268s][info][gc,stats    ]       Phase: Concurrent Select Relocation Set           2386.901 / 2386.901    287.815 / 2442.561    287.815 / 2442.561    287.815 / 2442.561    ms
[220.268s][info][gc,stats    ]       Phase: Pause Mark End                                0.021 / 0.021         0.030 / 0.102         0.030 / 0.102         0.030 / 0.102       ms
[220.268s][info][gc,stats    ]       Phase: Pause Mark Start                              3.627 / 7.250         0.170 / 7.250         0.170 / 7.250         0.170 / 7.250       ms
[220.268s][info][gc,stats    ]       Phase: Pause Relocate Start                          0.010 / 0.010         0.013 / 0.066         0.013 / 0.066         0.013 / 0.066       ms
[220.268s][info][gc,stats    ]    Subphase: Concurrent Classes Purge                      0.291 / 0.291         0.927 / 5.775         0.927 / 5.775         0.927 / 5.775       ms
[220.268s][info][gc,stats    ]    Subphase: Concurrent Classes Unlink                    54.941 / 54.941       10.901 / 54.941       10.901 / 54.941       10.901 / 54.941      ms
[220.268s][info][gc,stats    ]    Subphase: Concurrent Mark                            5176.991 / 5176.991   1042.845 / 5176.991   1042.845 / 5176.991   1042.845 / 5176.991    ms
[220.268s][info][gc,stats    ]    Subphase: Concurrent Mark Try Flush                     0.669 / 1.970         1.986 / 14.930        1.986 / 14.930        1.986 / 14.930      ms
[220.268s][info][gc,stats    ]    Subphase: Concurrent Mark Try Terminate                 0.006 / 0.013         1.055 / 12.169        1.055 / 12.169        1.055 / 12.169      ms
[220.268s][info][gc,stats    ]    Subphase: Concurrent References Enqueue                 0.000 / 0.000         0.002 / 0.006         0.002 / 0.006         0.002 / 0.006       ms
[220.268s][info][gc,stats    ]    Subphase: Concurrent References Process                 0.207 / 0.207         0.586 / 1.628         0.586 / 1.628         0.586 / 1.628       ms
[220.268s][info][gc,stats    ]    Subphase: Concurrent Roots ClassLoaderDataGraph         7.503 / 13.330        0.531 / 13.330        0.531 / 13.330        0.531 / 13.330      ms
[220.268s][info][gc,stats    ]    Subphase: Concurrent Roots CodeCache                    0.000 / 0.000         0.000 / 0.000         0.000 / 0.000         0.000 / 0.000       ms
[220.269s][info][gc,stats    ]    Subphase: Concurrent Roots JavaThreads                 79.224 / 86.652        4.759 / 86.652        4.759 / 86.652        4.759 / 86.652      ms
[220.269s][info][gc,stats    ]    Subphase: Concurrent Roots OopStorageSet                0.087 / 0.098         0.068 / 0.198         0.068 / 0.198         0.068 / 0.198       ms
[220.269s][info][gc,stats    ]    Subphase: Concurrent Weak Roots OopStorageSet           2.747 / 2.747         1.524 / 3.412         1.524 / 3.412         1.524 / 3.412       ms
[220.269s][info][gc,stats    ]    Subphase: Pause Mark Try Complete                       0.000 / 0.000         0.001 / 0.002         0.001 / 0.002         0.001 / 0.002       ms
[220.269s][info][gc,stats    ]      System: Java Threads                                     76 / 77               70 / 80               70 / 80               70 / 80          threads
[220.269s][info][gc,stats    ] =========================================================================================================================================================
[220.678s][info][gc,phases   ] GC(43) Concurrent Mark 796.957ms
[220.679s][info][gc,phases   ] GC(43) Pause Mark End 0.020ms
[220.679s][info][gc,phases   ] GC(43) Concurrent Mark Free 0.000ms
[222.172s][info][gc,phases   ] GC(43) Concurrent Process Non-Strong References 1493.667ms
[222.173s][info][gc,phases   ] GC(43) Concurrent Reset Relocation Set 0.259ms
[222.176s][info][gc,phases   ] GC(43) Concurrent Select Relocation Set 3.043ms
[222.184s][info][gc,phases   ] GC(43) Pause Relocate Start 0.009ms
[222.202s][info][gc,phases   ] GC(43) Concurrent Relocate 18.312ms
[222.203s][info][gc,load     ] GC(43) Load: 0.00/0.00/0.00
[222.203s][info][gc,mmu      ] GC(43) MMU: 2ms/0.0%, 5ms/0.0%, 10ms/27.5%, 20ms/63.8%, 50ms/85.5%, 100ms/92.8%
[222.203s][info][gc,marking  ] GC(43) Mark: 2 stripe(s), 2 proactive flush(es), 1 terminate flush(es), 0 completion(s), 0 continuation(s) 
[222.203s][info][gc,marking  ] GC(43) Mark Stack Usage: 32M
[222.203s][info][gc,nmethod  ] GC(43) NMethods: 7966 registered, 892 unregistered
[222.203s][info][gc,metaspace] GC(43) Metaspace: 130M used, 131M committed, 1152M reserved
[222.203s][info][gc,ref      ] GC(43) Soft: 6070 encountered, 0 discovered, 0 enqueued
[222.203s][info][gc,ref      ] GC(43) Weak: 23027 encountered, 7976 discovered, 2 enqueued
[222.203s][info][gc,ref      ] GC(43) Final: 34 encountered, 0 discovered, 0 enqueued
[222.203s][info][gc,ref      ] GC(43) Phantom: 571 encountered, 385 discovered, 0 enqueued
[222.203s][info][gc,reloc    ] GC(43) Small Pages: 594 / 1188M, Empty: 116M, Relocated: 33M, In-Place: 0
[222.203s][info][gc,reloc    ] GC(43) Medium Pages: 2 / 64M, Empty: 0M, Relocated: 0M, In-Place: 0
[222.203s][info][gc,reloc    ] GC(43) Large Pages: 0 / 0M, Empty: 0M, Relocated: 0M, In-Place: 0
[222.203s][info][gc,reloc    ] GC(43) Forwarding Usage: 11M
[222.203s][info][gc,heap     ] GC(43) Min Capacity: 8192M(100%)
[222.203s][info][gc,heap     ] GC(43) Max Capacity: 8192M(100%)
[222.203s][info][gc,heap     ] GC(43) Soft Max Capacity: 8192M(100%)
[222.203s][info][gc,heap     ] GC(43)                Mark Start          Mark End        Relocate Start      Relocate End           High               Low         
[222.203s][info][gc,heap     ] GC(43)  Capacity:     8192M (100%)       8192M (100%)       8192M (100%)       8192M (100%)       8192M (100%)       8192M (100%)   
[222.203s][info][gc,heap     ] GC(43)      Free:     6940M (85%)        6826M (83%)        6896M (84%)        7388M (90%)        7388M (90%)        6780M (83%)    
[222.203s][info][gc,heap     ] GC(43)      Used:     1252M (15%)        1366M (17%)        1296M (16%)         804M (10%)        1412M (17%)         804M (10%)    
[222.203s][info][gc,heap     ] GC(43)      Live:         -               532M (6%)          532M (6%)          532M (6%)             -                  -          
[222.203s][info][gc,heap     ] GC(43) Allocated:         -               114M (1%)          160M (2%)          181M (2%)             -                  -          
[222.203s][info][gc,heap     ] GC(43)   Garbage:         -               719M (9%)          603M (7%)           90M (1%)             -                  -          
[222.203s][info][gc,heap     ] GC(43) Reclaimed:         -                  -               116M (1%)          629M (8%)             -                  -          
[222.203s][info][gc          ] GC(43) Garbage Collection (Allocation Rate) 1252M(15%)->804M(10%)
[222.668s][info][gc,start    ] GC(44) Garbage Collection (Allocation Rate)
[222.668s][info][gc,task     ] GC(44) Using 2 workers
[222.668s][info][gc,phases   ] GC(44) Pause Mark Start 0.006ms
[223.101s][info][gc,phases   ] GC(44) Concurrent Mark 432.731ms
[223.101s][info][gc,phases   ] GC(44) Pause Mark End 0.015ms
[223.101s][info][gc,phases   ] GC(44) Concurrent Mark Free 0.001ms
[223.113s][info][gc,phases   ] GC(44) Concurrent Process Non-Strong References 11.971ms
[223.113s][info][gc,phases   ] GC(44) Concurrent Reset Relocation Set 0.020ms
[223.115s][info][gc,phases   ] GC(44) Concurrent Select Relocation Set 1.880ms
[223.115s][info][gc,phases   ] GC(44) Pause Relocate Start 0.008ms
[223.122s][info][gc,phases   ] GC(44) Concurrent Relocate 6.885ms
[223.122s][info][gc,load     ] GC(44) Load: 0.00/0.00/0.00
[223.122s][info][gc,mmu      ] GC(44) MMU: 2ms/0.0%, 5ms/0.0%, 10ms/27.5%, 20ms/63.8%, 50ms/85.5%, 100ms/92.8%
[223.122s][info][gc,marking  ] GC(44) Mark: 2 stripe(s), 2 proactive flush(es), 1 terminate flush(es), 0 completion(s), 0 continuation(s) 
[223.122s][info][gc,marking  ] GC(44) Mark Stack Usage: 32M
[223.122s][info][gc,nmethod  ] GC(44) NMethods: 7970 registered, 895 unregistered
[223.122s][info][gc,metaspace] GC(44) Metaspace: 130M used, 131M committed, 1152M reserved
[223.122s][info][gc,ref      ] GC(44) Soft: 6070 encountered, 0 discovered, 0 enqueued
[223.122s][info][gc,ref      ] GC(44) Weak: 23025 encountered, 11823 discovered, 0 enqueued
[223.122s][info][gc,ref      ] GC(44) Final: 34 encountered, 0 discovered, 0 enqueued
[223.122s][info][gc,ref      ] GC(44) Phantom: 571 encountered, 478 discovered, 0 enqueued
[223.122s][info][gc,reloc    ] GC(44) Small Pages: 511 / 1022M, Empty: 86M, Relocated: 15M, In-Place: 0
[223.122s][info][gc,reloc    ] GC(44) Medium Pages: 2 / 64M, Empty: 0M, Relocated: 0M, In-Place: 0
[223.122s][info][gc,reloc    ] GC(44) Large Pages: 0 / 0M, Empty: 0M, Relocated: 0M, In-Place: 0
[223.122s][info][gc,reloc    ] GC(44) Forwarding Usage: 4M
[223.122s][info][gc,heap     ] GC(44) Min Capacity: 8192M(100%)
[223.122s][info][gc,heap     ] GC(44) Max Capacity: 8192M(100%)
[223.122s][info][gc,heap     ] GC(44) Soft Max Capacity: 8192M(100%)
[223.122s][info][gc,heap     ] GC(44)                Mark Start          Mark End        Relocate Start      Relocate End           High               Low         
[223.122s][info][gc,heap     ] GC(44)  Capacity:     8192M (100%)       8192M (100%)       8192M (100%)       8192M (100%)       8192M (100%)       8192M (100%)   
[223.122s][info][gc,heap     ] GC(44)      Free:     7106M (87%)        6874M (84%)        6952M (85%)        7318M (89%)        7318M (89%)        6866M (84%)    
[223.122s][info][gc,heap     ] GC(44)      Used:     1086M (13%)        1318M (16%)        1240M (15%)         874M (11%)        1326M (16%)         874M (11%)    
[223.122s][info][gc,heap     ] GC(44)      Live:         -               532M (7%)          532M (7%)          532M (7%)             -                  -          
[223.122s][info][gc,heap     ] GC(44) Allocated:         -               232M (3%)          240M (3%)          245M (3%)             -                  -          
[223.122s][info][gc,heap     ] GC(44)   Garbage:         -               553M (7%)          467M (6%)           95M (1%)             -                  -          
[223.122s][info][gc,heap     ] GC(44) Reclaimed:         -                  -                86M (1%)          457M (6%)             -                  -          
[223.122s][info][gc          ] GC(44) Garbage Collection (Allocation Rate) 1086M(13%)->874M(11%)
[223.168s][info][gc,start    ] GC(45) Garbage Collection (Allocation Rate)
[223.168s][info][gc,task     ] GC(45) Using 2 workers
[223.168s][info][gc,phases   ] GC(45) Pause Mark Start 0.006ms
[223.501s][info][gc,phases   ] GC(45) Concurrent Mark 333.669ms
[223.502s][info][gc,phases   ] GC(45) Pause Mark End 0.015ms
[223.502s][info][gc,phases   ] GC(45) Concurrent Mark Free 0.000ms
[223.516s][info][gc,phases   ] GC(45) Concurrent Process Non-Strong References 14.178ms
[223.516s][info][gc,phases   ] GC(45) Concurrent Reset Relocation Set 0.017ms
[223.518s][info][gc,phases   ] GC(45) Concurrent Select Relocation Set 1.716ms
[223.523s][info][gc,phases   ] GC(45) Pause Relocate Start 0.008ms
[223.528s][info][gc,phases   ] GC(45) Concurrent Relocate 4.547ms
[223.528s][info][gc,load     ] GC(45) Load: 0.00/0.00/0.00
[223.528s][info][gc,mmu      ] GC(45) MMU: 2ms/0.0%, 5ms/0.0%, 10ms/27.5%, 20ms/63.8%, 50ms/85.5%, 100ms/92.8%
[223.528s][info][gc,marking  ] GC(45) Mark: 2 stripe(s), 2 proactive flush(es), 1 terminate flush(es), 0 completion(s), 0 continuation(s) 
[223.528s][info][gc,marking  ] GC(45) Mark Stack Usage: 32M
[223.528s][info][gc,nmethod  ] GC(45) NMethods: 7970 registered, 895 unregistered
[223.528s][info][gc,metaspace] GC(45) Metaspace: 130M used, 131M committed, 1152M reserved
[223.528s][info][gc,ref      ] GC(45) Soft: 6070 encountered, 0 discovered, 0 enqueued
[223.528s][info][gc,ref      ] GC(45) Weak: 23025 encountered, 5277 discovered, 1 enqueued
[223.528s][info][gc,ref      ] GC(45) Final: 34 encountered, 0 discovered, 0 enqueued
[223.528s][info][gc,ref      ] GC(45) Phantom: 571 encountered, 497 discovered, 0 enqueued
[223.528s][info][gc,reloc    ] GC(45) Small Pages: 420 / 840M, Empty: 20M, Relocated: 10M, In-Place: 0
[223.528s][info][gc,reloc    ] GC(45) Medium Pages: 2 / 64M, Empty: 0M, Relocated: 0M, In-Place: 0
[223.528s][info][gc,reloc    ] GC(45) Large Pages: 0 / 0M, Empty: 0M, Relocated: 0M, In-Place: 0
[223.528s][info][gc,reloc    ] GC(45) Forwarding Usage: 3M
[223.528s][info][gc,heap     ] GC(45) Min Capacity: 8192M(100%)
[223.528s][info][gc,heap     ] GC(45) Max Capacity: 8192M(100%)
[223.528s][info][gc,heap     ] GC(45) Soft Max Capacity: 8192M(100%)
[223.528s][info][gc,heap     ] GC(45)                Mark Start          Mark End        Relocate Start      Relocate End           High               Low         
[223.528s][info][gc,heap     ] GC(45)  Capacity:     8192M (100%)       8192M (100%)       8192M (100%)       8192M (100%)       8192M (100%)       8192M (100%)   
[223.528s][info][gc,heap     ] GC(45)      Free:     7288M (89%)        7152M (87%)        7168M (88%)        7420M (91%)        7420M (91%)        7148M (87%)    
[223.528s][info][gc,heap     ] GC(45)      Used:      904M (11%)        1040M (13%)        1024M (12%)         772M (9%)         1044M (13%)         772M (9%)     
[223.528s][info][gc,heap     ] GC(45)      Live:         -               536M (7%)          536M (7%)          536M (7%)             -                  -          
[223.528s][info][gc,heap     ] GC(45) Allocated:         -               136M (2%)          140M (2%)          139M (2%)             -                  -          
[223.528s][info][gc,heap     ] GC(45)   Garbage:         -               367M (4%)          347M (4%)           95M (1%)             -                  -          
[223.528s][info][gc,heap     ] GC(45) Reclaimed:         -                  -                20M (0%)          271M (3%)             -                  -          
[223.528s][info][gc          ] GC(45) Garbage Collection (Allocation Rate) 904M(11%)->772M(9%)
[228.467s][info][gc,start    ] GC(46) Garbage Collection (Allocation Rate)
[228.467s][info][gc,task     ] GC(46) Using 2 workers
[228.467s][info][gc,phases   ] GC(46) Pause Mark Start 0.006ms
[229.274s][info][gc,phases   ] GC(46) Concurrent Mark 806.346ms
[229.274s][info][gc,phases   ] GC(46) Pause Mark End 0.013ms
[229.274s][info][gc,phases   ] GC(46) Concurrent Mark Free 0.000ms
[229.282s][info][gc,phases   ] GC(46) Concurrent Process Non-Strong References 7.731ms
[229.282s][info][gc,phases   ] GC(46) Concurrent Reset Relocation Set 0.009ms
[229.731s][info][gc,phases   ] GC(46) Concurrent Select Relocation Set 449.562ms
[229.734s][info][gc,phases   ] GC(46) Pause Relocate Start 0.009ms
[229.770s][info][gc,phases   ] GC(46) Concurrent Relocate 36.453ms
[229.770s][info][gc,load     ] GC(46) Load: 0.00/0.00/0.00
[229.770s][info][gc,mmu      ] GC(46) MMU: 2ms/0.0%, 5ms/0.0%, 10ms/27.5%, 20ms/63.8%, 50ms/85.5%, 100ms/92.8%
[229.770s][info][gc,marking  ] GC(46) Mark: 2 stripe(s), 2 proactive flush(es), 1 terminate flush(es), 0 completion(s), 0 continuation(s) 
[229.770s][info][gc,marking  ] GC(46) Mark Stack Usage: 32M
[229.770s][info][gc,nmethod  ] GC(46) NMethods: 8001 registered, 910 unregistered
[229.770s][info][gc,metaspace] GC(46) Metaspace: 130M used, 131M committed, 1152M reserved
[229.770s][info][gc,ref      ] GC(46) Soft: 6070 encountered, 0 discovered, 0 enqueued
[229.770s][info][gc,ref      ] GC(46) Weak: 23031 encountered, 3721 discovered, 3 enqueued
[229.770s][info][gc,ref      ] GC(46) Final: 34 encountered, 0 discovered, 0 enqueued
[229.770s][info][gc,ref      ] GC(46) Phantom: 580 encountered, 504 discovered, 0 enqueued
[229.770s][info][gc,reloc    ] GC(46) Small Pages: 2237 / 4474M, Empty: 1194M, Relocated: 94M, In-Place: 0
[229.770s][info][gc,reloc    ] GC(46) Medium Pages: 2 / 64M, Empty: 0M, Relocated: 0M, In-Place: 0
[229.770s][info][gc,reloc    ] GC(46) Large Pages: 0 / 0M, Empty: 0M, Relocated: 0M, In-Place: 0
[229.770s][info][gc,reloc    ] GC(46) Forwarding Usage: 26M
[229.770s][info][gc,heap     ] GC(46) Min Capacity: 8192M(100%)
[229.770s][info][gc,heap     ] GC(46) Max Capacity: 8192M(100%)
[229.770s][info][gc,heap     ] GC(46) Soft Max Capacity: 8192M(100%)
[229.770s][info][gc,heap     ] GC(46)                Mark Start          Mark End        Relocate Start      Relocate End           High               Low         
[229.770s][info][gc,heap     ] GC(46)  Capacity:     8192M (100%)       8192M (100%)       8192M (100%)       8192M (100%)       8192M (100%)       8192M (100%)   
[229.770s][info][gc,heap     ] GC(46)      Free:     3654M (45%)        3482M (43%)        4462M (54%)        7150M (87%)        7150M (87%)        3482M (43%)    
[229.770s][info][gc,heap     ] GC(46)      Used:     4538M (55%)        4710M (57%)        3730M (46%)        1042M (13%)        4710M (57%)        1042M (13%)    
[229.770s][info][gc,heap     ] GC(46)      Live:         -               553M (7%)          553M (7%)          553M (7%)             -                  -          
[229.770s][info][gc,heap     ] GC(46) Allocated:         -               172M (2%)          386M (5%)          401M (5%)             -                  -          
[229.771s][info][gc,heap     ] GC(46)   Garbage:         -              3984M (49%)        2790M (34%)          87M (1%)             -                  -          
[229.771s][info][gc,heap     ] GC(46) Reclaimed:         -                  -              1194M (15%)        3897M (48%)            -                  -          
[229.771s][info][gc          ] GC(46) Garbage Collection (Allocation Rate) 4538M(55%)->1042M(13%)
[230.267s][info][gc,stats    ] === Garbage Collection Statistics =======================================================================================================================
[230.267s][info][gc,stats    ]                                                              Last 10s              Last 10m              Last 10h                Total
[230.267s][info][gc,stats    ]                                                              Avg / Max             Avg / Max             Avg / Max             Avg / Max
[230.268s][info][gc,stats    ]   Collector: Garbage Collection Cycle                   1213.058 / 2734.941   1515.424 / 7809.708   1515.424 / 7809.708   1515.424 / 7809.708    ms
[230.268s][info][gc,stats    ]  Contention: Mark Segment Reset Contention                     0 / 2                 0 / 2                 0 / 2                 0 / 2           ops/s
[230.268s][info][gc,stats    ]  Contention: Mark SeqNum Reset Contention                      0 / 1                 0 / 1                 0 / 1                 0 / 1           ops/s
[230.268s][info][gc,stats    ]    Critical: Allocation Stall                                  0 / 0                 0 / 0                 0 / 0                 0 / 0           ops/s
[230.268s][info][gc,stats    ]    Critical: Allocation Stall                              0.000 / 0.000         0.000 / 0.000         0.000 / 0.000         0.000 / 0.000       ms
[230.268s][info][gc,stats    ]    Critical: GC Locker Stall                                   0 / 0                 0 / 1                 0 / 1                 0 / 1           ops/s
[230.268s][info][gc,stats    ]    Critical: GC Locker Stall                               0.000 / 0.000         0.066 / 0.151         0.066 / 0.151         0.066 / 0.151       ms
[230.268s][info][gc,stats    ]    Critical: Relocation Stall                                  0 / 0                 0 / 0                 0 / 0                 0 / 0           ops/s
[230.268s][info][gc,stats    ]    Critical: Relocation Stall                              0.000 / 0.000         0.000 / 0.000         0.000 / 0.000         0.000 / 0.000       ms
[230.268s][info][gc,stats    ]      Memory: Allocation Rate                                 533 / 870             545 / 1112            545 / 1112            545 / 1112        MB/s
[230.268s][info][gc,stats    ]      Memory: Defragment                                        0 / 0                 0 / 0                 0 / 0                 0 / 0           ops/s
[230.268s][info][gc,stats    ]      Memory: Out Of Memory                                     0 / 0                 0 / 0                 0 / 0                 0 / 0           ops/s
[230.268s][info][gc,stats    ]      Memory: Page Cache Flush                                  0 / 0                 0 / 0                 0 / 0                 0 / 0           MB/s
[230.268s][info][gc,stats    ]      Memory: Page Cache Hit L1                               274 / 435             262 / 621             262 / 621             262 / 621         ops/s
[230.268s][info][gc,stats    ]      Memory: Page Cache Hit L2                                 0 / 0                 0 / 0                 0 / 0                 0 / 0           ops/s
[230.268s][info][gc,stats    ]      Memory: Page Cache Hit L3                                 0 / 0                16 / 397              16 / 397              16 / 397         ops/s
[230.268s][info][gc,stats    ]      Memory: Page Cache Miss                                   0 / 0                 0 / 1                 0 / 1                 0 / 1           ops/s
[230.268s][info][gc,stats    ]      Memory: Uncommit                                          0 / 0                 0 / 0                 0 / 0                 0 / 0           MB/s
[230.268s][info][gc,stats    ]      Memory: Undo Object Allocation Failed                     0 / 0                 0 / 0                 0 / 0                 0 / 0           ops/s
[230.268s][info][gc,stats    ]      Memory: Undo Object Allocation Succeeded                  0 / 4                 2 / 209               2 / 209               2 / 209         ops/s
[230.268s][info][gc,stats    ]      Memory: Undo Page Allocation                              0 / 1                 0 / 1                 0 / 1                 0 / 1           ops/s
[230.268s][info][gc,stats    ]       Phase: Concurrent Mark                             592.426 / 806.346    1134.702 / 5264.294   1134.702 / 5264.294   1134.702 / 5264.294    ms
[230.268s][info][gc,stats    ]       Phase: Concurrent Mark Continue                      0.000 / 0.000         0.000 / 0.000         0.000 / 0.000         0.000 / 0.000       ms
[230.268s][info][gc,stats    ]       Phase: Concurrent Mark Free                          0.000 / 0.001         0.001 / 0.002         0.001 / 0.002         0.001 / 0.002       ms
[230.268s][info][gc,stats    ]       Phase: Concurrent Process Non-Strong References    381.887 / 1493.667     48.370 / 1493.667     48.370 / 1493.667     48.370 / 1493.667    ms
[230.268s][info][gc,stats    ]       Phase: Concurrent Relocate                          16.549 / 36.453       45.021 / 150.389      45.021 / 150.389      45.021 / 150.389     ms
[230.268s][info][gc,stats    ]       Phase: Concurrent Reset Relocation Set               0.076 / 0.259         0.084 / 0.259         0.084 / 0.259         0.084 / 0.259       ms
[230.268s][info][gc,stats    ]       Phase: Concurrent Select Relocation Set            114.050 / 449.562     273.026 / 2442.561    273.026 / 2442.561    273.026 / 2442.561    ms
[230.268s][info][gc,stats    ]       Phase: Pause Mark End                                0.016 / 0.020         0.029 / 0.102         0.029 / 0.102         0.029 / 0.102       ms
[230.268s][info][gc,stats    ]       Phase: Pause Mark Start                              0.006 / 0.006         0.160 / 7.250         0.160 / 7.250         0.160 / 7.250       ms
[230.268s][info][gc,stats    ]       Phase: Pause Relocate Start                          0.008 / 0.009         0.012 / 0.066         0.012 / 0.066         0.012 / 0.066       ms
[230.268s][info][gc,stats    ]    Subphase: Concurrent Classes Purge                      0.168 / 0.536         0.862 / 5.775         0.862 / 5.775         0.862 / 5.775       ms
[230.268s][info][gc,stats    ]    Subphase: Concurrent Classes Unlink                   377.625 / 1489.339     42.112 / 1489.339     42.112 / 1489.339     42.112 / 1489.339    ms
[230.268s][info][gc,stats    ]    Subphase: Concurrent Mark                             557.682 / 804.687     998.232 / 5176.991    998.232 / 5176.991    998.232 / 5176.991    ms
[230.268s][info][gc,stats    ]    Subphase: Concurrent Mark Try Flush                     1.153 / 6.747         1.918 / 14.930        1.918 / 14.930        1.918 / 14.930      ms
[230.268s][info][gc,stats    ]    Subphase: Concurrent Mark Try Terminate                 0.870 / 1.320         1.035 / 12.169        1.035 / 12.169        1.035 / 12.169      ms
[230.268s][info][gc,stats    ]    Subphase: Concurrent References Enqueue                 0.002 / 0.004         0.002 / 0.006         0.002 / 0.006         0.002 / 0.006       ms
[230.268s][info][gc,stats    ]    Subphase: Concurrent References Process                 0.645 / 0.840         0.591 / 1.628         0.591 / 1.628         0.591 / 1.628       ms
[230.268s][info][gc,stats    ]    Subphase: Concurrent Roots ClassLoaderDataGraph         0.291 / 0.474         0.515 / 13.330        0.515 / 13.330        0.515 / 13.330      ms
[230.268s][info][gc,stats    ]    Subphase: Concurrent Roots CodeCache                    0.000 / 0.000         0.000 / 0.000         0.000 / 0.000         0.000 / 0.000       ms
[230.268s][info][gc,stats    ]    Subphase: Concurrent Roots JavaThreads                  2.336 / 7.613         4.592 / 86.652        4.592 / 86.652        4.592 / 86.652      ms
[230.268s][info][gc,stats    ]    Subphase: Concurrent Roots OopStorageSet                0.072 / 0.087         0.069 / 0.198         0.069 / 0.198         0.069 / 0.198       ms
[230.268s][info][gc,stats    ]    Subphase: Concurrent Weak Roots OopStorageSet           1.568 / 2.067         1.528 / 3.412         1.528 / 3.412         1.528 / 3.412       ms
[230.268s][info][gc,stats    ]    Subphase: Pause Mark Try Complete                       0.000 / 0.000         0.001 / 0.002         0.001 / 0.002         0.001 / 0.002       ms
[230.268s][info][gc,stats    ]      System: Java Threads                                     83 / 83               71 / 83               71 / 83               71 / 83          threads
[230.268s][info][gc,stats    ] =========================================================================================================================================================
[234.868s][info][gc,start    ] GC(47) Garbage Collection (Allocation Rate)
[234.868s][info][gc,task     ] GC(47) Using 2 workers
[234.868s][info][gc,phases   ] GC(47) Pause Mark Start 0.010ms
[235.762s][info][gc,phases   ] GC(47) Concurrent Mark 893.357ms
[235.768s][info][gc,phases   ] GC(47) Pause Mark End 0.024ms
[235.768s][info][gc,phases   ] GC(47) Concurrent Mark Free 0.000ms
[235.780s][info][gc,phases   ] GC(47) Concurrent Process Non-Strong References 12.510ms
[235.781s][info][gc,phases   ] GC(47) Concurrent Reset Relocation Set 0.341ms
[235.787s][info][gc,phases   ] GC(47) Concurrent Select Relocation Set 6.201ms
[235.793s][info][gc,phases   ] GC(47) Pause Relocate Start 0.010ms
[235.828s][info][gc,phases   ] GC(47) Concurrent Relocate 35.792ms
[235.828s][info][gc,load     ] GC(47) Load: 0.00/0.00/0.00
[235.828s][info][gc,mmu      ] GC(47) MMU: 2ms/0.0%, 5ms/0.0%, 10ms/27.5%, 20ms/63.8%, 50ms/85.5%, 100ms/92.8%
[235.829s][info][gc,marking  ] GC(47) Mark: 2 stripe(s), 2 proactive flush(es), 1 terminate flush(es), 0 completion(s), 0 continuation(s) 
[235.829s][info][gc,marking  ] GC(47) Mark Stack Usage: 32M
[235.829s][info][gc,nmethod  ] GC(47) NMethods: 8030 registered, 923 unregistered
[235.829s][info][gc,metaspace] GC(47) Metaspace: 130M used, 131M committed, 1152M reserved
[235.829s][info][gc,ref      ] GC(47) Soft: 6070 encountered, 0 discovered, 0 enqueued
[235.829s][info][gc,ref      ] GC(47) Weak: 23030 encountered, 1522 discovered, 1 enqueued
[235.829s][info][gc,ref      ] GC(47) Final: 34 encountered, 0 discovered, 0 enqueued
[235.829s][info][gc,ref      ] GC(47) Phantom: 583 encountered, 469 discovered, 0 enqueued
[235.829s][info][gc,reloc    ] GC(47) Small Pages: 2249 / 4498M, Empty: 1300M, Relocated: 83M, In-Place: 0
[235.829s][info][gc,reloc    ] GC(47) Medium Pages: 2 / 64M, Empty: 0M, Relocated: 0M, In-Place: 0
[235.829s][info][gc,reloc    ] GC(47) Large Pages: 0 / 0M, Empty: 0M, Relocated: 0M, In-Place: 0
[235.829s][info][gc,reloc    ] GC(47) Forwarding Usage: 25M
[235.829s][info][gc,heap     ] GC(47) Min Capacity: 8192M(100%)
[235.829s][info][gc,heap     ] GC(47) Max Capacity: 8192M(100%)
[235.829s][info][gc,heap     ] GC(47) Soft Max Capacity: 8192M(100%)
[235.829s][info][gc,heap     ] GC(47)                Mark Start          Mark End        Relocate Start      Relocate End           High               Low         
[235.829s][info][gc,heap     ] GC(47)  Capacity:     8192M (100%)       8192M (100%)       8192M (100%)       8192M (100%)       8192M (100%)       8192M (100%)   
[235.829s][info][gc,heap     ] GC(47)      Free:     3630M (44%)        3440M (42%)        4726M (58%)        7342M (90%)        7342M (90%)        3426M (42%)    
[235.829s][info][gc,heap     ] GC(47)      Used:     4562M (56%)        4752M (58%)        3466M (42%)         850M (10%)        4766M (58%)         850M (10%)    
[235.829s][info][gc,heap     ] GC(47)      Live:         -               538M (7%)          538M (7%)          538M (7%)             -                  -          
[235.829s][info][gc,heap     ] GC(47) Allocated:         -               190M (2%)          204M (2%)          224M (3%)             -                  -          
[235.829s][info][gc,heap     ] GC(47)   Garbage:         -              4023M (49%)        2723M (33%)          86M (1%)             -                  -          
[235.829s][info][gc,heap     ] GC(47) Reclaimed:         -                  -              1300M (16%)        3936M (48%)            -                  -          
[235.829s][info][gc          ] GC(47) Garbage Collection (Allocation Rate) 4562M(56%)->850M(10%)
[240.268s][info][gc,stats    ] === Garbage Collection Statistics =======================================================================================================================
[240.268s][info][gc,stats    ]                                                              Last 10s              Last 10m              Last 10h                Total
[240.268s][info][gc,stats    ]                                                              Avg / Max             Avg / Max             Avg / Max             Avg / Max
[240.268s][info][gc,stats    ]   Collector: Garbage Collection Cycle                    960.522 / 960.522    1503.863 / 7809.708   1503.863 / 7809.708   1503.863 / 7809.708    ms
[240.268s][info][gc,stats    ]  Contention: Mark Segment Reset Contention                     0 / 1                 0 / 2                 0 / 2                 0 / 2           ops/s
[240.268s][info][gc,stats    ]  Contention: Mark SeqNum Reset Contention                      0 / 0                 0 / 1                 0 / 1                 0 / 1           ops/s
[240.268s][info][gc,stats    ]    Critical: Allocation Stall                                  0 / 0                 0 / 0                 0 / 0                 0 / 0           ops/s
[240.268s][info][gc,stats    ]    Critical: Allocation Stall                              0.000 / 0.000         0.000 / 0.000         0.000 / 0.000         0.000 / 0.000       ms
[240.268s][info][gc,stats    ]    Critical: GC Locker Stall                                   0 / 0                 0 / 1                 0 / 1                 0 / 1           ops/s
[240.268s][info][gc,stats    ]    Critical: GC Locker Stall                               0.000 / 0.000         0.066 / 0.151         0.066 / 0.151         0.066 / 0.151       ms
[240.268s][info][gc,stats    ]    Critical: Relocation Stall                                  0 / 0                 0 / 0                 0 / 0                 0 / 0           ops/s
[240.268s][info][gc,stats    ]    Critical: Relocation Stall                              0.000 / 0.000         0.000 / 0.000         0.000 / 0.000         0.000 / 0.000       ms
[240.268s][info][gc,stats    ]      Memory: Allocation Rate                                 744 / 1042            553 / 1112            553 / 1112            553 / 1112        MB/s
[240.268s][info][gc,stats    ]      Memory: Defragment                                        0 / 0                 0 / 0                 0 / 0                 0 / 0           ops/s
[240.268s][info][gc,stats    ]      Memory: Out Of Memory                                     0 / 0                 0 / 0                 0 / 0                 0 / 0           ops/s
[240.268s][info][gc,stats    ]      Memory: Page Cache Flush                                  0 / 0                 0 / 0                 0 / 0                 0 / 0           MB/s
[240.268s][info][gc,stats    ]      Memory: Page Cache Hit L1                               376 / 521             266 / 621             266 / 621             266 / 621         ops/s
[240.268s][info][gc,stats    ]      Memory: Page Cache Hit L2                                 0 / 0                 0 / 0                 0 / 0                 0 / 0           ops/s
[240.268s][info][gc,stats    ]      Memory: Page Cache Hit L3                                 0 / 0                15 / 397              15 / 397              15 / 397         ops/s
[240.268s][info][gc,stats    ]      Memory: Page Cache Miss                                   0 / 0                 0 / 1                 0 / 1                 0 / 1           ops/s
[240.268s][info][gc,stats    ]      Memory: Uncommit                                          0 / 0                 0 / 0                 0 / 0                 0 / 0           MB/s
[240.268s][info][gc,stats    ]      Memory: Undo Object Allocation Failed                     0 / 0                 0 / 0                 0 / 0                 0 / 0           ops/s
[240.268s][info][gc,stats    ]      Memory: Undo Object Allocation Succeeded                  0 / 4                 2 / 209               2 / 209               2 / 209         ops/s
[240.268s][info][gc,stats    ]      Memory: Undo Page Allocation                              0 / 0                 0 / 1                 0 / 1                 0 / 1           ops/s
[240.268s][info][gc,stats    ]       Phase: Concurrent Mark                             893.357 / 893.357    1129.674 / 5264.294   1129.674 / 5264.294   1129.674 / 5264.294    ms
[240.268s][info][gc,stats    ]       Phase: Concurrent Mark Continue                      0.000 / 0.000         0.000 / 0.000         0.000 / 0.000         0.000 / 0.000       ms
[240.268s][info][gc,stats    ]       Phase: Concurrent Mark Free                          0.000 / 0.000         0.001 / 0.002         0.001 / 0.002         0.001 / 0.002       ms
[240.268s][info][gc,stats    ]       Phase: Concurrent Process Non-Strong References     12.510 / 12.510       47.623 / 1493.667     47.623 / 1493.667     47.623 / 1493.667    ms
[240.268s][info][gc,stats    ]       Phase: Concurrent Relocate                          35.792 / 35.792       44.829 / 150.389      44.829 / 150.389      44.829 / 150.389     ms
[240.268s][info][gc,stats    ]       Phase: Concurrent Reset Relocation Set               0.341 / 0.341         0.090 / 0.341         0.090 / 0.341         0.090 / 0.341       ms
[240.268s][info][gc,stats    ]       Phase: Concurrent Select Relocation Set              6.201 / 6.201       267.467 / 2442.561    267.467 / 2442.561    267.467 / 2442.561    ms
[240.268s][info][gc,stats    ]       Phase: Pause Mark End                                0.024 / 0.024         0.029 / 0.102         0.029 / 0.102         0.029 / 0.102       ms
[240.268s][info][gc,stats    ]       Phase: Pause Mark Start                              0.010 / 0.010         0.157 / 7.250         0.157 / 7.250         0.157 / 7.250       ms
[240.268s][info][gc,stats    ]       Phase: Pause Relocate Start                          0.010 / 0.010         0.012 / 0.066         0.012 / 0.066         0.012 / 0.066       ms
[240.268s][info][gc,stats    ]    Subphase: Concurrent Classes Purge                      0.204 / 0.204         0.849 / 5.775         0.849 / 5.775         0.849 / 5.775       ms
[240.268s][info][gc,stats    ]    Subphase: Concurrent Classes Unlink                     7.531 / 7.531        41.391 / 1489.339     41.391 / 1489.339     41.391 / 1489.339    ms
[240.268s][info][gc,stats    ]    Subphase: Concurrent Mark                             890.848 / 891.034     995.819 / 5176.991    995.819 / 5176.991    995.819 / 5176.991    ms
[240.268s][info][gc,stats    ]    Subphase: Concurrent Mark Try Flush                     2.797 / 7.744         1.936 / 14.930        1.936 / 14.930        1.936 / 14.930      ms
[240.268s][info][gc,stats    ]    Subphase: Concurrent Mark Try Terminate                 0.683 / 1.182         1.031 / 12.169        1.031 / 12.169        1.031 / 12.169      ms
[240.268s][info][gc,stats    ]    Subphase: Concurrent References Enqueue                 0.003 / 0.003         0.002 / 0.006         0.002 / 0.006         0.002 / 0.006       ms
[240.268s][info][gc,stats    ]    Subphase: Concurrent References Process                 0.224 / 0.224         0.583 / 1.628         0.583 / 1.628         0.583 / 1.628       ms
[240.268s][info][gc,stats    ]    Subphase: Concurrent Roots ClassLoaderDataGraph         0.407 / 0.572         0.512 / 13.330        0.512 / 13.330        0.512 / 13.330      ms
[240.268s][info][gc,stats    ]    Subphase: Concurrent Roots CodeCache                    0.000 / 0.000         0.000 / 0.000         0.000 / 0.000         0.000 / 0.000       ms
[240.268s][info][gc,stats    ]    Subphase: Concurrent Roots JavaThreads                  1.645 / 1.816         4.526 / 86.652        4.526 / 86.652        4.526 / 86.652      ms
[240.268s][info][gc,stats    ]    Subphase: Concurrent Roots OopStorageSet                0.113 / 0.114         0.070 / 0.198         0.070 / 0.198         0.070 / 0.198       ms
[240.268s][info][gc,stats    ]    Subphase: Concurrent Weak Roots OopStorageSet           1.366 / 1.369         1.524 / 3.412         1.524 / 3.412         1.524 / 3.412       ms
[240.268s][info][gc,stats    ]    Subphase: Pause Mark Try Complete                       0.000 / 0.000         0.001 / 0.002         0.001 / 0.002         0.001 / 0.002       ms
[240.268s][info][gc,stats    ]      System: Java Threads                                     83 / 83               71 / 83               71 / 83               71 / 83          threads
[240.268s][info][gc,stats    ] =========================================================================================================================================================
[240.468s][info][gc,start    ] GC(48) Garbage Collection (Allocation Rate)
[240.468s][info][gc,task     ] GC(48) Using 2 workers
[240.469s][info][gc,phases   ] GC(48) Pause Mark Start 0.006ms
[241.614s][info][gc,phases   ] GC(48) Concurrent Mark 1145.747ms
[241.618s][info][gc,phases   ] GC(48) Pause Mark End 0.065ms
[241.618s][info][gc,phases   ] GC(48) Concurrent Mark Free 0.000ms
[241.626s][info][gc,phases   ] GC(48) Concurrent Process Non-Strong References 8.563ms
[241.627s][info][gc,phases   ] GC(48) Concurrent Reset Relocation Set 0.113ms
[242.223s][info][gc,phases   ] GC(48) Concurrent Select Relocation Set 596.019ms
[242.226s][info][gc,phases   ] GC(48) Pause Relocate Start 0.009ms
[242.312s][info][gc,phases   ] GC(48) Concurrent Relocate 85.873ms
[242.312s][info][gc,load     ] GC(48) Load: 0.00/0.00/0.00
[242.312s][info][gc,mmu      ] GC(48) MMU: 2ms/0.0%, 5ms/0.0%, 10ms/27.5%, 20ms/63.8%, 50ms/85.5%, 100ms/92.8%
[242.312s][info][gc,marking  ] GC(48) Mark: 2 stripe(s), 2 proactive flush(es), 1 terminate flush(es), 1 completion(s), 0 continuation(s) 
[242.312s][info][gc,marking  ] GC(48) Mark Stack Usage: 32M
[242.312s][info][gc,nmethod  ] GC(48) NMethods: 8052 registered, 941 unregistered
[242.312s][info][gc,metaspace] GC(48) Metaspace: 130M used, 131M committed, 1152M reserved
[242.312s][info][gc,ref      ] GC(48) Soft: 6070 encountered, 0 discovered, 0 enqueued
[242.312s][info][gc,ref      ] GC(48) Weak: 23031 encountered, 2383 discovered, 1 enqueued
[242.312s][info][gc,ref      ] GC(48) Final: 34 encountered, 0 discovered, 0 enqueued
[242.312s][info][gc,ref      ] GC(48) Phantom: 586 encountered, 392 discovered, 0 enqueued
[242.312s][info][gc,reloc    ] GC(48) Small Pages: 2501 / 5002M, Empty: 1436M, Relocated: 118M, In-Place: 0
[242.312s][info][gc,reloc    ] GC(48) Medium Pages: 2 / 64M, Empty: 0M, Relocated: 0M, In-Place: 0
[242.312s][info][gc,reloc    ] GC(48) Large Pages: 0 / 0M, Empty: 0M, Relocated: 0M, In-Place: 0
[242.312s][info][gc,reloc    ] GC(48) Forwarding Usage: 31M
[242.312s][info][gc,heap     ] GC(48) Min Capacity: 8192M(100%)
[242.312s][info][gc,heap     ] GC(48) Max Capacity: 8192M(100%)
[242.312s][info][gc,heap     ] GC(48) Soft Max Capacity: 8192M(100%)
[242.312s][info][gc,heap     ] GC(48)                Mark Start          Mark End        Relocate Start      Relocate End           High               Low         
[242.312s][info][gc,heap     ] GC(48)  Capacity:     8192M (100%)       8192M (100%)       8192M (100%)       8192M (100%)       8192M (100%)       8192M (100%)   
[242.312s][info][gc,heap     ] GC(48)      Free:     3126M (38%)        2928M (36%)        4058M (50%)        6966M (85%)        6968M (85%)        2922M (36%)    
[242.312s][info][gc,heap     ] GC(48)      Used:     5066M (62%)        5264M (64%)        4134M (50%)        1226M (15%)        5270M (64%)        1224M (15%)    
[242.312s][info][gc,heap     ] GC(48)      Live:         -               578M (7%)          578M (7%)          578M (7%)             -                  -          
[242.312s][info][gc,heap     ] GC(48) Allocated:         -               198M (2%)          504M (6%)          558M (7%)             -                  -          
[242.312s][info][gc,heap     ] GC(48)   Garbage:         -              4487M (55%)        3051M (37%)          88M (1%)             -                  -          
[242.312s][info][gc,heap     ] GC(48) Reclaimed:         -                  -              1436M (18%)        4398M (54%)            -                  -          
[242.312s][info][gc          ] GC(48) Garbage Collection (Allocation Rate) 5066M(62%)->1226M(15%)
[248.268s][info][gc,start    ] GC(49) Garbage Collection (Allocation Rate)
[248.268s][info][gc,task     ] GC(49) Using 2 workers
[248.279s][info][gc,phases   ] GC(49) Pause Mark Start 0.016ms
[249.841s][info][gc,phases   ] GC(49) Concurrent Mark 1561.498ms
[249.841s][info][gc,phases   ] GC(49) Pause Mark End 0.012ms
[249.841s][info][gc,phases   ] GC(49) Concurrent Mark Free 0.001ms
[249.854s][info][gc,phases   ] GC(49) Concurrent Process Non-Strong References 13.107ms
[249.854s][info][gc,phases   ] GC(49) Concurrent Reset Relocation Set 0.124ms
[249.860s][info][gc,phases   ] GC(49) Concurrent Select Relocation Set 5.897ms
[249.865s][info][gc,phases   ] GC(49) Pause Relocate Start 0.011ms
[249.915s][info][gc,phases   ] GC(49) Concurrent Relocate 50.299ms
[249.916s][info][gc,load     ] GC(49) Load: 0.00/0.00/0.00
[249.916s][info][gc,mmu      ] GC(49) MMU: 2ms/0.0%, 5ms/0.0%, 10ms/27.5%, 20ms/63.8%, 50ms/85.5%, 100ms/92.8%
[249.916s][info][gc,marking  ] GC(49) Mark: 2 stripe(s), 2 proactive flush(es), 1 terminate flush(es), 0 completion(s), 0 continuation(s) 
[249.916s][info][gc,marking  ] GC(49) Mark Stack Usage: 32M
[249.916s][info][gc,nmethod  ] GC(49) NMethods: 8088 registered, 953 unregistered
[249.916s][info][gc,metaspace] GC(49) Metaspace: 130M used, 131M committed, 1152M reserved
[249.916s][info][gc,ref      ] GC(49) Soft: 6070 encountered, 0 discovered, 0 enqueued
[249.916s][info][gc,ref      ] GC(49) Weak: 23032 encountered, 6388 discovered, 2 enqueued
[249.916s][info][gc,ref      ] GC(49) Final: 34 encountered, 0 discovered, 0 enqueued
[249.916s][info][gc,ref      ] GC(49) Phantom: 586 encountered, 479 discovered, 0 enqueued
[249.916s][info][gc,reloc    ] GC(49) Small Pages: 2364 / 4728M, Empty: 1408M, Relocated: 101M, In-Place: 0
[249.916s][info][gc,reloc    ] GC(49) Medium Pages: 2 / 64M, Empty: 0M, Relocated: 0M, In-Place: 0
[249.916s][info][gc,reloc    ] GC(49) Large Pages: 0 / 0M, Empty: 0M, Relocated: 0M, In-Place: 0
[249.916s][info][gc,reloc    ] GC(49) Forwarding Usage: 29M
[249.916s][info][gc,heap     ] GC(49) Min Capacity: 8192M(100%)
[249.916s][info][gc,heap     ] GC(49) Max Capacity: 8192M(100%)
[249.916s][info][gc,heap     ] GC(49) Soft Max Capacity: 8192M(100%)
[249.916s][info][gc,heap     ] GC(49)                Mark Start          Mark End        Relocate Start      Relocate End           High               Low         
[249.916s][info][gc,heap     ] GC(49)  Capacity:     8192M (100%)       8192M (100%)       8192M (100%)       8192M (100%)       8192M (100%)       8192M (100%)   
[249.916s][info][gc,heap     ] GC(49)      Free:     3400M (42%)        3172M (39%)        4576M (56%)        7274M (89%)        7274M (89%)        3168M (39%)    
[249.916s][info][gc,heap     ] GC(49)      Used:     4792M (58%)        5020M (61%)        3616M (44%)         918M (11%)        5024M (61%)         918M (11%)    
[249.916s][info][gc,heap     ] GC(49)      Live:         -               556M (7%)          556M (7%)          556M (7%)             -                  -          
[249.916s][info][gc,heap     ] GC(49) Allocated:         -               228M (3%)          232M (3%)          276M (3%)             -                  -          
[249.916s][info][gc,heap     ] GC(49)   Garbage:         -              4235M (52%)        2827M (35%)          85M (1%)             -                  -          
[249.916s][info][gc,heap     ] GC(49) Reclaimed:         -                  -              1408M (17%)        4150M (51%)            -                  -          
[249.916s][info][gc          ] GC(49) Garbage Collection (Allocation Rate) 4792M(58%)->918M(11%)
[250.268s][info][gc,stats    ] === Garbage Collection Statistics =======================================================================================================================
[250.268s][info][gc,stats    ]                                                              Last 10s              Last 10m              Last 10h                Total
[250.268s][info][gc,stats    ]                                                              Avg / Max             Avg / Max             Avg / Max             Avg / Max
[250.268s][info][gc,stats    ]   Collector: Garbage Collection Cycle                   1745.573 / 1843.663   1513.532 / 7809.708   1513.532 / 7809.708   1513.532 / 7809.708    ms
[250.268s][info][gc,stats    ]  Contention: Mark Segment Reset Contention                     0 / 1                 0 / 2                 0 / 2                 0 / 2           ops/s
[250.268s][info][gc,stats    ]  Contention: Mark SeqNum Reset Contention                      0 / 0                 0 / 1                 0 / 1                 0 / 1           ops/s
[250.268s][info][gc,stats    ]    Critical: Allocation Stall                                  0 / 0                 0 / 0                 0 / 0                 0 / 0           ops/s
[250.268s][info][gc,stats    ]    Critical: Allocation Stall                              0.000 / 0.000         0.000 / 0.000         0.000 / 0.000         0.000 / 0.000       ms
[250.268s][info][gc,stats    ]    Critical: GC Locker Stall                                   0 / 0                 0 / 1                 0 / 1                 0 / 1           ops/s
[250.268s][info][gc,stats    ]    Critical: GC Locker Stall                               0.000 / 0.000         0.066 / 0.151         0.066 / 0.151         0.066 / 0.151       ms
[250.268s][info][gc,stats    ]    Critical: Relocation Stall                                  0 / 0                 0 / 0                 0 / 0                 0 / 0           ops/s
[250.268s][info][gc,stats    ]    Critical: Relocation Stall                              0.000 / 0.000         0.000 / 0.000         0.000 / 0.000         0.000 / 0.000       ms
[250.268s][info][gc,stats    ]      Memory: Allocation Rate                                 484 / 782             550 / 1112            550 / 1112            550 / 1112        MB/s
[250.268s][info][gc,stats    ]      Memory: Defragment                                        0 / 0                 0 / 0                 0 / 0                 0 / 0           ops/s
[250.268s][info][gc,stats    ]      Memory: Out Of Memory                                     0 / 0                 0 / 0                 0 / 0                 0 / 0           ops/s
[250.268s][info][gc,stats    ]      Memory: Page Cache Flush                                  0 / 0                 0 / 0                 0 / 0                 0 / 0           MB/s
[250.268s][info][gc,stats    ]      Memory: Page Cache Hit L1                               253 / 414             266 / 621             266 / 621             266 / 621         ops/s
[250.268s][info][gc,stats    ]      Memory: Page Cache Hit L2                                 0 / 0                 0 / 0                 0 / 0                 0 / 0           ops/s
[250.268s][info][gc,stats    ]      Memory: Page Cache Hit L3                                 0 / 0                15 / 397              15 / 397              15 / 397         ops/s
[250.268s][info][gc,stats    ]      Memory: Page Cache Miss                                   0 / 0                 0 / 1                 0 / 1                 0 / 1           ops/s
[250.268s][info][gc,stats    ]      Memory: Uncommit                                          0 / 0                 0 / 0                 0 / 0                 0 / 0           MB/s
[250.268s][info][gc,stats    ]      Memory: Undo Object Allocation Failed                     0 / 0                 0 / 0                 0 / 0                 0 / 0           ops/s
[250.268s][info][gc,stats    ]      Memory: Undo Object Allocation Succeeded                  0 / 2                 2 / 209               2 / 209               2 / 209         ops/s
[250.268s][info][gc,stats    ]      Memory: Undo Page Allocation                              0 / 1                 0 / 1                 0 / 1                 0 / 1           ops/s
[250.268s][info][gc,stats    ]       Phase: Concurrent Mark                            1353.623 / 1561.498   1138.632 / 5264.294   1138.632 / 5264.294   1138.632 / 5264.294    ms
[250.268s][info][gc,stats    ]       Phase: Concurrent Mark Continue                      0.000 / 0.000         0.000 / 0.000         0.000 / 0.000         0.000 / 0.000       ms
[250.268s][info][gc,stats    ]       Phase: Concurrent Mark Free                          0.000 / 0.001         0.001 / 0.002         0.001 / 0.002         0.001 / 0.002       ms
[250.268s][info][gc,stats    ]       Phase: Concurrent Process Non-Strong References     10.835 / 13.107       46.152 / 1493.667     46.152 / 1493.667     46.152 / 1493.667    ms
[250.268s][info][gc,stats    ]       Phase: Concurrent Relocate                          68.086 / 85.873       45.760 / 150.389      45.760 / 150.389      45.760 / 150.389     ms
[250.268s][info][gc,stats    ]       Phase: Concurrent Reset Relocation Set               0.118 / 0.124         0.091 / 0.341         0.091 / 0.341         0.091 / 0.341       ms
[250.268s][info][gc,stats    ]       Phase: Concurrent Select Relocation Set            300.958 / 596.019     268.807 / 2442.561    268.807 / 2442.561    268.807 / 2442.561    ms
[250.268s][info][gc,stats    ]       Phase: Pause Mark End                                0.039 / 0.065         0.029 / 0.102         0.029 / 0.102         0.029 / 0.102       ms
[250.268s][info][gc,stats    ]       Phase: Pause Mark Start                              0.011 / 0.016         0.151 / 7.250         0.151 / 7.250         0.151 / 7.250       ms
[250.268s][info][gc,stats    ]       Phase: Pause Relocate Start                          0.010 / 0.011         0.012 / 0.066         0.012 / 0.066         0.012 / 0.066       ms
[250.268s][info][gc,stats    ]    Subphase: Concurrent Classes Purge                      0.106 / 0.116         0.819 / 5.775         0.819 / 5.775         0.819 / 5.775       ms
[250.268s][info][gc,stats    ]    Subphase: Concurrent Classes Unlink                     6.846 / 7.450        40.009 / 1489.339     40.009 / 1489.339     40.009 / 1489.339    ms
[250.268s][info][gc,stats    ]    Subphase: Concurrent Mark                            1314.132 / 1485.091   1009.510 / 5176.991   1009.510 / 5176.991   1009.510 / 5176.991    ms
[250.268s][info][gc,stats    ]    Subphase: Concurrent Mark Try Flush                     1.136 / 6.535         1.905 / 14.930        1.905 / 14.930        1.905 / 14.930      ms
[250.268s][info][gc,stats    ]    Subphase: Concurrent Mark Try Terminate                 0.849 / 1.440         1.023 / 12.169        1.023 / 12.169        1.023 / 12.169      ms
[250.268s][info][gc,stats    ]    Subphase: Concurrent References Enqueue                 0.002 / 0.002         0.002 / 0.006         0.002 / 0.006         0.002 / 0.006       ms
[250.268s][info][gc,stats    ]    Subphase: Concurrent References Process                 0.435 / 0.541         0.577 / 1.628         0.577 / 1.628         0.577 / 1.628       ms
[250.268s][info][gc,stats    ]    Subphase: Concurrent Roots ClassLoaderDataGraph         0.313 / 0.465         0.504 / 13.330        0.504 / 13.330        0.504 / 13.330      ms
[250.268s][info][gc,stats    ]    Subphase: Concurrent Roots CodeCache                    0.000 / 0.000         0.000 / 0.000         0.000 / 0.000         0.000 / 0.000       ms
[250.268s][info][gc,stats    ]    Subphase: Concurrent Roots JavaThreads                 26.393 / 75.720        5.466 / 86.652        5.466 / 86.652        5.466 / 86.652      ms
[250.268s][info][gc,stats    ]    Subphase: Concurrent Roots OopStorageSet                0.081 / 0.086         0.070 / 0.198         0.070 / 0.198         0.070 / 0.198       ms
[250.268s][info][gc,stats    ]    Subphase: Concurrent Weak Roots OopStorageSet           1.440 / 1.546         1.521 / 3.412         1.521 / 3.412         1.521 / 3.412       ms
[250.268s][info][gc,stats    ]    Subphase: Pause Mark Try Complete                       0.001 / 0.001         0.001 / 0.002         0.001 / 0.002         0.001 / 0.002       ms
[250.268s][info][gc,stats    ]      System: Java Threads                                     83 / 83               71 / 83               71 / 83               71 / 83          threads
[250.268s][info][gc,stats    ] =========================================================================================================================================================
[254.367s][info][gc,start    ] GC(50) Garbage Collection (Allocation Rate)
[254.367s][info][gc,task     ] GC(50) Using 2 workers
[254.367s][info][gc,phases   ] GC(50) Pause Mark Start 0.006ms
[255.163s][info][gc,phases   ] GC(50) Concurrent Mark 795.909ms
[255.169s][info][gc,phases   ] GC(50) Pause Mark End 0.023ms
[255.170s][info][gc,phases   ] GC(50) Concurrent Mark Free 0.001ms
[255.178s][info][gc,phases   ] GC(50) Concurrent Process Non-Strong References 8.800ms
[255.179s][info][gc,phases   ] GC(50) Concurrent Reset Relocation Set 0.140ms
[255.184s][info][gc,phases   ] GC(50) Concurrent Select Relocation Set 5.473ms
[255.188s][info][gc,phases   ] GC(50) Pause Relocate Start 0.009ms
[255.245s][info][gc,phases   ] GC(50) Concurrent Relocate 57.324ms
[255.245s][info][gc,load     ] GC(50) Load: 0.00/0.00/0.00
[255.245s][info][gc,mmu      ] GC(50) MMU: 2ms/0.0%, 5ms/0.0%, 10ms/27.5%, 20ms/63.8%, 50ms/85.5%, 100ms/92.8%
[255.245s][info][gc,marking  ] GC(50) Mark: 2 stripe(s), 2 proactive flush(es), 1 terminate flush(es), 0 completion(s), 0 continuation(s) 
[255.245s][info][gc,marking  ] GC(50) Mark Stack Usage: 32M
[255.245s][info][gc,nmethod  ] GC(50) NMethods: 8098 registered, 969 unregistered
[255.245s][info][gc,metaspace] GC(50) Metaspace: 130M used, 131M committed, 1152M reserved
[255.245s][info][gc,ref      ] GC(50) Soft: 6070 encountered, 0 discovered, 0 enqueued
[255.245s][info][gc,ref      ] GC(50) Weak: 23034 encountered, 4470 discovered, 2 enqueued
[255.245s][info][gc,ref      ] GC(50) Final: 34 encountered, 32 discovered, 0 enqueued
[255.245s][info][gc,ref      ] GC(50) Phantom: 592 encountered, 537 discovered, 0 enqueued
[255.245s][info][gc,reloc    ] GC(50) Small Pages: 2155 / 4310M, Empty: 1026M, Relocated: 83M, In-Place: 0
[255.245s][info][gc,reloc    ] GC(50) Medium Pages: 3 / 96M, Empty: 0M, Relocated: 3M, In-Place: 0
[255.245s][info][gc,reloc    ] GC(50) Large Pages: 0 / 0M, Empty: 0M, Relocated: 0M, In-Place: 0
[255.245s][info][gc,reloc    ] GC(50) Forwarding Usage: 25M
[255.245s][info][gc,heap     ] GC(50) Min Capacity: 8192M(100%)
[255.245s][info][gc,heap     ] GC(50) Max Capacity: 8192M(100%)
[255.245s][info][gc,heap     ] GC(50) Soft Max Capacity: 8192M(100%)
[255.245s][info][gc,heap     ] GC(50)                Mark Start          Mark End        Relocate Start      Relocate End           High               Low         
[255.245s][info][gc,heap     ] GC(50)  Capacity:     8192M (100%)       8192M (100%)       8192M (100%)       8192M (100%)       8192M (100%)       8192M (100%)   
[255.245s][info][gc,heap     ] GC(50)      Free:     3786M (46%)        3568M (44%)        4586M (56%)        7286M (89%)        7286M (89%)        3562M (43%)    
[255.245s][info][gc,heap     ] GC(50)      Used:     4406M (54%)        4624M (56%)        3606M (44%)         906M (11%)        4630M (57%)         906M (11%)    
[255.245s][info][gc,heap     ] GC(50)      Live:         -               548M (7%)          548M (7%)          548M (7%)             -                  -          
[255.245s][info][gc,heap     ] GC(50) Allocated:         -               218M (3%)          226M (3%)          270M (3%)             -                  -          
[255.245s][info][gc,heap     ] GC(50)   Garbage:         -              3857M (47%)        2831M (35%)          86M (1%)             -                  -          
[255.245s][info][gc,heap     ] GC(50) Reclaimed:         -                  -              1026M (13%)        3770M (46%)            -                  -          
[255.245s][info][gc          ] GC(50) Garbage Collection (Allocation Rate) 4406M(54%)->906M(11%)
[260.268s][info][gc,stats    ] === Garbage Collection Statistics =======================================================================================================================
[260.268s][info][gc,stats    ]                                                              Last 10s              Last 10m              Last 10h                Total
[260.268s][info][gc,stats    ]                                                              Avg / Max             Avg / Max             Avg / Max             Avg / Max
[260.268s][info][gc,stats    ]   Collector: Garbage Collection Cycle                    877.683 / 877.683    1501.064 / 7809.708   1501.064 / 7809.708   1501.064 / 7809.708    ms
[260.268s][info][gc,stats    ]  Contention: Mark Segment Reset Contention                     0 / 1                 0 / 2                 0 / 2                 0 / 2           ops/s
[260.268s][info][gc,stats    ]  Contention: Mark SeqNum Reset Contention                      0 / 0                 0 / 1                 0 / 1                 0 / 1           ops/s
[260.268s][info][gc,stats    ]    Critical: Allocation Stall                                  0 / 0                 0 / 0                 0 / 0                 0 / 0           ops/s
[260.268s][info][gc,stats    ]    Critical: Allocation Stall                              0.000 / 0.000         0.000 / 0.000         0.000 / 0.000         0.000 / 0.000       ms
[260.268s][info][gc,stats    ]    Critical: GC Locker Stall                                   0 / 0                 0 / 1                 0 / 1                 0 / 1           ops/s
[260.268s][info][gc,stats    ]    Critical: GC Locker Stall                               0.000 / 0.000         0.066 / 0.151         0.066 / 0.151         0.066 / 0.151       ms
[260.268s][info][gc,stats    ]    Critical: Relocation Stall                                  0 / 0                 0 / 0                 0 / 0                 0 / 0           ops/s
[260.268s][info][gc,stats    ]    Critical: Relocation Stall                              0.000 / 0.000         0.000 / 0.000         0.000 / 0.000         0.000 / 0.000       ms
[260.268s][info][gc,stats    ]      Memory: Allocation Rate                                 755 / 922             558 / 1112            558 / 1112            558 / 1112        MB/s
[260.268s][info][gc,stats    ]      Memory: Defragment                                        0 / 0                 0 / 0                 0 / 0                 0 / 0           ops/s
[260.268s][info][gc,stats    ]      Memory: Out Of Memory                                     0 / 0                 0 / 0                 0 / 0                 0 / 0           ops/s
[260.269s][info][gc,stats    ]      Memory: Page Cache Flush                                  0 / 0                 0 / 0                 0 / 0                 0 / 0           MB/s
[260.269s][info][gc,stats    ]      Memory: Page Cache Hit L1                               380 / 461             270 / 621             270 / 621             270 / 621         ops/s
[260.269s][info][gc,stats    ]      Memory: Page Cache Hit L2                                 0 / 0                 0 / 0                 0 / 0                 0 / 0           ops/s
[260.269s][info][gc,stats    ]      Memory: Page Cache Hit L3                                 0 / 0                14 / 397              14 / 397              14 / 397         ops/s
[260.269s][info][gc,stats    ]      Memory: Page Cache Miss                                   0 / 0                 0 / 1                 0 / 1                 0 / 1           ops/s
[260.269s][info][gc,stats    ]      Memory: Uncommit                                          0 / 0                 0 / 0                 0 / 0                 0 / 0           MB/s
[260.269s][info][gc,stats    ]      Memory: Undo Object Allocation Failed                     0 / 0                 0 / 0                 0 / 0                 0 / 0           ops/s
[260.269s][info][gc,stats    ]      Memory: Undo Object Allocation Succeeded                  5 / 52                2 / 209               2 / 209               2 / 209         ops/s
[260.269s][info][gc,stats    ]      Memory: Undo Page Allocation                              0 / 0                 0 / 1                 0 / 1                 0 / 1           ops/s
[260.269s][info][gc,stats    ]       Phase: Concurrent Mark                             795.909 / 795.909    1131.912 / 5264.294   1131.912 / 5264.294   1131.912 / 5264.294    ms
[260.269s][info][gc,stats    ]       Phase: Concurrent Mark Continue                      0.000 / 0.000         0.000 / 0.000         0.000 / 0.000         0.000 / 0.000       ms
[260.269s][info][gc,stats    ]       Phase: Concurrent Mark Free                          0.001 / 0.001         0.001 / 0.002         0.001 / 0.002         0.001 / 0.002       ms
[260.269s][info][gc,stats    ]       Phase: Concurrent Process Non-Strong References      8.800 / 8.800        45.419 / 1493.667     45.419 / 1493.667     45.419 / 1493.667    ms
[260.269s][info][gc,stats    ]       Phase: Concurrent Relocate                          57.324 / 57.324       45.986 / 150.389      45.986 / 150.389      45.986 / 150.389     ms
[260.269s][info][gc,stats    ]       Phase: Concurrent Reset Relocation Set               0.140 / 0.140         0.092 / 0.341         0.092 / 0.341         0.092 / 0.341       ms
[260.269s][info][gc,stats    ]       Phase: Concurrent Select Relocation Set              5.473 / 5.473       263.644 / 2442.561    263.644 / 2442.561    263.644 / 2442.561    ms
[260.269s][info][gc,stats    ]       Phase: Pause Mark End                                0.023 / 0.023         0.029 / 0.102         0.029 / 0.102         0.029 / 0.102       ms
[260.269s][info][gc,stats    ]       Phase: Pause Mark Start                              0.006 / 0.006         0.148 / 7.250         0.148 / 7.250         0.148 / 7.250       ms
[260.269s][info][gc,stats    ]       Phase: Pause Relocate Start                          0.009 / 0.009         0.012 / 0.066         0.012 / 0.066         0.012 / 0.066       ms
[260.269s][info][gc,stats    ]    Subphase: Concurrent Classes Purge                      0.159 / 0.159         0.806 / 5.775         0.806 / 5.775         0.806 / 5.775       ms
[260.269s][info][gc,stats    ]    Subphase: Concurrent Classes Unlink                     6.257 / 6.257        39.348 / 1489.339     39.348 / 1489.339     39.348 / 1489.339    ms
[260.269s][info][gc,stats    ]    Subphase: Concurrent Mark                             793.765 / 794.381    1004.968 / 5176.991   1004.968 / 5176.991   1004.968 / 5176.991    ms
[260.269s][info][gc,stats    ]    Subphase: Concurrent Mark Try Flush                     1.491 / 4.354         1.897 / 14.930        1.897 / 14.930        1.897 / 14.930      ms
[260.269s][info][gc,stats    ]    Subphase: Concurrent Mark Try Terminate                 0.490 / 1.413         1.019 / 12.169        1.019 / 12.169        1.019 / 12.169      ms
[260.269s][info][gc,stats    ]    Subphase: Concurrent References Enqueue                 0.002 / 0.002         0.002 / 0.006         0.002 / 0.006         0.002 / 0.006       ms
[260.269s][info][gc,stats    ]    Subphase: Concurrent References Process                 0.496 / 0.496         0.576 / 1.628         0.576 / 1.628         0.576 / 1.628       ms
[260.269s][info][gc,stats    ]    Subphase: Concurrent Roots ClassLoaderDataGraph         0.270 / 0.395         0.499 / 13.330        0.499 / 13.330        0.499 / 13.330      ms
[260.269s][info][gc,stats    ]    Subphase: Concurrent Roots CodeCache                    0.000 / 0.000         0.000 / 0.000         0.000 / 0.000         0.000 / 0.000       ms
[260.269s][info][gc,stats    ]    Subphase: Concurrent Roots JavaThreads                  0.962 / 1.088         5.372 / 86.652        5.372 / 86.652        5.372 / 86.652      ms
[260.269s][info][gc,stats    ]    Subphase: Concurrent Roots OopStorageSet                0.059 / 0.061         0.070 / 0.198         0.070 / 0.198         0.070 / 0.198       ms
[260.269s][info][gc,stats    ]    Subphase: Concurrent Weak Roots OopStorageSet           1.444 / 1.459         1.519 / 3.412         1.519 / 3.412         1.519 / 3.412       ms
[260.269s][info][gc,stats    ]    Subphase: Pause Mark Try Complete                       0.000 / 0.000         0.001 / 0.002         0.001 / 0.002         0.001 / 0.002       ms
[260.269s][info][gc,stats    ]      System: Java Threads                                     76 / 76               72 / 83               72 / 83               72 / 83          threads
[260.269s][info][gc,stats    ] =========================================================================================================================================================
[261.568s][info][gc,start    ] GC(51) Garbage Collection (Allocation Rate)
[261.568s][info][gc,task     ] GC(51) Using 2 workers
[261.568s][info][gc,phases   ] GC(51) Pause Mark Start 0.006ms
[262.406s][info][gc,phases   ] GC(51) Concurrent Mark 837.843ms
[262.412s][info][gc,phases   ] GC(51) Pause Mark End 0.083ms
[262.412s][info][gc,phases   ] GC(51) Concurrent Mark Free 0.001ms
[262.431s][info][gc,phases   ] GC(51) Concurrent Process Non-Strong References 19.166ms
[262.431s][info][gc,phases   ] GC(51) Concurrent Reset Relocation Set 0.237ms
[263.100s][info][gc,phases   ] GC(51) Concurrent Select Relocation Set 668.505ms
[263.101s][info][gc,phases   ] GC(51) Pause Relocate Start 0.009ms
[263.140s][info][gc,phases   ] GC(51) Concurrent Relocate 39.567ms
[263.140s][info][gc,load     ] GC(51) Load: 0.00/0.00/0.00
[263.140s][info][gc,mmu      ] GC(51) MMU: 2ms/0.0%, 5ms/0.0%, 10ms/27.5%, 20ms/63.8%, 50ms/85.5%, 100ms/92.8%
[263.140s][info][gc,marking  ] GC(51) Mark: 2 stripe(s), 2 proactive flush(es), 1 terminate flush(es), 0 completion(s), 0 continuation(s) 
[263.140s][info][gc,marking  ] GC(51) Mark Stack Usage: 32M
[263.140s][info][gc,nmethod  ] GC(51) NMethods: 8150 registered, 989 unregistered
[263.140s][info][gc,metaspace] GC(51) Metaspace: 130M used, 131M committed, 1152M reserved
[263.140s][info][gc,ref      ] GC(51) Soft: 6070 encountered, 0 discovered, 0 enqueued
[263.140s][info][gc,ref      ] GC(51) Weak: 23034 encountered, 7783 discovered, 1 enqueued
[263.140s][info][gc,ref      ] GC(51) Final: 34 encountered, 0 discovered, 0 enqueued
[263.140s][info][gc,ref      ] GC(51) Phantom: 595 encountered, 423 discovered, 0 enqueued
[263.140s][info][gc,reloc    ] GC(51) Small Pages: 2960 / 5920M, Empty: 1498M, Relocated: 96M, In-Place: 0
[263.140s][info][gc,reloc    ] GC(51) Medium Pages: 2 / 64M, Empty: 0M, Relocated: 0M, In-Place: 0
[263.140s][info][gc,reloc    ] GC(51) Large Pages: 0 / 0M, Empty: 0M, Relocated: 0M, In-Place: 0
[263.140s][info][gc,reloc    ] GC(51) Forwarding Usage: 28M
[263.140s][info][gc,heap     ] GC(51) Min Capacity: 8192M(100%)
[263.140s][info][gc,heap     ] GC(51) Max Capacity: 8192M(100%)
[263.140s][info][gc,heap     ] GC(51) Soft Max Capacity: 8192M(100%)
[263.140s][info][gc,heap     ] GC(51)                Mark Start          Mark End        Relocate Start      Relocate End           High               Low         
[263.140s][info][gc,heap     ] GC(51)  Capacity:     8192M (100%)       8192M (100%)       8192M (100%)       8192M (100%)       8192M (100%)       8192M (100%)   
[263.140s][info][gc,heap     ] GC(51)      Free:     2208M (27%)        2078M (25%)        3312M (40%)        7144M (87%)        7144M (87%)        2078M (25%)    
[263.140s][info][gc,heap     ] GC(51)      Used:     5984M (73%)        6114M (75%)        4880M (60%)        1048M (13%)        6114M (75%)        1048M (13%)    
[263.140s][info][gc,heap     ] GC(51)      Live:         -               551M (7%)          551M (7%)          551M (7%)             -                  -          
[263.140s][info][gc,heap     ] GC(51) Allocated:         -               130M (2%)          394M (5%)          414M (5%)             -                  -          
[263.140s][info][gc,heap     ] GC(51)   Garbage:         -              5432M (66%)        3934M (48%)          81M (1%)             -                  -          
[263.140s][info][gc,heap     ] GC(51) Reclaimed:         -                  -              1498M (18%)        5350M (65%)            -                  -          
[263.140s][info][gc          ] GC(51) Garbage Collection (Allocation Rate) 5984M(73%)->1048M(13%)
[267.768s][info][gc,start    ] GC(52) Garbage Collection (Allocation Rate)
[267.775s][info][gc,task     ] GC(52) Using 2 workers
[267.775s][info][gc,phases   ] GC(52) Pause Mark Start 0.019ms
[269.153s][info][gc,phases   ] GC(52) Concurrent Mark 1377.674ms
[269.158s][info][gc,phases   ] GC(52) Pause Mark End 4.475ms
[269.158s][info][gc,phases   ] GC(52) Concurrent Mark Free 0.001ms
[269.431s][info][gc,phases   ] GC(52) Concurrent Process Non-Strong References 273.622ms
[269.432s][info][gc,phases   ] GC(52) Concurrent Reset Relocation Set 0.145ms
[269.507s][info][gc,phases   ] GC(52) Concurrent Select Relocation Set 75.086ms
[269.507s][info][gc,phases   ] GC(52) Pause Relocate Start 0.013ms
[269.548s][info][gc,phases   ] GC(52) Concurrent Relocate 40.662ms
[269.548s][info][gc,load     ] GC(52) Load: 0.00/0.00/0.00
[269.548s][info][gc,mmu      ] GC(52) MMU: 2ms/0.0%, 5ms/0.0%, 10ms/27.5%, 20ms/63.8%, 50ms/85.5%, 100ms/92.8%
[269.548s][info][gc,marking  ] GC(52) Mark: 2 stripe(s), 2 proactive flush(es), 1 terminate flush(es), 0 completion(s), 0 continuation(s) 
[269.548s][info][gc,marking  ] GC(52) Mark Stack Usage: 32M
[269.548s][info][gc,nmethod  ] GC(52) NMethods: 8162 registered, 996 unregistered
[269.548s][info][gc,metaspace] GC(52) Metaspace: 130M used, 131M committed, 1152M reserved
[269.549s][info][gc,ref      ] GC(52) Soft: 6070 encountered, 0 discovered, 0 enqueued
[269.549s][info][gc,ref      ] GC(52) Weak: 23033 encountered, 5428 discovered, 0 enqueued
[269.549s][info][gc,ref      ] GC(52) Final: 34 encountered, 0 discovered, 0 enqueued
[269.549s][info][gc,ref      ] GC(52) Phantom: 595 encountered, 520 discovered, 0 enqueued
[269.549s][info][gc,reloc    ] GC(52) Small Pages: 1392 / 2784M, Empty: 498M, Relocated: 83M, In-Place: 0
[269.549s][info][gc,reloc    ] GC(52) Medium Pages: 2 / 64M, Empty: 0M, Relocated: 0M, In-Place: 0
[269.549s][info][gc,reloc    ] GC(52) Large Pages: 0 / 0M, Empty: 0M, Relocated: 0M, In-Place: 0
[269.549s][info][gc,reloc    ] GC(52) Forwarding Usage: 23M
[269.556s][info][gc,heap     ] GC(52) Min Capacity: 8192M(100%)
[269.556s][info][gc,heap     ] GC(52) Max Capacity: 8192M(100%)
[269.556s][info][gc,heap     ] GC(52) Soft Max Capacity: 8192M(100%)
[269.556s][info][gc,heap     ] GC(52)                Mark Start          Mark End        Relocate Start      Relocate End           High               Low         
[269.556s][info][gc,heap     ] GC(52)  Capacity:     8192M (100%)       8192M (100%)       8192M (100%)       8192M (100%)       8192M (100%)       8192M (100%)   
[269.556s][info][gc,heap     ] GC(52)      Free:     5344M (65%)        5034M (61%)        5350M (65%)        7006M (86%)        7006M (86%)        4930M (60%)    
[269.556s][info][gc,heap     ] GC(52)      Used:     2848M (35%)        3158M (39%)        2842M (35%)        1186M (14%)        3262M (40%)        1186M (14%)    
[269.556s][info][gc,heap     ] GC(52)      Live:         -               568M (7%)          568M (7%)          568M (7%)             -                  -          
[269.556s][info][gc,heap     ] GC(52) Allocated:         -               310M (4%)          492M (6%)          528M (6%)             -                  -          
[269.556s][info][gc,heap     ] GC(52)   Garbage:         -              2279M (28%)        1781M (22%)          88M (1%)             -                  -          
[269.556s][info][gc,heap     ] GC(52) Reclaimed:         -                  -               498M (6%)         2190M (27%)            -                  -          
[269.556s][info][gc          ] GC(52) Garbage Collection (Allocation Rate) 2848M(35%)->1186M(14%)
[270.067s][info][gc,start    ] GC(53) Garbage Collection (Allocation Rate)
[270.067s][info][gc,task     ] GC(53) Using 2 workers
[270.067s][info][gc,phases   ] GC(53) Pause Mark Start 0.009ms
[270.268s][info][gc,stats    ] === Garbage Collection Statistics =======================================================================================================================
[270.268s][info][gc,stats    ]                                                              Last 10s              Last 10m              Last 10h                Total
[270.268s][info][gc,stats    ]                                                              Avg / Max             Avg / Max             Avg / Max             Avg / Max
[270.268s][info][gc,stats    ]   Collector: Garbage Collection Cycle                   1675.973 / 1779.740   1507.664 / 7809.708   1507.664 / 7809.708   1507.664 / 7809.708    ms
[270.268s][info][gc,stats    ]  Contention: Mark Segment Reset Contention                     0 / 3                 0 / 3                 0 / 3                 0 / 3           ops/s
[270.268s][info][gc,stats    ]  Contention: Mark SeqNum Reset Contention                      0 / 0                 0 / 1                 0 / 1                 0 / 1           ops/s
[270.268s][info][gc,stats    ]    Critical: Allocation Stall                                  0 / 0                 0 / 0                 0 / 0                 0 / 0           ops/s
[270.268s][info][gc,stats    ]    Critical: Allocation Stall                              0.000 / 0.000         0.000 / 0.000         0.000 / 0.000         0.000 / 0.000       ms
[270.268s][info][gc,stats    ]    Critical: GC Locker Stall                                   0 / 1                 0 / 1                 0 / 1                 0 / 1           ops/s
[270.268s][info][gc,stats    ]    Critical: GC Locker Stall                               0.089 / 0.089         0.069 / 0.151         0.069 / 0.151         0.069 / 0.151       ms
[270.268s][info][gc,stats    ]    Critical: Relocation Stall                                  0 / 0                 0 / 0                 0 / 0                 0 / 0           ops/s
[270.268s][info][gc,stats    ]    Critical: Relocation Stall                              0.000 / 0.000         0.000 / 0.000         0.000 / 0.000         0.000 / 0.000       ms
[270.268s][info][gc,stats    ]      Memory: Allocation Rate                                 434 / 818             554 / 1112            554 / 1112            554 / 1112        MB/s
[270.268s][info][gc,stats    ]      Memory: Defragment                                        0 / 0                 0 / 0                 0 / 0                 0 / 0           ops/s
[270.268s][info][gc,stats    ]      Memory: Out Of Memory                                     0 / 0                 0 / 0                 0 / 0                 0 / 0           ops/s
[270.268s][info][gc,stats    ]      Memory: Page Cache Flush                                  0 / 0                 0 / 0                 0 / 0                 0 / 0           MB/s
[270.268s][info][gc,stats    ]      Memory: Page Cache Hit L1                               226 / 409             269 / 621             269 / 621             269 / 621         ops/s
[270.268s][info][gc,stats    ]      Memory: Page Cache Hit L2                                 0 / 0                 0 / 0                 0 / 0                 0 / 0           ops/s
[270.268s][info][gc,stats    ]      Memory: Page Cache Hit L3                                 0 / 0                14 / 397              14 / 397              14 / 397         ops/s
[270.268s][info][gc,stats    ]      Memory: Page Cache Miss                                   0 / 0                 0 / 1                 0 / 1                 0 / 1           ops/s
[270.268s][info][gc,stats    ]      Memory: Uncommit                                          0 / 0                 0 / 0                 0 / 0                 0 / 0           MB/s
[270.268s][info][gc,stats    ]      Memory: Undo Object Allocation Failed                     0 / 0                 0 / 0                 0 / 0                 0 / 0           ops/s
[270.268s][info][gc,stats    ]      Memory: Undo Object Allocation Succeeded                  0 / 5                 2 / 209               2 / 209               2 / 209         ops/s
[270.268s][info][gc,stats    ]      Memory: Undo Page Allocation                              0 / 0                 0 / 1                 0 / 1                 0 / 1           ops/s
[270.268s][info][gc,stats    ]       Phase: Concurrent Mark                            1107.759 / 1377.674   1131.001 / 5264.294   1131.001 / 5264.294   1131.001 / 5264.294    ms
[270.268s][info][gc,stats    ]       Phase: Concurrent Mark Continue                      0.000 / 0.000         0.000 / 0.000         0.000 / 0.000         0.000 / 0.000       ms
[270.268s][info][gc,stats    ]       Phase: Concurrent Mark Free                          0.001 / 0.001         0.001 / 0.002         0.001 / 0.002         0.001 / 0.002       ms
[270.268s][info][gc,stats    ]       Phase: Concurrent Process Non-Strong References    146.394 / 273.622      49.230 / 1493.667     49.230 / 1493.667     49.230 / 1493.667    ms
[270.268s][info][gc,stats    ]       Phase: Concurrent Relocate                          40.115 / 40.662       45.765 / 150.389      45.765 / 150.389      45.765 / 150.389     ms
[270.268s][info][gc,stats    ]       Phase: Concurrent Reset Relocation Set               0.191 / 0.237         0.096 / 0.341         0.096 / 0.341         0.096 / 0.341       ms
[270.268s][info][gc,stats    ]       Phase: Concurrent Select Relocation Set            371.795 / 668.505     267.725 / 2442.561    267.725 / 2442.561    267.725 / 2442.561    ms
[270.268s][info][gc,stats    ]       Phase: Pause Mark End                                2.279 / 4.475         0.114 / 4.475         0.114 / 4.475         0.114 / 4.475       ms
[270.268s][info][gc,stats    ]       Phase: Pause Mark Start                              0.011 / 0.019         0.140 / 7.250         0.140 / 7.250         0.140 / 7.250       ms
[270.268s][info][gc,stats    ]       Phase: Pause Relocate Start                          0.011 / 0.013         0.012 / 0.066         0.012 / 0.066         0.012 / 0.066       ms
[270.268s][info][gc,stats    ]    Subphase: Concurrent Classes Purge                      0.178 / 0.258         0.782 / 5.775         0.782 / 5.775         0.782 / 5.775       ms
[270.268s][info][gc,stats    ]    Subphase: Concurrent Classes Unlink                   133.257 / 255.200      42.891 / 1489.339     42.891 / 1489.339     42.891 / 1489.339    ms
[270.268s][info][gc,stats    ]    Subphase: Concurrent Mark                            1074.428 / 1313.124   1007.774 / 5176.991   1007.774 / 5176.991   1007.774 / 5176.991    ms
[270.268s][info][gc,stats    ]    Subphase: Concurrent Mark Try Flush                     2.693 / 6.794         1.926 / 14.930        1.926 / 14.930        1.926 / 14.930      ms
[270.268s][info][gc,stats    ]    Subphase: Concurrent Mark Try Terminate                 1.186 / 6.795         1.033 / 12.169        1.033 / 12.169        1.033 / 12.169      ms
[270.268s][info][gc,stats    ]    Subphase: Concurrent References Enqueue                 0.001 / 0.002         0.002 / 0.006         0.002 / 0.006         0.002 / 0.006       ms
[270.268s][info][gc,stats    ]    Subphase: Concurrent References Process                 0.889 / 1.143         0.588 / 1.628         0.588 / 1.628         0.588 / 1.628       ms
[270.268s][info][gc,stats    ]    Subphase: Concurrent Roots ClassLoaderDataGraph         8.972 / 40.174        1.002 / 40.174        1.002 / 40.174        1.002 / 40.174      ms
[270.268s][info][gc,stats    ]    Subphase: Concurrent Roots CodeCache                    0.000 / 0.000         0.000 / 0.000         0.000 / 0.000         0.000 / 0.000       ms
[270.268s][info][gc,stats    ]    Subphase: Concurrent Roots JavaThreads                  6.285 / 28.881        5.426 / 86.652        5.426 / 86.652        5.426 / 86.652      ms
[270.269s][info][gc,stats    ]    Subphase: Concurrent Roots OopStorageSet                6.634 / 20.108        0.460 / 20.108        0.460 / 20.108        0.460 / 20.108      ms
[270.269s][info][gc,stats    ]    Subphase: Concurrent Weak Roots OopStorageSet           6.191 / 11.047        1.708 / 11.047        1.708 / 11.047        1.708 / 11.047      ms
[270.269s][info][gc,stats    ]    Subphase: Pause Mark Try Complete                       0.000 / 0.000         0.001 / 0.002         0.001 / 0.002         0.001 / 0.002       ms
[270.269s][info][gc,stats    ]      System: Java Threads                                     76 / 77               72 / 83               72 / 83               72 / 83          threads
[270.269s][info][gc,stats    ] =========================================================================================================================================================
[270.685s][info][gc,phases   ] GC(53) Concurrent Mark 618.019ms
[270.686s][info][gc,phases   ] GC(53) Pause Mark End 0.016ms
[270.686s][info][gc,phases   ] GC(53) Concurrent Mark Free 0.000ms
[270.703s][info][gc,phases   ] GC(53) Concurrent Process Non-Strong References 17.819ms
[270.704s][info][gc,phases   ] GC(53) Concurrent Reset Relocation Set 0.072ms
[270.707s][info][gc,phases   ] GC(53) Concurrent Select Relocation Set 3.106ms
[270.712s][info][gc,phases   ] GC(53) Pause Relocate Start 0.010ms
[270.736s][info][gc,phases   ] GC(53) Concurrent Relocate 23.750ms
[270.736s][info][gc,load     ] GC(53) Load: 0.00/0.00/0.00
[270.736s][info][gc,mmu      ] GC(53) MMU: 2ms/0.0%, 5ms/0.0%, 10ms/27.5%, 20ms/63.8%, 50ms/85.5%, 100ms/92.8%
[270.736s][info][gc,marking  ] GC(53) Mark: 2 stripe(s), 2 proactive flush(es), 1 terminate flush(es), 0 completion(s), 0 continuation(s) 
[270.736s][info][gc,marking  ] GC(53) Mark Stack Usage: 32M
[270.736s][info][gc,nmethod  ] GC(53) NMethods: 8162 registered, 1002 unregistered
[270.736s][info][gc,metaspace] GC(53) Metaspace: 130M used, 131M committed, 1152M reserved
[270.736s][info][gc,ref      ] GC(53) Soft: 6070 encountered, 0 discovered, 0 enqueued
[270.736s][info][gc,ref      ] GC(53) Weak: 23035 encountered, 4437 discovered, 2 enqueued
[270.736s][info][gc,ref      ] GC(53) Final: 34 encountered, 32 discovered, 0 enqueued
[270.736s][info][gc,ref      ] GC(53) Phantom: 598 encountered, 504 discovered, 0 enqueued
[270.736s][info][gc,reloc    ] GC(53) Small Pages: 810 / 1620M, Empty: 354M, Relocated: 57M, In-Place: 0
[270.736s][info][gc,reloc    ] GC(53) Medium Pages: 2 / 64M, Empty: 0M, Relocated: 0M, In-Place: 0
[270.736s][info][gc,reloc    ] GC(53) Large Pages: 0 / 0M, Empty: 0M, Relocated: 0M, In-Place: 0
[270.736s][info][gc,reloc    ] GC(53) Forwarding Usage: 17M
[270.736s][info][gc,heap     ] GC(53) Min Capacity: 8192M(100%)
[270.736s][info][gc,heap     ] GC(53) Max Capacity: 8192M(100%)
[270.736s][info][gc,heap     ] GC(53) Soft Max Capacity: 8192M(100%)
[270.736s][info][gc,heap     ] GC(53)                Mark Start          Mark End        Relocate Start      Relocate End           High               Low         
[270.736s][info][gc,heap     ] GC(53)  Capacity:     8192M (100%)       8192M (100%)       8192M (100%)       8192M (100%)       8192M (100%)       8192M (100%)   
[270.736s][info][gc,heap     ] GC(53)      Free:     6508M (79%)        6348M (77%)        6696M (82%)        7342M (90%)        7342M (90%)        6342M (77%)    
[270.736s][info][gc,heap     ] GC(53)      Used:     1684M (21%)        1844M (23%)        1496M (18%)         850M (10%)        1850M (23%)         850M (10%)    
[270.736s][info][gc,heap     ] GC(53)      Live:         -               568M (7%)          568M (7%)          568M (7%)             -                  -          
[270.736s][info][gc,heap     ] GC(53) Allocated:         -               160M (2%)          166M (2%)          187M (2%)             -                  -          
[270.736s][info][gc,heap     ] GC(53)   Garbage:         -              1115M (14%)         761M (9%)           94M (1%)             -                  -          
[270.736s][info][gc,heap     ] GC(53) Reclaimed:         -                  -               354M (4%)         1021M (12%)            -                  -          
[270.736s][info][gc          ] GC(53) Garbage Collection (Allocation Rate) 1684M(21%)->850M(10%)
[277.768s][info][gc,start    ] GC(54) Garbage Collection (Allocation Rate)
[277.768s][info][gc,task     ] GC(54) Using 2 workers
[277.768s][info][gc,phases   ] GC(54) Pause Mark Start 0.010ms
[279.128s][info][gc,phases   ] GC(54) Concurrent Mark 1359.883ms
[279.139s][info][gc,phases   ] GC(54) Pause Mark End 0.052ms
[279.140s][info][gc,phases   ] GC(54) Concurrent Mark Free 0.001ms
[279.162s][info][gc,phases   ] GC(54) Concurrent Process Non-Strong References 22.484ms
[279.162s][info][gc,phases   ] GC(54) Concurrent Reset Relocation Set 0.032ms
[279.786s][info][gc,phases   ] GC(54) Concurrent Select Relocation Set 624.094ms
[279.787s][info][gc,phases   ] GC(54) Pause Relocate Start 0.178ms
[279.836s][info][gc,phases   ] GC(54) Concurrent Relocate 49.014ms
[279.836s][info][gc,load     ] GC(54) Load: 0.00/0.00/0.00
[279.836s][info][gc,mmu      ] GC(54) MMU: 2ms/0.0%, 5ms/0.0%, 10ms/27.5%, 20ms/63.8%, 50ms/85.5%, 100ms/92.8%
[279.836s][info][gc,marking  ] GC(54) Mark: 2 stripe(s), 2 proactive flush(es), 1 terminate flush(es), 1 completion(s), 0 continuation(s) 
[279.836s][info][gc,marking  ] GC(54) Mark Stack Usage: 32M
[279.836s][info][gc,nmethod  ] GC(54) NMethods: 8206 registered, 1020 unregistered
[279.836s][info][gc,metaspace] GC(54) Metaspace: 130M used, 131M committed, 1152M reserved
[279.836s][info][gc,ref      ] GC(54) Soft: 6070 encountered, 0 discovered, 0 enqueued
[279.836s][info][gc,ref      ] GC(54) Weak: 23045 encountered, 9000 discovered, 7 enqueued
[279.836s][info][gc,ref      ] GC(54) Final: 34 encountered, 0 discovered, 0 enqueued
[279.837s][info][gc,ref      ] GC(54) Phantom: 602 encountered, 409 discovered, 4 enqueued
[279.837s][info][gc,reloc    ] GC(54) Small Pages: 2809 / 5618M, Empty: 1244M, Relocated: 113M, In-Place: 0
[279.837s][info][gc,reloc    ] GC(54) Medium Pages: 2 / 64M, Empty: 0M, Relocated: 0M, In-Place: 0
[279.837s][info][gc,reloc    ] GC(54) Large Pages: 0 / 0M, Empty: 0M, Relocated: 0M, In-Place: 0
[279.837s][info][gc,reloc    ] GC(54) Forwarding Usage: 34M
[279.837s][info][gc,heap     ] GC(54) Min Capacity: 8192M(100%)
[279.837s][info][gc,heap     ] GC(54) Max Capacity: 8192M(100%)
[279.837s][info][gc,heap     ] GC(54) Soft Max Capacity: 8192M(100%)
[279.837s][info][gc,heap     ] GC(54)                Mark Start          Mark End        Relocate Start      Relocate End           High               Low         
[279.837s][info][gc,heap     ] GC(54)  Capacity:     8192M (100%)       8192M (100%)       8192M (100%)       8192M (100%)       8192M (100%)       8192M (100%)   
[279.837s][info][gc,heap     ] GC(54)      Free:     2510M (31%)        2282M (28%)        3198M (39%)        6926M (85%)        6926M (85%)        2280M (28%)    
[279.837s][info][gc,heap     ] GC(54)      Used:     5682M (69%)        5910M (72%)        4994M (61%)        1266M (15%)        5912M (72%)        1266M (15%)    
[279.837s][info][gc,heap     ] GC(54)      Live:         -               579M (7%)          579M (7%)          579M (7%)             -                  -          
[279.837s][info][gc,heap     ] GC(54) Allocated:         -               228M (3%)          556M (7%)          602M (7%)             -                  -          
[279.837s][info][gc,heap     ] GC(54)   Garbage:         -              5102M (62%)        3858M (47%)          84M (1%)             -                  -          
[279.837s][info][gc,heap     ] GC(54) Reclaimed:         -                  -              1244M (15%)        5018M (61%)            -                  -          
[279.837s][info][gc          ] GC(54) Garbage Collection (Allocation Rate) 5682M(69%)->1266M(15%)
[280.268s][info][gc,stats    ] === Garbage Collection Statistics =======================================================================================================================
[280.268s][info][gc,stats    ]                                                              Last 10s              Last 10m              Last 10h                Total
[280.268s][info][gc,stats    ]                                                              Avg / Max             Avg / Max             Avg / Max             Avg / Max
[280.268s][info][gc,stats    ]   Collector: Garbage Collection Cycle                   1368.551 / 2068.173   1502.606 / 7809.708   1502.606 / 7809.708   1502.606 / 7809.708    ms
[280.268s][info][gc,stats    ]  Contention: Mark Segment Reset Contention                     0 / 1                 0 / 3                 0 / 3                 0 / 3           ops/s
[280.268s][info][gc,stats    ]  Contention: Mark SeqNum Reset Contention                      0 / 0                 0 / 1                 0 / 1                 0 / 1           ops/s
[280.268s][info][gc,stats    ]    Critical: Allocation Stall                                  0 / 0                 0 / 0                 0 / 0                 0 / 0           ops/s
[280.268s][info][gc,stats    ]    Critical: Allocation Stall                              0.000 / 0.000         0.000 / 0.000         0.000 / 0.000         0.000 / 0.000       ms
[280.268s][info][gc,stats    ]    Critical: GC Locker Stall                                   0 / 0                 0 / 1                 0 / 1                 0 / 1           ops/s
[280.268s][info][gc,stats    ]    Critical: GC Locker Stall                               0.000 / 0.000         0.069 / 0.151         0.069 / 0.151         0.069 / 0.151       ms
[280.268s][info][gc,stats    ]    Critical: Relocation Stall                                  0 / 0                 0 / 0                 0 / 0                 0 / 0           ops/s
[280.268s][info][gc,stats    ]    Critical: Relocation Stall                              0.000 / 0.000         0.000 / 0.000         0.000 / 0.000         0.000 / 0.000       ms
[280.268s][info][gc,stats    ]      Memory: Allocation Rate                                 590 / 934             555 / 1112            555 / 1112            555 / 1112        MB/s
[280.268s][info][gc,stats    ]      Memory: Defragment                                        0 / 0                 0 / 0                 0 / 0                 0 / 0           ops/s
[280.268s][info][gc,stats    ]      Memory: Out Of Memory                                     0 / 0                 0 / 0                 0 / 0                 0 / 0           ops/s
[280.268s][info][gc,stats    ]      Memory: Page Cache Flush                                  0 / 0                 0 / 0                 0 / 0                 0 / 0           MB/s
[280.268s][info][gc,stats    ]      Memory: Page Cache Hit L1                               303 / 467             270 / 621             270 / 621             270 / 621         ops/s
[280.268s][info][gc,stats    ]      Memory: Page Cache Hit L2                                 0 / 0                 0 / 0                 0 / 0                 0 / 0           ops/s
[280.268s][info][gc,stats    ]      Memory: Page Cache Hit L3                                 0 / 0                13 / 397              13 / 397              13 / 397         ops/s
[280.268s][info][gc,stats    ]      Memory: Page Cache Miss                                   0 / 0                 0 / 1                 0 / 1                 0 / 1           ops/s
[280.268s][info][gc,stats    ]      Memory: Uncommit                                          0 / 0                 0 / 0                 0 / 0                 0 / 0           MB/s
[280.268s][info][gc,stats    ]      Memory: Undo Object Allocation Failed                     0 / 0                 0 / 0                 0 / 0                 0 / 0           ops/s
[280.268s][info][gc,stats    ]      Memory: Undo Object Allocation Succeeded                  0 / 2                 2 / 209               2 / 209               2 / 209         ops/s
[280.268s][info][gc,stats    ]      Memory: Undo Page Allocation                              0 / 0                 0 / 1                 0 / 1                 0 / 1           ops/s
[280.268s][info][gc,stats    ]       Phase: Concurrent Mark                             988.951 / 1359.883   1125.835 / 5264.294   1125.835 / 5264.294   1125.835 / 5264.294    ms
[280.268s][info][gc,stats    ]       Phase: Concurrent Mark Continue                      0.000 / 0.000         0.000 / 0.000         0.000 / 0.000         0.000 / 0.000       ms
[280.268s][info][gc,stats    ]       Phase: Concurrent Mark Free                          0.001 / 0.001         0.001 / 0.002         0.001 / 0.002         0.001 / 0.002       ms
[280.268s][info][gc,stats    ]       Phase: Concurrent Process Non-Strong References     20.151 / 22.484       48.172 / 1493.667     48.172 / 1493.667     48.172 / 1493.667    ms
[280.268s][info][gc,stats    ]       Phase: Concurrent Relocate                          36.382 / 49.014       45.423 / 150.389      45.423 / 150.389      45.423 / 150.389     ms
[280.268s][info][gc,stats    ]       Phase: Concurrent Reset Relocation Set               0.052 / 0.072         0.094 / 0.341         0.094 / 0.341         0.094 / 0.341       ms
[280.268s][info][gc,stats    ]       Phase: Concurrent Select Relocation Set            313.600 / 624.094     269.393 / 2442.561    269.393 / 2442.561    269.393 / 2442.561    ms
[280.268s][info][gc,stats    ]       Phase: Pause Mark End                                0.034 / 0.052         0.111 / 4.475         0.111 / 4.475         0.111 / 4.475       ms
[280.268s][info][gc,stats    ]       Phase: Pause Mark Start                              0.010 / 0.010         0.138 / 7.250         0.138 / 7.250         0.138 / 7.250       ms
[280.268s][info][gc,stats    ]       Phase: Pause Relocate Start                          0.094 / 0.178         0.015 / 0.178         0.015 / 0.178         0.015 / 0.178       ms
[280.268s][info][gc,stats    ]    Subphase: Concurrent Classes Purge                      0.171 / 0.186         0.760 / 5.775         0.760 / 5.775         0.760 / 5.775       ms
[280.268s][info][gc,stats    ]    Subphase: Concurrent Classes Unlink                    12.569 / 16.997       41.789 / 1489.339     41.789 / 1489.339     41.789 / 1489.339    ms
[280.268s][info][gc,stats    ]    Subphase: Concurrent Mark                             979.048 / 1342.861   1006.659 / 5176.991   1006.659 / 5176.991   1006.659 / 5176.991    ms
[280.268s][info][gc,stats    ]    Subphase: Concurrent Mark Try Flush                     0.991 / 4.289         1.893 / 14.930        1.893 / 14.930        1.893 / 14.930      ms
[280.268s][info][gc,stats    ]    Subphase: Concurrent Mark Try Terminate                 0.978 / 1.566         1.030 / 12.169        1.030 / 12.169        1.030 / 12.169      ms
[280.268s][info][gc,stats    ]    Subphase: Concurrent References Enqueue                 0.002 / 0.003         0.002 / 0.006         0.002 / 0.006         0.002 / 0.006       ms
[280.268s][info][gc,stats    ]    Subphase: Concurrent References Process                 0.640 / 0.901         0.589 / 1.628         0.589 / 1.628         0.589 / 1.628       ms
[280.268s][info][gc,stats    ]    Subphase: Concurrent Roots ClassLoaderDataGraph         0.525 / 0.525         0.997 / 40.174        0.997 / 40.174        0.997 / 40.174      ms
[280.268s][info][gc,stats    ]    Subphase: Concurrent Roots CodeCache                    0.000 / 0.000         0.000 / 0.000         0.000 / 0.000         0.000 / 0.000       ms
[280.268s][info][gc,stats    ]    Subphase: Concurrent Roots JavaThreads                  8.558 / 16.289        5.487 / 86.652        5.487 / 86.652        5.487 / 86.652      ms
[280.268s][info][gc,stats    ]    Subphase: Concurrent Roots OopStorageSet                8.074 / 16.081        0.608 / 20.108        0.608 / 20.108        0.608 / 20.108      ms
[280.268s][info][gc,stats    ]    Subphase: Concurrent Weak Roots OopStorageSet           1.385 / 1.500         1.695 / 11.047        1.695 / 11.047        1.695 / 11.047      ms
[280.268s][info][gc,stats    ]    Subphase: Pause Mark Try Complete                       0.002 / 0.003         0.001 / 0.003         0.001 / 0.003         0.001 / 0.003       ms
[280.268s][info][gc,stats    ]      System: Java Threads                                     76 / 76               72 / 83               72 / 83               72 / 83          threads
[280.268s][info][gc,stats    ] =========================================================================================================================================================
[283.768s][info][gc,start    ] GC(55) Garbage Collection (Allocation Rate)
[283.768s][info][gc,task     ] GC(55) Using 2 workers
[283.768s][info][gc,phases   ] GC(55) Pause Mark Start 0.008ms
[284.819s][info][gc,phases   ] GC(55) Concurrent Mark 1051.475ms
[284.825s][info][gc,phases   ] GC(55) Pause Mark End 0.027ms
[284.825s][info][gc,phases   ] GC(55) Concurrent Mark Free 0.000ms
[284.853s][info][gc,phases   ] GC(55) Concurrent Process Non-Strong References 27.861ms
[284.853s][info][gc,phases   ] GC(55) Concurrent Reset Relocation Set 0.172ms
[284.858s][info][gc,phases   ] GC(55) Concurrent Select Relocation Set 5.031ms
[284.861s][info][gc,phases   ] GC(55) Pause Relocate Start 0.009ms
[284.909s][info][gc,phases   ] GC(55) Concurrent Relocate 48.217ms
[284.909s][info][gc,load     ] GC(55) Load: 0.00/0.00/0.00
[284.909s][info][gc,mmu      ] GC(55) MMU: 2ms/0.0%, 5ms/0.0%, 10ms/27.5%, 20ms/63.8%, 50ms/85.5%, 100ms/92.8%
[284.909s][info][gc,marking  ] GC(55) Mark: 2 stripe(s), 2 proactive flush(es), 1 terminate flush(es), 0 completion(s), 0 continuation(s) 
[284.909s][info][gc,marking  ] GC(55) Mark Stack Usage: 32M
[284.909s][info][gc,nmethod  ] GC(55) NMethods: 8216 registered, 1027 unregistered
[284.909s][info][gc,metaspace] GC(55) Metaspace: 130M used, 131M committed, 1152M reserved
[284.909s][info][gc,ref      ] GC(55) Soft: 6070 encountered, 0 discovered, 0 enqueued
[284.909s][info][gc,ref      ] GC(55) Weak: 23043 encountered, 401 discovered, 2 enqueued
[284.909s][info][gc,ref      ] GC(55) Final: 34 encountered, 0 discovered, 0 enqueued
[284.909s][info][gc,ref      ] GC(55) Phantom: 601 encountered, 540 discovered, 0 enqueued
[284.909s][info][gc,reloc    ] GC(55) Small Pages: 2147 / 4294M, Empty: 1066M, Relocated: 90M, In-Place: 0
[284.909s][info][gc,reloc    ] GC(55) Medium Pages: 2 / 64M, Empty: 0M, Relocated: 0M, In-Place: 0
[284.909s][info][gc,reloc    ] GC(55) Large Pages: 0 / 0M, Empty: 0M, Relocated: 0M, In-Place: 0
[284.909s][info][gc,reloc    ] GC(55) Forwarding Usage: 28M
[284.909s][info][gc,heap     ] GC(55) Min Capacity: 8192M(100%)
[284.909s][info][gc,heap     ] GC(55) Max Capacity: 8192M(100%)
[284.909s][info][gc,heap     ] GC(55) Soft Max Capacity: 8192M(100%)
[284.909s][info][gc,heap     ] GC(55)                Mark Start          Mark End        Relocate Start      Relocate End           High               Low         
[284.909s][info][gc,heap     ] GC(55)  Capacity:     8192M (100%)       8192M (100%)       8192M (100%)       8192M (100%)       8192M (100%)       8192M (100%)   
[284.909s][info][gc,heap     ] GC(55)      Free:     3834M (47%)        3610M (44%)        4670M (57%)        7244M (88%)        7244M (88%)        3604M (44%)    
[284.909s][info][gc,heap     ] GC(55)      Used:     4358M (53%)        4582M (56%)        3522M (43%)         948M (12%)        4588M (56%)         948M (12%)    
[284.909s][info][gc,heap     ] GC(55)      Live:         -               554M (7%)          554M (7%)          554M (7%)             -                  -          
[284.909s][info][gc,heap     ] GC(55) Allocated:         -               224M (3%)          230M (3%)          309M (4%)             -                  -          
[284.909s][info][gc,heap     ] GC(55)   Garbage:         -              3803M (46%)        2737M (33%)          84M (1%)             -                  -          
[284.909s][info][gc,heap     ] GC(55) Reclaimed:         -                  -              1066M (13%)        3719M (45%)            -                  -          
[284.909s][info][gc          ] GC(55) Garbage Collection (Allocation Rate) 4358M(53%)->948M(12%)
[290.268s][info][gc,stats    ] === Garbage Collection Statistics =======================================================================================================================
[290.268s][info][gc,stats    ]                                                              Last 10s              Last 10m              Last 10h                Total
[290.268s][info][gc,stats    ]                                                              Avg / Max             Avg / Max             Avg / Max             Avg / Max
[290.268s][info][gc,stats    ]   Collector: Garbage Collection Cycle                   1141.461 / 1141.461   1496.157 / 7809.708   1496.157 / 7809.708   1496.157 / 7809.708    ms
[290.268s][info][gc,stats    ]  Contention: Mark Segment Reset Contention                     0 / 0                 0 / 3                 0 / 3                 0 / 3           ops/s
[290.268s][info][gc,stats    ]  Contention: Mark SeqNum Reset Contention                      0 / 0                 0 / 1                 0 / 1                 0 / 1           ops/s
[290.268s][info][gc,stats    ]    Critical: Allocation Stall                                  0 / 0                 0 / 0                 0 / 0                 0 / 0           ops/s
[290.268s][info][gc,stats    ]    Critical: Allocation Stall                              0.000 / 0.000         0.000 / 0.000         0.000 / 0.000         0.000 / 0.000       ms
[290.268s][info][gc,stats    ]    Critical: GC Locker Stall                                   0 / 1                 0 / 1                 0 / 1                 0 / 1           ops/s
[290.268s][info][gc,stats    ]    Critical: GC Locker Stall                               0.064 / 0.064         0.069 / 0.151         0.069 / 0.151         0.069 / 0.151       ms
[290.268s][info][gc,stats    ]    Critical: Relocation Stall                                  0 / 0                 0 / 0                 0 / 0                 0 / 0           ops/s
[290.268s][info][gc,stats    ]    Critical: Relocation Stall                              0.000 / 0.000         0.000 / 0.000         0.000 / 0.000         0.000 / 0.000       ms
[290.268s][info][gc,stats    ]      Memory: Allocation Rate                                 668 / 872             559 / 1112            559 / 1112            559 / 1112        MB/s
[290.268s][info][gc,stats    ]      Memory: Defragment                                        0 / 0                 0 / 0                 0 / 0                 0 / 0           ops/s
[290.268s][info][gc,stats    ]      Memory: Out Of Memory                                     0 / 0                 0 / 0                 0 / 0                 0 / 0           ops/s
[290.268s][info][gc,stats    ]      Memory: Page Cache Flush                                  0 / 0                 0 / 0                 0 / 0                 0 / 0           MB/s
[290.268s][info][gc,stats    ]      Memory: Page Cache Hit L1                               337 / 436             272 / 621             272 / 621             272 / 621         ops/s
[290.268s][info][gc,stats    ]      Memory: Page Cache Hit L2                                 0 / 0                 0 / 0                 0 / 0                 0 / 0           ops/s
[290.268s][info][gc,stats    ]      Memory: Page Cache Hit L3                                 0 / 0                13 / 397              13 / 397              13 / 397         ops/s
[290.268s][info][gc,stats    ]      Memory: Page Cache Miss                                   0 / 0                 0 / 1                 0 / 1                 0 / 1           ops/s
[290.268s][info][gc,stats    ]      Memory: Uncommit                                          0 / 0                 0 / 0                 0 / 0                 0 / 0           MB/s
[290.268s][info][gc,stats    ]      Memory: Undo Object Allocation Failed                     0 / 0                 0 / 0                 0 / 0                 0 / 0           ops/s
[290.268s][info][gc,stats    ]      Memory: Undo Object Allocation Succeeded                  1 / 17                2 / 209               2 / 209               2 / 209         ops/s
[290.268s][info][gc,stats    ]      Memory: Undo Page Allocation                              0 / 0                 0 / 1                 0 / 1                 0 / 1           ops/s
[290.268s][info][gc,stats    ]       Phase: Concurrent Mark                            1051.475 / 1051.475   1124.507 / 5264.294   1124.507 / 5264.294   1124.507 / 5264.294    ms
[290.268s][info][gc,stats    ]       Phase: Concurrent Mark Continue                      0.000 / 0.000         0.000 / 0.000         0.000 / 0.000         0.000 / 0.000       ms
[290.268s][info][gc,stats    ]       Phase: Concurrent Mark Free                          0.000 / 0.000         0.001 / 0.002         0.001 / 0.002         0.001 / 0.002       ms
[290.268s][info][gc,stats    ]       Phase: Concurrent Process Non-Strong References     27.861 / 27.861       47.810 / 1493.667     47.810 / 1493.667     47.810 / 1493.667    ms
[290.268s][info][gc,stats    ]       Phase: Concurrent Relocate                          48.217 / 48.217       45.473 / 150.389      45.473 / 150.389      45.473 / 150.389     ms
[290.268s][info][gc,stats    ]       Phase: Concurrent Reset Relocation Set               0.172 / 0.172         0.095 / 0.341         0.095 / 0.341         0.095 / 0.341       ms
[290.268s][info][gc,stats    ]       Phase: Concurrent Select Relocation Set              5.031 / 5.031       264.672 / 2442.561    264.672 / 2442.561    264.672 / 2442.561    ms
[290.268s][info][gc,stats    ]       Phase: Pause Mark End                                0.027 / 0.027         0.110 / 4.475         0.110 / 4.475         0.110 / 4.475       ms
[290.268s][info][gc,stats    ]       Phase: Pause Mark Start                              0.008 / 0.008         0.136 / 7.250         0.136 / 7.250         0.136 / 7.250       ms
[290.268s][info][gc,stats    ]       Phase: Pause Relocate Start                          0.009 / 0.009         0.015 / 0.178         0.015 / 0.178         0.015 / 0.178       ms
[290.268s][info][gc,stats    ]    Subphase: Concurrent Classes Purge                      1.052 / 1.052         0.765 / 5.775         0.765 / 5.775         0.765 / 5.775       ms
[290.269s][info][gc,stats    ]    Subphase: Concurrent Classes Unlink                    17.931 / 17.931       41.363 / 1489.339     41.363 / 1489.339     41.363 / 1489.339    ms
[290.269s][info][gc,stats    ]    Subphase: Concurrent Mark                             982.199 / 982.258    1006.193 / 5176.991   1006.193 / 5176.991   1006.193 / 5176.991    ms
[290.269s][info][gc,stats    ]    Subphase: Concurrent Mark Try Flush                     3.295 / 9.828         1.917 / 14.930        1.917 / 14.930        1.917 / 14.930      ms
[290.269s][info][gc,stats    ]    Subphase: Concurrent Mark Try Terminate                 0.971 / 1.281         1.028 / 12.169        1.028 / 12.169        1.028 / 12.169      ms
[290.269s][info][gc,stats    ]    Subphase: Concurrent References Enqueue                 0.003 / 0.003         0.002 / 0.006         0.002 / 0.006         0.002 / 0.006       ms
[290.269s][info][gc,stats    ]    Subphase: Concurrent References Process                 0.106 / 0.106         0.581 / 1.628         0.581 / 1.628         0.581 / 1.628       ms
[290.269s][info][gc,stats    ]    Subphase: Concurrent Roots ClassLoaderDataGraph         0.550 / 0.550         0.993 / 40.174        0.993 / 40.174        0.993 / 40.174      ms
[290.269s][info][gc,stats    ]    Subphase: Concurrent Roots CodeCache                    0.000 / 0.000         0.000 / 0.000         0.000 / 0.000         0.000 / 0.000       ms
[290.269s][info][gc,stats    ]    Subphase: Concurrent Roots JavaThreads                 37.537 / 38.478        6.097 / 86.652        6.097 / 86.652        6.097 / 86.652      ms
[290.269s][info][gc,stats    ]    Subphase: Concurrent Roots OopStorageSet               27.580 / 32.486        1.121 / 32.486        1.121 / 32.486        1.121 / 32.486      ms
[290.269s][info][gc,stats    ]    Subphase: Concurrent Weak Roots OopStorageSet           1.472 / 1.473         1.691 / 11.047        1.691 / 11.047        1.691 / 11.047      ms
[290.269s][info][gc,stats    ]    Subphase: Pause Mark Try Complete                       0.000 / 0.000         0.001 / 0.003         0.001 / 0.003         0.001 / 0.003       ms
[290.269s][info][gc,stats    ]      System: Java Threads                                     76 / 76               72 / 83               72 / 83               72 / 83          threads
[290.269s][info][gc,stats    ] =========================================================================================================================================================
[292.873s][info][gc,start    ] GC(56) Garbage Collection (Allocation Rate)
[292.873s][info][gc,task     ] GC(56) Using 2 workers
[292.877s][info][gc,phases   ] GC(56) Pause Mark Start 0.019ms
[293.487s][info][gc,phases   ] GC(56) Concurrent Mark 609.654ms
[293.487s][info][gc,phases   ] GC(56) Pause Mark End 0.015ms
[293.487s][info][gc,phases   ] GC(56) Concurrent Mark Free 0.000ms
[293.501s][info][gc,phases   ] GC(56) Concurrent Process Non-Strong References 13.318ms
[293.501s][info][gc,phases   ] GC(56) Concurrent Reset Relocation Set 0.107ms
[293.506s][info][gc,phases   ] GC(56) Concurrent Select Relocation Set 5.391ms
[293.506s][info][gc,phases   ] GC(56) Pause Relocate Start 0.007ms
[293.539s][info][gc,phases   ] GC(56) Concurrent Relocate 33.088ms
[293.539s][info][gc,load     ] GC(56) Load: 0.00/0.00/0.00
[293.540s][info][gc,mmu      ] GC(56) MMU: 2ms/0.0%, 5ms/0.0%, 10ms/27.5%, 20ms/63.8%, 50ms/85.5%, 100ms/92.8%
[293.540s][info][gc,marking  ] GC(56) Mark: 2 stripe(s), 2 proactive flush(es), 1 terminate flush(es), 0 completion(s), 0 continuation(s) 
[293.540s][info][gc,marking  ] GC(56) Mark Stack Usage: 32M
[293.540s][info][gc,nmethod  ] GC(56) NMethods: 8362 registered, 1084 unregistered
[293.540s][info][gc,metaspace] GC(56) Metaspace: 130M used, 131M committed, 1152M reserved
[293.540s][info][gc,ref      ] GC(56) Soft: 6071 encountered, 0 discovered, 0 enqueued
[293.540s][info][gc,ref      ] GC(56) Weak: 23050 encountered, 6060 discovered, 3 enqueued
[293.540s][info][gc,ref      ] GC(56) Final: 34 encountered, 0 discovered, 0 enqueued
[293.540s][info][gc,ref      ] GC(56) Phantom: 605 encountered, 424 discovered, 3 enqueued
[293.540s][info][gc,reloc    ] GC(56) Small Pages: 2568 / 5136M, Empty: 1268M, Relocated: 76M, In-Place: 0
[293.540s][info][gc,reloc    ] GC(56) Medium Pages: 3 / 96M, Empty: 0M, Relocated: 3M, In-Place: 0
[293.540s][info][gc,reloc    ] GC(56) Large Pages: 0 / 0M, Empty: 0M, Relocated: 0M, In-Place: 0
[293.540s][info][gc,reloc    ] GC(56) Forwarding Usage: 25M
[293.540s][info][gc,heap     ] GC(56) Min Capacity: 8192M(100%)
[293.540s][info][gc,heap     ] GC(56) Max Capacity: 8192M(100%)
[293.540s][info][gc,heap     ] GC(56) Soft Max Capacity: 8192M(100%)
[293.540s][info][gc,heap     ] GC(56)                Mark Start          Mark End        Relocate Start      Relocate End           High               Low         
[293.540s][info][gc,heap     ] GC(56)  Capacity:     8192M (100%)       8192M (100%)       8192M (100%)       8192M (100%)       8192M (100%)       8192M (100%)   
[293.540s][info][gc,heap     ] GC(56)      Free:     2960M (36%)        2718M (33%)        3970M (48%)        7300M (89%)        7300M (89%)        2706M (33%)    
[293.540s][info][gc,heap     ] GC(56)      Used:     5232M (64%)        5474M (67%)        4222M (52%)         892M (11%)        5486M (67%)         892M (11%)    
[293.540s][info][gc,heap     ] GC(56)      Live:         -               539M (7%)          539M (7%)          539M (7%)             -                  -          
[293.540s][info][gc,heap     ] GC(56) Allocated:         -               242M (3%)          258M (3%)          271M (3%)             -                  -          
[293.540s][info][gc,heap     ] GC(56)   Garbage:         -              4692M (57%)        3424M (42%)          81M (1%)             -                  -          
[293.540s][info][gc,heap     ] GC(56) Reclaimed:         -                  -              1268M (15%)        4611M (56%)            -                  -          
[293.540s][info][gc          ] GC(56) Garbage Collection (Allocation Rate) 5232M(64%)->892M(11%)
[297.668s][info][gc,start    ] GC(57) Garbage Collection (Allocation Rate)
[297.668s][info][gc,task     ] GC(57) Using 2 workers
[297.668s][info][gc,phases   ] GC(57) Pause Mark Start 0.008ms
[298.592s][info][gc,phases   ] GC(57) Concurrent Mark 924.147ms
[298.597s][info][gc,phases   ] GC(57) Pause Mark End 0.019ms
[298.598s][info][gc,phases   ] GC(57) Concurrent Mark Free 0.001ms
[298.618s][info][gc,phases   ] GC(57) Concurrent Process Non-Strong References 20.352ms
[298.618s][info][gc,phases   ] GC(57) Concurrent Reset Relocation Set 0.138ms
[299.375s][info][gc,phases   ] GC(57) Concurrent Select Relocation Set 756.871ms
[299.380s][info][gc,phases   ] GC(57) Pause Relocate Start 0.014ms
[299.425s][info][gc,phases   ] GC(57) Concurrent Relocate 45.401ms
[299.426s][info][gc,load     ] GC(57) Load: 0.00/0.00/0.00
[299.426s][info][gc,mmu      ] GC(57) MMU: 2ms/0.0%, 5ms/0.0%, 10ms/27.5%, 20ms/63.8%, 50ms/85.5%, 100ms/92.8%
[299.426s][info][gc,marking  ] GC(57) Mark: 2 stripe(s), 2 proactive flush(es), 1 terminate flush(es), 0 completion(s), 0 continuation(s) 
[299.426s][info][gc,marking  ] GC(57) Mark Stack Usage: 32M
[299.426s][info][gc,nmethod  ] GC(57) NMethods: 8534 registered, 1143 unregistered
[299.426s][info][gc,metaspace] GC(57) Metaspace: 130M used, 131M committed, 1152M reserved
[299.426s][info][gc,ref      ] GC(57) Soft: 6079 encountered, 0 discovered, 0 enqueued
[299.426s][info][gc,ref      ] GC(57) Weak: 23084 encountered, 2929 discovered, 15 enqueued
[299.426s][info][gc,ref      ] GC(57) Final: 34 encountered, 0 discovered, 0 enqueued
[299.426s][info][gc,ref      ] GC(57) Phantom: 617 encountered, 539 discovered, 12 enqueued
[299.426s][info][gc,reloc    ] GC(57) Small Pages: 2341 / 4682M, Empty: 886M, Relocated: 99M, In-Place: 0
[299.426s][info][gc,reloc    ] GC(57) Medium Pages: 2 / 64M, Empty: 0M, Relocated: 0M, In-Place: 0
[299.426s][info][gc,reloc    ] GC(57) Large Pages: 0 / 0M, Empty: 0M, Relocated: 0M, In-Place: 0
[299.426s][info][gc,reloc    ] GC(57) Forwarding Usage: 30M
[299.426s][info][gc,heap     ] GC(57) Min Capacity: 8192M(100%)
[299.426s][info][gc,heap     ] GC(57) Max Capacity: 8192M(100%)
[299.426s][info][gc,heap     ] GC(57) Soft Max Capacity: 8192M(100%)
[299.426s][info][gc,heap     ] GC(57)                Mark Start          Mark End        Relocate Start      Relocate End           High               Low         
[299.426s][info][gc,heap     ] GC(57)  Capacity:     8192M (100%)       8192M (100%)       8192M (100%)       8192M (100%)       8192M (100%)       8192M (100%)   
[299.426s][info][gc,heap     ] GC(57)      Free:     3446M (42%)        3222M (39%)        3836M (47%)        6974M (85%)        6974M (85%)        3218M (39%)    
[299.426s][info][gc,heap     ] GC(57)      Used:     4746M (58%)        4970M (61%)        4356M (53%)        1218M (15%)        4974M (61%)        1218M (15%)    
[299.426s][info][gc,heap     ] GC(57)      Live:         -               583M (7%)          583M (7%)          583M (7%)             -                  -          
[299.426s][info][gc,heap     ] GC(57) Allocated:         -               224M (3%)          496M (6%)          542M (7%)             -                  -          
[299.426s][info][gc,heap     ] GC(57)   Garbage:         -              4162M (51%)        3276M (40%)          91M (1%)             -                  -          
[299.426s][info][gc,heap     ] GC(57) Reclaimed:         -                  -               886M (11%)        4070M (50%)            -                  -          
[299.426s][info][gc          ] GC(57) Garbage Collection (Allocation Rate) 4746M(58%)->1218M(15%)
[300.268s][info][gc,stats    ] === Garbage Collection Statistics =======================================================================================================================
[300.268s][info][gc,start    ] GC(58) Garbage Collection (Allocation Rate)
[300.268s][info][gc,stats    ]                                                              Last 10s              Last 10m              Last 10h                Total
[300.268s][info][gc,task     ] GC(58) Using 2 workers
[300.268s][info][gc,stats    ]                                                              Avg / Max             Avg / Max             Avg / Max             Avg / Max
[300.268s][info][gc,stats    ]   Collector: Garbage Collection Cycle                   1214.435 / 1757.312   1486.442 / 7809.708   1486.442 / 7809.708   1486.442 / 7809.708    ms
[300.268s][info][gc,phases   ] GC(58) Pause Mark Start 0.008ms
[300.268s][info][gc,stats    ]  Contention: Mark Segment Reset Contention                     0 / 1                 0 / 3                 0 / 3                 0 / 3           ops/s
[300.268s][info][gc,stats    ]  Contention: Mark SeqNum Reset Contention                      0 / 0                 0 / 1                 0 / 1                 0 / 1           ops/s
[300.268s][info][gc,stats    ]    Critical: Allocation Stall                                  0 / 0                 0 / 0                 0 / 0                 0 / 0           ops/s
[300.268s][info][gc,stats    ]    Critical: Allocation Stall                              0.000 / 0.000         0.000 / 0.000         0.000 / 0.000         0.000 / 0.000       ms
[300.268s][info][gc,stats    ]    Critical: GC Locker Stall                                   0 / 1                 0 / 1                 0 / 1                 0 / 1           ops/s
[300.268s][info][gc,stats    ]    Critical: GC Locker Stall                               0.001 / 0.001         0.061 / 0.151         0.061 / 0.151         0.061 / 0.151       ms
[300.268s][info][gc,stats    ]    Critical: Relocation Stall                                  0 / 0                 0 / 0                 0 / 0                 0 / 0           ops/s
[300.268s][info][gc,stats    ]    Critical: Relocation Stall                              0.000 / 0.000         0.000 / 0.000         0.000 / 0.000         0.000 / 0.000       ms
[300.268s][info][gc,stats    ]      Memory: Allocation Rate                                 619 / 950             561 / 1112            561 / 1112            561 / 1112        MB/s
[300.268s][info][gc,stats    ]      Memory: Defragment                                        0 / 0                 0 / 0                 0 / 0                 0 / 0           ops/s
[300.268s][info][gc,stats    ]      Memory: Out Of Memory                                     0 / 0                 0 / 0                 0 / 0                 0 / 0           ops/s
[300.268s][info][gc,stats    ]      Memory: Page Cache Flush                                  0 / 0                 0 / 0                 0 / 0                 0 / 0           MB/s
[300.268s][info][gc,stats    ]      Memory: Page Cache Hit L1                               318 / 520             274 / 621             274 / 621             274 / 621         ops/s
[300.268s][info][gc,stats    ]      Memory: Page Cache Hit L2                                 0 / 0                 0 / 0                 0 / 0                 0 / 0           ops/s
[300.268s][info][gc,stats    ]      Memory: Page Cache Hit L3                                 0 / 0                12 / 397              12 / 397              12 / 397         ops/s
[300.268s][info][gc,stats    ]      Memory: Page Cache Miss                                   0 / 0                 0 / 1                 0 / 1                 0 / 1           ops/s
[300.268s][info][gc,stats    ]      Memory: Uncommit                                          0 / 0                 0 / 0                 0 / 0                 0 / 0           MB/s
[300.268s][info][gc,stats    ]      Memory: Undo Object Allocation Failed                     0 / 0                 0 / 0                 0 / 0                 0 / 0           ops/s
[300.268s][info][gc,stats    ]      Memory: Undo Object Allocation Succeeded                  0 / 3                 2 / 209               2 / 209               2 / 209         ops/s
[300.268s][info][gc,stats    ]      Memory: Undo Page Allocation                              0 / 0                 0 / 1                 0 / 1                 0 / 1           ops/s
[300.268s][info][gc,stats    ]       Phase: Concurrent Mark                             766.900 / 924.147    1112.176 / 5264.294   1112.176 / 5264.294   1112.176 / 5264.294    ms
[300.268s][info][gc,stats    ]       Phase: Concurrent Mark Continue                      0.000 / 0.000         0.000 / 0.000         0.000 / 0.000         0.000 / 0.000       ms
[300.268s][info][gc,stats    ]       Phase: Concurrent Mark Free                          0.001 / 0.001         0.001 / 0.002         0.001 / 0.002         0.001 / 0.002       ms
[300.268s][info][gc,stats    ]       Phase: Concurrent Process Non-Strong References     16.835 / 20.352       46.741 / 1493.667     46.741 / 1493.667     46.741 / 1493.667    ms
[300.268s][info][gc,stats    ]       Phase: Concurrent Relocate                          39.245 / 45.401       45.259 / 150.389      45.259 / 150.389      45.259 / 150.389     ms
[300.268s][info][gc,stats    ]       Phase: Concurrent Reset Relocation Set               0.122 / 0.138         0.096 / 0.341         0.096 / 0.341         0.096 / 0.341       ms
[300.268s][info][gc,stats    ]       Phase: Concurrent Select Relocation Set            381.131 / 756.871     268.688 / 2442.561    268.688 / 2442.561    268.688 / 2442.561    ms
[300.268s][info][gc,stats    ]       Phase: Pause Mark End                                0.017 / 0.019         0.106 / 4.475         0.106 / 4.475         0.106 / 4.475       ms
[300.268s][info][gc,stats    ]       Phase: Pause Mark Start                              0.013 / 0.019         0.131 / 7.250         0.131 / 7.250         0.131 / 7.250       ms
[300.268s][info][gc,stats    ]       Phase: Pause Relocate Start                          0.011 / 0.014         0.015 / 0.178         0.015 / 0.178         0.015 / 0.178       ms
[300.268s][info][gc,stats    ]    Subphase: Concurrent Classes Purge                      2.005 / 3.495         0.808 / 5.775         0.808 / 5.775         0.808 / 5.775       ms
[300.268s][info][gc,stats    ]    Subphase: Concurrent Classes Unlink                     7.826 / 8.510        40.206 / 1489.339     40.206 / 1489.339     40.206 / 1489.339    ms
[300.268s][info][gc,stats    ]    Subphase: Concurrent Mark                             641.859 / 922.666     992.823 / 5176.991    992.823 / 5176.991    992.823 / 5176.991    ms
[300.268s][info][gc,stats    ]    Subphase: Concurrent Mark Try Flush                     1.857 / 10.678        1.916 / 14.930        1.916 / 14.930        1.916 / 14.930      ms
[300.268s][info][gc,stats    ]    Subphase: Concurrent Mark Try Terminate                 1.502 / 10.682        1.045 / 12.169        1.045 / 12.169        1.045 / 12.169      ms
[300.268s][info][gc,stats    ]    Subphase: Concurrent References Enqueue                 0.002 / 0.002         0.002 / 0.006         0.002 / 0.006         0.002 / 0.006       ms
[300.268s][info][gc,stats    ]    Subphase: Concurrent References Process                 0.416 / 0.458         0.575 / 1.628         0.575 / 1.628         0.575 / 1.628       ms
[300.268s][info][gc,stats    ]    Subphase: Concurrent Roots ClassLoaderDataGraph         0.360 / 0.473         0.975 / 40.174        0.975 / 40.174        0.975 / 40.174      ms
[300.268s][info][gc,stats    ]    Subphase: Concurrent Roots CodeCache                    0.000 / 0.000         0.000 / 0.000         0.000 / 0.000         0.000 / 0.000       ms
[300.268s][info][gc,stats    ]    Subphase: Concurrent Roots JavaThreads                 67.481 / 247.091       8.350 / 247.091       8.350 / 247.091       8.350 / 247.091     ms
[300.268s][info][gc,stats    ]    Subphase: Concurrent Roots OopStorageSet                2.555 / 9.968         1.174 / 32.486        1.174 / 32.486        1.174 / 32.486      ms
[300.268s][info][gc,stats    ]    Subphase: Concurrent Weak Roots OopStorageSet           1.460 / 1.736         1.683 / 11.047        1.683 / 11.047        1.683 / 11.047      ms
[300.268s][info][gc,stats    ]    Subphase: Pause Mark Try Complete                       0.000 / 0.000         0.001 / 0.003         0.001 / 0.003         0.001 / 0.003       ms
[300.268s][info][gc,stats    ]      System: Java Threads                                     76 / 77               72 / 83               72 / 83               72 / 83          threads
[300.268s][info][gc,stats    ] =========================================================================================================================================================
[300.914s][info][gc,phases   ] GC(58) Concurrent Mark 645.923ms
[300.914s][info][gc,phases   ] GC(58) Pause Mark End 0.015ms
[300.914s][info][gc,phases   ] GC(58) Concurrent Mark Free 0.000ms
[300.931s][info][gc,phases   ] GC(58) Concurrent Process Non-Strong References 17.486ms
[300.932s][info][gc,phases   ] GC(58) Concurrent Reset Relocation Set 0.136ms
[300.936s][info][gc,phases   ] GC(58) Concurrent Select Relocation Set 3.876ms
[300.940s][info][gc,phases   ] GC(58) Pause Relocate Start 0.009ms
[300.969s][info][gc,phases   ] GC(58) Concurrent Relocate 28.176ms
[300.969s][info][gc,load     ] GC(58) Load: 0.00/0.00/0.00
[300.969s][info][gc,mmu      ] GC(58) MMU: 2ms/0.0%, 5ms/0.0%, 10ms/27.5%, 20ms/63.8%, 50ms/85.5%, 100ms/92.8%
[300.969s][info][gc,marking  ] GC(58) Mark: 2 stripe(s), 2 proactive flush(es), 1 terminate flush(es), 0 completion(s), 0 continuation(s) 
[300.969s][info][gc,marking  ] GC(58) Mark Stack Usage: 32M
[300.969s][info][gc,nmethod  ] GC(58) NMethods: 8542 registered, 1148 unregistered
[300.969s][info][gc,metaspace] GC(58) Metaspace: 130M used, 131M committed, 1152M reserved
[300.969s][info][gc,ref      ] GC(58) Soft: 6079 encountered, 0 discovered, 0 enqueued
[300.969s][info][gc,ref      ] GC(58) Weak: 23069 encountered, 2012 discovered, 1 enqueued
[300.969s][info][gc,ref      ] GC(58) Final: 34 encountered, 0 discovered, 0 enqueued
[300.969s][info][gc,ref      ] GC(58) Phantom: 605 encountered, 414 discovered, 0 enqueued
[300.969s][info][gc,reloc    ] GC(58) Small Pages: 1009 / 2018M, Empty: 264M, Relocated: 59M, In-Place: 0
[300.969s][info][gc,reloc    ] GC(58) Medium Pages: 2 / 64M, Empty: 0M, Relocated: 0M, In-Place: 0
[300.969s][info][gc,reloc    ] GC(58) Large Pages: 0 / 0M, Empty: 0M, Relocated: 0M, In-Place: 0
[300.969s][info][gc,reloc    ] GC(58) Forwarding Usage: 17M
[300.969s][info][gc,heap     ] GC(58) Min Capacity: 8192M(100%)
[300.969s][info][gc,heap     ] GC(58) Max Capacity: 8192M(100%)
[300.969s][info][gc,heap     ] GC(58) Soft Max Capacity: 8192M(100%)
[300.969s][info][gc,heap     ] GC(58)                Mark Start          Mark End        Relocate Start      Relocate End           High               Low         
[300.969s][info][gc,heap     ] GC(58)  Capacity:     8192M (100%)       8192M (100%)       8192M (100%)       8192M (100%)       8192M (100%)       8192M (100%)   
[300.969s][info][gc,heap     ] GC(58)      Free:     6110M (75%)        5880M (72%)        6132M (75%)        7242M (88%)        7242M (88%)        5868M (72%)    
[300.969s][info][gc,heap     ] GC(58)      Used:     2082M (25%)        2312M (28%)        2060M (25%)         950M (12%)        2324M (28%)         950M (12%)    
[300.969s][info][gc,heap     ] GC(58)      Live:         -               608M (7%)          608M (7%)          608M (7%)             -                  -          
[300.969s][info][gc,heap     ] GC(58) Allocated:         -               230M (3%)          242M (3%)          245M (3%)             -                  -          
[300.969s][info][gc,heap     ] GC(58)   Garbage:         -              1473M (18%)        1209M (15%)          95M (1%)             -                  -          
[300.969s][info][gc,heap     ] GC(58) Reclaimed:         -                  -               264M (3%)         1377M (17%)            -                  -          
[300.969s][info][gc          ] GC(58) Garbage Collection (Allocation Rate) 2082M(25%)->950M(12%)
[307.868s][info][gc,start    ] GC(59) Garbage Collection (Allocation Rate)
[307.868s][info][gc,task     ] GC(59) Using 2 workers
[307.868s][info][gc,phases   ] GC(59) Pause Mark Start 0.009ms
[308.567s][info][gc,phases   ] GC(59) Concurrent Mark 698.814ms
[308.572s][info][gc,phases   ] GC(59) Pause Mark End 0.087ms
[308.572s][info][gc,phases   ] GC(59) Concurrent Mark Free 0.000ms
[308.586s][info][gc,phases   ] GC(59) Concurrent Process Non-Strong References 14.360ms
[308.586s][info][gc,phases   ] GC(59) Concurrent Reset Relocation Set 0.054ms
[309.214s][info][gc,phases   ] GC(59) Concurrent Select Relocation Set 628.192ms
[309.216s][info][gc,phases   ] GC(59) Pause Relocate Start 0.009ms
[309.258s][info][gc,phases   ] GC(59) Concurrent Relocate 41.983ms
[309.258s][info][gc,load     ] GC(59) Load: 0.00/0.00/0.00
[309.258s][info][gc,mmu      ] GC(59) MMU: 2ms/0.0%, 5ms/0.0%, 10ms/27.5%, 20ms/63.8%, 50ms/85.5%, 100ms/92.8%
[309.258s][info][gc,marking  ] GC(59) Mark: 2 stripe(s), 2 proactive flush(es), 1 terminate flush(es), 0 completion(s), 0 continuation(s) 
[309.258s][info][gc,marking  ] GC(59) Mark Stack Usage: 32M
[309.258s][info][gc,nmethod  ] GC(59) NMethods: 8619 registered, 1177 unregistered
[309.258s][info][gc,metaspace] GC(59) Metaspace: 130M used, 131M committed, 1152M reserved
[309.258s][info][gc,ref      ] GC(59) Soft: 6080 encountered, 0 discovered, 0 enqueued
[309.258s][info][gc,ref      ] GC(59) Weak: 23094 encountered, 3977 discovered, 10 enqueued
[309.258s][info][gc,ref      ] GC(59) Final: 34 encountered, 0 discovered, 0 enqueued
[309.258s][info][gc,ref      ] GC(59) Phantom: 611 encountered, 483 discovered, 6 enqueued
[309.258s][info][gc,reloc    ] GC(59) Small Pages: 2970 / 5940M, Empty: 1936M, Relocated: 94M, In-Place: 0
[309.258s][info][gc,reloc    ] GC(59) Medium Pages: 2 / 64M, Empty: 0M, Relocated: 0M, In-Place: 0
[309.258s][info][gc,reloc    ] GC(59) Large Pages: 0 / 0M, Empty: 0M, Relocated: 0M, In-Place: 0
[309.258s][info][gc,reloc    ] GC(59) Forwarding Usage: 32M
[309.258s][info][gc,heap     ] GC(59) Min Capacity: 8192M(100%)
[309.258s][info][gc,heap     ] GC(59) Max Capacity: 8192M(100%)
[309.258s][info][gc,heap     ] GC(59) Soft Max Capacity: 8192M(100%)
[309.258s][info][gc,heap     ] GC(59)                Mark Start          Mark End        Relocate Start      Relocate End           High               Low         
[309.258s][info][gc,heap     ] GC(59)  Capacity:     8192M (100%)       8192M (100%)       8192M (100%)       8192M (100%)       8192M (100%)       8192M (100%)   
[309.258s][info][gc,heap     ] GC(59)      Free:     2188M (27%)        2050M (25%)        3570M (44%)        6974M (85%)        6976M (85%)        2048M (25%)    
[309.258s][info][gc,heap     ] GC(59)      Used:     6004M (73%)        6142M (75%)        4622M (56%)        1218M (15%)        6144M (75%)        1216M (15%)    
[309.258s][info][gc,heap     ] GC(59)      Live:         -               557M (7%)          557M (7%)          557M (7%)             -                  -          
[309.258s][info][gc,heap     ] GC(59) Allocated:         -               138M (2%)          554M (7%)          578M (7%)             -                  -          
[309.258s][info][gc,heap     ] GC(59)   Garbage:         -              5446M (66%)        3510M (43%)          81M (1%)             -                  -          
[309.258s][info][gc,heap     ] GC(59) Reclaimed:         -                  -              1936M (24%)        5364M (65%)            -                  -          
[309.258s][info][gc          ] GC(59) Garbage Collection (Allocation Rate) 6004M(73%)->1218M(15%)
[310.268s][info][gc,stats    ] === Garbage Collection Statistics =======================================================================================================================
[310.268s][info][gc,stats    ]                                                              Last 10s              Last 10m              Last 10h                Total
[310.268s][info][gc,stats    ]                                                              Avg / Max             Avg / Max             Avg / Max             Avg / Max
[310.268s][info][gc,stats    ]   Collector: Garbage Collection Cycle                   1045.405 / 1389.640   1471.741 / 7809.708   1471.741 / 7809.708   1471.741 / 7809.708    ms
[310.268s][info][gc,stats    ]  Contention: Mark Segment Reset Contention                     0 / 0                 0 / 3                 0 / 3                 0 / 3           ops/s
[310.268s][info][gc,stats    ]  Contention: Mark SeqNum Reset Contention                      0 / 0                 0 / 1                 0 / 1                 0 / 1           ops/s
[310.268s][info][gc,stats    ]    Critical: Allocation Stall                                  0 / 0                 0 / 0                 0 / 0                 0 / 0           ops/s
[310.268s][info][gc,stats    ]    Critical: Allocation Stall                              0.000 / 0.000         0.000 / 0.000         0.000 / 0.000         0.000 / 0.000       ms
[310.268s][info][gc,stats    ]    Critical: GC Locker Stall                                   0 / 0                 0 / 1                 0 / 1                 0 / 1           ops/s
[310.268s][info][gc,stats    ]    Critical: GC Locker Stall                               0.000 / 0.000         0.061 / 0.151         0.061 / 0.151         0.061 / 0.151       ms
[310.268s][info][gc,stats    ]    Critical: Relocation Stall                                  0 / 0                 0 / 0                 0 / 0                 0 / 0           ops/s
[310.268s][info][gc,stats    ]    Critical: Relocation Stall                              0.000 / 0.000         0.000 / 0.000         0.000 / 0.000         0.000 / 0.000       ms
[310.268s][info][gc,stats    ]      Memory: Allocation Rate                                 690 / 1012            565 / 1112            565 / 1112            565 / 1112        MB/s
[310.268s][info][gc,stats    ]      Memory: Defragment                                        0 / 0                 0 / 0                 0 / 0                 0 / 0           ops/s
[310.268s][info][gc,stats    ]      Memory: Out Of Memory                                     0 / 0                 0 / 0                 0 / 0                 0 / 0           ops/s
[310.268s][info][gc,stats    ]      Memory: Page Cache Flush                                  0 / 0                 0 / 0                 0 / 0                 0 / 0           MB/s
[310.268s][info][gc,stats    ]      Memory: Page Cache Hit L1                               352 / 506             276 / 621             276 / 621             276 / 621         ops/s
[310.268s][info][gc,stats    ]      Memory: Page Cache Hit L2                                 0 / 0                 0 / 0                 0 / 0                 0 / 0           ops/s
[310.268s][info][gc,stats    ]      Memory: Page Cache Hit L3                                 0 / 0                12 / 397              12 / 397              12 / 397         ops/s
[310.268s][info][gc,stats    ]      Memory: Page Cache Miss                                   0 / 0                 0 / 1                 0 / 1                 0 / 1           ops/s
[310.268s][info][gc,stats    ]      Memory: Uncommit                                          0 / 0                 0 / 0                 0 / 0                 0 / 0           MB/s
[310.268s][info][gc,stats    ]      Memory: Undo Object Allocation Failed                     0 / 0                 0 / 0                 0 / 0                 0 / 0           ops/s
[310.268s][info][gc,stats    ]      Memory: Undo Object Allocation Succeeded                  0 / 2                 2 / 209               2 / 209               2 / 209         ops/s
[310.268s][info][gc,stats    ]      Memory: Undo Page Allocation                              0 / 0                 0 / 1                 0 / 1                 0 / 1           ops/s
[310.268s][info][gc,stats    ]       Phase: Concurrent Mark                             672.369 / 698.814    1097.516 / 5264.294   1097.516 / 5264.294   1097.516 / 5264.294    ms
[310.269s][info][gc,stats    ]       Phase: Concurrent Mark Continue                      0.000 / 0.000         0.000 / 0.000         0.000 / 0.000         0.000 / 0.000       ms
[310.269s][info][gc,stats    ]       Phase: Concurrent Mark Free                          0.000 / 0.000         0.001 / 0.002         0.001 / 0.002         0.001 / 0.002       ms
[310.269s][info][gc,stats    ]       Phase: Concurrent Process Non-Strong References     15.923 / 17.486       45.714 / 1493.667     45.714 / 1493.667     45.714 / 1493.667    ms
[310.269s][info][gc,stats    ]       Phase: Concurrent Relocate                          35.080 / 41.983       44.919 / 150.389      44.919 / 150.389      44.919 / 150.389     ms
[310.269s][info][gc,stats    ]       Phase: Concurrent Reset Relocation Set               0.095 / 0.136         0.096 / 0.341         0.096 / 0.341         0.096 / 0.341       ms
[310.269s][info][gc,stats    ]       Phase: Concurrent Select Relocation Set            316.034 / 628.192     270.266 / 2442.561    270.266 / 2442.561    270.266 / 2442.561    ms
[310.269s][info][gc,stats    ]       Phase: Pause Mark End                                0.051 / 0.087         0.105 / 4.475         0.105 / 4.475         0.105 / 4.475       ms
[310.269s][info][gc,stats    ]       Phase: Pause Mark Start                              0.008 / 0.009         0.127 / 7.250         0.127 / 7.250         0.127 / 7.250       ms
[310.269s][info][gc,stats    ]       Phase: Pause Relocate Start                          0.009 / 0.009         0.015 / 0.178         0.015 / 0.178         0.015 / 0.178       ms
[310.269s][info][gc,stats    ]    Subphase: Concurrent Classes Purge                      0.213 / 0.240         0.788 / 5.775         0.788 / 5.775         0.788 / 5.775       ms
[310.269s][info][gc,stats    ]    Subphase: Concurrent Classes Unlink                     8.143 / 8.312        39.137 / 1489.339     39.137 / 1489.339     39.137 / 1489.339    ms
[310.269s][info][gc,stats    ]    Subphase: Concurrent Mark                             670.560 / 697.225     981.415 / 5176.991    981.415 / 5176.991    981.415 / 5176.991    ms
[310.269s][info][gc,stats    ]    Subphase: Concurrent Mark Try Flush                     2.753 / 4.808         1.942 / 14.930        1.942 / 14.930        1.942 / 14.930      ms
[310.269s][info][gc,stats    ]    Subphase: Concurrent Mark Try Terminate                 1.098 / 4.480         1.048 / 12.169        1.048 / 12.169        1.048 / 12.169      ms
[310.269s][info][gc,stats    ]    Subphase: Concurrent References Enqueue                 0.002 / 0.003         0.002 / 0.006         0.002 / 0.006         0.002 / 0.006       ms
[310.269s][info][gc,stats    ]    Subphase: Concurrent References Process                 0.361 / 0.440         0.568 / 1.628         0.568 / 1.628         0.568 / 1.628       ms
[310.269s][info][gc,stats    ]    Subphase: Concurrent Roots ClassLoaderDataGraph         0.299 / 0.457         0.951 / 40.174        0.951 / 40.174        0.951 / 40.174      ms
[310.269s][info][gc,stats    ]    Subphase: Concurrent Roots CodeCache                    0.000 / 0.000         0.000 / 0.000         0.000 / 0.000         0.000 / 0.000       ms
[310.269s][info][gc,stats    ]    Subphase: Concurrent Roots JavaThreads                  1.027 / 1.194         8.091 / 247.091       8.091 / 247.091       8.091 / 247.091     ms
[310.269s][info][gc,stats    ]    Subphase: Concurrent Roots OopStorageSet                0.081 / 0.095         1.135 / 32.486        1.135 / 32.486        1.135 / 32.486      ms
[310.269s][info][gc,stats    ]    Subphase: Concurrent Weak Roots OopStorageSet           1.567 / 1.695         1.679 / 11.047        1.679 / 11.047        1.679 / 11.047      ms
[310.269s][info][gc,stats    ]    Subphase: Pause Mark Try Complete                       0.000 / 0.000         0.001 / 0.003         0.001 / 0.003         0.001 / 0.003       ms
[310.269s][info][gc,stats    ]      System: Java Threads                                     76 / 76               72 / 83               72 / 83               72 / 83          threads
[310.269s][info][gc,stats    ] =========================================================================================================================================================
[312.968s][info][gc,start    ] GC(60) Garbage Collection (Allocation Rate)
[312.968s][info][gc,task     ] GC(60) Using 2 workers
[312.968s][info][gc,phases   ] GC(60) Pause Mark Start 0.007ms
[313.669s][info][gc,phases   ] GC(60) Concurrent Mark 700.799ms
[313.669s][info][gc,phases   ] GC(60) Pause Mark End 0.016ms
[313.669s][info][gc,phases   ] GC(60) Concurrent Mark Free 0.000ms
[313.685s][info][gc,phases   ] GC(60) Concurrent Process Non-Strong References 16.042ms
[313.685s][info][gc,phases   ] GC(60) Concurrent Reset Relocation Set 0.283ms
[313.693s][info][gc,phases   ] GC(60) Concurrent Select Relocation Set 8.138ms
[313.696s][info][gc,phases   ] GC(60) Pause Relocate Start 0.012ms
[313.738s][info][gc,phases   ] GC(60) Concurrent Relocate 41.486ms
[313.738s][info][gc,load     ] GC(60) Load: 0.00/0.00/0.00
[313.738s][info][gc,mmu      ] GC(60) MMU: 2ms/0.0%, 5ms/0.0%, 10ms/27.5%, 20ms/63.8%, 50ms/85.5%, 100ms/92.8%
[313.738s][info][gc,marking  ] GC(60) Mark: 2 stripe(s), 3 proactive flush(es), 1 terminate flush(es), 0 completion(s), 0 continuation(s) 
[313.738s][info][gc,marking  ] GC(60) Mark Stack Usage: 32M
[313.738s][info][gc,nmethod  ] GC(60) NMethods: 8633 registered, 1198 unregistered
[313.738s][info][gc,metaspace] GC(60) Metaspace: 130M used, 131M committed, 1152M reserved
[313.738s][info][gc,ref      ] GC(60) Soft: 6080 encountered, 0 discovered, 0 enqueued
[313.738s][info][gc,ref      ] GC(60) Weak: 23088 encountered, 654 discovered, 3 enqueued
[313.738s][info][gc,ref      ] GC(60) Final: 34 encountered, 0 discovered, 0 enqueued
[313.738s][info][gc,ref      ] GC(60) Phantom: 611 encountered, 425 discovered, 0 enqueued
[313.738s][info][gc,reloc    ] GC(60) Small Pages: 2502 / 5004M, Empty: 1248M, Relocated: 96M, In-Place: 0
[313.738s][info][gc,reloc    ] GC(60) Medium Pages: 2 / 64M, Empty: 0M, Relocated: 0M, In-Place: 0
[313.738s][info][gc,reloc    ] GC(60) Large Pages: 0 / 0M, Empty: 0M, Relocated: 0M, In-Place: 0
[313.738s][info][gc,reloc    ] GC(60) Forwarding Usage: 28M
[313.738s][info][gc,heap     ] GC(60) Min Capacity: 8192M(100%)
[313.738s][info][gc,heap     ] GC(60) Max Capacity: 8192M(100%)
[313.738s][info][gc,heap     ] GC(60) Soft Max Capacity: 8192M(100%)
[313.738s][info][gc,heap     ] GC(60)                Mark Start          Mark End        Relocate Start      Relocate End           High               Low         
[313.738s][info][gc,heap     ] GC(60)  Capacity:     8192M (100%)       8192M (100%)       8192M (100%)       8192M (100%)       8192M (100%)       8192M (100%)   
[313.738s][info][gc,heap     ] GC(60)      Free:     3124M (38%)        2992M (37%)        4238M (52%)        7384M (90%)        7384M (90%)        2990M (36%)    
[313.738s][info][gc,heap     ] GC(60)      Used:     5068M (62%)        5200M (63%)        3954M (48%)         808M (10%)        5202M (64%)         808M (10%)    
[313.738s][info][gc,heap     ] GC(60)      Live:         -               573M (7%)          573M (7%)          573M (7%)             -                  -          
[313.738s][info][gc,heap     ] GC(60) Allocated:         -               132M (2%)          134M (2%)          148M (2%)             -                  -          
[313.738s][info][gc,heap     ] GC(60)   Garbage:         -              4494M (55%)        3246M (40%)          86M (1%)             -                  -          
[313.738s][info][gc,heap     ] GC(60) Reclaimed:         -                  -              1248M (15%)        4408M (54%)            -                  -          
[313.738s][info][gc          ] GC(60) Garbage Collection (Allocation Rate) 5068M(62%)->808M(10%)
[317.768s][info][gc,start    ] GC(61) Garbage Collection (Allocation Rate)
[317.768s][info][gc,task     ] GC(61) Using 1 workers
[317.768s][info][gc,phases   ] GC(61) Pause Mark Start 0.008ms
[318.905s][info][gc,phases   ] GC(61) Concurrent Mark 1136.704ms
[318.905s][info][gc,phases   ] GC(61) Pause Mark End 0.017ms
[318.905s][info][gc,phases   ] GC(61) Concurrent Mark Free 0.000ms
[318.933s][info][gc,phases   ] GC(61) Concurrent Process Non-Strong References 27.805ms
[318.933s][info][gc,phases   ] GC(61) Concurrent Reset Relocation Set 0.177ms
[319.231s][info][gc,phases   ] GC(61) Concurrent Select Relocation Set 298.286ms
[319.232s][info][gc,phases   ] GC(61) Pause Relocate Start 0.011ms
[319.302s][info][gc,phases   ] GC(61) Concurrent Relocate 70.210ms
[319.302s][info][gc,load     ] GC(61) Load: 0.00/0.00/0.00
[319.302s][info][gc,mmu      ] GC(61) MMU: 2ms/0.0%, 5ms/0.0%, 10ms/27.5%, 20ms/63.8%, 50ms/85.5%, 100ms/92.8%
[319.302s][info][gc,marking  ] GC(61) Mark: 1 stripe(s), 2 proactive flush(es), 1 terminate flush(es), 0 completion(s), 0 continuation(s) 
[319.302s][info][gc,marking  ] GC(61) Mark Stack Usage: 32M
[319.302s][info][gc,nmethod  ] GC(61) NMethods: 8793 registered, 1254 unregistered
[319.302s][info][gc,metaspace] GC(61) Metaspace: 130M used, 131M committed, 1152M reserved
[319.302s][info][gc,ref      ] GC(61) Soft: 6081 encountered, 0 discovered, 0 enqueued
[319.302s][info][gc,ref      ] GC(61) Weak: 23171 encountered, 962 discovered, 33 enqueued
[319.302s][info][gc,ref      ] GC(61) Final: 34 encountered, 0 discovered, 0 enqueued
[319.302s][info][gc,ref      ] GC(61) Phantom: 677 encountered, 547 discovered, 24 enqueued
[319.302s][info][gc,reloc    ] GC(61) Small Pages: 2077 / 4154M, Empty: 698M, Relocated: 99M, In-Place: 0
[319.302s][info][gc,reloc    ] GC(61) Medium Pages: 2 / 64M, Empty: 0M, Relocated: 0M, In-Place: 0
[319.302s][info][gc,reloc    ] GC(61) Large Pages: 0 / 0M, Empty: 0M, Relocated: 0M, In-Place: 0
[319.302s][info][gc,reloc    ] GC(61) Forwarding Usage: 32M
[319.302s][info][gc,heap     ] GC(61) Min Capacity: 8192M(100%)
[319.302s][info][gc,heap     ] GC(61) Max Capacity: 8192M(100%)
[319.302s][info][gc,heap     ] GC(61) Soft Max Capacity: 8192M(100%)
[319.302s][info][gc,heap     ] GC(61)                Mark Start          Mark End        Relocate Start      Relocate End           High               Low         
[319.302s][info][gc,heap     ] GC(61)  Capacity:     8192M (100%)       8192M (100%)       8192M (100%)       8192M (100%)       8192M (100%)       8192M (100%)   
[319.302s][info][gc,heap     ] GC(61)      Free:     3974M (49%)        3698M (45%)        4172M (51%)        6984M (85%)        6984M (85%)        3694M (45%)    
[319.302s][info][gc,heap     ] GC(61)      Used:     4218M (51%)        4494M (55%)        4020M (49%)        1208M (15%)        4498M (55%)        1208M (15%)    
[319.302s][info][gc,heap     ] GC(61)      Live:         -               570M (7%)          570M (7%)          570M (7%)             -                  -          
[319.302s][info][gc,heap     ] GC(61) Allocated:         -               276M (3%)          500M (6%)          556M (7%)             -                  -          
[319.302s][info][gc,heap     ] GC(61)   Garbage:         -              3647M (45%)        2949M (36%)          81M (1%)             -                  -          
[319.302s][info][gc,heap     ] GC(61) Reclaimed:         -                  -               698M (9%)         3566M (44%)            -                  -          
[319.302s][info][gc          ] GC(61) Garbage Collection (Allocation Rate) 4218M(51%)->1208M(15%)
[320.268s][info][gc,stats    ] === Garbage Collection Statistics =======================================================================================================================
[320.268s][info][gc,stats    ]                                                              Last 10s              Last 10m              Last 10h                Total
[320.268s][info][gc,stats    ]                                                              Avg / Max             Avg / Max             Avg / Max             Avg / Max
[320.268s][info][gc,stats    ]   Collector: Garbage Collection Cycle                   1152.168 / 1534.352   1461.432 / 7809.708   1461.432 / 7809.708   1461.432 / 7809.708    ms
[320.268s][info][gc,stats    ]  Contention: Mark Segment Reset Contention                     0 / 1                 0 / 3                 0 / 3                 0 / 3           ops/s
[320.268s][info][gc,stats    ]  Contention: Mark SeqNum Reset Contention                      0 / 0                 0 / 1                 0 / 1                 0 / 1           ops/s
[320.268s][info][gc,stats    ]    Critical: Allocation Stall                                  0 / 0                 0 / 0                 0 / 0                 0 / 0           ops/s
[320.268s][info][gc,stats    ]    Critical: Allocation Stall                              0.000 / 0.000         0.000 / 0.000         0.000 / 0.000         0.000 / 0.000       ms
[320.268s][info][gc,stats    ]    Critical: GC Locker Stall                                   0 / 0                 0 / 1                 0 / 1                 0 / 1           ops/s
[320.268s][info][gc,stats    ]    Critical: GC Locker Stall                               0.000 / 0.000         0.061 / 0.151         0.061 / 0.151         0.061 / 0.151       ms
[320.268s][info][gc,stats    ]    Critical: Relocation Stall                                  0 / 0                 0 / 0                 0 / 0                 0 / 0           ops/s
[320.268s][info][gc,stats    ]    Critical: Relocation Stall                              0.000 / 0.000         0.000 / 0.000         0.000 / 0.000         0.000 / 0.000       ms
[320.268s][info][gc,stats    ]      Memory: Allocation Rate                                 772 / 1154            571 / 1154            571 / 1154            571 / 1154        MB/s
[320.268s][info][gc,stats    ]      Memory: Defragment                                        0 / 0                 0 / 0                 0 / 0                 0 / 0           ops/s
[320.269s][info][gc,stats    ]      Memory: Out Of Memory                                     0 / 0                 0 / 0                 0 / 0                 0 / 0           ops/s
[320.269s][info][gc,stats    ]      Memory: Page Cache Flush                                  0 / 0                 0 / 0                 0 / 0                 0 / 0           MB/s
[320.269s][info][gc,stats    ]      Memory: Page Cache Hit L1                               396 / 577             280 / 621             280 / 621             280 / 621         ops/s
[320.269s][info][gc,stats    ]      Memory: Page Cache Hit L2                                 0 / 0                 0 / 0                 0 / 0                 0 / 0           ops/s
[320.269s][info][gc,stats    ]      Memory: Page Cache Hit L3                                 0 / 0                11 / 397              11 / 397              11 / 397         ops/s
[320.269s][info][gc,stats    ]      Memory: Page Cache Miss                                   0 / 0                 0 / 1                 0 / 1                 0 / 1           ops/s
[320.269s][info][gc,stats    ]      Memory: Uncommit                                          0 / 0                 0 / 0                 0 / 0                 0 / 0           MB/s
[320.269s][info][gc,stats    ]      Memory: Undo Object Allocation Failed                     0 / 0                 0 / 0                 0 / 0                 0 / 0           ops/s
[320.269s][info][gc,stats    ]      Memory: Undo Object Allocation Succeeded                 40 / 400               3 / 400               3 / 400               3 / 400         ops/s
[320.269s][info][gc,stats    ]      Memory: Undo Page Allocation                              0 / 0                 0 / 1                 0 / 1                 0 / 1           ops/s
[320.269s][info][gc,stats    ]       Phase: Concurrent Mark                             918.751 / 1136.704   1091.749 / 5264.294   1091.749 / 5264.294   1091.749 / 5264.294    ms
[320.269s][info][gc,stats    ]       Phase: Concurrent Mark Continue                      0.000 / 0.000         0.000 / 0.000         0.000 / 0.000         0.000 / 0.000       ms
[320.269s][info][gc,stats    ]       Phase: Concurrent Mark Free                          0.000 / 0.000         0.001 / 0.002         0.001 / 0.002         0.001 / 0.002       ms
[320.269s][info][gc,stats    ]       Phase: Concurrent Process Non-Strong References     21.923 / 27.805       44.947 / 1493.667     44.947 / 1493.667     44.947 / 1493.667    ms
[320.269s][info][gc,stats    ]       Phase: Concurrent Relocate                          55.848 / 70.210       45.272 / 150.389      45.272 / 150.389      45.272 / 150.389     ms
[320.269s][info][gc,stats    ]       Phase: Concurrent Reset Relocation Set               0.230 / 0.283         0.101 / 0.341         0.101 / 0.341         0.101 / 0.341       ms
[320.269s][info][gc,stats    ]       Phase: Concurrent Select Relocation Set            153.212 / 298.286     266.490 / 2442.561    266.490 / 2442.561    266.490 / 2442.561    ms
[320.269s][info][gc,stats    ]       Phase: Pause Mark End                                0.016 / 0.017         0.102 / 4.475         0.102 / 4.475         0.102 / 4.475       ms
[320.269s][info][gc,stats    ]       Phase: Pause Mark Start                              0.007 / 0.008         0.123 / 7.250         0.123 / 7.250         0.123 / 7.250       ms
[320.269s][info][gc,stats    ]       Phase: Pause Relocate Start                          0.011 / 0.012         0.014 / 0.178         0.014 / 0.178         0.014 / 0.178       ms
[320.269s][info][gc,stats    ]    Subphase: Concurrent Classes Purge                      0.471 / 0.598         0.778 / 5.775         0.778 / 5.775         0.778 / 5.775       ms
[320.269s][info][gc,stats    ]    Subphase: Concurrent Classes Unlink                    15.219 / 21.353       38.366 / 1489.339     38.366 / 1489.339     38.366 / 1489.339    ms
[320.269s][info][gc,stats    ]    Subphase: Concurrent Mark                             840.993 / 1125.248    977.784 / 5176.991    977.784 / 5176.991    977.784 / 5176.991    ms
[320.269s][info][gc,stats    ]    Subphase: Concurrent Mark Try Flush                     1.072 / 5.600         1.911 / 14.930        1.911 / 14.930        1.911 / 14.930      ms
[320.269s][info][gc,stats    ]    Subphase: Concurrent Mark Try Terminate                 0.587 / 1.532         1.041 / 12.169        1.041 / 12.169        1.041 / 12.169      ms
[320.269s][info][gc,stats    ]    Subphase: Concurrent References Enqueue                 0.003 / 0.004         0.002 / 0.006         0.002 / 0.006         0.002 / 0.006       ms
[320.269s][info][gc,stats    ]    Subphase: Concurrent References Process                 0.214 / 0.314         0.557 / 1.628         0.557 / 1.628         0.557 / 1.628       ms
[320.269s][info][gc,stats    ]    Subphase: Concurrent Roots ClassLoaderDataGraph         0.312 / 0.417         0.934 / 40.174        0.934 / 40.174        0.934 / 40.174      ms
[320.269s][info][gc,stats    ]    Subphase: Concurrent Roots CodeCache                    0.000 / 0.000         0.000 / 0.000         0.000 / 0.000         0.000 / 0.000       ms
[320.269s][info][gc,stats    ]    Subphase: Concurrent Roots JavaThreads                  4.292 / 10.802        7.992 / 247.091       7.992 / 247.091       7.992 / 247.091     ms
[320.269s][info][gc,stats    ]    Subphase: Concurrent Roots OopStorageSet                0.076 / 0.103         1.108 / 32.486        1.108 / 32.486        1.108 / 32.486      ms
[320.269s][info][gc,stats    ]    Subphase: Concurrent Weak Roots OopStorageSet           1.902 / 2.868         1.684 / 11.047        1.684 / 11.047        1.684 / 11.047      ms
[320.269s][info][gc,stats    ]    Subphase: Pause Mark Try Complete                       0.000 / 0.000         0.001 / 0.003         0.001 / 0.003         0.001 / 0.003       ms
[320.269s][info][gc,stats    ]      System: Java Threads                                     76 / 77               72 / 83               72 / 83               72 / 83          threads
[320.269s][info][gc,stats    ] =========================================================================================================================================================
[324.668s][info][gc,start    ] GC(62) Garbage Collection (Allocation Rate)
[324.668s][info][gc,task     ] GC(62) Using 2 workers
[324.668s][info][gc,phases   ] GC(62) Pause Mark Start 0.008ms
[325.332s][info][gc,phases   ] GC(62) Concurrent Mark 663.793ms
[325.332s][info][gc,phases   ] GC(62) Pause Mark End 0.015ms
[325.332s][info][gc,phases   ] GC(62) Concurrent Mark Free 0.001ms
[325.341s][info][gc,phases   ] GC(62) Concurrent Process Non-Strong References 8.550ms
[325.341s][info][gc,phases   ] GC(62) Concurrent Reset Relocation Set 0.110ms
[325.346s][info][gc,phases   ] GC(62) Concurrent Select Relocation Set 4.846ms
[325.346s][info][gc,phases   ] GC(62) Pause Relocate Start 0.006ms
[325.386s][info][gc,phases   ] GC(62) Concurrent Relocate 39.770ms
[325.386s][info][gc,load     ] GC(62) Load: 0.00/0.00/0.00
[325.386s][info][gc,mmu      ] GC(62) MMU: 2ms/0.0%, 5ms/0.0%, 10ms/27.5%, 20ms/63.8%, 50ms/85.5%, 100ms/92.8%
[325.386s][info][gc,marking  ] GC(62) Mark: 2 stripe(s), 2 proactive flush(es), 1 terminate flush(es), 0 completion(s), 0 continuation(s) 
[325.386s][info][gc,marking  ] GC(62) Mark Stack Usage: 32M
[325.386s][info][gc,nmethod  ] GC(62) NMethods: 8805 registered, 1273 unregistered
[325.386s][info][gc,metaspace] GC(62) Metaspace: 130M used, 131M committed, 1152M reserved
[325.386s][info][gc,ref      ] GC(62) Soft: 6081 encountered, 0 discovered, 0 enqueued
[325.386s][info][gc,ref      ] GC(62) Weak: 23150 encountered, 3533 discovered, 4 enqueued
[325.386s][info][gc,ref      ] GC(62) Final: 34 encountered, 0 discovered, 0 enqueued
[325.386s][info][gc,ref      ] GC(62) Phantom: 659 encountered, 531 discovered, 3 enqueued
[325.386s][info][gc,reloc    ] GC(62) Small Pages: 2769 / 5538M, Empty: 1438M, Relocated: 90M, In-Place: 0
[325.386s][info][gc,reloc    ] GC(62) Medium Pages: 2 / 64M, Empty: 0M, Relocated: 0M, In-Place: 0
[325.386s][info][gc,reloc    ] GC(62) Large Pages: 0 / 0M, Empty: 0M, Relocated: 0M, In-Place: 0
[325.386s][info][gc,reloc    ] GC(62) Forwarding Usage: 30M
[325.386s][info][gc,heap     ] GC(62) Min Capacity: 8192M(100%)
[325.386s][info][gc,heap     ] GC(62) Max Capacity: 8192M(100%)
[325.386s][info][gc,heap     ] GC(62) Soft Max Capacity: 8192M(100%)
[325.386s][info][gc,heap     ] GC(62)                Mark Start          Mark End        Relocate Start      Relocate End           High               Low         
[325.386s][info][gc,heap     ] GC(62)  Capacity:     8192M (100%)       8192M (100%)       8192M (100%)       8192M (100%)       8192M (100%)       8192M (100%)   
[325.386s][info][gc,heap     ] GC(62)      Free:     2590M (32%)        2404M (29%)        3836M (47%)        7334M (90%)        7334M (90%)        2402M (29%)    
[325.386s][info][gc,heap     ] GC(62)      Used:     5602M (68%)        5788M (71%)        4356M (53%)         858M (10%)        5790M (71%)         858M (10%)    
[325.386s][info][gc,heap     ] GC(62)      Live:         -               560M (7%)          560M (7%)          560M (7%)             -                  -          
[325.386s][info][gc,heap     ] GC(62) Allocated:         -               186M (2%)          192M (2%)          214M (3%)             -                  -          
[325.386s][info][gc,heap     ] GC(62)   Garbage:         -              5041M (62%)        3603M (44%)          82M (1%)             -                  -          
[325.386s][info][gc,heap     ] GC(62) Reclaimed:         -                  -              1438M (18%)        4958M (61%)            -                  -          
[325.386s][info][gc          ] GC(62) Garbage Collection (Allocation Rate) 5602M(68%)->858M(10%)
[328.968s][info][gc,start    ] GC(63) Garbage Collection (Allocation Rate)
[328.968s][info][gc,task     ] GC(63) Using 1 workers
[328.968s][info][gc,phases   ] GC(63) Pause Mark Start 0.008ms
[330.180s][info][gc,phases   ] GC(63) Concurrent Mark 1211.531ms
[330.180s][info][gc,phases   ] GC(63) Pause Mark End 0.100ms
[330.180s][info][gc,phases   ] GC(63) Concurrent Mark Free 0.001ms
[330.205s][info][gc,phases   ] GC(63) Concurrent Process Non-Strong References 24.343ms
[330.205s][info][gc,phases   ] GC(63) Concurrent Reset Relocation Set 0.465ms
[330.268s][info][gc,stats    ] === Garbage Collection Statistics =======================================================================================================================
[330.268s][info][gc,stats    ]                                                              Last 10s              Last 10m              Last 10h                Total
[330.268s][info][gc,stats    ]                                                              Avg / Max             Avg / Max             Avg / Max             Avg / Max
[330.268s][info][gc,stats    ]   Collector: Garbage Collection Cycle                    717.637 / 717.637    1449.626 / 7809.708   1449.626 / 7809.708   1449.626 / 7809.708    ms
[330.268s][info][gc,stats    ]  Contention: Mark Segment Reset Contention                     0 / 0                 0 / 3                 0 / 3                 0 / 3           ops/s
[330.268s][info][gc,stats    ]  Contention: Mark SeqNum Reset Contention                      0 / 0                 0 / 1                 0 / 1                 0 / 1           ops/s
[330.268s][info][gc,stats    ]    Critical: Allocation Stall                                  0 / 0                 0 / 0                 0 / 0                 0 / 0           ops/s
[330.268s][info][gc,stats    ]    Critical: Allocation Stall                              0.000 / 0.000         0.000 / 0.000         0.000 / 0.000         0.000 / 0.000       ms
[330.268s][info][gc,stats    ]    Critical: GC Locker Stall                                   0 / 0                 0 / 1                 0 / 1                 0 / 1           ops/s
[330.268s][info][gc,stats    ]    Critical: GC Locker Stall                               0.000 / 0.000         0.061 / 0.151         0.061 / 0.151         0.061 / 0.151       ms
[330.268s][info][gc,stats    ]    Critical: Relocation Stall                                  0 / 0                 0 / 0                 0 / 0                 0 / 0           ops/s
[330.268s][info][gc,stats    ]    Critical: Relocation Stall                              0.000 / 0.000         0.000 / 0.000         0.000 / 0.000         0.000 / 0.000       ms
[330.268s][info][gc,stats    ]      Memory: Allocation Rate                                 807 / 1190            579 / 1190            579 / 1190            579 / 1190        MB/s
[330.268s][info][gc,stats    ]      Memory: Defragment                                        0 / 0                 0 / 0                 0 / 0                 0 / 0           ops/s
[330.268s][info][gc,stats    ]      Memory: Out Of Memory                                     0 / 0                 0 / 0                 0 / 0                 0 / 0           ops/s
[330.268s][info][gc,stats    ]      Memory: Page Cache Flush                                  0 / 0                 0 / 0                 0 / 0                 0 / 0           MB/s
[330.268s][info][gc,stats    ]      Memory: Page Cache Hit L1                               408 / 595             284 / 621             284 / 621             284 / 621         ops/s
[330.268s][info][gc,stats    ]      Memory: Page Cache Hit L2                                 0 / 0                 0 / 0                 0 / 0                 0 / 0           ops/s
[330.268s][info][gc,stats    ]      Memory: Page Cache Hit L3                                 0 / 0                11 / 397              11 / 397              11 / 397         ops/s
[330.268s][info][gc,stats    ]      Memory: Page Cache Miss                                   0 / 0                 0 / 1                 0 / 1                 0 / 1           ops/s
[330.268s][info][gc,stats    ]      Memory: Uncommit                                          0 / 0                 0 / 0                 0 / 0                 0 / 0           MB/s
[330.268s][info][gc,stats    ]      Memory: Undo Object Allocation Failed                     0 / 0                 0 / 0                 0 / 0                 0 / 0           ops/s
[330.268s][info][gc,stats    ]      Memory: Undo Object Allocation Succeeded                  0 / 0                 3 / 400               3 / 400               3 / 400         ops/s
[330.268s][info][gc,stats    ]      Memory: Undo Page Allocation                              0 / 0                 0 / 1                 0 / 1                 0 / 1           ops/s
[330.268s][info][gc,stats    ]       Phase: Concurrent Mark                             937.662 / 1211.531   1086.934 / 5264.294   1086.934 / 5264.294   1086.934 / 5264.294    ms
[330.268s][info][gc,stats    ]       Phase: Concurrent Mark Continue                      0.000 / 0.000         0.000 / 0.000         0.000 / 0.000         0.000 / 0.000       ms
[330.268s][info][gc,stats    ]       Phase: Concurrent Mark Free                          0.001 / 0.001         0.001 / 0.002         0.001 / 0.002         0.001 / 0.002       ms
[330.268s][info][gc,stats    ]       Phase: Concurrent Process Non-Strong References     16.446 / 24.343       44.056 / 1493.667     44.056 / 1493.667     44.056 / 1493.667    ms
[330.268s][info][gc,stats    ]       Phase: Concurrent Relocate                          39.770 / 39.770       45.184 / 150.389      45.184 / 150.389      45.184 / 150.389     ms
[330.268s][info][gc,stats    ]       Phase: Concurrent Reset Relocation Set               0.288 / 0.465         0.106 / 0.465         0.106 / 0.465         0.106 / 0.465       ms
[330.268s][info][gc,stats    ]       Phase: Concurrent Select Relocation Set              4.846 / 4.846       262.337 / 2442.561    262.337 / 2442.561    262.337 / 2442.561    ms
[330.268s][info][gc,stats    ]       Phase: Pause Mark End                                0.058 / 0.100         0.100 / 4.475         0.100 / 4.475         0.100 / 4.475       ms
[330.268s][info][gc,stats    ]       Phase: Pause Mark Start                              0.008 / 0.008         0.120 / 7.250         0.120 / 7.250         0.120 / 7.250       ms
[330.268s][info][gc,stats    ]       Phase: Pause Relocate Start                          0.006 / 0.006         0.014 / 0.178         0.014 / 0.178         0.014 / 0.178       ms
[330.268s][info][gc,stats    ]    Subphase: Concurrent Classes Purge                      0.139 / 0.180         0.758 / 5.775         0.758 / 5.775         0.758 / 5.775       ms
[330.268s][info][gc,stats    ]    Subphase: Concurrent Classes Unlink                    12.777 / 19.190       37.566 / 1489.339     37.566 / 1489.339     37.566 / 1489.339    ms
[330.268s][info][gc,stats    ]    Subphase: Concurrent Mark                             844.601 / 1209.297    974.426 / 5176.991    974.426 / 5176.991    974.426 / 5176.991    ms
[330.268s][info][gc,stats    ]    Subphase: Concurrent Mark Try Flush                     0.392 / 2.101         1.865 / 14.930        1.865 / 14.930        1.865 / 14.930      ms
[330.268s][info][gc,stats    ]    Subphase: Concurrent Mark Try Terminate                 0.575 / 1.165         1.033 / 12.169        1.033 / 12.169        1.033 / 12.169      ms
[330.268s][info][gc,stats    ]    Subphase: Concurrent References Enqueue                 0.002 / 0.002         0.002 / 0.006         0.002 / 0.006         0.002 / 0.006       ms
[330.268s][info][gc,stats    ]    Subphase: Concurrent References Process                 0.366 / 0.398         0.551 / 1.628         0.551 / 1.628         0.551 / 1.628       ms
[330.268s][info][gc,stats    ]    Subphase: Concurrent Roots ClassLoaderDataGraph         0.345 / 0.469         0.918 / 40.174        0.918 / 40.174        0.918 / 40.174      ms
[330.268s][info][gc,stats    ]    Subphase: Concurrent Roots CodeCache                    0.000 / 0.000         0.000 / 0.000         0.000 / 0.000         0.000 / 0.000       ms
[330.268s][info][gc,stats    ]    Subphase: Concurrent Roots JavaThreads                  1.094 / 1.542         7.819 / 247.091       7.819 / 247.091       7.819 / 247.091     ms
[330.268s][info][gc,stats    ]    Subphase: Concurrent Roots OopStorageSet                0.079 / 0.108         1.082 / 32.486        1.082 / 32.486        1.082 / 32.486      ms
[330.268s][info][gc,stats    ]    Subphase: Concurrent Weak Roots OopStorageSet           2.047 / 3.319         1.693 / 11.047        1.693 / 11.047        1.693 / 11.047      ms
[330.268s][info][gc,stats    ]    Subphase: Pause Mark Try Complete                       0.001 / 0.001         0.001 / 0.003         0.001 / 0.003         0.001 / 0.003       ms
[330.268s][info][gc,stats    ]      System: Java Threads                                     77 / 77               72 / 83               72 / 83               72 / 83          threads
[330.268s][info][gc,stats    ] =========================================================================================================================================================
[331.078s][info][gc,phases   ] GC(63) Concurrent Select Relocation Set 873.210ms
[331.082s][info][gc,phases   ] GC(63) Pause Relocate Start 0.010ms
[331.155s][info][gc,phases   ] GC(63) Concurrent Relocate 72.604ms
[331.155s][info][gc,load     ] GC(63) Load: 0.00/0.00/0.00
[331.155s][info][gc,mmu      ] GC(63) MMU: 2ms/0.0%, 5ms/0.0%, 10ms/27.5%, 20ms/63.8%, 50ms/85.5%, 100ms/92.8%
[331.155s][info][gc,marking  ] GC(63) Mark: 1 stripe(s), 2 proactive flush(es), 1 terminate flush(es), 1 completion(s), 0 continuation(s) 
[331.155s][info][gc,marking  ] GC(63) Mark Stack Usage: 32M
[331.155s][info][gc,nmethod  ] GC(63) NMethods: 8815 registered, 1280 unregistered
[331.155s][info][gc,metaspace] GC(63) Metaspace: 130M used, 131M committed, 1152M reserved
[331.155s][info][gc,ref      ] GC(63) Soft: 6081 encountered, 0 discovered, 0 enqueued
[331.155s][info][gc,ref      ] GC(63) Weak: 23148 encountered, 931 discovered, 0 enqueued
[331.155s][info][gc,ref      ] GC(63) Final: 34 encountered, 0 discovered, 0 enqueued
[331.155s][info][gc,ref      ] GC(63) Phantom: 659 encountered, 520 discovered, 0 enqueued
[331.155s][info][gc,reloc    ] GC(63) Small Pages: 2236 / 4472M, Empty: 934M, Relocated: 110M, In-Place: 0
[331.155s][info][gc,reloc    ] GC(63) Medium Pages: 2 / 64M, Empty: 0M, Relocated: 0M, In-Place: 0
[331.155s][info][gc,reloc    ] GC(63) Large Pages: 0 / 0M, Empty: 0M, Relocated: 0M, In-Place: 0
[331.155s][info][gc,reloc    ] GC(63) Forwarding Usage: 32M
[331.155s][info][gc,heap     ] GC(63) Min Capacity: 8192M(100%)
[331.155s][info][gc,heap     ] GC(63) Max Capacity: 8192M(100%)
[331.155s][info][gc,heap     ] GC(63) Soft Max Capacity: 8192M(100%)
[331.155s][info][gc,heap     ] GC(63)                Mark Start          Mark End        Relocate Start      Relocate End           High               Low         
[331.155s][info][gc,heap     ] GC(63)  Capacity:     8192M (100%)       8192M (100%)       8192M (100%)       8192M (100%)       8192M (100%)       8192M (100%)   
[331.155s][info][gc,heap     ] GC(63)      Free:     3656M (45%)        3180M (39%)        3688M (45%)        6576M (80%)        6578M (80%)        3166M (39%)    
[331.155s][info][gc,heap     ] GC(63)      Used:     4536M (55%)        5012M (61%)        4504M (55%)        1616M (20%)        5026M (61%)        1614M (20%)    
[331.155s][info][gc,heap     ] GC(63)      Live:         -               591M (7%)          591M (7%)          591M (7%)             -                  -          
[331.155s][info][gc,heap     ] GC(63) Allocated:         -               476M (6%)          902M (11%)         939M (11%)            -                  -          
[331.155s][info][gc,heap     ] GC(63)   Garbage:         -              3944M (48%)        3010M (37%)          85M (1%)             -                  -          
[331.155s][info][gc,heap     ] GC(63) Reclaimed:         -                  -               934M (11%)        3859M (47%)            -                  -          
[331.155s][info][gc          ] GC(63) Garbage Collection (Allocation Rate) 4536M(55%)->1616M(20%)
[332.268s][info][gc,start    ] GC(64) Garbage Collection (Allocation Rate)
[332.268s][info][gc,task     ] GC(64) Using 1 workers
[332.268s][info][gc,phases   ] GC(64) Pause Mark Start 0.005ms
[333.351s][info][gc,phases   ] GC(64) Concurrent Mark 1082.575ms
[333.351s][info][gc,phases   ] GC(64) Pause Mark End 0.017ms
[333.351s][info][gc,phases   ] GC(64) Concurrent Mark Free 0.001ms
[333.381s][info][gc,phases   ] GC(64) Concurrent Process Non-Strong References 29.808ms
[333.381s][info][gc,phases   ] GC(64) Concurrent Reset Relocation Set 0.161ms
[333.386s][info][gc,phases   ] GC(64) Concurrent Select Relocation Set 5.404ms
[333.391s][info][gc,phases   ] GC(64) Pause Relocate Start 0.010ms
[333.462s][info][gc,phases   ] GC(64) Concurrent Relocate 71.171ms
[333.462s][info][gc,load     ] GC(64) Load: 0.00/0.00/0.00
[333.462s][info][gc,mmu      ] GC(64) MMU: 2ms/0.0%, 5ms/0.0%, 10ms/27.5%, 20ms/63.8%, 50ms/85.5%, 100ms/92.8%
[333.462s][info][gc,marking  ] GC(64) Mark: 1 stripe(s), 2 proactive flush(es), 1 terminate flush(es), 0 completion(s), 0 continuation(s) 
[333.462s][info][gc,marking  ] GC(64) Mark Stack Usage: 32M
[333.462s][info][gc,nmethod  ] GC(64) NMethods: 8812 registered, 1286 unregistered
[333.462s][info][gc,metaspace] GC(64) Metaspace: 130M used, 131M committed, 1152M reserved
[333.462s][info][gc,ref      ] GC(64) Soft: 6081 encountered, 0 discovered, 0 enqueued
[333.462s][info][gc,ref      ] GC(64) Weak: 23149 encountered, 927 discovered, 1 enqueued
[333.462s][info][gc,ref      ] GC(64) Final: 34 encountered, 0 discovered, 0 enqueued
[333.462s][info][gc,ref      ] GC(64) Phantom: 662 encountered, 529 discovered, 0 enqueued
[333.462s][info][gc,reloc    ] GC(64) Small Pages: 1252 / 2504M, Empty: 504M, Relocated: 76M, In-Place: 0
[333.462s][info][gc,reloc    ] GC(64) Medium Pages: 2 / 64M, Empty: 0M, Relocated: 0M, In-Place: 0
[333.462s][info][gc,reloc    ] GC(64) Large Pages: 0 / 0M, Empty: 0M, Relocated: 0M, In-Place: 0
[333.462s][info][gc,reloc    ] GC(64) Forwarding Usage: 27M
[333.462s][info][gc,heap     ] GC(64) Min Capacity: 8192M(100%)
[333.462s][info][gc,heap     ] GC(64) Max Capacity: 8192M(100%)
[333.462s][info][gc,heap     ] GC(64) Soft Max Capacity: 8192M(100%)
[333.462s][info][gc,heap     ] GC(64)                Mark Start          Mark End        Relocate Start      Relocate End           High               Low         
[333.462s][info][gc,heap     ] GC(64)  Capacity:     8192M (100%)       8192M (100%)       8192M (100%)       8192M (100%)       8192M (100%)       8192M (100%)   
[333.462s][info][gc,heap     ] GC(64)      Free:     5624M (69%)        5182M (63%)        5670M (69%)        6926M (85%)        6964M (85%)        5166M (63%)    
[333.462s][info][gc,heap     ] GC(64)      Used:     2568M (31%)        3010M (37%)        2522M (31%)        1266M (15%)        3026M (37%)        1228M (15%)    
[333.462s][info][gc,heap     ] GC(64)      Live:         -               574M (7%)          574M (7%)          574M (7%)             -                  -          
[333.462s][info][gc,heap     ] GC(64) Allocated:         -               442M (5%)          458M (6%)          600M (7%)             -                  -          
[333.462s][info][gc,heap     ] GC(64)   Garbage:         -              1993M (24%)        1489M (18%)          91M (1%)             -                  -          
[333.462s][info][gc,heap     ] GC(64) Reclaimed:         -                  -               504M (6%)         1902M (23%)            -                  -          
[333.462s][info][gc          ] GC(64) Garbage Collection (Allocation Rate) 2568M(31%)->1266M(15%)
[333.867s][info][gc,start    ] GC(65) Garbage Collection (Allocation Rate)
[333.867s][info][gc,task     ] GC(65) Using 2 workers
[333.867s][info][gc,phases   ] GC(65) Pause Mark Start 0.006ms
[334.372s][info][gc,phases   ] GC(65) Concurrent Mark 504.235ms
[334.372s][info][gc,phases   ] GC(65) Pause Mark End 0.024ms
[334.372s][info][gc,phases   ] GC(65) Concurrent Mark Free 0.001ms
[334.381s][info][gc,phases   ] GC(65) Concurrent Process Non-Strong References 8.750ms
[334.381s][info][gc,phases   ] GC(65) Concurrent Reset Relocation Set 0.055ms
[334.384s][info][gc,phases   ] GC(65) Concurrent Select Relocation Set 2.948ms
[334.384s][info][gc,phases   ] GC(65) Pause Relocate Start 0.006ms
[334.414s][info][gc,phases   ] GC(65) Concurrent Relocate 29.922ms
[334.414s][info][gc,load     ] GC(65) Load: 0.00/0.00/0.00
[334.414s][info][gc,mmu      ] GC(65) MMU: 2ms/0.0%, 5ms/0.0%, 10ms/27.5%, 20ms/63.8%, 50ms/85.5%, 100ms/92.8%
[334.414s][info][gc,marking  ] GC(65) Mark: 2 stripe(s), 2 proactive flush(es), 1 terminate flush(es), 0 completion(s), 0 continuation(s) 
[334.414s][info][gc,marking  ] GC(65) Mark Stack Usage: 32M
[334.414s][info][gc,nmethod  ] GC(65) NMethods: 8816 registered, 1292 unregistered
[334.414s][info][gc,metaspace] GC(65) Metaspace: 130M used, 131M committed, 1152M reserved
[334.414s][info][gc,ref      ] GC(65) Soft: 6081 encountered, 0 discovered, 0 enqueued
[334.414s][info][gc,ref      ] GC(65) Weak: 23150 encountered, 8094 discovered, 2 enqueued
[334.414s][info][gc,ref      ] GC(65) Final: 34 encountered, 0 discovered, 0 enqueued
[334.414s][info][gc,ref      ] GC(65) Phantom: 662 encountered, 540 discovered, 0 enqueued
[334.414s][info][gc,reloc    ] GC(65) Small Pages: 935 / 1870M, Empty: 234M, Relocated: 71M, In-Place: 0
[334.414s][info][gc,reloc    ] GC(65) Medium Pages: 2 / 64M, Empty: 0M, Relocated: 0M, In-Place: 0
[334.414s][info][gc,reloc    ] GC(65) Large Pages: 0 / 0M, Empty: 0M, Relocated: 0M, In-Place: 0
[334.414s][info][gc,reloc    ] GC(65) Forwarding Usage: 22M
[334.414s][info][gc,heap     ] GC(65) Min Capacity: 8192M(100%)
[334.414s][info][gc,heap     ] GC(65) Max Capacity: 8192M(100%)
[334.414s][info][gc,heap     ] GC(65) Soft Max Capacity: 8192M(100%)
[334.414s][info][gc,heap     ] GC(65)                Mark Start          Mark End        Relocate Start      Relocate End           High               Low         
[334.414s][info][gc,heap     ] GC(65)  Capacity:     8192M (100%)       8192M (100%)       8192M (100%)       8192M (100%)       8192M (100%)       8192M (100%)   
[334.414s][info][gc,heap     ] GC(65)      Free:     6258M (76%)        6016M (73%)        6240M (76%)        7214M (88%)        7214M (88%)        6008M (73%)    
[334.414s][info][gc,heap     ] GC(65)      Used:     1934M (24%)        2176M (27%)        1952M (24%)         978M (12%)        2184M (27%)         978M (12%)    
[334.414s][info][gc,heap     ] GC(65)      Live:         -               613M (7%)          613M (7%)          613M (7%)             -                  -          
[334.414s][info][gc,heap     ] GC(65) Allocated:         -               242M (3%)          252M (3%)          265M (3%)             -                  -          
[334.414s][info][gc,heap     ] GC(65)   Garbage:         -              1320M (16%)        1086M (13%)          99M (1%)             -                  -          
[334.414s][info][gc,heap     ] GC(65) Reclaimed:         -                  -               234M (3%)         1221M (15%)            -                  -          
[334.414s][info][gc          ] GC(65) Garbage Collection (Allocation Rate) 1934M(24%)->978M(12%)
[340.268s][info][gc,stats    ] === Garbage Collection Statistics =======================================================================================================================
[340.268s][info][gc,stats    ]                                                              Last 10s              Last 10m              Last 10h                Total
[340.268s][info][gc,stats    ]                                                              Avg / Max             Avg / Max             Avg / Max             Avg / Max
[340.268s][info][gc,stats    ]   Collector: Garbage Collection Cycle                   1309.174 / 2186.527   1443.242 / 7809.708   1443.242 / 7809.708   1443.242 / 7809.708    ms
[340.268s][info][gc,stats    ]  Contention: Mark Segment Reset Contention                     0 / 0                 0 / 3                 0 / 3                 0 / 3           ops/s
[340.268s][info][gc,stats    ]  Contention: Mark SeqNum Reset Contention                      0 / 0                 0 / 1                 0 / 1                 0 / 1           ops/s
[340.268s][info][gc,stats    ]    Critical: Allocation Stall                                  0 / 0                 0 / 0                 0 / 0                 0 / 0           ops/s
[340.268s][info][gc,stats    ]    Critical: Allocation Stall                              0.000 / 0.000         0.000 / 0.000         0.000 / 0.000         0.000 / 0.000       ms
[340.268s][info][gc,stats    ]    Critical: GC Locker Stall                                   0 / 0                 0 / 1                 0 / 1                 0 / 1           ops/s
[340.268s][info][gc,stats    ]    Critical: GC Locker Stall                               0.000 / 0.000         0.061 / 0.151         0.061 / 0.151         0.061 / 0.151       ms
[340.268s][info][gc,stats    ]    Critical: Relocation Stall                                  0 / 0                 0 / 0                 0 / 0                 0 / 0           ops/s
[340.268s][info][gc,stats    ]    Critical: Relocation Stall                              0.000 / 0.000         0.000 / 0.000         0.000 / 0.000         0.000 / 0.000       ms
[340.268s][info][gc,stats    ]      Memory: Allocation Rate                                 726 / 1078            583 / 1190            583 / 1190            583 / 1190        MB/s
[340.268s][info][gc,stats    ]      Memory: Defragment                                        0 / 0                 0 / 0                 0 / 0                 0 / 0           ops/s
[340.268s][info][gc,stats    ]      Memory: Out Of Memory                                     0 / 0                 0 / 0                 0 / 0                 0 / 0           ops/s
[340.268s][info][gc,stats    ]      Memory: Page Cache Flush                                  0 / 0                 0 / 0                 0 / 0                 0 / 0           MB/s
[340.268s][info][gc,stats    ]      Memory: Page Cache Hit L1                               376 / 565             287 / 621             287 / 621             287 / 621         ops/s
[340.268s][info][gc,stats    ]      Memory: Page Cache Hit L2                                 0 / 0                 0 / 0                 0 / 0                 0 / 0           ops/s
[340.268s][info][gc,stats    ]      Memory: Page Cache Hit L3                                 0 / 0                11 / 397              11 / 397              11 / 397         ops/s
[340.268s][info][gc,stats    ]      Memory: Page Cache Miss                                   0 / 0                 0 / 1                 0 / 1                 0 / 1           ops/s
[340.268s][info][gc,stats    ]      Memory: Uncommit                                          0 / 0                 0 / 0                 0 / 0                 0 / 0           MB/s
[340.268s][info][gc,stats    ]      Memory: Undo Object Allocation Failed                     0 / 0                 0 / 0                 0 / 0                 0 / 0           ops/s
[340.268s][info][gc,stats    ]      Memory: Undo Object Allocation Succeeded                  1 / 16                3 / 400               3 / 400               3 / 400         ops/s
[340.268s][info][gc,stats    ]      Memory: Undo Page Allocation                              0 / 0                 0 / 1                 0 / 1                 0 / 1           ops/s
[340.268s][info][gc,stats    ]       Phase: Concurrent Mark                             793.405 / 1082.575   1078.039 / 5264.294   1078.039 / 5264.294   1078.039 / 5264.294    ms
[340.268s][info][gc,stats    ]       Phase: Concurrent Mark Continue                      0.000 / 0.000         0.000 / 0.000         0.000 / 0.000         0.000 / 0.000       ms
[340.268s][info][gc,stats    ]       Phase: Concurrent Mark Free                          0.001 / 0.001         0.001 / 0.002         0.001 / 0.002         0.001 / 0.002       ms
[340.268s][info][gc,stats    ]       Phase: Concurrent Process Non-Strong References     19.279 / 29.808       43.305 / 1493.667     43.305 / 1493.667     43.305 / 1493.667    ms
[340.268s][info][gc,stats    ]       Phase: Concurrent Relocate                          57.899 / 72.604       45.762 / 150.389      45.762 / 150.389      45.762 / 150.389     ms
[340.268s][info][gc,stats    ]       Phase: Concurrent Reset Relocation Set               0.108 / 0.161         0.106 / 0.465         0.106 / 0.465         0.106 / 0.465       ms
[340.268s][info][gc,stats    ]       Phase: Concurrent Select Relocation Set            293.854 / 873.210     263.770 / 2442.561    263.770 / 2442.561    263.770 / 2442.561    ms
[340.268s][info][gc,stats    ]       Phase: Pause Mark End                                0.020 / 0.024         0.098 / 4.475         0.098 / 4.475         0.098 / 4.475       ms
[340.268s][info][gc,stats    ]       Phase: Pause Mark Start                              0.005 / 0.006         0.116 / 7.250         0.116 / 7.250         0.116 / 7.250       ms
[340.268s][info][gc,stats    ]       Phase: Pause Relocate Start                          0.009 / 0.010         0.014 / 0.178         0.014 / 0.178         0.014 / 0.178       ms
[340.268s][info][gc,stats    ]    Subphase: Concurrent Classes Purge                      0.117 / 0.159         0.739 / 5.775         0.739 / 5.775         0.739 / 5.775       ms
[340.268s][info][gc,stats    ]    Subphase: Concurrent Classes Unlink                    13.508 / 20.508       36.837 / 1489.339     36.837 / 1489.339     36.837 / 1489.339    ms
[340.268s][info][gc,stats    ]    Subphase: Concurrent Mark                             694.787 / 1080.059    967.550 / 5176.991    967.550 / 5176.991    967.550 / 5176.991    ms
[340.268s][info][gc,stats    ]    Subphase: Concurrent Mark Try Flush                     2.394 / 6.708         1.881 / 14.930        1.881 / 14.930        1.881 / 14.930      ms
[340.268s][info][gc,stats    ]    Subphase: Concurrent Mark Try Terminate                 1.636 / 6.710         1.040 / 12.169        1.040 / 12.169        1.040 / 12.169      ms
[340.268s][info][gc,stats    ]    Subphase: Concurrent References Enqueue                 0.002 / 0.003         0.002 / 0.006         0.002 / 0.006         0.002 / 0.006       ms
[340.268s][info][gc,stats    ]    Subphase: Concurrent References Process                 0.405 / 0.526         0.546 / 1.628         0.546 / 1.628         0.546 / 1.628       ms
[340.268s][info][gc,stats    ]    Subphase: Concurrent Roots ClassLoaderDataGraph         0.320 / 0.426         0.903 / 40.174        0.903 / 40.174        0.903 / 40.174      ms
[340.268s][info][gc,stats    ]    Subphase: Concurrent Roots CodeCache                    0.000 / 0.000         0.000 / 0.000         0.000 / 0.000         0.000 / 0.000       ms
[340.268s][info][gc,stats    ]    Subphase: Concurrent Roots JavaThreads                  1.332 / 1.831         7.659 / 247.091       7.659 / 247.091       7.659 / 247.091     ms
[340.268s][info][gc,stats    ]    Subphase: Concurrent Roots OopStorageSet                0.073 / 0.097         1.057 / 32.486        1.057 / 32.486        1.057 / 32.486      ms
[340.268s][info][gc,stats    ]    Subphase: Concurrent Weak Roots OopStorageSet           1.961 / 3.065         1.700 / 11.047        1.700 / 11.047        1.700 / 11.047      ms
[340.268s][info][gc,stats    ]    Subphase: Pause Mark Try Complete                       0.000 / 0.000         0.001 / 0.003         0.001 / 0.003         0.001 / 0.003       ms
[340.268s][info][gc,stats    ]      System: Java Threads                                     77 / 77               73 / 83               73 / 83               73 / 83          threads
[340.268s][info][gc,stats    ] =========================================================================================================================================================
[340.567s][info][gc,start    ] GC(66) Garbage Collection (Allocation Rate)
[340.567s][info][gc,task     ] GC(66) Using 1 workers
[340.568s][info][gc,phases   ] GC(66) Pause Mark Start 0.008ms
[341.419s][info][gc,phases   ] GC(66) Concurrent Mark 851.548ms
[341.419s][info][gc,phases   ] GC(66) Pause Mark End 0.017ms
[341.419s][info][gc,phases   ] GC(66) Concurrent Mark Free 0.001ms
[341.446s][info][gc,phases   ] GC(66) Concurrent Process Non-Strong References 26.781ms
[341.446s][info][gc,phases   ] GC(66) Concurrent Reset Relocation Set 0.046ms
[342.090s][info][gc,phases   ] GC(66) Concurrent Select Relocation Set 643.828ms
[342.096s][info][gc,phases   ] GC(66) Pause Relocate Start 0.038ms
[342.154s][info][gc,phases   ] GC(66) Concurrent Relocate 58.010ms
[342.154s][info][gc,load     ] GC(66) Load: 0.00/0.00/0.00
[342.154s][info][gc,mmu      ] GC(66) MMU: 2ms/0.0%, 5ms/0.0%, 10ms/27.5%, 20ms/63.8%, 50ms/85.5%, 100ms/92.8%
[342.154s][info][gc,marking  ] GC(66) Mark: 1 stripe(s), 2 proactive flush(es), 1 terminate flush(es), 0 completion(s), 0 continuation(s) 
[342.154s][info][gc,marking  ] GC(66) Mark Stack Usage: 32M
[342.154s][info][gc,nmethod  ] GC(66) NMethods: 8947 registered, 1343 unregistered
[342.154s][info][gc,metaspace] GC(66) Metaspace: 130M used, 132M committed, 1152M reserved
[342.154s][info][gc,ref      ] GC(66) Soft: 6079 encountered, 0 discovered, 0 enqueued
[342.154s][info][gc,ref      ] GC(66) Weak: 23171 encountered, 937 discovered, 9 enqueued
[342.154s][info][gc,ref      ] GC(66) Final: 34 encountered, 0 discovered, 0 enqueued
[342.154s][info][gc,ref      ] GC(66) Phantom: 674 encountered, 531 discovered, 7 enqueued
[342.154s][info][gc,reloc    ] GC(66) Small Pages: 2789 / 5578M, Empty: 1678M, Relocated: 87M, In-Place: 0
[342.154s][info][gc,reloc    ] GC(66) Medium Pages: 2 / 64M, Empty: 0M, Relocated: 0M, In-Place: 0
[342.154s][info][gc,reloc    ] GC(66) Large Pages: 0 / 0M, Empty: 0M, Relocated: 0M, In-Place: 0
[342.154s][info][gc,reloc    ] GC(66) Forwarding Usage: 27M
[342.154s][info][gc,heap     ] GC(66) Min Capacity: 8192M(100%)
[342.154s][info][gc,heap     ] GC(66) Max Capacity: 8192M(100%)
[342.154s][info][gc,heap     ] GC(66) Soft Max Capacity: 8192M(100%)
[342.154s][info][gc,heap     ] GC(66)                Mark Start          Mark End        Relocate Start      Relocate End           High               Low         
[342.154s][info][gc,heap     ] GC(66)  Capacity:     8192M (100%)       8192M (100%)       8192M (100%)       8192M (100%)       8192M (100%)       8192M (100%)   
[342.154s][info][gc,heap     ] GC(66)      Free:     2550M (31%)        2048M (25%)        3252M (40%)        6538M (80%)        6540M (80%)        2046M (25%)    
[342.154s][info][gc,heap     ] GC(66)      Used:     5642M (69%)        6144M (75%)        4940M (60%)        1654M (20%)        6146M (75%)        1652M (20%)    
[342.154s][info][gc,heap     ] GC(66)      Live:         -               559M (7%)          559M (7%)          559M (7%)             -                  -          
[342.154s][info][gc,heap     ] GC(66) Allocated:         -               502M (6%)          976M (12%)        1011M (12%)            -                  -          
[342.154s][info][gc,heap     ] GC(66)   Garbage:         -              5082M (62%)        3404M (42%)          83M (1%)             -                  -          
[342.154s][info][gc,heap     ] GC(66) Reclaimed:         -                  -              1678M (20%)        4999M (61%)            -                  -          
[342.154s][info][gc          ] GC(66) Garbage Collection (Allocation Rate) 5642M(69%)->1654M(20%)
[343.667s][info][gc,start    ] GC(67) Garbage Collection (Allocation Rate)
[343.668s][info][gc,task     ] GC(67) Using 2 workers
[343.668s][info][gc,phases   ] GC(67) Pause Mark Start 0.006ms
[344.259s][info][gc,phases   ] GC(67) Concurrent Mark 591.745ms
[344.264s][info][gc,phases   ] GC(67) Pause Mark End 0.023ms
[344.264s][info][gc,phases   ] GC(67) Concurrent Mark Free 0.001ms
[344.283s][info][gc,phases   ] GC(67) Concurrent Process Non-Strong References 19.163ms
[344.284s][info][gc,phases   ] GC(67) Concurrent Reset Relocation Set 0.156ms
[345.110s][info][gc,phases   ] GC(67) Concurrent Select Relocation Set 826.279ms
[345.114s][info][gc,phases   ] GC(67) Pause Relocate Start 0.010ms
[345.166s][info][gc,phases   ] GC(67) Concurrent Relocate 51.782ms
[345.166s][info][gc,load     ] GC(67) Load: 0.00/0.00/0.00
[345.166s][info][gc,mmu      ] GC(67) MMU: 2ms/0.0%, 5ms/0.0%, 10ms/27.5%, 20ms/63.8%, 50ms/85.5%, 100ms/92.8%
[345.166s][info][gc,marking  ] GC(67) Mark: 2 stripe(s), 2 proactive flush(es), 1 terminate flush(es), 0 completion(s), 0 continuation(s) 
[345.166s][info][gc,marking  ] GC(67) Mark Stack Usage: 32M
[345.166s][info][gc,nmethod  ] GC(67) NMethods: 8956 registered, 1353 unregistered
[345.166s][info][gc,metaspace] GC(67) Metaspace: 130M used, 132M committed, 1152M reserved
[345.166s][info][gc,ref      ] GC(67) Soft: 6082 encountered, 0 discovered, 0 enqueued
[345.166s][info][gc,ref      ] GC(67) Weak: 23175 encountered, 9265 discovered, 10 enqueued
[345.166s][info][gc,ref      ] GC(67) Final: 34 encountered, 0 discovered, 0 enqueued
[345.166s][info][gc,ref      ] GC(67) Phantom: 677 encountered, 466 discovered, 8 enqueued
[345.166s][info][gc,reloc    ] GC(67) Small Pages: 1772 / 3544M, Empty: 622M, Relocated: 110M, In-Place: 0
[345.166s][info][gc,reloc    ] GC(67) Medium Pages: 2 / 64M, Empty: 0M, Relocated: 0M, In-Place: 0
[345.166s][info][gc,reloc    ] GC(67) Large Pages: 0 / 0M, Empty: 0M, Relocated: 0M, In-Place: 0
[345.166s][info][gc,reloc    ] GC(67) Forwarding Usage: 32M
[345.166s][info][gc,heap     ] GC(67) Min Capacity: 8192M(100%)
[345.166s][info][gc,heap     ] GC(67) Max Capacity: 8192M(100%)
[345.166s][info][gc,heap     ] GC(67) Soft Max Capacity: 8192M(100%)
[345.166s][info][gc,heap     ] GC(67)                Mark Start          Mark End        Relocate Start      Relocate End           High               Low         
[345.166s][info][gc,heap     ] GC(67)  Capacity:     8192M (100%)       8192M (100%)       8192M (100%)       8192M (100%)       8192M (100%)       8192M (100%)   
[345.166s][info][gc,heap     ] GC(67)      Free:     4584M (56%)        4330M (53%)        4508M (55%)        6740M (82%)        6740M (82%)        4322M (53%)    
[345.166s][info][gc,heap     ] GC(67)      Used:     3608M (44%)        3862M (47%)        3684M (45%)        1452M (18%)        3870M (47%)        1452M (18%)    
[345.166s][info][gc,heap     ] GC(67)      Live:         -               617M (8%)          617M (8%)          617M (8%)             -                  -          
[345.166s][info][gc,heap     ] GC(67) Allocated:         -               254M (3%)          698M (9%)          741M (9%)             -                  -          
[345.166s][info][gc,heap     ] GC(67)   Garbage:         -              2990M (37%)        2368M (29%)          93M (1%)             -                  -          
[345.166s][info][gc,heap     ] GC(67) Reclaimed:         -                  -               622M (8%)         2897M (35%)            -                  -          
[345.166s][info][gc          ] GC(67) Garbage Collection (Allocation Rate) 3608M(44%)->1452M(18%)
[348.168s][info][gc,start    ] GC(68) Garbage Collection (Allocation Rate)
[348.168s][info][gc,task     ] GC(68) Using 2 workers
[348.168s][info][gc,phases   ] GC(68) Pause Mark Start 0.007ms
[348.855s][info][gc,phases   ] GC(68) Concurrent Mark 687.290ms
[348.855s][info][gc,phases   ] GC(68) Pause Mark End 0.019ms
[348.855s][info][gc,phases   ] GC(68) Concurrent Mark Free 0.001ms
[348.876s][info][gc,phases   ] GC(68) Concurrent Process Non-Strong References 20.283ms
[348.876s][info][gc,phases   ] GC(68) Concurrent Reset Relocation Set 0.129ms
[350.268s][info][gc,stats    ] === Garbage Collection Statistics =======================================================================================================================
[350.268s][info][gc,stats    ]                                                              Last 10s              Last 10m              Last 10h                Total
[350.268s][info][gc,stats    ]                                                              Avg / Max             Avg / Max             Avg / Max             Avg / Max
[350.268s][info][gc,stats    ]   Collector: Garbage Collection Cycle                   1542.414 / 1586.461   1446.159 / 7809.708   1446.159 / 7809.708   1446.159 / 7809.708    ms
[350.268s][info][gc,stats    ]  Contention: Mark Segment Reset Contention                     0 / 3                 0 / 3                 0 / 3                 0 / 3           ops/s
[350.268s][info][gc,stats    ]  Contention: Mark SeqNum Reset Contention                      0 / 0                 0 / 1                 0 / 1                 0 / 1           ops/s
[350.268s][info][gc,stats    ]    Critical: Allocation Stall                                  0 / 0                 0 / 0                 0 / 0                 0 / 0           ops/s
[350.268s][info][gc,stats    ]    Critical: Allocation Stall                              0.000 / 0.000         0.000 / 0.000         0.000 / 0.000         0.000 / 0.000       ms
[350.268s][info][gc,stats    ]    Critical: GC Locker Stall                                   0 / 0                 0 / 1                 0 / 1                 0 / 1           ops/s
[350.268s][info][gc,stats    ]    Critical: GC Locker Stall                               0.000 / 0.000         0.061 / 0.151         0.061 / 0.151         0.061 / 0.151       ms
[350.268s][info][gc,stats    ]    Critical: Relocation Stall                                  0 / 0                 0 / 0                 0 / 0                 0 / 0           ops/s
[350.268s][info][gc,stats    ]    Critical: Relocation Stall                              0.000 / 0.000         0.000 / 0.000         0.000 / 0.000         0.000 / 0.000       ms
[350.268s][info][gc,stats    ]      Memory: Allocation Rate                                 718 / 1080            587 / 1190            587 / 1190            587 / 1190        MB/s
[350.268s][info][gc,stats    ]      Memory: Defragment                                        0 / 0                 0 / 0                 0 / 0                 0 / 0           ops/s
[350.268s][info][gc,stats    ]      Memory: Out Of Memory                                     0 / 0                 0 / 0                 0 / 0                 0 / 0           ops/s
[350.268s][info][gc,stats    ]      Memory: Page Cache Flush                                  0 / 0                 0 / 0                 0 / 0                 0 / 0           MB/s
[350.268s][info][gc,stats    ]      Memory: Page Cache Hit L1                               369 / 540             289 / 621             289 / 621             289 / 621         ops/s
[350.268s][info][gc,stats    ]      Memory: Page Cache Hit L2                                 0 / 0                 0 / 0                 0 / 0                 0 / 0           ops/s
[350.268s][info][gc,stats    ]      Memory: Page Cache Hit L3                                 0 / 0                10 / 397              10 / 397              10 / 397         ops/s
[350.268s][info][gc,stats    ]      Memory: Page Cache Miss                                   0 / 0                 0 / 1                 0 / 1                 0 / 1           ops/s
[350.268s][info][gc,stats    ]      Memory: Uncommit                                          0 / 0                 0 / 0                 0 / 0                 0 / 0           MB/s
[350.268s][info][gc,stats    ]      Memory: Undo Object Allocation Failed                     0 / 0                 0 / 0                 0 / 0                 0 / 0           ops/s
[350.268s][info][gc,stats    ]      Memory: Undo Object Allocation Succeeded                  2 / 19                3 / 400               3 / 400               3 / 400         ops/s
[350.268s][info][gc,stats    ]      Memory: Undo Page Allocation                              0 / 0                 0 / 1                 0 / 1                 0 / 1           ops/s
[350.268s][info][gc,stats    ]       Phase: Concurrent Mark                             710.194 / 851.548    1062.046 / 5264.294   1062.046 / 5264.294   1062.046 / 5264.294    ms
[350.268s][info][gc,stats    ]       Phase: Concurrent Mark Continue                      0.000 / 0.000         0.000 / 0.000         0.000 / 0.000         0.000 / 0.000       ms
[350.268s][info][gc,stats    ]       Phase: Concurrent Mark Free                          0.001 / 0.001         0.001 / 0.002         0.001 / 0.002         0.001 / 0.002       ms
[350.268s][info][gc,stats    ]       Phase: Concurrent Process Non-Strong References     22.076 / 26.781       42.382 / 1493.667     42.382 / 1493.667     42.382 / 1493.667    ms
[350.268s][info][gc,stats    ]       Phase: Concurrent Relocate                          54.896 / 58.010       46.031 / 150.389      46.031 / 150.389      46.031 / 150.389     ms
[350.268s][info][gc,stats    ]       Phase: Concurrent Reset Relocation Set               0.110 / 0.156         0.107 / 0.465         0.107 / 0.465         0.107 / 0.465       ms
[350.268s][info][gc,stats    ]       Phase: Concurrent Select Relocation Set            735.053 / 826.279     277.631 / 2442.561    277.631 / 2442.561    277.631 / 2442.561    ms
[350.268s][info][gc,stats    ]       Phase: Pause Mark End                                0.020 / 0.023         0.095 / 4.475         0.095 / 4.475         0.095 / 4.475       ms
[350.268s][info][gc,stats    ]       Phase: Pause Mark Start                              0.007 / 0.008         0.112 / 7.250         0.112 / 7.250         0.112 / 7.250       ms
[350.268s][info][gc,stats    ]       Phase: Pause Relocate Start                          0.024 / 0.038         0.014 / 0.178         0.014 / 0.178         0.014 / 0.178       ms
[350.269s][info][gc,stats    ]    Subphase: Concurrent Classes Purge                      0.161 / 0.188         0.714 / 5.775         0.714 / 5.775         0.714 / 5.775       ms
[350.269s][info][gc,stats    ]    Subphase: Concurrent Classes Unlink                    14.109 / 17.623       35.849 / 1489.339     35.849 / 1489.339     35.849 / 1489.339    ms
[350.269s][info][gc,stats    ]    Subphase: Concurrent Mark                             679.152 / 844.519     956.196 / 5176.991    956.196 / 5176.991    956.196 / 5176.991    ms
[350.269s][info][gc,stats    ]    Subphase: Concurrent Mark Try Flush                     4.147 / 7.809         1.976 / 14.930        1.976 / 14.930        1.976 / 14.930      ms
[350.269s][info][gc,stats    ]    Subphase: Concurrent Mark Try Terminate                 1.313 / 7.810         1.060 / 12.169        1.060 / 12.169        1.060 / 12.169      ms
[350.269s][info][gc,stats    ]    Subphase: Concurrent References Enqueue                 0.002 / 0.003         0.002 / 0.006         0.002 / 0.006         0.002 / 0.006       ms
[350.269s][info][gc,stats    ]    Subphase: Concurrent References Process                 0.907 / 1.750         0.562 / 1.750         0.562 / 1.750         0.562 / 1.750       ms
[350.269s][info][gc,stats    ]    Subphase: Concurrent Roots ClassLoaderDataGraph         0.352 / 0.576         0.881 / 40.174        0.881 / 40.174        0.881 / 40.174      ms
[350.269s][info][gc,stats    ]    Subphase: Concurrent Roots CodeCache                    0.000 / 0.000         0.000 / 0.000         0.000 / 0.000         0.000 / 0.000       ms
[350.269s][info][gc,stats    ]    Subphase: Concurrent Roots JavaThreads                  1.975 / 6.164         7.435 / 247.091       7.435 / 247.091       7.435 / 247.091     ms
[350.269s][info][gc,stats    ]    Subphase: Concurrent Roots OopStorageSet                0.080 / 0.144         1.019 / 32.486        1.019 / 32.486        1.019 / 32.486      ms
[350.269s][info][gc,stats    ]    Subphase: Concurrent Weak Roots OopStorageSet           1.917 / 2.872         1.709 / 11.047        1.709 / 11.047        1.709 / 11.047      ms
[350.269s][info][gc,stats    ]    Subphase: Pause Mark Try Complete                       0.000 / 0.000         0.001 / 0.003         0.001 / 0.003         0.001 / 0.003       ms
[350.269s][info][gc,stats    ]      System: Java Threads                                     77 / 77               73 / 83               73 / 83               73 / 83          threads
[350.269s][info][gc,stats    ] =========================================================================================================================================================
[351.672s][info][gc,phases   ] GC(68) Concurrent Select Relocation Set 2796.200ms
[351.680s][info][gc,phases   ] GC(68) Pause Relocate Start 0.010ms
[351.753s][info][gc,phases   ] GC(68) Concurrent Relocate 72.858ms
[351.753s][info][gc,load     ] GC(68) Load: 0.00/0.00/0.00
[351.753s][info][gc,mmu      ] GC(68) MMU: 2ms/0.0%, 5ms/0.0%, 10ms/27.5%, 20ms/63.8%, 50ms/85.5%, 100ms/92.8%
[351.753s][info][gc,marking  ] GC(68) Mark: 2 stripe(s), 2 proactive flush(es), 1 terminate flush(es), 0 completion(s), 0 continuation(s) 
[351.753s][info][gc,marking  ] GC(68) Mark Stack Usage: 32M
[351.753s][info][gc,nmethod  ] GC(68) NMethods: 9010 registered, 1371 unregistered
[351.753s][info][gc,metaspace] GC(68) Metaspace: 130M used, 132M committed, 1152M reserved
[351.753s][info][gc,ref      ] GC(68) Soft: 6082 encountered, 0 discovered, 0 enqueued
[351.753s][info][gc,ref      ] GC(68) Weak: 23194 encountered, 12847 discovered, 14 enqueued
[351.753s][info][gc,ref      ] GC(68) Final: 34 encountered, 0 discovered, 0 enqueued
[351.753s][info][gc,ref      ] GC(68) Phantom: 682 encountered, 558 discovered, 13 enqueued
[351.753s][info][gc,reloc    ] GC(68) Small Pages: 2056 / 4112M, Empty: 810M, Relocated: 125M, In-Place: 0
[351.753s][info][gc,reloc    ] GC(68) Medium Pages: 2 / 64M, Empty: 0M, Relocated: 0M, In-Place: 0
[351.753s][info][gc,reloc    ] GC(68) Large Pages: 0 / 0M, Empty: 0M, Relocated: 0M, In-Place: 0
[351.753s][info][gc,reloc    ] GC(68) Forwarding Usage: 39M
[351.753s][info][gc,heap     ] GC(68) Min Capacity: 8192M(100%)
[351.753s][info][gc,heap     ] GC(68) Max Capacity: 8192M(100%)
[351.753s][info][gc,heap     ] GC(68) Soft Max Capacity: 8192M(100%)
[351.753s][info][gc,heap     ] GC(68)                Mark Start          Mark End        Relocate Start      Relocate End           High               Low         
[351.753s][info][gc,heap     ] GC(68)  Capacity:     8192M (100%)       8192M (100%)       8192M (100%)       8192M (100%)       8192M (100%)       8192M (100%)   
[351.753s][info][gc,heap     ] GC(68)      Free:     4016M (49%)        3848M (47%)        4298M (52%)        6912M (84%)        6920M (84%)        3838M (47%)    
[351.753s][info][gc,heap     ] GC(68)      Used:     4176M (51%)        4344M (53%)        3894M (48%)        1280M (16%)        4354M (53%)        1272M (16%)    
[351.753s][info][gc,heap     ] GC(68)      Live:         -               601M (7%)          601M (7%)          601M (7%)             -                  -          
[351.753s][info][gc,heap     ] GC(68) Allocated:         -               168M (2%)          528M (6%)          594M (7%)             -                  -          
[351.753s][info][gc,heap     ] GC(68)   Garbage:         -              3574M (44%)        2764M (34%)          84M (1%)             -                  -          
[351.753s][info][gc,heap     ] GC(68) Reclaimed:         -                  -               810M (10%)        3490M (43%)            -                  -          
[351.753s][info][gc          ] GC(68) Garbage Collection (Allocation Rate) 4176M(51%)->1280M(16%)
[352.068s][info][gc,start    ] GC(69) Garbage Collection (Allocation Rate)
[352.068s][info][gc,task     ] GC(69) Using 2 workers
[352.068s][info][gc,phases   ] GC(69) Pause Mark Start 0.010ms
[353.130s][info][gc,phases   ] GC(69) Concurrent Mark 1061.421ms
[353.145s][info][gc,phases   ] GC(69) Pause Mark End 0.036ms
[353.145s][info][gc,phases   ] GC(69) Concurrent Mark Free 0.003ms
[353.178s][info][gc,phases   ] GC(69) Concurrent Process Non-Strong References 32.082ms
[353.178s][info][gc,phases   ] GC(69) Concurrent Reset Relocation Set 0.465ms
[353.187s][info][gc,phases   ] GC(69) Concurrent Select Relocation Set 8.490ms
[353.191s][info][gc,phases   ] GC(69) Pause Relocate Start 0.010ms
[353.230s][info][gc,phases   ] GC(69) Concurrent Relocate 39.003ms
[353.230s][info][gc,load     ] GC(69) Load: 0.00/0.00/0.00
[353.230s][info][gc,mmu      ] GC(69) MMU: 2ms/0.0%, 5ms/0.0%, 10ms/27.5%, 20ms/63.8%, 50ms/85.5%, 100ms/92.8%
[353.230s][info][gc,marking  ] GC(69) Mark: 2 stripe(s), 2 proactive flush(es), 1 terminate flush(es), 0 completion(s), 0 continuation(s) 
[353.230s][info][gc,marking  ] GC(69) Mark Stack Usage: 32M
[353.230s][info][gc,nmethod  ] GC(69) NMethods: 9005 registered, 1380 unregistered
[353.230s][info][gc,metaspace] GC(69) Metaspace: 130M used, 132M committed, 1152M reserved
[353.230s][info][gc,ref      ] GC(69) Soft: 6082 encountered, 0 discovered, 0 enqueued
[353.230s][info][gc,ref      ] GC(69) Weak: 23183 encountered, 6154 discovered, 2 enqueued
[353.230s][info][gc,ref      ] GC(69) Final: 34 encountered, 0 discovered, 0 enqueued
[353.230s][info][gc,ref      ] GC(69) Phantom: 670 encountered, 559 discovered, 1 enqueued
[353.230s][info][gc,reloc    ] GC(69) Small Pages: 711 / 1422M, Empty: 122M, Relocated: 61M, In-Place: 0
[353.230s][info][gc,reloc    ] GC(69) Medium Pages: 2 / 64M, Empty: 0M, Relocated: 0M, In-Place: 0
[353.230s][info][gc,reloc    ] GC(69) Large Pages: 0 / 0M, Empty: 0M, Relocated: 0M, In-Place: 0
[353.230s][info][gc,reloc    ] GC(69) Forwarding Usage: 19M
[353.230s][info][gc,heap     ] GC(69) Min Capacity: 8192M(100%)
[353.230s][info][gc,heap     ] GC(69) Max Capacity: 8192M(100%)
[353.230s][info][gc,heap     ] GC(69) Soft Max Capacity: 8192M(100%)
[353.230s][info][gc,heap     ] GC(69)                Mark Start          Mark End        Relocate Start      Relocate End           High               Low         
[353.230s][info][gc,heap     ] GC(69)  Capacity:     8192M (100%)       8192M (100%)       8192M (100%)       8192M (100%)       8192M (100%)       8192M (100%)   
[353.230s][info][gc,heap     ] GC(69)      Free:     6706M (82%)        6540M (80%)        6654M (81%)        7348M (90%)        7352M (90%)        6532M (80%)    
[353.230s][info][gc,heap     ] GC(69)      Used:     1486M (18%)        1652M (20%)        1538M (19%)         844M (10%)        1660M (20%)         840M (10%)    
[353.230s][info][gc,heap     ] GC(69)      Live:         -               554M (7%)          554M (7%)          554M (7%)             -                  -          
[353.230s][info][gc,heap     ] GC(69) Allocated:         -               166M (2%)          174M (2%)          197M (2%)             -                  -          
[353.230s][info][gc,heap     ] GC(69)   Garbage:         -               931M (11%)         809M (10%)          92M (1%)             -                  -          
[353.230s][info][gc,heap     ] GC(69) Reclaimed:         -                  -               122M (1%)          839M (10%)            -                  -          
[353.230s][info][gc          ] GC(69) Garbage Collection (Allocation Rate) 1486M(18%)->844M(10%)
[353.768s][info][gc,start    ] GC(70) Garbage Collection (Allocation Rate)
[353.768s][info][gc,task     ] GC(70) Using 2 workers
[353.768s][info][gc,phases   ] GC(70) Pause Mark Start 0.006ms
[354.187s][info][gc,phases   ] GC(70) Concurrent Mark 418.201ms
[354.197s][info][gc,phases   ] GC(70) Pause Mark End 0.021ms
[354.197s][info][gc,phases   ] GC(70) Concurrent Mark Free 0.001ms
[354.210s][info][gc,phases   ] GC(70) Concurrent Process Non-Strong References 12.875ms
[354.210s][info][gc,phases   ] GC(70) Concurrent Reset Relocation Set 0.076ms
[354.219s][info][gc,phases   ] GC(70) Concurrent Select Relocation Set 8.646ms
[354.219s][info][gc,phases   ] GC(70) Pause Relocate Start 0.017ms
[354.265s][info][gc,phases   ] GC(70) Concurrent Relocate 46.259ms
[354.265s][info][gc,load     ] GC(70) Load: 0.00/0.00/0.00
[354.265s][info][gc,mmu      ] GC(70) MMU: 2ms/0.0%, 5ms/0.0%, 10ms/27.5%, 20ms/63.8%, 50ms/85.5%, 100ms/92.8%
[354.265s][info][gc,marking  ] GC(70) Mark: 2 stripe(s), 2 proactive flush(es), 1 terminate flush(es), 0 completion(s), 0 continuation(s) 
[354.265s][info][gc,marking  ] GC(70) Mark Stack Usage: 32M
[354.265s][info][gc,nmethod  ] GC(70) NMethods: 9004 registered, 1384 unregistered
[354.265s][info][gc,metaspace] GC(70) Metaspace: 130M used, 132M committed, 1152M reserved
[354.265s][info][gc,ref      ] GC(70) Soft: 6082 encountered, 0 discovered, 0 enqueued
[354.265s][info][gc,ref      ] GC(70) Weak: 23181 encountered, 3688 discovered, 0 enqueued
[354.265s][info][gc,ref      ] GC(70) Final: 34 encountered, 0 discovered, 0 enqueued
[354.265s][info][gc,ref      ] GC(70) Phantom: 669 encountered, 512 discovered, 0 enqueued
[354.265s][info][gc,reloc    ] GC(70) Small Pages: 686 / 1372M, Empty: 64M, Relocated: 29M, In-Place: 0
[354.266s][info][gc,reloc    ] GC(70) Medium Pages: 2 / 64M, Empty: 0M, Relocated: 0M, In-Place: 0
[354.266s][info][gc,reloc    ] GC(70) Large Pages: 0 / 0M, Empty: 0M, Relocated: 0M, In-Place: 0
[354.266s][info][gc,reloc    ] GC(70) Forwarding Usage: 8M
[354.266s][info][gc,heap     ] GC(70) Min Capacity: 8192M(100%)
[354.266s][info][gc,heap     ] GC(70) Max Capacity: 8192M(100%)
[354.266s][info][gc,heap     ] GC(70) Soft Max Capacity: 8192M(100%)
[354.266s][info][gc,heap     ] GC(70)                Mark Start          Mark End        Relocate Start      Relocate End           High               Low         
[354.266s][info][gc,heap     ] GC(70)  Capacity:     8192M (100%)       8192M (100%)       8192M (100%)       8192M (100%)       8192M (100%)       8192M (100%)   
[354.266s][info][gc,heap     ] GC(70)      Free:     6756M (82%)        6466M (79%)        6506M (79%)        7158M (87%)        7160M (87%)        6450M (79%)    
[354.266s][info][gc,heap     ] GC(70)      Used:     1436M (18%)        1726M (21%)        1686M (21%)        1034M (13%)        1742M (21%)        1032M (13%)    
[354.266s][info][gc,heap     ] GC(70)      Live:         -               576M (7%)          576M (7%)          576M (7%)             -                  -          
[354.266s][info][gc,heap     ] GC(70) Allocated:         -               290M (4%)          314M (4%)          363M (4%)             -                  -          
[354.266s][info][gc,heap     ] GC(70)   Garbage:         -               859M (10%)         795M (10%)          93M (1%)             -                  -          
[354.266s][info][gc,heap     ] GC(70) Reclaimed:         -                  -                64M (1%)          765M (9%)             -                  -          
[354.266s][info][gc          ] GC(70) Garbage Collection (Allocation Rate) 1436M(18%)->1034M(13%)
[354.268s][info][gc,start    ] GC(71) Garbage Collection (Allocation Rate)
[354.268s][info][gc,task     ] GC(71) Using 2 workers
[354.268s][info][gc,phases   ] GC(71) Pause Mark Start 0.010ms
[354.736s][info][gc,phases   ] GC(71) Concurrent Mark 468.139ms
[354.736s][info][gc,phases   ] GC(71) Pause Mark End 0.016ms
[354.736s][info][gc,phases   ] GC(71) Concurrent Mark Free 0.000ms
[354.747s][info][gc,phases   ] GC(71) Concurrent Process Non-Strong References 11.001ms
[354.747s][info][gc,phases   ] GC(71) Concurrent Reset Relocation Set 0.090ms
[354.751s][info][gc,phases   ] GC(71) Concurrent Select Relocation Set 3.920ms
[354.751s][info][gc,phases   ] GC(71) Pause Relocate Start 0.007ms
[354.763s][info][gc,phases   ] GC(71) Concurrent Relocate 11.882ms
[354.764s][info][gc,load     ] GC(71) Load: 0.00/0.00/0.00
[354.764s][info][gc,mmu      ] GC(71) MMU: 2ms/0.0%, 5ms/0.0%, 10ms/27.5%, 20ms/63.8%, 50ms/85.5%, 100ms/92.8%
[354.764s][info][gc,marking  ] GC(71) Mark: 2 stripe(s), 2 proactive flush(es), 1 terminate flush(es), 0 completion(s), 0 continuation(s) 
[354.764s][info][gc,marking  ] GC(71) Mark Stack Usage: 32M
[354.764s][info][gc,nmethod  ] GC(71) NMethods: 9004 registered, 1384 unregistered
[354.764s][info][gc,metaspace] GC(71) Metaspace: 130M used, 132M committed, 1152M reserved
[354.764s][info][gc,ref      ] GC(71) Soft: 6082 encountered, 0 discovered, 0 enqueued
[354.764s][info][gc,ref      ] GC(71) Weak: 23181 encountered, 291 discovered, 1 enqueued
[354.764s][info][gc,ref      ] GC(71) Final: 34 encountered, 0 discovered, 0 enqueued
[354.764s][info][gc,ref      ] GC(71) Phantom: 669 encountered, 543 discovered, 0 enqueued
[354.764s][info][gc,reloc    ] GC(71) Small Pages: 485 / 970M, Empty: 26M, Relocated: 13M, In-Place: 0
[354.764s][info][gc,reloc    ] GC(71) Medium Pages: 2 / 64M, Empty: 0M, Relocated: 0M, In-Place: 0
[354.764s][info][gc,reloc    ] GC(71) Large Pages: 0 / 0M, Empty: 0M, Relocated: 0M, In-Place: 0
[354.764s][info][gc,reloc    ] GC(71) Forwarding Usage: 3M
[354.764s][info][gc,heap     ] GC(71) Min Capacity: 8192M(100%)
[354.764s][info][gc,heap     ] GC(71) Max Capacity: 8192M(100%)
[354.764s][info][gc,heap     ] GC(71) Soft Max Capacity: 8192M(100%)
[354.764s][info][gc,heap     ] GC(71)                Mark Start          Mark End        Relocate Start      Relocate End           High               Low         
[354.764s][info][gc,heap     ] GC(71)  Capacity:     8192M (100%)       8192M (100%)       8192M (100%)       8192M (100%)       8192M (100%)       8192M (100%)   
[354.764s][info][gc,heap     ] GC(71)      Free:     7158M (87%)        6934M (85%)        6942M (85%)        7224M (88%)        7224M (88%)        6916M (84%)    
[354.764s][info][gc,heap     ] GC(71)      Used:     1034M (13%)        1258M (15%)        1250M (15%)         968M (12%)        1276M (16%)         968M (12%)    
[354.764s][info][gc,heap     ] GC(71)      Live:         -               607M (7%)          607M (7%)          607M (7%)             -                  -          
[354.764s][info][gc,heap     ] GC(71) Allocated:         -               224M (3%)          242M (3%)          259M (3%)             -                  -          
[354.764s][info][gc,heap     ] GC(71)   Garbage:         -               426M (5%)          400M (5%)          100M (1%)             -                  -          
[354.764s][info][gc,heap     ] GC(71) Reclaimed:         -                  -                26M (0%)          325M (4%)             -                  -          
[354.764s][info][gc          ] GC(71) Garbage Collection (Allocation Rate) 1034M(13%)->968M(12%)
[360.268s][info][gc,stats    ] === Garbage Collection Statistics =======================================================================================================================
[360.268s][info][gc,stats    ]                                                              Last 10s              Last 10m              Last 10h                Total
[360.268s][info][gc,stats    ]                                                              Avg / Max             Avg / Max             Avg / Max             Avg / Max
[360.268s][info][gc,stats    ]   Collector: Garbage Collection Cycle                   1435.090 / 3585.432   1445.544 / 7809.708   1445.544 / 7809.708   1445.544 / 7809.708    ms
[360.268s][info][gc,stats    ]  Contention: Mark Segment Reset Contention                     0 / 2                 0 / 3                 0 / 3                 0 / 3           ops/s
[360.268s][info][gc,stats    ]  Contention: Mark SeqNum Reset Contention                      0 / 0                 0 / 1                 0 / 1                 0 / 1           ops/s
[360.268s][info][gc,stats    ]    Critical: Allocation Stall                                  0 / 0                 0 / 0                 0 / 0                 0 / 0           ops/s
[360.268s][info][gc,stats    ]    Critical: Allocation Stall                              0.000 / 0.000         0.000 / 0.000         0.000 / 0.000         0.000 / 0.000       ms
[360.268s][info][gc,stats    ]    Critical: GC Locker Stall                                   0 / 0                 0 / 1                 0 / 1                 0 / 1           ops/s
[360.268s][info][gc,stats    ]    Critical: GC Locker Stall                               0.000 / 0.000         0.061 / 0.151         0.061 / 0.151         0.061 / 0.151       ms
[360.268s][info][gc,stats    ]    Critical: Relocation Stall                                  0 / 0                 0 / 0                 0 / 0                 0 / 0           ops/s
[360.268s][info][gc,stats    ]    Critical: Relocation Stall                              0.000 / 0.000         0.000 / 0.000         0.000 / 0.000         0.000 / 0.000       ms
[360.268s][info][gc,stats    ]      Memory: Allocation Rate                                 568 / 898             586 / 1190            586 / 1190            586 / 1190        MB/s
[360.268s][info][gc,stats    ]      Memory: Defragment                                        0 / 0                 0 / 0                 0 / 0                 0 / 0           ops/s
[360.268s][info][gc,stats    ]      Memory: Out Of Memory                                     0 / 0                 0 / 0                 0 / 0                 0 / 0           ops/s
[360.268s][info][gc,stats    ]      Memory: Page Cache Flush                                  0 / 0                 0 / 0                 0 / 0                 0 / 0           MB/s
[360.268s][info][gc,stats    ]      Memory: Page Cache Hit L1                               296 / 461             289 / 621             289 / 621             289 / 621         ops/s
[360.268s][info][gc,stats    ]      Memory: Page Cache Hit L2                                 0 / 0                 0 / 0                 0 / 0                 0 / 0           ops/s
[360.268s][info][gc,stats    ]      Memory: Page Cache Hit L3                                 0 / 0                10 / 397              10 / 397              10 / 397         ops/s
[360.268s][info][gc,stats    ]      Memory: Page Cache Miss                                   0 / 0                 0 / 1                 0 / 1                 0 / 1           ops/s
[360.268s][info][gc,stats    ]      Memory: Uncommit                                          0 / 0                 0 / 0                 0 / 0                 0 / 0           MB/s
[360.268s][info][gc,stats    ]      Memory: Undo Object Allocation Failed                     0 / 0                 0 / 0                 0 / 0                 0 / 0           ops/s
[360.268s][info][gc,stats    ]      Memory: Undo Object Allocation Succeeded                  1 / 12                3 / 400               3 / 400               3 / 400         ops/s
[360.268s][info][gc,stats    ]      Memory: Undo Page Allocation                              0 / 0                 0 / 1                 0 / 1                 0 / 1           ops/s
[360.268s][info][gc,stats    ]       Phase: Concurrent Mark                             649.253 / 1061.421   1044.846 / 5264.294   1044.846 / 5264.294   1044.846 / 5264.294    ms
[360.268s][info][gc,stats    ]       Phase: Concurrent Mark Continue                      0.000 / 0.000         0.000 / 0.000         0.000 / 0.000         0.000 / 0.000       ms
[360.268s][info][gc,stats    ]       Phase: Concurrent Mark Free                          0.002 / 0.003         0.001 / 0.003         0.001 / 0.003         0.001 / 0.003       ms
[360.268s][info][gc,stats    ]       Phase: Concurrent Process Non-Strong References     18.652 / 32.082       41.394 / 1493.667     41.394 / 1493.667     41.394 / 1493.667    ms
[360.268s][info][gc,stats    ]       Phase: Concurrent Relocate                          42.500 / 72.858       45.835 / 150.389      45.835 / 150.389      45.835 / 150.389     ms
[360.268s][info][gc,stats    ]       Phase: Concurrent Reset Relocation Set               0.210 / 0.465         0.111 / 0.465         0.111 / 0.465         0.111 / 0.465       ms
[360.268s][info][gc,stats    ]       Phase: Concurrent Select Relocation Set            704.314 / 2796.200    301.336 / 2796.200    301.336 / 2796.200    301.336 / 2796.200    ms
[360.268s][info][gc,stats    ]       Phase: Pause Mark End                                0.025 / 0.036         0.092 / 4.475         0.092 / 4.475         0.092 / 4.475       ms
[360.268s][info][gc,stats    ]       Phase: Pause Mark Start                              0.009 / 0.010         0.107 / 7.250         0.107 / 7.250         0.107 / 7.250       ms
[360.268s][info][gc,stats    ]       Phase: Pause Relocate Start                          0.011 / 0.017         0.014 / 0.178         0.014 / 0.178         0.014 / 0.178       ms
[360.268s][info][gc,stats    ]    Subphase: Concurrent Classes Purge                      0.270 / 0.696         0.695 / 5.775         0.695 / 5.775         0.695 / 5.775       ms
[360.268s][info][gc,stats    ]    Subphase: Concurrent Classes Unlink                    15.390 / 27.610       34.997 / 1489.339     34.997 / 1489.339     34.997 / 1489.339    ms
[360.268s][info][gc,stats    ]    Subphase: Concurrent Mark                             647.323 / 1059.629    942.261 / 5176.991    942.261 / 5176.991    942.261 / 5176.991    ms
[360.268s][info][gc,stats    ]    Subphase: Concurrent Mark Try Flush                     6.120 / 25.840        2.142 / 25.840        2.142 / 25.840        2.142 / 25.840      ms
[360.268s][info][gc,stats    ]    Subphase: Concurrent Mark Try Terminate                 1.008 / 1.511         1.055 / 12.169        1.055 / 12.169        1.055 / 12.169      ms
[360.268s][info][gc,stats    ]    Subphase: Concurrent References Enqueue                 0.003 / 0.004         0.002 / 0.006         0.002 / 0.006         0.002 / 0.006       ms
[360.268s][info][gc,stats    ]    Subphase: Concurrent References Process                 0.620 / 1.259         0.564 / 1.750         0.564 / 1.750         0.564 / 1.750       ms
[360.268s][info][gc,stats    ]    Subphase: Concurrent Roots ClassLoaderDataGraph         0.376 / 0.622         0.858 / 40.174        0.858 / 40.174        0.858 / 40.174      ms
[360.268s][info][gc,stats    ]    Subphase: Concurrent Roots CodeCache                    0.000 / 0.000         0.000 / 0.000         0.000 / 0.000         0.000 / 0.000       ms
[360.268s][info][gc,stats    ]    Subphase: Concurrent Roots JavaThreads                  1.084 / 1.411         7.149 / 247.091       7.149 / 247.091       7.149 / 247.091     ms
[360.268s][info][gc,stats    ]    Subphase: Concurrent Roots OopStorageSet                0.093 / 0.111         0.977 / 32.486        0.977 / 32.486        0.977 / 32.486      ms
[360.268s][info][gc,stats    ]    Subphase: Concurrent Weak Roots OopStorageSet           1.893 / 2.099         1.717 / 11.047        1.717 / 11.047        1.717 / 11.047      ms
[360.269s][info][gc,stats    ]    Subphase: Pause Mark Try Complete                       0.000 / 0.000         0.001 / 0.003         0.001 / 0.003         0.001 / 0.003       ms
[360.269s][info][gc,stats    ]      System: Java Threads                                     77 / 77               73 / 83               73 / 83               73 / 83          threads
[360.269s][info][gc,stats    ] =========================================================================================================================================================
[360.468s][info][gc,start    ] GC(72) Garbage Collection (Allocation Rate)
[360.468s][info][gc,task     ] GC(72) Using 2 workers
[360.468s][info][gc,phases   ] GC(72) Pause Mark Start 0.019ms
[362.000s][info][gc,phases   ] GC(72) Concurrent Mark 1532.269ms
[362.151s][info][gc,phases   ] GC(72) Pause Mark End 0.034ms
[362.151s][info][gc,phases   ] GC(72) Concurrent Mark Free 0.001ms
[362.199s][info][gc,phases   ] GC(72) Concurrent Process Non-Strong References 47.671ms
[362.199s][info][gc,phases   ] GC(72) Concurrent Reset Relocation Set 0.013ms
[364.189s][info][gc,phases   ] GC(72) Concurrent Select Relocation Set 1988.981ms
[364.200s][info][gc,phases   ] GC(72) Pause Relocate Start 1.046ms
[364.269s][info][gc,phases   ] GC(72) Concurrent Relocate 68.546ms
[364.269s][info][gc,load     ] GC(72) Load: 0.00/0.00/0.00
[364.270s][info][gc,mmu      ] GC(72) MMU: 2ms/0.0%, 5ms/0.0%, 10ms/27.5%, 20ms/63.8%, 50ms/85.5%, 100ms/92.8%
[364.270s][info][gc,marking  ] GC(72) Mark: 2 stripe(s), 2 proactive flush(es), 1 terminate flush(es), 0 completion(s), 0 continuation(s) 
[364.270s][info][gc,marking  ] GC(72) Mark Stack Usage: 32M
[364.270s][info][gc,nmethod  ] GC(72) NMethods: 9031 registered, 1393 unregistered
[364.270s][info][gc,metaspace] GC(72) Metaspace: 130M used, 132M committed, 1152M reserved
[364.270s][info][gc,ref      ] GC(72) Soft: 6082 encountered, 0 discovered, 0 enqueued
[364.270s][info][gc,ref      ] GC(72) Weak: 23181 encountered, 5808 discovered, 0 enqueued
[364.270s][info][gc,ref      ] GC(72) Final: 34 encountered, 1 discovered, 0 enqueued
[364.270s][info][gc,ref      ] GC(72) Phantom: 669 encountered, 440 discovered, 0 enqueued
[364.270s][info][gc,reloc    ] GC(72) Small Pages: 2573 / 5146M, Empty: 1126M, Relocated: 106M, In-Place: 0
[364.270s][info][gc,reloc    ] GC(72) Medium Pages: 2 / 64M, Empty: 0M, Relocated: 0M, In-Place: 0
[364.270s][info][gc,reloc    ] GC(72) Large Pages: 0 / 0M, Empty: 0M, Relocated: 0M, In-Place: 0
[364.270s][info][gc,reloc    ] GC(72) Forwarding Usage: 33M
[364.270s][info][gc,heap     ] GC(72) Min Capacity: 8192M(100%)
[364.270s][info][gc,heap     ] GC(72) Max Capacity: 8192M(100%)
[364.270s][info][gc,heap     ] GC(72) Soft Max Capacity: 8192M(100%)
[364.270s][info][gc,heap     ] GC(72)                Mark Start          Mark End        Relocate Start      Relocate End           High               Low         
[364.270s][info][gc,heap     ] GC(72)  Capacity:     8192M (100%)       8192M (100%)       8192M (100%)       8192M (100%)       8192M (100%)       8192M (100%)   
[364.270s][info][gc,heap     ] GC(72)      Free:     2982M (36%)        2756M (34%)        3504M (43%)        6900M (84%)        6900M (84%)        2742M (33%)    
[364.270s][info][gc,heap     ] GC(72)      Used:     5210M (64%)        5436M (66%)        4688M (57%)        1292M (16%)        5450M (67%)        1292M (16%)    
[364.270s][info][gc,heap     ] GC(72)      Live:         -               575M (7%)          575M (7%)          575M (7%)             -                  -          
[364.270s][info][gc,heap     ] GC(72) Allocated:         -               226M (3%)          604M (7%)          632M (8%)             -                  -          
[364.270s][info][gc,heap     ] GC(72)   Garbage:         -              4634M (57%)        3508M (43%)          83M (1%)             -                  -          
[364.270s][info][gc,heap     ] GC(72) Reclaimed:         -                  -              1126M (14%)        4550M (56%)            -                  -          
[364.270s][info][gc          ] GC(72) Garbage Collection (Allocation Rate) 5210M(64%)->1292M(16%)
[365.966s][info][gc,start    ] GC(73) Garbage Collection (Allocation Rate)
[365.967s][info][gc,task     ] GC(73) Using 2 workers
[365.968s][info][gc,phases   ] GC(73) Pause Mark Start 0.359ms
[366.426s][info][gc,phases   ] GC(73) Concurrent Mark 457.477ms
[366.426s][info][gc,phases   ] GC(73) Pause Mark End 0.017ms
[366.427s][info][gc,phases   ] GC(73) Concurrent Mark Free 0.000ms
[366.494s][info][gc,phases   ] GC(73) Concurrent Process Non-Strong References 67.886ms
[366.495s][info][gc,phases   ] GC(73) Concurrent Reset Relocation Set 0.136ms
[366.513s][info][gc,phases   ] GC(73) Concurrent Select Relocation Set 18.089ms
[366.513s][info][gc,phases   ] GC(73) Pause Relocate Start 0.269ms
[366.534s][info][gc,phases   ] GC(73) Concurrent Relocate 21.252ms
[366.535s][info][gc,load     ] GC(73) Load: 0.00/0.00/0.00
[366.535s][info][gc,mmu      ] GC(73) MMU: 2ms/0.0%, 5ms/0.0%, 10ms/27.5%, 20ms/63.8%, 50ms/85.5%, 100ms/92.8%
[366.535s][info][gc,marking  ] GC(73) Mark: 2 stripe(s), 3 proactive flush(es), 1 terminate flush(es), 0 completion(s), 0 continuation(s) 
[366.535s][info][gc,marking  ] GC(73) Mark Stack Usage: 32M
[366.535s][info][gc,nmethod  ] GC(73) NMethods: 9030 registered, 1400 unregistered
[366.535s][info][gc,metaspace] GC(73) Metaspace: 130M used, 132M committed, 1152M reserved
[366.536s][info][gc,ref      ] GC(73) Soft: 6082 encountered, 0 discovered, 0 enqueued
[366.536s][info][gc,ref      ] GC(73) Weak: 23185 encountered, 2726 discovered, 4 enqueued
[366.536s][info][gc,ref      ] GC(73) Final: 34 encountered, 0 discovered, 0 enqueued
[366.536s][info][gc,ref      ] GC(73) Phantom: 672 encountered, 540 discovered, 0 enqueued
[366.536s][info][gc,reloc    ] GC(73) Small Pages: 926 / 1852M, Empty: 276M, Relocated: 45M, In-Place: 0
[366.536s][info][gc,reloc    ] GC(73) Medium Pages: 2 / 64M, Empty: 0M, Relocated: 0M, In-Place: 0
[366.536s][info][gc,reloc    ] GC(73) Large Pages: 0 / 0M, Empty: 0M, Relocated: 0M, In-Place: 0
[366.536s][info][gc,reloc    ] GC(73) Forwarding Usage: 12M
[366.536s][info][gc,heap     ] GC(73) Min Capacity: 8192M(100%)
[366.536s][info][gc,heap     ] GC(73) Max Capacity: 8192M(100%)
[366.536s][info][gc,heap     ] GC(73) Soft Max Capacity: 8192M(100%)
[366.536s][info][gc,heap     ] GC(73)                Mark Start          Mark End        Relocate Start      Relocate End           High               Low         
[366.536s][info][gc,heap     ] GC(73)  Capacity:     8192M (100%)       8192M (100%)       8192M (100%)       8192M (100%)       8192M (100%)       8192M (100%)   
[366.536s][info][gc,heap     ] GC(73)      Free:     6276M (77%)        6106M (75%)        6336M (77%)        7298M (89%)        7298M (89%)        6070M (74%)    
[366.536s][info][gc,heap     ] GC(73)      Used:     1916M (23%)        2086M (25%)        1856M (23%)         894M (11%)        2122M (26%)         894M (11%)    
[366.536s][info][gc,heap     ] GC(73)      Live:         -               574M (7%)          574M (7%)          574M (7%)             -                  -          
[366.536s][info][gc,heap     ] GC(73) Allocated:         -               170M (2%)          216M (3%)          221M (3%)             -                  -          
[366.536s][info][gc,heap     ] GC(73)   Garbage:         -              1341M (16%)        1065M (13%)          98M (1%)             -                  -          
[366.536s][info][gc,heap     ] GC(73) Reclaimed:         -                  -               276M (3%)         1243M (15%)            -                  -          
[366.536s][info][gc          ] GC(73) Garbage Collection (Allocation Rate) 1916M(23%)->894M(11%)
[366.567s][info][gc,start    ] GC(74) Garbage Collection (Allocation Rate)
[366.567s][info][gc,task     ] GC(74) Using 2 workers
[366.567s][info][gc,phases   ] GC(74) Pause Mark Start 0.007ms
[366.930s][info][gc,phases   ] GC(74) Concurrent Mark 362.252ms
[366.930s][info][gc,phases   ] GC(74) Pause Mark End 0.011ms
[366.930s][info][gc,phases   ] GC(74) Concurrent Mark Free 0.001ms
[366.940s][info][gc,phases   ] GC(74) Concurrent Process Non-Strong References 10.071ms
[366.940s][info][gc,phases   ] GC(74) Concurrent Reset Relocation Set 0.045ms
[366.944s][info][gc,phases   ] GC(74) Concurrent Select Relocation Set 3.468ms
[366.944s][info][gc,phases   ] GC(74) Pause Relocate Start 0.005ms
[366.950s][info][gc,phases   ] GC(74) Concurrent Relocate 6.185ms
[366.950s][info][gc,load     ] GC(74) Load: 0.00/0.00/0.00
[366.950s][info][gc,mmu      ] GC(74) MMU: 2ms/0.0%, 5ms/0.0%, 10ms/27.5%, 20ms/63.8%, 50ms/85.5%, 100ms/92.8%
[366.950s][info][gc,marking  ] GC(74) Mark: 2 stripe(s), 2 proactive flush(es), 1 terminate flush(es), 0 completion(s), 0 continuation(s) 
[366.950s][info][gc,marking  ] GC(74) Mark Stack Usage: 32M
[366.950s][info][gc,nmethod  ] GC(74) NMethods: 9032 registered, 1400 unregistered
[366.950s][info][gc,metaspace] GC(74) Metaspace: 130M used, 132M committed, 1152M reserved
[366.950s][info][gc,ref      ] GC(74) Soft: 6082 encountered, 0 discovered, 0 enqueued
[366.950s][info][gc,ref      ] GC(74) Weak: 23181 encountered, 12341 discovered, 0 enqueued
[366.950s][info][gc,ref      ] GC(74) Final: 34 encountered, 0 discovered, 0 enqueued
[366.950s][info][gc,ref      ] GC(74) Phantom: 672 encountered, 520 discovered, 0 enqueued
[366.950s][info][gc,reloc    ] GC(74) Small Pages: 424 / 848M, Empty: 28M, Relocated: 11M, In-Place: 0
[366.950s][info][gc,reloc    ] GC(74) Medium Pages: 2 / 64M, Empty: 0M, Relocated: 0M, In-Place: 0
[366.950s][info][gc,reloc    ] GC(74) Large Pages: 0 / 0M, Empty: 0M, Relocated: 0M, In-Place: 0
[366.950s][info][gc,reloc    ] GC(74) Forwarding Usage: 4M
[366.950s][info][gc,heap     ] GC(74) Min Capacity: 8192M(100%)
[366.950s][info][gc,heap     ] GC(74) Max Capacity: 8192M(100%)
[366.950s][info][gc,heap     ] GC(74) Soft Max Capacity: 8192M(100%)
[366.950s][info][gc,heap     ] GC(74)                Mark Start          Mark End        Relocate Start      Relocate End           High               Low         
[366.950s][info][gc,heap     ] GC(74)  Capacity:     8192M (100%)       8192M (100%)       8192M (100%)       8192M (100%)       8192M (100%)       8192M (100%)   
[366.950s][info][gc,heap     ] GC(74)      Free:     7280M (89%)        7102M (87%)        7118M (87%)        7320M (89%)        7320M (89%)        7094M (87%)    
[366.950s][info][gc,heap     ] GC(74)      Used:      912M (11%)        1090M (13%)        1074M (13%)         872M (11%)        1098M (13%)         872M (11%)    
[366.950s][info][gc,heap     ] GC(74)      Live:         -               574M (7%)          574M (7%)          574M (7%)             -                  -          
[366.950s][info][gc,heap     ] GC(74) Allocated:         -               178M (2%)          190M (2%)          195M (2%)             -                  -          
[366.950s][info][gc,heap     ] GC(74)   Garbage:         -               337M (4%)          309M (4%)          101M (1%)             -                  -          
[366.950s][info][gc,heap     ] GC(74) Reclaimed:         -                  -                28M (0%)          235M (3%)             -                  -          
[366.950s][info][gc          ] GC(74) Garbage Collection (Allocation Rate) 912M(11%)->872M(11%)
[368.967s][info][gc,start    ] GC(75) Garbage Collection (Allocation Rate)
[368.967s][info][gc,task     ] GC(75) Using 2 workers
[368.967s][info][gc,phases   ] GC(75) Pause Mark Start 0.004ms
[369.297s][info][gc,phases   ] GC(75) Concurrent Mark 329.822ms
[369.297s][info][gc,phases   ] GC(75) Pause Mark End 0.020ms
[369.297s][info][gc,phases   ] GC(75) Concurrent Mark Free 0.001ms
[369.310s][info][gc,phases   ] GC(75) Concurrent Process Non-Strong References 12.870ms
[369.310s][info][gc,phases   ] GC(75) Concurrent Reset Relocation Set 0.012ms
[369.322s][info][gc,phases   ] GC(75) Concurrent Select Relocation Set 11.638ms
[369.322s][info][gc,phases   ] GC(75) Pause Relocate Start 0.006ms
[369.369s][info][gc,phases   ] GC(75) Concurrent Relocate 46.943ms
[369.369s][info][gc,load     ] GC(75) Load: 0.00/0.00/0.00
[369.369s][info][gc,mmu      ] GC(75) MMU: 2ms/0.0%, 5ms/0.0%, 10ms/27.5%, 20ms/63.8%, 50ms/85.5%, 100ms/92.8%
[369.369s][info][gc,marking  ] GC(75) Mark: 2 stripe(s), 2 proactive flush(es), 1 terminate flush(es), 0 completion(s), 0 continuation(s) 
[369.369s][info][gc,marking  ] GC(75) Mark Stack Usage: 32M
[369.369s][info][gc,nmethod  ] GC(75) NMethods: 9047 registered, 1404 unregistered
[369.369s][info][gc,metaspace] GC(75) Metaspace: 130M used, 132M committed, 1152M reserved
[369.369s][info][gc,ref      ] GC(75) Soft: 6082 encountered, 0 discovered, 0 enqueued
[369.369s][info][gc,ref      ] GC(75) Weak: 23182 encountered, 3970 discovered, 1 enqueued
[369.369s][info][gc,ref      ] GC(75) Final: 34 encountered, 0 discovered, 0 enqueued
[369.369s][info][gc,ref      ] GC(75) Phantom: 672 encountered, 555 discovered, 0 enqueued
[369.369s][info][gc,reloc    ] GC(75) Small Pages: 1273 / 2546M, Empty: 448M, Relocated: 99M, In-Place: 0
[369.369s][info][gc,reloc    ] GC(75) Medium Pages: 2 / 64M, Empty: 0M, Relocated: 0M, In-Place: 0
[369.369s][info][gc,reloc    ] GC(75) Large Pages: 0 / 0M, Empty: 0M, Relocated: 0M, In-Place: 0
[369.369s][info][gc,reloc    ] GC(75) Forwarding Usage: 31M
[369.369s][info][gc,heap     ] GC(75) Min Capacity: 8192M(100%)
[369.369s][info][gc,heap     ] GC(75) Max Capacity: 8192M(100%)
[369.369s][info][gc,heap     ] GC(75) Soft Max Capacity: 8192M(100%)
[369.369s][info][gc,heap     ] GC(75)                Mark Start          Mark End        Relocate Start      Relocate End           High               Low         
[369.369s][info][gc,heap     ] GC(75)  Capacity:     8192M (100%)       8192M (100%)       8192M (100%)       8192M (100%)       8192M (100%)       8192M (100%)   
[369.369s][info][gc,heap     ] GC(75)      Free:     5582M (68%)        5238M (64%)        5660M (69%)        7092M (87%)        7092M (87%)        5218M (64%)    
[369.369s][info][gc,heap     ] GC(75)      Used:     2610M (32%)        2954M (36%)        2532M (31%)        1100M (13%)        2974M (36%)        1100M (13%)    
[369.369s][info][gc,heap     ] GC(75)      Live:         -               597M (7%)          597M (7%)          597M (7%)             -                  -          
[369.369s][info][gc,heap     ] GC(75) Allocated:         -               344M (4%)          370M (5%)          411M (5%)             -                  -          
[369.369s][info][gc,heap     ] GC(75)   Garbage:         -              2012M (25%)        1564M (19%)          91M (1%)             -                  -          
[369.369s][info][gc,heap     ] GC(75) Reclaimed:         -                  -               448M (5%)         1921M (23%)            -                  -          
[369.369s][info][gc          ] GC(75) Garbage Collection (Allocation Rate) 2610M(32%)->1100M(13%)
[370.268s][info][gc,stats    ] === Garbage Collection Statistics =======================================================================================================================
[370.268s][info][gc,stats    ]                                                              Last 10s              Last 10m              Last 10h                Total
[370.268s][info][gc,stats    ]                                                              Avg / Max             Avg / Max             Avg / Max             Avg / Max
[370.268s][info][gc,stats    ]   Collector: Garbage Collection Cycle                   1288.975 / 3801.255   1437.303 / 7809.708   1437.303 / 7809.708   1437.303 / 7809.708    ms
[370.268s][info][gc,stats    ]  Contention: Mark Segment Reset Contention                     0 / 0                 0 / 3                 0 / 3                 0 / 3           ops/s
[370.268s][info][gc,stats    ]  Contention: Mark SeqNum Reset Contention                      0 / 0                 0 / 1                 0 / 1                 0 / 1           ops/s
[370.268s][info][gc,stats    ]    Critical: Allocation Stall                                  0 / 0                 0 / 0                 0 / 0                 0 / 0           ops/s
[370.268s][info][gc,stats    ]    Critical: Allocation Stall                              0.000 / 0.000         0.000 / 0.000         0.000 / 0.000         0.000 / 0.000       ms
[370.268s][info][gc,stats    ]    Critical: GC Locker Stall                                   0 / 1                 0 / 1                 0 / 1                 0 / 1           ops/s
[370.268s][info][gc,stats    ]    Critical: GC Locker Stall                               0.000 / 0.000         0.055 / 0.151         0.055 / 0.151         0.055 / 0.151       ms
[370.268s][info][gc,stats    ]    Critical: Relocation Stall                                  0 / 0                 0 / 0                 0 / 0                 0 / 0           ops/s
[370.268s][info][gc,stats    ]    Critical: Relocation Stall                              0.000 / 0.000         0.000 / 0.000         0.000 / 0.000         0.000 / 0.000       ms
[370.268s][info][gc,stats    ]      Memory: Allocation Rate                                 474 / 1176            583 / 1190            583 / 1190            583 / 1190        MB/s
[370.268s][info][gc,stats    ]      Memory: Defragment                                        0 / 0                 0 / 0                 0 / 0                 0 / 0           ops/s
[370.268s][info][gc,stats    ]      Memory: Out Of Memory                                     0 / 0                 0 / 0                 0 / 0                 0 / 0           ops/s
[370.268s][info][gc,stats    ]      Memory: Page Cache Flush                                  0 / 0                 0 / 0                 0 / 0                 0 / 0           MB/s
[370.268s][info][gc,stats    ]      Memory: Page Cache Hit L1                               250 / 588             288 / 621             288 / 621             288 / 621         ops/s
[370.268s][info][gc,stats    ]      Memory: Page Cache Hit L2                                 0 / 0                 0 / 0                 0 / 0                 0 / 0           ops/s
[370.268s][info][gc,stats    ]      Memory: Page Cache Hit L3                                 0 / 0                10 / 397              10 / 397              10 / 397         ops/s
[370.268s][info][gc,stats    ]      Memory: Page Cache Miss                                   0 / 0                 0 / 1                 0 / 1                 0 / 1           ops/s
[370.268s][info][gc,stats    ]      Memory: Uncommit                                          0 / 0                 0 / 0                 0 / 0                 0 / 0           MB/s
[370.268s][info][gc,stats    ]      Memory: Undo Object Allocation Failed                     0 / 0                 0 / 0                 0 / 0                 0 / 0           ops/s
[370.268s][info][gc,stats    ]      Memory: Undo Object Allocation Succeeded                 26 / 160               3 / 400               3 / 400               3 / 400         ops/s
[370.268s][info][gc,stats    ]      Memory: Undo Page Allocation                              0 / 0                 0 / 1                 0 / 1                 0 / 1           ops/s
[370.268s][info][gc,stats    ]       Phase: Concurrent Mark                             670.455 / 1532.269   1025.141 / 5264.294   1025.141 / 5264.294   1025.141 / 5264.294    ms
[370.268s][info][gc,stats    ]       Phase: Concurrent Mark Continue                      0.000 / 0.000         0.000 / 0.000         0.000 / 0.000         0.000 / 0.000       ms
[370.268s][info][gc,stats    ]       Phase: Concurrent Mark Free                          0.001 / 0.001         0.001 / 0.003         0.001 / 0.003         0.001 / 0.003       ms
[370.268s][info][gc,stats    ]       Phase: Concurrent Process Non-Strong References     34.624 / 67.886       41.037 / 1493.667     41.037 / 1493.667     41.037 / 1493.667    ms
[370.268s][info][gc,stats    ]       Phase: Concurrent Relocate                          35.732 / 68.546       45.303 / 150.389      45.303 / 150.389      45.303 / 150.389     ms
[370.268s][info][gc,stats    ]       Phase: Concurrent Reset Relocation Set               0.051 / 0.136         0.108 / 0.465         0.108 / 0.465         0.108 / 0.465       ms
[370.268s][info][gc,stats    ]       Phase: Concurrent Select Relocation Set            505.544 / 1988.981    312.084 / 2796.200    312.084 / 2796.200    312.084 / 2796.200    ms
[370.268s][info][gc,stats    ]       Phase: Pause Mark End                                0.021 / 0.034         0.088 / 4.475         0.088 / 4.475         0.088 / 4.475       ms
[370.268s][info][gc,stats    ]       Phase: Pause Mark Start                              0.097 / 0.359         0.107 / 7.250         0.107 / 7.250         0.107 / 7.250       ms
[370.268s][info][gc,stats    ]       Phase: Pause Relocate Start                          0.331 / 1.046         0.031 / 1.046         0.031 / 1.046         0.031 / 1.046       ms
[370.268s][info][gc,stats    ]    Subphase: Concurrent Classes Purge                      0.426 / 0.922         0.681 / 5.775         0.681 / 5.775         0.681 / 5.775       ms
[370.268s][info][gc,stats    ]    Subphase: Concurrent Classes Unlink                    29.949 / 64.779       34.731 / 1489.339     34.731 / 1489.339     34.731 / 1489.339    ms
[370.268s][info][gc,stats    ]    Subphase: Concurrent Mark                             666.606 / 1530.893    926.621 / 5176.991    926.621 / 5176.991    926.621 / 5176.991    ms
[370.268s][info][gc,stats    ]    Subphase: Concurrent Mark Try Flush                     5.100 / 28.955        2.304 / 28.955        2.304 / 28.955        2.304 / 28.955      ms
[370.268s][info][gc,stats    ]    Subphase: Concurrent Mark Try Terminate                 1.123 / 8.706         1.058 / 12.169        1.058 / 12.169        1.058 / 12.169      ms
[370.268s][info][gc,stats    ]    Subphase: Concurrent References Enqueue                 0.002 / 0.005         0.002 / 0.006         0.002 / 0.006         0.002 / 0.006       ms
[370.268s][info][gc,stats    ]    Subphase: Concurrent References Process                 0.711 / 1.108         0.572 / 1.750         0.572 / 1.750         0.572 / 1.750       ms
[370.268s][info][gc,stats    ]    Subphase: Concurrent Roots ClassLoaderDataGraph         0.453 / 1.281         0.834 / 40.174        0.834 / 40.174        0.834 / 40.174      ms
[370.268s][info][gc,stats    ]    Subphase: Concurrent Roots CodeCache                    0.000 / 0.000         0.000 / 0.000         0.000 / 0.000         0.000 / 0.000       ms
[370.268s][info][gc,stats    ]    Subphase: Concurrent Roots JavaThreads                  2.425 / 7.315         6.881 / 247.091       6.881 / 247.091       6.881 / 247.091     ms
[370.268s][info][gc,stats    ]    Subphase: Concurrent Roots OopStorageSet                0.142 / 0.365         0.929 / 32.486        0.929 / 32.486        0.929 / 32.486      ms
[370.268s][info][gc,stats    ]    Subphase: Concurrent Weak Roots OopStorageSet           2.038 / 2.632         1.735 / 11.047        1.735 / 11.047        1.735 / 11.047      ms
[370.268s][info][gc,stats    ]    Subphase: Pause Mark Try Complete                       0.000 / 0.000         0.001 / 0.003         0.001 / 0.003         0.001 / 0.003       ms
[370.268s][info][gc,stats    ]      System: Java Threads                                     82 / 83               73 / 83               73 / 83               73 / 83          threads
[370.268s][info][gc,stats    ] =========================================================================================================================================================
[373.667s][info][gc,start    ] GC(76) Garbage Collection (Allocation Rate)
[373.667s][info][gc,task     ] GC(76) Using 2 workers
[373.668s][info][gc,phases   ] GC(76) Pause Mark Start 0.004ms
[373.992s][info][gc,phases   ] GC(76) Concurrent Mark 324.574ms
[373.992s][info][gc,phases   ] GC(76) Pause Mark End 0.008ms
[373.992s][info][gc,phases   ] GC(76) Concurrent Mark Free 0.000ms
[374.001s][info][gc,phases   ] GC(76) Concurrent Process Non-Strong References 8.534ms
[374.001s][info][gc,phases   ] GC(76) Concurrent Reset Relocation Set 0.064ms
[374.005s][info][gc,phases   ] GC(76) Concurrent Select Relocation Set 3.918ms
[374.005s][info][gc,phases   ] GC(76) Pause Relocate Start 0.005ms
[374.039s][info][gc,phases   ] GC(76) Concurrent Relocate 34.036ms
[374.039s][info][gc,load     ] GC(76) Load: 0.00/0.00/0.00
[374.039s][info][gc,mmu      ] GC(76) MMU: 2ms/0.0%, 5ms/0.0%, 10ms/27.5%, 20ms/63.8%, 50ms/85.5%, 100ms/92.8%
[374.039s][info][gc,marking  ] GC(76) Mark: 2 stripe(s), 2 proactive flush(es), 1 terminate flush(es), 0 completion(s), 0 continuation(s) 
[374.039s][info][gc,marking  ] GC(76) Mark Stack Usage: 32M
[374.039s][info][gc,nmethod  ] GC(76) NMethods: 9075 registered, 1417 unregistered
[374.039s][info][gc,metaspace] GC(76) Metaspace: 130M used, 132M committed, 1152M reserved
[374.039s][info][gc,ref      ] GC(76) Soft: 6082 encountered, 0 discovered, 0 enqueued
[374.039s][info][gc,ref      ] GC(76) Weak: 23184 encountered, 4942 discovered, 1 enqueued
[374.039s][info][gc,ref      ] GC(76) Final: 34 encountered, 0 discovered, 0 enqueued
[374.039s][info][gc,ref      ] GC(76) Phantom: 675 encountered, 580 discovered, 0 enqueued
[374.039s][info][gc,reloc    ] GC(76) Small Pages: 2418 / 4836M, Empty: 1718M, Relocated: 83M, In-Place: 0
[374.039s][info][gc,reloc    ] GC(76) Medium Pages: 2 / 64M, Empty: 0M, Relocated: 0M, In-Place: 0
[374.039s][info][gc,reloc    ] GC(76) Large Pages: 0 / 0M, Empty: 0M, Relocated: 0M, In-Place: 0
[374.039s][info][gc,reloc    ] GC(76) Forwarding Usage: 28M
[374.039s][info][gc,heap     ] GC(76) Min Capacity: 8192M(100%)
[374.039s][info][gc,heap     ] GC(76) Max Capacity: 8192M(100%)
[374.039s][info][gc,heap     ] GC(76) Soft Max Capacity: 8192M(100%)
[374.039s][info][gc,heap     ] GC(76)                Mark Start          Mark End        Relocate Start      Relocate End           High               Low         
[374.039s][info][gc,heap     ] GC(76)  Capacity:     8192M (100%)       8192M (100%)       8192M (100%)       8192M (100%)       8192M (100%)       8192M (100%)   
[374.039s][info][gc,heap     ] GC(76)      Free:     3292M (40%)        3014M (37%)        4726M (58%)        7258M (89%)        7258M (89%)        3012M (37%)    
[374.039s][info][gc,heap     ] GC(76)      Used:     4900M (60%)        5178M (63%)        3466M (42%)         934M (11%)        5180M (63%)         934M (11%)    
[374.039s][info][gc,heap     ] GC(76)      Live:         -               551M (7%)          551M (7%)          551M (7%)             -                  -          
[374.039s][info][gc,heap     ] GC(76) Allocated:         -               278M (3%)          284M (3%)          301M (4%)             -                  -          
[374.039s][info][gc,heap     ] GC(76)   Garbage:         -              4348M (53%)        2630M (32%)          81M (1%)             -                  -          
[374.039s][info][gc,heap     ] GC(76) Reclaimed:         -                  -              1718M (21%)        4267M (52%)            -                  -          
[374.039s][info][gc          ] GC(76) Garbage Collection (Allocation Rate) 4900M(60%)->934M(11%)
[377.868s][info][gc,start    ] GC(77) Garbage Collection (Allocation Rate)
[377.868s][info][gc,task     ] GC(77) Using 2 workers
[377.868s][info][gc,phases   ] GC(77) Pause Mark Start 0.004ms
[378.230s][info][gc,phases   ] GC(77) Concurrent Mark 362.608ms
[378.231s][info][gc,phases   ] GC(77) Pause Mark End 0.017ms
[378.231s][info][gc,phases   ] GC(77) Concurrent Mark Free 0.001ms
[378.241s][info][gc,phases   ] GC(77) Concurrent Process Non-Strong References 9.843ms
[378.241s][info][gc,phases   ] GC(77) Concurrent Reset Relocation Set 0.116ms
[378.258s][info][gc,phases   ] GC(77) Concurrent Select Relocation Set 17.343ms
[378.259s][info][gc,phases   ] GC(77) Pause Relocate Start 0.005ms
[378.322s][info][gc,phases   ] GC(77) Concurrent Relocate 63.325ms
[378.322s][info][gc,load     ] GC(77) Load: 0.00/0.00/0.00
[378.323s][info][gc,mmu      ] GC(77) MMU: 2ms/0.0%, 5ms/0.0%, 10ms/27.5%, 20ms/63.8%, 50ms/85.5%, 100ms/92.8%
[378.323s][info][gc,marking  ] GC(77) Mark: 2 stripe(s), 2 proactive flush(es), 1 terminate flush(es), 0 completion(s), 0 continuation(s) 
[378.323s][info][gc,marking  ] GC(77) Mark Stack Usage: 32M
[378.323s][info][gc,nmethod  ] GC(77) NMethods: 9087 registered, 1427 unregistered
[378.323s][info][gc,metaspace] GC(77) Metaspace: 130M used, 132M committed, 1152M reserved
[378.323s][info][gc,ref      ] GC(77) Soft: 6082 encountered, 0 discovered, 0 enqueued
[378.323s][info][gc,ref      ] GC(77) Weak: 23185 encountered, 6427 discovered, 1 enqueued
[378.323s][info][gc,ref      ] GC(77) Final: 34 encountered, 0 discovered, 0 enqueued
[378.323s][info][gc,ref      ] GC(77) Phantom: 678 encountered, 506 discovered, 0 enqueued
[378.323s][info][gc,reloc    ] GC(77) Small Pages: 2488 / 4976M, Empty: 1140M, Relocated: 145M, In-Place: 0
[378.323s][info][gc,reloc    ] GC(77) Medium Pages: 2 / 64M, Empty: 0M, Relocated: 0M, In-Place: 0
[378.323s][info][gc,reloc    ] GC(77) Large Pages: 0 / 0M, Empty: 0M, Relocated: 0M, In-Place: 0
[378.323s][info][gc,reloc    ] GC(77) Forwarding Usage: 42M
[378.323s][info][gc,heap     ] GC(77) Min Capacity: 8192M(100%)
[378.323s][info][gc,heap     ] GC(77) Max Capacity: 8192M(100%)
[378.323s][info][gc,heap     ] GC(77) Soft Max Capacity: 8192M(100%)
[378.323s][info][gc,heap     ] GC(77)                Mark Start          Mark End        Relocate Start      Relocate End           High               Low         
[378.323s][info][gc,heap     ] GC(77)  Capacity:     8192M (100%)       8192M (100%)       8192M (100%)       8192M (100%)       8192M (100%)       8192M (100%)   
[378.323s][info][gc,heap     ] GC(77)      Free:     3152M (38%)        2846M (35%)        3958M (48%)        7098M (87%)        7100M (87%)        2836M (35%)    
[378.323s][info][gc,heap     ] GC(77)      Used:     5040M (62%)        5346M (65%)        4234M (52%)        1094M (13%)        5356M (65%)        1092M (13%)    
[378.323s][info][gc,heap     ] GC(77)      Live:         -               621M (8%)          621M (8%)          621M (8%)             -                  -          
[378.323s][info][gc,heap     ] GC(77) Allocated:         -               306M (4%)          334M (4%)          386M (5%)             -                  -          
[378.323s][info][gc,heap     ] GC(77)   Garbage:         -              4418M (54%)        3278M (40%)          86M (1%)             -                  -          
[378.323s][info][gc,heap     ] GC(77) Reclaimed:         -                  -              1140M (14%)        4332M (53%)            -                  -          
[378.323s][info][gc          ] GC(77) Garbage Collection (Allocation Rate) 5040M(62%)->1094M(13%)
[380.268s][info][gc,stats    ] === Garbage Collection Statistics =======================================================================================================================
[380.268s][info][gc,stats    ]                                                              Last 10s              Last 10m              Last 10h                Total
[380.268s][info][gc,stats    ]                                                              Avg / Max             Avg / Max             Avg / Max             Avg / Max
[380.268s][info][gc,stats    ]   Collector: Garbage Collection Cycle                    413.314 / 454.742    1411.047 / 7809.708   1411.047 / 7809.708   1411.047 / 7809.708    ms
[380.268s][info][gc,stats    ]  Contention: Mark Segment Reset Contention                     0 / 1                 0 / 3                 0 / 3                 0 / 3           ops/s
[380.268s][info][gc,stats    ]  Contention: Mark SeqNum Reset Contention                      0 / 0                 0 / 1                 0 / 1                 0 / 1           ops/s
[380.268s][info][gc,stats    ]    Critical: Allocation Stall                                  0 / 0                 0 / 0                 0 / 0                 0 / 0           ops/s
[380.268s][info][gc,stats    ]    Critical: Allocation Stall                              0.000 / 0.000         0.000 / 0.000         0.000 / 0.000         0.000 / 0.000       ms
[380.268s][info][gc,stats    ]    Critical: GC Locker Stall                                   0 / 0                 0 / 1                 0 / 1                 0 / 1           ops/s
[380.268s][info][gc,stats    ]    Critical: GC Locker Stall                               0.000 / 0.000         0.055 / 0.151         0.055 / 0.151         0.055 / 0.151       ms
[380.268s][info][gc,stats    ]    Critical: Relocation Stall                                  0 / 0                 0 / 0                 0 / 0                 0 / 0           ops/s
[380.268s][info][gc,stats    ]    Critical: Relocation Stall                              0.000 / 0.000         0.000 / 0.000         0.000 / 0.000         0.000 / 0.000       ms
[380.268s][info][gc,stats    ]      Memory: Allocation Rate                                 971 / 1246            593 / 1246            593 / 1246            593 / 1246        MB/s
[380.268s][info][gc,stats    ]      Memory: Defragment                                        0 / 0                 0 / 0                 0 / 0                 0 / 0           ops/s
[380.268s][info][gc,stats    ]      Memory: Out Of Memory                                     0 / 0                 0 / 0                 0 / 0                 0 / 0           ops/s
[380.268s][info][gc,stats    ]      Memory: Page Cache Flush                                  0 / 0                 0 / 0                 0 / 0                 0 / 0           MB/s
[380.268s][info][gc,stats    ]      Memory: Page Cache Hit L1                               497 / 633             293 / 633             293 / 633             293 / 633         ops/s
[380.268s][info][gc,stats    ]      Memory: Page Cache Hit L2                                 0 / 0                 0 / 0                 0 / 0                 0 / 0           ops/s
[380.268s][info][gc,stats    ]      Memory: Page Cache Hit L3                                 0 / 0                 9 / 397               9 / 397               9 / 397         ops/s
[380.268s][info][gc,stats    ]      Memory: Page Cache Miss                                   0 / 0                 0 / 1                 0 / 1                 0 / 1           ops/s
[380.268s][info][gc,stats    ]      Memory: Uncommit                                          0 / 0                 0 / 0                 0 / 0                 0 / 0           MB/s
[380.268s][info][gc,stats    ]      Memory: Undo Object Allocation Failed                     0 / 0                 0 / 0                 0 / 0                 0 / 0           ops/s
[380.268s][info][gc,stats    ]      Memory: Undo Object Allocation Succeeded                  0 / 2                 3 / 400               3 / 400               3 / 400         ops/s
[380.268s][info][gc,stats    ]      Memory: Undo Page Allocation                              0 / 0                 0 / 1                 0 / 1                 0 / 1           ops/s
[380.268s][info][gc,stats    ]       Phase: Concurrent Mark                             343.591 / 362.608    1007.666 / 5264.294   1007.666 / 5264.294   1007.666 / 5264.294    ms
[380.268s][info][gc,stats    ]       Phase: Concurrent Mark Continue                      0.000 / 0.000         0.000 / 0.000         0.000 / 0.000         0.000 / 0.000       ms
[380.268s][info][gc,stats    ]       Phase: Concurrent Mark Free                          0.000 / 0.001         0.001 / 0.003         0.001 / 0.003         0.001 / 0.003       ms
[380.268s][info][gc,stats    ]       Phase: Concurrent Process Non-Strong References      9.188 / 9.843        40.221 / 1493.667     40.221 / 1493.667     40.221 / 1493.667    ms
[380.268s][info][gc,stats    ]       Phase: Concurrent Relocate                          48.680 / 63.325       45.390 / 150.389      45.390 / 150.389      45.390 / 150.389     ms
[380.268s][info][gc,stats    ]       Phase: Concurrent Reset Relocation Set               0.090 / 0.116         0.107 / 0.465         0.107 / 0.465         0.107 / 0.465       ms
[380.268s][info][gc,stats    ]       Phase: Concurrent Select Relocation Set             10.630 / 17.343      304.354 / 2796.200    304.354 / 2796.200    304.354 / 2796.200    ms
[380.268s][info][gc,stats    ]       Phase: Pause Mark End                                0.013 / 0.017         0.086 / 4.475         0.086 / 4.475         0.086 / 4.475       ms
[380.268s][info][gc,stats    ]       Phase: Pause Mark Start                              0.004 / 0.004         0.104 / 7.250         0.104 / 7.250         0.104 / 7.250       ms
[380.268s][info][gc,stats    ]       Phase: Pause Relocate Start                          0.005 / 0.005         0.030 / 1.046         0.030 / 1.046         0.030 / 1.046       ms
[380.268s][info][gc,stats    ]    Subphase: Concurrent Classes Purge                      0.773 / 0.967         0.683 / 5.775         0.683 / 5.775         0.683 / 5.775       ms
[380.268s][info][gc,stats    ]    Subphase: Concurrent Classes Unlink                     6.008 / 6.287        33.994 / 1489.339     33.994 / 1489.339     33.994 / 1489.339    ms
[380.268s][info][gc,stats    ]    Subphase: Concurrent Mark                             341.476 / 360.833     910.480 / 5176.991    910.480 / 5176.991    910.480 / 5176.991    ms
[380.268s][info][gc,stats    ]    Subphase: Concurrent Mark Try Flush                     0.044 / 0.080         2.249 / 28.955        2.249 / 28.955        2.249 / 28.955      ms
[380.268s][info][gc,stats    ]    Subphase: Concurrent Mark Try Terminate                 0.455 / 1.375         1.053 / 12.169        1.053 / 12.169        1.053 / 12.169      ms
[380.268s][info][gc,stats    ]    Subphase: Concurrent References Enqueue                 0.001 / 0.002         0.002 / 0.006         0.002 / 0.006         0.002 / 0.006       ms
[380.268s][info][gc,stats    ]    Subphase: Concurrent References Process                 0.635 / 0.898         0.574 / 1.750         0.574 / 1.750         0.574 / 1.750       ms
[380.268s][info][gc,stats    ]    Subphase: Concurrent Roots ClassLoaderDataGraph         0.222 / 0.379         0.817 / 40.174        0.817 / 40.174        0.817 / 40.174      ms
[380.268s][info][gc,stats    ]    Subphase: Concurrent Roots CodeCache                    0.000 / 0.000         0.000 / 0.000         0.000 / 0.000         0.000 / 0.000       ms
[380.268s][info][gc,stats    ]    Subphase: Concurrent Roots JavaThreads                  1.214 / 1.539         6.724 / 247.091       6.724 / 247.091       6.724 / 247.091     ms
[380.268s][info][gc,stats    ]    Subphase: Concurrent Roots OopStorageSet                0.053 / 0.065         0.905 / 32.486        0.905 / 32.486        0.905 / 32.486      ms
[380.268s][info][gc,stats    ]    Subphase: Concurrent Weak Roots OopStorageSet           1.431 / 1.636         1.727 / 11.047        1.727 / 11.047        1.727 / 11.047      ms
[380.268s][info][gc,stats    ]    Subphase: Pause Mark Try Complete                       0.000 / 0.000         0.001 / 0.003         0.001 / 0.003         0.001 / 0.003       ms
[380.268s][info][gc,stats    ]      System: Java Threads                                     83 / 83               74 / 83               74 / 83               74 / 83          threads
[380.268s][info][gc,stats    ] =========================================================================================================================================================
[386.068s][info][gc,start    ] GC(78) Garbage Collection (Allocation Rate)
[386.068s][info][gc,task     ] GC(78) Using 2 workers
[386.068s][info][gc,phases   ] GC(78) Pause Mark Start 0.004ms
[386.421s][info][gc,phases   ] GC(78) Concurrent Mark 353.194ms
[386.421s][info][gc,phases   ] GC(78) Pause Mark End 0.013ms
[386.421s][info][gc,phases   ] GC(78) Concurrent Mark Free 0.000ms
[386.431s][info][gc,phases   ] GC(78) Concurrent Process Non-Strong References 9.558ms
[386.431s][info][gc,phases   ] GC(78) Concurrent Reset Relocation Set 0.129ms
[386.437s][info][gc,phases   ] GC(78) Concurrent Select Relocation Set 5.490ms
[386.437s][info][gc,phases   ] GC(78) Pause Relocate Start 0.007ms
[386.482s][info][gc,phases   ] GC(78) Concurrent Relocate 45.192ms
[386.482s][info][gc,load     ] GC(78) Load: 0.00/0.00/0.00
[386.482s][info][gc,mmu      ] GC(78) MMU: 2ms/0.0%, 5ms/0.0%, 10ms/27.5%, 20ms/63.8%, 50ms/85.5%, 100ms/92.8%
[386.482s][info][gc,marking  ] GC(78) Mark: 2 stripe(s), 2 proactive flush(es), 1 terminate flush(es), 0 completion(s), 0 continuation(s) 
[386.482s][info][gc,marking  ] GC(78) Mark Stack Usage: 32M
[386.482s][info][gc,nmethod  ] GC(78) NMethods: 9114 registered, 1448 unregistered
[386.482s][info][gc,metaspace] GC(78) Metaspace: 130M used, 132M committed, 1152M reserved
[386.482s][info][gc,ref      ] GC(78) Soft: 6082 encountered, 0 discovered, 0 enqueued
[386.482s][info][gc,ref      ] GC(78) Weak: 23184 encountered, 660 discovered, 1 enqueued
[386.482s][info][gc,ref      ] GC(78) Final: 34 encountered, 0 discovered, 0 enqueued
[386.482s][info][gc,ref      ] GC(78) Phantom: 678 encountered, 554 discovered, 0 enqueued
[386.482s][info][gc,reloc    ] GC(78) Small Pages: 3384 / 6768M, Empty: 2338M, Relocated: 104M, In-Place: 0
[386.482s][info][gc,reloc    ] GC(78) Medium Pages: 2 / 64M, Empty: 0M, Relocated: 0M, In-Place: 0
[386.482s][info][gc,reloc    ] GC(78) Large Pages: 0 / 0M, Empty: 0M, Relocated: 0M, In-Place: 0
[386.482s][info][gc,reloc    ] GC(78) Forwarding Usage: 35M
[386.482s][info][gc,heap     ] GC(78) Min Capacity: 8192M(100%)
[386.482s][info][gc,heap     ] GC(78) Max Capacity: 8192M(100%)
[386.482s][info][gc,heap     ] GC(78) Soft Max Capacity: 8192M(100%)
[386.482s][info][gc,heap     ] GC(78)                Mark Start          Mark End        Relocate Start      Relocate End           High               Low         
[386.482s][info][gc,heap     ] GC(78)  Capacity:     8192M (100%)       8192M (100%)       8192M (100%)       8192M (100%)       8192M (100%)       8192M (100%)   
[386.482s][info][gc,heap     ] GC(78)      Free:     1360M (17%)        1144M (14%)        3474M (42%)        7306M (89%)        7306M (89%)        1142M (14%)    
[386.482s][info][gc,heap     ] GC(78)      Used:     6832M (83%)        7048M (86%)        4718M (58%)         886M (11%)        7050M (86%)         886M (11%)    
[386.482s][info][gc,heap     ] GC(78)      Live:         -               570M (7%)          570M (7%)          570M (7%)             -                  -          
[386.482s][info][gc,heap     ] GC(78) Allocated:         -               216M (3%)          224M (3%)          233M (3%)             -                  -          
[386.482s][info][gc,heap     ] GC(78)   Garbage:         -              6261M (76%)        3923M (48%)          81M (1%)             -                  -          
[386.482s][info][gc,heap     ] GC(78) Reclaimed:         -                  -              2338M (29%)        6179M (75%)            -                  -          
[386.482s][info][gc          ] GC(78) Garbage Collection (Allocation Rate) 6832M(83%)->886M(11%)
[390.268s][info][gc,stats    ] === Garbage Collection Statistics =======================================================================================================================
[390.268s][info][gc,stats    ]                                                              Last 10s              Last 10m              Last 10h                Total
[390.268s][info][gc,stats    ]                                                              Avg / Max             Avg / Max             Avg / Max             Avg / Max
[390.268s][info][gc,stats    ]   Collector: Garbage Collection Cycle                    414.104 / 414.104    1398.428 / 7809.708   1398.428 / 7809.708   1398.428 / 7809.708    ms
[390.268s][info][gc,stats    ]  Contention: Mark Segment Reset Contention                     0 / 1                 0 / 3                 0 / 3                 0 / 3           ops/s
[390.268s][info][gc,stats    ]  Contention: Mark SeqNum Reset Contention                      0 / 0                 0 / 1                 0 / 1                 0 / 1           ops/s
[390.268s][info][gc,stats    ]    Critical: Allocation Stall                                  0 / 0                 0 / 0                 0 / 0                 0 / 0           ops/s
[390.268s][info][gc,stats    ]    Critical: Allocation Stall                              0.000 / 0.000         0.000 / 0.000         0.000 / 0.000         0.000 / 0.000       ms
[390.268s][info][gc,stats    ]    Critical: GC Locker Stall                                   0 / 0                 0 / 1                 0 / 1                 0 / 1           ops/s
[390.268s][info][gc,stats    ]    Critical: GC Locker Stall                               0.000 / 0.000         0.055 / 0.151         0.055 / 0.151         0.055 / 0.151       ms
[390.268s][info][gc,stats    ]    Critical: Relocation Stall                                  0 / 0                 0 / 0                 0 / 0                 0 / 0           ops/s
[390.268s][info][gc,stats    ]    Critical: Relocation Stall                              0.000 / 0.000         0.000 / 0.000         0.000 / 0.000         0.000 / 0.000       ms
[390.268s][info][gc,stats    ]      Memory: Allocation Rate                                 693 / 950             596 / 1246            596 / 1246            596 / 1246        MB/s
[390.268s][info][gc,stats    ]      Memory: Defragment                                        0 / 0                 0 / 0                 0 / 0                 0 / 0           ops/s
[390.268s][info][gc,stats    ]      Memory: Out Of Memory                                     0 / 0                 0 / 0                 0 / 0                 0 / 0           ops/s
[390.268s][info][gc,stats    ]      Memory: Page Cache Flush                                  0 / 0                 0 / 0                 0 / 0                 0 / 0           MB/s
[390.268s][info][gc,stats    ]      Memory: Page Cache Hit L1                               351 / 475             295 / 633             295 / 633             295 / 633         ops/s
[390.268s][info][gc,stats    ]      Memory: Page Cache Hit L2                                 0 / 0                 0 / 0                 0 / 0                 0 / 0           ops/s
[390.268s][info][gc,stats    ]      Memory: Page Cache Hit L3                                 0 / 0                 9 / 397               9 / 397               9 / 397         ops/s
[390.268s][info][gc,stats    ]      Memory: Page Cache Miss                                   0 / 0                 0 / 1                 0 / 1                 0 / 1           ops/s
[390.268s][info][gc,stats    ]      Memory: Uncommit                                          0 / 0                 0 / 0                 0 / 0                 0 / 0           MB/s
[390.268s][info][gc,stats    ]      Memory: Undo Object Allocation Failed                     0 / 0                 0 / 0                 0 / 0                 0 / 0           ops/s
[390.268s][info][gc,stats    ]      Memory: Undo Object Allocation Succeeded                  0 / 0                 3 / 400               3 / 400               3 / 400         ops/s
[390.268s][info][gc,stats    ]      Memory: Undo Page Allocation                              0 / 0                 0 / 1                 0 / 1                 0 / 1           ops/s
[390.268s][info][gc,stats    ]       Phase: Concurrent Mark                             353.194 / 353.194     999.381 / 5264.294    999.381 / 5264.294    999.381 / 5264.294    ms
[390.268s][info][gc,stats    ]       Phase: Concurrent Mark Continue                      0.000 / 0.000         0.000 / 0.000         0.000 / 0.000         0.000 / 0.000       ms
[390.268s][info][gc,stats    ]       Phase: Concurrent Mark Free                          0.000 / 0.000         0.001 / 0.003         0.001 / 0.003         0.001 / 0.003       ms
[390.268s][info][gc,stats    ]       Phase: Concurrent Process Non-Strong References      9.558 / 9.558        39.833 / 1493.667     39.833 / 1493.667     39.833 / 1493.667    ms
[390.268s][info][gc,stats    ]       Phase: Concurrent Relocate                          45.192 / 45.192       45.387 / 150.389      45.387 / 150.389      45.387 / 150.389     ms
[390.268s][info][gc,stats    ]       Phase: Concurrent Reset Relocation Set               0.129 / 0.129         0.108 / 0.465         0.108 / 0.465         0.108 / 0.465       ms
[390.268s][info][gc,stats    ]       Phase: Concurrent Select Relocation Set              5.490 / 5.490       300.571 / 2796.200    300.571 / 2796.200    300.571 / 2796.200    ms
[390.268s][info][gc,stats    ]       Phase: Pause Mark End                                0.013 / 0.013         0.085 / 4.475         0.085 / 4.475         0.085 / 4.475       ms
[390.268s][info][gc,stats    ]       Phase: Pause Mark Start                              0.004 / 0.004         0.103 / 7.250         0.103 / 7.250         0.103 / 7.250       ms
[390.268s][info][gc,stats    ]       Phase: Pause Relocate Start                          0.007 / 0.007         0.030 / 1.046         0.030 / 1.046         0.030 / 1.046       ms
[390.268s][info][gc,stats    ]    Subphase: Concurrent Classes Purge                      1.172 / 1.172         0.689 / 5.775         0.689 / 5.775         0.689 / 5.775       ms
[390.268s][info][gc,stats    ]    Subphase: Concurrent Classes Unlink                     6.847 / 6.847        33.651 / 1489.339     33.651 / 1489.339     33.651 / 1489.339    ms
[390.268s][info][gc,stats    ]    Subphase: Concurrent Mark                             350.984 / 351.463     902.867 / 5176.991    902.867 / 5176.991    902.867 / 5176.991    ms
[390.268s][info][gc,stats    ]    Subphase: Concurrent Mark Try Flush                     0.046 / 0.067         2.222 / 28.955        2.222 / 28.955        2.222 / 28.955      ms
[390.268s][info][gc,stats    ]    Subphase: Concurrent Mark Try Terminate                 0.403 / 1.189         1.050 / 12.169        1.050 / 12.169        1.050 / 12.169      ms
[390.268s][info][gc,stats    ]    Subphase: Concurrent References Enqueue                 0.002 / 0.002         0.002 / 0.006         0.002 / 0.006         0.002 / 0.006       ms
[390.268s][info][gc,stats    ]    Subphase: Concurrent References Process                 0.068 / 0.068         0.567 / 1.750         0.567 / 1.750         0.567 / 1.750       ms
[390.268s][info][gc,stats    ]    Subphase: Concurrent Roots ClassLoaderDataGraph         0.190 / 0.309         0.808 / 40.174        0.808 / 40.174        0.808 / 40.174      ms
[390.268s][info][gc,stats    ]    Subphase: Concurrent Roots CodeCache                    0.000 / 0.000         0.000 / 0.000         0.000 / 0.000         0.000 / 0.000       ms
[390.268s][info][gc,stats    ]    Subphase: Concurrent Roots JavaThreads                  1.337 / 1.456         6.651 / 247.091       6.651 / 247.091       6.651 / 247.091     ms
[390.268s][info][gc,stats    ]    Subphase: Concurrent Roots OopStorageSet                0.045 / 0.052         0.894 / 32.486        0.894 / 32.486        0.894 / 32.486      ms
[390.268s][info][gc,stats    ]    Subphase: Concurrent Weak Roots OopStorageSet           1.262 / 1.262         1.720 / 11.047        1.720 / 11.047        1.720 / 11.047      ms
[390.268s][info][gc,stats    ]    Subphase: Pause Mark Try Complete                       0.000 / 0.000         0.001 / 0.003         0.001 / 0.003         0.001 / 0.003       ms
[390.268s][info][gc,stats    ]      System: Java Threads                                     83 / 83               74 / 83               74 / 83               74 / 83          threads
[390.268s][info][gc,stats    ] =========================================================================================================================================================
[394.168s][info][gc,start    ] GC(79) Garbage Collection (Allocation Rate)
[394.168s][info][gc,task     ] GC(79) Using 2 workers
[394.169s][info][gc,phases   ] GC(79) Pause Mark Start 0.005ms
[394.555s][info][gc,phases   ] GC(79) Concurrent Mark 386.246ms
[394.555s][info][gc,phases   ] GC(79) Pause Mark End 0.009ms
[394.555s][info][gc,phases   ] GC(79) Concurrent Mark Free 0.000ms
[394.563s][info][gc,phases   ] GC(79) Concurrent Process Non-Strong References 8.513ms
[394.564s][info][gc,phases   ] GC(79) Concurrent Reset Relocation Set 0.167ms
[394.571s][info][gc,phases   ] GC(79) Concurrent Select Relocation Set 7.279ms
[394.571s][info][gc,phases   ] GC(79) Pause Relocate Start 0.005ms
[394.625s][info][gc,phases   ] GC(79) Concurrent Relocate 53.447ms
[394.625s][info][gc,load     ] GC(79) Load: 0.00/0.00/0.00
[394.625s][info][gc,mmu      ] GC(79) MMU: 2ms/0.0%, 5ms/0.0%, 10ms/27.5%, 20ms/63.8%, 50ms/85.5%, 100ms/92.8%
[394.625s][info][gc,marking  ] GC(79) Mark: 2 stripe(s), 2 proactive flush(es), 1 terminate flush(es), 0 completion(s), 0 continuation(s) 
[394.625s][info][gc,marking  ] GC(79) Mark Stack Usage: 32M
[394.625s][info][gc,nmethod  ] GC(79) NMethods: 9153 registered, 1471 unregistered
[394.625s][info][gc,metaspace] GC(79) Metaspace: 130M used, 132M committed, 1152M reserved
[394.625s][info][gc,ref      ] GC(79) Soft: 6082 encountered, 0 discovered, 0 enqueued
[394.625s][info][gc,ref      ] GC(79) Weak: 23190 encountered, 12859 discovered, 5 enqueued
[394.625s][info][gc,ref      ] GC(79) Final: 34 encountered, 0 discovered, 0 enqueued
[394.625s][info][gc,ref      ] GC(79) Phantom: 684 encountered, 619 discovered, 0 enqueued
[394.625s][info][gc,reloc    ] GC(79) Small Pages: 3485 / 6970M, Empty: 2214M, Relocated: 102M, In-Place: 0
[394.625s][info][gc,reloc    ] GC(79) Medium Pages: 2 / 64M, Empty: 0M, Relocated: 0M, In-Place: 0
[394.625s][info][gc,reloc    ] GC(79) Large Pages: 0 / 0M, Empty: 0M, Relocated: 0M, In-Place: 0
[394.625s][info][gc,reloc    ] GC(79) Forwarding Usage: 35M
[394.625s][info][gc,heap     ] GC(79) Min Capacity: 8192M(100%)
[394.625s][info][gc,heap     ] GC(79) Max Capacity: 8192M(100%)
[394.625s][info][gc,heap     ] GC(79) Soft Max Capacity: 8192M(100%)
[394.625s][info][gc,heap     ] GC(79)                Mark Start          Mark End        Relocate Start      Relocate End           High               Low         
[394.625s][info][gc,heap     ] GC(79)  Capacity:     8192M (100%)       8192M (100%)       8192M (100%)       8192M (100%)       8192M (100%)       8192M (100%)   
[394.625s][info][gc,heap     ] GC(79)      Free:     1158M (14%)         886M (11%)        3084M (38%)        7174M (88%)        7174M (88%)         874M (11%)    
[394.625s][info][gc,heap     ] GC(79)      Used:     7034M (86%)        7306M (89%)        5108M (62%)        1018M (12%)        7318M (89%)        1018M (12%)    
[394.625s][info][gc,heap     ] GC(79)      Live:         -               581M (7%)          581M (7%)          581M (7%)             -                  -          
[394.625s][info][gc,heap     ] GC(79) Allocated:         -               272M (3%)          288M (4%)          352M (4%)             -                  -          
[394.625s][info][gc,heap     ] GC(79)   Garbage:         -              6452M (79%)        4238M (52%)          84M (1%)             -                  -          
[394.625s][info][gc,heap     ] GC(79) Reclaimed:         -                  -              2214M (27%)        6368M (78%)            -                  -          
[394.625s][info][gc          ] GC(79) Garbage Collection (Allocation Rate) 7034M(86%)->1018M(12%)
[400.268s][info][gc,stats    ] === Garbage Collection Statistics =======================================================================================================================
[400.268s][info][gc,stats    ]                                                              Last 10s              Last 10m              Last 10h                Total
[400.268s][info][gc,stats    ]                                                              Avg / Max             Avg / Max             Avg / Max             Avg / Max
[400.268s][info][gc,stats    ]   Collector: Garbage Collection Cycle                    456.297 / 456.297    1386.651 / 7809.708   1386.651 / 7809.708   1386.651 / 7809.708    ms
[400.268s][info][gc,stats    ]  Contention: Mark Segment Reset Contention                     0 / 1                 0 / 3                 0 / 3                 0 / 3           ops/s
[400.268s][info][gc,stats    ]  Contention: Mark SeqNum Reset Contention                      0 / 0                 0 / 1                 0 / 1                 0 / 1           ops/s
[400.268s][info][gc,stats    ]    Critical: Allocation Stall                                  0 / 0                 0 / 0                 0 / 0                 0 / 0           ops/s
[400.268s][info][gc,stats    ]    Critical: Allocation Stall                              0.000 / 0.000         0.000 / 0.000         0.000 / 0.000         0.000 / 0.000       ms
[400.268s][info][gc,stats    ]    Critical: GC Locker Stall                                   0 / 0                 0 / 1                 0 / 1                 0 / 1           ops/s
[400.268s][info][gc,stats    ]    Critical: GC Locker Stall                               0.000 / 0.000         0.055 / 0.151         0.055 / 0.151         0.055 / 0.151       ms
[400.268s][info][gc,stats    ]    Critical: Relocation Stall                                  0 / 0                 0 / 0                 0 / 0                 0 / 0           ops/s
[400.268s][info][gc,stats    ]    Critical: Relocation Stall                              0.000 / 0.000         0.000 / 0.000         0.000 / 0.000         0.000 / 0.000       ms
[400.268s][info][gc,stats    ]      Memory: Allocation Rate                                 813 / 1136            601 / 1246            601 / 1246            601 / 1246        MB/s
[400.268s][info][gc,stats    ]      Memory: Defragment                                        0 / 0                 0 / 0                 0 / 0                 0 / 0           ops/s
[400.268s][info][gc,stats    ]      Memory: Out Of Memory                                     0 / 0                 0 / 0                 0 / 0                 0 / 0           ops/s
[400.268s][info][gc,stats    ]      Memory: Page Cache Flush                                  0 / 0                 0 / 0                 0 / 0                 0 / 0           MB/s
[400.268s][info][gc,stats    ]      Memory: Page Cache Hit L1                               412 / 568             298 / 633             298 / 633             298 / 633         ops/s
[400.268s][info][gc,stats    ]      Memory: Page Cache Hit L2                                 0 / 0                 0 / 0                 0 / 0                 0 / 0           ops/s
[400.268s][info][gc,stats    ]      Memory: Page Cache Hit L3                                 0 / 0                 9 / 397               9 / 397               9 / 397         ops/s
[400.268s][info][gc,stats    ]      Memory: Page Cache Miss                                   0 / 0                 0 / 1                 0 / 1                 0 / 1           ops/s
[400.268s][info][gc,stats    ]      Memory: Uncommit                                          0 / 0                 0 / 0                 0 / 0                 0 / 0           MB/s
[400.268s][info][gc,stats    ]      Memory: Undo Object Allocation Failed                     0 / 0                 0 / 0                 0 / 0                 0 / 0           ops/s
[400.268s][info][gc,stats    ]      Memory: Undo Object Allocation Succeeded                  0 / 4                 3 / 400               3 / 400               3 / 400         ops/s
[400.268s][info][gc,stats    ]      Memory: Undo Page Allocation                              0 / 0                 0 / 1                 0 / 1                 0 / 1           ops/s
[400.268s][info][gc,stats    ]       Phase: Concurrent Mark                             386.246 / 386.246     991.717 / 5264.294    991.717 / 5264.294    991.717 / 5264.294    ms
[400.268s][info][gc,stats    ]       Phase: Concurrent Mark Continue                      0.000 / 0.000         0.000 / 0.000         0.000 / 0.000         0.000 / 0.000       ms
[400.268s][info][gc,stats    ]       Phase: Concurrent Mark Free                          0.000 / 0.000         0.001 / 0.003         0.001 / 0.003         0.001 / 0.003       ms
[400.268s][info][gc,stats    ]       Phase: Concurrent Process Non-Strong References      8.513 / 8.513        39.441 / 1493.667     39.441 / 1493.667     39.441 / 1493.667    ms
[400.268s][info][gc,stats    ]       Phase: Concurrent Relocate                          53.447 / 53.447       45.488 / 150.389      45.488 / 150.389      45.488 / 150.389     ms
[400.268s][info][gc,stats    ]       Phase: Concurrent Reset Relocation Set               0.167 / 0.167         0.108 / 0.465         0.108 / 0.465         0.108 / 0.465       ms
[400.268s][info][gc,stats    ]       Phase: Concurrent Select Relocation Set              7.279 / 7.279       296.905 / 2796.200    296.905 / 2796.200    296.905 / 2796.200    ms
[400.268s][info][gc,stats    ]       Phase: Pause Mark End                                0.009 / 0.009         0.084 / 4.475         0.084 / 4.475         0.084 / 4.475       ms
[400.268s][info][gc,stats    ]       Phase: Pause Mark Start                              0.005 / 0.005         0.102 / 7.250         0.102 / 7.250         0.102 / 7.250       ms
[400.268s][info][gc,stats    ]       Phase: Pause Relocate Start                          0.005 / 0.005         0.029 / 1.046         0.029 / 1.046         0.029 / 1.046       ms
[400.268s][info][gc,stats    ]    Subphase: Concurrent Classes Purge                      0.541 / 0.541         0.688 / 5.775         0.688 / 5.775         0.688 / 5.775       ms
[400.268s][info][gc,stats    ]    Subphase: Concurrent Classes Unlink                     5.830 / 5.830        33.303 / 1489.339     33.303 / 1489.339     33.303 / 1489.339    ms
[400.268s][info][gc,stats    ]    Subphase: Concurrent Mark                             383.720 / 383.809     895.899 / 5176.991    895.899 / 5176.991    895.899 / 5176.991    ms
[400.268s][info][gc,stats    ]    Subphase: Concurrent Mark Try Flush                     0.055 / 0.065         2.196 / 28.955        2.196 / 28.955        2.196 / 28.955      ms
[400.268s][info][gc,stats    ]    Subphase: Concurrent Mark Try Terminate                 0.366 / 1.048         1.046 / 12.169        1.046 / 12.169        1.046 / 12.169      ms
[400.268s][info][gc,stats    ]    Subphase: Concurrent References Enqueue                 0.001 / 0.001         0.002 / 0.006         0.002 / 0.006         0.002 / 0.006       ms
[400.268s][info][gc,stats    ]    Subphase: Concurrent References Process                 0.753 / 0.753         0.570 / 1.750         0.570 / 1.750         0.570 / 1.750       ms
[400.268s][info][gc,stats    ]    Subphase: Concurrent Roots ClassLoaderDataGraph         0.386 / 0.674         0.803 / 40.174        0.803 / 40.174        0.803 / 40.174      ms
[400.268s][info][gc,stats    ]    Subphase: Concurrent Roots CodeCache                    0.000 / 0.000         0.000 / 0.000         0.000 / 0.000         0.000 / 0.000       ms
[400.268s][info][gc,stats    ]    Subphase: Concurrent Roots JavaThreads                  1.886 / 2.172         6.587 / 247.091       6.587 / 247.091       6.587 / 247.091     ms
[400.268s][info][gc,stats    ]    Subphase: Concurrent Roots OopStorageSet                0.056 / 0.065         0.882 / 32.486        0.882 / 32.486        0.882 / 32.486      ms
[400.268s][info][gc,stats    ]    Subphase: Concurrent Weak Roots OopStorageSet           1.187 / 1.188         1.713 / 11.047        1.713 / 11.047        1.713 / 11.047      ms
[400.268s][info][gc,stats    ]    Subphase: Pause Mark Try Complete                       0.000 / 0.000         0.001 / 0.003         0.001 / 0.003         0.001 / 0.003       ms
[400.268s][info][gc,stats    ]      System: Java Threads                                     77 / 77               74 / 83               74 / 83               74 / 83          threads
[400.268s][info][gc,stats    ] =========================================================================================================================================================
[403.568s][info][gc,start    ] GC(80) Garbage Collection (Allocation Rate)
[403.568s][info][gc,task     ] GC(80) Using 2 workers
[403.568s][info][gc,phases   ] GC(80) Pause Mark Start 0.004ms
[407.789s][info][gc,phases   ] GC(80) Concurrent Mark 4219.436ms
[407.792s][info][gc,phases   ] GC(80) Pause Mark End 1.374ms
[407.792s][info][gc,phases   ] GC(80) Concurrent Mark Free 0.001ms
[408.292s][info][gc,phases   ] GC(80) Concurrent Process Non-Strong References 500.082ms
[408.292s][info][gc,phases   ] GC(80) Concurrent Reset Relocation Set 0.383ms
[408.314s][info][gc,phases   ] GC(80) Concurrent Select Relocation Set 21.652ms
[408.315s][info][gc,phases   ] GC(80) Pause Relocate Start 0.571ms
[408.385s][info][gc,phases   ] GC(80) Concurrent Relocate 70.288ms
[408.385s][info][gc,load     ] GC(80) Load: 0.00/0.00/0.00
[408.386s][info][gc,mmu      ] GC(80) MMU: 2ms/0.0%, 5ms/0.0%, 10ms/27.5%, 20ms/63.8%, 50ms/85.5%, 100ms/92.8%
[408.386s][info][gc,marking  ] GC(80) Mark: 2 stripe(s), 2 proactive flush(es), 1 terminate flush(es), 0 completion(s), 0 continuation(s) 
[408.386s][info][gc,marking  ] GC(80) Mark Stack Usage: 32M
[408.386s][info][gc,nmethod  ] GC(80) NMethods: 9177 registered, 1506 unregistered
[408.386s][info][gc,metaspace] GC(80) Metaspace: 130M used, 132M committed, 1152M reserved
[408.387s][info][gc,ref      ] GC(80) Soft: 6082 encountered, 0 discovered, 0 enqueued
[408.387s][info][gc,ref      ] GC(80) Weak: 23189 encountered, 1708 discovered, 1 enqueued
[408.387s][info][gc,ref      ] GC(80) Final: 34 encountered, 0 discovered, 0 enqueued
[408.387s][info][gc,ref      ] GC(80) Phantom: 690 encountered, 549 discovered, 0 enqueued
[408.387s][info][gc,reloc    ] GC(80) Small Pages: 3662 / 7324M, Empty: 2444M, Relocated: 108M, In-Place: 0
[408.387s][info][gc,reloc    ] GC(80) Medium Pages: 2 / 64M, Empty: 0M, Relocated: 0M, In-Place: 0
[408.387s][info][gc,reloc    ] GC(80) Large Pages: 0 / 0M, Empty: 0M, Relocated: 0M, In-Place: 0
[408.387s][info][gc,reloc    ] GC(80) Forwarding Usage: 33M
[408.387s][info][gc,heap     ] GC(80) Min Capacity: 8192M(100%)
[408.387s][info][gc,heap     ] GC(80) Max Capacity: 8192M(100%)
[408.387s][info][gc,heap     ] GC(80) Soft Max Capacity: 8192M(100%)
[408.387s][info][gc,heap     ] GC(80)                Mark Start          Mark End        Relocate Start      Relocate End           High               Low         
[408.387s][info][gc,heap     ] GC(80)  Capacity:     8192M (100%)       8192M (100%)       8192M (100%)       8192M (100%)       8192M (100%)       8192M (100%)   
[408.387s][info][gc,heap     ] GC(80)      Free:      804M (10%)         320M (4%)         2670M (33%)        6854M (84%)        6854M (84%)         240M (3%)     
[408.387s][info][gc,heap     ] GC(80)      Used:     7388M (90%)        7872M (96%)        5522M (67%)        1338M (16%)        7952M (97%)        1338M (16%)    
[408.387s][info][gc,heap     ] GC(80)      Live:         -               585M (7%)          585M (7%)          585M (7%)             -                  -          
[408.387s][info][gc,heap     ] GC(80) Allocated:         -               484M (6%)          578M (7%)          665M (8%)             -                  -          
[408.387s][info][gc,heap     ] GC(80)   Garbage:         -              6802M (83%)        4358M (53%)          86M (1%)             -                  -          
[408.387s][info][gc,heap     ] GC(80) Reclaimed:         -                  -              2444M (30%)        6715M (82%)            -                  -          
[408.387s][info][gc          ] GC(80) Garbage Collection (Allocation Rate) 7388M(90%)->1338M(16%)
[408.468s][info][gc,start    ] GC(81) Garbage Collection (Allocation Rate)
[408.468s][info][gc,task     ] GC(81) Using 2 workers
[408.468s][info][gc,phases   ] GC(81) Pause Mark Start 0.008ms
[408.953s][info][gc,phases   ] GC(81) Concurrent Mark 485.391ms
[408.953s][info][gc,phases   ] GC(81) Pause Mark End 0.014ms
[408.953s][info][gc,phases   ] GC(81) Concurrent Mark Free 0.000ms
[408.962s][info][gc,phases   ] GC(81) Concurrent Process Non-Strong References 9.039ms
[408.963s][info][gc,phases   ] GC(81) Concurrent Reset Relocation Set 0.177ms
[408.968s][info][gc,phases   ] GC(81) Concurrent Select Relocation Set 4.982ms
[408.968s][info][gc,phases   ] GC(81) Pause Relocate Start 0.006ms
[408.993s][info][gc,phases   ] GC(81) Concurrent Relocate 25.078ms
[408.993s][info][gc,load     ] GC(81) Load: 0.00/0.00/0.00
[408.993s][info][gc,mmu      ] GC(81) MMU: 2ms/0.0%, 5ms/0.0%, 10ms/27.5%, 20ms/63.8%, 50ms/85.5%, 100ms/92.8%
[408.993s][info][gc,marking  ] GC(81) Mark: 2 stripe(s), 2 proactive flush(es), 1 terminate flush(es), 0 completion(s), 0 continuation(s) 
[408.993s][info][gc,marking  ] GC(81) Mark Stack Usage: 32M
[408.993s][info][gc,nmethod  ] GC(81) NMethods: 9177 registered, 1506 unregistered
[408.993s][info][gc,metaspace] GC(81) Metaspace: 130M used, 132M committed, 1152M reserved
[408.993s][info][gc,ref      ] GC(81) Soft: 6082 encountered, 0 discovered, 0 enqueued
[408.993s][info][gc,ref      ] GC(81) Weak: 23190 encountered, 609 discovered, 1 enqueued
[408.993s][info][gc,ref      ] GC(81) Final: 34 encountered, 0 discovered, 0 enqueued
[408.993s][info][gc,ref      ] GC(81) Phantom: 693 encountered, 561 discovered, 0 enqueued
[408.993s][info][gc,reloc    ] GC(81) Small Pages: 674 / 1348M, Empty: 250M, Relocated: 38M, In-Place: 0
[408.993s][info][gc,reloc    ] GC(81) Medium Pages: 2 / 64M, Empty: 0M, Relocated: 0M, In-Place: 0
[408.993s][info][gc,reloc    ] GC(81) Large Pages: 0 / 0M, Empty: 0M, Relocated: 0M, In-Place: 0
[408.993s][info][gc,reloc    ] GC(81) Forwarding Usage: 12M
[408.993s][info][gc,heap     ] GC(81) Min Capacity: 8192M(100%)
[408.993s][info][gc,heap     ] GC(81) Max Capacity: 8192M(100%)
[408.993s][info][gc,heap     ] GC(81) Soft Max Capacity: 8192M(100%)
[408.993s][info][gc,heap     ] GC(81)                Mark Start          Mark End        Relocate Start      Relocate End           High               Low         
[408.993s][info][gc,heap     ] GC(81)  Capacity:     8192M (100%)       8192M (100%)       8192M (100%)       8192M (100%)       8192M (100%)       8192M (100%)   
[408.993s][info][gc,heap     ] GC(81)      Free:     6780M (83%)        6298M (77%)        6538M (80%)        6992M (85%)        6992M (85%)        6290M (77%)    
[408.993s][info][gc,heap     ] GC(81)      Used:     1412M (17%)        1894M (23%)        1654M (20%)        1200M (15%)        1902M (23%)        1200M (15%)    
[408.993s][info][gc,heap     ] GC(81)      Live:         -               578M (7%)          578M (7%)          578M (7%)             -                  -          
[408.993s][info][gc,heap     ] GC(81) Allocated:         -               482M (6%)          492M (6%)          519M (6%)             -                  -          
[408.993s][info][gc,heap     ] GC(81)   Garbage:         -               833M (10%)         583M (7%)          101M (1%)             -                  -          
[408.993s][info][gc,heap     ] GC(81) Reclaimed:         -                  -               250M (3%)          731M (9%)             -                  -          
[408.993s][info][gc          ] GC(81) Garbage Collection (Allocation Rate) 1412M(17%)->1200M(15%)
[409.068s][info][gc,start    ] GC(82) Garbage Collection (Allocation Rate)
[409.068s][info][gc,task     ] GC(82) Using 2 workers
[409.068s][info][gc,phases   ] GC(82) Pause Mark Start 0.006ms
[409.420s][info][gc,phases   ] GC(82) Concurrent Mark 351.669ms
[409.420s][info][gc,phases   ] GC(82) Pause Mark End 0.010ms
[409.420s][info][gc,phases   ] GC(82) Concurrent Mark Free 0.000ms
[409.429s][info][gc,phases   ] GC(82) Concurrent Process Non-Strong References 9.223ms
[409.429s][info][gc,phases   ] GC(82) Concurrent Reset Relocation Set 0.024ms
[409.437s][info][gc,phases   ] GC(82) Concurrent Select Relocation Set 7.469ms
[409.437s][info][gc,phases   ] GC(82) Pause Relocate Start 0.005ms
[409.456s][info][gc,phases   ] GC(82) Concurrent Relocate 19.312ms
[409.456s][info][gc,load     ] GC(82) Load: 0.00/0.00/0.00
[409.456s][info][gc,mmu      ] GC(82) MMU: 2ms/0.0%, 5ms/0.0%, 10ms/27.5%, 20ms/63.8%, 50ms/85.5%, 100ms/92.8%
[409.456s][info][gc,marking  ] GC(82) Mark: 2 stripe(s), 2 proactive flush(es), 1 terminate flush(es), 0 completion(s), 0 continuation(s) 
[409.456s][info][gc,marking  ] GC(82) Mark Stack Usage: 32M
[409.456s][info][gc,nmethod  ] GC(82) NMethods: 9177 registered, 1506 unregistered
[409.456s][info][gc,metaspace] GC(82) Metaspace: 130M used, 132M committed, 1152M reserved
[409.456s][info][gc,ref      ] GC(82) Soft: 6082 encountered, 0 discovered, 0 enqueued
[409.456s][info][gc,ref      ] GC(82) Weak: 23189 encountered, 5552 discovered, 1 enqueued
[409.456s][info][gc,ref      ] GC(82) Final: 34 encountered, 0 discovered, 0 enqueued
[409.456s][info][gc,ref      ] GC(82) Phantom: 693 encountered, 495 discovered, 0 enqueued
[409.456s][info][gc,reloc    ] GC(82) Small Pages: 595 / 1190M, Empty: 74M, Relocated: 40M, In-Place: 0
[409.456s][info][gc,reloc    ] GC(82) Medium Pages: 2 / 64M, Empty: 0M, Relocated: 0M, In-Place: 0
[409.456s][info][gc,reloc    ] GC(82) Large Pages: 0 / 0M, Empty: 0M, Relocated: 0M, In-Place: 0
[409.457s][info][gc,reloc    ] GC(82) Forwarding Usage: 12M
[409.457s][info][gc,heap     ] GC(82) Min Capacity: 8192M(100%)
[409.457s][info][gc,heap     ] GC(82) Max Capacity: 8192M(100%)
[409.457s][info][gc,heap     ] GC(82) Soft Max Capacity: 8192M(100%)
[409.457s][info][gc,heap     ] GC(82)                Mark Start          Mark End        Relocate Start      Relocate End           High               Low         
[409.457s][info][gc,heap     ] GC(82)  Capacity:     8192M (100%)       8192M (100%)       8192M (100%)       8192M (100%)       8192M (100%)       8192M (100%)   
[409.457s][info][gc,heap     ] GC(82)      Free:     6938M (85%)        6652M (81%)        6718M (82%)        7200M (88%)        7200M (88%)        6646M (81%)    
[409.457s][info][gc,heap     ] GC(82)      Used:     1254M (15%)        1540M (19%)        1474M (18%)         992M (12%)        1546M (19%)         992M (12%)    
[409.457s][info][gc,heap     ] GC(82)      Live:         -               592M (7%)          592M (7%)          592M (7%)             -                  -          
[409.457s][info][gc,heap     ] GC(82) Allocated:         -               286M (3%)          294M (4%)          303M (4%)             -                  -          
[409.457s][info][gc,heap     ] GC(82)   Garbage:         -               661M (8%)          587M (7%)           96M (1%)             -                  -          
[409.457s][info][gc,heap     ] GC(82) Reclaimed:         -                  -                74M (1%)          565M (7%)             -                  -          
[409.457s][info][gc          ] GC(82) Garbage Collection (Allocation Rate) 1254M(15%)->992M(12%)
[409.468s][info][gc,start    ] GC(83) Garbage Collection (Allocation Rate)
[409.468s][info][gc,task     ] GC(83) Using 2 workers
[409.468s][info][gc,phases   ] GC(83) Pause Mark Start 0.004ms
[409.796s][info][gc,phases   ] GC(83) Concurrent Mark 327.954ms
[409.796s][info][gc,phases   ] GC(83) Pause Mark End 0.008ms
[409.796s][info][gc,phases   ] GC(83) Concurrent Mark Free 0.001ms
[409.804s][info][gc,phases   ] GC(83) Concurrent Process Non-Strong References 7.524ms
[409.804s][info][gc,phases   ] GC(83) Concurrent Reset Relocation Set 0.029ms
[409.807s][info][gc,phases   ] GC(83) Concurrent Select Relocation Set 2.570ms
[409.807s][info][gc,phases   ] GC(83) Pause Relocate Start 0.005ms
[409.812s][info][gc,phases   ] GC(83) Concurrent Relocate 4.958ms
[409.812s][info][gc,load     ] GC(83) Load: 0.00/0.00/0.00
[409.812s][info][gc,mmu      ] GC(83) MMU: 2ms/0.0%, 5ms/0.0%, 10ms/27.5%, 20ms/63.8%, 50ms/85.5%, 100ms/92.8%
[409.812s][info][gc,marking  ] GC(83) Mark: 2 stripe(s), 2 proactive flush(es), 1 terminate flush(es), 0 completion(s), 0 continuation(s) 
[409.812s][info][gc,marking  ] GC(83) Mark Stack Usage: 32M
[409.812s][info][gc,nmethod  ] GC(83) NMethods: 9178 registered, 1506 unregistered
[409.812s][info][gc,metaspace] GC(83) Metaspace: 130M used, 132M committed, 1152M reserved
[409.812s][info][gc,ref      ] GC(83) Soft: 6082 encountered, 0 discovered, 0 enqueued
[409.812s][info][gc,ref      ] GC(83) Weak: 23188 encountered, 6651 discovered, 0 enqueued
[409.812s][info][gc,ref      ] GC(83) Final: 34 encountered, 0 discovered, 0 enqueued
[409.812s][info][gc,ref      ] GC(83) Phantom: 693 encountered, 481 discovered, 0 enqueued
[409.812s][info][gc,reloc    ] GC(83) Small Pages: 471 / 942M, Empty: 24M, Relocated: 10M, In-Place: 0
[409.812s][info][gc,reloc    ] GC(83) Medium Pages: 2 / 64M, Empty: 0M, Relocated: 0M, In-Place: 0
[409.812s][info][gc,reloc    ] GC(83) Large Pages: 0 / 0M, Empty: 0M, Relocated: 0M, In-Place: 0
[409.812s][info][gc,reloc    ] GC(83) Forwarding Usage: 2M
[409.812s][info][gc,heap     ] GC(83) Min Capacity: 8192M(100%)
[409.812s][info][gc,heap     ] GC(83) Max Capacity: 8192M(100%)
[409.812s][info][gc,heap     ] GC(83) Soft Max Capacity: 8192M(100%)
[409.812s][info][gc,heap     ] GC(83)                Mark Start          Mark End        Relocate Start      Relocate End           High               Low         
[409.812s][info][gc,heap     ] GC(83)  Capacity:     8192M (100%)       8192M (100%)       8192M (100%)       8192M (100%)       8192M (100%)       8192M (100%)   
[409.812s][info][gc,heap     ] GC(83)      Free:     7186M (88%)        6848M (84%)        6868M (84%)        7148M (87%)        7186M (88%)        6844M (84%)    
[409.812s][info][gc,heap     ] GC(83)      Used:     1006M (12%)        1344M (16%)        1324M (16%)        1044M (13%)        1348M (16%)        1006M (12%)    
[409.812s][info][gc,heap     ] GC(83)      Live:         -               597M (7%)          597M (7%)          597M (7%)             -                  -          
[409.812s][info][gc,heap     ] GC(83) Allocated:         -               338M (4%)          342M (4%)          347M (4%)             -                  -          
[409.812s][info][gc,heap     ] GC(83)   Garbage:         -               408M (5%)          384M (5%)           99M (1%)             -                  -          
[409.812s][info][gc,heap     ] GC(83) Reclaimed:         -                  -                24M (0%)          309M (4%)             -                  -          
[409.812s][info][gc          ] GC(83) Garbage Collection (Allocation Rate) 1006M(12%)->1044M(13%)
[410.268s][info][gc,stats    ] === Garbage Collection Statistics =======================================================================================================================
[410.268s][info][gc,stats    ]                                                              Last 10s              Last 10m              Last 10h                Total
[410.268s][info][gc,stats    ]                                                              Avg / Max             Avg / Max             Avg / Max             Avg / Max
[410.268s][info][gc,stats    ]   Collector: Garbage Collection Cycle                   1518.625 / 4817.329   1392.935 / 7809.708   1392.935 / 7809.708   1392.935 / 7809.708    ms
[410.268s][info][gc,stats    ]  Contention: Mark Segment Reset Contention                     0 / 4                 0 / 4                 0 / 4                 0 / 4           ops/s
[410.268s][info][gc,stats    ]  Contention: Mark SeqNum Reset Contention                      0 / 0                 0 / 1                 0 / 1                 0 / 1           ops/s
[410.268s][info][gc,stats    ]    Critical: Allocation Stall                                  0 / 0                 0 / 0                 0 / 0                 0 / 0           ops/s
[410.268s][info][gc,stats    ]    Critical: Allocation Stall                              0.000 / 0.000         0.000 / 0.000         0.000 / 0.000         0.000 / 0.000       ms
[410.268s][info][gc,stats    ]    Critical: GC Locker Stall                                   0 / 0                 0 / 1                 0 / 1                 0 / 1           ops/s
[410.268s][info][gc,stats    ]    Critical: GC Locker Stall                               0.000 / 0.000         0.055 / 0.151         0.055 / 0.151         0.055 / 0.151       ms
[410.268s][info][gc,stats    ]    Critical: Relocation Stall                                  0 / 0                 0 / 0                 0 / 0                 0 / 0           ops/s
[410.268s][info][gc,stats    ]    Critical: Relocation Stall                              0.000 / 0.000         0.000 / 0.000         0.000 / 0.000         0.000 / 0.000       ms
[410.268s][info][gc,stats    ]      Memory: Allocation Rate                                 448 / 986             598 / 1246            598 / 1246            598 / 1246        MB/s
[410.268s][info][gc,stats    ]      Memory: Defragment                                        0 / 0                 0 / 0                 0 / 0                 0 / 0           ops/s
[410.268s][info][gc,stats    ]      Memory: Out Of Memory                                     0 / 0                 0 / 0                 0 / 0                 0 / 0           ops/s
[410.268s][info][gc,stats    ]      Memory: Page Cache Flush                                  0 / 0                 0 / 0                 0 / 0                 0 / 0           MB/s
[410.268s][info][gc,stats    ]      Memory: Page Cache Hit L1                               218 / 525             296 / 633             296 / 633             296 / 633         ops/s
[410.268s][info][gc,stats    ]      Memory: Page Cache Hit L2                                 0 / 0                 0 / 0                 0 / 0                 0 / 0           ops/s
[410.269s][info][gc,stats    ]      Memory: Page Cache Hit L3                                16 / 65                9 / 397               9 / 397               9 / 397         ops/s
[410.269s][info][gc,stats    ]      Memory: Page Cache Miss                                   0 / 0                 0 / 1                 0 / 1                 0 / 1           ops/s
[410.269s][info][gc,stats    ]      Memory: Uncommit                                          0 / 0                 0 / 0                 0 / 0                 0 / 0           MB/s
[410.269s][info][gc,stats    ]      Memory: Undo Object Allocation Failed                     0 / 0                 0 / 0                 0 / 0                 0 / 0           ops/s
[410.269s][info][gc,stats    ]      Memory: Undo Object Allocation Succeeded                  0 / 3                 3 / 400               3 / 400               3 / 400         ops/s
[410.269s][info][gc,stats    ]      Memory: Undo Page Allocation                              0 / 0                 0 / 1                 0 / 1                 0 / 1           ops/s
[410.269s][info][gc,stats    ]       Phase: Concurrent Mark                            1346.112 / 4219.436   1008.593 / 5264.294   1008.593 / 5264.294   1008.593 / 5264.294    ms
[410.269s][info][gc,stats    ]       Phase: Concurrent Mark Continue                      0.000 / 0.000         0.000 / 0.000         0.000 / 0.000         0.000 / 0.000       ms
[410.269s][info][gc,stats    ]       Phase: Concurrent Mark Free                          0.000 / 0.001         0.001 / 0.003         0.001 / 0.003         0.001 / 0.003       ms
[410.269s][info][gc,stats    ]       Phase: Concurrent Process Non-Strong References    131.467 / 500.082      43.823 / 1493.667     43.823 / 1493.667     43.823 / 1493.667    ms
[410.269s][info][gc,stats    ]       Phase: Concurrent Relocate                          29.909 / 70.288       44.746 / 150.389      44.746 / 150.389      44.746 / 150.389     ms
[410.269s][info][gc,stats    ]       Phase: Concurrent Reset Relocation Set               0.153 / 0.383         0.111 / 0.465         0.111 / 0.465         0.111 / 0.465       ms
[410.269s][info][gc,stats    ]       Phase: Concurrent Select Relocation Set              9.168 / 21.652      283.203 / 2796.200    283.203 / 2796.200    283.203 / 2796.200    ms
[410.269s][info][gc,stats    ]       Phase: Pause Mark End                                0.352 / 1.374         0.097 / 4.475         0.097 / 4.475         0.097 / 4.475       ms
[410.269s][info][gc,stats    ]       Phase: Pause Mark Start                              0.005 / 0.008         0.097 / 7.250         0.097 / 7.250         0.097 / 7.250       ms
[410.269s][info][gc,stats    ]       Phase: Pause Relocate Start                          0.147 / 0.571         0.035 / 1.046         0.035 / 1.046         0.035 / 1.046       ms
[410.269s][info][gc,stats    ]    Subphase: Concurrent Classes Purge                      0.656 / 2.603         0.686 / 5.775         0.686 / 5.775         0.686 / 5.775       ms
[410.269s][info][gc,stats    ]    Subphase: Concurrent Classes Unlink                    30.169 / 101.137      33.154 / 1489.339     33.154 / 1489.339     33.154 / 1489.339    ms
[410.269s][info][gc,stats    ]    Subphase: Concurrent Mark                            1343.280 / 4216.973    918.695 / 5176.991    918.695 / 5176.991    918.695 / 5176.991    ms
[410.269s][info][gc,stats    ]    Subphase: Concurrent Mark Try Flush                     7.525 / 88.337        2.441 / 88.337        2.441 / 88.337        2.441 / 88.337      ms
[410.269s][info][gc,stats    ]    Subphase: Concurrent Mark Try Terminate                 1.081 / 1.464         1.070 / 12.169        1.070 / 12.169        1.070 / 12.169      ms
[410.269s][info][gc,stats    ]    Subphase: Concurrent References Enqueue                 0.002 / 0.005         0.002 / 0.006         0.002 / 0.006         0.002 / 0.006       ms
[410.269s][info][gc,stats    ]    Subphase: Concurrent References Process                 0.366 / 0.543         0.560 / 1.750         0.560 / 1.750         0.560 / 1.750       ms
[410.269s][info][gc,stats    ]    Subphase: Concurrent Roots ClassLoaderDataGraph         0.250 / 0.539         0.774 / 40.174        0.774 / 40.174        0.774 / 40.174      ms
[410.269s][info][gc,stats    ]    Subphase: Concurrent Roots CodeCache                    0.000 / 0.000         0.000 / 0.000         0.000 / 0.000         0.000 / 0.000       ms
[410.269s][info][gc,stats    ]    Subphase: Concurrent Roots JavaThreads                  1.833 / 3.463         6.345 / 247.091       6.345 / 247.091       6.345 / 247.091     ms
[410.269s][info][gc,stats    ]    Subphase: Concurrent Roots OopStorageSet                0.244 / 0.632         0.850 / 32.486        0.850 / 32.486        0.850 / 32.486      ms
[410.269s][info][gc,stats    ]    Subphase: Concurrent Weak Roots OopStorageSet           1.654 / 2.753         1.710 / 11.047        1.710 / 11.047        1.710 / 11.047      ms
[410.269s][info][gc,stats    ]    Subphase: Pause Mark Try Complete                       0.000 / 0.000         0.001 / 0.003         0.001 / 0.003         0.001 / 0.003       ms
[410.269s][info][gc,stats    ]      System: Java Threads                                     77 / 77               74 / 83               74 / 83               74 / 83          threads
[410.269s][info][gc,stats    ] =========================================================================================================================================================
[413.568s][info][gc,start    ] GC(84) Garbage Collection (Allocation Rate)
[413.568s][info][gc,task     ] GC(84) Using 2 workers
[413.568s][info][gc,phases   ] GC(84) Pause Mark Start 0.008ms
[413.987s][info][gc,phases   ] GC(84) Concurrent Mark 419.024ms
[413.987s][info][gc,phases   ] GC(84) Pause Mark End 0.009ms
[413.987s][info][gc,phases   ] GC(84) Concurrent Mark Free 0.000ms
[413.996s][info][gc,phases   ] GC(84) Concurrent Process Non-Strong References 8.820ms
[413.996s][info][gc,phases   ] GC(84) Concurrent Reset Relocation Set 0.015ms
[414.008s][info][gc,phases   ] GC(84) Concurrent Select Relocation Set 11.873ms
[414.008s][info][gc,phases   ] GC(84) Pause Relocate Start 0.006ms
[414.064s][info][gc,phases   ] GC(84) Concurrent Relocate 55.931ms
[414.064s][info][gc,load     ] GC(84) Load: 0.00/0.00/0.00
[414.064s][info][gc,mmu      ] GC(84) MMU: 2ms/0.0%, 5ms/0.0%, 10ms/27.5%, 20ms/63.8%, 50ms/85.5%, 100ms/92.8%
[414.064s][info][gc,marking  ] GC(84) Mark: 2 stripe(s), 2 proactive flush(es), 1 terminate flush(es), 0 completion(s), 0 continuation(s) 
[414.064s][info][gc,marking  ] GC(84) Mark Stack Usage: 32M
[414.064s][info][gc,nmethod  ] GC(84) NMethods: 9180 registered, 1511 unregistered
[414.064s][info][gc,metaspace] GC(84) Metaspace: 130M used, 132M committed, 1152M reserved
[414.064s][info][gc,ref      ] GC(84) Soft: 6082 encountered, 0 discovered, 0 enqueued
[414.064s][info][gc,ref      ] GC(84) Weak: 23189 encountered, 5216 discovered, 0 enqueued
[414.064s][info][gc,ref      ] GC(84) Final: 34 encountered, 0 discovered, 0 enqueued
[414.064s][info][gc,ref      ] GC(84) Phantom: 693 encountered, 543 discovered, 0 enqueued
[414.064s][info][gc,reloc    ] GC(84) Small Pages: 2222 / 4444M, Empty: 1120M, Relocated: 123M, In-Place: 0
[414.064s][info][gc,reloc    ] GC(84) Medium Pages: 2 / 64M, Empty: 0M, Relocated: 0M, In-Place: 0
[414.064s][info][gc,reloc    ] GC(84) Large Pages: 0 / 0M, Empty: 0M, Relocated: 0M, In-Place: 0
[414.064s][info][gc,reloc    ] GC(84) Forwarding Usage: 37M
[414.064s][info][gc,heap     ] GC(84) Min Capacity: 8192M(100%)
[414.064s][info][gc,heap     ] GC(84) Max Capacity: 8192M(100%)
[414.064s][info][gc,heap     ] GC(84) Soft Max Capacity: 8192M(100%)
[414.064s][info][gc,heap     ] GC(84)                Mark Start          Mark End        Relocate Start      Relocate End           High               Low         
[414.064s][info][gc,heap     ] GC(84)  Capacity:     8192M (100%)       8192M (100%)       8192M (100%)       8192M (100%)       8192M (100%)       8192M (100%)   
[414.064s][info][gc,heap     ] GC(84)      Free:     3684M (45%)        3352M (41%)        4454M (54%)        7108M (87%)        7108M (87%)        3346M (41%)    
[414.064s][info][gc,heap     ] GC(84)      Used:     4508M (55%)        4840M (59%)        3738M (46%)        1084M (13%)        4846M (59%)        1084M (13%)    
[414.064s][info][gc,heap     ] GC(84)      Live:         -               609M (7%)          609M (7%)          609M (7%)             -                  -          
[414.064s][info][gc,heap     ] GC(84) Allocated:         -               332M (4%)          350M (4%)          390M (5%)             -                  -          
[414.064s][info][gc,heap     ] GC(84)   Garbage:         -              3898M (48%)        2778M (34%)          84M (1%)             -                  -          
[414.064s][info][gc,heap     ] GC(84) Reclaimed:         -                  -              1120M (14%)        3814M (47%)            -                  -          
[414.064s][info][gc          ] GC(84) Garbage Collection (Allocation Rate) 4508M(55%)->1084M(13%)
[419.068s][info][gc,start    ] GC(85) Garbage Collection (Allocation Rate)
[419.068s][info][gc,task     ] GC(85) Using 2 workers
[419.068s][info][gc,phases   ] GC(85) Pause Mark Start 0.004ms
[419.566s][info][gc,phases   ] GC(85) Concurrent Mark 497.649ms
[419.566s][info][gc,phases   ] GC(85) Pause Mark End 0.016ms
[419.566s][info][gc,phases   ] GC(85) Concurrent Mark Free 0.000ms
[419.576s][info][gc,phases   ] GC(85) Concurrent Process Non-Strong References 9.972ms
[419.576s][info][gc,phases   ] GC(85) Concurrent Reset Relocation Set 0.192ms
[419.602s][info][gc,phases   ] GC(85) Concurrent Select Relocation Set 26.056ms
[419.602s][info][gc,phases   ] GC(85) Pause Relocate Start 0.006ms
[419.666s][info][gc,phases   ] GC(85) Concurrent Relocate 63.200ms
[419.666s][info][gc,load     ] GC(85) Load: 0.00/0.00/0.00
[419.666s][info][gc,mmu      ] GC(85) MMU: 2ms/0.0%, 5ms/0.0%, 10ms/27.5%, 20ms/63.8%, 50ms/85.5%, 100ms/92.8%
[419.666s][info][gc,marking  ] GC(85) Mark: 2 stripe(s), 2 proactive flush(es), 1 terminate flush(es), 0 completion(s), 0 continuation(s) 
[419.666s][info][gc,marking  ] GC(85) Mark Stack Usage: 32M
[419.666s][info][gc,nmethod  ] GC(85) NMethods: 9193 registered, 1518 unregistered
[419.666s][info][gc,metaspace] GC(85) Metaspace: 130M used, 132M committed, 1152M reserved
[419.666s][info][gc,ref      ] GC(85) Soft: 6082 encountered, 0 discovered, 0 enqueued
[419.666s][info][gc,ref      ] GC(85) Weak: 23191 encountered, 917 discovered, 2 enqueued
[419.666s][info][gc,ref      ] GC(85) Final: 34 encountered, 0 discovered, 0 enqueued
[419.666s][info][gc,ref      ] GC(85) Phantom: 696 encountered, 587 discovered, 0 enqueued
[419.666s][info][gc,reloc    ] GC(85) Small Pages: 2685 / 5370M, Empty: 1444M, Relocated: 129M, In-Place: 0
[419.666s][info][gc,reloc    ] GC(85) Medium Pages: 2 / 64M, Empty: 0M, Relocated: 0M, In-Place: 0
[419.666s][info][gc,reloc    ] GC(85) Large Pages: 0 / 0M, Empty: 0M, Relocated: 0M, In-Place: 0
[419.666s][info][gc,reloc    ] GC(85) Forwarding Usage: 41M
[419.666s][info][gc,heap     ] GC(85) Min Capacity: 8192M(100%)
[419.666s][info][gc,heap     ] GC(85) Max Capacity: 8192M(100%)
[419.666s][info][gc,heap     ] GC(85) Soft Max Capacity: 8192M(100%)
[419.666s][info][gc,heap     ] GC(85)                Mark Start          Mark End        Relocate Start      Relocate End           High               Low         
[419.666s][info][gc,heap     ] GC(85)  Capacity:     8192M (100%)       8192M (100%)       8192M (100%)       8192M (100%)       8192M (100%)       8192M (100%)   
[419.666s][info][gc,heap     ] GC(85)      Free:     2758M (34%)        2256M (28%)        3658M (45%)        6912M (84%)        6914M (84%)        2238M (27%)    
[419.666s][info][gc,heap     ] GC(85)      Used:     5434M (66%)        5936M (72%)        4534M (55%)        1280M (16%)        5954M (73%)        1278M (16%)    
[419.666s][info][gc,heap     ] GC(85)      Live:         -               602M (7%)          602M (7%)          602M (7%)             -                  -          
[419.666s][info][gc,heap     ] GC(85) Allocated:         -               502M (6%)          544M (7%)          594M (7%)             -                  -          
[419.666s][info][gc,heap     ] GC(85)   Garbage:         -              4831M (59%)        3387M (41%)          82M (1%)             -                  -          
[419.666s][info][gc,heap     ] GC(85) Reclaimed:         -                  -              1444M (18%)        4748M (58%)            -                  -          
[419.666s][info][gc          ] GC(85) Garbage Collection (Allocation Rate) 5434M(66%)->1280M(16%)
[420.268s][info][gc,stats    ] === Garbage Collection Statistics =======================================================================================================================
[420.268s][info][gc,stats    ]                                                              Last 10s              Last 10m              Last 10h                Total
[420.268s][info][gc,stats    ]                                                              Avg / Max             Avg / Max             Avg / Max             Avg / Max
[420.268s][info][gc,stats    ]   Collector: Garbage Collection Cycle                    546.965 / 597.761    1373.262 / 7809.708   1373.262 / 7809.708   1373.262 / 7809.708    ms
[420.268s][info][gc,stats    ]  Contention: Mark Segment Reset Contention                     1 / 9                 0 / 9                 0 / 9                 0 / 9           ops/s
[420.268s][info][gc,stats    ]  Contention: Mark SeqNum Reset Contention                      0 / 0                 0 / 1                 0 / 1                 0 / 1           ops/s
[420.268s][info][gc,stats    ]    Critical: Allocation Stall                                  0 / 0                 0 / 0                 0 / 0                 0 / 0           ops/s
[420.268s][info][gc,stats    ]    Critical: Allocation Stall                              0.000 / 0.000         0.000 / 0.000         0.000 / 0.000         0.000 / 0.000       ms
[420.268s][info][gc,stats    ]    Critical: GC Locker Stall                                   0 / 1                 0 / 1                 0 / 1                 0 / 1           ops/s
[420.268s][info][gc,stats    ]    Critical: GC Locker Stall                               0.022 / 0.022         0.052 / 0.151         0.052 / 0.151         0.052 / 0.151       ms
[420.268s][info][gc,stats    ]    Critical: Relocation Stall                                  0 / 0                 0 / 0                 0 / 0                 0 / 0           ops/s
[420.268s][info][gc,stats    ]    Critical: Relocation Stall                              0.000 / 0.000         0.000 / 0.000         0.000 / 0.000         0.000 / 0.000       ms
[420.268s][info][gc,stats    ]      Memory: Allocation Rate                                 879 / 1108            604 / 1246            604 / 1246            604 / 1246        MB/s
[420.268s][info][gc,stats    ]      Memory: Defragment                                        0 / 0                 0 / 0                 0 / 0                 0 / 0           ops/s
[420.268s][info][gc,stats    ]      Memory: Out Of Memory                                     0 / 0                 0 / 0                 0 / 0                 0 / 0           ops/s
[420.268s][info][gc,stats    ]      Memory: Page Cache Flush                                  0 / 0                 0 / 0                 0 / 0                 0 / 0           MB/s
[420.268s][info][gc,stats    ]      Memory: Page Cache Hit L1                               452 / 554             300 / 633             300 / 633             300 / 633         ops/s
[420.268s][info][gc,stats    ]      Memory: Page Cache Hit L2                                 0 / 0                 0 / 0                 0 / 0                 0 / 0           ops/s
[420.268s][info][gc,stats    ]      Memory: Page Cache Hit L3                                 0 / 0                 9 / 397               9 / 397               9 / 397         ops/s
[420.268s][info][gc,stats    ]      Memory: Page Cache Miss                                   0 / 0                 0 / 1                 0 / 1                 0 / 1           ops/s
[420.268s][info][gc,stats    ]      Memory: Uncommit                                          0 / 0                 0 / 0                 0 / 0                 0 / 0           MB/s
[420.268s][info][gc,stats    ]      Memory: Undo Object Allocation Failed                     0 / 0                 0 / 0                 0 / 0                 0 / 0           ops/s
[420.268s][info][gc,stats    ]      Memory: Undo Object Allocation Succeeded                  0 / 0                 3 / 400               3 / 400               3 / 400         ops/s
[420.268s][info][gc,stats    ]      Memory: Undo Page Allocation                              0 / 0                 0 / 1                 0 / 1                 0 / 1           ops/s
[420.268s][info][gc,stats    ]       Phase: Concurrent Mark                             458.336 / 497.649     995.796 / 5264.294    995.796 / 5264.294    995.796 / 5264.294    ms
[420.269s][info][gc,stats    ]       Phase: Concurrent Mark Continue                      0.000 / 0.000         0.000 / 0.000         0.000 / 0.000         0.000 / 0.000       ms
[420.269s][info][gc,stats    ]       Phase: Concurrent Mark Free                          0.000 / 0.000         0.001 / 0.003         0.001 / 0.003         0.001 / 0.003       ms
[420.269s][info][gc,stats    ]       Phase: Concurrent Process Non-Strong References      9.396 / 9.972        43.023 / 1493.667     43.023 / 1493.667     43.023 / 1493.667    ms
[420.269s][info][gc,stats    ]       Phase: Concurrent Relocate                          59.566 / 63.200       45.091 / 150.389      45.091 / 150.389      45.091 / 150.389     ms
[420.269s][info][gc,stats    ]       Phase: Concurrent Reset Relocation Set               0.104 / 0.192         0.110 / 0.465         0.110 / 0.465         0.110 / 0.465       ms
[420.269s][info][gc,stats    ]       Phase: Concurrent Select Relocation Set             18.965 / 26.056      277.058 / 2796.200    277.058 / 2796.200    277.058 / 2796.200    ms
[420.269s][info][gc,stats    ]       Phase: Pause Mark End                                0.013 / 0.016         0.095 / 4.475         0.095 / 4.475         0.095 / 4.475       ms
[420.269s][info][gc,stats    ]       Phase: Pause Mark Start                              0.006 / 0.008         0.095 / 7.250         0.095 / 7.250         0.095 / 7.250       ms
[420.269s][info][gc,stats    ]       Phase: Pause Relocate Start                          0.006 / 0.006         0.034 / 1.046         0.034 / 1.046         0.034 / 1.046       ms
[420.269s][info][gc,stats    ]    Subphase: Concurrent Classes Purge                      0.807 / 1.028         0.689 / 5.775         0.689 / 5.775         0.689 / 5.775       ms
[420.269s][info][gc,stats    ]    Subphase: Concurrent Classes Unlink                     6.755 / 7.653        32.540 / 1489.339     32.540 / 1489.339     32.540 / 1489.339    ms
[420.269s][info][gc,stats    ]    Subphase: Concurrent Mark                             455.804 / 495.480     907.195 / 5176.991    907.195 / 5176.991    907.195 / 5176.991    ms
[420.269s][info][gc,stats    ]    Subphase: Concurrent Mark Try Flush                     0.077 / 0.323         2.388 / 88.337        2.388 / 88.337        2.388 / 88.337      ms
[420.269s][info][gc,stats    ]    Subphase: Concurrent Mark Try Terminate                 0.441 / 1.373         1.068 / 12.169        1.068 / 12.169        1.068 / 12.169      ms
[420.269s][info][gc,stats    ]    Subphase: Concurrent References Enqueue                 0.001 / 0.002         0.002 / 0.006         0.002 / 0.006         0.002 / 0.006       ms
[420.269s][info][gc,stats    ]    Subphase: Concurrent References Process                 0.262 / 0.416         0.553 / 1.750         0.553 / 1.750         0.553 / 1.750       ms
[420.269s][info][gc,stats    ]    Subphase: Concurrent Roots ClassLoaderDataGraph         0.275 / 0.440         0.761 / 40.174        0.761 / 40.174        0.761 / 40.174      ms
[420.269s][info][gc,stats    ]    Subphase: Concurrent Roots CodeCache                    0.000 / 0.000         0.000 / 0.000         0.000 / 0.000         0.000 / 0.000       ms
[420.269s][info][gc,stats    ]    Subphase: Concurrent Roots JavaThreads                  1.547 / 1.911         6.226 / 247.091       6.226 / 247.091       6.226 / 247.091     ms
[420.269s][info][gc,stats    ]    Subphase: Concurrent Roots OopStorageSet                0.064 / 0.087         0.830 / 32.486        0.830 / 32.486        0.830 / 32.486      ms
[420.269s][info][gc,stats    ]    Subphase: Concurrent Weak Roots OopStorageSet           1.253 / 1.327         1.699 / 11.047        1.699 / 11.047        1.699 / 11.047      ms
[420.269s][info][gc,stats    ]    Subphase: Pause Mark Try Complete                       0.000 / 0.000         0.001 / 0.003         0.001 / 0.003         0.001 / 0.003       ms
[420.269s][info][gc,stats    ]      System: Java Threads                                     77 / 77               74 / 83               74 / 83               74 / 83          threads
[420.269s][info][gc,stats    ] =========================================================================================================================================================
[423.068s][info][gc,start    ] GC(86) Garbage Collection (Allocation Rate)
[423.068s][info][gc,task     ] GC(86) Using 1 workers
[423.068s][info][gc,phases   ] GC(86) Pause Mark Start 0.004ms
[423.804s][info][gc,phases   ] GC(86) Concurrent Mark 735.959ms
[423.804s][info][gc,phases   ] GC(86) Pause Mark End 0.012ms
[423.804s][info][gc,phases   ] GC(86) Concurrent Mark Free 0.001ms
[423.821s][info][gc,phases   ] GC(86) Concurrent Process Non-Strong References 16.968ms
[423.821s][info][gc,phases   ] GC(86) Concurrent Reset Relocation Set 0.148ms
[423.827s][info][gc,phases   ] GC(86) Concurrent Select Relocation Set 5.372ms
[423.827s][info][gc,phases   ] GC(86) Pause Relocate Start 0.007ms
[423.902s][info][gc,phases   ] GC(86) Concurrent Relocate 75.190ms
[423.902s][info][gc,load     ] GC(86) Load: 0.00/0.00/0.00
[423.902s][info][gc,mmu      ] GC(86) MMU: 2ms/0.0%, 5ms/0.0%, 10ms/27.5%, 20ms/63.8%, 50ms/85.5%, 100ms/92.8%
[423.902s][info][gc,marking  ] GC(86) Mark: 1 stripe(s), 2 proactive flush(es), 1 terminate flush(es), 0 completion(s), 0 continuation(s) 
[423.902s][info][gc,marking  ] GC(86) Mark Stack Usage: 32M
[423.902s][info][gc,nmethod  ] GC(86) NMethods: 9205 registered, 1534 unregistered
[423.902s][info][gc,metaspace] GC(86) Metaspace: 130M used, 132M committed, 1152M reserved
[423.902s][info][gc,ref      ] GC(86) Soft: 6082 encountered, 0 discovered, 0 enqueued
[423.902s][info][gc,ref      ] GC(86) Weak: 23194 encountered, 932 discovered, 4 enqueued
[423.902s][info][gc,ref      ] GC(86) Final: 34 encountered, 0 discovered, 0 enqueued
[423.902s][info][gc,ref      ] GC(86) Phantom: 699 encountered, 547 discovered, 0 enqueued
[423.902s][info][gc,reloc    ] GC(86) Small Pages: 2180 / 4360M, Empty: 1416M, Relocated: 118M, In-Place: 0
[423.902s][info][gc,reloc    ] GC(86) Medium Pages: 2 / 64M, Empty: 0M, Relocated: 0M, In-Place: 0
[423.902s][info][gc,reloc    ] GC(86) Large Pages: 0 / 0M, Empty: 0M, Relocated: 0M, In-Place: 0
[423.902s][info][gc,reloc    ] GC(86) Forwarding Usage: 39M
[423.902s][info][gc,heap     ] GC(86) Min Capacity: 8192M(100%)
[423.902s][info][gc,heap     ] GC(86) Max Capacity: 8192M(100%)
[423.902s][info][gc,heap     ] GC(86) Soft Max Capacity: 8192M(100%)
[423.902s][info][gc,heap     ] GC(86)                Mark Start          Mark End        Relocate Start      Relocate End           High               Low         
[423.902s][info][gc,heap     ] GC(86)  Capacity:     8192M (100%)       8192M (100%)       8192M (100%)       8192M (100%)       8192M (100%)       8192M (100%)   
[423.902s][info][gc,heap     ] GC(86)      Free:     3768M (46%)        3234M (39%)        4640M (57%)        6932M (85%)        6934M (85%)        3228M (39%)    
[423.902s][info][gc,heap     ] GC(86)      Used:     4424M (54%)        4958M (61%)        3552M (43%)        1260M (15%)        4964M (61%)        1258M (15%)    
[423.902s][info][gc,heap     ] GC(86)      Live:         -               604M (7%)          604M (7%)          604M (7%)             -                  -          
[423.902s][info][gc,heap     ] GC(86) Allocated:         -               534M (7%)          544M (7%)          569M (7%)             -                  -          
[423.902s][info][gc,heap     ] GC(86)   Garbage:         -              3819M (47%)        2403M (29%)          86M (1%)             -                  -          
[423.902s][info][gc,heap     ] GC(86) Reclaimed:         -                  -              1416M (17%)        3733M (46%)            -                  -          
[423.902s][info][gc          ] GC(86) Garbage Collection (Allocation Rate) 4424M(54%)->1260M(15%)
[430.267s][info][gc,stats    ] === Garbage Collection Statistics =======================================================================================================================
[430.267s][info][gc,stats    ]                                                              Last 10s              Last 10m              Last 10h                Total
[430.267s][info][gc,stats    ]                                                              Avg / Max             Avg / Max             Avg / Max             Avg / Max
[430.267s][info][gc,stats    ]   Collector: Garbage Collection Cycle                    834.468 / 834.468    1367.069 / 7809.708   1367.069 / 7809.708   1367.069 / 7809.708    ms
[430.267s][info][gc,stats    ]  Contention: Mark Segment Reset Contention                     0 / 0                 0 / 9                 0 / 9                 0 / 9           ops/s
[430.268s][info][gc,stats    ]  Contention: Mark SeqNum Reset Contention                      0 / 0                 0 / 1                 0 / 1                 0 / 1           ops/s
[430.268s][info][gc,stats    ]    Critical: Allocation Stall                                  0 / 0                 0 / 0                 0 / 0                 0 / 0           ops/s
[430.268s][info][gc,stats    ]    Critical: Allocation Stall                              0.000 / 0.000         0.000 / 0.000         0.000 / 0.000         0.000 / 0.000       ms
[430.268s][info][gc,stats    ]    Critical: GC Locker Stall                                   0 / 0                 0 / 1                 0 / 1                 0 / 1           ops/s
[430.268s][info][gc,stats    ]    Critical: GC Locker Stall                               0.000 / 0.000         0.052 / 0.151         0.052 / 0.151         0.052 / 0.151       ms
[430.268s][info][gc,stats    ]    Critical: Relocation Stall                                  0 / 0                 0 / 0                 0 / 0                 0 / 0           ops/s
[430.268s][info][gc,stats    ]    Critical: Relocation Stall                              0.000 / 0.000         0.000 / 0.000         0.000 / 0.000         0.000 / 0.000       ms
[430.268s][info][gc,stats    ]      Memory: Allocation Rate                                 783 / 1210            608 / 1246            608 / 1246            608 / 1246        MB/s
[430.268s][info][gc,stats    ]      Memory: Defragment                                        0 / 0                 0 / 0                 0 / 0                 0 / 0           ops/s
[430.268s][info][gc,stats    ]      Memory: Out Of Memory                                     0 / 0                 0 / 0                 0 / 0                 0 / 0           ops/s
[430.268s][info][gc,stats    ]      Memory: Page Cache Flush                                  0 / 0                 0 / 0                 0 / 0                 0 / 0           MB/s
[430.268s][info][gc,stats    ]      Memory: Page Cache Hit L1                               397 / 605             302 / 633             302 / 633             302 / 633         ops/s
[430.268s][info][gc,stats    ]      Memory: Page Cache Hit L2                                 0 / 0                 0 / 0                 0 / 0                 0 / 0           ops/s
[430.268s][info][gc,stats    ]      Memory: Page Cache Hit L3                                 0 / 0                 9 / 397               9 / 397               9 / 397         ops/s
[430.268s][info][gc,stats    ]      Memory: Page Cache Miss                                   0 / 0                 0 / 1                 0 / 1                 0 / 1           ops/s
[430.268s][info][gc,stats    ]      Memory: Uncommit                                          0 / 0                 0 / 0                 0 / 0                 0 / 0           MB/s
[430.268s][info][gc,stats    ]      Memory: Undo Object Allocation Failed                     0 / 0                 0 / 0                 0 / 0                 0 / 0           ops/s
[430.268s][info][gc,stats    ]      Memory: Undo Object Allocation Succeeded                  0 / 1                 3 / 400               3 / 400               3 / 400         ops/s
[430.268s][info][gc,stats    ]      Memory: Undo Page Allocation                              0 / 0                 0 / 1                 0 / 1                 0 / 1           ops/s
[430.268s][info][gc,stats    ]       Phase: Concurrent Mark                             735.959 / 735.959     992.810 / 5264.294    992.810 / 5264.294    992.810 / 5264.294    ms
[430.268s][info][gc,stats    ]       Phase: Concurrent Mark Continue                      0.000 / 0.000         0.000 / 0.000         0.000 / 0.000         0.000 / 0.000       ms
[430.268s][info][gc,stats    ]       Phase: Concurrent Mark Free                          0.001 / 0.001         0.001 / 0.003         0.001 / 0.003         0.001 / 0.003       ms
[430.268s][info][gc,stats    ]       Phase: Concurrent Process Non-Strong References     16.968 / 16.968       42.723 / 1493.667     42.723 / 1493.667     42.723 / 1493.667    ms
[430.268s][info][gc,stats    ]       Phase: Concurrent Relocate                          75.190 / 75.190       45.437 / 150.389      45.437 / 150.389      45.437 / 150.389     ms
[430.268s][info][gc,stats    ]       Phase: Concurrent Reset Relocation Set               0.148 / 0.148         0.111 / 0.465         0.111 / 0.465         0.111 / 0.465       ms
[430.268s][info][gc,stats    ]       Phase: Concurrent Select Relocation Set              5.372 / 5.372       273.935 / 2796.200    273.935 / 2796.200    273.935 / 2796.200    ms
[430.268s][info][gc,stats    ]       Phase: Pause Mark End                                0.012 / 0.012         0.094 / 4.475         0.094 / 4.475         0.094 / 4.475       ms
[430.268s][info][gc,stats    ]       Phase: Pause Mark Start                              0.004 / 0.004         0.094 / 7.250         0.094 / 7.250         0.094 / 7.250       ms
[430.268s][info][gc,stats    ]       Phase: Pause Relocate Start                          0.007 / 0.007         0.034 / 1.046         0.034 / 1.046         0.034 / 1.046       ms
[430.268s][info][gc,stats    ]    Subphase: Concurrent Classes Purge                      1.791 / 1.791         0.702 / 5.775         0.702 / 5.775         0.702 / 5.775       ms
[430.268s][info][gc,stats    ]    Subphase: Concurrent Classes Unlink                    12.004 / 12.004       32.304 / 1489.339     32.304 / 1489.339     32.304 / 1489.339    ms
[430.268s][info][gc,stats    ]    Subphase: Concurrent Mark                             733.898 / 733.898     906.125 / 5176.991    906.125 / 5176.991    906.125 / 5176.991    ms
[430.268s][info][gc,stats    ]    Subphase: Concurrent Mark Try Flush                     0.057 / 0.064         2.362 / 88.337        2.362 / 88.337        2.362 / 88.337      ms
[430.268s][info][gc,stats    ]    Subphase: Concurrent Mark Try Terminate                 0.026 / 0.052         1.067 / 12.169        1.067 / 12.169        1.067 / 12.169      ms
[430.268s][info][gc,stats    ]    Subphase: Concurrent References Enqueue                 0.002 / 0.002         0.002 / 0.006         0.002 / 0.006         0.002 / 0.006       ms
[430.268s][info][gc,stats    ]    Subphase: Concurrent References Process                 0.183 / 0.183         0.549 / 1.750         0.549 / 1.750         0.549 / 1.750       ms
[430.268s][info][gc,stats    ]    Subphase: Concurrent Roots ClassLoaderDataGraph         0.293 / 0.293         0.758 / 40.174        0.758 / 40.174        0.758 / 40.174      ms
[430.268s][info][gc,stats    ]    Subphase: Concurrent Roots CodeCache                    0.000 / 0.000         0.000 / 0.000         0.000 / 0.000         0.000 / 0.000       ms
[430.268s][info][gc,stats    ]    Subphase: Concurrent Roots JavaThreads                  1.541 / 1.541         6.197 / 247.091       6.197 / 247.091       6.197 / 247.091     ms
[430.268s][info][gc,stats    ]    Subphase: Concurrent Roots OopStorageSet                0.070 / 0.070         0.826 / 32.486        0.826 / 32.486        0.826 / 32.486      ms
[430.268s][info][gc,stats    ]    Subphase: Concurrent Weak Roots OopStorageSet           2.388 / 2.388         1.703 / 11.047        1.703 / 11.047        1.703 / 11.047      ms
[430.268s][info][gc,stats    ]    Subphase: Pause Mark Try Complete                       0.000 / 0.000         0.001 / 0.003         0.001 / 0.003         0.001 / 0.003       ms
[430.268s][info][gc,stats    ]      System: Java Threads                                     77 / 77               74 / 83               74 / 83               74 / 83          threads
[430.268s][info][gc,stats    ] =========================================================================================================================================================
[432.268s][info][gc,start    ] GC(87) Garbage Collection (Allocation Rate)
[432.268s][info][gc,task     ] GC(87) Using 1 workers
[432.268s][info][gc,phases   ] GC(87) Pause Mark Start 0.007ms
[433.196s][info][gc,phases   ] GC(87) Concurrent Mark 928.744ms
[433.197s][info][gc,phases   ] GC(87) Pause Mark End 0.014ms
[433.197s][info][gc,phases   ] GC(87) Concurrent Mark Free 0.000ms
[433.214s][info][gc,phases   ] GC(87) Concurrent Process Non-Strong References 17.164ms
[433.214s][info][gc,phases   ] GC(87) Concurrent Reset Relocation Set 0.106ms
[433.220s][info][gc,phases   ] GC(87) Concurrent Select Relocation Set 6.559ms
[433.221s][info][gc,phases   ] GC(87) Pause Relocate Start 0.007ms
[433.300s][info][gc,phases   ] GC(87) Concurrent Relocate 78.944ms
[433.300s][info][gc,load     ] GC(87) Load: 0.00/0.00/0.00
[433.300s][info][gc,mmu      ] GC(87) MMU: 2ms/0.0%, 5ms/0.0%, 10ms/27.5%, 20ms/63.8%, 50ms/85.5%, 100ms/92.8%
[433.300s][info][gc,marking  ] GC(87) Mark: 1 stripe(s), 2 proactive flush(es), 1 terminate flush(es), 0 completion(s), 0 continuation(s) 
[433.300s][info][gc,marking  ] GC(87) Mark Stack Usage: 32M
[433.300s][info][gc,nmethod  ] GC(87) NMethods: 9226 registered, 1541 unregistered
[433.300s][info][gc,metaspace] GC(87) Metaspace: 130M used, 132M committed, 1152M reserved
[433.300s][info][gc,ref      ] GC(87) Soft: 6082 encountered, 0 discovered, 0 enqueued
[433.300s][info][gc,ref      ] GC(87) Weak: 23193 encountered, 790 discovered, 1 enqueued
[433.300s][info][gc,ref      ] GC(87) Final: 34 encountered, 0 discovered, 0 enqueued
[433.300s][info][gc,ref      ] GC(87) Phantom: 702 encountered, 549 discovered, 0 enqueued
[433.300s][info][gc,reloc    ] GC(87) Small Pages: 3393 / 6786M, Empty: 1890M, Relocated: 97M, In-Place: 0
[433.300s][info][gc,reloc    ] GC(87) Medium Pages: 2 / 64M, Empty: 0M, Relocated: 0M, In-Place: 0
[433.300s][info][gc,reloc    ] GC(87) Large Pages: 0 / 0M, Empty: 0M, Relocated: 0M, In-Place: 0
[433.300s][info][gc,reloc    ] GC(87) Forwarding Usage: 32M
[433.300s][info][gc,heap     ] GC(87) Min Capacity: 8192M(100%)
[433.300s][info][gc,heap     ] GC(87) Max Capacity: 8192M(100%)
[433.300s][info][gc,heap     ] GC(87) Soft Max Capacity: 8192M(100%)
[433.300s][info][gc,heap     ] GC(87)                Mark Start          Mark End        Relocate Start      Relocate End           High               Low         
[433.300s][info][gc,heap     ] GC(87)  Capacity:     8192M (100%)       8192M (100%)       8192M (100%)       8192M (100%)       8192M (100%)       8192M (100%)   
[433.300s][info][gc,heap     ] GC(87)      Free:     1342M (16%)         610M (7%)         2490M (30%)        6708M (82%)        6712M (82%)         602M (7%)     
[433.300s][info][gc,heap     ] GC(87)      Used:     6850M (84%)        7582M (93%)        5702M (70%)        1484M (18%)        7590M (93%)        1480M (18%)    
[433.300s][info][gc,heap     ] GC(87)      Live:         -               570M (7%)          570M (7%)          570M (7%)             -                  -          
[433.300s][info][gc,heap     ] GC(87) Allocated:         -               732M (9%)          742M (9%)          830M (10%)            -                  -          
[433.300s][info][gc,heap     ] GC(87)   Garbage:         -              6279M (77%)        4389M (54%)          82M (1%)             -                  -          
[433.300s][info][gc,heap     ] GC(87) Reclaimed:         -                  -              1890M (23%)        6196M (76%)            -                  -          
[433.300s][info][gc          ] GC(87) Garbage Collection (Allocation Rate) 6850M(84%)->1484M(18%)
[438.067s][info][gc,start    ] GC(88) Garbage Collection (Allocation Rate)
[438.067s][info][gc,task     ] GC(88) Using 1 workers
[438.068s][info][gc,phases   ] GC(88) Pause Mark Start 0.005ms
[438.809s][info][gc,phases   ] GC(88) Concurrent Mark 741.032ms
[438.809s][info][gc,phases   ] GC(88) Pause Mark End 0.008ms
[438.809s][info][gc,phases   ] GC(88) Concurrent Mark Free 0.000ms
[438.825s][info][gc,phases   ] GC(88) Concurrent Process Non-Strong References 16.427ms
[438.825s][info][gc,phases   ] GC(88) Concurrent Reset Relocation Set 0.165ms
[438.842s][info][gc,phases   ] GC(88) Concurrent Select Relocation Set 16.991ms
[438.843s][info][gc,phases   ] GC(88) Pause Relocate Start 0.005ms
[438.935s][info][gc,phases   ] GC(88) Concurrent Relocate 92.612ms
[438.935s][info][gc,load     ] GC(88) Load: 0.00/0.00/0.00
[438.935s][info][gc,mmu      ] GC(88) MMU: 2ms/0.0%, 5ms/0.0%, 10ms/27.5%, 20ms/63.8%, 50ms/85.5%, 100ms/92.8%
[438.935s][info][gc,marking  ] GC(88) Mark: 1 stripe(s), 2 proactive flush(es), 1 terminate flush(es), 0 completion(s), 0 continuation(s) 
[438.935s][info][gc,marking  ] GC(88) Mark Stack Usage: 32M
[438.935s][info][gc,nmethod  ] GC(88) NMethods: 9227 registered, 1544 unregistered
[438.935s][info][gc,metaspace] GC(88) Metaspace: 130M used, 132M committed, 1152M reserved
[438.935s][info][gc,ref      ] GC(88) Soft: 6082 encountered, 0 discovered, 0 enqueued
[438.935s][info][gc,ref      ] GC(88) Weak: 23196 encountered, 931 discovered, 3 enqueued
[438.935s][info][gc,ref      ] GC(88) Final: 34 encountered, 0 discovered, 0 enqueued
[438.935s][info][gc,ref      ] GC(88) Phantom: 708 encountered, 560 discovered, 0 enqueued
[438.935s][info][gc,reloc    ] GC(88) Small Pages: 3138 / 6276M, Empty: 1724M, Relocated: 137M, In-Place: 0
[438.935s][info][gc,reloc    ] GC(88) Medium Pages: 2 / 64M, Empty: 0M, Relocated: 0M, In-Place: 0
[438.935s][info][gc,reloc    ] GC(88) Large Pages: 0 / 0M, Empty: 0M, Relocated: 0M, In-Place: 0
[438.935s][info][gc,reloc    ] GC(88) Forwarding Usage: 40M
[438.935s][info][gc,heap     ] GC(88) Min Capacity: 8192M(100%)
[438.935s][info][gc,heap     ] GC(88) Max Capacity: 8192M(100%)
[438.935s][info][gc,heap     ] GC(88) Soft Max Capacity: 8192M(100%)
[438.935s][info][gc,heap     ] GC(88)                Mark Start          Mark End        Relocate Start      Relocate End           High               Low         
[438.935s][info][gc,heap     ] GC(88)  Capacity:     8192M (100%)       8192M (100%)       8192M (100%)       8192M (100%)       8192M (100%)       8192M (100%)   
[438.935s][info][gc,heap     ] GC(88)      Free:     1852M (23%)        1252M (15%)        2954M (36%)        6778M (83%)        6788M (83%)        1240M (15%)    
[438.935s][info][gc,heap     ] GC(88)      Used:     6340M (77%)        6940M (85%)        5238M (64%)        1414M (17%)        6952M (85%)        1404M (17%)    
[438.935s][info][gc,heap     ] GC(88)      Live:         -               614M (8%)          614M (8%)          614M (8%)             -                  -          
[438.936s][info][gc,heap     ] GC(88) Allocated:         -               600M (7%)          622M (8%)          716M (9%)             -                  -          
[438.936s][info][gc,heap     ] GC(88)   Garbage:         -              5725M (70%)        4001M (49%)          82M (1%)             -                  -          
[438.936s][info][gc,heap     ] GC(88) Reclaimed:         -                  -              1724M (21%)        5642M (69%)            -                  -          
[438.936s][info][gc          ] GC(88) Garbage Collection (Allocation Rate) 6340M(77%)->1414M(17%)
[440.268s][info][gc,stats    ] === Garbage Collection Statistics =======================================================================================================================
[440.268s][info][gc,stats    ]                                                              Last 10s              Last 10m              Last 10h                Total
[440.268s][info][gc,stats    ]                                                              Avg / Max             Avg / Max             Avg / Max             Avg / Max
[440.268s][info][gc,stats    ]   Collector: Garbage Collection Cycle                    949.942 / 1032.081   1357.695 / 7809.708   1357.695 / 7809.708   1357.695 / 7809.708    ms
[440.268s][info][gc,stats    ]  Contention: Mark Segment Reset Contention                     0 / 0                 0 / 9                 0 / 9                 0 / 9           ops/s
[440.268s][info][gc,stats    ]  Contention: Mark SeqNum Reset Contention                      0 / 0                 0 / 1                 0 / 1                 0 / 1           ops/s
[440.268s][info][gc,stats    ]    Critical: Allocation Stall                                  0 / 0                 0 / 0                 0 / 0                 0 / 0           ops/s
[440.268s][info][gc,stats    ]    Critical: Allocation Stall                              0.000 / 0.000         0.000 / 0.000         0.000 / 0.000         0.000 / 0.000       ms
[440.268s][info][gc,stats    ]    Critical: GC Locker Stall                                   0 / 1                 0 / 1                 0 / 1                 0 / 1           ops/s
[440.268s][info][gc,stats    ]    Critical: GC Locker Stall                               0.000 / 0.000         0.048 / 0.151         0.048 / 0.151         0.048 / 0.151       ms
[440.268s][info][gc,stats    ]    Critical: Relocation Stall                                  0 / 0                 0 / 0                 0 / 0                 0 / 0           ops/s
[440.268s][info][gc,stats    ]    Critical: Relocation Stall                              0.000 / 0.000         0.000 / 0.000         0.000 / 0.000         0.000 / 0.000       ms
[440.268s][info][gc,stats    ]      Memory: Allocation Rate                                 891 / 1222            615 / 1246            615 / 1246            615 / 1246        MB/s
[440.268s][info][gc,stats    ]      Memory: Defragment                                        0 / 0                 0 / 0                 0 / 0                 0 / 0           ops/s
[440.268s][info][gc,stats    ]      Memory: Out Of Memory                                     0 / 0                 0 / 0                 0 / 0                 0 / 0           ops/s
[440.268s][info][gc,stats    ]      Memory: Page Cache Flush                                  0 / 0                 0 / 0                 0 / 0                 0 / 0           MB/s
[440.268s][info][gc,stats    ]      Memory: Page Cache Hit L1                               457 / 611             305 / 633             305 / 633             305 / 633         ops/s
[440.268s][info][gc,stats    ]      Memory: Page Cache Hit L2                                 0 / 0                 0 / 0                 0 / 0                 0 / 0           ops/s
[440.268s][info][gc,stats    ]      Memory: Page Cache Hit L3                                 0 / 0                 8 / 397               8 / 397               8 / 397         ops/s
[440.268s][info][gc,stats    ]      Memory: Page Cache Miss                                   0 / 0                 0 / 1                 0 / 1                 0 / 1           ops/s
[440.268s][info][gc,stats    ]      Memory: Uncommit                                          0 / 0                 0 / 0                 0 / 0                 0 / 0           MB/s
[440.268s][info][gc,stats    ]      Memory: Undo Object Allocation Failed                     0 / 0                 0 / 0                 0 / 0                 0 / 0           ops/s
[440.268s][info][gc,stats    ]      Memory: Undo Object Allocation Succeeded                 13 / 133               3 / 400               3 / 400               3 / 400         ops/s
[440.268s][info][gc,stats    ]      Memory: Undo Page Allocation                              0 / 0                 0 / 1                 0 / 1                 0 / 1           ops/s
[440.268s][info][gc,stats    ]       Phase: Concurrent Mark                             834.888 / 928.744     989.261 / 5264.294    989.261 / 5264.294    989.261 / 5264.294    ms
[440.268s][info][gc,stats    ]       Phase: Concurrent Mark Continue                      0.000 / 0.000         0.000 / 0.000         0.000 / 0.000         0.000 / 0.000       ms
[440.268s][info][gc,stats    ]       Phase: Concurrent Mark Free                          0.000 / 0.000         0.001 / 0.003         0.001 / 0.003         0.001 / 0.003       ms
[440.269s][info][gc,stats    ]       Phase: Concurrent Process Non-Strong References     16.796 / 17.164       42.140 / 1493.667     42.140 / 1493.667     42.140 / 1493.667    ms
[440.269s][info][gc,stats    ]       Phase: Concurrent Relocate                          85.778 / 92.612       46.343 / 150.389      46.343 / 150.389      46.343 / 150.389     ms
[440.269s][info][gc,stats    ]       Phase: Concurrent Reset Relocation Set               0.136 / 0.165         0.111 / 0.465         0.111 / 0.465         0.111 / 0.465       ms
[440.269s][info][gc,stats    ]       Phase: Concurrent Select Relocation Set             11.775 / 16.991      268.044 / 2796.200    268.044 / 2796.200    268.044 / 2796.200    ms
[440.269s][info][gc,stats    ]       Phase: Pause Mark End                                0.011 / 0.014         0.092 / 4.475         0.092 / 4.475         0.092 / 4.475       ms
[440.269s][info][gc,stats    ]       Phase: Pause Mark Start                              0.006 / 0.007         0.092 / 7.250         0.092 / 7.250         0.092 / 7.250       ms
[440.269s][info][gc,stats    ]       Phase: Pause Relocate Start                          0.006 / 0.007         0.034 / 1.046         0.034 / 1.046         0.034 / 1.046       ms
[440.269s][info][gc,stats    ]    Subphase: Concurrent Classes Purge                      0.963 / 0.966         0.707 / 5.775         0.707 / 5.775         0.707 / 5.775       ms
[440.269s][info][gc,stats    ]    Subphase: Concurrent Classes Unlink                    12.664 / 12.668       31.863 / 1489.339     31.863 / 1489.339     31.863 / 1489.339    ms
[440.269s][info][gc,stats    ]    Subphase: Concurrent Mark                             830.989 / 923.762     905.209 / 5176.991    905.209 / 5176.991    905.209 / 5176.991    ms
[440.269s][info][gc,stats    ]    Subphase: Concurrent Mark Try Flush                     0.029 / 0.046         2.311 / 88.337        2.311 / 88.337        2.311 / 88.337      ms
[440.269s][info][gc,stats    ]    Subphase: Concurrent Mark Try Terminate                 0.008 / 0.020         1.065 / 12.169        1.065 / 12.169        1.065 / 12.169      ms
[440.269s][info][gc,stats    ]    Subphase: Concurrent References Enqueue                 0.002 / 0.003         0.002 / 0.006         0.002 / 0.006         0.002 / 0.006       ms
[440.269s][info][gc,stats    ]    Subphase: Concurrent References Process                 0.183 / 0.199         0.540 / 1.750         0.540 / 1.750         0.540 / 1.750       ms
[440.269s][info][gc,stats    ]    Subphase: Concurrent Roots ClassLoaderDataGraph         0.353 / 0.390         0.753 / 40.174        0.753 / 40.174        0.753 / 40.174      ms
[440.269s][info][gc,stats    ]    Subphase: Concurrent Roots CodeCache                    0.000 / 0.000         0.000 / 0.000         0.000 / 0.000         0.000 / 0.000       ms
[440.269s][info][gc,stats    ]    Subphase: Concurrent Roots JavaThreads                  2.988 / 4.002         6.158 / 247.091       6.158 / 247.091       6.158 / 247.091     ms
[440.269s][info][gc,stats    ]    Subphase: Concurrent Roots OopStorageSet                0.460 / 0.516         0.821 / 32.486        0.821 / 32.486        0.821 / 32.486      ms
[440.269s][info][gc,stats    ]    Subphase: Concurrent Weak Roots OopStorageSet           2.755 / 3.151         1.716 / 11.047        1.716 / 11.047        1.716 / 11.047      ms
[440.269s][info][gc,stats    ]    Subphase: Pause Mark Try Complete                       0.000 / 0.000         0.001 / 0.003         0.001 / 0.003         0.001 / 0.003       ms
[440.269s][info][gc,stats    ]      System: Java Threads                                     77 / 77               74 / 83               74 / 83               74 / 83          threads
[440.269s][info][gc,stats    ] =========================================================================================================================================================
[442.769s][info][gc,start    ] GC(89) Garbage Collection (Allocation Rate)
[442.769s][info][gc,task     ] GC(89) Using 1 workers
[442.769s][info][gc,phases   ] GC(89) Pause Mark Start 0.007ms
[443.761s][info][gc,phases   ] GC(89) Concurrent Mark 992.074ms
[443.762s][info][gc,phases   ] GC(89) Pause Mark End 0.015ms
[443.762s][info][gc,phases   ] GC(89) Concurrent Mark Free 0.001ms
[443.784s][info][gc,phases   ] GC(89) Concurrent Process Non-Strong References 22.154ms
[443.784s][info][gc,phases   ] GC(89) Concurrent Reset Relocation Set 0.223ms
[443.796s][info][gc,phases   ] GC(89) Concurrent Select Relocation Set 11.791ms
[443.796s][info][gc,phases   ] GC(89) Pause Relocate Start 0.008ms
[443.923s][info][gc,phases   ] GC(89) Concurrent Relocate 126.633ms
[443.923s][info][gc,load     ] GC(89) Load: 0.00/0.00/0.00
[443.923s][info][gc,mmu      ] GC(89) MMU: 2ms/0.0%, 5ms/0.0%, 10ms/27.5%, 20ms/63.8%, 50ms/85.5%, 100ms/92.8%
[443.923s][info][gc,marking  ] GC(89) Mark: 1 stripe(s), 2 proactive flush(es), 1 terminate flush(es), 0 completion(s), 0 continuation(s) 
[443.923s][info][gc,marking  ] GC(89) Mark Stack Usage: 32M
[443.923s][info][gc,nmethod  ] GC(89) NMethods: 9241 registered, 1553 unregistered
[443.923s][info][gc,metaspace] GC(89) Metaspace: 130M used, 132M committed, 1152M reserved
[443.923s][info][gc,ref      ] GC(89) Soft: 6082 encountered, 0 discovered, 0 enqueued
[443.923s][info][gc,ref      ] GC(89) Weak: 23194 encountered, 929 discovered, 0 enqueued
[443.923s][info][gc,ref      ] GC(89) Final: 34 encountered, 0 discovered, 0 enqueued
[443.923s][info][gc,ref      ] GC(89) Phantom: 708 encountered, 553 discovered, 0 enqueued
[443.923s][info][gc,reloc    ] GC(89) Small Pages: 2625 / 5250M, Empty: 1678M, Relocated: 138M, In-Place: 0
[443.923s][info][gc,reloc    ] GC(89) Medium Pages: 2 / 64M, Empty: 0M, Relocated: 0M, In-Place: 0
[443.923s][info][gc,reloc    ] GC(89) Large Pages: 0 / 0M, Empty: 0M, Relocated: 0M, In-Place: 0
[443.923s][info][gc,reloc    ] GC(89) Forwarding Usage: 39M
[443.923s][info][gc,heap     ] GC(89) Min Capacity: 8192M(100%)
[443.923s][info][gc,heap     ] GC(89) Max Capacity: 8192M(100%)
[443.923s][info][gc,heap     ] GC(89) Soft Max Capacity: 8192M(100%)
[443.923s][info][gc,heap     ] GC(89)                Mark Start          Mark End        Relocate Start      Relocate End           High               Low         
[443.923s][info][gc,heap     ] GC(89)  Capacity:     8192M (100%)       8192M (100%)       8192M (100%)       8192M (100%)       8192M (100%)       8192M (100%)   
[443.923s][info][gc,heap     ] GC(89)      Free:     2878M (35%)        2104M (26%)        3718M (45%)        6498M (79%)        6500M (79%)        2064M (25%)    
[443.923s][info][gc,heap     ] GC(89)      Used:     5314M (65%)        6088M (74%)        4474M (55%)        1694M (21%)        6128M (75%)        1692M (21%)    
[443.923s][info][gc,heap     ] GC(89)      Live:         -               610M (7%)          610M (7%)          610M (7%)             -                  -          
[443.923s][info][gc,heap     ] GC(89) Allocated:         -               774M (9%)          838M (10%)        1001M (12%)            -                  -          
[443.923s][info][gc,heap     ] GC(89)   Garbage:         -              4703M (57%)        3025M (37%)          81M (1%)             -                  -          
[443.923s][info][gc,heap     ] GC(89) Reclaimed:         -                  -              1678M (20%)        4621M (56%)            -                  -          
[443.923s][info][gc          ] GC(89) Garbage Collection (Allocation Rate) 5314M(65%)->1694M(21%)
[449.368s][info][gc,start    ] GC(90) Garbage Collection (Allocation Rate)
[449.368s][info][gc,task     ] GC(90) Using 2 workers
[449.368s][info][gc,phases   ] GC(90) Pause Mark Start 0.004ms
[449.673s][info][gc,phases   ] GC(90) Concurrent Mark 304.622ms
[449.673s][info][gc,phases   ] GC(90) Pause Mark End 0.008ms
[449.673s][info][gc,phases   ] GC(90) Concurrent Mark Free 0.000ms
[449.681s][info][gc,phases   ] GC(90) Concurrent Process Non-Strong References 7.633ms
[449.681s][info][gc,phases   ] GC(90) Concurrent Reset Relocation Set 0.150ms
[449.684s][info][gc,phases   ] GC(90) Concurrent Select Relocation Set 3.351ms
[449.685s][info][gc,phases   ] GC(90) Pause Relocate Start 0.005ms
[449.702s][info][gc,phases   ] GC(90) Concurrent Relocate 17.565ms
[449.702s][info][gc,load     ] GC(90) Load: 0.00/0.00/0.00
[449.702s][info][gc,mmu      ] GC(90) MMU: 2ms/0.0%, 5ms/0.0%, 10ms/27.5%, 20ms/63.8%, 50ms/85.5%, 100ms/92.8%
[449.702s][info][gc,marking  ] GC(90) Mark: 2 stripe(s), 2 proactive flush(es), 1 terminate flush(es), 0 completion(s), 0 continuation(s) 
[449.702s][info][gc,marking  ] GC(90) Mark Stack Usage: 32M
[449.702s][info][gc,nmethod  ] GC(90) NMethods: 9245 registered, 1558 unregistered
[449.702s][info][gc,metaspace] GC(90) Metaspace: 130M used, 132M committed, 1152M reserved
[449.702s][info][gc,ref      ] GC(90) Soft: 6082 encountered, 0 discovered, 0 enqueued
[449.702s][info][gc,ref      ] GC(90) Weak: 23194 encountered, 3945 discovered, 1 enqueued
[449.702s][info][gc,ref      ] GC(90) Final: 34 encountered, 0 discovered, 0 enqueued
[449.702s][info][gc,ref      ] GC(90) Phantom: 708 encountered, 559 discovered, 0 enqueued
[449.702s][info][gc,reloc    ] GC(90) Small Pages: 3090 / 6180M, Empty: 4046M, Relocated: 40M, In-Place: 0
[449.702s][info][gc,reloc    ] GC(90) Medium Pages: 2 / 64M, Empty: 0M, Relocated: 0M, In-Place: 0
[449.702s][info][gc,reloc    ] GC(90) Large Pages: 0 / 0M, Empty: 0M, Relocated: 0M, In-Place: 0
[449.702s][info][gc,reloc    ] GC(90) Forwarding Usage: 14M
[449.702s][info][gc,heap     ] GC(90) Min Capacity: 8192M(100%)
[449.702s][info][gc,heap     ] GC(90) Max Capacity: 8192M(100%)
[449.702s][info][gc,heap     ] GC(90) Soft Max Capacity: 8192M(100%)
[449.702s][info][gc,heap     ] GC(90)                Mark Start          Mark End        Relocate Start      Relocate End           High               Low         
[449.702s][info][gc,heap     ] GC(90)  Capacity:     8192M (100%)       8192M (100%)       8192M (100%)       8192M (100%)       8192M (100%)       8192M (100%)   
[449.702s][info][gc,heap     ] GC(90)      Free:     1948M (24%)        1896M (23%)        5942M (73%)        7542M (92%)        7542M (92%)        1896M (23%)    
[449.702s][info][gc,heap     ] GC(90)      Used:     6244M (76%)        6296M (77%)        2250M (27%)         650M (8%)         6296M (77%)         650M (8%)     
[449.702s][info][gc,heap     ] GC(90)      Live:         -               516M (6%)          516M (6%)          516M (6%)             -                  -          
[449.702s][info][gc,heap     ] GC(90) Allocated:         -                52M (1%)           52M (1%)           51M (1%)             -                  -          
[449.702s][info][gc,heap     ] GC(90)   Garbage:         -              5727M (70%)        1681M (21%)          81M (1%)             -                  -          
[449.702s][info][gc,heap     ] GC(90) Reclaimed:         -                  -              4046M (49%)        5645M (69%)            -                  -          
[449.702s][info][gc          ] GC(90) Garbage Collection (Allocation Rate) 6244M(76%)->650M(8%)
[450.268s][info][gc,stats    ] === Garbage Collection Statistics =======================================================================================================================
[450.268s][info][gc,stats    ]                                                              Last 10s              Last 10m              Last 10h                Total
[450.268s][info][gc,stats    ]                                                              Avg / Max             Avg / Max             Avg / Max             Avg / Max
[450.268s][info][gc,stats    ]   Collector: Garbage Collection Cycle                    743.829 / 1153.525   1344.203 / 7809.708   1344.203 / 7809.708   1344.203 / 7809.708    ms
[450.268s][info][gc,stats    ]  Contention: Mark Segment Reset Contention                     0 / 0                 0 / 9                 0 / 9                 0 / 9           ops/s
[450.268s][info][gc,stats    ]  Contention: Mark SeqNum Reset Contention                      0 / 0                 0 / 1                 0 / 1                 0 / 1           ops/s
[450.268s][info][gc,stats    ]    Critical: Allocation Stall                                  0 / 0                 0 / 0                 0 / 0                 0 / 0           ops/s
[450.268s][info][gc,stats    ]    Critical: Allocation Stall                              0.000 / 0.000         0.000 / 0.000         0.000 / 0.000         0.000 / 0.000       ms
[450.268s][info][gc,stats    ]    Critical: GC Locker Stall                                   0 / 1                 0 / 1                 0 / 1                 0 / 1           ops/s
[450.268s][info][gc,stats    ]    Critical: GC Locker Stall                               0.001 / 0.001         0.044 / 0.151         0.044 / 0.151         0.044 / 0.151       ms
[450.268s][info][gc,stats    ]    Critical: Relocation Stall                                  0 / 0                 0 / 0                 0 / 0                 0 / 0           ops/s
[450.268s][info][gc,stats    ]    Critical: Relocation Stall                              0.000 / 0.000         0.000 / 0.000         0.000 / 0.000         0.000 / 0.000       ms
[450.268s][info][gc,stats    ]      Memory: Allocation Rate                                 813 / 1096            619 / 1246            619 / 1246            619 / 1246        MB/s
[450.268s][info][gc,stats    ]      Memory: Defragment                                        0 / 0                 0 / 0                 0 / 0                 0 / 0           ops/s
[450.268s][info][gc,stats    ]      Memory: Out Of Memory                                     0 / 0                 0 / 0                 0 / 0                 0 / 0           ops/s
[450.268s][info][gc,stats    ]      Memory: Page Cache Flush                                  0 / 0                 0 / 0                 0 / 0                 0 / 0           MB/s
[450.268s][info][gc,stats    ]      Memory: Page Cache Hit L1                               415 / 583             308 / 633             308 / 633             308 / 633         ops/s
[450.268s][info][gc,stats    ]      Memory: Page Cache Hit L2                                 0 / 0                 0 / 0                 0 / 0                 0 / 0           ops/s
[450.268s][info][gc,stats    ]      Memory: Page Cache Hit L3                                 0 / 0                 8 / 397               8 / 397               8 / 397         ops/s
[450.268s][info][gc,stats    ]      Memory: Page Cache Miss                                   0 / 0                 0 / 1                 0 / 1                 0 / 1           ops/s
[450.268s][info][gc,stats    ]      Memory: Uncommit                                          0 / 0                 0 / 0                 0 / 0                 0 / 0           MB/s
[450.268s][info][gc,stats    ]      Memory: Undo Object Allocation Failed                     0 / 0                 0 / 0                 0 / 0                 0 / 0           ops/s
[450.268s][info][gc,stats    ]      Memory: Undo Object Allocation Succeeded                  0 / 0                 3 / 400               3 / 400               3 / 400         ops/s
[450.268s][info][gc,stats    ]      Memory: Undo Page Allocation                              0 / 0                 0 / 1                 0 / 1                 0 / 1           ops/s
[450.268s][info][gc,stats    ]       Phase: Concurrent Mark                             648.348 / 992.074     981.769 / 5264.294    981.769 / 5264.294    981.769 / 5264.294    ms
[450.268s][info][gc,stats    ]       Phase: Concurrent Mark Continue                      0.000 / 0.000         0.000 / 0.000         0.000 / 0.000         0.000 / 0.000       ms
[450.268s][info][gc,stats    ]       Phase: Concurrent Mark Free                          0.000 / 0.001         0.001 / 0.003         0.001 / 0.003         0.001 / 0.003       ms
[450.268s][info][gc,stats    ]       Phase: Concurrent Process Non-Strong References     14.893 / 22.154       41.542 / 1493.667     41.542 / 1493.667     41.542 / 1493.667    ms
[450.268s][info][gc,stats    ]       Phase: Concurrent Relocate                          72.099 / 126.633      46.909 / 150.389      46.909 / 150.389      46.909 / 150.389     ms
[450.268s][info][gc,stats    ]       Phase: Concurrent Reset Relocation Set               0.186 / 0.223         0.113 / 0.465         0.113 / 0.465         0.113 / 0.465       ms
[450.268s][info][gc,stats    ]       Phase: Concurrent Select Relocation Set              7.571 / 11.791      262.319 / 2796.200    262.319 / 2796.200    262.319 / 2796.200    ms
[450.268s][info][gc,stats    ]       Phase: Pause Mark End                                0.012 / 0.015         0.090 / 4.475         0.090 / 4.475         0.090 / 4.475       ms
[450.268s][info][gc,stats    ]       Phase: Pause Mark Start                              0.006 / 0.007         0.090 / 7.250         0.090 / 7.250         0.090 / 7.250       ms
[450.268s][info][gc,stats    ]       Phase: Pause Relocate Start                          0.006 / 0.008         0.033 / 1.046         0.033 / 1.046         0.033 / 1.046       ms
[450.268s][info][gc,stats    ]    Subphase: Concurrent Classes Purge                      1.046 / 2.052         0.715 / 5.775         0.715 / 5.775         0.715 / 5.775       ms
[450.268s][info][gc,stats    ]    Subphase: Concurrent Classes Unlink                    11.404 / 16.924       31.413 / 1489.339     31.413 / 1489.339     31.413 / 1489.339    ms
[450.268s][info][gc,stats    ]    Subphase: Concurrent Mark                             527.958 / 979.051     898.432 / 5176.991    898.432 / 5176.991    898.432 / 5176.991    ms
[450.268s][info][gc,stats    ]    Subphase: Concurrent Mark Try Flush                     0.062 / 0.156         2.263 / 88.337        2.263 / 88.337        2.263 / 88.337      ms
[450.268s][info][gc,stats    ]    Subphase: Concurrent Mark Try Terminate                 0.311 / 1.488         1.063 / 12.169        1.063 / 12.169        1.063 / 12.169      ms
[450.268s][info][gc,stats    ]    Subphase: Concurrent References Enqueue                 0.001 / 0.001         0.002 / 0.006         0.002 / 0.006         0.002 / 0.006       ms
[450.268s][info][gc,stats    ]    Subphase: Concurrent References Process                 0.216 / 0.227         0.533 / 1.750         0.533 / 1.750         0.533 / 1.750       ms
[450.268s][info][gc,stats    ]    Subphase: Concurrent Roots ClassLoaderDataGraph         0.313 / 0.551         0.745 / 40.174        0.745 / 40.174        0.745 / 40.174      ms
[450.268s][info][gc,stats    ]    Subphase: Concurrent Roots CodeCache                    0.000 / 0.000         0.000 / 0.000         0.000 / 0.000         0.000 / 0.000       ms
[450.268s][info][gc,stats    ]    Subphase: Concurrent Roots JavaThreads                  4.816 / 11.459        6.133 / 247.091       6.133 / 247.091       6.133 / 247.091     ms
[450.268s][info][gc,stats    ]    Subphase: Concurrent Roots OopStorageSet                0.325 / 0.883         0.812 / 32.486        0.812 / 32.486        0.812 / 32.486      ms
[450.268s][info][gc,stats    ]    Subphase: Concurrent Weak Roots OopStorageSet           1.639 / 2.585         1.715 / 11.047        1.715 / 11.047        1.715 / 11.047      ms
[450.269s][info][gc,stats    ]    Subphase: Pause Mark Try Complete                       0.000 / 0.000         0.001 / 0.003         0.001 / 0.003         0.001 / 0.003       ms
[450.269s][info][gc,stats    ]      System: Java Threads                                     77 / 77               74 / 83               74 / 83               74 / 83          threads
[450.269s][info][gc,stats    ] =========================================================================================================================================================
[459.068s][info][gc,start    ] GC(91) Garbage Collection (Allocation Rate)
[459.068s][info][gc,task     ] GC(91) Using 2 workers
[459.069s][info][gc,phases   ] GC(91) Pause Mark Start 0.004ms
[459.519s][info][gc,phases   ] GC(91) Concurrent Mark 450.295ms
[459.519s][info][gc,phases   ] GC(91) Pause Mark End 0.009ms
[459.519s][info][gc,phases   ] GC(91) Concurrent Mark Free 0.000ms
[459.528s][info][gc,phases   ] GC(91) Concurrent Process Non-Strong References 8.531ms
[459.528s][info][gc,phases   ] GC(91) Concurrent Reset Relocation Set 0.057ms
[459.543s][info][gc,phases   ] GC(91) Concurrent Select Relocation Set 15.117ms
[459.543s][info][gc,phases   ] GC(91) Pause Relocate Start 0.006ms
[459.599s][info][gc,phases   ] GC(91) Concurrent Relocate 55.730ms
[459.599s][info][gc,load     ] GC(91) Load: 0.00/0.00/0.00
[459.599s][info][gc,mmu      ] GC(91) MMU: 2ms/0.0%, 5ms/0.0%, 10ms/27.5%, 20ms/63.8%, 50ms/85.5%, 100ms/92.8%
[459.599s][info][gc,marking  ] GC(91) Mark: 2 stripe(s), 3 proactive flush(es), 1 terminate flush(es), 0 completion(s), 0 continuation(s) 
[459.599s][info][gc,marking  ] GC(91) Mark Stack Usage: 32M
[459.599s][info][gc,nmethod  ] GC(91) NMethods: 9267 registered, 1575 unregistered
[459.599s][info][gc,metaspace] GC(91) Metaspace: 131M used, 132M committed, 1152M reserved
[459.599s][info][gc,ref      ] GC(91) Soft: 6082 encountered, 0 discovered, 0 enqueued
[459.599s][info][gc,ref      ] GC(91) Weak: 23200 encountered, 4824 discovered, 5 enqueued
[459.599s][info][gc,ref      ] GC(91) Final: 34 encountered, 0 discovered, 0 enqueued
[459.599s][info][gc,ref      ] GC(91) Phantom: 714 encountered, 596 discovered, 0 enqueued
[459.599s][info][gc,reloc    ] GC(91) Small Pages: 3542 / 7084M, Empty: 1818M, Relocated: 104M, In-Place: 0
[459.599s][info][gc,reloc    ] GC(91) Medium Pages: 2 / 64M, Empty: 0M, Relocated: 0M, In-Place: 0
[459.599s][info][gc,reloc    ] GC(91) Large Pages: 0 / 0M, Empty: 0M, Relocated: 0M, In-Place: 0
[459.599s][info][gc,reloc    ] GC(91) Forwarding Usage: 32M
[459.599s][info][gc,heap     ] GC(91) Min Capacity: 8192M(100%)
[459.599s][info][gc,heap     ] GC(91) Max Capacity: 8192M(100%)
[459.599s][info][gc,heap     ] GC(91) Soft Max Capacity: 8192M(100%)
[459.599s][info][gc,heap     ] GC(91)                Mark Start          Mark End        Relocate Start      Relocate End           High               Low         
[459.599s][info][gc,heap     ] GC(91)  Capacity:     8192M (100%)       8192M (100%)       8192M (100%)       8192M (100%)       8192M (100%)       8192M (100%)   
[459.599s][info][gc,heap     ] GC(91)      Free:     1044M (13%)         592M (7%)         2384M (29%)        6994M (85%)        6994M (85%)         580M (7%)     
[459.599s][info][gc,heap     ] GC(91)      Used:     7148M (87%)        7600M (93%)        5808M (71%)        1198M (15%)        7612M (93%)        1198M (15%)    
[459.599s][info][gc,heap     ] GC(91)      Live:         -               605M (7%)          605M (7%)          605M (7%)             -                  -          
[459.599s][info][gc,heap     ] GC(91) Allocated:         -               452M (6%)          478M (6%)          508M (6%)             -                  -          
[459.599s][info][gc,heap     ] GC(91)   Garbage:         -              6542M (80%)        4724M (58%)          83M (1%)             -                  -          
[459.599s][info][gc,heap     ] GC(91) Reclaimed:         -                  -              1818M (22%)        6458M (79%)            -                  -          
[459.599s][info][gc          ] GC(91) Garbage Collection (Allocation Rate) 7148M(87%)->1198M(15%)
[460.267s][info][gc,stats    ] === Garbage Collection Statistics =======================================================================================================================
[460.267s][info][gc,stats    ]                                                              Last 10s              Last 10m              Last 10h                Total
[460.267s][info][gc,stats    ]                                                              Avg / Max             Avg / Max             Avg / Max             Avg / Max
[460.267s][info][gc,stats    ]   Collector: Garbage Collection Cycle                    530.316 / 530.316    1335.357 / 7809.708   1335.357 / 7809.708   1335.357 / 7809.708    ms
[460.267s][info][gc,stats    ]  Contention: Mark Segment Reset Contention                     0 / 1                 0 / 9                 0 / 9                 0 / 9           ops/s
[460.267s][info][gc,stats    ]  Contention: Mark SeqNum Reset Contention                      0 / 0                 0 / 1                 0 / 1                 0 / 1           ops/s
[460.267s][info][gc,stats    ]    Critical: Allocation Stall                                  0 / 0                 0 / 0                 0 / 0                 0 / 0           ops/s
[460.267s][info][gc,stats    ]    Critical: Allocation Stall                              0.000 / 0.000         0.000 / 0.000         0.000 / 0.000         0.000 / 0.000       ms
[460.267s][info][gc,stats    ]    Critical: GC Locker Stall                                   0 / 0                 0 / 1                 0 / 1                 0 / 1           ops/s
[460.267s][info][gc,stats    ]    Critical: GC Locker Stall                               0.000 / 0.000         0.044 / 0.151         0.044 / 0.151         0.044 / 0.151       ms
[460.267s][info][gc,stats    ]    Critical: Relocation Stall                                  0 / 0                 0 / 0                 0 / 0                 0 / 0           ops/s
[460.267s][info][gc,stats    ]    Critical: Relocation Stall                              0.000 / 0.000         0.000 / 0.000         0.000 / 0.000         0.000 / 0.000       ms
[460.267s][info][gc,stats    ]      Memory: Allocation Rate                                 749 / 1064            622 / 1246            622 / 1246            622 / 1246        MB/s
[460.267s][info][gc,stats    ]      Memory: Defragment                                        0 / 0                 0 / 0                 0 / 0                 0 / 0           ops/s
[460.267s][info][gc,stats    ]      Memory: Out Of Memory                                     0 / 0                 0 / 0                 0 / 0                 0 / 0           ops/s
[460.267s][info][gc,stats    ]      Memory: Page Cache Flush                                  0 / 0                 0 / 0                 0 / 0                 0 / 0           MB/s
[460.267s][info][gc,stats    ]      Memory: Page Cache Hit L1                               379 / 532             309 / 633             309 / 633             309 / 633         ops/s
[460.267s][info][gc,stats    ]      Memory: Page Cache Hit L2                                 0 / 0                 0 / 0                 0 / 0                 0 / 0           ops/s
[460.267s][info][gc,stats    ]      Memory: Page Cache Hit L3                                 0 / 0                 8 / 397               8 / 397               8 / 397         ops/s
[460.267s][info][gc,stats    ]      Memory: Page Cache Miss                                   0 / 0                 0 / 1                 0 / 1                 0 / 1           ops/s
[460.267s][info][gc,stats    ]      Memory: Uncommit                                          0 / 0                 0 / 0                 0 / 0                 0 / 0           MB/s
[460.267s][info][gc,stats    ]      Memory: Undo Object Allocation Failed                     0 / 0                 0 / 0                 0 / 0                 0 / 0           ops/s
[460.267s][info][gc,stats    ]      Memory: Undo Object Allocation Succeeded                  0 / 1                 3 / 400               3 / 400               3 / 400         ops/s
[460.267s][info][gc,stats    ]      Memory: Undo Page Allocation                              0 / 0                 0 / 1                 0 / 1                 0 / 1           ops/s
[460.267s][info][gc,stats    ]       Phase: Concurrent Mark                             450.295 / 450.295     975.992 / 5264.294    975.992 / 5264.294    975.992 / 5264.294    ms
[460.267s][info][gc,stats    ]       Phase: Concurrent Mark Continue                      0.000 / 0.000         0.000 / 0.000         0.000 / 0.000         0.000 / 0.000       ms
[460.267s][info][gc,stats    ]       Phase: Concurrent Mark Free                          0.000 / 0.000         0.001 / 0.003         0.001 / 0.003         0.001 / 0.003       ms
[460.267s][info][gc,stats    ]       Phase: Concurrent Process Non-Strong References      8.531 / 8.531        41.183 / 1493.667     41.183 / 1493.667     41.183 / 1493.667    ms
[460.267s][info][gc,stats    ]       Phase: Concurrent Relocate                          55.730 / 55.730       47.005 / 150.389      47.005 / 150.389      47.005 / 150.389     ms
[460.267s][info][gc,stats    ]       Phase: Concurrent Reset Relocation Set               0.057 / 0.057         0.112 / 0.465         0.112 / 0.465         0.112 / 0.465       ms
[460.268s][info][gc,stats    ]       Phase: Concurrent Select Relocation Set             15.117 / 15.117      259.632 / 2796.200    259.632 / 2796.200    259.632 / 2796.200    ms
[460.268s][info][gc,stats    ]       Phase: Pause Mark End                                0.009 / 0.009         0.089 / 4.475         0.089 / 4.475         0.089 / 4.475       ms
[460.268s][info][gc,stats    ]       Phase: Pause Mark Start                              0.004 / 0.004         0.089 / 7.250         0.089 / 7.250         0.089 / 7.250       ms
[460.268s][info][gc,stats    ]       Phase: Pause Relocate Start                          0.006 / 0.006         0.033 / 1.046         0.033 / 1.046         0.033 / 1.046       ms
[460.268s][info][gc,stats    ]    Subphase: Concurrent Classes Purge                      0.366 / 0.366         0.711 / 5.775         0.711 / 5.775         0.711 / 5.775       ms
[460.268s][info][gc,stats    ]    Subphase: Concurrent Classes Unlink                     6.343 / 6.343        31.140 / 1489.339     31.140 / 1489.339     31.140 / 1489.339    ms
[460.268s][info][gc,stats    ]    Subphase: Concurrent Mark                             447.438 / 448.044     893.095 / 5176.991    893.095 / 5176.991    893.095 / 5176.991    ms
[460.268s][info][gc,stats    ]    Subphase: Concurrent Mark Try Flush                     0.064 / 0.121         2.232 / 88.337        2.232 / 88.337        2.232 / 88.337      ms
[460.268s][info][gc,stats    ]    Subphase: Concurrent Mark Try Terminate                 0.459 / 1.324         1.062 / 12.169        1.062 / 12.169        1.062 / 12.169      ms
[460.268s][info][gc,stats    ]    Subphase: Concurrent References Enqueue                 0.001 / 0.001         0.002 / 0.006         0.002 / 0.006         0.002 / 0.006       ms
[460.268s][info][gc,stats    ]    Subphase: Concurrent References Process                 0.363 / 0.363         0.531 / 1.750         0.531 / 1.750         0.531 / 1.750       ms
[460.268s][info][gc,stats    ]    Subphase: Concurrent Roots ClassLoaderDataGraph         0.219 / 0.376         0.739 / 40.174        0.739 / 40.174        0.739 / 40.174      ms
[460.268s][info][gc,stats    ]    Subphase: Concurrent Roots CodeCache                    0.000 / 0.000         0.000 / 0.000         0.000 / 0.000         0.000 / 0.000       ms
[460.268s][info][gc,stats    ]    Subphase: Concurrent Roots JavaThreads                  1.546 / 1.589         6.079 / 247.091       6.079 / 247.091       6.079 / 247.091     ms
[460.268s][info][gc,stats    ]    Subphase: Concurrent Roots OopStorageSet                0.381 / 0.474         0.807 / 32.486        0.807 / 32.486        0.807 / 32.486      ms
[460.268s][info][gc,stats    ]    Subphase: Concurrent Weak Roots OopStorageSet           1.199 / 1.200         1.708 / 11.047        1.708 / 11.047        1.708 / 11.047      ms
[460.268s][info][gc,stats    ]    Subphase: Pause Mark Try Complete                       0.000 / 0.000         0.001 / 0.003         0.001 / 0.003         0.001 / 0.003       ms
[460.268s][info][gc,stats    ]      System: Java Threads                                     77 / 77               74 / 83               74 / 83               74 / 83          threads
[460.268s][info][gc,stats    ] =========================================================================================================================================================
[465.268s][info][gc,start    ] GC(92) Garbage Collection (Allocation Rate)
[465.268s][info][gc,task     ] GC(92) Using 1 workers
[465.268s][info][gc,phases   ] GC(92) Pause Mark Start 0.007ms
[466.168s][info][gc,phases   ] GC(92) Concurrent Mark 899.870ms
[466.168s][info][gc,phases   ] GC(92) Pause Mark End 0.018ms
[466.168s][info][gc,phases   ] GC(92) Concurrent Mark Free 0.000ms
[466.185s][info][gc,phases   ] GC(92) Concurrent Process Non-Strong References 16.778ms
[466.185s][info][gc,phases   ] GC(92) Concurrent Reset Relocation Set 0.182ms
[466.201s][info][gc,phases   ] GC(92) Concurrent Select Relocation Set 15.289ms
[466.201s][info][gc,phases   ] GC(92) Pause Relocate Start 0.006ms
[466.296s][info][gc,phases   ] GC(92) Concurrent Relocate 95.227ms
[466.296s][info][gc,load     ] GC(92) Load: 0.00/0.00/0.00
[466.296s][info][gc,mmu      ] GC(92) MMU: 2ms/0.0%, 5ms/0.0%, 10ms/27.5%, 20ms/63.8%, 50ms/85.5%, 100ms/92.8%
[466.296s][info][gc,marking  ] GC(92) Mark: 1 stripe(s), 2 proactive flush(es), 1 terminate flush(es), 0 completion(s), 0 continuation(s) 
[466.296s][info][gc,marking  ] GC(92) Mark Stack Usage: 32M
[466.296s][info][gc,nmethod  ] GC(92) NMethods: 9303 registered, 1593 unregistered
[466.296s][info][gc,metaspace] GC(92) Metaspace: 131M used, 132M committed, 1152M reserved
[466.296s][info][gc,ref      ] GC(92) Soft: 6082 encountered, 0 discovered, 0 enqueued
[466.296s][info][gc,ref      ] GC(92) Weak: 23198 encountered, 930 discovered, 1 enqueued
[466.296s][info][gc,ref      ] GC(92) Final: 34 encountered, 0 discovered, 0 enqueued
[466.296s][info][gc,ref      ] GC(92) Phantom: 717 encountered, 566 discovered, 0 enqueued
[466.296s][info][gc,reloc    ] GC(92) Small Pages: 2709 / 5418M, Empty: 1810M, Relocated: 116M, In-Place: 0
[466.296s][info][gc,reloc    ] GC(92) Medium Pages: 2 / 64M, Empty: 0M, Relocated: 0M, In-Place: 0
[466.296s][info][gc,reloc    ] GC(92) Large Pages: 0 / 0M, Empty: 0M, Relocated: 0M, In-Place: 0
[466.296s][info][gc,reloc    ] GC(92) Forwarding Usage: 34M
[466.296s][info][gc,heap     ] GC(92) Min Capacity: 8192M(100%)
[466.296s][info][gc,heap     ] GC(92) Max Capacity: 8192M(100%)
[466.296s][info][gc,heap     ] GC(92) Soft Max Capacity: 8192M(100%)
[466.296s][info][gc,heap     ] GC(92)                Mark Start          Mark End        Relocate Start      Relocate End           High               Low         
[466.296s][info][gc,heap     ] GC(92)  Capacity:     8192M (100%)       8192M (100%)       8192M (100%)       8192M (100%)       8192M (100%)       8192M (100%)   
[466.296s][info][gc,heap     ] GC(92)      Free:     2710M (33%)        1944M (24%)        3738M (46%)        6666M (81%)        6666M (81%)        1936M (24%)    
[466.296s][info][gc,heap     ] GC(92)      Used:     5482M (67%)        6248M (76%)        4454M (54%)        1526M (19%)        6256M (76%)        1526M (19%)    
[466.296s][info][gc,heap     ] GC(92)      Live:         -               592M (7%)          592M (7%)          592M (7%)             -                  -          
[466.296s][info][gc,heap     ] GC(92) Allocated:         -               766M (9%)          782M (10%)         854M (10%)            -                  -          
[466.296s][info][gc,heap     ] GC(92)   Garbage:         -              4889M (60%)        3079M (38%)          79M (1%)             -                  -          
[466.296s][info][gc,heap     ] GC(92) Reclaimed:         -                  -              1810M (22%)        4810M (59%)            -                  -          
[466.296s][info][gc          ] GC(92) Garbage Collection (Allocation Rate) 5482M(67%)->1526M(19%)
[470.268s][info][gc,stats    ] === Garbage Collection Statistics =======================================================================================================================
[470.268s][info][gc,stats    ]                                                              Last 10s              Last 10m              Last 10h                Total
[470.268s][info][gc,stats    ]                                                              Avg / Max             Avg / Max             Avg / Max             Avg / Max
[470.268s][info][gc,stats    ]   Collector: Garbage Collection Cycle                   1028.194 / 1028.194   1332.054 / 7809.708   1332.054 / 7809.708   1332.054 / 7809.708    ms
[470.268s][info][gc,stats    ]  Contention: Mark Segment Reset Contention                     0 / 0                 0 / 9                 0 / 9                 0 / 9           ops/s
[470.268s][info][gc,stats    ]  Contention: Mark SeqNum Reset Contention                      0 / 0                 0 / 1                 0 / 1                 0 / 1           ops/s
[470.268s][info][gc,stats    ]    Critical: Allocation Stall                                  0 / 0                 0 / 0                 0 / 0                 0 / 0           ops/s
[470.268s][info][gc,stats    ]    Critical: Allocation Stall                              0.000 / 0.000         0.000 / 0.000         0.000 / 0.000         0.000 / 0.000       ms
[470.268s][info][gc,stats    ]    Critical: GC Locker Stall                                   0 / 0                 0 / 1                 0 / 1                 0 / 1           ops/s
[470.269s][info][gc,stats    ]    Critical: GC Locker Stall                               0.000 / 0.000         0.044 / 0.151         0.044 / 0.151         0.044 / 0.151       ms
[470.269s][info][gc,stats    ]    Critical: Relocation Stall                                  0 / 0                 0 / 0                 0 / 0                 0 / 0           ops/s
[470.269s][info][gc,stats    ]    Critical: Relocation Stall                              0.000 / 0.000         0.000 / 0.000         0.000 / 0.000         0.000 / 0.000       ms
[470.269s][info][gc,stats    ]      Memory: Allocation Rate                                 864 / 1170            627 / 1246            627 / 1246            627 / 1246        MB/s
[470.269s][info][gc,stats    ]      Memory: Defragment                                        0 / 0                 0 / 0                 0 / 0                 0 / 0           ops/s
[470.269s][info][gc,stats    ]      Memory: Out Of Memory                                     0 / 0                 0 / 0                 0 / 0                 0 / 0           ops/s
[470.269s][info][gc,stats    ]      Memory: Page Cache Flush                                  0 / 0                 0 / 0                 0 / 0                 0 / 0           MB/s
[470.269s][info][gc,stats    ]      Memory: Page Cache Hit L1                               438 / 605             312 / 633             312 / 633             312 / 633         ops/s
[470.269s][info][gc,stats    ]      Memory: Page Cache Hit L2                                 0 / 0                 0 / 0                 0 / 0                 0 / 0           ops/s
[470.269s][info][gc,stats    ]      Memory: Page Cache Hit L3                                 0 / 0                 8 / 397               8 / 397               8 / 397         ops/s
[470.269s][info][gc,stats    ]      Memory: Page Cache Miss                                   0 / 0                 0 / 1                 0 / 1                 0 / 1           ops/s
[470.269s][info][gc,stats    ]      Memory: Uncommit                                          0 / 0                 0 / 0                 0 / 0                 0 / 0           MB/s
[470.269s][info][gc,stats    ]      Memory: Undo Object Allocation Failed                     0 / 0                 0 / 0                 0 / 0                 0 / 0           ops/s
[470.269s][info][gc,stats    ]      Memory: Undo Object Allocation Succeeded                  0 / 1                 3 / 400               3 / 400               3 / 400         ops/s
[470.269s][info][gc,stats    ]      Memory: Undo Page Allocation                              0 / 0                 0 / 1                 0 / 1                 0 / 1           ops/s
[470.269s][info][gc,stats    ]       Phase: Concurrent Mark                             899.870 / 899.870     975.173 / 5264.294    975.173 / 5264.294    975.173 / 5264.294    ms
[470.269s][info][gc,stats    ]       Phase: Concurrent Mark Continue                      0.000 / 0.000         0.000 / 0.000         0.000 / 0.000         0.000 / 0.000       ms
[470.269s][info][gc,stats    ]       Phase: Concurrent Mark Free                          0.000 / 0.000         0.001 / 0.003         0.001 / 0.003         0.001 / 0.003       ms
[470.269s][info][gc,stats    ]       Phase: Concurrent Process Non-Strong References     16.778 / 16.778       40.920 / 1493.667     40.920 / 1493.667     40.920 / 1493.667    ms
[470.269s][info][gc,stats    ]       Phase: Concurrent Relocate                          95.227 / 95.227       47.524 / 150.389      47.524 / 150.389      47.524 / 150.389     ms
[470.269s][info][gc,stats    ]       Phase: Concurrent Reset Relocation Set               0.182 / 0.182         0.113 / 0.465         0.113 / 0.465         0.113 / 0.465       ms
[470.269s][info][gc,stats    ]       Phase: Concurrent Select Relocation Set             15.289 / 15.289      257.005 / 2796.200    257.005 / 2796.200    257.005 / 2796.200    ms
[470.269s][info][gc,stats    ]       Phase: Pause Mark End                                0.018 / 0.018         0.089 / 4.475         0.089 / 4.475         0.089 / 4.475       ms
[470.269s][info][gc,stats    ]       Phase: Pause Mark Start                              0.007 / 0.007         0.088 / 7.250         0.088 / 7.250         0.088 / 7.250       ms
[470.269s][info][gc,stats    ]       Phase: Pause Relocate Start                          0.006 / 0.006         0.032 / 1.046         0.032 / 1.046         0.032 / 1.046       ms
[470.269s][info][gc,stats    ]    Subphase: Concurrent Classes Purge                      1.836 / 1.836         0.723 / 5.775         0.723 / 5.775         0.723 / 5.775       ms
[470.269s][info][gc,stats    ]    Subphase: Concurrent Classes Unlink                    12.016 / 12.016       30.935 / 1489.339     30.935 / 1489.339     30.935 / 1489.339    ms
[470.269s][info][gc,stats    ]    Subphase: Concurrent Mark                             896.041 / 896.041     893.112 / 5176.991    893.112 / 5176.991    893.112 / 5176.991    ms
[470.269s][info][gc,stats    ]    Subphase: Concurrent Mark Try Flush                     0.024 / 0.038         2.209 / 88.337        2.209 / 88.337        2.209 / 88.337      ms
[470.269s][info][gc,stats    ]    Subphase: Concurrent Mark Try Terminate                 0.007 / 0.015         1.061 / 12.169        1.061 / 12.169        1.061 / 12.169      ms
[470.269s][info][gc,stats    ]    Subphase: Concurrent References Enqueue                 0.002 / 0.002         0.002 / 0.006         0.002 / 0.006         0.002 / 0.006       ms
[470.269s][info][gc,stats    ]    Subphase: Concurrent References Process                 0.175 / 0.175         0.528 / 1.750         0.528 / 1.750         0.528 / 1.750       ms
[470.269s][info][gc,stats    ]    Subphase: Concurrent Roots ClassLoaderDataGraph         0.434 / 0.434         0.737 / 40.174        0.737 / 40.174        0.737 / 40.174      ms
[470.269s][info][gc,stats    ]    Subphase: Concurrent Roots CodeCache                    0.000 / 0.000         0.000 / 0.000         0.000 / 0.000         0.000 / 0.000       ms
[470.269s][info][gc,stats    ]    Subphase: Concurrent Roots JavaThreads                  2.949 / 2.949         6.061 / 247.091       6.061 / 247.091       6.061 / 247.091     ms
[470.269s][info][gc,stats    ]    Subphase: Concurrent Roots OopStorageSet                0.325 / 0.325         0.804 / 32.486        0.804 / 32.486        0.804 / 32.486      ms
[470.269s][info][gc,stats    ]    Subphase: Concurrent Weak Roots OopStorageSet           2.477 / 2.477         1.713 / 11.047        1.713 / 11.047        1.713 / 11.047      ms
[470.269s][info][gc,stats    ]    Subphase: Pause Mark Try Complete                       0.000 / 0.000         0.001 / 0.003         0.001 / 0.003         0.001 / 0.003       ms
[470.269s][info][gc,stats    ]      System: Java Threads                                     77 / 77               74 / 83               74 / 83               74 / 83          threads
[470.269s][info][gc,stats    ] =========================================================================================================================================================
[471.667s][info][gc,start    ] GC(93) Garbage Collection (Allocation Rate)
[471.667s][info][gc,task     ] GC(93) Using 1 workers
[471.680s][info][gc,phases   ] GC(93) Pause Mark Start 0.013ms
[474.865s][info][gc,phases   ] GC(93) Concurrent Mark 3184.091ms
[474.865s][info][gc,phases   ] GC(93) Pause Mark End 0.209ms
[474.865s][info][gc,phases   ] GC(93) Concurrent Mark Free 0.001ms
[474.890s][info][gc,phases   ] GC(93) Concurrent Process Non-Strong References 24.390ms
[474.890s][info][gc,phases   ] GC(93) Concurrent Reset Relocation Set 0.297ms
[474.914s][info][gc,phases   ] GC(93) Concurrent Select Relocation Set 23.865ms
[474.914s][info][gc,phases   ] GC(93) Pause Relocate Start 0.296ms
[475.032s][info][gc,phases   ] GC(93) Concurrent Relocate 117.614ms
[475.032s][info][gc,load     ] GC(93) Load: 0.00/0.00/0.00
[475.033s][info][gc,mmu      ] GC(93) MMU: 2ms/0.0%, 5ms/0.0%, 10ms/27.5%, 20ms/63.8%, 50ms/85.5%, 100ms/92.8%
[475.033s][info][gc,marking  ] GC(93) Mark: 1 stripe(s), 2 proactive flush(es), 1 terminate flush(es), 0 completion(s), 0 continuation(s) 
[475.033s][info][gc,marking  ] GC(93) Mark Stack Usage: 32M
[475.033s][info][gc,nmethod  ] GC(93) NMethods: 9319 registered, 1603 unregistered
[475.033s][info][gc,metaspace] GC(93) Metaspace: 131M used, 132M committed, 1152M reserved
[475.033s][info][gc,ref      ] GC(93) Soft: 6082 encountered, 0 discovered, 0 enqueued
[475.033s][info][gc,ref      ] GC(93) Weak: 23197 encountered, 12397 discovered, 0 enqueued
[475.033s][info][gc,ref      ] GC(93) Final: 34 encountered, 0 discovered, 0 enqueued
[475.033s][info][gc,ref      ] GC(93) Phantom: 717 encountered, 548 discovered, 0 enqueued
[475.033s][info][gc,reloc    ] GC(93) Small Pages: 3305 / 6610M, Empty: 2874M, Relocated: 115M, In-Place: 0
[475.033s][info][gc,reloc    ] GC(93) Medium Pages: 2 / 64M, Empty: 0M, Relocated: 0M, In-Place: 0
[475.033s][info][gc,reloc    ] GC(93) Large Pages: 0 / 0M, Empty: 0M, Relocated: 0M, In-Place: 0
[475.033s][info][gc,reloc    ] GC(93) Forwarding Usage: 35M
[475.033s][info][gc,heap     ] GC(93) Min Capacity: 8192M(100%)
[475.033s][info][gc,heap     ] GC(93) Max Capacity: 8192M(100%)
[475.033s][info][gc,heap     ] GC(93) Soft Max Capacity: 8192M(100%)
[475.034s][info][gc,heap     ] GC(93)                Mark Start          Mark End        Relocate Start      Relocate End           High               Low         
[475.034s][info][gc,heap     ] GC(93)  Capacity:     8192M (100%)       8192M (100%)       8192M (100%)       8192M (100%)       8192M (100%)       8192M (100%)   
[475.034s][info][gc,heap     ] GC(93)      Free:     1518M (19%)         930M (11%)        3738M (46%)        6584M (80%)        6596M (81%)         888M (11%)    
[475.034s][info][gc,heap     ] GC(93)      Used:     6674M (81%)        7262M (89%)        4454M (54%)        1608M (20%)        7304M (89%)        1596M (19%)    
[475.034s][info][gc,heap     ] GC(93)      Live:         -               589M (7%)          589M (7%)          589M (7%)             -                  -          
[475.034s][info][gc,heap     ] GC(93) Allocated:         -               588M (7%)          654M (8%)          939M (11%)            -                  -          
[475.034s][info][gc,heap     ] GC(93)   Garbage:         -              6084M (74%)        3210M (39%)          79M (1%)             -                  -          
[475.034s][info][gc,heap     ] GC(93) Reclaimed:         -                  -              2874M (35%)        6005M (73%)            -                  -          
[475.034s][info][gc          ] GC(93) Garbage Collection (Allocation Rate) 6674M(81%)->1608M(20%)
[475.068s][info][gc,start    ] GC(94) Garbage Collection (Allocation Rate)
[475.068s][info][gc,task     ] GC(94) Using 2 workers
[475.068s][info][gc,phases   ] GC(94) Pause Mark Start 0.005ms
[475.462s][info][gc,phases   ] GC(94) Concurrent Mark 393.470ms
[475.462s][info][gc,phases   ] GC(94) Pause Mark End 0.012ms
[475.462s][info][gc,phases   ] GC(94) Concurrent Mark Free 0.000ms
[475.471s][info][gc,phases   ] GC(94) Concurrent Process Non-Strong References 9.596ms
[475.472s][info][gc,phases   ] GC(94) Concurrent Reset Relocation Set 0.159ms
[475.478s][info][gc,phases   ] GC(94) Concurrent Select Relocation Set 6.529ms
[475.478s][info][gc,phases   ] GC(94) Pause Relocate Start 0.009ms
[475.512s][info][gc,phases   ] GC(94) Concurrent Relocate 33.353ms
[475.512s][info][gc,load     ] GC(94) Load: 0.00/0.00/0.00
[475.512s][info][gc,mmu      ] GC(94) MMU: 2ms/0.0%, 5ms/0.0%, 10ms/27.5%, 20ms/63.8%, 50ms/85.5%, 100ms/92.8%
[475.512s][info][gc,marking  ] GC(94) Mark: 2 stripe(s), 2 proactive flush(es), 1 terminate flush(es), 0 completion(s), 0 continuation(s) 
[475.512s][info][gc,marking  ] GC(94) Mark Stack Usage: 32M
[475.512s][info][gc,nmethod  ] GC(94) NMethods: 9318 registered, 1608 unregistered
[475.512s][info][gc,metaspace] GC(94) Metaspace: 131M used, 132M committed, 1152M reserved
[475.512s][info][gc,ref      ] GC(94) Soft: 6082 encountered, 0 discovered, 0 enqueued
[475.512s][info][gc,ref      ] GC(94) Weak: 23197 encountered, 1825 discovered, 1 enqueued
[475.512s][info][gc,ref      ] GC(94) Final: 34 encountered, 0 discovered, 0 enqueued
[475.512s][info][gc,ref      ] GC(94) Phantom: 717 encountered, 615 discovered, 0 enqueued
[475.512s][info][gc,reloc    ] GC(94) Small Pages: 797 / 1594M, Empty: 398M, Relocated: 62M, In-Place: 0
[475.512s][info][gc,reloc    ] GC(94) Medium Pages: 2 / 64M, Empty: 0M, Relocated: 0M, In-Place: 0
[475.512s][info][gc,reloc    ] GC(94) Large Pages: 0 / 0M, Empty: 0M, Relocated: 0M, In-Place: 0
[475.512s][info][gc,reloc    ] GC(94) Forwarding Usage: 20M
[475.512s][info][gc,heap     ] GC(94) Min Capacity: 8192M(100%)
[475.512s][info][gc,heap     ] GC(94) Max Capacity: 8192M(100%)
[475.512s][info][gc,heap     ] GC(94) Soft Max Capacity: 8192M(100%)
[475.512s][info][gc,heap     ] GC(94)                Mark Start          Mark End        Relocate Start      Relocate End           High               Low         
[475.512s][info][gc,heap     ] GC(94)  Capacity:     8192M (100%)       8192M (100%)       8192M (100%)       8192M (100%)       8192M (100%)       8192M (100%)   
[475.512s][info][gc,heap     ] GC(94)      Free:     6534M (80%)        5976M (73%)        6346M (77%)        6930M (85%)        6930M (85%)        5964M (73%)    
[475.512s][info][gc,heap     ] GC(94)      Used:     1658M (20%)        2216M (27%)        1846M (23%)        1262M (15%)        2228M (27%)        1262M (15%)    
[475.512s][info][gc,heap     ] GC(94)      Live:         -               568M (7%)          568M (7%)          568M (7%)             -                  -          
[475.512s][info][gc,heap     ] GC(94) Allocated:         -               558M (7%)          586M (7%)          605M (7%)             -                  -          
[475.512s][info][gc,heap     ] GC(94)   Garbage:         -              1089M (13%)         691M (8%)           87M (1%)             -                  -          
[475.512s][info][gc,heap     ] GC(94) Reclaimed:         -                  -               398M (5%)         1001M (12%)            -                  -          
[475.512s][info][gc          ] GC(94) Garbage Collection (Allocation Rate) 1658M(20%)->1262M(15%)
[475.567s][info][gc,start    ] GC(95) Garbage Collection (Allocation Rate)
[475.567s][info][gc,task     ] GC(95) Using 2 workers
[475.567s][info][gc,phases   ] GC(95) Pause Mark Start 0.004ms
[475.853s][info][gc,phases   ] GC(95) Concurrent Mark 285.495ms
[475.853s][info][gc,phases   ] GC(95) Pause Mark End 0.008ms
[475.853s][info][gc,phases   ] GC(95) Concurrent Mark Free 0.001ms
[475.861s][info][gc,phases   ] GC(95) Concurrent Process Non-Strong References 8.178ms
[475.861s][info][gc,phases   ] GC(95) Concurrent Reset Relocation Set 0.036ms
[475.865s][info][gc,phases   ] GC(95) Concurrent Select Relocation Set 3.443ms
[475.865s][info][gc,phases   ] GC(95) Pause Relocate Start 0.006ms
[475.876s][info][gc,phases   ] GC(95) Concurrent Relocate 10.998ms
[475.876s][info][gc,load     ] GC(95) Load: 0.00/0.00/0.00
[475.876s][info][gc,mmu      ] GC(95) MMU: 2ms/0.0%, 5ms/0.0%, 10ms/27.5%, 20ms/63.8%, 50ms/85.5%, 100ms/92.8%
[475.876s][info][gc,marking  ] GC(95) Mark: 2 stripe(s), 2 proactive flush(es), 1 terminate flush(es), 0 completion(s), 0 continuation(s) 
[475.876s][info][gc,marking  ] GC(95) Mark Stack Usage: 32M
[475.876s][info][gc,nmethod  ] GC(95) NMethods: 9318 registered, 1608 unregistered
[475.876s][info][gc,metaspace] GC(95) Metaspace: 131M used, 132M committed, 1152M reserved
[475.876s][info][gc,ref      ] GC(95) Soft: 6082 encountered, 0 discovered, 0 enqueued
[475.876s][info][gc,ref      ] GC(95) Weak: 23196 encountered, 2688 discovered, 0 enqueued
[475.876s][info][gc,ref      ] GC(95) Final: 34 encountered, 0 discovered, 0 enqueued
[475.876s][info][gc,ref      ] GC(95) Phantom: 717 encountered, 562 discovered, 0 enqueued
[475.876s][info][gc,reloc    ] GC(95) Small Pages: 621 / 1242M, Empty: 418M, Relocated: 22M, In-Place: 0
[475.876s][info][gc,reloc    ] GC(95) Medium Pages: 2 / 64M, Empty: 0M, Relocated: 0M, In-Place: 0
[475.876s][info][gc,reloc    ] GC(95) Large Pages: 0 / 0M, Empty: 0M, Relocated: 0M, In-Place: 0
[475.876s][info][gc,reloc    ] GC(95) Forwarding Usage: 8M
[475.876s][info][gc,heap     ] GC(95) Min Capacity: 8192M(100%)
[475.876s][info][gc,heap     ] GC(95) Max Capacity: 8192M(100%)
[475.876s][info][gc,heap     ] GC(95) Soft Max Capacity: 8192M(100%)
[475.876s][info][gc,heap     ] GC(95)                Mark Start          Mark End        Relocate Start      Relocate End           High               Low         
[475.876s][info][gc,heap     ] GC(95)  Capacity:     8192M (100%)       8192M (100%)       8192M (100%)       8192M (100%)       8192M (100%)       8192M (100%)   
[475.876s][info][gc,heap     ] GC(95)      Free:     6886M (84%)        6646M (81%)        7052M (86%)        7338M (90%)        7338M (90%)        6638M (81%)    
[475.876s][info][gc,heap     ] GC(95)      Used:     1306M (16%)        1546M (19%)        1140M (14%)         854M (10%)        1554M (19%)         854M (10%)    
[475.876s][info][gc,heap     ] GC(95)      Live:         -               508M (6%)          508M (6%)          508M (6%)             -                  -          
[475.876s][info][gc,heap     ] GC(95) Allocated:         -               240M (3%)          252M (3%)          263M (3%)             -                  -          
[475.876s][info][gc,heap     ] GC(95)   Garbage:         -               797M (10%)         379M (5%)           82M (1%)             -                  -          
[475.876s][info][gc,heap     ] GC(95) Reclaimed:         -                  -               418M (5%)          715M (9%)             -                  -          
[475.876s][info][gc          ] GC(95) Garbage Collection (Allocation Rate) 1306M(16%)->854M(10%)
[480.268s][info][gc,stats    ] === Garbage Collection Statistics =======================================================================================================================
[480.268s][info][gc,stats    ]                                                              Last 10s              Last 10m              Last 10h                Total
[480.268s][info][gc,stats    ]                                                              Avg / Max             Avg / Max             Avg / Max             Avg / Max
[480.268s][info][gc,stats    ]   Collector: Garbage Collection Cycle                   1372.517 / 3364.768   1333.318 / 7809.708   1333.318 / 7809.708   1333.318 / 7809.708    ms
[480.268s][info][gc,stats    ]  Contention: Mark Segment Reset Contention                     0 / 7                 0 / 9                 0 / 9                 0 / 9           ops/s
[480.268s][info][gc,stats    ]  Contention: Mark SeqNum Reset Contention                      0 / 1                 0 / 1                 0 / 1                 0 / 1           ops/s
[480.268s][info][gc,stats    ]    Critical: Allocation Stall                                  0 / 0                 0 / 0                 0 / 0                 0 / 0           ops/s
[480.268s][info][gc,stats    ]    Critical: Allocation Stall                              0.000 / 0.000         0.000 / 0.000         0.000 / 0.000         0.000 / 0.000       ms
[480.268s][info][gc,stats    ]    Critical: GC Locker Stall                                   0 / 2                 0 / 2                 0 / 2                 0 / 2           ops/s
[480.268s][info][gc,stats    ]    Critical: GC Locker Stall                               0.051 / 0.151         0.045 / 0.151         0.045 / 0.151         0.045 / 0.151       ms
[480.268s][info][gc,stats    ]    Critical: Relocation Stall                                  0 / 0                 0 / 0                 0 / 0                 0 / 0           ops/s
[480.268s][info][gc,stats    ]    Critical: Relocation Stall                              0.000 / 0.000         0.000 / 0.000         0.000 / 0.000         0.000 / 0.000       ms
[480.268s][info][gc,stats    ]      Memory: Allocation Rate                                 533 / 906             625 / 1246            625 / 1246            625 / 1246        MB/s
[480.268s][info][gc,stats    ]      Memory: Defragment                                        0 / 0                 0 / 0                 0 / 0                 0 / 0           ops/s
[480.268s][info][gc,stats    ]      Memory: Out Of Memory                                     0 / 0                 0 / 0                 0 / 0                 0 / 0           ops/s
[480.268s][info][gc,stats    ]      Memory: Page Cache Flush                                  0 / 0                 0 / 0                 0 / 0                 0 / 0           MB/s
[480.268s][info][gc,stats    ]      Memory: Page Cache Hit L1                               276 / 497             311 / 633             311 / 633             311 / 633         ops/s
[480.268s][info][gc,stats    ]      Memory: Page Cache Hit L2                                 0 / 0                 0 / 0                 0 / 0                 0 / 0           ops/s
[480.268s][info][gc,stats    ]      Memory: Page Cache Hit L3                                 0 / 0                 8 / 397               8 / 397               8 / 397         ops/s
[480.268s][info][gc,stats    ]      Memory: Page Cache Miss                                   0 / 0                 0 / 1                 0 / 1                 0 / 1           ops/s
[480.268s][info][gc,stats    ]      Memory: Uncommit                                          0 / 0                 0 / 0                 0 / 0                 0 / 0           MB/s
[480.268s][info][gc,stats    ]      Memory: Undo Object Allocation Failed                     0 / 0                 0 / 0                 0 / 0                 0 / 0           ops/s
[480.268s][info][gc,stats    ]      Memory: Undo Object Allocation Succeeded                 39 / 367               4 / 400               4 / 400               4 / 400         ops/s
[480.268s][info][gc,stats    ]      Memory: Undo Page Allocation                              0 / 0                 0 / 1                 0 / 1                 0 / 1           ops/s
[480.268s][info][gc,stats    ]       Phase: Concurrent Mark                            1287.686 / 3184.091    984.939 / 5264.294    984.939 / 5264.294    984.939 / 5264.294    ms
[480.268s][info][gc,stats    ]       Phase: Concurrent Mark Continue                      0.000 / 0.000         0.000 / 0.000         0.000 / 0.000         0.000 / 0.000       ms
[480.268s][info][gc,stats    ]       Phase: Concurrent Mark Free                          0.001 / 0.001         0.001 / 0.003         0.001 / 0.003         0.001 / 0.003       ms
[480.268s][info][gc,stats    ]       Phase: Concurrent Process Non-Strong References     14.054 / 24.390       40.081 / 1493.667     40.081 / 1493.667     40.081 / 1493.667    ms
[480.268s][info][gc,stats    ]       Phase: Concurrent Relocate                          53.988 / 117.614      47.726 / 150.389      47.726 / 150.389      47.726 / 150.389     ms
[480.268s][info][gc,stats    ]       Phase: Concurrent Reset Relocation Set               0.164 / 0.297         0.115 / 0.465         0.115 / 0.465         0.115 / 0.465       ms
[480.268s][info][gc,stats    ]       Phase: Concurrent Select Relocation Set             11.279 / 23.865      249.326 / 2796.200    249.326 / 2796.200    249.326 / 2796.200    ms
[480.268s][info][gc,stats    ]       Phase: Pause Mark End                                0.076 / 0.209         0.088 / 4.475         0.088 / 4.475         0.088 / 4.475       ms
[480.268s][info][gc,stats    ]       Phase: Pause Mark Start                              0.007 / 0.013         0.086 / 7.250         0.086 / 7.250         0.086 / 7.250       ms
[480.268s][info][gc,stats    ]       Phase: Pause Relocate Start                          0.104 / 0.296         0.034 / 1.046         0.034 / 1.046         0.034 / 1.046       ms
[480.268s][info][gc,stats    ]    Subphase: Concurrent Classes Purge                      0.303 / 0.528         0.710 / 5.775         0.710 / 5.775         0.710 / 5.775       ms
[480.268s][info][gc,stats    ]    Subphase: Concurrent Classes Unlink                    10.445 / 17.271       30.294 / 1489.339     30.294 / 1489.339     30.294 / 1489.339    ms
[480.268s][info][gc,stats    ]    Subphase: Concurrent Mark                             790.802 / 2605.964    890.189 / 5176.991    890.189 / 5176.991    890.189 / 5176.991    ms
[480.268s][info][gc,stats    ]    Subphase: Concurrent Mark Try Flush                    87.495 / 786.951       4.785 / 786.951       4.785 / 786.951       4.785 / 786.951     ms
[480.268s][info][gc,stats    ]    Subphase: Concurrent Mark Try Terminate                 0.282 / 1.029         1.058 / 12.169        1.058 / 12.169        1.058 / 12.169      ms
[480.268s][info][gc,stats    ]    Subphase: Concurrent References Enqueue                 0.002 / 0.004         0.002 / 0.006         0.002 / 0.006         0.002 / 0.006       ms
[480.268s][info][gc,stats    ]    Subphase: Concurrent References Process                 1.062 / 2.815         0.544 / 2.815         0.544 / 2.815         0.544 / 2.815       ms
[480.268s][info][gc,stats    ]    Subphase: Concurrent Roots ClassLoaderDataGraph         0.247 / 0.454         0.723 / 40.174        0.723 / 40.174        0.723 / 40.174      ms
[480.268s][info][gc,stats    ]    Subphase: Concurrent Roots CodeCache                    0.000 / 0.000         0.000 / 0.000         0.000 / 0.000         0.000 / 0.000       ms
[480.268s][info][gc,stats    ]    Subphase: Concurrent Roots JavaThreads                 89.513 / 441.054       8.445 / 441.054       8.445 / 441.054       8.445 / 441.054     ms
[480.268s][info][gc,stats    ]    Subphase: Concurrent Roots OopStorageSet               27.388 / 136.487       1.564 / 136.487       1.564 / 136.487       1.564 / 136.487     ms
[480.268s][info][gc,stats    ]    Subphase: Concurrent Weak Roots OopStorageSet           1.578 / 2.974         1.709 / 11.047        1.709 / 11.047        1.709 / 11.047      ms
[480.268s][info][gc,stats    ]    Subphase: Pause Mark Try Complete                       0.000 / 0.000         0.001 / 0.003         0.001 / 0.003         0.001 / 0.003       ms
[480.268s][info][gc,stats    ]      System: Java Threads                                     77 / 77               74 / 83               74 / 83               74 / 83          threads
[480.268s][info][gc,stats    ] =========================================================================================================================================================
[483.968s][info][gc,start    ] GC(96) Garbage Collection (Allocation Rate)
[483.968s][info][gc,task     ] GC(96) Using 1 workers
[483.968s][info][gc,phases   ] GC(96) Pause Mark Start 0.004ms
[484.663s][info][gc,phases   ] GC(96) Concurrent Mark 695.132ms
[484.664s][info][gc,phases   ] GC(96) Pause Mark End 0.013ms
[484.664s][info][gc,phases   ] GC(96) Concurrent Mark Free 0.000ms
[484.681s][info][gc,phases   ] GC(96) Concurrent Process Non-Strong References 17.023ms
[484.681s][info][gc,phases   ] GC(96) Concurrent Reset Relocation Set 0.013ms
[484.693s][info][gc,phases   ] GC(96) Concurrent Select Relocation Set 12.123ms
[484.693s][info][gc,phases   ] GC(96) Pause Relocate Start 0.005ms
[484.753s][info][gc,phases   ] GC(96) Concurrent Relocate 59.965ms
[484.753s][info][gc,load     ] GC(96) Load: 0.00/0.00/0.00
[484.753s][info][gc,mmu      ] GC(96) MMU: 2ms/0.0%, 5ms/0.0%, 10ms/27.5%, 20ms/63.8%, 50ms/85.5%, 100ms/92.8%
[484.753s][info][gc,marking  ] GC(96) Mark: 1 stripe(s), 2 proactive flush(es), 1 terminate flush(es), 0 completion(s), 0 continuation(s) 
[484.753s][info][gc,marking  ] GC(96) Mark Stack Usage: 32M
[484.753s][info][gc,nmethod  ] GC(96) NMethods: 9341 registered, 1614 unregistered
[484.753s][info][gc,metaspace] GC(96) Metaspace: 131M used, 132M committed, 1152M reserved
[484.753s][info][gc,ref      ] GC(96) Soft: 6082 encountered, 0 discovered, 0 enqueued
[484.753s][info][gc,ref      ] GC(96) Weak: 23201 encountered, 932 discovered, 4 enqueued
[484.753s][info][gc,ref      ] GC(96) Final: 34 encountered, 0 discovered, 0 enqueued
[484.753s][info][gc,ref      ] GC(96) Phantom: 720 encountered, 568 discovered, 0 enqueued
[484.753s][info][gc,reloc    ] GC(96) Small Pages: 2558 / 5116M, Empty: 868M, Relocated: 78M, In-Place: 0
[484.753s][info][gc,reloc    ] GC(96) Medium Pages: 2 / 64M, Empty: 0M, Relocated: 0M, In-Place: 0
[484.753s][info][gc,reloc    ] GC(96) Large Pages: 0 / 0M, Empty: 0M, Relocated: 0M, In-Place: 0
[484.753s][info][gc,reloc    ] GC(96) Forwarding Usage: 27M
[484.753s][info][gc,heap     ] GC(96) Min Capacity: 8192M(100%)
[484.753s][info][gc,heap     ] GC(96) Max Capacity: 8192M(100%)
[484.753s][info][gc,heap     ] GC(96) Soft Max Capacity: 8192M(100%)
[484.753s][info][gc,heap     ] GC(96)                Mark Start          Mark End        Relocate Start      Relocate End           High               Low         
[484.753s][info][gc,heap     ] GC(96)  Capacity:     8192M (100%)       8192M (100%)       8192M (100%)       8192M (100%)       8192M (100%)       8192M (100%)   
[484.753s][info][gc,heap     ] GC(96)      Free:     3012M (37%)        2410M (29%)        3250M (40%)        6880M (84%)        6884M (84%)        2396M (29%)    
[484.753s][info][gc,heap     ] GC(96)      Used:     5180M (63%)        5782M (71%)        4942M (60%)        1312M (16%)        5796M (71%)        1308M (16%)    
[484.753s][info][gc,heap     ] GC(96)      Live:         -               559M (7%)          559M (7%)          559M (7%)             -                  -          
[484.753s][info][gc,heap     ] GC(96) Allocated:         -               602M (7%)          630M (8%)          670M (8%)             -                  -          
[484.753s][info][gc,heap     ] GC(96)   Garbage:         -              4620M (56%)        3752M (46%)          81M (1%)             -                  -          
[484.753s][info][gc,heap     ] GC(96) Reclaimed:         -                  -               868M (11%)        4538M (55%)            -                  -          
[484.753s][info][gc          ] GC(96) Garbage Collection (Allocation Rate) 5180M(63%)->1312M(16%)
[489.768s][info][gc,start    ] GC(97) Garbage Collection (Allocation Rate)
[489.768s][info][gc,task     ] GC(97) Using 1 workers
[489.768s][info][gc,phases   ] GC(97) Pause Mark Start 0.006ms
[490.268s][info][gc,stats    ] === Garbage Collection Statistics =======================================================================================================================
[490.268s][info][gc,stats    ]                                                              Last 10s              Last 10m              Last 10h                Total
[490.268s][info][gc,stats    ]                                                              Avg / Max             Avg / Max             Avg / Max             Avg / Max
[490.268s][info][gc,stats    ]   Collector: Garbage Collection Cycle                    784.812 / 784.812    1327.664 / 7809.708   1327.664 / 7809.708   1327.664 / 7809.708    ms
[490.268s][info][gc,stats    ]  Contention: Mark Segment Reset Contention                     0 / 0                 0 / 9                 0 / 9                 0 / 9           ops/s
[490.268s][info][gc,stats    ]  Contention: Mark SeqNum Reset Contention                      0 / 0                 0 / 1                 0 / 1                 0 / 1           ops/s
[490.268s][info][gc,stats    ]    Critical: Allocation Stall                                  0 / 0                 0 / 0                 0 / 0                 0 / 0           ops/s
[490.268s][info][gc,stats    ]    Critical: Allocation Stall                              0.000 / 0.000         0.000 / 0.000         0.000 / 0.000         0.000 / 0.000       ms
[490.268s][info][gc,stats    ]    Critical: GC Locker Stall                                   0 / 0                 0 / 2                 0 / 2                 0 / 2           ops/s
[490.268s][info][gc,stats    ]    Critical: GC Locker Stall                               0.000 / 0.000         0.045 / 0.151         0.045 / 0.151         0.045 / 0.151       ms
[490.268s][info][gc,stats    ]    Critical: Relocation Stall                                  0 / 0                 0 / 0                 0 / 0                 0 / 0           ops/s
[490.268s][info][gc,stats    ]    Critical: Relocation Stall                              0.000 / 0.000         0.000 / 0.000         0.000 / 0.000         0.000 / 0.000       ms
[490.268s][info][gc,stats    ]      Memory: Allocation Rate                                 758 / 942             628 / 1246            628 / 1246            628 / 1246        MB/s
[490.268s][info][gc,stats    ]      Memory: Defragment                                        0 / 0                 0 / 0                 0 / 0                 0 / 0           ops/s
[490.268s][info][gc,stats    ]      Memory: Out Of Memory                                     0 / 0                 0 / 0                 0 / 0                 0 / 0           ops/s
[490.268s][info][gc,stats    ]      Memory: Page Cache Flush                                  0 / 0                 0 / 0                 0 / 0                 0 / 0           MB/s
[490.268s][info][gc,stats    ]      Memory: Page Cache Hit L1                               383 / 471             313 / 633             313 / 633             313 / 633         ops/s
[490.268s][info][gc,stats    ]      Memory: Page Cache Hit L2                                 0 / 0                 0 / 0                 0 / 0                 0 / 0           ops/s
[490.268s][info][gc,stats    ]      Memory: Page Cache Hit L3                                 0 / 0                 8 / 397               8 / 397               8 / 397         ops/s
[490.268s][info][gc,stats    ]      Memory: Page Cache Miss                                   0 / 0                 0 / 1                 0 / 1                 0 / 1           ops/s
[490.268s][info][gc,stats    ]      Memory: Uncommit                                          0 / 0                 0 / 0                 0 / 0                 0 / 0           MB/s
[490.268s][info][gc,stats    ]      Memory: Undo Object Allocation Failed                     0 / 0                 0 / 0                 0 / 0                 0 / 0           ops/s
[490.268s][info][gc,stats    ]      Memory: Undo Object Allocation Succeeded                  5 / 54                4 / 400               4 / 400               4 / 400         ops/s
[490.268s][info][gc,stats    ]      Memory: Undo Page Allocation                              0 / 0                 0 / 1                 0 / 1                 0 / 1           ops/s
[490.268s][info][gc,stats    ]       Phase: Concurrent Mark                             695.132 / 695.132     981.951 / 5264.294    981.951 / 5264.294    981.951 / 5264.294    ms
[490.268s][info][gc,stats    ]       Phase: Concurrent Mark Continue                      0.000 / 0.000         0.000 / 0.000         0.000 / 0.000         0.000 / 0.000       ms
[490.268s][info][gc,stats    ]       Phase: Concurrent Mark Free                          0.000 / 0.000         0.001 / 0.003         0.001 / 0.003         0.001 / 0.003       ms
[490.268s][info][gc,stats    ]       Phase: Concurrent Process Non-Strong References     17.023 / 17.023       39.843 / 1493.667     39.843 / 1493.667     39.843 / 1493.667    ms
[490.268s][info][gc,stats    ]       Phase: Concurrent Relocate                          59.965 / 59.965       47.852 / 150.389      47.852 / 150.389      47.852 / 150.389     ms
[490.268s][info][gc,stats    ]       Phase: Concurrent Reset Relocation Set               0.013 / 0.013         0.114 / 0.465         0.114 / 0.465         0.114 / 0.465       ms
[490.268s][info][gc,stats    ]       Phase: Concurrent Select Relocation Set             12.123 / 12.123      246.880 / 2796.200    246.880 / 2796.200    246.880 / 2796.200    ms
[490.268s][info][gc,stats    ]       Phase: Pause Mark End                                0.013 / 0.013         0.087 / 4.475         0.087 / 4.475         0.087 / 4.475       ms
[490.268s][info][gc,stats    ]       Phase: Pause Mark Start                              0.005 / 0.006         0.084 / 7.250         0.084 / 7.250         0.084 / 7.250       ms
[490.268s][info][gc,stats    ]       Phase: Pause Relocate Start                          0.005 / 0.005         0.034 / 1.046         0.034 / 1.046         0.034 / 1.046       ms
[490.268s][info][gc,stats    ]    Subphase: Concurrent Classes Purge                      0.487 / 0.487         0.708 / 5.775         0.708 / 5.775         0.708 / 5.775       ms
[490.268s][info][gc,stats    ]    Subphase: Concurrent Classes Unlink                    12.853 / 12.853       30.115 / 1489.339     30.115 / 1489.339     30.115 / 1489.339    ms
[490.268s][info][gc,stats    ]    Subphase: Concurrent Mark                             693.201 / 693.201     889.070 / 5176.991    889.070 / 5176.991    889.070 / 5176.991    ms
[490.268s][info][gc,stats    ]    Subphase: Concurrent Mark Try Flush                     0.030 / 0.052         4.738 / 786.951       4.738 / 786.951       4.738 / 786.951     ms
[490.268s][info][gc,stats    ]    Subphase: Concurrent Mark Try Terminate                 0.009 / 0.017         1.057 / 12.169        1.057 / 12.169        1.057 / 12.169      ms
[490.268s][info][gc,stats    ]    Subphase: Concurrent References Enqueue                 0.001 / 0.001         0.002 / 0.006         0.002 / 0.006         0.002 / 0.006       ms
[490.268s][info][gc,stats    ]    Subphase: Concurrent References Process                 0.283 / 0.283         0.542 / 2.815         0.542 / 2.815         0.542 / 2.815       ms
[490.268s][info][gc,stats    ]    Subphase: Concurrent Roots ClassLoaderDataGraph         0.368 / 0.442         0.719 / 40.174        0.719 / 40.174        0.719 / 40.174      ms
[490.268s][info][gc,stats    ]    Subphase: Concurrent Roots CodeCache                    0.000 / 0.000         0.000 / 0.000         0.000 / 0.000         0.000 / 0.000       ms
[490.268s][info][gc,stats    ]    Subphase: Concurrent Roots JavaThreads                  1.587 / 1.762         8.368 / 441.054       8.368 / 441.054       8.368 / 441.054     ms
[490.268s][info][gc,stats    ]    Subphase: Concurrent Roots OopStorageSet                0.120 / 0.142         1.548 / 136.487       1.548 / 136.487       1.548 / 136.487     ms
[490.268s][info][gc,stats    ]    Subphase: Concurrent Weak Roots OopStorageSet           3.018 / 3.018         1.717 / 11.047        1.717 / 11.047        1.717 / 11.047      ms
[490.268s][info][gc,stats    ]    Subphase: Pause Mark Try Complete                       0.000 / 0.000         0.001 / 0.003         0.001 / 0.003         0.001 / 0.003       ms
[490.268s][info][gc,stats    ]      System: Java Threads                                     77 / 77               74 / 83               74 / 83               74 / 83          threads
[490.268s][info][gc,stats    ] =========================================================================================================================================================
[490.585s][info][gc,phases   ] GC(97) Concurrent Mark 816.683ms
[490.585s][info][gc,phases   ] GC(97) Pause Mark End 0.018ms
[490.585s][info][gc,phases   ] GC(97) Concurrent Mark Free 0.001ms
[490.602s][info][gc,phases   ] GC(97) Concurrent Process Non-Strong References 17.029ms
[490.602s][info][gc,phases   ] GC(97) Concurrent Reset Relocation Set 0.238ms
[490.620s][info][gc,phases   ] GC(97) Concurrent Select Relocation Set 18.019ms
[490.620s][info][gc,phases   ] GC(97) Pause Relocate Start 0.007ms
[490.707s][info][gc,phases   ] GC(97) Concurrent Relocate 86.128ms
[490.707s][info][gc,load     ] GC(97) Load: 0.00/0.00/0.00
[490.707s][info][gc,mmu      ] GC(97) MMU: 2ms/0.0%, 5ms/0.0%, 10ms/27.5%, 20ms/63.8%, 50ms/85.5%, 100ms/92.8%
[490.707s][info][gc,marking  ] GC(97) Mark: 1 stripe(s), 2 proactive flush(es), 1 terminate flush(es), 0 completion(s), 0 continuation(s) 
[490.707s][info][gc,marking  ] GC(97) Mark Stack Usage: 32M
[490.707s][info][gc,nmethod  ] GC(97) NMethods: 9352 registered, 1624 unregistered
[490.707s][info][gc,metaspace] GC(97) Metaspace: 131M used, 132M committed, 1152M reserved
[490.707s][info][gc,ref      ] GC(97) Soft: 6082 encountered, 0 discovered, 0 enqueued
[490.707s][info][gc,ref      ] GC(97) Weak: 23202 encountered, 1116 discovered, 2 enqueued
[490.707s][info][gc,ref      ] GC(97) Final: 34 encountered, 0 discovered, 0 enqueued
[490.707s][info][gc,ref      ] GC(97) Phantom: 726 encountered, 554 discovered, 0 enqueued
[490.707s][info][gc,reloc    ] GC(97) Small Pages: 2910 / 5820M, Empty: 1484M, Relocated: 113M, In-Place: 0
[490.707s][info][gc,reloc    ] GC(97) Medium Pages: 2 / 64M, Empty: 0M, Relocated: 0M, In-Place: 0
[490.707s][info][gc,reloc    ] GC(97) Large Pages: 0 / 0M, Empty: 0M, Relocated: 0M, In-Place: 0
[490.707s][info][gc,reloc    ] GC(97) Forwarding Usage: 33M
[490.707s][info][gc,heap     ] GC(97) Min Capacity: 8192M(100%)
[490.707s][info][gc,heap     ] GC(97) Max Capacity: 8192M(100%)
[490.707s][info][gc,heap     ] GC(97) Soft Max Capacity: 8192M(100%)
[490.707s][info][gc,heap     ] GC(97)                Mark Start          Mark End        Relocate Start      Relocate End           High               Low         
[490.707s][info][gc,heap     ] GC(97)  Capacity:     8192M (100%)       8192M (100%)       8192M (100%)       8192M (100%)       8192M (100%)       8192M (100%)   
[490.707s][info][gc,heap     ] GC(97)      Free:     2308M (28%)        1670M (20%)        3128M (38%)        6772M (83%)        6776M (83%)        1656M (20%)    
[490.707s][info][gc,heap     ] GC(97)      Used:     5884M (72%)        6522M (80%)        5064M (62%)        1420M (17%)        6536M (80%)        1416M (17%)    
[490.707s][info][gc,heap     ] GC(97)      Live:         -               588M (7%)          588M (7%)          588M (7%)             -                  -          
[490.707s][info][gc,heap     ] GC(97) Allocated:         -               638M (8%)          664M (8%)          754M (9%)             -                  -          
[490.707s][info][gc,heap     ] GC(97)   Garbage:         -              5295M (65%)        3811M (47%)          77M (1%)             -                  -          
[490.707s][info][gc,heap     ] GC(97) Reclaimed:         -                  -              1484M (18%)        5218M (64%)            -                  -          
[490.707s][info][gc          ] GC(97) Garbage Collection (Allocation Rate) 5884M(72%)->1420M(17%)
[495.367s][info][gc,start    ] GC(98) Garbage Collection (Allocation Rate)
[495.367s][info][gc,task     ] GC(98) Using 1 workers
[495.367s][info][gc,phases   ] GC(98) Pause Mark Start 0.008ms
[496.118s][info][gc,phases   ] GC(98) Concurrent Mark 750.250ms
[496.118s][info][gc,phases   ] GC(98) Pause Mark End 0.010ms
[496.118s][info][gc,phases   ] GC(98) Concurrent Mark Free 0.001ms
[496.134s][info][gc,phases   ] GC(98) Concurrent Process Non-Strong References 16.514ms
[496.135s][info][gc,phases   ] GC(98) Concurrent Reset Relocation Set 0.171ms
[496.155s][info][gc,phases   ] GC(98) Concurrent Select Relocation Set 20.782ms
[496.156s][info][gc,phases   ] GC(98) Pause Relocate Start 0.008ms
[496.246s][info][gc,phases   ] GC(98) Concurrent Relocate 90.580ms
[496.246s][info][gc,load     ] GC(98) Load: 0.00/0.00/0.00
[496.246s][info][gc,mmu      ] GC(98) MMU: 2ms/0.0%, 5ms/0.0%, 10ms/27.5%, 20ms/63.8%, 50ms/85.5%, 100ms/92.8%
[496.246s][info][gc,marking  ] GC(98) Mark: 1 stripe(s), 2 proactive flush(es), 1 terminate flush(es), 0 completion(s), 0 continuation(s) 
[496.246s][info][gc,marking  ] GC(98) Mark Stack Usage: 32M
[496.246s][info][gc,nmethod  ] GC(98) NMethods: 9364 registered, 1628 unregistered
[496.246s][info][gc,metaspace] GC(98) Metaspace: 131M used, 132M committed, 1152M reserved
[496.246s][info][gc,ref      ] GC(98) Soft: 6082 encountered, 0 discovered, 0 enqueued
[496.246s][info][gc,ref      ] GC(98) Weak: 23200 encountered, 924 discovered, 0 enqueued
[496.246s][info][gc,ref      ] GC(98) Final: 34 encountered, 0 discovered, 0 enqueued
[496.246s][info][gc,ref      ] GC(98) Phantom: 726 encountered, 654 discovered, 0 enqueued
[496.246s][info][gc,reloc    ] GC(98) Small Pages: 2893 / 5786M, Empty: 1756M, Relocated: 125M, In-Place: 0
[496.246s][info][gc,reloc    ] GC(98) Medium Pages: 2 / 64M, Empty: 0M, Relocated: 0M, In-Place: 0
[496.246s][info][gc,reloc    ] GC(98) Large Pages: 0 / 0M, Empty: 0M, Relocated: 0M, In-Place: 0
[496.246s][info][gc,reloc    ] GC(98) Forwarding Usage: 38M
[496.246s][info][gc,heap     ] GC(98) Min Capacity: 8192M(100%)
[496.246s][info][gc,heap     ] GC(98) Max Capacity: 8192M(100%)
[496.246s][info][gc,heap     ] GC(98) Soft Max Capacity: 8192M(100%)
[496.246s][info][gc,heap     ] GC(98)                Mark Start          Mark End        Relocate Start      Relocate End           High               Low         
[496.246s][info][gc,heap     ] GC(98)  Capacity:     8192M (100%)       8192M (100%)       8192M (100%)       8192M (100%)       8192M (100%)       8192M (100%)   
[496.246s][info][gc,heap     ] GC(98)      Free:     2342M (29%)        1420M (17%)        3150M (38%)        6504M (79%)        6508M (79%)        1402M (17%)    
[496.246s][info][gc,heap     ] GC(98)      Used:     5850M (71%)        6772M (83%)        5042M (62%)        1688M (21%)        6790M (83%)        1684M (21%)    
[496.246s][info][gc,heap     ] GC(98)      Live:         -               600M (7%)          600M (7%)          600M (7%)             -                  -          
[496.246s][info][gc,heap     ] GC(98) Allocated:         -               922M (11%)         948M (12%)        1010M (12%)            -                  -          
[496.246s][info][gc,heap     ] GC(98)   Garbage:         -              5249M (64%)        3493M (43%)          77M (1%)             -                  -          
[496.246s][info][gc,heap     ] GC(98) Reclaimed:         -                  -              1756M (21%)        5172M (63%)            -                  -          
[496.246s][info][gc          ] GC(98) Garbage Collection (Allocation Rate) 5850M(71%)->1688M(21%)
[500.268s][info][gc,stats    ] === Garbage Collection Statistics =======================================================================================================================
[500.268s][info][gc,stats    ]                                                              Last 10s              Last 10m              Last 10h                Total
[500.268s][info][gc,stats    ]                                                              Avg / Max             Avg / Max             Avg / Max             Avg / Max
[500.268s][info][gc,stats    ]   Collector: Garbage Collection Cycle                    908.771 / 938.682    1319.201 / 7809.708   1319.201 / 7809.708   1319.201 / 7809.708    ms
[500.268s][info][gc,stats    ]  Contention: Mark Segment Reset Contention                     0 / 0                 0 / 9                 0 / 9                 0 / 9           ops/s
[500.268s][info][gc,stats    ]  Contention: Mark SeqNum Reset Contention                      0 / 0                 0 / 1                 0 / 1                 0 / 1           ops/s
[500.268s][info][gc,stats    ]    Critical: Allocation Stall                                  0 / 0                 0 / 0                 0 / 0                 0 / 0           ops/s
[500.268s][info][gc,stats    ]    Critical: Allocation Stall                              0.000 / 0.000         0.000 / 0.000         0.000 / 0.000         0.000 / 0.000       ms
[500.268s][info][gc,stats    ]    Critical: GC Locker Stall                                   0 / 0                 0 / 2                 0 / 2                 0 / 2           ops/s
[500.268s][info][gc,stats    ]    Critical: GC Locker Stall                               0.000 / 0.000         0.045 / 0.151         0.045 / 0.151         0.045 / 0.151       ms
[500.268s][info][gc,stats    ]    Critical: Relocation Stall                                  0 / 0                 0 / 0                 0 / 0                 0 / 0           ops/s
[500.268s][info][gc,stats    ]    Critical: Relocation Stall                              0.000 / 0.000         0.000 / 0.000         0.000 / 0.000         0.000 / 0.000       ms
[500.268s][info][gc,stats    ]      Memory: Allocation Rate                                 893 / 1190            633 / 1246            633 / 1246            633 / 1246        MB/s
[500.268s][info][gc,stats    ]      Memory: Defragment                                        0 / 0                 0 / 0                 0 / 0                 0 / 0           ops/s
[500.268s][info][gc,stats    ]      Memory: Out Of Memory                                     0 / 0                 0 / 0                 0 / 0                 0 / 0           ops/s
[500.268s][info][gc,stats    ]      Memory: Page Cache Flush                                  0 / 0                 0 / 0                 0 / 0                 0 / 0           MB/s
[500.268s][info][gc,stats    ]      Memory: Page Cache Hit L1                               458 / 615             316 / 633             316 / 633             316 / 633         ops/s
[500.268s][info][gc,stats    ]      Memory: Page Cache Hit L2                                 0 / 0                 0 / 0                 0 / 0                 0 / 0           ops/s
[500.268s][info][gc,stats    ]      Memory: Page Cache Hit L3                                 0 / 0                 7 / 397               7 / 397               7 / 397         ops/s
[500.268s][info][gc,stats    ]      Memory: Page Cache Miss                                   0 / 0                 0 / 1                 0 / 1                 0 / 1           ops/s
[500.268s][info][gc,stats    ]      Memory: Uncommit                                          0 / 0                 0 / 0                 0 / 0                 0 / 0           MB/s
[500.268s][info][gc,stats    ]      Memory: Undo Object Allocation Failed                     0 / 0                 0 / 0                 0 / 0                 0 / 0           ops/s
[500.268s][info][gc,stats    ]      Memory: Undo Object Allocation Succeeded                  0 / 2                 4 / 400               4 / 400               4 / 400         ops/s
[500.268s][info][gc,stats    ]      Memory: Undo Page Allocation                              0 / 0                 0 / 1                 0 / 1                 0 / 1           ops/s
[500.268s][info][gc,stats    ]       Phase: Concurrent Mark                             783.467 / 816.683     977.942 / 5264.294    977.942 / 5264.294    977.942 / 5264.294    ms
[500.268s][info][gc,stats    ]       Phase: Concurrent Mark Continue                      0.000 / 0.000         0.000 / 0.000         0.000 / 0.000         0.000 / 0.000       ms
[500.268s][info][gc,stats    ]       Phase: Concurrent Mark Free                          0.001 / 0.001         0.001 / 0.003         0.001 / 0.003         0.001 / 0.003       ms
[500.268s][info][gc,stats    ]       Phase: Concurrent Process Non-Strong References     16.772 / 17.029       39.377 / 1493.667     39.377 / 1493.667     39.377 / 1493.667    ms
[500.268s][info][gc,stats    ]       Phase: Concurrent Relocate                          88.354 / 90.580       48.670 / 150.389      48.670 / 150.389      48.670 / 150.389     ms
[500.268s][info][gc,stats    ]       Phase: Concurrent Reset Relocation Set               0.204 / 0.238         0.116 / 0.465         0.116 / 0.465         0.116 / 0.465       ms
[500.268s][info][gc,stats    ]       Phase: Concurrent Select Relocation Set             19.400 / 20.782      242.285 / 2796.200    242.285 / 2796.200    242.285 / 2796.200    ms
[500.269s][info][gc,stats    ]       Phase: Pause Mark End                                0.014 / 0.018         0.086 / 4.475         0.086 / 4.475         0.086 / 4.475       ms
[500.269s][info][gc,stats    ]       Phase: Pause Mark Start                              0.008 / 0.008         0.083 / 7.250         0.083 / 7.250         0.083 / 7.250       ms
[500.269s][info][gc,stats    ]       Phase: Pause Relocate Start                          0.007 / 0.008         0.034 / 1.046         0.034 / 1.046         0.034 / 1.046       ms
[500.269s][info][gc,stats    ]    Subphase: Concurrent Classes Purge                      0.617 / 1.189         0.706 / 5.775         0.706 / 5.775         0.706 / 5.775       ms
[500.269s][info][gc,stats    ]    Subphase: Concurrent Classes Unlink                    13.131 / 13.411       29.771 / 1489.339     29.771 / 1489.339     29.771 / 1489.339    ms
[500.269s][info][gc,stats    ]    Subphase: Concurrent Mark                             780.194 / 814.154     887.846 / 5176.991    887.846 / 5176.991    887.846 / 5176.991    ms
[500.269s][info][gc,stats    ]    Subphase: Concurrent Mark Try Flush                     0.068 / 0.239         4.646 / 786.951       4.646 / 786.951       4.646 / 786.951     ms
[500.269s][info][gc,stats    ]    Subphase: Concurrent Mark Try Terminate                 0.010 / 0.021         1.055 / 12.169        1.055 / 12.169        1.055 / 12.169      ms
[500.269s][info][gc,stats    ]    Subphase: Concurrent References Enqueue                 0.001 / 0.003         0.002 / 0.006         0.002 / 0.006         0.002 / 0.006       ms
[500.269s][info][gc,stats    ]    Subphase: Concurrent References Process                 0.231 / 0.270         0.535 / 2.815         0.535 / 2.815         0.535 / 2.815       ms
[500.269s][info][gc,stats    ]    Subphase: Concurrent Roots ClassLoaderDataGraph         0.385 / 0.385         0.717 / 40.174        0.717 / 40.174        0.717 / 40.174      ms
[500.269s][info][gc,stats    ]    Subphase: Concurrent Roots CodeCache                    0.000 / 0.000         0.000 / 0.000         0.000 / 0.000         0.000 / 0.000       ms
[500.269s][info][gc,stats    ]    Subphase: Concurrent Roots JavaThreads                  3.034 / 3.034         8.338 / 441.054       8.338 / 441.054       8.338 / 441.054     ms
[500.269s][info][gc,stats    ]    Subphase: Concurrent Roots OopStorageSet                0.449 / 0.449         1.541 / 136.487       1.541 / 136.487       1.541 / 136.487     ms
[500.269s][info][gc,stats    ]    Subphase: Concurrent Weak Roots OopStorageSet           2.465 / 2.487         1.725 / 11.047        1.725 / 11.047        1.725 / 11.047      ms
[500.269s][info][gc,stats    ]    Subphase: Pause Mark Try Complete                       0.000 / 0.000         0.001 / 0.003         0.001 / 0.003         0.001 / 0.003       ms
[500.269s][info][gc,stats    ]      System: Java Threads                                     77 / 77               74 / 83               74 / 83               74 / 83          threads
[500.269s][info][gc,stats    ] =========================================================================================================================================================
[503.968s][info][gc,start    ] GC(99) Garbage Collection (Allocation Rate)
[503.968s][info][gc,task     ] GC(99) Using 2 workers
[503.968s][info][gc,phases   ] GC(99) Pause Mark Start 0.008ms
[504.300s][info][gc,phases   ] GC(99) Concurrent Mark 331.999ms
[504.300s][info][gc,phases   ] GC(99) Pause Mark End 0.008ms
[504.300s][info][gc,phases   ] GC(99) Concurrent Mark Free 0.000ms
[504.310s][info][gc,phases   ] GC(99) Concurrent Process Non-Strong References 9.640ms
[504.310s][info][gc,phases   ] GC(99) Concurrent Reset Relocation Set 0.143ms
[504.314s][info][gc,phases   ] GC(99) Concurrent Select Relocation Set 3.658ms
[504.314s][info][gc,phases   ] GC(99) Pause Relocate Start 0.005ms
[504.336s][info][gc,phases   ] GC(99) Concurrent Relocate 21.820ms
[504.336s][info][gc,load     ] GC(99) Load: 0.00/0.00/0.00
[504.336s][info][gc,mmu      ] GC(99) MMU: 2ms/0.0%, 5ms/0.0%, 10ms/27.5%, 20ms/63.8%, 50ms/85.5%, 100ms/92.8%
[504.336s][info][gc,marking  ] GC(99) Mark: 2 stripe(s), 2 proactive flush(es), 1 terminate flush(es), 0 completion(s), 0 continuation(s) 
[504.336s][info][gc,marking  ] GC(99) Mark Stack Usage: 32M
[504.336s][info][gc,nmethod  ] GC(99) NMethods: 9375 registered, 1635 unregistered
[504.336s][info][gc,metaspace] GC(99) Metaspace: 131M used, 132M committed, 1152M reserved
[504.336s][info][gc,ref      ] GC(99) Soft: 6082 encountered, 0 discovered, 0 enqueued
[504.336s][info][gc,ref      ] GC(99) Weak: 23200 encountered, 6402 discovered, 1 enqueued
[504.336s][info][gc,ref      ] GC(99) Final: 34 encountered, 0 discovered, 0 enqueued
[504.336s][info][gc,ref      ] GC(99) Phantom: 726 encountered, 603 discovered, 0 enqueued
[504.336s][info][gc,reloc    ] GC(99) Small Pages: 3405 / 6810M, Empty: 3636M, Relocated: 47M, In-Place: 0
[504.336s][info][gc,reloc    ] GC(99) Medium Pages: 2 / 64M, Empty: 0M, Relocated: 0M, In-Place: 0
[504.336s][info][gc,reloc    ] GC(99) Large Pages: 0 / 0M, Empty: 0M, Relocated: 0M, In-Place: 0
[504.336s][info][gc,reloc    ] GC(99) Forwarding Usage: 16M
[504.336s][info][gc,heap     ] GC(99) Min Capacity: 8192M(100%)
[504.336s][info][gc,heap     ] GC(99) Max Capacity: 8192M(100%)
[504.336s][info][gc,heap     ] GC(99) Soft Max Capacity: 8192M(100%)
[504.336s][info][gc,heap     ] GC(99)                Mark Start          Mark End        Relocate Start      Relocate End           High               Low         
[504.336s][info][gc,heap     ] GC(99)  Capacity:     8192M (100%)       8192M (100%)       8192M (100%)       8192M (100%)       8192M (100%)       8192M (100%)   
[504.336s][info][gc,heap     ] GC(99)      Free:     1318M (16%)        1084M (13%)        4714M (58%)        7324M (89%)        7324M (89%)        1080M (13%)    
[504.336s][info][gc,heap     ] GC(99)      Used:     6874M (84%)        7108M (87%)        3478M (42%)         868M (11%)        7112M (87%)         868M (11%)    
[504.336s][info][gc,heap     ] GC(99)      Live:         -               530M (6%)          530M (6%)          530M (6%)             -                  -          
[504.336s][info][gc,heap     ] GC(99) Allocated:         -               234M (3%)          240M (3%)          255M (3%)             -                  -          
[504.336s][info][gc,heap     ] GC(99)   Garbage:         -              6343M (77%)        2707M (33%)          82M (1%)             -                  -          
[504.336s][info][gc,heap     ] GC(99) Reclaimed:         -                  -              3636M (44%)        6261M (76%)            -                  -          
[504.336s][info][gc          ] GC(99) Garbage Collection (Allocation Rate) 6874M(84%)->868M(11%)
[510.268s][info][gc,stats    ] === Garbage Collection Statistics =======================================================================================================================
[510.268s][info][gc,stats    ]                                                              Last 10s              Last 10m              Last 10h                Total
[510.268s][info][gc,stats    ]                                                              Avg / Max             Avg / Max             Avg / Max             Avg / Max
[510.268s][info][gc,stats    ]   Collector: Garbage Collection Cycle                    367.918 / 367.918    1309.688 / 7809.708   1309.688 / 7809.708   1309.688 / 7809.708    ms
[510.268s][info][gc,stats    ]  Contention: Mark Segment Reset Contention                     0 / 0                 0 / 9                 0 / 9                 0 / 9           ops/s
[510.268s][info][gc,stats    ]  Contention: Mark SeqNum Reset Contention                      0 / 0                 0 / 1                 0 / 1                 0 / 1           ops/s
[510.268s][info][gc,stats    ]    Critical: Allocation Stall                                  0 / 0                 0 / 0                 0 / 0                 0 / 0           ops/s
[510.268s][info][gc,stats    ]    Critical: Allocation Stall                              0.000 / 0.000         0.000 / 0.000         0.000 / 0.000         0.000 / 0.000       ms
[510.268s][info][gc,stats    ]    Critical: GC Locker Stall                                   0 / 0                 0 / 2                 0 / 2                 0 / 2           ops/s
[510.268s][info][gc,stats    ]    Critical: GC Locker Stall                               0.000 / 0.000         0.045 / 0.151         0.045 / 0.151         0.045 / 0.151       ms
[510.268s][info][gc,stats    ]    Critical: Relocation Stall                                  0 / 0                 0 / 0                 0 / 0                 0 / 0           ops/s
[510.268s][info][gc,stats    ]    Critical: Relocation Stall                              0.000 / 0.000         0.000 / 0.000         0.000 / 0.000         0.000 / 0.000       ms
[510.268s][info][gc,stats    ]      Memory: Allocation Rate                                 704 / 1026            635 / 1246            635 / 1246            635 / 1246        MB/s
[510.268s][info][gc,stats    ]      Memory: Defragment                                        0 / 0                 0 / 0                 0 / 0                 0 / 0           ops/s
[510.268s][info][gc,stats    ]      Memory: Out Of Memory                                     0 / 0                 0 / 0                 0 / 0                 0 / 0           ops/s
[510.268s][info][gc,stats    ]      Memory: Page Cache Flush                                  0 / 0                 0 / 0                 0 / 0                 0 / 0           MB/s
[510.268s][info][gc,stats    ]      Memory: Page Cache Hit L1                               354 / 513             317 / 633             317 / 633             317 / 633         ops/s
[510.268s][info][gc,stats    ]      Memory: Page Cache Hit L2                                 0 / 0                 0 / 0                 0 / 0                 0 / 0           ops/s
[510.268s][info][gc,stats    ]      Memory: Page Cache Hit L3                                 0 / 0                 7 / 397               7 / 397               7 / 397         ops/s
[510.268s][info][gc,stats    ]      Memory: Page Cache Miss                                   0 / 0                 0 / 1                 0 / 1                 0 / 1           ops/s
[510.268s][info][gc,stats    ]      Memory: Uncommit                                          0 / 0                 0 / 0                 0 / 0                 0 / 0           MB/s
[510.268s][info][gc,stats    ]      Memory: Undo Object Allocation Failed                     0 / 0                 0 / 0                 0 / 0                 0 / 0           ops/s
[510.268s][info][gc,stats    ]      Memory: Undo Object Allocation Succeeded                  0 / 1                 3 / 400               3 / 400               3 / 400         ops/s
[510.268s][info][gc,stats    ]      Memory: Undo Page Allocation                              0 / 0                 0 / 1                 0 / 1                 0 / 1           ops/s
[510.268s][info][gc,stats    ]       Phase: Concurrent Mark                             331.999 / 331.999     971.482 / 5264.294    971.482 / 5264.294    971.482 / 5264.294    ms
[510.268s][info][gc,stats    ]       Phase: Concurrent Mark Continue                      0.000 / 0.000         0.000 / 0.000         0.000 / 0.000         0.000 / 0.000       ms
[510.268s][info][gc,stats    ]       Phase: Concurrent Mark Free                          0.000 / 0.000         0.001 / 0.003         0.001 / 0.003         0.001 / 0.003       ms
[510.268s][info][gc,stats    ]       Phase: Concurrent Process Non-Strong References      9.640 / 9.640        39.080 / 1493.667     39.080 / 1493.667     39.080 / 1493.667    ms
[510.268s][info][gc,stats    ]       Phase: Concurrent Relocate                          21.820 / 21.820       48.402 / 150.389      48.402 / 150.389      48.402 / 150.389     ms
[510.268s][info][gc,stats    ]       Phase: Concurrent Reset Relocation Set               0.143 / 0.143         0.116 / 0.465         0.116 / 0.465         0.116 / 0.465       ms
[510.268s][info][gc,stats    ]       Phase: Concurrent Select Relocation Set              3.658 / 3.658       239.899 / 2796.200    239.899 / 2796.200    239.899 / 2796.200    ms
[510.268s][info][gc,stats    ]       Phase: Pause Mark End                                0.008 / 0.008         0.085 / 4.475         0.085 / 4.475         0.085 / 4.475       ms
[510.268s][info][gc,stats    ]       Phase: Pause Mark Start                              0.008 / 0.008         0.082 / 7.250         0.082 / 7.250         0.082 / 7.250       ms
[510.268s][info][gc,stats    ]       Phase: Pause Relocate Start                          0.005 / 0.005         0.033 / 1.046         0.033 / 1.046         0.033 / 1.046       ms
[510.268s][info][gc,stats    ]    Subphase: Concurrent Classes Purge                      0.869 / 0.869         0.708 / 5.775         0.708 / 5.775         0.708 / 5.775       ms
[510.268s][info][gc,stats    ]    Subphase: Concurrent Classes Unlink                     6.954 / 6.954        29.543 / 1489.339     29.543 / 1489.339     29.543 / 1489.339    ms
[510.268s][info][gc,stats    ]    Subphase: Concurrent Mark                             330.348 / 330.659     881.652 / 5176.991    881.652 / 5176.991    881.652 / 5176.991    ms
[510.268s][info][gc,stats    ]    Subphase: Concurrent Mark Try Flush                     0.125 / 0.296         4.603 / 786.951       4.603 / 786.951       4.603 / 786.951     ms
[510.268s][info][gc,stats    ]    Subphase: Concurrent Mark Try Terminate                 0.376 / 1.115         1.054 / 12.169        1.054 / 12.169        1.054 / 12.169      ms
[510.268s][info][gc,stats    ]    Subphase: Concurrent References Enqueue                 0.001 / 0.001         0.002 / 0.006         0.002 / 0.006         0.002 / 0.006       ms
[510.268s][info][gc,stats    ]    Subphase: Concurrent References Process                 0.429 / 0.429         0.534 / 2.815         0.534 / 2.815         0.534 / 2.815       ms
[510.268s][info][gc,stats    ]    Subphase: Concurrent Roots ClassLoaderDataGraph         0.186 / 0.300         0.711 / 40.174        0.711 / 40.174        0.711 / 40.174      ms
[510.268s][info][gc,stats    ]    Subphase: Concurrent Roots CodeCache                    0.000 / 0.000         0.000 / 0.000         0.000 / 0.000         0.000 / 0.000       ms
[510.268s][info][gc,stats    ]    Subphase: Concurrent Roots JavaThreads                  1.014 / 1.129         8.256 / 441.054       8.256 / 441.054       8.256 / 441.054     ms
[510.268s][info][gc,stats    ]    Subphase: Concurrent Roots OopStorageSet                0.050 / 0.060         1.525 / 136.487       1.525 / 136.487       1.525 / 136.487     ms
[510.268s][info][gc,stats    ]    Subphase: Concurrent Weak Roots OopStorageSet           1.170 / 1.190         1.719 / 11.047        1.719 / 11.047        1.719 / 11.047      ms
[510.268s][info][gc,stats    ]    Subphase: Pause Mark Try Complete                       0.000 / 0.000         0.001 / 0.003         0.001 / 0.003         0.001 / 0.003       ms
[510.268s][info][gc,stats    ]      System: Java Threads                                     77 / 77               74 / 83               74 / 83               74 / 83          threads
[510.268s][info][gc,stats    ] =========================================================================================================================================================
[512.068s][info][gc,start    ] GC(100) Garbage Collection (Allocation Rate)
[512.068s][info][gc,task     ] GC(100) Using 1 workers
[512.068s][info][gc,phases   ] GC(100) Pause Mark Start 0.004ms
[512.852s][info][gc,phases   ] GC(100) Concurrent Mark 783.825ms
[512.852s][info][gc,phases   ] GC(100) Pause Mark End 0.016ms
[512.852s][info][gc,phases   ] GC(100) Concurrent Mark Free 0.001ms
[512.873s][info][gc,phases   ] GC(100) Concurrent Process Non-Strong References 20.627ms
[512.873s][info][gc,phases   ] GC(100) Concurrent Reset Relocation Set 0.094ms
[512.888s][info][gc,phases   ] GC(100) Concurrent Select Relocation Set 14.851ms
[512.888s][info][gc,phases   ] GC(100) Pause Relocate Start 0.187ms
[512.957s][info][gc,phases   ] GC(100) Concurrent Relocate 69.070ms
[512.957s][info][gc,load     ] GC(100) Load: 0.00/0.00/0.00
[512.957s][info][gc,mmu      ] GC(100) MMU: 2ms/0.0%, 5ms/0.0%, 10ms/27.5%, 20ms/63.8%, 50ms/85.5%, 100ms/92.8%
[512.957s][info][gc,marking  ] GC(100) Mark: 1 stripe(s), 2 proactive flush(es), 1 terminate flush(es), 0 completion(s), 0 continuation(s) 
[512.957s][info][gc,marking  ] GC(100) Mark Stack Usage: 32M
[512.957s][info][gc,nmethod  ] GC(100) NMethods: 9459 registered, 1657 unregistered
[512.957s][info][gc,metaspace] GC(100) Metaspace: 131M used, 132M committed, 1152M reserved
[512.957s][info][gc,ref      ] GC(100) Soft: 6082 encountered, 0 discovered, 0 enqueued
[512.957s][info][gc,ref      ] GC(100) Weak: 23205 encountered, 931 discovered, 3 enqueued
[512.957s][info][gc,ref      ] GC(100) Final: 34 encountered, 0 discovered, 0 enqueued
[512.957s][info][gc,ref      ] GC(100) Phantom: 735 encountered, 571 discovered, 0 enqueued
[512.957s][info][gc,reloc    ] GC(100) Small Pages: 3510 / 7020M, Empty: 2314M, Relocated: 89M, In-Place: 0
[512.957s][info][gc,reloc    ] GC(100) Medium Pages: 2 / 64M, Empty: 0M, Relocated: 0M, In-Place: 0
[512.957s][info][gc,reloc    ] GC(100) Large Pages: 0 / 0M, Empty: 0M, Relocated: 0M, In-Place: 0
[512.957s][info][gc,reloc    ] GC(100) Forwarding Usage: 27M
[512.957s][info][gc,heap     ] GC(100) Min Capacity: 8192M(100%)
[512.957s][info][gc,heap     ] GC(100) Max Capacity: 8192M(100%)
[512.957s][info][gc,heap     ] GC(100) Soft Max Capacity: 8192M(100%)
[512.957s][info][gc,heap     ] GC(100)                Mark Start          Mark End        Relocate Start      Relocate End           High               Low         
[512.957s][info][gc,heap     ] GC(100)  Capacity:     8192M (100%)       8192M (100%)       8192M (100%)       8192M (100%)       8192M (100%)       8192M (100%)   
[512.957s][info][gc,heap     ] GC(100)      Free:     1108M (14%)         530M (6%)         2826M (34%)        6870M (84%)        6872M (84%)         518M (6%)     
[512.957s][info][gc,heap     ] GC(100)      Used:     7084M (86%)        7662M (94%)        5366M (66%)        1322M (16%)        7674M (94%)        1320M (16%)    
[512.957s][info][gc,heap     ] GC(100)      Live:         -               565M (7%)          565M (7%)          565M (7%)             -                  -          
[512.957s][info][gc,heap     ] GC(100) Allocated:         -               578M (7%)          596M (7%)          678M (8%)             -                  -          
[512.957s][info][gc,heap     ] GC(100)   Garbage:         -              6518M (80%)        4204M (51%)          78M (1%)             -                  -          
[512.957s][info][gc,heap     ] GC(100) Reclaimed:         -                  -              2314M (28%)        6440M (79%)            -                  -          
[512.957s][info][gc          ] GC(100) Garbage Collection (Allocation Rate) 7084M(86%)->1322M(16%)
[519.867s][info][gc,start    ] GC(101) Garbage Collection (Allocation Rate)
[519.868s][info][gc,task     ] GC(101) Using 2 workers
[519.868s][info][gc,phases   ] GC(101) Pause Mark Start 0.005ms
[520.267s][info][gc,stats    ] === Garbage Collection Statistics =======================================================================================================================
[520.268s][info][gc,stats    ]                                                              Last 10s              Last 10m              Last 10h                Total
[520.268s][info][gc,stats    ]                                                              Avg / Max             Avg / Max             Avg / Max             Avg / Max
[520.268s][info][gc,stats    ]   Collector: Garbage Collection Cycle                    889.397 / 889.397    1305.527 / 7809.708   1305.527 / 7809.708   1305.527 / 7809.708    ms
[520.268s][info][gc,stats    ]  Contention: Mark Segment Reset Contention                     0 / 0                 0 / 9                 0 / 9                 0 / 9           ops/s
[520.268s][info][gc,stats    ]  Contention: Mark SeqNum Reset Contention                      0 / 0                 0 / 1                 0 / 1                 0 / 1           ops/s
[520.268s][info][gc,stats    ]    Critical: Allocation Stall                                  0 / 0                 0 / 0                 0 / 0                 0 / 0           ops/s
[520.268s][info][gc,stats    ]    Critical: Allocation Stall                              0.000 / 0.000         0.000 / 0.000         0.000 / 0.000         0.000 / 0.000       ms
[520.268s][info][gc,stats    ]    Critical: GC Locker Stall                                   0 / 0                 0 / 2                 0 / 2                 0 / 2           ops/s
[520.268s][info][gc,stats    ]    Critical: GC Locker Stall                               0.000 / 0.000         0.045 / 0.151         0.045 / 0.151         0.045 / 0.151       ms
[520.268s][info][gc,stats    ]    Critical: Relocation Stall                                  0 / 0                 0 / 0                 0 / 0                 0 / 0           ops/s
[520.268s][info][gc,stats    ]    Critical: Relocation Stall                              0.000 / 0.000         0.000 / 0.000         0.000 / 0.000         0.000 / 0.000       ms
[520.268s][info][gc,stats    ]      Memory: Allocation Rate                                 838 / 1048            639 / 1246            639 / 1246            639 / 1246        MB/s
[520.268s][info][gc,stats    ]      Memory: Defragment                                        0 / 0                 0 / 0                 0 / 0                 0 / 0           ops/s
[520.268s][info][gc,stats    ]      Memory: Out Of Memory                                     0 / 0                 0 / 0                 0 / 0                 0 / 0           ops/s
[520.268s][info][gc,stats    ]      Memory: Page Cache Flush                                  0 / 0                 0 / 0                 0 / 0                 0 / 0           MB/s
[520.268s][info][gc,stats    ]      Memory: Page Cache Hit L1                               423 / 524             319 / 633             319 / 633             319 / 633         ops/s
[520.268s][info][gc,stats    ]      Memory: Page Cache Hit L2                                 0 / 0                 0 / 0                 0 / 0                 0 / 0           ops/s
[520.268s][info][gc,stats    ]      Memory: Page Cache Hit L3                                 0 / 0                 7 / 397               7 / 397               7 / 397         ops/s
[520.268s][info][gc,stats    ]      Memory: Page Cache Miss                                   0 / 0                 0 / 1                 0 / 1                 0 / 1           ops/s
[520.268s][info][gc,stats    ]      Memory: Uncommit                                          0 / 0                 0 / 0                 0 / 0                 0 / 0           MB/s
[520.268s][info][gc,stats    ]      Memory: Undo Object Allocation Failed                     0 / 0                 0 / 0                 0 / 0                 0 / 0           ops/s
[520.268s][info][gc,stats    ]      Memory: Undo Object Allocation Succeeded                  0 / 3                 3 / 400               3 / 400               3 / 400         ops/s
[520.268s][info][gc,stats    ]      Memory: Undo Page Allocation                              0 / 0                 0 / 1                 0 / 1                 0 / 1           ops/s
[520.268s][info][gc,stats    ]       Phase: Concurrent Mark                             783.825 / 783.825     969.624 / 5264.294    969.624 / 5264.294    969.624 / 5264.294    ms
[520.268s][info][gc,stats    ]       Phase: Concurrent Mark Continue                      0.000 / 0.000         0.000 / 0.000         0.000 / 0.000         0.000 / 0.000       ms
[520.268s][info][gc,stats    ]       Phase: Concurrent Mark Free                          0.001 / 0.001         0.001 / 0.003         0.001 / 0.003         0.001 / 0.003       ms
[520.268s][info][gc,stats    ]       Phase: Concurrent Process Non-Strong References     20.627 / 20.627       38.897 / 1493.667     38.897 / 1493.667     38.897 / 1493.667    ms
[520.268s][info][gc,stats    ]       Phase: Concurrent Relocate                          69.070 / 69.070       48.606 / 150.389      48.606 / 150.389      48.606 / 150.389     ms
[520.268s][info][gc,stats    ]       Phase: Concurrent Reset Relocation Set               0.094 / 0.094         0.116 / 0.465         0.116 / 0.465         0.116 / 0.465       ms
[520.268s][info][gc,stats    ]       Phase: Concurrent Select Relocation Set             14.851 / 14.851      237.670 / 2796.200    237.670 / 2796.200    237.670 / 2796.200    ms
[520.268s][info][gc,stats    ]       Phase: Pause Mark End                                0.016 / 0.016         0.084 / 4.475         0.084 / 4.475         0.084 / 4.475       ms
[520.268s][info][gc,stats    ]       Phase: Pause Mark Start                              0.005 / 0.005         0.081 / 7.250         0.081 / 7.250         0.081 / 7.250       ms
[520.268s][info][gc,stats    ]       Phase: Pause Relocate Start                          0.187 / 0.187         0.035 / 1.046         0.035 / 1.046         0.035 / 1.046       ms
[520.268s][info][gc,stats    ]    Subphase: Concurrent Classes Purge                      1.357 / 1.357         0.714 / 5.775         0.714 / 5.775         0.714 / 5.775       ms
[520.268s][info][gc,stats    ]    Subphase: Concurrent Classes Unlink                    15.861 / 15.861       29.408 / 1489.339     29.408 / 1489.339     29.408 / 1489.339    ms
[520.268s][info][gc,stats    ]    Subphase: Concurrent Mark                             781.458 / 781.458     881.098 / 5176.991    881.098 / 5176.991    881.098 / 5176.991    ms
[520.268s][info][gc,stats    ]    Subphase: Concurrent Mark Try Flush                     0.094 / 0.168         4.559 / 786.951       4.559 / 786.951       4.559 / 786.951     ms
[520.268s][info][gc,stats    ]    Subphase: Concurrent Mark Try Terminate                 0.009 / 0.018         1.053 / 12.169        1.053 / 12.169        1.053 / 12.169      ms
[520.268s][info][gc,stats    ]    Subphase: Concurrent References Enqueue                 0.002 / 0.002         0.002 / 0.006         0.002 / 0.006         0.002 / 0.006       ms
[520.268s][info][gc,stats    ]    Subphase: Concurrent References Process                 0.254 / 0.254         0.532 / 2.815         0.532 / 2.815         0.532 / 2.815       ms
[520.268s][info][gc,stats    ]    Subphase: Concurrent Roots ClassLoaderDataGraph         0.328 / 0.536         0.704 / 40.174        0.704 / 40.174        0.704 / 40.174      ms
[520.268s][info][gc,stats    ]    Subphase: Concurrent Roots CodeCache                    0.000 / 0.000         0.000 / 0.000         0.000 / 0.000         0.000 / 0.000       ms
[520.268s][info][gc,stats    ]    Subphase: Concurrent Roots JavaThreads                  1.910 / 2.045         8.152 / 441.054       8.152 / 441.054       8.152 / 441.054     ms
[520.268s][info][gc,stats    ]    Subphase: Concurrent Roots OopStorageSet                0.066 / 0.075         1.501 / 136.487       1.501 / 136.487       1.501 / 136.487     ms
[520.268s][info][gc,stats    ]    Subphase: Concurrent Weak Roots OopStorageSet           2.893 / 2.893         1.725 / 11.047        1.725 / 11.047        1.725 / 11.047      ms
[520.268s][info][gc,stats    ]    Subphase: Pause Mark Try Complete                       0.000 / 0.000         0.001 / 0.003         0.001 / 0.003         0.001 / 0.003       ms
[520.268s][info][gc,stats    ]      System: Java Threads                                     77 / 77               74 / 83               74 / 83               74 / 83          threads
[520.268s][info][gc,stats    ] =========================================================================================================================================================
[520.314s][info][gc,phases   ] GC(101) Concurrent Mark 446.795ms
[520.315s][info][gc,phases   ] GC(101) Pause Mark End 0.014ms
[520.315s][info][gc,phases   ] GC(101) Concurrent Mark Free 0.001ms
[520.324s][info][gc,phases   ] GC(101) Concurrent Process Non-Strong References 9.126ms
[520.324s][info][gc,phases   ] GC(101) Concurrent Reset Relocation Set 0.145ms
[520.330s][info][gc,phases   ] GC(101) Concurrent Select Relocation Set 6.446ms
[520.331s][info][gc,phases   ] GC(101) Pause Relocate Start 0.011ms
[520.375s][info][gc,phases   ] GC(101) Concurrent Relocate 44.781ms
[520.376s][info][gc,load     ] GC(101) Load: 0.00/0.00/0.00
[520.376s][info][gc,mmu      ] GC(101) MMU: 2ms/0.0%, 5ms/0.0%, 10ms/27.5%, 20ms/63.8%, 50ms/85.5%, 100ms/92.8%
[520.376s][info][gc,marking  ] GC(101) Mark: 2 stripe(s), 2 proactive flush(es), 1 terminate flush(es), 0 completion(s), 0 continuation(s) 
[520.376s][info][gc,marking  ] GC(101) Mark Stack Usage: 32M
[520.376s][info][gc,nmethod  ] GC(101) NMethods: 9474 registered, 1660 unregistered
[520.376s][info][gc,metaspace] GC(101) Metaspace: 131M used, 132M committed, 1152M reserved
[520.376s][info][gc,ref      ] GC(101) Soft: 6082 encountered, 0 discovered, 0 enqueued
[520.376s][info][gc,ref      ] GC(101) Weak: 23207 encountered, 7122 discovered, 3 enqueued
[520.376s][info][gc,ref      ] GC(101) Final: 34 encountered, 0 discovered, 0 enqueued
[520.376s][info][gc,ref      ] GC(101) Phantom: 738 encountered, 507 discovered, 0 enqueued
[520.376s][info][gc,reloc    ] GC(101) Small Pages: 3527 / 7054M, Empty: 2110M, Relocated: 97M, In-Place: 0
[520.376s][info][gc,reloc    ] GC(101) Medium Pages: 2 / 64M, Empty: 0M, Relocated: 0M, In-Place: 0
[520.376s][info][gc,reloc    ] GC(101) Large Pages: 0 / 0M, Empty: 0M, Relocated: 0M, In-Place: 0
[520.376s][info][gc,reloc    ] GC(101) Forwarding Usage: 26M
[520.376s][info][gc,heap     ] GC(101) Min Capacity: 8192M(100%)
[520.376s][info][gc,heap     ] GC(101) Max Capacity: 8192M(100%)
[520.376s][info][gc,heap     ] GC(101) Soft Max Capacity: 8192M(100%)
[520.376s][info][gc,heap     ] GC(101)                Mark Start          Mark End        Relocate Start      Relocate End           High               Low         
[520.376s][info][gc,heap     ] GC(101)  Capacity:     8192M (100%)       8192M (100%)       8192M (100%)       8192M (100%)       8192M (100%)       8192M (100%)   
[520.376s][info][gc,heap     ] GC(101)      Free:     1074M (13%)         596M (7%)         2690M (33%)        7012M (86%)        7012M (86%)         588M (7%)     
[520.376s][info][gc,heap     ] GC(101)      Used:     7118M (87%)        7596M (93%)        5502M (67%)        1180M (14%)        7604M (93%)        1180M (14%)    
[520.376s][info][gc,heap     ] GC(101)      Live:         -               573M (7%)          573M (7%)          573M (7%)             -                  -          
[520.376s][info][gc,heap     ] GC(101) Allocated:         -               478M (6%)          494M (6%)          525M (6%)             -                  -          
[520.376s][info][gc,heap     ] GC(101)   Garbage:         -              6544M (80%)        4434M (54%)          81M (1%)             -                  -          
[520.376s][info][gc,heap     ] GC(101) Reclaimed:         -                  -              2110M (26%)        6463M (79%)            -                  -          
[520.376s][info][gc          ] GC(101) Garbage Collection (Allocation Rate) 7118M(87%)->1180M(14%)
[526.268s][info][gc,start    ] GC(102) Garbage Collection (Allocation Rate)
[526.268s][info][gc,task     ] GC(102) Using 2 workers
[526.268s][info][gc,phases   ] GC(102) Pause Mark Start 0.004ms
[526.689s][info][gc,phases   ] GC(102) Concurrent Mark 421.174ms
[526.689s][info][gc,phases   ] GC(102) Pause Mark End 0.021ms
[526.689s][info][gc,phases   ] GC(102) Concurrent Mark Free 0.000ms
[526.700s][info][gc,phases   ] GC(102) Concurrent Process Non-Strong References 10.354ms
[526.700s][info][gc,phases   ] GC(102) Concurrent Reset Relocation Set 0.177ms
[526.718s][info][gc,phases   ] GC(102) Concurrent Select Relocation Set 17.809ms
[526.718s][info][gc,phases   ] GC(102) Pause Relocate Start 0.006ms
[526.777s][info][gc,phases   ] GC(102) Concurrent Relocate 58.716ms
[526.777s][info][gc,load     ] GC(102) Load: 0.00/0.00/0.00
[526.777s][info][gc,mmu      ] GC(102) MMU: 2ms/0.0%, 5ms/0.0%, 10ms/27.5%, 20ms/63.8%, 50ms/85.5%, 100ms/92.8%
[526.777s][info][gc,marking  ] GC(102) Mark: 2 stripe(s), 2 proactive flush(es), 1 terminate flush(es), 0 completion(s), 0 continuation(s) 
[526.777s][info][gc,marking  ] GC(102) Mark Stack Usage: 32M
[526.777s][info][gc,nmethod  ] GC(102) NMethods: 9528 registered, 1670 unregistered
[526.777s][info][gc,metaspace] GC(102) Metaspace: 131M used, 132M committed, 1152M reserved
[526.777s][info][gc,ref      ] GC(102) Soft: 6082 encountered, 0 discovered, 0 enqueued
[526.777s][info][gc,ref      ] GC(102) Weak: 23204 encountered, 2084 discovered, 1 enqueued
[526.777s][info][gc,ref      ] GC(102) Final: 34 encountered, 0 discovered, 0 enqueued
[526.777s][info][gc,ref      ] GC(102) Phantom: 738 encountered, 497 discovered, 0 enqueued
[526.777s][info][gc,reloc    ] GC(102) Small Pages: 3432 / 6864M, Empty: 2200M, Relocated: 134M, In-Place: 0
[526.777s][info][gc,reloc    ] GC(102) Medium Pages: 2 / 64M, Empty: 0M, Relocated: 0M, In-Place: 0
[526.777s][info][gc,reloc    ] GC(102) Large Pages: 0 / 0M, Empty: 0M, Relocated: 0M, In-Place: 0
[526.777s][info][gc,reloc    ] GC(102) Forwarding Usage: 39M
[526.777s][info][gc,heap     ] GC(102) Min Capacity: 8192M(100%)
[526.777s][info][gc,heap     ] GC(102) Max Capacity: 8192M(100%)
[526.777s][info][gc,heap     ] GC(102) Soft Max Capacity: 8192M(100%)
[526.777s][info][gc,heap     ] GC(102)                Mark Start          Mark End        Relocate Start      Relocate End           High               Low         
[526.777s][info][gc,heap     ] GC(102)  Capacity:     8192M (100%)       8192M (100%)       8192M (100%)       8192M (100%)       8192M (100%)       8192M (100%)   
[526.777s][info][gc,heap     ] GC(102)      Free:     1264M (15%)         972M (12%)        3154M (39%)        7142M (87%)        7142M (87%)         964M (12%)    
[526.777s][info][gc,heap     ] GC(102)      Used:     6928M (85%)        7220M (88%)        5038M (61%)        1050M (13%)        7228M (88%)        1050M (13%)    
[526.777s][info][gc,heap     ] GC(102)      Live:         -               611M (7%)          611M (7%)          611M (7%)             -                  -          
[526.777s][info][gc,heap     ] GC(102) Allocated:         -               292M (4%)          310M (4%)          356M (4%)             -                  -          
[526.777s][info][gc,heap     ] GC(102)   Garbage:         -              6316M (77%)        4116M (50%)          81M (1%)             -                  -          
[526.777s][info][gc,heap     ] GC(102) Reclaimed:         -                  -              2200M (27%)        6234M (76%)            -                  -          
[526.777s][info][gc          ] GC(102) Garbage Collection (Allocation Rate) 6928M(85%)->1050M(13%)
[530.267s][info][gc,stats    ] === Garbage Collection Statistics =======================================================================================================================
[530.267s][info][gc,stats    ]                                                              Last 10s              Last 10m              Last 10h                Total
[530.267s][info][gc,stats    ]                                                              Avg / Max             Avg / Max             Avg / Max             Avg / Max
[530.267s][info][gc,stats    ]   Collector: Garbage Collection Cycle                    508.477 / 508.941    1290.050 / 7809.708   1290.050 / 7809.708   1290.050 / 7809.708    ms
[530.267s][info][gc,stats    ]  Contention: Mark Segment Reset Contention                     0 / 0                 0 / 9                 0 / 9                 0 / 9           ops/s
[530.267s][info][gc,stats    ]  Contention: Mark SeqNum Reset Contention                      0 / 0                 0 / 1                 0 / 1                 0 / 1           ops/s
[530.267s][info][gc,stats    ]    Critical: Allocation Stall                                  0 / 0                 0 / 0                 0 / 0                 0 / 0           ops/s
[530.267s][info][gc,stats    ]    Critical: Allocation Stall                              0.000 / 0.000         0.000 / 0.000         0.000 / 0.000         0.000 / 0.000       ms
[530.267s][info][gc,stats    ]    Critical: GC Locker Stall                                   0 / 0                 0 / 2                 0 / 2                 0 / 2           ops/s
[530.267s][info][gc,stats    ]    Critical: GC Locker Stall                               0.000 / 0.000         0.045 / 0.151         0.045 / 0.151         0.045 / 0.151       ms
[530.267s][info][gc,stats    ]    Critical: Relocation Stall                                  0 / 0                 0 / 0                 0 / 0                 0 / 0           ops/s
[530.267s][info][gc,stats    ]    Critical: Relocation Stall                              0.000 / 0.000         0.000 / 0.000         0.000 / 0.000         0.000 / 0.000       ms
[530.267s][info][gc,stats    ]      Memory: Allocation Rate                                 957 / 1142            645 / 1246            645 / 1246            645 / 1246        MB/s
[530.267s][info][gc,stats    ]      Memory: Defragment                                        0 / 0                 0 / 0                 0 / 0                 0 / 0           ops/s
[530.267s][info][gc,stats    ]      Memory: Out Of Memory                                     0 / 0                 0 / 0                 0 / 0                 0 / 0           ops/s
[530.267s][info][gc,stats    ]      Memory: Page Cache Flush                                  0 / 0                 0 / 0                 0 / 0                 0 / 0           MB/s
[530.267s][info][gc,stats    ]      Memory: Page Cache Hit L1                               489 / 576             322 / 633             322 / 633             322 / 633         ops/s
[530.267s][info][gc,stats    ]      Memory: Page Cache Hit L2                                 0 / 0                 0 / 0                 0 / 0                 0 / 0           ops/s
[530.267s][info][gc,stats    ]      Memory: Page Cache Hit L3                                 0 / 0                 7 / 397               7 / 397               7 / 397         ops/s
[530.267s][info][gc,stats    ]      Memory: Page Cache Miss                                   0 / 0                 0 / 1                 0 / 1                 0 / 1           ops/s
[530.267s][info][gc,stats    ]      Memory: Uncommit                                          0 / 0                 0 / 0                 0 / 0                 0 / 0           MB/s
[530.267s][info][gc,stats    ]      Memory: Undo Object Allocation Failed                     0 / 0                 0 / 0                 0 / 0                 0 / 0           ops/s
[530.267s][info][gc,stats    ]      Memory: Undo Object Allocation Succeeded                  0 / 1                 3 / 400               3 / 400               3 / 400         ops/s
[530.267s][info][gc,stats    ]      Memory: Undo Page Allocation                              0 / 0                 0 / 1                 0 / 1                 0 / 1           ops/s
[530.267s][info][gc,stats    ]       Phase: Concurrent Mark                             433.984 / 446.795     959.223 / 5264.294    959.223 / 5264.294    959.223 / 5264.294    ms
[530.267s][info][gc,stats    ]       Phase: Concurrent Mark Continue                      0.000 / 0.000         0.000 / 0.000         0.000 / 0.000         0.000 / 0.000       ms
[530.267s][info][gc,stats    ]       Phase: Concurrent Mark Free                          0.000 / 0.001         0.001 / 0.003         0.001 / 0.003         0.001 / 0.003       ms
[530.267s][info][gc,stats    ]       Phase: Concurrent Process Non-Strong References      9.740 / 10.354       38.331 / 1493.667     38.331 / 1493.667     38.331 / 1493.667    ms
[530.268s][info][gc,stats    ]       Phase: Concurrent Relocate                          51.749 / 58.716       48.667 / 150.389      48.667 / 150.389      48.667 / 150.389     ms
[530.268s][info][gc,stats    ]       Phase: Concurrent Reset Relocation Set               0.161 / 0.177         0.116 / 0.465         0.116 / 0.465         0.116 / 0.465       ms
[530.268s][info][gc,stats    ]       Phase: Concurrent Select Relocation Set             12.127 / 17.809      233.291 / 2796.200    233.291 / 2796.200    233.291 / 2796.200    ms
[530.268s][info][gc,stats    ]       Phase: Pause Mark End                                0.018 / 0.021         0.083 / 4.475         0.083 / 4.475         0.083 / 4.475       ms
[530.268s][info][gc,stats    ]       Phase: Pause Mark Start                              0.004 / 0.004         0.080 / 7.250         0.080 / 7.250         0.080 / 7.250       ms
[530.268s][info][gc,stats    ]       Phase: Pause Relocate Start                          0.008 / 0.011         0.034 / 1.046         0.034 / 1.046         0.034 / 1.046       ms
[530.268s][info][gc,stats    ]    Subphase: Concurrent Classes Purge                      0.415 / 0.772         0.708 / 5.775         0.708 / 5.775         0.708 / 5.775       ms
[530.268s][info][gc,stats    ]    Subphase: Concurrent Classes Unlink                     7.375 / 7.711        28.980 / 1489.339     28.980 / 1489.339     28.980 / 1489.339    ms
[530.268s][info][gc,stats    ]    Subphase: Concurrent Mark                             431.331 / 444.237     871.374 / 5176.991    871.374 / 5176.991    871.374 / 5176.991    ms
[530.268s][info][gc,stats    ]    Subphase: Concurrent Mark Try Flush                     0.089 / 0.245         4.475 / 786.951       4.475 / 786.951       4.475 / 786.951     ms
[530.268s][info][gc,stats    ]    Subphase: Concurrent Mark Try Terminate                 0.447 / 1.387         1.051 / 12.169        1.051 / 12.169        1.051 / 12.169      ms
[530.268s][info][gc,stats    ]    Subphase: Concurrent References Enqueue                 0.002 / 0.002         0.002 / 0.006         0.002 / 0.006         0.002 / 0.006       ms
[530.268s][info][gc,stats    ]    Subphase: Concurrent References Process                 0.390 / 0.562         0.529 / 2.815         0.529 / 2.815         0.529 / 2.815       ms
[530.268s][info][gc,stats    ]    Subphase: Concurrent Roots ClassLoaderDataGraph         0.182 / 0.298         0.699 / 40.174        0.699 / 40.174        0.699 / 40.174      ms
[530.268s][info][gc,stats    ]    Subphase: Concurrent Roots CodeCache                    0.000 / 0.000         0.000 / 0.000         0.000 / 0.000         0.000 / 0.000       ms
[530.268s][info][gc,stats    ]    Subphase: Concurrent Roots JavaThreads                  1.513 / 1.627         8.080 / 441.054       8.080 / 441.054       8.080 / 441.054     ms
[530.268s][info][gc,stats    ]    Subphase: Concurrent Roots OopStorageSet                0.046 / 0.053         1.485 / 136.487       1.485 / 136.487       1.485 / 136.487     ms
[530.268s][info][gc,stats    ]    Subphase: Concurrent Weak Roots OopStorageSet           1.290 / 1.351         1.716 / 11.047        1.716 / 11.047        1.716 / 11.047      ms
[530.268s][info][gc,stats    ]    Subphase: Pause Mark Try Complete                       0.000 / 0.000         0.001 / 0.003         0.001 / 0.003         0.001 / 0.003       ms
[530.268s][info][gc,stats    ]      System: Java Threads                                     77 / 77               74 / 83               74 / 83               74 / 83          threads
[530.268s][info][gc,stats    ] =========================================================================================================================================================
[535.867s][info][gc,start    ] GC(103) Garbage Collection (Allocation Rate)
[535.868s][info][gc,task     ] GC(103) Using 2 workers
[535.868s][info][gc,phases   ] GC(103) Pause Mark Start 0.006ms
[536.239s][info][gc,phases   ] GC(103) Concurrent Mark 371.852ms
[536.240s][info][gc,phases   ] GC(103) Pause Mark End 0.008ms
[536.240s][info][gc,phases   ] GC(103) Concurrent Mark Free 0.000ms
[536.249s][info][gc,phases   ] GC(103) Concurrent Process Non-Strong References 9.686ms
[536.250s][info][gc,phases   ] GC(103) Concurrent Reset Relocation Set 0.181ms
[536.254s][info][gc,phases   ] GC(103) Concurrent Select Relocation Set 4.768ms
[536.254s][info][gc,phases   ] GC(103) Pause Relocate Start 0.005ms
[536.297s][info][gc,phases   ] GC(103) Concurrent Relocate 42.266ms
[536.297s][info][gc,load     ] GC(103) Load: 0.00/0.00/0.00
[536.297s][info][gc,mmu      ] GC(103) MMU: 2ms/0.0%, 5ms/0.0%, 10ms/27.5%, 20ms/63.8%, 50ms/85.5%, 100ms/92.8%
[536.297s][info][gc,marking  ] GC(103) Mark: 2 stripe(s), 2 proactive flush(es), 1 terminate flush(es), 0 completion(s), 0 continuation(s) 
[536.297s][info][gc,marking  ] GC(103) Mark Stack Usage: 32M
[536.297s][info][gc,nmethod  ] GC(103) NMethods: 9538 registered, 1681 unregistered
[536.297s][info][gc,metaspace] GC(103) Metaspace: 131M used, 132M committed, 1152M reserved
[536.297s][info][gc,ref      ] GC(103) Soft: 6082 encountered, 0 discovered, 0 enqueued
[536.297s][info][gc,ref      ] GC(103) Weak: 23206 encountered, 11301 discovered, 1 enqueued
[536.297s][info][gc,ref      ] GC(103) Final: 34 encountered, 0 discovered, 0 enqueued
[536.297s][info][gc,ref      ] GC(103) Phantom: 741 encountered, 581 discovered, 0 enqueued
[536.297s][info][gc,reloc    ] GC(103) Small Pages: 3573 / 7146M, Empty: 2054M, Relocated: 80M, In-Place: 0
[536.297s][info][gc,reloc    ] GC(103) Medium Pages: 3 / 96M, Empty: 0M, Relocated: 4M, In-Place: 0
[536.297s][info][gc,reloc    ] GC(103) Large Pages: 0 / 0M, Empty: 0M, Relocated: 0M, In-Place: 0
[536.297s][info][gc,reloc    ] GC(103) Forwarding Usage: 25M
[536.297s][info][gc,heap     ] GC(103) Min Capacity: 8192M(100%)
[536.297s][info][gc,heap     ] GC(103) Max Capacity: 8192M(100%)
[536.297s][info][gc,heap     ] GC(103) Soft Max Capacity: 8192M(100%)
[536.297s][info][gc,heap     ] GC(103)                Mark Start          Mark End        Relocate Start      Relocate End           High               Low         
[536.297s][info][gc,heap     ] GC(103)  Capacity:     8192M (100%)       8192M (100%)       8192M (100%)       8192M (100%)       8192M (100%)       8192M (100%)   
[536.297s][info][gc,heap     ] GC(103)      Free:      950M (12%)         644M (8%)         2680M (33%)        7172M (88%)        7172M (88%)         630M (8%)     
[536.297s][info][gc,heap     ] GC(103)      Used:     7242M (88%)        7548M (92%)        5512M (67%)        1020M (12%)        7562M (92%)        1020M (12%)    
[536.297s][info][gc,heap     ] GC(103)      Live:         -               555M (7%)          555M (7%)          555M (7%)             -                  -          
[536.297s][info][gc,heap     ] GC(103) Allocated:         -               306M (4%)          324M (4%)          383M (5%)             -                  -          
[536.297s][info][gc,heap     ] GC(103)   Garbage:         -              6686M (82%)        4632M (57%)          80M (1%)             -                  -          
[536.297s][info][gc,heap     ] GC(103) Reclaimed:         -                  -              2054M (25%)        6605M (81%)            -                  -          
[536.297s][info][gc          ] GC(103) Garbage Collection (Allocation Rate) 7242M(88%)->1020M(12%)
[540.268s][info][gc,stats    ] === Garbage Collection Statistics =======================================================================================================================
[540.268s][info][gc,stats    ]                                                              Last 10s              Last 10m              Last 10h                Total
[540.268s][info][gc,stats    ]                                                              Avg / Max             Avg / Max             Avg / Max             Avg / Max
[540.268s][info][gc,stats    ]   Collector: Garbage Collection Cycle                    429.329 / 429.329    1281.774 / 7809.708   1281.774 / 7809.708   1281.774 / 7809.708    ms
[540.268s][info][gc,stats    ]  Contention: Mark Segment Reset Contention                     0 / 2                 0 / 9                 0 / 9                 0 / 9           ops/s
[540.268s][info][gc,stats    ]  Contention: Mark SeqNum Reset Contention                      0 / 0                 0 / 1                 0 / 1                 0 / 1           ops/s
[540.268s][info][gc,stats    ]    Critical: Allocation Stall                                  0 / 0                 0 / 0                 0 / 0                 0 / 0           ops/s
[540.268s][info][gc,stats    ]    Critical: Allocation Stall                              0.000 / 0.000         0.000 / 0.000         0.000 / 0.000         0.000 / 0.000       ms
[540.268s][info][gc,stats    ]    Critical: GC Locker Stall                                   0 / 0                 0 / 2                 0 / 2                 0 / 2           ops/s
[540.268s][info][gc,stats    ]    Critical: GC Locker Stall                               0.000 / 0.000         0.045 / 0.151         0.045 / 0.151         0.045 / 0.151       ms
[540.268s][info][gc,stats    ]    Critical: Relocation Stall                                  0 / 0                 0 / 0                 0 / 0                 0 / 0           ops/s
[540.268s][info][gc,stats    ]    Critical: Relocation Stall                              0.000 / 0.000         0.000 / 0.000         0.000 / 0.000         0.000 / 0.000       ms
[540.268s][info][gc,stats    ]      Memory: Allocation Rate                                 640 / 904             645 / 1246            645 / 1246            645 / 1246        MB/s
[540.268s][info][gc,stats    ]      Memory: Defragment                                        0 / 0                 0 / 0                 0 / 0                 0 / 0           ops/s
[540.268s][info][gc,stats    ]      Memory: Out Of Memory                                     0 / 0                 0 / 0                 0 / 0                 0 / 0           ops/s
[540.268s][info][gc,stats    ]      Memory: Page Cache Flush                                  0 / 0                 0 / 0                 0 / 0                 0 / 0           MB/s
[540.268s][info][gc,stats    ]      Memory: Page Cache Hit L1                               323 / 452             322 / 633             322 / 633             322 / 633         ops/s
[540.268s][info][gc,stats    ]      Memory: Page Cache Hit L2                                 0 / 0                 0 / 0                 0 / 0                 0 / 0           ops/s
[540.268s][info][gc,stats    ]      Memory: Page Cache Hit L3                                 0 / 0                 7 / 397               7 / 397               7 / 397         ops/s
[540.268s][info][gc,stats    ]      Memory: Page Cache Miss                                   0 / 0                 0 / 1                 0 / 1                 0 / 1           ops/s
[540.268s][info][gc,stats    ]      Memory: Uncommit                                          0 / 0                 0 / 0                 0 / 0                 0 / 0           MB/s
[540.268s][info][gc,stats    ]      Memory: Undo Object Allocation Failed                     0 / 0                 0 / 0                 0 / 0                 0 / 0           ops/s
[540.268s][info][gc,stats    ]      Memory: Undo Object Allocation Succeeded                  0 / 0                 3 / 400               3 / 400               3 / 400         ops/s
[540.268s][info][gc,stats    ]      Memory: Undo Page Allocation                              0 / 0                 0 / 1                 0 / 1                 0 / 1           ops/s
[540.268s][info][gc,stats    ]       Phase: Concurrent Mark                             371.852 / 371.852     953.576 / 5264.294    953.576 / 5264.294    953.576 / 5264.294    ms
[540.268s][info][gc,stats    ]       Phase: Concurrent Mark Continue                      0.000 / 0.000         0.000 / 0.000         0.000 / 0.000         0.000 / 0.000       ms
[540.268s][info][gc,stats    ]       Phase: Concurrent Mark Free                          0.000 / 0.000         0.001 / 0.003         0.001 / 0.003         0.001 / 0.003       ms
[540.268s][info][gc,stats    ]       Phase: Concurrent Process Non-Strong References      9.686 / 9.686        38.055 / 1493.667     38.055 / 1493.667     38.055 / 1493.667    ms
[540.268s][info][gc,stats    ]       Phase: Concurrent Relocate                          42.266 / 42.266       48.606 / 150.389      48.606 / 150.389      48.606 / 150.389     ms
[540.269s][info][gc,stats    ]       Phase: Concurrent Reset Relocation Set               0.181 / 0.181         0.117 / 0.465         0.117 / 0.465         0.117 / 0.465       ms
[540.269s][info][gc,stats    ]       Phase: Concurrent Select Relocation Set              4.768 / 4.768       231.094 / 2796.200    231.094 / 2796.200    231.094 / 2796.200    ms
[540.269s][info][gc,stats    ]       Phase: Pause Mark End                                0.008 / 0.008         0.083 / 4.475         0.083 / 4.475         0.083 / 4.475       ms
[540.269s][info][gc,stats    ]       Phase: Pause Mark Start                              0.006 / 0.006         0.080 / 7.250         0.080 / 7.250         0.080 / 7.250       ms
[540.269s][info][gc,stats    ]       Phase: Pause Relocate Start                          0.005 / 0.005         0.034 / 1.046         0.034 / 1.046         0.034 / 1.046       ms
[540.269s][info][gc,stats    ]    Subphase: Concurrent Classes Purge                      0.540 / 0.540         0.707 / 5.775         0.707 / 5.775         0.707 / 5.775       ms
[540.269s][info][gc,stats    ]    Subphase: Concurrent Classes Unlink                     6.748 / 6.748        28.766 / 1489.339     28.766 / 1489.339     28.766 / 1489.339    ms
[540.269s][info][gc,stats    ]    Subphase: Concurrent Mark                             369.741 / 369.950     866.009 / 5176.991    866.009 / 5176.991    866.009 / 5176.991    ms
[540.269s][info][gc,stats    ]    Subphase: Concurrent Mark Try Flush                     0.069 / 0.098         4.434 / 786.951       4.434 / 786.951       4.434 / 786.951     ms
[540.269s][info][gc,stats    ]    Subphase: Concurrent Mark Try Terminate                 0.393 / 1.127         1.050 / 12.169        1.050 / 12.169        1.050 / 12.169      ms
[540.269s][info][gc,stats    ]    Subphase: Concurrent References Enqueue                 0.002 / 0.002         0.002 / 0.006         0.002 / 0.006         0.002 / 0.006       ms
[540.269s][info][gc,stats    ]    Subphase: Concurrent References Process                 0.792 / 0.792         0.531 / 2.815         0.531 / 2.815         0.531 / 2.815       ms
[540.269s][info][gc,stats    ]    Subphase: Concurrent Roots ClassLoaderDataGraph         0.588 / 0.588         0.698 / 40.174        0.698 / 40.174        0.698 / 40.174      ms
[540.269s][info][gc,stats    ]    Subphase: Concurrent Roots CodeCache                    0.000 / 0.000         0.000 / 0.000         0.000 / 0.000         0.000 / 0.000       ms
[540.269s][info][gc,stats    ]    Subphase: Concurrent Roots JavaThreads                  1.026 / 1.080         8.005 / 441.054       8.005 / 441.054       8.005 / 441.054     ms
[540.269s][info][gc,stats    ]    Subphase: Concurrent Roots OopStorageSet                0.429 / 0.777         1.474 / 136.487       1.474 / 136.487       1.474 / 136.487     ms
[540.269s][info][gc,stats    ]    Subphase: Concurrent Weak Roots OopStorageSet           1.309 / 1.322         1.712 / 11.047        1.712 / 11.047        1.712 / 11.047      ms
[540.269s][info][gc,stats    ]    Subphase: Pause Mark Try Complete                       0.000 / 0.000         0.001 / 0.003         0.001 / 0.003         0.001 / 0.003       ms
[540.269s][info][gc,stats    ]      System: Java Threads                                     77 / 77               74 / 83               74 / 83               74 / 83          threads
[540.269s][info][gc,stats    ] =========================================================================================================================================================
[543.868s][info][gc,start    ] GC(104) Garbage Collection (Allocation Rate)
[543.868s][info][gc,task     ] GC(104) Using 2 workers
[543.868s][info][gc,phases   ] GC(104) Pause Mark Start 0.004ms
[544.223s][info][gc,phases   ] GC(104) Concurrent Mark 355.497ms
[544.223s][info][gc,phases   ] GC(104) Pause Mark End 0.010ms
[544.223s][info][gc,phases   ] GC(104) Concurrent Mark Free 0.000ms
[544.233s][info][gc,phases   ] GC(104) Concurrent Process Non-Strong References 9.041ms
[544.233s][info][gc,phases   ] GC(104) Concurrent Reset Relocation Set 0.194ms
[544.247s][info][gc,phases   ] GC(104) Concurrent Select Relocation Set 13.779ms
[544.247s][info][gc,phases   ] GC(104) Pause Relocate Start 0.005ms
[544.294s][info][gc,phases   ] GC(104) Concurrent Relocate 47.448ms
[544.294s][info][gc,load     ] GC(104) Load: 0.00/0.00/0.00
[544.294s][info][gc,mmu      ] GC(104) MMU: 2ms/0.0%, 5ms/0.0%, 10ms/27.5%, 20ms/63.8%, 50ms/85.5%, 100ms/92.8%
[544.294s][info][gc,marking  ] GC(104) Mark: 2 stripe(s), 2 proactive flush(es), 1 terminate flush(es), 0 completion(s), 0 continuation(s) 
[544.294s][info][gc,marking  ] GC(104) Mark Stack Usage: 32M
[544.294s][info][gc,nmethod  ] GC(104) NMethods: 9564 registered, 1692 unregistered
[544.294s][info][gc,metaspace] GC(104) Metaspace: 131M used, 132M committed, 1152M reserved
[544.294s][info][gc,ref      ] GC(104) Soft: 6082 encountered, 0 discovered, 0 enqueued
[544.294s][info][gc,ref      ] GC(104) Weak: 23209 encountered, 2997 discovered, 3 enqueued
[544.294s][info][gc,ref      ] GC(104) Final: 34 encountered, 0 discovered, 0 enqueued
[544.294s][info][gc,ref      ] GC(104) Phantom: 744 encountered, 606 discovered, 0 enqueued
[544.294s][info][gc,reloc    ] GC(104) Small Pages: 3618 / 7236M, Empty: 2164M, Relocated: 101M, In-Place: 0
[544.294s][info][gc,reloc    ] GC(104) Medium Pages: 3 / 96M, Empty: 0M, Relocated: 4M, In-Place: 0
[544.294s][info][gc,reloc    ] GC(104) Large Pages: 0 / 0M, Empty: 0M, Relocated: 0M, In-Place: 0
[544.294s][info][gc,reloc    ] GC(104) Forwarding Usage: 28M
[544.294s][info][gc,heap     ] GC(104) Min Capacity: 8192M(100%)
[544.294s][info][gc,heap     ] GC(104) Max Capacity: 8192M(100%)
[544.294s][info][gc,heap     ] GC(104) Soft Max Capacity: 8192M(100%)
[544.294s][info][gc,heap     ] GC(104)                Mark Start          Mark End        Relocate Start      Relocate End           High               Low         
[544.294s][info][gc,heap     ] GC(104)  Capacity:     8192M (100%)       8192M (100%)       8192M (100%)       8192M (100%)       8192M (100%)       8192M (100%)   
[544.294s][info][gc,heap     ] GC(104)      Free:      860M (10%)         606M (7%)         2734M (33%)        7210M (88%)        7212M (88%)         588M (7%)     
[544.294s][info][gc,heap     ] GC(104)      Used:     7332M (90%)        7586M (93%)        5458M (67%)         982M (12%)        7604M (93%)         980M (12%)    
[544.294s][info][gc,heap     ] GC(104)      Live:         -               578M (7%)          578M (7%)          578M (7%)             -                  -          
[544.294s][info][gc,heap     ] GC(104) Allocated:         -               254M (3%)          290M (4%)          324M (4%)             -                  -          
[544.294s][info][gc,heap     ] GC(104)   Garbage:         -              6753M (82%)        4589M (56%)          79M (1%)             -                  -          
[544.295s][info][gc,heap     ] GC(104) Reclaimed:         -                  -              2164M (26%)        6674M (81%)            -                  -          
[544.295s][info][gc          ] GC(104) Garbage Collection (Allocation Rate) 7332M(90%)->982M(12%)
[548.368s][info][gc,start    ] GC(105) Garbage Collection (Allocation Rate)
[548.368s][info][gc,task     ] GC(105) Using 1 workers
[548.368s][info][gc,phases   ] GC(105) Pause Mark Start 0.005ms
[549.061s][info][gc,phases   ] GC(105) Concurrent Mark 693.737ms
[549.062s][info][gc,phases   ] GC(105) Pause Mark End 0.015ms
[549.062s][info][gc,phases   ] GC(105) Concurrent Mark Free 0.001ms
[549.081s][info][gc,phases   ] GC(105) Concurrent Process Non-Strong References 19.151ms
[549.081s][info][gc,phases   ] GC(105) Concurrent Reset Relocation Set 0.275ms
[549.098s][info][gc,phases   ] GC(105) Concurrent Select Relocation Set 16.831ms
[549.098s][info][gc,phases   ] GC(105) Pause Relocate Start 0.005ms
[549.211s][info][gc,phases   ] GC(105) Concurrent Relocate 113.151ms
[549.211s][info][gc,load     ] GC(105) Load: 0.00/0.00/0.00
[549.211s][info][gc,mmu      ] GC(105) MMU: 2ms/0.0%, 5ms/0.0%, 10ms/27.5%, 20ms/63.8%, 50ms/85.5%, 100ms/92.8%
[549.211s][info][gc,marking  ] GC(105) Mark: 1 stripe(s), 2 proactive flush(es), 1 terminate flush(es), 0 completion(s), 0 continuation(s) 
[549.211s][info][gc,marking  ] GC(105) Mark Stack Usage: 32M
[549.211s][info][gc,nmethod  ] GC(105) NMethods: 9589 registered, 1703 unregistered
[549.211s][info][gc,metaspace] GC(105) Metaspace: 131M used, 132M committed, 1152M reserved
[549.211s][info][gc,ref      ] GC(105) Soft: 6082 encountered, 0 discovered, 0 enqueued
[549.211s][info][gc,ref      ] GC(105) Weak: 23209 encountered, 925 discovered, 1 enqueued
[549.211s][info][gc,ref      ] GC(105) Final: 34 encountered, 0 discovered, 0 enqueued
[549.211s][info][gc,ref      ] GC(105) Phantom: 744 encountered, 584 discovered, 0 enqueued
[549.211s][info][gc,reloc    ] GC(105) Small Pages: 2787 / 5574M, Empty: 1602M, Relocated: 145M, In-Place: 0
[549.211s][info][gc,reloc    ] GC(105) Medium Pages: 2 / 64M, Empty: 0M, Relocated: 0M, In-Place: 0
[549.211s][info][gc,reloc    ] GC(105) Large Pages: 0 / 0M, Empty: 0M, Relocated: 0M, In-Place: 0
[549.211s][info][gc,reloc    ] GC(105) Forwarding Usage: 38M
[549.211s][info][gc,heap     ] GC(105) Min Capacity: 8192M(100%)
[549.211s][info][gc,heap     ] GC(105) Max Capacity: 8192M(100%)
[549.211s][info][gc,heap     ] GC(105) Soft Max Capacity: 8192M(100%)
[549.211s][info][gc,heap     ] GC(105)                Mark Start          Mark End        Relocate Start      Relocate End           High               Low         
[549.211s][info][gc,heap     ] GC(105)  Capacity:     8192M (100%)       8192M (100%)       8192M (100%)       8192M (100%)       8192M (100%)       8192M (100%)   
[549.211s][info][gc,heap     ] GC(105)      Free:     2554M (31%)        1980M (24%)        3552M (43%)        6752M (82%)        6752M (82%)        1960M (24%)    
[549.211s][info][gc,heap     ] GC(105)      Used:     5638M (69%)        6212M (76%)        4640M (57%)        1440M (18%)        6232M (76%)        1440M (18%)    
[549.211s][info][gc,heap     ] GC(105)      Live:         -               625M (8%)          625M (8%)          625M (8%)             -                  -          
[549.211s][info][gc,heap     ] GC(105) Allocated:         -               574M (7%)          604M (7%)          736M (9%)             -                  -          
[549.212s][info][gc,heap     ] GC(105)   Garbage:         -              5012M (61%)        3410M (42%)          78M (1%)             -                  -          
[549.212s][info][gc,heap     ] GC(105) Reclaimed:         -                  -              1602M (20%)        4934M (60%)            -                  -          
[549.212s][info][gc          ] GC(105) Garbage Collection (Allocation Rate) 5638M(69%)->1440M(18%)
[550.268s][info][gc,stats    ] === Garbage Collection Statistics =======================================================================================================================
[550.268s][info][gc,stats    ]                                                              Last 10s              Last 10m              Last 10h                Total
[550.268s][info][gc,stats    ]                                                              Avg / Max             Avg / Max             Avg / Max             Avg / Max
[550.268s][info][gc,stats    ]   Collector: Garbage Collection Cycle                    635.113 / 843.718    1269.573 / 7809.708   1269.573 / 7809.708   1269.573 / 7809.708    ms
[550.268s][info][gc,stats    ]  Contention: Mark Segment Reset Contention                     0 / 1                 0 / 9                 0 / 9                 0 / 9           ops/s
[550.268s][info][gc,stats    ]  Contention: Mark SeqNum Reset Contention                      0 / 0                 0 / 1                 0 / 1                 0 / 1           ops/s
[550.268s][info][gc,stats    ]    Critical: Allocation Stall                                  0 / 0                 0 / 0                 0 / 0                 0 / 0           ops/s
[550.268s][info][gc,stats    ]    Critical: Allocation Stall                              0.000 / 0.000         0.000 / 0.000         0.000 / 0.000         0.000 / 0.000       ms
[550.268s][info][gc,stats    ]    Critical: GC Locker Stall                                   0 / 0                 0 / 2                 0 / 2                 0 / 2           ops/s
[550.268s][info][gc,stats    ]    Critical: GC Locker Stall                               0.000 / 0.000         0.045 / 0.151         0.045 / 0.151         0.045 / 0.151       ms
[550.268s][info][gc,stats    ]    Critical: Relocation Stall                                  0 / 0                 0 / 0                 0 / 0                 0 / 0           ops/s
[550.268s][info][gc,stats    ]    Critical: Relocation Stall                              0.000 / 0.000         0.000 / 0.000         0.000 / 0.000         0.000 / 0.000       ms
[550.268s][info][gc,stats    ]      Memory: Allocation Rate                                 968 / 1436            650 / 1436            650 / 1436            650 / 1436        MB/s
[550.268s][info][gc,stats    ]      Memory: Defragment                                        0 / 0                 0 / 0                 0 / 0                 0 / 0           ops/s
[550.268s][info][gc,stats    ]      Memory: Out Of Memory                                     0 / 0                 0 / 0                 0 / 0                 0 / 0           ops/s
[550.268s][info][gc,stats    ]      Memory: Page Cache Flush                                  0 / 0                 0 / 0                 0 / 0                 0 / 0           MB/s
[550.268s][info][gc,stats    ]      Memory: Page Cache Hit L1                               496 / 718             325 / 718             325 / 718             325 / 718         ops/s
[550.268s][info][gc,stats    ]      Memory: Page Cache Hit L2                                 0 / 0                 0 / 0                 0 / 0                 0 / 0           ops/s
[550.268s][info][gc,stats    ]      Memory: Page Cache Hit L3                                 0 / 0                 7 / 397               7 / 397               7 / 397         ops/s
[550.268s][info][gc,stats    ]      Memory: Page Cache Miss                                   0 / 0                 0 / 1                 0 / 1                 0 / 1           ops/s
[550.268s][info][gc,stats    ]      Memory: Uncommit                                          0 / 0                 0 / 0                 0 / 0                 0 / 0           MB/s
[550.268s][info][gc,stats    ]      Memory: Undo Object Allocation Failed                     0 / 0                 0 / 0                 0 / 0                 0 / 0           ops/s
[550.268s][info][gc,stats    ]      Memory: Undo Object Allocation Succeeded                  0 / 5                 3 / 400               3 / 400               3 / 400         ops/s
[550.268s][info][gc,stats    ]      Memory: Undo Page Allocation                              0 / 0                 0 / 1                 0 / 1                 0 / 1           ops/s
[550.268s][info][gc,stats    ]       Phase: Concurrent Mark                             524.617 / 693.737     945.482 / 5264.294    945.482 / 5264.294    945.482 / 5264.294    ms
[550.268s][info][gc,stats    ]       Phase: Concurrent Mark Continue                      0.000 / 0.000         0.000 / 0.000         0.000 / 0.000         0.000 / 0.000       ms
[550.268s][info][gc,stats    ]       Phase: Concurrent Mark Free                          0.000 / 0.001         0.001 / 0.003         0.001 / 0.003         0.001 / 0.003       ms
[550.268s][info][gc,stats    ]       Phase: Concurrent Process Non-Strong References     14.096 / 19.151       37.603 / 1493.667     37.603 / 1493.667     37.603 / 1493.667    ms
[550.268s][info][gc,stats    ]       Phase: Concurrent Relocate                          80.299 / 113.151      49.204 / 150.389      49.204 / 150.389      49.204 / 150.389     ms
[550.268s][info][gc,stats    ]       Phase: Concurrent Reset Relocation Set               0.234 / 0.275         0.119 / 0.465         0.119 / 0.465         0.119 / 0.465       ms
[550.268s][info][gc,stats    ]       Phase: Concurrent Select Relocation Set             15.305 / 16.831      227.022 / 2796.200    227.022 / 2796.200    227.022 / 2796.200    ms
[550.268s][info][gc,stats    ]       Phase: Pause Mark End                                0.013 / 0.015         0.081 / 4.475         0.081 / 4.475         0.081 / 4.475       ms
[550.268s][info][gc,stats    ]       Phase: Pause Mark Start                              0.005 / 0.005         0.078 / 7.250         0.078 / 7.250         0.078 / 7.250       ms
[550.268s][info][gc,stats    ]       Phase: Pause Relocate Start                          0.005 / 0.005         0.034 / 1.046         0.034 / 1.046         0.034 / 1.046       ms
[550.268s][info][gc,stats    ]    Subphase: Concurrent Classes Purge                      0.593 / 0.882         0.704 / 5.775         0.704 / 5.775         0.704 / 5.775       ms
[550.268s][info][gc,stats    ]    Subphase: Concurrent Classes Unlink                     9.942 / 13.784       28.411 / 1489.339     28.411 / 1489.339     28.411 / 1489.339    ms
[550.268s][info][gc,stats    ]    Subphase: Concurrent Mark                             465.464 / 690.831     859.684 / 5176.991    859.684 / 5176.991    859.684 / 5176.991    ms
[550.268s][info][gc,stats    ]    Subphase: Concurrent Mark Try Flush                     0.109 / 0.364         4.355 / 786.951       4.355 / 786.951       4.355 / 786.951     ms
[550.268s][info][gc,stats    ]    Subphase: Concurrent Mark Try Terminate                 0.321 / 1.519         1.048 / 12.169        1.048 / 12.169        1.048 / 12.169      ms
[550.268s][info][gc,stats    ]    Subphase: Concurrent References Enqueue                 0.002 / 0.002         0.002 / 0.006         0.002 / 0.006         0.002 / 0.006       ms
[550.268s][info][gc,stats    ]    Subphase: Concurrent References Process                 0.344 / 0.382         0.528 / 2.815         0.528 / 2.815         0.528 / 2.815       ms
[550.268s][info][gc,stats    ]    Subphase: Concurrent Roots ClassLoaderDataGraph         0.237 / 0.345         0.691 / 40.174        0.691 / 40.174        0.691 / 40.174      ms
[550.268s][info][gc,stats    ]    Subphase: Concurrent Roots CodeCache                    0.000 / 0.000         0.000 / 0.000         0.000 / 0.000         0.000 / 0.000       ms
[550.268s][info][gc,stats    ]    Subphase: Concurrent Roots JavaThreads                  1.412 / 2.040         7.901 / 441.054       7.901 / 441.054       7.901 / 441.054     ms
[550.268s][info][gc,stats    ]    Subphase: Concurrent Roots OopStorageSet                0.560 / 0.779         1.459 / 136.487       1.459 / 136.487       1.459 / 136.487     ms
[550.268s][info][gc,stats    ]    Subphase: Concurrent Weak Roots OopStorageSet           2.274 / 4.048         1.720 / 11.047        1.720 / 11.047        1.720 / 11.047      ms
[550.268s][info][gc,stats    ]    Subphase: Pause Mark Try Complete                       0.000 / 0.000         0.001 / 0.003         0.001 / 0.003         0.001 / 0.003       ms
[550.268s][info][gc,stats    ]      System: Java Threads                                     77 / 77               74 / 83               74 / 83               74 / 83          threads
[550.268s][info][gc,stats    ] =========================================================================================================================================================
[558.368s][info][gc,start    ] GC(106) Garbage Collection (Allocation Rate)
[558.368s][info][gc,task     ] GC(106) Using 2 workers
[558.368s][info][gc,phases   ] GC(106) Pause Mark Start 0.004ms
[558.703s][info][gc,phases   ] GC(106) Concurrent Mark 334.800ms
[558.703s][info][gc,phases   ] GC(106) Pause Mark End 0.009ms
[558.703s][info][gc,phases   ] GC(106) Concurrent Mark Free 0.000ms
[558.712s][info][gc,phases   ] GC(106) Concurrent Process Non-Strong References 8.822ms
[558.712s][info][gc,phases   ] GC(106) Concurrent Reset Relocation Set 0.142ms
[558.718s][info][gc,phases   ] GC(106) Concurrent Select Relocation Set 6.102ms
[558.718s][info][gc,phases   ] GC(106) Pause Relocate Start 0.006ms
[558.756s][info][gc,phases   ] GC(106) Concurrent Relocate 38.027ms
[558.756s][info][gc,load     ] GC(106) Load: 0.00/0.00/0.00
[558.756s][info][gc,mmu      ] GC(106) MMU: 2ms/0.0%, 5ms/0.0%, 10ms/27.5%, 20ms/63.8%, 50ms/85.5%, 100ms/92.8%
[558.756s][info][gc,marking  ] GC(106) Mark: 2 stripe(s), 2 proactive flush(es), 1 terminate flush(es), 0 completion(s), 0 continuation(s) 
[558.756s][info][gc,marking  ] GC(106) Mark Stack Usage: 32M
[558.756s][info][gc,nmethod  ] GC(106) NMethods: 9605 registered, 1721 unregistered
[558.756s][info][gc,metaspace] GC(106) Metaspace: 131M used, 132M committed, 1152M reserved
[558.756s][info][gc,ref      ] GC(106) Soft: 6082 encountered, 0 discovered, 0 enqueued
[558.756s][info][gc,ref      ] GC(106) Weak: 23210 encountered, 10721 discovered, 2 enqueued
[558.756s][info][gc,ref      ] GC(106) Final: 34 encountered, 0 discovered, 0 enqueued
[558.756s][info][gc,ref      ] GC(106) Phantom: 747 encountered, 632 discovered, 0 enqueued
[558.756s][info][gc,reloc    ] GC(106) Small Pages: 3467 / 6934M, Empty: 2376M, Relocated: 85M, In-Place: 0
[558.756s][info][gc,reloc    ] GC(106) Medium Pages: 2 / 64M, Empty: 0M, Relocated: 0M, In-Place: 0
[558.756s][info][gc,reloc    ] GC(106) Large Pages: 0 / 0M, Empty: 0M, Relocated: 0M, In-Place: 0
[558.756s][info][gc,reloc    ] GC(106) Forwarding Usage: 27M
[558.756s][info][gc,heap     ] GC(106) Min Capacity: 8192M(100%)
[558.756s][info][gc,heap     ] GC(106) Max Capacity: 8192M(100%)
[558.756s][info][gc,heap     ] GC(106) Soft Max Capacity: 8192M(100%)
[558.756s][info][gc,heap     ] GC(106)                Mark Start          Mark End        Relocate Start      Relocate End           High               Low         
[558.756s][info][gc,heap     ] GC(106)  Capacity:     8192M (100%)       8192M (100%)       8192M (100%)       8192M (100%)       8192M (100%)       8192M (100%)   
[558.756s][info][gc,heap     ] GC(106)      Free:     1194M (15%)         880M (11%)        3242M (40%)        7192M (88%)        7192M (88%)         870M (11%)    
[558.756s][info][gc,heap     ] GC(106)      Used:     6998M (85%)        7312M (89%)        4950M (60%)        1000M (12%)        7322M (89%)        1000M (12%)    
[558.756s][info][gc,heap     ] GC(106)      Live:         -               562M (7%)          562M (7%)          562M (7%)             -                  -          
[558.756s][info][gc,heap     ] GC(106) Allocated:         -               314M (4%)          328M (4%)          358M (4%)             -                  -          
[558.756s][info][gc,heap     ] GC(106)   Garbage:         -              6435M (79%)        4059M (50%)          79M (1%)             -                  -          
[558.756s][info][gc,heap     ] GC(106) Reclaimed:         -                  -              2376M (29%)        6356M (78%)            -                  -          
[558.756s][info][gc          ] GC(106) Garbage Collection (Allocation Rate) 6998M(85%)->1000M(12%)
[560.268s][info][gc,stats    ] === Garbage Collection Statistics =======================================================================================================================
[560.268s][info][gc,stats    ]                                                              Last 10s              Last 10m              Last 10h                Total
[560.268s][info][gc,stats    ]                                                              Avg / Max             Avg / Max             Avg / Max             Avg / Max
[560.268s][info][gc,stats    ]   Collector: Garbage Collection Cycle                    388.478 / 388.478    1261.338 / 7809.708   1261.338 / 7809.708   1261.338 / 7809.708    ms
[560.268s][info][gc,stats    ]  Contention: Mark Segment Reset Contention                     0 / 1                 0 / 9                 0 / 9                 0 / 9           ops/s
[560.268s][info][gc,stats    ]  Contention: Mark SeqNum Reset Contention                      0 / 0                 0 / 1                 0 / 1                 0 / 1           ops/s
[560.268s][info][gc,stats    ]    Critical: Allocation Stall                                  0 / 0                 0 / 0                 0 / 0                 0 / 0           ops/s
[560.268s][info][gc,stats    ]    Critical: Allocation Stall                              0.000 / 0.000         0.000 / 0.000         0.000 / 0.000         0.000 / 0.000       ms
[560.268s][info][gc,stats    ]    Critical: GC Locker Stall                                   0 / 0                 0 / 2                 0 / 2                 0 / 2           ops/s
[560.268s][info][gc,stats    ]    Critical: GC Locker Stall                               0.000 / 0.000         0.045 / 0.151         0.045 / 0.151         0.045 / 0.151       ms
[560.268s][info][gc,stats    ]    Critical: Relocation Stall                                  0 / 0                 0 / 0                 0 / 0                 0 / 0           ops/s
[560.268s][info][gc,stats    ]    Critical: Relocation Stall                              0.000 / 0.000         0.000 / 0.000         0.000 / 0.000         0.000 / 0.000       ms
[560.268s][info][gc,stats    ]      Memory: Allocation Rate                                 615 / 924             650 / 1436            650 / 1436            650 / 1436        MB/s
[560.268s][info][gc,stats    ]      Memory: Defragment                                        0 / 0                 0 / 0                 0 / 0                 0 / 0           ops/s
[560.268s][info][gc,stats    ]      Memory: Out Of Memory                                     0 / 0                 0 / 0                 0 / 0                 0 / 0           ops/s
[560.268s][info][gc,stats    ]      Memory: Page Cache Flush                                  0 / 0                 0 / 0                 0 / 0                 0 / 0           MB/s
[560.268s][info][gc,stats    ]      Memory: Page Cache Hit L1                               312 / 462             325 / 718             325 / 718             325 / 718         ops/s
[560.268s][info][gc,stats    ]      Memory: Page Cache Hit L2                                 0 / 0                 0 / 0                 0 / 0                 0 / 0           ops/s
[560.268s][info][gc,stats    ]      Memory: Page Cache Hit L3                                 0 / 0                 7 / 397               7 / 397               7 / 397         ops/s
[560.268s][info][gc,stats    ]      Memory: Page Cache Miss                                   0 / 0                 0 / 1                 0 / 1                 0 / 1           ops/s
[560.268s][info][gc,stats    ]      Memory: Uncommit                                          0 / 0                 0 / 0                 0 / 0                 0 / 0           MB/s
[560.268s][info][gc,stats    ]      Memory: Undo Object Allocation Failed                     0 / 0                 0 / 0                 0 / 0                 0 / 0           ops/s
[560.268s][info][gc,stats    ]      Memory: Undo Object Allocation Succeeded                  0 / 0                 3 / 400               3 / 400               3 / 400         ops/s
[560.268s][info][gc,stats    ]      Memory: Undo Page Allocation                              0 / 0                 0 / 1                 0 / 1                 0 / 1           ops/s
[560.268s][info][gc,stats    ]       Phase: Concurrent Mark                             334.800 / 334.800     939.775 / 5264.294    939.775 / 5264.294    939.775 / 5264.294    ms
[560.268s][info][gc,stats    ]       Phase: Concurrent Mark Continue                      0.000 / 0.000         0.000 / 0.000         0.000 / 0.000         0.000 / 0.000       ms
[560.268s][info][gc,stats    ]       Phase: Concurrent Mark Free                          0.000 / 0.000         0.001 / 0.003         0.001 / 0.003         0.001 / 0.003       ms
[560.268s][info][gc,stats    ]       Phase: Concurrent Process Non-Strong References      8.822 / 8.822        37.334 / 1493.667     37.334 / 1493.667     37.334 / 1493.667    ms
[560.268s][info][gc,stats    ]       Phase: Concurrent Relocate                          38.027 / 38.027       49.099 / 150.389      49.099 / 150.389      49.099 / 150.389     ms
[560.268s][info][gc,stats    ]       Phase: Concurrent Reset Relocation Set               0.142 / 0.142         0.120 / 0.465         0.120 / 0.465         0.120 / 0.465       ms
[560.268s][info][gc,stats    ]       Phase: Concurrent Select Relocation Set              6.102 / 6.102       224.958 / 2796.200    224.958 / 2796.200    224.958 / 2796.200    ms
[560.268s][info][gc,stats    ]       Phase: Pause Mark End                                0.009 / 0.009         0.081 / 4.475         0.081 / 4.475         0.081 / 4.475       ms
[560.268s][info][gc,stats    ]       Phase: Pause Mark Start                              0.004 / 0.004         0.077 / 7.250         0.077 / 7.250         0.077 / 7.250       ms
[560.268s][info][gc,stats    ]       Phase: Pause Relocate Start                          0.006 / 0.006         0.033 / 1.046         0.033 / 1.046         0.033 / 1.046       ms
[560.268s][info][gc,stats    ]    Subphase: Concurrent Classes Purge                      1.019 / 1.019         0.707 / 5.775         0.707 / 5.775         0.707 / 5.775       ms
[560.268s][info][gc,stats    ]    Subphase: Concurrent Classes Unlink                     5.783 / 5.783        28.200 / 1489.339     28.200 / 1489.339     28.200 / 1489.339    ms
[560.268s][info][gc,stats    ]    Subphase: Concurrent Mark                             333.514 / 333.646     854.203 / 5176.991    854.203 / 5176.991    854.203 / 5176.991    ms
[560.268s][info][gc,stats    ]    Subphase: Concurrent Mark Try Flush                     0.045 / 0.067         4.316 / 786.951       4.316 / 786.951       4.316 / 786.951     ms
[560.268s][info][gc,stats    ]    Subphase: Concurrent Mark Try Terminate                 0.506 / 1.501         1.048 / 12.169        1.048 / 12.169        1.048 / 12.169      ms
[560.268s][info][gc,stats    ]    Subphase: Concurrent References Enqueue                 0.001 / 0.001         0.002 / 0.006         0.002 / 0.006         0.002 / 0.006       ms
[560.268s][info][gc,stats    ]    Subphase: Concurrent References Process                 0.650 / 0.650         0.529 / 2.815         0.529 / 2.815         0.529 / 2.815       ms
[560.268s][info][gc,stats    ]    Subphase: Concurrent Roots ClassLoaderDataGraph         0.209 / 0.345         0.685 / 40.174        0.685 / 40.174        0.685 / 40.174      ms
[560.268s][info][gc,stats    ]    Subphase: Concurrent Roots CodeCache                    0.000 / 0.000         0.000 / 0.000         0.000 / 0.000         0.000 / 0.000       ms
[560.268s][info][gc,stats    ]    Subphase: Concurrent Roots JavaThreads                  0.784 / 0.916         7.827 / 441.054       7.827 / 441.054       7.827 / 441.054     ms
[560.268s][info][gc,stats    ]    Subphase: Concurrent Roots OopStorageSet                0.040 / 0.050         1.445 / 136.487       1.445 / 136.487       1.445 / 136.487     ms
[560.268s][info][gc,stats    ]    Subphase: Concurrent Weak Roots OopStorageSet           1.168 / 1.168         1.715 / 11.047        1.715 / 11.047        1.715 / 11.047      ms
[560.268s][info][gc,stats    ]    Subphase: Pause Mark Try Complete                       0.000 / 0.000         0.001 / 0.003         0.001 / 0.003         0.001 / 0.003       ms
[560.268s][info][gc,stats    ]      System: Java Threads                                     77 / 77               74 / 83               74 / 83               74 / 83          threads
[560.268s][info][gc,stats    ] =========================================================================================================================================================
[566.068s][info][gc,start    ] GC(107) Garbage Collection (Allocation Rate)
[566.068s][info][gc,task     ] GC(107) Using 1 workers
[566.068s][info][gc,phases   ] GC(107) Pause Mark Start 0.005ms
[566.747s][info][gc,phases   ] GC(107) Concurrent Mark 679.101ms
[566.747s][info][gc,phases   ] GC(107) Pause Mark End 0.008ms
[566.748s][info][gc,phases   ] GC(107) Concurrent Mark Free 0.000ms
[566.761s][info][gc,phases   ] GC(107) Concurrent Process Non-Strong References 13.854ms
[566.762s][info][gc,phases   ] GC(107) Concurrent Reset Relocation Set 0.185ms
[566.776s][info][gc,phases   ] GC(107) Concurrent Select Relocation Set 14.033ms
[566.776s][info][gc,phases   ] GC(107) Pause Relocate Start 0.006ms
[566.848s][info][gc,phases   ] GC(107) Concurrent Relocate 71.839ms
[566.848s][info][gc,load     ] GC(107) Load: 0.00/0.00/0.00
[566.848s][info][gc,mmu      ] GC(107) MMU: 2ms/0.0%, 5ms/0.0%, 10ms/27.5%, 20ms/63.8%, 50ms/85.5%, 100ms/92.8%
[566.848s][info][gc,marking  ] GC(107) Mark: 1 stripe(s), 2 proactive flush(es), 1 terminate flush(es), 0 completion(s), 0 continuation(s) 
[566.848s][info][gc,marking  ] GC(107) Mark Stack Usage: 32M
[566.848s][info][gc,nmethod  ] GC(107) NMethods: 9620 registered, 1732 unregistered
[566.848s][info][gc,metaspace] GC(107) Metaspace: 131M used, 132M committed, 1152M reserved
[566.848s][info][gc,ref      ] GC(107) Soft: 6082 encountered, 0 discovered, 0 enqueued
[566.848s][info][gc,ref      ] GC(107) Weak: 23213 encountered, 933 discovered, 3 enqueued
[566.848s][info][gc,ref      ] GC(107) Final: 34 encountered, 0 discovered, 0 enqueued
[566.848s][info][gc,ref      ] GC(107) Phantom: 753 encountered, 674 discovered, 0 enqueued
[566.848s][info][gc,reloc    ] GC(107) Small Pages: 3446 / 6892M, Empty: 2198M, Relocated: 111M, In-Place: 0
[566.848s][info][gc,reloc    ] GC(107) Medium Pages: 2 / 64M, Empty: 0M, Relocated: 0M, In-Place: 0
[566.848s][info][gc,reloc    ] GC(107) Large Pages: 0 / 0M, Empty: 0M, Relocated: 0M, In-Place: 0
[566.848s][info][gc,reloc    ] GC(107) Forwarding Usage: 30M
[566.848s][info][gc,heap     ] GC(107) Min Capacity: 8192M(100%)
[566.848s][info][gc,heap     ] GC(107) Max Capacity: 8192M(100%)
[566.848s][info][gc,heap     ] GC(107) Soft Max Capacity: 8192M(100%)
[566.848s][info][gc,heap     ] GC(107)                Mark Start          Mark End        Relocate Start      Relocate End           High               Low         
[566.848s][info][gc,heap     ] GC(107)  Capacity:     8192M (100%)       8192M (100%)       8192M (100%)       8192M (100%)       8192M (100%)       8192M (100%)   
[566.848s][info][gc,heap     ] GC(107)      Free:     1236M (15%)         568M (7%)         2750M (34%)        6782M (83%)        6782M (83%)         560M (7%)     
[566.848s][info][gc,heap     ] GC(107)      Used:     6956M (85%)        7624M (93%)        5442M (66%)        1410M (17%)        7632M (93%)        1410M (17%)    
[566.848s][info][gc,heap     ] GC(107)      Live:         -               587M (7%)          587M (7%)          587M (7%)             -                  -          
[566.848s][info][gc,heap     ] GC(107) Allocated:         -               668M (8%)          684M (8%)          744M (9%)             -                  -          
[566.848s][info][gc,heap     ] GC(107)   Garbage:         -              6368M (78%)        4170M (51%)          77M (1%)             -                  -          
[566.848s][info][gc,heap     ] GC(107) Reclaimed:         -                  -              2198M (27%)        6290M (77%)            -                  -          
[566.848s][info][gc          ] GC(107) Garbage Collection (Allocation Rate) 6956M(85%)->1410M(17%)
[570.267s][info][gc,stats    ] === Garbage Collection Statistics =======================================================================================================================
[570.268s][info][gc,stats    ]                                                              Last 10s              Last 10m              Last 10h                Total
[570.268s][info][gc,stats    ]                                                              Avg / Max             Avg / Max             Avg / Max             Avg / Max
[570.268s][info][gc,stats    ]   Collector: Garbage Collection Cycle                    779.581 / 779.581    1256.878 / 7809.708   1256.878 / 7809.708   1256.878 / 7809.708    ms
[570.268s][info][gc,stats    ]  Contention: Mark Segment Reset Contention                     0 / 0                 0 / 9                 0 / 9                 0 / 9           ops/s
[570.268s][info][gc,stats    ]  Contention: Mark SeqNum Reset Contention                      0 / 0                 0 / 1                 0 / 1                 0 / 1           ops/s
[570.268s][info][gc,stats    ]    Critical: Allocation Stall                                  0 / 0                 0 / 0                 0 / 0                 0 / 0           ops/s
[570.268s][info][gc,stats    ]    Critical: Allocation Stall                              0.000 / 0.000         0.000 / 0.000         0.000 / 0.000         0.000 / 0.000       ms
[570.268s][info][gc,stats    ]    Critical: GC Locker Stall                                   0 / 0                 0 / 2                 0 / 2                 0 / 2           ops/s
[570.268s][info][gc,stats    ]    Critical: GC Locker Stall                               0.000 / 0.000         0.045 / 0.151         0.045 / 0.151         0.045 / 0.151       ms
[570.268s][info][gc,stats    ]    Critical: Relocation Stall                                  0 / 0                 0 / 0                 0 / 0                 0 / 0           ops/s
[570.268s][info][gc,stats    ]    Critical: Relocation Stall                              0.000 / 0.000         0.000 / 0.000         0.000 / 0.000         0.000 / 0.000       ms
[570.268s][info][gc,stats    ]      Memory: Allocation Rate                                 958 / 1386            655 / 1436            655 / 1436            655 / 1436        MB/s
[570.268s][info][gc,stats    ]      Memory: Defragment                                        0 / 0                 0 / 0                 0 / 0                 0 / 0           ops/s
[570.268s][info][gc,stats    ]      Memory: Out Of Memory                                     0 / 0                 0 / 0                 0 / 0                 0 / 0           ops/s
[570.268s][info][gc,stats    ]      Memory: Page Cache Flush                                  0 / 0                 0 / 0                 0 / 0                 0 / 0           MB/s
[570.268s][info][gc,stats    ]      Memory: Page Cache Hit L1                               484 / 693             328 / 718             328 / 718             328 / 718         ops/s
[570.268s][info][gc,stats    ]      Memory: Page Cache Hit L2                                 0 / 0                 0 / 0                 0 / 0                 0 / 0           ops/s
[570.268s][info][gc,stats    ]      Memory: Page Cache Hit L3                                 0 / 0                 6 / 397               6 / 397               6 / 397         ops/s
[570.268s][info][gc,stats    ]      Memory: Page Cache Miss                                   0 / 0                 0 / 1                 0 / 1                 0 / 1           ops/s
[570.268s][info][gc,stats    ]      Memory: Uncommit                                          0 / 0                 0 / 0                 0 / 0                 0 / 0           MB/s
[570.268s][info][gc,stats    ]      Memory: Undo Object Allocation Failed                     0 / 0                 0 / 0                 0 / 0                 0 / 0           ops/s
[570.268s][info][gc,stats    ]      Memory: Undo Object Allocation Succeeded                  0 / 0                 3 / 400               3 / 400               3 / 400         ops/s
[570.268s][info][gc,stats    ]      Memory: Undo Page Allocation                              0 / 1                 0 / 1                 0 / 1                 0 / 1           ops/s
[570.268s][info][gc,stats    ]       Phase: Concurrent Mark                             679.101 / 679.101     937.361 / 5264.294    937.361 / 5264.294    937.361 / 5264.294    ms
[570.268s][info][gc,stats    ]       Phase: Concurrent Mark Continue                      0.000 / 0.000         0.000 / 0.000         0.000 / 0.000         0.000 / 0.000       ms
[570.268s][info][gc,stats    ]       Phase: Concurrent Mark Free                          0.000 / 0.000         0.001 / 0.003         0.001 / 0.003         0.001 / 0.003       ms
[570.268s][info][gc,stats    ]       Phase: Concurrent Process Non-Strong References     13.854 / 13.854       37.117 / 1493.667     37.117 / 1493.667     37.117 / 1493.667    ms
[570.268s][info][gc,stats    ]       Phase: Concurrent Relocate                          71.839 / 71.839       49.310 / 150.389      49.310 / 150.389      49.310 / 150.389     ms
[570.268s][info][gc,stats    ]       Phase: Concurrent Reset Relocation Set               0.185 / 0.185         0.120 / 0.465         0.120 / 0.465         0.120 / 0.465       ms
[570.268s][info][gc,stats    ]       Phase: Concurrent Select Relocation Set             14.033 / 14.033      223.005 / 2796.200    223.005 / 2796.200    223.005 / 2796.200    ms
[570.268s][info][gc,stats    ]       Phase: Pause Mark End                                0.008 / 0.008         0.080 / 4.475         0.080 / 4.475         0.080 / 4.475       ms
[570.268s][info][gc,stats    ]       Phase: Pause Mark Start                              0.005 / 0.005         0.077 / 7.250         0.077 / 7.250         0.077 / 7.250       ms
[570.268s][info][gc,stats    ]       Phase: Pause Relocate Start                          0.006 / 0.006         0.033 / 1.046         0.033 / 1.046         0.033 / 1.046       ms
[570.268s][info][gc,stats    ]    Subphase: Concurrent Classes Purge                      0.264 / 0.264         0.703 / 5.775         0.703 / 5.775         0.703 / 5.775       ms
[570.268s][info][gc,stats    ]    Subphase: Concurrent Classes Unlink                    10.863 / 10.863       28.039 / 1489.339     28.039 / 1489.339     28.039 / 1489.339    ms
[570.268s][info][gc,stats    ]    Subphase: Concurrent Mark                             676.795 / 676.795     853.284 / 5176.991    853.284 / 5176.991    853.284 / 5176.991    ms
[570.268s][info][gc,stats    ]    Subphase: Concurrent Mark Try Flush                     0.033 / 0.048         4.278 / 786.951       4.278 / 786.951       4.278 / 786.951     ms
[570.268s][info][gc,stats    ]    Subphase: Concurrent Mark Try Terminate                 0.009 / 0.019         1.047 / 12.169        1.047 / 12.169        1.047 / 12.169      ms
[570.268s][info][gc,stats    ]    Subphase: Concurrent References Enqueue                 0.002 / 0.002         0.002 / 0.006         0.002 / 0.006         0.002 / 0.006       ms
[570.268s][info][gc,stats    ]    Subphase: Concurrent References Process                 0.188 / 0.188         0.526 / 2.815         0.526 / 2.815         0.526 / 2.815       ms
[570.268s][info][gc,stats    ]    Subphase: Concurrent Roots ClassLoaderDataGraph         0.388 / 0.388         0.684 / 40.174        0.684 / 40.174        0.684 / 40.174      ms
[570.268s][info][gc,stats    ]    Subphase: Concurrent Roots CodeCache                    0.000 / 0.000         0.000 / 0.000         0.000 / 0.000         0.000 / 0.000       ms
[570.268s][info][gc,stats    ]    Subphase: Concurrent Roots JavaThreads                  1.539 / 1.539         7.794 / 441.054       7.794 / 441.054       7.794 / 441.054     ms
[570.268s][info][gc,stats    ]    Subphase: Concurrent Roots OopStorageSet                0.259 / 0.259         1.438 / 136.487       1.438 / 136.487       1.438 / 136.487     ms
[570.268s][info][gc,stats    ]    Subphase: Concurrent Weak Roots OopStorageSet           2.304 / 2.304         1.718 / 11.047        1.718 / 11.047        1.718 / 11.047      ms
[570.268s][info][gc,stats    ]    Subphase: Pause Mark Try Complete                       0.000 / 0.000         0.001 / 0.003         0.001 / 0.003         0.001 / 0.003       ms
[570.268s][info][gc,stats    ]      System: Java Threads                                     77 / 77               74 / 83               74 / 83               74 / 83          threads
[570.268s][info][gc,stats    ] =========================================================================================================================================================
[571.368s][info][gc,start    ] GC(108) Garbage Collection (Allocation Rate)
[571.368s][info][gc,task     ] GC(108) Using 1 workers
[571.368s][info][gc,phases   ] GC(108) Pause Mark Start 0.004ms
[572.009s][info][gc,phases   ] GC(108) Concurrent Mark 640.893ms
[572.009s][info][gc,phases   ] GC(108) Pause Mark End 0.009ms
[572.009s][info][gc,phases   ] GC(108) Concurrent Mark Free 0.000ms
[572.023s][info][gc,phases   ] GC(108) Concurrent Process Non-Strong References 14.022ms
[572.023s][info][gc,phases   ] GC(108) Concurrent Reset Relocation Set 0.156ms
[572.040s][info][gc,phases   ] GC(108) Concurrent Select Relocation Set 17.342ms
[572.040s][info][gc,phases   ] GC(108) Pause Relocate Start 0.006ms
[572.117s][info][gc,phases   ] GC(108) Concurrent Relocate 76.586ms
[572.117s][info][gc,load     ] GC(108) Load: 0.00/0.00/0.00
[572.117s][info][gc,mmu      ] GC(108) MMU: 2ms/0.0%, 5ms/0.0%, 10ms/27.5%, 20ms/63.8%, 50ms/85.5%, 100ms/92.8%
[572.117s][info][gc,marking  ] GC(108) Mark: 1 stripe(s), 2 proactive flush(es), 1 terminate flush(es), 0 completion(s), 0 continuation(s) 
[572.117s][info][gc,marking  ] GC(108) Mark Stack Usage: 32M
[572.117s][info][gc,nmethod  ] GC(108) NMethods: 9630 registered, 1739 unregistered
[572.117s][info][gc,metaspace] GC(108) Metaspace: 131M used, 132M committed, 1152M reserved
[572.117s][info][gc,ref      ] GC(108) Soft: 6082 encountered, 0 discovered, 0 enqueued
[572.117s][info][gc,ref      ] GC(108) Weak: 23211 encountered, 925 discovered, 0 enqueued
[572.117s][info][gc,ref      ] GC(108) Final: 34 encountered, 0 discovered, 0 enqueued
[572.117s][info][gc,ref      ] GC(108) Phantom: 753 encountered, 590 discovered, 0 enqueued
[572.117s][info][gc,reloc    ] GC(108) Small Pages: 3079 / 6158M, Empty: 2718M, Relocated: 115M, In-Place: 0
[572.117s][info][gc,reloc    ] GC(108) Medium Pages: 2 / 64M, Empty: 0M, Relocated: 0M, In-Place: 0
[572.117s][info][gc,reloc    ] GC(108) Large Pages: 0 / 0M, Empty: 0M, Relocated: 0M, In-Place: 0
[572.117s][info][gc,reloc    ] GC(108) Forwarding Usage: 31M
[572.117s][info][gc,heap     ] GC(108) Min Capacity: 8192M(100%)
[572.117s][info][gc,heap     ] GC(108) Max Capacity: 8192M(100%)
[572.117s][info][gc,heap     ] GC(108) Soft Max Capacity: 8192M(100%)
[572.117s][info][gc,heap     ] GC(108)                Mark Start          Mark End        Relocate Start      Relocate End           High               Low         
[572.117s][info][gc,heap     ] GC(108)  Capacity:     8192M (100%)       8192M (100%)       8192M (100%)       8192M (100%)       8192M (100%)       8192M (100%)   
[572.117s][info][gc,heap     ] GC(108)      Free:     1970M (24%)        1468M (18%)        4170M (51%)        6946M (85%)        6946M (85%)        1466M (18%)    
[572.117s][info][gc,heap     ] GC(108)      Used:     6222M (76%)        6724M (82%)        4022M (49%)        1246M (15%)        6726M (82%)        1246M (15%)    
[572.117s][info][gc,heap     ] GC(108)      Live:         -               597M (7%)          597M (7%)          597M (7%)             -                  -          
[572.117s][info][gc,heap     ] GC(108) Allocated:         -               502M (6%)          518M (6%)          570M (7%)             -                  -          
[572.117s][info][gc,heap     ] GC(108)   Garbage:         -              5624M (69%)        2906M (35%)          77M (1%)             -                  -          
[572.117s][info][gc,heap     ] GC(108) Reclaimed:         -                  -              2718M (33%)        5546M (68%)            -                  -          
[572.117s][info][gc          ] GC(108) Garbage Collection (Allocation Rate) 6222M(76%)->1246M(15%)
[580.268s][info][gc,stats    ] === Garbage Collection Statistics =======================================================================================================================
[580.268s][info][gc,stats    ]                                                              Last 10s              Last 10m              Last 10h                Total
[580.268s][info][gc,stats    ]                                                              Avg / Max             Avg / Max             Avg / Max             Avg / Max
[580.268s][info][gc,stats    ]   Collector: Garbage Collection Cycle                    749.483 / 749.483    1252.223 / 7809.708   1252.223 / 7809.708   1252.223 / 7809.708    ms
[580.268s][info][gc,stats    ]  Contention: Mark Segment Reset Contention                     0 / 0                 0 / 9                 0 / 9                 0 / 9           ops/s
[580.268s][info][gc,stats    ]  Contention: Mark SeqNum Reset Contention                      0 / 0                 0 / 1                 0 / 1                 0 / 1           ops/s
[580.268s][info][gc,stats    ]    Critical: Allocation Stall                                  0 / 0                 0 / 0                 0 / 0                 0 / 0           ops/s
[580.268s][info][gc,stats    ]    Critical: Allocation Stall                              0.000 / 0.000         0.000 / 0.000         0.000 / 0.000         0.000 / 0.000       ms
[580.268s][info][gc,stats    ]    Critical: GC Locker Stall                                   0 / 0                 0 / 2                 0 / 2                 0 / 2           ops/s
[580.268s][info][gc,stats    ]    Critical: GC Locker Stall                               0.000 / 0.000         0.045 / 0.151         0.045 / 0.151         0.045 / 0.151       ms
[580.268s][info][gc,stats    ]    Critical: Relocation Stall                                  0 / 0                 0 / 0                 0 / 0                 0 / 0           ops/s
[580.268s][info][gc,stats    ]    Critical: Relocation Stall                              0.000 / 0.000         0.000 / 0.000         0.000 / 0.000         0.000 / 0.000       ms
[580.268s][info][gc,stats    ]      Memory: Allocation Rate                                 675 / 892             655 / 1436            655 / 1436            655 / 1436        MB/s
[580.268s][info][gc,stats    ]      Memory: Defragment                                        0 / 0                 0 / 0                 0 / 0                 0 / 0           ops/s
[580.268s][info][gc,stats    ]      Memory: Out Of Memory                                     0 / 0                 0 / 0                 0 / 0                 0 / 0           ops/s
[580.268s][info][gc,stats    ]      Memory: Page Cache Flush                                  0 / 0                 0 / 0                 0 / 0                 0 / 0           MB/s
[580.268s][info][gc,stats    ]      Memory: Page Cache Hit L1                               343 / 446             328 / 718             328 / 718             328 / 718         ops/s
[580.268s][info][gc,stats    ]      Memory: Page Cache Hit L2                                 0 / 0                 0 / 0                 0 / 0                 0 / 0           ops/s
[580.268s][info][gc,stats    ]      Memory: Page Cache Hit L3                                 0 / 0                 6 / 397               6 / 397               6 / 397         ops/s
[580.268s][info][gc,stats    ]      Memory: Page Cache Miss                                   0 / 0                 0 / 1                 0 / 1                 0 / 1           ops/s
[580.268s][info][gc,stats    ]      Memory: Uncommit                                          0 / 0                 0 / 0                 0 / 0                 0 / 0           MB/s
[580.268s][info][gc,stats    ]      Memory: Undo Object Allocation Failed                     0 / 0                 0 / 0                 0 / 0                 0 / 0           ops/s
[580.268s][info][gc,stats    ]      Memory: Undo Object Allocation Succeeded                  0 / 0                 3 / 400               3 / 400               3 / 400         ops/s
[580.268s][info][gc,stats    ]      Memory: Undo Page Allocation                              0 / 0                 0 / 1                 0 / 1                 0 / 1           ops/s
[580.268s][info][gc,stats    ]       Phase: Concurrent Mark                             640.893 / 640.893     934.641 / 5264.294    934.641 / 5264.294    934.641 / 5264.294    ms
[580.268s][info][gc,stats    ]       Phase: Concurrent Mark Continue                      0.000 / 0.000         0.000 / 0.000         0.000 / 0.000         0.000 / 0.000       ms
[580.268s][info][gc,stats    ]       Phase: Concurrent Mark Free                          0.000 / 0.000         0.001 / 0.003         0.001 / 0.003         0.001 / 0.003       ms
[580.268s][info][gc,stats    ]       Phase: Concurrent Process Non-Strong References     14.022 / 14.022       36.905 / 1493.667     36.905 / 1493.667     36.905 / 1493.667    ms
[580.268s][info][gc,stats    ]       Phase: Concurrent Relocate                          76.586 / 76.586       49.560 / 150.389      49.560 / 150.389      49.560 / 150.389     ms
[580.268s][info][gc,stats    ]       Phase: Concurrent Reset Relocation Set               0.156 / 0.156         0.120 / 0.465         0.120 / 0.465         0.120 / 0.465       ms
[580.269s][info][gc,stats    ]       Phase: Concurrent Select Relocation Set             17.342 / 17.342      221.118 / 2796.200    221.118 / 2796.200    221.118 / 2796.200    ms
[580.269s][info][gc,stats    ]       Phase: Pause Mark End                                0.009 / 0.009         0.079 / 4.475         0.079 / 4.475         0.079 / 4.475       ms
[580.269s][info][gc,stats    ]       Phase: Pause Mark Start                              0.004 / 0.004         0.076 / 7.250         0.076 / 7.250         0.076 / 7.250       ms
[580.269s][info][gc,stats    ]       Phase: Pause Relocate Start                          0.006 / 0.006         0.033 / 1.046         0.033 / 1.046         0.033 / 1.046       ms
[580.269s][info][gc,stats    ]    Subphase: Concurrent Classes Purge                      0.344 / 0.344         0.700 / 5.775         0.700 / 5.775         0.700 / 5.775       ms
[580.269s][info][gc,stats    ]    Subphase: Concurrent Classes Unlink                    10.897 / 10.897       27.882 / 1489.339     27.882 / 1489.339     27.882 / 1489.339    ms
[580.269s][info][gc,stats    ]    Subphase: Concurrent Mark                             638.666 / 638.666     852.178 / 5176.991    852.178 / 5176.991    852.178 / 5176.991    ms
[580.269s][info][gc,stats    ]    Subphase: Concurrent Mark Try Flush                     0.025 / 0.034         4.240 / 786.951       4.240 / 786.951       4.240 / 786.951     ms
[580.269s][info][gc,stats    ]    Subphase: Concurrent Mark Try Terminate                 0.010 / 0.020         1.046 / 12.169        1.046 / 12.169        1.046 / 12.169      ms
[580.269s][info][gc,stats    ]    Subphase: Concurrent References Enqueue                 0.000 / 0.000         0.002 / 0.006         0.002 / 0.006         0.002 / 0.006       ms
[580.269s][info][gc,stats    ]    Subphase: Concurrent References Process                 0.179 / 0.179         0.523 / 2.815         0.523 / 2.815         0.523 / 2.815       ms
[580.269s][info][gc,stats    ]    Subphase: Concurrent Roots ClassLoaderDataGraph         0.299 / 0.299         0.682 / 40.174        0.682 / 40.174        0.682 / 40.174      ms
[580.269s][info][gc,stats    ]    Subphase: Concurrent Roots CodeCache                    0.000 / 0.000         0.000 / 0.000         0.000 / 0.000         0.000 / 0.000       ms
[580.269s][info][gc,stats    ]    Subphase: Concurrent Roots JavaThreads                  1.737 / 1.737         7.763 / 441.054       7.763 / 441.054       7.763 / 441.054     ms
[580.269s][info][gc,stats    ]    Subphase: Concurrent Roots OopStorageSet                0.074 / 0.074         1.431 / 136.487       1.431 / 136.487       1.431 / 136.487     ms
[580.269s][info][gc,stats    ]    Subphase: Concurrent Weak Roots OopStorageSet           2.429 / 2.429         1.721 / 11.047        1.721 / 11.047        1.721 / 11.047      ms
[580.269s][info][gc,stats    ]    Subphase: Pause Mark Try Complete                       0.000 / 0.000         0.001 / 0.003         0.001 / 0.003         0.001 / 0.003       ms
[580.269s][info][gc,stats    ]      System: Java Threads                                     83 / 83               75 / 83               75 / 83               75 / 83          threads
[580.269s][info][gc,stats    ] =========================================================================================================================================================
[580.868s][info][gc,start    ] GC(109) Garbage Collection (Allocation Rate)
[580.868s][info][gc,task     ] GC(109) Using 1 workers
[580.868s][info][gc,phases   ] GC(109) Pause Mark Start 0.006ms
[581.470s][info][gc,phases   ] GC(109) Concurrent Mark 602.351ms
[581.470s][info][gc,phases   ] GC(109) Pause Mark End 0.007ms
[581.470s][info][gc,phases   ] GC(109) Concurrent Mark Free 0.000ms
[581.486s][info][gc,phases   ] GC(109) Concurrent Process Non-Strong References 15.656ms
[581.486s][info][gc,phases   ] GC(109) Concurrent Reset Relocation Set 0.127ms
[581.491s][info][gc,phases   ] GC(109) Concurrent Select Relocation Set 5.047ms
[581.491s][info][gc,phases   ] GC(109) Pause Relocate Start 0.005ms
[581.540s][info][gc,phases   ] GC(109) Concurrent Relocate 48.992ms
[581.540s][info][gc,load     ] GC(109) Load: 0.00/0.00/0.00
[581.540s][info][gc,mmu      ] GC(109) MMU: 2ms/0.0%, 5ms/0.0%, 10ms/27.5%, 20ms/63.8%, 50ms/85.5%, 100ms/92.8%
[581.540s][info][gc,marking  ] GC(109) Mark: 1 stripe(s), 2 proactive flush(es), 1 terminate flush(es), 0 completion(s), 0 continuation(s) 
[581.541s][info][gc,marking  ] GC(109) Mark Stack Usage: 32M
[581.541s][info][gc,nmethod  ] GC(109) NMethods: 9658 registered, 1747 unregistered
[581.541s][info][gc,metaspace] GC(109) Metaspace: 131M used, 132M committed, 1152M reserved
[581.541s][info][gc,ref      ] GC(109) Soft: 6082 encountered, 0 discovered, 0 enqueued
[581.541s][info][gc,ref      ] GC(109) Weak: 23218 encountered, 930 discovered, 5 enqueued
[581.541s][info][gc,ref      ] GC(109) Final: 34 encountered, 0 discovered, 0 enqueued
[581.541s][info][gc,ref      ] GC(109) Phantom: 759 encountered, 527 discovered, 0 enqueued
[581.541s][info][gc,reloc    ] GC(109) Small Pages: 3484 / 6968M, Empty: 2786M, Relocated: 73M, In-Place: 0
[581.541s][info][gc,reloc    ] GC(109) Medium Pages: 2 / 64M, Empty: 0M, Relocated: 0M, In-Place: 0
[581.541s][info][gc,reloc    ] GC(109) Large Pages: 0 / 0M, Empty: 0M, Relocated: 0M, In-Place: 0
[581.541s][info][gc,reloc    ] GC(109) Forwarding Usage: 23M
[581.541s][info][gc,heap     ] GC(109) Min Capacity: 8192M(100%)
[581.541s][info][gc,heap     ] GC(109) Max Capacity: 8192M(100%)
[581.541s][info][gc,heap     ] GC(109) Soft Max Capacity: 8192M(100%)
[581.541s][info][gc,heap     ] GC(109)                Mark Start          Mark End        Relocate Start      Relocate End           High               Low         
[581.541s][info][gc,heap     ] GC(109)  Capacity:     8192M (100%)       8192M (100%)       8192M (100%)       8192M (100%)       8192M (100%)       8192M (100%)   
[581.541s][info][gc,heap     ] GC(109)      Free:     1160M (14%)         700M (9%)         3458M (42%)        7046M (86%)        7046M (86%)         678M (8%)     
[581.541s][info][gc,heap     ] GC(109)      Used:     7032M (86%)        7492M (91%)        4734M (58%)        1146M (14%)        7514M (92%)        1146M (14%)    
[581.541s][info][gc,heap     ] GC(109)      Live:         -               553M (7%)          553M (7%)          553M (7%)             -                  -          
[581.541s][info][gc,heap     ] GC(109) Allocated:         -               460M (6%)          488M (6%)          514M (6%)             -                  -          
[581.541s][info][gc,heap     ] GC(109)   Garbage:         -              6478M (79%)        3692M (45%)          78M (1%)             -                  -          
[581.541s][info][gc,heap     ] GC(109) Reclaimed:         -                  -              2786M (34%)        6400M (78%)            -                  -          
[581.541s][info][gc          ] GC(109) Garbage Collection (Allocation Rate) 7032M(86%)->1146M(14%)
[588.267s][info][gc,start    ] GC(110) Garbage Collection (Allocation Rate)
[588.268s][info][gc,task     ] GC(110) Using 1 workers
[588.268s][info][gc,phases   ] GC(110) Pause Mark Start 0.004ms
[588.955s][info][gc,phases   ] GC(110) Concurrent Mark 687.711ms
[588.956s][info][gc,phases   ] GC(110) Pause Mark End 0.029ms
[588.956s][info][gc,phases   ] GC(110) Concurrent Mark Free 0.000ms
[588.980s][info][gc,phases   ] GC(110) Concurrent Process Non-Strong References 24.144ms
[588.980s][info][gc,phases   ] GC(110) Concurrent Reset Relocation Set 0.269ms
[589.014s][info][gc,phases   ] GC(110) Concurrent Select Relocation Set 34.094ms
[589.015s][info][gc,phases   ] GC(110) Pause Relocate Start 0.012ms
[589.127s][info][gc,phases   ] GC(110) Concurrent Relocate 112.522ms
[589.127s][info][gc,load     ] GC(110) Load: 0.00/0.00/0.00
[589.127s][info][gc,mmu      ] GC(110) MMU: 2ms/0.0%, 5ms/0.0%, 10ms/27.5%, 20ms/63.8%, 50ms/85.5%, 100ms/92.8%
[589.127s][info][gc,marking  ] GC(110) Mark: 1 stripe(s), 2 proactive flush(es), 1 terminate flush(es), 0 completion(s), 0 continuation(s) 
[589.127s][info][gc,marking  ] GC(110) Mark Stack Usage: 32M
[589.127s][info][gc,nmethod  ] GC(110) NMethods: 9676 registered, 1754 unregistered
[589.127s][info][gc,metaspace] GC(110) Metaspace: 131M used, 132M committed, 1152M reserved
[589.127s][info][gc,ref      ] GC(110) Soft: 6082 encountered, 0 discovered, 0 enqueued
[589.127s][info][gc,ref      ] GC(110) Weak: 23215 encountered, 930 discovered, 1 enqueued
[589.127s][info][gc,ref      ] GC(110) Final: 34 encountered, 0 discovered, 0 enqueued
[589.127s][info][gc,ref      ] GC(110) Phantom: 762 encountered, 589 discovered, 0 enqueued
[589.127s][info][gc,reloc    ] GC(110) Small Pages: 3456 / 6912M, Empty: 1984M, Relocated: 122M, In-Place: 0
[589.127s][info][gc,reloc    ] GC(110) Medium Pages: 2 / 64M, Empty: 0M, Relocated: 0M, In-Place: 0
[589.127s][info][gc,reloc    ] GC(110) Large Pages: 0 / 0M, Empty: 0M, Relocated: 0M, In-Place: 0
[589.127s][info][gc,reloc    ] GC(110) Forwarding Usage: 34M
[589.127s][info][gc,heap     ] GC(110) Min Capacity: 8192M(100%)
[589.127s][info][gc,heap     ] GC(110) Max Capacity: 8192M(100%)
[589.127s][info][gc,heap     ] GC(110) Soft Max Capacity: 8192M(100%)
[589.127s][info][gc,heap     ] GC(110)                Mark Start          Mark End        Relocate Start      Relocate End           High               Low         
[589.127s][info][gc,heap     ] GC(110)  Capacity:     8192M (100%)       8192M (100%)       8192M (100%)       8192M (100%)       8192M (100%)       8192M (100%)   
[589.127s][info][gc,heap     ] GC(110)      Free:     1216M (15%)         514M (6%)         2456M (30%)        6584M (80%)        6598M (81%)         500M (6%)     
[589.127s][info][gc,heap     ] GC(110)      Used:     6976M (85%)        7678M (94%)        5736M (70%)        1608M (20%)        7692M (94%)        1594M (19%)    
[589.127s][info][gc,heap     ] GC(110)      Live:         -               597M (7%)          597M (7%)          597M (7%)             -                  -          
[589.127s][info][gc,heap     ] GC(110) Allocated:         -               702M (9%)          744M (9%)          934M (11%)            -                  -          
[589.127s][info][gc,heap     ] GC(110)   Garbage:         -              6378M (78%)        4394M (54%)          76M (1%)             -                  -          
[589.127s][info][gc,heap     ] GC(110) Reclaimed:         -                  -              1984M (24%)        6302M (77%)            -                  -          
[589.127s][info][gc          ] GC(110) Garbage Collection (Allocation Rate) 6976M(85%)->1608M(20%)
[590.268s][info][gc,stats    ] === Garbage Collection Statistics =======================================================================================================================
[590.268s][info][gc,stats    ]                                                              Last 10s              Last 10m              Last 10h                Total
[590.268s][info][gc,stats    ]                                                              Avg / Max             Avg / Max             Avg / Max             Avg / Max
[590.268s][info][gc,stats    ]   Collector: Garbage Collection Cycle                    766.276 / 859.706    1243.467 / 7809.708   1243.467 / 7809.708   1243.467 / 7809.708    ms
[590.268s][info][gc,stats    ]  Contention: Mark Segment Reset Contention                     0 / 0                 0 / 9                 0 / 9                 0 / 9           ops/s
[590.268s][info][gc,stats    ]  Contention: Mark SeqNum Reset Contention                      0 / 0                 0 / 1                 0 / 1                 0 / 1           ops/s
[590.268s][info][gc,stats    ]    Critical: Allocation Stall                                  0 / 0                 0 / 0                 0 / 0                 0 / 0           ops/s
[590.268s][info][gc,stats    ]    Critical: Allocation Stall                              0.000 / 0.000         0.000 / 0.000         0.000 / 0.000         0.000 / 0.000       ms
[590.268s][info][gc,stats    ]    Critical: GC Locker Stall                                   0 / 1                 0 / 2                 0 / 2                 0 / 2           ops/s
[590.268s][info][gc,stats    ]    Critical: GC Locker Stall                               0.036 / 0.072         0.044 / 0.151         0.044 / 0.151         0.044 / 0.151       ms
[590.268s][info][gc,stats    ]    Critical: Relocation Stall                                  0 / 0                 0 / 0                 0 / 0                 0 / 0           ops/s
[590.268s][info][gc,stats    ]    Critical: Relocation Stall                              0.000 / 0.000         0.000 / 0.000         0.000 / 0.000         0.000 / 0.000       ms
[590.268s][info][gc,stats    ]      Memory: Allocation Rate                                 886 / 1140            659 / 1436            659 / 1436            659 / 1436        MB/s
[590.268s][info][gc,stats    ]      Memory: Defragment                                        0 / 0                 0 / 0                 0 / 0                 0 / 0           ops/s
[590.268s][info][gc,stats    ]      Memory: Out Of Memory                                     0 / 0                 0 / 0                 0 / 0                 0 / 0           ops/s
[590.268s][info][gc,stats    ]      Memory: Page Cache Flush                                  0 / 0                 0 / 0                 0 / 0                 0 / 0           MB/s
[590.268s][info][gc,stats    ]      Memory: Page Cache Hit L1                               452 / 630             330 / 718             330 / 718             330 / 718         ops/s
[590.268s][info][gc,stats    ]      Memory: Page Cache Hit L2                                 0 / 0                 0 / 0                 0 / 0                 0 / 0           ops/s
[590.268s][info][gc,stats    ]      Memory: Page Cache Hit L3                                 0 / 0                 6 / 397               6 / 397               6 / 397         ops/s
[590.268s][info][gc,stats    ]      Memory: Page Cache Miss                                   0 / 0                 0 / 1                 0 / 1                 0 / 1           ops/s
[590.268s][info][gc,stats    ]      Memory: Uncommit                                          0 / 0                 0 / 0                 0 / 0                 0 / 0           MB/s
[590.268s][info][gc,stats    ]      Memory: Undo Object Allocation Failed                     0 / 0                 0 / 0                 0 / 0                 0 / 0           ops/s
[590.268s][info][gc,stats    ]      Memory: Undo Object Allocation Succeeded                  0 / 4                 3 / 400               3 / 400               3 / 400         ops/s
[590.268s][info][gc,stats    ]      Memory: Undo Page Allocation                              0 / 0                 0 / 1                 0 / 1                 0 / 1           ops/s
[590.268s][info][gc,stats    ]       Phase: Concurrent Mark                             645.031 / 687.711     929.423 / 5264.294    929.423 / 5264.294    929.423 / 5264.294    ms
[590.268s][info][gc,stats    ]       Phase: Concurrent Mark Continue                      0.000 / 0.000         0.000 / 0.000         0.000 / 0.000         0.000 / 0.000       ms
[590.268s][info][gc,stats    ]       Phase: Concurrent Mark Free                          0.000 / 0.000         0.001 / 0.003         0.001 / 0.003         0.001 / 0.003       ms
[590.268s][info][gc,stats    ]       Phase: Concurrent Process Non-Strong References     19.900 / 24.144       36.599 / 1493.667     36.599 / 1493.667     36.599 / 1493.667    ms
[590.268s][info][gc,stats    ]       Phase: Concurrent Relocate                          80.757 / 112.522      50.122 / 150.389      50.122 / 150.389      50.122 / 150.389     ms
[590.268s][info][gc,stats    ]       Phase: Concurrent Reset Relocation Set               0.198 / 0.269         0.122 / 0.465         0.122 / 0.465         0.122 / 0.465       ms
[590.268s][info][gc,stats    ]       Phase: Concurrent Select Relocation Set             19.570 / 34.094      217.486 / 2796.200    217.486 / 2796.200    217.486 / 2796.200    ms
[590.268s][info][gc,stats    ]       Phase: Pause Mark End                                0.018 / 0.029         0.078 / 4.475         0.078 / 4.475         0.078 / 4.475       ms
[590.268s][info][gc,stats    ]       Phase: Pause Mark Start                              0.005 / 0.006         0.075 / 7.250         0.075 / 7.250         0.075 / 7.250       ms
[590.268s][info][gc,stats    ]       Phase: Pause Relocate Start                          0.009 / 0.012         0.032 / 1.046         0.032 / 1.046         0.032 / 1.046       ms
[590.268s][info][gc,stats    ]    Subphase: Concurrent Classes Purge                      0.500 / 0.623         0.696 / 5.775         0.696 / 5.775         0.696 / 5.775       ms
[590.268s][info][gc,stats    ]    Subphase: Concurrent Classes Unlink                    14.990 / 18.795       27.649 / 1489.339     27.649 / 1489.339     27.649 / 1489.339    ms
[590.268s][info][gc,stats    ]    Subphase: Concurrent Mark                             642.496 / 685.167     850.038 / 5176.991    850.038 / 5176.991    850.038 / 5176.991    ms
[590.268s][info][gc,stats    ]    Subphase: Concurrent Mark Try Flush                     0.097 / 0.246         4.167 / 786.951       4.167 / 786.951       4.167 / 786.951     ms
[590.268s][info][gc,stats    ]    Subphase: Concurrent Mark Try Terminate                 0.067 / 0.247         1.044 / 12.169        1.044 / 12.169        1.044 / 12.169      ms
[590.268s][info][gc,stats    ]    Subphase: Concurrent References Enqueue                 0.003 / 0.004         0.002 / 0.006         0.002 / 0.006         0.002 / 0.006       ms
[590.268s][info][gc,stats    ]    Subphase: Concurrent References Process                 0.353 / 0.564         0.520 / 2.815         0.520 / 2.815         0.520 / 2.815       ms
[590.268s][info][gc,stats    ]    Subphase: Concurrent Roots ClassLoaderDataGraph         0.362 / 0.371         0.679 / 40.174        0.679 / 40.174        0.679 / 40.174      ms
[590.268s][info][gc,stats    ]    Subphase: Concurrent Roots CodeCache                    0.000 / 0.000         0.000 / 0.000         0.000 / 0.000         0.000 / 0.000       ms
[590.268s][info][gc,stats    ]    Subphase: Concurrent Roots JavaThreads                  1.882 / 1.917         7.703 / 441.054       7.703 / 441.054       7.703 / 441.054     ms
[590.268s][info][gc,stats    ]    Subphase: Concurrent Roots OopStorageSet                0.191 / 0.257         1.419 / 136.487       1.419 / 136.487       1.419 / 136.487     ms
[590.268s][info][gc,stats    ]    Subphase: Concurrent Weak Roots OopStorageSet           3.633 / 3.942         1.741 / 11.047        1.741 / 11.047        1.741 / 11.047      ms
[590.268s][info][gc,stats    ]    Subphase: Pause Mark Try Complete                       0.000 / 0.000         0.001 / 0.003         0.001 / 0.003         0.001 / 0.003       ms
[590.268s][info][gc,stats    ]      System: Java Threads                                     83 / 83               75 / 83               75 / 83               75 / 83          threads
[590.268s][info][gc,stats    ] =========================================================================================================================================================
[596.168s][info][gc,start    ] GC(111) Garbage Collection (Allocation Rate)
[596.168s][info][gc,task     ] GC(111) Using 1 workers
[596.168s][info][gc,phases   ] GC(111) Pause Mark Start 0.006ms
[596.783s][info][gc,phases   ] GC(111) Concurrent Mark 615.007ms
[596.783s][info][gc,phases   ] GC(111) Pause Mark End 0.008ms
[596.783s][info][gc,phases   ] GC(111) Concurrent Mark Free 0.001ms
[596.798s][info][gc,phases   ] GC(111) Concurrent Process Non-Strong References 14.990ms
[596.798s][info][gc,phases   ] GC(111) Concurrent Reset Relocation Set 0.213ms
[596.803s][info][gc,phases   ] GC(111) Concurrent Select Relocation Set 4.745ms
[596.803s][info][gc,phases   ] GC(111) Pause Relocate Start 0.007ms
[596.855s][info][gc,phases   ] GC(111) Concurrent Relocate 51.623ms
[596.855s][info][gc,load     ] GC(111) Load: 0.00/0.00/0.00
[596.855s][info][gc,mmu      ] GC(111) MMU: 2ms/0.0%, 5ms/0.0%, 10ms/27.5%, 20ms/63.8%, 50ms/85.5%, 100ms/92.8%
[596.855s][info][gc,marking  ] GC(111) Mark: 1 stripe(s), 2 proactive flush(es), 1 terminate flush(es), 0 completion(s), 0 continuation(s) 
[596.855s][info][gc,marking  ] GC(111) Mark Stack Usage: 32M
[596.855s][info][gc,nmethod  ] GC(111) NMethods: 9700 registered, 1762 unregistered
[596.855s][info][gc,metaspace] GC(111) Metaspace: 131M used, 132M committed, 1152M reserved
[596.855s][info][gc,ref      ] GC(111) Soft: 6082 encountered, 0 discovered, 0 enqueued
[596.855s][info][gc,ref      ] GC(111) Weak: 23214 encountered, 926 discovered, 1 enqueued
[596.855s][info][gc,ref      ] GC(111) Final: 34 encountered, 0 discovered, 0 enqueued
[596.855s][info][gc,ref      ] GC(111) Phantom: 762 encountered, 596 discovered, 0 enqueued
[596.855s][info][gc,reloc    ] GC(111) Small Pages: 3235 / 6470M, Empty: 3544M, Relocated: 71M, In-Place: 0
[596.855s][info][gc,reloc    ] GC(111) Medium Pages: 2 / 64M, Empty: 0M, Relocated: 0M, In-Place: 0
[596.855s][info][gc,reloc    ] GC(111) Large Pages: 0 / 0M, Empty: 0M, Relocated: 0M, In-Place: 0
[596.855s][info][gc,reloc    ] GC(111) Forwarding Usage: 21M
[596.855s][info][gc,heap     ] GC(111) Min Capacity: 8192M(100%)
[596.855s][info][gc,heap     ] GC(111) Max Capacity: 8192M(100%)
[596.855s][info][gc,heap     ] GC(111) Soft Max Capacity: 8192M(100%)
[596.855s][info][gc,heap     ] GC(111)                Mark Start          Mark End        Relocate Start      Relocate End           High               Low         
[596.855s][info][gc,heap     ] GC(111)  Capacity:     8192M (100%)       8192M (100%)       8192M (100%)       8192M (100%)       8192M (100%)       8192M (100%)   
[596.855s][info][gc,heap     ] GC(111)      Free:     1658M (20%)        1302M (16%)        4838M (59%)        7172M (88%)        7172M (88%)        1298M (16%)    
[596.855s][info][gc,heap     ] GC(111)      Used:     6534M (80%)        6890M (84%)        3354M (41%)        1020M (12%)        6894M (84%)        1020M (12%)    
[596.855s][info][gc,heap     ] GC(111)      Live:         -               549M (7%)          549M (7%)          549M (7%)             -                  -          
[596.855s][info][gc,heap     ] GC(111) Allocated:         -               356M (4%)          364M (4%)          392M (5%)             -                  -          
[596.855s][info][gc,heap     ] GC(111)   Garbage:         -              5984M (73%)        2440M (30%)          77M (1%)             -                  -          
[596.855s][info][gc,heap     ] GC(111) Reclaimed:         -                  -              3544M (43%)        5906M (72%)            -                  -          
[596.855s][info][gc          ] GC(111) Garbage Collection (Allocation Rate) 6534M(80%)->1020M(12%)
[600.268s][info][gc,stats    ] === Garbage Collection Statistics =======================================================================================================================
[600.268s][info][gc,stats    ]                                                              Last 10s              Last 10m              Last 10h                Total
[600.268s][info][gc,stats    ]                                                              Avg / Max             Avg / Max             Avg / Max             Avg / Max
[600.268s][info][gc,stats    ]   Collector: Garbage Collection Cycle                    687.186 / 687.186    1238.500 / 7809.708   1238.500 / 7809.708   1238.500 / 7809.708    ms
[600.268s][info][gc,stats    ]  Contention: Mark Segment Reset Contention                     0 / 0                 0 / 9                 0 / 9                 0 / 9           ops/s
[600.268s][info][gc,stats    ]  Contention: Mark SeqNum Reset Contention                      0 / 0                 0 / 1                 0 / 1                 0 / 1           ops/s
[600.268s][info][gc,stats    ]    Critical: Allocation Stall                                  0 / 0                 0 / 0                 0 / 0                 0 / 0           ops/s
[600.268s][info][gc,stats    ]    Critical: Allocation Stall                              0.000 / 0.000         0.000 / 0.000         0.000 / 0.000         0.000 / 0.000       ms
[600.268s][info][gc,stats    ]    Critical: GC Locker Stall                                   0 / 0                 0 / 2                 0 / 2                 0 / 2           ops/s
[600.268s][info][gc,stats    ]    Critical: GC Locker Stall                               0.000 / 0.000         0.044 / 0.151         0.044 / 0.151         0.044 / 0.151       ms
[600.268s][info][gc,stats    ]    Critical: Relocation Stall                                  0 / 0                 0 / 0                 0 / 0                 0 / 0           ops/s
[600.268s][info][gc,stats    ]    Critical: Relocation Stall                              0.000 / 0.000         0.000 / 0.000         0.000 / 0.000         0.000 / 0.000       ms
[600.268s][info][gc,stats    ]      Memory: Allocation Rate                                 662 / 1110            659 / 1436            659 / 1436            659 / 1436        MB/s
[600.268s][info][gc,stats    ]      Memory: Defragment                                        0 / 0                 0 / 0                 0 / 0                 0 / 0           ops/s
[600.268s][info][gc,stats    ]      Memory: Out Of Memory                                     0 / 0                 0 / 0                 0 / 0                 0 / 0           ops/s
[600.268s][info][gc,stats    ]      Memory: Page Cache Flush                                  0 / 0                 0 / 0                 0 / 0                 0 / 0           MB/s
[600.268s][info][gc,stats    ]      Memory: Page Cache Hit L1                               334 / 555             330 / 718             330 / 718             330 / 718         ops/s
[600.268s][info][gc,stats    ]      Memory: Page Cache Hit L2                                 0 / 0                 0 / 0                 0 / 0                 0 / 0           ops/s
[600.268s][info][gc,stats    ]      Memory: Page Cache Hit L3                                 0 / 0                 6 / 397               6 / 397               6 / 397         ops/s
[600.268s][info][gc,stats    ]      Memory: Page Cache Miss                                   0 / 0                 0 / 1                 0 / 1                 0 / 1           ops/s
[600.268s][info][gc,stats    ]      Memory: Uncommit                                          0 / 0                 0 / 0                 0 / 0                 0 / 0           MB/s
[600.268s][info][gc,stats    ]      Memory: Undo Object Allocation Failed                     0 / 0                 0 / 0                 0 / 0                 0 / 0           ops/s
[600.268s][info][gc,stats    ]      Memory: Undo Object Allocation Succeeded                  0 / 0                 3 / 400               3 / 400               3 / 400         ops/s
[600.268s][info][gc,stats    ]      Memory: Undo Page Allocation                              0 / 0                 0 / 1                 0 / 1                 0 / 1           ops/s
[600.268s][info][gc,stats    ]       Phase: Concurrent Mark                             615.007 / 615.007     926.616 / 5264.294    926.616 / 5264.294    926.616 / 5264.294    ms
[600.268s][info][gc,stats    ]       Phase: Concurrent Mark Continue                      0.000 / 0.000         0.000 / 0.000         0.000 / 0.000         0.000 / 0.000       ms
[600.268s][info][gc,stats    ]       Phase: Concurrent Mark Free                          0.001 / 0.001         0.001 / 0.003         0.001 / 0.003         0.001 / 0.003       ms
[600.268s][info][gc,stats    ]       Phase: Concurrent Process Non-Strong References     14.990 / 14.990       36.406 / 1493.667     36.406 / 1493.667     36.406 / 1493.667    ms
[600.268s][info][gc,stats    ]       Phase: Concurrent Relocate                          51.623 / 51.623       50.136 / 150.389      50.136 / 150.389      50.136 / 150.389     ms
[600.268s][info][gc,stats    ]       Phase: Concurrent Reset Relocation Set               0.213 / 0.213         0.123 / 0.465         0.123 / 0.465         0.123 / 0.465       ms
[600.268s][info][gc,stats    ]       Phase: Concurrent Select Relocation Set              4.745 / 4.745       215.587 / 2796.200    215.587 / 2796.200    215.587 / 2796.200    ms
[600.268s][info][gc,stats    ]       Phase: Pause Mark End                                0.008 / 0.008         0.077 / 4.475         0.077 / 4.475         0.077 / 4.475       ms
[600.268s][info][gc,stats    ]       Phase: Pause Mark Start                              0.006 / 0.006         0.074 / 7.250         0.074 / 7.250         0.074 / 7.250       ms
[600.268s][info][gc,stats    ]       Phase: Pause Relocate Start                          0.007 / 0.007         0.032 / 1.046         0.032 / 1.046         0.032 / 1.046       ms
[600.268s][info][gc,stats    ]    Subphase: Concurrent Classes Purge                      0.356 / 0.356         0.693 / 5.775         0.693 / 5.775         0.693 / 5.775       ms
[600.268s][info][gc,stats    ]    Subphase: Concurrent Classes Unlink                    11.605 / 11.605       27.506 / 1489.339     27.506 / 1489.339     27.506 / 1489.339    ms
[600.268s][info][gc,stats    ]    Subphase: Concurrent Mark                             611.977 / 611.977     848.830 / 5176.991    848.830 / 5176.991    848.830 / 5176.991    ms
[600.268s][info][gc,stats    ]    Subphase: Concurrent Mark Try Flush                     0.048 / 0.072         4.132 / 786.951       4.132 / 786.951       4.132 / 786.951     ms
[600.268s][info][gc,stats    ]    Subphase: Concurrent Mark Try Terminate                 0.009 / 0.019         1.043 / 12.169        1.043 / 12.169        1.043 / 12.169      ms
[600.268s][info][gc,stats    ]    Subphase: Concurrent References Enqueue                 0.002 / 0.002         0.002 / 0.006         0.002 / 0.006         0.002 / 0.006       ms
[600.268s][info][gc,stats    ]    Subphase: Concurrent References Process                 0.187 / 0.187         0.517 / 2.815         0.517 / 2.815         0.517 / 2.815       ms
[600.268s][info][gc,stats    ]    Subphase: Concurrent Roots ClassLoaderDataGraph         0.371 / 0.371         0.677 / 40.174        0.677 / 40.174        0.677 / 40.174      ms
[600.268s][info][gc,stats    ]    Subphase: Concurrent Roots CodeCache                    0.000 / 0.000         0.000 / 0.000         0.000 / 0.000         0.000 / 0.000       ms
[600.268s][info][gc,stats    ]    Subphase: Concurrent Roots JavaThreads                  2.400 / 2.400         7.676 / 441.054       7.676 / 441.054       7.676 / 441.054     ms
[600.268s][info][gc,stats    ]    Subphase: Concurrent Roots OopStorageSet                0.116 / 0.116         1.412 / 136.487       1.412 / 136.487       1.412 / 136.487     ms
[600.268s][info][gc,stats    ]    Subphase: Concurrent Weak Roots OopStorageSet           2.556 / 2.556         1.745 / 11.047        1.745 / 11.047        1.745 / 11.047      ms
[600.268s][info][gc,stats    ]    Subphase: Pause Mark Try Complete                       0.000 / 0.000         0.001 / 0.003         0.001 / 0.003         0.001 / 0.003       ms
[600.268s][info][gc,stats    ]      System: Java Threads                                     83 / 83               75 / 83               75 / 83               75 / 83          threads
[600.268s][info][gc,stats    ] =========================================================================================================================================================
[604.768s][info][gc,start    ] GC(112) Garbage Collection (Allocation Rate)
[604.768s][info][gc,task     ] GC(112) Using 1 workers
[604.768s][info][gc,phases   ] GC(112) Pause Mark Start 0.004ms
[605.385s][info][gc,phases   ] GC(112) Concurrent Mark 616.239ms
[605.385s][info][gc,phases   ] GC(112) Pause Mark End 0.008ms
[605.385s][info][gc,phases   ] GC(112) Concurrent Mark Free 0.000ms
[605.399s][info][gc,phases   ] GC(112) Concurrent Process Non-Strong References 14.034ms
[605.399s][info][gc,phases   ] GC(112) Concurrent Reset Relocation Set 0.093ms
[605.411s][info][gc,phases   ] GC(112) Concurrent Select Relocation Set 11.535ms
[605.411s][info][gc,phases   ] GC(112) Pause Relocate Start 0.005ms
[605.471s][info][gc,phases   ] GC(112) Concurrent Relocate 60.229ms
[605.471s][info][gc,load     ] GC(112) Load: 0.00/0.00/0.00
[605.471s][info][gc,mmu      ] GC(112) MMU: 2ms/0.0%, 5ms/0.0%, 10ms/27.5%, 20ms/63.8%, 50ms/85.5%, 100ms/92.8%
[605.471s][info][gc,marking  ] GC(112) Mark: 1 stripe(s), 2 proactive flush(es), 1 terminate flush(es), 0 completion(s), 0 continuation(s) 
[605.471s][info][gc,marking  ] GC(112) Mark Stack Usage: 32M
[605.471s][info][gc,nmethod  ] GC(112) NMethods: 9718 registered, 6 unregistered
[605.471s][info][gc,metaspace] GC(112) Metaspace: 131M used, 132M committed, 1152M reserved
[605.471s][info][gc,ref      ] GC(112) Soft: 6082 encountered, 0 discovered, 0 enqueued
[605.471s][info][gc,ref      ] GC(112) Weak: 23222 encountered, 935 discovered, 4 enqueued
[605.471s][info][gc,ref      ] GC(112) Final: 34 encountered, 0 discovered, 0 enqueued
[605.471s][info][gc,ref      ] GC(112) Phantom: 771 encountered, 602 discovered, 0 enqueued
[605.471s][info][gc,reloc    ] GC(112) Small Pages: 3459 / 6918M, Empty: 2100M, Relocated: 92M, In-Place: 0
[605.471s][info][gc,reloc    ] GC(112) Medium Pages: 2 / 64M, Empty: 0M, Relocated: 0M, In-Place: 0
[605.471s][info][gc,reloc    ] GC(112) Large Pages: 0 / 0M, Empty: 0M, Relocated: 0M, In-Place: 0
[605.471s][info][gc,reloc    ] GC(112) Forwarding Usage: 27M
[605.471s][info][gc,heap     ] GC(112) Min Capacity: 8192M(100%)
[605.471s][info][gc,heap     ] GC(112) Max Capacity: 8192M(100%)
[605.471s][info][gc,heap     ] GC(112) Soft Max Capacity: 8192M(100%)
[605.471s][info][gc,heap     ] GC(112)                Mark Start          Mark End        Relocate Start      Relocate End           High               Low         
[605.471s][info][gc,heap     ] GC(112)  Capacity:     8192M (100%)       8192M (100%)       8192M (100%)       8192M (100%)       8192M (100%)       8192M (100%)   
[605.471s][info][gc,heap     ] GC(112)      Free:     1210M (15%)         756M (9%)         2836M (35%)        7032M (86%)        7032M (86%)         742M (9%)     
[605.471s][info][gc,heap     ] GC(112)      Used:     6982M (85%)        7436M (91%)        5356M (65%)        1160M (14%)        7450M (91%)        1160M (14%)    
[605.471s][info][gc,heap     ] GC(112)      Live:         -               570M (7%)          570M (7%)          570M (7%)             -                  -          
[605.471s][info][gc,heap     ] GC(112) Allocated:         -               454M (6%)          474M (6%)          513M (6%)             -                  -          
[605.471s][info][gc,heap     ] GC(112)   Garbage:         -              6411M (78%)        4311M (53%)          76M (1%)             -                  -          
[605.471s][info][gc,heap     ] GC(112) Reclaimed:         -                  -              2100M (26%)        6335M (77%)            -                  -          
[605.471s][info][gc          ] GC(112) Garbage Collection (Allocation Rate) 6982M(85%)->1160M(14%)
[610.268s][info][gc,stats    ] === Garbage Collection Statistics =======================================================================================================================
[610.268s][info][gc,stats    ]                                                              Last 10s              Last 10m              Last 10h                Total
[610.268s][info][gc,stats    ]                                                              Avg / Max             Avg / Max             Avg / Max             Avg / Max
[610.268s][info][gc,stats    ]   Collector: Garbage Collection Cycle                    702.742 / 702.742    1269.957 / 7809.708   1233.759 / 7809.708   1233.759 / 7809.708    ms
[610.268s][info][gc,stats    ]  Contention: Mark Segment Reset Contention                     0 / 0                 0 / 9                 0 / 9                 0 / 9           ops/s
[610.268s][info][gc,stats    ]  Contention: Mark SeqNum Reset Contention                      0 / 0                 0 / 1                 0 / 1                 0 / 1           ops/s
[610.268s][info][gc,stats    ]    Critical: Allocation Stall                                  0 / 0                 0 / 0                 0 / 0                 0 / 0           ops/s
[610.268s][info][gc,stats    ]    Critical: Allocation Stall                              0.000 / 0.000         0.000 / 0.000         0.000 / 0.000         0.000 / 0.000       ms
[610.268s][info][gc,stats    ]    Critical: GC Locker Stall                                   0 / 0                 0 / 2                 0 / 2                 0 / 2           ops/s
[610.268s][info][gc,stats    ]    Critical: GC Locker Stall                               0.000 / 0.000         0.044 / 0.151         0.044 / 0.151         0.044 / 0.151       ms
[610.268s][info][gc,stats    ]    Critical: Relocation Stall                                  0 / 0                 0 / 0                 0 / 0                 0 / 0           ops/s
[610.268s][info][gc,stats    ]    Critical: Relocation Stall                              0.000 / 0.000         0.000 / 0.000         0.000 / 0.000         0.000 / 0.000       ms
[610.268s][info][gc,stats    ]      Memory: Allocation Rate                                 768 / 870             667 / 1436            661 / 1436            661 / 1436        MB/s
[610.268s][info][gc,stats    ]      Memory: Defragment                                        0 / 0                 0 / 0                 0 / 0                 0 / 0           ops/s
[610.268s][info][gc,stats    ]      Memory: Out Of Memory                                     0 / 0                 0 / 0                 0 / 0                 0 / 0           ops/s
[610.268s][info][gc,stats    ]      Memory: Page Cache Flush                                  0 / 0                 0 / 0                 0 / 0                 0 / 0           MB/s
[610.268s][info][gc,stats    ]      Memory: Page Cache Hit L1                               388 / 481             335 / 718             331 / 718             331 / 718         ops/s
[610.268s][info][gc,stats    ]      Memory: Page Cache Hit L2                                 0 / 0                 0 / 0                 0 / 0                 0 / 0           ops/s
[610.268s][info][gc,stats    ]      Memory: Page Cache Hit L3                                 0 / 0                 5 / 397               6 / 397               6 / 397         ops/s
[610.268s][info][gc,stats    ]      Memory: Page Cache Miss                                   0 / 0                 0 / 0                 0 / 1                 0 / 1           ops/s
[610.268s][info][gc,stats    ]      Memory: Uncommit                                          0 / 0                 0 / 0                 0 / 0                 0 / 0           MB/s
[610.268s][info][gc,stats    ]      Memory: Undo Object Allocation Failed                     0 / 0                 0 / 0                 0 / 0                 0 / 0           ops/s
[610.268s][info][gc,stats    ]      Memory: Undo Object Allocation Succeeded                  0 / 1                 3 / 400               3 / 400               3 / 400         ops/s
[610.268s][info][gc,stats    ]      Memory: Undo Page Allocation                              0 / 0                 0 / 1                 0 / 1                 0 / 1           ops/s
[610.268s][info][gc,stats    ]       Phase: Concurrent Mark                             616.239 / 616.239     950.992 / 5264.294    923.869 / 5264.294    923.869 / 5264.294    ms
[610.268s][info][gc,stats    ]       Phase: Concurrent Mark Continue                      0.000 / 0.000         0.000 / 0.000         0.000 / 0.000         0.000 / 0.000       ms
[610.268s][info][gc,stats    ]       Phase: Concurrent Mark Free                          0.000 / 0.000         0.001 / 0.003         0.001 / 0.003         0.001 / 0.003       ms
[610.268s][info][gc,stats    ]       Phase: Concurrent Process Non-Strong References     14.034 / 14.034       37.194 / 1493.667     36.208 / 1493.667     36.208 / 1493.667    ms
[610.268s][info][gc,stats    ]       Phase: Concurrent Relocate                          60.229 / 60.229       50.516 / 150.389      50.225 / 150.389      50.225 / 150.389     ms
[610.268s][info][gc,stats    ]       Phase: Concurrent Reset Relocation Set               0.093 / 0.093         0.126 / 0.465         0.122 / 0.465         0.122 / 0.465       ms
[610.268s][info][gc,stats    ]       Phase: Concurrent Select Relocation Set             11.535 / 11.535      221.256 / 2796.200    213.781 / 2796.200    213.781 / 2796.200    ms
[610.268s][info][gc,stats    ]       Phase: Pause Mark End                                0.008 / 0.008         0.079 / 4.475         0.077 / 4.475         0.077 / 4.475       ms
[610.268s][info][gc,stats    ]       Phase: Pause Mark Start                              0.004 / 0.004         0.076 / 7.250         0.073 / 7.250         0.073 / 7.250       ms
[610.268s][info][gc,stats    ]       Phase: Pause Relocate Start                          0.005 / 0.005         0.033 / 1.046         0.032 / 1.046         0.032 / 1.046       ms
[610.268s][info][gc,stats    ]    Subphase: Concurrent Classes Purge                      0.042 / 0.042         0.676 / 5.775         0.688 / 5.775         0.688 / 5.775       ms
[610.268s][info][gc,stats    ]    Subphase: Concurrent Classes Unlink                    10.987 / 10.987       28.135 / 1489.339     27.360 / 1489.339     27.360 / 1489.339    ms
[610.268s][info][gc,stats    ]    Subphase: Concurrent Mark                             613.370 / 613.370     875.693 / 5176.991    847.641 / 5176.991    847.641 / 5176.991    ms
[610.268s][info][gc,stats    ]    Subphase: Concurrent Mark Try Flush                     0.026 / 0.038         4.227 / 786.951       4.096 / 786.951       4.096 / 786.951     ms
[610.268s][info][gc,stats    ]    Subphase: Concurrent Mark Try Terminate                 0.008 / 0.017         1.037 / 10.682        1.042 / 12.169        1.042 / 12.169      ms
[610.268s][info][gc,stats    ]    Subphase: Concurrent References Enqueue                 0.002 / 0.002         0.002 / 0.006         0.002 / 0.006         0.002 / 0.006       ms
[610.268s][info][gc,stats    ]    Subphase: Concurrent References Process                 0.157 / 0.157         0.504 / 2.815         0.513 / 2.815         0.513 / 2.815       ms
[610.268s][info][gc,stats    ]    Subphase: Concurrent Roots ClassLoaderDataGraph         0.305 / 0.305         0.698 / 40.174        0.675 / 40.174        0.675 / 40.174      ms
[610.268s][info][gc,stats    ]    Subphase: Concurrent Roots CodeCache                    0.000 / 0.000         0.000 / 0.000         0.000 / 0.000         0.000 / 0.000       ms
[610.268s][info][gc,stats    ]    Subphase: Concurrent Roots JavaThreads                  2.394 / 2.394         7.942 / 441.054       7.649 / 441.054       7.649 / 441.054     ms
[610.268s][info][gc,stats    ]    Subphase: Concurrent Roots OopStorageSet                0.067 / 0.067         1.462 / 136.487       1.405 / 136.487       1.405 / 136.487     ms
[610.268s][info][gc,stats    ]    Subphase: Concurrent Weak Roots OopStorageSet           2.399 / 2.399         1.773 / 11.047        1.748 / 11.047        1.748 / 11.047      ms
[610.268s][info][gc,stats    ]    Subphase: Pause Mark Try Complete                       0.000 / 0.000         0.001 / 0.003         0.001 / 0.003         0.001 / 0.003       ms
[610.268s][info][gc,stats    ]      System: Java Threads                                     83 / 83               77 / 83               75 / 83               75 / 83          threads
[610.268s][info][gc,stats    ] =========================================================================================================================================================
[612.468s][info][gc,start    ] GC(113) Garbage Collection (Allocation Rate)
[612.468s][info][gc,task     ] GC(113) Using 1 workers
[612.468s][info][gc,phases   ] GC(113) Pause Mark Start 0.007ms
[613.099s][info][gc,phases   ] GC(113) Concurrent Mark 631.049ms
[613.099s][info][gc,phases   ] GC(113) Pause Mark End 0.012ms
[613.099s][info][gc,phases   ] GC(113) Concurrent Mark Free 0.001ms
[613.114s][info][gc,phases   ] GC(113) Concurrent Process Non-Strong References 14.866ms
[613.115s][info][gc,phases   ] GC(113) Concurrent Reset Relocation Set 0.316ms
[613.136s][info][gc,phases   ] GC(113) Concurrent Select Relocation Set 20.810ms
[613.136s][info][gc,phases   ] GC(113) Pause Relocate Start 0.006ms
[613.204s][info][gc,phases   ] GC(113) Concurrent Relocate 67.885ms
[613.204s][info][gc,load     ] GC(113) Load: 0.00/0.00/0.00
[613.204s][info][gc,mmu      ] GC(113) MMU: 2ms/0.0%, 5ms/0.0%, 10ms/27.5%, 20ms/63.8%, 50ms/85.5%, 100ms/92.8%
[613.204s][info][gc,marking  ] GC(113) Mark: 1 stripe(s), 2 proactive flush(es), 1 terminate flush(es), 0 completion(s), 0 continuation(s) 
[613.204s][info][gc,marking  ] GC(113) Mark Stack Usage: 32M
[613.204s][info][gc,nmethod  ] GC(113) NMethods: 9730 registered, 6 unregistered
[613.204s][info][gc,metaspace] GC(113) Metaspace: 131M used, 132M committed, 1152M reserved
[613.204s][info][gc,ref      ] GC(113) Soft: 6082 encountered, 0 discovered, 0 enqueued
[613.204s][info][gc,ref      ] GC(113) Weak: 23220 encountered, 926 discovered, 1 enqueued
[613.204s][info][gc,ref      ] GC(113) Final: 34 encountered, 0 discovered, 0 enqueued
[613.204s][info][gc,ref      ] GC(113) Phantom: 777 encountered, 606 discovered, 0 enqueued
[613.204s][info][gc,reloc    ] GC(113) Small Pages: 3459 / 6918M, Empty: 2274M, Relocated: 103M, In-Place: 0
[613.204s][info][gc,reloc    ] GC(113) Medium Pages: 2 / 64M, Empty: 0M, Relocated: 0M, In-Place: 0
[613.204s][info][gc,reloc    ] GC(113) Large Pages: 0 / 0M, Empty: 0M, Relocated: 0M, In-Place: 0
[613.204s][info][gc,reloc    ] GC(113) Forwarding Usage: 27M
[613.204s][info][gc,heap     ] GC(113) Min Capacity: 8192M(100%)
[613.204s][info][gc,heap     ] GC(113) Max Capacity: 8192M(100%)
[613.204s][info][gc,heap     ] GC(113) Soft Max Capacity: 8192M(100%)
[613.204s][info][gc,heap     ] GC(113)                Mark Start          Mark End        Relocate Start      Relocate End           High               Low         
[613.204s][info][gc,heap     ] GC(113)  Capacity:     8192M (100%)       8192M (100%)       8192M (100%)       8192M (100%)       8192M (100%)       8192M (100%)   
[613.204s][info][gc,heap     ] GC(113)      Free:     1210M (15%)         558M (7%)         2772M (34%)        6768M (83%)        6768M (83%)         534M (7%)     
[613.204s][info][gc,heap     ] GC(113)      Used:     6982M (85%)        7634M (93%)        5420M (66%)        1424M (17%)        7658M (93%)        1424M (17%)    
[613.204s][info][gc,heap     ] GC(113)      Live:         -               582M (7%)          582M (7%)          582M (7%)             -                  -          
[613.204s][info][gc,heap     ] GC(113) Allocated:         -               652M (8%)          712M (9%)          764M (9%)             -                  -          
[613.204s][info][gc,heap     ] GC(113)   Garbage:         -              6399M (78%)        4125M (50%)          76M (1%)             -                  -          
[613.204s][info][gc,heap     ] GC(113) Reclaimed:         -                  -              2274M (28%)        6322M (77%)            -                  -          
[613.204s][info][gc          ] GC(113) Garbage Collection (Allocation Rate) 6982M(85%)->1424M(17%)
[620.267s][info][gc,stats    ] === Garbage Collection Statistics =======================================================================================================================
[620.267s][info][gc,stats    ]                                                              Last 10s              Last 10m              Last 10h                Total
[620.267s][info][gc,stats    ]                                                              Avg / Max             Avg / Max             Avg / Max             Avg / Max
[620.267s][info][gc,stats    ]   Collector: Garbage Collection Cycle                    735.668 / 735.668    1280.742 / 7809.708   1229.390 / 7809.708   1229.390 / 7809.708    ms
[620.267s][info][gc,stats    ]  Contention: Mark Segment Reset Contention                     0 / 0                 0 / 9                 0 / 9                 0 / 9           ops/s
[620.267s][info][gc,stats    ]  Contention: Mark SeqNum Reset Contention                      0 / 0                 0 / 1                 0 / 1                 0 / 1           ops/s
[620.267s][info][gc,stats    ]    Critical: Allocation Stall                                  0 / 0                 0 / 0                 0 / 0                 0 / 0           ops/s
[620.267s][info][gc,stats    ]    Critical: Allocation Stall                              0.000 / 0.000         0.000 / 0.000         0.000 / 0.000         0.000 / 0.000       ms
[620.267s][info][gc,stats    ]    Critical: GC Locker Stall                                   0 / 0                 0 / 2                 0 / 2                 0 / 2           ops/s
[620.267s][info][gc,stats    ]    Critical: GC Locker Stall                               0.000 / 0.000         0.044 / 0.151         0.044 / 0.151         0.044 / 0.151       ms
[620.267s][info][gc,stats    ]    Critical: Relocation Stall                                  0 / 0                 0 / 0                 0 / 0                 0 / 0           ops/s
[620.267s][info][gc,stats    ]    Critical: Relocation Stall                              0.000 / 0.000         0.000 / 0.000         0.000 / 0.000         0.000 / 0.000       ms
[620.267s][info][gc,stats    ]      Memory: Allocation Rate                                 863 / 1030            673 / 1436            664 / 1436            664 / 1436        MB/s
[620.267s][info][gc,stats    ]      Memory: Defragment                                        0 / 0                 0 / 0                 0 / 0                 0 / 0           ops/s
[620.267s][info][gc,stats    ]      Memory: Out Of Memory                                     0 / 0                 0 / 0                 0 / 0                 0 / 0           ops/s
[620.267s][info][gc,stats    ]      Memory: Page Cache Flush                                  0 / 0                 0 / 0                 0 / 0                 0 / 0           MB/s
[620.267s][info][gc,stats    ]      Memory: Page Cache Hit L1                               436 / 541             339 / 718             333 / 718             333 / 718         ops/s
[620.267s][info][gc,stats    ]      Memory: Page Cache Hit L2                                 0 / 0                 0 / 0                 0 / 0                 0 / 0           ops/s
[620.267s][info][gc,stats    ]      Memory: Page Cache Hit L3                                 0 / 0                 4 / 397               6 / 397               6 / 397         ops/s
[620.267s][info][gc,stats    ]      Memory: Page Cache Miss                                   0 / 0                 0 / 0                 0 / 1                 0 / 1           ops/s
[620.267s][info][gc,stats    ]      Memory: Uncommit                                          0 / 0                 0 / 0                 0 / 0                 0 / 0           MB/s
[620.267s][info][gc,stats    ]      Memory: Undo Object Allocation Failed                     0 / 0                 0 / 0                 0 / 0                 0 / 0           ops/s
[620.267s][info][gc,stats    ]      Memory: Undo Object Allocation Succeeded                  0 / 0                 3 / 400               3 / 400               3 / 400         ops/s
[620.267s][info][gc,stats    ]      Memory: Undo Page Allocation                              0 / 0                 0 / 1                 0 / 1                 0 / 1           ops/s
[620.267s][info][gc,stats    ]       Phase: Concurrent Mark                             631.049 / 631.049     959.468 / 5264.294    921.300 / 5264.294    921.300 / 5264.294    ms
[620.267s][info][gc,stats    ]       Phase: Concurrent Mark Continue                      0.000 / 0.000         0.000 / 0.000         0.000 / 0.000         0.000 / 0.000       ms
[620.267s][info][gc,stats    ]       Phase: Concurrent Mark Free                          0.001 / 0.001         0.001 / 0.003         0.001 / 0.003         0.001 / 0.003       ms
[620.268s][info][gc,stats    ]       Phase: Concurrent Process Non-Strong References     14.866 / 14.866       37.161 / 1493.667     36.020 / 1493.667     36.020 / 1493.667    ms
[620.268s][info][gc,stats    ]       Phase: Concurrent Relocate                          67.885 / 67.885       50.708 / 150.389      50.380 / 150.389      50.380 / 150.389     ms
[620.268s][info][gc,stats    ]       Phase: Concurrent Reset Relocation Set               0.316 / 0.316         0.129 / 0.465         0.124 / 0.465         0.124 / 0.465       ms
[620.268s][info][gc,stats    ]       Phase: Concurrent Select Relocation Set             20.810 / 20.810      223.325 / 2796.200    212.088 / 2796.200    212.088 / 2796.200    ms
[620.268s][info][gc,stats    ]       Phase: Pause Mark End                                0.012 / 0.012         0.080 / 4.475         0.076 / 4.475         0.076 / 4.475       ms
[620.268s][info][gc,stats    ]       Phase: Pause Mark Start                              0.007 / 0.007         0.077 / 7.250         0.073 / 7.250         0.073 / 7.250       ms
[620.268s][info][gc,stats    ]       Phase: Pause Relocate Start                          0.006 / 0.006         0.033 / 1.046         0.032 / 1.046         0.032 / 1.046       ms
[620.268s][info][gc,stats    ]    Subphase: Concurrent Classes Purge                      0.006 / 0.006         0.658 / 5.775         0.681 / 5.775         0.681 / 5.775       ms
[620.268s][info][gc,stats    ]    Subphase: Concurrent Classes Unlink                    11.937 / 11.937       28.071 / 1489.339     27.225 / 1489.339     27.225 / 1489.339    ms
[620.268s][info][gc,stats    ]    Subphase: Concurrent Mark                             628.318 / 628.318     886.030 / 5176.991    846.538 / 5176.991    846.538 / 5176.991    ms
[620.268s][info][gc,stats    ]    Subphase: Concurrent Mark Try Flush                     0.064 / 0.089         4.290 / 786.951       4.062 / 786.951       4.062 / 786.951     ms
[620.268s][info][gc,stats    ]    Subphase: Concurrent Mark Try Terminate                 0.026 / 0.051         1.037 / 10.682        1.041 / 12.169        1.041 / 12.169      ms
[620.268s][info][gc,stats    ]    Subphase: Concurrent References Enqueue                 0.003 / 0.003         0.002 / 0.006         0.002 / 0.006         0.002 / 0.006       ms
[620.268s][info][gc,stats    ]    Subphase: Concurrent References Process                 0.220 / 0.220         0.495 / 2.815         0.511 / 2.815         0.511 / 2.815       ms
[620.268s][info][gc,stats    ]    Subphase: Concurrent Roots ClassLoaderDataGraph         0.621 / 0.621         0.706 / 40.174        0.675 / 40.174        0.675 / 40.174      ms
[620.268s][info][gc,stats    ]    Subphase: Concurrent Roots CodeCache                    0.000 / 0.000         0.000 / 0.000         0.000 / 0.000         0.000 / 0.000       ms
[620.268s][info][gc,stats    ]    Subphase: Concurrent Roots JavaThreads                  1.844 / 1.844         8.043 / 441.054       7.620 / 441.054       7.620 / 441.054     ms
[620.268s][info][gc,start    ] GC(114) Garbage Collection (Allocation Rate)
[620.268s][info][gc,stats    ]    Subphase: Concurrent Roots OopStorageSet                0.161 / 0.161         1.484 / 136.487       1.399 / 136.487       1.399 / 136.487     ms
[620.268s][info][gc,task     ] GC(114) Using 1 workers
[620.268s][info][gc,stats    ]    Subphase: Concurrent Weak Roots OopStorageSet           2.358 / 2.358         1.773 / 11.047        1.751 / 11.047        1.751 / 11.047      ms
[620.268s][info][gc,stats    ]    Subphase: Pause Mark Try Complete                       0.000 / 0.000         0.001 / 0.003         0.001 / 0.003         0.001 / 0.003       ms
[620.268s][info][gc,phases   ] GC(114) Pause Mark Start 0.004ms
[620.268s][info][gc,stats    ]      System: Java Threads                                     83 / 83               77 / 83               75 / 83               75 / 83          threads
[620.268s][info][gc,stats    ] =========================================================================================================================================================
[620.876s][info][gc,phases   ] GC(114) Concurrent Mark 608.369ms
[620.876s][info][gc,phases   ] GC(114) Pause Mark End 0.008ms
[620.876s][info][gc,phases   ] GC(114) Concurrent Mark Free 0.001ms
[620.892s][info][gc,phases   ] GC(114) Concurrent Process Non-Strong References 15.995ms
[620.893s][info][gc,phases   ] GC(114) Concurrent Reset Relocation Set 0.218ms
[620.918s][info][gc,phases   ] GC(114) Concurrent Select Relocation Set 25.274ms
[620.918s][info][gc,phases   ] GC(114) Pause Relocate Start 0.016ms
[620.987s][info][gc,phases   ] GC(114) Concurrent Relocate 68.495ms
[620.987s][info][gc,load     ] GC(114) Load: 0.00/0.00/0.00
[620.987s][info][gc,mmu      ] GC(114) MMU: 2ms/0.0%, 5ms/0.0%, 10ms/27.5%, 20ms/63.8%, 50ms/85.5%, 100ms/92.8%
[620.987s][info][gc,marking  ] GC(114) Mark: 1 stripe(s), 2 proactive flush(es), 1 terminate flush(es), 0 completion(s), 0 continuation(s) 
[620.987s][info][gc,marking  ] GC(114) Mark Stack Usage: 32M
[620.987s][info][gc,nmethod  ] GC(114) NMethods: 9757 registered, 18 unregistered
[620.987s][info][gc,metaspace] GC(114) Metaspace: 131M used, 132M committed, 1152M reserved
[620.987s][info][gc,ref      ] GC(114) Soft: 6082 encountered, 0 discovered, 0 enqueued
[620.987s][info][gc,ref      ] GC(114) Weak: 23219 encountered, 925 discovered, 1 enqueued
[620.987s][info][gc,ref      ] GC(114) Final: 34 encountered, 0 discovered, 0 enqueued
[620.987s][info][gc,ref      ] GC(114) Phantom: 778 encountered, 607 discovered, 1 enqueued
[620.987s][info][gc,reloc    ] GC(114) Small Pages: 3534 / 7068M, Empty: 2674M, Relocated: 103M, In-Place: 0
[620.987s][info][gc,reloc    ] GC(114) Medium Pages: 2 / 64M, Empty: 0M, Relocated: 0M, In-Place: 0
[620.987s][info][gc,reloc    ] GC(114) Large Pages: 0 / 0M, Empty: 0M, Relocated: 0M, In-Place: 0
[620.987s][info][gc,reloc    ] GC(114) Forwarding Usage: 29M
[620.987s][info][gc,heap     ] GC(114) Min Capacity: 8192M(100%)
[620.987s][info][gc,heap     ] GC(114) Max Capacity: 8192M(100%)
[620.987s][info][gc,heap     ] GC(114) Soft Max Capacity: 8192M(100%)
[620.987s][info][gc,heap     ] GC(114)                Mark Start          Mark End        Relocate Start      Relocate End           High               Low         
[620.987s][info][gc,heap     ] GC(114)  Capacity:     8192M (100%)       8192M (100%)       8192M (100%)       8192M (100%)       8192M (100%)       8192M (100%)   
[620.987s][info][gc,heap     ] GC(114)      Free:     1060M (13%)         544M (7%)         3190M (39%)        6948M (85%)        6948M (85%)         536M (7%)     
[620.987s][info][gc,heap     ] GC(114)      Used:     7132M (87%)        7648M (93%)        5002M (61%)        1244M (15%)        7656M (93%)        1244M (15%)    
[620.987s][info][gc,heap     ] GC(114)      Live:         -               580M (7%)          580M (7%)          580M (7%)             -                  -          
[620.987s][info][gc,heap     ] GC(114) Allocated:         -               516M (6%)          544M (7%)          588M (7%)             -                  -          
[620.987s][info][gc,heap     ] GC(114)   Garbage:         -              6551M (80%)        3877M (47%)          75M (1%)             -                  -          
[620.987s][info][gc,heap     ] GC(114) Reclaimed:         -                  -              2674M (33%)        6476M (79%)            -                  -          
[620.987s][info][gc          ] GC(114) Garbage Collection (Allocation Rate) 7132M(87%)->1244M(15%)
[630.068s][info][gc,start    ] GC(115) Garbage Collection (Allocation Rate)
[630.068s][info][gc,task     ] GC(115) Using 1 workers
[630.068s][info][gc,phases   ] GC(115) Pause Mark Start 0.004ms
[630.268s][info][gc,stats    ] === Garbage Collection Statistics =======================================================================================================================
[630.268s][info][gc,stats    ]                                                              Last 10s              Last 10m              Last 10h                Total
[630.268s][info][gc,stats    ]                                                              Avg / Max             Avg / Max             Avg / Max             Avg / Max
[630.268s][info][gc,stats    ]   Collector: Garbage Collection Cycle                    719.049 / 719.049    1275.589 / 7809.708   1224.952 / 7809.708   1224.952 / 7809.708    ms
[630.268s][info][gc,stats    ]  Contention: Mark Segment Reset Contention                     0 / 0                 0 / 9                 0 / 9                 0 / 9           ops/s
[630.268s][info][gc,stats    ]  Contention: Mark SeqNum Reset Contention                      0 / 0                 0 / 1                 0 / 1                 0 / 1           ops/s
[630.268s][info][gc,stats    ]    Critical: Allocation Stall                                  0 / 0                 0 / 0                 0 / 0                 0 / 0           ops/s
[630.268s][info][gc,stats    ]    Critical: Allocation Stall                              0.000 / 0.000         0.000 / 0.000         0.000 / 0.000         0.000 / 0.000       ms
[630.268s][info][gc,stats    ]    Critical: GC Locker Stall                                   0 / 0                 0 / 2                 0 / 2                 0 / 2           ops/s
[630.268s][info][gc,stats    ]    Critical: GC Locker Stall                               0.000 / 0.000         0.044 / 0.151         0.044 / 0.151         0.044 / 0.151       ms
[630.268s][info][gc,stats    ]    Critical: Relocation Stall                                  0 / 0                 0 / 0                 0 / 0                 0 / 0           ops/s
[630.268s][info][gc,stats    ]    Critical: Relocation Stall                              0.000 / 0.000         0.000 / 0.000         0.000 / 0.000         0.000 / 0.000       ms
[630.268s][info][gc,stats    ]      Memory: Allocation Rate                                 689 / 830             676 / 1436            665 / 1436            665 / 1436        MB/s
[630.268s][info][gc,stats    ]      Memory: Defragment                                        0 / 0                 0 / 0                 0 / 0                 0 / 0           ops/s
[630.268s][info][gc,stats    ]      Memory: Out Of Memory                                     0 / 0                 0 / 0                 0 / 0                 0 / 0           ops/s
[630.268s][info][gc,stats    ]      Memory: Page Cache Flush                                  0 / 0                 0 / 0                 0 / 0                 0 / 0           MB/s
[630.268s][info][gc,stats    ]      Memory: Page Cache Hit L1                               349 / 451             345 / 718             333 / 718             333 / 718         ops/s
[630.268s][info][gc,stats    ]      Memory: Page Cache Hit L2                                 0 / 0                 0 / 0                 0 / 0                 0 / 0           ops/s
[630.268s][info][gc,stats    ]      Memory: Page Cache Hit L3                                 0 / 0                 0 / 72                6 / 397               6 / 397         ops/s
[630.268s][info][gc,stats    ]      Memory: Page Cache Miss                                   0 / 0                 0 / 0                 0 / 1                 0 / 1           ops/s
[630.268s][info][gc,stats    ]      Memory: Uncommit                                          0 / 0                 0 / 0                 0 / 0                 0 / 0           MB/s
[630.268s][info][gc,stats    ]      Memory: Undo Object Allocation Failed                     0 / 0                 0 / 0                 0 / 0                 0 / 0           ops/s
[630.268s][info][gc,stats    ]      Memory: Undo Object Allocation Succeeded                  0 / 0                 3 / 400               3 / 400               3 / 400         ops/s
[630.268s][info][gc,stats    ]      Memory: Undo Page Allocation                              0 / 0                 0 / 1                 0 / 1                 0 / 1           ops/s
[630.268s][info][gc,stats    ]       Phase: Concurrent Mark                             608.369 / 608.369     956.247 / 5264.294    918.579 / 5264.294    918.579 / 5264.294    ms
[630.268s][info][gc,stats    ]       Phase: Concurrent Mark Continue                      0.000 / 0.000         0.000 / 0.000         0.000 / 0.000         0.000 / 0.000       ms
[630.268s][info][gc,stats    ]       Phase: Concurrent Mark Free                          0.001 / 0.001         0.001 / 0.003         0.001 / 0.003         0.001 / 0.003       ms
[630.268s][info][gc,stats    ]       Phase: Concurrent Process Non-Strong References     15.995 / 15.995       36.967 / 1493.667     35.846 / 1493.667     35.846 / 1493.667    ms
[630.268s][info][gc,stats    ]       Phase: Concurrent Relocate                          68.495 / 68.495       50.871 / 150.389      50.537 / 150.389      50.537 / 150.389     ms
[630.268s][info][gc,stats    ]       Phase: Concurrent Reset Relocation Set               0.218 / 0.218         0.129 / 0.465         0.125 / 0.465         0.125 / 0.465       ms
[630.268s][info][gc,stats    ]       Phase: Concurrent Select Relocation Set             25.274 / 25.274      221.508 / 2796.200    210.464 / 2796.200    210.464 / 2796.200    ms
[630.268s][info][gc,stats    ]       Phase: Pause Mark End                                0.008 / 0.008         0.079 / 4.475         0.076 / 4.475         0.076 / 4.475       ms
[630.268s][info][gc,stats    ]       Phase: Pause Mark Start                              0.004 / 0.004         0.076 / 7.250         0.072 / 7.250         0.072 / 7.250       ms
[630.268s][info][gc,stats    ]       Phase: Pause Relocate Start                          0.016 / 0.016         0.033 / 1.046         0.032 / 1.046         0.032 / 1.046       ms
[630.268s][info][gc,stats    ]    Subphase: Concurrent Classes Purge                      0.611 / 0.611         0.657 / 5.775         0.681 / 5.775         0.681 / 5.775       ms
[630.268s][info][gc,stats    ]    Subphase: Concurrent Classes Unlink                    12.574 / 12.574       27.929 / 1489.339     27.097 / 1489.339     27.097 / 1489.339    ms
[630.268s][info][gc,stats    ]    Subphase: Concurrent Mark                             606.340 / 606.340     884.542 / 5176.991    845.337 / 5176.991    845.337 / 5176.991    ms
[630.268s][info][gc,stats    ]    Subphase: Concurrent Mark Try Flush                     0.033 / 0.048         4.252 / 786.951       4.028 / 786.951       4.028 / 786.951     ms
[630.268s][info][gc,stats    ]    Subphase: Concurrent Mark Try Terminate                 0.024 / 0.049         1.036 / 10.682        1.040 / 12.169        1.040 / 12.169      ms
[630.268s][info][gc,stats    ]    Subphase: Concurrent References Enqueue                 0.003 / 0.003         0.002 / 0.006         0.002 / 0.006         0.002 / 0.006       ms
[630.268s][info][gc,stats    ]    Subphase: Concurrent References Process                 0.216 / 0.216         0.493 / 2.815         0.508 / 2.815         0.508 / 2.815       ms
[630.268s][info][gc,stats    ]    Subphase: Concurrent Roots ClassLoaderDataGraph         0.289 / 0.295         0.704 / 40.174        0.671 / 40.174        0.671 / 40.174      ms
[630.268s][info][gc,stats    ]    Subphase: Concurrent Roots CodeCache                    0.000 / 0.000         0.000 / 0.000         0.000 / 0.000         0.000 / 0.000       ms
[630.268s][info][gc,stats    ]    Subphase: Concurrent Roots JavaThreads                  1.751 / 1.909         8.004 / 441.054       7.562 / 441.054       7.562 / 441.054     ms
[630.268s][info][gc,stats    ]    Subphase: Concurrent Roots OopStorageSet                0.072 / 0.072         1.477 / 136.487       1.386 / 136.487       1.386 / 136.487     ms
[630.268s][info][gc,stats    ]    Subphase: Concurrent Weak Roots OopStorageSet           2.290 / 2.290         1.775 / 11.047        1.754 / 11.047        1.754 / 11.047      ms
[630.268s][info][gc,stats    ]    Subphase: Pause Mark Try Complete                       0.000 / 0.000         0.001 / 0.003         0.001 / 0.003         0.001 / 0.003       ms
[630.268s][info][gc,stats    ]      System: Java Threads                                     83 / 83               77 / 83               75 / 83               75 / 83          threads
[630.268s][info][gc,stats    ] =========================================================================================================================================================
[630.659s][info][gc,phases   ] GC(115) Concurrent Mark 591.498ms
[630.660s][info][gc,phases   ] GC(115) Pause Mark End 0.012ms
[630.660s][info][gc,phases   ] GC(115) Concurrent Mark Free 0.000ms
[630.674s][info][gc,phases   ] GC(115) Concurrent Process Non-Strong References 14.212ms
[630.674s][info][gc,phases   ] GC(115) Concurrent Reset Relocation Set 0.152ms
[630.679s][info][gc,phases   ] GC(115) Concurrent Select Relocation Set 4.906ms
[630.679s][info][gc,phases   ] GC(115) Pause Relocate Start 0.005ms
[630.745s][info][gc,phases   ] GC(115) Concurrent Relocate 65.719ms
[630.745s][info][gc,load     ] GC(115) Load: 0.00/0.00/0.00
[630.745s][info][gc,mmu      ] GC(115) MMU: 2ms/0.0%, 5ms/0.0%, 10ms/27.5%, 20ms/63.8%, 50ms/85.5%, 100ms/92.8%
[630.745s][info][gc,marking  ] GC(115) Mark: 1 stripe(s), 2 proactive flush(es), 1 terminate flush(es), 0 completion(s), 0 continuation(s) 
[630.745s][info][gc,marking  ] GC(115) Mark Stack Usage: 32M
[630.745s][info][gc,nmethod  ] GC(115) NMethods: 9766 registered, 23 unregistered
[630.745s][info][gc,metaspace] GC(115) Metaspace: 131M used, 132M committed, 1152M reserved
[630.745s][info][gc,ref      ] GC(115) Soft: 6082 encountered, 0 discovered, 0 enqueued
[630.745s][info][gc,ref      ] GC(115) Weak: 23221 encountered, 931 discovered, 2 enqueued
[630.745s][info][gc,ref      ] GC(115) Final: 34 encountered, 0 discovered, 0 enqueued
[630.745s][info][gc,ref      ] GC(115) Phantom: 780 encountered, 601 discovered, 0 enqueued
[630.745s][info][gc,reloc    ] GC(115) Small Pages: 3657 / 7314M, Empty: 2628M, Relocated: 83M, In-Place: 0
[630.745s][info][gc,reloc    ] GC(115) Medium Pages: 2 / 64M, Empty: 0M, Relocated: 0M, In-Place: 0
[630.745s][info][gc,reloc    ] GC(115) Large Pages: 0 / 0M, Empty: 0M, Relocated: 0M, In-Place: 0
[630.745s][info][gc,reloc    ] GC(115) Forwarding Usage: 26M
[630.745s][info][gc,heap     ] GC(115) Min Capacity: 8192M(100%)
[630.745s][info][gc,heap     ] GC(115) Max Capacity: 8192M(100%)
[630.745s][info][gc,heap     ] GC(115) Soft Max Capacity: 8192M(100%)
[630.745s][info][gc,heap     ] GC(115)                Mark Start          Mark End        Relocate Start      Relocate End           High               Low         
[630.745s][info][gc,heap     ] GC(115)  Capacity:     8192M (100%)       8192M (100%)       8192M (100%)       8192M (100%)       8192M (100%)       8192M (100%)   
[630.745s][info][gc,heap     ] GC(115)      Free:      814M (10%)         432M (5%)         3052M (37%)        7086M (86%)        7096M (87%)         428M (5%)     
[630.745s][info][gc,heap     ] GC(115)      Used:     7378M (90%)        7760M (95%)        5140M (63%)        1106M (14%)        7764M (95%)        1096M (13%)    
[630.745s][info][gc,heap     ] GC(115)      Live:         -               562M (7%)          562M (7%)          562M (7%)             -                  -          
[630.745s][info][gc,heap     ] GC(115) Allocated:         -               382M (5%)          390M (5%)          466M (6%)             -                  -          
[630.745s][info][gc,heap     ] GC(115)   Garbage:         -              6815M (83%)        4187M (51%)          77M (1%)             -                  -          
[630.745s][info][gc,heap     ] GC(115) Reclaimed:         -                  -              2628M (32%)        6738M (82%)            -                  -          
[630.745s][info][gc          ] GC(115) Garbage Collection (Allocation Rate) 7378M(90%)->1106M(14%)
[639.367s][info][gc,start    ] GC(116) Garbage Collection (Allocation Rate)
[639.367s][info][gc,task     ] GC(116) Using 1 workers
[639.367s][info][gc,phases   ] GC(116) Pause Mark Start 0.004ms
[639.977s][info][gc,phases   ] GC(116) Concurrent Mark 609.933ms
[639.978s][info][gc,phases   ] GC(116) Pause Mark End 0.015ms
[639.978s][info][gc,phases   ] GC(116) Concurrent Mark Free 0.001ms
[639.996s][info][gc,phases   ] GC(116) Concurrent Process Non-Strong References 18.508ms
[639.996s][info][gc,phases   ] GC(116) Concurrent Reset Relocation Set 0.149ms
[640.001s][info][gc,phases   ] GC(116) Concurrent Select Relocation Set 5.083ms
[640.002s][info][gc,phases   ] GC(116) Pause Relocate Start 0.005ms
[640.062s][info][gc,phases   ] GC(116) Concurrent Relocate 60.723ms
[640.062s][info][gc,load     ] GC(116) Load: 0.00/0.00/0.00
[640.063s][info][gc,mmu      ] GC(116) MMU: 2ms/0.0%, 5ms/0.0%, 10ms/27.5%, 20ms/63.8%, 50ms/85.5%, 100ms/92.8%
[640.063s][info][gc,marking  ] GC(116) Mark: 1 stripe(s), 2 proactive flush(es), 1 terminate flush(es), 0 completion(s), 0 continuation(s) 
[640.063s][info][gc,marking  ] GC(116) Mark Stack Usage: 32M
[640.063s][info][gc,nmethod  ] GC(116) NMethods: 9783 registered, 32 unregistered
[640.063s][info][gc,metaspace] GC(116) Metaspace: 131M used, 132M committed, 1152M reserved
[640.063s][info][gc,ref      ] GC(116) Soft: 6082 encountered, 0 discovered, 0 enqueued
[640.063s][info][gc,ref      ] GC(116) Weak: 23226 encountered, 12453 discovered, 4 enqueued
[640.063s][info][gc,ref      ] GC(116) Final: 34 encountered, 0 discovered, 0 enqueued
[640.063s][info][gc,ref      ] GC(116) Phantom: 786 encountered, 524 discovered, 0 enqueued
[640.063s][info][gc,reloc    ] GC(116) Small Pages: 3696 / 7392M, Empty: 3442M, Relocated: 85M, In-Place: 0
[640.063s][info][gc,reloc    ] GC(116) Medium Pages: 2 / 64M, Empty: 0M, Relocated: 0M, In-Place: 0
[640.063s][info][gc,reloc    ] GC(116) Large Pages: 0 / 0M, Empty: 0M, Relocated: 0M, In-Place: 0
[640.063s][info][gc,reloc    ] GC(116) Forwarding Usage: 24M
[640.063s][info][gc,heap     ] GC(116) Min Capacity: 8192M(100%)
[640.063s][info][gc,heap     ] GC(116) Max Capacity: 8192M(100%)
[640.063s][info][gc,heap     ] GC(116) Soft Max Capacity: 8192M(100%)
[640.063s][info][gc,heap     ] GC(116)                Mark Start          Mark End        Relocate Start      Relocate End           High               Low         
[640.063s][info][gc,heap     ] GC(116)  Capacity:     8192M (100%)       8192M (100%)       8192M (100%)       8192M (100%)       8192M (100%)       8192M (100%)   
[640.063s][info][gc,heap     ] GC(116)      Free:      736M (9%)          374M (5%)         3808M (46%)        7118M (87%)        7118M (87%)         366M (4%)     
[640.063s][info][gc,heap     ] GC(116)      Used:     7456M (91%)        7818M (95%)        4384M (54%)        1074M (13%)        7826M (96%)        1074M (13%)    
[640.063s][info][gc,heap     ] GC(116)      Live:         -               563M (7%)          563M (7%)          563M (7%)             -                  -          
[640.063s][info][gc,heap     ] GC(116) Allocated:         -               362M (4%)          370M (5%)          432M (5%)             -                  -          
[640.063s][info][gc,heap     ] GC(116)   Garbage:         -              6892M (84%)        3450M (42%)          77M (1%)             -                  -          
[640.063s][info][gc,heap     ] GC(116) Reclaimed:         -                  -              3442M (42%)        6814M (83%)            -                  -          
[640.063s][info][gc          ] GC(116) Garbage Collection (Allocation Rate) 7456M(91%)->1074M(13%)
[640.268s][info][gc,stats    ] === Garbage Collection Statistics =======================================================================================================================
[640.268s][info][gc,stats    ]                                                              Last 10s              Last 10m              Last 10h                Total
[640.268s][info][gc,stats    ]                                                              Avg / Max             Avg / Max             Avg / Max             Avg / Max
[640.268s][info][gc,stats    ]   Collector: Garbage Collection Cycle                    686.137 / 695.110    1239.480 / 7809.708   1215.742 / 7809.708   1215.742 / 7809.708    ms
[640.268s][info][gc,stats    ]  Contention: Mark Segment Reset Contention                     0 / 0                 0 / 9                 0 / 9                 0 / 9           ops/s
[640.268s][info][gc,stats    ]  Contention: Mark SeqNum Reset Contention                      0 / 0                 0 / 1                 0 / 1                 0 / 1           ops/s
[640.268s][info][gc,stats    ]    Critical: Allocation Stall                                  0 / 0                 0 / 0                 0 / 0                 0 / 0           ops/s
[640.268s][info][gc,stats    ]    Critical: Allocation Stall                              0.000 / 0.000         0.000 / 0.000         0.000 / 0.000         0.000 / 0.000       ms
[640.268s][info][gc,stats    ]    Critical: GC Locker Stall                                   0 / 0                 0 / 2                 0 / 2                 0 / 2           ops/s
[640.268s][info][gc,stats    ]    Critical: GC Locker Stall                               0.000 / 0.000         0.044 / 0.151         0.044 / 0.151         0.044 / 0.151       ms
[640.268s][info][gc,stats    ]    Critical: Relocation Stall                                  0 / 0                 0 / 0                 0 / 0                 0 / 0           ops/s
[640.268s][info][gc,stats    ]    Critical: Relocation Stall                              0.000 / 0.000         0.000 / 0.000         0.000 / 0.000         0.000 / 0.000       ms
[640.268s][info][gc,stats    ]      Memory: Allocation Rate                                 723 / 1042            681 / 1436            666 / 1436            666 / 1436        MB/s
[640.268s][info][gc,stats    ]      Memory: Defragment                                        0 / 0                 0 / 0                 0 / 0                 0 / 0           ops/s
[640.268s][info][gc,stats    ]      Memory: Out Of Memory                                     0 / 0                 0 / 0                 0 / 0                 0 / 0           ops/s
[640.268s][info][gc,stats    ]      Memory: Page Cache Flush                                  0 / 0                 0 / 0                 0 / 0                 0 / 0           MB/s
[640.268s][info][gc,stats    ]      Memory: Page Cache Hit L1                               370 / 521             348 / 718             333 / 718             333 / 718         ops/s
[640.268s][info][gc,stats    ]      Memory: Page Cache Hit L2                                 0 / 0                 0 / 0                 0 / 0                 0 / 0           ops/s
[640.268s][info][gc,stats    ]      Memory: Page Cache Hit L3                                 0 / 0                 0 / 65                6 / 397               6 / 397         ops/s
[640.268s][info][gc,stats    ]      Memory: Page Cache Miss                                   0 / 0                 0 / 0                 0 / 1                 0 / 1           ops/s
[640.268s][info][gc,stats    ]      Memory: Uncommit                                          0 / 0                 0 / 0                 0 / 0                 0 / 0           MB/s
[640.268s][info][gc,stats    ]      Memory: Undo Object Allocation Failed                     0 / 0                 0 / 0                 0 / 0                 0 / 0           ops/s
[640.268s][info][gc,stats    ]      Memory: Undo Object Allocation Succeeded                  0 / 3                 3 / 400               3 / 400               3 / 400         ops/s
[640.268s][info][gc,stats    ]      Memory: Undo Page Allocation                              0 / 0                 0 / 1                 0 / 1                 0 / 1           ops/s
[640.268s][info][gc,stats    ]       Phase: Concurrent Mark                             600.715 / 609.933     921.780 / 5264.294    913.146 / 5264.294    913.146 / 5264.294    ms
[640.268s][info][gc,stats    ]       Phase: Concurrent Mark Continue                      0.000 / 0.000         0.000 / 0.000         0.000 / 0.000         0.000 / 0.000       ms
[640.268s][info][gc,stats    ]       Phase: Concurrent Mark Free                          0.001 / 0.001         0.001 / 0.003         0.001 / 0.003         0.001 / 0.003       ms
[640.268s][info][gc,stats    ]       Phase: Concurrent Process Non-Strong References     16.360 / 18.508       36.701 / 1493.667     35.513 / 1493.667     35.513 / 1493.667    ms
[640.268s][info][gc,stats    ]       Phase: Concurrent Relocate                          63.221 / 65.719       49.498 / 126.633      50.754 / 150.389      50.754 / 150.389     ms
[640.268s][info][gc,stats    ]       Phase: Concurrent Reset Relocation Set               0.150 / 0.152         0.130 / 0.465         0.125 / 0.465         0.125 / 0.465       ms
[640.268s][info][gc,stats    ]       Phase: Concurrent Select Relocation Set              4.994 / 5.083       221.519 / 2796.200    206.951 / 2796.200    206.951 / 2796.200    ms
[640.268s][info][gc,stats    ]       Phase: Pause Mark End                                0.014 / 0.015         0.079 / 4.475         0.075 / 4.475         0.075 / 4.475       ms
[640.268s][info][gc,stats    ]       Phase: Pause Mark Start                              0.004 / 0.004         0.076 / 7.250         0.071 / 7.250         0.071 / 7.250       ms
[640.268s][info][gc,stats    ]       Phase: Pause Relocate Start                          0.005 / 0.005         0.033 / 1.046         0.031 / 1.046         0.031 / 1.046       ms
[640.268s][info][gc,stats    ]    Subphase: Concurrent Classes Purge                      0.310 / 0.412         0.620 / 5.775         0.675 / 5.775         0.675 / 5.775       ms
[640.268s][info][gc,stats    ]    Subphase: Concurrent Classes Unlink                    12.747 / 14.279       27.734 / 1489.339     26.852 / 1489.339     26.852 / 1489.339    ms
[640.268s][info][gc,stats    ]    Subphase: Concurrent Mark                             597.995 / 606.878     864.570 / 5176.991    842.889 / 5176.991    842.889 / 5176.991    ms
[640.268s][info][gc,stats    ]    Subphase: Concurrent Mark Try Flush                     0.107 / 0.200         4.241 / 786.951       3.963 / 786.951       3.963 / 786.951     ms
[640.268s][info][gc,stats    ]    Subphase: Concurrent Mark Try Terminate                 0.039 / 0.135         1.035 / 10.682        1.038 / 12.169        1.038 / 12.169      ms
[640.268s][info][gc,stats    ]    Subphase: Concurrent References Enqueue                 0.001 / 0.002         0.002 / 0.006         0.002 / 0.006         0.002 / 0.006       ms
[640.268s][info][gc,stats    ]    Subphase: Concurrent References Process                 0.758 / 1.312         0.502 / 2.815         0.513 / 2.815         0.513 / 2.815       ms
[640.268s][info][gc,stats    ]    Subphase: Concurrent Roots ClassLoaderDataGraph         0.351 / 0.351         0.704 / 40.174        0.669 / 40.174        0.669 / 40.174      ms
[640.268s][info][gc,stats    ]    Subphase: Concurrent Roots CodeCache                    0.000 / 0.000         0.000 / 0.000         0.000 / 0.000         0.000 / 0.000       ms
[640.268s][info][gc,stats    ]    Subphase: Concurrent Roots JavaThreads                  2.262 / 2.262         7.997 / 441.054       7.536 / 441.054       7.536 / 441.054     ms
[640.268s][info][gc,stats    ]    Subphase: Concurrent Roots OopStorageSet                0.379 / 0.379         1.478 / 136.487       1.381 / 136.487       1.381 / 136.487     ms
[640.268s][info][gc,stats    ]    Subphase: Concurrent Weak Roots OopStorageSet           2.365 / 2.413         1.768 / 11.047        1.760 / 11.047        1.760 / 11.047      ms
[640.268s][info][gc,stats    ]    Subphase: Pause Mark Try Complete                       0.000 / 0.000         0.001 / 0.003         0.001 / 0.003         0.001 / 0.003       ms
[640.268s][info][gc,stats    ]      System: Java Threads                                     83 / 83               77 / 83               75 / 83               75 / 83          threads
[640.268s][info][gc,stats    ] =========================================================================================================================================================
[647.568s][info][gc,start    ] GC(117) Garbage Collection (Allocation Rate)
[647.568s][info][gc,task     ] GC(117) Using 1 workers
[647.568s][info][gc,phases   ] GC(117) Pause Mark Start 0.005ms
[648.192s][info][gc,phases   ] GC(117) Concurrent Mark 624.238ms
[648.192s][info][gc,phases   ] GC(117) Pause Mark End 0.012ms
[648.192s][info][gc,phases   ] GC(117) Concurrent Mark Free 0.000ms
[648.211s][info][gc,phases   ] GC(117) Concurrent Process Non-Strong References 19.012ms
[648.212s][info][gc,phases   ] GC(117) Concurrent Reset Relocation Set 0.138ms
[648.226s][info][gc,phases   ] GC(117) Concurrent Select Relocation Set 14.523ms
[648.226s][info][gc,phases   ] GC(117) Pause Relocate Start 0.006ms
[648.283s][info][gc,phases   ] GC(117) Concurrent Relocate 56.860ms
[648.283s][info][gc,load     ] GC(117) Load: 0.00/0.00/0.00
[648.283s][info][gc,mmu      ] GC(117) MMU: 2ms/0.0%, 5ms/0.0%, 10ms/27.5%, 20ms/63.8%, 50ms/85.5%, 100ms/92.8%
[648.283s][info][gc,marking  ] GC(117) Mark: 1 stripe(s), 2 proactive flush(es), 1 terminate flush(es), 0 completion(s), 0 continuation(s) 
[648.283s][info][gc,marking  ] GC(117) Mark Stack Usage: 32M
[648.283s][info][gc,nmethod  ] GC(117) NMethods: 9820 registered, 52 unregistered
[648.283s][info][gc,metaspace] GC(117) Metaspace: 131M used, 132M committed, 1152M reserved
[648.283s][info][gc,ref      ] GC(117) Soft: 6082 encountered, 0 discovered, 0 enqueued
[648.283s][info][gc,ref      ] GC(117) Weak: 23233 encountered, 934 discovered, 5 enqueued
[648.283s][info][gc,ref      ] GC(117) Final: 34 encountered, 0 discovered, 0 enqueued
[648.283s][info][gc,ref      ] GC(117) Phantom: 795 encountered, 612 discovered, 3 enqueued
[648.283s][info][gc,reloc    ] GC(117) Small Pages: 3600 / 7200M, Empty: 2432M, Relocated: 85M, In-Place: 0
[648.283s][info][gc,reloc    ] GC(117) Medium Pages: 2 / 64M, Empty: 0M, Relocated: 0M, In-Place: 0
[648.283s][info][gc,reloc    ] GC(117) Large Pages: 0 / 0M, Empty: 0M, Relocated: 0M, In-Place: 0
[648.283s][info][gc,reloc    ] GC(117) Forwarding Usage: 25M
[648.283s][info][gc,heap     ] GC(117) Min Capacity: 8192M(100%)
[648.283s][info][gc,heap     ] GC(117) Max Capacity: 8192M(100%)
[648.283s][info][gc,heap     ] GC(117) Soft Max Capacity: 8192M(100%)
[648.283s][info][gc,heap     ] GC(117)                Mark Start          Mark End        Relocate Start      Relocate End           High               Low         
[648.283s][info][gc,heap     ] GC(117)  Capacity:     8192M (100%)       8192M (100%)       8192M (100%)       8192M (100%)       8192M (100%)       8192M (100%)   
[648.283s][info][gc,heap     ] GC(117)      Free:      928M (11%)         486M (6%)         2890M (35%)        7040M (86%)        7042M (86%)         474M (6%)     
[648.283s][info][gc,heap     ] GC(117)      Used:     7264M (89%)        7706M (94%)        5302M (65%)        1152M (14%)        7718M (94%)        1150M (14%)    
[648.283s][info][gc,heap     ] GC(117)      Live:         -               565M (7%)          565M (7%)          565M (7%)             -                  -          
[648.283s][info][gc,heap     ] GC(117) Allocated:         -               442M (5%)          470M (6%)          508M (6%)             -                  -          
[648.283s][info][gc,heap     ] GC(117)   Garbage:         -              6698M (82%)        4266M (52%)          77M (1%)             -                  -          
[648.283s][info][gc,heap     ] GC(117) Reclaimed:         -                  -              2432M (30%)        6620M (81%)            -                  -          
[648.283s][info][gc          ] GC(117) Garbage Collection (Allocation Rate) 7264M(89%)->1152M(14%)
[650.268s][info][gc,stats    ] === Garbage Collection Statistics =======================================================================================================================
[650.268s][info][gc,stats    ]                                                              Last 10s              Last 10m              Last 10h                Total
[650.268s][info][gc,stats    ]                                                              Avg / Max             Avg / Max             Avg / Max             Avg / Max
[650.268s][info][gc,stats    ]   Collector: Garbage Collection Cycle                    715.311 / 715.311    1226.385 / 7809.708   1211.501 / 7809.708   1211.501 / 7809.708    ms
[650.268s][info][gc,stats    ]  Contention: Mark Segment Reset Contention                     0 / 0                 0 / 9                 0 / 9                 0 / 9           ops/s
[650.268s][info][gc,stats    ]  Contention: Mark SeqNum Reset Contention                      0 / 0                 0 / 1                 0 / 1                 0 / 1           ops/s
[650.268s][info][gc,stats    ]    Critical: Allocation Stall                                  0 / 0                 0 / 0                 0 / 0                 0 / 0           ops/s
[650.268s][info][gc,stats    ]    Critical: Allocation Stall                              0.000 / 0.000         0.000 / 0.000         0.000 / 0.000         0.000 / 0.000       ms
[650.268s][info][gc,stats    ]    Critical: GC Locker Stall                                   0 / 0                 0 / 2                 0 / 2                 0 / 2           ops/s
[650.268s][info][gc,stats    ]    Critical: GC Locker Stall                               0.000 / 0.000         0.044 / 0.151         0.044 / 0.151         0.044 / 0.151       ms
[650.268s][info][gc,stats    ]    Critical: Relocation Stall                                  0 / 0                 0 / 0                 0 / 0                 0 / 0           ops/s
[650.268s][info][gc,stats    ]    Critical: Relocation Stall                              0.000 / 0.000         0.000 / 0.000         0.000 / 0.000         0.000 / 0.000       ms
[650.268s][info][gc,stats    ]      Memory: Allocation Rate                                 824 / 1024            688 / 1436            668 / 1436            668 / 1436        MB/s
[650.268s][info][gc,stats    ]      Memory: Defragment                                        0 / 0                 0 / 0                 0 / 0                 0 / 0           ops/s
[650.268s][info][gc,stats    ]      Memory: Out Of Memory                                     0 / 0                 0 / 0                 0 / 0                 0 / 0           ops/s
[650.268s][info][gc,stats    ]      Memory: Page Cache Flush                                  0 / 0                 0 / 0                 0 / 0                 0 / 0           MB/s
[650.268s][info][gc,stats    ]      Memory: Page Cache Hit L1                               416 / 512             351 / 718             335 / 718             335 / 718         ops/s
[650.268s][info][gc,stats    ]      Memory: Page Cache Hit L2                                 0 / 0                 0 / 0                 0 / 0                 0 / 0           ops/s
[650.268s][info][gc,stats    ]      Memory: Page Cache Hit L3                                 0 / 0                 0 / 65                6 / 397               6 / 397         ops/s
[650.268s][info][gc,stats    ]      Memory: Page Cache Miss                                   0 / 0                 0 / 0                 0 / 1                 0 / 1           ops/s
[650.268s][info][gc,stats    ]      Memory: Uncommit                                          0 / 0                 0 / 0                 0 / 0                 0 / 0           MB/s
[650.268s][info][gc,stats    ]      Memory: Undo Object Allocation Failed                     0 / 0                 0 / 0                 0 / 0                 0 / 0           ops/s
[650.268s][info][gc,stats    ]      Memory: Undo Object Allocation Succeeded                  0 / 0                 3 / 400               3 / 400               3 / 400         ops/s
[650.268s][info][gc,stats    ]      Memory: Undo Page Allocation                              0 / 0                 0 / 1                 0 / 1                 0 / 1           ops/s
[650.268s][info][gc,stats    ]       Phase: Concurrent Mark                             624.238 / 624.238     908.872 / 5264.294    910.697 / 5264.294    910.697 / 5264.294    ms
[650.268s][info][gc,stats    ]       Phase: Concurrent Mark Continue                      0.000 / 0.000         0.000 / 0.000         0.000 / 0.000         0.000 / 0.000       ms
[650.268s][info][gc,stats    ]       Phase: Concurrent Mark Free                          0.000 / 0.000         0.001 / 0.003         0.001 / 0.003         0.001 / 0.003       ms
[650.268s][info][gc,stats    ]       Phase: Concurrent Process Non-Strong References     19.012 / 19.012       36.610 / 1493.667     35.373 / 1493.667     35.373 / 1493.667    ms
[650.268s][info][gc,stats    ]       Phase: Concurrent Relocate                          56.860 / 56.860       49.344 / 126.633      50.806 / 150.389      50.806 / 150.389     ms
[650.268s][info][gc,stats    ]       Phase: Concurrent Reset Relocation Set               0.138 / 0.138         0.130 / 0.465         0.125 / 0.465         0.125 / 0.465       ms
[650.268s][info][gc,stats    ]       Phase: Concurrent Select Relocation Set             14.523 / 14.523      221.619 / 2796.200    205.321 / 2796.200    205.321 / 2796.200    ms
[650.268s][info][gc,stats    ]       Phase: Pause Mark End                                0.012 / 0.012         0.079 / 4.475         0.074 / 4.475         0.074 / 4.475       ms
[650.268s][info][gc,stats    ]       Phase: Pause Mark Start                              0.005 / 0.005         0.076 / 7.250         0.071 / 7.250         0.071 / 7.250       ms
[650.268s][info][gc,stats    ]       Phase: Pause Relocate Start                          0.006 / 0.006         0.033 / 1.046         0.031 / 1.046         0.031 / 1.046       ms
[650.268s][info][gc,stats    ]    Subphase: Concurrent Classes Purge                      0.462 / 0.462         0.619 / 5.775         0.673 / 5.775         0.673 / 5.775       ms
[650.268s][info][gc,stats    ]    Subphase: Concurrent Classes Unlink                    15.156 / 15.156       27.677 / 1489.339     26.753 / 1489.339     26.753 / 1489.339    ms
[650.268s][info][gc,stats    ]    Subphase: Concurrent Mark                             621.294 / 621.294     857.091 / 5176.991    841.797 / 5176.991    841.797 / 5176.991    ms
[650.268s][info][gc,stats    ]    Subphase: Concurrent Mark Try Flush                     0.156 / 0.284         4.226 / 786.951       3.931 / 786.951       3.931 / 786.951     ms
[650.268s][info][gc,stats    ]    Subphase: Concurrent Mark Try Terminate                 0.142 / 0.284         1.035 / 10.682        1.037 / 12.169        1.037 / 12.169      ms
[650.268s][info][gc,stats    ]    Subphase: Concurrent References Enqueue                 0.002 / 0.002         0.002 / 0.006         0.002 / 0.006         0.002 / 0.006       ms
[650.268s][info][gc,stats    ]    Subphase: Concurrent References Process                 0.231 / 0.231         0.502 / 2.815         0.510 / 2.815         0.510 / 2.815       ms
[650.268s][info][gc,stats    ]    Subphase: Concurrent Roots ClassLoaderDataGraph         0.702 / 0.702         0.705 / 40.174        0.669 / 40.174        0.669 / 40.174      ms
[650.268s][info][gc,stats    ]    Subphase: Concurrent Roots CodeCache                    0.000 / 0.000         0.000 / 0.000         0.000 / 0.000         0.000 / 0.000       ms
[650.268s][info][gc,stats    ]    Subphase: Concurrent Roots JavaThreads                  2.004 / 2.004         7.990 / 441.054       7.508 / 441.054       7.508 / 441.054     ms
[650.268s][info][gc,stats    ]    Subphase: Concurrent Roots OopStorageSet                0.123 / 0.123         1.478 / 136.487       1.375 / 136.487       1.375 / 136.487     ms
[650.268s][info][gc,stats    ]    Subphase: Concurrent Weak Roots OopStorageSet           2.661 / 2.661         1.767 / 11.047        1.765 / 11.047        1.765 / 11.047      ms
[650.268s][info][gc,stats    ]    Subphase: Pause Mark Try Complete                       0.000 / 0.000         0.001 / 0.003         0.001 / 0.003         0.001 / 0.003       ms
[650.268s][info][gc,stats    ]      System: Java Threads                                     83 / 83               77 / 83               75 / 83               75 / 83          threads
[650.268s][info][gc,stats    ] =========================================================================================================================================================
[655.868s][info][gc,start    ] GC(118) Garbage Collection (Allocation Rate)
[655.868s][info][gc,task     ] GC(118) Using 2 workers
[655.868s][info][gc,phases   ] GC(118) Pause Mark Start 0.008ms
[656.230s][info][gc,phases   ] GC(118) Concurrent Mark 361.842ms
[656.230s][info][gc,phases   ] GC(118) Pause Mark End 0.011ms
[656.230s][info][gc,phases   ] GC(118) Concurrent Mark Free 0.000ms
[656.240s][info][gc,phases   ] GC(118) Concurrent Process Non-Strong References 9.506ms
[656.240s][info][gc,phases   ] GC(118) Concurrent Reset Relocation Set 0.243ms
[656.257s][info][gc,phases   ] GC(118) Concurrent Select Relocation Set 17.129ms
[656.257s][info][gc,phases   ] GC(118) Pause Relocate Start 0.006ms
[656.308s][info][gc,phases   ] GC(118) Concurrent Relocate 50.181ms
[656.308s][info][gc,load     ] GC(118) Load: 0.00/0.00/0.00
[656.308s][info][gc,mmu      ] GC(118) MMU: 2ms/0.0%, 5ms/0.0%, 10ms/27.5%, 20ms/63.8%, 50ms/85.5%, 100ms/92.8%
[656.308s][info][gc,marking  ] GC(118) Mark: 2 stripe(s), 2 proactive flush(es), 1 terminate flush(es), 0 completion(s), 0 continuation(s) 
[656.308s][info][gc,marking  ] GC(118) Mark Stack Usage: 32M
[656.308s][info][gc,nmethod  ] GC(118) NMethods: 9831 registered, 64 unregistered
[656.308s][info][gc,metaspace] GC(118) Metaspace: 131M used, 132M committed, 1152M reserved
[656.308s][info][gc,ref      ] GC(118) Soft: 6082 encountered, 0 discovered, 0 enqueued
[656.308s][info][gc,ref      ] GC(118) Weak: 23230 encountered, 3265 discovered, 1 enqueued
[656.308s][info][gc,ref      ] GC(118) Final: 34 encountered, 0 discovered, 0 enqueued
[656.308s][info][gc,ref      ] GC(118) Phantom: 795 encountered, 619 discovered, 0 enqueued
[656.308s][info][gc,reloc    ] GC(118) Small Pages: 3576 / 7152M, Empty: 2422M, Relocated: 117M, In-Place: 0
[656.308s][info][gc,reloc    ] GC(118) Medium Pages: 2 / 64M, Empty: 0M, Relocated: 0M, In-Place: 0
[656.308s][info][gc,reloc    ] GC(118) Large Pages: 0 / 0M, Empty: 0M, Relocated: 0M, In-Place: 0
[656.308s][info][gc,reloc    ] GC(118) Forwarding Usage: 34M
[656.308s][info][gc,heap     ] GC(118) Min Capacity: 8192M(100%)
[656.308s][info][gc,heap     ] GC(118) Max Capacity: 8192M(100%)
[656.308s][info][gc,heap     ] GC(118) Soft Max Capacity: 8192M(100%)
[656.308s][info][gc,heap     ] GC(118)                Mark Start          Mark End        Relocate Start      Relocate End           High               Low         
[656.308s][info][gc,heap     ] GC(118)  Capacity:     8192M (100%)       8192M (100%)       8192M (100%)       8192M (100%)       8192M (100%)       8192M (100%)   
[656.308s][info][gc,heap     ] GC(118)      Free:      976M (12%)         674M (8%)         3066M (37%)        7144M (87%)        7144M (87%)         662M (8%)     
[656.308s][info][gc,heap     ] GC(118)      Used:     7216M (88%)        7518M (92%)        5126M (63%)        1048M (13%)        7530M (92%)        1048M (13%)    
[656.308s][info][gc,heap     ] GC(118)      Live:         -               600M (7%)          600M (7%)          600M (7%)             -                  -          
[656.308s][info][gc,heap     ] GC(118) Allocated:         -               302M (4%)          332M (4%)          368M (4%)             -                  -          
[656.308s][info][gc,heap     ] GC(118)   Garbage:         -              6615M (81%)        4193M (51%)          79M (1%)             -                  -          
[656.308s][info][gc,heap     ] GC(118) Reclaimed:         -                  -              2422M (30%)        6536M (80%)            -                  -          
[656.308s][info][gc          ] GC(118) Garbage Collection (Allocation Rate) 7216M(88%)->1048M(13%)
[660.268s][info][gc,stats    ] === Garbage Collection Statistics =======================================================================================================================
[660.268s][info][gc,stats    ]                                                              Last 10s              Last 10m              Last 10h                Total
[660.268s][info][gc,stats    ]                                                              Avg / Max             Avg / Max             Avg / Max             Avg / Max
[660.268s][info][gc,stats    ]   Collector: Garbage Collection Cycle                    439.533 / 439.533    1215.477 / 7809.708   1205.014 / 7809.708   1205.014 / 7809.708    ms
[660.268s][info][gc,stats    ]  Contention: Mark Segment Reset Contention                     0 / 0                 0 / 9                 0 / 9                 0 / 9           ops/s
[660.268s][info][gc,stats    ]  Contention: Mark SeqNum Reset Contention                      0 / 0                 0 / 1                 0 / 1                 0 / 1           ops/s
[660.268s][info][gc,stats    ]    Critical: Allocation Stall                                  0 / 0                 0 / 0                 0 / 0                 0 / 0           ops/s
[660.268s][info][gc,stats    ]    Critical: Allocation Stall                              0.000 / 0.000         0.000 / 0.000         0.000 / 0.000         0.000 / 0.000       ms
[660.268s][info][gc,stats    ]    Critical: GC Locker Stall                                   0 / 0                 0 / 2                 0 / 2                 0 / 2           ops/s
[660.268s][info][gc,stats    ]    Critical: GC Locker Stall                               0.000 / 0.000         0.040 / 0.151         0.044 / 0.151         0.044 / 0.151       ms
[660.268s][info][gc,stats    ]    Critical: Relocation Stall                                  0 / 0                 0 / 0                 0 / 0                 0 / 0           ops/s
[660.268s][info][gc,stats    ]    Critical: Relocation Stall                              0.000 / 0.000         0.000 / 0.000         0.000 / 0.000         0.000 / 0.000       ms
[660.268s][info][gc,stats    ]      Memory: Allocation Rate                                 858 / 1224            692 / 1436            671 / 1436            671 / 1436        MB/s
[660.268s][info][gc,stats    ]      Memory: Defragment                                        0 / 0                 0 / 0                 0 / 0                 0 / 0           ops/s
[660.268s][info][gc,stats    ]      Memory: Out Of Memory                                     0 / 0                 0 / 0                 0 / 0                 0 / 0           ops/s
[660.268s][info][gc,stats    ]      Memory: Page Cache Flush                                  0 / 0                 0 / 0                 0 / 0                 0 / 0           MB/s
[660.268s][info][gc,stats    ]      Memory: Page Cache Hit L1                               435 / 612             353 / 718             336 / 718             336 / 718         ops/s
[660.268s][info][gc,stats    ]      Memory: Page Cache Hit L2                                 0 / 0                 0 / 0                 0 / 0                 0 / 0           ops/s
[660.268s][info][gc,stats    ]      Memory: Page Cache Hit L3                                 0 / 0                 0 / 65                5 / 397               5 / 397         ops/s
[660.268s][info][gc,stats    ]      Memory: Page Cache Miss                                   0 / 0                 0 / 0                 0 / 1                 0 / 1           ops/s
[660.268s][info][gc,stats    ]      Memory: Uncommit                                          0 / 0                 0 / 0                 0 / 0                 0 / 0           MB/s
[660.268s][info][gc,stats    ]      Memory: Undo Object Allocation Failed                     0 / 0                 0 / 0                 0 / 0                 0 / 0           ops/s
[660.268s][info][gc,stats    ]      Memory: Undo Object Allocation Succeeded                  0 / 1                 3 / 400               3 / 400               3 / 400         ops/s
[660.268s][info][gc,stats    ]      Memory: Undo Page Allocation                              0 / 0                 0 / 1                 0 / 1                 0 / 1           ops/s
[660.268s][info][gc,stats    ]       Phase: Concurrent Mark                             361.842 / 361.842     900.282 / 5264.294    906.085 / 5264.294    906.085 / 5264.294    ms
[660.268s][info][gc,stats    ]       Phase: Concurrent Mark Continue                      0.000 / 0.000         0.000 / 0.000         0.000 / 0.000         0.000 / 0.000       ms
[660.268s][info][gc,stats    ]       Phase: Concurrent Mark Free                          0.000 / 0.000         0.001 / 0.003         0.001 / 0.003         0.001 / 0.003       ms
[660.268s][info][gc,stats    ]       Phase: Concurrent Process Non-Strong References      9.506 / 9.506        36.494 / 1493.667     35.156 / 1493.667     35.156 / 1493.667    ms
[660.268s][info][gc,stats    ]       Phase: Concurrent Relocate                          50.181 / 50.181       49.471 / 126.633      50.801 / 150.389      50.801 / 150.389     ms
[660.268s][info][gc,stats    ]       Phase: Concurrent Reset Relocation Set               0.243 / 0.243         0.132 / 0.465         0.126 / 0.465         0.126 / 0.465       ms
[660.268s][info][gc,stats    ]       Phase: Concurrent Select Relocation Set             17.129 / 17.129      219.337 / 2796.200    203.739 / 2796.200    203.739 / 2796.200    ms
[660.268s][info][gc,stats    ]       Phase: Pause Mark End                                0.011 / 0.011         0.079 / 4.475         0.074 / 4.475         0.074 / 4.475       ms
[660.268s][info][gc,stats    ]       Phase: Pause Mark Start                              0.008 / 0.008         0.077 / 7.250         0.070 / 7.250         0.070 / 7.250       ms
[660.268s][info][gc,stats    ]       Phase: Pause Relocate Start                          0.006 / 0.006         0.033 / 1.046         0.031 / 1.046         0.031 / 1.046       ms
[660.268s][info][gc,stats    ]    Subphase: Concurrent Classes Purge                      0.365 / 0.365         0.577 / 5.775         0.670 / 5.775         0.670 / 5.775       ms
[660.268s][info][gc,stats    ]    Subphase: Concurrent Classes Unlink                     7.393 / 7.393        27.628 / 1489.339     26.590 / 1489.339     26.590 / 1489.339    ms
[660.268s][info][gc,stats    ]    Subphase: Concurrent Mark                             359.924 / 360.457     847.132 / 5176.991    837.096 / 5176.991    837.096 / 5176.991    ms
[660.268s][info][gc,stats    ]    Subphase: Concurrent Mark Try Flush                     0.030 / 0.048         4.219 / 786.951       3.900 / 786.951       3.900 / 786.951     ms
[660.268s][info][gc,stats    ]    Subphase: Concurrent Mark Try Terminate                 0.455 / 1.349         1.032 / 10.682        1.036 / 12.169        1.036 / 12.169      ms
[660.269s][info][gc,stats    ]    Subphase: Concurrent References Enqueue                 0.002 / 0.002         0.002 / 0.006         0.002 / 0.006         0.002 / 0.006       ms
[660.269s][info][gc,stats    ]    Subphase: Concurrent References Process                 0.228 / 0.228         0.502 / 2.815         0.508 / 2.815         0.508 / 2.815       ms
[660.269s][info][gc,stats    ]    Subphase: Concurrent Roots ClassLoaderDataGraph         0.220 / 0.391         0.707 / 40.174        0.665 / 40.174        0.665 / 40.174      ms
[660.269s][info][gc,stats    ]    Subphase: Concurrent Roots CodeCache                    0.000 / 0.000         0.000 / 0.000         0.000 / 0.000         0.000 / 0.000       ms
[660.269s][info][gc,stats    ]    Subphase: Concurrent Roots JavaThreads                  0.804 / 0.822         8.010 / 441.054       7.443 / 441.054       7.443 / 441.054     ms
[660.269s][info][gc,stats    ]    Subphase: Concurrent Roots OopStorageSet                0.236 / 0.403         1.488 / 136.487       1.364 / 136.487       1.364 / 136.487     ms
[660.269s][info][gc,stats    ]    Subphase: Concurrent Weak Roots OopStorageSet           1.295 / 1.296         1.766 / 11.047        1.760 / 11.047        1.760 / 11.047      ms
[660.269s][info][gc,stats    ]    Subphase: Pause Mark Try Complete                       0.000 / 0.000         0.001 / 0.003         0.001 / 0.003         0.001 / 0.003       ms
[660.269s][info][gc,stats    ]      System: Java Threads                                     83 / 83               77 / 83               75 / 83               75 / 83          threads
[660.269s][info][gc,stats    ] =========================================================================================================================================================
[662.568s][info][gc,start    ] GC(119) Garbage Collection (Allocation Rate)
[662.568s][info][gc,task     ] GC(119) Using 1 workers
[662.568s][info][gc,phases   ] GC(119) Pause Mark Start 0.005ms
[663.177s][info][gc,phases   ] GC(119) Concurrent Mark 608.590ms
[663.177s][info][gc,phases   ] GC(119) Pause Mark End 0.008ms
[663.177s][info][gc,phases   ] GC(119) Concurrent Mark Free 0.001ms
[663.193s][info][gc,phases   ] GC(119) Concurrent Process Non-Strong References 15.478ms
[663.193s][info][gc,phases   ] GC(119) Concurrent Reset Relocation Set 0.153ms
[663.197s][info][gc,phases   ] GC(119) Concurrent Select Relocation Set 4.364ms
[663.197s][info][gc,phases   ] GC(119) Pause Relocate Start 0.006ms
[663.258s][info][gc,phases   ] GC(119) Concurrent Relocate 60.441ms
[663.258s][info][gc,load     ] GC(119) Load: 0.00/0.00/0.00
[663.258s][info][gc,mmu      ] GC(119) MMU: 2ms/0.0%, 5ms/0.0%, 10ms/27.5%, 20ms/63.8%, 50ms/85.5%, 100ms/92.8%
[663.258s][info][gc,marking  ] GC(119) Mark: 1 stripe(s), 2 proactive flush(es), 1 terminate flush(es), 0 completion(s), 0 continuation(s) 
[663.258s][info][gc,marking  ] GC(119) Mark Stack Usage: 32M
[663.258s][info][gc,nmethod  ] GC(119) NMethods: 9846 registered, 73 unregistered
[663.258s][info][gc,metaspace] GC(119) Metaspace: 131M used, 132M committed, 1152M reserved
[663.258s][info][gc,ref      ] GC(119) Soft: 6082 encountered, 0 discovered, 0 enqueued
[663.258s][info][gc,ref      ] GC(119) Weak: 23230 encountered, 12457 discovered, 1 enqueued
[663.258s][info][gc,ref      ] GC(119) Final: 34 encountered, 0 discovered, 0 enqueued
[663.258s][info][gc,ref      ] GC(119) Phantom: 796 encountered, 531 discovered, 1 enqueued
[663.258s][info][gc,reloc    ] GC(119) Small Pages: 3461 / 6922M, Empty: 2816M, Relocated: 99M, In-Place: 0
[663.258s][info][gc,reloc    ] GC(119) Medium Pages: 2 / 64M, Empty: 0M, Relocated: 0M, In-Place: 0
[663.258s][info][gc,reloc    ] GC(119) Large Pages: 0 / 0M, Empty: 0M, Relocated: 0M, In-Place: 0
[663.258s][info][gc,reloc    ] GC(119) Forwarding Usage: 27M
[663.258s][info][gc,heap     ] GC(119) Min Capacity: 8192M(100%)
[663.258s][info][gc,heap     ] GC(119) Max Capacity: 8192M(100%)
[663.258s][info][gc,heap     ] GC(119) Soft Max Capacity: 8192M(100%)
[663.258s][info][gc,heap     ] GC(119)                Mark Start          Mark End        Relocate Start      Relocate End           High               Low         
[663.258s][info][gc,heap     ] GC(119)  Capacity:     8192M (100%)       8192M (100%)       8192M (100%)       8192M (100%)       8192M (100%)       8192M (100%)   
[663.258s][info][gc,heap     ] GC(119)      Free:     1206M (15%)         844M (10%)        3654M (45%)        7132M (87%)        7132M (87%)         840M (10%)    
[663.258s][info][gc,heap     ] GC(119)      Used:     6986M (85%)        7348M (90%)        4538M (55%)        1060M (13%)        7352M (90%)        1060M (13%)    
[663.258s][info][gc,heap     ] GC(119)      Live:         -               580M (7%)          580M (7%)          580M (7%)             -                  -          
[663.258s][info][gc,heap     ] GC(119) Allocated:         -               362M (4%)          368M (4%)          401M (5%)             -                  -          
[663.258s][info][gc,heap     ] GC(119)   Garbage:         -              6405M (78%)        3589M (44%)          77M (1%)             -                  -          
[663.258s][info][gc,heap     ] GC(119) Reclaimed:         -                  -              2816M (34%)        6327M (77%)            -                  -          
[663.258s][info][gc          ] GC(119) Garbage Collection (Allocation Rate) 6986M(85%)->1060M(13%)
[670.267s][info][gc,stats    ] === Garbage Collection Statistics =======================================================================================================================
[670.267s][info][gc,stats    ]                                                              Last 10s              Last 10m              Last 10h                Total
[670.267s][info][gc,stats    ]                                                              Avg / Max             Avg / Max             Avg / Max             Avg / Max
[670.267s][info][gc,stats    ]   Collector: Garbage Collection Cycle                    689.675 / 689.675    1189.803 / 7809.708   1200.719 / 7809.708   1200.719 / 7809.708    ms
[670.267s][info][gc,stats    ]  Contention: Mark Segment Reset Contention                     0 / 0                 0 / 9                 0 / 9                 0 / 9           ops/s
[670.267s][info][gc,stats    ]  Contention: Mark SeqNum Reset Contention                      0 / 0                 0 / 1                 0 / 1                 0 / 1           ops/s
[670.267s][info][gc,stats    ]    Critical: Allocation Stall                                  0 / 0                 0 / 0                 0 / 0                 0 / 0           ops/s
[670.267s][info][gc,stats    ]    Critical: Allocation Stall                              0.000 / 0.000         0.000 / 0.000         0.000 / 0.000         0.000 / 0.000       ms
[670.267s][info][gc,stats    ]    Critical: GC Locker Stall                                   0 / 0                 0 / 2                 0 / 2                 0 / 2           ops/s
[670.267s][info][gc,stats    ]    Critical: GC Locker Stall                               0.000 / 0.000         0.040 / 0.151         0.044 / 0.151         0.044 / 0.151       ms
[670.267s][info][gc,stats    ]    Critical: Relocation Stall                                  0 / 0                 0 / 0                 0 / 0                 0 / 0           ops/s
[670.267s][info][gc,stats    ]    Critical: Relocation Stall                              0.000 / 0.000         0.000 / 0.000         0.000 / 0.000         0.000 / 0.000       ms
[670.267s][info][gc,stats    ]      Memory: Allocation Rate                                 723 / 1120            696 / 1436            672 / 1436            672 / 1436        MB/s
[670.268s][info][gc,stats    ]      Memory: Defragment                                        0 / 0                 0 / 0                 0 / 0                 0 / 0           ops/s
[670.268s][info][gc,stats    ]      Memory: Out Of Memory                                     0 / 0                 0 / 0                 0 / 0                 0 / 0           ops/s
[670.268s][info][gc,stats    ]      Memory: Page Cache Flush                                  0 / 0                 0 / 0                 0 / 0                 0 / 0           MB/s
[670.268s][info][gc,stats    ]      Memory: Page Cache Hit L1                               366 / 560             355 / 718             337 / 718             337 / 718         ops/s
[670.268s][info][gc,stats    ]      Memory: Page Cache Hit L2                                 0 / 0                 0 / 0                 0 / 0                 0 / 0           ops/s
[670.268s][info][gc,stats    ]      Memory: Page Cache Hit L3                                 0 / 0                 0 / 65                5 / 397               5 / 397         ops/s
[670.268s][info][gc,stats    ]      Memory: Page Cache Miss                                   0 / 0                 0 / 0                 0 / 1                 0 / 1           ops/s
[670.268s][info][gc,stats    ]      Memory: Uncommit                                          0 / 0                 0 / 0                 0 / 0                 0 / 0           MB/s
[670.268s][info][gc,stats    ]      Memory: Undo Object Allocation Failed                     0 / 0                 0 / 0                 0 / 0                 0 / 0           ops/s
[670.268s][info][gc,stats    ]      Memory: Undo Object Allocation Succeeded                  0 / 0                 3 / 400               3 / 400               3 / 400         ops/s
[670.268s][info][gc,stats    ]      Memory: Undo Page Allocation                              0 / 0                 0 / 1                 0 / 1                 0 / 1           ops/s
[670.268s][info][gc,stats    ]       Phase: Concurrent Mark                             608.590 / 608.590     874.542 / 5264.294    903.606 / 5264.294    903.606 / 5264.294    ms
[670.268s][info][gc,stats    ]       Phase: Concurrent Mark Continue                      0.000 / 0.000         0.000 / 0.000         0.000 / 0.000         0.000 / 0.000       ms
[670.268s][info][gc,stats    ]       Phase: Concurrent Mark Free                          0.001 / 0.001         0.001 / 0.003         0.001 / 0.003         0.001 / 0.003       ms
[670.268s][info][gc,stats    ]       Phase: Concurrent Process Non-Strong References     15.478 / 15.478       36.809 / 1493.667     34.992 / 1493.667     34.992 / 1493.667    ms
[670.268s][info][gc,stats    ]       Phase: Concurrent Relocate                          60.441 / 60.441       49.843 / 126.633      50.881 / 150.389      50.881 / 150.389     ms
[670.268s][info][gc,stats    ]       Phase: Concurrent Reset Relocation Set               0.153 / 0.153         0.133 / 0.465         0.127 / 0.465         0.127 / 0.465       ms
[670.268s][info][gc,stats    ]       Phase: Concurrent Select Relocation Set              4.364 / 4.364       218.617 / 2796.200    202.078 / 2796.200    202.078 / 2796.200    ms
[670.268s][info][gc,stats    ]       Phase: Pause Mark End                                0.008 / 0.008         0.079 / 4.475         0.073 / 4.475         0.073 / 4.475       ms
[670.268s][info][gc,stats    ]       Phase: Pause Mark Start                              0.005 / 0.005         0.077 / 7.250         0.069 / 7.250         0.069 / 7.250       ms
[670.268s][info][gc,stats    ]       Phase: Pause Relocate Start                          0.006 / 0.006         0.032 / 1.046         0.030 / 1.046         0.030 / 1.046       ms
[670.268s][info][gc,stats    ]    Subphase: Concurrent Classes Purge                      0.519 / 0.519         0.564 / 5.775         0.669 / 5.775         0.669 / 5.775       ms
[670.268s][info][gc,stats    ]    Subphase: Concurrent Classes Unlink                    10.875 / 10.875       27.914 / 1489.339     26.459 / 1489.339     26.459 / 1489.339    ms
[670.268s][info][gc,stats    ]    Subphase: Concurrent Mark                             605.937 / 605.937     831.842 / 5176.991    835.974 / 5176.991    835.974 / 5176.991    ms
[670.268s][info][gc,stats    ]    Subphase: Concurrent Mark Try Flush                     0.023 / 0.035         4.267 / 786.951       3.868 / 786.951       3.868 / 786.951     ms
[670.268s][info][gc,stats    ]    Subphase: Concurrent Mark Try Terminate                 0.006 / 0.013         1.033 / 10.682        1.035 / 12.169        1.035 / 12.169      ms
[670.268s][info][gc,stats    ]    Subphase: Concurrent References Enqueue                 0.001 / 0.001         0.002 / 0.006         0.002 / 0.006         0.002 / 0.006       ms
[670.268s][info][gc,stats    ]    Subphase: Concurrent References Process                 1.295 / 1.295         0.491 / 2.815         0.514 / 2.815         0.514 / 2.815       ms
[670.268s][info][gc,stats    ]    Subphase: Concurrent Roots ClassLoaderDataGraph         0.354 / 0.354         0.709 / 40.174        0.663 / 40.174        0.663 / 40.174      ms
[670.268s][info][gc,stats    ]    Subphase: Concurrent Roots CodeCache                    0.000 / 0.000         0.000 / 0.000         0.000 / 0.000         0.000 / 0.000       ms
[670.268s][info][gc,stats    ]    Subphase: Concurrent Roots JavaThreads                  2.113 / 2.113         8.072 / 441.054       7.417 / 441.054       7.417 / 441.054     ms
[670.268s][info][gc,stats    ]    Subphase: Concurrent Roots OopStorageSet                0.097 / 0.097         1.503 / 136.487       1.357 / 136.487       1.357 / 136.487     ms
[670.268s][info][gc,stats    ]    Subphase: Concurrent Weak Roots OopStorageSet           2.365 / 2.365         1.767 / 11.047        1.763 / 11.047        1.763 / 11.047      ms
[670.268s][info][gc,stats    ]    Subphase: Pause Mark Try Complete                       0.000 / 0.000         0.001 / 0.003         0.001 / 0.003         0.001 / 0.003       ms
[670.268s][info][gc,stats    ]      System: Java Threads                                     83 / 83               78 / 83               75 / 83               75 / 83          threads
[670.268s][info][gc,stats    ] =========================================================================================================================================================
[672.167s][info][gc,start    ] GC(120) Garbage Collection (Allocation Rate)
[672.168s][info][gc,task     ] GC(120) Using 2 workers
[672.168s][info][gc,phases   ] GC(120) Pause Mark Start 0.004ms
[672.494s][info][gc,phases   ] GC(120) Concurrent Mark 326.354ms
[672.494s][info][gc,phases   ] GC(120) Pause Mark End 0.009ms
[672.494s][info][gc,phases   ] GC(120) Concurrent Mark Free 0.000ms
[672.505s][info][gc,phases   ] GC(120) Concurrent Process Non-Strong References 10.873ms
[672.505s][info][gc,phases   ] GC(120) Concurrent Reset Relocation Set 0.222ms
[672.528s][info][gc,phases   ] GC(120) Concurrent Select Relocation Set 23.088ms
[672.529s][info][gc,phases   ] GC(120) Pause Relocate Start 0.015ms
[672.582s][info][gc,phases   ] GC(120) Concurrent Relocate 52.786ms
[672.582s][info][gc,load     ] GC(120) Load: 0.00/0.00/0.00
[672.582s][info][gc,mmu      ] GC(120) MMU: 2ms/0.0%, 5ms/0.0%, 10ms/27.5%, 20ms/63.8%, 50ms/85.5%, 100ms/92.8%
[672.582s][info][gc,marking  ] GC(120) Mark: 2 stripe(s), 2 proactive flush(es), 1 terminate flush(es), 0 completion(s), 0 continuation(s) 
[672.582s][info][gc,marking  ] GC(120) Mark Stack Usage: 32M
[672.582s][info][gc,nmethod  ] GC(120) NMethods: 9884 registered, 81 unregistered
[672.582s][info][gc,metaspace] GC(120) Metaspace: 131M used, 132M committed, 1152M reserved
[672.582s][info][gc,ref      ] GC(120) Soft: 6082 encountered, 0 discovered, 0 enqueued
[672.582s][info][gc,ref      ] GC(120) Weak: 23235 encountered, 5199 discovered, 5 enqueued
[672.582s][info][gc,ref      ] GC(120) Final: 34 encountered, 0 discovered, 0 enqueued
[672.582s][info][gc,ref      ] GC(120) Phantom: 801 encountered, 580 discovered, 0 enqueued
[672.582s][info][gc,reloc    ] GC(120) Small Pages: 3494 / 6988M, Empty: 1886M, Relocated: 101M, In-Place: 0
[672.582s][info][gc,reloc    ] GC(120) Medium Pages: 2 / 64M, Empty: 0M, Relocated: 0M, In-Place: 0
[672.582s][info][gc,reloc    ] GC(120) Large Pages: 0 / 0M, Empty: 0M, Relocated: 0M, In-Place: 0
[672.582s][info][gc,reloc    ] GC(120) Forwarding Usage: 30M
[672.582s][info][gc,heap     ] GC(120) Min Capacity: 8192M(100%)
[672.582s][info][gc,heap     ] GC(120) Max Capacity: 8192M(100%)
[672.582s][info][gc,heap     ] GC(120) Soft Max Capacity: 8192M(100%)
[672.582s][info][gc,heap     ] GC(120)                Mark Start          Mark End        Relocate Start      Relocate End           High               Low         
[672.582s][info][gc,heap     ] GC(120)  Capacity:     8192M (100%)       8192M (100%)       8192M (100%)       8192M (100%)       8192M (100%)       8192M (100%)   
[672.582s][info][gc,heap     ] GC(120)      Free:     1140M (14%)         836M (10%)        2700M (33%)        7150M (87%)        7150M (87%)         828M (10%)    
[672.582s][info][gc,heap     ] GC(120)      Used:     7052M (86%)        7356M (90%)        5492M (67%)        1042M (13%)        7364M (90%)        1042M (13%)    
[672.582s][info][gc,heap     ] GC(120)      Live:         -               583M (7%)          583M (7%)          583M (7%)             -                  -          
[672.582s][info][gc,heap     ] GC(120) Allocated:         -               304M (4%)          326M (4%)          379M (5%)             -                  -          
[672.582s][info][gc,heap     ] GC(120)   Garbage:         -              6468M (79%)        4582M (56%)          79M (1%)             -                  -          
[672.582s][info][gc,heap     ] GC(120) Reclaimed:         -                  -              1886M (23%)        6389M (78%)            -                  -          
[672.582s][info][gc          ] GC(120) Garbage Collection (Allocation Rate) 7052M(86%)->1042M(13%)
[679.768s][info][gc,start    ] GC(121) Garbage Collection (Allocation Rate)
[679.768s][info][gc,task     ] GC(121) Using 1 workers
[679.768s][info][gc,phases   ] GC(121) Pause Mark Start 0.004ms
[680.268s][info][gc,stats    ] === Garbage Collection Statistics =======================================================================================================================
[680.268s][info][gc,stats    ]                                                              Last 10s              Last 10m              Last 10h                Total
[680.268s][info][gc,stats    ]                                                              Avg / Max             Avg / Max             Avg / Max             Avg / Max
[680.268s][info][gc,stats    ]   Collector: Garbage Collection Cycle                    414.103 / 414.103    1168.681 / 7809.708   1194.218 / 7809.708   1194.218 / 7809.708    ms
[680.268s][info][gc,stats    ]  Contention: Mark Segment Reset Contention                     0 / 1                 0 / 9                 0 / 9                 0 / 9           ops/s
[680.268s][info][gc,stats    ]  Contention: Mark SeqNum Reset Contention                      0 / 0                 0 / 1                 0 / 1                 0 / 1           ops/s
[680.268s][info][gc,stats    ]    Critical: Allocation Stall                                  0 / 0                 0 / 0                 0 / 0                 0 / 0           ops/s
[680.268s][info][gc,stats    ]    Critical: Allocation Stall                              0.000 / 0.000         0.000 / 0.000         0.000 / 0.000         0.000 / 0.000       ms
[680.268s][info][gc,stats    ]    Critical: GC Locker Stall                                   0 / 1                 0 / 2                 0 / 2                 0 / 2           ops/s
[680.268s][info][gc,stats    ]    Critical: GC Locker Stall                               0.061 / 0.061         0.041 / 0.151         0.045 / 0.151         0.045 / 0.151       ms
[680.268s][info][gc,stats    ]    Critical: Relocation Stall                                  0 / 0                 0 / 0                 0 / 0                 0 / 0           ops/s
[680.268s][info][gc,stats    ]    Critical: Relocation Stall                              0.000 / 0.000         0.000 / 0.000         0.000 / 0.000         0.000 / 0.000       ms
[680.268s][info][gc,stats    ]      Memory: Allocation Rate                                 804 / 1006            699 / 1436            674 / 1436            674 / 1436        MB/s
[680.268s][info][gc,stats    ]      Memory: Defragment                                        0 / 0                 0 / 0                 0 / 0                 0 / 0           ops/s
[680.268s][info][gc,stats    ]      Memory: Out Of Memory                                     0 / 0                 0 / 0                 0 / 0                 0 / 0           ops/s
[680.268s][info][gc,stats    ]      Memory: Page Cache Flush                                  0 / 0                 0 / 0                 0 / 0                 0 / 0           MB/s
[680.268s][info][gc,stats    ]      Memory: Page Cache Hit L1                               407 / 503             357 / 718             338 / 718             338 / 718         ops/s
[680.268s][info][gc,stats    ]      Memory: Page Cache Hit L2                                 0 / 0                 0 / 0                 0 / 0                 0 / 0           ops/s
[680.268s][info][gc,stats    ]      Memory: Page Cache Hit L3                                 0 / 0                 0 / 65                5 / 397               5 / 397         ops/s
[680.268s][info][gc,stats    ]      Memory: Page Cache Miss                                   0 / 0                 0 / 0                 0 / 1                 0 / 1           ops/s
[680.268s][info][gc,stats    ]      Memory: Uncommit                                          0 / 0                 0 / 0                 0 / 0                 0 / 0           MB/s
[680.268s][info][gc,stats    ]      Memory: Undo Object Allocation Failed                     0 / 0                 0 / 0                 0 / 0                 0 / 0           ops/s
[680.268s][info][gc,stats    ]      Memory: Undo Object Allocation Succeeded                  0 / 2                 3 / 400               3 / 400               3 / 400         ops/s
[680.268s][info][gc,stats    ]      Memory: Undo Page Allocation                              0 / 0                 0 / 1                 0 / 1                 0 / 1           ops/s
[680.268s][info][gc,stats    ]       Phase: Concurrent Mark                             326.354 / 326.354     854.199 / 5264.294    898.835 / 5264.294    898.835 / 5264.294    ms
[680.268s][info][gc,stats    ]       Phase: Concurrent Mark Continue                      0.000 / 0.000         0.000 / 0.000         0.000 / 0.000         0.000 / 0.000       ms
[680.268s][info][gc,stats    ]       Phase: Concurrent Mark Free                          0.000 / 0.000         0.001 / 0.003         0.001 / 0.003         0.001 / 0.003       ms
[680.268s][info][gc,stats    ]       Phase: Concurrent Process Non-Strong References     10.873 / 10.873       36.912 / 1493.667     34.793 / 1493.667     34.793 / 1493.667    ms
[680.268s][info][gc,stats    ]       Phase: Concurrent Relocate                          52.786 / 52.786       49.614 / 126.633      50.897 / 150.389      50.897 / 150.389     ms
[680.268s][info][gc,stats    ]       Phase: Concurrent Reset Relocation Set               0.222 / 0.222         0.135 / 0.465         0.127 / 0.465         0.127 / 0.465       ms
[680.268s][info][gc,stats    ]       Phase: Concurrent Select Relocation Set             23.088 / 23.088      217.931 / 2796.200    200.599 / 2796.200    200.599 / 2796.200    ms
[680.268s][info][gc,stats    ]       Phase: Pause Mark End                                0.009 / 0.009         0.080 / 4.475         0.072 / 4.475         0.072 / 4.475       ms
[680.268s][info][gc,stats    ]       Phase: Pause Mark Start                              0.004 / 0.004         0.077 / 7.250         0.068 / 7.250         0.068 / 7.250       ms
[680.268s][info][gc,stats    ]       Phase: Pause Relocate Start                          0.015 / 0.015         0.033 / 1.046         0.030 / 1.046         0.030 / 1.046       ms
[680.268s][info][gc,stats    ]    Subphase: Concurrent Classes Purge                      0.562 / 0.562         0.567 / 5.775         0.668 / 5.775         0.668 / 5.775       ms
[680.268s][info][gc,stats    ]    Subphase: Concurrent Classes Unlink                     8.287 / 8.287        28.063 / 1489.339     26.309 / 1489.339     26.309 / 1489.339    ms
[680.268s][info][gc,stats    ]    Subphase: Concurrent Mark                             324.575 / 325.011     817.654 / 5176.991    831.056 / 5176.991    831.056 / 5176.991    ms
[680.268s][info][gc,stats    ]    Subphase: Concurrent Mark Try Flush                     0.046 / 0.072         4.264 / 786.951       3.837 / 786.951       3.837 / 786.951     ms
[680.268s][info][gc,stats    ]    Subphase: Concurrent Mark Try Terminate                 0.345 / 1.022         1.034 / 10.682        1.034 / 12.169        1.034 / 12.169      ms
[680.268s][info][gc,stats    ]    Subphase: Concurrent References Enqueue                 0.002 / 0.002         0.002 / 0.006         0.002 / 0.006         0.002 / 0.006       ms
[680.268s][info][gc,stats    ]    Subphase: Concurrent References Process                 0.462 / 0.462         0.482 / 2.815         0.514 / 2.815         0.514 / 2.815       ms
[680.268s][info][gc,stats    ]    Subphase: Concurrent Roots ClassLoaderDataGraph         0.251 / 0.346         0.709 / 40.174        0.657 / 40.174        0.657 / 40.174      ms
[680.268s][info][gc,stats    ]    Subphase: Concurrent Roots CodeCache                    0.000 / 0.000         0.000 / 0.000         0.000 / 0.000         0.000 / 0.000       ms
[680.268s][info][gc,stats    ]    Subphase: Concurrent Roots JavaThreads                  1.480 / 2.842         8.056 / 441.054       7.332 / 441.054       7.332 / 441.054     ms
[680.268s][info][gc,stats    ]    Subphase: Concurrent Roots OopStorageSet                0.175 / 0.367         1.505 / 136.487       1.340 / 136.487       1.340 / 136.487     ms
[680.268s][info][gc,stats    ]    Subphase: Concurrent Weak Roots OopStorageSet           1.187 / 1.204         1.762 / 11.047        1.757 / 11.047        1.757 / 11.047      ms
[680.268s][info][gc,stats    ]    Subphase: Pause Mark Try Complete                       0.000 / 0.000         0.001 / 0.003         0.001 / 0.003         0.001 / 0.003       ms
[680.268s][info][gc,stats    ]      System: Java Threads                                     83 / 83               78 / 83               75 / 83               75 / 83          threads
[680.268s][info][gc,stats    ] =========================================================================================================================================================
[680.357s][info][gc,phases   ] GC(121) Concurrent Mark 589.560ms
[680.357s][info][gc,phases   ] GC(121) Pause Mark End 0.009ms
[680.357s][info][gc,phases   ] GC(121) Concurrent Mark Free 0.000ms
[680.375s][info][gc,phases   ] GC(121) Concurrent Process Non-Strong References 17.374ms
[680.375s][info][gc,phases   ] GC(121) Concurrent Reset Relocation Set 0.234ms
[680.379s][info][gc,phases   ] GC(121) Concurrent Select Relocation Set 4.266ms
[680.379s][info][gc,phases   ] GC(121) Pause Relocate Start 0.006ms
[680.431s][info][gc,phases   ] GC(121) Concurrent Relocate 51.785ms
[680.431s][info][gc,load     ] GC(121) Load: 0.00/0.00/0.00
[680.431s][info][gc,mmu      ] GC(121) MMU: 2ms/0.0%, 5ms/0.0%, 10ms/27.5%, 20ms/63.8%, 50ms/85.5%, 100ms/92.8%
[680.431s][info][gc,marking  ] GC(121) Mark: 1 stripe(s), 2 proactive flush(es), 1 terminate flush(es), 0 completion(s), 0 continuation(s) 
[680.431s][info][gc,marking  ] GC(121) Mark Stack Usage: 32M
[680.431s][info][gc,nmethod  ] GC(121) NMethods: 9920 registered, 87 unregistered
[680.431s][info][gc,metaspace] GC(121) Metaspace: 131M used, 132M committed, 1152M reserved
[680.431s][info][gc,ref      ] GC(121) Soft: 6083 encountered, 0 discovered, 0 enqueued
[680.431s][info][gc,ref      ] GC(121) Weak: 23233 encountered, 1094 discovered, 1 enqueued
[680.431s][info][gc,ref      ] GC(121) Final: 34 encountered, 0 discovered, 0 enqueued
[680.431s][info][gc,ref      ] GC(121) Phantom: 801 encountered, 622 discovered, 0 enqueued
[680.431s][info][gc,reloc    ] GC(121) Small Pages: 3492 / 6984M, Empty: 1860M, Relocated: 75M, In-Place: 0
[680.431s][info][gc,reloc    ] GC(121) Medium Pages: 2 / 64M, Empty: 0M, Relocated: 0M, In-Place: 0
[680.431s][info][gc,reloc    ] GC(121) Large Pages: 0 / 0M, Empty: 0M, Relocated: 0M, In-Place: 0
[680.431s][info][gc,reloc    ] GC(121) Forwarding Usage: 23M
[680.431s][info][gc,heap     ] GC(121) Min Capacity: 8192M(100%)
[680.432s][info][gc,heap     ] GC(121) Max Capacity: 8192M(100%)
[680.432s][info][gc,heap     ] GC(121) Soft Max Capacity: 8192M(100%)
[680.432s][info][gc,heap     ] GC(121)                Mark Start          Mark End        Relocate Start      Relocate End           High               Low         
[680.432s][info][gc,heap     ] GC(121)  Capacity:     8192M (100%)       8192M (100%)       8192M (100%)       8192M (100%)       8192M (100%)       8192M (100%)   
[680.432s][info][gc,heap     ] GC(121)      Free:     1144M (14%)         660M (8%)         2482M (30%)        6982M (85%)        6982M (85%)         624M (8%)     
[680.432s][info][gc,heap     ] GC(121)      Used:     7048M (86%)        7532M (92%)        5710M (70%)        1210M (15%)        7568M (92%)        1210M (15%)    
[680.432s][info][gc,heap     ] GC(121)      Live:         -               556M (7%)          556M (7%)          556M (7%)             -                  -          
[680.432s][info][gc,heap     ] GC(121) Allocated:         -               484M (6%)          522M (6%)          576M (7%)             -                  -          
[680.432s][info][gc,heap     ] GC(121)   Garbage:         -              6491M (79%)        4631M (57%)          77M (1%)             -                  -          
[680.432s][info][gc,heap     ] GC(121) Reclaimed:         -                  -              1860M (23%)        6414M (78%)            -                  -          
[680.432s][info][gc          ] GC(121) Garbage Collection (Allocation Rate) 7048M(86%)->1210M(15%)
[686.468s][info][gc,start    ] GC(122) Garbage Collection (Allocation Rate)
[686.468s][info][gc,task     ] GC(122) Using 2 workers
[686.468s][info][gc,phases   ] GC(122) Pause Mark Start 0.004ms
[686.821s][info][gc,phases   ] GC(122) Concurrent Mark 352.891ms
[686.821s][info][gc,phases   ] GC(122) Pause Mark End 0.009ms
[686.821s][info][gc,phases   ] GC(122) Concurrent Mark Free 0.001ms
[686.830s][info][gc,phases   ] GC(122) Concurrent Process Non-Strong References 9.008ms
[686.830s][info][gc,phases   ] GC(122) Concurrent Reset Relocation Set 0.157ms
[686.847s][info][gc,phases   ] GC(122) Concurrent Select Relocation Set 17.213ms
[686.847s][info][gc,phases   ] GC(122) Pause Relocate Start 0.007ms
[686.909s][info][gc,phases   ] GC(122) Concurrent Relocate 62.160ms
[686.910s][info][gc,load     ] GC(122) Load: 0.00/0.00/0.00
[686.910s][info][gc,mmu      ] GC(122) MMU: 2ms/0.0%, 5ms/0.0%, 10ms/27.5%, 20ms/63.8%, 50ms/85.5%, 100ms/92.8%
[686.910s][info][gc,marking  ] GC(122) Mark: 2 stripe(s), 2 proactive flush(es), 1 terminate flush(es), 0 completion(s), 0 continuation(s) 
[686.910s][info][gc,marking  ] GC(122) Mark Stack Usage: 32M
[686.910s][info][gc,nmethod  ] GC(122) NMethods: 9938 registered, 101 unregistered
[686.910s][info][gc,metaspace] GC(122) Metaspace: 131M used, 132M committed, 1152M reserved
[686.910s][info][gc,ref      ] GC(122) Soft: 6083 encountered, 0 discovered, 0 enqueued
[686.910s][info][gc,ref      ] GC(122) Weak: 23234 encountered, 6386 discovered, 2 enqueued
[686.910s][info][gc,ref      ] GC(122) Final: 34 encountered, 0 discovered, 0 enqueued
[686.910s][info][gc,ref      ] GC(122) Phantom: 804 encountered, 497 discovered, 0 enqueued
[686.910s][info][gc,reloc    ] GC(122) Small Pages: 3451 / 6902M, Empty: 1562M, Relocated: 138M, In-Place: 0
[686.910s][info][gc,reloc    ] GC(122) Medium Pages: 2 / 64M, Empty: 0M, Relocated: 0M, In-Place: 0
[686.910s][info][gc,reloc    ] GC(122) Large Pages: 0 / 0M, Empty: 0M, Relocated: 0M, In-Place: 0
[686.910s][info][gc,reloc    ] GC(122) Forwarding Usage: 35M
[686.910s][info][gc,heap     ] GC(122) Min Capacity: 8192M(100%)
[686.910s][info][gc,heap     ] GC(122) Max Capacity: 8192M(100%)
[686.910s][info][gc,heap     ] GC(122) Soft Max Capacity: 8192M(100%)
[686.910s][info][gc,heap     ] GC(122)                Mark Start          Mark End        Relocate Start      Relocate End           High               Low         
[686.910s][info][gc,heap     ] GC(122)  Capacity:     8192M (100%)       8192M (100%)       8192M (100%)       8192M (100%)       8192M (100%)       8192M (100%)   
[686.910s][info][gc,heap     ] GC(122)      Free:     1226M (15%)         844M (10%)        2378M (29%)        7020M (86%)        7020M (86%)         836M (10%)    
[686.910s][info][gc,heap     ] GC(122)      Used:     6966M (85%)        7348M (90%)        5814M (71%)        1172M (14%)        7356M (90%)        1172M (14%)    
[686.910s][info][gc,heap     ] GC(122)      Live:         -               621M (8%)          621M (8%)          621M (8%)             -                  -          
[686.910s][info][gc,heap     ] GC(122) Allocated:         -               382M (5%)          410M (5%)          473M (6%)             -                  -          
[686.910s][info][gc,heap     ] GC(122)   Garbage:         -              6344M (77%)        4782M (58%)          77M (1%)             -                  -          
[686.910s][info][gc,heap     ] GC(122) Reclaimed:         -                  -              1562M (19%)        6267M (77%)            -                  -          
[686.910s][info][gc          ] GC(122) Garbage Collection (Allocation Rate) 6966M(85%)->1172M(14%)
[690.268s][info][gc,stats    ] === Garbage Collection Statistics =======================================================================================================================
[690.268s][info][gc,stats    ]                                                              Last 10s              Last 10m              Last 10h                Total
[690.268s][info][gc,stats    ]                                                              Avg / Max             Avg / Max             Avg / Max             Avg / Max
[690.268s][info][gc,stats    ]   Collector: Garbage Collection Cycle                    552.881 / 663.742    1153.147 / 7809.708   1183.790 / 7809.708   1183.790 / 7809.708    ms
[690.268s][info][gc,stats    ]  Contention: Mark Segment Reset Contention                     0 / 0                 0 / 9                 0 / 9                 0 / 9           ops/s
[690.268s][info][gc,stats    ]  Contention: Mark SeqNum Reset Contention                      0 / 1                 0 / 1                 0 / 1                 0 / 1           ops/s
[690.268s][info][gc,stats    ]    Critical: Allocation Stall                                  0 / 0                 0 / 0                 0 / 0                 0 / 0           ops/s
[690.268s][info][gc,stats    ]    Critical: Allocation Stall                              0.000 / 0.000         0.000 / 0.000         0.000 / 0.000         0.000 / 0.000       ms
[690.268s][info][gc,stats    ]    Critical: GC Locker Stall                                   0 / 1                 0 / 2                 0 / 2                 0 / 2           ops/s
[690.268s][info][gc,stats    ]    Critical: GC Locker Stall                               0.000 / 0.000         0.032 / 0.151         0.043 / 0.151         0.043 / 0.151       ms
[690.268s][info][gc,stats    ]    Critical: Relocation Stall                                  0 / 0                 0 / 0                 0 / 0                 0 / 0           ops/s
[690.268s][info][gc,stats    ]    Critical: Relocation Stall                              0.000 / 0.000         0.000 / 0.000         0.000 / 0.000         0.000 / 0.000       ms
[690.268s][info][gc,stats    ]      Memory: Allocation Rate                                 941 / 1206            705 / 1436            678 / 1436            678 / 1436        MB/s
[690.268s][info][gc,stats    ]      Memory: Defragment                                        0 / 0                 0 / 0                 0 / 0                 0 / 0           ops/s
[690.268s][info][gc,stats    ]      Memory: Out Of Memory                                     0 / 0                 0 / 0                 0 / 0                 0 / 0           ops/s
[690.268s][info][gc,stats    ]      Memory: Page Cache Flush                                  0 / 0                 0 / 0                 0 / 0                 0 / 0           MB/s
[690.268s][info][gc,stats    ]      Memory: Page Cache Hit L1                               481 / 648             360 / 718             340 / 718             340 / 718         ops/s
[690.268s][info][gc,stats    ]      Memory: Page Cache Hit L2                                 0 / 0                 0 / 0                 0 / 0                 0 / 0           ops/s
[690.268s][info][gc,stats    ]      Memory: Page Cache Hit L3                                 0 / 0                 0 / 65                5 / 397               5 / 397         ops/s
[690.268s][info][gc,stats    ]      Memory: Page Cache Miss                                   0 / 0                 0 / 0                 0 / 1                 0 / 1           ops/s
[690.268s][info][gc,stats    ]      Memory: Uncommit                                          0 / 0                 0 / 0                 0 / 0                 0 / 0           MB/s
[690.268s][info][gc,stats    ]      Memory: Undo Object Allocation Failed                     0 / 0                 0 / 0                 0 / 0                 0 / 0           ops/s
[690.268s][info][gc,stats    ]      Memory: Undo Object Allocation Succeeded                  0 / 2                 2 / 400               2 / 400               2 / 400         ops/s
[690.268s][info][gc,stats    ]      Memory: Undo Page Allocation                              0 / 0                 0 / 1                 0 / 1                 0 / 1           ops/s
[690.268s][info][gc,stats    ]       Phase: Concurrent Mark                             471.226 / 589.560     840.970 / 5264.294    891.882 / 5264.294    891.882 / 5264.294    ms
[690.268s][info][gc,stats    ]       Phase: Concurrent Mark Continue                      0.000 / 0.000         0.000 / 0.000         0.000 / 0.000         0.000 / 0.000       ms
[690.268s][info][gc,stats    ]       Phase: Concurrent Mark Free                          0.000 / 0.001         0.001 / 0.003         0.001 / 0.003         0.001 / 0.003       ms
[690.268s][info][gc,stats    ]       Phase: Concurrent Process Non-Strong References     13.191 / 17.374       36.880 / 1493.667     34.441 / 1493.667     34.441 / 1493.667    ms
[690.268s][info][gc,stats    ]       Phase: Concurrent Relocate                          56.973 / 62.160       50.007 / 126.633      50.995 / 150.389      50.995 / 150.389     ms
[690.268s][info][gc,stats    ]       Phase: Concurrent Reset Relocation Set               0.195 / 0.234         0.137 / 0.465         0.129 / 0.465         0.129 / 0.465       ms
[690.268s][info][gc,stats    ]       Phase: Concurrent Select Relocation Set             10.740 / 17.213      215.467 / 2796.200    197.511 / 2796.200    197.511 / 2796.200    ms
[690.268s][info][gc,stats    ]       Phase: Pause Mark End                                0.009 / 0.009         0.079 / 4.475         0.072 / 4.475         0.072 / 4.475       ms
[690.268s][info][gc,stats    ]       Phase: Pause Mark Start                              0.004 / 0.004         0.078 / 7.250         0.068 / 7.250         0.068 / 7.250       ms
[690.268s][info][gc,stats    ]       Phase: Pause Relocate Start                          0.006 / 0.007         0.032 / 1.046         0.030 / 1.046         0.030 / 1.046       ms
[690.268s][info][gc,stats    ]    Subphase: Concurrent Classes Purge                      0.618 / 0.686         0.548 / 5.775         0.667 / 5.775         0.667 / 5.775       ms
[690.268s][info][gc,stats    ]    Subphase: Concurrent Classes Unlink                     9.731 / 12.851       28.094 / 1489.339     26.040 / 1489.339     26.040 / 1489.339    ms
[690.268s][info][gc,stats    ]    Subphase: Concurrent Mark                             429.521 / 586.199     803.672 / 5176.991    825.347 / 5176.991    825.347 / 5176.991    ms
[690.268s][info][gc,stats    ]    Subphase: Concurrent Mark Try Flush                     0.050 / 0.091         4.210 / 786.951       3.777 / 786.951       3.777 / 786.951     ms
[690.268s][info][gc,stats    ]    Subphase: Concurrent Mark Try Terminate                 0.258 / 1.261         1.031 / 10.682        1.032 / 12.169        1.032 / 12.169      ms
[690.268s][info][gc,stats    ]    Subphase: Concurrent References Enqueue                 0.002 / 0.002         0.002 / 0.006         0.002 / 0.006         0.002 / 0.006       ms
[690.269s][info][gc,stats    ]    Subphase: Concurrent References Process                 0.299 / 0.368         0.479 / 2.815         0.510 / 2.815         0.510 / 2.815       ms
[690.269s][info][gc,stats    ]    Subphase: Concurrent Roots ClassLoaderDataGraph         0.222 / 0.356         0.714 / 40.174        0.653 / 40.174        0.653 / 40.174      ms
[690.269s][info][gc,stats    ]    Subphase: Concurrent Roots CodeCache                    0.000 / 0.000         0.000 / 0.000         0.000 / 0.000         0.000 / 0.000       ms
[690.269s][info][gc,stats    ]    Subphase: Concurrent Roots JavaThreads                  0.858 / 0.989         8.075 / 441.054       7.271 / 441.054       7.271 / 441.054     ms
[690.269s][info][gc,stats    ]    Subphase: Concurrent Roots OopStorageSet                0.049 / 0.070         1.520 / 136.487       1.328 / 136.487       1.328 / 136.487     ms
[690.269s][info][gc,stats    ]    Subphase: Concurrent Weak Roots OopStorageSet           1.902 / 3.350         1.769 / 11.047        1.760 / 11.047        1.760 / 11.047      ms
[690.269s][info][gc,stats    ]    Subphase: Pause Mark Try Complete                       0.000 / 0.000         0.001 / 0.003         0.001 / 0.003         0.001 / 0.003       ms
[690.269s][info][gc,stats    ]      System: Java Threads                                     83 / 83               78 / 83               75 / 83               75 / 83          threads
[690.269s][info][gc,stats    ] =========================================================================================================================================================
[695.967s][info][gc,start    ] GC(123) Garbage Collection (Allocation Rate)
[695.967s][info][gc,task     ] GC(123) Using 1 workers
[695.967s][info][gc,phases   ] GC(123) Pause Mark Start 0.004ms
[696.578s][info][gc,phases   ] GC(123) Concurrent Mark 610.554ms
[696.578s][info][gc,phases   ] GC(123) Pause Mark End 0.008ms
[696.578s][info][gc,phases   ] GC(123) Concurrent Mark Free 0.001ms
[696.594s][info][gc,phases   ] GC(123) Concurrent Process Non-Strong References 15.891ms
[696.594s][info][gc,phases   ] GC(123) Concurrent Reset Relocation Set 0.188ms
[696.599s][info][gc,phases   ] GC(123) Concurrent Select Relocation Set 4.793ms
[696.599s][info][gc,phases   ] GC(123) Pause Relocate Start 0.005ms
[696.668s][info][gc,phases   ] GC(123) Concurrent Relocate 69.200ms
[696.668s][info][gc,load     ] GC(123) Load: 0.00/0.00/0.00
[696.668s][info][gc,mmu      ] GC(123) MMU: 2ms/0.0%, 5ms/0.0%, 10ms/27.5%, 20ms/63.8%, 50ms/85.5%, 100ms/92.8%
[696.669s][info][gc,marking  ] GC(123) Mark: 1 stripe(s), 2 proactive flush(es), 1 terminate flush(es), 0 completion(s), 0 continuation(s) 
[696.669s][info][gc,marking  ] GC(123) Mark Stack Usage: 32M
[696.669s][info][gc,nmethod  ] GC(123) NMethods: 9953 registered, 117 unregistered
[696.669s][info][gc,metaspace] GC(123) Metaspace: 131M used, 132M committed, 1152M reserved
[696.669s][info][gc,ref      ] GC(123) Soft: 6083 encountered, 0 discovered, 0 enqueued
[696.669s][info][gc,ref      ] GC(123) Weak: 23235 encountered, 12438 discovered, 3 enqueued
[696.669s][info][gc,ref      ] GC(123) Final: 34 encountered, 0 discovered, 0 enqueued
[696.669s][info][gc,ref      ] GC(123) Phantom: 804 encountered, 608 discovered, 0 enqueued
[696.669s][info][gc,reloc    ] GC(123) Small Pages: 3484 / 6968M, Empty: 1938M, Relocated: 108M, In-Place: 0
[696.669s][info][gc,reloc    ] GC(123) Medium Pages: 2 / 64M, Empty: 0M, Relocated: 0M, In-Place: 0
[696.669s][info][gc,reloc    ] GC(123) Large Pages: 0 / 0M, Empty: 0M, Relocated: 0M, In-Place: 0
[696.669s][info][gc,reloc    ] GC(123) Forwarding Usage: 29M
[696.669s][info][gc,heap     ] GC(123) Min Capacity: 8192M(100%)
[696.669s][info][gc,heap     ] GC(123) Max Capacity: 8192M(100%)
[696.669s][info][gc,heap     ] GC(123) Soft Max Capacity: 8192M(100%)
[696.669s][info][gc,heap     ] GC(123)                Mark Start          Mark End        Relocate Start      Relocate End           High               Low         
[696.669s][info][gc,heap     ] GC(123)  Capacity:     8192M (100%)       8192M (100%)       8192M (100%)       8192M (100%)       8192M (100%)       8192M (100%)   
[696.669s][info][gc,heap     ] GC(123)      Free:     1160M (14%)         564M (7%)         2492M (30%)        6844M (84%)        6844M (84%)         558M (7%)     
[696.669s][info][gc,heap     ] GC(123)      Used:     7032M (86%)        7628M (93%)        5700M (70%)        1348M (16%)        7634M (93%)        1348M (16%)    
[696.669s][info][gc,heap     ] GC(123)      Live:         -               588M (7%)          588M (7%)          588M (7%)             -                  -          
[696.669s][info][gc,heap     ] GC(123) Allocated:         -               596M (7%)          606M (7%)          682M (8%)             -                  -          
[696.669s][info][gc,heap     ] GC(123)   Garbage:         -              6443M (79%)        4505M (55%)          77M (1%)             -                  -          
[696.669s][info][gc,heap     ] GC(123) Reclaimed:         -                  -              1938M (24%)        6366M (78%)            -                  -          
[696.669s][info][gc          ] GC(123) Garbage Collection (Allocation Rate) 7032M(86%)->1348M(16%)
[700.268s][info][gc,stats    ] === Garbage Collection Statistics =======================================================================================================================
[700.268s][info][gc,stats    ]                                                              Last 10s              Last 10m              Last 10h                Total
[700.268s][info][gc,stats    ]                                                              Avg / Max             Avg / Max             Avg / Max             Avg / Max
[700.268s][info][gc,stats    ]   Collector: Garbage Collection Cycle                    701.194 / 701.194    1144.758 / 7809.708   1179.898 / 7809.708   1179.898 / 7809.708    ms
[700.268s][info][gc,stats    ]  Contention: Mark Segment Reset Contention                     0 / 0                 0 / 9                 0 / 9                 0 / 9           ops/s
[700.268s][info][gc,stats    ]  Contention: Mark SeqNum Reset Contention                      0 / 0                 0 / 1                 0 / 1                 0 / 1           ops/s
[700.268s][info][gc,stats    ]    Critical: Allocation Stall                                  0 / 0                 0 / 0                 0 / 0                 0 / 0           ops/s
[700.268s][info][gc,stats    ]    Critical: Allocation Stall                              0.000 / 0.000         0.000 / 0.000         0.000 / 0.000         0.000 / 0.000       ms
[700.268s][info][gc,stats    ]    Critical: GC Locker Stall                                   0 / 0                 0 / 2                 0 / 2                 0 / 2           ops/s
[700.268s][info][gc,stats    ]    Critical: GC Locker Stall                               0.000 / 0.000         0.032 / 0.151         0.043 / 0.151         0.043 / 0.151       ms
[700.268s][info][gc,stats    ]    Critical: Relocation Stall                                  0 / 0                 0 / 0                 0 / 0                 0 / 0           ops/s
[700.268s][info][gc,stats    ]    Critical: Relocation Stall                              0.000 / 0.000         0.000 / 0.000         0.000 / 0.000         0.000 / 0.000       ms
[700.268s][info][gc,stats    ]      Memory: Allocation Rate                                 658 / 962             707 / 1436            677 / 1436            677 / 1436        MB/s
[700.268s][info][gc,stats    ]      Memory: Defragment                                        0 / 0                 0 / 0                 0 / 0                 0 / 0           ops/s
[700.268s][info][gc,stats    ]      Memory: Out Of Memory                                     0 / 0                 0 / 0                 0 / 0                 0 / 0           ops/s
[700.268s][info][gc,stats    ]      Memory: Page Cache Flush                                  0 / 0                 0 / 0                 0 / 0                 0 / 0           MB/s
[700.268s][info][gc,stats    ]      Memory: Page Cache Hit L1                               334 / 481             361 / 718             340 / 718             340 / 718         ops/s
[700.268s][info][gc,stats    ]      Memory: Page Cache Hit L2                                 0 / 0                 0 / 0                 0 / 0                 0 / 0           ops/s
[700.268s][info][gc,stats    ]      Memory: Page Cache Hit L3                                 0 / 0                 0 / 65                5 / 397               5 / 397         ops/s
[700.268s][info][gc,stats    ]      Memory: Page Cache Miss                                   0 / 0                 0 / 0                 0 / 1                 0 / 1           ops/s
[700.268s][info][gc,stats    ]      Memory: Uncommit                                          0 / 0                 0 / 0                 0 / 0                 0 / 0           MB/s
[700.268s][info][gc,stats    ]      Memory: Undo Object Allocation Failed                     0 / 0                 0 / 0                 0 / 0                 0 / 0           ops/s
[700.268s][info][gc,stats    ]      Memory: Undo Object Allocation Succeeded                  0 / 0                 2 / 400               2 / 400               2 / 400         ops/s
[700.268s][info][gc,stats    ]      Memory: Undo Page Allocation                              0 / 0                 0 / 1                 0 / 1                 0 / 1           ops/s
[700.268s][info][gc,stats    ]       Phase: Concurrent Mark                             610.554 / 610.554     833.070 / 5264.294    889.613 / 5264.294    889.613 / 5264.294    ms
[700.268s][info][gc,stats    ]       Phase: Concurrent Mark Continue                      0.000 / 0.000         0.000 / 0.000         0.000 / 0.000         0.000 / 0.000       ms
[700.268s][info][gc,stats    ]       Phase: Concurrent Mark Free                          0.001 / 0.001         0.001 / 0.003         0.001 / 0.003         0.001 / 0.003       ms
[700.268s][info][gc,stats    ]       Phase: Concurrent Process Non-Strong References     15.891 / 15.891       37.050 / 1493.667     34.292 / 1493.667     34.292 / 1493.667    ms
[700.268s][info][gc,stats    ]       Phase: Concurrent Relocate                          69.200 / 69.200       50.378 / 126.633      51.142 / 150.389      51.142 / 150.389     ms
[700.268s][info][gc,stats    ]       Phase: Concurrent Reset Relocation Set               0.188 / 0.188         0.139 / 0.465         0.129 / 0.465         0.129 / 0.465       ms
[700.268s][info][gc,stats    ]       Phase: Concurrent Select Relocation Set              4.793 / 4.793       214.469 / 2796.200    195.957 / 2796.200    195.957 / 2796.200    ms
[700.268s][info][gc,stats    ]       Phase: Pause Mark End                                0.008 / 0.008         0.080 / 4.475         0.071 / 4.475         0.071 / 4.475       ms
[700.268s][info][gc,stats    ]       Phase: Pause Mark Start                              0.004 / 0.004         0.079 / 7.250         0.067 / 7.250         0.067 / 7.250       ms
[700.268s][info][gc,stats    ]       Phase: Pause Relocate Start                          0.005 / 0.005         0.032 / 1.046         0.030 / 1.046         0.030 / 1.046       ms
[700.268s][info][gc,stats    ]    Subphase: Concurrent Classes Purge                      0.908 / 0.908         0.510 / 5.775         0.669 / 5.775         0.669 / 5.775       ms
[700.268s][info][gc,stats    ]    Subphase: Concurrent Classes Unlink                    10.840 / 10.840       28.319 / 1489.339     25.917 / 1489.339     25.917 / 1489.339    ms
[700.268s][info][gc,stats    ]    Subphase: Concurrent Mark                             608.559 / 608.559     795.153 / 5176.991    824.325 / 5176.991    824.325 / 5176.991    ms
[700.268s][info][gc,stats    ]    Subphase: Concurrent Mark Try Flush                     0.079 / 0.094         4.202 / 786.951       3.748 / 786.951       3.748 / 786.951     ms
[700.268s][info][gc,stats    ]    Subphase: Concurrent Mark Try Terminate                 0.047 / 0.095         1.027 / 10.682        1.032 / 12.169        1.032 / 12.169      ms
[700.268s][info][gc,stats    ]    Subphase: Concurrent References Enqueue                 0.002 / 0.002         0.002 / 0.006         0.002 / 0.006         0.002 / 0.006       ms
[700.268s][info][gc,stats    ]    Subphase: Concurrent References Process                 1.308 / 1.308         0.480 / 2.815         0.517 / 2.815         0.517 / 2.815       ms
[700.268s][info][gc,stats    ]    Subphase: Concurrent Roots ClassLoaderDataGraph         0.293 / 0.293         0.722 / 40.174        0.651 / 40.174        0.651 / 40.174      ms
[700.268s][info][gc,stats    ]    Subphase: Concurrent Roots CodeCache                    0.000 / 0.000         0.000 / 0.000         0.000 / 0.000         0.000 / 0.000       ms
[700.268s][info][gc,stats    ]    Subphase: Concurrent Roots JavaThreads                  1.471 / 1.471         8.184 / 441.054       7.243 / 441.054       7.243 / 441.054     ms
[700.269s][info][gc,stats    ]    Subphase: Concurrent Roots OopStorageSet                0.070 / 0.070         1.545 / 136.487       1.322 / 136.487       1.322 / 136.487     ms
[700.269s][info][gc,stats    ]    Subphase: Concurrent Weak Roots OopStorageSet           2.481 / 2.481         1.780 / 11.047        1.763 / 11.047        1.763 / 11.047      ms
[700.269s][info][gc,stats    ]    Subphase: Pause Mark Try Complete                       0.000 / 0.000         0.001 / 0.003         0.001 / 0.003         0.001 / 0.003       ms
[700.269s][info][gc,stats    ]      System: Java Threads                                     83 / 83               78 / 83               75 / 83               75 / 83          threads
[700.269s][info][gc,stats    ] =========================================================================================================================================================
[703.668s][info][gc,start    ] GC(124) Garbage Collection (Allocation Rate)
[703.668s][info][gc,task     ] GC(124) Using 1 workers
[703.668s][info][gc,phases   ] GC(124) Pause Mark Start 0.005ms
[704.293s][info][gc,phases   ] GC(124) Concurrent Mark 625.791ms
[704.294s][info][gc,phases   ] GC(124) Pause Mark End 0.009ms
[704.294s][info][gc,phases   ] GC(124) Concurrent Mark Free 0.000ms
[704.309s][info][gc,phases   ] GC(124) Concurrent Process Non-Strong References 15.227ms
[704.309s][info][gc,phases   ] GC(124) Concurrent Reset Relocation Set 0.177ms
[704.314s][info][gc,phases   ] GC(124) Concurrent Select Relocation Set 4.731ms
[704.314s][info][gc,phases   ] GC(124) Pause Relocate Start 0.005ms
[704.374s][info][gc,phases   ] GC(124) Concurrent Relocate 59.643ms
[704.374s][info][gc,load     ] GC(124) Load: 0.00/0.00/0.00
[704.374s][info][gc,mmu      ] GC(124) MMU: 2ms/0.0%, 5ms/0.0%, 10ms/27.5%, 20ms/63.8%, 50ms/85.5%, 100ms/92.8%
[704.374s][info][gc,marking  ] GC(124) Mark: 1 stripe(s), 2 proactive flush(es), 1 terminate flush(es), 0 completion(s), 0 continuation(s) 
[704.374s][info][gc,marking  ] GC(124) Mark Stack Usage: 32M
[704.374s][info][gc,nmethod  ] GC(124) NMethods: 9958 registered, 129 unregistered
[704.374s][info][gc,metaspace] GC(124) Metaspace: 131M used, 132M committed, 1152M reserved
[704.374s][info][gc,ref      ] GC(124) Soft: 6083 encountered, 0 discovered, 0 enqueued
[704.374s][info][gc,ref      ] GC(124) Weak: 23237 encountered, 929 discovered, 2 enqueued
[704.374s][info][gc,ref      ] GC(124) Final: 34 encountered, 0 discovered, 0 enqueued
[704.374s][info][gc,ref      ] GC(124) Phantom: 810 encountered, 568 discovered, 0 enqueued
[704.374s][info][gc,reloc    ] GC(124) Small Pages: 3515 / 7030M, Empty: 2338M, Relocated: 87M, In-Place: 0
[704.374s][info][gc,reloc    ] GC(124) Medium Pages: 2 / 64M, Empty: 0M, Relocated: 0M, In-Place: 0
[704.374s][info][gc,reloc    ] GC(124) Large Pages: 0 / 0M, Empty: 0M, Relocated: 0M, In-Place: 0
[704.374s][info][gc,reloc    ] GC(124) Forwarding Usage: 27M
[704.374s][info][gc,heap     ] GC(124) Min Capacity: 8192M(100%)
[704.374s][info][gc,heap     ] GC(124) Max Capacity: 8192M(100%)
[704.374s][info][gc,heap     ] GC(124) Soft Max Capacity: 8192M(100%)
[704.374s][info][gc,heap     ] GC(124)                Mark Start          Mark End        Relocate Start      Relocate End           High               Low         
[704.374s][info][gc,heap     ] GC(124)  Capacity:     8192M (100%)       8192M (100%)       8192M (100%)       8192M (100%)       8192M (100%)       8192M (100%)   
[704.374s][info][gc,heap     ] GC(124)      Free:     1098M (13%)         642M (8%)         2972M (36%)        7028M (86%)        7030M (86%)         636M (8%)     
[704.374s][info][gc,heap     ] GC(124)      Used:     7094M (87%)        7550M (92%)        5220M (64%)        1164M (14%)        7556M (92%)        1162M (14%)    
[704.374s][info][gc,heap     ] GC(124)      Live:         -               573M (7%)          573M (7%)          573M (7%)             -                  -          
[704.374s][info][gc,heap     ] GC(124) Allocated:         -               456M (6%)          464M (6%)          510M (6%)             -                  -          
[704.374s][info][gc,heap     ] GC(124)   Garbage:         -              6520M (80%)        4182M (51%)          79M (1%)             -                  -          
[704.374s][info][gc,heap     ] GC(124) Reclaimed:         -                  -              2338M (29%)        6440M (79%)            -                  -          
[704.374s][info][gc          ] GC(124) Garbage Collection (Allocation Rate) 7094M(87%)->1164M(14%)
[710.268s][info][gc,stats    ] === Garbage Collection Statistics =======================================================================================================================
[710.268s][info][gc,stats    ]                                                              Last 10s              Last 10m              Last 10h                Total
[710.268s][info][gc,stats    ]                                                              Avg / Max             Avg / Max             Avg / Max             Avg / Max
[710.268s][info][gc,stats    ]   Collector: Garbage Collection Cycle                    706.035 / 706.035    1130.421 / 7809.708   1176.107 / 7809.708   1176.107 / 7809.708    ms
[710.268s][info][gc,stats    ]  Contention: Mark Segment Reset Contention                     0 / 0                 0 / 9                 0 / 9                 0 / 9           ops/s
[710.268s][info][gc,stats    ]  Contention: Mark SeqNum Reset Contention                      0 / 0                 0 / 1                 0 / 1                 0 / 1           ops/s
[710.268s][info][gc,stats    ]    Critical: Allocation Stall                                  0 / 0                 0 / 0                 0 / 0                 0 / 0           ops/s
[710.268s][info][gc,stats    ]    Critical: Allocation Stall                              0.000 / 0.000         0.000 / 0.000         0.000 / 0.000         0.000 / 0.000       ms
[710.268s][info][gc,stats    ]    Critical: GC Locker Stall                                   0 / 0                 0 / 2                 0 / 2                 0 / 2           ops/s
[710.268s][info][gc,stats    ]    Critical: GC Locker Stall                               0.000 / 0.000         0.032 / 0.151         0.043 / 0.151         0.043 / 0.151       ms
[710.268s][info][gc,stats    ]    Critical: Relocation Stall                                  0 / 0                 0 / 0                 0 / 0                 0 / 0           ops/s
[710.268s][info][gc,stats    ]    Critical: Relocation Stall                              0.000 / 0.000         0.000 / 0.000         0.000 / 0.000         0.000 / 0.000       ms
[710.268s][info][gc,stats    ]      Memory: Allocation Rate                                 881 / 1114            712 / 1436            680 / 1436            680 / 1436        MB/s
[710.268s][info][gc,stats    ]      Memory: Defragment                                        0 / 0                 0 / 0                 0 / 0                 0 / 0           ops/s
[710.268s][info][gc,stats    ]      Memory: Out Of Memory                                     0 / 0                 0 / 0                 0 / 0                 0 / 0           ops/s
[710.268s][info][gc,stats    ]      Memory: Page Cache Flush                                  0 / 0                 0 / 0                 0 / 0                 0 / 0           MB/s
[710.268s][info][gc,stats    ]      Memory: Page Cache Hit L1                               445 / 557             363 / 718             341 / 718             341 / 718         ops/s
[710.268s][info][gc,stats    ]      Memory: Page Cache Hit L2                                 0 / 0                 0 / 0                 0 / 0                 0 / 0           ops/s
[710.268s][info][gc,stats    ]      Memory: Page Cache Hit L3                                 0 / 0                 0 / 65                5 / 397               5 / 397         ops/s
[710.268s][info][gc,stats    ]      Memory: Page Cache Miss                                   0 / 0                 0 / 0                 0 / 1                 0 / 1           ops/s
[710.268s][info][gc,stats    ]      Memory: Uncommit                                          0 / 0                 0 / 0                 0 / 0                 0 / 0           MB/s
[710.269s][info][gc,stats    ]      Memory: Undo Object Allocation Failed                     0 / 0                 0 / 0                 0 / 0                 0 / 0           ops/s
[710.269s][info][gc,stats    ]      Memory: Undo Object Allocation Succeeded                  0 / 4                 2 / 400               2 / 400               2 / 400         ops/s
[710.269s][info][gc,stats    ]      Memory: Undo Page Allocation                              0 / 0                 0 / 1                 0 / 1                 0 / 1           ops/s
[710.269s][info][gc,stats    ]       Phase: Concurrent Mark                             625.791 / 625.791     820.095 / 5264.294    887.503 / 5264.294    887.503 / 5264.294    ms
[710.269s][info][gc,stats    ]       Phase: Concurrent Mark Continue                      0.000 / 0.000         0.000 / 0.000         0.000 / 0.000         0.000 / 0.000       ms
[710.269s][info][gc,stats    ]       Phase: Concurrent Mark Free                          0.000 / 0.000         0.001 / 0.003         0.001 / 0.003         0.001 / 0.003       ms
[710.269s][info][gc,stats    ]       Phase: Concurrent Process Non-Strong References     15.227 / 15.227       37.491 / 1493.667     34.139 / 1493.667     34.139 / 1493.667    ms
[710.269s][info][gc,stats    ]       Phase: Concurrent Relocate                          59.643 / 59.643       50.974 / 126.633      51.210 / 150.389      51.210 / 150.389     ms
[710.269s][info][gc,stats    ]       Phase: Concurrent Reset Relocation Set               0.177 / 0.177         0.140 / 0.465         0.129 / 0.465         0.129 / 0.465       ms
[710.269s][info][gc,stats    ]       Phase: Concurrent Select Relocation Set              4.731 / 4.731       212.088 / 2796.200    194.427 / 2796.200    194.427 / 2796.200    ms
[710.269s][info][gc,stats    ]       Phase: Pause Mark End                                0.009 / 0.009         0.080 / 4.475         0.071 / 4.475         0.071 / 4.475       ms
[710.269s][info][gc,stats    ]       Phase: Pause Mark Start                              0.005 / 0.005         0.080 / 7.250         0.067 / 7.250         0.067 / 7.250       ms
[710.269s][info][gc,stats    ]       Phase: Pause Relocate Start                          0.005 / 0.005         0.033 / 1.046         0.030 / 1.046         0.030 / 1.046       ms
[710.269s][info][gc,stats    ]    Subphase: Concurrent Classes Purge                      0.790 / 0.790         0.518 / 5.775         0.670 / 5.775         0.670 / 5.775       ms
[710.269s][info][gc,stats    ]    Subphase: Concurrent Classes Unlink                    11.677 / 11.677       28.735 / 1489.339     25.803 / 1489.339     25.803 / 1489.339    ms
[710.269s][info][gc,stats    ]    Subphase: Concurrent Mark                             623.890 / 623.890     780.060 / 5176.991    823.384 / 5176.991    823.384 / 5176.991    ms
[710.269s][info][gc,stats    ]    Subphase: Concurrent Mark Try Flush                     0.044 / 0.077         4.184 / 786.951       3.720 / 786.951       3.720 / 786.951     ms
[710.269s][info][gc,stats    ]    Subphase: Concurrent Mark Try Terminate                 0.014 / 0.028         1.022 / 10.682        1.031 / 12.169        1.031 / 12.169      ms
[710.269s][info][gc,stats    ]    Subphase: Concurrent References Enqueue                 0.002 / 0.002         0.002 / 0.006         0.002 / 0.006         0.002 / 0.006       ms
[710.269s][info][gc,stats    ]    Subphase: Concurrent References Process                 0.158 / 0.158         0.476 / 2.815         0.514 / 2.815         0.514 / 2.815       ms
[710.269s][info][gc,stats    ]    Subphase: Concurrent Roots ClassLoaderDataGraph         0.277 / 0.277         0.736 / 40.174        0.650 / 40.174        0.650 / 40.174      ms
[710.269s][info][gc,stats    ]    Subphase: Concurrent Roots CodeCache                    0.000 / 0.000         0.000 / 0.000         0.000 / 0.000         0.000 / 0.000       ms
[710.269s][info][gc,stats    ]    Subphase: Concurrent Roots JavaThreads                  1.440 / 1.440         8.365 / 441.054       7.216 / 441.054       7.216 / 441.054     ms
[710.269s][info][gc,stats    ]    Subphase: Concurrent Roots OopStorageSet                0.077 / 0.077         1.587 / 136.487       1.317 / 136.487       1.317 / 136.487     ms
[710.269s][info][gc,stats    ]    Subphase: Concurrent Weak Roots OopStorageSet           2.327 / 2.327         1.796 / 11.047        1.765 / 11.047        1.765 / 11.047      ms
[710.269s][info][gc,stats    ]    Subphase: Pause Mark Try Complete                       0.000 / 0.000         0.001 / 0.003         0.001 / 0.003         0.001 / 0.003       ms
[710.269s][info][gc,stats    ]      System: Java Threads                                     83 / 83               78 / 83               76 / 83               76 / 83          threads
[710.269s][info][gc,stats    ] =========================================================================================================================================================
[710.368s][info][gc,start    ] GC(125) Garbage Collection (Allocation Rate)
[710.368s][info][gc,task     ] GC(125) Using 2 workers
[710.368s][info][gc,phases   ] GC(125) Pause Mark Start 0.004ms
[710.701s][info][gc,phases   ] GC(125) Concurrent Mark 332.888ms
[710.701s][info][gc,phases   ] GC(125) Pause Mark End 0.009ms
[710.701s][info][gc,phases   ] GC(125) Concurrent Mark Free 0.001ms
[710.713s][info][gc,phases   ] GC(125) Concurrent Process Non-Strong References 11.681ms
[710.713s][info][gc,phases   ] GC(125) Concurrent Reset Relocation Set 0.321ms
[710.730s][info][gc,phases   ] GC(125) Concurrent Select Relocation Set 16.398ms
[710.730s][info][gc,phases   ] GC(125) Pause Relocate Start 0.006ms
[710.780s][info][gc,phases   ] GC(125) Concurrent Relocate 50.479ms
[710.781s][info][gc,load     ] GC(125) Load: 0.00/0.00/0.00
[710.781s][info][gc,mmu      ] GC(125) MMU: 2ms/0.0%, 5ms/0.0%, 10ms/27.5%, 20ms/63.8%, 50ms/85.5%, 100ms/92.8%
[710.781s][info][gc,marking  ] GC(125) Mark: 2 stripe(s), 2 proactive flush(es), 1 terminate flush(es), 0 completion(s), 0 continuation(s) 
[710.781s][info][gc,marking  ] GC(125) Mark Stack Usage: 32M
[710.781s][info][gc,nmethod  ] GC(125) NMethods: 9973 registered, 137 unregistered
[710.781s][info][gc,metaspace] GC(125) Metaspace: 131M used, 132M committed, 1152M reserved
[710.781s][info][gc,ref      ] GC(125) Soft: 6083 encountered, 0 discovered, 0 enqueued
[710.781s][info][gc,ref      ] GC(125) Weak: 23239 encountered, 10701 discovered, 3 enqueued
[710.781s][info][gc,ref      ] GC(125) Final: 34 encountered, 0 discovered, 0 enqueued
[710.781s][info][gc,ref      ] GC(125) Phantom: 816 encountered, 591 discovered, 0 enqueued
[710.781s][info][gc,reloc    ] GC(125) Small Pages: 3418 / 6836M, Empty: 2252M, Relocated: 120M, In-Place: 0
[710.781s][info][gc,reloc    ] GC(125) Medium Pages: 2 / 64M, Empty: 0M, Relocated: 0M, In-Place: 0
[710.781s][info][gc,reloc    ] GC(125) Large Pages: 0 / 0M, Empty: 0M, Relocated: 0M, In-Place: 0
[710.781s][info][gc,reloc    ] GC(125) Forwarding Usage: 34M
[710.781s][info][gc,heap     ] GC(125) Min Capacity: 8192M(100%)
[710.781s][info][gc,heap     ] GC(125) Max Capacity: 8192M(100%)
[710.781s][info][gc,heap     ] GC(125) Soft Max Capacity: 8192M(100%)
[710.781s][info][gc,heap     ] GC(125)                Mark Start          Mark End        Relocate Start      Relocate End           High               Low         
[710.781s][info][gc,heap     ] GC(125)  Capacity:     8192M (100%)       8192M (100%)       8192M (100%)       8192M (100%)       8192M (100%)       8192M (100%)   
[710.781s][info][gc,heap     ] GC(125)      Free:     1292M (16%)        1028M (13%)        3262M (40%)        7198M (88%)        7198M (88%)        1020M (12%)    
[710.781s][info][gc,heap     ] GC(125)      Used:     6900M (84%)        7164M (87%)        4930M (60%)         994M (12%)        7172M (88%)         994M (12%)    
[710.781s][info][gc,heap     ] GC(125)      Live:         -               600M (7%)          600M (7%)          600M (7%)             -                  -          
[710.781s][info][gc,heap     ] GC(125) Allocated:         -               264M (3%)          282M (3%)          314M (4%)             -                  -          
[710.781s][info][gc,heap     ] GC(125)   Garbage:         -              6299M (77%)        4047M (49%)          78M (1%)             -                  -          
[710.781s][info][gc,heap     ] GC(125) Reclaimed:         -                  -              2252M (27%)        6220M (76%)            -                  -          
[710.781s][info][gc          ] GC(125) Garbage Collection (Allocation Rate) 6900M(84%)->994M(12%)
[719.368s][info][gc,start    ] GC(126) Garbage Collection (Allocation Rate)
[719.368s][info][gc,task     ] GC(126) Using 1 workers
[719.368s][info][gc,phases   ] GC(126) Pause Mark Start 0.004ms
[720.019s][info][gc,phases   ] GC(126) Concurrent Mark 650.979ms
[720.019s][info][gc,phases   ] GC(126) Pause Mark End 0.010ms
[720.019s][info][gc,phases   ] GC(126) Concurrent Mark Free 0.000ms
[720.036s][info][gc,phases   ] GC(126) Concurrent Process Non-Strong References 16.663ms
[720.036s][info][gc,phases   ] GC(126) Concurrent Reset Relocation Set 0.163ms
[720.054s][info][gc,phases   ] GC(126) Concurrent Select Relocation Set 17.646ms
[720.054s][info][gc,phases   ] GC(126) Pause Relocate Start 0.005ms
[720.145s][info][gc,phases   ] GC(126) Concurrent Relocate 90.821ms
[720.145s][info][gc,load     ] GC(126) Load: 0.00/0.00/0.00
[720.145s][info][gc,mmu      ] GC(126) MMU: 2ms/0.0%, 5ms/0.0%, 10ms/27.5%, 20ms/63.8%, 50ms/85.5%, 100ms/92.8%
[720.145s][info][gc,marking  ] GC(126) Mark: 1 stripe(s), 2 proactive flush(es), 1 terminate flush(es), 0 completion(s), 0 continuation(s) 
[720.145s][info][gc,marking  ] GC(126) Mark Stack Usage: 32M
[720.145s][info][gc,nmethod  ] GC(126) NMethods: 9978 registered, 143 unregistered
[720.145s][info][gc,metaspace] GC(126) Metaspace: 131M used, 132M committed, 1152M reserved
[720.145s][info][gc,ref      ] GC(126) Soft: 6083 encountered, 0 discovered, 0 enqueued
[720.145s][info][gc,ref      ] GC(126) Weak: 23237 encountered, 929 discovered, 0 enqueued
[720.145s][info][gc,ref      ] GC(126) Final: 34 encountered, 0 discovered, 0 enqueued
[720.145s][info][gc,ref      ] GC(126) Phantom: 816 encountered, 632 discovered, 0 enqueued
[720.145s][info][gc,reloc    ] GC(126) Small Pages: 3413 / 6826M, Empty: 1726M, Relocated: 136M, In-Place: 0
[720.145s][info][gc,reloc    ] GC(126) Medium Pages: 2 / 64M, Empty: 0M, Relocated: 0M, In-Place: 0
[720.145s][info][gc,reloc    ] GC(126) Large Pages: 0 / 0M, Empty: 0M, Relocated: 0M, In-Place: 0
[720.145s][info][gc,reloc    ] GC(126) Forwarding Usage: 43M
[720.145s][info][gc,heap     ] GC(126) Min Capacity: 8192M(100%)
[720.145s][info][gc,heap     ] GC(126) Max Capacity: 8192M(100%)
[720.145s][info][gc,heap     ] GC(126) Soft Max Capacity: 8192M(100%)
[720.145s][info][gc,heap     ] GC(126)                Mark Start          Mark End        Relocate Start      Relocate End           High               Low         
[720.145s][info][gc,heap     ] GC(126)  Capacity:     8192M (100%)       8192M (100%)       8192M (100%)       8192M (100%)       8192M (100%)       8192M (100%)   
[720.145s][info][gc,heap     ] GC(126)      Free:     1302M (16%)         530M (6%)         2188M (27%)        6594M (80%)        6594M (80%)         478M (6%)     
[720.145s][info][gc,heap     ] GC(126)      Used:     6890M (84%)        7662M (94%)        6004M (73%)        1598M (20%)        7714M (94%)        1598M (20%)    
[720.145s][info][gc,heap     ] GC(126)      Live:         -               616M (8%)          616M (8%)          616M (8%)             -                  -          
[720.145s][info][gc,heap     ] GC(126) Allocated:         -               772M (9%)          840M (10%)         904M (11%)            -                  -          
[720.145s][info][gc,heap     ] GC(126)   Garbage:         -              6273M (77%)        4547M (56%)          76M (1%)             -                  -          
[720.145s][info][gc,heap     ] GC(126) Reclaimed:         -                  -              1726M (21%)        6196M (76%)            -                  -          
[720.145s][info][gc          ] GC(126) Garbage Collection (Allocation Rate) 6890M(84%)->1598M(20%)
[720.268s][info][gc,stats    ] === Garbage Collection Statistics =======================================================================================================================
[720.268s][info][gc,stats    ]                                                              Last 10s              Last 10m              Last 10h                Total
[720.268s][info][gc,stats    ]                                                              Avg / Max             Avg / Max             Avg / Max             Avg / Max
[720.268s][info][gc,stats    ]   Collector: Garbage Collection Cycle                    594.650 / 776.896    1112.915 / 7809.708   1166.950 / 7809.708   1166.950 / 7809.708    ms
[720.268s][info][gc,stats    ]  Contention: Mark Segment Reset Contention                     0 / 1                 0 / 9                 0 / 9                 0 / 9           ops/s
[720.268s][info][gc,stats    ]  Contention: Mark SeqNum Reset Contention                      0 / 0                 0 / 1                 0 / 1                 0 / 1           ops/s
[720.268s][info][gc,stats    ]    Critical: Allocation Stall                                  0 / 0                 0 / 0                 0 / 0                 0 / 0           ops/s
[720.268s][info][gc,stats    ]    Critical: Allocation Stall                              0.000 / 0.000         0.000 / 0.000         0.000 / 0.000         0.000 / 0.000       ms
[720.268s][info][gc,stats    ]    Critical: GC Locker Stall                                   0 / 1                 0 / 2                 0 / 2                 0 / 2           ops/s
[720.268s][info][gc,stats    ]    Critical: GC Locker Stall                               0.000 / 0.000         0.031 / 0.151         0.041 / 0.151         0.041 / 0.151       ms
[720.268s][info][gc,stats    ]    Critical: Relocation Stall                                  0 / 0                 0 / 0                 0 / 0                 0 / 0           ops/s
[720.268s][info][gc,stats    ]    Critical: Relocation Stall                              0.000 / 0.000         0.000 / 0.000         0.000 / 0.000         0.000 / 0.000       ms
[720.268s][info][gc,stats    ]      Memory: Allocation Rate                                 733 / 1048            713 / 1436            681 / 1436            681 / 1436        MB/s
[720.268s][info][gc,stats    ]      Memory: Defragment                                        0 / 0                 0 / 0                 0 / 0                 0 / 0           ops/s
[720.268s][info][gc,stats    ]      Memory: Out Of Memory                                     0 / 0                 0 / 0                 0 / 0                 0 / 0           ops/s
[720.268s][info][gc,stats    ]      Memory: Page Cache Flush                                  0 / 0                 0 / 0                 0 / 0                 0 / 0           MB/s
[720.268s][info][gc,stats    ]      Memory: Page Cache Hit L1                               379 / 592             363 / 718             342 / 718             342 / 718         ops/s
[720.268s][info][gc,stats    ]      Memory: Page Cache Hit L2                                 0 / 0                 0 / 0                 0 / 0                 0 / 0           ops/s
[720.268s][info][gc,stats    ]      Memory: Page Cache Hit L3                                 0 / 0                 0 / 65                5 / 397               5 / 397         ops/s
[720.268s][info][gc,stats    ]      Memory: Page Cache Miss                                   0 / 0                 0 / 0                 0 / 1                 0 / 1           ops/s
[720.268s][info][gc,stats    ]      Memory: Uncommit                                          0 / 0                 0 / 0                 0 / 0                 0 / 0           MB/s
[720.268s][info][gc,stats    ]      Memory: Undo Object Allocation Failed                     0 / 0                 0 / 0                 0 / 0                 0 / 0           ops/s
[720.268s][info][gc,stats    ]      Memory: Undo Object Allocation Succeeded                  0 / 1                 2 / 400               2 / 400               2 / 400         ops/s
[720.268s][info][gc,stats    ]      Memory: Undo Page Allocation                              0 / 0                 0 / 1                 0 / 1                 0 / 1           ops/s
[720.268s][info][gc,stats    ]       Phase: Concurrent Mark                             491.934 / 650.979     804.257 / 5264.294    881.274 / 5264.294    881.274 / 5264.294    ms
[720.268s][info][gc,stats    ]       Phase: Concurrent Mark Continue                      0.000 / 0.000         0.000 / 0.000         0.000 / 0.000         0.000 / 0.000       ms
[720.268s][info][gc,stats    ]       Phase: Concurrent Mark Free                          0.001 / 0.001         0.001 / 0.003         0.001 / 0.003         0.001 / 0.003       ms
[720.268s][info][gc,stats    ]       Phase: Concurrent Process Non-Strong References     14.172 / 16.663       37.549 / 1493.667     33.825 / 1493.667     33.825 / 1493.667    ms
[720.268s][info][gc,stats    ]       Phase: Concurrent Relocate                          70.650 / 90.821       51.403 / 126.633      51.517 / 150.389      51.517 / 150.389     ms
[720.268s][info][gc,stats    ]       Phase: Concurrent Reset Relocation Set               0.242 / 0.321         0.143 / 0.465         0.131 / 0.465         0.131 / 0.465       ms
[720.268s][info][gc,stats    ]       Phase: Concurrent Select Relocation Set             17.022 / 17.646      203.811 / 2796.200    191.634 / 2796.200    191.634 / 2796.200    ms
[720.268s][info][gc,stats    ]       Phase: Pause Mark End                                0.009 / 0.010         0.079 / 4.475         0.069 / 4.475         0.069 / 4.475       ms
[720.268s][info][gc,stats    ]       Phase: Pause Mark Start                              0.004 / 0.004         0.080 / 7.250         0.066 / 7.250         0.066 / 7.250       ms
[720.268s][info][gc,stats    ]       Phase: Pause Relocate Start                          0.006 / 0.006         0.033 / 1.046         0.029 / 1.046         0.029 / 1.046       ms
[720.268s][info][gc,stats    ]    Subphase: Concurrent Classes Purge                      0.191 / 0.298         0.517 / 5.775         0.663 / 5.775         0.663 / 5.775       ms
[720.268s][info][gc,stats    ]    Subphase: Concurrent Classes Unlink                    10.940 / 13.112       28.830 / 1489.339     25.569 / 1489.339     25.569 / 1489.339    ms
[720.268s][info][gc,stats    ]    Subphase: Concurrent Mark                             437.034 / 648.556     762.073 / 5176.991    818.018 / 5176.991    818.018 / 5176.991    ms
[720.268s][info][gc,stats    ]    Subphase: Concurrent Mark Try Flush                     0.056 / 0.074         4.148 / 786.951       3.663 / 786.951       3.663 / 786.951     ms
[720.268s][info][gc,stats    ]    Subphase: Concurrent Mark Try Terminate                 0.258 / 1.215         1.021 / 10.682        1.029 / 12.169        1.029 / 12.169      ms
[720.268s][info][gc,stats    ]    Subphase: Concurrent References Enqueue                 0.002 / 0.004         0.002 / 0.006         0.002 / 0.006         0.002 / 0.006       ms
[720.268s][info][gc,stats    ]    Subphase: Concurrent References Process                 0.530 / 0.812         0.476 / 2.815         0.514 / 2.815         0.514 / 2.815       ms
[720.268s][info][gc,stats    ]    Subphase: Concurrent Roots ClassLoaderDataGraph         0.240 / 0.337         0.738 / 40.174        0.644 / 40.174        0.644 / 40.174      ms
[720.268s][info][gc,stats    ]    Subphase: Concurrent Roots CodeCache                    0.000 / 0.000         0.000 / 0.000         0.000 / 0.000         0.000 / 0.000       ms
[720.268s][info][gc,stats    ]    Subphase: Concurrent Roots JavaThreads                  1.348 / 1.871         8.400 / 441.054       7.134 / 441.054       7.134 / 441.054     ms
[720.268s][info][gc,stats    ]    Subphase: Concurrent Roots OopStorageSet                0.074 / 0.075         1.596 / 136.487       1.299 / 136.487       1.299 / 136.487     ms
[720.268s][info][gc,stats    ]    Subphase: Concurrent Weak Roots OopStorageSet           2.022 / 2.716         1.809 / 11.047        1.769 / 11.047        1.769 / 11.047      ms
[720.268s][info][gc,stats    ]    Subphase: Pause Mark Try Complete                       0.000 / 0.000         0.001 / 0.003         0.001 / 0.003         0.001 / 0.003       ms
[720.268s][info][gc,stats    ]      System: Java Threads                                     83 / 83               78 / 83               76 / 83               76 / 83          threads
[720.268s][info][gc,stats    ] =========================================================================================================================================================
[727.367s][info][gc,start    ] GC(127) Garbage Collection (Allocation Rate)
[727.368s][info][gc,task     ] GC(127) Using 1 workers
[727.368s][info][gc,phases   ] GC(127) Pause Mark Start 0.004ms
[727.949s][info][gc,phases   ] GC(127) Concurrent Mark 581.325ms
[727.949s][info][gc,phases   ] GC(127) Pause Mark End 0.009ms
[727.949s][info][gc,phases   ] GC(127) Concurrent Mark Free 0.000ms
[727.966s][info][gc,phases   ] GC(127) Concurrent Process Non-Strong References 16.826ms
[727.966s][info][gc,phases   ] GC(127) Concurrent Reset Relocation Set 0.172ms
[727.971s][info][gc,phases   ] GC(127) Concurrent Select Relocation Set 4.885ms
[727.971s][info][gc,phases   ] GC(127) Pause Relocate Start 0.005ms
[728.030s][info][gc,phases   ] GC(127) Concurrent Relocate 58.844ms
[728.030s][info][gc,load     ] GC(127) Load: 0.00/0.00/0.00
[728.030s][info][gc,mmu      ] GC(127) MMU: 2ms/0.0%, 5ms/0.0%, 10ms/27.5%, 20ms/63.8%, 50ms/85.5%, 100ms/92.8%
[728.030s][info][gc,marking  ] GC(127) Mark: 1 stripe(s), 2 proactive flush(es), 1 terminate flush(es), 0 completion(s), 0 continuation(s) 
[728.030s][info][gc,marking  ] GC(127) Mark Stack Usage: 32M
[728.030s][info][gc,nmethod  ] GC(127) NMethods: 9988 registered, 149 unregistered
[728.030s][info][gc,metaspace] GC(127) Metaspace: 131M used, 132M committed, 1152M reserved
[728.030s][info][gc,ref      ] GC(127) Soft: 6083 encountered, 0 discovered, 0 enqueued
[728.030s][info][gc,ref      ] GC(127) Weak: 23245 encountered, 932 discovered, 5 enqueued
[728.030s][info][gc,ref      ] GC(127) Final: 34 encountered, 0 discovered, 0 enqueued
[728.030s][info][gc,ref      ] GC(127) Phantom: 825 encountered, 620 discovered, 0 enqueued
[728.030s][info][gc,reloc    ] GC(127) Small Pages: 3555 / 7110M, Empty: 2460M, Relocated: 85M, In-Place: 0
[728.030s][info][gc,reloc    ] GC(127) Medium Pages: 2 / 64M, Empty: 0M, Relocated: 0M, In-Place: 0
[728.030s][info][gc,reloc    ] GC(127) Large Pages: 0 / 0M, Empty: 0M, Relocated: 0M, In-Place: 0
[728.030s][info][gc,reloc    ] GC(127) Forwarding Usage: 28M
[728.030s][info][gc,heap     ] GC(127) Min Capacity: 8192M(100%)
[728.030s][info][gc,heap     ] GC(127) Max Capacity: 8192M(100%)
[728.030s][info][gc,heap     ] GC(127) Soft Max Capacity: 8192M(100%)
[728.030s][info][gc,heap     ] GC(127)                Mark Start          Mark End        Relocate Start      Relocate End           High               Low         
[728.030s][info][gc,heap     ] GC(127)  Capacity:     8192M (100%)       8192M (100%)       8192M (100%)       8192M (100%)       8192M (100%)       8192M (100%)   
[728.030s][info][gc,heap     ] GC(127)      Free:     1018M (12%)         606M (7%)         3042M (37%)        7060M (86%)        7064M (86%)         584M (7%)     
[728.030s][info][gc,heap     ] GC(127)      Used:     7174M (88%)        7586M (93%)        5150M (63%)        1132M (14%)        7608M (93%)        1128M (14%)    
[728.030s][info][gc,heap     ] GC(127)      Live:         -               564M (7%)          564M (7%)          564M (7%)             -                  -          
[728.030s][info][gc,heap     ] GC(127) Allocated:         -               412M (5%)          436M (5%)          490M (6%)             -                  -          
[728.030s][info][gc,heap     ] GC(127)   Garbage:         -              6609M (81%)        4149M (51%)          76M (1%)             -                  -          
[728.030s][info][gc,heap     ] GC(127) Reclaimed:         -                  -              2460M (30%)        6532M (80%)            -                  -          
[728.030s][info][gc          ] GC(127) Garbage Collection (Allocation Rate) 7174M(88%)->1132M(14%)
[730.268s][info][gc,stats    ] === Garbage Collection Statistics =======================================================================================================================
[730.268s][info][gc,stats    ]                                                              Last 10s              Last 10m              Last 10h                Total
[730.268s][info][gc,stats    ]                                                              Avg / Max             Avg / Max             Avg / Max             Avg / Max
[730.268s][info][gc,stats    ]   Collector: Garbage Collection Cycle                    662.619 / 662.619    1097.463 / 7809.708   1163.010 / 7809.708   1163.010 / 7809.708    ms
[730.268s][info][gc,stats    ]  Contention: Mark Segment Reset Contention                     0 / 0                 0 / 9                 0 / 9                 0 / 9           ops/s
[730.268s][info][gc,stats    ]  Contention: Mark SeqNum Reset Contention                      0 / 0                 0 / 1                 0 / 1                 0 / 1           ops/s
[730.268s][info][gc,stats    ]    Critical: Allocation Stall                                  0 / 0                 0 / 0                 0 / 0                 0 / 0           ops/s
[730.268s][info][gc,stats    ]    Critical: Allocation Stall                              0.000 / 0.000         0.000 / 0.000         0.000 / 0.000         0.000 / 0.000       ms
[730.268s][info][gc,stats    ]    Critical: GC Locker Stall                                   0 / 1                 0 / 2                 0 / 2                 0 / 2           ops/s
[730.268s][info][gc,stats    ]    Critical: GC Locker Stall                               0.050 / 0.050         0.032 / 0.151         0.041 / 0.151         0.041 / 0.151       ms
[730.268s][info][gc,stats    ]    Critical: Relocation Stall                                  0 / 0                 0 / 0                 0 / 0                 0 / 0           ops/s
[730.268s][info][gc,stats    ]    Critical: Relocation Stall                              0.000 / 0.000         0.000 / 0.000         0.000 / 0.000         0.000 / 0.000       ms
[730.268s][info][gc,stats    ]      Memory: Allocation Rate                                 764 / 984             715 / 1436            682 / 1436            682 / 1436        MB/s
[730.268s][info][gc,stats    ]      Memory: Defragment                                        0 / 0                 0 / 0                 0 / 0                 0 / 0           ops/s
[730.268s][info][gc,stats    ]      Memory: Out Of Memory                                     0 / 0                 0 / 0                 0 / 0                 0 / 0           ops/s
[730.268s][info][gc,stats    ]      Memory: Page Cache Flush                                  0 / 0                 0 / 0                 0 / 0                 0 / 0           MB/s
[730.268s][info][gc,stats    ]      Memory: Page Cache Hit L1                               386 / 492             365 / 718             342 / 718             342 / 718         ops/s
[730.268s][info][gc,stats    ]      Memory: Page Cache Hit L2                                 0 / 0                 0 / 0                 0 / 0                 0 / 0           ops/s
[730.268s][info][gc,stats    ]      Memory: Page Cache Hit L3                                 0 / 0                 0 / 65                5 / 397               5 / 397         ops/s
[730.268s][info][gc,stats    ]      Memory: Page Cache Miss                                   0 / 0                 0 / 0                 0 / 1                 0 / 1           ops/s
[730.268s][info][gc,stats    ]      Memory: Uncommit                                          0 / 0                 0 / 0                 0 / 0                 0 / 0           MB/s
[730.268s][info][gc,stats    ]      Memory: Undo Object Allocation Failed                     0 / 0                 0 / 0                 0 / 0                 0 / 0           ops/s
[730.268s][info][gc,stats    ]      Memory: Undo Object Allocation Succeeded                  0 / 0                 2 / 400               2 / 400               2 / 400         ops/s
[730.268s][info][gc,stats    ]      Memory: Undo Page Allocation                              0 / 0                 0 / 1                 0 / 1                 0 / 1           ops/s
[730.268s][info][gc,stats    ]       Phase: Concurrent Mark                             581.325 / 581.325     799.613 / 5264.294    878.930 / 5264.294    878.930 / 5264.294    ms
[730.268s][info][gc,stats    ]       Phase: Concurrent Mark Continue                      0.000 / 0.000         0.000 / 0.000         0.000 / 0.000         0.000 / 0.000       ms
[730.268s][info][gc,stats    ]       Phase: Concurrent Mark Free                          0.000 / 0.000         0.001 / 0.003         0.001 / 0.003         0.001 / 0.003       ms
[730.268s][info][gc,stats    ]       Phase: Concurrent Process Non-Strong References     16.826 / 16.826       37.567 / 1493.667     33.692 / 1493.667     33.692 / 1493.667    ms
[730.268s][info][gc,stats    ]       Phase: Concurrent Relocate                          58.844 / 58.844       51.627 / 126.633      51.574 / 150.389      51.574 / 150.389     ms
[730.268s][info][gc,stats    ]       Phase: Concurrent Reset Relocation Set               0.172 / 0.172         0.144 / 0.465         0.132 / 0.465         0.132 / 0.465       ms
[730.268s][info][gc,stats    ]       Phase: Concurrent Select Relocation Set              4.885 / 4.885       198.967 / 2796.200    190.175 / 2796.200    190.175 / 2796.200    ms
[730.268s][info][gc,stats    ]       Phase: Pause Mark End                                0.009 / 0.009         0.079 / 4.475         0.069 / 4.475         0.069 / 4.475       ms
[730.268s][info][gc,stats    ]       Phase: Pause Mark Start                              0.004 / 0.004         0.081 / 7.250         0.065 / 7.250         0.065 / 7.250       ms
[730.268s][info][gc,stats    ]       Phase: Pause Relocate Start                          0.005 / 0.005         0.033 / 1.046         0.029 / 1.046         0.029 / 1.046       ms
[730.268s][info][gc,stats    ]    Subphase: Concurrent Classes Purge                      0.676 / 0.676         0.522 / 5.775         0.663 / 5.775         0.663 / 5.775       ms
[730.268s][info][gc,stats    ]    Subphase: Concurrent Classes Unlink                    12.869 / 12.869       28.900 / 1489.339     25.470 / 1489.339     25.470 / 1489.339    ms
[730.268s][info][gc,stats    ]    Subphase: Concurrent Mark                             579.422 / 579.422     757.607 / 5176.991    816.918 / 5176.991    816.918 / 5176.991    ms
[730.268s][info][gc,stats    ]    Subphase: Concurrent Mark Try Flush                     0.050 / 0.081         4.127 / 786.951       3.636 / 786.951       3.636 / 786.951     ms
[730.268s][info][gc,stats    ]    Subphase: Concurrent Mark Try Terminate                 0.007 / 0.014         1.020 / 10.682        1.028 / 12.169        1.028 / 12.169      ms
[730.268s][info][gc,stats    ]    Subphase: Concurrent References Enqueue                 0.002 / 0.002         0.002 / 0.006         0.002 / 0.006         0.002 / 0.006       ms
[730.268s][info][gc,stats    ]    Subphase: Concurrent References Process                 0.285 / 0.285         0.474 / 2.815         0.512 / 2.815         0.512 / 2.815       ms
[730.268s][info][gc,stats    ]    Subphase: Concurrent Roots ClassLoaderDataGraph         0.282 / 0.282         0.747 / 40.174        0.642 / 40.174        0.642 / 40.174      ms
[730.268s][info][gc,stats    ]    Subphase: Concurrent Roots CodeCache                    0.000 / 0.000         0.000 / 0.000         0.000 / 0.000         0.000 / 0.000       ms
[730.268s][info][gc,stats    ]    Subphase: Concurrent Roots JavaThreads                  1.432 / 1.432         8.518 / 441.054       7.108 / 441.054       7.108 / 441.054     ms
[730.268s][info][gc,stats    ]    Subphase: Concurrent Roots OopStorageSet                0.080 / 0.080         1.623 / 136.487       1.294 / 136.487       1.294 / 136.487     ms
[730.268s][info][gc,stats    ]    Subphase: Concurrent Weak Roots OopStorageSet           2.783 / 2.783         1.819 / 11.047        1.774 / 11.047        1.774 / 11.047      ms
[730.268s][info][gc,stats    ]    Subphase: Pause Mark Try Complete                       0.000 / 0.000         0.001 / 0.003         0.001 / 0.003         0.001 / 0.003       ms
[730.268s][info][gc,stats    ]      System: Java Threads                                     83 / 83               78 / 83               76 / 83               76 / 83          threads
[730.268s][info][gc,stats    ] =========================================================================================================================================================
[734.667s][info][gc,start    ] GC(128) Garbage Collection (Allocation Rate)
[734.668s][info][gc,task     ] GC(128) Using 2 workers
[734.668s][info][gc,phases   ] GC(128) Pause Mark Start 0.004ms
[735.063s][info][gc,phases   ] GC(128) Concurrent Mark 395.742ms
[735.063s][info][gc,phases   ] GC(128) Pause Mark End 0.009ms
[735.064s][info][gc,phases   ] GC(128) Concurrent Mark Free 0.000ms
[735.073s][info][gc,phases   ] GC(128) Concurrent Process Non-Strong References 9.463ms
[735.073s][info][gc,phases   ] GC(128) Concurrent Reset Relocation Set 0.153ms
[735.089s][info][gc,phases   ] GC(128) Concurrent Select Relocation Set 15.461ms
[735.089s][info][gc,phases   ] GC(128) Pause Relocate Start 0.006ms
[735.140s][info][gc,phases   ] GC(128) Concurrent Relocate 51.340ms
[735.140s][info][gc,load     ] GC(128) Load: 0.00/0.00/0.00
[735.140s][info][gc,mmu      ] GC(128) MMU: 2ms/0.0%, 5ms/0.0%, 10ms/27.5%, 20ms/63.8%, 50ms/85.5%, 100ms/92.8%
[735.140s][info][gc,marking  ] GC(128) Mark: 2 stripe(s), 2 proactive flush(es), 1 terminate flush(es), 0 completion(s), 0 continuation(s) 
[735.140s][info][gc,marking  ] GC(128) Mark Stack Usage: 32M
[735.140s][info][gc,nmethod  ] GC(128) NMethods: 10033 registered, 158 unregistered
[735.140s][info][gc,metaspace] GC(128) Metaspace: 131M used, 132M committed, 1152M reserved
[735.140s][info][gc,ref      ] GC(128) Soft: 6083 encountered, 0 discovered, 0 enqueued
[735.140s][info][gc,ref      ] GC(128) Weak: 23243 encountered, 6093 discovered, 1 enqueued
[735.140s][info][gc,ref      ] GC(128) Final: 34 encountered, 0 discovered, 0 enqueued
[735.140s][info][gc,ref      ] GC(128) Phantom: 831 encountered, 674 discovered, 0 enqueued
[735.140s][info][gc,reloc    ] GC(128) Small Pages: 3510 / 7020M, Empty: 2486M, Relocated: 118M, In-Place: 0
[735.140s][info][gc,reloc    ] GC(128) Medium Pages: 2 / 64M, Empty: 0M, Relocated: 0M, In-Place: 0
[735.140s][info][gc,reloc    ] GC(128) Large Pages: 0 / 0M, Empty: 0M, Relocated: 0M, In-Place: 0
[735.140s][info][gc,reloc    ] GC(128) Forwarding Usage: 38M
[735.140s][info][gc,heap     ] GC(128) Min Capacity: 8192M(100%)
[735.140s][info][gc,heap     ] GC(128) Max Capacity: 8192M(100%)
[735.140s][info][gc,heap     ] GC(128) Soft Max Capacity: 8192M(100%)
[735.140s][info][gc,heap     ] GC(128)                Mark Start          Mark End        Relocate Start      Relocate End           High               Low         
[735.140s][info][gc,heap     ] GC(128)  Capacity:     8192M (100%)       8192M (100%)       8192M (100%)       8192M (100%)       8192M (100%)       8192M (100%)   
[735.140s][info][gc,heap     ] GC(128)      Free:     1108M (14%)         374M (5%)         2844M (35%)        6684M (82%)        6684M (82%)         366M (4%)     
[735.140s][info][gc,heap     ] GC(128)      Used:     7084M (86%)        7818M (95%)        5348M (65%)        1508M (18%)        7826M (96%)        1508M (18%)    
[735.140s][info][gc,heap     ] GC(128)      Live:         -               651M (8%)          651M (8%)          651M (8%)             -                  -          
[735.140s][info][gc,heap     ] GC(128) Allocated:         -               734M (9%)          750M (9%)          770M (9%)             -                  -          
[735.140s][info][gc,heap     ] GC(128)   Garbage:         -              6432M (79%)        3946M (48%)          85M (1%)             -                  -          
[735.140s][info][gc,heap     ] GC(128) Reclaimed:         -                  -              2486M (30%)        6346M (77%)            -                  -          
[735.140s][info][gc          ] GC(128) Garbage Collection (Allocation Rate) 7084M(86%)->1508M(18%)
[740.268s][info][gc,stats    ] === Garbage Collection Statistics =======================================================================================================================
[740.268s][info][gc,stats    ]                                                              Last 10s              Last 10m              Last 10h                Total
[740.268s][info][gc,stats    ]                                                              Avg / Max             Avg / Max             Avg / Max             Avg / Max
[740.268s][info][gc,stats    ]   Collector: Garbage Collection Cycle                    472.731 / 472.731    1093.458 / 7809.708   1157.659 / 7809.708   1157.659 / 7809.708    ms
[740.268s][info][gc,stats    ]  Contention: Mark Segment Reset Contention                     0 / 1                 0 / 9                 0 / 9                 0 / 9           ops/s
[740.268s][info][gc,stats    ]  Contention: Mark SeqNum Reset Contention                      0 / 0                 0 / 1                 0 / 1                 0 / 1           ops/s
[740.268s][info][gc,stats    ]    Critical: Allocation Stall                                  0 / 0                 0 / 0                 0 / 0                 0 / 0           ops/s
[740.268s][info][gc,stats    ]    Critical: Allocation Stall                              0.000 / 0.000         0.000 / 0.000         0.000 / 0.000         0.000 / 0.000       ms
[740.268s][info][gc,stats    ]    Critical: GC Locker Stall                                   0 / 0                 0 / 2                 0 / 2                 0 / 2           ops/s
[740.268s][info][gc,stats    ]    Critical: GC Locker Stall                               0.000 / 0.000         0.033 / 0.151         0.041 / 0.151         0.041 / 0.151       ms
[740.268s][info][gc,stats    ]    Critical: Relocation Stall                                  0 / 0                 0 / 0                 0 / 0                 0 / 0           ops/s
[740.268s][info][gc,stats    ]    Critical: Relocation Stall                              0.000 / 0.000         0.000 / 0.000         0.000 / 0.000         0.000 / 0.000       ms
[740.268s][info][gc,stats    ]      Memory: Allocation Rate                                 971 / 1502            723 / 1502            686 / 1502            686 / 1502        MB/s
[740.268s][info][gc,stats    ]      Memory: Defragment                                        0 / 0                 0 / 0                 0 / 0                 0 / 0           ops/s
[740.268s][info][gc,stats    ]      Memory: Out Of Memory                                     0 / 0                 0 / 0                 0 / 0                 0 / 0           ops/s
[740.268s][info][gc,stats    ]      Memory: Page Cache Flush                                  0 / 0                 0 / 0                 0 / 0                 0 / 0           MB/s
[740.268s][info][gc,stats    ]      Memory: Page Cache Hit L1                               491 / 811             368 / 811             344 / 811             344 / 811         ops/s
[740.268s][info][gc,stats    ]      Memory: Page Cache Hit L2                                 0 / 0                 0 / 0                 0 / 0                 0 / 0           ops/s
[740.268s][info][gc,stats    ]      Memory: Page Cache Hit L3                                 0 / 0                 0 / 65                5 / 397               5 / 397         ops/s
[740.268s][info][gc,stats    ]      Memory: Page Cache Miss                                   0 / 0                 0 / 0                 0 / 1                 0 / 1           ops/s
[740.268s][info][gc,stats    ]      Memory: Uncommit                                          0 / 0                 0 / 0                 0 / 0                 0 / 0           MB/s
[740.268s][info][gc,stats    ]      Memory: Undo Object Allocation Failed                     0 / 0                 0 / 0                 0 / 0                 0 / 0           ops/s
[740.268s][info][gc,stats    ]      Memory: Undo Object Allocation Succeeded                  0 / 2                 2 / 400               2 / 400               2 / 400         ops/s
[740.268s][info][gc,stats    ]      Memory: Undo Page Allocation                              0 / 0                 0 / 1                 0 / 1                 0 / 1           ops/s
[740.268s][info][gc,stats    ]       Phase: Concurrent Mark                             395.742 / 395.742     778.063 / 5264.294    875.185 / 5264.294    875.185 / 5264.294    ms
[740.268s][info][gc,stats    ]       Phase: Concurrent Mark Continue                      0.000 / 0.000         0.000 / 0.000         0.000 / 0.000         0.000 / 0.000       ms
[740.268s][info][gc,stats    ]       Phase: Concurrent Mark Free                          0.000 / 0.000         0.001 / 0.003         0.001 / 0.003         0.001 / 0.003       ms
[740.268s][info][gc,stats    ]       Phase: Concurrent Process Non-Strong References      9.463 / 9.463        37.812 / 1493.667     33.504 / 1493.667     33.504 / 1493.667    ms
[740.268s][info][gc,stats    ]       Phase: Concurrent Relocate                          51.340 / 51.340       51.764 / 126.633      51.572 / 150.389      51.572 / 150.389     ms
[740.268s][info][gc,stats    ]       Phase: Concurrent Reset Relocation Set               0.153 / 0.153         0.145 / 0.465         0.132 / 0.465         0.132 / 0.465       ms
[740.268s][info][gc,stats    ]       Phase: Concurrent Select Relocation Set             15.461 / 15.461      199.079 / 2796.200    188.820 / 2796.200    188.820 / 2796.200    ms
[740.268s][info][gc,stats    ]       Phase: Pause Mark End                                0.009 / 0.009         0.079 / 4.475         0.069 / 4.475         0.069 / 4.475       ms
[740.268s][info][gc,stats    ]       Phase: Pause Mark Start                              0.004 / 0.004         0.081 / 7.250         0.065 / 7.250         0.065 / 7.250       ms
[740.268s][info][gc,stats    ]       Phase: Pause Relocate Start                          0.006 / 0.006         0.033 / 1.046         0.029 / 1.046         0.029 / 1.046       ms
[740.268s][info][gc,stats    ]    Subphase: Concurrent Classes Purge                      0.944 / 0.944         0.532 / 5.775         0.665 / 5.775         0.665 / 5.775       ms
[740.268s][info][gc,stats    ]    Subphase: Concurrent Classes Unlink                     6.399 / 6.399        29.113 / 1489.339     25.322 / 1489.339     25.322 / 1489.339    ms
[740.268s][info][gc,stats    ]    Subphase: Concurrent Mark                             394.002 / 394.545     731.440 / 5176.991    813.056 / 5176.991    813.056 / 5176.991    ms
[740.268s][info][gc,stats    ]    Subphase: Concurrent Mark Try Flush                     0.183 / 0.365         4.155 / 786.951       3.610 / 786.951       3.610 / 786.951     ms
[740.268s][info][gc,stats    ]    Subphase: Concurrent Mark Try Terminate                 0.648 / 1.577         1.021 / 10.682        1.027 / 12.169        1.027 / 12.169      ms
[740.268s][info][gc,stats    ]    Subphase: Concurrent References Enqueue                 0.001 / 0.001         0.002 / 0.006         0.002 / 0.006         0.002 / 0.006       ms
[740.268s][info][gc,stats    ]    Subphase: Concurrent References Process                 0.463 / 0.463         0.476 / 2.815         0.512 / 2.815         0.512 / 2.815       ms
[740.269s][info][gc,stats    ]    Subphase: Concurrent Roots ClassLoaderDataGraph         0.210 / 0.338         0.747 / 40.174        0.638 / 40.174        0.638 / 40.174      ms
[740.269s][info][gc,stats    ]    Subphase: Concurrent Roots CodeCache                    0.000 / 0.000         0.000 / 0.000         0.000 / 0.000         0.000 / 0.000       ms
[740.269s][info][gc,stats    ]    Subphase: Concurrent Roots JavaThreads                  0.865 / 0.993         8.508 / 441.054       7.051 / 441.054       7.051 / 441.054     ms
[740.269s][info][gc,stats    ]    Subphase: Concurrent Roots OopStorageSet                0.053 / 0.066         1.623 / 136.487       1.282 / 136.487       1.282 / 136.487     ms
[740.269s][info][gc,stats    ]    Subphase: Concurrent Weak Roots OopStorageSet           1.227 / 1.245         1.822 / 11.047        1.769 / 11.047        1.769 / 11.047      ms
[740.269s][info][gc,stats    ]    Subphase: Pause Mark Try Complete                       0.000 / 0.000         0.001 / 0.003         0.001 / 0.003         0.001 / 0.003       ms
[740.269s][info][gc,stats    ]      System: Java Threads                                     83 / 83               78 / 83               76 / 83               76 / 83          threads
[740.269s][info][gc,stats    ] =========================================================================================================================================================
[740.568s][info][gc,start    ] GC(129) Garbage Collection (Allocation Rate)
[740.568s][info][gc,task     ] GC(129) Using 1 workers
[740.568s][info][gc,phases   ] GC(129) Pause Mark Start 0.009ms
[741.253s][info][gc,phases   ] GC(129) Concurrent Mark 684.234ms
[741.253s][info][gc,phases   ] GC(129) Pause Mark End 0.008ms
[741.253s][info][gc,phases   ] GC(129) Concurrent Mark Free 0.001ms
[741.267s][info][gc,phases   ] GC(129) Concurrent Process Non-Strong References 14.428ms
[741.267s][info][gc,phases   ] GC(129) Concurrent Reset Relocation Set 0.146ms
[741.273s][info][gc,phases   ] GC(129) Concurrent Select Relocation Set 5.435ms
[741.273s][info][gc,phases   ] GC(129) Pause Relocate Start 0.006ms
[741.345s][info][gc,phases   ] GC(129) Concurrent Relocate 72.013ms
[741.345s][info][gc,load     ] GC(129) Load: 0.00/0.00/0.00
[741.345s][info][gc,mmu      ] GC(129) MMU: 2ms/0.0%, 5ms/0.0%, 10ms/27.5%, 20ms/63.8%, 50ms/85.5%, 100ms/92.8%
[741.345s][info][gc,marking  ] GC(129) Mark: 1 stripe(s), 2 proactive flush(es), 1 terminate flush(es), 0 completion(s), 0 continuation(s) 
[741.345s][info][gc,marking  ] GC(129) Mark Stack Usage: 32M
[741.345s][info][gc,nmethod  ] GC(129) NMethods: 10039 registered, 163 unregistered
[741.345s][info][gc,metaspace] GC(129) Metaspace: 131M used, 132M committed, 1152M reserved
[741.345s][info][gc,ref      ] GC(129) Soft: 6083 encountered, 0 discovered, 0 enqueued
[741.345s][info][gc,ref      ] GC(129) Weak: 23242 encountered, 928 discovered, 0 enqueued
[741.345s][info][gc,ref      ] GC(129) Final: 34 encountered, 0 discovered, 0 enqueued
[741.345s][info][gc,ref      ] GC(129) Phantom: 831 encountered, 635 discovered, 0 enqueued
[741.345s][info][gc,reloc    ] GC(129) Small Pages: 3213 / 6426M, Empty: 2072M, Relocated: 106M, In-Place: 0
[741.345s][info][gc,reloc    ] GC(129) Medium Pages: 2 / 64M, Empty: 0M, Relocated: 0M, In-Place: 0
[741.345s][info][gc,reloc    ] GC(129) Large Pages: 0 / 0M, Empty: 0M, Relocated: 0M, In-Place: 0
[741.345s][info][gc,reloc    ] GC(129) Forwarding Usage: 34M
[741.345s][info][gc,heap     ] GC(129) Min Capacity: 8192M(100%)
[741.345s][info][gc,heap     ] GC(129) Max Capacity: 8192M(100%)
[741.345s][info][gc,heap     ] GC(129) Soft Max Capacity: 8192M(100%)
[741.345s][info][gc,heap     ] GC(129)                Mark Start          Mark End        Relocate Start      Relocate End           High               Low         
[741.345s][info][gc,heap     ] GC(129)  Capacity:     8192M (100%)       8192M (100%)       8192M (100%)       8192M (100%)       8192M (100%)       8192M (100%)   
[741.345s][info][gc,heap     ] GC(129)      Free:     1702M (21%)         942M (11%)        3006M (37%)        6702M (82%)        6702M (82%)         938M (11%)    
[741.345s][info][gc,heap     ] GC(129)      Used:     6490M (79%)        7250M (89%)        5186M (63%)        1490M (18%)        7254M (89%)        1490M (18%)    
[741.345s][info][gc,heap     ] GC(129)      Live:         -               588M (7%)          588M (7%)          588M (7%)             -                  -          
[741.345s][info][gc,heap     ] GC(129) Allocated:         -               760M (9%)          768M (9%)          824M (10%)            -                  -          
[741.345s][info][gc,heap     ] GC(129)   Garbage:         -              5901M (72%)        3829M (47%)          77M (1%)             -                  -          
[741.345s][info][gc,heap     ] GC(129) Reclaimed:         -                  -              2072M (25%)        5824M (71%)            -                  -          
[741.345s][info][gc          ] GC(129) Garbage Collection (Allocation Rate) 6490M(79%)->1490M(18%)
[747.268s][info][gc,start    ] GC(130) Garbage Collection (Allocation Rate)
[747.268s][info][gc,task     ] GC(130) Using 1 workers
[747.268s][info][gc,phases   ] GC(130) Pause Mark Start 0.004ms
[747.920s][info][gc,phases   ] GC(130) Concurrent Mark 651.781ms
[747.920s][info][gc,phases   ] GC(130) Pause Mark End 0.009ms
[747.920s][info][gc,phases   ] GC(130) Concurrent Mark Free 0.000ms
[747.942s][info][gc,phases   ] GC(130) Concurrent Process Non-Strong References 22.003ms
[747.942s][info][gc,phases   ] GC(130) Concurrent Reset Relocation Set 0.396ms
[747.968s][info][gc,phases   ] GC(130) Concurrent Select Relocation Set 25.067ms
[747.968s][info][gc,phases   ] GC(130) Pause Relocate Start 0.006ms
[748.064s][info][gc,phases   ] GC(130) Concurrent Relocate 96.713ms
[748.064s][info][gc,load     ] GC(130) Load: 0.00/0.00/0.00
[748.064s][info][gc,mmu      ] GC(130) MMU: 2ms/0.0%, 5ms/0.0%, 10ms/27.5%, 20ms/63.8%, 50ms/85.5%, 100ms/92.8%
[748.065s][info][gc,marking  ] GC(130) Mark: 1 stripe(s), 2 proactive flush(es), 1 terminate flush(es), 0 completion(s), 0 continuation(s) 
[748.065s][info][gc,marking  ] GC(130) Mark Stack Usage: 32M
[748.065s][info][gc,nmethod  ] GC(130) NMethods: 10047 registered, 166 unregistered
[748.065s][info][gc,metaspace] GC(130) Metaspace: 131M used, 132M committed, 1152M reserved
[748.065s][info][gc,ref      ] GC(130) Soft: 6083 encountered, 0 discovered, 0 enqueued
[748.065s][info][gc,ref      ] GC(130) Weak: 23244 encountered, 12455 discovered, 2 enqueued
[748.065s][info][gc,ref      ] GC(130) Final: 34 encountered, 0 discovered, 0 enqueued
[748.065s][info][gc,ref      ] GC(130) Phantom: 834 encountered, 556 discovered, 0 enqueued
[748.065s][info][gc,reloc    ] GC(130) Small Pages: 3425 / 6850M, Empty: 2048M, Relocated: 132M, In-Place: 0
[748.065s][info][gc,reloc    ] GC(130) Medium Pages: 2 / 64M, Empty: 0M, Relocated: 0M, In-Place: 0
[748.065s][info][gc,reloc    ] GC(130) Large Pages: 0 / 0M, Empty: 0M, Relocated: 0M, In-Place: 0
[748.065s][info][gc,reloc    ] GC(130) Forwarding Usage: 40M
[748.065s][info][gc,heap     ] GC(130) Min Capacity: 8192M(100%)
[748.065s][info][gc,heap     ] GC(130) Max Capacity: 8192M(100%)
[748.065s][info][gc,heap     ] GC(130) Soft Max Capacity: 8192M(100%)
[748.065s][info][gc,heap     ] GC(130)                Mark Start          Mark End        Relocate Start      Relocate End           High               Low         
[748.065s][info][gc,heap     ] GC(130)  Capacity:     8192M (100%)       8192M (100%)       8192M (100%)       8192M (100%)       8192M (100%)       8192M (100%)   
[748.065s][info][gc,heap     ] GC(130)      Free:     1278M (16%)         710M (9%)         2728M (33%)        6822M (83%)        6824M (83%)         696M (8%)     
[748.065s][info][gc,heap     ] GC(130)      Used:     6914M (84%)        7482M (91%)        5464M (67%)        1370M (17%)        7496M (92%)        1368M (17%)    
[748.065s][info][gc,heap     ] GC(130)      Live:         -               617M (8%)          617M (8%)          617M (8%)             -                  -          
[748.065s][info][gc,heap     ] GC(130) Allocated:         -               568M (7%)          598M (7%)          671M (8%)             -                  -          
[748.065s][info][gc,heap     ] GC(130)   Garbage:         -              6296M (77%)        4248M (52%)          80M (1%)             -                  -          
[748.065s][info][gc,heap     ] GC(130) Reclaimed:         -                  -              2048M (25%)        6215M (76%)            -                  -          
[748.065s][info][gc          ] GC(130) Garbage Collection (Allocation Rate) 6914M(84%)->1370M(17%)
[750.267s][info][gc,stats    ] === Garbage Collection Statistics =======================================================================================================================
[750.267s][info][gc,stats    ]                                                              Last 10s              Last 10m              Last 10h                Total
[750.267s][info][gc,stats    ]                                                              Avg / Max             Avg / Max             Avg / Max             Avg / Max
[750.267s][info][gc,stats    ]   Collector: Garbage Collection Cycle                    786.789 / 796.647    1071.860 / 7809.708   1151.997 / 7809.708   1151.997 / 7809.708    ms
[750.267s][info][gc,stats    ]  Contention: Mark Segment Reset Contention                     0 / 0                 0 / 9                 0 / 9                 0 / 9           ops/s
[750.267s][info][gc,stats    ]  Contention: Mark SeqNum Reset Contention                      0 / 0                 0 / 1                 0 / 1                 0 / 1           ops/s
[750.267s][info][gc,stats    ]    Critical: Allocation Stall                                  0 / 0                 0 / 0                 0 / 0                 0 / 0           ops/s
[750.267s][info][gc,stats    ]    Critical: Allocation Stall                              0.000 / 0.000         0.000 / 0.000         0.000 / 0.000         0.000 / 0.000       ms
[750.267s][info][gc,stats    ]    Critical: GC Locker Stall                                   0 / 1                 0 / 2                 0 / 2                 0 / 2           ops/s
[750.267s][info][gc,stats    ]    Critical: GC Locker Stall                               0.001 / 0.001         0.030 / 0.151         0.040 / 0.151         0.040 / 0.151       ms
[750.267s][info][gc,stats    ]    Critical: Relocation Stall                                  0 / 0                 0 / 0                 0 / 0                 0 / 0           ops/s
[750.267s][info][gc,stats    ]    Critical: Relocation Stall                              0.000 / 0.000         0.000 / 0.000         0.000 / 0.000         0.000 / 0.000       ms
[750.267s][info][gc,stats    ]      Memory: Allocation Rate                                 908 / 1294            725 / 1502            689 / 1502            689 / 1502        MB/s
[750.267s][info][gc,stats    ]      Memory: Defragment                                        0 / 0                 0 / 0                 0 / 0                 0 / 0           ops/s
[750.267s][info][gc,stats    ]      Memory: Out Of Memory                                     0 / 0                 0 / 0                 0 / 0                 0 / 0           ops/s
[750.267s][info][gc,stats    ]      Memory: Page Cache Flush                                  0 / 0                 0 / 0                 0 / 0                 0 / 0           MB/s
[750.268s][info][gc,stats    ]      Memory: Page Cache Hit L1                               466 / 647             370 / 811             346 / 811             346 / 811         ops/s
[750.268s][info][gc,stats    ]      Memory: Page Cache Hit L2                                 0 / 0                 0 / 0                 0 / 0                 0 / 0           ops/s
[750.268s][info][gc,stats    ]      Memory: Page Cache Hit L3                                 0 / 0                 0 / 65                5 / 397               5 / 397         ops/s
[750.268s][info][gc,stats    ]      Memory: Page Cache Miss                                   0 / 0                 0 / 0                 0 / 1                 0 / 1           ops/s
[750.268s][info][gc,stats    ]      Memory: Uncommit                                          0 / 0                 0 / 0                 0 / 0                 0 / 0           MB/s
[750.268s][info][gc,stats    ]      Memory: Undo Object Allocation Failed                     0 / 0                 0 / 0                 0 / 0                 0 / 0           ops/s
[750.268s][info][gc,stats    ]      Memory: Undo Object Allocation Succeeded                  0 / 1                 2 / 400               2 / 400               2 / 400         ops/s
[750.268s][info][gc,stats    ]      Memory: Undo Page Allocation                              0 / 0                 0 / 1                 0 / 1                 0 / 1           ops/s
[750.268s][info][gc,stats    ]       Phase: Concurrent Mark                             668.008 / 684.234     780.713 / 5264.294    872.022 / 5264.294    872.022 / 5264.294    ms
[750.268s][info][gc,stats    ]       Phase: Concurrent Mark Continue                      0.000 / 0.000         0.000 / 0.000         0.000 / 0.000         0.000 / 0.000       ms
[750.268s][info][gc,stats    ]       Phase: Concurrent Mark Free                          0.000 / 0.001         0.001 / 0.003         0.001 / 0.003         0.001 / 0.003       ms
[750.268s][info][gc,stats    ]       Phase: Concurrent Process Non-Strong References     18.215 / 22.003       38.508 / 1493.667     33.271 / 1493.667     33.271 / 1493.667    ms
[750.268s][info][gc,stats    ]       Phase: Concurrent Relocate                          84.363 / 96.713       53.309 / 126.633      52.072 / 150.389      52.072 / 150.389     ms
[750.268s][info][gc,stats    ]       Phase: Concurrent Reset Relocation Set               0.271 / 0.396         0.150 / 0.465         0.134 / 0.465         0.134 / 0.465       ms
[750.268s][info][gc,stats    ]       Phase: Concurrent Select Relocation Set             15.251 / 25.067      189.602 / 2796.200    186.170 / 2796.200    186.170 / 2796.200    ms
[750.268s][info][gc,stats    ]       Phase: Pause Mark End                                0.009 / 0.009         0.080 / 4.475         0.068 / 4.475         0.068 / 4.475       ms
[750.268s][info][gc,stats    ]       Phase: Pause Mark Start                              0.007 / 0.009         0.082 / 7.250         0.064 / 7.250         0.064 / 7.250       ms
[750.268s][info][gc,stats    ]       Phase: Pause Relocate Start                          0.006 / 0.006         0.033 / 1.046         0.029 / 1.046         0.029 / 1.046       ms
[750.268s][info][gc,stats    ]    Subphase: Concurrent Classes Purge                      0.180 / 0.274         0.542 / 5.775         0.657 / 5.775         0.657 / 5.775       ms
[750.268s][info][gc,stats    ]    Subphase: Concurrent Classes Unlink                    14.540 / 17.645       29.689 / 1489.339     25.157 / 1489.339     25.157 / 1489.339    ms
[750.268s][info][gc,stats    ]    Subphase: Concurrent Mark                             665.835 / 681.972     734.366 / 5176.991    811.724 / 5176.991    811.724 / 5176.991    ms
[750.268s][info][gc,stats    ]    Subphase: Concurrent Mark Try Flush                     0.036 / 0.077         4.182 / 786.951       3.557 / 786.951       3.557 / 786.951     ms
[750.268s][info][gc,stats    ]    Subphase: Concurrent Mark Try Terminate                 0.015 / 0.044         1.019 / 10.682        1.025 / 12.169        1.025 / 12.169      ms
[750.268s][info][gc,stats    ]    Subphase: Concurrent References Enqueue                 0.001 / 0.002         0.002 / 0.006         0.002 / 0.006         0.002 / 0.006       ms
[750.268s][info][gc,stats    ]    Subphase: Concurrent References Process                 0.792 / 1.351         0.483 / 2.815         0.516 / 2.815         0.516 / 2.815       ms
[750.268s][info][gc,stats    ]    Subphase: Concurrent Roots ClassLoaderDataGraph         0.403 / 0.510         0.768 / 40.174        0.636 / 40.174        0.636 / 40.174      ms
[750.268s][info][gc,stats    ]    Subphase: Concurrent Roots CodeCache                    0.000 / 0.000         0.000 / 0.000         0.000 / 0.000         0.000 / 0.000       ms
[750.268s][info][gc,stats    ]    Subphase: Concurrent Roots JavaThreads                  1.575 / 1.652         8.767 / 441.054       7.002 / 441.054       7.002 / 441.054     ms
[750.268s][info][gc,stats    ]    Subphase: Concurrent Roots OopStorageSet                0.107 / 0.139         1.680 / 136.487       1.272 / 136.487       1.272 / 136.487     ms
[750.268s][info][gc,stats    ]    Subphase: Concurrent Weak Roots OopStorageSet           2.405 / 2.496         1.854 / 11.047        1.774 / 11.047        1.774 / 11.047      ms
[750.268s][info][gc,stats    ]    Subphase: Pause Mark Try Complete                       0.000 / 0.000         0.001 / 0.003         0.001 / 0.003         0.001 / 0.003       ms
[750.268s][info][gc,stats    ]      System: Java Threads                                     83 / 83               78 / 83               76 / 83               76 / 83          threads
[750.268s][info][gc,stats    ] =========================================================================================================================================================
[755.268s][info][gc,start    ] GC(131) Garbage Collection (Allocation Rate)
[755.268s][info][gc,task     ] GC(131) Using 2 workers
[755.268s][info][gc,phases   ] GC(131) Pause Mark Start 0.008ms
[755.735s][info][gc,phases   ] GC(131) Concurrent Mark 466.865ms
[755.735s][info][gc,phases   ] GC(131) Pause Mark End 0.009ms
[755.735s][info][gc,phases   ] GC(131) Concurrent Mark Free 0.001ms
[755.743s][info][gc,phases   ] GC(131) Concurrent Process Non-Strong References 8.073ms
[755.744s][info][gc,phases   ] GC(131) Concurrent Reset Relocation Set 0.174ms
[755.750s][info][gc,phases   ] GC(131) Concurrent Select Relocation Set 6.581ms
[755.750s][info][gc,phases   ] GC(131) Pause Relocate Start 0.017ms
[755.807s][info][gc,phases   ] GC(131) Concurrent Relocate 56.246ms
[755.807s][info][gc,load     ] GC(131) Load: 0.00/0.00/0.00
[755.807s][info][gc,mmu      ] GC(131) MMU: 2ms/0.0%, 5ms/0.0%, 10ms/27.5%, 20ms/63.8%, 50ms/85.5%, 100ms/92.8%
[755.807s][info][gc,marking  ] GC(131) Mark: 2 stripe(s), 2 proactive flush(es), 1 terminate flush(es), 0 completion(s), 0 continuation(s) 
[755.807s][info][gc,marking  ] GC(131) Mark Stack Usage: 32M
[755.807s][info][gc,nmethod  ] GC(131) NMethods: 10083 registered, 175 unregistered
[755.807s][info][gc,metaspace] GC(131) Metaspace: 131M used, 132M committed, 1152M reserved
[755.807s][info][gc,ref      ] GC(131) Soft: 6083 encountered, 0 discovered, 0 enqueued
[755.807s][info][gc,ref      ] GC(131) Weak: 23252 encountered, 3503 discovered, 8 enqueued
[755.807s][info][gc,ref      ] GC(131) Final: 34 encountered, 0 discovered, 0 enqueued
[755.807s][info][gc,ref      ] GC(131) Phantom: 847 encountered, 628 discovered, 10 enqueued
[755.807s][info][gc,reloc    ] GC(131) Small Pages: 3074 / 6148M, Empty: 1702M, Relocated: 110M, In-Place: 0
[755.807s][info][gc,reloc    ] GC(131) Medium Pages: 2 / 64M, Empty: 0M, Relocated: 0M, In-Place: 0
[755.807s][info][gc,reloc    ] GC(131) Large Pages: 0 / 0M, Empty: 0M, Relocated: 0M, In-Place: 0
[755.807s][info][gc,reloc    ] GC(131) Forwarding Usage: 37M
[755.807s][info][gc,heap     ] GC(131) Min Capacity: 8192M(100%)
[755.807s][info][gc,heap     ] GC(131) Max Capacity: 8192M(100%)
[755.807s][info][gc,heap     ] GC(131) Soft Max Capacity: 8192M(100%)
[755.807s][info][gc,heap     ] GC(131)                Mark Start          Mark End        Relocate Start      Relocate End           High               Low         
[755.807s][info][gc,heap     ] GC(131)  Capacity:     8192M (100%)       8192M (100%)       8192M (100%)       8192M (100%)       8192M (100%)       8192M (100%)   
[755.807s][info][gc,heap     ] GC(131)      Free:     1980M (24%)        1480M (18%)        3170M (39%)        6954M (85%)        6954M (85%)        1470M (18%)    
[755.807s][info][gc,heap     ] GC(131)      Used:     6212M (76%)        6712M (82%)        5022M (61%)        1238M (15%)        6722M (82%)        1238M (15%)    
[755.807s][info][gc,heap     ] GC(131)      Live:         -               609M (7%)          609M (7%)          609M (7%)             -                  -          
[755.807s][info][gc,heap     ] GC(131) Allocated:         -               500M (6%)          512M (6%)          546M (7%)             -                  -          
[755.807s][info][gc,heap     ] GC(131)   Garbage:         -              5602M (68%)        3900M (48%)          81M (1%)             -                  -          
[755.807s][info][gc,heap     ] GC(131) Reclaimed:         -                  -              1702M (21%)        5520M (67%)            -                  -          
[755.807s][info][gc          ] GC(131) Garbage Collection (Allocation Rate) 6212M(76%)->1238M(15%)
[760.268s][info][gc,stats    ] === Garbage Collection Statistics =======================================================================================================================
[760.268s][info][gc,stats    ]                                                              Last 10s              Last 10m              Last 10h                Total
[760.268s][info][gc,stats    ]                                                              Avg / Max             Avg / Max             Avg / Max             Avg / Max
[760.268s][info][gc,stats    ]   Collector: Garbage Collection Cycle                    538.713 / 538.713    1052.699 / 7809.708   1147.351 / 7809.708   1147.351 / 7809.708    ms
[760.268s][info][gc,stats    ]  Contention: Mark Segment Reset Contention                     0 / 2                 0 / 9                 0 / 9                 0 / 9           ops/s
[760.268s][info][gc,stats    ]  Contention: Mark SeqNum Reset Contention                      0 / 0                 0 / 1                 0 / 1                 0 / 1           ops/s
[760.268s][info][gc,stats    ]    Critical: Allocation Stall                                  0 / 0                 0 / 0                 0 / 0                 0 / 0           ops/s
[760.268s][info][gc,stats    ]    Critical: Allocation Stall                              0.000 / 0.000         0.000 / 0.000         0.000 / 0.000         0.000 / 0.000       ms
[760.268s][info][gc,stats    ]    Critical: GC Locker Stall                                   0 / 0                 0 / 2                 0 / 2                 0 / 2           ops/s
[760.268s][info][gc,stats    ]    Critical: GC Locker Stall                               0.000 / 0.000         0.032 / 0.151         0.040 / 0.151         0.040 / 0.151       ms
[760.268s][info][gc,stats    ]    Critical: Relocation Stall                                  0 / 0                 0 / 0                 0 / 0                 0 / 0           ops/s
[760.268s][info][gc,stats    ]    Critical: Relocation Stall                              0.000 / 0.000         0.000 / 0.000         0.000 / 0.000         0.000 / 0.000       ms
[760.268s][info][gc,stats    ]      Memory: Allocation Rate                                 771 / 1280            730 / 1502            690 / 1502            690 / 1502        MB/s
[760.268s][info][gc,stats    ]      Memory: Defragment                                        0 / 0                 0 / 0                 0 / 0                 0 / 0           ops/s
[760.268s][info][gc,stats    ]      Memory: Out Of Memory                                     0 / 0                 0 / 0                 0 / 0                 0 / 0           ops/s
[760.268s][info][gc,stats    ]      Memory: Page Cache Flush                                  0 / 0                 0 / 0                 0 / 0                 0 / 0           MB/s
[760.268s][info][gc,stats    ]      Memory: Page Cache Hit L1                               391 / 640             372 / 811             347 / 811             347 / 811         ops/s
[760.268s][info][gc,stats    ]      Memory: Page Cache Hit L2                                 0 / 0                 0 / 0                 0 / 0                 0 / 0           ops/s
[760.268s][info][gc,stats    ]      Memory: Page Cache Hit L3                                 0 / 0                 0 / 65                5 / 397               5 / 397         ops/s
[760.268s][info][gc,stats    ]      Memory: Page Cache Miss                                   0 / 0                 0 / 0                 0 / 1                 0 / 1           ops/s
[760.268s][info][gc,stats    ]      Memory: Uncommit                                          0 / 0                 0 / 0                 0 / 0                 0 / 0           MB/s
[760.268s][info][gc,stats    ]      Memory: Undo Object Allocation Failed                     0 / 0                 0 / 0                 0 / 0                 0 / 0           ops/s
[760.268s][info][gc,stats    ]      Memory: Undo Object Allocation Succeeded                  0 / 3                 2 / 400               2 / 400               2 / 400         ops/s
[760.268s][info][gc,stats    ]      Memory: Undo Page Allocation                              0 / 0                 0 / 1                 0 / 1                 0 / 1           ops/s
[760.268s][info][gc,stats    ]       Phase: Concurrent Mark                             466.865 / 466.865     781.750 / 5264.294    868.952 / 5264.294    868.952 / 5264.294    ms
[760.268s][info][gc,stats    ]       Phase: Concurrent Mark Continue                      0.000 / 0.000         0.000 / 0.000         0.000 / 0.000         0.000 / 0.000       ms
[760.268s][info][gc,stats    ]       Phase: Concurrent Mark Free                          0.001 / 0.001         0.001 / 0.003         0.001 / 0.003         0.001 / 0.003       ms
[760.268s][info][gc,stats    ]       Phase: Concurrent Process Non-Strong References      8.073 / 8.073        38.793 / 1493.667     33.080 / 1493.667     33.080 / 1493.667    ms
[760.268s][info][gc,stats    ]       Phase: Concurrent Relocate                          56.246 / 56.246       53.949 / 126.633      52.104 / 150.389      52.104 / 150.389     ms
[760.268s][info][gc,stats    ]       Phase: Concurrent Reset Relocation Set               0.174 / 0.174         0.153 / 0.465         0.134 / 0.465         0.134 / 0.465       ms
[760.268s][info][gc,stats    ]       Phase: Concurrent Select Relocation Set              6.581 / 6.581       168.531 / 2796.200    184.810 / 2796.200    184.810 / 2796.200    ms
[760.268s][info][gc,stats    ]       Phase: Pause Mark End                                0.009 / 0.009         0.080 / 4.475         0.067 / 4.475         0.067 / 4.475       ms
[760.268s][info][gc,stats    ]       Phase: Pause Mark Start                              0.008 / 0.008         0.084 / 7.250         0.064 / 7.250         0.064 / 7.250       ms
[760.268s][info][gc,stats    ]       Phase: Pause Relocate Start                          0.017 / 0.017         0.034 / 1.046         0.028 / 1.046         0.028 / 1.046       ms
[760.268s][info][gc,stats    ]    Subphase: Concurrent Classes Purge                      0.315 / 0.315         0.551 / 5.775         0.655 / 5.775         0.655 / 5.775       ms
[760.268s][info][gc,stats    ]    Subphase: Concurrent Classes Unlink                     5.909 / 5.909        30.024 / 1489.339     25.011 / 1489.339     25.011 / 1489.339    ms
[760.268s][info][gc,stats    ]    Subphase: Concurrent Mark                             464.211 / 464.637     734.524 / 5176.991    808.607 / 5176.991    808.607 / 5176.991    ms
[760.268s][info][gc,stats    ]    Subphase: Concurrent Mark Try Flush                     0.092 / 0.211         4.149 / 786.951       3.531 / 786.951       3.531 / 786.951     ms
[760.269s][info][gc,stats    ]    Subphase: Concurrent Mark Try Terminate                 0.475 / 1.399         1.014 / 10.682        1.025 / 12.169        1.025 / 12.169      ms
[760.269s][info][gc,stats    ]    Subphase: Concurrent References Enqueue                 0.001 / 0.001         0.002 / 0.005         0.002 / 0.006         0.002 / 0.006       ms
[760.269s][info][gc,stats    ]    Subphase: Concurrent References Process                 0.256 / 0.256         0.486 / 2.815         0.514 / 2.815         0.514 / 2.815       ms
[760.269s][info][gc,stats    ]    Subphase: Concurrent Roots ClassLoaderDataGraph         0.537 / 0.850         0.784 / 40.174        0.635 / 40.174        0.635 / 40.174      ms
[760.269s][info][gc,stats    ]    Subphase: Concurrent Roots CodeCache                    0.000 / 0.000         0.000 / 0.000         0.000 / 0.000         0.000 / 0.000       ms
[760.269s][info][gc,stats    ]    Subphase: Concurrent Roots JavaThreads                  1.242 / 1.301         8.944 / 441.054       6.950 / 441.054       6.950 / 441.054     ms
[760.269s][info][gc,stats    ]    Subphase: Concurrent Roots OopStorageSet                0.372 / 0.624         1.725 / 136.487       1.264 / 136.487       1.264 / 136.487     ms
[760.269s][info][gc,stats    ]    Subphase: Concurrent Weak Roots OopStorageSet           1.260 / 1.262         1.860 / 11.047        1.770 / 11.047        1.770 / 11.047      ms
[760.269s][info][gc,stats    ]    Subphase: Pause Mark Try Complete                       0.000 / 0.000         0.001 / 0.003         0.001 / 0.003         0.001 / 0.003       ms
[760.269s][info][gc,stats    ]      System: Java Threads                                     83 / 83               79 / 83               76 / 83               76 / 83          threads
[760.269s][info][gc,stats    ] =========================================================================================================================================================
[761.767s][info][gc,start    ] GC(132) Garbage Collection (Allocation Rate)
[761.767s][info][gc,task     ] GC(132) Using 2 workers
[761.767s][info][gc,phases   ] GC(132) Pause Mark Start 0.004ms
[762.093s][info][gc,phases   ] GC(132) Concurrent Mark 325.891ms
[762.094s][info][gc,phases   ] GC(132) Pause Mark End 0.015ms
[762.094s][info][gc,phases   ] GC(132) Concurrent Mark Free 0.000ms
[762.103s][info][gc,phases   ] GC(132) Concurrent Process Non-Strong References 8.998ms
[762.103s][info][gc,phases   ] GC(132) Concurrent Reset Relocation Set 0.170ms
[762.107s][info][gc,phases   ] GC(132) Concurrent Select Relocation Set 4.482ms
[762.107s][info][gc,phases   ] GC(132) Pause Relocate Start 0.010ms
[762.146s][info][gc,phases   ] GC(132) Concurrent Relocate 38.829ms
[762.146s][info][gc,load     ] GC(132) Load: 0.00/0.00/0.00
[762.146s][info][gc,mmu      ] GC(132) MMU: 2ms/0.0%, 5ms/0.0%, 10ms/27.5%, 20ms/63.8%, 50ms/85.5%, 100ms/92.8%
[762.146s][info][gc,marking  ] GC(132) Mark: 2 stripe(s), 2 proactive flush(es), 1 terminate flush(es), 0 completion(s), 0 continuation(s) 
[762.146s][info][gc,marking  ] GC(132) Mark Stack Usage: 32M
[762.146s][info][gc,nmethod  ] GC(132) NMethods: 10106 registered, 180 unregistered
[762.146s][info][gc,metaspace] GC(132) Metaspace: 131M used, 132M committed, 1152M reserved
[762.146s][info][gc,ref      ] GC(132) Soft: 6083 encountered, 0 discovered, 0 enqueued
[762.146s][info][gc,ref      ] GC(132) Weak: 23247 encountered, 10409 discovered, 1 enqueued
[762.146s][info][gc,ref      ] GC(132) Final: 34 encountered, 0 discovered, 0 enqueued
[762.146s][info][gc,ref      ] GC(132) Phantom: 840 encountered, 552 discovered, 0 enqueued
[762.146s][info][gc,reloc    ] GC(132) Small Pages: 3399 / 6798M, Empty: 3542M, Relocated: 85M, In-Place: 0
[762.146s][info][gc,reloc    ] GC(132) Medium Pages: 2 / 64M, Empty: 0M, Relocated: 0M, In-Place: 0
[762.146s][info][gc,reloc    ] GC(132) Large Pages: 0 / 0M, Empty: 0M, Relocated: 0M, In-Place: 0
[762.146s][info][gc,reloc    ] GC(132) Forwarding Usage: 27M
[762.146s][info][gc,heap     ] GC(132) Min Capacity: 8192M(100%)
[762.147s][info][gc,heap     ] GC(132) Max Capacity: 8192M(100%)
[762.147s][info][gc,heap     ] GC(132) Soft Max Capacity: 8192M(100%)
[762.147s][info][gc,heap     ] GC(132)                Mark Start          Mark End        Relocate Start      Relocate End           High               Low         
[762.147s][info][gc,heap     ] GC(132)  Capacity:     8192M (100%)       8192M (100%)       8192M (100%)       8192M (100%)       8192M (100%)       8192M (100%)   
[762.147s][info][gc,heap     ] GC(132)      Free:     1330M (16%)        1066M (13%)        4600M (56%)        7242M (88%)        7242M (88%)        1062M (13%)    
[762.147s][info][gc,heap     ] GC(132)      Used:     6862M (84%)        7126M (87%)        3592M (44%)         950M (12%)        7130M (87%)         950M (12%)    
[762.147s][info][gc,heap     ] GC(132)      Live:         -               570M (7%)          570M (7%)          570M (7%)             -                  -          
[762.147s][info][gc,heap     ] GC(132) Allocated:         -               264M (3%)          272M (3%)          300M (4%)             -                  -          
[762.147s][info][gc,heap     ] GC(132)   Garbage:         -              6291M (77%)        2749M (34%)          78M (1%)             -                  -          
[762.147s][info][gc,heap     ] GC(132) Reclaimed:         -                  -              3542M (43%)        6212M (76%)            -                  -          
[762.147s][info][gc          ] GC(132) Garbage Collection (Allocation Rate) 6862M(84%)->950M(12%)
[766.868s][info][gc,start    ] GC(133) Garbage Collection (Allocation Rate)
[766.868s][info][gc,task     ] GC(133) Using 1 workers
[766.868s][info][gc,phases   ] GC(133) Pause Mark Start 0.005ms
[767.570s][info][gc,phases   ] GC(133) Concurrent Mark 701.390ms
[767.570s][info][gc,phases   ] GC(133) Pause Mark End 0.016ms
[767.570s][info][gc,phases   ] GC(133) Concurrent Mark Free 0.001ms
[767.588s][info][gc,phases   ] GC(133) Concurrent Process Non-Strong References 18.228ms
[767.588s][info][gc,phases   ] GC(133) Concurrent Reset Relocation Set 0.115ms
[767.605s][info][gc,phases   ] GC(133) Concurrent Select Relocation Set 16.876ms
[767.605s][info][gc,phases   ] GC(133) Pause Relocate Start 0.006ms
[767.714s][info][gc,phases   ] GC(133) Concurrent Relocate 108.525ms
[767.714s][info][gc,load     ] GC(133) Load: 0.00/0.00/0.00
[767.714s][info][gc,mmu      ] GC(133) MMU: 2ms/0.0%, 5ms/0.0%, 10ms/27.5%, 20ms/63.8%, 50ms/85.5%, 100ms/92.8%
[767.714s][info][gc,marking  ] GC(133) Mark: 1 stripe(s), 2 proactive flush(es), 1 terminate flush(es), 0 completion(s), 0 continuation(s) 
[767.714s][info][gc,marking  ] GC(133) Mark Stack Usage: 32M
[767.714s][info][gc,nmethod  ] GC(133) NMethods: 10109 registered, 183 unregistered
[767.714s][info][gc,metaspace] GC(133) Metaspace: 131M used, 132M committed, 1152M reserved
[767.714s][info][gc,ref      ] GC(133) Soft: 6083 encountered, 0 discovered, 0 enqueued
[767.714s][info][gc,ref      ] GC(133) Weak: 23248 encountered, 930 discovered, 1 enqueued
[767.714s][info][gc,ref      ] GC(133) Final: 34 encountered, 0 discovered, 0 enqueued
[767.714s][info][gc,ref      ] GC(133) Phantom: 843 encountered, 611 discovered, 0 enqueued
[767.714s][info][gc,reloc    ] GC(133) Small Pages: 2711 / 5422M, Empty: 1294M, Relocated: 159M, In-Place: 0
[767.714s][info][gc,reloc    ] GC(133) Medium Pages: 2 / 64M, Empty: 0M, Relocated: 0M, In-Place: 0
[767.714s][info][gc,reloc    ] GC(133) Large Pages: 0 / 0M, Empty: 0M, Relocated: 0M, In-Place: 0
[767.714s][info][gc,reloc    ] GC(133) Forwarding Usage: 48M
[767.714s][info][gc,heap     ] GC(133) Min Capacity: 8192M(100%)
[767.714s][info][gc,heap     ] GC(133) Max Capacity: 8192M(100%)
[767.714s][info][gc,heap     ] GC(133) Soft Max Capacity: 8192M(100%)
[767.714s][info][gc,heap     ] GC(133)                Mark Start          Mark End        Relocate Start      Relocate End           High               Low         
[767.714s][info][gc,heap     ] GC(133)  Capacity:     8192M (100%)       8192M (100%)       8192M (100%)       8192M (100%)       8192M (100%)       8192M (100%)   
[767.714s][info][gc,heap     ] GC(133)      Free:     2706M (33%)        1986M (24%)        3260M (40%)        6610M (81%)        6610M (81%)        1976M (24%)    
[767.714s][info][gc,heap     ] GC(133)      Used:     5486M (67%)        6206M (76%)        4932M (60%)        1582M (19%)        6216M (76%)        1582M (19%)    
[767.714s][info][gc,heap     ] GC(133)      Live:         -               667M (8%)          667M (8%)          667M (8%)             -                  -          
[767.714s][info][gc,heap     ] GC(133) Allocated:         -               720M (9%)          740M (9%)          834M (10%)            -                  -          
[767.714s][info][gc,heap     ] GC(133)   Garbage:         -              4818M (59%)        3524M (43%)          80M (1%)             -                  -          
[767.714s][info][gc,heap     ] GC(133) Reclaimed:         -                  -              1294M (16%)        4738M (58%)            -                  -          
[767.714s][info][gc          ] GC(133) Garbage Collection (Allocation Rate) 5486M(67%)->1582M(19%)
[770.268s][info][gc,stats    ] === Garbage Collection Statistics =======================================================================================================================
[770.268s][info][gc,stats    ]                                                              Last 10s              Last 10m              Last 10h                Total
[770.268s][info][gc,stats    ]                                                              Avg / Max             Avg / Max             Avg / Max             Avg / Max
[770.268s][info][gc,stats    ]   Collector: Garbage Collection Cycle                    612.473 / 845.941    1041.210 / 7809.708   1139.368 / 7809.708   1139.368 / 7809.708    ms
[770.268s][info][gc,stats    ]  Contention: Mark Segment Reset Contention                     0 / 1                 0 / 9                 0 / 9                 0 / 9           ops/s
[770.268s][info][gc,stats    ]  Contention: Mark SeqNum Reset Contention                      0 / 0                 0 / 1                 0 / 1                 0 / 1           ops/s
[770.268s][info][gc,stats    ]    Critical: Allocation Stall                                  0 / 0                 0 / 0                 0 / 0                 0 / 0           ops/s
[770.268s][info][gc,stats    ]    Critical: Allocation Stall                              0.000 / 0.000         0.000 / 0.000         0.000 / 0.000         0.000 / 0.000       ms
[770.268s][info][gc,stats    ]    Critical: GC Locker Stall                                   0 / 0                 0 / 2                 0 / 2                 0 / 2           ops/s
[770.268s][info][gc,stats    ]    Critical: GC Locker Stall                               0.000 / 0.000         0.032 / 0.151         0.040 / 0.151         0.040 / 0.151       ms
[770.268s][info][gc,stats    ]    Critical: Relocation Stall                                  0 / 0                 0 / 0                 0 / 0                 0 / 0           ops/s
[770.268s][info][gc,stats    ]    Critical: Relocation Stall                              0.000 / 0.000         0.000 / 0.000         0.000 / 0.000         0.000 / 0.000       ms
[770.268s][info][gc,stats    ]      Memory: Allocation Rate                                 852 / 1548            734 / 1548            692 / 1548            692 / 1548        MB/s
[770.268s][info][gc,stats    ]      Memory: Defragment                                        0 / 0                 0 / 0                 0 / 0                 0 / 0           ops/s
[770.268s][info][gc,stats    ]      Memory: Out Of Memory                                     0 / 0                 0 / 0                 0 / 0                 0 / 0           ops/s
[770.268s][info][gc,stats    ]      Memory: Page Cache Flush                                  0 / 0                 0 / 0                 0 / 0                 0 / 0           MB/s
[770.268s][info][gc,stats    ]      Memory: Page Cache Hit L1                               438 / 774             374 / 811             348 / 811             348 / 811         ops/s
[770.268s][info][gc,stats    ]      Memory: Page Cache Hit L2                                 0 / 0                 0 / 0                 0 / 0                 0 / 0           ops/s
[770.268s][info][gc,stats    ]      Memory: Page Cache Hit L3                                 0 / 0                 0 / 65                5 / 397               5 / 397         ops/s
[770.268s][info][gc,stats    ]      Memory: Page Cache Miss                                   0 / 0                 0 / 0                 0 / 1                 0 / 1           ops/s
[770.268s][info][gc,stats    ]      Memory: Uncommit                                          0 / 0                 0 / 0                 0 / 0                 0 / 0           MB/s
[770.268s][info][gc,stats    ]      Memory: Undo Object Allocation Failed                     0 / 0                 0 / 0                 0 / 0                 0 / 0           ops/s
[770.268s][info][gc,stats    ]      Memory: Undo Object Allocation Succeeded                  0 / 4                 2 / 400               2 / 400               2 / 400         ops/s
[770.268s][info][gc,stats    ]      Memory: Undo Page Allocation                              0 / 0                 0 / 1                 0 / 1                 0 / 1           ops/s
[770.268s][info][gc,stats    ]       Phase: Concurrent Mark                             513.641 / 701.390     774.901 / 5264.294    863.649 / 5264.294    863.649 / 5264.294    ms
[770.268s][info][gc,stats    ]       Phase: Concurrent Mark Continue                      0.000 / 0.000         0.000 / 0.000         0.000 / 0.000         0.000 / 0.000       ms
[770.268s][info][gc,stats    ]       Phase: Concurrent Mark Free                          0.000 / 0.001         0.001 / 0.003         0.001 / 0.003         0.001 / 0.003       ms
[770.268s][info][gc,stats    ]       Phase: Concurrent Process Non-Strong References     13.613 / 18.228       38.489 / 1493.667     32.789 / 1493.667     32.789 / 1493.667    ms
[770.268s][info][gc,stats    ]       Phase: Concurrent Relocate                          73.677 / 108.525      54.574 / 126.633      52.426 / 150.389      52.426 / 150.389     ms
[770.268s][info][gc,stats    ]       Phase: Concurrent Reset Relocation Set               0.143 / 0.170         0.154 / 0.465         0.134 / 0.465         0.134 / 0.465       ms
[770.268s][info][gc,stats    ]       Phase: Concurrent Select Relocation Set             10.679 / 16.876      163.692 / 2796.200    182.211 / 2796.200    182.211 / 2796.200    ms
[770.268s][info][gc,stats    ]       Phase: Pause Mark End                                0.015 / 0.016         0.080 / 4.475         0.066 / 4.475         0.066 / 4.475       ms
[770.268s][info][gc,stats    ]       Phase: Pause Mark Start                              0.005 / 0.005         0.083 / 7.250         0.063 / 7.250         0.063 / 7.250       ms
[770.268s][info][gc,stats    ]       Phase: Pause Relocate Start                          0.008 / 0.010         0.034 / 1.046         0.028 / 1.046         0.028 / 1.046       ms
[770.268s][info][gc,stats    ]    Subphase: Concurrent Classes Purge                      0.035 / 0.049         0.545 / 5.775         0.646 / 5.775         0.646 / 5.775       ms
[770.268s][info][gc,stats    ]    Subphase: Concurrent Classes Unlink                     9.817 / 12.816       29.837 / 1489.339     24.785 / 1489.339     24.785 / 1489.339    ms
[770.268s][info][gc,stats    ]    Subphase: Concurrent Mark                             449.509 / 699.143     726.945 / 5176.991    803.840 / 5176.991    803.840 / 5176.991    ms
[770.268s][info][gc,stats    ]    Subphase: Concurrent Mark Try Flush                     0.083 / 0.226         4.062 / 786.951       3.481 / 786.951       3.481 / 786.951     ms
[770.268s][info][gc,stats    ]    Subphase: Concurrent Mark Try Terminate                 0.310 / 1.496         1.013 / 10.682        1.023 / 12.169        1.023 / 12.169      ms
[770.268s][info][gc,stats    ]    Subphase: Concurrent References Enqueue                 0.001 / 0.001         0.002 / 0.005         0.002 / 0.006         0.002 / 0.006       ms
[770.268s][info][gc,stats    ]    Subphase: Concurrent References Process                 0.547 / 0.637         0.489 / 2.815         0.515 / 2.815         0.515 / 2.815       ms
[770.268s][info][gc,stats    ]    Subphase: Concurrent Roots ClassLoaderDataGraph         0.260 / 0.378         0.781 / 40.174        0.630 / 40.174        0.630 / 40.174      ms
[770.268s][info][gc,stats    ]    Subphase: Concurrent Roots CodeCache                    0.000 / 0.000         0.000 / 0.000         0.000 / 0.000         0.000 / 0.000       ms
[770.268s][info][gc,stats    ]    Subphase: Concurrent Roots JavaThreads                  1.088 / 1.658         8.891 / 441.054       6.872 / 441.054       6.872 / 441.054     ms
[770.268s][info][gc,stats    ]    Subphase: Concurrent Roots OopStorageSet                0.055 / 0.081         1.714 / 136.487       1.247 / 136.487       1.247 / 136.487     ms
[770.268s][info][gc,stats    ]    Subphase: Concurrent Weak Roots OopStorageSet           2.299 / 4.575         1.872 / 11.047        1.777 / 11.047        1.777 / 11.047      ms
[770.268s][info][gc,stats    ]    Subphase: Pause Mark Try Complete                       0.000 / 0.000         0.001 / 0.003         0.001 / 0.003         0.001 / 0.003       ms
[770.268s][info][gc,stats    ]      System: Java Threads                                     83 / 83               79 / 83               76 / 83               76 / 83          threads
[770.268s][info][gc,stats    ] =========================================================================================================================================================
[775.468s][info][gc,start    ] GC(134) Garbage Collection (Allocation Rate)
[775.468s][info][gc,task     ] GC(134) Using 1 workers
[775.468s][info][gc,phases   ] GC(134) Pause Mark Start 0.004ms
[776.121s][info][gc,phases   ] GC(134) Concurrent Mark 652.940ms
[776.121s][info][gc,phases   ] GC(134) Pause Mark End 0.009ms
[776.121s][info][gc,phases   ] GC(134) Concurrent Mark Free 0.000ms
[776.139s][info][gc,phases   ] GC(134) Concurrent Process Non-Strong References 17.208ms
[776.139s][info][gc,phases   ] GC(134) Concurrent Reset Relocation Set 0.163ms
[776.144s][info][gc,phases   ] GC(134) Concurrent Select Relocation Set 5.546ms
[776.145s][info][gc,phases   ] GC(134) Pause Relocate Start 0.006ms
[776.233s][info][gc,phases   ] GC(134) Concurrent Relocate 87.920ms
[776.233s][info][gc,load     ] GC(134) Load: 0.00/0.00/0.00
[776.233s][info][gc,mmu      ] GC(134) MMU: 2ms/0.0%, 5ms/0.0%, 10ms/27.5%, 20ms/63.8%, 50ms/85.5%, 100ms/92.8%
[776.233s][info][gc,marking  ] GC(134) Mark: 1 stripe(s), 2 proactive flush(es), 1 terminate flush(es), 0 completion(s), 0 continuation(s) 
[776.233s][info][gc,marking  ] GC(134) Mark Stack Usage: 32M
[776.233s][info][gc,nmethod  ] GC(134) NMethods: 10125 registered, 187 unregistered
[776.233s][info][gc,metaspace] GC(134) Metaspace: 131M used, 132M committed, 1152M reserved
[776.233s][info][gc,ref      ] GC(134) Soft: 6083 encountered, 0 discovered, 0 enqueued
[776.233s][info][gc,ref      ] GC(134) Weak: 23248 encountered, 12441 discovered, 1 enqueued
[776.233s][info][gc,ref      ] GC(134) Final: 34 encountered, 0 discovered, 0 enqueued
[776.233s][info][gc,ref      ] GC(134) Phantom: 844 encountered, 635 discovered, 1 enqueued
[776.233s][info][gc,reloc    ] GC(134) Small Pages: 3470 / 6940M, Empty: 2654M, Relocated: 90M, In-Place: 0
[776.233s][info][gc,reloc    ] GC(134) Medium Pages: 2 / 64M, Empty: 0M, Relocated: 0M, In-Place: 0
[776.233s][info][gc,reloc    ] GC(134) Large Pages: 0 / 0M, Empty: 0M, Relocated: 0M, In-Place: 0
[776.233s][info][gc,reloc    ] GC(134) Forwarding Usage: 29M
[776.233s][info][gc,heap     ] GC(134) Min Capacity: 8192M(100%)
[776.233s][info][gc,heap     ] GC(134) Max Capacity: 8192M(100%)
[776.233s][info][gc,heap     ] GC(134) Soft Max Capacity: 8192M(100%)
[776.233s][info][gc,heap     ] GC(134)                Mark Start          Mark End        Relocate Start      Relocate End           High               Low         
[776.233s][info][gc,heap     ] GC(134)  Capacity:     8192M (100%)       8192M (100%)       8192M (100%)       8192M (100%)       8192M (100%)       8192M (100%)   
[776.233s][info][gc,heap     ] GC(134)      Free:     1188M (15%)         730M (9%)         3372M (41%)        7022M (86%)        7022M (86%)         722M (9%)     
[776.233s][info][gc,heap     ] GC(134)      Used:     7004M (85%)        7462M (91%)        4820M (59%)        1170M (14%)        7470M (91%)        1170M (14%)    
[776.233s][info][gc,heap     ] GC(134)      Live:         -               572M (7%)          572M (7%)          572M (7%)             -                  -          
[776.233s][info][gc,heap     ] GC(134) Allocated:         -               458M (6%)          470M (6%)          521M (6%)             -                  -          
[776.233s][info][gc,heap     ] GC(134)   Garbage:         -              6431M (79%)        3777M (46%)          76M (1%)             -                  -          
[776.233s][info][gc,heap     ] GC(134) Reclaimed:         -                  -              2654M (32%)        6355M (78%)            -                  -          
[776.233s][info][gc          ] GC(134) Garbage Collection (Allocation Rate) 7004M(85%)->1170M(14%)
[780.267s][info][gc,stats    ] === Garbage Collection Statistics =======================================================================================================================
[780.267s][info][gc,stats    ]                                                              Last 10s              Last 10m              Last 10h                Total
[780.267s][info][gc,stats    ]                                                              Avg / Max             Avg / Max             Avg / Max             Avg / Max
[780.268s][info][gc,stats    ]   Collector: Garbage Collection Cycle                    764.462 / 764.462    1035.852 / 7809.708   1136.591 / 7809.708   1136.591 / 7809.708    ms
[780.268s][info][gc,stats    ]  Contention: Mark Segment Reset Contention                     0 / 0                 0 / 9                 0 / 9                 0 / 9           ops/s
[780.268s][info][gc,stats    ]  Contention: Mark SeqNum Reset Contention                      0 / 0                 0 / 1                 0 / 1                 0 / 1           ops/s
[780.268s][info][gc,stats    ]    Critical: Allocation Stall                                  0 / 0                 0 / 0                 0 / 0                 0 / 0           ops/s
[780.268s][info][gc,stats    ]    Critical: Allocation Stall                              0.000 / 0.000         0.000 / 0.000         0.000 / 0.000         0.000 / 0.000       ms
[780.268s][info][gc,stats    ]    Critical: GC Locker Stall                                   0 / 0                 0 / 2                 0 / 2                 0 / 2           ops/s
[780.268s][info][gc,stats    ]    Critical: GC Locker Stall                               0.000 / 0.000         0.032 / 0.151         0.040 / 0.151         0.040 / 0.151       ms
[780.268s][info][gc,stats    ]    Critical: Relocation Stall                                  0 / 0                 0 / 0                 0 / 0                 0 / 0           ops/s
[780.268s][info][gc,stats    ]    Critical: Relocation Stall                              0.000 / 0.000         0.000 / 0.000         0.000 / 0.000         0.000 / 0.000       ms
[780.268s][info][gc,stats    ]      Memory: Allocation Rate                                 798 / 942             736 / 1548            694 / 1548            694 / 1548        MB/s
[780.268s][info][gc,stats    ]      Memory: Defragment                                        0 / 0                 0 / 0                 0 / 0                 0 / 0           ops/s
[780.268s][info][gc,stats    ]      Memory: Out Of Memory                                     0 / 0                 0 / 0                 0 / 0                 0 / 0           ops/s
[780.268s][info][gc,stats    ]      Memory: Page Cache Flush                                  0 / 0                 0 / 0                 0 / 0                 0 / 0           MB/s
[780.268s][info][gc,stats    ]      Memory: Page Cache Hit L1                               403 / 471             375 / 811             348 / 811             348 / 811         ops/s
[780.268s][info][gc,stats    ]      Memory: Page Cache Hit L2                                 0 / 0                 0 / 0                 0 / 0                 0 / 0           ops/s
[780.268s][info][gc,stats    ]      Memory: Page Cache Hit L3                                 0 / 0                 0 / 65                5 / 397               5 / 397         ops/s
[780.268s][info][gc,stats    ]      Memory: Page Cache Miss                                   0 / 0                 0 / 0                 0 / 1                 0 / 1           ops/s
[780.268s][info][gc,stats    ]      Memory: Uncommit                                          0 / 0                 0 / 0                 0 / 0                 0 / 0           MB/s
[780.268s][info][gc,stats    ]      Memory: Undo Object Allocation Failed                     0 / 0                 0 / 0                 0 / 0                 0 / 0           ops/s
[780.268s][info][gc,stats    ]      Memory: Undo Object Allocation Succeeded                  0 / 0                 2 / 400               2 / 400               2 / 400         ops/s
[780.268s][info][gc,stats    ]      Memory: Undo Page Allocation                              0 / 0                 0 / 1                 0 / 1                 0 / 1           ops/s
[780.268s][info][gc,stats    ]       Phase: Concurrent Mark                             652.940 / 652.940     768.267 / 5264.294    862.088 / 5264.294    862.088 / 5264.294    ms
[780.268s][info][gc,stats    ]       Phase: Concurrent Mark Continue                      0.000 / 0.000         0.000 / 0.000         0.000 / 0.000         0.000 / 0.000       ms
[780.268s][info][gc,stats    ]       Phase: Concurrent Mark Free                          0.000 / 0.000         0.001 / 0.003         0.001 / 0.003         0.001 / 0.003       ms
[780.268s][info][gc,stats    ]       Phase: Concurrent Process Non-Strong References     17.208 / 17.208       38.721 / 1493.667     32.674 / 1493.667     32.674 / 1493.667    ms
[780.268s][info][gc,stats    ]       Phase: Concurrent Relocate                          87.920 / 87.920       55.154 / 126.633      52.689 / 150.389      52.689 / 150.389     ms
[780.268s][info][gc,stats    ]       Phase: Concurrent Reset Relocation Set               0.163 / 0.163         0.155 / 0.465         0.134 / 0.465         0.134 / 0.465       ms
[780.268s][info][gc,stats    ]       Phase: Concurrent Select Relocation Set              5.546 / 5.546       159.924 / 2796.200    180.902 / 2796.200    180.902 / 2796.200    ms
[780.268s][info][gc,stats    ]       Phase: Pause Mark End                                0.009 / 0.009         0.080 / 4.475         0.066 / 4.475         0.066 / 4.475       ms
[780.268s][info][gc,stats    ]       Phase: Pause Mark Start                              0.004 / 0.004         0.084 / 7.250         0.062 / 7.250         0.062 / 7.250       ms
[780.268s][info][gc,stats    ]       Phase: Pause Relocate Start                          0.006 / 0.006         0.034 / 1.046         0.028 / 1.046         0.028 / 1.046       ms
[780.268s][info][gc,stats    ]    Subphase: Concurrent Classes Purge                      0.723 / 0.723         0.552 / 5.775         0.646 / 5.775         0.646 / 5.775       ms
[780.268s][info][gc,stats    ]    Subphase: Concurrent Classes Unlink                    12.368 / 12.368       30.133 / 1489.339     24.693 / 1489.339     24.693 / 1489.339    ms
[780.268s][info][gc,stats    ]    Subphase: Concurrent Mark                             650.968 / 650.968     718.672 / 5176.991    803.167 / 5176.991    803.167 / 5176.991    ms
[780.268s][info][gc,stats    ]    Subphase: Concurrent Mark Try Flush                     0.060 / 0.077         4.080 / 786.951       3.456 / 786.951       3.456 / 786.951     ms
[780.268s][info][gc,stats    ]    Subphase: Concurrent Mark Try Terminate                 0.025 / 0.050         1.013 / 10.682        1.022 / 12.169        1.022 / 12.169      ms
[780.268s][info][gc,stats    ]    Subphase: Concurrent References Enqueue                 0.002 / 0.002         0.002 / 0.005         0.002 / 0.006         0.002 / 0.006       ms
[780.268s][info][gc,stats    ]    Subphase: Concurrent References Process                 1.318 / 1.318         0.492 / 2.815         0.521 / 2.815         0.521 / 2.815       ms
[780.268s][info][gc,stats    ]    Subphase: Concurrent Roots ClassLoaderDataGraph         0.293 / 0.293         0.790 / 40.174        0.629 / 40.174        0.629 / 40.174      ms
[780.268s][info][gc,stats    ]    Subphase: Concurrent Roots CodeCache                    0.000 / 0.000         0.000 / 0.000         0.000 / 0.000         0.000 / 0.000       ms
[780.268s][info][gc,stats    ]    Subphase: Concurrent Roots JavaThreads                  1.445 / 1.445         9.032 / 441.054       6.848 / 441.054       6.848 / 441.054     ms
[780.268s][info][gc,stats    ]    Subphase: Concurrent Roots OopStorageSet                0.065 / 0.065         1.745 / 136.487       1.242 / 136.487       1.242 / 136.487     ms
[780.268s][info][gc,stats    ]    Subphase: Concurrent Weak Roots OopStorageSet           2.540 / 2.540         1.883 / 11.047        1.780 / 11.047        1.780 / 11.047      ms
[780.268s][info][gc,stats    ]    Subphase: Pause Mark Try Complete                       0.000 / 0.000         0.001 / 0.003         0.001 / 0.003         0.001 / 0.003       ms
[780.268s][info][gc,stats    ]      System: Java Threads                                     83 / 83               79 / 83               76 / 83               76 / 83          threads
[780.268s][info][gc,stats    ] =========================================================================================================================================================
[780.968s][info][gc,start    ] GC(135) Garbage Collection (Allocation Rate)
[780.968s][info][gc,task     ] GC(135) Using 1 workers
[780.968s][info][gc,phases   ] GC(135) Pause Mark Start 0.005ms
[781.773s][info][gc,phases   ] GC(135) Concurrent Mark 805.445ms
[781.773s][info][gc,phases   ] GC(135) Pause Mark End 0.012ms
[781.773s][info][gc,phases   ] GC(135) Concurrent Mark Free 0.001ms
[781.792s][info][gc,phases   ] GC(135) Concurrent Process Non-Strong References 18.384ms
[781.792s][info][gc,phases   ] GC(135) Concurrent Reset Relocation Set 0.253ms
[781.816s][info][gc,phases   ] GC(135) Concurrent Select Relocation Set 23.909ms
[781.816s][info][gc,phases   ] GC(135) Pause Relocate Start 0.012ms
[781.966s][info][gc,phases   ] GC(135) Concurrent Relocate 150.321ms
[781.966s][info][gc,load     ] GC(135) Load: 0.00/0.00/0.00
[781.966s][info][gc,mmu      ] GC(135) MMU: 2ms/0.0%, 5ms/0.0%, 10ms/27.5%, 20ms/63.8%, 50ms/85.5%, 100ms/92.8%
[781.966s][info][gc,marking  ] GC(135) Mark: 1 stripe(s), 2 proactive flush(es), 1 terminate flush(es), 0 completion(s), 0 continuation(s) 
[781.966s][info][gc,marking  ] GC(135) Mark Stack Usage: 32M
[781.967s][info][gc,nmethod  ] GC(135) NMethods: 10128 registered, 188 unregistered
[781.967s][info][gc,metaspace] GC(135) Metaspace: 131M used, 132M committed, 1152M reserved
[781.967s][info][gc,ref      ] GC(135) Soft: 6083 encountered, 0 discovered, 0 enqueued
[781.967s][info][gc,ref      ] GC(135) Weak: 23249 encountered, 935 discovered, 2 enqueued
[781.967s][info][gc,ref      ] GC(135) Final: 34 encountered, 0 discovered, 0 enqueued
[781.967s][info][gc,ref      ] GC(135) Phantom: 846 encountered, 652 discovered, 0 enqueued
[781.967s][info][gc,reloc    ] GC(135) Small Pages: 2837 / 5674M, Empty: 1384M, Relocated: 136M, In-Place: 0
[781.967s][info][gc,reloc    ] GC(135) Medium Pages: 2 / 64M, Empty: 0M, Relocated: 0M, In-Place: 0
[781.967s][info][gc,reloc    ] GC(135) Large Pages: 0 / 0M, Empty: 0M, Relocated: 0M, In-Place: 0
[781.967s][info][gc,reloc    ] GC(135) Forwarding Usage: 43M
[781.967s][info][gc,heap     ] GC(135) Min Capacity: 8192M(100%)
[781.967s][info][gc,heap     ] GC(135) Max Capacity: 8192M(100%)
[781.967s][info][gc,heap     ] GC(135) Soft Max Capacity: 8192M(100%)
[781.967s][info][gc,heap     ] GC(135)                Mark Start          Mark End        Relocate Start      Relocate End           High               Low         
[781.967s][info][gc,heap     ] GC(135)  Capacity:     8192M (100%)       8192M (100%)       8192M (100%)       8192M (100%)       8192M (100%)       8192M (100%)   
[781.967s][info][gc,heap     ] GC(135)      Free:     2454M (30%)        1818M (22%)        3168M (39%)        6686M (82%)        6686M (82%)        1804M (22%)    
[781.967s][info][gc,heap     ] GC(135)      Used:     5738M (70%)        6374M (78%)        5024M (61%)        1506M (18%)        6388M (78%)        1506M (18%)    
[781.967s][info][gc,heap     ] GC(135)      Live:         -               645M (8%)          645M (8%)          645M (8%)             -                  -          
[781.967s][info][gc,heap     ] GC(135) Allocated:         -               636M (8%)          670M (8%)          775M (9%)             -                  -          
[781.967s][info][gc,heap     ] GC(135)   Garbage:         -              5092M (62%)        3708M (45%)          84M (1%)             -                  -          
[781.967s][info][gc,heap     ] GC(135) Reclaimed:         -                  -              1384M (17%)        5007M (61%)            -                  -          
[781.967s][info][gc          ] GC(135) Garbage Collection (Allocation Rate) 5738M(70%)->1506M(18%)
[787.268s][info][gc,start    ] GC(136) Garbage Collection (Allocation Rate)
[787.268s][info][gc,task     ] GC(136) Using 2 workers
[787.268s][info][gc,phases   ] GC(136) Pause Mark Start 0.004ms
[787.620s][info][gc,phases   ] GC(136) Concurrent Mark 351.670ms
[787.620s][info][gc,phases   ] GC(136) Pause Mark End 0.018ms
[787.620s][info][gc,phases   ] GC(136) Concurrent Mark Free 0.000ms
[787.630s][info][gc,phases   ] GC(136) Concurrent Process Non-Strong References 10.150ms
[787.631s][info][gc,phases   ] GC(136) Concurrent Reset Relocation Set 0.159ms
[787.636s][info][gc,phases   ] GC(136) Concurrent Select Relocation Set 5.739ms
[787.637s][info][gc,phases   ] GC(136) Pause Relocate Start 0.010ms
[787.690s][info][gc,phases   ] GC(136) Concurrent Relocate 53.084ms
[787.690s][info][gc,load     ] GC(136) Load: 0.00/0.00/0.00
[787.690s][info][gc,mmu      ] GC(136) MMU: 2ms/0.0%, 5ms/0.0%, 10ms/27.5%, 20ms/63.8%, 50ms/85.5%, 100ms/92.8%
[787.690s][info][gc,marking  ] GC(136) Mark: 2 stripe(s), 2 proactive flush(es), 1 terminate flush(es), 0 completion(s), 0 continuation(s) 
[787.690s][info][gc,marking  ] GC(136) Mark Stack Usage: 32M
[787.690s][info][gc,nmethod  ] GC(136) NMethods: 10131 registered, 191 unregistered
[787.690s][info][gc,metaspace] GC(136) Metaspace: 131M used, 132M committed, 1152M reserved
[787.690s][info][gc,ref      ] GC(136) Soft: 6083 encountered, 0 discovered, 0 enqueued
[787.690s][info][gc,ref      ] GC(136) Weak: 23250 encountered, 4537 discovered, 3 enqueued
[787.690s][info][gc,ref      ] GC(136) Final: 34 encountered, 0 discovered, 0 enqueued
[787.690s][info][gc,ref      ] GC(136) Phantom: 846 encountered, 587 discovered, 0 enqueued
[787.690s][info][gc,reloc    ] GC(136) Small Pages: 3129 / 6258M, Empty: 1844M, Relocated: 111M, In-Place: 0
[787.690s][info][gc,reloc    ] GC(136) Medium Pages: 2 / 64M, Empty: 0M, Relocated: 0M, In-Place: 0
[787.690s][info][gc,reloc    ] GC(136) Large Pages: 0 / 0M, Empty: 0M, Relocated: 0M, In-Place: 0
[787.690s][info][gc,reloc    ] GC(136) Forwarding Usage: 34M
[787.690s][info][gc,heap     ] GC(136) Min Capacity: 8192M(100%)
[787.690s][info][gc,heap     ] GC(136) Max Capacity: 8192M(100%)
[787.690s][info][gc,heap     ] GC(136) Soft Max Capacity: 8192M(100%)
[787.690s][info][gc,heap     ] GC(136)                Mark Start          Mark End        Relocate Start      Relocate End           High               Low         
[787.690s][info][gc,heap     ] GC(136)  Capacity:     8192M (100%)       8192M (100%)       8192M (100%)       8192M (100%)       8192M (100%)       8192M (100%)   
[787.690s][info][gc,heap     ] GC(136)      Free:     1870M (23%)        1512M (18%)        3344M (41%)        7096M (87%)        7096M (87%)        1500M (18%)    
[787.690s][info][gc,heap     ] GC(136)      Used:     6322M (77%)        6680M (82%)        4848M (59%)        1096M (13%)        6692M (82%)        1096M (13%)    
[787.690s][info][gc,heap     ] GC(136)      Live:         -               604M (7%)          604M (7%)          604M (7%)             -                  -          
[787.690s][info][gc,heap     ] GC(136) Allocated:         -               358M (4%)          370M (5%)          412M (5%)             -                  -          
[787.690s][info][gc,heap     ] GC(136)   Garbage:         -              5717M (70%)        3873M (47%)          78M (1%)             -                  -          
[787.690s][info][gc,heap     ] GC(136) Reclaimed:         -                  -              1844M (23%)        5638M (69%)            -                  -          
[787.690s][info][gc          ] GC(136) Garbage Collection (Allocation Rate) 6322M(77%)->1096M(13%)
[790.268s][info][gc,stats    ] === Garbage Collection Statistics =======================================================================================================================
[790.268s][info][gc,stats    ]                                                              Last 10s              Last 10m              Last 10h                Total
[790.268s][info][gc,stats    ]                                                              Avg / Max             Avg / Max             Avg / Max             Avg / Max
[790.268s][info][gc,stats    ]   Collector: Garbage Collection Cycle                    710.206 / 998.936    1009.861 / 7809.708   1130.366 / 7809.708   1130.366 / 7809.708    ms
[790.268s][info][gc,stats    ]  Contention: Mark Segment Reset Contention                     0 / 5                 0 / 9                 0 / 9                 0 / 9           ops/s
[790.268s][info][gc,stats    ]  Contention: Mark SeqNum Reset Contention                      0 / 0                 0 / 1                 0 / 1                 0 / 1           ops/s
[790.268s][info][gc,stats    ]    Critical: Allocation Stall                                  0 / 0                 0 / 0                 0 / 0                 0 / 0           ops/s
[790.268s][info][gc,stats    ]    Critical: Allocation Stall                              0.000 / 0.000         0.000 / 0.000         0.000 / 0.000         0.000 / 0.000       ms
[790.268s][info][gc,stats    ]    Critical: GC Locker Stall                                   0 / 0                 0 / 2                 0 / 2                 0 / 2           ops/s
[790.268s][info][gc,stats    ]    Critical: GC Locker Stall                               0.000 / 0.000         0.032 / 0.151         0.040 / 0.151         0.040 / 0.151       ms
[790.268s][info][gc,stats    ]    Critical: Relocation Stall                                  0 / 0                 0 / 0                 0 / 0                 0 / 0           ops/s
[790.268s][info][gc,stats    ]    Critical: Relocation Stall                              0.000 / 0.000         0.000 / 0.000         0.000 / 0.000         0.000 / 0.000       ms
[790.268s][info][gc,stats    ]      Memory: Allocation Rate                                1001 / 1406            744 / 1548            697 / 1548            697 / 1548        MB/s
[790.268s][info][gc,stats    ]      Memory: Defragment                                        0 / 0                 0 / 0                 0 / 0                 0 / 0           ops/s
[790.268s][info][gc,stats    ]      Memory: Out Of Memory                                     0 / 0                 0 / 0                 0 / 0                 0 / 0           ops/s
[790.268s][info][gc,stats    ]      Memory: Page Cache Flush                                  0 / 0                 0 / 0                 0 / 0                 0 / 0           MB/s
[790.268s][info][gc,stats    ]      Memory: Page Cache Hit L1                               513 / 703             379 / 811             351 / 811             351 / 811         ops/s
[790.268s][info][gc,stats    ]      Memory: Page Cache Hit L2                                 0 / 0                 0 / 0                 0 / 0                 0 / 0           ops/s
[790.268s][info][gc,stats    ]      Memory: Page Cache Hit L3                                 0 / 0                 0 / 65                5 / 397               5 / 397         ops/s
[790.268s][info][gc,stats    ]      Memory: Page Cache Miss                                   0 / 0                 0 / 0                 0 / 1                 0 / 1           ops/s
[790.268s][info][gc,stats    ]      Memory: Uncommit                                          0 / 0                 0 / 0                 0 / 0                 0 / 0           MB/s
[790.268s][info][gc,stats    ]      Memory: Undo Object Allocation Failed                     0 / 0                 0 / 0                 0 / 0                 0 / 0           ops/s
[790.268s][info][gc,stats    ]      Memory: Undo Object Allocation Succeeded                  0 / 2                 2 / 400               2 / 400               2 / 400         ops/s
[790.268s][info][gc,stats    ]      Memory: Undo Page Allocation                              0 / 0                 0 / 1                 0 / 1                 0 / 1           ops/s
[790.268s][info][gc,stats    ]       Phase: Concurrent Mark                             578.558 / 805.445     757.366 / 5264.294    857.949 / 5264.294    857.949 / 5264.294    ms
[790.268s][info][gc,stats    ]       Phase: Concurrent Mark Continue                      0.000 / 0.000         0.000 / 0.000         0.000 / 0.000         0.000 / 0.000       ms
[790.268s][info][gc,stats    ]       Phase: Concurrent Mark Free                          0.001 / 0.001         0.001 / 0.003         0.001 / 0.003         0.001 / 0.003       ms
[790.268s][info][gc,stats    ]       Phase: Concurrent Process Non-Strong References     14.267 / 18.384       38.703 / 1493.667     32.405 / 1493.667     32.405 / 1493.667    ms
[790.268s][info][gc,stats    ]       Phase: Concurrent Relocate                         101.703 / 150.321      56.200 / 150.321      53.405 / 150.389      53.405 / 150.389     ms
[790.268s][info][gc,stats    ]       Phase: Concurrent Reset Relocation Set               0.206 / 0.253         0.157 / 0.465         0.135 / 0.465         0.135 / 0.465       ms
[790.268s][info][gc,stats    ]       Phase: Concurrent Select Relocation Set             14.824 / 23.909      148.380 / 2796.200    178.478 / 2796.200    178.478 / 2796.200    ms
[790.268s][info][gc,stats    ]       Phase: Pause Mark End                                0.015 / 0.018         0.079 / 4.475         0.065 / 4.475         0.065 / 4.475       ms
[790.268s][info][gc,stats    ]       Phase: Pause Mark Start                              0.005 / 0.005         0.084 / 7.250         0.062 / 7.250         0.062 / 7.250       ms
[790.268s][info][gc,stats    ]       Phase: Pause Relocate Start                          0.011 / 0.012         0.034 / 1.046         0.028 / 1.046         0.028 / 1.046       ms
[790.268s][info][gc,stats    ]    Subphase: Concurrent Classes Purge                      0.033 / 0.043         0.493 / 3.495         0.637 / 5.775         0.637 / 5.775       ms
[790.268s][info][gc,stats    ]    Subphase: Concurrent Classes Unlink                    11.065 / 15.225       30.213 / 1489.339     24.494 / 1489.339     24.494 / 1489.339    ms
[790.268s][info][gc,stats    ]    Subphase: Concurrent Mark                             500.741 / 803.164     704.619 / 5176.991    799.222 / 5176.991    799.222 / 5176.991    ms
[790.268s][info][gc,stats    ]    Subphase: Concurrent Mark Try Flush                     0.054 / 0.088         3.976 / 786.951       3.407 / 786.951       3.407 / 786.951     ms
[790.268s][info][gc,stats    ]    Subphase: Concurrent Mark Try Terminate                 0.315 / 1.501         1.012 / 10.682        1.020 / 12.169        1.020 / 12.169      ms
[790.268s][info][gc,stats    ]    Subphase: Concurrent References Enqueue                 0.002 / 0.003         0.002 / 0.005         0.002 / 0.006         0.002 / 0.006       ms
[790.268s][info][gc,stats    ]    Subphase: Concurrent References Process                 0.610 / 0.969         0.498 / 2.815         0.522 / 2.815         0.522 / 2.815       ms
[790.268s][info][gc,stats    ]    Subphase: Concurrent Roots ClassLoaderDataGraph         0.375 / 0.584         0.794 / 40.174        0.625 / 40.174        0.625 / 40.174      ms
[790.268s][info][gc,stats    ]    Subphase: Concurrent Roots CodeCache                    0.000 / 0.000         0.000 / 0.000         0.000 / 0.000         0.000 / 0.000       ms
[790.268s][info][gc,stats    ]    Subphase: Concurrent Roots JavaThreads                  1.300 / 1.680         9.076 / 441.054       6.776 / 441.054       6.776 / 441.054     ms
[790.268s][info][gc,stats    ]    Subphase: Concurrent Roots OopStorageSet                0.083 / 0.113         1.755 / 136.487       1.227 / 136.487       1.227 / 136.487     ms
[790.268s][info][gc,stats    ]    Subphase: Concurrent Weak Roots OopStorageSet           2.154 / 2.585         1.901 / 11.047        1.785 / 11.047        1.785 / 11.047      ms
[790.268s][info][gc,stats    ]    Subphase: Pause Mark Try Complete                       0.000 / 0.000         0.001 / 0.003         0.001 / 0.003         0.001 / 0.003       ms
[790.268s][info][gc,stats    ]      System: Java Threads                                     83 / 83               79 / 83               76 / 83               76 / 83          threads
[790.268s][info][gc,stats    ] =========================================================================================================================================================
[795.268s][info][gc,start    ] GC(137) Garbage Collection (Allocation Rate)
[795.268s][info][gc,task     ] GC(137) Using 2 workers
[795.268s][info][gc,phases   ] GC(137) Pause Mark Start 0.004ms
[795.609s][info][gc,phases   ] GC(137) Concurrent Mark 340.666ms
[795.609s][info][gc,phases   ] GC(137) Pause Mark End 0.010ms
[795.609s][info][gc,phases   ] GC(137) Concurrent Mark Free 0.001ms
[795.617s][info][gc,phases   ] GC(137) Concurrent Process Non-Strong References 8.489ms
[795.618s][info][gc,phases   ] GC(137) Concurrent Reset Relocation Set 0.220ms
[795.637s][info][gc,phases   ] GC(137) Concurrent Select Relocation Set 19.447ms
[795.637s][info][gc,phases   ] GC(137) Pause Relocate Start 0.010ms
[795.688s][info][gc,phases   ] GC(137) Concurrent Relocate 50.549ms
[795.688s][info][gc,load     ] GC(137) Load: 0.00/0.00/0.00
[795.688s][info][gc,mmu      ] GC(137) MMU: 2ms/0.0%, 5ms/0.0%, 10ms/27.5%, 20ms/63.8%, 50ms/85.5%, 100ms/92.8%
[795.688s][info][gc,marking  ] GC(137) Mark: 2 stripe(s), 2 proactive flush(es), 1 terminate flush(es), 0 completion(s), 0 continuation(s) 
[795.688s][info][gc,marking  ] GC(137) Mark Stack Usage: 32M
[795.688s][info][gc,nmethod  ] GC(137) NMethods: 10141 registered, 196 unregistered
[795.688s][info][gc,metaspace] GC(137) Metaspace: 131M used, 132M committed, 1152M reserved
[795.688s][info][gc,ref      ] GC(137) Soft: 6083 encountered, 0 discovered, 0 enqueued
[795.688s][info][gc,ref      ] GC(137) Weak: 23250 encountered, 4919 discovered, 2 enqueued
[795.688s][info][gc,ref      ] GC(137) Final: 34 encountered, 0 discovered, 0 enqueued
[795.688s][info][gc,ref      ] GC(137) Phantom: 849 encountered, 592 discovered, 0 enqueued
[795.688s][info][gc,reloc    ] GC(137) Small Pages: 3754 / 7508M, Empty: 2708M, Relocated: 116M, In-Place: 0
[795.688s][info][gc,reloc    ] GC(137) Medium Pages: 2 / 64M, Empty: 0M, Relocated: 0M, In-Place: 0
[795.688s][info][gc,reloc    ] GC(137) Large Pages: 0 / 0M, Empty: 0M, Relocated: 0M, In-Place: 0
[795.688s][info][gc,reloc    ] GC(137) Forwarding Usage: 35M
[795.688s][info][gc,heap     ] GC(137) Min Capacity: 8192M(100%)
[795.688s][info][gc,heap     ] GC(137) Max Capacity: 8192M(100%)
[795.688s][info][gc,heap     ] GC(137) Soft Max Capacity: 8192M(100%)
[795.688s][info][gc,heap     ] GC(137)                Mark Start          Mark End        Relocate Start      Relocate End           High               Low         
[795.688s][info][gc,heap     ] GC(137)  Capacity:     8192M (100%)       8192M (100%)       8192M (100%)       8192M (100%)       8192M (100%)       8192M (100%)   
[795.688s][info][gc,heap     ] GC(137)      Free:      620M (8%)          350M (4%)         3034M (37%)        7188M (88%)        7188M (88%)         348M (4%)     
[795.688s][info][gc,heap     ] GC(137)      Used:     7572M (92%)        7842M (96%)        5158M (63%)        1004M (12%)        7844M (96%)        1004M (12%)    
[795.688s][info][gc,heap     ] GC(137)      Live:         -               600M (7%)          600M (7%)          600M (7%)             -                  -          
[795.688s][info][gc,heap     ] GC(137) Allocated:         -               270M (3%)          294M (4%)          324M (4%)             -                  -          
[795.688s][info][gc,heap     ] GC(137)   Garbage:         -              6971M (85%)        4263M (52%)          78M (1%)             -                  -          
[795.688s][info][gc,heap     ] GC(137) Reclaimed:         -                  -              2708M (33%)        6892M (84%)            -                  -          
[795.688s][info][gc          ] GC(137) Garbage Collection (Allocation Rate) 7572M(92%)->1004M(12%)
[800.268s][info][gc,stats    ] === Garbage Collection Statistics =======================================================================================================================
[800.268s][info][gc,stats    ]                                                              Last 10s              Last 10m              Last 10h                Total
[800.268s][info][gc,stats    ]                                                              Avg / Max             Avg / Max             Avg / Max             Avg / Max
[800.268s][info][gc,stats    ]   Collector: Garbage Collection Cycle                    420.015 / 420.015    1006.753 / 7809.708   1125.218 / 7809.708   1125.218 / 7809.708    ms
[800.268s][info][gc,stats    ]  Contention: Mark Segment Reset Contention                     0 / 1                 0 / 9                 0 / 9                 0 / 9           ops/s
[800.268s][info][gc,stats    ]  Contention: Mark SeqNum Reset Contention                      0 / 0                 0 / 1                 0 / 1                 0 / 1           ops/s
[800.268s][info][gc,stats    ]    Critical: Allocation Stall                                  0 / 0                 0 / 0                 0 / 0                 0 / 0           ops/s
[800.268s][info][gc,stats    ]    Critical: Allocation Stall                              0.000 / 0.000         0.000 / 0.000         0.000 / 0.000         0.000 / 0.000       ms
[800.268s][info][gc,stats    ]    Critical: GC Locker Stall                                   0 / 0                 0 / 2                 0 / 2                 0 / 2           ops/s
[800.268s][info][gc,stats    ]    Critical: GC Locker Stall                               0.000 / 0.000         0.030 / 0.151         0.040 / 0.151         0.040 / 0.151       ms
[800.268s][info][gc,stats    ]    Critical: Relocation Stall                                  0 / 0                 0 / 0                 0 / 0                 0 / 0           ops/s
[800.268s][info][gc,stats    ]    Critical: Relocation Stall                              0.000 / 0.000         0.000 / 0.000         0.000 / 0.000         0.000 / 0.000       ms
[800.268s][info][gc,stats    ]      Memory: Allocation Rate                                 684 / 896             745 / 1548            697 / 1548            697 / 1548        MB/s
[800.268s][info][gc,stats    ]      Memory: Defragment                                        0 / 0                 0 / 0                 0 / 0                 0 / 0           ops/s
[800.268s][info][gc,stats    ]      Memory: Out Of Memory                                     0 / 0                 0 / 0                 0 / 0                 0 / 0           ops/s
[800.268s][info][gc,stats    ]      Memory: Page Cache Flush                                  0 / 0                 0 / 0                 0 / 0                 0 / 0           MB/s
[800.268s][info][gc,stats    ]      Memory: Page Cache Hit L1                               348 / 497             379 / 811             350 / 811             350 / 811         ops/s
[800.268s][info][gc,stats    ]      Memory: Page Cache Hit L2                                 0 / 0                 0 / 0                 0 / 0                 0 / 0           ops/s
[800.268s][info][gc,stats    ]      Memory: Page Cache Hit L3                                 0 / 0                 0 / 65                4 / 397               4 / 397         ops/s
[800.268s][info][gc,stats    ]      Memory: Page Cache Miss                                   0 / 0                 0 / 0                 0 / 1                 0 / 1           ops/s
[800.268s][info][gc,stats    ]      Memory: Uncommit                                          0 / 0                 0 / 0                 0 / 0                 0 / 0           MB/s
[800.268s][info][gc,stats    ]      Memory: Undo Object Allocation Failed                     0 / 0                 0 / 0                 0 / 0                 0 / 0           ops/s
[800.268s][info][gc,stats    ]      Memory: Undo Object Allocation Succeeded                  0 / 1                 2 / 400               2 / 400               2 / 400         ops/s
[800.268s][info][gc,stats    ]      Memory: Undo Page Allocation                              0 / 0                 0 / 1                 0 / 1                 0 / 1           ops/s
[800.268s][info][gc,stats    ]       Phase: Concurrent Mark                             340.666 / 340.666     752.686 / 5264.294    854.201 / 5264.294    854.201 / 5264.294    ms
[800.268s][info][gc,stats    ]       Phase: Concurrent Mark Continue                      0.000 / 0.000         0.000 / 0.000         0.000 / 0.000         0.000 / 0.000       ms
[800.268s][info][gc,stats    ]       Phase: Concurrent Mark Free                          0.001 / 0.001         0.001 / 0.003         0.001 / 0.003         0.001 / 0.003       ms
[800.268s][info][gc,stats    ]       Phase: Concurrent Process Non-Strong References      8.489 / 8.489        38.969 / 1493.667     32.232 / 1493.667     32.232 / 1493.667    ms
[800.268s][info][gc,stats    ]       Phase: Concurrent Relocate                          50.549 / 50.549       56.480 / 150.321      53.384 / 150.389      53.384 / 150.389     ms
[800.268s][info][gc,stats    ]       Phase: Concurrent Reset Relocation Set               0.220 / 0.220         0.159 / 0.465         0.136 / 0.465         0.136 / 0.465       ms
[800.268s][info][gc,stats    ]       Phase: Concurrent Select Relocation Set             19.447 / 19.447      149.359 / 2796.200    177.325 / 2796.200    177.325 / 2796.200    ms
[800.268s][info][gc,stats    ]       Phase: Pause Mark End                                0.010 / 0.010         0.080 / 4.475         0.065 / 4.475         0.065 / 4.475       ms
[800.268s][info][gc,stats    ]       Phase: Pause Mark Start                              0.004 / 0.004         0.084 / 7.250         0.061 / 7.250         0.061 / 7.250       ms
[800.268s][info][gc,stats    ]       Phase: Pause Relocate Start                          0.010 / 0.010         0.034 / 1.046         0.028 / 1.046         0.028 / 1.046       ms
[800.268s][info][gc,stats    ]    Subphase: Concurrent Classes Purge                      0.343 / 0.343         0.498 / 3.495         0.635 / 5.775         0.635 / 5.775       ms
[800.268s][info][gc,stats    ]    Subphase: Concurrent Classes Unlink                     6.335 / 6.335        30.471 / 1489.339     24.362 / 1489.339     24.362 / 1489.339    ms
[800.268s][info][gc,stats    ]    Subphase: Concurrent Mark                             338.804 / 339.452     698.350 / 5176.991    795.253 / 5176.991    795.253 / 5176.991    ms
[800.268s][info][gc,stats    ]    Subphase: Concurrent Mark Try Flush                     0.116 / 0.190         3.990 / 786.951       3.384 / 786.951       3.384 / 786.951     ms
[800.268s][info][gc,stats    ]    Subphase: Concurrent Mark Try Terminate                 0.498 / 1.478         1.012 / 10.682        1.020 / 12.169        1.020 / 12.169      ms
[800.268s][info][gc,stats    ]    Subphase: Concurrent References Enqueue                 0.004 / 0.004         0.002 / 0.005         0.002 / 0.006         0.002 / 0.006       ms
[800.268s][info][gc,stats    ]    Subphase: Concurrent References Process                 0.330 / 0.330         0.495 / 2.815         0.521 / 2.815         0.521 / 2.815       ms
[800.268s][info][gc,stats    ]    Subphase: Concurrent Roots ClassLoaderDataGraph         0.203 / 0.318         0.800 / 40.174        0.621 / 40.174        0.621 / 40.174      ms
[800.268s][info][gc,stats    ]    Subphase: Concurrent Roots CodeCache                    0.000 / 0.000         0.000 / 0.000         0.000 / 0.000         0.000 / 0.000       ms
[800.268s][info][gc,stats    ]    Subphase: Concurrent Roots JavaThreads                  0.853 / 0.970         9.069 / 441.054       6.725 / 441.054       6.725 / 441.054     ms
[800.268s][info][gc,stats    ]    Subphase: Concurrent Roots OopStorageSet                0.049 / 0.049         1.777 / 136.487       1.217 / 136.487       1.217 / 136.487     ms
[800.268s][info][gc,stats    ]    Subphase: Concurrent Weak Roots OopStorageSet           1.168 / 1.168         1.909 / 11.047        1.780 / 11.047        1.780 / 11.047      ms
[800.268s][info][gc,stats    ]    Subphase: Pause Mark Try Complete                       0.000 / 0.000         0.001 / 0.003         0.001 / 0.003         0.001 / 0.003       ms
[800.269s][info][gc,stats    ]      System: Java Threads                                     83 / 83               79 / 83               76 / 83               76 / 83          threads
[800.269s][info][gc,stats    ] =========================================================================================================================================================
[803.668s][info][gc,start    ] GC(138) Garbage Collection (Allocation Rate)
[803.668s][info][gc,task     ] GC(138) Using 2 workers
[803.668s][info][gc,phases   ] GC(138) Pause Mark Start 0.006ms
[804.029s][info][gc,phases   ] GC(138) Concurrent Mark 361.386ms
[804.029s][info][gc,phases   ] GC(138) Pause Mark End 0.008ms
[804.029s][info][gc,phases   ] GC(138) Concurrent Mark Free 0.000ms
[804.040s][info][gc,phases   ] GC(138) Concurrent Process Non-Strong References 10.102ms
[804.040s][info][gc,phases   ] GC(138) Concurrent Reset Relocation Set 0.181ms
[804.059s][info][gc,phases   ] GC(138) Concurrent Select Relocation Set 18.735ms
[804.059s][info][gc,phases   ] GC(138) Pause Relocate Start 0.005ms
[804.127s][info][gc,phases   ] GC(138) Concurrent Relocate 68.468ms
[804.127s][info][gc,load     ] GC(138) Load: 0.00/0.00/0.00
[804.127s][info][gc,mmu      ] GC(138) MMU: 2ms/0.0%, 5ms/0.0%, 10ms/27.5%, 20ms/63.8%, 50ms/85.5%, 100ms/92.8%
[804.127s][info][gc,marking  ] GC(138) Mark: 2 stripe(s), 2 proactive flush(es), 1 terminate flush(es), 0 completion(s), 0 continuation(s) 
[804.127s][info][gc,marking  ] GC(138) Mark Stack Usage: 32M
[804.127s][info][gc,nmethod  ] GC(138) NMethods: 10150 registered, 203 unregistered
[804.127s][info][gc,metaspace] GC(138) Metaspace: 131M used, 132M committed, 1152M reserved
[804.127s][info][gc,ref      ] GC(138) Soft: 6083 encountered, 0 discovered, 0 enqueued
[804.127s][info][gc,ref      ] GC(138) Weak: 23251 encountered, 9663 discovered, 1 enqueued
[804.127s][info][gc,ref      ] GC(138) Final: 34 encountered, 0 discovered, 0 enqueued
[804.127s][info][gc,ref      ] GC(138) Phantom: 852 encountered, 708 discovered, 0 enqueued
[804.127s][info][gc,reloc    ] GC(138) Small Pages: 3609 / 7218M, Empty: 2684M, Relocated: 123M, In-Place: 0
[804.127s][info][gc,reloc    ] GC(138) Medium Pages: 2 / 64M, Empty: 0M, Relocated: 0M, In-Place: 0
[804.127s][info][gc,reloc    ] GC(138) Large Pages: 0 / 0M, Empty: 0M, Relocated: 0M, In-Place: 0
[804.127s][info][gc,reloc    ] GC(138) Forwarding Usage: 39M
[804.127s][info][gc,heap     ] GC(138) Min Capacity: 8192M(100%)
[804.127s][info][gc,heap     ] GC(138) Max Capacity: 8192M(100%)
[804.127s][info][gc,heap     ] GC(138) Soft Max Capacity: 8192M(100%)
[804.127s][info][gc,heap     ] GC(138)                Mark Start          Mark End        Relocate Start      Relocate End           High               Low         
[804.127s][info][gc,heap     ] GC(138)  Capacity:     8192M (100%)       8192M (100%)       8192M (100%)       8192M (100%)       8192M (100%)       8192M (100%)   
[804.127s][info][gc,heap     ] GC(138)      Free:      910M (11%)         448M (5%)         3112M (38%)        6976M (85%)        6976M (85%)         436M (5%)     
[804.128s][info][gc,heap     ] GC(138)      Used:     7282M (89%)        7744M (95%)        5080M (62%)        1216M (15%)        7756M (95%)        1216M (15%)    
[804.128s][info][gc,heap     ] GC(138)      Live:         -               620M (8%)          620M (8%)          620M (8%)             -                  -          
[804.128s][info][gc,heap     ] GC(138) Allocated:         -               462M (6%)          482M (6%)          516M (6%)             -                  -          
[804.128s][info][gc,heap     ] GC(138)   Garbage:         -              6661M (81%)        3977M (49%)          78M (1%)             -                  -          
[804.128s][info][gc,heap     ] GC(138) Reclaimed:         -                  -              2684M (33%)        6582M (80%)            -                  -          
[804.128s][info][gc          ] GC(138) Garbage Collection (Allocation Rate) 7282M(89%)->1216M(15%)
[810.268s][info][gc,stats    ] === Garbage Collection Statistics =======================================================================================================================
[810.268s][info][gc,stats    ]                                                              Last 10s              Last 10m              Last 10h                Total
[810.268s][info][gc,stats    ]                                                              Avg / Max             Avg / Max             Avg / Max             Avg / Max
[810.268s][info][gc,stats    ]   Collector: Garbage Collection Cycle                    459.684 / 459.684    1001.823 / 7809.708   1120.430 / 7809.708   1120.430 / 7809.708    ms
[810.268s][info][gc,stats    ]  Contention: Mark Segment Reset Contention                     0 / 0                 0 / 9                 0 / 9                 0 / 9           ops/s
[810.268s][info][gc,stats    ]  Contention: Mark SeqNum Reset Contention                      0 / 0                 0 / 1                 0 / 1                 0 / 1           ops/s
[810.268s][info][gc,stats    ]    Critical: Allocation Stall                                  0 / 0                 0 / 0                 0 / 0                 0 / 0           ops/s
[810.268s][info][gc,stats    ]    Critical: Allocation Stall                              0.000 / 0.000         0.000 / 0.000         0.000 / 0.000         0.000 / 0.000       ms
[810.268s][info][gc,stats    ]    Critical: GC Locker Stall                                   0 / 0                 0 / 2                 0 / 2                 0 / 2           ops/s
[810.268s][info][gc,stats    ]    Critical: GC Locker Stall                               0.000 / 0.000         0.030 / 0.151         0.040 / 0.151         0.040 / 0.151       ms
[810.268s][info][gc,stats    ]    Critical: Relocation Stall                                  0 / 0                 0 / 0                 0 / 0                 0 / 0           ops/s
[810.268s][info][gc,stats    ]    Critical: Relocation Stall                              0.000 / 0.000         0.000 / 0.000         0.000 / 0.000         0.000 / 0.000       ms
[810.268s][info][gc,stats    ]      Memory: Allocation Rate                                 770 / 1420            745 / 1548            698 / 1548            698 / 1548        MB/s
[810.268s][info][gc,stats    ]      Memory: Defragment                                        0 / 0                 0 / 0                 0 / 0                 0 / 0           ops/s
[810.268s][info][gc,stats    ]      Memory: Out Of Memory                                     0 / 0                 0 / 0                 0 / 0                 0 / 0           ops/s
[810.268s][info][gc,stats    ]      Memory: Page Cache Flush                                  0 / 0                 0 / 0                 0 / 0                 0 / 0           MB/s
[810.268s][info][gc,stats    ]      Memory: Page Cache Hit L1                               391 / 772             380 / 811             351 / 811             351 / 811         ops/s
[810.268s][info][gc,stats    ]      Memory: Page Cache Hit L2                                 0 / 0                 0 / 0                 0 / 0                 0 / 0           ops/s
[810.268s][info][gc,stats    ]      Memory: Page Cache Hit L3                                 0 / 0                 0 / 65                4 / 397               4 / 397         ops/s
[810.268s][info][gc,stats    ]      Memory: Page Cache Miss                                   0 / 0                 0 / 0                 0 / 1                 0 / 1           ops/s
[810.268s][info][gc,stats    ]      Memory: Uncommit                                          0 / 0                 0 / 0                 0 / 0                 0 / 0           MB/s
[810.268s][info][gc,stats    ]      Memory: Undo Object Allocation Failed                     0 / 0                 0 / 0                 0 / 0                 0 / 0           ops/s
[810.268s][info][gc,stats    ]      Memory: Undo Object Allocation Succeeded                  0 / 0                 2 / 400               2 / 400               2 / 400         ops/s
[810.268s][info][gc,stats    ]      Memory: Undo Page Allocation                              0 / 0                 0 / 1                 0 / 1                 0 / 1           ops/s
[810.268s][info][gc,stats    ]       Phase: Concurrent Mark                             361.386 / 361.386     747.877 / 5264.294    850.655 / 5264.294    850.655 / 5264.294    ms
[810.268s][info][gc,stats    ]       Phase: Concurrent Mark Continue                      0.000 / 0.000         0.000 / 0.000         0.000 / 0.000         0.000 / 0.000       ms
[810.268s][info][gc,stats    ]       Phase: Concurrent Mark Free                          0.000 / 0.000         0.001 / 0.003         0.001 / 0.003         0.001 / 0.003       ms
[810.268s][info][gc,stats    ]       Phase: Concurrent Process Non-Strong References     10.102 / 10.102       38.921 / 1493.667     32.073 / 1493.667     32.073 / 1493.667    ms
[810.268s][info][gc,stats    ]       Phase: Concurrent Relocate                          68.468 / 68.468       56.441 / 150.321      53.492 / 150.389      53.492 / 150.389     ms
[810.268s][info][gc,stats    ]       Phase: Concurrent Reset Relocation Set               0.181 / 0.181         0.159 / 0.465         0.136 / 0.465         0.136 / 0.465       ms
[810.268s][info][gc,stats    ]       Phase: Concurrent Select Relocation Set             18.735 / 18.735      149.490 / 2796.200    176.184 / 2796.200    176.184 / 2796.200    ms
[810.268s][info][gc,stats    ]       Phase: Pause Mark End                                0.008 / 0.008         0.079 / 4.475         0.064 / 4.475         0.064 / 4.475       ms
[810.268s][info][gc,stats    ]       Phase: Pause Mark Start                              0.006 / 0.006         0.085 / 7.250         0.061 / 7.250         0.061 / 7.250       ms
[810.268s][info][gc,stats    ]       Phase: Pause Relocate Start                          0.005 / 0.005         0.034 / 1.046         0.027 / 1.046         0.027 / 1.046       ms
[810.268s][info][gc,stats    ]    Subphase: Concurrent Classes Purge                      0.851 / 0.851         0.504 / 3.495         0.637 / 5.775         0.637 / 5.775       ms
[810.268s][info][gc,stats    ]    Subphase: Concurrent Classes Unlink                     7.377 / 7.377        30.470 / 1489.339     24.240 / 1489.339     24.240 / 1489.339    ms
[810.268s][info][gc,stats    ]    Subphase: Concurrent Mark                             359.559 / 360.102     692.372 / 5176.991    791.529 / 5176.991    791.529 / 5176.991    ms
[810.268s][info][gc,stats    ]    Subphase: Concurrent Mark Try Flush                     0.057 / 0.081         3.969 / 786.951       3.361 / 786.951       3.361 / 786.951     ms
[810.268s][info][gc,stats    ]    Subphase: Concurrent Mark Try Terminate                 0.508 / 1.505         1.012 / 10.682        1.019 / 12.169        1.019 / 12.169      ms
[810.268s][info][gc,stats    ]    Subphase: Concurrent References Enqueue                 0.002 / 0.002         0.002 / 0.005         0.002 / 0.006         0.002 / 0.006       ms
[810.268s][info][gc,stats    ]    Subphase: Concurrent References Process                 0.522 / 0.522         0.489 / 2.815         0.521 / 2.815         0.521 / 2.815       ms
[810.268s][info][gc,stats    ]    Subphase: Concurrent Roots ClassLoaderDataGraph         0.245 / 0.401         0.800 / 40.174        0.618 / 40.174        0.618 / 40.174      ms
[810.268s][info][gc,stats    ]    Subphase: Concurrent Roots CodeCache                    0.000 / 0.000         0.000 / 0.000         0.000 / 0.000         0.000 / 0.000       ms
[810.268s][info][gc,stats    ]    Subphase: Concurrent Roots JavaThreads                  0.859 / 1.014         9.064 / 441.054       6.675 / 441.054       6.675 / 441.054     ms
[810.268s][info][gc,stats    ]    Subphase: Concurrent Roots OopStorageSet                0.042 / 0.043         1.777 / 136.487       1.207 / 136.487       1.207 / 136.487     ms
[810.268s][info][gc,stats    ]    Subphase: Concurrent Weak Roots OopStorageSet           1.146 / 1.146         1.907 / 11.047        1.774 / 11.047        1.774 / 11.047      ms
[810.268s][info][gc,stats    ]    Subphase: Pause Mark Try Complete                       0.000 / 0.000         0.001 / 0.003         0.001 / 0.003         0.001 / 0.003       ms
[810.268s][info][gc,stats    ]      System: Java Threads                                     83 / 83               79 / 83               76 / 83               76 / 83          threads
[810.268s][info][gc,stats    ] =========================================================================================================================================================
[812.568s][info][gc,start    ] GC(139) Garbage Collection (Allocation Rate)
[812.568s][info][gc,task     ] GC(139) Using 2 workers
[812.568s][info][gc,phases   ] GC(139) Pause Mark Start 0.006ms
[812.913s][info][gc,phases   ] GC(139) Concurrent Mark 345.020ms
[812.913s][info][gc,phases   ] GC(139) Pause Mark End 0.009ms
[812.913s][info][gc,phases   ] GC(139) Concurrent Mark Free 0.001ms
[812.923s][info][gc,phases   ] GC(139) Concurrent Process Non-Strong References 10.011ms
[812.923s][info][gc,phases   ] GC(139) Concurrent Reset Relocation Set 0.154ms
[812.961s][info][gc,phases   ] GC(139) Concurrent Select Relocation Set 37.275ms
[812.961s][info][gc,phases   ] GC(139) Pause Relocate Start 0.013ms
[813.043s][info][gc,phases   ] GC(139) Concurrent Relocate 82.229ms
[813.043s][info][gc,load     ] GC(139) Load: 0.00/0.00/0.00
[813.043s][info][gc,mmu      ] GC(139) MMU: 2ms/0.0%, 5ms/0.0%, 10ms/27.5%, 20ms/63.8%, 50ms/85.5%, 100ms/92.8%
[813.043s][info][gc,marking  ] GC(139) Mark: 2 stripe(s), 2 proactive flush(es), 1 terminate flush(es), 0 completion(s), 0 continuation(s) 
[813.043s][info][gc,marking  ] GC(139) Mark Stack Usage: 32M
[813.043s][info][gc,nmethod  ] GC(139) NMethods: 10193 registered, 225 unregistered
[813.043s][info][gc,metaspace] GC(139) Metaspace: 131M used, 133M committed, 1152M reserved
[813.043s][info][gc,ref      ] GC(139) Soft: 6083 encountered, 0 discovered, 0 enqueued
[813.043s][info][gc,ref      ] GC(139) Weak: 23270 encountered, 12392 discovered, 13 enqueued
[813.043s][info][gc,ref      ] GC(139) Final: 34 encountered, 0 discovered, 0 enqueued
[813.043s][info][gc,ref      ] GC(139) Phantom: 866 encountered, 670 discovered, 11 enqueued
[813.043s][info][gc,reloc    ] GC(139) Small Pages: 3590 / 7180M, Empty: 2482M, Relocated: 123M, In-Place: 0
[813.043s][info][gc,reloc    ] GC(139) Medium Pages: 2 / 64M, Empty: 0M, Relocated: 0M, In-Place: 0
[813.043s][info][gc,reloc    ] GC(139) Large Pages: 0 / 0M, Empty: 0M, Relocated: 0M, In-Place: 0
[813.043s][info][gc,reloc    ] GC(139) Forwarding Usage: 40M
[813.043s][info][gc,heap     ] GC(139) Min Capacity: 8192M(100%)
[813.043s][info][gc,heap     ] GC(139) Max Capacity: 8192M(100%)
[813.043s][info][gc,heap     ] GC(139) Soft Max Capacity: 8192M(100%)
[813.043s][info][gc,heap     ] GC(139)                Mark Start          Mark End        Relocate Start      Relocate End           High               Low         
[813.043s][info][gc,heap     ] GC(139)  Capacity:     8192M (100%)       8192M (100%)       8192M (100%)       8192M (100%)       8192M (100%)       8192M (100%)   
[813.043s][info][gc,heap     ] GC(139)      Free:      948M (12%)         582M (7%)         3028M (37%)        6980M (85%)        6980M (85%)         576M (7%)     
[813.043s][info][gc,heap     ] GC(139)      Used:     7244M (88%)        7610M (93%)        5164M (63%)        1212M (15%)        7616M (93%)        1212M (15%)    
[813.043s][info][gc,heap     ] GC(139)      Live:         -               607M (7%)          607M (7%)          607M (7%)             -                  -          
[813.043s][info][gc,heap     ] GC(139) Allocated:         -               366M (4%)          402M (5%)          526M (6%)             -                  -          
[813.043s][info][gc,heap     ] GC(139)   Garbage:         -              6636M (81%)        4154M (51%)          77M (1%)             -                  -          
[813.043s][info][gc,heap     ] GC(139) Reclaimed:         -                  -              2482M (30%)        6558M (80%)            -                  -          
[813.043s][info][gc          ] GC(139) Garbage Collection (Allocation Rate) 7244M(88%)->1212M(15%)
[818.968s][info][gc,start    ] GC(140) Garbage Collection (Allocation Rate)
[818.968s][info][gc,task     ] GC(140) Using 2 workers
[818.968s][info][gc,phases   ] GC(140) Pause Mark Start 0.006ms
[819.307s][info][gc,phases   ] GC(140) Concurrent Mark 338.805ms
[819.307s][info][gc,phases   ] GC(140) Pause Mark End 0.009ms
[819.307s][info][gc,phases   ] GC(140) Concurrent Mark Free 0.001ms
[819.315s][info][gc,phases   ] GC(140) Concurrent Process Non-Strong References 8.088ms
[819.315s][info][gc,phases   ] GC(140) Concurrent Reset Relocation Set 0.173ms
[819.323s][info][gc,phases   ] GC(140) Concurrent Select Relocation Set 7.781ms
[819.323s][info][gc,phases   ] GC(140) Pause Relocate Start 0.005ms
[819.379s][info][gc,phases   ] GC(140) Concurrent Relocate 56.215ms
[819.380s][info][gc,load     ] GC(140) Load: 0.00/0.00/0.00
[819.380s][info][gc,mmu      ] GC(140) MMU: 2ms/0.0%, 5ms/0.0%, 10ms/27.5%, 20ms/63.8%, 50ms/85.5%, 100ms/92.8%
[819.380s][info][gc,marking  ] GC(140) Mark: 2 stripe(s), 2 proactive flush(es), 1 terminate flush(es), 0 completion(s), 0 continuation(s) 
[819.380s][info][gc,marking  ] GC(140) Mark Stack Usage: 32M
[819.380s][info][gc,nmethod  ] GC(140) NMethods: 10201 registered, 225 unregistered
[819.380s][info][gc,metaspace] GC(140) Metaspace: 131M used, 133M committed, 1152M reserved
[819.380s][info][gc,ref      ] GC(140) Soft: 6083 encountered, 0 discovered, 0 enqueued
[819.380s][info][gc,ref      ] GC(140) Weak: 23265 encountered, 527 discovered, 5 enqueued
[819.380s][info][gc,ref      ] GC(140) Final: 34 encountered, 0 discovered, 0 enqueued
[819.380s][info][gc,ref      ] GC(140) Phantom: 864 encountered, 695 discovered, 0 enqueued
[819.380s][info][gc,reloc    ] GC(140) Small Pages: 3508 / 7016M, Empty: 2570M, Relocated: 127M, In-Place: 0
[819.380s][info][gc,reloc    ] GC(140) Medium Pages: 2 / 64M, Empty: 0M, Relocated: 0M, In-Place: 0
[819.380s][info][gc,reloc    ] GC(140) Large Pages: 0 / 0M, Empty: 0M, Relocated: 0M, In-Place: 0
[819.380s][info][gc,reloc    ] GC(140) Forwarding Usage: 38M
[819.380s][info][gc,heap     ] GC(140) Min Capacity: 8192M(100%)
[819.380s][info][gc,heap     ] GC(140) Max Capacity: 8192M(100%)
[819.380s][info][gc,heap     ] GC(140) Soft Max Capacity: 8192M(100%)
[819.380s][info][gc,heap     ] GC(140)                Mark Start          Mark End        Relocate Start      Relocate End           High               Low         
[819.380s][info][gc,heap     ] GC(140)  Capacity:     8192M (100%)       8192M (100%)       8192M (100%)       8192M (100%)       8192M (100%)       8192M (100%)   
[819.380s][info][gc,heap     ] GC(140)      Free:     1112M (14%)         828M (10%)        3386M (41%)        7182M (88%)        7182M (88%)         820M (10%)    
[819.380s][info][gc,heap     ] GC(140)      Used:     7080M (86%)        7364M (90%)        4806M (59%)        1010M (12%)        7372M (90%)        1010M (12%)    
[819.380s][info][gc,heap     ] GC(140)      Live:         -               611M (7%)          611M (7%)          611M (7%)             -                  -          
[819.380s][info][gc,heap     ] GC(140) Allocated:         -               284M (3%)          296M (4%)          320M (4%)             -                  -          
[819.380s][info][gc,heap     ] GC(140)   Garbage:         -              6468M (79%)        3898M (48%)          77M (1%)             -                  -          
[819.380s][info][gc,heap     ] GC(140) Reclaimed:         -                  -              2570M (31%)        6390M (78%)            -                  -          
[819.380s][info][gc          ] GC(140) Garbage Collection (Allocation Rate) 7080M(86%)->1010M(12%)
[820.268s][info][gc,stats    ] === Garbage Collection Statistics =======================================================================================================================
[820.268s][info][gc,stats    ]                                                              Last 10s              Last 10m              Last 10h                Total
[820.268s][info][gc,stats    ]                                                              Avg / Max             Avg / Max             Avg / Max             Avg / Max
[820.268s][info][gc,stats    ]   Collector: Garbage Collection Cycle                    443.470 / 475.318     920.960 / 4817.329   1110.828 / 7809.708   1110.828 / 7809.708    ms
[820.268s][info][gc,stats    ]  Contention: Mark Segment Reset Contention                     0 / 2                 0 / 9                 0 / 9                 0 / 9           ops/s
[820.268s][info][gc,stats    ]  Contention: Mark SeqNum Reset Contention                      0 / 1                 0 / 1                 0 / 1                 0 / 1           ops/s
[820.268s][info][gc,stats    ]    Critical: Allocation Stall                                  0 / 0                 0 / 0                 0 / 0                 0 / 0           ops/s
[820.268s][info][gc,stats    ]    Critical: Allocation Stall                              0.000 / 0.000         0.000 / 0.000         0.000 / 0.000         0.000 / 0.000       ms
[820.268s][info][gc,stats    ]    Critical: GC Locker Stall                                   0 / 0                 0 / 2                 0 / 2                 0 / 2           ops/s
[820.268s][info][gc,stats    ]    Critical: GC Locker Stall                               0.000 / 0.000         0.030 / 0.151         0.040 / 0.151         0.040 / 0.151       ms
[820.268s][info][gc,stats    ]    Critical: Relocation Stall                                  0 / 0                 0 / 0                 0 / 0                 0 / 0           ops/s
[820.268s][info][gc,stats    ]    Critical: Relocation Stall                              0.000 / 0.000         0.000 / 0.000         0.000 / 0.000         0.000 / 0.000       ms
[820.268s][info][gc,stats    ]      Memory: Allocation Rate                                 972 / 1306            759 / 1548            701 / 1548            701 / 1548        MB/s
[820.268s][info][gc,stats    ]      Memory: Defragment                                        0 / 0                 0 / 0                 0 / 0                 0 / 0           ops/s
[820.268s][info][gc,stats    ]      Memory: Out Of Memory                                     0 / 0                 0 / 0                 0 / 0                 0 / 0           ops/s
[820.268s][info][gc,stats    ]      Memory: Page Cache Flush                                  0 / 0                 0 / 0                 0 / 0                 0 / 0           MB/s
[820.268s][info][gc,stats    ]      Memory: Page Cache Hit L1                               498 / 653             386 / 811             353 / 811             353 / 811         ops/s
[820.268s][info][gc,stats    ]      Memory: Page Cache Hit L2                                 0 / 0                 0 / 0                 0 / 0                 0 / 0           ops/s
[820.268s][info][gc,stats    ]      Memory: Page Cache Hit L3                                 0 / 0                 0 / 65                4 / 397               4 / 397         ops/s
[820.268s][info][gc,stats    ]      Memory: Page Cache Miss                                   0 / 0                 0 / 0                 0 / 1                 0 / 1           ops/s
[820.268s][info][gc,stats    ]      Memory: Uncommit                                          0 / 0                 0 / 0                 0 / 0                 0 / 0           MB/s
[820.268s][info][gc,stats    ]      Memory: Undo Object Allocation Failed                     0 / 0                 0 / 0                 0 / 0                 0 / 0           ops/s
[820.268s][info][gc,stats    ]      Memory: Undo Object Allocation Succeeded                  0 / 1                 2 / 400               2 / 400               2 / 400         ops/s
[820.268s][info][gc,stats    ]      Memory: Undo Page Allocation                              0 / 0                 0 / 1                 0 / 1                 0 / 1           ops/s
[820.268s][info][gc,stats    ]       Phase: Concurrent Mark                             341.912 / 345.020     693.506 / 4219.436    843.439 / 5264.294    843.439 / 5264.294    ms
[820.268s][info][gc,stats    ]       Phase: Concurrent Mark Continue                      0.000 / 0.000         0.000 / 0.000         0.000 / 0.000         0.000 / 0.000       ms
[820.268s][info][gc,stats    ]       Phase: Concurrent Mark Free                          0.001 / 0.001         0.001 / 0.003         0.001 / 0.003         0.001 / 0.003       ms
[820.268s][info][gc,stats    ]       Phase: Concurrent Process Non-Strong References      9.049 / 10.011       38.065 / 1493.667     31.746 / 1493.667     31.746 / 1493.667    ms
[820.268s][info][gc,stats    ]       Phase: Concurrent Relocate                          69.222 / 82.229       56.368 / 150.321      53.715 / 150.389      53.715 / 150.389     ms
[820.268s][info][gc,stats    ]       Phase: Concurrent Reset Relocation Set               0.163 / 0.173         0.159 / 0.465         0.137 / 0.465         0.137 / 0.465       ms
[820.268s][info][gc,stats    ]       Phase: Concurrent Select Relocation Set             22.528 / 37.275      124.068 / 2796.200    174.005 / 2796.200    174.005 / 2796.200    ms
[820.268s][info][gc,stats    ]       Phase: Pause Mark End                                0.009 / 0.009         0.078 / 4.475         0.064 / 4.475         0.064 / 4.475       ms
[820.269s][info][gc,stats    ]       Phase: Pause Mark Start                              0.006 / 0.006         0.010 / 0.359         0.060 / 7.250         0.060 / 7.250       ms
[820.269s][info][gc,stats    ]       Phase: Pause Relocate Start                          0.009 / 0.013         0.034 / 1.046         0.027 / 1.046         0.027 / 1.046       ms
[820.269s][info][gc,stats    ]    Subphase: Concurrent Classes Purge                      0.300 / 0.596         0.502 / 3.495         0.632 / 5.775         0.632 / 5.775       ms
[820.269s][info][gc,stats    ]    Subphase: Concurrent Classes Unlink                     6.827 / 7.188        29.737 / 1489.339     23.993 / 1489.339     23.993 / 1489.339    ms
[820.269s][info][gc,stats    ]    Subphase: Concurrent Mark                             339.920 / 343.661     655.300 / 4216.973    783.939 / 5176.991    783.939 / 5176.991    ms
[820.269s][info][gc,stats    ]    Subphase: Concurrent Mark Try Flush                     0.042 / 0.114         3.923 / 786.951       3.315 / 786.951       3.315 / 786.951     ms
[820.269s][info][gc,stats    ]    Subphase: Concurrent Mark Try Terminate                 0.471 / 1.509         1.011 / 10.682        1.017 / 12.169        1.017 / 12.169      ms
[820.269s][info][gc,stats    ]    Subphase: Concurrent References Enqueue                 0.001 / 0.001         0.002 / 0.005         0.002 / 0.006         0.002 / 0.006       ms
[820.269s][info][gc,stats    ]    Subphase: Concurrent References Process                 0.443 / 0.772         0.491 / 2.815         0.520 / 2.815         0.520 / 2.815       ms
[820.269s][info][gc,stats    ]    Subphase: Concurrent Roots ClassLoaderDataGraph         0.300 / 0.451         0.656 / 40.174        0.613 / 40.174        0.613 / 40.174      ms
[820.269s][info][gc,stats    ]    Subphase: Concurrent Roots CodeCache                    0.000 / 0.000         0.000 / 0.000         0.000 / 0.000         0.000 / 0.000       ms
[820.269s][info][gc,stats    ]    Subphase: Concurrent Roots JavaThreads                  0.860 / 1.059         7.515 / 441.054       6.577 / 441.054       6.577 / 441.054     ms
[820.269s][info][gc,stats    ]    Subphase: Concurrent Roots OopStorageSet                0.076 / 0.091         1.766 / 136.487       1.188 / 136.487       1.188 / 136.487     ms
[820.269s][info][gc,stats    ]    Subphase: Concurrent Weak Roots OopStorageSet           1.195 / 1.240         1.884 / 11.047        1.765 / 11.047        1.765 / 11.047      ms
[820.269s][info][gc,stats    ]    Subphase: Pause Mark Try Complete                       0.000 / 0.000         0.001 / 0.003         0.001 / 0.003         0.001 / 0.003       ms
[820.269s][info][gc,stats    ]      System: Java Threads                                     83 / 83               79 / 83               76 / 83               76 / 83          threads
[820.269s][info][gc,stats    ] =========================================================================================================================================================
[826.268s][info][gc,start    ] GC(141) Garbage Collection (Allocation Rate)
[826.268s][info][gc,task     ] GC(141) Using 2 workers
[826.268s][info][gc,phases   ] GC(141) Pause Mark Start 0.008ms
[826.595s][info][gc,phases   ] GC(141) Concurrent Mark 327.052ms
[826.595s][info][gc,phases   ] GC(141) Pause Mark End 0.008ms
[826.595s][info][gc,phases   ] GC(141) Concurrent Mark Free 0.000ms
[826.604s][info][gc,phases   ] GC(141) Concurrent Process Non-Strong References 8.838ms
[826.604s][info][gc,phases   ] GC(141) Concurrent Reset Relocation Set 0.158ms
[826.612s][info][gc,phases   ] GC(141) Concurrent Select Relocation Set 7.932ms
[826.613s][info][gc,phases   ] GC(141) Pause Relocate Start 0.007ms
[826.662s][info][gc,phases   ] GC(141) Concurrent Relocate 49.894ms
[826.663s][info][gc,load     ] GC(141) Load: 0.00/0.00/0.00
[826.663s][info][gc,mmu      ] GC(141) MMU: 2ms/0.0%, 5ms/0.0%, 10ms/27.5%, 20ms/63.8%, 50ms/85.5%, 100ms/92.8%
[826.663s][info][gc,marking  ] GC(141) Mark: 2 stripe(s), 2 proactive flush(es), 1 terminate flush(es), 0 completion(s), 0 continuation(s) 
[826.663s][info][gc,marking  ] GC(141) Mark Stack Usage: 32M
[826.663s][info][gc,nmethod  ] GC(141) NMethods: 10212 registered, 230 unregistered
[826.663s][info][gc,metaspace] GC(141) Metaspace: 131M used, 133M committed, 1152M reserved
[826.663s][info][gc,ref      ] GC(141) Soft: 6083 encountered, 0 discovered, 0 enqueued
[826.663s][info][gc,ref      ] GC(141) Weak: 23263 encountered, 6483 discovered, 2 enqueued
[826.663s][info][gc,ref      ] GC(141) Final: 34 encountered, 0 discovered, 0 enqueued
[826.663s][info][gc,ref      ] GC(141) Phantom: 867 encountered, 649 discovered, 0 enqueued
[826.663s][info][gc,reloc    ] GC(141) Small Pages: 3721 / 7442M, Empty: 3184M, Relocated: 106M, In-Place: 0
[826.663s][info][gc,reloc    ] GC(141) Medium Pages: 2 / 64M, Empty: 0M, Relocated: 0M, In-Place: 0
[826.663s][info][gc,reloc    ] GC(141) Large Pages: 0 / 0M, Empty: 0M, Relocated: 0M, In-Place: 0
[826.663s][info][gc,reloc    ] GC(141) Forwarding Usage: 34M
[826.663s][info][gc,heap     ] GC(141) Min Capacity: 8192M(100%)
[826.663s][info][gc,heap     ] GC(141) Max Capacity: 8192M(100%)
[826.663s][info][gc,heap     ] GC(141) Soft Max Capacity: 8192M(100%)
[826.663s][info][gc,heap     ] GC(141)                Mark Start          Mark End        Relocate Start      Relocate End           High               Low         
[826.663s][info][gc,heap     ] GC(141)  Capacity:     8192M (100%)       8192M (100%)       8192M (100%)       8192M (100%)       8192M (100%)       8192M (100%)   
[826.663s][info][gc,heap     ] GC(141)      Free:      686M (8%)          444M (5%)         3610M (44%)        7222M (88%)        7222M (88%)         434M (5%)     
[826.663s][info][gc,heap     ] GC(141)      Used:     7506M (92%)        7748M (95%)        4582M (56%)         970M (12%)        7758M (95%)         970M (12%)    
[826.663s][info][gc,heap     ] GC(141)      Live:         -               594M (7%)          594M (7%)          594M (7%)             -                  -          
[826.663s][info][gc,heap     ] GC(141) Allocated:         -               242M (3%)          260M (3%)          296M (4%)             -                  -          
[826.663s][info][gc,heap     ] GC(141)   Garbage:         -              6911M (84%)        3727M (46%)          79M (1%)             -                  -          
[826.663s][info][gc,heap     ] GC(141) Reclaimed:         -                  -              3184M (39%)        6832M (83%)            -                  -          
[826.663s][info][gc          ] GC(141) Garbage Collection (Allocation Rate) 7506M(92%)->970M(12%)
[830.268s][info][gc,stats    ] === Garbage Collection Statistics =======================================================================================================================
[830.268s][info][gc,stats    ]                                                              Last 10s              Last 10m              Last 10h                Total
[830.268s][info][gc,stats    ]                                                              Avg / Max             Avg / Max             Avg / Max             Avg / Max
[830.268s][info][gc,stats    ]   Collector: Garbage Collection Cycle                    394.612 / 394.612     903.121 / 4817.329   1105.784 / 7809.708   1105.784 / 7809.708    ms
[830.268s][info][gc,stats    ]  Contention: Mark Segment Reset Contention                     0 / 2                 0 / 9                 0 / 9                 0 / 9           ops/s
[830.268s][info][gc,stats    ]  Contention: Mark SeqNum Reset Contention                      0 / 0                 0 / 1                 0 / 1                 0 / 1           ops/s
[830.268s][info][gc,stats    ]    Critical: Allocation Stall                                  0 / 0                 0 / 0                 0 / 0                 0 / 0           ops/s
[830.268s][info][gc,stats    ]    Critical: Allocation Stall                              0.000 / 0.000         0.000 / 0.000         0.000 / 0.000         0.000 / 0.000       ms
[830.268s][info][gc,stats    ]    Critical: GC Locker Stall                                   0 / 0                 0 / 2                 0 / 2                 0 / 2           ops/s
[830.268s][info][gc,stats    ]    Critical: GC Locker Stall                               0.000 / 0.000         0.030 / 0.151         0.040 / 0.151         0.040 / 0.151       ms
[830.268s][info][gc,stats    ]    Critical: Relocation Stall                                  0 / 0                 0 / 0                 0 / 0                 0 / 0           ops/s
[830.268s][info][gc,stats    ]    Critical: Relocation Stall                              0.000 / 0.000         0.000 / 0.000         0.000 / 0.000         0.000 / 0.000       ms
[830.268s][info][gc,stats    ]      Memory: Allocation Rate                                 913 / 1166            765 / 1548            704 / 1548            704 / 1548        MB/s
[830.268s][info][gc,stats    ]      Memory: Defragment                                        0 / 0                 0 / 0                 0 / 0                 0 / 0           ops/s
[830.268s][info][gc,stats    ]      Memory: Out Of Memory                                     0 / 0                 0 / 0                 0 / 0                 0 / 0           ops/s
[830.268s][info][gc,stats    ]      Memory: Page Cache Flush                                  0 / 0                 0 / 0                 0 / 0                 0 / 0           MB/s
[830.268s][info][gc,stats    ]      Memory: Page Cache Hit L1                               462 / 583             390 / 811             354 / 811             354 / 811         ops/s
[830.268s][info][gc,stats    ]      Memory: Page Cache Hit L2                                 0 / 0                 0 / 0                 0 / 0                 0 / 0           ops/s
[830.268s][info][gc,stats    ]      Memory: Page Cache Hit L3                                 0 / 0                 0 / 65                4 / 397               4 / 397         ops/s
[830.268s][info][gc,stats    ]      Memory: Page Cache Miss                                   0 / 0                 0 / 0                 0 / 1                 0 / 1           ops/s
[830.268s][info][gc,stats    ]      Memory: Uncommit                                          0 / 0                 0 / 0                 0 / 0                 0 / 0           MB/s
[830.268s][info][gc,stats    ]      Memory: Undo Object Allocation Failed                     0 / 0                 0 / 0                 0 / 0                 0 / 0           ops/s
[830.268s][info][gc,stats    ]      Memory: Undo Object Allocation Succeeded                  0 / 0                 2 / 400               2 / 400               2 / 400         ops/s
[830.268s][info][gc,stats    ]      Memory: Undo Page Allocation                              0 / 0                 0 / 1                 0 / 1                 0 / 1           ops/s
[830.268s][info][gc,stats    ]       Phase: Concurrent Mark                             327.052 / 327.052     693.904 / 4219.436    839.802 / 5264.294    839.802 / 5264.294    ms
[830.268s][info][gc,stats    ]       Phase: Concurrent Mark Continue                      0.000 / 0.000         0.000 / 0.000         0.000 / 0.000         0.000 / 0.000       ms
[830.268s][info][gc,stats    ]       Phase: Concurrent Mark Free                          0.000 / 0.000         0.001 / 0.003         0.001 / 0.003         0.001 / 0.003       ms
[830.268s][info][gc,stats    ]       Phase: Concurrent Process Non-Strong References      8.838 / 8.838        23.280 / 500.082      31.585 / 1493.667     31.585 / 1493.667    ms
[830.268s][info][gc,stats    ]       Phase: Concurrent Relocate                          49.894 / 49.894       57.977 / 150.321      53.689 / 150.389      53.689 / 150.389     ms
[830.268s][info][gc,stats    ]       Phase: Concurrent Reset Relocation Set               0.158 / 0.158         0.163 / 0.465         0.137 / 0.465         0.137 / 0.465       ms
[830.268s][info][gc,stats    ]       Phase: Concurrent Select Relocation Set              7.932 / 7.932       123.267 / 2796.200    172.835 / 2796.200    172.835 / 2796.200    ms
[830.268s][info][gc,stats    ]       Phase: Pause Mark End                                0.008 / 0.008         0.080 / 4.475         0.063 / 4.475         0.063 / 4.475       ms
[830.268s][info][gc,stats    ]       Phase: Pause Mark Start                              0.008 / 0.008         0.010 / 0.359         0.060 / 7.250         0.060 / 7.250       ms
[830.269s][info][gc,stats    ]       Phase: Pause Relocate Start                          0.007 / 0.007         0.034 / 1.046         0.027 / 1.046         0.027 / 1.046       ms
[830.269s][info][gc,stats    ]    Subphase: Concurrent Classes Purge                      0.467 / 0.467         0.516 / 3.495         0.631 / 5.775         0.631 / 5.775       ms
[830.269s][info][gc,stats    ]    Subphase: Concurrent Classes Unlink                     6.484 / 6.484        14.845 / 255.200      23.870 / 1489.339     23.870 / 1489.339    ms
[830.269s][info][gc,stats    ]    Subphase: Concurrent Mark                             324.981 / 325.655     656.087 / 4216.973    780.114 / 5176.991    780.114 / 5176.991    ms
[830.269s][info][gc,stats    ]    Subphase: Concurrent Mark Try Flush                     0.049 / 0.068         3.999 / 786.951       3.292 / 786.951       3.292 / 786.951     ms
[830.269s][info][gc,stats    ]    Subphase: Concurrent Mark Try Terminate                 0.697 / 1.439         1.013 / 10.682        1.017 / 12.169        1.017 / 12.169      ms
[830.269s][info][gc,stats    ]    Subphase: Concurrent References Enqueue                 0.001 / 0.001         0.002 / 0.005         0.002 / 0.006         0.002 / 0.006       ms
[830.269s][info][gc,stats    ]    Subphase: Concurrent References Process                 0.442 / 0.442         0.483 / 2.815         0.519 / 2.815         0.519 / 2.815       ms
[830.269s][info][gc,stats    ]    Subphase: Concurrent Roots ClassLoaderDataGraph         0.325 / 0.472         0.666 / 40.174        0.610 / 40.174        0.610 / 40.174      ms
[830.269s][info][gc,stats    ]    Subphase: Concurrent Roots CodeCache                    0.000 / 0.000         0.000 / 0.000         0.000 / 0.000         0.000 / 0.000       ms
[830.269s][info][gc,stats    ]    Subphase: Concurrent Roots JavaThreads                  0.844 / 0.989         7.631 / 441.054       6.529 / 441.054       6.529 / 441.054     ms
[830.269s][info][gc,stats    ]    Subphase: Concurrent Roots OopStorageSet                0.122 / 0.123         1.811 / 136.487       1.179 / 136.487       1.179 / 136.487     ms
[830.269s][info][gc,stats    ]    Subphase: Concurrent Weak Roots OopStorageSet           1.212 / 1.215         1.892 / 11.047        1.760 / 11.047        1.760 / 11.047      ms
[830.269s][info][gc,stats    ]    Subphase: Pause Mark Try Complete                       0.000 / 0.000         0.001 / 0.003         0.001 / 0.003         0.001 / 0.003       ms
[830.269s][info][gc,stats    ]      System: Java Threads                                     83 / 83               79 / 83               76 / 83               76 / 83          threads
[830.269s][info][gc,stats    ] =========================================================================================================================================================
[835.468s][info][gc,start    ] GC(142) Garbage Collection (Allocation Rate)
[835.468s][info][gc,task     ] GC(142) Using 1 workers
[835.468s][info][gc,phases   ] GC(142) Pause Mark Start 0.004ms
[836.101s][info][gc,phases   ] GC(142) Concurrent Mark 633.299ms
[836.101s][info][gc,phases   ] GC(142) Pause Mark End 0.015ms
[836.101s][info][gc,phases   ] GC(142) Concurrent Mark Free 0.001ms
[836.120s][info][gc,phases   ] GC(142) Concurrent Process Non-Strong References 18.179ms
[836.120s][info][gc,phases   ] GC(142) Concurrent Reset Relocation Set 0.189ms
[836.125s][info][gc,phases   ] GC(142) Concurrent Select Relocation Set 5.207ms
[836.125s][info][gc,phases   ] GC(142) Pause Relocate Start 0.007ms
[836.190s][info][gc,phases   ] GC(142) Concurrent Relocate 64.292ms
[836.190s][info][gc,load     ] GC(142) Load: 0.00/0.00/0.00
[836.190s][info][gc,mmu      ] GC(142) MMU: 2ms/0.0%, 5ms/0.0%, 10ms/27.5%, 20ms/63.8%, 50ms/85.5%, 100ms/92.8%
[836.190s][info][gc,marking  ] GC(142) Mark: 1 stripe(s), 2 proactive flush(es), 1 terminate flush(es), 0 completion(s), 0 continuation(s) 
[836.190s][info][gc,marking  ] GC(142) Mark Stack Usage: 32M
[836.190s][info][gc,nmethod  ] GC(142) NMethods: 10220 registered, 234 unregistered
[836.190s][info][gc,metaspace] GC(142) Metaspace: 131M used, 133M committed, 1152M reserved
[836.190s][info][gc,ref      ] GC(142) Soft: 6083 encountered, 0 discovered, 0 enqueued
[836.190s][info][gc,ref      ] GC(142) Weak: 23265 encountered, 12463 discovered, 1 enqueued
[836.190s][info][gc,ref      ] GC(142) Final: 34 encountered, 0 discovered, 0 enqueued
[836.190s][info][gc,ref      ] GC(142) Phantom: 873 encountered, 582 discovered, 0 enqueued
[836.190s][info][gc,reloc    ] GC(142) Small Pages: 3600 / 7200M, Empty: 2588M, Relocated: 89M, In-Place: 0
[836.190s][info][gc,reloc    ] GC(142) Medium Pages: 2 / 64M, Empty: 0M, Relocated: 0M, In-Place: 0
[836.190s][info][gc,reloc    ] GC(142) Large Pages: 0 / 0M, Empty: 0M, Relocated: 0M, In-Place: 0
[836.190s][info][gc,reloc    ] GC(142) Forwarding Usage: 29M
[836.190s][info][gc,heap     ] GC(142) Min Capacity: 8192M(100%)
[836.190s][info][gc,heap     ] GC(142) Max Capacity: 8192M(100%)
[836.190s][info][gc,heap     ] GC(142) Soft Max Capacity: 8192M(100%)
[836.190s][info][gc,heap     ] GC(142)                Mark Start          Mark End        Relocate Start      Relocate End           High               Low         
[836.190s][info][gc,heap     ] GC(142)  Capacity:     8192M (100%)       8192M (100%)       8192M (100%)       8192M (100%)       8192M (100%)       8192M (100%)   
[836.190s][info][gc,heap     ] GC(142)      Free:      928M (11%)         456M (6%)         3020M (37%)        6996M (85%)        6996M (85%)         436M (5%)     
[836.190s][info][gc,heap     ] GC(142)      Used:     7264M (89%)        7736M (94%)        5172M (63%)        1196M (15%)        7756M (95%)        1196M (15%)    
[836.190s][info][gc,heap     ] GC(142)      Live:         -               573M (7%)          573M (7%)          573M (7%)             -                  -          
[836.190s][info][gc,heap     ] GC(142) Allocated:         -               472M (6%)          496M (6%)          546M (7%)             -                  -          
[836.190s][info][gc,heap     ] GC(142)   Garbage:         -              6690M (82%)        4102M (50%)          76M (1%)             -                  -          
[836.190s][info][gc,heap     ] GC(142) Reclaimed:         -                  -              2588M (32%)        6614M (81%)            -                  -          
[836.190s][info][gc          ] GC(142) Garbage Collection (Allocation Rate) 7264M(89%)->1196M(15%)
[840.268s][info][gc,stats    ] === Garbage Collection Statistics =======================================================================================================================
[840.268s][info][gc,stats    ]                                                              Last 10s              Last 10m              Last 10h                Total
[840.268s][info][gc,stats    ]                                                              Avg / Max             Avg / Max             Avg / Max             Avg / Max
[840.268s][info][gc,stats    ]   Collector: Garbage Collection Cycle                    721.811 / 721.811     900.608 / 4817.329   1103.099 / 7809.708   1103.099 / 7809.708    ms
[840.268s][info][gc,stats    ]  Contention: Mark Segment Reset Contention                     0 / 0                 0 / 9                 0 / 9                 0 / 9           ops/s
[840.268s][info][gc,stats    ]  Contention: Mark SeqNum Reset Contention                      0 / 0                 0 / 1                 0 / 1                 0 / 1           ops/s
[840.268s][info][gc,stats    ]    Critical: Allocation Stall                                  0 / 0                 0 / 0                 0 / 0                 0 / 0           ops/s
[840.268s][info][gc,stats    ]    Critical: Allocation Stall                              0.000 / 0.000         0.000 / 0.000         0.000 / 0.000         0.000 / 0.000       ms
[840.268s][info][gc,stats    ]    Critical: GC Locker Stall                                   0 / 0                 0 / 2                 0 / 2                 0 / 2           ops/s
[840.268s][info][gc,stats    ]    Critical: GC Locker Stall                               0.000 / 0.000         0.030 / 0.151         0.040 / 0.151         0.040 / 0.151       ms
[840.268s][info][gc,stats    ]    Critical: Relocation Stall                                  0 / 0                 0 / 0                 0 / 0                 0 / 0           ops/s
[840.268s][info][gc,stats    ]    Critical: Relocation Stall                              0.000 / 0.000         0.000 / 0.000         0.000 / 0.000         0.000 / 0.000       ms
[840.268s][info][gc,stats    ]      Memory: Allocation Rate                                 766 / 1144            765 / 1548            705 / 1548            705 / 1548        MB/s
[840.268s][info][gc,stats    ]      Memory: Defragment                                        0 / 0                 0 / 0                 0 / 0                 0 / 0           ops/s
[840.268s][info][gc,stats    ]      Memory: Out Of Memory                                     0 / 0                 0 / 0                 0 / 0                 0 / 0           ops/s
[840.268s][info][gc,stats    ]      Memory: Page Cache Flush                                  0 / 0                 0 / 0                 0 / 0                 0 / 0           MB/s
[840.268s][info][gc,stats    ]      Memory: Page Cache Hit L1                               387 / 572             390 / 811             354 / 811             354 / 811         ops/s
[840.268s][info][gc,stats    ]      Memory: Page Cache Hit L2                                 0 / 0                 0 / 0                 0 / 0                 0 / 0           ops/s
[840.268s][info][gc,stats    ]      Memory: Page Cache Hit L3                                 0 / 0                 0 / 65                4 / 397               4 / 397         ops/s
[840.268s][info][gc,stats    ]      Memory: Page Cache Miss                                   0 / 0                 0 / 0                 0 / 1                 0 / 1           ops/s
[840.268s][info][gc,stats    ]      Memory: Uncommit                                          0 / 0                 0 / 0                 0 / 0                 0 / 0           MB/s
[840.268s][info][gc,stats    ]      Memory: Undo Object Allocation Failed                     0 / 0                 0 / 0                 0 / 0                 0 / 0           ops/s
[840.268s][info][gc,stats    ]      Memory: Undo Object Allocation Succeeded                  0 / 0                 2 / 400               2 / 400               2 / 400         ops/s
[840.268s][info][gc,stats    ]      Memory: Undo Page Allocation                              0 / 0                 0 / 1                 0 / 1                 0 / 1           ops/s
[840.268s][info][gc,stats    ]       Phase: Concurrent Mark                             633.299 / 633.299     691.167 / 4219.436    838.358 / 5264.294    838.358 / 5264.294    ms
[840.268s][info][gc,stats    ]       Phase: Concurrent Mark Continue                      0.000 / 0.000         0.000 / 0.000         0.000 / 0.000         0.000 / 0.000       ms
[840.268s][info][gc,stats    ]       Phase: Concurrent Mark Free                          0.001 / 0.001         0.001 / 0.003         0.001 / 0.003         0.001 / 0.003       ms
[840.268s][info][gc,stats    ]       Phase: Concurrent Process Non-Strong References     18.179 / 18.179       23.340 / 500.082      31.491 / 1493.667     31.491 / 1493.667    ms
[840.268s][info][gc,stats    ]       Phase: Concurrent Relocate                          64.292 / 64.292       58.276 / 150.321      53.763 / 150.389      53.763 / 150.389     ms
[840.268s][info][gc,stats    ]       Phase: Concurrent Reset Relocation Set               0.189 / 0.189         0.161 / 0.465         0.137 / 0.465         0.137 / 0.465       ms
[840.268s][info][gc,stats    ]       Phase: Concurrent Select Relocation Set              5.207 / 5.207       123.257 / 2796.200    171.663 / 2796.200    171.663 / 2796.200    ms
[840.268s][info][gc,stats    ]       Phase: Pause Mark End                                0.015 / 0.015         0.080 / 4.475         0.063 / 4.475         0.063 / 4.475       ms
[840.268s][info][gc,stats    ]       Phase: Pause Mark Start                              0.004 / 0.004         0.010 / 0.359         0.059 / 7.250         0.059 / 7.250       ms
[840.268s][info][gc,stats    ]       Phase: Pause Relocate Start                          0.007 / 0.007         0.034 / 1.046         0.027 / 1.046         0.027 / 1.046       ms
[840.268s][info][gc,stats    ]    Subphase: Concurrent Classes Purge                      0.321 / 0.321         0.517 / 3.495         0.629 / 5.775         0.629 / 5.775       ms
[840.268s][info][gc,stats    ]    Subphase: Concurrent Classes Unlink                    13.583 / 13.583       14.909 / 255.200      23.798 / 1489.339     23.798 / 1489.339    ms
[840.268s][info][gc,stats    ]    Subphase: Concurrent Mark                             631.352 / 631.352     652.835 / 4216.973    779.497 / 5176.991    779.497 / 5176.991    ms
[840.268s][info][gc,stats    ]    Subphase: Concurrent Mark Try Flush                     0.061 / 0.080         3.970 / 786.951       3.270 / 786.951       3.270 / 786.951     ms
[840.268s][info][gc,stats    ]    Subphase: Concurrent Mark Try Terminate                 0.025 / 0.051         1.013 / 10.682        1.016 / 12.169        1.016 / 12.169      ms
[840.268s][info][gc,stats    ]    Subphase: Concurrent References Enqueue                 0.002 / 0.002         0.002 / 0.005         0.002 / 0.006         0.002 / 0.006       ms
[840.268s][info][gc,stats    ]    Subphase: Concurrent References Process                 1.328 / 1.328         0.495 / 2.815         0.525 / 2.815         0.525 / 2.815       ms
[840.268s][info][gc,stats    ]    Subphase: Concurrent Roots ClassLoaderDataGraph         0.305 / 0.305         0.667 / 40.174        0.609 / 40.174        0.609 / 40.174      ms
[840.268s][info][gc,stats    ]    Subphase: Concurrent Roots CodeCache                    0.000 / 0.000         0.000 / 0.000         0.000 / 0.000         0.000 / 0.000       ms
[840.268s][info][gc,stats    ]    Subphase: Concurrent Roots JavaThreads                  1.423 / 1.423         7.668 / 441.054       6.508 / 441.054       6.508 / 441.054     ms
[840.268s][info][gc,stats    ]    Subphase: Concurrent Roots OopStorageSet                0.072 / 0.072         1.821 / 136.487       1.174 / 136.487       1.174 / 136.487     ms
[840.268s][info][gc,stats    ]    Subphase: Concurrent Weak Roots OopStorageSet           2.499 / 2.499         1.903 / 11.047        1.763 / 11.047        1.763 / 11.047      ms
[840.268s][info][gc,stats    ]    Subphase: Pause Mark Try Complete                       0.000 / 0.000         0.001 / 0.003         0.001 / 0.003         0.001 / 0.003       ms
[840.268s][info][gc,stats    ]      System: Java Threads                                     83 / 83               79 / 83               76 / 83               76 / 83          threads
[840.268s][info][gc,stats    ] =========================================================================================================================================================
[842.268s][info][gc,start    ] GC(143) Garbage Collection (Allocation Rate)
[842.269s][info][gc,task     ] GC(143) Using 1 workers
[842.269s][info][gc,phases   ] GC(143) Pause Mark Start 0.015ms
[843.010s][info][gc,phases   ] GC(143) Concurrent Mark 740.796ms
[843.010s][info][gc,phases   ] GC(143) Pause Mark End 0.008ms
[843.010s][info][gc,phases   ] GC(143) Concurrent Mark Free 0.001ms
[843.029s][info][gc,phases   ] GC(143) Concurrent Process Non-Strong References 19.253ms
[843.029s][info][gc,phases   ] GC(143) Concurrent Reset Relocation Set 0.179ms
[843.056s][info][gc,phases   ] GC(143) Concurrent Select Relocation Set 26.738ms
[843.056s][info][gc,phases   ] GC(143) Pause Relocate Start 0.011ms
[843.206s][info][gc,phases   ] GC(143) Concurrent Relocate 149.824ms
[843.206s][info][gc,load     ] GC(143) Load: 0.00/0.00/0.00
[843.206s][info][gc,mmu      ] GC(143) MMU: 2ms/0.0%, 5ms/0.0%, 10ms/27.5%, 20ms/63.8%, 50ms/85.5%, 100ms/92.8%
[843.206s][info][gc,marking  ] GC(143) Mark: 1 stripe(s), 2 proactive flush(es), 1 terminate flush(es), 0 completion(s), 0 continuation(s) 
[843.206s][info][gc,marking  ] GC(143) Mark Stack Usage: 32M
[843.206s][info][gc,nmethod  ] GC(143) NMethods: 10222 registered, 238 unregistered
[843.206s][info][gc,metaspace] GC(143) Metaspace: 131M used, 133M committed, 1152M reserved
[843.206s][info][gc,ref      ] GC(143) Soft: 6083 encountered, 0 discovered, 0 enqueued
[843.206s][info][gc,ref      ] GC(143) Weak: 23268 encountered, 933 discovered, 1 enqueued
[843.206s][info][gc,ref      ] GC(143) Final: 34 encountered, 0 discovered, 0 enqueued
[843.206s][info][gc,ref      ] GC(143) Phantom: 879 encountered, 667 discovered, 0 enqueued
[843.206s][info][gc,reloc    ] GC(143) Small Pages: 3403 / 6806M, Empty: 1980M, Relocated: 127M, In-Place: 0
[843.206s][info][gc,reloc    ] GC(143) Medium Pages: 2 / 64M, Empty: 0M, Relocated: 0M, In-Place: 0
[843.206s][info][gc,reloc    ] GC(143) Large Pages: 0 / 0M, Empty: 0M, Relocated: 0M, In-Place: 0
[843.206s][info][gc,reloc    ] GC(143) Forwarding Usage: 39M
[843.206s][info][gc,heap     ] GC(143) Min Capacity: 8192M(100%)
[843.206s][info][gc,heap     ] GC(143) Max Capacity: 8192M(100%)
[843.206s][info][gc,heap     ] GC(143) Soft Max Capacity: 8192M(100%)
[843.206s][info][gc,heap     ] GC(143)                Mark Start          Mark End        Relocate Start      Relocate End           High               Low         
[843.206s][info][gc,heap     ] GC(143)  Capacity:     8192M (100%)       8192M (100%)       8192M (100%)       8192M (100%)       8192M (100%)       8192M (100%)   
[843.206s][info][gc,heap     ] GC(143)      Free:     1322M (16%)         602M (7%)         2542M (31%)        6610M (81%)        6610M (81%)         592M (7%)     
[843.206s][info][gc,heap     ] GC(143)      Used:     6870M (84%)        7590M (93%)        5650M (69%)        1582M (19%)        7600M (93%)        1582M (19%)    
[843.206s][info][gc,heap     ] GC(143)      Live:         -               612M (7%)          612M (7%)          612M (7%)             -                  -          
[843.206s][info][gc,heap     ] GC(143) Allocated:         -               720M (9%)          760M (9%)          890M (11%)            -                  -          
[843.206s][info][gc,heap     ] GC(143)   Garbage:         -              6257M (76%)        4277M (52%)          78M (1%)             -                  -          
[843.206s][info][gc,heap     ] GC(143) Reclaimed:         -                  -              1980M (24%)        6178M (75%)            -                  -          
[843.206s][info][gc          ] GC(143) Garbage Collection (Allocation Rate) 6870M(84%)->1582M(19%)
[848.667s][info][gc,start    ] GC(144) Garbage Collection (Allocation Rate)
[848.667s][info][gc,task     ] GC(144) Using 1 workers
[848.667s][info][gc,phases   ] GC(144) Pause Mark Start 0.005ms
[849.287s][info][gc,phases   ] GC(144) Concurrent Mark 619.337ms
[849.287s][info][gc,phases   ] GC(144) Pause Mark End 0.008ms
[849.287s][info][gc,phases   ] GC(144) Concurrent Mark Free 0.001ms
[849.303s][info][gc,phases   ] GC(144) Concurrent Process Non-Strong References 15.683ms
[849.303s][info][gc,phases   ] GC(144) Concurrent Reset Relocation Set 0.174ms
[849.308s][info][gc,phases   ] GC(144) Concurrent Select Relocation Set 4.961ms
[849.308s][info][gc,phases   ] GC(144) Pause Relocate Start 0.006ms
[849.381s][info][gc,phases   ] GC(144) Concurrent Relocate 72.819ms
[849.381s][info][gc,load     ] GC(144) Load: 0.00/0.00/0.00
[849.381s][info][gc,mmu      ] GC(144) MMU: 2ms/0.0%, 5ms/0.0%, 10ms/27.5%, 20ms/63.8%, 50ms/85.5%, 100ms/92.8%
[849.381s][info][gc,marking  ] GC(144) Mark: 1 stripe(s), 2 proactive flush(es), 1 terminate flush(es), 0 completion(s), 0 continuation(s) 
[849.381s][info][gc,marking  ] GC(144) Mark Stack Usage: 32M
[849.381s][info][gc,nmethod  ] GC(144) NMethods: 10239 registered, 239 unregistered
[849.381s][info][gc,metaspace] GC(144) Metaspace: 131M used, 133M committed, 1152M reserved
[849.381s][info][gc,ref      ] GC(144) Soft: 6083 encountered, 0 discovered, 0 enqueued
[849.381s][info][gc,ref      ] GC(144) Weak: 23270 encountered, 933 discovered, 3 enqueued
[849.381s][info][gc,ref      ] GC(144) Final: 34 encountered, 0 discovered, 0 enqueued
[849.381s][info][gc,ref      ] GC(144) Phantom: 882 encountered, 676 discovered, 0 enqueued
[849.381s][info][gc,reloc    ] GC(144) Small Pages: 3099 / 6198M, Empty: 1612M, Relocated: 108M, In-Place: 0
[849.381s][info][gc,reloc    ] GC(144) Medium Pages: 2 / 64M, Empty: 0M, Relocated: 0M, In-Place: 0
[849.381s][info][gc,reloc    ] GC(144) Large Pages: 0 / 0M, Empty: 0M, Relocated: 0M, In-Place: 0
[849.381s][info][gc,reloc    ] GC(144) Forwarding Usage: 33M
[849.381s][info][gc,heap     ] GC(144) Min Capacity: 8192M(100%)
[849.381s][info][gc,heap     ] GC(144) Max Capacity: 8192M(100%)
[849.381s][info][gc,heap     ] GC(144) Soft Max Capacity: 8192M(100%)
[849.381s][info][gc,heap     ] GC(144)                Mark Start          Mark End        Relocate Start      Relocate End           High               Low         
[849.381s][info][gc,heap     ] GC(144)  Capacity:     8192M (100%)       8192M (100%)       8192M (100%)       8192M (100%)       8192M (100%)       8192M (100%)   
[849.381s][info][gc,heap     ] GC(144)      Free:     1930M (24%)        1286M (16%)        2886M (35%)        6794M (83%)        6794M (83%)        1276M (16%)    
[849.381s][info][gc,heap     ] GC(144)      Used:     6262M (76%)        6906M (84%)        5306M (65%)        1398M (17%)        6916M (84%)        1398M (17%)    
[849.381s][info][gc,heap     ] GC(144)      Live:         -               595M (7%)          595M (7%)          595M (7%)             -                  -          
[849.381s][info][gc,heap     ] GC(144) Allocated:         -               644M (8%)          656M (8%)          724M (9%)             -                  -          
[849.381s][info][gc,heap     ] GC(144)   Garbage:         -              5666M (69%)        4054M (49%)          78M (1%)             -                  -          
[849.381s][info][gc,heap     ] GC(144) Reclaimed:         -                  -              1612M (20%)        5588M (68%)            -                  -          
[849.381s][info][gc          ] GC(144) Garbage Collection (Allocation Rate) 6262M(76%)->1398M(17%)
[850.268s][info][gc,stats    ] === Garbage Collection Statistics =======================================================================================================================
[850.268s][info][gc,stats    ]                                                              Last 10s              Last 10m              Last 10h                Total
[850.268s][info][gc,stats    ]                                                              Avg / Max             Avg / Max             Avg / Max             Avg / Max
[850.268s][info][gc,stats    ]   Collector: Garbage Collection Cycle                    825.570 / 937.586     881.239 / 4817.329   1099.271 / 7809.708   1099.271 / 7809.708    ms
[850.268s][info][gc,stats    ]  Contention: Mark Segment Reset Contention                     0 / 0                 0 / 9                 0 / 9                 0 / 9           ops/s
[850.268s][info][gc,stats    ]  Contention: Mark SeqNum Reset Contention                      0 / 0                 0 / 1                 0 / 1                 0 / 1           ops/s
[850.268s][info][gc,stats    ]    Critical: Allocation Stall                                  0 / 0                 0 / 0                 0 / 0                 0 / 0           ops/s
[850.268s][info][gc,stats    ]    Critical: Allocation Stall                              0.000 / 0.000         0.000 / 0.000         0.000 / 0.000         0.000 / 0.000       ms
[850.268s][info][gc,stats    ]    Critical: GC Locker Stall                                   0 / 0                 0 / 2                 0 / 2                 0 / 2           ops/s
[850.268s][info][gc,stats    ]    Critical: GC Locker Stall                               0.000 / 0.000         0.030 / 0.151         0.040 / 0.151         0.040 / 0.151       ms
[850.268s][info][gc,stats    ]    Critical: Relocation Stall                                  0 / 0                 0 / 0                 0 / 0                 0 / 0           ops/s
[850.268s][info][gc,stats    ]    Critical: Relocation Stall                              0.000 / 0.000         0.000 / 0.000         0.000 / 0.000         0.000 / 0.000       ms
[850.268s][info][gc,stats    ]      Memory: Allocation Rate                                 872 / 1136            772 / 1548            707 / 1548            707 / 1548        MB/s
[850.268s][info][gc,stats    ]      Memory: Defragment                                        0 / 0                 0 / 0                 0 / 0                 0 / 0           ops/s
[850.268s][info][gc,stats    ]      Memory: Out Of Memory                                     0 / 0                 0 / 0                 0 / 0                 0 / 0           ops/s
[850.268s][info][gc,stats    ]      Memory: Page Cache Flush                                  0 / 0                 0 / 0                 0 / 0                 0 / 0           MB/s
[850.268s][info][gc,stats    ]      Memory: Page Cache Hit L1                               448 / 568             393 / 811             356 / 811             356 / 811         ops/s
[850.268s][info][gc,stats    ]      Memory: Page Cache Hit L2                                 0 / 0                 0 / 0                 0 / 0                 0 / 0           ops/s
[850.268s][info][gc,stats    ]      Memory: Page Cache Hit L3                                 0 / 0                 0 / 65                4 / 397               4 / 397         ops/s
[850.268s][info][gc,stats    ]      Memory: Page Cache Miss                                   0 / 0                 0 / 0                 0 / 1                 0 / 1           ops/s
[850.268s][info][gc,stats    ]      Memory: Uncommit                                          0 / 0                 0 / 0                 0 / 0                 0 / 0           MB/s
[850.269s][info][gc,stats    ]      Memory: Undo Object Allocation Failed                     0 / 0                 0 / 0                 0 / 0                 0 / 0           ops/s
[850.269s][info][gc,stats    ]      Memory: Undo Object Allocation Succeeded                  2 / 21                2 / 400               2 / 400               2 / 400         ops/s
[850.269s][info][gc,stats    ]      Memory: Undo Page Allocation                              0 / 0                 0 / 1                 0 / 1                 0 / 1           ops/s
[850.269s][info][gc,stats    ]       Phase: Concurrent Mark                             680.067 / 740.796     676.987 / 4219.436    836.175 / 5264.294    836.175 / 5264.294    ms
[850.269s][info][gc,stats    ]       Phase: Concurrent Mark Continue                      0.000 / 0.000         0.000 / 0.000         0.000 / 0.000         0.000 / 0.000       ms
[850.269s][info][gc,stats    ]       Phase: Concurrent Mark Free                          0.001 / 0.001         0.001 / 0.003         0.001 / 0.003         0.001 / 0.003       ms
[850.269s][info][gc,stats    ]       Phase: Concurrent Process Non-Strong References     17.468 / 19.253       23.480 / 500.082      31.298 / 1493.667     31.298 / 1493.667    ms
[850.269s][info][gc,stats    ]       Phase: Concurrent Relocate                         111.321 / 149.824      59.187 / 150.321      54.557 / 150.389      54.557 / 150.389     ms
[850.269s][info][gc,stats    ]       Phase: Concurrent Reset Relocation Set               0.176 / 0.179         0.163 / 0.465         0.138 / 0.465         0.138 / 0.465       ms
[850.269s][info][gc,stats    ]       Phase: Concurrent Select Relocation Set             15.850 / 26.738      117.254 / 2796.200    169.514 / 2796.200    169.514 / 2796.200    ms
[850.269s][info][gc,stats    ]       Phase: Pause Mark End                                0.008 / 0.008         0.079 / 4.475         0.062 / 4.475         0.062 / 4.475       ms
[850.269s][info][gc,stats    ]       Phase: Pause Mark Start                              0.010 / 0.015         0.010 / 0.359         0.058 / 7.250         0.058 / 7.250       ms
[850.269s][info][gc,stats    ]       Phase: Pause Relocate Start                          0.009 / 0.011         0.034 / 1.046         0.027 / 1.046         0.027 / 1.046       ms
[850.269s][info][gc,stats    ]    Subphase: Concurrent Classes Purge                      0.017 / 0.026         0.515 / 3.495         0.620 / 5.775         0.620 / 5.775       ms
[850.269s][info][gc,stats    ]    Subphase: Concurrent Classes Unlink                    14.268 / 16.040       15.065 / 255.200      23.666 / 1489.339     23.666 / 1489.339    ms
[850.269s][info][gc,stats    ]    Subphase: Concurrent Mark                             677.632 / 737.874     635.531 / 4216.973    778.659 / 5176.991    778.659 / 5176.991    ms
[850.269s][info][gc,stats    ]    Subphase: Concurrent Mark Try Flush                     0.051 / 0.071         3.947 / 786.951       3.227 / 786.951       3.227 / 786.951     ms
[850.269s][info][gc,stats    ]    Subphase: Concurrent Mark Try Terminate                 0.016 / 0.051         1.012 / 10.682        1.014 / 12.169        1.014 / 12.169      ms
[850.269s][info][gc,stats    ]    Subphase: Concurrent References Enqueue                 0.002 / 0.002         0.002 / 0.005         0.002 / 0.006         0.002 / 0.006       ms
[850.269s][info][gc,stats    ]    Subphase: Concurrent References Process                 0.208 / 0.212         0.490 / 2.815         0.520 / 2.815         0.520 / 2.815       ms
[850.269s][info][gc,stats    ]    Subphase: Concurrent Roots ClassLoaderDataGraph         0.552 / 0.813         0.675 / 40.174        0.609 / 40.174        0.609 / 40.174      ms
[850.269s][info][gc,stats    ]    Subphase: Concurrent Roots CodeCache                    0.000 / 0.000         0.000 / 0.000         0.000 / 0.000         0.000 / 0.000       ms
[850.269s][info][gc,stats    ]    Subphase: Concurrent Roots JavaThreads                  1.616 / 1.820         7.088 / 441.054       6.468 / 441.054       6.468 / 441.054     ms
[850.269s][info][gc,stats    ]    Subphase: Concurrent Roots OopStorageSet                0.142 / 0.210         1.845 / 136.487       1.166 / 136.487       1.166 / 136.487     ms
[850.269s][info][gc,stats    ]    Subphase: Concurrent Weak Roots OopStorageSet           2.524 / 2.613         1.924 / 11.047        1.769 / 11.047        1.769 / 11.047      ms
[850.269s][info][gc,stats    ]    Subphase: Pause Mark Try Complete                       0.000 / 0.000         0.001 / 0.003         0.001 / 0.003         0.001 / 0.003       ms
[850.269s][info][gc,stats    ]      System: Java Threads                                     83 / 83               79 / 83               76 / 83               76 / 83          threads
[850.269s][info][gc,stats    ] =========================================================================================================================================================
[855.369s][info][gc,start    ] GC(145) Garbage Collection (Allocation Rate)
[855.369s][info][gc,task     ] GC(145) Using 1 workers
[855.369s][info][gc,phases   ] GC(145) Pause Mark Start 0.004ms
[855.979s][info][gc,phases   ] GC(145) Concurrent Mark 610.171ms
[855.979s][info][gc,phases   ] GC(145) Pause Mark End 0.010ms
[855.979s][info][gc,phases   ] GC(145) Concurrent Mark Free 0.000ms
[856.009s][info][gc,phases   ] GC(145) Concurrent Process Non-Strong References 29.474ms
[856.009s][info][gc,phases   ] GC(145) Concurrent Reset Relocation Set 0.186ms
[856.015s][info][gc,phases   ] GC(145) Concurrent Select Relocation Set 6.027ms
[856.015s][info][gc,phases   ] GC(145) Pause Relocate Start 0.008ms
[856.089s][info][gc,phases   ] GC(145) Concurrent Relocate 73.605ms
[856.089s][info][gc,load     ] GC(145) Load: 0.00/0.00/0.00
[856.089s][info][gc,mmu      ] GC(145) MMU: 2ms/0.0%, 5ms/0.0%, 10ms/27.5%, 20ms/63.8%, 50ms/85.5%, 100ms/92.8%
[856.089s][info][gc,marking  ] GC(145) Mark: 1 stripe(s), 2 proactive flush(es), 1 terminate flush(es), 0 completion(s), 0 continuation(s) 
[856.089s][info][gc,marking  ] GC(145) Mark Stack Usage: 32M
[856.089s][info][gc,nmethod  ] GC(145) NMethods: 10251 registered, 245 unregistered
[856.089s][info][gc,metaspace] GC(145) Metaspace: 131M used, 133M committed, 1152M reserved
[856.089s][info][gc,ref      ] GC(145) Soft: 6083 encountered, 0 discovered, 0 enqueued
[856.089s][info][gc,ref      ] GC(145) Weak: 23269 encountered, 12463 discovered, 0 enqueued
[856.089s][info][gc,ref      ] GC(145) Final: 34 encountered, 0 discovered, 0 enqueued
[856.089s][info][gc,ref      ] GC(145) Phantom: 885 encountered, 595 discovered, 0 enqueued
[856.089s][info][gc,reloc    ] GC(145) Small Pages: 3167 / 6334M, Empty: 2648M, Relocated: 80M, In-Place: 0
[856.089s][info][gc,reloc    ] GC(145) Medium Pages: 2 / 64M, Empty: 0M, Relocated: 0M, In-Place: 0
[856.089s][info][gc,reloc    ] GC(145) Large Pages: 0 / 0M, Empty: 0M, Relocated: 0M, In-Place: 0
[856.089s][info][gc,reloc    ] GC(145) Forwarding Usage: 27M
[856.089s][info][gc,heap     ] GC(145) Min Capacity: 8192M(100%)
[856.089s][info][gc,heap     ] GC(145) Max Capacity: 8192M(100%)
[856.089s][info][gc,heap     ] GC(145) Soft Max Capacity: 8192M(100%)
[856.089s][info][gc,heap     ] GC(145)                Mark Start          Mark End        Relocate Start      Relocate End           High               Low         
[856.089s][info][gc,heap     ] GC(145)  Capacity:     8192M (100%)       8192M (100%)       8192M (100%)       8192M (100%)       8192M (100%)       8192M (100%)   
[856.089s][info][gc,heap     ] GC(145)      Free:     1794M (22%)        1064M (13%)        3698M (45%)        6746M (82%)        6746M (82%)        1054M (13%)    
[856.089s][info][gc,heap     ] GC(145)      Used:     6398M (78%)        7128M (87%)        4494M (55%)        1446M (18%)        7138M (87%)        1446M (18%)    
[856.089s][info][gc,heap     ] GC(145)      Live:         -               572M (7%)          572M (7%)          572M (7%)             -                  -          
[856.089s][info][gc,heap     ] GC(145) Allocated:         -               730M (9%)          744M (9%)          794M (10%)            -                  -          
[856.089s][info][gc,heap     ] GC(145)   Garbage:         -              5825M (71%)        3177M (39%)          78M (1%)             -                  -          
[856.089s][info][gc,heap     ] GC(145) Reclaimed:         -                  -              2648M (32%)        5746M (70%)            -                  -          
[856.089s][info][gc          ] GC(145) Garbage Collection (Allocation Rate) 6398M(78%)->1446M(18%)
[860.268s][info][gc,stats    ] === Garbage Collection Statistics =======================================================================================================================
[860.268s][info][gc,stats    ]                                                              Last 10s              Last 10m              Last 10h                Total
[860.268s][info][gc,stats    ]                                                              Avg / Max             Avg / Max             Avg / Max             Avg / Max
[860.268s][info][gc,stats    ]   Collector: Garbage Collection Cycle                    720.303 / 720.303     879.583 / 4817.329   1096.676 / 7809.708   1096.676 / 7809.708    ms
[860.268s][info][gc,stats    ]  Contention: Mark Segment Reset Contention                     0 / 0                 0 / 9                 0 / 9                 0 / 9           ops/s
[860.268s][info][gc,stats    ]  Contention: Mark SeqNum Reset Contention                      0 / 0                 0 / 1                 0 / 1                 0 / 1           ops/s
[860.268s][info][gc,stats    ]    Critical: Allocation Stall                                  0 / 0                 0 / 0                 0 / 0                 0 / 0           ops/s
[860.268s][info][gc,stats    ]    Critical: Allocation Stall                              0.000 / 0.000         0.000 / 0.000         0.000 / 0.000         0.000 / 0.000       ms
[860.268s][info][gc,stats    ]    Critical: GC Locker Stall                                   0 / 1                 0 / 2                 0 / 2                 0 / 2           ops/s
[860.268s][info][gc,stats    ]    Critical: GC Locker Stall                               0.073 / 0.073         0.032 / 0.151         0.041 / 0.151         0.041 / 0.151       ms
[860.268s][info][gc,stats    ]    Critical: Relocation Stall                                  0 / 0                 0 / 0                 0 / 0                 0 / 0           ops/s
[860.268s][info][gc,stats    ]    Critical: Relocation Stall                              0.000 / 0.000         0.000 / 0.000         0.000 / 0.000         0.000 / 0.000       ms
[860.268s][info][gc,stats    ]      Memory: Allocation Rate                                 669 / 1038            771 / 1548            706 / 1548            706 / 1548        MB/s
[860.268s][info][gc,stats    ]      Memory: Defragment                                        0 / 0                 0 / 0                 0 / 0                 0 / 0           ops/s
[860.268s][info][gc,stats    ]      Memory: Out Of Memory                                     0 / 0                 0 / 0                 0 / 0                 0 / 0           ops/s
[860.268s][info][gc,stats    ]      Memory: Page Cache Flush                                  0 / 0                 0 / 0                 0 / 0                 0 / 0           MB/s
[860.268s][info][gc,stats    ]      Memory: Page Cache Hit L1                               338 / 559             392 / 811             355 / 811             355 / 811         ops/s
[860.268s][info][gc,stats    ]      Memory: Page Cache Hit L2                                 0 / 0                 0 / 0                 0 / 0                 0 / 0           ops/s
[860.268s][info][gc,stats    ]      Memory: Page Cache Hit L3                                 0 / 0                 0 / 65                4 / 397               4 / 397         ops/s
[860.268s][info][gc,stats    ]      Memory: Page Cache Miss                                   0 / 0                 0 / 0                 0 / 1                 0 / 1           ops/s
[860.268s][info][gc,stats    ]      Memory: Uncommit                                          0 / 0                 0 / 0                 0 / 0                 0 / 0           MB/s
[860.268s][info][gc,stats    ]      Memory: Undo Object Allocation Failed                     0 / 0                 0 / 0                 0 / 0                 0 / 0           ops/s
[860.268s][info][gc,stats    ]      Memory: Undo Object Allocation Succeeded                  0 / 1                 2 / 400               2 / 400               2 / 400         ops/s
[860.268s][info][gc,stats    ]      Memory: Undo Page Allocation                              0 / 0                 0 / 1                 0 / 1                 0 / 1           ops/s
[860.268s][info][gc,stats    ]       Phase: Concurrent Mark                             610.171 / 610.171     675.032 / 4219.436    834.627 / 5264.294    834.627 / 5264.294    ms
[860.268s][info][gc,stats    ]       Phase: Concurrent Mark Continue                      0.000 / 0.000         0.000 / 0.000         0.000 / 0.000         0.000 / 0.000       ms
[860.268s][info][gc,stats    ]       Phase: Concurrent Mark Free                          0.000 / 0.000         0.001 / 0.003         0.001 / 0.003         0.001 / 0.003       ms
[860.268s][info][gc,stats    ]       Phase: Concurrent Process Non-Strong References     29.474 / 29.474       23.697 / 500.082      31.285 / 1493.667     31.285 / 1493.667    ms
[860.268s][info][gc,stats    ]       Phase: Concurrent Relocate                          73.605 / 73.605       59.358 / 150.321      54.687 / 150.389      54.687 / 150.389     ms
[860.268s][info][gc,stats    ]       Phase: Concurrent Reset Relocation Set               0.186 / 0.186         0.163 / 0.465         0.138 / 0.465         0.138 / 0.465       ms
[860.268s][info][gc,stats    ]       Phase: Concurrent Select Relocation Set              6.027 / 6.027       117.260 / 2796.200    168.394 / 2796.200    168.394 / 2796.200    ms
[860.268s][info][gc,stats    ]       Phase: Pause Mark End                                0.010 / 0.010         0.079 / 4.475         0.062 / 4.475         0.062 / 4.475       ms
[860.268s][info][gc,stats    ]       Phase: Pause Mark Start                              0.004 / 0.004         0.010 / 0.359         0.058 / 7.250         0.058 / 7.250       ms
[860.268s][info][gc,stats    ]       Phase: Pause Relocate Start                          0.008 / 0.008         0.034 / 1.046         0.026 / 1.046         0.026 / 1.046       ms
[860.268s][info][gc,stats    ]    Subphase: Concurrent Classes Purge                      0.049 / 0.049         0.514 / 3.495         0.616 / 5.775         0.616 / 5.775       ms
[860.268s][info][gc,stats    ]    Subphase: Concurrent Classes Unlink                    20.599 / 20.599       15.216 / 255.200      23.645 / 1489.339     23.645 / 1489.339    ms
[860.268s][info][gc,stats    ]    Subphase: Concurrent Mark                             608.110 / 608.110     633.223 / 4216.973    777.960 / 5176.991    777.960 / 5176.991    ms
[860.268s][info][gc,stats    ]    Subphase: Concurrent Mark Try Flush                     0.114 / 0.190         3.933 / 786.951       3.206 / 786.951       3.206 / 786.951     ms
[860.269s][info][gc,stats    ]    Subphase: Concurrent Mark Try Terminate                 0.046 / 0.092         1.012 / 10.682        1.013 / 12.169        1.013 / 12.169      ms
[860.269s][info][gc,stats    ]    Subphase: Concurrent References Enqueue                 0.000 / 0.000         0.002 / 0.005         0.002 / 0.006         0.002 / 0.006       ms
[860.269s][info][gc,stats    ]    Subphase: Concurrent References Process                 2.996 / 2.996         0.517 / 2.996         0.537 / 2.996         0.537 / 2.996       ms
[860.269s][info][gc,stats    ]    Subphase: Concurrent Roots ClassLoaderDataGraph         0.321 / 0.321         0.678 / 40.174        0.607 / 40.174        0.607 / 40.174      ms
[860.269s][info][gc,stats    ]    Subphase: Concurrent Roots CodeCache                    0.000 / 0.000         0.000 / 0.000         0.000 / 0.000         0.000 / 0.000       ms
[860.269s][info][gc,stats    ]    Subphase: Concurrent Roots JavaThreads                  1.473 / 1.473         7.133 / 441.054       6.447 / 441.054       6.447 / 441.054     ms
[860.269s][info][gc,stats    ]    Subphase: Concurrent Roots OopStorageSet                0.076 / 0.076         1.858 / 136.487       1.161 / 136.487       1.161 / 136.487     ms
[860.269s][info][gc,stats    ]    Subphase: Concurrent Weak Roots OopStorageSet           5.434 / 5.434         1.954 / 11.047        1.784 / 11.047        1.784 / 11.047      ms
[860.269s][info][gc,stats    ]    Subphase: Pause Mark Try Complete                       0.000 / 0.000         0.001 / 0.003         0.001 / 0.003         0.001 / 0.003       ms
[860.269s][info][gc,stats    ]      System: Java Threads                                     83 / 83               79 / 83               77 / 83               77 / 83          threads
[860.269s][info][gc,stats    ] =========================================================================================================================================================
[864.567s][info][gc,start    ] GC(146) Garbage Collection (Allocation Rate)
[864.567s][info][gc,task     ] GC(146) Using 2 workers
[864.567s][info][gc,phases   ] GC(146) Pause Mark Start 0.009ms
[865.015s][info][gc,phases   ] GC(146) Concurrent Mark 447.372ms
[865.015s][info][gc,phases   ] GC(146) Pause Mark End 0.008ms
[865.015s][info][gc,phases   ] GC(146) Concurrent Mark Free 0.001ms
[865.024s][info][gc,phases   ] GC(146) Concurrent Process Non-Strong References 9.462ms
[865.025s][info][gc,phases   ] GC(146) Concurrent Reset Relocation Set 0.127ms
[865.045s][info][gc,phases   ] GC(146) Concurrent Select Relocation Set 20.056ms
[865.045s][info][gc,phases   ] GC(146) Pause Relocate Start 0.009ms
[865.122s][info][gc,phases   ] GC(146) Concurrent Relocate 77.061ms
[865.122s][info][gc,load     ] GC(146) Load: 0.00/0.00/0.00
[865.122s][info][gc,mmu      ] GC(146) MMU: 2ms/0.0%, 5ms/0.0%, 10ms/27.5%, 20ms/63.8%, 50ms/85.5%, 100ms/92.8%
[865.122s][info][gc,marking  ] GC(146) Mark: 2 stripe(s), 2 proactive flush(es), 1 terminate flush(es), 0 completion(s), 0 continuation(s) 
[865.122s][info][gc,marking  ] GC(146) Mark Stack Usage: 32M
[865.122s][info][gc,nmethod  ] GC(146) NMethods: 10260 registered, 256 unregistered
[865.122s][info][gc,metaspace] GC(146) Metaspace: 131M used, 133M committed, 1152M reserved
[865.122s][info][gc,ref      ] GC(146) Soft: 6083 encountered, 0 discovered, 0 enqueued
[865.122s][info][gc,ref      ] GC(146) Weak: 23270 encountered, 2204 discovered, 1 enqueued
[865.122s][info][gc,ref      ] GC(146) Final: 34 encountered, 0 discovered, 0 enqueued
[865.122s][info][gc,ref      ] GC(146) Phantom: 888 encountered, 736 discovered, 0 enqueued
[865.122s][info][gc,reloc    ] GC(146) Small Pages: 3302 / 6604M, Empty: 2408M, Relocated: 122M, In-Place: 0
[865.122s][info][gc,reloc    ] GC(146) Medium Pages: 2 / 64M, Empty: 0M, Relocated: 0M, In-Place: 0
[865.122s][info][gc,reloc    ] GC(146) Large Pages: 0 / 0M, Empty: 0M, Relocated: 0M, In-Place: 0
[865.122s][info][gc,reloc    ] GC(146) Forwarding Usage: 37M
[865.122s][info][gc,heap     ] GC(146) Min Capacity: 8192M(100%)
[865.122s][info][gc,heap     ] GC(146) Max Capacity: 8192M(100%)
[865.122s][info][gc,heap     ] GC(146) Soft Max Capacity: 8192M(100%)
[865.122s][info][gc,heap     ] GC(146)                Mark Start          Mark End        Relocate Start      Relocate End           High               Low         
[865.122s][info][gc,heap     ] GC(146)  Capacity:     8192M (100%)       8192M (100%)       8192M (100%)       8192M (100%)       8192M (100%)       8192M (100%)   
[865.122s][info][gc,heap     ] GC(146)      Free:     1524M (19%)        1172M (14%)        3564M (44%)        7070M (86%)        7070M (86%)        1164M (14%)    
[865.122s][info][gc,heap     ] GC(146)      Used:     6668M (81%)        7020M (86%)        4628M (56%)        1122M (14%)        7028M (86%)        1122M (14%)    
[865.122s][info][gc,heap     ] GC(146)      Live:         -               607M (7%)          607M (7%)          607M (7%)             -                  -          
[865.122s][info][gc,heap     ] GC(146) Allocated:         -               352M (4%)          368M (4%)          437M (5%)             -                  -          
[865.122s][info][gc,heap     ] GC(146)   Garbage:         -              6060M (74%)        3652M (45%)          76M (1%)             -                  -          
[865.122s][info][gc,heap     ] GC(146) Reclaimed:         -                  -              2408M (29%)        5983M (73%)            -                  -          
[865.122s][info][gc          ] GC(146) Garbage Collection (Allocation Rate) 6668M(81%)->1122M(14%)
[869.668s][info][gc,start    ] GC(147) Garbage Collection (Allocation Rate)
[869.668s][info][gc,task     ] GC(147) Using 1 workers
[869.668s][info][gc,phases   ] GC(147) Pause Mark Start 0.004ms
[870.268s][info][gc,stats    ] === Garbage Collection Statistics =======================================================================================================================
[870.268s][info][gc,stats    ]                                                              Last 10s              Last 10m              Last 10h                Total
[870.268s][info][gc,stats    ]                                                              Avg / Max             Avg / Max             Avg / Max             Avg / Max
[870.268s][info][gc,stats    ]   Collector: Garbage Collection Cycle                    554.815 / 554.815     859.183 / 4817.329   1092.990 / 7809.708   1092.990 / 7809.708    ms
[870.268s][info][gc,stats    ]  Contention: Mark Segment Reset Contention                     0 / 1                 0 / 9                 0 / 9                 0 / 9           ops/s
[870.268s][info][gc,stats    ]  Contention: Mark SeqNum Reset Contention                      0 / 0                 0 / 1                 0 / 1                 0 / 1           ops/s
[870.268s][info][gc,stats    ]    Critical: Allocation Stall                                  0 / 0                 0 / 0                 0 / 0                 0 / 0           ops/s
[870.268s][info][gc,stats    ]    Critical: Allocation Stall                              0.000 / 0.000         0.000 / 0.000         0.000 / 0.000         0.000 / 0.000       ms
[870.268s][info][gc,stats    ]    Critical: GC Locker Stall                                   0 / 0                 0 / 2                 0 / 2                 0 / 2           ops/s
[870.268s][info][gc,stats    ]    Critical: GC Locker Stall                               0.000 / 0.000         0.029 / 0.151         0.041 / 0.151         0.041 / 0.151       ms
[870.268s][info][gc,stats    ]    Critical: Relocation Stall                                  0 / 0                 0 / 0                 0 / 0                 0 / 0           ops/s
[870.268s][info][gc,stats    ]    Critical: Relocation Stall                              0.000 / 0.000         0.000 / 0.000         0.000 / 0.000         0.000 / 0.000       ms
[870.268s][info][gc,stats    ]      Memory: Allocation Rate                                 897 / 1122            778 / 1548            708 / 1548            708 / 1548        MB/s
[870.268s][info][gc,stats    ]      Memory: Defragment                                        0 / 0                 0 / 0                 0 / 0                 0 / 0           ops/s
[870.268s][info][gc,stats    ]      Memory: Out Of Memory                                     0 / 0                 0 / 0                 0 / 0                 0 / 0           ops/s
[870.268s][info][gc,stats    ]      Memory: Page Cache Flush                                  0 / 0                 0 / 0                 0 / 0                 0 / 0           MB/s
[870.268s][info][gc,stats    ]      Memory: Page Cache Hit L1                               454 / 561             396 / 811             357 / 811             357 / 811         ops/s
[870.268s][info][gc,stats    ]      Memory: Page Cache Hit L2                                 0 / 0                 0 / 0                 0 / 0                 0 / 0           ops/s
[870.268s][info][gc,stats    ]      Memory: Page Cache Hit L3                                 0 / 0                 0 / 65                4 / 397               4 / 397         ops/s
[870.268s][info][gc,stats    ]      Memory: Page Cache Miss                                   0 / 0                 0 / 0                 0 / 1                 0 / 1           ops/s
[870.268s][info][gc,stats    ]      Memory: Uncommit                                          0 / 0                 0 / 0                 0 / 0                 0 / 0           MB/s
[870.268s][info][gc,stats    ]      Memory: Undo Object Allocation Failed                     0 / 0                 0 / 0                 0 / 0                 0 / 0           ops/s
[870.268s][info][gc,stats    ]      Memory: Undo Object Allocation Succeeded                  0 / 0                 2 / 400               2 / 400               2 / 400         ops/s
[870.268s][info][gc,stats    ]      Memory: Undo Page Allocation                              0 / 0                 0 / 1                 0 / 1                 0 / 1           ops/s
[870.269s][info][gc,stats    ]       Phase: Concurrent Mark                             447.372 / 447.372     663.403 / 4219.436    831.993 / 5264.294    831.993 / 5264.294    ms
[870.269s][info][gc,stats    ]       Phase: Concurrent Mark Continue                      0.000 / 0.000         0.000 / 0.000         0.000 / 0.000         0.000 / 0.000       ms
[870.269s][info][gc,stats    ]       Phase: Concurrent Mark Free                          0.001 / 0.001         0.001 / 0.003         0.001 / 0.003         0.001 / 0.003       ms
[870.269s][info][gc,stats    ]       Phase: Concurrent Process Non-Strong References      9.462 / 9.462        20.935 / 500.082      31.137 / 1493.667     31.137 / 1493.667    ms
[870.269s][info][gc,stats    ]       Phase: Concurrent Relocate                          77.061 / 77.061       59.956 / 150.321      54.839 / 150.389      54.839 / 150.389     ms
[870.269s][info][gc,stats    ]       Phase: Concurrent Reset Relocation Set               0.127 / 0.127         0.162 / 0.465         0.138 / 0.465         0.138 / 0.465       ms
[870.269s][info][gc,stats    ]       Phase: Concurrent Select Relocation Set             20.056 / 20.056      110.811 / 2796.200    167.385 / 2796.200    167.385 / 2796.200    ms
[870.269s][info][gc,stats    ]       Phase: Pause Mark End                                0.008 / 0.008         0.032 / 1.374         0.061 / 4.475         0.061 / 4.475       ms
[870.269s][info][gc,stats    ]       Phase: Pause Mark Start                              0.006 / 0.009         0.010 / 0.359         0.057 / 7.250         0.057 / 7.250       ms
[870.269s][info][gc,stats    ]       Phase: Pause Relocate Start                          0.009 / 0.009         0.034 / 1.046         0.026 / 1.046         0.026 / 1.046       ms
[870.269s][info][gc,stats    ]    Subphase: Concurrent Classes Purge                      0.577 / 0.577         0.522 / 3.495         0.616 / 5.775         0.616 / 5.775       ms
[870.269s][info][gc,stats    ]    Subphase: Concurrent Classes Unlink                     7.045 / 7.045        12.617 / 101.137      23.532 / 1489.339     23.532 / 1489.339    ms
[870.269s][info][gc,stats    ]    Subphase: Concurrent Mark                             445.197 / 445.693     618.659 / 4216.973    775.254 / 5176.991    775.254 / 5176.991    ms
[870.269s][info][gc,stats    ]    Subphase: Concurrent Mark Try Flush                     0.043 / 0.057         3.918 / 786.951       3.185 / 786.951       3.185 / 786.951     ms
[870.269s][info][gc,stats    ]    Subphase: Concurrent Mark Try Terminate                 0.432 / 1.240         1.008 / 10.682        1.012 / 12.169        1.012 / 12.169      ms
[870.269s][info][gc,stats    ]    Subphase: Concurrent References Enqueue                 0.002 / 0.002         0.002 / 0.005         0.002 / 0.006         0.002 / 0.006       ms
[870.269s][info][gc,stats    ]    Subphase: Concurrent References Process                 0.238 / 0.238         0.506 / 2.996         0.535 / 2.996         0.535 / 2.996       ms
[870.269s][info][gc,stats    ]    Subphase: Concurrent Roots ClassLoaderDataGraph         0.311 / 0.494         0.320 / 1.281         0.604 / 40.174        0.604 / 40.174      ms
[870.269s][info][gc,stats    ]    Subphase: Concurrent Roots CodeCache                    0.000 / 0.000         0.000 / 0.000         0.000 / 0.000         0.000 / 0.000       ms
[870.269s][info][gc,stats    ]    Subphase: Concurrent Roots JavaThreads                  1.290 / 1.431         7.048 / 441.054       6.385 / 441.054       6.385 / 441.054     ms
[870.269s][info][gc,stats    ]    Subphase: Concurrent Roots OopStorageSet                0.075 / 0.077         1.625 / 136.487       1.148 / 136.487       1.148 / 136.487     ms
[870.269s][info][gc,stats    ]    Subphase: Concurrent Weak Roots OopStorageSet           1.260 / 1.261         1.829 / 5.434         1.780 / 11.047        1.780 / 11.047      ms
[870.269s][info][gc,stats    ]    Subphase: Pause Mark Try Complete                       0.000 / 0.000         0.001 / 0.003         0.001 / 0.003         0.001 / 0.003       ms
[870.269s][info][gc,stats    ]      System: Java Threads                                     83 / 83               79 / 83               77 / 83               77 / 83          threads
[870.269s][info][gc,stats    ] =========================================================================================================================================================
[870.337s][info][gc,phases   ] GC(147) Concurrent Mark 669.204ms
[870.337s][info][gc,phases   ] GC(147) Pause Mark End 0.009ms
[870.337s][info][gc,phases   ] GC(147) Concurrent Mark Free 0.001ms
[870.358s][info][gc,phases   ] GC(147) Concurrent Process Non-Strong References 20.710ms
[870.358s][info][gc,phases   ] GC(147) Concurrent Reset Relocation Set 0.161ms
[870.377s][info][gc,phases   ] GC(147) Concurrent Select Relocation Set 18.642ms
[870.377s][info][gc,phases   ] GC(147) Pause Relocate Start 0.006ms
[870.468s][info][gc,phases   ] GC(147) Concurrent Relocate 90.754ms
[870.468s][info][gc,load     ] GC(147) Load: 0.00/0.00/0.00
[870.468s][info][gc,mmu      ] GC(147) MMU: 2ms/0.0%, 5ms/0.0%, 10ms/27.5%, 20ms/63.8%, 50ms/85.5%, 100ms/92.8%
[870.468s][info][gc,marking  ] GC(147) Mark: 1 stripe(s), 2 proactive flush(es), 1 terminate flush(es), 0 completion(s), 0 continuation(s) 
[870.468s][info][gc,marking  ] GC(147) Mark Stack Usage: 32M
[870.468s][info][gc,nmethod  ] GC(147) NMethods: 10261 registered, 261 unregistered
[870.468s][info][gc,metaspace] GC(147) Metaspace: 131M used, 133M committed, 1152M reserved
[870.468s][info][gc,ref      ] GC(147) Soft: 6083 encountered, 0 discovered, 0 enqueued
[870.468s][info][gc,ref      ] GC(147) Weak: 23271 encountered, 787 discovered, 1 enqueued
[870.468s][info][gc,ref      ] GC(147) Final: 34 encountered, 0 discovered, 0 enqueued
[870.468s][info][gc,ref      ] GC(147) Phantom: 891 encountered, 675 discovered, 0 enqueued
[870.468s][info][gc,reloc    ] GC(147) Small Pages: 2733 / 5466M, Empty: 1970M, Relocated: 131M, In-Place: 0
[870.468s][info][gc,reloc    ] GC(147) Medium Pages: 2 / 64M, Empty: 0M, Relocated: 0M, In-Place: 0
[870.468s][info][gc,reloc    ] GC(147) Large Pages: 0 / 0M, Empty: 0M, Relocated: 0M, In-Place: 0
[870.468s][info][gc,reloc    ] GC(147) Forwarding Usage: 40M
[870.468s][info][gc,heap     ] GC(147) Min Capacity: 8192M(100%)
[870.468s][info][gc,heap     ] GC(147) Max Capacity: 8192M(100%)
[870.468s][info][gc,heap     ] GC(147) Soft Max Capacity: 8192M(100%)
[870.468s][info][gc,heap     ] GC(147)                Mark Start          Mark End        Relocate Start      Relocate End           High               Low         
[870.468s][info][gc,heap     ] GC(147)  Capacity:     8192M (100%)       8192M (100%)       8192M (100%)       8192M (100%)       8192M (100%)       8192M (100%)   
[870.468s][info][gc,heap     ] GC(147)      Free:     2662M (32%)        2100M (26%)        4048M (49%)        6838M (83%)        6838M (83%)        2090M (26%)    
[870.468s][info][gc,heap     ] GC(147)      Used:     5530M (68%)        6092M (74%)        4144M (51%)        1354M (17%)        6102M (74%)        1354M (17%)    
[870.468s][info][gc,heap     ] GC(147)      Live:         -               619M (8%)          619M (8%)          619M (8%)             -                  -          
[870.468s][info][gc,heap     ] GC(147) Allocated:         -               562M (7%)          584M (7%)          656M (8%)             -                  -          
[870.468s][info][gc,heap     ] GC(147)   Garbage:         -              4910M (60%)        2940M (36%)          78M (1%)             -                  -          
[870.468s][info][gc,heap     ] GC(147) Reclaimed:         -                  -              1970M (24%)        4832M (59%)            -                  -          
[870.468s][info][gc          ] GC(147) Garbage Collection (Allocation Rate) 5530M(68%)->1354M(17%)
[875.668s][info][gc,start    ] GC(148) Garbage Collection (Allocation Rate)
[875.668s][info][gc,task     ] GC(148) Using 1 workers
[875.668s][info][gc,phases   ] GC(148) Pause Mark Start 0.005ms
[876.293s][info][gc,phases   ] GC(148) Concurrent Mark 625.493ms
[876.293s][info][gc,phases   ] GC(148) Pause Mark End 0.008ms
[876.293s][info][gc,phases   ] GC(148) Concurrent Mark Free 0.000ms
[876.310s][info][gc,phases   ] GC(148) Concurrent Process Non-Strong References 16.391ms
[876.310s][info][gc,phases   ] GC(148) Concurrent Reset Relocation Set 0.122ms
[876.315s][info][gc,phases   ] GC(148) Concurrent Select Relocation Set 5.079ms
[876.315s][info][gc,phases   ] GC(148) Pause Relocate Start 0.006ms
[876.403s][info][gc,phases   ] GC(148) Concurrent Relocate 87.394ms
[876.403s][info][gc,load     ] GC(148) Load: 0.00/0.00/0.00
[876.403s][info][gc,mmu      ] GC(148) MMU: 2ms/0.0%, 5ms/0.0%, 10ms/27.5%, 20ms/63.8%, 50ms/85.5%, 100ms/92.8%
[876.403s][info][gc,marking  ] GC(148) Mark: 1 stripe(s), 2 proactive flush(es), 1 terminate flush(es), 0 completion(s), 0 continuation(s) 
[876.403s][info][gc,marking  ] GC(148) Mark Stack Usage: 32M
[876.403s][info][gc,nmethod  ] GC(148) NMethods: 10262 registered, 265 unregistered
[876.403s][info][gc,metaspace] GC(148) Metaspace: 131M used, 133M committed, 1152M reserved
[876.403s][info][gc,ref      ] GC(148) Soft: 6083 encountered, 0 discovered, 0 enqueued
[876.403s][info][gc,ref      ] GC(148) Weak: 23272 encountered, 12464 discovered, 2 enqueued
[876.403s][info][gc,ref      ] GC(148) Final: 34 encountered, 0 discovered, 0 enqueued
[876.403s][info][gc,ref      ] GC(148) Phantom: 891 encountered, 594 discovered, 0 enqueued
[876.403s][info][gc,reloc    ] GC(148) Small Pages: 3180 / 6360M, Empty: 2648M, Relocated: 108M, In-Place: 0
[876.403s][info][gc,reloc    ] GC(148) Medium Pages: 2 / 64M, Empty: 0M, Relocated: 0M, In-Place: 0
[876.403s][info][gc,reloc    ] GC(148) Large Pages: 0 / 0M, Empty: 0M, Relocated: 0M, In-Place: 0
[876.403s][info][gc,reloc    ] GC(148) Forwarding Usage: 32M
[876.403s][info][gc,heap     ] GC(148) Min Capacity: 8192M(100%)
[876.403s][info][gc,heap     ] GC(148) Max Capacity: 8192M(100%)
[876.403s][info][gc,heap     ] GC(148) Soft Max Capacity: 8192M(100%)
[876.403s][info][gc,heap     ] GC(148)                Mark Start          Mark End        Relocate Start      Relocate End           High               Low         
[876.403s][info][gc,heap     ] GC(148)  Capacity:     8192M (100%)       8192M (100%)       8192M (100%)       8192M (100%)       8192M (100%)       8192M (100%)   
[876.403s][info][gc,heap     ] GC(148)      Free:     1768M (22%)        1240M (15%)        3872M (47%)        6906M (84%)        6906M (84%)        1230M (15%)    
[876.403s][info][gc,heap     ] GC(148)      Used:     6424M (78%)        6952M (85%)        4320M (53%)        1286M (16%)        6962M (85%)        1286M (16%)    
[876.403s][info][gc,heap     ] GC(148)      Live:         -               602M (7%)          602M (7%)          602M (7%)             -                  -          
[876.403s][info][gc,heap     ] GC(148) Allocated:         -               528M (6%)          544M (7%)          604M (7%)             -                  -          
[876.403s][info][gc,heap     ] GC(148)   Garbage:         -              5821M (71%)        3173M (39%)          78M (1%)             -                  -          
[876.403s][info][gc,heap     ] GC(148) Reclaimed:         -                  -              2648M (32%)        5742M (70%)            -                  -          
[876.403s][info][gc          ] GC(148) Garbage Collection (Allocation Rate) 6424M(78%)->1286M(16%)
[880.267s][info][gc,stats    ] === Garbage Collection Statistics =======================================================================================================================
[880.267s][info][gc,stats    ]                                                              Last 10s              Last 10m              Last 10h                Total
[880.267s][info][gc,stats    ]                                                              Avg / Max             Avg / Max             Avg / Max             Avg / Max
[880.267s][info][gc,stats    ]   Collector: Garbage Collection Cycle                    767.532 / 800.045     846.396 / 4817.329   1088.621 / 7809.708   1088.621 / 7809.708    ms
[880.267s][info][gc,stats    ]  Contention: Mark Segment Reset Contention                     0 / 0                 0 / 9                 0 / 9                 0 / 9           ops/s
[880.267s][info][gc,stats    ]  Contention: Mark SeqNum Reset Contention                      0 / 0                 0 / 1                 0 / 1                 0 / 1           ops/s
[880.267s][info][gc,stats    ]    Critical: Allocation Stall                                  0 / 0                 0 / 0                 0 / 0                 0 / 0           ops/s
[880.267s][info][gc,stats    ]    Critical: Allocation Stall                              0.000 / 0.000         0.000 / 0.000         0.000 / 0.000         0.000 / 0.000       ms
[880.267s][info][gc,stats    ]    Critical: GC Locker Stall                                   0 / 0                 0 / 2                 0 / 2                 0 / 2           ops/s
[880.267s][info][gc,stats    ]    Critical: GC Locker Stall                               0.000 / 0.000         0.029 / 0.151         0.041 / 0.151         0.041 / 0.151       ms
[880.267s][info][gc,stats    ]    Critical: Relocation Stall                                  0 / 0                 0 / 0                 0 / 0                 0 / 0           ops/s
[880.267s][info][gc,stats    ]    Critical: Relocation Stall                              0.000 / 0.000         0.000 / 0.000         0.000 / 0.000         0.000 / 0.000       ms
[880.267s][info][gc,stats    ]      Memory: Allocation Rate                                 883 / 1152            783 / 1548            710 / 1548            710 / 1548        MB/s
[880.267s][info][gc,stats    ]      Memory: Defragment                                        0 / 0                 0 / 0                 0 / 0                 0 / 0           ops/s
[880.267s][info][gc,stats    ]      Memory: Out Of Memory                                     0 / 0                 0 / 0                 0 / 0                 0 / 0           ops/s
[880.267s][info][gc,stats    ]      Memory: Page Cache Flush                                  0 / 0                 0 / 0                 0 / 0                 0 / 0           MB/s
[880.267s][info][gc,stats    ]      Memory: Page Cache Hit L1                               453 / 610             399 / 811             358 / 811             358 / 811         ops/s
[880.267s][info][gc,stats    ]      Memory: Page Cache Hit L2                                 0 / 0                 0 / 0                 0 / 0                 0 / 0           ops/s
[880.267s][info][gc,stats    ]      Memory: Page Cache Hit L3                                 0 / 0                 0 / 65                4 / 397               4 / 397         ops/s
[880.267s][info][gc,stats    ]      Memory: Page Cache Miss                                   0 / 0                 0 / 0                 0 / 1                 0 / 1           ops/s
[880.267s][info][gc,stats    ]      Memory: Uncommit                                          0 / 0                 0 / 0                 0 / 0                 0 / 0           MB/s
[880.267s][info][gc,stats    ]      Memory: Undo Object Allocation Failed                     0 / 0                 0 / 0                 0 / 0                 0 / 0           ops/s
[880.267s][info][gc,stats    ]      Memory: Undo Object Allocation Succeeded                  0 / 0                 2 / 400               2 / 400               2 / 400         ops/s
[880.267s][info][gc,stats    ]      Memory: Undo Page Allocation                              0 / 0                 0 / 1                 0 / 1                 0 / 1           ops/s
[880.267s][info][gc,stats    ]       Phase: Concurrent Mark                             647.348 / 669.204     656.135 / 4219.436    829.514 / 5264.294    829.514 / 5264.294    ms
[880.267s][info][gc,stats    ]       Phase: Concurrent Mark Continue                      0.000 / 0.000         0.000 / 0.000         0.000 / 0.000         0.000 / 0.000       ms
[880.267s][info][gc,stats    ]       Phase: Concurrent Mark Free                          0.001 / 0.001         0.001 / 0.003         0.001 / 0.003         0.001 / 0.003       ms
[880.267s][info][gc,stats    ]       Phase: Concurrent Process Non-Strong References     18.550 / 20.710       20.901 / 500.082      30.968 / 1493.667     30.968 / 1493.667    ms
[880.267s][info][gc,stats    ]       Phase: Concurrent Relocate                          89.074 / 90.754       61.077 / 150.321      55.299 / 150.389      55.299 / 150.389     ms
[880.267s][info][gc,stats    ]       Phase: Concurrent Reset Relocation Set               0.141 / 0.161         0.164 / 0.465         0.138 / 0.465         0.138 / 0.465       ms
[880.267s][info][gc,stats    ]       Phase: Concurrent Select Relocation Set             11.861 / 18.642      104.391 / 2796.200    165.298 / 2796.200    165.298 / 2796.200    ms
[880.267s][info][gc,stats    ]       Phase: Pause Mark End                                0.009 / 0.009         0.031 / 1.374         0.061 / 4.475         0.061 / 4.475       ms
[880.267s][info][gc,stats    ]       Phase: Pause Mark Start                              0.005 / 0.005         0.010 / 0.359         0.057 / 7.250         0.057 / 7.250       ms
[880.267s][info][gc,stats    ]       Phase: Pause Relocate Start                          0.006 / 0.006         0.033 / 1.046         0.026 / 1.046         0.026 / 1.046       ms
[880.267s][info][gc,stats    ]    Subphase: Concurrent Classes Purge                      0.180 / 0.311         0.522 / 3.495         0.610 / 5.775         0.610 / 5.775       ms
[880.267s][info][gc,stats    ]    Subphase: Concurrent Classes Unlink                    14.394 / 16.656       12.656 / 101.137      23.410 / 1489.339     23.410 / 1489.339    ms
[880.267s][info][gc,stats    ]    Subphase: Concurrent Mark                             645.334 / 667.319     609.085 / 4216.973    774.207 / 5176.991    774.207 / 5176.991    ms
[880.267s][info][gc,stats    ]    Subphase: Concurrent Mark Try Flush                     0.081 / 0.107         3.899 / 786.951       3.144 / 786.951       3.144 / 786.951     ms
[880.268s][info][gc,stats    ]    Subphase: Concurrent Mark Try Terminate                 0.048 / 0.107         1.006 / 10.682        1.011 / 12.169        1.011 / 12.169      ms
[880.268s][info][gc,stats    ]    Subphase: Concurrent References Enqueue                 0.002 / 0.002         0.002 / 0.005         0.002 / 0.006         0.002 / 0.006       ms
[880.268s][info][gc,stats    ]    Subphase: Concurrent References Process                 0.911 / 1.356         0.512 / 2.996         0.540 / 2.996         0.540 / 2.996       ms
[880.268s][info][gc,stats    ]    Subphase: Concurrent Roots ClassLoaderDataGraph         0.305 / 0.305         0.319 / 1.281         0.602 / 40.174        0.602 / 40.174      ms
[880.268s][info][gc,stats    ]    Subphase: Concurrent Roots CodeCache                    0.000 / 0.000         0.000 / 0.000         0.000 / 0.000         0.000 / 0.000       ms
[880.268s][info][gc,stats    ]    Subphase: Concurrent Roots JavaThreads                  1.669 / 1.669         6.990 / 441.054       6.365 / 441.054       6.365 / 441.054     ms
[880.268s][info][gc,stats    ]    Subphase: Concurrent Roots OopStorageSet                0.076 / 0.076         1.525 / 136.487       1.144 / 136.487       1.144 / 136.487     ms
[880.268s][info][gc,stats    ]    Subphase: Concurrent Weak Roots OopStorageSet           2.743 / 3.000         1.854 / 5.434         1.788 / 11.047        1.788 / 11.047      ms
[880.268s][info][gc,stats    ]    Subphase: Pause Mark Try Complete                       0.000 / 0.000         0.001 / 0.001         0.001 / 0.003         0.001 / 0.003       ms
[880.268s][info][gc,stats    ]      System: Java Threads                                     83 / 83               79 / 83               77 / 83               77 / 83          threads
[880.268s][info][gc,stats    ] =========================================================================================================================================================
[883.668s][info][gc,start    ] GC(149) Garbage Collection (Allocation Rate)
[883.668s][info][gc,task     ] GC(149) Using 1 workers
[883.668s][info][gc,phases   ] GC(149) Pause Mark Start 0.004ms
[884.257s][info][gc,phases   ] GC(149) Concurrent Mark 588.643ms
[884.257s][info][gc,phases   ] GC(149) Pause Mark End 0.013ms
[884.257s][info][gc,phases   ] GC(149) Concurrent Mark Free 0.001ms
[884.274s][info][gc,phases   ] GC(149) Concurrent Process Non-Strong References 16.989ms
[884.274s][info][gc,phases   ] GC(149) Concurrent Reset Relocation Set 0.120ms
[884.279s][info][gc,phases   ] GC(149) Concurrent Select Relocation Set 4.729ms
[884.279s][info][gc,phases   ] GC(149) Pause Relocate Start 0.006ms
[884.341s][info][gc,phases   ] GC(149) Concurrent Relocate 61.633ms
[884.341s][info][gc,load     ] GC(149) Load: 0.00/0.00/0.00
[884.341s][info][gc,mmu      ] GC(149) MMU: 2ms/0.0%, 5ms/0.0%, 10ms/27.5%, 20ms/63.8%, 50ms/85.5%, 100ms/92.8%
[884.341s][info][gc,marking  ] GC(149) Mark: 1 stripe(s), 2 proactive flush(es), 1 terminate flush(es), 0 completion(s), 0 continuation(s) 
[884.341s][info][gc,marking  ] GC(149) Mark Stack Usage: 32M
[884.341s][info][gc,nmethod  ] GC(149) NMethods: 10287 registered, 275 unregistered
[884.341s][info][gc,metaspace] GC(149) Metaspace: 131M used, 133M committed, 1152M reserved
[884.341s][info][gc,ref      ] GC(149) Soft: 6083 encountered, 0 discovered, 0 enqueued
[884.341s][info][gc,ref      ] GC(149) Weak: 23284 encountered, 12475 discovered, 6 enqueued
[884.341s][info][gc,ref      ] GC(149) Final: 34 encountered, 0 discovered, 0 enqueued
[884.341s][info][gc,ref      ] GC(149) Phantom: 899 encountered, 609 discovered, 5 enqueued
[884.341s][info][gc,reloc    ] GC(149) Small Pages: 3433 / 6866M, Empty: 2118M, Relocated: 85M, In-Place: 0
[884.341s][info][gc,reloc    ] GC(149) Medium Pages: 2 / 64M, Empty: 0M, Relocated: 0M, In-Place: 0
[884.341s][info][gc,reloc    ] GC(149) Large Pages: 0 / 0M, Empty: 0M, Relocated: 0M, In-Place: 0
[884.341s][info][gc,reloc    ] GC(149) Forwarding Usage: 26M
[884.341s][info][gc,heap     ] GC(149) Min Capacity: 8192M(100%)
[884.341s][info][gc,heap     ] GC(149) Max Capacity: 8192M(100%)
[884.341s][info][gc,heap     ] GC(149) Soft Max Capacity: 8192M(100%)
[884.341s][info][gc,heap     ] GC(149)                Mark Start          Mark End        Relocate Start      Relocate End           High               Low         
[884.341s][info][gc,heap     ] GC(149)  Capacity:     8192M (100%)       8192M (100%)       8192M (100%)       8192M (100%)       8192M (100%)       8192M (100%)   
[884.341s][info][gc,heap     ] GC(149)      Free:     1262M (15%)         682M (8%)         2792M (34%)        6898M (84%)        6898M (84%)         674M (8%)     
[884.341s][info][gc,heap     ] GC(149)      Used:     6930M (85%)        7510M (92%)        5400M (66%)        1294M (16%)        7518M (92%)        1294M (16%)    
[884.341s][info][gc,heap     ] GC(149)      Live:         -               571M (7%)          571M (7%)          571M (7%)             -                  -          
[884.341s][info][gc,heap     ] GC(149) Allocated:         -               580M (7%)          588M (7%)          644M (8%)             -                  -          
[884.341s][info][gc,heap     ] GC(149)   Garbage:         -              6358M (78%)        4240M (52%)          77M (1%)             -                  -          
[884.341s][info][gc,heap     ] GC(149) Reclaimed:         -                  -              2118M (26%)        6280M (77%)            -                  -          
[884.341s][info][gc          ] GC(149) Garbage Collection (Allocation Rate) 6930M(85%)->1294M(16%)
[889.667s][info][gc,start    ] GC(150) Garbage Collection (Allocation Rate)
[889.668s][info][gc,task     ] GC(150) Using 1 workers
[889.668s][info][gc,phases   ] GC(150) Pause Mark Start 0.004ms
[890.268s][info][gc,stats    ] === Garbage Collection Statistics =======================================================================================================================
[890.268s][info][gc,stats    ]                                                              Last 10s              Last 10m              Last 10h                Total
[890.268s][info][gc,stats    ]                                                              Avg / Max             Avg / Max             Avg / Max             Avg / Max
[890.268s][info][gc,stats    ]   Collector: Garbage Collection Cycle                    672.580 / 672.580     841.408 / 4817.329   1085.847 / 7809.708   1085.847 / 7809.708    ms
[890.268s][info][gc,stats    ]  Contention: Mark Segment Reset Contention                     0 / 0                 0 / 9                 0 / 9                 0 / 9           ops/s
[890.268s][info][gc,stats    ]  Contention: Mark SeqNum Reset Contention                      0 / 0                 0 / 1                 0 / 1                 0 / 1           ops/s
[890.268s][info][gc,stats    ]    Critical: Allocation Stall                                  0 / 0                 0 / 0                 0 / 0                 0 / 0           ops/s
[890.268s][info][gc,stats    ]    Critical: Allocation Stall                              0.000 / 0.000         0.000 / 0.000         0.000 / 0.000         0.000 / 0.000       ms
[890.268s][info][gc,stats    ]    Critical: GC Locker Stall                                   0 / 0                 0 / 2                 0 / 2                 0 / 2           ops/s
[890.268s][info][gc,stats    ]    Critical: GC Locker Stall                               0.000 / 0.000         0.027 / 0.151         0.041 / 0.151         0.041 / 0.151       ms
[890.268s][info][gc,stats    ]    Critical: Relocation Stall                                  0 / 0                 0 / 0                 0 / 0                 0 / 0           ops/s
[890.268s][info][gc,stats    ]    Critical: Relocation Stall                              0.000 / 0.000         0.000 / 0.000         0.000 / 0.000         0.000 / 0.000       ms
[890.268s][info][gc,stats    ]      Memory: Allocation Rate                                 932 / 1214            788 / 1548            713 / 1548            713 / 1548        MB/s
[890.268s][info][gc,stats    ]      Memory: Defragment                                        0 / 0                 0 / 0                 0 / 0                 0 / 0           ops/s
[890.268s][info][gc,stats    ]      Memory: Out Of Memory                                     0 / 0                 0 / 0                 0 / 0                 0 / 0           ops/s
[890.268s][info][gc,stats    ]      Memory: Page Cache Flush                                  0 / 0                 0 / 0                 0 / 0                 0 / 0           MB/s
[890.268s][info][gc,stats    ]      Memory: Page Cache Hit L1                               470 / 650             401 / 811             359 / 811             359 / 811         ops/s
[890.268s][info][gc,stats    ]      Memory: Page Cache Hit L2                                 0 / 0                 0 / 0                 0 / 0                 0 / 0           ops/s
[890.268s][info][gc,stats    ]      Memory: Page Cache Hit L3                                 0 / 0                 0 / 65                4 / 397               4 / 397         ops/s
[890.268s][info][gc,stats    ]      Memory: Page Cache Miss                                   0 / 0                 0 / 0                 0 / 1                 0 / 1           ops/s
[890.268s][info][gc,stats    ]      Memory: Uncommit                                          0 / 0                 0 / 0                 0 / 0                 0 / 0           MB/s
[890.268s][info][gc,stats    ]      Memory: Undo Object Allocation Failed                     0 / 0                 0 / 0                 0 / 0                 0 / 0           ops/s
[890.268s][info][gc,stats    ]      Memory: Undo Object Allocation Succeeded                  0 / 1                 2 / 400               2 / 400               2 / 400         ops/s
[890.268s][info][gc,stats    ]      Memory: Undo Page Allocation                              0 / 0                 0 / 1                 0 / 1                 0 / 1           ops/s
[890.268s][info][gc,stats    ]       Phase: Concurrent Mark                             588.643 / 588.643     651.211 / 4219.436    827.908 / 5264.294    827.908 / 5264.294    ms
[890.268s][info][gc,stats    ]       Phase: Concurrent Mark Continue                      0.000 / 0.000         0.000 / 0.000         0.000 / 0.000         0.000 / 0.000       ms
[890.268s][info][gc,stats    ]       Phase: Concurrent Mark Free                          0.001 / 0.001         0.001 / 0.003         0.001 / 0.003         0.001 / 0.003       ms
[890.268s][info][gc,stats    ]       Phase: Concurrent Process Non-Strong References     16.989 / 16.989       20.786 / 500.082      30.875 / 1493.667     30.875 / 1493.667    ms
[890.268s][info][gc,stats    ]       Phase: Concurrent Relocate                          61.633 / 61.633       61.220 / 150.321      55.341 / 150.389      55.341 / 150.389     ms
[890.268s][info][gc,stats    ]       Phase: Concurrent Reset Relocation Set               0.120 / 0.120         0.163 / 0.465         0.138 / 0.465         0.138 / 0.465       ms
[890.268s][info][gc,stats    ]       Phase: Concurrent Select Relocation Set              4.729 / 4.729       104.387 / 2796.200    164.227 / 2796.200    164.227 / 2796.200    ms
[890.268s][info][gc,stats    ]       Phase: Pause Mark End                                0.013 / 0.013         0.031 / 1.374         0.060 / 4.475         0.060 / 4.475       ms
[890.268s][info][gc,stats    ]       Phase: Pause Mark Start                              0.004 / 0.004         0.010 / 0.359         0.056 / 7.250         0.056 / 7.250       ms
[890.268s][info][gc,stats    ]       Phase: Pause Relocate Start                          0.006 / 0.006         0.032 / 1.046         0.026 / 1.046         0.026 / 1.046       ms
[890.268s][info][gc,stats    ]    Subphase: Concurrent Classes Purge                      0.318 / 0.318         0.514 / 3.495         0.608 / 5.775         0.608 / 5.775       ms
[890.268s][info][gc,stats    ]    Subphase: Concurrent Classes Unlink                    12.646 / 12.646       12.600 / 101.137      23.338 / 1489.339     23.338 / 1489.339    ms
[890.268s][info][gc,stats    ]    Subphase: Concurrent Mark                             586.764 / 586.764     603.748 / 4216.973    773.454 / 5176.991    773.454 / 5176.991    ms
[890.268s][info][gc,stats    ]    Subphase: Concurrent Mark Try Flush                     0.059 / 0.092         3.865 / 786.951       3.124 / 786.951       3.124 / 786.951     ms
[890.268s][info][gc,stats    ]    Subphase: Concurrent Mark Try Terminate                 0.012 / 0.023         1.005 / 10.682        1.010 / 12.169        1.010 / 12.169      ms
[890.268s][info][gc,stats    ]    Subphase: Concurrent References Enqueue                 0.002 / 0.002         0.002 / 0.005         0.002 / 0.006         0.002 / 0.006       ms
[890.268s][info][gc,stats    ]    Subphase: Concurrent References Process                 1.472 / 1.472         0.526 / 2.996         0.546 / 2.996         0.546 / 2.996       ms
[890.268s][info][gc,stats    ]    Subphase: Concurrent Roots ClassLoaderDataGraph         0.301 / 0.318         0.317 / 1.281         0.600 / 40.174        0.600 / 40.174      ms
[890.268s][info][gc,stats    ]    Subphase: Concurrent Roots CodeCache                    0.000 / 0.000         0.000 / 0.000         0.000 / 0.000         0.000 / 0.000       ms
[890.268s][info][gc,stats    ]    Subphase: Concurrent Roots JavaThreads                  1.647 / 1.862         6.495 / 441.054       6.328 / 441.054       6.328 / 441.054     ms
[890.268s][info][gc,stats    ]    Subphase: Concurrent Roots OopStorageSet                0.080 / 0.080         1.146 / 136.487       1.135 / 136.487       1.135 / 136.487     ms
[890.268s][info][gc,stats    ]    Subphase: Concurrent Weak Roots OopStorageSet           2.292 / 2.292         1.862 / 5.434         1.790 / 11.047        1.790 / 11.047      ms
[890.268s][info][gc,stats    ]    Subphase: Pause Mark Try Complete                       0.000 / 0.000         0.001 / 0.001         0.001 / 0.003         0.001 / 0.003       ms
[890.268s][info][gc,stats    ]      System: Java Threads                                     83 / 83               80 / 83               77 / 83               77 / 83          threads
[890.268s][info][gc,stats    ] =========================================================================================================================================================
[890.295s][info][gc,phases   ] GC(150) Concurrent Mark 627.361ms
[890.295s][info][gc,phases   ] GC(150) Pause Mark End 0.008ms
[890.295s][info][gc,phases   ] GC(150) Concurrent Mark Free 0.001ms
[890.310s][info][gc,phases   ] GC(150) Concurrent Process Non-Strong References 14.837ms
[890.310s][info][gc,phases   ] GC(150) Concurrent Reset Relocation Set 0.165ms
[890.327s][info][gc,phases   ] GC(150) Concurrent Select Relocation Set 16.639ms
[890.327s][info][gc,phases   ] GC(150) Pause Relocate Start 0.005ms
[890.404s][info][gc,phases   ] GC(150) Concurrent Relocate 77.257ms
[890.404s][info][gc,load     ] GC(150) Load: 0.00/0.00/0.00
[890.404s][info][gc,mmu      ] GC(150) MMU: 2ms/0.0%, 5ms/0.0%, 10ms/27.5%, 20ms/63.8%, 50ms/85.5%, 100ms/92.8%
[890.404s][info][gc,marking  ] GC(150) Mark: 1 stripe(s), 2 proactive flush(es), 1 terminate flush(es), 0 completion(s), 0 continuation(s) 
[890.404s][info][gc,marking  ] GC(150) Mark Stack Usage: 32M
[890.404s][info][gc,nmethod  ] GC(150) NMethods: 10291 registered, 276 unregistered
[890.404s][info][gc,metaspace] GC(150) Metaspace: 131M used, 133M committed, 1152M reserved
[890.404s][info][gc,ref      ] GC(150) Soft: 6083 encountered, 0 discovered, 0 enqueued
[890.404s][info][gc,ref      ] GC(150) Weak: 23280 encountered, 930 discovered, 1 enqueued
[890.404s][info][gc,ref      ] GC(150) Final: 34 encountered, 0 discovered, 0 enqueued
[890.404s][info][gc,ref      ] GC(150) Phantom: 897 encountered, 679 discovered, 0 enqueued
[890.404s][info][gc,reloc    ] GC(150) Small Pages: 3300 / 6600M, Empty: 2684M, Relocated: 120M, In-Place: 0
[890.404s][info][gc,reloc    ] GC(150) Medium Pages: 2 / 64M, Empty: 0M, Relocated: 0M, In-Place: 0
[890.404s][info][gc,reloc    ] GC(150) Large Pages: 0 / 0M, Empty: 0M, Relocated: 0M, In-Place: 0
[890.404s][info][gc,reloc    ] GC(150) Forwarding Usage: 35M
[890.404s][info][gc,heap     ] GC(150) Min Capacity: 8192M(100%)
[890.404s][info][gc,heap     ] GC(150) Max Capacity: 8192M(100%)
[890.404s][info][gc,heap     ] GC(150) Soft Max Capacity: 8192M(100%)
[890.404s][info][gc,heap     ] GC(150)                Mark Start          Mark End        Relocate Start      Relocate End           High               Low         
[890.404s][info][gc,heap     ] GC(150)  Capacity:     8192M (100%)       8192M (100%)       8192M (100%)       8192M (100%)       8192M (100%)       8192M (100%)   
[890.404s][info][gc,heap     ] GC(150)      Free:     1528M (19%)         838M (10%)        3492M (43%)        6728M (82%)        6728M (82%)         824M (10%)    
[890.404s][info][gc,heap     ] GC(150)      Used:     6664M (81%)        7354M (90%)        4700M (57%)        1464M (18%)        7368M (90%)        1464M (18%)    
[890.404s][info][gc,heap     ] GC(150)      Live:         -               611M (7%)          611M (7%)          611M (7%)             -                  -          
[890.404s][info][gc,heap     ] GC(150) Allocated:         -               690M (8%)          720M (9%)          774M (9%)             -                  -          
[890.404s][info][gc,heap     ] GC(150)   Garbage:         -              6052M (74%)        3368M (41%)          78M (1%)             -                  -          
[890.405s][info][gc,heap     ] GC(150) Reclaimed:         -                  -              2684M (33%)        5974M (73%)            -                  -          
[890.405s][info][gc          ] GC(150) Garbage Collection (Allocation Rate) 6664M(81%)->1464M(18%)
[896.268s][info][gc,start    ] GC(151) Garbage Collection (Allocation Rate)
[896.268s][info][gc,task     ] GC(151) Using 1 workers
[896.268s][info][gc,phases   ] GC(151) Pause Mark Start 0.005ms
[896.870s][info][gc,phases   ] GC(151) Concurrent Mark 602.010ms
[896.870s][info][gc,phases   ] GC(151) Pause Mark End 0.009ms
[896.870s][info][gc,phases   ] GC(151) Concurrent Mark Free 0.000ms
[896.887s][info][gc,phases   ] GC(151) Concurrent Process Non-Strong References 16.526ms
[896.887s][info][gc,phases   ] GC(151) Concurrent Reset Relocation Set 0.131ms
[896.897s][info][gc,phases   ] GC(151) Concurrent Select Relocation Set 9.852ms
[896.897s][info][gc,phases   ] GC(151) Pause Relocate Start 0.012ms
[896.985s][info][gc,phases   ] GC(151) Concurrent Relocate 88.004ms
[896.985s][info][gc,load     ] GC(151) Load: 0.00/0.00/0.00
[896.985s][info][gc,mmu      ] GC(151) MMU: 2ms/0.0%, 5ms/0.0%, 10ms/27.5%, 20ms/63.8%, 50ms/85.5%, 100ms/92.8%
[896.985s][info][gc,marking  ] GC(151) Mark: 1 stripe(s), 2 proactive flush(es), 1 terminate flush(es), 0 completion(s), 0 continuation(s) 
[896.985s][info][gc,marking  ] GC(151) Mark Stack Usage: 32M
[896.985s][info][gc,nmethod  ] GC(151) NMethods: 10294 registered, 280 unregistered
[896.985s][info][gc,metaspace] GC(151) Metaspace: 131M used, 133M committed, 1152M reserved
[896.985s][info][gc,ref      ] GC(151) Soft: 6083 encountered, 0 discovered, 0 enqueued
[896.985s][info][gc,ref      ] GC(151) Weak: 23279 encountered, 12469 discovered, 1 enqueued
[896.985s][info][gc,ref      ] GC(151) Final: 34 encountered, 0 discovered, 0 enqueued
[896.985s][info][gc,ref      ] GC(151) Phantom: 897 encountered, 607 discovered, 0 enqueued
[896.985s][info][gc,reloc    ] GC(151) Small Pages: 3533 / 7066M, Empty: 3500M, Relocated: 104M, In-Place: 0
[896.985s][info][gc,reloc    ] GC(151) Medium Pages: 2 / 64M, Empty: 0M, Relocated: 0M, In-Place: 0
[896.985s][info][gc,reloc    ] GC(151) Large Pages: 0 / 0M, Empty: 0M, Relocated: 0M, In-Place: 0
[896.985s][info][gc,reloc    ] GC(151) Forwarding Usage: 32M
[896.985s][info][gc,heap     ] GC(151) Min Capacity: 8192M(100%)
[896.985s][info][gc,heap     ] GC(151) Max Capacity: 8192M(100%)
[896.985s][info][gc,heap     ] GC(151) Soft Max Capacity: 8192M(100%)
[896.985s][info][gc,heap     ] GC(151)                Mark Start          Mark End        Relocate Start      Relocate End           High               Low         
[896.985s][info][gc,heap     ] GC(151)  Capacity:     8192M (100%)       8192M (100%)       8192M (100%)       8192M (100%)       8192M (100%)       8192M (100%)   
[896.985s][info][gc,heap     ] GC(151)      Free:     1062M (13%)         336M (4%)         3812M (47%)        6658M (81%)        6658M (81%)         330M (4%)     
[896.985s][info][gc,heap     ] GC(151)      Used:     7130M (87%)        7856M (96%)        4380M (53%)        1534M (19%)        7862M (96%)        1534M (19%)    
[896.985s][info][gc,heap     ] GC(151)      Live:         -               597M (7%)          597M (7%)          597M (7%)             -                  -          
[896.985s][info][gc,heap     ] GC(151) Allocated:         -               726M (9%)          750M (9%)          857M (10%)            -                  -          
[896.985s][info][gc,heap     ] GC(151)   Garbage:         -              6532M (80%)        3032M (37%)          79M (1%)             -                  -          
[896.985s][info][gc,heap     ] GC(151) Reclaimed:         -                  -              3500M (43%)        6453M (79%)            -                  -          
[896.985s][info][gc          ] GC(151) Garbage Collection (Allocation Rate) 7130M(87%)->1534M(19%)
[900.268s][info][gc,stats    ] === Garbage Collection Statistics =======================================================================================================================
[900.268s][info][gc,stats    ]                                                              Last 10s              Last 10m              Last 10h                Total
[900.268s][info][gc,stats    ]                                                              Avg / Max             Avg / Max             Avg / Max             Avg / Max
[900.268s][info][gc,stats    ]   Collector: Garbage Collection Cycle                    726.999 / 736.778     831.037 / 4817.329   1081.126 / 7809.708   1081.126 / 7809.708    ms
[900.268s][info][gc,stats    ]  Contention: Mark Segment Reset Contention                     0 / 0                 0 / 9                 0 / 9                 0 / 9           ops/s
[900.268s][info][gc,stats    ]  Contention: Mark SeqNum Reset Contention                      0 / 0                 0 / 1                 0 / 1                 0 / 1           ops/s
[900.268s][info][gc,stats    ]    Critical: Allocation Stall                                  0 / 0                 0 / 0                 0 / 0                 0 / 0           ops/s
[900.268s][info][gc,stats    ]    Critical: Allocation Stall                              0.000 / 0.000         0.000 / 0.000         0.000 / 0.000         0.000 / 0.000       ms
[900.268s][info][gc,stats    ]    Critical: GC Locker Stall                                   0 / 0                 0 / 2                 0 / 2                 0 / 2           ops/s
[900.268s][info][gc,stats    ]    Critical: GC Locker Stall                               0.000 / 0.000         0.029 / 0.151         0.041 / 0.151         0.041 / 0.151       ms
[900.268s][info][gc,stats    ]    Critical: Relocation Stall                                  0 / 0                 0 / 0                 0 / 0                 0 / 0           ops/s
[900.268s][info][gc,stats    ]    Critical: Relocation Stall                              0.000 / 0.000         0.000 / 0.000         0.000 / 0.000         0.000 / 0.000       ms
[900.268s][info][gc,stats    ]      Memory: Allocation Rate                                 916 / 1170            792 / 1548            715 / 1548            715 / 1548        MB/s
[900.268s][info][gc,stats    ]      Memory: Defragment                                        0 / 0                 0 / 0                 0 / 0                 0 / 0           ops/s
[900.268s][info][gc,stats    ]      Memory: Out Of Memory                                     0 / 0                 0 / 0                 0 / 0                 0 / 0           ops/s
[900.268s][info][gc,stats    ]      Memory: Page Cache Flush                                  0 / 0                 0 / 0                 0 / 0                 0 / 0           MB/s
[900.268s][info][gc,stats    ]      Memory: Page Cache Hit L1                               469 / 638             403 / 811             360 / 811             360 / 811         ops/s
[900.268s][info][gc,stats    ]      Memory: Page Cache Hit L2                                 0 / 0                 0 / 0                 0 / 0                 0 / 0           ops/s
[900.268s][info][gc,stats    ]      Memory: Page Cache Hit L3                                 0 / 0                 0 / 65                4 / 397               4 / 397         ops/s
[900.268s][info][gc,stats    ]      Memory: Page Cache Miss                                   0 / 0                 0 / 0                 0 / 1                 0 / 1           ops/s
[900.268s][info][gc,stats    ]      Memory: Uncommit                                          0 / 0                 0 / 0                 0 / 0                 0 / 0           MB/s
[900.268s][info][gc,stats    ]      Memory: Undo Object Allocation Failed                     0 / 0                 0 / 0                 0 / 0                 0 / 0           ops/s
[900.268s][info][gc,stats    ]      Memory: Undo Object Allocation Succeeded                  0 / 2                 2 / 400               2 / 400               2 / 400         ops/s
[900.268s][info][gc,stats    ]      Memory: Undo Page Allocation                              0 / 0                 0 / 1                 0 / 1                 0 / 1           ops/s
[900.268s][info][gc,stats    ]       Phase: Concurrent Mark                             614.686 / 627.361     647.972 / 4219.436    825.103 / 5264.294    825.103 / 5264.294    ms
[900.268s][info][gc,stats    ]       Phase: Concurrent Mark Continue                      0.000 / 0.000         0.000 / 0.000         0.000 / 0.000         0.000 / 0.000       ms
[900.268s][info][gc,stats    ]       Phase: Concurrent Mark Free                          0.000 / 0.001         0.001 / 0.003         0.001 / 0.003         0.001 / 0.003       ms
[900.268s][info][gc,stats    ]       Phase: Concurrent Process Non-Strong References     15.681 / 16.526       20.761 / 500.082      30.675 / 1493.667     30.675 / 1493.667    ms
[900.268s][info][gc,stats    ]       Phase: Concurrent Relocate                          82.630 / 88.004       62.143 / 150.321      55.700 / 150.389      55.700 / 150.389     ms
[900.268s][info][gc,stats    ]       Phase: Concurrent Reset Relocation Set               0.148 / 0.165         0.164 / 0.465         0.138 / 0.465         0.138 / 0.465       ms
[900.268s][info][gc,stats    ]       Phase: Concurrent Select Relocation Set             13.245 / 16.639       96.560 / 2796.200    162.240 / 2796.200    162.240 / 2796.200    ms
[900.268s][info][gc,stats    ]       Phase: Pause Mark End                                0.008 / 0.009         0.031 / 1.374         0.060 / 4.475         0.060 / 4.475       ms
[900.268s][info][gc,stats    ]       Phase: Pause Mark Start                              0.005 / 0.005         0.009 / 0.359         0.056 / 7.250         0.056 / 7.250       ms
[900.268s][info][gc,stats    ]       Phase: Pause Relocate Start                          0.009 / 0.012         0.032 / 1.046         0.026 / 1.046         0.026 / 1.046       ms
[900.268s][info][gc,stats    ]    Subphase: Concurrent Classes Purge                      0.164 / 0.316         0.475 / 2.603         0.602 / 5.775         0.602 / 5.775       ms
[900.268s][info][gc,stats    ]    Subphase: Concurrent Classes Unlink                    12.041 / 12.091       12.690 / 101.137      23.189 / 1489.339     23.189 / 1489.339    ms
[900.269s][info][gc,stats    ]    Subphase: Concurrent Mark                             612.499 / 624.989     602.798 / 4216.973    772.171 / 5176.991    772.171 / 5176.991    ms
[900.269s][info][gc,stats    ]    Subphase: Concurrent Mark Try Flush                     0.094 / 0.179         3.828 / 786.951       3.085 / 786.951       3.085 / 786.951     ms
[900.269s][info][gc,stats    ]    Subphase: Concurrent Mark Try Terminate                 0.048 / 0.179         0.998 / 8.706         1.008 / 12.169        1.008 / 12.169      ms
[900.269s][info][gc,stats    ]    Subphase: Concurrent References Enqueue                 0.002 / 0.002         0.002 / 0.005         0.002 / 0.006         0.002 / 0.006       ms
[900.269s][info][gc,stats    ]    Subphase: Concurrent References Process                 0.753 / 1.302         0.533 / 2.996         0.549 / 2.996         0.549 / 2.996       ms
[900.269s][info][gc,stats    ]    Subphase: Concurrent Roots ClassLoaderDataGraph         0.283 / 0.283         0.316 / 1.281         0.599 / 40.174        0.599 / 40.174      ms
[900.269s][info][gc,stats    ]    Subphase: Concurrent Roots CodeCache                    0.000 / 0.000         0.000 / 0.000         0.000 / 0.000         0.000 / 0.000       ms
[900.269s][info][gc,stats    ]    Subphase: Concurrent Roots JavaThreads                  1.543 / 1.543         4.742 / 441.054       6.309 / 441.054       6.309 / 441.054     ms
[900.269s][info][gc,stats    ]    Subphase: Concurrent Roots OopStorageSet                0.069 / 0.069         1.099 / 136.487       1.131 / 136.487       1.131 / 136.487     ms
[900.269s][info][gc,stats    ]    Subphase: Concurrent Weak Roots OopStorageSet           2.447 / 2.524         1.882 / 5.434         1.795 / 11.047        1.795 / 11.047      ms
[900.269s][info][gc,stats    ]    Subphase: Pause Mark Try Complete                       0.000 / 0.000         0.001 / 0.001         0.001 / 0.003         0.001 / 0.003       ms
[900.269s][info][gc,stats    ]      System: Java Threads                                     83 / 83               80 / 83               77 / 83               77 / 83          threads
[900.269s][info][gc,stats    ] =========================================================================================================================================================
[905.568s][info][gc,start    ] GC(152) Garbage Collection (Allocation Rate)
[905.568s][info][gc,task     ] GC(152) Using 2 workers
[905.568s][info][gc,phases   ] GC(152) Pause Mark Start 0.004ms
[905.892s][info][gc,phases   ] GC(152) Concurrent Mark 324.094ms
[905.893s][info][gc,phases   ] GC(152) Pause Mark End 0.009ms
[905.893s][info][gc,phases   ] GC(152) Concurrent Mark Free 0.000ms
[905.901s][info][gc,phases   ] GC(152) Concurrent Process Non-Strong References 8.070ms
[905.901s][info][gc,phases   ] GC(152) Concurrent Reset Relocation Set 0.132ms
[905.906s][info][gc,phases   ] GC(152) Concurrent Select Relocation Set 4.839ms
[905.906s][info][gc,phases   ] GC(152) Pause Relocate Start 0.011ms
[905.951s][info][gc,phases   ] GC(152) Concurrent Relocate 44.790ms
[905.951s][info][gc,load     ] GC(152) Load: 0.00/0.00/0.00
[905.951s][info][gc,mmu      ] GC(152) MMU: 2ms/0.0%, 5ms/0.0%, 10ms/27.5%, 20ms/63.8%, 50ms/85.5%, 100ms/92.8%
[905.951s][info][gc,marking  ] GC(152) Mark: 2 stripe(s), 2 proactive flush(es), 1 terminate flush(es), 0 completion(s), 0 continuation(s) 
[905.951s][info][gc,marking  ] GC(152) Mark Stack Usage: 32M
[905.951s][info][gc,nmethod  ] GC(152) NMethods: 10301 registered, 281 unregistered
[905.951s][info][gc,metaspace] GC(152) Metaspace: 131M used, 133M committed, 1152M reserved
[905.951s][info][gc,ref      ] GC(152) Soft: 6083 encountered, 0 discovered, 0 enqueued
[905.951s][info][gc,ref      ] GC(152) Weak: 23283 encountered, 4940 discovered, 4 enqueued
[905.951s][info][gc,ref      ] GC(152) Final: 34 encountered, 0 discovered, 0 enqueued
[905.951s][info][gc,ref      ] GC(152) Phantom: 900 encountered, 738 discovered, 0 enqueued
[905.951s][info][gc,reloc    ] GC(152) Small Pages: 3617 / 7234M, Empty: 2104M, Relocated: 85M, In-Place: 0
[905.951s][info][gc,reloc    ] GC(152) Medium Pages: 2 / 64M, Empty: 0M, Relocated: 0M, In-Place: 0
[905.951s][info][gc,reloc    ] GC(152) Large Pages: 0 / 0M, Empty: 0M, Relocated: 0M, In-Place: 0
[905.951s][info][gc,reloc    ] GC(152) Forwarding Usage: 26M
[905.951s][info][gc,heap     ] GC(152) Min Capacity: 8192M(100%)
[905.951s][info][gc,heap     ] GC(152) Max Capacity: 8192M(100%)
[905.951s][info][gc,heap     ] GC(152) Soft Max Capacity: 8192M(100%)
[905.951s][info][gc,heap     ] GC(152)                Mark Start          Mark End        Relocate Start      Relocate End           High               Low         
[905.951s][info][gc,heap     ] GC(152)  Capacity:     8192M (100%)       8192M (100%)       8192M (100%)       8192M (100%)       8192M (100%)       8192M (100%)   
[905.951s][info][gc,heap     ] GC(152)      Free:      894M (11%)         542M (7%)         2638M (32%)        7132M (87%)        7132M (87%)         536M (7%)     
[905.951s][info][gc,heap     ] GC(152)      Used:     7298M (89%)        7650M (93%)        5554M (68%)        1060M (13%)        7656M (93%)        1060M (13%)    
[905.951s][info][gc,heap     ] GC(152)      Live:         -               576M (7%)          576M (7%)          576M (7%)             -                  -          
[905.951s][info][gc,heap     ] GC(152) Allocated:         -               352M (4%)          360M (4%)          402M (5%)             -                  -          
[905.951s][info][gc,heap     ] GC(152)   Garbage:         -              6721M (82%)        4617M (56%)          80M (1%)             -                  -          
[905.951s][info][gc,heap     ] GC(152) Reclaimed:         -                  -              2104M (26%)        6640M (81%)            -                  -          
[905.951s][info][gc          ] GC(152) Garbage Collection (Allocation Rate) 7298M(89%)->1060M(13%)
[910.268s][info][gc,stats    ] === Garbage Collection Statistics =======================================================================================================================
[910.268s][info][gc,stats    ]                                                              Last 10s              Last 10m              Last 10h                Total
[910.268s][info][gc,stats    ]                                                              Avg / Max             Avg / Max             Avg / Max             Avg / Max
[910.268s][info][gc,stats    ]   Collector: Garbage Collection Cycle                    382.571 / 382.571     821.604 / 4817.329   1076.560 / 7809.708   1076.560 / 7809.708    ms
[910.268s][info][gc,stats    ]  Contention: Mark Segment Reset Contention                     0 / 0                 0 / 9                 0 / 9                 0 / 9           ops/s
[910.268s][info][gc,stats    ]  Contention: Mark SeqNum Reset Contention                      0 / 0                 0 / 1                 0 / 1                 0 / 1           ops/s
[910.268s][info][gc,stats    ]    Critical: Allocation Stall                                  0 / 0                 0 / 0                 0 / 0                 0 / 0           ops/s
[910.268s][info][gc,stats    ]    Critical: Allocation Stall                              0.000 / 0.000         0.000 / 0.000         0.000 / 0.000         0.000 / 0.000       ms
[910.268s][info][gc,stats    ]    Critical: GC Locker Stall                                   0 / 0                 0 / 2                 0 / 2                 0 / 2           ops/s
[910.268s][info][gc,stats    ]    Critical: GC Locker Stall                               0.000 / 0.000         0.029 / 0.151         0.041 / 0.151         0.041 / 0.151       ms
[910.268s][info][gc,stats    ]    Critical: Relocation Stall                                  0 / 0                 0 / 0                 0 / 0                 0 / 0           ops/s
[910.268s][info][gc,stats    ]    Critical: Relocation Stall                              0.000 / 0.000         0.000 / 0.000         0.000 / 0.000         0.000 / 0.000       ms
[910.268s][info][gc,stats    ]      Memory: Allocation Rate                                 783 / 1134            794 / 1548            716 / 1548            716 / 1548        MB/s
[910.268s][info][gc,stats    ]      Memory: Defragment                                        0 / 0                 0 / 0                 0 / 0                 0 / 0           ops/s
[910.268s][info][gc,stats    ]      Memory: Out Of Memory                                     0 / 0                 0 / 0                 0 / 0                 0 / 0           ops/s
[910.268s][info][gc,stats    ]      Memory: Page Cache Flush                                  0 / 0                 0 / 0                 0 / 0                 0 / 0           MB/s
[910.268s][info][gc,stats    ]      Memory: Page Cache Hit L1                               396 / 567             404 / 811             360 / 811             360 / 811         ops/s
[910.268s][info][gc,stats    ]      Memory: Page Cache Hit L2                                 0 / 0                 0 / 0                 0 / 0                 0 / 0           ops/s
[910.268s][info][gc,stats    ]      Memory: Page Cache Hit L3                                 0 / 0                 0 / 65                4 / 397               4 / 397         ops/s
[910.268s][info][gc,stats    ]      Memory: Page Cache Miss                                   0 / 0                 0 / 0                 0 / 1                 0 / 1           ops/s
[910.268s][info][gc,stats    ]      Memory: Uncommit                                          0 / 0                 0 / 0                 0 / 0                 0 / 0           MB/s
[910.268s][info][gc,stats    ]      Memory: Undo Object Allocation Failed                     0 / 0                 0 / 0                 0 / 0                 0 / 0           ops/s
[910.268s][info][gc,stats    ]      Memory: Undo Object Allocation Succeeded                  0 / 0                 2 / 400               2 / 400               2 / 400         ops/s
[910.268s][info][gc,stats    ]      Memory: Undo Page Allocation                              0 / 0                 0 / 1                 0 / 1                 0 / 1           ops/s
[910.268s][info][gc,stats    ]       Phase: Concurrent Mark                             324.094 / 324.094     643.965 / 4219.436    821.828 / 5264.294    821.828 / 5264.294    ms
[910.268s][info][gc,stats    ]       Phase: Concurrent Mark Continue                      0.000 / 0.000         0.000 / 0.000         0.000 / 0.000         0.000 / 0.000       ms
[910.268s][info][gc,stats    ]       Phase: Concurrent Mark Free                          0.000 / 0.000         0.001 / 0.003         0.001 / 0.003         0.001 / 0.003       ms
[910.268s][info][gc,stats    ]       Phase: Concurrent Process Non-Strong References      8.070 / 8.070        20.729 / 500.082      30.527 / 1493.667     30.527 / 1493.667    ms
[910.268s][info][gc,stats    ]       Phase: Concurrent Relocate                          44.790 / 44.790       62.538 / 150.321      55.629 / 150.389      55.629 / 150.389     ms
[910.268s][info][gc,stats    ]       Phase: Concurrent Reset Relocation Set               0.132 / 0.132         0.165 / 0.465         0.138 / 0.465         0.138 / 0.465       ms
[910.268s][info][gc,stats    ]       Phase: Concurrent Select Relocation Set              4.839 / 4.839        90.854 / 2796.200    161.212 / 2796.200    161.212 / 2796.200    ms
[910.268s][info][gc,stats    ]       Phase: Pause Mark End                                0.009 / 0.009         0.030 / 1.374         0.059 / 4.475         0.059 / 4.475       ms
[910.268s][info][gc,stats    ]       Phase: Pause Mark Start                              0.004 / 0.004         0.009 / 0.359         0.056 / 7.250         0.056 / 7.250       ms
[910.268s][info][gc,stats    ]       Phase: Pause Relocate Start                          0.011 / 0.011         0.033 / 1.046         0.026 / 1.046         0.026 / 1.046       ms
[910.268s][info][gc,stats    ]    Subphase: Concurrent Classes Purge                      0.011 / 0.011         0.476 / 2.603         0.598 / 5.775         0.598 / 5.775       ms
[910.268s][info][gc,stats    ]    Subphase: Concurrent Classes Unlink                     6.261 / 6.261        12.718 / 101.137      23.079 / 1489.339     23.079 / 1489.339    ms
[910.268s][info][gc,stats    ]    Subphase: Concurrent Mark                             322.408 / 322.924     596.856 / 4216.973    768.616 / 5176.991    768.616 / 5176.991    ms
[910.268s][info][gc,stats    ]    Subphase: Concurrent Mark Try Flush                     0.053 / 0.076         3.811 / 786.951       3.066 / 786.951       3.066 / 786.951     ms
[910.268s][info][gc,stats    ]    Subphase: Concurrent Mark Try Terminate                 0.471 / 1.384         0.996 / 8.706         1.007 / 12.169        1.007 / 12.169      ms
[910.268s][info][gc,stats    ]    Subphase: Concurrent References Enqueue                 0.002 / 0.002         0.002 / 0.005         0.002 / 0.006         0.002 / 0.006       ms
[910.268s][info][gc,stats    ]    Subphase: Concurrent References Process                 0.391 / 0.391         0.535 / 2.996         0.548 / 2.996         0.548 / 2.996       ms
[910.268s][info][gc,stats    ]    Subphase: Concurrent Roots ClassLoaderDataGraph         0.187 / 0.301         0.314 / 1.281         0.595 / 40.174        0.595 / 40.174      ms
[910.268s][info][gc,stats    ]    Subphase: Concurrent Roots CodeCache                    0.000 / 0.000         0.000 / 0.000         0.000 / 0.000         0.000 / 0.000       ms
[910.268s][info][gc,stats    ]    Subphase: Concurrent Roots JavaThreads                  0.806 / 0.921         4.792 / 441.054       6.265 / 441.054       6.265 / 441.054     ms
[910.268s][info][gc,stats    ]    Subphase: Concurrent Roots OopStorageSet                0.045 / 0.049         1.113 / 136.487       1.123 / 136.487       1.123 / 136.487     ms
[910.268s][info][gc,stats    ]    Subphase: Concurrent Weak Roots OopStorageSet           1.195 / 1.196         1.881 / 5.434         1.790 / 11.047        1.790 / 11.047      ms
[910.268s][info][gc,stats    ]    Subphase: Pause Mark Try Complete                       0.000 / 0.000         0.001 / 0.001         0.001 / 0.003         0.001 / 0.003       ms
[910.268s][info][gc,stats    ]      System: Java Threads                                     83 / 83               80 / 83               77 / 83               77 / 83          threads
[910.268s][info][gc,stats    ] =========================================================================================================================================================
[911.667s][info][gc,start    ] GC(153) Garbage Collection (Allocation Rate)
[911.667s][info][gc,task     ] GC(153) Using 1 workers
[911.667s][info][gc,phases   ] GC(153) Pause Mark Start 0.004ms
[912.325s][info][gc,phases   ] GC(153) Concurrent Mark 657.615ms
[912.325s][info][gc,phases   ] GC(153) Pause Mark End 0.014ms
[912.325s][info][gc,phases   ] GC(153) Concurrent Mark Free 0.000ms
[912.341s][info][gc,phases   ] GC(153) Concurrent Process Non-Strong References 15.420ms
[912.341s][info][gc,phases   ] GC(153) Concurrent Reset Relocation Set 0.181ms
[912.360s][info][gc,phases   ] GC(153) Concurrent Select Relocation Set 18.695ms
[912.360s][info][gc,phases   ] GC(153) Pause Relocate Start 0.006ms
[912.444s][info][gc,phases   ] GC(153) Concurrent Relocate 84.079ms
[912.444s][info][gc,load     ] GC(153) Load: 0.00/0.00/0.00
[912.444s][info][gc,mmu      ] GC(153) MMU: 2ms/0.0%, 5ms/0.0%, 10ms/27.5%, 20ms/63.8%, 50ms/85.5%, 100ms/92.8%
[912.444s][info][gc,marking  ] GC(153) Mark: 1 stripe(s), 2 proactive flush(es), 1 terminate flush(es), 0 completion(s), 0 continuation(s) 
[912.444s][info][gc,marking  ] GC(153) Mark Stack Usage: 32M
[912.444s][info][gc,nmethod  ] GC(153) NMethods: 10311 registered, 285 unregistered
[912.444s][info][gc,metaspace] GC(153) Metaspace: 131M used, 133M committed, 1152M reserved
[912.444s][info][gc,ref      ] GC(153) Soft: 6083 encountered, 0 discovered, 0 enqueued
[912.444s][info][gc,ref      ] GC(153) Weak: 23285 encountered, 934 discovered, 2 enqueued
[912.444s][info][gc,ref      ] GC(153) Final: 34 encountered, 0 discovered, 0 enqueued
[912.444s][info][gc,ref      ] GC(153) Phantom: 909 encountered, 687 discovered, 0 enqueued
[912.444s][info][gc,reloc    ] GC(153) Small Pages: 3343 / 6686M, Empty: 2556M, Relocated: 127M, In-Place: 0
[912.444s][info][gc,reloc    ] GC(153) Medium Pages: 2 / 64M, Empty: 0M, Relocated: 0M, In-Place: 0
[912.444s][info][gc,reloc    ] GC(153) Large Pages: 0 / 0M, Empty: 0M, Relocated: 0M, In-Place: 0
[912.444s][info][gc,reloc    ] GC(153) Forwarding Usage: 39M
[912.444s][info][gc,heap     ] GC(153) Min Capacity: 8192M(100%)
[912.444s][info][gc,heap     ] GC(153) Max Capacity: 8192M(100%)
[912.444s][info][gc,heap     ] GC(153) Soft Max Capacity: 8192M(100%)
[912.444s][info][gc,heap     ] GC(153)                Mark Start          Mark End        Relocate Start      Relocate End           High               Low         
[912.444s][info][gc,heap     ] GC(153)  Capacity:     8192M (100%)       8192M (100%)       8192M (100%)       8192M (100%)       8192M (100%)       8192M (100%)   
[912.444s][info][gc,heap     ] GC(153)      Free:     1442M (18%)         872M (11%)        3402M (42%)        6832M (83%)        6832M (83%)         862M (11%)    
[912.444s][info][gc,heap     ] GC(153)      Used:     6750M (82%)        7320M (89%)        4790M (58%)        1360M (17%)        7330M (89%)        1360M (17%)    
[912.444s][info][gc,heap     ] GC(153)      Live:         -               620M (8%)          620M (8%)          620M (8%)             -                  -          
[912.444s][info][gc,heap     ] GC(153) Allocated:         -               570M (7%)          596M (7%)          660M (8%)             -                  -          
[912.444s][info][gc,heap     ] GC(153)   Garbage:         -              6129M (75%)        3573M (44%)          79M (1%)             -                  -          
[912.444s][info][gc,heap     ] GC(153) Reclaimed:         -                  -              2556M (31%)        6050M (74%)            -                  -          
[912.444s][info][gc          ] GC(153) Garbage Collection (Allocation Rate) 6750M(82%)->1360M(17%)
[918.168s][info][gc,start    ] GC(154) Garbage Collection (Allocation Rate)
[918.168s][info][gc,task     ] GC(154) Using 2 workers
[918.168s][info][gc,phases   ] GC(154) Pause Mark Start 0.004ms
[918.487s][info][gc,phases   ] GC(154) Concurrent Mark 318.668ms
[918.487s][info][gc,phases   ] GC(154) Pause Mark End 0.009ms
[918.487s][info][gc,phases   ] GC(154) Concurrent Mark Free 0.001ms
[918.495s][info][gc,phases   ] GC(154) Concurrent Process Non-Strong References 8.315ms
[918.495s][info][gc,phases   ] GC(154) Concurrent Reset Relocation Set 0.141ms
[918.500s][info][gc,phases   ] GC(154) Concurrent Select Relocation Set 4.752ms
[918.500s][info][gc,phases   ] GC(154) Pause Relocate Start 0.007ms
[918.543s][info][gc,phases   ] GC(154) Concurrent Relocate 42.434ms
[918.543s][info][gc,load     ] GC(154) Load: 0.00/0.00/0.00
[918.543s][info][gc,mmu      ] GC(154) MMU: 2ms/0.0%, 5ms/0.0%, 10ms/27.5%, 20ms/63.8%, 50ms/85.5%, 100ms/92.8%
[918.543s][info][gc,marking  ] GC(154) Mark: 2 stripe(s), 2 proactive flush(es), 1 terminate flush(es), 0 completion(s), 0 continuation(s) 
[918.543s][info][gc,marking  ] GC(154) Mark Stack Usage: 32M
[918.543s][info][gc,nmethod  ] GC(154) NMethods: 10317 registered, 293 unregistered
[918.543s][info][gc,metaspace] GC(154) Metaspace: 131M used, 133M committed, 1152M reserved
[918.543s][info][gc,ref      ] GC(154) Soft: 6083 encountered, 0 discovered, 0 enqueued
[918.543s][info][gc,ref      ] GC(154) Weak: 23283 encountered, 3196 discovered, 1 enqueued
[918.543s][info][gc,ref      ] GC(154) Final: 34 encountered, 0 discovered, 0 enqueued
[918.543s][info][gc,ref      ] GC(154) Phantom: 909 encountered, 723 discovered, 0 enqueued
[918.543s][info][gc,reloc    ] GC(154) Small Pages: 3450 / 6900M, Empty: 3116M, Relocated: 111M, In-Place: 0
[918.543s][info][gc,reloc    ] GC(154) Medium Pages: 2 / 64M, Empty: 0M, Relocated: 0M, In-Place: 0
[918.543s][info][gc,reloc    ] GC(154) Large Pages: 0 / 0M, Empty: 0M, Relocated: 0M, In-Place: 0
[918.543s][info][gc,reloc    ] GC(154) Forwarding Usage: 34M
[918.543s][info][gc,heap     ] GC(154) Min Capacity: 8192M(100%)
[918.543s][info][gc,heap     ] GC(154) Max Capacity: 8192M(100%)
[918.543s][info][gc,heap     ] GC(154) Soft Max Capacity: 8192M(100%)
[918.543s][info][gc,heap     ] GC(154)                Mark Start          Mark End        Relocate Start      Relocate End           High               Low         
[918.543s][info][gc,heap     ] GC(154)  Capacity:     8192M (100%)       8192M (100%)       8192M (100%)       8192M (100%)       8192M (100%)       8192M (100%)   
[918.543s][info][gc,heap     ] GC(154)      Free:     1228M (15%)        1126M (14%)        4242M (52%)        7402M (90%)        7402M (90%)        1126M (14%)    
[918.543s][info][gc,heap     ] GC(154)      Used:     6964M (85%)        7066M (86%)        3950M (48%)         790M (10%)        7066M (86%)         790M (10%)    
[918.543s][info][gc,heap     ] GC(154)      Live:         -               604M (7%)          604M (7%)          604M (7%)             -                  -          
[918.543s][info][gc,heap     ] GC(154) Allocated:         -               102M (1%)          102M (1%)          105M (1%)             -                  -          
[918.543s][info][gc,heap     ] GC(154)   Garbage:         -              6359M (78%)        3243M (40%)          79M (1%)             -                  -          
[918.543s][info][gc,heap     ] GC(154) Reclaimed:         -                  -              3116M (38%)        6279M (77%)            -                  -          
[918.543s][info][gc          ] GC(154) Garbage Collection (Allocation Rate) 6964M(85%)->790M(10%)
[920.268s][info][gc,stats    ] === Garbage Collection Statistics =======================================================================================================================
[920.268s][info][gc,stats    ]                                                              Last 10s              Last 10m              Last 10h                Total
[920.268s][info][gc,stats    ]                                                              Avg / Max             Avg / Max             Avg / Max             Avg / Max
[920.268s][info][gc,stats    ]   Collector: Garbage Collection Cycle                    575.755 / 776.691     809.208 / 4817.329   1070.098 / 7809.708   1070.098 / 7809.708    ms
[920.268s][info][gc,stats    ]  Contention: Mark Segment Reset Contention                     0 / 0                 0 / 9                 0 / 9                 0 / 9           ops/s
[920.268s][info][gc,stats    ]  Contention: Mark SeqNum Reset Contention                      0 / 0                 0 / 1                 0 / 1                 0 / 1           ops/s
[920.268s][info][gc,stats    ]    Critical: Allocation Stall                                  0 / 0                 0 / 0                 0 / 0                 0 / 0           ops/s
[920.268s][info][gc,stats    ]    Critical: Allocation Stall                              0.000 / 0.000         0.000 / 0.000         0.000 / 0.000         0.000 / 0.000       ms
[920.268s][info][gc,stats    ]    Critical: GC Locker Stall                                   0 / 0                 0 / 2                 0 / 2                 0 / 2           ops/s
[920.268s][info][gc,stats    ]    Critical: GC Locker Stall                               0.000 / 0.000         0.029 / 0.151         0.041 / 0.151         0.041 / 0.151       ms
[920.268s][info][gc,stats    ]    Critical: Relocation Stall                                  0 / 0                 0 / 0                 0 / 0                 0 / 0           ops/s
[920.268s][info][gc,stats    ]    Critical: Relocation Stall                              0.000 / 0.000         0.000 / 0.000         0.000 / 0.000         0.000 / 0.000       ms
[920.268s][info][gc,stats    ]      Memory: Allocation Rate                                 844 / 1160            795 / 1548            717 / 1548            717 / 1548        MB/s
[920.268s][info][gc,stats    ]      Memory: Defragment                                        0 / 0                 0 / 0                 0 / 0                 0 / 0           ops/s
[920.268s][info][gc,stats    ]      Memory: Out Of Memory                                     0 / 0                 0 / 0                 0 / 0                 0 / 0           ops/s
[920.268s][info][gc,stats    ]      Memory: Page Cache Flush                                  0 / 0                 0 / 0                 0 / 0                 0 / 0           MB/s
[920.268s][info][gc,stats    ]      Memory: Page Cache Hit L1                               434 / 643             405 / 811             361 / 811             361 / 811         ops/s
[920.268s][info][gc,stats    ]      Memory: Page Cache Hit L2                                 0 / 0                 0 / 0                 0 / 0                 0 / 0           ops/s
[920.268s][info][gc,stats    ]      Memory: Page Cache Hit L3                                 0 / 0                 0 / 65                4 / 397               4 / 397         ops/s
[920.268s][info][gc,stats    ]      Memory: Page Cache Miss                                   0 / 0                 0 / 0                 0 / 1                 0 / 1           ops/s
[920.268s][info][gc,stats    ]      Memory: Uncommit                                          0 / 0                 0 / 0                 0 / 0                 0 / 0           MB/s
[920.268s][info][gc,stats    ]      Memory: Undo Object Allocation Failed                     0 / 0                 0 / 0                 0 / 0                 0 / 0           ops/s
[920.268s][info][gc,stats    ]      Memory: Undo Object Allocation Succeeded                  6 / 68                1 / 367               2 / 400               2 / 400         ops/s
[920.268s][info][gc,stats    ]      Memory: Undo Page Allocation                              0 / 1                 0 / 1                 0 / 1                 0 / 1           ops/s
[920.268s][info][gc,stats    ]       Phase: Concurrent Mark                             488.142 / 657.615     634.705 / 4219.436    817.523 / 5264.294    817.523 / 5264.294    ms
[920.268s][info][gc,stats    ]       Phase: Concurrent Mark Continue                      0.000 / 0.000         0.000 / 0.000         0.000 / 0.000         0.000 / 0.000       ms
[920.268s][info][gc,stats    ]       Phase: Concurrent Mark Free                          0.000 / 0.001         0.001 / 0.003         0.001 / 0.003         0.001 / 0.003       ms
[920.268s][info][gc,stats    ]       Phase: Concurrent Process Non-Strong References     11.867 / 15.420       20.512 / 500.082      30.286 / 1493.667     30.286 / 1493.667    ms
[920.268s][info][gc,stats    ]       Phase: Concurrent Relocate                          63.256 / 84.079       62.698 / 150.321      55.727 / 150.389      55.727 / 150.389     ms
[920.268s][info][gc,stats    ]       Phase: Concurrent Reset Relocation Set               0.161 / 0.181         0.164 / 0.465         0.138 / 0.465         0.138 / 0.465       ms
[920.268s][info][gc,stats    ]       Phase: Concurrent Select Relocation Set             11.723 / 18.695       87.811 / 2796.200    159.283 / 2796.200    159.283 / 2796.200    ms
[920.268s][info][gc,stats    ]       Phase: Pause Mark End                                0.011 / 0.014         0.030 / 1.374         0.059 / 4.475         0.059 / 4.475       ms
[920.268s][info][gc,stats    ]       Phase: Pause Mark Start                              0.004 / 0.004         0.009 / 0.359         0.055 / 7.250         0.055 / 7.250       ms
[920.268s][info][gc,stats    ]       Phase: Pause Relocate Start                          0.006 / 0.007         0.033 / 1.046         0.025 / 1.046         0.025 / 1.046       ms
[920.268s][info][gc,stats    ]    Subphase: Concurrent Classes Purge                      0.147 / 0.248         0.469 / 2.603         0.593 / 5.775         0.593 / 5.775       ms
[920.268s][info][gc,stats    ]    Subphase: Concurrent Classes Unlink                     9.118 / 11.647       12.587 / 101.137      22.899 / 1489.339     22.899 / 1489.339    ms
[920.268s][info][gc,stats    ]    Subphase: Concurrent Mark                             429.589 / 655.446     588.040 / 4216.973    764.643 / 5176.991    764.643 / 5176.991    ms
[920.268s][info][gc,stats    ]    Subphase: Concurrent Mark Try Flush                     0.043 / 0.065         3.798 / 786.951       3.027 / 786.951       3.027 / 786.951     ms
[920.268s][info][gc,stats    ]    Subphase: Concurrent Mark Try Terminate                 0.423 / 1.378         0.996 / 8.706         1.006 / 12.169        1.006 / 12.169      ms
[920.268s][info][gc,stats    ]    Subphase: Concurrent References Enqueue                 0.003 / 0.004         0.002 / 0.005         0.002 / 0.006         0.002 / 0.006       ms
[920.268s][info][gc,stats    ]    Subphase: Concurrent References Process                 0.253 / 0.261         0.536 / 2.996         0.544 / 2.996         0.544 / 2.996       ms
[920.268s][info][gc,stats    ]    Subphase: Concurrent Roots ClassLoaderDataGraph         0.231 / 0.326         0.312 / 1.281         0.591 / 40.174        0.591 / 40.174      ms
[920.268s][info][gc,stats    ]    Subphase: Concurrent Roots CodeCache                    0.000 / 0.000         0.000 / 0.000         0.000 / 0.000         0.000 / 0.000       ms
[920.268s][info][gc,stats    ]    Subphase: Concurrent Roots JavaThreads                  1.303 / 1.543         4.728 / 441.054       6.207 / 441.054       6.207 / 441.054     ms
[920.268s][info][gc,stats    ]    Subphase: Concurrent Roots OopStorageSet                0.057 / 0.087         1.112 / 136.487       1.110 / 136.487       1.110 / 136.487     ms
[920.268s][info][gc,stats    ]    Subphase: Concurrent Weak Roots OopStorageSet           1.713 / 2.763         1.877 / 5.434         1.790 / 11.047        1.790 / 11.047      ms
[920.268s][info][gc,stats    ]    Subphase: Pause Mark Try Complete                       0.000 / 0.000         0.001 / 0.001         0.001 / 0.003         0.001 / 0.003       ms
[920.268s][info][gc,stats    ]      System: Java Threads                                     83 / 83               80 / 83               77 / 83               77 / 83          threads
[920.268s][info][gc,stats    ] =========================================================================================================================================================
[928.068s][info][gc,start    ] GC(155) Garbage Collection (Allocation Rate)
[928.068s][info][gc,task     ] GC(155) Using 1 workers
[928.068s][info][gc,phases   ] GC(155) Pause Mark Start 0.004ms
[928.663s][info][gc,phases   ] GC(155) Concurrent Mark 595.230ms
[928.663s][info][gc,phases   ] GC(155) Pause Mark End 0.010ms
[928.663s][info][gc,phases   ] GC(155) Concurrent Mark Free 0.001ms
[928.680s][info][gc,phases   ] GC(155) Concurrent Process Non-Strong References 16.834ms
[928.680s][info][gc,phases   ] GC(155) Concurrent Reset Relocation Set 0.134ms
[928.686s][info][gc,phases   ] GC(155) Concurrent Select Relocation Set 5.959ms
[928.686s][info][gc,phases   ] GC(155) Pause Relocate Start 0.006ms
[928.762s][info][gc,phases   ] GC(155) Concurrent Relocate 75.709ms
[928.762s][info][gc,load     ] GC(155) Load: 0.00/0.00/0.00
[928.762s][info][gc,mmu      ] GC(155) MMU: 2ms/0.0%, 5ms/0.0%, 10ms/27.5%, 20ms/63.8%, 50ms/85.5%, 100ms/92.8%
[928.762s][info][gc,marking  ] GC(155) Mark: 1 stripe(s), 2 proactive flush(es), 1 terminate flush(es), 0 completion(s), 0 continuation(s) 
[928.762s][info][gc,marking  ] GC(155) Mark Stack Usage: 32M
[928.762s][info][gc,nmethod  ] GC(155) NMethods: 10323 registered, 297 unregistered
[928.762s][info][gc,metaspace] GC(155) Metaspace: 131M used, 133M committed, 1152M reserved
[928.762s][info][gc,ref      ] GC(155) Soft: 6083 encountered, 0 discovered, 0 enqueued
[928.762s][info][gc,ref      ] GC(155) Weak: 23285 encountered, 12470 discovered, 2 enqueued
[928.762s][info][gc,ref      ] GC(155) Final: 34 encountered, 0 discovered, 0 enqueued
[928.762s][info][gc,ref      ] GC(155) Phantom: 912 encountered, 622 discovered, 0 enqueued
[928.762s][info][gc,reloc    ] GC(155) Small Pages: 3643 / 7286M, Empty: 1950M, Relocated: 90M, In-Place: 0
[928.762s][info][gc,reloc    ] GC(155) Medium Pages: 2 / 64M, Empty: 0M, Relocated: 0M, In-Place: 0
[928.762s][info][gc,reloc    ] GC(155) Large Pages: 0 / 0M, Empty: 0M, Relocated: 0M, In-Place: 0
[928.763s][info][gc,reloc    ] GC(155) Forwarding Usage: 29M
[928.763s][info][gc,heap     ] GC(155) Min Capacity: 8192M(100%)
[928.763s][info][gc,heap     ] GC(155) Max Capacity: 8192M(100%)
[928.763s][info][gc,heap     ] GC(155) Soft Max Capacity: 8192M(100%)
[928.763s][info][gc,heap     ] GC(155)                Mark Start          Mark End        Relocate Start      Relocate End           High               Low         
[928.763s][info][gc,heap     ] GC(155)  Capacity:     8192M (100%)       8192M (100%)       8192M (100%)       8192M (100%)       8192M (100%)       8192M (100%)   
[928.763s][info][gc,heap     ] GC(155)      Free:      842M (10%)         266M (3%)         2198M (27%)        6864M (84%)        6864M (84%)         260M (3%)     
[928.763s][info][gc,heap     ] GC(155)      Used:     7350M (90%)        7926M (97%)        5994M (73%)        1328M (16%)        7932M (97%)        1328M (16%)    
[928.763s][info][gc,heap     ] GC(155)      Live:         -               578M (7%)          578M (7%)          578M (7%)             -                  -          
[928.763s][info][gc,heap     ] GC(155) Allocated:         -               576M (7%)          594M (7%)          672M (8%)             -                  -          
[928.763s][info][gc,heap     ] GC(155)   Garbage:         -              6771M (83%)        4821M (59%)          76M (1%)             -                  -          
[928.763s][info][gc,heap     ] GC(155) Reclaimed:         -                  -              1950M (24%)        6694M (82%)            -                  -          
[928.763s][info][gc          ] GC(155) Garbage Collection (Allocation Rate) 7350M(90%)->1328M(16%)
[930.268s][info][gc,stats    ] === Garbage Collection Statistics =======================================================================================================================
[930.268s][info][gc,stats    ]                                                              Last 10s              Last 10m              Last 10h                Total
[930.268s][info][gc,stats    ]                                                              Avg / Max             Avg / Max             Avg / Max             Avg / Max
[930.269s][info][gc,stats    ]   Collector: Garbage Collection Cycle                    694.530 / 694.530     808.960 / 4817.329   1067.690 / 7809.708   1067.690 / 7809.708    ms
[930.269s][info][gc,stats    ]  Contention: Mark Segment Reset Contention                     0 / 0                 0 / 9                 0 / 9                 0 / 9           ops/s
[930.269s][info][gc,stats    ]  Contention: Mark SeqNum Reset Contention                      0 / 0                 0 / 1                 0 / 1                 0 / 1           ops/s
[930.269s][info][gc,stats    ]    Critical: Allocation Stall                                  0 / 0                 0 / 0                 0 / 0                 0 / 0           ops/s
[930.269s][info][gc,stats    ]    Critical: Allocation Stall                              0.000 / 0.000         0.000 / 0.000         0.000 / 0.000         0.000 / 0.000       ms
[930.269s][info][gc,stats    ]    Critical: GC Locker Stall                                   0 / 0                 0 / 2                 0 / 2                 0 / 2           ops/s
[930.269s][info][gc,stats    ]    Critical: GC Locker Stall                               0.000 / 0.000         0.029 / 0.151         0.041 / 0.151         0.041 / 0.151       ms
[930.269s][info][gc,stats    ]    Critical: Relocation Stall                                  0 / 0                 0 / 0                 0 / 0                 0 / 0           ops/s
[930.269s][info][gc,stats    ]    Critical: Relocation Stall                              0.000 / 0.000         0.000 / 0.000         0.000 / 0.000         0.000 / 0.000       ms
[930.269s][info][gc,stats    ]      Memory: Allocation Rate                                 826 / 1152            796 / 1548            719 / 1548            719 / 1548        MB/s
[930.269s][info][gc,stats    ]      Memory: Defragment                                        0 / 0                 0 / 0                 0 / 0                 0 / 0           ops/s
[930.269s][info][gc,stats    ]      Memory: Out Of Memory                                     0 / 0                 0 / 0                 0 / 0                 0 / 0           ops/s
[930.269s][info][gc,stats    ]      Memory: Page Cache Flush                                  0 / 0                 0 / 0                 0 / 0                 0 / 0           MB/s
[930.269s][info][gc,stats    ]      Memory: Page Cache Hit L1                               417 / 576             405 / 811             362 / 811             362 / 811         ops/s
[930.269s][info][gc,stats    ]      Memory: Page Cache Hit L2                                 0 / 0                 0 / 0                 0 / 0                 0 / 0           ops/s
[930.269s][info][gc,stats    ]      Memory: Page Cache Hit L3                                 0 / 0                 0 / 65                4 / 397               4 / 397         ops/s
[930.269s][info][gc,stats    ]      Memory: Page Cache Miss                                   0 / 0                 0 / 0                 0 / 1                 0 / 1           ops/s
[930.269s][info][gc,stats    ]      Memory: Uncommit                                          0 / 0                 0 / 0                 0 / 0                 0 / 0           MB/s
[930.269s][info][gc,stats    ]      Memory: Undo Object Allocation Failed                     0 / 0                 0 / 0                 0 / 0                 0 / 0           ops/s
[930.269s][info][gc,stats    ]      Memory: Undo Object Allocation Succeeded                  0 / 0                 1 / 367               2 / 400               2 / 400         ops/s
[930.269s][info][gc,stats    ]      Memory: Undo Page Allocation                              0 / 0                 0 / 1                 0 / 1                 0 / 1           ops/s
[930.269s][info][gc,stats    ]       Phase: Concurrent Mark                             595.230 / 595.230     627.690 / 4219.436    816.098 / 5264.294    816.098 / 5264.294    ms
[930.269s][info][gc,stats    ]       Phase: Concurrent Mark Continue                      0.000 / 0.000         0.000 / 0.000         0.000 / 0.000         0.000 / 0.000       ms
[930.269s][info][gc,stats    ]       Phase: Concurrent Mark Free                          0.001 / 0.001         0.001 / 0.003         0.001 / 0.003         0.001 / 0.003       ms
[930.269s][info][gc,stats    ]       Phase: Concurrent Process Non-Strong References     16.834 / 16.834       20.561 / 500.082      30.200 / 1493.667     30.200 / 1493.667    ms
[930.269s][info][gc,stats    ]       Phase: Concurrent Relocate                          75.709 / 75.709       63.084 / 150.321      55.855 / 150.389      55.855 / 150.389     ms
[930.269s][info][gc,stats    ]       Phase: Concurrent Reset Relocation Set               0.134 / 0.134         0.161 / 0.465         0.138 / 0.465         0.138 / 0.465       ms
[930.269s][info][gc,stats    ]       Phase: Concurrent Select Relocation Set              5.959 / 5.959        87.823 / 2796.200    158.300 / 2796.200    158.300 / 2796.200    ms
[930.269s][info][gc,stats    ]       Phase: Pause Mark End                                0.010 / 0.010         0.029 / 1.374         0.058 / 4.475         0.058 / 4.475       ms
[930.269s][info][gc,stats    ]       Phase: Pause Mark Start                              0.004 / 0.004         0.009 / 0.359         0.055 / 7.250         0.055 / 7.250       ms
[930.269s][info][gc,stats    ]       Phase: Pause Relocate Start                          0.006 / 0.006         0.033 / 1.046         0.025 / 1.046         0.025 / 1.046       ms
[930.269s][info][gc,stats    ]    Subphase: Concurrent Classes Purge                      0.024 / 0.024         0.471 / 2.603         0.589 / 5.775         0.589 / 5.775       ms
[930.269s][info][gc,stats    ]    Subphase: Concurrent Classes Unlink                    12.592 / 12.592       12.583 / 101.137      22.832 / 1489.339     22.832 / 1489.339    ms
[930.269s][info][gc,stats    ]    Subphase: Concurrent Mark                             593.199 / 593.199     582.500 / 4216.973    763.976 / 5176.991    763.976 / 5176.991    ms
[930.269s][info][gc,stats    ]    Subphase: Concurrent Mark Try Flush                     0.093 / 0.133         3.832 / 786.951       3.009 / 786.951       3.009 / 786.951     ms
[930.269s][info][gc,stats    ]    Subphase: Concurrent Mark Try Terminate                 0.014 / 0.028         0.996 / 8.706         1.005 / 12.169        1.005 / 12.169      ms
[930.269s][info][gc,stats    ]    Subphase: Concurrent References Enqueue                 0.002 / 0.002         0.002 / 0.005         0.002 / 0.006         0.002 / 0.006       ms
[930.269s][info][gc,stats    ]    Subphase: Concurrent References Process                 1.538 / 1.538         0.551 / 2.996         0.551 / 2.996         0.551 / 2.996       ms
[930.269s][info][gc,stats    ]    Subphase: Concurrent Roots ClassLoaderDataGraph         0.295 / 0.295         0.312 / 1.281         0.590 / 40.174        0.590 / 40.174      ms
[930.269s][info][gc,stats    ]    Subphase: Concurrent Roots CodeCache                    0.000 / 0.000         0.000 / 0.000         0.000 / 0.000         0.000 / 0.000       ms
[930.269s][info][gc,stats    ]    Subphase: Concurrent Roots JavaThreads                  1.542 / 1.542         4.784 / 441.054       6.189 / 441.054       6.189 / 441.054     ms
[930.269s][info][gc,stats    ]    Subphase: Concurrent Roots OopStorageSet                0.077 / 0.077         1.127 / 136.487       1.106 / 136.487       1.106 / 136.487     ms
[930.269s][info][gc,stats    ]    Subphase: Concurrent Weak Roots OopStorageSet           2.479 / 2.479         1.877 / 5.434         1.792 / 11.047        1.792 / 11.047      ms
[930.269s][info][gc,stats    ]    Subphase: Pause Mark Try Complete                       0.000 / 0.000         0.000 / 0.000         0.001 / 0.003         0.001 / 0.003       ms
[930.269s][info][gc,stats    ]      System: Java Threads                                     83 / 83               80 / 83               77 / 83               77 / 83          threads
[930.269s][info][gc,stats    ] =========================================================================================================================================================
[934.668s][info][gc,start    ] GC(156) Garbage Collection (Allocation Rate)
[934.668s][info][gc,task     ] GC(156) Using 1 workers
[934.668s][info][gc,phases   ] GC(156) Pause Mark Start 0.004ms
[935.277s][info][gc,phases   ] GC(156) Concurrent Mark 608.622ms
[935.277s][info][gc,phases   ] GC(156) Pause Mark End 0.007ms
[935.277s][info][gc,phases   ] GC(156) Concurrent Mark Free 0.001ms
[935.291s][info][gc,phases   ] GC(156) Concurrent Process Non-Strong References 14.208ms
[935.291s][info][gc,phases   ] GC(156) Concurrent Reset Relocation Set 0.188ms
[935.295s][info][gc,phases   ] GC(156) Concurrent Select Relocation Set 3.551ms
[935.295s][info][gc,phases   ] GC(156) Pause Relocate Start 0.006ms
[935.355s][info][gc,phases   ] GC(156) Concurrent Relocate 60.422ms
[935.356s][info][gc,load     ] GC(156) Load: 0.00/0.00/0.00
[935.356s][info][gc,mmu      ] GC(156) MMU: 2ms/0.0%, 5ms/0.0%, 10ms/27.5%, 20ms/63.8%, 50ms/85.5%, 100ms/92.8%
[935.356s][info][gc,marking  ] GC(156) Mark: 1 stripe(s), 2 proactive flush(es), 1 terminate flush(es), 0 completion(s), 0 continuation(s) 
[935.356s][info][gc,marking  ] GC(156) Mark Stack Usage: 32M
[935.356s][info][gc,nmethod  ] GC(156) NMethods: 10325 registered, 300 unregistered
[935.356s][info][gc,metaspace] GC(156) Metaspace: 131M used, 133M committed, 1152M reserved
[935.356s][info][gc,ref      ] GC(156) Soft: 6083 encountered, 0 discovered, 0 enqueued
[935.356s][info][gc,ref      ] GC(156) Weak: 23290 encountered, 933 discovered, 4 enqueued
[935.356s][info][gc,ref      ] GC(156) Final: 34 encountered, 0 discovered, 0 enqueued
[935.356s][info][gc,ref      ] GC(156) Phantom: 918 encountered, 693 discovered, 0 enqueued
[935.356s][info][gc,reloc    ] GC(156) Small Pages: 3544 / 7088M, Empty: 2838M, Relocated: 95M, In-Place: 0
[935.356s][info][gc,reloc    ] GC(156) Medium Pages: 2 / 64M, Empty: 0M, Relocated: 0M, In-Place: 0
[935.356s][info][gc,reloc    ] GC(156) Large Pages: 0 / 0M, Empty: 0M, Relocated: 0M, In-Place: 0
[935.356s][info][gc,reloc    ] GC(156) Forwarding Usage: 28M
[935.356s][info][gc,heap     ] GC(156) Min Capacity: 8192M(100%)
[935.356s][info][gc,heap     ] GC(156) Max Capacity: 8192M(100%)
[935.356s][info][gc,heap     ] GC(156) Soft Max Capacity: 8192M(100%)
[935.356s][info][gc,heap     ] GC(156)                Mark Start          Mark End        Relocate Start      Relocate End           High               Low         
[935.356s][info][gc,heap     ] GC(156)  Capacity:     8192M (100%)       8192M (100%)       8192M (100%)       8192M (100%)       8192M (100%)       8192M (100%)   
[935.356s][info][gc,heap     ] GC(156)      Free:     1040M (13%)         278M (3%)         3112M (38%)        6736M (82%)        6738M (82%)         276M (3%)     
[935.356s][info][gc,heap     ] GC(156)      Used:     7152M (87%)        7914M (97%)        5080M (62%)        1456M (18%)        7916M (97%)        1454M (18%)    
[935.356s][info][gc,heap     ] GC(156)      Live:         -               582M (7%)          582M (7%)          582M (7%)             -                  -          
[935.356s][info][gc,heap     ] GC(156) Allocated:         -               762M (9%)          766M (9%)          794M (10%)            -                  -          
[935.356s][info][gc,heap     ] GC(156)   Garbage:         -              6569M (80%)        3731M (46%)          78M (1%)             -                  -          
[935.356s][info][gc,heap     ] GC(156) Reclaimed:         -                  -              2838M (35%)        6490M (79%)            -                  -          
[935.356s][info][gc          ] GC(156) Garbage Collection (Allocation Rate) 7152M(87%)->1456M(18%)
[940.268s][info][gc,start    ] GC(157) Garbage Collection (Allocation Rate)
[940.268s][info][gc,stats    ] === Garbage Collection Statistics =======================================================================================================================
[940.268s][info][gc,task     ] GC(157) Using 2 workers
[940.268s][info][gc,stats    ]                                                              Last 10s              Last 10m              Last 10h                Total
[940.268s][info][gc,stats    ]                                                              Avg / Max             Avg / Max             Avg / Max             Avg / Max
[940.268s][info][gc,stats    ]   Collector: Garbage Collection Cycle                    687.640 / 687.640     791.136 / 4817.329   1065.270 / 7809.708   1065.270 / 7809.708    ms
[940.268s][info][gc,phases   ] GC(157) Pause Mark Start 0.004ms
[940.268s][info][gc,stats    ]  Contention: Mark Segment Reset Contention                     0 / 0                 0 / 9                 0 / 9                 0 / 9           ops/s
[940.268s][info][gc,stats    ]  Contention: Mark SeqNum Reset Contention                      0 / 0                 0 / 1                 0 / 1                 0 / 1           ops/s
[940.268s][info][gc,stats    ]    Critical: Allocation Stall                                  0 / 0                 0 / 0                 0 / 0                 0 / 0           ops/s
[940.268s][info][gc,stats    ]    Critical: Allocation Stall                              0.000 / 0.000         0.000 / 0.000         0.000 / 0.000         0.000 / 0.000       ms
[940.268s][info][gc,stats    ]    Critical: GC Locker Stall                                   0 / 0                 0 / 2                 0 / 2                 0 / 2           ops/s
[940.268s][info][gc,stats    ]    Critical: GC Locker Stall                               0.000 / 0.000         0.029 / 0.151         0.041 / 0.151         0.041 / 0.151       ms
[940.268s][info][gc,stats    ]    Critical: Relocation Stall                                  0 / 0                 0 / 0                 0 / 0                 0 / 0           ops/s
[940.268s][info][gc,stats    ]    Critical: Relocation Stall                              0.000 / 0.000         0.000 / 0.000         0.000 / 0.000         0.000 / 0.000       ms
[940.268s][info][gc,stats    ]      Memory: Allocation Rate                                1032 / 1272            801 / 1548            722 / 1548            722 / 1548        MB/s
[940.268s][info][gc,stats    ]      Memory: Defragment                                        0 / 0                 0 / 0                 0 / 0                 0 / 0           ops/s
[940.268s][info][gc,stats    ]      Memory: Out Of Memory                                     0 / 0                 0 / 0                 0 / 0                 0 / 0           ops/s
[940.268s][info][gc,stats    ]      Memory: Page Cache Flush                                  0 / 0                 0 / 0                 0 / 0                 0 / 0           MB/s
[940.268s][info][gc,stats    ]      Memory: Page Cache Hit L1                               521 / 636             407 / 811             364 / 811             364 / 811         ops/s
[940.268s][info][gc,stats    ]      Memory: Page Cache Hit L2                                 0 / 0                 0 / 0                 0 / 0                 0 / 0           ops/s
[940.268s][info][gc,stats    ]      Memory: Page Cache Hit L3                                 0 / 0                 0 / 65                4 / 397               4 / 397         ops/s
[940.268s][info][gc,stats    ]      Memory: Page Cache Miss                                   0 / 0                 0 / 0                 0 / 1                 0 / 1           ops/s
[940.268s][info][gc,stats    ]      Memory: Uncommit                                          0 / 0                 0 / 0                 0 / 0                 0 / 0           MB/s
[940.268s][info][gc,stats    ]      Memory: Undo Object Allocation Failed                     0 / 0                 0 / 0                 0 / 0                 0 / 0           ops/s
[940.268s][info][gc,stats    ]      Memory: Undo Object Allocation Succeeded                  0 / 2                 1 / 367               2 / 400               2 / 400         ops/s
[940.268s][info][gc,stats    ]      Memory: Undo Page Allocation                              0 / 0                 0 / 1                 0 / 1                 0 / 1           ops/s
[940.268s][info][gc,stats    ]       Phase: Concurrent Mark                             608.622 / 608.622     623.838 / 4219.436    814.776 / 5264.294    814.776 / 5264.294    ms
[940.268s][info][gc,stats    ]       Phase: Concurrent Mark Continue                      0.000 / 0.000         0.000 / 0.000         0.000 / 0.000         0.000 / 0.000       ms
[940.268s][info][gc,stats    ]       Phase: Concurrent Mark Free                          0.001 / 0.001         0.001 / 0.003         0.001 / 0.003         0.001 / 0.003       ms
[940.268s][info][gc,stats    ]       Phase: Concurrent Process Non-Strong References     14.208 / 14.208       20.519 / 500.082      30.098 / 1493.667     30.098 / 1493.667    ms
[940.268s][info][gc,stats    ]       Phase: Concurrent Relocate                          60.422 / 60.422       63.226 / 150.321      55.884 / 150.389      55.884 / 150.389     ms
[940.268s][info][gc,stats    ]       Phase: Concurrent Reset Relocation Set               0.188 / 0.188         0.162 / 0.465         0.139 / 0.465         0.139 / 0.465       ms
[940.268s][info][gc,stats    ]       Phase: Concurrent Select Relocation Set              3.551 / 3.551        80.105 / 2796.200    157.314 / 2796.200    157.314 / 2796.200    ms
[940.268s][info][gc,stats    ]       Phase: Pause Mark End                                0.007 / 0.007         0.029 / 1.374         0.058 / 4.475         0.058 / 4.475       ms
[940.268s][info][gc,stats    ]       Phase: Pause Mark Start                              0.004 / 0.004         0.009 / 0.359         0.054 / 7.250         0.054 / 7.250       ms
[940.268s][info][gc,stats    ]       Phase: Pause Relocate Start                          0.006 / 0.006         0.033 / 1.046         0.025 / 1.046         0.025 / 1.046       ms
[940.268s][info][gc,stats    ]    Subphase: Concurrent Classes Purge                      0.033 / 0.033         0.474 / 2.603         0.585 / 5.775         0.585 / 5.775       ms
[940.268s][info][gc,stats    ]    Subphase: Concurrent Classes Unlink                    11.442 / 11.442       12.550 / 101.137      22.760 / 1489.339     22.760 / 1489.339    ms
[940.268s][info][gc,stats    ]    Subphase: Concurrent Mark                             606.395 / 606.395     580.199 / 4216.973    763.365 / 5176.991    763.365 / 5176.991    ms
[940.268s][info][gc,stats    ]    Subphase: Concurrent Mark Try Flush                     0.036 / 0.070         3.822 / 786.951       2.990 / 786.951       2.990 / 786.951     ms
[940.268s][info][gc,stats    ]    Subphase: Concurrent Mark Try Terminate                 0.008 / 0.016         0.993 / 8.706         1.004 / 12.169        1.004 / 12.169      ms
[940.268s][info][gc,stats    ]    Subphase: Concurrent References Enqueue                 0.001 / 0.001         0.002 / 0.005         0.002 / 0.006         0.002 / 0.006       ms
[940.268s][info][gc,stats    ]    Subphase: Concurrent References Process                 0.223 / 0.223         0.550 / 2.996         0.549 / 2.996         0.549 / 2.996       ms
[940.268s][info][gc,stats    ]    Subphase: Concurrent Roots ClassLoaderDataGraph         0.311 / 0.311         0.311 / 1.281         0.589 / 40.174        0.589 / 40.174      ms
[940.268s][info][gc,stats    ]    Subphase: Concurrent Roots CodeCache                    0.000 / 0.000         0.000 / 0.000         0.000 / 0.000         0.000 / 0.000       ms
[940.268s][info][gc,stats    ]    Subphase: Concurrent Roots JavaThreads                  1.464 / 1.464         4.836 / 441.054       6.171 / 441.054       6.171 / 441.054     ms
[940.268s][info][gc,stats    ]    Subphase: Concurrent Roots OopStorageSet                0.369 / 0.369         1.145 / 136.487       1.103 / 136.487       1.103 / 136.487     ms
[940.268s][info][gc,stats    ]    Subphase: Concurrent Weak Roots OopStorageSet           2.274 / 2.274         1.879 / 5.434         1.794 / 11.047        1.794 / 11.047      ms
[940.268s][info][gc,stats    ]    Subphase: Pause Mark Try Complete                       0.000 / 0.000         0.000 / 0.000         0.001 / 0.003         0.001 / 0.003       ms
[940.268s][info][gc,stats    ]      System: Java Threads                                     83 / 83               80 / 83               77 / 83               77 / 83          threads
[940.268s][info][gc,stats    ] =========================================================================================================================================================
[940.596s][info][gc,phases   ] GC(157) Concurrent Mark 328.529ms
[940.597s][info][gc,phases   ] GC(157) Pause Mark End 0.009ms
[940.597s][info][gc,phases   ] GC(157) Concurrent Mark Free 0.001ms
[940.606s][info][gc,phases   ] GC(157) Concurrent Process Non-Strong References 8.976ms
[940.606s][info][gc,phases   ] GC(157) Concurrent Reset Relocation Set 0.247ms
[940.622s][info][gc,phases   ] GC(157) Concurrent Select Relocation Set 16.141ms
[940.622s][info][gc,phases   ] GC(157) Pause Relocate Start 0.006ms
[940.672s][info][gc,phases   ] GC(157) Concurrent Relocate 49.373ms
[940.672s][info][gc,load     ] GC(157) Load: 0.00/0.00/0.00
[940.672s][info][gc,mmu      ] GC(157) MMU: 2ms/0.0%, 5ms/0.0%, 10ms/27.5%, 20ms/63.8%, 50ms/85.5%, 100ms/92.8%
[940.672s][info][gc,marking  ] GC(157) Mark: 2 stripe(s), 2 proactive flush(es), 1 terminate flush(es), 0 completion(s), 0 continuation(s) 
[940.672s][info][gc,marking  ] GC(157) Mark Stack Usage: 32M
[940.672s][info][gc,nmethod  ] GC(157) NMethods: 10329 registered, 307 unregistered
[940.672s][info][gc,metaspace] GC(157) Metaspace: 131M used, 133M committed, 1152M reserved
[940.672s][info][gc,ref      ] GC(157) Soft: 6083 encountered, 0 discovered, 0 enqueued
[940.672s][info][gc,ref      ] GC(157) Weak: 23286 encountered, 8353 discovered, 1 enqueued
[940.672s][info][gc,ref      ] GC(157) Final: 34 encountered, 0 discovered, 0 enqueued
[940.672s][info][gc,ref      ] GC(157) Phantom: 918 encountered, 632 discovered, 0 enqueued
[940.672s][info][gc,reloc    ] GC(157) Small Pages: 3358 / 6716M, Empty: 1990M, Relocated: 124M, In-Place: 0
[940.672s][info][gc,reloc    ] GC(157) Medium Pages: 2 / 64M, Empty: 0M, Relocated: 0M, In-Place: 0
[940.672s][info][gc,reloc    ] GC(157) Large Pages: 0 / 0M, Empty: 0M, Relocated: 0M, In-Place: 0
[940.672s][info][gc,reloc    ] GC(157) Forwarding Usage: 35M
[940.672s][info][gc,heap     ] GC(157) Min Capacity: 8192M(100%)
[940.672s][info][gc,heap     ] GC(157) Max Capacity: 8192M(100%)
[940.672s][info][gc,heap     ] GC(157) Soft Max Capacity: 8192M(100%)
[940.672s][info][gc,heap     ] GC(157)                Mark Start          Mark End        Relocate Start      Relocate End           High               Low         
[940.672s][info][gc,heap     ] GC(157)  Capacity:     8192M (100%)       8192M (100%)       8192M (100%)       8192M (100%)       8192M (100%)       8192M (100%)   
[940.672s][info][gc,heap     ] GC(157)      Free:     1412M (17%)        1108M (14%)        3080M (38%)        7146M (87%)        7146M (87%)        1098M (13%)    
[940.672s][info][gc,heap     ] GC(157)      Used:     6780M (83%)        7084M (86%)        5112M (62%)        1046M (13%)        7094M (87%)        1046M (13%)    
[940.672s][info][gc,heap     ] GC(157)      Live:         -               616M (8%)          616M (8%)          616M (8%)             -                  -          
[940.672s][info][gc,heap     ] GC(157) Allocated:         -               304M (4%)          322M (4%)          350M (4%)             -                  -          
[940.672s][info][gc,heap     ] GC(157)   Garbage:         -              6163M (75%)        4173M (51%)          78M (1%)             -                  -          
[940.672s][info][gc,heap     ] GC(157) Reclaimed:         -                  -              1990M (24%)        6084M (74%)            -                  -          
[940.672s][info][gc          ] GC(157) Garbage Collection (Allocation Rate) 6780M(83%)->1046M(13%)
[947.068s][info][gc,start    ] GC(158) Garbage Collection (Allocation Rate)
[947.068s][info][gc,task     ] GC(158) Using 1 workers
[947.068s][info][gc,phases   ] GC(158) Pause Mark Start 0.004ms
[947.616s][info][gc,phases   ] GC(158) Concurrent Mark 547.540ms
[947.616s][info][gc,phases   ] GC(158) Pause Mark End 0.009ms
[947.616s][info][gc,phases   ] GC(158) Concurrent Mark Free 0.001ms
[947.638s][info][gc,phases   ] GC(158) Concurrent Process Non-Strong References 21.322ms
[947.638s][info][gc,phases   ] GC(158) Concurrent Reset Relocation Set 0.165ms
[947.643s][info][gc,phases   ] GC(158) Concurrent Select Relocation Set 4.857ms
[947.643s][info][gc,phases   ] GC(158) Pause Relocate Start 0.006ms
[947.686s][info][gc,phases   ] GC(158) Concurrent Relocate 43.242ms
[947.686s][info][gc,load     ] GC(158) Load: 0.00/0.00/0.00
[947.686s][info][gc,mmu      ] GC(158) MMU: 2ms/0.0%, 5ms/0.0%, 10ms/27.5%, 20ms/63.8%, 50ms/85.5%, 100ms/92.8%
[947.686s][info][gc,marking  ] GC(158) Mark: 1 stripe(s), 2 proactive flush(es), 1 terminate flush(es), 0 completion(s), 0 continuation(s) 
[947.686s][info][gc,marking  ] GC(158) Mark Stack Usage: 32M
[947.686s][info][gc,nmethod  ] GC(158) NMethods: 10367 registered, 322 unregistered
[947.686s][info][gc,metaspace] GC(158) Metaspace: 131M used, 133M committed, 1152M reserved
[947.686s][info][gc,ref      ] GC(158) Soft: 6083 encountered, 0 discovered, 0 enqueued
[947.686s][info][gc,ref      ] GC(158) Weak: 23288 encountered, 12470 discovered, 2 enqueued
[947.686s][info][gc,ref      ] GC(158) Final: 34 encountered, 0 discovered, 0 enqueued
[947.686s][info][gc,ref      ] GC(158) Phantom: 921 encountered, 614 discovered, 0 enqueued
[947.686s][info][gc,reloc    ] GC(158) Small Pages: 3401 / 6802M, Empty: 3414M, Relocated: 59M, In-Place: 0
[947.686s][info][gc,reloc    ] GC(158) Medium Pages: 2 / 64M, Empty: 0M, Relocated: 0M, In-Place: 0
[947.686s][info][gc,reloc    ] GC(158) Large Pages: 0 / 0M, Empty: 0M, Relocated: 0M, In-Place: 0
[947.686s][info][gc,reloc    ] GC(158) Forwarding Usage: 19M
[947.686s][info][gc,heap     ] GC(158) Min Capacity: 8192M(100%)
[947.686s][info][gc,heap     ] GC(158) Max Capacity: 8192M(100%)
[947.686s][info][gc,heap     ] GC(158) Soft Max Capacity: 8192M(100%)
[947.686s][info][gc,heap     ] GC(158)                Mark Start          Mark End        Relocate Start      Relocate End           High               Low         
[947.686s][info][gc,heap     ] GC(158)  Capacity:     8192M (100%)       8192M (100%)       8192M (100%)       8192M (100%)       8192M (100%)       8192M (100%)   
[947.686s][info][gc,heap     ] GC(158)      Free:     1326M (16%)         966M (12%)        4352M (53%)        7118M (87%)        7120M (87%)         946M (12%)    
[947.686s][info][gc,heap     ] GC(158)      Used:     6866M (84%)        7226M (88%)        3840M (47%)        1074M (13%)        7246M (88%)        1072M (13%)    
[947.686s][info][gc,heap     ] GC(158)      Live:         -               552M (7%)          552M (7%)          552M (7%)             -                  -          
[947.686s][info][gc,heap     ] GC(158) Allocated:         -               360M (4%)          388M (5%)          441M (5%)             -                  -          
[947.686s][info][gc,heap     ] GC(158)   Garbage:         -              6313M (77%)        2899M (35%)          80M (1%)             -                  -          
[947.686s][info][gc,heap     ] GC(158) Reclaimed:         -                  -              3414M (42%)        6233M (76%)            -                  -          
[947.686s][info][gc          ] GC(158) Garbage Collection (Allocation Rate) 6866M(84%)->1074M(13%)
[950.268s][info][gc,stats    ] === Garbage Collection Statistics =======================================================================================================================
[950.268s][info][gc,stats    ]                                                              Last 10s              Last 10m              Last 10h                Total
[950.268s][info][gc,stats    ]                                                              Avg / Max             Avg / Max             Avg / Max             Avg / Max
[950.268s][info][gc,stats    ]   Collector: Garbage Collection Cycle                    510.874 / 617.673     768.465 / 4817.329   1058.296 / 7809.708   1058.296 / 7809.708    ms
[950.268s][info][gc,stats    ]  Contention: Mark Segment Reset Contention                     0 / 0                 0 / 9                 0 / 9                 0 / 9           ops/s
[950.268s][info][gc,stats    ]  Contention: Mark SeqNum Reset Contention                      0 / 0                 0 / 1                 0 / 1                 0 / 1           ops/s
[950.268s][info][gc,stats    ]    Critical: Allocation Stall                                  0 / 0                 0 / 0                 0 / 0                 0 / 0           ops/s
[950.268s][info][gc,stats    ]    Critical: Allocation Stall                              0.000 / 0.000         0.000 / 0.000         0.000 / 0.000         0.000 / 0.000       ms
[950.268s][info][gc,stats    ]    Critical: GC Locker Stall                                   0 / 0                 0 / 2                 0 / 2                 0 / 2           ops/s
[950.268s][info][gc,stats    ]    Critical: GC Locker Stall                               0.000 / 0.000         0.029 / 0.151         0.041 / 0.151         0.041 / 0.151       ms
[950.268s][info][gc,stats    ]    Critical: Relocation Stall                                  0 / 0                 0 / 0                 0 / 0                 0 / 0           ops/s
[950.268s][info][gc,stats    ]    Critical: Relocation Stall                              0.000 / 0.000         0.000 / 0.000         0.000 / 0.000         0.000 / 0.000       ms
[950.268s][info][gc,stats    ]      Memory: Allocation Rate                                 895 / 1170            804 / 1548            724 / 1548            724 / 1548        MB/s
[950.268s][info][gc,stats    ]      Memory: Defragment                                        0 / 0                 0 / 0                 0 / 0                 0 / 0           ops/s
[950.268s][info][gc,stats    ]      Memory: Out Of Memory                                     0 / 0                 0 / 0                 0 / 0                 0 / 0           ops/s
[950.268s][info][gc,stats    ]      Memory: Page Cache Flush                                  0 / 0                 0 / 0                 0 / 0                 0 / 0           MB/s
[950.268s][info][gc,stats    ]      Memory: Page Cache Hit L1                               456 / 585             409 / 811             365 / 811             365 / 811         ops/s
[950.268s][info][gc,stats    ]      Memory: Page Cache Hit L2                                 0 / 0                 0 / 0                 0 / 0                 0 / 0           ops/s
[950.268s][info][gc,stats    ]      Memory: Page Cache Hit L3                                 0 / 0                 0 / 65                4 / 397               4 / 397         ops/s
[950.268s][info][gc,stats    ]      Memory: Page Cache Miss                                   0 / 0                 0 / 0                 0 / 1                 0 / 1           ops/s
[950.268s][info][gc,stats    ]      Memory: Uncommit                                          0 / 0                 0 / 0                 0 / 0                 0 / 0           MB/s
[950.268s][info][gc,stats    ]      Memory: Undo Object Allocation Failed                     0 / 0                 0 / 0                 0 / 0                 0 / 0           ops/s
[950.268s][info][gc,stats    ]      Memory: Undo Object Allocation Succeeded                  0 / 0                 1 / 367               2 / 400               2 / 400         ops/s
[950.268s][info][gc,stats    ]      Memory: Undo Page Allocation                              0 / 0                 0 / 1                 0 / 1                 0 / 1           ops/s
[950.268s][info][gc,stats    ]       Phase: Concurrent Mark                             438.034 / 547.540     616.831 / 4219.436    810.037 / 5264.294    810.037 / 5264.294    ms
[950.268s][info][gc,stats    ]       Phase: Concurrent Mark Continue                      0.000 / 0.000         0.000 / 0.000         0.000 / 0.000         0.000 / 0.000       ms
[950.268s][info][gc,stats    ]       Phase: Concurrent Mark Free                          0.001 / 0.001         0.001 / 0.003         0.001 / 0.003         0.001 / 0.003       ms
[950.268s][info][gc,stats    ]       Phase: Concurrent Process Non-Strong References     15.149 / 21.322       20.348 / 500.082      29.910 / 1493.667     29.910 / 1493.667    ms
[950.268s][info][gc,stats    ]       Phase: Concurrent Relocate                          46.307 / 49.373       63.037 / 150.321      55.764 / 150.389      55.764 / 150.389     ms
[950.268s][info][gc,stats    ]       Phase: Concurrent Reset Relocation Set               0.206 / 0.247         0.165 / 0.465         0.140 / 0.465         0.140 / 0.465       ms
[950.269s][info][gc,stats    ]       Phase: Concurrent Select Relocation Set             10.499 / 16.141       64.180 / 2796.200    155.468 / 2796.200    155.468 / 2796.200    ms
[950.269s][info][gc,stats    ]       Phase: Pause Mark End                                0.009 / 0.009         0.029 / 1.374         0.058 / 4.475         0.058 / 4.475       ms
[950.269s][info][gc,stats    ]       Phase: Pause Mark Start                              0.004 / 0.004         0.009 / 0.359         0.054 / 7.250         0.054 / 7.250       ms
[950.269s][info][gc,stats    ]       Phase: Pause Relocate Start                          0.006 / 0.006         0.033 / 1.046         0.025 / 1.046         0.025 / 1.046       ms
[950.269s][info][gc,stats    ]    Subphase: Concurrent Classes Purge                      0.649 / 1.253         0.489 / 2.603         0.586 / 5.775         0.586 / 5.775       ms
[950.269s][info][gc,stats    ]    Subphase: Concurrent Classes Unlink                    11.517 / 16.233       12.475 / 101.137      22.619 / 1489.339     22.619 / 1489.339    ms
[950.269s][info][gc,stats    ]    Subphase: Concurrent Mark                             399.562 / 545.609     572.463 / 4216.973    759.183 / 5176.991    759.183 / 5176.991    ms
[950.269s][info][gc,stats    ]    Subphase: Concurrent Mark Try Flush                     0.025 / 0.040         3.727 / 786.951       2.954 / 786.951       2.954 / 786.951     ms
[950.269s][info][gc,stats    ]    Subphase: Concurrent Mark Try Terminate                 0.277 / 1.356         0.983 / 8.706         1.002 / 12.169        1.002 / 12.169      ms
[950.269s][info][gc,stats    ]    Subphase: Concurrent References Enqueue                 0.002 / 0.002         0.002 / 0.005         0.002 / 0.006         0.002 / 0.006       ms
[950.269s][info][gc,stats    ]    Subphase: Concurrent References Process                 0.975 / 1.340         0.548 / 2.996         0.554 / 2.996         0.554 / 2.996       ms
[950.269s][info][gc,stats    ]    Subphase: Concurrent Roots ClassLoaderDataGraph         0.267 / 0.395         0.309 / 1.281         0.585 / 40.174        0.585 / 40.174      ms
[950.269s][info][gc,stats    ]    Subphase: Concurrent Roots CodeCache                    0.000 / 0.000         0.000 / 0.000         0.000 / 0.000         0.000 / 0.000       ms
[950.269s][info][gc,stats    ]    Subphase: Concurrent Roots JavaThreads                  1.139 / 1.399         4.859 / 441.054       6.113 / 441.054       6.113 / 441.054     ms
[950.269s][info][gc,stats    ]    Subphase: Concurrent Roots OopStorageSet                0.063 / 0.074         1.160 / 136.487       1.091 / 136.487       1.091 / 136.487     ms
[950.269s][info][gc,stats    ]    Subphase: Concurrent Weak Roots OopStorageSet           1.574 / 2.272         1.870 / 5.434         1.792 / 11.047        1.792 / 11.047      ms
[950.269s][info][gc,stats    ]    Subphase: Pause Mark Try Complete                       0.000 / 0.000         0.000 / 0.000         0.001 / 0.003         0.001 / 0.003       ms
[950.269s][info][gc,stats    ]      System: Java Threads                                     83 / 83               80 / 83               77 / 83               77 / 83          threads
[950.269s][info][gc,stats    ] =========================================================================================================================================================
[954.368s][info][gc,start    ] GC(159) Garbage Collection (Allocation Rate)
[954.368s][info][gc,task     ] GC(159) Using 1 workers
[954.368s][info][gc,phases   ] GC(159) Pause Mark Start 0.005ms
[954.981s][info][gc,phases   ] GC(159) Concurrent Mark 612.538ms
[954.981s][info][gc,phases   ] GC(159) Pause Mark End 0.008ms
[954.981s][info][gc,phases   ] GC(159) Concurrent Mark Free 0.001ms
[954.997s][info][gc,phases   ] GC(159) Concurrent Process Non-Strong References 16.668ms
[954.998s][info][gc,phases   ] GC(159) Concurrent Reset Relocation Set 0.102ms
[955.011s][info][gc,phases   ] GC(159) Concurrent Select Relocation Set 13.777ms
[955.012s][info][gc,phases   ] GC(159) Pause Relocate Start 0.006ms
[955.084s][info][gc,phases   ] GC(159) Concurrent Relocate 72.379ms
[955.084s][info][gc,load     ] GC(159) Load: 0.00/0.00/0.00
[955.084s][info][gc,mmu      ] GC(159) MMU: 2ms/0.0%, 5ms/0.0%, 10ms/27.5%, 20ms/63.8%, 50ms/85.5%, 100ms/92.8%
[955.084s][info][gc,marking  ] GC(159) Mark: 1 stripe(s), 2 proactive flush(es), 1 terminate flush(es), 0 completion(s), 0 continuation(s) 
[955.084s][info][gc,marking  ] GC(159) Mark Stack Usage: 32M
[955.084s][info][gc,nmethod  ] GC(159) NMethods: 10393 registered, 330 unregistered
[955.084s][info][gc,metaspace] GC(159) Metaspace: 131M used, 133M committed, 1152M reserved
[955.084s][info][gc,ref      ] GC(159) Soft: 6083 encountered, 0 discovered, 0 enqueued
[955.084s][info][gc,ref      ] GC(159) Weak: 23289 encountered, 12473 discovered, 1 enqueued
[955.084s][info][gc,ref      ] GC(159) Final: 34 encountered, 0 discovered, 0 enqueued
[955.084s][info][gc,ref      ] GC(159) Phantom: 924 encountered, 616 discovered, 0 enqueued
[955.084s][info][gc,reloc    ] GC(159) Small Pages: 3316 / 6632M, Empty: 1558M, Relocated: 108M, In-Place: 0
[955.084s][info][gc,reloc    ] GC(159) Medium Pages: 2 / 64M, Empty: 0M, Relocated: 0M, In-Place: 0
[955.084s][info][gc,reloc    ] GC(159) Large Pages: 0 / 0M, Empty: 0M, Relocated: 0M, In-Place: 0
[955.084s][info][gc,reloc    ] GC(159) Forwarding Usage: 32M
[955.084s][info][gc,heap     ] GC(159) Min Capacity: 8192M(100%)
[955.084s][info][gc,heap     ] GC(159) Max Capacity: 8192M(100%)
[955.084s][info][gc,heap     ] GC(159) Soft Max Capacity: 8192M(100%)
[955.084s][info][gc,heap     ] GC(159)                Mark Start          Mark End        Relocate Start      Relocate End           High               Low         
[955.084s][info][gc,heap     ] GC(159)  Capacity:     8192M (100%)       8192M (100%)       8192M (100%)       8192M (100%)       8192M (100%)       8192M (100%)   
[955.084s][info][gc,heap     ] GC(159)      Free:     1496M (18%)         858M (10%)        2394M (29%)        6802M (83%)        6802M (83%)         842M (10%)    
[955.084s][info][gc,heap     ] GC(159)      Used:     6696M (82%)        7334M (90%)        5798M (71%)        1390M (17%)        7350M (90%)        1390M (17%)    
[955.084s][info][gc,heap     ] GC(159)      Live:         -               600M (7%)          600M (7%)          600M (7%)             -                  -          
[955.084s][info][gc,heap     ] GC(159) Allocated:         -               638M (8%)          660M (8%)          708M (9%)             -                  -          
[955.084s][info][gc,heap     ] GC(159)   Garbage:         -              6095M (74%)        4537M (55%)          80M (1%)             -                  -          
[955.084s][info][gc,heap     ] GC(159) Reclaimed:         -                  -              1558M (19%)        6014M (73%)            -                  -          
[955.084s][info][gc          ] GC(159) Garbage Collection (Allocation Rate) 6696M(82%)->1390M(17%)
[960.268s][info][gc,stats    ] === Garbage Collection Statistics =======================================================================================================================
[960.268s][info][gc,stats    ]                                                              Last 10s              Last 10m              Last 10h                Total
[960.268s][info][gc,stats    ]                                                              Avg / Max             Avg / Max             Avg / Max             Avg / Max
[960.268s][info][gc,stats    ]   Collector: Garbage Collection Cycle                    716.236 / 716.236     737.570 / 4817.329   1056.158 / 7809.708   1056.158 / 7809.708    ms
[960.268s][info][gc,stats    ]  Contention: Mark Segment Reset Contention                     0 / 0                 0 / 9                 0 / 9                 0 / 9           ops/s
[960.268s][info][gc,stats    ]  Contention: Mark SeqNum Reset Contention                      0 / 0                 0 / 1                 0 / 1                 0 / 1           ops/s
[960.268s][info][gc,stats    ]    Critical: Allocation Stall                                  0 / 0                 0 / 0                 0 / 0                 0 / 0           ops/s
[960.268s][info][gc,stats    ]    Critical: Allocation Stall                              0.000 / 0.000         0.000 / 0.000         0.000 / 0.000         0.000 / 0.000       ms
[960.268s][info][gc,stats    ]    Critical: GC Locker Stall                                   0 / 1                 0 / 2                 0 / 2                 0 / 2           ops/s
[960.268s][info][gc,stats    ]    Critical: GC Locker Stall                               0.109 / 0.109         0.034 / 0.151         0.044 / 0.151         0.044 / 0.151       ms
[960.268s][info][gc,stats    ]    Critical: Relocation Stall                                  0 / 0                 0 / 0                 0 / 0                 0 / 0           ops/s
[960.268s][info][gc,stats    ]    Critical: Relocation Stall                              0.000 / 0.000         0.000 / 0.000         0.000 / 0.000         0.000 / 0.000       ms
[960.268s][info][gc,stats    ]      Memory: Allocation Rate                                 924 / 1178            810 / 1548            726 / 1548            726 / 1548        MB/s
[960.268s][info][gc,stats    ]      Memory: Defragment                                        0 / 0                 0 / 0                 0 / 0                 0 / 0           ops/s
[960.268s][info][gc,stats    ]      Memory: Out Of Memory                                     0 / 0                 0 / 0                 0 / 0                 0 / 0           ops/s
[960.268s][info][gc,stats    ]      Memory: Page Cache Flush                                  0 / 0                 0 / 0                 0 / 0                 0 / 0           MB/s
[960.268s][info][gc,stats    ]      Memory: Page Cache Hit L1                               467 / 607             412 / 811             366 / 811             366 / 811         ops/s
[960.268s][info][gc,stats    ]      Memory: Page Cache Hit L2                                 0 / 0                 0 / 0                 0 / 0                 0 / 0           ops/s
[960.268s][info][gc,stats    ]      Memory: Page Cache Hit L3                                 0 / 0                 0 / 65                4 / 397               4 / 397         ops/s
[960.268s][info][gc,stats    ]      Memory: Page Cache Miss                                   0 / 0                 0 / 0                 0 / 1                 0 / 1           ops/s
[960.268s][info][gc,stats    ]      Memory: Uncommit                                          0 / 0                 0 / 0                 0 / 0                 0 / 0           MB/s
[960.268s][info][gc,stats    ]      Memory: Undo Object Allocation Failed                     0 / 0                 0 / 0                 0 / 0                 0 / 0           ops/s
[960.268s][info][gc,stats    ]      Memory: Undo Object Allocation Succeeded                  0 / 3                 1 / 367               2 / 400               2 / 400         ops/s
[960.268s][info][gc,stats    ]      Memory: Undo Page Allocation                              0 / 0                 0 / 1                 0 / 1                 0 / 1           ops/s
[960.268s][info][gc,stats    ]       Phase: Concurrent Mark                             612.538 / 612.538     615.676 / 4219.436    808.803 / 5264.294    808.803 / 5264.294    ms
[960.268s][info][gc,stats    ]       Phase: Concurrent Mark Continue                      0.000 / 0.000         0.000 / 0.000         0.000 / 0.000         0.000 / 0.000       ms
[960.268s][info][gc,stats    ]       Phase: Concurrent Mark Free                          0.001 / 0.001         0.000 / 0.001         0.001 / 0.003         0.001 / 0.003       ms
[960.268s][info][gc,stats    ]       Phase: Concurrent Process Non-Strong References     16.668 / 16.668       20.364 / 500.082      29.827 / 1493.667     29.827 / 1493.667    ms
[960.268s][info][gc,stats    ]       Phase: Concurrent Relocate                          72.379 / 72.379       64.076 / 150.321      55.868 / 150.389      55.868 / 150.389     ms
[960.268s][info][gc,stats    ]       Phase: Concurrent Reset Relocation Set               0.102 / 0.102         0.163 / 0.396         0.139 / 0.465         0.139 / 0.465       ms
[960.268s][info][gc,stats    ]       Phase: Concurrent Select Relocation Set             13.777 / 13.777       34.511 / 1988.981    154.582 / 2796.200    154.582 / 2796.200    ms
[960.268s][info][gc,stats    ]       Phase: Pause Mark End                                0.008 / 0.008         0.029 / 1.374         0.057 / 4.475         0.057 / 4.475       ms
[960.268s][info][gc,stats    ]       Phase: Pause Mark Start                              0.005 / 0.005         0.009 / 0.359         0.053 / 7.250         0.053 / 7.250       ms
[960.268s][info][gc,stats    ]       Phase: Pause Relocate Start                          0.006 / 0.006         0.033 / 1.046         0.025 / 1.046         0.025 / 1.046       ms
[960.268s][info][gc,stats    ]    Subphase: Concurrent Classes Purge                      0.465 / 0.465         0.496 / 2.603         0.586 / 5.775         0.586 / 5.775       ms
[960.268s][info][gc,stats    ]    Subphase: Concurrent Classes Unlink                    11.973 / 11.973       12.370 / 101.137      22.552 / 1489.339     22.552 / 1489.339    ms
[960.268s][info][gc,stats    ]    Subphase: Concurrent Mark                             610.444 / 610.444     569.275 / 4216.973    758.616 / 5176.991    758.616 / 5176.991    ms
[960.268s][info][gc,stats    ]    Subphase: Concurrent Mark Try Flush                     0.025 / 0.040         3.605 / 786.951       2.936 / 786.951       2.936 / 786.951     ms
[960.268s][info][gc,stats    ]    Subphase: Concurrent Mark Try Terminate                 0.008 / 0.015         0.981 / 8.706         1.001 / 12.169        1.001 / 12.169      ms
[960.268s][info][gc,stats    ]    Subphase: Concurrent References Enqueue                 0.002 / 0.002         0.002 / 0.005         0.002 / 0.006         0.002 / 0.006       ms
[960.268s][info][gc,stats    ]    Subphase: Concurrent References Process                 1.374 / 1.374         0.555 / 2.996         0.559 / 2.996         0.559 / 2.996       ms
[960.268s][info][gc,stats    ]    Subphase: Concurrent Roots ClassLoaderDataGraph         0.305 / 0.305         0.306 / 1.281         0.584 / 40.174        0.584 / 40.174      ms
[960.268s][info][gc,stats    ]    Subphase: Concurrent Roots CodeCache                    0.000 / 0.000         0.000 / 0.000         0.000 / 0.000         0.000 / 0.000       ms
[960.268s][info][gc,stats    ]    Subphase: Concurrent Roots JavaThreads                  1.553 / 1.553         5.009 / 441.054       6.095 / 441.054       6.095 / 441.054     ms
[960.268s][info][gc,stats    ]    Subphase: Concurrent Roots OopStorageSet                0.081 / 0.081         1.202 / 136.487       1.087 / 136.487       1.087 / 136.487     ms
[960.268s][info][gc,stats    ]    Subphase: Concurrent Weak Roots OopStorageSet           2.567 / 2.567         1.875 / 5.434         1.794 / 11.047        1.794 / 11.047      ms
[960.268s][info][gc,stats    ]    Subphase: Pause Mark Try Complete                       0.000 / 0.000         0.000 / 0.000         0.001 / 0.003         0.001 / 0.003       ms
[960.268s][info][gc,stats    ]      System: Java Threads                                     83 / 83               80 / 83               77 / 83               77 / 83          threads
[960.268s][info][gc,stats    ] =========================================================================================================================================================
[960.468s][info][gc,start    ] GC(160) Garbage Collection (Allocation Rate)
[960.468s][info][gc,task     ] GC(160) Using 1 workers
[960.468s][info][gc,phases   ] GC(160) Pause Mark Start 0.012ms
[961.174s][info][gc,phases   ] GC(160) Concurrent Mark 706.059ms
[961.174s][info][gc,phases   ] GC(160) Pause Mark End 0.010ms
[961.174s][info][gc,phases   ] GC(160) Concurrent Mark Free 0.001ms
[961.191s][info][gc,phases   ] GC(160) Concurrent Process Non-Strong References 16.931ms
[961.191s][info][gc,phases   ] GC(160) Concurrent Reset Relocation Set 0.224ms
[961.210s][info][gc,phases   ] GC(160) Concurrent Select Relocation Set 18.215ms
[961.210s][info][gc,phases   ] GC(160) Pause Relocate Start 0.008ms
[961.318s][info][gc,phases   ] GC(160) Concurrent Relocate 108.139ms
[961.318s][info][gc,load     ] GC(160) Load: 0.00/0.00/0.00
[961.318s][info][gc,mmu      ] GC(160) MMU: 2ms/0.0%, 5ms/0.0%, 10ms/27.5%, 20ms/63.8%, 50ms/85.5%, 100ms/92.8%
[961.318s][info][gc,marking  ] GC(160) Mark: 1 stripe(s), 2 proactive flush(es), 1 terminate flush(es), 0 completion(s), 0 continuation(s) 
[961.318s][info][gc,marking  ] GC(160) Mark Stack Usage: 32M
[961.318s][info][gc,nmethod  ] GC(160) NMethods: 10397 registered, 336 unregistered
[961.318s][info][gc,metaspace] GC(160) Metaspace: 131M used, 133M committed, 1152M reserved
[961.318s][info][gc,ref      ] GC(160) Soft: 6083 encountered, 0 discovered, 0 enqueued
[961.318s][info][gc,ref      ] GC(160) Weak: 23290 encountered, 930 discovered, 1 enqueued
[961.318s][info][gc,ref      ] GC(160) Final: 34 encountered, 0 discovered, 0 enqueued
[961.318s][info][gc,ref      ] GC(160) Phantom: 927 encountered, 699 discovered, 0 enqueued
[961.318s][info][gc,reloc    ] GC(160) Small Pages: 3363 / 6726M, Empty: 1858M, Relocated: 132M, In-Place: 0
[961.318s][info][gc,reloc    ] GC(160) Medium Pages: 2 / 64M, Empty: 0M, Relocated: 0M, In-Place: 0
[961.318s][info][gc,reloc    ] GC(160) Large Pages: 0 / 0M, Empty: 0M, Relocated: 0M, In-Place: 0
[961.318s][info][gc,reloc    ] GC(160) Forwarding Usage: 35M
[961.318s][info][gc,heap     ] GC(160) Min Capacity: 8192M(100%)
[961.318s][info][gc,heap     ] GC(160) Max Capacity: 8192M(100%)
[961.318s][info][gc,heap     ] GC(160) Soft Max Capacity: 8192M(100%)
[961.318s][info][gc,heap     ] GC(160)                Mark Start          Mark End        Relocate Start      Relocate End           High               Low         
[961.318s][info][gc,heap     ] GC(160)  Capacity:     8192M (100%)       8192M (100%)       8192M (100%)       8192M (100%)       8192M (100%)       8192M (100%)   
[961.318s][info][gc,heap     ] GC(160)      Free:     1402M (17%)         488M (6%)         2322M (28%)        6448M (79%)        6450M (79%)         478M (6%)     
[961.318s][info][gc,heap     ] GC(160)      Used:     6790M (83%)        7704M (94%)        5870M (72%)        1744M (21%)        7714M (94%)        1742M (21%)    
[961.318s][info][gc,heap     ] GC(160)      Live:         -               619M (8%)          619M (8%)          619M (8%)             -                  -          
[961.318s][info][gc,heap     ] GC(160) Allocated:         -               914M (11%)         938M (11%)        1046M (13%)            -                  -          
[961.318s][info][gc,heap     ] GC(160)   Garbage:         -              6170M (75%)        4312M (53%)          77M (1%)             -                  -          
[961.318s][info][gc,heap     ] GC(160) Reclaimed:         -                  -              1858M (23%)        6092M (74%)            -                  -          
[961.318s][info][gc          ] GC(160) Garbage Collection (Allocation Rate) 6790M(83%)->1744M(21%)
[966.568s][info][gc,start    ] GC(161) Garbage Collection (Allocation Rate)
[966.568s][info][gc,task     ] GC(161) Using 1 workers
[966.568s][info][gc,phases   ] GC(161) Pause Mark Start 0.004ms
[967.409s][info][gc,phases   ] GC(161) Concurrent Mark 840.833ms
[967.409s][info][gc,phases   ] GC(161) Pause Mark End 0.008ms
[967.409s][info][gc,phases   ] GC(161) Concurrent Mark Free 0.001ms
[967.428s][info][gc,phases   ] GC(161) Concurrent Process Non-Strong References 18.483ms
[967.428s][info][gc,phases   ] GC(161) Concurrent Reset Relocation Set 0.174ms
[967.466s][info][gc,phases   ] GC(161) Concurrent Select Relocation Set 38.181ms
[967.466s][info][gc,phases   ] GC(161) Pause Relocate Start 0.007ms
[967.590s][info][gc,phases   ] GC(161) Concurrent Relocate 123.755ms
[967.590s][info][gc,load     ] GC(161) Load: 0.00/0.00/0.00
[967.590s][info][gc,mmu      ] GC(161) MMU: 2ms/0.0%, 5ms/0.0%, 10ms/27.5%, 20ms/63.8%, 50ms/85.5%, 100ms/92.8%
[967.590s][info][gc,marking  ] GC(161) Mark: 1 stripe(s), 2 proactive flush(es), 1 terminate flush(es), 0 completion(s), 0 continuation(s) 
[967.590s][info][gc,marking  ] GC(161) Mark Stack Usage: 32M
[967.590s][info][gc,nmethod  ] GC(161) NMethods: 10401 registered, 350 unregistered
[967.590s][info][gc,metaspace] GC(161) Metaspace: 131M used, 133M committed, 1152M reserved
[967.590s][info][gc,ref      ] GC(161) Soft: 6083 encountered, 0 discovered, 0 enqueued
[967.590s][info][gc,ref      ] GC(161) Weak: 23291 encountered, 12636 discovered, 2 enqueued
[967.590s][info][gc,ref      ] GC(161) Final: 34 encountered, 0 discovered, 0 enqueued
[967.590s][info][gc,ref      ] GC(161) Phantom: 927 encountered, 618 discovered, 0 enqueued
[967.590s][info][gc,reloc    ] GC(161) Small Pages: 3352 / 6704M, Empty: 2632M, Relocated: 124M, In-Place: 0
[967.590s][info][gc,reloc    ] GC(161) Medium Pages: 2 / 64M, Empty: 0M, Relocated: 0M, In-Place: 0
[967.590s][info][gc,reloc    ] GC(161) Large Pages: 0 / 0M, Empty: 0M, Relocated: 0M, In-Place: 0
[967.590s][info][gc,reloc    ] GC(161) Forwarding Usage: 38M
[967.590s][info][gc,heap     ] GC(161) Min Capacity: 8192M(100%)
[967.590s][info][gc,heap     ] GC(161) Max Capacity: 8192M(100%)
[967.590s][info][gc,heap     ] GC(161) Soft Max Capacity: 8192M(100%)
[967.590s][info][gc,heap     ] GC(161)                Mark Start          Mark End        Relocate Start      Relocate End           High               Low         
[967.590s][info][gc,heap     ] GC(161)  Capacity:     8192M (100%)       8192M (100%)       8192M (100%)       8192M (100%)       8192M (100%)       8192M (100%)   
[967.590s][info][gc,heap     ] GC(161)      Free:     1424M (17%)         822M (10%)        3414M (42%)        6680M (82%)        6692M (82%)         812M (10%)    
[967.590s][info][gc,heap     ] GC(161)      Used:     6768M (83%)        7370M (90%)        4778M (58%)        1512M (18%)        7380M (90%)        1500M (18%)    
[967.590s][info][gc,heap     ] GC(161)      Live:         -               618M (8%)          618M (8%)          618M (8%)             -                  -          
[967.590s][info][gc,heap     ] GC(161) Allocated:         -               602M (7%)          642M (8%)          814M (10%)            -                  -          
[967.590s][info][gc,heap     ] GC(161)   Garbage:         -              6149M (75%)        3517M (43%)          78M (1%)             -                  -          
[967.590s][info][gc,heap     ] GC(161) Reclaimed:         -                  -              2632M (32%)        6070M (74%)            -                  -          
[967.590s][info][gc          ] GC(161) Garbage Collection (Allocation Rate) 6768M(83%)->1512M(18%)
[970.268s][info][gc,stats    ] === Garbage Collection Statistics =======================================================================================================================
[970.268s][info][gc,stats    ]                                                              Last 10s              Last 10m              Last 10h                Total
[970.268s][info][gc,stats    ]                                                              Avg / Max             Avg / Max             Avg / Max             Avg / Max
[970.268s][info][gc,stats    ]   Collector: Garbage Collection Cycle                    936.148 / 1022.022    716.542 / 4817.329   1054.677 / 7809.708   1054.677 / 7809.708    ms
[970.268s][info][gc,stats    ]  Contention: Mark Segment Reset Contention                     0 / 0                 0 / 9                 0 / 9                 0 / 9           ops/s
[970.268s][info][gc,stats    ]  Contention: Mark SeqNum Reset Contention                      0 / 0                 0 / 1                 0 / 1                 0 / 1           ops/s
[970.268s][info][gc,stats    ]    Critical: Allocation Stall                                  0 / 0                 0 / 0                 0 / 0                 0 / 0           ops/s
[970.268s][info][gc,stats    ]    Critical: Allocation Stall                              0.000 / 0.000         0.000 / 0.000         0.000 / 0.000         0.000 / 0.000       ms
[970.268s][info][gc,stats    ]    Critical: GC Locker Stall                                   0 / 0                 0 / 2                 0 / 2                 0 / 2           ops/s
[970.268s][info][gc,stats    ]    Critical: GC Locker Stall                               0.000 / 0.000         0.036 / 0.151         0.044 / 0.151         0.044 / 0.151       ms
[970.268s][info][gc,stats    ]    Critical: Relocation Stall                                  0 / 0                 0 / 0                 0 / 0                 0 / 0           ops/s
[970.268s][info][gc,stats    ]    Critical: Relocation Stall                              0.000 / 0.000         0.000 / 0.000         0.000 / 0.000         0.000 / 0.000       ms
[970.268s][info][gc,stats    ]      Memory: Allocation Rate                                 889 / 1150            816 / 1548            727 / 1548            727 / 1548        MB/s
[970.268s][info][gc,stats    ]      Memory: Defragment                                        0 / 0                 0 / 0                 0 / 0                 0 / 0           ops/s
[970.268s][info][gc,stats    ]      Memory: Out Of Memory                                     0 / 0                 0 / 0                 0 / 0                 0 / 0           ops/s
[970.268s][info][gc,stats    ]      Memory: Page Cache Flush                                  0 / 0                 0 / 0                 0 / 0                 0 / 0           MB/s
[970.268s][info][gc,stats    ]      Memory: Page Cache Hit L1                               457 / 611             415 / 811             367 / 811             367 / 811         ops/s
[970.268s][info][gc,stats    ]      Memory: Page Cache Hit L2                                 0 / 0                 0 / 0                 0 / 0                 0 / 0           ops/s
[970.268s][info][gc,stats    ]      Memory: Page Cache Hit L3                                 0 / 0                 0 / 65                4 / 397               4 / 397         ops/s
[970.268s][info][gc,stats    ]      Memory: Page Cache Miss                                   0 / 0                 0 / 0                 0 / 1                 0 / 1           ops/s
[970.268s][info][gc,stats    ]      Memory: Uncommit                                          0 / 0                 0 / 0                 0 / 0                 0 / 0           MB/s
[970.268s][info][gc,stats    ]      Memory: Undo Object Allocation Failed                     0 / 0                 0 / 0                 0 / 0                 0 / 0           ops/s
[970.268s][info][gc,stats    ]      Memory: Undo Object Allocation Succeeded                  0 / 2                 1 / 367               2 / 400               2 / 400         ops/s
[970.268s][info][gc,stats    ]      Memory: Undo Page Allocation                              0 / 0                 0 / 1                 0 / 1                 0 / 1           ops/s
[970.268s][info][gc,stats    ]       Phase: Concurrent Mark                             773.446 / 840.833     616.798 / 4219.436    808.366 / 5264.294    808.366 / 5264.294    ms
[970.268s][info][gc,stats    ]       Phase: Concurrent Mark Continue                      0.000 / 0.000         0.000 / 0.000         0.000 / 0.000         0.000 / 0.000       ms
[970.268s][info][gc,stats    ]       Phase: Concurrent Mark Free                          0.001 / 0.001         0.000 / 0.001         0.001 / 0.003         0.001 / 0.003       ms
[970.268s][info][gc,stats    ]       Phase: Concurrent Process Non-Strong References     17.707 / 18.483       19.639 / 500.082      29.678 / 1493.667     29.678 / 1493.667    ms
[970.268s][info][gc,stats    ]       Phase: Concurrent Relocate                         115.947 / 123.755      66.601 / 150.321      56.609 / 150.389      56.609 / 150.389     ms
[970.268s][info][gc,stats    ]       Phase: Concurrent Reset Relocation Set               0.199 / 0.224         0.169 / 0.396         0.140 / 0.465         0.140 / 0.465       ms
[970.268s][info][gc,stats    ]       Phase: Concurrent Select Relocation Set             28.198 / 38.181       12.455 / 38.181      153.022 / 2796.200    153.022 / 2796.200    ms
[970.268s][info][gc,stats    ]       Phase: Pause Mark End                                0.009 / 0.010         0.029 / 1.374         0.057 / 4.475         0.057 / 4.475       ms
[970.268s][info][gc,stats    ]       Phase: Pause Mark Start                              0.008 / 0.012         0.005 / 0.015         0.053 / 7.250         0.053 / 7.250       ms
[970.268s][info][gc,stats    ]       Phase: Pause Relocate Start                          0.007 / 0.008         0.019 / 0.571         0.025 / 1.046         0.025 / 1.046       ms
[970.268s][info][gc,stats    ]    Subphase: Concurrent Classes Purge                      0.328 / 0.603         0.495 / 2.603         0.582 / 5.775         0.582 / 5.775       ms
[970.268s][info][gc,stats    ]    Subphase: Concurrent Classes Unlink                    13.715 / 13.795       11.584 / 101.137      22.443 / 1489.339     22.443 / 1489.339    ms
[970.268s][info][gc,stats    ]    Subphase: Concurrent Mark                             770.854 / 838.228     566.223 / 4216.973    758.708 / 5176.991    758.708 / 5176.991    ms
[970.268s][info][gc,stats    ]    Subphase: Concurrent Mark Try Flush                     0.032 / 0.061         3.447 / 786.951       2.901 / 786.951       2.901 / 786.951     ms
[970.268s][info][gc,stats    ]    Subphase: Concurrent Mark Try Terminate                 0.008 / 0.017         0.976 / 1.577         0.999 / 12.169        0.999 / 12.169      ms
[970.268s][info][gc,stats    ]    Subphase: Concurrent References Enqueue                 0.002 / 0.003         0.002 / 0.005         0.002 / 0.006         0.002 / 0.006       ms
[970.268s][info][gc,stats    ]    Subphase: Concurrent References Process                 0.802 / 1.403         0.553 / 2.996         0.562 / 2.996         0.562 / 2.996       ms
[970.268s][info][gc,stats    ]    Subphase: Concurrent Roots ClassLoaderDataGraph         0.442 / 0.579         0.298 / 0.850         0.583 / 40.174        0.583 / 40.174      ms
[970.268s][info][gc,stats    ]    Subphase: Concurrent Roots CodeCache                    0.000 / 0.000         0.000 / 0.000         0.000 / 0.000         0.000 / 0.000       ms
[970.268s][info][gc,stats    ]    Subphase: Concurrent Roots JavaThreads                  1.872 / 2.108         5.127 / 441.054       6.063 / 441.054       6.063 / 441.054     ms
[970.268s][info][gc,stats    ]    Subphase: Concurrent Roots OopStorageSet                0.165 / 0.251         1.254 / 136.487       1.081 / 136.487       1.081 / 136.487     ms
[970.268s][info][gc,stats    ]    Subphase: Concurrent Weak Roots OopStorageSet           2.533 / 2.712         1.875 / 5.434         1.800 / 11.047        1.800 / 11.047      ms
[970.268s][info][gc,stats    ]    Subphase: Pause Mark Try Complete                       0.000 / 0.000         0.000 / 0.000         0.001 / 0.003         0.001 / 0.003       ms
[970.268s][info][gc,stats    ]      System: Java Threads                                     83 / 83               80 / 83               77 / 83               77 / 83          threads
[970.268s][info][gc,stats    ] =========================================================================================================================================================
[975.067s][info][gc,start    ] GC(162) Garbage Collection (Allocation Rate)
[975.068s][info][gc,task     ] GC(162) Using 1 workers
[975.068s][info][gc,phases   ] GC(162) Pause Mark Start 0.006ms
[975.694s][info][gc,phases   ] GC(162) Concurrent Mark 625.987ms
[975.694s][info][gc,phases   ] GC(162) Pause Mark End 0.009ms
[975.694s][info][gc,phases   ] GC(162) Concurrent Mark Free 0.001ms
[975.714s][info][gc,phases   ] GC(162) Concurrent Process Non-Strong References 19.899ms
[975.714s][info][gc,phases   ] GC(162) Concurrent Reset Relocation Set 0.283ms
[975.724s][info][gc,phases   ] GC(162) Concurrent Select Relocation Set 10.060ms
[975.724s][info][gc,phases   ] GC(162) Pause Relocate Start 0.010ms
[975.800s][info][gc,phases   ] GC(162) Concurrent Relocate 76.078ms
[975.800s][info][gc,load     ] GC(162) Load: 0.00/0.00/0.00
[975.800s][info][gc,mmu      ] GC(162) MMU: 2ms/0.0%, 5ms/0.0%, 10ms/27.5%, 20ms/63.8%, 50ms/85.5%, 100ms/92.8%
[975.800s][info][gc,marking  ] GC(162) Mark: 1 stripe(s), 2 proactive flush(es), 1 terminate flush(es), 0 completion(s), 0 continuation(s) 
[975.800s][info][gc,marking  ] GC(162) Mark Stack Usage: 32M
[975.800s][info][gc,nmethod  ] GC(162) NMethods: 10404 registered, 363 unregistered
[975.800s][info][gc,metaspace] GC(162) Metaspace: 131M used, 133M committed, 1152M reserved
[975.800s][info][gc,ref      ] GC(162) Soft: 6083 encountered, 0 discovered, 0 enqueued
[975.800s][info][gc,ref      ] GC(162) Weak: 23292 encountered, 931 discovered, 2 enqueued
[975.800s][info][gc,ref      ] GC(162) Final: 34 encountered, 0 discovered, 0 enqueued
[975.800s][info][gc,ref      ] GC(162) Phantom: 933 encountered, 703 discovered, 0 enqueued
[975.800s][info][gc,reloc    ] GC(162) Small Pages: 3368 / 6736M, Empty: 1960M, Relocated: 92M, In-Place: 0
[975.800s][info][gc,reloc    ] GC(162) Medium Pages: 2 / 64M, Empty: 0M, Relocated: 0M, In-Place: 0
[975.800s][info][gc,reloc    ] GC(162) Large Pages: 0 / 0M, Empty: 0M, Relocated: 0M, In-Place: 0
[975.800s][info][gc,reloc    ] GC(162) Forwarding Usage: 31M
[975.801s][info][gc,heap     ] GC(162) Min Capacity: 8192M(100%)
[975.801s][info][gc,heap     ] GC(162) Max Capacity: 8192M(100%)
[975.801s][info][gc,heap     ] GC(162) Soft Max Capacity: 8192M(100%)
[975.801s][info][gc,heap     ] GC(162)                Mark Start          Mark End        Relocate Start      Relocate End           High               Low         
[975.801s][info][gc,heap     ] GC(162)  Capacity:     8192M (100%)       8192M (100%)       8192M (100%)       8192M (100%)       8192M (100%)       8192M (100%)   
[975.801s][info][gc,heap     ] GC(162)      Free:     1392M (17%)         868M (11%)        2814M (34%)        6922M (84%)        6928M (85%)         860M (10%)    
[975.801s][info][gc,heap     ] GC(162)      Used:     6800M (83%)        7324M (89%)        5378M (66%)        1270M (16%)        7332M (90%)        1264M (15%)    
[975.801s][info][gc,heap     ] GC(162)      Live:         -               583M (7%)          583M (7%)          583M (7%)             -                  -          
[975.801s][info][gc,heap     ] GC(162) Allocated:         -               524M (6%)          538M (7%)          606M (7%)             -                  -          
[975.801s][info][gc,heap     ] GC(162)   Garbage:         -              6216M (76%)        4256M (52%)          79M (1%)             -                  -          
[975.801s][info][gc,heap     ] GC(162) Reclaimed:         -                  -              1960M (24%)        6136M (75%)            -                  -          
[975.801s][info][gc          ] GC(162) Garbage Collection (Allocation Rate) 6800M(83%)->1270M(16%)
[980.268s][info][gc,stats    ] === Garbage Collection Statistics =======================================================================================================================
[980.268s][info][gc,stats    ]                                                              Last 10s              Last 10m              Last 10h                Total
[980.268s][info][gc,stats    ]                                                              Avg / Max             Avg / Max             Avg / Max             Avg / Max
[980.268s][info][gc,stats    ]   Collector: Garbage Collection Cycle                    732.869 / 732.869     723.869 / 4817.329   1052.702 / 7809.708   1052.702 / 7809.708    ms
[980.268s][info][gc,stats    ]  Contention: Mark Segment Reset Contention                     0 / 0                 0 / 9                 0 / 9                 0 / 9           ops/s
[980.268s][info][gc,stats    ]  Contention: Mark SeqNum Reset Contention                      0 / 0                 0 / 1                 0 / 1                 0 / 1           ops/s
[980.268s][info][gc,stats    ]    Critical: Allocation Stall                                  0 / 0                 0 / 0                 0 / 0                 0 / 0           ops/s
[980.268s][info][gc,stats    ]    Critical: Allocation Stall                              0.000 / 0.000         0.000 / 0.000         0.000 / 0.000         0.000 / 0.000       ms
[980.268s][info][gc,stats    ]    Critical: GC Locker Stall                                   0 / 0                 0 / 2                 0 / 2                 0 / 2           ops/s
[980.268s][info][gc,stats    ]    Critical: GC Locker Stall                               0.000 / 0.000         0.036 / 0.151         0.044 / 0.151         0.044 / 0.151       ms
[980.268s][info][gc,stats    ]    Critical: Relocation Stall                                  0 / 0                 0 / 0                 0 / 0                 0 / 0           ops/s
[980.268s][info][gc,stats    ]    Critical: Relocation Stall                              0.000 / 0.000         0.000 / 0.000         0.000 / 0.000         0.000 / 0.000       ms
[980.268s][info][gc,stats    ]      Memory: Allocation Rate                                 765 / 926             813 / 1548            728 / 1548            728 / 1548        MB/s
[980.268s][info][gc,stats    ]      Memory: Defragment                                        0 / 0                 0 / 0                 0 / 0                 0 / 0           ops/s
[980.268s][info][gc,stats    ]      Memory: Out Of Memory                                     0 / 0                 0 / 0                 0 / 0                 0 / 0           ops/s
[980.268s][info][gc,stats    ]      Memory: Page Cache Flush                                  0 / 0                 0 / 0                 0 / 0                 0 / 0           MB/s
[980.268s][info][gc,stats    ]      Memory: Page Cache Hit L1                               387 / 463             413 / 811             367 / 811             367 / 811         ops/s
[980.268s][info][gc,stats    ]      Memory: Page Cache Hit L2                                 0 / 0                 0 / 0                 0 / 0                 0 / 0           ops/s
[980.268s][info][gc,stats    ]      Memory: Page Cache Hit L3                                 0 / 0                 0 / 65                4 / 397               4 / 397         ops/s
[980.268s][info][gc,stats    ]      Memory: Page Cache Miss                                   0 / 0                 0 / 0                 0 / 1                 0 / 1           ops/s
[980.268s][info][gc,stats    ]      Memory: Uncommit                                          0 / 0                 0 / 0                 0 / 0                 0 / 0           MB/s
[980.268s][info][gc,stats    ]      Memory: Undo Object Allocation Failed                     0 / 0                 0 / 0                 0 / 0                 0 / 0           ops/s
[980.268s][info][gc,stats    ]      Memory: Undo Object Allocation Succeeded                  0 / 1                 1 / 367               2 / 400               2 / 400         ops/s
[980.268s][info][gc,stats    ]      Memory: Undo Page Allocation                              0 / 0                 0 / 1                 0 / 1                 0 / 1           ops/s
[980.268s][info][gc,stats    ]       Phase: Concurrent Mark                             625.987 / 625.987     623.334 / 4219.436    807.248 / 5264.294    807.248 / 5264.294    ms
[980.268s][info][gc,stats    ]       Phase: Concurrent Mark Continue                      0.000 / 0.000         0.000 / 0.000         0.000 / 0.000         0.000 / 0.000       ms
[980.268s][info][gc,stats    ]       Phase: Concurrent Mark Free                          0.001 / 0.001         0.000 / 0.001         0.001 / 0.003         0.001 / 0.003       ms
[980.268s][info][gc,stats    ]       Phase: Concurrent Process Non-Strong References     19.899 / 19.899       19.888 / 500.082      29.618 / 1493.667     29.618 / 1493.667    ms
[980.268s][info][gc,stats    ]       Phase: Concurrent Relocate                          76.078 / 76.078       67.134 / 150.321      56.729 / 150.389      56.729 / 150.389     ms
[980.268s][info][gc,stats    ]       Phase: Concurrent Reset Relocation Set               0.283 / 0.283         0.172 / 0.396         0.141 / 0.465         0.141 / 0.465       ms
[980.268s][info][gc,stats    ]       Phase: Concurrent Select Relocation Set             10.060 / 10.060       12.470 / 38.181      152.145 / 2796.200    152.145 / 2796.200    ms
[980.268s][info][gc,stats    ]       Phase: Pause Mark End                                0.009 / 0.009         0.029 / 1.374         0.056 / 4.475         0.056 / 4.475       ms
[980.268s][info][gc,stats    ]       Phase: Pause Mark Start                              0.006 / 0.006         0.005 / 0.015         0.053 / 7.250         0.053 / 7.250       ms
[980.268s][info][gc,stats    ]       Phase: Pause Relocate Start                          0.010 / 0.010         0.019 / 0.571         0.024 / 1.046         0.024 / 1.046       ms
[980.268s][info][gc,stats    ]    Subphase: Concurrent Classes Purge                      0.368 / 0.368         0.487 / 2.603         0.581 / 5.775         0.581 / 5.775       ms
[980.268s][info][gc,stats    ]    Subphase: Concurrent Classes Unlink                    16.308 / 16.308       11.771 / 101.137      22.405 / 1489.339     22.405 / 1489.339    ms
[980.268s][info][gc,stats    ]    Subphase: Concurrent Mark                             623.700 / 623.700     574.193 / 4216.973    758.199 / 5176.991    758.199 / 5176.991    ms
[980.268s][info][gc,stats    ]    Subphase: Concurrent Mark Try Flush                     0.091 / 0.105         3.487 / 786.951       2.884 / 786.951       2.884 / 786.951     ms
[980.268s][info][gc,stats    ]    Subphase: Concurrent Mark Try Terminate                 0.042 / 0.084         0.977 / 1.577         0.999 / 12.169        0.999 / 12.169      ms
[980.268s][info][gc,stats    ]    Subphase: Concurrent References Enqueue                 0.002 / 0.002         0.002 / 0.005         0.002 / 0.006         0.002 / 0.006       ms
[980.268s][info][gc,stats    ]    Subphase: Concurrent References Process                 0.199 / 0.199         0.547 / 2.996         0.560 / 2.996         0.560 / 2.996       ms
[980.268s][info][gc,stats    ]    Subphase: Concurrent Roots ClassLoaderDataGraph         0.397 / 0.397         0.302 / 0.850         0.582 / 40.174        0.582 / 40.174      ms
[980.268s][info][gc,stats    ]    Subphase: Concurrent Roots CodeCache                    0.000 / 0.000         0.000 / 0.000         0.000 / 0.000         0.000 / 0.000       ms
[980.268s][info][gc,stats    ]    Subphase: Concurrent Roots JavaThreads                  1.621 / 1.621         5.228 / 441.054       6.047 / 441.054       6.047 / 441.054     ms
[980.268s][info][gc,stats    ]    Subphase: Concurrent Roots OopStorageSet                0.117 / 0.117         1.284 / 136.487       1.077 / 136.487       1.077 / 136.487     ms
[980.268s][info][gc,stats    ]    Subphase: Concurrent Weak Roots OopStorageSet           2.612 / 2.612         1.895 / 5.434         1.803 / 11.047        1.803 / 11.047      ms
[980.268s][info][gc,stats    ]    Subphase: Pause Mark Try Complete                       0.000 / 0.000         0.000 / 0.000         0.001 / 0.003         0.001 / 0.003       ms
[980.268s][info][gc,stats    ]      System: Java Threads                                     83 / 83               80 / 83               77 / 83               77 / 83          threads
[980.268s][info][gc,stats    ] =========================================================================================================================================================
[982.268s][info][gc,start    ] GC(163) Garbage Collection (Allocation Rate)
[982.268s][info][gc,task     ] GC(163) Using 1 workers
[982.268s][info][gc,phases   ] GC(163) Pause Mark Start 0.004ms
[982.948s][info][gc,phases   ] GC(163) Concurrent Mark 679.066ms
[982.948s][info][gc,phases   ] GC(163) Pause Mark End 0.008ms
[982.948s][info][gc,phases   ] GC(163) Concurrent Mark Free 0.000ms
[982.965s][info][gc,phases   ] GC(163) Concurrent Process Non-Strong References 17.114ms
[982.965s][info][gc,phases   ] GC(163) Concurrent Reset Relocation Set 0.201ms
[982.988s][info][gc,phases   ] GC(163) Concurrent Select Relocation Set 22.671ms
[982.988s][info][gc,phases   ] GC(163) Pause Relocate Start 0.010ms
[983.098s][info][gc,phases   ] GC(163) Concurrent Relocate 109.679ms
[983.098s][info][gc,load     ] GC(163) Load: 0.00/0.00/0.00
[983.098s][info][gc,mmu      ] GC(163) MMU: 2ms/0.0%, 5ms/0.0%, 10ms/27.5%, 20ms/63.8%, 50ms/85.5%, 100ms/92.8%
[983.098s][info][gc,marking  ] GC(163) Mark: 1 stripe(s), 2 proactive flush(es), 1 terminate flush(es), 0 completion(s), 0 continuation(s) 
[983.098s][info][gc,marking  ] GC(163) Mark Stack Usage: 32M
[983.098s][info][gc,nmethod  ] GC(163) NMethods: 10404 registered, 367 unregistered
[983.098s][info][gc,metaspace] GC(163) Metaspace: 131M used, 133M committed, 1152M reserved
[983.098s][info][gc,ref      ] GC(163) Soft: 6083 encountered, 0 discovered, 0 enqueued
[983.098s][info][gc,ref      ] GC(163) Weak: 23295 encountered, 789 discovered, 2 enqueued
[983.098s][info][gc,ref      ] GC(163) Final: 34 encountered, 0 discovered, 0 enqueued
[983.098s][info][gc,ref      ] GC(163) Phantom: 939 encountered, 707 discovered, 0 enqueued
[983.098s][info][gc,reloc    ] GC(163) Small Pages: 3330 / 6660M, Empty: 1898M, Relocated: 125M, In-Place: 0
[983.098s][info][gc,reloc    ] GC(163) Medium Pages: 2 / 64M, Empty: 0M, Relocated: 0M, In-Place: 0
[983.098s][info][gc,reloc    ] GC(163) Large Pages: 0 / 0M, Empty: 0M, Relocated: 0M, In-Place: 0
[983.098s][info][gc,reloc    ] GC(163) Forwarding Usage: 41M
[983.098s][info][gc,heap     ] GC(163) Min Capacity: 8192M(100%)
[983.098s][info][gc,heap     ] GC(163) Max Capacity: 8192M(100%)
[983.098s][info][gc,heap     ] GC(163) Soft Max Capacity: 8192M(100%)
[983.098s][info][gc,heap     ] GC(163)                Mark Start          Mark End        Relocate Start      Relocate End           High               Low         
[983.098s][info][gc,heap     ] GC(163)  Capacity:     8192M (100%)       8192M (100%)       8192M (100%)       8192M (100%)       8192M (100%)       8192M (100%)   
[983.098s][info][gc,heap     ] GC(163)      Free:     1468M (18%)         770M (9%)         2614M (32%)        6624M (81%)        6636M (81%)         740M (9%)     
[983.098s][info][gc,heap     ] GC(163)      Used:     6724M (82%)        7422M (91%)        5578M (68%)        1568M (19%)        7452M (91%)        1556M (19%)    
[983.098s][info][gc,heap     ] GC(163)      Live:         -               609M (7%)          609M (7%)          609M (7%)             -                  -          
[983.098s][info][gc,heap     ] GC(163) Allocated:         -               698M (9%)          752M (9%)          881M (11%)            -                  -          
[983.098s][info][gc,heap     ] GC(163)   Garbage:         -              6114M (75%)        4216M (51%)          76M (1%)             -                  -          
[983.098s][info][gc,heap     ] GC(163) Reclaimed:         -                  -              1898M (23%)        6037M (74%)            -                  -          
[983.098s][info][gc          ] GC(163) Garbage Collection (Allocation Rate) 6724M(82%)->1568M(19%)
[987.768s][info][gc,start    ] GC(164) Garbage Collection (Allocation Rate)
[987.768s][info][gc,task     ] GC(164) Using 2 workers
[987.768s][info][gc,phases   ] GC(164) Pause Mark Start 0.004ms
[988.153s][info][gc,phases   ] GC(164) Concurrent Mark 384.602ms
[988.153s][info][gc,phases   ] GC(164) Pause Mark End 0.010ms
[988.153s][info][gc,phases   ] GC(164) Concurrent Mark Free 0.000ms
[988.168s][info][gc,phases   ] GC(164) Concurrent Process Non-Strong References 15.439ms
[988.169s][info][gc,phases   ] GC(164) Concurrent Reset Relocation Set 0.350ms
[988.175s][info][gc,phases   ] GC(164) Concurrent Select Relocation Set 6.671ms
[988.175s][info][gc,phases   ] GC(164) Pause Relocate Start 0.005ms
[988.238s][info][gc,phases   ] GC(164) Concurrent Relocate 62.230ms
[988.238s][info][gc,load     ] GC(164) Load: 0.00/0.00/0.00
[988.238s][info][gc,mmu      ] GC(164) MMU: 2ms/0.0%, 5ms/0.0%, 10ms/27.5%, 20ms/63.8%, 50ms/85.5%, 100ms/92.8%
[988.238s][info][gc,marking  ] GC(164) Mark: 2 stripe(s), 2 proactive flush(es), 1 terminate flush(es), 0 completion(s), 0 continuation(s) 
[988.238s][info][gc,marking  ] GC(164) Mark Stack Usage: 32M
[988.238s][info][gc,nmethod  ] GC(164) NMethods: 10415 registered, 369 unregistered
[988.238s][info][gc,metaspace] GC(164) Metaspace: 131M used, 133M committed, 1152M reserved
[988.238s][info][gc,ref      ] GC(164) Soft: 6083 encountered, 0 discovered, 0 enqueued
[988.238s][info][gc,ref      ] GC(164) Weak: 23293 encountered, 7614 discovered, 0 enqueued
[988.238s][info][gc,ref      ] GC(164) Final: 34 encountered, 0 discovered, 0 enqueued
[988.238s][info][gc,ref      ] GC(164) Phantom: 939 encountered, 713 discovered, 0 enqueued
[988.238s][info][gc,reloc    ] GC(164) Small Pages: 3228 / 6456M, Empty: 1736M, Relocated: 132M, In-Place: 0
[988.238s][info][gc,reloc    ] GC(164) Medium Pages: 2 / 64M, Empty: 0M, Relocated: 0M, In-Place: 0
[988.238s][info][gc,reloc    ] GC(164) Large Pages: 0 / 0M, Empty: 0M, Relocated: 0M, In-Place: 0
[988.238s][info][gc,reloc    ] GC(164) Forwarding Usage: 38M
[988.238s][info][gc,heap     ] GC(164) Min Capacity: 8192M(100%)
[988.238s][info][gc,heap     ] GC(164) Max Capacity: 8192M(100%)
[988.238s][info][gc,heap     ] GC(164) Soft Max Capacity: 8192M(100%)
[988.238s][info][gc,heap     ] GC(164)                Mark Start          Mark End        Relocate Start      Relocate End           High               Low         
[988.238s][info][gc,heap     ] GC(164)  Capacity:     8192M (100%)       8192M (100%)       8192M (100%)       8192M (100%)       8192M (100%)       8192M (100%)   
[988.238s][info][gc,heap     ] GC(164)      Free:     1672M (20%)         974M (12%)        2678M (33%)        6698M (82%)        6700M (82%)         950M (12%)    
[988.238s][info][gc,heap     ] GC(164)      Used:     6520M (80%)        7218M (88%)        5514M (67%)        1494M (18%)        7242M (88%)        1492M (18%)    
[988.238s][info][gc,heap     ] GC(164)      Live:         -               619M (8%)          619M (8%)          619M (8%)             -                  -          
[988.238s][info][gc,heap     ] GC(164) Allocated:         -               698M (9%)          730M (9%)          796M (10%)            -                  -          
[988.238s][info][gc,heap     ] GC(164)   Garbage:         -              5900M (72%)        4164M (51%)          78M (1%)             -                  -          
[988.238s][info][gc,heap     ] GC(164) Reclaimed:         -                  -              1736M (21%)        5822M (71%)            -                  -          
[988.238s][info][gc          ] GC(164) Garbage Collection (Allocation Rate) 6520M(80%)->1494M(18%)
[990.268s][info][gc,stats    ] === Garbage Collection Statistics =======================================================================================================================
[990.268s][info][gc,stats    ]                                                              Last 10s              Last 10m              Last 10h                Total
[990.268s][info][gc,stats    ]                                                              Avg / Max             Avg / Max             Avg / Max             Avg / Max
[990.268s][info][gc,stats    ]   Collector: Garbage Collection Cycle                    649.738 / 829.509     725.746 / 4817.329   1047.818 / 7809.708   1047.818 / 7809.708    ms
[990.268s][info][gc,stats    ]  Contention: Mark Segment Reset Contention                     0 / 0                 0 / 9                 0 / 9                 0 / 9           ops/s
[990.268s][info][gc,stats    ]  Contention: Mark SeqNum Reset Contention                      0 / 0                 0 / 1                 0 / 1                 0 / 1           ops/s
[990.268s][info][gc,stats    ]    Critical: Allocation Stall                                  0 / 0                 0 / 0                 0 / 0                 0 / 0           ops/s
[990.268s][info][gc,stats    ]    Critical: Allocation Stall                              0.000 / 0.000         0.000 / 0.000         0.000 / 0.000         0.000 / 0.000       ms
[990.268s][info][gc,stats    ]    Critical: GC Locker Stall                                   0 / 1                 0 / 2                 0 / 2                 0 / 2           ops/s
[990.268s][info][gc,stats    ]    Critical: GC Locker Stall                               0.029 / 0.058         0.035 / 0.151         0.043 / 0.151         0.043 / 0.151       ms
[990.268s][info][gc,stats    ]    Critical: Relocation Stall                                  0 / 0                 0 / 0                 0 / 0                 0 / 0           ops/s
[990.268s][info][gc,stats    ]    Critical: Relocation Stall                              0.000 / 0.000         0.000 / 0.000         0.000 / 0.000         0.000 / 0.000       ms
[990.268s][info][gc,stats    ]      Memory: Allocation Rate                                1009 / 1350            818 / 1548            731 / 1548            731 / 1548        MB/s
[990.268s][info][gc,stats    ]      Memory: Defragment                                        0 / 0                 0 / 0                 0 / 0                 0 / 0           ops/s
[990.268s][info][gc,stats    ]      Memory: Out Of Memory                                     0 / 0                 0 / 0                 0 / 0                 0 / 0           ops/s
[990.268s][info][gc,stats    ]      Memory: Page Cache Flush                                  0 / 0                 0 / 0                 0 / 0                 0 / 0           MB/s
[990.268s][info][gc,stats    ]      Memory: Page Cache Hit L1                               517 / 741             416 / 811             368 / 811             368 / 811         ops/s
[990.268s][info][gc,stats    ]      Memory: Page Cache Hit L2                                 0 / 0                 0 / 0                 0 / 0                 0 / 0           ops/s
[990.268s][info][gc,stats    ]      Memory: Page Cache Hit L3                                 0 / 0                 0 / 65                3 / 397               3 / 397         ops/s
[990.268s][info][gc,stats    ]      Memory: Page Cache Miss                                   0 / 0                 0 / 0                 0 / 1                 0 / 1           ops/s
[990.268s][info][gc,stats    ]      Memory: Uncommit                                          0 / 0                 0 / 0                 0 / 0                 0 / 0           MB/s
[990.268s][info][gc,stats    ]      Memory: Undo Object Allocation Failed                     0 / 0                 0 / 0                 0 / 0                 0 / 0           ops/s
[990.268s][info][gc,stats    ]      Memory: Undo Object Allocation Succeeded                  0 / 3                 1 / 367               2 / 400               2 / 400         ops/s
[990.268s][info][gc,stats    ]      Memory: Undo Page Allocation                              0 / 0                 0 / 1                 0 / 1                 0 / 1           ops/s
[990.268s][info][gc,stats    ]       Phase: Concurrent Mark                             531.834 / 679.066     624.347 / 4219.436    803.909 / 5264.294    803.909 / 5264.294    ms
[990.268s][info][gc,stats    ]       Phase: Concurrent Mark Continue                      0.000 / 0.000         0.000 / 0.000         0.000 / 0.000         0.000 / 0.000       ms
[990.268s][info][gc,stats    ]       Phase: Concurrent Mark Free                          0.000 / 0.000         0.000 / 0.001         0.001 / 0.003         0.001 / 0.003       ms
[990.268s][info][gc,stats    ]       Phase: Concurrent Process Non-Strong References     16.276 / 17.114       19.924 / 500.082      29.456 / 1493.667     29.456 / 1493.667    ms
[990.268s][info][gc,stats    ]       Phase: Concurrent Relocate                          85.955 / 109.679      67.827 / 150.321      57.083 / 150.389      57.083 / 150.389     ms
[990.268s][info][gc,stats    ]       Phase: Concurrent Reset Relocation Set               0.275 / 0.350         0.175 / 0.396         0.142 / 0.465         0.142 / 0.465       ms
[990.268s][info][gc,stats    ]       Phase: Concurrent Select Relocation Set             14.671 / 22.671       12.603 / 38.181      150.478 / 2796.200    150.478 / 2796.200    ms
[990.268s][info][gc,stats    ]       Phase: Pause Mark End                                0.009 / 0.010         0.029 / 1.374         0.056 / 4.475         0.056 / 4.475       ms
[990.268s][info][gc,stats    ]       Phase: Pause Mark Start                              0.004 / 0.004         0.005 / 0.015         0.052 / 7.250         0.052 / 7.250       ms
[990.268s][info][gc,stats    ]       Phase: Pause Relocate Start                          0.008 / 0.010         0.019 / 0.571         0.024 / 1.046         0.024 / 1.046       ms
[990.268s][info][gc,stats    ]    Subphase: Concurrent Classes Purge                      0.042 / 0.059         0.469 / 2.603         0.574 / 5.775         0.574 / 5.775       ms
[990.268s][info][gc,stats    ]    Subphase: Concurrent Classes Unlink                    13.246 / 13.963       11.862 / 101.137      22.294 / 1489.339     22.294 / 1489.339    ms
[990.268s][info][gc,stats    ]    Subphase: Concurrent Mark                             480.791 / 676.951     575.567 / 4216.973    755.094 / 5176.991    755.094 / 5176.991    ms
[990.268s][info][gc,stats    ]    Subphase: Concurrent Mark Try Flush                     0.051 / 0.081         3.447 / 786.951       2.850 / 786.951       2.850 / 786.951     ms
[990.268s][info][gc,stats    ]    Subphase: Concurrent Mark Try Terminate                 0.325 / 1.588         0.976 / 1.588         0.997 / 12.169        0.997 / 12.169      ms
[990.268s][info][gc,stats    ]    Subphase: Concurrent References Enqueue                 0.001 / 0.002         0.002 / 0.005         0.002 / 0.006         0.002 / 0.006       ms
[990.268s][info][gc,stats    ]    Subphase: Concurrent References Process                 0.579 / 0.930         0.554 / 2.996         0.560 / 2.996         0.560 / 2.996       ms
[990.268s][info][gc,stats    ]    Subphase: Concurrent Roots ClassLoaderDataGraph         0.268 / 0.435         0.303 / 0.850         0.579 / 40.174        0.579 / 40.174      ms
[990.268s][info][gc,stats    ]    Subphase: Concurrent Roots CodeCache                    0.000 / 0.000         0.000 / 0.000         0.000 / 0.000         0.000 / 0.000       ms
[990.268s][info][gc,stats    ]    Subphase: Concurrent Roots JavaThreads                  1.016 / 1.453         5.188 / 441.054       5.990 / 441.054       5.990 / 441.054     ms
[990.268s][info][gc,stats    ]    Subphase: Concurrent Roots OopStorageSet                0.061 / 0.077         1.274 / 136.487       1.066 / 136.487       1.066 / 136.487     ms
[990.268s][info][gc,stats    ]    Subphase: Concurrent Weak Roots OopStorageSet           1.924 / 2.599         1.907 / 5.434         1.804 / 11.047        1.804 / 11.047      ms
[990.268s][info][gc,stats    ]    Subphase: Pause Mark Try Complete                       0.000 / 0.000         0.000 / 0.000         0.001 / 0.003         0.001 / 0.003       ms
[990.268s][info][gc,stats    ]      System: Java Threads                                     83 / 83               80 / 83               77 / 83               77 / 83          threads
[990.268s][info][gc,stats    ] =========================================================================================================================================================
[993.068s][info][gc,start    ] GC(165) Garbage Collection (Allocation Rate)
[993.068s][info][gc,task     ] GC(165) Using 1 workers
[993.069s][info][gc,phases   ] GC(165) Pause Mark Start 0.004ms
[993.718s][info][gc,phases   ] GC(165) Concurrent Mark 648.996ms
[993.718s][info][gc,phases   ] GC(165) Pause Mark End 0.052ms
[993.718s][info][gc,phases   ] GC(165) Concurrent Mark Free 0.001ms
[993.736s][info][gc,phases   ] GC(165) Concurrent Process Non-Strong References 17.713ms
[993.736s][info][gc,phases   ] GC(165) Concurrent Reset Relocation Set 0.205ms
[993.741s][info][gc,phases   ] GC(165) Concurrent Select Relocation Set 4.908ms
[993.741s][info][gc,phases   ] GC(165) Pause Relocate Start 0.007ms
[993.820s][info][gc,phases   ] GC(165) Concurrent Relocate 78.432ms
[993.820s][info][gc,load     ] GC(165) Load: 0.00/0.00/0.00
[993.820s][info][gc,mmu      ] GC(165) MMU: 2ms/0.0%, 5ms/0.0%, 10ms/27.5%, 20ms/63.8%, 50ms/85.5%, 100ms/92.8%
[993.820s][info][gc,marking  ] GC(165) Mark: 1 stripe(s), 2 proactive flush(es), 1 terminate flush(es), 1 completion(s), 0 continuation(s) 
[993.820s][info][gc,marking  ] GC(165) Mark Stack Usage: 32M
[993.820s][info][gc,nmethod  ] GC(165) NMethods: 10415 registered, 379 unregistered
[993.820s][info][gc,metaspace] GC(165) Metaspace: 131M used, 133M committed, 1152M reserved
[993.820s][info][gc,ref      ] GC(165) Soft: 6083 encountered, 0 discovered, 0 enqueued
[993.820s][info][gc,ref      ] GC(165) Weak: 23297 encountered, 12457 discovered, 4 enqueued
[993.820s][info][gc,ref      ] GC(165) Final: 34 encountered, 0 discovered, 0 enqueued
[993.820s][info][gc,ref      ] GC(165) Phantom: 942 encountered, 702 discovered, 0 enqueued
[993.820s][info][gc,reloc    ] GC(165) Small Pages: 3060 / 6120M, Empty: 2914M, Relocated: 101M, In-Place: 0
[993.820s][info][gc,reloc    ] GC(165) Medium Pages: 2 / 64M, Empty: 0M, Relocated: 0M, In-Place: 0
[993.820s][info][gc,reloc    ] GC(165) Large Pages: 0 / 0M, Empty: 0M, Relocated: 0M, In-Place: 0
[993.820s][info][gc,reloc    ] GC(165) Forwarding Usage: 31M
[993.820s][info][gc,heap     ] GC(165) Min Capacity: 8192M(100%)
[993.820s][info][gc,heap     ] GC(165) Max Capacity: 8192M(100%)
[993.820s][info][gc,heap     ] GC(165) Soft Max Capacity: 8192M(100%)
[993.820s][info][gc,heap     ] GC(165)                Mark Start          Mark End        Relocate Start      Relocate End           High               Low         
[993.820s][info][gc,heap     ] GC(165)  Capacity:     8192M (100%)       8192M (100%)       8192M (100%)       8192M (100%)       8192M (100%)       8192M (100%)   
[993.820s][info][gc,heap     ] GC(165)      Free:     2008M (25%)        1468M (18%)        4362M (53%)        6908M (84%)        6908M (84%)        1452M (18%)    
[993.820s][info][gc,heap     ] GC(165)      Used:     6184M (75%)        6724M (82%)        3830M (47%)        1284M (16%)        6740M (82%)        1284M (16%)    
[993.820s][info][gc,heap     ] GC(165)      Live:         -               599M (7%)          599M (7%)          599M (7%)             -                  -          
[993.820s][info][gc,heap     ] GC(165) Allocated:         -               540M (7%)          560M (7%)          604M (7%)             -                  -          
[993.820s][info][gc,heap     ] GC(165)   Garbage:         -              5584M (68%)        2670M (33%)          79M (1%)             -                  -          
[993.820s][info][gc,heap     ] GC(165) Reclaimed:         -                  -              2914M (36%)        5504M (67%)            -                  -          
[993.820s][info][gc          ] GC(165) Garbage Collection (Allocation Rate) 6184M(75%)->1284M(16%)
[1000.268s][info][gc,stats    ] === Garbage Collection Statistics =======================================================================================================================
[1000.268s][info][gc,stats    ]                                                              Last 10s              Last 10m              Last 10h                Total
[1000.268s][info][gc,stats    ]                                                              Avg / Max             Avg / Max             Avg / Max             Avg / Max
[1000.268s][info][gc,stats    ]   Collector: Garbage Collection Cycle                    751.298 / 751.298     729.177 / 4817.329   1046.032 / 7809.708   1046.032 / 7809.708    ms
[1000.268s][info][gc,stats    ]  Contention: Mark Segment Reset Contention                     0 / 0                 0 / 9                 0 / 9                 0 / 9           ops/s
[1000.268s][info][gc,stats    ]  Contention: Mark SeqNum Reset Contention                      0 / 0                 0 / 1                 0 / 1                 0 / 1           ops/s
[1000.268s][info][gc,stats    ]    Critical: Allocation Stall                                  0 / 0                 0 / 0                 0 / 0                 0 / 0           ops/s
[1000.268s][info][gc,stats    ]    Critical: Allocation Stall                              0.000 / 0.000         0.000 / 0.000         0.000 / 0.000         0.000 / 0.000       ms
[1000.268s][info][gc,stats    ]    Critical: GC Locker Stall                                   0 / 1                 0 / 2                 0 / 2                 0 / 2           ops/s
[1000.268s][info][gc,stats    ]    Critical: GC Locker Stall                               0.268 / 0.268         0.048 / 0.268         0.051 / 0.268         0.051 / 0.268       ms
[1000.268s][info][gc,stats    ]    Critical: Relocation Stall                                  0 / 0                 0 / 0                 0 / 0                 0 / 0           ops/s
[1000.268s][info][gc,stats    ]    Critical: Relocation Stall                              0.000 / 0.000         0.000 / 0.000         0.000 / 0.000         0.000 / 0.000       ms
[1000.268s][info][gc,stats    ]      Memory: Allocation Rate                                 856 / 1338            819 / 1548            732 / 1548            732 / 1548        MB/s
[1000.268s][info][gc,stats    ]      Memory: Defragment                                        0 / 0                 0 / 0                 0 / 0                 0 / 0           ops/s
[1000.268s][info][gc,stats    ]      Memory: Out Of Memory                                     0 / 0                 0 / 0                 0 / 0                 0 / 0           ops/s
[1000.268s][info][gc,stats    ]      Memory: Page Cache Flush                                  0 / 0                 0 / 0                 0 / 0                 0 / 0           MB/s
[1000.268s][info][gc,stats    ]      Memory: Page Cache Hit L1                               433 / 669             416 / 811             369 / 811             369 / 811         ops/s
[1000.268s][info][gc,stats    ]      Memory: Page Cache Hit L2                                 0 / 0                 0 / 0                 0 / 0                 0 / 0           ops/s
[1000.268s][info][gc,stats    ]      Memory: Page Cache Hit L3                                 0 / 0                 0 / 65                3 / 397               3 / 397         ops/s
[1000.268s][info][gc,stats    ]      Memory: Page Cache Miss                                   0 / 0                 0 / 0                 0 / 1                 0 / 1           ops/s
[1000.268s][info][gc,stats    ]      Memory: Uncommit                                          0 / 0                 0 / 0                 0 / 0                 0 / 0           MB/s
[1000.268s][info][gc,stats    ]      Memory: Undo Object Allocation Failed                     0 / 0                 0 / 0                 0 / 0                 0 / 0           ops/s
[1000.268s][info][gc,stats    ]      Memory: Undo Object Allocation Succeeded                  0 / 3                 1 / 367               2 / 400               2 / 400         ops/s
[1000.268s][info][gc,stats    ]      Memory: Undo Page Allocation                              0 / 0                 0 / 1                 0 / 1                 0 / 1           ops/s
[1000.268s][info][gc,stats    ]       Phase: Concurrent Mark                             648.996 / 648.996     627.403 / 4219.436    802.976 / 5264.294    802.976 / 5264.294    ms
[1000.268s][info][gc,stats    ]       Phase: Concurrent Mark Continue                      0.000 / 0.000         0.000 / 0.000         0.000 / 0.000         0.000 / 0.000       ms
[1000.268s][info][gc,stats    ]       Phase: Concurrent Mark Free                          0.001 / 0.001         0.000 / 0.001         0.001 / 0.003         0.001 / 0.003       ms
[1000.268s][info][gc,stats    ]       Phase: Concurrent Process Non-Strong References     17.713 / 17.713       20.031 / 500.082      29.385 / 1493.667     29.385 / 1493.667    ms
[1000.268s][info][gc,stats    ]       Phase: Concurrent Relocate                          78.432 / 78.432       68.118 / 150.321      57.212 / 150.389      57.212 / 150.389     ms
[1000.268s][info][gc,stats    ]       Phase: Concurrent Reset Relocation Set               0.205 / 0.205         0.175 / 0.396         0.143 / 0.465         0.143 / 0.465       ms
[1000.268s][info][gc,stats    ]       Phase: Concurrent Select Relocation Set              4.908 / 4.908        12.575 / 38.181      149.601 / 2796.200    149.601 / 2796.200    ms
[1000.268s][info][gc,stats    ]       Phase: Pause Mark End                                0.052 / 0.052         0.029 / 1.374         0.056 / 4.475         0.056 / 4.475       ms
[1000.268s][info][gc,stats    ]       Phase: Pause Mark Start                              0.004 / 0.004         0.005 / 0.015         0.052 / 7.250         0.052 / 7.250       ms
[1000.268s][info][gc,stats    ]       Phase: Pause Relocate Start                          0.007 / 0.007         0.019 / 0.571         0.024 / 1.046         0.024 / 1.046       ms
[1000.268s][info][gc,stats    ]    Subphase: Concurrent Classes Purge                      0.242 / 0.242         0.465 / 2.603         0.572 / 5.775         0.572 / 5.775       ms
[1000.268s][info][gc,stats    ]    Subphase: Concurrent Classes Unlink                    13.343 / 13.343       11.949 / 101.137      22.240 / 1489.339     22.240 / 1489.339    ms
[1000.268s][info][gc,stats    ]    Subphase: Concurrent Mark                             646.889 / 646.889     579.359 / 4216.973    754.691 / 5176.991    754.691 / 5176.991    ms
[1000.268s][info][gc,stats    ]    Subphase: Concurrent Mark Try Flush                     0.057 / 0.071         3.448 / 786.951       2.834 / 786.951       2.834 / 786.951     ms
[1000.268s][info][gc,stats    ]    Subphase: Concurrent Mark Try Terminate                 0.025 / 0.050         0.976 / 1.588         0.996 / 12.169        0.996 / 12.169      ms
[1000.268s][info][gc,stats    ]    Subphase: Concurrent References Enqueue                 0.002 / 0.002         0.002 / 0.005         0.002 / 0.006         0.002 / 0.006       ms
[1000.268s][info][gc,stats    ]    Subphase: Concurrent References Process                 1.359 / 1.359         0.561 / 2.996         0.565 / 2.996         0.565 / 2.996       ms
[1000.268s][info][gc,stats    ]    Subphase: Concurrent Roots ClassLoaderDataGraph         0.321 / 0.321         0.301 / 0.850         0.578 / 40.174        0.578 / 40.174      ms
[1000.268s][info][gc,stats    ]    Subphase: Concurrent Roots CodeCache                    0.000 / 0.000         0.000 / 0.000         0.000 / 0.000         0.000 / 0.000       ms
[1000.268s][info][gc,stats    ]    Subphase: Concurrent Roots JavaThreads                  1.567 / 1.567         5.212 / 441.054       5.974 / 441.054       5.974 / 441.054     ms
[1000.268s][info][gc,stats    ]    Subphase: Concurrent Roots OopStorageSet                0.075 / 0.075         1.285 / 136.487       1.062 / 136.487       1.062 / 136.487     ms
[1000.268s][info][gc,stats    ]    Subphase: Concurrent Weak Roots OopStorageSet           2.513 / 2.513         1.924 / 5.434         1.807 / 11.047        1.807 / 11.047      ms
[1000.268s][info][gc,stats    ]    Subphase: Pause Mark Try Complete                       0.001 / 0.001         0.001 / 0.001         0.001 / 0.003         0.001 / 0.003       ms
[1000.268s][info][gc,stats    ]      System: Java Threads                                     83 / 83               81 / 83               77 / 83               77 / 83          threads
[1000.268s][info][gc,stats    ] =========================================================================================================================================================
[1001.168s][info][gc,start    ] GC(166) Garbage Collection (Allocation Rate)
[1001.168s][info][gc,task     ] GC(166) Using 1 workers
[1001.168s][info][gc,phases   ] GC(166) Pause Mark Start 0.009ms
[1001.753s][info][gc,phases   ] GC(166) Concurrent Mark 584.012ms
[1001.753s][info][gc,phases   ] GC(166) Pause Mark End 0.009ms
[1001.753s][info][gc,phases   ] GC(166) Concurrent Mark Free 0.000ms
[1001.767s][info][gc,phases   ] GC(166) Concurrent Process Non-Strong References 14.261ms
[1001.767s][info][gc,phases   ] GC(166) Concurrent Reset Relocation Set 0.102ms
[1001.772s][info][gc,phases   ] GC(166) Concurrent Select Relocation Set 4.778ms
[1001.772s][info][gc,phases   ] GC(166) Pause Relocate Start 0.006ms
[1001.827s][info][gc,phases   ] GC(166) Concurrent Relocate 54.602ms
[1001.827s][info][gc,load     ] GC(166) Load: 0.00/0.00/0.00
[1001.827s][info][gc,mmu      ] GC(166) MMU: 2ms/0.0%, 5ms/0.0%, 10ms/27.5%, 20ms/63.8%, 50ms/85.5%, 100ms/92.8%
[1001.827s][info][gc,marking  ] GC(166) Mark: 1 stripe(s), 2 proactive flush(es), 1 terminate flush(es), 0 completion(s), 0 continuation(s) 
[1001.827s][info][gc,marking  ] GC(166) Mark Stack Usage: 32M
[1001.827s][info][gc,nmethod  ] GC(166) NMethods: 10418 registered, 379 unregistered
[1001.827s][info][gc,metaspace] GC(166) Metaspace: 131M used, 133M committed, 1152M reserved
[1001.827s][info][gc,ref      ] GC(166) Soft: 6083 encountered, 0 discovered, 0 enqueued
[1001.827s][info][gc,ref      ] GC(166) Weak: 23298 encountered, 927 discovered, 3 enqueued
[1001.827s][info][gc,ref      ] GC(166) Final: 34 encountered, 0 discovered, 0 enqueued
[1001.827s][info][gc,ref      ] GC(166) Phantom: 948 encountered, 713 discovered, 0 enqueued
[1001.827s][info][gc,reloc    ] GC(166) Small Pages: 3446 / 6892M, Empty: 2162M, Relocated: 80M, In-Place: 0
[1001.827s][info][gc,reloc    ] GC(166) Medium Pages: 2 / 64M, Empty: 0M, Relocated: 0M, In-Place: 0
[1001.827s][info][gc,reloc    ] GC(166) Large Pages: 0 / 0M, Empty: 0M, Relocated: 0M, In-Place: 0
[1001.827s][info][gc,reloc    ] GC(166) Forwarding Usage: 26M
[1001.827s][info][gc,heap     ] GC(166) Min Capacity: 8192M(100%)
[1001.827s][info][gc,heap     ] GC(166) Max Capacity: 8192M(100%)
[1001.827s][info][gc,heap     ] GC(166) Soft Max Capacity: 8192M(100%)
[1001.827s][info][gc,heap     ] GC(166)                Mark Start          Mark End        Relocate Start      Relocate End           High               Low         
[1001.827s][info][gc,heap     ] GC(166)  Capacity:     8192M (100%)       8192M (100%)       8192M (100%)       8192M (100%)       8192M (100%)       8192M (100%)   
[1001.827s][info][gc,heap     ] GC(166)      Free:     1236M (15%)         792M (10%)        2946M (36%)        7064M (86%)        7064M (86%)         788M (10%)    
[1001.827s][info][gc,heap     ] GC(166)      Used:     6956M (85%)        7400M (90%)        5246M (64%)        1128M (14%)        7404M (90%)        1128M (14%)    
[1001.827s][info][gc,heap     ] GC(166)      Live:         -               568M (7%)          568M (7%)          568M (7%)             -                  -          
[1001.827s][info][gc,heap     ] GC(166) Allocated:         -               444M (5%)          452M (6%)          480M (6%)             -                  -          
[1001.827s][info][gc,heap     ] GC(166)   Garbage:         -              6387M (78%)        4225M (52%)          79M (1%)             -                  -          
[1001.827s][info][gc,heap     ] GC(166) Reclaimed:         -                  -              2162M (26%)        6308M (77%)            -                  -          
[1001.827s][info][gc          ] GC(166) Garbage Collection (Allocation Rate) 6956M(85%)->1128M(14%)
[1008.768s][info][gc,start    ] GC(167) Garbage Collection (Allocation Rate)
[1008.768s][info][gc,task     ] GC(167) Using 2 workers
[1008.768s][info][gc,phases   ] GC(167) Pause Mark Start 0.004ms
[1009.092s][info][gc,phases   ] GC(167) Concurrent Mark 323.848ms
[1009.092s][info][gc,phases   ] GC(167) Pause Mark End 0.012ms
[1009.092s][info][gc,phases   ] GC(167) Concurrent Mark Free 0.000ms
[1009.102s][info][gc,phases   ] GC(167) Concurrent Process Non-Strong References 9.696ms
[1009.102s][info][gc,phases   ] GC(167) Concurrent Reset Relocation Set 0.181ms
[1009.121s][info][gc,phases   ] GC(167) Concurrent Select Relocation Set 19.349ms
[1009.121s][info][gc,phases   ] GC(167) Pause Relocate Start 0.006ms
[1009.172s][info][gc,phases   ] GC(167) Concurrent Relocate 50.826ms
[1009.172s][info][gc,load     ] GC(167) Load: 0.00/0.00/0.00
[1009.172s][info][gc,mmu      ] GC(167) MMU: 2ms/0.0%, 5ms/0.0%, 10ms/27.5%, 20ms/63.8%, 50ms/85.5%, 100ms/92.8%
[1009.172s][info][gc,marking  ] GC(167) Mark: 2 stripe(s), 2 proactive flush(es), 1 terminate flush(es), 0 completion(s), 0 continuation(s) 
[1009.172s][info][gc,marking  ] GC(167) Mark Stack Usage: 32M
[1009.172s][info][gc,nmethod  ] GC(167) NMethods: 10438 registered, 388 unregistered
[1009.172s][info][gc,metaspace] GC(167) Metaspace: 131M used, 133M committed, 1152M reserved
[1009.172s][info][gc,ref      ] GC(167) Soft: 6083 encountered, 0 discovered, 0 enqueued
[1009.172s][info][gc,ref      ] GC(167) Weak: 23298 encountered, 13137 discovered, 1 enqueued
[1009.172s][info][gc,ref      ] GC(167) Final: 34 encountered, 0 discovered, 0 enqueued
[1009.172s][info][gc,ref      ] GC(167) Phantom: 951 encountered, 834 discovered, 0 enqueued
[1009.172s][info][gc,reloc    ] GC(167) Small Pages: 3437 / 6874M, Empty: 1752M, Relocated: 104M, In-Place: 0
[1009.172s][info][gc,reloc    ] GC(167) Medium Pages: 2 / 64M, Empty: 0M, Relocated: 0M, In-Place: 0
[1009.172s][info][gc,reloc    ] GC(167) Large Pages: 0 / 0M, Empty: 0M, Relocated: 0M, In-Place: 0
[1009.172s][info][gc,reloc    ] GC(167) Forwarding Usage: 29M
[1009.172s][info][gc,heap     ] GC(167) Min Capacity: 8192M(100%)
[1009.172s][info][gc,heap     ] GC(167) Max Capacity: 8192M(100%)
[1009.172s][info][gc,heap     ] GC(167) Soft Max Capacity: 8192M(100%)
[1009.172s][info][gc,heap     ] GC(167)                Mark Start          Mark End        Relocate Start      Relocate End           High               Low         
[1009.172s][info][gc,heap     ] GC(167)  Capacity:     8192M (100%)       8192M (100%)       8192M (100%)       8192M (100%)       8192M (100%)       8192M (100%)   
[1009.172s][info][gc,heap     ] GC(167)      Free:     1254M (15%)         962M (12%)        2678M (33%)        7138M (87%)        7138M (87%)         952M (12%)    
[1009.172s][info][gc,heap     ] GC(167)      Used:     6938M (85%)        7230M (88%)        5514M (67%)        1054M (13%)        7240M (88%)        1054M (13%)    
[1009.172s][info][gc,heap     ] GC(167)      Live:         -               595M (7%)          595M (7%)          595M (7%)             -                  -          
[1009.172s][info][gc,heap     ] GC(167) Allocated:         -               292M (4%)          328M (4%)          376M (5%)             -                  -          
[1009.172s][info][gc,heap     ] GC(167)   Garbage:         -              6342M (77%)        4590M (56%)          82M (1%)             -                  -          
[1009.172s][info][gc,heap     ] GC(167) Reclaimed:         -                  -              1752M (21%)        6260M (76%)            -                  -          
[1009.172s][info][gc          ] GC(167) Garbage Collection (Allocation Rate) 6938M(85%)->1054M(13%)
[1010.268s][info][gc,stats    ] === Garbage Collection Statistics =======================================================================================================================
[1010.268s][info][gc,stats    ]                                                              Last 10s              Last 10m              Last 10h                Total
[1010.268s][info][gc,stats    ]                                                              Avg / Max             Avg / Max             Avg / Max             Avg / Max
[1010.268s][info][gc,stats    ]   Collector: Garbage Collection Cycle                    531.559 / 658.546     686.879 / 3364.768   1039.907 / 7809.708   1039.907 / 7809.708    ms
[1010.268s][info][gc,stats    ]  Contention: Mark Segment Reset Contention                     0 / 0                 0 / 9                 0 / 9                 0 / 9           ops/s
[1010.268s][info][gc,stats    ]  Contention: Mark SeqNum Reset Contention                      0 / 0                 0 / 1                 0 / 1                 0 / 1           ops/s
[1010.268s][info][gc,stats    ]    Critical: Allocation Stall                                  0 / 0                 0 / 0                 0 / 0                 0 / 0           ops/s
[1010.268s][info][gc,stats    ]    Critical: Allocation Stall                              0.000 / 0.000         0.000 / 0.000         0.000 / 0.000         0.000 / 0.000       ms
[1010.268s][info][gc,stats    ]    Critical: GC Locker Stall                                   0 / 0                 0 / 2                 0 / 2                 0 / 2           ops/s
[1010.268s][info][gc,stats    ]    Critical: GC Locker Stall                               0.000 / 0.000         0.048 / 0.268         0.051 / 0.268         0.051 / 0.268       ms
[1010.268s][info][gc,stats    ]    Critical: Relocation Stall                                  0 / 0                 0 / 0                 0 / 0                 0 / 0           ops/s
[1010.268s][info][gc,stats    ]    Critical: Relocation Stall                              0.000 / 0.000         0.000 / 0.000         0.000 / 0.000         0.000 / 0.000       ms
[1010.268s][info][gc,stats    ]      Memory: Allocation Rate                                 880 / 1180            826 / 1548            733 / 1548            733 / 1548        MB/s
[1010.268s][info][gc,stats    ]      Memory: Defragment                                        0 / 0                 0 / 0                 0 / 0                 0 / 0           ops/s
[1010.268s][info][gc,stats    ]      Memory: Out Of Memory                                     0 / 0                 0 / 0                 0 / 0                 0 / 0           ops/s
[1010.268s][info][gc,stats    ]      Memory: Page Cache Flush                                  0 / 0                 0 / 0                 0 / 0                 0 / 0           MB/s
[1010.268s][info][gc,stats    ]      Memory: Page Cache Hit L1                               449 / 643             420 / 811             370 / 811             370 / 811         ops/s
[1010.268s][info][gc,stats    ]      Memory: Page Cache Hit L2                                 0 / 0                 0 / 0                 0 / 0                 0 / 0           ops/s
[1010.268s][info][gc,stats    ]      Memory: Page Cache Hit L3                                 0 / 0                 0 / 0                 3 / 397               3 / 397         ops/s
[1010.268s][info][gc,stats    ]      Memory: Page Cache Miss                                   0 / 0                 0 / 0                 0 / 1                 0 / 1           ops/s
[1010.268s][info][gc,stats    ]      Memory: Uncommit                                          0 / 0                 0 / 0                 0 / 0                 0 / 0           MB/s
[1010.268s][info][gc,stats    ]      Memory: Undo Object Allocation Failed                     0 / 0                 0 / 0                 0 / 0                 0 / 0           ops/s
[1010.268s][info][gc,stats    ]      Memory: Undo Object Allocation Succeeded                  0 / 6                 1 / 367               2 / 400               2 / 400         ops/s
[1010.268s][info][gc,stats    ]      Memory: Undo Page Allocation                              0 / 0                 0 / 1                 0 / 1                 0 / 1           ops/s
[1010.268s][info][gc,stats    ]       Phase: Concurrent Mark                             453.930 / 584.012     589.048 / 3184.091    798.821 / 5264.294    798.821 / 5264.294    ms
[1010.268s][info][gc,stats    ]       Phase: Concurrent Mark Continue                      0.000 / 0.000         0.000 / 0.000         0.000 / 0.000         0.000 / 0.000       ms
[1010.268s][info][gc,stats    ]       Phase: Concurrent Mark Free                          0.000 / 0.000         0.000 / 0.001         0.001 / 0.003         0.001 / 0.003       ms
[1010.268s][info][gc,stats    ]       Phase: Concurrent Process Non-Strong References     11.978 / 14.261       14.533 / 29.474       29.178 / 1493.667     29.178 / 1493.667    ms
[1010.268s][info][gc,stats    ]       Phase: Concurrent Relocate                          52.714 / 54.602       69.570 / 150.321      57.158 / 150.389      57.158 / 150.389     ms
[1010.268s][info][gc,stats    ]       Phase: Concurrent Reset Relocation Set               0.141 / 0.181         0.175 / 0.396         0.143 / 0.465         0.143 / 0.465       ms
[1010.268s][info][gc,stats    ]       Phase: Concurrent Select Relocation Set             12.064 / 19.349       12.725 / 38.181      147.964 / 2796.200    147.964 / 2796.200    ms
[1010.268s][info][gc,stats    ]       Phase: Pause Mark End                                0.010 / 0.012         0.013 / 0.209         0.055 / 4.475         0.055 / 4.475       ms
[1010.268s][info][gc,stats    ]       Phase: Pause Mark Start                              0.006 / 0.009         0.005 / 0.015         0.051 / 7.250         0.051 / 7.250       ms
[1010.268s][info][gc,stats    ]       Phase: Pause Relocate Start                          0.006 / 0.006         0.013 / 0.296         0.024 / 1.046         0.024 / 1.046       ms
[1010.268s][info][gc,stats    ]    Subphase: Concurrent Classes Purge                      0.307 / 0.611         0.453 / 2.052         0.569 / 5.775         0.569 / 5.775       ms
[1010.268s][info][gc,stats    ]    Subphase: Concurrent Classes Unlink                     9.071 / 11.450       11.013 / 20.599       22.083 / 1489.339     22.083 / 1489.339    ms
[1010.268s][info][gc,stats    ]    Subphase: Concurrent Mark                             408.887 / 582.049     521.769 / 2605.964    750.877 / 5176.991    750.877 / 5176.991    ms
[1010.268s][info][gc,stats    ]    Subphase: Concurrent Mark Try Flush                     0.053 / 0.072         3.174 / 786.951       2.801 / 786.951       2.801 / 786.951     ms
[1010.268s][info][gc,stats    ]    Subphase: Concurrent Mark Try Terminate                 0.249 / 1.182         0.237 / 1.588         0.994 / 12.169        0.994 / 12.169      ms
[1010.268s][info][gc,stats    ]    Subphase: Concurrent References Enqueue                 0.001 / 0.002         0.002 / 0.004         0.002 / 0.006         0.002 / 0.006       ms
[1010.268s][info][gc,stats    ]    Subphase: Concurrent References Process                 0.560 / 0.881         0.570 / 2.996         0.565 / 2.996         0.565 / 2.996       ms
[1010.268s][info][gc,stats    ]    Subphase: Concurrent Roots ClassLoaderDataGraph         0.241 / 0.339         0.303 / 0.850         0.574 / 40.174        0.574 / 40.174      ms
[1010.268s][info][gc,stats    ]    Subphase: Concurrent Roots CodeCache                    0.000 / 0.000         0.000 / 0.000         0.000 / 0.000         0.000 / 0.000       ms
[1010.268s][info][gc,stats    ]    Subphase: Concurrent Roots JavaThreads                  1.017 / 1.404         5.338 / 441.054       5.919 / 441.054       5.919 / 441.054     ms
[1010.268s][info][gc,stats    ]    Subphase: Concurrent Roots OopStorageSet                0.065 / 0.083         1.325 / 136.487       1.051 / 136.487       1.051 / 136.487     ms
[1010.268s][info][gc,stats    ]    Subphase: Concurrent Weak Roots OopStorageSet           1.594 / 2.324         1.934 / 5.434         1.805 / 11.047        1.805 / 11.047      ms
[1010.268s][info][gc,stats    ]    Subphase: Pause Mark Try Complete                       0.000 / 0.000         0.001 / 0.001         0.001 / 0.003         0.001 / 0.003       ms
[1010.268s][info][gc,stats    ]      System: Java Threads                                     83 / 83               81 / 83               77 / 83               77 / 83          threads
[1010.268s][info][gc,stats    ] =========================================================================================================================================================
[1013.268s][info][gc,start    ] GC(168) Garbage Collection (Allocation Rate)
[1013.268s][info][gc,task     ] GC(168) Using 1 workers
[1013.268s][info][gc,phases   ] GC(168) Pause Mark Start 0.004ms
[1013.960s][info][gc,phases   ] GC(168) Concurrent Mark 691.716ms
[1013.960s][info][gc,phases   ] GC(168) Pause Mark End 0.013ms
[1013.960s][info][gc,phases   ] GC(168) Concurrent Mark Free 0.001ms
[1013.976s][info][gc,phases   ] GC(168) Concurrent Process Non-Strong References 16.280ms
[1013.976s][info][gc,phases   ] GC(168) Concurrent Reset Relocation Set 0.167ms
[1013.998s][info][gc,phases   ] GC(168) Concurrent Select Relocation Set 22.043ms
[1013.998s][info][gc,phases   ] GC(168) Pause Relocate Start 0.005ms
[1014.115s][info][gc,phases   ] GC(168) Concurrent Relocate 116.139ms
[1014.115s][info][gc,load     ] GC(168) Load: 0.00/0.00/0.00
[1014.115s][info][gc,mmu      ] GC(168) MMU: 2ms/0.0%, 5ms/0.0%, 10ms/27.5%, 20ms/63.8%, 50ms/85.5%, 100ms/92.8%
[1014.115s][info][gc,marking  ] GC(168) Mark: 1 stripe(s), 2 proactive flush(es), 1 terminate flush(es), 0 completion(s), 0 continuation(s) 
[1014.115s][info][gc,marking  ] GC(168) Mark Stack Usage: 32M
[1014.115s][info][gc,nmethod  ] GC(168) NMethods: 10443 registered, 394 unregistered
[1014.115s][info][gc,metaspace] GC(168) Metaspace: 131M used, 133M committed, 1152M reserved
[1014.115s][info][gc,ref      ] GC(168) Soft: 6083 encountered, 0 discovered, 0 enqueued
[1014.115s][info][gc,ref      ] GC(168) Weak: 23297 encountered, 929 discovered, 0 enqueued
[1014.115s][info][gc,ref      ] GC(168) Final: 34 encountered, 0 discovered, 0 enqueued
[1014.115s][info][gc,ref      ] GC(168) Phantom: 951 encountered, 715 discovered, 0 enqueued
[1014.115s][info][gc,reloc    ] GC(168) Small Pages: 3019 / 6038M, Empty: 1820M, Relocated: 178M, In-Place: 0
[1014.115s][info][gc,reloc    ] GC(168) Medium Pages: 2 / 64M, Empty: 0M, Relocated: 0M, In-Place: 0
[1014.115s][info][gc,reloc    ] GC(168) Large Pages: 0 / 0M, Empty: 0M, Relocated: 0M, In-Place: 0
[1014.115s][info][gc,reloc    ] GC(168) Forwarding Usage: 52M
[1014.115s][info][gc,heap     ] GC(168) Min Capacity: 8192M(100%)
[1014.115s][info][gc,heap     ] GC(168) Max Capacity: 8192M(100%)
[1014.115s][info][gc,heap     ] GC(168) Soft Max Capacity: 8192M(100%)
[1014.115s][info][gc,heap     ] GC(168)                Mark Start          Mark End        Relocate Start      Relocate End           High               Low         
[1014.115s][info][gc,heap     ] GC(168)  Capacity:     8192M (100%)       8192M (100%)       8192M (100%)       8192M (100%)       8192M (100%)       8192M (100%)   
[1014.115s][info][gc,heap     ] GC(168)      Free:     2090M (26%)        1622M (20%)        3426M (42%)        6854M (84%)        6854M (84%)        1614M (20%)    
[1014.115s][info][gc,heap     ] GC(168)      Used:     6102M (74%)        6570M (80%)        4766M (58%)        1338M (16%)        6578M (80%)        1338M (16%)    
[1014.115s][info][gc,heap     ] GC(168)      Live:         -               669M (8%)          669M (8%)          669M (8%)             -                  -          
[1014.115s][info][gc,heap     ] GC(168) Allocated:         -               468M (6%)          484M (6%)          587M (7%)             -                  -          
[1014.115s][info][gc,heap     ] GC(168)   Garbage:         -              5432M (66%)        3612M (44%)          80M (1%)             -                  -          
[1014.115s][info][gc,heap     ] GC(168) Reclaimed:         -                  -              1820M (22%)        5351M (65%)            -                  -          
[1014.115s][info][gc          ] GC(168) Garbage Collection (Allocation Rate) 6102M(74%)->1338M(16%)
[1020.267s][info][gc,stats    ] === Garbage Collection Statistics =======================================================================================================================
[1020.267s][info][gc,stats    ]                                                              Last 10s              Last 10m              Last 10h                Total
[1020.267s][info][gc,stats    ]                                                              Avg / Max             Avg / Max             Avg / Max             Avg / Max
[1020.267s][info][gc,stats    ]   Collector: Garbage Collection Cycle                    846.931 / 846.931     692.178 / 3364.768   1038.765 / 7809.708   1038.765 / 7809.708    ms
[1020.267s][info][gc,stats    ]  Contention: Mark Segment Reset Contention                     0 / 0                 0 / 7                 0 / 9                 0 / 9           ops/s
[1020.267s][info][gc,stats    ]  Contention: Mark SeqNum Reset Contention                      0 / 0                 0 / 1                 0 / 1                 0 / 1           ops/s
[1020.267s][info][gc,stats    ]    Critical: Allocation Stall                                  0 / 0                 0 / 0                 0 / 0                 0 / 0           ops/s
[1020.267s][info][gc,stats    ]    Critical: Allocation Stall                              0.000 / 0.000         0.000 / 0.000         0.000 / 0.000         0.000 / 0.000       ms
[1020.267s][info][gc,stats    ]    Critical: GC Locker Stall                                   0 / 0                 0 / 2                 0 / 2                 0 / 2           ops/s
[1020.267s][info][gc,stats    ]    Critical: GC Locker Stall                               0.000 / 0.000         0.050 / 0.268         0.051 / 0.268         0.051 / 0.268       ms
[1020.267s][info][gc,stats    ]    Critical: Relocation Stall                                  0 / 0                 0 / 0                 0 / 0                 0 / 0           ops/s
[1020.267s][info][gc,stats    ]    Critical: Relocation Stall                              0.000 / 0.000         0.000 / 0.000         0.000 / 0.000         0.000 / 0.000       ms
[1020.267s][info][gc,stats    ]      Memory: Allocation Rate                                 797 / 1468            825 / 1548            734 / 1548            734 / 1548        MB/s
[1020.267s][info][gc,stats    ]      Memory: Defragment                                        0 / 0                 0 / 0                 0 / 0                 0 / 0           ops/s
[1020.267s][info][gc,stats    ]      Memory: Out Of Memory                                     0 / 0                 0 / 0                 0 / 0                 0 / 0           ops/s
[1020.267s][info][gc,stats    ]      Memory: Page Cache Flush                                  0 / 0                 0 / 0                 0 / 0                 0 / 0           MB/s
[1020.267s][info][gc,stats    ]      Memory: Page Cache Hit L1                               407 / 734             419 / 811             370 / 811             370 / 811         ops/s
[1020.267s][info][gc,stats    ]      Memory: Page Cache Hit L2                                 0 / 0                 0 / 0                 0 / 0                 0 / 0           ops/s
[1020.267s][info][gc,stats    ]      Memory: Page Cache Hit L3                                 0 / 0                 0 / 0                 3 / 397               3 / 397         ops/s
[1020.267s][info][gc,stats    ]      Memory: Page Cache Miss                                   0 / 0                 0 / 0                 0 / 1                 0 / 1           ops/s
[1020.267s][info][gc,stats    ]      Memory: Uncommit                                          0 / 0                 0 / 0                 0 / 0                 0 / 0           MB/s
[1020.268s][info][gc,stats    ]      Memory: Undo Object Allocation Failed                     0 / 0                 0 / 0                 0 / 0                 0 / 0           ops/s
[1020.268s][info][gc,stats    ]      Memory: Undo Object Allocation Succeeded                  3 / 39                1 / 367               2 / 400               2 / 400         ops/s
[1020.268s][info][gc,stats    ]      Memory: Undo Page Allocation                              0 / 0                 0 / 1                 0 / 1                 0 / 1           ops/s
[1020.268s][info][gc,stats    ]       Phase: Concurrent Mark                             691.716 / 691.716     593.435 / 3184.091    798.187 / 5264.294    798.187 / 5264.294    ms
[1020.268s][info][gc,stats    ]       Phase: Concurrent Mark Continue                      0.000 / 0.000         0.000 / 0.000         0.000 / 0.000         0.000 / 0.000       ms
[1020.268s][info][gc,stats    ]       Phase: Concurrent Mark Free                          0.001 / 0.001         0.000 / 0.001         0.001 / 0.003         0.001 / 0.003       ms
[1020.268s][info][gc,stats    ]       Phase: Concurrent Process Non-Strong References     16.280 / 16.280       14.678 / 29.474       29.102 / 1493.667     29.102 / 1493.667    ms
[1020.268s][info][gc,stats    ]       Phase: Concurrent Relocate                         116.139 / 116.139      70.373 / 150.321      57.507 / 150.389      57.507 / 150.389     ms
[1020.268s][info][gc,stats    ]       Phase: Concurrent Reset Relocation Set               0.167 / 0.167         0.177 / 0.396         0.143 / 0.465         0.143 / 0.465       ms
[1020.268s][info][gc,stats    ]       Phase: Concurrent Select Relocation Set             22.043 / 22.043       12.687 / 38.181      147.219 / 2796.200    147.219 / 2796.200    ms
[1020.268s][info][gc,stats    ]       Phase: Pause Mark End                                0.013 / 0.013         0.013 / 0.209         0.055 / 4.475         0.055 / 4.475       ms
[1020.268s][info][gc,stats    ]       Phase: Pause Mark Start                              0.004 / 0.004         0.005 / 0.015         0.051 / 7.250         0.051 / 7.250       ms
[1020.268s][info][gc,stats    ]       Phase: Pause Relocate Start                          0.005 / 0.005         0.013 / 0.296         0.024 / 1.046         0.024 / 1.046       ms
[1020.268s][info][gc,stats    ]    Subphase: Concurrent Classes Purge                      0.258 / 0.258         0.442 / 2.052         0.567 / 5.775         0.567 / 5.775       ms
[1020.268s][info][gc,stats    ]    Subphase: Concurrent Classes Unlink                    12.776 / 12.776       11.137 / 20.599       22.029 / 1489.339     22.029 / 1489.339    ms
[1020.268s][info][gc,stats    ]    Subphase: Concurrent Mark                             689.810 / 689.810     525.625 / 2605.964    750.654 / 5176.991    750.654 / 5176.991    ms
[1020.268s][info][gc,stats    ]    Subphase: Concurrent Mark Try Flush                     0.053 / 0.086         3.210 / 786.951       2.786 / 786.951       2.786 / 786.951     ms
[1020.268s][info][gc,stats    ]    Subphase: Concurrent Mark Try Terminate                 0.009 / 0.018         0.229 / 1.588         0.994 / 12.169        0.994 / 12.169      ms
[1020.268s][info][gc,stats    ]    Subphase: Concurrent References Enqueue                 0.001 / 0.001         0.002 / 0.004         0.002 / 0.006         0.002 / 0.006       ms
[1020.268s][info][gc,stats    ]    Subphase: Concurrent References Process                 0.189 / 0.189         0.573 / 2.996         0.563 / 2.996         0.563 / 2.996       ms
[1020.268s][info][gc,stats    ]    Subphase: Concurrent Roots ClassLoaderDataGraph         0.305 / 0.305         0.305 / 0.850         0.573 / 40.174        0.573 / 40.174      ms
[1020.268s][info][gc,stats    ]    Subphase: Concurrent Roots CodeCache                    0.000 / 0.000         0.000 / 0.000         0.000 / 0.000         0.000 / 0.000       ms
[1020.268s][info][gc,stats    ]    Subphase: Concurrent Roots JavaThreads                  1.412 / 1.412         5.438 / 441.054       5.903 / 441.054       5.903 / 441.054     ms
[1020.268s][info][gc,stats    ]    Subphase: Concurrent Roots OopStorageSet                0.074 / 0.074         1.359 / 136.487       1.047 / 136.487       1.047 / 136.487     ms
[1020.268s][info][gc,stats    ]    Subphase: Concurrent Weak Roots OopStorageSet           2.782 / 2.782         1.966 / 5.434         1.808 / 11.047        1.808 / 11.047      ms
[1020.268s][info][gc,stats    ]    Subphase: Pause Mark Try Complete                       0.000 / 0.000         0.001 / 0.001         0.001 / 0.003         0.001 / 0.003       ms
[1020.268s][info][gc,stats    ]      System: Java Threads                                     83 / 83               81 / 83               77 / 83               77 / 83          threads
[1020.268s][info][gc,stats    ] =========================================================================================================================================================
[1022.968s][info][gc,start    ] GC(169) Garbage Collection (Allocation Rate)
[1022.968s][info][gc,task     ] GC(169) Using 1 workers
[1022.968s][info][gc,phases   ] GC(169) Pause Mark Start 0.005ms
[1023.549s][info][gc,phases   ] GC(169) Concurrent Mark 580.942ms
[1023.549s][info][gc,phases   ] GC(169) Pause Mark End 0.009ms
[1023.549s][info][gc,phases   ] GC(169) Concurrent Mark Free 0.001ms
[1023.566s][info][gc,phases   ] GC(169) Concurrent Process Non-Strong References 16.712ms
[1023.566s][info][gc,phases   ] GC(169) Concurrent Reset Relocation Set 0.159ms
[1023.573s][info][gc,phases   ] GC(169) Concurrent Select Relocation Set 6.656ms
[1023.573s][info][gc,phases   ] GC(169) Pause Relocate Start 0.008ms
[1023.641s][info][gc,phases   ] GC(169) Concurrent Relocate 67.408ms
[1023.641s][info][gc,load     ] GC(169) Load: 0.00/0.00/0.00
[1023.641s][info][gc,mmu      ] GC(169) MMU: 2ms/0.0%, 5ms/0.0%, 10ms/27.5%, 20ms/63.8%, 50ms/85.5%, 100ms/92.8%
[1023.641s][info][gc,marking  ] GC(169) Mark: 1 stripe(s), 2 proactive flush(es), 1 terminate flush(es), 0 completion(s), 0 continuation(s) 
[1023.641s][info][gc,marking  ] GC(169) Mark Stack Usage: 32M
[1023.641s][info][gc,nmethod  ] GC(169) NMethods: 10445 registered, 397 unregistered
[1023.641s][info][gc,metaspace] GC(169) Metaspace: 131M used, 133M committed, 1152M reserved
[1023.641s][info][gc,ref      ] GC(169) Soft: 6083 encountered, 0 discovered, 0 enqueued
[1023.641s][info][gc,ref      ] GC(169) Weak: 23301 encountered, 12472 discovered, 4 enqueued
[1023.641s][info][gc,ref      ] GC(169) Final: 34 encountered, 0 discovered, 0 enqueued
[1023.641s][info][gc,ref      ] GC(169) Phantom: 954 encountered, 636 discovered, 0 enqueued
[1023.641s][info][gc,reloc    ] GC(169) Small Pages: 3495 / 6990M, Empty: 2012M, Relocated: 82M, In-Place: 0
[1023.641s][info][gc,reloc    ] GC(169) Medium Pages: 3 / 96M, Empty: 0M, Relocated: 5M, In-Place: 0
[1023.641s][info][gc,reloc    ] GC(169) Large Pages: 0 / 0M, Empty: 0M, Relocated: 0M, In-Place: 0
[1023.641s][info][gc,reloc    ] GC(169) Forwarding Usage: 26M
[1023.641s][info][gc,heap     ] GC(169) Min Capacity: 8192M(100%)
[1023.641s][info][gc,heap     ] GC(169) Max Capacity: 8192M(100%)
[1023.641s][info][gc,heap     ] GC(169) Soft Max Capacity: 8192M(100%)
[1023.641s][info][gc,heap     ] GC(169)                Mark Start          Mark End        Relocate Start      Relocate End           High               Low         
[1023.641s][info][gc,heap     ] GC(169)  Capacity:     8192M (100%)       8192M (100%)       8192M (100%)       8192M (100%)       8192M (100%)       8192M (100%)   
[1023.641s][info][gc,heap     ] GC(169)      Free:     1106M (14%)         634M (8%)         2636M (32%)        7032M (86%)        7032M (86%)         626M (8%)     
[1023.641s][info][gc,heap     ] GC(169)      Used:     7086M (86%)        7558M (92%)        5556M (68%)        1160M (14%)        7566M (92%)        1160M (14%)    
[1023.641s][info][gc,heap     ] GC(169)      Live:         -               569M (7%)          569M (7%)          569M (7%)             -                  -          
[1023.641s][info][gc,heap     ] GC(169) Allocated:         -               472M (6%)          482M (6%)          514M (6%)             -                  -          
[1023.641s][info][gc,heap     ] GC(169)   Garbage:         -              6516M (80%)        4504M (55%)          76M (1%)             -                  -          
[1023.641s][info][gc,heap     ] GC(169) Reclaimed:         -                  -              2012M (25%)        6440M (79%)            -                  -          
[1023.641s][info][gc          ] GC(169) Garbage Collection (Allocation Rate) 7086M(86%)->1160M(14%)
[1030.267s][info][gc,stats    ] === Garbage Collection Statistics =======================================================================================================================
[1030.267s][info][gc,stats    ]                                                              Last 10s              Last 10m              Last 10h                Total
[1030.267s][info][gc,stats    ]                                                              Avg / Max             Avg / Max             Avg / Max             Avg / Max
[1030.267s][info][gc,stats    ]   Collector: Garbage Collection Cycle                    672.514 / 672.514     690.227 / 3364.768   1036.611 / 7809.708   1036.611 / 7809.708    ms
[1030.267s][info][gc,stats    ]  Contention: Mark Segment Reset Contention                     0 / 0                 0 / 7                 0 / 9                 0 / 9           ops/s
[1030.268s][info][gc,stats    ]  Contention: Mark SeqNum Reset Contention                      0 / 0                 0 / 1                 0 / 1                 0 / 1           ops/s
[1030.268s][info][gc,stats    ]    Critical: Allocation Stall                                  0 / 0                 0 / 0                 0 / 0                 0 / 0           ops/s
[1030.268s][info][gc,stats    ]    Critical: Allocation Stall                              0.000 / 0.000         0.000 / 0.000         0.000 / 0.000         0.000 / 0.000       ms
[1030.268s][info][gc,stats    ]    Critical: GC Locker Stall                                   0 / 0                 0 / 2                 0 / 2                 0 / 2           ops/s
[1030.268s][info][gc,stats    ]    Critical: GC Locker Stall                               0.000 / 0.000         0.050 / 0.268         0.051 / 0.268         0.051 / 0.268       ms
[1030.268s][info][gc,stats    ]    Critical: Relocation Stall                                  0 / 0                 0 / 0                 0 / 0                 0 / 0           ops/s
[1030.268s][info][gc,stats    ]    Critical: Relocation Stall                              0.000 / 0.000         0.000 / 0.000         0.000 / 0.000         0.000 / 0.000       ms
[1030.268s][info][gc,stats    ]      Memory: Allocation Rate                                 744 / 890             824 / 1548            734 / 1548            734 / 1548        MB/s
[1030.268s][info][gc,stats    ]      Memory: Defragment                                        0 / 0                 0 / 0                 0 / 0                 0 / 0           ops/s
[1030.268s][info][gc,stats    ]      Memory: Out Of Memory                                     0 / 0                 0 / 0                 0 / 0                 0 / 0           ops/s
[1030.268s][info][gc,stats    ]      Memory: Page Cache Flush                                  0 / 0                 0 / 0                 0 / 0                 0 / 0           MB/s
[1030.268s][info][gc,stats    ]      Memory: Page Cache Hit L1                               375 / 452             419 / 811             370 / 811             370 / 811         ops/s
[1030.268s][info][gc,stats    ]      Memory: Page Cache Hit L2                                 0 / 0                 0 / 0                 0 / 0                 0 / 0           ops/s
[1030.268s][info][gc,stats    ]      Memory: Page Cache Hit L3                                 0 / 0                 0 / 0                 3 / 397               3 / 397         ops/s
[1030.268s][info][gc,stats    ]      Memory: Page Cache Miss                                   0 / 0                 0 / 0                 0 / 1                 0 / 1           ops/s
[1030.268s][info][gc,stats    ]      Memory: Uncommit                                          0 / 0                 0 / 0                 0 / 0                 0 / 0           MB/s
[1030.268s][info][gc,stats    ]      Memory: Undo Object Allocation Failed                     0 / 0                 0 / 0                 0 / 0                 0 / 0           ops/s
[1030.268s][info][gc,stats    ]      Memory: Undo Object Allocation Succeeded                  0 / 0                 1 / 367               2 / 400               2 / 400         ops/s
[1030.268s][info][gc,stats    ]      Memory: Undo Page Allocation                              0 / 0                 0 / 1                 0 / 1                 0 / 1           ops/s
[1030.268s][info][gc,stats    ]       Phase: Concurrent Mark                             580.942 / 580.942     591.567 / 3184.091    796.909 / 5264.294    796.909 / 5264.294    ms
[1030.268s][info][gc,stats    ]       Phase: Concurrent Mark Continue                      0.000 / 0.000         0.000 / 0.000         0.000 / 0.000         0.000 / 0.000       ms
[1030.268s][info][gc,stats    ]       Phase: Concurrent Mark Free                          0.001 / 0.001         0.000 / 0.001         0.001 / 0.003         0.001 / 0.003       ms
[1030.268s][info][gc,stats    ]       Phase: Concurrent Process Non-Strong References     16.712 / 16.712       14.675 / 29.474       29.029 / 1493.667     29.029 / 1493.667    ms
[1030.268s][info][gc,stats    ]       Phase: Concurrent Relocate                          67.408 / 67.408       70.279 / 150.321      57.566 / 150.389      57.566 / 150.389     ms
[1030.268s][info][gc,stats    ]       Phase: Concurrent Reset Relocation Set               0.159 / 0.159         0.177 / 0.396         0.143 / 0.465         0.143 / 0.465       ms
[1030.268s][info][gc,stats    ]       Phase: Concurrent Select Relocation Set              6.656 / 6.656        12.703 / 38.181      146.392 / 2796.200    146.392 / 2796.200    ms
[1030.268s][info][gc,stats    ]       Phase: Pause Mark End                                0.009 / 0.009         0.013 / 0.209         0.055 / 4.475         0.055 / 4.475       ms
[1030.268s][info][gc,stats    ]       Phase: Pause Mark Start                              0.005 / 0.005         0.005 / 0.015         0.051 / 7.250         0.051 / 7.250       ms
[1030.268s][info][gc,stats    ]       Phase: Pause Relocate Start                          0.008 / 0.008         0.013 / 0.296         0.024 / 1.046         0.024 / 1.046       ms
[1030.268s][info][gc,stats    ]    Subphase: Concurrent Classes Purge                      0.112 / 0.112         0.421 / 2.052         0.565 / 5.775         0.565 / 5.775       ms
[1030.268s][info][gc,stats    ]    Subphase: Concurrent Classes Unlink                    12.704 / 12.704       11.145 / 20.599       21.974 / 1489.339     21.974 / 1489.339    ms
[1030.268s][info][gc,stats    ]    Subphase: Concurrent Mark                             578.902 / 578.902     524.241 / 2605.964    750.027 / 5176.991    750.027 / 5176.991    ms
[1030.268s][info][gc,stats    ]    Subphase: Concurrent Mark Try Flush                     0.033 / 0.051         3.210 / 786.951       2.770 / 786.951       2.770 / 786.951     ms
[1030.268s][info][gc,stats    ]    Subphase: Concurrent Mark Try Terminate                 0.008 / 0.016         0.229 / 1.588         0.993 / 12.169        0.993 / 12.169      ms
[1030.268s][info][gc,stats    ]    Subphase: Concurrent References Enqueue                 0.002 / 0.002         0.002 / 0.004         0.002 / 0.006         0.002 / 0.006       ms
[1030.268s][info][gc,stats    ]    Subphase: Concurrent References Process                 1.351 / 1.351         0.587 / 2.996         0.567 / 2.996         0.567 / 2.996       ms
[1030.268s][info][gc,stats    ]    Subphase: Concurrent Roots ClassLoaderDataGraph         0.323 / 0.323         0.305 / 0.850         0.572 / 40.174        0.572 / 40.174      ms
[1030.268s][info][gc,stats    ]    Subphase: Concurrent Roots CodeCache                    0.000 / 0.000         0.000 / 0.000         0.000 / 0.000         0.000 / 0.000       ms
[1030.268s][info][gc,stats    ]    Subphase: Concurrent Roots JavaThreads                  1.502 / 1.502         5.438 / 441.054       5.887 / 441.054       5.887 / 441.054     ms
[1030.268s][info][gc,stats    ]    Subphase: Concurrent Roots OopStorageSet                0.104 / 0.104         1.359 / 136.487       1.044 / 136.487       1.044 / 136.487     ms
[1030.268s][info][gc,stats    ]    Subphase: Concurrent Weak Roots OopStorageSet           2.331 / 2.331         1.965 / 5.434         1.810 / 11.047        1.810 / 11.047      ms
[1030.268s][info][gc,stats    ]    Subphase: Pause Mark Try Complete                       0.000 / 0.000         0.001 / 0.001         0.001 / 0.003         0.001 / 0.003       ms
[1030.268s][info][gc,stats    ]      System: Java Threads                                     83 / 83               81 / 83               77 / 83               77 / 83          threads
[1030.268s][info][gc,stats    ] =========================================================================================================================================================
[1031.768s][info][gc,start    ] GC(170) Garbage Collection (Allocation Rate)
[1031.768s][info][gc,task     ] GC(170) Using 2 workers
[1031.768s][info][gc,phases   ] GC(170) Pause Mark Start 0.006ms
[1032.171s][info][gc,phases   ] GC(170) Concurrent Mark 403.036ms
[1032.172s][info][gc,phases   ] GC(170) Pause Mark End 0.024ms
[1032.172s][info][gc,phases   ] GC(170) Concurrent Mark Free 0.001ms
[1032.182s][info][gc,phases   ] GC(170) Concurrent Process Non-Strong References 10.341ms
[1032.182s][info][gc,phases   ] GC(170) Concurrent Reset Relocation Set 0.173ms
[1032.189s][info][gc,phases   ] GC(170) Concurrent Select Relocation Set 6.932ms
[1032.189s][info][gc,phases   ] GC(170) Pause Relocate Start 0.011ms
[1032.243s][info][gc,phases   ] GC(170) Concurrent Relocate 53.379ms
[1032.243s][info][gc,load     ] GC(170) Load: 0.00/0.00/0.00
[1032.243s][info][gc,mmu      ] GC(170) MMU: 2ms/0.0%, 5ms/0.0%, 10ms/27.5%, 20ms/63.8%, 50ms/85.5%, 100ms/92.8%
[1032.243s][info][gc,marking  ] GC(170) Mark: 2 stripe(s), 2 proactive flush(es), 1 terminate flush(es), 0 completion(s), 0 continuation(s) 
[1032.243s][info][gc,marking  ] GC(170) Mark Stack Usage: 32M
[1032.243s][info][gc,nmethod  ] GC(170) NMethods: 10463 registered, 405 unregistered
[1032.243s][info][gc,metaspace] GC(170) Metaspace: 131M used, 133M committed, 1152M reserved
[1032.243s][info][gc,ref      ] GC(170) Soft: 6083 encountered, 0 discovered, 0 enqueued
[1032.243s][info][gc,ref      ] GC(170) Weak: 23302 encountered, 1167 discovered, 2 enqueued
[1032.243s][info][gc,ref      ] GC(170) Final: 34 encountered, 0 discovered, 0 enqueued
[1032.243s][info][gc,ref      ] GC(170) Phantom: 960 encountered, 716 discovered, 0 enqueued
[1032.243s][info][gc,reloc    ] GC(170) Small Pages: 3585 / 7170M, Empty: 2400M, Relocated: 94M, In-Place: 0
[1032.243s][info][gc,reloc    ] GC(170) Medium Pages: 2 / 64M, Empty: 0M, Relocated: 0M, In-Place: 0
[1032.243s][info][gc,reloc    ] GC(170) Large Pages: 0 / 0M, Empty: 0M, Relocated: 0M, In-Place: 0
[1032.243s][info][gc,reloc    ] GC(170) Forwarding Usage: 25M
[1032.243s][info][gc,heap     ] GC(170) Min Capacity: 8192M(100%)
[1032.243s][info][gc,heap     ] GC(170) Max Capacity: 8192M(100%)
[1032.243s][info][gc,heap     ] GC(170) Soft Max Capacity: 8192M(100%)
[1032.243s][info][gc,heap     ] GC(170)                Mark Start          Mark End        Relocate Start      Relocate End           High               Low         
[1032.243s][info][gc,heap     ] GC(170)  Capacity:     8192M (100%)       8192M (100%)       8192M (100%)       8192M (100%)       8192M (100%)       8192M (100%)   
[1032.243s][info][gc,heap     ] GC(170)      Free:      958M (12%)         518M (6%)         2910M (36%)        7046M (86%)        7046M (86%)         514M (6%)     
[1032.243s][info][gc,heap     ] GC(170)      Used:     7234M (88%)        7674M (94%)        5282M (64%)        1146M (14%)        7678M (94%)        1146M (14%)    
[1032.243s][info][gc,heap     ] GC(170)      Live:         -               582M (7%)          582M (7%)          582M (7%)             -                  -          
[1032.243s][info][gc,heap     ] GC(170) Allocated:         -               440M (5%)          448M (5%)          486M (6%)             -                  -          
[1032.243s][info][gc,heap     ] GC(170)   Garbage:         -              6651M (81%)        4251M (52%)          76M (1%)             -                  -          
[1032.243s][info][gc,heap     ] GC(170) Reclaimed:         -                  -              2400M (29%)        6574M (80%)            -                  -          
[1032.243s][info][gc          ] GC(170) Garbage Collection (Allocation Rate) 7234M(88%)->1146M(14%)
[1036.468s][info][gc,start    ] GC(171) Garbage Collection (Allocation Rate)
[1036.468s][info][gc,task     ] GC(171) Using 1 workers
[1036.468s][info][gc,phases   ] GC(171) Pause Mark Start 0.005ms
[1037.091s][info][gc,phases   ] GC(171) Concurrent Mark 622.923ms
[1037.091s][info][gc,phases   ] GC(171) Pause Mark End 0.008ms
[1037.091s][info][gc,phases   ] GC(171) Concurrent Mark Free 0.000ms
[1037.108s][info][gc,phases   ] GC(171) Concurrent Process Non-Strong References 16.066ms
[1037.108s][info][gc,phases   ] GC(171) Concurrent Reset Relocation Set 0.154ms
[1037.122s][info][gc,phases   ] GC(171) Concurrent Select Relocation Set 14.708ms
[1037.123s][info][gc,phases   ] GC(171) Pause Relocate Start 0.006ms
[1037.218s][info][gc,phases   ] GC(171) Concurrent Relocate 95.571ms
[1037.218s][info][gc,load     ] GC(171) Load: 0.00/0.00/0.00
[1037.218s][info][gc,mmu      ] GC(171) MMU: 2ms/0.0%, 5ms/0.0%, 10ms/27.5%, 20ms/63.8%, 50ms/85.5%, 100ms/92.8%
[1037.218s][info][gc,marking  ] GC(171) Mark: 1 stripe(s), 2 proactive flush(es), 1 terminate flush(es), 0 completion(s), 0 continuation(s) 
[1037.218s][info][gc,marking  ] GC(171) Mark Stack Usage: 32M
[1037.218s][info][gc,nmethod  ] GC(171) NMethods: 10470 registered, 412 unregistered
[1037.218s][info][gc,metaspace] GC(171) Metaspace: 131M used, 133M committed, 1152M reserved
[1037.218s][info][gc,ref      ] GC(171) Soft: 6083 encountered, 0 discovered, 0 enqueued
[1037.218s][info][gc,ref      ] GC(171) Weak: 23300 encountered, 12469 discovered, 0 enqueued
[1037.218s][info][gc,ref      ] GC(171) Final: 34 encountered, 0 discovered, 0 enqueued
[1037.218s][info][gc,ref      ] GC(171) Phantom: 960 encountered, 640 discovered, 0 enqueued
[1037.218s][info][gc,reloc    ] GC(171) Small Pages: 2880 / 5760M, Empty: 1722M, Relocated: 150M, In-Place: 0
[1037.218s][info][gc,reloc    ] GC(171) Medium Pages: 2 / 64M, Empty: 0M, Relocated: 0M, In-Place: 0
[1037.218s][info][gc,reloc    ] GC(171) Large Pages: 0 / 0M, Empty: 0M, Relocated: 0M, In-Place: 0
[1037.218s][info][gc,reloc    ] GC(171) Forwarding Usage: 39M
[1037.218s][info][gc,heap     ] GC(171) Min Capacity: 8192M(100%)
[1037.218s][info][gc,heap     ] GC(171) Max Capacity: 8192M(100%)
[1037.218s][info][gc,heap     ] GC(171) Soft Max Capacity: 8192M(100%)
[1037.218s][info][gc,heap     ] GC(171)                Mark Start          Mark End        Relocate Start      Relocate End           High               Low         
[1037.218s][info][gc,heap     ] GC(171)  Capacity:     8192M (100%)       8192M (100%)       8192M (100%)       8192M (100%)       8192M (100%)       8192M (100%)   
[1037.218s][info][gc,heap     ] GC(171)      Free:     2368M (29%)        1960M (24%)        3674M (45%)        7000M (85%)        7002M (85%)        1954M (24%)    
[1037.218s][info][gc,heap     ] GC(171)      Used:     5824M (71%)        6232M (76%)        4518M (55%)        1192M (15%)        6238M (76%)        1190M (15%)    
[1037.218s][info][gc,heap     ] GC(171)      Live:         -               641M (8%)          641M (8%)          641M (8%)             -                  -          
[1037.218s][info][gc,heap     ] GC(171) Allocated:         -               408M (5%)          416M (5%)          472M (6%)             -                  -          
[1037.219s][info][gc,heap     ] GC(171)   Garbage:         -              5182M (63%)        3460M (42%)          77M (1%)             -                  -          
[1037.219s][info][gc,heap     ] GC(171) Reclaimed:         -                  -              1722M (21%)        5104M (62%)            -                  -          
[1037.219s][info][gc          ] GC(171) Garbage Collection (Allocation Rate) 5824M(71%)->1192M(15%)
[1040.267s][info][gc,stats    ] === Garbage Collection Statistics =======================================================================================================================
[1040.267s][info][gc,stats    ]                                                              Last 10s              Last 10m              Last 10h                Total
[1040.267s][info][gc,stats    ]                                                              Avg / Max             Avg / Max             Avg / Max             Avg / Max
[1040.267s][info][gc,stats    ]   Collector: Garbage Collection Cycle                    612.328 / 750.058     682.092 / 3364.768   1031.677 / 7809.708   1031.677 / 7809.708    ms
[1040.268s][info][gc,stats    ]  Contention: Mark Segment Reset Contention                     0 / 0                 0 / 7                 0 / 9                 0 / 9           ops/s
[1040.268s][info][gc,stats    ]  Contention: Mark SeqNum Reset Contention                      0 / 0                 0 / 1                 0 / 1                 0 / 1           ops/s
[1040.268s][info][gc,stats    ]    Critical: Allocation Stall                                  0 / 0                 0 / 0                 0 / 0                 0 / 0           ops/s
[1040.268s][info][gc,stats    ]    Critical: Allocation Stall                              0.000 / 0.000         0.000 / 0.000         0.000 / 0.000         0.000 / 0.000       ms
[1040.268s][info][gc,stats    ]    Critical: GC Locker Stall                                   0 / 0                 0 / 2                 0 / 2                 0 / 2           ops/s
[1040.268s][info][gc,stats    ]    Critical: GC Locker Stall                               0.000 / 0.000         0.053 / 0.268         0.051 / 0.268         0.051 / 0.268       ms
[1040.268s][info][gc,stats    ]    Critical: Relocation Stall                                  0 / 0                 0 / 0                 0 / 0                 0 / 0           ops/s
[1040.268s][info][gc,stats    ]    Critical: Relocation Stall                              0.000 / 0.000         0.000 / 0.000         0.000 / 0.000         0.000 / 0.000       ms
[1040.268s][info][gc,stats    ]      Memory: Allocation Rate                                 832 / 1192            823 / 1548            735 / 1548            735 / 1548        MB/s
[1040.268s][info][gc,stats    ]      Memory: Defragment                                        0 / 0                 0 / 0                 0 / 0                 0 / 0           ops/s
[1040.268s][info][gc,stats    ]      Memory: Out Of Memory                                     0 / 0                 0 / 0                 0 / 0                 0 / 0           ops/s
[1040.268s][info][gc,stats    ]      Memory: Page Cache Flush                                  0 / 0                 0 / 0                 0 / 0                 0 / 0           MB/s
[1040.268s][info][gc,stats    ]      Memory: Page Cache Hit L1                               428 / 596             419 / 811             371 / 811             371 / 811         ops/s
[1040.268s][info][gc,stats    ]      Memory: Page Cache Hit L2                                 0 / 0                 0 / 0                 0 / 0                 0 / 0           ops/s
[1040.268s][info][gc,stats    ]      Memory: Page Cache Hit L3                                 0 / 0                 0 / 0                 3 / 397               3 / 397         ops/s
[1040.268s][info][gc,stats    ]      Memory: Page Cache Miss                                   0 / 0                 0 / 0                 0 / 1                 0 / 1           ops/s
[1040.268s][info][gc,stats    ]      Memory: Uncommit                                          0 / 0                 0 / 0                 0 / 0                 0 / 0           MB/s
[1040.268s][info][gc,stats    ]      Memory: Undo Object Allocation Failed                     0 / 0                 0 / 0                 0 / 0                 0 / 0           ops/s
[1040.268s][info][gc,stats    ]      Memory: Undo Object Allocation Succeeded                  0 / 1                 1 / 367               2 / 400               2 / 400         ops/s
[1040.268s][info][gc,stats    ]      Memory: Undo Page Allocation                              0 / 0                 0 / 1                 0 / 1                 0 / 1           ops/s
[1040.268s][info][gc,stats    ]       Phase: Concurrent Mark                             512.980 / 622.923     583.810 / 3184.091    793.608 / 5264.294    793.608 / 5264.294    ms
[1040.268s][info][gc,stats    ]       Phase: Concurrent Mark Continue                      0.000 / 0.000         0.000 / 0.000         0.000 / 0.000         0.000 / 0.000       ms
[1040.268s][info][gc,stats    ]       Phase: Concurrent Mark Free                          0.000 / 0.001         0.000 / 0.001         0.001 / 0.003         0.001 / 0.003       ms
[1040.268s][info][gc,stats    ]       Phase: Concurrent Process Non-Strong References     13.203 / 16.066       14.588 / 29.474       28.845 / 1493.667     28.845 / 1493.667    ms
[1040.268s][info][gc,stats    ]       Phase: Concurrent Relocate                          74.475 / 95.571       70.006 / 150.321      57.762 / 150.389      57.762 / 150.389     ms
[1040.268s][info][gc,stats    ]       Phase: Concurrent Reset Relocation Set               0.163 / 0.173         0.178 / 0.396         0.143 / 0.465         0.143 / 0.465       ms
[1040.268s][info][gc,stats    ]       Phase: Concurrent Select Relocation Set             10.820 / 14.708       12.679 / 38.181      144.816 / 2796.200    144.816 / 2796.200    ms
[1040.268s][info][gc,stats    ]       Phase: Pause Mark End                                0.016 / 0.024         0.014 / 0.209         0.054 / 4.475         0.054 / 4.475       ms
[1040.268s][info][gc,stats    ]       Phase: Pause Mark Start                              0.006 / 0.006         0.005 / 0.015         0.050 / 7.250         0.050 / 7.250       ms
[1040.268s][info][gc,stats    ]       Phase: Pause Relocate Start                          0.008 / 0.011         0.013 / 0.296         0.024 / 1.046         0.024 / 1.046       ms
[1040.268s][info][gc,stats    ]    Subphase: Concurrent Classes Purge                      0.395 / 0.498         0.408 / 2.052         0.563 / 5.775         0.563 / 5.775       ms
[1040.268s][info][gc,stats    ]    Subphase: Concurrent Classes Unlink                     9.719 / 11.586       11.074 / 20.599       21.831 / 1489.339     21.831 / 1489.339    ms
[1040.268s][info][gc,stats    ]    Subphase: Concurrent Mark                             474.532 / 620.992     517.493 / 2605.964    747.043 / 5176.991    747.043 / 5176.991    ms
[1040.268s][info][gc,stats    ]    Subphase: Concurrent Mark Try Flush                     0.058 / 0.115         3.211 / 786.951       2.739 / 786.951       2.739 / 786.951     ms
[1040.268s][info][gc,stats    ]    Subphase: Concurrent Mark Try Terminate                 0.219 / 1.051         0.233 / 1.588         0.991 / 12.169        0.991 / 12.169      ms
[1040.268s][info][gc,stats    ]    Subphase: Concurrent References Enqueue                 0.001 / 0.002         0.002 / 0.004         0.002 / 0.006         0.002 / 0.006       ms
[1040.268s][info][gc,stats    ]    Subphase: Concurrent References Process                 0.853 / 1.353         0.603 / 2.996         0.571 / 2.996         0.571 / 2.996       ms
[1040.268s][info][gc,stats    ]    Subphase: Concurrent Roots ClassLoaderDataGraph         0.254 / 0.367         0.303 / 0.850         0.568 / 40.174        0.568 / 40.174      ms
[1040.268s][info][gc,stats    ]    Subphase: Concurrent Roots CodeCache                    0.000 / 0.000         0.000 / 0.000         0.000 / 0.000         0.000 / 0.000       ms
[1040.268s][info][gc,stats    ]    Subphase: Concurrent Roots JavaThreads                  1.034 / 1.447         5.365 / 441.054       5.834 / 441.054       5.834 / 441.054     ms
[1040.268s][info][gc,stats    ]    Subphase: Concurrent Roots OopStorageSet                0.060 / 0.071         1.341 / 136.487       1.033 / 136.487       1.033 / 136.487     ms
[1040.268s][info][gc,stats    ]    Subphase: Concurrent Weak Roots OopStorageSet           1.841 / 2.357         1.948 / 5.434         1.811 / 11.047        1.811 / 11.047      ms
[1040.268s][info][gc,stats    ]    Subphase: Pause Mark Try Complete                       0.000 / 0.000         0.001 / 0.001         0.001 / 0.003         0.001 / 0.003       ms
[1040.268s][info][gc,stats    ]      System: Java Threads                                     83 / 83               81 / 83               77 / 83               77 / 83          threads
[1040.268s][info][gc,stats    ] =========================================================================================================================================================
[1046.768s][info][gc,start    ] GC(172) Garbage Collection (Allocation Rate)
[1046.768s][info][gc,task     ] GC(172) Using 2 workers
[1046.768s][info][gc,phases   ] GC(172) Pause Mark Start 0.004ms
[1047.084s][info][gc,phases   ] GC(172) Concurrent Mark 315.796ms
[1047.084s][info][gc,phases   ] GC(172) Pause Mark End 0.017ms
[1047.084s][info][gc,phases   ] GC(172) Concurrent Mark Free 0.001ms
[1047.093s][info][gc,phases   ] GC(172) Concurrent Process Non-Strong References 9.391ms
[1047.094s][info][gc,phases   ] GC(172) Concurrent Reset Relocation Set 0.150ms
[1047.098s][info][gc,phases   ] GC(172) Concurrent Select Relocation Set 4.671ms
[1047.099s][info][gc,phases   ] GC(172) Pause Relocate Start 0.005ms
[1047.137s][info][gc,phases   ] GC(172) Concurrent Relocate 38.600ms
[1047.137s][info][gc,load     ] GC(172) Load: 0.00/0.00/0.00
[1047.137s][info][gc,mmu      ] GC(172) MMU: 2ms/0.0%, 5ms/0.0%, 10ms/27.5%, 20ms/63.8%, 50ms/85.5%, 100ms/92.8%
[1047.137s][info][gc,marking  ] GC(172) Mark: 2 stripe(s), 2 proactive flush(es), 1 terminate flush(es), 0 completion(s), 0 continuation(s) 
[1047.137s][info][gc,marking  ] GC(172) Mark Stack Usage: 32M
[1047.137s][info][gc,nmethod  ] GC(172) NMethods: 10483 registered, 414 unregistered
[1047.137s][info][gc,metaspace] GC(172) Metaspace: 131M used, 133M committed, 1152M reserved
[1047.137s][info][gc,ref      ] GC(172) Soft: 6083 encountered, 0 discovered, 0 enqueued
[1047.137s][info][gc,ref      ] GC(172) Weak: 23304 encountered, 2670 discovered, 2 enqueued
[1047.137s][info][gc,ref      ] GC(172) Final: 34 encountered, 0 discovered, 0 enqueued
[1047.137s][info][gc,ref      ] GC(172) Phantom: 966 encountered, 764 discovered, 0 enqueued
[1047.137s][info][gc,reloc    ] GC(172) Small Pages: 3520 / 7040M, Empty: 2714M, Relocated: 83M, In-Place: 0
[1047.137s][info][gc,reloc    ] GC(172) Medium Pages: 2 / 64M, Empty: 0M, Relocated: 0M, In-Place: 0
[1047.137s][info][gc,reloc    ] GC(172) Large Pages: 0 / 0M, Empty: 0M, Relocated: 0M, In-Place: 0
[1047.137s][info][gc,reloc    ] GC(172) Forwarding Usage: 26M
[1047.137s][info][gc,heap     ] GC(172) Min Capacity: 8192M(100%)
[1047.137s][info][gc,heap     ] GC(172) Max Capacity: 8192M(100%)
[1047.137s][info][gc,heap     ] GC(172) Soft Max Capacity: 8192M(100%)
[1047.137s][info][gc,heap     ] GC(172)                Mark Start          Mark End        Relocate Start      Relocate End           High               Low         
[1047.137s][info][gc,heap     ] GC(172)  Capacity:     8192M (100%)       8192M (100%)       8192M (100%)       8192M (100%)       8192M (100%)       8192M (100%)   
[1047.137s][info][gc,heap     ] GC(172)      Free:     1088M (13%)         834M (10%)        3532M (43%)        7256M (89%)        7256M (89%)         822M (10%)    
[1047.137s][info][gc,heap     ] GC(172)      Used:     7104M (87%)        7358M (90%)        4660M (57%)         936M (11%)        7370M (90%)         936M (11%)    
[1047.137s][info][gc,heap     ] GC(172)      Live:         -               569M (7%)          569M (7%)          569M (7%)             -                  -          
[1047.137s][info][gc,heap     ] GC(172) Allocated:         -               254M (3%)          270M (3%)          288M (4%)             -                  -          
[1047.137s][info][gc,heap     ] GC(172)   Garbage:         -              6534M (80%)        3820M (47%)          77M (1%)             -                  -          
[1047.138s][info][gc,heap     ] GC(172) Reclaimed:         -                  -              2714M (33%)        6456M (79%)            -                  -          
[1047.138s][info][gc          ] GC(172) Garbage Collection (Allocation Rate) 7104M(87%)->936M(11%)
[1050.268s][info][gc,stats    ] === Garbage Collection Statistics =======================================================================================================================
[1050.268s][info][gc,stats    ]                                                              Last 10s              Last 10m              Last 10h                Total
[1050.268s][info][gc,stats    ]                                                              Avg / Max             Avg / Max             Avg / Max             Avg / Max
[1050.268s][info][gc,stats    ]   Collector: Garbage Collection Cycle                    369.316 / 369.316     676.772 / 3364.768   1027.849 / 7809.708   1027.849 / 7809.708    ms
[1050.268s][info][gc,stats    ]  Contention: Mark Segment Reset Contention                     0 / 0                 0 / 7                 0 / 9                 0 / 9           ops/s
[1050.268s][info][gc,stats    ]  Contention: Mark SeqNum Reset Contention                      0 / 0                 0 / 1                 0 / 1                 0 / 1           ops/s
[1050.268s][info][gc,stats    ]    Critical: Allocation Stall                                  0 / 0                 0 / 0                 0 / 0                 0 / 0           ops/s
[1050.268s][info][gc,stats    ]    Critical: Allocation Stall                              0.000 / 0.000         0.000 / 0.000         0.000 / 0.000         0.000 / 0.000       ms
[1050.268s][info][gc,stats    ]    Critical: GC Locker Stall                                   0 / 1                 0 / 2                 0 / 2                 0 / 2           ops/s
[1050.268s][info][gc,stats    ]    Critical: GC Locker Stall                               0.000 / 0.000         0.053 / 0.268         0.049 / 0.268         0.049 / 0.268       ms
[1050.268s][info][gc,stats    ]    Critical: Relocation Stall                                  0 / 0                 0 / 0                 0 / 0                 0 / 0           ops/s
[1050.268s][info][gc,stats    ]    Critical: Relocation Stall                              0.000 / 0.000         0.000 / 0.000         0.000 / 0.000         0.000 / 0.000       ms
[1050.268s][info][gc,stats    ]      Memory: Allocation Rate                                 715 / 830             822 / 1548            735 / 1548            735 / 1548        MB/s
[1050.268s][info][gc,stats    ]      Memory: Defragment                                        0 / 0                 0 / 0                 0 / 0                 0 / 0           ops/s
[1050.268s][info][gc,stats    ]      Memory: Out Of Memory                                     0 / 0                 0 / 0                 0 / 0                 0 / 0           ops/s
[1050.268s][info][gc,stats    ]      Memory: Page Cache Flush                                  0 / 0                 0 / 0                 0 / 0                 0 / 0           MB/s
[1050.268s][info][gc,stats    ]      Memory: Page Cache Hit L1                               362 / 458             418 / 811             371 / 811             371 / 811         ops/s
[1050.268s][info][gc,stats    ]      Memory: Page Cache Hit L2                                 0 / 0                 0 / 0                 0 / 0                 0 / 0           ops/s
[1050.268s][info][gc,stats    ]      Memory: Page Cache Hit L3                                 0 / 0                 0 / 0                 3 / 397               3 / 397         ops/s
[1050.268s][info][gc,stats    ]      Memory: Page Cache Miss                                   0 / 0                 0 / 0                 0 / 1                 0 / 1           ops/s
[1050.268s][info][gc,stats    ]      Memory: Uncommit                                          0 / 0                 0 / 0                 0 / 0                 0 / 0           MB/s
[1050.268s][info][gc,stats    ]      Memory: Undo Object Allocation Failed                     0 / 0                 0 / 0                 0 / 0                 0 / 0           ops/s
[1050.268s][info][gc,stats    ]      Memory: Undo Object Allocation Succeeded                  0 / 1                 1 / 367               2 / 400               2 / 400         ops/s
[1050.268s][info][gc,stats    ]      Memory: Undo Page Allocation                              0 / 0                 0 / 1                 0 / 1                 0 / 1           ops/s
[1050.268s][info][gc,stats    ]       Phase: Concurrent Mark                             315.796 / 315.796     578.968 / 3184.091    790.846 / 5264.294    790.846 / 5264.294    ms
[1050.268s][info][gc,stats    ]       Phase: Concurrent Mark Continue                      0.000 / 0.000         0.000 / 0.000         0.000 / 0.000         0.000 / 0.000       ms
[1050.268s][info][gc,stats    ]       Phase: Concurrent Mark Free                          0.001 / 0.001         0.000 / 0.001         0.001 / 0.003         0.001 / 0.003       ms
[1050.268s][info][gc,stats    ]       Phase: Concurrent Process Non-Strong References      9.391 / 9.391        14.517 / 29.474       28.732 / 1493.667     28.732 / 1493.667    ms
[1050.268s][info][gc,stats    ]       Phase: Concurrent Relocate                          38.600 / 38.600       69.572 / 150.321      57.651 / 150.389      57.651 / 150.389     ms
[1050.268s][info][gc,stats    ]       Phase: Concurrent Reset Relocation Set               0.150 / 0.150         0.177 / 0.396         0.143 / 0.465         0.143 / 0.465       ms
[1050.268s][info][gc,stats    ]       Phase: Concurrent Select Relocation Set              4.671 / 4.671        12.706 / 38.181      144.006 / 2796.200    144.006 / 2796.200    ms
[1050.268s][info][gc,stats    ]       Phase: Pause Mark End                                0.017 / 0.017         0.014 / 0.209         0.054 / 4.475         0.054 / 4.475       ms
[1050.268s][info][gc,stats    ]       Phase: Pause Mark Start                              0.004 / 0.004         0.005 / 0.015         0.050 / 7.250         0.050 / 7.250       ms
[1050.268s][info][gc,stats    ]       Phase: Pause Relocate Start                          0.005 / 0.005         0.013 / 0.296         0.023 / 1.046         0.023 / 1.046       ms
[1050.268s][info][gc,stats    ]    Subphase: Concurrent Classes Purge                      0.206 / 0.206         0.390 / 1.836         0.561 / 5.775         0.561 / 5.775       ms
[1050.268s][info][gc,stats    ]    Subphase: Concurrent Classes Unlink                     6.991 / 6.991        11.017 / 20.599       21.745 / 1489.339     21.745 / 1489.339    ms
[1050.268s][info][gc,stats    ]    Subphase: Concurrent Mark                             314.165 / 314.601     513.581 / 2605.964    743.940 / 5176.991    743.940 / 5176.991    ms
[1050.268s][info][gc,stats    ]    Subphase: Concurrent Mark Try Flush                     0.050 / 0.076         3.249 / 786.951       2.723 / 786.951       2.723 / 786.951     ms
[1050.268s][info][gc,stats    ]    Subphase: Concurrent Mark Try Terminate                 0.371 / 1.095         0.233 / 1.588         0.990 / 12.169        0.990 / 12.169      ms
[1050.268s][info][gc,stats    ]    Subphase: Concurrent References Enqueue                 0.001 / 0.001         0.002 / 0.004         0.002 / 0.006         0.002 / 0.006       ms
[1050.268s][info][gc,stats    ]    Subphase: Concurrent References Process                 0.363 / 0.363         0.609 / 2.996         0.569 / 2.996         0.569 / 2.996       ms
[1050.268s][info][gc,stats    ]    Subphase: Concurrent Roots ClassLoaderDataGraph         0.209 / 0.330         0.301 / 0.850         0.566 / 40.174        0.566 / 40.174      ms
[1050.268s][info][gc,stats    ]    Subphase: Concurrent Roots CodeCache                    0.000 / 0.000         0.000 / 0.000         0.000 / 0.000         0.000 / 0.000       ms
[1050.268s][info][gc,stats    ]    Subphase: Concurrent Roots JavaThreads                  0.818 / 0.939         5.298 / 441.054       5.798 / 441.054       5.798 / 441.054     ms
[1050.268s][info][gc,stats    ]    Subphase: Concurrent Roots OopStorageSet                0.053 / 0.053         1.345 / 136.487       1.026 / 136.487       1.026 / 136.487     ms
[1050.268s][info][gc,stats    ]    Subphase: Concurrent Weak Roots OopStorageSet           1.463 / 1.465         1.948 / 5.434         1.808 / 11.047        1.808 / 11.047      ms
[1050.268s][info][gc,stats    ]    Subphase: Pause Mark Try Complete                       0.000 / 0.000         0.001 / 0.001         0.001 / 0.003         0.001 / 0.003       ms
[1050.268s][info][gc,stats    ]      System: Java Threads                                     83 / 83               81 / 83               77 / 83               77 / 83          threads
[1050.268s][info][gc,stats    ] =========================================================================================================================================================
[1053.968s][info][gc,start    ] GC(173) Garbage Collection (Allocation Rate)
[1053.968s][info][gc,task     ] GC(173) Using 1 workers
[1053.968s][info][gc,phases   ] GC(173) Pause Mark Start 0.004ms
[1054.649s][info][gc,phases   ] GC(173) Concurrent Mark 680.390ms
[1054.649s][info][gc,phases   ] GC(173) Pause Mark End 0.009ms
[1054.649s][info][gc,phases   ] GC(173) Concurrent Mark Free 0.001ms
[1054.675s][info][gc,phases   ] GC(173) Concurrent Process Non-Strong References 26.016ms
[1054.675s][info][gc,phases   ] GC(173) Concurrent Reset Relocation Set 0.163ms
[1054.689s][info][gc,phases   ] GC(173) Concurrent Select Relocation Set 13.942ms
[1054.689s][info][gc,phases   ] GC(173) Pause Relocate Start 0.006ms
[1054.759s][info][gc,phases   ] GC(173) Concurrent Relocate 69.258ms
[1054.759s][info][gc,load     ] GC(173) Load: 0.00/0.00/0.00
[1054.759s][info][gc,mmu      ] GC(173) MMU: 2ms/0.0%, 5ms/0.0%, 10ms/27.5%, 20ms/63.8%, 50ms/85.5%, 100ms/92.8%
[1054.759s][info][gc,marking  ] GC(173) Mark: 1 stripe(s), 2 proactive flush(es), 1 terminate flush(es), 0 completion(s), 0 continuation(s) 
[1054.759s][info][gc,marking  ] GC(173) Mark Stack Usage: 32M
[1054.759s][info][gc,nmethod  ] GC(173) NMethods: 10486 registered, 421 unregistered
[1054.759s][info][gc,metaspace] GC(173) Metaspace: 131M used, 133M committed, 1152M reserved
[1054.759s][info][gc,ref      ] GC(173) Soft: 6083 encountered, 0 discovered, 0 enqueued
[1054.759s][info][gc,ref      ] GC(173) Weak: 23306 encountered, 12472 discovered, 4 enqueued
[1054.759s][info][gc,ref      ] GC(173) Final: 34 encountered, 0 discovered, 0 enqueued
[1054.759s][info][gc,ref      ] GC(173) Phantom: 969 encountered, 646 discovered, 0 enqueued
[1054.759s][info][gc,reloc    ] GC(173) Small Pages: 3268 / 6536M, Empty: 1896M, Relocated: 106M, In-Place: 0
[1054.759s][info][gc,reloc    ] GC(173) Medium Pages: 2 / 64M, Empty: 0M, Relocated: 0M, In-Place: 0
[1054.759s][info][gc,reloc    ] GC(173) Large Pages: 0 / 0M, Empty: 0M, Relocated: 0M, In-Place: 0
[1054.759s][info][gc,reloc    ] GC(173) Forwarding Usage: 29M
[1054.759s][info][gc,heap     ] GC(173) Min Capacity: 8192M(100%)
[1054.759s][info][gc,heap     ] GC(173) Max Capacity: 8192M(100%)
[1054.759s][info][gc,heap     ] GC(173) Soft Max Capacity: 8192M(100%)
[1054.759s][info][gc,heap     ] GC(173)                Mark Start          Mark End        Relocate Start      Relocate End           High               Low         
[1054.759s][info][gc,heap     ] GC(173)  Capacity:     8192M (100%)       8192M (100%)       8192M (100%)       8192M (100%)       8192M (100%)       8192M (100%)   
[1054.759s][info][gc,heap     ] GC(173)      Free:     1592M (19%)         900M (11%)        2774M (34%)        6768M (83%)        6768M (83%)         884M (11%)    
[1054.759s][info][gc,heap     ] GC(173)      Used:     6600M (81%)        7292M (89%)        5418M (66%)        1424M (17%)        7308M (89%)        1424M (17%)    
[1054.759s][info][gc,heap     ] GC(173)      Live:         -               595M (7%)          595M (7%)          595M (7%)             -                  -          
[1054.759s][info][gc,heap     ] GC(173) Allocated:         -               692M (8%)          714M (9%)          750M (9%)             -                  -          
[1054.759s][info][gc,heap     ] GC(173)   Garbage:         -              6004M (73%)        4108M (50%)          77M (1%)             -                  -          
[1054.759s][info][gc,heap     ] GC(173) Reclaimed:         -                  -              1896M (23%)        5926M (72%)            -                  -          
[1054.759s][info][gc          ] GC(173) Garbage Collection (Allocation Rate) 6600M(81%)->1424M(17%)
[1059.568s][info][gc,start    ] GC(174) Garbage Collection (Allocation Rate)
[1059.568s][info][gc,task     ] GC(174) Using 1 workers
[1059.568s][info][gc,phases   ] GC(174) Pause Mark Start 0.007ms
[1060.195s][info][gc,phases   ] GC(174) Concurrent Mark 627.290ms
[1060.195s][info][gc,phases   ] GC(174) Pause Mark End 0.009ms
[1060.195s][info][gc,phases   ] GC(174) Concurrent Mark Free 0.000ms
[1060.213s][info][gc,phases   ] GC(174) Concurrent Process Non-Strong References 17.328ms
[1060.213s][info][gc,phases   ] GC(174) Concurrent Reset Relocation Set 0.188ms
[1060.227s][info][gc,phases   ] GC(174) Concurrent Select Relocation Set 13.621ms
[1060.227s][info][gc,phases   ] GC(174) Pause Relocate Start 0.005ms
[1060.268s][info][gc,stats    ] === Garbage Collection Statistics =======================================================================================================================
[1060.268s][info][gc,stats    ]                                                              Last 10s              Last 10m              Last 10h                Total
[1060.268s][info][gc,stats    ]                                                              Avg / Max             Avg / Max             Avg / Max             Avg / Max
[1060.268s][info][gc,stats    ]   Collector: Garbage Collection Cycle                    790.355 / 790.355     679.943 / 3364.768   1026.484 / 7809.708   1026.484 / 7809.708    ms
[1060.268s][info][gc,stats    ]  Contention: Mark Segment Reset Contention                     0 / 0                 0 / 7                 0 / 9                 0 / 9           ops/s
[1060.268s][info][gc,stats    ]  Contention: Mark SeqNum Reset Contention                      0 / 0                 0 / 1                 0 / 1                 0 / 1           ops/s
[1060.268s][info][gc,stats    ]    Critical: Allocation Stall                                  0 / 0                 0 / 0                 0 / 0                 0 / 0           ops/s
[1060.268s][info][gc,stats    ]    Critical: Allocation Stall                              0.000 / 0.000         0.000 / 0.000         0.000 / 0.000         0.000 / 0.000       ms
[1060.268s][info][gc,stats    ]    Critical: GC Locker Stall                                   0 / 1                 0 / 2                 0 / 2                 0 / 2           ops/s
[1060.268s][info][gc,stats    ]    Critical: GC Locker Stall                               0.000 / 0.000         0.050 / 0.268         0.047 / 0.268         0.047 / 0.268       ms
[1060.268s][info][gc,stats    ]    Critical: Relocation Stall                                  0 / 0                 0 / 0                 0 / 0                 0 / 0           ops/s
[1060.268s][info][gc,stats    ]    Critical: Relocation Stall                              0.000 / 0.000         0.000 / 0.000         0.000 / 0.000         0.000 / 0.000       ms
[1060.268s][info][gc,stats    ]      Memory: Allocation Rate                                 928 / 1186            825 / 1548            737 / 1548            737 / 1548        MB/s
[1060.268s][info][gc,stats    ]      Memory: Defragment                                        0 / 0                 0 / 0                 0 / 0                 0 / 0           ops/s
[1060.268s][info][gc,stats    ]      Memory: Out Of Memory                                     0 / 0                 0 / 0                 0 / 0                 0 / 0           ops/s
[1060.268s][info][gc,stats    ]      Memory: Page Cache Flush                                  0 / 0                 0 / 0                 0 / 0                 0 / 0           MB/s
[1060.268s][info][gc,stats    ]      Memory: Page Cache Hit L1                               472 / 593             419 / 811             372 / 811             372 / 811         ops/s
[1060.268s][info][gc,stats    ]      Memory: Page Cache Hit L2                                 0 / 0                 0 / 0                 0 / 0                 0 / 0           ops/s
[1060.268s][info][gc,stats    ]      Memory: Page Cache Hit L3                                 0 / 0                 0 / 0                 3 / 397               3 / 397         ops/s
[1060.268s][info][gc,stats    ]      Memory: Page Cache Miss                                   0 / 0                 0 / 0                 0 / 1                 0 / 1           ops/s
[1060.268s][info][gc,stats    ]      Memory: Uncommit                                          0 / 0                 0 / 0                 0 / 0                 0 / 0           MB/s
[1060.268s][info][gc,stats    ]      Memory: Undo Object Allocation Failed                     0 / 0                 0 / 0                 0 / 0                 0 / 0           ops/s
[1060.268s][info][gc,stats    ]      Memory: Undo Object Allocation Succeeded                  0 / 2                 1 / 367               2 / 400               2 / 400         ops/s
[1060.268s][info][gc,stats    ]      Memory: Undo Page Allocation                              0 / 0                 0 / 1                 0 / 1                 0 / 1           ops/s
[1060.268s][info][gc,stats    ]       Phase: Concurrent Mark                             653.840 / 680.390     582.322 / 3184.091    789.280 / 5264.294    789.280 / 5264.294    ms
[1060.268s][info][gc,stats    ]       Phase: Concurrent Mark Continue                      0.000 / 0.000         0.000 / 0.000         0.000 / 0.000         0.000 / 0.000       ms
[1060.268s][info][gc,stats    ]       Phase: Concurrent Mark Free                          0.001 / 0.001         0.000 / 0.001         0.001 / 0.003         0.001 / 0.003       ms
[1060.268s][info][gc,stats    ]       Phase: Concurrent Process Non-Strong References     21.672 / 26.016       14.762 / 29.474       28.652 / 1493.667     28.652 / 1493.667    ms
[1060.268s][info][gc,stats    ]       Phase: Concurrent Relocate                          69.258 / 69.258       69.737 / 150.321      57.718 / 150.389      57.718 / 150.389     ms
[1060.268s][info][gc,stats    ]       Phase: Concurrent Reset Relocation Set               0.175 / 0.188         0.178 / 0.396         0.144 / 0.465         0.144 / 0.465       ms
[1060.268s][info][gc,stats    ]       Phase: Concurrent Select Relocation Set             13.782 / 13.942       12.703 / 38.181      142.517 / 2796.200    142.517 / 2796.200    ms
[1060.268s][info][gc,stats    ]       Phase: Pause Mark End                                0.009 / 0.009         0.014 / 0.209         0.053 / 4.475         0.053 / 4.475       ms
[1060.268s][info][gc,stats    ]       Phase: Pause Mark Start                              0.005 / 0.007         0.005 / 0.015         0.049 / 7.250         0.049 / 7.250       ms
[1060.268s][info][gc,stats    ]       Phase: Pause Relocate Start                          0.006 / 0.006         0.013 / 0.296         0.023 / 1.046         0.023 / 1.046       ms
[1060.268s][info][gc,stats    ]    Subphase: Concurrent Classes Purge                      0.329 / 0.635         0.389 / 1.836         0.558 / 5.775         0.558 / 5.775       ms
[1060.268s][info][gc,stats    ]    Subphase: Concurrent Classes Unlink                    17.582 / 20.934       11.231 / 20.934       21.698 / 1489.339     21.698 / 1489.339    ms
[1060.268s][info][gc,stats    ]    Subphase: Concurrent Mark                             651.790 / 678.461     517.231 / 2605.964    743.284 / 5176.991    743.284 / 5176.991    ms
[1060.268s][info][gc,stats    ]    Subphase: Concurrent Mark Try Flush                     0.073 / 0.110         3.224 / 786.951       2.694 / 786.951       2.694 / 786.951     ms
[1060.268s][info][gc,stats    ]    Subphase: Concurrent Mark Try Terminate                 0.027 / 0.092         0.225 / 1.588         0.988 / 12.169        0.988 / 12.169      ms
[1060.268s][info][gc,stats    ]    Subphase: Concurrent References Enqueue                 0.001 / 0.001         0.002 / 0.004         0.002 / 0.006         0.002 / 0.006       ms
[1060.268s][info][gc,stats    ]    Subphase: Concurrent References Process                 0.896 / 1.564         0.619 / 2.996         0.573 / 2.996         0.573 / 2.996       ms
[1060.268s][info][gc,stats    ]    Subphase: Concurrent Roots ClassLoaderDataGraph         0.342 / 0.395         0.303 / 0.850         0.564 / 40.174        0.564 / 40.174      ms
[1060.268s][info][gc,stats    ]    Subphase: Concurrent Roots CodeCache                    0.000 / 0.000         0.000 / 0.000         0.000 / 0.000         0.000 / 0.000       ms
[1060.268s][info][gc,stats    ]    Subphase: Concurrent Roots JavaThreads                  1.463 / 1.511         5.296 / 441.054       5.767 / 441.054       5.767 / 441.054     ms
[1060.268s][info][gc,stats    ]    Subphase: Concurrent Roots OopStorageSet                0.095 / 0.120         1.340 / 136.487       1.020 / 136.487       1.020 / 136.487     ms
[1060.268s][info][gc,stats    ]    Subphase: Concurrent Weak Roots OopStorageSet           2.594 / 2.615         1.972 / 5.434         1.814 / 11.047        1.814 / 11.047      ms
[1060.268s][info][gc,stats    ]    Subphase: Pause Mark Try Complete                       0.000 / 0.000         0.001 / 0.001         0.001 / 0.003         0.001 / 0.003       ms
[1060.268s][info][gc,stats    ]      System: Java Threads                                     83 / 83               81 / 83               78 / 83               78 / 83          threads
[1060.268s][info][gc,stats    ] =========================================================================================================================================================
[1060.300s][info][gc,phases   ] GC(174) Concurrent Relocate 73.597ms
[1060.301s][info][gc,load     ] GC(174) Load: 0.00/0.00/0.00
[1060.301s][info][gc,mmu      ] GC(174) MMU: 2ms/0.0%, 5ms/0.0%, 10ms/27.5%, 20ms/63.8%, 50ms/85.5%, 100ms/92.8%
[1060.301s][info][gc,marking  ] GC(174) Mark: 1 stripe(s), 2 proactive flush(es), 1 terminate flush(es), 0 completion(s), 0 continuation(s) 
[1060.301s][info][gc,marking  ] GC(174) Mark Stack Usage: 32M
[1060.301s][info][gc,nmethod  ] GC(174) NMethods: 10488 registered, 422 unregistered
[1060.301s][info][gc,metaspace] GC(174) Metaspace: 131M used, 133M committed, 1152M reserved
[1060.301s][info][gc,ref      ] GC(174) Soft: 6083 encountered, 0 discovered, 0 enqueued
[1060.301s][info][gc,ref      ] GC(174) Weak: 23303 encountered, 929 discovered, 0 enqueued
[1060.301s][info][gc,ref      ] GC(174) Final: 34 encountered, 0 discovered, 0 enqueued
[1060.301s][info][gc,ref      ] GC(174) Phantom: 969 encountered, 737 discovered, 0 enqueued
[1060.301s][info][gc,reloc    ] GC(174) Small Pages: 3103 / 6206M, Empty: 3210M, Relocated: 120M, In-Place: 0
[1060.301s][info][gc,reloc    ] GC(174) Medium Pages: 2 / 64M, Empty: 0M, Relocated: 0M, In-Place: 0
[1060.301s][info][gc,reloc    ] GC(174) Large Pages: 0 / 0M, Empty: 0M, Relocated: 0M, In-Place: 0
[1060.301s][info][gc,reloc    ] GC(174) Forwarding Usage: 31M
[1060.301s][info][gc,heap     ] GC(174) Min Capacity: 8192M(100%)
[1060.301s][info][gc,heap     ] GC(174) Max Capacity: 8192M(100%)
[1060.301s][info][gc,heap     ] GC(174) Soft Max Capacity: 8192M(100%)
[1060.301s][info][gc,heap     ] GC(174)                Mark Start          Mark End        Relocate Start      Relocate End           High               Low         
[1060.301s][info][gc,heap     ] GC(174)  Capacity:     8192M (100%)       8192M (100%)       8192M (100%)       8192M (100%)       8192M (100%)       8192M (100%)   
[1060.301s][info][gc,heap     ] GC(174)      Free:     1922M (23%)        1474M (18%)        4682M (57%)        7046M (86%)        7046M (86%)        1474M (18%)    
[1060.301s][info][gc,heap     ] GC(174)      Used:     6270M (77%)        6718M (82%)        3510M (43%)        1146M (14%)        6718M (82%)        1146M (14%)    
[1060.301s][info][gc,heap     ] GC(174)      Live:         -               607M (7%)          607M (7%)          607M (7%)             -                  -          
[1060.301s][info][gc,heap     ] GC(174) Allocated:         -               448M (5%)          450M (5%)          463M (6%)             -                  -          
[1060.301s][info][gc,heap     ] GC(174)   Garbage:         -              5662M (69%)        2452M (30%)          75M (1%)             -                  -          
[1060.301s][info][gc,heap     ] GC(174) Reclaimed:         -                  -              3210M (39%)        5587M (68%)            -                  -          
[1060.301s][info][gc          ] GC(174) Garbage Collection (Allocation Rate) 6270M(77%)->1146M(14%)
[1069.168s][info][gc,start    ] GC(175) Garbage Collection (Allocation Rate)
[1069.168s][info][gc,task     ] GC(175) Using 1 workers
[1069.168s][info][gc,phases   ] GC(175) Pause Mark Start 0.004ms
[1069.854s][info][gc,phases   ] GC(175) Concurrent Mark 685.840ms
[1069.854s][info][gc,phases   ] GC(175) Pause Mark End 0.009ms
[1069.854s][info][gc,phases   ] GC(175) Concurrent Mark Free 0.001ms
[1069.873s][info][gc,phases   ] GC(175) Concurrent Process Non-Strong References 18.648ms
[1069.873s][info][gc,phases   ] GC(175) Concurrent Reset Relocation Set 0.160ms
[1069.879s][info][gc,phases   ] GC(175) Concurrent Select Relocation Set 5.646ms
[1069.879s][info][gc,phases   ] GC(175) Pause Relocate Start 0.008ms
[1069.943s][info][gc,phases   ] GC(175) Concurrent Relocate 63.579ms
[1069.943s][info][gc,load     ] GC(175) Load: 0.00/0.00/0.00
[1069.943s][info][gc,mmu      ] GC(175) MMU: 2ms/0.0%, 5ms/0.0%, 10ms/27.5%, 20ms/63.8%, 50ms/85.5%, 100ms/92.8%
[1069.943s][info][gc,marking  ] GC(175) Mark: 1 stripe(s), 2 proactive flush(es), 1 terminate flush(es), 0 completion(s), 0 continuation(s) 
[1069.943s][info][gc,marking  ] GC(175) Mark Stack Usage: 32M
[1069.943s][info][gc,nmethod  ] GC(175) NMethods: 10497 registered, 426 unregistered
[1069.943s][info][gc,metaspace] GC(175) Metaspace: 131M used, 133M committed, 1152M reserved
[1069.943s][info][gc,ref      ] GC(175) Soft: 6083 encountered, 0 discovered, 0 enqueued
[1069.943s][info][gc,ref      ] GC(175) Weak: 23305 encountered, 12455 discovered, 2 enqueued
[1069.943s][info][gc,ref      ] GC(175) Final: 34 encountered, 0 discovered, 0 enqueued
[1069.943s][info][gc,ref      ] GC(175) Phantom: 972 encountered, 884 discovered, 0 enqueued
[1069.943s][info][gc,reloc    ] GC(175) Small Pages: 3236 / 6472M, Empty: 2174M, Relocated: 76M, In-Place: 0
[1069.943s][info][gc,reloc    ] GC(175) Medium Pages: 2 / 64M, Empty: 0M, Relocated: 0M, In-Place: 0
[1069.943s][info][gc,reloc    ] GC(175) Large Pages: 0 / 0M, Empty: 0M, Relocated: 0M, In-Place: 0
[1069.943s][info][gc,reloc    ] GC(175) Forwarding Usage: 24M
[1069.943s][info][gc,heap     ] GC(175) Min Capacity: 8192M(100%)
[1069.943s][info][gc,heap     ] GC(175) Max Capacity: 8192M(100%)
[1069.943s][info][gc,heap     ] GC(175) Soft Max Capacity: 8192M(100%)
[1069.943s][info][gc,heap     ] GC(175)                Mark Start          Mark End        Relocate Start      Relocate End           High               Low         
[1069.943s][info][gc,heap     ] GC(175)  Capacity:     8192M (100%)       8192M (100%)       8192M (100%)       8192M (100%)       8192M (100%)       8192M (100%)   
[1069.943s][info][gc,heap     ] GC(175)      Free:     1656M (20%)        1164M (14%)        3328M (41%)        7018M (86%)        7018M (86%)        1158M (14%)    
[1069.943s][info][gc,heap     ] GC(175)      Used:     6536M (80%)        7028M (86%)        4864M (59%)        1174M (14%)        7034M (86%)        1174M (14%)    
[1069.943s][info][gc,heap     ] GC(175)      Live:         -               567M (7%)          567M (7%)          567M (7%)             -                  -          
[1069.943s][info][gc,heap     ] GC(175) Allocated:         -               492M (6%)          502M (6%)          528M (6%)             -                  -          
[1069.943s][info][gc,heap     ] GC(175)   Garbage:         -              5968M (73%)        3794M (46%)          77M (1%)             -                  -          
[1069.943s][info][gc,heap     ] GC(175) Reclaimed:         -                  -              2174M (27%)        5890M (72%)            -                  -          
[1069.943s][info][gc          ] GC(175) Garbage Collection (Allocation Rate) 6536M(80%)->1174M(14%)
[1070.267s][info][gc,stats    ] === Garbage Collection Statistics =======================================================================================================================
[1070.267s][info][gc,stats    ]                                                              Last 10s              Last 10m              Last 10h                Total
[1070.267s][info][gc,stats    ]                                                              Avg / Max             Avg / Max             Avg / Max             Avg / Max
[1070.267s][info][gc,stats    ]   Collector: Garbage Collection Cycle                    753.669 / 774.664     677.524 / 3364.768   1023.384 / 7809.708   1023.384 / 7809.708    ms
[1070.267s][info][gc,stats    ]  Contention: Mark Segment Reset Contention                     0 / 0                 0 / 7                 0 / 9                 0 / 9           ops/s
[1070.267s][info][gc,stats    ]  Contention: Mark SeqNum Reset Contention                      0 / 0                 0 / 1                 0 / 1                 0 / 1           ops/s
[1070.267s][info][gc,stats    ]    Critical: Allocation Stall                                  0 / 0                 0 / 0                 0 / 0                 0 / 0           ops/s
[1070.267s][info][gc,stats    ]    Critical: Allocation Stall                              0.000 / 0.000         0.000 / 0.000         0.000 / 0.000         0.000 / 0.000       ms
[1070.267s][info][gc,stats    ]    Critical: GC Locker Stall                                   0 / 0                 0 / 2                 0 / 2                 0 / 2           ops/s
[1070.267s][info][gc,stats    ]    Critical: GC Locker Stall                               0.000 / 0.000         0.050 / 0.268         0.047 / 0.268         0.047 / 0.268       ms
[1070.267s][info][gc,stats    ]    Critical: Relocation Stall                                  0 / 0                 0 / 0                 0 / 0                 0 / 0           ops/s
[1070.267s][info][gc,stats    ]    Critical: Relocation Stall                              0.000 / 0.000         0.000 / 0.000         0.000 / 0.000         0.000 / 0.000       ms
[1070.267s][info][gc,stats    ]      Memory: Allocation Rate                                 614 / 970             820 / 1548            736 / 1548            736 / 1548        MB/s
[1070.267s][info][gc,stats    ]      Memory: Defragment                                        0 / 0                 0 / 0                 0 / 0                 0 / 0           ops/s
[1070.267s][info][gc,stats    ]      Memory: Out Of Memory                                     0 / 0                 0 / 0                 0 / 0                 0 / 0           ops/s
[1070.267s][info][gc,stats    ]      Memory: Page Cache Flush                                  0 / 0                 0 / 0                 0 / 0                 0 / 0           MB/s
[1070.267s][info][gc,stats    ]      Memory: Page Cache Hit L1                               313 / 485             417 / 811             371 / 811             371 / 811         ops/s
[1070.267s][info][gc,stats    ]      Memory: Page Cache Hit L2                                 0 / 0                 0 / 0                 0 / 0                 0 / 0           ops/s
[1070.267s][info][gc,stats    ]      Memory: Page Cache Hit L3                                 0 / 0                 0 / 0                 3 / 397               3 / 397         ops/s
[1070.267s][info][gc,stats    ]      Memory: Page Cache Miss                                   0 / 0                 0 / 0                 0 / 1                 0 / 1           ops/s
[1070.267s][info][gc,stats    ]      Memory: Uncommit                                          0 / 0                 0 / 0                 0 / 0                 0 / 0           MB/s
[1070.267s][info][gc,stats    ]      Memory: Undo Object Allocation Failed                     0 / 0                 0 / 0                 0 / 0                 0 / 0           ops/s
[1070.267s][info][gc,stats    ]      Memory: Undo Object Allocation Succeeded                  0 / 0                 1 / 367               2 / 400               2 / 400         ops/s
[1070.267s][info][gc,stats    ]      Memory: Undo Page Allocation                              0 / 0                 0 / 1                 0 / 1                 0 / 1           ops/s
[1070.267s][info][gc,stats    ]       Phase: Concurrent Mark                             685.840 / 685.840     579.743 / 3184.091    788.692 / 5264.294    788.692 / 5264.294    ms
[1070.267s][info][gc,stats    ]       Phase: Concurrent Mark Continue                      0.000 / 0.000         0.000 / 0.000         0.000 / 0.000         0.000 / 0.000       ms
[1070.267s][info][gc,stats    ]       Phase: Concurrent Mark Free                          0.001 / 0.001         0.000 / 0.001         0.001 / 0.003         0.001 / 0.003       ms
[1070.267s][info][gc,stats    ]       Phase: Concurrent Process Non-Strong References     18.648 / 18.648       14.784 / 29.474       28.595 / 1493.667     28.595 / 1493.667    ms
[1070.267s][info][gc,stats    ]       Phase: Concurrent Relocate                          68.588 / 73.597       69.403 / 150.321      57.842 / 150.389      57.842 / 150.389     ms
[1070.267s][info][gc,stats    ]       Phase: Concurrent Reset Relocation Set               0.160 / 0.160         0.178 / 0.396         0.144 / 0.465         0.144 / 0.465       ms
[1070.267s][info][gc,stats    ]       Phase: Concurrent Select Relocation Set              5.646 / 5.646        12.587 / 38.181      141.740 / 2796.200    141.740 / 2796.200    ms
[1070.268s][info][gc,stats    ]       Phase: Pause Mark End                                0.009 / 0.009         0.013 / 0.209         0.053 / 4.475         0.053 / 4.475       ms
[1070.268s][info][gc,stats    ]       Phase: Pause Mark Start                              0.004 / 0.004         0.005 / 0.015         0.049 / 7.250         0.049 / 7.250       ms
[1070.268s][info][gc,stats    ]       Phase: Pause Relocate Start                          0.008 / 0.008         0.013 / 0.296         0.023 / 1.046         0.023 / 1.046       ms
[1070.268s][info][gc,stats    ]    Subphase: Concurrent Classes Purge                      0.071 / 0.071         0.367 / 1.357         0.555 / 5.775         0.555 / 5.775       ms
[1070.268s][info][gc,stats    ]    Subphase: Concurrent Classes Unlink                    14.331 / 14.331       11.259 / 20.934       21.656 / 1489.339     21.656 / 1489.339    ms
[1070.268s][info][gc,stats    ]    Subphase: Concurrent Mark                             683.649 / 683.649     515.334 / 2605.964    743.073 / 5176.991    743.073 / 5176.991    ms
[1070.268s][info][gc,stats    ]    Subphase: Concurrent Mark Try Flush                     0.087 / 0.115         3.224 / 786.951       2.679 / 786.951       2.679 / 786.951     ms
[1070.268s][info][gc,stats    ]    Subphase: Concurrent Mark Try Terminate                 0.030 / 0.059         0.226 / 1.588         0.988 / 12.169        0.988 / 12.169      ms
[1070.268s][info][gc,stats    ]    Subphase: Concurrent References Enqueue                 0.002 / 0.002         0.002 / 0.004         0.002 / 0.006         0.002 / 0.006       ms
[1070.268s][info][gc,stats    ]    Subphase: Concurrent References Process                 1.483 / 1.483         0.635 / 2.996         0.578 / 2.996         0.578 / 2.996       ms
[1070.268s][info][gc,stats    ]    Subphase: Concurrent Roots ClassLoaderDataGraph         0.302 / 0.302         0.302 / 0.850         0.563 / 40.174        0.563 / 40.174      ms
[1070.268s][info][gc,stats    ]    Subphase: Concurrent Roots CodeCache                    0.000 / 0.000         0.000 / 0.000         0.000 / 0.000         0.000 / 0.000       ms
[1070.268s][info][gc,stats    ]    Subphase: Concurrent Roots JavaThreads                  1.680 / 1.680         5.285 / 441.054       5.753 / 441.054       5.753 / 441.054     ms
[1070.268s][info][gc,stats    ]    Subphase: Concurrent Roots OopStorageSet                0.079 / 0.079         1.338 / 136.487       1.016 / 136.487       1.016 / 136.487     ms
[1070.268s][info][gc,stats    ]    Subphase: Concurrent Weak Roots OopStorageSet           2.504 / 2.504         1.973 / 5.434         1.816 / 11.047        1.816 / 11.047      ms
[1070.268s][info][gc,stats    ]    Subphase: Pause Mark Try Complete                       0.000 / 0.000         0.001 / 0.001         0.001 / 0.003         0.001 / 0.003       ms
[1070.268s][info][gc,stats    ]      System: Java Threads                                     83 / 83               81 / 83               78 / 83               78 / 83          threads
[1070.268s][info][gc,stats    ] =========================================================================================================================================================
[1076.868s][info][gc,start    ] GC(176) Garbage Collection (Allocation Rate)
[1076.868s][info][gc,task     ] GC(176) Using 1 workers
[1076.869s][info][gc,phases   ] GC(176) Pause Mark Start 0.004ms
[1077.560s][info][gc,phases   ] GC(176) Concurrent Mark 691.050ms
[1077.560s][info][gc,phases   ] GC(176) Pause Mark End 0.008ms
[1077.560s][info][gc,phases   ] GC(176) Concurrent Mark Free 0.000ms
[1077.576s][info][gc,phases   ] GC(176) Concurrent Process Non-Strong References 16.683ms
[1077.577s][info][gc,phases   ] GC(176) Concurrent Reset Relocation Set 0.135ms
[1077.590s][info][gc,phases   ] GC(176) Concurrent Select Relocation Set 13.200ms
[1077.590s][info][gc,phases   ] GC(176) Pause Relocate Start 0.007ms
[1077.669s][info][gc,phases   ] GC(176) Concurrent Relocate 78.977ms
[1077.669s][info][gc,load     ] GC(176) Load: 0.00/0.00/0.00
[1077.669s][info][gc,mmu      ] GC(176) MMU: 2ms/0.0%, 5ms/0.0%, 10ms/27.5%, 20ms/63.8%, 50ms/85.5%, 100ms/92.8%
[1077.669s][info][gc,marking  ] GC(176) Mark: 1 stripe(s), 2 proactive flush(es), 1 terminate flush(es), 0 completion(s), 0 continuation(s) 
[1077.669s][info][gc,marking  ] GC(176) Mark Stack Usage: 32M
[1077.669s][info][gc,nmethod  ] GC(176) NMethods: 10496 registered, 431 unregistered
[1077.669s][info][gc,metaspace] GC(176) Metaspace: 131M used, 133M committed, 1152M reserved
[1077.669s][info][gc,ref      ] GC(176) Soft: 6083 encountered, 0 discovered, 0 enqueued
[1077.669s][info][gc,ref      ] GC(176) Weak: 23308 encountered, 12456 discovered, 2 enqueued
[1077.669s][info][gc,ref      ] GC(176) Final: 34 encountered, 0 discovered, 0 enqueued
[1077.669s][info][gc,ref      ] GC(176) Phantom: 978 encountered, 890 discovered, 0 enqueued
[1077.669s][info][gc,reloc    ] GC(176) Small Pages: 3385 / 6770M, Empty: 2322M, Relocated: 104M, In-Place: 0
[1077.669s][info][gc,reloc    ] GC(176) Medium Pages: 2 / 64M, Empty: 0M, Relocated: 0M, In-Place: 0
[1077.669s][info][gc,reloc    ] GC(176) Large Pages: 0 / 0M, Empty: 0M, Relocated: 0M, In-Place: 0
[1077.669s][info][gc,reloc    ] GC(176) Forwarding Usage: 28M
[1077.669s][info][gc,heap     ] GC(176) Min Capacity: 8192M(100%)
[1077.669s][info][gc,heap     ] GC(176) Max Capacity: 8192M(100%)
[1077.669s][info][gc,heap     ] GC(176) Soft Max Capacity: 8192M(100%)
[1077.669s][info][gc,heap     ] GC(176)                Mark Start          Mark End        Relocate Start      Relocate End           High               Low         
[1077.669s][info][gc,heap     ] GC(176)  Capacity:     8192M (100%)       8192M (100%)       8192M (100%)       8192M (100%)       8192M (100%)       8192M (100%)   
[1077.669s][info][gc,heap     ] GC(176)      Free:     1358M (17%)         708M (9%)         3018M (37%)        6806M (83%)        6808M (83%)         702M (9%)     
[1077.669s][info][gc,heap     ] GC(176)      Used:     6834M (83%)        7484M (91%)        5174M (63%)        1386M (17%)        7490M (91%)        1384M (17%)    
[1077.669s][info][gc,heap     ] GC(176)      Live:         -               590M (7%)          590M (7%)          590M (7%)             -                  -          
[1077.669s][info][gc,heap     ] GC(176) Allocated:         -               650M (8%)          662M (8%)          720M (9%)             -                  -          
[1077.669s][info][gc,heap     ] GC(176)   Garbage:         -              6243M (76%)        3921M (48%)          75M (1%)             -                  -          
[1077.669s][info][gc,heap     ] GC(176) Reclaimed:         -                  -              2322M (28%)        6168M (75%)            -                  -          
[1077.669s][info][gc          ] GC(176) Garbage Collection (Allocation Rate) 6834M(83%)->1386M(17%)
[1080.268s][info][gc,stats    ] === Garbage Collection Statistics =======================================================================================================================
[1080.268s][info][gc,stats    ]                                                              Last 10s              Last 10m              Last 10h                Total
[1080.268s][info][gc,stats    ]                                                              Avg / Max             Avg / Max             Avg / Max             Avg / Max
[1080.268s][info][gc,stats    ]   Collector: Garbage Collection Cycle                    800.742 / 800.742     653.305 / 1022.022   1022.126 / 7809.708   1022.126 / 7809.708    ms
[1080.268s][info][gc,stats    ]  Contention: Mark Segment Reset Contention                     0 / 0                 0 / 5                 0 / 9                 0 / 9           ops/s
[1080.268s][info][gc,stats    ]  Contention: Mark SeqNum Reset Contention                      0 / 0                 0 / 1                 0 / 1                 0 / 1           ops/s
[1080.268s][info][gc,stats    ]    Critical: Allocation Stall                                  0 / 0                 0 / 0                 0 / 0                 0 / 0           ops/s
[1080.268s][info][gc,stats    ]    Critical: Allocation Stall                              0.000 / 0.000         0.000 / 0.000         0.000 / 0.000         0.000 / 0.000       ms
[1080.268s][info][gc,stats    ]    Critical: GC Locker Stall                                   0 / 0                 0 / 1                 0 / 2                 0 / 2           ops/s
[1080.268s][info][gc,stats    ]    Critical: GC Locker Stall                               0.000 / 0.000         0.050 / 0.268         0.047 / 0.268         0.047 / 0.268       ms
[1080.268s][info][gc,stats    ]    Critical: Relocation Stall                                  0 / 0                 0 / 0                 0 / 0                 0 / 0           ops/s
[1080.268s][info][gc,stats    ]    Critical: Relocation Stall                              0.000 / 0.000         0.000 / 0.000         0.000 / 0.000         0.000 / 0.000       ms
[1080.268s][info][gc,stats    ]      Memory: Allocation Rate                                 908 / 1160            827 / 1548            737 / 1548            737 / 1548        MB/s
[1080.268s][info][gc,stats    ]      Memory: Defragment                                        0 / 0                 0 / 0                 0 / 0                 0 / 0           ops/s
[1080.268s][info][gc,stats    ]      Memory: Out Of Memory                                     0 / 0                 0 / 0                 0 / 0                 0 / 0           ops/s
[1080.268s][info][gc,stats    ]      Memory: Page Cache Flush                                  0 / 0                 0 / 0                 0 / 0                 0 / 0           MB/s
[1080.268s][info][gc,stats    ]      Memory: Page Cache Hit L1                               459 / 580             420 / 811             372 / 811             372 / 811         ops/s
[1080.268s][info][gc,stats    ]      Memory: Page Cache Hit L2                                 0 / 0                 0 / 0                 0 / 0                 0 / 0           ops/s
[1080.268s][info][gc,stats    ]      Memory: Page Cache Hit L3                                 0 / 0                 0 / 0                 3 / 397               3 / 397         ops/s
[1080.268s][info][gc,stats    ]      Memory: Page Cache Miss                                   0 / 0                 0 / 0                 0 / 1                 0 / 1           ops/s
[1080.268s][info][gc,stats    ]      Memory: Uncommit                                          0 / 0                 0 / 0                 0 / 0                 0 / 0           MB/s
[1080.268s][info][gc,stats    ]      Memory: Undo Object Allocation Failed                     0 / 0                 0 / 0                 0 / 0                 0 / 0           ops/s
[1080.268s][info][gc,stats    ]      Memory: Undo Object Allocation Succeeded                  0 / 2                 0 / 68                2 / 400               2 / 400         ops/s
[1080.268s][info][gc,stats    ]      Memory: Undo Page Allocation                              0 / 0                 0 / 1                 0 / 1                 0 / 1           ops/s
[1080.268s][info][gc,stats    ]       Phase: Concurrent Mark                             691.050 / 691.050     554.898 / 840.833     788.140 / 5264.294    788.140 / 5264.294    ms
[1080.268s][info][gc,stats    ]       Phase: Concurrent Mark Continue                      0.000 / 0.000         0.000 / 0.000         0.000 / 0.000         0.000 / 0.000       ms
[1080.268s][info][gc,stats    ]       Phase: Concurrent Mark Free                          0.000 / 0.000         0.000 / 0.001         0.001 / 0.003         0.001 / 0.003       ms
[1080.268s][info][gc,stats    ]       Phase: Concurrent Process Non-Strong References     16.683 / 16.683       14.835 / 29.474       28.527 / 1493.667     28.527 / 1493.667    ms
[1080.268s][info][gc,stats    ]       Phase: Concurrent Relocate                          78.977 / 78.977       70.092 / 150.321      57.961 / 150.389      57.961 / 150.389     ms
[1080.268s][info][gc,stats    ]       Phase: Concurrent Reset Relocation Set               0.135 / 0.135         0.178 / 0.396         0.144 / 0.465         0.144 / 0.465       ms
[1080.268s][info][gc,stats    ]       Phase: Concurrent Select Relocation Set             13.200 / 13.200       12.643 / 38.181      141.013 / 2796.200    141.013 / 2796.200    ms
[1080.268s][info][gc,stats    ]       Phase: Pause Mark End                                0.008 / 0.008         0.011 / 0.052         0.053 / 4.475         0.053 / 4.475       ms
[1080.268s][info][gc,stats    ]       Phase: Pause Mark Start                              0.004 / 0.004         0.005 / 0.015         0.049 / 7.250         0.049 / 7.250       ms
[1080.268s][info][gc,stats    ]       Phase: Pause Relocate Start                          0.007 / 0.007         0.009 / 0.187         0.023 / 1.046         0.023 / 1.046       ms
[1080.268s][info][gc,stats    ]    Subphase: Concurrent Classes Purge                      0.042 / 0.042         0.366 / 1.357         0.552 / 5.775         0.552 / 5.775       ms
[1080.268s][info][gc,stats    ]    Subphase: Concurrent Classes Unlink                    12.862 / 12.862       11.309 / 20.934       21.606 / 1489.339     21.606 / 1489.339    ms
[1080.268s][info][gc,stats    ]    Subphase: Concurrent Mark                             689.074 / 689.074     504.190 / 838.228     742.882 / 5176.991    742.882 / 5176.991    ms
[1080.268s][info][gc,stats    ]    Subphase: Concurrent Mark Try Flush                     0.048 / 0.074         0.064 / 0.365         2.665 / 786.951       2.665 / 786.951     ms
[1080.268s][info][gc,stats    ]    Subphase: Concurrent Mark Try Terminate                 0.008 / 0.016         0.221 / 1.588         0.987 / 12.169        0.987 / 12.169      ms
[1080.268s][info][gc,stats    ]    Subphase: Concurrent References Enqueue                 0.001 / 0.001         0.002 / 0.004         0.002 / 0.006         0.002 / 0.006       ms
[1080.268s][info][gc,stats    ]    Subphase: Concurrent References Process                 1.347 / 1.347         0.628 / 2.996         0.583 / 2.996         0.583 / 2.996       ms
[1080.268s][info][gc,stats    ]    Subphase: Concurrent Roots ClassLoaderDataGraph         0.288 / 0.288         0.304 / 0.850         0.562 / 40.174        0.562 / 40.174      ms
[1080.268s][info][gc,stats    ]    Subphase: Concurrent Roots CodeCache                    0.000 / 0.000         0.000 / 0.000         0.000 / 0.000         0.000 / 0.000       ms
[1080.268s][info][gc,stats    ]    Subphase: Concurrent Roots JavaThreads                  1.532 / 1.532         1.351 / 3.034         5.738 / 441.054       5.738 / 441.054     ms
[1080.268s][info][gc,stats    ]    Subphase: Concurrent Roots OopStorageSet                0.074 / 0.074         0.120 / 0.779         1.013 / 136.487       1.013 / 136.487     ms
[1080.268s][info][gc,stats    ]    Subphase: Concurrent Weak Roots OopStorageSet           2.218 / 2.218         1.993 / 5.434         1.818 / 11.047        1.818 / 11.047      ms
[1080.268s][info][gc,stats    ]    Subphase: Pause Mark Try Complete                       0.000 / 0.000         0.001 / 0.001         0.001 / 0.003         0.001 / 0.003       ms
[1080.268s][info][gc,stats    ]      System: Java Threads                                     83 / 83               82 / 83               78 / 83               78 / 83          threads
[1080.268s][info][gc,stats    ] =========================================================================================================================================================
[1083.268s][info][gc,start    ] GC(177) Garbage Collection (Allocation Rate)
[1083.268s][info][gc,task     ] GC(177) Using 1 workers
[1083.268s][info][gc,phases   ] GC(177) Pause Mark Start 0.004ms
[1083.838s][info][gc,phases   ] GC(177) Concurrent Mark 570.016ms
[1083.839s][info][gc,phases   ] GC(177) Pause Mark End 0.008ms
[1083.839s][info][gc,phases   ] GC(177) Concurrent Mark Free 0.000ms
[1083.854s][info][gc,phases   ] GC(177) Concurrent Process Non-Strong References 14.955ms
[1083.854s][info][gc,phases   ] GC(177) Concurrent Reset Relocation Set 0.331ms
[1083.857s][info][gc,phases   ] GC(177) Concurrent Select Relocation Set 3.380ms
[1083.857s][info][gc,phases   ] GC(177) Pause Relocate Start 0.006ms
[1083.902s][info][gc,phases   ] GC(177) Concurrent Relocate 44.614ms
[1083.902s][info][gc,load     ] GC(177) Load: 0.00/0.00/0.00
[1083.902s][info][gc,mmu      ] GC(177) MMU: 2ms/0.0%, 5ms/0.0%, 10ms/27.5%, 20ms/63.8%, 50ms/85.5%, 100ms/92.8%
[1083.902s][info][gc,marking  ] GC(177) Mark: 1 stripe(s), 2 proactive flush(es), 1 terminate flush(es), 0 completion(s), 0 continuation(s) 
[1083.902s][info][gc,marking  ] GC(177) Mark Stack Usage: 32M
[1083.902s][info][gc,nmethod  ] GC(177) NMethods: 10499 registered, 433 unregistered
[1083.902s][info][gc,metaspace] GC(177) Metaspace: 131M used, 133M committed, 1152M reserved
[1083.902s][info][gc,ref      ] GC(177) Soft: 6083 encountered, 0 discovered, 0 enqueued
[1083.902s][info][gc,ref      ] GC(177) Weak: 23309 encountered, 937 discovered, 4 enqueued
[1083.902s][info][gc,ref      ] GC(177) Final: 34 encountered, 0 discovered, 0 enqueued
[1083.902s][info][gc,ref      ] GC(177) Phantom: 979 encountered, 741 discovered, 1 enqueued
[1083.902s][info][gc,reloc    ] GC(177) Small Pages: 3373 / 6746M, Empty: 4272M, Relocated: 73M, In-Place: 0
[1083.902s][info][gc,reloc    ] GC(177) Medium Pages: 2 / 64M, Empty: 0M, Relocated: 0M, In-Place: 0
[1083.902s][info][gc,reloc    ] GC(177) Large Pages: 0 / 0M, Empty: 0M, Relocated: 0M, In-Place: 0
[1083.902s][info][gc,reloc    ] GC(177) Forwarding Usage: 21M
[1083.902s][info][gc,heap     ] GC(177) Min Capacity: 8192M(100%)
[1083.902s][info][gc,heap     ] GC(177) Max Capacity: 8192M(100%)
[1083.902s][info][gc,heap     ] GC(177) Soft Max Capacity: 8192M(100%)
[1083.902s][info][gc,heap     ] GC(177)                Mark Start          Mark End        Relocate Start      Relocate End           High               Low         
[1083.902s][info][gc,heap     ] GC(177)  Capacity:     8192M (100%)       8192M (100%)       8192M (100%)       8192M (100%)       8192M (100%)       8192M (100%)   
[1083.902s][info][gc,heap     ] GC(177)      Free:     1382M (17%)        1174M (14%)        5434M (66%)        7330M (89%)        7330M (89%)        1164M (14%)    
[1083.902s][info][gc,heap     ] GC(177)      Used:     6810M (83%)        7018M (86%)        2758M (34%)         862M (11%)        7028M (86%)         862M (11%)    
[1083.902s][info][gc,heap     ] GC(177)      Live:         -               562M (7%)          562M (7%)          562M (7%)             -                  -          
[1083.902s][info][gc,heap     ] GC(177) Allocated:         -               208M (3%)          220M (3%)          223M (3%)             -                  -          
[1083.902s][info][gc,heap     ] GC(177)   Garbage:         -              6247M (76%)        1975M (24%)          76M (1%)             -                  -          
[1083.902s][info][gc,heap     ] GC(177) Reclaimed:         -                  -              4272M (52%)        6171M (75%)            -                  -          
[1083.902s][info][gc          ] GC(177) Garbage Collection (Allocation Rate) 6810M(83%)->862M(11%)
[1090.268s][info][gc,stats    ] === Garbage Collection Statistics =======================================================================================================================
[1090.268s][info][gc,stats    ]                                                              Last 10s              Last 10m              Last 10h                Total
[1090.268s][info][gc,stats    ]                                                              Avg / Max             Avg / Max             Avg / Max             Avg / Max
[1090.268s][info][gc,stats    ]   Collector: Garbage Collection Cycle                    633.964 / 633.964     651.442 / 1022.022   1019.945 / 7809.708   1019.945 / 7809.708    ms
[1090.268s][info][gc,stats    ]  Contention: Mark Segment Reset Contention                     0 / 0                 0 / 5                 0 / 9                 0 / 9           ops/s
[1090.268s][info][gc,stats    ]  Contention: Mark SeqNum Reset Contention                      0 / 0                 0 / 1                 0 / 1                 0 / 1           ops/s
[1090.268s][info][gc,stats    ]    Critical: Allocation Stall                                  0 / 0                 0 / 0                 0 / 0                 0 / 0           ops/s
[1090.268s][info][gc,stats    ]    Critical: Allocation Stall                              0.000 / 0.000         0.000 / 0.000         0.000 / 0.000         0.000 / 0.000       ms
[1090.268s][info][gc,stats    ]    Critical: GC Locker Stall                                   0 / 0                 0 / 1                 0 / 2                 0 / 2           ops/s
[1090.268s][info][gc,stats    ]    Critical: GC Locker Stall                               0.000 / 0.000         0.050 / 0.268         0.047 / 0.268         0.047 / 0.268       ms
[1090.268s][info][gc,stats    ]    Critical: Relocation Stall                                  0 / 0                 0 / 0                 0 / 0                 0 / 0           ops/s
[1090.268s][info][gc,stats    ]    Critical: Relocation Stall                              0.000 / 0.000         0.000 / 0.000         0.000 / 0.000         0.000 / 0.000       ms
[1090.268s][info][gc,stats    ]      Memory: Allocation Rate                                 698 / 1194            826 / 1548            737 / 1548            737 / 1548        MB/s
[1090.268s][info][gc,stats    ]      Memory: Defragment                                        0 / 0                 0 / 0                 0 / 0                 0 / 0           ops/s
[1090.268s][info][gc,stats    ]      Memory: Out Of Memory                                     0 / 0                 0 / 0                 0 / 0                 0 / 0           ops/s
[1090.268s][info][gc,stats    ]      Memory: Page Cache Flush                                  0 / 0                 0 / 0                 0 / 0                 0 / 0           MB/s
[1090.268s][info][gc,stats    ]      Memory: Page Cache Hit L1                               352 / 597             420 / 811             372 / 811             372 / 811         ops/s
[1090.268s][info][gc,stats    ]      Memory: Page Cache Hit L2                                 0 / 0                 0 / 0                 0 / 0                 0 / 0           ops/s
[1090.268s][info][gc,stats    ]      Memory: Page Cache Hit L3                                 0 / 0                 0 / 0                 3 / 397               3 / 397         ops/s
[1090.268s][info][gc,stats    ]      Memory: Page Cache Miss                                   0 / 0                 0 / 0                 0 / 1                 0 / 1           ops/s
[1090.268s][info][gc,stats    ]      Memory: Uncommit                                          0 / 0                 0 / 0                 0 / 0                 0 / 0           MB/s
[1090.268s][info][gc,stats    ]      Memory: Undo Object Allocation Failed                     0 / 0                 0 / 0                 0 / 0                 0 / 0           ops/s
[1090.268s][info][gc,stats    ]      Memory: Undo Object Allocation Succeeded                  0 / 1                 0 / 68                2 / 400               2 / 400         ops/s
[1090.268s][info][gc,stats    ]      Memory: Undo Page Allocation                              0 / 0                 0 / 1                 0 / 1                 0 / 1           ops/s
[1090.268s][info][gc,stats    ]       Phase: Concurrent Mark                             570.016 / 570.016     553.353 / 840.833     786.915 / 5264.294    786.915 / 5264.294    ms
[1090.268s][info][gc,stats    ]       Phase: Concurrent Mark Continue                      0.000 / 0.000         0.000 / 0.000         0.000 / 0.000         0.000 / 0.000       ms
[1090.268s][info][gc,stats    ]       Phase: Concurrent Mark Free                          0.000 / 0.000         0.000 / 0.001         0.001 / 0.003         0.001 / 0.003       ms
[1090.268s][info][gc,stats    ]       Phase: Concurrent Process Non-Strong References     14.955 / 14.955       14.809 / 29.474       28.451 / 1493.667     28.451 / 1493.667    ms
[1090.268s][info][gc,stats    ]       Phase: Concurrent Relocate                          44.614 / 44.614       69.902 / 150.321      57.886 / 150.389      57.886 / 150.389     ms
[1090.268s][info][gc,stats    ]       Phase: Concurrent Reset Relocation Set               0.331 / 0.331         0.182 / 0.396         0.145 / 0.465         0.145 / 0.465       ms
[1090.268s][info][gc,stats    ]       Phase: Concurrent Select Relocation Set              3.380 / 3.380        12.535 / 38.181      140.240 / 2796.200    140.240 / 2796.200    ms
[1090.268s][info][gc,stats    ]       Phase: Pause Mark End                                0.008 / 0.008         0.011 / 0.052         0.053 / 4.475         0.053 / 4.475       ms
[1090.268s][info][gc,stats    ]       Phase: Pause Mark Start                              0.004 / 0.004         0.005 / 0.015         0.049 / 7.250         0.049 / 7.250       ms
[1090.268s][info][gc,stats    ]       Phase: Pause Relocate Start                          0.006 / 0.006         0.009 / 0.187         0.023 / 1.046         0.023 / 1.046       ms
[1090.268s][info][gc,stats    ]    Subphase: Concurrent Classes Purge                      0.107 / 0.107         0.361 / 1.357         0.550 / 5.775         0.550 / 5.775       ms
[1090.268s][info][gc,stats    ]    Subphase: Concurrent Classes Unlink                    11.585 / 11.585       11.293 / 20.934       21.550 / 1489.339     21.550 / 1489.339    ms
[1090.268s][info][gc,stats    ]    Subphase: Concurrent Mark                             567.407 / 567.407     503.025 / 838.228     742.264 / 5176.991    742.264 / 5176.991    ms
[1090.268s][info][gc,stats    ]    Subphase: Concurrent Mark Try Flush                     0.071 / 0.092         0.065 / 0.365         2.650 / 786.951       2.650 / 786.951     ms
[1090.268s][info][gc,stats    ]    Subphase: Concurrent Mark Try Terminate                 0.046 / 0.093         0.221 / 1.588         0.986 / 12.169        0.986 / 12.169      ms
[1090.268s][info][gc,stats    ]    Subphase: Concurrent References Enqueue                 0.002 / 0.002         0.002 / 0.004         0.002 / 0.006         0.002 / 0.006       ms
[1090.268s][info][gc,stats    ]    Subphase: Concurrent References Process                 0.232 / 0.232         0.627 / 2.996         0.581 / 2.996         0.581 / 2.996       ms
[1090.268s][info][gc,stats    ]    Subphase: Concurrent Roots ClassLoaderDataGraph         0.297 / 0.297         0.303 / 0.850         0.561 / 40.174        0.561 / 40.174      ms
[1090.268s][info][gc,stats    ]    Subphase: Concurrent Roots CodeCache                    0.000 / 0.000         0.000 / 0.000         0.000 / 0.000         0.000 / 0.000       ms
[1090.268s][info][gc,stats    ]    Subphase: Concurrent Roots JavaThreads                  2.067 / 2.067         1.353 / 3.034         5.725 / 441.054       5.725 / 441.054     ms
[1090.268s][info][gc,stats    ]    Subphase: Concurrent Roots OopStorageSet                0.069 / 0.069         0.119 / 0.779         1.010 / 136.487       1.010 / 136.487     ms
[1090.268s][info][gc,stats    ]    Subphase: Concurrent Weak Roots OopStorageSet           2.636 / 2.636         1.990 / 5.434         1.821 / 11.047        1.821 / 11.047      ms
[1090.268s][info][gc,stats    ]    Subphase: Pause Mark Try Complete                       0.000 / 0.000         0.001 / 0.001         0.001 / 0.003         0.001 / 0.003       ms
[1090.268s][info][gc,stats    ]      System: Java Threads                                     83 / 83               82 / 83               78 / 83               78 / 83          threads
[1090.268s][info][gc,stats    ] =========================================================================================================================================================
[1092.568s][info][gc,start    ] GC(178) Garbage Collection (Allocation Rate)
[1092.568s][info][gc,task     ] GC(178) Using 1 workers
[1092.568s][info][gc,phases   ] GC(178) Pause Mark Start 0.004ms
[1093.160s][info][gc,phases   ] GC(178) Concurrent Mark 591.604ms
[1093.160s][info][gc,phases   ] GC(178) Pause Mark End 0.009ms
[1093.160s][info][gc,phases   ] GC(178) Concurrent Mark Free 0.000ms
[1093.176s][info][gc,phases   ] GC(178) Concurrent Process Non-Strong References 16.318ms
[1093.176s][info][gc,phases   ] GC(178) Concurrent Reset Relocation Set 0.077ms
[1093.188s][info][gc,phases   ] GC(178) Concurrent Select Relocation Set 11.395ms
[1093.188s][info][gc,phases   ] GC(178) Pause Relocate Start 0.005ms
[1093.238s][info][gc,phases   ] GC(178) Concurrent Relocate 49.846ms
[1093.238s][info][gc,load     ] GC(178) Load: 0.00/0.00/0.00
[1093.238s][info][gc,mmu      ] GC(178) MMU: 2ms/0.0%, 5ms/0.0%, 10ms/27.5%, 20ms/63.8%, 50ms/85.5%, 100ms/92.8%
[1093.238s][info][gc,marking  ] GC(178) Mark: 1 stripe(s), 2 proactive flush(es), 1 terminate flush(es), 0 completion(s), 0 continuation(s) 
[1093.238s][info][gc,marking  ] GC(178) Mark Stack Usage: 32M
[1093.238s][info][gc,nmethod  ] GC(178) NMethods: 10506 registered, 437 unregistered
[1093.238s][info][gc,metaspace] GC(178) Metaspace: 131M used, 133M committed, 1152M reserved
[1093.238s][info][gc,ref      ] GC(178) Soft: 6083 encountered, 0 discovered, 0 enqueued
[1093.238s][info][gc,ref      ] GC(178) Weak: 23310 encountered, 12471 discovered, 2 enqueued
[1093.238s][info][gc,ref      ] GC(178) Final: 34 encountered, 0 discovered, 0 enqueued
[1093.238s][info][gc,ref      ] GC(178) Phantom: 984 encountered, 656 discovered, 0 enqueued
[1093.238s][info][gc,reloc    ] GC(178) Small Pages: 3535 / 7070M, Empty: 2798M, Relocated: 73M, In-Place: 0
[1093.238s][info][gc,reloc    ] GC(178) Medium Pages: 2 / 64M, Empty: 0M, Relocated: 0M, In-Place: 0
[1093.238s][info][gc,reloc    ] GC(178) Large Pages: 0 / 0M, Empty: 0M, Relocated: 0M, In-Place: 0
[1093.238s][info][gc,reloc    ] GC(178) Forwarding Usage: 22M
[1093.238s][info][gc,heap     ] GC(178) Min Capacity: 8192M(100%)
[1093.238s][info][gc,heap     ] GC(178) Max Capacity: 8192M(100%)
[1093.238s][info][gc,heap     ] GC(178) Soft Max Capacity: 8192M(100%)
[1093.238s][info][gc,heap     ] GC(178)                Mark Start          Mark End        Relocate Start      Relocate End           High               Low         
[1093.238s][info][gc,heap     ] GC(178)  Capacity:     8192M (100%)       8192M (100%)       8192M (100%)       8192M (100%)       8192M (100%)       8192M (100%)   
[1093.238s][info][gc,heap     ] GC(178)      Free:     1058M (13%)         424M (5%)         3194M (39%)        6842M (84%)        6842M (84%)         408M (5%)     
[1093.238s][info][gc,heap     ] GC(178)      Used:     7134M (87%)        7768M (95%)        4998M (61%)        1350M (16%)        7784M (95%)        1350M (16%)    
[1093.238s][info][gc,heap     ] GC(178)      Live:         -               561M (7%)          561M (7%)          561M (7%)             -                  -          
[1093.238s][info][gc,heap     ] GC(178) Allocated:         -               634M (8%)          662M (8%)          712M (9%)             -                  -          
[1093.238s][info][gc,heap     ] GC(178)   Garbage:         -              6572M (80%)        3774M (46%)          75M (1%)             -                  -          
[1093.238s][info][gc,heap     ] GC(178) Reclaimed:         -                  -              2798M (34%)        6496M (79%)            -                  -          
[1093.238s][info][gc          ] GC(178) Garbage Collection (Allocation Rate) 7134M(87%)->1350M(16%)
[1099.967s][info][gc,start    ] GC(179) Garbage Collection (Allocation Rate)
[1099.967s][info][gc,task     ] GC(179) Using 1 workers
[1099.968s][info][gc,phases   ] GC(179) Pause Mark Start 0.004ms
[1100.268s][info][gc,stats    ] === Garbage Collection Statistics =======================================================================================================================
[1100.268s][info][gc,stats    ]                                                              Last 10s              Last 10m              Last 10h                Total
[1100.268s][info][gc,stats    ]                                                              Avg / Max             Avg / Max             Avg / Max             Avg / Max
[1100.268s][info][gc,stats    ]   Collector: Garbage Collection Cycle                    669.883 / 669.883     645.240 / 1022.022   1017.989 / 7809.708   1017.989 / 7809.708    ms
[1100.268s][info][gc,stats    ]  Contention: Mark Segment Reset Contention                     0 / 0                 0 / 5                 0 / 9                 0 / 9           ops/s
[1100.268s][info][gc,stats    ]  Contention: Mark SeqNum Reset Contention                      0 / 0                 0 / 1                 0 / 1                 0 / 1           ops/s
[1100.268s][info][gc,stats    ]    Critical: Allocation Stall                                  0 / 0                 0 / 0                 0 / 0                 0 / 0           ops/s
[1100.268s][info][gc,stats    ]    Critical: Allocation Stall                              0.000 / 0.000         0.000 / 0.000         0.000 / 0.000         0.000 / 0.000       ms
[1100.268s][info][gc,stats    ]    Critical: GC Locker Stall                                   0 / 0                 0 / 1                 0 / 2                 0 / 2           ops/s
[1100.268s][info][gc,stats    ]    Critical: GC Locker Stall                               0.000 / 0.000         0.050 / 0.268         0.047 / 0.268         0.047 / 0.268       ms
[1100.268s][info][gc,stats    ]    Critical: Relocation Stall                                  0 / 0                 0 / 0                 0 / 0                 0 / 0           ops/s
[1100.268s][info][gc,stats    ]    Critical: Relocation Stall                              0.000 / 0.000         0.000 / 0.000         0.000 / 0.000         0.000 / 0.000       ms
[1100.268s][info][gc,stats    ]      Memory: Allocation Rate                                 895 / 1012            826 / 1548            738 / 1548            738 / 1548        MB/s
[1100.268s][info][gc,stats    ]      Memory: Defragment                                        0 / 0                 0 / 0                 0 / 0                 0 / 0           ops/s
[1100.268s][info][gc,stats    ]      Memory: Out Of Memory                                     0 / 0                 0 / 0                 0 / 0                 0 / 0           ops/s
[1100.268s][info][gc,stats    ]      Memory: Page Cache Flush                                  0 / 0                 0 / 0                 0 / 0                 0 / 0           MB/s
[1100.268s][info][gc,stats    ]      Memory: Page Cache Hit L1                               451 / 506             420 / 811             372 / 811             372 / 811         ops/s
[1100.268s][info][gc,stats    ]      Memory: Page Cache Hit L2                                 0 / 0                 0 / 0                 0 / 0                 0 / 0           ops/s
[1100.268s][info][gc,stats    ]      Memory: Page Cache Hit L3                                 0 / 0                 0 / 0                 3 / 397               3 / 397         ops/s
[1100.268s][info][gc,stats    ]      Memory: Page Cache Miss                                   0 / 0                 0 / 0                 0 / 1                 0 / 1           ops/s
[1100.268s][info][gc,stats    ]      Memory: Uncommit                                          0 / 0                 0 / 0                 0 / 0                 0 / 0           MB/s
[1100.268s][info][gc,stats    ]      Memory: Undo Object Allocation Failed                     0 / 0                 0 / 0                 0 / 0                 0 / 0           ops/s
[1100.268s][info][gc,stats    ]      Memory: Undo Object Allocation Succeeded                  0 / 1                 0 / 68                2 / 400               2 / 400         ops/s
[1100.268s][info][gc,stats    ]      Memory: Undo Page Allocation                              0 / 0                 0 / 1                 0 / 1                 0 / 1           ops/s
[1100.268s][info][gc,stats    ]       Phase: Concurrent Mark                             591.604 / 591.604     548.078 / 840.833     785.824 / 5264.294    785.824 / 5264.294    ms
[1100.268s][info][gc,stats    ]       Phase: Concurrent Mark Continue                      0.000 / 0.000         0.000 / 0.000         0.000 / 0.000         0.000 / 0.000       ms
[1100.268s][info][gc,stats    ]       Phase: Concurrent Mark Free                          0.000 / 0.000         0.000 / 0.001         0.001 / 0.003         0.001 / 0.003       ms
[1100.268s][info][gc,stats    ]       Phase: Concurrent Process Non-Strong References     16.318 / 16.318       14.779 / 29.474       28.383 / 1493.667     28.383 / 1493.667    ms
[1100.268s][info][gc,stats    ]       Phase: Concurrent Relocate                          49.846 / 49.846       69.190 / 150.321      57.841 / 150.389      57.841 / 150.389     ms
[1100.268s][info][gc,stats    ]       Phase: Concurrent Reset Relocation Set               0.077 / 0.077         0.180 / 0.396         0.144 / 0.465         0.144 / 0.465       ms
[1100.268s][info][gc,stats    ]       Phase: Concurrent Select Relocation Set             11.395 / 11.395       12.349 / 38.181      139.520 / 2796.200    139.520 / 2796.200    ms
[1100.268s][info][gc,stats    ]       Phase: Pause Mark End                                0.009 / 0.009         0.011 / 0.052         0.053 / 4.475         0.053 / 4.475       ms
[1100.269s][info][gc,stats    ]       Phase: Pause Mark Start                              0.004 / 0.004         0.005 / 0.015         0.048 / 7.250         0.048 / 7.250       ms
[1100.269s][info][gc,stats    ]       Phase: Pause Relocate Start                          0.005 / 0.005         0.009 / 0.187         0.023 / 1.046         0.023 / 1.046       ms
[1100.269s][info][gc,stats    ]    Subphase: Concurrent Classes Purge                      0.029 / 0.029         0.350 / 1.357         0.547 / 5.775         0.547 / 5.775       ms
[1100.269s][info][gc,stats    ]    Subphase: Concurrent Classes Unlink                    12.032 / 12.032       11.257 / 20.934       21.497 / 1489.339     21.497 / 1489.339    ms
[1100.269s][info][gc,stats    ]    Subphase: Concurrent Mark                             589.539 / 589.539     498.653 / 838.228     741.728 / 5176.991    741.728 / 5176.991    ms
[1100.269s][info][gc,stats    ]    Subphase: Concurrent Mark Try Flush                     0.059 / 0.074         0.064 / 0.365         2.636 / 786.951       2.636 / 786.951     ms
[1100.269s][info][gc,stats    ]    Subphase: Concurrent Mark Try Terminate                 0.026 / 0.053         0.224 / 1.588         0.985 / 12.169        0.985 / 12.169      ms
[1100.269s][info][gc,stats    ]    Subphase: Concurrent References Enqueue                 0.002 / 0.002         0.002 / 0.004         0.002 / 0.006         0.002 / 0.006       ms
[1100.269s][info][gc,stats    ]    Subphase: Concurrent References Process                 1.419 / 1.419         0.647 / 2.996         0.585 / 2.996         0.585 / 2.996       ms
[1100.269s][info][gc,stats    ]    Subphase: Concurrent Roots ClassLoaderDataGraph         0.293 / 0.303         0.302 / 0.850         0.559 / 40.174        0.559 / 40.174      ms
[1100.269s][info][gc,stats    ]    Subphase: Concurrent Roots CodeCache                    0.000 / 0.000         0.000 / 0.000         0.000 / 0.000         0.000 / 0.000       ms
[1100.269s][info][gc,stats    ]    Subphase: Concurrent Roots JavaThreads                  1.566 / 1.576         1.342 / 2.842         5.696 / 441.054       5.696 / 441.054     ms
[1100.269s][info][gc,stats    ]    Subphase: Concurrent Roots OopStorageSet                0.071 / 0.072         0.116 / 0.779         1.003 / 136.487       1.003 / 136.487     ms
[1100.269s][info][gc,stats    ]    Subphase: Concurrent Weak Roots OopStorageSet           2.559 / 2.559         1.986 / 5.434         1.823 / 11.047        1.823 / 11.047      ms
[1100.269s][info][gc,stats    ]    Subphase: Pause Mark Try Complete                       0.000 / 0.000         0.001 / 0.001         0.001 / 0.003         0.001 / 0.003       ms
[1100.269s][info][gc,stats    ]      System: Java Threads                                     83 / 83               82 / 83               78 / 83               78 / 83          threads
[1100.269s][info][gc,stats    ] =========================================================================================================================================================
[1100.566s][info][gc,phases   ] GC(179) Concurrent Mark 598.439ms
[1100.566s][info][gc,phases   ] GC(179) Pause Mark End 0.009ms
[1100.566s][info][gc,phases   ] GC(179) Concurrent Mark Free 0.001ms
[1100.584s][info][gc,phases   ] GC(179) Concurrent Process Non-Strong References 17.772ms
[1100.584s][info][gc,phases   ] GC(179) Concurrent Reset Relocation Set 0.235ms
[1100.596s][info][gc,phases   ] GC(179) Concurrent Select Relocation Set 11.352ms
[1100.596s][info][gc,phases   ] GC(179) Pause Relocate Start 0.005ms
[1100.660s][info][gc,phases   ] GC(179) Concurrent Relocate 63.903ms
[1100.660s][info][gc,load     ] GC(179) Load: 0.00/0.00/0.00
[1100.660s][info][gc,mmu      ] GC(179) MMU: 2ms/0.0%, 5ms/0.0%, 10ms/27.5%, 20ms/63.8%, 50ms/85.5%, 100ms/92.8%
[1100.660s][info][gc,marking  ] GC(179) Mark: 1 stripe(s), 2 proactive flush(es), 1 terminate flush(es), 0 completion(s), 0 continuation(s) 
[1100.660s][info][gc,marking  ] GC(179) Mark Stack Usage: 32M
[1100.660s][info][gc,nmethod  ] GC(179) NMethods: 10520 registered, 442 unregistered
[1100.660s][info][gc,metaspace] GC(179) Metaspace: 131M used, 133M committed, 1152M reserved
[1100.660s][info][gc,ref      ] GC(179) Soft: 6083 encountered, 0 discovered, 0 enqueued
[1100.660s][info][gc,ref      ] GC(179) Weak: 23310 encountered, 12470 discovered, 2 enqueued
[1100.660s][info][gc,ref      ] GC(179) Final: 34 encountered, 0 discovered, 0 enqueued
[1100.660s][info][gc,ref      ] GC(179) Phantom: 987 encountered, 658 discovered, 0 enqueued
[1100.660s][info][gc,reloc    ] GC(179) Small Pages: 3602 / 7204M, Empty: 2868M, Relocated: 87M, In-Place: 0
[1100.660s][info][gc,reloc    ] GC(179) Medium Pages: 2 / 64M, Empty: 0M, Relocated: 0M, In-Place: 0
[1100.660s][info][gc,reloc    ] GC(179) Large Pages: 0 / 0M, Empty: 0M, Relocated: 0M, In-Place: 0
[1100.660s][info][gc,reloc    ] GC(179) Forwarding Usage: 23M
[1100.660s][info][gc,heap     ] GC(179) Min Capacity: 8192M(100%)
[1100.660s][info][gc,heap     ] GC(179) Max Capacity: 8192M(100%)
[1100.660s][info][gc,heap     ] GC(179) Soft Max Capacity: 8192M(100%)
[1100.660s][info][gc,heap     ] GC(179)                Mark Start          Mark End        Relocate Start      Relocate End           High               Low         
[1100.660s][info][gc,heap     ] GC(179)  Capacity:     8192M (100%)       8192M (100%)       8192M (100%)       8192M (100%)       8192M (100%)       8192M (100%)   
[1100.660s][info][gc,heap     ] GC(179)      Free:      924M (11%)         366M (4%)         3186M (39%)        6816M (83%)        6816M (83%)         330M (4%)     
[1100.660s][info][gc,heap     ] GC(179)      Used:     7268M (89%)        7826M (96%)        5006M (61%)        1376M (17%)        7862M (96%)        1376M (17%)    
[1100.660s][info][gc,heap     ] GC(179)      Live:         -               578M (7%)          578M (7%)          578M (7%)             -                  -          
[1100.660s][info][gc,heap     ] GC(179) Allocated:         -               558M (7%)          606M (7%)          719M (9%)             -                  -          
[1100.660s][info][gc,heap     ] GC(179)   Garbage:         -              6689M (82%)        3821M (47%)          78M (1%)             -                  -          
[1100.660s][info][gc,heap     ] GC(179) Reclaimed:         -                  -              2868M (35%)        6611M (81%)            -                  -          
[1100.660s][info][gc          ] GC(179) Garbage Collection (Allocation Rate) 7268M(89%)->1376M(17%)
[1105.867s][info][gc,start    ] GC(180) Garbage Collection (Allocation Rate)
[1105.868s][info][gc,task     ] GC(180) Using 2 workers
[1105.868s][info][gc,phases   ] GC(180) Pause Mark Start 0.004ms
[1106.216s][info][gc,phases   ] GC(180) Concurrent Mark 348.172ms
[1106.216s][info][gc,phases   ] GC(180) Pause Mark End 0.009ms
[1106.216s][info][gc,phases   ] GC(180) Concurrent Mark Free 0.000ms
[1106.226s][info][gc,phases   ] GC(180) Concurrent Process Non-Strong References 9.825ms
[1106.226s][info][gc,phases   ] GC(180) Concurrent Reset Relocation Set 0.136ms
[1106.229s][info][gc,phases   ] GC(180) Concurrent Select Relocation Set 3.424ms
[1106.229s][info][gc,phases   ] GC(180) Pause Relocate Start 0.005ms
[1106.259s][info][gc,phases   ] GC(180) Concurrent Relocate 29.782ms
[1106.259s][info][gc,load     ] GC(180) Load: 0.00/0.00/0.00
[1106.259s][info][gc,mmu      ] GC(180) MMU: 2ms/0.0%, 5ms/0.0%, 10ms/27.5%, 20ms/63.8%, 50ms/85.5%, 100ms/92.8%
[1106.259s][info][gc,marking  ] GC(180) Mark: 2 stripe(s), 2 proactive flush(es), 1 terminate flush(es), 0 completion(s), 0 continuation(s) 
[1106.259s][info][gc,marking  ] GC(180) Mark Stack Usage: 32M
[1106.259s][info][gc,nmethod  ] GC(180) NMethods: 10520 registered, 448 unregistered
[1106.259s][info][gc,metaspace] GC(180) Metaspace: 131M used, 133M committed, 1152M reserved
[1106.259s][info][gc,ref      ] GC(180) Soft: 6083 encountered, 0 discovered, 0 enqueued
[1106.259s][info][gc,ref      ] GC(180) Weak: 23309 encountered, 12274 discovered, 0 enqueued
[1106.259s][info][gc,ref      ] GC(180) Final: 34 encountered, 0 discovered, 0 enqueued
[1106.259s][info][gc,ref      ] GC(180) Phantom: 987 encountered, 747 discovered, 0 enqueued
[1106.259s][info][gc,reloc    ] GC(180) Small Pages: 3456 / 6912M, Empty: 4072M, Relocated: 62M, In-Place: 0
[1106.259s][info][gc,reloc    ] GC(180) Medium Pages: 2 / 64M, Empty: 0M, Relocated: 0M, In-Place: 0
[1106.259s][info][gc,reloc    ] GC(180) Large Pages: 0 / 0M, Empty: 0M, Relocated: 0M, In-Place: 0
[1106.259s][info][gc,reloc    ] GC(180) Forwarding Usage: 18M
[1106.260s][info][gc,heap     ] GC(180) Min Capacity: 8192M(100%)
[1106.260s][info][gc,heap     ] GC(180) Max Capacity: 8192M(100%)
[1106.260s][info][gc,heap     ] GC(180) Soft Max Capacity: 8192M(100%)
[1106.260s][info][gc,heap     ] GC(180)                Mark Start          Mark End        Relocate Start      Relocate End           High               Low         
[1106.260s][info][gc,heap     ] GC(180)  Capacity:     8192M (100%)       8192M (100%)       8192M (100%)       8192M (100%)       8192M (100%)       8192M (100%)   
[1106.260s][info][gc,heap     ] GC(180)      Free:     1216M (15%)         912M (11%)        4972M (61%)        7220M (88%)        7220M (88%)         902M (11%)    
[1106.260s][info][gc,heap     ] GC(180)      Used:     6976M (85%)        7280M (89%)        3220M (39%)         972M (12%)        7290M (89%)         972M (12%)    
[1106.260s][info][gc,heap     ] GC(180)      Live:         -               552M (7%)          552M (7%)          552M (7%)             -                  -          
[1106.260s][info][gc,heap     ] GC(180) Allocated:         -               304M (4%)          316M (4%)          341M (4%)             -                  -          
[1106.260s][info][gc,heap     ] GC(180)   Garbage:         -              6423M (78%)        2351M (29%)          77M (1%)             -                  -          
[1106.260s][info][gc,heap     ] GC(180) Reclaimed:         -                  -              4072M (50%)        6345M (77%)            -                  -          
[1106.260s][info][gc          ] GC(180) Garbage Collection (Allocation Rate) 6976M(85%)->972M(12%)
[1110.268s][info][gc,stats    ] === Garbage Collection Statistics =======================================================================================================================
[1110.268s][info][gc,stats    ]                                                              Last 10s              Last 10m              Last 10h                Total
[1110.268s][info][gc,stats    ]                                                              Avg / Max             Avg / Max             Avg / Max             Avg / Max
[1110.268s][info][gc,stats    ]   Collector: Garbage Collection Cycle                    542.116 / 692.331     646.117 / 1022.022   1012.731 / 7809.708   1012.731 / 7809.708    ms
[1110.268s][info][gc,stats    ]  Contention: Mark Segment Reset Contention                     0 / 2                 0 / 5                 0 / 9                 0 / 9           ops/s
[1110.268s][info][gc,stats    ]  Contention: Mark SeqNum Reset Contention                      0 / 0                 0 / 1                 0 / 1                 0 / 1           ops/s
[1110.268s][info][gc,stats    ]    Critical: Allocation Stall                                  0 / 0                 0 / 0                 0 / 0                 0 / 0           ops/s
[1110.268s][info][gc,stats    ]    Critical: Allocation Stall                              0.000 / 0.000         0.000 / 0.000         0.000 / 0.000         0.000 / 0.000       ms
[1110.268s][info][gc,stats    ]    Critical: GC Locker Stall                                   0 / 0                 0 / 1                 0 / 2                 0 / 2           ops/s
[1110.268s][info][gc,stats    ]    Critical: GC Locker Stall                               0.000 / 0.000         0.050 / 0.268         0.047 / 0.268         0.047 / 0.268       ms
[1110.268s][info][gc,stats    ]    Critical: Relocation Stall                                  0 / 0                 0 / 0                 0 / 0                 0 / 0           ops/s
[1110.268s][info][gc,stats    ]    Critical: Relocation Stall                              0.000 / 0.000         0.000 / 0.000         0.000 / 0.000         0.000 / 0.000       ms
[1110.268s][info][gc,stats    ]      Memory: Allocation Rate                                 978 / 1336            830 / 1548            740 / 1548            740 / 1548        MB/s
[1110.268s][info][gc,stats    ]      Memory: Defragment                                        0 / 0                 0 / 0                 0 / 0                 0 / 0           ops/s
[1110.268s][info][gc,stats    ]      Memory: Out Of Memory                                     0 / 0                 0 / 0                 0 / 0                 0 / 0           ops/s
[1110.268s][info][gc,stats    ]      Memory: Page Cache Flush                                  0 / 0                 0 / 0                 0 / 0                 0 / 0           MB/s
[1110.268s][info][gc,stats    ]      Memory: Page Cache Hit L1                               496 / 668             422 / 811             373 / 811             373 / 811         ops/s
[1110.268s][info][gc,stats    ]      Memory: Page Cache Hit L2                                 0 / 0                 0 / 0                 0 / 0                 0 / 0           ops/s
[1110.268s][info][gc,stats    ]      Memory: Page Cache Hit L3                                 0 / 0                 0 / 0                 3 / 397               3 / 397         ops/s
[1110.268s][info][gc,stats    ]      Memory: Page Cache Miss                                   0 / 0                 0 / 0                 0 / 1                 0 / 1           ops/s
[1110.268s][info][gc,stats    ]      Memory: Uncommit                                          0 / 0                 0 / 0                 0 / 0                 0 / 0           MB/s
[1110.268s][info][gc,stats    ]      Memory: Undo Object Allocation Failed                     0 / 0                 0 / 0                 0 / 0                 0 / 0           ops/s
[1110.268s][info][gc,stats    ]      Memory: Undo Object Allocation Succeeded                  0 / 3                 0 / 68                2 / 400               2 / 400         ops/s
[1110.268s][info][gc,stats    ]      Memory: Undo Page Allocation                              0 / 0                 0 / 1                 0 / 1                 0 / 1           ops/s
[1110.268s][info][gc,stats    ]       Phase: Concurrent Mark                             473.305 / 598.439     548.900 / 840.833     782.371 / 5264.294    782.371 / 5264.294    ms
[1110.268s][info][gc,stats    ]       Phase: Concurrent Mark Continue                      0.000 / 0.000         0.000 / 0.000         0.000 / 0.000         0.000 / 0.000       ms
[1110.268s][info][gc,stats    ]       Phase: Concurrent Mark Free                          0.000 / 0.001         0.000 / 0.001         0.001 / 0.003         0.001 / 0.003       ms
[1110.268s][info][gc,stats    ]       Phase: Concurrent Process Non-Strong References     13.798 / 17.772       14.818 / 29.474       28.222 / 1493.667     28.222 / 1493.667    ms
[1110.268s][info][gc,stats    ]       Phase: Concurrent Relocate                          46.843 / 63.903       69.223 / 150.321      57.720 / 150.389      57.720 / 150.389     ms
[1110.268s][info][gc,stats    ]       Phase: Concurrent Reset Relocation Set               0.185 / 0.235         0.181 / 0.396         0.145 / 0.465         0.145 / 0.465       ms
[1110.268s][info][gc,stats    ]       Phase: Concurrent Select Relocation Set              7.388 / 11.352       12.334 / 38.181      138.060 / 2796.200    138.060 / 2796.200    ms
[1110.268s][info][gc,stats    ]       Phase: Pause Mark End                                0.009 / 0.009         0.011 / 0.052         0.052 / 4.475         0.052 / 4.475       ms
[1110.268s][info][gc,stats    ]       Phase: Pause Mark Start                              0.004 / 0.004         0.005 / 0.015         0.048 / 7.250         0.048 / 7.250       ms
[1110.268s][info][gc,stats    ]       Phase: Pause Relocate Start                          0.005 / 0.005         0.009 / 0.187         0.023 / 1.046         0.023 / 1.046       ms
[1110.269s][info][gc,stats    ]    Subphase: Concurrent Classes Purge                      0.154 / 0.245         0.339 / 1.357         0.543 / 5.775         0.543 / 5.775       ms
[1110.269s][info][gc,stats    ]    Subphase: Concurrent Classes Unlink                    10.107 / 12.843       11.281 / 20.934       21.371 / 1489.339     21.371 / 1489.339    ms
[1110.269s][info][gc,stats    ]    Subphase: Concurrent Mark                             429.509 / 596.401     499.849 / 838.228     738.476 / 5176.991    738.476 / 5176.991    ms
[1110.269s][info][gc,stats    ]    Subphase: Concurrent Mark Try Flush                     0.049 / 0.101         0.063 / 0.365         2.608 / 786.951       2.608 / 786.951     ms
[1110.269s][info][gc,stats    ]    Subphase: Concurrent Mark Try Terminate                 0.263 / 1.262         0.222 / 1.588         0.983 / 12.169        0.983 / 12.169      ms
[1110.269s][info][gc,stats    ]    Subphase: Concurrent References Enqueue                 0.001 / 0.002         0.002 / 0.004         0.002 / 0.006         0.002 / 0.006       ms
[1110.269s][info][gc,stats    ]    Subphase: Concurrent References Process                 1.461 / 2.145         0.670 / 2.996         0.595 / 2.996         0.595 / 2.996       ms
[1110.269s][info][gc,stats    ]    Subphase: Concurrent Roots ClassLoaderDataGraph         0.226 / 0.358         0.303 / 0.850         0.557 / 40.174        0.557 / 40.174      ms
[1110.269s][info][gc,stats    ]    Subphase: Concurrent Roots CodeCache                    0.000 / 0.000         0.000 / 0.000         0.000 / 0.000         0.000 / 0.000       ms
[1110.269s][info][gc,stats    ]    Subphase: Concurrent Roots JavaThreads                  0.912 / 1.050         1.340 / 2.842         5.663 / 441.054       5.663 / 441.054     ms
[1110.269s][info][gc,stats    ]    Subphase: Concurrent Roots OopStorageSet                0.344 / 0.364         0.121 / 0.779         0.998 / 136.487       0.998 / 136.487     ms
[1110.269s][info][gc,stats    ]    Subphase: Concurrent Weak Roots OopStorageSet           1.560 / 2.432         1.989 / 5.434         1.820 / 11.047        1.820 / 11.047      ms
[1110.269s][info][gc,stats    ]    Subphase: Pause Mark Try Complete                       0.000 / 0.000         0.001 / 0.001         0.001 / 0.003         0.001 / 0.003       ms
[1110.269s][info][gc,stats    ]      System: Java Threads                                     83 / 83               82 / 83               78 / 83               78 / 83          threads
[1110.269s][info][gc,stats    ] =========================================================================================================================================================
[1113.868s][info][gc,start    ] GC(181) Garbage Collection (Allocation Rate)
[1113.868s][info][gc,task     ] GC(181) Using 1 workers
[1113.868s][info][gc,phases   ] GC(181) Pause Mark Start 0.004ms
[1114.464s][info][gc,phases   ] GC(181) Concurrent Mark 595.035ms
[1114.464s][info][gc,phases   ] GC(181) Pause Mark End 0.008ms
[1114.464s][info][gc,phases   ] GC(181) Concurrent Mark Free 0.001ms
[1114.479s][info][gc,phases   ] GC(181) Concurrent Process Non-Strong References 15.488ms
[1114.479s][info][gc,phases   ] GC(181) Concurrent Reset Relocation Set 0.082ms
[1114.490s][info][gc,phases   ] GC(181) Concurrent Select Relocation Set 10.993ms
[1114.490s][info][gc,phases   ] GC(181) Pause Relocate Start 0.005ms
[1114.551s][info][gc,phases   ] GC(181) Concurrent Relocate 60.133ms
[1114.551s][info][gc,load     ] GC(181) Load: 0.00/0.00/0.00
[1114.551s][info][gc,mmu      ] GC(181) MMU: 2ms/0.0%, 5ms/0.0%, 10ms/27.5%, 20ms/63.8%, 50ms/85.5%, 100ms/92.8%
[1114.551s][info][gc,marking  ] GC(181) Mark: 1 stripe(s), 2 proactive flush(es), 1 terminate flush(es), 0 completion(s), 0 continuation(s) 
[1114.551s][info][gc,marking  ] GC(181) Mark Stack Usage: 32M
[1114.551s][info][gc,nmethod  ] GC(181) NMethods: 10534 registered, 450 unregistered
[1114.551s][info][gc,metaspace] GC(181) Metaspace: 131M used, 133M committed, 1152M reserved
[1114.551s][info][gc,ref      ] GC(181) Soft: 6083 encountered, 0 discovered, 0 enqueued
[1114.551s][info][gc,ref      ] GC(181) Weak: 23313 encountered, 928 discovered, 3 enqueued
[1114.551s][info][gc,ref      ] GC(181) Final: 34 encountered, 0 discovered, 0 enqueued
[1114.551s][info][gc,ref      ] GC(181) Phantom: 990 encountered, 741 discovered, 0 enqueued
[1114.551s][info][gc,reloc    ] GC(181) Small Pages: 3576 / 7152M, Empty: 2138M, Relocated: 90M, In-Place: 0
[1114.551s][info][gc,reloc    ] GC(181) Medium Pages: 2 / 64M, Empty: 0M, Relocated: 0M, In-Place: 0
[1114.551s][info][gc,reloc    ] GC(181) Large Pages: 0 / 0M, Empty: 0M, Relocated: 0M, In-Place: 0
[1114.551s][info][gc,reloc    ] GC(181) Forwarding Usage: 27M
[1114.551s][info][gc,heap     ] GC(181) Min Capacity: 8192M(100%)
[1114.551s][info][gc,heap     ] GC(181) Max Capacity: 8192M(100%)
[1114.551s][info][gc,heap     ] GC(181) Soft Max Capacity: 8192M(100%)
[1114.551s][info][gc,heap     ] GC(181)                Mark Start          Mark End        Relocate Start      Relocate End           High               Low         
[1114.551s][info][gc,heap     ] GC(181)  Capacity:     8192M (100%)       8192M (100%)       8192M (100%)       8192M (100%)       8192M (100%)       8192M (100%)   
[1114.551s][info][gc,heap     ] GC(181)      Free:      976M (12%)         494M (6%)         2612M (32%)        6990M (85%)        6990M (85%)         482M (6%)     
[1114.551s][info][gc,heap     ] GC(181)      Used:     7216M (88%)        7698M (94%)        5580M (68%)        1202M (15%)        7710M (94%)        1202M (15%)    
[1114.551s][info][gc,heap     ] GC(181)      Live:         -               579M (7%)          579M (7%)          579M (7%)             -                  -          
[1114.551s][info][gc,heap     ] GC(181) Allocated:         -               482M (6%)          502M (6%)          546M (7%)             -                  -          
[1114.551s][info][gc,heap     ] GC(181)   Garbage:         -              6636M (81%)        4498M (55%)          75M (1%)             -                  -          
[1114.551s][info][gc,heap     ] GC(181) Reclaimed:         -                  -              2138M (26%)        6560M (80%)            -                  -          
[1114.551s][info][gc          ] GC(181) Garbage Collection (Allocation Rate) 7216M(88%)->1202M(15%)
[1120.268s][info][gc,stats    ] === Garbage Collection Statistics =======================================================================================================================
[1120.268s][info][gc,stats    ]                                                              Last 10s              Last 10m              Last 10h                Total
[1120.268s][info][gc,stats    ]                                                              Avg / Max             Avg / Max             Avg / Max             Avg / Max
[1120.268s][info][gc,stats    ]   Collector: Garbage Collection Cycle                    682.405 / 682.405     643.562 / 1022.022   1010.916 / 7809.708   1010.916 / 7809.708    ms
[1120.268s][info][gc,stats    ]  Contention: Mark Segment Reset Contention                     0 / 0                 0 / 5                 0 / 9                 0 / 9           ops/s
[1120.268s][info][gc,stats    ]  Contention: Mark SeqNum Reset Contention                      0 / 0                 0 / 1                 0 / 1                 0 / 1           ops/s
[1120.268s][info][gc,stats    ]    Critical: Allocation Stall                                  0 / 0                 0 / 0                 0 / 0                 0 / 0           ops/s
[1120.268s][info][gc,stats    ]    Critical: Allocation Stall                              0.000 / 0.000         0.000 / 0.000         0.000 / 0.000         0.000 / 0.000       ms
[1120.268s][info][gc,stats    ]    Critical: GC Locker Stall                                   0 / 0                 0 / 1                 0 / 2                 0 / 2           ops/s
[1120.268s][info][gc,stats    ]    Critical: GC Locker Stall                               0.000 / 0.000         0.050 / 0.268         0.047 / 0.268         0.047 / 0.268       ms
[1120.268s][info][gc,stats    ]    Critical: Relocation Stall                                  0 / 0                 0 / 0                 0 / 0                 0 / 0           ops/s
[1120.268s][info][gc,stats    ]    Critical: Relocation Stall                              0.000 / 0.000         0.000 / 0.000         0.000 / 0.000         0.000 / 0.000       ms
[1120.268s][info][gc,stats    ]      Memory: Allocation Rate                                 823 / 976             830 / 1548            741 / 1548            741 / 1548        MB/s
[1120.268s][info][gc,stats    ]      Memory: Defragment                                        0 / 0                 0 / 0                 0 / 0                 0 / 0           ops/s
[1120.268s][info][gc,stats    ]      Memory: Out Of Memory                                     0 / 0                 0 / 0                 0 / 0                 0 / 0           ops/s
[1120.268s][info][gc,stats    ]      Memory: Page Cache Flush                                  0 / 0                 0 / 0                 0 / 0                 0 / 0           MB/s
[1120.268s][info][gc,stats    ]      Memory: Page Cache Hit L1                               416 / 488             422 / 811             374 / 811             374 / 811         ops/s
[1120.268s][info][gc,stats    ]      Memory: Page Cache Hit L2                                 0 / 0                 0 / 0                 0 / 0                 0 / 0           ops/s
[1120.268s][info][gc,stats    ]      Memory: Page Cache Hit L3                                 0 / 0                 0 / 0                 3 / 397               3 / 397         ops/s
[1120.268s][info][gc,stats    ]      Memory: Page Cache Miss                                   0 / 0                 0 / 0                 0 / 1                 0 / 1           ops/s
[1120.268s][info][gc,stats    ]      Memory: Uncommit                                          0 / 0                 0 / 0                 0 / 0                 0 / 0           MB/s
[1120.268s][info][gc,stats    ]      Memory: Undo Object Allocation Failed                     0 / 0                 0 / 0                 0 / 0                 0 / 0           ops/s
[1120.268s][info][gc,stats    ]      Memory: Undo Object Allocation Succeeded                  0 / 0                 0 / 68                2 / 400               2 / 400         ops/s
[1120.268s][info][gc,stats    ]      Memory: Undo Page Allocation                              0 / 0                 0 / 1                 0 / 1                 0 / 1           ops/s
[1120.268s][info][gc,stats    ]       Phase: Concurrent Mark                             595.035 / 595.035     546.569 / 840.833     781.341 / 5264.294    781.341 / 5264.294    ms
[1120.268s][info][gc,stats    ]       Phase: Concurrent Mark Continue                      0.000 / 0.000         0.000 / 0.000         0.000 / 0.000         0.000 / 0.000       ms
[1120.268s][info][gc,stats    ]       Phase: Concurrent Mark Free                          0.001 / 0.001         0.000 / 0.001         0.001 / 0.003         0.001 / 0.003       ms
[1120.268s][info][gc,stats    ]       Phase: Concurrent Process Non-Strong References     15.488 / 15.488       14.755 / 29.474       28.152 / 1493.667     28.152 / 1493.667    ms
[1120.268s][info][gc,stats    ]       Phase: Concurrent Relocate                          60.133 / 60.133       69.113 / 150.321      57.733 / 150.389      57.733 / 150.389     ms
[1120.268s][info][gc,stats    ]       Phase: Concurrent Reset Relocation Set               0.082 / 0.082         0.181 / 0.396         0.145 / 0.465         0.145 / 0.465       ms
[1120.268s][info][gc,stats    ]       Phase: Concurrent Select Relocation Set             10.993 / 10.993       12.286 / 38.181      137.362 / 2796.200    137.362 / 2796.200    ms
[1120.268s][info][gc,stats    ]       Phase: Pause Mark End                                0.008 / 0.008         0.011 / 0.052         0.052 / 4.475         0.052 / 4.475       ms
[1120.268s][info][gc,stats    ]       Phase: Pause Mark Start                              0.004 / 0.004         0.005 / 0.015         0.048 / 7.250         0.048 / 7.250       ms
[1120.268s][info][gc,stats    ]       Phase: Pause Relocate Start                          0.005 / 0.005         0.007 / 0.017         0.023 / 1.046         0.023 / 1.046       ms
[1120.268s][info][gc,stats    ]    Subphase: Concurrent Classes Purge                      0.448 / 0.448         0.328 / 1.253         0.542 / 5.775         0.542 / 5.775       ms
[1120.268s][info][gc,stats    ]    Subphase: Concurrent Classes Unlink                    11.902 / 11.902       11.233 / 20.934       21.319 / 1489.339     21.319 / 1489.339    ms
[1120.268s][info][gc,stats    ]    Subphase: Concurrent Mark                             593.054 / 593.054     498.104 / 838.228     737.973 / 5176.991    737.973 / 5176.991    ms
[1120.268s][info][gc,stats    ]    Subphase: Concurrent Mark Try Flush                     0.077 / 0.098         0.063 / 0.365         2.594 / 786.951       2.594 / 786.951     ms
[1120.268s][info][gc,stats    ]    Subphase: Concurrent Mark Try Terminate                 0.025 / 0.050         0.222 / 1.588         0.983 / 12.169        0.983 / 12.169      ms
[1120.268s][info][gc,stats    ]    Subphase: Concurrent References Enqueue                 0.001 / 0.001         0.002 / 0.004         0.002 / 0.006         0.002 / 0.006       ms
[1120.268s][info][gc,stats    ]    Subphase: Concurrent References Process                 0.224 / 0.224         0.670 / 2.996         0.593 / 2.996         0.593 / 2.996       ms
[1120.268s][info][gc,stats    ]    Subphase: Concurrent Roots ClassLoaderDataGraph         0.382 / 0.382         0.303 / 0.850         0.556 / 40.174        0.556 / 40.174      ms
[1120.268s][info][gc,stats    ]    Subphase: Concurrent Roots CodeCache                    0.000 / 0.000         0.000 / 0.000         0.000 / 0.000         0.000 / 0.000       ms
[1120.268s][info][gc,stats    ]    Subphase: Concurrent Roots JavaThreads                  1.402 / 1.402         1.324 / 2.842         5.648 / 441.054       5.648 / 441.054     ms
[1120.268s][info][gc,stats    ]    Subphase: Concurrent Roots OopStorageSet                0.110 / 0.110         0.122 / 0.779         0.995 / 136.487       0.995 / 136.487     ms
[1120.269s][info][gc,stats    ]    Subphase: Concurrent Weak Roots OopStorageSet           2.591 / 2.591         1.987 / 5.434         1.823 / 11.047        1.823 / 11.047      ms
[1120.269s][info][gc,stats    ]    Subphase: Pause Mark Try Complete                       0.000 / 0.000         0.001 / 0.001         0.001 / 0.003         0.001 / 0.003       ms
[1120.269s][info][gc,stats    ]      System: Java Threads                                     83 / 83               82 / 83               78 / 83               78 / 83          threads
[1120.269s][info][gc,stats    ] =========================================================================================================================================================
[1121.968s][info][gc,start    ] GC(182) Garbage Collection (Allocation Rate)
[1121.968s][info][gc,task     ] GC(182) Using 1 workers
[1121.968s][info][gc,phases   ] GC(182) Pause Mark Start 0.005ms
[1122.819s][info][gc,phases   ] GC(182) Concurrent Mark 850.850ms
[1122.819s][info][gc,phases   ] GC(182) Pause Mark End 0.028ms
[1122.819s][info][gc,phases   ] GC(182) Concurrent Mark Free 0.001ms
[1122.849s][info][gc,phases   ] GC(182) Concurrent Process Non-Strong References 30.310ms
[1122.849s][info][gc,phases   ] GC(182) Concurrent Reset Relocation Set 0.198ms
[1122.860s][info][gc,phases   ] GC(182) Concurrent Select Relocation Set 10.969ms
[1122.861s][info][gc,phases   ] GC(182) Pause Relocate Start 0.011ms
[1122.949s][info][gc,phases   ] GC(182) Concurrent Relocate 88.719ms
[1122.949s][info][gc,load     ] GC(182) Load: 0.00/0.00/0.00
[1122.949s][info][gc,mmu      ] GC(182) MMU: 2ms/0.0%, 5ms/0.0%, 10ms/27.5%, 20ms/63.8%, 50ms/85.5%, 100ms/92.8%
[1122.949s][info][gc,marking  ] GC(182) Mark: 1 stripe(s), 2 proactive flush(es), 1 terminate flush(es), 0 completion(s), 0 continuation(s) 
[1122.949s][info][gc,marking  ] GC(182) Mark Stack Usage: 32M
[1122.949s][info][gc,nmethod  ] GC(182) NMethods: 10545 registered, 453 unregistered
[1122.949s][info][gc,metaspace] GC(182) Metaspace: 131M used, 133M committed, 1152M reserved
[1122.950s][info][gc,ref      ] GC(182) Soft: 6083 encountered, 0 discovered, 0 enqueued
[1122.950s][info][gc,ref      ] GC(182) Weak: 23315 encountered, 12471 discovered, 3 enqueued
[1122.950s][info][gc,ref      ] GC(182) Final: 34 encountered, 0 discovered, 0 enqueued
[1122.950s][info][gc,ref      ] GC(182) Phantom: 999 encountered, 666 discovered, 0 enqueued
[1122.950s][info][gc,reloc    ] GC(182) Small Pages: 3626 / 7252M, Empty: 2824M, Relocated: 87M, In-Place: 0
[1122.950s][info][gc,reloc    ] GC(182) Medium Pages: 2 / 64M, Empty: 0M, Relocated: 0M, In-Place: 0
[1122.950s][info][gc,reloc    ] GC(182) Large Pages: 0 / 0M, Empty: 0M, Relocated: 0M, In-Place: 0
[1122.950s][info][gc,reloc    ] GC(182) Forwarding Usage: 26M
[1122.950s][info][gc,heap     ] GC(182) Min Capacity: 8192M(100%)
[1122.950s][info][gc,heap     ] GC(182) Max Capacity: 8192M(100%)
[1122.950s][info][gc,heap     ] GC(182) Soft Max Capacity: 8192M(100%)
[1122.950s][info][gc,heap     ] GC(182)                Mark Start          Mark End        Relocate Start      Relocate End           High               Low         
[1122.950s][info][gc,heap     ] GC(182)  Capacity:     8192M (100%)       8192M (100%)       8192M (100%)       8192M (100%)       8192M (100%)       8192M (100%)   
[1122.950s][info][gc,heap     ] GC(182)      Free:      876M (11%)         258M (3%)         3054M (37%)        6836M (83%)        6836M (83%)         242M (3%)     
[1122.950s][info][gc,heap     ] GC(182)      Used:     7316M (89%)        7934M (97%)        5138M (63%)        1356M (17%)        7950M (97%)        1356M (17%)    
[1122.950s][info][gc,heap     ] GC(182)      Live:         -               575M (7%)          575M (7%)          575M (7%)             -                  -          
[1122.950s][info][gc,heap     ] GC(182) Allocated:         -               618M (8%)          646M (8%)          704M (9%)             -                  -          
[1122.950s][info][gc,heap     ] GC(182)   Garbage:         -              6740M (82%)        3916M (48%)          75M (1%)             -                  -          
[1122.950s][info][gc,heap     ] GC(182) Reclaimed:         -                  -              2824M (34%)        6664M (81%)            -                  -          
[1122.950s][info][gc          ] GC(182) Garbage Collection (Allocation Rate) 7316M(89%)->1356M(17%)
[1128.067s][info][gc,start    ] GC(183) Garbage Collection (Allocation Rate)
[1128.068s][info][gc,task     ] GC(183) Using 2 workers
[1128.068s][info][gc,phases   ] GC(183) Pause Mark Start 0.005ms
[1128.410s][info][gc,phases   ] GC(183) Concurrent Mark 341.978ms
[1128.410s][info][gc,phases   ] GC(183) Pause Mark End 0.009ms
[1128.410s][info][gc,phases   ] GC(183) Concurrent Mark Free 0.001ms
[1128.418s][info][gc,phases   ] GC(183) Concurrent Process Non-Strong References 8.580ms
[1128.419s][info][gc,phases   ] GC(183) Concurrent Reset Relocation Set 0.161ms
[1128.435s][info][gc,phases   ] GC(183) Concurrent Select Relocation Set 16.482ms
[1128.435s][info][gc,phases   ] GC(183) Pause Relocate Start 0.005ms
[1128.492s][info][gc,phases   ] GC(183) Concurrent Relocate 57.116ms
[1128.493s][info][gc,load     ] GC(183) Load: 0.00/0.00/0.00
[1128.493s][info][gc,mmu      ] GC(183) MMU: 2ms/0.0%, 5ms/0.0%, 10ms/27.5%, 20ms/63.8%, 50ms/85.5%, 100ms/92.8%
[1128.493s][info][gc,marking  ] GC(183) Mark: 2 stripe(s), 2 proactive flush(es), 1 terminate flush(es), 0 completion(s), 0 continuation(s) 
[1128.493s][info][gc,marking  ] GC(183) Mark Stack Usage: 32M
[1128.493s][info][gc,nmethod  ] GC(183) NMethods: 10553 registered, 455 unregistered
[1128.493s][info][gc,metaspace] GC(183) Metaspace: 131M used, 133M committed, 1152M reserved
[1128.493s][info][gc,ref      ] GC(183) Soft: 6083 encountered, 0 discovered, 0 enqueued
[1128.493s][info][gc,ref      ] GC(183) Weak: 23315 encountered, 8262 discovered, 2 enqueued
[1128.493s][info][gc,ref      ] GC(183) Final: 34 encountered, 0 discovered, 0 enqueued
[1128.493s][info][gc,ref      ] GC(183) Phantom: 1002 encountered, 816 discovered, 0 enqueued
[1128.493s][info][gc,reloc    ] GC(183) Small Pages: 3089 / 6178M, Empty: 1934M, Relocated: 132M, In-Place: 0
[1128.493s][info][gc,reloc    ] GC(183) Medium Pages: 2 / 64M, Empty: 0M, Relocated: 0M, In-Place: 0
[1128.493s][info][gc,reloc    ] GC(183) Large Pages: 0 / 0M, Empty: 0M, Relocated: 0M, In-Place: 0
[1128.493s][info][gc,reloc    ] GC(183) Forwarding Usage: 34M
[1128.493s][info][gc,heap     ] GC(183) Min Capacity: 8192M(100%)
[1128.493s][info][gc,heap     ] GC(183) Max Capacity: 8192M(100%)
[1128.493s][info][gc,heap     ] GC(183) Soft Max Capacity: 8192M(100%)
[1128.493s][info][gc,heap     ] GC(183)                Mark Start          Mark End        Relocate Start      Relocate End           High               Low         
[1128.493s][info][gc,heap     ] GC(183)  Capacity:     8192M (100%)       8192M (100%)       8192M (100%)       8192M (100%)       8192M (100%)       8192M (100%)   
[1128.493s][info][gc,heap     ] GC(183)      Free:     1950M (24%)        1614M (20%)        3516M (43%)        7068M (86%)        7068M (86%)        1606M (20%)    
[1128.493s][info][gc,heap     ] GC(183)      Used:     6242M (76%)        6578M (80%)        4676M (57%)        1124M (14%)        6586M (80%)        1124M (14%)    
[1128.493s][info][gc,heap     ] GC(183)      Live:         -               624M (8%)          624M (8%)          624M (8%)             -                  -          
[1128.493s][info][gc,heap     ] GC(183) Allocated:         -               336M (4%)          368M (4%)          420M (5%)             -                  -          
[1128.493s][info][gc,heap     ] GC(183)   Garbage:         -              5617M (69%)        3683M (45%)          79M (1%)             -                  -          
[1128.493s][info][gc,heap     ] GC(183) Reclaimed:         -                  -              1934M (24%)        5538M (68%)            -                  -          
[1128.493s][info][gc          ] GC(183) Garbage Collection (Allocation Rate) 6242M(76%)->1124M(14%)
[1130.268s][info][gc,stats    ] === Garbage Collection Statistics =======================================================================================================================
[1130.268s][info][gc,stats    ]                                                              Last 10s              Last 10m              Last 10h                Total
[1130.268s][info][gc,stats    ]                                                              Avg / Max             Avg / Max             Avg / Max             Avg / Max
[1130.268s][info][gc,stats    ]   Collector: Garbage Collection Cycle                    703.492 / 981.873     648.377 / 1022.022   1007.575 / 7809.708   1007.575 / 7809.708    ms
[1130.268s][info][gc,stats    ]  Contention: Mark Segment Reset Contention                     0 / 0                 0 / 5                 0 / 9                 0 / 9           ops/s
[1130.268s][info][gc,stats    ]  Contention: Mark SeqNum Reset Contention                      0 / 0                 0 / 1                 0 / 1                 0 / 1           ops/s
[1130.268s][info][gc,stats    ]    Critical: Allocation Stall                                  0 / 0                 0 / 0                 0 / 0                 0 / 0           ops/s
[1130.268s][info][gc,stats    ]    Critical: Allocation Stall                              0.000 / 0.000         0.000 / 0.000         0.000 / 0.000         0.000 / 0.000       ms
[1130.268s][info][gc,stats    ]    Critical: GC Locker Stall                                   0 / 1                 0 / 1                 0 / 2                 0 / 2           ops/s
[1130.268s][info][gc,stats    ]    Critical: GC Locker Stall                               0.111 / 0.149         0.057 / 0.268         0.051 / 0.268         0.051 / 0.268       ms
[1130.268s][info][gc,stats    ]    Critical: Relocation Stall                                  0 / 0                 0 / 0                 0 / 0                 0 / 0           ops/s
[1130.268s][info][gc,stats    ]    Critical: Relocation Stall                              0.000 / 0.000         0.000 / 0.000         0.000 / 0.000         0.000 / 0.000       ms
[1130.268s][info][gc,stats    ]      Memory: Allocation Rate                                 881 / 1206            829 / 1548            742 / 1548            742 / 1548        MB/s
[1130.268s][info][gc,stats    ]      Memory: Defragment                                        0 / 0                 0 / 0                 0 / 0                 0 / 0           ops/s
[1130.268s][info][gc,stats    ]      Memory: Out Of Memory                                     0 / 0                 0 / 0                 0 / 0                 0 / 0           ops/s
[1130.268s][info][gc,stats    ]      Memory: Page Cache Flush                                  0 / 0                 0 / 0                 0 / 0                 0 / 0           MB/s
[1130.268s][info][gc,stats    ]      Memory: Page Cache Hit L1                               451 / 603             421 / 811             375 / 811             375 / 811         ops/s
[1130.268s][info][gc,stats    ]      Memory: Page Cache Hit L2                                 0 / 0                 0 / 0                 0 / 0                 0 / 0           ops/s
[1130.268s][info][gc,stats    ]      Memory: Page Cache Hit L3                                 0 / 0                 0 / 0                 3 / 397               3 / 397         ops/s
[1130.268s][info][gc,stats    ]      Memory: Page Cache Miss                                   0 / 0                 0 / 0                 0 / 1                 0 / 1           ops/s
[1130.268s][info][gc,stats    ]      Memory: Uncommit                                          0 / 0                 0 / 0                 0 / 0                 0 / 0           MB/s
[1130.268s][info][gc,stats    ]      Memory: Undo Object Allocation Failed                     0 / 0                 0 / 0                 0 / 0                 0 / 0           ops/s
[1130.268s][info][gc,stats    ]      Memory: Undo Object Allocation Succeeded                  0 / 4                 0 / 68                1 / 400               1 / 400         ops/s
[1130.268s][info][gc,stats    ]      Memory: Undo Page Allocation                              0 / 0                 0 / 1                 0 / 1                 0 / 1           ops/s
[1130.268s][info][gc,stats    ]       Phase: Concurrent Mark                             596.414 / 850.850     550.579 / 850.850     779.331 / 5264.294    779.331 / 5264.294    ms
[1130.268s][info][gc,stats    ]       Phase: Concurrent Mark Continue                      0.000 / 0.000         0.000 / 0.000         0.000 / 0.000         0.000 / 0.000       ms
[1130.268s][info][gc,stats    ]       Phase: Concurrent Mark Free                          0.001 / 0.001         0.000 / 0.001         0.001 / 0.003         0.001 / 0.003       ms
[1130.268s][info][gc,stats    ]       Phase: Concurrent Process Non-Strong References     19.445 / 30.310       14.994 / 30.310       28.058 / 1493.667     28.058 / 1493.667    ms
[1130.268s][info][gc,stats    ]       Phase: Concurrent Relocate                          72.918 / 88.719       69.636 / 150.321      57.898 / 150.389      57.898 / 150.389     ms
[1130.268s][info][gc,stats    ]       Phase: Concurrent Reset Relocation Set               0.179 / 0.198         0.181 / 0.396         0.145 / 0.465         0.145 / 0.465       ms
[1130.268s][info][gc,stats    ]       Phase: Concurrent Select Relocation Set             13.725 / 16.482       12.326 / 38.181      136.018 / 2796.200    136.018 / 2796.200    ms
[1130.268s][info][gc,stats    ]       Phase: Pause Mark End                                0.018 / 0.028         0.011 / 0.052         0.051 / 4.475         0.051 / 4.475       ms
[1130.268s][info][gc,stats    ]       Phase: Pause Mark Start                              0.005 / 0.005         0.005 / 0.015         0.047 / 7.250         0.047 / 7.250       ms
[1130.268s][info][gc,stats    ]       Phase: Pause Relocate Start                          0.008 / 0.011         0.007 / 0.017         0.022 / 1.046         0.022 / 1.046       ms
[1130.268s][info][gc,stats    ]    Subphase: Concurrent Classes Purge                      0.270 / 0.521         0.324 / 1.253         0.539 / 5.775         0.539 / 5.775       ms
[1130.268s][info][gc,stats    ]    Subphase: Concurrent Classes Unlink                    13.151 / 19.858       11.375 / 20.934       21.230 / 1489.339     21.230 / 1489.339    ms
[1130.268s][info][gc,stats    ]    Subphase: Concurrent Mark                             509.601 / 848.625     500.923 / 848.625     735.626 / 5176.991    735.626 / 5176.991    ms
[1130.268s][info][gc,stats    ]    Subphase: Concurrent Mark Try Flush                     0.066 / 0.108         0.062 / 0.365         2.567 / 786.951       2.567 / 786.951     ms
[1130.268s][info][gc,stats    ]    Subphase: Concurrent Mark Try Terminate                 0.244 / 1.109         0.216 / 1.588         0.981 / 12.169        0.981 / 12.169      ms
[1130.268s][info][gc,stats    ]    Subphase: Concurrent References Enqueue                 0.002 / 0.003         0.002 / 0.004         0.002 / 0.006         0.002 / 0.006       ms
[1130.268s][info][gc,stats    ]    Subphase: Concurrent References Process                 2.243 / 3.889         0.715 / 3.889         0.611 / 3.889         0.611 / 3.889       ms
[1130.268s][info][gc,stats    ]    Subphase: Concurrent Roots ClassLoaderDataGraph         0.377 / 0.744         0.307 / 0.850         0.554 / 40.174        0.554 / 40.174      ms
[1130.268s][info][gc,stats    ]    Subphase: Concurrent Roots CodeCache                    0.000 / 0.000         0.000 / 0.000         0.000 / 0.000         0.000 / 0.000       ms
[1130.268s][info][gc,stats    ]    Subphase: Concurrent Roots JavaThreads                  1.167 / 1.477         1.316 / 2.842         5.602 / 441.054       5.602 / 441.054     ms
[1130.268s][info][gc,stats    ]    Subphase: Concurrent Roots OopStorageSet                0.145 / 0.329         0.124 / 0.779         0.986 / 136.487       0.986 / 136.487     ms
[1130.268s][info][gc,stats    ]    Subphase: Concurrent Weak Roots OopStorageSet           2.770 / 5.756         2.035 / 5.756         1.833 / 11.047        1.833 / 11.047      ms
[1130.268s][info][gc,stats    ]    Subphase: Pause Mark Try Complete                       0.000 / 0.000         0.001 / 0.001         0.001 / 0.003         0.001 / 0.003       ms
[1130.268s][info][gc,stats    ]      System: Java Threads                                     83 / 83               82 / 83               78 / 83               78 / 83          threads
[1130.268s][info][gc,stats    ] =========================================================================================================================================================
[1136.668s][info][gc,start    ] GC(184) Garbage Collection (Allocation Rate)
[1136.668s][info][gc,task     ] GC(184) Using 1 workers
[1136.668s][info][gc,phases   ] GC(184) Pause Mark Start 0.004ms
[1137.262s][info][gc,phases   ] GC(184) Concurrent Mark 593.651ms
[1137.262s][info][gc,phases   ] GC(184) Pause Mark End 0.008ms
[1137.262s][info][gc,phases   ] GC(184) Concurrent Mark Free 0.000ms
[1137.280s][info][gc,phases   ] GC(184) Concurrent Process Non-Strong References 17.694ms
[1137.280s][info][gc,phases   ] GC(184) Concurrent Reset Relocation Set 0.157ms
[1137.285s][info][gc,phases   ] GC(184) Concurrent Select Relocation Set 5.466ms
[1137.286s][info][gc,phases   ] GC(184) Pause Relocate Start 0.006ms
[1137.355s][info][gc,phases   ] GC(184) Concurrent Relocate 69.452ms
[1137.355s][info][gc,load     ] GC(184) Load: 0.00/0.00/0.00
[1137.355s][info][gc,mmu      ] GC(184) MMU: 2ms/0.0%, 5ms/0.0%, 10ms/27.5%, 20ms/63.8%, 50ms/85.5%, 100ms/92.8%
[1137.355s][info][gc,marking  ] GC(184) Mark: 1 stripe(s), 2 proactive flush(es), 1 terminate flush(es), 0 completion(s), 0 continuation(s) 
[1137.355s][info][gc,marking  ] GC(184) Mark Stack Usage: 32M
[1137.355s][info][gc,nmethod  ] GC(184) NMethods: 10564 registered, 460 unregistered
[1137.355s][info][gc,metaspace] GC(184) Metaspace: 131M used, 133M committed, 1152M reserved
[1137.355s][info][gc,ref      ] GC(184) Soft: 6083 encountered, 0 discovered, 0 enqueued
[1137.355s][info][gc,ref      ] GC(184) Weak: 23316 encountered, 12470 discovered, 1 enqueued
[1137.355s][info][gc,ref      ] GC(184) Final: 34 encountered, 0 discovered, 0 enqueued
[1137.355s][info][gc,ref      ] GC(184) Phantom: 1005 encountered, 670 discovered, 0 enqueued
[1137.355s][info][gc,reloc    ] GC(184) Small Pages: 3407 / 6814M, Empty: 2480M, Relocated: 97M, In-Place: 0
[1137.355s][info][gc,reloc    ] GC(184) Medium Pages: 2 / 64M, Empty: 0M, Relocated: 0M, In-Place: 0
[1137.355s][info][gc,reloc    ] GC(184) Large Pages: 0 / 0M, Empty: 0M, Relocated: 0M, In-Place: 0
[1137.355s][info][gc,reloc    ] GC(184) Forwarding Usage: 29M
[1137.355s][info][gc,heap     ] GC(184) Min Capacity: 8192M(100%)
[1137.355s][info][gc,heap     ] GC(184) Max Capacity: 8192M(100%)
[1137.355s][info][gc,heap     ] GC(184) Soft Max Capacity: 8192M(100%)
[1137.355s][info][gc,heap     ] GC(184)                Mark Start          Mark End        Relocate Start      Relocate End           High               Low         
[1137.355s][info][gc,heap     ] GC(184)  Capacity:     8192M (100%)       8192M (100%)       8192M (100%)       8192M (100%)       8192M (100%)       8192M (100%)   
[1137.355s][info][gc,heap     ] GC(184)      Free:     1314M (16%)         720M (9%)         3154M (39%)        6744M (82%)        6752M (82%)         686M (8%)     
[1137.355s][info][gc,heap     ] GC(184)      Used:     6878M (84%)        7472M (91%)        5038M (61%)        1448M (18%)        7506M (92%)        1440M (18%)    
[1137.355s][info][gc,heap     ] GC(184)      Live:         -               583M (7%)          583M (7%)          583M (7%)             -                  -          
[1137.355s][info][gc,heap     ] GC(184) Allocated:         -               594M (7%)          640M (8%)          788M (10%)            -                  -          
[1137.355s][info][gc,heap     ] GC(184)   Garbage:         -              6294M (77%)        3814M (47%)          75M (1%)             -                  -          
[1137.355s][info][gc,heap     ] GC(184) Reclaimed:         -                  -              2480M (30%)        6218M (76%)            -                  -          
[1137.355s][info][gc          ] GC(184) Garbage Collection (Allocation Rate) 6878M(84%)->1448M(18%)
[1140.268s][info][gc,stats    ] === Garbage Collection Statistics =======================================================================================================================
[1140.268s][info][gc,stats    ]                                                              Last 10s              Last 10m              Last 10h                Total
[1140.268s][info][gc,stats    ]                                                              Avg / Max             Avg / Max             Avg / Max             Avg / Max
[1140.269s][info][gc,stats    ]   Collector: Garbage Collection Cycle                    687.112 / 687.112     651.559 / 1022.022   1005.842 / 7809.708   1005.842 / 7809.708    ms
[1140.269s][info][gc,stats    ]  Contention: Mark Segment Reset Contention                     0 / 0                 0 / 5                 0 / 9                 0 / 9           ops/s
[1140.269s][info][gc,stats    ]  Contention: Mark SeqNum Reset Contention                      0 / 0                 0 / 1                 0 / 1                 0 / 1           ops/s
[1140.269s][info][gc,stats    ]    Critical: Allocation Stall                                  0 / 0                 0 / 0                 0 / 0                 0 / 0           ops/s
[1140.269s][info][gc,stats    ]    Critical: Allocation Stall                              0.000 / 0.000         0.000 / 0.000         0.000 / 0.000         0.000 / 0.000       ms
[1140.269s][info][gc,stats    ]    Critical: GC Locker Stall                                   0 / 0                 0 / 1                 0 / 2                 0 / 2           ops/s
[1140.269s][info][gc,stats    ]    Critical: GC Locker Stall                               0.000 / 0.000         0.057 / 0.268         0.051 / 0.268         0.051 / 0.268       ms
[1140.269s][info][gc,stats    ]    Critical: Relocation Stall                                  0 / 0                 0 / 0                 0 / 0                 0 / 0           ops/s
[1140.269s][info][gc,stats    ]    Critical: Relocation Stall                              0.000 / 0.000         0.000 / 0.000         0.000 / 0.000         0.000 / 0.000       ms
[1140.269s][info][gc,stats    ]      Memory: Allocation Rate                                 704 / 972             830 / 1548            742 / 1548            742 / 1548        MB/s
[1140.269s][info][gc,stats    ]      Memory: Defragment                                        0 / 0                 0 / 0                 0 / 0                 0 / 0           ops/s
[1140.269s][info][gc,stats    ]      Memory: Out Of Memory                                     0 / 0                 0 / 0                 0 / 0                 0 / 0           ops/s
[1140.269s][info][gc,stats    ]      Memory: Page Cache Flush                                  0 / 0                 0 / 0                 0 / 0                 0 / 0           MB/s
[1140.269s][info][gc,stats    ]      Memory: Page Cache Hit L1                               356 / 535             422 / 811             374 / 811             374 / 811         ops/s
[1140.269s][info][gc,stats    ]      Memory: Page Cache Hit L2                                 0 / 0                 0 / 0                 0 / 0                 0 / 0           ops/s
[1140.269s][info][gc,stats    ]      Memory: Page Cache Hit L3                                 0 / 0                 0 / 0                 3 / 397               3 / 397         ops/s
[1140.269s][info][gc,stats    ]      Memory: Page Cache Miss                                   0 / 0                 0 / 0                 0 / 1                 0 / 1           ops/s
[1140.269s][info][gc,stats    ]      Memory: Uncommit                                          0 / 0                 0 / 0                 0 / 0                 0 / 0           MB/s
[1140.269s][info][gc,stats    ]      Memory: Undo Object Allocation Failed                     0 / 0                 0 / 0                 0 / 0                 0 / 0           ops/s
[1140.269s][info][gc,stats    ]      Memory: Undo Object Allocation Succeeded                  0 / 1                 0 / 68                1 / 400               1 / 400         ops/s
[1140.269s][info][gc,stats    ]      Memory: Undo Page Allocation                              0 / 0                 0 / 1                 0 / 1                 0 / 1           ops/s
[1140.269s][info][gc,stats    ]       Phase: Concurrent Mark                             593.651 / 593.651     553.318 / 850.850     778.327 / 5264.294    778.327 / 5264.294    ms
[1140.269s][info][gc,stats    ]       Phase: Concurrent Mark Continue                      0.000 / 0.000         0.000 / 0.000         0.000 / 0.000         0.000 / 0.000       ms
[1140.269s][info][gc,stats    ]       Phase: Concurrent Mark Free                          0.000 / 0.000         0.000 / 0.001         0.001 / 0.003         0.001 / 0.003       ms
[1140.269s][info][gc,stats    ]       Phase: Concurrent Process Non-Strong References     17.694 / 17.694       15.093 / 30.310       28.002 / 1493.667     28.002 / 1493.667    ms
[1140.269s][info][gc,stats    ]       Phase: Concurrent Relocate                          69.452 / 69.452       69.971 / 150.321      57.960 / 150.389      57.960 / 150.389     ms
[1140.269s][info][gc,stats    ]       Phase: Concurrent Reset Relocation Set               0.157 / 0.157         0.181 / 0.396         0.145 / 0.465         0.145 / 0.465       ms
[1140.269s][info][gc,stats    ]       Phase: Concurrent Select Relocation Set              5.466 / 5.466        12.335 / 38.181      135.313 / 2796.200    135.313 / 2796.200    ms
[1140.269s][info][gc,stats    ]       Phase: Pause Mark End                                0.008 / 0.008         0.011 / 0.052         0.051 / 4.475         0.051 / 4.475       ms
[1140.269s][info][gc,stats    ]       Phase: Pause Mark Start                              0.004 / 0.004         0.005 / 0.015         0.047 / 7.250         0.047 / 7.250       ms
[1140.269s][info][gc,stats    ]       Phase: Pause Relocate Start                          0.006 / 0.006         0.007 / 0.017         0.022 / 1.046         0.022 / 1.046       ms
[1140.269s][info][gc,stats    ]    Subphase: Concurrent Classes Purge                      0.377 / 0.377         0.322 / 1.253         0.538 / 5.775         0.538 / 5.775       ms
[1140.269s][info][gc,stats    ]    Subphase: Concurrent Classes Unlink                    12.987 / 12.987       11.452 / 20.934       21.186 / 1489.339     21.186 / 1489.339    ms
[1140.269s][info][gc,stats    ]    Subphase: Concurrent Mark                             591.566 / 591.566     504.253 / 848.625     735.135 / 5176.991    735.135 / 5176.991    ms
[1140.269s][info][gc,stats    ]    Subphase: Concurrent Mark Try Flush                     0.047 / 0.073         0.062 / 0.365         2.554 / 786.951       2.554 / 786.951     ms
[1140.269s][info][gc,stats    ]    Subphase: Concurrent Mark Try Terminate                 0.007 / 0.015         0.211 / 1.588         0.980 / 12.169        0.980 / 12.169      ms
[1140.269s][info][gc,stats    ]    Subphase: Concurrent References Enqueue                 0.003 / 0.003         0.002 / 0.004         0.002 / 0.006         0.002 / 0.006       ms
[1140.269s][info][gc,stats    ]    Subphase: Concurrent References Process                 1.376 / 1.376         0.723 / 3.889         0.615 / 3.889         0.615 / 3.889       ms
[1140.269s][info][gc,stats    ]    Subphase: Concurrent Roots ClassLoaderDataGraph         0.303 / 0.303         0.304 / 0.850         0.554 / 40.174        0.554 / 40.174      ms
[1140.269s][info][gc,stats    ]    Subphase: Concurrent Roots CodeCache                    0.000 / 0.000         0.000 / 0.000         0.000 / 0.000         0.000 / 0.000       ms
[1140.269s][info][gc,stats    ]    Subphase: Concurrent Roots JavaThreads                  1.524 / 1.524         1.324 / 2.842         5.588 / 441.054       5.588 / 441.054     ms
[1140.269s][info][gc,stats    ]    Subphase: Concurrent Roots OopStorageSet                0.082 / 0.082         0.118 / 0.779         0.984 / 136.487       0.984 / 136.487     ms
[1140.269s][info][gc,stats    ]    Subphase: Concurrent Weak Roots OopStorageSet           2.607 / 2.607         2.054 / 5.756         1.835 / 11.047        1.835 / 11.047      ms
[1140.269s][info][gc,stats    ]    Subphase: Pause Mark Try Complete                       0.000 / 0.000         0.001 / 0.001         0.001 / 0.003         0.001 / 0.003       ms
[1140.269s][info][gc,stats    ]      System: Java Threads                                     83 / 83               82 / 83               78 / 83               78 / 83          threads
[1140.269s][info][gc,stats    ] =========================================================================================================================================================
[1145.568s][info][gc,start    ] GC(185) Garbage Collection (Allocation Rate)
[1145.568s][info][gc,task     ] GC(185) Using 1 workers
[1145.568s][info][gc,phases   ] GC(185) Pause Mark Start 0.004ms
[1146.128s][info][gc,phases   ] GC(185) Concurrent Mark 560.325ms
[1146.129s][info][gc,phases   ] GC(185) Pause Mark End 0.008ms
[1146.129s][info][gc,phases   ] GC(185) Concurrent Mark Free 0.001ms
[1146.145s][info][gc,phases   ] GC(185) Concurrent Process Non-Strong References 15.874ms
[1146.145s][info][gc,phases   ] GC(185) Concurrent Reset Relocation Set 0.156ms
[1146.149s][info][gc,phases   ] GC(185) Concurrent Select Relocation Set 4.479ms
[1146.149s][info][gc,phases   ] GC(185) Pause Relocate Start 0.005ms
[1146.218s][info][gc,phases   ] GC(185) Concurrent Relocate 68.366ms
[1146.218s][info][gc,load     ] GC(185) Load: 0.00/0.00/0.00
[1146.218s][info][gc,mmu      ] GC(185) MMU: 2ms/0.0%, 5ms/0.0%, 10ms/27.5%, 20ms/63.8%, 50ms/85.5%, 100ms/92.8%
[1146.218s][info][gc,marking  ] GC(185) Mark: 1 stripe(s), 2 proactive flush(es), 1 terminate flush(es), 0 completion(s), 0 continuation(s) 
[1146.218s][info][gc,marking  ] GC(185) Mark Stack Usage: 32M
[1146.218s][info][gc,nmethod  ] GC(185) NMethods: 10565 registered, 462 unregistered
[1146.218s][info][gc,metaspace] GC(185) Metaspace: 131M used, 133M committed, 1152M reserved
[1146.218s][info][gc,ref      ] GC(185) Soft: 6083 encountered, 0 discovered, 0 enqueued
[1146.218s][info][gc,ref      ] GC(185) Weak: 23319 encountered, 12472 discovered, 3 enqueued
[1146.218s][info][gc,ref      ] GC(185) Final: 34 encountered, 0 discovered, 0 enqueued
[1146.218s][info][gc,ref      ] GC(185) Phantom: 1008 encountered, 798 discovered, 0 enqueued
[1146.218s][info][gc,reloc    ] GC(185) Small Pages: 3507 / 7014M, Empty: 2920M, Relocated: 76M, In-Place: 0
[1146.218s][info][gc,reloc    ] GC(185) Medium Pages: 2 / 64M, Empty: 0M, Relocated: 0M, In-Place: 0
[1146.218s][info][gc,reloc    ] GC(185) Large Pages: 0 / 0M, Empty: 0M, Relocated: 0M, In-Place: 0
[1146.218s][info][gc,reloc    ] GC(185) Forwarding Usage: 24M
[1146.218s][info][gc,heap     ] GC(185) Min Capacity: 8192M(100%)
[1146.218s][info][gc,heap     ] GC(185) Max Capacity: 8192M(100%)
[1146.218s][info][gc,heap     ] GC(185) Soft Max Capacity: 8192M(100%)
[1146.218s][info][gc,heap     ] GC(185)                Mark Start          Mark End        Relocate Start      Relocate End           High               Low         
[1146.218s][info][gc,heap     ] GC(185)  Capacity:     8192M (100%)       8192M (100%)       8192M (100%)       8192M (100%)       8192M (100%)       8192M (100%)   
[1146.218s][info][gc,heap     ] GC(185)      Free:     1114M (14%)         892M (11%)        3798M (46%)        7270M (89%)        7270M (89%)         882M (11%)    
[1146.218s][info][gc,heap     ] GC(185)      Used:     7078M (86%)        7300M (89%)        4394M (54%)         922M (11%)        7310M (89%)         922M (11%)    
[1146.218s][info][gc,heap     ] GC(185)      Live:         -               565M (7%)          565M (7%)          565M (7%)             -                  -          
[1146.218s][info][gc,heap     ] GC(185) Allocated:         -               222M (3%)          236M (3%)          280M (3%)             -                  -          
[1146.218s][info][gc,heap     ] GC(185)   Garbage:         -              6512M (79%)        3592M (44%)          75M (1%)             -                  -          
[1146.218s][info][gc,heap     ] GC(185) Reclaimed:         -                  -              2920M (36%)        6436M (79%)            -                  -          
[1146.218s][info][gc          ] GC(185) Garbage Collection (Allocation Rate) 7078M(86%)->922M(11%)
[1150.267s][info][gc,stats    ] === Garbage Collection Statistics =======================================================================================================================
[1150.267s][info][gc,stats    ]                                                              Last 10s              Last 10m              Last 10h                Total
[1150.267s][info][gc,stats    ]                                                              Avg / Max             Avg / Max             Avg / Max             Avg / Max
[1150.267s][info][gc,stats    ]   Collector: Garbage Collection Cycle                    649.896 / 649.896     651.950 / 1022.022   1003.929 / 7809.708   1003.929 / 7809.708    ms
[1150.268s][info][gc,stats    ]  Contention: Mark Segment Reset Contention                     0 / 0                 0 / 5                 0 / 9                 0 / 9           ops/s
[1150.268s][info][gc,stats    ]  Contention: Mark SeqNum Reset Contention                      0 / 0                 0 / 1                 0 / 1                 0 / 1           ops/s
[1150.268s][info][gc,stats    ]    Critical: Allocation Stall                                  0 / 0                 0 / 0                 0 / 0                 0 / 0           ops/s
[1150.268s][info][gc,stats    ]    Critical: Allocation Stall                              0.000 / 0.000         0.000 / 0.000         0.000 / 0.000         0.000 / 0.000       ms
[1150.268s][info][gc,stats    ]    Critical: GC Locker Stall                                   0 / 0                 0 / 1                 0 / 2                 0 / 2           ops/s
[1150.268s][info][gc,stats    ]    Critical: GC Locker Stall                               0.000 / 0.000         0.057 / 0.268         0.051 / 0.268         0.051 / 0.268       ms
[1150.268s][info][gc,stats    ]    Critical: Relocation Stall                                  0 / 0                 0 / 0                 0 / 0                 0 / 0           ops/s
[1150.268s][info][gc,stats    ]    Critical: Relocation Stall                              0.000 / 0.000         0.000 / 0.000         0.000 / 0.000         0.000 / 0.000       ms
[1150.268s][info][gc,stats    ]      Memory: Allocation Rate                                 665 / 1042            825 / 1548            741 / 1548            741 / 1548        MB/s
[1150.268s][info][gc,stats    ]      Memory: Defragment                                        0 / 0                 0 / 0                 0 / 0                 0 / 0           ops/s
[1150.268s][info][gc,stats    ]      Memory: Out Of Memory                                     0 / 0                 0 / 0                 0 / 0                 0 / 0           ops/s
[1150.268s][info][gc,stats    ]      Memory: Page Cache Flush                                  0 / 0                 0 / 0                 0 / 0                 0 / 0           MB/s
[1150.268s][info][gc,stats    ]      Memory: Page Cache Hit L1                               336 / 521             419 / 811             374 / 811             374 / 811         ops/s
[1150.268s][info][gc,stats    ]      Memory: Page Cache Hit L2                                 0 / 0                 0 / 0                 0 / 0                 0 / 0           ops/s
[1150.268s][info][gc,stats    ]      Memory: Page Cache Hit L3                                 0 / 0                 0 / 0                 3 / 397               3 / 397         ops/s
[1150.268s][info][gc,stats    ]      Memory: Page Cache Miss                                   0 / 0                 0 / 0                 0 / 1                 0 / 1           ops/s
[1150.268s][info][gc,stats    ]      Memory: Uncommit                                          0 / 0                 0 / 0                 0 / 0                 0 / 0           MB/s
[1150.268s][info][gc,stats    ]      Memory: Undo Object Allocation Failed                     0 / 0                 0 / 0                 0 / 0                 0 / 0           ops/s
[1150.268s][info][gc,stats    ]      Memory: Undo Object Allocation Succeeded                  0 / 0                 0 / 68                1 / 400               1 / 400         ops/s
[1150.268s][info][gc,stats    ]      Memory: Undo Page Allocation                              0 / 0                 0 / 1                 0 / 1                 0 / 1           ops/s
[1150.268s][info][gc,stats    ]       Phase: Concurrent Mark                             560.325 / 560.325     554.123 / 850.850     777.155 / 5264.294    777.155 / 5264.294    ms
[1150.268s][info][gc,stats    ]       Phase: Concurrent Mark Continue                      0.000 / 0.000         0.000 / 0.000         0.000 / 0.000         0.000 / 0.000       ms
[1150.268s][info][gc,stats    ]       Phase: Concurrent Mark Free                          0.001 / 0.001         0.000 / 0.001         0.001 / 0.003         0.001 / 0.003       ms
[1150.268s][info][gc,stats    ]       Phase: Concurrent Process Non-Strong References     15.874 / 15.874       15.128 / 30.310       27.936 / 1493.667     27.936 / 1493.667    ms
[1150.268s][info][gc,stats    ]       Phase: Concurrent Relocate                          68.366 / 68.366       69.693 / 150.321      58.016 / 150.389      58.016 / 150.389     ms
[1150.268s][info][gc,stats    ]       Phase: Concurrent Reset Relocation Set               0.156 / 0.156         0.179 / 0.396         0.145 / 0.465         0.145 / 0.465       ms
[1150.268s][info][gc,stats    ]       Phase: Concurrent Select Relocation Set              4.479 / 4.479        12.162 / 38.181      134.609 / 2796.200    134.609 / 2796.200    ms
[1150.268s][info][gc,stats    ]       Phase: Pause Mark End                                0.008 / 0.008         0.011 / 0.052         0.051 / 4.475         0.051 / 4.475       ms
[1150.268s][info][gc,stats    ]       Phase: Pause Mark Start                              0.004 / 0.004         0.005 / 0.015         0.047 / 7.250         0.047 / 7.250       ms
[1150.268s][info][gc,stats    ]       Phase: Pause Relocate Start                          0.005 / 0.005         0.007 / 0.017         0.022 / 1.046         0.022 / 1.046       ms
[1150.268s][info][gc,stats    ]    Subphase: Concurrent Classes Purge                      0.295 / 0.295         0.315 / 1.253         0.537 / 5.775         0.537 / 5.775       ms
[1150.268s][info][gc,stats    ]    Subphase: Concurrent Classes Unlink                    11.618 / 11.618       11.492 / 20.934       21.134 / 1489.339     21.134 / 1489.339    ms
[1150.268s][info][gc,stats    ]    Subphase: Concurrent Mark                             558.344 / 558.344     505.892 / 848.625     734.533 / 5176.991    734.533 / 5176.991    ms
[1150.268s][info][gc,stats    ]    Subphase: Concurrent Mark Try Flush                     0.051 / 0.084         0.061 / 0.365         2.541 / 786.951       2.541 / 786.951     ms
[1150.268s][info][gc,stats    ]    Subphase: Concurrent Mark Try Terminate                 0.008 / 0.016         0.206 / 1.588         0.979 / 12.169        0.979 / 12.169      ms
[1150.268s][info][gc,stats    ]    Subphase: Concurrent References Enqueue                 0.001 / 0.001         0.002 / 0.004         0.002 / 0.006         0.002 / 0.006       ms
[1150.268s][info][gc,stats    ]    Subphase: Concurrent References Process                 1.383 / 1.383         0.740 / 3.889         0.619 / 3.889         0.619 / 3.889       ms
[1150.268s][info][gc,stats    ]    Subphase: Concurrent Roots ClassLoaderDataGraph         0.279 / 0.279         0.306 / 0.850         0.553 / 40.174        0.553 / 40.174      ms
[1150.268s][info][gc,stats    ]    Subphase: Concurrent Roots CodeCache                    0.000 / 0.000         0.000 / 0.000         0.000 / 0.000         0.000 / 0.000       ms
[1150.268s][info][gc,stats    ]    Subphase: Concurrent Roots JavaThreads                  1.475 / 1.475         1.323 / 2.842         5.574 / 441.054       5.574 / 441.054     ms
[1150.268s][info][gc,stats    ]    Subphase: Concurrent Roots OopStorageSet                0.093 / 0.093         0.105 / 0.624         0.980 / 136.487       0.980 / 136.487     ms
[1150.268s][info][gc,stats    ]    Subphase: Concurrent Weak Roots OopStorageSet           2.311 / 2.311         2.050 / 5.756         1.837 / 11.047        1.837 / 11.047      ms
[1150.268s][info][gc,stats    ]    Subphase: Pause Mark Try Complete                       0.000 / 0.000         0.001 / 0.001         0.001 / 0.003         0.001 / 0.003       ms
[1150.268s][info][gc,stats    ]      System: Java Threads                                     83 / 83               82 / 83               78 / 83               78 / 83          threads
[1150.268s][info][gc,stats    ] =========================================================================================================================================================
[1154.168s][info][gc,start    ] GC(186) Garbage Collection (Allocation Rate)
[1154.168s][info][gc,task     ] GC(186) Using 1 workers
[1154.168s][info][gc,phases   ] GC(186) Pause Mark Start 0.005ms
[1154.736s][info][gc,phases   ] GC(186) Concurrent Mark 568.014ms
[1154.736s][info][gc,phases   ] GC(186) Pause Mark End 0.011ms
[1154.736s][info][gc,phases   ] GC(186) Concurrent Mark Free 0.001ms
[1154.760s][info][gc,phases   ] GC(186) Concurrent Process Non-Strong References 24.124ms
[1154.761s][info][gc,phases   ] GC(186) Concurrent Reset Relocation Set 0.223ms
[1154.776s][info][gc,phases   ] GC(186) Concurrent Select Relocation Set 15.218ms
[1154.776s][info][gc,phases   ] GC(186) Pause Relocate Start 0.009ms
[1154.844s][info][gc,phases   ] GC(186) Concurrent Relocate 67.754ms
[1154.844s][info][gc,load     ] GC(186) Load: 0.00/0.00/0.00
[1154.844s][info][gc,mmu      ] GC(186) MMU: 2ms/0.0%, 5ms/0.0%, 10ms/27.5%, 20ms/63.8%, 50ms/85.5%, 100ms/92.8%
[1154.844s][info][gc,marking  ] GC(186) Mark: 1 stripe(s), 2 proactive flush(es), 1 terminate flush(es), 0 completion(s), 0 continuation(s) 
[1154.844s][info][gc,marking  ] GC(186) Mark Stack Usage: 32M
[1154.844s][info][gc,nmethod  ] GC(186) NMethods: 10598 registered, 469 unregistered
[1154.844s][info][gc,metaspace] GC(186) Metaspace: 131M used, 133M committed, 1152M reserved
[1154.844s][info][gc,ref      ] GC(186) Soft: 6084 encountered, 0 discovered, 0 enqueued
[1154.844s][info][gc,ref      ] GC(186) Weak: 23318 encountered, 12470 discovered, 2 enqueued
[1154.844s][info][gc,ref      ] GC(186) Final: 34 encountered, 0 discovered, 0 enqueued
[1154.844s][info][gc,ref      ] GC(186) Phantom: 1011 encountered, 674 discovered, 0 enqueued
[1154.844s][info][gc,reloc    ] GC(186) Small Pages: 3561 / 7122M, Empty: 2900M, Relocated: 97M, In-Place: 0
[1154.844s][info][gc,reloc    ] GC(186) Medium Pages: 2 / 64M, Empty: 0M, Relocated: 0M, In-Place: 0
[1154.844s][info][gc,reloc    ] GC(186) Large Pages: 0 / 0M, Empty: 0M, Relocated: 0M, In-Place: 0
[1154.844s][info][gc,reloc    ] GC(186) Forwarding Usage: 26M
[1154.844s][info][gc,heap     ] GC(186) Min Capacity: 8192M(100%)
[1154.844s][info][gc,heap     ] GC(186) Max Capacity: 8192M(100%)
[1154.844s][info][gc,heap     ] GC(186) Soft Max Capacity: 8192M(100%)
[1154.844s][info][gc,heap     ] GC(186)                Mark Start          Mark End        Relocate Start      Relocate End           High               Low         
[1154.844s][info][gc,heap     ] GC(186)  Capacity:     8192M (100%)       8192M (100%)       8192M (100%)       8192M (100%)       8192M (100%)       8192M (100%)   
[1154.844s][info][gc,heap     ] GC(186)      Free:     1006M (12%)         602M (7%)         3452M (42%)        7040M (86%)        7042M (86%)         566M (7%)     
[1154.844s][info][gc,heap     ] GC(186)      Used:     7186M (88%)        7590M (93%)        4740M (58%)        1152M (14%)        7626M (93%)        1150M (14%)    
[1154.844s][info][gc,heap     ] GC(186)      Live:         -               582M (7%)          582M (7%)          582M (7%)             -                  -          
[1154.844s][info][gc,heap     ] GC(186) Allocated:         -               404M (5%)          454M (6%)          494M (6%)             -                  -          
[1154.844s][info][gc,heap     ] GC(186)   Garbage:         -              6603M (81%)        3703M (45%)          74M (1%)             -                  -          
[1154.844s][info][gc,heap     ] GC(186) Reclaimed:         -                  -              2900M (35%)        6528M (80%)            -                  -          
[1154.844s][info][gc          ] GC(186) Garbage Collection (Allocation Rate) 7186M(88%)->1152M(14%)
[1160.267s][info][gc,stats    ] === Garbage Collection Statistics =======================================================================================================================
[1160.267s][info][gc,stats    ]                                                              Last 10s              Last 10m              Last 10h                Total
[1160.267s][info][gc,stats    ]                                                              Avg / Max             Avg / Max             Avg / Max             Avg / Max
[1160.267s][info][gc,stats    ]   Collector: Garbage Collection Cycle                    675.907 / 675.907     655.543 / 1022.022   1002.174 / 7809.708   1002.174 / 7809.708    ms
[1160.268s][info][gc,stats    ]  Contention: Mark Segment Reset Contention                     0 / 0                 0 / 5                 0 / 9                 0 / 9           ops/s
[1160.268s][info][gc,stats    ]  Contention: Mark SeqNum Reset Contention                      0 / 0                 0 / 1                 0 / 1                 0 / 1           ops/s
[1160.268s][info][gc,stats    ]    Critical: Allocation Stall                                  0 / 0                 0 / 0                 0 / 0                 0 / 0           ops/s
[1160.268s][info][gc,stats    ]    Critical: Allocation Stall                              0.000 / 0.000         0.000 / 0.000         0.000 / 0.000         0.000 / 0.000       ms
[1160.268s][info][gc,stats    ]    Critical: GC Locker Stall                                   0 / 0                 0 / 1                 0 / 2                 0 / 2           ops/s
[1160.268s][info][gc,stats    ]    Critical: GC Locker Stall                               0.000 / 0.000         0.057 / 0.268         0.051 / 0.268         0.051 / 0.268       ms
[1160.268s][info][gc,stats    ]    Critical: Relocation Stall                                  0 / 0                 0 / 0                 0 / 0                 0 / 0           ops/s
[1160.268s][info][gc,stats    ]    Critical: Relocation Stall                              0.000 / 0.000         0.000 / 0.000         0.000 / 0.000         0.000 / 0.000       ms
[1160.268s][info][gc,stats    ]      Memory: Allocation Rate                                 825 / 1058            828 / 1548            742 / 1548            742 / 1548        MB/s
[1160.268s][info][gc,stats    ]      Memory: Defragment                                        0 / 0                 0 / 0                 0 / 0                 0 / 0           ops/s
[1160.268s][info][gc,stats    ]      Memory: Out Of Memory                                     0 / 0                 0 / 0                 0 / 0                 0 / 0           ops/s
[1160.268s][info][gc,stats    ]      Memory: Page Cache Flush                                  0 / 0                 0 / 0                 0 / 0                 0 / 0           MB/s
[1160.268s][info][gc,stats    ]      Memory: Page Cache Hit L1                               417 / 529             421 / 811             374 / 811             374 / 811         ops/s
[1160.268s][info][gc,stats    ]      Memory: Page Cache Hit L2                                 0 / 0                 0 / 0                 0 / 0                 0 / 0           ops/s
[1160.268s][info][gc,stats    ]      Memory: Page Cache Hit L3                                 0 / 0                 0 / 0                 3 / 397               3 / 397         ops/s
[1160.268s][info][gc,stats    ]      Memory: Page Cache Miss                                   0 / 0                 0 / 0                 0 / 1                 0 / 1           ops/s
[1160.268s][info][gc,stats    ]      Memory: Uncommit                                          0 / 0                 0 / 0                 0 / 0                 0 / 0           MB/s
[1160.268s][info][gc,stats    ]      Memory: Undo Object Allocation Failed                     0 / 0                 0 / 0                 0 / 0                 0 / 0           ops/s
[1160.268s][info][gc,stats    ]      Memory: Undo Object Allocation Succeeded                  0 / 1                 0 / 68                1 / 400               1 / 400         ops/s
[1160.268s][info][gc,stats    ]      Memory: Undo Page Allocation                              0 / 0                 0 / 1                 0 / 1                 0 / 1           ops/s
[1160.268s][info][gc,stats    ]       Phase: Concurrent Mark                             568.014 / 568.014     557.038 / 850.850     776.037 / 5264.294    776.037 / 5264.294    ms
[1160.268s][info][gc,stats    ]       Phase: Concurrent Mark Continue                      0.000 / 0.000         0.000 / 0.000         0.000 / 0.000         0.000 / 0.000       ms
[1160.268s][info][gc,stats    ]       Phase: Concurrent Mark Free                          0.001 / 0.001         0.000 / 0.001         0.001 / 0.003         0.001 / 0.003       ms
[1160.268s][info][gc,stats    ]       Phase: Concurrent Process Non-Strong References     24.124 / 24.124       15.319 / 30.310       27.916 / 1493.667     27.916 / 1493.667    ms
[1160.268s][info][gc,stats    ]       Phase: Concurrent Relocate                          67.754 / 67.754       70.064 / 150.321      58.068 / 150.389      58.068 / 150.389     ms
[1160.268s][info][gc,stats    ]       Phase: Concurrent Reset Relocation Set               0.223 / 0.223         0.180 / 0.396         0.146 / 0.465         0.146 / 0.465       ms
[1160.268s][info][gc,stats    ]       Phase: Concurrent Select Relocation Set             15.218 / 15.218       12.276 / 38.181      133.971 / 2796.200    133.971 / 2796.200    ms
[1160.268s][info][gc,stats    ]       Phase: Pause Mark End                                0.011 / 0.011         0.011 / 0.052         0.051 / 4.475         0.051 / 4.475       ms
[1160.268s][info][gc,stats    ]       Phase: Pause Mark Start                              0.005 / 0.005         0.005 / 0.015         0.046 / 7.250         0.046 / 7.250       ms
[1160.268s][info][gc,stats    ]       Phase: Pause Relocate Start                          0.009 / 0.009         0.007 / 0.017         0.022 / 1.046         0.022 / 1.046       ms
[1160.268s][info][gc,stats    ]    Subphase: Concurrent Classes Purge                      0.471 / 0.471         0.308 / 1.253         0.537 / 5.775         0.537 / 5.775       ms
[1160.268s][info][gc,stats    ]    Subphase: Concurrent Classes Unlink                    18.829 / 18.829       11.655 / 20.934       21.122 / 1489.339     21.122 / 1489.339    ms
[1160.268s][info][gc,stats    ]    Subphase: Concurrent Mark                             566.089 / 566.089     509.824 / 848.625     733.962 / 5176.991    733.962 / 5176.991    ms
[1160.268s][info][gc,stats    ]    Subphase: Concurrent Mark Try Flush                     0.082 / 0.088         0.061 / 0.365         2.528 / 786.951       2.528 / 786.951     ms
[1160.268s][info][gc,stats    ]    Subphase: Concurrent Mark Try Terminate                 0.044 / 0.088         0.199 / 1.588         0.978 / 12.169        0.978 / 12.169      ms
[1160.268s][info][gc,stats    ]    Subphase: Concurrent References Enqueue                 0.003 / 0.003         0.002 / 0.004         0.002 / 0.006         0.002 / 0.006       ms
[1160.268s][info][gc,stats    ]    Subphase: Concurrent References Process                 1.591 / 1.591         0.752 / 3.889         0.624 / 3.889         0.624 / 3.889       ms
[1160.268s][info][gc,stats    ]    Subphase: Concurrent Roots ClassLoaderDataGraph         0.306 / 0.306         0.308 / 0.850         0.552 / 40.174        0.552 / 40.174      ms
[1160.268s][info][gc,stats    ]    Subphase: Concurrent Roots CodeCache                    0.000 / 0.000         0.000 / 0.000         0.000 / 0.000         0.000 / 0.000       ms
[1160.268s][info][gc,stats    ]    Subphase: Concurrent Roots JavaThreads                  1.388 / 1.388         1.334 / 2.842         5.560 / 441.054       5.560 / 441.054     ms
[1160.268s][info][gc,stats    ]    Subphase: Concurrent Roots OopStorageSet                0.076 / 0.076         0.106 / 0.624         0.977 / 136.487       0.977 / 136.487     ms
[1160.268s][info][gc,stats    ]    Subphase: Concurrent Weak Roots OopStorageSet           2.825 / 2.825         2.075 / 5.756         1.840 / 11.047        1.840 / 11.047      ms
[1160.268s][info][gc,stats    ]    Subphase: Pause Mark Try Complete                       0.000 / 0.000         0.001 / 0.001         0.001 / 0.003         0.001 / 0.003       ms
[1160.268s][info][gc,stats    ]      System: Java Threads                                     83 / 83               82 / 83               78 / 83               78 / 83          threads
[1160.268s][info][gc,stats    ] =========================================================================================================================================================
[1162.768s][info][gc,start    ] GC(187) Garbage Collection (Allocation Rate)
[1162.768s][info][gc,task     ] GC(187) Using 1 workers
[1162.768s][info][gc,phases   ] GC(187) Pause Mark Start 0.006ms
[1163.352s][info][gc,phases   ] GC(187) Concurrent Mark 583.835ms
[1163.352s][info][gc,phases   ] GC(187) Pause Mark End 0.009ms
[1163.352s][info][gc,phases   ] GC(187) Concurrent Mark Free 0.000ms
[1163.370s][info][gc,phases   ] GC(187) Concurrent Process Non-Strong References 17.601ms
[1163.370s][info][gc,phases   ] GC(187) Concurrent Reset Relocation Set 0.191ms
[1163.374s][info][gc,phases   ] GC(187) Concurrent Select Relocation Set 4.276ms
[1163.374s][info][gc,phases   ] GC(187) Pause Relocate Start 0.005ms
[1163.436s][info][gc,phases   ] GC(187) Concurrent Relocate 61.828ms
[1163.436s][info][gc,load     ] GC(187) Load: 0.00/0.00/0.00
[1163.436s][info][gc,mmu      ] GC(187) MMU: 2ms/0.0%, 5ms/0.0%, 10ms/27.5%, 20ms/63.8%, 50ms/85.5%, 100ms/92.8%
[1163.436s][info][gc,marking  ] GC(187) Mark: 1 stripe(s), 2 proactive flush(es), 1 terminate flush(es), 0 completion(s), 0 continuation(s) 
[1163.436s][info][gc,marking  ] GC(187) Mark Stack Usage: 32M
[1163.436s][info][gc,nmethod  ] GC(187) NMethods: 10608 registered, 475 unregistered
[1163.436s][info][gc,metaspace] GC(187) Metaspace: 131M used, 133M committed, 1152M reserved
[1163.436s][info][gc,ref      ] GC(187) Soft: 6084 encountered, 0 discovered, 0 enqueued
[1163.436s][info][gc,ref      ] GC(187) Weak: 23319 encountered, 12470 discovered, 1 enqueued
[1163.436s][info][gc,ref      ] GC(187) Final: 34 encountered, 0 discovered, 0 enqueued
[1163.436s][info][gc,ref      ] GC(187) Phantom: 1014 encountered, 676 discovered, 0 enqueued
[1163.436s][info][gc,reloc    ] GC(187) Small Pages: 3662 / 7324M, Empty: 2366M, Relocated: 88M, In-Place: 0
[1163.436s][info][gc,reloc    ] GC(187) Medium Pages: 2 / 64M, Empty: 0M, Relocated: 0M, In-Place: 0
[1163.436s][info][gc,reloc    ] GC(187) Large Pages: 0 / 0M, Empty: 0M, Relocated: 0M, In-Place: 0
[1163.436s][info][gc,reloc    ] GC(187) Forwarding Usage: 24M
[1163.436s][info][gc,heap     ] GC(187) Min Capacity: 8192M(100%)
[1163.436s][info][gc,heap     ] GC(187) Max Capacity: 8192M(100%)
[1163.436s][info][gc,heap     ] GC(187) Soft Max Capacity: 8192M(100%)
[1163.436s][info][gc,heap     ] GC(187)                Mark Start          Mark End        Relocate Start      Relocate End           High               Low         
[1163.436s][info][gc,heap     ] GC(187)  Capacity:     8192M (100%)       8192M (100%)       8192M (100%)       8192M (100%)       8192M (100%)       8192M (100%)   
[1163.436s][info][gc,heap     ] GC(187)      Free:      804M (10%)         280M (3%)         2634M (32%)        6964M (85%)        6966M (85%)         272M (3%)     
[1163.437s][info][gc,heap     ] GC(187)      Used:     7388M (90%)        7912M (97%)        5558M (68%)        1228M (15%)        7920M (97%)        1226M (15%)    
[1163.437s][info][gc,heap     ] GC(187)      Live:         -               579M (7%)          579M (7%)          579M (7%)             -                  -          
[1163.437s][info][gc,heap     ] GC(187) Allocated:         -               524M (6%)          536M (7%)          574M (7%)             -                  -          
[1163.437s][info][gc,heap     ] GC(187)   Garbage:         -              6808M (83%)        4442M (54%)          74M (1%)             -                  -          
[1163.437s][info][gc,heap     ] GC(187) Reclaimed:         -                  -              2366M (29%)        6734M (82%)            -                  -          
[1163.437s][info][gc          ] GC(187) Garbage Collection (Allocation Rate) 7388M(90%)->1228M(15%)
[1170.268s][info][gc,stats    ] === Garbage Collection Statistics =======================================================================================================================
[1170.268s][info][gc,stats    ]                                                              Last 10s              Last 10m              Last 10h                Total
[1170.268s][info][gc,stats    ]                                                              Avg / Max             Avg / Max             Avg / Max             Avg / Max
[1170.268s][info][gc,stats    ]   Collector: Garbage Collection Cycle                    668.339 / 668.339     654.152 / 1022.022   1000.399 / 7809.708   1000.399 / 7809.708    ms
[1170.268s][info][gc,stats    ]  Contention: Mark Segment Reset Contention                     0 / 0                 0 / 5                 0 / 9                 0 / 9           ops/s
[1170.268s][info][gc,stats    ]  Contention: Mark SeqNum Reset Contention                      0 / 0                 0 / 1                 0 / 1                 0 / 1           ops/s
[1170.268s][info][gc,stats    ]    Critical: Allocation Stall                                  0 / 0                 0 / 0                 0 / 0                 0 / 0           ops/s
[1170.268s][info][gc,stats    ]    Critical: Allocation Stall                              0.000 / 0.000         0.000 / 0.000         0.000 / 0.000         0.000 / 0.000       ms
[1170.268s][info][gc,stats    ]    Critical: GC Locker Stall                                   0 / 0                 0 / 1                 0 / 2                 0 / 2           ops/s
[1170.268s][info][gc,stats    ]    Critical: GC Locker Stall                               0.000 / 0.000         0.057 / 0.268         0.051 / 0.268         0.051 / 0.268       ms
[1170.268s][info][gc,stats    ]    Critical: Relocation Stall                                  0 / 0                 0 / 0                 0 / 0                 0 / 0           ops/s
[1170.268s][info][gc,stats    ]    Critical: Relocation Stall                              0.000 / 0.000         0.000 / 0.000         0.000 / 0.000         0.000 / 0.000       ms
[1170.268s][info][gc,stats    ]      Memory: Allocation Rate                                 820 / 974             826 / 1548            743 / 1548            743 / 1548        MB/s
[1170.269s][info][gc,stats    ]      Memory: Defragment                                        0 / 0                 0 / 0                 0 / 0                 0 / 0           ops/s
[1170.269s][info][gc,stats    ]      Memory: Out Of Memory                                     0 / 0                 0 / 0                 0 / 0                 0 / 0           ops/s
[1170.269s][info][gc,stats    ]      Memory: Page Cache Flush                                  0 / 0                 0 / 0                 0 / 0                 0 / 0           MB/s
[1170.269s][info][gc,stats    ]      Memory: Page Cache Hit L1                               414 / 487             420 / 811             375 / 811             375 / 811         ops/s
[1170.269s][info][gc,stats    ]      Memory: Page Cache Hit L2                                 0 / 0                 0 / 0                 0 / 0                 0 / 0           ops/s
[1170.269s][info][gc,stats    ]      Memory: Page Cache Hit L3                                 0 / 0                 0 / 0                 3 / 397               3 / 397         ops/s
[1170.269s][info][gc,stats    ]      Memory: Page Cache Miss                                   0 / 0                 0 / 0                 0 / 1                 0 / 1           ops/s
[1170.269s][info][gc,stats    ]      Memory: Uncommit                                          0 / 0                 0 / 0                 0 / 0                 0 / 0           MB/s
[1170.269s][info][gc,stats    ]      Memory: Undo Object Allocation Failed                     0 / 0                 0 / 0                 0 / 0                 0 / 0           ops/s
[1170.269s][info][gc,stats    ]      Memory: Undo Object Allocation Succeeded                  0 / 1                 0 / 68                1 / 400               1 / 400         ops/s
[1170.269s][info][gc,stats    ]      Memory: Undo Page Allocation                              0 / 0                 0 / 1                 0 / 1                 0 / 1           ops/s
[1170.269s][info][gc,stats    ]       Phase: Concurrent Mark                             583.835 / 583.835     555.847 / 850.850     775.015 / 5264.294    775.015 / 5264.294    ms
[1170.269s][info][gc,stats    ]       Phase: Concurrent Mark Continue                      0.000 / 0.000         0.000 / 0.000         0.000 / 0.000         0.000 / 0.000       ms
[1170.269s][info][gc,stats    ]       Phase: Concurrent Mark Free                          0.000 / 0.000         0.000 / 0.001         0.001 / 0.003         0.001 / 0.003       ms
[1170.269s][info][gc,stats    ]       Phase: Concurrent Process Non-Strong References     17.601 / 17.601       15.366 / 30.310       27.861 / 1493.667     27.861 / 1493.667    ms
[1170.269s][info][gc,stats    ]       Phase: Concurrent Relocate                          61.828 / 61.828       69.939 / 150.321      58.088 / 150.389      58.088 / 150.389     ms
[1170.269s][info][gc,stats    ]       Phase: Concurrent Reset Relocation Set               0.191 / 0.191         0.180 / 0.396         0.146 / 0.465         0.146 / 0.465       ms
[1170.269s][info][gc,stats    ]       Phase: Concurrent Select Relocation Set              4.276 / 4.276        12.154 / 38.181      133.281 / 2796.200    133.281 / 2796.200    ms
[1170.269s][info][gc,stats    ]       Phase: Pause Mark End                                0.009 / 0.009         0.011 / 0.052         0.051 / 4.475         0.051 / 4.475       ms
[1170.269s][info][gc,stats    ]       Phase: Pause Mark Start                              0.006 / 0.006         0.005 / 0.015         0.046 / 7.250         0.046 / 7.250       ms
[1170.269s][info][gc,stats    ]       Phase: Pause Relocate Start                          0.005 / 0.005         0.007 / 0.017         0.022 / 1.046         0.022 / 1.046       ms
[1170.269s][info][gc,stats    ]    Subphase: Concurrent Classes Purge                      0.045 / 0.045         0.306 / 1.253         0.534 / 5.775         0.534 / 5.775       ms
[1170.269s][info][gc,stats    ]    Subphase: Concurrent Classes Unlink                    13.123 / 13.123       11.683 / 20.934       21.079 / 1489.339     21.079 / 1489.339    ms
[1170.269s][info][gc,stats    ]    Subphase: Concurrent Mark                             581.442 / 581.442     508.898 / 848.625     733.447 / 5176.991    733.447 / 5176.991    ms
[1170.269s][info][gc,stats    ]    Subphase: Concurrent Mark Try Flush                     0.055 / 0.063         0.062 / 0.365         2.515 / 786.951       2.515 / 786.951     ms
[1170.269s][info][gc,stats    ]    Subphase: Concurrent Mark Try Terminate                 0.025 / 0.050         0.199 / 1.588         0.978 / 12.169        0.978 / 12.169      ms
[1170.269s][info][gc,stats    ]    Subphase: Concurrent References Enqueue                 0.002 / 0.002         0.002 / 0.004         0.002 / 0.006         0.002 / 0.006       ms
[1170.269s][info][gc,stats    ]    Subphase: Concurrent References Process                 1.558 / 1.558         0.769 / 3.889         0.629 / 3.889         0.629 / 3.889       ms
[1170.269s][info][gc,stats    ]    Subphase: Concurrent Roots ClassLoaderDataGraph         0.380 / 0.380         0.308 / 0.850         0.551 / 40.174        0.551 / 40.174      ms
[1170.269s][info][gc,stats    ]    Subphase: Concurrent Roots CodeCache                    0.000 / 0.000         0.000 / 0.000         0.000 / 0.000         0.000 / 0.000       ms
[1170.269s][info][gc,stats    ]    Subphase: Concurrent Roots JavaThreads                  1.784 / 1.784         1.336 / 2.842         5.547 / 441.054       5.547 / 441.054     ms
[1170.269s][info][gc,stats    ]    Subphase: Concurrent Roots OopStorageSet                0.102 / 0.102         0.105 / 0.624         0.974 / 136.487       0.974 / 136.487     ms
[1170.269s][info][gc,stats    ]    Subphase: Concurrent Weak Roots OopStorageSet           2.520 / 2.520         2.077 / 5.756         1.843 / 11.047        1.843 / 11.047      ms
[1170.269s][info][gc,stats    ]    Subphase: Pause Mark Try Complete                       0.000 / 0.000         0.001 / 0.001         0.001 / 0.003         0.001 / 0.003       ms
[1170.269s][info][gc,stats    ]      System: Java Threads                                     83 / 83               83 / 83               78 / 83               78 / 83          threads
[1170.269s][info][gc,stats    ] =========================================================================================================================================================
[1170.468s][info][gc,start    ] GC(188) Garbage Collection (Allocation Rate)
[1170.468s][info][gc,task     ] GC(188) Using 1 workers
[1170.468s][info][gc,phases   ] GC(188) Pause Mark Start 0.004ms
[1171.113s][info][gc,phases   ] GC(188) Concurrent Mark 645.024ms
[1171.113s][info][gc,phases   ] GC(188) Pause Mark End 0.009ms
[1171.113s][info][gc,phases   ] GC(188) Concurrent Mark Free 0.000ms
[1171.128s][info][gc,phases   ] GC(188) Concurrent Process Non-Strong References 15.600ms
[1171.129s][info][gc,phases   ] GC(188) Concurrent Reset Relocation Set 0.157ms
[1171.143s][info][gc,phases   ] GC(188) Concurrent Select Relocation Set 14.109ms
[1171.143s][info][gc,phases   ] GC(188) Pause Relocate Start 0.012ms
[1171.217s][info][gc,phases   ] GC(188) Concurrent Relocate 73.639ms
[1171.217s][info][gc,load     ] GC(188) Load: 0.00/0.00/0.00
[1171.217s][info][gc,mmu      ] GC(188) MMU: 2ms/0.0%, 5ms/0.0%, 10ms/27.5%, 20ms/63.8%, 50ms/85.5%, 100ms/92.8%
[1171.217s][info][gc,marking  ] GC(188) Mark: 1 stripe(s), 2 proactive flush(es), 1 terminate flush(es), 0 completion(s), 0 continuation(s) 
[1171.217s][info][gc,marking  ] GC(188) Mark Stack Usage: 32M
[1171.217s][info][gc,nmethod  ] GC(188) NMethods: 10614 registered, 477 unregistered
[1171.217s][info][gc,metaspace] GC(188) Metaspace: 131M used, 133M committed, 1152M reserved
[1171.217s][info][gc,ref      ] GC(188) Soft: 6084 encountered, 0 discovered, 0 enqueued
[1171.217s][info][gc,ref      ] GC(188) Weak: 23320 encountered, 926 discovered, 1 enqueued
[1171.217s][info][gc,ref      ] GC(188) Final: 34 encountered, 0 discovered, 0 enqueued
[1171.217s][info][gc,ref      ] GC(188) Phantom: 1017 encountered, 766 discovered, 0 enqueued
[1171.217s][info][gc,reloc    ] GC(188) Small Pages: 3532 / 7064M, Empty: 2628M, Relocated: 120M, In-Place: 0
[1171.217s][info][gc,reloc    ] GC(188) Medium Pages: 2 / 64M, Empty: 0M, Relocated: 0M, In-Place: 0
[1171.217s][info][gc,reloc    ] GC(188) Large Pages: 0 / 0M, Empty: 0M, Relocated: 0M, In-Place: 0
[1171.217s][info][gc,reloc    ] GC(188) Forwarding Usage: 29M
[1171.217s][info][gc,heap     ] GC(188) Min Capacity: 8192M(100%)
[1171.217s][info][gc,heap     ] GC(188) Max Capacity: 8192M(100%)
[1171.217s][info][gc,heap     ] GC(188) Soft Max Capacity: 8192M(100%)
[1171.217s][info][gc,heap     ] GC(188)                Mark Start          Mark End        Relocate Start      Relocate End           High               Low         
[1171.217s][info][gc,heap     ] GC(188)  Capacity:     8192M (100%)       8192M (100%)       8192M (100%)       8192M (100%)       8192M (100%)       8192M (100%)   
[1171.217s][info][gc,heap     ] GC(188)      Free:     1064M (13%)         406M (5%)         3016M (37%)        6760M (83%)        6760M (83%)         398M (5%)     
[1171.217s][info][gc,heap     ] GC(188)      Used:     7128M (87%)        7786M (95%)        5176M (63%)        1432M (17%)        7794M (95%)        1432M (17%)    
[1171.217s][info][gc,heap     ] GC(188)      Live:         -               612M (7%)          612M (7%)          612M (7%)             -                  -          
[1171.217s][info][gc,heap     ] GC(188) Allocated:         -               658M (8%)          676M (8%)          743M (9%)             -                  -          
[1171.217s][info][gc,heap     ] GC(188)   Garbage:         -              6515M (80%)        3887M (47%)          76M (1%)             -                  -          
[1171.217s][info][gc,heap     ] GC(188) Reclaimed:         -                  -              2628M (32%)        6439M (79%)            -                  -          
[1171.217s][info][gc          ] GC(188) Garbage Collection (Allocation Rate) 7128M(87%)->1432M(17%)
[1178.868s][info][gc,start    ] GC(189) Garbage Collection (Allocation Rate)
[1178.868s][info][gc,task     ] GC(189) Using 1 workers
[1178.868s][info][gc,phases   ] GC(189) Pause Mark Start 0.005ms
[1179.440s][info][gc,phases   ] GC(189) Concurrent Mark 571.415ms
[1179.440s][info][gc,phases   ] GC(189) Pause Mark End 0.009ms
[1179.440s][info][gc,phases   ] GC(189) Concurrent Mark Free 0.001ms
[1179.456s][info][gc,phases   ] GC(189) Concurrent Process Non-Strong References 16.611ms
[1179.456s][info][gc,phases   ] GC(189) Concurrent Reset Relocation Set 0.152ms
[1179.460s][info][gc,phases   ] GC(189) Concurrent Select Relocation Set 3.900ms
[1179.460s][info][gc,phases   ] GC(189) Pause Relocate Start 0.005ms
[1179.522s][info][gc,phases   ] GC(189) Concurrent Relocate 61.096ms
[1179.522s][info][gc,load     ] GC(189) Load: 0.00/0.00/0.00
[1179.522s][info][gc,mmu      ] GC(189) MMU: 2ms/0.0%, 5ms/0.0%, 10ms/27.5%, 20ms/63.8%, 50ms/85.5%, 100ms/92.8%
[1179.522s][info][gc,marking  ] GC(189) Mark: 1 stripe(s), 2 proactive flush(es), 1 terminate flush(es), 0 completion(s), 0 continuation(s) 
[1179.522s][info][gc,marking  ] GC(189) Mark Stack Usage: 32M
[1179.522s][info][gc,nmethod  ] GC(189) NMethods: 10617 registered, 480 unregistered
[1179.522s][info][gc,metaspace] GC(189) Metaspace: 131M used, 133M committed, 1152M reserved
[1179.522s][info][gc,ref      ] GC(189) Soft: 6084 encountered, 0 discovered, 0 enqueued
[1179.522s][info][gc,ref      ] GC(189) Weak: 23323 encountered, 12472 discovered, 3 enqueued
[1179.522s][info][gc,ref      ] GC(189) Final: 34 encountered, 0 discovered, 0 enqueued
[1179.522s][info][gc,ref      ] GC(189) Phantom: 1020 encountered, 680 discovered, 0 enqueued
[1179.522s][info][gc,reloc    ] GC(189) Small Pages: 3469 / 6938M, Empty: 2486M, Relocated: 93M, In-Place: 0
[1179.522s][info][gc,reloc    ] GC(189) Medium Pages: 2 / 64M, Empty: 0M, Relocated: 0M, In-Place: 0
[1179.522s][info][gc,reloc    ] GC(189) Large Pages: 0 / 0M, Empty: 0M, Relocated: 0M, In-Place: 0
[1179.522s][info][gc,reloc    ] GC(189) Forwarding Usage: 25M
[1179.522s][info][gc,heap     ] GC(189) Min Capacity: 8192M(100%)
[1179.522s][info][gc,heap     ] GC(189) Max Capacity: 8192M(100%)
[1179.522s][info][gc,heap     ] GC(189) Soft Max Capacity: 8192M(100%)
[1179.522s][info][gc,heap     ] GC(189)                Mark Start          Mark End        Relocate Start      Relocate End           High               Low         
[1179.522s][info][gc,heap     ] GC(189)  Capacity:     8192M (100%)       8192M (100%)       8192M (100%)       8192M (100%)       8192M (100%)       8192M (100%)   
[1179.522s][info][gc,heap     ] GC(189)      Free:     1190M (15%)         774M (9%)         3250M (40%)        7046M (86%)        7048M (86%)         768M (9%)     
[1179.522s][info][gc,heap     ] GC(189)      Used:     7002M (85%)        7418M (91%)        4942M (60%)        1146M (14%)        7424M (91%)        1144M (14%)    
[1179.522s][info][gc,heap     ] GC(189)      Live:         -               583M (7%)          583M (7%)          583M (7%)             -                  -          
[1179.522s][info][gc,heap     ] GC(189) Allocated:         -               416M (5%)          426M (5%)          486M (6%)             -                  -          
[1179.522s][info][gc,heap     ] GC(189)   Garbage:         -              6418M (78%)        3932M (48%)          75M (1%)             -                  -          
[1179.522s][info][gc,heap     ] GC(189) Reclaimed:         -                  -              2486M (30%)        6342M (77%)            -                  -          
[1179.522s][info][gc          ] GC(189) Garbage Collection (Allocation Rate) 7002M(85%)->1146M(14%)
[1180.268s][info][gc,stats    ] === Garbage Collection Statistics =======================================================================================================================
[1180.268s][info][gc,stats    ]                                                              Last 10s              Last 10m              Last 10h                Total
[1180.268s][info][gc,stats    ]                                                              Avg / Max             Avg / Max             Avg / Max             Avg / Max
[1180.268s][info][gc,stats    ]   Collector: Garbage Collection Cycle                    701.402 / 749.136     654.142 / 1022.022    997.251 / 7809.708    997.251 / 7809.708    ms
[1180.268s][info][gc,stats    ]  Contention: Mark Segment Reset Contention                     0 / 0                 0 / 5                 0 / 9                 0 / 9           ops/s
[1180.268s][info][gc,stats    ]  Contention: Mark SeqNum Reset Contention                      0 / 0                 0 / 1                 0 / 1                 0 / 1           ops/s
[1180.268s][info][gc,stats    ]    Critical: Allocation Stall                                  0 / 0                 0 / 0                 0 / 0                 0 / 0           ops/s
[1180.268s][info][gc,stats    ]    Critical: Allocation Stall                              0.000 / 0.000         0.000 / 0.000         0.000 / 0.000         0.000 / 0.000       ms
[1180.268s][info][gc,stats    ]    Critical: GC Locker Stall                                   0 / 0                 0 / 1                 0 / 2                 0 / 2           ops/s
[1180.268s][info][gc,stats    ]    Critical: GC Locker Stall                               0.000 / 0.000         0.057 / 0.268         0.051 / 0.268         0.051 / 0.268       ms
[1180.268s][info][gc,stats    ]    Critical: Relocation Stall                                  0 / 0                 0 / 0                 0 / 0                 0 / 0           ops/s
[1180.268s][info][gc,stats    ]    Critical: Relocation Stall                              0.000 / 0.000         0.000 / 0.000         0.000 / 0.000         0.000 / 0.000       ms
[1180.268s][info][gc,stats    ]      Memory: Allocation Rate                                 761 / 1100            827 / 1548            743 / 1548            743 / 1548        MB/s
[1180.268s][info][gc,stats    ]      Memory: Defragment                                        0 / 0                 0 / 0                 0 / 0                 0 / 0           ops/s
[1180.268s][info][gc,stats    ]      Memory: Out Of Memory                                     0 / 0                 0 / 0                 0 / 0                 0 / 0           ops/s
[1180.268s][info][gc,stats    ]      Memory: Page Cache Flush                                  0 / 0                 0 / 0                 0 / 0                 0 / 0           MB/s
[1180.268s][info][gc,stats    ]      Memory: Page Cache Hit L1                               391 / 557             420 / 811             375 / 811             375 / 811         ops/s
[1180.268s][info][gc,stats    ]      Memory: Page Cache Hit L2                                 0 / 0                 0 / 0                 0 / 0                 0 / 0           ops/s
[1180.268s][info][gc,stats    ]      Memory: Page Cache Hit L3                                 0 / 0                 0 / 0                 3 / 397               3 / 397         ops/s
[1180.268s][info][gc,stats    ]      Memory: Page Cache Miss                                   0 / 0                 0 / 0                 0 / 1                 0 / 1           ops/s
[1180.268s][info][gc,stats    ]      Memory: Uncommit                                          0 / 0                 0 / 0                 0 / 0                 0 / 0           MB/s
[1180.268s][info][gc,stats    ]      Memory: Undo Object Allocation Failed                     0 / 0                 0 / 0                 0 / 0                 0 / 0           ops/s
[1180.268s][info][gc,stats    ]      Memory: Undo Object Allocation Succeeded                  3 / 37                0 / 68                1 / 400               1 / 400         ops/s
[1180.268s][info][gc,stats    ]      Memory: Undo Page Allocation                              0 / 0                 0 / 1                 0 / 1                 0 / 1           ops/s
[1180.268s][info][gc,stats    ]       Phase: Concurrent Mark                             608.219 / 645.024     556.090 / 850.850     773.259 / 5264.294    773.259 / 5264.294    ms
[1180.268s][info][gc,stats    ]       Phase: Concurrent Mark Continue                      0.000 / 0.000         0.000 / 0.000         0.000 / 0.000         0.000 / 0.000       ms
[1180.268s][info][gc,stats    ]       Phase: Concurrent Mark Free                          0.000 / 0.001         0.000 / 0.001         0.001 / 0.003         0.001 / 0.003       ms
[1180.268s][info][gc,stats    ]       Phase: Concurrent Process Non-Strong References     16.105 / 16.611       15.401 / 30.310       27.737 / 1493.667     27.737 / 1493.667    ms
[1180.268s][info][gc,stats    ]       Phase: Concurrent Relocate                          67.368 / 73.639       69.794 / 150.321      58.186 / 150.389      58.186 / 150.389     ms
[1180.268s][info][gc,stats    ]       Phase: Concurrent Reset Relocation Set               0.154 / 0.157         0.180 / 0.396         0.146 / 0.465         0.146 / 0.465       ms
[1180.268s][info][gc,stats    ]       Phase: Concurrent Select Relocation Set              9.004 / 14.109       12.012 / 38.181      131.973 / 2796.200    131.973 / 2796.200    ms
[1180.268s][info][gc,stats    ]       Phase: Pause Mark End                                0.009 / 0.009         0.011 / 0.052         0.050 / 4.475         0.050 / 4.475       ms
[1180.268s][info][gc,stats    ]       Phase: Pause Mark Start                              0.005 / 0.005         0.005 / 0.015         0.046 / 7.250         0.046 / 7.250       ms
[1180.268s][info][gc,stats    ]       Phase: Pause Relocate Start                          0.008 / 0.012         0.007 / 0.017         0.022 / 1.046         0.022 / 1.046       ms
[1180.268s][info][gc,stats    ]    Subphase: Concurrent Classes Purge                      0.482 / 0.947         0.309 / 1.253         0.533 / 5.775         0.533 / 5.775       ms
[1180.268s][info][gc,stats    ]    Subphase: Concurrent Classes Unlink                    12.350 / 12.755       11.710 / 20.934       20.987 / 1489.339     20.987 / 1489.339    ms
[1180.268s][info][gc,stats    ]    Subphase: Concurrent Mark                             606.328 / 643.191     509.524 / 848.625     732.594 / 5176.991    732.594 / 5176.991    ms
[1180.268s][info][gc,stats    ]    Subphase: Concurrent Mark Try Flush                     0.051 / 0.071         0.062 / 0.365         2.489 / 786.951       2.489 / 786.951     ms
[1180.268s][info][gc,stats    ]    Subphase: Concurrent Mark Try Terminate                 0.017 / 0.053         0.198 / 1.588         0.976 / 12.169        0.976 / 12.169      ms
[1180.268s][info][gc,stats    ]    Subphase: Concurrent References Enqueue                 0.002 / 0.002         0.002 / 0.004         0.002 / 0.006         0.002 / 0.006       ms
[1180.268s][info][gc,stats    ]    Subphase: Concurrent References Process                 0.747 / 1.273         0.776 / 3.889         0.631 / 3.889         0.631 / 3.889       ms
[1180.268s][info][gc,stats    ]    Subphase: Concurrent Roots ClassLoaderDataGraph         0.291 / 0.296         0.308 / 0.850         0.549 / 40.174        0.549 / 40.174      ms
[1180.268s][info][gc,stats    ]    Subphase: Concurrent Roots CodeCache                    0.000 / 0.000         0.000 / 0.000         0.000 / 0.000         0.000 / 0.000       ms
[1180.268s][info][gc,stats    ]    Subphase: Concurrent Roots JavaThreads                  1.386 / 1.425         1.333 / 2.842         5.519 / 441.054       5.519 / 441.054     ms
[1180.268s][info][gc,stats    ]    Subphase: Concurrent Roots OopStorageSet                0.071 / 0.077         0.104 / 0.624         0.968 / 136.487       0.968 / 136.487     ms
[1180.268s][info][gc,stats    ]    Subphase: Concurrent Weak Roots OopStorageSet           2.308 / 2.398         2.078 / 5.756         1.846 / 11.047        1.846 / 11.047      ms
[1180.268s][info][gc,stats    ]    Subphase: Pause Mark Try Complete                       0.000 / 0.000         0.001 / 0.001         0.001 / 0.003         0.001 / 0.003       ms
[1180.268s][info][gc,stats    ]      System: Java Threads                                     83 / 83               83 / 83               78 / 83               78 / 83          threads
[1180.268s][info][gc,stats    ] =========================================================================================================================================================
[1187.869s][info][gc,start    ] GC(190) Garbage Collection (Allocation Rate)
[1187.869s][info][gc,task     ] GC(190) Using 1 workers
[1187.869s][info][gc,phases   ] GC(190) Pause Mark Start 0.004ms
[1188.481s][info][gc,phases   ] GC(190) Concurrent Mark 611.882ms
[1188.481s][info][gc,phases   ] GC(190) Pause Mark End 0.009ms
[1188.481s][info][gc,phases   ] GC(190) Concurrent Mark Free 0.001ms
[1188.497s][info][gc,phases   ] GC(190) Concurrent Process Non-Strong References 16.450ms
[1188.497s][info][gc,phases   ] GC(190) Concurrent Reset Relocation Set 0.142ms
[1188.510s][info][gc,phases   ] GC(190) Concurrent Select Relocation Set 12.935ms
[1188.510s][info][gc,phases   ] GC(190) Pause Relocate Start 0.006ms
[1188.570s][info][gc,phases   ] GC(190) Concurrent Relocate 59.104ms
[1188.570s][info][gc,load     ] GC(190) Load: 0.00/0.00/0.00
[1188.570s][info][gc,mmu      ] GC(190) MMU: 2ms/0.0%, 5ms/0.0%, 10ms/27.5%, 20ms/63.8%, 50ms/85.5%, 100ms/92.8%
[1188.570s][info][gc,marking  ] GC(190) Mark: 1 stripe(s), 2 proactive flush(es), 1 terminate flush(es), 0 completion(s), 0 continuation(s) 
[1188.570s][info][gc,marking  ] GC(190) Mark Stack Usage: 32M
[1188.570s][info][gc,nmethod  ] GC(190) NMethods: 10629 registered, 481 unregistered
[1188.570s][info][gc,metaspace] GC(190) Metaspace: 131M used, 133M committed, 1152M reserved
[1188.570s][info][gc,ref      ] GC(190) Soft: 6084 encountered, 0 discovered, 0 enqueued
[1188.570s][info][gc,ref      ] GC(190) Weak: 23320 encountered, 787 discovered, 0 enqueued
[1188.570s][info][gc,ref      ] GC(190) Final: 34 encountered, 0 discovered, 0 enqueued
[1188.570s][info][gc,ref      ] GC(190) Phantom: 1020 encountered, 761 discovered, 0 enqueued
[1188.570s][info][gc,reloc    ] GC(190) Small Pages: 3638 / 7276M, Empty: 2708M, Relocated: 83M, In-Place: 0
[1188.570s][info][gc,reloc    ] GC(190) Medium Pages: 2 / 64M, Empty: 0M, Relocated: 0M, In-Place: 0
[1188.570s][info][gc,reloc    ] GC(190) Large Pages: 0 / 0M, Empty: 0M, Relocated: 0M, In-Place: 0
[1188.570s][info][gc,reloc    ] GC(190) Forwarding Usage: 27M
[1188.570s][info][gc,heap     ] GC(190) Min Capacity: 8192M(100%)
[1188.570s][info][gc,heap     ] GC(190) Max Capacity: 8192M(100%)
[1188.570s][info][gc,heap     ] GC(190) Soft Max Capacity: 8192M(100%)
[1188.570s][info][gc,heap     ] GC(190)                Mark Start          Mark End        Relocate Start      Relocate End           High               Low         
[1188.570s][info][gc,heap     ] GC(190)  Capacity:     8192M (100%)       8192M (100%)       8192M (100%)       8192M (100%)       8192M (100%)       8192M (100%)   
[1188.570s][info][gc,heap     ] GC(190)      Free:      852M (10%)         232M (3%)         2920M (36%)        6846M (84%)        6848M (84%)         216M (3%)     
[1188.570s][info][gc,heap     ] GC(190)      Used:     7340M (90%)        7960M (97%)        5272M (64%)        1346M (16%)        7976M (97%)        1344M (16%)    
[1188.570s][info][gc,heap     ] GC(190)      Live:         -               573M (7%)          573M (7%)          573M (7%)             -                  -          
[1188.570s][info][gc,heap     ] GC(190) Allocated:         -               620M (8%)          640M (8%)          696M (9%)             -                  -          
[1188.570s][info][gc,heap     ] GC(190)   Garbage:         -              6766M (83%)        4058M (50%)          75M (1%)             -                  -          
[1188.570s][info][gc,heap     ] GC(190) Reclaimed:         -                  -              2708M (33%)        6690M (82%)            -                  -          
[1188.570s][info][gc          ] GC(190) Garbage Collection (Allocation Rate) 7340M(90%)->1346M(16%)
[1190.268s][info][gc,stats    ] === Garbage Collection Statistics =======================================================================================================================
[1190.268s][info][gc,stats    ]                                                              Last 10s              Last 10m              Last 10h                Total
[1190.268s][info][gc,stats    ]                                                              Avg / Max             Avg / Max             Avg / Max             Avg / Max
[1190.268s][info][gc,stats    ]   Collector: Garbage Collection Cycle                    701.160 / 701.160     651.926 / 1022.022    995.701 / 7809.708    995.701 / 7809.708    ms
[1190.268s][info][gc,stats    ]  Contention: Mark Segment Reset Contention                     0 / 0                 0 / 5                 0 / 9                 0 / 9           ops/s
[1190.268s][info][gc,stats    ]  Contention: Mark SeqNum Reset Contention                      0 / 0                 0 / 1                 0 / 1                 0 / 1           ops/s
[1190.268s][info][gc,stats    ]    Critical: Allocation Stall                                  0 / 0                 0 / 0                 0 / 0                 0 / 0           ops/s
[1190.268s][info][gc,stats    ]    Critical: Allocation Stall                              0.000 / 0.000         0.000 / 0.000         0.000 / 0.000         0.000 / 0.000       ms
[1190.268s][info][gc,stats    ]    Critical: GC Locker Stall                                   0 / 1                 0 / 1                 0 / 2                 0 / 2           ops/s
[1190.268s][info][gc,stats    ]    Critical: GC Locker Stall                               0.060 / 0.060         0.060 / 0.268         0.051 / 0.268         0.051 / 0.268       ms
[1190.268s][info][gc,stats    ]    Critical: Relocation Stall                                  0 / 0                 0 / 0                 0 / 0                 0 / 0           ops/s
[1190.268s][info][gc,stats    ]    Critical: Relocation Stall                              0.000 / 0.000         0.000 / 0.000         0.000 / 0.000         0.000 / 0.000       ms
[1190.268s][info][gc,stats    ]      Memory: Allocation Rate                                 797 / 1046            826 / 1548            743 / 1548            743 / 1548        MB/s
[1190.268s][info][gc,stats    ]      Memory: Defragment                                        0 / 0                 0 / 0                 0 / 0                 0 / 0           ops/s
[1190.268s][info][gc,stats    ]      Memory: Out Of Memory                                     0 / 0                 0 / 0                 0 / 0                 0 / 0           ops/s
[1190.268s][info][gc,stats    ]      Memory: Page Cache Flush                                  0 / 0                 0 / 0                 0 / 0                 0 / 0           MB/s
[1190.268s][info][gc,stats    ]      Memory: Page Cache Hit L1                               402 / 523             420 / 811             375 / 811             375 / 811         ops/s
[1190.268s][info][gc,stats    ]      Memory: Page Cache Hit L2                                 0 / 0                 0 / 0                 0 / 0                 0 / 0           ops/s
[1190.268s][info][gc,stats    ]      Memory: Page Cache Hit L3                                 1 / 11                0 / 11                3 / 397               3 / 397         ops/s
[1190.268s][info][gc,stats    ]      Memory: Page Cache Miss                                   0 / 0                 0 / 0                 0 / 1                 0 / 1           ops/s
[1190.268s][info][gc,stats    ]      Memory: Uncommit                                          0 / 0                 0 / 0                 0 / 0                 0 / 0           MB/s
[1190.268s][info][gc,stats    ]      Memory: Undo Object Allocation Failed                     0 / 0                 0 / 0                 0 / 0                 0 / 0           ops/s
[1190.268s][info][gc,stats    ]      Memory: Undo Object Allocation Succeeded                  0 / 0                 0 / 68                1 / 400               1 / 400         ops/s
[1190.268s][info][gc,stats    ]      Memory: Undo Page Allocation                              0 / 0                 0 / 1                 0 / 1                 0 / 1           ops/s
[1190.268s][info][gc,stats    ]       Phase: Concurrent Mark                             611.882 / 611.882     554.564 / 850.850     772.414 / 5264.294    772.414 / 5264.294    ms
[1190.268s][info][gc,stats    ]       Phase: Concurrent Mark Continue                      0.000 / 0.000         0.000 / 0.000         0.000 / 0.000         0.000 / 0.000       ms
[1190.269s][info][gc,stats    ]       Phase: Concurrent Mark Free                          0.001 / 0.001         0.000 / 0.001         0.001 / 0.003         0.001 / 0.003       ms
[1190.269s][info][gc,stats    ]       Phase: Concurrent Process Non-Strong References     16.450 / 16.450       15.301 / 30.310       27.678 / 1493.667     27.678 / 1493.667    ms
[1190.269s][info][gc,stats    ]       Phase: Concurrent Relocate                          59.104 / 59.104       69.386 / 150.321      58.191 / 150.389      58.191 / 150.389     ms
[1190.269s][info][gc,stats    ]       Phase: Concurrent Reset Relocation Set               0.142 / 0.142         0.179 / 0.396         0.146 / 0.465         0.146 / 0.465       ms
[1190.269s][info][gc,stats    ]       Phase: Concurrent Select Relocation Set             12.935 / 12.935       11.835 / 38.181      131.350 / 2796.200    131.350 / 2796.200    ms
[1190.269s][info][gc,stats    ]       Phase: Pause Mark End                                0.009 / 0.009         0.011 / 0.052         0.050 / 4.475         0.050 / 4.475       ms
[1190.269s][info][gc,stats    ]       Phase: Pause Mark Start                              0.004 / 0.004         0.005 / 0.015         0.045 / 7.250         0.045 / 7.250       ms
[1190.269s][info][gc,stats    ]       Phase: Pause Relocate Start                          0.006 / 0.006         0.007 / 0.017         0.022 / 1.046         0.022 / 1.046       ms
[1190.269s][info][gc,stats    ]    Subphase: Concurrent Classes Purge                      0.009 / 0.009         0.301 / 1.253         0.531 / 5.775         0.531 / 5.775       ms
[1190.269s][info][gc,stats    ]    Subphase: Concurrent Classes Unlink                    12.751 / 12.751       11.641 / 20.934       20.944 / 1489.339     20.944 / 1489.339    ms
[1190.269s][info][gc,stats    ]    Subphase: Concurrent Mark                             609.836 / 609.836     507.916 / 848.625     732.183 / 5176.991    732.183 / 5176.991    ms
[1190.269s][info][gc,stats    ]    Subphase: Concurrent Mark Try Flush                     0.026 / 0.043         0.060 / 0.365         2.477 / 786.951       2.477 / 786.951     ms
[1190.269s][info][gc,stats    ]    Subphase: Concurrent Mark Try Terminate                 0.007 / 0.014         0.198 / 1.588         0.975 / 12.169        0.975 / 12.169      ms
[1190.269s][info][gc,stats    ]    Subphase: Concurrent References Enqueue                 0.000 / 0.000         0.002 / 0.004         0.002 / 0.006         0.002 / 0.006       ms
[1190.269s][info][gc,stats    ]    Subphase: Concurrent References Process                 0.224 / 0.224         0.780 / 3.889         0.629 / 3.889         0.629 / 3.889       ms
[1190.269s][info][gc,stats    ]    Subphase: Concurrent Roots ClassLoaderDataGraph         0.442 / 0.442         0.308 / 0.850         0.549 / 40.174        0.549 / 40.174      ms
[1190.269s][info][gc,stats    ]    Subphase: Concurrent Roots CodeCache                    0.000 / 0.000         0.000 / 0.000         0.000 / 0.000         0.000 / 0.000       ms
[1190.269s][info][gc,stats    ]    Subphase: Concurrent Roots JavaThreads                  1.442 / 1.442         1.324 / 2.842         5.505 / 441.054       5.505 / 441.054     ms
[1190.269s][info][gc,stats    ]    Subphase: Concurrent Roots OopStorageSet                0.077 / 0.077         0.102 / 0.624         0.965 / 136.487       0.965 / 136.487     ms
[1190.269s][info][gc,stats    ]    Subphase: Concurrent Weak Roots OopStorageSet           2.900 / 2.900         2.055 / 5.756         1.849 / 11.047        1.849 / 11.047      ms
[1190.269s][info][gc,stats    ]    Subphase: Pause Mark Try Complete                       0.000 / 0.000         0.001 / 0.001         0.001 / 0.003         0.001 / 0.003       ms
[1190.269s][info][gc,stats    ]      System: Java Threads                                     83 / 83               83 / 83               78 / 83               78 / 83          threads
[1190.269s][info][gc,stats    ] =========================================================================================================================================================
[1196.268s][info][gc,start    ] GC(191) Garbage Collection (Allocation Rate)
[1196.268s][info][gc,task     ] GC(191) Using 1 workers
[1196.268s][info][gc,phases   ] GC(191) Pause Mark Start 0.004ms
[1196.905s][info][gc,phases   ] GC(191) Concurrent Mark 636.582ms
[1196.905s][info][gc,phases   ] GC(191) Pause Mark End 0.013ms
[1196.905s][info][gc,phases   ] GC(191) Concurrent Mark Free 0.001ms
[1196.927s][info][gc,phases   ] GC(191) Concurrent Process Non-Strong References 22.221ms
[1196.928s][info][gc,phases   ] GC(191) Concurrent Reset Relocation Set 0.206ms
[1196.947s][info][gc,phases   ] GC(191) Concurrent Select Relocation Set 19.616ms
[1196.947s][info][gc,phases   ] GC(191) Pause Relocate Start 0.007ms
[1197.020s][info][gc,phases   ] GC(191) Concurrent Relocate 72.691ms
[1197.020s][info][gc,load     ] GC(191) Load: 0.00/0.00/0.00
[1197.020s][info][gc,mmu      ] GC(191) MMU: 2ms/0.0%, 5ms/0.0%, 10ms/27.5%, 20ms/63.8%, 50ms/85.5%, 100ms/92.8%
[1197.020s][info][gc,marking  ] GC(191) Mark: 1 stripe(s), 2 proactive flush(es), 1 terminate flush(es), 0 completion(s), 0 continuation(s) 
[1197.020s][info][gc,marking  ] GC(191) Mark Stack Usage: 32M
[1197.020s][info][gc,nmethod  ] GC(191) NMethods: 10631 registered, 487 unregistered
[1197.020s][info][gc,metaspace] GC(191) Metaspace: 131M used, 133M committed, 1152M reserved
[1197.020s][info][gc,ref      ] GC(191) Soft: 6084 encountered, 0 discovered, 0 enqueued
[1197.020s][info][gc,ref      ] GC(191) Weak: 23324 encountered, 12453 discovered, 3 enqueued
[1197.020s][info][gc,ref      ] GC(191) Final: 34 encountered, 0 discovered, 0 enqueued
[1197.020s][info][gc,ref      ] GC(191) Phantom: 1026 encountered, 756 discovered, 0 enqueued
[1197.020s][info][gc,reloc    ] GC(191) Small Pages: 3537 / 7074M, Empty: 3098M, Relocated: 94M, In-Place: 0
[1197.020s][info][gc,reloc    ] GC(191) Medium Pages: 2 / 64M, Empty: 0M, Relocated: 0M, In-Place: 0
[1197.020s][info][gc,reloc    ] GC(191) Large Pages: 0 / 0M, Empty: 0M, Relocated: 0M, In-Place: 0
[1197.020s][info][gc,reloc    ] GC(191) Forwarding Usage: 28M
[1197.020s][info][gc,heap     ] GC(191) Min Capacity: 8192M(100%)
[1197.020s][info][gc,heap     ] GC(191) Max Capacity: 8192M(100%)
[1197.020s][info][gc,heap     ] GC(191) Soft Max Capacity: 8192M(100%)
[1197.020s][info][gc,heap     ] GC(191)                Mark Start          Mark End        Relocate Start      Relocate End           High               Low         
[1197.020s][info][gc,heap     ] GC(191)  Capacity:     8192M (100%)       8192M (100%)       8192M (100%)       8192M (100%)       8192M (100%)       8192M (100%)   
[1197.020s][info][gc,heap     ] GC(191)      Free:     1054M (13%)         600M (7%)         3684M (45%)        7028M (86%)        7032M (86%)         592M (7%)     
[1197.020s][info][gc,heap     ] GC(191)      Used:     7138M (87%)        7592M (93%)        4508M (55%)        1164M (14%)        7600M (93%)        1160M (14%)    
[1197.020s][info][gc,heap     ] GC(191)      Live:         -               581M (7%)          581M (7%)          581M (7%)             -                  -          
[1197.020s][info][gc,heap     ] GC(191) Allocated:         -               454M (6%)          468M (6%)          508M (6%)             -                  -          
[1197.020s][info][gc,heap     ] GC(191)   Garbage:         -              6556M (80%)        3458M (42%)          73M (1%)             -                  -          
[1197.020s][info][gc,heap     ] GC(191) Reclaimed:         -                  -              3098M (38%)        6482M (79%)            -                  -          
[1197.020s][info][gc          ] GC(191) Garbage Collection (Allocation Rate) 7138M(87%)->1164M(14%)
[1200.267s][info][gc,stats    ] === Garbage Collection Statistics =======================================================================================================================
[1200.267s][info][gc,stats    ]                                                              Last 10s              Last 10m              Last 10h                Total
[1200.267s][info][gc,stats    ]                                                              Avg / Max             Avg / Max             Avg / Max             Avg / Max
[1200.267s][info][gc,stats    ]   Collector: Garbage Collection Cycle                    751.870 / 751.870     652.735 / 1022.022    994.431 / 7809.708    994.431 / 7809.708    ms
[1200.267s][info][gc,stats    ]  Contention: Mark Segment Reset Contention                     0 / 0                 0 / 5                 0 / 9                 0 / 9           ops/s
[1200.267s][info][gc,stats    ]  Contention: Mark SeqNum Reset Contention                      0 / 0                 0 / 1                 0 / 1                 0 / 1           ops/s
[1200.267s][info][gc,stats    ]    Critical: Allocation Stall                                  0 / 0                 0 / 0                 0 / 0                 0 / 0           ops/s
[1200.267s][info][gc,stats    ]    Critical: Allocation Stall                              0.000 / 0.000         0.000 / 0.000         0.000 / 0.000         0.000 / 0.000       ms
[1200.267s][info][gc,stats    ]    Critical: GC Locker Stall                                   0 / 0                 0 / 1                 0 / 2                 0 / 2           ops/s
[1200.267s][info][gc,stats    ]    Critical: GC Locker Stall                               0.000 / 0.000         0.060 / 0.268         0.051 / 0.268         0.051 / 0.268       ms
[1200.267s][info][gc,stats    ]    Critical: Relocation Stall                                  0 / 0                 0 / 0                 0 / 0                 0 / 0           ops/s
[1200.267s][info][gc,stats    ]    Critical: Relocation Stall                              0.000 / 0.000         0.000 / 0.000         0.000 / 0.000         0.000 / 0.000       ms
[1200.267s][info][gc,stats    ]      Memory: Allocation Rate                                 744 / 1080            827 / 1548            743 / 1548            743 / 1548        MB/s
[1200.267s][info][gc,stats    ]      Memory: Defragment                                        0 / 0                 0 / 0                 0 / 0                 0 / 0           ops/s
[1200.267s][info][gc,stats    ]      Memory: Out Of Memory                                     0 / 0                 0 / 0                 0 / 0                 0 / 0           ops/s
[1200.267s][info][gc,stats    ]      Memory: Page Cache Flush                                  0 / 0                 0 / 0                 0 / 0                 0 / 0           MB/s
[1200.267s][info][gc,stats    ]      Memory: Page Cache Hit L1                               376 / 540             420 / 811             375 / 811             375 / 811         ops/s
[1200.267s][info][gc,stats    ]      Memory: Page Cache Hit L2                                 0 / 0                 0 / 0                 0 / 0                 0 / 0           ops/s
[1200.267s][info][gc,stats    ]      Memory: Page Cache Hit L3                                 0 / 0                 0 / 11                3 / 397               3 / 397         ops/s
[1200.267s][info][gc,stats    ]      Memory: Page Cache Miss                                   0 / 0                 0 / 0                 0 / 1                 0 / 1           ops/s
[1200.267s][info][gc,stats    ]      Memory: Uncommit                                          0 / 0                 0 / 0                 0 / 0                 0 / 0           MB/s
[1200.267s][info][gc,stats    ]      Memory: Undo Object Allocation Failed                     0 / 0                 0 / 0                 0 / 0                 0 / 0           ops/s
[1200.267s][info][gc,stats    ]      Memory: Undo Object Allocation Succeeded                  2 / 21                0 / 68                1 / 400               1 / 400         ops/s
[1200.267s][info][gc,stats    ]      Memory: Undo Page Allocation                              0 / 0                 0 / 1                 0 / 1                 0 / 1           ops/s
[1200.267s][info][gc,stats    ]       Phase: Concurrent Mark                             636.582 / 636.582     554.834 / 850.850     771.707 / 5264.294    771.707 / 5264.294    ms
[1200.267s][info][gc,stats    ]       Phase: Concurrent Mark Continue                      0.000 / 0.000         0.000 / 0.000         0.000 / 0.000         0.000 / 0.000       ms
[1200.267s][info][gc,stats    ]       Phase: Concurrent Mark Free                          0.001 / 0.001         0.000 / 0.001         0.001 / 0.003         0.001 / 0.003       ms
[1200.268s][info][gc,stats    ]       Phase: Concurrent Process Non-Strong References     22.221 / 22.221       15.392 / 30.310       27.650 / 1493.667     27.650 / 1493.667    ms
[1200.268s][info][gc,stats    ]       Phase: Concurrent Relocate                          72.691 / 72.691       69.649 / 150.321      58.266 / 150.389      58.266 / 150.389     ms
[1200.268s][info][gc,stats    ]       Phase: Concurrent Reset Relocation Set               0.206 / 0.206         0.179 / 0.396         0.146 / 0.465         0.146 / 0.465       ms
[1200.268s][info][gc,stats    ]       Phase: Concurrent Select Relocation Set             19.616 / 19.616       12.021 / 38.181      130.768 / 2796.200    130.768 / 2796.200    ms
[1200.268s][info][gc,stats    ]       Phase: Pause Mark End                                0.013 / 0.013         0.011 / 0.052         0.050 / 4.475         0.050 / 4.475       ms
[1200.268s][info][gc,stats    ]       Phase: Pause Mark Start                              0.004 / 0.004         0.005 / 0.015         0.045 / 7.250         0.045 / 7.250       ms
[1200.268s][info][gc,stats    ]       Phase: Pause Relocate Start                          0.007 / 0.007         0.007 / 0.017         0.022 / 1.046         0.022 / 1.046       ms
[1200.268s][info][gc,stats    ]    Subphase: Concurrent Classes Purge                      0.245 / 0.245         0.299 / 1.253         0.529 / 5.775         0.529 / 5.775       ms
[1200.268s][info][gc,stats    ]    Subphase: Concurrent Classes Unlink                    15.767 / 15.767       11.693 / 20.934       20.917 / 1489.339     20.917 / 1489.339    ms
[1200.268s][info][gc,stats    ]    Subphase: Concurrent Mark                             634.689 / 634.689     508.136 / 848.625     731.858 / 5176.991    731.858 / 5176.991    ms
[1200.268s][info][gc,stats    ]    Subphase: Concurrent Mark Try Flush                     0.060 / 0.086         0.061 / 0.365         2.464 / 786.951       2.464 / 786.951     ms
[1200.268s][info][gc,stats    ]    Subphase: Concurrent Mark Try Terminate                 0.032 / 0.064         0.199 / 1.588         0.974 / 12.169        0.974 / 12.169      ms
[1200.268s][info][gc,stats    ]    Subphase: Concurrent References Enqueue                 0.003 / 0.003         0.002 / 0.004         0.002 / 0.006         0.002 / 0.006       ms
[1200.268s][info][gc,stats    ]    Subphase: Concurrent References Process                 2.884 / 2.884         0.813 / 3.889         0.640 / 3.889         0.640 / 3.889       ms
[1200.268s][info][gc,stats    ]    Subphase: Concurrent Roots ClassLoaderDataGraph         0.305 / 0.305         0.307 / 0.850         0.548 / 40.174        0.548 / 40.174      ms
[1200.268s][info][gc,stats    ]    Subphase: Concurrent Roots CodeCache                    0.000 / 0.000         0.000 / 0.000         0.000 / 0.000         0.000 / 0.000       ms
[1200.268s][info][gc,stats    ]    Subphase: Concurrent Roots JavaThreads                  1.391 / 1.391         1.314 / 2.842         5.492 / 441.054       5.492 / 441.054     ms
[1200.268s][info][gc,stats    ]    Subphase: Concurrent Roots OopStorageSet                0.073 / 0.073         0.102 / 0.624         0.962 / 136.487       0.962 / 136.487     ms
[1200.268s][info][gc,stats    ]    Subphase: Concurrent Weak Roots OopStorageSet           3.033 / 3.033         2.060 / 5.756         1.853 / 11.047        1.853 / 11.047      ms
[1200.268s][info][gc,stats    ]    Subphase: Pause Mark Try Complete                       0.000 / 0.000         0.001 / 0.001         0.001 / 0.003         0.001 / 0.003       ms
[1200.268s][info][gc,stats    ]      System: Java Threads                                     83 / 83               83 / 83               78 / 83               78 / 83          threads
[1200.268s][info][gc,stats    ] =========================================================================================================================================================
[1204.368s][info][gc,start    ] GC(192) Garbage Collection (Allocation Rate)
[1204.368s][info][gc,task     ] GC(192) Using 1 workers
[1204.368s][info][gc,phases   ] GC(192) Pause Mark Start 0.004ms
[1204.959s][info][gc,phases   ] GC(192) Concurrent Mark 591.088ms
[1204.959s][info][gc,phases   ] GC(192) Pause Mark End 0.008ms
[1204.959s][info][gc,phases   ] GC(192) Concurrent Mark Free 0.000ms
[1204.976s][info][gc,phases   ] GC(192) Concurrent Process Non-Strong References 17.191ms
[1204.976s][info][gc,phases   ] GC(192) Concurrent Reset Relocation Set 0.129ms
[1204.982s][info][gc,phases   ] GC(192) Concurrent Select Relocation Set 5.078ms
[1204.982s][info][gc,phases   ] GC(192) Pause Relocate Start 0.006ms
[1205.040s][info][gc,phases   ] GC(192) Concurrent Relocate 58.002ms
[1205.040s][info][gc,load     ] GC(192) Load: 0.00/0.00/0.00
[1205.040s][info][gc,mmu      ] GC(192) MMU: 2ms/0.0%, 5ms/0.0%, 10ms/27.5%, 20ms/63.8%, 50ms/85.5%, 100ms/92.8%
[1205.040s][info][gc,marking  ] GC(192) Mark: 1 stripe(s), 2 proactive flush(es), 1 terminate flush(es), 0 completion(s), 0 continuation(s) 
[1205.040s][info][gc,marking  ] GC(192) Mark Stack Usage: 32M
[1205.040s][info][gc,nmethod  ] GC(192) NMethods: 10631 registered, 487 unregistered
[1205.040s][info][gc,metaspace] GC(192) Metaspace: 131M used, 133M committed, 1152M reserved
[1205.040s][info][gc,ref      ] GC(192) Soft: 6084 encountered, 0 discovered, 0 enqueued
[1205.040s][info][gc,ref      ] GC(192) Weak: 23328 encountered, 790 discovered, 4 enqueued
[1205.040s][info][gc,ref      ] GC(192) Final: 34 encountered, 0 discovered, 0 enqueued
[1205.040s][info][gc,ref      ] GC(192) Phantom: 1032 encountered, 769 discovered, 0 enqueued
[1205.040s][info][gc,reloc    ] GC(192) Small Pages: 3569 / 7138M, Empty: 2544M, Relocated: 88M, In-Place: 0
[1205.040s][info][gc,reloc    ] GC(192) Medium Pages: 2 / 64M, Empty: 0M, Relocated: 0M, In-Place: 0
[1205.040s][info][gc,reloc    ] GC(192) Large Pages: 0 / 0M, Empty: 0M, Relocated: 0M, In-Place: 0
[1205.040s][info][gc,reloc    ] GC(192) Forwarding Usage: 26M
[1205.040s][info][gc,heap     ] GC(192) Min Capacity: 8192M(100%)
[1205.040s][info][gc,heap     ] GC(192) Max Capacity: 8192M(100%)
[1205.040s][info][gc,heap     ] GC(192) Soft Max Capacity: 8192M(100%)
[1205.040s][info][gc,heap     ] GC(192)                Mark Start          Mark End        Relocate Start      Relocate End           High               Low         
[1205.040s][info][gc,heap     ] GC(192)  Capacity:     8192M (100%)       8192M (100%)       8192M (100%)       8192M (100%)       8192M (100%)       8192M (100%)   
[1205.040s][info][gc,heap     ] GC(192)      Free:      990M (12%)         482M (6%)         3018M (37%)        6996M (85%)        6996M (85%)         474M (6%)     
[1205.040s][info][gc,heap     ] GC(192)      Used:     7202M (88%)        7710M (94%)        5174M (63%)        1196M (15%)        7718M (94%)        1196M (15%)    
[1205.040s][info][gc,heap     ] GC(192)      Live:         -               578M (7%)          578M (7%)          578M (7%)             -                  -          
[1205.040s][info][gc,heap     ] GC(192) Allocated:         -               508M (6%)          516M (6%)          542M (7%)             -                  -          
[1205.040s][info][gc,heap     ] GC(192)   Garbage:         -              6623M (81%)        4079M (50%)          74M (1%)             -                  -          
[1205.040s][info][gc,heap     ] GC(192) Reclaimed:         -                  -              2544M (31%)        6548M (80%)            -                  -          
[1205.040s][info][gc          ] GC(192) Garbage Collection (Allocation Rate) 7202M(88%)->1196M(15%)
[1210.268s][info][gc,stats    ] === Garbage Collection Statistics =======================================================================================================================
[1210.268s][info][gc,stats    ]                                                              Last 10s              Last 10m              Last 10h                Total
[1210.268s][info][gc,stats    ]                                                              Avg / Max             Avg / Max             Avg / Max             Avg / Max
[1210.268s][info][gc,stats    ]   Collector: Garbage Collection Cycle                    672.032 / 672.032     652.351 / 1022.022    992.761 / 7809.708    992.761 / 7809.708    ms
[1210.268s][info][gc,stats    ]  Contention: Mark Segment Reset Contention                     0 / 0                 0 / 5                 0 / 9                 0 / 9           ops/s
[1210.268s][info][gc,stats    ]  Contention: Mark SeqNum Reset Contention                      0 / 0                 0 / 1                 0 / 1                 0 / 1           ops/s
[1210.268s][info][gc,stats    ]    Critical: Allocation Stall                                  0 / 0                 0 / 0                 0 / 0                 0 / 0           ops/s
[1210.268s][info][gc,stats    ]    Critical: Allocation Stall                              0.000 / 0.000         0.000 / 0.000         0.000 / 0.000         0.000 / 0.000       ms
[1210.268s][info][gc,stats    ]    Critical: GC Locker Stall                                   0 / 0                 0 / 1                 0 / 2                 0 / 2           ops/s
[1210.268s][info][gc,stats    ]    Critical: GC Locker Stall                               0.000 / 0.000         0.060 / 0.268         0.051 / 0.268         0.051 / 0.268       ms
[1210.268s][info][gc,stats    ]    Critical: Relocation Stall                                  0 / 0                 0 / 0                 0 / 0                 0 / 0           ops/s
[1210.268s][info][gc,stats    ]    Critical: Relocation Stall                              0.000 / 0.000         0.000 / 0.000         0.000 / 0.000         0.000 / 0.000       ms
[1210.268s][info][gc,stats    ]      Memory: Allocation Rate                                 805 / 1040            828 / 1548            744 / 1548            744 / 1548        MB/s
[1210.268s][info][gc,stats    ]      Memory: Defragment                                        0 / 0                 0 / 0                 0 / 0                 0 / 0           ops/s
[1210.268s][info][gc,stats    ]      Memory: Out Of Memory                                     0 / 0                 0 / 0                 0 / 0                 0 / 0           ops/s
[1210.268s][info][gc,stats    ]      Memory: Page Cache Flush                                  0 / 0                 0 / 0                 0 / 0                 0 / 0           MB/s
[1210.268s][info][gc,stats    ]      Memory: Page Cache Hit L1                               407 / 520             421 / 811             375 / 811             375 / 811         ops/s
[1210.268s][info][gc,stats    ]      Memory: Page Cache Hit L2                                 0 / 0                 0 / 0                 0 / 0                 0 / 0           ops/s
[1210.268s][info][gc,stats    ]      Memory: Page Cache Hit L3                                 0 / 0                 0 / 11                3 / 397               3 / 397         ops/s
[1210.268s][info][gc,stats    ]      Memory: Page Cache Miss                                   0 / 0                 0 / 0                 0 / 1                 0 / 1           ops/s
[1210.268s][info][gc,stats    ]      Memory: Uncommit                                          0 / 0                 0 / 0                 0 / 0                 0 / 0           MB/s
[1210.268s][info][gc,stats    ]      Memory: Undo Object Allocation Failed                     0 / 0                 0 / 0                 0 / 0                 0 / 0           ops/s
[1210.268s][info][gc,stats    ]      Memory: Undo Object Allocation Succeeded                  0 / 0                 0 / 68                1 / 400               1 / 400         ops/s
[1210.268s][info][gc,stats    ]      Memory: Undo Page Allocation                              0 / 0                 0 / 1                 0 / 1                 0 / 1           ops/s
[1210.268s][info][gc,stats    ]       Phase: Concurrent Mark                             591.088 / 591.088     554.520 / 850.850     770.771 / 5264.294    770.771 / 5264.294    ms
[1210.268s][info][gc,stats    ]       Phase: Concurrent Mark Continue                      0.000 / 0.000         0.000 / 0.000         0.000 / 0.000         0.000 / 0.000       ms
[1210.268s][info][gc,stats    ]       Phase: Concurrent Mark Free                          0.000 / 0.000         0.000 / 0.001         0.001 / 0.003         0.001 / 0.003       ms
[1210.268s][info][gc,stats    ]       Phase: Concurrent Process Non-Strong References     17.191 / 17.191       15.431 / 30.310       27.596 / 1493.667     27.596 / 1493.667    ms
[1210.268s][info][gc,stats    ]       Phase: Concurrent Relocate                          58.002 / 58.002       69.622 / 150.321      58.265 / 150.389      58.265 / 150.389     ms
[1210.268s][info][gc,stats    ]       Phase: Concurrent Reset Relocation Set               0.129 / 0.129         0.179 / 0.396         0.146 / 0.465         0.146 / 0.465       ms
[1210.268s][info][gc,stats    ]       Phase: Concurrent Select Relocation Set              5.078 / 5.078        11.940 / 38.181      130.116 / 2796.200    130.116 / 2796.200    ms
[1210.268s][info][gc,stats    ]       Phase: Pause Mark End                                0.008 / 0.008         0.011 / 0.052         0.049 / 4.475         0.049 / 4.475       ms
[1210.268s][info][gc,stats    ]       Phase: Pause Mark Start                              0.004 / 0.004         0.005 / 0.015         0.045 / 7.250         0.045 / 7.250       ms
[1210.268s][info][gc,stats    ]       Phase: Pause Relocate Start                          0.006 / 0.006         0.007 / 0.017         0.022 / 1.046         0.022 / 1.046       ms
[1210.268s][info][gc,stats    ]    Subphase: Concurrent Classes Purge                      0.014 / 0.014         0.299 / 1.253         0.527 / 5.775         0.527 / 5.775       ms
[1210.268s][info][gc,stats    ]    Subphase: Concurrent Classes Unlink                    14.135 / 14.135       11.732 / 20.934       20.882 / 1489.339     20.882 / 1489.339    ms
[1210.268s][info][gc,stats    ]    Subphase: Concurrent Mark                             589.246 / 589.246     507.902 / 848.625     731.385 / 5176.991    731.385 / 5176.991    ms
[1210.268s][info][gc,stats    ]    Subphase: Concurrent Mark Try Flush                     0.071 / 0.093         0.061 / 0.365         2.452 / 786.951       2.452 / 786.951     ms
[1210.268s][info][gc,stats    ]    Subphase: Concurrent Mark Try Terminate                 0.047 / 0.094         0.199 / 1.588         0.973 / 12.169        0.973 / 12.169      ms
[1210.268s][info][gc,stats    ]    Subphase: Concurrent References Enqueue                 0.002 / 0.002         0.002 / 0.004         0.002 / 0.006         0.002 / 0.006       ms
[1210.268s][info][gc,stats    ]    Subphase: Concurrent References Process                 0.196 / 0.196         0.814 / 3.889         0.638 / 3.889         0.638 / 3.889       ms
[1210.268s][info][gc,stats    ]    Subphase: Concurrent Roots ClassLoaderDataGraph         0.294 / 0.294         0.307 / 0.850         0.547 / 40.174        0.547 / 40.174      ms
[1210.268s][info][gc,stats    ]    Subphase: Concurrent Roots CodeCache                    0.000 / 0.000         0.000 / 0.000         0.000 / 0.000         0.000 / 0.000       ms
[1210.269s][info][gc,stats    ]    Subphase: Concurrent Roots JavaThreads                  1.396 / 1.396         1.304 / 2.842         5.478 / 441.054       5.478 / 441.054     ms
[1210.269s][info][gc,stats    ]    Subphase: Concurrent Roots OopStorageSet                0.070 / 0.070         0.102 / 0.624         0.959 / 136.487       0.959 / 136.487     ms
[1210.269s][info][gc,stats    ]    Subphase: Concurrent Weak Roots OopStorageSet           2.549 / 2.549         2.062 / 5.756         1.855 / 11.047        1.855 / 11.047      ms
[1210.269s][info][gc,stats    ]    Subphase: Pause Mark Try Complete                       0.000 / 0.000         0.001 / 0.001         0.001 / 0.003         0.001 / 0.003       ms
[1210.269s][info][gc,stats    ]      System: Java Threads                                     83 / 83               83 / 83               78 / 83               78 / 83          threads
[1210.269s][info][gc,stats    ] =========================================================================================================================================================
[1211.868s][info][gc,start    ] GC(193) Garbage Collection (Allocation Rate)
[1211.869s][info][gc,task     ] GC(193) Using 1 workers
[1211.869s][info][gc,phases   ] GC(193) Pause Mark Start 0.004ms
[1212.486s][info][gc,phases   ] GC(193) Concurrent Mark 617.156ms
[1212.486s][info][gc,phases   ] GC(193) Pause Mark End 0.009ms
[1212.486s][info][gc,phases   ] GC(193) Concurrent Mark Free 0.001ms
[1212.503s][info][gc,phases   ] GC(193) Concurrent Process Non-Strong References 16.677ms
[1212.503s][info][gc,phases   ] GC(193) Concurrent Reset Relocation Set 0.154ms
[1212.518s][info][gc,phases   ] GC(193) Concurrent Select Relocation Set 14.833ms
[1212.518s][info][gc,phases   ] GC(193) Pause Relocate Start 0.006ms
[1212.598s][info][gc,phases   ] GC(193) Concurrent Relocate 80.149ms
[1212.598s][info][gc,load     ] GC(193) Load: 0.00/0.00/0.00
[1212.598s][info][gc,mmu      ] GC(193) MMU: 2ms/0.0%, 5ms/0.0%, 10ms/27.5%, 20ms/63.8%, 50ms/85.5%, 100ms/92.8%
[1212.598s][info][gc,marking  ] GC(193) Mark: 1 stripe(s), 2 proactive flush(es), 1 terminate flush(es), 0 completion(s), 0 continuation(s) 
[1212.598s][info][gc,marking  ] GC(193) Mark Stack Usage: 32M
[1212.598s][info][gc,nmethod  ] GC(193) NMethods: 10638 registered, 495 unregistered
[1212.598s][info][gc,metaspace] GC(193) Metaspace: 131M used, 133M committed, 1152M reserved
[1212.598s][info][gc,ref      ] GC(193) Soft: 6084 encountered, 0 discovered, 0 enqueued
[1212.598s][info][gc,ref      ] GC(193) Weak: 23326 encountered, 12452 discovered, 1 enqueued
[1212.598s][info][gc,ref      ] GC(193) Final: 34 encountered, 0 discovered, 0 enqueued
[1212.598s][info][gc,ref      ] GC(193) Phantom: 1035 encountered, 762 discovered, 0 enqueued
[1212.598s][info][gc,reloc    ] GC(193) Small Pages: 3482 / 6964M, Empty: 2314M, Relocated: 109M, In-Place: 0
[1212.598s][info][gc,reloc    ] GC(193) Medium Pages: 2 / 64M, Empty: 0M, Relocated: 0M, In-Place: 0
[1212.598s][info][gc,reloc    ] GC(193) Large Pages: 0 / 0M, Empty: 0M, Relocated: 0M, In-Place: 0
[1212.598s][info][gc,reloc    ] GC(193) Forwarding Usage: 31M
[1212.598s][info][gc,heap     ] GC(193) Min Capacity: 8192M(100%)
[1212.598s][info][gc,heap     ] GC(193) Max Capacity: 8192M(100%)
[1212.598s][info][gc,heap     ] GC(193) Soft Max Capacity: 8192M(100%)
[1212.598s][info][gc,heap     ] GC(193)                Mark Start          Mark End        Relocate Start      Relocate End           High               Low         
[1212.598s][info][gc,heap     ] GC(193)  Capacity:     8192M (100%)       8192M (100%)       8192M (100%)       8192M (100%)       8192M (100%)       8192M (100%)   
[1212.598s][info][gc,heap     ] GC(193)      Free:     1164M (14%)         354M (4%)         2644M (32%)        6566M (80%)        6572M (80%)         340M (4%)     
[1212.598s][info][gc,heap     ] GC(193)      Used:     7028M (86%)        7838M (96%)        5548M (68%)        1626M (20%)        7852M (96%)        1620M (20%)    
[1212.598s][info][gc,heap     ] GC(193)      Live:         -               600M (7%)          600M (7%)          600M (7%)             -                  -          
[1212.598s][info][gc,heap     ] GC(193) Allocated:         -               810M (10%)         834M (10%)         948M (12%)            -                  -          
[1212.598s][info][gc,heap     ] GC(193)   Garbage:         -              6427M (78%)        4113M (50%)          76M (1%)             -                  -          
[1212.598s][info][gc,heap     ] GC(193) Reclaimed:         -                  -              2314M (28%)        6350M (78%)            -                  -          
[1212.598s][info][gc          ] GC(193) Garbage Collection (Allocation Rate) 7028M(86%)->1626M(20%)
[1218.668s][info][gc,start    ] GC(194) Garbage Collection (Allocation Rate)
[1218.668s][info][gc,task     ] GC(194) Using 1 workers
[1218.668s][info][gc,phases   ] GC(194) Pause Mark Start 0.004ms
[1219.307s][info][gc,phases   ] GC(194) Concurrent Mark 639.398ms
[1219.307s][info][gc,phases   ] GC(194) Pause Mark End 0.007ms
[1219.307s][info][gc,phases   ] GC(194) Concurrent Mark Free 0.000ms
[1219.328s][info][gc,phases   ] GC(194) Concurrent Process Non-Strong References 20.345ms
[1219.328s][info][gc,phases   ] GC(194) Concurrent Reset Relocation Set 0.181ms
[1219.350s][info][gc,phases   ] GC(194) Concurrent Select Relocation Set 21.567ms
[1219.350s][info][gc,phases   ] GC(194) Pause Relocate Start 0.024ms
[1219.434s][info][gc,phases   ] GC(194) Concurrent Relocate 83.886ms
[1219.434s][info][gc,load     ] GC(194) Load: 0.00/0.00/0.00
[1219.434s][info][gc,mmu      ] GC(194) MMU: 2ms/0.0%, 5ms/0.0%, 10ms/27.5%, 20ms/63.8%, 50ms/85.5%, 100ms/92.8%
[1219.434s][info][gc,marking  ] GC(194) Mark: 1 stripe(s), 2 proactive flush(es), 1 terminate flush(es), 0 completion(s), 0 continuation(s) 
[1219.434s][info][gc,marking  ] GC(194) Mark Stack Usage: 32M
[1219.434s][info][gc,nmethod  ] GC(194) NMethods: 10664 registered, 500 unregistered
[1219.434s][info][gc,metaspace] GC(194) Metaspace: 131M used, 133M committed, 1152M reserved
[1219.434s][info][gc,ref      ] GC(194) Soft: 6084 encountered, 0 discovered, 0 enqueued
[1219.434s][info][gc,ref      ] GC(194) Weak: 23325 encountered, 929 discovered, 0 enqueued
[1219.434s][info][gc,ref      ] GC(194) Final: 34 encountered, 0 discovered, 0 enqueued
[1219.434s][info][gc,ref      ] GC(194) Phantom: 1035 encountered, 778 discovered, 0 enqueued
[1219.434s][info][gc,reloc    ] GC(194) Small Pages: 3590 / 7180M, Empty: 2806M, Relocated: 116M, In-Place: 0
[1219.434s][info][gc,reloc    ] GC(194) Medium Pages: 2 / 64M, Empty: 0M, Relocated: 0M, In-Place: 0
[1219.434s][info][gc,reloc    ] GC(194) Large Pages: 0 / 0M, Empty: 0M, Relocated: 0M, In-Place: 0
[1219.434s][info][gc,reloc    ] GC(194) Forwarding Usage: 35M
[1219.434s][info][gc,heap     ] GC(194) Min Capacity: 8192M(100%)
[1219.434s][info][gc,heap     ] GC(194) Max Capacity: 8192M(100%)
[1219.434s][info][gc,heap     ] GC(194) Soft Max Capacity: 8192M(100%)
[1219.434s][info][gc,heap     ] GC(194)                Mark Start          Mark End        Relocate Start      Relocate End           High               Low         
[1219.434s][info][gc,heap     ] GC(194)  Capacity:     8192M (100%)       8192M (100%)       8192M (100%)       8192M (100%)       8192M (100%)       8192M (100%)   
[1219.434s][info][gc,heap     ] GC(194)      Free:      948M (12%)         356M (4%)         3110M (38%)        6762M (83%)        6770M (83%)         328M (4%)     
[1219.434s][info][gc,heap     ] GC(194)      Used:     7244M (88%)        7836M (96%)        5082M (62%)        1430M (17%)        7864M (96%)        1422M (17%)    
[1219.434s][info][gc,heap     ] GC(194)      Live:         -               605M (7%)          605M (7%)          605M (7%)             -                  -          
[1219.434s][info][gc,heap     ] GC(194) Allocated:         -               592M (7%)          644M (8%)          749M (9%)             -                  -          
[1219.434s][info][gc,heap     ] GC(194)   Garbage:         -              6638M (81%)        3832M (47%)          74M (1%)             -                  -          
[1219.434s][info][gc,heap     ] GC(194) Reclaimed:         -                  -              2806M (34%)        6563M (80%)            -                  -          
[1219.434s][info][gc          ] GC(194) Garbage Collection (Allocation Rate) 7244M(88%)->1430M(17%)
[1220.268s][info][gc,stats    ] === Garbage Collection Statistics =======================================================================================================================
[1220.268s][info][gc,stats    ]                                                              Last 10s              Last 10m              Last 10h                Total
[1220.268s][info][gc,stats    ]                                                              Avg / Max             Avg / Max             Avg / Max             Avg / Max
[1220.269s][info][gc,stats    ]   Collector: Garbage Collection Cycle                    747.891 / 766.138     653.681 / 1022.022    990.249 / 7809.708    990.249 / 7809.708    ms
[1220.269s][info][gc,stats    ]  Contention: Mark Segment Reset Contention                     0 / 0                 0 / 5                 0 / 9                 0 / 9           ops/s
[1220.269s][info][gc,stats    ]  Contention: Mark SeqNum Reset Contention                      0 / 0                 0 / 1                 0 / 1                 0 / 1           ops/s
[1220.269s][info][gc,stats    ]    Critical: Allocation Stall                                  0 / 0                 0 / 0                 0 / 0                 0 / 0           ops/s
[1220.269s][info][gc,stats    ]    Critical: Allocation Stall                              0.000 / 0.000         0.000 / 0.000         0.000 / 0.000         0.000 / 0.000       ms
[1220.269s][info][gc,stats    ]    Critical: GC Locker Stall                                   0 / 1                 0 / 1                 0 / 2                 0 / 2           ops/s
[1220.269s][info][gc,stats    ]    Critical: GC Locker Stall                               0.001 / 0.001         0.056 / 0.268         0.050 / 0.268         0.050 / 0.268       ms
[1220.269s][info][gc,stats    ]    Critical: Relocation Stall                                  0 / 0                 0 / 0                 0 / 0                 0 / 0           ops/s
[1220.269s][info][gc,stats    ]    Critical: Relocation Stall                              0.000 / 0.000         0.000 / 0.000         0.000 / 0.000         0.000 / 0.000       ms
[1220.269s][info][gc,stats    ]      Memory: Allocation Rate                                 947 / 1234            829 / 1548            746 / 1548            746 / 1548        MB/s
[1220.269s][info][gc,stats    ]      Memory: Defragment                                        0 / 0                 0 / 0                 0 / 0                 0 / 0           ops/s
[1220.269s][info][gc,stats    ]      Memory: Out Of Memory                                     0 / 0                 0 / 0                 0 / 0                 0 / 0           ops/s
[1220.269s][info][gc,stats    ]      Memory: Page Cache Flush                                  0 / 0                 0 / 0                 0 / 0                 0 / 0           MB/s
[1220.269s][info][gc,stats    ]      Memory: Page Cache Hit L1                               485 / 672             421 / 811             376 / 811             376 / 811         ops/s
[1220.269s][info][gc,stats    ]      Memory: Page Cache Hit L2                                 0 / 0                 0 / 0                 0 / 0                 0 / 0           ops/s
[1220.269s][info][gc,stats    ]      Memory: Page Cache Hit L3                                 0 / 0                 0 / 11                3 / 397               3 / 397         ops/s
[1220.269s][info][gc,stats    ]      Memory: Page Cache Miss                                   0 / 0                 0 / 0                 0 / 1                 0 / 1           ops/s
[1220.269s][info][gc,stats    ]      Memory: Uncommit                                          0 / 0                 0 / 0                 0 / 0                 0 / 0           MB/s
[1220.269s][info][gc,stats    ]      Memory: Undo Object Allocation Failed                     0 / 0                 0 / 0                 0 / 0                 0 / 0           ops/s
[1220.269s][info][gc,stats    ]      Memory: Undo Object Allocation Succeeded                  0 / 0                 0 / 68                1 / 400               1 / 400         ops/s
[1220.269s][info][gc,stats    ]      Memory: Undo Page Allocation                              0 / 0                 0 / 1                 0 / 1                 0 / 1           ops/s
[1220.269s][info][gc,stats    ]       Phase: Concurrent Mark                             628.277 / 639.398     555.396 / 850.850     769.309 / 5264.294    769.309 / 5264.294    ms
[1220.269s][info][gc,stats    ]       Phase: Concurrent Mark Continue                      0.000 / 0.000         0.000 / 0.000         0.000 / 0.000         0.000 / 0.000       ms
[1220.269s][info][gc,stats    ]       Phase: Concurrent Mark Free                          0.000 / 0.001         0.000 / 0.001         0.001 / 0.003         0.001 / 0.003       ms
[1220.269s][info][gc,stats    ]       Phase: Concurrent Process Non-Strong References     18.511 / 20.345       15.514 / 30.310       27.502 / 1493.667     27.502 / 1493.667    ms
[1220.269s][info][gc,stats    ]       Phase: Concurrent Relocate                          82.017 / 83.886       69.949 / 150.321      58.509 / 150.389      58.509 / 150.389     ms
[1220.269s][info][gc,stats    ]       Phase: Concurrent Reset Relocation Set               0.168 / 0.181         0.177 / 0.396         0.146 / 0.465         0.146 / 0.465       ms
[1220.269s][info][gc,stats    ]       Phase: Concurrent Select Relocation Set             18.200 / 21.567       11.985 / 38.181      128.968 / 2796.200    128.968 / 2796.200    ms
[1220.269s][info][gc,stats    ]       Phase: Pause Mark End                                0.008 / 0.009         0.010 / 0.052         0.049 / 4.475         0.049 / 4.475       ms
[1220.269s][info][gc,stats    ]       Phase: Pause Mark Start                              0.004 / 0.004         0.005 / 0.015         0.045 / 7.250         0.045 / 7.250       ms
[1220.269s][info][gc,stats    ]       Phase: Pause Relocate Start                          0.015 / 0.024         0.007 / 0.024         0.022 / 1.046         0.022 / 1.046       ms
[1220.269s][info][gc,stats    ]    Subphase: Concurrent Classes Purge                      0.176 / 0.299         0.300 / 1.253         0.523 / 5.775         0.523 / 5.775       ms
[1220.269s][info][gc,stats    ]    Subphase: Concurrent Classes Unlink                    14.724 / 17.110       11.803 / 20.934       20.819 / 1489.339     20.819 / 1489.339    ms
[1220.269s][info][gc,stats    ]    Subphase: Concurrent Mark                             626.350 / 637.510     509.022 / 848.625     730.691 / 5176.991    730.691 / 5176.991    ms
[1220.269s][info][gc,stats    ]    Subphase: Concurrent Mark Try Flush                     0.102 / 0.313         0.062 / 0.365         2.429 / 786.951       2.429 / 786.951     ms
[1220.269s][info][gc,stats    ]    Subphase: Concurrent Mark Try Terminate                 0.024 / 0.082         0.197 / 1.588         0.972 / 12.169        0.972 / 12.169      ms
[1220.269s][info][gc,stats    ]    Subphase: Concurrent References Enqueue                 0.001 / 0.001         0.002 / 0.004         0.002 / 0.006         0.002 / 0.006       ms
[1220.269s][info][gc,stats    ]    Subphase: Concurrent References Process                 0.861 / 1.458         0.822 / 3.889         0.640 / 3.889         0.640 / 3.889       ms
[1220.269s][info][gc,stats    ]    Subphase: Concurrent Roots ClassLoaderDataGraph         0.299 / 0.309         0.304 / 0.850         0.546 / 40.174        0.546 / 40.174      ms
[1220.269s][info][gc,stats    ]    Subphase: Concurrent Roots CodeCache                    0.000 / 0.000         0.000 / 0.000         0.000 / 0.000         0.000 / 0.000       ms
[1220.269s][info][gc,stats    ]    Subphase: Concurrent Roots JavaThreads                  1.404 / 1.419         1.301 / 2.842         5.451 / 441.054       5.451 / 441.054     ms
[1220.269s][info][gc,stats    ]    Subphase: Concurrent Roots OopStorageSet                0.073 / 0.074         0.101 / 0.624         0.954 / 136.487       0.954 / 136.487     ms
[1220.269s][info][gc,stats    ]    Subphase: Concurrent Weak Roots OopStorageSet           2.414 / 2.605         2.066 / 5.756         1.859 / 11.047        1.859 / 11.047      ms
[1220.269s][info][gc,stats    ]    Subphase: Pause Mark Try Complete                       0.000 / 0.000         0.001 / 0.001         0.001 / 0.003         0.001 / 0.003       ms
[1220.269s][info][gc,stats    ]      System: Java Threads                                     83 / 84               83 / 84               78 / 84               78 / 84          threads
[1220.269s][info][gc,stats    ] =========================================================================================================================================================
[1228.767s][info][gc,start    ] GC(195) Garbage Collection (Allocation Rate)
[1228.767s][info][gc,task     ] GC(195) Using 2 workers
[1228.767s][info][gc,phases   ] GC(195) Pause Mark Start 0.004ms
[1229.085s][info][gc,phases   ] GC(195) Concurrent Mark 317.517ms
[1229.085s][info][gc,phases   ] GC(195) Pause Mark End 0.008ms
[1229.085s][info][gc,phases   ] GC(195) Concurrent Mark Free 0.001ms
[1229.093s][info][gc,phases   ] GC(195) Concurrent Process Non-Strong References 8.052ms
[1229.094s][info][gc,phases   ] GC(195) Concurrent Reset Relocation Set 0.389ms
[1229.098s][info][gc,phases   ] GC(195) Concurrent Select Relocation Set 4.393ms
[1229.098s][info][gc,phases   ] GC(195) Pause Relocate Start 0.006ms
[1229.133s][info][gc,phases   ] GC(195) Concurrent Relocate 35.313ms
[1229.133s][info][gc,load     ] GC(195) Load: 0.00/0.00/0.00
[1229.133s][info][gc,mmu      ] GC(195) MMU: 2ms/0.0%, 5ms/0.0%, 10ms/27.5%, 20ms/63.8%, 50ms/85.5%, 100ms/92.8%
[1229.133s][info][gc,marking  ] GC(195) Mark: 2 stripe(s), 2 proactive flush(es), 1 terminate flush(es), 0 completion(s), 0 continuation(s) 
[1229.133s][info][gc,marking  ] GC(195) Mark Stack Usage: 32M
[1229.133s][info][gc,nmethod  ] GC(195) NMethods: 10664 registered, 502 unregistered
[1229.133s][info][gc,metaspace] GC(195) Metaspace: 131M used, 133M committed, 1152M reserved
[1229.133s][info][gc,ref      ] GC(195) Soft: 6084 encountered, 0 discovered, 0 enqueued
[1229.134s][info][gc,ref      ] GC(195) Weak: 23327 encountered, 1056 discovered, 1 enqueued
[1229.134s][info][gc,ref      ] GC(195) Final: 34 encountered, 0 discovered, 0 enqueued
[1229.134s][info][gc,ref      ] GC(195) Phantom: 1038 encountered, 757 discovered, 0 enqueued
[1229.134s][info][gc,reloc    ] GC(195) Small Pages: 3684 / 7368M, Empty: 2954M, Relocated: 78M, In-Place: 0
[1229.134s][info][gc,reloc    ] GC(195) Medium Pages: 2 / 64M, Empty: 0M, Relocated: 0M, In-Place: 0
[1229.134s][info][gc,reloc    ] GC(195) Large Pages: 0 / 0M, Empty: 0M, Relocated: 0M, In-Place: 0
[1229.134s][info][gc,reloc    ] GC(195) Forwarding Usage: 25M
[1229.134s][info][gc,heap     ] GC(195) Min Capacity: 8192M(100%)
[1229.134s][info][gc,heap     ] GC(195) Max Capacity: 8192M(100%)
[1229.134s][info][gc,heap     ] GC(195) Soft Max Capacity: 8192M(100%)
[1229.134s][info][gc,heap     ] GC(195)                Mark Start          Mark End        Relocate Start      Relocate End           High               Low         
[1229.134s][info][gc,heap     ] GC(195)  Capacity:     8192M (100%)       8192M (100%)       8192M (100%)       8192M (100%)       8192M (100%)       8192M (100%)   
[1229.134s][info][gc,heap     ] GC(195)      Free:      760M (9%)          438M (5%)         3388M (41%)        7204M (88%)        7206M (88%)         434M (5%)     
[1229.134s][info][gc,heap     ] GC(195)      Used:     7432M (91%)        7754M (95%)        4804M (59%)         988M (12%)        7758M (95%)         986M (12%)    
[1229.134s][info][gc,heap     ] GC(195)      Live:         -               565M (7%)          565M (7%)          565M (7%)             -                  -          
[1229.134s][info][gc,heap     ] GC(195) Allocated:         -               322M (4%)          326M (4%)          347M (4%)             -                  -          
[1229.134s][info][gc,heap     ] GC(195)   Garbage:         -              6866M (84%)        3912M (48%)          75M (1%)             -                  -          
[1229.134s][info][gc,heap     ] GC(195) Reclaimed:         -                  -              2954M (36%)        6791M (83%)            -                  -          
[1229.134s][info][gc          ] GC(195) Garbage Collection (Allocation Rate) 7432M(91%)->988M(12%)
[1230.268s][info][gc,stats    ] === Garbage Collection Statistics =======================================================================================================================
[1230.268s][info][gc,stats    ]                                                              Last 10s              Last 10m              Last 10h                Total
[1230.268s][info][gc,stats    ]                                                              Avg / Max             Avg / Max             Avg / Max             Avg / Max
[1230.268s][info][gc,stats    ]   Collector: Garbage Collection Cycle                    366.207 / 366.207     649.325 / 1022.022    987.065 / 7809.708    987.065 / 7809.708    ms
[1230.268s][info][gc,stats    ]  Contention: Mark Segment Reset Contention                     0 / 2                 0 / 5                 0 / 9                 0 / 9           ops/s
[1230.268s][info][gc,stats    ]  Contention: Mark SeqNum Reset Contention                      0 / 1                 0 / 1                 0 / 1                 0 / 1           ops/s
[1230.268s][info][gc,stats    ]    Critical: Allocation Stall                                  0 / 0                 0 / 0                 0 / 0                 0 / 0           ops/s
[1230.268s][info][gc,stats    ]    Critical: Allocation Stall                              0.000 / 0.000         0.000 / 0.000         0.000 / 0.000         0.000 / 0.000       ms
[1230.268s][info][gc,stats    ]    Critical: GC Locker Stall                                   0 / 0                 0 / 1                 0 / 2                 0 / 2           ops/s
[1230.268s][info][gc,stats    ]    Critical: GC Locker Stall                               0.000 / 0.000         0.056 / 0.268         0.050 / 0.268         0.050 / 0.268       ms
[1230.268s][info][gc,stats    ]    Critical: Relocation Stall                                  0 / 0                 0 / 0                 0 / 0                 0 / 0           ops/s
[1230.268s][info][gc,stats    ]    Critical: Relocation Stall                              0.000 / 0.000         0.000 / 0.000         0.000 / 0.000         0.000 / 0.000       ms
[1230.268s][info][gc,stats    ]      Memory: Allocation Rate                                 652 / 894             829 / 1548            745 / 1548            745 / 1548        MB/s
[1230.268s][info][gc,stats    ]      Memory: Defragment                                        0 / 0                 0 / 0                 0 / 0                 0 / 0           ops/s
[1230.268s][info][gc,stats    ]      Memory: Out Of Memory                                     0 / 0                 0 / 0                 0 / 0                 0 / 0           ops/s
[1230.268s][info][gc,stats    ]      Memory: Page Cache Flush                                  0 / 0                 0 / 0                 0 / 0                 0 / 0           MB/s
[1230.268s][info][gc,stats    ]      Memory: Page Cache Hit L1                               330 / 486             421 / 811             376 / 811             376 / 811         ops/s
[1230.268s][info][gc,stats    ]      Memory: Page Cache Hit L2                                 0 / 0                 0 / 0                 0 / 0                 0 / 0           ops/s
[1230.268s][info][gc,stats    ]      Memory: Page Cache Hit L3                                 0 / 0                 0 / 11                3 / 397               3 / 397         ops/s
[1230.268s][info][gc,stats    ]      Memory: Page Cache Miss                                   0 / 0                 0 / 0                 0 / 1                 0 / 1           ops/s
[1230.268s][info][gc,stats    ]      Memory: Uncommit                                          0 / 0                 0 / 0                 0 / 0                 0 / 0           MB/s
[1230.268s][info][gc,stats    ]      Memory: Undo Object Allocation Failed                     0 / 0                 0 / 0                 0 / 0                 0 / 0           ops/s
[1230.268s][info][gc,stats    ]      Memory: Undo Object Allocation Succeeded                  0 / 1                 0 / 68                1 / 400               1 / 400         ops/s
[1230.268s][info][gc,stats    ]      Memory: Undo Page Allocation                              0 / 0                 0 / 1                 0 / 1                 0 / 1           ops/s
[1230.268s][info][gc,stats    ]       Phase: Concurrent Mark                             317.517 / 317.517     551.805 / 850.850     767.004 / 5264.294    767.004 / 5264.294    ms
[1230.268s][info][gc,stats    ]       Phase: Concurrent Mark Continue                      0.000 / 0.000         0.000 / 0.000         0.000 / 0.000         0.000 / 0.000       ms
[1230.268s][info][gc,stats    ]       Phase: Concurrent Mark Free                          0.001 / 0.001         0.000 / 0.001         0.001 / 0.003         0.001 / 0.003       ms
[1230.268s][info][gc,stats    ]       Phase: Concurrent Process Non-Strong References      8.052 / 8.052        15.416 / 30.310       27.403 / 1493.667     27.403 / 1493.667    ms
[1230.268s][info][gc,stats    ]       Phase: Concurrent Relocate                          35.313 / 35.313       69.539 / 150.321      58.390 / 150.389      58.390 / 150.389     ms
[1230.268s][info][gc,stats    ]       Phase: Concurrent Reset Relocation Set               0.389 / 0.389         0.180 / 0.396         0.148 / 0.465         0.148 / 0.465       ms
[1230.268s][info][gc,stats    ]       Phase: Concurrent Select Relocation Set              4.393 / 4.393        11.727 / 38.181      128.333 / 2796.200    128.333 / 2796.200    ms
[1230.268s][info][gc,stats    ]       Phase: Pause Mark End                                0.008 / 0.008         0.010 / 0.052         0.049 / 4.475         0.049 / 4.475       ms
[1230.268s][info][gc,stats    ]       Phase: Pause Mark Start                              0.004 / 0.004         0.005 / 0.015         0.044 / 7.250         0.044 / 7.250       ms
[1230.268s][info][gc,stats    ]       Phase: Pause Relocate Start                          0.006 / 0.006         0.007 / 0.024         0.022 / 1.046         0.022 / 1.046       ms
[1230.268s][info][gc,stats    ]    Subphase: Concurrent Classes Purge                      0.023 / 0.023         0.292 / 1.253         0.520 / 5.775         0.520 / 5.775       ms
[1230.268s][info][gc,stats    ]    Subphase: Concurrent Classes Unlink                     6.320 / 6.320        11.726 / 20.934       20.745 / 1489.339     20.745 / 1489.339    ms
[1230.268s][info][gc,stats    ]    Subphase: Concurrent Mark                             315.634 / 316.146     504.412 / 848.625     727.970 / 5176.991    727.970 / 5176.991    ms
[1230.268s][info][gc,stats    ]    Subphase: Concurrent Mark Try Flush                     0.083 / 0.090         0.063 / 0.365         2.417 / 786.951       2.417 / 786.951     ms
[1230.269s][info][gc,stats    ]    Subphase: Concurrent Mark Try Terminate                 0.429 / 1.196         0.203 / 1.588         0.971 / 12.169        0.971 / 12.169      ms
[1230.269s][info][gc,stats    ]    Subphase: Concurrent References Enqueue                 0.001 / 0.001         0.002 / 0.004         0.002 / 0.006         0.002 / 0.006       ms
[1230.269s][info][gc,stats    ]    Subphase: Concurrent References Process                 0.142 / 0.142         0.821 / 3.889         0.638 / 3.889         0.638 / 3.889       ms
[1230.269s][info][gc,stats    ]    Subphase: Concurrent Roots ClassLoaderDataGraph         0.200 / 0.318         0.302 / 0.850         0.543 / 40.174        0.543 / 40.174      ms
[1230.269s][info][gc,stats    ]    Subphase: Concurrent Roots CodeCache                    0.000 / 0.000         0.000 / 0.000         0.000 / 0.000         0.000 / 0.000       ms
[1230.269s][info][gc,stats    ]    Subphase: Concurrent Roots JavaThreads                  0.978 / 1.097         1.286 / 2.842         5.422 / 441.054       5.422 / 441.054     ms
[1230.269s][info][gc,stats    ]    Subphase: Concurrent Roots OopStorageSet                0.046 / 0.058         0.101 / 0.624         0.948 / 136.487       0.948 / 136.487     ms
[1230.269s][info][gc,stats    ]    Subphase: Concurrent Weak Roots OopStorageSet           1.245 / 1.254         2.048 / 5.756         1.855 / 11.047        1.855 / 11.047      ms
[1230.269s][info][gc,stats    ]    Subphase: Pause Mark Try Complete                       0.000 / 0.000         0.001 / 0.001         0.001 / 0.003         0.001 / 0.003       ms
[1230.269s][info][gc,stats    ]      System: Java Threads                                     83 / 83               83 / 84               78 / 84               78 / 84          threads
[1230.269s][info][gc,stats    ] =========================================================================================================================================================
[1235.668s][info][gc,start    ] GC(196) Garbage Collection (Allocation Rate)
[1235.668s][info][gc,task     ] GC(196) Using 1 workers
[1235.668s][info][gc,phases   ] GC(196) Pause Mark Start 0.004ms
[1236.349s][info][gc,phases   ] GC(196) Concurrent Mark 681.142ms
[1236.350s][info][gc,phases   ] GC(196) Pause Mark End 0.009ms
[1236.350s][info][gc,phases   ] GC(196) Concurrent Mark Free 0.001ms
[1236.370s][info][gc,phases   ] GC(196) Concurrent Process Non-Strong References 20.088ms
[1236.370s][info][gc,phases   ] GC(196) Concurrent Reset Relocation Set 0.138ms
[1236.391s][info][gc,phases   ] GC(196) Concurrent Select Relocation Set 20.762ms
[1236.391s][info][gc,phases   ] GC(196) Pause Relocate Start 0.006ms
[1236.503s][info][gc,phases   ] GC(196) Concurrent Relocate 111.861ms
[1236.503s][info][gc,load     ] GC(196) Load: 0.00/0.00/0.00
[1236.503s][info][gc,mmu      ] GC(196) MMU: 2ms/0.0%, 5ms/0.0%, 10ms/27.5%, 20ms/63.8%, 50ms/85.5%, 100ms/92.8%
[1236.503s][info][gc,marking  ] GC(196) Mark: 1 stripe(s), 2 proactive flush(es), 1 terminate flush(es), 0 completion(s), 0 continuation(s) 
[1236.503s][info][gc,marking  ] GC(196) Mark Stack Usage: 32M
[1236.503s][info][gc,nmethod  ] GC(196) NMethods: 10672 registered, 502 unregistered
[1236.503s][info][gc,metaspace] GC(196) Metaspace: 131M used, 133M committed, 1152M reserved
[1236.503s][info][gc,ref      ] GC(196) Soft: 6084 encountered, 0 discovered, 0 enqueued
[1236.503s][info][gc,ref      ] GC(196) Weak: 23330 encountered, 12472 discovered, 3 enqueued
[1236.503s][info][gc,ref      ] GC(196) Final: 34 encountered, 0 discovered, 0 enqueued
[1236.503s][info][gc,ref      ] GC(196) Phantom: 1041 encountered, 694 discovered, 0 enqueued
[1236.503s][info][gc,reloc    ] GC(196) Small Pages: 3436 / 6872M, Empty: 2656M, Relocated: 151M, In-Place: 0
[1236.503s][info][gc,reloc    ] GC(196) Medium Pages: 2 / 64M, Empty: 0M, Relocated: 0M, In-Place: 0
[1236.503s][info][gc,reloc    ] GC(196) Large Pages: 0 / 0M, Empty: 0M, Relocated: 0M, In-Place: 0
[1236.503s][info][gc,reloc    ] GC(196) Forwarding Usage: 46M
[1236.503s][info][gc,heap     ] GC(196) Min Capacity: 8192M(100%)
[1236.503s][info][gc,heap     ] GC(196) Max Capacity: 8192M(100%)
[1236.503s][info][gc,heap     ] GC(196) Soft Max Capacity: 8192M(100%)
[1236.503s][info][gc,heap     ] GC(196)                Mark Start          Mark End        Relocate Start      Relocate End           High               Low         
[1236.503s][info][gc,heap     ] GC(196)  Capacity:     8192M (100%)       8192M (100%)       8192M (100%)       8192M (100%)       8192M (100%)       8192M (100%)   
[1236.503s][info][gc,heap     ] GC(196)      Free:     1256M (15%)         720M (9%)         3342M (41%)        6832M (83%)        6832M (83%)         694M (8%)     
[1236.503s][info][gc,heap     ] GC(196)      Used:     6936M (85%)        7472M (91%)        4850M (59%)        1360M (17%)        7498M (92%)        1360M (17%)    
[1236.503s][info][gc,heap     ] GC(196)      Live:         -               641M (8%)          641M (8%)          641M (8%)             -                  -          
[1236.503s][info][gc,heap     ] GC(196) Allocated:         -               536M (7%)          570M (7%)          642M (8%)             -                  -          
[1236.503s][info][gc,heap     ] GC(196)   Garbage:         -              6294M (77%)        3638M (44%)          76M (1%)             -                  -          
[1236.503s][info][gc,heap     ] GC(196) Reclaimed:         -                  -              2656M (32%)        6218M (76%)            -                  -          
[1236.503s][info][gc          ] GC(196) Garbage Collection (Allocation Rate) 6936M(85%)->1360M(17%)
[1240.268s][info][gc,stats    ] === Garbage Collection Statistics =======================================================================================================================
[1240.268s][info][gc,stats    ]                                                              Last 10s              Last 10m              Last 10h                Total
[1240.268s][info][gc,stats    ]                                                              Avg / Max             Avg / Max             Avg / Max             Avg / Max
[1240.268s][info][gc,stats    ]   Collector: Garbage Collection Cycle                    834.560 / 834.560     650.720 / 1022.022    986.291 / 7809.708    986.291 / 7809.708    ms
[1240.268s][info][gc,stats    ]  Contention: Mark Segment Reset Contention                     0 / 0                 0 / 5                 0 / 9                 0 / 9           ops/s
[1240.268s][info][gc,stats    ]  Contention: Mark SeqNum Reset Contention                      0 / 0                 0 / 1                 0 / 1                 0 / 1           ops/s
[1240.268s][info][gc,stats    ]    Critical: Allocation Stall                                  0 / 0                 0 / 0                 0 / 0                 0 / 0           ops/s
[1240.268s][info][gc,stats    ]    Critical: Allocation Stall                              0.000 / 0.000         0.000 / 0.000         0.000 / 0.000         0.000 / 0.000       ms
[1240.268s][info][gc,stats    ]    Critical: GC Locker Stall                                   0 / 0                 0 / 1                 0 / 2                 0 / 2           ops/s
[1240.268s][info][gc,stats    ]    Critical: GC Locker Stall                               0.000 / 0.000         0.056 / 0.268         0.050 / 0.268         0.050 / 0.268       ms
[1240.268s][info][gc,stats    ]    Critical: Relocation Stall                                  0 / 0                 0 / 0                 0 / 0                 0 / 0           ops/s
[1240.268s][info][gc,stats    ]    Critical: Relocation Stall                              0.000 / 0.000         0.000 / 0.000         0.000 / 0.000         0.000 / 0.000       ms
[1240.268s][info][gc,stats    ]      Memory: Allocation Rate                                 920 / 1258            832 / 1548            746 / 1548            746 / 1548        MB/s
[1240.268s][info][gc,stats    ]      Memory: Defragment                                        0 / 0                 0 / 0                 0 / 0                 0 / 0           ops/s
[1240.268s][info][gc,stats    ]      Memory: Out Of Memory                                     0 / 0                 0 / 0                 0 / 0                 0 / 0           ops/s
[1240.268s][info][gc,stats    ]      Memory: Page Cache Flush                                  0 / 0                 0 / 0                 0 / 0                 0 / 0           MB/s
[1240.268s][info][gc,stats    ]      Memory: Page Cache Hit L1                               468 / 629             423 / 811             377 / 811             377 / 811         ops/s
[1240.268s][info][gc,stats    ]      Memory: Page Cache Hit L2                                 0 / 0                 0 / 0                 0 / 0                 0 / 0           ops/s
[1240.268s][info][gc,stats    ]      Memory: Page Cache Hit L3                                 0 / 0                 0 / 11                3 / 397               3 / 397         ops/s
[1240.268s][info][gc,stats    ]      Memory: Page Cache Miss                                   0 / 0                 0 / 0                 0 / 1                 0 / 1           ops/s
[1240.268s][info][gc,stats    ]      Memory: Uncommit                                          0 / 0                 0 / 0                 0 / 0                 0 / 0           MB/s
[1240.268s][info][gc,stats    ]      Memory: Undo Object Allocation Failed                     0 / 0                 0 / 0                 0 / 0                 0 / 0           ops/s
[1240.268s][info][gc,stats    ]      Memory: Undo Object Allocation Succeeded                  0 / 0                 0 / 68                1 / 400               1 / 400         ops/s
[1240.268s][info][gc,stats    ]      Memory: Undo Page Allocation                              0 / 0                 0 / 1                 0 / 1                 0 / 1           ops/s
[1240.268s][info][gc,stats    ]       Phase: Concurrent Mark                             681.142 / 681.142     552.199 / 850.850     766.568 / 5264.294    766.568 / 5264.294    ms
[1240.268s][info][gc,stats    ]       Phase: Concurrent Mark Continue                      0.000 / 0.000         0.000 / 0.000         0.000 / 0.000         0.000 / 0.000       ms
[1240.268s][info][gc,stats    ]       Phase: Concurrent Mark Free                          0.001 / 0.001         0.000 / 0.001         0.001 / 0.003         0.001 / 0.003       ms
[1240.268s][info][gc,stats    ]       Phase: Concurrent Process Non-Strong References     20.088 / 20.088       15.451 / 30.310       27.366 / 1493.667     27.366 / 1493.667    ms
[1240.268s][info][gc,stats    ]       Phase: Concurrent Relocate                         111.861 / 111.861      70.226 / 150.321      58.662 / 150.389      58.662 / 150.389     ms
[1240.268s][info][gc,stats    ]       Phase: Concurrent Reset Relocation Set               0.138 / 0.138         0.180 / 0.396         0.148 / 0.465         0.148 / 0.465       ms
[1240.268s][info][gc,stats    ]       Phase: Concurrent Select Relocation Set             20.762 / 20.762       12.008 / 38.181      127.787 / 2796.200    127.787 / 2796.200    ms
[1240.268s][info][gc,stats    ]       Phase: Pause Mark End                                0.009 / 0.009         0.010 / 0.052         0.049 / 4.475         0.049 / 4.475       ms
[1240.268s][info][gc,stats    ]       Phase: Pause Mark Start                              0.004 / 0.004         0.005 / 0.015         0.044 / 7.250         0.044 / 7.250       ms
[1240.268s][info][gc,stats    ]       Phase: Pause Relocate Start                          0.006 / 0.006         0.007 / 0.024         0.021 / 1.046         0.021 / 1.046       ms
[1240.268s][info][gc,stats    ]    Subphase: Concurrent Classes Purge                      0.005 / 0.005         0.289 / 1.253         0.518 / 5.775         0.518 / 5.775       ms
[1240.268s][info][gc,stats    ]    Subphase: Concurrent Classes Unlink                    15.641 / 15.641       11.749 / 20.934       20.719 / 1489.339     20.719 / 1489.339    ms
[1240.268s][info][gc,stats    ]    Subphase: Concurrent Mark                             679.182 / 679.182     504.293 / 848.625     727.810 / 5176.991    727.810 / 5176.991    ms
[1240.268s][info][gc,stats    ]    Subphase: Concurrent Mark Try Flush                     0.071 / 0.086         0.062 / 0.365         2.405 / 786.951       2.405 / 786.951     ms
[1240.268s][info][gc,stats    ]    Subphase: Concurrent Mark Try Terminate                 0.029 / 0.058         0.204 / 1.588         0.970 / 12.169        0.970 / 12.169      ms
[1240.268s][info][gc,stats    ]    Subphase: Concurrent References Enqueue                 0.001 / 0.001         0.002 / 0.004         0.002 / 0.006         0.002 / 0.006       ms
[1240.268s][info][gc,stats    ]    Subphase: Concurrent References Process                 1.521 / 1.521         0.832 / 3.889         0.642 / 3.889         0.642 / 3.889       ms
[1240.268s][info][gc,stats    ]    Subphase: Concurrent Roots ClassLoaderDataGraph         0.301 / 0.301         0.302 / 0.850         0.543 / 40.174        0.543 / 40.174      ms
[1240.268s][info][gc,stats    ]    Subphase: Concurrent Roots CodeCache                    0.000 / 0.000         0.000 / 0.000         0.000 / 0.000         0.000 / 0.000       ms
[1240.268s][info][gc,stats    ]    Subphase: Concurrent Roots JavaThreads                  1.492 / 1.492         1.278 / 2.842         5.409 / 441.054       5.409 / 441.054     ms
[1240.268s][info][gc,stats    ]    Subphase: Concurrent Roots OopStorageSet                0.072 / 0.072         0.098 / 0.624         0.945 / 136.487       0.945 / 136.487     ms
[1240.268s][info][gc,stats    ]    Subphase: Concurrent Weak Roots OopStorageSet           2.685 / 2.685         2.048 / 5.756         1.858 / 11.047        1.858 / 11.047      ms
[1240.268s][info][gc,stats    ]    Subphase: Pause Mark Try Complete                       0.000 / 0.000         0.001 / 0.001         0.001 / 0.003         0.001 / 0.003       ms
[1240.268s][info][gc,stats    ]      System: Java Threads                                     83 / 83               83 / 84               78 / 84               78 / 84          threads
[1240.268s][info][gc,stats    ] =========================================================================================================================================================
[1243.768s][info][gc,start    ] GC(197) Garbage Collection (Allocation Rate)
[1243.768s][info][gc,task     ] GC(197) Using 2 workers
[1243.768s][info][gc,phases   ] GC(197) Pause Mark Start 0.004ms
[1244.094s][info][gc,phases   ] GC(197) Concurrent Mark 326.627ms
[1244.094s][info][gc,phases   ] GC(197) Pause Mark End 0.009ms
[1244.094s][info][gc,phases   ] GC(197) Concurrent Mark Free 0.000ms
[1244.103s][info][gc,phases   ] GC(197) Concurrent Process Non-Strong References 8.414ms
[1244.103s][info][gc,phases   ] GC(197) Concurrent Reset Relocation Set 0.149ms
[1244.109s][info][gc,phases   ] GC(197) Concurrent Select Relocation Set 5.906ms
[1244.109s][info][gc,phases   ] GC(197) Pause Relocate Start 0.006ms
[1244.153s][info][gc,phases   ] GC(197) Concurrent Relocate 43.938ms
[1244.153s][info][gc,load     ] GC(197) Load: 0.00/0.00/0.00
[1244.153s][info][gc,mmu      ] GC(197) MMU: 2ms/0.0%, 5ms/0.0%, 10ms/27.5%, 20ms/63.8%, 50ms/85.5%, 100ms/92.8%
[1244.153s][info][gc,marking  ] GC(197) Mark: 2 stripe(s), 2 proactive flush(es), 1 terminate flush(es), 0 completion(s), 0 continuation(s) 
[1244.153s][info][gc,marking  ] GC(197) Mark Stack Usage: 32M
[1244.153s][info][gc,nmethod  ] GC(197) NMethods: 10685 registered, 505 unregistered
[1244.153s][info][gc,metaspace] GC(197) Metaspace: 131M used, 133M committed, 1152M reserved
[1244.153s][info][gc,ref      ] GC(197) Soft: 6084 encountered, 0 discovered, 0 enqueued
[1244.153s][info][gc,ref      ] GC(197) Weak: 23331 encountered, 4354 discovered, 2 enqueued
[1244.153s][info][gc,ref      ] GC(197) Final: 34 encountered, 0 discovered, 0 enqueued
[1244.153s][info][gc,ref      ] GC(197) Phantom: 1047 encountered, 768 discovered, 0 enqueued
[1244.153s][info][gc,reloc    ] GC(197) Small Pages: 3605 / 7210M, Empty: 2868M, Relocated: 87M, In-Place: 0
[1244.153s][info][gc,reloc    ] GC(197) Medium Pages: 2 / 64M, Empty: 0M, Relocated: 0M, In-Place: 0
[1244.153s][info][gc,reloc    ] GC(197) Large Pages: 0 / 0M, Empty: 0M, Relocated: 0M, In-Place: 0
[1244.153s][info][gc,reloc    ] GC(197) Forwarding Usage: 25M
[1244.153s][info][gc,heap     ] GC(197) Min Capacity: 8192M(100%)
[1244.153s][info][gc,heap     ] GC(197) Max Capacity: 8192M(100%)
[1244.153s][info][gc,heap     ] GC(197) Soft Max Capacity: 8192M(100%)
[1244.153s][info][gc,heap     ] GC(197)                Mark Start          Mark End        Relocate Start      Relocate End           High               Low         
[1244.153s][info][gc,heap     ] GC(197)  Capacity:     8192M (100%)       8192M (100%)       8192M (100%)       8192M (100%)       8192M (100%)       8192M (100%)   
[1244.153s][info][gc,heap     ] GC(197)      Free:      918M (11%)         622M (8%)         3480M (42%)        7180M (88%)        7182M (88%)         618M (8%)     
[1244.153s][info][gc,heap     ] GC(197)      Used:     7274M (89%)        7570M (92%)        4712M (58%)        1012M (12%)        7574M (92%)        1010M (12%)    
[1244.153s][info][gc,heap     ] GC(197)      Live:         -               576M (7%)          576M (7%)          576M (7%)             -                  -          
[1244.153s][info][gc,heap     ] GC(197) Allocated:         -               296M (4%)          306M (4%)          358M (4%)             -                  -          
[1244.153s][info][gc,heap     ] GC(197)   Garbage:         -              6697M (82%)        3829M (47%)          77M (1%)             -                  -          
[1244.153s][info][gc,heap     ] GC(197) Reclaimed:         -                  -              2868M (35%)        6620M (81%)            -                  -          
[1244.153s][info][gc          ] GC(197) Garbage Collection (Allocation Rate) 7274M(89%)->1012M(12%)
[1250.268s][info][gc,stats    ] === Garbage Collection Statistics =======================================================================================================================
[1250.268s][info][gc,stats    ]                                                              Last 10s              Last 10m              Last 10h                Total
[1250.268s][info][gc,stats    ]                                                              Avg / Max             Avg / Max             Avg / Max             Avg / Max
[1250.268s][info][gc,stats    ]   Collector: Garbage Collection Cycle                    385.669 / 385.669     646.600 / 1022.022    983.258 / 7809.708    983.258 / 7809.708    ms
[1250.268s][info][gc,stats    ]  Contention: Mark Segment Reset Contention                     0 / 0                 0 / 5                 0 / 9                 0 / 9           ops/s
[1250.268s][info][gc,stats    ]  Contention: Mark SeqNum Reset Contention                      0 / 0                 0 / 1                 0 / 1                 0 / 1           ops/s
[1250.268s][info][gc,stats    ]    Critical: Allocation Stall                                  0 / 0                 0 / 0                 0 / 0                 0 / 0           ops/s
[1250.268s][info][gc,stats    ]    Critical: Allocation Stall                              0.000 / 0.000         0.000 / 0.000         0.000 / 0.000         0.000 / 0.000       ms
[1250.268s][info][gc,stats    ]    Critical: GC Locker Stall                                   0 / 2                 0 / 2                 0 / 2                 0 / 2           ops/s
[1250.268s][info][gc,stats    ]    Critical: GC Locker Stall                               0.021 / 0.029         0.053 / 0.268         0.048 / 0.268         0.048 / 0.268       ms
[1250.268s][info][gc,stats    ]    Critical: Relocation Stall                                  0 / 0                 0 / 0                 0 / 0                 0 / 0           ops/s
[1250.268s][info][gc,stats    ]    Critical: Relocation Stall                              0.000 / 0.000         0.000 / 0.000         0.000 / 0.000         0.000 / 0.000       ms
[1250.268s][info][gc,stats    ]      Memory: Allocation Rate                                 650 / 832             829 / 1548            745 / 1548            745 / 1548        MB/s
[1250.268s][info][gc,stats    ]      Memory: Defragment                                        0 / 0                 0 / 0                 0 / 0                 0 / 0           ops/s
[1250.268s][info][gc,stats    ]      Memory: Out Of Memory                                     0 / 0                 0 / 0                 0 / 0                 0 / 0           ops/s
[1250.268s][info][gc,stats    ]      Memory: Page Cache Flush                                  0 / 0                 0 / 0                 0 / 0                 0 / 0           MB/s
[1250.268s][info][gc,stats    ]      Memory: Page Cache Hit L1                               329 / 452             421 / 811             376 / 811             376 / 811         ops/s
[1250.268s][info][gc,stats    ]      Memory: Page Cache Hit L2                                 0 / 0                 0 / 0                 0 / 0                 0 / 0           ops/s
[1250.268s][info][gc,stats    ]      Memory: Page Cache Hit L3                                 0 / 0                 0 / 11                3 / 397               3 / 397         ops/s
[1250.268s][info][gc,stats    ]      Memory: Page Cache Miss                                   0 / 0                 0 / 0                 0 / 1                 0 / 1           ops/s
[1250.268s][info][gc,stats    ]      Memory: Uncommit                                          0 / 0                 0 / 0                 0 / 0                 0 / 0           MB/s
[1250.268s][info][gc,stats    ]      Memory: Undo Object Allocation Failed                     0 / 0                 0 / 0                 0 / 0                 0 / 0           ops/s
[1250.268s][info][gc,stats    ]      Memory: Undo Object Allocation Succeeded                  0 / 2                 0 / 68                1 / 400               1 / 400         ops/s
[1250.268s][info][gc,stats    ]      Memory: Undo Page Allocation                              0 / 0                 0 / 1                 0 / 1                 0 / 1           ops/s
[1250.268s][info][gc,stats    ]       Phase: Concurrent Mark                             326.627 / 326.627     548.479 / 850.850     764.346 / 5264.294    764.346 / 5264.294    ms
[1250.268s][info][gc,stats    ]       Phase: Concurrent Mark Continue                      0.000 / 0.000         0.000 / 0.000         0.000 / 0.000         0.000 / 0.000       ms
[1250.268s][info][gc,stats    ]       Phase: Concurrent Mark Free                          0.000 / 0.000         0.000 / 0.001         0.001 / 0.003         0.001 / 0.003       ms
[1250.268s][info][gc,stats    ]       Phase: Concurrent Process Non-Strong References      8.414 / 8.414        15.319 / 30.310       27.270 / 1493.667     27.270 / 1493.667    ms
[1250.268s][info][gc,stats    ]       Phase: Concurrent Relocate                          43.938 / 43.938       70.065 / 150.321      58.587 / 150.389      58.587 / 150.389     ms
[1250.268s][info][gc,stats    ]       Phase: Concurrent Reset Relocation Set               0.149 / 0.149         0.180 / 0.396         0.148 / 0.465         0.148 / 0.465       ms
[1250.268s][info][gc,stats    ]       Phase: Concurrent Select Relocation Set              5.906 / 5.906        11.901 / 38.181      127.171 / 2796.200    127.171 / 2796.200    ms
[1250.268s][info][gc,stats    ]       Phase: Pause Mark End                                0.009 / 0.009         0.010 / 0.052         0.048 / 4.475         0.048 / 4.475       ms
[1250.269s][info][gc,stats    ]       Phase: Pause Mark Start                              0.004 / 0.004         0.005 / 0.015         0.044 / 7.250         0.044 / 7.250       ms
[1250.269s][info][gc,stats    ]       Phase: Pause Relocate Start                          0.006 / 0.006         0.007 / 0.024         0.021 / 1.046         0.021 / 1.046       ms
[1250.269s][info][gc,stats    ]    Subphase: Concurrent Classes Purge                      0.017 / 0.017         0.283 / 1.253         0.515 / 5.775         0.515 / 5.775       ms
[1250.269s][info][gc,stats    ]    Subphase: Concurrent Classes Unlink                     6.459 / 6.459        11.641 / 20.934       20.647 / 1489.339     20.647 / 1489.339    ms
[1250.269s][info][gc,stats    ]    Subphase: Concurrent Mark                             325.151 / 325.473     499.766 / 848.625     725.196 / 5176.991    725.196 / 5176.991    ms
[1250.269s][info][gc,stats    ]    Subphase: Concurrent Mark Try Flush                     0.060 / 0.071         0.060 / 0.365         2.393 / 786.951       2.393 / 786.951     ms
[1250.269s][info][gc,stats    ]    Subphase: Concurrent Mark Try Terminate                 0.413 / 1.189         0.208 / 1.588         0.969 / 12.169        0.969 / 12.169      ms
[1250.269s][info][gc,stats    ]    Subphase: Concurrent References Enqueue                 0.002 / 0.002         0.002 / 0.004         0.002 / 0.006         0.002 / 0.006       ms
[1250.269s][info][gc,stats    ]    Subphase: Concurrent References Process                 0.369 / 0.369         0.833 / 3.889         0.641 / 3.889         0.641 / 3.889       ms
[1250.269s][info][gc,stats    ]    Subphase: Concurrent Roots ClassLoaderDataGraph         0.207 / 0.336         0.296 / 0.850         0.540 / 40.174        0.540 / 40.174      ms
[1250.269s][info][gc,stats    ]    Subphase: Concurrent Roots CodeCache                    0.000 / 0.000         0.000 / 0.000         0.000 / 0.000         0.000 / 0.000       ms
[1250.269s][info][gc,stats    ]    Subphase: Concurrent Roots JavaThreads                  0.833 / 0.961         1.263 / 2.842         5.379 / 441.054       5.379 / 441.054     ms
[1250.269s][info][gc,stats    ]    Subphase: Concurrent Roots OopStorageSet                0.042 / 0.063         0.096 / 0.624         0.939 / 136.487       0.939 / 136.487     ms
[1250.269s][info][gc,stats    ]    Subphase: Concurrent Weak Roots OopStorageSet           1.370 / 1.386         2.029 / 5.756         1.855 / 11.047        1.855 / 11.047      ms
[1250.269s][info][gc,stats    ]    Subphase: Pause Mark Try Complete                       0.000 / 0.000         0.001 / 0.001         0.001 / 0.003         0.001 / 0.003       ms
[1250.269s][info][gc,stats    ]      System: Java Threads                                     83 / 83               83 / 84               78 / 84               78 / 84          threads
[1250.269s][info][gc,stats    ] =========================================================================================================================================================
[1253.968s][info][gc,start    ] GC(198) Garbage Collection (Allocation Rate)
[1253.968s][info][gc,task     ] GC(198) Using 1 workers
[1253.968s][info][gc,phases   ] GC(198) Pause Mark Start 0.005ms
[1254.714s][info][gc,phases   ] GC(198) Concurrent Mark 745.886ms
[1254.714s][info][gc,phases   ] GC(198) Pause Mark End 0.010ms
[1254.714s][info][gc,phases   ] GC(198) Concurrent Mark Free 0.000ms
[1254.736s][info][gc,phases   ] GC(198) Concurrent Process Non-Strong References 21.828ms
[1254.736s][info][gc,phases   ] GC(198) Concurrent Reset Relocation Set 0.144ms
[1254.756s][info][gc,phases   ] GC(198) Concurrent Select Relocation Set 19.762ms
[1254.756s][info][gc,phases   ] GC(198) Pause Relocate Start 0.006ms
[1254.838s][info][gc,phases   ] GC(198) Concurrent Relocate 81.387ms
[1254.838s][info][gc,load     ] GC(198) Load: 0.00/0.00/0.00
[1254.838s][info][gc,mmu      ] GC(198) MMU: 2ms/0.0%, 5ms/0.0%, 10ms/27.5%, 20ms/63.8%, 50ms/85.5%, 100ms/92.8%
[1254.838s][info][gc,marking  ] GC(198) Mark: 1 stripe(s), 2 proactive flush(es), 1 terminate flush(es), 0 completion(s), 0 continuation(s) 
[1254.838s][info][gc,marking  ] GC(198) Mark Stack Usage: 32M
[1254.838s][info][gc,nmethod  ] GC(198) NMethods: 10691 registered, 506 unregistered
[1254.838s][info][gc,metaspace] GC(198) Metaspace: 131M used, 133M committed, 1152M reserved
[1254.838s][info][gc,ref      ] GC(198) Soft: 6084 encountered, 0 discovered, 0 enqueued
[1254.838s][info][gc,ref      ] GC(198) Weak: 23329 encountered, 930 discovered, 1 enqueued
[1254.838s][info][gc,ref      ] GC(198) Final: 34 encountered, 0 discovered, 0 enqueued
[1254.838s][info][gc,ref      ] GC(198) Phantom: 1047 encountered, 779 discovered, 0 enqueued
[1254.838s][info][gc,reloc    ] GC(198) Small Pages: 3627 / 7254M, Empty: 2004M, Relocated: 90M, In-Place: 0
[1254.838s][info][gc,reloc    ] GC(198) Medium Pages: 2 / 64M, Empty: 0M, Relocated: 0M, In-Place: 0
[1254.838s][info][gc,reloc    ] GC(198) Large Pages: 0 / 0M, Empty: 0M, Relocated: 0M, In-Place: 0
[1254.838s][info][gc,reloc    ] GC(198) Forwarding Usage: 27M
[1254.838s][info][gc,heap     ] GC(198) Min Capacity: 8192M(100%)
[1254.838s][info][gc,heap     ] GC(198) Max Capacity: 8192M(100%)
[1254.838s][info][gc,heap     ] GC(198) Soft Max Capacity: 8192M(100%)
[1254.838s][info][gc,heap     ] GC(198)                Mark Start          Mark End        Relocate Start      Relocate End           High               Low         
[1254.838s][info][gc,heap     ] GC(198)  Capacity:     8192M (100%)       8192M (100%)       8192M (100%)       8192M (100%)       8192M (100%)       8192M (100%)   
[1254.838s][info][gc,heap     ] GC(198)      Free:      874M (11%)         190M (2%)         2160M (26%)        6744M (82%)        6754M (82%)         184M (2%)     
[1254.838s][info][gc,heap     ] GC(198)      Used:     7318M (89%)        8002M (98%)        6032M (74%)        1448M (18%)        8008M (98%)        1438M (18%)    
[1254.838s][info][gc,heap     ] GC(198)      Live:         -               583M (7%)          583M (7%)          583M (7%)             -                  -          
[1254.838s][info][gc,heap     ] GC(198) Allocated:         -               684M (8%)          718M (9%)          788M (10%)            -                  -          
[1254.838s][info][gc,heap     ] GC(198)   Garbage:         -              6734M (82%)        4730M (58%)          76M (1%)             -                  -          
[1254.838s][info][gc,heap     ] GC(198) Reclaimed:         -                  -              2004M (24%)        6658M (81%)            -                  -          
[1254.838s][info][gc          ] GC(198) Garbage Collection (Allocation Rate) 7318M(89%)->1448M(18%)
[1260.268s][info][gc,stats    ] === Garbage Collection Statistics =======================================================================================================================
[1260.268s][info][gc,stats    ]                                                              Last 10s              Last 10m              Last 10h                Total
[1260.268s][info][gc,stats    ]                                                              Avg / Max             Avg / Max             Avg / Max             Avg / Max
[1260.268s][info][gc,stats    ]   Collector: Garbage Collection Cycle                    869.662 / 869.662     651.976 / 1022.022    982.687 / 7809.708    982.687 / 7809.708    ms
[1260.268s][info][gc,stats    ]  Contention: Mark Segment Reset Contention                     0 / 0                 0 / 5                 0 / 9                 0 / 9           ops/s
[1260.268s][info][gc,stats    ]  Contention: Mark SeqNum Reset Contention                      0 / 0                 0 / 1                 0 / 1                 0 / 1           ops/s
[1260.268s][info][gc,stats    ]    Critical: Allocation Stall                                  0 / 0                 0 / 0                 0 / 0                 0 / 0           ops/s
[1260.268s][info][gc,stats    ]    Critical: Allocation Stall                              0.000 / 0.000         0.000 / 0.000         0.000 / 0.000         0.000 / 0.000       ms
[1260.268s][info][gc,stats    ]    Critical: GC Locker Stall                                   0 / 1                 0 / 2                 0 / 2                 0 / 2           ops/s
[1260.268s][info][gc,stats    ]    Critical: GC Locker Stall                               0.000 / 0.000         0.050 / 0.268         0.047 / 0.268         0.047 / 0.268       ms
[1260.268s][info][gc,stats    ]    Critical: Relocation Stall                                  0 / 0                 0 / 0                 0 / 0                 0 / 0           ops/s
[1260.268s][info][gc,stats    ]    Critical: Relocation Stall                              0.000 / 0.000         0.000 / 0.000         0.000 / 0.000         0.000 / 0.000       ms
[1260.268s][info][gc,stats    ]      Memory: Allocation Rate                                 823 / 1028            828 / 1548            746 / 1548            746 / 1548        MB/s
[1260.268s][info][gc,stats    ]      Memory: Defragment                                        0 / 0                 0 / 0                 0 / 0                 0 / 0           ops/s
[1260.268s][info][gc,stats    ]      Memory: Out Of Memory                                     0 / 0                 0 / 0                 0 / 0                 0 / 0           ops/s
[1260.268s][info][gc,stats    ]      Memory: Page Cache Flush                                  0 / 0                 0 / 0                 0 / 0                 0 / 0           MB/s
[1260.268s][info][gc,stats    ]      Memory: Page Cache Hit L1                               414 / 514             421 / 811             377 / 811             377 / 811         ops/s
[1260.268s][info][gc,stats    ]      Memory: Page Cache Hit L2                                 0 / 0                 0 / 0                 0 / 0                 0 / 0           ops/s
[1260.268s][info][gc,stats    ]      Memory: Page Cache Hit L3                                 1 / 15                0 / 15                3 / 397               3 / 397         ops/s
[1260.268s][info][gc,stats    ]      Memory: Page Cache Miss                                   0 / 0                 0 / 0                 0 / 1                 0 / 1           ops/s
[1260.268s][info][gc,stats    ]      Memory: Uncommit                                          0 / 0                 0 / 0                 0 / 0                 0 / 0           MB/s
[1260.268s][info][gc,stats    ]      Memory: Undo Object Allocation Failed                     0 / 0                 0 / 0                 0 / 0                 0 / 0           ops/s
[1260.268s][info][gc,stats    ]      Memory: Undo Object Allocation Succeeded                  0 / 2                 0 / 68                1 / 400               1 / 400         ops/s
[1260.268s][info][gc,stats    ]      Memory: Undo Page Allocation                              0 / 0                 0 / 1                 0 / 1                 0 / 1           ops/s
[1260.268s][info][gc,stats    ]       Phase: Concurrent Mark                             745.886 / 745.886     553.279 / 850.850     764.254 / 5264.294    764.254 / 5264.294    ms
[1260.268s][info][gc,stats    ]       Phase: Concurrent Mark Continue                      0.000 / 0.000         0.000 / 0.000         0.000 / 0.000         0.000 / 0.000       ms
[1260.268s][info][gc,stats    ]       Phase: Concurrent Mark Free                          0.000 / 0.000         0.000 / 0.001         0.001 / 0.003         0.001 / 0.003       ms
[1260.268s][info][gc,stats    ]       Phase: Concurrent Process Non-Strong References     21.828 / 21.828       15.473 / 30.310       27.243 / 1493.667     27.243 / 1493.667    ms
[1260.268s][info][gc,stats    ]       Phase: Concurrent Relocate                          81.387 / 81.387       70.455 / 150.321      58.702 / 150.389      58.702 / 150.389     ms
[1260.268s][info][gc,stats    ]       Phase: Concurrent Reset Relocation Set               0.144 / 0.144         0.179 / 0.396         0.147 / 0.465         0.147 / 0.465       ms
[1260.268s][info][gc,stats    ]       Phase: Concurrent Select Relocation Set             19.762 / 19.762       11.934 / 38.181      126.632 / 2796.200    126.632 / 2796.200    ms
[1260.268s][info][gc,stats    ]       Phase: Pause Mark End                                0.010 / 0.010         0.010 / 0.052         0.048 / 4.475         0.048 / 4.475       ms
[1260.268s][info][gc,stats    ]       Phase: Pause Mark Start                              0.005 / 0.005         0.005 / 0.015         0.044 / 7.250         0.044 / 7.250       ms
[1260.269s][info][gc,stats    ]       Phase: Pause Relocate Start                          0.006 / 0.006         0.007 / 0.024         0.021 / 1.046         0.021 / 1.046       ms
[1260.269s][info][gc,stats    ]    Subphase: Concurrent Classes Purge                      0.033 / 0.033         0.279 / 1.253         0.513 / 5.775         0.513 / 5.775       ms
[1260.269s][info][gc,stats    ]    Subphase: Concurrent Classes Unlink                    18.288 / 18.288       11.777 / 20.934       20.635 / 1489.339     20.635 / 1489.339    ms
[1260.269s][info][gc,stats    ]    Subphase: Concurrent Mark                             743.587 / 743.587     504.800 / 848.625     725.255 / 5176.991    725.255 / 5176.991    ms
[1260.269s][info][gc,stats    ]    Subphase: Concurrent Mark Try Flush                     0.073 / 0.088         0.061 / 0.365         2.382 / 786.951       2.382 / 786.951     ms
[1260.269s][info][gc,stats    ]    Subphase: Concurrent Mark Try Terminate                 0.029 / 0.059         0.202 / 1.588         0.969 / 12.169        0.969 / 12.169      ms
[1260.269s][info][gc,stats    ]    Subphase: Concurrent References Enqueue                 0.002 / 0.002         0.002 / 0.004         0.002 / 0.006         0.002 / 0.006       ms
[1260.269s][info][gc,stats    ]    Subphase: Concurrent References Process                 0.267 / 0.267         0.834 / 3.889         0.639 / 3.889         0.639 / 3.889       ms
[1260.269s][info][gc,stats    ]    Subphase: Concurrent Roots ClassLoaderDataGraph         0.405 / 0.405         0.299 / 0.850         0.540 / 40.174        0.540 / 40.174      ms
[1260.269s][info][gc,stats    ]    Subphase: Concurrent Roots CodeCache                    0.000 / 0.000         0.000 / 0.000         0.000 / 0.000         0.000 / 0.000       ms
[1260.269s][info][gc,stats    ]    Subphase: Concurrent Roots JavaThreads                  1.650 / 1.650         1.276 / 2.842         5.367 / 441.054       5.367 / 441.054     ms
[1260.269s][info][gc,stats    ]    Subphase: Concurrent Roots OopStorageSet                0.085 / 0.085         0.093 / 0.624         0.936 / 136.487       0.936 / 136.487     ms
[1260.269s][info][gc,stats    ]    Subphase: Concurrent Weak Roots OopStorageSet           2.916 / 2.916         2.052 / 5.756         1.858 / 11.047        1.858 / 11.047      ms
[1260.269s][info][gc,stats    ]    Subphase: Pause Mark Try Complete                       0.000 / 0.000         0.001 / 0.001         0.001 / 0.003         0.001 / 0.003       ms
[1260.269s][info][gc,stats    ]      System: Java Threads                                     83 / 83               83 / 84               78 / 84               78 / 84          threads
[1260.269s][info][gc,stats    ] =========================================================================================================================================================
[1261.968s][info][gc,start    ] GC(199) Garbage Collection (Allocation Rate)
[1261.968s][info][gc,task     ] GC(199) Using 1 workers
[1261.968s][info][gc,phases   ] GC(199) Pause Mark Start 0.004ms
[1262.554s][info][gc,phases   ] GC(199) Concurrent Mark 586.534ms
[1262.554s][info][gc,phases   ] GC(199) Pause Mark End 0.015ms
[1262.555s][info][gc,phases   ] GC(199) Concurrent Mark Free 0.000ms
[1262.574s][info][gc,phases   ] GC(199) Concurrent Process Non-Strong References 19.320ms
[1262.574s][info][gc,phases   ] GC(199) Concurrent Reset Relocation Set 0.182ms
[1262.588s][info][gc,phases   ] GC(199) Concurrent Select Relocation Set 13.896ms
[1262.588s][info][gc,phases   ] GC(199) Pause Relocate Start 0.005ms
[1262.650s][info][gc,phases   ] GC(199) Concurrent Relocate 62.198ms
[1262.650s][info][gc,load     ] GC(199) Load: 0.00/0.00/0.00
[1262.650s][info][gc,mmu      ] GC(199) MMU: 2ms/0.0%, 5ms/0.0%, 10ms/27.5%, 20ms/63.8%, 50ms/85.5%, 100ms/92.8%
[1262.650s][info][gc,marking  ] GC(199) Mark: 1 stripe(s), 2 proactive flush(es), 1 terminate flush(es), 0 completion(s), 0 continuation(s) 
[1262.650s][info][gc,marking  ] GC(199) Mark Stack Usage: 32M
[1262.650s][info][gc,nmethod  ] GC(199) NMethods: 10690 registered, 509 unregistered
[1262.650s][info][gc,metaspace] GC(199) Metaspace: 131M used, 133M committed, 1152M reserved
[1262.650s][info][gc,ref      ] GC(199) Soft: 6084 encountered, 0 discovered, 0 enqueued
[1262.650s][info][gc,ref      ] GC(199) Weak: 23331 encountered, 12470 discovered, 2 enqueued
[1262.650s][info][gc,ref      ] GC(199) Final: 34 encountered, 0 discovered, 0 enqueued
[1262.650s][info][gc,ref      ] GC(199) Phantom: 1050 encountered, 700 discovered, 0 enqueued
[1262.651s][info][gc,reloc    ] GC(199) Small Pages: 3662 / 7324M, Empty: 2696M, Relocated: 97M, In-Place: 0
[1262.651s][info][gc,reloc    ] GC(199) Medium Pages: 2 / 64M, Empty: 0M, Relocated: 0M, In-Place: 0
[1262.651s][info][gc,reloc    ] GC(199) Large Pages: 0 / 0M, Empty: 0M, Relocated: 0M, In-Place: 0
[1262.651s][info][gc,reloc    ] GC(199) Forwarding Usage: 28M
[1262.651s][info][gc,heap     ] GC(199) Min Capacity: 8192M(100%)
[1262.651s][info][gc,heap     ] GC(199) Max Capacity: 8192M(100%)
[1262.651s][info][gc,heap     ] GC(199) Soft Max Capacity: 8192M(100%)
[1262.651s][info][gc,heap     ] GC(199)                Mark Start          Mark End        Relocate Start      Relocate End           High               Low         
[1262.651s][info][gc,heap     ] GC(199)  Capacity:     8192M (100%)       8192M (100%)       8192M (100%)       8192M (100%)       8192M (100%)       8192M (100%)   
[1262.651s][info][gc,heap     ] GC(199)      Free:      804M (10%)         370M (5%)         3052M (37%)        7052M (86%)        7052M (86%)         360M (4%)     
[1262.651s][info][gc,heap     ] GC(199)      Used:     7388M (90%)        7822M (95%)        5140M (63%)        1140M (14%)        7832M (96%)        1140M (14%)    
[1262.651s][info][gc,heap     ] GC(199)      Live:         -               587M (7%)          587M (7%)          587M (7%)             -                  -          
[1262.651s][info][gc,heap     ] GC(199) Allocated:         -               434M (5%)          448M (5%)          476M (6%)             -                  -          
[1262.651s][info][gc,heap     ] GC(199)   Garbage:         -              6800M (83%)        4104M (50%)          75M (1%)             -                  -          
[1262.651s][info][gc,heap     ] GC(199) Reclaimed:         -                  -              2696M (33%)        6724M (82%)            -                  -          
[1262.651s][info][gc          ] GC(199) Garbage Collection (Allocation Rate) 7388M(90%)->1140M(14%)
[1270.267s][info][gc,stats    ] === Garbage Collection Statistics =======================================================================================================================
[1270.267s][info][gc,stats    ]                                                              Last 10s              Last 10m              Last 10h                Total
[1270.267s][info][gc,stats    ]                                                              Avg / Max             Avg / Max             Avg / Max             Avg / Max
[1270.267s][info][gc,stats    ]   Collector: Garbage Collection Cycle                    682.681 / 682.681     651.889 / 1022.022    981.187 / 7809.708    981.187 / 7809.708    ms
[1270.267s][info][gc,stats    ]  Contention: Mark Segment Reset Contention                     0 / 0                 0 / 5                 0 / 9                 0 / 9           ops/s
[1270.267s][info][gc,stats    ]  Contention: Mark SeqNum Reset Contention                      0 / 0                 0 / 1                 0 / 1                 0 / 1           ops/s
[1270.267s][info][gc,stats    ]    Critical: Allocation Stall                                  0 / 0                 0 / 0                 0 / 0                 0 / 0           ops/s
[1270.267s][info][gc,stats    ]    Critical: Allocation Stall                              0.000 / 0.000         0.000 / 0.000         0.000 / 0.000         0.000 / 0.000       ms
[1270.268s][info][gc,stats    ]    Critical: GC Locker Stall                                   0 / 0                 0 / 2                 0 / 2                 0 / 2           ops/s
[1270.268s][info][gc,stats    ]    Critical: GC Locker Stall                               0.000 / 0.000         0.050 / 0.268         0.047 / 0.268         0.047 / 0.268       ms
[1270.268s][info][gc,stats    ]    Critical: Relocation Stall                                  0 / 0                 0 / 0                 0 / 0                 0 / 0           ops/s
[1270.268s][info][gc,stats    ]    Critical: Relocation Stall                              0.000 / 0.000         0.000 / 0.000         0.000 / 0.000         0.000 / 0.000       ms
[1270.268s][info][gc,stats    ]      Memory: Allocation Rate                                 692 / 968             828 / 1548            746 / 1548            746 / 1548        MB/s
[1270.268s][info][gc,stats    ]      Memory: Defragment                                        0 / 0                 0 / 0                 0 / 0                 0 / 0           ops/s
[1270.268s][info][gc,stats    ]      Memory: Out Of Memory                                     0 / 0                 0 / 0                 0 / 0                 0 / 0           ops/s
[1270.268s][info][gc,stats    ]      Memory: Page Cache Flush                                  0 / 0                 0 / 0                 0 / 0                 0 / 0           MB/s
[1270.268s][info][gc,stats    ]      Memory: Page Cache Hit L1                               351 / 484             421 / 811             376 / 811             376 / 811         ops/s
[1270.268s][info][gc,stats    ]      Memory: Page Cache Hit L2                                 0 / 0                 0 / 0                 0 / 0                 0 / 0           ops/s
[1270.268s][info][gc,stats    ]      Memory: Page Cache Hit L3                                 0 / 0                 0 / 15                3 / 397               3 / 397         ops/s
[1270.268s][info][gc,stats    ]      Memory: Page Cache Miss                                   0 / 0                 0 / 0                 0 / 1                 0 / 1           ops/s
[1270.268s][info][gc,stats    ]      Memory: Uncommit                                          0 / 0                 0 / 0                 0 / 0                 0 / 0           MB/s
[1270.268s][info][gc,stats    ]      Memory: Undo Object Allocation Failed                     0 / 0                 0 / 0                 0 / 0                 0 / 0           ops/s
[1270.268s][info][gc,stats    ]      Memory: Undo Object Allocation Succeeded                  0 / 0                 0 / 68                1 / 400               1 / 400         ops/s
[1270.268s][info][gc,stats    ]      Memory: Undo Page Allocation                              0 / 0                 0 / 1                 0 / 1                 0 / 1           ops/s
[1270.268s][info][gc,stats    ]       Phase: Concurrent Mark                             586.534 / 586.534     553.004 / 850.850     763.365 / 5264.294    763.365 / 5264.294    ms
[1270.268s][info][gc,stats    ]       Phase: Concurrent Mark Continue                      0.000 / 0.000         0.000 / 0.000         0.000 / 0.000         0.000 / 0.000       ms
[1270.268s][info][gc,stats    ]       Phase: Concurrent Mark Free                          0.000 / 0.000         0.000 / 0.001         0.001 / 0.003         0.001 / 0.003       ms
[1270.268s][info][gc,stats    ]       Phase: Concurrent Process Non-Strong References     19.320 / 19.320       15.521 / 30.310       27.203 / 1493.667     27.203 / 1493.667    ms
[1270.268s][info][gc,stats    ]       Phase: Concurrent Relocate                          62.198 / 62.198       70.477 / 150.321      58.719 / 150.389      58.719 / 150.389     ms
[1270.268s][info][gc,stats    ]       Phase: Concurrent Reset Relocation Set               0.182 / 0.182         0.179 / 0.396         0.148 / 0.465         0.148 / 0.465       ms
[1270.268s][info][gc,stats    ]       Phase: Concurrent Select Relocation Set             13.896 / 13.896       12.053 / 38.181      126.068 / 2796.200    126.068 / 2796.200    ms
[1270.268s][info][gc,stats    ]       Phase: Pause Mark End                                0.015 / 0.015         0.010 / 0.052         0.048 / 4.475         0.048 / 4.475       ms
[1270.268s][info][gc,stats    ]       Phase: Pause Mark Start                              0.004 / 0.004         0.005 / 0.015         0.044 / 7.250         0.044 / 7.250       ms
[1270.268s][info][gc,stats    ]       Phase: Pause Relocate Start                          0.005 / 0.005         0.007 / 0.024         0.021 / 1.046         0.021 / 1.046       ms
[1270.268s][info][gc,stats    ]    Subphase: Concurrent Classes Purge                      0.324 / 0.324         0.276 / 1.253         0.512 / 5.775         0.512 / 5.775       ms
[1270.268s][info][gc,stats    ]    Subphase: Concurrent Classes Unlink                    15.135 / 15.135       11.830 / 20.934       20.608 / 1489.339     20.608 / 1489.339    ms
[1270.268s][info][gc,stats    ]    Subphase: Concurrent Mark                             584.302 / 584.302     504.592 / 848.625     724.800 / 5176.991    724.800 / 5176.991    ms
[1270.268s][info][gc,stats    ]    Subphase: Concurrent Mark Try Flush                     0.026 / 0.037         0.061 / 0.365         2.370 / 786.951       2.370 / 786.951     ms
[1270.268s][info][gc,stats    ]    Subphase: Concurrent Mark Try Terminate                 0.008 / 0.016         0.202 / 1.588         0.968 / 12.169        0.968 / 12.169      ms
[1270.268s][info][gc,stats    ]    Subphase: Concurrent References Enqueue                 0.001 / 0.001         0.002 / 0.004         0.002 / 0.006         0.002 / 0.006       ms
[1270.268s][info][gc,stats    ]    Subphase: Concurrent References Process                 1.351 / 1.351         0.835 / 3.889         0.642 / 3.889         0.642 / 3.889       ms
[1270.268s][info][gc,stats    ]    Subphase: Concurrent Roots ClassLoaderDataGraph         0.286 / 0.286         0.298 / 0.850         0.539 / 40.174        0.539 / 40.174      ms
[1270.268s][info][gc,stats    ]    Subphase: Concurrent Roots CodeCache                    0.000 / 0.000         0.000 / 0.000         0.000 / 0.000         0.000 / 0.000       ms
[1270.268s][info][gc,stats    ]    Subphase: Concurrent Roots JavaThreads                  1.725 / 1.725         1.272 / 2.842         5.356 / 441.054       5.356 / 441.054     ms
[1270.268s][info][gc,stats    ]    Subphase: Concurrent Roots OopStorageSet                0.070 / 0.070         0.093 / 0.624         0.933 / 136.487       0.933 / 136.487     ms
[1270.268s][info][gc,stats    ]    Subphase: Concurrent Weak Roots OopStorageSet           2.227 / 2.227         2.050 / 5.756         1.859 / 11.047        1.859 / 11.047      ms
[1270.268s][info][gc,stats    ]    Subphase: Pause Mark Try Complete                       0.000 / 0.000         0.001 / 0.001         0.001 / 0.003         0.001 / 0.003       ms
[1270.268s][info][gc,stats    ]      System: Java Threads                                     83 / 83               83 / 84               78 / 84               78 / 84          threads
[1270.268s][info][gc,stats    ] =========================================================================================================================================================
[1272.168s][info][gc,start    ] GC(200) Garbage Collection (Allocation Rate)
[1272.168s][info][gc,task     ] GC(200) Using 1 workers
[1272.168s][info][gc,phases   ] GC(200) Pause Mark Start 0.004ms
[1272.770s][info][gc,phases   ] GC(200) Concurrent Mark 601.685ms
[1272.770s][info][gc,phases   ] GC(200) Pause Mark End 0.008ms
[1272.770s][info][gc,phases   ] GC(200) Concurrent Mark Free 0.001ms
[1272.793s][info][gc,phases   ] GC(200) Concurrent Process Non-Strong References 22.947ms
[1272.793s][info][gc,phases   ] GC(200) Concurrent Reset Relocation Set 0.160ms
[1272.809s][info][gc,phases   ] GC(200) Concurrent Select Relocation Set 16.188ms
[1272.809s][info][gc,phases   ] GC(200) Pause Relocate Start 0.007ms
[1272.882s][info][gc,phases   ] GC(200) Concurrent Relocate 73.129ms
[1272.883s][info][gc,load     ] GC(200) Load: 0.00/0.00/0.00
[1272.883s][info][gc,mmu      ] GC(200) MMU: 2ms/0.0%, 5ms/0.0%, 10ms/27.5%, 20ms/63.8%, 50ms/85.5%, 100ms/92.8%
[1272.883s][info][gc,marking  ] GC(200) Mark: 1 stripe(s), 2 proactive flush(es), 1 terminate flush(es), 0 completion(s), 0 continuation(s) 
[1272.883s][info][gc,marking  ] GC(200) Mark Stack Usage: 32M
[1272.883s][info][gc,nmethod  ] GC(200) NMethods: 10694 registered, 516 unregistered
[1272.883s][info][gc,metaspace] GC(200) Metaspace: 131M used, 133M committed, 1152M reserved
[1272.883s][info][gc,ref      ] GC(200) Soft: 6084 encountered, 0 discovered, 0 enqueued
[1272.883s][info][gc,ref      ] GC(200) Weak: 23336 encountered, 12473 discovered, 5 enqueued
[1272.883s][info][gc,ref      ] GC(200) Final: 34 encountered, 0 discovered, 0 enqueued
[1272.883s][info][gc,ref      ] GC(200) Phantom: 1056 encountered, 704 discovered, 0 enqueued
[1272.883s][info][gc,reloc    ] GC(200) Small Pages: 3582 / 7164M, Empty: 1752M, Relocated: 92M, In-Place: 0
[1272.883s][info][gc,reloc    ] GC(200) Medium Pages: 2 / 64M, Empty: 0M, Relocated: 0M, In-Place: 0
[1272.883s][info][gc,reloc    ] GC(200) Large Pages: 0 / 0M, Empty: 0M, Relocated: 0M, In-Place: 0
[1272.883s][info][gc,reloc    ] GC(200) Forwarding Usage: 28M
[1272.883s][info][gc,heap     ] GC(200) Min Capacity: 8192M(100%)
[1272.883s][info][gc,heap     ] GC(200) Max Capacity: 8192M(100%)
[1272.883s][info][gc,heap     ] GC(200) Soft Max Capacity: 8192M(100%)
[1272.883s][info][gc,heap     ] GC(200)                Mark Start          Mark End        Relocate Start      Relocate End           High               Low         
[1272.883s][info][gc,heap     ] GC(200)  Capacity:     8192M (100%)       8192M (100%)       8192M (100%)       8192M (100%)       8192M (100%)       8192M (100%)   
[1272.883s][info][gc,heap     ] GC(200)      Free:      964M (12%)         738M (9%)         2486M (30%)        7294M (89%)        7294M (89%)         736M (9%)     
[1272.883s][info][gc,heap     ] GC(200)      Used:     7228M (88%)        7454M (91%)        5706M (70%)         898M (11%)        7456M (91%)         898M (11%)    
[1272.883s][info][gc,heap     ] GC(200)      Live:         -               582M (7%)          582M (7%)          582M (7%)             -                  -          
[1272.883s][info][gc,heap     ] GC(200) Allocated:         -               226M (3%)          230M (3%)          241M (3%)             -                  -          
[1272.883s][info][gc,heap     ] GC(200)   Garbage:         -              6645M (81%)        4893M (60%)          74M (1%)             -                  -          
[1272.883s][info][gc,heap     ] GC(200) Reclaimed:         -                  -              1752M (21%)        6571M (80%)            -                  -          
[1272.883s][info][gc          ] GC(200) Garbage Collection (Allocation Rate) 7228M(88%)->898M(11%)
[1280.268s][info][gc,stats    ] === Garbage Collection Statistics =======================================================================================================================
[1280.268s][info][gc,stats    ]                                                              Last 10s              Last 10m              Last 10h                Total
[1280.268s][info][gc,stats    ]                                                              Avg / Max             Avg / Max             Avg / Max             Avg / Max
[1280.268s][info][gc,stats    ]   Collector: Garbage Collection Cycle                    714.838 / 714.838     655.648 / 1022.022    979.862 / 7809.708    979.862 / 7809.708    ms
[1280.268s][info][gc,stats    ]  Contention: Mark Segment Reset Contention                     0 / 0                 0 / 5                 0 / 9                 0 / 9           ops/s
[1280.268s][info][gc,stats    ]  Contention: Mark SeqNum Reset Contention                      0 / 0                 0 / 1                 0 / 1                 0 / 1           ops/s
[1280.268s][info][gc,stats    ]    Critical: Allocation Stall                                  0 / 0                 0 / 0                 0 / 0                 0 / 0           ops/s
[1280.268s][info][gc,stats    ]    Critical: Allocation Stall                              0.000 / 0.000         0.000 / 0.000         0.000 / 0.000         0.000 / 0.000       ms
[1280.268s][info][gc,stats    ]    Critical: GC Locker Stall                                   0 / 0                 0 / 2                 0 / 2                 0 / 2           ops/s
[1280.268s][info][gc,stats    ]    Critical: GC Locker Stall                               0.000 / 0.000         0.049 / 0.268         0.047 / 0.268         0.047 / 0.268       ms
[1280.268s][info][gc,stats    ]    Critical: Relocation Stall                                  0 / 0                 0 / 0                 0 / 0                 0 / 0           ops/s
[1280.268s][info][gc,stats    ]    Critical: Relocation Stall                              0.000 / 0.000         0.000 / 0.000         0.000 / 0.000         0.000 / 0.000       ms
[1280.268s][info][gc,stats    ]      Memory: Allocation Rate                                 587 / 768             824 / 1548            744 / 1548            744 / 1548        MB/s
[1280.268s][info][gc,stats    ]      Memory: Defragment                                        0 / 0                 0 / 0                 0 / 0                 0 / 0           ops/s
[1280.268s][info][gc,stats    ]      Memory: Out Of Memory                                     0 / 0                 0 / 0                 0 / 0                 0 / 0           ops/s
[1280.268s][info][gc,stats    ]      Memory: Page Cache Flush                                  0 / 0                 0 / 0                 0 / 0                 0 / 0           MB/s
[1280.268s][info][gc,stats    ]      Memory: Page Cache Hit L1                               298 / 384             419 / 811             376 / 811             376 / 811         ops/s
[1280.268s][info][gc,stats    ]      Memory: Page Cache Hit L2                                 0 / 0                 0 / 0                 0 / 0                 0 / 0           ops/s
[1280.268s][info][gc,stats    ]      Memory: Page Cache Hit L3                                 0 / 0                 0 / 15                3 / 397               3 / 397         ops/s
[1280.268s][info][gc,stats    ]      Memory: Page Cache Miss                                   0 / 0                 0 / 0                 0 / 1                 0 / 1           ops/s
[1280.268s][info][gc,stats    ]      Memory: Uncommit                                          0 / 0                 0 / 0                 0 / 0                 0 / 0           MB/s
[1280.268s][info][gc,stats    ]      Memory: Undo Object Allocation Failed                     0 / 0                 0 / 0                 0 / 0                 0 / 0           ops/s
[1280.268s][info][gc,stats    ]      Memory: Undo Object Allocation Succeeded                  0 / 0                 0 / 68                1 / 400               1 / 400         ops/s
[1280.268s][info][gc,stats    ]      Memory: Undo Page Allocation                              0 / 0                 0 / 1                 0 / 1                 0 / 1           ops/s
[1280.268s][info][gc,stats    ]       Phase: Concurrent Mark                             601.685 / 601.685     556.445 / 850.850     762.561 / 5264.294    762.561 / 5264.294    ms
[1280.268s][info][gc,stats    ]       Phase: Concurrent Mark Continue                      0.000 / 0.000         0.000 / 0.000         0.000 / 0.000         0.000 / 0.000       ms
[1280.268s][info][gc,stats    ]       Phase: Concurrent Mark Free                          0.001 / 0.001         0.000 / 0.001         0.001 / 0.003         0.001 / 0.003       ms
[1280.268s][info][gc,stats    ]       Phase: Concurrent Process Non-Strong References     22.947 / 22.947       15.672 / 30.310       27.182 / 1493.667     27.182 / 1493.667    ms
[1280.268s][info][gc,stats    ]       Phase: Concurrent Relocate                          73.129 / 73.129       70.731 / 150.321      58.791 / 150.389      58.791 / 150.389     ms
[1280.268s][info][gc,stats    ]       Phase: Concurrent Reset Relocation Set               0.160 / 0.160         0.178 / 0.396         0.148 / 0.465         0.148 / 0.465       ms
[1280.268s][info][gc,stats    ]       Phase: Concurrent Select Relocation Set             16.188 / 16.188       11.967 / 38.181      125.521 / 2796.200    125.521 / 2796.200    ms
[1280.268s][info][gc,stats    ]       Phase: Pause Mark End                                0.008 / 0.008         0.010 / 0.052         0.048 / 4.475         0.048 / 4.475       ms
[1280.268s][info][gc,stats    ]       Phase: Pause Mark Start                              0.004 / 0.004         0.005 / 0.015         0.043 / 7.250         0.043 / 7.250       ms
[1280.268s][info][gc,stats    ]       Phase: Pause Relocate Start                          0.007 / 0.007         0.007 / 0.024         0.021 / 1.046         0.021 / 1.046       ms
[1280.268s][info][gc,stats    ]    Subphase: Concurrent Classes Purge                      0.410 / 0.410         0.274 / 1.253         0.511 / 5.775         0.511 / 5.775       ms
[1280.268s][info][gc,stats    ]    Subphase: Concurrent Classes Unlink                    17.111 / 17.111       11.941 / 20.934       20.590 / 1489.339     20.590 / 1489.339    ms
[1280.268s][info][gc,stats    ]    Subphase: Concurrent Mark                             599.791 / 599.791     509.011 / 848.625     724.398 / 5176.991    724.398 / 5176.991    ms
[1280.268s][info][gc,stats    ]    Subphase: Concurrent Mark Try Flush                     0.066 / 0.088         0.061 / 0.365         2.359 / 786.951       2.359 / 786.951     ms
[1280.268s][info][gc,stats    ]    Subphase: Concurrent Mark Try Terminate                 0.026 / 0.051         0.198 / 1.588         0.967 / 12.169        0.967 / 12.169      ms
[1280.268s][info][gc,stats    ]    Subphase: Concurrent References Enqueue                 0.002 / 0.002         0.002 / 0.004         0.002 / 0.006         0.002 / 0.006       ms
[1280.268s][info][gc,stats    ]    Subphase: Concurrent References Process                 1.827 / 1.827         0.852 / 3.889         0.648 / 3.889         0.648 / 3.889       ms
[1280.268s][info][gc,stats    ]    Subphase: Concurrent Roots ClassLoaderDataGraph         0.296 / 0.296         0.299 / 0.850         0.538 / 40.174        0.538 / 40.174      ms
[1280.268s][info][gc,stats    ]    Subphase: Concurrent Roots CodeCache                    0.000 / 0.000         0.000 / 0.000         0.000 / 0.000         0.000 / 0.000       ms
[1280.268s][info][gc,stats    ]    Subphase: Concurrent Roots JavaThreads                  1.378 / 1.378         1.267 / 2.108         5.343 / 441.054       5.343 / 441.054     ms
[1280.268s][info][gc,stats    ]    Subphase: Concurrent Roots OopStorageSet                0.073 / 0.073         0.091 / 0.624         0.931 / 136.487       0.931 / 136.487     ms
[1280.268s][info][gc,stats    ]    Subphase: Concurrent Weak Roots OopStorageSet           3.329 / 3.329         2.080 / 5.756         1.864 / 11.047        1.864 / 11.047      ms
[1280.268s][info][gc,stats    ]    Subphase: Pause Mark Try Complete                       0.000 / 0.000         0.001 / 0.001         0.001 / 0.003         0.001 / 0.003       ms
[1280.268s][info][gc,stats    ]      System: Java Threads                                     83 / 83               83 / 84               78 / 84               78 / 84          threads
[1280.268s][info][gc,stats    ] =========================================================================================================================================================
[1281.168s][info][gc,start    ] GC(201) Garbage Collection (Allocation Rate)
[1281.168s][info][gc,task     ] GC(201) Using 2 workers
[1281.168s][info][gc,phases   ] GC(201) Pause Mark Start 0.014ms
[1281.569s][info][gc,phases   ] GC(201) Concurrent Mark 400.341ms
[1281.569s][info][gc,phases   ] GC(201) Pause Mark End 0.014ms
[1281.569s][info][gc,phases   ] GC(201) Concurrent Mark Free 0.000ms
[1281.581s][info][gc,phases   ] GC(201) Concurrent Process Non-Strong References 11.918ms
[1281.581s][info][gc,phases   ] GC(201) Concurrent Reset Relocation Set 0.211ms
[1281.603s][info][gc,phases   ] GC(201) Concurrent Select Relocation Set 22.541ms
[1281.604s][info][gc,phases   ] GC(201) Pause Relocate Start 0.005ms
[1281.680s][info][gc,phases   ] GC(201) Concurrent Relocate 76.029ms
[1281.680s][info][gc,load     ] GC(201) Load: 0.00/0.00/0.00
[1281.680s][info][gc,mmu      ] GC(201) MMU: 2ms/0.0%, 5ms/0.0%, 10ms/27.5%, 20ms/63.8%, 50ms/85.5%, 100ms/92.8%
[1281.680s][info][gc,marking  ] GC(201) Mark: 2 stripe(s), 2 proactive flush(es), 1 terminate flush(es), 0 completion(s), 0 continuation(s) 
[1281.680s][info][gc,marking  ] GC(201) Mark Stack Usage: 32M
[1281.680s][info][gc,nmethod  ] GC(201) NMethods: 10710 registered, 521 unregistered
[1281.680s][info][gc,metaspace] GC(201) Metaspace: 131M used, 133M committed, 1152M reserved
[1281.680s][info][gc,ref      ] GC(201) Soft: 6084 encountered, 0 discovered, 0 enqueued
[1281.680s][info][gc,ref      ] GC(201) Weak: 23332 encountered, 4276 discovered, 1 enqueued
[1281.680s][info][gc,ref      ] GC(201) Final: 34 encountered, 0 discovered, 0 enqueued
[1281.680s][info][gc,ref      ] GC(201) Phantom: 1056 encountered, 758 discovered, 0 enqueued
[1281.680s][info][gc,reloc    ] GC(201) Small Pages: 3377 / 6754M, Empty: 1412M, Relocated: 134M, In-Place: 0
[1281.680s][info][gc,reloc    ] GC(201) Medium Pages: 2 / 64M, Empty: 0M, Relocated: 0M, In-Place: 0
[1281.680s][info][gc,reloc    ] GC(201) Large Pages: 0 / 0M, Empty: 0M, Relocated: 0M, In-Place: 0
[1281.680s][info][gc,reloc    ] GC(201) Forwarding Usage: 41M
[1281.680s][info][gc,heap     ] GC(201) Min Capacity: 8192M(100%)
[1281.680s][info][gc,heap     ] GC(201) Max Capacity: 8192M(100%)
[1281.680s][info][gc,heap     ] GC(201) Soft Max Capacity: 8192M(100%)
[1281.680s][info][gc,heap     ] GC(201)                Mark Start          Mark End        Relocate Start      Relocate End           High               Low         
[1281.680s][info][gc,heap     ] GC(201)  Capacity:     8192M (100%)       8192M (100%)       8192M (100%)       8192M (100%)       8192M (100%)       8192M (100%)   
[1281.680s][info][gc,heap     ] GC(201)      Free:     1374M (17%)         756M (9%)         2070M (25%)        6550M (80%)        6550M (80%)         718M (9%)     
[1281.680s][info][gc,heap     ] GC(201)      Used:     6818M (83%)        7436M (91%)        6122M (75%)        1642M (20%)        7474M (91%)        1642M (20%)    
[1281.680s][info][gc,heap     ] GC(201)      Live:         -               694M (8%)          694M (8%)          694M (8%)             -                  -          
[1281.680s][info][gc,heap     ] GC(201) Allocated:         -               618M (8%)          716M (9%)          858M (10%)            -                  -          
[1281.680s][info][gc,heap     ] GC(201)   Garbage:         -              6123M (75%)        4711M (58%)          89M (1%)             -                  -          
[1281.680s][info][gc,heap     ] GC(201) Reclaimed:         -                  -              1412M (17%)        6034M (74%)            -                  -          
[1281.680s][info][gc          ] GC(201) Garbage Collection (Allocation Rate) 6818M(83%)->1642M(20%)
[1290.168s][info][gc,start    ] GC(202) Garbage Collection (Allocation Rate)
[1290.168s][info][gc,task     ] GC(202) Using 1 workers
[1290.168s][info][gc,phases   ] GC(202) Pause Mark Start 0.004ms
[1290.268s][info][gc,stats    ] === Garbage Collection Statistics =======================================================================================================================
[1290.268s][info][gc,stats    ]                                                              Last 10s              Last 10m              Last 10h                Total
[1290.268s][info][gc,stats    ]                                                              Avg / Max             Avg / Max             Avg / Max             Avg / Max
[1290.268s][info][gc,stats    ]   Collector: Garbage Collection Cycle                    511.974 / 511.974     656.431 / 1022.022    977.545 / 7809.708    977.545 / 7809.708    ms
[1290.268s][info][gc,stats    ]  Contention: Mark Segment Reset Contention                     0 / 1                 0 / 5                 0 / 9                 0 / 9           ops/s
[1290.268s][info][gc,stats    ]  Contention: Mark SeqNum Reset Contention                      0 / 0                 0 / 1                 0 / 1                 0 / 1           ops/s
[1290.268s][info][gc,stats    ]    Critical: Allocation Stall                                  0 / 0                 0 / 0                 0 / 0                 0 / 0           ops/s
[1290.268s][info][gc,stats    ]    Critical: Allocation Stall                              0.000 / 0.000         0.000 / 0.000         0.000 / 0.000         0.000 / 0.000       ms
[1290.268s][info][gc,stats    ]    Critical: GC Locker Stall                                   0 / 1                 0 / 2                 0 / 2                 0 / 2           ops/s
[1290.268s][info][gc,stats    ]    Critical: GC Locker Stall                               0.035 / 0.035         0.051 / 0.268         0.047 / 0.268         0.047 / 0.268       ms
[1290.268s][info][gc,stats    ]    Critical: Relocation Stall                                  0 / 0                 0 / 0                 0 / 0                 0 / 0           ops/s
[1290.268s][info][gc,stats    ]    Critical: Relocation Stall                              0.000 / 0.000         0.000 / 0.000         0.000 / 0.000         0.000 / 0.000       ms
[1290.268s][info][gc,stats    ]      Memory: Allocation Rate                                 781 / 1336            822 / 1548            745 / 1548            745 / 1548        MB/s
[1290.268s][info][gc,stats    ]      Memory: Defragment                                        0 / 0                 0 / 0                 0 / 0                 0 / 0           ops/s
[1290.268s][info][gc,stats    ]      Memory: Out Of Memory                                     0 / 0                 0 / 0                 0 / 0                 0 / 0           ops/s
[1290.268s][info][gc,stats    ]      Memory: Page Cache Flush                                  0 / 0                 0 / 0                 0 / 0                 0 / 0           MB/s
[1290.268s][info][gc,stats    ]      Memory: Page Cache Hit L1                               397 / 680             417 / 811             376 / 811             376 / 811         ops/s
[1290.268s][info][gc,stats    ]      Memory: Page Cache Hit L2                                 0 / 0                 0 / 0                 0 / 0                 0 / 0           ops/s
[1290.268s][info][gc,stats    ]      Memory: Page Cache Hit L3                                 0 / 0                 0 / 15                3 / 397               3 / 397         ops/s
[1290.268s][info][gc,stats    ]      Memory: Page Cache Miss                                   0 / 0                 0 / 0                 0 / 1                 0 / 1           ops/s
[1290.268s][info][gc,stats    ]      Memory: Uncommit                                          0 / 0                 0 / 0                 0 / 0                 0 / 0           MB/s
[1290.268s][info][gc,stats    ]      Memory: Undo Object Allocation Failed                     0 / 0                 0 / 0                 0 / 0                 0 / 0           ops/s
[1290.268s][info][gc,stats    ]      Memory: Undo Object Allocation Succeeded                  0 / 0                 0 / 68                1 / 400               1 / 400         ops/s
[1290.268s][info][gc,stats    ]      Memory: Undo Page Allocation                              0 / 0                 0 / 1                 0 / 1                 0 / 1           ops/s
[1290.268s][info][gc,stats    ]       Phase: Concurrent Mark                             400.341 / 400.341     556.627 / 850.850     760.768 / 5264.294    760.768 / 5264.294    ms
[1290.268s][info][gc,stats    ]       Phase: Concurrent Mark Continue                      0.000 / 0.000         0.000 / 0.000         0.000 / 0.000         0.000 / 0.000       ms
[1290.268s][info][gc,stats    ]       Phase: Concurrent Mark Free                          0.000 / 0.000         0.000 / 0.001         0.001 / 0.003         0.001 / 0.003       ms
[1290.268s][info][gc,stats    ]       Phase: Concurrent Process Non-Strong References     11.918 / 11.918       15.687 / 30.310       27.107 / 1493.667     27.107 / 1493.667    ms
[1290.268s][info][gc,stats    ]       Phase: Concurrent Relocate                          76.029 / 76.029       71.147 / 150.321      58.876 / 150.389      58.876 / 150.389     ms
[1290.268s][info][gc,stats    ]       Phase: Concurrent Reset Relocation Set               0.211 / 0.211         0.178 / 0.396         0.148 / 0.465         0.148 / 0.465       ms
[1290.268s][info][gc,stats    ]       Phase: Concurrent Select Relocation Set             22.541 / 22.541       12.131 / 38.181      125.011 / 2796.200    125.011 / 2796.200    ms
[1290.268s][info][gc,stats    ]       Phase: Pause Mark End                                0.014 / 0.014         0.011 / 0.052         0.048 / 4.475         0.048 / 4.475       ms
[1290.268s][info][gc,stats    ]       Phase: Pause Mark Start                              0.009 / 0.014         0.005 / 0.015         0.043 / 7.250         0.043 / 7.250       ms
[1290.268s][info][gc,stats    ]       Phase: Pause Relocate Start                          0.005 / 0.005         0.007 / 0.024         0.021 / 1.046         0.021 / 1.046       ms
[1290.268s][info][gc,stats    ]    Subphase: Concurrent Classes Purge                      0.512 / 0.512         0.269 / 1.253         0.511 / 5.775         0.511 / 5.775       ms
[1290.268s][info][gc,stats    ]    Subphase: Concurrent Classes Unlink                     8.801 / 8.801        11.957 / 20.934       20.532 / 1489.339     20.532 / 1489.339    ms
[1290.268s][info][gc,stats    ]    Subphase: Concurrent Mark                             397.450 / 397.932     509.162 / 848.625     722.309 / 5176.991    722.309 / 5176.991    ms
[1290.268s][info][gc,stats    ]    Subphase: Concurrent Mark Try Flush                     0.060 / 0.078         0.062 / 0.365         2.348 / 786.951       2.348 / 786.951     ms
[1290.268s][info][gc,stats    ]    Subphase: Concurrent Mark Try Terminate                 0.975 / 1.654         0.230 / 1.654         0.967 / 12.169        0.967 / 12.169      ms
[1290.268s][info][gc,stats    ]    Subphase: Concurrent References Enqueue                 0.002 / 0.002         0.002 / 0.004         0.002 / 0.006         0.002 / 0.006       ms
[1290.268s][info][gc,stats    ]    Subphase: Concurrent References Process                 0.571 / 0.571         0.862 / 3.889         0.648 / 3.889         0.648 / 3.889       ms
[1290.268s][info][gc,stats    ]    Subphase: Concurrent Roots ClassLoaderDataGraph         0.531 / 0.953         0.308 / 0.953         0.538 / 40.174        0.538 / 40.174      ms
[1290.268s][info][gc,stats    ]    Subphase: Concurrent Roots CodeCache                    0.000 / 0.000         0.000 / 0.000         0.000 / 0.000         0.000 / 0.000       ms
[1290.268s][info][gc,stats    ]    Subphase: Concurrent Roots JavaThreads                  1.472 / 1.663         1.281 / 2.108         5.306 / 441.054       5.306 / 441.054     ms
[1290.269s][info][gc,stats    ]    Subphase: Concurrent Roots OopStorageSet                0.133 / 0.156         0.093 / 0.624         0.923 / 136.487       0.923 / 136.487     ms
[1290.269s][info][gc,stats    ]    Subphase: Concurrent Weak Roots OopStorageSet           1.750 / 1.764         2.078 / 5.756         1.863 / 11.047        1.863 / 11.047      ms
[1290.269s][info][gc,stats    ]    Subphase: Pause Mark Try Complete                       0.000 / 0.000         0.001 / 0.001         0.001 / 0.003         0.001 / 0.003       ms
[1290.269s][info][gc,stats    ]      System: Java Threads                                     83 / 83               83 / 84               78 / 84               78 / 84          threads
[1290.269s][info][gc,stats    ] =========================================================================================================================================================
[1290.851s][info][gc,phases   ] GC(202) Concurrent Mark 683.376ms
[1290.852s][info][gc,phases   ] GC(202) Pause Mark End 0.021ms
[1290.852s][info][gc,phases   ] GC(202) Concurrent Mark Free 0.001ms
[1290.877s][info][gc,phases   ] GC(202) Concurrent Process Non-Strong References 25.058ms
[1290.877s][info][gc,phases   ] GC(202) Concurrent Reset Relocation Set 0.299ms
[1290.888s][info][gc,phases   ] GC(202) Concurrent Select Relocation Set 11.123ms
[1290.888s][info][gc,phases   ] GC(202) Pause Relocate Start 0.011ms
[1290.985s][info][gc,phases   ] GC(202) Concurrent Relocate 96.483ms
[1290.985s][info][gc,load     ] GC(202) Load: 0.00/0.00/0.00
[1290.985s][info][gc,mmu      ] GC(202) MMU: 2ms/0.0%, 5ms/0.0%, 10ms/27.5%, 20ms/63.8%, 50ms/85.5%, 100ms/92.8%
[1290.985s][info][gc,marking  ] GC(202) Mark: 1 stripe(s), 2 proactive flush(es), 1 terminate flush(es), 0 completion(s), 0 continuation(s) 
[1290.985s][info][gc,marking  ] GC(202) Mark Stack Usage: 32M
[1290.985s][info][gc,nmethod  ] GC(202) NMethods: 10717 registered, 526 unregistered
[1290.985s][info][gc,metaspace] GC(202) Metaspace: 131M used, 133M committed, 1152M reserved
[1290.985s][info][gc,ref      ] GC(202) Soft: 6084 encountered, 0 discovered, 0 enqueued
[1290.985s][info][gc,ref      ] GC(202) Weak: 23336 encountered, 933 discovered, 2 enqueued
[1290.985s][info][gc,ref      ] GC(202) Final: 34 encountered, 0 discovered, 0 enqueued
[1290.985s][info][gc,ref      ] GC(202) Phantom: 1065 encountered, 798 discovered, 0 enqueued
[1290.985s][info][gc,reloc    ] GC(202) Small Pages: 3678 / 7356M, Empty: 2094M, Relocated: 110M, In-Place: 0
[1290.985s][info][gc,reloc    ] GC(202) Medium Pages: 2 / 64M, Empty: 0M, Relocated: 0M, In-Place: 0
[1290.985s][info][gc,reloc    ] GC(202) Large Pages: 0 / 0M, Empty: 0M, Relocated: 0M, In-Place: 0
[1290.985s][info][gc,reloc    ] GC(202) Forwarding Usage: 33M
[1290.985s][info][gc,heap     ] GC(202) Min Capacity: 8192M(100%)
[1290.985s][info][gc,heap     ] GC(202) Max Capacity: 8192M(100%)
[1290.985s][info][gc,heap     ] GC(202) Soft Max Capacity: 8192M(100%)
[1290.985s][info][gc,heap     ] GC(202)                Mark Start          Mark End        Relocate Start      Relocate End           High               Low         
[1290.985s][info][gc,heap     ] GC(202)  Capacity:     8192M (100%)       8192M (100%)       8192M (100%)       8192M (100%)       8192M (100%)       8192M (100%)   
[1290.985s][info][gc,heap     ] GC(202)      Free:      772M (9%)          308M (4%)         2360M (29%)        6916M (84%)        6918M (84%)         274M (3%)     
[1290.985s][info][gc,heap     ] GC(202)      Used:     7420M (91%)        7884M (96%)        5832M (71%)        1276M (16%)        7918M (97%)        1274M (16%)    
[1290.985s][info][gc,heap     ] GC(202)      Live:         -               600M (7%)          600M (7%)          600M (7%)             -                  -          
[1290.985s][info][gc,heap     ] GC(202) Allocated:         -               464M (6%)          506M (6%)          598M (7%)             -                  -          
[1290.985s][info][gc,heap     ] GC(202)   Garbage:         -              6819M (83%)        4725M (58%)          76M (1%)             -                  -          
[1290.985s][info][gc,heap     ] GC(202) Reclaimed:         -                  -              2094M (26%)        6742M (82%)            -                  -          
[1290.985s][info][gc          ] GC(202) Garbage Collection (Allocation Rate) 7420M(91%)->1276M(16%)
[1299.567s][info][gc,start    ] GC(203) Garbage Collection (Allocation Rate)
[1299.567s][info][gc,task     ] GC(203) Using 2 workers
[1299.567s][info][gc,phases   ] GC(203) Pause Mark Start 0.004ms
[1299.886s][info][gc,phases   ] GC(203) Concurrent Mark 318.276ms
[1299.886s][info][gc,phases   ] GC(203) Pause Mark End 0.013ms
[1299.886s][info][gc,phases   ] GC(203) Concurrent Mark Free 0.001ms
[1299.898s][info][gc,phases   ] GC(203) Concurrent Process Non-Strong References 12.494ms
[1299.899s][info][gc,phases   ] GC(203) Concurrent Reset Relocation Set 0.488ms
[1299.907s][info][gc,phases   ] GC(203) Concurrent Select Relocation Set 8.061ms
[1299.907s][info][gc,phases   ] GC(203) Pause Relocate Start 0.009ms
[1299.956s][info][gc,phases   ] GC(203) Concurrent Relocate 48.820ms
[1299.956s][info][gc,load     ] GC(203) Load: 0.00/0.00/0.00
[1299.956s][info][gc,mmu      ] GC(203) MMU: 2ms/0.0%, 5ms/0.0%, 10ms/27.5%, 20ms/63.8%, 50ms/85.5%, 100ms/92.8%
[1299.956s][info][gc,marking  ] GC(203) Mark: 2 stripe(s), 2 proactive flush(es), 1 terminate flush(es), 0 completion(s), 0 continuation(s) 
[1299.956s][info][gc,marking  ] GC(203) Mark Stack Usage: 32M
[1299.956s][info][gc,nmethod  ] GC(203) NMethods: 10742 registered, 533 unregistered
[1299.956s][info][gc,metaspace] GC(203) Metaspace: 131M used, 133M committed, 1152M reserved
[1299.956s][info][gc,ref      ] GC(203) Soft: 6084 encountered, 0 discovered, 0 enqueued
[1299.956s][info][gc,ref      ] GC(203) Weak: 23341 encountered, 2778 discovered, 5 enqueued
[1299.956s][info][gc,ref      ] GC(203) Final: 34 encountered, 0 discovered, 0 enqueued
[1299.956s][info][gc,ref      ] GC(203) Phantom: 1071 encountered, 793 discovered, 0 enqueued
[1299.956s][info][gc,reloc    ] GC(203) Small Pages: 3570 / 7140M, Empty: 1322M, Relocated: 104M, In-Place: 0
[1299.956s][info][gc,reloc    ] GC(203) Medium Pages: 2 / 64M, Empty: 0M, Relocated: 0M, In-Place: 0
[1299.956s][info][gc,reloc    ] GC(203) Large Pages: 0 / 0M, Empty: 0M, Relocated: 0M, In-Place: 0
[1299.956s][info][gc,reloc    ] GC(203) Forwarding Usage: 31M
[1299.956s][info][gc,heap     ] GC(203) Min Capacity: 8192M(100%)
[1299.956s][info][gc,heap     ] GC(203) Max Capacity: 8192M(100%)
[1299.956s][info][gc,heap     ] GC(203) Soft Max Capacity: 8192M(100%)
[1299.956s][info][gc,heap     ] GC(203)                Mark Start          Mark End        Relocate Start      Relocate End           High               Low         
[1299.956s][info][gc,heap     ] GC(203)  Capacity:     8192M (100%)       8192M (100%)       8192M (100%)       8192M (100%)       8192M (100%)       8192M (100%)   
[1299.956s][info][gc,heap     ] GC(203)      Free:      988M (12%)         754M (9%)         2050M (25%)        7222M (88%)        7222M (88%)         732M (9%)     
[1299.956s][info][gc,heap     ] GC(203)      Used:     7204M (88%)        7438M (91%)        6142M (75%)         970M (12%)        7460M (91%)         970M (12%)    
[1299.956s][info][gc,heap     ] GC(203)      Live:         -               603M (7%)          603M (7%)          603M (7%)             -                  -          
[1299.956s][info][gc,heap     ] GC(203) Allocated:         -               234M (3%)          260M (3%)          286M (3%)             -                  -          
[1299.956s][info][gc,heap     ] GC(203)   Garbage:         -              6600M (81%)        5278M (64%)          80M (1%)             -                  -          
[1299.956s][info][gc,heap     ] GC(203) Reclaimed:         -                  -              1322M (16%)        6520M (80%)            -                  -          
[1299.956s][info][gc          ] GC(203) Garbage Collection (Allocation Rate) 7204M(88%)->970M(12%)
[1300.268s][info][gc,stats    ] === Garbage Collection Statistics =======================================================================================================================
[1300.268s][info][gc,stats    ]                                                              Last 10s              Last 10m              Last 10h                Total
[1300.268s][info][gc,stats    ]                                                              Avg / Max             Avg / Max             Avg / Max             Avg / Max
[1300.268s][info][gc,stats    ]   Collector: Garbage Collection Cycle                    603.031 / 817.161     654.536 / 1022.022    973.874 / 7809.708    973.874 / 7809.708    ms
[1300.268s][info][gc,stats    ]  Contention: Mark Segment Reset Contention                     0 / 0                 0 / 5                 0 / 9                 0 / 9           ops/s
[1300.268s][info][gc,stats    ]  Contention: Mark SeqNum Reset Contention                      0 / 0                 0 / 1                 0 / 1                 0 / 1           ops/s
[1300.268s][info][gc,stats    ]    Critical: Allocation Stall                                  0 / 0                 0 / 0                 0 / 0                 0 / 0           ops/s
[1300.268s][info][gc,stats    ]    Critical: Allocation Stall                              0.000 / 0.000         0.000 / 0.000         0.000 / 0.000         0.000 / 0.000       ms
[1300.268s][info][gc,stats    ]    Critical: GC Locker Stall                                   0 / 1                 0 / 2                 0 / 2                 0 / 2           ops/s
[1300.268s][info][gc,stats    ]    Critical: GC Locker Stall                               0.113 / 0.113         0.054 / 0.268         0.049 / 0.268         0.049 / 0.268       ms
[1300.268s][info][gc,stats    ]    Critical: Relocation Stall                                  0 / 0                 0 / 0                 0 / 0                 0 / 0           ops/s
[1300.268s][info][gc,stats    ]    Critical: Relocation Stall                              0.000 / 0.000         0.000 / 0.000         0.000 / 0.000         0.000 / 0.000       ms
[1300.268s][info][gc,stats    ]      Memory: Allocation Rate                                 694 / 816             822 / 1548            744 / 1548            744 / 1548        MB/s
[1300.268s][info][gc,stats    ]      Memory: Defragment                                        0 / 0                 0 / 0                 0 / 0                 0 / 0           ops/s
[1300.268s][info][gc,stats    ]      Memory: Out Of Memory                                     0 / 0                 0 / 0                 0 / 0                 0 / 0           ops/s
[1300.268s][info][gc,stats    ]      Memory: Page Cache Flush                                  0 / 0                 0 / 0                 0 / 0                 0 / 0           MB/s
[1300.268s][info][gc,stats    ]      Memory: Page Cache Hit L1                               357 / 463             418 / 811             376 / 811             376 / 811         ops/s
[1300.268s][info][gc,stats    ]      Memory: Page Cache Hit L2                                 0 / 0                 0 / 0                 0 / 0                 0 / 0           ops/s
[1300.268s][info][gc,stats    ]      Memory: Page Cache Hit L3                                 0 / 0                 0 / 15                3 / 397               3 / 397         ops/s
[1300.268s][info][gc,stats    ]      Memory: Page Cache Miss                                   0 / 0                 0 / 0                 0 / 1                 0 / 1           ops/s
[1300.268s][info][gc,stats    ]      Memory: Uncommit                                          0 / 0                 0 / 0                 0 / 0                 0 / 0           MB/s
[1300.268s][info][gc,stats    ]      Memory: Undo Object Allocation Failed                     0 / 0                 0 / 0                 0 / 0                 0 / 0           ops/s
[1300.268s][info][gc,stats    ]      Memory: Undo Object Allocation Succeeded                  0 / 1                 0 / 68                1 / 400               1 / 400         ops/s
[1300.268s][info][gc,stats    ]      Memory: Undo Page Allocation                              0 / 0                 0 / 1                 0 / 1                 0 / 1           ops/s
[1300.268s][info][gc,stats    ]       Phase: Concurrent Mark                             500.826 / 683.376     554.558 / 850.850     758.219 / 5264.294    758.219 / 5264.294    ms
[1300.268s][info][gc,stats    ]       Phase: Concurrent Mark Continue                      0.000 / 0.000         0.000 / 0.000         0.000 / 0.000         0.000 / 0.000       ms
[1300.268s][info][gc,stats    ]       Phase: Concurrent Mark Free                          0.001 / 0.001         0.000 / 0.001         0.001 / 0.003         0.001 / 0.003       ms
[1300.268s][info][gc,stats    ]       Phase: Concurrent Process Non-Strong References     18.776 / 25.058       15.762 / 30.310       27.025 / 1493.667     27.025 / 1493.667    ms
[1300.268s][info][gc,stats    ]       Phase: Concurrent Relocate                          72.651 / 96.483       71.209 / 150.321      59.011 / 150.389      59.011 / 150.389     ms
[1300.268s][info][gc,stats    ]       Phase: Concurrent Reset Relocation Set               0.393 / 0.488         0.183 / 0.488         0.150 / 0.488         0.150 / 0.488       ms
[1300.268s][info][gc,stats    ]       Phase: Concurrent Select Relocation Set              9.592 / 11.123       12.160 / 38.181      123.880 / 2796.200    123.880 / 2796.200    ms
[1300.268s][info][gc,stats    ]       Phase: Pause Mark End                                0.017 / 0.021         0.011 / 0.052         0.047 / 4.475         0.047 / 4.475       ms
[1300.268s][info][gc,stats    ]       Phase: Pause Mark Start                              0.004 / 0.004         0.005 / 0.015         0.043 / 7.250         0.043 / 7.250       ms
[1300.268s][info][gc,stats    ]       Phase: Pause Relocate Start                          0.010 / 0.011         0.007 / 0.024         0.021 / 1.046         0.021 / 1.046       ms
[1300.268s][info][gc,stats    ]    Subphase: Concurrent Classes Purge                      0.079 / 0.096         0.256 / 1.253         0.507 / 5.775         0.507 / 5.775       ms
[1300.268s][info][gc,stats    ]    Subphase: Concurrent Classes Unlink                    15.519 / 20.834       12.060 / 20.934       20.483 / 1489.339     20.483 / 1489.339    ms
[1300.268s][info][gc,stats    ]    Subphase: Concurrent Mark                             438.126 / 681.257     506.157 / 848.625     719.611 / 5176.991    719.611 / 5176.991    ms
[1300.268s][info][gc,stats    ]    Subphase: Concurrent Mark Try Flush                     0.056 / 0.149         0.061 / 0.365         2.326 / 786.951       2.326 / 786.951     ms
[1300.268s][info][gc,stats    ]    Subphase: Concurrent Mark Try Terminate                 0.408 / 1.297         0.237 / 1.654         0.966 / 12.169        0.966 / 12.169      ms
[1300.268s][info][gc,stats    ]    Subphase: Concurrent References Enqueue                 0.003 / 0.004         0.002 / 0.004         0.002 / 0.006         0.002 / 0.006       ms
[1300.268s][info][gc,stats    ]    Subphase: Concurrent References Process                 0.428 / 0.510         0.846 / 3.889         0.646 / 3.889         0.646 / 3.889       ms
[1300.269s][info][gc,stats    ]    Subphase: Concurrent Roots ClassLoaderDataGraph         0.187 / 0.301         0.305 / 0.953         0.536 / 40.174        0.536 / 40.174      ms
[1300.269s][info][gc,stats    ]    Subphase: Concurrent Roots CodeCache                    0.000 / 0.000         0.000 / 0.000         0.000 / 0.000         0.000 / 0.000       ms
[1300.269s][info][gc,stats    ]    Subphase: Concurrent Roots JavaThreads                  0.801 / 0.912         1.270 / 2.108         5.277 / 441.054       5.277 / 441.054     ms
[1300.269s][info][gc,stats    ]    Subphase: Concurrent Roots OopStorageSet                0.045 / 0.046         0.092 / 0.624         0.917 / 136.487       0.917 / 136.487     ms
[1300.269s][info][gc,stats    ]    Subphase: Concurrent Weak Roots OopStorageSet           2.067 / 3.275         2.074 / 5.756         1.865 / 11.047        1.865 / 11.047      ms
[1300.269s][info][gc,stats    ]    Subphase: Pause Mark Try Complete                       0.000 / 0.000         0.001 / 0.001         0.001 / 0.003         0.001 / 0.003       ms
[1300.269s][info][gc,stats    ]      System: Java Threads                                     83 / 83               83 / 84               78 / 84               78 / 84          threads
[1300.269s][info][gc,stats    ] =========================================================================================================================================================
[1304.868s][info][gc,start    ] GC(204) Garbage Collection (Allocation Rate)
[1304.868s][info][gc,task     ] GC(204) Using 1 workers
[1304.868s][info][gc,phases   ] GC(204) Pause Mark Start 0.007ms
[1305.594s][info][gc,phases   ] GC(204) Concurrent Mark 726.368ms
[1305.595s][info][gc,phases   ] GC(204) Pause Mark End 0.009ms
[1305.595s][info][gc,phases   ] GC(204) Concurrent Mark Free 0.001ms
[1305.614s][info][gc,phases   ] GC(204) Concurrent Process Non-Strong References 19.009ms
[1305.614s][info][gc,phases   ] GC(204) Concurrent Reset Relocation Set 0.191ms
[1305.757s][info][gc,phases   ] GC(204) Concurrent Select Relocation Set 143.024ms
[1305.757s][info][gc,phases   ] GC(204) Pause Relocate Start 0.020ms
[1305.851s][info][gc,phases   ] GC(204) Concurrent Relocate 93.981ms
[1305.851s][info][gc,load     ] GC(204) Load: 0.00/0.00/0.00
[1305.851s][info][gc,mmu      ] GC(204) MMU: 2ms/0.0%, 5ms/0.0%, 10ms/27.5%, 20ms/63.8%, 50ms/85.5%, 100ms/92.8%
[1305.851s][info][gc,marking  ] GC(204) Mark: 1 stripe(s), 2 proactive flush(es), 1 terminate flush(es), 0 completion(s), 0 continuation(s) 
[1305.851s][info][gc,marking  ] GC(204) Mark Stack Usage: 32M
[1305.851s][info][gc,nmethod  ] GC(204) NMethods: 10773 registered, 553 unregistered
[1305.851s][info][gc,metaspace] GC(204) Metaspace: 132M used, 133M committed, 1152M reserved
[1305.851s][info][gc,ref      ] GC(204) Soft: 6084 encountered, 0 discovered, 0 enqueued
[1305.851s][info][gc,ref      ] GC(204) Weak: 23350 encountered, 12475 discovered, 7 enqueued
[1305.851s][info][gc,ref      ] GC(204) Final: 34 encountered, 0 discovered, 0 enqueued
[1305.851s][info][gc,ref      ] GC(204) Phantom: 1081 encountered, 786 discovered, 4 enqueued
[1305.851s][info][gc,reloc    ] GC(204) Small Pages: 3177 / 6354M, Empty: 2794M, Relocated: 138M, In-Place: 0
[1305.851s][info][gc,reloc    ] GC(204) Medium Pages: 2 / 64M, Empty: 0M, Relocated: 0M, In-Place: 0
[1305.851s][info][gc,reloc    ] GC(204) Large Pages: 0 / 0M, Empty: 0M, Relocated: 0M, In-Place: 0
[1305.851s][info][gc,reloc    ] GC(204) Forwarding Usage: 40M
[1305.851s][info][gc,heap     ] GC(204) Min Capacity: 8192M(100%)
[1305.851s][info][gc,heap     ] GC(204) Max Capacity: 8192M(100%)
[1305.851s][info][gc,heap     ] GC(204) Soft Max Capacity: 8192M(100%)
[1305.851s][info][gc,heap     ] GC(204)                Mark Start          Mark End        Relocate Start      Relocate End           High               Low         
[1305.851s][info][gc,heap     ] GC(204)  Capacity:     8192M (100%)       8192M (100%)       8192M (100%)       8192M (100%)       8192M (100%)       8192M (100%)   
[1305.851s][info][gc,heap     ] GC(204)      Free:     1774M (22%)        1368M (17%)        4100M (50%)        6968M (85%)        6968M (85%)        1352M (17%)    
[1305.851s][info][gc,heap     ] GC(204)      Used:     6418M (78%)        6824M (83%)        4092M (50%)        1224M (15%)        6840M (83%)        1224M (15%)    
[1305.851s][info][gc,heap     ] GC(204)      Live:         -               631M (8%)          631M (8%)          631M (8%)             -                  -          
[1305.851s][info][gc,heap     ] GC(204) Allocated:         -               406M (5%)          468M (6%)          514M (6%)             -                  -          
[1305.851s][info][gc,heap     ] GC(204)   Garbage:         -              5786M (71%)        2992M (37%)          77M (1%)             -                  -          
[1305.851s][info][gc,heap     ] GC(204) Reclaimed:         -                  -              2794M (34%)        5708M (70%)            -                  -          
[1305.851s][info][gc          ] GC(204) Garbage Collection (Allocation Rate) 6418M(78%)->1224M(15%)
[1310.268s][info][gc,stats    ] === Garbage Collection Statistics =======================================================================================================================
[1310.268s][info][gc,stats    ]                                                              Last 10s              Last 10m              Last 10h                Total
[1310.268s][info][gc,stats    ]                                                              Avg / Max             Avg / Max             Avg / Max             Avg / Max
[1310.268s][info][gc,stats    ]   Collector: Garbage Collection Cycle                    983.325 / 983.325     658.003 / 1022.022    973.920 / 7809.708    973.920 / 7809.708    ms
[1310.268s][info][gc,stats    ]  Contention: Mark Segment Reset Contention                     0 / 0                 0 / 5                 0 / 9                 0 / 9           ops/s
[1310.268s][info][gc,stats    ]  Contention: Mark SeqNum Reset Contention                      0 / 0                 0 / 1                 0 / 1                 0 / 1           ops/s
[1310.268s][info][gc,stats    ]    Critical: Allocation Stall                                  0 / 0                 0 / 0                 0 / 0                 0 / 0           ops/s
[1310.268s][info][gc,stats    ]    Critical: Allocation Stall                              0.000 / 0.000         0.000 / 0.000         0.000 / 0.000         0.000 / 0.000       ms
[1310.268s][info][gc,stats    ]    Critical: GC Locker Stall                                   0 / 0                 0 / 2                 0 / 2                 0 / 2           ops/s
[1310.268s][info][gc,stats    ]    Critical: GC Locker Stall                               0.000 / 0.000         0.054 / 0.268         0.049 / 0.268         0.049 / 0.268       ms
[1310.268s][info][gc,stats    ]    Critical: Relocation Stall                                  0 / 0                 0 / 0                 0 / 0                 0 / 0           ops/s
[1310.268s][info][gc,stats    ]    Critical: Relocation Stall                              0.000 / 0.000         0.000 / 0.000         0.000 / 0.000         0.000 / 0.000       ms
[1310.268s][info][gc,stats    ]      Memory: Allocation Rate                                 888 / 1482            822 / 1548            745 / 1548            745 / 1548        MB/s
[1310.268s][info][gc,stats    ]      Memory: Defragment                                        0 / 0                 0 / 0                 0 / 0                 0 / 0           ops/s
[1310.268s][info][gc,stats    ]      Memory: Out Of Memory                                     0 / 0                 0 / 0                 0 / 0                 0 / 0           ops/s
[1310.268s][info][gc,stats    ]      Memory: Page Cache Flush                                  0 / 0                 0 / 0                 0 / 0                 0 / 0           MB/s
[1310.268s][info][gc,stats    ]      Memory: Page Cache Hit L1                               451 / 741             418 / 811             376 / 811             376 / 811         ops/s
[1310.268s][info][gc,stats    ]      Memory: Page Cache Hit L2                                 0 / 0                 0 / 0                 0 / 0                 0 / 0           ops/s
[1310.268s][info][gc,stats    ]      Memory: Page Cache Hit L3                                 0 / 0                 0 / 15                3 / 397               3 / 397         ops/s
[1310.268s][info][gc,stats    ]      Memory: Page Cache Miss                                   0 / 0                 0 / 0                 0 / 1                 0 / 1           ops/s
[1310.268s][info][gc,stats    ]      Memory: Uncommit                                          0 / 0                 0 / 0                 0 / 0                 0 / 0           MB/s
[1310.268s][info][gc,stats    ]      Memory: Undo Object Allocation Failed                     0 / 0                 0 / 0                 0 / 0                 0 / 0           ops/s
[1310.268s][info][gc,stats    ]      Memory: Undo Object Allocation Succeeded                  8 / 83                0 / 83                1 / 400               1 / 400         ops/s
[1310.268s][info][gc,stats    ]      Memory: Undo Page Allocation                              0 / 0                 0 / 1                 0 / 1                 0 / 1           ops/s
[1310.268s][info][gc,stats    ]       Phase: Concurrent Mark                             726.368 / 726.368     555.815 / 850.850     758.064 / 5264.294    758.064 / 5264.294    ms
[1310.268s][info][gc,stats    ]       Phase: Concurrent Mark Continue                      0.000 / 0.000         0.000 / 0.000         0.000 / 0.000         0.000 / 0.000       ms
[1310.268s][info][gc,stats    ]       Phase: Concurrent Mark Free                          0.001 / 0.001         0.000 / 0.001         0.001 / 0.003         0.001 / 0.003       ms
[1310.268s][info][gc,stats    ]       Phase: Concurrent Process Non-Strong References     19.009 / 19.009       15.809 / 30.310       26.986 / 1493.667     26.986 / 1493.667    ms
[1310.268s][info][gc,stats    ]       Phase: Concurrent Relocate                          93.981 / 93.981       71.638 / 150.321      59.182 / 150.389      59.182 / 150.389     ms
[1310.268s][info][gc,stats    ]       Phase: Concurrent Reset Relocation Set               0.191 / 0.191         0.184 / 0.488         0.151 / 0.488         0.151 / 0.488       ms
[1310.268s][info][gc,stats    ]       Phase: Concurrent Select Relocation Set            143.024 / 143.024      13.888 / 143.024     123.973 / 2796.200    123.973 / 2796.200    ms
[1310.268s][info][gc,stats    ]       Phase: Pause Mark End                                0.009 / 0.009         0.011 / 0.052         0.047 / 4.475         0.047 / 4.475       ms
[1310.268s][info][gc,stats    ]       Phase: Pause Mark Start                              0.007 / 0.007         0.005 / 0.015         0.043 / 7.250         0.043 / 7.250       ms
[1310.268s][info][gc,stats    ]       Phase: Pause Relocate Start                          0.020 / 0.020         0.008 / 0.024         0.021 / 1.046         0.021 / 1.046       ms
[1310.268s][info][gc,stats    ]    Subphase: Concurrent Classes Purge                      0.716 / 0.716         0.255 / 1.253         0.508 / 5.775         0.508 / 5.775       ms
[1310.268s][info][gc,stats    ]    Subphase: Concurrent Classes Unlink                    14.306 / 14.306       12.093 / 20.934       20.453 / 1489.339     20.453 / 1489.339    ms
[1310.268s][info][gc,stats    ]    Subphase: Concurrent Mark                             724.021 / 724.021     507.120 / 848.625     719.625 / 5176.991    719.625 / 5176.991    ms
[1310.268s][info][gc,stats    ]    Subphase: Concurrent Mark Try Flush                     0.022 / 0.036         0.061 / 0.365         2.315 / 786.951       2.315 / 786.951     ms
[1310.268s][info][gc,stats    ]    Subphase: Concurrent Mark Try Terminate                 0.007 / 0.013         0.237 / 1.654         0.965 / 12.169        0.965 / 12.169      ms
[1310.268s][info][gc,stats    ]    Subphase: Concurrent References Enqueue                 0.002 / 0.002         0.002 / 0.004         0.002 / 0.006         0.002 / 0.006       ms
[1310.268s][info][gc,stats    ]    Subphase: Concurrent References Process                 1.297 / 1.297         0.860 / 3.889         0.649 / 3.889         0.649 / 3.889       ms
[1310.268s][info][gc,stats    ]    Subphase: Concurrent Roots ClassLoaderDataGraph         0.505 / 0.505         0.308 / 0.953         0.536 / 40.174        0.536 / 40.174      ms
[1310.268s][info][gc,stats    ]    Subphase: Concurrent Roots CodeCache                    0.000 / 0.000         0.000 / 0.000         0.000 / 0.000         0.000 / 0.000       ms
[1310.268s][info][gc,stats    ]    Subphase: Concurrent Roots JavaThreads                  1.673 / 1.673         1.272 / 2.108         5.266 / 441.054       5.266 / 441.054     ms
[1310.268s][info][gc,stats    ]    Subphase: Concurrent Roots OopStorageSet                0.112 / 0.112         0.092 / 0.624         0.915 / 136.487       0.915 / 136.487     ms
[1310.268s][info][gc,stats    ]    Subphase: Concurrent Weak Roots OopStorageSet           2.259 / 2.259         2.073 / 5.756         1.867 / 11.047        1.867 / 11.047      ms
[1310.268s][info][gc,stats    ]    Subphase: Pause Mark Try Complete                       0.000 / 0.000         0.001 / 0.001         0.001 / 0.003         0.001 / 0.003       ms
[1310.268s][info][gc,stats    ]      System: Java Threads                                     83 / 83               83 / 84               78 / 84               78 / 84          threads
[1310.268s][info][gc,stats    ] =========================================================================================================================================================
[1313.068s][info][gc,start    ] GC(205) Garbage Collection (Allocation Rate)
[1313.068s][info][gc,task     ] GC(205) Using 1 workers
[1313.068s][info][gc,phases   ] GC(205) Pause Mark Start 0.004ms
[1313.692s][info][gc,phases   ] GC(205) Concurrent Mark 624.048ms
[1313.692s][info][gc,phases   ] GC(205) Pause Mark End 0.008ms
[1313.692s][info][gc,phases   ] GC(205) Concurrent Mark Free 0.000ms
[1313.709s][info][gc,phases   ] GC(205) Concurrent Process Non-Strong References 16.832ms
[1313.709s][info][gc,phases   ] GC(205) Concurrent Reset Relocation Set 0.168ms
[1313.716s][info][gc,phases   ] GC(205) Concurrent Select Relocation Set 6.558ms
[1313.716s][info][gc,phases   ] GC(205) Pause Relocate Start 0.006ms
[1313.804s][info][gc,phases   ] GC(205) Concurrent Relocate 88.044ms
[1313.804s][info][gc,load     ] GC(205) Load: 0.00/0.00/0.00
[1313.804s][info][gc,mmu      ] GC(205) MMU: 2ms/0.0%, 5ms/0.0%, 10ms/27.5%, 20ms/63.8%, 50ms/85.5%, 100ms/92.8%
[1313.804s][info][gc,marking  ] GC(205) Mark: 1 stripe(s), 2 proactive flush(es), 1 terminate flush(es), 0 completion(s), 0 continuation(s) 
[1313.804s][info][gc,marking  ] GC(205) Mark Stack Usage: 32M
[1313.804s][info][gc,nmethod  ] GC(205) NMethods: 10781 registered, 561 unregistered
[1313.804s][info][gc,metaspace] GC(205) Metaspace: 132M used, 133M committed, 1152M reserved
[1313.804s][info][gc,ref      ] GC(205) Soft: 6090 encountered, 0 discovered, 0 enqueued
[1313.804s][info][gc,ref      ] GC(205) Weak: 23423 encountered, 12734 discovered, 36 enqueued
[1313.804s][info][gc,ref      ] GC(205) Final: 34 encountered, 0 discovered, 0 enqueued
[1313.804s][info][gc,ref      ] GC(205) Phantom: 1108 encountered, 748 discovered, 28 enqueued
[1313.804s][info][gc,reloc    ] GC(205) Small Pages: 3305 / 6610M, Empty: 1484M, Relocated: 127M, In-Place: 0
[1313.804s][info][gc,reloc    ] GC(205) Medium Pages: 2 / 64M, Empty: 0M, Relocated: 0M, In-Place: 0
[1313.804s][info][gc,reloc    ] GC(205) Large Pages: 0 / 0M, Empty: 0M, Relocated: 0M, In-Place: 0
[1313.804s][info][gc,reloc    ] GC(205) Forwarding Usage: 40M
[1313.804s][info][gc,heap     ] GC(205) Min Capacity: 8192M(100%)
[1313.804s][info][gc,heap     ] GC(205) Max Capacity: 8192M(100%)
[1313.804s][info][gc,heap     ] GC(205) Soft Max Capacity: 8192M(100%)
[1313.804s][info][gc,heap     ] GC(205)                Mark Start          Mark End        Relocate Start      Relocate End           High               Low         
[1313.805s][info][gc,heap     ] GC(205)  Capacity:     8192M (100%)       8192M (100%)       8192M (100%)       8192M (100%)       8192M (100%)       8192M (100%)   
[1313.805s][info][gc,heap     ] GC(205)      Free:     1518M (19%)         908M (11%)        2372M (29%)        6808M (83%)        6808M (83%)         894M (11%)    
[1313.805s][info][gc,heap     ] GC(205)      Used:     6674M (81%)        7284M (89%)        5820M (71%)        1384M (17%)        7298M (89%)        1384M (17%)    
[1313.805s][info][gc,heap     ] GC(205)      Live:         -               614M (7%)          614M (7%)          614M (7%)             -                  -          
[1313.805s][info][gc,heap     ] GC(205) Allocated:         -               610M (7%)          630M (8%)          696M (8%)             -                  -          
[1313.805s][info][gc,heap     ] GC(205)   Garbage:         -              6059M (74%)        4575M (56%)          73M (1%)             -                  -          
[1313.805s][info][gc,heap     ] GC(205) Reclaimed:         -                  -              1484M (18%)        5986M (73%)            -                  -          
[1313.805s][info][gc          ] GC(205) Garbage Collection (Allocation Rate) 6674M(81%)->1384M(17%)
[1320.268s][info][gc,stats    ] === Garbage Collection Statistics =======================================================================================================================
[1320.268s][info][gc,stats    ]                                                              Last 10s              Last 10m              Last 10h                Total
[1320.268s][info][gc,stats    ]                                                              Avg / Max             Avg / Max             Avg / Max             Avg / Max
[1320.268s][info][gc,stats    ]   Collector: Garbage Collection Cycle                    736.401 / 736.401     660.599 / 1022.022    972.767 / 7809.708    972.767 / 7809.708    ms
[1320.268s][info][gc,stats    ]  Contention: Mark Segment Reset Contention                     0 / 0                 0 / 5                 0 / 9                 0 / 9           ops/s
[1320.268s][info][gc,stats    ]  Contention: Mark SeqNum Reset Contention                      0 / 0                 0 / 1                 0 / 1                 0 / 1           ops/s
[1320.268s][info][gc,stats    ]    Critical: Allocation Stall                                  0 / 0                 0 / 0                 0 / 0                 0 / 0           ops/s
[1320.268s][info][gc,stats    ]    Critical: Allocation Stall                              0.000 / 0.000         0.000 / 0.000         0.000 / 0.000         0.000 / 0.000       ms
[1320.268s][info][gc,stats    ]    Critical: GC Locker Stall                                   0 / 1                 0 / 2                 0 / 2                 0 / 2           ops/s
[1320.268s][info][gc,stats    ]    Critical: GC Locker Stall                               0.185 / 0.185         0.064 / 0.268         0.052 / 0.268         0.052 / 0.268       ms
[1320.268s][info][gc,stats    ]    Critical: Relocation Stall                                  0 / 0                 0 / 0                 0 / 0                 0 / 0           ops/s
[1320.268s][info][gc,stats    ]    Critical: Relocation Stall                              0.000 / 0.000         0.000 / 0.000         0.000 / 0.000         0.000 / 0.000       ms
[1320.268s][info][gc,stats    ]      Memory: Allocation Rate                                 675 / 1126            821 / 1548            745 / 1548            745 / 1548        MB/s
[1320.268s][info][gc,stats    ]      Memory: Defragment                                        0 / 0                 0 / 0                 0 / 0                 0 / 0           ops/s
[1320.268s][info][gc,stats    ]      Memory: Out Of Memory                                     0 / 0                 0 / 0                 0 / 0                 0 / 0           ops/s
[1320.268s][info][gc,stats    ]      Memory: Page Cache Flush                                  0 / 0                 0 / 0                 0 / 0                 0 / 0           MB/s
[1320.268s][info][gc,stats    ]      Memory: Page Cache Hit L1                               343 / 563             417 / 811             376 / 811             376 / 811         ops/s
[1320.268s][info][gc,stats    ]      Memory: Page Cache Hit L2                                 0 / 0                 0 / 0                 0 / 0                 0 / 0           ops/s
[1320.268s][info][gc,stats    ]      Memory: Page Cache Hit L3                                 0 / 0                 0 / 15                3 / 397               3 / 397         ops/s
[1320.268s][info][gc,stats    ]      Memory: Page Cache Miss                                   0 / 0                 0 / 0                 0 / 1                 0 / 1           ops/s
[1320.268s][info][gc,stats    ]      Memory: Uncommit                                          0 / 0                 0 / 0                 0 / 0                 0 / 0           MB/s
[1320.268s][info][gc,stats    ]      Memory: Undo Object Allocation Failed                     0 / 0                 0 / 0                 0 / 0                 0 / 0           ops/s
[1320.268s][info][gc,stats    ]      Memory: Undo Object Allocation Succeeded                  0 / 0                 0 / 83                1 / 400               1 / 400         ops/s
[1320.268s][info][gc,stats    ]      Memory: Undo Page Allocation                              0 / 0                 0 / 1                 0 / 1                 0 / 1           ops/s
[1320.268s][info][gc,stats    ]       Phase: Concurrent Mark                             624.048 / 624.048     558.296 / 850.850     757.413 / 5264.294    757.413 / 5264.294    ms
[1320.268s][info][gc,stats    ]       Phase: Concurrent Mark Continue                      0.000 / 0.000         0.000 / 0.000         0.000 / 0.000         0.000 / 0.000       ms
[1320.268s][info][gc,stats    ]       Phase: Concurrent Mark Free                          0.000 / 0.000         0.000 / 0.001         0.001 / 0.003         0.001 / 0.003       ms
[1320.268s][info][gc,stats    ]       Phase: Concurrent Process Non-Strong References     16.832 / 16.832       15.863 / 30.310       26.937 / 1493.667     26.937 / 1493.667    ms
[1320.268s][info][gc,stats    ]       Phase: Concurrent Relocate                          88.044 / 88.044       71.871 / 150.321      59.322 / 150.389      59.322 / 150.389     ms
[1320.268s][info][gc,stats    ]       Phase: Concurrent Reset Relocation Set               0.168 / 0.168         0.182 / 0.488         0.151 / 0.488         0.151 / 0.488       ms
[1320.268s][info][gc,stats    ]       Phase: Concurrent Select Relocation Set              6.558 / 6.558        13.716 / 143.024     123.403 / 2796.200    123.403 / 2796.200    ms
[1320.268s][info][gc,stats    ]       Phase: Pause Mark End                                0.008 / 0.008         0.011 / 0.052         0.047 / 4.475         0.047 / 4.475       ms
[1320.268s][info][gc,stats    ]       Phase: Pause Mark Start                              0.004 / 0.004         0.005 / 0.015         0.043 / 7.250         0.043 / 7.250       ms
[1320.268s][info][gc,stats    ]       Phase: Pause Relocate Start                          0.006 / 0.006         0.008 / 0.024         0.021 / 1.046         0.021 / 1.046       ms
[1320.268s][info][gc,stats    ]    Subphase: Concurrent Classes Purge                      0.325 / 0.325         0.258 / 1.253         0.507 / 5.775         0.507 / 5.775       ms
[1320.268s][info][gc,stats    ]    Subphase: Concurrent Classes Unlink                    12.539 / 12.539       12.127 / 20.934       20.414 / 1489.339     20.414 / 1489.339    ms
[1320.268s][info][gc,stats    ]    Subphase: Concurrent Mark                             621.956 / 621.956     510.307 / 848.625     719.318 / 5176.991    719.318 / 5176.991    ms
[1320.268s][info][gc,stats    ]    Subphase: Concurrent Mark Try Flush                     0.093 / 0.100         0.062 / 0.365         2.304 / 786.951       2.304 / 786.951     ms
[1320.268s][info][gc,stats    ]    Subphase: Concurrent Mark Try Terminate                 0.042 / 0.084         0.234 / 1.654         0.964 / 12.169        0.964 / 12.169      ms
[1320.268s][info][gc,stats    ]    Subphase: Concurrent References Enqueue                 0.002 / 0.002         0.002 / 0.004         0.002 / 0.006         0.002 / 0.006       ms
[1320.268s][info][gc,stats    ]    Subphase: Concurrent References Process                 1.450 / 1.450         0.876 / 3.889         0.653 / 3.889         0.653 / 3.889       ms
[1320.268s][info][gc,stats    ]    Subphase: Concurrent Roots ClassLoaderDataGraph         0.300 / 0.300         0.309 / 0.953         0.535 / 40.174        0.535 / 40.174      ms
[1320.268s][info][gc,stats    ]    Subphase: Concurrent Roots CodeCache                    0.000 / 0.000         0.000 / 0.000         0.000 / 0.000         0.000 / 0.000       ms
[1320.268s][info][gc,stats    ]    Subphase: Concurrent Roots JavaThreads                  1.617 / 1.617         1.273 / 2.108         5.254 / 441.054       5.254 / 441.054     ms
[1320.268s][info][gc,stats    ]    Subphase: Concurrent Roots OopStorageSet                0.088 / 0.088         0.093 / 0.624         0.912 / 136.487       0.912 / 136.487     ms
[1320.268s][info][gc,stats    ]    Subphase: Concurrent Weak Roots OopStorageSet           2.298 / 2.298         2.077 / 5.756         1.868 / 11.047        1.868 / 11.047      ms
[1320.268s][info][gc,stats    ]    Subphase: Pause Mark Try Complete                       0.000 / 0.000         0.001 / 0.001         0.001 / 0.003         0.001 / 0.003       ms
[1320.268s][info][gc,stats    ]      System: Java Threads                                     83 / 83               83 / 84               78 / 84               78 / 84          threads
[1320.268s][info][gc,stats    ] =========================================================================================================================================================
[1322.367s][info][gc,start    ] GC(206) Garbage Collection (Allocation Rate)
[1322.367s][info][gc,task     ] GC(206) Using 2 workers
[1322.368s][info][gc,phases   ] GC(206) Pause Mark Start 0.006ms
[1322.784s][info][gc,phases   ] GC(206) Concurrent Mark 416.560ms
[1322.784s][info][gc,phases   ] GC(206) Pause Mark End 0.009ms
[1322.784s][info][gc,phases   ] GC(206) Concurrent Mark Free 0.001ms
[1322.797s][info][gc,phases   ] GC(206) Concurrent Process Non-Strong References 12.512ms
[1322.797s][info][gc,phases   ] GC(206) Concurrent Reset Relocation Set 0.228ms
[1322.832s][info][gc,phases   ] GC(206) Concurrent Select Relocation Set 34.706ms
[1322.832s][info][gc,phases   ] GC(206) Pause Relocate Start 0.007ms
[1322.900s][info][gc,phases   ] GC(206) Concurrent Relocate 67.990ms
[1322.900s][info][gc,load     ] GC(206) Load: 0.00/0.00/0.00
[1322.900s][info][gc,mmu      ] GC(206) MMU: 2ms/0.0%, 5ms/0.0%, 10ms/27.5%, 20ms/63.8%, 50ms/85.5%, 100ms/92.8%
[1322.900s][info][gc,marking  ] GC(206) Mark: 2 stripe(s), 2 proactive flush(es), 1 terminate flush(es), 0 completion(s), 0 continuation(s) 
[1322.900s][info][gc,marking  ] GC(206) Mark Stack Usage: 32M
[1322.900s][info][gc,nmethod  ] GC(206) NMethods: 10794 registered, 564 unregistered
[1322.900s][info][gc,metaspace] GC(206) Metaspace: 132M used, 133M committed, 1152M reserved
[1322.900s][info][gc,ref      ] GC(206) Soft: 6090 encountered, 0 discovered, 0 enqueued
[1322.900s][info][gc,ref      ] GC(206) Weak: 23388 encountered, 13081 discovered, 1 enqueued
[1322.900s][info][gc,ref      ] GC(206) Final: 34 encountered, 0 discovered, 0 enqueued
[1322.900s][info][gc,ref      ] GC(206) Phantom: 1080 encountered, 895 discovered, 0 enqueued
[1322.900s][info][gc,reloc    ] GC(206) Small Pages: 3425 / 6850M, Empty: 1796M, Relocated: 134M, In-Place: 0
[1322.900s][info][gc,reloc    ] GC(206) Medium Pages: 2 / 64M, Empty: 0M, Relocated: 0M, In-Place: 0
[1322.900s][info][gc,reloc    ] GC(206) Large Pages: 0 / 0M, Empty: 0M, Relocated: 0M, In-Place: 0
[1322.900s][info][gc,reloc    ] GC(206) Forwarding Usage: 42M
[1322.900s][info][gc,heap     ] GC(206) Min Capacity: 8192M(100%)
[1322.900s][info][gc,heap     ] GC(206) Max Capacity: 8192M(100%)
[1322.900s][info][gc,heap     ] GC(206) Soft Max Capacity: 8192M(100%)
[1322.900s][info][gc,heap     ] GC(206)                Mark Start          Mark End        Relocate Start      Relocate End           High               Low         
[1322.900s][info][gc,heap     ] GC(206)  Capacity:     8192M (100%)       8192M (100%)       8192M (100%)       8192M (100%)       8192M (100%)       8192M (100%)   
[1322.900s][info][gc,heap     ] GC(206)      Free:     1278M (16%)         566M (7%)         2254M (28%)        6478M (79%)        6480M (79%)         530M (6%)     
[1322.900s][info][gc,heap     ] GC(206)      Used:     6914M (84%)        7626M (93%)        5938M (72%)        1714M (21%)        7662M (94%)        1712M (21%)    
[1322.900s][info][gc,heap     ] GC(206)      Live:         -               702M (9%)          702M (9%)          702M (9%)             -                  -          
[1322.900s][info][gc,heap     ] GC(206) Allocated:         -               712M (9%)          820M (10%)         918M (11%)            -                  -          
[1322.900s][info][gc,heap     ] GC(206)   Garbage:         -              6211M (76%)        4415M (54%)          92M (1%)             -                  -          
[1322.900s][info][gc,heap     ] GC(206) Reclaimed:         -                  -              1796M (22%)        6118M (75%)            -                  -          
[1322.900s][info][gc          ] GC(206) Garbage Collection (Allocation Rate) 6914M(84%)->1714M(21%)
[1328.568s][info][gc,start    ] GC(207) Garbage Collection (Allocation Rate)
[1328.569s][info][gc,task     ] GC(207) Using 1 workers
[1328.569s][info][gc,phases   ] GC(207) Pause Mark Start 0.004ms
[1329.181s][info][gc,phases   ] GC(207) Concurrent Mark 612.460ms
[1329.181s][info][gc,phases   ] GC(207) Pause Mark End 0.009ms
[1329.181s][info][gc,phases   ] GC(207) Concurrent Mark Free 0.000ms
[1329.198s][info][gc,phases   ] GC(207) Concurrent Process Non-Strong References 17.137ms
[1329.199s][info][gc,phases   ] GC(207) Concurrent Reset Relocation Set 0.183ms
[1329.204s][info][gc,phases   ] GC(207) Concurrent Select Relocation Set 5.174ms
[1329.204s][info][gc,phases   ] GC(207) Pause Relocate Start 0.006ms
[1329.285s][info][gc,phases   ] GC(207) Concurrent Relocate 81.032ms
[1329.285s][info][gc,load     ] GC(207) Load: 0.00/0.00/0.00
[1329.285s][info][gc,mmu      ] GC(207) MMU: 2ms/0.0%, 5ms/0.0%, 10ms/27.5%, 20ms/63.8%, 50ms/85.5%, 100ms/92.8%
[1329.285s][info][gc,marking  ] GC(207) Mark: 1 stripe(s), 2 proactive flush(es), 1 terminate flush(es), 0 completion(s), 0 continuation(s) 
[1329.285s][info][gc,marking  ] GC(207) Mark Stack Usage: 32M
[1329.285s][info][gc,nmethod  ] GC(207) NMethods: 10796 registered, 569 unregistered
[1329.285s][info][gc,metaspace] GC(207) Metaspace: 132M used, 133M committed, 1152M reserved
[1329.285s][info][gc,ref      ] GC(207) Soft: 6090 encountered, 0 discovered, 0 enqueued
[1329.285s][info][gc,ref      ] GC(207) Weak: 23392 encountered, 12520 discovered, 3 enqueued
[1329.285s][info][gc,ref      ] GC(207) Final: 34 encountered, 0 discovered, 0 enqueued
[1329.285s][info][gc,ref      ] GC(207) Phantom: 1083 encountered, 722 discovered, 0 enqueued
[1329.285s][info][gc,reloc    ] GC(207) Small Pages: 3454 / 6908M, Empty: 2382M, Relocated: 125M, In-Place: 0
[1329.285s][info][gc,reloc    ] GC(207) Medium Pages: 2 / 64M, Empty: 0M, Relocated: 0M, In-Place: 0
[1329.285s][info][gc,reloc    ] GC(207) Large Pages: 0 / 0M, Empty: 0M, Relocated: 0M, In-Place: 0
[1329.285s][info][gc,reloc    ] GC(207) Forwarding Usage: 37M
[1329.285s][info][gc,heap     ] GC(207) Min Capacity: 8192M(100%)
[1329.285s][info][gc,heap     ] GC(207) Max Capacity: 8192M(100%)
[1329.285s][info][gc,heap     ] GC(207) Soft Max Capacity: 8192M(100%)
[1329.285s][info][gc,heap     ] GC(207)                Mark Start          Mark End        Relocate Start      Relocate End           High               Low         
[1329.285s][info][gc,heap     ] GC(207)  Capacity:     8192M (100%)       8192M (100%)       8192M (100%)       8192M (100%)       8192M (100%)       8192M (100%)   
[1329.285s][info][gc,heap     ] GC(207)      Free:     1220M (15%)         794M (10%)        3168M (39%)        6982M (85%)        6982M (85%)         786M (10%)    
[1329.285s][info][gc,heap     ] GC(207)      Used:     6972M (85%)        7398M (90%)        5024M (61%)        1210M (15%)        7406M (90%)        1210M (15%)    
[1329.285s][info][gc,heap     ] GC(207)      Live:         -               619M (8%)          619M (8%)          619M (8%)             -                  -          
[1329.285s][info][gc,heap     ] GC(207) Allocated:         -               426M (5%)          434M (5%)          512M (6%)             -                  -          
[1329.285s][info][gc,heap     ] GC(207)   Garbage:         -              6352M (78%)        3970M (48%)          78M (1%)             -                  -          
[1329.285s][info][gc,heap     ] GC(207) Reclaimed:         -                  -              2382M (29%)        6274M (77%)            -                  -          
[1329.285s][info][gc          ] GC(207) Garbage Collection (Allocation Rate) 6972M(85%)->1210M(15%)
[1330.268s][info][gc,stats    ] === Garbage Collection Statistics =======================================================================================================================
[1330.268s][info][gc,stats    ]                                                              Last 10s              Last 10m              Last 10h                Total
[1330.268s][info][gc,stats    ]                                                              Avg / Max             Avg / Max             Avg / Max             Avg / Max
[1330.268s][info][gc,stats    ]   Collector: Garbage Collection Cycle                    624.595 / 716.518     659.673 / 1022.022    969.419 / 7809.708    969.419 / 7809.708    ms
[1330.268s][info][gc,stats    ]  Contention: Mark Segment Reset Contention                     0 / 0                 0 / 5                 0 / 9                 0 / 9           ops/s
[1330.268s][info][gc,stats    ]  Contention: Mark SeqNum Reset Contention                      0 / 0                 0 / 1                 0 / 1                 0 / 1           ops/s
[1330.268s][info][gc,stats    ]    Critical: Allocation Stall                                  0 / 0                 0 / 0                 0 / 0                 0 / 0           ops/s
[1330.268s][info][gc,stats    ]    Critical: Allocation Stall                              0.000 / 0.000         0.000 / 0.000         0.000 / 0.000         0.000 / 0.000       ms
[1330.268s][info][gc,stats    ]    Critical: GC Locker Stall                                   0 / 0                 0 / 2                 0 / 2                 0 / 2           ops/s
[1330.268s][info][gc,stats    ]    Critical: GC Locker Stall                               0.000 / 0.000         0.065 / 0.268         0.052 / 0.268         0.052 / 0.268       ms
[1330.268s][info][gc,stats    ]    Critical: Relocation Stall                                  0 / 0                 0 / 0                 0 / 0                 0 / 0           ops/s
[1330.268s][info][gc,stats    ]    Critical: Relocation Stall                              0.000 / 0.000         0.000 / 0.000         0.000 / 0.000         0.000 / 0.000       ms
[1330.268s][info][gc,stats    ]      Memory: Allocation Rate                                 908 / 1750            824 / 1750            746 / 1750            746 / 1750        MB/s
[1330.268s][info][gc,stats    ]      Memory: Defragment                                        0 / 0                 0 / 0                 0 / 0                 0 / 0           ops/s
[1330.268s][info][gc,stats    ]      Memory: Out Of Memory                                     0 / 0                 0 / 0                 0 / 0                 0 / 0           ops/s
[1330.268s][info][gc,stats    ]      Memory: Page Cache Flush                                  0 / 0                 0 / 0                 0 / 0                 0 / 0           MB/s
[1330.268s][info][gc,stats    ]      Memory: Page Cache Hit L1                               467 / 943             419 / 943             377 / 943             377 / 943         ops/s
[1330.268s][info][gc,stats    ]      Memory: Page Cache Hit L2                                 0 / 0                 0 / 0                 0 / 0                 0 / 0           ops/s
[1330.268s][info][gc,stats    ]      Memory: Page Cache Hit L3                                 0 / 0                 0 / 15                2 / 397               2 / 397         ops/s
[1330.268s][info][gc,stats    ]      Memory: Page Cache Miss                                   0 / 0                 0 / 0                 0 / 1                 0 / 1           ops/s
[1330.268s][info][gc,stats    ]      Memory: Uncommit                                          0 / 0                 0 / 0                 0 / 0                 0 / 0           MB/s
[1330.268s][info][gc,stats    ]      Memory: Undo Object Allocation Failed                     0 / 0                 0 / 0                 0 / 0                 0 / 0           ops/s
[1330.268s][info][gc,stats    ]      Memory: Undo Object Allocation Succeeded                  0 / 1                 0 / 83                1 / 400               1 / 400         ops/s
[1330.268s][info][gc,stats    ]      Memory: Undo Page Allocation                              0 / 0                 0 / 1                 0 / 1                 0 / 1           ops/s
[1330.268s][info][gc,stats    ]       Phase: Concurrent Mark                             514.510 / 612.460     556.913 / 850.850     755.078 / 5264.294    755.078 / 5264.294    ms
[1330.268s][info][gc,stats    ]       Phase: Concurrent Mark Continue                      0.000 / 0.000         0.000 / 0.000         0.000 / 0.000         0.000 / 0.000       ms
[1330.268s][info][gc,stats    ]       Phase: Concurrent Mark Free                          0.000 / 0.001         0.000 / 0.001         0.001 / 0.003         0.001 / 0.003       ms
[1330.268s][info][gc,stats    ]       Phase: Concurrent Process Non-Strong References     14.824 / 17.137       15.825 / 30.310       26.820 / 1493.667     26.820 / 1493.667    ms
[1330.268s][info][gc,stats    ]       Phase: Concurrent Relocate                          74.511 / 81.032       72.099 / 150.321      59.468 / 150.389      59.468 / 150.389     ms
[1330.268s][info][gc,stats    ]       Phase: Concurrent Reset Relocation Set               0.206 / 0.228         0.183 / 0.488         0.151 / 0.488         0.151 / 0.488       ms
[1330.268s][info][gc,stats    ]       Phase: Concurrent Select Relocation Set             19.940 / 34.706       13.982 / 143.024     122.408 / 2796.200    122.408 / 2796.200    ms
[1330.268s][info][gc,stats    ]       Phase: Pause Mark End                                0.009 / 0.009         0.011 / 0.052         0.047 / 4.475         0.047 / 4.475       ms
[1330.268s][info][gc,stats    ]       Phase: Pause Mark Start                              0.005 / 0.006         0.005 / 0.015         0.042 / 7.250         0.042 / 7.250       ms
[1330.268s][info][gc,stats    ]       Phase: Pause Relocate Start                          0.006 / 0.007         0.008 / 0.024         0.021 / 1.046         0.021 / 1.046       ms
[1330.268s][info][gc,stats    ]    Subphase: Concurrent Classes Purge                      0.044 / 0.046         0.247 / 1.253         0.503 / 5.775         0.503 / 5.775       ms
[1330.268s][info][gc,stats    ]    Subphase: Concurrent Classes Unlink                    10.993 / 12.557       12.090 / 20.934       20.324 / 1489.339     20.324 / 1489.339    ms
[1330.268s][info][gc,stats    ]    Subphase: Concurrent Mark                             479.919 / 610.580     508.766 / 848.625     717.081 / 5176.991    717.081 / 5176.991    ms
[1330.268s][info][gc,stats    ]    Subphase: Concurrent Mark Try Flush                     0.067 / 0.084         0.062 / 0.365         2.283 / 786.951       2.283 / 786.951     ms
[1330.268s][info][gc,stats    ]    Subphase: Concurrent Mark Try Terminate                 0.287 / 1.295         0.238 / 1.654         0.962 / 12.169        0.962 / 12.169      ms
[1330.268s][info][gc,stats    ]    Subphase: Concurrent References Enqueue                 0.003 / 0.003         0.002 / 0.004         0.002 / 0.006         0.002 / 0.006       ms
[1330.268s][info][gc,stats    ]    Subphase: Concurrent References Process                 1.418 / 1.821         0.897 / 3.889         0.660 / 3.889         0.660 / 3.889       ms
[1330.268s][info][gc,stats    ]    Subphase: Concurrent Roots ClassLoaderDataGraph         0.255 / 0.366         0.308 / 0.953         0.533 / 40.174        0.533 / 40.174      ms
[1330.268s][info][gc,stats    ]    Subphase: Concurrent Roots CodeCache                    0.000 / 0.000         0.000 / 0.000         0.000 / 0.000         0.000 / 0.000       ms
[1330.268s][info][gc,stats    ]    Subphase: Concurrent Roots JavaThreads                  1.115 / 1.430         1.267 / 2.108         5.216 / 441.054       5.216 / 441.054     ms
[1330.268s][info][gc,stats    ]    Subphase: Concurrent Roots OopStorageSet                0.068 / 0.077         0.092 / 0.624         0.904 / 136.487       0.904 / 136.487     ms
[1330.268s][info][gc,stats    ]    Subphase: Concurrent Weak Roots OopStorageSet           1.865 / 2.444         2.064 / 5.756         1.868 / 11.047        1.868 / 11.047      ms
[1330.268s][info][gc,stats    ]    Subphase: Pause Mark Try Complete                       0.000 / 0.000         0.001 / 0.001         0.001 / 0.003         0.001 / 0.003       ms
[1330.268s][info][gc,stats    ]      System: Java Threads                                     83 / 83               83 / 84               78 / 84               78 / 84          threads
[1330.268s][info][gc,stats    ] =========================================================================================================================================================
[1338.867s][info][gc,start    ] GC(208) Garbage Collection (Allocation Rate)
[1338.867s][info][gc,task     ] GC(208) Using 1 workers
[1338.867s][info][gc,phases   ] GC(208) Pause Mark Start 0.005ms
[1339.495s][info][gc,phases   ] GC(208) Concurrent Mark 627.290ms
[1339.495s][info][gc,phases   ] GC(208) Pause Mark End 0.009ms
[1339.495s][info][gc,phases   ] GC(208) Concurrent Mark Free 0.000ms
[1339.512s][info][gc,phases   ] GC(208) Concurrent Process Non-Strong References 16.754ms
[1339.512s][info][gc,phases   ] GC(208) Concurrent Reset Relocation Set 0.194ms
[1339.519s][info][gc,phases   ] GC(208) Concurrent Select Relocation Set 7.445ms
[1339.519s][info][gc,phases   ] GC(208) Pause Relocate Start 0.006ms
[1339.603s][info][gc,phases   ] GC(208) Concurrent Relocate 83.483ms
[1339.603s][info][gc,load     ] GC(208) Load: 0.00/0.00/0.00
[1339.603s][info][gc,mmu      ] GC(208) MMU: 2ms/0.0%, 5ms/0.0%, 10ms/27.5%, 20ms/63.8%, 50ms/85.5%, 100ms/92.8%
[1339.603s][info][gc,marking  ] GC(208) Mark: 1 stripe(s), 2 proactive flush(es), 1 terminate flush(es), 0 completion(s), 0 continuation(s) 
[1339.603s][info][gc,marking  ] GC(208) Mark Stack Usage: 32M
[1339.603s][info][gc,nmethod  ] GC(208) NMethods: 10799 registered, 574 unregistered
[1339.603s][info][gc,metaspace] GC(208) Metaspace: 132M used, 133M committed, 1152M reserved
[1339.603s][info][gc,ref      ] GC(208) Soft: 6090 encountered, 0 discovered, 0 enqueued
[1339.603s][info][gc,ref      ] GC(208) Weak: 23391 encountered, 12500 discovered, 1 enqueued
[1339.603s][info][gc,ref      ] GC(208) Final: 34 encountered, 0 discovered, 0 enqueued
[1339.603s][info][gc,ref      ] GC(208) Phantom: 1086 encountered, 846 discovered, 0 enqueued
[1339.603s][info][gc,reloc    ] GC(208) Small Pages: 3523 / 7046M, Empty: 1430M, Relocated: 120M, In-Place: 0
[1339.603s][info][gc,reloc    ] GC(208) Medium Pages: 2 / 64M, Empty: 0M, Relocated: 0M, In-Place: 0
[1339.603s][info][gc,reloc    ] GC(208) Large Pages: 0 / 0M, Empty: 0M, Relocated: 0M, In-Place: 0
[1339.603s][info][gc,reloc    ] GC(208) Forwarding Usage: 36M
[1339.603s][info][gc,heap     ] GC(208) Min Capacity: 8192M(100%)
[1339.603s][info][gc,heap     ] GC(208) Max Capacity: 8192M(100%)
[1339.603s][info][gc,heap     ] GC(208) Soft Max Capacity: 8192M(100%)
[1339.603s][info][gc,heap     ] GC(208)                Mark Start          Mark End        Relocate Start      Relocate End           High               Low         
[1339.603s][info][gc,heap     ] GC(208)  Capacity:     8192M (100%)       8192M (100%)       8192M (100%)       8192M (100%)       8192M (100%)       8192M (100%)   
[1339.603s][info][gc,heap     ] GC(208)      Free:     1082M (13%)         612M (7%)         2032M (25%)        6934M (85%)        6934M (85%)         604M (7%)     
[1339.603s][info][gc,heap     ] GC(208)      Used:     7110M (87%)        7580M (93%)        6160M (75%)        1258M (15%)        7588M (93%)        1258M (15%)    
[1339.603s][info][gc,heap     ] GC(208)      Live:         -               610M (7%)          610M (7%)          610M (7%)             -                  -          
[1339.603s][info][gc,heap     ] GC(208) Allocated:         -               470M (6%)          480M (6%)          571M (7%)             -                  -          
[1339.603s][info][gc,heap     ] GC(208)   Garbage:         -              6499M (79%)        5069M (62%)          75M (1%)             -                  -          
[1339.603s][info][gc,heap     ] GC(208) Reclaimed:         -                  -              1430M (17%)        6423M (78%)            -                  -          
[1339.603s][info][gc          ] GC(208) Garbage Collection (Allocation Rate) 7110M(87%)->1258M(15%)
[1340.268s][info][gc,stats    ] === Garbage Collection Statistics =======================================================================================================================
[1340.268s][info][gc,stats    ]                                                              Last 10s              Last 10m              Last 10h                Total
[1340.268s][info][gc,stats    ]                                                              Avg / Max             Avg / Max             Avg / Max             Avg / Max
[1340.268s][info][gc,stats    ]   Collector: Garbage Collection Cycle                    735.792 / 735.792     662.962 / 1022.022    968.301 / 7809.708    968.301 / 7809.708    ms
[1340.268s][info][gc,stats    ]  Contention: Mark Segment Reset Contention                     0 / 0                 0 / 5                 0 / 9                 0 / 9           ops/s
[1340.268s][info][gc,stats    ]  Contention: Mark SeqNum Reset Contention                      0 / 0                 0 / 1                 0 / 1                 0 / 1           ops/s
[1340.268s][info][gc,stats    ]    Critical: Allocation Stall                                  0 / 0                 0 / 0                 0 / 0                 0 / 0           ops/s
[1340.268s][info][gc,stats    ]    Critical: Allocation Stall                              0.000 / 0.000         0.000 / 0.000         0.000 / 0.000         0.000 / 0.000       ms
[1340.268s][info][gc,stats    ]    Critical: GC Locker Stall                                   0 / 0                 0 / 2                 0 / 2                 0 / 2           ops/s
[1340.268s][info][gc,stats    ]    Critical: GC Locker Stall                               0.000 / 0.000         0.065 / 0.268         0.052 / 0.268         0.052 / 0.268       ms
[1340.268s][info][gc,stats    ]    Critical: Relocation Stall                                  0 / 0                 0 / 0                 0 / 0                 0 / 0           ops/s
[1340.268s][info][gc,stats    ]    Critical: Relocation Stall                              0.000 / 0.000         0.000 / 0.000         0.000 / 0.000         0.000 / 0.000       ms
[1340.268s][info][gc,stats    ]      Memory: Allocation Rate                                 637 / 772             818 / 1750            745 / 1750            745 / 1750        MB/s
[1340.268s][info][gc,stats    ]      Memory: Defragment                                        0 / 0                 0 / 0                 0 / 0                 0 / 0           ops/s
[1340.268s][info][gc,stats    ]      Memory: Out Of Memory                                     0 / 0                 0 / 0                 0 / 0                 0 / 0           ops/s
[1340.268s][info][gc,stats    ]      Memory: Page Cache Flush                                  0 / 0                 0 / 0                 0 / 0                 0 / 0           MB/s
[1340.268s][info][gc,stats    ]      Memory: Page Cache Hit L1                               324 / 421             416 / 943             376 / 943             376 / 943         ops/s
[1340.268s][info][gc,stats    ]      Memory: Page Cache Hit L2                                 0 / 0                 0 / 0                 0 / 0                 0 / 0           ops/s
[1340.268s][info][gc,stats    ]      Memory: Page Cache Hit L3                                 0 / 0                 0 / 15                2 / 397               2 / 397         ops/s
[1340.268s][info][gc,stats    ]      Memory: Page Cache Miss                                   0 / 0                 0 / 0                 0 / 1                 0 / 1           ops/s
[1340.268s][info][gc,stats    ]      Memory: Uncommit                                          0 / 0                 0 / 0                 0 / 0                 0 / 0           MB/s
[1340.268s][info][gc,stats    ]      Memory: Undo Object Allocation Failed                     0 / 0                 0 / 0                 0 / 0                 0 / 0           ops/s
[1340.268s][info][gc,stats    ]      Memory: Undo Object Allocation Succeeded                  0 / 0                 0 / 83                1 / 400               1 / 400         ops/s
[1340.268s][info][gc,stats    ]      Memory: Undo Page Allocation                              0 / 0                 0 / 1                 0 / 1                 0 / 1           ops/s
[1340.268s][info][gc,stats    ]       Phase: Concurrent Mark                             627.290 / 627.290     559.808 / 850.850     754.466 / 5264.294    754.466 / 5264.294    ms
[1340.268s][info][gc,stats    ]       Phase: Concurrent Mark Continue                      0.000 / 0.000         0.000 / 0.000         0.000 / 0.000         0.000 / 0.000       ms
[1340.268s][info][gc,stats    ]       Phase: Concurrent Mark Free                          0.000 / 0.000         0.000 / 0.001         0.001 / 0.003         0.001 / 0.003       ms
[1340.268s][info][gc,stats    ]       Phase: Concurrent Process Non-Strong References     16.754 / 16.754       15.916 / 30.310       26.772 / 1493.667     26.772 / 1493.667    ms
[1340.268s][info][gc,stats    ]       Phase: Concurrent Relocate                          83.483 / 83.483       72.501 / 150.321      59.583 / 150.389      59.583 / 150.389     ms
[1340.268s][info][gc,stats    ]       Phase: Concurrent Reset Relocation Set               0.194 / 0.194         0.183 / 0.488         0.151 / 0.488         0.151 / 0.488       ms
[1340.268s][info][gc,stats    ]       Phase: Concurrent Select Relocation Set              7.445 / 7.445        13.882 / 143.024     121.858 / 2796.200    121.858 / 2796.200    ms
[1340.268s][info][gc,stats    ]       Phase: Pause Mark End                                0.009 / 0.009         0.011 / 0.052         0.046 / 4.475         0.046 / 4.475       ms
[1340.268s][info][gc,stats    ]       Phase: Pause Mark Start                              0.005 / 0.005         0.005 / 0.015         0.042 / 7.250         0.042 / 7.250       ms
[1340.268s][info][gc,stats    ]       Phase: Pause Relocate Start                          0.006 / 0.006         0.008 / 0.024         0.021 / 1.046         0.021 / 1.046       ms
[1340.268s][info][gc,stats    ]    Subphase: Concurrent Classes Purge                      0.043 / 0.043         0.236 / 1.253         0.501 / 5.775         0.501 / 5.775       ms
[1340.268s][info][gc,stats    ]    Subphase: Concurrent Classes Unlink                    12.857 / 12.857       12.171 / 20.934       20.288 / 1489.339     20.288 / 1489.339    ms
[1340.268s][info][gc,stats    ]    Subphase: Concurrent Mark                             625.361 / 625.361     512.126 / 848.625     716.796 / 5176.991    716.796 / 5176.991    ms
[1340.268s][info][gc,stats    ]    Subphase: Concurrent Mark Try Flush                     0.023 / 0.033         0.060 / 0.313         2.272 / 786.951       2.272 / 786.951     ms
[1340.268s][info][gc,stats    ]    Subphase: Concurrent Mark Try Terminate                 0.008 / 0.016         0.229 / 1.654         0.962 / 12.169        0.962 / 12.169      ms
[1340.268s][info][gc,stats    ]    Subphase: Concurrent References Enqueue                 0.002 / 0.002         0.002 / 0.004         0.002 / 0.006         0.002 / 0.006       ms
[1340.268s][info][gc,stats    ]    Subphase: Concurrent References Process                 1.354 / 1.354         0.908 / 3.889         0.664 / 3.889         0.664 / 3.889       ms
[1340.268s][info][gc,stats    ]    Subphase: Concurrent Roots ClassLoaderDataGraph         0.300 / 0.300         0.310 / 0.953         0.532 / 40.174        0.532 / 40.174      ms
[1340.268s][info][gc,stats    ]    Subphase: Concurrent Roots CodeCache                    0.000 / 0.000         0.000 / 0.000         0.000 / 0.000         0.000 / 0.000       ms
[1340.268s][info][gc,stats    ]    Subphase: Concurrent Roots JavaThreads                  1.381 / 1.381         1.276 / 2.108         5.204 / 441.054       5.204 / 441.054     ms
[1340.268s][info][gc,stats    ]    Subphase: Concurrent Roots OopStorageSet                0.070 / 0.070         0.093 / 0.624         0.902 / 136.487       0.902 / 136.487     ms
[1340.268s][info][gc,stats    ]    Subphase: Concurrent Weak Roots OopStorageSet           2.212 / 2.212         2.082 / 5.756         1.869 / 11.047        1.869 / 11.047      ms
[1340.268s][info][gc,stats    ]    Subphase: Pause Mark Try Complete                       0.000 / 0.000         0.001 / 0.001         0.001 / 0.003         0.001 / 0.003       ms
[1340.268s][info][gc,stats    ]      System: Java Threads                                     83 / 83               83 / 84               78 / 84               78 / 84          threads
[1340.268s][info][gc,stats    ] =========================================================================================================================================================
[1342.768s][info][gc,start    ] GC(209) Garbage Collection (Allocation Rate)
[1342.768s][info][gc,task     ] GC(209) Using 2 workers
[1342.768s][info][gc,phases   ] GC(209) Pause Mark Start 0.004ms
[1343.212s][info][gc,phases   ] GC(209) Concurrent Mark 444.095ms
[1343.212s][info][gc,phases   ] GC(209) Pause Mark End 0.008ms
[1343.212s][info][gc,phases   ] GC(209) Concurrent Mark Free 0.000ms
[1343.221s][info][gc,phases   ] GC(209) Concurrent Process Non-Strong References 8.974ms
[1343.221s][info][gc,phases   ] GC(209) Concurrent Reset Relocation Set 0.218ms
[1343.243s][info][gc,phases   ] GC(209) Concurrent Select Relocation Set 21.224ms
[1343.243s][info][gc,phases   ] GC(209) Pause Relocate Start 0.010ms
[1343.311s][info][gc,phases   ] GC(209) Concurrent Relocate 68.083ms
[1343.311s][info][gc,load     ] GC(209) Load: 0.00/0.00/0.00
[1343.311s][info][gc,mmu      ] GC(209) MMU: 2ms/0.0%, 5ms/0.0%, 10ms/27.5%, 20ms/63.8%, 50ms/85.5%, 100ms/92.8%
[1343.311s][info][gc,marking  ] GC(209) Mark: 2 stripe(s), 2 proactive flush(es), 1 terminate flush(es), 0 completion(s), 0 continuation(s) 
[1343.311s][info][gc,marking  ] GC(209) Mark Stack Usage: 32M
[1343.311s][info][gc,nmethod  ] GC(209) NMethods: 10796 registered, 578 unregistered
[1343.311s][info][gc,metaspace] GC(209) Metaspace: 132M used, 133M committed, 1152M reserved
[1343.311s][info][gc,ref      ] GC(209) Soft: 6090 encountered, 0 discovered, 0 enqueued
[1343.311s][info][gc,ref      ] GC(209) Weak: 23393 encountered, 4143 discovered, 1 enqueued
[1343.311s][info][gc,ref      ] GC(209) Final: 34 encountered, 0 discovered, 0 enqueued
[1343.311s][info][gc,ref      ] GC(209) Phantom: 1092 encountered, 780 discovered, 0 enqueued
[1343.311s][info][gc,reloc    ] GC(209) Small Pages: 2218 / 4436M, Empty: 940M, Relocated: 153M, In-Place: 0
[1343.311s][info][gc,reloc    ] GC(209) Medium Pages: 2 / 64M, Empty: 0M, Relocated: 0M, In-Place: 0
[1343.311s][info][gc,reloc    ] GC(209) Large Pages: 0 / 0M, Empty: 0M, Relocated: 0M, In-Place: 0
[1343.311s][info][gc,reloc    ] GC(209) Forwarding Usage: 46M
[1343.311s][info][gc,heap     ] GC(209) Min Capacity: 8192M(100%)
[1343.311s][info][gc,heap     ] GC(209) Max Capacity: 8192M(100%)
[1343.311s][info][gc,heap     ] GC(209) Soft Max Capacity: 8192M(100%)
[1343.311s][info][gc,heap     ] GC(209)                Mark Start          Mark End        Relocate Start      Relocate End           High               Low         
[1343.311s][info][gc,heap     ] GC(209)  Capacity:     8192M (100%)       8192M (100%)       8192M (100%)       8192M (100%)       8192M (100%)       8192M (100%)   
[1343.311s][info][gc,heap     ] GC(209)      Free:     3692M (45%)        3154M (39%)        4064M (50%)        6756M (82%)        6756M (82%)        3144M (38%)    
[1343.311s][info][gc,heap     ] GC(209)      Used:     4500M (55%)        5038M (61%)        4128M (50%)        1436M (18%)        5048M (62%)        1436M (18%)    
[1343.311s][info][gc,heap     ] GC(209)      Live:         -               735M (9%)          735M (9%)          735M (9%)             -                  -          
[1343.311s][info][gc,heap     ] GC(209) Allocated:         -               538M (7%)          568M (7%)          607M (7%)             -                  -          
[1343.311s][info][gc,heap     ] GC(209)   Garbage:         -              3764M (46%)        2824M (34%)          93M (1%)             -                  -          
[1343.311s][info][gc,heap     ] GC(209) Reclaimed:         -                  -               940M (11%)        3671M (45%)            -                  -          
[1343.311s][info][gc          ] GC(209) Garbage Collection (Allocation Rate) 4500M(55%)->1436M(18%)
[1349.468s][info][gc,start    ] GC(210) Garbage Collection (Allocation Rate)
[1349.468s][info][gc,task     ] GC(210) Using 1 workers
[1349.468s][info][gc,phases   ] GC(210) Pause Mark Start 0.006ms
[1350.127s][info][gc,phases   ] GC(210) Concurrent Mark 658.490ms
[1350.127s][info][gc,phases   ] GC(210) Pause Mark End 0.008ms
[1350.127s][info][gc,phases   ] GC(210) Concurrent Mark Free 0.000ms
[1350.143s][info][gc,phases   ] GC(210) Concurrent Process Non-Strong References 16.075ms
[1350.143s][info][gc,phases   ] GC(210) Concurrent Reset Relocation Set 0.135ms
[1350.149s][info][gc,phases   ] GC(210) Concurrent Select Relocation Set 5.328ms
[1350.149s][info][gc,phases   ] GC(210) Pause Relocate Start 0.007ms
[1350.238s][info][gc,phases   ] GC(210) Concurrent Relocate 88.867ms
[1350.238s][info][gc,load     ] GC(210) Load: 0.00/0.00/0.00
[1350.238s][info][gc,mmu      ] GC(210) MMU: 2ms/0.0%, 5ms/0.0%, 10ms/27.5%, 20ms/63.8%, 50ms/85.5%, 100ms/92.8%
[1350.238s][info][gc,marking  ] GC(210) Mark: 1 stripe(s), 2 proactive flush(es), 1 terminate flush(es), 0 completion(s), 0 continuation(s) 
[1350.238s][info][gc,marking  ] GC(210) Mark Stack Usage: 32M
[1350.238s][info][gc,nmethod  ] GC(210) NMethods: 10799 registered, 578 unregistered
[1350.238s][info][gc,metaspace] GC(210) Metaspace: 132M used, 133M committed, 1152M reserved
[1350.238s][info][gc,ref      ] GC(210) Soft: 6090 encountered, 0 discovered, 0 enqueued
[1350.238s][info][gc,ref      ] GC(210) Weak: 23394 encountered, 928 discovered, 1 enqueued
[1350.238s][info][gc,ref      ] GC(210) Final: 34 encountered, 0 discovered, 0 enqueued
[1350.238s][info][gc,ref      ] GC(210) Phantom: 1095 encountered, 800 discovered, 0 enqueued
[1350.238s][info][gc,reloc    ] GC(210) Small Pages: 3352 / 6704M, Empty: 1778M, Relocated: 129M, In-Place: 0
[1350.238s][info][gc,reloc    ] GC(210) Medium Pages: 2 / 64M, Empty: 0M, Relocated: 0M, In-Place: 0
[1350.238s][info][gc,reloc    ] GC(210) Large Pages: 0 / 0M, Empty: 0M, Relocated: 0M, In-Place: 0
[1350.238s][info][gc,reloc    ] GC(210) Forwarding Usage: 38M
[1350.238s][info][gc,heap     ] GC(210) Min Capacity: 8192M(100%)
[1350.238s][info][gc,heap     ] GC(210) Max Capacity: 8192M(100%)
[1350.238s][info][gc,heap     ] GC(210) Soft Max Capacity: 8192M(100%)
[1350.238s][info][gc,heap     ] GC(210)                Mark Start          Mark End        Relocate Start      Relocate End           High               Low         
[1350.238s][info][gc,heap     ] GC(210)  Capacity:     8192M (100%)       8192M (100%)       8192M (100%)       8192M (100%)       8192M (100%)       8192M (100%)   
[1350.238s][info][gc,heap     ] GC(210)      Free:     1424M (17%)         970M (12%)        2736M (33%)        6984M (85%)        6984M (85%)         960M (12%)    
[1350.238s][info][gc,heap     ] GC(210)      Used:     6768M (83%)        7222M (88%)        5456M (67%)        1208M (15%)        7232M (88%)        1208M (15%)    
[1350.238s][info][gc,heap     ] GC(210)      Live:         -               617M (8%)          617M (8%)          617M (8%)             -                  -          
[1350.238s][info][gc,heap     ] GC(210) Allocated:         -               454M (6%)          466M (6%)          516M (6%)             -                  -          
[1350.238s][info][gc,heap     ] GC(210)   Garbage:         -              6150M (75%)        4372M (53%)          73M (1%)             -                  -          
[1350.238s][info][gc,heap     ] GC(210) Reclaimed:         -                  -              1778M (22%)        6076M (74%)            -                  -          
[1350.238s][info][gc          ] GC(210) Garbage Collection (Allocation Rate) 6768M(83%)->1208M(15%)
[1350.268s][info][gc,stats    ] === Garbage Collection Statistics =======================================================================================================================
[1350.269s][info][gc,stats    ]                                                              Last 10s              Last 10m              Last 10h                Total
[1350.269s][info][gc,stats    ]                                                              Avg / Max             Avg / Max             Avg / Max             Avg / Max
[1350.269s][info][gc,stats    ]   Collector: Garbage Collection Cycle                    656.357 / 769.495     659.701 / 1022.022    965.344 / 7809.708    965.344 / 7809.708    ms
[1350.269s][info][gc,stats    ]  Contention: Mark Segment Reset Contention                     0 / 1                 0 / 5                 0 / 9                 0 / 9           ops/s
[1350.269s][info][gc,stats    ]  Contention: Mark SeqNum Reset Contention                      0 / 0                 0 / 1                 0 / 1                 0 / 1           ops/s
[1350.269s][info][gc,stats    ]    Critical: Allocation Stall                                  0 / 0                 0 / 0                 0 / 0                 0 / 0           ops/s
[1350.269s][info][gc,stats    ]    Critical: Allocation Stall                              0.000 / 0.000         0.000 / 0.000         0.000 / 0.000         0.000 / 0.000       ms
[1350.269s][info][gc,stats    ]    Critical: GC Locker Stall                                   0 / 0                 0 / 2                 0 / 2                 0 / 2           ops/s
[1350.269s][info][gc,stats    ]    Critical: GC Locker Stall                               0.000 / 0.000         0.069 / 0.268         0.052 / 0.268         0.052 / 0.268       ms
[1350.269s][info][gc,stats    ]    Critical: Relocation Stall                                  0 / 0                 0 / 0                 0 / 0                 0 / 0           ops/s
[1350.269s][info][gc,stats    ]    Critical: Relocation Stall                              0.000 / 0.000         0.000 / 0.000         0.000 / 0.000         0.000 / 0.000       ms
[1350.269s][info][gc,stats    ]      Memory: Allocation Rate                                 922 / 1722            818 / 1750            747 / 1750            747 / 1750        MB/s
[1350.269s][info][gc,stats    ]      Memory: Defragment                                        0 / 0                 0 / 0                 0 / 0                 0 / 0           ops/s
[1350.269s][info][gc,stats    ]      Memory: Out Of Memory                                     0 / 0                 0 / 0                 0 / 0                 0 / 0           ops/s
[1350.269s][info][gc,stats    ]      Memory: Page Cache Flush                                  0 / 0                 0 / 0                 0 / 0                 0 / 0           MB/s
[1350.269s][info][gc,stats    ]      Memory: Page Cache Hit L1                               475 / 887             416 / 943             377 / 943             377 / 943         ops/s
[1350.269s][info][gc,stats    ]      Memory: Page Cache Hit L2                                 0 / 0                 0 / 0                 0 / 0                 0 / 0           ops/s
[1350.269s][info][gc,stats    ]      Memory: Page Cache Hit L3                                 0 / 0                 0 / 15                2 / 397               2 / 397         ops/s
[1350.269s][info][gc,stats    ]      Memory: Page Cache Miss                                   0 / 0                 0 / 0                 0 / 1                 0 / 1           ops/s
[1350.269s][info][gc,stats    ]      Memory: Uncommit                                          0 / 0                 0 / 0                 0 / 0                 0 / 0           MB/s
[1350.269s][info][gc,stats    ]      Memory: Undo Object Allocation Failed                     0 / 0                 0 / 0                 0 / 0                 0 / 0           ops/s
[1350.269s][info][gc,stats    ]      Memory: Undo Object Allocation Succeeded                  0 / 2                 0 / 83                1 / 400               1 / 400         ops/s
[1350.269s][info][gc,stats    ]      Memory: Undo Page Allocation                              0 / 0                 0 / 1                 0 / 1                 0 / 1           ops/s
[1350.269s][info][gc,stats    ]       Phase: Concurrent Mark                             551.293 / 658.490     556.890 / 850.850     752.540 / 5264.294    752.540 / 5264.294    ms
[1350.269s][info][gc,stats    ]       Phase: Concurrent Mark Continue                      0.000 / 0.000         0.000 / 0.000         0.000 / 0.000         0.000 / 0.000       ms
[1350.269s][info][gc,stats    ]       Phase: Concurrent Mark Free                          0.000 / 0.000         0.000 / 0.001         0.001 / 0.003         0.001 / 0.003       ms
[1350.269s][info][gc,stats    ]       Phase: Concurrent Process Non-Strong References     12.525 / 16.075       15.774 / 30.310       26.637 / 1493.667     26.637 / 1493.667    ms
[1350.269s][info][gc,stats    ]       Phase: Concurrent Relocate                          78.475 / 88.867       72.354 / 150.321      59.762 / 150.389      59.762 / 150.389     ms
[1350.269s][info][gc,stats    ]       Phase: Concurrent Reset Relocation Set               0.176 / 0.218         0.181 / 0.488         0.152 / 0.488         0.152 / 0.488       ms
[1350.269s][info][gc,stats    ]       Phase: Concurrent Select Relocation Set             13.276 / 21.224       13.833 / 143.024     120.829 / 2796.200    120.829 / 2796.200    ms
[1350.269s][info][gc,stats    ]       Phase: Pause Mark End                                0.008 / 0.008         0.011 / 0.052         0.046 / 4.475         0.046 / 4.475       ms
[1350.269s][info][gc,stats    ]       Phase: Pause Mark Start                              0.005 / 0.006         0.005 / 0.015         0.042 / 7.250         0.042 / 7.250       ms
[1350.269s][info][gc,stats    ]       Phase: Pause Relocate Start                          0.008 / 0.010         0.008 / 0.024         0.021 / 1.046         0.021 / 1.046       ms
[1350.269s][info][gc,stats    ]    Subphase: Concurrent Classes Purge                      0.031 / 0.037         0.232 / 1.253         0.496 / 5.775         0.496 / 5.775       ms
[1350.269s][info][gc,stats    ]    Subphase: Concurrent Classes Unlink                     9.855 / 12.592       12.053 / 20.934       20.189 / 1489.339     20.189 / 1489.339    ms
[1350.269s][info][gc,stats    ]    Subphase: Concurrent Mark                             513.667 / 656.360     509.215 / 848.625     714.921 / 5176.991    714.921 / 5176.991    ms
[1350.269s][info][gc,stats    ]    Subphase: Concurrent Mark Try Flush                     0.058 / 0.097         0.060 / 0.313         2.252 / 786.951       2.252 / 786.951     ms
[1350.269s][info][gc,stats    ]    Subphase: Concurrent Mark Try Terminate                 0.294 / 1.365         0.235 / 1.654         0.960 / 12.169        0.960 / 12.169      ms
[1350.269s][info][gc,stats    ]    Subphase: Concurrent References Enqueue                 0.002 / 0.002         0.002 / 0.004         0.002 / 0.006         0.002 / 0.006       ms
[1350.269s][info][gc,stats    ]    Subphase: Concurrent References Process                 0.287 / 0.309         0.895 / 3.889         0.660 / 3.889         0.660 / 3.889       ms
[1350.269s][info][gc,stats    ]    Subphase: Concurrent Roots ClassLoaderDataGraph         0.238 / 0.324         0.306 / 0.953         0.529 / 40.174        0.529 / 40.174      ms
[1350.269s][info][gc,stats    ]    Subphase: Concurrent Roots CodeCache                    0.000 / 0.000         0.000 / 0.000         0.000 / 0.000         0.000 / 0.000       ms
[1350.269s][info][gc,stats    ]    Subphase: Concurrent Roots JavaThreads                  1.061 / 1.568         1.264 / 2.108         5.165 / 441.054       5.165 / 441.054     ms
[1350.269s][info][gc,stats    ]    Subphase: Concurrent Roots OopStorageSet                0.061 / 0.079         0.091 / 0.624         0.894 / 136.487       0.894 / 136.487     ms
[1350.269s][info][gc,stats    ]    Subphase: Concurrent Weak Roots OopStorageSet           1.773 / 2.890         2.067 / 5.756         1.868 / 11.047        1.868 / 11.047      ms
[1350.269s][info][gc,stats    ]    Subphase: Pause Mark Try Complete                       0.000 / 0.000         0.001 / 0.001         0.001 / 0.003         0.001 / 0.003       ms
[1350.269s][info][gc,stats    ]      System: Java Threads                                     83 / 83               83 / 84               78 / 84               78 / 84          threads
[1350.269s][info][gc,stats    ] =========================================================================================================================================================
[1360.267s][info][gc,start    ] GC(211) Garbage Collection (Allocation Rate)
[1360.267s][info][gc,task     ] GC(211) Using 1 workers
[1360.268s][info][gc,phases   ] GC(211) Pause Mark Start 0.004ms
[1360.268s][info][gc,stats    ] === Garbage Collection Statistics =======================================================================================================================
[1360.268s][info][gc,stats    ]                                                              Last 10s              Last 10m              Last 10h                Total
[1360.268s][info][gc,stats    ]                                                              Avg / Max             Avg / Max             Avg / Max             Avg / Max
[1360.268s][info][gc,stats    ]   Collector: Garbage Collection Cycle                      0.000 / 0.000       661.232 / 1022.022    965.344 / 7809.708    965.344 / 7809.708    ms
[1360.268s][info][gc,stats    ]  Contention: Mark Segment Reset Contention                     0 / 0                 0 / 5                 0 / 9                 0 / 9           ops/s
[1360.268s][info][gc,stats    ]  Contention: Mark SeqNum Reset Contention                      0 / 0                 0 / 1                 0 / 1                 0 / 1           ops/s
[1360.268s][info][gc,stats    ]    Critical: Allocation Stall                                  0 / 0                 0 / 0                 0 / 0                 0 / 0           ops/s
[1360.268s][info][gc,stats    ]    Critical: Allocation Stall                              0.000 / 0.000         0.000 / 0.000         0.000 / 0.000         0.000 / 0.000       ms
[1360.268s][info][gc,stats    ]    Critical: GC Locker Stall                                   0 / 0                 0 / 2                 0 / 2                 0 / 2           ops/s
[1360.268s][info][gc,stats    ]    Critical: GC Locker Stall                               0.000 / 0.000         0.069 / 0.268         0.052 / 0.268         0.052 / 0.268       ms
[1360.268s][info][gc,stats    ]    Critical: Relocation Stall                                  0 / 0                 0 / 0                 0 / 0                 0 / 0           ops/s
[1360.268s][info][gc,stats    ]    Critical: Relocation Stall                              0.000 / 0.000         0.000 / 0.000         0.000 / 0.000         0.000 / 0.000       ms
[1360.268s][info][gc,stats    ]      Memory: Allocation Rate                                 575 / 704             815 / 1750            745 / 1750            745 / 1750        MB/s
[1360.268s][info][gc,stats    ]      Memory: Defragment                                        0 / 0                 0 / 0                 0 / 0                 0 / 0           ops/s
[1360.268s][info][gc,stats    ]      Memory: Out Of Memory                                     0 / 0                 0 / 0                 0 / 0                 0 / 0           ops/s
[1360.268s][info][gc,stats    ]      Memory: Page Cache Flush                                  0 / 0                 0 / 0                 0 / 0                 0 / 0           MB/s
[1360.268s][info][gc,stats    ]      Memory: Page Cache Hit L1                               287 / 352             414 / 943             376 / 943             376 / 943         ops/s
[1360.268s][info][gc,stats    ]      Memory: Page Cache Hit L2                                 0 / 0                 0 / 0                 0 / 0                 0 / 0           ops/s
[1360.268s][info][gc,stats    ]      Memory: Page Cache Hit L3                                 0 / 0                 0 / 15                2 / 397               2 / 397         ops/s
[1360.268s][info][gc,stats    ]      Memory: Page Cache Miss                                   0 / 0                 0 / 0                 0 / 1                 0 / 1           ops/s
[1360.268s][info][gc,stats    ]      Memory: Uncommit                                          0 / 0                 0 / 0                 0 / 0                 0 / 0           MB/s
[1360.268s][info][gc,stats    ]      Memory: Undo Object Allocation Failed                     0 / 0                 0 / 0                 0 / 0                 0 / 0           ops/s
[1360.268s][info][gc,stats    ]      Memory: Undo Object Allocation Succeeded                  0 / 0                 0 / 83                1 / 400               1 / 400         ops/s
[1360.268s][info][gc,stats    ]      Memory: Undo Page Allocation                              0 / 0                 0 / 1                 0 / 1                 0 / 1           ops/s
[1360.268s][info][gc,stats    ]       Phase: Concurrent Mark                               0.000 / 0.000       558.029 / 850.850     752.540 / 5264.294    752.540 / 5264.294    ms
[1360.268s][info][gc,stats    ]       Phase: Concurrent Mark Continue                      0.000 / 0.000         0.000 / 0.000         0.000 / 0.000         0.000 / 0.000       ms
[1360.268s][info][gc,stats    ]       Phase: Concurrent Mark Free                          0.000 / 0.000         0.000 / 0.001         0.001 / 0.003         0.001 / 0.003       ms
[1360.268s][info][gc,stats    ]       Phase: Concurrent Process Non-Strong References      0.000 / 0.000        15.872 / 30.310       26.637 / 1493.667     26.637 / 1493.667    ms
[1360.268s][info][gc,stats    ]       Phase: Concurrent Relocate                           0.000 / 0.000        72.558 / 150.321      59.762 / 150.389      59.762 / 150.389     ms
[1360.268s][info][gc,stats    ]       Phase: Concurrent Reset Relocation Set               0.000 / 0.000         0.181 / 0.488         0.152 / 0.488         0.152 / 0.488       ms
[1360.268s][info][gc,stats    ]       Phase: Concurrent Select Relocation Set              0.000 / 0.000        13.925 / 143.024     120.829 / 2796.200    120.829 / 2796.200    ms
[1360.268s][info][gc,stats    ]       Phase: Pause Mark End                                0.000 / 0.000         0.011 / 0.052         0.046 / 4.475         0.046 / 4.475       ms
[1360.268s][info][gc,stats    ]       Phase: Pause Mark Start                              0.004 / 0.004         0.005 / 0.015         0.042 / 7.250         0.042 / 7.250       ms
[1360.268s][info][gc,stats    ]       Phase: Pause Relocate Start                          0.000 / 0.000         0.007 / 0.024         0.021 / 1.046         0.021 / 1.046       ms
[1360.268s][info][gc,stats    ]    Subphase: Concurrent Classes Purge                      0.000 / 0.000         0.231 / 1.253         0.496 / 5.775         0.496 / 5.775       ms
[1360.268s][info][gc,stats    ]    Subphase: Concurrent Classes Unlink                     0.000 / 0.000        12.131 / 20.934       20.189 / 1489.339     20.189 / 1489.339    ms
[1360.268s][info][gc,stats    ]    Subphase: Concurrent Mark                               0.000 / 0.000       510.097 / 848.625     714.921 / 5176.991    714.921 / 5176.991    ms
[1360.268s][info][gc,stats    ]    Subphase: Concurrent Mark Try Flush                     0.000 / 0.000         0.060 / 0.313         2.252 / 786.951       2.252 / 786.951     ms
[1360.268s][info][gc,stats    ]    Subphase: Concurrent Mark Try Terminate                 0.000 / 0.000         0.232 / 1.654         0.960 / 12.169        0.960 / 12.169      ms
[1360.268s][info][gc,stats    ]    Subphase: Concurrent References Enqueue                 0.000 / 0.000         0.002 / 0.004         0.002 / 0.006         0.002 / 0.006       ms
[1360.269s][info][gc,stats    ]    Subphase: Concurrent References Process                 0.000 / 0.000         0.903 / 3.889         0.660 / 3.889         0.660 / 3.889       ms
[1360.269s][info][gc,stats    ]    Subphase: Concurrent Roots ClassLoaderDataGraph         0.311 / 0.311         0.302 / 0.953         0.528 / 40.174        0.528 / 40.174      ms
[1360.269s][info][gc,stats    ]    Subphase: Concurrent Roots CodeCache                    0.000 / 0.000         0.000 / 0.000         0.000 / 0.000         0.000 / 0.000       ms
[1360.269s][info][gc,stats    ]    Subphase: Concurrent Roots JavaThreads                  0.000 / 0.000         1.264 / 2.108         5.165 / 441.054       5.165 / 441.054     ms
[1360.269s][info][gc,stats    ]    Subphase: Concurrent Roots OopStorageSet                0.078 / 0.078         0.086 / 0.369         0.892 / 136.487       0.892 / 136.487     ms
[1360.269s][info][gc,stats    ]    Subphase: Concurrent Weak Roots OopStorageSet           0.000 / 0.000         2.083 / 5.756         1.868 / 11.047        1.868 / 11.047      ms
[1360.269s][info][gc,stats    ]    Subphase: Pause Mark Try Complete                       0.000 / 0.000         0.001 / 0.001         0.001 / 0.003         0.001 / 0.003       ms
[1360.269s][info][gc,stats    ]      System: Java Threads                                     83 / 83               83 / 84               78 / 84               78 / 84          threads
[1360.269s][info][gc,stats    ] =========================================================================================================================================================
[1360.938s][info][gc,phases   ] GC(211) Concurrent Mark 670.390ms
[1360.938s][info][gc,phases   ] GC(211) Pause Mark End 0.010ms
[1360.938s][info][gc,phases   ] GC(211) Concurrent Mark Free 0.000ms
[1360.955s][info][gc,phases   ] GC(211) Concurrent Process Non-Strong References 17.036ms
[1360.955s][info][gc,phases   ] GC(211) Concurrent Reset Relocation Set 0.211ms
[1360.963s][info][gc,phases   ] GC(211) Concurrent Select Relocation Set 7.630ms
[1360.963s][info][gc,phases   ] GC(211) Pause Relocate Start 0.007ms
[1361.074s][info][gc,phases   ] GC(211) Concurrent Relocate 110.564ms
[1361.074s][info][gc,load     ] GC(211) Load: 0.00/0.00/0.00
[1361.074s][info][gc,mmu      ] GC(211) MMU: 2ms/0.0%, 5ms/0.0%, 10ms/27.5%, 20ms/63.8%, 50ms/85.5%, 100ms/92.8%
[1361.074s][info][gc,marking  ] GC(211) Mark: 1 stripe(s), 2 proactive flush(es), 1 terminate flush(es), 0 completion(s), 0 continuation(s) 
[1361.074s][info][gc,marking  ] GC(211) Mark Stack Usage: 32M
[1361.074s][info][gc,nmethod  ] GC(211) NMethods: 10801 registered, 582 unregistered
[1361.074s][info][gc,metaspace] GC(211) Metaspace: 132M used, 133M committed, 1152M reserved
[1361.074s][info][gc,ref      ] GC(211) Soft: 6090 encountered, 0 discovered, 0 enqueued
[1361.074s][info][gc,ref      ] GC(211) Weak: 23397 encountered, 928 discovered, 3 enqueued
[1361.074s][info][gc,ref      ] GC(211) Final: 34 encountered, 0 discovered, 0 enqueued
[1361.074s][info][gc,ref      ] GC(211) Phantom: 1098 encountered, 813 discovered, 0 enqueued
[1361.074s][info][gc,reloc    ] GC(211) Small Pages: 3454 / 6908M, Empty: 1580M, Relocated: 118M, In-Place: 0
[1361.074s][info][gc,reloc    ] GC(211) Medium Pages: 2 / 64M, Empty: 0M, Relocated: 0M, In-Place: 0
[1361.074s][info][gc,reloc    ] GC(211) Large Pages: 0 / 0M, Empty: 0M, Relocated: 0M, In-Place: 0
[1361.074s][info][gc,reloc    ] GC(211) Forwarding Usage: 36M
[1361.074s][info][gc,heap     ] GC(211) Min Capacity: 8192M(100%)
[1361.074s][info][gc,heap     ] GC(211) Max Capacity: 8192M(100%)
[1361.074s][info][gc,heap     ] GC(211) Soft Max Capacity: 8192M(100%)
[1361.074s][info][gc,heap     ] GC(211)                Mark Start          Mark End        Relocate Start      Relocate End           High               Low         
[1361.074s][info][gc,heap     ] GC(211)  Capacity:     8192M (100%)       8192M (100%)       8192M (100%)       8192M (100%)       8192M (100%)       8192M (100%)   
[1361.074s][info][gc,heap     ] GC(211)      Free:     1220M (15%)         814M (10%)        2392M (29%)        7078M (86%)        7078M (86%)         814M (10%)    
[1361.074s][info][gc,heap     ] GC(211)      Used:     6972M (85%)        7378M (90%)        5800M (71%)        1114M (14%)        7378M (90%)        1114M (14%)    
[1361.074s][info][gc,heap     ] GC(211)      Live:         -               619M (8%)          619M (8%)          619M (8%)             -                  -          
[1361.074s][info][gc,heap     ] GC(211) Allocated:         -               406M (5%)          408M (5%)          413M (5%)             -                  -          
[1361.074s][info][gc,heap     ] GC(211)   Garbage:         -              6352M (78%)        4772M (58%)          80M (1%)             -                  -          
[1361.074s][info][gc,heap     ] GC(211) Reclaimed:         -                  -              1580M (19%)        6271M (77%)            -                  -          
[1361.074s][info][gc          ] GC(211) Garbage Collection (Allocation Rate) 6972M(85%)->1114M(14%)
[1364.768s][info][gc,start    ] GC(212) Garbage Collection (Allocation Rate)
[1364.768s][info][gc,task     ] GC(212) Using 1 workers
[1364.768s][info][gc,phases   ] GC(212) Pause Mark Start 0.008ms
[1365.662s][info][gc,phases   ] GC(212) Concurrent Mark 893.982ms
[1365.662s][info][gc,phases   ] GC(212) Pause Mark End 0.009ms
[1365.662s][info][gc,phases   ] GC(212) Concurrent Mark Free 0.001ms
[1365.679s][info][gc,phases   ] GC(212) Concurrent Process Non-Strong References 16.625ms
[1365.679s][info][gc,phases   ] GC(212) Concurrent Reset Relocation Set 0.251ms
[1365.708s][info][gc,phases   ] GC(212) Concurrent Select Relocation Set 28.432ms
[1365.708s][info][gc,phases   ] GC(212) Pause Relocate Start 0.006ms
[1365.833s][info][gc,phases   ] GC(212) Concurrent Relocate 125.572ms
[1365.834s][info][gc,load     ] GC(212) Load: 0.00/0.00/0.00
[1365.834s][info][gc,mmu      ] GC(212) MMU: 2ms/0.0%, 5ms/0.0%, 10ms/27.5%, 20ms/63.8%, 50ms/85.5%, 100ms/92.8%
[1365.834s][info][gc,marking  ] GC(212) Mark: 1 stripe(s), 2 proactive flush(es), 1 terminate flush(es), 0 completion(s), 0 continuation(s) 
[1365.834s][info][gc,marking  ] GC(212) Mark Stack Usage: 32M
[1365.834s][info][gc,nmethod  ] GC(212) NMethods: 10802 registered, 583 unregistered
[1365.834s][info][gc,metaspace] GC(212) Metaspace: 132M used, 133M committed, 1152M reserved
[1365.834s][info][gc,ref      ] GC(212) Soft: 6090 encountered, 0 discovered, 0 enqueued
[1365.834s][info][gc,ref      ] GC(212) Weak: 23394 encountered, 930 discovered, 0 enqueued
[1365.834s][info][gc,ref      ] GC(212) Final: 34 encountered, 0 discovered, 0 enqueued
[1365.834s][info][gc,ref      ] GC(212) Phantom: 1098 encountered, 866 discovered, 0 enqueued
[1365.834s][info][gc,reloc    ] GC(212) Small Pages: 2202 / 4404M, Empty: 904M, Relocated: 153M, In-Place: 0
[1365.834s][info][gc,reloc    ] GC(212) Medium Pages: 2 / 64M, Empty: 0M, Relocated: 0M, In-Place: 0
[1365.834s][info][gc,reloc    ] GC(212) Large Pages: 0 / 0M, Empty: 0M, Relocated: 0M, In-Place: 0
[1365.834s][info][gc,reloc    ] GC(212) Forwarding Usage: 48M
[1365.834s][info][gc,heap     ] GC(212) Min Capacity: 8192M(100%)
[1365.834s][info][gc,heap     ] GC(212) Max Capacity: 8192M(100%)
[1365.834s][info][gc,heap     ] GC(212) Soft Max Capacity: 8192M(100%)
[1365.834s][info][gc,heap     ] GC(212)                Mark Start          Mark End        Relocate Start      Relocate End           High               Low         
[1365.834s][info][gc,heap     ] GC(212)  Capacity:     8192M (100%)       8192M (100%)       8192M (100%)       8192M (100%)       8192M (100%)       8192M (100%)   
[1365.834s][info][gc,heap     ] GC(212)      Free:     3724M (45%)        2520M (31%)        3396M (41%)        6042M (74%)        6042M (74%)        2508M (31%)    
[1365.834s][info][gc,heap     ] GC(212)      Used:     4468M (55%)        5672M (69%)        4796M (59%)        2150M (26%)        5684M (69%)        2150M (26%)    
[1365.834s][info][gc,heap     ] GC(212)      Live:         -               706M (9%)          706M (9%)          706M (9%)             -                  -          
[1365.834s][info][gc,heap     ] GC(212) Allocated:         -              1204M (15%)        1232M (15%)        1350M (16%)            -                  -          
[1365.834s][info][gc,heap     ] GC(212)   Garbage:         -              3761M (46%)        2857M (35%)          93M (1%)             -                  -          
[1365.834s][info][gc,heap     ] GC(212) Reclaimed:         -                  -               904M (11%)        3668M (45%)            -                  -          
[1365.834s][info][gc          ] GC(212) Garbage Collection (Allocation Rate) 4468M(55%)->2150M(26%)
[1370.268s][info][gc,stats    ] === Garbage Collection Statistics =======================================================================================================================
[1370.268s][info][gc,stats    ]                                                              Last 10s              Last 10m              Last 10h                Total
[1370.268s][info][gc,stats    ]                                                              Avg / Max             Avg / Max             Avg / Max             Avg / Max
[1370.268s][info][gc,stats    ]   Collector: Garbage Collection Cycle                    936.035 / 1065.588    669.424 / 1065.588    965.069 / 7809.708    965.069 / 7809.708    ms
[1370.268s][info][gc,stats    ]  Contention: Mark Segment Reset Contention                     0 / 0                 0 / 5                 0 / 9                 0 / 9           ops/s
[1370.268s][info][gc,stats    ]  Contention: Mark SeqNum Reset Contention                      0 / 0                 0 / 1                 0 / 1                 0 / 1           ops/s
[1370.268s][info][gc,stats    ]    Critical: Allocation Stall                                  0 / 0                 0 / 0                 0 / 0                 0 / 0           ops/s
[1370.268s][info][gc,stats    ]    Critical: Allocation Stall                              0.000 / 0.000         0.000 / 0.000         0.000 / 0.000         0.000 / 0.000       ms
[1370.268s][info][gc,stats    ]    Critical: GC Locker Stall                                   0 / 0                 0 / 2                 0 / 2                 0 / 2           ops/s
[1370.268s][info][gc,stats    ]    Critical: GC Locker Stall                               0.000 / 0.000         0.069 / 0.268         0.052 / 0.268         0.052 / 0.268       ms
[1370.268s][info][gc,stats    ]    Critical: Relocation Stall                                  0 / 0                 0 / 0                 0 / 0                 0 / 0           ops/s
[1370.268s][info][gc,stats    ]    Critical: Relocation Stall                              0.000 / 0.000         0.000 / 0.000         0.000 / 0.000         0.000 / 0.000       ms
[1370.268s][info][gc,stats    ]      Memory: Allocation Rate                                 879 / 1650            816 / 1750            746 / 1750            746 / 1750        MB/s
[1370.268s][info][gc,stats    ]      Memory: Defragment                                        0 / 0                 0 / 0                 0 / 0                 0 / 0           ops/s
[1370.268s][info][gc,stats    ]      Memory: Out Of Memory                                     0 / 0                 0 / 0                 0 / 0                 0 / 0           ops/s
[1370.268s][info][gc,stats    ]      Memory: Page Cache Flush                                  0 / 0                 0 / 0                 0 / 0                 0 / 0           MB/s
[1370.268s][info][gc,stats    ]      Memory: Page Cache Hit L1                               453 / 825             415 / 943             377 / 943             377 / 943         ops/s
[1370.268s][info][gc,stats    ]      Memory: Page Cache Hit L2                                 0 / 0                 0 / 0                 0 / 0                 0 / 0           ops/s
[1370.268s][info][gc,stats    ]      Memory: Page Cache Hit L3                                 0 / 0                 0 / 15                2 / 397               2 / 397         ops/s
[1370.268s][info][gc,stats    ]      Memory: Page Cache Miss                                   0 / 0                 0 / 0                 0 / 1                 0 / 1           ops/s
[1370.268s][info][gc,stats    ]      Memory: Uncommit                                          0 / 0                 0 / 0                 0 / 0                 0 / 0           MB/s
[1370.268s][info][gc,stats    ]      Memory: Undo Object Allocation Failed                     0 / 0                 0 / 0                 0 / 0                 0 / 0           ops/s
[1370.268s][info][gc,stats    ]      Memory: Undo Object Allocation Succeeded                  0 / 2                 0 / 83                1 / 400               1 / 400         ops/s
[1370.268s][info][gc,stats    ]      Memory: Undo Page Allocation                              0 / 0                 0 / 1                 0 / 1                 0 / 1           ops/s
[1370.268s][info][gc,stats    ]       Phase: Concurrent Mark                             782.186 / 893.982     564.828 / 893.982     752.819 / 5264.294    752.819 / 5264.294    ms
[1370.268s][info][gc,stats    ]       Phase: Concurrent Mark Continue                      0.000 / 0.000         0.000 / 0.000         0.000 / 0.000         0.000 / 0.000       ms
[1370.268s][info][gc,stats    ]       Phase: Concurrent Mark Free                          0.001 / 0.001         0.000 / 0.001         0.001 / 0.003         0.001 / 0.003       ms
[1370.268s][info][gc,stats    ]       Phase: Concurrent Process Non-Strong References     16.830 / 17.036       15.953 / 30.310       26.545 / 1493.667     26.545 / 1493.667    ms
[1370.268s][info][gc,stats    ]       Phase: Concurrent Relocate                         118.068 / 125.572      73.682 / 150.321      60.310 / 150.389      60.310 / 150.389     ms
[1370.268s][info][gc,stats    ]       Phase: Concurrent Reset Relocation Set               0.231 / 0.251         0.183 / 0.488         0.152 / 0.488         0.152 / 0.488       ms
[1370.268s][info][gc,stats    ]       Phase: Concurrent Select Relocation Set             18.031 / 28.432       14.111 / 143.024     119.864 / 2796.200    119.864 / 2796.200    ms
[1370.268s][info][gc,stats    ]       Phase: Pause Mark End                                0.009 / 0.010         0.011 / 0.052         0.046 / 4.475         0.046 / 4.475       ms
[1370.268s][info][gc,stats    ]       Phase: Pause Mark Start                              0.008 / 0.008         0.005 / 0.015         0.041 / 7.250         0.041 / 7.250       ms
[1370.268s][info][gc,stats    ]       Phase: Pause Relocate Start                          0.006 / 0.007         0.007 / 0.024         0.020 / 1.046         0.020 / 1.046       ms
[1370.268s][info][gc,stats    ]    Subphase: Concurrent Classes Purge                      0.028 / 0.046         0.231 / 1.253         0.492 / 5.775         0.492 / 5.775       ms
[1370.268s][info][gc,stats    ]    Subphase: Concurrent Classes Unlink                    13.602 / 13.913       12.227 / 20.934       20.127 / 1489.339     20.127 / 1489.339    ms
[1370.268s][info][gc,stats    ]    Subphase: Concurrent Mark                             779.889 / 891.642     517.239 / 891.642     715.318 / 5176.991    715.318 / 5176.991    ms
[1370.268s][info][gc,stats    ]    Subphase: Concurrent Mark Try Flush                     0.067 / 0.125         0.060 / 0.313         2.231 / 786.951       2.231 / 786.951     ms
[1370.268s][info][gc,stats    ]    Subphase: Concurrent Mark Try Terminate                 0.023 / 0.079         0.225 / 1.654         0.959 / 12.169        0.959 / 12.169      ms
[1370.268s][info][gc,stats    ]    Subphase: Concurrent References Enqueue                 0.001 / 0.002         0.002 / 0.004         0.002 / 0.006         0.002 / 0.006       ms
[1370.268s][info][gc,stats    ]    Subphase: Concurrent References Process                 0.264 / 0.306         0.896 / 3.889         0.656 / 3.889         0.656 / 3.889       ms
[1370.268s][info][gc,stats    ]    Subphase: Concurrent Roots ClassLoaderDataGraph         0.539 / 0.539         0.305 / 0.953         0.528 / 40.174        0.528 / 40.174      ms
[1370.268s][info][gc,stats    ]    Subphase: Concurrent Roots CodeCache                    0.000 / 0.000         0.000 / 0.000         0.000 / 0.000         0.000 / 0.000       ms
[1370.268s][info][gc,stats    ]    Subphase: Concurrent Roots JavaThreads                  1.618 / 1.718         1.277 / 2.108         5.144 / 441.054       5.144 / 441.054     ms
[1370.268s][info][gc,stats    ]    Subphase: Concurrent Roots OopStorageSet                0.154 / 0.154         0.088 / 0.369         0.889 / 136.487       0.889 / 136.487     ms
[1370.268s][info][gc,stats    ]    Subphase: Concurrent Weak Roots OopStorageSet           2.692 / 2.892         2.088 / 5.756         1.873 / 11.047        1.873 / 11.047      ms
[1370.268s][info][gc,stats    ]    Subphase: Pause Mark Try Complete                       0.000 / 0.000         0.001 / 0.001         0.001 / 0.003         0.001 / 0.003       ms
[1370.268s][info][gc,stats    ]      System: Java Threads                                     83 / 83               83 / 84               78 / 84               78 / 84          threads
[1370.268s][info][gc,stats    ] =========================================================================================================================================================
[1373.168s][info][gc,start    ] GC(213) Garbage Collection (Allocation Rate)
[1373.168s][info][gc,task     ] GC(213) Using 1 workers
[1373.168s][info][gc,phases   ] GC(213) Pause Mark Start 0.006ms
[1373.786s][info][gc,phases   ] GC(213) Concurrent Mark 618.057ms
[1373.786s][info][gc,phases   ] GC(213) Pause Mark End 0.010ms
[1373.786s][info][gc,phases   ] GC(213) Concurrent Mark Free 0.001ms
[1373.802s][info][gc,phases   ] GC(213) Concurrent Process Non-Strong References 16.473ms
[1373.803s][info][gc,phases   ] GC(213) Concurrent Reset Relocation Set 0.129ms
[1373.810s][info][gc,phases   ] GC(213) Concurrent Select Relocation Set 6.989ms
[1373.810s][info][gc,phases   ] GC(213) Pause Relocate Start 0.010ms
[1373.894s][info][gc,phases   ] GC(213) Concurrent Relocate 84.474ms
[1373.894s][info][gc,load     ] GC(213) Load: 0.00/0.00/0.00
[1373.894s][info][gc,mmu      ] GC(213) MMU: 2ms/0.0%, 5ms/0.0%, 10ms/27.5%, 20ms/63.8%, 50ms/85.5%, 100ms/92.8%
[1373.894s][info][gc,marking  ] GC(213) Mark: 1 stripe(s), 2 proactive flush(es), 1 terminate flush(es), 0 completion(s), 0 continuation(s) 
[1373.894s][info][gc,marking  ] GC(213) Mark Stack Usage: 32M
[1373.894s][info][gc,nmethod  ] GC(213) NMethods: 10801 registered, 589 unregistered
[1373.894s][info][gc,metaspace] GC(213) Metaspace: 132M used, 133M committed, 1152M reserved
[1373.894s][info][gc,ref      ] GC(213) Soft: 6090 encountered, 0 discovered, 0 enqueued
[1373.894s][info][gc,ref      ] GC(213) Weak: 23396 encountered, 12518 discovered, 2 enqueued
[1373.894s][info][gc,ref      ] GC(213) Final: 34 encountered, 0 discovered, 0 enqueued
[1373.894s][info][gc,ref      ] GC(213) Phantom: 1101 encountered, 734 discovered, 0 enqueued
[1373.895s][info][gc,reloc    ] GC(213) Small Pages: 3465 / 6930M, Empty: 2110M, Relocated: 129M, In-Place: 0
[1373.895s][info][gc,reloc    ] GC(213) Medium Pages: 2 / 64M, Empty: 0M, Relocated: 0M, In-Place: 0
[1373.895s][info][gc,reloc    ] GC(213) Large Pages: 0 / 0M, Empty: 0M, Relocated: 0M, In-Place: 0
[1373.895s][info][gc,reloc    ] GC(213) Forwarding Usage: 39M
[1373.895s][info][gc,heap     ] GC(213) Min Capacity: 8192M(100%)
[1373.895s][info][gc,heap     ] GC(213) Max Capacity: 8192M(100%)
[1373.895s][info][gc,heap     ] GC(213) Soft Max Capacity: 8192M(100%)
[1373.895s][info][gc,heap     ] GC(213)                Mark Start          Mark End        Relocate Start      Relocate End           High               Low         
[1373.895s][info][gc,heap     ] GC(213)  Capacity:     8192M (100%)       8192M (100%)       8192M (100%)       8192M (100%)       8192M (100%)       8192M (100%)   
[1373.895s][info][gc,heap     ] GC(213)      Free:     1198M (15%)         764M (9%)         2852M (35%)        6992M (85%)        6992M (85%)         750M (9%)     
[1373.895s][info][gc,heap     ] GC(213)      Used:     6994M (85%)        7428M (91%)        5340M (65%)        1200M (15%)        7442M (91%)        1200M (15%)    
[1373.895s][info][gc,heap     ] GC(213)      Live:         -               621M (8%)          621M (8%)          621M (8%)             -                  -          
[1373.895s][info][gc,heap     ] GC(213) Allocated:         -               434M (5%)          456M (6%)          502M (6%)             -                  -          
[1373.895s][info][gc,heap     ] GC(213)   Garbage:         -              6372M (78%)        4262M (52%)          76M (1%)             -                  -          
[1373.895s][info][gc,heap     ] GC(213) Reclaimed:         -                  -              2110M (26%)        6296M (77%)            -                  -          
[1373.895s][info][gc          ] GC(213) Garbage Collection (Allocation Rate) 6994M(85%)->1200M(15%)
[1380.268s][info][gc,stats    ] === Garbage Collection Statistics =======================================================================================================================
[1380.268s][info][gc,stats    ]                                                              Last 10s              Last 10m              Last 10h                Total
[1380.268s][info][gc,stats    ]                                                              Avg / Max             Avg / Max             Avg / Max             Avg / Max
[1380.268s][info][gc,stats    ]   Collector: Garbage Collection Cycle                    726.872 / 726.872     668.948 / 1065.588    963.956 / 7809.708    963.956 / 7809.708    ms
[1380.268s][info][gc,stats    ]  Contention: Mark Segment Reset Contention                     0 / 0                 0 / 5                 0 / 9                 0 / 9           ops/s
[1380.268s][info][gc,stats    ]  Contention: Mark SeqNum Reset Contention                      0 / 0                 0 / 1                 0 / 1                 0 / 1           ops/s
[1380.268s][info][gc,stats    ]    Critical: Allocation Stall                                  0 / 0                 0 / 0                 0 / 0                 0 / 0           ops/s
[1380.268s][info][gc,stats    ]    Critical: Allocation Stall                              0.000 / 0.000         0.000 / 0.000         0.000 / 0.000         0.000 / 0.000       ms
[1380.268s][info][gc,stats    ]    Critical: GC Locker Stall                                   0 / 0                 0 / 2                 0 / 2                 0 / 2           ops/s
[1380.268s][info][gc,stats    ]    Critical: GC Locker Stall                               0.000 / 0.000         0.069 / 0.268         0.052 / 0.268         0.052 / 0.268       ms
[1380.268s][info][gc,stats    ]    Critical: Relocation Stall                                  0 / 0                 0 / 0                 0 / 0                 0 / 0           ops/s
[1380.268s][info][gc,stats    ]    Critical: Relocation Stall                              0.000 / 0.000         0.000 / 0.000         0.000 / 0.000         0.000 / 0.000       ms
[1380.268s][info][gc,stats    ]      Memory: Allocation Rate                                 650 / 836             813 / 1750            746 / 1750            746 / 1750        MB/s
[1380.268s][info][gc,stats    ]      Memory: Defragment                                        0 / 0                 0 / 0                 0 / 0                 0 / 0           ops/s
[1380.268s][info][gc,stats    ]      Memory: Out Of Memory                                     0 / 0                 0 / 0                 0 / 0                 0 / 0           ops/s
[1380.268s][info][gc,stats    ]      Memory: Page Cache Flush                                  0 / 0                 0 / 0                 0 / 0                 0 / 0           MB/s
[1380.268s][info][gc,stats    ]      Memory: Page Cache Hit L1                               331 / 418             413 / 943             377 / 943             377 / 943         ops/s
[1380.268s][info][gc,stats    ]      Memory: Page Cache Hit L2                                 0 / 0                 0 / 0                 0 / 0                 0 / 0           ops/s
[1380.268s][info][gc,stats    ]      Memory: Page Cache Hit L3                                 0 / 0                 0 / 15                2 / 397               2 / 397         ops/s
[1380.268s][info][gc,stats    ]      Memory: Page Cache Miss                                   0 / 0                 0 / 0                 0 / 1                 0 / 1           ops/s
[1380.268s][info][gc,stats    ]      Memory: Uncommit                                          0 / 0                 0 / 0                 0 / 0                 0 / 0           MB/s
[1380.268s][info][gc,stats    ]      Memory: Undo Object Allocation Failed                     0 / 0                 0 / 0                 0 / 0                 0 / 0           ops/s
[1380.268s][info][gc,stats    ]      Memory: Undo Object Allocation Succeeded                  0 / 0                 0 / 83                1 / 400               1 / 400         ops/s
[1380.268s][info][gc,stats    ]      Memory: Undo Page Allocation                              0 / 0                 0 / 1                 0 / 1                 0 / 1           ops/s
[1380.268s][info][gc,stats    ]       Phase: Concurrent Mark                             618.057 / 618.057     564.387 / 893.982     752.189 / 5264.294    752.189 / 5264.294    ms
[1380.268s][info][gc,stats    ]       Phase: Concurrent Mark Continue                      0.000 / 0.000         0.000 / 0.000         0.000 / 0.000         0.000 / 0.000       ms
[1380.268s][info][gc,stats    ]       Phase: Concurrent Mark Free                          0.001 / 0.001         0.000 / 0.001         0.001 / 0.003         0.001 / 0.003       ms
[1380.268s][info][gc,stats    ]       Phase: Concurrent Process Non-Strong References     16.473 / 16.473       15.944 / 30.310       26.498 / 1493.667     26.498 / 1493.667    ms
[1380.268s][info][gc,stats    ]       Phase: Concurrent Relocate                          84.474 / 84.474       73.638 / 150.321      60.422 / 150.389      60.422 / 150.389     ms
[1380.268s][info][gc,stats    ]       Phase: Concurrent Reset Relocation Set               0.129 / 0.129         0.183 / 0.488         0.152 / 0.488         0.152 / 0.488       ms
[1380.268s][info][gc,stats    ]       Phase: Concurrent Select Relocation Set              6.989 / 6.989        14.129 / 143.024     119.336 / 2796.200    119.336 / 2796.200    ms
[1380.268s][info][gc,stats    ]       Phase: Pause Mark End                                0.010 / 0.010         0.011 / 0.052         0.045 / 4.475         0.045 / 4.475       ms
[1380.268s][info][gc,stats    ]       Phase: Pause Mark Start                              0.006 / 0.006         0.005 / 0.015         0.041 / 7.250         0.041 / 7.250       ms
[1380.268s][info][gc,stats    ]       Phase: Pause Relocate Start                          0.010 / 0.010         0.007 / 0.024         0.020 / 1.046         0.020 / 1.046       ms
[1380.268s][info][gc,stats    ]    Subphase: Concurrent Classes Purge                      0.036 / 0.036         0.222 / 1.253         0.490 / 5.775         0.490 / 5.775       ms
[1380.268s][info][gc,stats    ]    Subphase: Concurrent Classes Unlink                    12.522 / 12.522       12.229 / 20.934       20.092 / 1489.339     20.092 / 1489.339    ms
[1380.268s][info][gc,stats    ]    Subphase: Concurrent Mark                             616.103 / 616.103     516.894 / 891.642     715.016 / 5176.991    715.016 / 5176.991    ms
[1380.268s][info][gc,stats    ]    Subphase: Concurrent Mark Try Flush                     0.036 / 0.056         0.059 / 0.313         2.221 / 786.951       2.221 / 786.951     ms
[1380.268s][info][gc,stats    ]    Subphase: Concurrent Mark Try Terminate                 0.008 / 0.016         0.225 / 1.654         0.958 / 12.169        0.958 / 12.169      ms
[1380.268s][info][gc,stats    ]    Subphase: Concurrent References Enqueue                 0.002 / 0.002         0.002 / 0.004         0.002 / 0.006         0.002 / 0.006       ms
[1380.268s][info][gc,stats    ]    Subphase: Concurrent References Process                 1.310 / 1.310         0.896 / 3.889         0.659 / 3.889         0.659 / 3.889       ms
[1380.268s][info][gc,stats    ]    Subphase: Concurrent Roots ClassLoaderDataGraph         0.274 / 0.274         0.305 / 0.953         0.528 / 40.174        0.528 / 40.174      ms
[1380.268s][info][gc,stats    ]    Subphase: Concurrent Roots CodeCache                    0.000 / 0.000         0.000 / 0.000         0.000 / 0.000         0.000 / 0.000       ms
[1380.268s][info][gc,stats    ]    Subphase: Concurrent Roots JavaThreads                  1.490 / 1.490         1.277 / 2.108         5.133 / 441.054       5.133 / 441.054     ms
