[0.012s][info][gc] Min heap equals to max heap, disabling ShenandoahUncommit
[0.024s][info][gc] Heuristics ergonomically sets -XX:-ShenandoahPacing
[0.024s][info][gc] Heuristics ergonomically sets -XX:-ShenandoahLoadRefBarrier
[0.024s][info][gc] Heuristics ergonomically sets -XX:-ShenandoahSATBBarrier
[0.024s][info][gc] Heuristics ergonomically sets -XX:-ShenandoahCASBarrier
[0.024s][info][gc] Heuristics ergonomically sets -XX:-ShenandoahCloneBarrier
[0.024s][info][gc] Heuristics ergonomically sets -XX:-ShenandoahStackWatermarkBarrier
[0.024s][info][gc] Using Shenandoah
[0.035s][info][gc,init] Version: 22.0.2+9 (release)
[0.035s][info][gc,init] CPUs: 16 total, 8 available
[0.035s][info][gc,init] Memory: 16099M
[0.035s][info][gc,init] Large Page Support: Disabled
[0.035s][info][gc,init] NUMA Support: Disabled
[0.035s][info][gc,init] Compressed Oops: Enabled (Zero based)
[0.035s][info][gc,init] Heap Min Capacity: 8G
[0.035s][info][gc,init] Heap Initial Capacity: 8G
[0.035s][info][gc,init] Heap Max Capacity: 8G
[0.035s][info][gc,init] Pre-touch: Disabled
[0.035s][info][gc,init] Mode: Passive
[0.035s][info][gc,init] Heuristics: Passive
[0.035s][info][gc,init] Heap Region Count: 2048
[0.035s][info][gc,init] Heap Region Size: 4M
[0.035s][info][gc,init] TLAB Size Max: 4M
[0.035s][info][gc,init] Humongous Object Threshold: 4M
[0.035s][info][gc,init] Parallel Workers: 4
[0.035s][info][gc,init] Concurrent Workers: 2
[0.058s][info][gc,metaspace] CDS archive(s) mapped at: [0x0000023fb8000000-0x0000023fb8c60000-0x0000023fb8c60000), size 12976128, SharedBaseAddress: 0x0000023fb8000000, ArchiveRelocationMode: 1.
[0.058s][info][gc,metaspace] Compressed class space mapped at: 0x0000023fb9000000-0x0000023ff9000000, reserved size: 1073741824
[0.058s][info][gc,metaspace] Narrow klass base: 0x0000023fb8000000, Narrow klass shift: 0, Narrow klass range: 0x41000000
[12.330s][info][gc          ] Trigger: Implicit GC request (CodeCache GC Threshold)
[12.330s][info][gc,ergo     ] Free: 4824M, Max: 4096K regular, 4824M humongous, Frag: 0% external, 0% internal; Reserve: 412M, Max: 4096K
[12.331s][info][gc,start    ] GC(0) Pause Full
[12.331s][info][gc,task     ] GC(0) Using 4 of 4 workers for full gc
[12.331s][info][gc,phases,start] GC(0) Phase 1: Mark live objects
[12.331s][info][gc,ref         ] GC(0) Clearing All SoftReferences
[12.331s][info][gc,ref         ] GC(0) Clearing All SoftReferences
[12.436s][info][gc,ref         ] GC(0) Encountered references: Soft: 5449, Weak: 31462, Final: 36, Phantom: 17018
[12.436s][info][gc,ref         ] GC(0) Discovered  references: Soft: 2995, Weak: 20953, Final: 36, Phantom: 10209
[12.436s][info][gc,ref         ] GC(0) Enqueued    references: Soft: 2350, Weak: 11789, Final: 2, Phantom: 9793
[12.473s][info][gc,phases      ] GC(0) Phase 1: Mark live objects 142.302ms
[12.473s][info][gc,phases,start] GC(0) Phase 2: Compute new object addresses
[12.532s][info][gc,phases      ] GC(0) Phase 2: Compute new object addresses 58.615ms
[12.532s][info][gc,phases,start] GC(0) Phase 3: Adjust pointers
[12.610s][info][gc,phases      ] GC(0) Phase 3: Adjust pointers 77.925ms
[12.610s][info][gc,phases,start] GC(0) Phase 4: Move objects
[12.685s][info][gc,phases      ] GC(0) Phase 4: Move objects 74.904ms
[12.686s][info][gc,ergo        ] GC(0) Good progress for free space: 7537M, need 83886K
[12.686s][info][gc,ergo        ] GC(0) Good progress for used space: 2611M, need 4096K
[12.686s][info][gc             ] GC(0) Pause Full 2853M->242M(8192M) 355.650ms
[12.686s][info][gc,ergo        ] Free: 7537M, Max: 4096K regular, 7524M humongous, Frag: 0% external, 2% internal; Reserve: 412M, Max: 4096K
[12.686s][info][gc,stats       ] 
[12.686s][info][gc,stats       ] All times are wall-clock times, except per-root-class counters, that are sum over
[12.686s][info][gc,stats       ] all workers. Dividing the <total> over the root stage time estimates parallelism.
[12.686s][info][gc,stats       ] 
[12.686s][info][gc,stats       ] Pause Full GC (G)                355732 us
[12.687s][info][gc,stats       ] Pause Full GC (N)                355663 us
[12.687s][info][gc,stats       ]   Pre Heap Dump                       0 us
[12.687s][info][gc,stats       ]   Prepare                            61 us
[12.687s][info][gc,stats       ]   Mark                           142287 us, parallelism: 2.82x
[12.687s][info][gc,stats       ]     FM: <total>                  401831 us
[12.687s][info][gc,stats       ]     FM: Thread Roots               2030 us, workers (us): 342, 578, 618, 493, 
[12.687s][info][gc,stats       ]     FM: VM Strong Roots             176 us, workers (us):   0,  61,  11, 103, 
[12.687s][info][gc,stats       ]     FM: CLDG Roots                  555 us, workers (us): 513,  13,  11,  18, 
[12.687s][info][gc,stats       ]     FM: Parallel Mark            399071 us, workers (us): 99607, 99815, 99824, 99825, 
[12.687s][info][gc,stats       ]     System Purge                  40572 us
[12.687s][info][gc,stats       ]       Weak References              3414 us, parallelism: 1.15x
[12.687s][info][gc,stats       ]         WRP: <total>               3925 us
[12.687s][info][gc,stats       ]         WRP: Weak References       3925 us, workers (us): 3276, 338, 213,  98, 
[12.687s][info][gc,stats       ]       Unload Classes               8994 us, parallelism: 3.61x
[12.687s][info][gc,stats       ]         CU: <total>               32467 us
[12.687s][info][gc,stats       ]         CU: Unload Code Caches    16228 us, workers (us): 4057, 4065, 4066, 4040, 
[12.687s][info][gc,stats       ]         CU: Unlink CLDs           16239 us, workers (us): 4080, 4064, 4051, 4043, 
[12.687s][info][gc,stats       ]       Weak Roots                    571 us, parallelism: 3.70x
[12.687s][info][gc,stats       ]         WR: <total>                2112 us
[12.687s][info][gc,stats       ]         WR: VM Weak Roots          2112 us, workers (us): 545, 543, 524, 500, 
[12.687s][info][gc,stats       ]       CLDG                         2572 us
[12.687s][info][gc,stats       ]   Calculate Addresses             58603 us
[12.687s][info][gc,stats       ]     Regular Objects               58536 us
[12.687s][info][gc,stats       ]     Humongous Objects                10 us
[12.687s][info][gc,stats       ]   Adjust Pointers                 77913 us
[12.687s][info][gc,stats       ]     FA: <total>                   21784 us
[12.687s][info][gc,stats       ]     FA: Thread Roots                178 us, workers (us):   2,   3, 172,   1, 
[12.687s][info][gc,stats       ]     FA: Code Cache Roots          10246 us, workers (us): 3020, 1958, 2390, 2878, 
[12.687s][info][gc,stats       ]     FA: VM Strong Roots              57 us, workers (us):  19,  20,  18,   0, 
[12.687s][info][gc,stats       ]     FA: VM Weak Roots              9655 us, workers (us): 2414, 2413, 2424, 2403, 
[12.687s][info][gc,stats       ]     FA: CLDG Roots                 1647 us, workers (us): 129, 1003, 393, 123, 
[12.687s][info][gc,stats       ]   Copy Objects                    74891 us
[12.687s][info][gc,stats       ]     Regular Objects               71059 us
[12.687s][info][gc,stats       ]     Humongous Objects                14 us
[12.687s][info][gc,stats       ]     Reset Complete Bitmap          3705 us
[12.687s][info][gc,stats       ]     Rebuild Region Sets             108 us
[12.687s][info][gc,stats       ]   Post Heap Dump                      1 us
[12.687s][info][gc,metaspace   ] Metaspace: 115786K(116928K)->115314K(116928K) NonClass: 100127K(100800K)->99786K(100800K) Class: 15658K(16128K)->15528K(16128K)
[28.303s][info][gc             ] Failed to allocate TLAB, 4096K
[28.303s][info][gc             ] Cancelling GC: Allocation Failure
[28.304s][info][gc             ] Trigger: Handle Allocation Failure
[28.304s][info][gc,ergo        ] Free: 0B, Max: 0B regular, 0B humongous, Frag: 0% external, 0% internal; Reserve: 412M, Max: 4096K
[28.304s][info][gc,start       ] GC(1) Pause Degenerated GC (Outside of Cycle)
[28.304s][info][gc,task        ] GC(1) Using 4 of 4 workers for stw degenerated gc
[28.304s][info][gc,ref         ] GC(1) Clearing All SoftReferences
[28.409s][info][gc,ref         ] GC(1) Encountered references: Soft: 3516, Weak: 23071, Final: 34, Phantom: 1483
[28.409s][info][gc,ref         ] GC(1) Discovered  references: Soft: 3036, Weak: 14442, Final: 0, Phantom: 1401
[28.409s][info][gc,ref         ] GC(1) Enqueued    references: Soft: 363, Weak: 1526, Final: 0, Phantom: 1010
[28.461s][info][gc,ergo        ] GC(1) CSet Selection. Actual Free: 892M, Max CSet: 743M
[28.461s][info][gc,ergo        ] GC(1) Collectable Garbage: 7406M (99%), Immediate: 480M (6%), CSet: 6926M (93%)
[28.617s][info][gc,ergo        ] GC(1) Good progress for free space: 7401M, need 83886K
[28.617s][info][gc,ergo        ] GC(1) Good progress for used space: 7398M, need 4096K
[28.617s][info][gc             ] GC(1) Pause Degenerated GC (Outside of Cycle) 7777M->378M(8192M) 313.043ms
[28.617s][info][gc,ergo        ] Free: 7397M, Max: 4096K regular, 6952M humongous, Frag: 7% external, 1% internal; Reserve: 412M, Max: 4096K
[28.617s][info][gc,stats       ] 
[28.617s][info][gc,stats       ] All times are wall-clock times, except per-root-class counters, that are sum over
[28.617s][info][gc,stats       ] all workers. Dividing the <total> over the root stage time estimates parallelism.
[28.617s][info][gc,stats       ] 
[28.617s][info][gc,stats       ] Pause Degenerated GC (G)         313098 us
[28.617s][info][gc,stats       ] Pause Degenerated GC (N)         313057 us
[28.617s][info][gc,stats       ]   Degen STW Mark                 103448 us, parallelism: 3.92x
[28.617s][info][gc,stats       ]     DSM: <total>                 405629 us
[28.617s][info][gc,stats       ]     DSM: Thread Roots               726 us, workers (us): 174, 198, 180, 173, 
[28.617s][info][gc,stats       ]     DSM: VM Strong Roots            170 us, workers (us):  58,   0,  54,  58, 
[28.617s][info][gc,stats       ]     DSM: CLDG Roots                 340 us, workers (us):  36, 239,  29,  36, 
[28.617s][info][gc,stats       ]     DSM: Parallel Mark           404394 us, workers (us): 101145, 100968, 101140, 101140, 
[28.617s][info][gc,stats       ]     System Purge                  52730 us
[28.617s][info][gc,stats       ]       Weak References              1244 us, parallelism: 1.35x
[28.617s][info][gc,stats       ]         WRP: <total>               1680 us
[28.617s][info][gc,stats       ]         WRP: Weak References       1680 us, workers (us): 1163, 309, 141,  67, 
[28.617s][info][gc,stats       ]       Unload Classes              12334 us, parallelism: 3.85x
[28.617s][info][gc,stats       ]         DCU: <total>              47440 us
[28.617s][info][gc,stats       ]         DCU: Unload Code Caches    22286 us, workers (us): 5582, 5598, 5568, 5538, 
[28.618s][info][gc,stats       ]         DCU: Unlink CLDs          25154 us, workers (us): 6287, 6284, 6288, 6295, 
[28.618s][info][gc,stats       ]       Weak Roots                    267 us, parallelism: 3.51x
[28.618s][info][gc,stats       ]         DWR: <total>                936 us
[28.618s][info][gc,stats       ]         DWR: VM Weak Roots          936 us, workers (us): 251, 251, 216, 218, 
[28.618s][info][gc,stats       ]       CLDG                          667 us
[28.618s][info][gc,stats       ]   Update Region States               70 us
[28.618s][info][gc,stats       ]   Manage GC/TLABs                    12 us
[28.618s][info][gc,stats       ]   Choose Collection Set              87 us
[28.618s][info][gc,stats       ]   Rebuild Free Set                    8 us
[28.618s][info][gc,stats       ]   Evacuation                      99326 us
[28.618s][info][gc,stats       ]   Manage GCLABs                      11 us
[28.618s][info][gc,stats       ]   Update References               51201 us
[28.618s][info][gc,stats       ]   Update Region States               48 us
[28.618s][info][gc,stats       ]   Trash Collection Set               18 us
[28.618s][info][gc,stats       ]   Rebuild Free Set                    8 us
[28.618s][info][gc,stats       ]   Degen Update Roots               4584 us, parallelism: 3.92x
[28.618s][info][gc,stats       ]     DU: <total>                   17988 us
[28.618s][info][gc,stats       ]     DU: Thread Roots                174 us, workers (us):  62,  20,  91,   1, 
[28.618s][info][gc,stats       ]     DU: Code Cache Roots          12749 us, workers (us): 3241, 3049, 3212, 3247, 
[28.618s][info][gc,stats       ]     DU: VM Strong Roots              19 us, workers (us):   9,  10,   0,   0, 
[28.618s][info][gc,stats       ]     DU: VM Weak Roots              4502 us, workers (us): 1136, 1138, 1115, 1114, 
[28.618s][info][gc,stats       ]     DU: CLDG Roots                  544 us, workers (us):  62, 294,  61, 127, 
[28.618s][info][gc,stats       ]   Cleanup                            65 us
[28.618s][info][gc,metaspace   ] Metaspace: 129809K(130944K)->129576K(130944K) NonClass: 109427K(110080K)->109259K(110080K) Class: 20382K(20864K)->20316K(20864K)
[40.635s][info][gc             ] Failed to allocate TLAB, 4096K
[40.635s][info][gc             ] Trigger: Handle Allocation Failure
[40.635s][info][gc             ] Cancelling GC: Allocation Failure
[40.635s][info][gc,ergo        ] Free: 0B, Max: 0B regular, 0B humongous, Frag: 0% external, 0% internal; Reserve: 412M, Max: 4096K
[40.635s][info][gc,start       ] GC(2) Pause Degenerated GC (Outside of Cycle)
[40.635s][info][gc,task        ] GC(2) Using 4 of 4 workers for stw degenerated gc
[40.651s][info][gc,ref         ] GC(2) Clearing All SoftReferences
[40.747s][info][gc,ref         ] GC(2) Encountered references: Soft: 3175, Weak: 21643, Final: 34, Phantom: 527
[40.747s][info][gc,ref         ] GC(2) Discovered  references: Soft: 1403, Weak: 11325, Final: 0, Phantom: 454
[40.747s][info][gc,ref         ] GC(2) Enqueued    references: Soft: 21, Weak: 59, Final: 0, Phantom: 39
[40.767s][info][gc,ergo        ] GC(2) CSet Selection. Actual Free: 2768M, Max CSet: 2306M
[40.767s][info][gc,ergo        ] GC(2) Collectable Garbage: 7380M (99%), Immediate: 2356M (31%), CSet: 5024M (67%)
[40.858s][info][gc,ergo        ] GC(2) Good progress for free space: 7372M, need 83886K
[40.858s][info][gc,ergo        ] GC(2) Good progress for used space: 7372M, need 4096K
[40.858s][info][gc             ] GC(2) Pause Degenerated GC (Outside of Cycle) 7779M->407M(8192M) 223.203ms
[40.859s][info][gc,ergo        ] Free: 7360M, Max: 4096K regular, 6924M humongous, Frag: 6% external, 1% internal; Reserve: 412M, Max: 4096K
[40.859s][info][gc,stats       ] 
[40.859s][info][gc,stats       ] All times are wall-clock times, except per-root-class counters, that are sum over
[40.859s][info][gc,stats       ] all workers. Dividing the <total> over the root stage time estimates parallelism.
[40.859s][info][gc,stats       ] 
[40.859s][info][gc,stats       ] Pause Degenerated GC (G)         223331 us
[40.859s][info][gc,stats       ] Pause Degenerated GC (N)         223218 us
[40.859s][info][gc,stats       ]   Degen STW Mark                  95790 us, parallelism: 3.93x
[40.859s][info][gc,stats       ]     DSM: <total>                 376660 us
[40.859s][info][gc,stats       ]     DSM: Thread Roots               548 us, workers (us): 144, 144, 143, 116, 
[40.859s][info][gc,stats       ]     DSM: VM Strong Roots             61 us, workers (us):  22,  18,   0,  21, 
[40.859s][info][gc,stats       ]     DSM: CLDG Roots                 371 us, workers (us):  33,  33, 275,  30, 
[40.859s][info][gc,stats       ]     DSM: Parallel Mark           375680 us, workers (us): 93970, 93978, 93751, 93981, 
[40.859s][info][gc,stats       ]     System Purge                  20572 us
[40.859s][info][gc,stats       ]       Weak References              1013 us, parallelism: 1.08x
[40.859s][info][gc,stats       ]         WRP: <total>               1090 us
[40.859s][info][gc,stats       ]         WRP: Weak References       1090 us, workers (us):  79, 934,  60,  17, 
[40.859s][info][gc,stats       ]       Unload Classes               9830 us, parallelism: 3.92x
[40.859s][info][gc,stats       ]         DCU: <total>              38484 us
[40.859s][info][gc,stats       ]         DCU: Unload Code Caches    18410 us, workers (us): 4615, 4622, 4607, 4566, 
[40.859s][info][gc,stats       ]         DCU: Unlink CLDs          20074 us, workers (us): 5004, 5001, 5034, 5035, 
[40.859s][info][gc,stats       ]       Weak Roots                    206 us, parallelism: 3.57x
[40.859s][info][gc,stats       ]         DWR: <total>                736 us
[40.859s][info][gc,stats       ]         DWR: VM Weak Roots          736 us, workers (us): 192, 192, 191, 162, 
[40.859s][info][gc,stats       ]       CLDG                          153 us
[40.859s][info][gc,stats       ]   Update Region States               67 us
[40.859s][info][gc,stats       ]   Manage GC/TLABs                     9 us
[40.859s][info][gc,stats       ]   Choose Collection Set              84 us
[40.859s][info][gc,stats       ]   Rebuild Free Set                   11 us
[40.859s][info][gc,stats       ]   Evacuation                      40539 us
[40.859s][info][gc,stats       ]   Manage GCLABs                       8 us
[40.859s][info][gc,stats       ]   Update References               44917 us
[40.859s][info][gc,stats       ]   Update Region States               52 us
[40.859s][info][gc,stats       ]   Trash Collection Set               16 us
[40.859s][info][gc,stats       ]   Rebuild Free Set                   13 us
[40.859s][info][gc,stats       ]   Degen Update Roots               4431 us, parallelism: 3.89x
[40.859s][info][gc,stats       ]     DU: <total>                   17237 us
[40.859s][info][gc,stats       ]     DU: Thread Roots                167 us, workers (us):  76,   1,  90,   1, 
[40.859s][info][gc,stats       ]     DU: Code Cache Roots          12606 us, workers (us): 3123, 3207, 3109, 3167, 
[40.859s][info][gc,stats       ]     DU: VM Strong Roots               6 us, workers (us):   2,   2,   2,   0, 
[40.859s][info][gc,stats       ]     DU: VM Weak Roots              4086 us, workers (us): 1028, 1028, 1030, 1000, 
[40.859s][info][gc,stats       ]     DU: CLDG Roots                  372 us, workers (us):  59,  85,  57, 171, 
[40.859s][info][gc,stats       ]   Cleanup                            48 us
[40.859s][info][gc,metaspace   ] Metaspace: 130173K(131264K)->130170K(131264K) NonClass: 109819K(110400K)->109817K(110400K) Class: 20354K(20864K)->20353K(20864K)
[52.283s][info][gc             ] Failed to allocate TLAB, 4096K
[52.283s][info][gc             ] Cancelling GC: Allocation Failure
[52.283s][info][gc             ] Trigger: Handle Allocation Failure
[52.283s][info][gc,ergo        ] Free: 0B, Max: 0B regular, 0B humongous, Frag: 0% external, 0% internal; Reserve: 412M, Max: 4096K
[52.283s][info][gc,start       ] GC(3) Pause Degenerated GC (Outside of Cycle)
[52.283s][info][gc,task        ] GC(3) Using 4 of 4 workers for stw degenerated gc
[52.295s][info][gc,ref         ] GC(3) Clearing All SoftReferences
[52.394s][info][gc,ref         ] GC(3) Encountered references: Soft: 3179, Weak: 21664, Final: 34, Phantom: 513
[52.394s][info][gc,ref         ] GC(3) Discovered  references: Soft: 2697, Weak: 11748, Final: 0, Phantom: 443
[52.394s][info][gc,ref         ] GC(3) Enqueued    references: Soft: 16, Weak: 38, Final: 0, Phantom: 22
[52.409s][info][gc,ergo        ] GC(3) CSet Selection. Actual Free: 2308M, Max CSet: 1923M
[52.409s][info][gc,ergo        ] GC(3) Collectable Garbage: 7354M (99%), Immediate: 1896M (25%), CSet: 5458M (74%)
[52.517s][info][gc,ergo        ] GC(3) Good progress for free space: 7348M, need 83886K
[52.517s][info][gc,ergo        ] GC(3) Good progress for used space: 7348M, need 4096K
[52.517s][info][gc             ] GC(3) Pause Degenerated GC (Outside of Cycle) 7779M->431M(8192M) 233.546ms
[52.517s][info][gc,ergo        ] Free: 7340M, Max: 4096K regular, 6900M humongous, Frag: 6% external, 1% internal; Reserve: 412M, Max: 4096K
[52.517s][info][gc,stats       ] 
[52.517s][info][gc,stats       ] All times are wall-clock times, except per-root-class counters, that are sum over
[52.517s][info][gc,stats       ] all workers. Dividing the <total> over the root stage time estimates parallelism.
[52.517s][info][gc,stats       ] 
[52.517s][info][gc,stats       ] Pause Degenerated GC (G)         233601 us
[52.517s][info][gc,stats       ] Pause Degenerated GC (N)         233560 us
[52.517s][info][gc,stats       ]   Degen STW Mark                  97462 us, parallelism: 3.93x
[52.517s][info][gc,stats       ]     DSM: <total>                 382845 us
[52.517s][info][gc,stats       ]     DSM: Thread Roots               440 us, workers (us): 124, 115, 115,  86, 
[52.517s][info][gc,stats       ]     DSM: VM Strong Roots             32 us, workers (us):  12,   0,  11,   9, 
[52.517s][info][gc,stats       ]     DSM: CLDG Roots                 285 us, workers (us):  28, 186,  36,  36, 
[52.517s][info][gc,stats       ]     DSM: Parallel Mark           382088 us, workers (us): 95561, 95413, 95560, 95554, 
[52.517s][info][gc,stats       ]     System Purge                  16368 us
[52.517s][info][gc,stats       ]       Weak References              1026 us, parallelism: 1.12x
[52.517s][info][gc,stats       ]         WRP: <total>               1150 us
[52.517s][info][gc,stats       ]         WRP: Weak References       1150 us, workers (us):  40,  63, 133, 914, 
[52.517s][info][gc,stats       ]       Unload Classes               9879 us, parallelism: 3.89x
[52.517s][info][gc,stats       ]         DCU: <total>              38434 us
[52.517s][info][gc,stats       ]         DCU: Unload Code Caches    18812 us, workers (us): 4733, 4718, 4692, 4669, 
[52.517s][info][gc,stats       ]         DCU: Unlink CLDs          19622 us, workers (us): 4892, 4915, 4912, 4904, 
[52.517s][info][gc,stats       ]       Weak Roots                    209 us, parallelism: 3.60x
[52.517s][info][gc,stats       ]         DWR: <total>                752 us
[52.517s][info][gc,stats       ]         DWR: VM Weak Roots          752 us, workers (us): 196, 197, 196, 163, 
[52.517s][info][gc,stats       ]       CLDG                           73 us
[52.517s][info][gc,stats       ]   Update Region States               38 us
[52.517s][info][gc,stats       ]   Manage GC/TLABs                     9 us
[52.517s][info][gc,stats       ]   Choose Collection Set              66 us
[52.517s][info][gc,stats       ]   Rebuild Free Set                   10 us
[52.517s][info][gc,stats       ]   Evacuation                      53508 us
[52.517s][info][gc,stats       ]   Manage GCLABs                       7 us
[52.517s][info][gc,stats       ]   Update References               47829 us
[52.517s][info][gc,stats       ]   Update Region States               23 us
[52.517s][info][gc,stats       ]   Trash Collection Set               17 us
[52.517s][info][gc,stats       ]   Rebuild Free Set                   11 us
[52.517s][info][gc,stats       ]   Degen Update Roots               4807 us, parallelism: 3.91x
[52.517s][info][gc,stats       ]     DU: <total>                   18779 us
[52.517s][info][gc,stats       ]     DU: Thread Roots                171 us, workers (us): 117,  40,  12,   1, 
[52.517s][info][gc,stats       ]     DU: Code Cache Roots          14065 us, workers (us): 3436, 3540, 3566, 3523, 
[52.517s][info][gc,stats       ]     DU: VM Strong Roots               7 us, workers (us):   3,   3,   2,   0, 
[52.517s][info][gc,stats       ]     DU: VM Weak Roots              4151 us, workers (us): 1043, 1046, 1045, 1016, 
[52.517s][info][gc,stats       ]     DU: CLDG Roots                  385 us, workers (us):  89,  60,  62, 174, 
[52.517s][info][gc,stats       ]   Cleanup                            54 us
[52.517s][info][gc,metaspace   ] Metaspace: 130507K(131584K)->130491K(131584K) NonClass: 110121K(110720K)->110110K(110720K) Class: 20385K(20864K)->20381K(20864K)
[63.822s][info][gc             ] Failed to allocate TLAB, 4096K
[63.822s][info][gc             ] Cancelling GC: Allocation Failure
[63.823s][info][gc             ] Trigger: Handle Allocation Failure
[63.823s][info][gc,ergo        ] Free: 0B, Max: 0B regular, 0B humongous, Frag: 0% external, 0% internal; Reserve: 412M, Max: 4096K
[63.823s][info][gc,start       ] GC(4) Pause Degenerated GC (Outside of Cycle)
[63.823s][info][gc,task        ] GC(4) Using 4 of 4 workers for stw degenerated gc
[63.837s][info][gc,ref         ] GC(4) Clearing All SoftReferences
[63.932s][info][gc,ref         ] GC(4) Encountered references: Soft: 3177, Weak: 21705, Final: 34, Phantom: 527
[63.932s][info][gc,ref         ] GC(4) Discovered  references: Soft: 2690, Weak: 7390, Final: 0, Phantom: 453
[63.932s][info][gc,ref         ] GC(4) Enqueued    references: Soft: 8, Weak: 40, Final: 0, Phantom: 27
[63.947s][info][gc,ergo        ] GC(4) CSet Selection. Actual Free: 2756M, Max CSet: 2296M
[63.947s][info][gc,ergo        ] GC(4) Collectable Garbage: 7373M (99%), Immediate: 2344M (31%), CSet: 5029M (68%)
[64.031s][info][gc,ergo        ] GC(4) Good progress for free space: 7364M, need 83886K
[64.031s][info][gc,ergo        ] GC(4) Good progress for used space: 7364M, need 4096K
[64.031s][info][gc             ] GC(4) Pause Degenerated GC (Outside of Cycle) 7779M->415M(8192M) 207.683ms
[64.031s][info][gc,ergo        ] Free: 7356M, Max: 4096K regular, 6916M humongous, Frag: 6% external, 1% internal; Reserve: 412M, Max: 4096K
[64.031s][info][gc,stats       ] 
[64.031s][info][gc,stats       ] All times are wall-clock times, except per-root-class counters, that are sum over
[64.031s][info][gc,stats       ] all workers. Dividing the <total> over the root stage time estimates parallelism.
[64.031s][info][gc,stats       ] 
[64.031s][info][gc,stats       ] Pause Degenerated GC (G)         207776 us
[64.031s][info][gc,stats       ] Pause Degenerated GC (N)         207696 us
[64.031s][info][gc,stats       ]   Degen STW Mark                  94231 us, parallelism: 3.93x
[64.031s][info][gc,stats       ]     DSM: <total>                 370185 us
[64.031s][info][gc,stats       ]     DSM: Thread Roots               627 us, workers (us): 176, 175, 140, 136, 
[64.031s][info][gc,stats       ]     DSM: VM Strong Roots             43 us, workers (us):   0,  12,  15,  16, 
[64.031s][info][gc,stats       ]     DSM: CLDG Roots                 424 us, workers (us): 260,  56,  52,  56, 
[64.031s][info][gc,stats       ]     DSM: Parallel Mark           369091 us, workers (us): 92128, 92319, 92325, 92318, 
[64.031s][info][gc,stats       ]     System Purge                  15638 us
[64.031s][info][gc,stats       ]       Weak References               724 us, parallelism: 1.06x
[64.031s][info][gc,stats       ]         WRP: <total>                768 us
[64.031s][info][gc,stats       ]         WRP: Weak References        768 us, workers (us):  59, 646,  45,  18, 
[64.031s][info][gc,stats       ]       Unload Classes              10964 us, parallelism: 3.91x
[64.031s][info][gc,stats       ]         DCU: <total>              42878 us
[64.031s][info][gc,stats       ]         DCU: Unload Code Caches    18184 us, workers (us): 4551, 4572, 4561, 4500, 
[64.031s][info][gc,stats       ]         DCU: Unlink CLDs          24693 us, workers (us): 6168, 6149, 6183, 6194, 
[64.031s][info][gc,stats       ]       Weak Roots                    212 us, parallelism: 3.62x
[64.031s][info][gc,stats       ]         DWR: <total>                768 us
[64.031s][info][gc,stats       ]         DWR: VM Weak Roots          768 us, workers (us): 200, 200, 199, 169, 
[64.031s][info][gc,stats       ]       CLDG                           35 us
[64.031s][info][gc,stats       ]   Update Region States               40 us
[64.031s][info][gc,stats       ]   Manage GC/TLABs                    10 us
[64.031s][info][gc,stats       ]   Choose Collection Set              85 us
[64.031s][info][gc,stats       ]   Rebuild Free Set                   14 us
[64.031s][info][gc,stats       ]   Evacuation                      32855 us
[64.031s][info][gc,stats       ]   Manage GCLABs                       6 us
[64.031s][info][gc,stats       ]   Update References               44699 us
[64.031s][info][gc,stats       ]   Update Region States               38 us
[64.031s][info][gc,stats       ]   Trash Collection Set               16 us
[64.031s][info][gc,stats       ]   Rebuild Free Set                   12 us
[64.031s][info][gc,stats       ]   Degen Update Roots               4672 us, parallelism: 3.92x
[64.031s][info][gc,stats       ]     DU: <total>                   18303 us
[64.032s][info][gc,stats       ]     DU: Thread Roots                153 us, workers (us):  73,  78,   1,   1, 
[64.032s][info][gc,stats       ]     DU: Code Cache Roots          13672 us, workers (us): 3365, 3387, 3406, 3514, 
[64.032s][info][gc,stats       ]     DU: VM Strong Roots               7 us, workers (us):   3,   3,   1,   0, 
[64.032s][info][gc,stats       ]     DU: VM Weak Roots              4091 us, workers (us): 1029, 1029, 1028, 1004, 
[64.032s][info][gc,stats       ]     DU: CLDG Roots                  379 us, workers (us):  87,  60, 175,  58, 
[64.032s][info][gc,stats       ]   Cleanup                            49 us
[64.032s][info][gc,metaspace   ] Metaspace: 130703K(131712K)->130701K(131712K) NonClass: 110291K(110848K)->110290K(110848K) Class: 20411K(20864K)->20411K(20864K)
[74.778s][info][gc             ] Failed to allocate TLAB, 4096K
[74.778s][info][gc             ] Cancelling GC: Allocation Failure
[74.778s][info][gc             ] Trigger: Handle Allocation Failure
[74.778s][info][gc,ergo        ] Free: 0B, Max: 0B regular, 0B humongous, Frag: 0% external, 0% internal; Reserve: 412M, Max: 4096K
[74.778s][info][gc,start       ] GC(5) Pause Degenerated GC (Outside of Cycle)
[74.778s][info][gc,task        ] GC(5) Using 4 of 4 workers for stw degenerated gc
[74.797s][info][gc,ref         ] GC(5) Clearing All SoftReferences
[74.908s][info][gc,ref         ] GC(5) Encountered references: Soft: 3187, Weak: 21754, Final: 34, Phantom: 530
[74.908s][info][gc,ref         ] GC(5) Discovered  references: Soft: 2711, Weak: 11597, Final: 0, Phantom: 453
[74.908s][info][gc,ref         ] GC(5) Enqueued    references: Soft: 13, Weak: 34, Final: 0, Phantom: 21
[74.918s][info][gc,ergo        ] GC(5) CSet Selection. Actual Free: 3808M, Max CSet: 3173M
[74.919s][info][gc,ergo        ] GC(5) Collectable Garbage: 7385M (99%), Immediate: 3396M (45%), CSet: 3989M (53%)
[75.001s][info][gc,ergo        ] GC(5) Good progress for free space: 7376M, need 83886K
[75.001s][info][gc,ergo        ] GC(5) Good progress for used space: 7376M, need 4096K
[75.001s][info][gc             ] GC(5) Pause Degenerated GC (Outside of Cycle) 7779M->403M(8192M) 222.431ms
[75.001s][info][gc,ergo        ] Free: 7368M, Max: 4096K regular, 6928M humongous, Frag: 6% external, 1% internal; Reserve: 412M, Max: 4096K
[75.001s][info][gc,stats       ] 
[75.001s][info][gc,stats       ] All times are wall-clock times, except per-root-class counters, that are sum over
[75.001s][info][gc,stats       ] all workers. Dividing the <total> over the root stage time estimates parallelism.
[75.001s][info][gc,stats       ] 
[75.001s][info][gc,stats       ] Pause Degenerated GC (G)         222509 us
[75.001s][info][gc,stats       ] Pause Degenerated GC (N)         222445 us
[75.001s][info][gc,stats       ]   Degen STW Mark                 109085 us, parallelism: 3.91x
[75.001s][info][gc,stats       ]     DSM: <total>                 426204 us
[75.001s][info][gc,stats       ]     DSM: Thread Roots               603 us, workers (us): 152, 151, 154, 146, 
[75.001s][info][gc,stats       ]     DSM: VM Strong Roots             43 us, workers (us):  12,   0,  15,  15, 
[75.001s][info][gc,stats       ]     DSM: CLDG Roots                 411 us, workers (us):  48, 268,  46,  50, 
[75.001s][info][gc,stats       ]     DSM: Parallel Mark           425146 us, workers (us): 106343, 106130, 106339, 106334, 
[75.001s][info][gc,stats       ]     System Purge                  12104 us
[75.001s][info][gc,stats       ]       Weak References              1721 us, parallelism: 1.27x
[75.001s][info][gc,stats       ]         WRP: <total>               2179 us
[75.001s][info][gc,stats       ]         WRP: Weak References       2179 us, workers (us):  49, 139, 1634, 356, 
[75.001s][info][gc,stats       ]       Unload Classes               7308 us, parallelism: 3.93x
[75.001s][info][gc,stats       ]         DCU: <total>              28740 us
[75.001s][info][gc,stats       ]         DCU: Unload Code Caches    28740 us, workers (us): 7182, 7184, 7193, 7181, 
[75.001s][info][gc,stats       ]       Weak Roots                    394 us, parallelism: 3.83x
[75.001s][info][gc,stats       ]         DWR: <total>               1509 us
[75.001s][info][gc,stats       ]         DWR: VM Weak Roots         1509 us, workers (us): 378, 377, 377, 377, 
[75.001s][info][gc,stats       ]       CLDG                           17 us
[75.001s][info][gc,stats       ]   Update Region States               27 us
[75.001s][info][gc,stats       ]   Manage GC/TLABs                     8 us
[75.001s][info][gc,stats       ]   Choose Collection Set              81 us
[75.001s][info][gc,stats       ]   Rebuild Free Set                   11 us
[75.001s][info][gc,stats       ]   Evacuation                      29998 us
[75.001s][info][gc,stats       ]   Manage GCLABs                       8 us
[75.001s][info][gc,stats       ]   Update References               45106 us
[75.001s][info][gc,stats       ]   Update Region States               44 us
[75.001s][info][gc,stats       ]   Trash Collection Set               14 us
[75.001s][info][gc,stats       ]   Rebuild Free Set                   12 us
[75.001s][info][gc,stats       ]   Degen Update Roots               5383 us, parallelism: 3.90x
[75.001s][info][gc,stats       ]     DU: <total>                   21003 us
[75.001s][info][gc,stats       ]     DU: Thread Roots                173 us, workers (us):  13,   1,  58, 101, 
[75.001s][info][gc,stats       ]     DU: Code Cache Roots          14716 us, workers (us): 3746, 3784, 3530, 3656, 
[75.001s][info][gc,stats       ]     DU: VM Strong Roots               8 us, workers (us):   3,   3,   2,   0, 
[75.001s][info][gc,stats       ]     DU: VM Weak Roots              5571 us, workers (us): 1403, 1404, 1400, 1364, 
[75.001s][info][gc,stats       ]     DU: CLDG Roots                  535 us, workers (us):  79, 122, 252,  81, 
[75.001s][info][gc,stats       ]   Cleanup                            41 us
[75.001s][info][gc,metaspace   ] Metaspace: 130864K(131840K)->130864K(131840K) NonClass: 110433K(110976K)->110433K(110976K) Class: 20430K(20864K)->20430K(20864K)
[85.770s][info][gc             ] Failed to allocate TLAB, 4096K
[85.770s][info][gc             ] Cancelling GC: Allocation Failure
[85.771s][info][gc             ] Trigger: Handle Allocation Failure
[85.771s][info][gc,ergo        ] Free: 0B, Max: 0B regular, 0B humongous, Frag: 0% external, 0% internal; Reserve: 412M, Max: 4096K
[85.771s][info][gc,start       ] GC(6) Pause Degenerated GC (Outside of Cycle)
[85.771s][info][gc,task        ] GC(6) Using 4 of 4 workers for stw degenerated gc
[85.781s][info][gc,ref         ] GC(6) Clearing All SoftReferences
[85.882s][info][gc,ref         ] GC(6) Encountered references: Soft: 3188, Weak: 21788, Final: 34, Phantom: 546
[85.883s][info][gc,ref         ] GC(6) Discovered  references: Soft: 2711, Weak: 11869, Final: 0, Phantom: 465
[85.883s][info][gc,ref         ] GC(6) Enqueued    references: Soft: 11, Weak: 40, Final: 0, Phantom: 28
[85.900s][info][gc,ergo        ] GC(6) CSet Selection. Actual Free: 2576M, Max CSet: 2146M
[85.900s][info][gc,ergo        ] GC(6) Collectable Garbage: 7351M (99%), Immediate: 2164M (29%), CSet: 5187M (70%)
[85.992s][info][gc,ergo        ] GC(6) Good progress for free space: 7340M, need 83886K
[85.992s][info][gc,ergo        ] GC(6) Good progress for used space: 7340M, need 4096K
[85.992s][info][gc             ] GC(6) Pause Degenerated GC (Outside of Cycle) 7779M->439M(8192M) 221.722ms
[85.992s][info][gc,ergo        ] Free: 7340M, Max: 4096K regular, 6892M humongous, Frag: 7% external, 1% internal; Reserve: 412M, Max: 4096K
[85.992s][info][gc,stats       ] 
[85.992s][info][gc,stats       ] All times are wall-clock times, except per-root-class counters, that are sum over
[85.992s][info][gc,stats       ] all workers. Dividing the <total> over the root stage time estimates parallelism.
[85.992s][info][gc,stats       ] 
[85.992s][info][gc,stats       ] Pause Degenerated GC (G)         221793 us
[85.992s][info][gc,stats       ] Pause Degenerated GC (N)         221735 us
[85.993s][info][gc,stats       ]   Degen STW Mark                 100897 us, parallelism: 3.90x
[85.993s][info][gc,stats       ]     DSM: <total>                 393661 us
[85.993s][info][gc,stats       ]     DSM: Thread Roots               539 us, workers (us): 136, 135, 137, 131, 
[85.993s][info][gc,stats       ]     DSM: VM Strong Roots             39 us, workers (us):  15,  11,  14,   0, 
[85.993s][info][gc,stats       ]     DSM: CLDG Roots                 311 us, workers (us):  32,  34,  28, 217, 
[85.993s][info][gc,stats       ]     DSM: Parallel Mark           392772 us, workers (us): 98244, 98244, 98227, 98057, 
[85.993s][info][gc,stats       ]     System Purge                  18769 us
[85.993s][info][gc,stats       ]       Weak References              1337 us, parallelism: 1.13x
[85.993s][info][gc,stats       ]         WRP: <total>               1507 us
[85.993s][info][gc,stats       ]         WRP: Weak References       1507 us, workers (us): 1208, 128,  42, 129, 
[85.993s][info][gc,stats       ]       Unload Classes              13596 us, parallelism: 3.92x
[85.993s][info][gc,stats       ]         DCU: <total>              53317 us
[85.993s][info][gc,stats       ]         DCU: Unload Code Caches    22672 us, workers (us): 5671, 5678, 5692, 5632, 
[85.993s][info][gc,stats       ]         DCU: Unlink CLDs          30644 us, workers (us): 7675, 7677, 7640, 7652, 
[85.993s][info][gc,stats       ]       Weak Roots                    273 us, parallelism: 3.69x
[85.993s][info][gc,stats       ]         DWR: <total>               1010 us
[85.993s][info][gc,stats       ]         DWR: VM Weak Roots         1010 us, workers (us): 262, 262, 261, 225, 
[85.993s][info][gc,stats       ]       CLDG                           41 us
[85.993s][info][gc,stats       ]   Update Region States               29 us
[85.993s][info][gc,stats       ]   Manage GC/TLABs                    10 us
[85.993s][info][gc,stats       ]   Choose Collection Set              83 us
[85.993s][info][gc,stats       ]   Rebuild Free Set                   12 us
[85.993s][info][gc,stats       ]   Evacuation                      39653 us
[85.993s][info][gc,stats       ]   Manage GCLABs                       7 us
[85.993s][info][gc,stats       ]   Update References               45590 us
[85.993s][info][gc,stats       ]   Update Region States               80 us
[85.993s][info][gc,stats       ]   Trash Collection Set               20 us
[85.993s][info][gc,stats       ]   Rebuild Free Set                   13 us
[85.993s][info][gc,stats       ]   Degen Update Roots               4889 us, parallelism: 3.88x
[85.993s][info][gc,stats       ]     DU: <total>                   18968 us
[85.993s][info][gc,stats       ]     DU: Thread Roots                184 us, workers (us):   1, 142,   1,  39, 
[85.993s][info][gc,stats       ]     DU: Code Cache Roots          14293 us, workers (us): 3703, 3474, 3651, 3464, 
[85.993s][info][gc,stats       ]     DU: VM Strong Roots               7 us, workers (us):   2,   2,   2,   0, 
[85.993s][info][gc,stats       ]     DU: VM Weak Roots              4105 us, workers (us): 1033, 1033, 1032, 1007, 
[85.993s][info][gc,stats       ]     DU: CLDG Roots                  380 us, workers (us):  60,  60,  87, 173, 
[85.993s][info][gc,stats       ]   Cleanup                            58 us
[85.993s][info][gc,metaspace   ] Metaspace: 131091K(132096K)->131089K(132096K) NonClass: 110629K(111232K)->110628K(111232K) Class: 20461K(20864K)->20460K(20864K)
[97.016s][info][gc             ] Failed to allocate TLAB, 4096K
[97.016s][info][gc             ] Cancelling GC: Allocation Failure
[97.016s][info][gc             ] Trigger: Handle Allocation Failure
[97.016s][info][gc,ergo        ] Free: 0B, Max: 0B regular, 0B humongous, Frag: 0% external, 0% internal; Reserve: 412M, Max: 4096K
[97.016s][info][gc,start       ] GC(7) Pause Degenerated GC (Outside of Cycle)
[97.016s][info][gc,task        ] GC(7) Using 4 of 4 workers for stw degenerated gc
[97.028s][info][gc,ref         ] GC(7) Clearing All SoftReferences
[97.125s][info][gc,ref         ] GC(7) Encountered references: Soft: 3194, Weak: 21816, Final: 34, Phantom: 553
[97.125s][info][gc,ref         ] GC(7) Discovered  references: Soft: 2717, Weak: 13861, Final: 0, Phantom: 473
[97.125s][info][gc,ref         ] GC(7) Enqueued    references: Soft: 16, Weak: 44, Final: 0, Phantom: 32
[97.138s][info][gc,ergo        ] GC(7) CSet Selection. Actual Free: 3048M, Max CSet: 2540M
[97.138s][info][gc,ergo        ] GC(7) Collectable Garbage: 7364M (99%), Immediate: 2636M (35%), CSet: 4728M (64%)
[97.232s][info][gc,ergo        ] GC(7) Good progress for free space: 7352M, need 83886K
[97.232s][info][gc,ergo        ] GC(7) Good progress for used space: 7352M, need 4096K
[97.232s][info][gc             ] GC(7) Pause Degenerated GC (Outside of Cycle) 7779M->427M(8192M) 215.795ms
[97.232s][info][gc,ergo        ] Free: 7340M, Max: 4096K regular, 6904M humongous, Frag: 6% external, 1% internal; Reserve: 412M, Max: 4096K
[97.232s][info][gc,stats       ] 
[97.232s][info][gc,stats       ] All times are wall-clock times, except per-root-class counters, that are sum over
[97.232s][info][gc,stats       ] all workers. Dividing the <total> over the root stage time estimates parallelism.
[97.232s][info][gc,stats       ] 
[97.232s][info][gc,stats       ] Pause Degenerated GC (G)         215921 us
[97.232s][info][gc,stats       ] Pause Degenerated GC (N)         215810 us
[97.232s][info][gc,stats       ]   Degen STW Mark                  96687 us, parallelism: 3.93x
[97.232s][info][gc,stats       ]     DSM: <total>                 380155 us
[97.232s][info][gc,stats       ]     DSM: Thread Roots               436 us, workers (us): 110, 109, 109, 109, 
[97.232s][info][gc,stats       ]     DSM: VM Strong Roots             29 us, workers (us):  10,   0,  11,   9, 
[97.232s][info][gc,stats       ]     DSM: CLDG Roots                 274 us, workers (us):  33, 176,  33,  33, 
[97.232s][info][gc,stats       ]     DSM: Parallel Mark           379416 us, workers (us): 94891, 94749, 94882, 94894, 
[97.232s][info][gc,stats       ]     System Purge                  13908 us
[97.232s][info][gc,stats       ]       Weak References              1059 us, parallelism: 1.27x
[97.232s][info][gc,stats       ]         WRP: <total>               1347 us
[97.232s][info][gc,stats       ]         WRP: Weak References       1347 us, workers (us): 142, 260, 945,   0, 
[97.232s][info][gc,stats       ]       Unload Classes               9759 us, parallelism: 3.91x
[97.232s][info][gc,stats       ]         DCU: <total>              38151 us
[97.232s][info][gc,stats       ]         DCU: Unload Code Caches    19373 us, workers (us): 4861, 4870, 4819, 4823, 
[97.232s][info][gc,stats       ]         DCU: Unlink CLDs          18778 us, workers (us): 4704, 4678, 4689, 4706, 
[97.232s][info][gc,stats       ]       Weak Roots                    215 us, parallelism: 3.64x
[97.232s][info][gc,stats       ]         DWR: <total>                781 us
[97.232s][info][gc,stats       ]         DWR: VM Weak Roots          781 us, workers (us): 203, 202, 202, 173, 
[97.232s][info][gc,stats       ]       CLDG                           34 us
[97.232s][info][gc,stats       ]   Update Region States               68 us
[97.232s][info][gc,stats       ]   Manage GC/TLABs                    10 us
[97.232s][info][gc,stats       ]   Choose Collection Set              85 us
[97.232s][info][gc,stats       ]   Rebuild Free Set                   11 us
[97.232s][info][gc,stats       ]   Evacuation                      33227 us
[97.232s][info][gc,stats       ]   Manage GCLABs                       6 us
[97.232s][info][gc,stats       ]   Update References               53749 us
[97.232s][info][gc,stats       ]   Update Region States               38 us
[97.232s][info][gc,stats       ]   Trash Collection Set               15 us
[97.232s][info][gc,stats       ]   Rebuild Free Set                   12 us
[97.232s][info][gc,stats       ]   Degen Update Roots               4729 us, parallelism: 3.93x
[97.232s][info][gc,stats       ]     DU: <total>                   18585 us
[97.232s][info][gc,stats       ]     DU: Thread Roots                150 us, workers (us):   1,  17, 117,  15, 
[97.232s][info][gc,stats       ]     DU: Code Cache Roots          13878 us, workers (us): 3558, 3406, 3393, 3520, 
[97.232s][info][gc,stats       ]     DU: VM Strong Roots               7 us, workers (us):   2,   2,   2,   0, 
[97.232s][info][gc,stats       ]     DU: VM Weak Roots              4171 us, workers (us): 1052, 1050, 1050, 1019, 
[97.232s][info][gc,stats       ]     DU: CLDG Roots                  379 us, workers (us):  58, 175,  87,  60, 
[97.232s][info][gc,stats       ]   Cleanup                            46 us
[97.232s][info][gc,metaspace   ] Metaspace: 131291K(132224K)->131289K(132224K) NonClass: 110805K(111360K)->110804K(111360K) Class: 20485K(20864K)->20484K(20864K)
[108.032s][info][gc             ] Failed to allocate TLAB, 4096K
[108.032s][info][gc             ] Cancelling GC: Allocation Failure
[108.032s][info][gc             ] Trigger: Handle Allocation Failure
[108.032s][info][gc,ergo        ] Free: 0B, Max: 0B regular, 0B humongous, Frag: 0% external, 0% internal; Reserve: 412M, Max: 4096K
[108.032s][info][gc,start       ] GC(8) Pause Degenerated GC (Outside of Cycle)
[108.032s][info][gc,task        ] GC(8) Using 4 of 4 workers for stw degenerated gc
[108.051s][info][gc,ref         ] GC(8) Clearing All SoftReferences
[108.166s][info][gc,ref         ] GC(8) Encountered references: Soft: 3182, Weak: 21788, Final: 34, Phantom: 535
[108.166s][info][gc,ref         ] GC(8) Discovered  references: Soft: 2706, Weak: 13143, Final: 0, Phantom: 449
[108.166s][info][gc,ref         ] GC(8) Enqueued    references: Soft: 4, Weak: 9, Final: 0, Phantom: 2
[108.175s][info][gc,ergo        ] GC(8) CSet Selection. Actual Free: 2584M, Max CSet: 2153M
[108.175s][info][gc,ergo        ] GC(8) Collectable Garbage: 7365M (99%), Immediate: 2172M (29%), CSet: 5193M (70%)
[108.293s][info][gc,ergo        ] GC(8) Good progress for free space: 7356M, need 83886K
[108.293s][info][gc,ergo        ] GC(8) Good progress for used space: 7356M, need 4096K
[108.293s][info][gc             ] GC(8) Pause Degenerated GC (Outside of Cycle) 7779M->423M(8192M) 260.643ms
[108.293s][info][gc,ergo        ] Free: 7348M, Max: 4096K regular, 6908M humongous, Frag: 6% external, 1% internal; Reserve: 412M, Max: 4096K
[108.293s][info][gc,stats       ] 
[108.293s][info][gc,stats       ] All times are wall-clock times, except per-root-class counters, that are sum over
[108.293s][info][gc,stats       ] all workers. Dividing the <total> over the root stage time estimates parallelism.
[108.293s][info][gc,stats       ] 
[108.293s][info][gc,stats       ] Pause Degenerated GC (G)         260737 us
[108.293s][info][gc,stats       ] Pause Degenerated GC (N)         260656 us
[108.293s][info][gc,stats       ]   Degen STW Mark                 114343 us, parallelism: 3.91x
[108.293s][info][gc,stats       ]     DSM: <total>                 447237 us
[108.293s][info][gc,stats       ]     DSM: Thread Roots               478 us, workers (us): 128, 127, 124,  99, 
[108.293s][info][gc,stats       ]     DSM: VM Strong Roots             44 us, workers (us):  14,  16,   0,  14, 
[108.293s][info][gc,stats       ]     DSM: CLDG Roots                 315 us, workers (us):  36,  35, 208,  36, 
[108.293s][info][gc,stats       ]     DSM: Parallel Mark           446400 us, workers (us): 111646, 111632, 111473, 111649, 
[108.293s][info][gc,stats       ]     System Purge                  10372 us
[108.293s][info][gc,stats       ]       Weak References              1545 us, parallelism: 1.27x
[108.293s][info][gc,stats       ]         WRP: <total>               1967 us
[108.293s][info][gc,stats       ]         WRP: Weak References       1967 us, workers (us): 297, 159,  80, 1431, 
[108.293s][info][gc,stats       ]       Unload Classes               6519 us, parallelism: 3.93x
[108.293s][info][gc,stats       ]         DCU: <total>              25640 us
[108.293s][info][gc,stats       ]         DCU: Unload Code Caches    25640 us, workers (us): 6413, 6414, 6418, 6395, 
[108.293s][info][gc,stats       ]       Weak Roots                    345 us, parallelism: 3.75x
[108.293s][info][gc,stats       ]         DWR: <total>               1296 us
[108.293s][info][gc,stats       ]         DWR: VM Weak Roots         1296 us, workers (us): 331, 331, 330, 303, 
[108.293s][info][gc,stats       ]       CLDG                           20 us
[108.293s][info][gc,stats       ]   Update Region States               78 us
[108.293s][info][gc,stats       ]   Manage GC/TLABs                    12 us
[108.293s][info][gc,stats       ]   Choose Collection Set              87 us
[108.293s][info][gc,stats       ]   Rebuild Free Set                   11 us
[108.293s][info][gc,stats       ]   Evacuation                      43867 us
[108.293s][info][gc,stats       ]   Manage GCLABs                      10 us
[108.293s][info][gc,stats       ]   Update References               66288 us
[108.293s][info][gc,stats       ]   Update Region States               39 us
[108.293s][info][gc,stats       ]   Trash Collection Set               16 us
[108.293s][info][gc,stats       ]   Rebuild Free Set                   11 us
[108.293s][info][gc,stats       ]   Degen Update Roots               5746 us, parallelism: 3.93x
[108.293s][info][gc,stats       ]     DU: <total>                   22576 us
[108.293s][info][gc,stats       ]     DU: Thread Roots                158 us, workers (us):   1,  75,   1,  81, 
[108.293s][info][gc,stats       ]     DU: Code Cache Roots          15744 us, workers (us): 4056, 3896, 4022, 3770, 
[108.293s][info][gc,stats       ]     DU: VM Strong Roots               7 us, workers (us):   2,   2,   2,   0, 
[108.293s][info][gc,stats       ]     DU: VM Weak Roots              6213 us, workers (us): 1559, 1560, 1560, 1534, 
[108.293s][info][gc,stats       ]     DU: CLDG Roots                  454 us, workers (us):  66, 102,  65, 221, 
[108.294s][info][gc,stats       ]   Cleanup                            50 us
[108.294s][info][gc,metaspace   ] Metaspace: 131338K(132288K)->131338K(132288K) NonClass: 110851K(111424K)->110851K(111424K) Class: 20486K(20864K)->20486K(20864K)
[118.033s][info][gc             ] Failed to allocate TLAB, 4096K
[118.033s][info][gc             ] Trigger: Handle Allocation Failure
[118.033s][info][gc             ] Cancelling GC: Allocation Failure
[118.033s][info][gc,ergo        ] Free: 0B, Max: 0B regular, 0B humongous, Frag: 0% external, 0% internal; Reserve: 412M, Max: 4096K
[118.033s][info][gc,start       ] GC(9) Pause Degenerated GC (Outside of Cycle)
[118.033s][info][gc,task        ] GC(9) Using 4 of 4 workers for stw degenerated gc
[118.052s][info][gc,ref         ] GC(9) Clearing All SoftReferences
[118.154s][info][gc,ref         ] GC(9) Encountered references: Soft: 3183, Weak: 21786, Final: 34, Phantom: 535
[118.154s][info][gc,ref         ] GC(9) Discovered  references: Soft: 1359, Weak: 13104, Final: 0, Phantom: 449
[118.154s][info][gc,ref         ] GC(9) Enqueued    references: Soft: 5, Weak: 5, Final: 0, Phantom: 2
[118.169s][info][gc,ergo        ] GC(9) CSet Selection. Actual Free: 5088M, Max CSet: 4240M
[118.169s][info][gc,ergo        ] GC(9) Collectable Garbage: 7382M (99%), Immediate: 4676M (63%), CSet: 2706M (36%)
[118.251s][info][gc,ergo        ] GC(9) Good progress for free space: 7368M, need 83886K
[118.251s][info][gc,ergo        ] GC(9) Good progress for used space: 7368M, need 4096K
[118.251s][info][gc             ] GC(9) Pause Degenerated GC (Outside of Cycle) 7779M->411M(8192M) 217.743ms
[118.251s][info][gc,ergo        ] Free: 7356M, Max: 4096K regular, 6920M humongous, Frag: 6% external, 1% internal; Reserve: 412M, Max: 4096K
[118.251s][info][gc,stats       ] 
[118.251s][info][gc,stats       ] All times are wall-clock times, except per-root-class counters, that are sum over
[118.251s][info][gc,stats       ] all workers. Dividing the <total> over the root stage time estimates parallelism.
[118.251s][info][gc,stats       ] 
[118.251s][info][gc,stats       ] Pause Degenerated GC (G)         217849 us
[118.251s][info][gc,stats       ] Pause Degenerated GC (N)         217757 us
[118.251s][info][gc,stats       ]   Degen STW Mark                 101405 us, parallelism: 3.91x
[118.251s][info][gc,stats       ]     DSM: <total>                 396699 us
[118.251s][info][gc,stats       ]     DSM: Thread Roots               682 us, workers (us): 175, 176, 154, 178, 
[118.251s][info][gc,stats       ]     DSM: VM Strong Roots             38 us, workers (us):  12,   0,  14,  12, 
[118.251s][info][gc,stats       ]     DSM: CLDG Roots                 448 us, workers (us):  58, 321,  53,  17, 
[118.251s][info][gc,stats       ]     DSM: Parallel Mark           395531 us, workers (us): 98944, 98692, 98943, 98952, 
[118.251s][info][gc,stats       ]     System Purge                  15683 us
[118.251s][info][gc,stats       ]       Weak References              1124 us, parallelism: 1.22x
[118.251s][info][gc,stats       ]         WRP: <total>               1371 us
[118.251s][info][gc,stats       ]         WRP: Weak References       1371 us, workers (us):  36, 241,  70, 1025, 
[118.251s][info][gc,stats       ]       Unload Classes              12326 us, parallelism: 3.91x
[118.251s][info][gc,stats       ]         DCU: <total>              48183 us
[118.251s][info][gc,stats       ]         DCU: Unload Code Caches    25164 us, workers (us): 6307, 6307, 6265, 6285, 
[118.251s][info][gc,stats       ]         DCU: Unlink CLDs          23019 us, workers (us): 5778, 5765, 5747, 5729, 
[118.251s][info][gc,stats       ]       Weak Roots                    238 us, parallelism: 3.46x
[118.251s][info][gc,stats       ]         DWR: <total>                824 us
[118.251s][info][gc,stats       ]         DWR: VM Weak Roots          824 us, workers (us): 224, 222, 189, 189, 
[118.251s][info][gc,stats       ]       CLDG                           24 us
[118.251s][info][gc,stats       ]   Update Region States               62 us
[118.251s][info][gc,stats       ]   Manage GC/TLABs                     9 us
[118.251s][info][gc,stats       ]   Choose Collection Set              94 us
[118.251s][info][gc,stats       ]   Rebuild Free Set                   12 us
[118.251s][info][gc,stats       ]   Evacuation                      30586 us
[118.251s][info][gc,stats       ]   Manage GCLABs                       9 us
[118.251s][info][gc,stats       ]   Update References               44080 us
[118.251s][info][gc,stats       ]   Update Region States               77 us
[118.251s][info][gc,stats       ]   Trash Collection Set               12 us
[118.251s][info][gc,stats       ]   Rebuild Free Set                   14 us
[118.251s][info][gc,stats       ]   Degen Update Roots               5196 us, parallelism: 3.93x
[118.251s][info][gc,stats       ]     DU: <total>                   20403 us
[118.251s][info][gc,stats       ]     DU: Thread Roots                201 us, workers (us):  49,  37,  92,  23, 
[118.251s][info][gc,stats       ]     DU: Code Cache Roots          14633 us, workers (us): 3670, 3709, 3653, 3602, 
[118.251s][info][gc,stats       ]     DU: VM Strong Roots               7 us, workers (us):   3,   3,   0,   0, 
[118.251s][info][gc,stats       ]     DU: VM Weak Roots              5164 us, workers (us): 1314, 1316, 1268, 1266, 
[118.251s][info][gc,stats       ]     DU: CLDG Roots                  397 us, workers (us):  91,  62,  61, 183, 
[118.251s][info][gc,stats       ]   Cleanup                            35 us
[118.252s][info][gc,metaspace   ] Metaspace: 131406K(132352K)->131405K(132352K) NonClass: 110917K(111488K)->110916K(111488K) Class: 20488K(20864K)->20488K(20864K)
[130.163s][info][gc             ] Failed to allocate TLAB, 4096K
[130.163s][info][gc             ] Trigger: Handle Allocation Failure
[130.163s][info][gc             ] Cancelling GC: Allocation Failure
[130.163s][info][gc,ergo        ] Free: 0B, Max: 0B regular, 0B humongous, Frag: 0% external, 0% internal; Reserve: 412M, Max: 4096K
[130.163s][info][gc,start       ] GC(10) Pause Degenerated GC (Outside of Cycle)
[130.163s][info][gc,task        ] GC(10) Using 4 of 4 workers for stw degenerated gc
[130.170s][info][gc,ref         ] GC(10) Clearing All SoftReferences
[130.270s][info][gc,ref         ] GC(10) Encountered references: Soft: 3195, Weak: 21815, Final: 34, Phantom: 555
[130.270s][info][gc,ref         ] GC(10) Discovered  references: Soft: 2715, Weak: 13952, Final: 0, Phantom: 465
[130.270s][info][gc,ref         ] GC(10) Enqueued    references: Soft: 17, Weak: 20, Final: 0, Phantom: 7
[130.282s][info][gc,ergo        ] GC(10) CSet Selection. Actual Free: 2804M, Max CSet: 2336M
[130.282s][info][gc,ergo        ] GC(10) Collectable Garbage: 7358M (99%), Immediate: 2392M (32%), CSet: 4966M (67%)
[130.368s][info][gc,ergo        ] GC(10) Good progress for free space: 7352M, need 83886K
[130.368s][info][gc,ergo        ] GC(10) Good progress for used space: 7352M, need 4096K
[130.368s][info][gc             ] GC(10) Pause Degenerated GC (Outside of Cycle) 7779M->427M(8192M) 205.099ms
[130.368s][info][gc,ergo        ] Free: 7340M, Max: 4096K regular, 6904M humongous, Frag: 6% external, 1% internal; Reserve: 412M, Max: 4096K
[130.368s][info][gc,stats       ] 
[130.368s][info][gc,stats       ] All times are wall-clock times, except per-root-class counters, that are sum over
[130.368s][info][gc,stats       ] all workers. Dividing the <total> over the root stage time estimates parallelism.
[130.368s][info][gc,stats       ] 
[130.368s][info][gc,stats       ] Pause Degenerated GC (G)         205198 us
[130.368s][info][gc,stats       ] Pause Degenerated GC (N)         205112 us
[130.368s][info][gc,stats       ]   Degen STW Mark                  99685 us, parallelism: 3.91x
[130.368s][info][gc,stats       ]     DSM: <total>                 389592 us
[130.368s][info][gc,stats       ]     DSM: Thread Roots               369 us, workers (us): 101, 101,  97,  70, 
[130.368s][info][gc,stats       ]     DSM: VM Strong Roots             28 us, workers (us):   9,  10,   9,   0, 
[130.368s][info][gc,stats       ]     DSM: CLDG Roots                 269 us, workers (us):  31,  29,  31, 179, 
[130.368s][info][gc,stats       ]     DSM: Parallel Mark           388926 us, workers (us): 97270, 97261, 97270, 97124, 
[130.369s][info][gc,stats       ]     System Purge                  12648 us
[130.369s][info][gc,stats       ]       Weak References              1066 us, parallelism: 1.38x
[130.369s][info][gc,stats       ]         WRP: <total>               1473 us
[130.369s][info][gc,stats       ]         WRP: Weak References       1473 us, workers (us): 140, 347, 986,   0, 
[130.369s][info][gc,stats       ]       Unload Classes               9908 us, parallelism: 3.91x
[130.369s][info][gc,stats       ]         DCU: <total>              38750 us
[130.369s][info][gc,stats       ]         DCU: Unload Code Caches    18642 us, workers (us): 4680, 4672, 4652, 4638, 
[130.369s][info][gc,stats       ]         DCU: Unlink CLDs          20108 us, workers (us): 5039, 5026, 5027, 5015, 
[130.369s][info][gc,stats       ]       Weak Roots                    212 us, parallelism: 3.61x
[130.369s][info][gc,stats       ]         DWR: <total>                767 us
[130.369s][info][gc,stats       ]         DWR: VM Weak Roots          767 us, workers (us): 200, 200, 199, 169, 
[130.369s][info][gc,stats       ]       CLDG                           23 us
[130.369s][info][gc,stats       ]   Update Region States               45 us
[130.369s][info][gc,stats       ]   Manage GC/TLABs                    11 us
[130.369s][info][gc,stats       ]   Choose Collection Set              89 us
[130.369s][info][gc,stats       ]   Rebuild Free Set                   11 us
[130.369s][info][gc,stats       ]   Evacuation                      30709 us
[130.369s][info][gc,stats       ]   Manage GCLABs                       8 us
[130.369s][info][gc,stats       ]   Update References               49029 us
[130.369s][info][gc,stats       ]   Update Region States               34 us
[130.369s][info][gc,stats       ]   Trash Collection Set               16 us
[130.369s][info][gc,stats       ]   Rebuild Free Set                   11 us
[130.369s][info][gc,stats       ]   Degen Update Roots               4854 us, parallelism: 3.89x
[130.369s][info][gc,stats       ]     DU: <total>                   18903 us
[130.369s][info][gc,stats       ]     DU: Thread Roots                136 us, workers (us): 123,   1,  12,   1, 
[130.369s][info][gc,stats       ]     DU: Code Cache Roots          14245 us, workers (us): 3475, 3576, 3562, 3632, 
[130.369s][info][gc,stats       ]     DU: VM Strong Roots               6 us, workers (us):   2,   2,   1,   0, 
[130.369s][info][gc,stats       ]     DU: VM Weak Roots              4139 us, workers (us): 1041, 1042, 1042, 1015, 
[130.369s][info][gc,stats       ]     DU: CLDG Roots                  377 us, workers (us):  61, 172,  85,  60, 
[130.369s][info][gc,stats       ]   Cleanup                            48 us
[130.369s][info][gc,metaspace   ] Metaspace: 131464K(132416K)->131462K(132416K) NonClass: 110968K(111488K)->110967K(111488K) Class: 20495K(20928K)->20495K(20928K)
[140.279s][info][gc             ] Failed to allocate TLAB, 4096K
[140.279s][info][gc             ] Cancelling GC: Allocation Failure
[140.280s][info][gc             ] Trigger: Handle Allocation Failure
[140.280s][info][gc,ergo        ] Free: 0B, Max: 0B regular, 0B humongous, Frag: 0% external, 0% internal; Reserve: 412M, Max: 4096K
[140.280s][info][gc,start       ] GC(11) Pause Degenerated GC (Outside of Cycle)
[140.280s][info][gc,task        ] GC(11) Using 4 of 4 workers for stw degenerated gc
[140.292s][info][gc,ref         ] GC(11) Clearing All SoftReferences
[140.409s][info][gc,ref         ] GC(11) Encountered references: Soft: 3180, Weak: 21801, Final: 34, Phantom: 549
[140.409s][info][gc,ref         ] GC(11) Discovered  references: Soft: 2699, Weak: 13060, Final: 0, Phantom: 456
[140.409s][info][gc,ref         ] GC(11) Enqueued    references: Soft: 2, Weak: 4, Final: 0, Phantom: 0
[140.415s][info][gc,ergo        ] GC(11) CSet Selection. Actual Free: 2296M, Max CSet: 1913M
[140.415s][info][gc,ergo        ] GC(11) Collectable Garbage: 7315M (99%), Immediate: 1884M (25%), CSet: 5431M (74%)
[140.517s][info][gc,ergo        ] GC(11) Good progress for free space: 7304M, need 83886K
[140.517s][info][gc,ergo        ] GC(11) Good progress for used space: 7304M, need 4096K
[140.517s][info][gc             ] GC(11) Pause Degenerated GC (Outside of Cycle) 7779M->475M(8192M) 237.203ms
[140.517s][info][gc,ergo        ] Free: 7292M, Max: 4096K regular, 6672M humongous, Frag: 9% external, 1% internal; Reserve: 412M, Max: 4096K
[140.517s][info][gc,stats       ] 
[140.517s][info][gc,stats       ] All times are wall-clock times, except per-root-class counters, that are sum over
[140.517s][info][gc,stats       ] all workers. Dividing the <total> over the root stage time estimates parallelism.
[140.517s][info][gc,stats       ] 
[140.517s][info][gc,stats       ] Pause Degenerated GC (G)         237299 us
[140.517s][info][gc,stats       ] Pause Degenerated GC (N)         237216 us
[140.517s][info][gc,stats       ]   Degen STW Mark                 115741 us, parallelism: 3.94x
[140.517s][info][gc,stats       ]     DSM: <total>                 456021 us
[140.517s][info][gc,stats       ]     DSM: Thread Roots               515 us, workers (us): 138, 136, 135, 105, 
[140.518s][info][gc,stats       ]     DSM: VM Strong Roots             33 us, workers (us):   0,  13,  10,  10, 
[140.518s][info][gc,stats       ]     DSM: CLDG Roots                 339 us, workers (us): 216,  42,  40,  41, 
[140.518s][info][gc,stats       ]     DSM: Parallel Mark           455134 us, workers (us): 113660, 113824, 113826, 113825, 
[140.518s][info][gc,stats       ]     System Purge                   6913 us
[140.518s][info][gc,stats       ]       Weak References              1156 us, parallelism: 1.10x
[140.518s][info][gc,stats       ]         WRP: <total>               1274 us
[140.518s][info][gc,stats       ]         WRP: Weak References       1274 us, workers (us):  39, 189,   0, 1045, 
[140.518s][info][gc,stats       ]       Unload Classes               4512 us, parallelism: 3.92x
[140.518s][info][gc,stats       ]         DCU: <total>              17674 us
[140.518s][info][gc,stats       ]         DCU: Unload Code Caches    17674 us, workers (us): 4444, 4409, 4407, 4414, 
[140.518s][info][gc,stats       ]       Weak Roots                    250 us, parallelism: 3.30x
[140.518s][info][gc,stats       ]         DWR: <total>                824 us
[140.518s][info][gc,stats       ]         DWR: VM Weak Roots          824 us, workers (us): 238, 211, 188, 187, 
[140.518s][info][gc,stats       ]       CLDG                            6 us
[140.518s][info][gc,stats       ]   Update Region States               56 us
[140.518s][info][gc,stats       ]   Manage GC/TLABs                     8 us
[140.518s][info][gc,stats       ]   Choose Collection Set              62 us
[140.518s][info][gc,stats       ]   Rebuild Free Set                   11 us
[140.518s][info][gc,stats       ]   Evacuation                      45148 us
[140.518s][info][gc,stats       ]   Manage GCLABs                       7 us
[140.518s][info][gc,stats       ]   Update References               50380 us
[140.518s][info][gc,stats       ]   Update Region States               22 us
[140.518s][info][gc,stats       ]   Trash Collection Set               16 us
[140.518s][info][gc,stats       ]   Rebuild Free Set                   11 us
[140.518s][info][gc,stats       ]   Degen Update Roots               5274 us, parallelism: 3.90x
[140.518s][info][gc,stats       ]     DU: <total>                   20551 us
[140.518s][info][gc,stats       ]     DU: Thread Roots                155 us, workers (us):   1,  33, 106,  14, 
[140.518s][info][gc,stats       ]     DU: Code Cache Roots          14597 us, workers (us): 3773, 3676, 3453, 3696, 
[140.518s][info][gc,stats       ]     DU: VM Strong Roots               7 us, workers (us):   2,   2,   2,   1, 
[140.518s][info][gc,stats       ]     DU: VM Weak Roots              5345 us, workers (us): 1339, 1336, 1334, 1336, 
[140.518s][info][gc,stats       ]     DU: CLDG Roots                  448 us, workers (us):  97,  67, 218,  66, 
[140.518s][info][gc,stats       ]   Cleanup                            50 us
[140.518s][info][gc,metaspace   ] Metaspace: 131504K(132480K)->131504K(132480K) NonClass: 111008K(111552K)->111008K(111552K) Class: 20496K(20928K)->20496K(20928K)
[152.564s][info][gc             ] Failed to allocate TLAB, 4096K
[152.564s][info][gc             ] Cancelling GC: Allocation Failure
[152.565s][info][gc             ] Trigger: Handle Allocation Failure
[152.565s][info][gc,ergo        ] Free: 0B, Max: 0B regular, 0B humongous, Frag: 0% external, 0% internal; Reserve: 412M, Max: 4096K
[152.565s][info][gc,start       ] GC(12) Pause Degenerated GC (Outside of Cycle)
[152.565s][info][gc,task        ] GC(12) Using 4 of 4 workers for stw degenerated gc
[152.580s][info][gc,ref         ] GC(12) Clearing All SoftReferences
[152.683s][info][gc,ref         ] GC(12) Encountered references: Soft: 3180, Weak: 21810, Final: 34, Phantom: 559
[152.683s][info][gc,ref         ] GC(12) Discovered  references: Soft: 2694, Weak: 13433, Final: 0, Phantom: 466
[152.683s][info][gc,ref         ] GC(12) Enqueued    references: Soft: 2, Weak: 6, Final: 0, Phantom: 1
[152.689s][info][gc,ergo        ] GC(12) CSet Selection. Actual Free: 2676M, Max CSet: 2230M
[152.689s][info][gc,ergo        ] GC(12) Collectable Garbage: 7336M (99%), Immediate: 2264M (30%), CSet: 5072M (68%)
[152.779s][info][gc,ergo        ] GC(12) Good progress for free space: 7324M, need 83886K
[152.779s][info][gc,ergo        ] GC(12) Good progress for used space: 7324M, need 4096K
[152.779s][info][gc             ] GC(12) Pause Degenerated GC (Outside of Cycle) 7779M->455M(8192M) 214.441ms
[152.779s][info][gc,ergo        ] Free: 7312M, Max: 4096K regular, 6876M humongous, Frag: 6% external, 1% internal; Reserve: 412M, Max: 4096K
[152.779s][info][gc,stats       ] 
[152.779s][info][gc,stats       ] All times are wall-clock times, except per-root-class counters, that are sum over
[152.780s][info][gc,stats       ] all workers. Dividing the <total> over the root stage time estimates parallelism.
[152.780s][info][gc,stats       ] 
[152.780s][info][gc,stats       ] Pause Degenerated GC (G)         214527 us
[152.780s][info][gc,stats       ] Pause Degenerated GC (N)         214458 us
[152.780s][info][gc,stats       ]   Degen STW Mark                 101926 us, parallelism: 3.93x
[152.780s][info][gc,stats       ]     DSM: <total>                 400845 us
[152.780s][info][gc,stats       ]     DSM: Thread Roots               616 us, workers (us): 164, 160, 160, 132, 
[152.780s][info][gc,stats       ]     DSM: VM Strong Roots             40 us, workers (us):  15,  13,   0,  12, 
[152.780s][info][gc,stats       ]     DSM: CLDG Roots                 321 us, workers (us):  32,  34, 223,  33, 
[152.780s][info][gc,stats       ]     DSM: Parallel Mark           399868 us, workers (us): 100007, 100015, 99831, 100015, 
[152.780s][info][gc,stats       ]     System Purge                   7119 us
[152.780s][info][gc,stats       ]       Weak References              1003 us, parallelism: 1.32x
[152.780s][info][gc,stats       ]         WRP: <total>               1324 us
[152.780s][info][gc,stats       ]         WRP: Weak References       1324 us, workers (us):  47, 930, 204, 143, 
[152.780s][info][gc,stats       ]       Unload Classes               4527 us, parallelism: 3.93x
[152.780s][info][gc,stats       ]         DCU: <total>              17794 us
[152.780s][info][gc,stats       ]         DCU: Unload Code Caches    17794 us, workers (us): 4472, 4470, 4429, 4423, 
[152.780s][info][gc,stats       ]       Weak Roots                    210 us, parallelism: 3.44x
[152.780s][info][gc,stats       ]         DWR: <total>                724 us
[152.780s][info][gc,stats       ]         DWR: VM Weak Roots          724 us, workers (us): 201, 200, 162, 162, 
[152.780s][info][gc,stats       ]       CLDG                            6 us
[152.780s][info][gc,stats       ]   Update Region States               39 us
[152.780s][info][gc,stats       ]   Manage GC/TLABs                     8 us
[152.780s][info][gc,stats       ]   Choose Collection Set             103 us
[152.780s][info][gc,stats       ]   Rebuild Free Set                   11 us
[152.780s][info][gc,stats       ]   Evacuation                      33412 us
[152.780s][info][gc,stats       ]   Manage GCLABs                      11 us
[152.780s][info][gc,stats       ]   Update References               49329 us
[152.780s][info][gc,stats       ]   Update Region States               68 us
[152.780s][info][gc,stats       ]   Trash Collection Set               17 us
[152.780s][info][gc,stats       ]   Rebuild Free Set                   12 us
[152.780s][info][gc,stats       ]   Degen Update Roots               5915 us, parallelism: 3.90x
[152.780s][info][gc,stats       ]     DU: <total>                   23080 us
[152.780s][info][gc,stats       ]     DU: Thread Roots                162 us, workers (us):   1,  67,  79,  15, 
[152.780s][info][gc,stats       ]     DU: Code Cache Roots          16064 us, workers (us): 3986, 4026, 3974, 4078, 
[152.780s][info][gc,stats       ]     DU: VM Strong Roots               8 us, workers (us):   3,   3,   3,   0, 
[152.780s][info][gc,stats       ]     DU: VM Weak Roots              6366 us, workers (us): 1601, 1596, 1598, 1572, 
[152.780s][info][gc,stats       ]     DU: CLDG Roots                  479 us, workers (us): 223,  73, 111,  72, 
[152.780s][info][gc,stats       ]   Cleanup                            51 us
[152.780s][info][gc,metaspace   ] Metaspace: 131545K(132544K)->131545K(132544K) NonClass: 111047K(111616K)->111047K(111616K) Class: 20498K(20928K)->20498K(20928K)
[163.178s][info][gc             ] Failed to allocate TLAB, 4096K
[163.178s][info][gc             ] Cancelling GC: Allocation Failure
[163.178s][info][gc             ] Trigger: Handle Allocation Failure
[163.178s][info][gc,ergo        ] Free: 0B, Max: 0B regular, 0B humongous, Frag: 0% external, 0% internal; Reserve: 412M, Max: 4096K
[163.178s][info][gc,start       ] GC(13) Pause Degenerated GC (Outside of Cycle)
[163.178s][info][gc,task        ] GC(13) Using 4 of 4 workers for stw degenerated gc
[163.190s][info][gc,ref         ] GC(13) Clearing All SoftReferences
[163.288s][info][gc,ref         ] GC(13) Encountered references: Soft: 3185, Weak: 21809, Final: 34, Phantom: 557
[163.288s][info][gc,ref         ] GC(13) Discovered  references: Soft: 2698, Weak: 11526, Final: 0, Phantom: 464
[163.288s][info][gc,ref         ] GC(13) Enqueued    references: Soft: 7, Weak: 5, Final: 0, Phantom: 0
[163.294s][info][gc,ergo        ] GC(13) CSet Selection. Actual Free: 3976M, Max CSet: 3313M
[163.294s][info][gc,ergo        ] GC(13) Collectable Garbage: 7351M (99%), Immediate: 3564M (48%), CSet: 3787M (51%)
[163.383s][info][gc,ergo        ] GC(13) Good progress for free space: 7344M, need 83886K
[163.383s][info][gc,ergo        ] GC(13) Good progress for used space: 7344M, need 4096K
[163.383s][info][gc             ] GC(13) Pause Degenerated GC (Outside of Cycle) 7779M->435M(8192M) 204.802ms
[163.383s][info][gc,ergo        ] Free: 7340M, Max: 4096K regular, 6844M humongous, Frag: 7% external, 1% internal; Reserve: 412M, Max: 4096K
[163.383s][info][gc,stats       ] 
[163.383s][info][gc,stats       ] All times are wall-clock times, except per-root-class counters, that are sum over
[163.383s][info][gc,stats       ] all workers. Dividing the <total> over the root stage time estimates parallelism.
[163.383s][info][gc,stats       ] 
[163.383s][info][gc,stats       ] Pause Degenerated GC (G)         204861 us
[163.383s][info][gc,stats       ] Pause Degenerated GC (N)         204816 us
[163.383s][info][gc,stats       ]   Degen STW Mark                  97553 us, parallelism: 3.92x
[163.383s][info][gc,stats       ]     DSM: <total>                 382834 us
[163.383s][info][gc,stats       ]     DSM: Thread Roots               458 us, workers (us): 123, 121, 119,  94, 
[163.383s][info][gc,stats       ]     DSM: VM Strong Roots             39 us, workers (us):  14,   0,  14,  11, 
[163.383s][info][gc,stats       ]     DSM: CLDG Roots                 322 us, workers (us):  38, 208,  38,  38, 
[163.383s][info][gc,stats       ]     DSM: Parallel Mark           382015 us, workers (us): 95540, 95384, 95540, 95551, 
[163.383s][info][gc,stats       ]     System Purge                   6792 us
[163.383s][info][gc,stats       ]       Weak References              1049 us, parallelism: 1.09x
[163.383s][info][gc,stats       ]         WRP: <total>               1147 us
[163.383s][info][gc,stats       ]         WRP: Weak References       1147 us, workers (us):  83, 111,  20, 933, 
[163.383s][info][gc,stats       ]       Unload Classes               4514 us, parallelism: 3.93x
[163.383s][info][gc,stats       ]         DCU: <total>              17733 us
[163.383s][info][gc,stats       ]         DCU: Unload Code Caches    17733 us, workers (us): 4451, 4450, 4429, 4402, 
[163.383s][info][gc,stats       ]       Weak Roots                    232 us, parallelism: 3.50x
[163.383s][info][gc,stats       ]         DWR: <total>                811 us
[163.383s][info][gc,stats       ]         DWR: VM Weak Roots          811 us, workers (us): 221, 220, 192, 178, 
[163.383s][info][gc,stats       ]       CLDG                            6 us
[163.383s][info][gc,stats       ]   Update Region States               85 us
[163.383s][info][gc,stats       ]   Manage GC/TLABs                    10 us
[163.383s][info][gc,stats       ]   Choose Collection Set              69 us
[163.383s][info][gc,stats       ]   Rebuild Free Set                   13 us
[163.383s][info][gc,stats       ]   Evacuation                      35794 us
[163.383s][info][gc,stats       ]   Manage GCLABs                      10 us
[163.383s][info][gc,stats       ]   Update References               46454 us
[163.383s][info][gc,stats       ]   Update Region States               55 us
[163.383s][info][gc,stats       ]   Trash Collection Set               14 us
[163.383s][info][gc,stats       ]   Rebuild Free Set                   13 us
[163.383s][info][gc,stats       ]   Degen Update Roots               5111 us, parallelism: 3.89x
[163.383s][info][gc,stats       ]     DU: <total>                   19871 us
[163.383s][info][gc,stats       ]     DU: Thread Roots                151 us, workers (us):  14,  74,  63,   1, 
[163.383s][info][gc,stats       ]     DU: Code Cache Roots          14121 us, workers (us): 3544, 3512, 3523, 3542, 
[163.383s][info][gc,stats       ]     DU: VM Strong Roots               5 us, workers (us):   4,   0,   0,   0, 
[163.383s][info][gc,stats       ]     DU: VM Weak Roots              5195 us, workers (us): 1322, 1296, 1296, 1282, 
[163.383s][info][gc,stats       ]     DU: CLDG Roots                  398 us, workers (us):  91,  62,  63, 182, 
[163.383s][info][gc,stats       ]   Cleanup                            40 us
[163.383s][info][gc,metaspace   ] Metaspace: 131599K(132608K)->131599K(132608K) NonClass: 111100K(111680K)->111100K(111680K) Class: 20498K(20928K)->20498K(20928K)
[174.633s][info][gc             ] Failed to allocate TLAB, 4096K
[174.633s][info][gc             ] Cancelling GC: Allocation Failure
[174.633s][info][gc             ] Trigger: Handle Allocation Failure
[174.633s][info][gc,ergo        ] Free: 0B, Max: 0B regular, 0B humongous, Frag: 0% external, 0% internal; Reserve: 412M, Max: 4096K
[174.633s][info][gc,start       ] GC(14) Pause Degenerated GC (Outside of Cycle)
[174.633s][info][gc,task        ] GC(14) Using 4 of 4 workers for stw degenerated gc
[174.642s][info][gc,ref         ] GC(14) Clearing All SoftReferences
[174.758s][info][gc,ref         ] GC(14) Encountered references: Soft: 3179, Weak: 21811, Final: 34, Phantom: 566
[174.759s][info][gc,ref         ] GC(14) Discovered  references: Soft: 2695, Weak: 14001, Final: 0, Phantom: 470
[174.759s][info][gc,ref         ] GC(14) Enqueued    references: Soft: 1, Weak: 4, Final: 0, Phantom: 0
[174.764s][info][gc,ergo        ] GC(14) CSet Selection. Actual Free: 2280M, Max CSet: 1900M
[174.764s][info][gc,ergo        ] GC(14) Collectable Garbage: 7324M (99%), Immediate: 1868M (25%), CSet: 5456M (74%)
[174.853s][info][gc,ergo        ] GC(14) Good progress for free space: 7316M, need 83886K
[174.853s][info][gc,ergo        ] GC(14) Good progress for used space: 7316M, need 4096K
[174.853s][info][gc             ] GC(14) Pause Degenerated GC (Outside of Cycle) 7779M->463M(8192M) 219.440ms
[174.853s][info][gc,ergo        ] Free: 7312M, Max: 4096K regular, 6868M humongous, Frag: 7% external, 1% internal; Reserve: 412M, Max: 4096K
[174.853s][info][gc,stats       ] 
[174.853s][info][gc,stats       ] All times are wall-clock times, except per-root-class counters, that are sum over
[174.853s][info][gc,stats       ] all workers. Dividing the <total> over the root stage time estimates parallelism.
[174.853s][info][gc,stats       ] 
[174.853s][info][gc,stats       ] Pause Degenerated GC (G)         219496 us
[174.853s][info][gc,stats       ] Pause Degenerated GC (N)         219456 us
[174.853s][info][gc,stats       ]   Degen STW Mark                 115736 us, parallelism: 3.94x
[174.853s][info][gc,stats       ]     DSM: <total>                 455774 us
[174.853s][info][gc,stats       ]     DSM: Thread Roots               337 us, workers (us): 104, 101,  74,  57, 
[174.853s][info][gc,stats       ]     DSM: VM Strong Roots             27 us, workers (us):   9,  10,   0,   8, 
[174.853s][info][gc,stats       ]     DSM: CLDG Roots                 258 us, workers (us):  28,  27, 176,  28, 
[174.853s][info][gc,stats       ]     DSM: Parallel Mark           455151 us, workers (us): 113825, 113820, 113677, 113829, 
[174.853s][info][gc,stats       ]     System Purge                   6629 us
[174.853s][info][gc,stats       ]       Weak References              1107 us, parallelism: 1.24x
[174.853s][info][gc,stats       ]         WRP: <total>               1375 us
[174.853s][info][gc,stats       ]         WRP: Weak References       1375 us, workers (us): 108, 300, 966,   0, 
[174.853s][info][gc,stats       ]       Unload Classes               4632 us, parallelism: 3.93x
[174.853s][info][gc,stats       ]         DCU: <total>              18207 us
[174.853s][info][gc,stats       ]         DCU: Unload Code Caches    18207 us, workers (us): 4575, 4568, 4531, 4532, 
[174.853s][info][gc,stats       ]       Weak Roots                    259 us, parallelism: 3.13x
[174.853s][info][gc,stats       ]         DWR: <total>                812 us
[174.853s][info][gc,stats       ]         DWR: VM Weak Roots          812 us, workers (us): 220, 220, 192, 180, 
[174.853s][info][gc,stats       ]       CLDG                            6 us
[174.853s][info][gc,stats       ]   Update Region States               40 us
[174.853s][info][gc,stats       ]   Manage GC/TLABs                     8 us
[174.853s][info][gc,stats       ]   Choose Collection Set              69 us
[174.853s][info][gc,stats       ]   Rebuild Free Set                   10 us
[174.853s][info][gc,stats       ]   Evacuation                      35537 us
[174.853s][info][gc,stats       ]   Manage GCLABs                       7 us
[174.853s][info][gc,stats       ]   Update References               46454 us
[174.853s][info][gc,stats       ]   Update Region States               40 us
[174.853s][info][gc,stats       ]   Trash Collection Set               12 us
[174.853s][info][gc,stats       ]   Rebuild Free Set                   11 us
[174.853s][info][gc,stats       ]   Degen Update Roots               4924 us, parallelism: 3.90x
[174.853s][info][gc,stats       ]     DU: <total>                   19195 us
[174.853s][info][gc,stats       ]     DU: Thread Roots                144 us, workers (us):   1,  83,  59,   1, 
[174.853s][info][gc,stats       ]     DU: Code Cache Roots          14467 us, workers (us): 3729, 3582, 3574, 3583, 
[174.853s][info][gc,stats       ]     DU: VM Strong Roots               5 us, workers (us):   5,   0,   0,   0, 
[174.853s][info][gc,stats       ]     DU: VM Weak Roots              4177 us, workers (us): 1073, 1049, 1027, 1028, 
[174.853s][info][gc,stats       ]     DU: CLDG Roots                  402 us, workers (us):  58,  59,  93, 193, 
[174.853s][info][gc,stats       ]   Cleanup                            53 us
[174.853s][info][gc,metaspace   ] Metaspace: 131624K(132608K)->131624K(132608K) NonClass: 111125K(111680K)->111125K(111680K) Class: 20498K(20928K)->20498K(20928K)
[184.692s][info][gc             ] Failed to allocate TLAB, 4096K
[184.692s][info][gc             ] Cancelling GC: Allocation Failure
[184.692s][info][gc             ] Trigger: Handle Allocation Failure
[184.692s][info][gc,ergo        ] Free: 0B, Max: 0B regular, 0B humongous, Frag: 0% external, 0% internal; Reserve: 412M, Max: 4096K
[184.692s][info][gc,start       ] GC(15) Pause Degenerated GC (Outside of Cycle)
[184.692s][info][gc,task        ] GC(15) Using 4 of 4 workers for stw degenerated gc
[184.705s][info][gc,ref         ] GC(15) Clearing All SoftReferences
[184.809s][info][gc,ref         ] GC(15) Encountered references: Soft: 3179, Weak: 21811, Final: 34, Phantom: 572
[184.809s][info][gc,ref         ] GC(15) Discovered  references: Soft: 2697, Weak: 11437, Final: 0, Phantom: 473
[184.809s][info][gc,ref         ] GC(15) Enqueued    references: Soft: 1, Weak: 2, Final: 0, Phantom: 0
[184.815s][info][gc,ergo        ] GC(15) CSet Selection. Actual Free: 3276M, Max CSet: 2730M
[184.815s][info][gc,ergo        ] GC(15) Collectable Garbage: 7317M (99%), Immediate: 2864M (39%), CSet: 4453M (60%)
[184.903s][info][gc,ergo        ] GC(15) Good progress for free space: 7308M, need 83886K
[184.903s][info][gc,ergo        ] GC(15) Good progress for used space: 7308M, need 4096K
[184.903s][info][gc             ] GC(15) Pause Degenerated GC (Outside of Cycle) 7779M->471M(8192M) 210.446ms
[184.903s][info][gc,ergo        ] Free: 7296M, Max: 4096K regular, 6860M humongous, Frag: 6% external, 1% internal; Reserve: 412M, Max: 4096K
[184.903s][info][gc,stats       ] 
[184.903s][info][gc,stats       ] All times are wall-clock times, except per-root-class counters, that are sum over
[184.903s][info][gc,stats       ] all workers. Dividing the <total> over the root stage time estimates parallelism.
[184.903s][info][gc,stats       ] 
[184.903s][info][gc,stats       ] Pause Degenerated GC (G)         210518 us
[184.903s][info][gc,stats       ] Pause Degenerated GC (N)         210462 us
[184.903s][info][gc,stats       ]   Degen STW Mark                 103757 us, parallelism: 3.93x
[184.903s][info][gc,stats       ]     DSM: <total>                 408047 us
[184.903s][info][gc,stats       ]     DSM: Thread Roots               449 us, workers (us): 132, 128,  95,  94, 
[184.903s][info][gc,stats       ]     DSM: VM Strong Roots             28 us, workers (us):   0,  11,   9,   9, 
[184.903s][info][gc,stats       ]     DSM: CLDG Roots                 264 us, workers (us): 168,  32,  32,  32, 
[184.903s][info][gc,stats       ]     DSM: Parallel Mark           407306 us, workers (us): 101727, 101856, 101865, 101858, 
[184.903s][info][gc,stats       ]     System Purge                   6381 us
[184.903s][info][gc,stats       ]       Weak References               987 us, parallelism: 1.13x
[184.903s][info][gc,stats       ]         WRP: <total>               1118 us
[184.903s][info][gc,stats       ]         WRP: Weak References       1118 us, workers (us):  66, 118,  20, 913, 
[184.903s][info][gc,stats       ]       Unload Classes               4687 us, parallelism: 3.95x
[184.903s][info][gc,stats       ]         DCU: <total>              18495 us
[184.903s][info][gc,stats       ]         DCU: Unload Code Caches    18495 us, workers (us): 4631, 4620, 4621, 4623, 
[184.903s][info][gc,stats       ]       Weak Roots                    205 us, parallelism: 3.62x
[184.903s][info][gc,stats       ]         DWR: <total>                741 us
[184.903s][info][gc,stats       ]         DWR: VM Weak Roots          741 us, workers (us): 193, 192, 193, 163, 
[184.903s][info][gc,stats       ]       CLDG                            5 us
[184.903s][info][gc,stats       ]   Update Region States               23 us
[184.903s][info][gc,stats       ]   Manage GC/TLABs                     9 us
[184.903s][info][gc,stats       ]   Choose Collection Set              79 us
[184.903s][info][gc,stats       ]   Rebuild Free Set                   12 us
[184.903s][info][gc,stats       ]   Evacuation                      37198 us
[184.903s][info][gc,stats       ]   Manage GCLABs                       7 us
[184.903s][info][gc,stats       ]   Update References               44274 us
[184.903s][info][gc,stats       ]   Update Region States               23 us
[184.903s][info][gc,stats       ]   Trash Collection Set               16 us
[184.903s][info][gc,stats       ]   Rebuild Free Set                   13 us
[184.903s][info][gc,stats       ]   Degen Update Roots               5030 us, parallelism: 3.91x
[184.903s][info][gc,stats       ]     DU: <total>                   19650 us
[184.903s][info][gc,stats       ]     DU: Thread Roots                166 us, workers (us):  92,   1,  72,   1, 
[184.903s][info][gc,stats       ]     DU: Code Cache Roots          14729 us, workers (us): 3620, 3793, 3665, 3651, 
[184.903s][info][gc,stats       ]     DU: VM Strong Roots               7 us, workers (us):   2,   2,   2,   0, 
[184.903s][info][gc,stats       ]     DU: VM Weak Roots              4358 us, workers (us): 1096, 1095, 1096, 1072, 
[184.903s][info][gc,stats       ]     DU: CLDG Roots                  390 us, workers (us):  84,  61,  60, 185, 
[184.903s][info][gc,stats       ]   Cleanup                            45 us
[184.903s][info][gc,metaspace   ] Metaspace: 131635K(132608K)->131635K(132608K) NonClass: 111136K(111680K)->111136K(111680K) Class: 20498K(20928K)->20498K(20928K)
[196.400s][info][gc             ] Failed to allocate TLAB, 4096K
[196.400s][info][gc             ] Cancelling GC: Allocation Failure
[196.400s][info][gc             ] Trigger: Handle Allocation Failure
[196.400s][info][gc,ergo        ] Free: 0B, Max: 0B regular, 0B humongous, Frag: 0% external, 0% internal; Reserve: 412M, Max: 4096K
[196.400s][info][gc,start       ] GC(16) Pause Degenerated GC (Outside of Cycle)
[196.400s][info][gc,task        ] GC(16) Using 4 of 4 workers for stw degenerated gc
[196.410s][info][gc,ref         ] GC(16) Clearing All SoftReferences
[196.514s][info][gc,ref         ] GC(16) Encountered references: Soft: 3185, Weak: 21818, Final: 34, Phantom: 578
[196.514s][info][gc,ref         ] GC(16) Discovered  references: Soft: 2697, Weak: 11699, Final: 0, Phantom: 478
[196.514s][info][gc,ref         ] GC(16) Enqueued    references: Soft: 7, Weak: 7, Final: 0, Phantom: 0
[196.520s][info][gc,ergo        ] GC(16) CSet Selection. Actual Free: 2584M, Max CSet: 2153M
[196.520s][info][gc,ergo        ] GC(16) Collectable Garbage: 7331M (99%), Immediate: 2172M (29%), CSet: 5159M (70%)
[196.604s][info][gc,ergo        ] GC(16) Good progress for free space: 7324M, need 83886K
[196.604s][info][gc,ergo        ] GC(16) Good progress for used space: 7324M, need 4096K
[196.604s][info][gc             ] GC(16) Pause Degenerated GC (Outside of Cycle) 7779M->455M(8192M) 203.826ms
[196.604s][info][gc,ergo        ] Free: 7312M, Max: 4096K regular, 6876M humongous, Frag: 6% external, 1% internal; Reserve: 412M, Max: 4096K
[196.604s][info][gc,stats       ] 
[196.604s][info][gc,stats       ] All times are wall-clock times, except per-root-class counters, that are sum over
[196.604s][info][gc,stats       ] all workers. Dividing the <total> over the root stage time estimates parallelism.
[196.604s][info][gc,stats       ] 
[196.604s][info][gc,stats       ] Pause Degenerated GC (G)         203912 us
[196.604s][info][gc,stats       ] Pause Degenerated GC (N)         203839 us
[196.604s][info][gc,stats       ]   Degen STW Mark                 103271 us, parallelism: 3.93x
[196.604s][info][gc,stats       ]     DSM: <total>                 406208 us
[196.604s][info][gc,stats       ]     DSM: Thread Roots               306 us, workers (us): 100, 101,  53,  53, 
[196.604s][info][gc,stats       ]     DSM: VM Strong Roots             27 us, workers (us):  10,   0,   9,   8, 
[196.604s][info][gc,stats       ]     DSM: CLDG Roots                 273 us, workers (us):  35, 169,  34,  34, 
[196.604s][info][gc,stats       ]     DSM: Parallel Mark           405602 us, workers (us): 101437, 101302, 101429, 101433, 
[196.604s][info][gc,stats       ]     System Purge                   6343 us
[196.604s][info][gc,stats       ]       Weak References              1059 us, parallelism: 1.13x
[196.604s][info][gc,stats       ]         WRP: <total>               1198 us
[196.604s][info][gc,stats       ]         WRP: Weak References       1198 us, workers (us): 981, 107, 109,   0, 
[196.604s][info][gc,stats       ]       Unload Classes               4495 us, parallelism: 3.91x
[196.604s][info][gc,stats       ]         DCU: <total>              17558 us
[196.604s][info][gc,stats       ]         DCU: Unload Code Caches    17558 us, workers (us): 4394, 4392, 4395, 4377, 
[196.604s][info][gc,stats       ]       Weak Roots                    224 us, parallelism: 3.49x
[196.604s][info][gc,stats       ]         DWR: <total>                781 us
[196.604s][info][gc,stats       ]         DWR: VM Weak Roots          781 us, workers (us): 213, 212, 183, 173, 
[196.604s][info][gc,stats       ]       CLDG                            4 us
[196.604s][info][gc,stats       ]   Update Region States               37 us
[196.604s][info][gc,stats       ]   Manage GC/TLABs                     7 us
[196.604s][info][gc,stats       ]   Choose Collection Set              61 us
[196.604s][info][gc,stats       ]   Rebuild Free Set                   11 us
[196.604s][info][gc,stats       ]   Evacuation                      32725 us
[196.604s][info][gc,stats       ]   Manage GCLABs                       6 us
[196.604s][info][gc,stats       ]   Update References               44550 us
[196.604s][info][gc,stats       ]   Update Region States               44 us
[196.604s][info][gc,stats       ]   Trash Collection Set               17 us
[196.604s][info][gc,stats       ]   Rebuild Free Set                   13 us
[196.604s][info][gc,stats       ]   Degen Update Roots               4993 us, parallelism: 3.89x
[196.604s][info][gc,stats       ]     DU: <total>                   19440 us
[196.604s][info][gc,stats       ]     DU: Thread Roots                155 us, workers (us):  81,  72,   1,   1, 
[196.604s][info][gc,stats       ]     DU: Code Cache Roots          14778 us, workers (us): 3649, 3658, 3670, 3802, 
[196.604s][info][gc,stats       ]     DU: VM Strong Roots               6 us, workers (us):   2,   2,   2,   0, 
[196.604s][info][gc,stats       ]     DU: VM Weak Roots              4135 us, workers (us): 1041, 1041, 1043, 1011, 
[196.604s][info][gc,stats       ]     DU: CLDG Roots                  366 us, workers (us):  58,  57, 164,  88, 
[196.604s][info][gc,stats       ]   Cleanup                            49 us
[196.604s][info][gc,metaspace   ] Metaspace: 131667K(132672K)->131667K(132672K) NonClass: 111168K(111744K)->111168K(111744K) Class: 20498K(20928K)->20498K(20928K)
[206.536s][info][gc             ] Failed to allocate TLAB, 4096K
[206.536s][info][gc             ] Cancelling GC: Allocation Failure
[206.537s][info][gc             ] Trigger: Handle Allocation Failure
[206.537s][info][gc,ergo        ] Free: 0B, Max: 0B regular, 0B humongous, Frag: 0% external, 0% internal; Reserve: 412M, Max: 4096K
[206.537s][info][gc,start       ] GC(17) Pause Degenerated GC (Outside of Cycle)
[206.537s][info][gc,task        ] GC(17) Using 4 of 4 workers for stw degenerated gc
[206.558s][info][gc,ref         ] GC(17) Clearing All SoftReferences
[206.667s][info][gc,ref         ] GC(17) Encountered references: Soft: 3179, Weak: 21814, Final: 34, Phantom: 581
[206.667s][info][gc,ref         ] GC(17) Discovered  references: Soft: 2693, Weak: 11930, Final: 0, Phantom: 481
[206.667s][info][gc,ref         ] GC(17) Enqueued    references: Soft: 1, Weak: 2, Final: 0, Phantom: 0
[206.673s][info][gc,ergo        ] GC(17) CSet Selection. Actual Free: 2956M, Max CSet: 2463M
[206.673s][info][gc,ergo        ] GC(17) Collectable Garbage: 7315M (99%), Immediate: 2544M (34%), CSet: 4771M (65%)
[206.760s][info][gc,ergo        ] GC(17) Good progress for free space: 7308M, need 83886K
[206.760s][info][gc,ergo        ] GC(17) Good progress for used space: 7308M, need 4096K
[206.760s][info][gc             ] GC(17) Pause Degenerated GC (Outside of Cycle) 7779M->471M(8192M) 222.690ms
[206.760s][info][gc,ergo        ] Free: 7296M, Max: 4096K regular, 6860M humongous, Frag: 6% external, 1% internal; Reserve: 412M, Max: 4096K
[206.760s][info][gc,stats       ] 
[206.760s][info][gc,stats       ] All times are wall-clock times, except per-root-class counters, that are sum over
[206.760s][info][gc,stats       ] all workers. Dividing the <total> over the root stage time estimates parallelism.
[206.760s][info][gc,stats       ] 
[206.760s][info][gc,stats       ] Pause Degenerated GC (G)         222791 us
[206.760s][info][gc,stats       ] Pause Degenerated GC (N)         222704 us
[206.760s][info][gc,stats       ]   Degen STW Mark                 107097 us, parallelism: 3.91x
[206.760s][info][gc,stats       ]     DSM: <total>                 419114 us
[206.760s][info][gc,stats       ]     DSM: Thread Roots               733 us, workers (us): 186, 184, 182, 181, 
[206.760s][info][gc,stats       ]     DSM: VM Strong Roots             46 us, workers (us):   0,  17,  13,  16, 
[206.760s][info][gc,stats       ]     DSM: CLDG Roots                 560 us, workers (us): 296,  87,  88,  89, 
[206.760s][info][gc,stats       ]     DSM: Parallel Mark           417775 us, workers (us): 104295, 104496, 104495, 104489, 
[206.760s][info][gc,stats       ]     System Purge                   7250 us
[206.760s][info][gc,stats       ]       Weak References              1548 us, parallelism: 1.16x
[206.760s][info][gc,stats       ]         WRP: <total>               1798 us
[206.760s][info][gc,stats       ]         WRP: Weak References       1798 us, workers (us): 151, 169, 1428,  50, 
[206.760s][info][gc,stats       ]       Unload Classes               4852 us, parallelism: 3.93x
[206.760s][info][gc,stats       ]         DCU: <total>              19081 us
[206.760s][info][gc,stats       ]         DCU: Unload Code Caches    19081 us, workers (us): 4766, 4774, 4766, 4775, 
[206.760s][info][gc,stats       ]       Weak Roots                    313 us, parallelism: 3.81x
[206.760s][info][gc,stats       ]         DWR: <total>               1194 us
[206.760s][info][gc,stats       ]         DWR: VM Weak Roots         1194 us, workers (us): 299, 299, 299, 297, 
[206.760s][info][gc,stats       ]       CLDG                            4 us
[206.760s][info][gc,stats       ]   Update Region States               41 us
[206.760s][info][gc,stats       ]   Manage GC/TLABs                     8 us
[206.760s][info][gc,stats       ]   Choose Collection Set              73 us
[206.760s][info][gc,stats       ]   Rebuild Free Set                   12 us
[206.760s][info][gc,stats       ]   Evacuation                      35126 us
[206.760s][info][gc,stats       ]   Manage GCLABs                       6 us
[206.760s][info][gc,stats       ]   Update References               45152 us
[206.760s][info][gc,stats       ]   Update Region States               55 us
[206.760s][info][gc,stats       ]   Trash Collection Set               15 us
[206.760s][info][gc,stats       ]   Rebuild Free Set                   12 us
[206.760s][info][gc,stats       ]   Degen Update Roots               5059 us, parallelism: 3.88x
[206.760s][info][gc,stats       ]     DU: <total>                   19654 us
[206.760s][info][gc,stats       ]     DU: Thread Roots                169 us, workers (us):  73,   1,  95,   1, 
[206.760s][info][gc,stats       ]     DU: Code Cache Roots          14852 us, workers (us): 3699, 3761, 3545, 3847, 
[206.760s][info][gc,stats       ]     DU: VM Strong Roots               5 us, workers (us):   5,   0,   0,   0, 
[206.760s][info][gc,stats       ]     DU: VM Weak Roots              4229 us, workers (us): 1085, 1048, 1049, 1048, 
[206.760s][info][gc,stats       ]     DU: CLDG Roots                  398 us, workers (us):  60,  85, 192,  60, 
[206.760s][info][gc,stats       ]   Cleanup                            49 us
[206.760s][info][gc,metaspace   ] Metaspace: 131687K(132672K)->131687K(132672K) NonClass: 111188K(111744K)->111188K(111744K) Class: 20498K(20928K)->20498K(20928K)
[218.142s][info][gc             ] Failed to allocate TLAB, 4096K
[218.142s][info][gc             ] Cancelling GC: Allocation Failure
[218.142s][info][gc             ] Trigger: Handle Allocation Failure
[218.142s][info][gc,ergo        ] Free: 0B, Max: 0B regular, 0B humongous, Frag: 0% external, 0% internal; Reserve: 412M, Max: 4096K
[218.142s][info][gc,start       ] GC(18) Pause Degenerated GC (Outside of Cycle)
[218.142s][info][gc,task        ] GC(18) Using 4 of 4 workers for stw degenerated gc
[218.157s][info][gc,ref         ] GC(18) Clearing All SoftReferences
[218.283s][info][gc,ref         ] GC(18) Encountered references: Soft: 3186, Weak: 21819, Final: 34, Phantom: 587
[218.283s][info][gc,ref         ] GC(18) Discovered  references: Soft: 2702, Weak: 13875, Final: 0, Phantom: 483
[218.283s][info][gc,ref         ] GC(18) Enqueued    references: Soft: 8, Weak: 5, Final: 0, Phantom: 0
[218.288s][info][gc,ergo        ] GC(18) CSet Selection. Actual Free: 2548M, Max CSet: 2123M
[218.288s][info][gc,ergo        ] GC(18) Collectable Garbage: 7334M (99%), Immediate: 2136M (29%), CSet: 5198M (70%)
[218.375s][info][gc,ergo        ] GC(18) Good progress for free space: 7324M, need 83886K
[218.375s][info][gc,ergo        ] GC(18) Good progress for used space: 7324M, need 4096K
[218.375s][info][gc             ] GC(18) Pause Degenerated GC (Outside of Cycle) 7779M->455M(8192M) 232.424ms
[218.375s][info][gc,ergo        ] Free: 7324M, Max: 4096K regular, 6876M humongous, Frag: 7% external, 1% internal; Reserve: 412M, Max: 4096K
[218.375s][info][gc,stats       ] 
[218.375s][info][gc,stats       ] All times are wall-clock times, except per-root-class counters, that are sum over
[218.375s][info][gc,stats       ] all workers. Dividing the <total> over the root stage time estimates parallelism.
[218.375s][info][gc,stats       ] 
[218.375s][info][gc,stats       ] Pause Degenerated GC (G)         232470 us
[218.375s][info][gc,stats       ] Pause Degenerated GC (N)         232440 us
[218.375s][info][gc,stats       ]   Degen STW Mark                 124843 us, parallelism: 3.94x
[218.375s][info][gc,stats       ]     DSM: <total>                 491474 us
[218.375s][info][gc,stats       ]     DSM: Thread Roots               644 us, workers (us): 162, 161, 162, 159, 
[218.375s][info][gc,stats       ]     DSM: VM Strong Roots             42 us, workers (us):  15,  14,   0,  12, 
[218.375s][info][gc,stats       ]     DSM: CLDG Roots                 512 us, workers (us):  70,  70, 302,  70, 
[218.375s][info][gc,stats       ]     DSM: Parallel Mark           490276 us, workers (us): 122628, 122629, 122399, 122621, 
[218.375s][info][gc,stats       ]     System Purge                   6257 us
[218.375s][info][gc,stats       ]       Weak References              1139 us, parallelism: 1.19x
[218.375s][info][gc,stats       ]         WRP: <total>               1350 us
[218.375s][info][gc,stats       ]         WRP: Weak References       1350 us, workers (us):  19, 271, 1035,  25, 
[218.375s][info][gc,stats       ]       Unload Classes               4605 us, parallelism: 3.89x
[218.375s][info][gc,stats       ]         DCU: <total>              17913 us
[218.375s][info][gc,stats       ]         DCU: Unload Code Caches    17913 us, workers (us): 4499, 4492, 4472, 4450, 
[218.375s][info][gc,stats       ]       Weak Roots                    246 us, parallelism: 3.08x
[218.375s][info][gc,stats       ]         DWR: <total>                759 us
[218.375s][info][gc,stats       ]         DWR: VM Weak Roots          759 us, workers (us): 207, 206, 173, 173, 
[218.375s][info][gc,stats       ]       CLDG                            2 us
[218.375s][info][gc,stats       ]   Update Region States               67 us
[218.375s][info][gc,stats       ]   Manage GC/TLABs                     8 us
[218.375s][info][gc,stats       ]   Choose Collection Set              68 us
[218.375s][info][gc,stats       ]   Rebuild Free Set                   11 us
[218.375s][info][gc,stats       ]   Evacuation                      34269 us
[218.375s][info][gc,stats       ]   Manage GCLABs                       6 us
[218.375s][info][gc,stats       ]   Update References               45037 us
[218.375s][info][gc,stats       ]   Update Region States               38 us
[218.375s][info][gc,stats       ]   Trash Collection Set               15 us
[218.375s][info][gc,stats       ]   Rebuild Free Set                   12 us
[218.375s][info][gc,stats       ]   Degen Update Roots               5349 us, parallelism: 3.88x
[218.375s][info][gc,stats       ]     DU: <total>                   20767 us
[218.375s][info][gc,stats       ]     DU: Thread Roots                146 us, workers (us):  30,   1,   1, 114, 
[218.375s][info][gc,stats       ]     DU: Code Cache Roots          15615 us, workers (us): 3810, 3942, 4021, 3842, 
[218.375s][info][gc,stats       ]     DU: VM Strong Roots               6 us, workers (us):   3,   3,   0,   0, 
[218.375s][info][gc,stats       ]     DU: VM Weak Roots              4612 us, workers (us): 1170, 1170, 1145, 1128, 
[218.375s][info][gc,stats       ]     DU: CLDG Roots                  388 us, workers (us): 178,  84,  62,  64, 
[218.375s][info][gc,stats       ]   Cleanup                            55 us
[218.375s][info][gc,metaspace   ] Metaspace: 131721K(132672K)->131721K(132672K) NonClass: 111222K(111744K)->111222K(111744K) Class: 20499K(20928K)->20499K(20928K)
[228.570s][info][gc             ] Failed to allocate TLAB, 4096K
[228.570s][info][gc             ] Cancelling GC: Allocation Failure
[228.570s][info][gc             ] Trigger: Handle Allocation Failure
[228.570s][info][gc,ergo        ] Free: 0B, Max: 0B regular, 0B humongous, Frag: 0% external, 0% internal; Reserve: 412M, Max: 4096K
[228.571s][info][gc,start       ] GC(19) Pause Degenerated GC (Outside of Cycle)
[228.571s][info][gc,task        ] GC(19) Using 4 of 4 workers for stw degenerated gc
[228.583s][info][gc,ref         ] GC(19) Clearing All SoftReferences
[228.696s][info][gc,ref         ] GC(19) Encountered references: Soft: 3179, Weak: 21823, Final: 34, Phantom: 590
[228.696s][info][gc,ref         ] GC(19) Discovered  references: Soft: 1723, Weak: 11664, Final: 0, Phantom: 485
[228.696s][info][gc,ref         ] GC(19) Enqueued    references: Soft: 1, Weak: 6, Final: 0, Phantom: 0
[228.702s][info][gc,ergo        ] GC(19) CSet Selection. Actual Free: 3536M, Max CSet: 2946M
[228.702s][info][gc,ergo        ] GC(19) Collectable Garbage: 7343M (99%), Immediate: 3124M (42%), CSet: 4219M (57%)
[228.777s][info][gc,ergo        ] GC(19) Good progress for free space: 7336M, need 83886K
[228.777s][info][gc,ergo        ] GC(19) Good progress for used space: 7336M, need 4096K
[228.777s][info][gc             ] GC(19) Pause Degenerated GC (Outside of Cycle) 7779M->443M(8192M) 206.942ms
[228.778s][info][gc,ergo        ] Free: 7328M, Max: 4096K regular, 6888M humongous, Frag: 7% external, 1% internal; Reserve: 412M, Max: 4096K
[228.778s][info][gc,stats       ] 
[228.778s][info][gc,stats       ] All times are wall-clock times, except per-root-class counters, that are sum over
[228.778s][info][gc,stats       ] all workers. Dividing the <total> over the root stage time estimates parallelism.
[228.778s][info][gc,stats       ] 
[228.778s][info][gc,stats       ] Pause Degenerated GC (G)         207060 us
[228.778s][info][gc,stats       ] Pause Degenerated GC (N)         206956 us
[228.778s][info][gc,stats       ]   Degen STW Mark                 112309 us, parallelism: 3.93x
[228.778s][info][gc,stats       ]     DSM: <total>                 441728 us
[228.778s][info][gc,stats       ]     DSM: Thread Roots               304 us, workers (us):  97,  97,  55,  56, 
[228.778s][info][gc,stats       ]     DSM: VM Strong Roots             29 us, workers (us):  10,   0,   8,  11, 
[228.778s][info][gc,stats       ]     DSM: CLDG Roots                 263 us, workers (us):  30, 176,  29,  28, 
[228.778s][info][gc,stats       ]     DSM: Parallel Mark           441132 us, workers (us): 110314, 110175, 110324, 110320, 
[228.778s][info][gc,stats       ]     System Purge                   6949 us
[228.778s][info][gc,stats       ]       Weak References              1109 us, parallelism: 1.12x
[228.778s][info][gc,stats       ]         WRP: <total>               1239 us
[228.778s][info][gc,stats       ]         WRP: Weak References       1239 us, workers (us):  37, 103, 1004,  94, 
[228.778s][info][gc,stats       ]       Unload Classes               4852 us, parallelism: 3.95x
[228.778s][info][gc,stats       ]         DCU: <total>              19168 us
[228.778s][info][gc,stats       ]         DCU: Unload Code Caches    19168 us, workers (us): 4795, 4793, 4793, 4788, 
[228.778s][info][gc,stats       ]       Weak Roots                    236 us, parallelism: 3.28x
[228.778s][info][gc,stats       ]         DWR: <total>                773 us
[228.778s][info][gc,stats       ]         DWR: VM Weak Roots          773 us, workers (us): 194, 193, 194, 193, 
[228.778s][info][gc,stats       ]       CLDG                            7 us
[228.778s][info][gc,stats       ]   Update Region States               56 us
[228.778s][info][gc,stats       ]   Manage GC/TLABs                     9 us
[228.778s][info][gc,stats       ]   Choose Collection Set              80 us
[228.778s][info][gc,stats       ]   Rebuild Free Set                   12 us
[228.778s][info][gc,stats       ]   Evacuation                      27070 us
[228.778s][info][gc,stats       ]   Manage GCLABs                       7 us
[228.778s][info][gc,stats       ]   Update References               41484 us
[228.778s][info][gc,stats       ]   Update Region States               54 us
[228.778s][info][gc,stats       ]   Trash Collection Set               15 us
[228.778s][info][gc,stats       ]   Rebuild Free Set                   13 us
[228.778s][info][gc,stats       ]   Degen Update Roots               4964 us, parallelism: 3.86x
[228.778s][info][gc,stats       ]     DU: <total>                   19184 us
[228.778s][info][gc,stats       ]     DU: Thread Roots                134 us, workers (us):   6,   2, 126,   1, 
[228.778s][info][gc,stats       ]     DU: Code Cache Roots          14471 us, workers (us): 3643, 3655, 3420, 3753, 
[228.778s][info][gc,stats       ]     DU: VM Strong Roots               6 us, workers (us):   2,   2,   2,   0, 
[228.778s][info][gc,stats       ]     DU: VM Weak Roots              4202 us, workers (us): 1058, 1056, 1058, 1030, 
[228.778s][info][gc,stats       ]     DU: CLDG Roots                  371 us, workers (us):  61,  88, 162,  61, 
[228.778s][info][gc,stats       ]   Cleanup                            44 us
[228.778s][info][gc,metaspace   ] Metaspace: 131734K(132672K)->131734K(132672K) NonClass: 111235K(111744K)->111235K(111744K) Class: 20499K(20928K)->20499K(20928K)
[240.302s][info][gc             ] Failed to allocate TLAB, 4096K
[240.302s][info][gc             ] Cancelling GC: Allocation Failure
[240.303s][info][gc             ] Trigger: Handle Allocation Failure
[240.303s][info][gc,ergo        ] Free: 0B, Max: 0B regular, 0B humongous, Frag: 0% external, 0% internal; Reserve: 412M, Max: 4096K
[240.303s][info][gc,start       ] GC(20) Pause Degenerated GC (Outside of Cycle)
[240.303s][info][gc,task        ] GC(20) Using 4 of 4 workers for stw degenerated gc
[240.322s][info][gc,ref         ] GC(20) Clearing All SoftReferences
[240.454s][info][gc,ref         ] GC(20) Encountered references: Soft: 3179, Weak: 21820, Final: 34, Phantom: 593
[240.454s][info][gc,ref         ] GC(20) Discovered  references: Soft: 2701, Weak: 13585, Final: 0, Phantom: 487
[240.454s][info][gc,ref         ] GC(20) Enqueued    references: Soft: 1, Weak: 2, Final: 0, Phantom: 0
[240.462s][info][gc,ergo        ] GC(20) CSet Selection. Actual Free: 2868M, Max CSet: 2390M
[240.463s][info][gc,ergo        ] GC(20) Collectable Garbage: 7337M (99%), Immediate: 2456M (33%), CSet: 4881M (66%)
[240.582s][info][gc,ergo        ] GC(20) Good progress for free space: 7328M, need 83886K
[240.582s][info][gc,ergo        ] GC(20) Good progress for used space: 7328M, need 4096K
[240.582s][info][gc             ] GC(20) Pause Degenerated GC (Outside of Cycle) 7779M->451M(8192M) 278.359ms
[240.582s][info][gc,ergo        ] Free: 7316M, Max: 4096K regular, 6880M humongous, Frag: 6% external, 1% internal; Reserve: 412M, Max: 4096K
[240.582s][info][gc,stats       ] 
[240.582s][info][gc,stats       ] All times are wall-clock times, except per-root-class counters, that are sum over
[240.582s][info][gc,stats       ] all workers. Dividing the <total> over the root stage time estimates parallelism.
[240.582s][info][gc,stats       ] 
[240.582s][info][gc,stats       ] Pause Degenerated GC (G)         278424 us
[240.582s][info][gc,stats       ] Pause Degenerated GC (N)         278373 us
[240.582s][info][gc,stats       ]   Degen STW Mark                 130275 us, parallelism: 3.93x
[240.582s][info][gc,stats       ]     DSM: <total>                 511915 us
[240.582s][info][gc,stats       ]     DSM: Thread Roots               715 us, workers (us): 200, 193, 161, 161, 
[240.582s][info][gc,stats       ]     DSM: VM Strong Roots             58 us, workers (us):  20,  24,  14,   0, 
[240.582s][info][gc,stats       ]     DSM: CLDG Roots                 562 us, workers (us):  76,  82,  82, 323, 
[240.582s][info][gc,stats       ]     DSM: Parallel Mark           510581 us, workers (us): 127704, 127703, 127700, 127474, 
[240.582s][info][gc,stats       ]     System Purge                   9862 us
[240.582s][info][gc,stats       ]       Weak References              1158 us, parallelism: 1.31x
[240.582s][info][gc,stats       ]         WRP: <total>               1515 us
[240.582s][info][gc,stats       ]         WRP: Weak References       1515 us, workers (us): 1053, 158, 304,   0, 
[240.582s][info][gc,stats       ]       Unload Classes               7527 us, parallelism: 3.94x
[240.582s][info][gc,stats       ]         DCU: <total>              29683 us
[240.582s][info][gc,stats       ]         DCU: Unload Code Caches    29683 us, workers (us): 7442, 7400, 7422, 7419, 
[240.582s][info][gc,stats       ]       Weak Roots                    337 us, parallelism: 3.19x
[240.582s][info][gc,stats       ]         DWR: <total>               1074 us
[240.582s][info][gc,stats       ]         DWR: VM Weak Roots         1074 us, workers (us): 297, 264, 264, 250, 
[240.582s][info][gc,stats       ]       CLDG                            6 us
[240.582s][info][gc,stats       ]   Update Region States               84 us
[240.582s][info][gc,stats       ]   Manage GC/TLABs                    12 us
[240.582s][info][gc,stats       ]   Choose Collection Set             108 us
[240.582s][info][gc,stats       ]   Rebuild Free Set                   12 us
[240.582s][info][gc,stats       ]   Evacuation                      48801 us
[240.582s][info][gc,stats       ]   Manage GCLABs                      12 us
[240.582s][info][gc,stats       ]   Update References               61287 us
[240.582s][info][gc,stats       ]   Update Region States               77 us
[240.582s][info][gc,stats       ]   Trash Collection Set               28 us
[240.582s][info][gc,stats       ]   Rebuild Free Set                   19 us
[240.582s][info][gc,stats       ]   Degen Update Roots               6105 us, parallelism: 3.93x
[240.582s][info][gc,stats       ]     DU: <total>                   24020 us
[240.582s][info][gc,stats       ]     DU: Thread Roots                353 us, workers (us):  90,  16,   1, 246, 
[240.582s][info][gc,stats       ]     DU: Code Cache Roots          17294 us, workers (us): 4380, 4275, 4414, 4225, 
[240.582s][info][gc,stats       ]     DU: VM Strong Roots               8 us, workers (us):   2,   3,   2,   1, 
[240.582s][info][gc,stats       ]     DU: VM Weak Roots              5760 us, workers (us): 1438, 1444, 1440, 1438, 
[240.582s][info][gc,stats       ]     DU: CLDG Roots                  605 us, workers (us):  93, 267, 153,  92, 
[240.582s][info][gc,stats       ]   Cleanup                            58 us
[240.582s][info][gc,metaspace   ] Metaspace: 131761K(132736K)->131761K(132736K) NonClass: 111261K(111808K)->111261K(111808K) Class: 20499K(20928K)->20499K(20928K)
[250.895s][info][gc             ] Failed to allocate TLAB, 4096K
[250.895s][info][gc             ] Cancelling GC: Allocation Failure
[250.896s][info][gc             ] Trigger: Handle Allocation Failure
[250.896s][info][gc,ergo        ] Free: 0B, Max: 0B regular, 0B humongous, Frag: 0% external, 0% internal; Reserve: 412M, Max: 4096K
[250.896s][info][gc,start       ] GC(21) Pause Degenerated GC (Outside of Cycle)
[250.896s][info][gc,task        ] GC(21) Using 4 of 4 workers for stw degenerated gc
[250.908s][info][gc,ref         ] GC(21) Clearing All SoftReferences
[251.035s][info][gc,ref         ] GC(21) Encountered references: Soft: 3209, Weak: 21862, Final: 34, Phantom: 615
[251.035s][info][gc,ref         ] GC(21) Discovered  references: Soft: 1573, Weak: 11951, Final: 0, Phantom: 505
[251.035s][info][gc,ref         ] GC(21) Enqueued    references: Soft: 31, Weak: 26, Final: 0, Phantom: 9
[251.042s][info][gc,ergo        ] GC(21) CSet Selection. Actual Free: 2868M, Max CSet: 2390M
[251.042s][info][gc,ergo        ] GC(21) Collectable Garbage: 7298M (99%), Immediate: 2456M (33%), CSet: 4842M (66%)
[251.161s][info][gc,ergo        ] GC(21) Good progress for free space: 7292M, need 83886K
[251.161s][info][gc,ergo        ] GC(21) Good progress for used space: 7292M, need 4096K
[251.161s][info][gc             ] GC(21) Pause Degenerated GC (Outside of Cycle) 7779M->487M(8192M) 265.115ms
[251.162s][info][gc,ergo        ] Free: 7280M, Max: 4096K regular, 6844M humongous, Frag: 6% external, 1% internal; Reserve: 412M, Max: 4096K
[251.162s][info][gc,stats       ] 
[251.162s][info][gc,stats       ] All times are wall-clock times, except per-root-class counters, that are sum over
[251.162s][info][gc,stats       ] all workers. Dividing the <total> over the root stage time estimates parallelism.
[251.162s][info][gc,stats       ] 
[251.162s][info][gc,stats       ] Pause Degenerated GC (G)         265179 us
[251.162s][info][gc,stats       ] Pause Degenerated GC (N)         265131 us
[251.162s][info][gc,stats       ]   Degen STW Mark                 125091 us, parallelism: 3.94x
[251.162s][info][gc,stats       ]     DSM: <total>                 492420 us
[251.162s][info][gc,stats       ]     DSM: Thread Roots               350 us, workers (us):  96,  97,  95,  62, 
[251.162s][info][gc,stats       ]     DSM: VM Strong Roots             28 us, workers (us):   9,   9,   0,  11, 
[251.162s][info][gc,stats       ]     DSM: CLDG Roots                 263 us, workers (us):  30,  29, 175,  30, 
[251.162s][info][gc,stats       ]     DSM: Parallel Mark           491779 us, workers (us): 122983, 122984, 122838, 122975, 
[251.162s][info][gc,stats       ]     System Purge                   8124 us
[251.162s][info][gc,stats       ]       Weak References              1477 us, parallelism: 1.06x
[251.162s][info][gc,stats       ]         WRP: <total>               1570 us
[251.162s][info][gc,stats       ]         WRP: Weak References       1570 us, workers (us): 143, 1384,  43,   0, 
[251.162s][info][gc,stats       ]       Unload Classes               4921 us, parallelism: 3.94x
[251.162s][info][gc,stats       ]         DCU: <total>              19406 us
[251.162s][info][gc,stats       ]         DCU: Unload Code Caches    19406 us, workers (us): 4849, 4860, 4850, 4846, 
[251.162s][info][gc,stats       ]       Weak Roots                    287 us, parallelism: 3.82x
[251.162s][info][gc,stats       ]         DWR: <total>               1095 us
[251.162s][info][gc,stats       ]         DWR: VM Weak Roots         1095 us, workers (us): 274, 274, 274, 274, 
[251.162s][info][gc,stats       ]       CLDG                            8 us
[251.162s][info][gc,stats       ]   Update Region States               27 us
[251.162s][info][gc,stats       ]   Manage GC/TLABs                     9 us
[251.162s][info][gc,stats       ]   Choose Collection Set              85 us
[251.162s][info][gc,stats       ]   Rebuild Free Set                   11 us
[251.162s][info][gc,stats       ]   Evacuation                      49952 us
[251.162s][info][gc,stats       ]   Manage GCLABs                       7 us
[251.162s][info][gc,stats       ]   Update References               61494 us
[251.162s][info][gc,stats       ]   Update Region States               28 us
[251.162s][info][gc,stats       ]   Trash Collection Set               16 us
[251.162s][info][gc,stats       ]   Rebuild Free Set                   12 us
[251.162s][info][gc,stats       ]   Degen Update Roots               6128 us, parallelism: 3.93x
[251.162s][info][gc,stats       ]     DU: <total>                   24077 us
[251.162s][info][gc,stats       ]     DU: Thread Roots                183 us, workers (us): 180,   1,   1,   1, 
[251.162s][info][gc,stats       ]     DU: Code Cache Roots          18915 us, workers (us): 4559, 4858, 4670, 4828, 
[251.162s][info][gc,stats       ]     DU: VM Strong Roots               7 us, workers (us):   2,   2,   2,   1, 
[251.162s][info][gc,stats       ]     DU: VM Weak Roots              4566 us, workers (us): 1141, 1141, 1141, 1142, 
[251.162s][info][gc,stats       ]     DU: CLDG Roots                  406 us, workers (us):  88,  60, 198,  60, 
[251.162s][info][gc,stats       ]   Cleanup                            53 us
[251.162s][info][gc,metaspace   ] Metaspace: 131894K(132864K)->131894K(132864K) NonClass: 111382K(111936K)->111382K(111936K) Class: 20512K(20928K)->20512K(20928K)
[261.916s][info][gc             ] Failed to allocate TLAB, 4096K
[261.916s][info][gc             ] Cancelling GC: Allocation Failure
[261.917s][info][gc             ] Trigger: Handle Allocation Failure
[261.917s][info][gc,ergo        ] Free: 0B, Max: 0B regular, 0B humongous, Frag: 0% external, 0% internal; Reserve: 412M, Max: 4096K
[261.917s][info][gc,start       ] GC(22) Pause Degenerated GC (Outside of Cycle)
[261.917s][info][gc,task        ] GC(22) Using 4 of 4 workers for stw degenerated gc
[261.929s][info][gc,ref         ] GC(22) Clearing All SoftReferences
[262.050s][info][gc,ref         ] GC(22) Encountered references: Soft: 3204, Weak: 22003, Final: 34, Phantom: 660
[262.050s][info][gc,ref         ] GC(22) Discovered  references: Soft: 2717, Weak: 11715, Final: 0, Phantom: 549
[262.050s][info][gc,ref         ] GC(22) Enqueued    references: Soft: 11, Weak: 74, Final: 0, Phantom: 48
[262.063s][info][gc,ergo        ] GC(22) CSet Selection. Actual Free: 3060M, Max CSet: 2550M
[262.063s][info][gc,ergo        ] GC(22) Collectable Garbage: 7296M (99%), Immediate: 2648M (36%), CSet: 4648M (63%)
[262.177s][info][gc,ergo        ] GC(22) Good progress for free space: 7288M, need 83886K
[262.177s][info][gc,ergo        ] GC(22) Good progress for used space: 7288M, need 4096K
[262.177s][info][gc             ] GC(22) Pause Degenerated GC (Outside of Cycle) 7779M->491M(8192M) 259.566ms
[262.177s][info][gc,ergo        ] Free: 7280M, Max: 4096K regular, 6788M humongous, Frag: 7% external, 1% internal; Reserve: 412M, Max: 4096K
[262.177s][info][gc,stats       ] 
[262.177s][info][gc,stats       ] All times are wall-clock times, except per-root-class counters, that are sum over
[262.177s][info][gc,stats       ] all workers. Dividing the <total> over the root stage time estimates parallelism.
[262.177s][info][gc,stats       ] 
[262.177s][info][gc,stats       ] Pause Degenerated GC (G)         259666 us
[262.177s][info][gc,stats       ] Pause Degenerated GC (N)         259589 us
[262.177s][info][gc,stats       ]   Degen STW Mark                 119609 us, parallelism: 3.91x
[262.177s][info][gc,stats       ]     DSM: <total>                 467811 us
[262.177s][info][gc,stats       ]     DSM: Thread Roots               867 us, workers (us): 227, 227, 225, 188, 
[262.177s][info][gc,stats       ]     DSM: VM Strong Roots             76 us, workers (us):  25,  21,   0,  31, 
[262.177s][info][gc,stats       ]     DSM: CLDG Roots                 593 us, workers (us):  66,  66, 399,  63, 
[262.177s][info][gc,stats       ]     DSM: Parallel Mark           466274 us, workers (us): 116660, 116646, 116333, 116636, 
[262.177s][info][gc,stats       ]     System Purge                  14561 us
[262.177s][info][gc,stats       ]       Weak References              1444 us, parallelism: 1.21x
[262.177s][info][gc,stats       ]         WRP: <total>               1744 us
[262.177s][info][gc,stats       ]         WRP: Weak References       1744 us, workers (us): 175, 1338, 232,   0, 
[262.177s][info][gc,stats       ]       Unload Classes              11841 us, parallelism: 3.91x
[262.177s][info][gc,stats       ]         DCU: <total>              46358 us
[262.177s][info][gc,stats       ]         DCU: Unload Code Caches    20788 us, workers (us): 5226, 5216, 5178, 5168, 
[262.177s][info][gc,stats       ]         DCU: Unlink CLDs          25570 us, workers (us): 6406, 6384, 6377, 6403, 
[262.177s][info][gc,stats       ]       Weak Roots                    301 us, parallelism: 3.21x
[262.177s][info][gc,stats       ]         DWR: <total>                965 us
[262.177s][info][gc,stats       ]         DWR: VM Weak Roots          965 us, workers (us): 260, 260, 223, 222, 
[262.177s][info][gc,stats       ]       CLDG                           30 us
[262.177s][info][gc,stats       ]   Update Region States               91 us
[262.177s][info][gc,stats       ]   Manage GC/TLABs                    17 us
[262.177s][info][gc,stats       ]   Choose Collection Set             104 us
[262.177s][info][gc,stats       ]   Rebuild Free Set                   13 us
[262.177s][info][gc,stats       ]   Evacuation                      44422 us
[262.177s][info][gc,stats       ]   Manage GCLABs                       7 us
[262.177s][info][gc,stats       ]   Update References               60452 us
[262.177s][info][gc,stats       ]   Update Region States               47 us
[262.177s][info][gc,stats       ]   Trash Collection Set               17 us
[262.177s][info][gc,stats       ]   Rebuild Free Set                   14 us
[262.177s][info][gc,stats       ]   Degen Update Roots               5501 us, parallelism: 3.89x
[262.177s][info][gc,stats       ]     DU: <total>                   21391 us
[262.177s][info][gc,stats       ]     DU: Thread Roots                179 us, workers (us): 144,   1,   1,  33, 
[262.177s][info][gc,stats       ]     DU: Code Cache Roots          14992 us, workers (us): 3645, 3710, 3883, 3756, 
[262.177s][info][gc,stats       ]     DU: VM Strong Roots               7 us, workers (us):   2,   2,   2,   1, 
[262.177s][info][gc,stats       ]     DU: VM Weak Roots              5762 us, workers (us): 1437, 1449, 1440, 1437, 
[262.177s][info][gc,stats       ]     DU: CLDG Roots                  451 us, workers (us):  76, 194, 105,  76, 
[262.177s][info][gc,stats       ]   Cleanup                            98 us
[262.177s][info][gc,metaspace   ] Metaspace: 132297K(133248K)->132288K(133248K) NonClass: 111715K(112256K)->111709K(112256K) Class: 20581K(20992K)->20578K(20992K)
[272.677s][info][gc             ] Failed to allocate TLAB, 4096K
[272.677s][info][gc             ] Trigger: Handle Allocation Failure
[272.677s][info][gc             ] Cancelling GC: Allocation Failure
[272.677s][info][gc,ergo        ] Free: 0B, Max: 0B regular, 0B humongous, Frag: 0% external, 0% internal; Reserve: 412M, Max: 4096K
[272.677s][info][gc,start       ] GC(23) Pause Degenerated GC (Outside of Cycle)
[272.677s][info][gc,task        ] GC(23) Using 4 of 4 workers for stw degenerated gc
[272.696s][info][gc,ref         ] GC(23) Clearing All SoftReferences
[272.804s][info][gc,ref         ] GC(23) Encountered references: Soft: 3196, Weak: 21935, Final: 34, Phantom: 617
[272.804s][info][gc,ref         ] GC(23) Discovered  references: Soft: 724, Weak: 11423, Final: 34, Phantom: 506
[272.804s][info][gc,ref         ] GC(23) Enqueued    references: Soft: 3, Weak: 4, Final: 0, Phantom: 1
[272.809s][info][gc,ergo        ] GC(23) CSet Selection. Actual Free: 2960M, Max CSet: 2466M
[272.809s][info][gc,ergo        ] GC(23) Collectable Garbage: 7322M (99%), Immediate: 2548M (34%), CSet: 4774M (64%)
[272.893s][info][gc,ergo        ] GC(23) Good progress for free space: 7312M, need 83886K
[272.893s][info][gc,ergo        ] GC(23) Good progress for used space: 7312M, need 4096K
[272.893s][info][gc             ] GC(23) Pause Degenerated GC (Outside of Cycle) 7779M->467M(8192M) 216.403ms
[272.893s][info][gc,ergo        ] Free: 7296M, Max: 4096K regular, 6848M humongous, Frag: 7% external, 1% internal; Reserve: 412M, Max: 4096K
[272.893s][info][gc,stats       ] 
[272.893s][info][gc,stats       ] All times are wall-clock times, except per-root-class counters, that are sum over
[272.893s][info][gc,stats       ] all workers. Dividing the <total> over the root stage time estimates parallelism.
[272.893s][info][gc,stats       ] 
[272.893s][info][gc,stats       ] Pause Degenerated GC (G)         216463 us
[272.893s][info][gc,stats       ] Pause Degenerated GC (N)         216416 us
[272.893s][info][gc,stats       ]   Degen STW Mark                 106505 us, parallelism: 3.92x
[272.893s][info][gc,stats       ]     DSM: <total>                 417871 us
[272.893s][info][gc,stats       ]     DSM: Thread Roots               663 us, workers (us): 227, 159, 153, 124, 
[272.893s][info][gc,stats       ]     DSM: VM Strong Roots             30 us, workers (us):   0,  16,  14,   0, 
[272.893s][info][gc,stats       ]     DSM: CLDG Roots                 382 us, workers (us):   9,  48,  51, 275, 
[272.894s][info][gc,stats       ]     DSM: Parallel Mark           416796 us, workers (us): 104241, 104257, 104256, 104042, 
[272.894s][info][gc,stats       ]     System Purge                   6794 us
[272.894s][info][gc,stats       ]       Weak References              1079 us, parallelism: 1.00x
[272.894s][info][gc,stats       ]         WRP: <total>               1076 us
[272.894s][info][gc,stats       ]         WRP: Weak References       1076 us, workers (us):  24,  52, 1000,   0, 
[272.894s][info][gc,stats       ]       Unload Classes               4656 us, parallelism: 3.92x
[272.894s][info][gc,stats       ]         DCU: <total>              18254 us
[272.894s][info][gc,stats       ]         DCU: Unload Code Caches    18254 us, workers (us): 4597, 4555, 4548, 4553, 
[272.894s][info][gc,stats       ]       Weak Roots                    243 us, parallelism: 3.32x
[272.894s][info][gc,stats       ]         DWR: <total>                806 us
[272.894s][info][gc,stats       ]         DWR: VM Weak Roots          806 us, workers (us): 232, 203, 185, 186, 
[272.894s][info][gc,stats       ]       CLDG                            3 us
[272.894s][info][gc,stats       ]   Update Region States               55 us
[272.894s][info][gc,stats       ]   Manage GC/TLABs                     8 us
[272.894s][info][gc,stats       ]   Choose Collection Set              62 us
[272.894s][info][gc,stats       ]   Rebuild Free Set                   12 us
[272.894s][info][gc,stats       ]   Evacuation                      31623 us
[272.894s][info][gc,stats       ]   Manage GCLABs                       7 us
[272.894s][info][gc,stats       ]   Update References               45396 us
[272.894s][info][gc,stats       ]   Update Region States               37 us
[272.894s][info][gc,stats       ]   Trash Collection Set               17 us
[272.894s][info][gc,stats       ]   Rebuild Free Set                   12 us
[272.894s][info][gc,stats       ]   Degen Update Roots               5225 us, parallelism: 3.89x
[272.894s][info][gc,stats       ]     DU: <total>                   20321 us
[272.894s][info][gc,stats       ]     DU: Thread Roots                148 us, workers (us):   1,   1, 105,  42, 
[272.894s][info][gc,stats       ]     DU: Code Cache Roots          15262 us, workers (us): 3950, 3852, 3756, 3704, 
[272.894s][info][gc,stats       ]     DU: VM Strong Roots               7 us, workers (us):   3,   3,   0,   0, 
[272.894s][info][gc,stats       ]     DU: VM Weak Roots              4532 us, workers (us): 1149, 1151, 1116, 1115, 
[272.894s][info][gc,stats       ]     DU: CLDG Roots                  372 us, workers (us):  59,  82,  58, 173, 
[272.894s][info][gc,stats       ]   Cleanup                            47 us
[272.894s][info][gc,metaspace   ] Metaspace: 132312K(133248K)->132312K(133248K) NonClass: 111731K(112256K)->111731K(112256K) Class: 20580K(20992K)->20580K(20992K)
[282.261s][info][gc             ] Failed to allocate TLAB, 4096K
[282.261s][info][gc             ] Cancelling GC: Allocation Failure
[282.262s][info][gc             ] Trigger: Handle Allocation Failure
[282.262s][info][gc,ergo        ] Free: 0B, Max: 0B regular, 0B humongous, Frag: 0% external, 0% internal; Reserve: 412M, Max: 4096K
[282.262s][info][gc,start       ] GC(24) Pause Degenerated GC (Outside of Cycle)
[282.262s][info][gc,task        ] GC(24) Using 4 of 4 workers for stw degenerated gc
[282.280s][info][gc,ref         ] GC(24) Clearing All SoftReferences
[282.397s][info][gc,ref         ] GC(24) Encountered references: Soft: 3201, Weak: 21945, Final: 34, Phantom: 620
[282.397s][info][gc,ref         ] GC(24) Discovered  references: Soft: 2886, Weak: 11533, Final: 0, Phantom: 506
[282.397s][info][gc,ref         ] GC(24) Enqueued    references: Soft: 8, Weak: 7, Final: 0, Phantom: 2
[282.403s][info][gc,ergo        ] GC(24) CSet Selection. Actual Free: 2652M, Max CSet: 2210M
[282.403s][info][gc,ergo        ] GC(24) Collectable Garbage: 7303M (99%), Immediate: 2240M (30%), CSet: 5063M (69%)
[282.533s][info][gc,ergo        ] GC(24) Good progress for free space: 7296M, need 83886K
[282.533s][info][gc,ergo        ] GC(24) Good progress for used space: 7296M, need 4096K
[282.533s][info][gc             ] GC(24) Pause Degenerated GC (Outside of Cycle) 7779M->483M(8192M) 270.684ms
[282.533s][info][gc,ergo        ] Free: 7284M, Max: 4096K regular, 6848M humongous, Frag: 6% external, 1% internal; Reserve: 412M, Max: 4096K
[282.533s][info][gc,stats       ] 
[282.533s][info][gc,stats       ] All times are wall-clock times, except per-root-class counters, that are sum over
[282.533s][info][gc,stats       ] all workers. Dividing the <total> over the root stage time estimates parallelism.
[282.533s][info][gc,stats       ] 
[282.533s][info][gc,stats       ] Pause Degenerated GC (G)         270765 us
[282.533s][info][gc,stats       ] Pause Degenerated GC (N)         270697 us
[282.533s][info][gc,stats       ]   Degen STW Mark                 115951 us, parallelism: 3.90x
[282.533s][info][gc,stats       ]     DSM: <total>                 452686 us
[282.533s][info][gc,stats       ]     DSM: Thread Roots               719 us, workers (us): 188, 188, 187, 155, 
[282.533s][info][gc,stats       ]     DSM: VM Strong Roots             60 us, workers (us):  20,   0,  18,  22, 
[282.533s][info][gc,stats       ]     DSM: CLDG Roots                 618 us, workers (us):  88, 353,  88,  88, 
[282.533s][info][gc,stats       ]     DSM: Parallel Mark           451289 us, workers (us): 112893, 112631, 112877, 112888, 
[282.533s][info][gc,stats       ]     System Purge                   7090 us
[282.533s][info][gc,stats       ]       Weak References              1405 us, parallelism: 1.07x
[282.533s][info][gc,stats       ]         WRP: <total>               1501 us
[282.533s][info][gc,stats       ]         WRP: Weak References       1501 us, workers (us):  50, 102, 1291,  58, 
[282.533s][info][gc,stats       ]       Unload Classes               4932 us, parallelism: 3.94x
[282.533s][info][gc,stats       ]         DCU: <total>              19430 us
[282.533s][info][gc,stats       ]         DCU: Unload Code Caches    19430 us, workers (us): 4867, 4871, 4859, 4834, 
[282.533s][info][gc,stats       ]       Weak Roots                    291 us, parallelism: 3.73x
[282.533s][info][gc,stats       ]         DWR: <total>               1086 us
[282.533s][info][gc,stats       ]         DWR: VM Weak Roots         1086 us, workers (us): 279, 279, 279, 249, 
[282.533s][info][gc,stats       ]       CLDG                            3 us
[282.533s][info][gc,stats       ]   Update Region States               28 us
[282.533s][info][gc,stats       ]   Manage GC/TLABs                     9 us
[282.533s][info][gc,stats       ]   Choose Collection Set              74 us
[282.533s][info][gc,stats       ]   Rebuild Free Set                   12 us
[282.533s][info][gc,stats       ]   Evacuation                      55569 us
[282.533s][info][gc,stats       ]   Manage GCLABs                       7 us
[282.533s][info][gc,stats       ]   Update References               64421 us
[282.533s][info][gc,stats       ]   Update Region States               38 us
[282.533s][info][gc,stats       ]   Trash Collection Set               14 us
[282.533s][info][gc,stats       ]   Rebuild Free Set                   12 us
[282.533s][info][gc,stats       ]   Degen Update Roots               7507 us, parallelism: 3.93x
[282.533s][info][gc,stats       ]     DU: <total>                   29485 us
[282.533s][info][gc,stats       ]     DU: Thread Roots                156 us, workers (us):   1,  46, 109,   1, 
[282.533s][info][gc,stats       ]     DU: Code Cache Roots          21279 us, workers (us): 5440, 5350, 5287, 5203, 
[282.533s][info][gc,stats       ]     DU: VM Strong Roots              12 us, workers (us):   4,   4,   4,   0, 
[282.533s][info][gc,stats       ]     DU: VM Weak Roots              7506 us, workers (us): 1882, 1884, 1879, 1861, 
[282.533s][info][gc,stats       ]     DU: CLDG Roots                  532 us, workers (us): 108,  72,  77, 276, 
[282.533s][info][gc,stats       ]   Cleanup                            52 us
[282.533s][info][gc,metaspace   ] Metaspace: 132335K(133248K)->132335K(133248K) NonClass: 111753K(112256K)->111753K(112256K) Class: 20582K(20992K)->20582K(20992K)
[293.482s][info][gc             ] Failed to allocate TLAB, 4096K
[293.482s][info][gc             ] Cancelling GC: Allocation Failure
[293.482s][info][gc             ] Trigger: Handle Allocation Failure
[293.482s][info][gc,ergo        ] Free: 0B, Max: 0B regular, 0B humongous, Frag: 0% external, 0% internal; Reserve: 412M, Max: 4096K
[293.482s][info][gc,start       ] GC(25) Pause Degenerated GC (Outside of Cycle)
[293.482s][info][gc,task        ] GC(25) Using 4 of 4 workers for stw degenerated gc
[293.494s][info][gc,ref         ] GC(25) Clearing All SoftReferences
[293.605s][info][gc,ref         ] GC(25) Encountered references: Soft: 3302, Weak: 22597, Final: 34, Phantom: 766
[293.605s][info][gc,ref         ] GC(25) Discovered  references: Soft: 2778, Weak: 14063, Final: 0, Phantom: 651
[293.605s][info][gc,ref         ] GC(25) Enqueued    references: Soft: 20, Weak: 240, Final: 0, Phantom: 147
[293.618s][info][gc,ergo        ] GC(25) CSet Selection. Actual Free: 2188M, Max CSet: 1823M
[293.618s][info][gc,ergo        ] GC(25) Collectable Garbage: 7310M (99%), Immediate: 1776M (24%), CSet: 5534M (75%)
[293.714s][info][gc,ergo        ] GC(25) Good progress for free space: 7308M, need 83886K
[293.714s][info][gc,ergo        ] GC(25) Good progress for used space: 7308M, need 4096K
[293.714s][info][gc             ] GC(25) Pause Degenerated GC (Outside of Cycle) 7779M->471M(8192M) 231.809ms
[293.714s][info][gc,ergo        ] Free: 7296M, Max: 4096K regular, 6772M humongous, Frag: 8% external, 1% internal; Reserve: 412M, Max: 4096K
[293.714s][info][gc,stats       ] 
[293.714s][info][gc,stats       ] All times are wall-clock times, except per-root-class counters, that are sum over
[293.714s][info][gc,stats       ] all workers. Dividing the <total> over the root stage time estimates parallelism.
[293.714s][info][gc,stats       ] 
[293.714s][info][gc,stats       ] Pause Degenerated GC (G)         231873 us
[293.714s][info][gc,stats       ] Pause Degenerated GC (N)         231822 us
[293.714s][info][gc,stats       ]   Degen STW Mark                 110060 us, parallelism: 3.92x
[293.714s][info][gc,stats       ]     DSM: <total>                 431249 us
[293.714s][info][gc,stats       ]     DSM: Thread Roots               426 us, workers (us): 108, 108, 107, 103, 
[293.714s][info][gc,stats       ]     DSM: VM Strong Roots             27 us, workers (us):   9,   9,  10,   0, 
[293.714s][info][gc,stats       ]     DSM: CLDG Roots                 271 us, workers (us):  31,  31,  31, 177, 
[293.714s][info][gc,stats       ]     DSM: Parallel Mark           430525 us, workers (us): 107662, 107673, 107664, 107526, 
[293.714s][info][gc,stats       ]     System Purge                  13838 us
[293.714s][info][gc,stats       ]       Weak References              1117 us, parallelism: 1.37x
[293.714s][info][gc,stats       ]         WRP: <total>               1525 us
[293.714s][info][gc,stats       ]         WRP: Weak References       1525 us, workers (us): 1047, 150,  77, 251, 
[293.714s][info][gc,stats       ]       Unload Classes              10268 us, parallelism: 3.90x
[293.714s][info][gc,stats       ]         DCU: <total>              40033 us
[293.714s][info][gc,stats       ]         DCU: Unload Code Caches    20664 us, workers (us): 5180, 5183, 5155, 5147, 
[293.714s][info][gc,stats       ]         DCU: Unlink CLDs          19369 us, workers (us): 4839, 4832, 4850, 4848, 
[293.714s][info][gc,stats       ]       Weak Roots                    230 us, parallelism: 3.52x
[293.714s][info][gc,stats       ]         DWR: <total>                810 us
[293.714s][info][gc,stats       ]         DWR: VM Weak Roots          810 us, workers (us): 219, 218, 187, 186, 
[293.714s][info][gc,stats       ]       CLDG                           51 us
[293.714s][info][gc,stats       ]   Update Region States               81 us
[293.714s][info][gc,stats       ]   Manage GC/TLABs                     8 us
[293.714s][info][gc,stats       ]   Choose Collection Set              69 us
[293.714s][info][gc,stats       ]   Rebuild Free Set                   11 us
[293.714s][info][gc,stats       ]   Evacuation                      37216 us
[293.714s][info][gc,stats       ]   Manage GCLABs                       6 us
[293.714s][info][gc,stats       ]   Update References               51493 us
[293.714s][info][gc,stats       ]   Update Region States               42 us
[293.714s][info][gc,stats       ]   Trash Collection Set               17 us
[293.714s][info][gc,stats       ]   Rebuild Free Set                   12 us
[293.714s][info][gc,stats       ]   Degen Update Roots               5444 us, parallelism: 3.93x
[293.714s][info][gc,stats       ]     DU: <total>                   21404 us
[293.714s][info][gc,stats       ]     DU: Thread Roots                212 us, workers (us):   1,  67,   1, 143, 
[293.714s][info][gc,stats       ]     DU: Code Cache Roots          16426 us, workers (us): 4203, 3995, 4193, 4035, 
[293.714s][info][gc,stats       ]     DU: VM Strong Roots               6 us, workers (us):   2,   2,   1,   1, 
[293.714s][info][gc,stats       ]     DU: VM Weak Roots              4356 us, workers (us): 1089, 1089, 1088, 1089, 
[293.714s][info][gc,stats       ]     DU: CLDG Roots                  404 us, workers (us):  65, 181,  93,  65, 
[293.714s][info][gc,stats       ]   Cleanup                            56 us
[293.714s][info][gc,metaspace   ] Metaspace: 133251K(134336K)->133248K(134336K) NonClass: 112499K(113152K)->112497K(113152K) Class: 20751K(21184K)->20750K(21184K)
[305.417s][info][gc             ] Failed to allocate TLAB, 4096K
[305.417s][info][gc             ] Cancelling GC: Allocation Failure
[305.418s][info][gc             ] Trigger: Handle Allocation Failure
[305.418s][info][gc,ergo        ] Free: 0B, Max: 0B regular, 0B humongous, Frag: 0% external, 0% internal; Reserve: 412M, Max: 4096K
[305.418s][info][gc,start       ] GC(26) Pause Degenerated GC (Outside of Cycle)
[305.418s][info][gc,task        ] GC(26) Using 4 of 4 workers for stw degenerated gc
[305.436s][info][gc,ref         ] GC(26) Clearing All SoftReferences
[305.548s][info][gc,ref         ] GC(26) Encountered references: Soft: 3301, Weak: 22465, Final: 34, Phantom: 667
[305.548s][info][gc,ref         ] GC(26) Discovered  references: Soft: 2766, Weak: 12609, Final: 0, Phantom: 550
[305.548s][info][gc,ref         ] GC(26) Enqueued    references: Soft: 12, Weak: 51, Final: 0, Phantom: 34
[305.562s][info][gc,ergo        ] GC(26) CSet Selection. Actual Free: 3140M, Max CSet: 2616M
[305.562s][info][gc,ergo        ] GC(26) Collectable Garbage: 7335M (99%), Immediate: 2728M (37%), CSet: 4607M (62%)
[305.647s][info][gc,ergo        ] GC(26) Good progress for free space: 7328M, need 83886K
[305.647s][info][gc,ergo        ] GC(26) Good progress for used space: 7328M, need 4096K
[305.647s][info][gc             ] GC(26) Pause Degenerated GC (Outside of Cycle) 7779M->451M(8192M) 228.898ms
[305.647s][info][gc,ergo        ] Free: 7308M, Max: 4096K regular, 6880M humongous, Frag: 6% external, 1% internal; Reserve: 412M, Max: 4096K
[305.647s][info][gc,stats       ] 
[305.647s][info][gc,stats       ] All times are wall-clock times, except per-root-class counters, that are sum over
[305.647s][info][gc,stats       ] all workers. Dividing the <total> over the root stage time estimates parallelism.
[305.647s][info][gc,stats       ] 
[305.647s][info][gc,stats       ] Pause Degenerated GC (G)         229022 us
[305.647s][info][gc,stats       ] Pause Degenerated GC (N)         228913 us
[305.647s][info][gc,stats       ]   Degen STW Mark                 111415 us, parallelism: 3.91x
[305.647s][info][gc,stats       ]     DSM: <total>                 435836 us
[305.647s][info][gc,stats       ]     DSM: Thread Roots               472 us, workers (us): 126, 125, 126,  95, 
[305.647s][info][gc,stats       ]     DSM: VM Strong Roots             29 us, workers (us):   0,  10,   9,   9, 
[305.647s][info][gc,stats       ]     DSM: CLDG Roots                 298 us, workers (us): 186,  37,  37,  37, 
[305.647s][info][gc,stats       ]     DSM: Parallel Mark           435037 us, workers (us): 108653, 108792, 108802, 108791, 
[305.648s][info][gc,stats       ]     System Purge                  14770 us
[305.648s][info][gc,stats       ]       Weak References              1233 us, parallelism: 1.13x
[305.648s][info][gc,stats       ]         WRP: <total>               1398 us
[305.648s][info][gc,stats       ]         WRP: Weak References       1398 us, workers (us): 130,  20, 133, 1116, 
[305.648s][info][gc,stats       ]       Unload Classes              12313 us, parallelism: 3.86x
[305.648s][info][gc,stats       ]         DCU: <total>              47499 us
[305.648s][info][gc,stats       ]         DCU: Unload Code Caches    21920 us, workers (us): 5485, 5478, 5481, 5475, 
[305.648s][info][gc,stats       ]         DCU: Unlink CLDs          25579 us, workers (us): 6383, 6399, 6407, 6390, 
[305.648s][info][gc,stats       ]       Weak Roots                    337 us, parallelism: 3.29x
[305.648s][info][gc,stats       ]         DWR: <total>               1110 us
[305.648s][info][gc,stats       ]         DWR: VM Weak Roots         1110 us, workers (us): 295, 296, 267, 252, 
[305.648s][info][gc,stats       ]       CLDG                           27 us
[305.648s][info][gc,stats       ]   Update Region States               75 us
[305.648s][info][gc,stats       ]   Manage GC/TLABs                    11 us
[305.648s][info][gc,stats       ]   Choose Collection Set             108 us
[305.648s][info][gc,stats       ]   Rebuild Free Set                   11 us
[305.648s][info][gc,stats       ]   Evacuation                      30069 us
[305.648s][info][gc,stats       ]   Manage GCLABs                      12 us
[305.648s][info][gc,stats       ]   Update References               48199 us
[305.648s][info][gc,stats       ]   Update Region States               51 us
[305.648s][info][gc,stats       ]   Trash Collection Set               16 us
[305.648s][info][gc,stats       ]   Rebuild Free Set                   12 us
[305.648s][info][gc,stats       ]   Degen Update Roots               5320 us, parallelism: 3.94x
[305.648s][info][gc,stats       ]     DU: <total>                   20951 us
[305.648s][info][gc,stats       ]     DU: Thread Roots                231 us, workers (us): 129, 101,   1,   1, 
[305.648s][info][gc,stats       ]     DU: Code Cache Roots          16019 us, workers (us): 3973, 3976, 4108, 3962, 
[305.648s][info][gc,stats       ]     DU: VM Strong Roots               6 us, workers (us):   2,   2,   2,   0, 
[305.648s][info][gc,stats       ]     DU: VM Weak Roots              4258 us, workers (us): 1070, 1072, 1073, 1043, 
[305.648s][info][gc,stats       ]     DU: CLDG Roots                  436 us, workers (us):  69,  93,  67, 207, 
[305.648s][info][gc,stats       ]   Cleanup                            46 us
[305.648s][info][gc,metaspace   ] Metaspace: 133391K(134464K)->133389K(134464K) NonClass: 112613K(113216K)->112612K(113216K) Class: 20778K(21248K)->20777K(21248K)
[316.581s][info][gc             ] Failed to allocate TLAB, 4096K
[316.581s][info][gc             ] Cancelling GC: Allocation Failure
[316.582s][info][gc             ] Trigger: Handle Allocation Failure
[316.582s][info][gc,ergo        ] Free: 0B, Max: 0B regular, 0B humongous, Frag: 0% external, 0% internal; Reserve: 412M, Max: 4096K
[316.582s][info][gc,start       ] GC(27) Pause Degenerated GC (Outside of Cycle)
[316.582s][info][gc,task        ] GC(27) Using 4 of 4 workers for stw degenerated gc
[316.596s][info][gc,ref         ] GC(27) Clearing All SoftReferences
[316.707s][info][gc,ref         ] GC(27) Encountered references: Soft: 3304, Weak: 22445, Final: 34, Phantom: 645
[316.708s][info][gc,ref         ] GC(27) Discovered  references: Soft: 2783, Weak: 12291, Final: 0, Phantom: 525
[316.708s][info][gc,ref         ] GC(27) Enqueued    references: Soft: 15, Weak: 16, Final: 0, Phantom: 6
[316.714s][info][gc,ergo        ] GC(27) CSet Selection. Actual Free: 3324M, Max CSet: 2770M
[316.714s][info][gc,ergo        ] GC(27) Collectable Garbage: 7335M (99%), Immediate: 2912M (39%), CSet: 4423M (60%)
[316.798s][info][gc,ergo        ] GC(27) Good progress for free space: 7328M, need 83886K
[316.798s][info][gc,ergo        ] GC(27) Good progress for used space: 7328M, need 4096K
[316.798s][info][gc             ] GC(27) Pause Degenerated GC (Outside of Cycle) 7779M->451M(8192M) 216.130ms
[316.798s][info][gc,ergo        ] Free: 7324M, Max: 4096K regular, 6880M humongous, Frag: 7% external, 1% internal; Reserve: 412M, Max: 4096K
[316.798s][info][gc,stats       ] 
[316.798s][info][gc,stats       ] All times are wall-clock times, except per-root-class counters, that are sum over
[316.798s][info][gc,stats       ] all workers. Dividing the <total> over the root stage time estimates parallelism.
[316.798s][info][gc,stats       ] 
[316.798s][info][gc,stats       ] Pause Degenerated GC (G)         216184 us
[316.798s][info][gc,stats       ] Pause Degenerated GC (N)         216144 us
[316.798s][info][gc,stats       ]   Degen STW Mark                 110718 us, parallelism: 3.89x
[316.798s][info][gc,stats       ]     DSM: <total>                 430617 us
[316.798s][info][gc,stats       ]     DSM: Thread Roots               556 us, workers (us): 139, 139, 140, 138, 
[316.798s][info][gc,stats       ]     DSM: VM Strong Roots             61 us, workers (us):  20,  15,  25,   0, 
[316.798s][info][gc,stats       ]     DSM: CLDG Roots                 596 us, workers (us):  77,  77,  76, 365, 
[316.798s][info][gc,stats       ]     DSM: Parallel Mark           429405 us, workers (us): 107417, 107429, 107411, 107148, 
[316.799s][info][gc,stats       ]     System Purge                   7374 us
[316.799s][info][gc,stats       ]       Weak References              1237 us, parallelism: 1.03x
[316.799s][info][gc,stats       ]         WRP: <total>               1276 us
[316.799s][info][gc,stats       ]         WRP: Weak References       1276 us, workers (us): 1041, 122, 113,   0, 
[316.799s][info][gc,stats       ]       Unload Classes               5348 us, parallelism: 3.92x
[316.799s][info][gc,stats       ]         DCU: <total>              20985 us
[316.799s][info][gc,stats       ]         DCU: Unload Code Caches    20985 us, workers (us): 5274, 5241, 5237, 5234, 
[316.799s][info][gc,stats       ]       Weak Roots                    271 us, parallelism: 3.27x
[316.799s][info][gc,stats       ]         DWR: <total>                886 us
[316.799s][info][gc,stats       ]         DWR: VM Weak Roots          886 us, workers (us): 257, 210, 209, 209, 
[316.799s][info][gc,stats       ]       CLDG                            6 us
[316.799s][info][gc,stats       ]   Update Region States               43 us
[316.799s][info][gc,stats       ]   Manage GC/TLABs                    10 us
[316.799s][info][gc,stats       ]   Choose Collection Set              72 us
[316.799s][info][gc,stats       ]   Rebuild Free Set                   11 us
[316.799s][info][gc,stats       ]   Evacuation                      34498 us
[316.799s][info][gc,stats       ]   Manage GCLABs                      14 us
[316.799s][info][gc,stats       ]   Update References               43002 us
[316.799s][info][gc,stats       ]   Update Region States               45 us
[316.799s][info][gc,stats       ]   Trash Collection Set               15 us
[316.799s][info][gc,stats       ]   Rebuild Free Set                   12 us
[316.799s][info][gc,stats       ]   Degen Update Roots               5236 us, parallelism: 3.94x
[316.799s][info][gc,stats       ]     DU: <total>                   20624 us
[316.799s][info][gc,stats       ]     DU: Thread Roots                166 us, workers (us):   1, 138,  26,   1, 
[316.799s][info][gc,stats       ]     DU: Code Cache Roots          15619 us, workers (us): 3967, 3847, 3959, 3846, 
[316.799s][info][gc,stats       ]     DU: VM Strong Roots               6 us, workers (us):   3,   2,   1,   0, 
[316.799s][info][gc,stats       ]     DU: VM Weak Roots              4389 us, workers (us): 1106, 1105, 1104, 1074, 
[316.799s][info][gc,stats       ]     DU: CLDG Roots                  444 us, workers (us):  92,  69,  70, 213, 
[316.799s][info][gc,stats       ]   Cleanup                            45 us
[316.799s][info][gc,metaspace   ] Metaspace: 133431K(134528K)->133431K(134528K) NonClass: 112648K(113280K)->112648K(113280K) Class: 20783K(21248K)->20783K(21248K)
[326.995s][info][gc             ] Failed to allocate TLAB, 4096K
[326.995s][info][gc             ] Cancelling GC: Allocation Failure
[326.995s][info][gc             ] Trigger: Handle Allocation Failure
[326.995s][info][gc,ergo        ] Free: 0B, Max: 0B regular, 0B humongous, Frag: 0% external, 0% internal; Reserve: 412M, Max: 4096K
[326.995s][info][gc,start       ] GC(28) Pause Degenerated GC (Outside of Cycle)
[326.995s][info][gc,task        ] GC(28) Using 4 of 4 workers for stw degenerated gc
[327.012s][info][gc,ref         ] GC(28) Clearing All SoftReferences
[327.114s][info][gc,ref         ] GC(28) Encountered references: Soft: 3311, Weak: 22534, Final: 34, Phantom: 715
[327.114s][info][gc,ref         ] GC(28) Discovered  references: Soft: 2789, Weak: 12116, Final: 0, Phantom: 637
[327.114s][info][gc,ref         ] GC(28) Enqueued    references: Soft: 21, Weak: 48, Final: 0, Phantom: 25
[327.129s][info][gc,ergo        ] GC(28) CSet Selection. Actual Free: 4028M, Max CSet: 3356M
[327.129s][info][gc,ergo        ] GC(28) Collectable Garbage: 7355M (99%), Immediate: 3616M (48%), CSet: 3739M (50%)
[327.201s][info][gc,ergo        ] GC(28) Good progress for free space: 7344M, need 83886K
[327.201s][info][gc,ergo        ] GC(28) Good progress for used space: 7344M, need 4096K
[327.201s][info][gc             ] GC(28) Pause Degenerated GC (Outside of Cycle) 7779M->435M(8192M) 205.933ms
[327.201s][info][gc,ergo        ] Free: 7328M, Max: 4096K regular, 6896M humongous, Frag: 6% external, 1% internal; Reserve: 412M, Max: 4096K
[327.201s][info][gc,stats       ] 
[327.201s][info][gc,stats       ] All times are wall-clock times, except per-root-class counters, that are sum over
[327.201s][info][gc,stats       ] all workers. Dividing the <total> over the root stage time estimates parallelism.
[327.201s][info][gc,stats       ] 
[327.202s][info][gc,stats       ] Pause Degenerated GC (G)         206010 us
[327.202s][info][gc,stats       ] Pause Degenerated GC (N)         205946 us
[327.202s][info][gc,stats       ]   Degen STW Mark                 101348 us, parallelism: 3.93x
[327.202s][info][gc,stats       ]     DSM: <total>                 397864 us
[327.202s][info][gc,stats       ]     DSM: Thread Roots               448 us, workers (us): 130, 129,  95,  94, 
[327.202s][info][gc,stats       ]     DSM: VM Strong Roots             27 us, workers (us):  10,   8,   0,  10, 
[327.202s][info][gc,stats       ]     DSM: CLDG Roots                 324 us, workers (us):  38,  38, 210,  38, 
[327.202s][info][gc,stats       ]     DSM: Parallel Mark           397065 us, workers (us): 99304, 99306, 99142, 99312, 
[327.202s][info][gc,stats       ]     System Purge                  15838 us
[327.202s][info][gc,stats       ]       Weak References              1168 us, parallelism: 1.15x
[327.202s][info][gc,stats       ]         WRP: <total>               1338 us
[327.202s][info][gc,stats       ]         WRP: Weak References       1338 us, workers (us): 216,  66, 1056,   0, 
[327.202s][info][gc,stats       ]       Unload Classes              12104 us, parallelism: 3.87x
[327.202s][info][gc,stats       ]         DCU: <total>              46825 us
[327.202s][info][gc,stats       ]         DCU: Unload Code Caches    21749 us, workers (us): 5461, 5456, 5413, 5419, 
[327.202s][info][gc,stats       ]         DCU: Unlink CLDs          25077 us, workers (us): 6277, 6261, 6265, 6273, 
[327.202s][info][gc,stats       ]       Weak Roots                    232 us, parallelism: 3.50x
[327.202s][info][gc,stats       ]         DWR: <total>                813 us
[327.202s][info][gc,stats       ]         DWR: VM Weak Roots          813 us, workers (us): 222, 220, 192, 178, 
[327.202s][info][gc,stats       ]       CLDG                           54 us
[327.202s][info][gc,stats       ]   Update Region States               73 us
[327.202s][info][gc,stats       ]   Manage GC/TLABs                     9 us
[327.202s][info][gc,stats       ]   Choose Collection Set              87 us
[327.202s][info][gc,stats       ]   Rebuild Free Set                   12 us
[327.202s][info][gc,stats       ]   Evacuation                      24195 us
[327.202s][info][gc,stats       ]   Manage GCLABs                       7 us
[327.202s][info][gc,stats       ]   Update References               41374 us
[327.202s][info][gc,stats       ]   Update Region States               54 us
[327.202s][info][gc,stats       ]   Trash Collection Set               14 us
[327.202s][info][gc,stats       ]   Rebuild Free Set                   13 us
[327.202s][info][gc,stats       ]   Degen Update Roots               5140 us, parallelism: 3.91x
[327.202s][info][gc,stats       ]     DU: <total>                   20090 us
[327.202s][info][gc,stats       ]     DU: Thread Roots                171 us, workers (us):  38,  49,   1,  84, 
[327.202s][info][gc,stats       ]     DU: Code Cache Roots          15221 us, workers (us): 3843, 3807, 3774, 3798, 
[327.202s][info][gc,stats       ]     DU: VM Strong Roots               6 us, workers (us):   2,   2,   1,   0, 
[327.202s][info][gc,stats       ]     DU: VM Weak Roots              4269 us, workers (us): 1075, 1075, 1073, 1046, 
[327.202s][info][gc,stats       ]     DU: CLDG Roots                  422 us, workers (us):  70,  95, 186,  71, 
[327.202s][info][gc,stats       ]   Cleanup                            40 us
[327.202s][info][gc,metaspace   ] Metaspace: 133584K(134656K)->133560K(134656K) NonClass: 112771K(113408K)->112754K(113408K) Class: 20813K(21248K)->20806K(21248K)
[338.190s][info][gc             ] Failed to allocate TLAB, 4096K
[338.190s][info][gc             ] Cancelling GC: Allocation Failure
[338.191s][info][gc             ] Trigger: Handle Allocation Failure
[338.191s][info][gc,ergo        ] Free: 0B, Max: 0B regular, 0B humongous, Frag: 0% external, 0% internal; Reserve: 412M, Max: 4096K
[338.191s][info][gc,start       ] GC(29) Pause Degenerated GC (Outside of Cycle)
[338.191s][info][gc,task        ] GC(29) Using 4 of 4 workers for stw degenerated gc
[338.201s][info][gc,ref         ] GC(29) Clearing All SoftReferences
[338.311s][info][gc,ref         ] GC(29) Encountered references: Soft: 3299, Weak: 22499, Final: 34, Phantom: 700
[338.311s][info][gc,ref         ] GC(29) Discovered  references: Soft: 2766, Weak: 12122, Final: 1, Phantom: 563
[338.311s][info][gc,ref         ] GC(29) Enqueued    references: Soft: 9, Weak: 7, Final: 0, Phantom: 1
[338.319s][info][gc,ergo        ] GC(29) CSet Selection. Actual Free: 2404M, Max CSet: 2003M
[338.319s][info][gc,ergo        ] GC(29) Collectable Garbage: 7305M (99%), Immediate: 1992M (27%), CSet: 5313M (72%)
[338.438s][info][gc,ergo        ] GC(29) Good progress for free space: 7296M, need 83886K
[338.438s][info][gc,ergo        ] GC(29) Good progress for used space: 7296M, need 4096K
[338.438s][info][gc             ] GC(29) Pause Degenerated GC (Outside of Cycle) 7779M->483M(8192M) 247.093ms
[338.438s][info][gc,ergo        ] Free: 7288M, Max: 4096K regular, 6848M humongous, Frag: 7% external, 1% internal; Reserve: 412M, Max: 4096K
[338.438s][info][gc,stats       ] 
[338.438s][info][gc,stats       ] All times are wall-clock times, except per-root-class counters, that are sum over
[338.438s][info][gc,stats       ] all workers. Dividing the <total> over the root stage time estimates parallelism.
[338.438s][info][gc,stats       ] 
[338.438s][info][gc,stats       ] Pause Degenerated GC (G)         247141 us
[338.438s][info][gc,stats       ] Pause Degenerated GC (N)         247106 us
[338.438s][info][gc,stats       ]   Degen STW Mark                 108691 us, parallelism: 3.93x
[338.438s][info][gc,stats       ]     DSM: <total>                 427571 us
[338.438s][info][gc,stats       ]     DSM: Thread Roots               354 us, workers (us):  96,  96,  96,  67, 
[338.438s][info][gc,stats       ]     DSM: VM Strong Roots             27 us, workers (us):   8,   8,   0,  10, 
[338.438s][info][gc,stats       ]     DSM: CLDG Roots                 286 us, workers (us):  36,  36, 179,  35, 
[338.438s][info][gc,stats       ]     DSM: Parallel Mark           426903 us, workers (us): 106766, 106763, 106621, 106754, 
[338.438s][info][gc,stats       ]     System Purge                   8801 us
[338.438s][info][gc,stats       ]       Weak References              1054 us, parallelism: 1.12x
[338.438s][info][gc,stats       ]         WRP: <total>               1179 us
[338.438s][info][gc,stats       ]         WRP: Weak References       1179 us, workers (us): 977, 126,  35,  42, 
[338.438s][info][gc,stats       ]       Unload Classes               6535 us, parallelism: 3.93x
[338.438s][info][gc,stats       ]         DCU: <total>              25711 us
[338.438s][info][gc,stats       ]         DCU: Unload Code Caches    25711 us, workers (us): 6459, 6441, 6410, 6402, 
[338.438s][info][gc,stats       ]       Weak Roots                    243 us, parallelism: 3.27x
[338.438s][info][gc,stats       ]         DWR: <total>                796 us
[338.438s][info][gc,stats       ]         DWR: VM Weak Roots          796 us, workers (us): 233, 188, 188, 188, 
[338.438s][info][gc,stats       ]       CLDG                            7 us
[338.438s][info][gc,stats       ]   Update Region States               51 us
[338.438s][info][gc,stats       ]   Manage GC/TLABs                     9 us
[338.438s][info][gc,stats       ]   Choose Collection Set              83 us
[338.438s][info][gc,stats       ]   Rebuild Free Set                   11 us
[338.438s][info][gc,stats       ]   Evacuation                      54868 us
[338.438s][info][gc,stats       ]   Manage GCLABs                       7 us
[338.438s][info][gc,stats       ]   Update References               56209 us
[338.438s][info][gc,stats       ]   Update Region States               54 us
[338.438s][info][gc,stats       ]   Trash Collection Set               19 us
[338.438s][info][gc,stats       ]   Rebuild Free Set                   13 us
[338.438s][info][gc,stats       ]   Degen Update Roots               5828 us, parallelism: 3.80x
[338.438s][info][gc,stats       ]     DU: <total>                   22121 us
[338.438s][info][gc,stats       ]     DU: Thread Roots                474 us, workers (us):  80, 351,   1,  42, 
[338.438s][info][gc,stats       ]     DU: Code Cache Roots          15961 us, workers (us): 4005, 3609, 4301, 4046, 
[338.438s][info][gc,stats       ]     DU: VM Strong Roots               9 us, workers (us):   2,   2,   2,   2, 
[338.438s][info][gc,stats       ]     DU: VM Weak Roots              5250 us, workers (us): 1312, 1312, 1313, 1313, 
[338.438s][info][gc,stats       ]     DU: CLDG Roots                  427 us, workers (us):  69, 194,  97,  68, 
[338.438s][info][gc,stats       ]   Cleanup                            56 us
[338.438s][info][gc,metaspace   ] Metaspace: 133599K(134656K)->133599K(134656K) NonClass: 112791K(113408K)->112791K(113408K) Class: 20807K(21248K)->20807K(21248K)
[347.980s][info][gc             ] Failed to allocate TLAB, 4096K
[347.980s][info][gc             ] Cancelling GC: Allocation Failure
[347.981s][info][gc             ] Trigger: Handle Allocation Failure
[347.981s][info][gc,ergo        ] Free: 0B, Max: 0B regular, 0B humongous, Frag: 0% external, 0% internal; Reserve: 412M, Max: 4096K
[347.981s][info][gc,start       ] GC(30) Pause Degenerated GC (Outside of Cycle)
[347.981s][info][gc,task        ] GC(30) Using 4 of 4 workers for stw degenerated gc
[347.999s][info][gc,ref         ] GC(30) Clearing All SoftReferences
[348.100s][info][gc,ref         ] GC(30) Encountered references: Soft: 3291, Weak: 22495, Final: 34, Phantom: 700
[348.100s][info][gc,ref         ] GC(30) Discovered  references: Soft: 1362, Weak: 12092, Final: 0, Phantom: 559
[348.100s][info][gc,ref         ] GC(30) Enqueued    references: Soft: 1, Weak: 3, Final: 0, Phantom: 0
[348.107s][info][gc,ergo        ] GC(30) CSet Selection. Actual Free: 4672M, Max CSet: 3893M
[348.107s][info][gc,ergo        ] GC(30) Collectable Garbage: 7346M (99%), Immediate: 4260M (57%), CSet: 3086M (41%)
[348.177s][info][gc,ergo        ] GC(30) Good progress for free space: 7340M, need 83886K
[348.177s][info][gc,ergo        ] GC(30) Good progress for used space: 7340M, need 4096K
[348.177s][info][gc             ] GC(30) Pause Degenerated GC (Outside of Cycle) 7779M->439M(8192M) 196.487ms
[348.177s][info][gc,ergo        ] Free: 7324M, Max: 4096K regular, 6728M humongous, Frag: 9% external, 1% internal; Reserve: 412M, Max: 4096K
[348.177s][info][gc,stats       ] 
[348.177s][info][gc,stats       ] All times are wall-clock times, except per-root-class counters, that are sum over
[348.177s][info][gc,stats       ] all workers. Dividing the <total> over the root stage time estimates parallelism.
[348.177s][info][gc,stats       ] 
[348.177s][info][gc,stats       ] Pause Degenerated GC (G)         196553 us
[348.177s][info][gc,stats       ] Pause Degenerated GC (N)         196502 us
[348.177s][info][gc,stats       ]   Degen STW Mark                 100912 us, parallelism: 3.91x
[348.177s][info][gc,stats       ]     DSM: <total>                 394433 us
[348.177s][info][gc,stats       ]     DSM: Thread Roots               673 us, workers (us): 174, 177, 175, 147, 
[348.177s][info][gc,stats       ]     DSM: VM Strong Roots             35 us, workers (us):   0,  11,  11,  13, 
[348.177s][info][gc,stats       ]     DSM: CLDG Roots                 398 us, workers (us): 246,  49,  51,  51, 
[348.177s][info][gc,stats       ]     DSM: Parallel Mark           393327 us, workers (us): 98191, 98380, 98376, 98380, 
[348.177s][info][gc,stats       ]     System Purge                   7213 us
[348.177s][info][gc,stats       ]       Weak References              1181 us, parallelism: 0.98x
[348.177s][info][gc,stats       ]         WRP: <total>               1153 us
[348.177s][info][gc,stats       ]         WRP: Weak References       1153 us, workers (us):  84,  34, 1035,   0, 
[348.177s][info][gc,stats       ]       Unload Classes               5052 us, parallelism: 3.92x
[348.177s][info][gc,stats       ]         DCU: <total>              19800 us
[348.177s][info][gc,stats       ]         DCU: Unload Code Caches    19800 us, workers (us): 4955, 4952, 4964, 4928, 
[348.177s][info][gc,stats       ]       Weak Roots                    258 us, parallelism: 3.25x
[348.178s][info][gc,stats       ]         DWR: <total>                839 us
[348.178s][info][gc,stats       ]         DWR: VM Weak Roots          839 us, workers (us): 218, 217, 216, 188, 
[348.178s][info][gc,stats       ]       CLDG                            4 us
[348.178s][info][gc,stats       ]   Update Region States               34 us
[348.178s][info][gc,stats       ]   Manage GC/TLABs                    10 us
[348.178s][info][gc,stats       ]   Choose Collection Set              71 us
[348.178s][info][gc,stats       ]   Rebuild Free Set                   12 us
[348.178s][info][gc,stats       ]   Evacuation                      22687 us
[348.178s][info][gc,stats       ]   Manage GCLABs                      12 us
[348.178s][info][gc,stats       ]   Update References               41098 us
[348.178s][info][gc,stats       ]   Update Region States               56 us
[348.178s][info][gc,stats       ]   Trash Collection Set               13 us
[348.178s][info][gc,stats       ]   Rebuild Free Set                   14 us
[348.178s][info][gc,stats       ]   Degen Update Roots               5106 us, parallelism: 3.87x
[348.178s][info][gc,stats       ]     DU: <total>                   19738 us
[348.178s][info][gc,stats       ]     DU: Thread Roots                146 us, workers (us): 138,   7,   1,   1, 
[348.178s][info][gc,stats       ]     DU: Code Cache Roots          14920 us, workers (us): 3505, 3728, 3907, 3780, 
[348.178s][info][gc,stats       ]     DU: VM Strong Roots               7 us, workers (us):   2,   2,   2,   1, 
[348.178s][info][gc,stats       ]     DU: VM Weak Roots              4246 us, workers (us): 1061, 1063, 1062, 1061, 
[348.178s][info][gc,stats       ]     DU: CLDG Roots                  420 us, workers (us): 187,  94,  69,  70, 
[348.178s][info][gc,stats       ]   Cleanup                            34 us
[348.178s][info][gc,metaspace   ] Metaspace: 133611K(134656K)->133611K(134656K) NonClass: 112803K(113408K)->112803K(113408K) Class: 20807K(21248K)->20807K(21248K)
[359.764s][info][gc             ] Failed to allocate TLAB, 4096K
[359.764s][info][gc             ] Cancelling GC: Allocation Failure
[359.764s][info][gc             ] Trigger: Handle Allocation Failure
[359.764s][info][gc,ergo        ] Free: 0B, Max: 0B regular, 0B humongous, Frag: 0% external, 0% internal; Reserve: 412M, Max: 4096K
[359.765s][info][gc,start       ] GC(31) Pause Degenerated GC (Outside of Cycle)
[359.765s][info][gc,task        ] GC(31) Using 4 of 4 workers for stw degenerated gc
[359.771s][info][gc,ref         ] GC(31) Clearing All SoftReferences
[359.874s][info][gc,ref         ] GC(31) Encountered references: Soft: 3303, Weak: 22521, Final: 34, Phantom: 713
[359.874s][info][gc,ref         ] GC(31) Discovered  references: Soft: 2775, Weak: 14619, Final: 0, Phantom: 629
[359.874s][info][gc,ref         ] GC(31) Enqueued    references: Soft: 13, Weak: 17, Final: 0, Phantom: 7
[359.887s][info][gc,ergo        ] GC(31) CSet Selection. Actual Free: 2640M, Max CSet: 2200M
[359.887s][info][gc,ergo        ] GC(31) Collectable Garbage: 7313M (99%), Immediate: 2228M (30%), CSet: 5085M (69%)
[359.986s][info][gc,ergo        ] GC(31) Good progress for free space: 7308M, need 83886K
[359.986s][info][gc,ergo        ] GC(31) Good progress for used space: 7308M, need 4096K
[359.986s][info][gc             ] GC(31) Pause Degenerated GC (Outside of Cycle) 7779M->471M(8192M) 221.204ms
[359.986s][info][gc,ergo        ] Free: 7292M, Max: 4096K regular, 6860M humongous, Frag: 6% external, 1% internal; Reserve: 412M, Max: 4096K
[359.986s][info][gc,stats       ] 
[359.986s][info][gc,stats       ] All times are wall-clock times, except per-root-class counters, that are sum over
[359.986s][info][gc,stats       ] all workers. Dividing the <total> over the root stage time estimates parallelism.
[359.986s][info][gc,stats       ] 
[359.986s][info][gc,stats       ] Pause Degenerated GC (G)         221312 us
[359.986s][info][gc,stats       ] Pause Degenerated GC (N)         221218 us
[359.986s][info][gc,stats       ]   Degen STW Mark                 102348 us, parallelism: 3.93x
[359.986s][info][gc,stats       ]     DSM: <total>                 402352 us
[359.986s][info][gc,stats       ]     DSM: Thread Roots              1216 us, workers (us): 808, 138, 137, 133, 
[359.986s][info][gc,stats       ]     DSM: VM Strong Roots             29 us, workers (us):   0,  13,  15,   0, 
[359.986s][info][gc,stats       ]     DSM: CLDG Roots                 331 us, workers (us):  11,  57,  57, 206, 
[359.986s][info][gc,stats       ]     DSM: Parallel Mark           400776 us, workers (us): 99766, 100385, 100385, 100240, 
[359.986s][info][gc,stats       ]     System Purge                  14220 us
[359.986s][info][gc,stats       ]       Weak References              1272 us, parallelism: 1.18x
[359.986s][info][gc,stats       ]         WRP: <total>               1504 us
[359.986s][info][gc,stats       ]         WRP: Weak References       1504 us, workers (us):  14, 251,  79, 1159, 
[359.986s][info][gc,stats       ]       Unload Classes              12054 us, parallelism: 3.90x
[359.986s][info][gc,stats       ]         DCU: <total>              46953 us
[359.986s][info][gc,stats       ]         DCU: Unload Code Caches    20582 us, workers (us): 5172, 5158, 5134, 5117, 
[359.986s][info][gc,stats       ]         DCU: Unlink CLDs          26371 us, workers (us): 6600, 6603, 6576, 6591, 
[359.986s][info][gc,stats       ]       Weak Roots                    239 us, parallelism: 3.22x
[359.986s][info][gc,stats       ]         DWR: <total>                770 us
[359.986s][info][gc,stats       ]         DWR: VM Weak Roots          770 us, workers (us): 200, 200, 199, 171, 
[359.986s][info][gc,stats       ]       CLDG                           17 us
[359.986s][info][gc,stats       ]   Update Region States               69 us
[359.986s][info][gc,stats       ]   Manage GC/TLABs                     8 us
[359.986s][info][gc,stats       ]   Choose Collection Set              87 us
[359.986s][info][gc,stats       ]   Rebuild Free Set                   11 us
[359.986s][info][gc,stats       ]   Evacuation                      34623 us
[359.986s][info][gc,stats       ]   Manage GCLABs                       7 us
[359.986s][info][gc,stats       ]   Update References               56162 us
[359.986s][info][gc,stats       ]   Update Region States               78 us
[359.986s][info][gc,stats       ]   Trash Collection Set               15 us
[359.986s][info][gc,stats       ]   Rebuild Free Set                   12 us
[359.986s][info][gc,stats       ]   Degen Update Roots               5872 us, parallelism: 3.85x
[359.986s][info][gc,stats       ]     DU: <total>                   22615 us
[359.986s][info][gc,stats       ]     DU: Thread Roots                179 us, workers (us):  36,   1,   9, 133, 
[359.986s][info][gc,stats       ]     DU: Code Cache Roots          16244 us, workers (us): 4048, 4116, 4102, 3978, 
[359.986s][info][gc,stats       ]     DU: VM Strong Roots               7 us, workers (us):   3,   3,   0,   0, 
[359.986s][info][gc,stats       ]     DU: VM Weak Roots              5764 us, workers (us): 1456, 1458, 1424, 1427, 
[359.986s][info][gc,stats       ]     DU: CLDG Roots                  421 us, workers (us):  96, 185,  71,  68, 
[359.986s][info][gc,stats       ]   Cleanup                            50 us
[359.986s][info][gc,metaspace   ] Metaspace: 133709K(134784K)->133708K(134784K) NonClass: 112885K(113536K)->112884K(113536K) Class: 20824K(21248K)->20823K(21248K)
[369.745s][info][gc             ] Failed to allocate TLAB, 4096K
[369.745s][info][gc             ] Cancelling GC: Allocation Failure
[369.746s][info][gc             ] Trigger: Handle Allocation Failure
[369.746s][info][gc,ergo        ] Free: 0B, Max: 0B regular, 0B humongous, Frag: 0% external, 0% internal; Reserve: 412M, Max: 4096K
[369.746s][info][gc,start       ] GC(32) Pause Degenerated GC (Outside of Cycle)
[369.746s][info][gc,task        ] GC(32) Using 4 of 4 workers for stw degenerated gc
[369.759s][info][gc,ref         ] GC(32) Clearing All SoftReferences
[369.871s][info][gc,ref         ] GC(32) Encountered references: Soft: 3322, Weak: 22527, Final: 34, Phantom: 712
[369.871s][info][gc,ref         ] GC(32) Discovered  references: Soft: 2791, Weak: 13657, Final: 0, Phantom: 570
[369.871s][info][gc,ref         ] GC(32) Enqueued    references: Soft: 32, Weak: 19, Final: 0, Phantom: 5
[369.877s][info][gc,ergo        ] GC(32) CSet Selection. Actual Free: 4428M, Max CSet: 3690M
[369.877s][info][gc,ergo        ] GC(32) Collectable Garbage: 7341M (99%), Immediate: 4016M (54%), CSet: 3325M (45%)
[369.954s][info][gc,ergo        ] GC(32) Good progress for free space: 7336M, need 83886K
[369.954s][info][gc,ergo        ] GC(32) Good progress for used space: 7336M, need 4096K
[369.954s][info][gc             ] GC(32) Pause Degenerated GC (Outside of Cycle) 7779M->443M(8192M) 207.823ms
[369.954s][info][gc,ergo        ] Free: 7316M, Max: 4096K regular, 6796M humongous, Frag: 8% external, 1% internal; Reserve: 412M, Max: 4096K
[369.954s][info][gc,stats       ] 
[369.954s][info][gc,stats       ] All times are wall-clock times, except per-root-class counters, that are sum over
[369.954s][info][gc,stats       ] all workers. Dividing the <total> over the root stage time estimates parallelism.
[369.954s][info][gc,stats       ] 
[369.954s][info][gc,stats       ] Pause Degenerated GC (G)         208000 us
[369.954s][info][gc,stats       ] Pause Degenerated GC (N)         207836 us
[369.954s][info][gc,stats       ]   Degen STW Mark                 110434 us, parallelism: 3.92x
[369.954s][info][gc,stats       ]     DSM: <total>                 433409 us
[369.954s][info][gc,stats       ]     DSM: Thread Roots               557 us, workers (us): 147, 147, 145, 119, 
[369.954s][info][gc,stats       ]     DSM: VM Strong Roots             41 us, workers (us):  15,   0,  12,  13, 
[369.954s][info][gc,stats       ]     DSM: CLDG Roots                 376 us, workers (us):  57, 207,  57,  55, 
[369.954s][info][gc,stats       ]     DSM: Parallel Mark           432434 us, workers (us): 108156, 108000, 108137, 108140, 
[369.954s][info][gc,stats       ]     System Purge                   7423 us
[369.954s][info][gc,stats       ]       Weak References              1177 us, parallelism: 1.15x
[369.954s][info][gc,stats       ]         WRP: <total>               1352 us
[369.954s][info][gc,stats       ]         WRP: Weak References       1352 us, workers (us):  15, 1102, 215,  21, 
[369.954s][info][gc,stats       ]       Unload Classes               5162 us, parallelism: 3.95x
[369.954s][info][gc,stats       ]         DCU: <total>              20382 us
[369.954s][info][gc,stats       ]         DCU: Unload Code Caches    20382 us, workers (us): 5094, 5092, 5100, 5096, 
[369.954s][info][gc,stats       ]       Weak Roots                    208 us, parallelism: 3.79x
[369.954s][info][gc,stats       ]         DWR: <total>                787 us
[369.954s][info][gc,stats       ]         DWR: VM Weak Roots          787 us, workers (us): 197, 197, 196, 197, 
[369.954s][info][gc,stats       ]       CLDG                            5 us
[369.954s][info][gc,stats       ]   Update Region States               56 us
[369.954s][info][gc,stats       ]   Manage GC/TLABs                     9 us
[369.954s][info][gc,stats       ]   Choose Collection Set              81 us
[369.954s][info][gc,stats       ]   Rebuild Free Set                   12 us
[369.954s][info][gc,stats       ]   Evacuation                      25164 us
[369.954s][info][gc,stats       ]   Manage GCLABs                       7 us
[369.954s][info][gc,stats       ]   Update References               44048 us
[369.954s][info][gc,stats       ]   Update Region States               48 us
[369.954s][info][gc,stats       ]   Trash Collection Set               13 us
[369.954s][info][gc,stats       ]   Rebuild Free Set                   13 us
[369.954s][info][gc,stats       ]   Degen Update Roots               5483 us, parallelism: 3.86x
[369.954s][info][gc,stats       ]     DU: <total>                   21166 us
[369.954s][info][gc,stats       ]     DU: Thread Roots                158 us, workers (us):  51,   1,  78,  28, 
[369.954s][info][gc,stats       ]     DU: Code Cache Roots          15583 us, workers (us): 3889, 4036, 3746, 3913, 
[369.954s][info][gc,stats       ]     DU: VM Strong Roots              12 us, workers (us):   4,   3,   4,   0, 
[369.954s][info][gc,stats       ]     DU: VM Weak Roots              4971 us, workers (us): 1252, 1250, 1249, 1220, 
[369.954s][info][gc,stats       ]     DU: CLDG Roots                  441 us, workers (us):  73, 101, 192,  75, 
[369.954s][info][gc,stats       ]   Cleanup                            45 us
[369.954s][info][gc,metaspace   ] Metaspace: 133773K(134848K)->133773K(134848K) NonClass: 112944K(113600K)->112944K(113600K) Class: 20828K(21248K)->20828K(21248K)
[381.585s][info][gc             ] Failed to allocate TLAB, 4096K
[381.585s][info][gc             ] Cancelling GC: Allocation Failure
[381.585s][info][gc             ] Trigger: Handle Allocation Failure
[381.585s][info][gc,ergo        ] Free: 0B, Max: 0B regular, 0B humongous, Frag: 0% external, 0% internal; Reserve: 412M, Max: 4096K
[381.585s][info][gc,start       ] GC(33) Pause Degenerated GC (Outside of Cycle)
[381.585s][info][gc,task        ] GC(33) Using 4 of 4 workers for stw degenerated gc
[381.594s][info][gc,ref         ] GC(33) Clearing All SoftReferences
[381.699s][info][gc,ref         ] GC(33) Encountered references: Soft: 3293, Weak: 22523, Final: 34, Phantom: 728
[381.699s][info][gc,ref         ] GC(33) Discovered  references: Soft: 2763, Weak: 12126, Final: 0, Phantom: 639
[381.699s][info][gc,ref         ] GC(33) Enqueued    references: Soft: 3, Weak: 9, Final: 0, Phantom: 3
[381.707s][info][gc,ergo        ] GC(33) CSet Selection. Actual Free: 2788M, Max CSet: 2323M
[381.707s][info][gc,ergo        ] GC(33) Collectable Garbage: 7306M (99%), Immediate: 2376M (32%), CSet: 4930M (67%)
[381.805s][info][gc,ergo        ] GC(33) Good progress for free space: 7304M, need 83886K
[381.805s][info][gc,ergo        ] GC(33) Good progress for used space: 7304M, need 4096K
[381.805s][info][gc             ] GC(33) Pause Degenerated GC (Outside of Cycle) 7779M->475M(8192M) 220.352ms
[381.805s][info][gc,ergo        ] Free: 7288M, Max: 4096K regular, 6848M humongous, Frag: 7% external, 1% internal; Reserve: 412M, Max: 4096K
[381.805s][info][gc,stats       ] 
[381.805s][info][gc,stats       ] All times are wall-clock times, except per-root-class counters, that are sum over
[381.805s][info][gc,stats       ] all workers. Dividing the <total> over the root stage time estimates parallelism.
[381.805s][info][gc,stats       ] 
[381.805s][info][gc,stats       ] Pause Degenerated GC (G)         220442 us
[381.805s][info][gc,stats       ] Pause Degenerated GC (N)         220365 us
[381.805s][info][gc,stats       ]   Degen STW Mark                 104325 us, parallelism: 3.92x
[381.805s][info][gc,stats       ]     DSM: <total>                 408653 us
[381.805s][info][gc,stats       ]     DSM: Thread Roots               397 us, workers (us): 101, 100,  99,  97, 
[381.805s][info][gc,stats       ]     DSM: VM Strong Roots             26 us, workers (us):  10,   8,   0,   8, 
[381.806s][info][gc,stats       ]     DSM: CLDG Roots                 290 us, workers (us):  37,  38, 177,  38, 
[381.806s][info][gc,stats       ]     DSM: Parallel Mark           407939 us, workers (us): 102015, 102025, 101883, 102017, 
[381.806s][info][gc,stats       ]     System Purge                   8936 us
[381.806s][info][gc,stats       ]       Weak References              1512 us, parallelism: 1.19x
[381.806s][info][gc,stats       ]         WRP: <total>               1800 us
[381.806s][info][gc,stats       ]         WRP: Weak References       1800 us, workers (us): 194, 118,  64, 1424, 
[381.806s][info][gc,stats       ]       Unload Classes               5743 us, parallelism: 3.94x
[381.806s][info][gc,stats       ]         DCU: <total>              22619 us
[381.806s][info][gc,stats       ]         DCU: Unload Code Caches    22619 us, workers (us): 5676, 5665, 5652, 5625, 
[381.806s][info][gc,stats       ]       Weak Roots                    272 us, parallelism: 3.53x
[381.806s][info][gc,stats       ]         DWR: <total>                962 us
[381.806s][info][gc,stats       ]         DWR: VM Weak Roots          962 us, workers (us): 259, 259, 223, 222, 
[381.806s][info][gc,stats       ]       CLDG                           12 us
[381.806s][info][gc,stats       ]   Update Region States               48 us
[381.806s][info][gc,stats       ]   Manage GC/TLABs                    12 us
[381.806s][info][gc,stats       ]   Choose Collection Set              87 us
[381.806s][info][gc,stats       ]   Rebuild Free Set                   11 us
[381.806s][info][gc,stats       ]   Evacuation                      42549 us
[381.806s][info][gc,stats       ]   Manage GCLABs                       6 us
[381.806s][info][gc,stats       ]   Update References               48695 us
[381.806s][info][gc,stats       ]   Update Region States               68 us
[381.806s][info][gc,stats       ]   Trash Collection Set               16 us
[381.806s][info][gc,stats       ]   Rebuild Free Set                   12 us
[381.806s][info][gc,stats       ]   Degen Update Roots               5132 us, parallelism: 3.88x
[381.806s][info][gc,stats       ]     DU: <total>                   19930 us
[381.806s][info][gc,stats       ]     DU: Thread Roots                154 us, workers (us):  58,  88,   7,   1, 
[381.806s][info][gc,stats       ]     DU: Code Cache Roots          15129 us, workers (us): 3783, 3752, 3717, 3877, 
[381.806s][info][gc,stats       ]     DU: VM Strong Roots               6 us, workers (us):   2,   2,   2,   0, 
[381.806s][info][gc,stats       ]     DU: VM Weak Roots              4219 us, workers (us): 1062, 1060, 1060, 1037, 
[381.806s][info][gc,stats       ]     DU: CLDG Roots                  421 us, workers (us):  69,  71, 187,  95, 
[381.806s][info][gc,stats       ]   Cleanup                            49 us
[381.806s][info][gc,metaspace   ] Metaspace: 133843K(134912K)->133843K(134912K) NonClass: 113011K(113664K)->113011K(113664K) Class: 20832K(21248K)->20832K(21248K)
[391.031s][info][gc             ] Failed to allocate TLAB, 4096K
[391.031s][info][gc             ] Cancelling GC: Allocation Failure
[391.032s][info][gc             ] Trigger: Handle Allocation Failure
[391.032s][info][gc,ergo        ] Free: 0B, Max: 0B regular, 0B humongous, Frag: 0% external, 0% internal; Reserve: 412M, Max: 4096K
[391.032s][info][gc,start       ] GC(34) Pause Degenerated GC (Outside of Cycle)
[391.032s][info][gc,task        ] GC(34) Using 4 of 4 workers for stw degenerated gc
[391.046s][info][gc,ref         ] GC(34) Clearing All SoftReferences
[391.154s][info][gc,ref         ] GC(34) Encountered references: Soft: 3291, Weak: 22515, Final: 34, Phantom: 724
[391.154s][info][gc,ref         ] GC(34) Discovered  references: Soft: 2771, Weak: 12151, Final: 0, Phantom: 635
[391.154s][info][gc,ref         ] GC(34) Enqueued    references: Soft: 1, Weak: 1, Final: 0, Phantom: 0
[391.161s][info][gc,ergo        ] GC(34) CSet Selection. Actual Free: 3608M, Max CSet: 3006M
[391.161s][info][gc,ergo        ] GC(34) Collectable Garbage: 7316M (99%), Immediate: 3196M (43%), CSet: 4120M (56%)
[391.257s][info][gc,ergo        ] GC(34) Good progress for free space: 7308M, need 83886K
[391.258s][info][gc,ergo        ] GC(34) Good progress for used space: 7308M, need 4096K
[391.258s][info][gc             ] GC(34) Pause Degenerated GC (Outside of Cycle) 7779M->471M(8192M) 225.204ms
[391.258s][info][gc,ergo        ] Free: 7292M, Max: 4096K regular, 6860M humongous, Frag: 6% external, 1% internal; Reserve: 412M, Max: 4096K
[391.258s][info][gc,stats       ] 
[391.258s][info][gc,stats       ] All times are wall-clock times, except per-root-class counters, that are sum over
[391.258s][info][gc,stats       ] all workers. Dividing the <total> over the root stage time estimates parallelism.
[391.258s][info][gc,stats       ] 
[391.258s][info][gc,stats       ] Pause Degenerated GC (G)         225307 us
[391.258s][info][gc,stats       ] Pause Degenerated GC (N)         225219 us
[391.258s][info][gc,stats       ]   Degen STW Mark                 106959 us, parallelism: 3.92x
[391.258s][info][gc,stats       ]     DSM: <total>                 418799 us
[391.258s][info][gc,stats       ]     DSM: Thread Roots               458 us, workers (us): 123, 123, 122,  90, 
[391.258s][info][gc,stats       ]     DSM: VM Strong Roots             30 us, workers (us):  10,   8,   0,  12, 
[391.258s][info][gc,stats       ]     DSM: CLDG Roots                 319 us, workers (us):  41,  41, 197,  41, 
[391.258s][info][gc,stats       ]     DSM: Parallel Mark           417991 us, workers (us): 104542, 104542, 104382, 104525, 
[391.258s][info][gc,stats       ]     System Purge                   8382 us
[391.258s][info][gc,stats       ]       Weak References              1515 us, parallelism: 1.01x
[391.258s][info][gc,stats       ]         WRP: <total>               1535 us
[391.258s][info][gc,stats       ]         WRP: Weak References       1535 us, workers (us):  64,  64, 1407,   0, 
[391.258s][info][gc,stats       ]       Unload Classes               5913 us, parallelism: 3.92x
[391.258s][info][gc,stats       ]         DCU: <total>              23208 us
[391.258s][info][gc,stats       ]         DCU: Unload Code Caches    23208 us, workers (us): 5804, 5815, 5819, 5771, 
[391.258s][info][gc,stats       ]       Weak Roots                    369 us, parallelism: 3.46x
[391.258s][info][gc,stats       ]         DWR: <total>               1277 us
[391.258s][info][gc,stats       ]         DWR: VM Weak Roots         1277 us, workers (us): 328, 327, 327, 296, 
[391.258s][info][gc,stats       ]       CLDG                            4 us
[391.258s][info][gc,stats       ]   Update Region States               25 us
[391.258s][info][gc,stats       ]   Manage GC/TLABs                     9 us
[391.258s][info][gc,stats       ]   Choose Collection Set              73 us
[391.258s][info][gc,stats       ]   Rebuild Free Set                   11 us
[391.258s][info][gc,stats       ]   Evacuation                      36314 us
[391.258s][info][gc,stats       ]   Manage GCLABs                       7 us
[391.258s][info][gc,stats       ]   Update References               49105 us
[391.258s][info][gc,stats       ]   Update Region States               25 us
[391.258s][info][gc,stats       ]   Trash Collection Set               15 us
[391.258s][info][gc,stats       ]   Rebuild Free Set                   13 us
[391.258s][info][gc,stats       ]   Degen Update Roots               8361 us, parallelism: 3.90x
[391.258s][info][gc,stats       ]     DU: <total>                   32613 us
[391.258s][info][gc,stats       ]     DU: Thread Roots                168 us, workers (us):  93,   1,   1,  73, 
[391.258s][info][gc,stats       ]     DU: Code Cache Roots          23425 us, workers (us): 5844, 5750, 5968, 5863, 
[391.258s][info][gc,stats       ]     DU: VM Strong Roots              11 us, workers (us):   3,   3,   4,   0, 
[391.258s][info][gc,stats       ]     DU: VM Weak Roots              8402 us, workers (us): 2107, 2105, 2105, 2084, 
[391.258s][info][gc,stats       ]     DU: CLDG Roots                  608 us, workers (us):  89, 295, 137,  88, 
[391.258s][info][gc,stats       ]   Cleanup                            55 us
[391.258s][info][gc,metaspace   ] Metaspace: 133851K(134912K)->133851K(134912K) NonClass: 113018K(113664K)->113018K(113664K) Class: 20832K(21248K)->20832K(21248K)
[402.352s][info][gc             ] Failed to allocate TLAB, 4096K
[402.352s][info][gc             ] Cancelling GC: Allocation Failure
[402.353s][info][gc             ] Trigger: Handle Allocation Failure
[402.353s][info][gc,ergo        ] Free: 0B, Max: 0B regular, 0B humongous, Frag: 0% external, 0% internal; Reserve: 412M, Max: 4096K
[402.353s][info][gc,start       ] GC(35) Pause Degenerated GC (Outside of Cycle)
[402.353s][info][gc,task        ] GC(35) Using 4 of 4 workers for stw degenerated gc
[402.370s][info][gc,ref         ] GC(35) Clearing All SoftReferences
[402.518s][info][gc,ref         ] GC(35) Encountered references: Soft: 3297, Weak: 22520, Final: 34, Phantom: 730
[402.518s][info][gc,ref         ] GC(35) Discovered  references: Soft: 2771, Weak: 12220, Final: 0, Phantom: 640
[402.518s][info][gc,ref         ] GC(35) Enqueued    references: Soft: 7, Weak: 4, Final: 0, Phantom: 0
[402.524s][info][gc,ergo        ] GC(35) CSet Selection. Actual Free: 2496M, Max CSet: 2080M
[402.524s][info][gc,ergo        ] GC(35) Collectable Garbage: 7332M (99%), Immediate: 2084M (28%), CSet: 5248M (71%)
[402.625s][info][gc,ergo        ] GC(35) Good progress for free space: 7328M, need 83886K
[402.625s][info][gc,ergo        ] GC(35) Good progress for used space: 7328M, need 4096K
[402.625s][info][gc             ] GC(35) Pause Degenerated GC (Outside of Cycle) 7779M->451M(8192M) 272.206ms
[402.625s][info][gc,ergo        ] Free: 7312M, Max: 4096K regular, 6880M humongous, Frag: 6% external, 1% internal; Reserve: 412M, Max: 4096K
[402.626s][info][gc,stats       ] 
[402.626s][info][gc,stats       ] All times are wall-clock times, except per-root-class counters, that are sum over
[402.626s][info][gc,stats       ] all workers. Dividing the <total> over the root stage time estimates parallelism.
[402.626s][info][gc,stats       ] 
[402.626s][info][gc,stats       ] Pause Degenerated GC (G)         272273 us
[402.626s][info][gc,stats       ] Pause Degenerated GC (N)         272219 us
[402.626s][info][gc,stats       ]   Degen STW Mark                 146599 us, parallelism: 3.91x
[402.626s][info][gc,stats       ]     DSM: <total>                 572962 us
[402.626s][info][gc,stats       ]     DSM: Thread Roots               626 us, workers (us): 167, 166, 166, 127, 
[402.626s][info][gc,stats       ]     DSM: VM Strong Roots             37 us, workers (us):  14,  12,  10,   0, 
[402.626s][info][gc,stats       ]     DSM: CLDG Roots                 440 us, workers (us):  58,  59,  59, 265, 
[402.626s][info][gc,stats       ]     DSM: Parallel Mark           571859 us, workers (us): 143034, 143009, 143011, 142805, 
[402.626s][info][gc,stats       ]     System Purge                   7242 us
[402.626s][info][gc,stats       ]       Weak References              1253 us, parallelism: 1.22x
[402.626s][info][gc,stats       ]         WRP: <total>               1528 us
[402.626s][info][gc,stats       ]         WRP: Weak References       1528 us, workers (us): 132, 1154, 155,  86, 
[402.626s][info][gc,stats       ]       Unload Classes               5260 us, parallelism: 3.94x
[402.626s][info][gc,stats       ]         DCU: <total>              20751 us
[402.626s][info][gc,stats       ]         DCU: Unload Code Caches    20751 us, workers (us): 5190, 5186, 5191, 5184, 
[402.626s][info][gc,stats       ]       Weak Roots                    264 us, parallelism: 3.77x
[402.626s][info][gc,stats       ]         DWR: <total>                994 us
[402.626s][info][gc,stats       ]         DWR: VM Weak Roots          994 us, workers (us): 249, 248, 249, 248, 
[402.626s][info][gc,stats       ]       CLDG                            3 us
[402.626s][info][gc,stats       ]   Update Region States               30 us
[402.626s][info][gc,stats       ]   Manage GC/TLABs                     9 us
[402.626s][info][gc,stats       ]   Choose Collection Set              74 us
[402.626s][info][gc,stats       ]   Rebuild Free Set                   11 us
[402.626s][info][gc,stats       ]   Evacuation                      38783 us
[402.626s][info][gc,stats       ]   Manage GCLABs                      20 us
[402.626s][info][gc,stats       ]   Update References               50847 us
[402.626s][info][gc,stats       ]   Update Region States               31 us
[402.626s][info][gc,stats       ]   Trash Collection Set               17 us
[402.626s][info][gc,stats       ]   Rebuild Free Set                   12 us
[402.626s][info][gc,stats       ]   Degen Update Roots               8713 us, parallelism: 3.91x
[402.626s][info][gc,stats       ]     DU: <total>                   34070 us
[402.626s][info][gc,stats       ]     DU: Thread Roots                240 us, workers (us):   1,   1,  47, 192, 
[402.626s][info][gc,stats       ]     DU: Code Cache Roots          25228 us, workers (us): 6504, 6492, 6355, 5878, 
[402.626s][info][gc,stats       ]     DU: VM Strong Roots              12 us, workers (us):   4,   4,   4,   0, 
[402.626s][info][gc,stats       ]     DU: VM Weak Roots              7763 us, workers (us): 1948, 1947, 1948, 1920, 
[402.626s][info][gc,stats       ]     DU: CLDG Roots                  827 us, workers (us): 110, 165, 110, 443, 
[402.626s][info][gc,stats       ]   Cleanup                            56 us
[402.626s][info][gc,metaspace   ] Metaspace: 133858K(134912K)->133858K(134912K) NonClass: 113025K(113664K)->113025K(113664K) Class: 20832K(21248K)->20832K(21248K)
[412.222s][info][gc             ] Failed to allocate TLAB, 4096K
[412.222s][info][gc             ] Cancelling GC: Allocation Failure
[412.222s][info][gc             ] Trigger: Handle Allocation Failure
[412.222s][info][gc,ergo        ] Free: 0B, Max: 0B regular, 0B humongous, Frag: 0% external, 0% internal; Reserve: 412M, Max: 4096K
[412.222s][info][gc,start       ] GC(36) Pause Degenerated GC (Outside of Cycle)
[412.222s][info][gc,task        ] GC(36) Using 4 of 4 workers for stw degenerated gc
[412.240s][info][gc,ref         ] GC(36) Clearing All SoftReferences
[412.354s][info][gc,ref         ] GC(36) Encountered references: Soft: 3291, Weak: 22525, Final: 34, Phantom: 739
[412.354s][info][gc,ref         ] GC(36) Discovered  references: Soft: 2765, Weak: 12584, Final: 0, Phantom: 589
[412.354s][info][gc,ref         ] GC(36) Enqueued    references: Soft: 1, Weak: 6, Final: 0, Phantom: 0
[412.362s][info][gc,ergo        ] GC(36) CSet Selection. Actual Free: 2260M, Max CSet: 1883M
[412.362s][info][gc,ergo        ] GC(36) Collectable Garbage: 7305M (99%), Immediate: 1848M (25%), CSet: 5457M (74%)
[412.484s][info][gc,ergo        ] GC(36) Good progress for free space: 7296M, need 83886K
[412.484s][info][gc,ergo        ] GC(36) Good progress for used space: 7296M, need 4096K
[412.484s][info][gc             ] GC(36) Pause Degenerated GC (Outside of Cycle) 7779M->483M(8192M) 262.527ms
[412.485s][info][gc,ergo        ] Free: 7284M, Max: 4096K regular, 6848M humongous, Frag: 6% external, 1% internal; Reserve: 412M, Max: 4096K
[412.485s][info][gc,stats       ] 
[412.485s][info][gc,stats       ] All times are wall-clock times, except per-root-class counters, that are sum over
[412.485s][info][gc,stats       ] all workers. Dividing the <total> over the root stage time estimates parallelism.
[412.485s][info][gc,stats       ] 
[412.485s][info][gc,stats       ] Pause Degenerated GC (G)         262685 us
[412.485s][info][gc,stats       ] Pause Degenerated GC (N)         262544 us
[412.485s][info][gc,stats       ]   Degen STW Mark                 111503 us, parallelism: 3.88x
[412.485s][info][gc,stats       ]     DSM: <total>                 432958 us
[412.485s][info][gc,stats       ]     DSM: Thread Roots               998 us, workers (us): 248, 257, 250, 244, 
[412.485s][info][gc,stats       ]     DSM: VM Strong Roots             46 us, workers (us):  15,   0,  12,  19, 
[412.485s][info][gc,stats       ]     DSM: CLDG Roots                 721 us, workers (us): 122, 359, 119, 121, 
[412.485s][info][gc,stats       ]     DSM: Parallel Mark           431192 us, workers (us): 107850, 107618, 107863, 107861, 
[412.485s][info][gc,stats       ]     System Purge                  10644 us
[412.485s][info][gc,stats       ]       Weak References              2170 us, parallelism: 1.33x
[412.485s][info][gc,stats       ]         WRP: <total>               2881 us
[412.485s][info][gc,stats       ]         WRP: Weak References       2881 us, workers (us):  54, 362, 448, 2017, 
[412.485s][info][gc,stats       ]       Unload Classes               7238 us, parallelism: 3.90x
[412.485s][info][gc,stats       ]         DCU: <total>              28250 us
[412.485s][info][gc,stats       ]         DCU: Unload Code Caches    28250 us, workers (us): 7103, 7065, 7043, 7038, 
[412.485s][info][gc,stats       ]       Weak Roots                    481 us, parallelism: 3.72x
[412.485s][info][gc,stats       ]         DWR: <total>               1789 us
[412.485s][info][gc,stats       ]         DWR: VM Weak Roots         1789 us, workers (us): 466, 465, 437, 421, 
[412.485s][info][gc,stats       ]       CLDG                            6 us
[412.485s][info][gc,stats       ]   Update Region States               74 us
[412.485s][info][gc,stats       ]   Manage GC/TLABs                    11 us
[412.485s][info][gc,stats       ]   Choose Collection Set              89 us
[412.485s][info][gc,stats       ]   Rebuild Free Set                   15 us
[412.485s][info][gc,stats       ]   Evacuation                      55761 us
[412.485s][info][gc,stats       ]   Manage GCLABs                      13 us
[412.485s][info][gc,stats       ]   Update References               54732 us
[412.485s][info][gc,stats       ]   Update Region States               92 us
[412.485s][info][gc,stats       ]   Trash Collection Set               10 us
[412.485s][info][gc,stats       ]   Rebuild Free Set                   12 us
[412.485s][info][gc,stats       ]   Degen Update Roots               8721 us, parallelism: 3.92x
[412.485s][info][gc,stats       ]     DU: <total>                   34181 us
[412.485s][info][gc,stats       ]     DU: Thread Roots                177 us, workers (us): 111,  65,   1,   1, 
[412.485s][info][gc,stats       ]     DU: Code Cache Roots          22828 us, workers (us): 5675, 5721, 5625, 5806, 
[412.485s][info][gc,stats       ]     DU: VM Strong Roots               7 us, workers (us):   3,   3,   0,   0, 
[412.485s][info][gc,stats       ]     DU: VM Weak Roots             10342 us, workers (us): 2605, 2605, 2564, 2567, 
[412.485s][info][gc,stats       ]     DU: CLDG Roots                  827 us, workers (us): 141, 142, 345, 199, 
[412.485s][info][gc,stats       ]   Cleanup                            92 us
[412.485s][info][gc,metaspace   ] Metaspace: 133864K(134912K)->133864K(134912K) NonClass: 113031K(113664K)->113031K(113664K) Class: 20832K(21248K)->20832K(21248K)
[421.367s][info][gc             ] Failed to allocate TLAB, 4096K
[421.367s][info][gc             ] Cancelling GC: Allocation Failure
[421.367s][info][gc             ] Trigger: Handle Allocation Failure
[421.367s][info][gc,ergo        ] Free: 0B, Max: 0B regular, 0B humongous, Frag: 0% external, 0% internal; Reserve: 412M, Max: 4096K
[421.368s][info][gc,start       ] GC(37) Pause Degenerated GC (Outside of Cycle)
[421.368s][info][gc,task        ] GC(37) Using 4 of 4 workers for stw degenerated gc
[421.382s][info][gc,ref         ] GC(37) Clearing All SoftReferences
[421.490s][info][gc,ref         ] GC(37) Encountered references: Soft: 3291, Weak: 22520, Final: 34, Phantom: 739
[421.490s][info][gc,ref         ] GC(37) Discovered  references: Soft: 2763, Weak: 12286, Final: 0, Phantom: 644
[421.490s][info][gc,ref         ] GC(37) Enqueued    references: Soft: 1, Weak: 1, Final: 0, Phantom: 0
[421.496s][info][gc,ergo        ] GC(37) CSet Selection. Actual Free: 4652M, Max CSet: 3876M
[421.496s][info][gc,ergo        ] GC(37) Collectable Garbage: 7329M (99%), Immediate: 4240M (57%), CSet: 3089M (42%)
[421.578s][info][gc,ergo        ] GC(37) Good progress for free space: 7320M, need 83886K
[421.578s][info][gc,ergo        ] GC(37) Good progress for used space: 7320M, need 4096K
[421.578s][info][gc             ] GC(37) Pause Degenerated GC (Outside of Cycle) 7779M->459M(8192M) 210.368ms
[421.578s][info][gc,ergo        ] Free: 7312M, Max: 4096K regular, 6872M humongous, Frag: 7% external, 1% internal; Reserve: 412M, Max: 4096K
[421.578s][info][gc,stats       ] 
[421.578s][info][gc,stats       ] All times are wall-clock times, except per-root-class counters, that are sum over
[421.578s][info][gc,stats       ] all workers. Dividing the <total> over the root stage time estimates parallelism.
[421.578s][info][gc,stats       ] 
[421.578s][info][gc,stats       ] Pause Degenerated GC (G)         210468 us
[421.578s][info][gc,stats       ] Pause Degenerated GC (N)         210382 us
[421.578s][info][gc,stats       ]   Degen STW Mark                 106818 us, parallelism: 3.93x
[421.578s][info][gc,stats       ]     DSM: <total>                 419752 us
[421.578s][info][gc,stats       ]     DSM: Thread Roots               468 us, workers (us): 134, 135, 100, 100, 
[421.578s][info][gc,stats       ]     DSM: VM Strong Roots             37 us, workers (us):  13,  12,   0,  11, 
[421.578s][info][gc,stats       ]     DSM: CLDG Roots                 338 us, workers (us):  34,  33, 237,  34, 
[421.578s][info][gc,stats       ]     DSM: Parallel Mark           418909 us, workers (us): 104769, 104777, 104582, 104781, 
[421.578s][info][gc,stats       ]     System Purge                   7230 us
[421.578s][info][gc,stats       ]       Weak References              1166 us, parallelism: 1.04x
[421.578s][info][gc,stats       ]         WRP: <total>               1211 us
[421.578s][info][gc,stats       ]         WRP: Weak References       1211 us, workers (us): 1062,  74,  65,  10, 
[421.578s][info][gc,stats       ]       Unload Classes               5093 us, parallelism: 3.93x
[421.578s][info][gc,stats       ]         DCU: <total>              20025 us
[421.578s][info][gc,stats       ]         DCU: Unload Code Caches    20025 us, workers (us): 5027, 5021, 5002, 4975, 
[421.578s][info][gc,stats       ]       Weak Roots                    253 us, parallelism: 3.09x
[421.578s][info][gc,stats       ]         DWR: <total>                781 us
[421.578s][info][gc,stats       ]         DWR: VM Weak Roots          781 us, workers (us): 213, 213, 178, 177, 
[421.578s][info][gc,stats       ]       CLDG                            5 us
[421.578s][info][gc,stats       ]   Update Region States               54 us
[421.578s][info][gc,stats       ]   Manage GC/TLABs                     8 us
[421.578s][info][gc,stats       ]   Choose Collection Set              72 us
[421.578s][info][gc,stats       ]   Rebuild Free Set                   11 us
[421.578s][info][gc,stats       ]   Evacuation                      28502 us
[421.578s][info][gc,stats       ]   Manage GCLABs                      15 us
[421.578s][info][gc,stats       ]   Update References               45719 us
[421.578s][info][gc,stats       ]   Update Region States               26 us
[421.578s][info][gc,stats       ]   Trash Collection Set               11 us
[421.578s][info][gc,stats       ]   Rebuild Free Set                   12 us
[421.578s][info][gc,stats       ]   Degen Update Roots               5471 us, parallelism: 3.87x
[421.578s][info][gc,stats       ]     DU: <total>                   21146 us
[421.578s][info][gc,stats       ]     DU: Thread Roots                153 us, workers (us):  66,  85,   1,   1, 
[421.578s][info][gc,stats       ]     DU: Code Cache Roots          15909 us, workers (us): 3795, 3895, 4150, 4068, 
[421.578s][info][gc,stats       ]     DU: VM Strong Roots               7 us, workers (us):   4,   3,   0,   0, 
[421.578s][info][gc,stats       ]     DU: VM Weak Roots              4638 us, workers (us): 1174, 1174, 1146, 1144, 
[421.578s][info][gc,stats       ]     DU: CLDG Roots                  438 us, workers (us): 191,  72,  71, 105, 
[421.578s][info][gc,stats       ]   Cleanup                            35 us
[421.578s][info][gc,metaspace   ] Metaspace: 133889K(134912K)->133889K(134912K) NonClass: 113057K(113664K)->113057K(113664K) Class: 20832K(21248K)->20832K(21248K)
[431.346s][info][gc             ] Failed to allocate TLAB, 4096K
[431.346s][info][gc             ] Cancelling GC: Allocation Failure
[431.346s][info][gc             ] Trigger: Handle Allocation Failure
[431.346s][info][gc,ergo        ] Free: 0B, Max: 0B regular, 0B humongous, Frag: 0% external, 0% internal; Reserve: 412M, Max: 4096K
[431.346s][info][gc,start       ] GC(38) Pause Degenerated GC (Outside of Cycle)
[431.346s][info][gc,task        ] GC(38) Using 4 of 4 workers for stw degenerated gc
[431.356s][info][gc,ref         ] GC(38) Clearing All SoftReferences
[431.455s][info][gc,ref         ] GC(38) Encountered references: Soft: 3298, Weak: 22527, Final: 34, Phantom: 746
[431.455s][info][gc,ref         ] GC(38) Discovered  references: Soft: 2770, Weak: 12333, Final: 0, Phantom: 652
[431.455s][info][gc,ref         ] GC(38) Enqueued    references: Soft: 8, Weak: 6, Final: 0, Phantom: 1
[431.461s][info][gc,ergo        ] GC(38) CSet Selection. Actual Free: 2504M, Max CSet: 2086M
[431.461s][info][gc,ergo        ] GC(38) Collectable Garbage: 7334M (99%), Immediate: 2092M (28%), CSet: 5242M (71%)
[431.549s][info][gc,ergo        ] GC(38) Good progress for free space: 7332M, need 83886K
[431.549s][info][gc,ergo        ] GC(38) Good progress for used space: 7332M, need 4096K
[431.549s][info][gc             ] GC(38) Pause Degenerated GC (Outside of Cycle) 7779M->447M(8192M) 202.371ms
[431.549s][info][gc,ergo        ] Free: 7324M, Max: 4096K regular, 6884M humongous, Frag: 7% external, 1% internal; Reserve: 412M, Max: 4096K
[431.549s][info][gc,stats       ] 
[431.549s][info][gc,stats       ] All times are wall-clock times, except per-root-class counters, that are sum over
[431.549s][info][gc,stats       ] all workers. Dividing the <total> over the root stage time estimates parallelism.
[431.549s][info][gc,stats       ] 
[431.549s][info][gc,stats       ] Pause Degenerated GC (G)         202424 us
[431.549s][info][gc,stats       ] Pause Degenerated GC (N)         202385 us
[431.549s][info][gc,stats       ]   Degen STW Mark                  97914 us, parallelism: 3.93x
[431.549s][info][gc,stats       ]     DSM: <total>                 384504 us
[431.549s][info][gc,stats       ]     DSM: Thread Roots               353 us, workers (us): 107, 107,  78,  60, 
[431.549s][info][gc,stats       ]     DSM: VM Strong Roots             28 us, workers (us):   9,   0,  10,   9, 
[431.549s][info][gc,stats       ]     DSM: CLDG Roots                 265 us, workers (us):  32, 170,  32,  32, 
[431.549s][info][gc,stats       ]     DSM: Parallel Mark           383859 us, workers (us): 95994, 95864, 95998, 96003, 
[431.549s][info][gc,stats       ]     System Purge                   7011 us
[431.549s][info][gc,stats       ]       Weak References              1142 us, parallelism: 1.05x
[431.549s][info][gc,stats       ]         WRP: <total>               1201 us
[431.549s][info][gc,stats       ]         WRP: Weak References       1201 us, workers (us):  86,  54, 1061,   0, 
[431.549s][info][gc,stats       ]       Unload Classes               5138 us, parallelism: 3.94x
[431.549s][info][gc,stats       ]         DCU: <total>              20225 us
[431.549s][info][gc,stats       ]         DCU: Unload Code Caches    20225 us, workers (us): 5069, 5078, 5043, 5034, 
[431.549s][info][gc,stats       ]       Weak Roots                    209 us, parallelism: 3.63x
[431.549s][info][gc,stats       ]         DWR: <total>                760 us
[431.549s][info][gc,stats       ]         DWR: VM Weak Roots          760 us, workers (us): 198, 198, 198, 166, 
[431.549s][info][gc,stats       ]       CLDG                            3 us
[431.549s][info][gc,stats       ]   Update Region States               39 us
[431.549s][info][gc,stats       ]   Manage GC/TLABs                     8 us
[431.549s][info][gc,stats       ]   Choose Collection Set              74 us
[431.549s][info][gc,stats       ]   Rebuild Free Set                   10 us
[431.549s][info][gc,stats       ]   Evacuation                      29669 us
[431.549s][info][gc,stats       ]   Manage GCLABs                       6 us
[431.549s][info][gc,stats       ]   Update References               50621 us
[431.549s][info][gc,stats       ]   Update Region States               51 us
[431.549s][info][gc,stats       ]   Trash Collection Set               18 us
[431.549s][info][gc,stats       ]   Rebuild Free Set                   12 us
[431.549s][info][gc,stats       ]   Degen Update Roots               5233 us, parallelism: 3.89x
[431.549s][info][gc,stats       ]     DU: <total>                   20349 us
[431.549s][info][gc,stats       ]     DU: Thread Roots                156 us, workers (us):  68,   1,   1,  86, 
[431.549s][info][gc,stats       ]     DU: Code Cache Roots          15412 us, workers (us): 3828, 3972, 3835, 3778, 
[431.549s][info][gc,stats       ]     DU: VM Strong Roots               8 us, workers (us):   3,   3,   2,   0, 
[431.549s][info][gc,stats       ]     DU: VM Weak Roots              4340 us, workers (us): 1092, 1092, 1091, 1066, 
[431.549s][info][gc,stats       ]     DU: CLDG Roots                  433 us, workers (us):  71,  72, 189, 101, 
[431.549s][info][gc,stats       ]   Cleanup                            51 us
[431.549s][info][gc,metaspace   ] Metaspace: 133895K(134912K)->133895K(134912K) NonClass: 113062K(113664K)->113062K(113664K) Class: 20832K(21248K)->20832K(21248K)
[440.412s][info][gc             ] Failed to allocate TLAB, 4096K
[440.412s][info][gc             ] Cancelling GC: Allocation Failure
[440.412s][info][gc             ] Trigger: Handle Allocation Failure
[440.412s][info][gc,ergo        ] Free: 0B, Max: 0B regular, 0B humongous, Frag: 0% external, 0% internal; Reserve: 412M, Max: 4096K
[440.412s][info][gc,start       ] GC(39) Pause Degenerated GC (Outside of Cycle)
[440.412s][info][gc,task        ] GC(39) Using 4 of 4 workers for stw degenerated gc
[440.429s][info][gc,ref         ] GC(39) Clearing All SoftReferences
[440.540s][info][gc,ref         ] GC(39) Encountered references: Soft: 3291, Weak: 22528, Final: 34, Phantom: 751
[440.540s][info][gc,ref         ] GC(39) Discovered  references: Soft: 2767, Weak: 14029, Final: 0, Phantom: 654
[440.540s][info][gc,ref         ] GC(39) Enqueued    references: Soft: 1, Weak: 5, Final: 0, Phantom: 0
[440.546s][info][gc,ergo        ] GC(39) CSet Selection. Actual Free: 2152M, Max CSet: 1793M
[440.546s][info][gc,ergo        ] GC(39) Collectable Garbage: 7288M (99%), Immediate: 1740M (23%), CSet: 5548M (75%)
[440.648s][info][gc,ergo        ] GC(39) Good progress for free space: 7280M, need 83886K
[440.648s][info][gc,ergo        ] GC(39) Good progress for used space: 7280M, need 4096K
[440.648s][info][gc             ] GC(39) Pause Degenerated GC (Outside of Cycle) 7779M->499M(8192M) 235.688ms
[440.648s][info][gc,ergo        ] Free: 7248M, Max: 4096K regular, 6832M humongous, Frag: 6% external, 0% internal; Reserve: 412M, Max: 4096K
[440.648s][info][gc,stats       ] 
[440.648s][info][gc,stats       ] All times are wall-clock times, except per-root-class counters, that are sum over
[440.648s][info][gc,stats       ] all workers. Dividing the <total> over the root stage time estimates parallelism.
[440.648s][info][gc,stats       ] 
[440.648s][info][gc,stats       ] Pause Degenerated GC (G)         235822 us
[440.648s][info][gc,stats       ] Pause Degenerated GC (N)         235702 us
[440.648s][info][gc,stats       ]   Degen STW Mark                 109980 us, parallelism: 3.93x
[440.648s][info][gc,stats       ]     DSM: <total>                 432481 us
[440.648s][info][gc,stats       ]     DSM: Thread Roots               370 us, workers (us): 101, 100, 100,  70, 
[440.648s][info][gc,stats       ]     DSM: VM Strong Roots             28 us, workers (us):   0,  10,  10,   8, 
[440.648s][info][gc,stats       ]     DSM: CLDG Roots                 287 us, workers (us): 181,  35,  35,  35, 
[440.648s][info][gc,stats       ]     DSM: Parallel Mark           431796 us, workers (us): 107840, 107983, 107984, 107989, 
[440.648s][info][gc,stats       ]     System Purge                   6673 us
[440.648s][info][gc,stats       ]       Weak References              1296 us, parallelism: 1.13x
[440.648s][info][gc,stats       ]         WRP: <total>               1469 us
[440.648s][info][gc,stats       ]         WRP: Weak References       1469 us, workers (us):  76, 214, 1153,  26, 
[440.648s][info][gc,stats       ]       Unload Classes               4833 us, parallelism: 3.94x
[440.648s][info][gc,stats       ]         DCU: <total>              19041 us
[440.648s][info][gc,stats       ]         DCU: Unload Code Caches    19041 us, workers (us): 4768, 4768, 4761, 4744, 
[440.648s][info][gc,stats       ]       Weak Roots                    250 us, parallelism: 3.24x
[440.648s][info][gc,stats       ]         DWR: <total>                810 us
[440.648s][info][gc,stats       ]         DWR: VM Weak Roots          810 us, workers (us): 210, 209, 209, 182, 
[440.648s][info][gc,stats       ]       CLDG                            3 us
[440.648s][info][gc,stats       ]   Update Region States               46 us
[440.648s][info][gc,stats       ]   Manage GC/TLABs                     8 us
[440.648s][info][gc,stats       ]   Choose Collection Set              67 us
[440.648s][info][gc,stats       ]   Rebuild Free Set                   11 us
[440.648s][info][gc,stats       ]   Evacuation                      44001 us
[440.648s][info][gc,stats       ]   Manage GCLABs                       7 us
[440.648s][info][gc,stats       ]   Update References               50635 us
[440.648s][info][gc,stats       ]   Update Region States               46 us
[440.648s][info][gc,stats       ]   Trash Collection Set               17 us
[440.648s][info][gc,stats       ]   Rebuild Free Set                   13 us
[440.648s][info][gc,stats       ]   Degen Update Roots               5333 us, parallelism: 3.88x
[440.648s][info][gc,stats       ]     DU: <total>                   20672 us
[440.648s][info][gc,stats       ]     DU: Thread Roots                149 us, workers (us): 101,  46,   1,   1, 
[440.648s][info][gc,stats       ]     DU: Code Cache Roots          15480 us, workers (us): 3791, 3846, 3842, 4001, 
[440.648s][info][gc,stats       ]     DU: VM Strong Roots               6 us, workers (us):   2,   3,   1,   0, 
[440.648s][info][gc,stats       ]     DU: VM Weak Roots              4606 us, workers (us): 1158, 1158, 1160, 1131, 
[440.648s][info][gc,stats       ]     DU: CLDG Roots                  430 us, workers (us):  70,  70, 186, 104, 
[440.648s][info][gc,stats       ]   Cleanup                            55 us
[440.648s][info][gc,metaspace   ] Metaspace: 133905K(134912K)->133905K(134912K) NonClass: 113072K(113664K)->113072K(113664K) Class: 20832K(21248K)->20832K(21248K)
[449.956s][info][gc             ] Failed to allocate TLAB, 4096K
[449.957s][info][gc             ] Cancelling GC: Allocation Failure
[449.958s][info][gc             ] Trigger: Handle Allocation Failure
[449.958s][info][gc,ergo        ] Free: 0B, Max: 0B regular, 0B humongous, Frag: 0% external, 0% internal; Reserve: 412M, Max: 4096K
[449.958s][info][gc,start       ] GC(40) Pause Degenerated GC (Outside of Cycle)
[449.958s][info][gc,task        ] GC(40) Using 4 of 4 workers for stw degenerated gc
[449.973s][info][gc,ref         ] GC(40) Clearing All SoftReferences
[450.085s][info][gc,ref         ] GC(40) Encountered references: Soft: 3291, Weak: 22524, Final: 34, Phantom: 751
[450.085s][info][gc,ref         ] GC(40) Discovered  references: Soft: 2766, Weak: 12128, Final: 0, Phantom: 654
[450.085s][info][gc,ref         ] GC(40) Enqueued    references: Soft: 1, Weak: 1, Final: 0, Phantom: 0
[450.092s][info][gc,ergo        ] GC(40) CSet Selection. Actual Free: 4020M, Max CSet: 3350M
[450.092s][info][gc,ergo        ] GC(40) Collectable Garbage: 7330M (99%), Immediate: 3608M (49%), CSet: 3722M (50%)
[450.193s][info][gc,ergo        ] GC(40) Good progress for free space: 7320M, need 83886K
[450.194s][info][gc,ergo        ] GC(40) Good progress for used space: 7320M, need 4096K
[450.194s][info][gc             ] GC(40) Pause Degenerated GC (Outside of Cycle) 7779M->459M(8192M) 235.914ms
[450.194s][info][gc,ergo        ] Free: 7300M, Max: 4096K regular, 6872M humongous, Frag: 6% external, 1% internal; Reserve: 412M, Max: 4096K
[450.194s][info][gc,stats       ] 
[450.194s][info][gc,stats       ] All times are wall-clock times, except per-root-class counters, that are sum over
[450.194s][info][gc,stats       ] all workers. Dividing the <total> over the root stage time estimates parallelism.
[450.194s][info][gc,stats       ] 
[450.194s][info][gc,stats       ] Pause Degenerated GC (G)         236011 us
[450.194s][info][gc,stats       ] Pause Degenerated GC (N)         235927 us
[450.194s][info][gc,stats       ]   Degen STW Mark                 110854 us, parallelism: 3.89x
[450.194s][info][gc,stats       ]     DSM: <total>                 431173 us
[450.194s][info][gc,stats       ]     DSM: Thread Roots               898 us, workers (us): 228, 226, 226, 217, 
[450.194s][info][gc,stats       ]     DSM: VM Strong Roots             86 us, workers (us):  25,   0,  29,  32, 
[450.194s][info][gc,stats       ]     DSM: CLDG Roots                 783 us, workers (us):  99, 484, 100, 100, 
[450.194s][info][gc,stats       ]     DSM: Parallel Mark           429406 us, workers (us): 107455, 107082, 107436, 107434, 
[450.194s][info][gc,stats       ]     System Purge                   9140 us
[450.194s][info][gc,stats       ]       Weak References              1697 us, parallelism: 1.26x
[450.194s][info][gc,stats       ]         WRP: <total>               2133 us
[450.194s][info][gc,stats       ]         WRP: Weak References       2133 us, workers (us): 1604, 121, 168, 241, 
[450.194s][info][gc,stats       ]       Unload Classes               6472 us, parallelism: 3.94x
[450.194s][info][gc,stats       ]         DCU: <total>              25496 us
[450.194s][info][gc,stats       ]         DCU: Unload Code Caches    25496 us, workers (us): 6381, 6367, 6381, 6368, 
[450.194s][info][gc,stats       ]       Weak Roots                    495 us, parallelism: 3.81x
[450.194s][info][gc,stats       ]         DWR: <total>               1884 us
[450.194s][info][gc,stats       ]         DWR: VM Weak Roots         1884 us, workers (us): 481, 479, 477, 447, 
[450.194s][info][gc,stats       ]       CLDG                            3 us
[450.194s][info][gc,stats       ]   Update Region States               81 us
[450.194s][info][gc,stats       ]   Manage GC/TLABs                    11 us
[450.194s][info][gc,stats       ]   Choose Collection Set              96 us
[450.194s][info][gc,stats       ]   Rebuild Free Set                   10 us
[450.194s][info][gc,stats       ]   Evacuation                      42390 us
[450.194s][info][gc,stats       ]   Manage GCLABs                      17 us
[450.194s][info][gc,stats       ]   Update References               51466 us
[450.194s][info][gc,stats       ]   Update Region States               83 us
[450.194s][info][gc,stats       ]   Trash Collection Set               13 us
[450.194s][info][gc,stats       ]   Rebuild Free Set                   12 us
[450.194s][info][gc,stats       ]   Degen Update Roots               5381 us, parallelism: 3.90x
[450.194s][info][gc,stats       ]     DU: <total>                   20996 us
[450.194s][info][gc,stats       ]     DU: Thread Roots                147 us, workers (us):   1,   1, 123,  23, 
[450.194s][info][gc,stats       ]     DU: Code Cache Roots          15653 us, workers (us): 3881, 3991, 3854, 3927, 
[450.194s][info][gc,stats       ]     DU: VM Strong Roots               7 us, workers (us):   2,   2,   2,   0, 
[450.194s][info][gc,stats       ]     DU: VM Weak Roots              4760 us, workers (us): 1197, 1197, 1197, 1169, 
[450.194s][info][gc,stats       ]     DU: CLDG Roots                  428 us, workers (us): 193,  69,  68,  98, 
[450.194s][info][gc,stats       ]   Cleanup                            40 us
[450.194s][info][gc,metaspace   ] Metaspace: 133927K(134976K)->133927K(134976K) NonClass: 113094K(113728K)->113094K(113728K) Class: 20832K(21248K)->20832K(21248K)
[460.822s][info][gc             ] Failed to allocate TLAB, 4096K
[460.823s][info][gc             ] Cancelling GC: Allocation Failure
[460.823s][info][gc             ] Trigger: Handle Allocation Failure
[460.823s][info][gc,ergo        ] Free: 0B, Max: 0B regular, 0B humongous, Frag: 0% external, 0% internal; Reserve: 412M, Max: 4096K
[460.823s][info][gc,start       ] GC(41) Pause Degenerated GC (Outside of Cycle)
[460.823s][info][gc,task        ] GC(41) Using 4 of 4 workers for stw degenerated gc
[460.839s][info][gc,ref         ] GC(41) Clearing All SoftReferences
[460.961s][info][gc,ref         ] GC(41) Encountered references: Soft: 3299, Weak: 22538, Final: 34, Phantom: 760
[460.961s][info][gc,ref         ] GC(41) Discovered  references: Soft: 2777, Weak: 12148, Final: 0, Phantom: 662
[460.961s][info][gc,ref         ] GC(41) Enqueued    references: Soft: 9, Weak: 9, Final: 0, Phantom: 3
[460.968s][info][gc,ergo        ] GC(41) CSet Selection. Actual Free: 2340M, Max CSet: 1950M
[460.968s][info][gc,ergo        ] GC(41) Collectable Garbage: 7320M (99%), Immediate: 1928M (26%), CSet: 5392M (73%)
[461.066s][info][gc,ergo        ] GC(41) Good progress for free space: 7312M, need 83886K
[461.066s][info][gc,ergo        ] GC(41) Good progress for used space: 7312M, need 4096K
[461.066s][info][gc             ] GC(41) Pause Degenerated GC (Outside of Cycle) 7779M->467M(8192M) 242.925ms
[461.066s][info][gc,ergo        ] Free: 7288M, Max: 4096K regular, 6864M humongous, Frag: 6% external, 1% internal; Reserve: 412M, Max: 4096K
[461.066s][info][gc,stats       ] 
[461.066s][info][gc,stats       ] All times are wall-clock times, except per-root-class counters, that are sum over
[461.066s][info][gc,stats       ] all workers. Dividing the <total> over the root stage time estimates parallelism.
[461.066s][info][gc,stats       ] 
[461.066s][info][gc,stats       ] Pause Degenerated GC (G)         243101 us
[461.066s][info][gc,stats       ] Pause Degenerated GC (N)         242938 us
[461.066s][info][gc,stats       ]   Degen STW Mark                 121607 us, parallelism: 3.92x
[461.066s][info][gc,stats       ]     DSM: <total>                 477206 us
[461.066s][info][gc,stats       ]     DSM: Thread Roots               598 us, workers (us): 159, 157, 156, 126, 
[461.066s][info][gc,stats       ]     DSM: VM Strong Roots             59 us, workers (us):  18,   0,  19,  22, 
[461.066s][info][gc,stats       ]     DSM: CLDG Roots                 605 us, workers (us):  87, 340,  89,  89, 
[461.066s][info][gc,stats       ]     DSM: Parallel Mark           475945 us, workers (us): 119044, 118809, 119041, 119050, 
[461.066s][info][gc,stats       ]     System Purge                   7423 us
[461.066s][info][gc,stats       ]       Weak References              1162 us, parallelism: 1.09x
[461.066s][info][gc,stats       ]         WRP: <total>               1272 us
[461.066s][info][gc,stats       ]         WRP: Weak References       1272 us, workers (us):  48, 129, 1021,  74, 
[461.066s][info][gc,stats       ]       Unload Classes               5482 us, parallelism: 3.91x
[461.066s][info][gc,stats       ]         DCU: <total>              21427 us
[461.066s][info][gc,stats       ]         DCU: Unload Code Caches    21427 us, workers (us): 5364, 5370, 5341, 5352, 
[461.066s][info][gc,stats       ]       Weak Roots                    275 us, parallelism: 3.16x
[461.066s][info][gc,stats       ]         DWR: <total>                868 us
[461.066s][info][gc,stats       ]         DWR: VM Weak Roots          868 us, workers (us): 235, 234, 206, 194, 
[461.066s][info][gc,stats       ]       CLDG                            4 us
[461.066s][info][gc,stats       ]   Update Region States               68 us
[461.066s][info][gc,stats       ]   Manage GC/TLABs                    10 us
[461.066s][info][gc,stats       ]   Choose Collection Set              80 us
[461.066s][info][gc,stats       ]   Rebuild Free Set                   12 us
[461.066s][info][gc,stats       ]   Evacuation                      39114 us
[461.066s][info][gc,stats       ]   Manage GCLABs                      13 us
[461.066s][info][gc,stats       ]   Update References               51421 us
[461.066s][info][gc,stats       ]   Update Region States               23 us
[461.066s][info][gc,stats       ]   Trash Collection Set               16 us
[461.066s][info][gc,stats       ]   Rebuild Free Set                   13 us
[461.066s][info][gc,stats       ]   Degen Update Roots               5357 us, parallelism: 3.92x
[461.066s][info][gc,stats       ]     DU: <total>                   20982 us
[461.066s][info][gc,stats       ]     DU: Thread Roots                139 us, workers (us): 129,   1,   1,   8, 
[461.066s][info][gc,stats       ]     DU: Code Cache Roots          15788 us, workers (us): 3873, 4056, 3896, 3962, 
[461.066s][info][gc,stats       ]     DU: VM Strong Roots               7 us, workers (us):   2,   2,   2,   0, 
[461.066s][info][gc,stats       ]     DU: VM Weak Roots              4604 us, workers (us): 1157, 1158, 1160, 1130, 
[461.066s][info][gc,stats       ]     DU: CLDG Roots                  444 us, workers (us):  73,  73, 195, 103, 
[461.066s][info][gc,stats       ]   Cleanup                            55 us
[461.066s][info][gc,metaspace   ] Metaspace: 133941K(134976K)->133941K(134976K) NonClass: 113106K(113728K)->113106K(113728K) Class: 20835K(21248K)->20835K(21248K)
[469.566s][info][gc             ] Failed to allocate TLAB, 4096K
[469.566s][info][gc             ] Cancelling GC: Allocation Failure
[469.567s][info][gc             ] Trigger: Handle Allocation Failure
[469.567s][info][gc,ergo        ] Free: 0B, Max: 0B regular, 0B humongous, Frag: 0% external, 0% internal; Reserve: 412M, Max: 4096K
[469.567s][info][gc,start       ] GC(42) Pause Degenerated GC (Outside of Cycle)
[469.567s][info][gc,task        ] GC(42) Using 4 of 4 workers for stw degenerated gc
[469.582s][info][gc,ref         ] GC(42) Clearing All SoftReferences
[469.708s][info][gc,ref         ] GC(42) Encountered references: Soft: 3291, Weak: 22532, Final: 34, Phantom: 757
[469.708s][info][gc,ref         ] GC(42) Discovered  references: Soft: 2773, Weak: 12322, Final: 0, Phantom: 659
[469.708s][info][gc,ref         ] GC(42) Enqueued    references: Soft: 1, Weak: 3, Final: 0, Phantom: 0
[469.714s][info][gc,ergo        ] GC(42) CSet Selection. Actual Free: 4804M, Max CSet: 4003M
[469.714s][info][gc,ergo        ] GC(42) Collectable Garbage: 7330M (99%), Immediate: 4392M (59%), CSet: 2938M (39%)
[469.807s][info][gc,ergo        ] GC(42) Good progress for free space: 7320M, need 83886K
[469.807s][info][gc,ergo        ] GC(42) Good progress for used space: 7320M, need 4096K
[469.807s][info][gc             ] GC(42) Pause Degenerated GC (Outside of Cycle) 7779M->459M(8192M) 239.632ms
[469.807s][info][gc,ergo        ] Free: 7312M, Max: 4096K regular, 6872M humongous, Frag: 7% external, 1% internal; Reserve: 412M, Max: 4096K
[469.807s][info][gc,stats       ] 
[469.807s][info][gc,stats       ] All times are wall-clock times, except per-root-class counters, that are sum over
[469.807s][info][gc,stats       ] all workers. Dividing the <total> over the root stage time estimates parallelism.
[469.807s][info][gc,stats       ] 
[469.807s][info][gc,stats       ] Pause Degenerated GC (G)         239683 us
[469.807s][info][gc,stats       ] Pause Degenerated GC (N)         239646 us
[469.807s][info][gc,stats       ]   Degen STW Mark                 124680 us, parallelism: 3.92x
[469.807s][info][gc,stats       ]     DSM: <total>                 488483 us
[469.807s][info][gc,stats       ]     DSM: Thread Roots               612 us, workers (us): 170, 170, 136, 136, 
[469.807s][info][gc,stats       ]     DSM: VM Strong Roots             53 us, workers (us):  19,  19,   0,  15, 
[469.807s][info][gc,stats       ]     DSM: CLDG Roots                 567 us, workers (us):  77,  77, 336,  77, 
[469.807s][info][gc,stats       ]     DSM: Parallel Mark           487252 us, workers (us): 121875, 121869, 121628, 121879, 
[469.807s][info][gc,stats       ]     System Purge                   7201 us
[469.807s][info][gc,stats       ]       Weak References              1310 us, parallelism: 1.32x
[469.807s][info][gc,stats       ]         WRP: <total>               1729 us
[469.807s][info][gc,stats       ]         WRP: Weak References       1729 us, workers (us): 145, 1221, 109, 254, 
[469.807s][info][gc,stats       ]       Unload Classes               5184 us, parallelism: 3.91x
[469.807s][info][gc,stats       ]         DCU: <total>              20288 us
[469.807s][info][gc,stats       ]         DCU: Unload Code Caches    20288 us, workers (us): 5101, 5052, 5068, 5067, 
[469.807s][info][gc,stats       ]       Weak Roots                    290 us, parallelism: 3.39x
[469.807s][info][gc,stats       ]         DWR: <total>                983 us
[469.807s][info][gc,stats       ]         DWR: VM Weak Roots          983 us, workers (us): 277, 249, 229, 228, 
[469.807s][info][gc,stats       ]       CLDG                            1 us
[469.807s][info][gc,stats       ]   Update Region States               64 us
[469.807s][info][gc,stats       ]   Manage GC/TLABs                    13 us
[469.807s][info][gc,stats       ]   Choose Collection Set              86 us
[469.807s][info][gc,stats       ]   Rebuild Free Set                   12 us
[469.807s][info][gc,stats       ]   Evacuation                      28991 us
[469.807s][info][gc,stats       ]   Manage GCLABs                       8 us
[469.807s][info][gc,stats       ]   Update References               53234 us
[469.807s][info][gc,stats       ]   Update Region States               38 us
[469.807s][info][gc,stats       ]   Trash Collection Set               11 us
[469.807s][info][gc,stats       ]   Rebuild Free Set                   13 us
[469.807s][info][gc,stats       ]   Degen Update Roots               8528 us, parallelism: 3.96x
[469.807s][info][gc,stats       ]     DU: <total>                   33745 us
[469.807s][info][gc,stats       ]     DU: Thread Roots                201 us, workers (us):  14, 185,   1,   1, 
[469.807s][info][gc,stats       ]     DU: Code Cache Roots          27003 us, workers (us): 6845, 6461, 6837, 6861, 
[469.807s][info][gc,stats       ]     DU: VM Strong Roots               9 us, workers (us):   2,   2,   2,   2, 
[469.807s][info][gc,stats       ]     DU: VM Weak Roots              5937 us, workers (us): 1483, 1485, 1484, 1485, 
[469.807s][info][gc,stats       ]     DU: CLDG Roots                  594 us, workers (us):  86, 297, 127,  84, 
[469.807s][info][gc,stats       ]   Cleanup                            41 us
[469.807s][info][gc,metaspace   ] Metaspace: 133943K(134976K)->133943K(134976K) NonClass: 113108K(113728K)->113108K(113728K) Class: 20835K(21248K)->20835K(21248K)
[481.461s][info][gc             ] Failed to allocate TLAB, 4096K
[481.461s][info][gc             ] Cancelling GC: Allocation Failure
[481.462s][info][gc             ] Trigger: Handle Allocation Failure
[481.462s][info][gc,ergo        ] Free: 0B, Max: 0B regular, 0B humongous, Frag: 0% external, 0% internal; Reserve: 412M, Max: 4096K
[481.462s][info][gc,start       ] GC(43) Pause Degenerated GC (Outside of Cycle)
[481.462s][info][gc,task        ] GC(43) Using 4 of 4 workers for stw degenerated gc
[481.470s][info][gc,ref         ] GC(43) Clearing All SoftReferences
[481.573s][info][gc,ref         ] GC(43) Encountered references: Soft: 3291, Weak: 22534, Final: 34, Phantom: 764
[481.573s][info][gc,ref         ] GC(43) Discovered  references: Soft: 782, Weak: 12215, Final: 34, Phantom: 606
[481.573s][info][gc,ref         ] GC(43) Enqueued    references: Soft: 1, Weak: 3, Final: 0, Phantom: 0
[481.579s][info][gc,ergo        ] GC(43) CSet Selection. Actual Free: 2376M, Max CSet: 1980M
[481.579s][info][gc,ergo        ] GC(43) Collectable Garbage: 7323M (99%), Immediate: 1964M (26%), CSet: 5359M (72%)
[481.665s][info][gc,ergo        ] GC(43) Good progress for free space: 7316M, need 83886K
[481.665s][info][gc,ergo        ] GC(43) Good progress for used space: 7316M, need 4096K
[481.665s][info][gc             ] GC(43) Pause Degenerated GC (Outside of Cycle) 7779M->463M(8192M) 203.320ms
[481.665s][info][gc,ergo        ] Free: 7308M, Max: 4096K regular, 6868M humongous, Frag: 7% external, 1% internal; Reserve: 412M, Max: 4096K
[481.665s][info][gc,stats       ] 
[481.665s][info][gc,stats       ] All times are wall-clock times, except per-root-class counters, that are sum over
[481.665s][info][gc,stats       ] all workers. Dividing the <total> over the root stage time estimates parallelism.
[481.666s][info][gc,stats       ] 
[481.666s][info][gc,stats       ] Pause Degenerated GC (G)         203459 us
[481.666s][info][gc,stats       ] Pause Degenerated GC (N)         203334 us
[481.666s][info][gc,stats       ]   Degen STW Mark                 102339 us, parallelism: 3.91x
[481.666s][info][gc,stats       ]     DSM: <total>                 400099 us
[481.666s][info][gc,stats       ]     DSM: Thread Roots               430 us, workers (us): 108, 108, 107, 106, 
[481.666s][info][gc,stats       ]     DSM: VM Strong Roots             26 us, workers (us):   9,   7,  10,   0, 
[481.666s][info][gc,stats       ]     DSM: CLDG Roots                 290 us, workers (us):  35,  36,  36, 183, 
[481.666s][info][gc,stats       ]     DSM: Parallel Mark           399353 us, workers (us): 99873, 99871, 99879, 99730, 
[481.666s][info][gc,stats       ]     System Purge                   6658 us
[481.666s][info][gc,stats       ]       Weak References              1100 us, parallelism: 1.07x
[481.666s][info][gc,stats       ]         WRP: <total>               1178 us
[481.666s][info][gc,stats       ]         WRP: Weak References       1178 us, workers (us):  83, 997,  98,   0, 
[481.666s][info][gc,stats       ]       Unload Classes               5012 us, parallelism: 3.93x
[481.666s][info][gc,stats       ]         DCU: <total>              19691 us
[481.666s][info][gc,stats       ]         DCU: Unload Code Caches    19691 us, workers (us): 4937, 4938, 4920, 4896, 
[481.666s][info][gc,stats       ]       Weak Roots                    263 us, parallelism: 3.37x
[481.666s][info][gc,stats       ]         DWR: <total>                884 us
[481.666s][info][gc,stats       ]         DWR: VM Weak Roots          884 us, workers (us): 252, 224, 204, 205, 
[481.666s][info][gc,stats       ]       CLDG                            3 us
[481.666s][info][gc,stats       ]   Update Region States               56 us
[481.666s][info][gc,stats       ]   Manage GC/TLABs                     9 us
[481.666s][info][gc,stats       ]   Choose Collection Set              69 us
[481.666s][info][gc,stats       ]   Rebuild Free Set                   11 us
[481.666s][info][gc,stats       ]   Evacuation                      33272 us
[481.666s][info][gc,stats       ]   Manage GCLABs                       7 us
[481.666s][info][gc,stats       ]   Update References               45395 us
[481.666s][info][gc,stats       ]   Update Region States               26 us
[481.666s][info][gc,stats       ]   Trash Collection Set               17 us
[481.666s][info][gc,stats       ]   Rebuild Free Set                   12 us
[481.666s][info][gc,stats       ]   Degen Update Roots               6159 us, parallelism: 3.91x
[481.666s][info][gc,stats       ]     DU: <total>                   24095 us
[481.666s][info][gc,stats       ]     DU: Thread Roots                183 us, workers (us):   2,   1, 156,  24, 
[481.666s][info][gc,stats       ]     DU: Code Cache Roots          17381 us, workers (us): 4423, 4418, 4268, 4272, 
[481.666s][info][gc,stats       ]     DU: VM Strong Roots               8 us, workers (us):   3,   3,   3,   0, 
[481.666s][info][gc,stats       ]     DU: VM Weak Roots              6071 us, workers (us): 1525, 1526, 1524, 1496, 
[481.666s][info][gc,stats       ]     DU: CLDG Roots                  452 us, workers (us):  72, 104,  74, 202, 
[481.666s][info][gc,stats       ]   Cleanup                            55 us
[481.666s][info][gc,metaspace   ] Metaspace: 133948K(134976K)->133948K(134976K) NonClass: 113112K(113728K)->113112K(113728K) Class: 20835K(21248K)->20835K(21248K)
[490.394s][info][gc             ] Failed to allocate TLAB, 4096K
[490.394s][info][gc             ] Cancelling GC: Allocation Failure
[490.395s][info][gc             ] Trigger: Handle Allocation Failure
[490.395s][info][gc,ergo        ] Free: 0B, Max: 0B regular, 0B humongous, Frag: 0% external, 0% internal; Reserve: 412M, Max: 4096K
[490.395s][info][gc,start       ] GC(44) Pause Degenerated GC (Outside of Cycle)
[490.395s][info][gc,task        ] GC(44) Using 4 of 4 workers for stw degenerated gc
[490.409s][info][gc,ref         ] GC(44) Clearing All SoftReferences
[490.512s][info][gc,ref         ] GC(44) Encountered references: Soft: 3316, Weak: 22546, Final: 34, Phantom: 767
[490.512s][info][gc,ref         ] GC(44) Discovered  references: Soft: 2784, Weak: 11926, Final: 0, Phantom: 663
[490.512s][info][gc,ref         ] GC(44) Enqueued    references: Soft: 21, Weak: 14, Final: 0, Phantom: 0
[490.518s][info][gc,ergo        ] GC(44) CSet Selection. Actual Free: 4824M, Max CSet: 4020M
[490.518s][info][gc,ergo        ] GC(44) Collectable Garbage: 7334M (99%), Immediate: 4412M (59%), CSet: 2922M (39%)
[490.604s][info][gc,ergo        ] GC(44) Good progress for free space: 7324M, need 83886K
[490.604s][info][gc,ergo        ] GC(44) Good progress for used space: 7324M, need 4096K
[490.604s][info][gc             ] GC(44) Pause Degenerated GC (Outside of Cycle) 7779M->455M(8192M) 208.986ms
[490.604s][info][gc,ergo        ] Free: 7300M, Max: 4096K regular, 6876M humongous, Frag: 6% external, 1% internal; Reserve: 412M, Max: 4096K
[490.604s][info][gc,stats       ] 
[490.604s][info][gc,stats       ] All times are wall-clock times, except per-root-class counters, that are sum over
[490.604s][info][gc,stats       ] all workers. Dividing the <total> over the root stage time estimates parallelism.
[490.604s][info][gc,stats       ] 
[490.604s][info][gc,stats       ] Pause Degenerated GC (G)         209072 us
[490.604s][info][gc,stats       ] Pause Degenerated GC (N)         208999 us
[490.604s][info][gc,stats       ]   Degen STW Mark                 102174 us, parallelism: 3.93x
[490.604s][info][gc,stats       ]     DSM: <total>                 401504 us
[490.604s][info][gc,stats       ]     DSM: Thread Roots              1038 us, workers (us): 124, 668, 124, 121, 
[490.604s][info][gc,stats       ]     DSM: VM Strong Roots             26 us, workers (us):  12,   0,  14,   0, 
[490.604s][info][gc,stats       ]     DSM: CLDG Roots                 239 us, workers (us):  31,  10,  30, 167, 
[490.604s][info][gc,stats       ]     DSM: Parallel Mark           400202 us, workers (us): 100212, 99696, 100213, 100082, 
[490.604s][info][gc,stats       ]     System Purge                   6862 us
[490.604s][info][gc,stats       ]       Weak References              1100 us, parallelism: 1.13x
[490.604s][info][gc,stats       ]         WRP: <total>               1241 us
[490.604s][info][gc,stats       ]         WRP: Weak References       1241 us, workers (us): 993, 138,  79,  30, 
[490.604s][info][gc,stats       ]       Unload Classes               5044 us, parallelism: 3.94x
[490.604s][info][gc,stats       ]         DCU: <total>              19874 us
[490.604s][info][gc,stats       ]         DCU: Unload Code Caches    19874 us, workers (us): 4975, 4982, 4967, 4950, 
[490.604s][info][gc,stats       ]       Weak Roots                    225 us, parallelism: 3.53x
[490.604s][info][gc,stats       ]         DWR: <total>                796 us
[490.604s][info][gc,stats       ]         DWR: VM Weak Roots          796 us, workers (us): 217, 215, 182, 182, 
[490.604s][info][gc,stats       ]       CLDG                            4 us
[490.604s][info][gc,stats       ]   Update Region States               62 us
[490.604s][info][gc,stats       ]   Manage GC/TLABs                    11 us
[490.604s][info][gc,stats       ]   Choose Collection Set              73 us
[490.604s][info][gc,stats       ]   Rebuild Free Set                   12 us
[490.605s][info][gc,stats       ]   Evacuation                      25547 us
[490.605s][info][gc,stats       ]   Manage GCLABs                       7 us
[490.605s][info][gc,stats       ]   Update References               52442 us
[490.605s][info][gc,stats       ]   Update Region States               39 us
[490.605s][info][gc,stats       ]   Trash Collection Set               12 us
[490.605s][info][gc,stats       ]   Rebuild Free Set                   14 us
[490.605s][info][gc,stats       ]   Degen Update Roots               5664 us, parallelism: 3.94x
[490.605s][info][gc,stats       ]     DU: <total>                   22320 us
[490.605s][info][gc,stats       ]     DU: Thread Roots                263 us, workers (us):   1,  44,  22, 196, 
[490.605s][info][gc,stats       ]     DU: Code Cache Roots          16949 us, workers (us): 4321, 4167, 4318, 4142, 
[490.605s][info][gc,stats       ]     DU: VM Strong Roots               7 us, workers (us):   3,   2,   1,   0, 
[490.605s][info][gc,stats       ]     DU: VM Weak Roots              4664 us, workers (us): 1172, 1172, 1174, 1146, 
[490.605s][info][gc,stats       ]     DU: CLDG Roots                  438 us, workers (us):  99, 199,  69,  70, 
[490.605s][info][gc,stats       ]   Cleanup                            36 us
[490.605s][info][gc,metaspace   ] Metaspace: 133968K(134976K)->133968K(134976K) NonClass: 113132K(113728K)->113132K(113728K) Class: 20835K(21248K)->20835K(21248K)
[502.787s][info][gc             ] Failed to allocate TLAB, 4096K
[502.787s][info][gc             ] Cancelling GC: Allocation Failure
[502.787s][info][gc             ] Trigger: Handle Allocation Failure
[502.787s][info][gc,ergo        ] Free: 0B, Max: 0B regular, 0B humongous, Frag: 0% external, 0% internal; Reserve: 412M, Max: 4096K
[502.787s][info][gc,start       ] GC(45) Pause Degenerated GC (Outside of Cycle)
[502.787s][info][gc,task        ] GC(45) Using 4 of 4 workers for stw degenerated gc
[502.796s][info][gc,ref         ] GC(45) Clearing All SoftReferences
[502.900s][info][gc,ref         ] GC(45) Encountered references: Soft: 3298, Weak: 22542, Final: 34, Phantom: 779
[502.900s][info][gc,ref         ] GC(45) Discovered  references: Soft: 2770, Weak: 13881, Final: 0, Phantom: 615
[502.900s][info][gc,ref         ] GC(45) Enqueued    references: Soft: 8, Weak: 6, Final: 0, Phantom: 1
[502.906s][info][gc,ergo        ] GC(45) CSet Selection. Actual Free: 2728M, Max CSet: 2273M
[502.906s][info][gc,ergo        ] GC(45) Collectable Garbage: 7333M (99%), Immediate: 2316M (31%), CSet: 5017M (68%)
[502.985s][info][gc,ergo        ] GC(45) Good progress for free space: 7324M, need 83886K
[502.985s][info][gc,ergo        ] GC(45) Good progress for used space: 7324M, need 4096K
[502.985s][info][gc             ] GC(45) Pause Degenerated GC (Outside of Cycle) 7779M->455M(8192M) 197.962ms
[502.985s][info][gc,ergo        ] Free: 7296M, Max: 4096K regular, 6876M humongous, Frag: 6% external, 0% internal; Reserve: 412M, Max: 4096K
[502.985s][info][gc,stats       ] 
[502.985s][info][gc,stats       ] All times are wall-clock times, except per-root-class counters, that are sum over
[502.985s][info][gc,stats       ] all workers. Dividing the <total> over the root stage time estimates parallelism.
[502.985s][info][gc,stats       ] 
[502.985s][info][gc,stats       ] Pause Degenerated GC (G)         198056 us
[502.985s][info][gc,stats       ] Pause Degenerated GC (N)         197976 us
[502.985s][info][gc,stats       ]   Degen STW Mark                 103768 us, parallelism: 3.93x
[502.985s][info][gc,stats       ]     DSM: <total>                 407635 us
[502.985s][info][gc,stats       ]     DSM: Thread Roots               427 us, workers (us): 116, 115, 113,  84, 
[502.985s][info][gc,stats       ]     DSM: VM Strong Roots             35 us, workers (us):  10,  14,  10,   0, 
[502.985s][info][gc,stats       ]     DSM: CLDG Roots                 404 us, workers (us):  50,  50,  50, 255, 
[502.985s][info][gc,stats       ]     DSM: Parallel Mark           406769 us, workers (us): 101738, 101744, 101744, 101543, 
[502.985s][info][gc,stats       ]     System Purge                   6385 us
[502.985s][info][gc,stats       ]       Weak References              1087 us, parallelism: 1.28x
[502.985s][info][gc,stats       ]         WRP: <total>               1387 us
[502.985s][info][gc,stats       ]         WRP: Weak References       1387 us, workers (us): 110,  62, 1009, 207, 
[502.985s][info][gc,stats       ]       Unload Classes               4747 us, parallelism: 3.93x
[502.985s][info][gc,stats       ]         DCU: <total>              18653 us
[502.986s][info][gc,stats       ]         DCU: Unload Code Caches    18653 us, workers (us): 4679, 4681, 4651, 4642, 
[502.986s][info][gc,stats       ]       Weak Roots                    228 us, parallelism: 3.53x
[502.986s][info][gc,stats       ]         DWR: <total>                805 us
[502.986s][info][gc,stats       ]         DWR: VM Weak Roots          805 us, workers (us): 218, 217, 185, 185, 
[502.986s][info][gc,stats       ]       CLDG                            2 us
[502.986s][info][gc,stats       ]   Update Region States               53 us
[502.986s][info][gc,stats       ]   Manage GC/TLABs                     8 us
[502.986s][info][gc,stats       ]   Choose Collection Set              65 us
[502.986s][info][gc,stats       ]   Rebuild Free Set                   12 us
[502.986s][info][gc,stats       ]   Evacuation                      28970 us
[502.986s][info][gc,stats       ]   Manage GCLABs                       7 us
[502.986s][info][gc,stats       ]   Update References               43178 us
[502.986s][info][gc,stats       ]   Update Region States               41 us
[502.986s][info][gc,stats       ]   Trash Collection Set               16 us
[502.986s][info][gc,stats       ]   Rebuild Free Set                   13 us
[502.986s][info][gc,stats       ]   Degen Update Roots               5300 us, parallelism: 3.86x
[502.986s][info][gc,stats       ]     DU: <total>                   20455 us
[502.986s][info][gc,stats       ]     DU: Thread Roots                149 us, workers (us):   1,  24,  21, 102, 
[502.986s][info][gc,stats       ]     DU: Code Cache Roots          15538 us, workers (us): 4000, 3900, 3927, 3710, 
[502.986s][info][gc,stats       ]     DU: VM Strong Roots               7 us, workers (us):   2,   2,   2,   0, 
[502.986s][info][gc,stats       ]     DU: VM Weak Roots              4330 us, workers (us): 1087, 1088, 1092, 1063, 
[502.986s][info][gc,stats       ]     DU: CLDG Roots                  432 us, workers (us):  70,  94,  65, 203, 
[502.986s][info][gc,stats       ]   Cleanup                            52 us
[502.986s][info][gc,metaspace   ] Metaspace: 133974K(134976K)->133974K(134976K) NonClass: 113139K(113728K)->113139K(113728K) Class: 20835K(21248K)->20835K(21248K)
[513.727s][info][gc             ] Failed to allocate TLAB, 4096K
[513.727s][info][gc             ] Cancelling GC: Allocation Failure
[513.727s][info][gc             ] Trigger: Handle Allocation Failure
[513.727s][info][gc,ergo        ] Free: 0B, Max: 0B regular, 0B humongous, Frag: 0% external, 0% internal; Reserve: 412M, Max: 4096K
[513.728s][info][gc,start       ] GC(46) Pause Degenerated GC (Outside of Cycle)
[513.728s][info][gc,task        ] GC(46) Using 4 of 4 workers for stw degenerated gc
[513.739s][info][gc,ref         ] GC(46) Clearing All SoftReferences
[513.846s][info][gc,ref         ] GC(46) Encountered references: Soft: 3291, Weak: 22539, Final: 34, Phantom: 782
[513.847s][info][gc,ref         ] GC(46) Discovered  references: Soft: 1432, Weak: 8967, Final: 0, Phantom: 673
[513.847s][info][gc,ref         ] GC(46) Enqueued    references: Soft: 1, Weak: 2, Final: 0, Phantom: 0
[513.852s][info][gc,ergo        ] GC(46) CSet Selection. Actual Free: 3332M, Max CSet: 2776M
[513.852s][info][gc,ergo        ] GC(46) Collectable Garbage: 7315M (99%), Immediate: 2920M (39%), CSet: 4395M (59%)
[513.941s][info][gc,ergo        ] GC(46) Good progress for free space: 7308M, need 83886K
[513.941s][info][gc,ergo        ] GC(46) Good progress for used space: 7308M, need 4096K
[513.941s][info][gc             ] GC(46) Pause Degenerated GC (Outside of Cycle) 7779M->471M(8192M) 213.933ms
[513.942s][info][gc,ergo        ] Free: 7288M, Max: 4096K regular, 6860M humongous, Frag: 6% external, 1% internal; Reserve: 412M, Max: 4096K
[513.942s][info][gc,stats       ] 
[513.942s][info][gc,stats       ] All times are wall-clock times, except per-root-class counters, that are sum over
[513.942s][info][gc,stats       ] all workers. Dividing the <total> over the root stage time estimates parallelism.
[513.942s][info][gc,stats       ] 
[513.942s][info][gc,stats       ] Pause Degenerated GC (G)         214046 us
[513.942s][info][gc,stats       ] Pause Degenerated GC (N)         213947 us
[513.942s][info][gc,stats       ]   Degen STW Mark                 106404 us, parallelism: 3.92x
[513.942s][info][gc,stats       ]     DSM: <total>                 417040 us
[513.942s][info][gc,stats       ]     DSM: Thread Roots               512 us, workers (us): 138, 136, 136, 103, 
[513.942s][info][gc,stats       ]     DSM: VM Strong Roots             40 us, workers (us):  14,   0,  14,  12, 
[513.942s][info][gc,stats       ]     DSM: CLDG Roots                 378 us, workers (us):  50, 225,  51,  51, 
[513.942s][info][gc,stats       ]     DSM: Parallel Mark           416109 us, workers (us): 104072, 103901, 104072, 104063, 
[513.942s][info][gc,stats       ]     System Purge                   6253 us
[513.942s][info][gc,stats       ]       Weak References               891 us, parallelism: 1.07x
[513.942s][info][gc,stats       ]         WRP: <total>                956 us
[513.942s][info][gc,stats       ]         WRP: Weak References        956 us, workers (us):  79, 811,  66,   0, 
[513.942s][info][gc,stats       ]       Unload Classes               4832 us, parallelism: 3.93x
[513.942s][info][gc,stats       ]         DCU: <total>              18982 us
[513.942s][info][gc,stats       ]         DCU: Unload Code Caches    18982 us, workers (us): 4766, 4754, 4729, 4733, 
[513.942s][info][gc,stats       ]       Weak Roots                    227 us, parallelism: 3.49x
[513.942s][info][gc,stats       ]         DWR: <total>                794 us
[513.942s][info][gc,stats       ]         DWR: VM Weak Roots          794 us, workers (us): 216, 215, 181, 181, 
[513.942s][info][gc,stats       ]       CLDG                            2 us
[513.942s][info][gc,stats       ]   Update Region States               81 us
[513.942s][info][gc,stats       ]   Manage GC/TLABs                     9 us
[513.942s][info][gc,stats       ]   Choose Collection Set              69 us
[513.942s][info][gc,stats       ]   Rebuild Free Set                   12 us
[513.942s][info][gc,stats       ]   Evacuation                      32784 us
[513.942s][info][gc,stats       ]   Manage GCLABs                       7 us
[513.942s][info][gc,stats       ]   Update References               47718 us
[513.942s][info][gc,stats       ]   Update Region States               36 us
[513.942s][info][gc,stats       ]   Trash Collection Set               15 us
[513.942s][info][gc,stats       ]   Rebuild Free Set                   12 us
[513.942s][info][gc,stats       ]   Degen Update Roots               7173 us, parallelism: 3.90x
[513.942s][info][gc,stats       ]     DU: <total>                   27970 us
[513.942s][info][gc,stats       ]     DU: Thread Roots                139 us, workers (us):   1,   1,   2, 135, 
[513.942s][info][gc,stats       ]     DU: Code Cache Roots          19776 us, workers (us): 5088, 4981, 4833, 4874, 
[513.942s][info][gc,stats       ]     DU: VM Strong Roots              10 us, workers (us):   5,   5,   0,   0, 
[513.942s][info][gc,stats       ]     DU: VM Weak Roots              7432 us, workers (us): 1877, 1877, 1840, 1838, 
[513.942s][info][gc,stats       ]     DU: CLDG Roots                  612 us, workers (us):  95, 152, 269,  97, 
[513.942s][info][gc,stats       ]   Cleanup                            45 us
[513.942s][info][gc,metaspace   ] Metaspace: 134029K(135040K)->134029K(135040K) NonClass: 113193K(113792K)->113193K(113792K) Class: 20835K(21248K)->20835K(21248K)
[525.957s][info][gc             ] Failed to allocate TLAB, 4096K
[525.957s][info][gc             ] Cancelling GC: Allocation Failure
[525.957s][info][gc             ] Trigger: Handle Allocation Failure
[525.957s][info][gc,ergo        ] Free: 0B, Max: 0B regular, 0B humongous, Frag: 0% external, 0% internal; Reserve: 412M, Max: 4096K
[525.957s][info][gc,start       ] GC(47) Pause Degenerated GC (Outside of Cycle)
[525.957s][info][gc,task        ] GC(47) Using 4 of 4 workers for stw degenerated gc
[525.969s][info][gc,ref         ] GC(47) Clearing All SoftReferences
[526.075s][info][gc,ref         ] GC(47) Encountered references: Soft: 3297, Weak: 22549, Final: 34, Phantom: 787
[526.075s][info][gc,ref         ] GC(47) Discovered  references: Soft: 2774, Weak: 12262, Final: 0, Phantom: 677
[526.075s][info][gc,ref         ] GC(47) Enqueued    references: Soft: 7, Weak: 8, Final: 0, Phantom: 0
[526.081s][info][gc,ergo        ] GC(47) CSet Selection. Actual Free: 2512M, Max CSet: 2093M
[526.081s][info][gc,ergo        ] GC(47) Collectable Garbage: 7326M (99%), Immediate: 2100M (28%), CSet: 5226M (71%)
[526.165s][info][gc,ergo        ] GC(47) Good progress for free space: 7320M, need 83886K
[526.165s][info][gc,ergo        ] GC(47) Good progress for used space: 7320M, need 4096K
[526.165s][info][gc             ] GC(47) Pause Degenerated GC (Outside of Cycle) 7779M->459M(8192M) 207.372ms
[526.165s][info][gc,ergo        ] Free: 7320M, Max: 4096K regular, 6872M humongous, Frag: 7% external, 1% internal; Reserve: 412M, Max: 4096K
[526.165s][info][gc,stats       ] 
[526.165s][info][gc,stats       ] All times are wall-clock times, except per-root-class counters, that are sum over
[526.165s][info][gc,stats       ] all workers. Dividing the <total> over the root stage time estimates parallelism.
[526.165s][info][gc,stats       ] 
[526.165s][info][gc,stats       ] Pause Degenerated GC (G)         207423 us
[526.165s][info][gc,stats       ] Pause Degenerated GC (N)         207386 us
[526.165s][info][gc,stats       ]   Degen STW Mark                 104841 us, parallelism: 3.92x
[526.165s][info][gc,stats       ]     DSM: <total>                 410485 us
[526.165s][info][gc,stats       ]     DSM: Thread Roots               664 us, workers (us): 167, 167, 165, 165, 
[526.165s][info][gc,stats       ]     DSM: VM Strong Roots             71 us, workers (us):  22,  26,  22,   0, 
[526.165s][info][gc,stats       ]     DSM: CLDG Roots                 806 us, workers (us): 131, 131, 132, 412, 
[526.165s][info][gc,stats       ]     DSM: Parallel Mark           408945 us, workers (us): 102298, 102305, 102301, 102041, 
[526.165s][info][gc,stats       ]     System Purge                   6899 us
[526.165s][info][gc,stats       ]       Weak References              1206 us, parallelism: 1.07x
[526.165s][info][gc,stats       ]         WRP: <total>               1297 us
[526.165s][info][gc,stats       ]         WRP: Weak References       1297 us, workers (us): 1095,  88,  41,  73, 
[526.165s][info][gc,stats       ]       Unload Classes               5086 us, parallelism: 3.88x
[526.165s][info][gc,stats       ]         DCU: <total>              19726 us
[526.165s][info][gc,stats       ]         DCU: Unload Code Caches    19726 us, workers (us): 4949, 4934, 4926, 4917, 
[526.165s][info][gc,stats       ]       Weak Roots                    278 us, parallelism: 3.01x
[526.165s][info][gc,stats       ]         DWR: <total>                837 us
[526.165s][info][gc,stats       ]         DWR: VM Weak Roots          837 us, workers (us): 239, 211, 194, 194, 
[526.165s][info][gc,stats       ]       CLDG                            3 us
[526.165s][info][gc,stats       ]   Update Region States               97 us
[526.165s][info][gc,stats       ]   Manage GC/TLABs                    10 us
[526.165s][info][gc,stats       ]   Choose Collection Set              89 us
[526.165s][info][gc,stats       ]   Rebuild Free Set                   11 us
[526.165s][info][gc,stats       ]   Evacuation                      31470 us
[526.165s][info][gc,stats       ]   Manage GCLABs                       9 us
[526.165s][info][gc,stats       ]   Update References               44959 us
[526.165s][info][gc,stats       ]   Update Region States               77 us
[526.165s][info][gc,stats       ]   Trash Collection Set               10 us
[526.165s][info][gc,stats       ]   Rebuild Free Set                   12 us
[526.165s][info][gc,stats       ]   Degen Update Roots               5573 us, parallelism: 3.88x
[526.165s][info][gc,stats       ]     DU: <total>                   21605 us
[526.165s][info][gc,stats       ]     DU: Thread Roots                168 us, workers (us):   1,   1, 159,   7, 
[526.165s][info][gc,stats       ]     DU: Code Cache Roots          16559 us, workers (us): 4213, 4141, 4041, 4164, 
[526.165s][info][gc,stats       ]     DU: VM Strong Roots               8 us, workers (us):   2,   2,   2,   2, 
[526.165s][info][gc,stats       ]     DU: VM Weak Roots              4422 us, workers (us): 1106, 1107, 1105, 1104, 
[526.165s][info][gc,stats       ]     DU: CLDG Roots                  448 us, workers (us):  69, 210,  70, 100, 
[526.165s][info][gc,stats       ]   Cleanup                            56 us
[526.165s][info][gc,metaspace   ] Metaspace: 134037K(135040K)->134037K(135040K) NonClass: 113201K(113792K)->113201K(113792K) Class: 20835K(21248K)->20835K(21248K)
[535.922s][info][gc             ] Failed to allocate TLAB, 4096K
[535.922s][info][gc             ] Cancelling GC: Allocation Failure
[535.923s][info][gc             ] Trigger: Handle Allocation Failure
[535.923s][info][gc,ergo        ] Free: 0B, Max: 0B regular, 0B humongous, Frag: 0% external, 0% internal; Reserve: 412M, Max: 4096K
[535.923s][info][gc,start       ] GC(48) Pause Degenerated GC (Outside of Cycle)
[535.923s][info][gc,task        ] GC(48) Using 4 of 4 workers for stw degenerated gc
[535.933s][info][gc,ref         ] GC(48) Clearing All SoftReferences
[536.040s][info][gc,ref         ] GC(48) Encountered references: Soft: 3291, Weak: 22545, Final: 34, Phantom: 790
[536.040s][info][gc,ref         ] GC(48) Discovered  references: Soft: 782, Weak: 11973, Final: 34, Phantom: 619
[536.040s][info][gc,ref         ] GC(48) Enqueued    references: Soft: 1, Weak: 24, Final: 0, Phantom: 0
[536.046s][info][gc,ergo        ] GC(48) CSet Selection. Actual Free: 3384M, Max CSet: 2820M
[536.047s][info][gc,ergo        ] GC(48) Collectable Garbage: 7322M (99%), Immediate: 2972M (40%), CSet: 4350M (59%)
[536.128s][info][gc,ergo        ] GC(48) Good progress for free space: 7312M, need 83886K
[536.128s][info][gc,ergo        ] GC(48) Good progress for used space: 7312M, need 4096K
[536.128s][info][gc             ] GC(48) Pause Degenerated GC (Outside of Cycle) 7779M->467M(8192M) 205.363ms
[536.128s][info][gc,ergo        ] Free: 7300M, Max: 4096K regular, 6864M humongous, Frag: 6% external, 1% internal; Reserve: 412M, Max: 4096K
[536.128s][info][gc,stats       ] 
[536.128s][info][gc,stats       ] All times are wall-clock times, except per-root-class counters, that are sum over
[536.128s][info][gc,stats       ] all workers. Dividing the <total> over the root stage time estimates parallelism.
[536.128s][info][gc,stats       ] 
[536.128s][info][gc,stats       ] Pause Degenerated GC (G)         205437 us
[536.128s][info][gc,stats       ] Pause Degenerated GC (N)         205377 us
[536.128s][info][gc,stats       ]   Degen STW Mark                 105369 us, parallelism: 3.89x
[536.128s][info][gc,stats       ]     DSM: <total>                 409835 us
[536.129s][info][gc,stats       ]     DSM: Thread Roots               402 us, workers (us): 108, 108, 107,  79, 
[536.129s][info][gc,stats       ]     DSM: VM Strong Roots             26 us, workers (us):   8,   0,   9,   9, 
[536.129s][info][gc,stats       ]     DSM: CLDG Roots                 273 us, workers (us):  34, 173,  34,  33, 
[536.129s][info][gc,stats       ]     DSM: Parallel Mark           409134 us, workers (us): 102309, 102205, 102310, 102310, 
[536.129s][info][gc,stats       ]     System Purge                   7765 us
[536.129s][info][gc,stats       ]       Weak References              1475 us, parallelism: 1.16x
[536.129s][info][gc,stats       ]         WRP: <total>               1708 us
[536.129s][info][gc,stats       ]         WRP: Weak References       1708 us, workers (us): 161, 106, 1359,  82, 
[536.129s][info][gc,stats       ]       Unload Classes               5774 us, parallelism: 3.94x
[536.129s][info][gc,stats       ]         DCU: <total>              22735 us
[536.129s][info][gc,stats       ]         DCU: Unload Code Caches    22735 us, workers (us): 5686, 5697, 5686, 5667, 
[536.129s][info][gc,stats       ]       Weak Roots                    313 us, parallelism: 3.62x
[536.129s][info][gc,stats       ]         DWR: <total>               1131 us
[536.129s][info][gc,stats       ]         DWR: VM Weak Roots         1131 us, workers (us): 300, 299, 272, 259, 
[536.129s][info][gc,stats       ]       CLDG                            1 us
[536.129s][info][gc,stats       ]   Update Region States               44 us
[536.129s][info][gc,stats       ]   Manage GC/TLABs                    10 us
[536.129s][info][gc,stats       ]   Choose Collection Set              69 us
[536.129s][info][gc,stats       ]   Rebuild Free Set                   12 us
[536.129s][info][gc,stats       ]   Evacuation                      31169 us
[536.129s][info][gc,stats       ]   Manage GCLABs                       7 us
[536.129s][info][gc,stats       ]   Update References               43309 us
[536.129s][info][gc,stats       ]   Update Region States               50 us
[536.129s][info][gc,stats       ]   Trash Collection Set               16 us
[536.129s][info][gc,stats       ]   Rebuild Free Set                   13 us
[536.129s][info][gc,stats       ]   Degen Update Roots               5406 us, parallelism: 3.90x
[536.129s][info][gc,stats       ]     DU: <total>                   21103 us
[536.129s][info][gc,stats       ]     DU: Thread Roots                180 us, workers (us):  16,   1, 162,   1, 
[536.129s][info][gc,stats       ]     DU: Code Cache Roots          16193 us, workers (us): 3943, 4188, 3907, 4155, 
[536.129s][info][gc,stats       ]     DU: VM Strong Roots               9 us, workers (us):   3,   3,   3,   0, 
[536.129s][info][gc,stats       ]     DU: VM Weak Roots              4283 us, workers (us): 1077, 1078, 1078, 1050, 
[536.129s][info][gc,stats       ]     DU: CLDG Roots                  439 us, workers (us): 204,  69,  95,  71, 
[536.129s][info][gc,stats       ]   Cleanup                            44 us
[536.129s][info][gc,metaspace   ] Metaspace: 134041K(135040K)->134041K(135040K) NonClass: 113206K(113792K)->113206K(113792K) Class: 20835K(21248K)->20835K(21248K)
[548.275s][info][gc             ] Failed to allocate TLAB, 4096K
[548.275s][info][gc             ] Cancelling GC: Allocation Failure
[548.275s][info][gc             ] Trigger: Handle Allocation Failure
[548.275s][info][gc,ergo        ] Free: 0B, Max: 0B regular, 0B humongous, Frag: 0% external, 0% internal; Reserve: 412M, Max: 4096K
[548.275s][info][gc,start       ] GC(49) Pause Degenerated GC (Outside of Cycle)
[548.275s][info][gc,task        ] GC(49) Using 4 of 4 workers for stw degenerated gc
[548.286s][info][gc,ref         ] GC(49) Clearing All SoftReferences
[548.389s][info][gc,ref         ] GC(49) Encountered references: Soft: 3297, Weak: 22527, Final: 34, Phantom: 796
[548.389s][info][gc,ref         ] GC(49) Discovered  references: Soft: 1431, Weak: 12280, Final: 0, Phantom: 625
[548.389s][info][gc,ref         ] GC(49) Enqueued    references: Soft: 7, Weak: 5, Final: 0, Phantom: 0
[548.395s][info][gc,ergo        ] GC(49) CSet Selection. Actual Free: 2316M, Max CSet: 1930M
[548.395s][info][gc,ergo        ] GC(49) Collectable Garbage: 7328M (99%), Immediate: 1904M (25%), CSet: 5424M (73%)
[548.479s][info][gc,ergo        ] GC(49) Good progress for free space: 7320M, need 83886K
[548.479s][info][gc,ergo        ] GC(49) Good progress for used space: 7320M, need 4096K
[548.479s][info][gc             ] GC(49) Pause Degenerated GC (Outside of Cycle) 7779M->459M(8192M) 203.968ms
[548.479s][info][gc,ergo        ] Free: 7312M, Max: 4096K regular, 6872M humongous, Frag: 7% external, 1% internal; Reserve: 412M, Max: 4096K
[548.479s][info][gc,stats       ] 
[548.479s][info][gc,stats       ] All times are wall-clock times, except per-root-class counters, that are sum over
[548.479s][info][gc,stats       ] all workers. Dividing the <total> over the root stage time estimates parallelism.
[548.479s][info][gc,stats       ] 
[548.479s][info][gc,stats       ] Pause Degenerated GC (G)         204017 us
[548.479s][info][gc,stats       ] Pause Degenerated GC (N)         203982 us
[548.479s][info][gc,stats       ]   Degen STW Mark                 102411 us, parallelism: 3.93x
[548.479s][info][gc,stats       ]     DSM: <total>                 402534 us
[548.479s][info][gc,stats       ]     DSM: Thread Roots               435 us, workers (us): 116, 117, 113,  88, 
[548.479s][info][gc,stats       ]     DSM: VM Strong Roots             27 us, workers (us):   0,   8,   8,  10, 
[548.479s][info][gc,stats       ]     DSM: CLDG Roots                 288 us, workers (us): 176,  37,  37,  37, 
[548.479s][info][gc,stats       ]     DSM: Parallel Mark           401785 us, workers (us): 100345, 100481, 100483, 100476, 
[548.479s][info][gc,stats       ]     System Purge                   6513 us
[548.479s][info][gc,stats       ]       Weak References              1067 us, parallelism: 1.11x
[548.479s][info][gc,stats       ]         WRP: <total>               1183 us
[548.479s][info][gc,stats       ]         WRP: Weak References       1183 us, workers (us):  97,  98, 989,   0, 
[548.479s][info][gc,stats       ]       Unload Classes               4930 us, parallelism: 3.93x
[548.479s][info][gc,stats       ]         DCU: <total>              19377 us
[548.480s][info][gc,stats       ]         DCU: Unload Code Caches    19377 us, workers (us): 4863, 4850, 4833, 4832, 
[548.480s][info][gc,stats       ]       Weak Roots                    203 us, parallelism: 3.75x
[548.480s][info][gc,stats       ]         DWR: <total>                761 us
[548.480s][info][gc,stats       ]         DWR: VM Weak Roots          761 us, workers (us): 191, 190, 190, 190, 
[548.480s][info][gc,stats       ]       CLDG                            4 us
[548.480s][info][gc,stats       ]   Update Region States               41 us
[548.480s][info][gc,stats       ]   Manage GC/TLABs                     9 us
[548.480s][info][gc,stats       ]   Choose Collection Set              65 us
[548.480s][info][gc,stats       ]   Rebuild Free Set                   11 us
[548.480s][info][gc,stats       ]   Evacuation                      31666 us
[548.480s][info][gc,stats       ]   Manage GCLABs                       7 us
[548.480s][info][gc,stats       ]   Update References               45933 us
[548.480s][info][gc,stats       ]   Update Region States               23 us
[548.480s][info][gc,stats       ]   Trash Collection Set               17 us
[548.480s][info][gc,stats       ]   Rebuild Free Set                   12 us
[548.480s][info][gc,stats       ]   Degen Update Roots               5325 us, parallelism: 3.89x
[548.480s][info][gc,stats       ]     DU: <total>                   20728 us
[548.480s][info][gc,stats       ]     DU: Thread Roots                140 us, workers (us):   1,   1, 137,   1, 
[548.480s][info][gc,stats       ]     DU: Code Cache Roots          15542 us, workers (us): 3927, 3840, 3748, 4026, 
[548.480s][info][gc,stats       ]     DU: VM Strong Roots               8 us, workers (us):   3,   3,   3,   0, 
[548.480s][info][gc,stats       ]     DU: VM Weak Roots              4617 us, workers (us): 1166, 1158, 1160, 1133, 
[548.480s][info][gc,stats       ]     DU: CLDG Roots                  421 us, workers (us):  63, 193,  97,  68, 
[548.480s][info][gc,stats       ]   Cleanup                            51 us
[548.480s][info][gc,metaspace   ] Metaspace: 134046K(135040K)->134046K(135040K) NonClass: 113210K(113792K)->113210K(113792K) Class: 20835K(21248K)->20835K(21248K)
[558.216s][info][gc             ] Failed to allocate TLAB, 4096K
[558.216s][info][gc             ] Cancelling GC: Allocation Failure
[558.217s][info][gc             ] Trigger: Handle Allocation Failure
[558.217s][info][gc,ergo        ] Free: 0B, Max: 0B regular, 0B humongous, Frag: 0% external, 0% internal; Reserve: 412M, Max: 4096K
[558.217s][info][gc,start       ] GC(50) Pause Degenerated GC (Outside of Cycle)
[558.217s][info][gc,task        ] GC(50) Using 4 of 4 workers for stw degenerated gc
[558.233s][info][gc,ref         ] GC(50) Clearing All SoftReferences
[558.333s][info][gc,ref         ] GC(50) Encountered references: Soft: 3291, Weak: 22527, Final: 34, Phantom: 799
[558.333s][info][gc,ref         ] GC(50) Discovered  references: Soft: 781, Weak: 12027, Final: 34, Phantom: 629
[558.333s][info][gc,ref         ] GC(50) Enqueued    references: Soft: 1, Weak: 4, Final: 0, Phantom: 0
[558.339s][info][gc,ergo        ] GC(50) CSet Selection. Actual Free: 3476M, Max CSet: 2896M
[558.339s][info][gc,ergo        ] GC(50) Collectable Garbage: 7322M (99%), Immediate: 3064M (41%), CSet: 4258M (57%)
[558.434s][info][gc,ergo        ] GC(50) Good progress for free space: 7316M, need 83886K
[558.434s][info][gc,ergo        ] GC(50) Good progress for used space: 7316M, need 4096K
[558.434s][info][gc             ] GC(50) Pause Degenerated GC (Outside of Cycle) 7779M->463M(8192M) 216.422ms
[558.434s][info][gc,ergo        ] Free: 7304M, Max: 4096K regular, 6868M humongous, Frag: 6% external, 1% internal; Reserve: 412M, Max: 4096K
[558.434s][info][gc,stats       ] 
[558.434s][info][gc,stats       ] All times are wall-clock times, except per-root-class counters, that are sum over
[558.434s][info][gc,stats       ] all workers. Dividing the <total> over the root stage time estimates parallelism.
[558.434s][info][gc,stats       ] 
[558.434s][info][gc,stats       ] Pause Degenerated GC (G)         216528 us
[558.434s][info][gc,stats       ] Pause Degenerated GC (N)         216436 us
[558.434s][info][gc,stats       ]   Degen STW Mark                  99678 us, parallelism: 3.92x
[558.434s][info][gc,stats       ]     DSM: <total>                 390419 us
[558.434s][info][gc,stats       ]     DSM: Thread Roots               669 us, workers (us): 187, 187, 147, 147, 
[558.434s][info][gc,stats       ]     DSM: VM Strong Roots             37 us, workers (us):  12,  14,   0,  11, 
[558.434s][info][gc,stats       ]     DSM: CLDG Roots                 555 us, workers (us):  71,  71, 342,  71, 
[558.434s][info][gc,stats       ]     DSM: Parallel Mark           389159 us, workers (us): 97357, 97358, 97092, 97351, 
[558.434s][info][gc,stats       ]     System Purge                   6937 us
[558.434s][info][gc,stats       ]       Weak References              1132 us, parallelism: 1.05x
[558.434s][info][gc,stats       ]         WRP: <total>               1185 us
[558.434s][info][gc,stats       ]         WRP: Weak References       1185 us, workers (us): 103, 1045,  38,   0, 
[558.434s][info][gc,stats       ]       Unload Classes               4994 us, parallelism: 3.92x
[558.434s][info][gc,stats       ]         DCU: <total>              19581 us
[558.434s][info][gc,stats       ]         DCU: Unload Code Caches    19581 us, workers (us): 4907, 4900, 4910, 4864, 
[558.434s][info][gc,stats       ]       Weak Roots                    259 us, parallelism: 3.45x
[558.434s][info][gc,stats       ]         DWR: <total>                893 us
[558.434s][info][gc,stats       ]         DWR: VM Weak Roots          893 us, workers (us): 246, 245, 201, 201, 
[558.434s][info][gc,stats       ]       CLDG                            5 us
[558.434s][info][gc,stats       ]   Update Region States               63 us
[558.434s][info][gc,stats       ]   Manage GC/TLABs                     8 us
[558.434s][info][gc,stats       ]   Choose Collection Set              67 us
[558.434s][info][gc,stats       ]   Rebuild Free Set                   12 us
[558.434s][info][gc,stats       ]   Evacuation                      43788 us
[558.434s][info][gc,stats       ]   Manage GCLABs                       7 us
[558.434s][info][gc,stats       ]   Update References               43778 us
[558.434s][info][gc,stats       ]   Update Region States               22 us
[558.434s][info][gc,stats       ]   Trash Collection Set               15 us
[558.434s][info][gc,stats       ]   Rebuild Free Set                   13 us
[558.434s][info][gc,stats       ]   Degen Update Roots               5205 us, parallelism: 3.89x
[558.434s][info][gc,stats       ]     DU: <total>                   20263 us
[558.434s][info][gc,stats       ]     DU: Thread Roots                146 us, workers (us):   1,   1,   1, 143, 
[558.434s][info][gc,stats       ]     DU: Code Cache Roots          15431 us, workers (us): 3797, 4003, 3904, 3726, 
[558.434s][info][gc,stats       ]     DU: VM Strong Roots               7 us, workers (us):   3,   1,   1,   1, 
[558.434s][info][gc,stats       ]     DU: VM Weak Roots              4270 us, workers (us): 1068, 1067, 1066, 1069, 
[558.434s][info][gc,stats       ]     DU: CLDG Roots                  410 us, workers (us): 180,  68,  69,  93, 
[558.434s][info][gc,stats       ]   Cleanup                            43 us
[558.434s][info][gc,metaspace   ] Metaspace: 134056K(135040K)->134056K(135040K) NonClass: 113220K(113792K)->113220K(113792K) Class: 20835K(21248K)->20835K(21248K)
[570.105s][info][gc             ] Failed to allocate TLAB, 4096K
[570.105s][info][gc             ] Cancelling GC: Allocation Failure
[570.106s][info][gc             ] Trigger: Handle Allocation Failure
[570.106s][info][gc,ergo        ] Free: 0B, Max: 0B regular, 0B humongous, Frag: 0% external, 0% internal; Reserve: 412M, Max: 4096K
[570.106s][info][gc,start       ] GC(51) Pause Degenerated GC (Outside of Cycle)
[570.106s][info][gc,task        ] GC(51) Using 4 of 4 workers for stw degenerated gc
[570.117s][info][gc,ref         ] GC(51) Clearing All SoftReferences
[570.225s][info][gc,ref         ] GC(51) Encountered references: Soft: 3300, Weak: 22582, Final: 34, Phantom: 827
[570.225s][info][gc,ref         ] GC(51) Discovered  references: Soft: 2386, Weak: 12014, Final: 0, Phantom: 628
[570.225s][info][gc,ref         ] GC(51) Enqueued    references: Soft: 9, Weak: 31, Final: 0, Phantom: 22
[570.238s][info][gc,ergo        ] GC(51) CSet Selection. Actual Free: 2228M, Max CSet: 1856M
[570.238s][info][gc,ergo        ] GC(51) Collectable Garbage: 7319M (99%), Immediate: 1816M (24%), CSet: 5503M (74%)
[570.330s][info][gc,ergo        ] GC(51) Good progress for free space: 7308M, need 83886K
[570.330s][info][gc,ergo        ] GC(51) Good progress for used space: 7308M, need 4096K
[570.330s][info][gc             ] GC(51) Pause Degenerated GC (Outside of Cycle) 7779M->471M(8192M) 224.425ms
[570.330s][info][gc,ergo        ] Free: 7304M, Max: 4096K regular, 6860M humongous, Frag: 7% external, 1% internal; Reserve: 412M, Max: 4096K
[570.331s][info][gc,stats       ] 
[570.331s][info][gc,stats       ] All times are wall-clock times, except per-root-class counters, that are sum over
[570.331s][info][gc,stats       ] all workers. Dividing the <total> over the root stage time estimates parallelism.
[570.331s][info][gc,stats       ] 
[570.331s][info][gc,stats       ] Pause Degenerated GC (G)         224493 us
[570.331s][info][gc,stats       ] Pause Degenerated GC (N)         224439 us
[570.331s][info][gc,stats       ]   Degen STW Mark                 107644 us, parallelism: 3.93x
[570.331s][info][gc,stats       ]     DSM: <total>                 422936 us
[570.331s][info][gc,stats       ]     DSM: Thread Roots               599 us, workers (us): 151, 149, 149, 149, 
[570.331s][info][gc,stats       ]     DSM: VM Strong Roots             35 us, workers (us):  11,   0,  12,  11, 
[570.331s][info][gc,stats       ]     DSM: CLDG Roots                 435 us, workers (us):  62, 246,  63,  63, 
[570.331s][info][gc,stats       ]     DSM: Parallel Mark           421868 us, workers (us): 105520, 105334, 105510, 105505, 
[570.331s][info][gc,stats       ]     System Purge                  13456 us
[570.331s][info][gc,stats       ]       Weak References              1092 us, parallelism: 1.12x
[570.331s][info][gc,stats       ]         WRP: <total>               1227 us
[570.331s][info][gc,stats       ]         WRP: Weak References       1227 us, workers (us): 1016,  28,  34, 149, 
[570.331s][info][gc,stats       ]       Unload Classes              11637 us, parallelism: 3.90x
[570.331s][info][gc,stats       ]         DCU: <total>              45381 us
[570.331s][info][gc,stats       ]         DCU: Unload Code Caches    19854 us, workers (us): 4981, 4990, 4952, 4932, 
[570.331s][info][gc,stats       ]         DCU: Unlink CLDs          25527 us, workers (us): 6374, 6387, 6372, 6394, 
[570.331s][info][gc,stats       ]       Weak Roots                    229 us, parallelism: 3.47x
[570.331s][info][gc,stats       ]         DWR: <total>                795 us
[570.331s][info][gc,stats       ]         DWR: VM Weak Roots          795 us, workers (us): 218, 218, 180, 179, 
[570.331s][info][gc,stats       ]       CLDG                           11 us
[570.331s][info][gc,stats       ]   Update Region States               69 us
[570.331s][info][gc,stats       ]   Manage GC/TLABs                     9 us
[570.331s][info][gc,stats       ]   Choose Collection Set              86 us
[570.331s][info][gc,stats       ]   Rebuild Free Set                   11 us
[570.331s][info][gc,stats       ]   Evacuation                      33438 us
[570.331s][info][gc,stats       ]   Manage GCLABs                       7 us
[570.331s][info][gc,stats       ]   Update References               51961 us
[570.331s][info][gc,stats       ]   Update Region States               37 us
[570.331s][info][gc,stats       ]   Trash Collection Set               16 us
[570.331s][info][gc,stats       ]   Rebuild Free Set                   12 us
[570.331s][info][gc,stats       ]   Degen Update Roots               5412 us, parallelism: 3.86x
[570.331s][info][gc,stats       ]     DU: <total>                   20901 us
[570.331s][info][gc,stats       ]     DU: Thread Roots                133 us, workers (us):   1, 130,   1,   1, 
[570.331s][info][gc,stats       ]     DU: Code Cache Roots          16112 us, workers (us): 4181, 3926, 3947, 4058, 
[570.331s][info][gc,stats       ]     DU: VM Strong Roots               6 us, workers (us):   2,   2,   2,   0, 
[570.331s][info][gc,stats       ]     DU: VM Weak Roots              4246 us, workers (us): 1070, 1068, 1068, 1040, 
[570.331s][info][gc,stats       ]     DU: CLDG Roots                  403 us, workers (us):  90,  66, 180,  67, 
[570.331s][info][gc,stats       ]   Cleanup                            52 us
[570.331s][info][gc,metaspace   ] Metaspace: 134122K(135168K)->134120K(135168K) NonClass: 113270K(113856K)->113269K(113856K) Class: 20852K(21312K)->20851K(21312K)
[580.085s][info][gc             ] Failed to allocate TLAB, 4096K
[580.085s][info][gc             ] Cancelling GC: Allocation Failure
[580.085s][info][gc             ] Trigger: Handle Allocation Failure
[580.085s][info][gc,ergo        ] Free: 0B, Max: 0B regular, 0B humongous, Frag: 0% external, 0% internal; Reserve: 412M, Max: 4096K
[580.085s][info][gc,start       ] GC(52) Pause Degenerated GC (Outside of Cycle)
[580.085s][info][gc,task        ] GC(52) Using 4 of 4 workers for stw degenerated gc
[580.101s][info][gc,ref         ] GC(52) Clearing All SoftReferences
[580.207s][info][gc,ref         ] GC(52) Encountered references: Soft: 3306, Weak: 22568, Final: 34, Phantom: 814
[580.207s][info][gc,ref         ] GC(52) Discovered  references: Soft: 2786, Weak: 12010, Final: 0, Phantom: 613
[580.207s][info][gc,ref         ] GC(52) Enqueued    references: Soft: 15, Weak: 11, Final: 0, Phantom: 6
[580.219s][info][gc,ergo        ] GC(52) CSet Selection. Actual Free: 3304M, Max CSet: 2753M
[580.219s][info][gc,ergo        ] GC(52) Collectable Garbage: 7322M (99%), Immediate: 2892M (39%), CSet: 4430M (60%)
[580.301s][info][gc,ergo        ] GC(52) Good progress for free space: 7316M, need 83886K
[580.301s][info][gc,ergo        ] GC(52) Good progress for used space: 7316M, need 4096K
[580.301s][info][gc             ] GC(52) Pause Degenerated GC (Outside of Cycle) 7779M->463M(8192M) 215.727ms
[580.301s][info][gc,ergo        ] Free: 7304M, Max: 4096K regular, 6868M humongous, Frag: 6% external, 1% internal; Reserve: 412M, Max: 4096K
[580.301s][info][gc,stats       ] 
[580.301s][info][gc,stats       ] All times are wall-clock times, except per-root-class counters, that are sum over
[580.301s][info][gc,stats       ] all workers. Dividing the <total> over the root stage time estimates parallelism.
[580.301s][info][gc,stats       ] 
[580.301s][info][gc,stats       ] Pause Degenerated GC (G)         215848 us
[580.301s][info][gc,stats       ] Pause Degenerated GC (N)         215740 us
[580.301s][info][gc,stats       ]   Degen STW Mark                 105832 us, parallelism: 3.93x
[580.301s][info][gc,stats       ]     DSM: <total>                 415609 us
[580.301s][info][gc,stats       ]     DSM: Thread Roots               520 us, workers (us): 145, 145, 123, 108, 
[580.301s][info][gc,stats       ]     DSM: VM Strong Roots             36 us, workers (us):  12,  11,   0,  14, 
[580.301s][info][gc,stats       ]     DSM: CLDG Roots                 416 us, workers (us):  61,  60, 235,  60, 
[580.301s][info][gc,stats       ]     DSM: Parallel Mark           414637 us, workers (us): 103712, 103702, 103523, 103699, 
[580.301s][info][gc,stats       ]     System Purge                  12446 us
[580.301s][info][gc,stats       ]       Weak References              1156 us, parallelism: 1.12x
[580.301s][info][gc,stats       ]         WRP: <total>               1294 us
[580.301s][info][gc,stats       ]         WRP: Weak References       1294 us, workers (us): 1074, 167,  36,  16, 
[580.301s][info][gc,stats       ]       Unload Classes              10598 us, parallelism: 3.90x
[580.301s][info][gc,stats       ]         DCU: <total>              41334 us
[580.301s][info][gc,stats       ]         DCU: Unload Code Caches    20246 us, workers (us): 5067, 5082, 5069, 5029, 
[580.301s][info][gc,stats       ]         DCU: Unlink CLDs          21088 us, workers (us): 5283, 5276, 5265, 5264, 
[580.301s][info][gc,stats       ]       Weak Roots                    319 us, parallelism: 3.47x
[580.301s][info][gc,stats       ]         DWR: <total>               1108 us
[580.301s][info][gc,stats       ]         DWR: VM Weak Roots         1108 us, workers (us): 308, 271, 271, 259, 
[580.301s][info][gc,stats       ]       CLDG                           14 us
[580.301s][info][gc,stats       ]   Update Region States               62 us
[580.301s][info][gc,stats       ]   Manage GC/TLABs                     9 us
[580.301s][info][gc,stats       ]   Choose Collection Set              79 us
[580.301s][info][gc,stats       ]   Rebuild Free Set                   12 us
[580.301s][info][gc,stats       ]   Evacuation                      30350 us
[580.301s][info][gc,stats       ]   Manage GCLABs                       7 us
[580.301s][info][gc,stats       ]   Update References               44709 us
[580.301s][info][gc,stats       ]   Update Region States               51 us
[580.301s][info][gc,stats       ]   Trash Collection Set               15 us
[580.301s][info][gc,stats       ]   Rebuild Free Set                   13 us
[580.301s][info][gc,stats       ]   Degen Update Roots               5347 us, parallelism: 3.90x
[580.302s][info][gc,stats       ]     DU: <total>                   20842 us
[580.302s][info][gc,stats       ]     DU: Thread Roots                157 us, workers (us):   1, 134,  21,   1, 
[580.302s][info][gc,stats       ]     DU: Code Cache Roots          15768 us, workers (us): 4080, 3710, 3914, 4063, 
[580.302s][info][gc,stats       ]     DU: VM Strong Roots               7 us, workers (us):   2,   2,   2,   0, 
[580.302s][info][gc,stats       ]     DU: VM Weak Roots              4488 us, workers (us): 1128, 1128, 1131, 1100, 
[580.302s][info][gc,stats       ]     DU: CLDG Roots                  423 us, workers (us):  70, 189,  94,  70, 
[580.302s][info][gc,stats       ]   Cleanup                            43 us
[580.302s][info][gc,metaspace   ] Metaspace: 134164K(135232K)->134159K(135232K) NonClass: 113301K(113920K)->113298K(113920K) Class: 20862K(21312K)->20861K(21312K)
[591.050s][info][gc             ] Failed to allocate TLAB, 4096K
[591.051s][info][gc             ] Cancelling GC: Allocation Failure
[591.051s][info][gc             ] Trigger: Handle Allocation Failure
[591.051s][info][gc,ergo        ] Free: 0B, Max: 0B regular, 0B humongous, Frag: 0% external, 0% internal; Reserve: 412M, Max: 4096K
[591.051s][info][gc,start       ] GC(53) Pause Degenerated GC (Outside of Cycle)
[591.051s][info][gc,task        ] GC(53) Using 4 of 4 workers for stw degenerated gc
[591.064s][info][gc,ref         ] GC(53) Clearing All SoftReferences
[591.197s][info][gc,ref         ] GC(53) Encountered references: Soft: 3305, Weak: 22652, Final: 34, Phantom: 845
[591.197s][info][gc,ref         ] GC(53) Discovered  references: Soft: 2770, Weak: 13598, Final: 0, Phantom: 670
[591.197s][info][gc,ref         ] GC(53) Enqueued    references: Soft: 6, Weak: 47, Final: 0, Phantom: 34
[591.209s][info][gc,ergo        ] GC(53) CSet Selection. Actual Free: 2448M, Max CSet: 2040M
[591.209s][info][gc,ergo        ] GC(53) Collectable Garbage: 7330M (99%), Immediate: 2036M (27%), CSet: 5294M (71%)
[591.303s][info][gc,ergo        ] GC(53) Good progress for free space: 7324M, need 83886K
[591.303s][info][gc,ergo        ] GC(53) Good progress for used space: 7324M, need 4096K
[591.303s][info][gc             ] GC(53) Pause Degenerated GC (Outside of Cycle) 7779M->455M(8192M) 251.323ms
[591.303s][info][gc,ergo        ] Free: 7316M, Max: 4096K regular, 6876M humongous, Frag: 7% external, 1% internal; Reserve: 412M, Max: 4096K
[591.303s][info][gc,stats       ] 
[591.303s][info][gc,stats       ] All times are wall-clock times, except per-root-class counters, that are sum over
[591.303s][info][gc,stats       ] all workers. Dividing the <total> over the root stage time estimates parallelism.
[591.303s][info][gc,stats       ] 
[591.303s][info][gc,stats       ] Pause Degenerated GC (G)         251429 us
[591.303s][info][gc,stats       ] Pause Degenerated GC (N)         251336 us
[591.303s][info][gc,stats       ]   Degen STW Mark                 130822 us, parallelism: 3.89x
[591.303s][info][gc,stats       ]     DSM: <total>                 508329 us
[591.303s][info][gc,stats       ]     DSM: Thread Roots              1093 us, workers (us): 273, 273, 274, 273, 
[591.303s][info][gc,stats       ]     DSM: VM Strong Roots             84 us, workers (us):  27,   0,  27,  30, 
[591.303s][info][gc,stats       ]     DSM: CLDG Roots                1244 us, workers (us): 195, 662, 192, 195, 
[591.303s][info][gc,stats       ]     DSM: Parallel Mark           505907 us, workers (us): 126598, 126136, 126578, 126595, 
[591.303s][info][gc,stats       ]     System Purge                  14705 us
[591.303s][info][gc,stats       ]       Weak References              2506 us, parallelism: 1.24x
[591.303s][info][gc,stats       ]         WRP: <total>               3105 us
[591.303s][info][gc,stats       ]         WRP: Weak References       3105 us, workers (us): 269, 442, 2370,  24, 
[591.303s][info][gc,stats       ]       Unload Classes              10981 us, parallelism: 3.88x
[591.303s][info][gc,stats       ]         DCU: <total>              42601 us
[591.303s][info][gc,stats       ]         DCU: Unload Code Caches    42601 us, workers (us): 10666, 10668, 10646, 10621, 
[591.303s][info][gc,stats       ]       Weak Roots                    573 us, parallelism: 3.77x
[591.303s][info][gc,stats       ]         DWR: <total>               2163 us
[591.303s][info][gc,stats       ]         DWR: VM Weak Roots         2163 us, workers (us): 549, 549, 547, 518, 
[591.303s][info][gc,stats       ]       CLDG                            5 us
[591.303s][info][gc,stats       ]   Update Region States               62 us
[591.303s][info][gc,stats       ]   Manage GC/TLABs                     9 us
[591.303s][info][gc,stats       ]   Choose Collection Set             106 us
[591.303s][info][gc,stats       ]   Rebuild Free Set                   12 us
[591.303s][info][gc,stats       ]   Evacuation                      41530 us
[591.303s][info][gc,stats       ]   Manage GCLABs                       7 us
[591.303s][info][gc,stats       ]   Update References               44679 us
[591.303s][info][gc,stats       ]   Update Region States               41 us
[591.303s][info][gc,stats       ]   Trash Collection Set               17 us
[591.303s][info][gc,stats       ]   Rebuild Free Set                   12 us
[591.303s][info][gc,stats       ]   Degen Update Roots               5426 us, parallelism: 3.89x
[591.303s][info][gc,stats       ]     DU: <total>                   21110 us
[591.303s][info][gc,stats       ]     DU: Thread Roots                147 us, workers (us): 134,  11,   1,   1, 
[591.303s][info][gc,stats       ]     DU: Code Cache Roots          15924 us, workers (us): 3901, 4025, 4107, 3891, 
[591.303s][info][gc,stats       ]     DU: VM Strong Roots               6 us, workers (us):   3,   2,   2,   0, 
[591.303s][info][gc,stats       ]     DU: VM Weak Roots              4579 us, workers (us): 1153, 1151, 1150, 1125, 
[591.303s][info][gc,stats       ]     DU: CLDG Roots                  453 us, workers (us):  69,  71,  98, 214, 
[591.303s][info][gc,stats       ]   Cleanup                            54 us
[591.303s][info][gc,metaspace   ] Metaspace: 134318K(135360K)->134318K(135360K) NonClass: 113426K(114048K)->113426K(114048K) Class: 20891K(21312K)->20891K(21312K)
[602.590s][info][gc             ] Failed to allocate TLAB, 4096K
[602.590s][info][gc             ] Cancelling GC: Allocation Failure
[602.591s][info][gc             ] Trigger: Handle Allocation Failure
[602.591s][info][gc,ergo        ] Free: 0B, Max: 0B regular, 0B humongous, Frag: 0% external, 0% internal; Reserve: 412M, Max: 4096K
[602.591s][info][gc,start       ] GC(54) Pause Degenerated GC (Outside of Cycle)
[602.591s][info][gc,task        ] GC(54) Using 4 of 4 workers for stw degenerated gc
[602.604s][info][gc,ref         ] GC(54) Clearing All SoftReferences
[602.706s][info][gc,ref         ] GC(54) Encountered references: Soft: 3303, Weak: 22619, Final: 34, Phantom: 821
[602.706s][info][gc,ref         ] GC(54) Discovered  references: Soft: 2781, Weak: 12425, Final: 0, Phantom: 702
[602.706s][info][gc,ref         ] GC(54) Enqueued    references: Soft: 4, Weak: 9, Final: 0, Phantom: 4
[602.712s][info][gc,ergo        ] GC(54) CSet Selection. Actual Free: 3564M, Max CSet: 2970M
[602.712s][info][gc,ergo        ] GC(54) Collectable Garbage: 7337M (99%), Immediate: 3152M (42%), CSet: 4185M (56%)
[602.787s][info][gc,ergo        ] GC(54) Good progress for free space: 7332M, need 83886K
[602.788s][info][gc,ergo        ] GC(54) Good progress for used space: 7332M, need 4096K
[602.788s][info][gc             ] GC(54) Pause Degenerated GC (Outside of Cycle) 7779M->447M(8192M) 196.340ms
[602.788s][info][gc,ergo        ] Free: 7320M, Max: 4096K regular, 6884M humongous, Frag: 6% external, 1% internal; Reserve: 412M, Max: 4096K
[602.788s][info][gc,stats       ] 
[602.788s][info][gc,stats       ] All times are wall-clock times, except per-root-class counters, that are sum over
[602.788s][info][gc,stats       ] all workers. Dividing the <total> over the root stage time estimates parallelism.
[602.788s][info][gc,stats       ] 
[602.788s][info][gc,stats       ] Pause Degenerated GC (G)         196419 us
[602.788s][info][gc,stats       ] Pause Degenerated GC (N)         196353 us
[602.788s][info][gc,stats       ]   Degen STW Mark                 101509 us, parallelism: 3.92x
[602.788s][info][gc,stats       ]     DSM: <total>                 398288 us
[602.788s][info][gc,stats       ]     DSM: Thread Roots               335 us, workers (us): 101, 102,  67,  65, 
[602.788s][info][gc,stats       ]     DSM: VM Strong Roots             28 us, workers (us):  11,   0,  10,   8, 
[602.788s][info][gc,stats       ]     DSM: CLDG Roots                 259 us, workers (us):  32, 163,  32,  32, 
[602.788s][info][gc,stats       ]     DSM: Parallel Mark           397666 us, workers (us): 99442, 99320, 99455, 99449, 
[602.788s][info][gc,stats       ]     System Purge                   6893 us
[602.788s][info][gc,stats       ]       Weak References              1091 us, parallelism: 1.16x
[602.788s][info][gc,stats       ]         WRP: <total>               1268 us
[602.788s][info][gc,stats       ]         WRP: Weak References       1268 us, workers (us): 1013,  60, 115,  80, 
[602.788s][info][gc,stats       ]       Unload Classes               5084 us, parallelism: 3.94x
[602.788s][info][gc,stats       ]         DCU: <total>              20034 us
[602.788s][info][gc,stats       ]         DCU: Unload Code Caches    20034 us, workers (us): 5015, 5014, 5014, 4991, 
[602.788s][info][gc,stats       ]       Weak Roots                    228 us, parallelism: 3.50x
[602.788s][info][gc,stats       ]         DWR: <total>                797 us
[602.788s][info][gc,stats       ]         DWR: VM Weak Roots          797 us, workers (us): 218, 216, 182, 181, 
[602.788s][info][gc,stats       ]       CLDG                            4 us
[602.788s][info][gc,stats       ]   Update Region States               85 us
[602.788s][info][gc,stats       ]   Manage GC/TLABs                     9 us
[602.788s][info][gc,stats       ]   Choose Collection Set              72 us
[602.788s][info][gc,stats       ]   Rebuild Free Set                   12 us
[602.788s][info][gc,stats       ]   Evacuation                      25643 us
[602.788s][info][gc,stats       ]   Manage GCLABs                       6 us
[602.788s][info][gc,stats       ]   Update References               42631 us
[602.788s][info][gc,stats       ]   Update Region States               22 us
[602.788s][info][gc,stats       ]   Trash Collection Set               14 us
[602.788s][info][gc,stats       ]   Rebuild Free Set                   12 us
[602.788s][info][gc,stats       ]   Degen Update Roots               5239 us, parallelism: 3.91x
[602.788s][info][gc,stats       ]     DU: <total>                   20470 us
[602.788s][info][gc,stats       ]     DU: Thread Roots                157 us, workers (us):  42,  43,   1,  71, 
[602.788s][info][gc,stats       ]     DU: Code Cache Roots          15571 us, workers (us): 3906, 3878, 3908, 3878, 
[602.788s][info][gc,stats       ]     DU: VM Strong Roots               7 us, workers (us):   2,   2,   2,   2, 
[602.788s][info][gc,stats       ]     DU: VM Weak Roots              4315 us, workers (us): 1079, 1078, 1078, 1080, 
[602.788s][info][gc,stats       ]     DU: CLDG Roots                  421 us, workers (us):  70,  97, 185,  68, 
[602.788s][info][gc,stats       ]   Cleanup                            42 us
[602.788s][info][gc,metaspace   ] Metaspace: 134374K(135488K)->134374K(135488K) NonClass: 113475K(114112K)->113475K(114112K) Class: 20899K(21376K)->20899K(21376K)
[613.313s][info][gc             ] Failed to allocate TLAB, 4096K
[613.313s][info][gc             ] Cancelling GC: Allocation Failure
[613.313s][info][gc             ] Trigger: Handle Allocation Failure
[613.313s][info][gc,ergo        ] Free: 0B, Max: 0B regular, 0B humongous, Frag: 0% external, 0% internal; Reserve: 412M, Max: 4096K
[613.314s][info][gc,start       ] GC(55) Pause Degenerated GC (Outside of Cycle)
[613.314s][info][gc,task        ] GC(55) Using 4 of 4 workers for stw degenerated gc
[613.335s][info][gc,ref         ] GC(55) Clearing All SoftReferences
[613.478s][info][gc,ref         ] GC(55) Encountered references: Soft: 3310, Weak: 22623, Final: 34, Phantom: 825
[613.478s][info][gc,ref         ] GC(55) Discovered  references: Soft: 1456, Weak: 12354, Final: 0, Phantom: 646
[613.478s][info][gc,ref         ] GC(55) Enqueued    references: Soft: 11, Weak: 11, Final: 0, Phantom: 2
[613.491s][info][gc,ergo        ] GC(55) CSet Selection. Actual Free: 2276M, Max CSet: 1896M
[613.491s][info][gc,ergo        ] GC(55) Collectable Garbage: 7317M (99%), Immediate: 1864M (25%), CSet: 5453M (74%)
[613.582s][info][gc,ergo        ] GC(55) Good progress for free space: 7308M, need 83886K
[613.582s][info][gc,ergo        ] GC(55) Good progress for used space: 7308M, need 4096K
[613.582s][info][gc             ] GC(55) Pause Degenerated GC (Outside of Cycle) 7779M->471M(8192M) 268.503ms
[613.582s][info][gc,ergo        ] Free: 7276M, Max: 4096K regular, 6860M humongous, Frag: 6% external, 0% internal; Reserve: 412M, Max: 4096K
[613.582s][info][gc,stats       ] 
[613.582s][info][gc,stats       ] All times are wall-clock times, except per-root-class counters, that are sum over
[613.582s][info][gc,stats       ] all workers. Dividing the <total> over the root stage time estimates parallelism.
[613.582s][info][gc,stats       ] 
[613.582s][info][gc,stats       ] Pause Degenerated GC (G)         268666 us
[613.582s][info][gc,stats       ] Pause Degenerated GC (N)         268518 us
[613.582s][info][gc,stats       ]   Degen STW Mark                 142143 us, parallelism: 3.93x
[613.582s][info][gc,stats       ]     DSM: <total>                 559269 us
[613.582s][info][gc,stats       ]     DSM: Thread Roots               650 us, workers (us): 170, 169, 171, 139, 
[613.582s][info][gc,stats       ]     DSM: VM Strong Roots             65 us, workers (us):  19,   0,  25,  21, 
[613.582s][info][gc,stats       ]     DSM: CLDG Roots                 659 us, workers (us): 106, 343, 105, 105, 
[613.582s][info][gc,stats       ]     DSM: Parallel Mark           557895 us, workers (us): 139537, 139309, 139525, 139524, 
[613.582s][info][gc,stats       ]     System Purge                  13915 us
[613.582s][info][gc,stats       ]       Weak References              1111 us, parallelism: 1.09x
[613.582s][info][gc,stats       ]         WRP: <total>               1212 us
[613.582s][info][gc,stats       ]         WRP: Weak References       1212 us, workers (us): 1007,  93,  30,  81, 
[613.582s][info][gc,stats       ]       Unload Classes              11891 us, parallelism: 3.92x
[613.582s][info][gc,stats       ]         DCU: <total>              46620 us
[613.582s][info][gc,stats       ]         DCU: Unload Code Caches    21627 us, workers (us): 5423, 5423, 5389, 5392, 
[613.582s][info][gc,stats       ]         DCU: Unlink CLDs          24993 us, workers (us): 6244, 6242, 6250, 6257, 
[613.582s][info][gc,stats       ]       Weak Roots                    280 us, parallelism: 2.99x
[613.582s][info][gc,stats       ]         DWR: <total>                837 us
[613.582s][info][gc,stats       ]         DWR: VM Weak Roots          837 us, workers (us): 240, 199, 199, 198, 
[613.582s][info][gc,stats       ]       CLDG                           12 us
[613.582s][info][gc,stats       ]   Update Region States               56 us
[613.583s][info][gc,stats       ]   Manage GC/TLABs                     9 us
[613.583s][info][gc,stats       ]   Choose Collection Set              81 us
[613.583s][info][gc,stats       ]   Rebuild Free Set                   11 us
[613.583s][info][gc,stats       ]   Evacuation                      34200 us
[613.583s][info][gc,stats       ]   Manage GCLABs                       7 us
[613.583s][info][gc,stats       ]   Update References               49444 us
[613.583s][info][gc,stats       ]   Update Region States               69 us
[613.583s][info][gc,stats       ]   Trash Collection Set               18 us
[613.583s][info][gc,stats       ]   Rebuild Free Set                   12 us
[613.583s][info][gc,stats       ]   Degen Update Roots               5665 us, parallelism: 3.89x
[613.583s][info][gc,stats       ]     DU: <total>                   22033 us
[613.583s][info][gc,stats       ]     DU: Thread Roots                154 us, workers (us):  46,   1,  45,  62, 
[613.583s][info][gc,stats       ]     DU: Code Cache Roots          15766 us, workers (us): 3823, 4071, 3962, 3910, 
[613.583s][info][gc,stats       ]     DU: VM Strong Roots               6 us, workers (us):   2,   2,   2,   0, 
[613.583s][info][gc,stats       ]     DU: VM Weak Roots              5641 us, workers (us): 1417, 1415, 1418, 1391, 
[613.583s][info][gc,stats       ]     DU: CLDG Roots                  466 us, workers (us): 210,  75,  72, 109, 
[613.583s][info][gc,stats       ]   Cleanup                            53 us
[613.583s][info][gc,metaspace   ] Metaspace: 134405K(135552K)->134404K(135552K) NonClass: 113502K(114176K)->113500K(114176K) Class: 20903K(21376K)->20903K(21376K)
[625.356s][info][gc             ] Failed to allocate TLAB, 4096K
[625.356s][info][gc             ] Cancelling GC: Allocation Failure
[625.357s][info][gc             ] Trigger: Handle Allocation Failure
[625.357s][info][gc,ergo        ] Free: 0B, Max: 0B regular, 0B humongous, Frag: 0% external, 0% internal; Reserve: 412M, Max: 4096K
[625.357s][info][gc,start       ] GC(56) Pause Degenerated GC (Outside of Cycle)
[625.357s][info][gc,task        ] GC(56) Using 4 of 4 workers for stw degenerated gc
[625.373s][info][gc,ref         ] GC(56) Clearing All SoftReferences
[625.489s][info][gc,ref         ] GC(56) Encountered references: Soft: 3301, Weak: 22618, Final: 34, Phantom: 833
[625.489s][info][gc,ref         ] GC(56) Discovered  references: Soft: 2939, Weak: 13651, Final: 0, Phantom: 651
[625.489s][info][gc,ref         ] GC(56) Enqueued    references: Soft: 2, Weak: 3, Final: 0, Phantom: 1
[625.496s][info][gc,ergo        ] GC(56) CSet Selection. Actual Free: 2792M, Max CSet: 2326M
[625.496s][info][gc,ergo        ] GC(56) Collectable Garbage: 7293M (99%), Immediate: 2380M (32%), CSet: 4913M (67%)
[625.595s][info][gc,ergo        ] GC(56) Good progress for free space: 7288M, need 83886K
[625.595s][info][gc,ergo        ] GC(56) Good progress for used space: 7288M, need 4096K
[625.595s][info][gc             ] GC(56) Pause Degenerated GC (Outside of Cycle) 7779M->491M(8192M) 238.034ms
[625.595s][info][gc,ergo        ] Free: 7276M, Max: 4096K regular, 6840M humongous, Frag: 6% external, 1% internal; Reserve: 412M, Max: 4096K
[625.595s][info][gc,stats       ] 
[625.595s][info][gc,stats       ] All times are wall-clock times, except per-root-class counters, that are sum over
[625.595s][info][gc,stats       ] all workers. Dividing the <total> over the root stage time estimates parallelism.
[625.595s][info][gc,stats       ] 
[625.595s][info][gc,stats       ] Pause Degenerated GC (G)         238126 us
[625.595s][info][gc,stats       ] Pause Degenerated GC (N)         238051 us
[625.595s][info][gc,stats       ]   Degen STW Mark                 115263 us, parallelism: 3.93x
[625.595s][info][gc,stats       ]     DSM: <total>                 453284 us
[625.595s][info][gc,stats       ]     DSM: Thread Roots               609 us, workers (us): 160, 159, 159, 130, 
[625.595s][info][gc,stats       ]     DSM: VM Strong Roots             36 us, workers (us):  13,  12,  11,   0, 
[625.595s][info][gc,stats       ]     DSM: CLDG Roots                 373 us, workers (us):  46,  46,  45, 235, 
[625.596s][info][gc,stats       ]     DSM: Parallel Mark           452266 us, workers (us): 113113, 113114, 113108, 112931, 
[625.596s][info][gc,stats       ]     System Purge                   7377 us
[625.596s][info][gc,stats       ]       Weak References              1201 us, parallelism: 1.13x
[625.596s][info][gc,stats       ]         WRP: <total>               1359 us
[625.596s][info][gc,stats       ]         WRP: Weak References       1359 us, workers (us):  31, 229, 1099,   0, 
[625.596s][info][gc,stats       ]       Unload Classes               5100 us, parallelism: 3.94x
[625.596s][info][gc,stats       ]         DCU: <total>              20084 us
[625.596s][info][gc,stats       ]         DCU: Unload Code Caches    20084 us, workers (us): 5030, 5030, 5031, 4993, 
[625.596s][info][gc,stats       ]       Weak Roots                    245 us, parallelism: 3.19x
[625.596s][info][gc,stats       ]         DWR: <total>                782 us
[625.596s][info][gc,stats       ]         DWR: VM Weak Roots          782 us, workers (us): 203, 203, 203, 172, 
[625.596s][info][gc,stats       ]       CLDG                            6 us
[625.596s][info][gc,stats       ]   Update Region States               71 us
[625.596s][info][gc,stats       ]   Manage GC/TLABs                     9 us
[625.596s][info][gc,stats       ]   Choose Collection Set              70 us
[625.596s][info][gc,stats       ]   Rebuild Free Set                   11 us
[625.596s][info][gc,stats       ]   Evacuation                      42315 us
[625.596s][info][gc,stats       ]   Manage GCLABs                       8 us
[625.596s][info][gc,stats       ]   Update References               49814 us
[625.596s][info][gc,stats       ]   Update Region States               23 us
[625.596s][info][gc,stats       ]   Trash Collection Set               14 us
[625.596s][info][gc,stats       ]   Rebuild Free Set                   11 us
[625.596s][info][gc,stats       ]   Degen Update Roots               5551 us, parallelism: 3.90x
[625.596s][info][gc,stats       ]     DU: <total>                   21623 us
[625.596s][info][gc,stats       ]     DU: Thread Roots                218 us, workers (us):   1,  51,  83,  83, 
[625.596s][info][gc,stats       ]     DU: Code Cache Roots          16637 us, workers (us): 4319, 4150, 4026, 4142, 
[625.596s][info][gc,stats       ]     DU: VM Strong Roots               7 us, workers (us):   2,   2,   2,   0, 
[625.596s][info][gc,stats       ]     DU: VM Weak Roots              4342 us, workers (us): 1092, 1092, 1093, 1064, 
[625.596s][info][gc,stats       ]     DU: CLDG Roots                  420 us, workers (us):  70,  95, 185,  70, 
[625.596s][info][gc,stats       ]   Cleanup                            50 us
[625.596s][info][gc,metaspace   ] Metaspace: 134417K(135552K)->134417K(135552K) NonClass: 113513K(114176K)->113513K(114176K) Class: 20903K(21376K)->20903K(21376K)
[636.551s][info][gc             ] Failed to allocate TLAB, 4096K
[636.551s][info][gc             ] Cancelling GC: Allocation Failure
[636.552s][info][gc             ] Trigger: Handle Allocation Failure
[636.552s][info][gc,ergo        ] Free: 0B, Max: 0B regular, 0B humongous, Frag: 0% external, 0% internal; Reserve: 412M, Max: 4096K
[636.552s][info][gc,start       ] GC(57) Pause Degenerated GC (Outside of Cycle)
[636.552s][info][gc,task        ] GC(57) Using 4 of 4 workers for stw degenerated gc
[636.568s][info][gc,ref         ] GC(57) Clearing All SoftReferences
[636.675s][info][gc,ref         ] GC(57) Encountered references: Soft: 3300, Weak: 22620, Final: 34, Phantom: 838
[636.675s][info][gc,ref         ] GC(57) Discovered  references: Soft: 2773, Weak: 12132, Final: 1, Phantom: 654
[636.675s][info][gc,ref         ] GC(57) Enqueued    references: Soft: 1, Weak: 3, Final: 0, Phantom: 0
[636.680s][info][gc,ergo        ] GC(57) CSet Selection. Actual Free: 2832M, Max CSet: 2360M
[636.680s][info][gc,ergo        ] GC(57) Collectable Garbage: 7313M (99%), Immediate: 2420M (32%), CSet: 4893M (66%)
[636.781s][info][gc,ergo        ] GC(57) Good progress for free space: 7308M, need 83886K
[636.781s][info][gc,ergo        ] GC(57) Good progress for used space: 7308M, need 4096K
[636.781s][info][gc             ] GC(57) Pause Degenerated GC (Outside of Cycle) 7779M->471M(8192M) 229.165ms
[636.781s][info][gc,ergo        ] Free: 7300M, Max: 4096K regular, 6860M humongous, Frag: 7% external, 1% internal; Reserve: 412M, Max: 4096K
[636.781s][info][gc,stats       ] 
[636.781s][info][gc,stats       ] All times are wall-clock times, except per-root-class counters, that are sum over
[636.781s][info][gc,stats       ] all workers. Dividing the <total> over the root stage time estimates parallelism.
[636.781s][info][gc,stats       ] 
[636.781s][info][gc,stats       ] Pause Degenerated GC (G)         229235 us
[636.781s][info][gc,stats       ] Pause Degenerated GC (N)         229182 us
[636.781s][info][gc,stats       ]   Degen STW Mark                 105898 us, parallelism: 3.92x
[636.781s][info][gc,stats       ]     DSM: <total>                 414864 us
[636.781s][info][gc,stats       ]     DSM: Thread Roots               731 us, workers (us): 186, 186, 185, 175, 
[636.781s][info][gc,stats       ]     DSM: VM Strong Roots             47 us, workers (us):  16,  14,   0,  17, 
[636.781s][info][gc,stats       ]     DSM: CLDG Roots                 603 us, workers (us): 102, 102, 298, 102, 
[636.781s][info][gc,stats       ]     DSM: Parallel Mark           413483 us, workers (us): 103423, 103422, 103229, 103409, 
[636.782s][info][gc,stats       ]     System Purge                   6574 us
[636.782s][info][gc,stats       ]       Weak References              1243 us, parallelism: 1.06x
[636.782s][info][gc,stats       ]         WRP: <total>               1323 us
[636.782s][info][gc,stats       ]         WRP: Weak References       1323 us, workers (us):  55, 103, 1165,   0, 
[636.782s][info][gc,stats       ]       Unload Classes               4844 us, parallelism: 3.94x
[636.782s][info][gc,stats       ]         DCU: <total>              19085 us
[636.782s][info][gc,stats       ]         DCU: Unload Code Caches    19085 us, workers (us): 4776, 4778, 4777, 4754, 
[636.782s][info][gc,stats       ]       Weak Roots                    198 us, parallelism: 3.76x
[636.782s][info][gc,stats       ]         DWR: <total>                745 us
[636.782s][info][gc,stats       ]         DWR: VM Weak Roots          745 us, workers (us): 187, 186, 186, 186, 
[636.782s][info][gc,stats       ]       CLDG                            2 us
[636.782s][info][gc,stats       ]   Update Region States               36 us
[636.782s][info][gc,stats       ]   Manage GC/TLABs                     9 us
[636.782s][info][gc,stats       ]   Choose Collection Set              64 us
[636.782s][info][gc,stats       ]   Rebuild Free Set                   11 us
[636.782s][info][gc,stats       ]   Evacuation                      34329 us
[636.782s][info][gc,stats       ]   Manage GCLABs                       6 us
[636.782s][info][gc,stats       ]   Update References               59360 us
[636.782s][info][gc,stats       ]   Update Region States               38 us
[636.782s][info][gc,stats       ]   Trash Collection Set               16 us
[636.782s][info][gc,stats       ]   Rebuild Free Set                   12 us
[636.782s][info][gc,stats       ]   Degen Update Roots               5374 us, parallelism: 3.92x
[636.782s][info][gc,stats       ]     DU: <total>                   21052 us
[636.782s][info][gc,stats       ]     DU: Thread Roots                152 us, workers (us):   1,  99,  46,   6, 
[636.782s][info][gc,stats       ]     DU: Code Cache Roots          16135 us, workers (us): 4145, 3880, 4050, 4061, 
[636.782s][info][gc,stats       ]     DU: VM Strong Roots               7 us, workers (us):   3,   2,   2,   0, 
[636.782s][info][gc,stats       ]     DU: VM Weak Roots              4327 us, workers (us): 1086, 1091, 1090, 1060, 
[636.782s][info][gc,stats       ]     DU: CLDG Roots                  430 us, workers (us):  73, 185,  68, 104, 
[636.782s][info][gc,stats       ]   Cleanup                            48 us
[636.782s][info][gc,metaspace   ] Metaspace: 134431K(135552K)->134431K(135552K) NonClass: 113528K(114176K)->113528K(114176K) Class: 20903K(21376K)->20903K(21376K)
[646.426s][info][gc             ] Failed to allocate TLAB, 4096K
[646.427s][info][gc             ] Cancelling GC: Allocation Failure
[646.427s][info][gc             ] Trigger: Handle Allocation Failure
[646.427s][info][gc,ergo        ] Free: 0B, Max: 0B regular, 0B humongous, Frag: 0% external, 0% internal; Reserve: 412M, Max: 4096K
[646.427s][info][gc,start       ] GC(58) Pause Degenerated GC (Outside of Cycle)
[646.427s][info][gc,task        ] GC(58) Using 4 of 4 workers for stw degenerated gc
[646.443s][info][gc,ref         ] GC(58) Clearing All SoftReferences
[646.571s][info][gc,ref         ] GC(58) Encountered references: Soft: 3306, Weak: 22624, Final: 34, Phantom: 841
[646.571s][info][gc,ref         ] GC(58) Discovered  references: Soft: 1338, Weak: 12304, Final: 0, Phantom: 629
[646.571s][info][gc,ref         ] GC(58) Enqueued    references: Soft: 7, Weak: 6, Final: 0, Phantom: 0
[646.578s][info][gc,ergo        ] GC(58) CSet Selection. Actual Free: 2652M, Max CSet: 2210M
[646.578s][info][gc,ergo        ] GC(58) Collectable Garbage: 7284M (99%), Immediate: 2240M (30%), CSet: 5044M (69%)
[646.689s][info][gc,ergo        ] GC(58) Good progress for free space: 7276M, need 83886K
[646.689s][info][gc,ergo        ] GC(58) Good progress for used space: 7276M, need 4096K
[646.689s][info][gc             ] GC(58) Pause Degenerated GC (Outside of Cycle) 7779M->503M(8192M) 262.507ms
[646.689s][info][gc,ergo        ] Free: 7264M, Max: 4096K regular, 6828M humongous, Frag: 7% external, 1% internal; Reserve: 412M, Max: 4096K
[646.689s][info][gc,stats       ] 
[646.689s][info][gc,stats       ] All times are wall-clock times, except per-root-class counters, that are sum over
[646.689s][info][gc,stats       ] all workers. Dividing the <total> over the root stage time estimates parallelism.
[646.689s][info][gc,stats       ] 
[646.689s][info][gc,stats       ] Pause Degenerated GC (G)         262633 us
[646.689s][info][gc,stats       ] Pause Degenerated GC (N)         262520 us
[646.690s][info][gc,stats       ]   Degen STW Mark                 127608 us, parallelism: 3.94x
[646.690s][info][gc,stats       ]     DSM: <total>                 502427 us
[646.690s][info][gc,stats       ]     DSM: Thread Roots               559 us, workers (us): 169, 135, 134, 121, 
[646.690s][info][gc,stats       ]     DSM: VM Strong Roots             42 us, workers (us):  16,  13,  13,   0, 
[646.690s][info][gc,stats       ]     DSM: CLDG Roots                 451 us, workers (us):  63,  63,  62, 264, 
[646.690s][info][gc,stats       ]     DSM: Parallel Mark           501375 us, workers (us): 125385, 125396, 125395, 125199, 
[646.690s][info][gc,stats       ]     System Purge                   7843 us
[646.690s][info][gc,stats       ]       Weak References              1153 us, parallelism: 1.09x
[646.690s][info][gc,stats       ]         WRP: <total>               1254 us
[646.690s][info][gc,stats       ]         WRP: Weak References       1254 us, workers (us): 127, 1042,  24,  61, 
[646.690s][info][gc,stats       ]       Unload Classes               5561 us, parallelism: 3.93x
[646.690s][info][gc,stats       ]         DCU: <total>              21862 us
[646.690s][info][gc,stats       ]         DCU: Unload Code Caches    21862 us, workers (us): 5495, 5480, 5443, 5444, 
[646.690s][info][gc,stats       ]       Weak Roots                    277 us, parallelism: 3.00x
[646.690s][info][gc,stats       ]         DWR: <total>                833 us
[646.690s][info][gc,stats       ]         DWR: VM Weak Roots          833 us, workers (us): 221, 221, 201, 190, 
[646.690s][info][gc,stats       ]       CLDG                            6 us
[646.690s][info][gc,stats       ]   Update Region States               45 us
[646.690s][info][gc,stats       ]   Manage GC/TLABs                    13 us
[646.690s][info][gc,stats       ]   Choose Collection Set              90 us
[646.690s][info][gc,stats       ]   Rebuild Free Set                   11 us
[646.690s][info][gc,stats       ]   Evacuation                      52371 us
[646.690s][info][gc,stats       ]   Manage GCLABs                       7 us
[646.690s][info][gc,stats       ]   Update References               51773 us
[646.690s][info][gc,stats       ]   Update Region States               59 us
[646.690s][info][gc,stats       ]   Trash Collection Set               17 us
[646.690s][info][gc,stats       ]   Rebuild Free Set                   12 us
[646.690s][info][gc,stats       ]   Degen Update Roots               5327 us, parallelism: 3.90x
[646.690s][info][gc,stats       ]     DU: <total>                   20769 us
[646.690s][info][gc,stats       ]     DU: Thread Roots                154 us, workers (us):   1,   1,  99,  53, 
[646.690s][info][gc,stats       ]     DU: Code Cache Roots          15886 us, workers (us): 4048, 4058, 3937, 3842, 
[646.690s][info][gc,stats       ]     DU: VM Strong Roots               7 us, workers (us):   2,   2,   2,   0, 
[646.690s][info][gc,stats       ]     DU: VM Weak Roots              4289 us, workers (us): 1082, 1078, 1078, 1051, 
[646.690s][info][gc,stats       ]     DU: CLDG Roots                  434 us, workers (us):  64,  94,  68, 208, 
[646.690s][info][gc,stats       ]   Cleanup                            49 us
[646.690s][info][gc,metaspace   ] Metaspace: 134442K(135552K)->134442K(135552K) NonClass: 113538K(114176K)->113538K(114176K) Class: 20903K(21376K)->20903K(21376K)
[655.809s][info][gc             ] Failed to allocate TLAB, 4096K
[655.809s][info][gc             ] Cancelling GC: Allocation Failure
[655.809s][info][gc             ] Trigger: Handle Allocation Failure
[655.809s][info][gc,ergo        ] Free: 0B, Max: 0B regular, 0B humongous, Frag: 0% external, 0% internal; Reserve: 412M, Max: 4096K
[655.809s][info][gc,start       ] GC(59) Pause Degenerated GC (Outside of Cycle)
[655.809s][info][gc,task        ] GC(59) Using 4 of 4 workers for stw degenerated gc
[655.823s][info][gc,ref         ] GC(59) Clearing All SoftReferences
[655.957s][info][gc,ref         ] GC(59) Encountered references: Soft: 3300, Weak: 22621, Final: 34, Phantom: 844
[655.957s][info][gc,ref         ] GC(59) Discovered  references: Soft: 2778, Weak: 12326, Final: 0, Phantom: 657
[655.957s][info][gc,ref         ] GC(59) Enqueued    references: Soft: 1, Weak: 2, Final: 0, Phantom: 0
[655.965s][info][gc,ergo        ] GC(59) CSet Selection. Actual Free: 2776M, Max CSet: 2313M
[655.965s][info][gc,ergo        ] GC(59) Collectable Garbage: 7290M (99%), Immediate: 2364M (32%), CSet: 4926M (67%)
[656.077s][info][gc,ergo        ] GC(59) Good progress for free space: 7284M, need 83886K
[656.077s][info][gc,ergo        ] GC(59) Good progress for used space: 7284M, need 4096K
[656.078s][info][gc             ] GC(59) Pause Degenerated GC (Outside of Cycle) 7779M->495M(8192M) 268.334ms
[656.078s][info][gc,ergo        ] Free: 7268M, Max: 4096K regular, 6836M humongous, Frag: 6% external, 1% internal; Reserve: 412M, Max: 4096K
[656.078s][info][gc,stats       ] 
[656.078s][info][gc,stats       ] All times are wall-clock times, except per-root-class counters, that are sum over
[656.078s][info][gc,stats       ] all workers. Dividing the <total> over the root stage time estimates parallelism.
[656.078s][info][gc,stats       ] 
[656.078s][info][gc,stats       ] Pause Degenerated GC (G)         268431 us
[656.078s][info][gc,stats       ] Pause Degenerated GC (N)         268353 us
[656.078s][info][gc,stats       ]   Degen STW Mark                 132910 us, parallelism: 3.92x
[656.078s][info][gc,stats       ]     DSM: <total>                 520943 us
[656.078s][info][gc,stats       ]     DSM: Thread Roots               668 us, workers (us): 177, 172, 172, 147, 
[656.078s][info][gc,stats       ]     DSM: VM Strong Roots             50 us, workers (us):   0,  13,  22,  15, 
[656.078s][info][gc,stats       ]     DSM: CLDG Roots                 414 us, workers (us): 257,  53,  51,  53, 
[656.078s][info][gc,stats       ]     DSM: Parallel Mark           519810 us, workers (us): 129807, 129998, 129989, 130017, 
[656.078s][info][gc,stats       ]     System Purge                   9239 us
[656.078s][info][gc,stats       ]       Weak References              1318 us, parallelism: 1.03x
[656.078s][info][gc,stats       ]         WRP: <total>               1352 us
[656.078s][info][gc,stats       ]         WRP: Weak References       1352 us, workers (us):  39, 100, 1177,  36, 
[656.078s][info][gc,stats       ]       Unload Classes               7056 us, parallelism: 3.93x
[656.078s][info][gc,stats       ]         DCU: <total>              27729 us
[656.078s][info][gc,stats       ]         DCU: Unload Code Caches    27729 us, workers (us): 6936, 6942, 6936, 6915, 
[656.078s][info][gc,stats       ]       Weak Roots                    276 us, parallelism: 3.32x
[656.078s][info][gc,stats       ]         DWR: <total>                918 us
[656.078s][info][gc,stats       ]         DWR: VM Weak Roots          918 us, workers (us): 237, 237, 236, 207, 
[656.078s][info][gc,stats       ]       CLDG                            6 us
[656.078s][info][gc,stats       ]   Update Region States               86 us
[656.078s][info][gc,stats       ]   Manage GC/TLABs                    10 us
[656.078s][info][gc,stats       ]   Choose Collection Set              88 us
[656.078s][info][gc,stats       ]   Rebuild Free Set                   12 us
[656.078s][info][gc,stats       ]   Evacuation                      48922 us
[656.078s][info][gc,stats       ]   Manage GCLABs                       7 us
[656.078s][info][gc,stats       ]   Update References               53042 us
[656.078s][info][gc,stats       ]   Update Region States               57 us
[656.078s][info][gc,stats       ]   Trash Collection Set               16 us
[656.078s][info][gc,stats       ]   Rebuild Free Set                   12 us
[656.078s][info][gc,stats       ]   Degen Update Roots               7826 us, parallelism: 3.93x
[656.078s][info][gc,stats       ]     DU: <total>                   30767 us
[656.078s][info][gc,stats       ]     DU: Thread Roots                177 us, workers (us):  72, 103,   1,   1, 
[656.078s][info][gc,stats       ]     DU: Code Cache Roots          24160 us, workers (us): 5851, 6019, 6139, 6151, 
[656.078s][info][gc,stats       ]     DU: VM Strong Roots               8 us, workers (us):   3,   3,   2,   0, 
[656.078s][info][gc,stats       ]     DU: VM Weak Roots              5834 us, workers (us): 1467, 1466, 1466, 1434, 
[656.078s][info][gc,stats       ]     DU: CLDG Roots                  588 us, workers (us): 282,  85, 133,  88, 
[656.078s][info][gc,stats       ]   Cleanup                            58 us
[656.078s][info][gc,metaspace   ] Metaspace: 134444K(135552K)->134444K(135552K) NonClass: 113541K(114176K)->113541K(114176K) Class: 20903K(21376K)->20903K(21376K)
[665.734s][info][gc             ] Failed to allocate TLAB, 4096K
[665.734s][info][gc             ] Cancelling GC: Allocation Failure
[665.734s][info][gc             ] Trigger: Handle Allocation Failure
[665.734s][info][gc,ergo        ] Free: 0B, Max: 0B regular, 0B humongous, Frag: 0% external, 0% internal; Reserve: 412M, Max: 4096K
[665.734s][info][gc,start       ] GC(60) Pause Degenerated GC (Outside of Cycle)
[665.735s][info][gc,task        ] GC(60) Using 4 of 4 workers for stw degenerated gc
[665.751s][info][gc,ref         ] GC(60) Clearing All SoftReferences
[665.891s][info][gc,ref         ] GC(60) Encountered references: Soft: 3300, Weak: 22622, Final: 34, Phantom: 847
[665.891s][info][gc,ref         ] GC(60) Discovered  references: Soft: 2771, Weak: 12216, Final: 0, Phantom: 660
[665.891s][info][gc,ref         ] GC(60) Enqueued    references: Soft: 1, Weak: 2, Final: 0, Phantom: 0
[665.903s][info][gc,ergo        ] GC(60) CSet Selection. Actual Free: 2064M, Max CSet: 1720M
[665.903s][info][gc,ergo        ] GC(60) Collectable Garbage: 7294M (99%), Immediate: 1652M (22%), CSet: 5642M (77%)
[666.048s][info][gc,ergo        ] GC(60) Good progress for free space: 7288M, need 83886K
[666.048s][info][gc,ergo        ] GC(60) Good progress for used space: 7288M, need 4096K
[666.048s][info][gc             ] GC(60) Pause Degenerated GC (Outside of Cycle) 7779M->491M(8192M) 313.185ms
[666.048s][info][gc,ergo        ] Free: 7276M, Max: 4096K regular, 6840M humongous, Frag: 6% external, 1% internal; Reserve: 412M, Max: 4096K
[666.048s][info][gc,stats       ] 
[666.048s][info][gc,stats       ] All times are wall-clock times, except per-root-class counters, that are sum over
[666.048s][info][gc,stats       ] all workers. Dividing the <total> over the root stage time estimates parallelism.
[666.048s][info][gc,stats       ] 
[666.048s][info][gc,stats       ] Pause Degenerated GC (G)         313270 us
[666.048s][info][gc,stats       ] Pause Degenerated GC (N)         313199 us
[666.048s][info][gc,stats       ]   Degen STW Mark                 137981 us, parallelism: 3.89x
[666.048s][info][gc,stats       ]     DSM: <total>                 536586 us
[666.048s][info][gc,stats       ]     DSM: Thread Roots               944 us, workers (us): 241, 241, 248, 214, 
[666.048s][info][gc,stats       ]     DSM: VM Strong Roots             54 us, workers (us):  20,   0,  17,  17, 
[666.048s][info][gc,stats       ]     DSM: CLDG Roots                 778 us, workers (us): 130, 396, 122, 130, 
[666.048s][info][gc,stats       ]     DSM: Parallel Mark           534809 us, workers (us): 133779, 133505, 133771, 133754, 
[666.048s][info][gc,stats       ]     System Purge                  13641 us
[666.048s][info][gc,stats       ]       Weak References              1983 us, parallelism: 1.19x
[666.048s][info][gc,stats       ]         WRP: <total>               2355 us
[666.048s][info][gc,stats       ]         WRP: Weak References       2355 us, workers (us): 1844, 160, 350,   0, 
[666.048s][info][gc,stats       ]       Unload Classes              10511 us, parallelism: 3.96x
[666.048s][info][gc,stats       ]         DCU: <total>              41593 us
[666.048s][info][gc,stats       ]         DCU: Unload Code Caches    41593 us, workers (us): 10402, 10421, 10395, 10376, 
[666.048s][info][gc,stats       ]       Weak Roots                    394 us, parallelism: 3.28x
[666.048s][info][gc,stats       ]         DWR: <total>               1292 us
[666.048s][info][gc,stats       ]         DWR: VM Weak Roots         1292 us, workers (us): 330, 331, 330, 301, 
[666.048s][info][gc,stats       ]       CLDG                            8 us
[666.048s][info][gc,stats       ]   Update Region States               84 us
[666.048s][info][gc,stats       ]   Manage GC/TLABs                    20 us
[666.048s][info][gc,stats       ]   Choose Collection Set             131 us
[666.048s][info][gc,stats       ]   Rebuild Free Set                   12 us
[666.048s][info][gc,stats       ]   Evacuation                      66208 us
[666.048s][info][gc,stats       ]   Manage GCLABs                      13 us
[666.048s][info][gc,stats       ]   Update References               68029 us
[666.048s][info][gc,stats       ]   Update Region States               50 us
[666.048s][info][gc,stats       ]   Trash Collection Set               18 us
[666.048s][info][gc,stats       ]   Rebuild Free Set                   12 us
[666.048s][info][gc,stats       ]   Degen Update Roots               6617 us, parallelism: 3.86x
[666.048s][info][gc,stats       ]     DU: <total>                   25548 us
[666.048s][info][gc,stats       ]     DU: Thread Roots                285 us, workers (us):   1, 124, 158,   1, 
[666.048s][info][gc,stats       ]     DU: Code Cache Roots          19276 us, workers (us): 4922, 4607, 4752, 4996, 
[666.048s][info][gc,stats       ]     DU: VM Strong Roots              12 us, workers (us):   3,   3,   3,   3, 
[666.048s][info][gc,stats       ]     DU: VM Weak Roots              5461 us, workers (us): 1366, 1365, 1366, 1365, 
[666.048s][info][gc,stats       ]     DU: CLDG Roots                  515 us, workers (us): 112, 255,  73,  75, 
[666.048s][info][gc,stats       ]   Cleanup                            60 us
[666.048s][info][gc,metaspace   ] Metaspace: 134446K(135552K)->134446K(135552K) NonClass: 113542K(114176K)->113542K(114176K) Class: 20903K(21376K)->20903K(21376K)
[677.314s][info][gc             ] Failed to allocate TLAB, 4096K
[677.314s][info][gc             ] Cancelling GC: Allocation Failure
[677.314s][info][gc             ] Trigger: Handle Allocation Failure
[677.314s][info][gc,ergo        ] Free: 0B, Max: 0B regular, 0B humongous, Frag: 0% external, 0% internal; Reserve: 412M, Max: 4096K
[677.315s][info][gc,start       ] GC(61) Pause Degenerated GC (Outside of Cycle)
[677.315s][info][gc,task        ] GC(61) Using 4 of 4 workers for stw degenerated gc
[677.330s][info][gc,ref         ] GC(61) Clearing All SoftReferences
[677.451s][info][gc,ref         ] GC(61) Encountered references: Soft: 3306, Weak: 22627, Final: 34, Phantom: 850
[677.451s][info][gc,ref         ] GC(61) Discovered  references: Soft: 2781, Weak: 12062, Final: 0, Phantom: 634
[677.451s][info][gc,ref         ] GC(61) Enqueued    references: Soft: 7, Weak: 6, Final: 0, Phantom: 0
[677.458s][info][gc,ergo        ] GC(61) CSet Selection. Actual Free: 2780M, Max CSet: 2316M
[677.459s][info][gc,ergo        ] GC(61) Collectable Garbage: 7322M (99%), Immediate: 2368M (32%), CSet: 4954M (67%)
[677.571s][info][gc,ergo        ] GC(61) Good progress for free space: 7316M, need 83886K
[677.571s][info][gc,ergo        ] GC(61) Good progress for used space: 7316M, need 4096K
[677.571s][info][gc             ] GC(61) Pause Degenerated GC (Outside of Cycle) 7779M->463M(8192M) 256.105ms
[677.571s][info][gc,ergo        ] Free: 7308M, Max: 4096K regular, 6868M humongous, Frag: 7% external, 1% internal; Reserve: 412M, Max: 4096K
[677.571s][info][gc,stats       ] 
[677.571s][info][gc,stats       ] All times are wall-clock times, except per-root-class counters, that are sum over
[677.571s][info][gc,stats       ] all workers. Dividing the <total> over the root stage time estimates parallelism.
[677.571s][info][gc,stats       ] 
[677.571s][info][gc,stats       ] Pause Degenerated GC (G)         256156 us
[677.571s][info][gc,stats       ] Pause Degenerated GC (N)         256120 us
[677.571s][info][gc,stats       ]   Degen STW Mark                 118482 us, parallelism: 3.91x
[677.571s][info][gc,stats       ]     DSM: <total>                 463576 us
[677.571s][info][gc,stats       ]     DSM: Thread Roots               513 us, workers (us): 136, 136, 136, 105, 
[677.571s][info][gc,stats       ]     DSM: VM Strong Roots             41 us, workers (us):  15,   0,  13,  13, 
[677.571s][info][gc,stats       ]     DSM: CLDG Roots                 405 us, workers (us):  56, 236,  56,  56, 
[677.571s][info][gc,stats       ]     DSM: Parallel Mark           462617 us, workers (us): 115698, 115525, 115693, 115701, 
[677.571s][info][gc,stats       ]     System Purge                   9642 us
[677.571s][info][gc,stats       ]       Weak References              2292 us, parallelism: 1.05x
[677.571s][info][gc,stats       ]         WRP: <total>               2411 us
[677.571s][info][gc,stats       ]         WRP: Weak References       2411 us, workers (us): 2175,  72, 165,   0, 
[677.571s][info][gc,stats       ]       Unload Classes               6133 us, parallelism: 3.90x
[677.571s][info][gc,stats       ]         DCU: <total>              23947 us
[677.571s][info][gc,stats       ]         DCU: Unload Code Caches    23947 us, workers (us): 6001, 6008, 5965, 5973, 
[677.571s][info][gc,stats       ]       Weak Roots                    490 us, parallelism: 3.72x
[677.571s][info][gc,stats       ]         DWR: <total>               1824 us
[677.571s][info][gc,stats       ]         DWR: VM Weak Roots         1824 us, workers (us): 474, 472, 439, 438, 
[677.571s][info][gc,stats       ]       CLDG                            5 us
[677.571s][info][gc,stats       ]   Update Region States               55 us
[677.571s][info][gc,stats       ]   Manage GC/TLABs                     8 us
[677.571s][info][gc,stats       ]   Choose Collection Set              79 us
[677.571s][info][gc,stats       ]   Rebuild Free Set                   11 us
[677.571s][info][gc,stats       ]   Evacuation                      42662 us
[677.571s][info][gc,stats       ]   Manage GCLABs                      15 us
[677.571s][info][gc,stats       ]   Update References               60979 us
[677.571s][info][gc,stats       ]   Update Region States               54 us
[677.571s][info][gc,stats       ]   Trash Collection Set               14 us
[677.571s][info][gc,stats       ]   Rebuild Free Set                   12 us
[677.571s][info][gc,stats       ]   Degen Update Roots               6093 us, parallelism: 3.93x
[677.571s][info][gc,stats       ]     DU: <total>                   23922 us
[677.571s][info][gc,stats       ]     DU: Thread Roots                193 us, workers (us):  97,   1,   1,  94, 
[677.571s][info][gc,stats       ]     DU: Code Cache Roots          17610 us, workers (us): 4252, 4492, 4521, 4345, 
[677.571s][info][gc,stats       ]     DU: VM Strong Roots               7 us, workers (us):   3,   3,   2,   0, 
[677.571s][info][gc,stats       ]     DU: VM Weak Roots              5663 us, workers (us): 1422, 1421, 1422, 1397, 
[677.571s][info][gc,stats       ]     DU: CLDG Roots                  449 us, workers (us): 196,  75,  74, 105, 
[677.571s][info][gc,stats       ]   Cleanup                            55 us
[677.571s][info][gc,metaspace   ] Metaspace: 134482K(135616K)->134482K(135616K) NonClass: 113579K(114240K)->113579K(114240K) Class: 20903K(21376K)->20903K(21376K)
[686.553s][info][gc             ] Failed to allocate TLAB, 4096K
[686.553s][info][gc             ] Cancelling GC: Allocation Failure
[686.554s][info][gc             ] Trigger: Handle Allocation Failure
[686.554s][info][gc,ergo        ] Free: 0B, Max: 0B regular, 0B humongous, Frag: 0% external, 0% internal; Reserve: 412M, Max: 4096K
[686.554s][info][gc,start       ] GC(62) Pause Degenerated GC (Outside of Cycle)
[686.554s][info][gc,task        ] GC(62) Using 4 of 4 workers for stw degenerated gc
[686.570s][info][gc,ref         ] GC(62) Clearing All SoftReferences
[686.714s][info][gc,ref         ] GC(62) Encountered references: Soft: 3301, Weak: 22624, Final: 34, Phantom: 854
[686.714s][info][gc,ref         ] GC(62) Discovered  references: Soft: 1543, Weak: 12333, Final: 0, Phantom: 637
[686.714s][info][gc,ref         ] GC(62) Enqueued    references: Soft: 2, Weak: 2, Final: 0, Phantom: 0
[686.721s][info][gc,ergo        ] GC(62) CSet Selection. Actual Free: 2888M, Max CSet: 2406M
[686.721s][info][gc,ergo        ] GC(62) Collectable Garbage: 7305M (99%), Immediate: 2476M (33%), CSet: 4829M (65%)
[686.822s][info][gc,ergo        ] GC(62) Good progress for free space: 7296M, need 83886K
[686.822s][info][gc,ergo        ] GC(62) Good progress for used space: 7296M, need 4096K
[686.822s][info][gc             ] GC(62) Pause Degenerated GC (Outside of Cycle) 7779M->483M(8192M) 268.781ms
[686.822s][info][gc,ergo        ] Free: 7284M, Max: 4096K regular, 6848M humongous, Frag: 6% external, 1% internal; Reserve: 412M, Max: 4096K
[686.822s][info][gc,stats       ] 
[686.822s][info][gc,stats       ] All times are wall-clock times, except per-root-class counters, that are sum over
[686.822s][info][gc,stats       ] all workers. Dividing the <total> over the root stage time estimates parallelism.
[686.822s][info][gc,stats       ] 
[686.822s][info][gc,stats       ] Pause Degenerated GC (G)         268841 us
[686.823s][info][gc,stats       ] Pause Degenerated GC (N)         268797 us
[686.823s][info][gc,stats       ]   Degen STW Mark                 142617 us, parallelism: 3.88x
[686.823s][info][gc,stats       ]     DSM: <total>                 553315 us
[686.823s][info][gc,stats       ]     DSM: Thread Roots               600 us, workers (us): 157, 157, 157, 128, 
[686.823s][info][gc,stats       ]     DSM: VM Strong Roots             40 us, workers (us):  13,  12,  15,   0, 
[686.823s][info][gc,stats       ]     DSM: CLDG Roots                 553 us, workers (us):  78,  78,  79, 317, 
[686.823s][info][gc,stats       ]     DSM: Parallel Mark           552123 us, workers (us): 138094, 138104, 138075, 137850, 
[686.823s][info][gc,stats       ]     System Purge                   8608 us
[686.823s][info][gc,stats       ]       Weak References              1773 us, parallelism: 1.09x
[686.823s][info][gc,stats       ]         WRP: <total>               1930 us
[686.823s][info][gc,stats       ]         WRP: Weak References       1930 us, workers (us):  83, 1653, 125,  68, 
[686.823s][info][gc,stats       ]       Unload Classes               5762 us, parallelism: 3.93x
[686.823s][info][gc,stats       ]         DCU: <total>              22664 us
[686.823s][info][gc,stats       ]         DCU: Unload Code Caches    22664 us, workers (us): 5691, 5678, 5654, 5641, 
[686.823s][info][gc,stats       ]       Weak Roots                    430 us, parallelism: 3.24x
[686.823s][info][gc,stats       ]         DWR: <total>               1392 us
[686.823s][info][gc,stats       ]         DWR: VM Weak Roots         1392 us, workers (us): 366, 365, 331, 330, 
[686.823s][info][gc,stats       ]       CLDG                            7 us
[686.823s][info][gc,stats       ]   Update Region States               75 us
[686.823s][info][gc,stats       ]   Manage GC/TLABs                    12 us
[686.823s][info][gc,stats       ]   Choose Collection Set              98 us
[686.823s][info][gc,stats       ]   Rebuild Free Set                   11 us
[686.823s][info][gc,stats       ]   Evacuation                      46157 us
[686.823s][info][gc,stats       ]   Manage GCLABs                       7 us
[686.823s][info][gc,stats       ]   Update References               48331 us
[686.823s][info][gc,stats       ]   Update Region States               24 us
[686.823s][info][gc,stats       ]   Trash Collection Set               15 us
[686.823s][info][gc,stats       ]   Rebuild Free Set                   11 us
[686.823s][info][gc,stats       ]   Degen Update Roots               5386 us, parallelism: 3.88x
[686.823s][info][gc,stats       ]     DU: <total>                   20894 us
[686.823s][info][gc,stats       ]     DU: Thread Roots                155 us, workers (us):  76,   1,  77,   1, 
[686.823s][info][gc,stats       ]     DU: Code Cache Roots          16022 us, workers (us): 3841, 4100, 3954, 4127, 
[686.823s][info][gc,stats       ]     DU: VM Strong Roots               6 us, workers (us):   3,   3,   0,   0, 
[686.823s][info][gc,stats       ]     DU: VM Weak Roots              4288 us, workers (us): 1089, 1088, 1056, 1055, 
[686.823s][info][gc,stats       ]     DU: CLDG Roots                  423 us, workers (us): 183,  71,  69, 100, 
[686.823s][info][gc,stats       ]   Cleanup                            47 us
[686.823s][info][gc,metaspace   ] Metaspace: 134505K(135616K)->134505K(135616K) NonClass: 113601K(114240K)->113601K(114240K) Class: 20903K(21376K)->20903K(21376K)
[695.984s][info][gc             ] Failed to allocate TLAB, 4096K
[695.984s][info][gc             ] Cancelling GC: Allocation Failure
[695.985s][info][gc             ] Trigger: Handle Allocation Failure
[695.985s][info][gc,ergo        ] Free: 0B, Max: 0B regular, 0B humongous, Frag: 0% external, 0% internal; Reserve: 412M, Max: 4096K
[695.985s][info][gc,start       ] GC(63) Pause Degenerated GC (Outside of Cycle)
[695.985s][info][gc,task        ] GC(63) Using 4 of 4 workers for stw degenerated gc
[695.997s][info][gc,ref         ] GC(63) Clearing All SoftReferences
[696.120s][info][gc,ref         ] GC(63) Encountered references: Soft: 3300, Weak: 22625, Final: 34, Phantom: 856
[696.120s][info][gc,ref         ] GC(63) Discovered  references: Soft: 2768, Weak: 12354, Final: 0, Phantom: 666
[696.120s][info][gc,ref         ] GC(63) Enqueued    references: Soft: 1, Weak: 2, Final: 0, Phantom: 0
[696.126s][info][gc,ergo        ] GC(63) CSet Selection. Actual Free: 2248M, Max CSet: 1873M
[696.126s][info][gc,ergo        ] GC(63) Collectable Garbage: 7302M (99%), Immediate: 1836M (25%), CSet: 5466M (74%)
[696.229s][info][gc,ergo        ] GC(63) Good progress for free space: 7292M, need 83886K
[696.229s][info][gc,ergo        ] GC(63) Good progress for used space: 7292M, need 4096K
[696.229s][info][gc             ] GC(63) Pause Degenerated GC (Outside of Cycle) 7779M->487M(8192M) 244.747ms
[696.229s][info][gc,ergo        ] Free: 7280M, Max: 4096K regular, 6844M humongous, Frag: 6% external, 1% internal; Reserve: 412M, Max: 4096K
[696.229s][info][gc,stats       ] 
[696.229s][info][gc,stats       ] All times are wall-clock times, except per-root-class counters, that are sum over
[696.230s][info][gc,stats       ] all workers. Dividing the <total> over the root stage time estimates parallelism.
[696.230s][info][gc,stats       ] 
[696.230s][info][gc,stats       ] Pause Degenerated GC (G)         244844 us
[696.230s][info][gc,stats       ] Pause Degenerated GC (N)         244760 us
[696.230s][info][gc,stats       ]   Degen STW Mark                 122383 us, parallelism: 3.94x
[696.230s][info][gc,stats       ]     DSM: <total>                 481670 us
[696.230s][info][gc,stats       ]     DSM: Thread Roots               460 us, workers (us): 123, 125, 121,  91, 
[696.230s][info][gc,stats       ]     DSM: VM Strong Roots             28 us, workers (us):   9,  11,   0,   9, 
[696.230s][info][gc,stats       ]     DSM: CLDG Roots                 294 us, workers (us):  39,  37, 180,  38, 
[696.230s][info][gc,stats       ]     DSM: Parallel Mark           480888 us, workers (us): 120262, 120252, 120121, 120254, 
[696.230s][info][gc,stats       ]     System Purge                   7134 us
[696.230s][info][gc,stats       ]       Weak References              1190 us, parallelism: 1.03x
[696.230s][info][gc,stats       ]         WRP: <total>               1226 us
[696.230s][info][gc,stats       ]         WRP: Weak References       1226 us, workers (us): 110, 1116,   0,   0, 
[696.230s][info][gc,stats       ]       Unload Classes               5181 us, parallelism: 3.92x
[696.230s][info][gc,stats       ]         DCU: <total>              20329 us
[696.230s][info][gc,stats       ]         DCU: Unload Code Caches    20329 us, workers (us): 5086, 5079, 5076, 5088, 
[696.230s][info][gc,stats       ]       Weak Roots                    272 us, parallelism: 2.90x
[696.230s][info][gc,stats       ]         DWR: <total>                786 us
[696.230s][info][gc,stats       ]         DWR: VM Weak Roots          786 us, workers (us): 204, 204, 203, 176, 
[696.230s][info][gc,stats       ]       CLDG                            5 us
[696.230s][info][gc,stats       ]   Update Region States               69 us
[696.230s][info][gc,stats       ]   Manage GC/TLABs                     9 us
[696.230s][info][gc,stats       ]   Choose Collection Set              78 us
[696.230s][info][gc,stats       ]   Rebuild Free Set                   11 us
[696.230s][info][gc,stats       ]   Evacuation                      40666 us
[696.230s][info][gc,stats       ]   Manage GCLABs                      16 us
[696.230s][info][gc,stats       ]   Update References               55096 us
[696.230s][info][gc,stats       ]   Update Region States               66 us
[696.230s][info][gc,stats       ]   Trash Collection Set               12 us
[696.230s][info][gc,stats       ]   Rebuild Free Set                   12 us
[696.230s][info][gc,stats       ]   Degen Update Roots               5603 us, parallelism: 3.88x
[696.230s][info][gc,stats       ]     DU: <total>                   21726 us
[696.230s][info][gc,stats       ]     DU: Thread Roots                154 us, workers (us): 109,   2,  42,   1, 
[696.230s][info][gc,stats       ]     DU: Code Cache Roots          16234 us, workers (us): 4017, 4123, 3939, 4154, 
[696.230s][info][gc,stats       ]     DU: VM Strong Roots               6 us, workers (us):   6,   0,   0,   0, 
[696.230s][info][gc,stats       ]     DU: VM Weak Roots              4875 us, workers (us): 1244, 1231, 1201, 1199, 
[696.230s][info][gc,stats       ]     DU: CLDG Roots                  458 us, workers (us):  71,  73, 215,  98, 
[696.230s][info][gc,stats       ]   Cleanup                            54 us
[696.230s][info][gc,metaspace   ] Metaspace: 134511K(135616K)->134511K(135616K) NonClass: 113607K(114240K)->113607K(114240K) Class: 20903K(21376K)->20903K(21376K)
[706.805s][info][gc             ] Failed to allocate TLAB, 4096K
[706.805s][info][gc             ] Cancelling GC: Allocation Failure
[706.805s][info][gc             ] Trigger: Handle Allocation Failure
[706.805s][info][gc,ergo        ] Free: 0B, Max: 0B regular, 0B humongous, Frag: 0% external, 0% internal; Reserve: 412M, Max: 4096K
[706.805s][info][gc,start       ] GC(64) Pause Degenerated GC (Outside of Cycle)
[706.805s][info][gc,task        ] GC(64) Using 4 of 4 workers for stw degenerated gc
[706.820s][info][gc,ref         ] GC(64) Clearing All SoftReferences
[706.930s][info][gc,ref         ] GC(64) Encountered references: Soft: 3307, Weak: 22632, Final: 34, Phantom: 862
[706.930s][info][gc,ref         ] GC(64) Discovered  references: Soft: 2781, Weak: 12429, Final: 0, Phantom: 643
[706.930s][info][gc,ref         ] GC(64) Enqueued    references: Soft: 8, Weak: 7, Final: 0, Phantom: 0
[706.936s][info][gc,ergo        ] GC(64) CSet Selection. Actual Free: 2520M, Max CSet: 2100M
[706.936s][info][gc,ergo        ] GC(64) Collectable Garbage: 7301M (99%), Immediate: 2108M (28%), CSet: 5193M (70%)
[707.030s][info][gc,ergo        ] GC(64) Good progress for free space: 7292M, need 83886K
[707.030s][info][gc,ergo        ] GC(64) Good progress for used space: 7292M, need 4096K
[707.030s][info][gc             ] GC(64) Pause Degenerated GC (Outside of Cycle) 7779M->487M(8192M) 225.460ms
[707.030s][info][gc,ergo        ] Free: 7280M, Max: 4096K regular, 6844M humongous, Frag: 6% external, 1% internal; Reserve: 412M, Max: 4096K
[707.030s][info][gc,stats       ] 
[707.030s][info][gc,stats       ] All times are wall-clock times, except per-root-class counters, that are sum over
[707.030s][info][gc,stats       ] all workers. Dividing the <total> over the root stage time estimates parallelism.
[707.031s][info][gc,stats       ] 
[707.031s][info][gc,stats       ] Pause Degenerated GC (G)         225547 us
[707.031s][info][gc,stats       ] Pause Degenerated GC (N)         225474 us
[707.031s][info][gc,stats       ]   Degen STW Mark                 109011 us, parallelism: 3.89x
[707.031s][info][gc,stats       ]     DSM: <total>                 423752 us
[707.031s][info][gc,stats       ]     DSM: Thread Roots               397 us, workers (us): 134,  93,  93,  76, 
[707.031s][info][gc,stats       ]     DSM: VM Strong Roots             34 us, workers (us):  12,  12,   0,  10, 
[707.031s][info][gc,stats       ]     DSM: CLDG Roots                 516 us, workers (us):  63,  63, 327,  63, 
[707.031s][info][gc,stats       ]     DSM: Parallel Mark           422805 us, workers (us): 105763, 105760, 105509, 105773, 
[707.031s][info][gc,stats       ]     System Purge                   7647 us
[707.031s][info][gc,stats       ]       Weak References              1437 us, parallelism: 1.15x
[707.031s][info][gc,stats       ]         WRP: <total>               1649 us
[707.031s][info][gc,stats       ]         WRP: Weak References       1649 us, workers (us): 1320,  93,  70, 166, 
[707.031s][info][gc,stats       ]       Unload Classes               5448 us, parallelism: 3.91x
[707.031s][info][gc,stats       ]         DCU: <total>              21292 us
[707.031s][info][gc,stats       ]         DCU: Unload Code Caches    21292 us, workers (us): 5335, 5347, 5314, 5297, 
[707.031s][info][gc,stats       ]       Weak Roots                    347 us, parallelism: 3.34x
[707.031s][info][gc,stats       ]         DWR: <total>               1158 us
[707.031s][info][gc,stats       ]         DWR: VM Weak Roots         1158 us, workers (us): 308, 306, 279, 266, 
[707.031s][info][gc,stats       ]       CLDG                            3 us
[707.031s][info][gc,stats       ]   Update Region States               78 us
[707.031s][info][gc,stats       ]   Manage GC/TLABs                     9 us
[707.031s][info][gc,stats       ]   Choose Collection Set              73 us
[707.031s][info][gc,stats       ]   Rebuild Free Set                   11 us
[707.031s][info][gc,stats       ]   Evacuation                      37824 us
[707.031s][info][gc,stats       ]   Manage GCLABs                       7 us
[707.031s][info][gc,stats       ]   Update References               48602 us
[707.031s][info][gc,stats       ]   Update Region States               22 us
[707.031s][info][gc,stats       ]   Trash Collection Set               17 us
[707.031s][info][gc,stats       ]   Rebuild Free Set                   11 us
[707.031s][info][gc,stats       ]   Degen Update Roots               5617 us, parallelism: 3.92x
[707.031s][info][gc,stats       ]     DU: <total>                   22030 us
[707.031s][info][gc,stats       ]     DU: Thread Roots                156 us, workers (us):   1,  47,  21,  87, 
[707.031s][info][gc,stats       ]     DU: Code Cache Roots          16562 us, workers (us): 4250, 4143, 4196, 3973, 
[707.031s][info][gc,stats       ]     DU: VM Strong Roots               8 us, workers (us):   4,   4,   0,   0, 
[707.031s][info][gc,stats       ]     DU: VM Weak Roots              4834 us, workers (us): 1223, 1223, 1193, 1194, 
[707.031s][info][gc,stats       ]     DU: CLDG Roots                  471 us, workers (us):  72, 100,  72, 227, 
[707.031s][info][gc,stats       ]   Cleanup                            51 us
[707.031s][info][gc,metaspace   ] Metaspace: 134516K(135616K)->134516K(135616K) NonClass: 113611K(114240K)->113611K(114240K) Class: 20905K(21376K)->20905K(21376K)
[716.911s][info][gc             ] Failed to allocate TLAB, 4096K
[716.911s][info][gc             ] Cancelling GC: Allocation Failure
[716.911s][info][gc             ] Trigger: Handle Allocation Failure
[716.911s][info][gc,ergo        ] Free: 0B, Max: 0B regular, 0B humongous, Frag: 0% external, 0% internal; Reserve: 412M, Max: 4096K
[716.911s][info][gc,start       ] GC(65) Pause Degenerated GC (Outside of Cycle)
[716.911s][info][gc,task        ] GC(65) Using 4 of 4 workers for stw degenerated gc
[716.922s][info][gc,ref         ] GC(65) Clearing All SoftReferences
[717.028s][info][gc,ref         ] GC(65) Encountered references: Soft: 3300, Weak: 22628, Final: 34, Phantom: 865
[717.028s][info][gc,ref         ] GC(65) Discovered  references: Soft: 783, Weak: 12273, Final: 34, Phantom: 673
[717.028s][info][gc,ref         ] GC(65) Enqueued    references: Soft: 1, Weak: 2, Final: 0, Phantom: 0
[717.034s][info][gc,ergo        ] GC(65) CSet Selection. Actual Free: 3040M, Max CSet: 2533M
[717.034s][info][gc,ergo        ] GC(65) Collectable Garbage: 7314M (99%), Immediate: 2628M (35%), CSet: 4686M (63%)
[717.129s][info][gc,ergo        ] GC(65) Good progress for free space: 7308M, need 83886K
[717.129s][info][gc,ergo        ] GC(65) Good progress for used space: 7308M, need 4096K
[717.129s][info][gc             ] GC(65) Pause Degenerated GC (Outside of Cycle) 7779M->471M(8192M) 218.048ms
[717.130s][info][gc,ergo        ] Free: 7300M, Max: 4096K regular, 6860M humongous, Frag: 7% external, 1% internal; Reserve: 412M, Max: 4096K
[717.130s][info][gc,stats       ] 
[717.130s][info][gc,stats       ] All times are wall-clock times, except per-root-class counters, that are sum over
[717.130s][info][gc,stats       ] all workers. Dividing the <total> over the root stage time estimates parallelism.
[717.130s][info][gc,stats       ] 
[717.130s][info][gc,stats       ] Pause Degenerated GC (G)         218179 us
[717.130s][info][gc,stats       ] Pause Degenerated GC (N)         218061 us
[717.130s][info][gc,stats       ]   Degen STW Mark                 105339 us, parallelism: 3.92x
[717.130s][info][gc,stats       ]     DSM: <total>                 413058 us
[717.130s][info][gc,stats       ]     DSM: Thread Roots               460 us, workers (us): 135, 134, 104,  88, 
[717.130s][info][gc,stats       ]     DSM: VM Strong Roots             31 us, workers (us):  11,   0,  10,  10, 
[717.130s][info][gc,stats       ]     DSM: CLDG Roots                 306 us, workers (us):  39, 190,  38,  39, 
[717.130s][info][gc,stats       ]     DSM: Parallel Mark           412260 us, workers (us): 103106, 102957, 103099, 103098, 
[717.130s][info][gc,stats       ]     System Purge                   7100 us
[717.130s][info][gc,stats       ]       Weak References              1099 us, parallelism: 1.07x
[717.130s][info][gc,stats       ]         WRP: <total>               1173 us
[717.130s][info][gc,stats       ]         WRP: Weak References       1173 us, workers (us): 111,  76, 986,   0, 
[717.130s][info][gc,stats       ]       Unload Classes               5288 us, parallelism: 3.90x
[717.130s][info][gc,stats       ]         DCU: <total>              20610 us
[717.130s][info][gc,stats       ]         DCU: Unload Code Caches    20610 us, workers (us): 5178, 5151, 5133, 5147, 
[717.130s][info][gc,stats       ]       Weak Roots                    261 us, parallelism: 3.12x
[717.130s][info][gc,stats       ]         DWR: <total>                815 us
[717.130s][info][gc,stats       ]         DWR: VM Weak Roots          815 us, workers (us): 221, 221, 186, 187, 
[717.130s][info][gc,stats       ]       CLDG                            2 us
[717.130s][info][gc,stats       ]   Update Region States               79 us
[717.130s][info][gc,stats       ]   Manage GC/TLABs                     8 us
[717.130s][info][gc,stats       ]   Choose Collection Set              72 us
[717.130s][info][gc,stats       ]   Rebuild Free Set                   12 us
[717.130s][info][gc,stats       ]   Evacuation                      35219 us
[717.130s][info][gc,stats       ]   Manage GCLABs                       7 us
[717.130s][info][gc,stats       ]   Update References               52753 us
[717.130s][info][gc,stats       ]   Update Region States               60 us
[717.130s][info][gc,stats       ]   Trash Collection Set               14 us
[717.130s][info][gc,stats       ]   Rebuild Free Set                   12 us
[717.130s][info][gc,stats       ]   Degen Update Roots               5434 us, parallelism: 3.91x
[717.130s][info][gc,stats       ]     DU: <total>                   21249 us
[717.130s][info][gc,stats       ]     DU: Thread Roots                143 us, workers (us):   1,  29,   1, 112, 
[717.130s][info][gc,stats       ]     DU: Code Cache Roots          16231 us, workers (us): 4113, 4086, 4170, 3862, 
[717.130s][info][gc,stats       ]     DU: VM Strong Roots               7 us, workers (us):   4,   3,   0,   0, 
[717.130s][info][gc,stats       ]     DU: VM Weak Roots              4419 us, workers (us): 1119, 1121, 1090, 1089, 
[717.130s][info][gc,stats       ]     DU: CLDG Roots                  450 us, workers (us):  97,  70,  71, 211, 
[717.130s][info][gc,stats       ]   Cleanup                            45 us
[717.130s][info][gc,metaspace   ] Metaspace: 134530K(135616K)->134530K(135616K) NonClass: 113625K(114240K)->113625K(114240K) Class: 20905K(21376K)->20905K(21376K)
[728.532s][info][gc             ] Failed to allocate TLAB, 4096K
[728.532s][info][gc             ] Cancelling GC: Allocation Failure
[728.533s][info][gc             ] Trigger: Handle Allocation Failure
[728.533s][info][gc,ergo        ] Free: 0B, Max: 0B regular, 0B humongous, Frag: 0% external, 0% internal; Reserve: 412M, Max: 4096K
[728.533s][info][gc,start       ] GC(66) Pause Degenerated GC (Outside of Cycle)
[728.533s][info][gc,task        ] GC(66) Using 4 of 4 workers for stw degenerated gc
[728.556s][info][gc,ref         ] GC(66) Clearing All SoftReferences
[728.692s][info][gc,ref         ] GC(66) Encountered references: Soft: 3306, Weak: 22634, Final: 34, Phantom: 874
[728.692s][info][gc,ref         ] GC(66) Discovered  references: Soft: 2782, Weak: 12286, Final: 0, Phantom: 652
[728.692s][info][gc,ref         ] GC(66) Enqueued    references: Soft: 7, Weak: 5, Final: 0, Phantom: 0
[728.701s][info][gc,ergo        ] GC(66) CSet Selection. Actual Free: 2312M, Max CSet: 1926M
[728.701s][info][gc,ergo        ] GC(66) Collectable Garbage: 7301M (99%), Immediate: 1900M (25%), CSet: 5401M (73%)
[728.835s][info][gc,ergo        ] GC(66) Good progress for free space: 7292M, need 83886K
[728.835s][info][gc,ergo        ] GC(66) Good progress for used space: 7292M, need 4096K
[728.835s][info][gc             ] GC(66) Pause Degenerated GC (Outside of Cycle) 7779M->487M(8192M) 302.334ms
[728.835s][info][gc,ergo        ] Free: 7284M, Max: 4096K regular, 6832M humongous, Frag: 7% external, 1% internal; Reserve: 412M, Max: 4096K
[728.835s][info][gc,stats       ] 
[728.835s][info][gc,stats       ] All times are wall-clock times, except per-root-class counters, that are sum over
[728.835s][info][gc,stats       ] all workers. Dividing the <total> over the root stage time estimates parallelism.
[728.835s][info][gc,stats       ] 
[728.835s][info][gc,stats       ] Pause Degenerated GC (G)         302407 us
[728.835s][info][gc,stats       ] Pause Degenerated GC (N)         302349 us
[728.835s][info][gc,stats       ]   Degen STW Mark                 135094 us, parallelism: 3.93x
[728.835s][info][gc,stats       ]     DSM: <total>                 530738 us
[728.835s][info][gc,stats       ]     DSM: Thread Roots              1014 us, workers (us): 254, 259, 252, 249, 
[728.835s][info][gc,stats       ]     DSM: VM Strong Roots             58 us, workers (us):  20,  17,   0,  20, 
[728.835s][info][gc,stats       ]     DSM: CLDG Roots                 885 us, workers (us): 119, 113, 533, 119, 
[728.835s][info][gc,stats       ]     DSM: Parallel Mark           528782 us, workers (us): 132297, 132291, 131896, 132298, 
[728.835s][info][gc,stats       ]     System Purge                   9515 us
[728.835s][info][gc,stats       ]       Weak References              1295 us, parallelism: 1.10x
[728.835s][info][gc,stats       ]         WRP: <total>               1425 us
[728.835s][info][gc,stats       ]         WRP: Weak References       1425 us, workers (us): 181,  77, 1166,   0, 
[728.835s][info][gc,stats       ]       Unload Classes               7459 us, parallelism: 3.94x
[728.835s][info][gc,stats       ]         DCU: <total>              29380 us
[728.835s][info][gc,stats       ]         DCU: Unload Code Caches    29380 us, workers (us): 7382, 7358, 7320, 7321, 
[728.835s][info][gc,stats       ]       Weak Roots                    324 us, parallelism: 3.83x
[728.835s][info][gc,stats       ]         DWR: <total>               1239 us
[728.835s][info][gc,stats       ]         DWR: VM Weak Roots         1239 us, workers (us): 311, 310, 309, 308, 
[728.835s][info][gc,stats       ]       CLDG                            5 us
[728.835s][info][gc,stats       ]   Update Region States               56 us
[728.835s][info][gc,stats       ]   Manage GC/TLABs                    28 us
[728.835s][info][gc,stats       ]   Choose Collection Set             111 us
[728.835s][info][gc,stats       ]   Rebuild Free Set                   11 us
[728.835s][info][gc,stats       ]   Evacuation                      60273 us
[728.835s][info][gc,stats       ]   Manage GCLABs                      13 us
[728.835s][info][gc,stats       ]   Update References               65595 us
[728.835s][info][gc,stats       ]   Update Region States               37 us
[728.835s][info][gc,stats       ]   Trash Collection Set               18 us
[728.835s][info][gc,stats       ]   Rebuild Free Set                   12 us
[728.836s][info][gc,stats       ]   Degen Update Roots               6104 us, parallelism: 3.94x
[728.836s][info][gc,stats       ]     DU: <total>                   24076 us
[728.836s][info][gc,stats       ]     DU: Thread Roots                273 us, workers (us): 127,  43,  80,  24, 
[728.836s][info][gc,stats       ]     DU: Code Cache Roots          18508 us, workers (us): 4609, 4693, 4528, 4677, 
[728.836s][info][gc,stats       ]     DU: VM Strong Roots               7 us, workers (us):   3,   3,   1,   0, 
[728.836s][info][gc,stats       ]     DU: VM Weak Roots              4829 us, workers (us): 1214, 1216, 1217, 1183, 
[728.836s][info][gc,stats       ]     DU: CLDG Roots                  460 us, workers (us):  75,  74, 200, 111, 
[728.836s][info][gc,stats       ]   Cleanup                            55 us
[728.836s][info][gc,metaspace   ] Metaspace: 134531K(135616K)->134531K(135616K) NonClass: 113626K(114240K)->113626K(114240K) Class: 20905K(21376K)->20905K(21376K)
[738.702s][info][gc             ] Failed to allocate TLAB, 4096K
[738.702s][info][gc             ] Cancelling GC: Allocation Failure
[738.703s][info][gc             ] Trigger: Handle Allocation Failure
[738.703s][info][gc,ergo        ] Free: 0B, Max: 0B regular, 0B humongous, Frag: 0% external, 0% internal; Reserve: 412M, Max: 4096K
[738.703s][info][gc,start       ] GC(67) Pause Degenerated GC (Outside of Cycle)
[738.703s][info][gc,task        ] GC(67) Using 4 of 4 workers for stw degenerated gc
[738.718s][info][gc,ref         ] GC(67) Clearing All SoftReferences
[738.830s][info][gc,ref         ] GC(67) Encountered references: Soft: 3305, Weak: 22650, Final: 34, Phantom: 884
[738.830s][info][gc,ref         ] GC(67) Discovered  references: Soft: 2778, Weak: 12207, Final: 0, Phantom: 744
[738.830s][info][gc,ref         ] GC(67) Enqueued    references: Soft: 6, Weak: 16, Final: 0, Phantom: 7
[738.837s][info][gc,ergo        ] GC(67) CSet Selection. Actual Free: 2612M, Max CSet: 2176M
[738.837s][info][gc,ergo        ] GC(67) Collectable Garbage: 7305M (99%), Immediate: 2200M (30%), CSet: 5105M (69%)
[738.930s][info][gc,ergo        ] GC(67) Good progress for free space: 7296M, need 83886K
[738.930s][info][gc,ergo        ] GC(67) Good progress for used space: 7296M, need 4096K
[738.930s][info][gc             ] GC(67) Pause Degenerated GC (Outside of Cycle) 7779M->483M(8192M) 227.551ms
[738.930s][info][gc,ergo        ] Free: 7276M, Max: 4096K regular, 6848M humongous, Frag: 6% external, 1% internal; Reserve: 412M, Max: 4096K
[738.930s][info][gc,stats       ] 
[738.930s][info][gc,stats       ] All times are wall-clock times, except per-root-class counters, that are sum over
[738.930s][info][gc,stats       ] all workers. Dividing the <total> over the root stage time estimates parallelism.
[738.930s][info][gc,stats       ] 
[738.930s][info][gc,stats       ] Pause Degenerated GC (G)         227653 us
[738.930s][info][gc,stats       ] Pause Degenerated GC (N)         227565 us
[738.930s][info][gc,stats       ]   Degen STW Mark                 109915 us, parallelism: 3.91x
[738.930s][info][gc,stats       ]     DSM: <total>                 429779 us
[738.930s][info][gc,stats       ]     DSM: Thread Roots               523 us, workers (us): 132, 132, 132, 127, 
[738.930s][info][gc,stats       ]     DSM: VM Strong Roots             29 us, workers (us):  11,   9,   9,   0, 
[738.930s][info][gc,stats       ]     DSM: CLDG Roots                 370 us, workers (us):  53,  53,  53, 211, 
[738.930s][info][gc,stats       ]     DSM: Parallel Mark           428857 us, workers (us): 107254, 107247, 107258, 107097, 
[738.931s][info][gc,stats       ]     System Purge                   9189 us
[738.931s][info][gc,stats       ]       Weak References              1732 us, parallelism: 1.05x
[738.931s][info][gc,stats       ]         WRP: <total>               1819 us
[738.931s][info][gc,stats       ]         WRP: Weak References       1819 us, workers (us): 109, 1633,  35,  42, 
[738.931s][info][gc,stats       ]       Unload Classes               6205 us, parallelism: 3.94x
[738.931s][info][gc,stats       ]         DCU: <total>              24426 us
[738.931s][info][gc,stats       ]         DCU: Unload Code Caches    24426 us, workers (us): 6103, 6125, 6115, 6084, 
[738.931s][info][gc,stats       ]       Weak Roots                    278 us, parallelism: 3.31x
[738.931s][info][gc,stats       ]         DWR: <total>                921 us
[738.931s][info][gc,stats       ]         DWR: VM Weak Roots          921 us, workers (us): 239, 237, 237, 208, 
[738.931s][info][gc,stats       ]       CLDG                           10 us
[738.931s][info][gc,stats       ]   Update Region States               43 us
[738.931s][info][gc,stats       ]   Manage GC/TLABs                    11 us
[738.931s][info][gc,stats       ]   Choose Collection Set              93 us
[738.931s][info][gc,stats       ]   Rebuild Free Set                   11 us
[738.931s][info][gc,stats       ]   Evacuation                      37061 us
[738.931s][info][gc,stats       ]   Manage GCLABs                       7 us
[738.931s][info][gc,stats       ]   Update References               48622 us
[738.931s][info][gc,stats       ]   Update Region States               68 us
[738.931s][info][gc,stats       ]   Trash Collection Set               17 us
[738.931s][info][gc,stats       ]   Rebuild Free Set                   12 us
[738.931s][info][gc,stats       ]   Degen Update Roots               5400 us, parallelism: 3.91x
[738.931s][info][gc,stats       ]     DU: <total>                   21134 us
[738.931s][info][gc,stats       ]     DU: Thread Roots                142 us, workers (us): 121,   1,   1,  19, 
[738.931s][info][gc,stats       ]     DU: Code Cache Roots          15961 us, workers (us): 3807, 4078, 4047, 4029, 
[738.931s][info][gc,stats       ]     DU: VM Strong Roots               8 us, workers (us):   2,   2,   2,   2, 
[738.931s][info][gc,stats       ]     DU: VM Weak Roots              4600 us, workers (us): 1149, 1149, 1152, 1149, 
[738.931s][info][gc,stats       ]     DU: CLDG Roots                  423 us, workers (us): 190,  97,  67,  70, 
[738.931s][info][gc,stats       ]   Cleanup                            52 us
[738.931s][info][gc,metaspace   ] Metaspace: 134568K(135680K)->134568K(135680K) NonClass: 113657K(114304K)->113657K(114304K) Class: 20910K(21376K)->20910K(21376K)
[750.022s][info][gc             ] Failed to allocate TLAB, 4096K
[750.022s][info][gc             ] Cancelling GC: Allocation Failure
[750.023s][info][gc             ] Trigger: Handle Allocation Failure
[750.023s][info][gc,ergo        ] Free: 0B, Max: 0B regular, 0B humongous, Frag: 0% external, 0% internal; Reserve: 412M, Max: 4096K
[750.023s][info][gc,start       ] GC(68) Pause Degenerated GC (Outside of Cycle)
[750.023s][info][gc,task        ] GC(68) Using 4 of 4 workers for stw degenerated gc
[750.038s][info][gc,ref         ] GC(68) Clearing All SoftReferences
[750.141s][info][gc,ref         ] GC(68) Encountered references: Soft: 3300, Weak: 22638, Final: 34, Phantom: 883
[750.141s][info][gc,ref         ] GC(68) Discovered  references: Soft: 1436, Weak: 12222, Final: 0, Phantom: 742
[750.141s][info][gc,ref         ] GC(68) Enqueued    references: Soft: 1, Weak: 2, Final: 0, Phantom: 0
[750.147s][info][gc,ergo        ] GC(68) CSet Selection. Actual Free: 3000M, Max CSet: 2500M
[750.147s][info][gc,ergo        ] GC(68) Collectable Garbage: 7325M (99%), Immediate: 2588M (35%), CSet: 4737M (64%)
[750.230s][info][gc,ergo        ] GC(68) Good progress for free space: 7316M, need 83886K
[750.230s][info][gc,ergo        ] GC(68) Good progress for used space: 7316M, need 4096K
[750.230s][info][gc             ] GC(68) Pause Degenerated GC (Outside of Cycle) 7779M->463M(8192M) 206.911ms
[750.230s][info][gc,ergo        ] Free: 7300M, Max: 4096K regular, 6868M humongous, Frag: 6% external, 1% internal; Reserve: 412M, Max: 4096K
[750.230s][info][gc,stats       ] 
[750.230s][info][gc,stats       ] All times are wall-clock times, except per-root-class counters, that are sum over
[750.230s][info][gc,stats       ] all workers. Dividing the <total> over the root stage time estimates parallelism.
[750.230s][info][gc,stats       ] 
[750.230s][info][gc,stats       ] Pause Degenerated GC (G)         207045 us
[750.230s][info][gc,stats       ] Pause Degenerated GC (N)         206925 us
[750.230s][info][gc,stats       ]   Degen STW Mark                 101530 us, parallelism: 3.92x
[750.230s][info][gc,stats       ]     DSM: <total>                 398128 us
[750.230s][info][gc,stats       ]     DSM: Thread Roots               554 us, workers (us): 148, 147, 143, 117, 
[750.230s][info][gc,stats       ]     DSM: VM Strong Roots             47 us, workers (us):  15,   0,  17,  15, 
[750.230s][info][gc,stats       ]     DSM: CLDG Roots                 474 us, workers (us):  72, 257,  72,  72, 
[750.230s][info][gc,stats       ]     DSM: Parallel Mark           397053 us, workers (us): 99313, 99134, 99302, 99304, 
[750.230s][info][gc,stats       ]     System Purge                   7774 us
[750.230s][info][gc,stats       ]       Weak References              1593 us, parallelism: 1.03x
[750.230s][info][gc,stats       ]         WRP: <total>               1639 us
[750.230s][info][gc,stats       ]         WRP: Weak References       1639 us, workers (us): 1508,  46,  85,   0, 
[750.230s][info][gc,stats       ]       Unload Classes               5486 us, parallelism: 3.90x
[750.230s][info][gc,stats       ]         DCU: <total>              21413 us
[750.230s][info][gc,stats       ]         DCU: Unload Code Caches    21413 us, workers (us): 5358, 5367, 5359, 5330, 
[750.230s][info][gc,stats       ]       Weak Roots                    351 us, parallelism: 3.76x
[750.230s][info][gc,stats       ]         DWR: <total>               1320 us
[750.230s][info][gc,stats       ]         DWR: VM Weak Roots         1320 us, workers (us): 338, 337, 336, 309, 
[750.230s][info][gc,stats       ]       CLDG                            3 us
[750.230s][info][gc,stats       ]   Update Region States               52 us
[750.230s][info][gc,stats       ]   Manage GC/TLABs                     9 us
[750.230s][info][gc,stats       ]   Choose Collection Set              77 us
[750.230s][info][gc,stats       ]   Rebuild Free Set                   11 us
[750.230s][info][gc,stats       ]   Evacuation                      29925 us
[750.230s][info][gc,stats       ]   Manage GCLABs                       7 us
[750.230s][info][gc,stats       ]   Update References               45362 us
[750.230s][info][gc,stats       ]   Update Region States               48 us
[750.230s][info][gc,stats       ]   Trash Collection Set               15 us
[750.230s][info][gc,stats       ]   Rebuild Free Set                   12 us
[750.230s][info][gc,stats       ]   Degen Update Roots               5461 us, parallelism: 3.91x
[750.230s][info][gc,stats       ]     DU: <total>                   21378 us
[750.230s][info][gc,stats       ]     DU: Thread Roots                152 us, workers (us):  12,  48,   1,  92, 
[750.230s][info][gc,stats       ]     DU: Code Cache Roots          16381 us, workers (us): 4124, 4000, 4187, 4069, 
[750.230s][info][gc,stats       ]     DU: VM Strong Roots               6 us, workers (us):   6,   0,   0,   0, 
[750.230s][info][gc,stats       ]     DU: VM Weak Roots              4429 us, workers (us): 1134, 1112, 1093, 1090, 
[750.230s][info][gc,stats       ]     DU: CLDG Roots                  410 us, workers (us):  94, 181,  66,  69, 
[750.230s][info][gc,stats       ]   Cleanup                            45 us
[750.230s][info][gc,metaspace   ] Metaspace: 134576K(135680K)->134576K(135680K) NonClass: 113666K(114304K)->113666K(114304K) Class: 20910K(21376K)->20910K(21376K)
[759.633s][info][gc             ] Failed to allocate TLAB, 4096K
[759.634s][info][gc             ] Cancelling GC: Allocation Failure
[759.634s][info][gc             ] Trigger: Handle Allocation Failure
[759.634s][info][gc,ergo        ] Free: 0B, Max: 0B regular, 0B humongous, Frag: 0% external, 0% internal; Reserve: 412M, Max: 4096K
[759.634s][info][gc,start       ] GC(69) Pause Degenerated GC (Outside of Cycle)
[759.634s][info][gc,task        ] GC(69) Using 4 of 4 workers for stw degenerated gc
[759.646s][info][gc,ref         ] GC(69) Clearing All SoftReferences
[759.753s][info][gc,ref         ] GC(69) Encountered references: Soft: 3306, Weak: 22643, Final: 34, Phantom: 889
[759.753s][info][gc,ref         ] GC(69) Discovered  references: Soft: 2781, Weak: 12234, Final: 0, Phantom: 745
[759.753s][info][gc,ref         ] GC(69) Enqueued    references: Soft: 7, Weak: 5, Final: 0, Phantom: 0
[759.760s][info][gc,ergo        ] GC(69) CSet Selection. Actual Free: 3392M, Max CSet: 2826M
[759.760s][info][gc,ergo        ] GC(69) Collectable Garbage: 7310M (99%), Immediate: 2980M (40%), CSet: 4330M (59%)
[759.846s][info][gc,ergo        ] GC(69) Good progress for free space: 7300M, need 83886K
[759.846s][info][gc,ergo        ] GC(69) Good progress for used space: 7300M, need 4096K
[759.846s][info][gc             ] GC(69) Pause Degenerated GC (Outside of Cycle) 7779M->479M(8192M) 211.781ms
[759.846s][info][gc,ergo        ] Free: 7288M, Max: 4096K regular, 6852M humongous, Frag: 6% external, 1% internal; Reserve: 412M, Max: 4096K
[759.846s][info][gc,stats       ] 
[759.846s][info][gc,stats       ] All times are wall-clock times, except per-root-class counters, that are sum over
[759.846s][info][gc,stats       ] all workers. Dividing the <total> over the root stage time estimates parallelism.
[759.846s][info][gc,stats       ] 
[759.846s][info][gc,stats       ] Pause Degenerated GC (G)         211828 us
[759.846s][info][gc,stats       ] Pause Degenerated GC (N)         211796 us
[759.846s][info][gc,stats       ]   Degen STW Mark                 106000 us, parallelism: 3.92x
[759.846s][info][gc,stats       ]     DSM: <total>                 415066 us
[759.846s][info][gc,stats       ]     DSM: Thread Roots               355 us, workers (us):  97,  97,  96,  65, 
[759.846s][info][gc,stats       ]     DSM: VM Strong Roots             26 us, workers (us):   8,   8,  10,   0, 
[759.846s][info][gc,stats       ]     DSM: CLDG Roots                 277 us, workers (us):  31,  31,  31, 183, 
[759.846s][info][gc,stats       ]     DSM: Parallel Mark           414407 us, workers (us): 103642, 103644, 103631, 103490, 
[759.846s][info][gc,stats       ]     System Purge                   7164 us
[759.846s][info][gc,stats       ]       Weak References              1161 us, parallelism: 1.22x
[759.846s][info][gc,stats       ]         WRP: <total>               1419 us
[759.846s][info][gc,stats       ]         WRP: Weak References       1419 us, workers (us): 1081, 121, 217,   0, 
[759.846s][info][gc,stats       ]       Unload Classes               5579 us, parallelism: 3.93x
[759.846s][info][gc,stats       ]         DCU: <total>              21949 us
[759.846s][info][gc,stats       ]         DCU: Unload Code Caches    21949 us, workers (us): 5502, 5501, 5485, 5462, 
[759.846s][info][gc,stats       ]       Weak Roots                    245 us, parallelism: 3.47x
[759.846s][info][gc,stats       ]         DWR: <total>                851 us
[759.846s][info][gc,stats       ]         DWR: VM Weak Roots          851 us, workers (us): 234, 233, 192, 191, 
[759.846s][info][gc,stats       ]       CLDG                            2 us
[759.846s][info][gc,stats       ]   Update Region States               59 us
[759.846s][info][gc,stats       ]   Manage GC/TLABs                     9 us
[759.846s][info][gc,stats       ]   Choose Collection Set              85 us
[759.846s][info][gc,stats       ]   Rebuild Free Set                   12 us
[759.846s][info][gc,stats       ]   Evacuation                      34100 us
[759.846s][info][gc,stats       ]   Manage GCLABs                       7 us
[759.846s][info][gc,stats       ]   Update References               44977 us
[759.846s][info][gc,stats       ]   Update Region States               22 us
[759.846s][info][gc,stats       ]   Trash Collection Set               14 us
[759.846s][info][gc,stats       ]   Rebuild Free Set                   13 us
[759.846s][info][gc,stats       ]   Degen Update Roots               5515 us, parallelism: 3.92x
[759.846s][info][gc,stats       ]     DU: <total>                   21608 us
[759.846s][info][gc,stats       ]     DU: Thread Roots                140 us, workers (us):   1, 127,  10,   1, 
[759.846s][info][gc,stats       ]     DU: Code Cache Roots          16331 us, workers (us): 4124, 4032, 3960, 4215, 
[759.846s][info][gc,stats       ]     DU: VM Strong Roots               6 us, workers (us):   2,   2,   2,   0, 
[759.846s][info][gc,stats       ]     DU: VM Weak Roots              4607 us, workers (us): 1161, 1156, 1159, 1131, 
[759.846s][info][gc,stats       ]     DU: CLDG Roots                  525 us, workers (us): 115,  75, 262,  72, 
[759.846s][info][gc,stats       ]   Cleanup                            43 us
[759.846s][info][gc,metaspace   ] Metaspace: 134577K(135680K)->134577K(135680K) NonClass: 113666K(114304K)->113666K(114304K) Class: 20910K(21376K)->20910K(21376K)
[771.426s][info][gc             ] Failed to allocate TLAB, 4096K
[771.426s][info][gc             ] Cancelling GC: Allocation Failure
[771.427s][info][gc             ] Trigger: Handle Allocation Failure
[771.427s][info][gc,ergo        ] Free: 0B, Max: 0B regular, 0B humongous, Frag: 0% external, 0% internal; Reserve: 412M, Max: 4096K
[771.427s][info][gc,start       ] GC(70) Pause Degenerated GC (Outside of Cycle)
[771.427s][info][gc,task        ] GC(70) Using 4 of 4 workers for stw degenerated gc
[771.440s][info][gc,ref         ] GC(70) Clearing All SoftReferences
[771.543s][info][gc,ref         ] GC(70) Encountered references: Soft: 3300, Weak: 22643, Final: 34, Phantom: 892
[771.543s][info][gc,ref         ] GC(70) Discovered  references: Soft: 1434, Weak: 12335, Final: 0, Phantom: 746
[771.543s][info][gc,ref         ] GC(70) Enqueued    references: Soft: 1, Weak: 4, Final: 0, Phantom: 0
[771.548s][info][gc,ergo        ] GC(70) CSet Selection. Actual Free: 3424M, Max CSet: 2853M
[771.548s][info][gc,ergo        ] GC(70) Collectable Garbage: 7326M (99%), Immediate: 3012M (40%), CSet: 4314M (58%)
[771.637s][info][gc,ergo        ] GC(70) Good progress for free space: 7316M, need 83886K
[771.637s][info][gc,ergo        ] GC(70) Good progress for used space: 7316M, need 4096K
[771.637s][info][gc             ] GC(70) Pause Degenerated GC (Outside of Cycle) 7779M->463M(8192M) 209.418ms
[771.637s][info][gc,ergo        ] Free: 7304M, Max: 4096K regular, 6868M humongous, Frag: 6% external, 1% internal; Reserve: 412M, Max: 4096K
[771.637s][info][gc,stats       ] 
[771.637s][info][gc,stats       ] All times are wall-clock times, except per-root-class counters, that are sum over
[771.637s][info][gc,stats       ] all workers. Dividing the <total> over the root stage time estimates parallelism.
[771.637s][info][gc,stats       ] 
[771.637s][info][gc,stats       ] Pause Degenerated GC (G)         209516 us
[771.637s][info][gc,stats       ] Pause Degenerated GC (N)         209432 us
[771.637s][info][gc,stats       ]   Degen STW Mark                 102208 us, parallelism: 3.93x
[771.637s][info][gc,stats       ]     DSM: <total>                 401594 us
[771.637s][info][gc,stats       ]     DSM: Thread Roots               394 us, workers (us): 115, 113,  94,  73, 
[771.637s][info][gc,stats       ]     DSM: VM Strong Roots             28 us, workers (us):  10,   0,   9,   9, 
[771.637s][info][gc,stats       ]     DSM: CLDG Roots                 249 us, workers (us):  32, 172,  13,  32, 
[771.637s][info][gc,stats       ]     DSM: Parallel Mark           400924 us, workers (us): 100261, 100132, 100269, 100262, 
[771.637s][info][gc,stats       ]     System Purge                   6511 us
[771.637s][info][gc,stats       ]       Weak References              1136 us, parallelism: 1.07x
[771.637s][info][gc,stats       ]         WRP: <total>               1218 us
[771.637s][info][gc,stats       ]         WRP: Weak References       1218 us, workers (us): 134,  45,  20, 1018, 
[771.637s][info][gc,stats       ]       Unload Classes               5096 us, parallelism: 3.93x
[771.637s][info][gc,stats       ]         DCU: <total>              20042 us
[771.637s][info][gc,stats       ]         DCU: Unload Code Caches    20042 us, workers (us): 5033, 5027, 4996, 4986, 
[771.637s][info][gc,stats       ]       Weak Roots                    273 us, parallelism: 3.17x
[771.637s][info][gc,stats       ]         DWR: <total>                864 us
[771.637s][info][gc,stats       ]         DWR: VM Weak Roots          864 us, workers (us): 234, 233, 205, 191, 
[771.637s][info][gc,stats       ]       CLDG                            1 us
[771.637s][info][gc,stats       ]   Update Region States               57 us
[771.637s][info][gc,stats       ]   Manage GC/TLABs                     9 us
[771.637s][info][gc,stats       ]   Choose Collection Set              61 us
[771.637s][info][gc,stats       ]   Rebuild Free Set                   10 us
[771.637s][info][gc,stats       ]   Evacuation                      35503 us
[771.637s][info][gc,stats       ]   Manage GCLABs                       9 us
[771.637s][info][gc,stats       ]   Update References               45354 us
[771.637s][info][gc,stats       ]   Update Region States               23 us
[771.637s][info][gc,stats       ]   Trash Collection Set               13 us
[771.637s][info][gc,stats       ]   Rebuild Free Set                   11 us
[771.637s][info][gc,stats       ]   Degen Update Roots               5505 us, parallelism: 3.94x
[771.637s][info][gc,stats       ]     DU: <total>                   21665 us
[771.637s][info][gc,stats       ]     DU: Thread Roots                167 us, workers (us): 122,   1,  43,   1, 
[771.637s][info][gc,stats       ]     DU: Code Cache Roots          16463 us, workers (us): 4059, 4090, 4114, 4201, 
[771.637s][info][gc,stats       ]     DU: VM Strong Roots               7 us, workers (us):   2,   2,   2,   0, 
[771.637s][info][gc,stats       ]     DU: VM Weak Roots              4608 us, workers (us): 1160, 1158, 1160, 1131, 
[771.637s][info][gc,stats       ]     DU: CLDG Roots                  419 us, workers (us):  70, 183,  94,  72, 
[771.637s][info][gc,stats       ]   Cleanup                            45 us
[771.637s][info][gc,metaspace   ] Metaspace: 134577K(135680K)->134577K(135680K) NonClass: 113666K(114304K)->113666K(114304K) Class: 20910K(21376K)->20910K(21376K)
[781.231s][info][gc             ] Failed to allocate TLAB, 4096K
[781.231s][info][gc             ] Cancelling GC: Allocation Failure
[781.231s][info][gc             ] Trigger: Handle Allocation Failure
[781.231s][info][gc,ergo        ] Free: 0B, Max: 0B regular, 0B humongous, Frag: 0% external, 0% internal; Reserve: 412M, Max: 4096K
[781.231s][info][gc,start       ] GC(71) Pause Degenerated GC (Outside of Cycle)
[781.231s][info][gc,task        ] GC(71) Using 4 of 4 workers for stw degenerated gc
[781.244s][info][gc,ref         ] GC(71) Clearing All SoftReferences
[781.363s][info][gc,ref         ] GC(71) Encountered references: Soft: 3328, Weak: 22657, Final: 34, Phantom: 899
[781.363s][info][gc,ref         ] GC(71) Discovered  references: Soft: 2807, Weak: 14037, Final: 0, Phantom: 753
[781.363s][info][gc,ref         ] GC(71) Enqueued    references: Soft: 29, Weak: 16, Final: 0, Phantom: 1
[781.377s][info][gc,ergo        ] GC(71) CSet Selection. Actual Free: 3416M, Max CSet: 2846M
[781.377s][info][gc,ergo        ] GC(71) Collectable Garbage: 7298M (99%), Immediate: 3004M (41%), CSet: 4294M (58%)
[781.473s][info][gc,ergo        ] GC(71) Good progress for free space: 7288M, need 83886K
[781.473s][info][gc,ergo        ] GC(71) Good progress for used space: 7288M, need 4096K
[781.473s][info][gc             ] GC(71) Pause Degenerated GC (Outside of Cycle) 7779M->491M(8192M) 241.650ms
[781.473s][info][gc,ergo        ] Free: 7280M, Max: 4096K regular, 6840M humongous, Frag: 7% external, 1% internal; Reserve: 412M, Max: 4096K
[781.473s][info][gc,stats       ] 
[781.473s][info][gc,stats       ] All times are wall-clock times, except per-root-class counters, that are sum over
[781.473s][info][gc,stats       ] all workers. Dividing the <total> over the root stage time estimates parallelism.
[781.473s][info][gc,stats       ] 
[781.473s][info][gc,stats       ] Pause Degenerated GC (G)         241707 us
[781.473s][info][gc,stats       ] Pause Degenerated GC (N)         241664 us
[781.473s][info][gc,stats       ]   Degen STW Mark                 117489 us, parallelism: 3.91x
[781.473s][info][gc,stats       ]     DSM: <total>                 459195 us
[781.473s][info][gc,stats       ]     DSM: Thread Roots               409 us, workers (us): 119, 119,  91,  79, 
[781.473s][info][gc,stats       ]     DSM: VM Strong Roots             33 us, workers (us):  11,   0,   9,  12, 
[781.473s][info][gc,stats       ]     DSM: CLDG Roots                 336 us, workers (us):  34, 233,  34,  34, 
[781.473s][info][gc,stats       ]     DSM: Parallel Mark           458418 us, workers (us): 114650, 114463, 114653, 114653, 
[781.473s][info][gc,stats       ]     System Purge                  15146 us
[781.473s][info][gc,stats       ]       Weak References              1217 us, parallelism: 1.17x
[781.473s][info][gc,stats       ]         WRP: <total>               1428 us
[781.473s][info][gc,stats       ]         WRP: Weak References       1428 us, workers (us): 1111, 215,  85,  17, 
[781.473s][info][gc,stats       ]       Unload Classes              13017 us, parallelism: 3.91x
[781.473s][info][gc,stats       ]         DCU: <total>              50885 us
[781.473s][info][gc,stats       ]         DCU: Unload Code Caches    26876 us, workers (us): 6739, 6732, 6696, 6709, 
[781.473s][info][gc,stats       ]         DCU: Unlink CLDs          24009 us, workers (us): 6023, 6000, 5991, 5995, 
[781.473s][info][gc,stats       ]       Weak Roots                    286 us, parallelism: 3.02x
[781.473s][info][gc,stats       ]         DWR: <total>                863 us
[781.473s][info][gc,stats       ]         DWR: VM Weak Roots          863 us, workers (us): 245, 206, 206, 206, 
[781.473s][info][gc,stats       ]       CLDG                           13 us
[781.473s][info][gc,stats       ]   Update Region States               30 us
[781.473s][info][gc,stats       ]   Manage GC/TLABs                    10 us
[781.474s][info][gc,stats       ]   Choose Collection Set              73 us
[781.474s][info][gc,stats       ]   Rebuild Free Set                   11 us
[781.474s][info][gc,stats       ]   Evacuation                      38609 us
[781.474s][info][gc,stats       ]   Manage GCLABs                      16 us
[781.474s][info][gc,stats       ]   Update References               49386 us
[781.474s][info][gc,stats       ]   Update Region States               39 us
[781.474s][info][gc,stats       ]   Trash Collection Set               15 us
[781.474s][info][gc,stats       ]   Rebuild Free Set                   12 us
[781.474s][info][gc,stats       ]   Degen Update Roots               5947 us, parallelism: 3.94x
[781.474s][info][gc,stats       ]     DU: <total>                   23411 us
[781.474s][info][gc,stats       ]     DU: Thread Roots                156 us, workers (us):   1, 142,   1,  12, 
[781.474s][info][gc,stats       ]     DU: Code Cache Roots          17758 us, workers (us): 4538, 4324, 4402, 4494, 
[781.474s][info][gc,stats       ]     DU: VM Strong Roots               7 us, workers (us):   2,   2,   2,   1, 
[781.474s][info][gc,stats       ]     DU: VM Weak Roots              5009 us, workers (us): 1250, 1254, 1253, 1252, 
[781.474s][info][gc,stats       ]     DU: CLDG Roots                  480 us, workers (us):  81, 117, 203,  79, 
[781.474s][info][gc,stats       ]   Cleanup                            45 us
[781.474s][info][gc,metaspace   ] Metaspace: 134605K(135680K)->134604K(135680K) NonClass: 113694K(114304K)->113693K(114304K) Class: 20911K(21376K)->20910K(21376K)
[792.875s][info][gc             ] Failed to allocate TLAB, 4096K
[792.875s][info][gc             ] Cancelling GC: Allocation Failure
[792.876s][info][gc             ] Trigger: Handle Allocation Failure
[792.876s][info][gc,ergo        ] Free: 0B, Max: 0B regular, 0B humongous, Frag: 0% external, 0% internal; Reserve: 412M, Max: 4096K
[792.876s][info][gc,start       ] GC(72) Pause Degenerated GC (Outside of Cycle)
[792.876s][info][gc,task        ] GC(72) Using 4 of 4 workers for stw degenerated gc
[792.886s][info][gc,ref         ] GC(72) Clearing All SoftReferences
[792.991s][info][gc,ref         ] GC(72) Encountered references: Soft: 3306, Weak: 22648, Final: 34, Phantom: 901
[792.991s][info][gc,ref         ] GC(72) Discovered  references: Soft: 2779, Weak: 12239, Final: 0, Phantom: 753
[792.991s][info][gc,ref         ] GC(72) Enqueued    references: Soft: 7, Weak: 6, Final: 0, Phantom: 0
[792.997s][info][gc,ergo        ] GC(72) CSet Selection. Actual Free: 3660M, Max CSet: 3050M
[792.997s][info][gc,ergo        ] GC(72) Collectable Garbage: 7325M (99%), Immediate: 3248M (44%), CSet: 4077M (55%)
[793.084s][info][gc,ergo        ] GC(72) Good progress for free space: 7316M, need 83886K
[793.084s][info][gc,ergo        ] GC(72) Good progress for used space: 7316M, need 4096K
[793.084s][info][gc             ] GC(72) Pause Degenerated GC (Outside of Cycle) 7779M->463M(8192M) 208.218ms
[793.084s][info][gc,ergo        ] Free: 7308M, Max: 4096K regular, 6868M humongous, Frag: 7% external, 1% internal; Reserve: 412M, Max: 4096K
[793.084s][info][gc,stats       ] 
[793.084s][info][gc,stats       ] All times are wall-clock times, except per-root-class counters, that are sum over
[793.084s][info][gc,stats       ] all workers. Dividing the <total> over the root stage time estimates parallelism.
[793.084s][info][gc,stats       ] 
[793.084s][info][gc,stats       ] Pause Degenerated GC (G)         208269 us
[793.084s][info][gc,stats       ] Pause Degenerated GC (N)         208231 us
[793.084s][info][gc,stats       ]   Degen STW Mark                 103702 us, parallelism: 3.93x
[793.084s][info][gc,stats       ]     DSM: <total>                 407583 us
[793.084s][info][gc,stats       ]     DSM: Thread Roots               319 us, workers (us):  98,  98,  61,  62, 
[793.084s][info][gc,stats       ]     DSM: VM Strong Roots             25 us, workers (us):   8,   0,   8,  10, 
[793.084s][info][gc,stats       ]     DSM: CLDG Roots                 282 us, workers (us):  37, 169,  37,  37, 
[793.084s][info][gc,stats       ]     DSM: Parallel Mark           406957 us, workers (us): 101776, 101645, 101769, 101767, 
[793.084s][info][gc,stats       ]     System Purge                   6499 us
[793.084s][info][gc,stats       ]       Weak References              1141 us, parallelism: 1.07x
[793.084s][info][gc,stats       ]         WRP: <total>               1217 us
[793.084s][info][gc,stats       ]         WRP: Weak References       1217 us, workers (us): 100,  52, 1066,   0, 
[793.084s][info][gc,stats       ]       Unload Classes               4922 us, parallelism: 3.94x
[793.084s][info][gc,stats       ]         DCU: <total>              19371 us
[793.084s][info][gc,stats       ]         DCU: Unload Code Caches    19371 us, workers (us): 4860, 4859, 4825, 4826, 
[793.084s][info][gc,stats       ]       Weak Roots                    207 us, parallelism: 3.77x
[793.084s][info][gc,stats       ]         DWR: <total>                779 us
[793.084s][info][gc,stats       ]         DWR: VM Weak Roots          779 us, workers (us): 195, 195, 195, 194, 
[793.084s][info][gc,stats       ]       CLDG                            2 us
[793.084s][info][gc,stats       ]   Update Region States               51 us
[793.084s][info][gc,stats       ]   Manage GC/TLABs                     8 us
[793.084s][info][gc,stats       ]   Choose Collection Set              62 us
[793.084s][info][gc,stats       ]   Rebuild Free Set                    9 us
[793.084s][info][gc,stats       ]   Evacuation                      29375 us
[793.084s][info][gc,stats       ]   Manage GCLABs                       8 us
[793.085s][info][gc,stats       ]   Update References               50937 us
[793.085s][info][gc,stats       ]   Update Region States               21 us
[793.085s][info][gc,stats       ]   Trash Collection Set               12 us
[793.085s][info][gc,stats       ]   Rebuild Free Set                   11 us
[793.085s][info][gc,stats       ]   Degen Update Roots               5384 us, parallelism: 3.92x
[793.085s][info][gc,stats       ]     DU: <total>                   21130 us
[793.085s][info][gc,stats       ]     DU: Thread Roots                137 us, workers (us):   7,   1,   1, 129, 
[793.085s][info][gc,stats       ]     DU: Code Cache Roots          16261 us, workers (us): 4080, 4054, 4147, 3979, 
[793.085s][info][gc,stats       ]     DU: VM Strong Roots               7 us, workers (us):   2,   2,   2,   1, 
[793.085s][info][gc,stats       ]     DU: VM Weak Roots              4316 us, workers (us): 1079, 1078, 1079, 1079, 
[793.085s][info][gc,stats       ]     DU: CLDG Roots                  410 us, workers (us):  92, 184,  67,  67, 
[793.085s][info][gc,stats       ]   Cleanup                            42 us
[793.085s][info][gc,metaspace   ] Metaspace: 134614K(135680K)->134614K(135680K) NonClass: 113703K(114304K)->113703K(114304K) Class: 20910K(21376K)->20910K(21376K)
[803.393s][info][gc             ] Failed to allocate TLAB, 4096K
[803.393s][info][gc             ] Cancelling GC: Allocation Failure
[803.393s][info][gc             ] Trigger: Handle Allocation Failure
[803.393s][info][gc,ergo        ] Free: 0B, Max: 0B regular, 0B humongous, Frag: 0% external, 0% internal; Reserve: 412M, Max: 4096K
[803.394s][info][gc,start       ] GC(73) Pause Degenerated GC (Outside of Cycle)
[803.394s][info][gc,task        ] GC(73) Using 4 of 4 workers for stw degenerated gc
[803.413s][info][gc,ref         ] GC(73) Clearing All SoftReferences
[803.538s][info][gc,ref         ] GC(73) Encountered references: Soft: 3302, Weak: 22645, Final: 34, Phantom: 905
[803.538s][info][gc,ref         ] GC(73) Discovered  references: Soft: 2783, Weak: 11970, Final: 0, Phantom: 756
[803.538s][info][gc,ref         ] GC(73) Enqueued    references: Soft: 3, Weak: 2, Final: 0, Phantom: 0
[803.545s][info][gc,ergo        ] GC(73) CSet Selection. Actual Free: 3144M, Max CSet: 2620M
[803.545s][info][gc,ergo        ] GC(73) Collectable Garbage: 7297M (99%), Immediate: 2732M (37%), CSet: 4565M (62%)
[803.647s][info][gc,ergo        ] GC(73) Good progress for free space: 7292M, need 83886K
[803.647s][info][gc,ergo        ] GC(73) Good progress for used space: 7292M, need 4096K
[803.647s][info][gc             ] GC(73) Pause Degenerated GC (Outside of Cycle) 7779M->487M(8192M) 253.776ms
[803.647s][info][gc,ergo        ] Free: 7280M, Max: 4096K regular, 6844M humongous, Frag: 6% external, 1% internal; Reserve: 412M, Max: 4096K
[803.647s][info][gc,stats       ] 
[803.647s][info][gc,stats       ] All times are wall-clock times, except per-root-class counters, that are sum over
[803.647s][info][gc,stats       ] all workers. Dividing the <total> over the root stage time estimates parallelism.
[803.647s][info][gc,stats       ] 
[803.647s][info][gc,stats       ] Pause Degenerated GC (G)         253855 us
[803.647s][info][gc,stats       ] Pause Degenerated GC (N)         253790 us
[803.647s][info][gc,stats       ]   Degen STW Mark                 124213 us, parallelism: 3.93x
[803.647s][info][gc,stats       ]     DSM: <total>                 487830 us
[803.648s][info][gc,stats       ]     DSM: Thread Roots               939 us, workers (us): 236, 235, 234, 234, 
[803.648s][info][gc,stats       ]     DSM: VM Strong Roots             58 us, workers (us):  15,  17,  26,   0, 
[803.648s][info][gc,stats       ]     DSM: CLDG Roots                 785 us, workers (us): 117, 117, 117, 434, 
[803.648s][info][gc,stats       ]     DSM: Parallel Mark           486048 us, workers (us): 121595, 121585, 121582, 121286, 
[803.648s][info][gc,stats       ]     System Purge                   7594 us
[803.648s][info][gc,stats       ]       Weak References              1141 us, parallelism: 1.13x
[803.648s][info][gc,stats       ]         WRP: <total>               1288 us
[803.648s][info][gc,stats       ]         WRP: Weak References       1288 us, workers (us): 1066, 183,  38,   0, 
[803.648s][info][gc,stats       ]       Unload Classes               5555 us, parallelism: 3.94x
[803.648s][info][gc,stats       ]         DCU: <total>              21889 us
[803.648s][info][gc,stats       ]         DCU: Unload Code Caches    21889 us, workers (us): 5479, 5488, 5474, 5448, 
[803.648s][info][gc,stats       ]       Weak Roots                    261 us, parallelism: 3.54x
[803.648s][info][gc,stats       ]         DWR: <total>                925 us
[803.648s][info][gc,stats       ]         DWR: VM Weak Roots          925 us, workers (us): 249, 249, 213, 213, 
[803.648s][info][gc,stats       ]       CLDG                            6 us
[803.648s][info][gc,stats       ]   Update Region States               42 us
[803.648s][info][gc,stats       ]   Manage GC/TLABs                     8 us
[803.648s][info][gc,stats       ]   Choose Collection Set              79 us
[803.648s][info][gc,stats       ]   Rebuild Free Set                   11 us
[803.648s][info][gc,stats       ]   Evacuation                      41040 us
[803.648s][info][gc,stats       ]   Manage GCLABs                      13 us
[803.648s][info][gc,stats       ]   Update References               51546 us
[803.648s][info][gc,stats       ]   Update Region States               65 us
[803.648s][info][gc,stats       ]   Trash Collection Set               18 us
[803.648s][info][gc,stats       ]   Rebuild Free Set                   13 us
[803.648s][info][gc,stats       ]   Degen Update Roots               7108 us, parallelism: 3.90x
[803.648s][info][gc,stats       ]     DU: <total>                   27697 us
[803.648s][info][gc,stats       ]     DU: Thread Roots                233 us, workers (us):  34, 133,  64,   1, 
[803.648s][info][gc,stats       ]     DU: Code Cache Roots          22300 us, workers (us): 5604, 5377, 5545, 5774, 
[803.648s][info][gc,stats       ]     DU: VM Strong Roots               8 us, workers (us):   3,   3,   3,   0, 
[803.648s][info][gc,stats       ]     DU: VM Weak Roots              4703 us, workers (us): 1183, 1182, 1183, 1155, 
[803.648s][info][gc,stats       ]     DU: CLDG Roots                  453 us, workers (us):  73, 202, 103,  74, 
[803.648s][info][gc,stats       ]   Cleanup                            55 us
[803.648s][info][gc,metaspace   ] Metaspace: 134668K(135744K)->134668K(135744K) NonClass: 113756K(114368K)->113756K(114368K) Class: 20912K(21376K)->20912K(21376K)
[814.200s][info][gc             ] Failed to allocate TLAB, 4096K
[814.201s][info][gc             ] Cancelling GC: Allocation Failure
[814.201s][info][gc             ] Trigger: Handle Allocation Failure
[814.201s][info][gc,ergo        ] Free: 0B, Max: 0B regular, 0B humongous, Frag: 0% external, 0% internal; Reserve: 412M, Max: 4096K
[814.202s][info][gc,start       ] GC(74) Pause Degenerated GC (Outside of Cycle)
[814.202s][info][gc,task        ] GC(74) Using 4 of 4 workers for stw degenerated gc
[814.212s][info][gc,ref         ] GC(74) Clearing All SoftReferences
[814.321s][info][gc,ref         ] GC(74) Encountered references: Soft: 3300, Weak: 22646, Final: 34, Phantom: 907
[814.321s][info][gc,ref         ] GC(74) Discovered  references: Soft: 2771, Weak: 12142, Final: 0, Phantom: 758
[814.321s][info][gc,ref         ] GC(74) Enqueued    references: Soft: 1, Weak: 2, Final: 0, Phantom: 0
[814.327s][info][gc,ergo        ] GC(74) CSet Selection. Actual Free: 3484M, Max CSet: 2903M
[814.327s][info][gc,ergo        ] GC(74) Collectable Garbage: 7331M (99%), Immediate: 3072M (41%), CSet: 4259M (57%)
[814.421s][info][gc,ergo        ] GC(74) Good progress for free space: 7320M, need 83886K
[814.422s][info][gc,ergo        ] GC(74) Good progress for used space: 7320M, need 4096K
[814.422s][info][gc             ] GC(74) Pause Degenerated GC (Outside of Cycle) 7779M->459M(8192M) 220.013ms
[814.422s][info][gc,ergo        ] Free: 7312M, Max: 4096K regular, 6872M humongous, Frag: 7% external, 1% internal; Reserve: 412M, Max: 4096K
[814.422s][info][gc,stats       ] 
[814.422s][info][gc,stats       ] All times are wall-clock times, except per-root-class counters, that are sum over
[814.422s][info][gc,stats       ] all workers. Dividing the <total> over the root stage time estimates parallelism.
[814.422s][info][gc,stats       ] 
[814.422s][info][gc,stats       ] Pause Degenerated GC (G)         220078 us
[814.422s][info][gc,stats       ] Pause Degenerated GC (N)         220027 us
[814.422s][info][gc,stats       ]   Degen STW Mark                 108683 us, parallelism: 3.90x
[814.422s][info][gc,stats       ]     DSM: <total>                 424388 us
[814.422s][info][gc,stats       ]     DSM: Thread Roots               416 us, workers (us): 121, 121,  88,  87, 
[814.422s][info][gc,stats       ]     DSM: VM Strong Roots             29 us, workers (us):   9,  10,  11,   0, 
[814.422s][info][gc,stats       ]     DSM: CLDG Roots                 279 us, workers (us):  32,  32,  32, 182, 
[814.422s][info][gc,stats       ]     DSM: Parallel Mark           423663 us, workers (us): 105949, 105955, 105951, 105808, 
[814.422s][info][gc,stats       ]     System Purge                   7065 us
[814.422s][info][gc,stats       ]       Weak References              1274 us, parallelism: 1.14x
[814.422s][info][gc,stats       ]         WRP: <total>               1457 us
[814.422s][info][gc,stats       ]         WRP: Weak References       1457 us, workers (us): 213, 1192,  15,  37, 
[814.422s][info][gc,stats       ]       Unload Classes               5287 us, parallelism: 3.93x
[814.422s][info][gc,stats       ]         DCU: <total>              20794 us
[814.422s][info][gc,stats       ]         DCU: Unload Code Caches    20794 us, workers (us): 5224, 5216, 5178, 5175, 
[814.422s][info][gc,stats       ]       Weak Roots                    250 us, parallelism: 3.51x
[814.422s][info][gc,stats       ]         DWR: <total>                878 us
[814.422s][info][gc,stats       ]         DWR: VM Weak Roots          878 us, workers (us): 237, 237, 202, 202, 
[814.422s][info][gc,stats       ]       CLDG                            3 us
[814.422s][info][gc,stats       ]   Update Region States               37 us
[814.422s][info][gc,stats       ]   Manage GC/TLABs                    10 us
[814.422s][info][gc,stats       ]   Choose Collection Set              73 us
[814.422s][info][gc,stats       ]   Rebuild Free Set                   12 us
[814.422s][info][gc,stats       ]   Evacuation                      36033 us
[814.422s][info][gc,stats       ]   Manage GCLABs                      16 us
[814.422s][info][gc,stats       ]   Update References               50718 us
[814.422s][info][gc,stats       ]   Update Region States               44 us
[814.422s][info][gc,stats       ]   Trash Collection Set               11 us
[814.422s][info][gc,stats       ]   Rebuild Free Set                   12 us
[814.422s][info][gc,stats       ]   Degen Update Roots               5593 us, parallelism: 3.88x
[814.422s][info][gc,stats       ]     DU: <total>                   21688 us
[814.422s][info][gc,stats       ]     DU: Thread Roots                147 us, workers (us):   3,   1, 143,   1, 
[814.422s][info][gc,stats       ]     DU: Code Cache Roots          16546 us, workers (us): 4132, 4310, 3902, 4202, 
[814.422s][info][gc,stats       ]     DU: VM Strong Roots               7 us, workers (us):   2,   2,   1,   2, 
[814.422s][info][gc,stats       ]     DU: VM Weak Roots              4555 us, workers (us): 1139, 1141, 1137, 1138, 
[814.422s][info][gc,stats       ]     DU: CLDG Roots                  433 us, workers (us):  98,  71, 190,  73, 
[814.422s][info][gc,stats       ]   Cleanup                            45 us
[814.422s][info][gc,metaspace   ] Metaspace: 134674K(135744K)->134674K(135744K) NonClass: 113762K(114368K)->113762K(114368K) Class: 20912K(21376K)->20912K(21376K)
[824.158s][info][gc             ] Failed to allocate TLAB, 4096K
[824.158s][info][gc             ] Cancelling GC: Allocation Failure
[824.158s][info][gc             ] Trigger: Handle Allocation Failure
[824.158s][info][gc,ergo        ] Free: 0B, Max: 0B regular, 0B humongous, Frag: 0% external, 0% internal; Reserve: 412M, Max: 4096K
[824.158s][info][gc,start       ] GC(75) Pause Degenerated GC (Outside of Cycle)
[824.158s][info][gc,task        ] GC(75) Using 4 of 4 workers for stw degenerated gc
[824.173s][info][gc,ref         ] GC(75) Clearing All SoftReferences
[824.281s][info][gc,ref         ] GC(75) Encountered references: Soft: 3306, Weak: 22651, Final: 34, Phantom: 910
[824.281s][info][gc,ref         ] GC(75) Discovered  references: Soft: 2779, Weak: 14161, Final: 0, Phantom: 758
[824.281s][info][gc,ref         ] GC(75) Enqueued    references: Soft: 7, Weak: 6, Final: 0, Phantom: 0
[824.287s][info][gc,ergo        ] GC(75) CSet Selection. Actual Free: 2212M, Max CSet: 1843M
[824.287s][info][gc,ergo        ] GC(75) Collectable Garbage: 7290M (99%), Immediate: 1800M (24%), CSet: 5490M (75%)
[824.399s][info][gc,ergo        ] GC(75) Good progress for free space: 7284M, need 83886K
[824.399s][info][gc,ergo        ] GC(75) Good progress for used space: 7284M, need 4096K
[824.399s][info][gc             ] GC(75) Pause Degenerated GC (Outside of Cycle) 7779M->495M(8192M) 240.853ms
[824.399s][info][gc,ergo        ] Free: 7276M, Max: 4096K regular, 6836M humongous, Frag: 7% external, 1% internal; Reserve: 412M, Max: 4096K
[824.399s][info][gc,stats       ] 
[824.399s][info][gc,stats       ] All times are wall-clock times, except per-root-class counters, that are sum over
[824.399s][info][gc,stats       ] all workers. Dividing the <total> over the root stage time estimates parallelism.
[824.399s][info][gc,stats       ] 
[824.399s][info][gc,stats       ] Pause Degenerated GC (G)         240931 us
[824.399s][info][gc,stats       ] Pause Degenerated GC (N)         240869 us
[824.399s][info][gc,stats       ]   Degen STW Mark                 107352 us, parallelism: 3.92x
[824.399s][info][gc,stats       ]     DSM: <total>                 420919 us
[824.399s][info][gc,stats       ]     DSM: Thread Roots               579 us, workers (us): 166, 166, 126, 121, 
[824.399s][info][gc,stats       ]     DSM: VM Strong Roots             38 us, workers (us):   0,  15,  12,  12, 
[824.399s][info][gc,stats       ]     DSM: CLDG Roots                 457 us, workers (us): 257,  67,  67,  67, 
[824.399s][info][gc,stats       ]     DSM: Parallel Mark           419844 us, workers (us): 104824, 105005, 105008, 105006, 
[824.399s][info][gc,stats       ]     System Purge                   7061 us
[824.399s][info][gc,stats       ]       Weak References              1236 us, parallelism: 1.15x
[824.399s][info][gc,stats       ]         WRP: <total>               1425 us
[824.399s][info][gc,stats       ]         WRP: Weak References       1425 us, workers (us):  35, 223,  66, 1101, 
[824.399s][info][gc,stats       ]       Unload Classes               5114 us, parallelism: 3.94x
[824.399s][info][gc,stats       ]         DCU: <total>              20147 us
[824.399s][info][gc,stats       ]         DCU: Unload Code Caches    20147 us, workers (us): 5042, 5043, 5048, 5015, 
[824.399s][info][gc,stats       ]       Weak Roots                    247 us, parallelism: 3.35x
[824.399s][info][gc,stats       ]         DWR: <total>                828 us
[824.399s][info][gc,stats       ]         DWR: VM Weak Roots          828 us, workers (us): 207, 208, 207, 206, 
[824.399s][info][gc,stats       ]       CLDG                            3 us
[824.399s][info][gc,stats       ]   Update Region States               76 us
[824.399s][info][gc,stats       ]   Manage GC/TLABs                     9 us
[824.399s][info][gc,stats       ]   Choose Collection Set              73 us
[824.399s][info][gc,stats       ]   Rebuild Free Set                   11 us
[824.399s][info][gc,stats       ]   Evacuation                      42648 us
[824.399s][info][gc,stats       ]   Manage GCLABs                      12 us
[824.399s][info][gc,stats       ]   Update References               60453 us
[824.399s][info][gc,stats       ]   Update Region States               51 us
[824.399s][info][gc,stats       ]   Trash Collection Set               16 us
[824.399s][info][gc,stats       ]   Rebuild Free Set                   12 us
[824.400s][info][gc,stats       ]   Degen Update Roots               5947 us, parallelism: 3.84x
[824.400s][info][gc,stats       ]     DU: <total>                   22850 us
[824.400s][info][gc,stats       ]     DU: Thread Roots                181 us, workers (us): 123,  57,   1,   1, 
[824.400s][info][gc,stats       ]     DU: Code Cache Roots          17649 us, workers (us): 4288, 4250, 4662, 4449, 
[824.400s][info][gc,stats       ]     DU: VM Strong Roots               7 us, workers (us):   2,   2,   2,   1, 
[824.400s][info][gc,stats       ]     DU: VM Weak Roots              4569 us, workers (us): 1143, 1141, 1143, 1143, 
[824.400s][info][gc,stats       ]     DU: CLDG Roots                  444 us, workers (us):  99, 205,  70,  71, 
[824.400s][info][gc,stats       ]   Cleanup                            73 us
[824.400s][info][gc,metaspace   ] Metaspace: 134701K(135744K)->134701K(135744K) NonClass: 113789K(114368K)->113789K(114368K) Class: 20912K(21376K)->20912K(21376K)
[834.891s][info][gc             ] Failed to allocate TLAB, 4096K
[834.891s][info][gc             ] Cancelling GC: Allocation Failure
[834.892s][info][gc             ] Trigger: Handle Allocation Failure
[834.892s][info][gc,ergo        ] Free: 0B, Max: 0B regular, 0B humongous, Frag: 0% external, 0% internal; Reserve: 412M, Max: 4096K
[834.892s][info][gc,start       ] GC(76) Pause Degenerated GC (Outside of Cycle)
[834.892s][info][gc,task        ] GC(76) Using 4 of 4 workers for stw degenerated gc
[834.904s][info][gc,ref         ] GC(76) Clearing All SoftReferences
[835.003s][info][gc,ref         ] GC(76) Encountered references: Soft: 3300, Weak: 22648, Final: 34, Phantom: 913
[835.003s][info][gc,ref         ] GC(76) Discovered  references: Soft: 2770, Weak: 12352, Final: 0, Phantom: 762
[835.003s][info][gc,ref         ] GC(76) Enqueued    references: Soft: 1, Weak: 2, Final: 0, Phantom: 0
[835.009s][info][gc,ergo        ] GC(76) CSet Selection. Actual Free: 4200M, Max CSet: 3500M
[835.009s][info][gc,ergo        ] GC(76) Collectable Garbage: 7337M (99%), Immediate: 3788M (51%), CSet: 3549M (48%)
[835.082s][info][gc,ergo        ] GC(76) Good progress for free space: 7328M, need 83886K
[835.082s][info][gc,ergo        ] GC(76) Good progress for used space: 7328M, need 4096K
[835.082s][info][gc             ] GC(76) Pause Degenerated GC (Outside of Cycle) 7779M->451M(8192M) 190.258ms
[835.082s][info][gc,ergo        ] Free: 7316M, Max: 4096K regular, 6880M humongous, Frag: 6% external, 1% internal; Reserve: 412M, Max: 4096K
[835.082s][info][gc,stats       ] 
[835.082s][info][gc,stats       ] All times are wall-clock times, except per-root-class counters, that are sum over
[835.082s][info][gc,stats       ] all workers. Dividing the <total> over the root stage time estimates parallelism.
[835.082s][info][gc,stats       ] 
[835.082s][info][gc,stats       ] Pause Degenerated GC (G)         190340 us
[835.082s][info][gc,stats       ] Pause Degenerated GC (N)         190272 us
[835.082s][info][gc,stats       ]   Degen STW Mark                  98328 us, parallelism: 3.92x
[835.082s][info][gc,stats       ]     DSM: <total>                 385924 us
[835.082s][info][gc,stats       ]     DSM: Thread Roots               391 us, workers (us):  98,  98,  98,  97, 
[835.082s][info][gc,stats       ]     DSM: VM Strong Roots             26 us, workers (us):   9,   9,   0,   8, 
[835.082s][info][gc,stats       ]     DSM: CLDG Roots                 300 us, workers (us):  40,  40, 179,  40, 
[835.082s][info][gc,stats       ]     DSM: Parallel Mark           385208 us, workers (us): 96337, 96337, 96201, 96333, 
[835.082s][info][gc,stats       ]     System Purge                   6951 us
[835.082s][info][gc,stats       ]       Weak References              1242 us, parallelism: 1.03x
[835.082s][info][gc,stats       ]         WRP: <total>               1277 us
[835.082s][info][gc,stats       ]         WRP: Weak References       1277 us, workers (us):  77, 1146,  54,   0, 
[835.082s][info][gc,stats       ]       Unload Classes               5149 us, parallelism: 3.93x
[835.082s][info][gc,stats       ]         DCU: <total>              20250 us
[835.082s][info][gc,stats       ]         DCU: Unload Code Caches    20250 us, workers (us): 5086, 5074, 5039, 5051, 
[835.082s][info][gc,stats       ]       Weak Roots                    254 us, parallelism: 3.35x
[835.082s][info][gc,stats       ]         DWR: <total>                850 us
[835.082s][info][gc,stats       ]         DWR: VM Weak Roots          850 us, workers (us): 239, 208, 207, 195, 
[835.082s][info][gc,stats       ]       CLDG                            2 us
[835.082s][info][gc,stats       ]   Update Region States               36 us
[835.082s][info][gc,stats       ]   Manage GC/TLABs                     9 us
[835.082s][info][gc,stats       ]   Choose Collection Set              70 us
[835.082s][info][gc,stats       ]   Rebuild Free Set                   11 us
[835.082s][info][gc,stats       ]   Evacuation                      23160 us
[835.082s][info][gc,stats       ]   Manage GCLABs                       7 us
[835.082s][info][gc,stats       ]   Update References               42801 us
[835.082s][info][gc,stats       ]   Update Region States               39 us
[835.082s][info][gc,stats       ]   Trash Collection Set               13 us
[835.082s][info][gc,stats       ]   Rebuild Free Set                   12 us
[835.082s][info][gc,stats       ]   Degen Update Roots               5476 us, parallelism: 3.88x
[835.082s][info][gc,stats       ]     DU: <total>                   21247 us
[835.083s][info][gc,stats       ]     DU: Thread Roots                152 us, workers (us):  53,   1,  15,  83, 
[835.083s][info][gc,stats       ]     DU: Code Cache Roots          16310 us, workers (us): 4067, 4125, 4080, 4037, 
[835.083s][info][gc,stats       ]     DU: VM Strong Roots               6 us, workers (us):   3,   2,   1,   0, 
[835.083s][info][gc,stats       ]     DU: VM Weak Roots              4354 us, workers (us): 1095, 1095, 1095, 1070, 
[835.083s][info][gc,stats       ]     DU: CLDG Roots                  426 us, workers (us):  72, 187,  98,  70, 
[835.083s][info][gc,stats       ]   Cleanup                            37 us
[835.083s][info][gc,metaspace   ] Metaspace: 134707K(135808K)->134707K(135808K) NonClass: 113795K(114432K)->113795K(114432K) Class: 20912K(21376K)->20912K(21376K)
[845.296s][info][gc             ] Failed to allocate TLAB, 4096K
[845.296s][info][gc             ] Cancelling GC: Allocation Failure
[845.296s][info][gc             ] Trigger: Handle Allocation Failure
[845.296s][info][gc,ergo        ] Free: 0B, Max: 0B regular, 0B humongous, Frag: 0% external, 0% internal; Reserve: 412M, Max: 4096K
[845.296s][info][gc,start       ] GC(77) Pause Degenerated GC (Outside of Cycle)
[845.296s][info][gc,task        ] GC(77) Using 4 of 4 workers for stw degenerated gc
[845.304s][info][gc,ref         ] GC(77) Clearing All SoftReferences
[845.413s][info][gc,ref         ] GC(77) Encountered references: Soft: 3300, Weak: 22649, Final: 34, Phantom: 916
[845.413s][info][gc,ref         ] GC(77) Discovered  references: Soft: 791, Weak: 12306, Final: 34, Phantom: 707
[845.413s][info][gc,ref         ] GC(77) Enqueued    references: Soft: 1, Weak: 2, Final: 0, Phantom: 0
[845.418s][info][gc,ergo        ] GC(77) CSet Selection. Actual Free: 2436M, Max CSet: 2030M
[845.418s][info][gc,ergo        ] GC(77) Collectable Garbage: 7296M (99%), Immediate: 2024M (27%), CSet: 5272M (71%)
[845.513s][info][gc,ergo        ] GC(77) Good progress for free space: 7288M, need 83886K
[845.513s][info][gc,ergo        ] GC(77) Good progress for used space: 7288M, need 4096K
[845.513s][info][gc             ] GC(77) Pause Degenerated GC (Outside of Cycle) 7779M->491M(8192M) 216.790ms
[845.513s][info][gc,ergo        ] Free: 7276M, Max: 4096K regular, 6840M humongous, Frag: 6% external, 1% internal; Reserve: 412M, Max: 4096K
[845.513s][info][gc,stats       ] 
[845.513s][info][gc,stats       ] All times are wall-clock times, except per-root-class counters, that are sum over
[845.513s][info][gc,stats       ] all workers. Dividing the <total> over the root stage time estimates parallelism.
[845.513s][info][gc,stats       ] 
[845.513s][info][gc,stats       ] Pause Degenerated GC (G)         216880 us
[845.513s][info][gc,stats       ] Pause Degenerated GC (N)         216804 us
[845.513s][info][gc,stats       ]   Degen STW Mark                 107557 us, parallelism: 3.92x
[845.513s][info][gc,stats       ]     DSM: <total>                 421596 us
[845.513s][info][gc,stats       ]     DSM: Thread Roots               497 us, workers (us): 142, 141, 111, 104, 
[845.513s][info][gc,stats       ]     DSM: VM Strong Roots             34 us, workers (us):   0,  12,  10,  12, 
[845.513s][info][gc,stats       ]     DSM: CLDG Roots                 375 us, workers (us): 225,  50,  50,  50, 
[845.513s][info][gc,stats       ]     DSM: Parallel Mark           420690 us, workers (us): 105056, 105208, 105210, 105216, 
[845.513s][info][gc,stats       ]     System Purge                   6997 us
[845.513s][info][gc,stats       ]       Weak References              1248 us, parallelism: 1.07x
[845.513s][info][gc,stats       ]         WRP: <total>               1336 us
[845.513s][info][gc,stats       ]         WRP: Weak References       1336 us, workers (us): 134,  99, 1103,   0, 
[845.513s][info][gc,stats       ]       Unload Classes               5183 us, parallelism: 3.90x
[845.513s][info][gc,stats       ]         DCU: <total>              20235 us
[845.513s][info][gc,stats       ]         DCU: Unload Code Caches    20235 us, workers (us): 5073, 5071, 5058, 5033, 
[845.513s][info][gc,stats       ]       Weak Roots                    258 us, parallelism: 3.12x
[845.513s][info][gc,stats       ]         DWR: <total>                804 us
[845.513s][info][gc,stats       ]         DWR: VM Weak Roots          804 us, workers (us): 218, 218, 184, 184, 
[845.513s][info][gc,stats       ]       CLDG                            1 us
[845.513s][info][gc,stats       ]   Update Region States               49 us
[845.513s][info][gc,stats       ]   Manage GC/TLABs                     9 us
[845.513s][info][gc,stats       ]   Choose Collection Set              78 us
[845.513s][info][gc,stats       ]   Rebuild Free Set                   11 us
[845.513s][info][gc,stats       ]   Evacuation                      38705 us
[845.513s][info][gc,stats       ]   Manage GCLABs                       8 us
[845.513s][info][gc,stats       ]   Update References               47702 us
[845.513s][info][gc,stats       ]   Update Region States               41 us
[845.513s][info][gc,stats       ]   Trash Collection Set               16 us
[845.513s][info][gc,stats       ]   Rebuild Free Set                   12 us
[845.513s][info][gc,stats       ]   Degen Update Roots               5622 us, parallelism: 3.82x
[845.513s][info][gc,stats       ]     DU: <total>                   21478 us
[845.513s][info][gc,stats       ]     DU: Thread Roots                198 us, workers (us):  44,   6, 147,   1, 
[845.513s][info][gc,stats       ]     DU: Code Cache Roots          16559 us, workers (us): 4116, 4181, 3900, 4362, 
[845.513s][info][gc,stats       ]     DU: VM Strong Roots               6 us, workers (us):   3,   3,   0,   0, 
[845.513s][info][gc,stats       ]     DU: VM Weak Roots              4266 us, workers (us): 1083, 1082, 1057, 1043, 
[845.513s][info][gc,stats       ]     DU: CLDG Roots                  449 us, workers (us):  95,  72, 209,  72, 
[845.513s][info][gc,stats       ]   Cleanup                            55 us
[845.513s][info][gc,metaspace   ] Metaspace: 134710K(135808K)->134710K(135808K) NonClass: 113797K(114432K)->113797K(114432K) Class: 20912K(21376K)->20912K(21376K)
[854.918s][info][gc             ] Failed to allocate TLAB, 4096K
[854.918s][info][gc             ] Cancelling GC: Allocation Failure
[854.919s][info][gc             ] Trigger: Handle Allocation Failure
[854.919s][info][gc,ergo        ] Free: 0B, Max: 0B regular, 0B humongous, Frag: 0% external, 0% internal; Reserve: 412M, Max: 4096K
[854.919s][info][gc,start       ] GC(78) Pause Degenerated GC (Outside of Cycle)
[854.919s][info][gc,task        ] GC(78) Using 4 of 4 workers for stw degenerated gc
[854.935s][info][gc,ref         ] GC(78) Clearing All SoftReferences
[855.038s][info][gc,ref         ] GC(78) Encountered references: Soft: 3308, Weak: 22666, Final: 34, Phantom: 930
[855.038s][info][gc,ref         ] GC(78) Discovered  references: Soft: 2785, Weak: 12275, Final: 0, Phantom: 690
[855.038s][info][gc,ref         ] GC(78) Enqueued    references: Soft: 9, Weak: 15, Final: 0, Phantom: 8
[855.044s][info][gc,ergo        ] GC(78) CSet Selection. Actual Free: 4336M, Max CSet: 3613M
[855.044s][info][gc,ergo        ] GC(78) Collectable Garbage: 7339M (99%), Immediate: 3924M (53%), CSet: 3415M (46%)
[855.119s][info][gc,ergo        ] GC(78) Good progress for free space: 7332M, need 83886K
[855.119s][info][gc,ergo        ] GC(78) Good progress for used space: 7332M, need 4096K
[855.119s][info][gc             ] GC(78) Pause Degenerated GC (Outside of Cycle) 7779M->447M(8192M) 199.773ms
[855.119s][info][gc,ergo        ] Free: 7324M, Max: 4096K regular, 6884M humongous, Frag: 7% external, 1% internal; Reserve: 412M, Max: 4096K
[855.119s][info][gc,stats       ] 
[855.119s][info][gc,stats       ] All times are wall-clock times, except per-root-class counters, that are sum over
[855.119s][info][gc,stats       ] all workers. Dividing the <total> over the root stage time estimates parallelism.
[855.119s][info][gc,stats       ] 
[855.119s][info][gc,stats       ] Pause Degenerated GC (G)         199827 us
[855.119s][info][gc,stats       ] Pause Degenerated GC (N)         199787 us
[855.119s][info][gc,stats       ]   Degen STW Mark                 102033 us, parallelism: 3.91x
[855.119s][info][gc,stats       ]     DSM: <total>                 398892 us
[855.119s][info][gc,stats       ]     DSM: Thread Roots               369 us, workers (us): 113, 112,  72,  72, 
[855.119s][info][gc,stats       ]     DSM: VM Strong Roots             26 us, workers (us):   9,  10,   0,   8, 
[855.119s][info][gc,stats       ]     DSM: CLDG Roots                 300 us, workers (us):  38,  38, 187,  38, 
[855.119s][info][gc,stats       ]     DSM: Parallel Mark           398196 us, workers (us): 99585, 99587, 99441, 99584, 
[855.119s][info][gc,stats       ]     System Purge                   6979 us
[855.119s][info][gc,stats       ]       Weak References              1123 us, parallelism: 1.15x
[855.119s][info][gc,stats       ]         WRP: <total>               1296 us
[855.119s][info][gc,stats       ]         WRP: Weak References       1296 us, workers (us): 1018,  76,  65, 137, 
[855.119s][info][gc,stats       ]       Unload Classes               5251 us, parallelism: 3.94x
[855.119s][info][gc,stats       ]         DCU: <total>              20690 us
[855.119s][info][gc,stats       ]         DCU: Unload Code Caches    20690 us, workers (us): 5177, 5178, 5187, 5148, 
[855.119s][info][gc,stats       ]       Weak Roots                    256 us, parallelism: 3.24x
[855.119s][info][gc,stats       ]         DWR: <total>                830 us
[855.119s][info][gc,stats       ]         DWR: VM Weak Roots          830 us, workers (us): 216, 214, 214, 185, 
[855.119s][info][gc,stats       ]       CLDG                            3 us
[855.119s][info][gc,stats       ]   Update Region States               49 us
[855.119s][info][gc,stats       ]   Manage GC/TLABs                     9 us
[855.119s][info][gc,stats       ]   Choose Collection Set              69 us
[855.119s][info][gc,stats       ]   Rebuild Free Set                   11 us
[855.120s][info][gc,stats       ]   Evacuation                      22432 us
[855.120s][info][gc,stats       ]   Manage GCLABs                      15 us
[855.120s][info][gc,stats       ]   Update References               45860 us
[855.120s][info][gc,stats       ]   Update Region States               22 us
[855.120s][info][gc,stats       ]   Trash Collection Set               13 us
[855.120s][info][gc,stats       ]   Rebuild Free Set                   12 us
[855.120s][info][gc,stats       ]   Degen Update Roots               5441 us, parallelism: 3.85x
[855.120s][info][gc,stats       ]     DU: <total>                   20960 us
[855.120s][info][gc,stats       ]     DU: Thread Roots                142 us, workers (us):   1,   1, 122,  18, 
[855.120s][info][gc,stats       ]     DU: Code Cache Roots          16104 us, workers (us): 4074, 4117, 3892, 4021, 
[855.120s][info][gc,stats       ]     DU: VM Strong Roots               7 us, workers (us):   3,   2,   1,   2, 
[855.120s][info][gc,stats       ]     DU: VM Weak Roots              4295 us, workers (us): 1074, 1074, 1075, 1072, 
[855.120s][info][gc,stats       ]     DU: CLDG Roots                  412 us, workers (us):  69, 179,  93,  71, 
[855.120s][info][gc,stats       ]   Cleanup                            35 us
[855.120s][info][gc,metaspace   ] Metaspace: 134761K(135808K)->134761K(135808K) NonClass: 113841K(114432K)->113841K(114432K) Class: 20919K(21376K)->20919K(21376K)
[866.954s][info][gc             ] Failed to allocate TLAB, 4096K
[866.954s][info][gc             ] Cancelling GC: Allocation Failure
[866.955s][info][gc             ] Trigger: Handle Allocation Failure
[866.955s][info][gc,ergo        ] Free: 0B, Max: 0B regular, 0B humongous, Frag: 0% external, 0% internal; Reserve: 412M, Max: 4096K
[866.955s][info][gc,start       ] GC(79) Pause Degenerated GC (Outside of Cycle)
[866.955s][info][gc,task        ] GC(79) Using 4 of 4 workers for stw degenerated gc
[866.964s][info][gc,ref         ] GC(79) Clearing All SoftReferences
[867.070s][info][gc,ref         ] GC(79) Encountered references: Soft: 3300, Weak: 22658, Final: 34, Phantom: 931
[867.070s][info][gc,ref         ] GC(79) Discovered  references: Soft: 787, Weak: 11979, Final: 34, Phantom: 717
[867.070s][info][gc,ref         ] GC(79) Enqueued    references: Soft: 1, Weak: 4, Final: 0, Phantom: 0
[867.078s][info][gc,ergo        ] GC(79) CSet Selection. Actual Free: 2048M, Max CSet: 1706M
[867.079s][info][gc,ergo        ] GC(79) Collectable Garbage: 7309M (99%), Immediate: 1636M (22%), CSet: 5673M (77%)
[867.171s][info][gc,ergo        ] GC(79) Good progress for free space: 7300M, need 83886K
[867.171s][info][gc,ergo        ] GC(79) Good progress for used space: 7300M, need 4096K
[867.171s][info][gc             ] GC(79) Pause Degenerated GC (Outside of Cycle) 7779M->479M(8192M) 215.948ms
[867.171s][info][gc,ergo        ] Free: 7292M, Max: 4096K regular, 6796M humongous, Frag: 7% external, 1% internal; Reserve: 412M, Max: 4096K
[867.172s][info][gc,stats       ] 
[867.172s][info][gc,stats       ] All times are wall-clock times, except per-root-class counters, that are sum over
[867.172s][info][gc,stats       ] all workers. Dividing the <total> over the root stage time estimates parallelism.
[867.172s][info][gc,stats       ] 
[867.172s][info][gc,stats       ] Pause Degenerated GC (G)         216058 us
[867.172s][info][gc,stats       ] Pause Degenerated GC (N)         215963 us
[867.172s][info][gc,stats       ]   Degen STW Mark                 104619 us, parallelism: 3.90x
[867.172s][info][gc,stats       ]     DSM: <total>                 407807 us
[867.172s][info][gc,stats       ]     DSM: Thread Roots               413 us, workers (us): 104, 103, 103, 102, 
[867.172s][info][gc,stats       ]     DSM: VM Strong Roots             27 us, workers (us):   0,   9,   8,  11, 
[867.172s][info][gc,stats       ]     DSM: CLDG Roots                 288 us, workers (us): 175,  38,  38,  38, 
[867.172s][info][gc,stats       ]     DSM: Parallel Mark           407079 us, workers (us): 101686, 101808, 101793, 101792, 
[867.172s][info][gc,stats       ]     System Purge                   9423 us
[867.172s][info][gc,stats       ]       Weak References              1514 us, parallelism: 1.08x
[867.172s][info][gc,stats       ]         WRP: <total>               1640 us
[867.172s][info][gc,stats       ]         WRP: Weak References       1640 us, workers (us): 1408, 165,  67,   0, 
[867.172s][info][gc,stats       ]       Unload Classes               6591 us, parallelism: 3.93x
[867.172s][info][gc,stats       ]         DCU: <total>              25906 us
[867.172s][info][gc,stats       ]         DCU: Unload Code Caches    25906 us, workers (us): 6491, 6477, 6477, 6461, 
[867.172s][info][gc,stats       ]       Weak Roots                    407 us, parallelism: 3.68x
[867.172s][info][gc,stats       ]         DWR: <total>               1496 us
[867.172s][info][gc,stats       ]         DWR: VM Weak Roots         1496 us, workers (us): 392, 392, 357, 355, 
[867.172s][info][gc,stats       ]       CLDG                            7 us
[867.172s][info][gc,stats       ]   Update Region States               89 us
[867.172s][info][gc,stats       ]   Manage GC/TLABs                    11 us
[867.172s][info][gc,stats       ]   Choose Collection Set              95 us
[867.172s][info][gc,stats       ]   Rebuild Free Set                   11 us
[867.172s][info][gc,stats       ]   Evacuation                      38331 us
[867.172s][info][gc,stats       ]   Manage GCLABs                       8 us
[867.172s][info][gc,stats       ]   Update References               46869 us
[867.172s][info][gc,stats       ]   Update Region States               91 us
[867.172s][info][gc,stats       ]   Trash Collection Set               19 us
[867.172s][info][gc,stats       ]   Rebuild Free Set                   11 us
[867.172s][info][gc,stats       ]   Degen Update Roots               5451 us, parallelism: 3.86x
[867.172s][info][gc,stats       ]     DU: <total>                   21067 us
[867.172s][info][gc,stats       ]     DU: Thread Roots                139 us, workers (us): 126,   1,  11,   1, 
[867.172s][info][gc,stats       ]     DU: Code Cache Roots          16143 us, workers (us): 3924, 4096, 3926, 4197, 
[867.172s][info][gc,stats       ]     DU: VM Strong Roots               7 us, workers (us):   2,   2,   2,   1, 
[867.172s][info][gc,stats       ]     DU: VM Weak Roots              4361 us, workers (us): 1091, 1092, 1089, 1090, 
[867.172s][info][gc,stats       ]     DU: CLDG Roots                  416 us, workers (us):  69,  69, 184,  95, 
[867.172s][info][gc,stats       ]   Cleanup                            59 us
[867.172s][info][gc,metaspace   ] Metaspace: 134763K(135808K)->134763K(135808K) NonClass: 113843K(114432K)->113843K(114432K) Class: 20919K(21376K)->20919K(21376K)
[877.926s][info][gc             ] Failed to allocate TLAB, 4096K
[877.927s][info][gc             ] Cancelling GC: Allocation Failure
[877.927s][info][gc             ] Trigger: Handle Allocation Failure
[877.927s][info][gc,ergo        ] Free: 0B, Max: 0B regular, 0B humongous, Frag: 0% external, 0% internal; Reserve: 412M, Max: 4096K
[877.927s][info][gc,start       ] GC(80) Pause Degenerated GC (Outside of Cycle)
[877.927s][info][gc,task        ] GC(80) Using 4 of 4 workers for stw degenerated gc
[877.938s][info][gc,ref         ] GC(80) Clearing All SoftReferences
[878.051s][info][gc,ref         ] GC(80) Encountered references: Soft: 3306, Weak: 22659, Final: 34, Phantom: 934
[878.051s][info][gc,ref         ] GC(80) Discovered  references: Soft: 2777, Weak: 12062, Final: 0, Phantom: 689
[878.052s][info][gc,ref         ] GC(80) Enqueued    references: Soft: 7, Weak: 4, Final: 0, Phantom: 0
[878.057s][info][gc,ergo        ] GC(80) CSet Selection. Actual Free: 3224M, Max CSet: 2686M
[878.057s][info][gc,ergo        ] GC(80) Collectable Garbage: 7283M (99%), Immediate: 2812M (38%), CSet: 4471M (61%)
[878.154s][info][gc,ergo        ] GC(80) Good progress for free space: 7272M, need 83886K
[878.154s][info][gc,ergo        ] GC(80) Good progress for used space: 7272M, need 4096K
[878.154s][info][gc             ] GC(80) Pause Degenerated GC (Outside of Cycle) 7779M->507M(8192M) 227.514ms
[878.154s][info][gc,ergo        ] Free: 7260M, Max: 4096K regular, 6672M humongous, Frag: 9% external, 1% internal; Reserve: 412M, Max: 4096K
[878.154s][info][gc,stats       ] 
[878.154s][info][gc,stats       ] All times are wall-clock times, except per-root-class counters, that are sum over
[878.154s][info][gc,stats       ] all workers. Dividing the <total> over the root stage time estimates parallelism.
[878.155s][info][gc,stats       ] 
[878.155s][info][gc,stats       ] Pause Degenerated GC (G)         227603 us
[878.155s][info][gc,stats       ] Pause Degenerated GC (N)         227528 us
[878.155s][info][gc,stats       ]   Degen STW Mark                 112652 us, parallelism: 3.93x
[878.155s][info][gc,stats       ]     DSM: <total>                 443242 us
[878.155s][info][gc,stats       ]     DSM: Thread Roots               343 us, workers (us): 104, 104,  69,  67, 
[878.155s][info][gc,stats       ]     DSM: VM Strong Roots             27 us, workers (us):   0,   8,   8,  10, 
[878.155s][info][gc,stats       ]     DSM: CLDG Roots                 282 us, workers (us): 172,  37,  37,  37, 
[878.155s][info][gc,stats       ]     DSM: Parallel Mark           442590 us, workers (us): 110551, 110682, 110678, 110679, 
[878.155s][info][gc,stats       ]     System Purge                   6698 us
[878.155s][info][gc,stats       ]       Weak References              1092 us, parallelism: 1.13x
[878.155s][info][gc,stats       ]         WRP: <total>               1238 us
[878.155s][info][gc,stats       ]         WRP: Weak References       1238 us, workers (us):  47, 1018, 173,   0, 
[878.155s][info][gc,stats       ]       Unload Classes               5153 us, parallelism: 3.91x
[878.155s][info][gc,stats       ]         DCU: <total>              20137 us
[878.155s][info][gc,stats       ]         DCU: Unload Code Caches    20137 us, workers (us): 5042, 5051, 5036, 5008, 
[878.155s][info][gc,stats       ]       Weak Roots                    232 us, parallelism: 3.51x
[878.155s][info][gc,stats       ]         DWR: <total>                815 us
[878.155s][info][gc,stats       ]         DWR: VM Weak Roots          815 us, workers (us): 222, 222, 193, 178, 
[878.155s][info][gc,stats       ]       CLDG                            2 us
[878.155s][info][gc,stats       ]   Update Region States               37 us
[878.155s][info][gc,stats       ]   Manage GC/TLABs                     9 us
[878.155s][info][gc,stats       ]   Choose Collection Set              98 us
[878.155s][info][gc,stats       ]   Rebuild Free Set                   12 us
[878.155s][info][gc,stats       ]   Evacuation                      36420 us
[878.155s][info][gc,stats       ]   Manage GCLABs                       6 us
[878.155s][info][gc,stats       ]   Update References               53232 us
[878.155s][info][gc,stats       ]   Update Region States               67 us
[878.155s][info][gc,stats       ]   Trash Collection Set               16 us
[878.155s][info][gc,stats       ]   Rebuild Free Set                   13 us
[878.155s][info][gc,stats       ]   Degen Update Roots               5490 us, parallelism: 3.85x
[878.155s][info][gc,stats       ]     DU: <total>                   21149 us
[878.155s][info][gc,stats       ]     DU: Thread Roots                141 us, workers (us):   1, 127,   1,  12, 
[878.155s][info][gc,stats       ]     DU: Code Cache Roots          16297 us, workers (us): 4001, 3981, 4219, 4096, 
[878.155s][info][gc,stats       ]     DU: VM Strong Roots               6 us, workers (us):   2,   2,   2,   0, 
[878.155s][info][gc,stats       ]     DU: VM Weak Roots              4301 us, workers (us): 1083, 1082, 1082, 1055, 
[878.155s][info][gc,stats       ]     DU: CLDG Roots                  404 us, workers (us): 176,  67,  91,  68, 
[878.155s][info][gc,stats       ]   Cleanup                            45 us
[878.155s][info][gc,metaspace   ] Metaspace: 134771K(135808K)->134771K(135808K) NonClass: 113851K(114432K)->113851K(114432K) Class: 20919K(21376K)->20919K(21376K)
[890.137s][info][gc             ] Failed to allocate TLAB, 4096K
[890.137s][info][gc             ] Cancelling GC: Allocation Failure
[890.138s][info][gc             ] Trigger: Handle Allocation Failure
[890.138s][info][gc,ergo        ] Free: 0B, Max: 0B regular, 0B humongous, Frag: 0% external, 0% internal; Reserve: 412M, Max: 4096K
[890.138s][info][gc,start       ] GC(81) Pause Degenerated GC (Outside of Cycle)
[890.138s][info][gc,task        ] GC(81) Using 4 of 4 workers for stw degenerated gc
[890.149s][info][gc,ref         ] GC(81) Clearing All SoftReferences
[890.255s][info][gc,ref         ] GC(81) Encountered references: Soft: 3303, Weak: 22672, Final: 34, Phantom: 944
[890.255s][info][gc,ref         ] GC(81) Discovered  references: Soft: 2710, Weak: 12379, Final: 0, Phantom: 699
[890.255s][info][gc,ref         ] GC(81) Enqueued    references: Soft: 4, Weak: 11, Final: 0, Phantom: 4
[890.261s][info][gc,ergo        ] GC(81) CSet Selection. Actual Free: 3136M, Max CSet: 2613M
[890.261s][info][gc,ergo        ] GC(81) Collectable Garbage: 7331M (99%), Immediate: 2724M (37%), CSet: 4607M (62%)
[890.342s][info][gc,ergo        ] GC(81) Good progress for free space: 7328M, need 83886K
[890.342s][info][gc,ergo        ] GC(81) Good progress for used space: 7328M, need 4096K
[890.342s][info][gc             ] GC(81) Pause Degenerated GC (Outside of Cycle) 7779M->451M(8192M) 203.531ms
[890.342s][info][gc,ergo        ] Free: 7316M, Max: 4096K regular, 6880M humongous, Frag: 6% external, 1% internal; Reserve: 412M, Max: 4096K
[890.342s][info][gc,stats       ] 
[890.342s][info][gc,stats       ] All times are wall-clock times, except per-root-class counters, that are sum over
[890.342s][info][gc,stats       ] all workers. Dividing the <total> over the root stage time estimates parallelism.
[890.342s][info][gc,stats       ] 
[890.342s][info][gc,stats       ] Pause Degenerated GC (G)         203652 us
[890.342s][info][gc,stats       ] Pause Degenerated GC (N)         203545 us
[890.342s][info][gc,stats       ]   Degen STW Mark                 105257 us, parallelism: 3.92x
[890.342s][info][gc,stats       ]     DSM: <total>                 412836 us
[890.342s][info][gc,stats       ]     DSM: Thread Roots               822 us, workers (us): 228, 202, 197, 196, 
[890.342s][info][gc,stats       ]     DSM: VM Strong Roots             38 us, workers (us):  11,   0,  11,  15, 
[890.342s][info][gc,stats       ]     DSM: CLDG Roots                 506 us, workers (us):  88, 243,  88,  88, 
[890.342s][info][gc,stats       ]     DSM: Parallel Mark           411470 us, workers (us): 102902, 102759, 102902, 102908, 
[890.342s][info][gc,stats       ]     System Purge                   7616 us
[890.342s][info][gc,stats       ]       Weak References              1111 us, parallelism: 1.16x
[890.342s][info][gc,stats       ]         WRP: <total>               1289 us
[890.342s][info][gc,stats       ]         WRP: Weak References       1289 us, workers (us): 151, 1008,  58,  72, 
[890.342s][info][gc,stats       ]       Unload Classes               5881 us, parallelism: 3.92x
[890.342s][info][gc,stats       ]         DCU: <total>              23075 us
[890.342s][info][gc,stats       ]         DCU: Unload Code Caches    23075 us, workers (us): 5773, 5781, 5774, 5747, 
[890.342s][info][gc,stats       ]       Weak Roots                    257 us, parallelism: 3.17x
[890.342s][info][gc,stats       ]         DWR: <total>                814 us
[890.342s][info][gc,stats       ]         DWR: VM Weak Roots          814 us, workers (us): 213, 212, 212, 178, 
[890.342s][info][gc,stats       ]       CLDG                            5 us
[890.342s][info][gc,stats       ]   Update Region States               51 us
[890.342s][info][gc,stats       ]   Manage GC/TLABs                     8 us
[890.342s][info][gc,stats       ]   Choose Collection Set              72 us
[890.342s][info][gc,stats       ]   Rebuild Free Set                   11 us
[890.342s][info][gc,stats       ]   Evacuation                      26180 us
[890.342s][info][gc,stats       ]   Manage GCLABs                       7 us
[890.342s][info][gc,stats       ]   Update References               44013 us
[890.342s][info][gc,stats       ]   Update Region States               42 us
[890.342s][info][gc,stats       ]   Trash Collection Set               17 us
[890.342s][info][gc,stats       ]   Rebuild Free Set                   13 us
[890.342s][info][gc,stats       ]   Degen Update Roots               7480 us, parallelism: 3.87x
[890.342s][info][gc,stats       ]     DU: <total>                   28953 us
[890.342s][info][gc,stats       ]     DU: Thread Roots                185 us, workers (us):   1,  68, 115,   1, 
[890.342s][info][gc,stats       ]     DU: Code Cache Roots          20356 us, workers (us): 5368, 5020, 5018, 4949, 
[890.342s][info][gc,stats       ]     DU: VM Strong Roots               8 us, workers (us):   3,   3,   2,   0, 
[890.342s][info][gc,stats       ]     DU: VM Weak Roots              7691 us, workers (us): 1929, 1929, 1933, 1900, 
[890.342s][info][gc,stats       ]     DU: CLDG Roots                  714 us, workers (us):  94, 140,  90, 389, 
[890.342s][info][gc,stats       ]   Cleanup                            47 us
[890.342s][info][gc,metaspace   ] Metaspace: 134783K(135808K)->134783K(135808K) NonClass: 113861K(114432K)->113861K(114432K) Class: 20922K(21376K)->20922K(21376K)
[899.247s][info][gc             ] Failed to allocate TLAB, 4096K
[899.247s][info][gc             ] Cancelling GC: Allocation Failure
[899.248s][info][gc             ] Trigger: Handle Allocation Failure
[899.248s][info][gc,ergo        ] Free: 0B, Max: 0B regular, 0B humongous, Frag: 0% external, 0% internal; Reserve: 412M, Max: 4096K
[899.248s][info][gc,start       ] GC(82) Pause Degenerated GC (Outside of Cycle)
[899.248s][info][gc,task        ] GC(82) Using 4 of 4 workers for stw degenerated gc
[899.258s][info][gc,ref         ] GC(82) Clearing All SoftReferences
[899.376s][info][gc,ref         ] GC(82) Encountered references: Soft: 3300, Weak: 22664, Final: 34, Phantom: 944
[899.376s][info][gc,ref         ] GC(82) Discovered  references: Soft: 2763, Weak: 12323, Final: 1, Phantom: 697
[899.376s][info][gc,ref         ] GC(82) Enqueued    references: Soft: 1, Weak: 2, Final: 0, Phantom: 0
[899.382s][info][gc,ergo        ] GC(82) CSet Selection. Actual Free: 2236M, Max CSet: 1863M
[899.382s][info][gc,ergo        ] GC(82) Collectable Garbage: 7273M (99%), Immediate: 1824M (24%), CSet: 5449M (74%)
[899.483s][info][gc,ergo        ] GC(82) Good progress for free space: 7264M, need 83886K
[899.483s][info][gc,ergo        ] GC(82) Good progress for used space: 7264M, need 4096K
[899.484s][info][gc             ] GC(82) Pause Degenerated GC (Outside of Cycle) 7779M->515M(8192M) 235.283ms
[899.484s][info][gc,ergo        ] Free: 7256M, Max: 4096K regular, 6816M humongous, Frag: 7% external, 1% internal; Reserve: 412M, Max: 4096K
[899.484s][info][gc,stats       ] 
[899.484s][info][gc,stats       ] All times are wall-clock times, except per-root-class counters, that are sum over
[899.484s][info][gc,stats       ] all workers. Dividing the <total> over the root stage time estimates parallelism.
[899.484s][info][gc,stats       ] 
[899.484s][info][gc,stats       ] Pause Degenerated GC (G)         235381 us
[899.484s][info][gc,stats       ] Pause Degenerated GC (N)         235296 us
[899.484s][info][gc,stats       ]   Degen STW Mark                 116878 us, parallelism: 3.93x
[899.484s][info][gc,stats       ]     DSM: <total>                 459665 us
[899.484s][info][gc,stats       ]     DSM: Thread Roots               384 us, workers (us): 105, 105, 105,  69, 
[899.484s][info][gc,stats       ]     DSM: VM Strong Roots             26 us, workers (us):   0,  10,   8,   8, 
[899.484s][info][gc,stats       ]     DSM: CLDG Roots                 269 us, workers (us): 167,  34,  34,  34, 
[899.484s][info][gc,stats       ]     DSM: Parallel Mark           458986 us, workers (us): 114649, 114775, 114780, 114782, 
[899.484s][info][gc,stats       ]     System Purge                   7027 us
[899.484s][info][gc,stats       ]       Weak References              1240 us, parallelism: 1.03x
[899.484s][info][gc,stats       ]         WRP: <total>               1278 us
[899.484s][info][gc,stats       ]         WRP: Weak References       1278 us, workers (us): 1135,  41, 101,   0, 
[899.484s][info][gc,stats       ]       Unload Classes               5315 us, parallelism: 3.95x
[899.484s][info][gc,stats       ]         DCU: <total>              20968 us
[899.484s][info][gc,stats       ]         DCU: Unload Code Caches    20968 us, workers (us): 5246, 5246, 5252, 5225, 
[899.484s][info][gc,stats       ]       Weak Roots                    244 us, parallelism: 3.24x
[899.484s][info][gc,stats       ]         DWR: <total>                789 us
[899.484s][info][gc,stats       ]         DWR: VM Weak Roots          789 us, workers (us): 205, 204, 204, 175, 
[899.484s][info][gc,stats       ]       CLDG                            1 us
[899.484s][info][gc,stats       ]   Update Region States               65 us
[899.484s][info][gc,stats       ]   Manage GC/TLABs                     8 us
[899.484s][info][gc,stats       ]   Choose Collection Set              74 us
[899.484s][info][gc,stats       ]   Rebuild Free Set                   11 us
[899.484s][info][gc,stats       ]   Evacuation                      44330 us
[899.484s][info][gc,stats       ]   Manage GCLABs                       7 us
[899.484s][info][gc,stats       ]   Update References               49145 us
[899.484s][info][gc,stats       ]   Update Region States               51 us
[899.484s][info][gc,stats       ]   Trash Collection Set               17 us
[899.484s][info][gc,stats       ]   Rebuild Free Set                   12 us
[899.484s][info][gc,stats       ]   Degen Update Roots               5979 us, parallelism: 3.87x
[899.484s][info][gc,stats       ]     DU: <total>                   23160 us
[899.484s][info][gc,stats       ]     DU: Thread Roots                200 us, workers (us): 125,   2,  34,  41, 
[899.484s][info][gc,stats       ]     DU: Code Cache Roots          18223 us, workers (us): 4453, 4641, 4568, 4561, 
[899.484s][info][gc,stats       ]     DU: VM Strong Roots               6 us, workers (us):   2,   2,   2,   0, 
[899.484s][info][gc,stats       ]     DU: VM Weak Roots              4326 us, workers (us): 1089, 1089, 1088, 1060, 
[899.484s][info][gc,stats       ]     DU: CLDG Roots                  404 us, workers (us):  91, 178,  68,  68, 
[899.484s][info][gc,stats       ]   Cleanup                            52 us
[899.484s][info][gc,metaspace   ] Metaspace: 134784K(135808K)->134784K(135808K) NonClass: 113861K(114432K)->113861K(114432K) Class: 20922K(21376K)->20922K(21376K)
[910.787s][info][gc             ] Failed to allocate TLAB, 4096K
[910.787s][info][gc             ] Cancelling GC: Allocation Failure
[910.787s][info][gc             ] Trigger: Handle Allocation Failure
[910.787s][info][gc,ergo        ] Free: 0B, Max: 0B regular, 0B humongous, Frag: 0% external, 0% internal; Reserve: 412M, Max: 4096K
[910.787s][info][gc,start       ] GC(83) Pause Degenerated GC (Outside of Cycle)
[910.787s][info][gc,task        ] GC(83) Using 4 of 4 workers for stw degenerated gc
[910.799s][info][gc,ref         ] GC(83) Clearing All SoftReferences
[910.906s][info][gc,ref         ] GC(83) Encountered references: Soft: 3306, Weak: 22667, Final: 34, Phantom: 946
[910.906s][info][gc,ref         ] GC(83) Discovered  references: Soft: 1410, Weak: 12298, Final: 0, Phantom: 698
[910.906s][info][gc,ref         ] GC(83) Enqueued    references: Soft: 7, Weak: 4, Final: 0, Phantom: 0
[910.912s][info][gc,ergo        ] GC(83) CSet Selection. Actual Free: 2976M, Max CSet: 2480M
[910.912s][info][gc,ergo        ] GC(83) Collectable Garbage: 7317M (99%), Immediate: 2564M (34%), CSet: 4753M (64%)
[911.000s][info][gc,ergo        ] GC(83) Good progress for free space: 7312M, need 83886K
[911.000s][info][gc,ergo        ] GC(83) Good progress for used space: 7312M, need 4096K
[911.000s][info][gc             ] GC(83) Pause Degenerated GC (Outside of Cycle) 7779M->467M(8192M) 212.406ms
[911.000s][info][gc,ergo        ] Free: 7300M, Max: 4096K regular, 6232M humongous, Frag: 15% external, 1% internal; Reserve: 412M, Max: 4096K
[911.000s][info][gc,stats       ] 
[911.000s][info][gc,stats       ] All times are wall-clock times, except per-root-class counters, that are sum over
[911.000s][info][gc,stats       ] all workers. Dividing the <total> over the root stage time estimates parallelism.
[911.000s][info][gc,stats       ] 
[911.000s][info][gc,stats       ] Pause Degenerated GC (G)         212494 us
[911.000s][info][gc,stats       ] Pause Degenerated GC (N)         212421 us
[911.000s][info][gc,stats       ]   Degen STW Mark                 106041 us, parallelism: 3.92x
[911.000s][info][gc,stats       ]     DSM: <total>                 415820 us
[911.000s][info][gc,stats       ]     DSM: Thread Roots               580 us, workers (us): 164, 164, 134, 119, 
[911.000s][info][gc,stats       ]     DSM: VM Strong Roots             42 us, workers (us):  15,   0,  15,  11, 
[911.000s][info][gc,stats       ]     DSM: CLDG Roots                 457 us, workers (us):  60, 278,  60,  59, 
[911.000s][info][gc,stats       ]     DSM: Parallel Mark           414740 us, workers (us): 103741, 103528, 103736, 103736, 
[911.000s][info][gc,stats       ]     System Purge                   6909 us
[911.000s][info][gc,stats       ]       Weak References              1119 us, parallelism: 1.08x
[911.000s][info][gc,stats       ]         WRP: <total>               1212 us
[911.000s][info][gc,stats       ]         WRP: Weak References       1212 us, workers (us): 1006,  50, 122,  34, 
[911.000s][info][gc,stats       ]       Unload Classes               5197 us, parallelism: 3.92x
[911.000s][info][gc,stats       ]         DCU: <total>              20350 us
[911.000s][info][gc,stats       ]         DCU: Unload Code Caches    20350 us, workers (us): 5136, 5069, 5069, 5075, 
[911.000s][info][gc,stats       ]       Weak Roots                    248 us, parallelism: 3.33x
[911.000s][info][gc,stats       ]         DWR: <total>                828 us
[911.000s][info][gc,stats       ]         DWR: VM Weak Roots          828 us, workers (us): 238, 209, 191, 191, 
[911.000s][info][gc,stats       ]       CLDG                            3 us
[911.000s][info][gc,stats       ]   Update Region States               49 us
[911.000s][info][gc,stats       ]   Manage GC/TLABs                     8 us
[911.000s][info][gc,stats       ]   Choose Collection Set              63 us
[911.000s][info][gc,stats       ]   Rebuild Free Set                   10 us
[911.000s][info][gc,stats       ]   Evacuation                      32230 us
[911.000s][info][gc,stats       ]   Manage GCLABs                       6 us
[911.000s][info][gc,stats       ]   Update References               47074 us
[911.000s][info][gc,stats       ]   Update Region States               23 us
[911.000s][info][gc,stats       ]   Trash Collection Set               15 us
[911.000s][info][gc,stats       ]   Rebuild Free Set                   11 us
[911.000s][info][gc,stats       ]   Degen Update Roots               6287 us, parallelism: 3.87x
[911.000s][info][gc,stats       ]     DU: <total>                   24350 us
[911.000s][info][gc,stats       ]     DU: Thread Roots                150 us, workers (us):  83,   1,  66,   1, 
[911.000s][info][gc,stats       ]     DU: Code Cache Roots          17591 us, workers (us): 4216, 4450, 4338, 4586, 
[911.000s][info][gc,stats       ]     DU: VM Strong Roots              11 us, workers (us):   3,   3,   3,   2, 
[911.000s][info][gc,stats       ]     DU: VM Weak Roots              6150 us, workers (us): 1536, 1538, 1537, 1538, 
[911.000s][info][gc,stats       ]     DU: CLDG Roots                  449 us, workers (us): 208,  69, 103,  69, 
[911.000s][info][gc,stats       ]   Cleanup                            57 us
[911.000s][info][gc,metaspace   ] Metaspace: 134793K(135872K)->134793K(135872K) NonClass: 113871K(114496K)->113871K(114496K) Class: 20922K(21376K)->20922K(21376K)
[920.488s][info][gc             ] Failed to allocate TLAB, 4096K
[920.488s][info][gc             ] Cancelling GC: Allocation Failure
[920.489s][info][gc             ] Trigger: Handle Allocation Failure
[920.489s][info][gc,ergo        ] Free: 0B, Max: 0B regular, 0B humongous, Frag: 0% external, 0% internal; Reserve: 412M, Max: 4096K
[920.489s][info][gc,start       ] GC(84) Pause Degenerated GC (Outside of Cycle)
[920.489s][info][gc,task        ] GC(84) Using 4 of 4 workers for stw degenerated gc
[920.499s][info][gc,ref         ] GC(84) Clearing All SoftReferences
[920.618s][info][gc,ref         ] GC(84) Encountered references: Soft: 3300, Weak: 22670, Final: 34, Phantom: 953
[920.618s][info][gc,ref         ] GC(84) Discovered  references: Soft: 2772, Weak: 12059, Final: 0, Phantom: 702
[920.618s][info][gc,ref         ] GC(84) Enqueued    references: Soft: 1, Weak: 5, Final: 0, Phantom: 0
[920.624s][info][gc,ergo        ] GC(84) CSet Selection. Actual Free: 2104M, Max CSet: 1753M
[920.624s][info][gc,ergo        ] GC(84) Collectable Garbage: 7279M (99%), Immediate: 1692M (23%), CSet: 5587M (76%)
[920.728s][info][gc,ergo        ] GC(84) Good progress for free space: 7276M, need 83886K
[920.728s][info][gc,ergo        ] GC(84) Good progress for used space: 7276M, need 4096K
[920.728s][info][gc             ] GC(84) Pause Degenerated GC (Outside of Cycle) 7779M->503M(8192M) 238.771ms
[920.728s][info][gc,ergo        ] Free: 7264M, Max: 4096K regular, 6752M humongous, Frag: 8% external, 1% internal; Reserve: 412M, Max: 4096K
[920.728s][info][gc,stats       ] 
[920.728s][info][gc,stats       ] All times are wall-clock times, except per-root-class counters, that are sum over
[920.728s][info][gc,stats       ] all workers. Dividing the <total> over the root stage time estimates parallelism.
[920.728s][info][gc,stats       ] 
[920.728s][info][gc,stats       ] Pause Degenerated GC (G)         238901 us
[920.728s][info][gc,stats       ] Pause Degenerated GC (N)         238784 us
[920.728s][info][gc,stats       ]   Degen STW Mark                 117831 us, parallelism: 3.92x
[920.728s][info][gc,stats       ]     DSM: <total>                 462224 us
[920.728s][info][gc,stats       ]     DSM: Thread Roots               438 us, workers (us): 117, 117, 116,  88, 
[920.728s][info][gc,stats       ]     DSM: VM Strong Roots             37 us, workers (us):  11,   0,  11,  14, 
[920.728s][info][gc,stats       ]     DSM: CLDG Roots                 301 us, workers (us):  37, 189,  37,  37, 
[920.728s][info][gc,stats       ]     DSM: Parallel Mark           461449 us, workers (us): 115404, 115253, 115400, 115392, 
[920.728s][info][gc,stats       ]     System Purge                   7010 us
[920.728s][info][gc,stats       ]       Weak References              1100 us, parallelism: 1.12x
[920.728s][info][gc,stats       ]         WRP: <total>               1231 us
[920.728s][info][gc,stats       ]         WRP: Weak References       1231 us, workers (us): 1007, 138,  86,   0, 
[920.728s][info][gc,stats       ]       Unload Classes               5307 us, parallelism: 3.93x
[920.728s][info][gc,stats       ]         DCU: <total>              20870 us
[920.728s][info][gc,stats       ]         DCU: Unload Code Caches    20870 us, workers (us): 5228, 5238, 5202, 5202, 
[920.728s][info][gc,stats       ]       Weak Roots                    261 us, parallelism: 3.10x
[920.728s][info][gc,stats       ]         DWR: <total>                808 us
[920.728s][info][gc,stats       ]         DWR: VM Weak Roots          808 us, workers (us): 220, 219, 184, 184, 
[920.728s][info][gc,stats       ]       CLDG                            2 us
[920.728s][info][gc,stats       ]   Update Region States               48 us
[920.728s][info][gc,stats       ]   Manage GC/TLABs                    10 us
[920.728s][info][gc,stats       ]   Choose Collection Set              70 us
[920.728s][info][gc,stats       ]   Rebuild Free Set                   10 us
[920.728s][info][gc,stats       ]   Evacuation                      44899 us
[920.728s][info][gc,stats       ]   Manage GCLABs                       7 us
[920.728s][info][gc,stats       ]   Update References               51066 us
[920.728s][info][gc,stats       ]   Update Region States               22 us
[920.728s][info][gc,stats       ]   Trash Collection Set               17 us
[920.728s][info][gc,stats       ]   Rebuild Free Set                   11 us
[920.728s][info][gc,stats       ]   Degen Update Roots               5633 us, parallelism: 3.87x
[920.728s][info][gc,stats       ]     DU: <total>                   21824 us
[920.728s][info][gc,stats       ]     DU: Thread Roots                161 us, workers (us):  89,   1,  57,  15, 
[920.728s][info][gc,stats       ]     DU: Code Cache Roots          16927 us, workers (us): 4068, 4408, 4191, 4259, 
[920.728s][info][gc,stats       ]     DU: VM Strong Roots               6 us, workers (us):   2,   2,   1,   0, 
[920.728s][info][gc,stats       ]     DU: VM Weak Roots              4313 us, workers (us): 1086, 1086, 1085, 1057, 
[920.728s][info][gc,stats       ]     DU: CLDG Roots                  416 us, workers (us): 184,  68,  95,  70, 
[920.728s][info][gc,stats       ]   Cleanup                            53 us
[920.728s][info][gc,metaspace   ] Metaspace: 134797K(135872K)->134797K(135872K) NonClass: 113874K(114496K)->113874K(114496K) Class: 20922K(21376K)->20922K(21376K)
[929.435s][info][gc             ] Failed to allocate TLAB, 4096K
[929.435s][info][gc             ] Cancelling GC: Allocation Failure
[929.436s][info][gc             ] Trigger: Handle Allocation Failure
[929.436s][info][gc,ergo        ] Free: 0B, Max: 0B regular, 0B humongous, Frag: 0% external, 0% internal; Reserve: 412M, Max: 4096K
[929.436s][info][gc,start       ] GC(85) Pause Degenerated GC (Outside of Cycle)
[929.436s][info][gc,task        ] GC(85) Using 4 of 4 workers for stw degenerated gc
[929.452s][info][gc,ref         ] GC(85) Clearing All SoftReferences
[929.565s][info][gc,ref         ] GC(85) Encountered references: Soft: 3300, Weak: 22668, Final: 34, Phantom: 955
[929.565s][info][gc,ref         ] GC(85) Discovered  references: Soft: 2773, Weak: 14709, Final: 0, Phantom: 703
[929.565s][info][gc,ref         ] GC(85) Enqueued    references: Soft: 1, Weak: 2, Final: 0, Phantom: 0
[929.572s][info][gc,ergo        ] GC(85) CSet Selection. Actual Free: 4700M, Max CSet: 3916M
[929.572s][info][gc,ergo        ] GC(85) Collectable Garbage: 7309M (99%), Immediate: 4288M (58%), CSet: 3021M (41%)
[929.668s][info][gc,ergo        ] GC(85) Good progress for free space: 7304M, need 83886K
[929.668s][info][gc,ergo        ] GC(85) Good progress for used space: 7304M, need 4096K
[929.668s][info][gc             ] GC(85) Pause Degenerated GC (Outside of Cycle) 7779M->475M(8192M) 232.176ms
[929.668s][info][gc,ergo        ] Free: 7288M, Max: 4096K regular, 6856M humongous, Frag: 6% external, 1% internal; Reserve: 412M, Max: 4096K
[929.668s][info][gc,stats       ] 
[929.668s][info][gc,stats       ] All times are wall-clock times, except per-root-class counters, that are sum over
[929.668s][info][gc,stats       ] all workers. Dividing the <total> over the root stage time estimates parallelism.
[929.668s][info][gc,stats       ] 
[929.668s][info][gc,stats       ] Pause Degenerated GC (G)         232266 us
[929.668s][info][gc,stats       ] Pause Degenerated GC (N)         232190 us
[929.668s][info][gc,stats       ]   Degen STW Mark                 112351 us, parallelism: 3.92x
[929.668s][info][gc,stats       ]     DSM: <total>                 439869 us
[929.668s][info][gc,stats       ]     DSM: Thread Roots               471 us, workers (us): 126, 125, 126,  94, 
[929.668s][info][gc,stats       ]     DSM: VM Strong Roots             33 us, workers (us):   9,  11,   0,  12, 
[929.668s][info][gc,stats       ]     DSM: CLDG Roots                 327 us, workers (us):  36,  36, 219,  36, 
[929.668s][info][gc,stats       ]     DSM: Parallel Mark           439039 us, workers (us): 109806, 109805, 109627, 109800, 
[929.668s][info][gc,stats       ]     System Purge                   7848 us
[929.668s][info][gc,stats       ]       Weak References              1317 us, parallelism: 1.24x
[929.668s][info][gc,stats       ]         WRP: <total>               1638 us
[929.668s][info][gc,stats       ]         WRP: Weak References       1638 us, workers (us): 107,  80, 267, 1183, 
[929.668s][info][gc,stats       ]       Unload Classes               5735 us, parallelism: 3.92x
[929.668s][info][gc,stats       ]         DCU: <total>              22507 us
[929.668s][info][gc,stats       ]         DCU: Unload Code Caches    22507 us, workers (us): 5662, 5624, 5611, 5610, 
[929.668s][info][gc,stats       ]       Weak Roots                    298 us, parallelism: 3.41x
[929.669s][info][gc,stats       ]         DWR: <total>               1018 us
[929.669s][info][gc,stats       ]         DWR: VM Weak Roots         1018 us, workers (us): 285, 257, 238, 238, 
[929.669s][info][gc,stats       ]       CLDG                            4 us
[929.669s][info][gc,stats       ]   Update Region States               41 us
[929.669s][info][gc,stats       ]   Manage GC/TLABs                    10 us
[929.669s][info][gc,stats       ]   Choose Collection Set              80 us
[929.669s][info][gc,stats       ]   Rebuild Free Set                   11 us
[929.669s][info][gc,stats       ]   Evacuation                      35582 us
[929.669s][info][gc,stats       ]   Manage GCLABs                      21 us
[929.669s][info][gc,stats       ]   Update References               52842 us
[929.669s][info][gc,stats       ]   Update Region States               64 us
[929.669s][info][gc,stats       ]   Trash Collection Set               12 us
[929.669s][info][gc,stats       ]   Rebuild Free Set                   12 us
[929.669s][info][gc,stats       ]   Degen Update Roots               5685 us, parallelism: 3.85x
[929.669s][info][gc,stats       ]     DU: <total>                   21910 us
[929.669s][info][gc,stats       ]     DU: Thread Roots                155 us, workers (us):  21,   1,  79,  55, 
[929.669s][info][gc,stats       ]     DU: Code Cache Roots          16962 us, workers (us): 4265, 4292, 4176, 4230, 
[929.669s][info][gc,stats       ]     DU: VM Strong Roots               6 us, workers (us):   3,   3,   0,   0, 
[929.669s][info][gc,stats       ]     DU: VM Weak Roots              4357 us, workers (us): 1104, 1106, 1080, 1067, 
[929.669s][info][gc,stats       ]     DU: CLDG Roots                  429 us, workers (us):  71, 186, 102,  70, 
[929.669s][info][gc,stats       ]   Cleanup                            34 us
[929.669s][info][gc,metaspace   ] Metaspace: 134807K(135936K)->134807K(135936K) NonClass: 113884K(114560K)->113884K(114560K) Class: 20922K(21376K)->20922K(21376K)
[941.049s][info][gc             ] Failed to allocate TLAB, 4096K
[941.049s][info][gc             ] Cancelling GC: Allocation Failure
[941.049s][info][gc             ] Trigger: Handle Allocation Failure
[941.049s][info][gc,ergo        ] Free: 0B, Max: 0B regular, 0B humongous, Frag: 0% external, 0% internal; Reserve: 412M, Max: 4096K
[941.050s][info][gc,start       ] GC(86) Pause Degenerated GC (Outside of Cycle)
[941.050s][info][gc,task        ] GC(86) Using 4 of 4 workers for stw degenerated gc
[941.056s][info][gc,ref         ] GC(86) Clearing All SoftReferences
[941.175s][info][gc,ref         ] GC(86) Encountered references: Soft: 3307, Weak: 22673, Final: 34, Phantom: 962
[941.175s][info][gc,ref         ] GC(86) Discovered  references: Soft: 793, Weak: 12322, Final: 34, Phantom: 738
[941.175s][info][gc,ref         ] GC(86) Enqueued    references: Soft: 8, Weak: 5, Final: 0, Phantom: 0
[941.182s][info][gc,ergo        ] GC(86) CSet Selection. Actual Free: 1856M, Max CSet: 1546M
[941.182s][info][gc,ergo        ] GC(86) Collectable Garbage: 7280M (99%), Immediate: 1444M (19%), CSet: 5836M (79%)
[941.284s][info][gc,ergo        ] GC(86) Good progress for free space: 7276M, need 83886K
[941.284s][info][gc,ergo        ] GC(86) Good progress for used space: 7276M, need 4096K
[941.284s][info][gc             ] GC(86) Pause Degenerated GC (Outside of Cycle) 7779M->503M(8192M) 234.244ms
[941.284s][info][gc,ergo        ] Free: 7268M, Max: 4096K regular, 6828M humongous, Frag: 7% external, 1% internal; Reserve: 412M, Max: 4096K
[941.284s][info][gc,stats       ] 
[941.284s][info][gc,stats       ] All times are wall-clock times, except per-root-class counters, that are sum over
[941.284s][info][gc,stats       ] all workers. Dividing the <total> over the root stage time estimates parallelism.
[941.284s][info][gc,stats       ] 
[941.284s][info][gc,stats       ] Pause Degenerated GC (G)         234300 us
[941.284s][info][gc,stats       ] Pause Degenerated GC (N)         234258 us
[941.284s][info][gc,stats       ]   Degen STW Mark                 118625 us, parallelism: 3.92x
[941.284s][info][gc,stats       ]     DSM: <total>                 464706 us
[941.284s][info][gc,stats       ]     DSM: Thread Roots               480 us, workers (us): 121, 120, 119, 120, 
[941.284s][info][gc,stats       ]     DSM: VM Strong Roots             28 us, workers (us):   0,   9,   8,  11, 
[941.284s][info][gc,stats       ]     DSM: CLDG Roots                 292 us, workers (us): 181,  37,  37,  37, 
[941.284s][info][gc,stats       ]     DSM: Parallel Mark           463906 us, workers (us): 115882, 116007, 116007, 116012, 
[941.284s][info][gc,stats       ]     System Purge                   7363 us
[941.284s][info][gc,stats       ]       Weak References              1167 us, parallelism: 1.07x
[941.284s][info][gc,stats       ]         WRP: <total>               1245 us
[941.284s][info][gc,stats       ]         WRP: Weak References       1245 us, workers (us): 111,  91, 1043,   0, 
[941.284s][info][gc,stats       ]       Unload Classes               5459 us, parallelism: 3.94x
[941.284s][info][gc,stats       ]         DCU: <total>              21490 us
[941.284s][info][gc,stats       ]         DCU: Unload Code Caches    21490 us, workers (us): 5394, 5385, 5362, 5350, 
[941.284s][info][gc,stats       ]       Weak Roots                    252 us, parallelism: 3.52x
[941.284s][info][gc,stats       ]         DWR: <total>                887 us
[941.284s][info][gc,stats       ]         DWR: VM Weak Roots          887 us, workers (us): 241, 240, 203, 203, 
[941.284s][info][gc,stats       ]       CLDG                            8 us
[941.284s][info][gc,stats       ]   Update Region States               40 us
[941.284s][info][gc,stats       ]   Manage GC/TLABs                     8 us
[941.284s][info][gc,stats       ]   Choose Collection Set              77 us
[941.284s][info][gc,stats       ]   Rebuild Free Set                   10 us
[941.284s][info][gc,stats       ]   Evacuation                      42236 us
[941.284s][info][gc,stats       ]   Manage GCLABs                      13 us
[941.284s][info][gc,stats       ]   Update References               52519 us
[941.284s][info][gc,stats       ]   Update Region States               36 us
[941.284s][info][gc,stats       ]   Trash Collection Set               17 us
[941.284s][info][gc,stats       ]   Rebuild Free Set                   11 us
[941.284s][info][gc,stats       ]   Degen Update Roots               5493 us, parallelism: 3.89x
[941.284s][info][gc,stats       ]     DU: <total>                   21348 us
[941.284s][info][gc,stats       ]     DU: Thread Roots                165 us, workers (us):   1,  39,  63,  62, 
[941.284s][info][gc,stats       ]     DU: Code Cache Roots          16437 us, workers (us): 4144, 4124, 4100, 4070, 
[941.284s][info][gc,stats       ]     DU: VM Strong Roots               7 us, workers (us):   3,   2,   1,   0, 
[941.284s][info][gc,stats       ]     DU: VM Weak Roots              4314 us, workers (us): 1086, 1084, 1087, 1057, 
[941.284s][info][gc,stats       ]     DU: CLDG Roots                  425 us, workers (us): 183,  71,  69, 101, 
[941.284s][info][gc,stats       ]   Cleanup                            55 us
[941.284s][info][gc,metaspace   ] Metaspace: 134810K(135936K)->134810K(135936K) NonClass: 113887K(114560K)->113887K(114560K) Class: 20922K(21376K)->20922K(21376K)
[949.420s][info][gc             ] Failed to allocate TLAB, 4096K
[949.420s][info][gc             ] Cancelling GC: Allocation Failure
[949.421s][info][gc             ] Trigger: Handle Allocation Failure
[949.421s][info][gc,ergo        ] Free: 0B, Max: 0B regular, 0B humongous, Frag: 0% external, 0% internal; Reserve: 412M, Max: 4096K
[949.421s][info][gc,start       ] GC(87) Pause Degenerated GC (Outside of Cycle)
[949.421s][info][gc,task        ] GC(87) Using 4 of 4 workers for stw degenerated gc
[949.434s][info][gc,ref         ] GC(87) Clearing All SoftReferences
[949.555s][info][gc,ref         ] GC(87) Encountered references: Soft: 3300, Weak: 22671, Final: 34, Phantom: 962
[949.555s][info][gc,ref         ] GC(87) Discovered  references: Soft: 2773, Weak: 12254, Final: 0, Phantom: 708
[949.555s][info][gc,ref         ] GC(87) Enqueued    references: Soft: 1, Weak: 3, Final: 0, Phantom: 0
[949.561s][info][gc,ergo        ] GC(87) CSet Selection. Actual Free: 2532M, Max CSet: 2110M
[949.561s][info][gc,ergo        ] GC(87) Collectable Garbage: 7239M (99%), Immediate: 2120M (29%), CSet: 5119M (70%)
[949.700s][info][gc,ergo        ] GC(87) Good progress for free space: 7232M, need 83886K
[949.700s][info][gc,ergo        ] GC(87) Good progress for used space: 7232M, need 4096K
[949.700s][info][gc             ] GC(87) Pause Degenerated GC (Outside of Cycle) 7779M->547M(8192M) 279.640ms
[949.700s][info][gc,ergo        ] Free: 7216M, Max: 4096K regular, 6784M humongous, Frag: 6% external, 1% internal; Reserve: 412M, Max: 4096K
[949.700s][info][gc,stats       ] 
[949.700s][info][gc,stats       ] All times are wall-clock times, except per-root-class counters, that are sum over
[949.700s][info][gc,stats       ] all workers. Dividing the <total> over the root stage time estimates parallelism.
[949.700s][info][gc,stats       ] 
[949.700s][info][gc,stats       ] Pause Degenerated GC (G)         279727 us
[949.700s][info][gc,stats       ] Pause Degenerated GC (N)         279654 us
[949.700s][info][gc,stats       ]   Degen STW Mark                 119802 us, parallelism: 3.93x
[949.700s][info][gc,stats       ]     DSM: <total>                 470885 us
[949.700s][info][gc,stats       ]     DSM: Thread Roots               410 us, workers (us): 120, 120,  86,  84, 
[949.700s][info][gc,stats       ]     DSM: VM Strong Roots             26 us, workers (us):   8,  10,   8,   0, 
[949.700s][info][gc,stats       ]     DSM: CLDG Roots                 304 us, workers (us):  38,  38,  38, 191, 
[949.701s][info][gc,stats       ]     DSM: Parallel Mark           470144 us, workers (us): 117578, 117568, 117572, 117426, 
[949.701s][info][gc,stats       ]     System Purge                   6834 us
[949.701s][info][gc,stats       ]       Weak References              1093 us, parallelism: 1.18x
[949.701s][info][gc,stats       ]         WRP: <total>               1292 us
[949.701s][info][gc,stats       ]         WRP: Weak References       1292 us, workers (us): 1016,  78, 142,  56, 
[949.701s][info][gc,stats       ]       Unload Classes               5226 us, parallelism: 3.94x
[949.701s][info][gc,stats       ]         DCU: <total>              20573 us
[949.701s][info][gc,stats       ]         DCU: Unload Code Caches    20573 us, workers (us): 5157, 5163, 5132, 5121, 
[949.701s][info][gc,stats       ]       Weak Roots                    219 us, parallelism: 3.64x
[949.701s][info][gc,stats       ]         DWR: <total>                797 us
[949.701s][info][gc,stats       ]         DWR: VM Weak Roots          797 us, workers (us): 207, 207, 206, 177, 
[949.701s][info][gc,stats       ]       CLDG                            3 us
[949.701s][info][gc,stats       ]   Update Region States               37 us
[949.701s][info][gc,stats       ]   Manage GC/TLABs                     8 us
[949.701s][info][gc,stats       ]   Choose Collection Set              67 us
[949.701s][info][gc,stats       ]   Rebuild Free Set                   11 us
[949.701s][info][gc,stats       ]   Evacuation                      62525 us
[949.701s][info][gc,stats       ]   Manage GCLABs                       8 us
[949.701s][info][gc,stats       ]   Update References               69593 us
[949.701s][info][gc,stats       ]   Update Region States               38 us
[949.701s][info][gc,stats       ]   Trash Collection Set               13 us
[949.701s][info][gc,stats       ]   Rebuild Free Set                   12 us
[949.701s][info][gc,stats       ]   Degen Update Roots               5514 us, parallelism: 3.88x
[949.701s][info][gc,stats       ]     DU: <total>                   21401 us
[949.701s][info][gc,stats       ]     DU: Thread Roots                175 us, workers (us):   1, 106,  48,  19, 
[949.701s][info][gc,stats       ]     DU: Code Cache Roots          16490 us, workers (us): 4297, 4048, 4131, 4015, 
[949.701s][info][gc,stats       ]     DU: VM Strong Roots               8 us, workers (us):   3,   3,   3,   0, 
[949.701s][info][gc,stats       ]     DU: VM Weak Roots              4288 us, workers (us): 1077, 1080, 1078, 1053, 
[949.701s][info][gc,stats       ]     DU: CLDG Roots                  440 us, workers (us):  69,  91,  67, 213, 
[949.701s][info][gc,stats       ]   Cleanup                            54 us
[949.701s][info][gc,metaspace   ] Metaspace: 134813K(135936K)->134813K(135936K) NonClass: 113890K(114560K)->113890K(114560K) Class: 20922K(21376K)->20922K(21376K)
[959.816s][info][gc             ] Failed to allocate TLAB, 4096K
[959.816s][info][gc             ] Cancelling GC: Allocation Failure
[959.817s][info][gc             ] Trigger: Handle Allocation Failure
[959.817s][info][gc,ergo        ] Free: 0B, Max: 0B regular, 0B humongous, Frag: 0% external, 0% internal; Reserve: 412M, Max: 4096K
[959.817s][info][gc,start       ] GC(88) Pause Degenerated GC (Outside of Cycle)
[959.817s][info][gc,task        ] GC(88) Using 4 of 4 workers for stw degenerated gc
[959.830s][info][gc,ref         ] GC(88) Clearing All SoftReferences
[959.936s][info][gc,ref         ] GC(88) Encountered references: Soft: 3300, Weak: 22671, Final: 34, Phantom: 964
[959.936s][info][gc,ref         ] GC(88) Discovered  references: Soft: 2773, Weak: 12208, Final: 0, Phantom: 711
[959.936s][info][gc,ref         ] GC(88) Enqueued    references: Soft: 1, Weak: 2, Final: 0, Phantom: 0
[959.941s][info][gc,ergo        ] GC(88) CSet Selection. Actual Free: 2796M, Max CSet: 2330M
[959.941s][info][gc,ergo        ] GC(88) Collectable Garbage: 7318M (99%), Immediate: 2384M (32%), CSet: 4934M (67%)
[960.028s][info][gc,ergo        ] GC(88) Good progress for free space: 7308M, need 83886K
[960.028s][info][gc,ergo        ] GC(88) Good progress for used space: 7308M, need 4096K
[960.028s][info][gc             ] GC(88) Pause Degenerated GC (Outside of Cycle) 7779M->471M(8192M) 210.786ms
[960.028s][info][gc,ergo        ] Free: 7296M, Max: 4096K regular, 6860M humongous, Frag: 6% external, 1% internal; Reserve: 412M, Max: 4096K
[960.028s][info][gc,stats       ] 
[960.028s][info][gc,stats       ] All times are wall-clock times, except per-root-class counters, that are sum over
[960.028s][info][gc,stats       ] all workers. Dividing the <total> over the root stage time estimates parallelism.
[960.028s][info][gc,stats       ] 
[960.028s][info][gc,stats       ] Pause Degenerated GC (G)         210881 us
[960.028s][info][gc,stats       ] Pause Degenerated GC (N)         210800 us
[960.028s][info][gc,stats       ]   Degen STW Mark                 105010 us, parallelism: 3.91x
[960.028s][info][gc,stats       ]     DSM: <total>                 410862 us
[960.028s][info][gc,stats       ]     DSM: Thread Roots               692 us, workers (us): 181, 179, 182, 151, 
[960.028s][info][gc,stats       ]     DSM: VM Strong Roots             43 us, workers (us):  14,   0,  16,  14, 
[960.028s][info][gc,stats       ]     DSM: CLDG Roots                 494 us, workers (us):  68, 292,  66,  68, 
[960.028s][info][gc,stats       ]     DSM: Parallel Mark           409633 us, workers (us): 102457, 102246, 102461, 102469, 
[960.028s][info][gc,stats       ]     System Purge                   6768 us
[960.028s][info][gc,stats       ]       Weak References              1088 us, parallelism: 1.14x
[960.028s][info][gc,stats       ]         WRP: <total>               1235 us
[960.028s][info][gc,stats       ]         WRP: Weak References       1235 us, workers (us): 111,  90,  55, 978, 
[960.028s][info][gc,stats       ]       Unload Classes               5177 us, parallelism: 3.92x
[960.028s][info][gc,stats       ]         DCU: <total>              20281 us
[960.028s][info][gc,stats       ]         DCU: Unload Code Caches    20281 us, workers (us): 5079, 5074, 5085, 5043, 
[960.028s][info][gc,stats       ]       Weak Roots                    246 us, parallelism: 3.52x
[960.028s][info][gc,stats       ]         DWR: <total>                867 us
[960.028s][info][gc,stats       ]         DWR: VM Weak Roots          867 us, workers (us): 235, 234, 205, 193, 
[960.028s][info][gc,stats       ]       CLDG                            3 us
[960.028s][info][gc,stats       ]   Update Region States               54 us
[960.028s][info][gc,stats       ]   Manage GC/TLABs                    15 us
[960.028s][info][gc,stats       ]   Choose Collection Set              72 us
[960.028s][info][gc,stats       ]   Rebuild Free Set                   11 us
[960.028s][info][gc,stats       ]   Evacuation                      32825 us
[960.028s][info][gc,stats       ]   Manage GCLABs                      13 us
[960.028s][info][gc,stats       ]   Update References               46114 us
[960.028s][info][gc,stats       ]   Update Region States               75 us
[960.028s][info][gc,stats       ]   Trash Collection Set               16 us
[960.028s][info][gc,stats       ]   Rebuild Free Set                   12 us
[960.028s][info][gc,stats       ]   Degen Update Roots               5689 us, parallelism: 3.86x
[960.028s][info][gc,stats       ]     DU: <total>                   21933 us
[960.028s][info][gc,stats       ]     DU: Thread Roots                165 us, workers (us):  30,   1,  87,  48, 
[960.028s][info][gc,stats       ]     DU: Code Cache Roots          17032 us, workers (us): 4271, 4319, 4189, 4253, 
[960.028s][info][gc,stats       ]     DU: VM Strong Roots               7 us, workers (us):   3,   2,   2,   0, 
[960.028s][info][gc,stats       ]     DU: VM Weak Roots              4321 us, workers (us): 1086, 1087, 1086, 1062, 
[960.029s][info][gc,stats       ]     DU: CLDG Roots                  408 us, workers (us):  67, 183,  92,  66, 
[960.029s][info][gc,stats       ]   Cleanup                            51 us
[960.029s][info][gc,metaspace   ] Metaspace: 134817K(135936K)->134817K(135936K) NonClass: 113894K(114560K)->113894K(114560K) Class: 20922K(21376K)->20922K(21376K)
[969.606s][info][gc             ] Failed to allocate TLAB, 4096K
[969.606s][info][gc             ] Cancelling GC: Allocation Failure
[969.606s][info][gc             ] Trigger: Handle Allocation Failure
[969.606s][info][gc,ergo        ] Free: 0B, Max: 0B regular, 0B humongous, Frag: 0% external, 0% internal; Reserve: 412M, Max: 4096K
[969.606s][info][gc,start       ] GC(89) Pause Degenerated GC (Outside of Cycle)
[969.606s][info][gc,task        ] GC(89) Using 4 of 4 workers for stw degenerated gc
[969.617s][info][gc,ref         ] GC(89) Clearing All SoftReferences
[969.725s][info][gc,ref         ] GC(89) Encountered references: Soft: 3306, Weak: 22674, Final: 34, Phantom: 968
[969.725s][info][gc,ref         ] GC(89) Discovered  references: Soft: 796, Weak: 12160, Final: 34, Phantom: 741
[969.725s][info][gc,ref         ] GC(89) Enqueued    references: Soft: 7, Weak: 4, Final: 0, Phantom: 0
[969.731s][info][gc,ergo        ] GC(89) CSet Selection. Actual Free: 2420M, Max CSet: 2016M
[969.731s][info][gc,ergo        ] GC(89) Collectable Garbage: 7283M (99%), Immediate: 2008M (27%), CSet: 5275M (72%)
[969.828s][info][gc,ergo        ] GC(89) Good progress for free space: 7276M, need 83886K
[969.828s][info][gc,ergo        ] GC(89) Good progress for used space: 7276M, need 4096K
[969.828s][info][gc             ] GC(89) Pause Degenerated GC (Outside of Cycle) 7779M->503M(8192M) 222.086ms
[969.829s][info][gc,ergo        ] Free: 7252M, Max: 4096K regular, 6828M humongous, Frag: 6% external, 1% internal; Reserve: 412M, Max: 4096K
[969.829s][info][gc,stats       ] 
[969.829s][info][gc,stats       ] All times are wall-clock times, except per-root-class counters, that are sum over
[969.829s][info][gc,stats       ] all workers. Dividing the <total> over the root stage time estimates parallelism.
[969.829s][info][gc,stats       ] 
[969.829s][info][gc,stats       ] Pause Degenerated GC (G)         222182 us
[969.829s][info][gc,stats       ] Pause Degenerated GC (N)         222100 us
[969.829s][info][gc,stats       ]   Degen STW Mark                 107243 us, parallelism: 3.93x
[969.829s][info][gc,stats       ]     DSM: <total>                 421474 us
[969.829s][info][gc,stats       ]     DSM: Thread Roots               456 us, workers (us): 125, 124, 122,  85, 
[969.829s][info][gc,stats       ]     DSM: VM Strong Roots             36 us, workers (us):  10,  13,  13,   0, 
[969.829s][info][gc,stats       ]     DSM: CLDG Roots                 367 us, workers (us):  45,  45,  45, 233, 
[969.829s][info][gc,stats       ]     DSM: Parallel Mark           420615 us, workers (us): 105197, 105194, 105196, 105028, 
[969.829s][info][gc,stats       ]     System Purge                   6879 us
[969.829s][info][gc,stats       ]       Weak References              1083 us, parallelism: 1.08x
[969.829s][info][gc,stats       ]         WRP: <total>               1165 us
[969.829s][info][gc,stats       ]         WRP: Weak References       1165 us, workers (us):  44,  35, 999,  87, 
[969.829s][info][gc,stats       ]       Unload Classes               5226 us, parallelism: 3.94x
[969.829s][info][gc,stats       ]         DCU: <total>              20598 us
[969.829s][info][gc,stats       ]         DCU: Unload Code Caches    20598 us, workers (us): 5153, 5165, 5156, 5124, 
[969.829s][info][gc,stats       ]       Weak Roots                    216 us, parallelism: 3.61x
[969.829s][info][gc,stats       ]         DWR: <total>                779 us
[969.829s][info][gc,stats       ]         DWR: VM Weak Roots          779 us, workers (us): 204, 205, 204, 165, 
[969.829s][info][gc,stats       ]       CLDG                            2 us
[969.829s][info][gc,stats       ]   Update Region States               36 us
[969.829s][info][gc,stats       ]   Manage GC/TLABs                     9 us
[969.829s][info][gc,stats       ]   Choose Collection Set              71 us
[969.829s][info][gc,stats       ]   Rebuild Free Set                   11 us
[969.829s][info][gc,stats       ]   Evacuation                      41038 us
[969.829s][info][gc,stats       ]   Manage GCLABs                       8 us
[969.829s][info][gc,stats       ]   Update References               48813 us
[969.829s][info][gc,stats       ]   Update Region States               42 us
[969.829s][info][gc,stats       ]   Trash Collection Set               17 us
[969.829s][info][gc,stats       ]   Rebuild Free Set                   14 us
[969.829s][info][gc,stats       ]   Degen Update Roots               5515 us, parallelism: 3.90x
[969.829s][info][gc,stats       ]     DU: <total>                   21484 us
[969.829s][info][gc,stats       ]     DU: Thread Roots                153 us, workers (us): 102,   1,  49,   1, 
[969.829s][info][gc,stats       ]     DU: Code Cache Roots          16490 us, workers (us): 3946, 4233, 4116, 4193, 
[969.829s][info][gc,stats       ]     DU: VM Strong Roots               7 us, workers (us):   2,   2,   2,   0, 
[969.829s][info][gc,stats       ]     DU: VM Weak Roots              4423 us, workers (us): 1110, 1113, 1113, 1087, 
[969.829s][info][gc,stats       ]     DU: CLDG Roots                  412 us, workers (us): 186,  92,  67,  67, 
[969.829s][info][gc,stats       ]   Cleanup                            51 us
[969.829s][info][gc,metaspace   ] Metaspace: 134819K(135936K)->134819K(135936K) NonClass: 113896K(114560K)->113896K(114560K) Class: 20922K(21376K)->20922K(21376K)
[977.783s][info][gc             ] Failed to allocate TLAB, 4096K
[977.783s][info][gc             ] Cancelling GC: Allocation Failure
[977.784s][info][gc             ] Trigger: Handle Allocation Failure
[977.784s][info][gc,ergo        ] Free: 0B, Max: 0B regular, 0B humongous, Frag: 0% external, 0% internal; Reserve: 412M, Max: 4096K
[977.784s][info][gc,start       ] GC(90) Pause Degenerated GC (Outside of Cycle)
[977.784s][info][gc,task        ] GC(90) Using 4 of 4 workers for stw degenerated gc
[977.796s][info][gc,ref         ] GC(90) Clearing All SoftReferences
[977.905s][info][gc,ref         ] GC(90) Encountered references: Soft: 3300, Weak: 22673, Final: 34, Phantom: 967
[977.905s][info][gc,ref         ] GC(90) Discovered  references: Soft: 2770, Weak: 12305, Final: 0, Phantom: 712
[977.905s][info][gc,ref         ] GC(90) Enqueued    references: Soft: 1, Weak: 3, Final: 0, Phantom: 0
[977.911s][info][gc,ergo        ] GC(90) CSet Selection. Actual Free: 3504M, Max CSet: 2920M
[977.911s][info][gc,ergo        ] GC(90) Collectable Garbage: 7313M (99%), Immediate: 3092M (42%), CSet: 4221M (57%)
[977.999s][info][gc,ergo        ] GC(90) Good progress for free space: 7304M, need 83886K
[977.999s][info][gc,ergo        ] GC(90) Good progress for used space: 7304M, need 4096K
[977.999s][info][gc             ] GC(90) Pause Degenerated GC (Outside of Cycle) 7779M->475M(8192M) 215.584ms
[978.000s][info][gc,ergo        ] Free: 7284M, Max: 4096K regular, 6856M humongous, Frag: 6% external, 1% internal; Reserve: 412M, Max: 4096K
[978.000s][info][gc,stats       ] 
[978.000s][info][gc,stats       ] All times are wall-clock times, except per-root-class counters, that are sum over
[978.000s][info][gc,stats       ] all workers. Dividing the <total> over the root stage time estimates parallelism.
[978.000s][info][gc,stats       ] 
[978.000s][info][gc,stats       ] Pause Degenerated GC (G)         215678 us
[978.000s][info][gc,stats       ] Pause Degenerated GC (N)         215597 us
[978.000s][info][gc,stats       ]   Degen STW Mark                 107292 us, parallelism: 3.93x
[978.000s][info][gc,stats       ]     DSM: <total>                 421570 us
[978.000s][info][gc,stats       ]     DSM: Thread Roots               564 us, workers (us): 159, 159, 124, 121, 
[978.000s][info][gc,stats       ]     DSM: VM Strong Roots             32 us, workers (us):  12,   0,  10,  10, 
[978.000s][info][gc,stats       ]     DSM: CLDG Roots                 424 us, workers (us):  60, 244,  60,  60, 
[978.000s][info][gc,stats       ]     DSM: Parallel Mark           420550 us, workers (us): 105187, 105004, 105179, 105179, 
[978.000s][info][gc,stats       ]     System Purge                   6896 us
[978.000s][info][gc,stats       ]       Weak References              1139 us, parallelism: 1.08x
[978.000s][info][gc,stats       ]         WRP: <total>               1227 us
[978.000s][info][gc,stats       ]         WRP: Weak References       1227 us, workers (us): 115,  52, 1060,   0, 
[978.000s][info][gc,stats       ]       Unload Classes               5284 us, parallelism: 3.90x
[978.000s][info][gc,stats       ]         DCU: <total>              20630 us
[978.000s][info][gc,stats       ]         DCU: Unload Code Caches    20630 us, workers (us): 5200, 5166, 5140, 5124, 
[978.000s][info][gc,stats       ]       Weak Roots                    259 us, parallelism: 3.06x
[978.000s][info][gc,stats       ]         DWR: <total>                794 us
[978.000s][info][gc,stats       ]         DWR: VM Weak Roots          794 us, workers (us): 217, 217, 180, 180, 
[978.000s][info][gc,stats       ]       CLDG                            1 us
[978.000s][info][gc,stats       ]   Update Region States               23 us
[978.000s][info][gc,stats       ]   Manage GC/TLABs                    10 us
[978.000s][info][gc,stats       ]   Choose Collection Set              66 us
[978.000s][info][gc,stats       ]   Rebuild Free Set                   10 us
[978.000s][info][gc,stats       ]   Evacuation                      33163 us
[978.000s][info][gc,stats       ]   Manage GCLABs                      10 us
[978.000s][info][gc,stats       ]   Update References               48288 us
[978.000s][info][gc,stats       ]   Update Region States               87 us
[978.000s][info][gc,stats       ]   Trash Collection Set               10 us
[978.000s][info][gc,stats       ]   Rebuild Free Set                   11 us
[978.000s][info][gc,stats       ]   Degen Update Roots               5508 us, parallelism: 3.88x
[978.000s][info][gc,stats       ]     DU: <total>                   21355 us
[978.000s][info][gc,stats       ]     DU: Thread Roots                169 us, workers (us):  90,   1,  58,  21, 
[978.000s][info][gc,stats       ]     DU: Code Cache Roots          16434 us, workers (us): 4076, 4134, 4109, 4115, 
[978.000s][info][gc,stats       ]     DU: VM Strong Roots               7 us, workers (us):   3,   2,   2,   0, 
[978.000s][info][gc,stats       ]     DU: VM Weak Roots              4330 us, workers (us): 1091, 1089, 1090, 1060, 
[978.000s][info][gc,stats       ]     DU: CLDG Roots                  415 us, workers (us):  65, 185,  67,  98, 
[978.000s][info][gc,stats       ]   Cleanup                            43 us
[978.000s][info][gc,metaspace   ] Metaspace: 134822K(135936K)->134822K(135936K) NonClass: 113899K(114560K)->113899K(114560K) Class: 20922K(21376K)->20922K(21376K)
[988.438s][info][gc             ] Failed to allocate TLAB, 4096K
[988.438s][info][gc             ] Cancelling GC: Allocation Failure
[988.438s][info][gc             ] Trigger: Handle Allocation Failure
[988.438s][info][gc,ergo        ] Free: 0B, Max: 0B regular, 0B humongous, Frag: 0% external, 0% internal; Reserve: 412M, Max: 4096K
[988.438s][info][gc,start       ] GC(91) Pause Degenerated GC (Outside of Cycle)
[988.438s][info][gc,task        ] GC(91) Using 4 of 4 workers for stw degenerated gc
[988.447s][info][gc,ref         ] GC(91) Clearing All SoftReferences
[988.557s][info][gc,ref         ] GC(91) Encountered references: Soft: 3300, Weak: 22678, Final: 34, Phantom: 979
[988.557s][info][gc,ref         ] GC(91) Discovered  references: Soft: 2780, Weak: 12179, Final: 0, Phantom: 719
[988.557s][info][gc,ref         ] GC(91) Enqueued    references: Soft: 1, Weak: 4, Final: 0, Phantom: 0
[988.562s][info][gc,ergo        ] GC(91) CSet Selection. Actual Free: 2176M, Max CSet: 1813M
[988.562s][info][gc,ergo        ] GC(91) Collectable Garbage: 7298M (99%), Immediate: 1764M (24%), CSet: 5534M (75%)
[988.657s][info][gc,ergo        ] GC(91) Good progress for free space: 7292M, need 83886K
[988.657s][info][gc,ergo        ] GC(91) Good progress for used space: 7292M, need 4096K
[988.657s][info][gc             ] GC(91) Pause Degenerated GC (Outside of Cycle) 7779M->487M(8192M) 218.411ms
[988.657s][info][gc,ergo        ] Free: 7272M, Max: 4096K regular, 6844M humongous, Frag: 6% external, 1% internal; Reserve: 412M, Max: 4096K
[988.657s][info][gc,stats       ] 
[988.657s][info][gc,stats       ] All times are wall-clock times, except per-root-class counters, that are sum over
[988.657s][info][gc,stats       ] all workers. Dividing the <total> over the root stage time estimates parallelism.
[988.657s][info][gc,stats       ] 
[988.657s][info][gc,stats       ] Pause Degenerated GC (G)         218485 us
[988.657s][info][gc,stats       ] Pause Degenerated GC (N)         218424 us
[988.657s][info][gc,stats       ]   Degen STW Mark                 108952 us, parallelism: 3.93x
[988.657s][info][gc,stats       ]     DSM: <total>                 428081 us
[988.657s][info][gc,stats       ]     DSM: Thread Roots               385 us, workers (us): 114, 114,  80,  76, 
[988.657s][info][gc,stats       ]     DSM: VM Strong Roots             33 us, workers (us):  12,  11,   0,  10, 
[988.657s][info][gc,stats       ]     DSM: CLDG Roots                 324 us, workers (us):  42,  42, 197,  42, 
[988.657s][info][gc,stats       ]     DSM: Parallel Mark           427340 us, workers (us): 106865, 106878, 106721, 106877, 
[988.657s][info][gc,stats       ]     System Purge                   6716 us
[988.657s][info][gc,stats       ]       Weak References              1116 us, parallelism: 1.11x
[988.657s][info][gc,stats       ]         WRP: <total>               1235 us
[988.657s][info][gc,stats       ]         WRP: Weak References       1235 us, workers (us): 177, 1012,  33,  13, 
[988.657s][info][gc,stats       ]       Unload Classes               5350 us, parallelism: 3.93x
[988.657s][info][gc,stats       ]         DCU: <total>              21038 us
[988.657s][info][gc,stats       ]         DCU: Unload Code Caches    21038 us, workers (us): 5275, 5287, 5234, 5242, 
[988.657s][info][gc,stats       ]       Weak Roots                    244 us, parallelism: 3.22x
[988.657s][info][gc,stats       ]         DWR: <total>                787 us
[988.657s][info][gc,stats       ]         DWR: VM Weak Roots          787 us, workers (us): 204, 203, 203, 176, 
[988.657s][info][gc,stats       ]       CLDG                            1 us
[988.657s][info][gc,stats       ]   Update Region States               37 us
[988.657s][info][gc,stats       ]   Manage GC/TLABs                     9 us
[988.657s][info][gc,stats       ]   Choose Collection Set              77 us
[988.657s][info][gc,stats       ]   Rebuild Free Set                   11 us
[988.657s][info][gc,stats       ]   Evacuation                      37301 us
[988.657s][info][gc,stats       ]   Manage GCLABs                       7 us
[988.657s][info][gc,stats       ]   Update References               49648 us
[988.657s][info][gc,stats       ]   Update Region States               22 us
[988.657s][info][gc,stats       ]   Trash Collection Set               17 us
[988.657s][info][gc,stats       ]   Rebuild Free Set                   12 us
[988.657s][info][gc,stats       ]   Degen Update Roots               5735 us, parallelism: 3.89x
[988.657s][info][gc,stats       ]     DU: <total>                   22312 us
[988.657s][info][gc,stats       ]     DU: Thread Roots                165 us, workers (us):  50,  29,   1,  86, 
[988.657s][info][gc,stats       ]     DU: Code Cache Roots          16709 us, workers (us): 4149, 4197, 4344, 4019, 
[988.657s][info][gc,stats       ]     DU: VM Strong Roots               7 us, workers (us):   2,   2,   2,   1, 
[988.657s][info][gc,stats       ]     DU: VM Weak Roots              5013 us, workers (us): 1254, 1253, 1253, 1253, 
[988.657s][info][gc,stats       ]     DU: CLDG Roots                  418 us, workers (us):  94,  68,  68, 188, 
[988.657s][info][gc,stats       ]   Cleanup                            53 us
[988.657s][info][gc,metaspace   ] Metaspace: 134823K(135936K)->134823K(135936K) NonClass: 113900K(114560K)->113900K(114560K) Class: 20922K(21376K)->20922K(21376K)
[995.917s][info][gc             ] Failed to allocate TLAB, 4096K
[995.917s][info][gc             ] Cancelling GC: Allocation Failure
[995.918s][info][gc             ] Trigger: Handle Allocation Failure
[995.918s][info][gc,ergo        ] Free: 0B, Max: 0B regular, 0B humongous, Frag: 0% external, 0% internal; Reserve: 412M, Max: 4096K
[995.918s][info][gc,start       ] GC(92) Pause Degenerated GC (Outside of Cycle)
[995.918s][info][gc,task        ] GC(92) Using 4 of 4 workers for stw degenerated gc
[995.932s][info][gc,ref         ] GC(92) Clearing All SoftReferences
[996.045s][info][gc,ref         ] GC(92) Encountered references: Soft: 3305, Weak: 22676, Final: 34, Phantom: 980
[996.045s][info][gc,ref         ] GC(92) Discovered  references: Soft: 782, Weak: 12066, Final: 34, Phantom: 748
[996.045s][info][gc,ref         ] GC(92) Enqueued    references: Soft: 1, Weak: 1, Final: 0, Phantom: 0
[996.051s][info][gc,ergo        ] GC(92) CSet Selection. Actual Free: 4432M, Max CSet: 3693M
[996.051s][info][gc,ergo        ] GC(92) Collectable Garbage: 7277M (99%), Immediate: 4020M (54%), CSet: 3257M (44%)
[996.149s][info][gc,ergo        ] GC(92) Good progress for free space: 7272M, need 83886K
[996.149s][info][gc,ergo        ] GC(92) Good progress for used space: 7272M, need 4096K
[996.149s][info][gc             ] GC(92) Pause Degenerated GC (Outside of Cycle) 7779M->507M(8192M) 231.307ms
[996.149s][info][gc,ergo        ] Free: 7256M, Max: 4096K regular, 6724M humongous, Frag: 8% external, 1% internal; Reserve: 412M, Max: 4096K
[996.150s][info][gc,stats       ] 
[996.150s][info][gc,stats       ] All times are wall-clock times, except per-root-class counters, that are sum over
[996.150s][info][gc,stats       ] all workers. Dividing the <total> over the root stage time estimates parallelism.
[996.150s][info][gc,stats       ] 
[996.150s][info][gc,stats       ] Pause Degenerated GC (G)         231394 us
[996.150s][info][gc,stats       ] Pause Degenerated GC (N)         231321 us
[996.150s][info][gc,stats       ]   Degen STW Mark                 112721 us, parallelism: 3.93x
[996.150s][info][gc,stats       ]     DSM: <total>                 443306 us
[996.150s][info][gc,stats       ]     DSM: Thread Roots               753 us, workers (us): 152, 152, 123, 327, 
[996.150s][info][gc,stats       ]     DSM: VM Strong Roots             28 us, workers (us):  15,  13,   0,   0, 
[996.150s][info][gc,stats       ]     DSM: CLDG Roots                 305 us, workers (us):  49,  49, 198,   9, 
[996.150s][info][gc,stats       ]     DSM: Parallel Mark           442219 us, workers (us): 110626, 110627, 110498, 110468, 
[996.150s][info][gc,stats       ]     System Purge                   6783 us
[996.150s][info][gc,stats       ]       Weak References              1105 us, parallelism: 1.07x
[996.150s][info][gc,stats       ]         WRP: <total>               1187 us
[996.150s][info][gc,stats       ]         WRP: Weak References       1187 us, workers (us):  73, 1022,  92,   1, 
[996.150s][info][gc,stats       ]       Unload Classes               5079 us, parallelism: 3.94x
[996.150s][info][gc,stats       ]         DCU: <total>              19995 us
[996.150s][info][gc,stats       ]         DCU: Unload Code Caches    19995 us, workers (us): 5016, 5005, 5001, 4974, 
[996.150s][info][gc,stats       ]       Weak Roots                    213 us, parallelism: 3.76x
[996.150s][info][gc,stats       ]         DWR: <total>                802 us
[996.150s][info][gc,stats       ]         DWR: VM Weak Roots          802 us, workers (us): 201, 201, 201, 200, 
[996.150s][info][gc,stats       ]       CLDG                            3 us
[996.150s][info][gc,stats       ]   Update Region States               22 us
[996.150s][info][gc,stats       ]   Manage GC/TLABs                    11 us
[996.150s][info][gc,stats       ]   Choose Collection Set              71 us
[996.150s][info][gc,stats       ]   Rebuild Free Set                   13 us
[996.150s][info][gc,stats       ]   Evacuation                      40116 us
[996.150s][info][gc,stats       ]   Manage GCLABs                       8 us
[996.150s][info][gc,stats       ]   Update References               50554 us
[996.150s][info][gc,stats       ]   Update Region States               22 us
[996.150s][info][gc,stats       ]   Trash Collection Set               13 us
[996.150s][info][gc,stats       ]   Rebuild Free Set                   13 us
[996.150s][info][gc,stats       ]   Degen Update Roots               5709 us, parallelism: 3.89x
[996.150s][info][gc,stats       ]     DU: <total>                   22211 us
[996.150s][info][gc,stats       ]     DU: Thread Roots                165 us, workers (us):  22,  49,   1,  94, 
[996.150s][info][gc,stats       ]     DU: Code Cache Roots          17261 us, workers (us): 4343, 4189, 4485, 4244, 
[996.150s][info][gc,stats       ]     DU: VM Strong Roots               9 us, workers (us):   2,   3,   2,   2, 
[996.150s][info][gc,stats       ]     DU: VM Weak Roots              4341 us, workers (us): 1085, 1085, 1086, 1085, 
[996.150s][info][gc,stats       ]     DU: CLDG Roots                  435 us, workers (us):  70, 197,  70,  97, 
[996.150s][info][gc,stats       ]   Cleanup                            36 us
[996.150s][info][gc,metaspace   ] Metaspace: 134823K(135936K)->134823K(135936K) NonClass: 113900K(114560K)->113900K(114560K) Class: 20922K(21376K)->20922K(21376K)
[1008.120s][info][gc             ] Failed to allocate TLAB, 4096K
[1008.120s][info][gc             ] Cancelling GC: Allocation Failure
[1008.120s][info][gc             ] Trigger: Handle Allocation Failure
[1008.120s][info][gc,ergo        ] Free: 0B, Max: 0B regular, 0B humongous, Frag: 0% external, 0% internal; Reserve: 412M, Max: 4096K
[1008.120s][info][gc,start       ] GC(93) Pause Degenerated GC (Outside of Cycle)
[1008.120s][info][gc,task        ] GC(93) Using 4 of 4 workers for stw degenerated gc
[1008.127s][info][gc,ref         ] GC(93) Clearing All SoftReferences
[1008.235s][info][gc,ref         ] GC(93) Encountered references: Soft: 3307, Weak: 22688, Final: 34, Phantom: 989
[1008.235s][info][gc,ref         ] GC(93) Discovered  references: Soft: 1403, Weak: 12276, Final: 0, Phantom: 727
[1008.235s][info][gc,ref         ] GC(93) Enqueued    references: Soft: 8, Weak: 10, Final: 0, Phantom: 1
[1008.242s][info][gc,ergo        ] GC(93) CSet Selection. Actual Free: 2308M, Max CSet: 1923M
[1008.242s][info][gc,ergo        ] GC(93) Collectable Garbage: 7311M (99%), Immediate: 1896M (25%), CSet: 5415M (73%)
[1008.334s][info][gc,ergo        ] GC(93) Good progress for free space: 7300M, need 83886K
[1008.334s][info][gc,ergo        ] GC(93) Good progress for used space: 7300M, need 4096K
[1008.334s][info][gc             ] GC(93) Pause Degenerated GC (Outside of Cycle) 7779M->479M(8192M) 214.134ms
[1008.334s][info][gc,ergo        ] Free: 7288M, Max: 4096K regular, 6852M humongous, Frag: 6% external, 1% internal; Reserve: 412M, Max: 4096K
[1008.334s][info][gc,stats       ] 
[1008.335s][info][gc,stats       ] All times are wall-clock times, except per-root-class counters, that are sum over
[1008.335s][info][gc,stats       ] all workers. Dividing the <total> over the root stage time estimates parallelism.
[1008.335s][info][gc,stats       ] 
[1008.335s][info][gc,stats       ] Pause Degenerated GC (G)         214189 us
[1008.335s][info][gc,stats       ] Pause Degenerated GC (N)         214148 us
[1008.335s][info][gc,stats       ]   Degen STW Mark                 107479 us, parallelism: 3.93x
[1008.335s][info][gc,stats       ]     DSM: <total>                 422051 us
[1008.335s][info][gc,stats       ]     DSM: Thread Roots               398 us, workers (us):  99, 100,  99,  99, 
[1008.335s][info][gc,stats       ]     DSM: VM Strong Roots             31 us, workers (us):  10,  11,  10,   0, 
[1008.335s][info][gc,stats       ]     DSM: CLDG Roots                 288 us, workers (us):  37,  36,  37, 179, 
[1008.335s][info][gc,stats       ]     DSM: Parallel Mark           421334 us, workers (us): 105374, 105363, 105365, 105232, 
[1008.335s][info][gc,stats       ]     System Purge                   7911 us
[1008.335s][info][gc,stats       ]       Weak References              1095 us, parallelism: 1.12x
[1008.335s][info][gc,stats       ]         WRP: <total>               1229 us
[1008.335s][info][gc,stats       ]         WRP: Weak References       1229 us, workers (us): 1015,  91,  65,  59, 
[1008.335s][info][gc,stats       ]       Unload Classes               6089 us, parallelism: 3.93x
[1008.335s][info][gc,stats       ]         DCU: <total>              23923 us
[1008.335s][info][gc,stats       ]         DCU: Unload Code Caches    23923 us, workers (us): 5993, 5980, 5992, 5958, 
[1008.335s][info][gc,stats       ]       Weak Roots                    231 us, parallelism: 3.51x
[1008.335s][info][gc,stats       ]         DWR: <total>                810 us
[1008.335s][info][gc,stats       ]         DWR: VM Weak Roots          810 us, workers (us): 221, 220, 192, 178, 
[1008.335s][info][gc,stats       ]       CLDG                            3 us
[1008.335s][info][gc,stats       ]   Update Region States               57 us
[1008.335s][info][gc,stats       ]   Manage GC/TLABs                     9 us
[1008.335s][info][gc,stats       ]   Choose Collection Set              83 us
[1008.335s][info][gc,stats       ]   Rebuild Free Set                   11 us
[1008.335s][info][gc,stats       ]   Evacuation                      36632 us
[1008.335s][info][gc,stats       ]   Manage GCLABs                       8 us
[1008.335s][info][gc,stats       ]   Update References               47966 us
[1008.335s][info][gc,stats       ]   Update Region States               36 us
[1008.335s][info][gc,stats       ]   Trash Collection Set               17 us
[1008.335s][info][gc,stats       ]   Rebuild Free Set                   11 us
[1008.335s][info][gc,stats       ]   Degen Update Roots               5721 us, parallelism: 3.90x
[1008.335s][info][gc,stats       ]     DU: <total>                   22285 us
[1008.335s][info][gc,stats       ]     DU: Thread Roots                167 us, workers (us):  51,   1, 109,   6, 
[1008.335s][info][gc,stats       ]     DU: Code Cache Roots          17301 us, workers (us): 4340, 4466, 4282, 4214, 
[1008.335s][info][gc,stats       ]     DU: VM Strong Roots               8 us, workers (us):   2,   2,   2,   2, 
[1008.335s][info][gc,stats       ]     DU: VM Weak Roots              4323 us, workers (us): 1081, 1080, 1081, 1081, 
[1008.335s][info][gc,stats       ]     DU: CLDG Roots                  486 us, workers (us):  70, 106,  70, 240, 
[1008.335s][info][gc,stats       ]   Cleanup                            51 us
[1008.335s][info][gc,metaspace   ] Metaspace: 134852K(135936K)->134852K(135936K) NonClass: 113929K(114560K)->113929K(114560K) Class: 20923K(21376K)->20923K(21376K)
[1019.393s][info][gc             ] Failed to allocate TLAB, 4096K
[1019.393s][info][gc             ] Cancelling GC: Allocation Failure
[1019.394s][info][gc             ] Trigger: Handle Allocation Failure
[1019.394s][info][gc,ergo        ] Free: 0B, Max: 0B regular, 0B humongous, Frag: 0% external, 0% internal; Reserve: 412M, Max: 4096K
[1019.394s][info][gc,start       ] GC(94) Pause Degenerated GC (Outside of Cycle)
[1019.394s][info][gc,task        ] GC(94) Using 4 of 4 workers for stw degenerated gc
[1019.411s][info][gc,ref         ] GC(94) Clearing All SoftReferences
[1019.551s][info][gc,ref         ] GC(94) Encountered references: Soft: 3301, Weak: 22684, Final: 34, Phantom: 995
[1019.551s][info][gc,ref         ] GC(94) Discovered  references: Soft: 2777, Weak: 12414, Final: 0, Phantom: 733
[1019.551s][info][gc,ref         ] GC(94) Enqueued    references: Soft: 2, Weak: 4, Final: 0, Phantom: 1
[1019.560s][info][gc,ergo        ] GC(94) CSet Selection. Actual Free: 2064M, Max CSet: 1720M
[1019.560s][info][gc,ergo        ] GC(94) Collectable Garbage: 7283M (99%), Immediate: 1652M (22%), CSet: 5631M (77%)
[1019.680s][info][gc,ergo        ] GC(94) Good progress for free space: 7276M, need 83886K
[1019.680s][info][gc,ergo        ] GC(94) Good progress for used space: 7276M, need 4096K
[1019.680s][info][gc             ] GC(94) Pause Degenerated GC (Outside of Cycle) 7779M->503M(8192M) 286.353ms
[1019.680s][info][gc,ergo        ] Free: 7264M, Max: 4096K regular, 6820M humongous, Frag: 7% external, 1% internal; Reserve: 412M, Max: 4096K
[1019.680s][info][gc,stats       ] 
[1019.680s][info][gc,stats       ] All times are wall-clock times, except per-root-class counters, that are sum over
[1019.680s][info][gc,stats       ] all workers. Dividing the <total> over the root stage time estimates parallelism.
[1019.680s][info][gc,stats       ] 
[1019.680s][info][gc,stats       ] Pause Degenerated GC (G)         286402 us
[1019.680s][info][gc,stats       ] Pause Degenerated GC (N)         286367 us
[1019.680s][info][gc,stats       ]   Degen STW Mark                 139350 us, parallelism: 3.94x
[1019.680s][info][gc,stats       ]     DSM: <total>                 549427 us
[1019.680s][info][gc,stats       ]     DSM: Thread Roots               488 us, workers (us): 141, 139, 104, 104, 
[1019.680s][info][gc,stats       ]     DSM: VM Strong Roots             77 us, workers (us):  29,   0,  26,  22, 
[1019.680s][info][gc,stats       ]     DSM: CLDG Roots                 675 us, workers (us): 104, 358, 106, 106, 
[1019.681s][info][gc,stats       ]     DSM: Parallel Mark           548187 us, workers (us): 137099, 136870, 137109, 137109, 
[1019.681s][info][gc,stats       ]     System Purge                  10131 us
[1019.681s][info][gc,stats       ]       Weak References              1410 us, parallelism: 1.06x
[1019.681s][info][gc,stats       ]         WRP: <total>               1497 us
[1019.681s][info][gc,stats       ]         WRP: Weak References       1497 us, workers (us): 1328,  52,  89,  28, 
[1019.681s][info][gc,stats       ]       Unload Classes               7616 us, parallelism: 3.92x
[1019.681s][info][gc,stats       ]         DCU: <total>              29868 us
[1019.681s][info][gc,stats       ]         DCU: Unload Code Caches    29868 us, workers (us): 7524, 7502, 7431, 7411, 
[1019.681s][info][gc,stats       ]       Weak Roots                    303 us, parallelism: 3.42x
[1019.681s][info][gc,stats       ]         DWR: <total>               1038 us
[1019.681s][info][gc,stats       ]         DWR: VM Weak Roots         1038 us, workers (us): 292, 258, 258, 231, 
[1019.681s][info][gc,stats       ]       CLDG                           13 us
[1019.681s][info][gc,stats       ]   Update Region States               71 us
[1019.681s][info][gc,stats       ]   Manage GC/TLABs                    23 us
[1019.681s][info][gc,stats       ]   Choose Collection Set             160 us
[1019.681s][info][gc,stats       ]   Rebuild Free Set                   11 us
[1019.681s][info][gc,stats       ]   Evacuation                      56324 us
[1019.681s][info][gc,stats       ]   Manage GCLABs                      15 us
[1019.681s][info][gc,stats       ]   Update References               55974 us
[1019.681s][info][gc,stats       ]   Update Region States               23 us
[1019.681s][info][gc,stats       ]   Trash Collection Set               17 us
[1019.681s][info][gc,stats       ]   Rebuild Free Set                   11 us
[1019.681s][info][gc,stats       ]   Degen Update Roots               5847 us, parallelism: 3.90x
[1019.681s][info][gc,stats       ]     DU: <total>                   22814 us
[1019.681s][info][gc,stats       ]     DU: Thread Roots                163 us, workers (us):  55,   1,   1, 105, 
[1019.681s][info][gc,stats       ]     DU: Code Cache Roots          16706 us, workers (us): 4171, 4109, 4338, 4089, 
[1019.681s][info][gc,stats       ]     DU: VM Strong Roots               8 us, workers (us):   2,   2,   2,   2, 
[1019.681s][info][gc,stats       ]     DU: VM Weak Roots              5462 us, workers (us): 1366, 1366, 1365, 1366, 
[1019.681s][info][gc,stats       ]     DU: CLDG Roots                  475 us, workers (us):  75, 218,  75, 106, 
[1019.681s][info][gc,stats       ]   Cleanup                            55 us
[1019.681s][info][gc,metaspace   ] Metaspace: 134873K(135936K)->134874K(135936K) NonClass: 113949K(114560K)->113950K(114560K) Class: 20923K(21376K)->20923K(21376K)
[1028.948s][info][gc             ] Failed to allocate TLAB, 4096K
[1028.948s][info][gc             ] Cancelling GC: Allocation Failure
[1028.949s][info][gc             ] Trigger: Handle Allocation Failure
[1028.949s][info][gc,ergo        ] Free: 0B, Max: 0B regular, 0B humongous, Frag: 0% external, 0% internal; Reserve: 412M, Max: 4096K
[1028.949s][info][gc,start       ] GC(95) Pause Degenerated GC (Outside of Cycle)
[1028.949s][info][gc,task        ] GC(95) Using 4 of 4 workers for stw degenerated gc
[1028.962s][info][gc,ref         ] GC(95) Clearing All SoftReferences
[1029.078s][info][gc,ref         ] GC(95) Encountered references: Soft: 3306, Weak: 22685, Final: 34, Phantom: 997
[1029.079s][info][gc,ref         ] GC(95) Discovered  references: Soft: 1562, Weak: 12371, Final: 0, Phantom: 733
[1029.079s][info][gc,ref         ] GC(95) Enqueued    references: Soft: 7, Weak: 4, Final: 0, Phantom: 0
[1029.085s][info][gc,ergo        ] GC(95) CSet Selection. Actual Free: 3120M, Max CSet: 2600M
[1029.085s][info][gc,ergo        ] GC(95) Collectable Garbage: 7299M (99%), Immediate: 2708M (36%), CSet: 4591M (62%)
[1029.178s][info][gc,ergo        ] GC(95) Good progress for free space: 7292M, need 83886K
[1029.178s][info][gc,ergo        ] GC(95) Good progress for used space: 7292M, need 4096K
[1029.178s][info][gc             ] GC(95) Pause Degenerated GC (Outside of Cycle) 7779M->487M(8192M) 229.267ms
[1029.178s][info][gc,ergo        ] Free: 7284M, Max: 4096K regular, 6844M humongous, Frag: 7% external, 1% internal; Reserve: 412M, Max: 4096K
[1029.178s][info][gc,stats       ] 
[1029.178s][info][gc,stats       ] All times are wall-clock times, except per-root-class counters, that are sum over
[1029.178s][info][gc,stats       ] all workers. Dividing the <total> over the root stage time estimates parallelism.
[1029.178s][info][gc,stats       ] 
[1029.178s][info][gc,stats       ] Pause Degenerated GC (G)         229318 us
[1029.178s][info][gc,stats       ] Pause Degenerated GC (N)         229281 us
[1029.178s][info][gc,stats       ]   Degen STW Mark                 115172 us, parallelism: 3.91x
[1029.178s][info][gc,stats       ]     DSM: <total>                 450221 us
[1029.178s][info][gc,stats       ]     DSM: Thread Roots               361 us, workers (us): 109, 109,  72,  71, 
[1029.178s][info][gc,stats       ]     DSM: VM Strong Roots             28 us, workers (us):  11,   0,   9,   9, 
[1029.178s][info][gc,stats       ]     DSM: CLDG Roots                 289 us, workers (us):  38, 175,  38,  38, 
[1029.178s][info][gc,stats       ]     DSM: Parallel Mark           449543 us, workers (us): 112421, 112285, 112415, 112421, 
[1029.178s][info][gc,stats       ]     System Purge                   8346 us
[1029.178s][info][gc,stats       ]       Weak References              1853 us, parallelism: 1.23x
[1029.178s][info][gc,stats       ]         WRP: <total>               2271 us
[1029.178s][info][gc,stats       ]         WRP: Weak References       2271 us, workers (us): 338, 138, 106, 1690, 
[1029.178s][info][gc,stats       ]       Unload Classes               5815 us, parallelism: 3.92x
[1029.178s][info][gc,stats       ]         DCU: <total>              22774 us
[1029.178s][info][gc,stats       ]         DCU: Unload Code Caches    22774 us, workers (us): 5699, 5701, 5706, 5667, 
[1029.178s][info][gc,stats       ]       Weak Roots                    247 us, parallelism: 3.55x
[1029.178s][info][gc,stats       ]         DWR: <total>                878 us
[1029.178s][info][gc,stats       ]         DWR: VM Weak Roots          878 us, workers (us): 237, 236, 209, 196, 
[1029.178s][info][gc,stats       ]       CLDG                            3 us
[1029.178s][info][gc,stats       ]   Update Region States              104 us
[1029.178s][info][gc,stats       ]   Manage GC/TLABs                    10 us
[1029.178s][info][gc,stats       ]   Choose Collection Set              78 us
[1029.178s][info][gc,stats       ]   Rebuild Free Set                   11 us
[1029.178s][info][gc,stats       ]   Evacuation                      36389 us
[1029.178s][info][gc,stats       ]   Manage GCLABs                       8 us
[1029.178s][info][gc,stats       ]   Update References               49121 us
[1029.178s][info][gc,stats       ]   Update Region States               36 us
[1029.178s][info][gc,stats       ]   Trash Collection Set               14 us
[1029.178s][info][gc,stats       ]   Rebuild Free Set                   11 us
[1029.178s][info][gc,stats       ]   Degen Update Roots               5486 us, parallelism: 3.90x
[1029.178s][info][gc,stats       ]     DU: <total>                   21416 us
[1029.178s][info][gc,stats       ]     DU: Thread Roots                161 us, workers (us): 106,   1,  54,   1, 
[1029.178s][info][gc,stats       ]     DU: Code Cache Roots          16512 us, workers (us): 4065, 4240, 4117, 4089, 
[1029.178s][info][gc,stats       ]     DU: VM Strong Roots               8 us, workers (us):   3,   3,   3,   0, 
[1029.178s][info][gc,stats       ]     DU: VM Weak Roots              4295 us, workers (us): 1083, 1081, 1083, 1047, 
[1029.179s][info][gc,stats       ]     DU: CLDG Roots                  440 us, workers (us):  68,  94,  67, 210, 
[1029.179s][info][gc,stats       ]   Cleanup                            45 us
[1029.179s][info][gc,metaspace   ] Metaspace: 134877K(136000K)->134877K(136000K) NonClass: 113953K(114624K)->113953K(114624K) Class: 20923K(21376K)->20923K(21376K)
[1039.849s][info][gc             ] Failed to allocate TLAB, 4096K
[1039.849s][info][gc             ] Cancelling GC: Allocation Failure
[1039.849s][info][gc             ] Trigger: Handle Allocation Failure
[1039.849s][info][gc,ergo        ] Free: 0B, Max: 0B regular, 0B humongous, Frag: 0% external, 0% internal; Reserve: 412M, Max: 4096K
[1039.849s][info][gc,start       ] GC(96) Pause Degenerated GC (Outside of Cycle)
[1039.849s][info][gc,task        ] GC(96) Using 4 of 4 workers for stw degenerated gc
[1039.859s][info][gc,ref         ] GC(96) Clearing All SoftReferences
[1039.963s][info][gc,ref         ] GC(96) Encountered references: Soft: 3300, Weak: 22688, Final: 34, Phantom: 1004
[1039.963s][info][gc,ref         ] GC(96) Discovered  references: Soft: 1407, Weak: 14227, Final: 0, Phantom: 763
[1039.963s][info][gc,ref         ] GC(96) Enqueued    references: Soft: 1, Weak: 5, Final: 0, Phantom: 0
[1039.969s][info][gc,ergo        ] GC(96) CSet Selection. Actual Free: 2328M, Max CSet: 1940M
[1039.969s][info][gc,ergo        ] GC(96) Collectable Garbage: 7315M (99%), Immediate: 1916M (26%), CSet: 5399M (73%)
[1040.053s][info][gc,ergo        ] GC(96) Good progress for free space: 7308M, need 83886K
[1040.053s][info][gc,ergo        ] GC(96) Good progress for used space: 7308M, need 4096K
[1040.053s][info][gc             ] GC(96) Pause Degenerated GC (Outside of Cycle) 7779M->471M(8192M) 203.888ms
[1040.053s][info][gc,ergo        ] Free: 7300M, Max: 4096K regular, 6740M humongous, Frag: 8% external, 1% internal; Reserve: 412M, Max: 4096K
[1040.053s][info][gc,stats       ] 
[1040.053s][info][gc,stats       ] All times are wall-clock times, except per-root-class counters, that are sum over
[1040.053s][info][gc,stats       ] all workers. Dividing the <total> over the root stage time estimates parallelism.
[1040.053s][info][gc,stats       ] 
[1040.053s][info][gc,stats       ] Pause Degenerated GC (G)         203939 us
[1040.053s][info][gc,stats       ] Pause Degenerated GC (N)         203902 us
[1040.053s][info][gc,stats       ]   Degen STW Mark                 102821 us, parallelism: 3.92x
[1040.053s][info][gc,stats       ]     DSM: <total>                 403408 us
[1040.053s][info][gc,stats       ]     DSM: Thread Roots               688 us, workers (us): 190, 190, 155, 154, 
[1040.053s][info][gc,stats       ]     DSM: VM Strong Roots             57 us, workers (us):  18,  21,   0,  18, 
[1040.053s][info][gc,stats       ]     DSM: CLDG Roots                 500 us, workers (us):  72,  72, 285,  72, 
[1040.054s][info][gc,stats       ]     DSM: Parallel Mark           402163 us, workers (us): 100595, 100586, 100392, 100590, 
[1040.054s][info][gc,stats       ]     System Purge                   7107 us
[1040.054s][info][gc,stats       ]       Weak References              1153 us, parallelism: 1.19x
[1040.054s][info][gc,stats       ]         WRP: <total>               1368 us
[1040.054s][info][gc,stats       ]         WRP: Weak References       1368 us, workers (us):  67, 221,  68, 1011, 
[1040.054s][info][gc,stats       ]       Unload Classes               5333 us, parallelism: 3.94x
[1040.054s][info][gc,stats       ]         DCU: <total>              21031 us
[1040.054s][info][gc,stats       ]         DCU: Unload Code Caches    21031 us, workers (us): 5259, 5269, 5262, 5240, 
[1040.054s][info][gc,stats       ]       Weak Roots                    256 us, parallelism: 3.22x
[1040.054s][info][gc,stats       ]         DWR: <total>                825 us
[1040.054s][info][gc,stats       ]         DWR: VM Weak Roots          825 us, workers (us): 215, 214, 214, 182, 
[1040.054s][info][gc,stats       ]       CLDG                            4 us
[1040.054s][info][gc,stats       ]   Update Region States               51 us
[1040.054s][info][gc,stats       ]   Manage GC/TLABs                     9 us
[1040.054s][info][gc,stats       ]   Choose Collection Set              72 us
[1040.054s][info][gc,stats       ]   Rebuild Free Set                   11 us
[1040.054s][info][gc,stats       ]   Evacuation                      31837 us
[1040.054s][info][gc,stats       ]   Manage GCLABs                       8 us
[1040.054s][info][gc,stats       ]   Update References               44755 us
[1040.054s][info][gc,stats       ]   Update Region States               48 us
[1040.054s][info][gc,stats       ]   Trash Collection Set               17 us
[1040.054s][info][gc,stats       ]   Rebuild Free Set                   11 us
[1040.054s][info][gc,stats       ]   Degen Update Roots               5536 us, parallelism: 3.87x
[1040.054s][info][gc,stats       ]     DU: <total>                   21427 us
[1040.054s][info][gc,stats       ]     DU: Thread Roots                163 us, workers (us):   1, 101,   1,  60, 
[1040.054s][info][gc,stats       ]     DU: Code Cache Roots          16532 us, workers (us): 4112, 4025, 4305, 4090, 
[1040.054s][info][gc,stats       ]     DU: VM Strong Roots               7 us, workers (us):   4,   4,   0,   0, 
[1040.054s][info][gc,stats       ]     DU: VM Weak Roots              4300 us, workers (us): 1091, 1088, 1059, 1062, 
[1040.054s][info][gc,stats       ]     DU: CLDG Roots                  424 us, workers (us): 185,  97,  73,  70, 
[1040.054s][info][gc,stats       ]   Cleanup                            50 us
[1040.054s][info][gc,metaspace   ] Metaspace: 134879K(136000K)->134879K(136000K) NonClass: 113955K(114624K)->113955K(114624K) Class: 20923K(21376K)->20923K(21376K)
[1051.237s][info][gc             ] Failed to allocate TLAB, 4096K
[1051.237s][info][gc             ] Cancelling GC: Allocation Failure
[1051.238s][info][gc             ] Trigger: Handle Allocation Failure
[1051.238s][info][gc,ergo        ] Free: 0B, Max: 0B regular, 0B humongous, Frag: 0% external, 0% internal; Reserve: 412M, Max: 4096K
[1051.238s][info][gc,start       ] GC(97) Pause Degenerated GC (Outside of Cycle)
[1051.238s][info][gc,task        ] GC(97) Using 4 of 4 workers for stw degenerated gc
[1051.249s][info][gc,ref         ] GC(97) Clearing All SoftReferences
[1051.354s][info][gc,ref         ] GC(97) Encountered references: Soft: 3300, Weak: 22686, Final: 34, Phantom: 1006
[1051.354s][info][gc,ref         ] GC(97) Discovered  references: Soft: 1366, Weak: 12161, Final: 0, Phantom: 740
[1051.354s][info][gc,ref         ] GC(97) Enqueued    references: Soft: 1, Weak: 2, Final: 0, Phantom: 0
[1051.361s][info][gc,ergo        ] GC(97) CSet Selection. Actual Free: 3272M, Max CSet: 2726M
[1051.361s][info][gc,ergo        ] GC(97) Collectable Garbage: 7315M (99%), Immediate: 2860M (38%), CSet: 4455M (60%)
[1051.445s][info][gc,ergo        ] GC(97) Good progress for free space: 7304M, need 83886K
[1051.445s][info][gc,ergo        ] GC(97) Good progress for used space: 7304M, need 4096K
[1051.445s][info][gc             ] GC(97) Pause Degenerated GC (Outside of Cycle) 7779M->475M(8192M) 206.367ms
[1051.445s][info][gc,ergo        ] Free: 7292M, Max: 4096K regular, 6856M humongous, Frag: 6% external, 1% internal; Reserve: 412M, Max: 4096K
[1051.445s][info][gc,stats       ] 
[1051.445s][info][gc,stats       ] All times are wall-clock times, except per-root-class counters, that are sum over
[1051.445s][info][gc,stats       ] all workers. Dividing the <total> over the root stage time estimates parallelism.
[1051.445s][info][gc,stats       ] 
[1051.445s][info][gc,stats       ] Pause Degenerated GC (G)         206449 us
[1051.445s][info][gc,stats       ] Pause Degenerated GC (N)         206381 us
[1051.445s][info][gc,stats       ]   Degen STW Mark                 104170 us, parallelism: 3.89x
[1051.445s][info][gc,stats       ]     DSM: <total>                 405452 us
[1051.445s][info][gc,stats       ]     DSM: Thread Roots               370 us, workers (us): 101, 102,  99,  68, 
[1051.445s][info][gc,stats       ]     DSM: VM Strong Roots             28 us, workers (us):  10,   0,   9,   9, 
[1051.445s][info][gc,stats       ]     DSM: CLDG Roots                 286 us, workers (us):  38, 174,  37,  38, 
[1051.445s][info][gc,stats       ]     DSM: Parallel Mark           404768 us, workers (us): 101231, 101088, 101233, 101216, 
[1051.445s][info][gc,stats       ]     System Purge                   8117 us
[1051.445s][info][gc,stats       ]       Weak References              1422 us, parallelism: 1.07x
[1051.445s][info][gc,stats       ]         WRP: <total>               1521 us
[1051.445s][info][gc,stats       ]         WRP: Weak References       1521 us, workers (us): 144,  46, 1330,   0, 
[1051.445s][info][gc,stats       ]       Unload Classes               5956 us, parallelism: 3.90x
[1051.445s][info][gc,stats       ]         DCU: <total>              23251 us
[1051.445s][info][gc,stats       ]         DCU: Unload Code Caches    23251 us, workers (us): 5826, 5827, 5802, 5797, 
[1051.445s][info][gc,stats       ]       Weak Roots                    317 us, parallelism: 3.59x
[1051.445s][info][gc,stats       ]         DWR: <total>               1137 us
[1051.445s][info][gc,stats       ]         DWR: VM Weak Roots         1137 us, workers (us): 302, 302, 273, 259, 
[1051.445s][info][gc,stats       ]       CLDG                            3 us
[1051.445s][info][gc,stats       ]   Update Region States               76 us
[1051.445s][info][gc,stats       ]   Manage GC/TLABs                     9 us
[1051.445s][info][gc,stats       ]   Choose Collection Set              74 us
[1051.445s][info][gc,stats       ]   Rebuild Free Set                   12 us
[1051.445s][info][gc,stats       ]   Evacuation                      30892 us
[1051.445s][info][gc,stats       ]   Manage GCLABs                       7 us
[1051.445s][info][gc,stats       ]   Update References               44888 us
[1051.445s][info][gc,stats       ]   Update Region States               25 us
[1051.445s][info][gc,stats       ]   Trash Collection Set               15 us
[1051.445s][info][gc,stats       ]   Rebuild Free Set                   12 us
[1051.445s][info][gc,stats       ]   Degen Update Roots               6052 us, parallelism: 3.91x
[1051.445s][info][gc,stats       ]     DU: <total>                   23653 us
[1051.445s][info][gc,stats       ]     DU: Thread Roots                152 us, workers (us):   1,  54,   1,  96, 
[1051.445s][info][gc,stats       ]     DU: Code Cache Roots          17060 us, workers (us): 4415, 4274, 4182, 4189, 
[1051.445s][info][gc,stats       ]     DU: VM Strong Roots               9 us, workers (us):   3,   3,   3,   0, 
[1051.445s][info][gc,stats       ]     DU: VM Weak Roots              5849 us, workers (us): 1471, 1467, 1471, 1440, 
[1051.445s][info][gc,stats       ]     DU: CLDG Roots                  583 us, workers (us):  85,  89, 277, 131, 
[1051.445s][info][gc,stats       ]   Cleanup                            44 us
[1051.445s][info][gc,metaspace   ] Metaspace: 134888K(136000K)->134888K(136000K) NonClass: 113964K(114624K)->113964K(114624K) Class: 20923K(21376K)->20923K(21376K)
[1062.242s][info][gc             ] Failed to allocate TLAB, 4096K
[1062.242s][info][gc             ] Cancelling GC: Allocation Failure
[1062.242s][info][gc             ] Trigger: Handle Allocation Failure
[1062.242s][info][gc,ergo        ] Free: 0B, Max: 0B regular, 0B humongous, Frag: 0% external, 0% internal; Reserve: 412M, Max: 4096K
[1062.242s][info][gc,start       ] GC(98) Pause Degenerated GC (Outside of Cycle)
[1062.242s][info][gc,task        ] GC(98) Using 4 of 4 workers for stw degenerated gc
[1062.253s][info][gc,ref         ] GC(98) Clearing All SoftReferences
[1062.360s][info][gc,ref         ] GC(98) Encountered references: Soft: 3306, Weak: 22691, Final: 34, Phantom: 1013
[1062.360s][info][gc,ref         ] GC(98) Discovered  references: Soft: 2786, Weak: 12218, Final: 0, Phantom: 740
[1062.360s][info][gc,ref         ] GC(98) Enqueued    references: Soft: 7, Weak: 5, Final: 0, Phantom: 0
[1062.366s][info][gc,ergo        ] GC(98) CSet Selection. Actual Free: 2744M, Max CSet: 2286M
[1062.366s][info][gc,ergo        ] GC(98) Collectable Garbage: 7315M (99%), Immediate: 2332M (31%), CSet: 4983M (67%)
[1062.450s][info][gc,ergo        ] GC(98) Good progress for free space: 7308M, need 83886K
[1062.450s][info][gc,ergo        ] GC(98) Good progress for used space: 7308M, need 4096K
[1062.450s][info][gc             ] GC(98) Pause Degenerated GC (Outside of Cycle) 7779M->471M(8192M) 207.605ms
[1062.450s][info][gc,ergo        ] Free: 7296M, Max: 4096K regular, 6800M humongous, Frag: 7% external, 1% internal; Reserve: 412M, Max: 4096K
[1062.450s][info][gc,stats       ] 
[1062.450s][info][gc,stats       ] All times are wall-clock times, except per-root-class counters, that are sum over
[1062.450s][info][gc,stats       ] all workers. Dividing the <total> over the root stage time estimates parallelism.
[1062.450s][info][gc,stats       ] 
[1062.450s][info][gc,stats       ] Pause Degenerated GC (G)         207663 us
[1062.450s][info][gc,stats       ] Pause Degenerated GC (N)         207618 us
[1062.450s][info][gc,stats       ]   Degen STW Mark                 105344 us, parallelism: 3.92x
[1062.450s][info][gc,stats       ]     DSM: <total>                 412449 us
[1062.450s][info][gc,stats       ]     DSM: Thread Roots               872 us, workers (us): 234, 213, 213, 212, 
[1062.450s][info][gc,stats       ]     DSM: VM Strong Roots             45 us, workers (us):  13,  21,   0,  10, 
[1062.450s][info][gc,stats       ]     DSM: CLDG Roots                 288 us, workers (us):  21,  42, 183,  42, 
[1062.450s][info][gc,stats       ]     DSM: Parallel Mark           411244 us, workers (us): 102848, 102843, 102712, 102842, 
[1062.450s][info][gc,stats       ]     System Purge                   6975 us
[1062.450s][info][gc,stats       ]       Weak References              1298 us, parallelism: 1.16x
[1062.450s][info][gc,stats       ]         WRP: <total>               1500 us
[1062.450s][info][gc,stats       ]         WRP: Weak References       1500 us, workers (us): 1219,  38, 244,   0, 
[1062.450s][info][gc,stats       ]       Unload Classes               5234 us, parallelism: 3.93x
[1062.450s][info][gc,stats       ]         DCU: <total>              20585 us
[1062.450s][info][gc,stats       ]         DCU: Unload Code Caches    20585 us, workers (us): 5163, 5165, 5133, 5123, 
[1062.450s][info][gc,stats       ]       Weak Roots                    241 us, parallelism: 3.52x
[1062.450s][info][gc,stats       ]         DWR: <total>                847 us
[1062.450s][info][gc,stats       ]         DWR: VM Weak Roots          847 us, workers (us): 228, 229, 195, 195, 
[1062.450s][info][gc,stats       ]       CLDG                            1 us
[1062.450s][info][gc,stats       ]   Update Region States               64 us
[1062.450s][info][gc,stats       ]   Manage GC/TLABs                     9 us
[1062.450s][info][gc,stats       ]   Choose Collection Set              76 us
[1062.450s][info][gc,stats       ]   Rebuild Free Set                   12 us
[1062.450s][info][gc,stats       ]   Evacuation                      29179 us
[1062.450s][info][gc,stats       ]   Manage GCLABs                       8 us
[1062.450s][info][gc,stats       ]   Update References               46693 us
[1062.451s][info][gc,stats       ]   Update Region States               27 us
[1062.451s][info][gc,stats       ]   Trash Collection Set               18 us
[1062.451s][info][gc,stats       ]   Rebuild Free Set                   13 us
[1062.451s][info][gc,stats       ]   Degen Update Roots               6571 us, parallelism: 3.87x
[1062.451s][info][gc,stats       ]     DU: <total>                   25442 us
[1062.451s][info][gc,stats       ]     DU: Thread Roots                195 us, workers (us):   1,   1,  67, 126, 
[1062.451s][info][gc,stats       ]     DU: Code Cache Roots          17584 us, workers (us): 4571, 4353, 4373, 4286, 
[1062.451s][info][gc,stats       ]     DU: VM Strong Roots              14 us, workers (us):   5,   5,   4,   0, 
[1062.451s][info][gc,stats       ]     DU: VM Weak Roots              7195 us, workers (us): 1808, 1804, 1805, 1779, 
[1062.451s][info][gc,stats       ]     DU: CLDG Roots                  455 us, workers (us):  74, 203,  76, 102, 
[1062.451s][info][gc,stats       ]   Cleanup                            49 us
[1062.451s][info][gc,metaspace   ] Metaspace: 134888K(136000K)->134888K(136000K) NonClass: 113964K(114624K)->113964K(114624K) Class: 20923K(21376K)->20923K(21376K)
[1073.347s][info][gc             ] Failed to allocate TLAB, 4096K
[1073.347s][info][gc             ] Cancelling GC: Allocation Failure
[1073.348s][info][gc             ] Trigger: Handle Allocation Failure
[1073.348s][info][gc,ergo        ] Free: 0B, Max: 0B regular, 0B humongous, Frag: 0% external, 0% internal; Reserve: 412M, Max: 4096K
[1073.348s][info][gc,start       ] GC(99) Pause Degenerated GC (Outside of Cycle)
[1073.348s][info][gc,task        ] GC(99) Using 4 of 4 workers for stw degenerated gc
[1073.363s][info][gc,ref         ] GC(99) Clearing All SoftReferences
[1073.465s][info][gc,ref         ] GC(99) Encountered references: Soft: 3300, Weak: 22691, Final: 34, Phantom: 1015
[1073.465s][info][gc,ref         ] GC(99) Discovered  references: Soft: 1389, Weak: 12259, Final: 0, Phantom: 746
[1073.465s][info][gc,ref         ] GC(99) Enqueued    references: Soft: 1, Weak: 4, Final: 0, Phantom: 0
[1073.471s][info][gc,ergo        ] GC(99) CSet Selection. Actual Free: 3356M, Max CSet: 2796M
[1073.471s][info][gc,ergo        ] GC(99) Collectable Garbage: 7313M (99%), Immediate: 2944M (40%), CSet: 4369M (59%)
[1073.554s][info][gc,ergo        ] GC(99) Good progress for free space: 7308M, need 83886K
[1073.554s][info][gc,ergo        ] GC(99) Good progress for used space: 7308M, need 4096K
[1073.554s][info][gc             ] GC(99) Pause Degenerated GC (Outside of Cycle) 7779M->471M(8192M) 205.904ms
[1073.554s][info][gc,ergo        ] Free: 7284M, Max: 4096K regular, 6860M humongous, Frag: 6% external, 1% internal; Reserve: 412M, Max: 4096K
[1073.554s][info][gc,stats       ] 
[1073.554s][info][gc,stats       ] All times are wall-clock times, except per-root-class counters, that are sum over
[1073.554s][info][gc,stats       ] all workers. Dividing the <total> over the root stage time estimates parallelism.
[1073.554s][info][gc,stats       ] 
[1073.554s][info][gc,stats       ] Pause Degenerated GC (G)         206026 us
[1073.554s][info][gc,stats       ] Pause Degenerated GC (N)         205918 us
[1073.554s][info][gc,stats       ]   Degen STW Mark                 101203 us, parallelism: 3.92x
[1073.554s][info][gc,stats       ]     DSM: <total>                 396845 us
[1073.554s][info][gc,stats       ]     DSM: Thread Roots               615 us, workers (us): 155, 155, 156, 150, 
[1073.554s][info][gc,stats       ]     DSM: VM Strong Roots             44 us, workers (us):  14,  17,  13,   0, 
[1073.554s][info][gc,stats       ]     DSM: CLDG Roots                 467 us, workers (us):  56,  56,  54, 302, 
[1073.554s][info][gc,stats       ]     DSM: Parallel Mark           395718 us, workers (us): 98984, 98988, 98994, 98751, 
[1073.554s][info][gc,stats       ]     System Purge                   7187 us
[1073.554s][info][gc,stats       ]       Weak References              1115 us, parallelism: 1.07x
[1073.554s][info][gc,stats       ]         WRP: <total>               1198 us
[1073.554s][info][gc,stats       ]         WRP: Weak References       1198 us, workers (us):  65,  90, 992,  51, 
[1073.554s][info][gc,stats       ]       Unload Classes               5545 us, parallelism: 3.94x
[1073.554s][info][gc,stats       ]         DCU: <total>              21829 us
[1073.554s][info][gc,stats       ]         DCU: Unload Code Caches    21829 us, workers (us): 5475, 5479, 5447, 5428, 
[1073.554s][info][gc,stats       ]       Weak Roots                    243 us, parallelism: 3.59x
[1073.554s][info][gc,stats       ]         DWR: <total>                870 us
[1073.554s][info][gc,stats       ]         DWR: VM Weak Roots          870 us, workers (us): 230, 229, 227, 184, 
[1073.554s][info][gc,stats       ]       CLDG                            2 us
[1073.554s][info][gc,stats       ]   Update Region States               39 us
[1073.554s][info][gc,stats       ]   Manage GC/TLABs                     9 us
[1073.554s][info][gc,stats       ]   Choose Collection Set              77 us
[1073.554s][info][gc,stats       ]   Rebuild Free Set                   11 us
[1073.554s][info][gc,stats       ]   Evacuation                      30192 us
[1073.554s][info][gc,stats       ]   Manage GCLABs                      13 us
[1073.554s][info][gc,stats       ]   Update References               44883 us
[1073.554s][info][gc,stats       ]   Update Region States               67 us
[1073.554s][info][gc,stats       ]   Trash Collection Set               14 us
[1073.554s][info][gc,stats       ]   Rebuild Free Set                   12 us
[1073.554s][info][gc,stats       ]   Degen Update Roots               5509 us, parallelism: 3.88x
[1073.554s][info][gc,stats       ]     DU: <total>                   21369 us
[1073.554s][info][gc,stats       ]     DU: Thread Roots                179 us, workers (us):   1,   1, 115,  61, 
[1073.554s][info][gc,stats       ]     DU: Code Cache Roots          16448 us, workers (us): 4171, 4255, 3926, 4096, 
[1073.554s][info][gc,stats       ]     DU: VM Strong Roots               8 us, workers (us):   3,   3,   2,   0, 
[1073.554s][info][gc,stats       ]     DU: VM Weak Roots              4319 us, workers (us): 1088, 1088, 1087, 1056, 
[1073.554s][info][gc,stats       ]     DU: CLDG Roots                  414 us, workers (us):  94,  68, 184,  68, 
[1073.554s][info][gc,stats       ]   Cleanup                           139 us
[1073.554s][info][gc,metaspace   ] Metaspace: 134891K(136000K)->134891K(136000K) NonClass: 113967K(114624K)->113967K(114624K) Class: 20923K(21376K)->20923K(21376K)
[1084.334s][info][gc             ] Failed to allocate TLAB, 4096K
[1084.335s][info][gc             ] Cancelling GC: Allocation Failure
[1084.335s][info][gc             ] Trigger: Handle Allocation Failure
[1084.335s][info][gc,ergo        ] Free: 0B, Max: 0B regular, 0B humongous, Frag: 0% external, 0% internal; Reserve: 412M, Max: 4096K
[1084.335s][info][gc,start       ] GC(100) Pause Degenerated GC (Outside of Cycle)
[1084.335s][info][gc,task        ] GC(100) Using 4 of 4 workers for stw degenerated gc
[1084.347s][info][gc,ref         ] GC(100) Clearing All SoftReferences
[1084.458s][info][gc,ref         ] GC(100) Encountered references: Soft: 3300, Weak: 22692, Final: 34, Phantom: 1021
[1084.458s][info][gc,ref         ] GC(100) Discovered  references: Soft: 2781, Weak: 12162, Final: 0, Phantom: 748
[1084.458s][info][gc,ref         ] GC(100) Enqueued    references: Soft: 1, Weak: 3, Final: 0, Phantom: 0
[1084.465s][info][gc,ergo        ] GC(100) CSet Selection. Actual Free: 2568M, Max CSet: 2140M
[1084.465s][info][gc,ergo        ] GC(100) Collectable Garbage: 7314M (99%), Immediate: 2156M (29%), CSet: 5158M (70%)
[1084.552s][info][gc,ergo        ] GC(100) Good progress for free space: 7308M, need 83886K
[1084.552s][info][gc,ergo        ] GC(100) Good progress for used space: 7308M, need 4096K
[1084.552s][info][gc             ] GC(100) Pause Degenerated GC (Outside of Cycle) 7779M->471M(8192M) 217.349ms
[1084.552s][info][gc,ergo        ] Free: 7296M, Max: 4096K regular, 6860M humongous, Frag: 6% external, 1% internal; Reserve: 412M, Max: 4096K
[1084.552s][info][gc,stats       ] 
[1084.552s][info][gc,stats       ] All times are wall-clock times, except per-root-class counters, that are sum over
[1084.552s][info][gc,stats       ] all workers. Dividing the <total> over the root stage time estimates parallelism.
[1084.552s][info][gc,stats       ] 
[1084.552s][info][gc,stats       ] Pause Degenerated GC (G)         217466 us
[1084.552s][info][gc,stats       ] Pause Degenerated GC (N)         217363 us
[1084.552s][info][gc,stats       ]   Degen STW Mark                 110179 us, parallelism: 3.93x
[1084.552s][info][gc,stats       ]     DSM: <total>                 432471 us
[1084.552s][info][gc,stats       ]     DSM: Thread Roots               703 us, workers (us): 183, 182, 182, 156, 
[1084.552s][info][gc,stats       ]     DSM: VM Strong Roots             50 us, workers (us):  16,  18,   0,  15, 
[1084.552s][info][gc,stats       ]     DSM: CLDG Roots                 476 us, workers (us):  68,  68, 273,  67, 
[1084.552s][info][gc,stats       ]     DSM: Parallel Mark           431242 us, workers (us): 107863, 107860, 107664, 107855, 
[1084.552s][info][gc,stats       ]     System Purge                   7143 us
[1084.552s][info][gc,stats       ]       Weak References              1076 us, parallelism: 1.18x
[1084.552s][info][gc,stats       ]         WRP: <total>               1269 us
[1084.552s][info][gc,stats       ]         WRP: Weak References       1269 us, workers (us): 997,  96,  39, 136, 
[1084.552s][info][gc,stats       ]       Unload Classes               5450 us, parallelism: 3.94x
[1084.552s][info][gc,stats       ]         DCU: <total>              21449 us
[1084.552s][info][gc,stats       ]         DCU: Unload Code Caches    21449 us, workers (us): 5375, 5382, 5339, 5354, 
[1084.552s][info][gc,stats       ]       Weak Roots                    226 us, parallelism: 3.52x
[1084.552s][info][gc,stats       ]         DWR: <total>                797 us
[1084.552s][info][gc,stats       ]         DWR: VM Weak Roots          797 us, workers (us): 217, 216, 182, 182, 
[1084.553s][info][gc,stats       ]       CLDG                            4 us
[1084.553s][info][gc,stats       ]   Update Region States               59 us
[1084.553s][info][gc,stats       ]   Manage GC/TLABs                    18 us
[1084.553s][info][gc,stats       ]   Choose Collection Set              80 us
[1084.553s][info][gc,stats       ]   Rebuild Free Set                   12 us
[1084.553s][info][gc,stats       ]   Evacuation                      32044 us
[1084.553s][info][gc,stats       ]   Manage GCLABs                       8 us
[1084.553s][info][gc,stats       ]   Update References               45836 us
[1084.553s][info][gc,stats       ]   Update Region States               43 us
[1084.553s][info][gc,stats       ]   Trash Collection Set               16 us
[1084.553s][info][gc,stats       ]   Rebuild Free Set                   12 us
[1084.553s][info][gc,stats       ]   Degen Update Roots               7641 us, parallelism: 3.94x
[1084.553s][info][gc,stats       ]     DU: <total>                   30117 us
[1084.553s][info][gc,stats       ]     DU: Thread Roots                172 us, workers (us):  88,   1,   1,  83, 
[1084.553s][info][gc,stats       ]     DU: Code Cache Roots          23861 us, workers (us): 5955, 6094, 5910, 5902, 
[1084.553s][info][gc,stats       ]     DU: VM Strong Roots               8 us, workers (us):   3,   3,   3,   0, 
[1084.553s][info][gc,stats       ]     DU: VM Weak Roots              5423 us, workers (us): 1366, 1362, 1363, 1332, 
[1084.553s][info][gc,stats       ]     DU: CLDG Roots                  652 us, workers (us):  98, 103, 293, 159, 
[1084.553s][info][gc,stats       ]   Cleanup                            51 us
[1084.553s][info][gc,metaspace   ] Metaspace: 134905K(136000K)->134905K(136000K) NonClass: 113981K(114624K)->113981K(114624K) Class: 20923K(21376K)->20923K(21376K)
[1095.602s][info][gc             ] Failed to allocate TLAB, 4096K
[1095.602s][info][gc             ] Cancelling GC: Allocation Failure
[1095.603s][info][gc             ] Trigger: Handle Allocation Failure
[1095.603s][info][gc,ergo        ] Free: 0B, Max: 0B regular, 0B humongous, Frag: 0% external, 0% internal; Reserve: 412M, Max: 4096K
[1095.603s][info][gc,start       ] GC(101) Pause Degenerated GC (Outside of Cycle)
[1095.603s][info][gc,task        ] GC(101) Using 4 of 4 workers for stw degenerated gc
[1095.614s][info][gc,ref         ] GC(101) Clearing All SoftReferences
[1095.723s][info][gc,ref         ] GC(101) Encountered references: Soft: 3307, Weak: 22698, Final: 34, Phantom: 1026
[1095.723s][info][gc,ref         ] GC(101) Discovered  references: Soft: 2773, Weak: 12341, Final: 0, Phantom: 751
[1095.723s][info][gc,ref         ] GC(101) Enqueued    references: Soft: 8, Weak: 8, Final: 0, Phantom: 1
[1095.731s][info][gc,ergo        ] GC(101) CSet Selection. Actual Free: 2876M, Max CSet: 2396M
[1095.731s][info][gc,ergo        ] GC(101) Collectable Garbage: 7299M (99%), Immediate: 2464M (33%), CSet: 4835M (65%)
[1095.848s][info][gc,ergo        ] GC(101) Good progress for free space: 7292M, need 83886K
[1095.848s][info][gc,ergo        ] GC(101) Good progress for used space: 7292M, need 4096K
[1095.848s][info][gc             ] GC(101) Pause Degenerated GC (Outside of Cycle) 7779M->487M(8192M) 244.787ms
[1095.848s][info][gc,ergo        ] Free: 7268M, Max: 4096K regular, 6792M humongous, Frag: 7% external, 1% internal; Reserve: 412M, Max: 4096K
[1095.848s][info][gc,stats       ] 
[1095.848s][info][gc,stats       ] All times are wall-clock times, except per-root-class counters, that are sum over
[1095.848s][info][gc,stats       ] all workers. Dividing the <total> over the root stage time estimates parallelism.
[1095.848s][info][gc,stats       ] 
[1095.848s][info][gc,stats       ] Pause Degenerated GC (G)         244921 us
[1095.848s][info][gc,stats       ] Pause Degenerated GC (N)         244801 us
[1095.848s][info][gc,stats       ]   Degen STW Mark                 106516 us, parallelism: 3.90x
[1095.848s][info][gc,stats       ]     DSM: <total>                 414973 us
[1095.848s][info][gc,stats       ]     DSM: Thread Roots               428 us, workers (us): 114, 114, 114,  85, 
[1095.848s][info][gc,stats       ]     DSM: VM Strong Roots             27 us, workers (us):   0,  10,   8,   8, 
[1095.848s][info][gc,stats       ]     DSM: CLDG Roots                 309 us, workers (us): 185,  41,  41,  42, 
[1095.848s][info][gc,stats       ]     DSM: Parallel Mark           414210 us, workers (us): 103447, 103583, 103590, 103590, 
[1095.848s][info][gc,stats       ]     System Purge                   9965 us
[1095.848s][info][gc,stats       ]       Weak References              1976 us, parallelism: 1.09x
[1095.848s][info][gc,stats       ]         WRP: <total>               2148 us
[1095.848s][info][gc,stats       ]         WRP: Weak References       2148 us, workers (us):  94,  34, 181, 1838, 
[1095.848s][info][gc,stats       ]       Unload Classes               7169 us, parallelism: 3.93x
[1095.848s][info][gc,stats       ]         DCU: <total>              28205 us
[1095.848s][info][gc,stats       ]         DCU: Unload Code Caches    28205 us, workers (us): 7053, 7061, 7066, 7024, 
[1095.848s][info][gc,stats       ]       Weak Roots                    443 us, parallelism: 3.47x
[1095.848s][info][gc,stats       ]         DWR: <total>               1539 us
[1095.848s][info][gc,stats       ]         DWR: VM Weak Roots         1539 us, workers (us): 402, 402, 374, 360, 
[1095.848s][info][gc,stats       ]       CLDG                            2 us
[1095.848s][info][gc,stats       ]   Update Region States               40 us
[1095.848s][info][gc,stats       ]   Manage GC/TLABs                    10 us
[1095.848s][info][gc,stats       ]   Choose Collection Set              89 us
[1095.848s][info][gc,stats       ]   Rebuild Free Set                   11 us
[1095.848s][info][gc,stats       ]   Evacuation                      46950 us
[1095.848s][info][gc,stats       ]   Manage GCLABs                       8 us
[1095.848s][info][gc,stats       ]   Update References               59921 us
[1095.848s][info][gc,stats       ]   Update Region States               67 us
[1095.848s][info][gc,stats       ]   Trash Collection Set               17 us
[1095.848s][info][gc,stats       ]   Rebuild Free Set                   12 us
[1095.848s][info][gc,stats       ]   Degen Update Roots               8139 us, parallelism: 3.94x
[1095.848s][info][gc,stats       ]     DU: <total>                   32047 us
[1095.848s][info][gc,stats       ]     DU: Thread Roots                166 us, workers (us):   1,   1,  72,  92, 
[1095.848s][info][gc,stats       ]     DU: Code Cache Roots          24106 us, workers (us): 6120, 5922, 6042, 6022, 
[1095.848s][info][gc,stats       ]     DU: VM Strong Roots               8 us, workers (us):   2,   2,   2,   2, 
[1095.848s][info][gc,stats       ]     DU: VM Weak Roots              7087 us, workers (us): 1771, 1772, 1774, 1770, 
[1095.848s][info][gc,stats       ]     DU: CLDG Roots                  681 us, workers (us): 144, 339,  97, 100, 
[1095.848s][info][gc,stats       ]   Cleanup                            47 us
[1095.848s][info][gc,metaspace   ] Metaspace: 134907K(136000K)->134907K(136000K) NonClass: 113982K(114624K)->113982K(114624K) Class: 20924K(21376K)->20924K(21376K)
[1106.438s][info][gc             ] Failed to allocate TLAB, 4096K
[1106.438s][info][gc             ] Cancelling GC: Allocation Failure
[1106.438s][info][gc             ] Trigger: Handle Allocation Failure
[1106.438s][info][gc,ergo        ] Free: 0B, Max: 0B regular, 0B humongous, Frag: 0% external, 0% internal; Reserve: 412M, Max: 4096K
[1106.438s][info][gc,start       ] GC(102) Pause Degenerated GC (Outside of Cycle)
[1106.438s][info][gc,task        ] GC(102) Using 4 of 4 workers for stw degenerated gc
[1106.449s][info][gc,ref         ] GC(102) Clearing All SoftReferences
[1106.556s][info][gc,ref         ] GC(102) Encountered references: Soft: 3300, Weak: 22693, Final: 34, Phantom: 1027
[1106.556s][info][gc,ref         ] GC(102) Discovered  references: Soft: 784, Weak: 12105, Final: 34, Phantom: 781
[1106.556s][info][gc,ref         ] GC(102) Enqueued    references: Soft: 1, Weak: 2, Final: 0, Phantom: 0
[1106.562s][info][gc,ergo        ] GC(102) CSet Selection. Actual Free: 2264M, Max CSet: 1886M
[1106.562s][info][gc,ergo        ] GC(102) Collectable Garbage: 7311M (99%), Immediate: 1852M (25%), CSet: 5459M (74%)
[1106.649s][info][gc,ergo        ] GC(102) Good progress for free space: 7304M, need 83886K
[1106.649s][info][gc,ergo        ] GC(102) Good progress for used space: 7304M, need 4096K
[1106.649s][info][gc             ] GC(102) Pause Degenerated GC (Outside of Cycle) 7779M->475M(8192M) 210.595ms
[1106.649s][info][gc,ergo        ] Free: 7280M, Max: 4096K regular, 6856M humongous, Frag: 6% external, 1% internal; Reserve: 412M, Max: 4096K
[1106.649s][info][gc,stats       ] 
[1106.649s][info][gc,stats       ] All times are wall-clock times, except per-root-class counters, that are sum over
[1106.649s][info][gc,stats       ] all workers. Dividing the <total> over the root stage time estimates parallelism.
[1106.649s][info][gc,stats       ] 
[1106.649s][info][gc,stats       ] Pause Degenerated GC (G)         210704 us
[1106.649s][info][gc,stats       ] Pause Degenerated GC (N)         210608 us
[1106.649s][info][gc,stats       ]   Degen STW Mark                 106386 us, parallelism: 3.93x
[1106.649s][info][gc,stats       ]     DSM: <total>                 417686 us
[1106.649s][info][gc,stats       ]     DSM: Thread Roots               391 us, workers (us): 115, 115,  81,  79, 
[1106.649s][info][gc,stats       ]     DSM: VM Strong Roots             27 us, workers (us):   0,  10,   9,   8, 
[1106.649s][info][gc,stats       ]     DSM: CLDG Roots                 290 us, workers (us): 177,  38,  38,  38, 
[1106.649s][info][gc,stats       ]     DSM: Parallel Mark           416978 us, workers (us): 104147, 104278, 104275, 104279, 
[1106.649s][info][gc,stats       ]     System Purge                   7203 us
[1106.649s][info][gc,stats       ]       Weak References              1148 us, parallelism: 1.01x
[1106.649s][info][gc,stats       ]         WRP: <total>               1159 us
[1106.649s][info][gc,stats       ]         WRP: Weak References       1159 us, workers (us): 110, 1011,  39,   0, 
[1106.649s][info][gc,stats       ]       Unload Classes               5343 us, parallelism: 3.93x
[1106.649s][info][gc,stats       ]         DCU: <total>              20990 us
[1106.649s][info][gc,stats       ]         DCU: Unload Code Caches    20990 us, workers (us): 5279, 5233, 5238, 5240, 
[1106.649s][info][gc,stats       ]       Weak Roots                    280 us, parallelism: 3.04x
[1106.649s][info][gc,stats       ]         DWR: <total>                851 us
[1106.649s][info][gc,stats       ]         DWR: VM Weak Roots          851 us, workers (us): 244, 214, 197, 196, 
[1106.649s][info][gc,stats       ]       CLDG                            4 us
[1106.649s][info][gc,stats       ]   Update Region States               40 us
[1106.649s][info][gc,stats       ]   Manage GC/TLABs                     9 us
[1106.649s][info][gc,stats       ]   Choose Collection Set              76 us
[1106.649s][info][gc,stats       ]   Rebuild Free Set                   11 us
[1106.649s][info][gc,stats       ]   Evacuation                      33434 us
[1106.649s][info][gc,stats       ]   Manage GCLABs                       9 us
[1106.650s][info][gc,stats       ]   Update References               45882 us
[1106.650s][info][gc,stats       ]   Update Region States               76 us
[1106.650s][info][gc,stats       ]   Trash Collection Set               18 us
[1106.650s][info][gc,stats       ]   Rebuild Free Set                   11 us
[1106.650s][info][gc,stats       ]   Degen Update Roots               5607 us, parallelism: 3.89x
[1106.650s][info][gc,stats       ]     DU: <total>                   21829 us
[1106.650s][info][gc,stats       ]     DU: Thread Roots                150 us, workers (us): 133,   1,  14,   2, 
[1106.650s][info][gc,stats       ]     DU: Code Cache Roots          16867 us, workers (us): 4144, 4214, 4264, 4245, 
[1106.650s][info][gc,stats       ]     DU: VM Strong Roots               8 us, workers (us):   4,   4,   0,   0, 
[1106.650s][info][gc,stats       ]     DU: VM Weak Roots              4386 us, workers (us): 1109, 1110, 1085, 1082, 
[1106.650s][info][gc,stats       ]     DU: CLDG Roots                  419 us, workers (us):  70, 184,  67,  98, 
[1106.650s][info][gc,stats       ]   Cleanup                            52 us
[1106.650s][info][gc,metaspace   ] Metaspace: 134908K(136000K)->134908K(136000K) NonClass: 113983K(114624K)->113983K(114624K) Class: 20924K(21376K)->20924K(21376K)
[1117.050s][info][gc             ] Failed to allocate TLAB, 4096K
[1117.050s][info][gc             ] Cancelling GC: Allocation Failure
[1117.051s][info][gc             ] Trigger: Handle Allocation Failure
[1117.051s][info][gc,ergo        ] Free: 0B, Max: 0B regular, 0B humongous, Frag: 0% external, 0% internal; Reserve: 412M, Max: 4096K
[1117.051s][info][gc,start       ] GC(103) Pause Degenerated GC (Outside of Cycle)
[1117.051s][info][gc,task        ] GC(103) Using 4 of 4 workers for stw degenerated gc
[1117.063s][info][gc,ref         ] GC(103) Clearing All SoftReferences
[1117.167s][info][gc,ref         ] GC(103) Encountered references: Soft: 3303, Weak: 22696, Final: 34, Phantom: 1030
[1117.167s][info][gc,ref         ] GC(103) Discovered  references: Soft: 2767, Weak: 12233, Final: 0, Phantom: 755
[1117.167s][info][gc,ref         ] GC(103) Enqueued    references: Soft: 4, Weak: 3, Final: 0, Phantom: 0
[1117.173s][info][gc,ergo        ] GC(103) CSet Selection. Actual Free: 3176M, Max CSet: 2646M
[1117.173s][info][gc,ergo        ] GC(103) Collectable Garbage: 7303M (99%), Immediate: 2764M (37%), CSet: 4539M (61%)
[1117.265s][info][gc,ergo        ] GC(103) Good progress for free space: 7296M, need 83886K
[1117.265s][info][gc,ergo        ] GC(103) Good progress for used space: 7296M, need 4096K
[1117.265s][info][gc             ] GC(103) Pause Degenerated GC (Outside of Cycle) 7779M->483M(8192M) 214.769ms
[1117.265s][info][gc,ergo        ] Free: 7288M, Max: 4096K regular, 6848M humongous, Frag: 7% external, 1% internal; Reserve: 412M, Max: 4096K
[1117.265s][info][gc,stats       ] 
[1117.265s][info][gc,stats       ] All times are wall-clock times, except per-root-class counters, that are sum over
[1117.265s][info][gc,stats       ] all workers. Dividing the <total> over the root stage time estimates parallelism.
[1117.266s][info][gc,stats       ] 
[1117.266s][info][gc,stats       ] Pause Degenerated GC (G)         214848 us
[1117.266s][info][gc,stats       ] Pause Degenerated GC (N)         214787 us
[1117.266s][info][gc,stats       ]   Degen STW Mark                 102620 us, parallelism: 3.93x
[1117.266s][info][gc,stats       ]     DSM: <total>                 402946 us
[1117.266s][info][gc,stats       ]     DSM: Thread Roots               426 us, workers (us): 114, 114, 113,  84, 
[1117.266s][info][gc,stats       ]     DSM: VM Strong Roots             26 us, workers (us):   8,   0,   8,  10, 
[1117.266s][info][gc,stats       ]     DSM: CLDG Roots                 286 us, workers (us):  37, 175,  37,  37, 
[1117.266s][info][gc,stats       ]     DSM: Parallel Mark           402207 us, workers (us): 100587, 100449, 100593, 100578, 
[1117.266s][info][gc,stats       ]     System Purge                   6757 us
[1117.266s][info][gc,stats       ]       Weak References              1174 us, parallelism: 1.04x
[1117.266s][info][gc,stats       ]         WRP: <total>               1222 us
[1117.266s][info][gc,stats       ]         WRP: Weak References       1222 us, workers (us): 1101,  41,  79,   0, 
[1117.266s][info][gc,stats       ]       Unload Classes               5187 us, parallelism: 3.92x
[1117.266s][info][gc,stats       ]         DCU: <total>              20337 us
[1117.266s][info][gc,stats       ]         DCU: Unload Code Caches    20337 us, workers (us): 5088, 5091, 5090, 5069, 
[1117.266s][info][gc,stats       ]       Weak Roots                    213 us, parallelism: 3.65x
[1117.266s][info][gc,stats       ]         DWR: <total>                779 us
[1117.266s][info][gc,stats       ]         DWR: VM Weak Roots          779 us, workers (us): 203, 202, 203, 172, 
[1117.266s][info][gc,stats       ]       CLDG                            2 us
[1117.266s][info][gc,stats       ]   Update Region States               78 us
[1117.266s][info][gc,stats       ]   Manage GC/TLABs                     9 us
[1117.266s][info][gc,stats       ]   Choose Collection Set              70 us
[1117.266s][info][gc,stats       ]   Rebuild Free Set                   11 us
[1117.266s][info][gc,stats       ]   Evacuation                      38007 us
[1117.266s][info][gc,stats       ]   Manage GCLABs                       7 us
[1117.266s][info][gc,stats       ]   Update References               47301 us
[1117.266s][info][gc,stats       ]   Update Region States               21 us
[1117.266s][info][gc,stats       ]   Trash Collection Set               14 us
[1117.266s][info][gc,stats       ]   Rebuild Free Set                   12 us
[1117.266s][info][gc,stats       ]   Degen Update Roots               5436 us, parallelism: 3.92x
[1117.266s][info][gc,stats       ]     DU: <total>                   21325 us
[1117.266s][info][gc,stats       ]     DU: Thread Roots                159 us, workers (us):   1,  75,   1,  83, 
[1117.266s][info][gc,stats       ]     DU: Code Cache Roots          16392 us, workers (us): 4187, 4070, 4073, 4062, 
[1117.266s][info][gc,stats       ]     DU: VM Strong Roots               8 us, workers (us):   2,   2,   2,   1, 
[1117.266s][info][gc,stats       ]     DU: VM Weak Roots              4347 us, workers (us): 1088, 1087, 1087, 1086, 
[1117.266s][info][gc,stats       ]     DU: CLDG Roots                  419 us, workers (us):  94,  70, 185,  70, 
[1117.266s][info][gc,stats       ]   Cleanup                            46 us
[1117.266s][info][gc,metaspace   ] Metaspace: 134909K(136000K)->134909K(136000K) NonClass: 113984K(114624K)->113984K(114624K) Class: 20924K(21376K)->20924K(21376K)
[1128.148s][info][gc             ] Failed to allocate TLAB, 4096K
[1128.148s][info][gc             ] Cancelling GC: Allocation Failure
[1128.150s][info][gc             ] Trigger: Handle Allocation Failure
[1128.150s][info][gc,ergo        ] Free: 0B, Max: 0B regular, 0B humongous, Frag: 0% external, 0% internal; Reserve: 412M, Max: 4096K
[1128.150s][info][gc,start       ] GC(104) Pause Degenerated GC (Outside of Cycle)
[1128.150s][info][gc,task        ] GC(104) Using 4 of 4 workers for stw degenerated gc
[1128.161s][info][gc,ref         ] GC(104) Clearing All SoftReferences
[1128.261s][info][gc,ref         ] GC(104) Encountered references: Soft: 3305, Weak: 22701, Final: 34, Phantom: 1036
[1128.261s][info][gc,ref         ] GC(104) Discovered  references: Soft: 2772, Weak: 12280, Final: 0, Phantom: 729
[1128.261s][info][gc,ref         ] GC(104) Enqueued    references: Soft: 6, Weak: 7, Final: 0, Phantom: 0
[1128.267s][info][gc,ergo        ] GC(104) CSet Selection. Actual Free: 2544M, Max CSet: 2120M
[1128.267s][info][gc,ergo        ] GC(104) Collectable Garbage: 7319M (99%), Immediate: 2132M (29%), CSet: 5187M (70%)
[1128.350s][info][gc,ergo        ] GC(104) Good progress for free space: 7312M, need 83886K
[1128.350s][info][gc,ergo        ] GC(104) Good progress for used space: 7312M, need 4096K
[1128.350s][info][gc             ] GC(104) Pause Degenerated GC (Outside of Cycle) 7779M->467M(8192M) 199.922ms
[1128.350s][info][gc,ergo        ] Free: 7304M, Max: 4096K regular, 6864M humongous, Frag: 7% external, 1% internal; Reserve: 412M, Max: 4096K
[1128.350s][info][gc,stats       ] 
[1128.350s][info][gc,stats       ] All times are wall-clock times, except per-root-class counters, that are sum over
[1128.350s][info][gc,stats       ] all workers. Dividing the <total> over the root stage time estimates parallelism.
[1128.350s][info][gc,stats       ] 
[1128.350s][info][gc,stats       ] Pause Degenerated GC (G)         199995 us
[1128.350s][info][gc,stats       ] Pause Degenerated GC (N)         199936 us
[1128.350s][info][gc,stats       ]   Degen STW Mark                  99597 us, parallelism: 3.92x
[1128.350s][info][gc,stats       ]     DSM: <total>                 390170 us
[1128.350s][info][gc,stats       ]     DSM: Thread Roots               336 us, workers (us): 102, 102,  67,  65, 
[1128.350s][info][gc,stats       ]     DSM: VM Strong Roots             27 us, workers (us):  10,   8,   0,   8, 
[1128.350s][info][gc,stats       ]     DSM: CLDG Roots                 298 us, workers (us):  37,  37, 186,  37, 
[1128.350s][info][gc,stats       ]     DSM: Parallel Mark           389509 us, workers (us): 97406, 97420, 97266, 97417, 
[1128.350s][info][gc,stats       ]     System Purge                   6839 us
[1128.350s][info][gc,stats       ]       Weak References              1208 us, parallelism: 1.03x
[1128.350s][info][gc,stats       ]         WRP: <total>               1243 us
[1128.350s][info][gc,stats       ]         WRP: Weak References       1243 us, workers (us): 1131,  52,  60,   0, 
[1128.350s][info][gc,stats       ]       Unload Classes               5141 us, parallelism: 3.95x
[1128.350s][info][gc,stats       ]         DCU: <total>              20306 us
[1128.350s][info][gc,stats       ]         DCU: Unload Code Caches    20306 us, workers (us): 5076, 5078, 5074, 5079, 
[1128.350s][info][gc,stats       ]       Weak Roots                    199 us, parallelism: 3.78x
[1128.350s][info][gc,stats       ]         DWR: <total>                752 us
[1128.350s][info][gc,stats       ]         DWR: VM Weak Roots          752 us, workers (us): 189, 188, 188, 188, 
[1128.350s][info][gc,stats       ]       CLDG                            1 us
[1128.350s][info][gc,stats       ]   Update Region States               25 us
[1128.350s][info][gc,stats       ]   Manage GC/TLABs                     9 us
[1128.350s][info][gc,stats       ]   Choose Collection Set              71 us
[1128.350s][info][gc,stats       ]   Rebuild Free Set                   11 us
[1128.350s][info][gc,stats       ]   Evacuation                      29421 us
[1128.350s][info][gc,stats       ]   Manage GCLABs                       6 us
[1128.350s][info][gc,stats       ]   Update References               44227 us
[1128.350s][info][gc,stats       ]   Update Region States               31 us
[1128.350s][info][gc,stats       ]   Trash Collection Set               16 us
[1128.350s][info][gc,stats       ]   Rebuild Free Set                   11 us
[1128.350s][info][gc,stats       ]   Degen Update Roots               6754 us, parallelism: 3.95x
[1128.350s][info][gc,stats       ]     DU: <total>                   26712 us
[1128.350s][info][gc,stats       ]     DU: Thread Roots                212 us, workers (us):   6, 131,   6,  68, 
[1128.350s][info][gc,stats       ]     DU: Code Cache Roots          21244 us, workers (us): 5436, 5259, 5436, 5113, 
[1128.350s][info][gc,stats       ]     DU: VM Strong Roots               7 us, workers (us):   3,   2,   2,   0, 
[1128.350s][info][gc,stats       ]     DU: VM Weak Roots              4603 us, workers (us): 1157, 1155, 1158, 1132, 
[1128.350s][info][gc,stats       ]     DU: CLDG Roots                  647 us, workers (us):  84, 136,  84, 343, 
[1128.350s][info][gc,stats       ]   Cleanup                            54 us
[1128.350s][info][gc,metaspace   ] Metaspace: 134937K(136000K)->134937K(136000K) NonClass: 114012K(114624K)->114012K(114624K) Class: 20924K(21376K)->20924K(21376K)
[1138.797s][info][gc             ] Failed to allocate TLAB, 4096K
[1138.797s][info][gc             ] Cancelling GC: Allocation Failure
[1138.798s][info][gc             ] Trigger: Handle Allocation Failure
[1138.798s][info][gc,ergo        ] Free: 0B, Max: 0B regular, 0B humongous, Frag: 0% external, 0% internal; Reserve: 412M, Max: 4096K
[1138.798s][info][gc,start       ] GC(105) Pause Degenerated GC (Outside of Cycle)
[1138.798s][info][gc,task        ] GC(105) Using 4 of 4 workers for stw degenerated gc
[1138.808s][info][gc,ref         ] GC(105) Clearing All SoftReferences
[1138.919s][info][gc,ref         ] GC(105) Encountered references: Soft: 3301, Weak: 22706, Final: 34, Phantom: 1041
[1138.919s][info][gc,ref         ] GC(105) Discovered  references: Soft: 2775, Weak: 12228, Final: 0, Phantom: 731
[1138.919s][info][gc,ref         ] GC(105) Enqueued    references: Soft: 2, Weak: 5, Final: 0, Phantom: 2
[1138.925s][info][gc,ergo        ] GC(105) CSet Selection. Actual Free: 3144M, Max CSet: 2620M
[1138.925s][info][gc,ergo        ] GC(105) Collectable Garbage: 7314M (99%), Immediate: 2732M (37%), CSet: 4582M (62%)
[1139.008s][info][gc,ergo        ] GC(105) Good progress for free space: 7308M, need 83886K
[1139.008s][info][gc,ergo        ] GC(105) Good progress for used space: 7308M, need 4096K
[1139.008s][info][gc             ] GC(105) Pause Degenerated GC (Outside of Cycle) 7779M->471M(8192M) 209.924ms
[1139.008s][info][gc,ergo        ] Free: 7296M, Max: 4096K regular, 6860M humongous, Frag: 6% external, 1% internal; Reserve: 412M, Max: 4096K
[1139.008s][info][gc,stats       ] 
[1139.008s][info][gc,stats       ] All times are wall-clock times, except per-root-class counters, that are sum over
[1139.008s][info][gc,stats       ] all workers. Dividing the <total> over the root stage time estimates parallelism.
[1139.008s][info][gc,stats       ] 
[1139.008s][info][gc,stats       ] Pause Degenerated GC (G)         210023 us
[1139.008s][info][gc,stats       ] Pause Degenerated GC (N)         209937 us
[1139.008s][info][gc,stats       ]   Degen STW Mark                 109118 us, parallelism: 3.93x
[1139.008s][info][gc,stats       ]     DSM: <total>                 428594 us
[1139.008s][info][gc,stats       ]     DSM: Thread Roots               394 us, workers (us): 108, 108, 102,  75, 
[1139.008s][info][gc,stats       ]     DSM: VM Strong Roots             28 us, workers (us):   9,  10,   0,   9, 
[1139.008s][info][gc,stats       ]     DSM: CLDG Roots                 273 us, workers (us):  31,  31, 180,  31, 
[1139.008s][info][gc,stats       ]     DSM: Parallel Mark           427900 us, workers (us): 107010, 107006, 106866, 107018, 
[1139.008s][info][gc,stats       ]     System Purge                   7048 us
[1139.008s][info][gc,stats       ]       Weak References              1178 us, parallelism: 1.09x
[1139.008s][info][gc,stats       ]         WRP: <total>               1284 us
[1139.008s][info][gc,stats       ]         WRP: Weak References       1284 us, workers (us): 1109,  71,  43,  61, 
[1139.008s][info][gc,stats       ]       Unload Classes               5321 us, parallelism: 3.94x
[1139.008s][info][gc,stats       ]         DCU: <total>              20988 us
[1139.008s][info][gc,stats       ]         DCU: Unload Code Caches    20988 us, workers (us): 5250, 5251, 5259, 5228, 
[1139.008s][info][gc,stats       ]       Weak Roots                    213 us, parallelism: 3.64x
[1139.008s][info][gc,stats       ]         DWR: <total>                775 us
[1139.008s][info][gc,stats       ]         DWR: VM Weak Roots          775 us, workers (us): 202, 201, 200, 171, 
[1139.008s][info][gc,stats       ]       CLDG                            3 us
[1139.008s][info][gc,stats       ]   Update Region States               37 us
[1139.008s][info][gc,stats       ]   Manage GC/TLABs                     9 us
[1139.008s][info][gc,stats       ]   Choose Collection Set              69 us
[1139.008s][info][gc,stats       ]   Rebuild Free Set                   11 us
[1139.008s][info][gc,stats       ]   Evacuation                      30581 us
[1139.008s][info][gc,stats       ]   Manage GCLABs                       7 us
[1139.008s][info][gc,stats       ]   Update References               45423 us
[1139.008s][info][gc,stats       ]   Update Region States               37 us
[1139.008s][info][gc,stats       ]   Trash Collection Set               15 us
[1139.008s][info][gc,stats       ]   Rebuild Free Set                   12 us
[1139.008s][info][gc,stats       ]   Degen Update Roots               5518 us, parallelism: 3.93x
[1139.009s][info][gc,stats       ]     DU: <total>                   21711 us
[1139.009s][info][gc,stats       ]     DU: Thread Roots                166 us, workers (us): 132,   1,  15,  18, 
[1139.009s][info][gc,stats       ]     DU: Code Cache Roots          16772 us, workers (us): 4133, 4173, 4250, 4216, 
[1139.009s][info][gc,stats       ]     DU: VM Strong Roots               7 us, workers (us):   3,   2,   2,   0, 
[1139.009s][info][gc,stats       ]     DU: VM Weak Roots              4341 us, workers (us): 1093, 1091, 1092, 1065, 
[1139.009s][info][gc,stats       ]     DU: CLDG Roots                  425 us, workers (us):  69, 184,  70, 102, 
[1139.009s][info][gc,stats       ]   Cleanup                            68 us
[1139.009s][info][gc,metaspace   ] Metaspace: 135002K(136064K)->135002K(136064K) NonClass: 114076K(114688K)->114076K(114688K) Class: 20925K(21376K)->20925K(21376K)
[1149.620s][info][gc             ] Failed to allocate TLAB, 4096K
[1149.620s][info][gc             ] Cancelling GC: Allocation Failure
[1149.621s][info][gc             ] Trigger: Handle Allocation Failure
[1149.621s][info][gc,ergo        ] Free: 0B, Max: 0B regular, 0B humongous, Frag: 0% external, 0% internal; Reserve: 412M, Max: 4096K
[1149.621s][info][gc,start       ] GC(106) Pause Degenerated GC (Outside of Cycle)
[1149.621s][info][gc,task        ] GC(106) Using 4 of 4 workers for stw degenerated gc
[1149.631s][info][gc,ref         ] GC(106) Clearing All SoftReferences
[1149.734s][info][gc,ref         ] GC(106) Encountered references: Soft: 3306, Weak: 22708, Final: 34, Phantom: 1045
[1149.734s][info][gc,ref         ] GC(106) Discovered  references: Soft: 2769, Weak: 12053, Final: 0, Phantom: 770
[1149.734s][info][gc,ref         ] GC(106) Enqueued    references: Soft: 7, Weak: 5, Final: 0, Phantom: 0
[1149.740s][info][gc,ergo        ] GC(106) CSet Selection. Actual Free: 1944M, Max CSet: 1620M
[1149.740s][info][gc,ergo        ] GC(106) Collectable Garbage: 7323M (99%), Immediate: 1532M (20%), CSet: 5791M (78%)
[1149.821s][info][gc,ergo        ] GC(106) Good progress for free space: 7316M, need 83886K
[1149.821s][info][gc,ergo        ] GC(106) Good progress for used space: 7316M, need 4096K
[1149.821s][info][gc             ] GC(106) Pause Degenerated GC (Outside of Cycle) 7779M->463M(8192M) 200.174ms
[1149.821s][info][gc,ergo        ] Free: 7316M, Max: 4096K regular, 6868M humongous, Frag: 7% external, 1% internal; Reserve: 412M, Max: 4096K
[1149.821s][info][gc,stats       ] 
[1149.822s][info][gc,stats       ] All times are wall-clock times, except per-root-class counters, that are sum over
[1149.822s][info][gc,stats       ] all workers. Dividing the <total> over the root stage time estimates parallelism.
[1149.822s][info][gc,stats       ] 
[1149.822s][info][gc,stats       ] Pause Degenerated GC (G)         200234 us
[1149.822s][info][gc,stats       ] Pause Degenerated GC (N)         200188 us
[1149.822s][info][gc,stats       ]   Degen STW Mark                 101974 us, parallelism: 3.92x
[1149.822s][info][gc,stats       ]     DSM: <total>                 399266 us
[1149.822s][info][gc,stats       ]     DSM: Thread Roots               423 us, workers (us): 124, 123,  88,  87, 
[1149.822s][info][gc,stats       ]     DSM: VM Strong Roots             29 us, workers (us):   0,   9,   9,  11, 
[1149.822s][info][gc,stats       ]     DSM: CLDG Roots                 275 us, workers (us): 177,  33,  32,  33, 
[1149.822s][info][gc,stats       ]     DSM: Parallel Mark           398540 us, workers (us): 99530, 99678, 99667, 99664, 
[1149.822s][info][gc,stats       ]     System Purge                   7150 us
[1149.822s][info][gc,stats       ]       Weak References              1301 us, parallelism: 0.92x
[1149.822s][info][gc,stats       ]         WRP: <total>               1199 us
[1149.822s][info][gc,stats       ]         WRP: Weak References       1199 us, workers (us): 1107,  92,   0,   0, 
[1149.822s][info][gc,stats       ]       Unload Classes               5245 us, parallelism: 3.93x
[1149.822s][info][gc,stats       ]         DCU: <total>              20607 us
[1149.822s][info][gc,stats       ]         DCU: Unload Code Caches    20607 us, workers (us): 5177, 5145, 5147, 5138, 
[1149.822s][info][gc,stats       ]       Weak Roots                    242 us, parallelism: 3.28x
[1149.822s][info][gc,stats       ]         DWR: <total>                796 us
[1149.822s][info][gc,stats       ]         DWR: VM Weak Roots          796 us, workers (us): 231, 199, 182, 183, 
[1149.822s][info][gc,stats       ]       CLDG                            2 us
[1149.822s][info][gc,stats       ]   Update Region States               93 us
[1149.822s][info][gc,stats       ]   Manage GC/TLABs                     9 us
[1149.822s][info][gc,stats       ]   Choose Collection Set              70 us
[1149.822s][info][gc,stats       ]   Rebuild Free Set                   10 us
[1149.822s][info][gc,stats       ]   Evacuation                      29595 us
[1149.822s][info][gc,stats       ]   Manage GCLABs                       7 us
[1149.822s][info][gc,stats       ]   Update References               43634 us
[1149.822s][info][gc,stats       ]   Update Region States               39 us
[1149.822s][info][gc,stats       ]   Trash Collection Set               14 us
[1149.822s][info][gc,stats       ]   Rebuild Free Set                   12 us
[1149.822s][info][gc,stats       ]   Degen Update Roots               6083 us, parallelism: 3.91x
[1149.822s][info][gc,stats       ]     DU: <total>                   23755 us
[1149.822s][info][gc,stats       ]     DU: Thread Roots                231 us, workers (us): 119,   1,  92,  19, 
[1149.822s][info][gc,stats       ]     DU: Code Cache Roots          18696 us, workers (us): 4524, 4795, 4636, 4741, 
[1149.822s][info][gc,stats       ]     DU: VM Strong Roots               6 us, workers (us):   3,   3,   0,   0, 
[1149.822s][info][gc,stats       ]     DU: VM Weak Roots              4405 us, workers (us): 1115, 1116, 1092, 1081, 
[1149.822s][info][gc,stats       ]     DU: CLDG Roots                  417 us, workers (us): 185,  67,  99,  66, 
[1149.822s][info][gc,stats       ]   Cleanup                            60 us
[1149.822s][info][gc,metaspace   ] Metaspace: 135004K(136064K)->135004K(136064K) NonClass: 114078K(114688K)->114078K(114688K) Class: 20925K(21376K)->20925K(21376K)
[1160.362s][info][gc             ] Failed to allocate TLAB, 4096K
[1160.362s][info][gc             ] Cancelling GC: Allocation Failure
[1160.362s][info][gc             ] Trigger: Handle Allocation Failure
[1160.362s][info][gc,ergo        ] Free: 0B, Max: 0B regular, 0B humongous, Frag: 0% external, 0% internal; Reserve: 412M, Max: 4096K
[1160.362s][info][gc,start       ] GC(107) Pause Degenerated GC (Outside of Cycle)
[1160.362s][info][gc,task        ] GC(107) Using 4 of 4 workers for stw degenerated gc
[1160.380s][info][gc,ref         ] GC(107) Clearing All SoftReferences
[1160.482s][info][gc,ref         ] GC(107) Encountered references: Soft: 3300, Weak: 22708, Final: 34, Phantom: 1048
[1160.482s][info][gc,ref         ] GC(107) Discovered  references: Soft: 2769, Weak: 12361, Final: 0, Phantom: 794
[1160.482s][info][gc,ref         ] GC(107) Enqueued    references: Soft: 1, Weak: 4, Final: 0, Phantom: 0
[1160.488s][info][gc,ergo        ] GC(107) CSet Selection. Actual Free: 2892M, Max CSet: 2410M
[1160.488s][info][gc,ergo        ] GC(107) Collectable Garbage: 7308M (99%), Immediate: 2480M (33%), CSet: 4828M (65%)
[1160.573s][info][gc,ergo        ] GC(107) Good progress for free space: 7300M, need 83886K
[1160.573s][info][gc,ergo        ] GC(107) Good progress for used space: 7300M, need 4096K
[1160.574s][info][gc             ] GC(107) Pause Degenerated GC (Outside of Cycle) 7779M->479M(8192M) 211.087ms
[1160.574s][info][gc,ergo        ] Free: 7288M, Max: 4096K regular, 6852M humongous, Frag: 6% external, 1% internal; Reserve: 412M, Max: 4096K
[1160.574s][info][gc,stats       ] 
[1160.574s][info][gc,stats       ] All times are wall-clock times, except per-root-class counters, that are sum over
[1160.574s][info][gc,stats       ] all workers. Dividing the <total> over the root stage time estimates parallelism.
[1160.574s][info][gc,stats       ] 
[1160.574s][info][gc,stats       ] Pause Degenerated GC (G)         211134 us
[1160.574s][info][gc,stats       ] Pause Degenerated GC (N)         211101 us
[1160.574s][info][gc,stats       ]   Degen STW Mark                 101755 us, parallelism: 3.92x
[1160.574s][info][gc,stats       ]     DSM: <total>                 398908 us
[1160.574s][info][gc,stats       ]     DSM: Thread Roots               424 us, workers (us): 113, 113, 112,  85, 
[1160.574s][info][gc,stats       ]     DSM: VM Strong Roots             33 us, workers (us):   0,  10,  12,  10, 
[1160.574s][info][gc,stats       ]     DSM: CLDG Roots                 311 us, workers (us): 197,  38,  38,  38, 
[1160.574s][info][gc,stats       ]     DSM: Parallel Mark           398140 us, workers (us): 99420, 99570, 99568, 99582, 
[1160.574s][info][gc,stats       ]     System Purge                   7035 us
[1160.574s][info][gc,stats       ]       Weak References              1150 us, parallelism: 1.09x
[1160.574s][info][gc,stats       ]         WRP: <total>               1256 us
[1160.574s][info][gc,stats       ]         WRP: Weak References       1256 us, workers (us): 100,  31, 108, 1016, 
[1160.574s][info][gc,stats       ]       Unload Classes               5300 us, parallelism: 3.91x
[1160.574s][info][gc,stats       ]         DCU: <total>              20736 us
[1160.574s][info][gc,stats       ]         DCU: Unload Code Caches    20736 us, workers (us): 5199, 5190, 5182, 5164, 
[1160.574s][info][gc,stats       ]       Weak Roots                    255 us, parallelism: 3.25x
[1160.574s][info][gc,stats       ]         DWR: <total>                829 us
[1160.574s][info][gc,stats       ]         DWR: VM Weak Roots          829 us, workers (us): 215, 214, 214, 186, 
[1160.574s][info][gc,stats       ]       CLDG                            3 us
[1160.574s][info][gc,stats       ]   Update Region States               68 us
[1160.574s][info][gc,stats       ]   Manage GC/TLABs                     9 us
[1160.574s][info][gc,stats       ]   Choose Collection Set              75 us
[1160.574s][info][gc,stats       ]   Rebuild Free Set                   12 us
[1160.574s][info][gc,stats       ]   Evacuation                      32585 us
[1160.574s][info][gc,stats       ]   Manage GCLABs                       8 us
[1160.574s][info][gc,stats       ]   Update References               45304 us
[1160.574s][info][gc,stats       ]   Update Region States               22 us
[1160.574s][info][gc,stats       ]   Trash Collection Set               15 us
[1160.574s][info][gc,stats       ]   Rebuild Free Set                   14 us
[1160.574s][info][gc,stats       ]   Degen Update Roots               5519 us, parallelism: 3.91x
[1160.574s][info][gc,stats       ]     DU: <total>                   21575 us
[1160.574s][info][gc,stats       ]     DU: Thread Roots                154 us, workers (us):   8, 110,  36,   1, 
[1160.574s][info][gc,stats       ]     DU: Code Cache Roots          16664 us, workers (us): 4098, 4113, 4162, 4291, 
[1160.574s][info][gc,stats       ]     DU: VM Strong Roots               7 us, workers (us):   2,   2,   2,   0, 
[1160.574s][info][gc,stats       ]     DU: VM Weak Roots              4332 us, workers (us): 1088, 1089, 1088, 1067, 
[1160.574s][info][gc,stats       ]     DU: CLDG Roots                  418 us, workers (us): 186,  69,  94,  69, 
[1160.574s][info][gc,stats       ]   Cleanup                            46 us
[1160.574s][info][gc,metaspace   ] Metaspace: 135006K(136064K)->135007K(136064K) NonClass: 114081K(114688K)->114081K(114688K) Class: 20925K(21376K)->20925K(21376K)
[1173.437s][info][gc             ] Failed to allocate TLAB, 4096K
[1173.437s][info][gc             ] Cancelling GC: Allocation Failure
[1173.437s][info][gc             ] Trigger: Handle Allocation Failure
[1173.437s][info][gc,ergo        ] Free: 0B, Max: 0B regular, 0B humongous, Frag: 0% external, 0% internal; Reserve: 412M, Max: 4096K
[1173.437s][info][gc,start       ] GC(108) Pause Degenerated GC (Outside of Cycle)
[1173.437s][info][gc,task        ] GC(108) Using 4 of 4 workers for stw degenerated gc
[1173.447s][info][gc,ref         ] GC(108) Clearing All SoftReferences
[1173.551s][info][gc,ref         ] GC(108) Encountered references: Soft: 3300, Weak: 22709, Final: 34, Phantom: 1054
[1173.551s][info][gc,ref         ] GC(108) Discovered  references: Soft: 2778, Weak: 12282, Final: 0, Phantom: 798
[1173.551s][info][gc,ref         ] GC(108) Enqueued    references: Soft: 1, Weak: 3, Final: 0, Phantom: 0
[1173.559s][info][gc,ergo        ] GC(108) CSet Selection. Actual Free: 1488M, Max CSet: 1240M
[1173.559s][info][gc,ergo        ] GC(108) Collectable Garbage: 7308M (99%), Immediate: 1076M (14%), CSet: 6232M (84%)
[1173.649s][info][gc,ergo        ] GC(108) Good progress for free space: 7304M, need 83886K
[1173.649s][info][gc,ergo        ] GC(108) Good progress for used space: 7304M, need 4096K
[1173.649s][info][gc             ] GC(108) Pause Degenerated GC (Outside of Cycle) 7779M->475M(8192M) 212.099ms
[1173.649s][info][gc,ergo        ] Free: 7292M, Max: 4096K regular, 6856M humongous, Frag: 6% external, 1% internal; Reserve: 412M, Max: 4096K
[1173.649s][info][gc,stats       ] 
[1173.649s][info][gc,stats       ] All times are wall-clock times, except per-root-class counters, that are sum over
[1173.649s][info][gc,stats       ] all workers. Dividing the <total> over the root stage time estimates parallelism.
[1173.649s][info][gc,stats       ] 
[1173.649s][info][gc,stats       ] Pause Degenerated GC (G)         212155 us
[1173.649s][info][gc,stats       ] Pause Degenerated GC (N)         212112 us
[1173.649s][info][gc,stats       ]   Degen STW Mark                 102321 us, parallelism: 3.91x
[1173.649s][info][gc,stats       ]     DSM: <total>                 400492 us
[1173.649s][info][gc,stats       ]     DSM: Thread Roots               396 us, workers (us): 108, 107, 107,  74, 
[1173.649s][info][gc,stats       ]     DSM: VM Strong Roots             28 us, workers (us):   8,   0,  10,  10, 
[1173.649s][info][gc,stats       ]     DSM: CLDG Roots                 287 us, workers (us):  38, 172,  38,  38, 
[1173.649s][info][gc,stats       ]     DSM: Parallel Mark           399781 us, workers (us): 99983, 99846, 99982, 99970, 
[1173.649s][info][gc,stats       ]     System Purge                   9722 us
[1173.649s][info][gc,stats       ]       Weak References              1255 us, parallelism: 1.11x
[1173.649s][info][gc,stats       ]         WRP: <total>               1392 us
[1173.650s][info][gc,stats       ]         WRP: Weak References       1392 us, workers (us): 124, 1120, 148,   0, 
[1173.650s][info][gc,stats       ]       Unload Classes               7775 us, parallelism: 3.94x
[1173.650s][info][gc,stats       ]         DCU: <total>              30635 us
[1173.650s][info][gc,stats       ]         DCU: Unload Code Caches    30635 us, workers (us): 7678, 7659, 7662, 7635, 
[1173.650s][info][gc,stats       ]       Weak Roots                    360 us, parallelism: 3.51x
[1173.650s][info][gc,stats       ]         DWR: <total>               1261 us
[1173.650s][info][gc,stats       ]         DWR: VM Weak Roots         1261 us, workers (us): 347, 318, 298, 298, 
[1173.650s][info][gc,stats       ]       CLDG                            3 us
[1173.650s][info][gc,stats       ]   Update Region States               47 us
[1173.650s][info][gc,stats       ]   Manage GC/TLABs                    10 us
[1173.650s][info][gc,stats       ]   Choose Collection Set              74 us
[1173.650s][info][gc,stats       ]   Rebuild Free Set                   10 us
[1173.650s][info][gc,stats       ]   Evacuation                      37303 us
[1173.650s][info][gc,stats       ]   Manage GCLABs                       7 us
[1173.650s][info][gc,stats       ]   Update References               45400 us
[1173.650s][info][gc,stats       ]   Update Region States               47 us
[1173.650s][info][gc,stats       ]   Trash Collection Set               18 us
[1173.650s][info][gc,stats       ]   Rebuild Free Set                   10 us
[1173.650s][info][gc,stats       ]   Degen Update Roots               5469 us, parallelism: 3.95x
[1173.650s][info][gc,stats       ]     DU: <total>                   21583 us
[1173.650s][info][gc,stats       ]     DU: Thread Roots                163 us, workers (us):  40,   1,  16, 106, 
[1173.650s][info][gc,stats       ]     DU: Code Cache Roots          16703 us, workers (us): 4211, 4227, 4119, 4146, 
[1173.650s][info][gc,stats       ]     DU: VM Strong Roots               7 us, workers (us):   2,   2,   2,   0, 
[1173.650s][info][gc,stats       ]     DU: VM Weak Roots              4304 us, workers (us): 1082, 1084, 1084, 1055, 
[1173.650s][info][gc,stats       ]     DU: CLDG Roots                  406 us, workers (us):  67,  90, 181,  67, 
[1173.650s][info][gc,stats       ]   Cleanup                            58 us
[1173.650s][info][gc,metaspace   ] Metaspace: 135011K(136064K)->135011K(136064K) NonClass: 114086K(114688K)->114086K(114688K) Class: 20925K(21376K)->20925K(21376K)
[1184.123s][info][gc             ] Failed to allocate TLAB, 4096K
[1184.123s][info][gc             ] Cancelling GC: Allocation Failure
[1184.123s][info][gc             ] Trigger: Handle Allocation Failure
[1184.123s][info][gc,ergo        ] Free: 0B, Max: 0B regular, 0B humongous, Frag: 0% external, 0% internal; Reserve: 412M, Max: 4096K
[1184.123s][info][gc,start       ] GC(109) Pause Degenerated GC (Outside of Cycle)
[1184.123s][info][gc,task        ] GC(109) Using 4 of 4 workers for stw degenerated gc
[1184.138s][info][gc,ref         ] GC(109) Clearing All SoftReferences
[1184.255s][info][gc,ref         ] GC(109) Encountered references: Soft: 3306, Weak: 22714, Final: 34, Phantom: 1060
[1184.255s][info][gc,ref         ] GC(109) Discovered  references: Soft: 2787, Weak: 12375, Final: 0, Phantom: 774
[1184.255s][info][gc,ref         ] GC(109) Enqueued    references: Soft: 7, Weak: 6, Final: 0, Phantom: 0
[1184.261s][info][gc,ergo        ] GC(109) CSet Selection. Actual Free: 1872M, Max CSet: 1560M
[1184.261s][info][gc,ergo        ] GC(109) Collectable Garbage: 7247M (99%), Immediate: 1460M (20%), CSet: 5787M (79%)
[1184.384s][info][gc,ergo        ] GC(109) Good progress for free space: 7236M, need 83886K
[1184.384s][info][gc,ergo        ] GC(109) Good progress for used space: 7236M, need 4096K
[1184.384s][info][gc             ] GC(109) Pause Degenerated GC (Outside of Cycle) 7779M->543M(8192M) 261.037ms
[1184.384s][info][gc,ergo        ] Free: 7228M, Max: 4096K regular, 6788M humongous, Frag: 7% external, 1% internal; Reserve: 412M, Max: 4096K
[1184.384s][info][gc,stats       ] 
[1184.384s][info][gc,stats       ] All times are wall-clock times, except per-root-class counters, that are sum over
[1184.384s][info][gc,stats       ] all workers. Dividing the <total> over the root stage time estimates parallelism.
[1184.384s][info][gc,stats       ] 
[1184.384s][info][gc,stats       ] Pause Degenerated GC (G)         261156 us
[1184.384s][info][gc,stats       ] Pause Degenerated GC (N)         261052 us
[1184.384s][info][gc,stats       ]   Degen STW Mark                 116274 us, parallelism: 3.93x
[1184.384s][info][gc,stats       ]     DSM: <total>                 456892 us
[1184.384s][info][gc,stats       ]     DSM: Thread Roots               418 us, workers (us): 123, 124,  86,  86, 
[1184.385s][info][gc,stats       ]     DSM: VM Strong Roots             27 us, workers (us):  10,   8,   0,  10, 
[1184.385s][info][gc,stats       ]     DSM: CLDG Roots                 318 us, workers (us):  42,  42, 192,  42, 
[1184.385s][info][gc,stats       ]     DSM: Parallel Mark           456129 us, workers (us): 114066, 114067, 113924, 114072, 
[1184.385s][info][gc,stats       ]     System Purge                   6967 us
[1184.385s][info][gc,stats       ]       Weak References              1230 us, parallelism: 1.09x
[1184.385s][info][gc,stats       ]         WRP: <total>               1338 us
[1184.385s][info][gc,stats       ]         WRP: Weak References       1338 us, workers (us): 1150, 105,  64,  20, 
[1184.385s][info][gc,stats       ]       Unload Classes               5241 us, parallelism: 3.93x
[1184.385s][info][gc,stats       ]         DCU: <total>              20624 us
[1184.385s][info][gc,stats       ]         DCU: Unload Code Caches    20624 us, workers (us): 5151, 5161, 5149, 5163, 
[1184.385s][info][gc,stats       ]       Weak Roots                    263 us, parallelism: 3.66x
[1184.385s][info][gc,stats       ]         DWR: <total>                963 us
[1184.385s][info][gc,stats       ]         DWR: VM Weak Roots          963 us, workers (us): 249, 249, 249, 217, 
[1184.385s][info][gc,stats       ]       CLDG                            1 us
[1184.385s][info][gc,stats       ]   Update Region States               45 us
[1184.385s][info][gc,stats       ]   Manage GC/TLABs                     8 us
[1184.385s][info][gc,stats       ]   Choose Collection Set              77 us
[1184.385s][info][gc,stats       ]   Rebuild Free Set                   10 us
[1184.385s][info][gc,stats       ]   Evacuation                      56634 us
[1184.385s][info][gc,stats       ]   Manage GCLABs                      12 us
[1184.385s][info][gc,stats       ]   Update References               58878 us
[1184.385s][info][gc,stats       ]   Update Region States               71 us
[1184.385s][info][gc,stats       ]   Trash Collection Set               18 us
[1184.385s][info][gc,stats       ]   Rebuild Free Set                   12 us
[1184.385s][info][gc,stats       ]   Degen Update Roots               5678 us, parallelism: 3.89x
[1184.385s][info][gc,stats       ]     DU: <total>                   22077 us
[1184.385s][info][gc,stats       ]     DU: Thread Roots                154 us, workers (us):  27,   1,   1, 125, 
[1184.385s][info][gc,stats       ]     DU: Code Cache Roots          16677 us, workers (us): 4205, 4271, 4125, 4076, 
[1184.385s][info][gc,stats       ]     DU: VM Strong Roots               7 us, workers (us):   7,   0,   0,   0, 
[1184.385s][info][gc,stats       ]     DU: VM Weak Roots              4816 us, workers (us): 1233, 1196, 1193, 1193, 
[1184.385s][info][gc,stats       ]     DU: CLDG Roots                  423 us, workers (us):  69,  67, 185, 102, 
[1184.385s][info][gc,stats       ]   Cleanup                            56 us
[1184.385s][info][gc,metaspace   ] Metaspace: 135014K(136064K)->135014K(136064K) NonClass: 114088K(114688K)->114088K(114688K) Class: 20925K(21376K)->20925K(21376K)
[1196.822s][info][gc             ] Failed to allocate TLAB, 4096K
[1196.822s][info][gc             ] Cancelling GC: Allocation Failure
[1196.823s][info][gc             ] Trigger: Handle Allocation Failure
[1196.823s][info][gc,ergo        ] Free: 0B, Max: 0B regular, 0B humongous, Frag: 0% external, 0% internal; Reserve: 412M, Max: 4096K
[1196.823s][info][gc,start       ] GC(110) Pause Degenerated GC (Outside of Cycle)
[1196.823s][info][gc,task        ] GC(110) Using 4 of 4 workers for stw degenerated gc
[1196.841s][info][gc,ref         ] GC(110) Clearing All SoftReferences
[1196.962s][info][gc,ref         ] GC(110) Encountered references: Soft: 3300, Weak: 22713, Final: 34, Phantom: 1066
[1196.962s][info][gc,ref         ] GC(110) Discovered  references: Soft: 2778, Weak: 12264, Final: 0, Phantom: 779
[1196.962s][info][gc,ref         ] GC(110) Enqueued    references: Soft: 1, Weak: 3, Final: 0, Phantom: 0
[1196.968s][info][gc,ergo        ] GC(110) CSet Selection. Actual Free: 1768M, Max CSet: 1473M
[1196.969s][info][gc,ergo        ] GC(110) Collectable Garbage: 7292M (99%), Immediate: 1356M (18%), CSet: 5936M (81%)
[1197.067s][info][gc,ergo        ] GC(110) Good progress for free space: 7284M, need 83886K
[1197.067s][info][gc,ergo        ] GC(110) Good progress for used space: 7284M, need 4096K
[1197.067s][info][gc             ] GC(110) Pause Degenerated GC (Outside of Cycle) 7779M->495M(8192M) 243.689ms
[1197.067s][info][gc,ergo        ] Free: 7276M, Max: 4096K regular, 6836M humongous, Frag: 7% external, 1% internal; Reserve: 412M, Max: 4096K
[1197.067s][info][gc,stats       ] 
[1197.067s][info][gc,stats       ] All times are wall-clock times, except per-root-class counters, that are sum over
[1197.067s][info][gc,stats       ] all workers. Dividing the <total> over the root stage time estimates parallelism.
[1197.067s][info][gc,stats       ] 
[1197.067s][info][gc,stats       ] Pause Degenerated GC (G)         243777 us
[1197.067s][info][gc,stats       ] Pause Degenerated GC (N)         243702 us
[1197.067s][info][gc,stats       ]   Degen STW Mark                 120059 us, parallelism: 3.92x
[1197.067s][info][gc,stats       ]     DSM: <total>                 470707 us
[1197.067s][info][gc,stats       ]     DSM: Thread Roots               865 us, workers (us): 233, 229, 211, 193, 
[1197.067s][info][gc,stats       ]     DSM: VM Strong Roots             56 us, workers (us):  21,  17,  17,   0, 
[1197.067s][info][gc,stats       ]     DSM: CLDG Roots                 620 us, workers (us):  92,  92,  92, 345, 
[1197.067s][info][gc,stats       ]     DSM: Parallel Mark           469166 us, workers (us): 117352, 117355, 117349, 117109, 
[1197.067s][info][gc,stats       ]     System Purge                   7495 us
[1197.067s][info][gc,stats       ]       Weak References              1208 us, parallelism: 1.03x
[1197.067s][info][gc,stats       ]         WRP: <total>               1250 us
[1197.067s][info][gc,stats       ]         WRP: Weak References       1250 us, workers (us): 101, 1078,  71,   0, 
[1197.067s][info][gc,stats       ]       Unload Classes               5792 us, parallelism: 3.95x
[1197.067s][info][gc,stats       ]         DCU: <total>              22849 us
[1197.067s][info][gc,stats       ]         DCU: Unload Code Caches    22849 us, workers (us): 5714, 5724, 5727, 5684, 
[1197.067s][info][gc,stats       ]       Weak Roots                    258 us, parallelism: 3.62x
[1197.067s][info][gc,stats       ]         DWR: <total>                935 us
[1197.068s][info][gc,stats       ]         DWR: VM Weak Roots          935 us, workers (us): 243, 244, 243, 206, 
[1197.068s][info][gc,stats       ]       CLDG                            2 us
[1197.068s][info][gc,stats       ]   Update Region States               43 us
[1197.068s][info][gc,stats       ]   Manage GC/TLABs                     8 us
[1197.068s][info][gc,stats       ]   Choose Collection Set              73 us
[1197.068s][info][gc,stats       ]   Rebuild Free Set                    9 us
[1197.068s][info][gc,stats       ]   Evacuation                      40914 us
[1197.068s][info][gc,stats       ]   Manage GCLABs                       7 us
[1197.068s][info][gc,stats       ]   Update References               50137 us
[1197.068s][info][gc,stats       ]   Update Region States               66 us
[1197.068s][info][gc,stats       ]   Trash Collection Set               16 us
[1197.068s][info][gc,stats       ]   Rebuild Free Set                    9 us
[1197.068s][info][gc,stats       ]   Degen Update Roots               5667 us, parallelism: 3.90x
[1197.068s][info][gc,stats       ]     DU: <total>                   22129 us
[1197.068s][info][gc,stats       ]     DU: Thread Roots                146 us, workers (us):   2, 143,   1,   1, 
[1197.068s][info][gc,stats       ]     DU: Code Cache Roots          17166 us, workers (us): 4348, 4053, 4414, 4350, 
[1197.068s][info][gc,stats       ]     DU: VM Strong Roots               7 us, workers (us):   3,   4,   0,   0, 
[1197.068s][info][gc,stats       ]     DU: VM Weak Roots              4381 us, workers (us): 1112, 1111, 1086, 1072, 
[1197.068s][info][gc,stats       ]     DU: CLDG Roots                  429 us, workers (us):  70, 187,  71, 101, 
[1197.068s][info][gc,stats       ]   Cleanup                            54 us
[1197.068s][info][gc,metaspace   ] Metaspace: 135029K(136064K)->135029K(136064K) NonClass: 114103K(114688K)->114103K(114688K) Class: 20925K(21376K)->20925K(21376K)
[1206.332s][info][gc             ] Failed to allocate TLAB, 4096K
[1206.333s][info][gc             ] Cancelling GC: Allocation Failure
[1206.333s][info][gc             ] Trigger: Handle Allocation Failure
[1206.333s][info][gc,ergo        ] Free: 0B, Max: 0B regular, 0B humongous, Frag: 0% external, 0% internal; Reserve: 412M, Max: 4096K
[1206.333s][info][gc,start       ] GC(111) Pause Degenerated GC (Outside of Cycle)
[1206.333s][info][gc,task        ] GC(111) Using 4 of 4 workers for stw degenerated gc
[1206.357s][info][gc,ref         ] GC(111) Clearing All SoftReferences
[1206.486s][info][gc,ref         ] GC(111) Encountered references: Soft: 3303, Weak: 22717, Final: 34, Phantom: 1075
[1206.487s][info][gc,ref         ] GC(111) Discovered  references: Soft: 2782, Weak: 12237, Final: 0, Phantom: 786
[1206.487s][info][gc,ref         ] GC(111) Enqueued    references: Soft: 4, Weak: 4, Final: 0, Phantom: 0
[1206.493s][info][gc,ergo        ] GC(111) CSet Selection. Actual Free: 3844M, Max CSet: 3203M
[1206.493s][info][gc,ergo        ] GC(111) Collectable Garbage: 7278M (99%), Immediate: 3432M (46%), CSet: 3846M (52%)
[1206.625s][info][gc,ergo        ] GC(111) Good progress for free space: 7272M, need 83886K
[1206.625s][info][gc,ergo        ] GC(111) Good progress for used space: 7272M, need 4096K
[1206.625s][info][gc             ] GC(111) Pause Degenerated GC (Outside of Cycle) 7779M->507M(8192M) 291.741ms
[1206.625s][info][gc,ergo        ] Free: 7264M, Max: 4096K regular, 6824M humongous, Frag: 7% external, 1% internal; Reserve: 412M, Max: 4096K
[1206.625s][info][gc,stats       ] 
[1206.625s][info][gc,stats       ] All times are wall-clock times, except per-root-class counters, that are sum over
[1206.625s][info][gc,stats       ] all workers. Dividing the <total> over the root stage time estimates parallelism.
[1206.625s][info][gc,stats       ] 
[1206.625s][info][gc,stats       ] Pause Degenerated GC (G)         291813 us
[1206.625s][info][gc,stats       ] Pause Degenerated GC (N)         291755 us
[1206.625s][info][gc,stats       ]   Degen STW Mark                 127573 us, parallelism: 3.92x
[1206.625s][info][gc,stats       ]     DSM: <total>                 499625 us
[1206.625s][info][gc,stats       ]     DSM: Thread Roots               452 us, workers (us): 148, 122,  91,  91, 
[1206.625s][info][gc,stats       ]     DSM: VM Strong Roots             41 us, workers (us):   0,  15,  12,  13, 
[1206.625s][info][gc,stats       ]     DSM: CLDG Roots                 362 us, workers (us): 215,  49,  49,  49, 
[1206.625s][info][gc,stats       ]     DSM: Parallel Mark           498770 us, workers (us): 124576, 124729, 124735, 124730, 
[1206.625s][info][gc,stats       ]     System Purge                   8136 us
[1206.625s][info][gc,stats       ]       Weak References              1682 us, parallelism: 1.08x
[1206.625s][info][gc,stats       ]         WRP: <total>               1814 us
[1206.625s][info][gc,stats       ]         WRP: Weak References       1814 us, workers (us):  76, 137, 1601,   0, 
[1206.625s][info][gc,stats       ]       Unload Classes               5777 us, parallelism: 3.93x
[1206.625s][info][gc,stats       ]         DCU: <total>              22700 us
[1206.625s][info][gc,stats       ]         DCU: Unload Code Caches    22700 us, workers (us): 5712, 5668, 5659, 5661, 
[1206.625s][info][gc,stats       ]       Weak Roots                    268 us, parallelism: 3.38x
[1206.625s][info][gc,stats       ]         DWR: <total>                907 us
[1206.625s][info][gc,stats       ]         DWR: VM Weak Roots          907 us, workers (us): 254, 218, 218, 216, 
[1206.625s][info][gc,stats       ]       CLDG                            4 us
[1206.625s][info][gc,stats       ]   Update Region States               62 us
[1206.625s][info][gc,stats       ]   Manage GC/TLABs                    10 us
[1206.625s][info][gc,stats       ]   Choose Collection Set              68 us
[1206.625s][info][gc,stats       ]   Rebuild Free Set                   12 us
[1206.625s][info][gc,stats       ]   Evacuation                      60714 us
[1206.625s][info][gc,stats       ]   Manage GCLABs                      21 us
[1206.625s][info][gc,stats       ]   Update References               63079 us
[1206.625s][info][gc,stats       ]   Update Region States               66 us
[1206.625s][info][gc,stats       ]   Trash Collection Set               15 us
[1206.625s][info][gc,stats       ]   Rebuild Free Set                   13 us
[1206.625s][info][gc,stats       ]   Degen Update Roots               5817 us, parallelism: 3.94x
[1206.625s][info][gc,stats       ]     DU: <total>                   22942 us
[1206.625s][info][gc,stats       ]     DU: Thread Roots                159 us, workers (us):  12,   1, 144,   2, 
[1206.625s][info][gc,stats       ]     DU: Code Cache Roots          17605 us, workers (us): 4440, 4355, 4335, 4476, 
[1206.625s][info][gc,stats       ]     DU: VM Strong Roots               8 us, workers (us):   2,   3,   2,   0, 
[1206.625s][info][gc,stats       ]     DU: VM Weak Roots              4729 us, workers (us): 1189, 1190, 1188, 1162, 
[1206.625s][info][gc,stats       ]     DU: CLDG Roots                  441 us, workers (us): 100, 195,  73,  73, 
[1206.625s][info][gc,stats       ]   Cleanup                            43 us
[1206.625s][info][gc,metaspace   ] Metaspace: 135036K(136064K)->135036K(136064K) NonClass: 114110K(114688K)->114110K(114688K) Class: 20925K(21376K)->20925K(21376K)
[1218.519s][info][gc             ] Failed to allocate TLAB, 4096K
[1218.520s][info][gc             ] Cancelling GC: Allocation Failure
[1218.520s][info][gc             ] Trigger: Handle Allocation Failure
[1218.520s][info][gc,ergo        ] Free: 0B, Max: 0B regular, 0B humongous, Frag: 0% external, 0% internal; Reserve: 412M, Max: 4096K
[1218.520s][info][gc,start       ] GC(112) Pause Degenerated GC (Outside of Cycle)
[1218.520s][info][gc,task        ] GC(112) Using 4 of 4 workers for stw degenerated gc
[1218.530s][info][gc,ref         ] GC(112) Clearing All SoftReferences
[1218.634s][info][gc,ref         ] GC(112) Encountered references: Soft: 3305, Weak: 22720, Final: 34, Phantom: 1078
[1218.634s][info][gc,ref         ] GC(112) Discovered  references: Soft: 1305, Weak: 12359, Final: 0, Phantom: 787
[1218.634s][info][gc,ref         ] GC(112) Enqueued    references: Soft: 6, Weak: 6, Final: 0, Phantom: 0
[1218.640s][info][gc,ergo        ] GC(112) CSet Selection. Actual Free: 1620M, Max CSet: 1350M
[1218.640s][info][gc,ergo        ] GC(112) Collectable Garbage: 7297M (99%), Immediate: 1208M (16%), CSet: 6089M (83%)
[1218.734s][info][gc,ergo        ] GC(112) Good progress for free space: 7292M, need 83886K
[1218.734s][info][gc,ergo        ] GC(112) Good progress for used space: 7292M, need 4096K
[1218.734s][info][gc             ] GC(112) Pause Degenerated GC (Outside of Cycle) 7779M->487M(8192M) 214.257ms
[1218.734s][info][gc,ergo        ] Free: 7280M, Max: 4096K regular, 6844M humongous, Frag: 6% external, 1% internal; Reserve: 412M, Max: 4096K
[1218.734s][info][gc,stats       ] 
[1218.734s][info][gc,stats       ] All times are wall-clock times, except per-root-class counters, that are sum over
[1218.734s][info][gc,stats       ] all workers. Dividing the <total> over the root stage time estimates parallelism.
[1218.734s][info][gc,stats       ] 
[1218.734s][info][gc,stats       ] Pause Degenerated GC (G)         214349 us
[1218.734s][info][gc,stats       ] Pause Degenerated GC (N)         214270 us
[1218.734s][info][gc,stats       ]   Degen STW Mark                 103326 us, parallelism: 3.92x
[1218.734s][info][gc,stats       ]     DSM: <total>                 405080 us
[1218.734s][info][gc,stats       ]     DSM: Thread Roots               479 us, workers (us): 138, 137, 103, 100, 
[1218.734s][info][gc,stats       ]     DSM: VM Strong Roots             33 us, workers (us):  12,  12,   9,   0, 
[1218.734s][info][gc,stats       ]     DSM: CLDG Roots                 416 us, workers (us):  60,  60,  59, 237, 
[1218.734s][info][gc,stats       ]     DSM: Parallel Mark           404152 us, workers (us): 101089, 101075, 101078, 100909, 
[1218.734s][info][gc,stats       ]     System Purge                   7171 us
[1218.734s][info][gc,stats       ]       Weak References              1220 us, parallelism: 1.06x
[1218.734s][info][gc,stats       ]         WRP: <total>               1289 us
[1218.734s][info][gc,stats       ]         WRP: Weak References       1289 us, workers (us): 1132, 105,  53,   0, 
[1218.734s][info][gc,stats       ]       Unload Classes               5295 us, parallelism: 3.94x
[1218.734s][info][gc,stats       ]         DCU: <total>              20875 us
[1218.734s][info][gc,stats       ]         DCU: Unload Code Caches    20875 us, workers (us): 5226, 5215, 5215, 5218, 
[1218.734s][info][gc,stats       ]       Weak Roots                    257 us, parallelism: 3.69x
[1218.734s][info][gc,stats       ]         DWR: <total>                950 us
[1218.734s][info][gc,stats       ]         DWR: VM Weak Roots          950 us, workers (us): 246, 245, 244, 215, 
[1218.734s][info][gc,stats       ]       CLDG                            2 us
[1218.734s][info][gc,stats       ]   Update Region States               37 us
[1218.734s][info][gc,stats       ]   Manage GC/TLABs                    10 us
[1218.734s][info][gc,stats       ]   Choose Collection Set              73 us
[1218.734s][info][gc,stats       ]   Rebuild Free Set                    9 us
[1218.734s][info][gc,stats       ]   Evacuation                      39873 us
[1218.735s][info][gc,stats       ]   Manage GCLABs                       9 us
[1218.735s][info][gc,stats       ]   Update References               46588 us
[1218.735s][info][gc,stats       ]   Update Region States               52 us
[1218.735s][info][gc,stats       ]   Trash Collection Set               18 us
[1218.735s][info][gc,stats       ]   Rebuild Free Set                   10 us
[1218.735s][info][gc,stats       ]   Degen Update Roots               5483 us, parallelism: 3.91x
[1218.735s][info][gc,stats       ]     DU: <total>                   21442 us
[1218.735s][info][gc,stats       ]     DU: Thread Roots                150 us, workers (us):  22,   1,   1, 127, 
[1218.735s][info][gc,stats       ]     DU: Code Cache Roots          16529 us, workers (us): 4053, 4181, 4232, 4063, 
[1218.735s][info][gc,stats       ]     DU: VM Strong Roots               7 us, workers (us):   2,   2,   2,   1, 
[1218.735s][info][gc,stats       ]     DU: VM Weak Roots              4334 us, workers (us): 1083, 1083, 1083, 1085, 
[1218.735s][info][gc,stats       ]     DU: CLDG Roots                  422 us, workers (us): 186,  96,  71,  69, 
[1218.735s][info][gc,stats       ]   Cleanup                            72 us
[1218.735s][info][gc,metaspace   ] Metaspace: 135039K(136064K)->135040K(136064K) NonClass: 114113K(114688K)->114114K(114688K) Class: 20925K(21376K)->20925K(21376K)
[1228.585s][info][gc             ] Failed to allocate TLAB, 4096K
[1228.585s][info][gc             ] Cancelling GC: Allocation Failure
[1228.586s][info][gc             ] Trigger: Handle Allocation Failure
[1228.586s][info][gc,ergo        ] Free: 0B, Max: 0B regular, 0B humongous, Frag: 0% external, 0% internal; Reserve: 412M, Max: 4096K
[1228.586s][info][gc,start       ] GC(113) Pause Degenerated GC (Outside of Cycle)
[1228.586s][info][gc,task        ] GC(113) Using 4 of 4 workers for stw degenerated gc
[1228.598s][info][gc,ref         ] GC(113) Clearing All SoftReferences
[1228.716s][info][gc,ref         ] GC(113) Encountered references: Soft: 3300, Weak: 22717, Final: 34, Phantom: 1081
[1228.717s][info][gc,ref         ] GC(113) Discovered  references: Soft: 1427, Weak: 12405, Final: 0, Phantom: 790
[1228.717s][info][gc,ref         ] GC(113) Enqueued    references: Soft: 1, Weak: 2, Final: 0, Phantom: 0
[1228.722s][info][gc,ergo        ] GC(113) CSet Selection. Actual Free: 3144M, Max CSet: 2620M
[1228.723s][info][gc,ergo        ] GC(113) Collectable Garbage: 7271M (99%), Immediate: 2732M (37%), CSet: 4539M (62%)
[1228.829s][info][gc,ergo        ] GC(113) Good progress for free space: 7264M, need 83886K
[1228.829s][info][gc,ergo        ] GC(113) Good progress for used space: 7264M, need 4096K
[1228.829s][info][gc             ] GC(113) Pause Degenerated GC (Outside of Cycle) 7779M->515M(8192M) 242.804ms
[1228.829s][info][gc,ergo        ] Free: 7256M, Max: 4096K regular, 6816M humongous, Frag: 7% external, 1% internal; Reserve: 412M, Max: 4096K
[1228.829s][info][gc,stats       ] 
[1228.829s][info][gc,stats       ] All times are wall-clock times, except per-root-class counters, that are sum over
[1228.829s][info][gc,stats       ] all workers. Dividing the <total> over the root stage time estimates parallelism.
[1228.829s][info][gc,stats       ] 
[1228.829s][info][gc,stats       ] Pause Degenerated GC (G)         242856 us
[1228.829s][info][gc,stats       ] Pause Degenerated GC (N)         242818 us
[1228.829s][info][gc,stats       ]   Degen STW Mark                 117638 us, parallelism: 3.93x
[1228.829s][info][gc,stats       ]     DSM: <total>                 461992 us
[1228.829s][info][gc,stats       ]     DSM: Thread Roots               369 us, workers (us):  99,  99,  98,  73, 
[1228.829s][info][gc,stats       ]     DSM: VM Strong Roots             28 us, workers (us):   9,   0,   9,  11, 
[1228.829s][info][gc,stats       ]     DSM: CLDG Roots                 294 us, workers (us):  39, 177,  39,  39, 
[1228.829s][info][gc,stats       ]     DSM: Parallel Mark           461300 us, workers (us): 115362, 115224, 115354, 115360, 
[1228.829s][info][gc,stats       ]     System Purge                   6998 us
[1228.829s][info][gc,stats       ]       Weak References              1176 us, parallelism: 1.07x
[1228.829s][info][gc,stats       ]         WRP: <total>               1256 us
[1228.829s][info][gc,stats       ]         WRP: Weak References       1256 us, workers (us):  12,  52, 139, 1052, 
[1228.829s][info][gc,stats       ]       Unload Classes               5296 us, parallelism: 3.91x
[1228.829s][info][gc,stats       ]         DCU: <total>              20718 us
[1228.829s][info][gc,stats       ]         DCU: Unload Code Caches    20718 us, workers (us): 5197, 5185, 5182, 5154, 
[1228.829s][info][gc,stats       ]       Weak Roots                    233 us, parallelism: 3.49x
[1228.829s][info][gc,stats       ]         DWR: <total>                812 us
[1228.829s][info][gc,stats       ]         DWR: VM Weak Roots          812 us, workers (us): 221, 220, 185, 185, 
[1228.829s][info][gc,stats       ]       CLDG                            3 us
[1228.829s][info][gc,stats       ]   Update Region States               70 us
[1228.829s][info][gc,stats       ]   Manage GC/TLABs                     9 us
[1228.829s][info][gc,stats       ]   Choose Collection Set              69 us
[1228.829s][info][gc,stats       ]   Rebuild Free Set                   11 us
[1228.829s][info][gc,stats       ]   Evacuation                      44935 us
[1228.829s][info][gc,stats       ]   Manage GCLABs                       9 us
[1228.829s][info][gc,stats       ]   Update References               53884 us
[1228.829s][info][gc,stats       ]   Update Region States               24 us
[1228.829s][info][gc,stats       ]   Trash Collection Set               15 us
[1228.829s][info][gc,stats       ]   Rebuild Free Set                   13 us
[1228.829s][info][gc,stats       ]   Degen Update Roots               5482 us, parallelism: 3.90x
[1228.829s][info][gc,stats       ]     DU: <total>                   21387 us
[1228.829s][info][gc,stats       ]     DU: Thread Roots                149 us, workers (us):   1,  20, 127,   1, 
[1228.829s][info][gc,stats       ]     DU: Code Cache Roots          16537 us, workers (us): 4131, 4166, 4059, 4181, 
[1228.829s][info][gc,stats       ]     DU: VM Strong Roots               7 us, workers (us):   2,   2,   2,   2, 
[1228.829s][info][gc,stats       ]     DU: VM Weak Roots              4273 us, workers (us): 1068, 1068, 1068, 1068, 
[1228.829s][info][gc,stats       ]     DU: CLDG Roots                  422 us, workers (us): 184,  71,  72,  95, 
[1228.829s][info][gc,stats       ]   Cleanup                            47 us
[1228.829s][info][gc,metaspace   ] Metaspace: 135044K(136128K)->135044K(136128K) NonClass: 114119K(114752K)->114119K(114752K) Class: 20925K(21376K)->20925K(21376K)
[1240.080s][info][gc             ] Failed to allocate TLAB, 4096K
[1240.080s][info][gc             ] Cancelling GC: Allocation Failure
[1240.081s][info][gc             ] Trigger: Handle Allocation Failure
[1240.081s][info][gc,ergo        ] Free: 0B, Max: 0B regular, 0B humongous, Frag: 0% external, 0% internal; Reserve: 412M, Max: 4096K
[1240.081s][info][gc,start       ] GC(114) Pause Degenerated GC (Outside of Cycle)
[1240.081s][info][gc,task        ] GC(114) Using 4 of 4 workers for stw degenerated gc
[1240.091s][info][gc,ref         ] GC(114) Clearing All SoftReferences
[1240.227s][info][gc,ref         ] GC(114) Encountered references: Soft: 3306, Weak: 22722, Final: 34, Phantom: 1087
[1240.227s][info][gc,ref         ] GC(114) Discovered  references: Soft: 2773, Weak: 12276, Final: 0, Phantom: 792
[1240.227s][info][gc,ref         ] GC(114) Enqueued    references: Soft: 7, Weak: 5, Final: 0, Phantom: 0
[1240.234s][info][gc,ergo        ] GC(114) CSet Selection. Actual Free: 1460M, Max CSet: 1216M
[1240.234s][info][gc,ergo        ] GC(114) Collectable Garbage: 7292M (99%), Immediate: 1048M (14%), CSet: 6244M (85%)
[1240.337s][info][gc,ergo        ] GC(114) Good progress for free space: 7288M, need 83886K
[1240.337s][info][gc,ergo        ] GC(114) Good progress for used space: 7288M, need 4096K
[1240.337s][info][gc             ] GC(114) Pause Degenerated GC (Outside of Cycle) 7779M->491M(8192M) 255.528ms
[1240.337s][info][gc,ergo        ] Free: 7280M, Max: 4096K regular, 6840M humongous, Frag: 7% external, 1% internal; Reserve: 412M, Max: 4096K
[1240.337s][info][gc,stats       ] 
[1240.337s][info][gc,stats       ] All times are wall-clock times, except per-root-class counters, that are sum over
[1240.337s][info][gc,stats       ] all workers. Dividing the <total> over the root stage time estimates parallelism.
[1240.337s][info][gc,stats       ] 
[1240.337s][info][gc,stats       ] Pause Degenerated GC (G)         255608 us
[1240.337s][info][gc,stats       ] Pause Degenerated GC (N)         255542 us
[1240.337s][info][gc,stats       ]   Degen STW Mark                 133744 us, parallelism: 3.92x
[1240.337s][info][gc,stats       ]     DSM: <total>                 524661 us
[1240.337s][info][gc,stats       ]     DSM: Thread Roots               405 us, workers (us): 109, 108, 108,  80, 
[1240.337s][info][gc,stats       ]     DSM: VM Strong Roots             34 us, workers (us):  13,  11,  11,   0, 
[1240.337s][info][gc,stats       ]     DSM: CLDG Roots                 279 us, workers (us):  34,  34,  34, 178, 
[1240.337s][info][gc,stats       ]     DSM: Parallel Mark           523943 us, workers (us): 131010, 131013, 131041, 130879, 
[1240.337s][info][gc,stats       ]     System Purge                   8849 us
[1240.337s][info][gc,stats       ]       Weak References              1513 us, parallelism: 1.18x
[1240.337s][info][gc,stats       ]         WRP: <total>               1789 us
[1240.337s][info][gc,stats       ]         WRP: Weak References       1789 us, workers (us): 143, 198, 1363,  85, 
[1240.337s][info][gc,stats       ]       Unload Classes               6747 us, parallelism: 3.94x
[1240.337s][info][gc,stats       ]         DCU: <total>              26578 us
[1240.337s][info][gc,stats       ]         DCU: Unload Code Caches    26578 us, workers (us): 6671, 6631, 6639, 6638, 
[1240.337s][info][gc,stats       ]       Weak Roots                    292 us, parallelism: 3.04x
[1240.337s][info][gc,stats       ]         DWR: <total>                889 us
[1240.337s][info][gc,stats       ]         DWR: VM Weak Roots          889 us, workers (us): 250, 217, 217, 205, 
[1240.337s][info][gc,stats       ]       CLDG                            2 us
[1240.337s][info][gc,stats       ]   Update Region States               69 us
[1240.337s][info][gc,stats       ]   Manage GC/TLABs                    10 us
[1240.337s][info][gc,stats       ]   Choose Collection Set              82 us
[1240.337s][info][gc,stats       ]   Rebuild Free Set                    9 us
[1240.337s][info][gc,stats       ]   Evacuation                      45996 us
[1240.337s][info][gc,stats       ]   Manage GCLABs                      12 us
[1240.337s][info][gc,stats       ]   Update References               48120 us
[1240.337s][info][gc,stats       ]   Update Region States               23 us
[1240.337s][info][gc,stats       ]   Trash Collection Set               18 us
[1240.337s][info][gc,stats       ]   Rebuild Free Set                   10 us
[1240.337s][info][gc,stats       ]   Degen Update Roots               6671 us, parallelism: 3.92x
[1240.337s][info][gc,stats       ]     DU: <total>                   26161 us
[1240.337s][info][gc,stats       ]     DU: Thread Roots                206 us, workers (us): 148,   1,  56,   1, 
[1240.337s][info][gc,stats       ]     DU: Code Cache Roots          21143 us, workers (us): 5181, 5302, 5298, 5362, 
[1240.337s][info][gc,stats       ]     DU: VM Strong Roots               8 us, workers (us):   4,   4,   0,   0, 
[1240.337s][info][gc,stats       ]     DU: VM Weak Roots              4388 us, workers (us): 1112, 1111, 1082, 1082, 
[1240.337s][info][gc,stats       ]     DU: CLDG Roots                  416 us, workers (us):  94, 186,  68,  68, 
[1240.337s][info][gc,stats       ]   Cleanup                            57 us
[1240.337s][info][gc,metaspace   ] Metaspace: 135047K(136128K)->135047K(136128K) NonClass: 114121K(114752K)->114121K(114752K) Class: 20925K(21376K)->20925K(21376K)
[1249.116s][info][gc             ] Failed to allocate TLAB, 4096K
[1249.117s][info][gc             ] Cancelling GC: Allocation Failure
[1249.118s][info][gc             ] Trigger: Handle Allocation Failure
[1249.118s][info][gc,ergo        ] Free: 0B, Max: 0B regular, 0B humongous, Frag: 0% external, 0% internal; Reserve: 412M, Max: 4096K
[1249.118s][info][gc,start       ] GC(115) Pause Degenerated GC (Outside of Cycle)
[1249.118s][info][gc,task        ] GC(115) Using 4 of 4 workers for stw degenerated gc
[1249.135s][info][gc,ref         ] GC(115) Clearing All SoftReferences
[1249.255s][info][gc,ref         ] GC(115) Encountered references: Soft: 3300, Weak: 22722, Final: 34, Phantom: 1090
[1249.255s][info][gc,ref         ] GC(115) Discovered  references: Soft: 1350, Weak: 12172, Final: 0, Phantom: 795
[1249.255s][info][gc,ref         ] GC(115) Enqueued    references: Soft: 1, Weak: 4, Final: 0, Phantom: 0
[1249.261s][info][gc,ergo        ] GC(115) CSet Selection. Actual Free: 3368M, Max CSet: 2806M
[1249.261s][info][gc,ergo        ] GC(115) Collectable Garbage: 7257M (99%), Immediate: 2956M (40%), CSet: 4301M (59%)
[1249.382s][info][gc,ergo        ] GC(115) Good progress for free space: 7248M, need 83886K
[1249.382s][info][gc,ergo        ] GC(115) Good progress for used space: 7248M, need 4096K
[1249.382s][info][gc             ] GC(115) Pause Degenerated GC (Outside of Cycle) 7779M->531M(8192M) 264.036ms
[1249.382s][info][gc,ergo        ] Free: 7244M, Max: 4096K regular, 6800M humongous, Frag: 7% external, 1% internal; Reserve: 412M, Max: 4096K
[1249.382s][info][gc,stats       ] 
[1249.382s][info][gc,stats       ] All times are wall-clock times, except per-root-class counters, that are sum over
[1249.382s][info][gc,stats       ] all workers. Dividing the <total> over the root stage time estimates parallelism.
[1249.382s][info][gc,stats       ] 
[1249.382s][info][gc,stats       ] Pause Degenerated GC (G)         264125 us
[1249.382s][info][gc,stats       ] Pause Degenerated GC (N)         264050 us
[1249.382s][info][gc,stats       ]   Degen STW Mark                 118644 us, parallelism: 3.93x
[1249.382s][info][gc,stats       ]     DSM: <total>                 466654 us
[1249.382s][info][gc,stats       ]     DSM: Thread Roots               384 us, workers (us): 123,  91,  91,  78, 
[1249.382s][info][gc,stats       ]     DSM: VM Strong Roots             28 us, workers (us):   0,  11,   8,   9, 
[1249.382s][info][gc,stats       ]     DSM: CLDG Roots                 267 us, workers (us): 169,  33,  33,  33, 
[1249.382s][info][gc,stats       ]     DSM: Parallel Mark           465976 us, workers (us): 116396, 116526, 116529, 116525, 
[1249.382s][info][gc,stats       ]     System Purge                   7180 us
[1249.382s][info][gc,stats       ]       Weak References              1167 us, parallelism: 1.01x
[1249.382s][info][gc,stats       ]         WRP: <total>               1182 us
[1249.382s][info][gc,stats       ]         WRP: Weak References       1182 us, workers (us): 104, 1060,  18,   0, 
[1249.382s][info][gc,stats       ]       Unload Classes               5462 us, parallelism: 3.93x
[1249.382s][info][gc,stats       ]         DCU: <total>              21444 us
[1249.382s][info][gc,stats       ]         DCU: Unload Code Caches    21444 us, workers (us): 5389, 5360, 5345, 5351, 
[1249.382s][info][gc,stats       ]       Weak Roots                    318 us, parallelism: 2.95x
[1249.382s][info][gc,stats       ]         DWR: <total>                939 us
[1249.382s][info][gc,stats       ]         DWR: VM Weak Roots          939 us, workers (us): 235, 235, 234, 235, 
[1249.382s][info][gc,stats       ]       CLDG                            1 us
[1249.382s][info][gc,stats       ]   Update Region States               80 us
[1249.382s][info][gc,stats       ]   Manage GC/TLABs                     9 us
[1249.382s][info][gc,stats       ]   Choose Collection Set              76 us
[1249.382s][info][gc,stats       ]   Rebuild Free Set                   12 us
[1249.382s][info][gc,stats       ]   Evacuation                      51079 us
[1249.382s][info][gc,stats       ]   Manage GCLABs                       7 us
[1249.382s][info][gc,stats       ]   Update References               61991 us
[1249.382s][info][gc,stats       ]   Update Region States               57 us
[1249.382s][info][gc,stats       ]   Trash Collection Set               13 us
[1249.382s][info][gc,stats       ]   Rebuild Free Set                   12 us
[1249.382s][info][gc,stats       ]   Degen Update Roots               5610 us, parallelism: 3.91x
[1249.382s][info][gc,stats       ]     DU: <total>                   21947 us
[1249.382s][info][gc,stats       ]     DU: Thread Roots                143 us, workers (us): 141,   0,   1,   1, 
[1249.382s][info][gc,stats       ]     DU: Code Cache Roots          16993 us, workers (us): 4138, 4315, 4314, 4226, 
[1249.382s][info][gc,stats       ]     DU: VM Strong Roots               7 us, workers (us):   4,   3,   0,   0, 
[1249.382s][info][gc,stats       ]     DU: VM Weak Roots              4362 us, workers (us): 1106, 1106, 1083, 1067, 
[1249.382s][info][gc,stats       ]     DU: CLDG Roots                  441 us, workers (us):  70,  95,  69, 207, 
[1249.382s][info][gc,stats       ]   Cleanup                            46 us
[1249.382s][info][gc,metaspace   ] Metaspace: 135048K(136128K)->135048K(136128K) NonClass: 114122K(114752K)->114122K(114752K) Class: 20925K(21376K)->20925K(21376K)
[1260.147s][info][gc             ] Failed to allocate TLAB, 4096K
[1260.147s][info][gc             ] Cancelling GC: Allocation Failure
[1260.148s][info][gc             ] Trigger: Handle Allocation Failure
[1260.148s][info][gc,ergo        ] Free: 0B, Max: 0B regular, 0B humongous, Frag: 0% external, 0% internal; Reserve: 412M, Max: 4096K
[1260.148s][info][gc,start       ] GC(116) Pause Degenerated GC (Outside of Cycle)
[1260.148s][info][gc,task        ] GC(116) Using 4 of 4 workers for stw degenerated gc
[1260.156s][info][gc,ref         ] GC(116) Clearing All SoftReferences
[1260.300s][info][gc,ref         ] GC(116) Encountered references: Soft: 3300, Weak: 22721, Final: 34, Phantom: 1093
[1260.300s][info][gc,ref         ] GC(116) Discovered  references: Soft: 2779, Weak: 12204, Final: 0, Phantom: 796
[1260.300s][info][gc,ref         ] GC(116) Enqueued    references: Soft: 1, Weak: 2, Final: 0, Phantom: 0
[1260.308s][info][gc,ergo        ] GC(116) CSet Selection. Actual Free: 972M, Max CSet: 810M
[1260.308s][info][gc,ergo        ] GC(116) Collectable Garbage: 7274M (99%), Immediate: 560M (7%), CSet: 6714M (91%)
[1260.442s][info][gc,ergo        ] GC(116) Good progress for free space: 7268M, need 83886K
[1260.442s][info][gc,ergo        ] GC(116) Good progress for used space: 7268M, need 4096K
[1260.442s][info][gc             ] GC(116) Pause Degenerated GC (Outside of Cycle) 7779M->511M(8192M) 294.005ms
[1260.442s][info][gc,ergo        ] Free: 7264M, Max: 4096K regular, 6820M humongous, Frag: 7% external, 1% internal; Reserve: 412M, Max: 4096K
[1260.442s][info][gc,stats       ] 
[1260.442s][info][gc,stats       ] All times are wall-clock times, except per-root-class counters, that are sum over
[1260.442s][info][gc,stats       ] all workers. Dividing the <total> over the root stage time estimates parallelism.
[1260.442s][info][gc,stats       ] 
[1260.442s][info][gc,stats       ] Pause Degenerated GC (G)         294047 us
[1260.442s][info][gc,stats       ] Pause Degenerated GC (N)         294018 us
[1260.442s][info][gc,stats       ]   Degen STW Mark                 142937 us, parallelism: 3.94x
[1260.442s][info][gc,stats       ]     DSM: <total>                 563328 us
[1260.442s][info][gc,stats       ]     DSM: Thread Roots               377 us, workers (us): 104, 104, 101,  68, 
[1260.442s][info][gc,stats       ]     DSM: VM Strong Roots             28 us, workers (us):  10,   0,   8,  10, 
[1260.442s][info][gc,stats       ]     DSM: CLDG Roots                 293 us, workers (us):  39, 177,  39,  38, 
[1260.442s][info][gc,stats       ]     DSM: Parallel Mark           562630 us, workers (us): 140700, 140555, 140693, 140683, 
[1260.442s][info][gc,stats       ]     System Purge                   8548 us
[1260.442s][info][gc,stats       ]       Weak References              1391 us, parallelism: 1.24x
[1260.442s][info][gc,stats       ]         WRP: <total>               1719 us
[1260.442s][info][gc,stats       ]         WRP: Weak References       1719 us, workers (us): 1262,  72, 159, 226, 
[1260.442s][info][gc,stats       ]       Unload Classes               6534 us, parallelism: 3.92x
[1260.442s][info][gc,stats       ]         DCU: <total>              25636 us
[1260.442s][info][gc,stats       ]         DCU: Unload Code Caches    25636 us, workers (us): 6420, 6419, 6406, 6391, 
[1260.442s][info][gc,stats       ]       Weak Roots                    348 us, parallelism: 3.60x
[1260.442s][info][gc,stats       ]         DWR: <total>               1253 us
[1260.442s][info][gc,stats       ]         DWR: VM Weak Roots         1253 us, workers (us): 333, 334, 293, 292, 
[1260.442s][info][gc,stats       ]       CLDG                            4 us
[1260.442s][info][gc,stats       ]   Update Region States               57 us
[1260.442s][info][gc,stats       ]   Manage GC/TLABs                    10 us
[1260.442s][info][gc,stats       ]   Choose Collection Set             129 us
[1260.442s][info][gc,stats       ]   Rebuild Free Set                    9 us
[1260.442s][info][gc,stats       ]   Evacuation                      57091 us
[1260.442s][info][gc,stats       ]   Manage GCLABs                       9 us
[1260.442s][info][gc,stats       ]   Update References               68818 us
[1260.442s][info][gc,stats       ]   Update Region States               36 us
[1260.442s][info][gc,stats       ]   Trash Collection Set               18 us
[1260.442s][info][gc,stats       ]   Rebuild Free Set                    9 us
[1260.442s][info][gc,stats       ]   Degen Update Roots               5946 us, parallelism: 3.92x
[1260.442s][info][gc,stats       ]     DU: <total>                   23313 us
[1260.442s][info][gc,stats       ]     DU: Thread Roots                152 us, workers (us):   1, 149,   1,   1, 
[1260.442s][info][gc,stats       ]     DU: Code Cache Roots          18263 us, workers (us): 4660, 4462, 4650, 4491, 
[1260.442s][info][gc,stats       ]     DU: VM Strong Roots               7 us, workers (us):   3,   3,   0,   0, 
[1260.442s][info][gc,stats       ]     DU: VM Weak Roots              4436 us, workers (us): 1123, 1125, 1094, 1094, 
[1260.442s][info][gc,stats       ]     DU: CLDG Roots                  455 us, workers (us):  71,  70, 101, 212, 
[1260.442s][info][gc,stats       ]   Cleanup                            62 us
[1260.442s][info][gc,metaspace   ] Metaspace: 135049K(136128K)->135049K(136128K) NonClass: 114123K(114752K)->114123K(114752K) Class: 20925K(21376K)->20925K(21376K)
[1268.780s][info][gc             ] Failed to allocate TLAB, 4096K
[1268.780s][info][gc             ] Cancelling GC: Allocation Failure
[1268.781s][info][gc             ] Trigger: Handle Allocation Failure
[1268.781s][info][gc,ergo        ] Free: 0B, Max: 0B regular, 0B humongous, Frag: 0% external, 0% internal; Reserve: 412M, Max: 4096K
[1268.781s][info][gc,start       ] GC(117) Pause Degenerated GC (Outside of Cycle)
[1268.781s][info][gc,task        ] GC(117) Using 4 of 4 workers for stw degenerated gc
[1268.797s][info][gc,ref         ] GC(117) Clearing All SoftReferences
[1268.925s][info][gc,ref         ] GC(117) Encountered references: Soft: 3306, Weak: 22726, Final: 34, Phantom: 1100
[1268.925s][info][gc,ref         ] GC(117) Discovered  references: Soft: 2776, Weak: 14445, Final: 0, Phantom: 799
[1268.925s][info][gc,ref         ] GC(117) Enqueued    references: Soft: 7, Weak: 5, Final: 0, Phantom: 0
[1268.932s][info][gc,ergo        ] GC(117) CSet Selection. Actual Free: 3860M, Max CSet: 3216M
[1268.932s][info][gc,ergo        ] GC(117) Collectable Garbage: 7218M (99%), Immediate: 3448M (47%), CSet: 3770M (51%)
[1269.061s][info][gc,ergo        ] GC(117) Good progress for free space: 7208M, need 83886K
[1269.061s][info][gc,ergo        ] GC(117) Good progress for used space: 7208M, need 4096K
[1269.061s][info][gc             ] GC(117) Pause Degenerated GC (Outside of Cycle) 7779M->571M(8192M) 280.441ms
[1269.061s][info][gc,ergo        ] Free: 7200M, Max: 4096K regular, 6760M humongous, Frag: 7% external, 1% internal; Reserve: 412M, Max: 4096K
[1269.061s][info][gc,stats       ] 
[1269.061s][info][gc,stats       ] All times are wall-clock times, except per-root-class counters, that are sum over
[1269.061s][info][gc,stats       ] all workers. Dividing the <total> over the root stage time estimates parallelism.
[1269.061s][info][gc,stats       ] 
[1269.061s][info][gc,stats       ] Pause Degenerated GC (G)         280523 us
[1269.061s][info][gc,stats       ] Pause Degenerated GC (N)         280454 us
[1269.061s][info][gc,stats       ]   Degen STW Mark                 127274 us, parallelism: 3.94x
[1269.061s][info][gc,stats       ]     DSM: <total>                 501264 us
[1269.061s][info][gc,stats       ]     DSM: Thread Roots               443 us, workers (us): 129, 129,  93,  93, 
[1269.061s][info][gc,stats       ]     DSM: VM Strong Roots             25 us, workers (us):   9,   0,   8,   8, 
[1269.061s][info][gc,stats       ]     DSM: CLDG Roots                 288 us, workers (us):  40, 169,  40,  40, 
[1269.061s][info][gc,stats       ]     DSM: Parallel Mark           500508 us, workers (us): 125152, 125042, 125163, 125151, 
[1269.061s][info][gc,stats       ]     System Purge                   7685 us
[1269.061s][info][gc,stats       ]       Weak References              1220 us, parallelism: 1.19x
[1269.061s][info][gc,stats       ]         WRP: <total>               1451 us
[1269.062s][info][gc,stats       ]         WRP: Weak References       1451 us, workers (us):  83, 228, 1108,  31, 
[1269.062s][info][gc,stats       ]       Unload Classes               5521 us, parallelism: 3.89x
[1269.062s][info][gc,stats       ]         DCU: <total>              21469 us
[1269.062s][info][gc,stats       ]         DCU: Unload Code Caches    21469 us, workers (us): 5394, 5361, 5360, 5354, 
[1269.062s][info][gc,stats       ]       Weak Roots                    236 us, parallelism: 3.55x
[1269.062s][info][gc,stats       ]         DWR: <total>                838 us
[1269.062s][info][gc,stats       ]         DWR: VM Weak Roots          838 us, workers (us): 226, 224, 194, 194, 
[1269.062s][info][gc,stats       ]       CLDG                            4 us
[1269.062s][info][gc,stats       ]   Update Region States               37 us
[1269.062s][info][gc,stats       ]   Manage GC/TLABs                     9 us
[1269.062s][info][gc,stats       ]   Choose Collection Set              72 us
[1269.062s][info][gc,stats       ]   Rebuild Free Set                   12 us
[1269.062s][info][gc,stats       ]   Evacuation                      60959 us
[1269.062s][info][gc,stats       ]   Manage GCLABs                       9 us
[1269.062s][info][gc,stats       ]   Update References               61203 us
[1269.062s][info][gc,stats       ]   Update Region States               36 us
[1269.062s][info][gc,stats       ]   Trash Collection Set               13 us
[1269.062s][info][gc,stats       ]   Rebuild Free Set                   12 us
[1269.062s][info][gc,stats       ]   Degen Update Roots               5432 us, parallelism: 3.93x
[1269.062s][info][gc,stats       ]     DU: <total>                   21372 us
[1269.062s][info][gc,stats       ]     DU: Thread Roots                146 us, workers (us):   1, 143,   1,   1, 
[1269.062s][info][gc,stats       ]     DU: Code Cache Roots          16547 us, workers (us): 4230, 4051, 4172, 4093, 
[1269.062s][info][gc,stats       ]     DU: VM Strong Roots               7 us, workers (us):   2,   2,   2,   2, 
[1269.062s][info][gc,stats       ]     DU: VM Weak Roots              4253 us, workers (us): 1063, 1064, 1063, 1064, 
[1269.062s][info][gc,stats       ]     DU: CLDG Roots                  418 us, workers (us):  70,  70,  94, 184, 
[1269.062s][info][gc,stats       ]   Cleanup                            39 us
[1269.062s][info][gc,metaspace   ] Metaspace: 135053K(136128K)->135053K(136128K) NonClass: 114128K(114752K)->114128K(114752K) Class: 20925K(21376K)->20925K(21376K)
[1278.962s][info][gc             ] Failed to allocate TLAB, 4096K
[1278.962s][info][gc             ] Cancelling GC: Allocation Failure
[1278.963s][info][gc             ] Trigger: Handle Allocation Failure
[1278.963s][info][gc,ergo        ] Free: 0B, Max: 0B regular, 0B humongous, Frag: 0% external, 0% internal; Reserve: 412M, Max: 4096K
[1278.963s][info][gc,start       ] GC(118) Pause Degenerated GC (Outside of Cycle)
[1278.963s][info][gc,task        ] GC(118) Using 4 of 4 workers for stw degenerated gc
[1278.974s][info][gc,ref         ] GC(118) Clearing All SoftReferences
[1279.116s][info][gc,ref         ] GC(118) Encountered references: Soft: 3301, Weak: 22730, Final: 34, Phantom: 1103
[1279.116s][info][gc,ref         ] GC(118) Discovered  references: Soft: 2769, Weak: 12375, Final: 0, Phantom: 824
[1279.116s][info][gc,ref         ] GC(118) Enqueued    references: Soft: 2, Weak: 6, Final: 0, Phantom: 1
[1279.125s][info][gc,ergo        ] GC(118) CSet Selection. Actual Free: 1176M, Max CSet: 980M
[1279.125s][info][gc,ergo        ] GC(118) Collectable Garbage: 7266M (99%), Immediate: 764M (10%), CSet: 6502M (89%)
[1279.240s][info][gc,ergo        ] GC(118) Good progress for free space: 7260M, need 83886K
[1279.240s][info][gc,ergo        ] GC(118) Good progress for used space: 7260M, need 4096K
[1279.240s][info][gc             ] GC(118) Pause Degenerated GC (Outside of Cycle) 7779M->519M(8192M) 276.384ms
[1279.240s][info][gc,ergo        ] Free: 7252M, Max: 4096K regular, 6812M humongous, Frag: 7% external, 1% internal; Reserve: 412M, Max: 4096K
[1279.240s][info][gc,stats       ] 
[1279.240s][info][gc,stats       ] All times are wall-clock times, except per-root-class counters, that are sum over
[1279.240s][info][gc,stats       ] all workers. Dividing the <total> over the root stage time estimates parallelism.
[1279.240s][info][gc,stats       ] 
[1279.240s][info][gc,stats       ] Pause Degenerated GC (G)         276444 us
[1279.240s][info][gc,stats       ] Pause Degenerated GC (N)         276400 us
[1279.240s][info][gc,stats       ]   Degen STW Mark                 140564 us, parallelism: 3.94x
[1279.240s][info][gc,stats       ]     DSM: <total>                 553569 us
[1279.240s][info][gc,stats       ]     DSM: Thread Roots               528 us, workers (us): 167, 125, 124, 112, 
[1279.240s][info][gc,stats       ]     DSM: VM Strong Roots             28 us, workers (us):   8,   0,  12,   8, 
[1279.240s][info][gc,stats       ]     DSM: CLDG Roots                 315 us, workers (us):  43, 186,  43,  43, 
[1279.240s][info][gc,stats       ]     DSM: Parallel Mark           552699 us, workers (us): 138219, 138070, 138202, 138208, 
[1279.240s][info][gc,stats       ]     System Purge                  10194 us
[1279.240s][info][gc,stats       ]       Weak References              1110 us, parallelism: 1.16x
[1279.240s][info][gc,stats       ]         WRP: <total>               1282 us
[1279.240s][info][gc,stats       ]         WRP: Weak References       1282 us, workers (us): 998,  60, 202,  22, 
[1279.240s][info][gc,stats       ]       Unload Classes               8138 us, parallelism: 3.92x
[1279.240s][info][gc,stats       ]         DCU: <total>              31886 us
[1279.240s][info][gc,stats       ]         DCU: Unload Code Caches    31886 us, workers (us): 7990, 7958, 7975, 7963, 
[1279.240s][info][gc,stats       ]       Weak Roots                    277 us, parallelism: 2.99x
[1279.240s][info][gc,stats       ]         DWR: <total>                827 us
[1279.240s][info][gc,stats       ]         DWR: VM Weak Roots          827 us, workers (us): 237, 197, 197, 196, 
[1279.240s][info][gc,stats       ]       CLDG                            8 us
[1279.240s][info][gc,stats       ]   Update Region States              119 us
[1279.240s][info][gc,stats       ]   Manage GC/TLABs                    22 us
[1279.240s][info][gc,stats       ]   Choose Collection Set             199 us
[1279.240s][info][gc,stats       ]   Rebuild Free Set                    9 us
[1279.240s][info][gc,stats       ]   Evacuation                      51219 us
[1279.240s][info][gc,stats       ]   Manage GCLABs                       8 us
[1279.240s][info][gc,stats       ]   Update References               55795 us
[1279.240s][info][gc,stats       ]   Update Region States               41 us
[1279.240s][info][gc,stats       ]   Trash Collection Set               16 us
[1279.240s][info][gc,stats       ]   Rebuild Free Set                   10 us
[1279.240s][info][gc,stats       ]   Degen Update Roots               5546 us, parallelism: 3.90x
[1279.240s][info][gc,stats       ]     DU: <total>                   21652 us
[1279.240s][info][gc,stats       ]     DU: Thread Roots                170 us, workers (us):   1,  13,  49, 107, 
[1279.240s][info][gc,stats       ]     DU: Code Cache Roots          16714 us, workers (us): 4198, 4223, 4164, 4130, 
[1279.240s][info][gc,stats       ]     DU: VM Strong Roots               7 us, workers (us):   3,   3,   2,   0, 
[1279.240s][info][gc,stats       ]     DU: VM Weak Roots              4349 us, workers (us): 1095, 1097, 1094, 1063, 
[1279.240s][info][gc,stats       ]     DU: CLDG Roots                  412 us, workers (us): 184,  66,  93,  69, 
[1279.240s][info][gc,stats       ]   Cleanup                            84 us
[1279.240s][info][gc,metaspace   ] Metaspace: 135063K(136128K)->135063K(136128K) NonClass: 114137K(114752K)->114137K(114752K) Class: 20926K(21376K)->20926K(21376K)
[1289.959s][info][gc             ] Failed to allocate TLAB, 4096K
[1289.959s][info][gc             ] Cancelling GC: Allocation Failure
[1289.960s][info][gc             ] Trigger: Handle Allocation Failure
[1289.960s][info][gc,ergo        ] Free: 0B, Max: 0B regular, 0B humongous, Frag: 0% external, 0% internal; Reserve: 412M, Max: 4096K
[1289.960s][info][gc,start       ] GC(119) Pause Degenerated GC (Outside of Cycle)
[1289.960s][info][gc,task        ] GC(119) Using 4 of 4 workers for stw degenerated gc
[1289.976s][info][gc,ref         ] GC(119) Clearing All SoftReferences
[1290.100s][info][gc,ref         ] GC(119) Encountered references: Soft: 3300, Weak: 22727, Final: 34, Phantom: 1105
[1290.100s][info][gc,ref         ] GC(119) Discovered  references: Soft: 2776, Weak: 12243, Final: 0, Phantom: 821
[1290.100s][info][gc,ref         ] GC(119) Enqueued    references: Soft: 1, Weak: 2, Final: 0, Phantom: 0
[1290.108s][info][gc,ergo        ] GC(119) CSet Selection. Actual Free: 1316M, Max CSet: 1096M
[1290.108s][info][gc,ergo        ] GC(119) Collectable Garbage: 7242M (99%), Immediate: 904M (12%), CSet: 6338M (87%)
[1290.237s][info][gc,ergo        ] GC(119) Good progress for free space: 7232M, need 83886K
[1290.237s][info][gc,ergo        ] GC(119) Good progress for used space: 7232M, need 4096K
[1290.237s][info][gc             ] GC(119) Pause Degenerated GC (Outside of Cycle) 7779M->547M(8192M) 277.168ms
[1290.237s][info][gc,ergo        ] Free: 7224M, Max: 4096K regular, 6784M humongous, Frag: 7% external, 1% internal; Reserve: 412M, Max: 4096K
[1290.237s][info][gc,stats       ] 
[1290.237s][info][gc,stats       ] All times are wall-clock times, except per-root-class counters, that are sum over
[1290.237s][info][gc,stats       ] all workers. Dividing the <total> over the root stage time estimates parallelism.
[1290.237s][info][gc,stats       ] 
[1290.237s][info][gc,stats       ] Pause Degenerated GC (G)         277212 us
[1290.237s][info][gc,stats       ] Pause Degenerated GC (N)         277182 us
[1290.237s][info][gc,stats       ]   Degen STW Mark                 123698 us, parallelism: 3.92x
[1290.237s][info][gc,stats       ]     DSM: <total>                 485483 us
[1290.237s][info][gc,stats       ]     DSM: Thread Roots               341 us, workers (us): 120,  84,  72,  65, 
[1290.237s][info][gc,stats       ]     DSM: VM Strong Roots             27 us, workers (us):   9,   8,   0,  10, 
[1290.237s][info][gc,stats       ]     DSM: CLDG Roots                 309 us, workers (us):  34,  41, 193,  41, 
[1290.237s][info][gc,stats       ]     DSM: Parallel Mark           484806 us, workers (us): 121234, 121243, 121084, 121246, 
[1290.237s][info][gc,stats       ]     System Purge                   8450 us
[1290.237s][info][gc,stats       ]       Weak References              1145 us, parallelism: 1.07x
[1290.237s][info][gc,stats       ]         WRP: <total>               1221 us
[1290.237s][info][gc,stats       ]         WRP: Weak References       1221 us, workers (us): 1067,  18,  40,  96, 
[1290.237s][info][gc,stats       ]       Unload Classes               6223 us, parallelism: 3.94x
[1290.237s][info][gc,stats       ]         DCU: <total>              24535 us
[1290.237s][info][gc,stats       ]         DCU: Unload Code Caches    24535 us, workers (us): 6152, 6152, 6130, 6101, 
[1290.237s][info][gc,stats       ]       Weak Roots                    293 us, parallelism: 3.20x
[1290.237s][info][gc,stats       ]         DWR: <total>                937 us
[1290.237s][info][gc,stats       ]         DWR: VM Weak Roots          937 us, workers (us): 235, 235, 234, 234, 
[1290.237s][info][gc,stats       ]       CLDG                            5 us
[1290.237s][info][gc,stats       ]   Update Region States               41 us
[1290.237s][info][gc,stats       ]   Manage GC/TLABs                     9 us
[1290.237s][info][gc,stats       ]   Choose Collection Set              78 us
[1290.237s][info][gc,stats       ]   Rebuild Free Set                    9 us
[1290.237s][info][gc,stats       ]   Evacuation                      60194 us
[1290.237s][info][gc,stats       ]   Manage GCLABs                       8 us
[1290.237s][info][gc,stats       ]   Update References               61288 us
[1290.237s][info][gc,stats       ]   Update Region States               52 us
[1290.237s][info][gc,stats       ]   Trash Collection Set               18 us
[1290.237s][info][gc,stats       ]   Rebuild Free Set                   12 us
[1290.237s][info][gc,stats       ]   Degen Update Roots               5855 us, parallelism: 3.87x
[1290.237s][info][gc,stats       ]     DU: <total>                   22668 us
[1290.237s][info][gc,stats       ]     DU: Thread Roots                166 us, workers (us):  30,  53,   1,  82, 
[1290.238s][info][gc,stats       ]     DU: Code Cache Roots          17379 us, workers (us): 4246, 4345, 4504, 4284, 
[1290.238s][info][gc,stats       ]     DU: VM Strong Roots               7 us, workers (us):   3,   3,   2,   0, 
[1290.238s][info][gc,stats       ]     DU: VM Weak Roots              4679 us, workers (us): 1176, 1176, 1177, 1150, 
[1290.238s][info][gc,stats       ]     DU: CLDG Roots                  436 us, workers (us): 193,  71,  70, 102, 
[1290.238s][info][gc,stats       ]   Cleanup                            60 us
[1290.238s][info][gc,metaspace   ] Metaspace: 135068K(136128K)->135068K(136128K) NonClass: 114142K(114752K)->114142K(114752K) Class: 20926K(21376K)->20926K(21376K)
[1299.591s][info][gc             ] Failed to allocate TLAB, 4096K
[1299.591s][info][gc             ] Cancelling GC: Allocation Failure
[1299.592s][info][gc             ] Trigger: Handle Allocation Failure
[1299.592s][info][gc,ergo        ] Free: 0B, Max: 0B regular, 0B humongous, Frag: 0% external, 0% internal; Reserve: 412M, Max: 4096K
[1299.593s][info][gc,start       ] GC(120) Pause Degenerated GC (Outside of Cycle)
[1299.593s][info][gc,task        ] GC(120) Using 4 of 4 workers for stw degenerated gc
[1299.610s][info][gc,ref         ] GC(120) Clearing All SoftReferences
[1299.728s][info][gc,ref         ] GC(120) Encountered references: Soft: 3307, Weak: 22730, Final: 34, Phantom: 1109
[1299.728s][info][gc,ref         ] GC(120) Discovered  references: Soft: 2779, Weak: 12208, Final: 0, Phantom: 804
[1299.728s][info][gc,ref         ] GC(120) Enqueued    references: Soft: 8, Weak: 4, Final: 0, Phantom: 0
[1299.734s][info][gc,ergo        ] GC(120) CSet Selection. Actual Free: 1852M, Max CSet: 1543M
[1299.734s][info][gc,ergo        ] GC(120) Collectable Garbage: 7270M (99%), Immediate: 1440M (19%), CSet: 5830M (79%)
[1299.866s][info][gc,ergo        ] GC(120) Good progress for free space: 7260M, need 83886K
[1299.866s][info][gc,ergo        ] GC(120) Good progress for used space: 7260M, need 4096K
[1299.866s][info][gc             ] GC(120) Pause Degenerated GC (Outside of Cycle) 7779M->519M(8192M) 273.517ms
[1299.866s][info][gc,ergo        ] Free: 7256M, Max: 4096K regular, 6780M humongous, Frag: 7% external, 1% internal; Reserve: 412M, Max: 4096K
[1299.866s][info][gc,stats       ] 
[1299.866s][info][gc,stats       ] All times are wall-clock times, except per-root-class counters, that are sum over
[1299.866s][info][gc,stats       ] all workers. Dividing the <total> over the root stage time estimates parallelism.
[1299.866s][info][gc,stats       ] 
[1299.866s][info][gc,stats       ] Pause Degenerated GC (G)         273605 us
[1299.866s][info][gc,stats       ] Pause Degenerated GC (N)         273533 us
[1299.866s][info][gc,stats       ]   Degen STW Mark                 116240 us, parallelism: 3.92x
[1299.866s][info][gc,stats       ]     DSM: <total>                 455517 us
[1299.866s][info][gc,stats       ]     DSM: Thread Roots               472 us, workers (us): 136, 136, 106,  94, 
[1299.866s][info][gc,stats       ]     DSM: VM Strong Roots             29 us, workers (us):  10,   8,   0,  11, 
[1299.866s][info][gc,stats       ]     DSM: CLDG Roots                 405 us, workers (us):  42,  42, 280,  42, 
[1299.866s][info][gc,stats       ]     DSM: Parallel Mark           454612 us, workers (us): 113719, 113720, 113474, 113700, 
[1299.866s][info][gc,stats       ]     System Purge                   7600 us
[1299.866s][info][gc,stats       ]       Weak References              1326 us, parallelism: 1.01x
[1299.866s][info][gc,stats       ]         WRP: <total>               1341 us
[1299.866s][info][gc,stats       ]         WRP: Weak References       1341 us, workers (us): 1201,  44,  96,   0, 
[1299.866s][info][gc,stats       ]       Unload Classes               5506 us, parallelism: 3.93x
[1299.866s][info][gc,stats       ]         DCU: <total>              21651 us
[1299.866s][info][gc,stats       ]         DCU: Unload Code Caches    21651 us, workers (us): 5427, 5431, 5398, 5394, 
[1299.866s][info][gc,stats       ]       Weak Roots                    301 us, parallelism: 3.69x
[1299.866s][info][gc,stats       ]         DWR: <total>               1113 us
[1299.866s][info][gc,stats       ]         DWR: VM Weak Roots         1113 us, workers (us): 286, 285, 284, 258, 
[1299.866s][info][gc,stats       ]       CLDG                           13 us
[1299.866s][info][gc,stats       ]   Update Region States               69 us
[1299.866s][info][gc,stats       ]   Manage GC/TLABs                    18 us
[1299.866s][info][gc,stats       ]   Choose Collection Set             171 us
[1299.866s][info][gc,stats       ]   Rebuild Free Set                   13 us
[1299.866s][info][gc,stats       ]   Evacuation                      62683 us
[1299.866s][info][gc,stats       ]   Manage GCLABs                      17 us
[1299.866s][info][gc,stats       ]   Update References               60107 us
[1299.867s][info][gc,stats       ]   Update Region States               41 us
[1299.867s][info][gc,stats       ]   Trash Collection Set               16 us
[1299.867s][info][gc,stats       ]   Rebuild Free Set                   11 us
[1299.867s][info][gc,stats       ]   Degen Update Roots               6771 us, parallelism: 3.87x
[1299.867s][info][gc,stats       ]     DU: <total>                   26217 us
[1299.867s][info][gc,stats       ]     DU: Thread Roots                184 us, workers (us):  41,   1,  56,  86, 
[1299.867s][info][gc,stats       ]     DU: Code Cache Roots          20208 us, workers (us): 4927, 5248, 5050, 4983, 
[1299.867s][info][gc,stats       ]     DU: VM Strong Roots               8 us, workers (us):   5,   4,   0,   0, 
[1299.867s][info][gc,stats       ]     DU: VM Weak Roots              5343 us, workers (us): 1350, 1353, 1321, 1319, 
[1299.867s][info][gc,stats       ]     DU: CLDG Roots                  474 us, workers (us): 212,  74,  76, 112, 
[1299.867s][info][gc,stats       ]   Cleanup                            58 us
[1299.867s][info][gc,metaspace   ] Metaspace: 135079K(136128K)->135079K(136128K) NonClass: 114153K(114752K)->114153K(114752K) Class: 20926K(21376K)->20926K(21376K)
[1312.639s][info][gc             ] Failed to allocate TLAB, 4096K
[1312.639s][info][gc             ] Cancelling GC: Allocation Failure
[1312.640s][info][gc             ] Trigger: Handle Allocation Failure
[1312.640s][info][gc,ergo        ] Free: 0B, Max: 0B regular, 0B humongous, Frag: 0% external, 0% internal; Reserve: 412M, Max: 4096K
[1312.640s][info][gc,start       ] GC(121) Pause Degenerated GC (Outside of Cycle)
[1312.640s][info][gc,task        ] GC(121) Using 4 of 4 workers for stw degenerated gc
[1312.655s][info][gc,ref         ] GC(121) Clearing All SoftReferences
[1312.778s][info][gc,ref         ] GC(121) Encountered references: Soft: 3300, Weak: 22731, Final: 34, Phantom: 1112
[1312.778s][info][gc,ref         ] GC(121) Discovered  references: Soft: 2944, Weak: 12364, Final: 0, Phantom: 808
[1312.778s][info][gc,ref         ] GC(121) Enqueued    references: Soft: 1, Weak: 4, Final: 0, Phantom: 0
[1312.784s][info][gc,ergo        ] GC(121) CSet Selection. Actual Free: 1472M, Max CSet: 1226M
[1312.784s][info][gc,ergo        ] GC(121) Collectable Garbage: 7260M (99%), Immediate: 1060M (14%), CSet: 6200M (85%)
[1312.910s][info][gc,ergo        ] GC(121) Good progress for free space: 7252M, need 83886K
[1312.910s][info][gc,ergo        ] GC(121) Good progress for used space: 7252M, need 4096K
[1312.910s][info][gc             ] GC(121) Pause Degenerated GC (Outside of Cycle) 7779M->527M(8192M) 269.929ms
[1312.910s][info][gc,ergo        ] Free: 7248M, Max: 4096K regular, 6620M humongous, Frag: 9% external, 1% internal; Reserve: 412M, Max: 4096K
[1312.910s][info][gc,stats       ] 
[1312.910s][info][gc,stats       ] All times are wall-clock times, except per-root-class counters, that are sum over
[1312.910s][info][gc,stats       ] all workers. Dividing the <total> over the root stage time estimates parallelism.
[1312.910s][info][gc,stats       ] 
[1312.910s][info][gc,stats       ] Pause Degenerated GC (G)         270054 us
[1312.910s][info][gc,stats       ] Pause Degenerated GC (N)         269944 us
[1312.910s][info][gc,stats       ]   Degen STW Mark                 121995 us, parallelism: 3.93x
[1312.910s][info][gc,stats       ]     DSM: <total>                 479834 us
[1312.910s][info][gc,stats       ]     DSM: Thread Roots               497 us, workers (us): 141, 141, 108, 107, 
[1312.910s][info][gc,stats       ]     DSM: VM Strong Roots             47 us, workers (us):  16,  13,  18,   0, 
[1312.910s][info][gc,stats       ]     DSM: CLDG Roots                 518 us, workers (us):  70,  70,  70, 307, 
[1312.910s][info][gc,stats       ]     DSM: Parallel Mark           478772 us, workers (us): 119743, 119761, 119744, 119524, 
[1312.910s][info][gc,stats       ]     System Purge                   7035 us
[1312.910s][info][gc,stats       ]       Weak References              1202 us, parallelism: 1.07x
[1312.910s][info][gc,stats       ]         WRP: <total>               1284 us
[1312.911s][info][gc,stats       ]         WRP: Weak References       1284 us, workers (us): 122,  21, 1080,  61, 
[1312.911s][info][gc,stats       ]       Unload Classes               5284 us, parallelism: 3.94x
[1312.911s][info][gc,stats       ]         DCU: <total>              20802 us
[1312.911s][info][gc,stats       ]         DCU: Unload Code Caches    20802 us, workers (us): 5221, 5216, 5179, 5186, 
[1312.911s][info][gc,stats       ]       Weak Roots                    238 us, parallelism: 3.52x
[1312.911s][info][gc,stats       ]         DWR: <total>                838 us
[1312.911s][info][gc,stats       ]         DWR: VM Weak Roots          838 us, workers (us): 227, 227, 199, 185, 
[1312.911s][info][gc,stats       ]       CLDG                            2 us
[1312.911s][info][gc,stats       ]   Update Region States               41 us
[1312.911s][info][gc,stats       ]   Manage GC/TLABs                    10 us
[1312.911s][info][gc,stats       ]   Choose Collection Set              65 us
[1312.911s][info][gc,stats       ]   Rebuild Free Set                   10 us
[1312.911s][info][gc,stats       ]   Evacuation                      53748 us
[1312.911s][info][gc,stats       ]   Manage GCLABs                       7 us
[1312.911s][info][gc,stats       ]   Update References               64509 us
[1312.911s][info][gc,stats       ]   Update Region States               76 us
[1312.911s][info][gc,stats       ]   Trash Collection Set               15 us
[1312.911s][info][gc,stats       ]   Rebuild Free Set                   10 us
[1312.911s][info][gc,stats       ]   Degen Update Roots               5942 us, parallelism: 3.87x
[1312.911s][info][gc,stats       ]     DU: <total>                   22981 us
[1312.911s][info][gc,stats       ]     DU: Thread Roots                211 us, workers (us):   1, 164,   1,  45, 
[1312.911s][info][gc,stats       ]     DU: Code Cache Roots          17154 us, workers (us): 4357, 4161, 4479, 4158, 
[1312.911s][info][gc,stats       ]     DU: VM Strong Roots               9 us, workers (us):   3,   3,   3,   0, 
[1312.911s][info][gc,stats       ]     DU: VM Weak Roots              5142 us, workers (us): 1293, 1291, 1291, 1266, 
[1312.911s][info][gc,stats       ]     DU: CLDG Roots                  466 us, workers (us):  69, 101,  70, 226, 
[1312.911s][info][gc,stats       ]   Cleanup                            63 us
[1312.911s][info][gc,metaspace   ] Metaspace: 135084K(136128K)->135084K(136128K) NonClass: 114158K(114752K)->114158K(114752K) Class: 20926K(21376K)->20926K(21376K)
[1322.969s][info][gc             ] Failed to allocate TLAB, 4096K
[1322.969s][info][gc             ] Cancelling GC: Allocation Failure
[1322.969s][info][gc             ] Trigger: Handle Allocation Failure
[1322.969s][info][gc,ergo        ] Free: 0B, Max: 0B regular, 0B humongous, Frag: 0% external, 0% internal; Reserve: 412M, Max: 4096K
[1322.969s][info][gc,start       ] GC(122) Pause Degenerated GC (Outside of Cycle)
[1322.969s][info][gc,task        ] GC(122) Using 4 of 4 workers for stw degenerated gc
[1322.984s][info][gc,ref         ] GC(122) Clearing All SoftReferences
[1323.102s][info][gc,ref         ] GC(122) Encountered references: Soft: 3300, Weak: 22733, Final: 34, Phantom: 1121
[1323.102s][info][gc,ref         ] GC(122) Discovered  references: Soft: 2165, Weak: 12225, Final: 0, Phantom: 814
[1323.102s][info][gc,ref         ] GC(122) Enqueued    references: Soft: 1, Weak: 3, Final: 0, Phantom: 0
[1323.108s][info][gc,ergo        ] GC(122) CSet Selection. Actual Free: 1776M, Max CSet: 1480M
[1323.108s][info][gc,ergo        ] GC(122) Collectable Garbage: 7264M (99%), Immediate: 1364M (18%), CSet: 5900M (80%)
[1323.235s][info][gc,ergo        ] GC(122) Good progress for free space: 7252M, need 83886K
[1323.235s][info][gc,ergo        ] GC(122) Good progress for used space: 7252M, need 4096K
[1323.235s][info][gc             ] GC(122) Pause Degenerated GC (Outside of Cycle) 7779M->527M(8192M) 266.348ms
[1323.235s][info][gc,ergo        ] Free: 7248M, Max: 4096K regular, 6580M humongous, Frag: 10% external, 1% internal; Reserve: 412M, Max: 4096K
[1323.235s][info][gc,stats       ] 
[1323.235s][info][gc,stats       ] All times are wall-clock times, except per-root-class counters, that are sum over
[1323.235s][info][gc,stats       ] all workers. Dividing the <total> over the root stage time estimates parallelism.
[1323.235s][info][gc,stats       ] 
[1323.235s][info][gc,stats       ] Pause Degenerated GC (G)         266439 us
[1323.235s][info][gc,stats       ] Pause Degenerated GC (N)         266363 us
[1323.235s][info][gc,stats       ]   Degen STW Mark                 116645 us, parallelism: 3.93x
[1323.235s][info][gc,stats       ]     DSM: <total>                 457845 us
[1323.235s][info][gc,stats       ]     DSM: Thread Roots               566 us, workers (us): 159, 159, 127, 122, 
[1323.235s][info][gc,stats       ]     DSM: VM Strong Roots             39 us, workers (us):  12,  11,  16,   0, 
[1323.235s][info][gc,stats       ]     DSM: CLDG Roots                 406 us, workers (us):  50,  50,  49, 257, 
[1323.235s][info][gc,stats       ]     DSM: Parallel Mark           456834 us, workers (us): 114266, 114258, 114254, 114057, 
[1323.235s][info][gc,stats       ]     System Purge                   7063 us
[1323.236s][info][gc,stats       ]       Weak References              1317 us, parallelism: 1.01x
[1323.236s][info][gc,stats       ]         WRP: <total>               1332 us
[1323.236s][info][gc,stats       ]         WRP: Weak References       1332 us, workers (us): 1209,  90,  32,   0, 
[1323.236s][info][gc,stats       ]       Unload Classes               5392 us, parallelism: 3.91x
[1323.236s][info][gc,stats       ]         DCU: <total>              21084 us
[1323.236s][info][gc,stats       ]         DCU: Unload Code Caches    21084 us, workers (us): 5302, 5256, 5255, 5271, 
[1323.236s][info][gc,stats       ]       Weak Roots                    262 us, parallelism: 3.38x
[1323.236s][info][gc,stats       ]         DWR: <total>                884 us
[1323.236s][info][gc,stats       ]         DWR: VM Weak Roots          884 us, workers (us): 249, 217, 217, 200, 
[1323.236s][info][gc,stats       ]       CLDG                            1 us
[1323.236s][info][gc,stats       ]   Update Region States               33 us
[1323.236s][info][gc,stats       ]   Manage GC/TLABs                    11 us
[1323.236s][info][gc,stats       ]   Choose Collection Set              66 us
[1323.236s][info][gc,stats       ]   Rebuild Free Set                   10 us
[1323.236s][info][gc,stats       ]   Evacuation                      56222 us
[1323.236s][info][gc,stats       ]   Manage GCLABs                      10 us
[1323.236s][info][gc,stats       ]   Update References               62137 us
[1323.236s][info][gc,stats       ]   Update Region States               67 us
[1323.236s][info][gc,stats       ]   Trash Collection Set               19 us
[1323.236s][info][gc,stats       ]   Rebuild Free Set                   11 us
[1323.236s][info][gc,stats       ]   Degen Update Roots               6466 us, parallelism: 3.88x
[1323.236s][info][gc,stats       ]     DU: <total>                   25062 us
[1323.236s][info][gc,stats       ]     DU: Thread Roots                179 us, workers (us):   1, 176,   1,   1, 
[1323.236s][info][gc,stats       ]     DU: Code Cache Roots          18851 us, workers (us): 4817, 4402, 4862, 4771, 
[1323.236s][info][gc,stats       ]     DU: VM Strong Roots               8 us, workers (us):   3,   3,   3,   0, 
[1323.236s][info][gc,stats       ]     DU: VM Weak Roots              5540 us, workers (us): 1391, 1390, 1391, 1368, 
[1323.236s][info][gc,stats       ]     DU: CLDG Roots                  484 us, workers (us):  78, 213,  78, 116, 
[1323.236s][info][gc,stats       ]   Cleanup                            60 us
[1323.236s][info][gc,metaspace   ] Metaspace: 135090K(136128K)->135090K(136128K) NonClass: 114163K(114752K)->114163K(114752K) Class: 20926K(21376K)->20926K(21376K)
[1335.538s][info][gc             ] Failed to allocate TLAB, 4096K
[1335.538s][info][gc             ] Cancelling GC: Allocation Failure
[1335.539s][info][gc             ] Trigger: Handle Allocation Failure
[1335.539s][info][gc,ergo        ] Free: 0B, Max: 0B regular, 0B humongous, Frag: 0% external, 0% internal; Reserve: 412M, Max: 4096K
[1335.539s][info][gc,start       ] GC(123) Pause Degenerated GC (Outside of Cycle)
[1335.539s][info][gc,task        ] GC(123) Using 4 of 4 workers for stw degenerated gc
[1335.553s][info][gc,ref         ] GC(123) Clearing All SoftReferences
[1335.672s][info][gc,ref         ] GC(123) Encountered references: Soft: 3307, Weak: 22747, Final: 34, Phantom: 1130
[1335.672s][info][gc,ref         ] GC(123) Discovered  references: Soft: 2784, Weak: 12341, Final: 0, Phantom: 834
[1335.672s][info][gc,ref         ] GC(123) Enqueued    references: Soft: 8, Weak: 10, Final: 0, Phantom: 1
[1335.679s][info][gc,ergo        ] GC(123) CSet Selection. Actual Free: 1412M, Max CSet: 1176M
[1335.679s][info][gc,ergo        ] GC(123) Collectable Garbage: 7269M (99%), Immediate: 1000M (13%), CSet: 6269M (85%)
[1335.798s][info][gc,ergo        ] GC(123) Good progress for free space: 7260M, need 83886K
[1335.798s][info][gc,ergo        ] GC(123) Good progress for used space: 7260M, need 4096K
[1335.798s][info][gc             ] GC(123) Pause Degenerated GC (Outside of Cycle) 7779M->519M(8192M) 259.312ms
[1335.798s][info][gc,ergo        ] Free: 7248M, Max: 4096K regular, 6812M humongous, Frag: 7% external, 1% internal; Reserve: 412M, Max: 4096K
[1335.798s][info][gc,stats       ] 
[1335.798s][info][gc,stats       ] All times are wall-clock times, except per-root-class counters, that are sum over
[1335.798s][info][gc,stats       ] all workers. Dividing the <total> over the root stage time estimates parallelism.
[1335.798s][info][gc,stats       ] 
[1335.798s][info][gc,stats       ] Pause Degenerated GC (G)         259404 us
[1335.798s][info][gc,stats       ] Pause Degenerated GC (N)         259327 us
[1335.798s][info][gc,stats       ]   Degen STW Mark                 118133 us, parallelism: 3.92x
[1335.798s][info][gc,stats       ]     DSM: <total>                 462870 us
[1335.798s][info][gc,stats       ]     DSM: Thread Roots               973 us, workers (us): 269, 235, 235, 235, 
[1335.798s][info][gc,stats       ]     DSM: VM Strong Roots             78 us, workers (us):   0,  22,  30,  26, 
[1335.798s][info][gc,stats       ]     DSM: CLDG Roots                 960 us, workers (us): 483, 159, 159, 159, 
[1335.798s][info][gc,stats       ]     DSM: Parallel Mark           460858 us, workers (us): 114987, 115290, 115293, 115289, 
[1335.798s][info][gc,stats       ]     System Purge                   7946 us
[1335.798s][info][gc,stats       ]       Weak References              1217 us, parallelism: 1.10x
[1335.798s][info][gc,stats       ]         WRP: <total>               1341 us
[1335.798s][info][gc,stats       ]         WRP: Weak References       1341 us, workers (us): 177, 152, 1013,   0, 
[1335.798s][info][gc,stats       ]       Unload Classes               5888 us, parallelism: 3.92x
[1335.798s][info][gc,stats       ]         DCU: <total>              23067 us
[1335.798s][info][gc,stats       ]         DCU: Unload Code Caches    23067 us, workers (us): 5777, 5766, 5764, 5760, 
[1335.798s][info][gc,stats       ]       Weak Roots                    295 us, parallelism: 3.15x
[1335.798s][info][gc,stats       ]         DWR: <total>                928 us
[1335.798s][info][gc,stats       ]         DWR: VM Weak Roots          928 us, workers (us): 253, 225, 225, 225, 
[1335.798s][info][gc,stats       ]       CLDG                            2 us
[1335.798s][info][gc,stats       ]   Update Region States               49 us
[1335.798s][info][gc,stats       ]   Manage GC/TLABs                    10 us
[1335.798s][info][gc,stats       ]   Choose Collection Set              75 us
[1335.798s][info][gc,stats       ]   Rebuild Free Set                   10 us
[1335.798s][info][gc,stats       ]   Evacuation                      56657 us
[1335.798s][info][gc,stats       ]   Manage GCLABs                       7 us
[1335.798s][info][gc,stats       ]   Update References               54677 us
[1335.798s][info][gc,stats       ]   Update Region States               82 us
[1335.798s][info][gc,stats       ]   Trash Collection Set               16 us
[1335.798s][info][gc,stats       ]   Rebuild Free Set                   10 us
[1335.798s][info][gc,stats       ]   Degen Update Roots               5787 us, parallelism: 3.83x
[1335.798s][info][gc,stats       ]     DU: <total>                   22191 us
[1335.799s][info][gc,stats       ]     DU: Thread Roots                153 us, workers (us): 116,   1,  35,   1, 
[1335.799s][info][gc,stats       ]     DU: Code Cache Roots          17251 us, workers (us): 4110, 4502, 4275, 4364, 
[1335.799s][info][gc,stats       ]     DU: VM Strong Roots               6 us, workers (us):   6,   0,   0,   0, 
[1335.799s][info][gc,stats       ]     DU: VM Weak Roots              4370 us, workers (us): 1119, 1096, 1078, 1077, 
[1335.799s][info][gc,stats       ]     DU: CLDG Roots                  411 us, workers (us): 180,  68,  96,  67, 
[1335.799s][info][gc,stats       ]   Cleanup                            60 us
[1335.799s][info][gc,metaspace   ] Metaspace: 135105K(136128K)->135105K(136128K) NonClass: 114177K(114752K)->114177K(114752K) Class: 20927K(21376K)->20927K(21376K)
[1346.092s][info][gc             ] Failed to allocate TLAB, 4096K
[1346.092s][info][gc             ] Cancelling GC: Allocation Failure
[1346.092s][info][gc             ] Trigger: Handle Allocation Failure
[1346.092s][info][gc,ergo        ] Free: 0B, Max: 0B regular, 0B humongous, Frag: 0% external, 0% internal; Reserve: 412M, Max: 4096K
[1346.092s][info][gc,start       ] GC(124) Pause Degenerated GC (Outside of Cycle)
[1346.092s][info][gc,task        ] GC(124) Using 4 of 4 workers for stw degenerated gc
[1346.109s][info][gc,ref         ] GC(124) Clearing All SoftReferences
[1346.237s][info][gc,ref         ] GC(124) Encountered references: Soft: 3300, Weak: 22743, Final: 34, Phantom: 1138
[1346.237s][info][gc,ref         ] GC(124) Discovered  references: Soft: 788, Weak: 12313, Final: 34, Phantom: 855
[1346.237s][info][gc,ref         ] GC(124) Enqueued    references: Soft: 1, Weak: 3, Final: 0, Phantom: 0
[1346.244s][info][gc,ergo        ] GC(124) CSet Selection. Actual Free: 3044M, Max CSet: 2536M
[1346.244s][info][gc,ergo        ] GC(124) Collectable Garbage: 7318M (99%), Immediate: 2632M (35%), CSet: 4686M (63%)
[1346.365s][info][gc,ergo        ] GC(124) Good progress for free space: 7308M, need 83886K
[1346.365s][info][gc,ergo        ] GC(124) Good progress for used space: 7308M, need 4096K
[1346.365s][info][gc             ] GC(124) Pause Degenerated GC (Outside of Cycle) 7779M->471M(8192M) 272.260ms
[1346.365s][info][gc,ergo        ] Free: 7304M, Max: 4096K regular, 6860M humongous, Frag: 7% external, 1% internal; Reserve: 412M, Max: 4096K
[1346.365s][info][gc,stats       ] 
[1346.365s][info][gc,stats       ] All times are wall-clock times, except per-root-class counters, that are sum over
[1346.365s][info][gc,stats       ] all workers. Dividing the <total> over the root stage time estimates parallelism.
[1346.365s][info][gc,stats       ] 
[1346.365s][info][gc,stats       ] Pause Degenerated GC (G)         272320 us
[1346.365s][info][gc,stats       ] Pause Degenerated GC (N)         272278 us
[1346.365s][info][gc,stats       ]   Degen STW Mark                 126590 us, parallelism: 3.92x
[1346.365s][info][gc,stats       ]     DSM: <total>                 496442 us
[1346.365s][info][gc,stats       ]     DSM: Thread Roots               361 us, workers (us): 108, 108,  80,  65, 
[1346.365s][info][gc,stats       ]     DSM: VM Strong Roots             29 us, workers (us):   0,  10,  11,   8, 
[1346.365s][info][gc,stats       ]     DSM: CLDG Roots                 279 us, workers (us): 175,  35,  35,  35, 
[1346.365s][info][gc,stats       ]     DSM: Parallel Mark           495772 us, workers (us): 123842, 123972, 123983, 123975, 
[1346.365s][info][gc,stats       ]     System Purge                   8150 us
[1346.365s][info][gc,stats       ]       Weak References              1113 us, parallelism: 1.09x
[1346.365s][info][gc,stats       ]         WRP: <total>               1214 us
[1346.365s][info][gc,stats       ]         WRP: Weak References       1214 us, workers (us): 137, 1002,  17,  58, 
[1346.365s][info][gc,stats       ]       Unload Classes               6759 us, parallelism: 3.93x
[1346.365s][info][gc,stats       ]         DCU: <total>              26596 us
[1346.365s][info][gc,stats       ]         DCU: Unload Code Caches    26596 us, workers (us): 6686, 6651, 6635, 6623, 
[1346.365s][info][gc,stats       ]       Weak Roots                    262 us, parallelism: 3.35x
[1346.365s][info][gc,stats       ]         DWR: <total>                878 us
[1346.365s][info][gc,stats       ]         DWR: VM Weak Roots          878 us, workers (us): 248, 222, 204, 203, 
[1346.365s][info][gc,stats       ]       CLDG                            2 us
[1346.365s][info][gc,stats       ]   Update Region States               63 us
[1346.365s][info][gc,stats       ]   Manage GC/TLABs                    11 us
[1346.365s][info][gc,stats       ]   Choose Collection Set             115 us
[1346.365s][info][gc,stats       ]   Rebuild Free Set                   11 us
[1346.365s][info][gc,stats       ]   Evacuation                      33609 us
[1346.365s][info][gc,stats       ]   Manage GCLABs                       7 us
[1346.365s][info][gc,stats       ]   Update References               69744 us
[1346.365s][info][gc,stats       ]   Update Region States               88 us
[1346.365s][info][gc,stats       ]   Trash Collection Set               23 us
[1346.365s][info][gc,stats       ]   Rebuild Free Set                   15 us
[1346.365s][info][gc,stats       ]   Degen Update Roots              13037 us, parallelism: 3.94x
[1346.365s][info][gc,stats       ]     DU: <total>                   51353 us
[1346.365s][info][gc,stats       ]     DU: Thread Roots                533 us, workers (us): 357,  38,  14, 124, 
[1346.365s][info][gc,stats       ]     DU: Code Cache Roots          35447 us, workers (us): 8779, 9099, 9040, 8528, 
[1346.365s][info][gc,stats       ]     DU: VM Strong Roots              21 us, workers (us):   5,   6,   5,   5, 
[1346.365s][info][gc,stats       ]     DU: VM Weak Roots             14152 us, workers (us): 3537, 3536, 3533, 3545, 
[1346.365s][info][gc,stats       ]     DU: CLDG Roots                 1200 us, workers (us): 160, 160, 245, 636, 
[1346.365s][info][gc,stats       ]   Cleanup                            58 us
[1346.366s][info][gc,metaspace   ] Metaspace: 135105K(136128K)->135105K(136128K) NonClass: 114177K(114752K)->114177K(114752K) Class: 20927K(21376K)->20927K(21376K)
[1355.360s][info][gc             ] Failed to allocate TLAB, 4096K
[1355.360s][info][gc             ] Cancelling GC: Allocation Failure
[1355.360s][info][gc             ] Trigger: Handle Allocation Failure
[1355.360s][info][gc,ergo        ] Free: 0B, Max: 0B regular, 0B humongous, Frag: 0% external, 0% internal; Reserve: 412M, Max: 4096K
[1355.361s][info][gc,start       ] GC(125) Pause Degenerated GC (Outside of Cycle)
[1355.361s][info][gc,task        ] GC(125) Using 4 of 4 workers for stw degenerated gc
[1355.372s][info][gc,ref         ] GC(125) Clearing All SoftReferences
[1355.497s][info][gc,ref         ] GC(125) Encountered references: Soft: 3300, Weak: 22743, Final: 34, Phantom: 1141
[1355.497s][info][gc,ref         ] GC(125) Discovered  references: Soft: 786, Weak: 12095, Final: 34, Phantom: 856
[1355.497s][info][gc,ref         ] GC(125) Enqueued    references: Soft: 1, Weak: 2, Final: 0, Phantom: 0
[1355.504s][info][gc,ergo        ] GC(125) CSet Selection. Actual Free: 3340M, Max CSet: 2783M
[1355.504s][info][gc,ergo        ] GC(125) Collectable Garbage: 7288M (99%), Immediate: 2928M (40%), CSet: 4360M (59%)
[1355.606s][info][gc,ergo        ] GC(125) Good progress for free space: 7284M, need 83886K
[1355.606s][info][gc,ergo        ] GC(125) Good progress for used space: 7284M, need 4096K
[1355.606s][info][gc             ] GC(125) Pause Degenerated GC (Outside of Cycle) 7779M->495M(8192M) 245.344ms
[1355.606s][info][gc,ergo        ] Free: 7272M, Max: 4096K regular, 6836M humongous, Frag: 6% external, 1% internal; Reserve: 412M, Max: 4096K
[1355.606s][info][gc,stats       ] 
[1355.606s][info][gc,stats       ] All times are wall-clock times, except per-root-class counters, that are sum over
[1355.606s][info][gc,stats       ] all workers. Dividing the <total> over the root stage time estimates parallelism.
[1355.606s][info][gc,stats       ] 
[1355.606s][info][gc,stats       ] Pause Degenerated GC (G)         245487 us
[1355.606s][info][gc,stats       ] Pause Degenerated GC (N)         245359 us
[1355.606s][info][gc,stats       ]   Degen STW Mark                 124292 us, parallelism: 3.92x
[1355.606s][info][gc,stats       ]     DSM: <total>                 486938 us
[1355.606s][info][gc,stats       ]     DSM: Thread Roots               932 us, workers (us): 172, 171, 449, 140, 
[1355.606s][info][gc,stats       ]     DSM: VM Strong Roots             31 us, workers (us):  17,   0,   0,  14, 
[1355.606s][info][gc,stats       ]     DSM: CLDG Roots                 319 us, workers (us):  46, 218,  10,  45, 
[1355.606s][info][gc,stats       ]     DSM: Parallel Mark           485657 us, workers (us): 121518, 121361, 121273, 121505, 
[1355.606s][info][gc,stats       ]     System Purge                   8341 us
[1355.606s][info][gc,stats       ]       Weak References              1211 us, parallelism: 1.01x
[1355.606s][info][gc,stats       ]         WRP: <total>               1221 us
[1355.606s][info][gc,stats       ]         WRP: Weak References       1221 us, workers (us): 1116,  45,  60,   0, 
[1355.606s][info][gc,stats       ]       Unload Classes               6580 us, parallelism: 3.91x
[1355.606s][info][gc,stats       ]         DCU: <total>              25746 us
[1355.606s][info][gc,stats       ]         DCU: Unload Code Caches    25746 us, workers (us): 6471, 6447, 6415, 6413, 
[1355.606s][info][gc,stats       ]       Weak Roots                    318 us, parallelism: 2.98x
[1355.606s][info][gc,stats       ]         DWR: <total>                946 us
[1355.606s][info][gc,stats       ]         DWR: VM Weak Roots          946 us, workers (us): 245, 245, 228, 228, 
[1355.606s][info][gc,stats       ]       CLDG                            1 us
[1355.606s][info][gc,stats       ]   Update Region States               66 us
[1355.606s][info][gc,stats       ]   Manage GC/TLABs                    11 us
[1355.606s][info][gc,stats       ]   Choose Collection Set              68 us
[1355.606s][info][gc,stats       ]   Rebuild Free Set                   12 us
[1355.606s][info][gc,stats       ]   Evacuation                      39296 us
[1355.606s][info][gc,stats       ]   Manage GCLABs                       8 us
[1355.606s][info][gc,stats       ]   Update References               52629 us
[1355.606s][info][gc,stats       ]   Update Region States               56 us
[1355.606s][info][gc,stats       ]   Trash Collection Set               15 us
[1355.606s][info][gc,stats       ]   Rebuild Free Set                   12 us
[1355.606s][info][gc,stats       ]   Degen Update Roots               6462 us, parallelism: 3.85x
[1355.607s][info][gc,stats       ]     DU: <total>                   24896 us
[1355.607s][info][gc,stats       ]     DU: Thread Roots                238 us, workers (us): 187,   9,   1,  42, 
[1355.607s][info][gc,stats       ]     DU: Code Cache Roots          19568 us, workers (us): 4627, 4943, 5130, 4868, 
[1355.607s][info][gc,stats       ]     DU: VM Strong Roots               7 us, workers (us):   6,   0,   0,   0, 
[1355.607s][info][gc,stats       ]     DU: VM Weak Roots              4618 us, workers (us): 1184, 1161, 1137, 1137, 
[1355.607s][info][gc,stats       ]     DU: CLDG Roots                  465 us, workers (us): 207,  71,  72, 114, 
[1355.607s][info][gc,stats       ]   Cleanup                            54 us
[1355.607s][info][gc,metaspace   ] Metaspace: 135106K(136128K)->135106K(136128K) NonClass: 114179K(114752K)->114179K(114752K) Class: 20927K(21376K)->20927K(21376K)
[1366.830s][info][gc             ] Failed to allocate TLAB, 4096K
[1366.830s][info][gc             ] Cancelling GC: Allocation Failure
[1366.831s][info][gc             ] Trigger: Handle Allocation Failure
[1366.831s][info][gc,ergo        ] Free: 0B, Max: 0B regular, 0B humongous, Frag: 0% external, 0% internal; Reserve: 412M, Max: 4096K
[1366.831s][info][gc,start       ] GC(126) Pause Degenerated GC (Outside of Cycle)
[1366.831s][info][gc,task        ] GC(126) Using 4 of 4 workers for stw degenerated gc
[1366.840s][info][gc,ref         ] GC(126) Clearing All SoftReferences
[1366.976s][info][gc,ref         ] GC(126) Encountered references: Soft: 3306, Weak: 22750, Final: 34, Phantom: 1147
[1366.976s][info][gc,ref         ] GC(126) Discovered  references: Soft: 2780, Weak: 12340, Final: 0, Phantom: 834
[1366.976s][info][gc,ref         ] GC(126) Enqueued    references: Soft: 7, Weak: 7, Final: 0, Phantom: 0
[1366.982s][info][gc,ergo        ] GC(126) CSet Selection. Actual Free: 3712M, Max CSet: 3093M
[1366.982s][info][gc,ergo        ] GC(126) Collectable Garbage: 7325M (99%), Immediate: 3300M (44%), CSet: 4025M (54%)
[1367.064s][info][gc,ergo        ] GC(126) Good progress for free space: 7320M, need 83886K
[1367.064s][info][gc,ergo        ] GC(126) Good progress for used space: 7320M, need 4096K
[1367.064s][info][gc             ] GC(126) Pause Degenerated GC (Outside of Cycle) 7779M->459M(8192M) 232.947ms
[1367.064s][info][gc,ergo        ] Free: 7312M, Max: 4096K regular, 6872M humongous, Frag: 7% external, 1% internal; Reserve: 412M, Max: 4096K
[1367.064s][info][gc,stats       ] 
[1367.064s][info][gc,stats       ] All times are wall-clock times, except per-root-class counters, that are sum over
[1367.064s][info][gc,stats       ] all workers. Dividing the <total> over the root stage time estimates parallelism.
[1367.064s][info][gc,stats       ] 
[1367.064s][info][gc,stats       ] Pause Degenerated GC (G)         233002 us
[1367.064s][info][gc,stats       ] Pause Degenerated GC (N)         232961 us
[1367.064s][info][gc,stats       ]   Degen STW Mark                 134840 us, parallelism: 3.94x
[1367.064s][info][gc,stats       ]     DSM: <total>                 531332 us
[1367.064s][info][gc,stats       ]     DSM: Thread Roots               411 us, workers (us): 104, 104, 104, 100, 
[1367.064s][info][gc,stats       ]     DSM: VM Strong Roots             29 us, workers (us):   9,   9,  11,   0, 
[1367.064s][info][gc,stats       ]     DSM: CLDG Roots                 268 us, workers (us):  30,  30,  30, 177, 
[1367.064s][info][gc,stats       ]     DSM: Parallel Mark           530624 us, workers (us): 132700, 132689, 132685, 132550, 
[1367.064s][info][gc,stats       ]     System Purge                   7430 us
[1367.064s][info][gc,stats       ]       Weak References              1143 us, parallelism: 1.18x
[1367.064s][info][gc,stats       ]         WRP: <total>               1354 us
[1367.064s][info][gc,stats       ]         WRP: Weak References       1354 us, workers (us): 1035, 162, 112,  44, 
[1367.064s][info][gc,stats       ]       Unload Classes               5720 us, parallelism: 3.90x
[1367.064s][info][gc,stats       ]         DCU: <total>              22287 us
[1367.064s][info][gc,stats       ]         DCU: Unload Code Caches    22287 us, workers (us): 5566, 5571, 5577, 5573, 
[1367.064s][info][gc,stats       ]       Weak Roots                    312 us, parallelism: 2.91x
[1367.064s][info][gc,stats       ]         DWR: <total>                910 us
[1367.064s][info][gc,stats       ]         DWR: VM Weak Roots          910 us, workers (us): 244, 223, 222, 222, 
[1367.064s][info][gc,stats       ]       CLDG                            2 us
[1367.064s][info][gc,stats       ]   Update Region States               77 us
[1367.064s][info][gc,stats       ]   Manage GC/TLABs                     9 us
[1367.064s][info][gc,stats       ]   Choose Collection Set              76 us
[1367.065s][info][gc,stats       ]   Rebuild Free Set                   10 us
[1367.065s][info][gc,stats       ]   Evacuation                      28362 us
[1367.065s][info][gc,stats       ]   Manage GCLABs                       8 us
[1367.065s][info][gc,stats       ]   Update References               45317 us
[1367.065s][info][gc,stats       ]   Update Region States               70 us
[1367.065s][info][gc,stats       ]   Trash Collection Set               15 us
[1367.065s][info][gc,stats       ]   Rebuild Free Set                   11 us
[1367.065s][info][gc,stats       ]   Degen Update Roots               6024 us, parallelism: 3.83x
[1367.065s][info][gc,stats       ]     DU: <total>                   23097 us
[1367.065s][info][gc,stats       ]     DU: Thread Roots                148 us, workers (us):  27,   1, 119,   1, 
[1367.065s][info][gc,stats       ]     DU: Code Cache Roots          18167 us, workers (us): 4423, 4721, 4445, 4578, 
[1367.065s][info][gc,stats       ]     DU: VM Strong Roots               7 us, workers (us):   4,   2,   0,   0, 
[1367.065s][info][gc,stats       ]     DU: VM Weak Roots              4368 us, workers (us): 1111, 1109, 1073, 1075, 
[1367.065s][info][gc,stats       ]     DU: CLDG Roots                  408 us, workers (us): 180,  94,  68,  66, 
[1367.065s][info][gc,stats       ]   Cleanup                            44 us
[1367.065s][info][gc,metaspace   ] Metaspace: 135107K(136128K)->135108K(136128K) NonClass: 114179K(114752K)->114180K(114752K) Class: 20927K(21376K)->20927K(21376K)
[1378.308s][info][gc             ] Failed to allocate TLAB, 4096K
[1378.308s][info][gc             ] Cancelling GC: Allocation Failure
[1378.309s][info][gc             ] Trigger: Handle Allocation Failure
[1378.309s][info][gc,ergo        ] Free: 0B, Max: 0B regular, 0B humongous, Frag: 0% external, 0% internal; Reserve: 412M, Max: 4096K
[1378.309s][info][gc,start       ] GC(127) Pause Degenerated GC (Outside of Cycle)
[1378.309s][info][gc,task        ] GC(127) Using 4 of 4 workers for stw degenerated gc
[1378.319s][info][gc,ref         ] GC(127) Clearing All SoftReferences
[1378.450s][info][gc,ref         ] GC(127) Encountered references: Soft: 3300, Weak: 22748, Final: 34, Phantom: 1154
[1378.450s][info][gc,ref         ] GC(127) Discovered  references: Soft: 2777, Weak: 12344, Final: 0, Phantom: 838
[1378.450s][info][gc,ref         ] GC(127) Enqueued    references: Soft: 1, Weak: 3, Final: 0, Phantom: 0
[1378.456s][info][gc,ergo        ] GC(127) CSet Selection. Actual Free: 2764M, Max CSet: 2303M
[1378.456s][info][gc,ergo        ] GC(127) Collectable Garbage: 7295M (99%), Immediate: 2352M (32%), CSet: 4943M (67%)
[1378.558s][info][gc,ergo        ] GC(127) Good progress for free space: 7288M, need 83886K
[1378.559s][info][gc,ergo        ] GC(127) Good progress for used space: 7288M, need 4096K
[1378.559s][info][gc             ] GC(127) Pause Degenerated GC (Outside of Cycle) 7779M->491M(8192M) 249.908ms
[1378.559s][info][gc,ergo        ] Free: 7280M, Max: 4096K regular, 6840M humongous, Frag: 7% external, 1% internal; Reserve: 412M, Max: 4096K
[1378.559s][info][gc,stats       ] 
[1378.559s][info][gc,stats       ] All times are wall-clock times, except per-root-class counters, that are sum over
[1378.559s][info][gc,stats       ] all workers. Dividing the <total> over the root stage time estimates parallelism.
[1378.559s][info][gc,stats       ] 
[1378.559s][info][gc,stats       ] Pause Degenerated GC (G)         250040 us
[1378.559s][info][gc,stats       ] Pause Degenerated GC (N)         249922 us
[1378.559s][info][gc,stats       ]   Degen STW Mark                 129743 us, parallelism: 3.93x
[1378.559s][info][gc,stats       ]     DSM: <total>                 509998 us
[1378.559s][info][gc,stats       ]     DSM: Thread Roots               705 us, workers (us): 185, 182, 181, 157, 
[1378.559s][info][gc,stats       ]     DSM: VM Strong Roots             40 us, workers (us):   2,  14,  14,  11, 
[1378.559s][info][gc,stats       ]     DSM: CLDG Roots                 400 us, workers (us): 235,  56,  56,  55, 
[1378.559s][info][gc,stats       ]     DSM: Parallel Mark           508853 us, workers (us): 127076, 127262, 127250, 127265, 
[1378.559s][info][gc,stats       ]     System Purge                   7484 us
[1378.559s][info][gc,stats       ]       Weak References              1108 us, parallelism: 1.17x
[1378.559s][info][gc,stats       ]         WRP: <total>               1292 us
[1378.559s][info][gc,stats       ]         WRP: Weak References       1292 us, workers (us):  60, 1003, 216,  13, 
[1378.559s][info][gc,stats       ]       Unload Classes               5797 us, parallelism: 3.92x
[1378.559s][info][gc,stats       ]         DCU: <total>              22727 us
[1378.559s][info][gc,stats       ]         DCU: Unload Code Caches    22727 us, workers (us): 5694, 5690, 5667, 5675, 
[1378.559s][info][gc,stats       ]       Weak Roots                    325 us, parallelism: 2.96x
[1378.559s][info][gc,stats       ]         DWR: <total>                965 us
[1378.559s][info][gc,stats       ]         DWR: VM Weak Roots          965 us, workers (us): 258, 236, 236, 235, 
[1378.559s][info][gc,stats       ]       CLDG                            2 us
[1378.559s][info][gc,stats       ]   Update Region States               74 us
[1378.559s][info][gc,stats       ]   Manage GC/TLABs                    10 us
[1378.559s][info][gc,stats       ]   Choose Collection Set              72 us
[1378.559s][info][gc,stats       ]   Rebuild Free Set                   12 us
[1378.559s][info][gc,stats       ]   Evacuation                      35696 us
[1378.559s][info][gc,stats       ]   Manage GCLABs                       7 us
[1378.559s][info][gc,stats       ]   Update References               58861 us
[1378.559s][info][gc,stats       ]   Update Region States               63 us
[1378.559s][info][gc,stats       ]   Trash Collection Set               11 us
[1378.559s][info][gc,stats       ]   Rebuild Free Set                   12 us
[1378.559s][info][gc,stats       ]   Degen Update Roots               5765 us, parallelism: 3.87x
[1378.559s][info][gc,stats       ]     DU: <total>                   22293 us
[1378.559s][info][gc,stats       ]     DU: Thread Roots                185 us, workers (us):   1,  14,  41, 129, 
[1378.559s][info][gc,stats       ]     DU: Code Cache Roots          17344 us, workers (us): 4418, 4339, 4338, 4250, 
[1378.559s][info][gc,stats       ]     DU: VM Strong Roots               7 us, workers (us):   2,   3,   2,   0, 
[1378.559s][info][gc,stats       ]     DU: VM Weak Roots              4340 us, workers (us): 1092, 1092, 1092, 1064, 
[1378.559s][info][gc,stats       ]     DU: CLDG Roots                  416 us, workers (us): 185,  95,  69,  68, 
[1378.559s][info][gc,stats       ]   Cleanup                            49 us
[1378.559s][info][gc,metaspace   ] Metaspace: 135128K(136192K)->135128K(136192K) NonClass: 114200K(114816K)->114201K(114816K) Class: 20927K(21376K)->20927K(21376K)
[1388.164s][info][gc             ] Failed to allocate TLAB, 4096K
[1388.164s][info][gc             ] Cancelling GC: Allocation Failure
[1388.164s][info][gc             ] Trigger: Handle Allocation Failure
[1388.164s][info][gc,ergo        ] Free: 0B, Max: 0B regular, 0B humongous, Frag: 0% external, 0% internal; Reserve: 412M, Max: 4096K
[1388.164s][info][gc,start       ] GC(128) Pause Degenerated GC (Outside of Cycle)
[1388.164s][info][gc,task        ] GC(128) Using 4 of 4 workers for stw degenerated gc
[1388.174s][info][gc,ref         ] GC(128) Clearing All SoftReferences
[1388.294s][info][gc,ref         ] GC(128) Encountered references: Soft: 3306, Weak: 22751, Final: 34, Phantom: 1156
[1388.294s][info][gc,ref         ] GC(128) Discovered  references: Soft: 2785, Weak: 12073, Final: 0, Phantom: 839
[1388.294s][info][gc,ref         ] GC(128) Enqueued    references: Soft: 7, Weak: 4, Final: 0, Phantom: 0
[1388.301s][info][gc,ergo        ] GC(128) CSet Selection. Actual Free: 4368M, Max CSet: 3640M
[1388.301s][info][gc,ergo        ] GC(128) Collectable Garbage: 7334M (99%), Immediate: 3956M (53%), CSet: 3378M (45%)
[1388.379s][info][gc,ergo        ] GC(128) Good progress for free space: 7328M, need 83886K
[1388.379s][info][gc,ergo        ] GC(128) Good progress for used space: 7328M, need 4096K
[1388.379s][info][gc             ] GC(128) Pause Degenerated GC (Outside of Cycle) 7779M->451M(8192M) 215.221ms
[1388.379s][info][gc,ergo        ] Free: 7320M, Max: 4096K regular, 6880M humongous, Frag: 7% external, 1% internal; Reserve: 412M, Max: 4096K
[1388.379s][info][gc,stats       ] 
[1388.379s][info][gc,stats       ] All times are wall-clock times, except per-root-class counters, that are sum over
[1388.379s][info][gc,stats       ] all workers. Dividing the <total> over the root stage time estimates parallelism.
[1388.379s][info][gc,stats       ] 
[1388.379s][info][gc,stats       ] Pause Degenerated GC (G)         215274 us
[1388.379s][info][gc,stats       ] Pause Degenerated GC (N)         215234 us
[1388.379s][info][gc,stats       ]   Degen STW Mark                 119008 us, parallelism: 3.93x
[1388.379s][info][gc,stats       ]     DSM: <total>                 467193 us
[1388.379s][info][gc,stats       ]     DSM: Thread Roots               433 us, workers (us): 117, 117, 114,  85, 
[1388.380s][info][gc,stats       ]     DSM: VM Strong Roots             32 us, workers (us):  11,   0,   9,  13, 
[1388.380s][info][gc,stats       ]     DSM: CLDG Roots                 348 us, workers (us):  48, 203,  48,  49, 
[1388.380s][info][gc,stats       ]     DSM: Parallel Mark           466379 us, workers (us): 116630, 116486, 116639, 116625, 
[1388.380s][info][gc,stats       ]     System Purge                   8074 us
[1388.380s][info][gc,stats       ]       Weak References              1299 us, parallelism: 1.14x
[1388.380s][info][gc,stats       ]         WRP: <total>               1481 us
[1388.380s][info][gc,stats       ]         WRP: Weak References       1481 us, workers (us): 142, 1217, 122,   0, 
[1388.380s][info][gc,stats       ]       Unload Classes               6140 us, parallelism: 3.93x
[1388.380s][info][gc,stats       ]         DCU: <total>              24110 us
[1388.380s][info][gc,stats       ]         DCU: Unload Code Caches    24110 us, workers (us): 6052, 6027, 6008, 6023, 
[1388.380s][info][gc,stats       ]       Weak Roots                    259 us, parallelism: 3.59x
[1388.380s][info][gc,stats       ]         DWR: <total>                929 us
[1388.380s][info][gc,stats       ]         DWR: VM Weak Roots          929 us, workers (us): 248, 248, 217, 217, 
[1388.380s][info][gc,stats       ]       CLDG                            4 us
[1388.380s][info][gc,stats       ]   Update Region States               76 us
[1388.380s][info][gc,stats       ]   Manage GC/TLABs                    11 us
[1388.380s][info][gc,stats       ]   Choose Collection Set              92 us
[1388.380s][info][gc,stats       ]   Rebuild Free Set                   12 us
[1388.380s][info][gc,stats       ]   Evacuation                      23494 us
[1388.380s][info][gc,stats       ]   Manage GCLABs                       7 us
[1388.380s][info][gc,stats       ]   Update References               47116 us
[1388.380s][info][gc,stats       ]   Update Region States               74 us
[1388.380s][info][gc,stats       ]   Trash Collection Set               12 us
[1388.380s][info][gc,stats       ]   Rebuild Free Set                   13 us
[1388.380s][info][gc,stats       ]   Degen Update Roots               5706 us, parallelism: 3.85x
[1388.380s][info][gc,stats       ]     DU: <total>                   21943 us
[1388.380s][info][gc,stats       ]     DU: Thread Roots                165 us, workers (us): 155,   1,   9,   1, 
[1388.380s][info][gc,stats       ]     DU: Code Cache Roots          17006 us, workers (us): 4112, 4293, 4284, 4317, 
[1388.380s][info][gc,stats       ]     DU: VM Strong Roots               6 us, workers (us):   3,   3,   0,   0, 
[1388.380s][info][gc,stats       ]     DU: VM Weak Roots              4355 us, workers (us): 1104, 1107, 1079, 1064, 
[1388.380s][info][gc,stats       ]     DU: CLDG Roots                  410 us, workers (us):  94,  66,  69, 181, 
[1388.380s][info][gc,stats       ]   Cleanup                            36 us
[1388.380s][info][gc,metaspace   ] Metaspace: 135131K(136192K)->135131K(136192K) NonClass: 114204K(114816K)->114204K(114816K) Class: 20927K(21376K)->20927K(21376K)
[1398.497s][info][gc             ] Failed to allocate TLAB, 4096K
[1398.498s][info][gc             ] Cancelling GC: Allocation Failure
[1398.498s][info][gc             ] Trigger: Handle Allocation Failure
[1398.498s][info][gc,ergo        ] Free: 0B, Max: 0B regular, 0B humongous, Frag: 0% external, 0% internal; Reserve: 412M, Max: 4096K
[1398.498s][info][gc,start       ] GC(129) Pause Degenerated GC (Outside of Cycle)
[1398.498s][info][gc,task        ] GC(129) Using 4 of 4 workers for stw degenerated gc
[1398.505s][info][gc,ref         ] GC(129) Clearing All SoftReferences
[1398.626s][info][gc,ref         ] GC(129) Encountered references: Soft: 3300, Weak: 22751, Final: 34, Phantom: 1159
[1398.626s][info][gc,ref         ] GC(129) Discovered  references: Soft: 2774, Weak: 12357, Final: 0, Phantom: 868
[1398.626s][info][gc,ref         ] GC(129) Enqueued    references: Soft: 1, Weak: 4, Final: 0, Phantom: 0
[1398.632s][info][gc,ergo        ] GC(129) CSet Selection. Actual Free: 2748M, Max CSet: 2290M
[1398.632s][info][gc,ergo        ] GC(129) Collectable Garbage: 7295M (99%), Immediate: 2336M (31%), CSet: 4959M (67%)
[1398.726s][info][gc,ergo        ] GC(129) Good progress for free space: 7288M, need 83886K
[1398.726s][info][gc,ergo        ] GC(129) Good progress for used space: 7288M, need 4096K
[1398.726s][info][gc             ] GC(129) Pause Degenerated GC (Outside of Cycle) 7779M->491M(8192M) 228.010ms
[1398.726s][info][gc,ergo        ] Free: 7276M, Max: 4096K regular, 6840M humongous, Frag: 6% external, 1% internal; Reserve: 412M, Max: 4096K
[1398.726s][info][gc,stats       ] 
[1398.726s][info][gc,stats       ] All times are wall-clock times, except per-root-class counters, that are sum over
[1398.726s][info][gc,stats       ] all workers. Dividing the <total> over the root stage time estimates parallelism.
[1398.726s][info][gc,stats       ] 
[1398.726s][info][gc,stats       ] Pause Degenerated GC (G)         228066 us
[1398.726s][info][gc,stats       ] Pause Degenerated GC (N)         228024 us
[1398.726s][info][gc,stats       ]   Degen STW Mark                 120170 us, parallelism: 3.93x
[1398.726s][info][gc,stats       ]     DSM: <total>                 472292 us
[1398.726s][info][gc,stats       ]     DSM: Thread Roots               402 us, workers (us): 103, 100,  99,  99, 
[1398.726s][info][gc,stats       ]     DSM: VM Strong Roots             26 us, workers (us):   0,   8,   8,  10, 
[1398.726s][info][gc,stats       ]     DSM: CLDG Roots                 256 us, workers (us): 167,  30,  30,  30, 
[1398.726s][info][gc,stats       ]     DSM: Parallel Mark           471609 us, workers (us): 117804, 117938, 117936, 117931, 
[1398.726s][info][gc,stats       ]     System Purge                   7111 us
[1398.726s][info][gc,stats       ]       Weak References              1176 us, parallelism: 1.09x
[1398.726s][info][gc,stats       ]         WRP: <total>               1282 us
[1398.726s][info][gc,stats       ]         WRP: Weak References       1282 us, workers (us):  50, 134,  71, 1027, 
[1398.726s][info][gc,stats       ]       Unload Classes               5422 us, parallelism: 3.91x
[1398.726s][info][gc,stats       ]         DCU: <total>              21178 us
[1398.726s][info][gc,stats       ]         DCU: Unload Code Caches    21178 us, workers (us): 5330, 5303, 5271, 5274, 
[1398.727s][info][gc,stats       ]       Weak Roots                    294 us, parallelism: 3.04x
[1398.727s][info][gc,stats       ]         DWR: <total>                894 us
[1398.727s][info][gc,stats       ]         DWR: VM Weak Roots          894 us, workers (us): 255, 213, 213, 213, 
[1398.727s][info][gc,stats       ]       CLDG                            1 us
[1398.727s][info][gc,stats       ]   Update Region States               69 us
[1398.727s][info][gc,stats       ]   Manage GC/TLABs                     9 us
[1398.727s][info][gc,stats       ]   Choose Collection Set              70 us
[1398.727s][info][gc,stats       ]   Rebuild Free Set                   12 us
[1398.727s][info][gc,stats       ]   Evacuation                      36138 us
[1398.727s][info][gc,stats       ]   Manage GCLABs                       7 us
[1398.727s][info][gc,stats       ]   Update References               49598 us
[1398.727s][info][gc,stats       ]   Update Region States               68 us
[1398.727s][info][gc,stats       ]   Trash Collection Set               16 us
[1398.727s][info][gc,stats       ]   Rebuild Free Set                   13 us
[1398.727s][info][gc,stats       ]   Degen Update Roots               5823 us, parallelism: 3.83x
[1398.727s][info][gc,stats       ]     DU: <total>                   22317 us
[1398.727s][info][gc,stats       ]     DU: Thread Roots                157 us, workers (us):   2, 106,   1,  48, 
[1398.727s][info][gc,stats       ]     DU: Code Cache Roots          17331 us, workers (us): 4363, 4142, 4509, 4316, 
[1398.727s][info][gc,stats       ]     DU: VM Strong Roots               7 us, workers (us):   4,   3,   0,   0, 
[1398.727s][info][gc,stats       ]     DU: VM Weak Roots              4398 us, workers (us): 1114, 1113, 1087, 1085, 
[1398.727s][info][gc,stats       ]     DU: CLDG Roots                  424 us, workers (us):  70, 186,  98,  70, 
[1398.727s][info][gc,stats       ]   Cleanup                            55 us
[1398.727s][info][gc,metaspace   ] Metaspace: 135139K(136192K)->135139K(136192K) NonClass: 114212K(114816K)->114212K(114816K) Class: 20927K(21376K)->20927K(21376K)
[1410.293s][info][gc             ] Failed to allocate TLAB, 4096K
[1410.293s][info][gc             ] Cancelling GC: Allocation Failure
[1410.293s][info][gc             ] Trigger: Handle Allocation Failure
[1410.293s][info][gc,ergo        ] Free: 0B, Max: 0B regular, 0B humongous, Frag: 0% external, 0% internal; Reserve: 412M, Max: 4096K
[1410.293s][info][gc,start       ] GC(130) Pause Degenerated GC (Outside of Cycle)
[1410.293s][info][gc,task        ] GC(130) Using 4 of 4 workers for stw degenerated gc
[1410.304s][info][gc,ref         ] GC(130) Clearing All SoftReferences
[1410.410s][info][gc,ref         ] GC(130) Encountered references: Soft: 3300, Weak: 22752, Final: 34, Phantom: 1165
[1410.410s][info][gc,ref         ] GC(130) Discovered  references: Soft: 2767, Weak: 12169, Final: 0, Phantom: 873
[1410.410s][info][gc,ref         ] GC(130) Enqueued    references: Soft: 1, Weak: 3, Final: 0, Phantom: 0
[1410.416s][info][gc,ergo        ] GC(130) CSet Selection. Actual Free: 4636M, Max CSet: 3863M
[1410.416s][info][gc,ergo        ] GC(130) Collectable Garbage: 7336M (99%), Immediate: 4224M (57%), CSet: 3112M (42%)
[1410.488s][info][gc,ergo        ] GC(130) Good progress for free space: 7328M, need 83886K
[1410.488s][info][gc,ergo        ] GC(130) Good progress for used space: 7328M, need 4096K
[1410.488s][info][gc             ] GC(130) Pause Degenerated GC (Outside of Cycle) 7779M->451M(8192M) 194.561ms
[1410.488s][info][gc,ergo        ] Free: 7300M, Max: 4096K regular, 6880M humongous, Frag: 6% external, 0% internal; Reserve: 412M, Max: 4096K
[1410.488s][info][gc,stats       ] 
[1410.488s][info][gc,stats       ] All times are wall-clock times, except per-root-class counters, that are sum over
[1410.488s][info][gc,stats       ] all workers. Dividing the <total> over the root stage time estimates parallelism.
[1410.488s][info][gc,stats       ] 
[1410.488s][info][gc,stats       ] Pause Degenerated GC (G)         194634 us
[1410.488s][info][gc,stats       ] Pause Degenerated GC (N)         194575 us
[1410.488s][info][gc,stats       ]   Degen STW Mark                 104789 us, parallelism: 3.92x
[1410.488s][info][gc,stats       ]     DSM: <total>                 411052 us
[1410.488s][info][gc,stats       ]     DSM: Thread Roots               380 us, workers (us): 102, 102, 102,  73, 
[1410.488s][info][gc,stats       ]     DSM: VM Strong Roots             27 us, workers (us):   8,   8,  10,   0, 
[1410.488s][info][gc,stats       ]     DSM: CLDG Roots                 283 us, workers (us):  34,  34,  34, 180, 
[1410.488s][info][gc,stats       ]     DSM: Parallel Mark           410362 us, workers (us): 102622, 102623, 102632, 102485, 
[1410.488s][info][gc,stats       ]     System Purge                   7167 us
[1410.488s][info][gc,stats       ]       Weak References              1101 us, parallelism: 1.13x
[1410.488s][info][gc,stats       ]         WRP: <total>               1246 us
[1410.488s][info][gc,stats       ]         WRP: Weak References       1246 us, workers (us): 191, 997,  13,  45, 
[1410.488s][info][gc,stats       ]       Unload Classes               5291 us, parallelism: 3.91x
[1410.488s][info][gc,stats       ]         DCU: <total>              20668 us
[1410.488s][info][gc,stats       ]         DCU: Unload Code Caches    20668 us, workers (us): 5178, 5182, 5159, 5150, 
[1410.488s][info][gc,stats       ]       Weak Roots                    264 us, parallelism: 3.08x
[1410.488s][info][gc,stats       ]         DWR: <total>                811 us
[1410.488s][info][gc,stats       ]         DWR: VM Weak Roots          811 us, workers (us): 224, 223, 182, 182, 
[1410.488s][info][gc,stats       ]       CLDG                            2 us
[1410.488s][info][gc,stats       ]   Update Region States               51 us
[1410.488s][info][gc,stats       ]   Manage GC/TLABs                     9 us
[1410.488s][info][gc,stats       ]   Choose Collection Set              70 us
[1410.488s][info][gc,stats       ]   Rebuild Free Set                   13 us
[1410.488s][info][gc,stats       ]   Evacuation                      22107 us
[1410.488s][info][gc,stats       ]   Manage GCLABs                       7 us
[1410.488s][info][gc,stats       ]   Update References               42295 us
[1410.488s][info][gc,stats       ]   Update Region States               67 us
[1410.488s][info][gc,stats       ]   Trash Collection Set               12 us
[1410.488s][info][gc,stats       ]   Rebuild Free Set                   13 us
[1410.488s][info][gc,stats       ]   Degen Update Roots               5672 us, parallelism: 3.87x
[1410.488s][info][gc,stats       ]     DU: <total>                   21953 us
[1410.488s][info][gc,stats       ]     DU: Thread Roots                164 us, workers (us):   1,  41,  55,  68, 
[1410.488s][info][gc,stats       ]     DU: Code Cache Roots          17009 us, workers (us): 4383, 4145, 4247, 4233, 
[1410.488s][info][gc,stats       ]     DU: VM Strong Roots               7 us, workers (us):   2,   2,   2,   0, 
[1410.488s][info][gc,stats       ]     DU: VM Weak Roots              4359 us, workers (us): 1097, 1097, 1096, 1069, 
[1410.488s][info][gc,stats       ]     DU: CLDG Roots                  414 us, workers (us):  93, 182,  68,  70, 
[1410.488s][info][gc,stats       ]   Cleanup                            35 us
[1410.488s][info][gc,metaspace   ] Metaspace: 135143K(136192K)->135143K(136192K) NonClass: 114216K(114816K)->114216K(114816K) Class: 20927K(21376K)->20927K(21376K)
[1421.486s][info][gc             ] Failed to allocate TLAB, 4096K
[1421.486s][info][gc             ] Cancelling GC: Allocation Failure
[1421.486s][info][gc             ] Trigger: Handle Allocation Failure
[1421.486s][info][gc,ergo        ] Free: 0B, Max: 0B regular, 0B humongous, Frag: 0% external, 0% internal; Reserve: 412M, Max: 4096K
[1421.486s][info][gc,start       ] GC(131) Pause Degenerated GC (Outside of Cycle)
[1421.486s][info][gc,task        ] GC(131) Using 4 of 4 workers for stw degenerated gc
[1421.493s][info][gc,ref         ] GC(131) Clearing All SoftReferences
[1421.616s][info][gc,ref         ] GC(131) Encountered references: Soft: 3306, Weak: 22756, Final: 34, Phantom: 1172
[1421.616s][info][gc,ref         ] GC(131) Discovered  references: Soft: 1889, Weak: 13901, Final: 0, Phantom: 846
[1421.616s][info][gc,ref         ] GC(131) Enqueued    references: Soft: 7, Weak: 5, Final: 0, Phantom: 0
[1421.622s][info][gc,ergo        ] GC(131) CSet Selection. Actual Free: 2344M, Max CSet: 1953M
[1421.622s][info][gc,ergo        ] GC(131) Collectable Garbage: 7303M (99%), Immediate: 1932M (26%), CSet: 5371M (73%)
[1421.716s][info][gc,ergo        ] GC(131) Good progress for free space: 7296M, need 83886K
[1421.716s][info][gc,ergo        ] GC(131) Good progress for used space: 7296M, need 4096K
[1421.716s][info][gc             ] GC(131) Pause Degenerated GC (Outside of Cycle) 7779M->483M(8192M) 229.705ms
[1421.716s][info][gc,ergo        ] Free: 7280M, Max: 4096K regular, 6816M humongous, Frag: 7% external, 1% internal; Reserve: 412M, Max: 4096K
[1421.716s][info][gc,stats       ] 
[1421.716s][info][gc,stats       ] All times are wall-clock times, except per-root-class counters, that are sum over
[1421.716s][info][gc,stats       ] all workers. Dividing the <total> over the root stage time estimates parallelism.
[1421.716s][info][gc,stats       ] 
[1421.716s][info][gc,stats       ] Pause Degenerated GC (G)         229799 us
[1421.716s][info][gc,stats       ] Pause Degenerated GC (N)         229719 us
[1421.716s][info][gc,stats       ]   Degen STW Mark                 121400 us, parallelism: 3.94x
[1421.716s][info][gc,stats       ]     DSM: <total>                 477731 us
[1421.716s][info][gc,stats       ]     DSM: Thread Roots               462 us, workers (us): 116, 115, 115, 114, 
[1421.716s][info][gc,stats       ]     DSM: VM Strong Roots             26 us, workers (us):  10,   9,   7,   0, 
[1421.716s][info][gc,stats       ]     DSM: CLDG Roots                 284 us, workers (us):  37,  37,  37, 172, 
[1421.716s][info][gc,stats       ]     DSM: Parallel Mark           476959 us, workers (us): 119276, 119271, 119276, 119136, 
[1421.716s][info][gc,stats       ]     System Purge                   7568 us
[1421.716s][info][gc,stats       ]       Weak References              1091 us, parallelism: 1.29x
[1421.716s][info][gc,stats       ]         WRP: <total>               1412 us
[1421.716s][info][gc,stats       ]         WRP: Weak References       1412 us, workers (us): 1011, 102,  91, 207, 
[1421.716s][info][gc,stats       ]       Unload Classes               5373 us, parallelism: 3.91x
[1421.716s][info][gc,stats       ]         DCU: <total>              21027 us
[1421.716s][info][gc,stats       ]         DCU: Unload Code Caches    21027 us, workers (us): 5271, 5278, 5240, 5239, 
[1421.716s][info][gc,stats       ]       Weak Roots                    256 us, parallelism: 3.35x
[1421.717s][info][gc,stats       ]         DWR: <total>                859 us
[1421.717s][info][gc,stats       ]         DWR: VM Weak Roots          859 us, workers (us): 245, 217, 199, 198, 
[1421.717s][info][gc,stats       ]       CLDG                            3 us
[1421.717s][info][gc,stats       ]   Update Region States               87 us
[1421.717s][info][gc,stats       ]   Manage GC/TLABs                    10 us
[1421.717s][info][gc,stats       ]   Choose Collection Set              73 us
[1421.717s][info][gc,stats       ]   Rebuild Free Set                   11 us
[1421.717s][info][gc,stats       ]   Evacuation                      40696 us
[1421.717s][info][gc,stats       ]   Manage GCLABs                       7 us
[1421.717s][info][gc,stats       ]   Update References               45066 us
[1421.717s][info][gc,stats       ]   Update Region States               48 us
[1421.717s][info][gc,stats       ]   Trash Collection Set               16 us
[1421.717s][info][gc,stats       ]   Rebuild Free Set                   13 us
[1421.717s][info][gc,stats       ]   Degen Update Roots               5978 us, parallelism: 3.87x
[1421.717s][info][gc,stats       ]     DU: <total>                   23156 us
[1421.717s][info][gc,stats       ]     DU: Thread Roots                165 us, workers (us):   1,  22,  19, 123, 
[1421.717s][info][gc,stats       ]     DU: Code Cache Roots          17705 us, workers (us): 4570, 4458, 4461, 4216, 
[1421.717s][info][gc,stats       ]     DU: VM Strong Roots               6 us, workers (us):   6,   0,   0,   0, 
[1421.717s][info][gc,stats       ]     DU: VM Weak Roots              4840 us, workers (us): 1236, 1214, 1194, 1196, 
[1421.717s][info][gc,stats       ]     DU: CLDG Roots                  441 us, workers (us):  93,  69,  70, 209, 
[1421.717s][info][gc,stats       ]   Cleanup                            53 us
[1421.717s][info][gc,metaspace   ] Metaspace: 135144K(136192K)->135144K(136192K) NonClass: 114217K(114816K)->114217K(114816K) Class: 20927K(21376K)->20927K(21376K)
[1430.987s][info][gc             ] Failed to allocate TLAB, 4096K
[1430.987s][info][gc             ] Cancelling GC: Allocation Failure
[1430.988s][info][gc             ] Trigger: Handle Allocation Failure
[1430.988s][info][gc,ergo        ] Free: 0B, Max: 0B regular, 0B humongous, Frag: 0% external, 0% internal; Reserve: 412M, Max: 4096K
[1430.988s][info][gc,start       ] GC(132) Pause Degenerated GC (Outside of Cycle)
[1430.989s][info][gc,task        ] GC(132) Using 4 of 4 workers for stw degenerated gc
[1431.009s][info][gc,ref         ] GC(132) Clearing All SoftReferences
[1431.121s][info][gc,ref         ] GC(132) Encountered references: Soft: 3300, Weak: 22754, Final: 34, Phantom: 1172
[1431.121s][info][gc,ref         ] GC(132) Discovered  references: Soft: 789, Weak: 12175, Final: 34, Phantom: 878
[1431.121s][info][gc,ref         ] GC(132) Enqueued    references: Soft: 1, Weak: 3, Final: 0, Phantom: 0
[1431.127s][info][gc,ergo        ] GC(132) CSet Selection. Actual Free: 5012M, Max CSet: 4176M
[1431.127s][info][gc,ergo        ] GC(132) Collectable Garbage: 7342M (99%), Immediate: 4600M (62%), CSet: 2742M (37%)
[1431.200s][info][gc,ergo        ] GC(132) Good progress for free space: 7332M, need 83886K
[1431.200s][info][gc,ergo        ] GC(132) Good progress for used space: 7332M, need 4096K
[1431.201s][info][gc             ] GC(132) Pause Degenerated GC (Outside of Cycle) 7779M->447M(8192M) 212.021ms
[1431.201s][info][gc,ergo        ] Free: 7320M, Max: 4096K regular, 6884M humongous, Frag: 6% external, 1% internal; Reserve: 412M, Max: 4096K
[1431.201s][info][gc,stats       ] 
[1431.201s][info][gc,stats       ] All times are wall-clock times, except per-root-class counters, that are sum over
[1431.201s][info][gc,stats       ] all workers. Dividing the <total> over the root stage time estimates parallelism.
[1431.201s][info][gc,stats       ] 
[1431.201s][info][gc,stats       ] Pause Degenerated GC (G)         212142 us
[1431.201s][info][gc,stats       ] Pause Degenerated GC (N)         212037 us
[1431.201s][info][gc,stats       ]   Degen STW Mark                 110747 us, parallelism: 3.92x
[1431.201s][info][gc,stats       ]     DSM: <total>                 433743 us
[1431.201s][info][gc,stats       ]     DSM: Thread Roots              1156 us, workers (us): 232, 493, 231, 200, 
[1431.201s][info][gc,stats       ]     DSM: VM Strong Roots             39 us, workers (us):  18,   0,   0,  21, 
[1431.201s][info][gc,stats       ]     DSM: CLDG Roots                 506 us, workers (us):  92,  10, 313,  92, 
[1431.201s][info][gc,stats       ]     DSM: Parallel Mark           432042 us, workers (us): 108108, 107938, 107896, 108099, 
[1431.201s][info][gc,stats       ]     System Purge                   7247 us
[1431.201s][info][gc,stats       ]       Weak References              1107 us, parallelism: 1.07x
[1431.201s][info][gc,stats       ]         WRP: <total>               1188 us
[1431.201s][info][gc,stats       ]         WRP: Weak References       1188 us, workers (us): 997,  46, 123,  23, 
[1431.201s][info][gc,stats       ]       Unload Classes               5697 us, parallelism: 3.91x
[1431.201s][info][gc,stats       ]         DCU: <total>              22299 us
[1431.201s][info][gc,stats       ]         DCU: Unload Code Caches    22299 us, workers (us): 5584, 5597, 5570, 5549, 
[1431.201s][info][gc,stats       ]       Weak Roots                    281 us, parallelism: 3.05x
[1431.201s][info][gc,stats       ]         DWR: <total>                856 us
[1431.201s][info][gc,stats       ]         DWR: VM Weak Roots          856 us, workers (us): 240, 209, 209, 198, 
[1431.201s][info][gc,stats       ]       CLDG                            1 us
[1431.201s][info][gc,stats       ]   Update Region States               41 us
[1431.201s][info][gc,stats       ]   Manage GC/TLABs                    10 us
[1431.201s][info][gc,stats       ]   Choose Collection Set              67 us
[1431.201s][info][gc,stats       ]   Rebuild Free Set                   13 us
[1431.201s][info][gc,stats       ]   Evacuation                      19470 us
[1431.201s][info][gc,stats       ]   Manage GCLABs                       6 us
[1431.201s][info][gc,stats       ]   Update References               45788 us
[1431.201s][info][gc,stats       ]   Update Region States               59 us
[1431.201s][info][gc,stats       ]   Trash Collection Set               10 us
[1431.201s][info][gc,stats       ]   Rebuild Free Set                   13 us
[1431.201s][info][gc,stats       ]   Degen Update Roots               5743 us, parallelism: 3.89x
[1431.201s][info][gc,stats       ]     DU: <total>                   22341 us
[1431.201s][info][gc,stats       ]     DU: Thread Roots                174 us, workers (us):   1,  21, 105,  47, 
[1431.201s][info][gc,stats       ]     DU: Code Cache Roots          16926 us, workers (us): 4400, 4268, 4159, 4099, 
[1431.201s][info][gc,stats       ]     DU: VM Strong Roots               7 us, workers (us):   2,   2,   2,   0, 
[1431.201s][info][gc,stats       ]     DU: VM Weak Roots              4787 us, workers (us): 1203, 1204, 1204, 1176, 
[1431.201s][info][gc,stats       ]     DU: CLDG Roots                  447 us, workers (us):  70,  69,  94, 214, 
[1431.201s][info][gc,stats       ]   Cleanup                            36 us
[1431.201s][info][gc,metaspace   ] Metaspace: 135146K(136192K)->135146K(136192K) NonClass: 114218K(114816K)->114218K(114816K) Class: 20927K(21376K)->20927K(21376K)
[1442.350s][info][gc             ] Failed to allocate TLAB, 4096K
[1442.350s][info][gc             ] Cancelling GC: Allocation Failure
[1442.350s][info][gc             ] Trigger: Handle Allocation Failure
[1442.350s][info][gc,ergo        ] Free: 0B, Max: 0B regular, 0B humongous, Frag: 0% external, 0% internal; Reserve: 412M, Max: 4096K
[1442.350s][info][gc,start       ] GC(133) Pause Degenerated GC (Outside of Cycle)
[1442.350s][info][gc,task        ] GC(133) Using 4 of 4 workers for stw degenerated gc
[1442.360s][info][gc,ref         ] GC(133) Clearing All SoftReferences
[1442.510s][info][gc,ref         ] GC(133) Encountered references: Soft: 3300, Weak: 22756, Final: 34, Phantom: 1177
[1442.510s][info][gc,ref         ] GC(133) Discovered  references: Soft: 2775, Weak: 12033, Final: 0, Phantom: 853
[1442.510s][info][gc,ref         ] GC(133) Enqueued    references: Soft: 1, Weak: 3, Final: 0, Phantom: 0
[1442.521s][info][gc,ergo        ] GC(133) CSet Selection. Actual Free: 2444M, Max CSet: 2036M
[1442.521s][info][gc,ergo        ] GC(133) Collectable Garbage: 7303M (99%), Immediate: 2032M (27%), CSet: 5271M (71%)
[1442.616s][info][gc,ergo        ] GC(133) Good progress for free space: 7292M, need 83886K
[1442.616s][info][gc,ergo        ] GC(133) Good progress for used space: 7292M, need 4096K
[1442.616s][info][gc             ] GC(133) Pause Degenerated GC (Outside of Cycle) 7779M->487M(8192M) 265.755ms
[1442.616s][info][gc,ergo        ] Free: 7284M, Max: 4096K regular, 6844M humongous, Frag: 7% external, 1% internal; Reserve: 412M, Max: 4096K
[1442.616s][info][gc,stats       ] 
[1442.616s][info][gc,stats       ] All times are wall-clock times, except per-root-class counters, that are sum over
[1442.616s][info][gc,stats       ] all workers. Dividing the <total> over the root stage time estimates parallelism.
[1442.616s][info][gc,stats       ] 
[1442.616s][info][gc,stats       ] Pause Degenerated GC (G)         265808 us
[1442.616s][info][gc,stats       ] Pause Degenerated GC (N)         265769 us
[1442.616s][info][gc,stats       ]   Degen STW Mark                 148780 us, parallelism: 3.90x
[1442.616s][info][gc,stats       ]     DSM: <total>                 579605 us
[1442.616s][info][gc,stats       ]     DSM: Thread Roots               639 us, workers (us): 167, 167, 166, 138, 
[1442.616s][info][gc,stats       ]     DSM: VM Strong Roots             40 us, workers (us):  12,  12,   0,  15, 
[1442.616s][info][gc,stats       ]     DSM: CLDG Roots                 441 us, workers (us):  58,  57, 268,  58, 
[1442.616s][info][gc,stats       ]     DSM: Parallel Mark           578485 us, workers (us): 144683, 144667, 144468, 144667, 
[1442.616s][info][gc,stats       ]     System Purge                  12131 us
[1442.616s][info][gc,stats       ]       Weak References              2030 us, parallelism: 1.18x
[1442.616s][info][gc,stats       ]         WRP: <total>               2398 us
[1442.616s][info][gc,stats       ]         WRP: Weak References       2398 us, workers (us): 1946, 204,  96, 152, 
[1442.616s][info][gc,stats       ]       Unload Classes               9412 us, parallelism: 3.94x
[1442.616s][info][gc,stats       ]         DCU: <total>              37121 us
[1442.616s][info][gc,stats       ]         DCU: Unload Code Caches    37121 us, workers (us): 9277, 9291, 9267, 9286, 
[1442.616s][info][gc,stats       ]       Weak Roots                    422 us, parallelism: 3.72x
[1442.616s][info][gc,stats       ]         DWR: <total>               1569 us
[1442.616s][info][gc,stats       ]         DWR: VM Weak Roots         1569 us, workers (us): 400, 401, 394, 374, 
[1442.616s][info][gc,stats       ]       CLDG                            2 us
[1442.616s][info][gc,stats       ]   Update Region States               50 us
[1442.616s][info][gc,stats       ]   Manage GC/TLABs                    18 us
[1442.616s][info][gc,stats       ]   Choose Collection Set              94 us
[1442.616s][info][gc,stats       ]   Rebuild Free Set                   11 us
[1442.616s][info][gc,stats       ]   Evacuation                      40511 us
[1442.616s][info][gc,stats       ]   Manage GCLABs                      16 us
[1442.616s][info][gc,stats       ]   Update References               46650 us
[1442.616s][info][gc,stats       ]   Update Region States               44 us
[1442.616s][info][gc,stats       ]   Trash Collection Set               12 us
[1442.616s][info][gc,stats       ]   Rebuild Free Set                   11 us
[1442.616s][info][gc,stats       ]   Degen Update Roots               6055 us, parallelism: 3.82x
[1442.616s][info][gc,stats       ]     DU: <total>                   23099 us
[1442.616s][info][gc,stats       ]     DU: Thread Roots                177 us, workers (us):  89,  33,   1,  55, 
[1442.616s][info][gc,stats       ]     DU: Code Cache Roots          17914 us, workers (us): 4430, 4445, 4575, 4464, 
[1442.616s][info][gc,stats       ]     DU: VM Strong Roots               6 us, workers (us):   6,   0,   0,   0, 
[1442.616s][info][gc,stats       ]     DU: VM Weak Roots              4504 us, workers (us): 1153, 1116, 1117, 1117, 
[1442.616s][info][gc,stats       ]     DU: CLDG Roots                  498 us, workers (us):  72, 111, 248,  68, 
[1442.616s][info][gc,stats       ]   Cleanup                            53 us
[1442.616s][info][gc,metaspace   ] Metaspace: 135146K(136192K)->135146K(136192K) NonClass: 114218K(114816K)->114218K(114816K) Class: 20927K(21376K)->20927K(21376K)
[1452.891s][info][gc             ] Failed to allocate TLAB, 4096K
[1452.891s][info][gc             ] Cancelling GC: Allocation Failure
[1452.891s][info][gc             ] Trigger: Handle Allocation Failure
[1452.891s][info][gc,ergo        ] Free: 0B, Max: 0B regular, 0B humongous, Frag: 0% external, 0% internal; Reserve: 412M, Max: 4096K
[1452.891s][info][gc,start       ] GC(134) Pause Degenerated GC (Outside of Cycle)
[1452.891s][info][gc,task        ] GC(134) Using 4 of 4 workers for stw degenerated gc
[1452.909s][info][gc,ref         ] GC(134) Clearing All SoftReferences
[1453.031s][info][gc,ref         ] GC(134) Encountered references: Soft: 3306, Weak: 22760, Final: 34, Phantom: 1180
[1453.031s][info][gc,ref         ] GC(134) Discovered  references: Soft: 2783, Weak: 13550, Final: 0, Phantom: 882
[1453.031s][info][gc,ref         ] GC(134) Enqueued    references: Soft: 7, Weak: 6, Final: 0, Phantom: 0
[1453.039s][info][gc,ergo        ] GC(134) CSet Selection. Actual Free: 5080M, Max CSet: 4233M
[1453.039s][info][gc,ergo        ] GC(134) Collectable Garbage: 7343M (99%), Immediate: 4668M (63%), CSet: 2675M (36%)
[1453.122s][info][gc,ergo        ] GC(134) Good progress for free space: 7336M, need 83886K
[1453.122s][info][gc,ergo        ] GC(134) Good progress for used space: 7336M, need 4096K
[1453.122s][info][gc             ] GC(134) Pause Degenerated GC (Outside of Cycle) 7779M->443M(8192M) 231.389ms
[1453.122s][info][gc,ergo        ] Free: 7328M, Max: 4096K regular, 6888M humongous, Frag: 7% external, 1% internal; Reserve: 412M, Max: 4096K
[1453.122s][info][gc,stats       ] 
[1453.122s][info][gc,stats       ] All times are wall-clock times, except per-root-class counters, that are sum over
[1453.122s][info][gc,stats       ] all workers. Dividing the <total> over the root stage time estimates parallelism.
[1453.122s][info][gc,stats       ] 
[1453.122s][info][gc,stats       ] Pause Degenerated GC (G)         231445 us
[1453.122s][info][gc,stats       ] Pause Degenerated GC (N)         231403 us
[1453.122s][info][gc,stats       ]   Degen STW Mark                 121281 us, parallelism: 3.91x
[1453.122s][info][gc,stats       ]     DSM: <total>                 474737 us
[1453.122s][info][gc,stats       ]     DSM: Thread Roots               531 us, workers (us): 153, 152, 113, 113, 
[1453.122s][info][gc,stats       ]     DSM: VM Strong Roots             45 us, workers (us):  17,   0,  13,  15, 
[1453.122s][info][gc,stats       ]     DSM: CLDG Roots                 374 us, workers (us):  50, 226,  50,  50, 
[1453.122s][info][gc,stats       ]     DSM: Parallel Mark           473787 us, workers (us): 118492, 118324, 118485, 118486, 
[1453.122s][info][gc,stats       ]     System Purge                   8901 us
[1453.122s][info][gc,stats       ]       Weak References              1276 us, parallelism: 1.27x
[1453.122s][info][gc,stats       ]         WRP: <total>               1619 us
[1453.122s][info][gc,stats       ]         WRP: Weak References       1619 us, workers (us): 315, 155, 1148,   0, 
[1453.122s][info][gc,stats       ]       Unload Classes               6846 us, parallelism: 3.93x
[1453.122s][info][gc,stats       ]         DCU: <total>              26916 us
[1453.122s][info][gc,stats       ]         DCU: Unload Code Caches    26916 us, workers (us): 6771, 6728, 6708, 6710, 
[1453.122s][info][gc,stats       ]       Weak Roots                    347 us, parallelism: 3.52x
[1453.122s][info][gc,stats       ]         DWR: <total>               1219 us
[1453.122s][info][gc,stats       ]         DWR: VM Weak Roots         1219 us, workers (us): 334, 300, 298, 287, 
[1453.123s][info][gc,stats       ]       CLDG                            3 us
[1453.123s][info][gc,stats       ]   Update Region States               54 us
[1453.123s][info][gc,stats       ]   Manage GC/TLABs                    12 us
[1453.123s][info][gc,stats       ]   Choose Collection Set              85 us
[1453.123s][info][gc,stats       ]   Rebuild Free Set                   12 us
[1453.123s][info][gc,stats       ]   Evacuation                      22262 us
[1453.123s][info][gc,stats       ]   Manage GCLABs                      19 us
[1453.123s][info][gc,stats       ]   Update References               53342 us
[1453.123s][info][gc,stats       ]   Update Region States               37 us
[1453.123s][info][gc,stats       ]   Trash Collection Set                8 us
[1453.123s][info][gc,stats       ]   Rebuild Free Set                   12 us
[1453.123s][info][gc,stats       ]   Degen Update Roots               5764 us, parallelism: 3.88x
[1453.123s][info][gc,stats       ]     DU: <total>                   22369 us
[1453.123s][info][gc,stats       ]     DU: Thread Roots                170 us, workers (us):  83,   1,  57,  29, 
[1453.123s][info][gc,stats       ]     DU: Code Cache Roots          17118 us, workers (us): 4242, 4340, 4267, 4268, 
[1453.123s][info][gc,stats       ]     DU: VM Strong Roots               8 us, workers (us):   2,   2,   2,   2, 
[1453.123s][info][gc,stats       ]     DU: VM Weak Roots              4648 us, workers (us): 1161, 1162, 1162, 1163, 
[1453.123s][info][gc,stats       ]     DU: CLDG Roots                  426 us, workers (us):  70, 190,  70,  96, 
[1453.123s][info][gc,stats       ]   Cleanup                            31 us
[1453.123s][info][gc,metaspace   ] Metaspace: 135146K(136192K)->135146K(136192K) NonClass: 114218K(114816K)->114218K(114816K) Class: 20927K(21376K)->20927K(21376K)
[1463.710s][info][gc             ] Failed to allocate TLAB, 4096K
[1463.710s][info][gc             ] Cancelling GC: Allocation Failure
[1463.711s][info][gc             ] Trigger: Handle Allocation Failure
[1463.711s][info][gc,ergo        ] Free: 0B, Max: 0B regular, 0B humongous, Frag: 0% external, 0% internal; Reserve: 412M, Max: 4096K
[1463.711s][info][gc,start       ] GC(135) Pause Degenerated GC (Outside of Cycle)
[1463.711s][info][gc,task        ] GC(135) Using 4 of 4 workers for stw degenerated gc
[1463.717s][info][gc,ref         ] GC(135) Clearing All SoftReferences
[1463.848s][info][gc,ref         ] GC(135) Encountered references: Soft: 3300, Weak: 22759, Final: 34, Phantom: 1186
[1463.848s][info][gc,ref         ] GC(135) Discovered  references: Soft: 2769, Weak: 12059, Final: 0, Phantom: 858
[1463.848s][info][gc,ref         ] GC(135) Enqueued    references: Soft: 1, Weak: 3, Final: 0, Phantom: 0
[1463.854s][info][gc,ergo        ] GC(135) CSet Selection. Actual Free: 2428M, Max CSet: 2023M
[1463.854s][info][gc,ergo        ] GC(135) Collectable Garbage: 7300M (99%), Immediate: 2016M (27%), CSet: 5284M (72%)
[1463.945s][info][gc,ergo        ] GC(135) Good progress for free space: 7296M, need 83886K
[1463.945s][info][gc,ergo        ] GC(135) Good progress for used space: 7296M, need 4096K
[1463.946s][info][gc             ] GC(135) Pause Degenerated GC (Outside of Cycle) 7779M->483M(8192M) 234.086ms
[1463.946s][info][gc,ergo        ] Free: 7284M, Max: 4096K regular, 6848M humongous, Frag: 6% external, 1% internal; Reserve: 412M, Max: 4096K
[1463.946s][info][gc,stats       ] 
[1463.946s][info][gc,stats       ] All times are wall-clock times, except per-root-class counters, that are sum over
[1463.946s][info][gc,stats       ] all workers. Dividing the <total> over the root stage time estimates parallelism.
[1463.946s][info][gc,stats       ] 
[1463.946s][info][gc,stats       ] Pause Degenerated GC (G)         234173 us
[1463.946s][info][gc,stats       ] Pause Degenerated GC (N)         234100 us
[1463.946s][info][gc,stats       ]   Degen STW Mark                 130264 us, parallelism: 3.94x
[1463.946s][info][gc,stats       ]     DSM: <total>                 512984 us
[1463.946s][info][gc,stats       ]     DSM: Thread Roots               446 us, workers (us): 120, 119, 118,  89, 
[1463.946s][info][gc,stats       ]     DSM: VM Strong Roots             27 us, workers (us):  10,   8,   0,   8, 
[1463.946s][info][gc,stats       ]     DSM: CLDG Roots                 299 us, workers (us):  41,  40, 177,  40, 
[1463.946s][info][gc,stats       ]     DSM: Parallel Mark           512212 us, workers (us): 128075, 128097, 127947, 128092, 
[1463.946s][info][gc,stats       ]     System Purge                   6970 us
[1463.946s][info][gc,stats       ]       Weak References              1117 us, parallelism: 1.10x
[1463.946s][info][gc,stats       ]         WRP: <total>               1227 us
[1463.946s][info][gc,stats       ]         WRP: Weak References       1227 us, workers (us): 183,  23,  33, 989, 
[1463.946s][info][gc,stats       ]       Unload Classes               5357 us, parallelism: 3.94x
[1463.946s][info][gc,stats       ]         DCU: <total>              21090 us
[1463.946s][info][gc,stats       ]         DCU: Unload Code Caches    21090 us, workers (us): 5293, 5283, 5262, 5251, 
[1463.946s][info][gc,stats       ]       Weak Roots                    292 us, parallelism: 3.27x
[1463.946s][info][gc,stats       ]         DWR: <total>                954 us
[1463.946s][info][gc,stats       ]         DWR: VM Weak Roots          954 us, workers (us): 248, 248, 229, 229, 
[1463.946s][info][gc,stats       ]       CLDG                            2 us
[1463.946s][info][gc,stats       ]   Update Region States               41 us
[1463.946s][info][gc,stats       ]   Manage GC/TLABs                     9 us
[1463.946s][info][gc,stats       ]   Choose Collection Set              65 us
[1463.946s][info][gc,stats       ]   Rebuild Free Set                   11 us
[1463.946s][info][gc,stats       ]   Evacuation                      36182 us
[1463.946s][info][gc,stats       ]   Manage GCLABs                       8 us
[1463.946s][info][gc,stats       ]   Update References               46882 us
[1463.946s][info][gc,stats       ]   Update Region States               55 us
[1463.946s][info][gc,stats       ]   Trash Collection Set               10 us
[1463.946s][info][gc,stats       ]   Rebuild Free Set                   13 us
[1463.946s][info][gc,stats       ]   Degen Update Roots               6029 us, parallelism: 3.86x
[1463.946s][info][gc,stats       ]     DU: <total>                   23244 us
[1463.946s][info][gc,stats       ]     DU: Thread Roots                174 us, workers (us):  16,  64,   1,  94, 
[1463.946s][info][gc,stats       ]     DU: Code Cache Roots          17013 us, workers (us): 4256, 4082, 4459, 4216, 
[1463.946s][info][gc,stats       ]     DU: VM Strong Roots               7 us, workers (us):   6,   0,   0,   0, 
[1463.946s][info][gc,stats       ]     DU: VM Weak Roots              5537 us, workers (us): 1412, 1377, 1374, 1374, 
[1463.946s][info][gc,stats       ]     DU: CLDG Roots                  513 us, workers (us): 116, 240,  79,  79, 
[1463.946s][info][gc,stats       ]   Cleanup                            51 us
[1463.946s][info][gc,metaspace   ] Metaspace: 135146K(136192K)->135146K(136192K) NonClass: 114219K(114816K)->114219K(114816K) Class: 20927K(21376K)->20927K(21376K)
[1473.789s][info][gc             ] Failed to allocate TLAB, 4096K
[1473.789s][info][gc             ] Cancelling GC: Allocation Failure
[1473.790s][info][gc             ] Trigger: Handle Allocation Failure
[1473.790s][info][gc,ergo        ] Free: 0B, Max: 0B regular, 0B humongous, Frag: 0% external, 0% internal; Reserve: 412M, Max: 4096K
[1473.790s][info][gc,start       ] GC(136) Pause Degenerated GC (Outside of Cycle)
[1473.790s][info][gc,task        ] GC(136) Using 4 of 4 workers for stw degenerated gc
[1473.804s][info][gc,ref         ] GC(136) Clearing All SoftReferences
[1473.922s][info][gc,ref         ] GC(136) Encountered references: Soft: 3300, Weak: 22757, Final: 34, Phantom: 1186
[1473.922s][info][gc,ref         ] GC(136) Discovered  references: Soft: 1892, Weak: 12256, Final: 0, Phantom: 859
[1473.922s][info][gc,ref         ] GC(136) Enqueued    references: Soft: 1, Weak: 1, Final: 0, Phantom: 0
[1473.928s][info][gc,ergo        ] GC(136) CSet Selection. Actual Free: 5296M, Max CSet: 4413M
[1473.928s][info][gc,ergo        ] GC(136) Collectable Garbage: 7345M (99%), Immediate: 4884M (66%), CSet: 2461M (33%)
[1473.994s][info][gc,ergo        ] GC(136) Good progress for free space: 7340M, need 83886K
[1473.994s][info][gc,ergo        ] GC(136) Good progress for used space: 7340M, need 4096K
[1473.994s][info][gc             ] GC(136) Pause Degenerated GC (Outside of Cycle) 7779M->439M(8192M) 203.806ms
[1473.994s][info][gc,ergo        ] Free: 7336M, Max: 4096K regular, 5036M humongous, Frag: 32% external, 1% internal; Reserve: 412M, Max: 4096K
[1473.994s][info][gc,stats       ] 
[1473.994s][info][gc,stats       ] All times are wall-clock times, except per-root-class counters, that are sum over
[1473.994s][info][gc,stats       ] all workers. Dividing the <total> over the root stage time estimates parallelism.
[1473.994s][info][gc,stats       ] 
[1473.994s][info][gc,stats       ] Pause Degenerated GC (G)         203880 us
[1473.994s][info][gc,stats       ] Pause Degenerated GC (N)         203819 us
[1473.994s][info][gc,stats       ]   Degen STW Mark                 116822 us, parallelism: 3.92x
[1473.994s][info][gc,stats       ]     DSM: <total>                 458426 us
[1473.994s][info][gc,stats       ]     DSM: Thread Roots               374 us, workers (us): 102, 102, 101,  68, 
[1473.994s][info][gc,stats       ]     DSM: VM Strong Roots             27 us, workers (us):   8,  10,   8,   0, 
[1473.994s][info][gc,stats       ]     DSM: CLDG Roots                 267 us, workers (us):  30,  30,  30, 177, 
[1473.994s][info][gc,stats       ]     DSM: Parallel Mark           457759 us, workers (us): 114472, 114486, 114470, 114331, 
[1473.994s][info][gc,stats       ]     System Purge                   7006 us
[1473.994s][info][gc,stats       ]       Weak References              1299 us, parallelism: 1.23x
[1473.994s][info][gc,stats       ]         WRP: <total>               1603 us
[1473.994s][info][gc,stats       ]         WRP: Weak References       1603 us, workers (us): 158, 168, 101, 1175, 
[1473.994s][info][gc,stats       ]       Unload Classes               5318 us, parallelism: 3.93x
[1473.994s][info][gc,stats       ]         DCU: <total>              20923 us
[1473.994s][info][gc,stats       ]         DCU: Unload Code Caches    20923 us, workers (us): 5256, 5255, 5213, 5199, 
[1473.994s][info][gc,stats       ]       Weak Roots                    241 us, parallelism: 3.50x
[1473.994s][info][gc,stats       ]         DWR: <total>                841 us
[1473.995s][info][gc,stats       ]         DWR: VM Weak Roots          841 us, workers (us): 229, 228, 201, 183, 
[1473.995s][info][gc,stats       ]       CLDG                            1 us
[1473.995s][info][gc,stats       ]   Update Region States               22 us
[1473.995s][info][gc,stats       ]   Manage GC/TLABs                     9 us
[1473.995s][info][gc,stats       ]   Choose Collection Set              68 us
[1473.995s][info][gc,stats       ]   Rebuild Free Set                   11 us
[1473.995s][info][gc,stats       ]   Evacuation                      17212 us
[1473.995s][info][gc,stats       ]   Manage GCLABs                       7 us
[1473.995s][info][gc,stats       ]   Update References               41140 us
[1473.995s][info][gc,stats       ]   Update Region States               38 us
[1473.995s][info][gc,stats       ]   Trash Collection Set               10 us
[1473.995s][info][gc,stats       ]   Rebuild Free Set                   12 us
[1473.995s][info][gc,stats       ]   Degen Update Roots               5746 us, parallelism: 3.87x
[1473.995s][info][gc,stats       ]     DU: <total>                   22259 us
[1473.995s][info][gc,stats       ]     DU: Thread Roots                156 us, workers (us):  93,   1,  55,   7, 
[1473.995s][info][gc,stats       ]     DU: Code Cache Roots          17105 us, workers (us): 4197, 4456, 4144, 4309, 
[1473.995s][info][gc,stats       ]     DU: VM Strong Roots               7 us, workers (us):   2,   2,   3,   0, 
[1473.995s][info][gc,stats       ]     DU: VM Weak Roots              4568 us, workers (us): 1147, 1150, 1149, 1121, 
[1473.995s][info][gc,stats       ]     DU: CLDG Roots                  423 us, workers (us):  98,  69, 185,  70, 
[1473.995s][info][gc,stats       ]   Cleanup                            29 us
[1473.995s][info][gc,metaspace   ] Metaspace: 135146K(136192K)->135146K(136192K) NonClass: 114219K(114816K)->114219K(114816K) Class: 20927K(21376K)->20927K(21376K)
[1485.151s][info][gc             ] Failed to allocate TLAB, 4096K
[1485.151s][info][gc             ] Cancelling GC: Allocation Failure
[1485.151s][info][gc             ] Trigger: Handle Allocation Failure
[1485.151s][info][gc,ergo        ] Free: 0B, Max: 0B regular, 0B humongous, Frag: 0% external, 0% internal; Reserve: 412M, Max: 4096K
[1485.151s][info][gc,start       ] GC(137) Pause Degenerated GC (Outside of Cycle)
[1485.151s][info][gc,task        ] GC(137) Using 4 of 4 workers for stw degenerated gc
[1485.158s][info][gc,ref         ] GC(137) Clearing All SoftReferences
[1485.284s][info][gc,ref         ] GC(137) Encountered references: Soft: 3306, Weak: 22768, Final: 34, Phantom: 1198
[1485.284s][info][gc,ref         ] GC(137) Discovered  references: Soft: 2780, Weak: 12160, Final: 0, Phantom: 867
[1485.284s][info][gc,ref         ] GC(137) Enqueued    references: Soft: 7, Weak: 8, Final: 0, Phantom: 0
[1485.290s][info][gc,ergo        ] GC(137) CSet Selection. Actual Free: 2536M, Max CSet: 2113M
[1485.290s][info][gc,ergo        ] GC(137) Collectable Garbage: 7294M (99%), Immediate: 2124M (29%), CSet: 5170M (70%)
[1485.432s][info][gc,ergo        ] GC(137) Good progress for free space: 7288M, need 83886K
[1485.432s][info][gc,ergo        ] GC(137) Good progress for used space: 7288M, need 4096K
[1485.432s][info][gc             ] GC(137) Pause Degenerated GC (Outside of Cycle) 7779M->491M(8192M) 281.192ms
[1485.433s][info][gc,ergo        ] Free: 7280M, Max: 4096K regular, 6840M humongous, Frag: 7% external, 1% internal; Reserve: 412M, Max: 4096K
[1485.433s][info][gc,stats       ] 
[1485.433s][info][gc,stats       ] All times are wall-clock times, except per-root-class counters, that are sum over
[1485.433s][info][gc,stats       ] all workers. Dividing the <total> over the root stage time estimates parallelism.
[1485.433s][info][gc,stats       ] 
[1485.433s][info][gc,stats       ] Pause Degenerated GC (G)         281390 us
[1485.433s][info][gc,stats       ] Pause Degenerated GC (N)         281213 us
[1485.433s][info][gc,stats       ]   Degen STW Mark                 124574 us, parallelism: 3.93x
[1485.433s][info][gc,stats       ]     DSM: <total>                 489805 us
[1485.433s][info][gc,stats       ]     DSM: Thread Roots               561 us, workers (us): 148, 147, 147, 119, 
[1485.433s][info][gc,stats       ]     DSM: VM Strong Roots             33 us, workers (us):  10,  12,   0,  10, 
[1485.433s][info][gc,stats       ]     DSM: CLDG Roots                 385 us, workers (us):  54,  54, 223,  54, 
[1485.433s][info][gc,stats       ]     DSM: Parallel Mark           488826 us, workers (us): 122254, 122238, 122082, 122252, 
[1485.433s][info][gc,stats       ]     System Purge                   7299 us
[1485.433s][info][gc,stats       ]       Weak References              1278 us, parallelism: 1.07x
[1485.433s][info][gc,stats       ]         WRP: <total>               1373 us
[1485.433s][info][gc,stats       ]         WRP: Weak References       1373 us, workers (us): 109, 1199,  65,   0, 
[1485.433s][info][gc,stats       ]       Unload Classes               5611 us, parallelism: 3.94x
[1485.433s][info][gc,stats       ]         DCU: <total>              22109 us
[1485.433s][info][gc,stats       ]         DCU: Unload Code Caches    22109 us, workers (us): 5527, 5539, 5529, 5514, 
[1485.433s][info][gc,stats       ]       Weak Roots                    242 us, parallelism: 3.70x
[1485.433s][info][gc,stats       ]         DWR: <total>                894 us
[1485.433s][info][gc,stats       ]         DWR: VM Weak Roots          894 us, workers (us): 230, 231, 230, 202, 
[1485.433s][info][gc,stats       ]       CLDG                            2 us
[1485.433s][info][gc,stats       ]   Update Region States               24 us
[1485.433s][info][gc,stats       ]   Manage GC/TLABs                    13 us
[1485.433s][info][gc,stats       ]   Choose Collection Set              68 us
[1485.433s][info][gc,stats       ]   Rebuild Free Set                   11 us
[1485.433s][info][gc,stats       ]   Evacuation                      53843 us
[1485.433s][info][gc,stats       ]   Manage GCLABs                      17 us
[1485.433s][info][gc,stats       ]   Update References               72345 us
[1485.433s][info][gc,stats       ]   Update Region States              133 us
[1485.433s][info][gc,stats       ]   Trash Collection Set               57 us
[1485.433s][info][gc,stats       ]   Rebuild Free Set                  126 us
[1485.433s][info][gc,stats       ]   Degen Update Roots              11626 us, parallelism: 3.90x
[1485.433s][info][gc,stats       ]     DU: <total>                   45293 us
[1485.433s][info][gc,stats       ]     DU: Thread Roots                579 us, workers (us): 246, 196, 138,   1, 
[1485.433s][info][gc,stats       ]     DU: Code Cache Roots          35113 us, workers (us): 8420, 8781, 8838, 9073, 
[1485.433s][info][gc,stats       ]     DU: VM Strong Roots               8 us, workers (us):   2,   2,   2,   1, 
[1485.433s][info][gc,stats       ]     DU: VM Weak Roots              8675 us, workers (us): 2171, 2169, 2169, 2166, 
[1485.433s][info][gc,stats       ]     DU: CLDG Roots                  917 us, workers (us): 439, 132, 131, 216, 
[1485.433s][info][gc,stats       ]   Cleanup                            75 us
[1485.433s][info][gc,metaspace   ] Metaspace: 135146K(136192K)->135146K(136192K) NonClass: 114219K(114816K)->114219K(114816K) Class: 20927K(21376K)->20927K(21376K)
[1495.586s][info][gc             ] Failed to allocate TLAB, 4096K
[1495.586s][info][gc             ] Cancelling GC: Allocation Failure
[1495.587s][info][gc             ] Trigger: Handle Allocation Failure
[1495.587s][info][gc,ergo        ] Free: 0B, Max: 0B regular, 0B humongous, Frag: 0% external, 0% internal; Reserve: 412M, Max: 4096K
[1495.587s][info][gc,start       ] GC(138) Pause Degenerated GC (Outside of Cycle)
[1495.587s][info][gc,task        ] GC(138) Using 4 of 4 workers for stw degenerated gc
[1495.599s][info][gc,ref         ] GC(138) Clearing All SoftReferences
[1495.702s][info][gc,ref         ] GC(138) Encountered references: Soft: 3300, Weak: 22761, Final: 34, Phantom: 1199
[1495.702s][info][gc,ref         ] GC(138) Discovered  references: Soft: 788, Weak: 12124, Final: 34, Phantom: 894
[1495.702s][info][gc,ref         ] GC(138) Enqueued    references: Soft: 1, Weak: 1, Final: 0, Phantom: 0
[1495.709s][info][gc,ergo        ] GC(138) CSet Selection. Actual Free: 4924M, Max CSet: 4103M
[1495.709s][info][gc,ergo        ] GC(138) Collectable Garbage: 7327M (99%), Immediate: 4512M (61%), CSet: 2815M (38%)
[1495.781s][info][gc,ergo        ] GC(138) Good progress for free space: 7320M, need 83886K
[1495.781s][info][gc,ergo        ] GC(138) Good progress for used space: 7320M, need 4096K
[1495.781s][info][gc             ] GC(138) Pause Degenerated GC (Outside of Cycle) 7779M->459M(8192M) 194.129ms
[1495.781s][info][gc,ergo        ] Free: 7316M, Max: 4096K regular, 6788M humongous, Frag: 8% external, 1% internal; Reserve: 412M, Max: 4096K
[1495.781s][info][gc,stats       ] 
[1495.781s][info][gc,stats       ] All times are wall-clock times, except per-root-class counters, that are sum over
[1495.781s][info][gc,stats       ] all workers. Dividing the <total> over the root stage time estimates parallelism.
[1495.781s][info][gc,stats       ] 
[1495.781s][info][gc,stats       ] Pause Degenerated GC (G)         194172 us
[1495.781s][info][gc,stats       ] Pause Degenerated GC (N)         194142 us
[1495.781s][info][gc,stats       ]   Degen STW Mark                 102210 us, parallelism: 3.90x
[1495.781s][info][gc,stats       ]     DSM: <total>                 399102 us
[1495.781s][info][gc,stats       ]     DSM: Thread Roots              1198 us, workers (us): 248, 248, 212, 490, 
[1495.781s][info][gc,stats       ]     DSM: VM Strong Roots             34 us, workers (us):  20,  14,   0,   0, 
[1495.781s][info][gc,stats       ]     DSM: CLDG Roots                 457 us, workers (us):  68,  68, 310,  11, 
[1495.782s][info][gc,stats       ]     DSM: Parallel Mark           397412 us, workers (us): 99456, 99464, 99237, 99254, 
[1495.782s][info][gc,stats       ]     System Purge                   7465 us
[1495.782s][info][gc,stats       ]       Weak References              1115 us, parallelism: 1.03x
[1495.782s][info][gc,stats       ]         WRP: <total>               1150 us
[1495.782s][info][gc,stats       ]         WRP: Weak References       1150 us, workers (us):  65, 1041,  44,   0, 
[1495.782s][info][gc,stats       ]       Unload Classes               5833 us, parallelism: 3.93x
[1495.782s][info][gc,stats       ]         DCU: <total>              22949 us
[1495.782s][info][gc,stats       ]         DCU: Unload Code Caches    22949 us, workers (us): 5764, 5727, 5738, 5721, 
[1495.782s][info][gc,stats       ]       Weak Roots                    243 us, parallelism: 3.39x
[1495.782s][info][gc,stats       ]         DWR: <total>                824 us
[1495.782s][info][gc,stats       ]         DWR: VM Weak Roots          824 us, workers (us): 233, 201, 202, 189, 
[1495.782s][info][gc,stats       ]       CLDG                            1 us
[1495.782s][info][gc,stats       ]   Update Region States               35 us
[1495.782s][info][gc,stats       ]   Manage GC/TLABs                     9 us
[1495.782s][info][gc,stats       ]   Choose Collection Set              76 us
[1495.782s][info][gc,stats       ]   Rebuild Free Set                   13 us
[1495.782s][info][gc,stats       ]   Evacuation                      22044 us
[1495.782s][info][gc,stats       ]   Manage GCLABs                       8 us
[1495.782s][info][gc,stats       ]   Update References               42912 us
[1495.782s][info][gc,stats       ]   Update Region States               35 us
[1495.782s][info][gc,stats       ]   Trash Collection Set               12 us
[1495.782s][info][gc,stats       ]   Rebuild Free Set                   13 us
[1495.782s][info][gc,stats       ]   Degen Update Roots               5598 us, parallelism: 3.89x
[1495.782s][info][gc,stats       ]     DU: <total>                   21767 us
[1495.782s][info][gc,stats       ]     DU: Thread Roots                156 us, workers (us):  63,   1,  91,   1, 
[1495.782s][info][gc,stats       ]     DU: Code Cache Roots          16873 us, workers (us): 4161, 4375, 4046, 4291, 
[1495.782s][info][gc,stats       ]     DU: VM Strong Roots               8 us, workers (us):   3,   3,   2,   0, 
[1495.782s][info][gc,stats       ]     DU: VM Weak Roots              4325 us, workers (us): 1087, 1087, 1089, 1063, 
[1495.782s][info][gc,stats       ]     DU: CLDG Roots                  405 us, workers (us):  93,  68, 177,  67, 
[1495.782s][info][gc,stats       ]   Cleanup                            32 us
[1495.782s][info][gc,metaspace   ] Metaspace: 135165K(136192K)->135165K(136192K) NonClass: 114237K(114816K)->114237K(114816K) Class: 20927K(21376K)->20927K(21376K)
[1508.219s][info][gc             ] Failed to allocate TLAB, 4096K
[1508.220s][info][gc             ] Cancelling GC: Allocation Failure
[1508.220s][info][gc             ] Trigger: Handle Allocation Failure
[1508.220s][info][gc,ergo        ] Free: 0B, Max: 0B regular, 0B humongous, Frag: 0% external, 0% internal; Reserve: 412M, Max: 4096K
[1508.221s][info][gc,start       ] GC(139) Pause Degenerated GC (Outside of Cycle)
[1508.221s][info][gc,task        ] GC(139) Using 4 of 4 workers for stw degenerated gc
[1508.226s][info][gc,ref         ] GC(139) Clearing All SoftReferences
[1508.351s][info][gc,ref         ] GC(139) Encountered references: Soft: 3306, Weak: 22771, Final: 34, Phantom: 1213
[1508.351s][info][gc,ref         ] GC(139) Discovered  references: Soft: 2786, Weak: 11944, Final: 0, Phantom: 904
[1508.351s][info][gc,ref         ] GC(139) Enqueued    references: Soft: 7, Weak: 6, Final: 0, Phantom: 0
[1508.357s][info][gc,ergo        ] GC(139) CSet Selection. Actual Free: 3192M, Max CSet: 2660M
[1508.357s][info][gc,ergo        ] GC(139) Collectable Garbage: 7325M (99%), Immediate: 2780M (37%), CSet: 4545M (61%)
[1508.441s][info][gc,ergo        ] GC(139) Good progress for free space: 7316M, need 83886K
[1508.441s][info][gc,ergo        ] GC(139) Good progress for used space: 7316M, need 4096K
[1508.441s][info][gc             ] GC(139) Pause Degenerated GC (Outside of Cycle) 7779M->463M(8192M) 220.603ms
[1508.441s][info][gc,ergo        ] Free: 7296M, Max: 4096K regular, 6868M humongous, Frag: 6% external, 1% internal; Reserve: 412M, Max: 4096K
[1508.441s][info][gc,stats       ] 
[1508.441s][info][gc,stats       ] All times are wall-clock times, except per-root-class counters, that are sum over
[1508.441s][info][gc,stats       ] all workers. Dividing the <total> over the root stage time estimates parallelism.
[1508.441s][info][gc,stats       ] 
[1508.441s][info][gc,stats       ] Pause Degenerated GC (G)         220692 us
[1508.441s][info][gc,stats       ] Pause Degenerated GC (N)         220617 us
[1508.441s][info][gc,stats       ]   Degen STW Mark                 123185 us, parallelism: 3.91x
[1508.441s][info][gc,stats       ]     DSM: <total>                 481213 us
[1508.441s][info][gc,stats       ]     DSM: Thread Roots               458 us, workers (us): 116, 115, 114, 113, 
[1508.441s][info][gc,stats       ]     DSM: VM Strong Roots             28 us, workers (us):   0,   8,  10,  11, 
[1508.441s][info][gc,stats       ]     DSM: CLDG Roots                 291 us, workers (us): 182,  36,  36,  36, 
[1508.441s][info][gc,stats       ]     DSM: Parallel Mark           480436 us, workers (us): 119999, 120155, 120146, 120136, 
[1508.441s][info][gc,stats       ]     System Purge                   7366 us
[1508.441s][info][gc,stats       ]       Weak References              1096 us, parallelism: 1.14x
[1508.441s][info][gc,stats       ]         WRP: <total>               1252 us
[1508.441s][info][gc,stats       ]         WRP: Weak References       1252 us, workers (us): 123,  22, 137, 971, 
[1508.441s][info][gc,stats       ]       Unload Classes               5620 us, parallelism: 3.93x
[1508.441s][info][gc,stats       ]         DCU: <total>              22085 us
[1508.441s][info][gc,stats       ]         DCU: Unload Code Caches    22085 us, workers (us): 5550, 5524, 5509, 5502, 
[1508.441s][info][gc,stats       ]       Weak Roots                    242 us, parallelism: 3.49x
[1508.441s][info][gc,stats       ]         DWR: <total>                842 us
[1508.442s][info][gc,stats       ]         DWR: VM Weak Roots          842 us, workers (us): 230, 228, 201, 184, 
[1508.442s][info][gc,stats       ]       CLDG                            3 us
[1508.442s][info][gc,stats       ]   Update Region States               36 us
[1508.442s][info][gc,stats       ]   Manage GC/TLABs                    10 us
[1508.442s][info][gc,stats       ]   Choose Collection Set              70 us
[1508.442s][info][gc,stats       ]   Rebuild Free Set                   11 us
[1508.442s][info][gc,stats       ]   Evacuation                      27113 us
[1508.442s][info][gc,stats       ]   Manage GCLABs                      13 us
[1508.442s][info][gc,stats       ]   Update References               47879 us
[1508.442s][info][gc,stats       ]   Update Region States               49 us
[1508.442s][info][gc,stats       ]   Trash Collection Set               18 us
[1508.442s][info][gc,stats       ]   Rebuild Free Set                   12 us
[1508.442s][info][gc,stats       ]   Degen Update Roots               6976 us, parallelism: 3.84x
[1508.442s][info][gc,stats       ]     DU: <total>                   26817 us
[1508.442s][info][gc,stats       ]     DU: Thread Roots                170 us, workers (us):  76,  55,   1,  37, 
[1508.442s][info][gc,stats       ]     DU: Code Cache Roots          18061 us, workers (us): 4490, 4377, 4665, 4529, 
[1508.442s][info][gc,stats       ]     DU: VM Strong Roots              15 us, workers (us):   8,   7,   0,   0, 
[1508.442s][info][gc,stats       ]     DU: VM Weak Roots              8074 us, workers (us): 2031, 2033, 2006, 2005, 
[1508.442s][info][gc,stats       ]     DU: CLDG Roots                  496 us, workers (us):  83, 216, 114,  83, 
[1508.442s][info][gc,stats       ]   Cleanup                            50 us
[1508.442s][info][gc,metaspace   ] Metaspace: 135170K(136192K)->135170K(136192K) NonClass: 114242K(114816K)->114242K(114816K) Class: 20927K(21376K)->20927K(21376K)
[1518.532s][info][gc             ] Failed to allocate TLAB, 4096K
[1518.532s][info][gc             ] Cancelling GC: Allocation Failure
[1518.532s][info][gc             ] Trigger: Handle Allocation Failure
[1518.532s][info][gc,ergo        ] Free: 0B, Max: 0B regular, 0B humongous, Frag: 0% external, 0% internal; Reserve: 412M, Max: 4096K
[1518.532s][info][gc,start       ] GC(140) Pause Degenerated GC (Outside of Cycle)
[1518.532s][info][gc,task        ] GC(140) Using 4 of 4 workers for stw degenerated gc
[1518.550s][info][gc,ref         ] GC(140) Clearing All SoftReferences
[1518.670s][info][gc,ref         ] GC(140) Encountered references: Soft: 3300, Weak: 22768, Final: 34, Phantom: 1213
[1518.670s][info][gc,ref         ] GC(140) Discovered  references: Soft: 2777, Weak: 11927, Final: 0, Phantom: 877
[1518.670s][info][gc,ref         ] GC(140) Enqueued    references: Soft: 1, Weak: 3, Final: 0, Phantom: 0
[1518.677s][info][gc,ergo        ] GC(140) CSet Selection. Actual Free: 3508M, Max CSet: 2923M
[1518.677s][info][gc,ergo        ] GC(140) Collectable Garbage: 7308M (99%), Immediate: 3096M (42%), CSet: 4212M (57%)
[1518.771s][info][gc,ergo        ] GC(140) Good progress for free space: 7296M, need 83886K
[1518.771s][info][gc,ergo        ] GC(140) Good progress for used space: 7296M, need 4096K
[1518.771s][info][gc             ] GC(140) Pause Degenerated GC (Outside of Cycle) 7779M->483M(8192M) 239.065ms
[1518.772s][info][gc,ergo        ] Free: 7288M, Max: 4096K regular, 6848M humongous, Frag: 7% external, 1% internal; Reserve: 412M, Max: 4096K
[1518.772s][info][gc,stats       ] 
[1518.772s][info][gc,stats       ] All times are wall-clock times, except per-root-class counters, that are sum over
[1518.772s][info][gc,stats       ] all workers. Dividing the <total> over the root stage time estimates parallelism.
[1518.772s][info][gc,stats       ] 
[1518.772s][info][gc,stats       ] Pause Degenerated GC (G)         239133 us
[1518.772s][info][gc,stats       ] Pause Degenerated GC (N)         239080 us
[1518.772s][info][gc,stats       ]   Degen STW Mark                 119094 us, parallelism: 3.92x
[1518.772s][info][gc,stats       ]     DSM: <total>                 466345 us
[1518.772s][info][gc,stats       ]     DSM: Thread Roots               785 us, workers (us): 205, 204, 201, 174, 
[1518.772s][info][gc,stats       ]     DSM: VM Strong Roots             78 us, workers (us):  23,  26,   0,  29, 
[1518.772s][info][gc,stats       ]     DSM: CLDG Roots                 780 us, workers (us): 119, 119, 423, 119, 
[1518.772s][info][gc,stats       ]     DSM: Parallel Mark           464702 us, workers (us): 116244, 116258, 115963, 116237, 
[1518.772s][info][gc,stats       ]     System Purge                   7113 us
[1518.772s][info][gc,stats       ]       Weak References              1120 us, parallelism: 1.15x
[1518.772s][info][gc,stats       ]         WRP: <total>               1283 us
[1518.772s][info][gc,stats       ]         WRP: Weak References       1283 us, workers (us): 1021, 113,  37, 113, 
[1518.772s][info][gc,stats       ]       Unload Classes               5444 us, parallelism: 3.94x
[1518.772s][info][gc,stats       ]         DCU: <total>              21468 us
[1518.772s][info][gc,stats       ]         DCU: Unload Code Caches    21468 us, workers (us): 5373, 5371, 5378, 5345, 
[1518.772s][info][gc,stats       ]       Weak Roots                    274 us, parallelism: 3.14x
[1518.772s][info][gc,stats       ]         DWR: <total>                858 us
[1518.772s][info][gc,stats       ]         DWR: VM Weak Roots          858 us, workers (us): 234, 234, 206, 183, 
[1518.772s][info][gc,stats       ]       CLDG                            3 us
[1518.772s][info][gc,stats       ]   Update Region States               66 us
[1518.772s][info][gc,stats       ]   Manage GC/TLABs                    11 us
[1518.772s][info][gc,stats       ]   Choose Collection Set              82 us
[1518.772s][info][gc,stats       ]   Rebuild Free Set                   12 us
[1518.772s][info][gc,stats       ]   Evacuation                      35457 us
[1518.772s][info][gc,stats       ]   Manage GCLABs                       9 us
[1518.772s][info][gc,stats       ]   Update References               50854 us
[1518.772s][info][gc,stats       ]   Update Region States               37 us
[1518.772s][info][gc,stats       ]   Trash Collection Set               14 us
[1518.772s][info][gc,stats       ]   Rebuild Free Set                   13 us
[1518.772s][info][gc,stats       ]   Degen Update Roots               6101 us, parallelism: 3.90x
[1518.772s][info][gc,stats       ]     DU: <total>                   23776 us
[1518.772s][info][gc,stats       ]     DU: Thread Roots                285 us, workers (us):   1, 113, 110,  61, 
[1518.772s][info][gc,stats       ]     DU: Code Cache Roots          18197 us, workers (us): 4709, 4389, 4525, 4574, 
[1518.772s][info][gc,stats       ]     DU: VM Strong Roots               7 us, workers (us):   3,   2,   2,   0, 
[1518.772s][info][gc,stats       ]     DU: VM Weak Roots              4840 us, workers (us): 1215, 1216, 1216, 1193, 
[1518.772s][info][gc,stats       ]     DU: CLDG Roots                  446 us, workers (us): 102, 204,  72,  68, 
[1518.772s][info][gc,stats       ]   Cleanup                            43 us
[1518.772s][info][gc,metaspace   ] Metaspace: 135173K(136192K)->135173K(136192K) NonClass: 114245K(114816K)->114245K(114816K) Class: 20927K(21376K)->20927K(21376K)
[1529.157s][info][gc             ] Failed to allocate TLAB, 4096K
[1529.157s][info][gc             ] Cancelling GC: Allocation Failure
[1529.158s][info][gc             ] Trigger: Handle Allocation Failure
[1529.158s][info][gc,ergo        ] Free: 0B, Max: 0B regular, 0B humongous, Frag: 0% external, 0% internal; Reserve: 412M, Max: 4096K
[1529.158s][info][gc,start       ] GC(141) Pause Degenerated GC (Outside of Cycle)
[1529.158s][info][gc,task        ] GC(141) Using 4 of 4 workers for stw degenerated gc
[1529.169s][info][gc,ref         ] GC(141) Clearing All SoftReferences
[1529.295s][info][gc,ref         ] GC(141) Encountered references: Soft: 3301, Weak: 22768, Final: 34, Phantom: 1216
[1529.295s][info][gc,ref         ] GC(141) Discovered  references: Soft: 2780, Weak: 12102, Final: 0, Phantom: 878
[1529.295s][info][gc,ref         ] GC(141) Enqueued    references: Soft: 2, Weak: 2, Final: 0, Phantom: 0
[1529.302s][info][gc,ergo        ] GC(141) CSet Selection. Actual Free: 3180M, Max CSet: 2650M
[1529.302s][info][gc,ergo        ] GC(141) Collectable Garbage: 7325M (99%), Immediate: 2768M (37%), CSet: 4557M (61%)
[1529.389s][info][gc,ergo        ] GC(141) Good progress for free space: 7320M, need 83886K
[1529.389s][info][gc,ergo        ] GC(141) Good progress for used space: 7320M, need 4096K
[1529.389s][info][gc             ] GC(141) Pause Degenerated GC (Outside of Cycle) 7779M->459M(8192M) 230.463ms
[1529.389s][info][gc,ergo        ] Free: 7316M, Max: 4096K regular, 6872M humongous, Frag: 7% external, 1% internal; Reserve: 412M, Max: 4096K
[1529.389s][info][gc,stats       ] 
[1529.389s][info][gc,stats       ] All times are wall-clock times, except per-root-class counters, that are sum over
[1529.389s][info][gc,stats       ] all workers. Dividing the <total> over the root stage time estimates parallelism.
[1529.389s][info][gc,stats       ] 
[1529.389s][info][gc,stats       ] Pause Degenerated GC (G)         230563 us
[1529.389s][info][gc,stats       ] Pause Degenerated GC (N)         230477 us
[1529.389s][info][gc,stats       ]   Degen STW Mark                 124198 us, parallelism: 3.91x
[1529.389s][info][gc,stats       ]     DSM: <total>                 485700 us
[1529.389s][info][gc,stats       ]     DSM: Thread Roots               559 us, workers (us): 157, 157, 123, 123, 
[1529.389s][info][gc,stats       ]     DSM: VM Strong Roots             45 us, workers (us):  16,   0,  13,  16, 
[1529.389s][info][gc,stats       ]     DSM: CLDG Roots                 435 us, workers (us):  62, 248,  62,  62, 
[1529.389s][info][gc,stats       ]     DSM: Parallel Mark           484661 us, workers (us): 121212, 121030, 121218, 121201, 
[1529.389s][info][gc,stats       ]     System Purge                   8865 us
[1529.389s][info][gc,stats       ]       Weak References              1476 us, parallelism: 1.16x
[1529.389s][info][gc,stats       ]         WRP: <total>               1712 us
[1529.389s][info][gc,stats       ]         WRP: Weak References       1712 us, workers (us): 285,  62,  32, 1334, 
[1529.389s][info][gc,stats       ]       Unload Classes               6903 us, parallelism: 3.93x
[1529.389s][info][gc,stats       ]         DCU: <total>              27114 us
[1529.389s][info][gc,stats       ]         DCU: Unload Code Caches    27114 us, workers (us): 6782, 6784, 6780, 6768, 
[1529.389s][info][gc,stats       ]       Weak Roots                    417 us, parallelism: 3.78x
[1529.389s][info][gc,stats       ]         DWR: <total>               1574 us
[1529.389s][info][gc,stats       ]         DWR: VM Weak Roots         1574 us, workers (us): 403, 400, 399, 372, 
[1529.389s][info][gc,stats       ]       CLDG                            1 us
[1529.389s][info][gc,stats       ]   Update Region States               42 us
[1529.389s][info][gc,stats       ]   Manage GC/TLABs                     9 us
[1529.389s][info][gc,stats       ]   Choose Collection Set              75 us
[1529.389s][info][gc,stats       ]   Rebuild Free Set                   11 us
[1529.389s][info][gc,stats       ]   Evacuation                      33563 us
[1529.389s][info][gc,stats       ]   Manage GCLABs                      14 us
[1529.389s][info][gc,stats       ]   Update References               44987 us
[1529.389s][info][gc,stats       ]   Update Region States               56 us
[1529.389s][info][gc,stats       ]   Trash Collection Set               17 us
[1529.389s][info][gc,stats       ]   Rebuild Free Set                   12 us
[1529.389s][info][gc,stats       ]   Degen Update Roots               5884 us, parallelism: 3.87x
[1529.389s][info][gc,stats       ]     DU: <total>                   22754 us
[1529.389s][info][gc,stats       ]     DU: Thread Roots                166 us, workers (us):  72,  31,   1,  62, 
[1529.389s][info][gc,stats       ]     DU: Code Cache Roots          17251 us, workers (us): 4291, 4301, 4496, 4164, 
[1529.389s][info][gc,stats       ]     DU: VM Strong Roots               6 us, workers (us):   6,   0,   0,   0, 
[1529.389s][info][gc,stats       ]     DU: VM Weak Roots              4883 us, workers (us): 1244, 1217, 1217, 1205, 
[1529.389s][info][gc,stats       ]     DU: CLDG Roots                  448 us, workers (us):  71, 101,  71, 205, 
[1529.389s][info][gc,stats       ]   Cleanup                            45 us
[1529.389s][info][gc,metaspace   ] Metaspace: 135173K(136192K)->135173K(136192K) NonClass: 114245K(114816K)->114245K(114816K) Class: 20927K(21376K)->20927K(21376K)
[1538.600s][info][gc             ] Failed to allocate TLAB, 4096K
[1538.600s][info][gc             ] Cancelling GC: Allocation Failure
[1538.601s][info][gc             ] Trigger: Handle Allocation Failure
[1538.601s][info][gc,ergo        ] Free: 0B, Max: 0B regular, 0B humongous, Frag: 0% external, 0% internal; Reserve: 412M, Max: 4096K
[1538.601s][info][gc,start       ] GC(142) Pause Degenerated GC (Outside of Cycle)
[1538.601s][info][gc,task        ] GC(142) Using 4 of 4 workers for stw degenerated gc
[1538.619s][info][gc,ref         ] GC(142) Clearing All SoftReferences
[1538.728s][info][gc,ref         ] GC(142) Encountered references: Soft: 3307, Weak: 22772, Final: 34, Phantom: 1220
[1538.728s][info][gc,ref         ] GC(142) Discovered  references: Soft: 792, Weak: 12225, Final: 2, Phantom: 908
[1538.728s][info][gc,ref         ] GC(142) Enqueued    references: Soft: 7, Weak: 4, Final: 0, Phantom: 0
[1538.734s][info][gc,ergo        ] GC(142) CSet Selection. Actual Free: 2728M, Max CSet: 2273M
[1538.734s][info][gc,ergo        ] GC(142) Collectable Garbage: 7289M (99%), Immediate: 2316M (31%), CSet: 4973M (67%)
[1538.828s][info][gc,ergo        ] GC(142) Good progress for free space: 7284M, need 83886K
[1538.828s][info][gc,ergo        ] GC(142) Good progress for used space: 7284M, need 4096K
[1538.828s][info][gc             ] GC(142) Pause Degenerated GC (Outside of Cycle) 7779M->495M(8192M) 227.640ms
[1538.829s][info][gc,ergo        ] Free: 7276M, Max: 4096K regular, 6836M humongous, Frag: 7% external, 1% internal; Reserve: 412M, Max: 4096K
[1538.829s][info][gc,stats       ] 
[1538.829s][info][gc,stats       ] All times are wall-clock times, except per-root-class counters, that are sum over
[1538.829s][info][gc,stats       ] all workers. Dividing the <total> over the root stage time estimates parallelism.
[1538.829s][info][gc,stats       ] 
[1538.829s][info][gc,stats       ] Pause Degenerated GC (G)         227750 us
[1538.829s][info][gc,stats       ] Pause Degenerated GC (N)         227654 us
[1538.829s][info][gc,stats       ]   Degen STW Mark                 108409 us, parallelism: 3.92x
[1538.829s][info][gc,stats       ]     DSM: <total>                 425450 us
[1538.829s][info][gc,stats       ]     DSM: Thread Roots               868 us, workers (us): 193, 152, 151, 371, 
[1538.829s][info][gc,stats       ]     DSM: VM Strong Roots             29 us, workers (us):  13,   0,  16,   0, 
[1538.829s][info][gc,stats       ]     DSM: CLDG Roots                 342 us, workers (us):  53, 226,  53,  10, 
[1538.829s][info][gc,stats       ]     DSM: Parallel Mark           424212 us, workers (us): 106134, 105969, 106143, 105965, 
[1538.829s][info][gc,stats       ]     System Purge                   7106 us
[1538.829s][info][gc,stats       ]       Weak References              1167 us, parallelism: 1.11x
[1538.829s][info][gc,stats       ]         WRP: <total>               1299 us
[1538.829s][info][gc,stats       ]         WRP: Weak References       1299 us, workers (us): 1044, 120,  69,  66, 
[1538.829s][info][gc,stats       ]       Unload Classes               5547 us, parallelism: 3.90x
[1538.829s][info][gc,stats       ]         DCU: <total>              21620 us
[1538.829s][info][gc,stats       ]         DCU: Unload Code Caches    21620 us, workers (us): 5421, 5398, 5403, 5398, 
[1538.829s][info][gc,stats       ]       Weak Roots                    262 us, parallelism: 3.35x
[1538.829s][info][gc,stats       ]         DWR: <total>                880 us
[1538.829s][info][gc,stats       ]         DWR: VM Weak Roots          880 us, workers (us): 249, 222, 205, 205, 
[1538.829s][info][gc,stats       ]       CLDG                            1 us
[1538.829s][info][gc,stats       ]   Update Region States               39 us
[1538.829s][info][gc,stats       ]   Manage GC/TLABs                    10 us
[1538.829s][info][gc,stats       ]   Choose Collection Set              63 us
[1538.829s][info][gc,stats       ]   Rebuild Free Set                   12 us
[1538.829s][info][gc,stats       ]   Evacuation                      39793 us
[1538.829s][info][gc,stats       ]   Manage GCLABs                       8 us
[1538.829s][info][gc,stats       ]   Update References               46980 us
[1538.829s][info][gc,stats       ]   Update Region States               35 us
[1538.829s][info][gc,stats       ]   Trash Collection Set               16 us
[1538.829s][info][gc,stats       ]   Rebuild Free Set                   13 us
[1538.829s][info][gc,stats       ]   Degen Update Roots               5694 us, parallelism: 3.91x
[1538.829s][info][gc,stats       ]     DU: <total>                   22277 us
[1538.829s][info][gc,stats       ]     DU: Thread Roots                153 us, workers (us):   1, 138,  13,   1, 
[1538.829s][info][gc,stats       ]     DU: Code Cache Roots          17291 us, workers (us): 4446, 4242, 4337, 4267, 
[1538.829s][info][gc,stats       ]     DU: VM Strong Roots               7 us, workers (us):   4,   3,   0,   0, 
[1538.829s][info][gc,stats       ]     DU: VM Weak Roots              4361 us, workers (us): 1108, 1108, 1072, 1073, 
[1538.829s][info][gc,stats       ]     DU: CLDG Roots                  465 us, workers (us):  70,  69,  98, 228, 
[1538.829s][info][gc,stats       ]   Cleanup                            48 us
[1538.829s][info][gc,metaspace   ] Metaspace: 135173K(136192K)->135173K(136192K) NonClass: 114245K(114816K)->114245K(114816K) Class: 20927K(21376K)->20927K(21376K)
[1549.700s][info][gc             ] Failed to allocate TLAB, 4096K
[1549.700s][info][gc             ] Cancelling GC: Allocation Failure
[1549.700s][info][gc             ] Trigger: Handle Allocation Failure
[1549.700s][info][gc,ergo        ] Free: 0B, Max: 0B regular, 0B humongous, Frag: 0% external, 0% internal; Reserve: 412M, Max: 4096K
[1549.700s][info][gc,start       ] GC(143) Pause Degenerated GC (Outside of Cycle)
[1549.700s][info][gc,task        ] GC(143) Using 4 of 4 workers for stw degenerated gc
[1549.711s][info][gc,ref         ] GC(143) Clearing All SoftReferences
[1549.859s][info][gc,ref         ] GC(143) Encountered references: Soft: 3302, Weak: 22772, Final: 34, Phantom: 1219
[1549.859s][info][gc,ref         ] GC(143) Discovered  references: Soft: 1292, Weak: 12596, Final: 0, Phantom: 881
[1549.859s][info][gc,ref         ] GC(143) Enqueued    references: Soft: 3, Weak: 5, Final: 0, Phantom: 0
[1549.883s][info][gc,ergo        ] GC(143) CSet Selection. Actual Free: 3100M, Max CSet: 2583M
[1549.883s][info][gc,ergo        ] GC(143) Collectable Garbage: 7320M (99%), Immediate: 2688M (36%), CSet: 4632M (63%)
[1549.990s][info][gc,ergo        ] GC(143) Good progress for free space: 7308M, need 83886K
[1549.990s][info][gc,ergo        ] GC(143) Good progress for used space: 7308M, need 4096K
[1549.990s][info][gc             ] GC(143) Pause Degenerated GC (Outside of Cycle) 7779M->471M(8192M) 289.510ms
[1549.990s][info][gc,ergo        ] Free: 7300M, Max: 4096K regular, 6860M humongous, Frag: 7% external, 1% internal; Reserve: 412M, Max: 4096K
[1549.990s][info][gc,stats       ] 
[1549.990s][info][gc,stats       ] All times are wall-clock times, except per-root-class counters, that are sum over
[1549.990s][info][gc,stats       ] all workers. Dividing the <total> over the root stage time estimates parallelism.
[1549.990s][info][gc,stats       ] 
[1549.990s][info][gc,stats       ] Pause Degenerated GC (G)         289582 us
[1549.990s][info][gc,stats       ] Pause Degenerated GC (N)         289525 us
[1549.990s][info][gc,stats       ]   Degen STW Mark                 146855 us, parallelism: 3.94x
[1549.990s][info][gc,stats       ]     DSM: <total>                 579145 us
[1549.990s][info][gc,stats       ]     DSM: Thread Roots               470 us, workers (us): 150, 120, 101,  99, 
[1549.990s][info][gc,stats       ]     DSM: VM Strong Roots             29 us, workers (us):  12,   0,   9,   9, 
[1549.990s][info][gc,stats       ]     DSM: CLDG Roots                 319 us, workers (us):  35, 215,  35,  35, 
[1549.990s][info][gc,stats       ]     DSM: Parallel Mark           578328 us, workers (us): 144624, 144445, 144633, 144625, 
[1549.990s][info][gc,stats       ]     System Purge                  24177 us
[1549.990s][info][gc,stats       ]       Weak References              1260 us, parallelism: 1.13x
[1549.990s][info][gc,stats       ]         WRP: <total>               1421 us
[1549.990s][info][gc,stats       ]         WRP: Weak References       1421 us, workers (us): 1178, 110, 133,   0, 
[1549.990s][info][gc,stats       ]       Unload Classes              21962 us, parallelism: 3.94x
[1549.990s][info][gc,stats       ]         DCU: <total>              86440 us
[1549.990s][info][gc,stats       ]         DCU: Unload Code Caches    40842 us, workers (us): 10199, 10233, 10193, 10218, 
[1549.990s][info][gc,stats       ]         DCU: Unlink CLDs          45598 us, workers (us): 11416, 11393, 11411, 11378, 
[1549.990s][info][gc,stats       ]       Weak Roots                    239 us, parallelism: 3.77x
[1549.990s][info][gc,stats       ]         DWR: <total>                902 us
[1549.990s][info][gc,stats       ]         DWR: VM Weak Roots          902 us, workers (us): 226, 226, 225, 225, 
[1549.990s][info][gc,stats       ]       CLDG                           24 us
[1549.990s][info][gc,stats       ]   Update Region States              113 us
[1549.990s][info][gc,stats       ]   Manage GC/TLABs                    18 us
[1549.990s][info][gc,stats       ]   Choose Collection Set             155 us
[1549.990s][info][gc,stats       ]   Rebuild Free Set                   11 us
[1549.990s][info][gc,stats       ]   Evacuation                      43571 us
[1549.990s][info][gc,stats       ]   Manage GCLABs                       8 us
[1549.990s][info][gc,stats       ]   Update References               55374 us
[1549.990s][info][gc,stats       ]   Update Region States               22 us
[1549.990s][info][gc,stats       ]   Trash Collection Set               14 us
[1549.990s][info][gc,stats       ]   Rebuild Free Set                   11 us
[1549.990s][info][gc,stats       ]   Degen Update Roots               6165 us, parallelism: 3.88x
[1549.990s][info][gc,stats       ]     DU: <total>                   23918 us
[1549.990s][info][gc,stats       ]     DU: Thread Roots                174 us, workers (us): 104,  21,  48,   1, 
[1549.990s][info][gc,stats       ]     DU: Code Cache Roots          17417 us, workers (us): 4269, 4379, 4238, 4531, 
[1549.990s][info][gc,stats       ]     DU: VM Strong Roots               8 us, workers (us):   4,   2,   2,   0, 
[1549.990s][info][gc,stats       ]     DU: VM Weak Roots              5895 us, workers (us): 1485, 1485, 1484, 1441, 
[1549.990s][info][gc,stats       ]     DU: CLDG Roots                  424 us, workers (us):  97,  71, 185,  72, 
[1549.990s][info][gc,stats       ]   Cleanup                            46 us
[1549.990s][info][gc,metaspace   ] Metaspace: 135177K(136192K)->135176K(136192K) NonClass: 114250K(114816K)->114248K(114816K) Class: 20927K(21376K)->20927K(21376K)
[1561.778s][info][gc             ] Failed to allocate TLAB, 4096K
[1561.778s][info][gc             ] Cancelling GC: Allocation Failure
[1561.778s][info][gc             ] Trigger: Handle Allocation Failure
[1561.778s][info][gc,ergo        ] Free: 0B, Max: 0B regular, 0B humongous, Frag: 0% external, 0% internal; Reserve: 412M, Max: 4096K
[1561.778s][info][gc,start       ] GC(144) Pause Degenerated GC (Outside of Cycle)
[1561.778s][info][gc,task        ] GC(144) Using 4 of 4 workers for stw degenerated gc
[1561.791s][info][gc,ref         ] GC(144) Clearing All SoftReferences
[1561.931s][info][gc,ref         ] GC(144) Encountered references: Soft: 3300, Weak: 22774, Final: 34, Phantom: 1228
[1561.931s][info][gc,ref         ] GC(144) Discovered  references: Soft: 2780, Weak: 12084, Final: 0, Phantom: 885
[1561.931s][info][gc,ref         ] GC(144) Enqueued    references: Soft: 1, Weak: 4, Final: 0, Phantom: 0
[1561.938s][info][gc,ergo        ] GC(144) CSet Selection. Actual Free: 2324M, Max CSet: 1936M
[1561.938s][info][gc,ergo        ] GC(144) Collectable Garbage: 7291M (99%), Immediate: 1912M (26%), CSet: 5379M (73%)
[1562.036s][info][gc,ergo        ] GC(144) Good progress for free space: 7280M, need 83886K
[1562.036s][info][gc,ergo        ] GC(144) Good progress for used space: 7280M, need 4096K
[1562.036s][info][gc             ] GC(144) Pause Degenerated GC (Outside of Cycle) 7779M->499M(8192M) 258.012ms
[1562.036s][info][gc,ergo        ] Free: 7280M, Max: 4096K regular, 6832M humongous, Frag: 7% external, 1% internal; Reserve: 412M, Max: 4096K
[1562.036s][info][gc,stats       ] 
[1562.036s][info][gc,stats       ] All times are wall-clock times, except per-root-class counters, that are sum over
[1562.036s][info][gc,stats       ] all workers. Dividing the <total> over the root stage time estimates parallelism.
[1562.036s][info][gc,stats       ] 
[1562.036s][info][gc,stats       ] Pause Degenerated GC (G)         258069 us
[1562.036s][info][gc,stats       ] Pause Degenerated GC (N)         258027 us
[1562.036s][info][gc,stats       ]   Degen STW Mark                 139591 us, parallelism: 3.92x
[1562.036s][info][gc,stats       ]     DSM: <total>                 547138 us
[1562.036s][info][gc,stats       ]     DSM: Thread Roots               445 us, workers (us): 131, 131, 101,  81, 
[1562.036s][info][gc,stats       ]     DSM: VM Strong Roots             27 us, workers (us):   9,  10,   7,   0, 
[1562.036s][info][gc,stats       ]     DSM: CLDG Roots                 297 us, workers (us):  38,  37,  37, 184, 
[1562.036s][info][gc,stats       ]     DSM: Parallel Mark           546370 us, workers (us): 136621, 136630, 136633, 136486, 
[1562.036s][info][gc,stats       ]     System Purge                   7385 us
[1562.036s][info][gc,stats       ]       Weak References              1202 us, parallelism: 1.11x
[1562.036s][info][gc,stats       ]         WRP: <total>               1340 us
[1562.036s][info][gc,stats       ]         WRP: Weak References       1340 us, workers (us): 129, 1079,  94,  37, 
[1562.036s][info][gc,stats       ]       Unload Classes               5577 us, parallelism: 3.93x
[1562.036s][info][gc,stats       ]         DCU: <total>              21927 us
[1562.036s][info][gc,stats       ]         DCU: Unload Code Caches    21927 us, workers (us): 5515, 5485, 5463, 5465, 
[1562.036s][info][gc,stats       ]       Weak Roots                    290 us, parallelism: 3.28x
[1562.036s][info][gc,stats       ]         DWR: <total>                951 us
[1562.036s][info][gc,stats       ]         DWR: VM Weak Roots          951 us, workers (us): 245, 245, 230, 231, 
[1562.036s][info][gc,stats       ]       CLDG                            2 us
[1562.036s][info][gc,stats       ]   Update Region States               65 us
[1562.037s][info][gc,stats       ]   Manage GC/TLABs                     9 us
[1562.037s][info][gc,stats       ]   Choose Collection Set              65 us
[1562.037s][info][gc,stats       ]   Rebuild Free Set                   11 us
[1562.037s][info][gc,stats       ]   Evacuation                      38016 us
[1562.037s][info][gc,stats       ]   Manage GCLABs                      15 us
[1562.037s][info][gc,stats       ]   Update References               52669 us
[1562.037s][info][gc,stats       ]   Update Region States               87 us
[1562.037s][info][gc,stats       ]   Trash Collection Set               14 us
[1562.037s][info][gc,stats       ]   Rebuild Free Set                   11 us
[1562.037s][info][gc,stats       ]   Degen Update Roots               5699 us, parallelism: 3.89x
[1562.037s][info][gc,stats       ]     DU: <total>                   22179 us
[1562.037s][info][gc,stats       ]     DU: Thread Roots                162 us, workers (us):  79,   1,  82,   1, 
[1562.037s][info][gc,stats       ]     DU: Code Cache Roots          17231 us, workers (us): 4266, 4431, 4155, 4379, 
[1562.037s][info][gc,stats       ]     DU: VM Strong Roots               8 us, workers (us):   4,   4,   0,   0, 
[1562.037s][info][gc,stats       ]     DU: VM Weak Roots              4353 us, workers (us): 1101, 1103, 1074, 1076, 
[1562.037s][info][gc,stats       ]     DU: CLDG Roots                  425 us, workers (us):  93,  67, 199,  66, 
[1562.037s][info][gc,stats       ]   Cleanup                            52 us
[1562.037s][info][gc,metaspace   ] Metaspace: 135182K(136256K)->135182K(136256K) NonClass: 114255K(114880K)->114255K(114880K) Class: 20927K(21376K)->20927K(21376K)
[1570.512s][info][gc             ] Failed to allocate TLAB, 4096K
[1570.512s][info][gc             ] Cancelling GC: Allocation Failure
[1570.513s][info][gc             ] Trigger: Handle Allocation Failure
[1570.513s][info][gc,ergo        ] Free: 0B, Max: 0B regular, 0B humongous, Frag: 0% external, 0% internal; Reserve: 412M, Max: 4096K
[1570.513s][info][gc,start       ] GC(145) Pause Degenerated GC (Outside of Cycle)
[1570.513s][info][gc,task        ] GC(145) Using 4 of 4 workers for stw degenerated gc
[1570.526s][info][gc,ref         ] GC(145) Clearing All SoftReferences
[1570.629s][info][gc,ref         ] GC(145) Encountered references: Soft: 3306, Weak: 22773, Final: 34, Phantom: 1228
[1570.629s][info][gc,ref         ] GC(145) Discovered  references: Soft: 2774, Weak: 13745, Final: 0, Phantom: 913
[1570.629s][info][gc,ref         ] GC(145) Enqueued    references: Soft: 7, Weak: 3, Final: 0, Phantom: 0
[1570.636s][info][gc,ergo        ] GC(145) CSet Selection. Actual Free: 3848M, Max CSet: 3206M
[1570.636s][info][gc,ergo        ] GC(145) Collectable Garbage: 7311M (99%), Immediate: 3436M (46%), CSet: 3875M (52%)
[1570.718s][info][gc,ergo        ] GC(145) Good progress for free space: 7304M, need 83886K
[1570.718s][info][gc,ergo        ] GC(145) Good progress for used space: 7304M, need 4096K
[1570.718s][info][gc             ] GC(145) Pause Degenerated GC (Outside of Cycle) 7779M->475M(8192M) 205.498ms
[1570.718s][info][gc,ergo        ] Free: 7292M, Max: 4096K regular, 6856M humongous, Frag: 6% external, 1% internal; Reserve: 412M, Max: 4096K
[1570.719s][info][gc,stats       ] 
[1570.719s][info][gc,stats       ] All times are wall-clock times, except per-root-class counters, that are sum over
[1570.719s][info][gc,stats       ] all workers. Dividing the <total> over the root stage time estimates parallelism.
[1570.719s][info][gc,stats       ] 
[1570.719s][info][gc,stats       ] Pause Degenerated GC (G)         205601 us
[1570.719s][info][gc,stats       ] Pause Degenerated GC (N)         205512 us
[1570.719s][info][gc,stats       ]   Degen STW Mark                 102222 us, parallelism: 3.92x
[1570.719s][info][gc,stats       ]     DSM: <total>                 400285 us
[1570.719s][info][gc,stats       ]     DSM: Thread Roots               420 us, workers (us): 114, 113, 110,  83, 
[1570.719s][info][gc,stats       ]     DSM: VM Strong Roots             27 us, workers (us):   8,  10,   0,   8, 
[1570.719s][info][gc,stats       ]     DSM: CLDG Roots                 296 us, workers (us):  39,  39, 179,  39, 
[1570.719s][info][gc,stats       ]     DSM: Parallel Mark           399542 us, workers (us): 99914, 99920, 99783, 99924, 
[1570.719s][info][gc,stats       ]     System Purge                   7599 us
[1570.719s][info][gc,stats       ]       Weak References              1262 us, parallelism: 1.24x
[1570.719s][info][gc,stats       ]         WRP: <total>               1569 us
[1570.719s][info][gc,stats       ]         WRP: Weak References       1569 us, workers (us): 1155, 125, 272,  17, 
[1570.719s][info][gc,stats       ]       Unload Classes               5727 us, parallelism: 3.94x
[1570.719s][info][gc,stats       ]         DCU: <total>              22557 us
[1570.719s][info][gc,stats       ]         DCU: Unload Code Caches    22557 us, workers (us): 5652, 5656, 5629, 5619, 
[1570.719s][info][gc,stats       ]       Weak Roots                    242 us, parallelism: 3.69x
[1570.719s][info][gc,stats       ]         DWR: <total>                892 us
[1570.719s][info][gc,stats       ]         DWR: VM Weak Roots          892 us, workers (us): 229, 230, 229, 204, 
[1570.719s][info][gc,stats       ]       CLDG                            3 us
[1570.719s][info][gc,stats       ]   Update Region States               27 us
[1570.719s][info][gc,stats       ]   Manage GC/TLABs                    11 us
[1570.719s][info][gc,stats       ]   Choose Collection Set              72 us
[1570.719s][info][gc,stats       ]   Rebuild Free Set                   11 us
[1570.719s][info][gc,stats       ]   Evacuation                      29738 us
[1570.719s][info][gc,stats       ]   Manage GCLABs                       7 us
[1570.719s][info][gc,stats       ]   Update References               45318 us
[1570.719s][info][gc,stats       ]   Update Region States               79 us
[1570.719s][info][gc,stats       ]   Trash Collection Set               14 us
[1570.719s][info][gc,stats       ]   Rebuild Free Set                   11 us
[1570.719s][info][gc,stats       ]   Degen Update Roots               5779 us, parallelism: 3.84x
[1570.719s][info][gc,stats       ]     DU: <total>                   22206 us
[1570.719s][info][gc,stats       ]     DU: Thread Roots                157 us, workers (us):  97,  58,   1,   1, 
[1570.719s][info][gc,stats       ]     DU: Code Cache Roots          17306 us, workers (us): 4147, 4273, 4369, 4516, 
[1570.719s][info][gc,stats       ]     DU: VM Strong Roots               8 us, workers (us):   4,   4,   0,   0, 
[1570.719s][info][gc,stats       ]     DU: VM Weak Roots              4328 us, workers (us): 1097, 1098, 1075, 1059, 
[1570.719s][info][gc,stats       ]     DU: CLDG Roots                  408 us, workers (us): 180,  93,  67,  68, 
[1570.719s][info][gc,stats       ]   Cleanup                            41 us
[1570.719s][info][gc,metaspace   ] Metaspace: 135186K(136256K)->135186K(136256K) NonClass: 114258K(114880K)->114258K(114880K) Class: 20927K(21376K)->20927K(21376K)
[1580.853s][info][gc             ] Failed to allocate TLAB, 4096K
[1580.853s][info][gc             ] Cancelling GC: Allocation Failure
[1580.854s][info][gc             ] Trigger: Handle Allocation Failure
[1580.854s][info][gc,ergo        ] Free: 0B, Max: 0B regular, 0B humongous, Frag: 0% external, 0% internal; Reserve: 412M, Max: 4096K
[1580.854s][info][gc,start       ] GC(146) Pause Degenerated GC (Outside of Cycle)
[1580.854s][info][gc,task        ] GC(146) Using 4 of 4 workers for stw degenerated gc
[1580.868s][info][gc,ref         ] GC(146) Clearing All SoftReferences
[1580.978s][info][gc,ref         ] GC(146) Encountered references: Soft: 3300, Weak: 22780, Final: 34, Phantom: 1240
[1580.978s][info][gc,ref         ] GC(146) Discovered  references: Soft: 2778, Weak: 12070, Final: 0, Phantom: 893
[1580.978s][info][gc,ref         ] GC(146) Enqueued    references: Soft: 1, Weak: 6, Final: 0, Phantom: 0
[1580.984s][info][gc,ergo        ] GC(146) CSet Selection. Actual Free: 2328M, Max CSet: 1940M
[1580.984s][info][gc,ergo        ] GC(146) Collectable Garbage: 7300M (99%), Immediate: 1916M (26%), CSet: 5384M (73%)
[1581.085s][info][gc,ergo        ] GC(146) Good progress for free space: 7296M, need 83886K
[1581.086s][info][gc,ergo        ] GC(146) Good progress for used space: 7296M, need 4096K
[1581.086s][info][gc             ] GC(146) Pause Degenerated GC (Outside of Cycle) 7779M->483M(8192M) 231.737ms
[1581.086s][info][gc,ergo        ] Free: 7288M, Max: 4096K regular, 6848M humongous, Frag: 7% external, 1% internal; Reserve: 412M, Max: 4096K
[1581.086s][info][gc,stats       ] 
[1581.086s][info][gc,stats       ] All times are wall-clock times, except per-root-class counters, that are sum over
[1581.086s][info][gc,stats       ] all workers. Dividing the <total> over the root stage time estimates parallelism.
[1581.086s][info][gc,stats       ] 
[1581.086s][info][gc,stats       ] Pause Degenerated GC (G)         231845 us
[1581.086s][info][gc,stats       ] Pause Degenerated GC (N)         231751 us
[1581.086s][info][gc,stats       ]   Degen STW Mark                 108454 us, parallelism: 3.92x
[1581.086s][info][gc,stats       ]     DSM: <total>                 425159 us
[1581.086s][info][gc,stats       ]     DSM: Thread Roots               484 us, workers (us): 123, 123, 119, 119, 
[1581.086s][info][gc,stats       ]     DSM: VM Strong Roots             30 us, workers (us):  10,   9,  11,   0, 
[1581.086s][info][gc,stats       ]     DSM: CLDG Roots                 271 us, workers (us):  29,  28,  29, 185, 
[1581.086s][info][gc,stats       ]     DSM: Parallel Mark           424374 us, workers (us): 106135, 106125, 106136, 105978, 
[1581.086s][info][gc,stats       ]     System Purge                   7288 us
[1581.086s][info][gc,stats       ]       Weak References              1102 us, parallelism: 1.15x
[1581.086s][info][gc,stats       ]         WRP: <total>               1264 us
[1581.086s][info][gc,stats       ]         WRP: Weak References       1264 us, workers (us): 995, 197,  24,  49, 
[1581.086s][info][gc,stats       ]       Unload Classes               5522 us, parallelism: 3.91x
[1581.086s][info][gc,stats       ]         DCU: <total>              21593 us
[1581.086s][info][gc,stats       ]         DCU: Unload Code Caches    21593 us, workers (us): 5422, 5409, 5382, 5380, 
[1581.086s][info][gc,stats       ]       Weak Roots                    265 us, parallelism: 3.16x
[1581.086s][info][gc,stats       ]         DWR: <total>                838 us
[1581.086s][info][gc,stats       ]         DWR: VM Weak Roots          838 us, workers (us): 225, 225, 194, 193, 
[1581.086s][info][gc,stats       ]       CLDG                            2 us
[1581.086s][info][gc,stats       ]   Update Region States               65 us
[1581.086s][info][gc,stats       ]   Manage GC/TLABs                    11 us
[1581.086s][info][gc,stats       ]   Choose Collection Set              73 us
[1581.086s][info][gc,stats       ]   Rebuild Free Set                   11 us
[1581.086s][info][gc,stats       ]   Evacuation                      47298 us
[1581.086s][info][gc,stats       ]   Manage GCLABs                       7 us
[1581.086s][info][gc,stats       ]   Update References               46937 us
[1581.086s][info][gc,stats       ]   Update Region States               52 us
[1581.086s][info][gc,stats       ]   Trash Collection Set               17 us
[1581.086s][info][gc,stats       ]   Rebuild Free Set                   12 us
[1581.086s][info][gc,stats       ]   Degen Update Roots               5570 us, parallelism: 3.89x
[1581.086s][info][gc,stats       ]     DU: <total>                   21642 us
[1581.086s][info][gc,stats       ]     DU: Thread Roots                178 us, workers (us):  65,  70,  42,   1, 
[1581.086s][info][gc,stats       ]     DU: Code Cache Roots          16770 us, workers (us): 4184, 4067, 4183, 4334, 
[1581.086s][info][gc,stats       ]     DU: VM Strong Roots               8 us, workers (us):   2,   2,   2,   2, 
[1581.086s][info][gc,stats       ]     DU: VM Weak Roots              4283 us, workers (us): 1070, 1072, 1069, 1072, 
[1581.086s][info][gc,stats       ]     DU: CLDG Roots                  404 us, workers (us):  69, 177,  92,  66, 
[1581.086s][info][gc,stats       ]   Cleanup                            52 us
[1581.086s][info][gc,metaspace   ] Metaspace: 135194K(136256K)->135194K(136256K) NonClass: 114267K(114880K)->114267K(114880K) Class: 20927K(21376K)->20927K(21376K)
[1589.180s][info][gc             ] Failed to allocate TLAB, 4096K
[1589.180s][info][gc             ] Cancelling GC: Allocation Failure
[1589.180s][info][gc             ] Trigger: Handle Allocation Failure
[1589.180s][info][gc,ergo        ] Free: 0B, Max: 0B regular, 0B humongous, Frag: 0% external, 0% internal; Reserve: 412M, Max: 4096K
[1589.180s][info][gc,start       ] GC(147) Pause Degenerated GC (Outside of Cycle)
[1589.180s][info][gc,task        ] GC(147) Using 4 of 4 workers for stw degenerated gc
[1589.196s][info][gc,ref         ] GC(147) Clearing All SoftReferences
[1589.334s][info][gc,ref         ] GC(147) Encountered references: Soft: 3300, Weak: 22776, Final: 34, Phantom: 1241
[1589.334s][info][gc,ref         ] GC(147) Discovered  references: Soft: 786, Weak: 12024, Final: 34, Phantom: 923
[1589.334s][info][gc,ref         ] GC(147) Enqueued    references: Soft: 1, Weak: 1, Final: 0, Phantom: 0
[1589.342s][info][gc,ergo        ] GC(147) CSet Selection. Actual Free: 3228M, Max CSet: 2690M
[1589.342s][info][gc,ergo        ] GC(147) Collectable Garbage: 7269M (99%), Immediate: 2816M (38%), CSet: 4453M (61%)
[1589.463s][info][gc,ergo        ] GC(147) Good progress for free space: 7260M, need 83886K
[1589.463s][info][gc,ergo        ] GC(147) Good progress for used space: 7260M, need 4096K
[1589.463s][info][gc             ] GC(147) Pause Degenerated GC (Outside of Cycle) 7779M->519M(8192M) 282.637ms
[1589.463s][info][gc,ergo        ] Free: 7244M, Max: 4096K regular, 6812M humongous, Frag: 6% external, 1% internal; Reserve: 412M, Max: 4096K
[1589.463s][info][gc,stats       ] 
[1589.463s][info][gc,stats       ] All times are wall-clock times, except per-root-class counters, that are sum over
[1589.463s][info][gc,stats       ] all workers. Dividing the <total> over the root stage time estimates parallelism.
[1589.463s][info][gc,stats       ] 
[1589.463s][info][gc,stats       ] Pause Degenerated GC (G)         282720 us
[1589.463s][info][gc,stats       ] Pause Degenerated GC (N)         282651 us
[1589.463s][info][gc,stats       ]   Degen STW Mark                 136353 us, parallelism: 3.91x
[1589.463s][info][gc,stats       ]     DSM: <total>                 532615 us
[1589.463s][info][gc,stats       ]     DSM: Thread Roots              1101 us, workers (us): 210, 209, 181, 502, 
[1589.463s][info][gc,stats       ]     DSM: VM Strong Roots             39 us, workers (us):  18,   0,  22,   0, 
[1589.463s][info][gc,stats       ]     DSM: CLDG Roots                 444 us, workers (us):  76, 280,  76,  12, 
[1589.463s][info][gc,stats       ]     DSM: Parallel Mark           531030 us, workers (us): 132861, 132684, 132875, 132609, 
[1589.463s][info][gc,stats       ]     System Purge                   9583 us
[1589.463s][info][gc,stats       ]       Weak References              2124 us, parallelism: 1.18x
[1589.463s][info][gc,stats       ]         WRP: <total>               2514 us
[1589.463s][info][gc,stats       ]         WRP: Weak References       2514 us, workers (us): 2015, 242,  83, 174, 
[1589.463s][info][gc,stats       ]       Unload Classes               6660 us, parallelism: 3.93x
[1589.463s][info][gc,stats       ]         DCU: <total>              26176 us
[1589.463s][info][gc,stats       ]         DCU: Unload Code Caches    26176 us, workers (us): 6551, 6551, 6541, 6533, 
[1589.463s][info][gc,stats       ]       Weak Roots                    456 us, parallelism: 3.82x
[1589.463s][info][gc,stats       ]         DWR: <total>               1745 us
[1589.463s][info][gc,stats       ]         DWR: VM Weak Roots         1745 us, workers (us): 437, 436, 436, 436, 
[1589.463s][info][gc,stats       ]       CLDG                            6 us
[1589.463s][info][gc,stats       ]   Update Region States               58 us
[1589.463s][info][gc,stats       ]   Manage GC/TLABs                    18 us
[1589.463s][info][gc,stats       ]   Choose Collection Set              97 us
[1589.463s][info][gc,stats       ]   Rebuild Free Set                   12 us
[1589.463s][info][gc,stats       ]   Evacuation                      51672 us
[1589.464s][info][gc,stats       ]   Manage GCLABs                       8 us
[1589.464s][info][gc,stats       ]   Update References               58816 us
[1589.464s][info][gc,stats       ]   Update Region States               45 us
[1589.464s][info][gc,stats       ]   Trash Collection Set               15 us
[1589.464s][info][gc,stats       ]   Rebuild Free Set                   12 us
[1589.464s][info][gc,stats       ]   Degen Update Roots               8434 us, parallelism: 3.91x
[1589.464s][info][gc,stats       ]     DU: <total>                   33003 us
[1589.464s][info][gc,stats       ]     DU: Thread Roots                273 us, workers (us):  51,  92,   1, 129, 
[1589.464s][info][gc,stats       ]     DU: Code Cache Roots          23034 us, workers (us): 5823, 5726, 5978, 5508, 
[1589.464s][info][gc,stats       ]     DU: VM Strong Roots               9 us, workers (us):   4,   5,   0,   0, 
[1589.464s][info][gc,stats       ]     DU: VM Weak Roots              8963 us, workers (us): 2256, 2253, 2228, 2226, 
[1589.464s][info][gc,stats       ]     DU: CLDG Roots                  724 us, workers (us): 105, 163, 109, 347, 
[1589.464s][info][gc,stats       ]   Cleanup                            48 us
[1589.464s][info][gc,metaspace   ] Metaspace: 135194K(136256K)->135194K(136256K) NonClass: 114267K(114880K)->114267K(114880K) Class: 20927K(21376K)->20927K(21376K)
[1602.729s][info][gc             ] Failed to allocate TLAB, 4096K
[1602.729s][info][gc             ] Cancelling GC: Allocation Failure
[1602.730s][info][gc             ] Trigger: Handle Allocation Failure
[1602.730s][info][gc,ergo        ] Free: 0B, Max: 0B regular, 0B humongous, Frag: 0% external, 0% internal; Reserve: 412M, Max: 4096K
[1602.730s][info][gc,start       ] GC(148) Pause Degenerated GC (Outside of Cycle)
[1602.730s][info][gc,task        ] GC(148) Using 4 of 4 workers for stw degenerated gc
[1602.745s][info][gc,ref         ] GC(148) Clearing All SoftReferences
[1602.897s][info][gc,ref         ] GC(148) Encountered references: Soft: 3306, Weak: 22783, Final: 34, Phantom: 1246
[1602.897s][info][gc,ref         ] GC(148) Discovered  references: Soft: 2788, Weak: 12408, Final: 0, Phantom: 901
[1602.897s][info][gc,ref         ] GC(148) Enqueued    references: Soft: 7, Weak: 7, Final: 0, Phantom: 0
[1602.904s][info][gc,ergo        ] GC(148) CSet Selection. Actual Free: 2776M, Max CSet: 2313M
[1602.904s][info][gc,ergo        ] GC(148) Collectable Garbage: 7315M (99%), Immediate: 2364M (32%), CSet: 4951M (67%)
[1602.993s][info][gc,ergo        ] GC(148) Good progress for free space: 7304M, need 83886K
[1602.993s][info][gc,ergo        ] GC(148) Good progress for used space: 7304M, need 4096K
[1602.993s][info][gc             ] GC(148) Pause Degenerated GC (Outside of Cycle) 7779M->475M(8192M) 263.628ms
[1602.994s][info][gc,ergo        ] Free: 7296M, Max: 4096K regular, 6856M humongous, Frag: 7% external, 1% internal; Reserve: 412M, Max: 4096K
[1602.994s][info][gc,stats       ] 
[1602.994s][info][gc,stats       ] All times are wall-clock times, except per-root-class counters, that are sum over
[1602.994s][info][gc,stats       ] all workers. Dividing the <total> over the root stage time estimates parallelism.
[1602.994s][info][gc,stats       ] 
[1602.994s][info][gc,stats       ] Pause Degenerated GC (G)         263733 us
[1602.994s][info][gc,stats       ] Pause Degenerated GC (N)         263643 us
[1602.994s][info][gc,stats       ]   Degen STW Mark                 151130 us, parallelism: 3.89x
[1602.994s][info][gc,stats       ]     DSM: <total>                 587956 us
[1602.994s][info][gc,stats       ]     DSM: Thread Roots               773 us, workers (us): 212, 211, 186, 164, 
[1602.994s][info][gc,stats       ]     DSM: VM Strong Roots             48 us, workers (us):   0,  16,  14,  18, 
[1602.994s][info][gc,stats       ]     DSM: CLDG Roots                 503 us, workers (us): 296,  69,  69,  69, 
[1602.994s][info][gc,stats       ]     DSM: Parallel Mark           586632 us, workers (us): 146471, 146746, 146683, 146731, 
[1602.994s][info][gc,stats       ]     System Purge                   7779 us
[1602.994s][info][gc,stats       ]       Weak References              1198 us, parallelism: 1.10x
[1602.994s][info][gc,stats       ]         WRP: <total>               1317 us
[1602.994s][info][gc,stats       ]         WRP: Weak References       1317 us, workers (us):  91, 1103, 123,   0, 
[1602.994s][info][gc,stats       ]       Unload Classes               6000 us, parallelism: 3.93x
[1602.994s][info][gc,stats       ]         DCU: <total>              23563 us
[1602.994s][info][gc,stats       ]         DCU: Unload Code Caches    23563 us, workers (us): 5898, 5896, 5895, 5873, 
[1602.994s][info][gc,stats       ]       Weak Roots                    291 us, parallelism: 3.18x
[1602.994s][info][gc,stats       ]         DWR: <total>                927 us
[1602.994s][info][gc,stats       ]         DWR: VM Weak Roots          927 us, workers (us): 250, 249, 220, 208, 
[1602.994s][info][gc,stats       ]       CLDG                            3 us
[1602.994s][info][gc,stats       ]   Update Region States               50 us
[1602.994s][info][gc,stats       ]   Manage GC/TLABs                     9 us
[1602.994s][info][gc,stats       ]   Choose Collection Set              70 us
[1602.994s][info][gc,stats       ]   Rebuild Free Set                   11 us
[1602.994s][info][gc,stats       ]   Evacuation                      33874 us
[1602.994s][info][gc,stats       ]   Manage GCLABs                      17 us
[1602.994s][info][gc,stats       ]   Update References               48112 us
[1602.994s][info][gc,stats       ]   Update Region States               72 us
[1602.994s][info][gc,stats       ]   Trash Collection Set               17 us
[1602.994s][info][gc,stats       ]   Rebuild Free Set                   12 us
[1602.994s][info][gc,stats       ]   Degen Update Roots               5631 us, parallelism: 3.90x
[1602.994s][info][gc,stats       ]     DU: <total>                   21950 us
[1602.994s][info][gc,stats       ]     DU: Thread Roots                164 us, workers (us):  69,   1,  62,  33, 
[1602.994s][info][gc,stats       ]     DU: Code Cache Roots          17036 us, workers (us): 4257, 4381, 4238, 4159, 
[1602.994s][info][gc,stats       ]     DU: VM Strong Roots               7 us, workers (us):   3,   3,   2,   0, 
[1602.994s][info][gc,stats       ]     DU: VM Weak Roots              4316 us, workers (us): 1086, 1084, 1084, 1062, 
[1602.994s][info][gc,stats       ]     DU: CLDG Roots                  426 us, workers (us):  67,  69,  93, 198, 
[1602.994s][info][gc,stats       ]   Cleanup                            49 us
[1602.994s][info][gc,metaspace   ] Metaspace: 135196K(136256K)->135196K(136256K) NonClass: 114269K(114880K)->114269K(114880K) Class: 20927K(21376K)->20927K(21376K)
[1611.979s][info][gc             ] Failed to allocate TLAB, 4096K
[1611.979s][info][gc             ] Cancelling GC: Allocation Failure
[1611.979s][info][gc             ] Trigger: Handle Allocation Failure
[1611.979s][info][gc,ergo        ] Free: 0B, Max: 0B regular, 0B humongous, Frag: 0% external, 0% internal; Reserve: 412M, Max: 4096K
[1611.979s][info][gc,start       ] GC(149) Pause Degenerated GC (Outside of Cycle)
[1611.979s][info][gc,task        ] GC(149) Using 4 of 4 workers for stw degenerated gc
[1611.993s][info][gc,ref         ] GC(149) Clearing All SoftReferences
[1612.175s][info][gc,ref         ] GC(149) Encountered references: Soft: 3300, Weak: 22782, Final: 34, Phantom: 1255
[1612.175s][info][gc,ref         ] GC(149) Discovered  references: Soft: 2782, Weak: 13354, Final: 0, Phantom: 904
[1612.175s][info][gc,ref         ] GC(149) Enqueued    references: Soft: 1, Weak: 3, Final: 0, Phantom: 0
[1612.181s][info][gc,ergo        ] GC(149) CSet Selection. Actual Free: 2348M, Max CSet: 1956M
[1612.181s][info][gc,ergo        ] GC(149) Collectable Garbage: 7245M (99%), Immediate: 1936M (26%), CSet: 5309M (72%)
[1612.304s][info][gc,ergo        ] GC(149) Good progress for free space: 7236M, need 83886K
[1612.305s][info][gc,ergo        ] GC(149) Good progress for used space: 7236M, need 4096K
[1612.305s][info][gc             ] GC(149) Pause Degenerated GC (Outside of Cycle) 7779M->543M(8192M) 325.157ms
[1612.305s][info][gc,ergo        ] Free: 7224M, Max: 4096K regular, 6788M humongous, Frag: 7% external, 1% internal; Reserve: 412M, Max: 4096K
[1612.305s][info][gc,stats       ] 
[1612.305s][info][gc,stats       ] All times are wall-clock times, except per-root-class counters, that are sum over
[1612.305s][info][gc,stats       ] all workers. Dividing the <total> over the root stage time estimates parallelism.
[1612.305s][info][gc,stats       ] 
[1612.305s][info][gc,stats       ] Pause Degenerated GC (G)         325256 us
[1612.305s][info][gc,stats       ] Pause Degenerated GC (N)         325171 us
[1612.305s][info][gc,stats       ]   Degen STW Mark                 181109 us, parallelism: 3.96x
[1612.305s][info][gc,stats       ]     DSM: <total>                 716354 us
[1612.305s][info][gc,stats       ]     DSM: Thread Roots               390 us, workers (us): 117, 116,  88,  69, 
[1612.305s][info][gc,stats       ]     DSM: VM Strong Roots             28 us, workers (us):   0,   9,  10,   9, 
[1612.305s][info][gc,stats       ]     DSM: CLDG Roots                 312 us, workers (us): 186,  42,  42,  42, 
[1612.305s][info][gc,stats       ]     DSM: Parallel Mark           715624 us, workers (us): 178804, 178942, 178939, 178939, 
[1612.305s][info][gc,stats       ]     System Purge                   7667 us
[1612.305s][info][gc,stats       ]       Weak References              1298 us, parallelism: 1.09x
[1612.305s][info][gc,stats       ]         WRP: <total>               1416 us
[1612.305s][info][gc,stats       ]         WRP: Weak References       1416 us, workers (us): 165, 100,  16, 1135, 
[1612.305s][info][gc,stats       ]       Unload Classes               5798 us, parallelism: 3.91x
[1612.305s][info][gc,stats       ]         DCU: <total>              22668 us
[1612.305s][info][gc,stats       ]         DCU: Unload Code Caches    22668 us, workers (us): 5697, 5668, 5654, 5649, 
[1612.305s][info][gc,stats       ]       Weak Roots                    316 us, parallelism: 3.14x
[1612.305s][info][gc,stats       ]         DWR: <total>                992 us
[1612.305s][info][gc,stats       ]         DWR: VM Weak Roots          992 us, workers (us): 274, 239, 239, 239, 
[1612.305s][info][gc,stats       ]       CLDG                            1 us
[1612.305s][info][gc,stats       ]   Update Region States               71 us
[1612.305s][info][gc,stats       ]   Manage GC/TLABs                     9 us
[1612.305s][info][gc,stats       ]   Choose Collection Set              79 us
[1612.305s][info][gc,stats       ]   Rebuild Free Set                   12 us
[1612.305s][info][gc,stats       ]   Evacuation                      53755 us
[1612.305s][info][gc,stats       ]   Manage GCLABs                       8 us
[1612.305s][info][gc,stats       ]   Update References               61402 us
[1612.305s][info][gc,stats       ]   Update Region States               90 us
[1612.305s][info][gc,stats       ]   Trash Collection Set               16 us
[1612.305s][info][gc,stats       ]   Rebuild Free Set                   13 us
[1612.305s][info][gc,stats       ]   Degen Update Roots               5786 us, parallelism: 3.87x
[1612.305s][info][gc,stats       ]     DU: <total>                   22377 us
[1612.305s][info][gc,stats       ]     DU: Thread Roots                164 us, workers (us):   1,  64,  98,   1, 
[1612.305s][info][gc,stats       ]     DU: Code Cache Roots          17474 us, workers (us): 4409, 4323, 4314, 4428, 
[1612.305s][info][gc,stats       ]     DU: VM Strong Roots               6 us, workers (us):   3,   3,   0,   0, 
[1612.305s][info][gc,stats       ]     DU: VM Weak Roots              4338 us, workers (us): 1103, 1102, 1079, 1055, 
[1612.305s][info][gc,stats       ]     DU: CLDG Roots                  395 us, workers (us): 175,  90,  64,  65, 
[1612.305s][info][gc,stats       ]   Cleanup                            53 us
[1612.305s][info][gc,metaspace   ] Metaspace: 135198K(136256K)->135198K(136256K) NonClass: 114270K(114880K)->114270K(114880K) Class: 20927K(21376K)->20927K(21376K)
[1621.635s][info][gc             ] Failed to allocate TLAB, 4096K
[1621.635s][info][gc             ] Cancelling GC: Allocation Failure
[1621.636s][info][gc             ] Trigger: Handle Allocation Failure
[1621.636s][info][gc,ergo        ] Free: 0B, Max: 0B regular, 0B humongous, Frag: 0% external, 0% internal; Reserve: 412M, Max: 4096K
[1621.636s][info][gc,start       ] GC(150) Pause Degenerated GC (Outside of Cycle)
[1621.636s][info][gc,task        ] GC(150) Using 4 of 4 workers for stw degenerated gc
[1621.648s][info][gc,ref         ] GC(150) Clearing All SoftReferences
[1621.770s][info][gc,ref         ] GC(150) Encountered references: Soft: 3300, Weak: 22780, Final: 34, Phantom: 1255
[1621.770s][info][gc,ref         ] GC(150) Discovered  references: Soft: 791, Weak: 12174, Final: 34, Phantom: 933
[1621.770s][info][gc,ref         ] GC(150) Enqueued    references: Soft: 1, Weak: 1, Final: 0, Phantom: 0
[1621.776s][info][gc,ergo        ] GC(150) CSet Selection. Actual Free: 3244M, Max CSet: 2703M
[1621.776s][info][gc,ergo        ] GC(150) Collectable Garbage: 7308M (99%), Immediate: 2832M (38%), CSet: 4476M (61%)
[1621.867s][info][gc,ergo        ] GC(150) Good progress for free space: 7304M, need 83886K
[1621.867s][info][gc,ergo        ] GC(150) Good progress for used space: 7304M, need 4096K
[1621.867s][info][gc             ] GC(150) Pause Degenerated GC (Outside of Cycle) 7779M->475M(8192M) 231.257ms
[1621.867s][info][gc,ergo        ] Free: 7296M, Max: 4096K regular, 6856M humongous, Frag: 7% external, 1% internal; Reserve: 412M, Max: 4096K
[1621.867s][info][gc,stats       ] 
[1621.867s][info][gc,stats       ] All times are wall-clock times, except per-root-class counters, that are sum over
[1621.867s][info][gc,stats       ] all workers. Dividing the <total> over the root stage time estimates parallelism.
[1621.867s][info][gc,stats       ] 
[1621.867s][info][gc,stats       ] Pause Degenerated GC (G)         231309 us
[1621.867s][info][gc,stats       ] Pause Degenerated GC (N)         231270 us
[1621.867s][info][gc,stats       ]   Degen STW Mark                 120813 us, parallelism: 3.93x
[1621.867s][info][gc,stats       ]     DSM: <total>                 474197 us
[1621.867s][info][gc,stats       ]     DSM: Thread Roots               610 us, workers (us): 161, 160, 159, 130, 
[1621.867s][info][gc,stats       ]     DSM: VM Strong Roots             44 us, workers (us):  15,  17,  13,   0, 
[1621.867s][info][gc,stats       ]     DSM: CLDG Roots                 425 us, workers (us):  52,  52,  51, 269, 
[1621.867s][info][gc,stats       ]     DSM: Parallel Mark           473118 us, workers (us): 118329, 118338, 118328, 118123, 
[1621.867s][info][gc,stats       ]     System Purge                   7588 us
[1621.867s][info][gc,stats       ]       Weak References              1535 us, parallelism: 1.11x
[1621.867s][info][gc,stats       ]         WRP: <total>               1702 us
[1621.867s][info][gc,stats       ]         WRP: Weak References       1702 us, workers (us): 1426,  35, 151,  90, 
[1621.867s][info][gc,stats       ]       Unload Classes               5438 us, parallelism: 3.94x
[1621.867s][info][gc,stats       ]         DCU: <total>              21433 us
[1621.867s][info][gc,stats       ]         DCU: Unload Code Caches    21433 us, workers (us): 5369, 5357, 5361, 5346, 
[1621.867s][info][gc,stats       ]       Weak Roots                    308 us, parallelism: 3.29x
[1621.867s][info][gc,stats       ]         DWR: <total>               1011 us
[1621.867s][info][gc,stats       ]         DWR: VM Weak Roots         1011 us, workers (us): 267, 266, 239, 239, 
[1621.867s][info][gc,stats       ]       CLDG                            2 us
[1621.867s][info][gc,stats       ]   Update Region States               45 us
[1621.867s][info][gc,stats       ]   Manage GC/TLABs                    11 us
[1621.867s][info][gc,stats       ]   Choose Collection Set              78 us
[1621.867s][info][gc,stats       ]   Rebuild Free Set                   11 us
[1621.867s][info][gc,stats       ]   Evacuation                      33743 us
[1621.867s][info][gc,stats       ]   Manage GCLABs                       9 us
[1621.867s][info][gc,stats       ]   Update References               48469 us
[1621.867s][info][gc,stats       ]   Update Region States               85 us
[1621.867s][info][gc,stats       ]   Trash Collection Set               15 us
[1621.867s][info][gc,stats       ]   Rebuild Free Set                   12 us
[1621.867s][info][gc,stats       ]   Degen Update Roots               6389 us, parallelism: 3.89x
[1621.867s][info][gc,stats       ]     DU: <total>                   24836 us
[1621.868s][info][gc,stats       ]     DU: Thread Roots                160 us, workers (us):  29,  47,   1,  84, 
[1621.868s][info][gc,stats       ]     DU: Code Cache Roots          18204 us, workers (us): 4451, 4527, 4710, 4517, 
[1621.868s][info][gc,stats       ]     DU: VM Strong Roots               9 us, workers (us):   5,   4,   0,   0, 
[1621.868s][info][gc,stats       ]     DU: VM Weak Roots              6022 us, workers (us): 1524, 1522, 1489, 1487, 
[1621.868s][info][gc,stats       ]     DU: CLDG Roots                  440 us, workers (us): 193, 101,  72,  74, 
[1621.868s][info][gc,stats       ]   Cleanup                            46 us
[1621.868s][info][gc,metaspace   ] Metaspace: 135198K(136256K)->135198K(136256K) NonClass: 114271K(114880K)->114271K(114880K) Class: 20927K(21376K)->20927K(21376K)
[1633.078s][info][gc             ] Failed to allocate TLAB, 4096K
[1633.078s][info][gc             ] Cancelling GC: Allocation Failure
[1633.079s][info][gc             ] Trigger: Handle Allocation Failure
[1633.079s][info][gc,ergo        ] Free: 0B, Max: 0B regular, 0B humongous, Frag: 0% external, 0% internal; Reserve: 412M, Max: 4096K
[1633.079s][info][gc,start       ] GC(151) Pause Degenerated GC (Outside of Cycle)
[1633.079s][info][gc,task        ] GC(151) Using 4 of 4 workers for stw degenerated gc
[1633.091s][info][gc,ref         ] GC(151) Clearing All SoftReferences
[1633.234s][info][gc,ref         ] GC(151) Encountered references: Soft: 3306, Weak: 22790, Final: 34, Phantom: 1265
[1633.235s][info][gc,ref         ] GC(151) Discovered  references: Soft: 2241, Weak: 13763, Final: 0, Phantom: 909
[1633.235s][info][gc,ref         ] GC(151) Enqueued    references: Soft: 7, Weak: 8, Final: 0, Phantom: 0
[1633.242s][info][gc,ergo        ] GC(151) CSet Selection. Actual Free: 2352M, Max CSet: 1960M
[1633.242s][info][gc,ergo        ] GC(151) Collectable Garbage: 7278M (99%), Immediate: 1940M (26%), CSet: 5338M (73%)
[1633.356s][info][gc,ergo        ] GC(151) Good progress for free space: 7272M, need 83886K
[1633.356s][info][gc,ergo        ] GC(151) Good progress for used space: 7272M, need 4096K
[1633.356s][info][gc             ] GC(151) Pause Degenerated GC (Outside of Cycle) 7779M->507M(8192M) 277.139ms
[1633.356s][info][gc,ergo        ] Free: 7268M, Max: 4096K regular, 6820M humongous, Frag: 7% external, 1% internal; Reserve: 412M, Max: 4096K
[1633.356s][info][gc,stats       ] 
[1633.356s][info][gc,stats       ] All times are wall-clock times, except per-root-class counters, that are sum over
[1633.356s][info][gc,stats       ] all workers. Dividing the <total> over the root stage time estimates parallelism.
[1633.356s][info][gc,stats       ] 
[1633.356s][info][gc,stats       ] Pause Degenerated GC (G)         277199 us
[1633.356s][info][gc,stats       ] Pause Degenerated GC (N)         277153 us
[1633.356s][info][gc,stats       ]   Degen STW Mark                 142182 us, parallelism: 3.93x
[1633.356s][info][gc,stats       ]     DSM: <total>                 558803 us
[1633.356s][info][gc,stats       ]     DSM: Thread Roots               467 us, workers (us): 124, 123, 123,  97, 
[1633.356s][info][gc,stats       ]     DSM: VM Strong Roots             32 us, workers (us):  13,  10,   0,  10, 
[1633.356s][info][gc,stats       ]     DSM: CLDG Roots                 283 us, workers (us):  34,  34, 180,  34, 
[1633.356s][info][gc,stats       ]     DSM: Parallel Mark           558021 us, workers (us): 139543, 139545, 139398, 139535, 
[1633.356s][info][gc,stats       ]     System Purge                   9062 us
[1633.356s][info][gc,stats       ]       Weak References              1260 us, parallelism: 1.11x
[1633.356s][info][gc,stats       ]         WRP: <total>               1393 us
[1633.356s][info][gc,stats       ]         WRP: Weak References       1393 us, workers (us):  97,  25, 197, 1073, 
[1633.356s][info][gc,stats       ]       Unload Classes               6667 us, parallelism: 3.94x
[1633.356s][info][gc,stats       ]         DCU: <total>              26239 us
[1633.356s][info][gc,stats       ]         DCU: Unload Code Caches    26239 us, workers (us): 6581, 6553, 6556, 6550, 
[1633.356s][info][gc,stats       ]       Weak Roots                    370 us, parallelism: 2.97x
[1633.356s][info][gc,stats       ]         DWR: <total>               1098 us
[1633.356s][info][gc,stats       ]         DWR: VM Weak Roots         1098 us, workers (us): 277, 277, 277, 266, 
[1633.356s][info][gc,stats       ]       CLDG                            4 us
[1633.356s][info][gc,stats       ]   Update Region States               70 us
[1633.356s][info][gc,stats       ]   Manage GC/TLABs                     9 us
[1633.356s][info][gc,stats       ]   Choose Collection Set              75 us
[1633.356s][info][gc,stats       ]   Rebuild Free Set                   12 us
[1633.356s][info][gc,stats       ]   Evacuation                      42834 us
[1633.356s][info][gc,stats       ]   Manage GCLABs                       8 us
[1633.356s][info][gc,stats       ]   Update References               60289 us
[1633.356s][info][gc,stats       ]   Update Region States               67 us
[1633.356s][info][gc,stats       ]   Trash Collection Set               17 us
[1633.356s][info][gc,stats       ]   Rebuild Free Set                   12 us
[1633.356s][info][gc,stats       ]   Degen Update Roots               7551 us, parallelism: 3.92x
[1633.356s][info][gc,stats       ]     DU: <total>                   29602 us
[1633.356s][info][gc,stats       ]     DU: Thread Roots                299 us, workers (us): 125,   1, 131,  43, 
[1633.356s][info][gc,stats       ]     DU: Code Cache Roots          22481 us, workers (us): 5447, 5777, 5566, 5692, 
[1633.356s][info][gc,stats       ]     DU: VM Strong Roots              10 us, workers (us):   3,   2,   2,   2, 
[1633.356s][info][gc,stats       ]     DU: VM Weak Roots              6329 us, workers (us): 1583, 1581, 1583, 1581, 
[1633.356s][info][gc,stats       ]     DU: CLDG Roots                  483 us, workers (us): 232,  72, 107,  72, 
[1633.356s][info][gc,stats       ]   Cleanup                            53 us
[1633.356s][info][gc,metaspace   ] Metaspace: 135199K(136256K)->135199K(136256K) NonClass: 114271K(114880K)->114271K(114880K) Class: 20927K(21376K)->20927K(21376K)
[1641.785s][info][gc             ] Failed to allocate TLAB, 4096K
[1641.786s][info][gc             ] Cancelling GC: Allocation Failure
[1641.786s][info][gc             ] Trigger: Handle Allocation Failure
[1641.786s][info][gc,ergo        ] Free: 0B, Max: 0B regular, 0B humongous, Frag: 0% external, 0% internal; Reserve: 412M, Max: 4096K
[1641.787s][info][gc,start       ] GC(152) Pause Degenerated GC (Outside of Cycle)
[1641.787s][info][gc,task        ] GC(152) Using 4 of 4 workers for stw degenerated gc
[1641.808s][info][gc,ref         ] GC(152) Clearing All SoftReferences
[1641.937s][info][gc,ref         ] GC(152) Encountered references: Soft: 3300, Weak: 22783, Final: 34, Phantom: 1265
[1641.937s][info][gc,ref         ] GC(152) Discovered  references: Soft: 2778, Weak: 11994, Final: 0, Phantom: 911
[1641.937s][info][gc,ref         ] GC(152) Enqueued    references: Soft: 1, Weak: 1, Final: 0, Phantom: 0
[1641.944s][info][gc,ergo        ] GC(152) CSet Selection. Actual Free: 4860M, Max CSet: 4050M
[1641.944s][info][gc,ergo        ] GC(152) Collectable Garbage: 7297M (99%), Immediate: 4448M (60%), CSet: 2849M (38%)
[1642.041s][info][gc,ergo        ] GC(152) Good progress for free space: 7292M, need 83886K
[1642.041s][info][gc,ergo        ] GC(152) Good progress for used space: 7292M, need 4096K
[1642.041s][info][gc             ] GC(152) Pause Degenerated GC (Outside of Cycle) 7779M->487M(8192M) 254.041ms
[1642.041s][info][gc,ergo        ] Free: 7276M, Max: 4096K regular, 6744M humongous, Frag: 8% external, 1% internal; Reserve: 412M, Max: 4096K
[1642.041s][info][gc,stats       ] 
[1642.041s][info][gc,stats       ] All times are wall-clock times, except per-root-class counters, that are sum over
[1642.041s][info][gc,stats       ] all workers. Dividing the <total> over the root stage time estimates parallelism.
[1642.041s][info][gc,stats       ] 
[1642.041s][info][gc,stats       ] Pause Degenerated GC (G)         254189 us
[1642.041s][info][gc,stats       ] Pause Degenerated GC (N)         254055 us
[1642.041s][info][gc,stats       ]   Degen STW Mark                 128418 us, parallelism: 3.93x
[1642.041s][info][gc,stats       ]     DSM: <total>                 504525 us
[1642.041s][info][gc,stats       ]     DSM: Thread Roots               987 us, workers (us): 250, 247, 246, 244, 
[1642.041s][info][gc,stats       ]     DSM: VM Strong Roots             98 us, workers (us):  31,  31,   0,  36, 
[1642.041s][info][gc,stats       ]     DSM: CLDG Roots                1116 us, workers (us): 182, 182, 570, 182, 
[1642.041s][info][gc,stats       ]     DSM: Parallel Mark           502324 us, workers (us): 125669, 125681, 125311, 125663, 
[1642.041s][info][gc,stats       ]     System Purge                   7737 us
[1642.041s][info][gc,stats       ]       Weak References              1113 us, parallelism: 1.18x
[1642.041s][info][gc,stats       ]         WRP: <total>               1319 us
[1642.041s][info][gc,stats       ]         WRP: Weak References       1319 us, workers (us): 156, 1033,  53,  76, 
[1642.041s][info][gc,stats       ]       Unload Classes               6132 us, parallelism: 3.95x
[1642.041s][info][gc,stats       ]         DCU: <total>              24206 us
[1642.041s][info][gc,stats       ]         DCU: Unload Code Caches    24206 us, workers (us): 6064, 6054, 6054, 6034, 
[1642.041s][info][gc,stats       ]       Weak Roots                    225 us, parallelism: 3.68x
[1642.041s][info][gc,stats       ]         DWR: <total>                828 us
[1642.041s][info][gc,stats       ]         DWR: VM Weak Roots          828 us, workers (us): 215, 214, 214, 185, 
[1642.041s][info][gc,stats       ]       CLDG                            2 us
[1642.041s][info][gc,stats       ]   Update Region States               37 us
[1642.041s][info][gc,stats       ]   Manage GC/TLABs                    10 us
[1642.041s][info][gc,stats       ]   Choose Collection Set              80 us
[1642.041s][info][gc,stats       ]   Rebuild Free Set                   12 us
[1642.041s][info][gc,stats       ]   Evacuation                      33471 us
[1642.041s][info][gc,stats       ]   Manage GCLABs                       8 us
[1642.041s][info][gc,stats       ]   Update References               54894 us
[1642.041s][info][gc,stats       ]   Update Region States               50 us
[1642.041s][info][gc,stats       ]   Trash Collection Set               11 us
[1642.041s][info][gc,stats       ]   Rebuild Free Set                   13 us
[1642.041s][info][gc,stats       ]   Degen Update Roots               6241 us, parallelism: 3.90x
[1642.041s][info][gc,stats       ]     DU: <total>                   24340 us
[1642.041s][info][gc,stats       ]     DU: Thread Roots                169 us, workers (us):   1,  67,   1, 101, 
[1642.041s][info][gc,stats       ]     DU: Code Cache Roots          17638 us, workers (us): 4532, 4267, 4477, 4362, 
[1642.041s][info][gc,stats       ]     DU: VM Strong Roots               8 us, workers (us):   4,   3,   2,   0, 
[1642.041s][info][gc,stats       ]     DU: VM Weak Roots              6079 us, workers (us): 1526, 1527, 1525, 1500, 
[1642.041s][info][gc,stats       ]     DU: CLDG Roots                  446 us, workers (us): 102, 200,  72,  72, 
[1642.041s][info][gc,stats       ]   Cleanup                            32 us
[1642.041s][info][gc,metaspace   ] Metaspace: 135199K(136256K)->135199K(136256K) NonClass: 114272K(114880K)->114272K(114880K) Class: 20927K(21376K)->20927K(21376K)
[1653.780s][info][gc             ] Failed to allocate TLAB, 4096K
[1653.780s][info][gc             ] Cancelling GC: Allocation Failure
[1653.781s][info][gc             ] Trigger: Handle Allocation Failure
[1653.781s][info][gc,ergo        ] Free: 0B, Max: 0B regular, 0B humongous, Frag: 0% external, 0% internal; Reserve: 412M, Max: 4096K
[1653.781s][info][gc,start       ] GC(153) Pause Degenerated GC (Outside of Cycle)
[1653.781s][info][gc,task        ] GC(153) Using 4 of 4 workers for stw degenerated gc
[1653.790s][info][gc,ref         ] GC(153) Clearing All SoftReferences
[1653.914s][info][gc,ref         ] GC(153) Encountered references: Soft: 3300, Weak: 22787, Final: 34, Phantom: 1270
[1653.914s][info][gc,ref         ] GC(153) Discovered  references: Soft: 2773, Weak: 12311, Final: 0, Phantom: 942
[1653.914s][info][gc,ref         ] GC(153) Enqueued    references: Soft: 1, Weak: 3, Final: 0, Phantom: 0
[1653.923s][info][gc,ergo        ] GC(153) CSet Selection. Actual Free: 2364M, Max CSet: 1970M
[1653.923s][info][gc,ergo        ] GC(153) Collectable Garbage: 7316M (99%), Immediate: 1952M (26%), CSet: 5364M (73%)
[1654.010s][info][gc,ergo        ] GC(153) Good progress for free space: 7308M, need 83886K
[1654.010s][info][gc,ergo        ] GC(153) Good progress for used space: 7308M, need 4096K
[1654.010s][info][gc             ] GC(153) Pause Degenerated GC (Outside of Cycle) 7779M->471M(8192M) 229.285ms
[1654.010s][info][gc,ergo        ] Free: 7300M, Max: 4096K regular, 6860M humongous, Frag: 7% external, 1% internal; Reserve: 412M, Max: 4096K
[1654.010s][info][gc,stats       ] 
[1654.010s][info][gc,stats       ] All times are wall-clock times, except per-root-class counters, that are sum over
[1654.010s][info][gc,stats       ] all workers. Dividing the <total> over the root stage time estimates parallelism.
[1654.010s][info][gc,stats       ] 
[1654.011s][info][gc,stats       ] Pause Degenerated GC (G)         229383 us
[1654.011s][info][gc,stats       ] Pause Degenerated GC (N)         229298 us
[1654.011s][info][gc,stats       ]   Degen STW Mark                 122161 us, parallelism: 3.91x
[1654.011s][info][gc,stats       ]     DSM: <total>                 477099 us
[1654.011s][info][gc,stats       ]     DSM: Thread Roots               481 us, workers (us): 121, 121, 120, 119, 
[1654.011s][info][gc,stats       ]     DSM: VM Strong Roots             26 us, workers (us):   0,   8,   9,   9, 
[1654.011s][info][gc,stats       ]     DSM: CLDG Roots                 308 us, workers (us): 178,  43,  43,  43, 
[1654.011s][info][gc,stats       ]     DSM: Parallel Mark           476284 us, workers (us): 118967, 119115, 119093, 119109, 
[1654.011s][info][gc,stats       ]     System Purge                  11298 us
[1654.011s][info][gc,stats       ]       Weak References              1902 us, parallelism: 1.22x
[1654.011s][info][gc,stats       ]         WRP: <total>               2325 us
[1654.011s][info][gc,stats       ]         WRP: Weak References       2325 us, workers (us): 232,  28, 298, 1767, 
[1654.011s][info][gc,stats       ]       Unload Classes               8760 us, parallelism: 3.94x
[1654.011s][info][gc,stats       ]         DCU: <total>              34475 us
[1654.011s][info][gc,stats       ]         DCU: Unload Code Caches    34475 us, workers (us): 8650, 8623, 8606, 8597, 
[1654.011s][info][gc,stats       ]       Weak Roots                    463 us, parallelism: 3.56x
[1654.011s][info][gc,stats       ]         DWR: <total>               1649 us
[1654.011s][info][gc,stats       ]         DWR: VM Weak Roots         1649 us, workers (us): 423, 420, 420, 387, 
[1654.011s][info][gc,stats       ]       CLDG                            2 us
[1654.011s][info][gc,stats       ]   Update Region States               51 us
[1654.011s][info][gc,stats       ]   Manage GC/TLABs                    12 us
[1654.011s][info][gc,stats       ]   Choose Collection Set             100 us
[1654.011s][info][gc,stats       ]   Rebuild Free Set                   11 us
[1654.011s][info][gc,stats       ]   Evacuation                      34005 us
[1654.011s][info][gc,stats       ]   Manage GCLABs                       7 us
[1654.011s][info][gc,stats       ]   Update References               45347 us
[1654.011s][info][gc,stats       ]   Update Region States               47 us
[1654.011s][info][gc,stats       ]   Trash Collection Set               16 us
[1654.011s][info][gc,stats       ]   Rebuild Free Set                   11 us
[1654.011s][info][gc,stats       ]   Degen Update Roots               5822 us, parallelism: 3.91x
[1654.011s][info][gc,stats       ]     DU: <total>                   22769 us
[1654.011s][info][gc,stats       ]     DU: Thread Roots                166 us, workers (us):   1,  19,  13, 133, 
[1654.011s][info][gc,stats       ]     DU: Code Cache Roots          17683 us, workers (us): 4513, 4464, 4469, 4238, 
[1654.011s][info][gc,stats       ]     DU: VM Strong Roots               7 us, workers (us):   4,   3,   0,   0, 
[1654.011s][info][gc,stats       ]     DU: VM Weak Roots              4507 us, workers (us): 1144, 1145, 1107, 1110, 
[1654.011s][info][gc,stats       ]     DU: CLDG Roots                  406 us, workers (us):  93,  67,  68, 178, 
[1654.011s][info][gc,stats       ]   Cleanup                            51 us
[1654.011s][info][gc,metaspace   ] Metaspace: 135199K(136256K)->135199K(136256K) NonClass: 114272K(114880K)->114272K(114880K) Class: 20927K(21376K)->20927K(21376K)
[1663.105s][info][gc             ] Failed to allocate TLAB, 4096K
[1663.105s][info][gc             ] Cancelling GC: Allocation Failure
[1663.105s][info][gc             ] Trigger: Handle Allocation Failure
[1663.105s][info][gc,ergo        ] Free: 0B, Max: 0B regular, 0B humongous, Frag: 0% external, 0% internal; Reserve: 412M, Max: 4096K
[1663.105s][info][gc,start       ] GC(154) Pause Degenerated GC (Outside of Cycle)
[1663.105s][info][gc,task        ] GC(154) Using 4 of 4 workers for stw degenerated gc
[1663.124s][info][gc,ref         ] GC(154) Clearing All SoftReferences
[1663.277s][info][gc,ref         ] GC(154) Encountered references: Soft: 3306, Weak: 22791, Final: 34, Phantom: 1273
[1663.277s][info][gc,ref         ] GC(154) Discovered  references: Soft: 790, Weak: 12040, Final: 34, Phantom: 944
[1663.277s][info][gc,ref         ] GC(154) Enqueued    references: Soft: 7, Weak: 6, Final: 0, Phantom: 0
[1663.283s][info][gc,ergo        ] GC(154) CSet Selection. Actual Free: 2580M, Max CSet: 2150M
[1663.283s][info][gc,ergo        ] GC(154) Collectable Garbage: 7260M (99%), Immediate: 2168M (29%), CSet: 5092M (69%)
[1663.394s][info][gc,ergo        ] GC(154) Good progress for free space: 7256M, need 83886K
[1663.394s][info][gc,ergo        ] GC(154) Good progress for used space: 7256M, need 4096K
[1663.394s][info][gc             ] GC(154) Pause Degenerated GC (Outside of Cycle) 7779M->523M(8192M) 289.538ms
[1663.394s][info][gc,ergo        ] Free: 7252M, Max: 4096K regular, 6808M humongous, Frag: 7% external, 1% internal; Reserve: 412M, Max: 4096K
[1663.395s][info][gc,stats       ] 
[1663.395s][info][gc,stats       ] All times are wall-clock times, except per-root-class counters, that are sum over
[1663.395s][info][gc,stats       ] all workers. Dividing the <total> over the root stage time estimates parallelism.
[1663.395s][info][gc,stats       ] 
[1663.395s][info][gc,stats       ] Pause Degenerated GC (G)         289670 us
[1663.395s][info][gc,stats       ] Pause Degenerated GC (N)         289589 us
[1663.395s][info][gc,stats       ]   Degen STW Mark                 152435 us, parallelism: 3.94x
[1663.395s][info][gc,stats       ]     DSM: <total>                 601215 us
[1663.395s][info][gc,stats       ]     DSM: Thread Roots               996 us, workers (us): 243, 244, 201, 308, 
[1663.395s][info][gc,stats       ]     DSM: VM Strong Roots             73 us, workers (us):  35,   0,  37,   0, 
[1663.395s][info][gc,stats       ]     DSM: CLDG Roots                 576 us, workers (us):  77, 412,  76,  11, 
[1663.395s][info][gc,stats       ]     DSM: Parallel Mark           599570 us, workers (us): 149968, 149668, 149970, 149963, 
[1663.395s][info][gc,stats       ]     System Purge                   7357 us
[1663.395s][info][gc,stats       ]       Weak References              1286 us, parallelism: 1.04x
[1663.395s][info][gc,stats       ]         WRP: <total>               1342 us
[1663.395s][info][gc,stats       ]         WRP: Weak References       1342 us, workers (us):  78, 1208,  55,   0, 
[1663.395s][info][gc,stats       ]       Unload Classes               5561 us, parallelism: 3.94x
[1663.395s][info][gc,stats       ]         DCU: <total>              21891 us
[1663.395s][info][gc,stats       ]         DCU: Unload Code Caches    21891 us, workers (us): 5492, 5495, 5461, 5443, 
[1663.395s][info][gc,stats       ]       Weak Roots                    232 us, parallelism: 3.66x
[1663.395s][info][gc,stats       ]         DWR: <total>                849 us
[1663.395s][info][gc,stats       ]         DWR: VM Weak Roots          849 us, workers (us): 220, 220, 219, 190, 
[1663.395s][info][gc,stats       ]       CLDG                            1 us
[1663.395s][info][gc,stats       ]   Update Region States               52 us
[1663.395s][info][gc,stats       ]   Manage GC/TLABs                    10 us
[1663.395s][info][gc,stats       ]   Choose Collection Set              80 us
[1663.395s][info][gc,stats       ]   Rebuild Free Set                   12 us
[1663.395s][info][gc,stats       ]   Evacuation                      47286 us
[1663.395s][info][gc,stats       ]   Manage GCLABs                       7 us
[1663.395s][info][gc,stats       ]   Update References               55931 us
[1663.395s][info][gc,stats       ]   Update Region States               84 us
[1663.395s][info][gc,stats       ]   Trash Collection Set               18 us
[1663.395s][info][gc,stats       ]   Rebuild Free Set                   13 us
[1663.395s][info][gc,stats       ]   Degen Update Roots               5622 us, parallelism: 3.90x
[1663.395s][info][gc,stats       ]     DU: <total>                   21926 us
[1663.395s][info][gc,stats       ]     DU: Thread Roots                169 us, workers (us):   1,  73,  11,  84, 
[1663.395s][info][gc,stats       ]     DU: Code Cache Roots          17036 us, workers (us): 4355, 4251, 4321, 4109, 
[1663.395s][info][gc,stats       ]     DU: VM Strong Roots               7 us, workers (us):   3,   3,   2,   0, 
[1663.395s][info][gc,stats       ]     DU: VM Weak Roots              4290 us, workers (us): 1078, 1080, 1078, 1053, 
[1663.395s][info][gc,stats       ]     DU: CLDG Roots                  425 us, workers (us):  91,  66,  67, 200, 
[1663.395s][info][gc,stats       ]   Cleanup                            51 us
[1663.395s][info][gc,metaspace   ] Metaspace: 135205K(136320K)->135205K(136320K) NonClass: 114278K(114944K)->114278K(114944K) Class: 20927K(21376K)->20927K(21376K)
[1672.269s][info][gc             ] Failed to allocate TLAB, 4096K
[1672.269s][info][gc             ] Cancelling GC: Allocation Failure
[1672.270s][info][gc             ] Trigger: Handle Allocation Failure
[1672.270s][info][gc,ergo        ] Free: 0B, Max: 0B regular, 0B humongous, Frag: 0% external, 0% internal; Reserve: 412M, Max: 4096K
[1672.270s][info][gc,start       ] GC(155) Pause Degenerated GC (Outside of Cycle)
[1672.270s][info][gc,task        ] GC(155) Using 4 of 4 workers for stw degenerated gc
[1672.296s][info][gc,ref         ] GC(155) Clearing All SoftReferences
[1672.450s][info][gc,ref         ] GC(155) Encountered references: Soft: 3300, Weak: 22786, Final: 34, Phantom: 1273
[1672.450s][info][gc,ref         ] GC(155) Discovered  references: Soft: 791, Weak: 12180, Final: 34, Phantom: 945
[1672.450s][info][gc,ref         ] GC(155) Enqueued    references: Soft: 1, Weak: 1, Final: 0, Phantom: 0
[1672.457s][info][gc,ergo        ] GC(155) CSet Selection. Actual Free: 3232M, Max CSet: 2693M
[1672.457s][info][gc,ergo        ] GC(155) Collectable Garbage: 7310M (99%), Immediate: 2820M (38%), CSet: 4490M (61%)
[1672.552s][info][gc,ergo        ] GC(155) Good progress for free space: 7300M, need 83886K
[1672.552s][info][gc,ergo        ] GC(155) Good progress for used space: 7300M, need 4096K
[1672.552s][info][gc             ] GC(155) Pause Degenerated GC (Outside of Cycle) 7779M->479M(8192M) 281.372ms
[1672.552s][info][gc,ergo        ] Free: 7288M, Max: 4096K regular, 6852M humongous, Frag: 6% external, 1% internal; Reserve: 412M, Max: 4096K
[1672.552s][info][gc,stats       ] 
[1672.552s][info][gc,stats       ] All times are wall-clock times, except per-root-class counters, that are sum over
[1672.552s][info][gc,stats       ] all workers. Dividing the <total> over the root stage time estimates parallelism.
[1672.552s][info][gc,stats       ] 
[1672.552s][info][gc,stats       ] Pause Degenerated GC (G)         281476 us
[1672.552s][info][gc,stats       ] Pause Degenerated GC (N)         281387 us
[1672.552s][info][gc,stats       ]   Degen STW Mark                 153297 us, parallelism: 3.94x
[1672.552s][info][gc,stats       ]     DSM: <total>                 603936 us
[1672.552s][info][gc,stats       ]     DSM: Thread Roots               818 us, workers (us): 215, 217, 215, 170, 
[1672.552s][info][gc,stats       ]     DSM: VM Strong Roots             97 us, workers (us):   0,  32,  42,  24, 
[1672.552s][info][gc,stats       ]     DSM: CLDG Roots                 927 us, workers (us): 515, 137, 138, 138, 
[1672.552s][info][gc,stats       ]     DSM: Parallel Mark           602095 us, workers (us): 150261, 150620, 150599, 150614, 
[1672.552s][info][gc,stats       ]     System Purge                   8550 us
[1672.552s][info][gc,stats       ]       Weak References              1197 us, parallelism: 1.05x
[1672.552s][info][gc,stats       ]         WRP: <total>               1259 us
[1672.552s][info][gc,stats       ]         WRP: Weak References       1259 us, workers (us): 104, 1096,  59,   0, 
[1672.552s][info][gc,stats       ]       Unload Classes               6587 us, parallelism: 3.92x
[1672.552s][info][gc,stats       ]         DCU: <total>              25824 us
[1672.552s][info][gc,stats       ]         DCU: Unload Code Caches    25824 us, workers (us): 6488, 6450, 6451, 6436, 
[1672.552s][info][gc,stats       ]       Weak Roots                    295 us, parallelism: 3.06x
[1672.552s][info][gc,stats       ]         DWR: <total>                903 us
[1672.552s][info][gc,stats       ]         DWR: VM Weak Roots          903 us, workers (us): 256, 216, 216, 215, 
[1672.552s][info][gc,stats       ]       CLDG                            5 us
[1672.552s][info][gc,stats       ]   Update Region States               79 us
[1672.552s][info][gc,stats       ]   Manage GC/TLABs                    24 us
[1672.552s][info][gc,stats       ]   Choose Collection Set              88 us
[1672.552s][info][gc,stats       ]   Rebuild Free Set                   13 us
[1672.552s][info][gc,stats       ]   Evacuation                      33682 us
[1672.552s][info][gc,stats       ]   Manage GCLABs                       8 us
[1672.552s][info][gc,stats       ]   Update References               52521 us
[1672.552s][info][gc,stats       ]   Update Region States               84 us
[1672.552s][info][gc,stats       ]   Trash Collection Set               20 us
[1672.552s][info][gc,stats       ]   Rebuild Free Set                   24 us
[1672.552s][info][gc,stats       ]   Degen Update Roots               5882 us, parallelism: 3.89x
[1672.552s][info][gc,stats       ]     DU: <total>                   22879 us
[1672.552s][info][gc,stats       ]     DU: Thread Roots                158 us, workers (us):   1, 100,   1,  57, 
[1672.552s][info][gc,stats       ]     DU: Code Cache Roots          17609 us, workers (us): 4391, 4342, 4523, 4353, 
[1672.552s][info][gc,stats       ]     DU: VM Strong Roots               7 us, workers (us):   4,   3,   0,   0, 
[1672.552s][info][gc,stats       ]     DU: VM Weak Roots              4699 us, workers (us): 1194, 1194, 1163, 1148, 
[1672.552s][info][gc,stats       ]     DU: CLDG Roots                  406 us, workers (us): 178,  62,  67,  99, 
[1672.552s][info][gc,stats       ]   Cleanup                            51 us
[1672.552s][info][gc,metaspace   ] Metaspace: 135207K(136320K)->135207K(136320K) NonClass: 114280K(114944K)->114280K(114944K) Class: 20927K(21376K)->20927K(21376K)
[1682.936s][info][gc             ] Failed to allocate TLAB, 4096K
[1682.936s][info][gc             ] Cancelling GC: Allocation Failure
[1682.937s][info][gc             ] Trigger: Handle Allocation Failure
[1682.937s][info][gc,ergo        ] Free: 0B, Max: 0B regular, 0B humongous, Frag: 0% external, 0% internal; Reserve: 412M, Max: 4096K
[1682.937s][info][gc,start       ] GC(156) Pause Degenerated GC (Outside of Cycle)
[1682.937s][info][gc,task        ] GC(156) Using 4 of 4 workers for stw degenerated gc
[1682.953s][info][gc,ref         ] GC(156) Clearing All SoftReferences
[1683.067s][info][gc,ref         ] GC(156) Encountered references: Soft: 3301, Weak: 22796, Final: 34, Phantom: 1287
[1683.067s][info][gc,ref         ] GC(156) Discovered  references: Soft: 1421, Weak: 12489, Final: 0, Phantom: 938
[1683.067s][info][gc,ref         ] GC(156) Enqueued    references: Soft: 2, Weak: 6, Final: 0, Phantom: 1
[1683.074s][info][gc,ergo        ] GC(156) CSet Selection. Actual Free: 2372M, Max CSet: 1976M
[1683.074s][info][gc,ergo        ] GC(156) Collectable Garbage: 7293M (99%), Immediate: 1960M (26%), CSet: 5333M (72%)
[1683.175s][info][gc,ergo        ] GC(156) Good progress for free space: 7288M, need 83886K
[1683.175s][info][gc,ergo        ] GC(156) Good progress for used space: 7288M, need 4096K
[1683.175s][info][gc             ] GC(156) Pause Degenerated GC (Outside of Cycle) 7779M->491M(8192M) 238.289ms
[1683.175s][info][gc,ergo        ] Free: 7260M, Max: 4096K regular, 6840M humongous, Frag: 6% external, 0% internal; Reserve: 412M, Max: 4096K
[1683.175s][info][gc,stats       ] 
[1683.175s][info][gc,stats       ] All times are wall-clock times, except per-root-class counters, that are sum over
[1683.175s][info][gc,stats       ] all workers. Dividing the <total> over the root stage time estimates parallelism.
[1683.175s][info][gc,stats       ] 
[1683.175s][info][gc,stats       ] Pause Degenerated GC (G)         238390 us
[1683.175s][info][gc,stats       ] Pause Degenerated GC (N)         238304 us
[1683.175s][info][gc,stats       ]   Degen STW Mark                 113063 us, parallelism: 3.89x
[1683.175s][info][gc,stats       ]     DSM: <total>                 440361 us
[1683.175s][info][gc,stats       ]     DSM: Thread Roots               471 us, workers (us): 126, 125, 110, 110, 
[1683.175s][info][gc,stats       ]     DSM: VM Strong Roots             27 us, workers (us):   9,   8,   0,  10, 
[1683.175s][info][gc,stats       ]     DSM: CLDG Roots                 327 us, workers (us):  40,  40, 207,  40, 
[1683.175s][info][gc,stats       ]     DSM: Parallel Mark           439536 us, workers (us): 109917, 109928, 109759, 109932, 
[1683.175s][info][gc,stats       ]     System Purge                   8277 us
[1683.175s][info][gc,stats       ]       Weak References              1282 us, parallelism: 1.18x
[1683.175s][info][gc,stats       ]         WRP: <total>               1510 us
[1683.175s][info][gc,stats       ]         WRP: Weak References       1510 us, workers (us): 1172,  33, 143, 162, 
[1683.175s][info][gc,stats       ]       Unload Classes               6321 us, parallelism: 3.91x
[1683.175s][info][gc,stats       ]         DCU: <total>              24697 us
[1683.175s][info][gc,stats       ]         DCU: Unload Code Caches    24697 us, workers (us): 6197, 6167, 6164, 6169, 
[1683.175s][info][gc,stats       ]       Weak Roots                    329 us, parallelism: 2.97x
[1683.175s][info][gc,stats       ]         DWR: <total>                975 us
[1683.175s][info][gc,stats       ]         DWR: VM Weak Roots          975 us, workers (us): 259, 239, 239, 238, 
[1683.175s][info][gc,stats       ]       CLDG                            2 us
[1683.175s][info][gc,stats       ]   Update Region States               40 us
[1683.175s][info][gc,stats       ]   Manage GC/TLABs                    10 us
[1683.176s][info][gc,stats       ]   Choose Collection Set              69 us
[1683.176s][info][gc,stats       ]   Rebuild Free Set                   11 us
[1683.176s][info][gc,stats       ]   Evacuation                      42763 us
[1683.176s][info][gc,stats       ]   Manage GCLABs                      20 us
[1683.176s][info][gc,stats       ]   Update References               50530 us
[1683.176s][info][gc,stats       ]   Update Region States               82 us
[1683.176s][info][gc,stats       ]   Trash Collection Set               11 us
[1683.176s][info][gc,stats       ]   Rebuild Free Set                   13 us
[1683.176s][info][gc,stats       ]   Degen Update Roots               5814 us, parallelism: 3.89x
[1683.176s][info][gc,stats       ]     DU: <total>                   22603 us
[1683.176s][info][gc,stats       ]     DU: Thread Roots                158 us, workers (us):   1, 104,   1,  51, 
[1683.176s][info][gc,stats       ]     DU: Code Cache Roots          17631 us, workers (us): 4522, 4349, 4388, 4373, 
[1683.176s][info][gc,stats       ]     DU: VM Strong Roots               6 us, workers (us):   6,   0,   0,   0, 
[1683.176s][info][gc,stats       ]     DU: VM Weak Roots              4376 us, workers (us): 1119, 1097, 1081, 1079, 
[1683.176s][info][gc,stats       ]     DU: CLDG Roots                  432 us, workers (us):  67,  68, 200,  98, 
[1683.176s][info][gc,stats       ]   Cleanup                            52 us
[1683.176s][info][gc,metaspace   ] Metaspace: 135209K(136320K)->135209K(136320K) NonClass: 114281K(114944K)->114281K(114944K) Class: 20927K(21376K)->20927K(21376K)
[1691.170s][info][gc             ] Failed to allocate TLAB, 4096K
[1691.170s][info][gc             ] Cancelling GC: Allocation Failure
[1691.171s][info][gc             ] Trigger: Handle Allocation Failure
[1691.171s][info][gc,ergo        ] Free: 0B, Max: 0B regular, 0B humongous, Frag: 0% external, 0% internal; Reserve: 412M, Max: 4096K
[1691.171s][info][gc,start       ] GC(157) Pause Degenerated GC (Outside of Cycle)
[1691.171s][info][gc,task        ] GC(157) Using 4 of 4 workers for stw degenerated gc
[1691.185s][info][gc,ref         ] GC(157) Clearing All SoftReferences
[1691.304s][info][gc,ref         ] GC(157) Encountered references: Soft: 3306, Weak: 22793, Final: 34, Phantom: 1285
[1691.304s][info][gc,ref         ] GC(157) Discovered  references: Soft: 2775, Weak: 12615, Final: 0, Phantom: 924
[1691.304s][info][gc,ref         ] GC(157) Enqueued    references: Soft: 7, Weak: 3, Final: 0, Phantom: 0
[1691.310s][info][gc,ergo        ] GC(157) CSet Selection. Actual Free: 4996M, Max CSet: 4163M
[1691.310s][info][gc,ergo        ] GC(157) Collectable Garbage: 7316M (99%), Immediate: 4584M (62%), CSet: 2732M (37%)
[1691.393s][info][gc,ergo        ] GC(157) Good progress for free space: 7304M, need 83886K
[1691.393s][info][gc,ergo        ] GC(157) Good progress for used space: 7304M, need 4096K
[1691.393s][info][gc             ] GC(157) Pause Degenerated GC (Outside of Cycle) 7779M->475M(8192M) 222.128ms
[1691.393s][info][gc,ergo        ] Free: 7300M, Max: 4096K regular, 6856M humongous, Frag: 7% external, 1% internal; Reserve: 412M, Max: 4096K
[1691.393s][info][gc,stats       ] 
[1691.393s][info][gc,stats       ] All times are wall-clock times, except per-root-class counters, that are sum over
[1691.393s][info][gc,stats       ] all workers. Dividing the <total> over the root stage time estimates parallelism.
[1691.393s][info][gc,stats       ] 
[1691.393s][info][gc,stats       ] Pause Degenerated GC (G)         222187 us
[1691.393s][info][gc,stats       ] Pause Degenerated GC (N)         222145 us
[1691.393s][info][gc,stats       ]   Degen STW Mark                 118183 us, parallelism: 3.92x
[1691.393s][info][gc,stats       ]     DSM: <total>                 463238 us
[1691.393s][info][gc,stats       ]     DSM: Thread Roots               512 us, workers (us): 129, 129, 128, 126, 
[1691.393s][info][gc,stats       ]     DSM: VM Strong Roots             35 us, workers (us):   0,  13,  11,  11, 
[1691.393s][info][gc,stats       ]     DSM: CLDG Roots                 306 us, workers (us): 196,  37,  37,  37, 
[1691.393s][info][gc,stats       ]     DSM: Parallel Mark           462384 us, workers (us): 115480, 115632, 115642, 115630, 
[1691.393s][info][gc,stats       ]     System Purge                   7015 us
[1691.393s][info][gc,stats       ]       Weak References              1151 us, parallelism: 1.19x
[1691.393s][info][gc,stats       ]         WRP: <total>               1374 us
[1691.393s][info][gc,stats       ]         WRP: Weak References       1374 us, workers (us):  81, 128, 125, 1040, 
[1691.393s][info][gc,stats       ]       Unload Classes               5374 us, parallelism: 3.93x
[1691.393s][info][gc,stats       ]         DCU: <total>              21096 us
[1691.393s][info][gc,stats       ]         DCU: Unload Code Caches    21096 us, workers (us): 5302, 5276, 5265, 5254, 
[1691.393s][info][gc,stats       ]       Weak Roots                    252 us, parallelism: 3.52x
[1691.393s][info][gc,stats       ]         DWR: <total>                885 us
[1691.393s][info][gc,stats       ]         DWR: VM Weak Roots          885 us, workers (us): 240, 239, 203, 203, 
[1691.393s][info][gc,stats       ]       CLDG                            1 us
[1691.393s][info][gc,stats       ]   Update Region States               36 us
[1691.393s][info][gc,stats       ]   Manage GC/TLABs                    11 us
[1691.393s][info][gc,stats       ]   Choose Collection Set              64 us
[1691.393s][info][gc,stats       ]   Rebuild Free Set                   11 us
[1691.393s][info][gc,stats       ]   Evacuation                      27256 us
[1691.393s][info][gc,stats       ]   Manage GCLABs                       7 us
[1691.393s][info][gc,stats       ]   Update References               47753 us
[1691.393s][info][gc,stats       ]   Update Region States               50 us
[1691.393s][info][gc,stats       ]   Trash Collection Set               10 us
[1691.393s][info][gc,stats       ]   Rebuild Free Set                   12 us
[1691.393s][info][gc,stats       ]   Degen Update Roots               6021 us, parallelism: 3.89x
[1691.393s][info][gc,stats       ]     DU: <total>                   23441 us
[1691.393s][info][gc,stats       ]     DU: Thread Roots                158 us, workers (us):   1,  70,  87,   1, 
[1691.393s][info][gc,stats       ]     DU: Code Cache Roots          17495 us, workers (us): 4518, 4191, 4293, 4492, 
[1691.393s][info][gc,stats       ]     DU: VM Strong Roots               8 us, workers (us):   3,   3,   2,   0, 
[1691.393s][info][gc,stats       ]     DU: VM Weak Roots              5279 us, workers (us): 1327, 1330, 1327, 1295, 
[1691.393s][info][gc,stats       ]     DU: CLDG Roots                  501 us, workers (us):  79, 231, 115,  77, 
[1691.393s][info][gc,stats       ]   Cleanup                            30 us
[1691.393s][info][gc,metaspace   ] Metaspace: 135209K(136320K)->135209K(136320K) NonClass: 114281K(114944K)->114281K(114944K) Class: 20927K(21376K)->20927K(21376K)
[1704.394s][info][gc             ] Failed to allocate TLAB, 4096K
[1704.395s][info][gc             ] Cancelling GC: Allocation Failure
[1704.395s][info][gc             ] Trigger: Handle Allocation Failure
[1704.395s][info][gc,ergo        ] Free: 0B, Max: 0B regular, 0B humongous, Frag: 0% external, 0% internal; Reserve: 412M, Max: 4096K
[1704.395s][info][gc,start       ] GC(158) Pause Degenerated GC (Outside of Cycle)
[1704.395s][info][gc,task        ] GC(158) Using 4 of 4 workers for stw degenerated gc
[1704.410s][info][gc,ref         ] GC(158) Clearing All SoftReferences
[1704.620s][info][gc,ref         ] GC(158) Encountered references: Soft: 3300, Weak: 22800, Final: 34, Phantom: 1297
[1704.621s][info][gc,ref         ] GC(158) Discovered  references: Soft: 2773, Weak: 12602, Final: 0, Phantom: 934
[1704.621s][info][gc,ref         ] GC(158) Enqueued    references: Soft: 1, Weak: 6, Final: 0, Phantom: 0
[1704.634s][info][gc,ergo        ] GC(158) CSet Selection. Actual Free: 1568M, Max CSet: 1306M
[1704.635s][info][gc,ergo        ] GC(158) Collectable Garbage: 7271M (99%), Immediate: 1156M (15%), CSet: 6115M (83%)
[1704.797s][info][gc,ergo        ] GC(158) Good progress for free space: 7260M, need 83886K
[1704.797s][info][gc,ergo        ] GC(158) Good progress for used space: 7260M, need 4096K
[1704.797s][info][gc             ] GC(158) Pause Degenerated GC (Outside of Cycle) 7779M->519M(8192M) 402.122ms
[1704.797s][info][gc,ergo        ] Free: 7244M, Max: 4096K regular, 6812M humongous, Frag: 6% external, 1% internal; Reserve: 412M, Max: 4096K
[1704.797s][info][gc,stats       ] 
[1704.797s][info][gc,stats       ] All times are wall-clock times, except per-root-class counters, that are sum over
[1704.797s][info][gc,stats       ] all workers. Dividing the <total> over the root stage time estimates parallelism.
[1704.797s][info][gc,stats       ] 
[1704.797s][info][gc,stats       ] Pause Degenerated GC (G)         402196 us
[1704.797s][info][gc,stats       ] Pause Degenerated GC (N)         402140 us
[1704.797s][info][gc,stats       ]   Degen STW Mark                 208032 us, parallelism: 3.91x
[1704.797s][info][gc,stats       ]     DSM: <total>                 813057 us
[1704.797s][info][gc,stats       ]     DSM: Thread Roots               583 us, workers (us): 154, 154, 152, 123, 
[1704.797s][info][gc,stats       ]     DSM: VM Strong Roots             42 us, workers (us):   0,  12,  14,  17, 
[1704.797s][info][gc,stats       ]     DSM: CLDG Roots                 457 us, workers (us): 273,  61,  62,  62, 
[1704.797s][info][gc,stats       ]     DSM: Parallel Mark           811974 us, workers (us): 202837, 203055, 203050, 203032, 
[1704.797s][info][gc,stats       ]     System Purge                  16827 us
[1704.797s][info][gc,stats       ]       Weak References              3039 us, parallelism: 1.21x
[1704.797s][info][gc,stats       ]         WRP: <total>               3664 us
[1704.797s][info][gc,stats       ]         WRP: Weak References       3664 us, workers (us): 186, 505, 2911,  61, 
[1704.797s][info][gc,stats       ]       Unload Classes              12615 us, parallelism: 3.93x
[1704.797s][info][gc,stats       ]         DCU: <total>              49615 us
[1704.797s][info][gc,stats       ]         DCU: Unload Code Caches    49615 us, workers (us): 12425, 12421, 12398, 12372, 
[1704.797s][info][gc,stats       ]       Weak Roots                    577 us, parallelism: 3.79x
[1704.797s][info][gc,stats       ]         DWR: <total>               2186 us
[1704.797s][info][gc,stats       ]         DWR: VM Weak Roots         2186 us, workers (us): 553, 554, 554, 525, 
[1704.797s][info][gc,stats       ]       CLDG                            6 us
[1704.797s][info][gc,stats       ]   Update Region States              107 us
[1704.797s][info][gc,stats       ]   Manage GC/TLABs                    22 us
[1704.797s][info][gc,stats       ]   Choose Collection Set             143 us
[1704.797s][info][gc,stats       ]   Rebuild Free Set                   11 us
[1704.797s][info][gc,stats       ]   Evacuation                      79177 us
[1704.797s][info][gc,stats       ]   Manage GCLABs                      19 us
[1704.797s][info][gc,stats       ]   Update References               74482 us
[1704.797s][info][gc,stats       ]   Update Region States               67 us
[1704.797s][info][gc,stats       ]   Trash Collection Set               20 us
[1704.797s][info][gc,stats       ]   Rebuild Free Set                   11 us
[1704.797s][info][gc,stats       ]   Degen Update Roots               6015 us, parallelism: 3.88x
[1704.797s][info][gc,stats       ]     DU: <total>                   23326 us
[1704.797s][info][gc,stats       ]     DU: Thread Roots                251 us, workers (us): 134, 115,   1,   1, 
[1704.797s][info][gc,stats       ]     DU: Code Cache Roots          17818 us, workers (us): 4361, 4261, 4569, 4627, 
[1704.797s][info][gc,stats       ]     DU: VM Strong Roots               8 us, workers (us):   3,   3,   2,   0, 
[1704.797s][info][gc,stats       ]     DU: VM Weak Roots              4839 us, workers (us): 1217, 1218, 1216, 1188, 
[1704.797s][info][gc,stats       ]     DU: CLDG Roots                  410 us, workers (us):  65, 184,  94,  67, 
[1704.797s][info][gc,stats       ]   Cleanup                            68 us
[1704.798s][info][gc,metaspace   ] Metaspace: 135212K(136320K)->135212K(136320K) NonClass: 114284K(114944K)->114284K(114944K) Class: 20927K(21376K)->20927K(21376K)
[1715.583s][info][gc             ] Failed to allocate TLAB, 4096K
[1715.583s][info][gc             ] Cancelling GC: Allocation Failure
[1715.583s][info][gc             ] Trigger: Handle Allocation Failure
[1715.583s][info][gc,ergo        ] Free: 0B, Max: 0B regular, 0B humongous, Frag: 0% external, 0% internal; Reserve: 412M, Max: 4096K
[1715.583s][info][gc,start       ] GC(159) Pause Degenerated GC (Outside of Cycle)
[1715.583s][info][gc,task        ] GC(159) Using 4 of 4 workers for stw degenerated gc
[1715.598s][info][gc,ref         ] GC(159) Clearing All SoftReferences
[1715.711s][info][gc,ref         ] GC(159) Encountered references: Soft: 3300, Weak: 22796, Final: 34, Phantom: 1297
[1715.711s][info][gc,ref         ] GC(159) Discovered  references: Soft: 2769, Weak: 12414, Final: 0, Phantom: 931
[1715.711s][info][gc,ref         ] GC(159) Enqueued    references: Soft: 1, Weak: 1, Final: 0, Phantom: 0
[1715.717s][info][gc,ergo        ] GC(159) CSet Selection. Actual Free: 1396M, Max CSet: 1163M
[1715.718s][info][gc,ergo        ] GC(159) Collectable Garbage: 7267M (99%), Immediate: 984M (13%), CSet: 6283M (86%)
[1715.836s][info][gc,ergo        ] GC(159) Good progress for free space: 7264M, need 83886K
[1715.836s][info][gc,ergo        ] GC(159) Good progress for used space: 7264M, need 4096K
[1715.836s][info][gc             ] GC(159) Pause Degenerated GC (Outside of Cycle) 7779M->515M(8192M) 252.556ms
[1715.836s][info][gc,ergo        ] Free: 7260M, Max: 4096K regular, 6816M humongous, Frag: 7% external, 1% internal; Reserve: 412M, Max: 4096K
[1715.836s][info][gc,stats       ] 
[1715.836s][info][gc,stats       ] All times are wall-clock times, except per-root-class counters, that are sum over
[1715.836s][info][gc,stats       ] all workers. Dividing the <total> over the root stage time estimates parallelism.
[1715.836s][info][gc,stats       ] 
[1715.836s][info][gc,stats       ] Pause Degenerated GC (G)         252613 us
[1715.836s][info][gc,stats       ] Pause Degenerated GC (N)         252570 us
[1715.836s][info][gc,stats       ]   Degen STW Mark                 111345 us, parallelism: 3.93x
[1715.836s][info][gc,stats       ]     DSM: <total>                 437470 us
[1715.836s][info][gc,stats       ]     DSM: Thread Roots               365 us, workers (us): 108, 108,  82,  69, 
[1715.836s][info][gc,stats       ]     DSM: VM Strong Roots             26 us, workers (us):   8,  10,   0,   8, 
[1715.836s][info][gc,stats       ]     DSM: CLDG Roots                 261 us, workers (us):  29,  29, 174,  29, 
[1715.836s][info][gc,stats       ]     DSM: Parallel Mark           436817 us, workers (us): 109248, 109241, 109091, 109237, 
[1715.836s][info][gc,stats       ]     System Purge                   7761 us
[1715.836s][info][gc,stats       ]       Weak References              1121 us, parallelism: 1.15x
[1715.836s][info][gc,stats       ]         WRP: <total>               1291 us
[1715.836s][info][gc,stats       ]         WRP: Weak References       1291 us, workers (us): 1004,  13,  51, 222, 
[1715.836s][info][gc,stats       ]       Unload Classes               6097 us, parallelism: 3.93x
[1715.836s][info][gc,stats       ]         DCU: <total>              23932 us
[1715.836s][info][gc,stats       ]         DCU: Unload Code Caches    23932 us, workers (us): 5997, 5982, 5972, 5981, 
[1715.836s][info][gc,stats       ]       Weak Roots                    283 us, parallelism: 3.21x
[1715.836s][info][gc,stats       ]         DWR: <total>                906 us
[1715.836s][info][gc,stats       ]         DWR: VM Weak Roots          906 us, workers (us): 228, 226, 226, 226, 
[1715.836s][info][gc,stats       ]       CLDG                            2 us
[1715.836s][info][gc,stats       ]   Update Region States               95 us
[1715.836s][info][gc,stats       ]   Manage GC/TLABs                     9 us
[1715.836s][info][gc,stats       ]   Choose Collection Set              76 us
[1715.836s][info][gc,stats       ]   Rebuild Free Set                    9 us
[1715.836s][info][gc,stats       ]   Evacuation                      52344 us
[1715.836s][info][gc,stats       ]   Manage GCLABs                      11 us
[1715.836s][info][gc,stats       ]   Update References               58308 us
[1715.836s][info][gc,stats       ]   Update Region States               80 us
[1715.836s][info][gc,stats       ]   Trash Collection Set               17 us
[1715.836s][info][gc,stats       ]   Rebuild Free Set                   10 us
[1715.836s][info][gc,stats       ]   Degen Update Roots               5775 us, parallelism: 3.87x
[1715.836s][info][gc,stats       ]     DU: <total>                   22377 us
[1715.836s][info][gc,stats       ]     DU: Thread Roots                155 us, workers (us):  92,   1,   1,  62, 
[1715.836s][info][gc,stats       ]     DU: Code Cache Roots          17444 us, workers (us): 4287, 4442, 4508, 4207, 
[1715.836s][info][gc,stats       ]     DU: VM Strong Roots               7 us, workers (us):   4,   3,   0,   0, 
[1715.836s][info][gc,stats       ]     DU: VM Weak Roots              4338 us, workers (us): 1098, 1098, 1070, 1071, 
[1715.836s][info][gc,stats       ]     DU: CLDG Roots                  432 us, workers (us):  92,  68,  68, 203, 
[1715.836s][info][gc,stats       ]   Cleanup                            58 us
[1715.836s][info][gc,metaspace   ] Metaspace: 135215K(136320K)->135215K(136320K) NonClass: 114287K(114944K)->114287K(114944K) Class: 20927K(21376K)->20927K(21376K)
[1727.753s][info][gc             ] Failed to allocate TLAB, 4096K
[1727.753s][info][gc             ] Cancelling GC: Allocation Failure
[1727.754s][info][gc             ] Trigger: Handle Allocation Failure
[1727.755s][info][gc,ergo        ] Free: 0B, Max: 0B regular, 0B humongous, Frag: 0% external, 0% internal; Reserve: 412M, Max: 4096K
[1727.755s][info][gc,start       ] GC(160) Pause Degenerated GC (Outside of Cycle)
[1727.755s][info][gc,task        ] GC(160) Using 4 of 4 workers for stw degenerated gc
[1727.775s][info][gc,ref         ] GC(160) Clearing All SoftReferences
[1727.915s][info][gc,ref         ] GC(160) Encountered references: Soft: 3306, Weak: 22803, Final: 34, Phantom: 1303
[1727.915s][info][gc,ref         ] GC(160) Discovered  references: Soft: 2774, Weak: 12267, Final: 0, Phantom: 954
[1727.915s][info][gc,ref         ] GC(160) Enqueued    references: Soft: 7, Weak: 7, Final: 0, Phantom: 0
[1727.921s][info][gc,ergo        ] GC(160) CSet Selection. Actual Free: 1228M, Max CSet: 1023M
[1727.921s][info][gc,ergo        ] GC(160) Collectable Garbage: 7267M (99%), Immediate: 816M (11%), CSet: 6451M (88%)
[1728.048s][info][gc,ergo        ] GC(160) Good progress for free space: 7260M, need 83886K
[1728.048s][info][gc,ergo        ] GC(160) Good progress for used space: 7260M, need 4096K
[1728.048s][info][gc             ] GC(160) Pause Degenerated GC (Outside of Cycle) 7779M->519M(8192M) 293.214ms
[1728.048s][info][gc,ergo        ] Free: 7244M, Max: 4096K regular, 6812M humongous, Frag: 6% external, 1% internal; Reserve: 412M, Max: 4096K
[1728.048s][info][gc,stats       ] 
[1728.048s][info][gc,stats       ] All times are wall-clock times, except per-root-class counters, that are sum over
[1728.048s][info][gc,stats       ] all workers. Dividing the <total> over the root stage time estimates parallelism.
[1728.048s][info][gc,stats       ] 
[1728.048s][info][gc,stats       ] Pause Degenerated GC (G)         293308 us
[1728.048s][info][gc,stats       ] Pause Degenerated GC (N)         293228 us
[1728.048s][info][gc,stats       ]   Degen STW Mark                 138812 us, parallelism: 3.93x
[1728.048s][info][gc,stats       ]     DSM: <total>                 545724 us
[1728.048s][info][gc,stats       ]     DSM: Thread Roots               661 us, workers (us): 168, 167, 165, 161, 
[1728.048s][info][gc,stats       ]     DSM: VM Strong Roots             36 us, workers (us):   0,  11,  11,  14, 
[1728.048s][info][gc,stats       ]     DSM: CLDG Roots                 386 us, workers (us): 228,  53,  53,  53, 
[1728.048s][info][gc,stats       ]     DSM: Parallel Mark           544642 us, workers (us): 136035, 136201, 136209, 136197, 
[1728.048s][info][gc,stats       ]     System Purge                   7698 us
[1728.048s][info][gc,stats       ]       Weak References              1313 us, parallelism: 1.22x
[1728.048s][info][gc,stats       ]         WRP: <total>               1603 us
[1728.048s][info][gc,stats       ]         WRP: Weak References       1603 us, workers (us):  96, 1197,  34, 276, 
[1728.048s][info][gc,stats       ]       Unload Classes               5823 us, parallelism: 3.93x
[1728.048s][info][gc,stats       ]         DCU: <total>              22876 us
[1728.048s][info][gc,stats       ]         DCU: Unload Code Caches    22876 us, workers (us): 5731, 5725, 5735, 5686, 
[1728.048s][info][gc,stats       ]       Weak Roots                    277 us, parallelism: 3.25x
[1728.048s][info][gc,stats       ]         DWR: <total>                902 us
[1728.048s][info][gc,stats       ]         DWR: VM Weak Roots          902 us, workers (us): 234, 232, 232, 204, 
[1728.048s][info][gc,stats       ]       CLDG                            2 us
[1728.048s][info][gc,stats       ]   Update Region States               85 us
[1728.048s][info][gc,stats       ]   Manage GC/TLABs                    12 us
[1728.048s][info][gc,stats       ]   Choose Collection Set              77 us
[1728.048s][info][gc,stats       ]   Rebuild Free Set                   11 us
[1728.048s][info][gc,stats       ]   Evacuation                      50665 us
[1728.048s][info][gc,stats       ]   Manage GCLABs                       7 us
[1728.048s][info][gc,stats       ]   Update References               62584 us
[1728.048s][info][gc,stats       ]   Update Region States               66 us
[1728.048s][info][gc,stats       ]   Trash Collection Set               19 us
[1728.048s][info][gc,stats       ]   Rebuild Free Set                   10 us
[1728.048s][info][gc,stats       ]   Degen Update Roots               9726 us, parallelism: 3.94x
[1728.048s][info][gc,stats       ]     DU: <total>                   38271 us
[1728.048s][info][gc,stats       ]     DU: Thread Roots                329 us, workers (us): 171,   1,   1, 156, 
[1728.048s][info][gc,stats       ]     DU: Code Cache Roots          29265 us, workers (us): 7049, 7514, 7469, 7232, 
[1728.048s][info][gc,stats       ]     DU: VM Strong Roots              15 us, workers (us):   4,   4,   3,   3, 
[1728.048s][info][gc,stats       ]     DU: VM Weak Roots              7970 us, workers (us): 1995, 1991, 1992, 1992, 
[1728.048s][info][gc,stats       ]     DU: CLDG Roots                  693 us, workers (us): 324, 106, 105, 158, 
[1728.048s][info][gc,stats       ]   Cleanup                            70 us
[1728.048s][info][gc,metaspace   ] Metaspace: 135217K(136320K)->135217K(136320K) NonClass: 114289K(114944K)->114289K(114944K) Class: 20927K(21376K)->20927K(21376K)
[1740.599s][info][gc             ] Failed to allocate TLAB, 4096K
[1740.599s][info][gc             ] Cancelling GC: Allocation Failure
[1740.600s][info][gc             ] Trigger: Handle Allocation Failure
[1740.600s][info][gc,ergo        ] Free: 0B, Max: 0B regular, 0B humongous, Frag: 0% external, 0% internal; Reserve: 412M, Max: 4096K
[1740.600s][info][gc,start       ] GC(161) Pause Degenerated GC (Outside of Cycle)
[1740.600s][info][gc,task        ] GC(161) Using 4 of 4 workers for stw degenerated gc
[1740.614s][info][gc,ref         ] GC(161) Clearing All SoftReferences
[1740.741s][info][gc,ref         ] GC(161) Encountered references: Soft: 3300, Weak: 22799, Final: 34, Phantom: 1306
[1740.741s][info][gc,ref         ] GC(161) Discovered  references: Soft: 1426, Weak: 12266, Final: 0, Phantom: 951
[1740.741s][info][gc,ref         ] GC(161) Enqueued    references: Soft: 1, Weak: 2, Final: 0, Phantom: 0
[1740.748s][info][gc,ergo        ] GC(161) CSet Selection. Actual Free: 1308M, Max CSet: 1090M
[1740.748s][info][gc,ergo        ] GC(161) Collectable Garbage: 7278M (99%), Immediate: 896M (12%), CSet: 6382M (87%)
[1740.854s][info][gc,ergo        ] GC(161) Good progress for free space: 7272M, need 83886K
[1740.854s][info][gc,ergo        ] GC(161) Good progress for used space: 7272M, need 4096K
[1740.854s][info][gc             ] GC(161) Pause Degenerated GC (Outside of Cycle) 7779M->507M(8192M) 254.094ms
[1740.854s][info][gc,ergo        ] Free: 7272M, Max: 4096K regular, 6824M humongous, Frag: 7% external, 1% internal; Reserve: 412M, Max: 4096K
[1740.854s][info][gc,stats       ] 
[1740.854s][info][gc,stats       ] All times are wall-clock times, except per-root-class counters, that are sum over
[1740.854s][info][gc,stats       ] all workers. Dividing the <total> over the root stage time estimates parallelism.
[1740.854s][info][gc,stats       ] 
[1740.854s][info][gc,stats       ] Pause Degenerated GC (G)         254150 us
[1740.854s][info][gc,stats       ] Pause Degenerated GC (N)         254109 us
[1740.854s][info][gc,stats       ]   Degen STW Mark                 126193 us, parallelism: 3.91x
[1740.854s][info][gc,stats       ]     DSM: <total>                 493784 us
[1740.854s][info][gc,stats       ]     DSM: Thread Roots               531 us, workers (us): 149, 149, 124, 110, 
[1740.854s][info][gc,stats       ]     DSM: VM Strong Roots             29 us, workers (us):   0,  10,   9,   9, 
[1740.854s][info][gc,stats       ]     DSM: CLDG Roots                 306 us, workers (us): 186,  40,  40,  40, 
[1740.854s][info][gc,stats       ]     DSM: Parallel Mark           492919 us, workers (us): 123125, 123261, 123270, 123263, 
[1740.854s][info][gc,stats       ]     System Purge                   8403 us
[1740.854s][info][gc,stats       ]       Weak References              1222 us, parallelism: 1.10x
[1740.854s][info][gc,stats       ]         WRP: <total>               1348 us
[1740.854s][info][gc,stats       ]         WRP: Weak References       1348 us, workers (us):  62, 109, 1109,  69, 
[1740.854s][info][gc,stats       ]       Unload Classes               6376 us, parallelism: 3.94x
[1740.854s][info][gc,stats       ]         DCU: <total>              25135 us
[1740.854s][info][gc,stats       ]         DCU: Unload Code Caches    25135 us, workers (us): 6306, 6303, 6269, 6257, 
[1740.854s][info][gc,stats       ]       Weak Roots                    333 us, parallelism: 3.11x
[1740.854s][info][gc,stats       ]         DWR: <total>               1034 us
[1740.854s][info][gc,stats       ]         DWR: VM Weak Roots         1034 us, workers (us): 287, 254, 254, 239, 
[1740.854s][info][gc,stats       ]       CLDG                            2 us
[1740.854s][info][gc,stats       ]   Update Region States               40 us
[1740.854s][info][gc,stats       ]   Manage GC/TLABs                    10 us
[1740.854s][info][gc,stats       ]   Choose Collection Set              69 us
[1740.854s][info][gc,stats       ]   Rebuild Free Set                   10 us
[1740.854s][info][gc,stats       ]   Evacuation                      44843 us
[1740.854s][info][gc,stats       ]   Manage GCLABs                      17 us
[1740.854s][info][gc,stats       ]   Update References               53034 us
[1740.854s][info][gc,stats       ]   Update Region States               74 us
[1740.854s][info][gc,stats       ]   Trash Collection Set               17 us
[1740.854s][info][gc,stats       ]   Rebuild Free Set                   10 us
[1740.854s][info][gc,stats       ]   Degen Update Roots               5710 us, parallelism: 3.87x
[1740.854s][info][gc,stats       ]     DU: <total>                   22073 us
[1740.854s][info][gc,stats       ]     DU: Thread Roots                160 us, workers (us):   1,  71,  87,   1, 
[1740.854s][info][gc,stats       ]     DU: Code Cache Roots          17047 us, workers (us): 4358, 4205, 4078, 4406, 
[1740.854s][info][gc,stats       ]     DU: VM Strong Roots               7 us, workers (us):   3,   3,   2,   0, 
[1740.854s][info][gc,stats       ]     DU: VM Weak Roots              4453 us, workers (us): 1120, 1120, 1121, 1092, 
[1740.854s][info][gc,stats       ]     DU: CLDG Roots                  406 us, workers (us):  92,  68, 178,  69, 
[1740.854s][info][gc,stats       ]   Cleanup                            60 us
[1740.854s][info][gc,metaspace   ] Metaspace: 135220K(136320K)->135220K(136320K) NonClass: 114292K(114944K)->114292K(114944K) Class: 20927K(21376K)->20927K(21376K)
[1752.373s][info][gc             ] Failed to allocate TLAB, 4096K
[1752.373s][info][gc             ] Cancelling GC: Allocation Failure
[1752.373s][info][gc             ] Trigger: Handle Allocation Failure
[1752.373s][info][gc,ergo        ] Free: 0B, Max: 0B regular, 0B humongous, Frag: 0% external, 0% internal; Reserve: 412M, Max: 4096K
[1752.374s][info][gc,start       ] GC(162) Pause Degenerated GC (Outside of Cycle)
[1752.374s][info][gc,task        ] GC(162) Using 4 of 4 workers for stw degenerated gc
[1752.396s][info][gc,ref         ] GC(162) Clearing All SoftReferences
[1752.514s][info][gc,ref         ] GC(162) Encountered references: Soft: 3322, Weak: 22846, Final: 34, Phantom: 1319
[1752.514s][info][gc,ref         ] GC(162) Discovered  references: Soft: 2788, Weak: 12512, Final: 0, Phantom: 948
[1752.514s][info][gc,ref         ] GC(162) Enqueued    references: Soft: 16, Weak: 19, Final: 0, Phantom: 4
[1752.529s][info][gc,ergo        ] GC(162) CSet Selection. Actual Free: 1824M, Max CSet: 1520M
[1752.529s][info][gc,ergo        ] GC(162) Collectable Garbage: 7289M (99%), Immediate: 1412M (19%), CSet: 5877M (80%)
[1752.659s][info][gc,ergo        ] GC(162) Good progress for free space: 7284M, need 83886K
[1752.659s][info][gc,ergo        ] GC(162) Good progress for used space: 7284M, need 4096K
[1752.659s][info][gc             ] GC(162) Pause Degenerated GC (Outside of Cycle) 7779M->495M(8192M) 285.312ms
[1752.659s][info][gc,ergo        ] Free: 7272M, Max: 4096K regular, 6836M humongous, Frag: 6% external, 1% internal; Reserve: 412M, Max: 4096K
[1752.659s][info][gc,stats       ] 
[1752.659s][info][gc,stats       ] All times are wall-clock times, except per-root-class counters, that are sum over
[1752.659s][info][gc,stats       ] all workers. Dividing the <total> over the root stage time estimates parallelism.
[1752.659s][info][gc,stats       ] 
[1752.659s][info][gc,stats       ] Pause Degenerated GC (G)         285374 us
[1752.659s][info][gc,stats       ] Pause Degenerated GC (N)         285325 us
[1752.659s][info][gc,stats       ]   Degen STW Mark                 116962 us, parallelism: 3.92x
[1752.659s][info][gc,stats       ]     DSM: <total>                 458715 us
[1752.659s][info][gc,stats       ]     DSM: Thread Roots               603 us, workers (us): 168, 168, 134, 133, 
[1752.659s][info][gc,stats       ]     DSM: VM Strong Roots             45 us, workers (us):   0,  14,  14,  18, 
[1752.659s][info][gc,stats       ]     DSM: CLDG Roots                 570 us, workers (us): 360,  70,  70,  70, 
[1752.659s][info][gc,stats       ]     DSM: Parallel Mark           457497 us, workers (us): 114163, 114453, 114439, 114443, 
[1752.659s][info][gc,stats       ]     System Purge                  16721 us
[1752.659s][info][gc,stats       ]       Weak References              1098 us, parallelism: 1.20x
[1752.659s][info][gc,stats       ]         WRP: <total>               1317 us
[1752.659s][info][gc,stats       ]         WRP: Weak References       1317 us, workers (us):  57, 227, 1020,  13, 
[1752.659s][info][gc,stats       ]       Unload Classes              14453 us, parallelism: 3.89x
[1752.659s][info][gc,stats       ]         DCU: <total>              56243 us
[1752.659s][info][gc,stats       ]         DCU: Unload Code Caches    25750 us, workers (us): 6455, 6441, 6448, 6405, 
[1752.659s][info][gc,stats       ]         DCU: Unlink CLDs          30493 us, workers (us): 7607, 7620, 7638, 7629, 
[1752.659s][info][gc,stats       ]       Weak Roots                    244 us, parallelism: 3.53x
[1752.659s][info][gc,stats       ]         DWR: <total>                860 us
[1752.659s][info][gc,stats       ]         DWR: VM Weak Roots          860 us, workers (us): 232, 232, 199, 198, 
[1752.659s][info][gc,stats       ]       CLDG                           33 us
[1752.659s][info][gc,stats       ]   Update Region States               89 us
[1752.659s][info][gc,stats       ]   Manage GC/TLABs                    10 us
[1752.659s][info][gc,stats       ]   Choose Collection Set              75 us
[1752.659s][info][gc,stats       ]   Rebuild Free Set                   10 us
[1752.659s][info][gc,stats       ]   Evacuation                      62678 us
[1752.659s][info][gc,stats       ]   Manage GCLABs                      11 us
[1752.659s][info][gc,stats       ]   Update References               56870 us
[1752.659s][info][gc,stats       ]   Update Region States               54 us
[1752.659s][info][gc,stats       ]   Trash Collection Set               17 us
[1752.659s][info][gc,stats       ]   Rebuild Free Set                   11 us
[1752.659s][info][gc,stats       ]   Degen Update Roots               7891 us, parallelism: 3.93x
[1752.659s][info][gc,stats       ]     DU: <total>                   30997 us
[1752.659s][info][gc,stats       ]     DU: Thread Roots                161 us, workers (us):  50,   1,  23,  87, 
[1752.659s][info][gc,stats       ]     DU: Code Cache Roots          19295 us, workers (us): 4810, 4952, 4863, 4669, 
[1752.659s][info][gc,stats       ]     DU: VM Strong Roots               8 us, workers (us):   2,   3,   3,   0, 
[1752.659s][info][gc,stats       ]     DU: VM Weak Roots             11041 us, workers (us): 2767, 2768, 2768, 2738, 
[1752.659s][info][gc,stats       ]     DU: CLDG Roots                  492 us, workers (us): 110,  83,  83, 215, 
[1752.659s][info][gc,stats       ]   Cleanup                            55 us
[1752.659s][info][gc,metaspace   ] Metaspace: 135280K(136448K)->135261K(136448K) NonClass: 114340K(115008K)->114326K(115008K) Class: 20940K(21440K)->20935K(21440K)
[1765.130s][info][gc             ] Failed to allocate TLAB, 4096K
[1765.131s][info][gc             ] Cancelling GC: Allocation Failure
[1765.131s][info][gc             ] Trigger: Handle Allocation Failure
[1765.131s][info][gc,ergo        ] Free: 0B, Max: 0B regular, 0B humongous, Frag: 0% external, 0% internal; Reserve: 412M, Max: 4096K
[1765.131s][info][gc,start       ] GC(163) Pause Degenerated GC (Outside of Cycle)
[1765.131s][info][gc,task        ] GC(163) Using 4 of 4 workers for stw degenerated gc
[1765.150s][info][gc,ref         ] GC(163) Clearing All SoftReferences
[1765.301s][info][gc,ref         ] GC(163) Encountered references: Soft: 3307, Weak: 22831, Final: 34, Phantom: 1315
[1765.301s][info][gc,ref         ] GC(163) Discovered  references: Soft: 2776, Weak: 12227, Final: 0, Phantom: 943
[1765.301s][info][gc,ref         ] GC(163) Enqueued    references: Soft: 1, Weak: 3, Final: 0, Phantom: 0
[1765.307s][info][gc,ergo        ] GC(163) CSet Selection. Actual Free: 1832M, Max CSet: 1526M
[1765.307s][info][gc,ergo        ] GC(163) Collectable Garbage: 7291M (99%), Immediate: 1420M (19%), CSet: 5871M (80%)
[1765.430s][info][gc,ergo        ] GC(163) Good progress for free space: 7280M, need 83886K
[1765.430s][info][gc,ergo        ] GC(163) Good progress for used space: 7280M, need 4096K
[1765.430s][info][gc             ] GC(163) Pause Degenerated GC (Outside of Cycle) 7779M->499M(8192M) 298.772ms
[1765.430s][info][gc,ergo        ] Free: 7276M, Max: 4096K regular, 6832M humongous, Frag: 7% external, 1% internal; Reserve: 412M, Max: 4096K
[1765.430s][info][gc,stats       ] 
[1765.430s][info][gc,stats       ] All times are wall-clock times, except per-root-class counters, that are sum over
[1765.430s][info][gc,stats       ] all workers. Dividing the <total> over the root stage time estimates parallelism.
[1765.430s][info][gc,stats       ] 
[1765.430s][info][gc,stats       ] Pause Degenerated GC (G)         298829 us
[1765.430s][info][gc,stats       ] Pause Degenerated GC (N)         298786 us
[1765.430s][info][gc,stats       ]   Degen STW Mark                 149947 us, parallelism: 3.94x
[1765.430s][info][gc,stats       ]     DSM: <total>                 590324 us
[1765.430s][info][gc,stats       ]     DSM: Thread Roots               720 us, workers (us): 196, 197, 170, 156, 
[1765.430s][info][gc,stats       ]     DSM: VM Strong Roots             45 us, workers (us):  17,   0,  15,  13, 
[1765.430s][info][gc,stats       ]     DSM: CLDG Roots                 494 us, workers (us):  72, 280,  72,  70, 
[1765.430s][info][gc,stats       ]     DSM: Parallel Mark           589065 us, workers (us): 147312, 147114, 147313, 147327, 
[1765.430s][info][gc,stats       ]     System Purge                   7275 us
[1765.430s][info][gc,stats       ]       Weak References              1215 us, parallelism: 1.19x
[1765.430s][info][gc,stats       ]         WRP: <total>               1451 us
[1765.430s][info][gc,stats       ]         WRP: Weak References       1451 us, workers (us):  43,  16, 252, 1141, 
[1765.430s][info][gc,stats       ]       Unload Classes               5633 us, parallelism: 3.95x
[1765.430s][info][gc,stats       ]         DCU: <total>              22230 us
[1765.430s][info][gc,stats       ]         DCU: Unload Code Caches    22230 us, workers (us): 5552, 5561, 5564, 5553, 
[1765.430s][info][gc,stats       ]       Weak Roots                    255 us, parallelism: 3.64x
[1765.430s][info][gc,stats       ]         DWR: <total>                930 us
[1765.430s][info][gc,stats       ]         DWR: VM Weak Roots          930 us, workers (us): 241, 239, 240, 210, 
[1765.430s][info][gc,stats       ]       CLDG                            2 us
[1765.430s][info][gc,stats       ]   Update Region States               75 us
[1765.430s][info][gc,stats       ]   Manage GC/TLABs                    10 us
[1765.430s][info][gc,stats       ]   Choose Collection Set              89 us
[1765.430s][info][gc,stats       ]   Rebuild Free Set                   10 us
[1765.430s][info][gc,stats       ]   Evacuation                      47886 us
[1765.430s][info][gc,stats       ]   Manage GCLABs                      38 us
[1765.430s][info][gc,stats       ]   Update References               64233 us
[1765.430s][info][gc,stats       ]   Update Region States               42 us
[1765.430s][info][gc,stats       ]   Trash Collection Set               15 us
[1765.430s][info][gc,stats       ]   Rebuild Free Set                   12 us
[1765.430s][info][gc,stats       ]   Degen Update Roots               7578 us, parallelism: 3.92x
[1765.430s][info][gc,stats       ]     DU: <total>                   29668 us
[1765.430s][info][gc,stats       ]     DU: Thread Roots                198 us, workers (us):   1,  33,   1, 164, 
[1765.430s][info][gc,stats       ]     DU: Code Cache Roots          21971 us, workers (us): 5533, 5368, 5665, 5405, 
[1765.430s][info][gc,stats       ]     DU: VM Strong Roots               7 us, workers (us):   3,   2,   2,   0, 
[1765.430s][info][gc,stats       ]     DU: VM Weak Roots              6870 us, workers (us): 1729, 1728, 1735, 1679, 
[1765.430s][info][gc,stats       ]     DU: CLDG Roots                  621 us, workers (us): 144, 274, 101, 102, 
[1765.430s][info][gc,stats       ]   Cleanup                            60 us
[1765.430s][info][gc,metaspace   ] Metaspace: 135270K(136448K)->135270K(136448K) NonClass: 114335K(115008K)->114335K(115008K) Class: 20935K(21440K)->20935K(21440K)
[1777.321s][info][gc             ] Failed to allocate TLAB, 4096K
[1777.321s][info][gc             ] Cancelling GC: Allocation Failure
[1777.322s][info][gc             ] Trigger: Handle Allocation Failure
[1777.322s][info][gc,ergo        ] Free: 0B, Max: 0B regular, 0B humongous, Frag: 0% external, 0% internal; Reserve: 412M, Max: 4096K
[1777.322s][info][gc,start       ] GC(164) Pause Degenerated GC (Outside of Cycle)
[1777.322s][info][gc,task        ] GC(164) Using 4 of 4 workers for stw degenerated gc
[1777.339s][info][gc,ref         ] GC(164) Clearing All SoftReferences
[1777.473s][info][gc,ref         ] GC(164) Encountered references: Soft: 3313, Weak: 22836, Final: 34, Phantom: 1324
[1777.473s][info][gc,ref         ] GC(164) Discovered  references: Soft: 2338, Weak: 13770, Final: 0, Phantom: 971
[1777.473s][info][gc,ref         ] GC(164) Enqueued    references: Soft: 7, Weak: 6, Final: 0, Phantom: 0
[1777.483s][info][gc,ergo        ] GC(164) CSet Selection. Actual Free: 2052M, Max CSet: 1710M
[1777.483s][info][gc,ergo        ] GC(164) Collectable Garbage: 7290M (99%), Immediate: 1640M (22%), CSet: 5650M (77%)
[1777.591s][info][gc,ergo        ] GC(164) Good progress for free space: 7284M, need 83886K
[1777.591s][info][gc,ergo        ] GC(164) Good progress for used space: 7284M, need 4096K
[1777.591s][info][gc             ] GC(164) Pause Degenerated GC (Outside of Cycle) 7779M->495M(8192M) 269.331ms
[1777.591s][info][gc,ergo        ] Free: 7272M, Max: 4096K regular, 6836M humongous, Frag: 6% external, 1% internal; Reserve: 412M, Max: 4096K
[1777.591s][info][gc,stats       ] 
[1777.591s][info][gc,stats       ] All times are wall-clock times, except per-root-class counters, that are sum over
[1777.592s][info][gc,stats       ] all workers. Dividing the <total> over the root stage time estimates parallelism.
[1777.592s][info][gc,stats       ] 
[1777.592s][info][gc,stats       ] Pause Degenerated GC (G)         269449 us
[1777.592s][info][gc,stats       ] Pause Degenerated GC (N)         269345 us
[1777.592s][info][gc,stats       ]   Degen STW Mark                 133226 us, parallelism: 3.92x
[1777.592s][info][gc,stats       ]     DSM: <total>                 522533 us
[1777.592s][info][gc,stats       ]     DSM: Thread Roots               392 us, workers (us): 114, 114,  82,  82, 
[1777.592s][info][gc,stats       ]     DSM: VM Strong Roots             43 us, workers (us):   0,  16,  13,  13, 
[1777.592s][info][gc,stats       ]     DSM: CLDG Roots                 384 us, workers (us): 221,  54,  54,  54, 
[1777.592s][info][gc,stats       ]     DSM: Parallel Mark           521715 us, workers (us): 130309, 130471, 130475, 130460, 
[1777.592s][info][gc,stats       ]     System Purge                  10824 us
[1777.592s][info][gc,stats       ]       Weak References              1262 us, parallelism: 1.37x
[1777.592s][info][gc,stats       ]         WRP: <total>               1727 us
[1777.592s][info][gc,stats       ]         WRP: Weak References       1727 us, workers (us): 280, 108, 1118, 222, 
[1777.592s][info][gc,stats       ]       Unload Classes               8877 us, parallelism: 3.95x
[1777.592s][info][gc,stats       ]         DCU: <total>              35064 us
[1777.592s][info][gc,stats       ]         DCU: Unload Code Caches    35064 us, workers (us): 8780, 8775, 8766, 8743, 
[1777.592s][info][gc,stats       ]       Weak Roots                    350 us, parallelism: 3.63x
[1777.592s][info][gc,stats       ]         DWR: <total>               1272 us
[1777.592s][info][gc,stats       ]         DWR: VM Weak Roots         1272 us, workers (us): 336, 335, 307, 295, 
[1777.592s][info][gc,stats       ]       CLDG                            3 us
[1777.592s][info][gc,stats       ]   Update Region States               63 us
[1777.592s][info][gc,stats       ]   Manage GC/TLABs                    10 us
[1777.592s][info][gc,stats       ]   Choose Collection Set              74 us
[1777.592s][info][gc,stats       ]   Rebuild Free Set                   10 us
[1777.592s][info][gc,stats       ]   Evacuation                      47990 us
[1777.592s][info][gc,stats       ]   Manage GCLABs                       7 us
[1777.592s][info][gc,stats       ]   Update References               52141 us
[1777.592s][info][gc,stats       ]   Update Region States               82 us
[1777.592s][info][gc,stats       ]   Trash Collection Set               16 us
[1777.592s][info][gc,stats       ]   Rebuild Free Set                   12 us
[1777.592s][info][gc,stats       ]   Degen Update Roots               6000 us, parallelism: 3.88x
[1777.592s][info][gc,stats       ]     DU: <total>                   23260 us
[1777.592s][info][gc,stats       ]     DU: Thread Roots                151 us, workers (us): 102,   1,  48,   1, 
[1777.592s][info][gc,stats       ]     DU: Code Cache Roots          17924 us, workers (us): 4418, 4578, 4439, 4490, 
[1777.592s][info][gc,stats       ]     DU: VM Strong Roots               6 us, workers (us):   3,   3,   0,   0, 
[1777.592s][info][gc,stats       ]     DU: VM Weak Roots              4728 us, workers (us): 1197, 1199, 1174, 1157, 
[1777.592s][info][gc,stats       ]     DU: CLDG Roots                  450 us, workers (us):  69,  68, 102, 211, 
[1777.592s][info][gc,stats       ]   Cleanup                            55 us
[1777.592s][info][gc,metaspace   ] Metaspace: 135270K(136448K)->135270K(136448K) NonClass: 114335K(115008K)->114335K(115008K) Class: 20935K(21440K)->20935K(21440K)
[1790.565s][info][gc             ] Failed to allocate TLAB, 4096K
[1790.565s][info][gc             ] Cancelling GC: Allocation Failure
[1790.565s][info][gc             ] Trigger: Handle Allocation Failure
[1790.566s][info][gc,ergo        ] Free: 0B, Max: 0B regular, 0B humongous, Frag: 0% external, 0% internal; Reserve: 412M, Max: 4096K
[1790.566s][info][gc,start       ] GC(165) Pause Degenerated GC (Outside of Cycle)
[1790.566s][info][gc,task        ] GC(165) Using 4 of 4 workers for stw degenerated gc
[1790.585s][info][gc,ref         ] GC(165) Clearing All SoftReferences
[1790.708s][info][gc,ref         ] GC(165) Encountered references: Soft: 3307, Weak: 22839, Final: 34, Phantom: 1333
[1790.708s][info][gc,ref         ] GC(165) Discovered  references: Soft: 2785, Weak: 12325, Final: 0, Phantom: 984
[1790.708s][info][gc,ref         ] GC(165) Enqueued    references: Soft: 1, Weak: 6, Final: 0, Phantom: 0
[1790.716s][info][gc,ergo        ] GC(165) CSet Selection. Actual Free: 1968M, Max CSet: 1640M
[1790.716s][info][gc,ergo        ] GC(165) Collectable Garbage: 7294M (99%), Immediate: 1556M (21%), CSet: 5738M (78%)
[1790.820s][info][gc,ergo        ] GC(165) Good progress for free space: 7284M, need 83886K
[1790.820s][info][gc,ergo        ] GC(165) Good progress for used space: 7284M, need 4096K
[1790.820s][info][gc             ] GC(165) Pause Degenerated GC (Outside of Cycle) 7779M->495M(8192M) 254.077ms
[1790.820s][info][gc,ergo        ] Free: 7280M, Max: 4096K regular, 6836M humongous, Frag: 7% external, 1% internal; Reserve: 412M, Max: 4096K
[1790.820s][info][gc,stats       ] 
[1790.820s][info][gc,stats       ] All times are wall-clock times, except per-root-class counters, that are sum over
[1790.820s][info][gc,stats       ] all workers. Dividing the <total> over the root stage time estimates parallelism.
[1790.820s][info][gc,stats       ] 
[1790.820s][info][gc,stats       ] Pause Degenerated GC (G)         254190 us
[1790.820s][info][gc,stats       ] Pause Degenerated GC (N)         254091 us
[1790.820s][info][gc,stats       ]   Degen STW Mark                 122801 us, parallelism: 3.93x
[1790.820s][info][gc,stats       ]     DSM: <total>                 482676 us
[1790.820s][info][gc,stats       ]     DSM: Thread Roots               587 us, workers (us): 165, 162, 136, 124, 
[1790.820s][info][gc,stats       ]     DSM: VM Strong Roots             39 us, workers (us):   0,  11,  16,  11, 
[1790.820s][info][gc,stats       ]     DSM: CLDG Roots                 440 us, workers (us): 248,  64,  64,  64, 
[1790.820s][info][gc,stats       ]     DSM: Parallel Mark           481611 us, workers (us): 120267, 120440, 120442, 120461, 
[1790.820s][info][gc,stats       ]     System Purge                   8234 us
[1790.820s][info][gc,stats       ]       Weak References              1194 us, parallelism: 1.11x
[1790.820s][info][gc,stats       ]         WRP: <total>               1328 us
[1790.820s][info][gc,stats       ]         WRP: Weak References       1328 us, workers (us): 119, 112, 1097,   0, 
[1790.820s][info][gc,stats       ]       Unload Classes               6139 us, parallelism: 3.95x
[1790.820s][info][gc,stats       ]         DCU: <total>              24246 us
[1790.820s][info][gc,stats       ]         DCU: Unload Code Caches    24246 us, workers (us): 6072, 6069, 6067, 6039, 
[1790.820s][info][gc,stats       ]       Weak Roots                    254 us, parallelism: 3.57x
[1790.820s][info][gc,stats       ]         DWR: <total>                908 us
[1790.820s][info][gc,stats       ]         DWR: VM Weak Roots          908 us, workers (us): 244, 244, 217, 203, 
[1790.820s][info][gc,stats       ]       CLDG                            4 us
[1790.820s][info][gc,stats       ]   Update Region States              212 us
[1790.820s][info][gc,stats       ]   Manage GC/TLABs                    12 us
[1790.820s][info][gc,stats       ]   Choose Collection Set             131 us
[1790.820s][info][gc,stats       ]   Rebuild Free Set                   11 us
[1790.820s][info][gc,stats       ]   Evacuation                      40713 us
[1790.820s][info][gc,stats       ]   Manage GCLABs                       7 us
[1790.820s][info][gc,stats       ]   Update References               54778 us
[1790.820s][info][gc,stats       ]   Update Region States               52 us
[1790.820s][info][gc,stats       ]   Trash Collection Set               13 us
[1790.820s][info][gc,stats       ]   Rebuild Free Set                   12 us
[1790.820s][info][gc,stats       ]   Degen Update Roots               6230 us, parallelism: 3.89x
[1790.820s][info][gc,stats       ]     DU: <total>                   24218 us
[1790.820s][info][gc,stats       ]     DU: Thread Roots                158 us, workers (us):  95,   1,  62,   1, 
[1790.820s][info][gc,stats       ]     DU: Code Cache Roots          18724 us, workers (us): 4622, 4687, 4656, 4759, 
[1790.820s][info][gc,stats       ]     DU: VM Strong Roots               6 us, workers (us):   6,   0,   0,   0, 
[1790.820s][info][gc,stats       ]     DU: VM Weak Roots              4849 us, workers (us): 1238, 1219, 1195, 1198, 
[1790.820s][info][gc,stats       ]     DU: CLDG Roots                  480 us, workers (us):  74, 226,  74, 106, 
[1790.820s][info][gc,stats       ]   Cleanup                            56 us
[1790.820s][info][gc,metaspace   ] Metaspace: 135270K(136448K)->135270K(136448K) NonClass: 114335K(115008K)->114335K(115008K) Class: 20935K(21440K)->20935K(21440K)
[1803.888s][info][gc             ] Failed to allocate TLAB, 4096K
[1803.888s][info][gc             ] Cancelling GC: Allocation Failure
[1803.888s][info][gc             ] Trigger: Handle Allocation Failure
[1803.888s][info][gc,ergo        ] Free: 0B, Max: 0B regular, 0B humongous, Frag: 0% external, 0% internal; Reserve: 412M, Max: 4096K
[1803.888s][info][gc,start       ] GC(166) Pause Degenerated GC (Outside of Cycle)
[1803.889s][info][gc,task        ] GC(166) Using 4 of 4 workers for stw degenerated gc
[1803.902s][info][gc,ref         ] GC(166) Clearing All SoftReferences
[1804.034s][info][gc,ref         ] GC(166) Encountered references: Soft: 3307, Weak: 22835, Final: 34, Phantom: 1333
[1804.034s][info][gc,ref         ] GC(166) Discovered  references: Soft: 789, Weak: 12531, Final: 34, Phantom: 984
[1804.034s][info][gc,ref         ] GC(166) Enqueued    references: Soft: 1, Weak: 1, Final: 0, Phantom: 0
[1804.043s][info][gc,ergo        ] GC(166) CSet Selection. Actual Free: 2056M, Max CSet: 1713M
[1804.043s][info][gc,ergo        ] GC(166) Collectable Garbage: 7287M (99%), Immediate: 1644M (22%), CSet: 5643M (77%)
[1804.162s][info][gc,ergo        ] GC(166) Good progress for free space: 7280M, need 83886K
[1804.162s][info][gc,ergo        ] GC(166) Good progress for used space: 7280M, need 4096K
[1804.162s][info][gc             ] GC(166) Pause Degenerated GC (Outside of Cycle) 7779M->499M(8192M) 273.321ms
[1804.162s][info][gc,ergo        ] Free: 7264M, Max: 4096K regular, 6832M humongous, Frag: 6% external, 1% internal; Reserve: 412M, Max: 4096K
[1804.162s][info][gc,stats       ] 
[1804.162s][info][gc,stats       ] All times are wall-clock times, except per-root-class counters, that are sum over
[1804.162s][info][gc,stats       ] all workers. Dividing the <total> over the root stage time estimates parallelism.
[1804.162s][info][gc,stats       ] 
[1804.162s][info][gc,stats       ] Pause Degenerated GC (G)         273434 us
[1804.162s][info][gc,stats       ] Pause Degenerated GC (N)         273338 us
[1804.162s][info][gc,stats       ]   Degen STW Mark                 130224 us, parallelism: 3.93x
[1804.162s][info][gc,stats       ]     DSM: <total>                 512149 us
[1804.162s][info][gc,stats       ]     DSM: Thread Roots              1072 us, workers (us): 580, 175, 174, 143, 
[1804.162s][info][gc,stats       ]     DSM: VM Strong Roots             34 us, workers (us):   0,  16,   0,  18, 
[1804.162s][info][gc,stats       ]     DSM: CLDG Roots                 352 us, workers (us):  11,  45, 250,  46, 
[1804.162s][info][gc,stats       ]     DSM: Parallel Mark           510691 us, workers (us): 127446, 127811, 127631, 127803, 
[1804.162s][info][gc,stats       ]     System Purge                  10830 us
[1804.162s][info][gc,stats       ]       Weak References              1632 us, parallelism: 1.21x
[1804.162s][info][gc,stats       ]         WRP: <total>               1981 us
[1804.162s][info][gc,stats       ]         WRP: Weak References       1981 us, workers (us): 145, 136, 206, 1494, 
[1804.162s][info][gc,stats       ]       Unload Classes               8353 us, parallelism: 3.94x
[1804.162s][info][gc,stats       ]         DCU: <total>              32873 us
[1804.162s][info][gc,stats       ]         DCU: Unload Code Caches    32873 us, workers (us): 8229, 8211, 8213, 8219, 
[1804.162s][info][gc,stats       ]       Weak Roots                    476 us, parallelism: 3.71x
[1804.162s][info][gc,stats       ]         DWR: <total>               1766 us
[1804.162s][info][gc,stats       ]         DWR: VM Weak Roots         1766 us, workers (us): 457, 457, 427, 425, 
[1804.162s][info][gc,stats       ]       CLDG                            1 us
[1804.162s][info][gc,stats       ]   Update Region States               42 us
[1804.162s][info][gc,stats       ]   Manage GC/TLABs                    11 us
[1804.162s][info][gc,stats       ]   Choose Collection Set              80 us
[1804.162s][info][gc,stats       ]   Rebuild Free Set                   10 us
[1804.162s][info][gc,stats       ]   Evacuation                      58429 us
[1804.162s][info][gc,stats       ]   Manage GCLABs                       7 us
[1804.162s][info][gc,stats       ]   Update References               49489 us
[1804.162s][info][gc,stats       ]   Update Region States               83 us
[1804.162s][info][gc,stats       ]   Trash Collection Set               13 us
[1804.162s][info][gc,stats       ]   Rebuild Free Set                   12 us
[1804.162s][info][gc,stats       ]   Degen Update Roots               7935 us, parallelism: 3.91x
[1804.162s][info][gc,stats       ]     DU: <total>                   31016 us
[1804.162s][info][gc,stats       ]     DU: Thread Roots                188 us, workers (us):   1, 107,   0,  79, 
[1804.162s][info][gc,stats       ]     DU: Code Cache Roots          23105 us, workers (us): 5904, 5567, 5919, 5714, 
[1804.162s][info][gc,stats       ]     DU: VM Strong Roots              11 us, workers (us):   4,   4,   3,   0, 
[1804.162s][info][gc,stats       ]     DU: VM Weak Roots              7163 us, workers (us): 1800, 1799, 1797, 1767, 
[1804.162s][info][gc,stats       ]     DU: CLDG Roots                  550 us, workers (us):  78, 255,  80, 137, 
[1804.162s][info][gc,stats       ]   Cleanup                            75 us
[1804.162s][info][gc,metaspace   ] Metaspace: 135270K(136448K)->135270K(136448K) NonClass: 114335K(115008K)->114335K(115008K) Class: 20935K(21440K)->20935K(21440K)
[1815.901s][info][gc             ] Failed to allocate TLAB, 4096K
[1815.901s][info][gc             ] Cancelling GC: Allocation Failure
[1815.902s][info][gc             ] Trigger: Handle Allocation Failure
[1815.902s][info][gc,ergo        ] Free: 0B, Max: 0B regular, 0B humongous, Frag: 0% external, 0% internal; Reserve: 412M, Max: 4096K
[1815.902s][info][gc,start       ] GC(167) Pause Degenerated GC (Outside of Cycle)
[1815.902s][info][gc,task        ] GC(167) Using 4 of 4 workers for stw degenerated gc
[1815.919s][info][gc,ref         ] GC(167) Clearing All SoftReferences
[1816.037s][info][gc,ref         ] GC(167) Encountered references: Soft: 3313, Weak: 22844, Final: 34, Phantom: 1342
[1816.037s][info][gc,ref         ] GC(167) Discovered  references: Soft: 1356, Weak: 12286, Final: 0, Phantom: 963
[1816.037s][info][gc,ref         ] GC(167) Enqueued    references: Soft: 7, Weak: 8, Final: 0, Phantom: 0
[1816.044s][info][gc,ergo        ] GC(167) CSet Selection. Actual Free: 1500M, Max CSet: 1250M
[1816.044s][info][gc,ergo        ] GC(167) Collectable Garbage: 7282M (99%), Immediate: 1088M (14%), CSet: 6194M (84%)
[1816.146s][info][gc,ergo        ] GC(167) Good progress for free space: 7276M, need 83886K
[1816.146s][info][gc,ergo        ] GC(167) Good progress for used space: 7276M, need 4096K
[1816.146s][info][gc             ] GC(167) Pause Degenerated GC (Outside of Cycle) 7779M->503M(8192M) 244.511ms
[1816.146s][info][gc,ergo        ] Free: 7272M, Max: 4096K regular, 6828M humongous, Frag: 7% external, 1% internal; Reserve: 412M, Max: 4096K
[1816.146s][info][gc,stats       ] 
[1816.146s][info][gc,stats       ] All times are wall-clock times, except per-root-class counters, that are sum over
[1816.146s][info][gc,stats       ] all workers. Dividing the <total> over the root stage time estimates parallelism.
[1816.146s][info][gc,stats       ] 
[1816.147s][info][gc,stats       ] Pause Degenerated GC (G)         244564 us
[1816.147s][info][gc,stats       ] Pause Degenerated GC (N)         244525 us
[1816.147s][info][gc,stats       ]   Degen STW Mark                 116598 us, parallelism: 3.90x
[1816.147s][info][gc,stats       ]     DSM: <total>                 454587 us
[1816.147s][info][gc,stats       ]     DSM: Thread Roots               598 us, workers (us): 167, 166, 138, 126, 
[1816.147s][info][gc,stats       ]     DSM: VM Strong Roots             39 us, workers (us):  12,  15,   0,  12, 
[1816.147s][info][gc,stats       ]     DSM: CLDG Roots                 468 us, workers (us):  58,  58, 295,  58, 
[1816.147s][info][gc,stats       ]     DSM: Parallel Mark           453482 us, workers (us): 113430, 113432, 113197, 113423, 
[1816.147s][info][gc,stats       ]     System Purge                   7872 us
[1816.147s][info][gc,stats       ]       Weak References              1359 us, parallelism: 1.03x
[1816.147s][info][gc,stats       ]         WRP: <total>               1398 us
[1816.147s][info][gc,stats       ]         WRP: Weak References       1398 us, workers (us): 113,  19,  57, 1209, 
[1816.147s][info][gc,stats       ]       Unload Classes               5945 us, parallelism: 3.91x
[1816.147s][info][gc,stats       ]         DCU: <total>              23226 us
[1816.147s][info][gc,stats       ]         DCU: Unload Code Caches    23226 us, workers (us): 5826, 5810, 5796, 5794, 
[1816.147s][info][gc,stats       ]       Weak Roots                    405 us, parallelism: 3.27x
[1816.147s][info][gc,stats       ]         DWR: <total>               1324 us
[1816.147s][info][gc,stats       ]         DWR: VM Weak Roots         1324 us, workers (us): 361, 321, 321, 321, 
[1816.147s][info][gc,stats       ]       CLDG                            1 us
[1816.147s][info][gc,stats       ]   Update Region States               66 us
[1816.147s][info][gc,stats       ]   Manage GC/TLABs                    10 us
[1816.147s][info][gc,stats       ]   Choose Collection Set              78 us
[1816.147s][info][gc,stats       ]   Rebuild Free Set                   10 us
[1816.147s][info][gc,stats       ]   Evacuation                      40657 us
[1816.147s][info][gc,stats       ]   Manage GCLABs                      20 us
[1816.147s][info][gc,stats       ]   Update References               54140 us
[1816.147s][info][gc,stats       ]   Update Region States               59 us
[1816.147s][info][gc,stats       ]   Trash Collection Set               17 us
[1816.147s][info][gc,stats       ]   Rebuild Free Set                   11 us
[1816.147s][info][gc,stats       ]   Degen Update Roots               5757 us, parallelism: 3.85x
[1816.147s][info][gc,stats       ]     DU: <total>                   22186 us
[1816.147s][info][gc,stats       ]     DU: Thread Roots                158 us, workers (us):   1,  84,  72,   1, 
[1816.147s][info][gc,stats       ]     DU: Code Cache Roots          17276 us, workers (us): 4392, 4254, 4155, 4475, 
[1816.147s][info][gc,stats       ]     DU: VM Strong Roots               7 us, workers (us):   3,   3,   2,   0, 
[1816.147s][info][gc,stats       ]     DU: VM Weak Roots              4344 us, workers (us): 1091, 1092, 1093, 1068, 
[1816.147s][info][gc,stats       ]     DU: CLDG Roots                  402 us, workers (us):  92,  67, 177,  65, 
[1816.147s][info][gc,stats       ]   Cleanup                            60 us
[1816.147s][info][gc,metaspace   ] Metaspace: 135277K(136448K)->135277K(136448K) NonClass: 114342K(115008K)->114342K(115008K) Class: 20935K(21440K)->20935K(21440K)
[1827.822s][info][gc             ] Failed to allocate TLAB, 4096K
[1827.822s][info][gc             ] Cancelling GC: Allocation Failure
[1827.823s][info][gc             ] Trigger: Handle Allocation Failure
[1827.823s][info][gc,ergo        ] Free: 0B, Max: 0B regular, 0B humongous, Frag: 0% external, 0% internal; Reserve: 412M, Max: 4096K
[1827.823s][info][gc,start       ] GC(168) Pause Degenerated GC (Outside of Cycle)
[1827.823s][info][gc,task        ] GC(168) Using 4 of 4 workers for stw degenerated gc
[1827.844s][info][gc,ref         ] GC(168) Clearing All SoftReferences
[1827.965s][info][gc,ref         ] GC(168) Encountered references: Soft: 3307, Weak: 22837, Final: 34, Phantom: 1342
[1827.965s][info][gc,ref         ] GC(168) Discovered  references: Soft: 2780, Weak: 3404, Final: 0, Phantom: 990
[1827.965s][info][gc,ref         ] GC(168) Enqueued    references: Soft: 1, Weak: 1, Final: 0, Phantom: 0
[1827.972s][info][gc,ergo        ] GC(168) CSet Selection. Actual Free: 1676M, Max CSet: 1396M
[1827.972s][info][gc,ergo        ] GC(168) Collectable Garbage: 7280M (99%), Immediate: 1264M (17%), CSet: 6016M (82%)
[1828.089s][info][gc,ergo        ] GC(168) Good progress for free space: 7272M, need 83886K
[1828.089s][info][gc,ergo        ] GC(168) Good progress for used space: 7272M, need 4096K
[1828.089s][info][gc             ] GC(168) Pause Degenerated GC (Outside of Cycle) 7779M->507M(8192M) 266.531ms
[1828.089s][info][gc,ergo        ] Free: 7260M, Max: 4096K regular, 6824M humongous, Frag: 7% external, 1% internal; Reserve: 412M, Max: 4096K
[1828.089s][info][gc,stats       ] 
[1828.089s][info][gc,stats       ] All times are wall-clock times, except per-root-class counters, that are sum over
[1828.089s][info][gc,stats       ] all workers. Dividing the <total> over the root stage time estimates parallelism.
[1828.089s][info][gc,stats       ] 
[1828.089s][info][gc,stats       ] Pause Degenerated GC (G)         266625 us
[1828.089s][info][gc,stats       ] Pause Degenerated GC (N)         266545 us
[1828.089s][info][gc,stats       ]   Degen STW Mark                 120597 us, parallelism: 3.92x
[1828.089s][info][gc,stats       ]     DSM: <total>                 472415 us
[1828.089s][info][gc,stats       ]     DSM: Thread Roots              1748 us, workers (us): 236, 1042, 235, 235, 
[1828.089s][info][gc,stats       ]     DSM: VM Strong Roots             41 us, workers (us):  19,   0,  22,   0, 
[1828.089s][info][gc,stats       ]     DSM: CLDG Roots                 491 us, workers (us):  82,  17,  82, 310, 
[1828.089s][info][gc,stats       ]     DSM: Parallel Mark           470135 us, workers (us): 117773, 117043, 117769, 117549, 
[1828.089s][info][gc,stats       ]     System Purge                   7333 us
[1828.089s][info][gc,stats       ]       Weak References               616 us, parallelism: 1.58x
[1828.089s][info][gc,stats       ]         WRP: <total>                976 us
[1828.089s][info][gc,stats       ]         WRP: Weak References        976 us, workers (us): 487, 154, 180, 156, 
[1828.089s][info][gc,stats       ]       Unload Classes               5969 us, parallelism: 3.93x
[1828.090s][info][gc,stats       ]         DCU: <total>              23486 us
[1828.090s][info][gc,stats       ]         DCU: Unload Code Caches    23486 us, workers (us): 5888, 5894, 5855, 5849, 
[1828.090s][info][gc,stats       ]       Weak Roots                    342 us, parallelism: 3.26x
[1828.090s][info][gc,stats       ]         DWR: <total>               1115 us
[1828.090s][info][gc,stats       ]         DWR: VM Weak Roots         1115 us, workers (us): 303, 301, 256, 256, 
[1828.090s][info][gc,stats       ]       CLDG                            2 us
[1828.090s][info][gc,stats       ]   Update Region States               68 us
[1828.090s][info][gc,stats       ]   Manage GC/TLABs                    18 us
[1828.090s][info][gc,stats       ]   Choose Collection Set             111 us
[1828.090s][info][gc,stats       ]   Rebuild Free Set                   11 us
[1828.090s][info][gc,stats       ]   Evacuation                      46872 us
[1828.090s][info][gc,stats       ]   Manage GCLABs                       8 us
[1828.090s][info][gc,stats       ]   Update References               62025 us
[1828.090s][info][gc,stats       ]   Update Region States               47 us
[1828.090s][info][gc,stats       ]   Trash Collection Set               17 us
[1828.090s][info][gc,stats       ]   Rebuild Free Set                   10 us
[1828.090s][info][gc,stats       ]   Degen Update Roots               6206 us, parallelism: 3.85x
[1828.090s][info][gc,stats       ]     DU: <total>                   23893 us
[1828.090s][info][gc,stats       ]     DU: Thread Roots                172 us, workers (us):   1,   1,  84,  86, 
[1828.090s][info][gc,stats       ]     DU: Code Cache Roots          18384 us, workers (us): 4692, 4799, 4514, 4379, 
[1828.090s][info][gc,stats       ]     DU: VM Strong Roots               8 us, workers (us):   4,   4,   0,   0, 
[1828.090s][info][gc,stats       ]     DU: VM Weak Roots              4866 us, workers (us): 1231, 1230, 1207, 1198, 
[1828.090s][info][gc,stats       ]     DU: CLDG Roots                  463 us, workers (us):  69,  70,  98, 227, 
[1828.090s][info][gc,stats       ]   Cleanup                            61 us
[1828.090s][info][gc,metaspace   ] Metaspace: 135280K(136448K)->135280K(136448K) NonClass: 114345K(115008K)->114345K(115008K) Class: 20935K(21440K)->20935K(21440K)
[1840.828s][info][gc             ] Failed to allocate TLAB, 4096K
[1840.829s][info][gc             ] Cancelling GC: Allocation Failure
[1840.829s][info][gc             ] Trigger: Handle Allocation Failure
[1840.829s][info][gc,ergo        ] Free: 0B, Max: 0B regular, 0B humongous, Frag: 0% external, 0% internal; Reserve: 412M, Max: 4096K
[1840.829s][info][gc,start       ] GC(169) Pause Degenerated GC (Outside of Cycle)
[1840.829s][info][gc,task        ] GC(169) Using 4 of 4 workers for stw degenerated gc
[1840.846s][info][gc,ref         ] GC(169) Clearing All SoftReferences
[1840.963s][info][gc,ref         ] GC(169) Encountered references: Soft: 3313, Weak: 22845, Final: 34, Phantom: 1351
[1840.963s][info][gc,ref         ] GC(169) Discovered  references: Soft: 2788, Weak: 12428, Final: 0, Phantom: 967
[1840.963s][info][gc,ref         ] GC(169) Enqueued    references: Soft: 7, Weak: 6, Final: 0, Phantom: 0
[1840.970s][info][gc,ergo        ] GC(169) CSet Selection. Actual Free: 1736M, Max CSet: 1446M
[1840.970s][info][gc,ergo        ] GC(169) Collectable Garbage: 7285M (99%), Immediate: 1324M (18%), CSet: 5961M (81%)
[1841.076s][info][gc,ergo        ] GC(169) Good progress for free space: 7276M, need 83886K
[1841.076s][info][gc,ergo        ] GC(169) Good progress for used space: 7276M, need 4096K
[1841.076s][info][gc             ] GC(169) Pause Degenerated GC (Outside of Cycle) 7779M->503M(8192M) 246.482ms
[1841.076s][info][gc,ergo        ] Free: 7268M, Max: 4096K regular, 6828M humongous, Frag: 7% external, 1% internal; Reserve: 412M, Max: 4096K
[1841.076s][info][gc,stats       ] 
[1841.076s][info][gc,stats       ] All times are wall-clock times, except per-root-class counters, that are sum over
[1841.076s][info][gc,stats       ] all workers. Dividing the <total> over the root stage time estimates parallelism.
[1841.076s][info][gc,stats       ] 
[1841.076s][info][gc,stats       ] Pause Degenerated GC (G)         246528 us
[1841.076s][info][gc,stats       ] Pause Degenerated GC (N)         246498 us
[1841.076s][info][gc,stats       ]   Degen STW Mark                 116040 us, parallelism: 3.93x
[1841.076s][info][gc,stats       ]     DSM: <total>                 455697 us
[1841.076s][info][gc,stats       ]     DSM: Thread Roots               409 us, workers (us): 119, 119,  86,  85, 
[1841.076s][info][gc,stats       ]     DSM: VM Strong Roots             26 us, workers (us):   0,  10,   8,   8, 
[1841.076s][info][gc,stats       ]     DSM: CLDG Roots                 310 us, workers (us): 198,  38,  38,  37, 
[1841.076s][info][gc,stats       ]     DSM: Parallel Mark           454952 us, workers (us): 113617, 113785, 113769, 113781, 
[1841.076s][info][gc,stats       ]     System Purge                   7667 us
[1841.076s][info][gc,stats       ]       Weak References              1472 us, parallelism: 1.11x
[1841.076s][info][gc,stats       ]         WRP: <total>               1630 us
[1841.076s][info][gc,stats       ]         WRP: Weak References       1630 us, workers (us):  59, 104, 1329, 137, 
[1841.076s][info][gc,stats       ]       Unload Classes               5510 us, parallelism: 3.92x
[1841.076s][info][gc,stats       ]         DCU: <total>              21574 us
[1841.076s][info][gc,stats       ]         DCU: Unload Code Caches    21574 us, workers (us): 5413, 5418, 5379, 5364, 
[1841.076s][info][gc,stats       ]       Weak Roots                    368 us, parallelism: 3.58x
[1841.076s][info][gc,stats       ]         DWR: <total>               1317 us
[1841.076s][info][gc,stats       ]         DWR: VM Weak Roots         1317 us, workers (us): 355, 321, 321, 321, 
[1841.076s][info][gc,stats       ]       CLDG                            2 us
[1841.076s][info][gc,stats       ]   Update Region States               23 us
[1841.076s][info][gc,stats       ]   Manage GC/TLABs                     9 us
[1841.076s][info][gc,stats       ]   Choose Collection Set              77 us
[1841.076s][info][gc,stats       ]   Rebuild Free Set                    9 us
[1841.076s][info][gc,stats       ]   Evacuation                      40130 us
[1841.076s][info][gc,stats       ]   Manage GCLABs                      14 us
[1841.076s][info][gc,stats       ]   Update References               58152 us
[1841.076s][info][gc,stats       ]   Update Region States               22 us
[1841.076s][info][gc,stats       ]   Trash Collection Set               17 us
[1841.076s][info][gc,stats       ]   Rebuild Free Set                   10 us
[1841.076s][info][gc,stats       ]   Degen Update Roots               5859 us, parallelism: 3.92x
[1841.076s][info][gc,stats       ]     DU: <total>                   22958 us
[1841.076s][info][gc,stats       ]     DU: Thread Roots                160 us, workers (us):   1,   1,  92,  66, 
[1841.076s][info][gc,stats       ]     DU: Code Cache Roots          17892 us, workers (us): 4602, 4549, 4291, 4450, 
[1841.076s][info][gc,stats       ]     DU: VM Strong Roots               7 us, workers (us):   2,   2,   1,   1, 
[1841.076s][info][gc,stats       ]     DU: VM Weak Roots              4468 us, workers (us): 1117, 1117, 1117, 1117, 
[1841.076s][info][gc,stats       ]     DU: CLDG Roots                  430 us, workers (us):  67,  94, 200,  68, 
[1841.076s][info][gc,stats       ]   Cleanup                            57 us
[1841.076s][info][gc,metaspace   ] Metaspace: 135283K(136448K)->135283K(136448K) NonClass: 114348K(115008K)->114348K(115008K) Class: 20935K(21440K)->20935K(21440K)
[1854.749s][info][gc             ] Failed to allocate TLAB, 4096K
[1854.749s][info][gc             ] Cancelling GC: Allocation Failure
[1854.750s][info][gc             ] Trigger: Handle Allocation Failure
[1854.750s][info][gc,ergo        ] Free: 0B, Max: 0B regular, 0B humongous, Frag: 0% external, 0% internal; Reserve: 412M, Max: 4096K
[1854.750s][info][gc,start       ] GC(170) Pause Degenerated GC (Outside of Cycle)
[1854.750s][info][gc,task        ] GC(170) Using 4 of 4 workers for stw degenerated gc
[1854.779s][info][gc,ref         ] GC(170) Clearing All SoftReferences
[1854.960s][info][gc,ref         ] GC(170) Encountered references: Soft: 3307, Weak: 22846, Final: 34, Phantom: 1357
[1854.960s][info][gc,ref         ] GC(170) Discovered  references: Soft: 2786, Weak: 12189, Final: 0, Phantom: 1010
[1854.960s][info][gc,ref         ] GC(170) Enqueued    references: Soft: 1, Weak: 5, Final: 0, Phantom: 0
[1854.971s][info][gc,ergo        ] GC(170) CSet Selection. Actual Free: 1972M, Max CSet: 1643M
[1854.971s][info][gc,ergo        ] GC(170) Collectable Garbage: 7292M (99%), Immediate: 1560M (21%), CSet: 5732M (78%)
[1855.133s][info][gc,ergo        ] GC(170) Good progress for free space: 7288M, need 83886K
[1855.133s][info][gc,ergo        ] GC(170) Good progress for used space: 7288M, need 4096K
[1855.133s][info][gc             ] GC(170) Pause Degenerated GC (Outside of Cycle) 7779M->491M(8192M) 382.955ms
[1855.133s][info][gc,ergo        ] Free: 7288M, Max: 4096K regular, 6840M humongous, Frag: 7% external, 1% internal; Reserve: 412M, Max: 4096K
[1855.133s][info][gc,stats       ] 
[1855.133s][info][gc,stats       ] All times are wall-clock times, except per-root-class counters, that are sum over
[1855.133s][info][gc,stats       ] all workers. Dividing the <total> over the root stage time estimates parallelism.
[1855.133s][info][gc,stats       ] 
[1855.133s][info][gc,stats       ] Pause Degenerated GC (G)         383044 us
[1855.133s][info][gc,stats       ] Pause Degenerated GC (N)         382977 us
[1855.133s][info][gc,stats       ]   Degen STW Mark                 178511 us, parallelism: 3.93x
[1855.133s][info][gc,stats       ]     DSM: <total>                 701023 us
[1855.133s][info][gc,stats       ]     DSM: Thread Roots               959 us, workers (us): 248, 247, 245, 219, 
[1855.133s][info][gc,stats       ]     DSM: VM Strong Roots             59 us, workers (us):  18,  18,  22,   0, 
[1855.133s][info][gc,stats       ]     DSM: CLDG Roots                 697 us, workers (us): 102, 102, 102, 390, 
[1855.133s][info][gc,stats       ]     DSM: Parallel Mark           699308 us, workers (us): 174899, 174890, 174899, 174620, 
[1855.133s][info][gc,stats       ]     System Purge                  13540 us
[1855.133s][info][gc,stats       ]       Weak References              3383 us, parallelism: 1.07x
[1855.133s][info][gc,stats       ]         WRP: <total>               3627 us
[1855.133s][info][gc,stats       ]         WRP: Weak References       3627 us, workers (us): 276, 3220,  42,  88, 
[1855.133s][info][gc,stats       ]       Unload Classes               9209 us, parallelism: 3.91x
[1855.133s][info][gc,stats       ]         DCU: <total>              36031 us
[1855.133s][info][gc,stats       ]         DCU: Unload Code Caches    36031 us, workers (us): 9021, 9021, 9000, 8989, 
[1855.133s][info][gc,stats       ]       Weak Roots                    657 us, parallelism: 3.59x
[1855.133s][info][gc,stats       ]         DWR: <total>               2360 us
[1855.133s][info][gc,stats       ]         DWR: VM Weak Roots         2360 us, workers (us): 606, 608, 580, 566, 
[1855.133s][info][gc,stats       ]       CLDG                            3 us
[1855.133s][info][gc,stats       ]   Update Region States              106 us
[1855.133s][info][gc,stats       ]   Manage GC/TLABs                    12 us
[1855.133s][info][gc,stats       ]   Choose Collection Set              97 us
[1855.133s][info][gc,stats       ]   Rebuild Free Set                   11 us
[1855.133s][info][gc,stats       ]   Evacuation                      67041 us
[1855.133s][info][gc,stats       ]   Manage GCLABs                      19 us
[1855.133s][info][gc,stats       ]   Update References               82373 us
[1855.133s][info][gc,stats       ]   Update Region States               42 us
[1855.133s][info][gc,stats       ]   Trash Collection Set               19 us
[1855.133s][info][gc,stats       ]   Rebuild Free Set                   11 us
[1855.133s][info][gc,stats       ]   Degen Update Roots               9444 us, parallelism: 3.92x
[1855.133s][info][gc,stats       ]     DU: <total>                   36981 us
[1855.133s][info][gc,stats       ]     DU: Thread Roots                366 us, workers (us): 192, 172,   1,   2, 
[1855.133s][info][gc,stats       ]     DU: Code Cache Roots          29418 us, workers (us): 7259, 7221, 7339, 7599, 
[1855.134s][info][gc,stats       ]     DU: VM Strong Roots              10 us, workers (us):   5,   4,   0,   0, 
[1855.134s][info][gc,stats       ]     DU: VM Weak Roots              6462 us, workers (us): 1629, 1637, 1606, 1589, 
[1855.134s][info][gc,stats       ]     DU: CLDG Roots                  726 us, workers (us):  99, 150, 378,  98, 
[1855.134s][info][gc,stats       ]   Cleanup                            79 us
[1855.134s][info][gc,metaspace   ] Metaspace: 135284K(136448K)->135284K(136448K) NonClass: 114349K(115008K)->114349K(115008K) Class: 20935K(21440K)->20935K(21440K)
[1867.033s][info][gc             ] Failed to allocate TLAB, 4096K
[1867.033s][info][gc             ] Cancelling GC: Allocation Failure
[1867.033s][info][gc             ] Trigger: Handle Allocation Failure
[1867.033s][info][gc,ergo        ] Free: 0B, Max: 0B regular, 0B humongous, Frag: 0% external, 0% internal; Reserve: 412M, Max: 4096K
[1867.033s][info][gc,start       ] GC(171) Pause Degenerated GC (Outside of Cycle)
[1867.033s][info][gc,task        ] GC(171) Using 4 of 4 workers for stw degenerated gc
[1867.045s][info][gc,ref         ] GC(171) Clearing All SoftReferences
[1867.166s][info][gc,ref         ] GC(171) Encountered references: Soft: 3313, Weak: 22846, Final: 34, Phantom: 1360
[1867.166s][info][gc,ref         ] GC(171) Discovered  references: Soft: 2792, Weak: 12254, Final: 0, Phantom: 974
[1867.166s][info][gc,ref         ] GC(171) Enqueued    references: Soft: 7, Weak: 4, Final: 0, Phantom: 0
[1867.173s][info][gc,ergo        ] GC(171) CSet Selection. Actual Free: 1728M, Max CSet: 1440M
[1867.173s][info][gc,ergo        ] GC(171) Collectable Garbage: 7282M (99%), Immediate: 1316M (17%), CSet: 5966M (81%)
[1867.282s][info][gc,ergo        ] GC(171) Good progress for free space: 7276M, need 83886K
[1867.283s][info][gc,ergo        ] GC(171) Good progress for used space: 7276M, need 4096K
[1867.283s][info][gc             ] GC(171) Pause Degenerated GC (Outside of Cycle) 7779M->503M(8192M) 249.358ms
[1867.283s][info][gc,ergo        ] Free: 7272M, Max: 4096K regular, 6828M humongous, Frag: 7% external, 1% internal; Reserve: 412M, Max: 4096K
[1867.283s][info][gc,stats       ] 
[1867.283s][info][gc,stats       ] All times are wall-clock times, except per-root-class counters, that are sum over
[1867.283s][info][gc,stats       ] all workers. Dividing the <total> over the root stage time estimates parallelism.
[1867.283s][info][gc,stats       ] 
[1867.283s][info][gc,stats       ] Pause Degenerated GC (G)         249484 us
[1867.283s][info][gc,stats       ] Pause Degenerated GC (N)         249372 us
[1867.283s][info][gc,stats       ]   Degen STW Mark                 120088 us, parallelism: 3.90x
[1867.283s][info][gc,stats       ]     DSM: <total>                 468820 us
[1867.283s][info][gc,stats       ]     DSM: Thread Roots               450 us, workers (us): 128, 127,  98,  98, 
[1867.283s][info][gc,stats       ]     DSM: VM Strong Roots             29 us, workers (us):  10,   0,  10,   8, 
[1867.283s][info][gc,stats       ]     DSM: CLDG Roots                 290 us, workers (us):  36, 181,  36,  36, 
[1867.283s][info][gc,stats       ]     DSM: Parallel Mark           468051 us, workers (us): 117052, 116903, 117037, 117059, 
[1867.283s][info][gc,stats       ]     System Purge                   8020 us
[1867.283s][info][gc,stats       ]       Weak References              1122 us, parallelism: 1.13x
[1867.283s][info][gc,stats       ]         WRP: <total>               1266 us
[1867.283s][info][gc,stats       ]         WRP: Weak References       1266 us, workers (us): 969,  47, 104, 147, 
[1867.283s][info][gc,stats       ]       Unload Classes               6245 us, parallelism: 3.92x
[1867.283s][info][gc,stats       ]         DCU: <total>              24484 us
[1867.283s][info][gc,stats       ]         DCU: Unload Code Caches    24484 us, workers (us): 6138, 6108, 6133, 6104, 
[1867.283s][info][gc,stats       ]       Weak Roots                    313 us, parallelism: 2.90x
[1867.283s][info][gc,stats       ]         DWR: <total>                910 us
[1867.283s][info][gc,stats       ]         DWR: VM Weak Roots          910 us, workers (us): 243, 222, 223, 222, 
[1867.283s][info][gc,stats       ]       CLDG                            3 us
[1867.283s][info][gc,stats       ]   Update Region States               39 us
[1867.283s][info][gc,stats       ]   Manage GC/TLABs                    10 us
[1867.283s][info][gc,stats       ]   Choose Collection Set              79 us
[1867.283s][info][gc,stats       ]   Rebuild Free Set                   10 us
[1867.283s][info][gc,stats       ]   Evacuation                      42836 us
[1867.283s][info][gc,stats       ]   Manage GCLABs                      16 us
[1867.283s][info][gc,stats       ]   Update References               57174 us
[1867.283s][info][gc,stats       ]   Update Region States               92 us
[1867.283s][info][gc,stats       ]   Trash Collection Set               18 us
[1867.283s][info][gc,stats       ]   Rebuild Free Set                   12 us
[1867.283s][info][gc,stats       ]   Degen Update Roots               6828 us, parallelism: 3.88x
[1867.283s][info][gc,stats       ]     DU: <total>                   26500 us
[1867.283s][info][gc,stats       ]     DU: Thread Roots                273 us, workers (us):  90,   1, 181,   1, 
[1867.283s][info][gc,stats       ]     DU: Code Cache Roots          21409 us, workers (us): 5322, 5517, 5231, 5339, 
[1867.283s][info][gc,stats       ]     DU: VM Strong Roots               7 us, workers (us):   4,   3,   0,   0, 
[1867.283s][info][gc,stats       ]     DU: VM Weak Roots              4373 us, workers (us): 1108, 1108, 1087, 1071, 
[1867.283s][info][gc,stats       ]     DU: CLDG Roots                  437 us, workers (us):  69,  94,  67, 207, 
[1867.283s][info][gc,stats       ]   Cleanup                            62 us
[1867.283s][info][gc,metaspace   ] Metaspace: 135290K(136448K)->135290K(136448K) NonClass: 114354K(115008K)->114354K(115008K) Class: 20935K(21440K)->20935K(21440K)
[1880.327s][info][gc             ] Failed to allocate TLAB, 4096K
[1880.327s][info][gc             ] Cancelling GC: Allocation Failure
[1880.328s][info][gc             ] Trigger: Handle Allocation Failure
[1880.328s][info][gc,ergo        ] Free: 0B, Max: 0B regular, 0B humongous, Frag: 0% external, 0% internal; Reserve: 412M, Max: 4096K
[1880.328s][info][gc,start       ] GC(172) Pause Degenerated GC (Outside of Cycle)
[1880.328s][info][gc,task        ] GC(172) Using 4 of 4 workers for stw degenerated gc
[1880.342s][info][gc,ref         ] GC(172) Clearing All SoftReferences
[1880.463s][info][gc,ref         ] GC(172) Encountered references: Soft: 3307, Weak: 22849, Final: 34, Phantom: 1367
[1880.463s][info][gc,ref         ] GC(172) Discovered  references: Soft: 2776, Weak: 12333, Final: 0, Phantom: 1007
[1880.463s][info][gc,ref         ] GC(172) Enqueued    references: Soft: 1, Weak: 5, Final: 0, Phantom: 0
[1880.469s][info][gc,ergo        ] GC(172) CSet Selection. Actual Free: 1544M, Max CSet: 1286M
[1880.469s][info][gc,ergo        ] GC(172) Collectable Garbage: 7283M (99%), Immediate: 1132M (15%), CSet: 6151M (84%)
[1880.578s][info][gc,ergo        ] GC(172) Good progress for free space: 7276M, need 83886K
[1880.578s][info][gc,ergo        ] GC(172) Good progress for used space: 7276M, need 4096K
[1880.578s][info][gc             ] GC(172) Pause Degenerated GC (Outside of Cycle) 7779M->503M(8192M) 249.270ms
[1880.578s][info][gc,ergo        ] Free: 7272M, Max: 4096K regular, 6828M humongous, Frag: 7% external, 1% internal; Reserve: 412M, Max: 4096K
[1880.578s][info][gc,stats       ] 
[1880.578s][info][gc,stats       ] All times are wall-clock times, except per-root-class counters, that are sum over
[1880.578s][info][gc,stats       ] all workers. Dividing the <total> over the root stage time estimates parallelism.
[1880.578s][info][gc,stats       ] 
[1880.578s][info][gc,stats       ] Pause Degenerated GC (G)         249326 us
[1880.578s][info][gc,stats       ] Pause Degenerated GC (N)         249283 us
[1880.578s][info][gc,stats       ]   Degen STW Mark                 120563 us, parallelism: 3.92x
[1880.578s][info][gc,stats       ]     DSM: <total>                 472330 us
[1880.578s][info][gc,stats       ]     DSM: Thread Roots               474 us, workers (us): 125, 124, 124, 101, 
[1880.578s][info][gc,stats       ]     DSM: VM Strong Roots             47 us, workers (us):  15,  14,   0,  18, 
[1880.578s][info][gc,stats       ]     DSM: CLDG Roots                 449 us, workers (us):  63,  63, 267,  57, 
[1880.578s][info][gc,stats       ]     DSM: Parallel Mark           471359 us, workers (us): 117896, 117878, 117689, 117895, 
[1880.578s][info][gc,stats       ]     System Purge                   7338 us
[1880.578s][info][gc,stats       ]       Weak References              1181 us, parallelism: 1.16x
[1880.578s][info][gc,stats       ]         WRP: <total>               1364 us
[1880.578s][info][gc,stats       ]         WRP: Weak References       1364 us, workers (us): 1100, 125, 122,  16, 
[1880.578s][info][gc,stats       ]       Unload Classes               5415 us, parallelism: 3.93x
[1880.578s][info][gc,stats       ]         DCU: <total>              21277 us
[1880.578s][info][gc,stats       ]         DCU: Unload Code Caches    21277 us, workers (us): 5350, 5314, 5309, 5303, 
[1880.578s][info][gc,stats       ]       Weak Roots                    279 us, parallelism: 3.19x
[1880.578s][info][gc,stats       ]         DWR: <total>                891 us
[1880.578s][info][gc,stats       ]         DWR: VM Weak Roots          891 us, workers (us): 239, 217, 217, 217, 
[1880.578s][info][gc,stats       ]       CLDG                            2 us
[1880.578s][info][gc,stats       ]   Update Region States               42 us
[1880.578s][info][gc,stats       ]   Manage GC/TLABs                     9 us
[1880.578s][info][gc,stats       ]   Choose Collection Set              63 us
[1880.578s][info][gc,stats       ]   Rebuild Free Set                    9 us
[1880.578s][info][gc,stats       ]   Evacuation                      41977 us
[1880.578s][info][gc,stats       ]   Manage GCLABs                       7 us
[1880.578s][info][gc,stats       ]   Update References               57753 us
[1880.578s][info][gc,stats       ]   Update Region States               43 us
[1880.578s][info][gc,stats       ]   Trash Collection Set               18 us
[1880.578s][info][gc,stats       ]   Rebuild Free Set                   10 us
[1880.578s][info][gc,stats       ]   Degen Update Roots               6376 us, parallelism: 3.88x
[1880.578s][info][gc,stats       ]     DU: <total>                   24763 us
[1880.578s][info][gc,stats       ]     DU: Thread Roots                173 us, workers (us):  61, 110,   1,   1, 
[1880.578s][info][gc,stats       ]     DU: Code Cache Roots          18486 us, workers (us): 4548, 4388, 4810, 4740, 
[1880.578s][info][gc,stats       ]     DU: VM Strong Roots               8 us, workers (us):   3,   3,   3,   0, 
[1880.578s][info][gc,stats       ]     DU: VM Weak Roots              5599 us, workers (us): 1409, 1406, 1406, 1379, 
[1880.578s][info][gc,stats       ]     DU: CLDG Roots                  497 us, workers (us): 113, 227,  79,  78, 
[1880.578s][info][gc,stats       ]   Cleanup                            58 us
[1880.578s][info][gc,metaspace   ] Metaspace: 135291K(136448K)->135291K(136448K) NonClass: 114356K(115008K)->114356K(115008K) Class: 20935K(21440K)->20935K(21440K)
[1890.298s][info][gc             ] Failed to allocate TLAB, 4096K
[1890.298s][info][gc             ] Cancelling GC: Allocation Failure
[1890.299s][info][gc             ] Trigger: Handle Allocation Failure
[1890.299s][info][gc,ergo        ] Free: 0B, Max: 0B regular, 0B humongous, Frag: 0% external, 0% internal; Reserve: 412M, Max: 4096K
[1890.299s][info][gc,start       ] GC(173) Pause Degenerated GC (Outside of Cycle)
[1890.299s][info][gc,task        ] GC(173) Using 4 of 4 workers for stw degenerated gc
[1890.319s][info][gc,ref         ] GC(173) Clearing All SoftReferences
[1890.462s][info][gc,ref         ] GC(173) Encountered references: Soft: 3307, Weak: 22851, Final: 34, Phantom: 1375
[1890.462s][info][gc,ref         ] GC(173) Discovered  references: Soft: 783, Weak: 12412, Final: 34, Phantom: 1013
[1890.462s][info][gc,ref         ] GC(173) Enqueued    references: Soft: 1, Weak: 3, Final: 0, Phantom: 0
[1890.472s][info][gc,ergo        ] GC(173) CSet Selection. Actual Free: 3208M, Max CSet: 2673M
[1890.472s][info][gc,ergo        ] GC(173) Collectable Garbage: 7285M (99%), Immediate: 2796M (38%), CSet: 4489M (61%)
[1890.618s][info][gc,ergo        ] GC(173) Good progress for free space: 7280M, need 83886K
[1890.618s][info][gc,ergo        ] GC(173) Good progress for used space: 7280M, need 4096K
[1890.618s][info][gc             ] GC(173) Pause Degenerated GC (Outside of Cycle) 7779M->499M(8192M) 319.400ms
[1890.618s][info][gc,ergo        ] Free: 7272M, Max: 4096K regular, 6832M humongous, Frag: 7% external, 1% internal; Reserve: 412M, Max: 4096K
[1890.618s][info][gc,stats       ] 
[1890.618s][info][gc,stats       ] All times are wall-clock times, except per-root-class counters, that are sum over
[1890.618s][info][gc,stats       ] all workers. Dividing the <total> over the root stage time estimates parallelism.
[1890.618s][info][gc,stats       ] 
[1890.618s][info][gc,stats       ] Pause Degenerated GC (G)         319506 us
[1890.618s][info][gc,stats       ] Pause Degenerated GC (N)         319429 us
[1890.618s][info][gc,stats       ]   Degen STW Mark                 142305 us, parallelism: 3.87x
[1890.618s][info][gc,stats       ]     DSM: <total>                 551102 us
[1890.618s][info][gc,stats       ]     DSM: Thread Roots               703 us, workers (us): 259, 177, 135, 132, 
[1890.618s][info][gc,stats       ]     DSM: VM Strong Roots             39 us, workers (us):   0,   0,  18,  20, 
[1890.618s][info][gc,stats       ]     DSM: CLDG Roots                 413 us, workers (us):  10, 266,  68,  69, 
[1890.619s][info][gc,stats       ]     DSM: Parallel Mark           549947 us, workers (us): 137522, 137362, 137529, 137534, 
[1890.619s][info][gc,stats       ]     System Purge                  11945 us
[1890.619s][info][gc,stats       ]       Weak References              2047 us, parallelism: 1.24x
[1890.619s][info][gc,stats       ]         WRP: <total>               2531 us
[1890.619s][info][gc,stats       ]         WRP: Weak References       2531 us, workers (us): 108, 180, 1940, 303, 
[1890.619s][info][gc,stats       ]       Unload Classes               8833 us, parallelism: 3.94x
[1890.619s][info][gc,stats       ]         DCU: <total>              34815 us
[1890.619s][info][gc,stats       ]         DCU: Unload Code Caches    34815 us, workers (us): 8700, 8706, 8710, 8699, 
[1890.619s][info][gc,stats       ]       Weak Roots                    422 us, parallelism: 3.80x
[1890.619s][info][gc,stats       ]         DWR: <total>               1603 us
[1890.619s][info][gc,stats       ]         DWR: VM Weak Roots         1603 us, workers (us): 403, 400, 400, 400, 
[1890.619s][info][gc,stats       ]       CLDG                            4 us
[1890.619s][info][gc,stats       ]   Update Region States               36 us
[1890.619s][info][gc,stats       ]   Manage GC/TLABs                     9 us
[1890.619s][info][gc,stats       ]   Choose Collection Set              86 us
[1890.619s][info][gc,stats       ]   Rebuild Free Set                   11 us
[1890.619s][info][gc,stats       ]   Evacuation                      57832 us
[1890.619s][info][gc,stats       ]   Manage GCLABs                      22 us
[1890.619s][info][gc,stats       ]   Update References               76947 us
[1890.619s][info][gc,stats       ]   Update Region States               37 us
[1890.619s][info][gc,stats       ]   Trash Collection Set               15 us
[1890.619s][info][gc,stats       ]   Rebuild Free Set                   13 us
[1890.619s][info][gc,stats       ]   Degen Update Roots               7065 us, parallelism: 3.90x
[1890.619s][info][gc,stats       ]     DU: <total>                   27563 us
[1890.619s][info][gc,stats       ]     DU: Thread Roots                264 us, workers (us):   1,   1, 164,  98, 
[1890.619s][info][gc,stats       ]     DU: Code Cache Roots          21632 us, workers (us): 5526, 5449, 5296, 5361, 
[1890.619s][info][gc,stats       ]     DU: VM Strong Roots               7 us, workers (us):   3,   2,   2,   0, 
[1890.619s][info][gc,stats       ]     DU: VM Weak Roots              5123 us, workers (us): 1287, 1286, 1287, 1262, 
[1890.619s][info][gc,stats       ]     DU: CLDG Roots                  537 us, workers (us): 122, 252,  83,  81, 
[1890.619s][info][gc,stats       ]   Cleanup                           102 us
[1890.619s][info][gc,metaspace   ] Metaspace: 135295K(136448K)->135295K(136448K) NonClass: 114360K(115008K)->114360K(115008K) Class: 20935K(21440K)->20935K(21440K)
[1902.401s][info][gc             ] Failed to allocate TLAB, 4096K
[1902.401s][info][gc             ] Cancelling GC: Allocation Failure
[1902.401s][info][gc             ] Trigger: Handle Allocation Failure
[1902.401s][info][gc,ergo        ] Free: 0B, Max: 0B regular, 0B humongous, Frag: 0% external, 0% internal; Reserve: 412M, Max: 4096K
[1902.401s][info][gc,start       ] GC(174) Pause Degenerated GC (Outside of Cycle)
[1902.401s][info][gc,task        ] GC(174) Using 4 of 4 workers for stw degenerated gc
[1902.415s][info][gc,ref         ] GC(174) Clearing All SoftReferences
[1902.535s][info][gc,ref         ] GC(174) Encountered references: Soft: 3315, Weak: 22866, Final: 34, Phantom: 1386
[1902.535s][info][gc,ref         ] GC(174) Discovered  references: Soft: 2781, Weak: 12312, Final: 1, Phantom: 1047
[1902.535s][info][gc,ref         ] GC(174) Enqueued    references: Soft: 9, Weak: 11, Final: 0, Phantom: 5
[1902.543s][info][gc,ergo        ] GC(174) CSet Selection. Actual Free: 1568M, Max CSet: 1306M
[1902.543s][info][gc,ergo        ] GC(174) Collectable Garbage: 7286M (99%), Immediate: 1156M (15%), CSet: 6130M (83%)
[1902.657s][info][gc,ergo        ] GC(174) Good progress for free space: 7280M, need 83886K
[1902.657s][info][gc,ergo        ] GC(174) Good progress for used space: 7280M, need 4096K
[1902.657s][info][gc             ] GC(174) Pause Degenerated GC (Outside of Cycle) 7779M->499M(8192M) 255.473ms
[1902.657s][info][gc,ergo        ] Free: 7272M, Max: 4096K regular, 6832M humongous, Frag: 7% external, 1% internal; Reserve: 412M, Max: 4096K
[1902.657s][info][gc,stats       ] 
[1902.657s][info][gc,stats       ] All times are wall-clock times, except per-root-class counters, that are sum over
[1902.657s][info][gc,stats       ] all workers. Dividing the <total> over the root stage time estimates parallelism.
[1902.657s][info][gc,stats       ] 
[1902.657s][info][gc,stats       ] Pause Degenerated GC (G)         255521 us
[1902.657s][info][gc,stats       ] Pause Degenerated GC (N)         255487 us
[1902.657s][info][gc,stats       ]   Degen STW Mark                 119755 us, parallelism: 3.93x
[1902.657s][info][gc,stats       ]     DSM: <total>                 470478 us
[1902.657s][info][gc,stats       ]     DSM: Thread Roots               444 us, workers (us): 128, 128, 101,  87, 
[1902.657s][info][gc,stats       ]     DSM: VM Strong Roots             36 us, workers (us):  14,  11,   0,  11, 
[1902.657s][info][gc,stats       ]     DSM: CLDG Roots                 374 us, workers (us):  48,  48, 232,  47, 
[1902.657s][info][gc,stats       ]     DSM: Parallel Mark           469623 us, workers (us): 117454, 117459, 117267, 117443, 
[1902.657s][info][gc,stats       ]     System Purge                   8878 us
[1902.657s][info][gc,stats       ]       Weak References              1240 us, parallelism: 1.24x
[1902.657s][info][gc,stats       ]         WRP: <total>               1537 us
[1902.657s][info][gc,stats       ]         WRP: Weak References       1537 us, workers (us): 150, 196,  60, 1132, 
[1902.657s][info][gc,stats       ]       Unload Classes               5975 us, parallelism: 3.94x
[1902.657s][info][gc,stats       ]         DCU: <total>              23548 us
[1902.657s][info][gc,stats       ]         DCU: Unload Code Caches    23548 us, workers (us): 5903, 5900, 5876, 5869, 
[1902.657s][info][gc,stats       ]       Weak Roots                    252 us, parallelism: 3.52x
[1902.657s][info][gc,stats       ]         DWR: <total>                888 us
[1902.657s][info][gc,stats       ]         DWR: VM Weak Roots          888 us, workers (us): 240, 240, 211, 197, 
[1902.657s][info][gc,stats       ]       CLDG                            6 us
[1902.657s][info][gc,stats       ]   Update Region States               46 us
[1902.657s][info][gc,stats       ]   Manage GC/TLABs                     9 us
[1902.657s][info][gc,stats       ]   Choose Collection Set              82 us
[1902.657s][info][gc,stats       ]   Rebuild Free Set                   10 us
[1902.657s][info][gc,stats       ]   Evacuation                      45549 us
[1902.657s][info][gc,stats       ]   Manage GCLABs                       9 us
[1902.657s][info][gc,stats       ]   Update References               59051 us
[1902.657s][info][gc,stats       ]   Update Region States               26 us
[1902.657s][info][gc,stats       ]   Trash Collection Set               17 us
[1902.657s][info][gc,stats       ]   Rebuild Free Set                   11 us
[1902.657s][info][gc,stats       ]   Degen Update Roots               6641 us, parallelism: 3.87x
[1902.657s][info][gc,stats       ]     DU: <total>                   25729 us
[1902.657s][info][gc,stats       ]     DU: Thread Roots                213 us, workers (us): 144,  67,   1,   1, 
[1902.657s][info][gc,stats       ]     DU: Code Cache Roots          20194 us, workers (us): 4951, 5028, 5140, 5075, 
[1902.657s][info][gc,stats       ]     DU: VM Strong Roots               7 us, workers (us):   2,   2,   2,   0, 
[1902.657s][info][gc,stats       ]     DU: VM Weak Roots              4858 us, workers (us): 1222, 1222, 1222, 1192, 
[1902.657s][info][gc,stats       ]     DU: CLDG Roots                  458 us, workers (us):  73,  74, 201, 111, 
[1902.657s][info][gc,stats       ]   Cleanup                            60 us
[1902.657s][info][gc,metaspace   ] Metaspace: 135314K(136448K)->135314K(136448K) NonClass: 114376K(115008K)->114376K(115008K) Class: 20938K(21440K)->20938K(21440K)
[1913.580s][info][gc             ] Failed to allocate TLAB, 4096K
[1913.580s][info][gc             ] Cancelling GC: Allocation Failure
[1913.581s][info][gc             ] Trigger: Handle Allocation Failure
[1913.581s][info][gc,ergo        ] Free: 0B, Max: 0B regular, 0B humongous, Frag: 0% external, 0% internal; Reserve: 412M, Max: 4096K
[1913.581s][info][gc,start       ] GC(175) Pause Degenerated GC (Outside of Cycle)
[1913.581s][info][gc,task        ] GC(175) Using 4 of 4 workers for stw degenerated gc
[1913.596s][info][gc,ref         ] GC(175) Clearing All SoftReferences
[1913.742s][info][gc,ref         ] GC(175) Encountered references: Soft: 3307, Weak: 22861, Final: 34, Phantom: 1387
[1913.742s][info][gc,ref         ] GC(175) Discovered  references: Soft: 2782, Weak: 12462, Final: 0, Phantom: 991
[1913.742s][info][gc,ref         ] GC(175) Enqueued    references: Soft: 1, Weak: 4, Final: 0, Phantom: 0
[1913.748s][info][gc,ergo        ] GC(175) CSet Selection. Actual Free: 3460M, Max CSet: 2883M
[1913.748s][info][gc,ergo        ] GC(175) Collectable Garbage: 7297M (99%), Immediate: 3048M (41%), CSet: 4249M (57%)
[1913.846s][info][gc,ergo        ] GC(175) Good progress for free space: 7292M, need 83886K
[1913.846s][info][gc,ergo        ] GC(175) Good progress for used space: 7292M, need 4096K
[1913.846s][info][gc             ] GC(175) Pause Degenerated GC (Outside of Cycle) 7779M->487M(8192M) 264.786ms
[1913.846s][info][gc,ergo        ] Free: 7280M, Max: 4096K regular, 6844M humongous, Frag: 6% external, 1% internal; Reserve: 412M, Max: 4096K
[1913.846s][info][gc,stats       ] 
[1913.846s][info][gc,stats       ] All times are wall-clock times, except per-root-class counters, that are sum over
[1913.846s][info][gc,stats       ] all workers. Dividing the <total> over the root stage time estimates parallelism.
[1913.846s][info][gc,stats       ] 
[1913.846s][info][gc,stats       ] Pause Degenerated GC (G)         264887 us
[1913.846s][info][gc,stats       ] Pause Degenerated GC (N)         264799 us
[1913.846s][info][gc,stats       ]   Degen STW Mark                 144353 us, parallelism: 3.94x
[1913.846s][info][gc,stats       ]     DSM: <total>                 568988 us
[1913.846s][info][gc,stats       ]     DSM: Thread Roots               348 us, workers (us): 103, 103,  71,  71, 
[1913.846s][info][gc,stats       ]     DSM: VM Strong Roots             30 us, workers (us):   0,   9,   9,  11, 
[1913.846s][info][gc,stats       ]     DSM: CLDG Roots                 336 us, workers (us): 194,  47,  47,  47, 
[1913.846s][info][gc,stats       ]     DSM: Parallel Mark           568275 us, workers (us): 141961, 142099, 142108, 142107, 
[1913.846s][info][gc,stats       ]     System Purge                   7596 us
[1913.846s][info][gc,stats       ]       Weak References              1155 us, parallelism: 1.14x
[1913.846s][info][gc,stats       ]         WRP: <total>               1312 us
[1913.846s][info][gc,stats       ]         WRP: Weak References       1312 us, workers (us):  68, 1016,  17, 211, 
[1913.846s][info][gc,stats       ]       Unload Classes               5802 us, parallelism: 3.91x
[1913.846s][info][gc,stats       ]         DCU: <total>              22671 us
[1913.846s][info][gc,stats       ]         DCU: Unload Code Caches    22671 us, workers (us): 5706, 5655, 5654, 5656, 
[1913.846s][info][gc,stats       ]       Weak Roots                    291 us, parallelism: 3.04x
[1913.846s][info][gc,stats       ]         DWR: <total>                883 us
[1913.846s][info][gc,stats       ]         DWR: VM Weak Roots          883 us, workers (us): 247, 216, 216, 204, 
[1913.846s][info][gc,stats       ]       CLDG                            2 us
[1913.846s][info][gc,stats       ]   Update Region States               85 us
[1913.846s][info][gc,stats       ]   Manage GC/TLABs                     9 us
[1913.846s][info][gc,stats       ]   Choose Collection Set              69 us
[1913.846s][info][gc,stats       ]   Rebuild Free Set                   10 us
[1913.846s][info][gc,stats       ]   Evacuation                      33428 us
[1913.846s][info][gc,stats       ]   Manage GCLABs                       7 us
[1913.846s][info][gc,stats       ]   Update References               56656 us
[1913.846s][info][gc,stats       ]   Update Region States               23 us
[1913.847s][info][gc,stats       ]   Trash Collection Set               13 us
[1913.847s][info][gc,stats       ]   Rebuild Free Set                   11 us
[1913.847s][info][gc,stats       ]   Degen Update Roots               5723 us, parallelism: 3.87x
[1913.847s][info][gc,stats       ]     DU: <total>                   22173 us
[1913.847s][info][gc,stats       ]     DU: Thread Roots                151 us, workers (us):   1,   1,  73,  76, 
[1913.847s][info][gc,stats       ]     DU: Code Cache Roots          17151 us, workers (us): 4371, 4464, 4217, 4098, 
[1913.847s][info][gc,stats       ]     DU: VM Strong Roots               7 us, workers (us):   2,   3,   2,   0, 
[1913.847s][info][gc,stats       ]     DU: VM Weak Roots              4443 us, workers (us): 1117, 1118, 1118, 1090, 
[1913.847s][info][gc,stats       ]     DU: CLDG Roots                  421 us, workers (us):  96,  68,  69, 187, 
[1913.847s][info][gc,stats       ]   Cleanup                            43 us
[1913.847s][info][gc,metaspace   ] Metaspace: 135319K(136448K)->135319K(136448K) NonClass: 114381K(115008K)->114381K(115008K) Class: 20938K(21440K)->20938K(21440K)
[1927.777s][info][gc             ] Failed to allocate TLAB, 4096K
[1927.777s][info][gc             ] Cancelling GC: Allocation Failure
[1927.777s][info][gc             ] Trigger: Handle Allocation Failure
[1927.777s][info][gc,ergo        ] Free: 0B, Max: 0B regular, 0B humongous, Frag: 0% external, 0% internal; Reserve: 412M, Max: 4096K
[1927.777s][info][gc,start       ] GC(176) Pause Degenerated GC (Outside of Cycle)
[1927.777s][info][gc,task        ] GC(176) Using 4 of 4 workers for stw degenerated gc
[1927.788s][info][gc,ref         ] GC(176) Clearing All SoftReferences
[1927.905s][info][gc,ref         ] GC(176) Encountered references: Soft: 3314, Weak: 22864, Final: 34, Phantom: 1393
[1927.905s][info][gc,ref         ] GC(176) Discovered  references: Soft: 2792, Weak: 12242, Final: 0, Phantom: 995
[1927.905s][info][gc,ref         ] GC(176) Enqueued    references: Soft: 8, Weak: 5, Final: 0, Phantom: 0
[1927.912s][info][gc,ergo        ] GC(176) CSet Selection. Actual Free: 2008M, Max CSet: 1673M
[1927.912s][info][gc,ergo        ] GC(176) Collectable Garbage: 7268M (99%), Immediate: 1596M (21%), CSet: 5672M (77%)
[1928.019s][info][gc,ergo        ] GC(176) Good progress for free space: 7260M, need 83886K
[1928.019s][info][gc,ergo        ] GC(176) Good progress for used space: 7260M, need 4096K
[1928.019s][info][gc             ] GC(176) Pause Degenerated GC (Outside of Cycle) 7779M->519M(8192M) 241.521ms
[1928.019s][info][gc,ergo        ] Free: 7248M, Max: 4096K regular, 6812M humongous, Frag: 7% external, 1% internal; Reserve: 412M, Max: 4096K
[1928.019s][info][gc,stats       ] 
[1928.019s][info][gc,stats       ] All times are wall-clock times, except per-root-class counters, that are sum over
[1928.019s][info][gc,stats       ] all workers. Dividing the <total> over the root stage time estimates parallelism.
[1928.019s][info][gc,stats       ] 
[1928.019s][info][gc,stats       ] Pause Degenerated GC (G)         241594 us
[1928.019s][info][gc,stats       ] Pause Degenerated GC (N)         241534 us
[1928.019s][info][gc,stats       ]   Degen STW Mark                 115683 us, parallelism: 3.92x
[1928.019s][info][gc,stats       ]     DSM: <total>                 453978 us
[1928.019s][info][gc,stats       ]     DSM: Thread Roots               819 us, workers (us): 213, 213, 211, 182, 
[1928.019s][info][gc,stats       ]     DSM: VM Strong Roots             64 us, workers (us):  28,  16,  20,   0, 
[1928.019s][info][gc,stats       ]     DSM: CLDG Roots                 428 us, workers (us):  60,  60,  60, 248, 
[1928.019s][info][gc,stats       ]     DSM: Parallel Mark           452667 us, workers (us): 113205, 113208, 113214, 113039, 
[1928.019s][info][gc,stats       ]     System Purge                   8354 us
[1928.019s][info][gc,stats       ]       Weak References              1114 us, parallelism: 1.20x
[1928.019s][info][gc,stats       ]         WRP: <total>               1332 us
[1928.019s][info][gc,stats       ]         WRP: Weak References       1332 us, workers (us): 1009, 145, 115,  63, 
[1928.019s][info][gc,stats       ]       Unload Classes               6292 us, parallelism: 3.92x
[1928.019s][info][gc,stats       ]         DCU: <total>              24679 us
[1928.019s][info][gc,stats       ]         DCU: Unload Code Caches    24679 us, workers (us): 6192, 6157, 6173, 6156, 
[1928.019s][info][gc,stats       ]       Weak Roots                    285 us, parallelism: 3.03x
[1928.019s][info][gc,stats       ]         DWR: <total>                863 us
[1928.019s][info][gc,stats       ]         DWR: VM Weak Roots          863 us, workers (us): 245, 217, 201, 201, 
[1928.019s][info][gc,stats       ]       CLDG                            2 us
[1928.019s][info][gc,stats       ]   Update Region States               42 us
[1928.019s][info][gc,stats       ]   Manage GC/TLABs                    10 us
[1928.019s][info][gc,stats       ]   Choose Collection Set              71 us
[1928.019s][info][gc,stats       ]   Rebuild Free Set                   10 us
[1928.019s][info][gc,stats       ]   Evacuation                      44529 us
[1928.019s][info][gc,stats       ]   Manage GCLABs                       8 us
[1928.019s][info][gc,stats       ]   Update References               53925 us
[1928.019s][info][gc,stats       ]   Update Region States               83 us
[1928.019s][info][gc,stats       ]   Trash Collection Set               15 us
[1928.019s][info][gc,stats       ]   Rebuild Free Set                   11 us
[1928.019s][info][gc,stats       ]   Degen Update Roots               5985 us, parallelism: 3.85x
[1928.019s][info][gc,stats       ]     DU: <total>                   23026 us
[1928.019s][info][gc,stats       ]     DU: Thread Roots                155 us, workers (us): 101,  47,   1,   7, 
[1928.019s][info][gc,stats       ]     DU: Code Cache Roots          17936 us, workers (us): 4405, 4488, 4515, 4528, 
[1928.019s][info][gc,stats       ]     DU: VM Strong Roots              10 us, workers (us):   5,   5,   0,   0, 
[1928.019s][info][gc,stats       ]     DU: VM Weak Roots              4474 us, workers (us): 1124, 1124, 1113, 1113, 
[1928.020s][info][gc,stats       ]     DU: CLDG Roots                  452 us, workers (us): 101,  72, 208,  71, 
[1928.020s][info][gc,stats       ]   Cleanup                            61 us
[1928.020s][info][gc,metaspace   ] Metaspace: 135326K(136448K)->135326K(136448K) NonClass: 114387K(115008K)->114387K(115008K) Class: 20938K(21440K)->20938K(21440K)
[1937.789s][info][gc             ] Failed to allocate TLAB, 4096K
[1937.789s][info][gc             ] Cancelling GC: Allocation Failure
[1937.790s][info][gc             ] Trigger: Handle Allocation Failure
[1937.790s][info][gc,ergo        ] Free: 0B, Max: 0B regular, 0B humongous, Frag: 0% external, 0% internal; Reserve: 412M, Max: 4096K
[1937.790s][info][gc,start       ] GC(177) Pause Degenerated GC (Outside of Cycle)
[1937.792s][info][gc,task        ] GC(177) Using 4 of 4 workers for stw degenerated gc
[1937.812s][info][gc,ref         ] GC(177) Clearing All SoftReferences
[1937.963s][info][gc,ref         ] GC(177) Encountered references: Soft: 3307, Weak: 22864, Final: 34, Phantom: 1396
[1937.963s][info][gc,ref         ] GC(177) Discovered  references: Soft: 1467, Weak: 12096, Final: 0, Phantom: 1026
[1937.963s][info][gc,ref         ] GC(177) Enqueued    references: Soft: 1, Weak: 4, Final: 0, Phantom: 0
[1937.973s][info][gc,ergo        ] GC(177) CSet Selection. Actual Free: 2216M, Max CSet: 1846M
[1937.973s][info][gc,ergo        ] GC(177) Collectable Garbage: 7277M (99%), Immediate: 1804M (24%), CSet: 5473M (74%)
[1938.083s][info][gc,ergo        ] GC(177) Good progress for free space: 7272M, need 83886K
[1938.083s][info][gc,ergo        ] GC(177) Good progress for used space: 7272M, need 4096K
[1938.083s][info][gc             ] GC(177) Pause Degenerated GC (Outside of Cycle) 7779M->507M(8192M) 293.041ms
[1938.083s][info][gc,ergo        ] Free: 7264M, Max: 4096K regular, 6824M humongous, Frag: 7% external, 1% internal; Reserve: 412M, Max: 4096K
[1938.083s][info][gc,stats       ] 
[1938.083s][info][gc,stats       ] All times are wall-clock times, except per-root-class counters, that are sum over
[1938.083s][info][gc,stats       ] all workers. Dividing the <total> over the root stage time estimates parallelism.
[1938.083s][info][gc,stats       ] 
[1938.083s][info][gc,stats       ] Pause Degenerated GC (G)         293139 us
[1938.083s][info][gc,stats       ] Pause Degenerated GC (N)         293055 us
[1938.083s][info][gc,stats       ]   Degen STW Mark                 150028 us, parallelism: 3.94x
[1938.083s][info][gc,stats       ]     DSM: <total>                 590722 us
[1938.083s][info][gc,stats       ]     DSM: Thread Roots              3504 us, workers (us): 303, 2672, 267, 262, 
[1938.083s][info][gc,stats       ]     DSM: VM Strong Roots             52 us, workers (us):   0,   0,  27,  24, 
[1938.083s][info][gc,stats       ]     DSM: CLDG Roots                 789 us, workers (us): 468,  68, 127, 126, 
[1938.083s][info][gc,stats       ]     DSM: Parallel Mark           586378 us, workers (us): 146920, 144967, 147235, 147255, 
[1938.083s][info][gc,stats       ]     System Purge                  10693 us
[1938.083s][info][gc,stats       ]       Weak References              1181 us, parallelism: 1.02x
[1938.083s][info][gc,stats       ]         WRP: <total>               1202 us
[1938.083s][info][gc,stats       ]         WRP: Weak References       1202 us, workers (us): 102,   2,  78, 1021, 
[1938.083s][info][gc,stats       ]       Unload Classes               8696 us, parallelism: 3.93x
[1938.083s][info][gc,stats       ]         DCU: <total>              34157 us
[1938.083s][info][gc,stats       ]         DCU: Unload Code Caches    34157 us, workers (us): 8545, 8539, 8548, 8525, 
[1938.083s][info][gc,stats       ]       Weak Roots                    291 us, parallelism: 2.96x
[1938.083s][info][gc,stats       ]         DWR: <total>                860 us
[1938.083s][info][gc,stats       ]         DWR: VM Weak Roots          860 us, workers (us): 246, 220, 197, 197, 
[1938.083s][info][gc,stats       ]       CLDG                            2 us
[1938.083s][info][gc,stats       ]   Update Region States              110 us
[1938.083s][info][gc,stats       ]   Manage GC/TLABs                    12 us
[1938.083s][info][gc,stats       ]   Choose Collection Set              85 us
[1938.083s][info][gc,stats       ]   Rebuild Free Set                    9 us
[1938.083s][info][gc,stats       ]   Evacuation                      49514 us
[1938.083s][info][gc,stats       ]   Manage GCLABs                       9 us
[1938.083s][info][gc,stats       ]   Update References               52911 us
[1938.083s][info][gc,stats       ]   Update Region States               72 us
[1938.083s][info][gc,stats       ]   Trash Collection Set               15 us
[1938.083s][info][gc,stats       ]   Rebuild Free Set                   10 us
[1938.083s][info][gc,stats       ]   Degen Update Roots               5709 us, parallelism: 3.89x
[1938.083s][info][gc,stats       ]     DU: <total>                   22225 us
[1938.083s][info][gc,stats       ]     DU: Thread Roots                173 us, workers (us):   1,   1,  69, 102, 
[1938.083s][info][gc,stats       ]     DU: Code Cache Roots          17229 us, workers (us): 4386, 4417, 4300, 4127, 
[1938.083s][info][gc,stats       ]     DU: VM Strong Roots               7 us, workers (us):   3,   3,   2,   0, 
[1938.083s][info][gc,stats       ]     DU: VM Weak Roots              4374 us, workers (us): 1101, 1100, 1100, 1073, 
[1938.083s][info][gc,stats       ]     DU: CLDG Roots                  442 us, workers (us):  69,  93,  70, 210, 
[1938.083s][info][gc,stats       ]   Cleanup                            53 us
[1938.083s][info][gc,metaspace   ] Metaspace: 135326K(136448K)->135326K(136448K) NonClass: 114387K(115008K)->114387K(115008K) Class: 20938K(21440K)->20938K(21440K)
[1949.655s][info][gc             ] Failed to allocate TLAB, 4096K
[1949.655s][info][gc             ] Cancelling GC: Allocation Failure
[1949.657s][info][gc             ] Trigger: Handle Allocation Failure
[1949.657s][info][gc,ergo        ] Free: 0B, Max: 0B regular, 0B humongous, Frag: 0% external, 0% internal; Reserve: 412M, Max: 4096K
[1949.657s][info][gc,start       ] GC(178) Pause Degenerated GC (Outside of Cycle)
[1949.657s][info][gc,task        ] GC(178) Using 4 of 4 workers for stw degenerated gc
[1949.669s][info][gc,ref         ] GC(178) Clearing All SoftReferences
[1949.796s][info][gc,ref         ] GC(178) Encountered references: Soft: 3307, Weak: 22865, Final: 34, Phantom: 1402
[1949.796s][info][gc,ref         ] GC(178) Discovered  references: Soft: 783, Weak: 11872, Final: 34, Phantom: 1027
[1949.796s][info][gc,ref         ] GC(178) Enqueued    references: Soft: 1, Weak: 3, Final: 0, Phantom: 0
[1949.802s][info][gc,ergo        ] GC(178) CSet Selection. Actual Free: 1616M, Max CSet: 1346M
[1949.802s][info][gc,ergo        ] GC(178) Collectable Garbage: 7226M (99%), Immediate: 1204M (16%), CSet: 6022M (82%)
[1949.962s][info][gc,ergo        ] GC(178) Good progress for free space: 7224M, need 83886K
[1949.962s][info][gc,ergo        ] GC(178) Good progress for used space: 7224M, need 4096K
[1949.962s][info][gc             ] GC(178) Pause Degenerated GC (Outside of Cycle) 7779M->555M(8192M) 305.125ms
[1949.962s][info][gc,ergo        ] Free: 7212M, Max: 4096K regular, 6252M humongous, Frag: 14% external, 1% internal; Reserve: 412M, Max: 4096K
[1949.962s][info][gc,stats       ] 
[1949.962s][info][gc,stats       ] All times are wall-clock times, except per-root-class counters, that are sum over
[1949.962s][info][gc,stats       ] all workers. Dividing the <total> over the root stage time estimates parallelism.
[1949.962s][info][gc,stats       ] 
[1949.962s][info][gc,stats       ] Pause Degenerated GC (G)         305171 us
[1949.962s][info][gc,stats       ] Pause Degenerated GC (N)         305139 us
[1949.962s][info][gc,stats       ]   Degen STW Mark                 125275 us, parallelism: 3.93x
[1949.962s][info][gc,stats       ]     DSM: <total>                 492412 us
[1949.962s][info][gc,stats       ]     DSM: Thread Roots              1088 us, workers (us): 297, 159, 159, 474, 
[1949.962s][info][gc,stats       ]     DSM: VM Strong Roots             20 us, workers (us):   0,  20,   0,   0, 
[1949.962s][info][gc,stats       ]     DSM: CLDG Roots                 242 us, workers (us):  10,  36, 186,  10, 
[1949.962s][info][gc,stats       ]     DSM: Parallel Mark           491061 us, workers (us): 122797, 122892, 122755, 122616, 
[1949.962s][info][gc,stats       ]     System Purge                   7498 us
[1949.962s][info][gc,stats       ]       Weak References              1389 us, parallelism: 1.01x
[1949.962s][info][gc,stats       ]         WRP: <total>               1403 us
[1949.962s][info][gc,stats       ]         WRP: Weak References       1403 us, workers (us):  91, 1311,   1,   0, 
[1949.962s][info][gc,stats       ]       Unload Classes               5731 us, parallelism: 3.93x
[1949.962s][info][gc,stats       ]         DCU: <total>              22528 us
[1949.962s][info][gc,stats       ]         DCU: Unload Code Caches    22528 us, workers (us): 5655, 5641, 5622, 5611, 
[1949.962s][info][gc,stats       ]       Weak Roots                    234 us, parallelism: 3.53x
[1949.962s][info][gc,stats       ]         DWR: <total>                825 us
[1949.962s][info][gc,stats       ]         DWR: VM Weak Roots          825 us, workers (us): 223, 224, 195, 184, 
[1949.962s][info][gc,stats       ]       CLDG                            1 us
[1949.962s][info][gc,stats       ]   Update Region States               86 us
[1949.962s][info][gc,stats       ]   Manage GC/TLABs                    12 us
[1949.962s][info][gc,stats       ]   Choose Collection Set              76 us
[1949.962s][info][gc,stats       ]   Rebuild Free Set                   10 us
[1949.962s][info][gc,stats       ]   Evacuation                      83132 us
[1949.962s][info][gc,stats       ]   Manage GCLABs                       9 us
[1949.962s][info][gc,stats       ]   Update References               68755 us
[1949.962s][info][gc,stats       ]   Update Region States               45 us
[1949.962s][info][gc,stats       ]   Trash Collection Set               17 us
[1949.962s][info][gc,stats       ]   Rebuild Free Set                   10 us
[1949.962s][info][gc,stats       ]   Degen Update Roots               5847 us, parallelism: 3.88x
[1949.962s][info][gc,stats       ]     DU: <total>                   22659 us
[1949.962s][info][gc,stats       ]     DU: Thread Roots                167 us, workers (us):   1, 107,  58,   1, 
[1949.962s][info][gc,stats       ]     DU: Code Cache Roots          17643 us, workers (us): 4492, 4218, 4349, 4583, 
[1949.962s][info][gc,stats       ]     DU: VM Strong Roots               9 us, workers (us):   4,   4,   0,   0, 
[1949.962s][info][gc,stats       ]     DU: VM Weak Roots              4419 us, workers (us): 1119, 1120, 1100, 1080, 
[1949.962s][info][gc,stats       ]     DU: CLDG Roots                  420 us, workers (us):  71, 182,  98,  69, 
[1949.962s][info][gc,stats       ]   Cleanup                            57 us
[1949.962s][info][gc,metaspace   ] Metaspace: 135329K(136448K)->135329K(136448K) NonClass: 114390K(115008K)->114390K(115008K) Class: 20938K(21440K)->20938K(21440K)
[1961.063s][info][gc             ] Failed to allocate TLAB, 4096K
[1961.063s][info][gc             ] Cancelling GC: Allocation Failure
[1961.064s][info][gc             ] Trigger: Handle Allocation Failure
[1961.064s][info][gc,ergo        ] Free: 0B, Max: 0B regular, 0B humongous, Frag: 0% external, 0% internal; Reserve: 412M, Max: 4096K
[1961.064s][info][gc,start       ] GC(179) Pause Degenerated GC (Outside of Cycle)
[1961.064s][info][gc,task        ] GC(179) Using 4 of 4 workers for stw degenerated gc
[1961.079s][info][gc,ref         ] GC(179) Clearing All SoftReferences
[1961.188s][info][gc,ref         ] GC(179) Encountered references: Soft: 3313, Weak: 22869, Final: 34, Phantom: 1408
[1961.188s][info][gc,ref         ] GC(179) Discovered  references: Soft: 2791, Weak: 12450, Final: 0, Phantom: 1007
[1961.188s][info][gc,ref         ] GC(179) Enqueued    references: Soft: 7, Weak: 5, Final: 0, Phantom: 0
[1961.194s][info][gc,ergo        ] GC(179) CSet Selection. Actual Free: 2960M, Max CSet: 2466M
[1961.194s][info][gc,ergo        ] GC(179) Collectable Garbage: 7296M (99%), Immediate: 2548M (34%), CSet: 4748M (64%)
[1961.282s][info][gc,ergo        ] GC(179) Good progress for free space: 7292M, need 83886K
[1961.282s][info][gc,ergo        ] GC(179) Good progress for used space: 7292M, need 4096K
[1961.282s][info][gc             ] GC(179) Pause Degenerated GC (Outside of Cycle) 7779M->487M(8192M) 217.970ms
[1961.282s][info][gc,ergo        ] Free: 7288M, Max: 4096K regular, 6460M humongous, Frag: 12% external, 1% internal; Reserve: 412M, Max: 4096K
[1961.282s][info][gc,stats       ] 
[1961.282s][info][gc,stats       ] All times are wall-clock times, except per-root-class counters, that are sum over
[1961.282s][info][gc,stats       ] all workers. Dividing the <total> over the root stage time estimates parallelism.
[1961.282s][info][gc,stats       ] 
[1961.282s][info][gc,stats       ] Pause Degenerated GC (G)         218017 us
[1961.282s][info][gc,stats       ] Pause Degenerated GC (N)         217983 us
[1961.282s][info][gc,stats       ]   Degen STW Mark                 108501 us, parallelism: 3.92x
[1961.282s][info][gc,stats       ]     DSM: <total>                 425327 us
[1961.282s][info][gc,stats       ]     DSM: Thread Roots               712 us, workers (us): 185, 185, 186, 156, 
[1961.282s][info][gc,stats       ]     DSM: VM Strong Roots             54 us, workers (us):   0,  19,  20,  15, 
[1961.282s][info][gc,stats       ]     DSM: CLDG Roots                 405 us, workers (us): 274,  44,  43,  44, 
[1961.282s][info][gc,stats       ]     DSM: Parallel Mark           424156 us, workers (us): 105873, 106086, 106095, 106102, 
[1961.282s][info][gc,stats       ]     System Purge                   7132 us
[1961.282s][info][gc,stats       ]       Weak References              1099 us, parallelism: 1.14x
[1961.282s][info][gc,stats       ]         WRP: <total>               1254 us
[1961.282s][info][gc,stats       ]         WRP: Weak References       1254 us, workers (us):  50, 966, 221,  17, 
[1961.282s][info][gc,stats       ]       Unload Classes               5530 us, parallelism: 3.90x
[1961.282s][info][gc,stats       ]         DCU: <total>              21594 us
[1961.282s][info][gc,stats       ]         DCU: Unload Code Caches    21594 us, workers (us): 5432, 5386, 5381, 5396, 
[1961.282s][info][gc,stats       ]       Weak Roots                    278 us, parallelism: 3.01x
[1961.282s][info][gc,stats       ]         DWR: <total>                834 us
[1961.282s][info][gc,stats       ]         DWR: VM Weak Roots          834 us, workers (us): 239, 210, 193, 193, 
[1961.282s][info][gc,stats       ]       CLDG                            1 us
[1961.282s][info][gc,stats       ]   Update Region States               82 us
[1961.282s][info][gc,stats       ]   Manage GC/TLABs                     8 us
[1961.282s][info][gc,stats       ]   Choose Collection Set              73 us
[1961.282s][info][gc,stats       ]   Rebuild Free Set                   11 us
[1961.282s][info][gc,stats       ]   Evacuation                      32762 us
[1961.282s][info][gc,stats       ]   Manage GCLABs                       8 us
[1961.282s][info][gc,stats       ]   Update References               46539 us
[1961.282s][info][gc,stats       ]   Update Region States               82 us
[1961.282s][info][gc,stats       ]   Trash Collection Set               14 us
[1961.282s][info][gc,stats       ]   Rebuild Free Set                   12 us
[1961.282s][info][gc,stats       ]   Degen Update Roots               5977 us, parallelism: 3.86x
[1961.282s][info][gc,stats       ]     DU: <total>                   23084 us
[1961.282s][info][gc,stats       ]     DU: Thread Roots                166 us, workers (us):   1,  70,   1,  95, 
[1961.282s][info][gc,stats       ]     DU: Code Cache Roots          17538 us, workers (us): 4514, 4230, 4458, 4335, 
[1961.282s][info][gc,stats       ]     DU: VM Strong Roots               6 us, workers (us):   6,   0,   0,   0, 
[1961.282s][info][gc,stats       ]     DU: VM Weak Roots              4955 us, workers (us): 1266, 1230, 1230, 1229, 
[1961.282s][info][gc,stats       ]     DU: CLDG Roots                  418 us, workers (us):  90, 196,  66,  67, 
[1961.282s][info][gc,stats       ]   Cleanup                            48 us
[1961.282s][info][gc,metaspace   ] Metaspace: 135329K(136448K)->135329K(136448K) NonClass: 114390K(115008K)->114390K(115008K) Class: 20938K(21440K)->20938K(21440K)
[1970.974s][info][gc             ] Failed to allocate TLAB, 4096K
[1970.974s][info][gc             ] Cancelling GC: Allocation Failure
[1970.975s][info][gc             ] Trigger: Handle Allocation Failure
[1970.975s][info][gc,ergo        ] Free: 0B, Max: 0B regular, 0B humongous, Frag: 0% external, 0% internal; Reserve: 412M, Max: 4096K
[1970.975s][info][gc,start       ] GC(180) Pause Degenerated GC (Outside of Cycle)
[1970.975s][info][gc,task        ] GC(180) Using 4 of 4 workers for stw degenerated gc
[1970.985s][info][gc,ref         ] GC(180) Clearing All SoftReferences
[1971.112s][info][gc,ref         ] GC(180) Encountered references: Soft: 3311, Weak: 22873, Final: 34, Phantom: 1411
[1971.112s][info][gc,ref         ] GC(180) Discovered  references: Soft: 792, Weak: 12264, Final: 2, Phantom: 1038
[1971.112s][info][gc,ref         ] GC(180) Enqueued    references: Soft: 5, Weak: 8, Final: 0, Phantom: 3
[1971.128s][info][gc,ergo        ] GC(180) CSet Selection. Actual Free: 4580M, Max CSet: 3816M
[1971.129s][info][gc,ergo        ] GC(180) Collectable Garbage: 7305M (99%), Immediate: 4168M (56%), CSet: 3137M (42%)
[1971.213s][info][gc,ergo        ] GC(180) Good progress for free space: 7296M, need 83886K
[1971.213s][info][gc,ergo        ] GC(180) Good progress for used space: 7296M, need 4096K
[1971.213s][info][gc             ] GC(180) Pause Degenerated GC (Outside of Cycle) 7779M->483M(8192M) 238.043ms
[1971.213s][info][gc,ergo        ] Free: 7292M, Max: 4096K regular, 4260M humongous, Frag: 42% external, 1% internal; Reserve: 412M, Max: 4096K
[1971.213s][info][gc,stats       ] 
[1971.213s][info][gc,stats       ] All times are wall-clock times, except per-root-class counters, that are sum over
[1971.213s][info][gc,stats       ] all workers. Dividing the <total> over the root stage time estimates parallelism.
[1971.213s][info][gc,stats       ] 
[1971.213s][info][gc,stats       ] Pause Degenerated GC (G)         238099 us
[1971.213s][info][gc,stats       ] Pause Degenerated GC (N)         238057 us
[1971.213s][info][gc,stats       ]   Degen STW Mark                 126610 us, parallelism: 3.94x
[1971.213s][info][gc,stats       ]     DSM: <total>                 498358 us
[1971.213s][info][gc,stats       ]     DSM: Thread Roots               444 us, workers (us): 112, 111, 110, 110, 
[1971.213s][info][gc,stats       ]     DSM: VM Strong Roots             47 us, workers (us):  16,   0,  14,  17, 
[1971.213s][info][gc,stats       ]     DSM: CLDG Roots                 317 us, workers (us):  34, 215,  34,  34, 
[1971.213s][info][gc,stats       ]     DSM: Parallel Mark           497549 us, workers (us): 124435, 124265, 124424, 124425, 
[1971.213s][info][gc,stats       ]     System Purge                  17158 us
[1971.213s][info][gc,stats       ]       Weak References              1111 us, parallelism: 1.12x
[1971.213s][info][gc,stats       ]         WRP: <total>               1245 us
[1971.213s][info][gc,stats       ]         WRP: Weak References       1245 us, workers (us): 1007, 110,  57,  71, 
[1971.213s][info][gc,stats       ]       Unload Classes              14993 us, parallelism: 3.88x
[1971.213s][info][gc,stats       ]         DCU: <total>              58221 us
[1971.213s][info][gc,stats       ]         DCU: Unload Code Caches    27195 us, workers (us): 6814, 6807, 6791, 6783, 
[1971.213s][info][gc,stats       ]         DCU: Unlink CLDs          31026 us, workers (us): 7747, 7767, 7763, 7748, 
[1971.213s][info][gc,stats       ]       Weak Roots                    260 us, parallelism: 3.11x
[1971.213s][info][gc,stats       ]         DWR: <total>                810 us
[1971.213s][info][gc,stats       ]         DWR: VM Weak Roots          810 us, workers (us): 220, 219, 191, 180, 
[1971.213s][info][gc,stats       ]       CLDG                           14 us
[1971.213s][info][gc,stats       ]   Update Region States               36 us
[1971.213s][info][gc,stats       ]   Manage GC/TLABs                    11 us
[1971.213s][info][gc,stats       ]   Choose Collection Set              76 us
[1971.213s][info][gc,stats       ]   Rebuild Free Set                   11 us
[1971.213s][info][gc,stats       ]   Evacuation                      26843 us
[1971.213s][info][gc,stats       ]   Manage GCLABs                       7 us
[1971.213s][info][gc,stats       ]   Update References               49818 us
[1971.213s][info][gc,stats       ]   Update Region States               43 us
[1971.213s][info][gc,stats       ]   Trash Collection Set                9 us
[1971.213s][info][gc,stats       ]   Rebuild Free Set                   13 us
[1971.213s][info][gc,stats       ]   Degen Update Roots               5811 us, parallelism: 3.87x
[1971.213s][info][gc,stats       ]     DU: <total>                   22461 us
[1971.213s][info][gc,stats       ]     DU: Thread Roots                163 us, workers (us):  75,   1,  86,   1, 
[1971.213s][info][gc,stats       ]     DU: Code Cache Roots          17480 us, workers (us): 4315, 4455, 4177, 4532, 
[1971.213s][info][gc,stats       ]     DU: VM Strong Roots               7 us, workers (us):   3,   3,   0,   0, 
[1971.213s][info][gc,stats       ]     DU: VM Weak Roots              4382 us, workers (us): 1112, 1111, 1078, 1080, 
[1971.213s][info][gc,stats       ]     DU: CLDG Roots                  429 us, workers (us):  69,  70, 196,  95, 
[1971.213s][info][gc,stats       ]   Cleanup                            35 us
[1971.213s][info][gc,metaspace   ] Metaspace: 135338K(136448K)->135337K(136448K) NonClass: 114397K(115008K)->114396K(115008K) Class: 20941K(21440K)->20940K(21440K)
[1983.037s][info][gc             ] Failed to allocate TLAB, 4096K
[1983.037s][info][gc             ] Cancelling GC: Allocation Failure
[1983.037s][info][gc             ] Trigger: Handle Allocation Failure
[1983.037s][info][gc,ergo        ] Free: 0B, Max: 0B regular, 0B humongous, Frag: 0% external, 0% internal; Reserve: 412M, Max: 4096K
[1983.037s][info][gc,start       ] GC(181) Pause Degenerated GC (Outside of Cycle)
[1983.037s][info][gc,task        ] GC(181) Using 4 of 4 workers for stw degenerated gc
[1983.050s][info][gc,ref         ] GC(181) Clearing All SoftReferences
[1983.187s][info][gc,ref         ] GC(181) Encountered references: Soft: 3310, Weak: 22881, Final: 34, Phantom: 1419
[1983.187s][info][gc,ref         ] GC(181) Discovered  references: Soft: 791, Weak: 12321, Final: 34, Phantom: 1043
[1983.187s][info][gc,ref         ] GC(181) Enqueued    references: Soft: 4, Weak: 11, Final: 0, Phantom: 5
[1983.195s][info][gc,ergo        ] GC(181) CSet Selection. Actual Free: 2536M, Max CSet: 2113M
[1983.195s][info][gc,ergo        ] GC(181) Collectable Garbage: 7290M (99%), Immediate: 2124M (29%), CSet: 5166M (70%)
[1983.292s][info][gc,ergo        ] GC(181) Good progress for free space: 7280M, need 83886K
[1983.292s][info][gc,ergo        ] GC(181) Good progress for used space: 7280M, need 4096K
[1983.292s][info][gc             ] GC(181) Pause Degenerated GC (Outside of Cycle) 7779M->499M(8192M) 254.980ms
[1983.292s][info][gc,ergo        ] Free: 7276M, Max: 4096K regular, 6460M humongous, Frag: 12% external, 1% internal; Reserve: 412M, Max: 4096K
[1983.292s][info][gc,stats       ] 
[1983.292s][info][gc,stats       ] All times are wall-clock times, except per-root-class counters, that are sum over
[1983.292s][info][gc,stats       ] all workers. Dividing the <total> over the root stage time estimates parallelism.
[1983.292s][info][gc,stats       ] 
[1983.292s][info][gc,stats       ] Pause Degenerated GC (G)         255052 us
[1983.292s][info][gc,stats       ] Pause Degenerated GC (N)         254994 us
[1983.292s][info][gc,stats       ]   Degen STW Mark                 135340 us, parallelism: 3.89x
[1983.292s][info][gc,stats       ]     DSM: <total>                 525913 us
[1983.292s][info][gc,stats       ]     DSM: Thread Roots               705 us, workers (us): 184, 184, 182, 155, 
[1983.292s][info][gc,stats       ]     DSM: VM Strong Roots             41 us, workers (us):  16,   0,  13,  13, 
[1983.292s][info][gc,stats       ]     DSM: CLDG Roots                 454 us, workers (us):  66, 257,  66,  66, 
[1983.292s][info][gc,stats       ]     DSM: Parallel Mark           524713 us, workers (us): 131233, 131051, 131213, 131216, 
[1983.292s][info][gc,stats       ]     System Purge                   9709 us
[1983.292s][info][gc,stats       ]       Weak References              1658 us, parallelism: 1.21x
[1983.292s][info][gc,stats       ]         WRP: <total>               2000 us
[1983.292s][info][gc,stats       ]         WRP: Weak References       2000 us, workers (us): 124, 240, 134, 1503, 
[1983.292s][info][gc,stats       ]       Unload Classes               6477 us, parallelism: 3.94x
[1983.292s][info][gc,stats       ]         DCU: <total>              25503 us
[1983.292s][info][gc,stats       ]         DCU: Unload Code Caches    25503 us, workers (us): 6401, 6366, 6379, 6357, 
[1983.292s][info][gc,stats       ]       Weak Roots                    344 us, parallelism: 3.14x
[1983.292s][info][gc,stats       ]         DWR: <total>               1081 us
[1983.292s][info][gc,stats       ]         DWR: VM Weak Roots         1081 us, workers (us): 300, 272, 254, 254, 
[1983.292s][info][gc,stats       ]       CLDG                          239 us
[1983.292s][info][gc,stats       ]   Update Region States               24 us
[1983.292s][info][gc,stats       ]   Manage GC/TLABs                    10 us
[1983.293s][info][gc,stats       ]   Choose Collection Set              77 us
[1983.293s][info][gc,stats       ]   Rebuild Free Set                   10 us
[1983.293s][info][gc,stats       ]   Evacuation                      37622 us
[1983.293s][info][gc,stats       ]   Manage GCLABs                      14 us
[1983.293s][info][gc,stats       ]   Update References               51698 us
[1983.293s][info][gc,stats       ]   Update Region States               44 us
[1983.293s][info][gc,stats       ]   Trash Collection Set               16 us
[1983.293s][info][gc,stats       ]   Rebuild Free Set                   11 us
[1983.293s][info][gc,stats       ]   Degen Update Roots               6003 us, parallelism: 3.85x
[1983.293s][info][gc,stats       ]     DU: <total>                   23130 us
[1983.293s][info][gc,stats       ]     DU: Thread Roots                164 us, workers (us):   1,  52, 111,   1, 
[1983.293s][info][gc,stats       ]     DU: Code Cache Roots          17419 us, workers (us): 4310, 4288, 4252, 4569, 
[1983.293s][info][gc,stats       ]     DU: VM Strong Roots               8 us, workers (us):   4,   4,   0,   0, 
[1983.293s][info][gc,stats       ]     DU: VM Weak Roots              5120 us, workers (us): 1287, 1286, 1286, 1262, 
[1983.293s][info][gc,stats       ]     DU: CLDG Roots                  419 us, workers (us): 185,  93,  70,  70, 
[1983.293s][info][gc,stats       ]   Cleanup                            49 us
[1983.293s][info][gc,metaspace   ] Metaspace: 135352K(136512K)->135352K(136512K) NonClass: 114408K(115072K)->114408K(115072K) Class: 20944K(21440K)->20944K(21440K)
[1993.318s][info][gc             ] Failed to allocate TLAB, 4096K
[1993.318s][info][gc             ] Trigger: Handle Allocation Failure
[1993.318s][info][gc             ] Cancelling GC: Allocation Failure
[1993.318s][info][gc,ergo        ] Free: 0B, Max: 0B regular, 0B humongous, Frag: 0% external, 0% internal; Reserve: 412M, Max: 4096K
[1993.318s][info][gc,start       ] GC(182) Pause Degenerated GC (Outside of Cycle)
[1993.318s][info][gc,task        ] GC(182) Using 4 of 4 workers for stw degenerated gc
[1993.332s][info][gc,ref         ] GC(182) Clearing All SoftReferences
[1993.488s][info][gc,ref         ] GC(182) Encountered references: Soft: 3313, Weak: 22878, Final: 34, Phantom: 1420
[1993.488s][info][gc,ref         ] GC(182) Discovered  references: Soft: 2783, Weak: 14254, Final: 0, Phantom: 1015
[1993.488s][info][gc,ref         ] GC(182) Enqueued    references: Soft: 7, Weak: 7, Final: 0, Phantom: 0
[1993.496s][info][gc,ergo        ] GC(182) CSet Selection. Actual Free: 3600M, Max CSet: 3000M
[1993.496s][info][gc,ergo        ] GC(182) Collectable Garbage: 7295M (99%), Immediate: 3188M (43%), CSet: 4107M (56%)
[1993.613s][info][gc,ergo        ] GC(182) Good progress for free space: 7292M, need 83886K
[1993.613s][info][gc,ergo        ] GC(182) Good progress for used space: 7292M, need 4096K
[1993.613s][info][gc             ] GC(182) Pause Degenerated GC (Outside of Cycle) 7779M->487M(8192M) 294.322ms
[1993.613s][info][gc,ergo        ] Free: 7276M, Max: 4096K regular, 6460M humongous, Frag: 12% external, 1% internal; Reserve: 412M, Max: 4096K
[1993.613s][info][gc,stats       ] 
[1993.613s][info][gc,stats       ] All times are wall-clock times, except per-root-class counters, that are sum over
[1993.613s][info][gc,stats       ] all workers. Dividing the <total> over the root stage time estimates parallelism.
[1993.613s][info][gc,stats       ] 
[1993.613s][info][gc,stats       ] Pause Degenerated GC (G)         294426 us
[1993.613s][info][gc,stats       ] Pause Degenerated GC (N)         294336 us
[1993.613s][info][gc,stats       ]   Degen STW Mark                 155745 us, parallelism: 3.94x
[1993.613s][info][gc,stats       ]     DSM: <total>                 614331 us
[1993.613s][info][gc,stats       ]     DSM: Thread Roots               768 us, workers (us): 208, 209, 183, 169, 
[1993.613s][info][gc,stats       ]     DSM: VM Strong Roots             54 us, workers (us):  20,   0,  18,  16, 
[1993.613s][info][gc,stats       ]     DSM: CLDG Roots                 473 us, workers (us):  61, 292,  59,  61, 
[1993.613s][info][gc,stats       ]     DSM: Parallel Mark           613036 us, workers (us): 153312, 153091, 153323, 153310, 
[1993.613s][info][gc,stats       ]     System Purge                   8272 us
[1993.613s][info][gc,stats       ]       Weak References              1233 us, parallelism: 1.18x
[1993.613s][info][gc,stats       ]         WRP: <total>               1454 us
[1993.613s][info][gc,stats       ]         WRP: Weak References       1454 us, workers (us): 119, 215,  16, 1104, 
[1993.613s][info][gc,stats       ]       Unload Classes               6439 us, parallelism: 3.93x
[1993.613s][info][gc,stats       ]         DCU: <total>              25314 us
[1993.613s][info][gc,stats       ]         DCU: Unload Code Caches    25314 us, workers (us): 6337, 6335, 6328, 6314, 
[1993.613s][info][gc,stats       ]       Weak Roots                    296 us, parallelism: 3.02x
[1993.613s][info][gc,stats       ]         DWR: <total>                893 us
[1993.613s][info][gc,stats       ]         DWR: VM Weak Roots          893 us, workers (us): 257, 228, 204, 204, 
[1993.613s][info][gc,stats       ]       CLDG                            2 us
[1993.613s][info][gc,stats       ]   Update Region States               66 us
[1993.613s][info][gc,stats       ]   Manage GC/TLABs                    12 us
[1993.613s][info][gc,stats       ]   Choose Collection Set              77 us
[1993.613s][info][gc,stats       ]   Rebuild Free Set                   10 us
[1993.613s][info][gc,stats       ]   Evacuation                      40161 us
[1993.613s][info][gc,stats       ]   Manage GCLABs                      20 us
[1993.613s][info][gc,stats       ]   Update References               66988 us
[1993.613s][info][gc,stats       ]   Update Region States               34 us
[1993.613s][info][gc,stats       ]   Trash Collection Set               14 us
[1993.613s][info][gc,stats       ]   Rebuild Free Set                   11 us
[1993.613s][info][gc,stats       ]   Degen Update Roots               7918 us, parallelism: 3.93x
[1993.613s][info][gc,stats       ]     DU: <total>                   31113 us
[1993.613s][info][gc,stats       ]     DU: Thread Roots                227 us, workers (us):   1,   1,  78, 147, 
[1993.613s][info][gc,stats       ]     DU: Code Cache Roots          24190 us, workers (us): 6108, 6207, 6040, 5835, 
[1993.613s][info][gc,stats       ]     DU: VM Strong Roots              11 us, workers (us):   3,   3,   3,   2, 
[1993.613s][info][gc,stats       ]     DU: VM Weak Roots              6178 us, workers (us): 1543, 1545, 1543, 1546, 
[1993.613s][info][gc,stats       ]     DU: CLDG Roots                  507 us, workers (us): 118,  84,  86, 220, 
[1993.613s][info][gc,stats       ]   Cleanup                            42 us
[1993.613s][info][gc,metaspace   ] Metaspace: 135355K(136512K)->135355K(136512K) NonClass: 114411K(115072K)->114411K(115072K) Class: 20944K(21440K)->20944K(21440K)
[2007.029s][info][gc             ] Failed to allocate TLAB, 4096K
[2007.029s][info][gc             ] Cancelling GC: Allocation Failure
[2007.029s][info][gc             ] Trigger: Handle Allocation Failure
[2007.029s][info][gc,ergo        ] Free: 0B, Max: 0B regular, 0B humongous, Frag: 0% external, 0% internal; Reserve: 412M, Max: 4096K
[2007.030s][info][gc,start       ] GC(183) Pause Degenerated GC (Outside of Cycle)
[2007.030s][info][gc,task        ] GC(183) Using 4 of 4 workers for stw degenerated gc
[2007.038s][info][gc,ref         ] GC(183) Clearing All SoftReferences
[2007.173s][info][gc,ref         ] GC(183) Encountered references: Soft: 3307, Weak: 22876, Final: 34, Phantom: 1426
[2007.173s][info][gc,ref         ] GC(183) Discovered  references: Soft: 1328, Weak: 14158, Final: 0, Phantom: 1046
[2007.173s][info][gc,ref         ] GC(183) Enqueued    references: Soft: 1, Weak: 3, Final: 0, Phantom: 0
[2007.180s][info][gc,ergo        ] GC(183) CSet Selection. Actual Free: 2292M, Max CSet: 1910M
[2007.180s][info][gc,ergo        ] GC(183) Collectable Garbage: 7282M (99%), Immediate: 1880M (25%), CSet: 5402M (73%)
[2007.309s][info][gc,ergo        ] GC(183) Good progress for free space: 7276M, need 83886K
[2007.309s][info][gc,ergo        ] GC(183) Good progress for used space: 7276M, need 4096K
[2007.309s][info][gc             ] GC(183) Pause Degenerated GC (Outside of Cycle) 7779M->503M(8192M) 279.240ms
[2007.309s][info][gc,ergo        ] Free: 7268M, Max: 4096K regular, 6460M humongous, Frag: 12% external, 1% internal; Reserve: 412M, Max: 4096K
[2007.309s][info][gc,stats       ] 
[2007.309s][info][gc,stats       ] All times are wall-clock times, except per-root-class counters, that are sum over
[2007.309s][info][gc,stats       ] all workers. Dividing the <total> over the root stage time estimates parallelism.
[2007.309s][info][gc,stats       ] 
[2007.309s][info][gc,stats       ] Pause Degenerated GC (G)         279463 us
[2007.309s][info][gc,stats       ] Pause Degenerated GC (N)         279254 us
[2007.309s][info][gc,stats       ]   Degen STW Mark                 132381 us, parallelism: 3.90x
[2007.309s][info][gc,stats       ]     DSM: <total>                 516599 us
[2007.309s][info][gc,stats       ]     DSM: Thread Roots               382 us, workers (us): 114, 114,  86,  67, 
[2007.309s][info][gc,stats       ]     DSM: VM Strong Roots             27 us, workers (us):   9,   0,  10,   8, 
[2007.309s][info][gc,stats       ]     DSM: CLDG Roots                 273 us, workers (us):  35, 167,  35,  35, 
[2007.309s][info][gc,stats       ]     DSM: Parallel Mark           515917 us, workers (us): 129037, 128873, 129012, 128994, 
[2007.309s][info][gc,stats       ]     System Purge                   9271 us
[2007.309s][info][gc,stats       ]       Weak References              1985 us, parallelism: 1.22x
[2007.309s][info][gc,stats       ]         WRP: <total>               2418 us
[2007.309s][info][gc,stats       ]         WRP: Weak References       2418 us, workers (us):  27, 577,  15, 1800, 
[2007.309s][info][gc,stats       ]       Unload Classes               6341 us, parallelism: 3.91x
[2007.309s][info][gc,stats       ]         DCU: <total>              24795 us
[2007.309s][info][gc,stats       ]         DCU: Unload Code Caches    24795 us, workers (us): 6212, 6200, 6193, 6191, 
[2007.309s][info][gc,stats       ]       Weak Roots                    403 us, parallelism: 3.13x
[2007.309s][info][gc,stats       ]         DWR: <total>               1262 us
[2007.309s][info][gc,stats       ]         DWR: VM Weak Roots         1262 us, workers (us): 334, 310, 309, 308, 
[2007.309s][info][gc,stats       ]       CLDG                            2 us
[2007.309s][info][gc,stats       ]   Update Region States               55 us
[2007.309s][info][gc,stats       ]   Manage GC/TLABs                    10 us
[2007.309s][info][gc,stats       ]   Choose Collection Set              69 us
[2007.309s][info][gc,stats       ]   Rebuild Free Set                   11 us
[2007.309s][info][gc,stats       ]   Evacuation                      60963 us
[2007.309s][info][gc,stats       ]   Manage GCLABs                      26 us
[2007.309s][info][gc,stats       ]   Update References               57996 us
[2007.309s][info][gc,stats       ]   Update Region States               36 us
[2007.309s][info][gc,stats       ]   Trash Collection Set               16 us
[2007.309s][info][gc,stats       ]   Rebuild Free Set                   11 us
[2007.309s][info][gc,stats       ]   Degen Update Roots               7683 us, parallelism: 3.93x
[2007.309s][info][gc,stats       ]     DU: <total>                   30210 us
[2007.309s][info][gc,stats       ]     DU: Thread Roots                181 us, workers (us):   1,  48,   1, 131, 
[2007.309s][info][gc,stats       ]     DU: Code Cache Roots          22649 us, workers (us): 5779, 5665, 5789, 5416, 
[2007.309s][info][gc,stats       ]     DU: VM Strong Roots               8 us, workers (us):   3,   2,   2,   1, 
[2007.309s][info][gc,stats       ]     DU: VM Weak Roots              6842 us, workers (us): 1710, 1711, 1709, 1711, 
[2007.309s][info][gc,stats       ]     DU: CLDG Roots                  530 us, workers (us): 121,  81,  82, 247, 
[2007.309s][info][gc,stats       ]   Cleanup                            55 us
[2007.309s][info][gc,metaspace   ] Metaspace: 135355K(136512K)->135355K(136512K) NonClass: 114411K(115072K)->114411K(115072K) Class: 20944K(21440K)->20944K(21440K)
[2017.495s][info][gc             ] Failed to allocate TLAB, 4096K
[2017.495s][info][gc             ] Cancelling GC: Allocation Failure
[2017.496s][info][gc             ] Trigger: Handle Allocation Failure
[2017.496s][info][gc,ergo        ] Free: 0B, Max: 0B regular, 0B humongous, Frag: 0% external, 0% internal; Reserve: 412M, Max: 4096K
[2017.496s][info][gc,start       ] GC(184) Pause Degenerated GC (Outside of Cycle)
[2017.496s][info][gc,task        ] GC(184) Using 4 of 4 workers for stw degenerated gc
[2017.517s][info][gc,ref         ] GC(184) Clearing All SoftReferences
[2017.645s][info][gc,ref         ] GC(184) Encountered references: Soft: 3313, Weak: 22878, Final: 34, Phantom: 1429
[2017.645s][info][gc,ref         ] GC(184) Discovered  references: Soft: 2782, Weak: 13761, Final: 0, Phantom: 1048
[2017.645s][info][gc,ref         ] GC(184) Enqueued    references: Soft: 7, Weak: 4, Final: 0, Phantom: 0
[2017.651s][info][gc,ergo        ] GC(184) CSet Selection. Actual Free: 2900M, Max CSet: 2416M
[2017.651s][info][gc,ergo        ] GC(184) Collectable Garbage: 7294M (99%), Immediate: 2488M (33%), CSet: 4806M (65%)
[2017.748s][info][gc,ergo        ] GC(184) Good progress for free space: 7288M, need 83886K
[2017.748s][info][gc,ergo        ] GC(184) Good progress for used space: 7288M, need 4096K
[2017.748s][info][gc             ] GC(184) Pause Degenerated GC (Outside of Cycle) 7779M->491M(8192M) 252.070ms
[2017.748s][info][gc,ergo        ] Free: 7280M, Max: 4096K regular, 6460M humongous, Frag: 12% external, 1% internal; Reserve: 412M, Max: 4096K
[2017.748s][info][gc,stats       ] 
[2017.748s][info][gc,stats       ] All times are wall-clock times, except per-root-class counters, that are sum over
[2017.749s][info][gc,stats       ] all workers. Dividing the <total> over the root stage time estimates parallelism.
[2017.749s][info][gc,stats       ] 
[2017.749s][info][gc,stats       ] Pause Degenerated GC (G)         252121 us
[2017.749s][info][gc,stats       ] Pause Degenerated GC (N)         252084 us
[2017.749s][info][gc,stats       ]   Degen STW Mark                 127356 us, parallelism: 3.93x
[2017.749s][info][gc,stats       ]     DSM: <total>                 500715 us
[2017.749s][info][gc,stats       ]     DSM: Thread Roots              1542 us, workers (us): 859, 233, 230, 220, 
[2017.749s][info][gc,stats       ]     DSM: VM Strong Roots             39 us, workers (us):   0,   0,  18,  21, 
[2017.749s][info][gc,stats       ]     DSM: CLDG Roots                 374 us, workers (us):  13, 240,  60,  60, 
[2017.749s][info][gc,stats       ]     DSM: Parallel Mark           498760 us, workers (us): 124312, 124706, 124872, 124870, 
[2017.749s][info][gc,stats       ]     System Purge                   7357 us
[2017.749s][info][gc,stats       ]       Weak References              1225 us, parallelism: 1.15x
[2017.749s][info][gc,stats       ]         WRP: <total>               1408 us
[2017.749s][info][gc,stats       ]         WRP: Weak References       1408 us, workers (us): 274, 1115,  19,   0, 
[2017.749s][info][gc,stats       ]       Unload Classes               5647 us, parallelism: 3.94x
[2017.749s][info][gc,stats       ]         DCU: <total>              22246 us
[2017.749s][info][gc,stats       ]         DCU: Unload Code Caches    22246 us, workers (us): 5584, 5573, 5546, 5544, 
[2017.749s][info][gc,stats       ]       Weak Roots                    248 us, parallelism: 3.51x
[2017.749s][info][gc,stats       ]         DWR: <total>                871 us
[2017.749s][info][gc,stats       ]         DWR: VM Weak Roots          871 us, workers (us): 237, 237, 210, 187, 
[2017.749s][info][gc,stats       ]       CLDG                            2 us
[2017.749s][info][gc,stats       ]   Update Region States               38 us
[2017.749s][info][gc,stats       ]   Manage GC/TLABs                    11 us
[2017.749s][info][gc,stats       ]   Choose Collection Set              75 us
[2017.749s][info][gc,stats       ]   Rebuild Free Set                   11 us
[2017.749s][info][gc,stats       ]   Evacuation                      41641 us
[2017.749s][info][gc,stats       ]   Manage GCLABs                       9 us
[2017.749s][info][gc,stats       ]   Update References               47438 us
[2017.749s][info][gc,stats       ]   Update Region States               69 us
[2017.749s][info][gc,stats       ]   Trash Collection Set               13 us
[2017.749s][info][gc,stats       ]   Rebuild Free Set                   11 us
[2017.749s][info][gc,stats       ]   Degen Update Roots               6028 us, parallelism: 3.88x
[2017.749s][info][gc,stats       ]     DU: <total>                   23369 us
[2017.749s][info][gc,stats       ]     DU: Thread Roots                177 us, workers (us):  23,  66,   1,  87, 
[2017.749s][info][gc,stats       ]     DU: Code Cache Roots          17605 us, workers (us): 4437, 4394, 4563, 4211, 
[2017.749s][info][gc,stats       ]     DU: VM Strong Roots               7 us, workers (us):   4,   3,   0,   0, 
[2017.749s][info][gc,stats       ]     DU: VM Weak Roots              5106 us, workers (us): 1291, 1289, 1274, 1252, 
[2017.749s][info][gc,stats       ]     DU: CLDG Roots                  474 us, workers (us):  70,  72, 101, 231, 
[2017.749s][info][gc,stats       ]   Cleanup                            48 us
[2017.749s][info][gc,metaspace   ] Metaspace: 135355K(136512K)->135355K(136512K) NonClass: 114411K(115072K)->114411K(115072K) Class: 20944K(21440K)->20944K(21440K)
[2027.374s][info][gc             ] Failed to allocate TLAB, 4096K
[2027.374s][info][gc             ] Cancelling GC: Allocation Failure
[2027.375s][info][gc             ] Trigger: Handle Allocation Failure
[2027.375s][info][gc,ergo        ] Free: 0B, Max: 0B regular, 0B humongous, Frag: 0% external, 0% internal; Reserve: 412M, Max: 4096K
[2027.375s][info][gc,start       ] GC(185) Pause Degenerated GC (Outside of Cycle)
[2027.375s][info][gc,task        ] GC(185) Using 4 of 4 workers for stw degenerated gc
[2027.389s][info][gc,ref         ] GC(185) Clearing All SoftReferences
[2027.523s][info][gc,ref         ] GC(185) Encountered references: Soft: 3307, Weak: 22879, Final: 34, Phantom: 1433
[2027.523s][info][gc,ref         ] GC(185) Discovered  references: Soft: 2781, Weak: 12295, Final: 1, Phantom: 1021
[2027.523s][info][gc,ref         ] GC(185) Enqueued    references: Soft: 1, Weak: 4, Final: 0, Phantom: 0
[2027.530s][info][gc,ergo        ] GC(185) CSet Selection. Actual Free: 3404M, Max CSet: 2836M
[2027.530s][info][gc,ergo        ] GC(185) Collectable Garbage: 7268M (99%), Immediate: 2992M (40%), CSet: 4276M (58%)
[2027.639s][info][gc,ergo        ] GC(185) Good progress for free space: 7260M, need 83886K
[2027.639s][info][gc,ergo        ] GC(185) Good progress for used space: 7260M, need 4096K
[2027.639s][info][gc             ] GC(185) Pause Degenerated GC (Outside of Cycle) 7779M->519M(8192M) 264.443ms
[2027.639s][info][gc,ergo        ] Free: 7248M, Max: 4096K regular, 6460M humongous, Frag: 11% external, 1% internal; Reserve: 412M, Max: 4096K
[2027.639s][info][gc,stats       ] 
[2027.639s][info][gc,stats       ] All times are wall-clock times, except per-root-class counters, that are sum over
[2027.639s][info][gc,stats       ] all workers. Dividing the <total> over the root stage time estimates parallelism.
[2027.639s][info][gc,stats       ] 
[2027.639s][info][gc,stats       ] Pause Degenerated GC (G)         264519 us
[2027.639s][info][gc,stats       ] Pause Degenerated GC (N)         264459 us
[2027.639s][info][gc,stats       ]   Degen STW Mark                 132287 us, parallelism: 3.93x
[2027.639s][info][gc,stats       ]     DSM: <total>                 520124 us
[2027.639s][info][gc,stats       ]     DSM: Thread Roots               566 us, workers (us): 150, 150, 147, 119, 
[2027.639s][info][gc,stats       ]     DSM: VM Strong Roots             36 us, workers (us):   0,  11,  13,  11, 
[2027.639s][info][gc,stats       ]     DSM: CLDG Roots                 363 us, workers (us): 208,  52,  52,  51, 
[2027.639s][info][gc,stats       ]     DSM: Parallel Mark           519160 us, workers (us): 129679, 129833, 129823, 129825, 
[2027.639s][info][gc,stats       ]     System Purge                   8607 us
[2027.639s][info][gc,stats       ]       Weak References              1855 us, parallelism: 1.11x
[2027.639s][info][gc,stats       ]         WRP: <total>               2053 us
[2027.639s][info][gc,stats       ]         WRP: Weak References       2053 us, workers (us):  60, 1737, 237,  19, 
[2027.639s][info][gc,stats       ]       Unload Classes               5939 us, parallelism: 3.91x
[2027.639s][info][gc,stats       ]         DCU: <total>              23235 us
[2027.639s][info][gc,stats       ]         DCU: Unload Code Caches    23235 us, workers (us): 5813, 5815, 5829, 5778, 
[2027.639s][info][gc,stats       ]       Weak Roots                    328 us, parallelism: 3.71x
[2027.639s][info][gc,stats       ]         DWR: <total>               1217 us
[2027.639s][info][gc,stats       ]         DWR: VM Weak Roots         1217 us, workers (us): 312, 311, 310, 283, 
[2027.639s][info][gc,stats       ]       CLDG                            2 us
[2027.639s][info][gc,stats       ]   Update Region States               65 us
[2027.639s][info][gc,stats       ]   Manage GC/TLABs                    11 us
[2027.640s][info][gc,stats       ]   Choose Collection Set              83 us
[2027.640s][info][gc,stats       ]   Rebuild Free Set                   13 us
[2027.640s][info][gc,stats       ]   Evacuation                      38928 us
[2027.640s][info][gc,stats       ]   Manage GCLABs                      21 us
[2027.640s][info][gc,stats       ]   Update References               62641 us
[2027.640s][info][gc,stats       ]   Update Region States               58 us
[2027.640s][info][gc,stats       ]   Trash Collection Set               15 us
[2027.640s][info][gc,stats       ]   Rebuild Free Set                   14 us
[2027.640s][info][gc,stats       ]   Degen Update Roots               5747 us, parallelism: 3.90x
[2027.640s][info][gc,stats       ]     DU: <total>                   22392 us
[2027.640s][info][gc,stats       ]     DU: Thread Roots                168 us, workers (us): 120,   1,   1,  46, 
[2027.640s][info][gc,stats       ]     DU: Code Cache Roots          17015 us, workers (us): 4072, 4378, 4307, 4258, 
[2027.640s][info][gc,stats       ]     DU: VM Strong Roots               9 us, workers (us):   2,   2,   2,   2, 
[2027.640s][info][gc,stats       ]     DU: VM Weak Roots              4795 us, workers (us): 1198, 1200, 1199, 1198, 
[2027.640s][info][gc,stats       ]     DU: CLDG Roots                  406 us, workers (us): 180,  66,  93,  68, 
[2027.640s][info][gc,stats       ]   Cleanup                            45 us
[2027.640s][info][gc,metaspace   ] Metaspace: 135355K(136512K)->135355K(136512K) NonClass: 114411K(115072K)->114411K(115072K) Class: 20944K(21440K)->20944K(21440K)
[2039.480s][info][gc             ] Failed to allocate TLAB, 4096K
[2039.480s][info][gc             ] Cancelling GC: Allocation Failure
[2039.481s][info][gc             ] Trigger: Handle Allocation Failure
[2039.481s][info][gc,ergo        ] Free: 0B, Max: 0B regular, 0B humongous, Frag: 0% external, 0% internal; Reserve: 412M, Max: 4096K
[2039.481s][info][gc,start       ] GC(186) Pause Degenerated GC (Outside of Cycle)
[2039.481s][info][gc,task        ] GC(186) Using 4 of 4 workers for stw degenerated gc
[2039.492s][info][gc,ref         ] GC(186) Clearing All SoftReferences
[2039.610s][info][gc,ref         ] GC(186) Encountered references: Soft: 3307, Weak: 22880, Final: 34, Phantom: 1439
[2039.610s][info][gc,ref         ] GC(186) Discovered  references: Soft: 2781, Weak: 14412, Final: 0, Phantom: 1053
[2039.610s][info][gc,ref         ] GC(186) Enqueued    references: Soft: 1, Weak: 3, Final: 0, Phantom: 0
[2039.616s][info][gc,ergo        ] GC(186) CSet Selection. Actual Free: 2640M, Max CSet: 2200M
[2039.616s][info][gc,ergo        ] GC(186) Collectable Garbage: 7284M (99%), Immediate: 2228M (30%), CSet: 5056M (69%)
[2039.733s][info][gc,ergo        ] GC(186) Good progress for free space: 7272M, need 83886K
[2039.733s][info][gc,ergo        ] GC(186) Good progress for used space: 7272M, need 4096K
[2039.733s][info][gc             ] GC(186) Pause Degenerated GC (Outside of Cycle) 7779M->507M(8192M) 251.851ms
[2039.733s][info][gc,ergo        ] Free: 7264M, Max: 4096K regular, 6460M humongous, Frag: 12% external, 1% internal; Reserve: 412M, Max: 4096K
[2039.733s][info][gc,stats       ] 
[2039.733s][info][gc,stats       ] All times are wall-clock times, except per-root-class counters, that are sum over
[2039.733s][info][gc,stats       ] all workers. Dividing the <total> over the root stage time estimates parallelism.
[2039.733s][info][gc,stats       ] 
[2039.733s][info][gc,stats       ] Pause Degenerated GC (G)         251929 us
[2039.733s][info][gc,stats       ] Pause Degenerated GC (N)         251865 us
[2039.733s][info][gc,stats       ]   Degen STW Mark                 116478 us, parallelism: 3.91x
[2039.733s][info][gc,stats       ]     DSM: <total>                 455743 us
[2039.733s][info][gc,stats       ]     DSM: Thread Roots               430 us, workers (us): 115, 115, 114,  86, 
[2039.733s][info][gc,stats       ]     DSM: VM Strong Roots             28 us, workers (us):  10,   9,   0,   9, 
[2039.733s][info][gc,stats       ]     DSM: CLDG Roots                 305 us, workers (us):  41,  40, 182,  41, 
[2039.733s][info][gc,stats       ]     DSM: Parallel Mark           454980 us, workers (us): 113778, 113792, 113639, 113771, 
[2039.733s][info][gc,stats       ]     System Purge                   7887 us
[2039.733s][info][gc,stats       ]       Weak References              2014 us, parallelism: 1.36x
[2039.733s][info][gc,stats       ]         WRP: <total>               2735 us
[2039.733s][info][gc,stats       ]         WRP: Weak References       2735 us, workers (us): 223,  23, 655, 1835, 
[2039.733s][info][gc,stats       ]       Unload Classes               5552 us, parallelism: 3.92x
[2039.733s][info][gc,stats       ]         DCU: <total>              21767 us
[2039.733s][info][gc,stats       ]         DCU: Unload Code Caches    21767 us, workers (us): 5487, 5424, 5432, 5423, 
[2039.733s][info][gc,stats       ]       Weak Roots                    313 us, parallelism: 3.14x
[2039.733s][info][gc,stats       ]         DWR: <total>                981 us
[2039.733s][info][gc,stats       ]         DWR: VM Weak Roots          981 us, workers (us): 246, 245, 246, 245, 
[2039.733s][info][gc,stats       ]       CLDG                            1 us
[2039.733s][info][gc,stats       ]   Update Region States               37 us
[2039.733s][info][gc,stats       ]   Manage GC/TLABs                     9 us
[2039.733s][info][gc,stats       ]   Choose Collection Set              73 us
[2039.733s][info][gc,stats       ]   Rebuild Free Set                   11 us
[2039.733s][info][gc,stats       ]   Evacuation                      49568 us
[2039.733s][info][gc,stats       ]   Manage GCLABs                      14 us
[2039.733s][info][gc,stats       ]   Update References               58833 us
[2039.733s][info][gc,stats       ]   Update Region States               80 us
[2039.733s][info][gc,stats       ]   Trash Collection Set               14 us
[2039.733s][info][gc,stats       ]   Rebuild Free Set                   11 us
[2039.733s][info][gc,stats       ]   Degen Update Roots               6011 us, parallelism: 3.86x
[2039.733s][info][gc,stats       ]     DU: <total>                   23185 us
[2039.733s][info][gc,stats       ]     DU: Thread Roots                166 us, workers (us):   1, 119,  45,   1, 
[2039.733s][info][gc,stats       ]     DU: Code Cache Roots          17713 us, workers (us): 4486, 4332, 4288, 4607, 
[2039.733s][info][gc,stats       ]     DU: VM Strong Roots               9 us, workers (us):   5,   4,   0,   0, 
[2039.733s][info][gc,stats       ]     DU: VM Weak Roots              4859 us, workers (us): 1230, 1230, 1206, 1193, 
[2039.733s][info][gc,stats       ]     DU: CLDG Roots                  438 us, workers (us):  68,  92, 211,  67, 
[2039.734s][info][gc,stats       ]   Cleanup                            52 us
[2039.734s][info][gc,metaspace   ] Metaspace: 135355K(136512K)->135355K(136512K) NonClass: 114411K(115072K)->114411K(115072K) Class: 20944K(21440K)->20944K(21440K)
[2050.567s][info][gc             ] Failed to allocate TLAB, 4096K
[2050.567s][info][gc             ] Cancelling GC: Allocation Failure
[2050.567s][info][gc             ] Trigger: Handle Allocation Failure
[2050.567s][info][gc,ergo        ] Free: 0B, Max: 0B regular, 0B humongous, Frag: 0% external, 0% internal; Reserve: 412M, Max: 4096K
[2050.567s][info][gc,start       ] GC(187) Pause Degenerated GC (Outside of Cycle)
[2050.567s][info][gc,task        ] GC(187) Using 4 of 4 workers for stw degenerated gc
[2050.586s][info][gc,ref         ] GC(187) Clearing All SoftReferences
[2050.723s][info][gc,ref         ] GC(187) Encountered references: Soft: 3313, Weak: 22882, Final: 34, Phantom: 1441
[2050.723s][info][gc,ref         ] GC(187) Discovered  references: Soft: 2782, Weak: 12287, Final: 0, Phantom: 1057
[2050.723s][info][gc,ref         ] GC(187) Enqueued    references: Soft: 7, Weak: 4, Final: 0, Phantom: 0
[2050.731s][info][gc,ergo        ] GC(187) CSet Selection. Actual Free: 4052M, Max CSet: 3376M
[2050.731s][info][gc,ergo        ] GC(187) Collectable Garbage: 7301M (99%), Immediate: 3640M (49%), CSet: 3661M (49%)
[2050.828s][info][gc,ergo        ] GC(187) Good progress for free space: 7292M, need 83886K
[2050.829s][info][gc,ergo        ] GC(187) Good progress for used space: 7292M, need 4096K
[2050.829s][info][gc             ] GC(187) Pause Degenerated GC (Outside of Cycle) 7779M->487M(8192M) 261.111ms
[2050.829s][info][gc,ergo        ] Free: 7284M, Max: 4096K regular, 6460M humongous, Frag: 12% external, 1% internal; Reserve: 412M, Max: 4096K
[2050.829s][info][gc,stats       ] 
[2050.829s][info][gc,stats       ] All times are wall-clock times, except per-root-class counters, that are sum over
[2050.829s][info][gc,stats       ] all workers. Dividing the <total> over the root stage time estimates parallelism.
[2050.829s][info][gc,stats       ] 
[2050.829s][info][gc,stats       ] Pause Degenerated GC (G)         261187 us
[2050.829s][info][gc,stats       ] Pause Degenerated GC (N)         261124 us
[2050.829s][info][gc,stats       ]   Degen STW Mark                 135851 us, parallelism: 3.87x
[2050.829s][info][gc,stats       ]     DSM: <total>                 525574 us
[2050.829s][info][gc,stats       ]     DSM: Thread Roots               724 us, workers (us): 198, 197, 164, 165, 
[2050.829s][info][gc,stats       ]     DSM: VM Strong Roots             47 us, workers (us):  14,   0,  17,  15, 
[2050.829s][info][gc,stats       ]     DSM: CLDG Roots                 609 us, workers (us):  91, 336,  91,  91, 
[2050.829s][info][gc,stats       ]     DSM: Parallel Mark           524194 us, workers (us): 131097, 130865, 131104, 131128, 
[2050.829s][info][gc,stats       ]     System Purge                   9184 us
[2050.829s][info][gc,stats       ]       Weak References              1450 us, parallelism: 1.23x
[2050.829s][info][gc,stats       ]         WRP: <total>               1781 us
[2050.829s][info][gc,stats       ]         WRP: Weak References       1781 us, workers (us): 1360,  78, 308,  35, 
[2050.829s][info][gc,stats       ]       Unload Classes               7417 us, parallelism: 3.93x
[2050.829s][info][gc,stats       ]         DCU: <total>              29156 us
[2050.829s][info][gc,stats       ]         DCU: Unload Code Caches    29156 us, workers (us): 7303, 7297, 7271, 7285, 
[2050.829s][info][gc,stats       ]       Weak Roots                    300 us, parallelism: 3.56x
[2050.829s][info][gc,stats       ]         DWR: <total>               1066 us
[2050.829s][info][gc,stats       ]         DWR: VM Weak Roots         1066 us, workers (us): 285, 284, 255, 242, 
[2050.829s][info][gc,stats       ]       CLDG                            2 us
[2050.829s][info][gc,stats       ]   Update Region States               87 us
[2050.829s][info][gc,stats       ]   Manage GC/TLABs                    25 us
[2050.829s][info][gc,stats       ]   Choose Collection Set             119 us
[2050.829s][info][gc,stats       ]   Rebuild Free Set                   11 us
[2050.829s][info][gc,stats       ]   Evacuation                      33557 us
[2050.829s][info][gc,stats       ]   Manage GCLABs                      19 us
[2050.829s][info][gc,stats       ]   Update References               55922 us
[2050.829s][info][gc,stats       ]   Update Region States               35 us
[2050.829s][info][gc,stats       ]   Trash Collection Set                9 us
[2050.829s][info][gc,stats       ]   Rebuild Free Set                   11 us
[2050.829s][info][gc,stats       ]   Degen Update Roots               5821 us, parallelism: 3.89x
[2050.829s][info][gc,stats       ]     DU: <total>                   22636 us
[2050.829s][info][gc,stats       ]     DU: Thread Roots                171 us, workers (us):  56,   9,   1, 105, 
[2050.829s][info][gc,stats       ]     DU: Code Cache Roots          17581 us, workers (us): 4373, 4443, 4418, 4347, 
[2050.829s][info][gc,stats       ]     DU: VM Strong Roots               9 us, workers (us):   4,   4,   0,   0, 
[2050.829s][info][gc,stats       ]     DU: VM Weak Roots              4447 us, workers (us): 1128, 1130, 1104, 1085, 
[2050.829s][info][gc,stats       ]     DU: CLDG Roots                  430 us, workers (us):  94,  67, 202,  66, 
[2050.829s][info][gc,stats       ]   Cleanup                            39 us
[2050.829s][info][gc,metaspace   ] Metaspace: 135357K(136512K)->135357K(136512K) NonClass: 114413K(115072K)->114413K(115072K) Class: 20944K(21440K)->20944K(21440K)
[2062.419s][info][gc             ] Failed to allocate TLAB, 4096K
[2062.419s][info][gc             ] Cancelling GC: Allocation Failure
[2062.419s][info][gc             ] Trigger: Handle Allocation Failure
[2062.419s][info][gc,ergo        ] Free: 0B, Max: 0B regular, 0B humongous, Frag: 0% external, 0% internal; Reserve: 412M, Max: 4096K
[2062.419s][info][gc,start       ] GC(188) Pause Degenerated GC (Outside of Cycle)
[2062.419s][info][gc,task        ] GC(188) Using 4 of 4 workers for stw degenerated gc
[2062.433s][info][gc,ref         ] GC(188) Clearing All SoftReferences
[2062.568s][info][gc,ref         ] GC(188) Encountered references: Soft: 3307, Weak: 22886, Final: 34, Phantom: 1450
[2062.568s][info][gc,ref         ] GC(188) Discovered  references: Soft: 2778, Weak: 12293, Final: 0, Phantom: 1035
[2062.568s][info][gc,ref         ] GC(188) Enqueued    references: Soft: 1, Weak: 5, Final: 0, Phantom: 0
[2062.574s][info][gc,ergo        ] GC(188) CSet Selection. Actual Free: 2312M, Max CSet: 1926M
[2062.574s][info][gc,ergo        ] GC(188) Collectable Garbage: 7281M (99%), Immediate: 1900M (25%), CSet: 5381M (73%)
[2062.671s][info][gc,ergo        ] GC(188) Good progress for free space: 7276M, need 83886K
[2062.671s][info][gc,ergo        ] GC(188) Good progress for used space: 7276M, need 4096K
[2062.671s][info][gc             ] GC(188) Pause Degenerated GC (Outside of Cycle) 7779M->503M(8192M) 252.060ms
[2062.671s][info][gc,ergo        ] Free: 7268M, Max: 4096K regular, 6460M humongous, Frag: 12% external, 1% internal; Reserve: 412M, Max: 4096K
[2062.672s][info][gc,stats       ] 
[2062.672s][info][gc,stats       ] All times are wall-clock times, except per-root-class counters, that are sum over
[2062.672s][info][gc,stats       ] all workers. Dividing the <total> over the root stage time estimates parallelism.
[2062.672s][info][gc,stats       ] 
[2062.672s][info][gc,stats       ] Pause Degenerated GC (G)         252110 us
[2062.672s][info][gc,stats       ] Pause Degenerated GC (N)         252074 us
[2062.672s][info][gc,stats       ]   Degen STW Mark                 133787 us, parallelism: 3.94x
[2062.672s][info][gc,stats       ]     DSM: <total>                 526661 us
[2062.672s][info][gc,stats       ]     DSM: Thread Roots               642 us, workers (us): 179, 180, 142, 142, 
[2062.672s][info][gc,stats       ]     DSM: VM Strong Roots             45 us, workers (us):  13,  16,  16,   0, 
[2062.672s][info][gc,stats       ]     DSM: CLDG Roots                 490 us, workers (us):  69,  69,  69, 283, 
[2062.672s][info][gc,stats       ]     DSM: Parallel Mark           525484 us, workers (us): 131421, 131427, 131417, 131219, 
[2062.672s][info][gc,stats       ]     System Purge                   7238 us
[2062.672s][info][gc,stats       ]       Weak References              1279 us, parallelism: 1.29x
[2062.672s][info][gc,stats       ]         WRP: <total>               1648 us
[2062.672s][info][gc,stats       ]         WRP: Weak References       1648 us, workers (us): 1193, 187, 173,  96, 
[2062.672s][info][gc,stats       ]       Unload Classes               5531 us, parallelism: 3.94x
[2062.672s][info][gc,stats       ]         DCU: <total>              21779 us
[2062.672s][info][gc,stats       ]         DCU: Unload Code Caches    21779 us, workers (us): 5459, 5467, 5433, 5419, 
[2062.672s][info][gc,stats       ]       Weak Roots                    242 us, parallelism: 3.49x
[2062.672s][info][gc,stats       ]         DWR: <total>                846 us
[2062.672s][info][gc,stats       ]         DWR: VM Weak Roots          846 us, workers (us): 229, 229, 194, 194, 
[2062.672s][info][gc,stats       ]       CLDG                            1 us
[2062.672s][info][gc,stats       ]   Update Region States               37 us
[2062.672s][info][gc,stats       ]   Manage GC/TLABs                    10 us
[2062.672s][info][gc,stats       ]   Choose Collection Set              70 us
[2062.672s][info][gc,stats       ]   Rebuild Free Set                   11 us
[2062.672s][info][gc,stats       ]   Evacuation                      41047 us
[2062.672s][info][gc,stats       ]   Manage GCLABs                       9 us
[2062.672s][info][gc,stats       ]   Update References               48758 us
[2062.672s][info][gc,stats       ]   Update Region States               83 us
[2062.672s][info][gc,stats       ]   Trash Collection Set               17 us
[2062.672s][info][gc,stats       ]   Rebuild Free Set                   13 us
[2062.672s][info][gc,stats       ]   Degen Update Roots               5757 us, parallelism: 3.90x
[2062.672s][info][gc,stats       ]     DU: <total>                   22466 us
[2062.672s][info][gc,stats       ]     DU: Thread Roots                172 us, workers (us):  61,   1,  99,  11, 
[2062.672s][info][gc,stats       ]     DU: Code Cache Roots          17450 us, workers (us): 4350, 4473, 4202, 4424, 
[2062.672s][info][gc,stats       ]     DU: VM Strong Roots               8 us, workers (us):   4,   4,   0,   0, 
[2062.672s][info][gc,stats       ]     DU: VM Weak Roots              4406 us, workers (us): 1117, 1116, 1093, 1080, 
[2062.672s][info][gc,stats       ]     DU: CLDG Roots                  432 us, workers (us):  92,  69, 202,  68, 
[2062.672s][info][gc,stats       ]   Cleanup                            53 us
[2062.672s][info][gc,metaspace   ] Metaspace: 135357K(136512K)->135357K(136512K) NonClass: 114413K(115072K)->114413K(115072K) Class: 20944K(21440K)->20944K(21440K)
[2073.443s][info][gc             ] Failed to allocate TLAB, 4096K
[2073.443s][info][gc             ] Cancelling GC: Allocation Failure
[2073.444s][info][gc             ] Trigger: Handle Allocation Failure
[2073.444s][info][gc,ergo        ] Free: 0B, Max: 0B regular, 0B humongous, Frag: 0% external, 0% internal; Reserve: 412M, Max: 4096K
[2073.444s][info][gc,start       ] GC(189) Pause Degenerated GC (Outside of Cycle)
[2073.444s][info][gc,task        ] GC(189) Using 4 of 4 workers for stw degenerated gc
[2073.459s][info][gc,ref         ] GC(189) Clearing All SoftReferences
[2073.599s][info][gc,ref         ] GC(189) Encountered references: Soft: 3307, Weak: 22886, Final: 34, Phantom: 1459
[2073.599s][info][gc,ref         ] GC(189) Discovered  references: Soft: 2769, Weak: 12331, Final: 0, Phantom: 1054
[2073.599s][info][gc,ref         ] GC(189) Enqueued    references: Soft: 1, Weak: 2, Final: 0, Phantom: 0
[2073.607s][info][gc,ergo        ] GC(189) CSet Selection. Actual Free: 2296M, Max CSet: 1913M
[2073.607s][info][gc,ergo        ] GC(189) Collectable Garbage: 7300M (99%), Immediate: 1884M (25%), CSet: 5416M (73%)
[2073.722s][info][gc,ergo        ] GC(189) Good progress for free space: 7296M, need 83886K
[2073.722s][info][gc,ergo        ] GC(189) Good progress for used space: 7296M, need 4096K
[2073.722s][info][gc             ] GC(189) Pause Degenerated GC (Outside of Cycle) 7779M->483M(8192M) 277.877ms
[2073.722s][info][gc,ergo        ] Free: 7280M, Max: 4096K regular, 6460M humongous, Frag: 12% external, 1% internal; Reserve: 412M, Max: 4096K
[2073.722s][info][gc,stats       ] 
[2073.722s][info][gc,stats       ] All times are wall-clock times, except per-root-class counters, that are sum over
[2073.722s][info][gc,stats       ] all workers. Dividing the <total> over the root stage time estimates parallelism.
[2073.722s][info][gc,stats       ] 
[2073.722s][info][gc,stats       ] Pause Degenerated GC (G)         277959 us
[2073.722s][info][gc,stats       ] Pause Degenerated GC (N)         277891 us
[2073.722s][info][gc,stats       ]   Degen STW Mark                 139622 us, parallelism: 3.92x
[2073.722s][info][gc,stats       ]     DSM: <total>                 547799 us
[2073.722s][info][gc,stats       ]     DSM: Thread Roots               465 us, workers (us): 138, 136, 107,  84, 
[2073.722s][info][gc,stats       ]     DSM: VM Strong Roots             31 us, workers (us):   9,  12,   9,   0, 
[2073.722s][info][gc,stats       ]     DSM: CLDG Roots                 314 us, workers (us):  37,  37,  37, 202, 
[2073.722s][info][gc,stats       ]     DSM: Parallel Mark           546989 us, workers (us): 136797, 136776, 136791, 136624, 
[2073.722s][info][gc,stats       ]     System Purge                   8257 us
[2073.722s][info][gc,stats       ]       Weak References              1167 us, parallelism: 1.14x
[2073.722s][info][gc,stats       ]         WRP: <total>               1325 us
[2073.722s][info][gc,stats       ]         WRP: Weak References       1325 us, workers (us): 123, 108, 1020,  74, 
[2073.722s][info][gc,stats       ]       Unload Classes               6801 us, parallelism: 3.92x
[2073.722s][info][gc,stats       ]         DCU: <total>              26692 us
[2073.722s][info][gc,stats       ]         DCU: Unload Code Caches    26692 us, workers (us): 6687, 6689, 6661, 6656, 
[2073.722s][info][gc,stats       ]       Weak Roots                    280 us, parallelism: 3.13x
[2073.722s][info][gc,stats       ]         DWR: <total>                877 us
[2073.722s][info][gc,stats       ]         DWR: VM Weak Roots          877 us, workers (us): 235, 236, 209, 197, 
[2073.722s][info][gc,stats       ]       CLDG                            1 us
[2073.723s][info][gc,stats       ]   Update Region States               68 us
[2073.723s][info][gc,stats       ]   Manage GC/TLABs                    13 us
[2073.723s][info][gc,stats       ]   Choose Collection Set              95 us
[2073.723s][info][gc,stats       ]   Rebuild Free Set                   10 us
[2073.723s][info][gc,stats       ]   Evacuation                      47995 us
[2073.723s][info][gc,stats       ]   Manage GCLABs                      11 us
[2073.723s][info][gc,stats       ]   Update References               54309 us
[2073.723s][info][gc,stats       ]   Update Region States               72 us
[2073.723s][info][gc,stats       ]   Trash Collection Set               17 us
[2073.723s][info][gc,stats       ]   Rebuild Free Set                   12 us
[2073.723s][info][gc,stats       ]   Degen Update Roots               8550 us, parallelism: 3.91x
[2073.723s][info][gc,stats       ]     DU: <total>                   33421 us
[2073.723s][info][gc,stats       ]     DU: Thread Roots                269 us, workers (us):   1, 214,   2,  53, 
[2073.723s][info][gc,stats       ]     DU: Code Cache Roots          26082 us, workers (us): 6721, 6176, 6681, 6504, 
[2073.723s][info][gc,stats       ]     DU: VM Strong Roots               8 us, workers (us):   4,   4,   0,   0, 
[2073.723s][info][gc,stats       ]     DU: VM Weak Roots              6411 us, workers (us): 1614, 1618, 1590, 1589, 
[2073.723s][info][gc,stats       ]     DU: CLDG Roots                  651 us, workers (us):  99, 311,  95, 145, 
[2073.723s][info][gc,stats       ]   Cleanup                            77 us
[2073.723s][info][gc,metaspace   ] Metaspace: 135361K(136512K)->135361K(136512K) NonClass: 114417K(115072K)->114417K(115072K) Class: 20944K(21440K)->20944K(21440K)
[2083.746s][info][gc             ] Failed to allocate TLAB, 4096K
[2083.746s][info][gc             ] Cancelling GC: Allocation Failure
[2083.746s][info][gc             ] Trigger: Handle Allocation Failure
[2083.746s][info][gc,ergo        ] Free: 0B, Max: 0B regular, 0B humongous, Frag: 0% external, 0% internal; Reserve: 412M, Max: 4096K
[2083.746s][info][gc,start       ] GC(190) Pause Degenerated GC (Outside of Cycle)
[2083.746s][info][gc,task        ] GC(190) Using 4 of 4 workers for stw degenerated gc
[2083.768s][info][gc,ref         ] GC(190) Clearing All SoftReferences
[2083.888s][info][gc,ref         ] GC(190) Encountered references: Soft: 3313, Weak: 22891, Final: 34, Phantom: 1463
[2083.888s][info][gc,ref         ] GC(190) Discovered  references: Soft: 2782, Weak: 12282, Final: 33, Phantom: 1047
[2083.888s][info][gc,ref         ] GC(190) Enqueued    references: Soft: 7, Weak: 6, Final: 0, Phantom: 0
[2083.894s][info][gc,ergo        ] GC(190) CSet Selection. Actual Free: 4384M, Max CSet: 3653M
[2083.894s][info][gc,ergo        ] GC(190) Collectable Garbage: 7282M (99%), Immediate: 3972M (54%), CSet: 3310M (45%)
[2083.990s][info][gc,ergo        ] GC(190) Good progress for free space: 7272M, need 83886K
[2083.990s][info][gc,ergo        ] GC(190) Good progress for used space: 7272M, need 4096K
[2083.990s][info][gc             ] GC(190) Pause Degenerated GC (Outside of Cycle) 7779M->507M(8192M) 244.079ms
[2083.990s][info][gc,ergo        ] Free: 7244M, Max: 4096K regular, 6460M humongous, Frag: 11% external, 0% internal; Reserve: 412M, Max: 4096K
[2083.990s][info][gc,stats       ] 
[2083.990s][info][gc,stats       ] All times are wall-clock times, except per-root-class counters, that are sum over
[2083.990s][info][gc,stats       ] all workers. Dividing the <total> over the root stage time estimates parallelism.
[2083.990s][info][gc,stats       ] 
[2083.990s][info][gc,stats       ] Pause Degenerated GC (G)         244180 us
[2083.990s][info][gc,stats       ] Pause Degenerated GC (N)         244093 us
[2083.990s][info][gc,stats       ]   Degen STW Mark                 119746 us, parallelism: 3.91x
[2083.990s][info][gc,stats       ]     DSM: <total>                 467850 us
[2083.990s][info][gc,stats       ]     DSM: Thread Roots               806 us, workers (us): 220, 220, 184, 182, 
[2083.990s][info][gc,stats       ]     DSM: VM Strong Roots             49 us, workers (us):   0,  18,  15,  16, 
[2083.990s][info][gc,stats       ]     DSM: CLDG Roots                 597 us, workers (us): 343,  85,  84,  85, 
[2083.990s][info][gc,stats       ]     DSM: Parallel Mark           466397 us, workers (us): 116417, 116656, 116660, 116665, 
[2083.990s][info][gc,stats       ]     System Purge                   6874 us
[2083.990s][info][gc,stats       ]       Weak References              1166 us, parallelism: 1.19x
[2083.990s][info][gc,stats       ]         WRP: <total>               1391 us
[2083.991s][info][gc,stats       ]         WRP: Weak References       1391 us, workers (us): 131, 1086, 174,   0, 
[2083.991s][info][gc,stats       ]       Unload Classes               5453 us, parallelism: 3.93x
[2083.991s][info][gc,stats       ]         DCU: <total>              21457 us
[2083.991s][info][gc,stats       ]         DCU: Unload Code Caches    21457 us, workers (us): 5375, 5383, 5361, 5337, 
[2083.991s][info][gc,stats       ]       Weak Roots                    247 us, parallelism: 3.49x
[2083.991s][info][gc,stats       ]         DWR: <total>                862 us
[2083.991s][info][gc,stats       ]         DWR: VM Weak Roots          862 us, workers (us): 233, 233, 206, 191, 
[2083.991s][info][gc,stats       ]       CLDG                            1 us
[2083.991s][info][gc,stats       ]   Update Region States               39 us
[2083.991s][info][gc,stats       ]   Manage GC/TLABs                    12 us
[2083.991s][info][gc,stats       ]   Choose Collection Set              69 us
[2083.991s][info][gc,stats       ]   Rebuild Free Set                   12 us
[2083.991s][info][gc,stats       ]   Evacuation                      33079 us
[2083.991s][info][gc,stats       ]   Manage GCLABs                      15 us
[2083.991s][info][gc,stats       ]   Update References               55472 us
[2083.991s][info][gc,stats       ]   Update Region States               35 us
[2083.991s][info][gc,stats       ]   Trash Collection Set               13 us
[2083.991s][info][gc,stats       ]   Rebuild Free Set                   13 us
[2083.991s][info][gc,stats       ]   Degen Update Roots               5658 us, parallelism: 3.93x
[2083.991s][info][gc,stats       ]     DU: <total>                   22219 us
[2083.991s][info][gc,stats       ]     DU: Thread Roots                174 us, workers (us):  58,   1,  32,  84, 
[2083.991s][info][gc,stats       ]     DU: Code Cache Roots          17250 us, workers (us): 4211, 4418, 4351, 4269, 
[2083.991s][info][gc,stats       ]     DU: VM Strong Roots               8 us, workers (us):   3,   2,   2,   0, 
[2083.991s][info][gc,stats       ]     DU: VM Weak Roots              4380 us, workers (us): 1104, 1103, 1104, 1069, 
[2083.991s][info][gc,stats       ]     DU: CLDG Roots                  407 us, workers (us): 178,  66,  66,  97, 
[2083.991s][info][gc,stats       ]   Cleanup                            37 us
[2083.991s][info][gc,metaspace   ] Metaspace: 135363K(136512K)->135363K(136512K) NonClass: 114419K(115072K)->114419K(115072K) Class: 20944K(21440K)->20944K(21440K)
[2095.511s][info][gc             ] Failed to allocate TLAB, 4096K
[2095.511s][info][gc             ] Cancelling GC: Allocation Failure
[2095.511s][info][gc             ] Trigger: Handle Allocation Failure
[2095.511s][info][gc,ergo        ] Free: 0B, Max: 0B regular, 0B humongous, Frag: 0% external, 0% internal; Reserve: 412M, Max: 4096K
[2095.511s][info][gc,start       ] GC(191) Pause Degenerated GC (Outside of Cycle)
[2095.511s][info][gc,task        ] GC(191) Using 4 of 4 workers for stw degenerated gc
[2095.518s][info][gc,ref         ] GC(191) Clearing All SoftReferences
[2095.630s][info][gc,ref         ] GC(191) Encountered references: Soft: 3307, Weak: 22890, Final: 34, Phantom: 1468
[2095.630s][info][gc,ref         ] GC(191) Discovered  references: Soft: 2778, Weak: 14227, Final: 0, Phantom: 1047
[2095.630s][info][gc,ref         ] GC(191) Enqueued    references: Soft: 1, Weak: 3, Final: 0, Phantom: 0
[2095.639s][info][gc,ergo        ] GC(191) CSet Selection. Actual Free: 1648M, Max CSet: 1373M
[2095.639s][info][gc,ergo        ] GC(191) Collectable Garbage: 7277M (99%), Immediate: 1236M (16%), CSet: 6041M (82%)
[2095.778s][info][gc,ergo        ] GC(191) Good progress for free space: 7272M, need 83886K
[2095.778s][info][gc,ergo        ] GC(191) Good progress for used space: 7272M, need 4096K
[2095.778s][info][gc             ] GC(191) Pause Degenerated GC (Outside of Cycle) 7779M->507M(8192M) 266.436ms
[2095.778s][info][gc,ergo        ] Free: 7256M, Max: 4096K regular, 6460M humongous, Frag: 11% external, 1% internal; Reserve: 412M, Max: 4096K
[2095.778s][info][gc,stats       ] 
[2095.778s][info][gc,stats       ] All times are wall-clock times, except per-root-class counters, that are sum over
[2095.778s][info][gc,stats       ] all workers. Dividing the <total> over the root stage time estimates parallelism.
[2095.778s][info][gc,stats       ] 
[2095.778s][info][gc,stats       ] Pause Degenerated GC (G)         266553 us
[2095.778s][info][gc,stats       ] Pause Degenerated GC (N)         266453 us
[2095.778s][info][gc,stats       ]   Degen STW Mark                 110737 us, parallelism: 3.92x
[2095.778s][info][gc,stats       ]     DSM: <total>                 434150 us
[2095.778s][info][gc,stats       ]     DSM: Thread Roots               448 us, workers (us): 120, 119, 119,  89, 
[2095.778s][info][gc,stats       ]     DSM: VM Strong Roots             37 us, workers (us):  11,  14,   0,  12, 
[2095.778s][info][gc,stats       ]     DSM: CLDG Roots                 309 us, workers (us):  38,  38, 195,  38, 
[2095.778s][info][gc,stats       ]     DSM: Parallel Mark           433357 us, workers (us): 108383, 108374, 108228, 108373, 
[2095.778s][info][gc,stats       ]     System Purge                  10228 us
[2095.778s][info][gc,stats       ]       Weak References              1369 us, parallelism: 1.13x
[2095.778s][info][gc,stats       ]         WRP: <total>               1545 us
[2095.778s][info][gc,stats       ]         WRP: Weak References       1545 us, workers (us): 119, 219,   0, 1207, 
[2095.778s][info][gc,stats       ]       Unload Classes               8487 us, parallelism: 3.93x
[2095.778s][info][gc,stats       ]         DCU: <total>              33390 us
[2095.778s][info][gc,stats       ]         DCU: Unload Code Caches    33390 us, workers (us): 8364, 8348, 8335, 8344, 
[2095.778s][info][gc,stats       ]       Weak Roots                    321 us, parallelism: 3.47x
[2095.778s][info][gc,stats       ]         DWR: <total>               1112 us
[2095.778s][info][gc,stats       ]         DWR: VM Weak Roots         1112 us, workers (us): 306, 268, 268, 269, 
[2095.778s][info][gc,stats       ]       CLDG                            2 us
[2095.778s][info][gc,stats       ]   Update Region States               72 us
[2095.778s][info][gc,stats       ]   Manage GC/TLABs                    12 us
[2095.778s][info][gc,stats       ]   Choose Collection Set              95 us
[2095.778s][info][gc,stats       ]   Rebuild Free Set                    9 us
[2095.778s][info][gc,stats       ]   Evacuation                      52293 us
[2095.778s][info][gc,stats       ]   Manage GCLABs                      16 us
[2095.778s][info][gc,stats       ]   Update References               74566 us
[2095.778s][info][gc,stats       ]   Update Region States               82 us
[2095.778s][info][gc,stats       ]   Trash Collection Set               20 us
[2095.778s][info][gc,stats       ]   Rebuild Free Set                   11 us
[2095.778s][info][gc,stats       ]   Degen Update Roots               7840 us, parallelism: 3.87x
[2095.778s][info][gc,stats       ]     DU: <total>                   30336 us
[2095.778s][info][gc,stats       ]     DU: Thread Roots                469 us, workers (us):   1, 128,  28, 313, 
[2095.778s][info][gc,stats       ]     DU: Code Cache Roots          24763 us, workers (us): 6513, 6167, 6242, 5840, 
[2095.778s][info][gc,stats       ]     DU: VM Strong Roots               8 us, workers (us):   4,   2,   2,   0, 
[2095.778s][info][gc,stats       ]     DU: VM Weak Roots              4659 us, workers (us): 1171, 1172, 1171, 1145, 
[2095.778s][info][gc,stats       ]     DU: CLDG Roots                  437 us, workers (us):  67,  68,  93, 209, 
[2095.778s][info][gc,stats       ]   Cleanup                            71 us
[2095.779s][info][gc,metaspace   ] Metaspace: 135363K(136512K)->135363K(136512K) NonClass: 114419K(115072K)->114419K(115072K) Class: 20944K(21440K)->20944K(21440K)
[2104.944s][info][gc             ] Failed to allocate TLAB, 4096K
[2104.944s][info][gc             ] Cancelling GC: Allocation Failure
[2104.945s][info][gc             ] Trigger: Handle Allocation Failure
[2104.945s][info][gc,ergo        ] Free: 0B, Max: 0B regular, 0B humongous, Frag: 0% external, 0% internal; Reserve: 412M, Max: 4096K
[2104.945s][info][gc,start       ] GC(192) Pause Degenerated GC (Outside of Cycle)
[2104.945s][info][gc,task        ] GC(192) Using 4 of 4 workers for stw degenerated gc
[2104.959s][info][gc,ref         ] GC(192) Clearing All SoftReferences
[2105.069s][info][gc,ref         ] GC(192) Encountered references: Soft: 3307, Weak: 22890, Final: 34, Phantom: 1471
[2105.069s][info][gc,ref         ] GC(192) Discovered  references: Soft: 2779, Weak: 12300, Final: 0, Phantom: 1052
[2105.069s][info][gc,ref         ] GC(192) Enqueued    references: Soft: 1, Weak: 2, Final: 0, Phantom: 0
[2105.075s][info][gc,ergo        ] GC(192) CSet Selection. Actual Free: 4416M, Max CSet: 3680M
[2105.075s][info][gc,ergo        ] GC(192) Collectable Garbage: 7301M (99%), Immediate: 4004M (54%), CSet: 3297M (44%)
[2105.159s][info][gc,ergo        ] GC(192) Good progress for free space: 7296M, need 83886K
[2105.159s][info][gc,ergo        ] GC(192) Good progress for used space: 7296M, need 4096K
[2105.159s][info][gc             ] GC(192) Pause Degenerated GC (Outside of Cycle) 7779M->483M(8192M) 213.850ms
[2105.159s][info][gc,ergo        ] Free: 7284M, Max: 4096K regular, 6460M humongous, Frag: 12% external, 1% internal; Reserve: 412M, Max: 4096K
[2105.159s][info][gc,stats       ] 
[2105.159s][info][gc,stats       ] All times are wall-clock times, except per-root-class counters, that are sum over
[2105.159s][info][gc,stats       ] all workers. Dividing the <total> over the root stage time estimates parallelism.
[2105.159s][info][gc,stats       ] 
[2105.159s][info][gc,stats       ] Pause Degenerated GC (G)         213982 us
[2105.159s][info][gc,stats       ] Pause Degenerated GC (N)         213864 us
[2105.159s][info][gc,stats       ]   Degen STW Mark                 108382 us, parallelism: 3.92x
[2105.159s][info][gc,stats       ]     DSM: <total>                 424621 us
[2105.159s][info][gc,stats       ]     DSM: Thread Roots               382 us, workers (us): 126,  86,  86,  85, 
[2105.159s][info][gc,stats       ]     DSM: VM Strong Roots             29 us, workers (us):   8,  11,   9,   0, 
[2105.159s][info][gc,stats       ]     DSM: CLDG Roots                 284 us, workers (us):  35,  35,  35, 179, 
[2105.159s][info][gc,stats       ]     DSM: Parallel Mark           423926 us, workers (us): 106024, 106010, 106019, 105873, 
[2105.159s][info][gc,stats       ]     System Purge                   7413 us
[2105.159s][info][gc,stats       ]       Weak References              1162 us, parallelism: 1.10x
[2105.159s][info][gc,stats       ]         WRP: <total>               1276 us
[2105.159s][info][gc,stats       ]         WRP: Weak References       1276 us, workers (us): 118,  67, 1027,  64, 
[2105.159s][info][gc,stats       ]       Unload Classes               5805 us, parallelism: 3.90x
[2105.159s][info][gc,stats       ]         DCU: <total>              22635 us
[2105.159s][info][gc,stats       ]         DCU: Unload Code Caches    22635 us, workers (us): 5674, 5672, 5645, 5644, 
[2105.159s][info][gc,stats       ]       Weak Roots                    294 us, parallelism: 3.06x
[2105.160s][info][gc,stats       ]         DWR: <total>                899 us
[2105.160s][info][gc,stats       ]         DWR: VM Weak Roots          899 us, workers (us): 253, 226, 209, 209, 
[2105.160s][info][gc,stats       ]       CLDG                            1 us
[2105.160s][info][gc,stats       ]   Update Region States               66 us
[2105.160s][info][gc,stats       ]   Manage GC/TLABs                    12 us
[2105.160s][info][gc,stats       ]   Choose Collection Set              80 us
[2105.160s][info][gc,stats       ]   Rebuild Free Set                   11 us
[2105.160s][info][gc,stats       ]   Evacuation                      29337 us
[2105.160s][info][gc,stats       ]   Manage GCLABs                       8 us
[2105.160s][info][gc,stats       ]   Update References               46927 us
[2105.160s][info][gc,stats       ]   Update Region States               80 us
[2105.160s][info][gc,stats       ]   Trash Collection Set               12 us
[2105.160s][info][gc,stats       ]   Rebuild Free Set                   13 us
[2105.160s][info][gc,stats       ]   Degen Update Roots               5811 us, parallelism: 3.86x
[2105.160s][info][gc,stats       ]     DU: <total>                   22445 us
[2105.160s][info][gc,stats       ]     DU: Thread Roots                161 us, workers (us):  17,   1, 110,  32, 
[2105.160s][info][gc,stats       ]     DU: Code Cache Roots          17486 us, workers (us): 4409, 4495, 4188, 4394, 
[2105.160s][info][gc,stats       ]     DU: VM Strong Roots               6 us, workers (us):   6,   0,   0,   0, 
[2105.160s][info][gc,stats       ]     DU: VM Weak Roots              4352 us, workers (us): 1114, 1093, 1073, 1071, 
[2105.160s][info][gc,stats       ]     DU: CLDG Roots                  440 us, workers (us):  71,  98, 199,  72, 
[2105.160s][info][gc,stats       ]   Cleanup                            35 us
[2105.160s][info][gc,metaspace   ] Metaspace: 135364K(136512K)->135364K(136512K) NonClass: 114420K(115072K)->114420K(115072K) Class: 20944K(21440K)->20944K(21440K)
[2116.336s][info][gc             ] Failed to allocate TLAB, 4096K
[2116.336s][info][gc             ] Cancelling GC: Allocation Failure
[2116.337s][info][gc             ] Trigger: Handle Allocation Failure
[2116.337s][info][gc,ergo        ] Free: 0B, Max: 0B regular, 0B humongous, Frag: 0% external, 0% internal; Reserve: 412M, Max: 4096K
[2116.337s][info][gc,start       ] GC(193) Pause Degenerated GC (Outside of Cycle)
[2116.337s][info][gc,task        ] GC(193) Using 4 of 4 workers for stw degenerated gc
[2116.347s][info][gc,ref         ] GC(193) Clearing All SoftReferences
[2116.471s][info][gc,ref         ] GC(193) Encountered references: Soft: 3313, Weak: 22897, Final: 34, Phantom: 1477
[2116.471s][info][gc,ref         ] GC(193) Discovered  references: Soft: 2784, Weak: 12025, Final: 0, Phantom: 1092
[2116.471s][info][gc,ref         ] GC(193) Enqueued    references: Soft: 7, Weak: 7, Final: 0, Phantom: 0
[2116.478s][info][gc,ergo        ] GC(193) CSet Selection. Actual Free: 1800M, Max CSet: 1500M
[2116.478s][info][gc,ergo        ] GC(193) Collectable Garbage: 7273M (99%), Immediate: 1388M (19%), CSet: 5885M (80%)
[2116.579s][info][gc,ergo        ] GC(193) Good progress for free space: 7264M, need 83886K
[2116.579s][info][gc,ergo        ] GC(193) Good progress for used space: 7264M, need 4096K
[2116.579s][info][gc             ] GC(193) Pause Degenerated GC (Outside of Cycle) 7779M->515M(8192M) 242.368ms
[2116.579s][info][gc,ergo        ] Free: 7260M, Max: 4096K regular, 6460M humongous, Frag: 12% external, 1% internal; Reserve: 412M, Max: 4096K
[2116.580s][info][gc,stats       ] 
[2116.580s][info][gc,stats       ] All times are wall-clock times, except per-root-class counters, that are sum over
[2116.580s][info][gc,stats       ] all workers. Dividing the <total> over the root stage time estimates parallelism.
[2116.580s][info][gc,stats       ] 
[2116.580s][info][gc,stats       ] Pause Degenerated GC (G)         242413 us
[2116.580s][info][gc,stats       ] Pause Degenerated GC (N)         242382 us
[2116.580s][info][gc,stats       ]   Degen STW Mark                 122587 us, parallelism: 3.92x
[2116.580s][info][gc,stats       ]     DSM: <total>                 480494 us
[2116.580s][info][gc,stats       ]     DSM: Thread Roots               547 us, workers (us): 144, 144, 145, 113, 
[2116.580s][info][gc,stats       ]     DSM: VM Strong Roots             40 us, workers (us):  12,   0,  14,  15, 
[2116.580s][info][gc,stats       ]     DSM: CLDG Roots                 399 us, workers (us):  48, 256,  47,  49, 
[2116.580s][info][gc,stats       ]     DSM: Parallel Mark           479507 us, workers (us): 119918, 119723, 119934, 119932, 
[2116.580s][info][gc,stats       ]     System Purge                   8161 us
[2116.580s][info][gc,stats       ]       Weak References              1734 us, parallelism: 1.15x
[2116.580s][info][gc,stats       ]         WRP: <total>               1992 us
[2116.580s][info][gc,stats       ]         WRP: Weak References       1992 us, workers (us): 1622,  49,  15, 305, 
[2116.580s][info][gc,stats       ]       Unload Classes               6148 us, parallelism: 3.90x
[2116.580s][info][gc,stats       ]         DCU: <total>              23992 us
[2116.580s][info][gc,stats       ]         DCU: Unload Code Caches    23992 us, workers (us): 6025, 6011, 5992, 5965, 
[2116.580s][info][gc,stats       ]       Weak Roots                    268 us, parallelism: 3.33x
[2116.580s][info][gc,stats       ]         DWR: <total>                892 us
[2116.580s][info][gc,stats       ]         DWR: VM Weak Roots          892 us, workers (us): 253, 226, 206, 206, 
[2116.580s][info][gc,stats       ]       CLDG                            1 us
[2116.580s][info][gc,stats       ]   Update Region States               48 us
[2116.580s][info][gc,stats       ]   Manage GC/TLABs                    12 us
[2116.580s][info][gc,stats       ]   Choose Collection Set              98 us
[2116.580s][info][gc,stats       ]   Rebuild Free Set                   11 us
[2116.580s][info][gc,stats       ]   Evacuation                      42606 us
[2116.580s][info][gc,stats       ]   Manage GCLABs                      12 us
[2116.580s][info][gc,stats       ]   Update References               51020 us
[2116.580s][info][gc,stats       ]   Update Region States               36 us
[2116.580s][info][gc,stats       ]   Trash Collection Set               17 us
[2116.580s][info][gc,stats       ]   Rebuild Free Set                   10 us
[2116.580s][info][gc,stats       ]   Degen Update Roots               5887 us, parallelism: 3.91x
[2116.580s][info][gc,stats       ]     DU: <total>                   23030 us
[2116.580s][info][gc,stats       ]     DU: Thread Roots                171 us, workers (us):  79,   1,  15,  77, 
[2116.580s][info][gc,stats       ]     DU: Code Cache Roots          17470 us, workers (us): 4231, 4496, 4420, 4323, 
[2116.580s][info][gc,stats       ]     DU: VM Strong Roots              10 us, workers (us):   3,   3,   3,   0, 
[2116.580s][info][gc,stats       ]     DU: VM Weak Roots              4917 us, workers (us): 1236, 1237, 1233, 1211, 
[2116.580s][info][gc,stats       ]     DU: CLDG Roots                  462 us, workers (us): 199,  74,  77, 112, 
[2116.580s][info][gc,stats       ]   Cleanup                            55 us
[2116.580s][info][gc,metaspace   ] Metaspace: 135364K(136512K)->135364K(136512K) NonClass: 114420K(115072K)->114420K(115072K) Class: 20944K(21440K)->20944K(21440K)
[2127.024s][info][gc             ] Failed to allocate TLAB, 4096K
[2127.024s][info][gc             ] Cancelling GC: Allocation Failure
[2127.024s][info][gc             ] Trigger: Handle Allocation Failure
[2127.024s][info][gc,ergo        ] Free: 0B, Max: 0B regular, 0B humongous, Frag: 0% external, 0% internal; Reserve: 412M, Max: 4096K
[2127.024s][info][gc,start       ] GC(194) Pause Degenerated GC (Outside of Cycle)
[2127.024s][info][gc,task        ] GC(194) Using 4 of 4 workers for stw degenerated gc
[2127.037s][info][gc,ref         ] GC(194) Clearing All SoftReferences
[2127.151s][info][gc,ref         ] GC(194) Encountered references: Soft: 3307, Weak: 22893, Final: 34, Phantom: 1480
[2127.151s][info][gc,ref         ] GC(194) Discovered  references: Soft: 2777, Weak: 11973, Final: 0, Phantom: 1027
[2127.151s][info][gc,ref         ] GC(194) Enqueued    references: Soft: 1, Weak: 2, Final: 0, Phantom: 0
[2127.157s][info][gc,ergo        ] GC(194) CSet Selection. Actual Free: 3416M, Max CSet: 2846M
[2127.157s][info][gc,ergo        ] GC(194) Collectable Garbage: 7294M (99%), Immediate: 3004M (41%), CSet: 4290M (58%)
[2127.256s][info][gc,ergo        ] GC(194) Good progress for free space: 7284M, need 83886K
[2127.256s][info][gc,ergo        ] GC(194) Good progress for used space: 7284M, need 4096K
[2127.256s][info][gc             ] GC(194) Pause Degenerated GC (Outside of Cycle) 7779M->495M(8192M) 231.729ms
[2127.256s][info][gc,ergo        ] Free: 7284M, Max: 4096K regular, 6460M humongous, Frag: 12% external, 1% internal; Reserve: 412M, Max: 4096K
[2127.256s][info][gc,stats       ] 
[2127.256s][info][gc,stats       ] All times are wall-clock times, except per-root-class counters, that are sum over
[2127.256s][info][gc,stats       ] all workers. Dividing the <total> over the root stage time estimates parallelism.
[2127.256s][info][gc,stats       ] 
[2127.256s][info][gc,stats       ] Pause Degenerated GC (G)         231804 us
[2127.256s][info][gc,stats       ] Pause Degenerated GC (N)         231743 us
[2127.256s][info][gc,stats       ]   Degen STW Mark                 112623 us, parallelism: 3.93x
[2127.256s][info][gc,stats       ]     DSM: <total>                 442360 us
[2127.256s][info][gc,stats       ]     DSM: Thread Roots               417 us, workers (us): 113, 113, 110,  81, 
[2127.256s][info][gc,stats       ]     DSM: VM Strong Roots             28 us, workers (us):   9,   0,   9,  11, 
[2127.256s][info][gc,stats       ]     DSM: CLDG Roots                 330 us, workers (us):  45, 196,  45,  45, 
[2127.256s][info][gc,stats       ]     DSM: Parallel Mark           441584 us, workers (us): 110438, 110287, 110432, 110428, 
[2127.256s][info][gc,stats       ]     System Purge                   7358 us
[2127.256s][info][gc,stats       ]       Weak References              1099 us, parallelism: 1.12x
[2127.256s][info][gc,stats       ]         WRP: <total>               1230 us
[2127.256s][info][gc,stats       ]         WRP: Weak References       1230 us, workers (us): 952,  29, 174,  75, 
[2127.256s][info][gc,stats       ]       Unload Classes               5776 us, parallelism: 3.94x
[2127.256s][info][gc,stats       ]         DCU: <total>              22732 us
[2127.256s][info][gc,stats       ]         DCU: Unload Code Caches    22732 us, workers (us): 5704, 5693, 5671, 5664, 
[2127.256s][info][gc,stats       ]       Weak Roots                    271 us, parallelism: 2.96x
[2127.256s][info][gc,stats       ]         DWR: <total>                802 us
[2127.256s][info][gc,stats       ]         DWR: VM Weak Roots          802 us, workers (us): 232, 202, 185, 184, 
[2127.256s][info][gc,stats       ]       CLDG                            2 us
[2127.256s][info][gc,stats       ]   Update Region States               82 us
[2127.256s][info][gc,stats       ]   Manage GC/TLABs                    13 us
[2127.256s][info][gc,stats       ]   Choose Collection Set              77 us
[2127.256s][info][gc,stats       ]   Rebuild Free Set                   10 us
[2127.256s][info][gc,stats       ]   Evacuation                      34203 us
[2127.256s][info][gc,stats       ]   Manage GCLABs                       9 us
[2127.256s][info][gc,stats       ]   Update References               56990 us
[2127.256s][info][gc,stats       ]   Update Region States               71 us
[2127.256s][info][gc,stats       ]   Trash Collection Set               15 us
[2127.256s][info][gc,stats       ]   Rebuild Free Set                   11 us
[2127.256s][info][gc,stats       ]   Degen Update Roots               5823 us, parallelism: 3.83x
[2127.256s][info][gc,stats       ]     DU: <total>                   22272 us
[2127.256s][info][gc,stats       ]     DU: Thread Roots                164 us, workers (us):   1,  25, 137,   1, 
[2127.256s][info][gc,stats       ]     DU: Code Cache Roots          17327 us, workers (us): 4262, 4330, 4193, 4542, 
[2127.256s][info][gc,stats       ]     DU: VM Strong Roots               8 us, workers (us):   3,   3,   2,   0, 
[2127.256s][info][gc,stats       ]     DU: VM Weak Roots              4366 us, workers (us): 1098, 1099, 1099, 1071, 
[2127.257s][info][gc,stats       ]     DU: CLDG Roots                  408 us, workers (us): 181,  68,  92,  66, 
[2127.257s][info][gc,stats       ]   Cleanup                            43 us
[2127.257s][info][gc,metaspace   ] Metaspace: 135364K(136512K)->135364K(136512K) NonClass: 114420K(115072K)->114420K(115072K) Class: 20944K(21440K)->20944K(21440K)
[2137.914s][info][gc             ] Failed to allocate TLAB, 4096K
[2137.914s][info][gc             ] Cancelling GC: Allocation Failure
[2137.914s][info][gc             ] Trigger: Handle Allocation Failure
[2137.914s][info][gc,ergo        ] Free: 0B, Max: 0B regular, 0B humongous, Frag: 0% external, 0% internal; Reserve: 412M, Max: 4096K
[2137.914s][info][gc,start       ] GC(195) Pause Degenerated GC (Outside of Cycle)
[2137.915s][info][gc,task        ] GC(195) Using 4 of 4 workers for stw degenerated gc
[2137.925s][info][gc,ref         ] GC(195) Clearing All SoftReferences
[2138.066s][info][gc,ref         ] GC(195) Encountered references: Soft: 3314, Weak: 22897, Final: 34, Phantom: 1483
[2138.066s][info][gc,ref         ] GC(195) Discovered  references: Soft: 797, Weak: 12412, Final: 34, Phantom: 1085
[2138.066s][info][gc,ref         ] GC(195) Enqueued    references: Soft: 7, Weak: 4, Final: 0, Phantom: 0
[2138.073s][info][gc,ergo        ] GC(195) CSet Selection. Actual Free: 1168M, Max CSet: 973M
[2138.073s][info][gc,ergo        ] GC(195) Collectable Garbage: 7264M (99%), Immediate: 756M (10%), CSet: 6508M (89%)
[2138.210s][info][gc,ergo        ] GC(195) Good progress for free space: 7256M, need 83886K
[2138.210s][info][gc,ergo        ] GC(195) Good progress for used space: 7256M, need 4096K
[2138.210s][info][gc             ] GC(195) Pause Degenerated GC (Outside of Cycle) 7779M->523M(8192M) 295.900ms
[2138.211s][info][gc,ergo        ] Free: 7240M, Max: 4096K regular, 6460M humongous, Frag: 11% external, 1% internal; Reserve: 412M, Max: 4096K
[2138.211s][info][gc,stats       ] 
[2138.211s][info][gc,stats       ] All times are wall-clock times, except per-root-class counters, that are sum over
[2138.211s][info][gc,stats       ] all workers. Dividing the <total> over the root stage time estimates parallelism.
[2138.211s][info][gc,stats       ] 
[2138.211s][info][gc,stats       ] Pause Degenerated GC (G)         295997 us
[2138.211s][info][gc,stats       ] Pause Degenerated GC (N)         295914 us
[2138.211s][info][gc,stats       ]   Degen STW Mark                 140037 us, parallelism: 3.90x
[2138.211s][info][gc,stats       ]     DSM: <total>                 546466 us
[2138.211s][info][gc,stats       ]     DSM: Thread Roots               904 us, workers (us): 141, 515, 138, 111, 
[2138.211s][info][gc,stats       ]     DSM: VM Strong Roots             24 us, workers (us):   0,   0,  11,  13, 
[2138.211s][info][gc,stats       ]     DSM: CLDG Roots                 251 us, workers (us): 166,  10,  38,  37, 
[2138.211s][info][gc,stats       ]     DSM: Parallel Mark           545286 us, workers (us): 136332, 136090, 136437, 136427, 
[2138.211s][info][gc,stats       ]     System Purge                   8017 us
[2138.211s][info][gc,stats       ]       Weak References              1440 us, parallelism: 1.29x
[2138.211s][info][gc,stats       ]         WRP: <total>               1857 us
[2138.211s][info][gc,stats       ]         WRP: Weak References       1857 us, workers (us): 249, 110, 1299, 199, 
[2138.211s][info][gc,stats       ]       Unload Classes               6101 us, parallelism: 3.94x
[2138.211s][info][gc,stats       ]         DCU: <total>              24040 us
[2138.211s][info][gc,stats       ]         DCU: Unload Code Caches    24040 us, workers (us): 6031, 6025, 5997, 5987, 
[2138.211s][info][gc,stats       ]       Weak Roots                    305 us, parallelism: 3.09x
[2138.211s][info][gc,stats       ]         DWR: <total>                942 us
[2138.211s][info][gc,stats       ]         DWR: VM Weak Roots          942 us, workers (us): 266, 232, 232, 212, 
[2138.211s][info][gc,stats       ]       CLDG                            1 us
[2138.211s][info][gc,stats       ]   Update Region States               82 us
[2138.211s][info][gc,stats       ]   Manage GC/TLABs                    10 us
[2138.211s][info][gc,stats       ]   Choose Collection Set              75 us
[2138.211s][info][gc,stats       ]   Rebuild Free Set                    9 us
[2138.211s][info][gc,stats       ]   Evacuation                      61018 us
[2138.211s][info][gc,stats       ]   Manage GCLABs                       8 us
[2138.211s][info][gc,stats       ]   Update References               66340 us
[2138.211s][info][gc,stats       ]   Update Region States               68 us
[2138.211s][info][gc,stats       ]   Trash Collection Set               18 us
[2138.211s][info][gc,stats       ]   Rebuild Free Set                   10 us
[2138.211s][info][gc,stats       ]   Degen Update Roots               7802 us, parallelism: 3.91x
[2138.211s][info][gc,stats       ]     DU: <total>                   30522 us
[2138.211s][info][gc,stats       ]     DU: Thread Roots                236 us, workers (us):  40,   9, 187,   1, 
[2138.211s][info][gc,stats       ]     DU: Code Cache Roots          24456 us, workers (us): 6171, 6163, 5836, 6287, 
[2138.211s][info][gc,stats       ]     DU: VM Strong Roots               9 us, workers (us):   4,   3,   2,   0, 
[2138.211s][info][gc,stats       ]     DU: VM Weak Roots              5294 us, workers (us): 1331, 1331, 1329, 1303, 
[2138.211s][info][gc,stats       ]     DU: CLDG Roots                  527 us, workers (us):  72, 114, 265,  76, 
[2138.211s][info][gc,stats       ]   Cleanup                            60 us
[2138.211s][info][gc,metaspace   ] Metaspace: 135371K(136512K)->135371K(136512K) NonClass: 114427K(115072K)->114427K(115072K) Class: 20944K(21440K)->20944K(21440K)
[2149.493s][info][gc             ] Failed to allocate TLAB, 4096K
[2149.493s][info][gc             ] Cancelling GC: Allocation Failure
[2149.494s][info][gc             ] Trigger: Handle Allocation Failure
[2149.494s][info][gc,ergo        ] Free: 0B, Max: 0B regular, 0B humongous, Frag: 0% external, 0% internal; Reserve: 412M, Max: 4096K
[2149.494s][info][gc,start       ] GC(196) Pause Degenerated GC (Outside of Cycle)
[2149.494s][info][gc,task        ] GC(196) Using 4 of 4 workers for stw degenerated gc
[2149.511s][info][gc,ref         ] GC(196) Clearing All SoftReferences
[2149.650s][info][gc,ref         ] GC(196) Encountered references: Soft: 3309, Weak: 22900, Final: 34, Phantom: 1487
[2149.650s][info][gc,ref         ] GC(196) Discovered  references: Soft: 2776, Weak: 12296, Final: 0, Phantom: 1061
[2149.650s][info][gc,ref         ] GC(196) Enqueued    references: Soft: 3, Weak: 6, Final: 0, Phantom: 1
[2149.662s][info][gc,ergo        ] GC(196) CSet Selection. Actual Free: 3360M, Max CSet: 2800M
[2149.662s][info][gc,ergo        ] GC(196) Collectable Garbage: 7284M (99%), Immediate: 2948M (40%), CSet: 4336M (59%)
[2149.770s][info][gc,ergo        ] GC(196) Good progress for free space: 7272M, need 83886K
[2149.770s][info][gc,ergo        ] GC(196) Good progress for used space: 7272M, need 4096K
[2149.770s][info][gc             ] GC(196) Pause Degenerated GC (Outside of Cycle) 7779M->507M(8192M) 275.854ms
[2149.770s][info][gc,ergo        ] Free: 7260M, Max: 4096K regular, 6460M humongous, Frag: 12% external, 1% internal; Reserve: 412M, Max: 4096K
[2149.770s][info][gc,stats       ] 
[2149.770s][info][gc,stats       ] All times are wall-clock times, except per-root-class counters, that are sum over
[2149.770s][info][gc,stats       ] all workers. Dividing the <total> over the root stage time estimates parallelism.
[2149.770s][info][gc,stats       ] 
[2149.770s][info][gc,stats       ] Pause Degenerated GC (G)         275924 us
[2149.770s][info][gc,stats       ] Pause Degenerated GC (N)         275868 us
[2149.770s][info][gc,stats       ]   Degen STW Mark                 138036 us, parallelism: 3.92x
[2149.770s][info][gc,stats       ]     DSM: <total>                 540608 us
[2149.770s][info][gc,stats       ]     DSM: Thread Roots               641 us, workers (us): 179, 178, 148, 136, 
[2149.770s][info][gc,stats       ]     DSM: VM Strong Roots             38 us, workers (us):  14,  12,  12,   0, 
[2149.770s][info][gc,stats       ]     DSM: CLDG Roots                 456 us, workers (us):  56,  57,  57, 286, 
[2149.770s][info][gc,stats       ]     DSM: Parallel Mark           539473 us, workers (us): 134914, 134932, 134928, 134699, 
[2149.770s][info][gc,stats       ]     System Purge                  13227 us
[2149.770s][info][gc,stats       ]       Weak References              1104 us, parallelism: 1.15x
[2149.770s][info][gc,stats       ]         WRP: <total>               1267 us
[2149.770s][info][gc,stats       ]         WRP: Weak References       1267 us, workers (us): 109, 137, 965,  56, 
[2149.770s][info][gc,stats       ]       Unload Classes               7746 us, parallelism: 3.93x
[2149.770s][info][gc,stats       ]         DCU: <total>              30410 us
[2149.770s][info][gc,stats       ]         DCU: Unload Code Caches    30410 us, workers (us): 7620, 7596, 7604, 7589, 
[2149.770s][info][gc,stats       ]       Weak Roots                    313 us, parallelism: 2.93x
[2149.770s][info][gc,stats       ]         DWR: <total>                918 us
[2149.770s][info][gc,stats       ]         DWR: VM Weak Roots          918 us, workers (us): 230, 230, 229, 229, 
[2149.770s][info][gc,stats       ]       CLDG                           18 us
[2149.770s][info][gc,stats       ]   Update Region States               58 us
[2149.770s][info][gc,stats       ]   Manage GC/TLABs                    13 us
[2149.770s][info][gc,stats       ]   Choose Collection Set              80 us
[2149.770s][info][gc,stats       ]   Rebuild Free Set                    9 us
[2149.770s][info][gc,stats       ]   Evacuation                      48460 us
[2149.771s][info][gc,stats       ]   Manage GCLABs                      15 us
[2149.771s][info][gc,stats       ]   Update References               51529 us
[2149.771s][info][gc,stats       ]   Update Region States               74 us
[2149.771s][info][gc,stats       ]   Trash Collection Set               14 us
[2149.771s][info][gc,stats       ]   Rebuild Free Set                   11 us
[2149.771s][info][gc,stats       ]   Degen Update Roots               5732 us, parallelism: 3.93x
[2149.771s][info][gc,stats       ]     DU: <total>                   22519 us
[2149.771s][info][gc,stats       ]     DU: Thread Roots                162 us, workers (us): 146,  15,   1,   1, 
[2149.771s][info][gc,stats       ]     DU: Code Cache Roots          17494 us, workers (us): 4260, 4416, 4338, 4479, 
[2149.771s][info][gc,stats       ]     DU: VM Strong Roots               9 us, workers (us):   3,   2,   2,   2, 
[2149.771s][info][gc,stats       ]     DU: VM Weak Roots              4449 us, workers (us): 1112, 1112, 1112, 1113, 
[2149.771s][info][gc,stats       ]     DU: CLDG Roots                  405 us, workers (us):  92,  68, 180,  66, 
[2149.771s][info][gc,stats       ]   Cleanup                            45 us
[2149.771s][info][gc,metaspace   ] Metaspace: 135396K(136512K)->135396K(136512K) NonClass: 114451K(115072K)->114451K(115072K) Class: 20945K(21440K)->20945K(21440K)
[2160.328s][info][gc             ] Failed to allocate TLAB, 4096K
[2160.328s][info][gc             ] Cancelling GC: Allocation Failure
[2160.328s][info][gc             ] Trigger: Handle Allocation Failure
[2160.328s][info][gc,ergo        ] Free: 0B, Max: 0B regular, 0B humongous, Frag: 0% external, 0% internal; Reserve: 412M, Max: 4096K
[2160.328s][info][gc,start       ] GC(197) Pause Degenerated GC (Outside of Cycle)
[2160.328s][info][gc,task        ] GC(197) Using 4 of 4 workers for stw degenerated gc
[2160.340s][info][gc,ref         ] GC(197) Clearing All SoftReferences
[2160.460s][info][gc,ref         ] GC(197) Encountered references: Soft: 3307, Weak: 22897, Final: 34, Phantom: 1489
[2160.461s][info][gc,ref         ] GC(197) Discovered  references: Soft: 1476, Weak: 12268, Final: 0, Phantom: 1060
[2160.461s][info][gc,ref         ] GC(197) Enqueued    references: Soft: 1, Weak: 2, Final: 0, Phantom: 0
[2160.467s][info][gc,ergo        ] GC(197) CSet Selection. Actual Free: 1020M, Max CSet: 850M
[2160.467s][info][gc,ergo        ] GC(197) Collectable Garbage: 7255M (99%), Immediate: 608M (8%), CSet: 6647M (91%)
[2160.579s][info][gc,ergo        ] GC(197) Good progress for free space: 7248M, need 83886K
[2160.579s][info][gc,ergo        ] GC(197) Good progress for used space: 7248M, need 4096K
[2160.579s][info][gc             ] GC(197) Pause Degenerated GC (Outside of Cycle) 7779M->531M(8192M) 251.048ms
[2160.579s][info][gc,ergo        ] Free: 7216M, Max: 4096K regular, 6460M humongous, Frag: 11% external, 0% internal; Reserve: 412M, Max: 4096K
[2160.580s][info][gc,stats       ] 
[2160.580s][info][gc,stats       ] All times are wall-clock times, except per-root-class counters, that are sum over
[2160.580s][info][gc,stats       ] all workers. Dividing the <total> over the root stage time estimates parallelism.
[2160.580s][info][gc,stats       ] 
[2160.580s][info][gc,stats       ] Pause Degenerated GC (G)         251168 us
[2160.580s][info][gc,stats       ] Pause Degenerated GC (N)         251062 us
[2160.580s][info][gc,stats       ]   Degen STW Mark                 119424 us, parallelism: 3.92x
[2160.580s][info][gc,stats       ]     DSM: <total>                 468552 us
[2160.580s][info][gc,stats       ]     DSM: Thread Roots               597 us, workers (us): 166, 166, 133, 132, 
[2160.580s][info][gc,stats       ]     DSM: VM Strong Roots             43 us, workers (us):  14,   0,  14,  16, 
[2160.580s][info][gc,stats       ]     DSM: CLDG Roots                 442 us, workers (us):  63, 254,  62,  63, 
[2160.580s][info][gc,stats       ]     DSM: Parallel Mark           467469 us, workers (us): 116925, 116727, 116905, 116913, 
[2160.580s][info][gc,stats       ]     System Purge                   7605 us
[2160.580s][info][gc,stats       ]       Weak References              1097 us, parallelism: 1.13x
[2160.580s][info][gc,stats       ]         WRP: <total>               1244 us
[2160.580s][info][gc,stats       ]         WRP: Weak References       1244 us, workers (us): 992,  53, 129,  70, 
[2160.580s][info][gc,stats       ]       Unload Classes               5660 us, parallelism: 3.91x
[2160.580s][info][gc,stats       ]         DCU: <total>              22129 us
[2160.580s][info][gc,stats       ]         DCU: Unload Code Caches    22129 us, workers (us): 5555, 5559, 5510, 5505, 
[2160.580s][info][gc,stats       ]       Weak Roots                    260 us, parallelism: 3.15x
[2160.580s][info][gc,stats       ]         DWR: <total>                821 us
[2160.580s][info][gc,stats       ]         DWR: VM Weak Roots          821 us, workers (us): 221, 221, 190, 190, 
[2160.580s][info][gc,stats       ]       CLDG                            6 us
[2160.580s][info][gc,stats       ]   Update Region States               72 us
[2160.580s][info][gc,stats       ]   Manage GC/TLABs                     9 us
[2160.580s][info][gc,stats       ]   Choose Collection Set              78 us
[2160.580s][info][gc,stats       ]   Rebuild Free Set                    9 us
[2160.580s][info][gc,stats       ]   Evacuation                      46580 us
[2160.580s][info][gc,stats       ]   Manage GCLABs                       9 us
[2160.580s][info][gc,stats       ]   Update References               56191 us
[2160.580s][info][gc,stats       ]   Update Region States               46 us
[2160.580s][info][gc,stats       ]   Trash Collection Set               17 us
[2160.580s][info][gc,stats       ]   Rebuild Free Set                    9 us
[2160.580s][info][gc,stats       ]   Degen Update Roots               6952 us, parallelism: 3.92x
[2160.580s][info][gc,stats       ]     DU: <total>                   27283 us
[2160.580s][info][gc,stats       ]     DU: Thread Roots                257 us, workers (us): 203,   1,  51,   2, 
[2160.580s][info][gc,stats       ]     DU: Code Cache Roots          22261 us, workers (us): 5404, 5724, 5580, 5552, 
[2160.580s][info][gc,stats       ]     DU: VM Strong Roots               7 us, workers (us):   2,   2,   2,   0, 
[2160.580s][info][gc,stats       ]     DU: VM Weak Roots              4333 us, workers (us): 1089, 1092, 1089, 1063, 
[2160.580s][info][gc,stats       ]     DU: CLDG Roots                  425 us, workers (us):  92,  64,  67, 202, 
[2160.580s][info][gc,stats       ]   Cleanup                            65 us
[2160.580s][info][gc,metaspace   ] Metaspace: 135399K(136512K)->135399K(136512K) NonClass: 114454K(115072K)->114454K(115072K) Class: 20945K(21440K)->20945K(21440K)
[2169.802s][info][gc             ] Failed to allocate TLAB, 4096K
[2169.802s][info][gc             ] Cancelling GC: Allocation Failure
[2169.803s][info][gc             ] Trigger: Handle Allocation Failure
[2169.803s][info][gc,ergo        ] Free: 0B, Max: 0B regular, 0B humongous, Frag: 0% external, 0% internal; Reserve: 412M, Max: 4096K
[2169.803s][info][gc,start       ] GC(198) Pause Degenerated GC (Outside of Cycle)
[2169.803s][info][gc,task        ] GC(198) Using 4 of 4 workers for stw degenerated gc
[2169.822s][info][gc,ref         ] GC(198) Clearing All SoftReferences
[2169.936s][info][gc,ref         ] GC(198) Encountered references: Soft: 3314, Weak: 22900, Final: 34, Phantom: 1492
[2169.936s][info][gc,ref         ] GC(198) Discovered  references: Soft: 1589, Weak: 14290, Final: 0, Phantom: 1090
[2169.936s][info][gc,ref         ] GC(198) Enqueued    references: Soft: 8, Weak: 4, Final: 0, Phantom: 0
[2169.945s][info][gc,ergo        ] GC(198) CSet Selection. Actual Free: 3308M, Max CSet: 2756M
[2169.946s][info][gc,ergo        ] GC(198) Collectable Garbage: 7281M (99%), Immediate: 2896M (39%), CSet: 4385M (59%)
[2170.044s][info][gc,ergo        ] GC(198) Good progress for free space: 7276M, need 83886K
[2170.044s][info][gc,ergo        ] GC(198) Good progress for used space: 7276M, need 4096K
[2170.044s][info][gc             ] GC(198) Pause Degenerated GC (Outside of Cycle) 7779M->503M(8192M) 240.678ms
[2170.044s][info][gc,ergo        ] Free: 7264M, Max: 4096K regular, 6460M humongous, Frag: 12% external, 1% internal; Reserve: 412M, Max: 4096K
[2170.044s][info][gc,stats       ] 
[2170.044s][info][gc,stats       ] All times are wall-clock times, except per-root-class counters, that are sum over
[2170.044s][info][gc,stats       ] all workers. Dividing the <total> over the root stage time estimates parallelism.
[2170.044s][info][gc,stats       ] 
[2170.044s][info][gc,stats       ] Pause Degenerated GC (G)         240758 us
[2170.044s][info][gc,stats       ] Pause Degenerated GC (N)         240692 us
[2170.044s][info][gc,stats       ]   Degen STW Mark                 113348 us, parallelism: 3.89x
[2170.044s][info][gc,stats       ]     DSM: <total>                 440470 us
[2170.044s][info][gc,stats       ]     DSM: Thread Roots               409 us, workers (us): 132,  98,  98,  80, 
[2170.044s][info][gc,stats       ]     DSM: VM Strong Roots            114 us, workers (us):  34,  37,  42,   0, 
[2170.044s][info][gc,stats       ]     DSM: CLDG Roots                 720 us, workers (us):  72,  72,  72, 504, 
[2170.044s][info][gc,stats       ]     DSM: Parallel Mark           439227 us, workers (us): 109921, 109897, 109907, 109502, 
[2170.044s][info][gc,stats       ]     System Purge                  10531 us
[2170.044s][info][gc,stats       ]       Weak References              1617 us, parallelism: 1.28x
[2170.044s][info][gc,stats       ]         WRP: <total>               2062 us
[2170.044s][info][gc,stats       ]         WRP: Weak References       2062 us, workers (us):  85, 1434,  58, 486, 
[2170.044s][info][gc,stats       ]       Unload Classes               7934 us, parallelism: 3.92x
[2170.044s][info][gc,stats       ]         DCU: <total>              31075 us
[2170.044s][info][gc,stats       ]         DCU: Unload Code Caches    31075 us, workers (us): 7781, 7785, 7767, 7742, 
[2170.044s][info][gc,stats       ]       Weak Roots                    424 us, parallelism: 3.70x
[2170.044s][info][gc,stats       ]         DWR: <total>               1568 us
[2170.044s][info][gc,stats       ]         DWR: VM Weak Roots         1568 us, workers (us): 411, 411, 381, 365, 
[2170.044s][info][gc,stats       ]       CLDG                            2 us
[2170.044s][info][gc,stats       ]   Update Region States               65 us
[2170.044s][info][gc,stats       ]   Manage GC/TLABs                    12 us
[2170.044s][info][gc,stats       ]   Choose Collection Set              81 us
[2170.044s][info][gc,stats       ]   Rebuild Free Set                   11 us
[2170.044s][info][gc,stats       ]   Evacuation                      39487 us
[2170.044s][info][gc,stats       ]   Manage GCLABs                       8 us
[2170.044s][info][gc,stats       ]   Update References               50861 us
[2170.044s][info][gc,stats       ]   Update Region States               58 us
[2170.044s][info][gc,stats       ]   Trash Collection Set               12 us
[2170.044s][info][gc,stats       ]   Rebuild Free Set                   10 us
[2170.044s][info][gc,stats       ]   Degen Update Roots               5980 us, parallelism: 3.89x
[2170.044s][info][gc,stats       ]     DU: <total>                   23278 us
[2170.044s][info][gc,stats       ]     DU: Thread Roots                153 us, workers (us):   1,  10, 141,   1, 
[2170.044s][info][gc,stats       ]     DU: Code Cache Roots          18078 us, workers (us): 4599, 4547, 4392, 4540, 
[2170.044s][info][gc,stats       ]     DU: VM Strong Roots               7 us, workers (us):   6,   0,   0,   0, 
[2170.044s][info][gc,stats       ]     DU: VM Weak Roots              4630 us, workers (us): 1184, 1161, 1142, 1144, 
[2170.044s][info][gc,stats       ]     DU: CLDG Roots                  411 us, workers (us):  68,  70,  93, 180, 
[2170.044s][info][gc,stats       ]   Cleanup                            44 us
[2170.045s][info][gc,metaspace   ] Metaspace: 135406K(136512K)->135406K(136512K) NonClass: 114461K(115072K)->114461K(115072K) Class: 20945K(21440K)->20945K(21440K)
[2180.378s][info][gc             ] Failed to allocate TLAB, 4096K
[2180.378s][info][gc             ] Cancelling GC: Allocation Failure
[2180.379s][info][gc             ] Trigger: Handle Allocation Failure
[2180.379s][info][gc,ergo        ] Free: 0B, Max: 0B regular, 0B humongous, Frag: 0% external, 0% internal; Reserve: 412M, Max: 4096K
[2180.379s][info][gc,start       ] GC(199) Pause Degenerated GC (Outside of Cycle)
[2180.379s][info][gc,task        ] GC(199) Using 4 of 4 workers for stw degenerated gc
[2180.394s][info][gc,ref         ] GC(199) Clearing All SoftReferences
[2180.524s][info][gc,ref         ] GC(199) Encountered references: Soft: 3307, Weak: 22901, Final: 34, Phantom: 1495
[2180.524s][info][gc,ref         ] GC(199) Discovered  references: Soft: 2779, Weak: 12253, Final: 0, Phantom: 1068
[2180.524s][info][gc,ref         ] GC(199) Enqueued    references: Soft: 1, Weak: 4, Final: 0, Phantom: 0
[2180.531s][info][gc,ergo        ] GC(199) CSet Selection. Actual Free: 1220M, Max CSet: 1016M
[2180.531s][info][gc,ergo        ] GC(199) Collectable Garbage: 7257M (99%), Immediate: 808M (11%), CSet: 6449M (88%)
[2180.641s][info][gc,ergo        ] GC(199) Good progress for free space: 7248M, need 83886K
[2180.641s][info][gc,ergo        ] GC(199) Good progress for used space: 7248M, need 4096K
[2180.641s][info][gc             ] GC(199) Pause Degenerated GC (Outside of Cycle) 7779M->531M(8192M) 262.655ms
[2180.641s][info][gc,ergo        ] Free: 7232M, Max: 4096K regular, 6460M humongous, Frag: 11% external, 1% internal; Reserve: 412M, Max: 4096K
[2180.642s][info][gc,stats       ] 
[2180.642s][info][gc,stats       ] All times are wall-clock times, except per-root-class counters, that are sum over
[2180.642s][info][gc,stats       ] all workers. Dividing the <total> over the root stage time estimates parallelism.
[2180.642s][info][gc,stats       ] 
[2180.642s][info][gc,stats       ] Pause Degenerated GC (G)         262776 us
[2180.642s][info][gc,stats       ] Pause Degenerated GC (N)         262669 us
[2180.642s][info][gc,stats       ]   Degen STW Mark                 128810 us, parallelism: 3.93x
[2180.642s][info][gc,stats       ]     DSM: <total>                 505817 us
[2180.642s][info][gc,stats       ]     DSM: Thread Roots               678 us, workers (us): 170, 170, 169, 169, 
[2180.642s][info][gc,stats       ]     DSM: VM Strong Roots             57 us, workers (us):  17,  22,  18,   0, 
[2180.642s][info][gc,stats       ]     DSM: CLDG Roots                 597 us, workers (us):  80,  80,  80, 356, 
[2180.642s][info][gc,stats       ]     DSM: Parallel Mark           504485 us, workers (us): 126192, 126175, 126198, 125920, 
[2180.642s][info][gc,stats       ]     System Purge                   8232 us
[2180.642s][info][gc,stats       ]       Weak References              1275 us, parallelism: 1.00x
[2180.642s][info][gc,stats       ]         WRP: <total>               1278 us
[2180.642s][info][gc,stats       ]         WRP: Weak References       1278 us, workers (us): 1114,  16, 101,  46, 
[2180.642s][info][gc,stats       ]       Unload Classes               6401 us, parallelism: 3.93x
[2180.642s][info][gc,stats       ]         DCU: <total>              25180 us
[2180.642s][info][gc,stats       ]         DCU: Unload Code Caches    25180 us, workers (us): 6332, 6278, 6281, 6289, 
[2180.642s][info][gc,stats       ]       Weak Roots                    280 us, parallelism: 3.05x
[2180.642s][info][gc,stats       ]         DWR: <total>                854 us
[2180.642s][info][gc,stats       ]         DWR: VM Weak Roots          854 us, workers (us): 240, 208, 208, 197, 
[2180.642s][info][gc,stats       ]       CLDG                            3 us
[2180.642s][info][gc,stats       ]   Update Region States               46 us
[2180.642s][info][gc,stats       ]   Manage GC/TLABs                    17 us
[2180.642s][info][gc,stats       ]   Choose Collection Set              93 us
[2180.642s][info][gc,stats       ]   Rebuild Free Set                    9 us
[2180.642s][info][gc,stats       ]   Evacuation                      47490 us
[2180.642s][info][gc,stats       ]   Manage GCLABs                       8 us
[2180.642s][info][gc,stats       ]   Update References               55285 us
[2180.642s][info][gc,stats       ]   Update Region States               70 us
[2180.642s][info][gc,stats       ]   Trash Collection Set               18 us
[2180.642s][info][gc,stats       ]   Rebuild Free Set                   10 us
[2180.642s][info][gc,stats       ]   Degen Update Roots               5750 us, parallelism: 3.91x
[2180.642s][info][gc,stats       ]     DU: <total>                   22469 us
[2180.642s][info][gc,stats       ]     DU: Thread Roots                158 us, workers (us):   1,   2, 155,   1, 
[2180.642s][info][gc,stats       ]     DU: Code Cache Roots          17495 us, workers (us): 4455, 4418, 4250, 4372, 
[2180.642s][info][gc,stats       ]     DU: VM Strong Roots               8 us, workers (us):   2,   2,   2,   2, 
[2180.642s][info][gc,stats       ]     DU: VM Weak Roots              4393 us, workers (us): 1099, 1098, 1097, 1098, 
[2180.642s][info][gc,stats       ]     DU: CLDG Roots                  415 us, workers (us):  69,  95,  71, 180, 
[2180.642s][info][gc,stats       ]   Cleanup                            62 us
[2180.642s][info][gc,metaspace   ] Metaspace: 135406K(136512K)->135406K(136512K) NonClass: 114461K(115072K)->114461K(115072K) Class: 20945K(21440K)->20945K(21440K)
[2190.960s][info][gc             ] Failed to allocate TLAB, 4096K
[2190.960s][info][gc             ] Cancelling GC: Allocation Failure
[2190.961s][info][gc             ] Trigger: Handle Allocation Failure
[2190.961s][info][gc,ergo        ] Free: 0B, Max: 0B regular, 0B humongous, Frag: 0% external, 0% internal; Reserve: 412M, Max: 4096K
[2190.961s][info][gc,start       ] GC(200) Pause Degenerated GC (Outside of Cycle)
[2190.961s][info][gc,task        ] GC(200) Using 4 of 4 workers for stw degenerated gc
[2190.975s][info][gc,ref         ] GC(200) Clearing All SoftReferences
[2191.107s][info][gc,ref         ] GC(200) Encountered references: Soft: 3307, Weak: 22900, Final: 34, Phantom: 1498
[2191.107s][info][gc,ref         ] GC(200) Discovered  references: Soft: 2783, Weak: 12406, Final: 1, Phantom: 1085
[2191.107s][info][gc,ref         ] GC(200) Enqueued    references: Soft: 1, Weak: 2, Final: 0, Phantom: 0
[2191.113s][info][gc,ergo        ] GC(200) CSet Selection. Actual Free: 2980M, Max CSet: 2483M
[2191.113s][info][gc,ergo        ] GC(200) Collectable Garbage: 7284M (99%), Immediate: 2568M (35%), CSet: 4716M (64%)
[2191.215s][info][gc,ergo        ] GC(200) Good progress for free space: 7276M, need 83886K
[2191.215s][info][gc,ergo        ] GC(200) Good progress for used space: 7276M, need 4096K
[2191.215s][info][gc             ] GC(200) Pause Degenerated GC (Outside of Cycle) 7779M->503M(8192M) 253.802ms
[2191.215s][info][gc,ergo        ] Free: 7264M, Max: 4096K regular, 6460M humongous, Frag: 12% external, 1% internal; Reserve: 412M, Max: 4096K
[2191.215s][info][gc,stats       ] 
[2191.215s][info][gc,stats       ] All times are wall-clock times, except per-root-class counters, that are sum over
[2191.215s][info][gc,stats       ] all workers. Dividing the <total> over the root stage time estimates parallelism.
[2191.215s][info][gc,stats       ] 
[2191.215s][info][gc,stats       ] Pause Degenerated GC (G)         253872 us
[2191.215s][info][gc,stats       ] Pause Degenerated GC (N)         253819 us
[2191.215s][info][gc,stats       ]   Degen STW Mark                 130538 us, parallelism: 3.92x
[2191.215s][info][gc,stats       ]     DSM: <total>                 511352 us
[2191.215s][info][gc,stats       ]     DSM: Thread Roots               413 us, workers (us): 124, 122,  83,  84, 
[2191.215s][info][gc,stats       ]     DSM: VM Strong Roots             27 us, workers (us):  10,  10,   7,   0, 
[2191.215s][info][gc,stats       ]     DSM: CLDG Roots                 316 us, workers (us):  41,  41,  41, 194, 
[2191.215s][info][gc,stats       ]     DSM: Parallel Mark           510596 us, workers (us): 127686, 127686, 127685, 127539, 
[2191.215s][info][gc,stats       ]     System Purge                   7498 us
[2191.215s][info][gc,stats       ]       Weak References              1146 us, parallelism: 1.14x
[2191.215s][info][gc,stats       ]         WRP: <total>               1312 us
[2191.215s][info][gc,stats       ]         WRP: Weak References       1312 us, workers (us): 991, 116, 156,  48, 
[2191.215s][info][gc,stats       ]       Unload Classes               5762 us, parallelism: 3.93x
[2191.215s][info][gc,stats       ]         DCU: <total>              22641 us
[2191.215s][info][gc,stats       ]         DCU: Unload Code Caches    22641 us, workers (us): 5694, 5661, 5649, 5637, 
[2191.215s][info][gc,stats       ]       Weak Roots                    320 us, parallelism: 3.02x
[2191.215s][info][gc,stats       ]         DWR: <total>                968 us
[2191.215s][info][gc,stats       ]         DWR: VM Weak Roots          968 us, workers (us): 250, 249, 234, 234, 
[2191.215s][info][gc,stats       ]       CLDG                            2 us
[2191.215s][info][gc,stats       ]   Update Region States               41 us
[2191.215s][info][gc,stats       ]   Manage GC/TLABs                    11 us
[2191.215s][info][gc,stats       ]   Choose Collection Set              72 us
[2191.216s][info][gc,stats       ]   Rebuild Free Set                    9 us
[2191.216s][info][gc,stats       ]   Evacuation                      44354 us
[2191.216s][info][gc,stats       ]   Manage GCLABs                      11 us
[2191.216s][info][gc,stats       ]   Update References               50004 us
[2191.216s][info][gc,stats       ]   Update Region States               72 us
[2191.216s][info][gc,stats       ]   Trash Collection Set               13 us
[2191.216s][info][gc,stats       ]   Rebuild Free Set                   10 us
[2191.216s][info][gc,stats       ]   Degen Update Roots               5742 us, parallelism: 3.88x
[2191.216s][info][gc,stats       ]     DU: <total>                   22291 us
[2191.216s][info][gc,stats       ]     DU: Thread Roots                158 us, workers (us):  13,   1,   1, 143, 
[2191.216s][info][gc,stats       ]     DU: Code Cache Roots          17370 us, workers (us): 4376, 4383, 4366, 4246, 
[2191.216s][info][gc,stats       ]     DU: VM Strong Roots               7 us, workers (us):   2,   3,   2,   0, 
[2191.216s][info][gc,stats       ]     DU: VM Weak Roots              4353 us, workers (us): 1094, 1094, 1094, 1070, 
[2191.216s][info][gc,stats       ]     DU: CLDG Roots                  403 us, workers (us):  68,  92, 177,  65, 
[2191.216s][info][gc,stats       ]   Cleanup                            46 us
[2191.216s][info][gc,metaspace   ] Metaspace: 135406K(136512K)->135406K(136512K) NonClass: 114461K(115072K)->114461K(115072K) Class: 20945K(21440K)->20945K(21440K)
[2201.754s][info][gc             ] Failed to allocate TLAB, 4096K
[2201.754s][info][gc             ] Cancelling GC: Allocation Failure
[2201.755s][info][gc             ] Trigger: Handle Allocation Failure
[2201.755s][info][gc,ergo        ] Free: 0B, Max: 0B regular, 0B humongous, Frag: 0% external, 0% internal; Reserve: 412M, Max: 4096K
[2201.755s][info][gc,start       ] GC(201) Pause Degenerated GC (Outside of Cycle)
[2201.755s][info][gc,task        ] GC(201) Using 4 of 4 workers for stw degenerated gc
[2201.766s][info][gc,ref         ] GC(201) Clearing All SoftReferences
[2201.908s][info][gc,ref         ] GC(201) Encountered references: Soft: 3313, Weak: 22903, Final: 34, Phantom: 1501
[2201.908s][info][gc,ref         ] GC(201) Discovered  references: Soft: 801, Weak: 12210, Final: 34, Phantom: 1097
[2201.908s][info][gc,ref         ] GC(201) Enqueued    references: Soft: 7, Weak: 4, Final: 0, Phantom: 0
[2201.914s][info][gc,ergo        ] GC(201) CSet Selection. Actual Free: 1176M, Max CSet: 980M
[2201.915s][info][gc,ergo        ] GC(201) Collectable Garbage: 7249M (99%), Immediate: 764M (10%), CSet: 6485M (89%)
[2202.032s][info][gc,ergo        ] GC(201) Good progress for free space: 7240M, need 83886K
[2202.032s][info][gc,ergo        ] GC(201) Good progress for used space: 7240M, need 4096K
[2202.033s][info][gc             ] GC(201) Pause Degenerated GC (Outside of Cycle) 7779M->539M(8192M) 277.188ms
[2202.033s][info][gc,ergo        ] Free: 7236M, Max: 4096K regular, 6460M humongous, Frag: 11% external, 1% internal; Reserve: 412M, Max: 4096K
[2202.033s][info][gc,stats       ] 
[2202.033s][info][gc,stats       ] All times are wall-clock times, except per-root-class counters, that are sum over
[2202.033s][info][gc,stats       ] all workers. Dividing the <total> over the root stage time estimates parallelism.
[2202.033s][info][gc,stats       ] 
[2202.033s][info][gc,stats       ] Pause Degenerated GC (G)         277229 us
[2202.033s][info][gc,stats       ] Pause Degenerated GC (N)         277201 us
[2202.033s][info][gc,stats       ]   Degen STW Mark                 141088 us, parallelism: 3.93x
[2202.033s][info][gc,stats       ]     DSM: <total>                 555092 us
[2202.033s][info][gc,stats       ]     DSM: Thread Roots               942 us, workers (us): 160, 159, 160, 463, 
[2202.033s][info][gc,stats       ]     DSM: VM Strong Roots             28 us, workers (us):  15,   0,  13,   0, 
[2202.033s][info][gc,stats       ]     DSM: CLDG Roots                 274 us, workers (us):  40, 186,  38,  10, 
[2202.033s][info][gc,stats       ]     DSM: Parallel Mark           553849 us, workers (us): 138571, 138429, 138579, 138271, 
[2202.033s][info][gc,stats       ]     System Purge                   7838 us
[2202.033s][info][gc,stats       ]       Weak References              1132 us, parallelism: 1.08x
[2202.033s][info][gc,stats       ]         WRP: <total>               1223 us
[2202.033s][info][gc,stats       ]         WRP: Weak References       1223 us, workers (us): 172, 998,  53,   0, 
[2202.033s][info][gc,stats       ]       Unload Classes               6356 us, parallelism: 3.92x
[2202.033s][info][gc,stats       ]         DCU: <total>              24917 us
[2202.033s][info][gc,stats       ]         DCU: Unload Code Caches    24917 us, workers (us): 6246, 6237, 6229, 6205, 
[2202.033s][info][gc,stats       ]       Weak Roots                    341 us, parallelism: 2.64x
[2202.033s][info][gc,stats       ]         DWR: <total>                903 us
[2202.033s][info][gc,stats       ]         DWR: VM Weak Roots          903 us, workers (us): 253, 226, 211, 212, 
[2202.033s][info][gc,stats       ]       CLDG                            2 us
[2202.033s][info][gc,stats       ]   Update Region States               49 us
[2202.033s][info][gc,stats       ]   Manage GC/TLABs                    10 us
[2202.033s][info][gc,stats       ]   Choose Collection Set              81 us
[2202.033s][info][gc,stats       ]   Rebuild Free Set                    9 us
[2202.033s][info][gc,stats       ]   Evacuation                      54412 us
[2202.033s][info][gc,stats       ]   Manage GCLABs                      12 us
[2202.033s][info][gc,stats       ]   Update References               55156 us
[2202.033s][info][gc,stats       ]   Update Region States               45 us
[2202.033s][info][gc,stats       ]   Trash Collection Set               18 us
[2202.033s][info][gc,stats       ]   Rebuild Free Set                   10 us
[2202.033s][info][gc,stats       ]   Degen Update Roots               6485 us, parallelism: 3.91x
[2202.033s][info][gc,stats       ]     DU: <total>                   25384 us
[2202.033s][info][gc,stats       ]     DU: Thread Roots                188 us, workers (us):  82,   1,   1, 104, 
[2202.033s][info][gc,stats       ]     DU: Code Cache Roots          19674 us, workers (us): 4870, 5050, 5027, 4726, 
[2202.033s][info][gc,stats       ]     DU: VM Strong Roots               6 us, workers (us):   6,   0,   0,   0, 
[2202.033s][info][gc,stats       ]     DU: VM Weak Roots              5085 us, workers (us): 1293, 1269, 1266, 1257, 
[2202.033s][info][gc,stats       ]     DU: CLDG Roots                  432 us, workers (us):  90,  66,  68, 209, 
[2202.033s][info][gc,stats       ]   Cleanup                            59 us
[2202.033s][info][gc,metaspace   ] Metaspace: 135407K(136512K)->135407K(136512K) NonClass: 114461K(115072K)->114461K(115072K) Class: 20945K(21440K)->20945K(21440K)
[2212.623s][info][gc             ] Failed to allocate TLAB, 4096K
[2212.623s][info][gc             ] Cancelling GC: Allocation Failure
[2212.624s][info][gc             ] Trigger: Handle Allocation Failure
[2212.624s][info][gc,ergo        ] Free: 0B, Max: 0B regular, 0B humongous, Frag: 0% external, 0% internal; Reserve: 412M, Max: 4096K
[2212.624s][info][gc,start       ] GC(202) Pause Degenerated GC (Outside of Cycle)
[2212.624s][info][gc,task        ] GC(202) Using 4 of 4 workers for stw degenerated gc
[2212.645s][info][gc,ref         ] GC(202) Clearing All SoftReferences
[2212.758s][info][gc,ref         ] GC(202) Encountered references: Soft: 3307, Weak: 22904, Final: 34, Phantom: 1504
[2212.758s][info][gc,ref         ] GC(202) Discovered  references: Soft: 2775, Weak: 12292, Final: 0, Phantom: 1098
[2212.758s][info][gc,ref         ] GC(202) Enqueued    references: Soft: 1, Weak: 4, Final: 0, Phantom: 0
[2212.764s][info][gc,ergo        ] GC(202) CSet Selection. Actual Free: 2312M, Max CSet: 1926M
[2212.764s][info][gc,ergo        ] GC(202) Collectable Garbage: 7273M (99%), Immediate: 1900M (26%), CSet: 5373M (73%)
[2212.870s][info][gc,ergo        ] GC(202) Good progress for free space: 7268M, need 83886K
[2212.870s][info][gc,ergo        ] GC(202) Good progress for used space: 7268M, need 4096K
[2212.870s][info][gc             ] GC(202) Pause Degenerated GC (Outside of Cycle) 7779M->511M(8192M) 245.956ms
[2212.870s][info][gc,ergo        ] Free: 7264M, Max: 4096K regular, 6460M humongous, Frag: 12% external, 1% internal; Reserve: 412M, Max: 4096K
[2212.870s][info][gc,stats       ] 
[2212.870s][info][gc,stats       ] All times are wall-clock times, except per-root-class counters, that are sum over
[2212.870s][info][gc,stats       ] all workers. Dividing the <total> over the root stage time estimates parallelism.
[2212.870s][info][gc,stats       ] 
[2212.870s][info][gc,stats       ] Pause Degenerated GC (G)         246005 us
[2212.870s][info][gc,stats       ] Pause Degenerated GC (N)         245972 us
[2212.870s][info][gc,stats       ]   Degen STW Mark                 112362 us, parallelism: 3.92x
[2212.870s][info][gc,stats       ]     DSM: <total>                 441014 us
[2212.870s][info][gc,stats       ]     DSM: Thread Roots               377 us, workers (us): 127,  96,  78,  77, 
[2212.870s][info][gc,stats       ]     DSM: VM Strong Roots             28 us, workers (us):   8,  11,   0,   9, 
[2212.870s][info][gc,stats       ]     DSM: CLDG Roots                 289 us, workers (us):  34,  34, 186,  34, 
[2212.870s][info][gc,stats       ]     DSM: Parallel Mark           440319 us, workers (us): 110115, 110117, 109963, 110124, 
[2212.870s][info][gc,stats       ]     System Purge                   6935 us
[2212.870s][info][gc,stats       ]       Weak References              1133 us, parallelism: 1.11x
[2212.870s][info][gc,stats       ]         WRP: <total>               1255 us
[2212.870s][info][gc,stats       ]         WRP: Weak References       1255 us, workers (us): 111,  74,  59, 1011, 
[2212.870s][info][gc,stats       ]       Unload Classes               5537 us, parallelism: 3.93x
[2212.870s][info][gc,stats       ]         DCU: <total>              21753 us
[2212.870s][info][gc,stats       ]         DCU: Unload Code Caches    21753 us, workers (us): 5460, 5436, 5442, 5414, 
[2212.870s][info][gc,stats       ]       Weak Roots                    259 us, parallelism: 3.32x
[2212.870s][info][gc,stats       ]         DWR: <total>                860 us
[2212.870s][info][gc,stats       ]         DWR: VM Weak Roots          860 us, workers (us): 248, 216, 198, 198, 
[2212.870s][info][gc,stats       ]       CLDG                            1 us
[2212.870s][info][gc,stats       ]   Update Region States               37 us
[2212.870s][info][gc,stats       ]   Manage GC/TLABs                    12 us
[2212.870s][info][gc,stats       ]   Choose Collection Set              62 us
[2212.870s][info][gc,stats       ]   Rebuild Free Set                    9 us
[2212.870s][info][gc,stats       ]   Evacuation                      42677 us
[2212.870s][info][gc,stats       ]   Manage GCLABs                       9 us
[2212.870s][info][gc,stats       ]   Update References               55271 us
[2212.870s][info][gc,stats       ]   Update Region States               63 us
[2212.870s][info][gc,stats       ]   Trash Collection Set               16 us
[2212.870s][info][gc,stats       ]   Rebuild Free Set                   10 us
[2212.870s][info][gc,stats       ]   Degen Update Roots               6041 us, parallelism: 3.87x
[2212.870s][info][gc,stats       ]     DU: <total>                   23365 us
[2212.870s][info][gc,stats       ]     DU: Thread Roots                167 us, workers (us):   1,  52,   1, 113, 
[2212.870s][info][gc,stats       ]     DU: Code Cache Roots          17920 us, workers (us): 4522, 4349, 4638, 4411, 
[2212.870s][info][gc,stats       ]     DU: VM Strong Roots               8 us, workers (us):   4,   4,   0,   0, 
[2212.870s][info][gc,stats       ]     DU: VM Weak Roots              4856 us, workers (us): 1234, 1234, 1197, 1192, 
[2212.870s][info][gc,stats       ]     DU: CLDG Roots                  413 us, workers (us):  91, 190,  64,  69, 
[2212.870s][info][gc,stats       ]   Cleanup                            52 us
[2212.870s][info][gc,metaspace   ] Metaspace: 135407K(136512K)->135407K(136512K) NonClass: 114461K(115072K)->114461K(115072K) Class: 20945K(21440K)->20945K(21440K)
[2223.216s][info][gc             ] Failed to allocate TLAB, 4096K
[2223.216s][info][gc             ] Cancelling GC: Allocation Failure
[2223.217s][info][gc             ] Trigger: Handle Allocation Failure
[2223.217s][info][gc,ergo        ] Free: 0B, Max: 0B regular, 0B humongous, Frag: 0% external, 0% internal; Reserve: 412M, Max: 4096K
[2223.217s][info][gc,start       ] GC(203) Pause Degenerated GC (Outside of Cycle)
[2223.217s][info][gc,task        ] GC(203) Using 4 of 4 workers for stw degenerated gc
[2223.229s][info][gc,ref         ] GC(203) Clearing All SoftReferences
[2223.382s][info][gc,ref         ] GC(203) Encountered references: Soft: 3307, Weak: 22903, Final: 34, Phantom: 1507
[2223.382s][info][gc,ref         ] GC(203) Discovered  references: Soft: 2776, Weak: 12388, Final: 0, Phantom: 1097
[2223.382s][info][gc,ref         ] GC(203) Enqueued    references: Soft: 1, Weak: 2, Final: 0, Phantom: 0
[2223.388s][info][gc,ergo        ] GC(203) CSet Selection. Actual Free: 1152M, Max CSet: 960M
[2223.388s][info][gc,ergo        ] GC(203) Collectable Garbage: 7226M (99%), Immediate: 740M (10%), CSet: 6486M (89%)
[2223.507s][info][gc,ergo        ] GC(203) Good progress for free space: 7220M, need 83886K
[2223.507s][info][gc,ergo        ] GC(203) Good progress for used space: 7220M, need 4096K
[2223.507s][info][gc             ] GC(203) Pause Degenerated GC (Outside of Cycle) 7779M->559M(8192M) 290.462ms
[2223.507s][info][gc,ergo        ] Free: 7212M, Max: 4096K regular, 6460M humongous, Frag: 11% external, 1% internal; Reserve: 412M, Max: 4096K
[2223.507s][info][gc,stats       ] 
[2223.507s][info][gc,stats       ] All times are wall-clock times, except per-root-class counters, that are sum over
[2223.507s][info][gc,stats       ] all workers. Dividing the <total> over the root stage time estimates parallelism.
[2223.507s][info][gc,stats       ] 
[2223.507s][info][gc,stats       ] Pause Degenerated GC (G)         290554 us
[2223.507s][info][gc,stats       ] Pause Degenerated GC (N)         290476 us
[2223.507s][info][gc,stats       ]   Degen STW Mark                 152573 us, parallelism: 3.94x
[2223.507s][info][gc,stats       ]     DSM: <total>                 601735 us
[2223.507s][info][gc,stats       ]     DSM: Thread Roots               409 us, workers (us): 120, 118,  86,  85, 
[2223.507s][info][gc,stats       ]     DSM: VM Strong Roots             25 us, workers (us):   0,   8,   8,  10, 
[2223.507s][info][gc,stats       ]     DSM: CLDG Roots                 270 us, workers (us): 164,  35,  35,  35, 
[2223.507s][info][gc,stats       ]     DSM: Parallel Mark           601032 us, workers (us): 150163, 150294, 150294, 150281, 
[2223.507s][info][gc,stats       ]     System Purge                   7178 us
[2223.507s][info][gc,stats       ]       Weak References              1235 us, parallelism: 1.16x
[2223.507s][info][gc,stats       ]         WRP: <total>               1431 us
[2223.507s][info][gc,stats       ]         WRP: Weak References       1431 us, workers (us): 130, 1130, 171,   0, 
[2223.507s][info][gc,stats       ]       Unload Classes               5479 us, parallelism: 3.94x
[2223.507s][info][gc,stats       ]         DCU: <total>              21575 us
[2223.507s][info][gc,stats       ]         DCU: Unload Code Caches    21575 us, workers (us): 5416, 5414, 5377, 5368, 
[2223.507s][info][gc,stats       ]       Weak Roots                    235 us, parallelism: 3.49x
[2223.507s][info][gc,stats       ]         DWR: <total>                819 us
[2223.507s][info][gc,stats       ]         DWR: VM Weak Roots          819 us, workers (us): 223, 223, 194, 179, 
[2223.507s][info][gc,stats       ]       CLDG                            2 us
[2223.507s][info][gc,stats       ]   Update Region States               68 us
[2223.508s][info][gc,stats       ]   Manage GC/TLABs                    10 us
[2223.508s][info][gc,stats       ]   Choose Collection Set              73 us
[2223.508s][info][gc,stats       ]   Rebuild Free Set                    9 us
[2223.508s][info][gc,stats       ]   Evacuation                      54775 us
[2223.508s][info][gc,stats       ]   Manage GCLABs                      11 us
[2223.508s][info][gc,stats       ]   Update References               56197 us
[2223.508s][info][gc,stats       ]   Update Region States               75 us
[2223.508s][info][gc,stats       ]   Trash Collection Set               19 us
[2223.508s][info][gc,stats       ]   Rebuild Free Set                   10 us
[2223.508s][info][gc,stats       ]   Degen Update Roots               5838 us, parallelism: 3.87x
[2223.508s][info][gc,stats       ]     DU: <total>                   22603 us
[2223.508s][info][gc,stats       ]     DU: Thread Roots                159 us, workers (us):   2,   1,   1, 156, 
[2223.508s][info][gc,stats       ]     DU: Code Cache Roots          17658 us, workers (us): 4469, 4443, 4578, 4167, 
[2223.508s][info][gc,stats       ]     DU: VM Strong Roots               7 us, workers (us):   3,   2,   1,   0, 
[2223.508s][info][gc,stats       ]     DU: VM Weak Roots              4354 us, workers (us): 1094, 1095, 1095, 1070, 
[2223.508s][info][gc,stats       ]     DU: CLDG Roots                  424 us, workers (us):  66,  89,  65, 204, 
[2223.508s][info][gc,stats       ]   Cleanup                            61 us
[2223.508s][info][gc,metaspace   ] Metaspace: 135407K(136512K)->135407K(136512K) NonClass: 114461K(115072K)->114461K(115072K) Class: 20945K(21440K)->20945K(21440K)
[2233.610s][info][gc             ] Failed to allocate TLAB, 4096K
[2233.610s][info][gc             ] Cancelling GC: Allocation Failure
[2233.610s][info][gc             ] Trigger: Handle Allocation Failure
[2233.610s][info][gc,ergo        ] Free: 0B, Max: 0B regular, 0B humongous, Frag: 0% external, 0% internal; Reserve: 412M, Max: 4096K
[2233.610s][info][gc,start       ] GC(204) Pause Degenerated GC (Outside of Cycle)
[2233.610s][info][gc,task        ] GC(204) Using 4 of 4 workers for stw degenerated gc
[2233.625s][info][gc,ref         ] GC(204) Clearing All SoftReferences
[2233.737s][info][gc,ref         ] GC(204) Encountered references: Soft: 3313, Weak: 22908, Final: 34, Phantom: 1510
[2233.737s][info][gc,ref         ] GC(204) Discovered  references: Soft: 2784, Weak: 12306, Final: 0, Phantom: 1099
[2233.737s][info][gc,ref         ] GC(204) Enqueued    references: Soft: 7, Weak: 6, Final: 0, Phantom: 0
[2233.743s][info][gc,ergo        ] GC(204) CSet Selection. Actual Free: 1504M, Max CSet: 1253M
[2233.743s][info][gc,ergo        ] GC(204) Collectable Garbage: 7272M (99%), Immediate: 1092M (14%), CSet: 6180M (84%)
[2233.848s][info][gc,ergo        ] GC(204) Good progress for free space: 7264M, need 83886K
[2233.848s][info][gc,ergo        ] GC(204) Good progress for used space: 7264M, need 4096K
[2233.848s][info][gc             ] GC(204) Pause Degenerated GC (Outside of Cycle) 7779M->515M(8192M) 237.285ms
[2233.848s][info][gc,ergo        ] Free: 7252M, Max: 4096K regular, 6460M humongous, Frag: 11% external, 1% internal; Reserve: 412M, Max: 4096K
[2233.848s][info][gc,stats       ] 
[2233.848s][info][gc,stats       ] All times are wall-clock times, except per-root-class counters, that are sum over
[2233.848s][info][gc,stats       ] all workers. Dividing the <total> over the root stage time estimates parallelism.
[2233.848s][info][gc,stats       ] 
[2233.848s][info][gc,stats       ] Pause Degenerated GC (G)         237364 us
[2233.848s][info][gc,stats       ] Pause Degenerated GC (N)         237299 us
[2233.848s][info][gc,stats       ]   Degen STW Mark                 110531 us, parallelism: 3.92x
[2233.848s][info][gc,stats       ]     DSM: <total>                 432851 us
[2233.848s][info][gc,stats       ]     DSM: Thread Roots               387 us, workers (us): 118, 118,  77,  75, 
[2233.848s][info][gc,stats       ]     DSM: VM Strong Roots             26 us, workers (us):   8,   0,  10,   8, 
[2233.848s][info][gc,stats       ]     DSM: CLDG Roots                 300 us, workers (us):  39, 184,  39,  39, 
[2233.848s][info][gc,stats       ]     DSM: Parallel Mark           432138 us, workers (us): 108082, 107923, 108073, 108060, 
[2233.848s][info][gc,stats       ]     System Purge                   6986 us
[2233.848s][info][gc,stats       ]       Weak References              1115 us, parallelism: 1.14x
[2233.848s][info][gc,stats       ]         WRP: <total>               1267 us
[2233.848s][info][gc,stats       ]         WRP: Weak References       1267 us, workers (us): 198,  77, 992,   0, 
[2233.848s][info][gc,stats       ]       Unload Classes               5375 us, parallelism: 3.92x
[2233.848s][info][gc,stats       ]         DCU: <total>              21071 us
[2233.848s][info][gc,stats       ]         DCU: Unload Code Caches    21071 us, workers (us): 5271, 5278, 5240, 5281, 
[2233.848s][info][gc,stats       ]       Weak Roots                    278 us, parallelism: 3.57x
[2233.848s][info][gc,stats       ]         DWR: <total>                992 us
[2233.848s][info][gc,stats       ]         DWR: VM Weak Roots          992 us, workers (us): 265, 265, 238, 224, 
[2233.848s][info][gc,stats       ]       CLDG                            1 us
[2233.848s][info][gc,stats       ]   Update Region States               52 us
[2233.848s][info][gc,stats       ]   Manage GC/TLABs                    11 us
[2233.848s][info][gc,stats       ]   Choose Collection Set              74 us
[2233.848s][info][gc,stats       ]   Rebuild Free Set                   10 us
[2233.848s][info][gc,stats       ]   Evacuation                      43284 us
[2233.848s][info][gc,stats       ]   Manage GCLABs                      10 us
[2233.848s][info][gc,stats       ]   Update References               54118 us
[2233.848s][info][gc,stats       ]   Update Region States               25 us
[2233.848s][info][gc,stats       ]   Trash Collection Set               14 us
[2233.848s][info][gc,stats       ]   Rebuild Free Set                   10 us
[2233.848s][info][gc,stats       ]   Degen Update Roots               5799 us, parallelism: 3.87x
[2233.848s][info][gc,stats       ]     DU: <total>                   22448 us
[2233.848s][info][gc,stats       ]     DU: Thread Roots                147 us, workers (us):   2,   1, 143,   1, 
[2233.848s][info][gc,stats       ]     DU: Code Cache Roots          17466 us, workers (us): 4418, 4410, 4215, 4423, 
[2233.848s][info][gc,stats       ]     DU: VM Strong Roots               7 us, workers (us):   2,   3,   2,   0, 
[2233.848s][info][gc,stats       ]     DU: VM Weak Roots              4391 us, workers (us): 1104, 1104, 1105, 1079, 
[2233.848s][info][gc,stats       ]     DU: CLDG Roots                  437 us, workers (us):  71,  94,  71, 201, 
[2233.848s][info][gc,stats       ]   Cleanup                            56 us
[2233.848s][info][gc,metaspace   ] Metaspace: 135409K(136512K)->135409K(136512K) NonClass: 114464K(115072K)->114464K(115072K) Class: 20945K(21440K)->20945K(21440K)
[2245.443s][info][gc             ] Failed to allocate TLAB, 4096K
[2245.443s][info][gc             ] Cancelling GC: Allocation Failure
[2245.443s][info][gc             ] Trigger: Handle Allocation Failure
[2245.443s][info][gc,ergo        ] Free: 0B, Max: 0B regular, 0B humongous, Frag: 0% external, 0% internal; Reserve: 412M, Max: 4096K
[2245.443s][info][gc,start       ] GC(205) Pause Degenerated GC (Outside of Cycle)
[2245.443s][info][gc,task        ] GC(205) Using 4 of 4 workers for stw degenerated gc
[2245.458s][info][gc,ref         ] GC(205) Clearing All SoftReferences
[2245.584s][info][gc,ref         ] GC(205) Encountered references: Soft: 3307, Weak: 22908, Final: 34, Phantom: 1516
[2245.584s][info][gc,ref         ] GC(205) Discovered  references: Soft: 795, Weak: 12705, Final: 34, Phantom: 1107
[2245.584s][info][gc,ref         ] GC(205) Enqueued    references: Soft: 1, Weak: 3, Final: 0, Phantom: 0
[2245.591s][info][gc,ergo        ] GC(205) CSet Selection. Actual Free: 972M, Max CSet: 810M
[2245.591s][info][gc,ergo        ] GC(205) Collectable Garbage: 7203M (99%), Immediate: 560M (7%), CSet: 6643M (91%)
[2245.735s][info][gc,ergo        ] GC(205) Good progress for free space: 7200M, need 83886K
[2245.735s][info][gc,ergo        ] GC(205) Good progress for used space: 7200M, need 4096K
[2245.735s][info][gc             ] GC(205) Pause Degenerated GC (Outside of Cycle) 7779M->579M(8192M) 291.599ms
[2245.735s][info][gc,ergo        ] Free: 7196M, Max: 4096K regular, 6460M humongous, Frag: 11% external, 1% internal; Reserve: 412M, Max: 4096K
[2245.735s][info][gc,stats       ] 
[2245.735s][info][gc,stats       ] All times are wall-clock times, except per-root-class counters, that are sum over
[2245.735s][info][gc,stats       ] all workers. Dividing the <total> over the root stage time estimates parallelism.
[2245.735s][info][gc,stats       ] 
[2245.735s][info][gc,stats       ] Pause Degenerated GC (G)         291655 us
[2245.735s][info][gc,stats       ] Pause Degenerated GC (N)         291613 us
[2245.735s][info][gc,stats       ]   Degen STW Mark                 125846 us, parallelism: 3.93x
[2245.735s][info][gc,stats       ]     DSM: <total>                 494563 us
[2245.735s][info][gc,stats       ]     DSM: Thread Roots              1206 us, workers (us): 237, 580, 196, 193, 
[2245.735s][info][gc,stats       ]     DSM: VM Strong Roots             59 us, workers (us):   0,   0,  27,  32, 
[2245.735s][info][gc,stats       ]     DSM: CLDG Roots                 432 us, workers (us): 280,  10,  71,  71, 
[2245.735s][info][gc,stats       ]     DSM: Parallel Mark           492865 us, workers (us): 123150, 123070, 123325, 123320, 
[2245.735s][info][gc,stats       ]     System Purge                   7672 us
[2245.735s][info][gc,stats       ]       Weak References              1163 us, parallelism: 1.11x
[2245.735s][info][gc,stats       ]         WRP: <total>               1289 us
[2245.735s][info][gc,stats       ]         WRP: Weak References       1289 us, workers (us): 116,  77, 1008,  88, 
[2245.735s][info][gc,stats       ]       Unload Classes               5957 us, parallelism: 3.93x
[2245.735s][info][gc,stats       ]         DCU: <total>              23414 us
[2245.735s][info][gc,stats       ]         DCU: Unload Code Caches    23414 us, workers (us): 5889, 5843, 5837, 5845, 
[2245.735s][info][gc,stats       ]       Weak Roots                    273 us, parallelism: 3.17x
[2245.735s][info][gc,stats       ]         DWR: <total>                865 us
[2245.735s][info][gc,stats       ]         DWR: VM Weak Roots          865 us, workers (us): 232, 232, 201, 201, 
[2245.735s][info][gc,stats       ]       CLDG                            2 us
[2245.735s][info][gc,stats       ]   Update Region States               73 us
[2245.735s][info][gc,stats       ]   Manage GC/TLABs                    11 us
[2245.735s][info][gc,stats       ]   Choose Collection Set              75 us
[2245.735s][info][gc,stats       ]   Rebuild Free Set                    9 us
[2245.735s][info][gc,stats       ]   Evacuation                      72054 us
[2245.735s][info][gc,stats       ]   Manage GCLABs                      12 us
[2245.735s][info][gc,stats       ]   Update References               64032 us
[2245.735s][info][gc,stats       ]   Update Region States               66 us
[2245.735s][info][gc,stats       ]   Trash Collection Set               18 us
[2245.735s][info][gc,stats       ]   Rebuild Free Set                    9 us
[2245.735s][info][gc,stats       ]   Degen Update Roots               5830 us, parallelism: 3.91x
[2245.736s][info][gc,stats       ]     DU: <total>                   22768 us
[2245.736s][info][gc,stats       ]     DU: Thread Roots                179 us, workers (us):   1,   1,  30, 147, 
[2245.736s][info][gc,stats       ]     DU: Code Cache Roots          17483 us, workers (us): 4468, 4491, 4377, 4148, 
[2245.736s][info][gc,stats       ]     DU: VM Strong Roots               7 us, workers (us):   2,   3,   2,   0, 
[2245.736s][info][gc,stats       ]     DU: VM Weak Roots              4666 us, workers (us): 1175, 1173, 1173, 1146, 
[2245.736s][info][gc,stats       ]     DU: CLDG Roots                  432 us, workers (us):  66,  68,  92, 206, 
[2245.736s][info][gc,stats       ]   Cleanup                            61 us
[2245.736s][info][gc,metaspace   ] Metaspace: 135411K(136512K)->135411K(136512K) NonClass: 114466K(115072K)->114466K(115072K) Class: 20945K(21440K)->20945K(21440K)
[2257.258s][info][gc             ] Failed to allocate TLAB, 4096K
[2257.258s][info][gc             ] Cancelling GC: Allocation Failure
[2257.259s][info][gc             ] Trigger: Handle Allocation Failure
[2257.259s][info][gc,ergo        ] Free: 0B, Max: 0B regular, 0B humongous, Frag: 0% external, 0% internal; Reserve: 412M, Max: 4096K
[2257.259s][info][gc,start       ] GC(206) Pause Degenerated GC (Outside of Cycle)
[2257.259s][info][gc,task        ] GC(206) Using 4 of 4 workers for stw degenerated gc
[2257.275s][info][gc,ref         ] GC(206) Clearing All SoftReferences
[2257.391s][info][gc,ref         ] GC(206) Encountered references: Soft: 3313, Weak: 22909, Final: 34, Phantom: 1519
[2257.391s][info][gc,ref         ] GC(206) Discovered  references: Soft: 792, Weak: 12402, Final: 34, Phantom: 1109
[2257.391s][info][gc,ref         ] GC(206) Enqueued    references: Soft: 7, Weak: 4, Final: 0, Phantom: 0
[2257.397s][info][gc,ergo        ] GC(206) CSet Selection. Actual Free: 1916M, Max CSet: 1596M
[2257.397s][info][gc,ergo        ] GC(206) Collectable Garbage: 7264M (99%), Immediate: 1504M (20%), CSet: 5760M (78%)
[2257.504s][info][gc,ergo        ] GC(206) Good progress for free space: 7256M, need 83886K
[2257.504s][info][gc,ergo        ] GC(206) Good progress for used space: 7256M, need 4096K
[2257.504s][info][gc             ] GC(206) Pause Degenerated GC (Outside of Cycle) 7779M->523M(8192M) 244.385ms
[2257.504s][info][gc,ergo        ] Free: 7244M, Max: 4096K regular, 6460M humongous, Frag: 11% external, 1% internal; Reserve: 412M, Max: 4096K
[2257.504s][info][gc,stats       ] 
[2257.504s][info][gc,stats       ] All times are wall-clock times, except per-root-class counters, that are sum over
[2257.504s][info][gc,stats       ] all workers. Dividing the <total> over the root stage time estimates parallelism.
[2257.504s][info][gc,stats       ] 
[2257.504s][info][gc,stats       ] Pause Degenerated GC (G)         244473 us
[2257.504s][info][gc,stats       ] Pause Degenerated GC (N)         244399 us
[2257.504s][info][gc,stats       ]   Degen STW Mark                 114354 us, parallelism: 3.93x
[2257.504s][info][gc,stats       ]     DSM: <total>                 448947 us
[2257.504s][info][gc,stats       ]     DSM: Thread Roots               785 us, workers (us): 171, 123, 123, 369, 
[2257.504s][info][gc,stats       ]     DSM: VM Strong Roots             27 us, workers (us):  14,  12,   0,   0, 
[2257.504s][info][gc,stats       ]     DSM: CLDG Roots                 274 us, workers (us):  38,  38, 188,  10, 
[2257.504s][info][gc,stats       ]     DSM: Parallel Mark           447861 us, workers (us): 112044, 112056, 111922, 111840, 
[2257.504s][info][gc,stats       ]     System Purge                   7531 us
[2257.504s][info][gc,stats       ]       Weak References              1224 us, parallelism: 1.08x
[2257.504s][info][gc,stats       ]         WRP: <total>               1325 us
[2257.504s][info][gc,stats       ]         WRP: Weak References       1325 us, workers (us): 1116,  50, 159,   0, 
[2257.504s][info][gc,stats       ]       Unload Classes               5697 us, parallelism: 3.90x
[2257.504s][info][gc,stats       ]         DCU: <total>              22239 us
[2257.504s][info][gc,stats       ]         DCU: Unload Code Caches    22239 us, workers (us): 5590, 5551, 5559, 5539, 
[2257.504s][info][gc,stats       ]       Weak Roots                    314 us, parallelism: 3.10x
[2257.504s][info][gc,stats       ]         DWR: <total>                971 us
[2257.504s][info][gc,stats       ]         DWR: VM Weak Roots          971 us, workers (us): 274, 244, 227, 227, 
[2257.504s][info][gc,stats       ]       CLDG                            2 us
[2257.504s][info][gc,stats       ]   Update Region States               72 us
[2257.504s][info][gc,stats       ]   Manage GC/TLABs                    10 us
[2257.504s][info][gc,stats       ]   Choose Collection Set              78 us
[2257.504s][info][gc,stats       ]   Rebuild Free Set                   10 us
[2257.504s][info][gc,stats       ]   Evacuation                      41406 us
[2257.504s][info][gc,stats       ]   Manage GCLABs                       8 us
[2257.504s][info][gc,stats       ]   Update References               56754 us
[2257.504s][info][gc,stats       ]   Update Region States               66 us
[2257.504s][info][gc,stats       ]   Trash Collection Set               17 us
[2257.504s][info][gc,stats       ]   Rebuild Free Set                   11 us
[2257.504s][info][gc,stats       ]   Degen Update Roots               6132 us, parallelism: 3.89x
[2257.504s][info][gc,stats       ]     DU: <total>                   23845 us
[2257.504s][info][gc,stats       ]     DU: Thread Roots                157 us, workers (us): 137,  18,   1,   1, 
[2257.504s][info][gc,stats       ]     DU: Code Cache Roots          18900 us, workers (us): 4631, 4727, 4819, 4723, 
[2257.504s][info][gc,stats       ]     DU: VM Strong Roots               7 us, workers (us):   3,   3,   0,   0, 
[2257.504s][info][gc,stats       ]     DU: VM Weak Roots              4347 us, workers (us): 1101, 1105, 1078, 1063, 
[2257.504s][info][gc,stats       ]     DU: CLDG Roots                  434 us, workers (us):  70,  91,  67, 207, 
[2257.504s][info][gc,stats       ]   Cleanup                            55 us
[2257.504s][info][gc,metaspace   ] Metaspace: 135411K(136512K)->135411K(136512K) NonClass: 114466K(115072K)->114466K(115072K) Class: 20945K(21440K)->20945K(21440K)
