OpenJDK 64-Bit Server VM (25.412-b1) for windows-amd64 JRE (1.8.0_412-b1), built on Apr 23 2024 12:00:37 by "Administrator" with MS VC++ 10.0 (VS2010)
Memory: 4k page, physical 16485540k(8761460k free), swap 28358524k(12358588k free)
CommandLine flags: -XX:ActiveProcessorCount=8 -XX:InitialHeapSize=8589934592 -XX:MaxHeapSize=8589934592 -XX:+PrintGC -XX:+PrintGCDetails -XX:+PrintGCTimeStamps -XX:+UseCompressedClassPointers -XX:+UseCompressedOops -XX:-UseLargePagesIndividualAllocation -XX:+UseParallelGC 
1.325: [GC (Metadata GC Threshold) [PSYoungGen: 398357K->18048K(2446848K)] 398357K->18128K(8039424K), 0.0105412 secs] [Times: user=0.13 sys=0.00, real=0.01 secs] 
1.335: [Full GC (Metadata GC Threshold) [PSYoungGen: 18048K->0K(2446848K)] [ParOldGen: 80K->17123K(5592576K)] 18128K->17123K(8039424K), [Metaspace: 20628K->20628K(1067008K)], 0.0208564 secs] [Times: user=0.02 sys=0.00, real=0.02 secs] 
2.019: [GC (Metadata GC Threshold) [PSYoungGen: 461679K->44356K(2446848K)] 478803K->61495K(8039424K), 0.0282983 secs] [Times: user=0.13 sys=0.00, real=0.03 secs] 
2.047: [Full GC (Metadata GC Threshold) [PSYoungGen: 44356K->0K(2446848K)] [ParOldGen: 17139K->53142K(5592576K)] 61495K->53142K(8039424K), [Metaspace: 33284K->33157K(1081344K)], 0.0905101 secs] [Times: user=0.52 sys=0.02, real=0.09 secs] 
2.808: [GC (Allocation Failure) [PSYoungGen: 2097664K->35490K(2446848K)] 2150806K->88640K(8039424K), 0.0323182 secs] [Times: user=0.28 sys=0.00, real=0.03 secs] 
3.372: [GC (GCLocker Initiated GC) [PSYoungGen: 2133154K->31706K(2446848K)] 2186307K->84867K(8039424K), 0.0209889 secs] [Times: user=0.28 sys=0.00, real=0.02 secs] 
3.786: [GC (Allocation Failure) [PSYoungGen: 2129370K->31944K(2446848K)] 2182533K->85115K(8039424K), 0.0143326 secs] [Times: user=0.13 sys=0.00, real=0.01 secs] 
4.186: [GC (Allocation Failure) [PSYoungGen: 2129608K->32224K(2755072K)] 2182779K->85403K(8347648K), 0.0216367 secs] [Times: user=0.23 sys=0.05, real=0.02 secs] 
4.740: [GC (Allocation Failure) [PSYoungGen: 2744288K->33984K(2753024K)] 2797467K->87171K(8345600K), 0.0227117 secs] [Times: user=0.14 sys=0.00, real=0.02 secs] 
7.507: [GC (Allocation Failure) [PSYoungGen: 2746048K->40929K(2718208K)] 2799235K->130734K(8310784K), 0.0331903 secs] [Times: user=0.14 sys=0.00, real=0.03 secs] 
8.718: [GC (Metadata GC Threshold) [PSYoungGen: 370089K->52452K(2729984K)] 459894K->142264K(8322560K), 0.0277362 secs] [Times: user=0.30 sys=0.00, real=0.03 secs] 
8.746: [Full GC (Metadata GC Threshold) [PSYoungGen: 52452K->0K(2729984K)] [ParOldGen: 89812K->104927K(5592576K)] 142264K->104927K(8322560K), [Metaspace: 55349K->55349K(1099776K)], 0.2931961 secs] [Times: user=1.50 sys=0.00, real=0.29 secs] 
26.008: [GC (Allocation Failure) [PSYoungGen: 2677248K->62961K(2630656K)] 2782175K->288235K(8223232K), 0.0538689 secs] [Times: user=0.33 sys=0.05, real=0.05 secs] 
40.405: [GC (Allocation Failure) [PSYoungGen: 2630641K->114161K(2681856K)] 2855915K->396533K(8274432K), 0.0544165 secs] [Times: user=0.47 sys=0.03, real=0.06 secs] 
55.529: [GC (Allocation Failure) [PSYoungGen: 2681841K->114167K(2503680K)] 2964213K->511575K(8096256K), 0.0613576 secs] [Times: user=0.45 sys=0.05, real=0.06 secs] 
68.855: [GC (Allocation Failure) [PSYoungGen: 2503671K->203257K(2592768K)] 2901079K->611418K(8185344K), 0.0578646 secs] [Times: user=0.42 sys=0.00, real=0.06 secs] 
84.095: [GC (Allocation Failure) [PSYoungGen: 2592761K->203257K(2399232K)] 3000922K->705045K(7991808K), 0.0753983 secs] [Times: user=0.47 sys=0.03, real=0.08 secs] 
97.691: [GC (Allocation Failure) [PSYoungGen: 2399225K->237384K(2433536K)] 2901013K->802173K(8026112K), 0.0844731 secs] [Times: user=0.58 sys=0.05, real=0.08 secs] 
111.525: [GC (Allocation Failure) [PSYoungGen: 2433352K->320152K(2366464K)] 2998141K->884949K(7959040K), 0.0745225 secs] [Times: user=0.63 sys=0.00, real=0.07 secs] 
125.760: [GC (Allocation Failure) [PSYoungGen: 2359448K->378360K(2417664K)] 2924245K->969971K(8010240K), 0.0994899 secs] [Times: user=0.75 sys=0.00, real=0.10 secs] 
138.659: [GC (Allocation Failure) [PSYoungGen: 2417656K->378355K(2119680K)] 3009267K->1046331K(7712256K), 0.1066564 secs] [Times: user=0.66 sys=0.09, real=0.11 secs] 
150.676: [GC (Allocation Failure) [PSYoungGen: 2119667K->374482K(2116096K)] 2787643K->1118638K(7708672K), 0.1104804 secs] [Times: user=0.86 sys=0.01, real=0.11 secs] 
162.561: [GC (GCLocker Initiated GC) [PSYoungGen: 2115794K->400275K(2170368K)] 2859952K->1144441K(7762944K), 0.1208995 secs] [Times: user=0.83 sys=0.00, real=0.12 secs] 
173.733: [GC (Allocation Failure) [PSYoungGen: 2011539K->423554K(2035200K)] 2755707K->1167722K(7627776K), 0.1036403 secs] [Times: user=0.86 sys=0.00, real=0.10 secs] 
184.801: [GC (Allocation Failure) [PSYoungGen: 2034818K->447762K(2102272K)] 2778986K->1191930K(7694848K), 0.1327865 secs] [Times: user=0.98 sys=0.00, real=0.13 secs] 
198.327: [GC (Allocation Failure) [PSYoungGen: 1923858K->469330K(1945600K)] 2668026K->1213498K(7538176K), 0.1214555 secs] [Times: user=1.00 sys=0.00, real=0.12 secs] 
213.305: [GC (Allocation Failure) [PSYoungGen: 1945426K->495106K(2033664K)] 2689594K->1239282K(7626240K), 0.1131544 secs] [Times: user=0.88 sys=0.00, real=0.11 secs] 
228.769: [GC (Allocation Failure) [PSYoungGen: 1835010K->517954K(1858048K)] 2579186K->1262138K(7450624K), 0.1340995 secs] [Times: user=0.98 sys=0.00, real=0.13 secs] 
242.427: [GC (Allocation Failure) [PSYoungGen: 1857858K->530386K(1974272K)] 2602042K->1274570K(7566848K), 0.1236276 secs] [Times: user=0.91 sys=0.00, real=0.12 secs] 
254.206: [GC (Allocation Failure) [PSYoungGen: 1742290K->541666K(1753600K)] 2486474K->1285858K(7346176K), 0.1263253 secs] [Times: user=0.89 sys=0.00, real=0.13 secs] 
266.093: [GC (Allocation Failure) [PSYoungGen: 1753570K->550226K(1936384K)] 2497762K->1294426K(7528960K), 0.1366369 secs] [Times: user=1.13 sys=0.00, real=0.14 secs] 
277.175: [GC (Allocation Failure) [PSYoungGen: 1668946K->563026K(1681920K)] 2413146K->1307234K(7274496K), 0.1320146 secs] [Times: user=1.00 sys=0.00, real=0.13 secs] 
287.972: [GC (Allocation Failure) [PSYoungGen: 1681746K->518194K(1942528K)] 2425954K->1318595K(7535104K), 0.1348840 secs] [Times: user=0.94 sys=0.05, real=0.13 secs] 
298.298: [GC (Allocation Failure) [PSYoungGen: 1602610K->489810K(1937920K)] 2403011K->1327578K(7530496K), 0.1358301 secs] [Times: user=0.98 sys=0.01, real=0.14 secs] 
308.839: [GC (Allocation Failure) [PSYoungGen: 1574226K->490087K(1976832K)] 2411994K->1338889K(7569408K), 0.1114322 secs] [Times: user=0.86 sys=0.02, real=0.11 secs] 
318.260: [GC (Allocation Failure) [PSYoungGen: 1630311K->493563K(1959424K)] 2479113K->1346568K(7552000K), 0.1308012 secs] [Times: user=1.00 sys=0.00, real=0.13 secs] 
329.900: [GC (Allocation Failure) [PSYoungGen: 1633787K->494012K(2008576K)] 2486792K->1361769K(7601152K), 0.1327673 secs] [Times: user=0.98 sys=0.02, real=0.13 secs] 
342.448: [GC (Allocation Failure) [PSYoungGen: 1699260K->487260K(1992704K)] 2567017K->1370980K(7585280K), 0.1226468 secs] [Times: user=0.98 sys=0.01, real=0.12 secs] 
354.817: [GC (Allocation Failure) [PSYoungGen: 1692508K->543916K(2019840K)] 2576228K->1436115K(7612416K), 0.1245715 secs] [Times: user=1.00 sys=0.00, real=0.12 secs] 
370.032: [GC (Allocation Failure) [PSYoungGen: 1794732K->617340K(1868288K)] 2686931K->1511941K(7460864K), 0.1553747 secs] [Times: user=1.13 sys=0.01, real=0.15 secs] 
385.065: [GC (Allocation Failure) [PSYoungGen: 1868156K->691516K(1900032K)] 2762757K->1587740K(7492608K), 0.2141860 secs] [Times: user=1.44 sys=0.00, real=0.21 secs] 
397.313: [GC (Allocation Failure) [PSYoungGen: 1791804K->767260K(1867776K)] 2688028K->1663644K(7460352K), 0.1873441 secs] [Times: user=1.50 sys=0.00, real=0.19 secs] 
409.555: [GC (Allocation Failure) [PSYoungGen: 1867548K->834666K(1845760K)] 2763932K->1731978K(7438336K), 0.2080869 secs] [Times: user=1.63 sys=0.00, real=0.21 secs] 
419.249: [GC (Allocation Failure) [PSYoungGen: 1767018K->893052K(1864192K)] 2664330K->1796556K(7456768K), 0.2198336 secs] [Times: user=1.73 sys=0.00, real=0.22 secs] 
428.508: [GC (Allocation Failure) [PSYoungGen: 1825404K->917628K(1864192K)] 2728908K->1859206K(7456768K), 0.2391206 secs] [Times: user=1.86 sys=0.01, real=0.24 secs] 
437.731: [GC (Allocation Failure) [PSYoungGen: 1849980K->849770K(1864192K)] 2791558K->1924892K(7456768K), 0.2369080 secs] [Times: user=1.81 sys=0.06, real=0.24 secs] 
447.794: [GC (Allocation Failure) [PSYoungGen: 1782122K->787072K(1864192K)] 2857244K->1995308K(7456768K), 0.2172088 secs] [Times: user=1.73 sys=0.01, real=0.22 secs] 
457.383: [GC (Allocation Failure) [PSYoungGen: 1719424K->694527K(1864192K)] 2927660K->2065729K(7456768K), 0.2107105 secs] [Times: user=1.56 sys=0.05, real=0.21 secs] 
467.174: [GC (Allocation Failure) [PSYoungGen: 1626879K->603168K(1864192K)] 2998081K->2140366K(7456768K), 0.1822400 secs] [Times: user=1.19 sys=0.19, real=0.18 secs] 
476.448: [GC (Allocation Failure) [PSYoungGen: 1535520K->510559K(1864192K)] 3072718K->2207481K(7456768K), 0.1544972 secs] [Times: user=1.06 sys=0.19, real=0.15 secs] 
487.263: [GC (Allocation Failure) [PSYoungGen: 1442911K->433055K(1864192K)] 3139833K->2268715K(7456768K), 0.1602717 secs] [Times: user=1.13 sys=0.14, real=0.16 secs] 
497.229: [GC (Allocation Failure) [PSYoungGen: 1365407K->378432K(1864192K)] 3201067K->2337695K(7456768K), 0.1263113 secs] [Times: user=0.89 sys=0.11, real=0.13 secs] 
506.943: [GC (Allocation Failure) [PSYoungGen: 1310784K->317791K(1864192K)] 3270047K->2406503K(7456768K), 0.1125980 secs] [Times: user=0.78 sys=0.09, real=0.11 secs] 
516.552: [GC (Allocation Failure) [PSYoungGen: 1250143K->254751K(1864192K)] 3338855K->2475002K(7456768K), 0.0940514 secs] [Times: user=0.53 sys=0.22, real=0.09 secs] 
525.819: [GC (Allocation Failure) [PSYoungGen: 1187103K->197567K(1864192K)] 3407354K->2541941K(7456768K), 0.0827407 secs] [Times: user=0.56 sys=0.06, real=0.08 secs] 
535.628: [GC (Allocation Failure) [PSYoungGen: 1129919K->130527K(1864192K)] 3474293K->2606564K(7456768K), 0.0813166 secs] [Times: user=0.55 sys=0.08, real=0.08 secs] 
547.637: [GC (Allocation Failure) [PSYoungGen: 1062879K->63247K(1864192K)] 3538916K->2665313K(7456768K), 0.0651590 secs] [Times: user=0.41 sys=0.09, real=0.07 secs] 
563.490: [GC (Allocation Failure) [PSYoungGen: 995599K->61055K(1864192K)] 3597665K->2722501K(7456768K), 0.1627943 secs] [Times: user=0.33 sys=0.01, real=0.16 secs] 
579.279: [GC (Allocation Failure) [PSYoungGen: 993407K->77887K(1864192K)] 3654853K->2798993K(7456768K), 0.0429812 secs] [Times: user=0.36 sys=0.02, real=0.04 secs] 
589.533: [GC (Allocation Failure) [PSYoungGen: 1010239K->80351K(1864192K)] 3731345K->2874590K(7456768K), 0.0424455 secs] [Times: user=0.25 sys=0.00, real=0.04 secs] 
599.349: [GC (Allocation Failure) [PSYoungGen: 1012703K->74063K(1864192K)] 3806942K->2941497K(7456768K), 0.0637910 secs] [Times: user=0.36 sys=0.14, real=0.06 secs] 
609.289: [GC (GCLocker Initiated GC) [PSYoungGen: 1006415K->75935K(1864192K)] 3873849K->3010580K(7456768K), 0.0519539 secs] [Times: user=0.31 sys=0.06, real=0.05 secs] 
618.840: [GC (Allocation Failure) [PSYoungGen: 1008287K->72511K(1864192K)] 3942934K->3076846K(7456768K), 0.0478541 secs] [Times: user=0.34 sys=0.03, real=0.05 secs] 
628.580: [GC (Allocation Failure) [PSYoungGen: 1004863K->74751K(1864192K)] 4009198K->3145980K(7456768K), 0.0458813 secs] [Times: user=0.20 sys=0.06, real=0.04 secs] 
638.304: [GC (Allocation Failure) [PSYoungGen: 1007103K->140831K(1933312K)] 4078332K->3212060K(7525888K), 0.0398880 secs] [Times: user=0.25 sys=0.00, real=0.04 secs] 
648.473: [GC (Allocation Failure) [PSYoungGen: 1161759K->208671K(1883648K)] 4232988K->3279900K(7476224K), 0.0604794 secs] [Times: user=0.38 sys=0.00, real=0.06 secs] 
658.761: [GC (Allocation Failure) [PSYoungGen: 1229599K->275519K(2032640K)] 4300828K->3346748K(7625216K), 0.0715462 secs] [Times: user=0.63 sys=0.00, real=0.07 secs] 
671.175: [GC (Allocation Failure) [PSYoungGen: 1504319K->359055K(1992192K)] 4575548K->3430292K(7584768K), 0.0924671 secs] [Times: user=0.64 sys=0.00, real=0.09 secs] 
683.636: [GC (Allocation Failure) [PSYoungGen: 1587855K->442191K(1997312K)] 4659092K->3513428K(7589888K), 0.1055903 secs] [Times: user=0.88 sys=0.00, real=0.11 secs] 
695.906: [GC (Allocation Failure) [PSYoungGen: 1682767K->524303K(1765376K)] 4754004K->3595540K(7357952K), 0.1206458 secs] [Times: user=0.95 sys=0.00, real=0.12 secs] 
708.529: [GC (Allocation Failure) [PSYoungGen: 1764879K->606383K(1847808K)] 4836116K->3677620K(7440384K), 0.1396495 secs] [Times: user=1.13 sys=0.00, real=0.14 secs] 
718.969: [GC (Allocation Failure) [PSYoungGen: 1631919K->676815K(1702400K)] 4703156K->3748052K(7294976K), 0.1498232 secs] [Times: user=1.13 sys=0.00, real=0.15 secs] 
729.473: [GC (Allocation Failure) [PSYoungGen: 1702351K->620479K(1864192K)] 4773588K->3824797K(7456768K), 0.2073629 secs] [Times: user=1.55 sys=0.08, real=0.21 secs] 
739.104: [GC (Allocation Failure) [PSYoungGen: 1552831K->550255K(1864192K)] 4757149K->3896677K(7456768K), 0.1779850 secs] [Times: user=1.31 sys=0.08, real=0.18 secs] 
748.849: [GC (Allocation Failure) [PSYoungGen: 1482607K->446543K(1864192K)] 4829029K->3969002K(7456768K), 0.1879183 secs] [Times: user=1.33 sys=0.09, real=0.19 secs] 
758.497: [GC (Allocation Failure) [PSYoungGen: 1378895K->344319K(1864192K)] 4901354K->4039627K(7456768K), 0.1998240 secs] [Times: user=1.19 sys=0.19, real=0.20 secs] 
768.105: [GC (Allocation Failure) [PSYoungGen: 1276671K->406783K(1934848K)] 4971979K->4102099K(7527424K), 0.1006038 secs] [Times: user=0.88 sys=0.00, real=0.10 secs] 
778.754: [GC (Allocation Failure) [PSYoungGen: 1431807K->471295K(1886208K)] 5127123K->4166611K(7478784K), 0.1377972 secs] [Times: user=0.89 sys=0.02, real=0.14 secs] 
789.314: [GC (Allocation Failure) [PSYoungGen: 1496319K->540991K(1942528K)] 5191635K->4236307K(7535104K), 0.1281720 secs] [Times: user=0.89 sys=0.00, real=0.13 secs] 
800.587: [GC (Allocation Failure) [PSYoungGen: 1642303K->615071K(1716736K)] 5337619K->4310395K(7309312K), 0.1401786 secs] [Times: user=1.13 sys=0.00, real=0.14 secs] 
812.059: [GC (Allocation Failure) [PSYoungGen: 1716383K->688671K(1823232K)] 5411707K->4383995K(7415808K), 0.1873357 secs] [Times: user=1.45 sys=0.00, real=0.19 secs] 
822.065: [GC (Allocation Failure) [PSYoungGen: 1635359K->754879K(1701888K)] 5330683K->4450203K(7294464K), 0.1839183 secs] [Times: user=1.36 sys=0.00, real=0.18 secs] 
831.965: [GC (Allocation Failure) [PSYoungGen: 1701567K->679871K(1864192K)] 5396891K->4524197K(7456768K), 0.2255769 secs] [Times: user=1.72 sys=0.16, real=0.23 secs] 
841.825: [GC (Allocation Failure) [PSYoungGen: 1612223K->619871K(1864192K)] 5456549K->4598503K(7456768K), 0.2333224 secs] [Times: user=1.59 sys=0.09, real=0.23 secs] 
851.508: [GC (Allocation Failure) [PSYoungGen: 1552223K->562495K(1864192K)] 5530855K->4671255K(7456768K), 0.1839227 secs] [Times: user=1.45 sys=0.05, real=0.18 secs] 
861.453: [GC (Allocation Failure) [PSYoungGen: 1494847K->489055K(1864192K)] 5603607K->4740101K(7456768K), 0.1820442 secs] [Times: user=1.33 sys=0.06, real=0.18 secs] 
871.365: [GC (Allocation Failure) [PSYoungGen: 1421407K->555135K(1898496K)] 5672453K->4806181K(7491072K), 0.1692145 secs] [Times: user=1.31 sys=0.00, real=0.17 secs] 
881.732: [GC (Allocation Failure) [PSYoungGen: 1527423K->625119K(1869824K)] 5778469K->4876165K(7462400K), 0.1519160 secs] [Times: user=1.23 sys=0.00, real=0.15 secs] 
892.003: [GC (Allocation Failure) [PSYoungGen: 1597407K->694591K(1853952K)] 5848453K->4945637K(7446528K), 0.1711767 secs] [Times: user=1.17 sys=0.00, real=0.17 secs] 
901.903: [GC (Allocation Failure) [PSYoungGen: 1651519K->758719K(1715712K)] 5902565K->5009765K(7308288K), 0.1684699 secs] [Times: user=1.30 sys=0.00, real=0.17 secs] 
912.243: [GC (Allocation Failure) [PSYoungGen: 1715647K->677887K(1864192K)] 5966693K->5085957K(7456768K), 0.2078220 secs] [Times: user=1.45 sys=0.16, real=0.21 secs] 
922.081: [GC (Allocation Failure) [PSYoungGen: 1610239K->609279K(1864192K)] 6018309K->5156632K(7456768K), 0.1946502 secs] [Times: user=1.38 sys=0.11, real=0.19 secs] 
932.049: [GC (Allocation Failure) [PSYoungGen: 1541631K->676607K(1865728K)] 6088984K->5223960K(7458304K), 0.1679890 secs] [Times: user=1.25 sys=0.00, real=0.17 secs] 
942.801: [GC (Allocation Failure) [PSYoungGen: 1611007K->731135K(1665536K)] 6158360K->5278488K(7258112K), 0.2808389 secs] [Times: user=1.84 sys=0.00, real=0.28 secs] 
953.241: [GC (Allocation Failure) [PSYoungGen: 1665535K->664479K(1864192K)] 6212888K->5351517K(7456768K), 0.1906401 secs] [Times: user=1.47 sys=0.03, real=0.19 secs] 
963.102: [GC (Allocation Failure) [PSYoungGen: 1596831K->595775K(1864192K)] 6283869K->5417376K(7456768K), 0.2065126 secs] [Times: user=1.58 sys=0.05, real=0.21 secs] 
975.281: [GC (Allocation Failure) [PSYoungGen: 1528127K->656415K(1903616K)] 6349728K->5478016K(7496192K), 0.1822309 secs] [Times: user=1.39 sys=0.00, real=0.18 secs] 
987.168: [GC (Allocation Failure) [PSYoungGen: 1654815K->723839K(1890816K)] 6476416K->5545440K(7483392K), 0.2071977 secs] [Times: user=1.52 sys=0.01, real=0.21 secs] 
998.605: [GC (Allocation Failure) [PSYoungGen: 1722239K->787711K(1836544K)] 6543840K->5609312K(7429120K), 0.2101983 secs] [Times: user=1.52 sys=0.02, real=0.21 secs] 
1008.625: [GC (Allocation Failure) [PSYoungGen: 1720063K->710911K(1864192K)] 6541664K->5679196K(7456768K), 0.2243050 secs] [Times: user=1.52 sys=0.33, real=0.22 secs] 
1021.121: [GC (Allocation Failure) [PSYoungGen: 1643263K->769887K(1864192K)] 6611548K->5738172K(7456768K), 0.1904247 secs] [Times: user=1.41 sys=0.00, real=0.19 secs] 
