OpenJDK 64-Bit Server VM (25.345-b01) for windows-amd64 JRE (1.8.0_345-b01), built on Aug  3 2022 09:57:30 by "build" with MS VC++ 10.0 (VS2010)
Memory: 4k page, physical 16485540k(8697548k free), swap 28358524k(12683584k free)
CommandLine flags: -XX:ActiveProcessorCount=8 -XX:InitialHeapSize=8589934592 -XX:MaxHeapSize=8589934592 -XX:+PrintGC -XX:+PrintGCDetails -XX:+PrintGCTimeStamps -XX:+UseCompressedClassPointers -XX:+UseCompressedOops -XX:-UseLargePagesIndividualAllocation -XX:+UseParallelGC 
1.234: [GC (Metadata GC Threshold) [PSYoungGen: 398357K->17650K(2446848K)] 398357K->17730K(8039424K), 0.0118380 secs] [Times: user=0.01 sys=0.00, real=0.01 secs] 
1.246: [Full GC (Metadata GC Threshold) [PSYoungGen: 17650K->0K(2446848K)] [ParOldGen: 80K->16644K(5592576K)] 17730K->16644K(8039424K), [Metaspace: 20769K->20769K(1069056K)], 0.0388846 secs] [Times: user=0.13 sys=0.00, real=0.04 secs] 
2.027: [GC (Metadata GC Threshold) [PSYoungGen: 482656K->47302K(2446848K)] 499300K->63962K(8039424K), 0.0344972 secs] [Times: user=0.27 sys=0.02, real=0.03 secs] 
2.061: [Full GC (Metadata GC Threshold) [PSYoungGen: 47302K->0K(2446848K)] [ParOldGen: 16660K->55746K(5592576K)] 63962K->55746K(8039424K), [Metaspace: 33303K->33167K(1081344K)], 0.1133655 secs] [Times: user=0.73 sys=0.01, real=0.11 secs] 
2.871: [GC (Allocation Failure) [PSYoungGen: 2097664K->32515K(2446848K)] 2153410K->88270K(8039424K), 0.0419193 secs] [Times: user=0.33 sys=0.02, real=0.04 secs] 
3.644: [GC (Allocation Failure) [PSYoungGen: 2130179K->30458K(2446848K)] 2185934K->86221K(8039424K), 0.0148137 secs] [Times: user=0.13 sys=0.00, real=0.02 secs] 
4.105: [GC (Allocation Failure) [PSYoungGen: 2128122K->28864K(2446848K)] 2183885K->84634K(8039424K), 0.0228885 secs] [Times: user=0.16 sys=0.00, real=0.02 secs] 
4.569: [GC (Allocation Failure) [PSYoungGen: 2126528K->29536K(2754560K)] 2182298K->85314K(8347136K), 0.0187053 secs] [Times: user=0.17 sys=0.00, real=0.02 secs] 
5.192: [GC (Allocation Failure) [PSYoungGen: 2741088K->34288K(2753024K)] 2796866K->90074K(8345600K), 0.0225757 secs] [Times: user=0.27 sys=0.05, real=0.02 secs] 
8.988: [GC (Metadata GC Threshold) [PSYoungGen: 1538182K->41962K(2707968K)] 1593968K->142713K(8300544K), 0.0567725 secs] [Times: user=0.38 sys=0.03, real=0.06 secs] 
9.044: [Full GC (Metadata GC Threshold) [PSYoungGen: 41962K->0K(2707968K)] [ParOldGen: 100751K->132690K(5592576K)] 142713K->132690K(8300544K), [Metaspace: 55673K->55673K(1099776K)], 0.4192577 secs] [Times: user=2.91 sys=0.00, real=0.42 secs] 
28.053: [GC (Allocation Failure) [PSYoungGen: 2665984K->65017K(2731008K)] 2798674K->348869K(8323584K), 0.0728534 secs] [Times: user=0.55 sys=0.08, real=0.07 secs] 
47.134: [GC (Allocation Failure) [PSYoungGen: 2731001K->65017K(2490368K)] 3014853K->501749K(8082944K), 0.0724943 secs] [Times: user=0.56 sys=0.06, real=0.07 secs] 
64.167: [GC (Allocation Failure) [PSYoungGen: 2490361K->185321K(2610688K)] 2927093K->630662K(8203264K), 0.0652709 secs] [Times: user=0.48 sys=0.01, real=0.07 secs] 
80.437: [GC (Allocation Failure) [PSYoungGen: 2610665K->185336K(2408960K)] 3056006K->748962K(8001536K), 0.0921625 secs] [Times: user=0.67 sys=0.08, real=0.09 secs] 
96.613: [GC (Allocation Failure) [PSYoungGen: 2408952K->286184K(2509824K)] 2972578K->866645K(8102400K), 0.0965745 secs] [Times: user=0.75 sys=0.00, real=0.10 secs] 
111.974: [GC (Allocation Failure) [PSYoungGen: 2509800K->286199K(2252800K)] 3090261K->965368K(7845376K), 0.1112832 secs] [Times: user=0.80 sys=0.06, real=0.11 secs] 
125.901: [GC (Allocation Failure) [PSYoungGen: 2252791K->279616K(2246656K)] 2931960K->1055694K(7839232K), 0.1005643 secs] [Times: user=0.73 sys=0.02, real=0.10 secs] 
139.264: [GC (Allocation Failure) [PSYoungGen: 2246208K->373952K(2260480K)] 3022286K->1150038K(7853056K), 0.1079181 secs] [Times: user=0.88 sys=0.00, real=0.11 secs] 
152.047: [GC (GCLocker Initiated GC) [PSYoungGen: 2199232K->440247K(2265600K)] 2975387K->1216402K(7858176K), 0.1208576 secs] [Times: user=0.89 sys=0.00, real=0.12 secs] 
165.336: [GC (Allocation Failure) [PSYoungGen: 2265527K->484688K(2092544K)] 3041684K->1260852K(7685120K), 0.1506766 secs] [Times: user=1.25 sys=0.00, real=0.15 secs] 
178.105: [GC (Allocation Failure) [PSYoungGen: 2046800K->520241K(2082816K)] 2822964K->1296405K(7675392K), 0.1322654 secs] [Times: user=1.00 sys=0.00, real=0.13 secs] 
193.892: [GC (Allocation Failure) [PSYoungGen: 2082353K->554881K(1982976K)] 2858517K->1331045K(7575552K), 0.1487422 secs] [Times: user=1.14 sys=0.00, real=0.15 secs] 
207.261: [GC (Allocation Failure) [PSYoungGen: 1854849K->568385K(1868800K)] 2631013K->1344557K(7461376K), 0.1410457 secs] [Times: user=1.13 sys=0.00, real=0.14 secs] 
220.610: [GC (Allocation Failure) [PSYoungGen: 1868353K->579504K(1898496K)] 2644525K->1355677K(7491072K), 0.1543635 secs] [Times: user=1.25 sys=0.00, real=0.15 secs] 
231.199: [GC (GCLocker Initiated GC) [PSYoungGen: 1674672K->589500K(1684992K)] 2450845K->1365681K(7277568K), 0.1483135 secs] [Times: user=1.13 sys=0.00, real=0.15 secs] 
241.173: [GC (GCLocker Initiated GC) [PSYoungGen: 1684668K->612136K(1832960K)] 2460863K->1388332K(7425536K), 0.1673138 secs] [Times: user=1.53 sys=0.00, real=0.17 secs] 
251.185: [GC (Allocation Failure) [PSYoungGen: 1555752K->623868K(1567744K)] 2331949K->1400072K(7160320K), 0.1561647 secs] [Times: user=1.25 sys=0.00, real=0.16 secs] 
260.510: [GC (Allocation Failure) [PSYoungGen: 1567484K->514267K(1864192K)] 2343688K->1417770K(7456768K), 0.1733972 secs] [Times: user=1.26 sys=0.11, real=0.17 secs] 
270.124: [GC (Allocation Failure) [PSYoungGen: 1446619K->460026K(1864192K)] 2350122K->1428774K(7456768K), 0.1346211 secs] [Times: user=1.00 sys=0.00, real=0.13 secs] 
279.723: [GC (Allocation Failure) [PSYoungGen: 1392378K->468651K(1930240K)] 2361126K->1437400K(7522816K), 0.1240361 secs] [Times: user=1.00 sys=0.00, real=0.12 secs] 
290.496: [GC (GCLocker Initiated GC) [PSYoungGen: 1499819K->477935K(1896960K)] 2468568K->1446684K(7489536K), 0.1325392 secs] [Times: user=1.00 sys=0.00, real=0.13 secs] 
301.356: [GC (Allocation Failure) [PSYoungGen: 1509103K->486811K(1979904K)] 2477854K->1455562K(7572480K), 0.1403114 secs] [Times: user=1.13 sys=0.00, real=0.14 secs] 
312.365: [GC (Allocation Failure) [PSYoungGen: 1628059K->494874K(1957376K)] 2596810K->1463624K(7549952K), 0.1397430 secs] [Times: user=1.13 sys=0.00, real=0.14 secs] 
323.331: [GC (Allocation Failure) [PSYoungGen: 1636122K->504586K(2012672K)] 2604872K->1479494K(7605248K), 0.1334934 secs] [Times: user=1.13 sys=0.00, real=0.13 secs] 
336.159: [GC (Allocation Failure) [PSYoungGen: 1719562K->507722K(1998336K)] 2694470K->1487995K(7590912K), 0.1352585 secs] [Times: user=1.13 sys=0.00, real=0.13 secs] 
349.100: [GC (Allocation Failure) [PSYoungGen: 1722698K->558284K(2015232K)] 2702971K->1540895K(7607808K), 0.1425374 secs] [Times: user=1.13 sys=0.00, real=0.14 secs] 
362.514: [GC (Allocation Failure) [PSYoungGen: 1803980K->643084K(1889280K)] 2786591K->1628654K(7481856K), 0.1725171 secs] [Times: user=1.38 sys=0.00, real=0.17 secs] 
375.800: [GC (Allocation Failure) [PSYoungGen: 1888780K->727260K(1873920K)] 2874350K->1713390K(7466496K), 0.1843751 secs] [Times: user=1.50 sys=0.00, real=0.18 secs] 
386.996: [GC (Allocation Failure) [PSYoungGen: 1792732K->799948K(1865728K)] 2778862K->1786358K(7458304K), 0.2121347 secs] [Times: user=1.63 sys=0.00, real=0.21 secs] 
398.236: [GC (Allocation Failure) [PSYoungGen: 1865420K->850368K(1862656K)] 2851830K->1859047K(7455232K), 0.2187625 secs] [Times: user=1.75 sys=0.00, real=0.22 secs] 
407.823: [GC (Allocation Failure) [PSYoungGen: 1782720K->907136K(1864192K)] 2791399K->1921647K(7456768K), 0.2381040 secs] [Times: user=1.88 sys=0.00, real=0.24 secs] 
417.531: [GC (Allocation Failure) [PSYoungGen: 1839488K->916880K(1864192K)] 2853999K->1988729K(7456768K), 0.2408701 secs] [Times: user=1.84 sys=0.03, real=0.24 secs] 
427.391: [GC (Allocation Failure) [PSYoungGen: 1849232K->842463K(1864192K)] 2921081K->2061531K(7456768K), 0.2560138 secs] [Times: user=1.92 sys=0.08, real=0.26 secs] 
436.954: [GC (Allocation Failure) [PSYoungGen: 1774815K->754639K(1864192K)] 2993883K->2132587K(7456768K), 0.2392782 secs] [Times: user=1.73 sys=0.13, real=0.24 secs] 
446.556: [GC (Allocation Failure) [PSYoungGen: 1686991K->649183K(1864192K)] 3064939K->2207656K(7456768K), 0.2017119 secs] [Times: user=1.42 sys=0.13, real=0.20 secs] 
455.975: [GC (Allocation Failure) [PSYoungGen: 1581535K->540575K(1864192K)] 3140008K->2283031K(7456768K), 0.2049398 secs] [Times: user=1.50 sys=0.13, real=0.20 secs] 
465.496: [GC (Allocation Failure) [PSYoungGen: 1472927K->455871K(1864192K)] 3215383K->2352389K(7456768K), 0.1677712 secs] [Times: user=1.17 sys=0.08, real=0.17 secs] 
475.008: [GC (Allocation Failure) [PSYoungGen: 1388223K->391424K(1864192K)] 3284741K->2421059K(7456768K), 0.1427889 secs] [Times: user=1.02 sys=0.13, real=0.14 secs] 
484.412: [GC (Allocation Failure) [PSYoungGen: 1323776K->325407K(1864192K)] 3353411K->2488748K(7456768K), 0.1258099 secs] [Times: user=0.95 sys=0.05, real=0.13 secs] 
493.705: [GC (Allocation Failure) [PSYoungGen: 1257759K->258815K(1864192K)] 3421100K->2555775K(7456768K), 0.1150621 secs] [Times: user=0.84 sys=0.03, real=0.12 secs] 
502.948: [GC (Allocation Failure) [PSYoungGen: 1191167K->197663K(1864192K)] 3488127K->2625175K(7456768K), 0.0901462 secs] [Times: user=0.55 sys=0.06, real=0.09 secs] 
511.930: [GC (Allocation Failure) [PSYoungGen: 1130015K->134815K(1864192K)] 3557527K->2691553K(7456768K), 0.0762141 secs] [Times: user=0.48 sys=0.14, real=0.08 secs] 
520.765: [GC (Allocation Failure) [PSYoungGen: 1067167K->68863K(1864192K)] 3623905K->2756339K(7456768K), 0.0709470 secs] [Times: user=0.39 sys=0.11, real=0.07 secs] 
529.463: [GC (GCLocker Initiated GC) [PSYoungGen: 1001215K->67533K(1864192K)] 3688691K->2818746K(7456768K), 0.0490005 secs] [Times: user=0.31 sys=0.06, real=0.05 secs] 
538.023: [GC (Allocation Failure) [PSYoungGen: 999885K->66079K(1864192K)] 3751100K->2880259K(7456768K), 0.0501131 secs] [Times: user=0.48 sys=0.02, real=0.05 secs] 
546.532: [GC (Allocation Failure) [PSYoungGen: 998431K->64287K(1864192K)] 3812611K->2940100K(7456768K), 0.0422683 secs] [Times: user=0.36 sys=0.02, real=0.04 secs] 
555.035: [GC (Allocation Failure) [PSYoungGen: 996639K->64063K(1864192K)] 3872452K->3000206K(7456768K), 0.0426272 secs] [Times: user=0.30 sys=0.08, real=0.04 secs] 
563.394: [GC (Allocation Failure) [PSYoungGen: 996415K->62943K(1864192K)] 3932558K->3059504K(7456768K), 0.0428240 secs] [Times: user=0.34 sys=0.03, real=0.04 secs] 
571.583: [GC (Allocation Failure) [PSYoungGen: 995295K->60063K(1864192K)] 3991856K->3115402K(7456768K), 0.0412350 secs] [Times: user=0.28 sys=0.09, real=0.04 secs] 
579.808: [GC (Allocation Failure) [PSYoungGen: 992415K->61583K(1864192K)] 4047754K->3173493K(7456768K), 0.0444425 secs] [Times: user=0.24 sys=0.02, real=0.04 secs] 
589.004: [GC (Allocation Failure) [PSYoungGen: 993935K->70975K(1864192K)] 4105845K->3240128K(7456768K), 0.0440402 secs] [Times: user=0.36 sys=0.02, real=0.04 secs] 
597.632: [GC (Allocation Failure) [PSYoungGen: 1003327K->126655K(1951744K)] 4172480K->3295809K(7544320K), 0.0455649 secs] [Times: user=0.38 sys=0.00, real=0.04 secs] 
607.065: [GC (Allocation Failure) [PSYoungGen: 1183423K->185310K(1901056K)] 4352577K->3354463K(7493632K), 0.0479620 secs] [Times: user=0.38 sys=0.00, real=0.05 secs] 
616.025: [GC (Allocation Failure) [PSYoungGen: 1242078K->242367K(2055680K)] 4411231K->3411520K(7648256K), 0.0675268 secs] [Times: user=0.50 sys=0.00, real=0.07 secs] 
627.499: [GC (Allocation Failure) [PSYoungGen: 1512127K->313727K(2010112K)] 4681280K->3482889K(7602688K), 0.0752080 secs] [Times: user=0.63 sys=0.00, real=0.08 secs] 
638.756: [GC (Allocation Failure) [PSYoungGen: 1583487K->383806K(2054144K)] 4752649K->3552968K(7646720K), 0.0953396 secs] [Times: user=0.75 sys=0.00, real=0.10 secs] 
649.904: [GC (Allocation Failure) [PSYoungGen: 1713470K->453055K(1782784K)] 4882632K->3622216K(7375360K), 0.1048625 secs] [Times: user=0.75 sys=0.00, real=0.10 secs] 
660.968: [GC (Allocation Failure) [PSYoungGen: 1782719K->518719K(1943040K)] 4951880K->3687880K(7535616K), 0.1178005 secs] [Times: user=0.88 sys=0.00, real=0.12 secs] 
671.366: [GC (Allocation Failure) [PSYoungGen: 1698879K->583999K(1764352K)] 4868040K->3753160K(7356928K), 0.1484317 secs] [Times: user=1.23 sys=0.00, real=0.15 secs] 
681.888: [GC (Allocation Failure) [PSYoungGen: 1764159K->649887K(1798144K)] 4933320K->3819048K(7390720K), 0.1468899 secs] [Times: user=1.11 sys=0.00, real=0.15 secs] 
690.145: [GC (Allocation Failure) [PSYoungGen: 1582239K->585535K(1864192K)] 4751400K->3874510K(7456768K), 0.1677085 secs] [Times: user=1.33 sys=0.05, real=0.17 secs] 
697.735: [GC (Allocation Failure) [PSYoungGen: 1517887K->517375K(1864192K)] 4806862K->3928049K(7456768K), 0.1453097 secs] [Times: user=1.00 sys=0.13, real=0.14 secs] 
705.449: [GC (Allocation Failure) [PSYoungGen: 1449727K->421023K(1864192K)] 4860401K->3982081K(7456768K), 0.1429233 secs] [Times: user=1.06 sys=0.06, real=0.14 secs] 
714.627: [GC (Allocation Failure) [PSYoungGen: 1353375K->479935K(1903104K)] 4914433K->4040993K(7495680K), 0.1120014 secs] [Times: user=0.88 sys=0.00, real=0.11 secs] 
723.302: [GC (Allocation Failure) [PSYoungGen: 1470655K->531807K(1883648K)] 5031713K->4092865K(7476224K), 0.1205408 secs] [Times: user=1.00 sys=0.00, real=0.12 secs] 
731.398: [GC (Allocation Failure) [PSYoungGen: 1522527K->580703K(1875968K)] 5083585K->4141761K(7468544K), 0.1450235 secs] [Times: user=1.25 sys=0.00, real=0.15 secs] 
739.539: [GC (Allocation Failure) [PSYoungGen: 1564255K->628895K(1612800K)] 5125313K->4189953K(7205376K), 0.1411526 secs] [Times: user=1.13 sys=0.00, real=0.14 secs] 
748.004: [GC (GCLocker Initiated GC) [PSYoungGen: 1612447K->547998K(1875456K)] 5173505K->4251764K(7468032K), 0.1791987 secs] [Times: user=1.33 sys=0.16, real=0.18 secs] 
756.905: [GC (Allocation Failure) [PSYoungGen: 1491614K->603999K(1864192K)] 5195440K->4307824K(7456768K), 0.1387764 secs] [Times: user=1.13 sys=0.00, real=0.14 secs] 
764.372: [GC (Allocation Failure) [PSYoungGen: 1547615K->648415K(1860096K)] 5251440K->4352240K(7452672K), 0.1609513 secs] [Times: user=1.25 sys=0.00, real=0.16 secs] 
771.604: [GC (Allocation Failure) [PSYoungGen: 1580767K->562047K(1864192K)] 5284592K->4403085K(7456768K), 0.1674220 secs] [Times: user=1.06 sys=0.20, real=0.17 secs] 
780.518: [GC (Allocation Failure) [PSYoungGen: 1494399K->620415K(1863680K)] 5335437K->4461453K(7456256K), 0.1402920 secs] [Times: user=1.13 sys=0.00, real=0.14 secs] 
788.589: [GC (Allocation Failure) [PSYoungGen: 1556863K->670047K(1606656K)] 5397901K->4511085K(7199232K), 0.1543179 secs] [Times: user=1.13 sys=0.00, real=0.15 secs] 
795.957: [GC (Allocation Failure) [PSYoungGen: 1606495K->616831K(1864192K)] 5447533K->4559801K(7456768K), 0.1732691 secs] [Times: user=1.16 sys=0.22, real=0.17 secs] 
803.996: [GC (Allocation Failure) [PSYoungGen: 1549183K->562751K(1864192K)] 5492153K->4615461K(7456768K), 0.1658300 secs] [Times: user=1.17 sys=0.06, real=0.17 secs] 
813.448: [GC (Allocation Failure) [PSYoungGen: 1495103K->625983K(1892864K)] 5547813K->4678693K(7485440K), 0.1529297 secs] [Times: user=1.13 sys=0.00, real=0.15 secs] 
822.219: [GC (Allocation Failure) [PSYoungGen: 1611071K->678975K(1664512K)] 5663781K->4731685K(7257088K), 0.1550031 secs] [Times: user=1.25 sys=0.00, real=0.15 secs] 
831.007: [GC (Allocation Failure) [PSYoungGen: 1664063K->733247K(1848832K)] 5716773K->4785957K(7441408K), 0.1732986 secs] [Times: user=1.38 sys=0.00, real=0.17 secs] 
839.264: [GC (Allocation Failure) [PSYoungGen: 1665599K->682879K(1864192K)] 5718309K->4842555K(7456768K), 0.1896248 secs] [Times: user=1.44 sys=0.06, real=0.19 secs] 
848.096: [GC (Allocation Failure) [PSYoungGen: 1615231K->639775K(1865728K)] 5774907K->4906946K(7458304K), 0.1815706 secs] [Times: user=1.42 sys=0.08, real=0.18 secs] 
857.396: [GC (Allocation Failure) [PSYoungGen: 1573663K->699471K(1864192K)] 5840834K->4966650K(7456768K), 0.1668186 secs] [Times: user=1.36 sys=0.00, real=0.17 secs] 
865.656: [GC (Allocation Failure) [PSYoungGen: 1633359K->650399K(1875968K)] 5900538K->5023080K(7468544K), 0.1797862 secs] [Times: user=1.33 sys=0.03, real=0.18 secs] 
874.324: [GC (Allocation Failure) [PSYoungGen: 1594527K->704031K(1864192K)] 5967208K->5076712K(7456768K), 0.1718229 secs] [Times: user=1.38 sys=0.00, real=0.17 secs] 
883.164: [GC (Allocation Failure) [PSYoungGen: 1648159K->762207K(1856512K)] 6020840K->5134888K(7449088K), 0.1814569 secs] [Times: user=1.47 sys=0.00, real=0.18 secs] 
892.955: [GC (Allocation Failure) [PSYoungGen: 1694559K->717663K(1864192K)] 6067240K->5197897K(7456768K), 0.2021696 secs] [Times: user=1.55 sys=0.08, real=0.20 secs] 
902.276: [GC (Allocation Failure) [PSYoungGen: 1650015K->678719K(1865728K)] 6130249K->5257322K(7458304K), 0.1932307 secs] [Times: user=1.42 sys=0.08, real=0.19 secs] 
911.814: [GC (Allocation Failure) [PSYoungGen: 1612607K->735071K(1864192K)] 6191210K->5313674K(7456768K), 0.1687210 secs] [Times: user=1.36 sys=0.00, real=0.17 secs] 
921.268: [GC (Allocation Failure) [PSYoungGen: 1668959K->678111K(1880064K)] 6247562K->5375004K(7472640K), 0.2076038 secs] [Times: user=1.53 sys=0.09, real=0.21 secs] 
931.696: [GC (Allocation Failure) [PSYoungGen: 1626335K->742527K(1864192K)] 6323228K->5439421K(7456768K), 0.1717628 secs] [Times: user=1.38 sys=0.00, real=0.17 secs] 
941.372: [GC (Allocation Failure) [PSYoungGen: 1690751K->798239K(1854464K)] 6387645K->5495132K(7447040K), 0.1902126 secs] [Times: user=1.50 sys=0.00, real=0.19 secs] 
950.752: [GC (Allocation Failure) [PSYoungGen: 1730591K->743327K(1864192K)] 6427484K->5554628K(7456768K), 0.2069952 secs] [Times: user=1.53 sys=0.09, real=0.21 secs] 
960.480: [GC (Allocation Failure) [PSYoungGen: 1675679K->692255K(1875968K)] 6486980K->5618646K(7468544K), 0.1960104 secs] [Times: user=1.45 sys=0.05, real=0.20 secs] 
971.011: [GC (Allocation Failure) [PSYoungGen: 1636383K->756527K(1864192K)] 6562774K->5682918K(7456768K), 0.1833700 secs] [Times: user=1.38 sys=0.00, real=0.18 secs] 
981.118: [GC (Allocation Failure) [PSYoungGen: 1700655K->815135K(1854976K)] 6627046K->5741526K(7447552K), 0.1909256 secs] [Times: user=1.61 sys=0.00, real=0.19 secs] 
991.430: [GC (Allocation Failure) [PSYoungGen: 1747487K->765183K(1864192K)] 6673878K->5808805K(7456768K), 0.2171124 secs] [Times: user=1.56 sys=0.19, real=0.22 secs] 
1001.385: [GC (GCLocker Initiated GC) [PSYoungGen: 1697535K->715114K(1874432K)] 6741157K->5875831K(7467008K), 0.2088377 secs] [Times: user=1.56 sys=0.06, real=0.21 secs] 
